ImagesResponse(created=1780384882, background='opaque', data=[Image(b64_json='iVBORw0KGgoAAAANSUhEUgAABAAAAAQACAIAAADwf7zUAABxYmNhQlgAAHFianVtYgAAAB5qdW1kYzJwYQARABCAAACqADibcQNjMnBhAAAAcTxqdW1iAAAAR2p1bWRjMm1hABEAEIAAAKoAOJtxA3VybjpjMnBhOmM0ZjE0N2Q2LWMyY2YtNGZkYy04MmVjLWEwYzA3YTM4ODc4MQAAACEYanVtYgAAAClqdW1kYzJhcwARABCAAACqADibcQNjMnBhLmFzc2VydGlvbnMAAAAJ0Wp1bWIAAAA7anVtZEDLDDK7ikidpwsq1vR/Q2kTYzJwYS5pY29uAAAAABhjMnNodpg+p0AwrJCcyi4pBPJM6gAAABdiZmRiAGltYWdlL3N2Zyt4bWwAAAAJd2JpZGI8c3ZnIHdpZHRoPSI3MTYiIGhlaWdodD0iNzE2IiB2aWV3Qm94PSIwIDAgNzE2IDcxNiIgZmlsbD0ibm9uZSIgeG1sbnM9Imh0dHA6Ly93d3cudzMub3JnLzIwMDAvc3ZnIj4KPHBhdGggZD0iTTUwOC43NDkgMzE3LjM5OUM1MTYuNzc3IDI4Ny4zMTQgNTA4Ljk5MSAyNTMuODg0IDQ4NS4zODkgMjMwLjI4MkM0NjEuNzg4IDIwNi42ODEgNDI4LjM2IDE5OC44OTUgMzk4LjI3MyAyMDYuOTIzQzM3Ni4yMzEgMTg0LjkyOCAzNDMuMzkgMTc0Ljk1NiAzMTEuMTQ4IDE4My41OTZDMjc4LjkwNiAxOTIuMjM0IDI1NS40NSAyMTcuMjkyIDI0Ny4zNiAyNDcuMzYxQzIxNy4yOTEgMjU1LjQ1MSAxOTIuMjMzIDI3OC45MSAxODMuNTk1IDMxMS4xNDlDMTc0Ljk1NyAzNDMuMzkxIDE4NC45MjcgMzc2LjIzMiAyMDYuOTI0IDM5OC4yNzRDMTk4Ljg5NiA0MjguMzU5IDIwNi42ODMgNDYxLjc4OSAyMzAuMjg0IDQ4NS4zOTFDMjUzLjg4NSA1MDguOTkyIDI4Ny4zMTMgNTE2Ljc3OSAzMTcuNDAxIDUwOC43NUMzMzkuNDQyIDUzMC43NDUgMzcyLjI4NiA1NDAuNzE3IDQwNC41MjUgNTMyLjA3OUM0MzYuNzY3IDUyMy40NDEgNDYwLjIyMyA0OTguMzg0IDQ2OC4zMTMgNDY4LjMxNUM0OTguMzgzIDQ2MC4yMjQgNTIzLjQ0IDQzNi43NjYgNTMyLjA3OCA0MDQuNTI2QzU0MC43MTYgMzcyLjI4NSA1MzAuNzQ3IDMzOS40NDMgNTA4Ljc0OSAzMTcuNDAyVjMxNy4zOTlaTTQ3MC44OTkgMjQ0Ljc3NkM0ODYuODkyIDI2MC43NyA0OTMuNDg4IDI4Mi42MDEgNDkwLjY4NyAzMDMuNDEyTDQxNS41NzcgMjYwLjA0NkM0MTIuNDExIDI1OC4yMTggNDA4LjUwOSAyNTguMjE4IDQwNS4zNDUgMjYwLjA0NkwzMTcuNDAxIDMxMC44MlYyNzcuNTI2QzMxNy40MDEgMjc1LjE5MSAzMTguNjUyIDI3My4wMDUgMzIwLjY3NiAyNzEuODM3TDM4Ny42NDQgMjMzLjE3NEM0MTQuMTc4IDIxOC4zNTMgNDQ4LjM0NiAyMjIuMjIzIDQ3MC45MDEgMjQ0Ljc3Nkg0NzAuODk5Wk0zNTcuODM3IDMxMS4xNDRMMzk4LjI3NSAzMzQuNDkxVjM4MS4xODVMMzU3LjgzNyA0MDQuNTMyTDMxNy4zOTggMzgxLjE4NVYzMzQuNDkxTDM1Ny44MzcgMzExLjE0NFpNMjY0Ljc3NiAyNjkuNjkzQzI2NS4yMDcgMjM5LjMwNSAyODUuNjQ0IDIxMS42NDkgMzE2LjQ1MyAyMDMuMzkzQzMzOC4zIDE5Ny41NCAzNjAuNTA1IDIwMi43NDQgMzc3LjEyNyAyMTUuNTczTDMwMi4wMTQgMjU4LjkzN0MyOTguODQ4IDI2MC43NjQgMjk2Ljg5OCAyNjQuMTQ0IDI5Ni44OTggMjY3Ljc5OFYzNjkuMzQ2TDI2OC4wNjUgMzUyLjY5OUMyNjYuMDQzIDM1MS41MzEgMjY0Ljc3NiAzNDkuMzUzIDI2NC43NzYgMzQ3LjAxN1YyNjkuNjkxVjI2OS42OTNaTTIwMy4zOTEgMzE2LjQ1NEMyMDkuMjQ0IDI5NC42MDggMjI0Ljg1NCAyNzcuOTc4IDI0NC4yNzYgMjY5Ljk5OVYzNTYuNzNDMjQ0LjI3NiAzNjAuMzg0IDI0Ni4yMjYgMzYzLjc2MyAyNDkuMzkyIDM2NS41OTFMMzM3LjMzNyA0MTYuMzY1TDMwOC41MDMgNDMzLjAxM0MzMDYuNDgxIDQzNC4xODEgMzAzLjk2MSA0MzQuMTg4IDMwMS45MzkgNDMzLjAyTDIzNC45NzEgMzk0LjM1N0MyMDguODY4IDM3OC43ODkgMTk1LjEzOCAzNDcuMjYxIDIwMy4zOTEgMzE2LjQ1NFpNMjQ0Ljc3NSA0NzAuOUMyMjguNzgxIDQ1NC45MDYgMjIyLjE4NiA0MzMuMDc1IDIyNC45ODYgNDEyLjI2NEwzMDAuMDk2IDQ1NS42M0MzMDMuMjYzIDQ1Ny40NTcgMzA3LjE2NCA0NTcuNDU3IDMxMC4zMjggNDU1LjYzTDM5OC4yNzMgNDA0Ljg1NlY0MzguMTQ5QzM5OC4yNzMgNDQwLjQ4NSAzOTcuMDIyIDQ0Mi42NzEgMzk0Ljk5NyA0NDMuODM5TDMyOC4wMjkgNDgyLjUwMkMzMDEuNDk1IDQ5Ny4zMjIgMjY3LjMyNyA0OTMuNDUyIDI0NC43NzIgNDcwLjlIMjQ0Ljc3NVpNNDUwLjg5NyA0NDUuOTgyQzQ1MC40NjYgNDc2LjM3MSA0MzAuMDI5IDUwNC4wMjcgMzk5LjIyIDUxMi4yODNDMzc3LjM3MyA1MTguMTM2IDM1NS4xNjggNTEyLjkzMiAzMzguNTQ3IDUwMC4xMDJMNDEzLjY1OSA0NTYuNzM4QzQxNi44MjYgNDU0LjkxMSA0MTguNzc1IDQ1MS41MzIgNDE4Ljc3NSA0NDcuODc3VjM0Ni4zMjlMNDQ3LjYwOSAzNjIuOTc3QzQ0OS42MzEgMzY0LjE0NSA0NTAuODk3IDM2Ni4zMjMgNDUwLjg5NyAzNjguNjU5VjQ0NS45ODVWNDQ1Ljk4MlpNNTEyLjI4MiAzOTkuMjIxQzUwNi40MjkgNDIxLjA2OCA0OTAuODE5IDQzNy42OTcgNDcxLjM5NyA0NDUuNjc2VjM1OC45NDZDNDcxLjM5NyAzNTUuMjkyIDQ2OS40NDggMzUxLjkxMiA0NjYuMjgxIDM1MC4wODVMMzc4LjMzNiAyOTkuMzExTDQwNy4xNyAyODIuNjYzQzQwOS4xOTIgMjgxLjQ5NSA0MTEuNzEyIDI4MS40ODcgNDEzLjczNCAyODIuNjU1TDQ4MC43MDIgMzIxLjMxOEM1MDYuODA1IDMzNi44ODcgNTIwLjUzNiAzNjguNDE1IDUxMi4yODIgMzk5LjIyMVoiIGZpbGw9ImJsYWNrIi8+Cjwvc3ZnPgoAAAFFanVtYgAAAEFqdW1kY2JvcgARABCAAACqADibcRNjMnBhLmFjdGlvbnMudjIAAAAAGGMyc2i9adw7luKGtyt5wVerNsqOAAAA/GNib3KhZ2FjdGlvbnOCpGZhY3Rpb25sYzJwYS5jcmVhdGVkZHdoZW7AdDIwMjYtMDYtMDJUMDA6MDA6MDBabXNvZnR3YXJlQWdlbnSiZG5hbWVpZ3B0LWltYWdlZ3ZlcnNpb25ncHJlLTIuMHFkaWdpdGFsU291cmNlVHlwZXhGaHR0cDovL2N2LmlwdGMub3JnL25ld3Njb2Rlcy9kaWdpdGFsc291cmNldHlwZS90cmFpbmVkQWxnb3JpdGhtaWNNZWRpYaJmYWN0aW9ubmMycGEuY29udmVydGVkZHdoZW7AdDIwMjYtMDYtMDJUMDA6MDA6MDBaAAAVDmp1bWIAAABJanVtZGNib3IAEQAQgAAAqgA4m3ETYzJwYS5jZXJ0aWZpY2F0ZS1zdGF0dXMAAAAAGGMyc2jn5qU7r75zjS8mljCcrtiwAAAUvWNib3KhaG9jc3BWYWxzgnkKdE1JSUgwd29CQUtDQ0I4d3dnZ2ZJQmdrckJnRUZCUWN3QVFFRWdnZTVNSUlIdFRDQjZhSVdCQlE5cXFwNGp2cjJUUHBlYXRGQVRRN2xWUElmcmhnUE1qQXlOakEyTURFeU1qQXlNVEphTUlHWU1JR1ZNRWt3Q1FZRkt3NERBaG9GQUFRVTM0STNVMTVUMkRPeDRBUTlKRFh4ZGViaENoa0VGRGs5RUVmY2w0K3ZpSHROY3hnZHplWHVwS1VxQWhBTHBmenBEbkNNOGdXQU1lNUVIR1J6Z0FBWUR6SXdNall3TmpBeE1qSXdNakV5V3FBUkdBOHlNREkyTURZd09ESXlNREl4TVZxaElqQWdNQjRHQ1NzR0FRVUZCekFCQmdRUkdBOHlNREUyTURZd016SXlNREl4TWxxaEl6QWhNQjhHQ1NzR0FRVUZCekFCQWdRU0JCQ1JSL2lydHVINEpCeCtLR0s4TWNMNU1BMEdDU3FHU0liM0RRRUJDd1VBQTRJQmdRQjZPaXY5VWJ3dkJBV3dobVcwbU51VGZPenM5UzhRU1RFd2lmU0F6RW1iM3djbklONFg4bUErdkVYNElRKzAzaGtUVjNJVDY4QzBMdnluYUx4eGJyT3hhZGtjS2lGLzcrL2xEaHRpR2pwTy8vTUl3UVR0K0M2MVpwUlkwV1RLK0RyeW1yTkdCRXdJTGR6bGpUOXE1OU9TK3BETi8rR0k4K0lDSnVtbUNVcFB1Y1JGeVYrZVFLM2VJYmNKcmgxNjFyYktueTM1aE5LS3plQm5haFhXWGlnVmFNaEZqTlEwZU9Od0Rua1FOZ0lCam9TMG92TzR5ZnZwaDlyS3hENHg4TzRQVVMvZnFTZksvVmRnRXE3SlJCWTJlRmtJWnpCSUsxZE5mTU1RMXVaQkpFZHBzM0ZBQnlub3k5UEZpRlZQeDd2QityQUx3RWRyRm5LNmVpdXRlOHpYNHpQUkRUM3Q4MlVTVmNSakVBOW1JVUxJaUJWSTZNTHRJcVBKUTlnaGRFOVVQaDNEWWNwdjhKNWd1eU5YeWVEN3JXWkE2Rm9LSjFVaVhhb0tsWnlSall0WTExSEdadHZDMkt6ZGI5d3RlckdPYjdKbVY5NjQ5WlJWM2VTZ01CVjFSdXNmTExqTnVoL3lkTy9TUDV1U3E2blBsaDZ0UXBicWhLYlV5TlhLUWR1Z2dnVXhNSUlGTFRDQ0JTa3dnZ01Sb0FNQ0FRSUNFRnBLc2ovUUtNYitTN00vYmozako3b3dEUVlKS29aSWh2Y05BUUVMQlFBd1NqRWhNQjhHQTFVRUF3d1lVMU5NTG1OdmJTQkRNbEJCSUVsRFFTQlNNU0F5TURJMU1SZ3dGZ1lEVlFRS0RBOVRVMHdnUTI5eWNHOXlZWFJwYjI0eEN6QUpCZ05WQkFZVEFsVlRNQjRYRFRJMk1ERXdNakl3TVRReE5Wb1hEVEkzTURFd01qSXdNVFF4TkZvd1RURUxNQWtHQTFVRUJoTUNWVk14RVRBUEJnTlZCQW9NQ0ZOVFRDQkRiM0p3TVNzd0tRWURWUVFERENKVFUwd3VZMjl0SUVNeVVFRWdTVU5CSUZJeElFOURVMUFnVW1WemNHOXVaR1Z5TUlJQm9qQU5CZ2txaGtpRzl3MEJBUUVGQUFPQ0FZOEFNSUlCaWdLQ0FZRUFvbENUUWVaS1M5NExtNmFWZENaWVBPeFMvTHVVSFRMTkZNUEdVTi9Rdlp6R2JuQ0xJNWZYak83TUNIeFc3bWUrK1pyQWtyRHJ1cVV6LzIxcEZKQ0RMd2lJTFJYdHNFdGRIeXlidWJobEZ5Umo3aE93SkdDTkN1Z0YrSGtmeHROaE5WdU1CSmRZbjdPTVhOamt4cWJRUS9DenA5TlUyV3lJOXhpbnVNVFlidjB4S040T0NTNlFKL1Z6MlhlbTFWQ2FJTm04eXpMRlJybjhvbFVGVGU2Z202eG9hc0ViUHpncWVnYlkwMTI2dExNZTY1MVZLZTdzMGpjVW42N0ZOcW1jc0xmZVJDcUw2RkNuRVNBSWdBdDVleVhQMlRueW5rV2JkN29IZUFtZ3BrNTdRSTR4L2VvaWFJY1ZnTVNDSWVSUFd2SVI4NGdQcEV1SktuNU1KQUVtcWFDYUJNbWRmQVh1YTJLRklqSUI3dGJjSzlMZjFrWTBkcUNDS0hpT3ZpcmREaFRrMW1vcWQ5dDBlalVucG9jV0Y4RzRIdkE2VTRHcW10WXJrNi9qSDV1M1pkSW1NRXFsSEE2K3l2R0xmMW8wQWFhaDBnRUloWEk0V0RuRTdENHlIUitFM3pjVWVkWXcwemNiZU9ib3paTHBiaXNOYnV3dzZ6STRMcWs4MGkzbEFnTUJBQUdqZ1ljd2dZUXdEQVlEVlIwVEFRSC9CQUl3QURBZkJnTlZIU01FR0RBV2dCUTVQUkJIM0plUHI0aDdUWE1ZSGMzbDdxU2xLakFQQmdrckJnRUZCUWN3QVFVRUFnVUFNQk1HQTFVZEpRUU1NQW9HQ0NzR0FRVUZCd01KTUIwR0ExVWREZ1FXQkJROXFxcDRqdnIyVFBwZWF0RkFUUTdsVlBJZnJqQU9CZ05WSFE4QkFmOEVCQU1DQjRBd0RRWUpLb1pJaHZjTkFRRUxCUUFEZ2dJQkFMdHpwbFdFbzJoUTZ4RHhvR3pYeVNtRW5UNm9MKzBLdXc2ZzY2dkx3UjY0QVlZRnR6QWxTRzN6RGVHOW9VMG8waXRsWUVUY3RvMnJWVC9YM1lVZS92Q1hXeVFzN0sxTEgwdjB1d242bnJEZ3NMRDlqa1J5dEk4TWF0MWo2T3V5MWd2VXgvSG5pdzdmMzJ6RUNhTDlQUjl6R3hGWXdTZ3BvbXRnYVRBcE8xVzBqS21rQ0pDcEVuQStibkxFZGh3d2FZSlBKYlJQVmM3cFNNOWZpd2QvemZCV2E5L2Nub1lmTnZBMWpzRTNsWE80N2JZWXFFUys5cGZlU1ErOGo2RStjaWZRUFNGOFVseFFxY2NWM0tuNzkyMndLZ2NtRUJTZ2xOOFZaSVdNcHoyS09qRUdkSkVoNFJqc1N0K0ZFV2pPWWFta2F6SXowMmpteWIrei9QK1Y4UnpYd2dWbFNteE9SLzZvWUpSM2FFSE9UaWhFcGNhWWg2ZzE4bzRHWnFva3ZXckJFcTRZSUd2ZWRLTjNKbVducGNJb0hTWDlQcW5sRkVtNUIvOTBhQlJ5UjFEN2RKb2lhSVVhakwrREFKelo0MjBOb2p4Y3gwNmxkdEwvd3FyRnJyVDhLa0pzSjZpMDFqbkxGNWxZeXdjTHc3SDhOdWcxMU10ZXlSR1ltTTdvZ29zUzdRdFlZYnBoa2RHcGVzaytXT0Q4bEVoTWRPYlAxSHl6QWZMb0kwdm9NR2dadXlmc3VmWUp0dTE1aytVS2dyWEg1eTRheG9Wcms2VkJXU21VdWxqVGI1Wk5uMUV6a1QvQXVGQWJ6N1c2WUlqcE53cE1scDhqZU5yQnlvN0ZsajVzK2w4QU4xYmZDUVlobUpKNTk4Qy80ODZTcHhTckxGYzlRZFFTaWVBL3kKME1JSUhuZ29CQUtDQ0I1Y3dnZ2VUQmdrckJnRUZCUWN3QVFFRWdnZUVNSUlIZ0RDQng2SVdCQlRhNWVlVXdkS1VTU3phRDBLd2o3NmNYM0JZcFJnUE1qQXlOakEyTURFeU1qQXlNVEphTUhjd2RUQk5NQWtHQlNzT0F3SWFCUUFFRkthaUt0REhIckRSY0dvUGQ4Vnp5YU1yMTNGb0JCVDhLa3AxT29ENm1XT1Q4SE5YN0w2VHNIM0Rld0lVSnl0anlNd2RUUzJiaEZGeWJQU2NYakpScnQ2QUFCZ1BNakF5TmpBMk1ERXlNakF5TVRKYW9CRVlEekl3TWpZd05qQTRNakl3TWpFeFdxRWpNQ0V3SHdZSkt3WUJCUVVITUFFQ0JCSUVFS2F6TUtqeDhlMks1TE1uVWJGaElPa3dEUVlKS29aSWh2Y05BUUVMQlFBRGdnR0JBRXNLVy82NGwxKytoZGx1cmd6SE0xdFBDS0NkcWRtTE0yUTFQTEcvL2JTUnlZbHBNbmpEbENxVU1tTkk4RVM2eWx3T2Nub292N1V4Zjc2MERVSk15MVpMYjh2bys0VDFGTFBlU3h0NHFNRDk1K2V4OWFHUzE5TDFNemR0R0lNOFE0QU1qNVpVcWVWS1JDNk1EWURFNTNsbGhJL2VkZW9TTTBTNThYWE1UdlJReG5HWmNxdzlaWlAva21NNXNCcFZxazl3MHcrbW9QWUs3QlVyaXpyMFdoNlkwWnMyV3FpbDNFdDZkUTQyODdTWllZY3NiZlpoeUJFQ0RuT1FELzBaSEZDYTN2MGVodXNFZGk5ZG51YkszL2Y0aFVWRTJNWVVTVU5zOUxIbU5Ueld4Y0VJSmNCM1ZjYU1iTkV5bGlPbHhvbHpIV0N4N2hqcUYxbnc3L1dIQWNSV3lGRWlzTnY3QjZjNlpxZUFZWHBLdXpzaVQ5MjFNd3J2eHZBajBncUJaVTVvL1Vnd3hFYWdBV05PdW5vZlJIbEhYWE8vQkNLLzhGUFB3SG92dm9ZaXhQaGFCMzA4UldXMnh0cjl3c1BxK3FIZi9VQS80V3lnNG1YdGM5dm9CdXZ6RzlXUjRJSU5KZFJSU05VZklsRGxyUmhPSUZvTkdDNjhPSS93cWhVTnFhQ0NCUjR3Z2dVYU1JSUZGakNDQXY2Z0F3SUJBZ0lRVkdZd0l0eThXUDRVdTF5Tm5YRU4zVEFOQmdrcWhraUc5dzBCQVFzRkFEQlBNU1l3SkFZRFZRUUREQjFUVTB3dVkyOXRJRU15VUVFZ1VsTkJJRkp2YjNRZ1EwRWdNakF5TlRFWU1CWUdBMVVFQ2d3UFUxTk1JRU52Y25CdmNtRjBhVzl1TVFzd0NRWURWUVFHRXdKVlV6QWVGdzB5TmpBME1UVXlNVFEwTWpKYUZ3MHlOekEwTVRVeU1UUTBNakZhTUVVeEN6QUpCZ05WQkFZVEFsVlRNUkV3RHdZRFZRUUtEQWhUVTB3Z1EyOXljREVqTUNFR0ExVUVBd3dhVTFOTUxtTnZiUzFETWxCQkxWSnZiM1F0TWpBeU5TMVNVMEV3Z2dHaU1BMEdDU3FHU0liM0RRRUJBUVVBQTRJQmp3QXdnZ0dLQW9JQmdRQzdSeTZseHpDUWYvSWlZSmNHQm56eGY1SndWbFN0MVB6QnZEaE5lV0xpcVA0QkI5THorbk1SK2hLTVdFRk1ZNkg4bjYrOU5HbWJnaUFjZDVpbkJ1dEVDTWhNVDJMWDNaeUovREU4TWJMbkRkZk9YYmpZTVVmTVd2ZWdCMWJTSS9hUE8wNm5kYi8vbWpnQ0dXeHpmRzZtQ0lpSWZRdUorbm82b2lSUXVhSW1OWVM4aDA5eWpnVTU3OWROZVVjUW9QRzNhdmU3OE8zbjZQZFV2S2pNOE1NREF2MTF3WXV4QXhicDJJL0Rkd0RaSng1NUQzaEYza0t4MU54T0lxaG42NmU0R3liMVY1WndrUTBrdVRBT0g2MklsU1BwcWYxMldPQXoyVkZIWVNaSEE4Sk5kaWNZMHEwZ1RtbWV0YVBNM1laMjJHQmdwbGt6Y3hSbU1rRDJzdmxmQWRrb01aQTVhRDBPbjAzSlErSGUyV255STVCRWh5TWN3SWJEeHhGU3QwZG9rM0REb3R0VVdtZnl0dEVzV205d0hrNlhLUmluZlJ2M0d1OEtJN1dSMXJKVk9idGtrUm92bXBUb2d6bTR4dk0rbG8zNXVYSUxzVWIrYUhhWjNyVWhqRCtJSGllaW5iY3BIaFVkN21tamZQczB2Tkdaaklna1VOdXNTaGpWODhFQ0F3RUFBYU40TUhZd0h3WURWUjBqQkJnd0ZvQVUvQ3BLZFRxQStwbGprL0J6Vit5K2s3Qjl3M3N3RHdZSkt3WUJCUVVITUFFRkJBSUZBREFUQmdOVkhTVUVEREFLQmdnckJnRUZCUWNEQ1RBZEJnTlZIUTRFRmdRVTJ1WG5sTUhTbEVrczJnOUNzSSsrbkY5d1dLVXdEZ1lEVlIwUEFRSC9CQVFEQWdlQU1BMEdDU3FHU0liM0RRRUJDd1VBQTRJQ0FRQ3l0TkQwOHQvZDBUSFU5N1U3L2E4ejVHMmp0R2owSmgzY3NNSC9QcGVZd0hUZnNzSjNvbkxiTy9EMERjZHp4U0hNeXVaR3JwY1RZUlFmQXJ6RnRVejV3UlV5QlVJcVZRMFBnMVppT0tQa0xXUjBUYWhYcmpoRlZCeHRWNWk1MXpUdk9PeXBZbUJHUkpSZVhPeXpVclFwWndNSldCSEYyaHhLVjhrTUFlSkdzVUQxWGhUeXpFdktOU1ZYZnNid2QvSWNwRUZPL01nWFQvVmZjN3BrQ1hZMStsQ2RDZnhOUnBUMExLdE1TbWkyWCtmVzJYVnlUbXE0c2pma1V5akI2VC95L005THVrZmFJb2MvNUp6alVrVmpmT2wxaHRoZkNYYWF6S1NYU3AzdytrZlBJYVRDVHJwZmgzc2xzbHdoWHFNbzVKcnUzVk9WMVROK0FGcUpsWXMzZGFoaEVvMTVLOTkvdC84cWdxeGQrVmdWK1B0Q0g2dWttSCs0bFMzL0ZxZ1F4eGs3VGUvQ1pxcnVFMGpXcjVidVd5SXF4U2pHcWFGZWlJT0luREVTVXFxTWhoemNyNjNIaFNnTEdHaUhpbllFbEo0SGxqY3k5S1FBR2xidkIvcEN0WVpRUllUV3R6bUhSRmYwQnYxUE1YZVZ5Sk9nSldzZU1FYm1Ic21HQmkrWitUYkRVWlQ1OGJDTU1iYUFlQ2l2cDV1eW1YdW5GV1FPaUNJclZBbjlJZ0M1bFFyNWFHeklwamZTL3BYOXB2WjJHT0pVTkpndkdLbGFWK1EvTlpYMHUvV0FTcllRVVNTeDJnVC9WUE41TjIzendsSlNjays1eGpmbnFnNElRRG9XekFsa0U1S0RTeWlxQWNuOVZ5VGRrWTRNM1VIU3NjQWRmcDZNQU9aVmx3PT0AAADDanVtYgAAAEBqdW1kY2JvcgARABCAAACqADibcRNjMnBhLmhhc2guZGF0YQAAAAAYYzJzaHmHKjvD2KWT2Y5IGS/XkKkAAAB7Y2JvcqVqZXhjbHVzaW9uc4GiZXN0YXJ0GCFmbGVuZ3RoGXFuZG5hbWVuanVtYmYgbWFuaWZlc3RjYWxnZnNoYTI1NmRoYXNoWCDgLPQJh90scQjtgCGgsqeOLFez15JRF6uZSOMbU89fQWNwYWRIAAAAAAAAAAAAAAMaanVtYgAAACdqdW1kYzJjbAARABCAAACqADibcQNjMnBhLmNsYWltLnYyAAAAAutjYm9ypmppbnN0YW5jZUlEeCx4bXA6aWlkOjY3NmQ4MzMzLTgzOTgtNDliZi05ZGQ4LWJhNDE3MTU2YzNhZXRjbGFpbV9nZW5lcmF0b3JfaW5mb6RkbmFtZXgYT3BlbkFJIE1lZGlhIFNlcnZpY2UgQVBJZGljb26iY3VybHgkc2VsZiNqdW1iZj1jMnBhLmFzc2VydGlvbnMvYzJwYS5pY29uZGhhc2hYIBBA+brPly4UjXKEHE+E2CtCVfULeVeguP9kEa8rkZ7sa3NwZWNWZXJzaW9uZTIuMi4wd29yZy5jb250ZW50YXV0aC5jMnBhX3JzZjAuNzkuMmlzaWduYXR1cmV4TXNlbGYjanVtYmY9L2MycGEvdXJuOmMycGE6YzRmMTQ3ZDYtYzJjZi00ZmRjLTgyZWMtYTBjMDdhMzg4NzgxL2MycGEuc2lnbmF0dXJlcmNyZWF0ZWRfYXNzZXJ0aW9uc4SiY3VybHgkc2VsZiNqdW1iZj1jMnBhLmFzc2VydGlvbnMvYzJwYS5pY29uZGhhc2hYIBBA+brPly4UjXKEHE+E2CtCVfULeVeguP9kEa8rkZ7somN1cmx4KnNlbGYjanVtYmY9YzJwYS5hc3NlcnRpb25zL2MycGEuYWN0aW9ucy52MmRoYXNoWCDw1tdyckUfCmLP4ohZg/D1q92h7sMC397JMnKeTJz626JjdXJseDJzZWxmI2p1bWJmPWMycGEuYXNzZXJ0aW9ucy9jMnBhLmNlcnRpZmljYXRlLXN0YXR1c2RoYXNoWCC866kNyZHVnP1vHRaALalrE/t6VuyoD6QDsfX1sXFAMaJjdXJseClzZWxmI2p1bWJmPWMycGEuYXNzZXJ0aW9ucy9jMnBhLmhhc2guZGF0YWRoYXNoWCA4z/SW9WHNIpf92DwSyihQ8QdZQdvOsczuI3sZs2+/9mhkYzp0aXRsZWlpbWFnZS5wbmdjYWxnZnNoYTI1NgAATLtqdW1iAAAAKGp1bWRjMmNzABEAEIAAAKoAOJtxA2MycGEuc2lnbmF0dXJlAAAATItjYm9y0oRZC+iiATgkGCGCWQWIMIIFhDCCA2ygAwIBAgIQC6X86Q5wjPIFgDHuRBxkczANBgkqhkiG9w0BAQsFADBKMSEwHwYDVQQDDBhTU0wuY29tIEMyUEEgSUNBIFIxIDIwMjUxGDAWBgNVBAoMD1NTTCBDb3Jwb3JhdGlvbjELMAkGA1UEBhMCVVMwHhcNMjYwNDIyMTU1MTA1WhcNMjcwNDIzMTU1MTA0WjBHMQswCQYDVQQGEwJVUzEZMBcGA1UECgwQT3BlbkFJIE9wQ28sIExMQzEdMBsGA1UEAwwUT3BlbkFJIE1lZGlhIFNlcnZpY2UwggEiMA0GCSqGSIb3DQEBAQUAA4IBDwAwggEKAoIBAQCdumoUTE0Cl+qBibYW0b5eWE4TA3Khmd9pFHF85SEj04EfojWcTKMSSjzvbiu/5mSu14RLaSRaY8/qdgqQsmXbfAE8jeH+wQUzd68n3jsgOrQPY4eYG81NnBq/tH8zEUSqVDA3RrgH/Zp5RAtzV1WjA2MRfB0S3axYL+Z6rt6lmMMTk05I8Fr44HykkkvVbLrKwgUqyJK+ddSUZ7VXDapqmm0wMCzXVWGMatJTtgB4HV5FQ55OkqMDgPGvW9Gy6/6LGe8Wutc3CZWrZC2ZyYea+By/LtDnY4CWGpp5oDeTNqM1yUjJLJhjBelEmzUerLkIp1NsHZxoc8gKHjnMBknzAgMBAAGjggFnMIIBYzAMBgNVHRMBAf8EAjAAMB8GA1UdIwQYMBaAFDk9EEfcl4+viHtNcxgdzeXupKUqMG8GCCsGAQUFBwEBBGMwYTA5BggrBgEFBQcwAoYtaHR0cDovL2NydC1jMnBhLnNzbC5jb20vU1NMLmNvbS1DMlBBLUktUjEuY2VyMCQGCCsGAQUFBzABhhhodHRwOi8vb2NzcC1jMnBhLnNzbC5jb20wFwYDVR0gBBAwDjAMBgorBgEEAYPoXgEBMCkGA1UdJQQiMCAGCCsGAQUFBwMEBggrBgEFBQcDJAYKKwYBBAGD6F4CATAdBgNVHQ4EFgQU850QTdQNy51y+EYKdhhHpRtoT3QwDgYDVR0PAQH/BAQDAgbAMBkGCSsGAQQBg+heAwQMBgorBgEEAYPoXgMKMDMGCSsGAQQBg+heBAQmDCQwMTliYzQwMy01Y2Q3LTc2NjktYWZlNi1mZGIxNzE3N2Q0MjgwDQYJKoZIhvcNAQELBQADggIBAII4l2xlH6E3ABvx+e0adLrVplseNfVnbBrPK2ZpQM31/NJyVt/KlSjq+GYY3kJDPfgFeKBoHigZia217n/89TLSjLhf52yAbutbfJdbMOcTDy5CuAPGcJr+/iAJrDVG1aAIjElFgMO6kh9VxwRaFZ1v0uvYeZuWOrxEEpA0BRU0ffRBpTOXLy5sUVIKbT1JsBXLx4ZYEQfM3O6eLunGBzm4M1wg2hLuAFczVC5wKEolKU+SfC7S+hzdZy566FB4OVG6gzraiH6QI5CS9WJYmuXCqHOGnsXYcenvGFxke5HuDzcvdph4VmTnb0LREH2SAbyFFmpvbRlkhdj/Ipbtue+y0FwaBYR9aF01W0uxxWlIFnkG5miOoMRhmDpM+MAkeeWmaODvGf3WkNYuLUEMZHUQVl+TlLahnIoCGjy2wOht88VD53YsaBek8ubLi4iVFugRexUqciSBED0hxmNtLyWAo5lbqiml/Ufq4fdr5QT7W1AmbSuhgl0x9d1iqHwyA9xMx6UscjBQgFeTBoLi6K6zpwh/r1k0rhBy7yqdrnis4jPsU7XJmdIoqCo3oU6r/Mx+WJsnbUXhtCoHnAS9BTBXoTEuIC7J4sgQVNuhkhZPviQ1mP4vBWncG7hN494HLxrobPXBiuLT/nJ30xOoK9RXl64MCwaH2AAEAb6TthKJWQZTMIIGTzCCBDegAwIBAgIUJytjyMwdTS2bhFFybPScXjJRrt4wDQYJKoZIhvcNAQELBQAwTzEmMCQGA1UEAwwdU1NMLmNvbSBDMlBBIFJTQSBSb290IENBIDIwMjUxGDAWBgNVBAoMD1NTTCBDb3Jwb3JhdGlvbjELMAkGA1UEBhMCVVMwHhcNMjUxMjIyMTgxNzMwWhcNMzAxMjIxMTgxNzMwWjBKMSEwHwYDVQQDDBhTU0wuY29tIEMyUEEgSUNBIFIxIDIwMjUxGDAWBgNVBAoMD1NTTCBDb3Jwb3JhdGlvbjELMAkGA1UEBhMCVVMwggIiMA0GCSqGSIb3DQEBAQUAA4ICDwAwggIKAoICAQDLOrTNuJzLFilWuHmnHvhr9vnYj3LDppgTGq0DKkHaYR4uRwhSvR50Ub5dBOx6grbA+/oP6Celi+j+YvMMYPEDX0gaynMBf3OV5BlObsxOejXeWBHh14IX3NIWR0N3m99IGYh5n6M5pFlOXuBOC0eX8nVC13Y9tn+kItztB8ZvH9RyRozWUce1t3ryk/kjJ9WAAhJQdYpwoGjp57yEKHycKuopqcAv/sl2ERlGVbAvY+p9nvQVsESkQN5ANlxEilRrV0j/uxFvpNXqjsIe13zYvM5pv6AfAE2TRTuZLnnSzwGenym7RtkUeGMwljNRnF6TbfrlNEpYeLMpbF18uHUblTyZdyF72LRK69rNxwgK1gTJot6ul7O2UZbakpvDsrtQxP62pEwDlV0tkmpPYuXgKvdpoBucBNW5kwDa0bteDggOTwjGC6/5KUzQyQTs6/OycVB7didokflQiLh3NdjNoeHX0ynnSsaHVFkkwmeybQcJNdu6zhi4RqXgC4va4aefas5gFtIQEsT3wd4Zc3lV4HC07+rMx/52HIlOZgppiC0Q7cNGoirkf4zUEpxXRi1YGGLVyqj6fvjC2WFqFss1XaCTo7JlqC/t75jn/H66SPSqoXH8k69/6qdOGHOIadVCwPmEkoVPEMtUsz06+N0pZRF5ykOelriHWJYh79GRewIDAQABo4IBJjCCASIwEgYDVR0TAQH/BAgwBgEB/wIBADAOBgNVHQ8BAf8EBAMCAQYwKQYDVR0lBCIwIAYIKwYBBQUHAwQGCCsGAQUFBwMkBgorBgEEAYPoXgIBMB0GA1UdDgQWBBQ5PRBH3JePr4h7TXMYHc3l7qSlKjAXBgNVHSAEEDAOMAwGCisGAQQBg+heAQEwHwYDVR0jBBgwFoAU/CpKdTqA+pljk/BzV+y+k7B9w3sweAYIKwYBBQUHAQEEbDBqMCQGCCsGAQUFBzABhhhodHRwOi8vb2NzcC1jMnBhLnNzbC5jb20wQgYIKwYBBQUHMAKGNmh0dHA6Ly9jcnQtYzJwYS5zc2wuY29tL1NTTC5jb20tQzJQQS1Sb290LTIwMjUtUlNBLmNlcjANBgkqhkiG9w0BAQsFAAOCAgEAzjb6Pu8PljYtjq8RVWb/e38DKw0Aa1b1y60evSqBraWm0E2jPhST5JMRDGnV5IyobuY3VAgW4iWc7GVmKDwzPaIamqK7zWdkSue+dCEEoW7DqybEOyzaVbn9R04E4I14mzeDxHQ7xUdh721BcqTbXUNTyZZO5R3gBDrfqN0u0a9Yl9bn9F8EciM8a88LvTkBqwaMk6iPpw92WT7hBJL199n7RmIFq25u1IhGoLMvKmpfpU7a+NT8zNmjPKl3RRsKwfmYuTnLzKFxwCqCEnHT5PYl4lEhbdYV3+RTjW9KfReOXsC6DNUOd3khgXrO7fccHZuOtrKKQladj2tBKg7+a5yL7hqjKM9f8+nQZB7W7sKJSxjrks/1r8InBU24kaE3JZnm/YDc9LzHN3u+tAEtZ1jwL+fDs4tx5UQDejC2pbJ1PlsjfjvTVKY6ucfMDhwzFdVqNXqBdn8v/lfaafgMPj/vVI8Bi3tGw2Oe+h/txH8vcIQr9laC9KfLJNdsXiR7Or2pWDsYEWmznI/ScHT/i24mu8OrRcdTBZacR7XGRqte9fyIixloozUP5XxqlWW1q+u5/7q44JtKR7LO7BUviQJ9Fe6vnAxNxMnOAfUyPY/3JjQL/iKLeu35Xl5nX1EUW9skVvvRWaG33haaZgm20YYu+gd9fpV5m0RmfDaF9vWjZ3NpZ1RzdDKhaXRzdFRva2Vuc4GhY3ZhbFkUizCCFIcGCSqGSIb3DQEHAqCCFHgwghR0AgEBMQ8wDQYJYIZIAWUDBAIBBQAwgYcGCyqGSIb3DQEJEAEEoHgEdjB0AgEBBgorBgEEAYO/MAEBMDEwDQYJYIZIAWUDBAIBBQAEIHyEfqI6dwdl0pmdnDd3H7d5tJ9eqaKcefjZmXgGzKO7AghIps+LscmmmhgWMjAyNjA2MDIwNzIxMjAuMzc4NDQxWjADgAEBAgkAn1SQQGIT1cOgghBmMIIE9jCCA16gAwIBAgIUYdtGKDKKjI1KBre//mDjAmw/cbcwDQYJKoZIhvcNAQELBQAwezELMAkGA1UEBhMCVVMxCzAJBgNVBAgMAkNBMRYwFAYDVQQHDA1TYW4gRnJhbmNpc2NvMRkwFwYDVQQKDBBPcGVuQUkgT3BDbywgTExDMQwwCgYDVQQLDANUU0ExHjAcBgNVBAMMFU9wZW5BSSBUU0EgSXNzdWluZyBDQTAeFw0yNjA0MDgxNzQ2MjZaFw0zNzA3MDkxNzQ2MjZaMHUxCzAJBgNVBAYTAlVTMQswCQYDVQQIDAJDQTEWMBQGA1UEBwwNU2FuIEZyYW5jaXNjbzEZMBcGA1UECgwQT3BlbkFJIE9wQ28sIExMQzEMMAoGA1UECwwDVFNBMRgwFgYDVQQDDA9PcGVuQUkgVFNBIExlYWYwggGiMA0GCSqGSIb3DQEBAQUAA4IBjwAwggGKAoIBgQDqysWtlP3w/Sefx3inYQTK/w4pYSr7oYjNX6iil50OiS+LkcgfvLCWkD0IHFWCwZaONmoVrYlp6JDbLEQyg6gKzXflNejuqGRb/rjgjp3nAiChKMM13acQN+ki9wlNl5q0hHPALnypUEcooLTwaR/wsIcpeln+DxQUNUL52WlSF0ogN/JozA/xLbeCliAbSxEORhJcPaQUhrhLRWY4ok5NJ8qVunUMzE6Hap90wyAVBQEkXw3Eflyu/h3zHwuV7QCR3zz1hpsqEl4O1g8c0N3J+g3ITcPJhFoYSSzkOHMaYFK4TO7G87e22N1qqc4gul3WxFw1EGTyAyMRUz9ijmUFEV1wK9TJawmBRVLoGlftWkZd2l12nCV5EGiDUaSYhHWRcphV/9jjQ2Kx7WlnJ0G8xY/yagcrg0no4S0YNA67OQevZ720lR7IArK9RWfNcgGIlF9VSwYsra/tpfQkr3cDPoOKZFGPkYwMOZZLsD2u+gSZoT4YjD3wvhc2oS71Y7UCAwEAAaN4MHYwDAYDVR0TAQH/BAIwADAOBgNVHQ8BAf8EBAMCBsAwFgYDVR0lAQH/BAwwCgYIKwYBBQUHAwgwHQYDVR0OBBYEFKQnVIKiioB7PcWGzT9w2cKDmVF4MB8GA1UdIwQYMBaAFPIU8LDHF1Q9I0OF3Mpz0HKAPbioMA0GCSqGSIb3DQEBCwUAA4IBgQAg+yRPQcDAvJiyMhIgEI0gmUg1Ek/ERlZ+pz4/tqUj+SpIPuBRnR9FQHjBu4NOk1DJmyeWaN9NzvL2HNJ5q+/qwR/aP/WYWQjmcM2J9O5Hi6rL7P+MfhThRtiR5py4HuQ0Rv9h0nj4fTg541LtG19m6HPAAHI75KirjoYbKqM3Ifk733tcVNhMx2oqS3/PQ3RgBYBzo8nRd6+Hqf21sYRqbr+IKs6aoZqrop6CSAcMN8UCY1GX21J8bx5nyWkIQtXP9futG16LkOLgCHk8LhsTg2qepeglQY+FEAHt5BjBoDqN/p1SUBrvh97hZM1V+SEg37Yp758nbtG6NEarSiJP52IVd91FI91hLcIxKY/EuX55AgartFfUwezPHQbhXHtlSbAZ602rpMcnQE6mtLWPz3zDtEOndtNeMGPuqBeuNSh0ZKtaNeNbLzo+Tgph1jBNQ5v/Ti7GIbk+OiwgGVcwdWqOZEui0AnRFtegZyZBbWf4A3B2uCUmVvmRJifDS0kwggV+MIIDZqADAgECAhQEjQTKxsULxdoZsLzxThGVpeq8GTANBgkqhkiG9w0BAQsFADB4MQswCQYDVQQGEwJVUzELMAkGA1UECAwCQ0ExFjAUBgNVBAcMDVNhbiBGcmFuY2lzY28xGTAXBgNVBAoMEE9wZW5BSSBPcENvLCBMTEMxDDAKBgNVBAsMA1RTQTEbMBkGA1UEAwwST3BlbkFJIFRTQSBSb290IENBMCAXDTI2MDQwODE3NDYyNloYDzIxMjYwNDA5MTc0NjI2WjB7MQswCQYDVQQGEwJVUzELMAkGA1UECAwCQ0ExFjAUBgNVBAcMDVNhbiBGcmFuY2lzY28xGTAXBgNVBAoMEE9wZW5BSSBPcENvLCBMTEMxDDAKBgNVBAsMA1RTQTEeMBwGA1UEAwwVT3BlbkFJIFRTQSBJc3N1aW5nIENBMIIBojANBgkqhkiG9w0BAQEFAAOCAY8AMIIBigKCAYEAibzUueLIoQu+YbvePGRmfqe+nG0Q06kwByY8BPTgayA535U07amiZQhI2zeGMoOOzApKoMDzNGygwJjNK5+l9Mt82Q8m3n7JTaLvY1uR5vZZqNIB+k752TgrWg7NYFqYgZio11PG4xnWLkisQ1cJ6ZTyR/lsRYoVYLf3ri9eojVOhTiFaZ80ndBN2EM9zTRt/GOT/NNwu0roduhqTmZJoO38+Bi+75oXt6h3rO+3OMy51CozxHYP1kARd8v+x10XLUDT3os8wBjWQBRBmcuUPyx9AGtS/J7KULcJR0UV4QUjVfqxT29UmJX0fbr4aOEiHHrcipFDixW2LhJDsWIcoL7KJI4u77+k0U3ouD8xzyY9xQBQ6vLZJCBk7dVzni5weKreVjwF+dSAouitr/b7qKNcy2irRNswd/LENHRrVW3Gh/vyMjyecQ5FE/fsUA/7/tYEMSa70MRNYeJC26/DK25fKxkb5uKw741cRM0fwHN9j6LpvW2CvCVlhAgwae0VAgMBAAGjezB5MBIGA1UdEwEB/wQIMAYBAf8CAQAwDgYDVR0PAQH/BAQDAgEGMBMGA1UdJQQMMAoGCCsGAQUFBwMIMB0GA1UdDgQWBBTyFPCwxxdUPSNDhdzKc9BygD24qDAfBgNVHSMEGDAWgBRYwkCgPEd2K6jmbqiRlo6WyLfZ5DANBgkqhkiG9w0BAQsFAAOCAgEAkuw3XN5s62TarqERCTByrtxyCPU7vA96PdbG4S/2gzN96B9XQBhOTJmqa9SZ2RSL22vWTPjK0Fkz06GgOFwjiEQk+4fh9pMGJ7yh7UxfZ13/Nasx0ux7EdRAQzdPwoQbnLpkyA+woh1+mjb44dCCs1BDsuBVvYCUyFlSTkp03l3HRVibt/owqjvcR7zVLiy5OBhjLHlat91VrT1C34gDz/Fo/nMA1Fq33iQCl5HA52f+3KYK86VGEbNRHH8Sz42vX+MYyLhAxr3j+dZLcdBkXeVkwkvAXnfRPcdbnhXPe/2UlOcBSwhR2vtk9KsR8DWU8fa+fisO3bKaPVDdUMOWZI5tqwxznygGOwR30Jftb0VPsTMuX0brg7apYR+814Ku+IBvwuNpFTDmbXw6RJIrBpgtr9w0wb6lKkjnh8jeOAy1BAwzyuOEUHDxsh5L3o1P9pEZ3F+F+vHm0dfKp+60n/YheCmB8ONwWHcBEIakOkuXg0bo2sJqdsmpEsshHA9FvmWxoIYugLxZS02bQx9ttNeE4Pzw1chhkA1DjhNqncPxITyEXQb+O9bYIzlFC18dcQ36Mv2ggJVEtU8A5cN0/eJOh3KG9PBRAYceCL3UtSs1bAYQkqQ7a2qduv3AOwecdsIM1Rg5f0na45QcPlAIatdM4olhne/rz8XDQG5wejgwggXmMIIDzqADAgECAhQTUDtsiYzwJAMzLI/3T477fYLsGzANBgkqhkiG9w0BAQsFADB4MQswCQYDVQQGEwJVUzELMAkGA1UECAwCQ0ExFjAUBgNVBAcMDVNhbiBGcmFuY2lzY28xGTAXBgNVBAoMEE9wZW5BSSBPcENvLCBMTEMxDDAKBgNVBAsMA1RTQTEbMBkGA1UEAwwST3BlbkFJIFRTQSBSb290IENBMCAXDTI2MDQwODE3NDYyNVoYDzIxMjYwNDA5MTc0NjI1WjB4MQswCQYDVQQGEwJVUzELMAkGA1UECAwCQ0ExFjAUBgNVBAcMDVNhbiBGcmFuY2lzY28xGTAXBgNVBAoMEE9wZW5BSSBPcENvLCBMTEMxDDAKBgNVBAsMA1RTQTEbMBkGA1UEAwwST3BlbkFJIFRTQSBSb290IENBMIICIjANBgkqhkiG9w0BAQEFAAOCAg8AMIICCgKCAgEA9pLp0hS6rZ7hGqx1qFYb2Kqxs2qSX5Z59ZK3FC0k+L/AGq9gvsGazXma3Gya/jaawZgWpD/kLJ26paVQc7MKwvka88RJL3i90uy85z/0m9EaD/KgYaIsiSXKUQYRF/klEJzSxi/0icRBEg7+Jh7TbTXN7Ls1YECohVG+9u6QmPEq2J16EGtq2S7ZY/PlFFwpxYYiwYocaM3rOJ6pUJZbI0P7OP9CfDs6oVEvJclI3DH/UHLu8Hyhd80Yb4Fh8z+/bujSG7GmCDbkazL7/neoXptc3d0xkEyOZf8WgctBzigxU8oYQ85IBG591mQWsykQ5LQuOrdUWnJWV/Ooan0e7+ZhH91lyA5ICUmZMnTwCqLM3ZMAU6wjvYKFILHvvu0doXcA7jpGM6Ke7K/pBjFmtGZvsomToH6VDg8hzkH4XvCO6c25wNUzXXjQ0Ccxz1AwcnMdHtpqwsCTz63cD2SH9vsIToh29T7v/5IsmXcuC/YG3Ji2nQkDOv30GgnHj19a6X5IDQkrtR6KgxsE8lsVPCwQA6+Rop1Bt1Jo0Q0RGhm/sMDaT2C97imq7YeNcVwojI2IoyUUY0XYBfx7YY9sRlQ7GFzJsIKvg8ixIz8cnxpb7qLXVLUqU667hdum+pee7ISJcvN6QMkWtoVYR1vxJGE5okze2MaoIvKev1tMLMsCAwEAAaNmMGQwEgYDVR0TAQH/BAgwBgEB/wIBATAOBgNVHQ8BAf8EBAMCAQYwHQYDVR0OBBYEFFjCQKA8R3YrqOZuqJGWjpbIt9nkMB8GA1UdIwQYMBaAFFjCQKA8R3YrqOZuqJGWjpbIt9nkMA0GCSqGSIb3DQEBCwUAA4ICAQBY+IGRDJjybGH+yIYd1luEHabWvrimXQxdScu4oSnNLZ24WPnwhIk9PPhv1WoftCqiVZLwZ4GZXrVUDPuaRoDjAlEAU8AOA8GIV97vglV+4/R9GOsPJvyD/yGowaze2xuTqxnN0DB2GDqTnc6qZwMNORougHTfbfB+E3Yv6epQQYs4PWzl4D7uL9tkVDZeEb5iRbbRIbSAPIwY69qc1kqp1VRlW2vRWH7ASYfr60tfkgw7lNeahvahWc5H8Disw7B/A3Rk0cBSO6Gxeyhr4Q5pl/gCGAwoFzsn/66kEJ73Zcug9Oq5vZTOROKYsQpIaO5VqSGlYI/+ytZ90XuGIJwO86h40MbaQC7IgQULXGKoKsH7VucYeQeOEa/s5dvTcP5GzGOoZPE86a+lZLxev4UILR6wzuO506QR11K7cIuGnfsuvwr20lUrI0IrQ1zsoYJhP89x7bD3l+nky8I8/Kx3t7bcIMFM6YmyD7Ivf8N+kmScCLWE3syW/YmwS7VDfdLprYb9Gdktn70A7sC0R1YjfEgVkQ5OD2eJIHtiCMHJXlXx9gbGUSNXb++HvhQgRnm+lAKxyCAonZWKiCZVBWZS7xh/2Uu6qFoU6cIsrZ8Lw1xC86H1J2R5cYwKWp79uflFeQdwHuFqA7U3lo5Y/UW/VCWMgwM9D9kmMyPQWHemuDGCA2gwggNkAgEBMIGTMHsxCzAJBgNVBAYTAlVTMQswCQYDVQQIDAJDQTEWMBQGA1UEBwwNU2FuIEZyYW5jaXNjbzEZMBcGA1UECgwQT3BlbkFJIE9wQ28sIExMQzEMMAoGA1UECwwDVFNBMR4wHAYDVQQDDBVPcGVuQUkgVFNBIElzc3VpbmcgQ0ECFGHbRigyioyNSga3v/5g4wJsP3G3MA0GCWCGSAFlAwQCAQUAoIIBJTAaBgkqhkiG9w0BCQMxDQYLKoZIhvcNAQkQAQQwLwYJKoZIhvcNAQkEMSIEIHRCGJ99Zk6/rUfZWnJQYR+WIANvvwQFzSCSJDD5zw6ZMIHVBgsqhkiG9w0BCRACLzGBxTCBwjCBvzCBvAQgvU+5spBMgTZniG7vQeFt/gTZIgedv1uSStCixGBGInowgZcwf6R9MHsxCzAJBgNVBAYTAlVTMQswCQYDVQQIDAJDQTEWMBQGA1UEBwwNU2FuIEZyYW5jaXNjbzEZMBcGA1UECgwQT3BlbkFJIE9wQ28sIExMQzEMMAoGA1UECwwDVFNBMR4wHAYDVQQDDBVPcGVuQUkgVFNBIElzc3VpbmcgQ0ECFGHbRigyioyNSga3v/5g4wJsP3G3MA0GCSqGSIb3DQEBCwUABIIBgOO7zv1Ghj2rrF4pSuM9+AFQkS2DYFT82XUv4YzGXPIeAg987dKdMnXdm5aGEq+3zRdLi3timYyhsSD5HAwW0mi1SfVla4JylHp2u6KswFjx3qNn+6T1FqeF2+tfLG14yJ/KmHaVMxFx/p76WgRpgOm5kLcWVXP39JYle+kzOIz72Q2DYD27ymvyCKi4xv/PX/TscwXKN9dUI8r57VD21Q02JbuWzK0mptdY3o2J3jdsdErrXWrt+wSUCqDKxZ/onrUVnJ+rGCIAGWeFSfEw/Kx9a9s6lq7RQFyYPCvM0xdxiPlMW9B83AF+/nn+DnK4aIBI3U8GJCZqW9E7pLwM8h/iZvOYlvyaTxhjsdRWXGpFf9waVMHtpooSN8+siWGvHtveL8bXsoOYygWKQdXKQDyql6k4uoMHN4YrjEWpvUdlUs6xig6gCWKwu1t2KuWTE1dRbsbKNDvupDtfMFSRCR0pXrsxuJvg23jcxGltKym4bYf4MSHeTFnOOCD1v56oDGVyVmFsc6Fob2NzcFZhbHOBWQfXMIIH0woBAKCCB8wwggfIBgkrBgEFBQcwAQEEgge5MIIHtTCB6aIWBBQ9qqp4jvr2TPpeatFATQ7lVPIfrhgPMjAyNjA2MDEyMjAyMTJaMIGYMIGVMEkwCQYFKw4DAhoFAAQU34I3U15T2DOx4AQ9JDXxdebhChkEFDk9EEfcl4+viHtNcxgdzeXupKUqAhALpfzpDnCM8gWAMe5EHGRzgAAYDzIwMjYwNjAxMjIwMjEyWqARGA8yMDI2MDYwODIyMDIxMVqhIjAgMB4GCSsGAQUFBzABBgQRGA8yMDE2MDYwMzIyMDIxMlqhIzAhMB8GCSsGAQUFBzABAgQSBBCRR/irtuH4JBx+KGK8McL5MA0GCSqGSIb3DQEBCwUAA4IBgQB6Oiv9UbwvBAWwhmW0mNuTfOzs9S8QSTEwifSAzEmb3wcnIN4X8mA+vEX4IQ+03hkTV3IT68C0LvynaLxxbrOxadkcKiF/7+/lDhtiGjpO//MIwQTt+C61ZpRY0WTK+DrymrNGBEwILdzljT9q59OS+pDN/+GI8+ICJummCUpPucRFyV+eQK3eIbcJrh161rbKny35hNKKzeBnahXWXigVaMhFjNQ0eONwDnkQNgIBjoS0ovO4yfvph9rKxD4x8O4PUS/fqSfK/VdgEq7JRBY2eFkIZzBIK1dNfMMQ1uZBJEdps3FABynoy9PFiFVPx7vB+rALwEdrFnK6eiute8zX4zPRDT3t82USVcRjEA9mIULIiBVI6MLtIqPJQ9ghdE9UPh3DYcpv8J5guyNXyeD7rWZA6FoKJ1UiXaoKlZyRjYtY11HGZtvC2Kzdb9wterGOb7JmV9649ZRV3eSgMBV1RusfLLjNuh/ydO/SP5uSq6nPlh6tQpbqhKbUyNXKQdugggUxMIIFLTCCBSkwggMRoAMCAQICEFpKsj/QKMb+S7M/bj3jJ7owDQYJKoZIhvcNAQELBQAwSjEhMB8GA1UEAwwYU1NMLmNvbSBDMlBBIElDQSBSMSAyMDI1MRgwFgYDVQQKDA9TU0wgQ29ycG9yYXRpb24xCzAJBgNVBAYTAlVTMB4XDTI2MDEwMjIwMTQxNVoXDTI3MDEwMjIwMTQxNFowTTELMAkGA1UEBhMCVVMxETAPBgNVBAoMCFNTTCBDb3JwMSswKQYDVQQDDCJTU0wuY29tIEMyUEEgSUNBIFIxIE9DU1AgUmVzcG9uZGVyMIIBojANBgkqhkiG9w0BAQEFAAOCAY8AMIIBigKCAYEAolCTQeZKS94Lm6aVdCZYPOxS/LuUHTLNFMPGUN/QvZzGbnCLI5fXjO7MCHxW7me++ZrAkrDruqUz/21pFJCDLwiILRXtsEtdHyybubhlFyRj7hOwJGCNCugF+HkfxtNhNVuMBJdYn7OMXNjkxqbQQ/Czp9NU2WyI9xinuMTYbv0xKN4OCS6QJ/Vz2Xem1VCaINm8yzLFRrn8olUFTe6gm6xoasEbPzgqegbY0126tLMe651VKe7s0jcUn67FNqmcsLfeRCqL6FCnESAIgAt5eyXP2TnynkWbd7oHeAmgpk57QI4x/eoiaIcVgMSCIeRPWvIR84gPpEuJKn5MJAEmqaCaBMmdfAXua2KFIjIB7tbcK9Lf1kY0dqCCKHiOvirdDhTk1moqd9t0ejUnpocWF8G4HvA6U4GqmtYrk6/jH5u3ZdImMEqlHA6+yvGLf1o0Aaah0gEIhXI4WDnE7D4yHR+E3zcUedYw0zcbeObozZLpbisNbuww6zI4Lqk80i3lAgMBAAGjgYcwgYQwDAYDVR0TAQH/BAIwADAfBgNVHSMEGDAWgBQ5PRBH3JePr4h7TXMYHc3l7qSlKjAPBgkrBgEFBQcwAQUEAgUAMBMGA1UdJQQMMAoGCCsGAQUFBwMJMB0GA1UdDgQWBBQ9qqp4jvr2TPpeatFATQ7lVPIfrjAOBgNVHQ8BAf8EBAMCB4AwDQYJKoZIhvcNAQELBQADggIBALtzplWEo2hQ6xDxoGzXySmEnT6oL+0Kuw6g66vLwR64AYYFtzAlSG3zDeG9oU0o0itlYETcto2rVT/X3YUe/vCXWyQs7K1LH0v0uwn6nrDgsLD9jkRytI8Mat1j6Ouy1gvUx/Hniw7f32zECaL9PR9zGxFYwSgpomtgaTApO1W0jKmkCJCpEnA+bnLEdhwwaYJPJbRPVc7pSM9fiwd/zfBWa9/cnoYfNvA1jsE3lXO47bYYqES+9pfeSQ+8j6E+cifQPSF8UlxQqccV3Kn7922wKgcmEBSglN8VZIWMpz2KOjEGdJEh4RjsSt+FEWjOYamkazIz02jmyb+z/P+V8RzXwgVlSmxOR/6oYJR3aEHOTihEpcaYh6g18o4GZqokvWrBEq4YIGvedKN3JmWnpcIoHSX9PqnlFEm5B/90aBRyR1D7dJoiaIUajL+DAJzZ420Nojxcx06ldtL/wqrFrrT8KkJsJ6i01jnLF5lYywcLw7H8Nug11MteyRGYmM7ogosS7QtYYbphkdGpesk+WOD8lEhMdObP1HyzAfLoI0voMGgZuyfsufYJtu15k+UKgrXH5y4axoVrk6VBWSmUuljTb5ZNn1EzkT/AuFAbz7W6YIjpNwpMlp8jeNrByo7Flj5s+l8AN1bfCQYhmJJ598C/486SpxSrLFc9QdQSieA/Y3BhZFki+AAAAAAAAAAAAAAAAAAAAAAAAAAAAAAAAAAAAAAAAAAAAAAAAAAAAAAAAAAAAAAAAAAAAAAAAAAAAAAAAAAAAAAAAAAAAAAAAAAAAAAAAAAAAAAAAAAAAAAAAAAAAAAAAAAAAAAAAAAAAAAAAAAAAAAAAAAAAAAAAAAAAAAAAAAAAAAAAAAAAAAAAAAAAAAAAAAAAAAAAAAAAAAAAAAAAAAAAAAAAAAAAAAAAAAAAAAAAAAAAAAAAAAAAAAAAAAAAAAAAAAAAAAAAAAAAAAAAAAAAAAAAAAAAAAAAAAAAAAAAAAAAAAAAAAAAAAAAAAAAAAAAAAAAAAAAAAAAAAAAAAAAAAAAAAAAAAAAAAAAAAAAAAAAAAAAAAAAAAAAAAAAAAAAAAAAAAAAAAAAAAAAAAAAAAAAAAAAAAAAAAAAAAAAAAAAAAAAAAAAAAAAAAAAAAAAAAAAAAAAAAAAAAAAAAAAAAAAAAAAAAAAAAAAAAAAAAAAAAAAAAAAAAAAAAAAAAAAAAAAAAAAAAAAAAAAAAAAAAAAAAAAAAAAAAAAAAAAAAAAAAAAAAAAAAAAAAAAAAAAAAAAAAAAAAAAAAAAAAAAAAAAAAAAAAAAAAAAAAAAAAAAAAAAAAAAAAAAAAAAAAAAAAAAAAAAAAAAAAAAAAAAAAAAAAAAAAAAAAAAAAAAAAAAAAAAAAAAAAAAAAAAAAAAAAAAAAAAAAAAAAAAAAAAAAAAAAAAAAAAAAAAAAAAAAAAAAAAAAAAAAAAAAAAAAAAAAAAAAAAAAAAAAAAAAAAAAAAAAAAAAAAAAAAAAAAAAAAAAAAAAAAAAAAAAAAAAAAAAAAAAAAAAAAAAAAAAAAAAAAAAAAAAAAAAAAAAAAAAAAAAAAAAAAAAAAAAAAAAAAAAAAAAAAAAAAAAAAAAAAAAAAAAAAAAAAAAAAAAAAAAAAAAAAAAAAAAAAAAAAAAAAAAAAAAAAAAAAAAAAAAAAAAAAAAAAAAAAAAAAAAAAAAAAAAAAAAAAAAAAAAAAAAAAAAAAAAAAAAAAAAAAAAAAAAAAAAAAAAAAAAAAAAAAAAAAAAAAAAAAAAAAAAAAAAAAAAAAAAAAAAAAAAAAAAAAAAAAAAAAAAAAAAAAAAAAAAAAAAAAAAAAAAAAAAAAAAAAAAAAAAAAAAAAAAAAAAAAAAAAAAAAAAAAAAAAAAAAAAAAAAAAAAAAAAAAAAAAAAAAAAAAAAAAAAAAAAAAAAAAAAAAAAAAAAAAAAAAAAAAAAAAAAAAAAAAAAAAAAAAAAAAAAAAAAAAAAAAAAAAAAAAAAAAAAAAAAAAAAAAAAAAAAAAAAAAAAAAAAAAAAAAAAAAAAAAAAAAAAAAAAAAAAAAAAAAAAAAAAAAAAAAAAAAAAAAAAAAAAAAAAAAAAAAAAAAAAAAAAAAAAAAAAAAAAAAAAAAAAAAAAAAAAAAAAAAAAAAAAAAAAAAAAAAAAAAAAAAAAAAAAAAAAAAAAAAAAAAAAAAAAAAAAAAAAAAAAAAAAAAAAAAAAAAAAAAAAAAAAAAAAAAAAAAAAAAAAAAAAAAAAAAAAAAAAAAAAAAAAAAAAAAAAAAAAAAAAAAAAAAAAAAAAAAAAAAAAAAAAAAAAAAAAAAAAAAAAAAAAAAAAAAAAAAAAAAAAAAAAAAAAAAAAAAAAAAAAAAAAAAAAAAAAAAAAAAAAAAAAAAAAAAAAAAAAAAAAAAAAAAAAAAAAAAAAAAAAAAAAAAAAAAAAAAAAAAAAAAAAAAAAAAAAAAAAAAAAAAAAAAAAAAAAAAAAAAAAAAAAAAAAAAAAAAAAAAAAAAAAAAAAAAAAAAAAAAAAAAAAAAAAAAAAAAAAAAAAAAAAAAAAAAAAAAAAAAAAAAAAAAAAAAAAAAAAAAAAAAAAAAAAAAAAAAAAAAAAAAAAAAAAAAAAAAAAAAAAAAAAAAAAAAAAAAAAAAAAAAAAAAAAAAAAAAAAAAAAAAAAAAAAAAAAAAAAAAAAAAAAAAAAAAAAAAAAAAAAAAAAAAAAAAAAAAAAAAAAAAAAAAAAAAAAAAAAAAAAAAAAAAAAAAAAAAAAAAAAAAAAAAAAAAAAAAAAAAAAAAAAAAAAAAAAAAAAAAAAAAAAAAAAAAAAAAAAAAAAAAAAAAAAAAAAAAAAAAAAAAAAAAAAAAAAAAAAAAAAAAAAAAAAAAAAAAAAAAAAAAAAAAAAAAAAAAAAAAAAAAAAAAAAAAAAAAAAAAAAAAAAAAAAAAAAAAAAAAAAAAAAAAAAAAAAAAAAAAAAAAAAAAAAAAAAAAAAAAAAAAAAAAAAAAAAAAAAAAAAAAAAAAAAAAAAAAAAAAAAAAAAAAAAAAAAAAAAAAAAAAAAAAAAAAAAAAAAAAAAAAAAAAAAAAAAAAAAAAAAAAAAAAAAAAAAAAAAAAAAAAAAAAAAAAAAAAAAAAAAAAAAAAAAAAAAAAAAAAAAAAAAAAAAAAAAAAAAAAAAAAAAAAAAAAAAAAAAAAAAAAAAAAAAAAAAAAAAAAAAAAAAAAAAAAAAAAAAAAAAAAAAAAAAAAAAAAAAAAAAAAAAAAAAAAAAAAAAAAAAAAAAAAAAAAAAAAAAAAAAAAAAAAAAAAAAAAAAAAAAAAAAAAAAAAAAAAAAAAAAAAAAAAAAAAAAAAAAAAAAAAAAAAAAAAAAAAAAAAAAAAAAAAAAAAAAAAAAAAAAAAAAAAAAAAAAAAAAAAAAAAAAAAAAAAAAAAAAAAAAAAAAAAAAAAAAAAAAAAAAAAAAAAAAAAAAAAAAAAAAAAAAAAAAAAAAAAAAAAAAAAAAAAAAAAAAAAAAAAAAAAAAAAAAAAAAAAAAAAAAAAAAAAAAAAAAAAAAAAAAAAAAAAAAAAAAAAAAAAAAAAAAAAAAAAAAAAAAAAAAAAAAAAAAAAAAAAAAAAAAAAAAAAAAAAAAAAAAAAAAAAAAAAAAAAAAAAAAAAAAAAAAAAAAAAAAAAAAAAAAAAAAAAAAAAAAAAAAAAAAAAAAAAAAAAAAAAAAAAAAAAAAAAAAAAAAAAAAAAAAAAAAAAAAAAAAAAAAAAAAAAAAAAAAAAAAAAAAAAAAAAAAAAAAAAAAAAAAAAAAAAAAAAAAAAAAAAAAAAAAAAAAAAAAAAAAAAAAAAAAAAAAAAAAAAAAAAAAAAAAAAAAAAAAAAAAAAAAAAAAAAAAAAAAAAAAAAAAAAAAAAAAAAAAAAAAAAAAAAAAAAAAAAAAAAAAAAAAAAAAAAAAAAAAAAAAAAAAAAAAAAAAAAAAAAAAAAAAAAAAAAAAAAAAAAAAAAAAAAAAAAAAAAAAAAAAAAAAAAAAAAAAAAAAAAAAAAAAAAAAAAAAAAAAAAAAAAAAAAAAAAAAAAAAAAAAAAAAAAAAAAAAAAAAAAAAAAAAAAAAAAAAAAAAAAAAAAAAAAAAAAAAAAAAAAAAAAAAAAAAAAAAAAAAAAAAAAAAAAAAAAAAAAAAAAAAAAAAAAAAAAAAAAAAAAAAAAAAAAAAAAAAAAAAAAAAAAAAAAAAAAAAAAAAAAAAAAAAAAAAAAAAAAAAAAAAAAAAAAAAAAAAAAAAAAAAAAAAAAAAAAAAAAAAAAAAAAAAAAAAAAAAAAAAAAAAAAAAAAAAAAAAAAAAAAAAAAAAAAAAAAAAAAAAAAAAAAAAAAAAAAAAAAAAAAAAAAAAAAAAAAAAAAAAAAAAAAAAAAAAAAAAAAAAAAAAAAAAAAAAAAAAAAAAAAAAAAAAAAAAAAAAAAAAAAAAAAAAAAAAAAAAAAAAAAAAAAAAAAAAAAAAAAAAAAAAAAAAAAAAAAAAAAAAAAAAAAAAAAAAAAAAAAAAAAAAAAAAAAAAAAAAAAAAAAAAAAAAAAAAAAAAAAAAAAAAAAAAAAAAAAAAAAAAAAAAAAAAAAAAAAAAAAAAAAAAAAAAAAAAAAAAAAAAAAAAAAAAAAAAAAAAAAAAAAAAAAAAAAAAAAAAAAAAAAAAAAAAAAAAAAAAAAAAAAAAAAAAAAAAAAAAAAAAAAAAAAAAAAAAAAAAAAAAAAAAAAAAAAAAAAAAAAAAAAAAAAAAAAAAAAAAAAAAAAAAAAAAAAAAAAAAAAAAAAAAAAAAAAAAAAAAAAAAAAAAAAAAAAAAAAAAAAAAAAAAAAAAAAAAAAAAAAAAAAAAAAAAAAAAAAAAAAAAAAAAAAAAAAAAAAAAAAAAAAAAAAAAAAAAAAAAAAAAAAAAAAAAAAAAAAAAAAAAAAAAAAAAAAAAAAAAAAAAAAAAAAAAAAAAAAAAAAAAAAAAAAAAAAAAAAAAAAAAAAAAAAAAAAAAAAAAAAAAAAAAAAAAAAAAAAAAAAAAAAAAAAAAAAAAAAAAAAAAAAAAAAAAAAAAAAAAAAAAAAAAAAAAAAAAAAAAAAAAAAAAAAAAAAAAAAAAAAAAAAAAAAAAAAAAAAAAAAAAAAAAAAAAAAAAAAAAAAAAAAAAAAAAAAAAAAAAAAAAAAAAAAAAAAAAAAAAAAAAAAAAAAAAAAAAAAAAAAAAAAAAAAAAAAAAAAAAAAAAAAAAAAAAAAAAAAAAAAAAAAAAAAAAAAAAAAAAAAAAAAAAAAAAAAAAAAAAAAAAAAAAAAAAAAAAAAAAAAAAAAAAAAAAAAAAAAAAAAAAAAAAAAAAAAAAAAAAAAAAAAAAAAAAAAAAAAAAAAAAAAAAAAAAAAAAAAAAAAAAAAAAAAAAAAAAAAAAAAAAAAAAAAAAAAAAAAAAAAAAAAAAAAAAAAAAAAAAAAAAAAAAAAAAAAAAAAAAAAAAAAAAAAAAAAAAAAAAAAAAAAAAAAAAAAAAAAAAAAAAAAAAAAAAAAAAAAAAAAAAAAAAAAAAAAAAAAAAAAAAAAAAAAAAAAAAAAAAAAAAAAAAAAAAAAAAAAAAAAAAAAAAAAAAAAAAAAAAAAAAAAAAAAAAAAAAAAAAAAAAAAAAAAAAAAAAAAAAAAAAAAAAAAAAAAAAAAAAAAAAAAAAAAAAAAAAAAAAAAAAAAAAAAAAAAAAAAAAAAAAAAAAAAAAAAAAAAAAAAAAAAAAAAAAAAAAAAAAAAAAAAAAAAAAAAAAAAAAAAAAAAAAAAAAAAAAAAAAAAAAAAAAAAAAAAAAAAAAAAAAAAAAAAAAAAAAAAAAAAAAAAAAAAAAAAAAAAAAAAAAAAAAAAAAAAAAAAAAAAAAAAAAAAAAAAAAAAAAAAAAAAAAAAAAAAAAAAAAAAAAAAAAAAAAAAAAAAAAAAAAAAAAAAAAAAAAAAAAAAAAAAAAAAAAAAAAAAAAAAAAAAAAAAAAAAAAAAAAAAAAAAAAAAAAAAAAAAAAAAAAAAAAAAAAAAAAAAAAAAAAAAAAAAAAAAAAAAAAAAAAAAAAAAAAAAAAAAAAAAAAAAAAAAAAAAAAAAAAAAAAAAAAAAAAAAAAAAAAAAAAAAAAAAAAAAAAAAAAAAAAAAAAAAAAAAAAAAAAAAAAAAAAAAAAAAAAAAAAAAAAAAAAAAAAAAAAAAAAAAAAAAAAAAAAAAAAAAAAAAAAAAAAAAAAAAAAAAAAAAAAAAAAAAAAAAAAAAAAAAAAAAAAAAAAAAAAAAAAAAAAAAAAAAAAAAAAAAAAAAAAAAAAAAAAAAAAAAAAAAAAAAAAAAAAAAAAAAAAAAAAAAAAAAAAAAAAAAAAAAAAAAAAAAAAAAAAAAAAAAAAAAAAAAAAAAAAAAAAAAAAAAAAAAAAAAAAAAAAAAAAAAAAAAAAAAAAAAAAAAAAAAAAAAAAAAAAAAAAAAAAAAAAAAAAAAAAAAAAAAAAAAAAAAAAAAAAAAAAAAAAAAAAAAAAAAAAAAAAAAAAAAAAAAAAAAAAAAAAAAAAAAAAAAAAAAAAAAAAAAAAAAAAAAAAAAAAAAAAAAAAAAAAAAAAAAAAAAAAAAAAAAAAAAAAAAAAAAAAAAAAAAAAAAAAAAAAAAAAAAAAAAAAAAAAAAAAAAAAAAAAAAAAAAAAAAAAAAAAAAAAAAAAAAAAAAAAAAAAAAAAAAAAAAAAAAAAAAAAAAAAAAAAAAAAAAAAAAAAAAAAAAAAAAAAAAAAAAAAAAAAAAAAAAAAAAAAAAAAAAAAAAAAAAAAAAAAAAAAAAAAAAAAAAAAAAAAAAAAAAAAAAAAAAAAAAAAAAAAAAAAAAAAAAAAAAAAAAAAAAAAAAAAAAAAAAAAAAAAAAAAAAAAAAAAAAAAAAAAAAAAAAAAAAAAAAAAAAAAAAAAAAAAAAAAAAAAAAAAAAAAAAAAAAAAAAAAAAAAAAAAAAAAAAAAAAAAAAAAAAAAAAAAAAAAAAAAAAAAAAAAAAAAAAAAAAAAAAAAAAAAAAAAAAAAAAAAAAAAAAAAAAAAAAAAAAAAAAAAAAAAAAAAAAAAAAAAAAAAAAAAAAAAAAAAAAAAAAAAAAAAAAAAAAAAAAAAAAAAAAAAAAAAAAAAAAAAAAAAAAAAAAAAAAAAAAAAAAAAAAAAAAAAAAAAAAAAAAAAAAAAAAAAAAAAAAAAAAAAAAAAAAAAAAAAAAAAAAAAAAAAAAAAAAAAAAAAAAAAAAAAAAAAAAAAAAAAAAAAAAAAAAAAAAAAAAAAAAAAAAAAAAAAAAAAAAAAAAAAAAAAAAAAAAAAAAAAAAAAAAAAAAAAAAAAAAAAAAAAAAAAAAAAAAAAAAAAAAAAAAAAAAAAAAAAAAAAAAAAAAAAAAAAAAAAAAAAAAAAAAAAAAAAAAAAAAAAAAAAAAAAAAAAAAAAAAAAAAAAAAAAAAAAAAAAAAAAAAAAAAAAAAAAAAAAAAAAAAAAAAAAAAAAAAAAAAAAAAAAAAAAAAAAAAAAAAAAAAAAAAAAAAAAAAAAAAAAAAAAAAAAAAAAAAAAAAAAAAAAAAAAAAAAAAAAAAAAAAAAAAAAAAAAAAAAAAAAAAAAAAAAAAAAAAAAAAAAAAAAAAAAAAAAAAAAAAAAAAAAAAAAAAAAAAAAAAAAAAAAAAAAAAAAAAAAAAAAAAAAAAAAAAAAAAAAAAAAAAAAAAAAAAAAAAAAAAAAAAAAAAAAAAAAAAAAAAAAAAAAAAAAAAAAAAAAAAAAAAAAAAAAAAAAAAAAAAAAAAAAAAAAAAAAAAAAAAAAAAAAAAAAAAAAAAAAAAAAAAAAAAAAAAAAAAAAAAAAAAAAAAAAAAAAAAAAAAAAAAAAAAAAAAAAAAAAAAAAAAAAAAAAAAAAAAAAAAAAAAAAAAAAAAAAAAAAAAAAAAAAAAAAAAAAAAAAAAAAAAAAAAAAAAAAAAAAAAAAAAAAAAAAAAAAAAAAAAAAAAAAAAAAAAAAAAAAAAAAAAAAAAAAAAAAAAAAAAAAAAAAAAAAAAAAAAAAAAAAAAAAAAAAAAAAAAAAAAAAAAAAAAAAAAAAAAAAAAAAAAAAAAAAAAAAAAAAAAAAAAAAAAAAAAAAAAAAAAAAAAAAAAAAAAAAAAAAAAAAAAAAAAAAAAAAAAAAAAAAAAAAAAAAAAAAAAAAAAAAAAAAAAAAAAAAAAAAAAAAAAAAAAAAAAAAAAAAAAAAAAAAAAAAAAAAAAAAAAAAAAAAAAAAAAAAAAAAAAAAAAAAAAAAAAAAAAAAAAAAAAAAAAAAAAAAAAAAAAAAAAAAAAAAAAAAAAAAAAAAAAAAAAAAAAAAAAAAAAAAAAAAAAAAAAAAAAAAAAAAAAAAAAAAAAAAAAAAAAAAAAAAAAAAAAAAAAAAAAAAAAAAAAAAAAAAAAAAAAAAAAAAAAAAAAAAAAAAAAAAAAAAAAAAAAAAAAAAAAAAAAAAAAAAAAAAAAAAAAAAAAAAAAAAAAAAAAAAAAAAAAAAAAAAAAAAAAAAAAAAAAAAAAAAAAAAAAAAAAAAAAAAAAAAAAAAAAAAAAAAAAAAAAAAAAAAAAAAAAAAAAAAAAAAAAAAAAAAAAAAAAAAAAAAAAAAAAAAAAAAAAAAAAAAAAAAAAAAAAAAAAAAAAAAAAAAAAAAAAAAAAAAAAAAAAAAAAAAAAAAAAAAAAAAAAAAAAAAAAAAAAAAAAAAAAAAAAAAAAAAAAAAAAAAAAAAAAAAAAAAAAAAAAAAAAAAAAAAAAAAAAAAAAAAAAAAAAAAAAAAAAAAAAAAAAAAAAAAAAAAAAAAAAAAAAAAAAAAAAAAAAAAAAAAAAAAAAAAAAAAAAAAAAAAAAAAAAAAAAAAAAAAAAAAAAAAAAAAAAAAAAAAAAAAAAAAAAAAAAAAAAAAAAAAAAAAAAAAAAAAAAAAAAAAAAAAAAAAAAAAAAAAAAAAAAAAAAAAAAAAAAAAAAAAAAAAAAAAAAAAAAAAAAAAAAAAAAAAAAAAAAAAAAAAAAAAAAAAAAAAAAAAAAAAAAAAAAAAAAAAAAAAAAAAAAAAAAAAAAAAAAAAAAAAAAAAAAAAAAAAAAAAAAAAAAAAAAAAAAAAAAAAAAAAAAAAAAAAAAAAAAAAAAAAAAAAAAAAAAAAAAAAAAAAAAAAAAAAAAAAAAAAAAAAAAAAAAAAAAAAAAAAAAAAAAAAAAAAAAAAAAAAAAAAAAAAAAAAAAAAAAAAAAAAAAAAAAAAAAAAAAAAAAAAAAAAAAAAAAAAAAAAAAAAAAAAAAAAAAAAAAAAAAAAAAAAAAAAAAAAAAAAAAAAAAAAAAAAAAAAAAAAAAAAAAAAAAAAAAAAAAAAAAAAAAAAAAAAAAAAAAAAAAAAAAAAAAAAAAAAAAAAAAAAAAAAAAAAAAAAAAAAAAAAAAAAAAAAAAAAAAAAAAAAAAAAAAAAAAAAAAAAAAAAAAAAAAAAAAAAAAAAAAAAAAAAAAAAAAAAAAAAAAAAAAAAAAAAAAAAAAAAAAAAAAAAAAAAAAAAAAAAAAAAAAAAAAAAAAAAAAAAAAAAAAAAAAAAAAAAAAAAAAAAAAAAAAAAAAAAAAAAAAAAAAAAAAAAAAAAAAAAAAAAAAAAAAAAAAAAAAAAAAAAAAAAAAAAAAAAAAAAAAAAAAAAAAAAAAAAAAAAAAAAAAAAAAAAAAAAAAAAAAAAAAAAAAAAAAAAAAAAAAAAAAAAAAAAAAAAAAAAAAAAAAAAAAAAAAAAAAAAAAAAAAAAAAAAAAAAAAAAAAAAAAAAAAAAAAAAAAAAAAAAAAAAAAAAAAAAAAAAAAAAAAAAAAAAAAAAAAAAAAAAAAAAAAAAAAAAAAAAAAAAAAAAAAAAAAAAAAAAAAAAAAAAAAAAAAAAAAAAAAAAAAAAAAAAAAAAAAAAAAAAAAAAAAAAAAAAAAAAAAAAAAAAAAAAAAAAAAAAAAAAAAAAAAAAAAAAAAAAAAAAAAAAAAAAAAAAAAAAAAAAAAAAAAAAAAAAAAAAAAAAAAAAAAAAAAAAAAAAAAAAAAAAAAAAAAAAAAAAAAAAAAAAAAAAAAAAAAAAAAAAAAAAAAAAAAAAAAAAAAAAAAAAAAAAAAAAAAAAAAAAAAAAAAAAAAAAAAAAAAAAAAAAAAAAAAAAAAAAAAAAAAAAAAAAAAAAAAAAAAAAAAAAAAAAAAAAAAAAAAAAAAAAAAAAAAAAAAAAAAAAAAAAAAAAAAAAAAAAAAAAAAAAAAAAAAAAAAAAAAAAAAAAAAAAAAAAAAAAAAAAAAAAAAAAAAAAAAAAAAAAAAAAAAAAAAAAAAAAAAAAAAAAAAAAAAAAAAAAAAAAAAAAAAAAAAAAAAAAAAAAAAAAAAAAAAAAAAAAAAAAAAAAAAAAAAAAAAAAAAAAAAAAAAAAAAAAAAAAAAAAAAAAAAAAAAAAAAAAAAAAAAAAAAAAAAAAAAAAAAAAAAAAAAAAAAAAAAAAAAAAAAAAAAAAAAAAAAAAAAAAAAAAAAAAAAAAAAAAAAAAAAAAAAAAAAAAAAAAAAAAAAAAAAAAAAAAAAAAAAAAAAAAAAAAAAAAAAAAAAAAAAAAAAAAAAAAAAAAAAAAAAAAAAAAAAAAAAAAAAAAAAAAAAAAAAAAAAAAAAAAAAAAAAAAAAAAAAAAAAAAAAAAAAAAAAAAAAAAAAAAAAAAAAAAAAAAAAAAAAAAAAAAAAAAAAAAAAAAAAAAAAAAAAAAAAAAAAAAAAAAAAAAAAAAAAAAAAAAAAAAAAAAAAAAAAAAAAAAAAAAAAAAAAAAAAAAAAAAAAAAAAAAAAAAAAAAAAAAAAAAAAAAAAAAAAAAAAAAAAAAAAAAAAAAAAAAAAAAAAAAAAAAAAAAAAAAAAAAAAAAAAAAAAAAAAAAAAAAAAAAAAAAAAAAAAAAAAAAAAAAAAAAAAAAAAAAAAAAAAAAAAAAAAAAAAAAAAAAAAAAAAAAAAAAAAAAAAAAAAAAAAAAAAAAAAAAAAAAAAAAAAAAAAAAAAAAAAAAAAAAAAAAAAAAAAAAAAAAAAAAAAAAAAAAAAAAAAAAAAAAAAAAAAAAAAAAAAAAAAAAAAAAAAAAAAAAAAAAAAAAAAAAAAAAAAAAAAAAAAAAAAAAAAAAAAAAAAAAAAAAAAAAAAAAAAAAAAAAAAAAAAAAAAAAAAAAAAAAAAAAAAAAAAAAAAAAAAAAAAAAAAAAAAAAAAAAAAAAAAAAAAAAAAAAAAAAAAAAAAAAAAAAAAAAAAAAAAAAAAAAAAAAAAAAAAAAAAAAAAAAAAAAAAAAAAAAAAAAAAAAAAAAAAAAAAAAAAAAAAAAAAAAAAAAAAAAAAAAAAAAAAAAAAAAAAAAAAAAAAAAAAAAAAAAAAAAAAAAAAAAAAAAAAAAAAAAAAAAAAAAAAAAAAAAAAAAAAAAAAAAAAAAAAAAAAAAAAAAAAAAAAAAAAAAAAAAAAAAAAAAAAAAAAAAAAAAAAAAAAAAAAAAAAAAAAAAAAAAAAAAAAAAAAAAAAAAAAAAAAAAAAAAAAAAAAAAAAAAAAAAAAAAAAAAAAAAAAAAAAAAAAAAAAAAAAAAAAAAAAAAAAAAAAAAAAAAAAAAAAAAAAAAAAAAAAAAAAAAAAAAAAAAAAAAAAAAAAAAAAAAAAAAAAAAAAAAAAAAAAAAAAAAAAAAAAAAAAAAAAAAAAAAAAAAAAAAAAAAAAAAAAAAAAAAAAAAAAAAAAAAAAAAAAAAAAAAAAAAAAAAAAAAAAAAAAAAAAAAAAAAAAAAAAAAAAAAAAAAAAAAAAAAAAAAAAAAAAAAAAAAAAAAAAAAAAAAAAAAAAAAAAAAAAAAAAAAAAAAAAAAAAAAAAAAAAAAAAAAAAAAAAAAAAAAAAAAAAAAAAAAAAAAAAAAAAAAAAAAAAAAAAAAAAAAAAAAAAAAAAAAAAAAAAAAAAAAAAAAAAAAAAAAAAAAAAAAAAAAAAAAAAAAAAAAAAAAAAAAAAAAAAAAAAAAAAAAAAAAAAAAAAAAAAAAAAAAAAAAAAAAAAAAAAAAAAAAAAAAAAAAAAAAAAAAAAAAAAAAAAAAAAAAAAAAAAAAAAAAAAAAAAAAAAAAAAAAAAAAAAAAAAAAAAAAAAAAAAAAAAAAAAAAAAAAAAAAAAAAAAAAAAAAAAAAAAAAAAAAAAAAAAAAAAAAAAAAAAAAAAAAAAAAAAAAAAAAAAAAAAAAAAAAAAAAAAAAAAAAAAAAAAAAAAAAAAAAAAAAAAAAAAAAAAAAAAAAAAAAAAAAAAAAAAAAAAAAAAAAAAAAAAAAAAAAAAAAAAAAAAAAAAAAAAAAAAAAAAAAAAAAAAAAAAAAAAAAAAAAAAAAAAAAAAAAAAAAAAAAAAAAAAAAAAAAAAAAAAAAAAAAAAAAAAAAAAAAAAAAAAAAAAAAAAAAAAAAAAAAAAAAAAAAAAAAAAAAAAAAAAAAAAAAAAAAAAAAAAAAAAAAAAAAAAAAAAAAAAAAAAAAAAAAAAAAAAAAAAAAAAAAAAAAAAAAAAAAAAAAAAAAAAAAAAAAAAAAAAAAAAAAAAAAAAAAAAAAAAAAAAAAAAAAAAAAAAAAAAAAAAAAAAAAAAAAAAAAAAAAAAAAAAAAAAAAAAAAAAAAAAAAAAAAAAAAAAAAAAAAAAAAAAAAAAAAAAAAAAAAAAAAAAAAAAAAAAAAAAPZZAQBNOVDcLPskRYE+RaJk0/Zflpyr37IwH2JmRFd5PTzqQX1X43eeGqhLpwzG0lg78Dd4Hga4CoLq3gymTb56K9UFKCKKBvtdw5HdOGj8q1sldI0SkRP/MI8BHA3BRO/Ypvv+p5ulJPWzWx7CEUNhYDybZV/BVPW8u7HgfbcQajNFUxKMfdhMq07ZWT1qT2Qvw+l8+ikBEUmW73mBZ6gblviI1YiuSRqHE/nngzPSNrh0I+YCEwT7wp+1NXQ3jVaFDQDl5V3Azxtit7fxljZQwNfzAOGEjIl0UmZE9PZqxFeQYDOIcbeEX0FiXmHFNuSqKac0ezUTPmH+tqCc5BVSj0B4WHPIqwAUo1pJREFUeAHtwAOgJFmWxvH/d+6NyMyncktjrm3btm3btm3btm1pjJ6WSq+eMjMi7vl2t2p6poc7a9WvHly6IIC0hcC2QqDAiHQE2aSSQcFGIKUtsCSMbYtAxthJhDITOyIQiW2HJYWNApyWJDVn2KB0olLAknHYSREOkZLTIjHNLpKR08illClTdkRgIIUsOU0gSSqCzAyw5NYyhJsdIZWIBGhOSYCEFWEUymZIRwkkp20rjYiING4tsSShtBGSQhicSJIdobSTFCEgJIAIBK1JZGIliQEJRRU2dgPZmRARGGQlRhLGJgpOjcMQtZaQAZPOkGxCoEgcQba0HRFV0eyWk4hMl6JQMYgEiJLZAiHZltMqyBinEchSkbGzZYZCxgUgUMtmVBTIlkgTkgMycVEgAjWnFDhtYUcoBc2AgkzSTQROhKSIaIqStki7gCIQOTaHQmFSJk0UnMpMggIJWHaCkLFBhICC0o6QLex0IrCzIVFKQSQuEU6kzBQgkc2EwFWFIk82KWFbUQTGZBoA41KqbSAlZabTBpAUEhI2GMtySE4AsKJAgrARBlomCYEsB4HtQFgUMLYlAVKItBSK1jJC2JadYCsimxW2w0xSiQicSAHNBmUztChhVJAJ4WbLhEASJJkGCFDIkFMzKkURxdgp52RJQNqFcJjMdKhI2EYEkSQBFrZxKAJRIrPZhGyFMpHGYSq1OBOJEOnEZJrou9KmTLlGSRM2EhgJCRuDACUZyE4Ik9OUISkQMgqbItKllMROQTOE1NIK1SiYaZqiRKaNhaMUkBIrQQKDnRBOKwg5TRBTNgMmQtkyglI7p00SgR0KnM0g5IQoJYSayTbaSAqUAiyTAoNtLIsAS5CyUirIRJQEYa5IUpnZAqWxLAsiBLIi1GyBpAhaKgBNmTKEJEdEpgCcFkpHKemMiJzSAikwQsam2RI1yjQ1JGGVyLRsRchuBiWWSREUFQSRzgicsr0eVtMwLRaLkJqzRDFECQH2lKlEoRSka63OhLRCQgpkUrah2djOlgrZ6VTpKgjSliQyEyRLpYi0EZkpS4GItG0DiIiQ5NYiArk5pBZES0JOWxFCkuQ0ammwhFG2jBAAJjHGVhQJp60g06QiwCJsE0hBpo1w4ihVNiKQkW05UYE0EgYnCmMsySEht8kGCMlBRME4c2oNFFVKIWdz1Mi0BMi4IEuQslozIkJgKTDraZWTa98JRNgOYUkEYQF2GhGSbSRjjIyxbSkcRLqFikrgJIVQBM5MKLSWOBGyZKkagkxUDHYilZAkbCcAknAaY5IIIVprzlSJiJACY6UnU0WzwBFq6ZBCGEFakiNkG4PJTAU2YDuKnBHCAc1gjIWihFsaB1BKusmynZkRiijYYFAKoTCqYdvNLRshIWwSy7IiBDQnIlRwc0hWy0QUQqGkFSoht0zZzcjYJYoUaWdrdkatkpSYxFCE3cass9qm5mxSKSWMJaURShyyQpHRSDKlMjlrFDvTGYgQgsS2QUZACdkqBTttZyJoGV0XQlJrid1aUgrOEiEwThtwOqLgNCDZDROlOjEtUKZVFMhgEoedtiTAKhHITkXJbCQRYdtKmqPrhLCNwQluLSJsQdoCEJIgndhCDkmEAqeNsRAEQoET4USWS9LGcYqIogIklEKoTDmFCkik08KUIAEhwEZFBVo6MURxNkAKSSZEtmwCiyAQNkLOTBBXGNlpSyEKpXz6p3xikigCJSBjFC6KbClQKcjZEDjUWsMOpJA9iQgVg2wUYISQpIjS3DByhJRgp21MGmeGZGdaUpQoQumU5WxYkqeplQgknFIIJQ5Csp22SxQL4RqFgpNhnBSKEkIIZ+IEpjZJRC3GRUWhiCgR0zhhISsKQmCUObUpkXCGRAoZsE1EhLATkyZIW1KRIsI2MumIQLJbGqlEyM6cmkUgh5DsTMskaYVCRFEpVZAWTiRQCCkkCdmWTUQpJVA6Q5RSJGU2t5Ym07WWUsM2TgiyZUsppAIIQqAoNaSQDIECp4l0GiKKJOMENUsQFJVsabBtqQiVaC1DKl2xhTFGJTMjZLtl2s6Wma1GJWhT1hpCkpKURHOjRRc0oGVaQRBYKkUSLSMQ2KSbDWAnSAq7tcxQYOxUKBRks0ln1ChRQrJTEQFCAoVa2k7LtosUpUaRAsBYCluCzFZCSALjru9qKcYtbWWoSmqZpUS64TQYJXZzKQVsOyws5JCw0ylkp7GkBGdCKRGtjdnSBgQIMtvYmhQEoRK1E5ZKKWGUrRkhgTGhaKRKAQkEmdgpQgKFlBhDSEjZmpDTClDBuDUBKKJIMjibM8NOpe10U0Q2N7eAhrKlkCLsFAKcadktkQyIolCRwCZCkhQKEaEkRWAyMxQRihK2Q7SWbhByMmaLIlkpQhIIJNWoVkbUqY0FVEpkZtCypdXVAqQnIcByEKAQlsiWGAmDrRJAiWIw2MapEjSXWsISkphaIkC2aygUdhq3bC1bUSBhjy0jVEsI2STOzFKKDAInwnYoJNKygURkQjFWlYiQsLEzxxahUBBy2hiFW2IbSgR2hJwZtYaLQhEKFdvCKTw1Y0mYlokYh9FWaymlpRI1IghlawmtTSBCtmyHJBEqICmVgBJCElIIEhQhQZpQZCYlwEUFgZTZpCglFBKSZDkkJBqSVEJ22pIgMynIaUQ/m3VdtbO1BCKiyJJaS5wqRYFwKSXbRAgbK6GEZDknB0EYI0WpAKjUkk7szAyFQhIRChXh5kQEkiIiAGyJCEIRRUKW044SIlo2p0optkuUzJSKsKTMtHFOWKXWvnaexiSjBA0HTuwstUoYIEupETjtdISilKKwTahEsayoQbo5SjhUIKQMSEsWRFSQMCFBqIBBaRtDpNMmIrAiIsmqEEo7SgGHVWuNUmRnaxDCIAshSZCZFJXlann3XffM5rOulBIVMrOpRhCA5IhQVDItp12kEoWQ7apAoVARFkKhICSDbbDTEnJRiUBEkdyykSFhcERRlChAhCAsIRck2c02cokqiAjCmZlSRUgBmS0klVIJFWXaaQRYUUI2CCKEkQRIMlmiSkFINkWhUKilBWTDjpAAiKhJOi2TmUkKohZMywYQESiQSrRMm1KUdqAIBEObQqEIh8Zxam2qCglLgAArImotOLOZyxQKKbOB0pRSS9E0TWOOUWoRklAOw5ikoghHiRIRtYRJFJIthAR2lELLZkKRmbZBsktXArBUAuQEpYQUhoiQIEpOE1JrUygQLVta2LYdCkejBRZCykxFkeRmEE6FaqktnYkk24AjClKJCGWzUQ1lGrkUYdt2c5QSATgcCll2a0hRCoa0nSDjacqiQITC4chQQZIkGct2K1FCoFAhkAGsEGnZhkwLQl10EpG4lFJLR5GwUHOLlBQRaaeNS5QoUokaocA4USWTbLZdSthqbbJRSM5mF2gmxxZISLIiiAgpyVKKpJaJjaNEyaB82qd+MlFKhEJCgijFCTJCiqIA7JRk0pmgVJKSQgpwyKkICeyWiqII8NSc6VJQ1AgVyYBUikKyFFEjIiRFlCKhTEuFQFapJe1AUcqUKSwHMrZKQFBUpCAsbJy23NcuSgFHFLKlKV1BAS61tKllZgkJhmmSUKiWYts0VMjMtNMIhSQABEappAloJAYZwLUUKZqbW0rCcjhKOLEBjENhsGUbPGW6ZakhDKFaAZM2Es60VUJShHDaboABQjgi0oYoJSJkexzGqbUoJYKIghNbUQJLUiiiQFOUogIKoRBSpnGmCBMlnElLUISEokQ6FSqlKsKmtUTuapVCYINkCzukCGECtTZNU6uhUkpEkCiIKNmaIiRnWhBRABBJOqWwrZAjSkSUkI3TyIrWJikUTFPWrguVdMvMEoWINk0qJUQQYxqy1looJZQ2kkQpIUuSDahGWGGwcSjAVkTUKMYiM40UUaRQqEQASa7Xa9KSFAJscBpJilJCgSJCIFDUcKbJUiLUYUmRWJmlVgkpwDWCUE52RGZiR4SkMVsAiiBCQkAIRUTiKFEUURAiwmSJAEm0bMYIY2SQFFiUUFoBEoCxyCmdLTMzM0oQRISdrTVwJooQRpKKSakIQEBIEgZnKjRNLdM1AkxEIONQsZ0Gy9gqSWJbCsmZ4NIVkBHOBBpIdktnqR12iSJJoaJiKRRIiKA4s9SatjInPA2tZeuKLAtCBZE5RVRslWgJnqCECAVS2m4uIUgpSGMjFUkFmygiFKEgFCETVVFLSw/DOlCpxQggMyWhUNiWpIicsrmVUkupxiWkiIgotdpWOERL3FqtNYgcpyZFURtzHBvONIRKKQKw7cyUASHLoFApSIgQyEAQjpymqQ2TahQVS4CtWkIRoqAU0XUFhZS2cILSGSE7W2aJiAjLCAgSFQiEImTbRgQggSQ7pNZSIAFgO225RrEJSAArQlJYqqWIzJxaIkME4ZzGREEoQpJERJSopSLnlEDKUikShAigZbpZtdRSSpSWaRIkIm1BRBQp007XroQlhRQSIItCCNJNEgKsUsGtZUiSFGFbyKa1FlYIp0qQbsYhhUICDJAWiiIUxhK0NmUKhaIUlVApnSFgmEaTWKDWDBChcKlF2DaAIVSLcCAJCmpOwJkKIYUiabYdhAIrSUm27JQiSmSmMBg7SREK20QVDgIMTictJwyyI+wmSRAAapm1hlDtZn1XFDWIKScpAlSiKCBESLRpUkRIEdg2qqVE1TBOmZMIUIlAzsyWaRmUtkAISY4aTEYYQyiiEg2KLItIR8gwtSmiyGAEDsmkDSZRRKg43bJFSMjWOA6lFqct11IUKioSaSQFtHTLzJaW7XRiG0GiEjRL2GTLrq9RSoipORNJCEFCQZIUpeuKVHJKCUkRUSIw49RaG9JIkmSnFFKUUiVltmxTlAhJXS3IjgiV0pVqG+xQESRWIEk4M62CLZyW7K72pUS2ZgyRmQJJskqJ9TCKUkoQypZRRNqWw8VSFGxZBFIgS2ot7VZqV0KZ2VpKypZFEhBIBaNwZmI5M50lSokoEVLUUEtLBkqp2VqmSauUbA5spx2Q6SyhrhanIwLbJopCkR5xlFIMQEhECJWuZEsQkJklqu3mVktFkW6GUCStDWNOrXSl1NpwcSCnE6tlcyaolBoRCmwLEVEkSTmlJUnDejBZai2hIJxZQqXWhMwmkc1hVCMzbZfaSSHIbLbTbtkAhO0SIRQlMERmqk1TjaIImi0ZS4EMAmxCBMhEhJstyyFSEWSWT/mUTypF2FJIAAkGLIEK49hw2qQTSRERIj21TBvb2JnO5nSKgJCMm1MYjFQiQhI2MimEyZYgiSghkzbYoJCcBoGdFldka0kiIWGFQEpk2WnsELacbb0esCNk2yAjgdSmxNhWhKG1CSkibAsiOjkbBgGWSdJGKgqwpIiwZChRI1RK4Gg5RRSFIiLTiEIAJQKwsqhElAgVSaFQtKk1MhRSGNkNWZJb2kIUFQTOREVhbCiShazMdKoUptYkJSbd9d2s66SwPWZKEtGyhUKlYFTkdNpRhdTG1loaG4eEAtuKKFGkUiJNm5oUIsY2DeMQtskSkWkpSomoNUJuThEhALnUmg0FRqWo1K7UEhKgGm7ZDCCUIkKZLUJItZRaO5lMSyyPlgrZUoDCmQqXWmuRTTqdSCFJyHbIQSCHAgERksEYuyhATQhhQBJgiVJKsVSKbIdksmVaoQgJYzJQ2gin09RaJNImU0IRkiwkgbBLCcQ0TWFaczprKYQkalGUyJbIUpHAkgSUUiIiSkQJSYYaEVFCcjppWBag5lajSkKQSkFmKcVpICShKCGhCDKMI2SnbEVIAotAlsE5tEmKritRKukQApUipIhaS0SRisk2ZRRFqUWhkDES6VJLy1ZL1FKRE4EBIdmJbZt02jRsCGcDSRFFiZ0qggihKCGIUiOMKVEQmGyZWHIojCWrRCYRlFIpEYqQSq0haIGEUBQ3W4Qic8JRIqIW2zYh9bUjBAhJpO1AUkRgjKdpysyiSKVtpECtJaY5+76PWkJFkNDVIglnmrRbTqC+7xWSMBCSAwzYIYdRKABjkEpERCQKSUgqUSKCCAnbLVMqpdZaS0SUKJmyE0ECNgqpZU5tCkm1VhWFkESUUHPWKIQjSi1VITcbQjSrIIWQZEWolCKEJBDYCYVAESSSjJEspQmsUBqQM9MphaRGVpVSi0Jtauls6ZwmA5LSDdsZJpAEkJlhJKmEQiDbbm7ZyIiuoAyXKBFRMjOdYasrRZqmMVsSighFYDkTUFGoOqexpWlBoJhyKhEoJJw5tZYpCZl0SuHW2tSilFIKkE6lkcBuTmwzeQqVQBZCrY1TNoxC6VQoCIlM01oai1qK7WGcppaSur6mExOlhADZmThCKDCGUESUtCUJCYAk08YgYWSy2c4SslQUgIUUEkAphTA2QShsEpUSEBJOZ9rO1iajEqXZSBGFqkJEKU6wHLKzRJGkUNd381lfIkyWiFqrSi2SSmRO4zQJq0REiSg2thVqbXJLmqOTVCKEFJZKCJUIFUSEMBaB7AjbBAoFkTlBYMAyZI5tcqKQhO0k0xTJkK1ZIZIoIkspiqKiTBMRUomCcEQIG0mZzdnSZEsri0JyiWocKhHKlgRumrJJpI2TKBEytDY5kEFqrZWIqEVSRDithIJROoUAY6dBXQSKtDFOWy6l1IgpM6IUpFIAAQWsEGObxmGoXYdCOHE2A8PQFESJqkKUEopSCDvdWgsiIkpfaulAKWOAlpMQYDcbE0kq3UyJ6PrOkNMUtZQokltLK4QTsjkkBaFinEZGsgAElBIqRQRCSCHElGlnUKKTIkJRJEuSiyIFJUy2TDcrAgXgtEqUKGS2bBA1CgG2kWyEpIjATifGRkgSNpIQRgLJRoooBZkotIwq0DRNKqpRx2xFdDVscESRnZhSSxqkEFJARAiiZRunKe2IAHC6SREIIiywEaFAblObpqk1I9wmAIQiW4JKDUw2I9daQ8WYsBCiKBRFQihzai0zVGuIQCBCKIqEwuVTPukTp2kiJIEEWBZEKVKkkWxFBKGS2TBVJXGgCFnIapkiVKIrEdEZO62QVESEhO0QxrKMQkihGKcp3bIlyKQUJClnM0UYSoRIAEWJkBBpYxvLgCOKwXKKAFCUUAg0tQwFIWdG4LRKlCgSOEvpaoQkpkw5SYEkyFJqVSEkBEJGznQmYNCUE9hEFGESB0o7FBGhkKLY6YZbGmNaa7YJAVEiipxEDYywUy2dmZJDNTC4YQkFCZLAJaoBgeTWpGhpQUSUKGnLSFYJEUUANBtUCrZCkjyNJto0GtdaanRIScrISCIYhrGl7VRYxlBUSlEtFaLZAiCwFWYi04YQSCUk1S4iigRWZo5twi6KllkACRSAEQJCSrdpmpBKiWxtmsZSOoGDCCEJSREgZ6kRESBAJQSWxmlszaWrid2aIkBkNicKbBIwBdnIraVt2wYnSNiJQlGiRBClRJDNdjqtEIoSst1yqtERChTCCgxIADm1xOBEEjI0G2dECSsFRqGIwLaFjRMJRQjbbpNRKcVYJYJI0ilQZnMmYJkkMQlOp0kTYcuJFAYbQYSyJcLGFrZl7CkTU7s66/tSiiKAtJ2OGqUUI2EnJtJNSanVaaE0LZvTraWkiLCJUiQIFxfkzHQqaoAzbSeQU4uu1iiyUSiIKG7ZWloKpxWZSQgDSku2QVgBRhKKtEnSGUEmrTWJsKKWUgJFFARJI1ENZFktqaHEigAjK+R0KZHZJFGiKDwZZJyZIOPWmmGa2jhOIRNlamMpqrUTbpMBTERp04RJHEIR/WxWVJIWUk4mcCZgFQCyTU1ySBFhEEiSRAIQCNkOCamNU+m6iDBWkdCUOY4jyhJSREQYqgTY6XTtuiIZAjU7sxmHNE0NsnYzk21KCwlwKEBSyDYZpSAypwgSWmsguyWSE2GnKFFF4kwUhHBGFEVI2BaqJYhwc2utRBhlayDjkKIWpwUOFQEyUaJEicTCEUXI2VSkCIkiQBhQZmt2iKhBkwOQxHpcr9fjfDYLafJUJFvpZiMRUXEosF0lFQkRkZl2RilCgDMUIJUIR5AtBCohOQQoJHC6tdZopXQRSLW1pgisMC1tOQ22JEt936lIETk2qUkRpUhRFCYTgoiQkEyIbC4FIiSHhHDaTilCASYkCEVmGisKUti2JGFCMg6FZESJCKKWghRBm7J2RSoKjARRSi215WRaUKNAqkSJQokAnJlJKaUAlo0MgCQFInMCMCoUwratwNmmMVsJ1dKN2TIzalcjgoiwUIKwSjQ3EgREhEJCEsLCDoVxa42k1FAoM4mwVEJRi6c2tRZE1CIpaRGlKwXJaa6QI0Mh7IiwZExLIdvOBCIkSCilSJYKki27BShCKIISBYWEECKbEwt10ZWu5NgUKlFkiLQVxkGmBZKM0um0SqgG2CaiRMgh2VgZCgkZJyZbTukaxWK9Wq1W643FXIpxmtKtKKIE6SKIUqOkUyCREBZCobRTWamGEC0dqJSIKJCJwiGhCEyp1W7j1MY2yaQsKUwaOxUyyLKi1lpqcctsaShdyEo7cUhCtVSJiDBkJpJxlFICORILKUISkp3IhbDALqWUUopIgxyC9DCOEVFqBTsFSNjYNgpFhMZxXfsOqWUrVVE6QWYKIaVtW8VSKMLTGBSVMo1j1KiKZrfWuq5TFGMEFumUlQipSFLiCKlEhEJyc4SksN2cJmVLiDAuCkKZ09QaQa1diTCUUqQYpzau1waUbZzSRI2uVELTNDY3OwJQ4EQJRTgTI7dJBEWi2E4be8wWRPnkT/mEkEpUCztJC0B2CrXWhENKgyyFMAJFKZHNkixAXVekANJJIltRWk4CsCXStiRFidamUooUhLnMmSKmnGpX0wkRxgIrpIgIKLULFEVFJUIRNSQFdiON080RgqgKKSSEMicRpRZJkkIByWURERGlBCGlur7gKEVOSySUUC2VbGNrmLSx0wi3lrJqLcIiCEQghTGUgGRqrdQSJbAkpRMkgVNRZEVgOyJsIkrI6QSiyDZSSC1tJ86QDJICLOFUBHIIhYrCuGUqIqJgYyOEooZCgNOKsJ0WNqAowpJKjRKVCHsytsFGdKWgsBxEBIpQIFtypp1MTttpSyFJJp20NAaFMFI2QNY0NUsRznREKEJRMicRkizLbk4sYye174vCEAQ2OBQSgJEcQqUok4hCej2sjIQDhQKkICBpQRAJchgjR9qWJbDJNG7ZQoFSkiS7tbRba0aBLYOQ7HEc7Jz1ve1URim2QggJhKyQbDtKRQ4ppMzMbFJIYTBClpnalM4IQYkQJt3SRoHASEhFSiCCKCEksF1KFapdFDAqEVFCyJl2SxtbRiGQZSlKSLJlGnbK2A6VEpHg1pCUaYUzbXBKAMZYKDNda0W0lpJBZBobqqLlCJSohBQIYa/HMUzpugi1dCmlK9W0KNXp1qakJRSY3AyYCDnTJkKSWmvpJKJGNQZCAZYgHSWa7TSgiECZZGvCtrNZOFSmltmyBkhgOw05JbZFZpZSbSKiZaaNHCgCi4hiE4rSlUgbZ6aIUAEP00QSUSRjG1TUlZoSobCmaZrG0VapAmFjGUvQ3FAtERFEhMjmCIEtJGEMEUVCysw0RKiqNDfSzsQuUSPCTiIKbqa1BJdSQ0pnZk7TYNOmsTmdrn1fay0IQAqFSmDbhCQJkelQCGdaKsLZMpDBmUIBRSXD2SZDRAEKIYhQZmKJiIIRltsY0R0tlweHB1sbi9oVpyMiIkQIjIykCBxRVRA4QSabUYkIFaypTWlnGux0LRFRjEyCuhqJaGmnQtM0dVGdNlaoRiiKhIozkTJKiQgbjKBlKkJQoipcoqRbQjhDRRG2MzMUtQSWjSKATNVQRCCVIplSOmNwV6ptSSVCRU6czjYBXd9LmqYmO0VYtkuniNpoioKzlEgjDLJtsFFEFAyYosjMaZqk6PsaJZBBxjYoLNwmSbawnKlQimwGRwmbzGYoJUKlqwGaWitCRrblbJkYk1iKogAbSQqJIsmZCdRSQgWwMxwgkCQbyV3X48xsUQoYMDbItnC6YTeTWCoKlUJrqQxKa61lAzoVBVFKV8KKIpWoYCEh49amJEtEtpycYRRyJoAMQhaRpEEYG1sRkjDYQERElLQDW27NkpyWqKWm07YsClhIRUEo0DSN4IgSAjmhn3WgqU2kFTYFLEuyVKJELaEICSEhQ62VCBmTCE/NyIjEBacFESGptan2Xa2dbTBOpxVhp0WJQM60s2VmZkKCpAg5m5tTqESxDJ7a1PW9kZwEILAhIqoKGKNQRIBbJi1LraEQkIltWmuZTuFMIsjM1jKkKBERUxtpTsipKUJQFMA0TethyGzZWk6pCCCiYKPoa1dLQWGlrVpqBC0x1AgRyAEEwqUUABQFbBvLogg3t1ABT5lhNWWNAGGXqKWUkNK0bJlZa+2iNCCzRIkaOSW224TTkpAiyEwTIEUpEmArSkSUKA5HFIEzWzNG2M04S6koSpSgSlLBzgjZPjw4cst5PxNKUiKIlgZjOcmW2ApIlRJ2ttYiopQKHlvLcRqnaRqnEKVWMptb+bRP+SSQ3ZzGgTEZCoFCyFildBEKohRFISenE9tgu5ZQqWBMpjGSDWkHshGqEQZApZCWiCTTtdZaOkCQQlYJCYGMbcAgoE2TpLHlNE5YALZquDVJKFpziUKJCIDmxCpFWFGilookAgAUwtgJtOapNcC2i2yiljQlBJZkMCgVEbVWhZyutZauCjnTcoQwIVQAWsspMxQSEaFQiVK6WiMUxRAg7AibMEbZRiSwVKSwG5ZNjolUa4lSbJFu2YQAIUUxDklRChERYIMkmUzXWiQFZEvCMohSO3AtBTKbjRPJrU1ThCQBklQ0TRkSlkIhYWU2wlJVRCgyMxSl1oiIEs7EilIU0Ox0y2ZkSYEURVJElCohk3aJIoEU4Rp9kewkAqUoQLpBRJEoSYqQZCBToWmc7BZRFFFK7ftaay9hFEEoEoWKJFAJOU1LixIqUaQwkiQRFIWAEgXbRpIt24RKiVJLQGJJXdeVqBbZsrU0BICa01YEJQIhORSJwaEAIUKKApkGLCEgIgCnTbMlUERRaTmBsN2MAYVkIanWaggalq0oKrXgME2Qdo1wFJ4ppYgI4dYslFBKlBKKsGzbmWBSxlElB0KSECCkEFbaCrACZEkREZLcJqQi2QUZII2ws1Ci1JCnpChq3yXplGWcCE+AotRSAoOShiKwbWcmokTBiZUtsyUYO0qUqCZLRNd1ipItp3GSMiEUoFKECkYiSggRkqK55ZTIRIlQUVEI3MY2DmuJqF0UUYqnzGylRInAioiIKFFUwlOTCEWUEgGoZZZaAjVZSQibqY0lqkhCMoGa7XSIJLoaisAGEuzMhpCkgkBRJGdrObW0CZA0tYZFULtaSiccIRGtpW1BRHS1UwTpTDubVEKolCiqpSpk59SakILEObbMJAQIYRSSFAQRwliAQmlHKKIk2GkgJYEym6c2ASXC0KaMkKK4pUJRSmvt4oXzs9lsvthomXbLNIoSIogIGwmBMcKmlIJIS5A4W1PYKIhSI5Bq4OCykGwy7Sm7riu1hGotkcikRETBCjxNLe0IgYBmy0o3KWoIBCIIFYUM2FKkm4iiSFlgSCY7+66PoNRiM04jYCtbdrUiowAUGodRCknOzGwtnXYtgdUyESGQoogMC6AqVIokMiFkkGxLFkQUg53ORFJIEgRCKdsoooANKWRsZ7YMhUKShLGQwJkWsi3RWhJEhFQoUWoEmjLb1Gwkh0hnZkYAggQkSBSKEiXCxmA5cdohlZAUUYoVIWVrsmopEkIpACRJslEW1SjYOY6T8diaW6tRIqqUzQ4EEeEpk3SmpykzmyIgIgKQqBGgkKKUNCWEgMAGgRWyIpAisE0mFEUELR1FSEKhkJxpKVRESyQLEmxhFIlJCyJKSAqNrckktGkKopQCKG1kORTCbZogI4qbgYiiILNJQdpSUOwkXCPABRWVKJFuTrfMWjuZ5gwVSVGrQAohQU6ttQxFdLWGEmXLrtSIiBIiS1SF0pBNEUzZMkMRpWamCJMCQgiBQ1hFMbYWETa2nTQnEtCaS4SIWktEtW2QKFIaYQuQIogsIdA0jGkDXd/ZsieVEpDZABFCaYOdODNCGBERIXFFYlCEMIBxqFrk1BSSJBXAGFOiqoqUUIlAkAYFhGTAKUXLVESErMQhLMlEpiMoNWiZIpw2wi1NKiSFUITAam0KgpAiooQIFZBKKCSVmk7JQkaIEH0/S7tNQ5qu6zObIbPZ7vu+1IJQKYJSSgqQ0iBCUvS1KiRa1/WqIYdlN5VP/9RPAQGYUgXYRtTa285mAowiDHZCqEQoWmZEQQgRzqnhTCgqEWqtORMUERaAsYSzgUQkZGuJZYwwUaKrdUpEa5myShe2nRCZzZZwG6c0jXSUkDS1piggSYSi1MC2ZLdskqJUk+Mw2pQSToNxEBGSrQBFZGZERAQhbE8t006bVESJgqBESChCUgiDnXZEFIUxqKWFLQWynSQICafTxum0iQgbgTAhO6WiwBAiQk4bI0tERESxUChCWASSJDkzVCPkbJnZ7EAghO0IuTUpmtMSRkJgyExjFBFhjIWMKVEJ0g6FEJkOBELYRESRLNsRgSRCoQicTlsiopTAKYKWjqJQFJENMFLLFE4rnU7LtMyCImJqOU1tvR67qH3trQxRoosSJUpmS6ekiIJtu9m2pQIoQBSFg7QVAYQCwDaJbeRmB0WFUGaCS621VifGoVIiDNM4WiIkzGWhIhAYR4SiJAhLQToCwGE1W4TkJLEUpG1sqaCIgqTIlmmHpFKliBKZbs6WUzanMyI6leY2TROQmUal65wtnUZRasiyWra0LWeTk+axTVZEieKgTZOgBIlwZmZi40ARMgKF8OQkBeM0OQiklJWtpYSFkAJEUUSNnBqWgoQ2TpkutUZUIRWZtLGdpBuI0tUSkSIwwjYWWChKgIwlRQgTQVAJp20DUUqESoQAk6BaomVSlFNGKFQiWK9bkK1NQO26kBBOIkJSs0uEIoxLBGo5OYoUJYISEaW0acq0lREloggpJNu4REmhBFs1IkISVqoZSYEdoeYsqjKNlCk1EtnNqNZS+y7tTCvCNnKJokBWhJy2ERkq4Boap0YEBU+YRFGiuDXVIqm1yVZfi1BrTZIk23YWSVFLLbaHaVREhBJqKaXWiJDUDC3HlsIKhCI0tVai1FJBKgZJKhLiMqeFLKRABClwyxYRtRSFRJHoIiwJEZJBNFu4lprO9XrVzxaLrc0QtmSIKERzZjpQOjENg7Gn1kIyKiUyqaVIAQ4URThUJctOSRGyjZzGmRalVGRJIaKWTNwagohSCoApUoRILKMAEwrJThvAmdmaUEQQMlaJQK01G9ImBM7EShyhUEgQlsIGjAMUEZmZJkoEVim1BBRnRkiIZoXcTDjTMqAIiGjOiEDKTIugEGRasohSSpTAEgoJaDiEIJtty0qncYkQxSKEBXamhaGUKlBrWUKIcRhlJPNMEUEUScIhSxEqxUg2SCGaHQRKCJOQ2XLKoogShoCEzAwJKdOSLEEJ2c1AZnOmJAIBWCEQIaEoRUVOU0KhnIzSyFMipCghFYUCcLoEpdYQ6zZKFHVWsyEIlNnCjlJIC2zIzEw7pYqcRiALJBSKzCQcJUgTinAmdqpGmObWxhYREYFI49ZQgMgWEaUWitqUjUQijYwisxlhIQeynJNNhiSBsVOhoq45IwKY7FJKOFo22yFFrVGEbUymQ0KEWtoQVVIUFSnANSrKdEqFpClbm0hblChTplDUwLKbcUQlHBKKkCJUFM3NOCIINVuSIvpaIiIUUkMqURPLLl2VwunMtIukGiVKKDVMqVBEdH0XoVJKKQUrM6OoNdcoksYc1qt1iUKEE5wWBgwRpUhCpkQg2ZktRdjOnBQqCtu2SZAiVENOBBa2EaLYLdPGJaqxQZLCQooSIQMYCRQKpCRxKMIGnGmRKvKULZvtTBuKFArbyIpQhNNAhGyQoQQGOVOKWmutpURJXGuVSokotZbaITCllFoEgZDd0kYR4ZwwUigCBUamBLaiSMv9C83CLkVCwNRSQSnV2abWAiHZjigWgZJsY0MAJYqdrWVXqwvTepQUSCWcTjJqlR3IYJPOEsIiwFJQVZqzZVOiIhyWs2WRmjMz0+5KoQSGNJJkocym0jmbQk6wStHYxlAEYSEpnTLYY7ZQRESE0kBKcgplAIqWKUHaUglNU0ZIRW5gUyIyLU3pwqSY2ZOlgJYUMWaKFCq1V6QdkTRnrcUwDoNERFEE2awIGKbJdq017Ro4w9lU5LQJyREF59haKJAyJ6yuq85sMulsGaVKxkiSVUqknbhNo5BKZHOEFCHbSIGcpBq2EwkiSJBCTghJILWWbWyEZ7W2TCcKQhU50yUwaulSorWGUWArpBANu6UQISclJAkZnIZkIsOUCENIthOKwvI0TbJqKVFK4mJPCGxnUUnbtDRVJVuzkBQKcGtNEUg40w5FFBnZpiWSUQijAimP4yRTSpSukJqmZjdFKBSEsdMtJ0myFLIgZaeKJLlhO5lK6U2GNI0NWQqZUotAUnPaCINC4cCZ2KBsjkJRmTKxCYWcqZYTRlFKkRRypkGASUthnFYpkVNDwlbIKKR0gouKZSTSaUIC220cs5SICCyFUDoBgzJTBCJbK7VKUmDcWgYh2YCF06QUWFEiDSQtiYgoyswAI4SzpZFLCYgpW42KWyYWATaZqRKhMMkVRhEyiNYmwEQAoZAETqYcMgMBSJRS2jDWro8S2SZQiGY7M1Raa6WvOG0iBAKcObVWIqJUYUO6pe0WpZCZAlSKcNhpCSiQacmJhGUSU7pi206MTYEUpC0JqQAhLAnJaUQ2Wk4yirCbkyhhOySVyEQAKcI407UWp8GGIJJ0unQlM7OlpFpKm1ojhUJKG6mGMm1sFHbpeqdNOhsKwAaczi6q5day1GoliZMoQWaCIAjkBCzkUsLplk3ItqQITS1LREQ40OS0HWROQZSINOm0HYSDNjbjrpZQJHazRVerm8ecApBAIRnb6SRKydYkpVs2Ry22ZWc6aqlRERjJFlIIjG3TIASJyZYUAUEoSggF49jsdCahiJKtZboEqADYKpWcmlMoUIKdpXYhLOXUJABJkoZhAEfUEiHJSqM2tFJCIsGZgJ0ligRElEiMnS2bG6kSkWnCJTowpFFIAGIaLei6SHCbpqkpasgOFUICRCCMZWxLIbdmG2Ep0lZBnsZWSkiBs9G66JqnTKqCKK2NEZJkKVDaSMqUYmpNcppSIghjZ6YpVYGskm1SKdgSdtq2cbpEQdgOCWgtE4cUUc0kJCkTZaponCakiOKW2LXvEOPYApUaYCd2ZlJLNKckFJlTKKQAFCFny5ymVktISiCtImE5WhCIzCkzQqHIdGaLUkKgcGuTTWuGrvQqNsJGQaakRqtSaxCyHVIJpTQOo0ytBdSccioKEdM4kC5dLQogbaMQNiEpNLUpFC1blJrThFMKC4ykTCOMi+SklGgkjVqLDWEngSzbSGrZcmiu1NIJZTrkNJlZS0TR1BwIGQSScBpSKs5GVVCMAZK0I5wp5BJ1bFNkomIskc6iilxqte1s2TJCaUfppmGwXEsJRZuSgqwpm1DpIqeGUURIaSMJ25IQgFtiW8qxuYQkRIGWVq0lVFprxhGhzITMVEQpxbYt4ZBRZDbSlhCkJbXMdNbSZTZJACQOZBBYDhUhjMOS1DIzWyiIImfLjFLTrVNJDISwNbVWQolqkVDaisgEEgiTuCgsT5k5tShRogo3E4AgUTBm1qKiYjRNY0TNbBFYYGSnBQ2j6BrNLWUj9X1vyNYwiRWQajnVUhSBXT71Uz4ZgxOLYtIqUkh2m1IgBSKk0tUiAXaCu1JLLXZiShGBmkF2SkFIEQphBAQhZaaEVFLpNJfZOY0jkKmWGUVTcy0YpV2i1CgpRRqptZaesDITSSVaa0JOI9lT2rYNAULISjJUSwhZDoMkZ2uWHSUs2cJ2a1EEYScGhbDTCoWwQqIApYOWKckQERjZFkTtqmQQxm5tMlbKOAUWqBQllkEqkpHSQkjIESUiLECWm7NQowrjdNJkWraiKIRDAZmtJaUUBWmDQkCUUksppA2STUhAioKEXbo+ZAMIsAUGlSiyZVNUIiJUomttQqFARIgEmRJq2dwoQooohKRSQlgJKlEk0inAjuhaS5FKCCsCyQZCGNFysi3jwNgNlwinbRu72ciUUpNGiRASSZuGNrQRXEqxjRCIYru1CcjM5iZF4MSkJUUJwEmSioii1tKTDeCEsKJUQgTGYJBQjTK2MUQp1WlJgXDWUiNKhCxsnJYEdmZrVihCQpYqcgkMoqXBXRSiBIRCilqiRBVuaXBRYCnCCANZIiRCESEkyYaIiIiWTQAhiBBgJ45aopZaFI0G2NhGpVRJEYpaa+lCIYyE0xARymw4SxQF6TBOLEEmSBElCpmNhqO1qU0tnWkjIAQgSElI2ETYVkREgDMTI4PAWEiSIgLbmRkKG5RTS0yUEBhHqLg45JyMaw1MIoUsCWMmT06HZC4zrbXadSJkI8BGhbAbJYLIyBAoghBudpsmSSEMpC2HSinR2tTSIAnbKoKwHbUqJCzCkixs222cQKWUEqGglqIIYxGSQioK2wKVYhwSkG7NOJttQToxbWq11qjh5pYNKFHTiaJGMWRmFGUaAFsmMVJQVJAUIokqjCShQBZpB0jCsjCeWpvalK3VKBbpxAicSQhcagVPrbk1JEKYiCKFFAasEkJgg7quAjbTNLbMUIRoZCAibCQUKAQggRUytDFTlFApQtF1tSt9ukEqJIwjgkzn5MwUSFKEAVRLQVLIJkkgorTWDEVFGCIkQqWUzCYpQnaGigIbC6UVYZAbiaLYblO2nLquhgqBhIwUImop63GtErSUotaCQlJETbcQSNjRdVUlZJtau1Ii2yRLEhKWAqcVFoAQaSEihFSjWOl02jZOGmnbtltLCElRbCM5U0FXioQhbbdURBBWliiAJIONFHZalFAp1U5ERJGwE5OZFhFh0xp2s5NMCYybMaUUhch00Fpiq0YIYTvspgiQIQQlQoFKSIHTaRFRSoRCrU0SNjibLZFuTiuihqJomtLZhC1ncxSVkJBBqETYnqa0jLHtzAilDZaCUCQqAIYwKtQoWURLSSG5pZFxmxpQSkhKp1Aa0lgKooQkSUQYCzsVoYiAqKWmHYEgkIIpm1SUlmS3kFBERC3FbpmKiFoEALWEEAhZBHgap5bNIDFNk8AoQkKSJGVm2iZDIYEUJYQwBEg0m1RIMDlJNzssKUopTmdrzszEOQWBQrKNjXB0kZMlAk9TazYqtoGiEhClIiQpwtkkCdtk5pQJLqVLHEWZhITVsjkoUSSkUqLWUqQASqm1lAjZztZatmwtQVYURSmkwRLOtCyTLS1FSNhpg5BkhTBpur4LFYVsFFGjJpYCRGYaCykMUzacmQYiIhQA2YyEDEKIgizJioiIIBwkhIpay3RGRBuaSkjCYCNs20xupZRaqiCdmZ6mMaKAbYpCAgUYy1IpEaiEauksj1MrUGqxUVAVEcVIcjYbymd86idLAISyJSFFVZI2mWkSQrgE6fV6bRFSSCWU6eYMRQJ2WoRChCKihJAjc8Jky0xHlIhobRJyyyiltTa2SVLteoVJY3CiQCLTUqCAFOHMBBEqgCBKKUWZUpEAqZaqKNPUVAvYiSJCqlEkhWIYxwi1zGwTCssFbCJIA0iERETm5HTplJYI21ECSVKbWrYGINtIRICjK8UIp4F0m3IiQyVCtXRkTjmiKAoSyYCdtoGW6UwpIooEktJOWy6QIoq6UrFsR0TUcOJ0LVUiQljOjBKZCUo3ScaBpACQM0OyYErjREgEQYhskqZpBAlnm5wqEYoCBFYoTYhQOHPKBJxGsiwFDttuE7YdoAiVUpFsZWvOVku1hBRRZCMhhzJKdTqbIwKFM9tkhWW7hAwhgcGyIBxO0s2paRyH9VBrmXV94hIRKqQtkJ1psBMRijRChCKKgrCIAIQiCmCIIJvtjFojMidHlCBKiXQrEWmhJoVERJQoLVvUEiFEJm4TLSOUaYElBRHRGmS6OZUBxjgDKQIBBpAUVcrmlmlnCqdUQuAIOSlFRsItmwiFWmvpDIWsTE+ZuFGKwCS2BcQ0DS0zarHtlkghS8UtbRu7pVtKChe7kZYwCYGkCAlEGAhDBEIIZyoCLKnWWmtXS1FUyZJkqwQGUEgCOyQIZBGACEJCEuYyFYmQKAU5h1YiJJUoEQoASSCcObXMlihkFApUahjaZLBKkULCtu3aFcBBOAwiJNmolIioUQBjgeWiYjvTKkUSxgYwIBfCEokQIQMQIUEzJdQaU5uypbETh4pkEDQjI4NNRESZsjmTEJnjmJkNCWjT5MwopdZCCTIjokRM60kBoUCllIiQLAlTQlIJZBs7okiKQIoEbNlISDbpxEbKZpwQEoQEQdRaIwLIljUChYJQIIUDjJEEbq1hVGQo2KFMlygEaYMMBSy6WktEtrRduioZB0VhYUvYEkgyYKvUWkpElFCtNVCtUaI0T24ZiijVWDYhCEgbJEu2uyhRlZNNM4KcxslQQoIoFWfaERGShUTaBmXailLAUaLWgoQbqE0JFiiotRYVhdJpIynBLSWDkEpoSnddjajGoIgAQGAI2SAAudRiLAROSwGCdCkhKRQKRCgiJCCzRYQi7IhARLqFiu0QpVRFSMLYTZJBgGTnlK4lur5HnjJl0insKCUkOZ1OR0AqPbUpJUvUWkk7U4GsErWWYmynFJnZbEmKUIQicmq2LYAQRdFALqUihBQhIQggIWTbxqjgzEwkDNkAISjIQimKQiLTELVEKdXGmZZlCabWBBGRtkyt1bakEhUBNtTaAU5LAmTAEVFKEQU3KVSEZABDYNsOE6XamW2KiIgAS0IYZHDaGaWrNUqdhYzUciLTJjONI2SD0zIpSUSAPaWRHJYVTlullFIhkgSKlG6tGYSJsFSQSikREQpVBQpJQqFQARMCQnJaJQQ1ZEFEOkG11Gka0661hoSw0xElQpKNQqrhNOGIKFHSQLY2oXCoL0VSKUW4GYQgjRSy0w7kcJooUSJCpZZAki1LKJ121lqFopY2NTsVAmFnZgQggVTACrquA2ynW8hSgG3TSJookhSBcaC0DVFCihIllMa2IBSlBJA4x4miGsWkILooFqJEKRERRSBodlqlRLOlELTWCDKRG5DZnJnGtltzJiDZUGopUZAxoMwmKbOVUhE5pUQoopaiSBIQEmHSTtVSI1q2zLRAyECOLYtkY3OZsrWxTa21IpVP/7RPtVMRtlvLHBvKTJeiKMWZBqdxphOnCduQrZFu4SBUJONaOgUQyeR0ZsOOWpBCkkrUQrZxmiIUtYTCQkiSAVCQELUIOVNBNqcNRABFJaSQiFKMnZNRhCQJl1pk0i4iJDsBxDRNrTUJJIyCTAOlRKgYBBRJwjakjYlSI2RLIKOw7VA404lCkiJkp6GoKNQyWyZOK6IoaqkKQhGSYmqTbZJQRA1JQZFQSCGcBqGGAbAk0tgGHBhDraWUogg3IBWhkCKmaUQqUSIKwrYzwSAiEBKCIIwxCFBCEG4ZgijYQJRiYylCCoFJFLKtkFHmJAJEIZCkUBibtIGwrQKmOaVwa+nW2pREiQiDkIQiFJaFIopJp0spXQnjiOhUWzYh2xGCgIgIwHJmZloREdHPZrWrlmoJCVBICpFWKVWCCFCEkMNKRRjbWKVInqZGGKKG0oToaolSbKeRUAkZFKEiIUVmGgGZmS1rFCfpFLYVEQoZg8BBIAJsE2GDkMIpF4QsSEKyJDttTDoVESgUlkOyVErYHqdpmpK0pZCSxESEkA0InLZkUolDFdvpUmWHM0vpSolM4yQUIUUgSXJ6zDGIKCUzM40k23bLLAqIiAAb7DQ0O52y7HQaEhWFhGxTArtlwxAKCwkREgoBISkxCiy5NRQlMAAypK2ICJViMlsiBZoyJQhFBEhCAtuyoa0HVUnFblEiECIibIRMImMSK0BqLTHYhMA2WMgRpau1RKiIiAhhTBYFRTU0pe3EklAIIiKytWyWcBqpFJVaShGQzmbn1JKUiK6Ews5IteYpWyhqjSAshUJSKVFqbyhERFEo04gopS/VEkpkm5Ytk5wy7bSztaidhCVJACYz25QqIam1zJalSEQU1dpNnkAInMitNcuz2qWTghAohI1tpwlhh0K1CECBGwgrQrJsOyQEiphak2qjZTakUooAiCghAVFCcrMzsV27QkRm4owISRZuRrKNFFEsnCYQl9mKWkIyIKRMQrIEbi2xiyIThJ2ZiRTCdibOlAhFy8S2hGSQAsjMqKEIREQUS1LaCpxWCCHhdGYaulqnacLGTjsscASAJSRhGxEKIWVrrREmNYXCRibJlg4BODPlorASKRC2VEoJRQgTEUZFUoHERhiwokRAKHJKk2SWWkORmYEjip0JJQRCdnPpalGYsB0hooSUmS1tLFRqVYSd2JIQUpFKBCEyPY2TQijSiYHIlplNkbJSyEiKApJMFCFsA5KiKFRattaaJJAhBakohCSU2DCNI3Imkh0iHREqRaTTRIiwrDAQEabJilICITASKIUUIYVEJoBRIAwSOKJECDmiEJmZTkCSSylIEnIgFCgkE1Jm4gQ1Z46TSkREprGRsNO2LYWCaWzgKMVYIaHWEhwKhLBUsqWxkyiKUggoIVBEKQVhGwmUNlhRIiSUdhiEFYGmbImxMzPbZKglpCglMOlsU0unpCgqURHpDKMIDALkzCihUkKElSizSYDCKIppJMZJhuRQKIwkRRRjRYAkIRGEVEoVgEGClk5nTlNrEw4Lk06jKLXUUqNEkRC2QmHslgZCkqIUcETYUiCUZCmdsBFGorlhlRKkm+yxKSIUUpFUIrCMhcAokhQYWmvIoVIiJCxs5CZhg2QQCgVClLRrDanahEIlsI0UFgVwcxTAmc3gRBJBa5ktI6Ra2jQ6VSMcFoGQ3abRUlf7IpqZpkynQsa2Q6VEUUT51E/+JAFFhiIR8mSESrUpJSICASJdu04CkCKwCII2TRYikANJiEhbEgYTUUqtyCFapuwS0VraDiCUrWVzQCk1IjCCCIVKBIogs1lRizIzm01IiGZXhRW4AdlyGKcilRLNVlqSBabZEcp0KSVNVbGEmLIJ2YkViKKikpmCWsO2bYWihHFOFkooBSRwrV2UIDFBuk1DZpoIrJCkUHGCrcCZmFKKhISNaTYhKcKJIEoJSSCwrVKKglAoMpunCWEncpIyigIIkEIoIkmmlKLUiqm1tMzM5jTYYJGegiAUEjB5ggjRMmtXixRdIEmESqC0W0spkIRtnC5dCSvTdoJCQIRCBYDEcjFIrU0Es9mslppkKkISCKLIDSSTaSTXWk1YznSzaxSDMeA0QZrWxmlqQIlSSygiDSALAJEZUSWnABLXUgCkiAgJSQpF2Nh2mlAoJEUpdhqEbBtCikAEwiYicLOxUSgzQ1FqsY2QiSIgsZNaihSZLY2UUthOGnaoANAEFoGBZgN2AwSKKCUUIqTmoTUMGAfQdR1SCIdK1FJLOrNlhEopkkJSRI1SohIootTijMwxIQSSJGGBImQhWsuWrU1TiRJFrVlYkiQDaRTOJFERyOmQBEIKJE2tjeOkUCkh3GyTIDeQhaIWpEDGrSXItsDgZreMEpIkSbSpTa0VUWtBytawIiyJCDfbLlGRELaBTAMhOYgoEVaiCKBlCxVJDcu2LQUgg4hEsmkK2W7pCEWptjFJc0I2mUZ2lHRKpTVQYtdascCKUJQIp92ylVJqCREGYTswJSIkhUSEpcAoqhyKpNQSJdrUwAqVEiGlnS1Na2OO02S7FDJzmJrbFArbSBEiiKJSqp21lkCQIaVJJwSyMHYJRYkSEoGVsgKliXBmLcUwtSbLoihCAWAmIG1QUUhGhhCBkpaZSklBSDC2BqhEZhqqlLZNJrKiRCjcAFo2h7MlzlJKyBhbgbAJRSgT7LRtI0UJA5mSbMlubQJ1XTVkS4SdFk6XCKFSoiuhKJkphUBWlIgo4FpLCKGIInmamuUQGMhASWKEkHEkzmyEsrlIiDChSLlIUSLdDCoqUZFBrU2ZqQhPDWGDbRKQhG0STCiKEHZEgUwnmRm1FIVxJm4uJSxkOzPt1lqtVSgNTqdREZZKSGCVCMJhW6GYcsqWku0QEZJUwETIElJAylgSigBFODOktC2DU8IZJRBOS6GwQZYhioqkUNf1XSkOpRMsF4eVOHOyMWkMyDLZUopaS40KFnSl2DbGgBVOO1SmnHLKUkuRQiVJIREKgiCUhpCMlNigaWyGCMlKZwo3p5sUQgpIELajECFFRGBkpZAEKKjO1mxQrUWBcUQISEqRUESgsGmZLTNbKuREYQiBQkiGUgppwpKcqVCNIkmShIhaA2ScmdkaBpwIUSIAtyZFhIoicU7NNojMzBaEbbBCdqaxLRskyEymppCFLEypxUnLVhSlFlBIMmkLIUlCBgHZElkookTEhJ3ZpklIQhERQhEBFJSGGjUikEOBExRODJaVTiQQkppbthaltKlhopSu9qqEcZI0gEQhNzc7ikCSkCRFRC1FktPOLBGEwqSMjUQa21Bqp1IKskksXIgokWLKyfbUpsxEEi4qTrs55YioRULIxmljQkTUUKiEkFBKiCgKMU2ZOUlERCmRTqdrLUFptkzpKgABKlWZaaeIWkqUqLWIaJnOjBIQpIkoChRRqqGUIqm1KWopKoRC6vuu1Kpw+fRP/RSJoigREhAqkiRbEpKhlrAIIVBEiQgFKJU2JaKUUmq1yWzGaUcptVQuixKY1lqbmjAKI2ciSoQgoUYoApOZU5tQFGi2odYKGZIgQZIcxqESKEKhUCDjpNRSSpUiRLNlRaklIG0bESFFhCKknJptoJRws4QI5MzEYKSiIuy0aUg404DCrSEJTWObpqmUUCgza+26vggyDWRmSMgQERGCkIQijJwplYjAgI2FhIxDlFKFEFIgihSlTONowBg7sUy2lllKESEyGy0xLiUwEdGytSkVSqsIOxXFdkitNYEiSi0JskIC3BwS6cxstp2lFAQY4bQCSc0ZJUopkkMV286WWSQFIGfWUkVIRKlSgIURETKQUKMAKZSYTNKOzFA0T6UGtoiIkMhMnLXWoii1RK0ITCCEFC3TmQA4bdkoIiJQ4hIRYRKFQAphSYQURXYII+FmwDiToERAhJR2y0lgbFGiAFKxCUVrLduUdihAAHKolBIRNULhABkMkpBMYkhlSxRIQAAKQVooSWVLmSSVDkkRONOOolDYmUgiIrCX65XsUquwhO1mpw12pkwqI4oIBxEStmgJEIShtVZLLbWUKAjcSqmUCCyEYhqnvi9GkgSqBaekEjVKlBrCzlQUuznTKAjZCiJCCuRM22QmGDkkJGPbKctCKZDV7BCoIEvRsqlESE4IJESJQkQRrqWWUnAGQoRKCRlFRCBBQlFJt5CEpOKWlpBCEbXYlskkm8mkgPCUliOCy4xDoVIkxnGY2hiKUJFEWFYjRToDHKVKYYwEQJgGioiWia2QQcY2rYEgLbChRJGdpFCYDJimtFpXu6gl09M0ORsKhI3TgSIUKiVCIYAIUJJCNaoEtkNCDQKiVhwoM+3MKKWWSGNbhGxEThklwNnSuChKrVEolOYUBjsT4SZFMWlCmdkQRBFIQBKlQJSIqFFLIDkTZAA7bYyRhCoyCjuRSi1CyBEREQY5BTKJhIWEWjpKIOEECUAyEVGKCNk5TZmZLVtE1IgUMgSKcLMjnM0mopSIGiFJETZIfdcb2w6BbVuEAGMcpqWnaTJW1JCAQgmBEKEiT2kcqhIRgQTZUGZCWpSQCAEWCQWZiAJI6opam8ZpKhEKtUwnhmYLCykCJ2lC2CFHdBKZ2bKZyGxCEQUxTQ0pKKUGTkuSU2CRSahYzc0tkSMKdssJKUIliko4EQSEwDIIBYqQhCJCknBaRUCIiIiIEgUsKadESIJ04kxQZkNhk23CohBRSkgRURQqgZqbIIpCQiqlEBIoInBEaS0lAtlpkEARwi1VCCmbgSAUtCmxI4pQ2pkppBIgJ2CTJMItrSjQDLJr1wFCiExjFBGhljlNTSRgqe9rVztAQgY7iqRSi7CRai1CASBJTmPAoigSRYlwM7hEIWQ7pFLDAEymhKQqOdMCFMhSRBQhRTpVSnXaNkGUwJAZEVFKKBQlJAU2JmmYVERAlBoh4yIhDDWqgVBOrUQdphHjtDAiJEtSFDQ5MzNbllpEYEeEAlBmk0qtxfbkJgUoigxpIiBlu5SQDSpdjSIhIgApVEKywa0NU5MlhXGRFIECu7UmEQqErHTKjqgKAFvRlcCKSJwtJYtiLCmkonDLbKkiiCAIWZRaREpFUUKKKBGS3WTjQE1gSgQquGELhAhshyQEksJ22rKbXCRFBMocaxRbkhQqEUYKt8yWWUspJabMEADIrSkip6nlZBsDFjKJBanEyuYsn/apnxwhqRq3qbWcFLXUgrAzW7bmkCKi2dPUQAJjZCQhiZZEFLtNmSSEIo0IRZSSabtJlCiSgGxTqRVRakBIYCV2OtvktKIAw3o9tRalZrpEsVQkkCQJQ7NbTsYRVUZFoYLItGVw1CLUWpNUSilRMy1orVkOldqVUgKDLEmEbSRjikJhgwBsIiCwEIAkgSCjlIiiAEVIws2UCJk0EcLRpjFNKNSwSgR2ShJqbUyopQNNLVubkAIZjJ1pIQFIkdkUqrWTNGa6NSkiwm40WypRFIAz08YACohaokakiSgRNBAIQrVUIYECJ6215gZOhDNCUsFKZ5QSUUIBKopsVkRAa81JkkgRYaOIShBIihqgdDrTzqk1GYGkNIFRQSkFdk6ZbUKBspQiC0uiIUFXi0ppk1VFCqx0A6GIki3TGSJKJLilSrHTtqVIO9OQEkayDdgGuTVww2rZpCJJSKhEtbCFM9MhJEWpAQqkEsK2yK7rVQLASEJhu4TSWYQUNkgRcrNK6Wc9mW6OLoBSwulsqaISgYSEjZnaVGo1ipBKkUlSCKRQZirtCJlhHJTUvisRzkwDYFQUyDZSZgoRFOQJB7YEpRQicJZaQiFBpiGiWGRLBBKyTEtE2raRsQVp2zZpKUqpocAOlYgCVkiK1hphT61NqZCQhVIJrTWZ2lUsO0sUImwrokgI5GkcMRECEgs1p4TCtkMi1JoTJGwvV0uplIhsLckopZSSgA3GaWdaQmAj29M0RVfDwpMlEVjpRFLauERIgZIIIUCKQkQXZIYKEEVOZIeERALGYIMxCTLIJUpIYzYyW3pqDTlUJVklyGE9DsOkADmQopgmous7nDalK33tSikt03ZIzQZlywnb2WwhydOUSlEJQYRARUKtZTqRlIAzHaFsJh1SZlpCElIghcGm1NqmaRqbRCiwS0hRsEAqGVElZyZEqQoVJIEFsgCpSLaFwBi7laJaKiqS0gkWCuFmQyiQZIXUkjAKCaUbKBSlhCVwSNhOq1QkFXUKgswchmlYT7WWGtV2rdW0tDFpuihpK8hEBlmhNJaRyFQEzjBRCwiBKFHSpFyiKAJZUYpECaGQ7CktJ6msUaJIRMpVAozBoSIpLJAThIhs2bIJFIooMioxTbkeB4gS4bTtqFEQzqBEjcwGQhirFEVgZ2siSi2AW8vMKBGIUCmBnOlE2FIJJONwqCiEbShRIIkSQaYVkhAYOVMqijB2YieEwYZsmZZIp5LMHNejRYkwRpQIFWpEUVEIIdOcIAnZNggS2wnYSFFCIqIkBJJCEdgYEYSwsS2VEkhCEVLgtC1ErZ0UClRqSGlHKRHVbjY26RSSo7m5NUU4nbYlDGSoKKKW4jQYhAGjLFFNgoUgMjMEZpomg4QUNjYSrTndpnFCAtJGslMRaUcpCCmANNglapQiADKdaWwRIbXWSlWbDFbpugiDShQFwqaUYpPZDFWhKJDIoailgIRVQ0mUMDattay1Ri2QtiKwmaY2tTEkB5kpoUBSRLEtqZZKKEQtpTnHYczMxBGSGKepRA3JzskpC7KlkSIkJGwJIxeHQa2lQgTYbk4MzswiaEaUqARCgMKybMCZTsAUSSWkKEWKUAgp08ahQmaUUtA0NUGoRAGBiIiiSFslaulCloJAyHaaUiIUICcoJJQICUqEQmkjuyVYKrJMolAJkZlJy9ZaYtsRIYXkdGJSsrGzRI0SuNnhqRkjyTYBcmaJktgkkggJIvquoMhmCSkIJaapfOqnfKJCma1Nk6RSixCQtowlbBRCwpIjgkAKpBrRjG0MdkIptZQIBwVSiUMqpRhJgIlAilpKkROnQxESAhsRpVKoURUKBSDR1WIDaQAISZIsKScbBzE5IVRUkDOjKC3SQJQiZBJkUqEQRkKlhETLJoUUyCEhYSLC2UqpSFNmUYlaBaSACCkCUKhGSadQlBDFkNPkTFCpIQm3iACQokYoWjYbR5A5Tc1QQpayjQjhtMC2iiLJYRxDCJIUkgQhVCOilojITEIR0bDTEqFAZGaJsMiphRQ1Mi2ESFwkSVECW8i2MU6brlYg04pSA0mlhA1YIYvWxlJrZiJMQIsoIYUoEaJQGpRsThvsKQ0Gp0sNR0ghKdMKtXFK0lAiJhxBRJGKsUERCoQUYSOMSSeGiCAyW0unXUIoMh1RFMiIKFHsNMpsctoSbmnIzCy12BYYZzqwFCUUEQ4JyWrZmqk1CBUVZKDZTtvObAlRQ8iZwzQVqZQijEiTtjMtRyhUjAUYWyohIkoFTAqVKHaikBCBXFRLCZRuSBTJqEgIcKnRsmVL27WWUkrfFdtTZigUAoeLAhVJSEghhcXUJklgQ5EsMicRdmbaaWOQ0xgUglKqQplOuY0NhAQOJNNapiEklNmmBBkpLIRt213pUGQmtiRskIISoYgoUWuQjigppMCZICwiTZRAka2FikIhpQ2Rbq2lW8MWGVElZFSkEKZNiQLslpIhUDSnyKgFTDZBmfUlIjNNlBIlIpBCEeEQthQ4s9mZmVlKUUQpYUVrzUEUuSUoIYoQzkZEWGObpEBka+kMhSNJCaLrSkQ6cdSCFWG3BHk+X5RayDZltmkChwIZVEtRepoaoqsFBUHUUkqxXCKykW0qISRRFMayXRQKZEcpJZRp21YWVYmIYtmKCJWI2nURgS0REVFCCjmnBFsRUaNESZQ52U2SVGyHXEoHzgSRbXISERhjW5OnNmWECOEchqm17LtOws4oEaqKMNiOUgjTrABsg1IEGBWRRplTmqIwVobTyBEKAoFprRHRd6WUiiilYGxLMU2TTNQgc2pZoyCkEgoF2bJlk6KUmFoDRRRnNmeNzvbUhpCIQLQpo1YJjHEQ63HCtnAiSZKNZOOpZQRJCAVKIRQRRhKKEJQIRLaGZJt07bpSyjQNEaWrFQCVKEiZOJOQRJqCgLRLBALbzloqCNFaCpVSLYS5wpKccq0VbOfUstYik2kFQiBngwALsqUkGcCm1GjNVhZIG2wQUggLSUiSpAgh0qSxJImQULZEDim6IkuQSiWWVQpRlBgJtdaACNmOUhJLYWdmAhKKsEky7VJqm5qbI1Qi0imH7BS1hILEgaIUQZQirEBRJCFCoQhJJWQDlu3MMSdsi9L1slEknsZJCoVqxNjGtEuUloltE1HAkhQhWUREyTS2jEzpiogIOdNOGxXRWnQhaDRMCEWkU6F0juNgY6eEQgHNLnI2Nxq2cdrYpRQ7nRkRwlgY42bL1FoJWmuGUJRaJTkhm0LD2DKnWkotXcu0080RIUXtOwEKhSSJUDhTkpBKRO06pEAWRZHZWrZaqkoYSUIiPbXW7ABZdmvOkEgbigJkSGcJ2SZJHKVUsDDGIhwREoltpBKyQshKN5NTSyfGzhqldKXWMk3T2MZCZLaptRJFBG5tmohQCGTsdJMLsm3ZCVaKsAjLNCOIKBZYIGNZBhRgK4UUihIlekFKEVFUsG0bRwTgEMItFdSoUTQ1CyJK2qWo2TglUBgbZJVSai1E2BMgqdSoUSUsQLbLp3/KJ6dtkKQokoVsQiCBulqjFESEsJCMDQIpSgQGeWqtloKzTU2lAOBQpFMgBMiEQiFAkqQUzuYpQYJQyCCwW2ulCBQRdkohSQJZFkE6lVGqQiHAbuM0tdZyNNiEsC0FyFJEAG5pB4CztdaytXGKUrGNS5TmbG1SSLIsJMk26YaNibAkqYQAhDLTppaCnEl6UqAUJWSnFRGAFChttWkKQkUeM7oaESFaS1lRq0SoRATY2ArhICw5rSiKyJa2S0TtIpNpnGqpzQ0QcraWrU1jLZ0l4QiFisHOUISi5ZgNCRSZGVJCOkGhEhGWSkgR9jSOGSpTTtgowGpyBHabWiDwME5A33U2ksBSQXa2NjUVjCV1tYKcdoITnJmgqAWQpIiQMAphW9QIpHS2qQkjh6oUFkgRIWHbpi9RSplaW61WpUSRUIkapFqbjEUoIiQDUhjVgpEiQiKiyCFs4zbl1KZQONwy8SRHiWJnhDDVYTAuEbWErJYNKBGIqU1YJbqkyZCZpkhNSWZLJ1lKFc4pJROyFaUgkzhbKIxtp5tQSwlHDdsqslQUdoJUagmFIjMlUIBojVAhgCTJNMrMlmkjsIkgCWzbiZ0pyxgbS0VOFGBLESEHkuWQkFX7TkgirJSMkWspgESESgQC24EMEnYmKhEATjKiIJSOCOy0AVBDzimEgiLZkulmvZBzChUMQmROWUpEFIkoBRwqYAEKEc4EjLEVEYaopUihEiVKmaYxHEmWWqtkuzWTqVokplRms1I2BDgikkREaBynnCZQZishFG4epwYqkiRJksjWDLai1NqVEoIoEspmQgWls5QoEWmE2tgUVpScpsQlIhQmUUSpQhExtebMKZuCQqgoVDKbJMDZWk6IGhVJ4VDnTIkUJK01MJJQGIuICIXBU4uqUFUwtcnZsKKoZaZNZkItpdYiSMCABFKEsGltciJQkQRA2rYiQmrO1iaZKMVOQ6i2lhFK7CmjVIl0c7MBqURgWYSKkZ0oZNIm0wjcWnPLTKMoRaoh08Y2tnHKFK61SDIpkLBx2riUiCilSpTMlnYt1dhKSVKUEkJRwi3TihKYtGkpYRFRQVilRISUVmCnMy1qVyWEagicmQgwFnZL59SczSSSpJCMHRLUEoncjJStYXddj9ymLF1fJKk4jQAymyTCISkipIhADmlqGWETEUpDiUJEBNi2ISiGWqtCJECbWjpDBQlIZwgQSEZSppGyZS1hlLZkhMCZ2C1biRJRDCWULRuuXYkIpx0UCiGMyUIgimhublYtMooAOUEglGCKsJSZchpbiigCG+wpU3aRSi1GbrZbpjHhTFxqQU4bG6EQlt2QpMC23VraGVFKLbLSKZAcIRtnImQkQUQNKdwaaUoJ2UkpmlorEVLI2dLgUkqJEsIRtkNqzlAINafdLEWETTrJtAAJSi3OzOYoVSII7DQK1YioVca2kFCUIpV0VmKyQ2BKlCRKKYqQUqiUirFTtSgibUl2S2eOaRxCkkoEkW1K2Y3MFlBqJ6mUIF26mHXzyRPNQC0lAByFtJwNFCUEQK1Ckp22Ra3VzTk1kzYR0ZwhldqVUhUIlSiIKIECZDtqiZBRVzuKaqnCY8uQJMBRqhSEihQqITe3iAKyASRJkuXM9TBmNttSqVEIUOAkSkiJbFoaJwAupQZKpwEoEaUE9jQOtlLklOl02oCdSiWlKKJIcmZEKZKKnLKtolCIVEiOUiIiMo0oJTylW1MURGamEWmIiFBEFEUJYePM1qY0mWmDjUKEAdPSdrYpc5rSLp/yyZ8cIQlJgJFtBElrWUNpW+lMky2zlBIu6RwzRRIRNWRFYKeTKEWSIQjLJaLZzjZODUOJkBBO0hSpRHWgUCgQCEChULTWFGCAiFCIBDDk2JxOp4jmyViU2kWUyOaUQ0KyAWc6lEKCkEKBkEKhKCFRIlAURdTilkAt1aiNU5KBUBSCcNoRRSGnk0xnKJw5ZUphMEYqpSAAJwKK3Ty1JigKJJOKgmjZMBKKEkgBNiEyW1qgACRFkqUUSaVEFElBRGtZpJYNRUiSZJUSqKhUgjZNUi0SIWEZIojw1CSEQ9iYFCHsJEKInFpCQERRkFhIJULhJHNSKSHZjhColpBAOG0MVhCWSkihQlCdAAoJHFaEQiIErU1CxrJo2dyKIlGthIqxJIWkALWcEGEJsrV0RkQpAUojEsWsds2JkMJkNo/jWGtISmyoiijCsmnT6LTJtN3SwukSIUMoW8OIQNjOtJuzJVUKOVMSRHNr06SIWuvU0pkRdcoxJNlGgEJFMTkDSolANk0NI0UKGUPSMgEkZCkwEo4SEaW1BtQomSlkIyxJISAiBJIcQctMHC6U6CIiwCiwm7O1VkstRbb72hHCKrVKopRaKlIUQKBSJWkax6AgIkqp0bIFlCgEkFIRoQhns7Bkp60ISgQK2yZbyxJCMo4SURShKFKotcQInKpFpYQospLMNEFAOu2EUDidTpEtSlEENth2lFJLSQMZJaKUQBEdytYaQuA0toRtjAKsqbVxHDF2ZrY2tVpqFLlNKLpSoESRQQpZdprW1S4x2VSrINMRSE5npiNCRNohgxQ4024IoQSVKEICSyrIuKhASMgtpSghWUhGRdHSmYmopVghkMJSEEmWiCAkjDMtVGqUUCZyEkYhWwpjVJyJgoBE0LCniRIRso1UFE6nDZZEc61FCmcjCqGACJFpO9OWQooI25JKKUUlnSGVWp0ZoQSna60RASBhd7UjAqMIlBgIy4FCSjeDnRFyApQIwq01FNwvoatdRChozThrV2qpMgmhIiwCZBBEyAbALqpJZqbtKGGDRNp4GqcIlShO282JhADJkNncKDXsJluOKds4TZkOhW3SEYgwBiJKRBUNSgJ2FJVaSunCLrXYBgUWkfbUMu1SJJWIQMq0IKSIYjIzSROSotSQCrilZWyMjYqEpFC2FooCaWdmkkSUGrYjwmkDIhTIEJZrKZjMNClCsiWJUiNbJi4REiEhYRQlPYmIEhFVhEJpO9NGQUiWIwrSNA52lijGEpnYKl2ElUCmbXAtxZbCRGQ6W0qBLKOIUqK1ZhuIKAGWBM5pShcCkdmIKFGilEIk2dLgTAg5DRFg2RgIRYSczpxaGyFUitMWElKRpFJoTYrmLFEcYKchLanWzuBMpK6UUkqp1cZWZhIWcpqQUEglSlFERGvNLY0kFUWUEG5GBWeTQiIiWhrSNiBF1BoqkrtajaUw6XQpXekKVgWcQsaSMBPgxLjZUpGMw0GAiAhFKYYiQMihEiEpQoZMtzbVUh3KlukMKVOm2WTKLac2GkKaEuEEHA4JhAClGxaUrkrKaQpFKWHbLRUATpcSmAglQDrJKSWHAoEUSMgYA0ytAa21NCkby0JIcstGkx0RCtVaQpraFEQ6sSVlglupQbqESimhgJQFINKWlLZCaefkxJktiNqVEoE9TZOdXekERCgUQqWUoCWCKOFMoMioRESUIAIhe5omp7EoQnJrighFZkvbJEY0nC0dUkQYK1TVlb6GBY5QKDJb5iSFZEml68qnfPInyLKJkKSWzSZElIIkhNNWKSXTWIklpAJO2zbNKqpRLUotEjKItElLJZ0YgYQoZCYWSJZE2oAkERESFkJRJFRKxSCmsTnT2GmFVELgkISTEhVZUkQYF0JIJcAtHZKNJAEgRRpnIoVKrVVFpCLUMmlJCQvZxiphI4wwEtiJAixkg5BCUUqAWzYkY6UNihCiRHEaJISwBJKQJCMRCuy0o0hRsuXYRklIgRVlmqY2TUVShISQbQxuKAw1UBQJUERRiSBCEg6FQrIjCiHZti0iokZ1KISR7CAIRZRpmhIXBRIAKiWiFIwiWk6AShGSpIioIQRks9OSMEgACrCstLEtKxSliMBpA2QmKqEwRAShiBK1hNymBqQTK0Kq4WZwKSUNYENaUcIJmYlMdKVQEgIbiqSg1k5WYtI1StotMyRna5kRIUWINFWKiJYuNaQASpToSinFVpEUctq4KFRECgCESpS0Q661D6WMQ1JIGGMQpBWgMLbtZoUiCk5FYHtKSbXrgiBCCEjZLaVwZmsJEBIGjNtkYytMYiOKSsrgUEFumaGopShCkqBEEZSIUoKQW4IlDMjgYtmWaU5aS6elbFNm1lpaS2e2zFKIKGmXkCQbsIgAhyICsKEZsqgSgEspUrRspDDNjQQhYWfUEGFFy8lYEmStYWQTETKKEiotp8SldtkmikIyuHmcmjNLV5AwKJGwDSK6Wlpi40wgalWaQmZG1NrXohJRKZAWighJtoQBI7cpMXKtnUJORxTZCKHEQViqtUq0zFJKRJSQajEmpVJCIZyZIowTR4gIZDVas0lFRJFNYkmBFJQSmW5TQxJIRFE40pOIJJsthKm1CDKRyDRGkiQiJEvhbBYKhSQFALZcVRQBUjpKKX3NRspFAXZiO3GSSqyUhWQnQmCDUYkSyuZpmjJb6aohJIVkFIE9jCO2CGNkGRXVrtKwLZEJKCJsOQ3YqAA2ShMSEArJYCyEpHGYWrYSgYowRYEiwrYNGAlDpkK2nSZUJCIiwk7StRaFnBbCQliynVMzRiEBtLRw1Jr21MaICEmUCAe2USkRwWWWsex0S4VqhEVRCEMoZBygIBSZLXEbpwgURZKEMwVNWSMc4cw2TZZAyCBAkDnZWNiAsFs2rEbadoSNRCkRYDsIMHKRDChCWAhChYptqSBklVBE2GQm6ahFEbYjVEqAIYRLqXZrtiAiIqIUZOFQCaexkTJxJpcZS8pmISOJiBKlRAnjICJkUhJOFNiIbC1qlFKQ7UwDCECBSg2DJAmEIKHr+pDGcbKbiChFSsAtp6mBSymSJprTEbWUMJmZJSIigDTOVrqqzBQlAuF0RNRSmi3bQKYUiOYsItMoJQUREhGywFFrSChaupQiopRQCWSShJCwMh0Spk0NEIHktEnZkjBSSEKGKLWoKJtzmqKEpNZamrQlBUCQuKpEkZCFVCIELXGbmjIIjDOVrrVrqI1Tc4bpu94YDBIhbGUQAFii1lpCEZITjHFaTimAkDIcBjAWkqKRTmwjkFprbZzSBkUNQCpRJBkLmYggCCFsSbLTmUIEEVJEUNItIjCEMhOqMQpBhEJR+iKBiQiV6LvOorWGAQjkghSSEAqBgrBCihKlVAlwqBSFIiQZhKKGLMBgZ7ZGyCADwpnOqbWQQrIzQIpQISilyICjBBABKhEERZIUktJNRAAKIYlsY2utSIiWDkirqBBFUsjlkz7+Y5vTymlq2XKaGmCIEJCZqYgAybZEtoZAFqVIsimysY1UVDKzZTPITqNAyCRBhCSBMxMhIrNN2WwHKIzVpinTIdkYGTCYxKFAqLgopEhcFEIKRakllIAlTIgEknQYCtiBiHAmAcI4VNJ2uk0ts2EnqATOTCTZOK1QhGwkEEJI4DRJy6lFRCngSKQgShGABZgSAhlLUihKBIjAtkGBQdkwNo6IwAgh2tRUS5GSVmvXMrFJJBmbRGERiiiB3ZpNSoTCznSCJGfa2GQgIgSgkCxs0kahUiSlMyTjWiIUQoltohQyjd2apKid3GwiimRBc0OSikIRaqYWZSagwHZAqCjIZoVDcsvMBGeq1CDdnABWKRKy7AYRw7DO1qaWStlZImwkgRWKCFuKkKLWYsjWEksgyESKUoDWmnDpehAYCzJKKaWWCLAcEQoJSSItZ3MoJAwOaBBRSmY6M2Uh1QgFGNHSbRozLUVKpUQJQdrRxqm1jCCiAIGQsCUlBApJAoKQSgiQBYiQlDTbgHEgywkCBdhgOyBQ2laGVWqUCEmttcxG4hIhQIKIQEIIjW2axlYiTApJpWXaKSkxthRSKSFDIEVEiCgREiVNhEi1aWqZgSZPhqKiIJsVAuyMUkqRG4QsyAwJaRwaOAhjSZLGNgkkSQoVMOCwbdtRa5HaOGW2edcnGQoMEsQ0TcZdV0JFEpDptG0DpdSWLYokJTib0tQQpdYSEU5HSHKJYiEkwrZDgswJiBIh2dhuU2amIhTCCBGKCClKcJkVRSjJbJYgVCg2BgRGKpIU0JwpaMIKSSKxCAIcpSQqUSJCijZN6USyDS612A4ip2aghCRkQ4koJSiSIo2QhJ2gKFEUtjFSCEeESthg206MEydGlopkY1o2WVaKiFCKzCxdJwQklCgoMnNqEyCTINRMa83pUkJRKAoiQgFSiQhnTq3Zjq5GgMi0AtslgghJJaJNE0mq2SolStSIUkOgIqxsU9pZFFEVRCkFDNi2TUQExiAZkGSQFJIysyAk7JYN25B2lbBKV1UKtiBCtUREtJwy7aSUWkpISEopoJRoaZM5pVFIITkUCklShGSpZQMDKbfWsnk9DJmOiK5WQxGAQwVBUchuQhGBIp1AmmxTZgvVKBEQCotszZlpB0UiW1OoKAwYO4UQQpnpTBQSGCnSmS2lKAGWSSKcLZMQUQsmbadVAmNbECUc2JYIoZDTptgp1DKb01OLEkVCKjWEnCCXEEAoIiRlTuPUbGyEpIgIlQgJKKUoAhMGIhQRKlEUEQJJkohSIiKkEDibW1pIEooA3DIbYEIBtmRTo9RSSgTQJkfgBIlmZLCiCFQkIoQUtqWicDZnNoVqCYgoznTatiKkWpwJnlprU4bAztawsRFIQQSWwpCtYVPUhgkEmMvs1pohpIhQ2OnEmelMp5xpC9GwLGOwHCqkWymFkBJkaCCFbKaxSWAiapGMLEhDtsyWrSul1prOcRrb5NqVEJZIGQPIQSCKQgqigkIFAKnIzXbaQpKEcWYpBYxIHJYiisLWlJNKKZKJEEUlIiKKJOGWE85MgwmRUsgQUZxumUWKIgiglEKmCpKAUgRSyOlQUAu2InBahEIKR0IUsDBGqgJJJUxitzTYpqu1ZRoQlwlAkJl2y2ytSVKIpGGJlmRzBKUUoSQzAQDbLRtSiT5CgFuCJCGBICUlwjYOhSU7M4VsE1GQEAGJcYJCUT7tUz85pFpKRJSu1FpLhB1tGltm2iUCyJbGtRabGgWFZIWiBlYYY0E6UQJSICkUKIStWiIiptZaa7IUoQiEUC11skNhp1GRLFraLUNEBFBLiSISsFMyuGU6kArZGiYUJjElimSpKqLRlKXU0jIJUGmtYSMJIgpq4+hSBBIWKMKWnIQkq0ROk6UQUkknBjkUQlEiSrQklECJACkcKnZaSnOZpLDtbFbIpFOyjUGEiRrFSpOhglxLkehKxeHMrnalFDIpilIM62HIKcm0LIfklq2oSGpOjEyRmkUaWyqEJJSCtO20s0VESNgE6QQrKpZJCxsZ0omRZIxkLBHh1lo2J0hCiqih5qwRFs1NllQyrZCxCBubNrXJLSIURdByktzVcJJuSBYy4K7UWosUJaLJEggsT1NiSVIoIiIkZ2KsUFe65kkSVJNO2tRaGxUhMO5KUURmRom0M9MggWwEKELCmYaIMM6pIZUSJqVQIMApEEosKYqKwiQmx0wnkGljFCIk11IESBFgVBTQWgtFZloJKgGoJUAoZCFKqJQSJaoqRa1lDbU2TdmKAhukEpmuEQrlhG1FUUgKTLq1hEwEIm3b2ZpN6WqppUQRwioKQylVEWkTdKWCVCIiQiHJTqkoaJOzTZnNSGAhkAJQiRrCRJEIYxJCEIJSCw4hZIUIZTaVKApAhqBEJAmR2YIwymxyTmMbp9b3felqTq1lm8b1OLQShSBKiZCEbQhFFDAIokBKwlKpRVJECCRBOpWtKQQ4UxYhBYhQlBJpR4RQStiGItVaE8b1qECiltIyk9asTEsinU6bqTXJRWG7OUOKCMgQKZwtJWMhC5WQJIWEAhQisN0SpSRhQ0SpUV0IR7NtSxGlFCRsVKIY20hF2VQipMwMhaKEijFYipYTkCanNAbkbM0ts7UWCknGaUcpUSpQFNlSCjKnbIEsZKSMqHIiohZMOiUJt2yyohaFVIrtJKUARcjGBixFV6uJbNlyKiVCgVAgSyIUUSIiJAUCYxMhckwK1FJtEwJhWpuiFKCUIqm1DFuSFFFCkgFnywxJIRQEOTWMSkRIqCW1C0WhtcxmY8BCRNSuFIlmR0QoQAERkelsU9qKsA1YKkXCmQ4paTaAp1QUTJRoLUstEUWBRChQECXkRLLtDEWEiBBW4JZRQ1IaAQopooaMZKMSQQhBqCCsqWVjEmGTmUiKUICd6UACRESBlmlFyOlknCYjbFBrLVtLN5mQbQmF5HRrVimyQmBFhGQpWmsiulpBIEkEoAhARSEUEZZltzRYEJIk2woB2ZoBoghLCdgRINo04ZRKhDLTJM6WKVmSJBCSrFKKrdaaTI0oCgVGpRQRgCSZlmknimyNbBbZDIikFCHbLZsN2EYRpQhFCCLAaWSnEWQmNkIqIWFHKQqZKCUc2JQSto0IsmU6FYooUSpOoRAIiSilliIiagzrcWqttcxMp0uIIrcWpWCam+1ai4JMB8LGNJqs1pw2clG0capdjRIBxs6sIUKGUkvfzaLENE7NKWSnQtM4pV26UktApLHTNhEY52hbUkRBCajIBlyiUMKmRqSzRCkqQAiQQlGkWrrSWbRhHKdGcU65XK6ksN1aTq0pIlRsR1CEJOGUo5ESSicmJUUtQqFCQoQipnGSVEoROC3TMiVaa1GLrAil0pkkwNQSpyQbkM04jiXCISFnOh0qpUoKYUWUEkCRSilpTJNBkkEo1FpLW5BGxhgrnVJECZDTxghEZnOmAaUSitIoqLVEiVprBAq1KQUKAZkeW6sRoPKZn/GpkoZhVImqIkWEoghCqrWWdJMJBWAphCLAzrTdGoKk9bUibAtJtZZiJ3ZiQEhF2TIzuUwRNSRFCfFMVkSNglSKIsLOomLSCAGKUJoAAhPpFArCckucSRpJEdnSbgpjRSGksWWEBAqmsQkcERKOroSN5WmcbEoUScYipLAzFBGSwiYiBDRHEF1XorilRCAEdssMhCIUkpwORQm3bAmZqWTKJkWEDEVIytYEaRCSpJCMUYSQDUIYKTOxJXW1drWWUklHYIfTFBUVUkmzISJEKBRgKwQkDgXpKTMUpVYym1uoVJXmDFAgomWTUUAghYAQzqgFaxyH1ppE7Woo7MQGCVIOJMJy2mAM2OkoIURISMKhEiHJCGRbUGqxCQAcYBSqpasRtiScLUqRkQQobTBubcJEhG1DKRXl1FqAityMjSSRBjtKaVNLZ5ioYdsWZEgImQiVKEXF2RoZihIlE4VDNcAEEnIoBFFCpUoSoVCEHChVai2lEBayKFGjxjSlbDuQLezE2NmaA0miNSsiyHQNGTlby0RyZinK9HoYutqVCNsKSSolaomUMlMQipAIhWLKFiBhKxQRorVparWWEiJNOrHsiDApo4hQhFSiRJCtGQFgpNZS0LLVUOlKKaXWrpSSza2NkqRQCIQCpZBtG8hSqtNEtByHYeyidvMqF9IOCSE5c0pjWxGCtHFiWQqVWkrtrHSaRBG1RHSlK7VAQqBsbUrXiAwHoVKdqEQ6AwFCKsKAp8kqUULpjCiWQKVgAggJAlsSopQQJYKoNSIESEiK6kyjIMgpp0RICglRS40IEArSkLYyW6gSypYShYgSEZIRUiAiWypwZpItm5BCQlJEiahRrZRrFIkgbGMbYyMLSSAZbHCGwhJKZSoUVkuP41hKGLBDgRDUGggpSil2QkjCRoCxVBTQ3HJK20KWgyilpG1RFUCzu1pDklSi5Dg1exqGTGpRVzpbgCxHSkEIyyBRS00TyLZSiGy2E0kiUQBWowVqmaXIlgKZNrXmViKmabINIEcUgtaacUiKSGeb0nJYUQMkEChUokSJkCKitbEl2GkriBAEQUEm5SCihiJK4mwNlLYiSimhwA4FgFGRG8hGLdOZoVAIgyhRiKhRolgEokSHMrMFoZClkBRhY1sSSAEZiK7vbStCtiQMEXYaRUQRpXSWBCoEpYQUwsbUGlJVhN2QbE+tIVs4JbKlM1vt+hLRsklElFAQ6rqazVYILBthF0ViSVIYDC1bX6uiSCAZRYgECSuzpTOKjDy2qbUSKoqopYSkMAaQsUIoSjrB2YQTVFScHltLnGlBFIUiVFra6bSwgQinQRmEkSKiFMkgYduZTcJYRaFwWqEoXUQYC6SQ5MQY08haqkTamSlsp4iQpUAupQRyEdiJAhtDXysmQkhOkGUQlkIC3LKUYghIKSRFSBERRaFQay1bS6il1lKiRCk1ahEqIdsSbkkgRZGwkCdbcqhIMo4apVanG3SlGNKWJAKFlU5KCduZlkSqFIVIG6mU0kW1wE67FEUESIHdbAVECBXsUEm5KpBwKiSRaUmIdKIIsBOoUZzN4HRrkzOzZRT1/UySpBKlKzUUEihABklBZKGohIptoam1oshmyQoFgEtEYENrmZkIlSKTbuEwZKYUtpGc6cyWid1aU5QI1a5DQZowQBgpJKchQSSKQJKEbaeQFCZtY0lkZqiU2tkGVBQRmGwt2xSlFAmRNmSUWmtkkq2JUIi0bUAGIlsq1GylDREKZJBUPvkTP1625RoFO0mDSZnaRSjGaRShQibOVMjptIWcKiWQJdImERiiFIl0igDXWoRIBC2z7/qIKLIJ0g1H0CaXUDOB5DTKlkgKTGCXEkh2AlKohMlaaqnFgRFpBShKKYDtdGazSiDZKSnTEoDtBEFOUzptZ2aNUkqVABEASM4URK1OY3CGhJimEUcJOdNSkZCcACrhkJBx2m5WyCYkQCgi7JRdSsWkaW2CiFpIQyJl5jQ2hUopBreWICuNpwaOUCAVAXaqFEjsEgWlIBQIBLZthaQwCuGWCaXWWkIRiEwbAmGn04BDIYUUAmUSgaRMKwrpltmmSSJUJLCIgp0kAqRAeJpatiwKFQEUCUrISdqKkMGEYmojJiIUEgJsLJQex5GWFDlTgoRQKEoJKQwtbVsoQqHI5vW4DpVSq9MSJQJFKWFJkkmMCAWgUCSERAYydinVaQsDIIVRiSCKybSwFSEpSiQphSxMOj053SQJRxRZBLaMZWfamaUU7HQiFChUI5rdlVprtdOQRiKKikKBRWZrU4sICElRSoRKjShqUxrbONOZLT0OayMJBJazobBTjiiBQApMFKGISLtlZpuQMNi2jWUbMjOztZaSghjblJmSwHaWkKKgQstsqQAVRelqRwgzjEO2SQ6EFC2N7KQoDMvluiBVuSUKC6PAoFDUUGIhBBElpNYUURTGIbml01EiVFSKM4f1kCDJBst2ZhMhYUAAkjBqObbmdEhNpjlCiREhlRIKNVtGAgs3R5QIh6b1KCEQHsfJk2tXQgFIBChUu76UCEkKE4KIQEFrwkIlSssmkaaLkJTpIkcUCydRFMj21CYwoaLSdZ1KOE2Em5tbZmuZJardQrLdsmFK7RA2tXYKOQ2AnM2o1iAxImktEV0pEYEpUSKKsKJibKKUCANBKMJSZgpFKYIpmxvzbqaIDJVQUWk5SWBCgYStEI6IwFhZSu26Pt1CUUtNmpsTZyZGYDvTwkGgMI6ibA1kUWrBAokIUBgHIbuJoAaNWmrz5MROwjgyW1E07KkpVFRVZJuQkJBqBdw8jtM0jrV0mc3GNhBEm0aJWkuoJhRQhIJxaA4L0mnT2tTalEaypCjhlkQJIZHpUIEkZdImSkSEIjDgNk1IrSXCVlHBGUE2I0nCtiKzIezMdISidBIKYaSQLGhTm9qkAkkg24kiLGxHqYKQIJFQCAnn1MZK54JtO2vUiEhnRDjd0oL0FCqllIhKoapkknYNFIXEToAA5HSEZDlTkESITAtk2wiH1JyA0yC3zEzbEBTJZBo7ikooWyJFlDaNVpSQnNSCAkNQVKapOVtXqmpgp2luYRSkkJ3gKSOKCiVKs0VCCLVMKWotLdNpqThtW6JEKCRcalUtOANFKQrhDDTZOMGiRCiMA0AmVByEJQkDHqcpJBsBaJpGJIyECAWFSMCWZAs3GZUiBc6pNTJBKBL3XR81ikoEKiFk0pDgzDQ1KqEQKkKSDVJRmpCE2tTSWWsXIdJSRJQiksypRRHQWlNaUUJEKLqC1XUloozTNI5ja5ayRG1pZ0YIaqnFxqSExDQlUlG0bC2bJFulRC3BZYUwTM3YTluWVWuVPAxT7ep8sXBrkBaKYpytKeQ0iCBCsoww6ZQ0tdb3XTqBiIIxUnpqzYCdGBNFwoZSqoSVTjuzRCmlECKzKIAopZaSTkRICNKSSATIQBK2MxPSSUQYg4TSlhASliIUuCFCgTNCUgmFIhBp1wiUpDBSZKadKlECWRaZiQgpSQjbIWWmaaJEKGrIKp/ySZ9Q+77rukwnlkMhYRTptHE2gyKaM1urtStFIiRFUQkpig2AUITk1tLgNGQtNS0JoNmlRJRAyubMlEwmBEGpJRA2OA1SrQUiBFIobBsHSic4ImyEUTgTOYhSwuCWFiWKUaYxpRZB5qQogapCUTBRSoRaM6J2RRGKImhTZjYZpKIoNYxtopR0TuPU1Vkqp3RrbWoZApXEQJGcTisKTkshCZE2IKmUKilUCGRbLqVGUZqQSqmShEpXiqIl0zSN41SLFJF2V4ojIiIzx6kFpAiEbUWUaJkqITkIpwVASBElMMay7VApEaFwGmeJQGG5liKFAhsUkkIhpRMUASnIhlRrrQqDbaSQhYQjCkYhwzRl7bquC2fKKhG1FiPITKcnIaSpjQURERKEcUTYjYSiElUlwJnGIIwxhLANsqNESIQkpW1nRJQiRUhhCSBCUCKcDgmBHQhCTksFkJBCRQpZkkAKWYkVIVmQTiMEgNMSwmnbNKcMEQiBAxF2ZjYgQkVqzghJIZVAwil1paQTRZTAlqwIZ04tSymZxp51s6hVEgIoJWqpme5qiVL6WkqtQDojotQaAQ5LSAqFpBARgZw4UwpjSZKNRChqKDMUki1jIKR02hkSJbAVGCSkkEopJVsjsFsm4Iiw7WxIOKUotZSQQ0FIVUHXdethOFoebW5uStgSEUUhqkoa2Q6FQkSUkJ2ZVg0pTWaLEkhIKiHRplQpoVBRDU0tFVFqVUiBRKYlgpAEWKQtARFgU0soAqebG4Rl42wtM22QIN1IGxsICdJYRkoSEURKERFSGoPCOG1UijPb5MxEiioMSCLtkCiKKC0zW4uowJgpudQqQkopbJPgzMxpaqWWElGi2LYAEZKCUEgtm22njZ1GLhQDIpuLgpDBblJQZINUCkBmcxqp1HAmVqmRRkiSyYgISLuEVEJFCQVLxSJbSpjIbClkQmERpWBnRClhI0WJaE631tpkOyKQZBRSWgqLiCgCoigSJIUCBdhuNnYmhCWJkKdUCQJMjUCllFJK7bpOktNCtXbqijNbm4wiUC0hsAFnSlFrVQgJ06aRcK1dN+tFActYSFaKEMLpzASwa+lqKaUWRXFrUkgoopRaIjInlRohIJ1OG4NKERIYVKJkpjNDIDJNhEAoJAwyUoSEM40EDgnAxjS7RAiRso2IEk67NSlUJEuFSDW3dIaKxDRNmaiLMEi1VoXSTltSrVUCHIrSFZXItBQSiUuEUHMiF8tBmCgFWyUICUUJMBKZBBGBmTKz2W2SUEQI212tCpwoFIp0hqQIG5XIloJMh4iIqEW2E9uySy0lSqDJ6eapNWPsdFoUCRGhWkvaAgECcGa6hUopIYUNihKKWpCdSUSEslFCAOmppYDMtNMUhZBqYIRSCAkZkINwEJJCKKJEjYgQIbANwhZ2OrGnNsmqXVWRFKVWVJTGbmnhZoFChFRqCZzOTAdEEcJWscdsUgjl1CxyaoScLhFOk5ZCgXGolgDkTJPGEBHCdtLalElEtNYsSi2ZaWdrJm1ShOVQiVLBklFEqFDSrU3NCREm01mi2AZhZWapUkgEOE1mBs4kqtK2CSh9dUtw6bppHKZ0V4okSTZgZAkpQrJzyrQTrCJFRImIcJLObJONKgqEbIQkbNuSEIBDElFrJQIRYBSlRIlSC8Itp9YwUipKqCBb2FhIOLOUYmjZCAWOqEiSooQBiJAiIFproFKKkdIGBSUCp60SoRqykEqUKDWCaRxTrrWLEAQgybbAWBGBUEQJULYsn/opn6QQBiQJGwRYiEhcSxelhKldVdSws3lokyKKSmstW2JLIaK1VEQRNuB0ZLaWE0IRJaKWogg5LdlpikBSCJAzQZaNnJOMgmwpZ2KMpa5EqaU1FTmiJBZ4mmTZIGQcBIoIAXJILR0RmFpLykbQJIEz3XcVlTaOLZskKTKz1JBVuxKhzCZqRZYdAmpXSykRAa5Ew+lWkA0BAcbNpURmhpimSSUMhkClFORAhAwREQpJQVgmPWWzLYcKNaLvO0JtygjZRnS1Fy6lgFprKkJRUMsmws5ASDZSsclMcGsGK0pEhNTcsmHSmc0uEYritBTGgMnWWkEtM9MKIEIyLqVAmAxq6UPIxpgMFZVS3GxnV0qExmlyqoSw04DT2JSICEWUUmspBTnTESoyETKtNVlEFAJRa5FCKDOBEJkF0pmllGlqGEmSopSuqzSmaZINgDFRIiwFJDYhKQqSTREUCQgpJaUiIggpJ6cdgUKJ0xg7kwggW4bC2CadRUW1lFBESATRSJIQEaFSLBUFAkICM2VmNqzMdKbJiAiCIEqEZIytEopordkOhaeWJp22p2mKiIiAxIoIhYoKRIRCSqcMErZN2tmaFHKG5ARJUTLbMI6hYhuLwLZCQC21lJAiWwNs55S1FFRKOE2otNaQDYooUssG2FbUrhYEiRtRAEKKiPvOnR2G8eTxExKlFAVOY0UEhXRmM1ih1lKKQKDMBEdEiRIKggiJsIhGlIIM0caphCSMbQVECczQRrshhSml1lJVoMWkphBOoUw7GxARzZ7GSUVdFAVpjCWRDpGm1tLVKlNUSAAkMlumjEkbKRBgcOKQFGEb01oroRIlcRCZTSIUETKAZWzbBjWnkHFrjhK1FGciKQTGFlIEOFCa1rKUaoOQkYvtJItK2gIgs0HUIpDTCkPUKJaaM6CotDa1ZtsIN3AqImqdWitEOjON1UUYGStNAeGWChVkIFCCPGWGomWOw1QiEBiJqDVKIVuoqAROC2MnxikCml2KMOkMGKcJE6UiZEtqEIiQgAZBKcVOpxUSzrTCimikM7NhEGDRWoiWNjautRK4uWU6s9SiqFHU0s5smZkpUIQkZ0ZE1NLVrqul9p2k1jKzOdNOkJ2WbQvZIJxpqQhVCdxSEVIY3NyyqVBrN01TLWGQM42VmUQRRgiEotQg09h2SApkpdNOWVYiAUVFwqFsJk2Rk9aahVEEQDoDBXZSiizRTGatNaLYKQfYUoASYL1elYgIWaSddhcFKYiU29hKLa1law3INMYkyC0VklVCAIpaapQwilIAKUAREmCljCWUzXaLWq1wppCkzGxtCkWSbkRXo0iWSmQ6RD/ri6qiApISnC6lKIpFUYAUQkWkETYRblOzMzPTUtDSBkgkTCBJqNQC2FmEuiKHQsZuKRNVKmQTZsrWxsmmRESpoGZny3EaIyIkhCilyOBEktMRxU5nCmy3zHQLhGRnANI0NSkEzYQiSQyo2TVqKbIAilBEThm1ZKYiSgkhm0AS05QCA1ba2BElhCJKiVpKiRKCUBvG1rLWrkYQkEh0pagoTAQisFu2lk2SQiE1t1BURaYV0ZeqIEq0luASxcat1a7UrotSjGUmNwVklK4k0LLWEqVECTe31jJTOFTcMBYAiAhEAK2ZlmmXkMAhTJGMWjZLpUZXuigqJUIynqZmU2p1pmkYSVGjTZOgKkA2CuEcpxZRBC2NUyArFEREBEFEJSGKnYiIgolQUUxpYYWyZa0FQToiJDITHKW2HJ3KZglDrQWyjZMI1VIjsBMkK0qNElGcxlZEQaXWEsXZyqd/2icXFZOZSRKSJMnOCCnCBkmEMVIOrSlwWgIjGySFwgjSoYhaCkZSEQ3bRYEUATC1HKcmLEUJEWG7pbERRkXRWnPL6EqmcRIRCkKVsDxNTRiFsbGgZaMo7STDaq0ZaikRkiTJaXCinJx2oEwnzskRlNoZA2GXWmsNO0PFoRIlsSw7Gyk7ohhCGJzGctDXggMpnekMRSmBSIgoETFOU0SRs5SKM22FwAYnzgQJKNCwABQREUUxtTa1VlQQpVZjkpSxjSSPbSpRhOyMKDJIJQIJW+Eoaq1Jql21ZVqJMrl5MoEiFNhGwjbObJnYrU0ZJaIvALJN4LQlSSXkbDaJQSqKFBiklhlCIUs4bZAjYmwTzmwWRAkjbAQ2kM0llAZJCYqWU3OWCAM409M0GmqtUSMzASRjJNJAhCICAGFbKAQoimSaUyalII0UEZhEESXkNBGiGRECQ06OkNNpDHLaFKSQANsY3FpiRym1lhA2RgqBlUiUUqNUEXamUyGZaRgSY2MpJFCETIigSIbitEkpaimZmZklFCIlyHRmJs0RJYraZCtLKQInCNuynbYsQkJIxiJbG9uURnIptZQSJSSytYhwGrKrXUh2ZpKACNFay9ZKidrNpGwtjRGtZSgiJGQJCCkiJFomNkJBOjNTIezbbr19Np8vNjdwS6coDeRUCTeHFBGWDELYiYVCRASQ6bFNJQLFNI7ZmtWak0ZzlhqlVJTYxWqkEBFuKYXTTifgTBNVMhhsUERIAZgoUbpSSilWCJeIKCXTwORWI+w0YOykBCnJmRaohKVAFtggTAQ2wiJUVAIJkFAUyQqVhgtKOyQRBCABlu0SRUXZWkRpaWdGKaCpTdgyQJSwBKioRKQTICKCbETBrSVpJwgwIVDBmaFiUwJZlo0QaUeChEjsNCTpyRmKWqvJzJTkdERp2URERCFKCUmGzCbFOI6yu653tinHqqqC06TtKS0FAiSInBpJo5FOS9iJgcTOUotUBGBZiUtElIIzmwmVEmlJkuSWlgxtSgnAJkJFkrFoY1PI6aqIqBI2iAiRLiWM3RJUSkQIqbWUAJdS7NZas50GcNqybUHaoYgIQKkoatmclgKQFIqgNlISQCaoVNWoBkJQgMwM0aYM3BA2kqAoQBiFQ8UClE7sUrpSCyJsZ0YtRQEUQGGnMy0gQ2EhhRQoSkQpYWRbctoOJKWxs5YCGVFViiGnpqilKDOxuxKtAUSQDslSCJMGSglFOB1dFUgyhkAWTJmCUsJpIp0gQuEI2dlSQpAkEIoAQoJGiqilqkSg5hQWTOkig22yZXMKMG0apmbJpRQZUEi2S4kSSpPpEGAUJSBKlSRJUqhGADayBIqQZDuQogRqZEQIYQBJhhIC2jipqESxE9u2bREhd7WTAqdCooQglGnsBjinlpmpEgr1pVo4qV3YoRBOSZYLkZmZGSERQVIkO9MKqYRdIiRQRGBCtkmbRMWknTaIUInAdktjDIKWObVJUqmllEA2YBSywA4icTZHCLI1qygiSFRKUQBIIWEUiojMFq5RAnKaUiVKKenEaSPCpE3tugiFigyQLXFOUyJKKVaYtB1REhspEZKEhTNKycyptWGaiiIiLE3jmJlVJRRTa9M0Gdt2ks5QhGhubWzKSGcgREs3EwVJEaESoChkuhRFFEtYxrRpnMaqEhGEcxqzuQSGNo2FQhHpUkqEbJdaQoGxxDOpTZON7WkcSq1FAWR6nKbadyE1G5OZRmAQJIFtTNqGqbVhGsunf8ont8zMDEkiSghlZmYaIkqVFJFp2qSopEupoVApgN1C0XWdEzARgJsNkkTUGoogZHtqzSAbYaSglJJGOCKKKlBEqZFOSaCQDEVKcGuTHYRp2KUEqCiQjZVSqaQTd12NKDlNKUjCImxTQAHGUEopUaIAYSFRVVxKG8eWjlLSJhuotSRobZJCKjiz2dlQ4FQQAQpFhCSVEmERDmfaWYXliBJ2s2vUUgIQYLWWktIuIUm2Q5FYSUQArbVhHCOIUoyEMRZubtkCLGW2iIpRCGNcawVaa9kaRHMrYElIAmLKLMhKpyNkANm2EyNF7WoRUnRdJ8nNUggJ2Q0LCMJkpiQUoVBIRSolZBo2CKTAjtoJ3FwULuE0QiKigNMWIEvCsm2nSVngUivpkKzIlkVBFE+TkeQgatdJEoAktUSArIAmZFkFGmESEypRAjGO4zgOmcINcCgUpEOOCAvSzmacTrBBKEJSgC0pJAIUJRRhiBJSQUiQznQpJUrYTme6yQpFISxN0wR0XSdJWBGBJBEBtsNudhoZCyJUo1cNjACpli4UtSsqMmRKpYScgJEgABGKUKZtLEeUkFKOUrpaWmtpSRhFqNZOxsqIYhtbRLOztWxJUGoURZRSSnHSspGJAUotaWSls7UMEaEIEcKEsE2CKFGGcVwtl8dP7CzmvRNCEkW0bDlls2stAELYzRbZmmwiIuSkteYGWHa2xJRahdKEqF1nWyqKMJQStoRKkRQSKkWZY2shZIzTZGaUqFEpaplkRghhhJstg3MCFUkZ0UWhuKUDrIiQREMlBLYDHFGEEThCibDHqUVEKEIlJIWQstm2RTgNkmyMsQEphBUhCykkiAgiwkhCSZSCnCaQM52utdhgCARSRITDsiSkKLVGyDYyKKIg2RhLSlsYu+s6ETbCSAUSZDtbKTVChtYcQZEMBVRCiMipZWsZqNSCwm6KgslspdSuViJsZ0tbJUImBWkkyUihUAROSxJSNZmZUaKEQIANuJSuudkgCZDGcSWKnaZJRVjYIMLNpRY7baJEiWhTQ9RaSUuSIqIgKCGilDAuEZZCRSGw0wZFtHRRAJkTDYlSKmGBKKUoSlFgaC1DIZkoJcBOY5pCMpnOTEWUKBJ2umGBW9dXVAKIwFNEQaQzTbaWWCq2ZRBCEaGQkKQ0CgGZrUQBKQxyJEmUGhGBSkgKYwQIDMJgFxVZLScBUlHYntpYQpLAUslsGKzJDRtFFImQjUrUElJEZMuWDgHISqedQoqStkis5kRhu0SBnIYRCIWKQE5HKZJQRglZgrQlhSQJ0qaUMrWxRI0oWA4kBKWUlllq7WqXJrPZGCuEaUlEQKKQlJlKohREF5UQRhE4W6bACOHMbJYBG2VrWBFCDhWUrbV02nR9rVGEpmxuzakoWACSwDYykkHgCKlEMYmBkEopdiYRoShBk7BQlNKy2QaBFMo04TQFESEpFCCcU8u+q7bTbs1KqIgIKaTSdVGilgiVdGZriJAUCEkowjiiEpqGJhBSSEgAGCPJBiFL0TJlCzeT2ZQmhLDsliDTwmGFMHYQraWhKIhIuwgsRYIUcnqaGkEttas1Qq2NTpUSktIuqlHDEuB0qTG1Ng2js/V9hwSGElJRISScZE6JsQggpKJsjYgoxbZxiIiICJy2hIDWWi0hhSyjCIVUpGEcW8uuK4pqN0wCGII0SFFatpCJosDZcrKkzLQIBbYxQqLUGio4FaWlMydA1tQaNrYUMtma0wpFFBERmtqUhmmcWiuf9smfmHZiAZKldAYlpDShMJYgLQkhEBiwS6iljUsUsKIA4MxMp8AmZacjokSUIqxSa0SBLCEn0zQ6VUqkM0xzIhXVJLFKFJM5OQ0YU4oSySiKQpJsK0XJAJCCKDVCbh6nFmBwEoooArVMY4XARcWyTaabXUtYtt2acxrHKRUqpRgbShQipmw4bUqUEoJAYRuaIUqVArK1FoqIMuZEo5RAIZNuSBgLkAKJlhkSkhSIUEHNiU2EailReuQ2tZzsMM0SUUqUUoRKbdMUAKioIJt0klYtLScRKojIlhHCCSpRpIhSBFII11oRpRQJAKmUgpRTSgIJKSRQFAHCJgpBsUyCSANhZ7bWWhMCpTMkUIhm11oUDpUItZYGJybdLClbE0JARGjW9051896mTa2WiKIowoDSaadQ2oCAELgUYYVFFSaNnZItwpqyQSqUtu2IiFIiBZIwjhQyKWOMQzJCtYSj1FIssAWlVEJKl64Kgck0ktWmTDdjQUQJaUorIWSMIjNLiVp7CWQpSkSquWVESIEAtWyeTDC2DAmU44QiSs3WIkQIIxCKQJmSgrBSRgSWglCZpkEKbBc5M6LUCBMAQgB2cwgMqEQxNsaUUBCNls1drZSarWU2gmwphULGtjMbiYqCUGCRxk4JpGxOiBBQaj12/HitBUuhNk45OWqBkmRgEdi2ATtVSg1NZpwmZyoiQqUWoyhCRA0pSq21RES0TMt22p6mEROFaZyAKCVbIiIUEXYmSMpMoRKlOZ0OAElKG4zlbLbTSWK5ZdYaRiApJGemkuhDKiYzGxSRoUBgkIRKCVmEo8i27RSAs2FCJkqEcGYzJijGhlJKm1qUApKEHSEEIBQlpEi7SAZDiVCEbUkCW04nBmVrgUpXIxCRrSWEVFSmbKQTjIsiLBAKq0UgBZDGmaWUUmpILQ1TjSIVk2RGqZZt2xINURQRYZAQti0hBZg0pnQRURCKiBItnekSBYMoJRQlQqFQgBUhpyMirQCVyEwMGBGSJORQYBLX2pVQlBKlk4gi2RGS6jSOYEmJhaRQCUUBR5GdNJfAiiCcmaRtQ1jGwhCCKJJBQYmUnY6ECAR2kTITC7moWEK0ZgDTMpUZXRcRoQALYdIZEnatfSgaKSQpbUUUFSxnZrYSBQTGmqYpIqqKcZuaLYVKlMwUIkLGIUk4JIMwikBMbXJraQtsnC2iZGa6IQll0lqOOWIAUIlCBFZIJcJShGzAoUCGaNlkQAiJEBDGCtmIUISEnFjpFiqClkZ2GiEJ20IoqsKgGpBIYHBmyxYKLBShgpmmFrVEYFOkKCVUTEZERAjZbi0jHKY5nZQSElKRIgJM4qKQSAjJtjMd2A6JEJazRUTDAklSSBgZQbZMpBybahXKbAkiJGoJXBQA2dJYWFFIRyhUbBRhqUaUCKM2pW0JQ9q2004QQooIwpKw7AwJBVKUMJAghnEsJaIUlcjWsiUhSUIEhCzLNDudgsl2ZigQWApJyDJyy1RGLSGlLZM2QUAoVGQQykRIAhVESFGKsZJMmjMCjGUFESVCraXkzBRyupQSCsRkmNJ21K7UUggChTClRoSQQkXY6VIURkihQJJKjX4272rNyZQIiBIKQZgWKCJKLVgqEQoZTFEJhaRSajrTLhEG7NZGJCEgImwnDgClE6nvO0XYnloDR5TSFaSQVIogIiIKZKYFRi0nRIli5zQ2wiJaNhsLJDLlUrqIUpypUiICRFFEkSBICAucOFQiVGqttZRP+9RPKSUkCUUoVJyOQokoJYxamwBJIpo9DkMmqQxFieISJQrYIpCdQlFqQZZDkqKrkWmEFJmZbbJTBtOczhY1anSWQVKEAowRaq2Rbs5SotZOUinCgBQonTkZJGHZBkotLVtxIAciZBkQJqqAQEiZKjKS1GzJIRHIEUEoIlRrF5IkkkClFItAEcVp27WEJTCBbWOkbNmmBhBqU4sIIhCGWksojCEEgE2RsClF0FpmSylDNUKIiJDCpCKQUAahWkopslfDYLKPinAowCCJKEVEKdPUnFYQKkBm2llqtRNAhBQljCMUCiky09Bsy0VqTCTYY5sUgSwUpRAAIQERErScxnEywhklpIgSUqQtpAAg5JxQRYQi3bKllAqBokRERIkSRUUyErbGaWhTjtM6W5PCzoia2FYJRRSnRWIckkMk0FoaKSRJIopEdBGZaQHCCqnru0BIkqVQEPbUUpLJTJdSSgQhcBRJIbAEIgSm0ZwRsjEmwlh2yxYlopScsmXjMgmZTAPpVkrUKJkpIlQwspAJAYbMtKWikEIyuE3DNBmHpJBt0siBVIpJo8QG7My0kSSTpoQIpZOmdJvG1lqzs3adbIqkkm42KrWoZDYEgEKCoiC6WiVaTtlSiiKhKAoiihRgR1SwVMJ2SM4MFcCtKUotklQiDJIU4TQIMA5FhARBTJ5sDBFhFCERIUIqUVSiFJUoIckmKFHAWLYRNEsGyeAck5YjRBRFhEQ6AZAMElBLrV1tTmcTRFSCzJSkEkVSSEihKEXGxk4R6YaEoDmVNDtTihKBQMY2SgxIiEg3FEKtOUKIQCXCFqJEiGKwVEpJUhJ2wETDKMBIEUUYy9i1lkxDOiIiFIpSMp3ZbNJgm6SE0iKoUgJkOiKEUdh2JiAcEsgFRbQ2OY0hQgBIIlRUWjanIySw3VpKUkRIAhVFqTiMp6khSByqtQspjdzSbm0SxchuzhQROJuJKCUyM00ggcGZUqgAIIXTUiEabZqyhiShMAphyMwS6mqdWqYzhEEGRWtTy+xqRbJdSqiKZiJCINycaeOptcwmCYUxSFZUMFIYJGVmZguVrhYQzrRB2CbH5nSTkTS1BgicKUk1QpEopLRBglJrYqcVUUpIYbmAJNsRpZQisHBSSgWQZSgKhSIsuzltVRWFQlNrtZaIItyaZQhkWwRSEISBUC0l08LZWt93SRtb2tQIZ5Nsq9YSEdilhASQzihBqgRuJgiHKJARESqpVKIqEa1lZgKSI0KQNgoRiWtUgpAyE6JEKEQ6jUKZoDA5ZWYb0whJhCKTJO3EABIhZcOyTQQ26QRAxpmtdlFUpjaKQBFFGMiptZbNzREREWlwGkNIYIWUiSRFZFpFEaJEpAy1FiGyGZD60kUtAYbEpBFEyJqykSpFJQIpVOwMlNmmbBESxp5ydEoCqdZAEm5jA6lGKHBKEYEsywYFISmU02QTMLU2tVZK1K7LllLIilKiKqcmESFBWIkzUyYiAkmldtXOzNacMpQQKCKkiEIyeVIQUbAzW0JEKRGWSkSUUISEJEEzUQK7ZQtFKV2JIgkkZ6bTLhEllGkQkQoBmFKFosilFGQnU2Zm67oapWZLpCTJ1jKNQsI2KKRSZVo2EFgCiJAkKSJKhBAhAQaQiiIi0xIhQFGEkEqBFoQhImrYqAROFIEkFGHbJrMFCkUtJTNDRSCRbiDb0zRlyxo1irBKCaGppQCFhBQFopRASAqVEhikrquhkCgoQiJsZCsiswEKCTmtiPJpn/JJKEI2KIqkrpaWgEEhJDIdEZCZrUaNvlRFlAI4HQLLUrYJXEqIIAJbEbUWg22n7MR0tSZAIkkhOUpBFCQpM022KTNtW6I5iailhGQ3UUqEbQnsMZEcKnYiEtPsTCSFFEQE4HQCckgRBSi1KANhGzJUVRRGEVDSKUOEBCShUiIznSAEUSQUUSQ1rJYgOyNKZkKGqjNLVyJCUk5NEQoS3Ay2HSFsCRTCoUDGWBiwQW6WJIQku0ZPQCqClgj33SwiwG2cFCHhlLFNSFPLWggXB6EQSmwThAInVgokZRIlmu2cSikCDJDNiTNbVSEkgyQRIRAKQjKSRBiHousKJaZhUqiUEkFERIRtCSkiIsCZQqEiRSnVLVFEBBKSjCHtwJlpW475fF5LlWIcp0ARga2ICDKxjUG2KQQEQVACQsq0QSLlyDCUEhFRSgFna6EikJV2FCkENrg5ihQiAbU2gSQghcBTpqdspGSBAKQISRJBtGyJa0RmEiVQKXJAo2W21mya084UigyVTINlSo1aaygiJCJKUZQQUkiBLQloCMmZOIylYpJEUukKxph0lFCopaF1tYtQRGAJt3GKUkKyQSqSlS0tSbYAlYIUwqStTEWUUCpKiSgRjsxmKQIppFJVEgIURThERCGNAmGTkNNkZ1ercUhRI9A4ThhJJcJGEZJKFCGkEqXWsCTjTGNbKgFqaVIEbRyHYZgtZjSMbddaI0QDSYoSJZ0yESUiohZhSRZph1S7TiVknKkIRQRCoYgogSVbIUkJEQqVkICICBUXp1VDhsyUpQjSNpJrFIQIZKcVgohQlIIwCdh2gBAIbCIUBSkkhZRKgyQchMloZCgIhGzJFsopAynIZrBKyFFCioKNLYHBthAyFKmUmlgEkmi2SIMlnCiiRKQlWRFIEtgKRVdbtsC160gjG8K2jQAokoTdRQEZY6tGECoKIVmSogSWQkEgSUAEkiQZpICUSmbDoIBMHFFkLGGB0+lUhIBsnqbR6RLFIhRRJGxLQZSIAIOEQzhtMp2A1ZVAmS2iSM5s2DWCkCQjZJpVJIfBTiHLWE5XSaVIgoyoUUpRyWyIUotEqBASKhG2hbtaCCntdLoJSlRjJCkAEKi1dBq7FAHpDAVSUCShdGa2jFKksC3sRIGap8zMDKuUmkIoQjYKiygRiqi1Yo/jBCqli6BQVBRRIkotEaFQSdI4J7AValNzOmoJCduBcJSwLWdByMZCEdEyQyIijKWwogRBiUpIRiEJ0omFpFBEQVIohA2GyMxaI6JKIJMpBRYiFJYUIQyYCCGkkORQCZVASEhC0zTZluSktSaFIkJqLUMmlHZOzViABEhgYwlJktVogSQyW6ZtIooCKUgUCAEykuw0qiUiQiFZOEOhkHCCpDY1ZDkkSSqlCGwDiogSglJCDkgM4XCxW9pOISIiIpIEF6n2XZGyASlI3EWnCAJSIaUdCESRCCSFg8hsU2ullFoqtkRIQkBTC4dNKUURToekKBIKAoQSB3JmJpJKCEVICqGwSY+27LRQZkIhUJQiSTlNEkVhQihCmZ7GRCiKgIT01KbMFlLtKtCaFQgkMEo10kmbJssRRRLYorUpk8xJyDiiIEtElGwtM4NIEZKxp5QgAqKETGKE03ZKmFBrKRAISFQDOZOIIpiyEQoUCgmkLooKaSRJWAqplEBElFpLlJCx1WgRkXaCbDBgY2eDzCapRFFRpm2DBKUG6fKpn/JJYUMoFKZlM2mnRaB0AqWUdDNEqNQQOGSn0ygEBqUTC9LY6WxS2LRsmS6KGqRRqEQ4QY6IUotS2FJYtDaJkAK5Ta3UUIBCsiRI2wbApmVLwE0KCadr6SJESAqFc2wtm4jS1SgRiqlNAJg0ls04DpnZ187kNE1KLElIAAiB7VCAs4FSITdny5aZTtuZzXaJEJIkCEWRFIoSgdIGETiTRFKUABuksJTTlDZABCAVBUoboSQUEaaZyJxCUghUi/pZZ4E0tQmrdAUFJmnT1AS1ltp3SZIoUAlANlKkLAdhQeaUTUTYKYoigBK2bQtQKbVIIZPZbLdpmsYWSHYKrFKiRIkSoQJumSLAEG6ZiZ39rCtEOkkyAEWVZVEikLFTKD0Z3FxrsaQofV+6viPkTOx0RilVoQjhNJgoUUoRKkU2URRyy0xwpqWQADeDlVAiFGRmc6k1FBMTti3AsggnOE2RARE2aVukcQRGmNpVERgkgnBEEWAjJYpC1KI0IVKEAidSKJSKDhLbAhSZrU2TJYpk21IYc0VYESUiEtImLSFLKDOjRIhpmtRcuhIR2dK2W0uBLbsgRSklIiJNKWq2BWnblgNHBAhjuzWDEUjIKKY2tdZqBAqksMY2ZjYbSBtELdXKUCAUAQayIYEyE8m2a4QUdiYIioJkctYuVAIgZJOZwooIkiBbZjqqQFNLhdwagAgFwnZEDaMiFbmRpoZq3xWVcRyclgIhG0WpkkKJkMGWBAJkjA1SRMs2DUObJgmjKLUE0zTIqhFghBQKgohAxnZrqXAmkCU0jhkhsDFJRITUsBCA3TIVkbaSQKWEiBIC2wILMh1pgySbnJpKVBCWKtCmFqGElqmwVII0CpF2pjNTISwbgkwDxqWEBEIoUMooBAY7A0UpiGYjByEJWyVEymRLWbWrqIzjoFBO2YxA2BZ2KVFKNGdmZppwQUhChCJCyIGQA0mWcYYCA2AU2LTMiAqWjAGhJFW7ogi7tamlXUJCijBGCopCQpBtak6ICABDSEI4ndksJKXdsnW1M3RdV0rYlmWwEQoCOVsWhd1UkIpF4IjqdCIVCDJdapUVEQ4JDG5GIpwIZ4SQLSlJS8LYIojmqaVpBocjnVNORRECrJBt2RGSIt2ihDNNjSLZbWotM4RKQCCcSBABGSgiJEQkiUGA7SQpfRdBicCSBEBGEY4My0IpwjJCBEaRGENz4mxpKTInK9xsAEkgRRRhRTHpFE5jZwrbpFubmqQoUSMUEUiBUSiMM6eIEqCIGsW2bVkpaimlVJS2ENiqRcginW4IQRShUpLMJBRWFpUSQqFQROlKUQmnJSQJkbaIUImCKLUY2tSQohbbLbO1CWOTTiwJCTls42YUlkSUEhEQKgjGNtmADCazWZQSkgCRhpAwtjFgDGAQ4PTQxqJSarS0W7bmJEOCLIooRViKiDC2qSUiIrEIJ0RmtrQRNtmanXJYnrKR2bIh1VprKUgYhRQhIbuULkJRIoiWrUQocEsLUAKZQSASFZui1rIEisCZJjOdjghF1FIiQnIKkSAwCNRIsklhnKSEUIRKiSkTWwob2YoQKlFUFCItYULT1No4RVGUCkAT0cYEA0YSkiRJEaGcMicbRw1h2zYUkVYEpElZJppbmyZBlJLNEkgRigiFsEkQCiGAqpACMo1zsp0WJM2GUEg21CiZ6bRwSySKSmZO0xSOWss0jU4Ddma2UvoIgXJyCaEiWZLTQPnkT/zEqCFFplsmkA2TpXbIpFCYtFWihGRjbOPmcWqlCMK0dEYUoVBBCgBltimzhEBEFClKtNZQKiIkN6cwVoiWblIFp9OlhhStTcY42jSKwELhbBEqKolDRBSsqWVrYynVLU2mDQ51EZHO1hIcCktOFFi0bEWqtZZSLEhShITTptY+ipDcTICKhC2QyIQotZQwqEGEJYVwtsyQwM2upRgBSIGzEUWSQgXkbEG01owiZKNsmY20IoyTFFGj2HYmkK1FCUGaTJrT6ZwmQiVUooqMkBSCWkqSQkBma+kSKlGiRstsZAikQGMm6WzNgQCIiCglbUlS2BkRktKJASNFqZbb1EqJCDltbMtOiqpkqUSxEyEcJWRGUilCbTJKIYCwJKebTURIAiEVRUiK1iycNjjtWiJK2M5Mp91aKREhADKIBHCm29RKBKXKqZDt1prTpRbIzJzS2IRaG4OIUiJkT81gRyiRZcC2aoQUEUGxHRIqpUhEutkNJJTYQBKyUZBSGBmjCAsQSCXCACqAsQ0RtZSiKonEZGamnW7GzjRgEOCiQCTUUgyCiIhSZMqsQ8I4MY5S+hJja4BKkZRJtoYw1NKXiIYzrQjAkrMRgSw5ShHCNiHRlVJKpAgVJQgnaSMVSYCxgQjchFsz2LZcSgUsBEWhCIJsGaBQa5lkoFLCzVgCYbBRSC3TaRGWIxUl3JIQpplQJACGrkaUYhNIARiwkNMEci0loqQtAAdCNokhUChbcybSNE0SSDWKZZAsyyEBdhLKlkigdBY8ObGFMlOhbM7MCCEpIqSIsAUEpkQIQzbbDilqDUkhB6RsIwkpBCKwk1JKBEZCUSRbammcoFqKijKzRGAkoYiINCUoKkIClBHKNCIUNUoCOFs2p+XiSJKUKkFBIpCiKLANoUgSqag2e70eIgDhzOZSK0ZBEJIUUiCiZeIIKarCsp1OAGwAFcktQTUAQwGpRKDEYZkUikKoTKOJhLBTSFI6bZBqKRKoTDmBS4RJo2yZmSiQJUWNUGRmZpKKAFFUSleUQqpRpLDkzBKBADVnBAQkERG1GEKhKkFmRglEgFGYEEh2ZsuWkwUgERFGgkBpS5IFgW2rZWJ1fbSx1dqpRKYtO5Ok1FJKwQCSTEiyk2bbaYuspbSWQhK1FIyc09Rsd7VLcLrU0qYmQTKOY5uajBPJza1EgLBtO3PKyTYNwnKxJyMAKaJgpxSKlgkWSFFCiZFkEoxVgmawhNNpikqEEpw2lqQQhDNVIiSFbAOZaZKkZUYIENhOp5OIkFxUUSDLAicIslkohJCKEE7SaXAaLBGKKJFgW1aSdjqZpolQKRVcaqiEEFgEEbIiFCUiZJApJTIdSqlGkYSEjZ0RxREqypbppKWVoMxmWwqFgJCEEBKZlCiJJZda3WyyFolwNkUBZ7ZsWYqQUJC2XGqUKJJEWLaxgnSSToNBCWQKTa2B0+prlYkiQy3FgbMVQlXhgAyKouTUmhKFpybIwC1tE7KdnkIlIhRISCEsaZjSbn3fKUKQibFCQiGrUkoXkiLcmm25hJTGQEgICWOIWpwuQhGZ2Vp6alYqous6hafMUookwkqBKKQtKUJRotYqga2ItGxC1K4rJSQ5QURE2gFJRqioNKebhW1Tiu2WkwiE3QS1drVU25ZrCUmgCLXMhFIqMglBKTWEwWRYLW0bgWWsQFGAnDJJJAlKhCQUtWC3qRFIYdKolGJUSxUCZbZUgm2HInHLVkT5jE//FJOKYpKILoTcphZSOo2VHltzNicpCKczFAqVUkjSrYsOyRCSbULCQChKiaICGBtwElEisuUwDLarooRsxjaBS5Tm5lQpoVJkpTPCJSqh2nc4WzpKZDZjKUJyRLYpoqYtOaFERKkos7m1zBwjSimBQZKiRnFaQakV4ZYKB0GNUNieptGJnSrFmbYBQRQNY3Z9BSFq1BIRJcCBErnZLSdnjUoJMqdpqhFp261GsQmhkM16GCMUpYYotUYUKVRUVFtapnRhk61FKSTG2BgQJrOlUwopQkIYaCmphDIdElCiGGFEIFrLECWqnSIs9aVERCk1bUluSAJbgLAjBNhZSikRIlQIIqJAOtVaJpnNwgjShIhwS9IRRNRpmoZhDEU/K1ymUAjbUmADIoQljFu2UGSSMulpaghsEbYz02kM2CJKjQjbNrYzm0EGiIhAiZ1urYVK6Qq2ASsiopZAEUVByxYKqUQJBSiUrqXaGRFBpJ2Tx2mKiKJCATOOY0gRXS1FyNmUclBUIkSUEK01IEIt09mkUJAtJSEBJUqakIGWE3Z0IYoCTKG40ZwlioqEEIbMFDiNqLUC45RAhDCllFJCWMjpUiKkiKISRcXKbM5Mk5YkhaLWEkiyVO0UsrGRPWVmNqdVik1mTtNYasggSdRaE0tFyHJgipwZpQghhUprE7iUUiIUYexEiigREc1WoBKKoBFVULFLH0UlMzPtNHKJbsrWpokIGeSIknYJSlSJcUogAklOIopCbcooJVQkySQgTLo1RSiiZWY2mTZOxiFNrUVEqQUDDorliMhMp6c2kkQUSRhECWywDQgsSnZdJ0kRCYEUtLTw1JqiynaAqTXslEJGIZBM5mRJtm0w0KYmoxB2qb0EZChay4hQgKRQTomtKEjYCRGqEYCKRCSpCGOhqkCAMIYSkVbYigjJsk0pRYBkG1AobacjIjNxRqjUWhTO1lDtaoSEVEqbprSjBNY4jXaWkBQkUiQ4s0QEmjIzUYCi1ABNbRrbIJVScGKnqkQIGYPBqNgpy6Y5nYlcSyeIErIkIdnYjohaS5QIDDIOK51pyzjAIBRyGgHYlsjM1pokcEvXErKFDOmmFIEtJU6rFEGAI9o0Gpy2E2xnUQH1pWCaMxQyiQPZBjubJDtLjRIlcTZqlSRsgRSqkuTM5jTUKMYSSKVGa00Eku2gILmlhSQnliOUmU6XkMFGoKIStVRFKQpQRJTMlAFJEmlbKGpBaq2pRKRba9M4QZZS+xIphRRRaKmQrYhASCGRaadVFIqWEEQhM3NqYNslQiUwEZQodro1JJpVorXMaUqwXEuvwNiZEoSEbFKZ05RpRGZGCKSICBSCFAE2tgmhiBoFqbkZ2jSVEi2bbOMIpZEsUBRMTtncxrEN0xBCEZlNwTQ1CQiBI7BwRolSOwxEhCRhY8CyVEq2LKVGFEWEQQqsUkMlgqk1RInitG1FOD21tK0StdQCUkglqkREKNOSalQjBMihNo0qURXpJG0RUTDOJqI5SwkgJDASSaannEIRNZCwCDlow9jchLI1Z0ZEKTVbRkSI1hK7tWYcISNMTtM4DtgqkgLbIJCAyKmpCEQ6neOUgCHbkHZElAhDZrNtVGtIRTiRkSAiSMZxaK3VrrOd0wQGAVjNOQ1DS0sBrlFKFGMsyTbCQCnFSeZooiiS1qZJBJJCMmnbVokoQRIhgydqF6FAoQgL2emsEUikHSpFLZM0KMBK0jinNrWWOWVmk4Kgqx0oQpJsEwZhBxFFUhgbnOm0C262XEs1CJXQ1KaWzW6tNacRnlqKACSh8imf/ElQSiBFkE7JKjUyU0RmIkrUEmESW4QhhDNxIKQwKjWEmhMCuURNJyJUEIFaNjdHKLO1sQEStRYVSeG0ikLhdEillFq7WgJhSwopnA4Lu5QIFZUIqUQpJSRKFEklwkZSCdlg7CYFBBAhpBA2lqSURTJlk0IKwFNLjDFWUFTALTNCIUVIRAROjEuASaNCRGcSLAlRSpUkrAik1ppNEFEDlE5nGpdaI0qJkKQIbDDIOJtDQrIznaGCwbZVIiIisdNIIAlJThdFShFKK00JOXE6QgLbrbUQlFIDQ5EsjCFMhlSi2C0zjWuptkGAFGAs7IanYailRJQSJXOKiBAqEYQiiIgQjSlbS0tSKIoiwrbBduIQOJpbCKRMC4cKGFCUiLBNEpJFkUopBCUklaKIiFqjlA4MyjYh4bQIpFpKKJ3T1FprXZQoIUkoSiBQFAnTbORsRIQklCGnIwjklo4olrKlnZIUwqiqNZukmQir5ZRJSkhC2Aac2TIzJwRJSImMakRrrWGJEIYwEs7ELl0JKY2QCIdUCUkKMDYI2zZGRaFo2aZxknBrTiRay9amlomzZSulUzgz3ZBQRCml9J3solAga5wmmxKVSBuFlEQJlYiIrna1lswUIVKEJWMs8DS1CJNYLlFKKYEIhVAUWXZKWFEipimxlQpMEFIDYSEROBuEsDNC05TONC5RSlWgyS1bq7XrahmnhhM7M2utkG1sJkuEpHGaslmRUilBgozVUgq7RABGUthJ2qjUkCgRiiocUUpRMxKlhExLh1S6gomQcUSAkVozpkRIapnYoUgrCHC6mUwkAAOIUjqB7HFqdgKSWmtRNGXLKWutUQqBCSQFhmKpFMl2tqmlLYEQAbRmyyBLVUJE2gbhtKwMSMuEjGQhCSlUrGzpACJoVihCAietTS1bKKTIzJxShaqQJDxOiS2ViCglVNSmjAhhAkkAyK0hSim2midskMCkSghqLcZpA6VEaw5F11Ws5mZnKMLRcARgIdmEbaKG7CglooIpam2aplFRKsWyCBUFMhFRAFkpJIRKyDhKKVHGacQokGQr01EiCGPbRRERKIwBKSQUigiFCBWESOPmbK3UgoCMqAolWaM4pLSFIsCtNeMgFEISgYRtOSKQUWCP01SiIJM0Zza7paRSQygiAgyhCi2stKNIGBQKy1NLCalIjojEmKghsC0UEZktJ0/TGFGKZLCboTllqZZSQipkSlZIilKj1o7MBnaSRkonaUlgCztLRIkAQoUgnSQ0EICiKALsRDWEEOmWppTOOMd0oau1FJVSyJZOZyokVAjsdIaiRIkIQYTa2MARMnamIjItXEvUrtoohKSgJeAwqqWEQhFRgEIIshmBUlJIpYSIKCGEYxynIkCmydQSFKHAti0kgcJKtzQORYkAsmUpBdJGYAwRpSClrYiiyNYmt4gIyagrpXQ1TEsaIBQC2tgiIkpEqcjgNqWCEoEVIYiWDRMqYMlpokRRILBKKIE0QaBSi6A1g0IGCpTa1VJKLaEQYTshUIRaa+O4JlRcJRtj2WkcpSokwrYsgQCEbIxxZms52cqUFBKhopCMIp2YUKTbNLbETpxNgEHYGbXMF/MSshFRShWXSREKla4WFWUm6VJCJgvYKiEcEZgIbNuOKhoqoYhSJLAkRZQQRKilp2kIpCBCoQCwIAFFQSLIzBrFmW4JjiANqQhlKu2CVCJqDYUiAkepBNkmIVtVEAUQYIkAoGVaqHZRVIzdMmoROQwjilqLUClVIdItW0SpKinKp33qJ5YIZwukiJaJHFGaU6bWGkUYBSiIKKESQhUrKhFFgUlnioiIEG3KcZrsDEISdgYiCEopmWmIolL7EgGyE5BDsiIiIkqFtBmnJhxFgsyWNIjoCrhlhuTMlolBkmQQkgIoESVq1FJCESXdJGFLYSPk1owUSEhCxjaqNQgFKMJYRqFwpJEkSKwQNgIpWzpBslMWERFhg0w6M8MOhcOhcGZmM5KwKaUIIULCdlolAjIJ0XKyKRGoCOwspQAtKSUEiVs2nJIkWnM6I2q2HNtQFEjQAAIAEQERkmgkKBTIJkKIKMVJSiXCCoIAJAnL42TZyEGUKKWUpKVTUZ12qCgSSoTBLQkQWCEiQlKBhGyJKRG2gEDYaUvhVDIhYeycxnFqWUqoIEkKuynVMgkUpGlpnC3tTCnCVtQgEotQiKQWlYgokWmHQoAksrW0JYVI6GrJTDITMnGmMA6ZKBGClrWrUYqwcYmCnZmKKBERJUKgCAF2KrAhEZRSQJJLUEoJbMAESicoUEuXCKKUWiFsA0KlyGkbEWCsCFAAhlIjopRQS0z2XedQREQEsnGUUkoNCduCZGxDaykJkG3ITDdUQABSwYkkCShRLIRCpWXLzMzmdKnhNLadQnaGaqlVcqZba0aSbHCmE6OQxJQNO0LIkxvIlrEzowa2WxpLoYgoITCuUSQyaa25WSUURipQui4TbEkYRImQIu00kkMFCQM2mc21RImamQ0CRTidIvq+FhWFjCQkBSA5E1DIOCTAmW6ZUimdyFJrCIEkKZBCspBlMrAj3Fxr7UoH2IoIldJag5QkFEZFNQrImTJRS0RJNxkJgRuCJgR2Og2KIhQ2GGNsqRCQmUYKgwWICCTZRhEiCmmbkCSXUkhnJhGkoxZFkYSZplEKhbAtELUrNUpLYycISpQoAoWCTNnIMhIK2UgCheQIZwqplBKSVBRppKJQy9amnKbJblGiIGyLsO2QZJpUhKFKINuKCFCoSEJO55QtJysCcFiQuApDmxqyhGxFKRGQYxIhiZBIK8JSSIgrhNvULEqtAGQUhYpCSEK2sZFwKiIkZypUai9bIUVIihB4HCaLGgVkO0pINnhKwhERCjulEgIkS1ItgUjABEgKiaJQZKYisrVxGruuIiEpwq2BnEgupfRdV6NgjBElQlIbJxMhTS0zp5yy1hqlqAhjnM0IiFpCEkTmmKZlA5XoIjROk8JOGyKEHSVAIWVmUCKKDUBIIIwFJkJCUksHQFhWWnjKlBWlIAVKt5BCEQq3dKioKEoIRbjISURECUUE2HI4E+SIkGQjyGxYCIQx0FrDBEghSQ5EZgMSd32JElJEyJaNQk6iRGs2CUjYAkUpiYuKFIEBp7ET1yBQKopkLKlGqERzk0oEUzYMCAHZptbaJEXiElFrFyohlVBEYE1typxKCZWQnW4KZSqEQzgiSFtSqQVIZ4iu6yKCkNPOFhHgnFCJCGHA63HiCikUpUSzAxQhjMhsJuQ0KHMYRhs50xbR9SWiyraMFCq1hKKkMyzLBuxQabbTtRRHlFJrlBKllCJAkdhpZ2JqrQ6TlBICiSg1UNpS1FoVURAStt0MCUKGbFaEiiAKcmC7pZTNhCyLCNLIiigRIgTIOG2UaYsSCLAlQYZK6WqUYkKQ04QNkiICg9OSWmsts9SuRFGEQiWIGkFEKVFKKRFSRGAMighJCpUIKKVgiyBk3FqzDZEQzlK6iCKDApxpoK+dEJIgCoqgmRIkiPLpn/qp47hOp00pAbTMbFMptRQpJJRyoFqLkMJQcGamGxJO2mQwBRCWyZYNq4TSbtmyuVZVlcSyS5SIII2c4JagEDaks8it5ZSWZeysUW2iRoliXKTWLFsh25lOZ9oSQlFLyLbHYSQoITC2pNZSIEWUIjxODRylKIqbLUVEV2uJkjYgRaYJgZpTkLZlkOQAKSKEkCwpIowx2ZptY2wUEZqyhaLrOkNaESoRUUrm5DSp5smZEM5Mu0QIW3KiKJJspIiQZUkRUpg0mbZKqZjEOJ0tW9ZSI0pIKhFRMekUoRIm1CaDhGWnQdkmY8B2kRQhIJW2W4JlCatIUpSiCNvDMIKEjUMyoGzNOU2ELCuJQBHYYMCAsNWytbGVUsEmopRaVBSlhFBmpgFsA1IJCatlprM5oxTbrU2ZFooSkoJAXKEQIjMVql2ftmQEDUuZaePMTBtLlAgQ2CisyWCnjaxQphMU0ZyZlrDtFHKRIool0kg4WyqKSCJCoTZNUSIibGw7KiTOzCylKohSQgEoBBHCwpmtZQiF0okxSYQkwDiqnJmtqRSF2pSEikNySJYtshkpVEOWAssCjIQoUabWMltYkiKQwgA2FoGNMFgmM5tbjm5WiRIREYJQRBQpUJKECtihEsq03ZxM2RARJQqtWahEAUKa2uR0LZ1CwhHCRUGUgqK1wWlQqYFkGMZpHNemldrVvneCia6TkCRQhKJMbZqmKUoJRS21VNnYllAUjIKiQsFyoSRgxmGKGkDLDGk9DEpHKQ7RMlSM3BIkIRVkIiQEKiEFRhHGSWKLgiwJwkVqiSilMwbbiAzJ6VA0206HjACFCJVaiwIsIcCyFIWppdtEhMBWlKilNmegUgITEhZpgAABRFAU4EwDBIESFCIxFiFodkREKARIJttkRcspotRSUGS6REhySwRCkoqkaJnO1rJJkYCVUrbJGdAiVGtRhIIkIxSEnZkoIjMVkimK5XK1PFpuzBehgmKcxpBCohRh20ohFEihiEBp41REZmYzUCJq10UIJSnJURSlZkuFnNkSh2sNW1NrglCxMSkFGCzLNhBSa0aJFCEnzSmwLWwyk5Zu6SghLIVUJElRpMRFEaFsSZL2lJMiIkp6IlVrRIQTVYWEhGlpiQgJJYmxnC2diVRKKSUICey0cTrtQhi52XZEZBpFFFBEKW3KllPahkCIcT01E6ESskmotZQoCJk2TZmpCNuZGJyTIoBauijREuTWMqeMKEiSQenEjiggKQhCMozj2FqTAlkSVqbBERU3AaJICsaphVApQiLTLhFSINKJFCq2wSoFIBMhhXDamYlII7uUiAipSJYEIBFlGpvTIJzTlKWERITSmVO2ZpUIQEjFglCAscw4TVIoQkCEpBIRkqGUSDFNY2YzpCW5lq6lgZBF2A0ETiSIkAEcRIjMhoU0ZcMZUUuE7UxLXo8jxiFnYqXd2mQoEbaGYUinpAiypdPZEntqDbvZGONAbs1SKSFFOhVkGglcotRaE9KtRiWwnVOTwhFhja2RqRLjMJRaFbKylFJKjQjbkpoJpEJmGgJltkShcBrJ4DbZMiljYbK1lCgl0gQIRYQJO0VIIQkFEriEFJIwDsIAmZkopMBECGPSdsvJaSRjRYRoIGRnhAyyE2emRXEAiQDj1lprIxkKZSYSEQo5jazEmQpNU45tRArCdgTYtk2GCgEgRBUOSemUAaY2TVMzBtqYqCXKTGFL2MYAzjZOSUZIRgrJthQCT1MDSglJth0GYdKmlEIgSyqf9imfBFlUJaXTqIQwUYqw07aLikoEAqaxOW1sg5tKcUQJIoqsdCJFhKIIRQRyKEqEwZBcoWloqrIARYSkTKKEShTCqGUrEQrRaG61FpUSChEyyEWRIFRKEYpAVhQhCWVmS0cY4yQxCFO6KgLcnESUKIKwFYHIKYdhbNmytSiUUkJI5OQSAinAUUoxAhkDToBCpBPTMmspCKkU1QghO6klQARV4XRiEZIAamDSWWtJubWWxkg2dqajCBwiIYgoIYUNUpSIAgJUasFBiVJLCUmAZQEJnjIjZUdCKSJCgQkpigxgLMC4uckoigSyjRNDlJBKOgXGQYQCFZEghQIZlVKKBJIKApSZgjSGAATQ1RolUJQihbJlerJpmVKEVEuVqF1Ng207MyWFIiQ7sUtElBqiSI2kJSUUKhEgZKzMBEpUIpwtMwMQRaiWrtZQtMykCaRodsgRFSkUmUZWphTOtCzJdkt3tUqBnK0Zh0KAUwjUWosIKUotUrGSUJVsbHAibCKUBlxUTENgIcAimhNbCCmkItnYlpRTM4JsCZnpFgoHmZQiZ4IkSoSNceYUEopAtdTogpYtHaVIOJ040lLI2I4IcChKhJ3j1MC2axQCwJC2KArCBSEZbAhEkS3jvlTALdNpC1xKqSrpnFqGokZYiJDIaSRUSg0ZRzptmgWZmbZnXd/1fYkSoYhwQ2SzwaEAkpTtdK0VJDITnJnIpLN2Fco0DiQSiFIK9npYC0VEtsSe2iRRogZOyExshHGJiEBQohglicnWjAUGG2FLJQQKqViJjQUGwM607ey6ioTJbAA2trGTqTVwUTGJAgHK5ggcKpCZiChVSbZszQRCChlnWiUMWLYB28aSJAklxmCM7bQ8ZcOutQpJQkon0jgOUSJCkoxrCSTbzpQUpYCSVEuV0jLDlNLZTQiMRVhRsIXSam0KhSIkYYGNiwRWFEUM44hYzDYyM5UKkbaCzIhiSNu4RG050bKRpDGIzMSGjAgn2KEQNsJGMhmEIoQjik06p2mqJSTsjChOK0KCCIEoSTOqXVdCmWmS9DQ1wDYKCadDKqU47bSdkghw2jZOexqbQUTXlUBTNlortdqM06RSI8gEMtO1FifIU0slEcJExDRNkoNognRmQ9gghaLUMo2ThEI4VaIgSRGRzZmTJYUiJKk12VlrFaRRIGEEgiwhCIVCEYrSRRcRjohQKRFyujkD2dnN+qmNYTJdSkhygixFDSEmm0QgRQ2BFAHYTaESIYVCRYVQyxSKWgUQ2ZrtWjsMGCyFnVObbEuyMJDInlrDKSSJlsYRBRuBaU5ZEcioCENRUWRaIYhMR4Tl2lUJkrRwa5mkW7a0CSSFFEFE2GkrsY3sbI5SigKpq7UUYYEAQZr0JIpEIz1NqgE2wkJGIQIZUaPa6bSCojCWwrbtEiGEANm2DRIqXZFtAyUCFEA6kaQSIYUkTWkyFWEk2+l0iiiKzFRRSCXCrREBsrO1jIhSSssWSCqyhVQgopYSEXZmQ6HMFEiFZ3Km7UREhIqFQqLUrkaohNRaM5RQAyGbEhEhjCo4nQlCCDlt2ygijMIyFjYWoUDpdKpEhEKRZmopowiFwJmOUA1JRQZjyaaLgnCmQjJgRBQFokQJTXaJIklg01pit3RE6bouIgQCQpjm7GoHkTlJ4ZbNDsKZU8tCEjLOTKxaQyFIW06HDDFNIyZKcSah6PsSSmdEUVGbMiGMlU6iRKgYhwgVB0IKRxSbUsOmfNqnfkpXoykiyIkIFFWh1pokRGupQiGmnEhUCliolhIlAiHShGwgrRBGEMWKSJCkEJbCIsCgKCKkVCBJxhGephZRIdOuIUXBSEIqEWm3qaUym50mok2ThBQJ2dKm2UpASCUEwiCEDNilq+mWtqBE1FIQRkikEVJkThE1zTRmRBGKIhQqYLVMYQkCtywlMBYiHClCyABIAktq2RRh1LKRBtIOJGwJcEvLStIOhSTb2CFJpasBkshmRZQAKUIRhB2lC6JlOgEwIUotQoAtJDvlVERQQkoTERGEJEXaUeqs74FpbFFUojjJdImQ5LRtixIKBaRNs2kuES0zPYLSloUUoYCUZVQMMilRoqQRKCIUoUiwE9vILadpcrolgDMtBF0RDjCQNmC7VAFgSVhgjJ1BUAIw6RROS4HdHCFwTk1RgCSLikN9CYdaa84mQ5SQJCGCKF0RymwRIhShUotMRAlUooTUWkrYCVFVFKEIKSSmnCIkqZSazoSqameGAhHhBOeUqQCDM6KUUlq2TNeIRgobkXZmCqQpG7YsSkQERK1YIp1KN1SoUayAlAJhJ+lxSmQhQZSw1WwBTgtFlAhMAgJkHCEgpGY7p77rFUVya5YA5CDdWnMQEeCUStDSAqFSixSYxEIYFLZtFwVKyShIqVCioHBztiaTWI5SFThKCHUlVELGVjOkwUaBM532NI7GJUqpNUIAwq2plBrhUts0dV21s2UbxwFLUUUidaWUUkuNUqqglNL1M2BqUyimliFKVElSOI2QTFoYhDE2DgUi7ZAiCtg2JkmQooTIbFihUmvNlkCEFCGpRFEptRRJTmemIFum7VTmhAiVGhJEFAicDZcokkMRAYnsqIW0pBAgjKRAUohM09pYImwkJAXK1ogApQ3GSAHpzFIiSkm7SGlIS7KRIDGZU4taAilUolIQUUpAlhJSGCASm+bmoiKUCWGMwAS4hFQoKrXW0pUIOQlJRaGiEhJCtp1pkHPIViKQFBKUCClKFIyzNbuUiCjNGcImojhtJwBhp0BCinSKKF3JZnAJQqGQAClII7ATJ1ZiaglQZpIuVSiypQSoRBmmQTaoZQYSUboaoRKSAgmnXFqOrbmUUiJkpzMoLdMIDJRSFAUbyelQCLV0axPYjRJKO0Jg2wpFDRsgCDIpAUiSRLOdQUhq2WR384rlZkd0pQSCtBUhO0WALQWyDJAap2E9rNqUESEotdbQOE6JI0qoYKsICwFOu1gJKqWrNZ1kCqRQqKgo1LIZUuTUpqmVEs42tQlrmkbjCLm1YRxty8KOkEoJy5khIYyiqJRqELIswm5CmWmIkI0xUo0StQYShLCsNEgRgRRIgEqIEmFAUSIICZBABOk2tZaNpNSIUmWypUJSSNhq02TbIiRnqoTTQK0laifktNMAOE22KTOLShQVhUNOIkKWsSQ3O6SwiJD6vkOM04Tpao3ahUSYUouwCKlEVRA1lG5uMlG7EgqFpcypdn2J0tqECSkzs9nICGfL7GoXJXKcWmaUiBpCElgeJylQyJJswI4aKlIRJhSSE4qjRChKqCpUS7TWEKWEpFLCpigaScvEIIuAljahohBIARYSQkUy2J5aC9VQNCwpSgWkIKLru/Pnzkeo1Aq0RpAIU9LNTrCxEEJBmqIgaHYJhaLUGkSbppAIyZIkESEbgaSIAGNsiiIUEYGQmMaGFBGyI0LCrSV4alIppatdkUICRa0FZBunUOmqQmmUBmOc7voukBwRSBZFQmBsgJAwdiIFjhCKkCmf+mmfTJLYzVZiZEeNbJZsSaZEtY09pfsSlm0LJc5sObWwVSMkEDgdUkJJu6vFdmYSIQk5CCNJgZCnnEhkpTCUIJsjpFIlCRSKKK01AQqBoigQypZRK2pItRQFmY6IlsjNtoUTC2ThlnZrkiJKKWGUU5tyspWZ2aYapetqiSqRdi3FwtnSCbYJIWFJTjIUEpHGaZNhIeEmRSllyhaKEmEjIWNbRGYTRCmWaQCZiQlhO2qtJUKRzlIqUhSBkCJCkrGzRURaUzPKiEAoFFJEREQAUmvNzijhtC1BUaSopYCzOVvDgO0ESBwEspncApy23dyilK4UQiWiRI0SOBPVUiWkQCLdnOkspQoBaduQBEpwc41SS6SRs6XHNmJJIREhA44SKlFLKaEi3DASNpYxWKG+VkUYFwq1RCiiJA4JIRFSSMaS3BJhQcvoSilRokSEbbAhJ4yjllJKBFIBg8AIgcAoCLu1lmlHCCKxM22nW0QByVYNmcQihWy3ZpnMRoIK0NpkKNB1VVEll1KKYpgmYxR2SgJC4RQYoFBUJIAIjEqVoEgRIRNRioolBbYhhSy7ESUshYgISYqIUBsTsnQVS6VIgcm0AilIW5bBBhQiJLABJARFodA4TYgiSeF0RCnYTuOIghR22sKhsI0N2DbNDRCJSigtCwmyZUvb2SxQRBScRhGapiZwSDhKZLrWkIrSGNUSKuAaJdMEthSSAluy8Xq1thwoopQarU3OFGGIACMDhETI6cxM3NWI0mG31hQyyLYCSYhQhCKKUWYGEQWnUYSkECIiSiklwuBMRUQNG9tRRChCEFHCYKglSoCRZFtIRRElIGlYpQRRIxSSSYdqKRGROG2pIBGSQRiAUNhOpxQhRaFExQA2FJFSCDvdbAvZKKi12jjTwmnJSJmJmFpma0QI1RJItlFiCfNMso0lWTgUJYJAgnQIQ9pkKmxFSGnXWgXZDFYpQUmmNjUh00jsDBFd10XNbFEiVKyAVKl2YgyKABAC0DQ2yZJUAoAWUuIS1UGoIHLKEmEshbPZAS61SGrjBExTw1lqLQpFACQEokTImYqIGhHK5pyMEEYCl4AoiKm1UASoq0BOY+1KhDAghyRltlJCkJkRSGAliaQSJUqEShQbFYWEiQiVgglwWhKWZaclYWPSRqqlhELIKs6WtpOuhpHkUoohnVilFBswCkzaCllIktR1nUVYCeCQBIiEkCJKJoHAhCQVSDvdkKRwIBmYWstGAAgpSgCKCNVSImrpaicpROKIIpWWDZHprouQsJEkaikoINvUulqiFGxHiIgAq2UrAhimAYwxbrYsIGm2p7FhuTVDCqVLqcYKWRYBqiHJicAKdaVECZBwOltL7GxpWbYiSKZpdERRYBtFCZCQFLKjlFIiW07TVKJKuDWQUKmltSlptFCxQhESYTttDHIoopYIpZP01KacGhFANksAtEzAIREh7ChSkukS0Ty1nPr53AJTQlGqnOnmll1XScBIisjMEopSrURyGlJyS0sRRSrVLdUSMIRKQClhiWwuwm7Nmel0M0I4kQ1uGQpBqUHaxpkRCNkuQpKkkCSkkjbO2lWhzMnNCkpUWwpX4vDocLUatre2QipdrQoVcJVsO9tkU0tBCLCihO1sloCCRGJn4lo6ObO11lopEVEy01BKSDQDGaFSCoIUIjOnqQlUIiJk0qko2ColIoDW2jAMU8siOyEkySAhxTRNJJadqShdLS3BxjakLSmi0NKmREFON6cFCIwiIjNF+bRP+iSHM1u2RFFKNGhTq1UQEQGAjCMEhhjHMW0RrTWURkI1SigyDZLSDuQ2ZUhESASyoNkgyXY6My2ESimR2QKBCIfCzmxpHCWMh2nsuy5KsQkwlolSAqRo6VBElBClhGRL4EKJonRmS0XpanE6SrhlJsM4JClqVBXJRhFpbEmoFGFnpq1QEBgiakRRRARFkEhpZ2aJiKhkM4YoQZoIIZCLZCGBYmotTNRC2E6LWiSFUSkREYJMuqgR0ZxTa5ChgkSQrWUahXBrU06ZokhRKggMtExZJqfWQkFEiChFkjNNa+mxNWzDlFOkCCsCk9naNDkzagFnphQGhbIl6YnMTJvShUQ6LUKhIuFQKRGIqTVQgM3UstZKkDahzAQRBKqlKEAyjlISgyNUa82wbRmhRBEqESolBMh2IIOnJjGOTQLJTmwTESidSe0KBqcibDVniBAShswWJRSSw2lntkwFdsnM1qY25ZSt2bajVEBCku0aarYEqJRaShFuzmxNhEAKMHba2bAsSKfTxirFBjIiQHbKUshOFOBwIKGGQ+GqUrrqlpJCRSIz3TJJwZRG2CkpWxMhJIgoKiEJUqhEBWdahHHUItSmESQhRBARIckqwoQxkjODkNTchEyC0jaEkIIITBQELY0DYyzUsqVTpRpaG0sJg6cWESJSjhJgoLVmrCglBBEK21FqYKdCYFlISgNJSmEsKSZSITtDQtHcSoQkWqZQ0jKjRJSICFISNSpRhC2VEmCgYSGFhdJ2ZomCkKOEppYYAGcU0dKBiFBIEg4AIsJ2S5zNIElISNCwWwJRQo50w4CMs7XMlMg2tamN4zRMDZuIKBGKEkWhTMsisIUAhwKFpzQkpCkScmutjU01IgIngZBCIgwKSWEEIDlTxuFA0YVTUQJbAcZpBAYJrFCoKARypqSIUiJMZhrTREhgkJOpZSmhGrJbS9tp1SKsxBGSFBEEoQAMFpGSSBlUaxFkoohCSGqZiogoNYqxTVERxjZOG+RMFRUJcGslajplGyQJFckoSVkikBAhRQhhMLaKMJA5Oa2QsaBEGCkkFAoVpTHZcK0lUKZbWgFBkRRCAU4jGWO3lpnZQlG7El0tKsPYCJwuCklIQjjHcYIQkc5M2ymLsFFE1K640bIpZIOdmc1piFItwAibJLnMJtMWtnEqUQCy0yZKASRoVpFNa5ODAiVKqTFOrUq160OKEpImN5xSKbUYywqFigwB6YaUCbhlykQEUZwGB4Hk5lTW2oFLlCgRkkFBkaQIYUgrSshOUUuRVEu0lmlUShANkwa35lKrpGGaEgVItJaSSonmbFOO67F2pZQO0nYoohQpJLq+llot1YhMW0YqUdo0uRkRQToNmbbpS6da7DQmc7JLKREhIRQliFAgSgROgBIhyGbJlh3CSidBKbV2BWh2ugGKAkzjpAJIoYiwcKZC2FPLWoqd2ZzZMt3SZlJUYctSACaDiCKhaZpURMoyEWG11rpaQ8qWESGUmZkNXGuXRmGDQlittWypoDUkSiklahogIiLAtGxppbNGKIREesoJycZGqJaCZZIkwxipSIpaQmGwLWFUogYihAqycTptaimoKHBi0nZrU1GVTQh7zOnue+49fuLYYmMz7UglCcIuJSRJkQYrJJWiEODWJFki2zROLSfbpZSQmo1kQkImbWeLkBOFnGlHLZGJadlaZkYUY4RCDmEUJd1sFLIzmyOilGI701EggpAQ6WwtSkQptkTaGGdOxggk24TS1FIUkW2c0rVUcDpBJRicpHW4d95pQoFUgsxmS2qtCSkipLQxkm1F0TRNoVKKnE7ckipltpYTKvPZ3K2N2YRRlAhnRpTE2RpSiRAYQYJCkRhnRElniNaEXFUz0tPkkCCTIhzhlrYNAVFKS0tEUaaLCrhls3EmkmwiTBYHgghnOpOQs4nSclTUEiHZVqnF6cyWzaWPTIVRCAQ5pWUDbWy1r7YRIDKjVClbS0UByyIAMh0AGBwOZJRTs1RLsSkh2zlNDXW1umXLVroCyjaV0uGcMmsJwOkps+BEmVZgu4YUpdbaMjNT0Fpma6V2zoyiQmlylRLhNmULYppGotRSJWwLxpa4yVItQpKcDSi1jm0qRJQwFlLSSGxLEkKZKQmBKapJk9Qy7YwItxynVkp0taCICGcap1HmlCmIGhBS4BS0NDKmltLSmTatRCGEXSKmqSlCkGlBBC2dzhIlSrEzW5MiQhKBWpKk7aqY7NamWroIhql1tUiRreXUAIdqRNq2W7ZQhKQoEVKotQaSPU4ZIkpI2MahIEItUw67pSGzdDWd2SxRFIQy03YtYTDR2lQExMQUGVKYjAg7AQPIaYWytYjIdCml1jJNU9o1ioTt1pooBMYyCoFt2xJEKShzSlCUEELYIIOcTSq2uUxySxep62fr1XJsGYEUsiEIFNGmyWRRyZYRql2PLNtSTpmZCkulNUOWqJA2pRTjNjUjlIK0g4iQoYSsSFu2cYmamZlNSMHYRhq167BSKVNraVNrrfX9DEwEzmzOzK6r6XSiEplNBqmZItJNqdKVTE9TU1BLlSyVTK9Xq37eZVJLidA0TpQgaTllZl87pGkYo9Z05tT6eZeTW6bdFCqUsU21K6V0tJZ2AplRayDbqkEmVmZLFEKSJBsFrbXM7EqXTgERzrQzVEOkoKGizGzjVGshhI2wVYsaVkIEEpmtZUCSkqSIUEIYS6QJ3JyZlkpIAGQa4WxSjUJLAjAKUi6U1lpCBKWUTNvgDIWxcSkVlK2FlBhIUwJZLaeisDMlITLTJiIkRTgTkCQwJHYaGxQhSekGISlbsy1UaiFJJ5IEQlaSsmwj0pYoKoBxSMYtXSRKyDgNTrtEGT15ylJCIVRk2xTRGgolDhwRttPpFCGcSIJADQdYQiKd2RRSutlRcANJyE6FQkWipUuJtAXGrTnAbrYUChUJY0GmwVEqcqZtO11LUQlnKtTWUyolKcJJiTCZlrDtbI0IIJCdETJCuJG0QIrI1qKUWipBprO1WgrgbJRK2jht4xrRWhqLsF1KmEwjJAslqGWb9TOjzEmE3YBQINm2nVNKEAIJFKzXQ5SotQuwkUBCZEtjGZViu01TKQU0jqOg1JKZNqUo09OUhGvUiIAMggjAbm2cXCJUQgKFbJyTa1+xp2xOIwGBVORmRInSaCRIzgyRSDhNKaHEdnNKwkRRyxQRIclOkABj7NYSIFQVEYxjWsZCtgXuarERspyZobCdpkiSCONImltGFEl2OlEo061N4IiuFsapoQiRmX0/A5wtRBMkmS4SRdkSUCikTAsTkiIU2dJuLd3a1HXVDmPsWiu0TIEVRZDOgibTxjUqpYTlrvRIbZpKkJkQaZeiqbnIUUo27AYgZQIpYpxGSbWWiMhMJGEUYRNB5uRs49R1nUJObCuQSojETiBFlFqEbLecpnGqtaaoEVJkJla6jet17WchGUcpzubJDofC8jQ2FDXUnFUlARFSOiVqdC09TQOiRMl07co0NptSQnJrjojWWimhCNuATIQiytCGYoiQApETqZbTVKISSNiW1ZwS4WISIYXloDgzMyMcpXdms7M1O+1MM+tnIabWsJGEQs4gxzxarubzea3FBlCohHJy+ZRP/iThNOM02BERrTWbWkopocQIg61SwCUClDmBHJEtsaMWo6IC2JmysCIE6XQaHFGiCClKZMsoBSxsCRshiu2Iaqcg3eRik4mUAiuw7axRJWMM2NiyAKdDEkqnZDkUEkgSJGBLkkTS8DhOJaLWzmRmRMgSaSSwHOkMEZIkIdIRxRElAAIilJg0tiQkWWlaJnZQFEjRWpZSSJwpBUiiqJgkExO1BDJpN1SwJQEm04SwILGz1i5KSSxUokQpbUJS2iKMs7VxGFtLhZBKKYnTNghPmaLWUhWS1HVFUkgpCVRUa4lSsDMtpAiwM1sasD1MAxClllqwW0ujwEayEZnTlFkiQrKRAZDcMiUJIYOlQliy3TJFwTZpG6QAK6A5gSgKSap2CyJxupFGgkQgRQRCCmSMCCIyATUbLOR0plNZo1py0pVQhJCdYBRSSAGkmxRdBFEUZIKR7ZYpS1aEhKFICtUSLTPTYRxymxwqCpBCQpZCGLooRmnLqVCJgghCkiRKSCkKUCJCSlNAERHFAETIBhEhwAqFogRylCJramPLDEUpJWppOYWFyExFhMKm0ZREgG0kXEuJCAxpW621iAhRaqmlpFRKyIQkXCgoutol2G0aRoNCIIIoJadWgoiKMkmECIUSB+Q0mYhQrVWSVBQlc8KZ6YgQMmnTmkspVYUSXYk0OGW1Npnoug5hW4DI5ja1qOHEwrZw2lBCiigQFgJJtYTAmaQRbZpC1L4PYhjHTA9tiJS6KKFQBQlatlICUAQ4bdywaqkuURSllNYmQhERESVKlGjjNLZWS820hEopUmbDpIE0IYXAUkilFkXIJmoJgYQsWwC1ROlKTkkQUcDTNEmhKBK0JEIARBSkzGxTy2ZCESQOwk6LkBRSRAmpFIkSNQoY2SpBqNQiSBMCUgo7M5NsTpJU2kZgOYwFaXDYQDojagkN2YpChIpKiQiQ3GwogQk7ZVtRkCQAaC0lQspMrAhFlJCbnW59rTbT1KYcu+gUQdDVHhCUKJKa05lECXCRJo9uZKYsyQYjgWqEhKaWkiGszEwyEUjOZoKgKCxCkiJt59QybQtncy2hqFO2UkpEsVu2RKQzM5sFJtMoEIEMhggpkOxMLCFkHBE2JiGwBRERUTObMZaKSqmZdktAwiBbpYSiOQMJIRQC2Y6IqFFVokSJiFIkgYXTFoooEgbbgAQokMC4RBQVhwMUIWQQJiSpdJ3TIdxst4iQpCgKsjltlVAo7fQESmepXdfXEE6nse001pQtp4wqRUgEEZIkaCVKVIWi1BJRbCAXs3mEZDfLMk6MQwbZEoLmViJQEJ7GZmdrKamUGjLgtJAK0zRJURQtW7aMUoSkKCHA2CRWCEUAxuBQMRiBM40JSUVpSUhKCaekCJUIOwWllAlji3AmyNgkRhFCkkBChCGMFRFShIxL6WpXCdVSaldlLIxynCa3qVmmZTpTYWcmaSlQqJQSNpmSE2RoaaeNhMB2SpGZQUiBlGnsQGNrkhVFQlillCiZUxuHKFVREMiKIJVks7M1SCvAOGvXSdmyzWqvUMsWABYSomgYp2wORelrm1IRkqIUyJZITG0spaOBvW7jOI5uk0oppahGjSJFZjqNLLBitV6BS1dsIUcpRUq5tSwRRWGIiJAUIkS2aWoylnDWUkotKTtdQkKmRYRFEEi1FgIh24BBAnBmM5Js2zaOCJs2TcZI2axAipBCgQCwDVKEkOQQNihzclJLUUgyCoExUq0dEpKSsbVSgIgIJAVCtlQon/Gpn0wpIZHKzLSUaREobZBCNkQpcqhgVMJQIuRAhBDUElZgZ2s4SokSBUhbESUqwsbpQAokpZ1GkJkQmVObLLIB2M3GCrlloloCbCeIEAgZsJuIJGkZhcRtnCIUUVs2ywFpIYFtC2VLF+WYU2tRahRCJSBNSFHCshAIG4VCNCxHFBXRjG2hEhACAyLTbhklJEoUMDjTCmxMSlFUJBMKRyODTJMWzsyMGhBkKlRL2LIbkC3TdmbLrFGdGYpaIyLsDBERCnKabBmFou+7KAUh09Jkc3MzUtQiMKhIKmUah3EaaVaJoiKY2kQ6RESUEkZShFAIB7axFIGMIxRgE6EERUgQGNNsRYkopUQUlQjhtEVrEyLdsmXpa60lsykCI8kY204kRciQSrCRSWeITBmTtNYiohBRJEtYKWSEW8tmiXSCATsVKpIJyQGKkjlFRERRRKhGYLIII4XACowym4QNQpIinEgolaRN7YpNc0aJGkWlhAKlQjLIAqSIUHhqrUgOQsW204oIOUpxmzIVIiJaOjO7CJWIKMiyEVO2ElFqMYQUAmhpibAsC9VSS60CZ2bLhLRrqQqnbTccYNuWcKYbisxEmSSSs0XXGcKKULaGkcAg0laRsJyESpQQIEASrSGplIhorU1TAysic6ylK1GQui5K1HSmM5unaahRLEUY5MxMRyklTCgkJ82OkBQJQJQAAYHW04gptUSVCJPNDkWJglRDQGZKRNE4NbdEGJykG5ZFlJjGTGfLzDaVqKUrheKWKoqINk1pSi2llKKSzRGqXT/re0UIogZ2CUk1xJRpNxs7gVIEwihomc4MBaFQEIQiIpSJ1KYGwoRkt8SKCIHI1iyEMlNWKWEAlRBAKtO2owSQaYWQSBt1RbZIG1vUUiWRZGtpWqYNdmuJUAhjO6eWQuDMNjlpAhARERIoShTSyLaQZGy7REm7tUQQJhEyxqAAteaWY1jR11IClAYnEmDbBtIWUilFUpTScrItouuKJIGgqChimibhbAlWEQpIrMy0EyHCaeOIkEKQmbV0URTimWQlSDk1AIQxtglSKmAjO6dpatmkilyjjFMjDMJJKgokmRkRAiCilJAlCWzCIiRJNoAJIpQTliHApBGSiiJtBKnMcWyTKCGQa4nMBCKUGDttkgjVUqMIOUpEFNNq6RA0RSm2DSA7LSvkTKzMtA2iIITCtm1F2JZQlBKRzkxhhwgVFQWBs7XMnBQRUQxOY2fLCJwpKUqESoClEiIdCITdMqdskkpEFNVaRBhobpkKWSYROJ22pFAo6GpJA7Zt0pYMpJNau9pVWUi2BaSTLCoSRJRScKYkhZxIgI1Q4pwaQSgSA0GRcDpbw6YII1FKRUVugLNFFJMKGbBDlFKKYhwn21HCQYlSS3U6W4JLBCJKiVIUKlGi1Gkcuq5zYmynI4RCCsAmQopahBQGIdxsGZEoaxREKSFUSpSoGVI6FBE1SWeCHAalp3RahFS7EhEkhhpBkGkKAowEJcAiohbZCsmohJvTQJNwsxS2EZJCCgQqoTSEohRbtUSUEirpbAanCGQbYZVwuk3NuERYSFgKhdOKCCFlMzlNwl1fA4SkIrdm3BqilDJl5jgqgkwEThmklIoptZSolmybBJWoIWXaBhBEBCE3u9k2oCBNFEVUZ0qAczSSsTCEM20iJEgnFoDC2ZCjRKhIiACkiFIyG1GKorXWWgpbkdmcmTnZjiilllJLqGTamZIiSqjYTYqAhBJ03ayWKiGQQCgkVD7tUz9FUiBJERFylEKIEmRalFCEMC2bFOM0ZEPYIjE4IjKdRlJEiRBCERbT1GazXgghZ0uTRrJlWkhOYwG2EaVGpiUAlcBp27irsgJjAmw7my2bEEKEVEqxFArCECaBWopCkkqAkYTCpKRSYtb3UQJbKsbGEXJLQxASCELOzJZG4GxGGVFsnG6ZCEk22bKJrhQpJNtIKiWMDE7LUhWJsymEkdSakdOZTixkEUm2NGmQjSSZ0vdFsZ6GCBOBPTVnpm3LUSpA0NWCAqGgRIhQkUKlqiiihFCmEXY2g4kIG+dkmNxCxRgFIRERyDRnmzLkKCVEm1rKsoyAtFtrJUJElLDVxoYi3aQiCQzqagXJbs0SNtkaxiikli2iOJN0JqUUYbdUBAKlAFBEqEgIRSmEQ5F2trTAMiQYbEcJYQxS2ki1lKKIAMvIbkjZMp0gYztBlmqJUorTTowjVErxlBa1lGkcW2tSRBc0ohRENgO2jTMbmZKwnS5RCEnFOJslRUQo0s6pESFhR7ohtdZQWKY5sQRJKtPNlmSnBYDTIEQmCMh0kpSuM2RO09TSlhSS0xHK1owjKibTaYdkKScZY2OkUqOEwJZIu2W2bKFAmnLKJMggml0iREFuCRggMyFtYYpySqdLqelcrcZsrXYVISLtzGbLeBgGpAgVFYtEEcJqbk5npqCUWkRIgBRCBjvBpRZjLCkENkokwnLatoJszpymNgmFCiAcEaESNVSKsBBEhGqtpYQtws0WztYs912viGlKMhstpCjR0rbbNLVxKlHSFoAQUTqcoejmfdoywqAIkCSpRKAE2UgKprGNw4BUSonC1KZsyHYiOVs6TcphYxvSpYRKaZk4S1ciJJG25FAoVKOUWtJGkoQkKSTj1hI5pIAQltJNKuBpasZOhyQJKQo4iCJSChQgcNoSaezmVAlsUQNbkkKtqQsR0VqDdGYpJQIJVJwNDChwBFZmBiLAjpBCwlFCkpCEkBSlkClJKiHRcsoknbXvs7VsTUlElFoFbWqSERJCttNOu5YCWKiEbJCxhCIiCgLJ6XRO6cBIkiXZCKIoFJBFpZQCSoOSZgoiCKSIEhGSFJIiIsJIIRWRRoEjhKwSAU6n0xFqzRJRi21JkjKz1hoIWUQmGEUgsKQoIUVIImRjYxAhSUG2TDcUQsg2hIRaMxBSFCkCEALZCY4ISTgz7cxxGkHIBgPCCCErioJIp0oRGDChMrVWalVAYqWoChUFJVpOLSUS6GofVVO2Wa0ETlo2wEohQ1dqBpi0SylOpy1orRmKqiKw7ZYJMsImPbVs2FGKRTaXEkghpREhSdi2giAST1MDIwoCCZUSFtPUQkQUVQVhIbAkaJmGUsImFBHKbG6OWrHSiUEpAkOSwmmCGpGWwCYk2VLFrRhCQlMbcUrChMKZGZIEoHCm07YhcJYaUkWUWmopQhFCJFSFSiCRkwmnS43WDAkVXEupXQeSTRAKJNnNONs0tb7vCLmlQBLG4YiCwbYNadMS4wjZmZkSkpBsDEihGMdJTqLKmaSTQtRaCRySUZTAtiOi67pSip3ZHAqnCSKUzRERiqilqzWiAtPUwM2EZGESE1Fq19WiWnubTJcS4zSNw9j1nRGyEEXRUClWa621qVmKkGoAsiRslxKhsABjZZsMQm5JUWAbN0pARARYijBWBBhkN0WJkEKSsmXaYNKTmyQEaURE2ESJoiKj6EoILGhkhLraIaRobWzNwokhS3QCBMaBDEgIqXzqp34yTsKEgSilKLDcWigUwuHmlMjMln03S0+SuigIhYSmaSw1RJQI26HigEwZm8yGW1oqgszMUgMkSQo7Dc2tmFBIoURSiNYy7YiIKNiJQnZaUVSQA2wSFDgNmZkuUSwCCWwTkCYCE3IoSogIp2WX2hWFM0MFmFoqIgCRzYTlbM3NECZlXBSSpnEEIsIkQlBK1CgGpHFo6daV4iAQmSWKsSKixJiZbRKBrQjhkEopyFgRYeMkM1WilAqJcMsGNTpJIKGiIqdKyBIuEVMiqwhFtEw3K7BdIgjJSiwLW5JEtoyIKBKR2EZWqaVKlmSMBc0pS1KgCJUohFqbSqluzXIpQUiSgmwpMLYcpUSQ6eYm6GvJBAFWyEkURYkSBQsTkiGiRlUQSSYUhXEpVYRCErJtSyLAYCMhlSjGKgor5IiQomUiIgrpCHDYbsIJMkYWztYsMjEJRSHJakmJaLIkRWCmlrVEy9amyYqIKBFESIzTlNkEpYQkmzZlEGDVQhAos2VrQiBCMs5WapQoLVuEMhEqJaI4rMTZmiQ7QzIRAYYIEAFpcBo5sZ1CisCZzjQYCSJChMKSIqqkEiWiILBDERERwmlDCJAkZEsSIIiIKGFRTChUVaKGIiIihBQKjGQMETXUEJmSokaAUS1BRCkRKNOG2pVSSkSEgpDSgFEtIYGsUEQpwqFSCjA2RwiR2bAy07hECQUKZ0urSFWRJKGWma1JJQKjEsWkVEqJqAERVUXF2SyFSq2uUVMGlWIn2CVKmggZ3BrKFIEELT0NgyGbk4wS09QUcghbJKFSugBnWkyZkiNCCtOUjlqmYRinsTUXqdRqCaeEJadLLZIyrSglVGpVUCyjCAi1qTkdAoiQjadmG0uSs0ml0VproVDIzlCkDao1QgVFiQqyGxAKbERI0XWhQCitEhGiZYKhFOEMqZSSCaRTqlIooipTChWFBVbBRqGICEWzBQpZsnMaUyAV0pKFVAQIla6QCgWyWxqMbUtKCzvlbGNLSkSRShRJluQcs5VSikREtoaKSgS1FDIdEZKcTjVSEUJqbXJDsqSIgtymSaFQqSUiSpGsiBpBdF2JCBwRUoQkoxJSBBAKwlEKNqZEIAFkIgGKIEk7EMJOoRKSopRSQlFq6YqbjUIymIwopYYkI4XsNEQQRI2YMkOkjSCFcGZRQCqiEEiBSi0CKZALIYU9RSkonAgSAeB0lohSIhNLGKQaJYKIUqJIDkAGmaS51BJW5mRZCiWm2RJgEE7sVBWo2M1RZCJKCeTWUhaZ0+T0NGYrUGrnTFlRQymnIySUSplEWFFiapOEDBERgUI2wjaolGKkIBTGABEyJlGxEwKFACil1FIiatrYkhRqLRElIkrIESFLpIUxdgIq4cQ4IKVQhEK4tSapRKeCIDMlggiFVLJNKCCbM504bRMlSSFJpZRaQhQLRcGZrQkLhZROQwmN00hCRGAQEhYyKZGZiSQJo6CUks22aykKAqEgjZVkhKzAVkSEMjNUnAgyWzoBRxQJZ7PdTKhElAg5EgPCSBHKlkiYEIGiFKfBBqdROIXcWoZUJEkRMdpkU1S3yUayExVQCBQhjKPlVIsiarqRTqdCMooQshtEhJqTDBfXUqIGxmkiau3TSUs7UCROZ6ZbZq01RK1djSKEsAi0Xq8DVGuJkm10UVGV0xBCUZBUFCVsl1LTOU1jRKAoIWMUQSSZmZkZoRJlaombraKwTSggQygCSaSzlDA0N5uIkEJStmZTiiJCUpQSkmBqmW1SCZwghI2c5TM+5ZONSSKKJFkE2AGqJQxylBJkupQaVhMSImwjhBGUUpxuOSkUikDgqHVqE9iohMIlJFQkJMk2DhuUzRGRECEFZCYE2ESJNmbLLCERtosiCjKCRDWK7WmaAEOmuyiNjAghJGdL20AETkmBUKRp0zhlhkpUkGSkQAIpcDMoQkBYJSIiDC2zRCgUNVAEASTI1FJbawpqqUmCkBRIhAq2ndkyFFMbbWqtSBEFLJciGUoppah0nZwgKZAQigAIpCgRISmMAlRVTdo2TiPJraVN4LFhJNl2UkJpZ6KQwKhEIYxdahhqiSidbUDIIqemIO2QhNLOnGrXK1ApJaJEKKSQTbYmKSShEgUhyMmEQMjNTaiUEgFSEFGiTU0ACiBwJk6kQDYgsNNRChEiMptJm3QSkildZ0uA7LRFRCVtS4qu1lAAyJmQ2A2kMApJpUSiQkSJiJim1rK1aXIQihKyLVNCCoFq15UaESKEJRERZEoRXUnjMR3ZzXoDmWHZNrTWSiiKQpHO1jJCjhDIipDkEtVOFCGglBqhUJSCFLKtJGrFjlKQAiGlHUU1IiFCCTVqlBCKkEVYChGpFGDITAlMSGmHiqDUiCg5TYkVEaGqohJRSrqFI40UAYScdjoxlpSAQhEBbkbpKCFZITuiUGsnFCFqIY0dKkIts5QIhXGbEtI4mzOzKGqpSGGsMBShEMZO2zZg4VIrpIiIkJSilEpapRAijaKGFCWilAhFCIFbSzvB2ZrApqXBYU/NIYETlxK1VEkm7XBrpRSVEiGFQhFyKBSBMFYiBZJRTs2ZioDMpESohEQtXdRAZHOESq3TOK3Wq/l8VkoPxlYUQTqjqCpKRILTSAokSRElwiCJECiUxplRIrCRCjk2ZwoksCJorUkIgBJhbFmOzIwakmQrIhRJyhhny2w5TROhWiJUiAAiQshp45CCYmWggmzhRFYWBCaCCMlYBolQIqciLCvAKGTbdokQQrSpkVjOlqFSQCEn0IoikUQRmVZEgJxOQlEiJtuZJUIKISulCJUSRSUEqGQ2N2e21lIRUYSKZNs2EepqMSohA5m2CYOcKTlULLK1Nk2hKLWU2mVmS4uwrQhJactWRClBOjPBaSJCAhfLLS2plKIgbQzCTtJjNhI5pRJSa022M93cMmspoJbNzmy2iVIkqguiZUokGUSUkk47DSSJm8eimiaEJJUIiJCQ05Jst3FyZpVKidpVESGMQxGlSMKZxoGctm07BWkM2FZEhEJhbCCzRDRcJBRRkMPIrUWJ9TAgSkRROKIW2ZmZoCSFkNqUtkMqpRiKQhIgBMpM4VI6cIkoKoDkiKqQbUwEaU9TwxlR7AwkDDLGbtkMEdFaw6olSoQASAjAaWOMECpFUshOKzMjQiizQQgrJEVEhAIRERFCYBuiCONmKSJERImQUagQlMA0p1sDZ6Yt2xI2hpBsnE4hoSBtZ4aYMkM0ky2RkASShCxBKgrNBmRnAiWqRWTaqYiQiCjCitaaImQpFMISIJO208bNltR1IYdRkSLUmjNdanWaErZNKiIU2KUUuxk5mwgbhSQ5bRspSmQ2o1IKxtiYBGzbdrPdaK0pSu2qBDIIUi4KACQJIRAwZWaaoEa4MdFKyFgJEemmpJQaEaRbNgskZwpF4JAwMkIuUWjpCDdTowiUNhjZDYQIEzKiKKSSOdZSMu3MUkpERFBqCVUKMqEiAQ6wnZmtuYQyXRRYiBAt07iEIEBA2pmJkKOWUmtIshwKGRPl0z71kyQy0y1NgJDTJkxi3FoiGcAyNqUE0JqlUiSHQtGc2VIREZE2clEgVKKWkIoknImEnW6ZQhKJbEcJILNFCQEKk6GIGqGIiFoFkW4UbKapZaZqFGIahzGzSBFFWIquq2mlMwIsQFYtBSIzHUytBXIwDaOdtVZZMsghOx0K49amUkotNSIUESEj5ECl7yMEQRpJclGkHUWSaomQZLXWMptUs2XmRJItI6Krtda+dMXNCqchMY4iABunwZKwJOEopUbFTXaEcDRPEAoBmakQUBXplBQhhWp0UaVS0m6tCREyauMUJUO1hJpQWiFRooTB2SQ5TVBCttLGNkZRSpSoxs4Gmc1TTjIRQbpEkWQ5oghsJVlCESEpjVuCJUgUJaJM00QYOzMtFYVCUqBCSFBCaZOYtO00AYaAlHGU0toYkggkFAUA23YTEcKyEzuJKFFKBAopiiJqURQMgSSnMREqNUChEMpMJGMsKSJKhGQp0yYzaykG47AQkg0lqoQBiAip1AgU6bSNpBKyZQHTNEZEpmUonQBKyKAoksJka02IqpCwJEIRAoVEROC0hZAxhGk4sZAisICpNUmSQOkEWjYUIVlqzW5pSUYiodFymqYpbUsoQmmDIERrjYjM1iYTCOEoikClhqLYMY1jKWEh5CRKhEEehsGRoDa1UJRSjDNTUYUlOYRsMBASZDZDa1OEohSIKMVGqGWbhla6AOfUMh1IAkIQEU6rRMsWEUBODWcz6fTkKV1LwWqZnkYUaRsiiiJKKUI26QxLIdUiZCMBUEJWdFUWBkmSJBKjWgrBNI0RkmIaJ0xEGGdmm5oU/ayvpSxXq2zTYrEQKACFQjidEQXJzpAym01ETC2zTSolIowlUAgJ2xaYiFpIZNRJCinSiW1khA0inC2jCKkUlSggRYiIsC0j1YhQRHRdraVabpmZbZosCYFKLaVEsTLTUtg2thUlFAiFApwmQZIkt6mRUYttmWxpO0IkEQFq2TDGjSaFHAogMpsCLOMIFYUly3JM2cahBVAFCDspIduW3FprzU4VBEAgTJKgKKUgg0Sm7YwIKSQBNhKSQKAQmdjZ0ulGolIs3FpmSkQU224ZJdItM4UU4ZQKbZqMCkVFTtKtTVOUkIwwkMKZTkmIUJQqE2SmMyQUUYMgVDA4I0pElBrZrLAbLjQbCMKpVMtmnGmJCCknh1AoaZhQsZGVrU2ZETJEKaGIQEJRMts4jdM42UakHSIbtovCCAhF15VMZzaVGoQiQVUCGQsZJGzbyDQbE0UG7ChRSlFEjVAooqJorUVElBCEQiWMsZyTcYSkcKIQpSCQQtigMA0HGISNwJqmMazSlSI5VCIEU6anVBSJrnZS2KmiUqqzDdOUSQkiStqllAiFAizCFkqJKDVCzpxaQlpRIzJbZnMSRZg04zA2OxSKCMmZtRZC2LYUIZSS5DZNLbN0RS4RilDLFCEJiJAihJBqrTSSxFYpEQVnCUUpEZA0N1CEFJZL4IwwWaIQYScwTVOzpQA7AeNQsSCnCQkp00477dYgQ4HTJhRRAmW2ycJGKrWoTWNmYqY2lhKldgICwBZYFjhCmTmNk0Jd3xVJkqSQbNo0DuMUopYyTlOIUqskQqGSmbYTAyUiJSdRQilFAWc2C6ctuqhRIhQoQyEJK7ralcA4s9QqSUJkONJWKEJIobBxZlqiKUqNcBICTGazSy3g2vU5tVqiOUWNiLQJbCICaZzGooDItBOVUBIhCyfGUsG2XYpCRXJLK2TbZACWJYWciV0kSU53XagUbFvYQEq4lU/5lE9CBUERYDdSrbWI0loqVGoJMKohSaVGEOl0yxKl2SEpJBFSKQWFW8spG56mqURRVOxspggrpJaThSyVUiIASW0c0yq1ujVFGCRFyBhQhMEkqdbaalhmy67vbTccUEq1ABAtW4mQlY7AREhCwmnb6VBICFQioiIjJyiipSFsZ1pQayECp50JzhaSBVjIciiEEkDINpl2GkkSQUSUqmlsUUp0taioKFSRbQulCEnCpmUmBqJWZ2KjSBIFSmwpMlMqdkMA2GknVmJCkklFkWxLgSQMxiEgJLJRVEpFsslsQIli0m5tbArJSqedGEytVWEctQYKya1NtoIoNeQAhdQy6aKEsJCbk3QogCi1ZaYnGUWRAguRzikzVCxFBJKiBNiOErIVYRMhAkxLlxKhsDJQ7WopJSKKqnFmiwjjqTnAIlRC2ZpLEThNSFHCICmkxCFhK5TNSIAilCBC0bBsg3GASiDb2dJTm6bMWkSICAhhAxG11K7WNJIkRAAmQaGYptbaWEopCCkhp1ZKhMLKTIPAIORM226tKewERQk5pSJbEplpZ6YxDrCK1NKKIkWmnS0UzSkcpQgZCRvLUgQSRs7WWpSiIIjaVzsjChARoQBCYWepxTSnE5VSatR0kqkoNkkqbMtYJp2hUAiDDSAAWwrjqsAkqNaidK21RDiQAimbwUIi2jQREgqKJEBhgObSyYkkhQwQJbAxjhJIEioY2zhTEpCyUIDlEhJEjRJCNSKAWotkWYKWbi1bTpZCUaIIQrJDirCiIAc0lRq2JMM0jbVE1HDmMIwmFDIJ2DQ341pKREl7ai2kbtbVqHYCEWG7SCq1KDIzSTIQIBtsKSJKZrONbWNnGqQopQRO2xklRADGCpGOCESUYgO27QZgNE6tZSPTIZswwkIYwiLSlgMpJOyQMiFdApVwCqMiyUaSMEBmpnHazhKlRAWMg0BRFOm0CCJBIYydTkuqtUqRCUpLpWDkdHOGAssCECTgVkpEKQZbURRSZopiNysiQgCyARBIpRShkDCEkCRJCqRQSBZpkCNKy0kmIdtIFGNBRCgETDllo5QS0NqEhGyiKNItE4VsIiKMCiohSFkiwBCSrXS2TBCmRJQaIMtIIEl2lpCEkylHQ0TUEhByghIwoaIwUWpRmDFbRPS1KmRQEBG2hFBgT9NkKFGsRDIZlKhlGlsjnQlKnK1RokYRApeiKV1qMenEzkzArbU2ta6vDpGkQYSIKK2lULaMiLRbNtlRqqB0tZZqJFkRMgnIEQFCIkAKA2rZgmhOGREOilQiaoi0JIMEjohwpt0kY5CAqKUoMhyKbLYAYwy2JSkkhbESA3KJCMkmmxWEAjcby4KIcDqxCCCzSUhSKG03U1SiSEgCAiNBIiXYyCROOYiWU2tjiYIKzhLFBmS5oOYMSRIKKY2dKWE7kEUEQlPLtCOElAYjOaRAlifbUyu12NiZU0PKTDAWkNmcpkhWBKAgJIFDUkSpNaJEKaWUqEUoFJmexlGIkIRUEIioxa2VCFkWmUIOAGoNQoZs2dK1FGe2zFAQNhI0u+9qiZpK2SpVKolryNg2yrBKKYqg5dhaZhIKhd2kEpKkUChklG0iVCRKiLAbEmlLuKUIJKrlNBLNDjlNOmUpSsspFERkm9KAUyKZ2hSKkJBsCRGykZSZgkyXiDbl1LKUgBQUKW0je7ItBzIQpRCyLIUEInBEraVKYNmJiCgYY9KGdNqhsC2cQESUT/2UTwxsZ7bMTNvIUUragVWKDUaBcctUhCRJRrRsbhKYxIowTNMkG+GWRSVKaa05W5RSVFBaYEWEJLBUJLI1Q4ScGBsXFWe2BJCU2bBMlhJYEaESbs1BX7pZ349Tm4ahdr1EREiyLdsAJjOd4FIqQgoCWyWIKMaKiIgiSSWE7dLVEpoyc2q2QU6rhAyJRKZkYySihEp0JVIUFYVtjMFBSMVBpjOdbRqGiXSEh3GKUiSRtp0tSyCFIoQyc8ypjWPXVSnCMuG0QnYzKipCxiGVUiBUMO5ULKcBAoUiyYhSQiXUMlEJhYhQpC1JQpIlLBlFRBQ7M20wKMCyc2qZLZ0tohRFiUAiCIXtKEWCpEQ4FRHYKiqlOK0gpEwnOFNSqJYaXYlMhxQKiRC2CUUISMzUiBIiBKIEBkxEVciZ2WxaUVUpdgMVCUUQSQM5M0lQEGlsK5RpnBIgEmObkIGIME7bTifpzHQoohZZIMuAMrtSJVl2EjgJAZk2NpipTTTbDslCOO0oESpuk6FEF1KzWyYiIkoEWCiEIhBBICCkIFtmohQYCpJKhEoUjDNL1IaFkTJTopQSEYJMMtM2mVK0yTVkI1yiGKMQdloR05ilFolsRhhPSciWS4SiSmotsZGQhEopCjntlg5yyqilRLRMpAjZaplCEdHa1JojSDubQyFCRcbGIiIUFOzWGqa1qXQVCxmZTJuI0lqqKKIAhkJFhGSYWnKFExWnDUKllGmaJEklQkazWReK1lIQqpLAoFKKVJrd2iRAKQsYh7XkJAQCcASo2LZVIxKmZtykCCLBqOu7iIIdoVIisYhCIBEGYWMiSukkCXCC3FrS0nKRjJxGlCKkiLCREJKV2HYptZTAiiBtqSDalNPU+r5KymzgkKSCEBTVWtRwZoYCLEmClMIASEIliGijh2ENE1IpVQpkA6CQEBDYYHADELaNKChx13WywC1bqIgQtq2IrvYRwoCNFYLoSiHCrakQihISBWdEEbgJqQSZCCUpglA6IyIiJDkVITtLFOSCgCglLAmg1s5km1rLRNSoMiFRAqzEkiQJwTSljKIEtHSJUmsRmjIxJSSVUqJ0HSQUY1IRLipIEiWKZWMViYITLEIQpZRSbSxqKIoybTuIlmljWwAosDG2ac2SqsI40xGyCKpERJQQKGSg2bV2JGnIbG61VhHGQs0tJAkhAJPZQiXTsqNEjZr2OE1hdbO+lk4is9lWFMl22iTUqBGKUK1dCWUqkG2w5LScrrU6M53NraiUEqWUIohwOp3IGLc0OFMmbTtbS6WRAbCIzCahkBSK0qaWOWWaEs5EQpKzZbNUpKllNijGLgqpoMAqRaEIiURSqQG4ZUQALgrJBpukuUkoUIlMRaluhpSlCNnNGVLtulo6BTaZTSJqncaptVYoCoCIQAjZJlMh5EKZpsmJAjcEUcJ4ai2KhFBEBIrMTLc2uYaEHCqlSKFQm5xTlii1VqGptaLouxKlGhmDWpvGcZRKkTMthe3aRVAEtVZsQBEKWgMg5MnIEQo0Ti0iolRwuFptnMbMjFpq19XaubmNY61d13VgjKSJrBECICQhhFwwUUvfVbs1u0QVxuG0TVeKUcssUbAQdsNpUCIJQgXQOE3OLKXUGiVKZjMEQRGW0y3TTkSUsANSNkJgkARgptaGaQiplAImaWlAQhFgBJnYESWkKRsgKQ1kaymDFCWwMRERoaJIt8y0qTVKiVKKMXaUIghFREGElBAlBNjgiCKIWgSNbM0Zkim1kpnYSiwwUoRkQkhSKEz5tE/+ZAkpIoqg1lJrXyKmcQIUQWZIAFBKVRIlDOMwUCRJURXIdhoTUum61ppxlCIsqZQqlLQAKBGEcFBCkob1ev/ooJY6X8xLKUZKZSaiSBB2YqKoRhfEnXff3sa2mPURtZYyZmvTJKnv+lIjJFnGEbKxEyErHKAoKiXSdlrOVLQ2RUROqZBJkpZtnMbW0pk1ilBiERFEhNPIKMAKQgUp09maE+yIKmS3NJJbOiJaG2VwYjW30pVsRDgUTgiiSJYEITtLKWBQ33dRKpktG5lJ5mTENE7OKeWCoLTMEmCQEBEhCRQRtmlOTJLZsCMiIIqMGxMp7MwMFKXYbq0JjErUrpQpp6oiBYSVTqKWWoudiGmaMFHITDAgM2VaLiiiILK1bBlFRBQiFJbApQjJQGbpitMhsqWxkFySFChCApjSYKOiEkXQwmErc8wUxc6Ulc0qCoMwCpim0UmUMEYKDI4SQjYAcqbsRCFFtgwEIGQsJJUSGIwFlgCFQg6ymUQhZyoIRRQ152q5bExpZNJNjqm1cRxrKUlzWlEIk45aIiIiQgGkrRAQijZZsiKEA1wUChwqcsvmFLRMERECIbdxKFEjbLtlCwEygCQXRQgUVmIMiAilBS6hKFGiQKYzW+KUClIIJ4hsaZimBq4lxpZhXJCFbaOIEEApssnMzIxQhGwbFGFSoqulqJYSAHJOTlqbWigUAkKqtZYaCmUaZY3IZkIqgcmcSpSpTWAUURSIREUlQpIEqISA1lISKGqppWAyW9pSTFNTEUKSgnRDhki3bM2SSZKIUETUUmqHUxHIUijCLZNEkCYoQqWUCGSZUkJ2ZsMSspAVgUWEQgFkS8lWZKaJaUrIkEBgSWlLKrUoghAYLJOmlCi1k23SGKeFFDYRQmRzKQXhbBFBBBYYUo5QUoqbkyxRI6KGFKWWsGWMJMk2cgl1tZZSQEKZWaKWUIlqO5Ugh9yaZOQQzQaFcEhyKCwEgWwT2IATy5nNURVRbGrtQkrS2bAkpIIi2wSEhKLrq7Et3IY2kDbUUmvp5HRmS0vKbLiYhoVkMqdmLIWjZCa2ZSGFLAzYzmYrSolQIlqTokRpbqRVQGGwk4gIcdnYploKeGoZIYEEUmYKSUpnCZVSgpK20pMJ1FqLCDBp2ZKMhBXFyqJQUSBkpyUAmxJRS9goJAmwXSLslLDdpkQJJXFrKQV2YCvIFCgCOTOlqLVGBJKR3QCplAjLIgA7oygoacsOBZITA5imWruISEAphEKhkACBpIhSSlgapyxd1Kg2EpiUs6m1qUYE4QaRIFsmLZUQhEKFIpOyEMJ21GoTUoTSCYACokSUCkh2REgRBVSqhKRAMhkhoZwyMyVFCSkMTmot6SylyLaJ0DRNdkYNOUqELclghZxONwAbo4iAJKWCkUREWIQ8tagRUQgJIUdIUWQlrqVGKdgRKEqIBClsSkAJLIxwOqWICIVq1KglFG2aECFhEYpAYsomKXMKRdQQDOsxRKjUWouUEIqIiFCoKIJsY2vNWWsXIZqFcRosSgQC5Ewh25ZEm6Y2ja3r+loq2NmaiRBB2gowUhECWhoASdiWFCVIgCi1lqIgsbO1aZLUzTqM7QiFaOmIiFIwkqSIiDZawgI7FBDYEWHbgLGzZYsAKe0aocDQpgnbGBEREkA6A6IEBkyAaM6wJAlAEClKCRGZrev6UICDYiRRJGe2lhIhQAZnGqPoakHCgEIKOUWA7RAChI3CdikR4JaJEgco3UIlijLBmdlwlBK1VimciSURUUgnlE//lE8ytowtuUQQgTNCpfaVggxhOQxiHMY2tWwZ0NUeqSCEJETLLCUihKi1dqU0KUpB4CSVBiEbRSSt5TCO69Wqq93mxiKi2hZRiiScOUxTyKUrpRQLmWFYg44fP97PZqUrpCIiStQohKdpMi4RlqQg01KJKKVEiHCUyESCQC5WYiwUIgkCYTunya2VWqKEoERBCklgO0pka6GwDShkA5koJAKJtCIUKqXIrZXSSaDAVoSkKIqowzQRlhVRokZLC2opMoll25IghK1SC9H3tZQiRUQoip0EMgZsG2RSLVs6DW0aW1qBUMu0HKUYLNxyWA3N7mo1QEoRIYupNUyppdklQoFBRZEgI3kyQdogSU47Mw0gaK2FSmKQpMS23exM21M2WiJsT+M4TY0Ak0naiRQqUczkFNhOJFuSkMAhQ0QJ5KkloTBYEZJQhIQUSZJGKooolKgSpCmlILBtW80NVEKWJGyy2eESpUYoVEoJyQhJThsViYiQsSynFUQISQ4kLLccprGqzBZzhUKKUpyoRIlSSpSogNMJgcKyMQASmZaitSlJWbYlVEtEZGaJaE6BMy0A5AghjcNQu652BUetpZQiK0mJroSiRMgSOBRAqSUoUSwUEZKMSUeoRM1MG4XIjKKQnC4lCEhUiKilhCTSSXM6uggLSZINRmREKSUScnKtJQTCxraNMwmwWpuESq2INGSqROLMjKKcmm1CXdcBbq3ZQClVERERoRJhRcspJIxkVIKwbROBsyV0UTFNNq6hTBRRIkA4idLGyYQwkk0oSoQkpBq1lmLA2Jm202CTclEAlFqSDGpVGKGGSVuEQ4qQkJAkkwZJUpSoXRU4cxoGwLaQapQohmypYFqPggjZRIRx2pjWJrCi0tKKEHKE1LJJINt2pqFEFdgO4SQxJWRlphNBCCPcMpUeDSEl4LSpURQa24SddlekKqN0QoKwi0KSohYFqCgcKEpgS6CQQUmAMZIjqkQmElEKEFbL1qZsbcxmCjaWaWm5SEQ4LTJNKIZhyuZaS4kCFiQoIiRQ1CglFCETEbWrIDslSLdsSpcoUYuMIBCCUEgCmyo5nC1LiaJqjCXITCkEoiiUVilIISEpKIBkGUslgogoxcZkZkMSCZimoJawkwhJaRSUKAoAISJk0o5SgIiIiFqrZVDaiggotTqNJMJ4bKPTIaIUEc5JEShKKKI4AMIoIhSSmzW1Rk5FJVQiSNuZNhGKUKgAwqXrFKBADoWERUjKzExFEcKShNymFgqViKI0ma0UQiXtkEoJFFIoVEJSpG0cEUEAgcKoBHbaxs0t02RCRim1dKEwiSVJshARJp02VooESSUiVEuNCAWFsCIQMI0DadVAQgCZDUTgJJ2SpERRagmFQplNTkzaaUpICglEiZo2NpLSaQcBtrJQiACFFKK1JEQiHF0tEonTaQMREVGiCJTZ0hmSUAg7SpEUiAi1acrWWjZJmcZWRIkSERgpsaJ0DWiZmUlC1AjjiCISCSMis5lUhJtJbIeIEjYQZCullFpkMptKCaOQZFuKIhxCoak5jUKBbGSDIoI0ItNRIsBgO51IwqhIGbULaZqmNjWbErXrSrZEymnKzFI6REhSOA0GS0pPCeAIRSnZRjCKkASKqLUkChUFmGzZpmYTEcagEhEqLTMCpaLWUopKCBTylDVCpZYQEZIypxplGqeQWrPxer1sY87mswhFibQVapmZFIWt5gnU1VKiCKWNbQvZKXAaZyKSABTCEraEZbtEWLKtiFCkcWuWIiRFVJzCmQbZEJIl0uVTPuWT7KYIISTAkK2V6MhpSmc2AhGtNbBtKSRUSqmFlpMTKSQieCZhSq2JBWC3nCbbRoqi1hQ1bLBtpJjPF4TG1mQbS8IkjoiIgoTsxjRM47Te3j7WzWaZKayQ0yVKkqJIyAEIkABJQUAkdqazCQmEomCUgF1LIaSwE+RaawmN0xQSgGSnBThCNoQkMslpTCeiqLi1UovlTGObjCghnChwEqXUrsqSVLuqwOmimKZxtR6QahSFgJbNiUIIp226rgtQgEkbLJUQJhQC2xGBQlJktjBFRRKiRAARCiKKimKcxpAUMnSlimJnmlBkNkC2BIKgKlradmaKQALAEtM4SYSUrUUUQhKhWruQwJIsB3ZIiFrCEUFEV0pEa5aiRpRSBJkpgQjCAhMCgRHCIigKsI1xy3SzjSBCQpZb2nJEKOR0G1tz67sOSaFQIISNSSMJJAUQciITYRRCKrLVcCgUwmRrkiTZtrM1g0Wks+96FIGMCZwNiKDWGpJRtjSOUkNSkRRAOgGMSWMJp42FbYUESJSullIiFApnZnPUUkpJ6GqtUQw4EGCQItrYLGSkoiBbKmm2TToDpdOpCNlYhMKSnUCOrbWWzr7rhSIKGIwiSihkJEtFUhEGGbIlUQgEthEhKSSFQQogW0MuUZpSDklgISSFnEk4Sg2wbUsFGyMBOKJYSAXJ0tSmkLq+RzgT3JzZnE5nTlMjCAkjyZgIqSiU2RQyCihREJkpJAk8jZPTyFFKlFJVSi3CGGwkxNTaNI1RIm2Q7IgCEg4UJUyQgmzgNBJSCRnsxJLBVgki0pMttxa10JzYgCilVuEIjE22ZjcMQUQJZAEqChVN0yhAmqZRtXS1JDgznU5UFAGKEiWIlLNZgdOEJACcNiEIgSQlThyEcMsmGYokyEwLGddaVQKU09TSIJnmtB0R2A7TiBIRwpYC7MzMHKcJWRCBGyFJRQURTrfWGukkiiDSKSukUKQnoSg1bKRm5MxmIvval65GCUtuU0R0tYgwCTLYUhARgEK2EKAIKQSiKACqAYgIi3SzTYAjbUmlBCFntuauK7IiIvGUo4QIYay0FZDpkCBUDGTLRHKm3ZIQdlBKKRGltUwTUrplNomQ0i5RCGQmp2wwCVI6PU3DMDiJWgIQUYoUwlZEUKOU2kUJEcpEpXRBOklFYNtpKZAxOKQAohiiyEaSVCLAahAOSRKGbAQ2CogoIGdObkKKcHpqU0huEBaBnC0zE0mqrTVJFigsBJIEmW6tZYCduChUZGSchsic3He11pJ2iRpEy2lqLRSSsTCZFmSChDMxIkJ2g3BrDcIgZaadEcWypRCSnE4DllSiSCiEkSSByampBBECgoRMgykqIaHEggRJzY3m0hdwRCgKaTspmc1WFsU4TS1dJZXiaQJFCZMiJFqmW7acbLpSBUYmkQC3RFJgpJAipCilqtAyQ5E5QQ2hEmHGaRLqa6WG5LQD4VAoMyVjSilFEUUOlbAcESWqQqEotRSbqTW3LLVIMimilBIiSjUGkAVdFBWCSNt2SNmacQlJKCSL4nCk2zS1dIYi0zIYBbWU2nURkZlCCFDaoSgRLZskpAgZoygRkhQhyakIBBYGp8EKZLBKLVO2KCFCUoRKqZQYhrErBUfaSCA3N2cIBbXrQnKEWk5TS1pIEdQohKdpapkqEUVYEiCFQoFsouXYWna1UwlwNpeQQ5mJ0zZFQkQ4gSyhUESUkLKlgcASIFyDiOpMgogIK2opikxnOkKSAlKEQZRP/7RPQmETRU5LMkkUt7SQ5BSZQEhSdKWWqpRknK1ZiCAnOyAisIFaw5i0TECCgggpwkkpkp1YqNRa+xoRbraQyXS6GUooCEhsCEhFmfWzWmIYRyBCbbIgpLTTmWkkIIUQkqTMhiShiMycpqm1FqUYnASpkCxBaxmWE4UIRUhRjHC2TKEITVNikLOlCpSCNazX0zQhRS1u6cyoIZS2bXBrDXFFFAmlPaVLhEFS7UIoW7MQ4AyVCDXUphERKs2ttUws0ibTiMxsU9aQZQghBU4swKohCs5QRZaIUhGYEKjUUqIEcgkMUgARQS1CoK6UhJymtA0lIqIIGZwWslVKiVKiyHJIJEKtpbGQbQthlQBkRYQijBAhVBQKkCSihHNKk7RsfdeBMluzo2BjWVFIYxChqF2RlEaAbRNSSBiLiJAAIY/TZLtGpEQ6AQUJJcCkEyCl6mwStp1pWxgEbq2lEyGEpUBIQqG0JSGKwunMBE3TRJRau5DS6XSJgAak0y1L7WopBpAkZ6KIkI0EAYRxVVHImdM0JabZUiAhyUCRkgRhS7JtHBEts+UkSRGCtMmMGrYxlkPF2SIiTbY0kI5SwKJObWhT1i5QZKZBCifOZhSAjDFgrKyqEhAAGCTJ2GROzYhAlkVIEQqAiJAQTqJgBFFKKQXhbEY1RAROiBrKbG4W9P2sFqU9Ta2NU6aBTJMWoVBREZG2TQjJEk7bkg2WnJZBzpSEFVWQdimFkOyJLFI6s2Xta1ipDKJEEVaEFKWGTWst7cRGdpOEhB1FTshUkQ24lhIhCyc4pXC2likp3cZxklxcVaQIGSkwhDChqLVEhAErs1kUBURIU8sQEQFkawaEhDEIwEbIGGPsxFIoFKhEKFRKKMFORamlRInaVRJFEYoIKVSkKELNVtq4TYmQCElIqCUOMBHK5kxbAtuWFCWyWShKDUVEWJKFLbCws7VWu1JqV4RCkowVYUuhGjE5W7YuSikFBUktRajhSBLZDkXiIrVs2Ol0OuS0MZBObEoJJDttEjsnoIRskxgkMCEBxlLYsl2qSgS2hMI1ugiFlKZlph1gADylcVpIlp0oqLXWWkIBMnZaEmA5kVLTNLUEu5TSMrlMpQTRlIEUpIUopcgmwLT0OIytTXY6HSFCQukJkzlJoqi1ZgOSARlnGoPdIAInUQIhKUIKJLllI4WRDMhCBBJAunFZlBIIiFJCWEQUBaTTiaOEIFubotaCMLIVIYQ8tZxaC1uKQETBFmQaOYiuFJWYMp1GAlTCTtLjlApqVxUhEQoJqURga5omALtlkmm5TZnZQpLBLgqHAloShVAgpBBgkmYbSWADEqSxTRIlsEUqaqAE4yBCiggjQSkljRBKKcBGmQZKqO97pIJcIpsjJEJFwjmlAqRCUSApMxXCgCABmVJqRDhNtnQKZcvM5kapxdiZilJKSEpnKDBumZmEAWUoJMnpJIESIaJlGhcVoamNGNsma60RJUqJqBLZ0iYCpcClhEOJJTkTKBEhAYlrKbbStlxVKCqlBmQ2KQoybjhUQyKztZSEFCVKrdjgDAqRQoHAjYiwCQlkEjkEhLNlorDtEI4SoTTCEaEQMrYjwuBEcnpqY2tTtma5qCgiVJQes8lIRqGIUFFgVBRRSl/7iEA4W0RkOtOQUcIYVErUCNJTa5ZLhK3WJtJpd1GjhARSiQIIIWO3NmAVkTbpQI0QRiEVuxEBth1C4ZZEYkHaCLJ8+qd8Ck5IWyApsGQmOyRsKyOKFAqRlFpsWmvCLSdBV7uIMJkYBWkMkiShdCooIdsgYYVkLKaxGUeUUNiWirBxCYmopbRm09JZFAjsWkrUSKebQ5E2cikBBRu7dB1p20ZhTNopQrIkDBgcqjjTNgYJIaftzJQJbIcUpYQCKXAoApCyTQRtaiqqJapKLaUrNeUa1ekSSKWEQIZMlyKplCjZWlO6gRQhZ0oRAgKVKhRyknatHcjNXS1SKAKQRaZQpkWYlrYgECVCMgaw0012lEAhcmoNO0rJ1jJTjlKlqMjGWLYVUSgENm4tEgPk2JogShQVYRDGArlERBFklFqIlLEkNduZloWam0KBShQBkM02ItMWJGCanTkJCTuiqio0tYwIGURrGagUlQjhqWVUImpEGDttTAip1oIEZKadxipyS0XFTmwTQIShRFGRm02WiFCkXVBIirDTxUFp2UQg2WRmREREiVCEACnAINymhoQUigjJ6vvOtlGAinLKRDKIVAgHSiS5hCSphht2RgihUInizHQzsqUiocxmXPoiyJYWEZGtGUKROEqUKIoIBVIgIkoU1RrYEFEk2S1NCEkhSURESNhJay1rV0IFKBERRSFkWekmhRGoTa0U4YhABoxtaGln2nbaUBRRim0UoTAYKWwkMDhpbkCUQAiVUqSIEjZuFp7SJWpii4DEU2shRS1RoigU0dVaalEo7XQDzASRDaEo0VozDoQkyzgcCRbYilJKJFbS7LCR2tSkqDXStDElQthRJMlSgCNKiRIRWOkWEc5UCNWoKqW2NgFRakBrLZvtxI4SkkClClSi1lpVJBESEibJkGqttVSnp9aEJLeW2JIAmwiV0iECFCqllCgGEmwgIiQhpIgIqahGWBZgSZKaiZDTSkcpAlsgyQIiApEAIblNaQy1ryUUETYRJXGRhCUhbONMJ7YUXSlgUImIUkRKSuFs2ZxkrRUTRUpJEmHJcolaSkgGQdjZWiZEFLCdU7YSpShUoo3jNI1pOzW2qUZBYKJEgkAmSogoIZwREiohSTZd6YQVGrNhIgJIjCFzai0iQmEDTglcooDTSQQWSlmKyExFRETiGigUBLLBNsYKO3FaEtjIhLCotZt1BUVmA4GciYQIAIxKKbVEBInCkmSnlRGVQLgoDEZASM3GjqKgjGMLJxFFGENEYOOWJoOoJWzSdiZppy3hlilQBEVKQ0tFAJIyE+hqNUhECVRCymxSREgWpCUyIyrYgdNIQradWbvSdZ0USAIwApsQtkIo0hkAUWoopAQRXThNWirA1JpCmBK0ZkEiEBCSSoRFqEREKYRkqQohBMp0lIoRICEXZBNWRCAUQoCczVCiFIXBSXqS1NIklu2Uok2TwtmyNYdC4UTYXelKFAQIZBqouQmB3dymLIUoRahU2RaSAoEFqAQNK1WkdMptasM4trSELJUqnGkBIkLYkiJCyKK1KRQhEGElmZmZjpCkhtvYuq4YWksDIqSiwJ7aZGTbztVqOFqtAkkmlC0L0TKVZLo1YxtLilICOVOhHBNUQhZCsgkJMhMbOTPT2TKncYgoUUIoW67HydMURU6DLOM0IDmblU5kO0KQqESUUpwWEiTplqWUTCKiTW0YBhElApEtTQP1tbcoUWtXsXGbWuKQsIRVqxCSsjULKSyEQxKRzZIAbBlFlBpFNVsDQyhEqoRaZtL6Wikl05kZAkkhnDZuaaQQKFCUAjJpXEq0NoEyc5xGtxSRzdkwGSppulJwlE/+5I9zUrtOhN0MpB0qchBpY0WRJIQc0LBxRi2l1JAUAoqihEARKhEEOYGsUoLANoQiMyOEAlyKgkIo2zQ1h5CUEEJSy6m1KUotKlIZW8NEqOXkJGrYDYgIO41DSkIYWUgyODOdykxJioIthUoUqdRCSlKRLGqpIEsF2VjCLiWcRNgo0y2bJBVJtXSllhoqFjbGRTFldl3JlDAGG4iIQoRkpUrBkimlgAhIA8hdFEKKIBCqJRyYtLFIKEJRLIqEJElS4CQdCqm1FGEmkFATZNZSnG45YWGbkAApCIRxWgpsUIbcwOlABCHZISmKkAIp7DSWsC1FlABETNkMMsZRRFAcitLVUqKqhDPTiYQURa1ZIKRQNkcJA4ltKSScUynFtm1BKQUJY0g7ZKmElNmmKXFGKUUFGafTdksUdihCxaJIKiFUagErUYRJ2wnFYSEkyLRq2C4qTiyTUri17GqFFJKUIECSiVIiorWGVCIkAkWESiC72W5SsbEoJUoJAbhN2dqEMEliUJLYGIMkyKkpAqdUJNuOEpIATGtNRUo5XCKKwgRkUUQUCdlGkrK1zHRmS4fkTBLCihIRMokkhJ1EKRG1lAhIE8KA05mZIIRsgSMUCpUSIlsDi0g7JHCEkMLYVkQbmpWBpmzOBGPJKAJoblVBqE3TNLapTYFKEYRpRjbYURRSLYWiNo5Ouq4IonQhSQEyKQIUFhJEBBLGIhAlStf3BhthZEwIiVDYCFAYW1YEOEooZCJEM7ZrjebW0s5EMiiMFVIAIihIUrpl2hElFMKZabt2tahIEoBKVzFCpUTabpMiWiKEjI1J22kF6QThIhkiId0EEOkESlRwSk4kFMU4M2vpIshEmVEBOVMgwCStNYewM1QQCJHT1BRp25khWQJn2qQipIQIGYMUEsJpOyNkK5tLCVuhIApOJ5ZkEMJja81ZjAiFAElAqEytJS0zkUUJY2eb0hLZoNRaALCwjaLgjKKW2XLquloQYaEIu2EyAEtIIRsVEbKxkRTCyC1LVSYKRZQIAUi2Q0zjhChRwHYahABFIGdzSE6DJANCiigRtVQi2jSN01iiOD21BpCt2SA31xImjSEC2ULyhEVRKHByRWbath2SYWpJGhlkXEtFLgopKCWE5HA03JVOUqaBUlB0NUiUmSEJLNkORSllysQgo8CZuEihEjUiLIcIydQApmkEgUopQSBjITDGkiSMVIgopAJZiRQERiIz7aaIUGQ2RcE4EisECuwQoZABQSQZhGCaxqIaqESJWqbWppxkR6iWaiELHCGE7YgIlAZCcjbbLUrFblNmaypIJUgUyEqcAYoSFhYRkdNkCKlERASBJEVgR62hkCIiAEko+lkXhBDCkE6hICQISE9tbOPkZMqpRAnCTgoYRVE63aZmSUIhgRDGAca1djIIUChqraVEUZQaCmFFSBECjAhBplsbFaXUrrUmR2KchlKKCEVkNmGsGiEJLIOQJEKhNrWcxhyndM4WfVfCJkpBaq0ZwnJECUWNKMVpcI1iPLVWohBMrSkKznGYkEoUWyoFbFtQSu1qhZDoaqRJT10phlCJwKTTglLDZCk1p8mKiCCxiAA0TS1bEnJmlCBpOZWgqKTTphSpqGWWkCzVKIrMBNs4M5uRSg2nmx2gAokiQgqFrAgVlSiBnWGFihQ1gjAA6Sy1YElRApMNqkpRoQRGdiIAp+20IrAUKhIiECVCBMpxPbhlREQEpkRRlBKSonRBSriUYrCzfNonf3IEioIxtHGKUkJIoYIhZKmEBIqAUHO2pJYqyaY525QKuTFlI9MoMWlCmGkaG5ToSpEkQ4SkkCEiLONsTSVKFGwgREvsrLWqhLDcJCnChIwTyRK2kACBIppTRK3FyAJKLZJkp2xJLTNqqISkCAERoSIBkp0SUWooIiQwREREhGSjIFSQnSkkCXIcp8yWmGwqNQKIpEV0OCNkTBBR2mTsUpV2ZpYiJIhQMSliyqSZICRLRqVEhLBtp10Kxk7AioiiTNxaRCgkCStCkkJSlBIYgIiQopSIUIQSS6EQAgV2a1OEjEMVSWBJioiwHTUwxgCKohDFBtuSoE3NmaWGKEIgQiAgs2Vma23KUVJIToAIJdlaZmanUERms5QtQ1FKsSiIUBqMse3MTLJEtYyxHaWUIjLslEgjEVEybadUQDVKyxQKlQBQs+2sqtgICDJVBKEucpwklRISolBxupYghFVrMWAIRRSUTpLEYASg5uYkClgRsiKzgUKhomxtmJrTtStSwS1UkdrUml2idLUghQLklhGBUCkhpVUDBDJWlIgSkDYlQqqSLSRN45DNRm2anC2KWlp2LV0E6bQI1QilwRAZyCjJiFpLOI0QSJFTDuOI1NWSmaQTC1CUEhhENqekCFCUUqLYDkSo74oke1KUiKIAqF0XQaYNQqVIEUWSiqKkm5uRgETGsglaUkKWAlmqRUaZxmRLY4xBsqToilBEOABC4XBRlcAWJBZGJYQkc5kUKlGQqaU4U0ihbLbTUihAQJsa6VJKiGxJRClQqopALRu2TJJYFGfm1BKjEiVkGcl2YtkojFtradtkS7Bl48AJOU22hRCliiJJgQ1dqelmG5Ci2U6AnFrUqgCrREGkM0SUkjhbA0fpEIhQESBluhQRxc40zmxjOk2oCMAiJEWQjK3VEBK2W1opy8J2ShI0NWcpoSK3dMtUulmKUqtxaw07SlUQyLIzDSXCAKJGUIo0Od3SWAmlBJZUSg1JiJDTyAB2iSoJuUi167AkhQIpMyUoBXscx2kakEIlIpCFmputqbXWWlEQEoBEUUQUASBwZmZaNCGcNl3XQZmmtdNAKVVFOIF0gpolqyvhcIkiIjEWToQCERDGqgFu01SKIoplOxVSCEtGJbCbW6aDKLVIslNW2pkQCiNRSkFqLYtsHBGhkjlFFAkcCcKZRqBQIaJGxDhNUapCYRNBpoGiIqkWACGcNmnbCkVIpRhbCOOw25QTgG0gFRBSC2oUp41UokYIkIxbS6lIFEQUSQTYISFJAYCcCdQaBjCSIoylFBFCIZBCchBAOF2iRolpGlOUEMqWxi4K22lLUpSuFABkyS2ThgSeWisRaSRsAhGyVKLYQCDLGGzbWYpQhFARRqGpZShqFzgiKKHJLScTzsTYOCJAdioiFKEwbk7bTpcSkixKKW1ymyYhhKSQWrbAkhCBSlcyjSFCRKmyiRKWBK01W7VIBqdRVGGM0jaWjUJSKUoiyDQImXQqCIpKSEKKKF0pXddFCRuJEoGJWgQh7IBURCgMmQlERDZLwmArpFJsI3BmZpRSa9iybRSQid2c7rouaokIA4kEUbJltskGKSAzVQJMIpTOUBSVJOWIIBSKIBSlGNuupQoBBqlgS5JCWHaphRJuCYBKKbi0abRwc7Zc51gkBbYNJYTDpBUATizbIrCbHA4owgo5kJlaZmZrY9d1ZAAOZxIOBc5UyNghyQg1OUQUwHbXVQlLCkWEYEoHYBvp8NJ5YxRtnEotsh1SSiIlPElF0JprHySZKpVsnqZRiigFyW6hMEZUFQPGeJoGRYmo4BBp3BKMCk5j42wpXPpegEkspJCslhOUEHY2i2wKlYg0wqUU7JbNCmeGFBGA7WypEMK2CGdG0JpLLZkOicBpQCKdbkhYKqWEYmpNSe1k05IIWmuiRJFkjKWWLSRZJm2KsAK72YhCtEy7KWqEZIxN2iEoEkG2VFE2ZzoCG9sRgSwC5ExDqZHNrTUgEEXYy/WqltL3vZLEJcrYpogoEqZlcyYlSGpXWgMhhBwonZmOkG1CgUN95jBNrdRiy3JRCTmJaRgUqrVmOiIymw0yRiGnJRSBsS1jbIhSZFu01mrIVNym5mytVClKiZDUJrccpSJlKUVEyqSc4zQ1lailTC2xQ7IENsYhESWCSKckoXTKRMR6HGoJESrKBqSNs9W+xyiwlS0lK5ncVIpIEVjGzYldoiCrhFNhp+1MyMS19rIt0tAmrHR2XdcwVrbJNlD7ikVLlYgotts0SnJS+iA1TePYWpG62qkWMi1lWrKTKIVszRQRNXJyAqSTIizZgAFFBJE00k6iBiintNK2QKWEInOSwglkS0eRINNdqSqRLVOqwlI6aWnbEJKNwqSaXKJEyCnJ4zhKIbk1G9dayEThltQIGyIirASBZINaa5kZNYpKc3NmRJmmsaVLV7pSMWmDs7WoBSMkyHTahlpDKJ2ZDtScpdauRGtpAOwMKSKa8TSaAANGIUoptgVTZoRQ5DSJACNs11Imt6ogqnMCQNhpapHBdk4Gq4ZTku1MW5RSizzaBdsR0zDWGikpjZBwElWYcZgIhSRE4ASBbegiJjfSoRIlMrEsSCMSyXabcrExb1PalkhnhJwORQoBNilD5uRQIaY22pQIAMJuERElnCpFQ8uwI2RwZiZRJWRAuKWAEp5alA5a4qKuFBLcWssmBSACW7KtpBmRtgirlGKptcGmlqqibLYzJNtCoWgibBuDnYYApJZZSzWJFBImp6QosKqcZZrGEhFRM1vm5BTKUqpEZk5TRsFJjY5wyyYpAJUQRLg1CALb0zACpZQoggCShqOWktlsIySRbi0jokRNUkVh0jmlBdhRiuzmhoFQqE0TUgm1tDNrKVKZcgpEkRIEYJAkMY2T5Ci1RlmPaxEKYSlAcmaoYDeMjbCzqAA2zmZRIhQ1cyoKKRAYpxMLj22qURUhsiUSLTMgnVEqQXEY2zlNRKEEckxuQUQEAVZrjaIagbGVbq01KULKNqWz1k4hKWQ5G3YLCbAVgTMzRSCcqVqUTG4hSQhB2GlbKErFLSEI00C2MVEr2RySnbYUskxO01i7LqTMTBNOlxp4nBo4IsJKDCBICAUkko2UzohQZrMRkkrUxEXRlIxO0ukoCNkepqmqKxUCGg3LcriLKglyGhNDBDikxG3KKAoTEZOzFrUEkw3kEhhbCmOplBJSa5OTkNITCkVkayKQcaBmlQpjNmeCSpSkZcvadRExDmM6Q7UWGirIQrIzISwC0eyiEFgW2BGlTZMkSUhWenLawqFC0TQOpVSUEJmUEsK2pjY5rRAQESViahOm1tpyctJ1XTqncUSSpSJsK2qJaZqCSCiiRElIW06D07UWEYmxwcO4jtJ1taDwZEezwbScaulaS9sl5IB0RMEgA1LYKIRbpnGkM0IRJZ3OjIBUgm2FgxpVbWrZsnY1opAtQwIbyNbUxkGl4IwIhSDIyZJQQYNTEMgikAPSBjtB4IiCGaZ1W08bWxs2lto4OrPruigFKTOF0waFsDEuEZk4U6FSixO7OS1FpkeP4Sgluq4TGsd1Osqnf+qnKARGYTfVIqm1VmonpShOQqRwY/I0TROWlUCpBSOjoho1wkqls6UzM22DFAgZp4F0Oq0g7YiQhCldLSpSAAGZLSCxErsRipBsZFmJFZRSAieEJJyZYSKitXGcElFDDbAlSkRERC24gQLZiWU7JaUJl9KFsN3aZLtEpLFUhN2m1kJy2LYg7TaOQoK0bWymaRqnqe9qjWJwuKiUoohIJVYmpciZilIiprSdObVpGFRLEBFKNydCERDFTqcRRNQoDouSmZ6mruuMMlMRyMjCpQYSIo0kpFIinc4WoYIaBmQAp9s0ZVpSRJEihCQETkxmczpqsZuEjQGsIqeRolQ5JaUpCgtCmJZTlOK0ICWTEUUhhUqJaZpWwzIiFJQopYYkWQraZDvTlhRIIaGuVoMgTYkoUSKIplTLlmC3NIkCW2S2bG2KKCTDuFaUUgvCWImCkARJIsmeWoaQAggwSTob4BCgkCSnkZSt2cZ2ZtpSGASBkIQkQkDINAQgO7O1ZgnREkhFKVEiwkLOiECKEAYjMU5jZrMQkSA5beGUyIwISXZGhJTjlJYiorXJLaMr4FCJUiIKZKazuWWWLmqUtCWFlJFt8jSNziwRKOwGIUmE7alNUGqvUMEGE5CUGiUKRQUhipQGYdPVmqIqkNvUhMCJBEhRInNCKhRDtjRZFF3pnJ5ac7YaxXabspQoUabMaRoiSgQiLIpKRBCIkCJzqlHSWLbBpExDoRpBRO1qtglnRA0504hQ2BTkoLVJIZuQSAwS09QcgUkysENK7Ewnkm1IIamEFIGwiXSzDUQJWVEiEEFEjVBIoOaGXUuVsAVEhNOlCEIijSQ7uy5QCaMiFIKIiFKBbFNrLSJEYMlKIVKmYQUiCLraRShKEUG4RDUZCtViE4rEYVMCE1VOG5cQIAiFpGxNKl3XSRYYZwO7ZTqJEiQ2EmAkIjBuqSi1q6GwHFI2BypdKCMCZ7pZpTiTIkGzQTWkCNuSkKKoSKEgbQXGpGBKy4oIsBvg5hQBrU0YJ2lymlottevnMLVsRJGdBhQCNI5T11dMOgEbFUUU5MRKlQhjwFJIWMLGBNjpJmuaptayRJEptQhj3JzGzjY2yzZSCUCEBApJoSI1MiIAoERxMo1jlFK6gnEiSRFurdQayIlBcigkpimjhE1IBEYRARIqtaAAG8ZxsifbSEVB0IYGEBIgbEsqqiWiZZMNpFPY0JykFYooIaUzQrJaNpAxUFTsBpICDDgxzZlNWC4RMkbOFECkiCiKCIGQEQGWhBDKdFQ5ndlCYWybTONmt2nMNFbaAZYg0yDZKYQKpKihlhmSSgkpVEJOIpDBUUrLJNOShSLkBIyQs7nZNcIkU5taGsuOKAZFKYooUhShKCEUAmjZ2tRQRAmFJKOQAGVONlHCOE2JIoQoVYqYWhNRowLZJkNIhsy0k5BUwKFwYhxFQcEgZ0tElIrdcqqlK6WCWmtdlNqHIoRwtrQzRUknQiLtEmHUPMlkS7uFhJimJmEbO2qRBNg5TZSQE7emEDC2lm0qKhEyIGU2RK21BK1layZKQDOlRKggI5XSFSHLiYTENE3NWSIkp10UpYSlKdu0HghFhISi4mw5gZxgoihK4CghqUQRKKccpnE260HTNCFJkM4MyExLAgHpDKmUkkKi1IJp2ZSKEgrZidIIwAphI6cxcu26iKIIO5sB0qmQkIQClWKQwCloza21kJBktynHNtba2eQ0drWrfWcICUCBHURIaWM7NbXJiQSSwJAYKUoh0yAZQCXJNjVD+bRP/WRFhCIkEUEgg43sREVhh0ooW1MUcEREyFaVKEoRwTSNUAADdjNRqKXIdsMyloBwECYgDRElglJKZmY6seyWRiFJEki2bRxgkDOTzGZDmwZF5NRCoVIMNsqMMAgrAGGUdtoYI0dgZEcoQkjZUsImIhQKKUqJsG2FspGtCWyaEykQokQhZLuWUmqxXCJEGHCWEqGQigHLrSWWbMItm4ki4Si1dF1BBuQ0RaWUwI4IhUiVUAQhDCFCEOq6PiJApShQEKFqGSJSKoqQJDJtENgo3NJGQWtZIqKWEmHstAQCgeR02qDa1YgwQWtARMGWiiJklxJONSd24kASUoQCCKBUp2Vaa81ZQrV2Co3rBoooCKVCst2c6WYDrrVGKQDGYBuQFBGIIJqbAAUIWxEhEYAiwqJEUVhRu66G1KbmhgV2IEsRRWAzDiMoQpmZTpCzJa1Nk9OYzAkViShRJEmKkjgUUUSiqMlkm1CEMAphStDalOBsmXZrJYqCUIlQKbUo0tlaqlannU0KoJEBibqoNvYkZGeoRkSJAnZaEnJrtikSIQlsQSkVKdN2ghTRskVE1/WllBC2UESEIBDCVnMLu0ShRAQhYbBBEcUYoiAHAklOZ2bLVBRDoKgRoqXtBEmRSWazE0E67RrVbqiUQBGBISRZlo3CIhQKt5ZS2LYsqURM04QdUUS2dKBShWktMzMUErWUbClQCEoESE4isLGws+t6BKaRgFAjZRQls1lIymZnKihRMdM02aQtyQ5skxFVQFiEIoRs0glZIlRCICIiQiJAxZlRakSJKLIJMi0ySpFKZgOiBDKSKOnJWJKwhNOSnG6ZJksUmbFNhKpl2yIsAFOCli3TKqEgFCkXRakFYzXbtkPK1jJtu7VWShAVjGVwprFbk4SVTlsRkmQnISFAkkSpxcakM6MEArtIWC2bjG0kO8GkoyslgggScI0SIYVEYCOFRNrQ3EC27VZqwUqnAduCMAgcEdgoIkpXuqIoUSSl2zhMpUQgIQKF08ps4zQphC2FgogoCoSzYaSIEs5EgMI2tiFwS9uW0p7aKKnrqo3BtkERCiuK7a52XdeVEpJK7UqUdJYaiGwOFUEYwAYZO9MyaSzXKA6TUoTTxmS2NKKWIlnIJJQIFUUohC1aS3DabRxLV6RIAKsWJ8ZRSimKqIEiVKNaHscx05NTQLirnRyqUaKUUm1nptOlhI1NOsEhEcgoJFQiEG1sq/WQtkhJWCnslCBkjMGtlIIDJ6kMC6EibFuhQJMbUoQUMkQJWxFIKlHAkqLUnDKzSchqNnZgI2FDQJRok+XMJJ1gEVIIwkJyNkNYUYoiQkQUbEhJIVkS1Fot2S4R2JJsSyIxRERmRgRJkrZkI5BCmsYhakQUC1mIEEjpjAglmTYZUYQIRRScxqRBKVWVTGMrRLioSGFhXBSKSqhGSTsiIsLZJJWitIXc0rYTwooijAK7SAngUExjKzVaNpvS1UJJjBwRNoEkGXJKSQSW3Jw2oihAKgGZrUlRS+TYjGupdqZdo5gWJcIhgUJ2uplIEiQ7sZ3YhGRN2dJCtlMIQkU5TX03Q87MNuW0Hsc22a3Wmi2xCNVQOm2lU5Kk1lq6CYVkk05DqWFntjQuEqFsE1JBBiEkC7e0DCLdsk2tIUkBkolQSNitTWnLYScmFJOdLTMdEZIxduKQFJJCCmU6M1Vjcz7PzCQlRQ0MkiSDnEIKBFIgbAuVgoowkhXRxomktUk1wkSpESHAttSFy6d96idj20zZMlN2ZmvpCEoUhWyTBjVaoIhSarEFzYRtO53CKUWEiIgouImCwnZIIAWSSFQCuWUKmQTl5JYNORwIoErN6UxngggyW0illFLCjcymCFFKqJSQgogAKaJErZ2lCCmKQpkGSpGkUEiADQaVIkuolDJltkwpIiIkIKzWWhubalEIFCoESDIhWmZmJg5UawUhp2UMykykbNlyQoqIEK1ZRXaGopQqGycOlcjMNk0tp0yiVKMgXIxBkomo2ZpUohSQhAQ4jUMmnbaNIF0ihDJTIamohEEhIYWMZSGigCNCJm1hFBEREVFKlURQxDSlhZ0EgN0A4xJhUnZEQGJJIsiWFkBIiohQKEoUZ5umSSW6rpQIIReMFNAQciDJLRHYgI2KjIsiDTKSDSpVkaQgFIg0IREKZNzcpCKBaG0KSVK6TXZmi6JMpyyICNskiogSEVFUbHddrxq27BQUioVTERKKUiShBGNqKUagEmETobRtDJJaNqDU2tViYSOYMmWVWkhnNkSpBbkosAiUJiiUqMWgkADJJjNtsCNKiARhLAdS2G09DjijCCsiIpQtZWMbQlgWEi5dpwgyjYEoocA2AttkqFjGQonCSWtNdgJBXzupCEthGxWRU5tCiihAVLk5IhAhooQIBA7jNCWkIqFSu6LAkoSJkE2ESkRIWKUEpZCtTTlMo5BUcUaJqeV6uexqjVqmiShkE7i1ljZ2SztbKJAwUmTLkBQqtRRFKSXdKBGWEIqQDEVCYWfUUiOsACRwmMSpFLaxoggLRa0REREWOG2P2XIc7WytlSh2ZpucyCiwYmrptGUriiRCCkiDFCU0jjmOk0Rmi1KkqLWEAimkUiolMpMoEbYJMiOyOVvKttXaZBtFy9ZaE4EdtQRhgZ1SDSmKBCZpgFBEKGSnM6fW7LQNliIkG4VaawIiZENIERE1iiIsNaeQEpUQggBLkVhSIARCCrfWZLeWSdohXDQNg42EFBKhEkWSsCUJnJgEhUiKs0WJCFlRS0EKRVUQiJKkUChUwGALGyJC6SQjwqAotkNYoJACMiVJmXbLMccgsIG+77tap5ZgtwaEip1CUaIgCwlnpk1rmVMmBK0125Kdbulai41QKaWUYiFZCowTRWRrLVNShKIUoxJEBKKrFTuz2bYyE5NBSAJHFCm6WiWrFo85trFEkTSsR2MVKeRUy9Za67qulCilClFCUhBTtsyWaYHlTNsZJWop2NhgFCVCoVBEqHTR166WKLWEFIpSVEqYMo5jNme6q11m2jmOUzKJkFUC24RkTdmAiEgb20KEpFKi73rCIBuCkGyXUqKUCMlMmW1qGFCzAZyScBpUAiwDRFFEIEhHAcuJSVIEImQZYSMigojWUhhUSlHIBjLdFCGYWlNELZFuzdCylprZShRAQFpCKLoiC1NKIEFGFGMFntKgEm5GKFRUmlogBMYI0Vo6jYSRm5NGhmRIpyQ3O1EEIhOFbCsCIwEGJBm11pAl166S7motkiUFSOHIbM4myXYpiiglQumu7wiLiBJCUWSQQlgSJYSwUQnJdkgGCUsKpRVCyEkEUkhEKUUlE4VKhG0Fcgiiq4GQFGrj2FoSQkh0tStRmrEtAZpaA0pEiZhac8vaVUluRiRZI4SQpLCIIgins6Vp2TINECBhJwipRo0SAomWViSUqB3CuJRaIsBSqX0JqZaiEonbejLYtjEpB8oSVUFLF6K5la6XHCpptzbaCJyA0zhIo7Btp1HUWp3ZWqYNMopQNgeRWIYiJ5k2abt82qd+csscx1F2lGKjGs6spQKBQ0onoqiEAtmGIFQhpQLYqRJR5TRp0mmmNuXYSg3sCAw2KUVEGFBERMhOBaWECMkmBc3gFEJSRDiihKS0GxlSqSVC4EzbmSQmYGpNIcC2bSfgdNZSSnQIwOlSCmRrmS1bG4EoXRFGkiW1lq1ZorkpVCSFwigUIZyhMEaqtYKQLJw5Tc3OUiKdToPBLY0AWmI5JEkh2ZqytdaQalEQLVFRUUTIkNnSOFtLC7VsYFBmM25tHMfWWlqyEUREKIzHNiUuCruhEIQiFCWCkFsDKcKmtdac2TIUUWKcJjJbpqQI0pAYS8aABDYlStJsARGoCDBqrWU2IQvkCEGgxCgw4cxxnCKi9r2bm6cg7Oa0BRFpYzCKKFFsokgEUBQEbWqSJOWUSYsQhGBqDbmWQto2GEugCGSnIkRYLkVSBISgKEJYkqKUVASScO26KKESkRBkOp0K1VLS2doExkQJLCFJUgTYzSYikMhEUUKCiOi6TtLUPI1DRAjSkzMNmQnYkC2itGzOlEIqJZTImYpwSySwjWRFCAGtTcJSEBTCWBFVEaU4PU0jCLdMQmrObM3CmRZCxrYJagmhdLqRntyIElJIpJ12VzvIYRhLLTbZMm3sUsJCeGoZoYQck5aOBImQHBFSlFIyPU0TYKegTRklImQIg6QQzQlIUYUdUZAUIsLG2RIwqhGZIDBmNSy7ri9R0g2plKKilhlECSkkFUPA2FrYUSIUiSNR2KAoRVGiSISIUktomibjoAASIVlESDVkmhtCUTIdkkItUwSWyQjJSmw3J9hAa+1ouZz1vWpNWxJCtkIRJSRBs8GAG4Rbs8hSSkRIqkWlVsDYEAqTpBUhEhSSohRVBaWUNCWkCEklZGNSETlNU7OVIEklopSKbdEypVJLlFLsCCilpKl9jRqkDZkNVEsBCTdbWEURiohpmkxmmwRdqSFZWEQESqmAgsy0gVBExZhsaTtD0XVVKCCTrvZdV1pO2aa0TcggS9EyA0O0TFAUIlSiJGROmakI4XRmImPbaRSttWmcxjbNZrNQqEgRoUgJ43RXOxXZCDdbgNXcIiSpRk1jUIQgMy1Csm0cIUUVaYsg2zhNE5KkaZoynelQyJkGyQAoUMTUJiSViAAJhLAbDgFylACls4gQmbbtJEmnI0oIoRBRAhlbERGRTqFszmana1fTTqeCqpKZshVBKLCiCBuRSEocKEIRpSgEyECJSLDbOGXikBJLUnhqhKLUYoyULQkBOaWCWmqEJBvn1BRCEqp9p/A4tiIlgGXVrkiyM6KGhIDMdMA0tdYaIoSNSsgqRRFhGxAqESqEJDBh6EotJRDZMuXAqchsWKUrpJrTpKRQSBFSZhZFI6Wg2XYJRakhIdlEKQGWJJFuzXZOYwurRLGkCAhAQChKsbEcRGaLCNtks5GEJINASMK2jXFQrFLCOEpJtza2hk1KgTKntKhRLGpEThkho8xWamAbJKTATrdQKCKilhrgYRztlGJ5tESUWm1nOo2NcxrHYcosURFOR2CIUpwJkhwKZCOTCmFUSokA1Rom3BLbEWGlMkKFEiGFMl1CxshRApicCsnGjoi07XRmRAiEstm4TRly1/ellAgByFJky+YUaQMKVEqtXY1QSJKMIiQUpWALFAoV0gQBNhFFgY2kiCJJCssiMAYkAGMyWxNKO0oBEAJDkYxClpGidF1ECGOiRBqgloIsEVGytVpqOqc2SVEIhN3sNBmOkKapJbSpRQhJKAJbuBkiFCVsi8sMkWAJEeWTP+WTcHb9rJRiGVxLraXYZLYGbZwkICKKikQgR5SQIBTGRAFCojUbSwQiFBFRNDULRAgFZDZQRKk1pLBNSMQ0jQIpEGRGKbWrRSGwHCp20hxRoqql0w4VgUqEI+0xGwnYaYEjAiTSCKY24QwiQoQEFiVKlLAogclQAJ6y2aZFCQyKGjUQgW1jgRNHSIQkgsSZGKdDKBRWOjFTZkhCYOOulFpqEC1btqmUKKVka80ZEbVG11VFOJ22lIGkANkNFBHG2SxJomWWCKmUUFERWGAZh0JSRAmssK3WGjJGCkSpRVEUEhJFwiaqnJQIB7ZArTVyqt0spJAyExJkA0SVkFMhpCihkJDCighFhASECkjYIUGUAiBASMKrYXBmLaUWSZJCcqZTFjKEJCGiAU7hpJVSMm1bIaBEcfM4TbYNtZaIgi2ICCQ5IoSEwdnaFCEjRISidkIiQdmaM+2mElLUUrAFCNugEp1kkN1ApAm3cWothaJEKAilXUIlapRiW6FsiYSMlY1MGxQlnUhERAiQQpZlQFKkFQhKhCTsqF0oQgaFIqJiQFEDEzVQZJvalJja1Vq7kENhiAghpBIRIdu2AynC2dKUIlIghSIiQlEKZhwnowBJgAIkLKBNzc5SigEbsvaziFJLKApJBFKQnnKqEVJkWlEi1NqUiaJgpy2kQikIOW0IqaXtLKiIEkUA7mpYRZCm1NL3PTCOU6mqpSOQFCjdSpSIiAjszOxqGLWWrTUhVFprUgi1HIVbSxWJaG0CSULGTkinMZlqZDgI22AAoQih5dHRNI2lFExiYamoyEaKUmtXo689RBScKUWppas1INOtpcmiElGaG4oIlVKjRERtrZUQ4JbZQEA2O1srXbWtQA5wy+aGnWAj21hOFJQopRQbiYhSSyEkAhmwkQhQyLazTW5GpSocEhGlliJkA5YIFcBWKNrURI7jBCIppUgxtEkipNZcInBmJiFUwbSERBjVKApFKZIkgbpSCGWaBCFkstlFoYgqOdTVTiIUUQJJSDgUNkYCm6KIGqXUWoubAyiadZ0UqVRTKULh1hQRgCUk2QacmREhBQYpSsFJZiiQkCJKUZiWIIioITIRlKgoMjMkKUqJ2azHEFFCEaWEsE0GgrAbxolt21IoFV3YWRShAKZxjChW2AY3gzNKEW4mohAFyEzSoQAbY4y7KLXvwLKmtEJdV9s0oYigRICcnmwyM41bUBShkJCKQE5LYQgbINSVqggnRjISYnKjlArYKCzCGMAklqilAiZrFCJkLLVpjFJxGooCBcjOUAlJyLZNJiER0ZUAmo2R3DJtI0oEJRRyJpYUKioKFUCCiAjhRJKxQiUiQkCNCAVFbmksR3MaFSFBUGuNkBMrbao8tkkoFHZKkiPClgSlhCCzpTNUbOx02mApM20LbEkKVBQRiqgtU0UlRMipUIKmKRXGZHOJKKXUKOBSqmqVbKdFEA5IR4kQthW1RjgxtlNRAUyEbKcpEVG7zCRNjVLCU6ZTdmuT8Xxjo69dKAIs1a6CMhM8TFMbR0tTa4JAMlEipDTOZhTCtnFIUYokpzNby8SWZMhMp0vpbDIdIjOxIlSKJFrLbNMwjDYq6kqhKCIiqiAijN2wM51diVo6RRgjITJTqJQCRI1CtNYkCYVsI0KBQiWqirBKlAhlpnBEIECkTUKgtFNOI2xABiTJNrJprdm01ixJQpKINGBFcWYbpyknCIVCwrRs0zTllBG19jUiUJQoFkIKFFGiqKgoWk4SoVK7IgWotalETWeUKFEiUEoWCpVSPv2TP0lSqWFUEFIgS1ObitWUOGqtpUZORi6ltCmj4IaEsYQziqK1UagoFAURwlJVkWgt7axdoNJaQ+oimt1s0hgShaIURcgikEMSiKBEGafRboookqVwChQRNWRJpF2lWosiJDWnMCFZBFObsjUUEpjMnOyqUFGJEhG2s9Faixot7daEpchsoTAQKhFGEtnUPLbWItRGpzNkJEnRFamb2tSmSaVECBCqNVDUKFHq2KZxHDONJKQQBrDtNNLUmkRItkuEQoAkqYAtl1pCYQip1hIlZEluaUNIIUkCMidKZGIUkm1Io0D21KYpCElRQ5KglqISUoRlW6GQTMiJZGgtMQo5LamE3GwaSBYKSSBjhSAgnbIQZLpEqaXYKF1qiYh0SiWkElFrZIIIgYozA4UUCnACIUCWQlKUCIdJqZRADhJHRFcLxqDQehxDUhTANoqQwIBNukXUIkGEQiEUU6adipKZbinAUiGoQrIVESWCyLTCRWEhkQYcpUhhUoTsIJrHqU1GRUKUiFApKJ0hhUoEhqJQyJmBsAnZIElCRqCwmx2OULrlZAREKUWhgqQgcLQ2SdRSSqmlK25EBFKmQ0JCiggkKdIIt5YCW0JSuBBQasEoBJJktzBI2TJKKGpfKqU4WzpBJaKUYlKKrhSVyEynmyfbSMggEZIRKG1AoShRDEBrKRnktJ2SSgRyZgIENiSAAQE2znSNIqm5iYIgCRjHMUpxWhHCkESptdi2kSSIIskChKecWtoZqgoSCyWpVCklnbZLVOS0s2WpgcJ2VyqSLTKjlL7ru9pP49jSmSkpoihQRIREcTrtUkJRnJMRiQGplBAKESGDjCyDbeyIaE4gjYKQbMsRRXZKImnObK1IqsWJkDCYJGSLKJHNEYoIRchRxNQakiiIQNh22hpbkzMUUsnWsk1RI1BLK6KUsBOhiFDYHtdjWqVEjTBIykxjWRak7bQkK9MRkCYiJycOZLJQwM4ksWSJzCknSX3tVASKKJIUAslpKaK4SCYIQkJOA6VGIJeKmhQRAVJxqIQKksmiMM4EFKFMK0RgN5CQcbEIgSBtJItCUZRQVOEIWc5MWaV0rY1ISLKnnDITZJNtsiypZQukkE0zRcp0ayA7sY1bihIhiUAJIRShCEgUBJLJQlAUKpIyAQc0N0iphAIFOFsDqRSFZFmqRSVkspTOiUJSkYQkIQGUCEUhJDBkNklkIoRCSlQVtZYoBeRsdpOK3axit7E17EBRikwoLGFjjEopthWCoOXYJgVd6WopIEA1jEkjEDiRgwgUEaWGFMZOkAUtwQklJCEZsJ0SUUIInDYNimopiS1KFJVwki0lhWRFGpBljCGkIqdlUaMaQIp0CpMiDSaxcS0lihTRlSKK7XSm3Xc1QtmaCBC4lMAShEhjGwlJoeYMTMNBZFHQEpySa+lxKhRyS2dLlyg2AosQKbs5USgkRSCcTmdEZGYmNUSmAdkJxmQtXUTM511RTGMzSEoyRCgiIkRLjGuUlm6tZWsRNRSZzikVKhERSluSwTaKNrXWGs5MIwqKUDa31rCcTrvvu1JLEJkTAQ6JrquJBRaYiALCLqUKIqKqOK1CLZrSrTWwcCkFRABSKBQKMBLYKdHc3CJKUUmMJEkhJCUK2S4ByFjGuDnbNJUSIpIMsBAhhYgka1drKQCybYxAONOlFIlsaRNdYNfookiYUqLUWgTYGJRNUWstpYsSQmCQIkkILEKBbRQhucgtMxNbBlFriaghWSKdIRk7ZcpnfMYnR4QFLdMmok1pZ0QQilJriVILVkDaRiizWTLOdIqgaGpTRJFCxlhQoqqoZYKB5gQyUyGB0dRGZ7aWrU1ItSthgW0jgYWMMBHYLlGiq0JuJlRLBTC0bHZE2LZtZ0KtgTQMw2ocQqVGiVLsxEY4JRwKUDrTCNkWCEqIiCjF2EgiirAEEYFdimyLkORsKEqpChmUEJmTFeq7LjMjigQoFBZO59RUI4SNJGwVITkzTUghJDlNyHa2SSE7TBMyjihOcFMpJSpYkpU4JFnYCBrpTJAUAgEyBG5Gk11qkWQTwhAobayWrZFCkBECHNjZJgdZaim1RtSIsGRnWiKStB1ShAw2JC3TOLORRmQzQnLLSRGZaSctowa4JRiFnI6IlCVUS+I2pZ2BJKlIkAkliooKMhHhbIGQIsKBkJslSapFSCC3VkqxkawSTkpIETlNBJiWKQwhTAhFZracopRSmVpih2iZOBFuIElIJaKoSJIkKTCKAEBTtpCiiJQxWEHpatRqFEW1VkkmUQEgCBCSSBtAUlEUBUVKp3FIODOdONMhWThbSzsThUpgZzbCpdQIDKFAyAZkIyKQ1NqUmRFFIRtAhGFKOzNCRVWlRKhEqAg7adM4hmLW90KKEBIKqTmnaWytATWKTYSEnKQnhJFQFEmR2Fi2Uakilc40JUpEaaSkqhDK9DRNDkqpmQ6IKNlySnddDSlUMOlmpxsNFxW7jeMkIIoM4JRkyZYlZbNtEVGi62uooCQlDIRDRQnZpiLVvojizKilREhhLIVlEruVWiRNOdmZU0NgGY9TA7Il4DBCVjrbmCIdwpaJUkpEpqWIiMwEIyDACGyTSRpKqSFFoIh0IqTIaWqZRDUpKSISJypFUapbJgoh05x2Sk6Tzq52JskkQGEwLqFSKoCNUBSZqTUUJQKptYaJUgSZjkJXK6FSwjiTNrVSQiWUgCWFZCHT0hGBSLKoKABsIO1smQHIxtmaFMbTOAlKrcaykTIxSMYWigghqQQiJEQaEktgaZoaaUqxrQCQpKC1dCZGsixk7GyAQ4EkYVNLCGFL0XUVlNlaTkI5ZWKVKqftTIWcAFKJLooiqFGI1lIARCmhCElRFEqnoJQIKUoJ1VJLGpzGQqGwaLiiCIGNS5TWJoUk2Ui0dFGJEpmWIoqdaUtFOFvadolIZ1pRCukSJTHCiclMh0IRlkACg3DLFtBMlBAhSZAgCbu1qZSqEIDUbGxZpYQVAoUyLUBEhISMJFQkLEshVIoS262UGg5QhAoRESiaLZgyQzIWYGcaKLWTiVIktdZMJpIotZaoNrIRtlOZNohMIkoEuIAxxiHZgJ0lwiBQ0BomFRXbTmOlBInDYEoptZSoRSYi0tgZJYTSWbuK1NrkTEo1SSqEamAsJRnI6cyUSDuiOo1NUVWoSChKLVLiUAFlSwKl0wkRoZAyE1tRaonWmlCp0RKcmGmaIqRQGhCWIoB0lpBKyTTQIIoUUaLUWiJKuk3ZwCCTaSMEElFLCUVEiQBnOiIUUSKwbRBVsoQcEmBLQUREBCGnhYB0GsJFYRBR2jiZlGVACgkROEppZGZKgrDJNklyyyg1kdN2GsLKTCANdsvmNABRRERJN0GoZrZ02rYB0qlAQIQURWFZVpIYKUIqUeRQwbYkIrI1JNslpJBKkaUaApABkO0QRhElCqa1ZltotV5HRCm11jKNLaLISmxbJRRSyCazZaqEJEDg5rRTpVQpbQnJmbYtFCVsG3R0cJFEEXaSzaFsmCyl5NRUQkRm1hKGaRxVhCVQiXSSUQsm0qkQthMhK4MwqCgkm8x0S5UIaE4p5DRkJgRStqmWAmS2Eh0inRGBEwI57WxZokSEnZacRq4qDlomUyauJVIhW5Kd0ziFIrpq7KmpFBlCRXK6KYVkmi0hBUbCxjQhFIAkZ8NEiTQ2YEnOTLuvXWtNBU+ZqNQIFTudthJLjrGNEmnXGl3pMtPptG0DUVUo6cQQSIEBp9OI1lxKjRC01iKKA9nT0NSpqEunMGQmSBI5NWMbIRWVEm0y2ZAUxXaJIJAxatkyWxDYUUNoak0KgYqctlGAkULFakqRmYJSixOcESWdLTMUmYmMg3C2BnS1FhUF05RIEbbDmdPUVKkRoDZ5yqmvnQUms4UUEUJjawq7QUBSa0nbwgYDiUEIyUEB8NQoRWRrTSqIGkGoNbtNECoEASYUEW1qkgS2CWU62xRRJRqWLYQ9jKOdXTcjCIVgaq1GoMjWKKrIkqTWGqkIRZXBie10C8kSdokqOU2bplqLQtOUOG1FCJTZsjWHulJq17WptalZKqEIGXKySQwlCrY0Ta0UhWrLEauUYiEihHAzJWSRU2YmOKJKHqdJBCQSJlDaxqGwpEQVMiMi0w1Xacxs41hqF5JNVBWKcWbalqRQWOnMUCUSB0IkDgvbxaRAkBZyANlahJCAYRwlau2diRPJtkKyJrdAJaI5p2kKqURNJ6i1KRTNrUZ0XT+2FqE0QYRQ2JadETVJmUxjG6KEoLVEUUtYiQOlW7pZJWqJyUmiKELpqTVHIMukojhtMoQJYSlam4wCbIQm3MbRUEvpumq7pYskyXapYcnNCkiQbbfMbBkRtRYrGFsGkmoUSXZm2rZJAyYUCEuBbadxukhRizHgKRsZKmlHCBJHhGyFPE4jiq6UqTVni1IRw2pduzpN02K2SBtMhJxpAIQTBRElW1NIaYQUzmzpqY21nxVkkIgS2dK2JCRhLJwWxtmMCIXAOFtT1Fqi2Um6WUjCzQQ1wghhWyFMy1ZKwaSzEI7IaXSCHCUiqnBDdtImCHBEaW1SFOQgLBWkEm2appwUksNOiSnd1xohjLHAIRnbNtkynbXUiGg5GWSFYnILQ5UI221qwoARQSgyWyhqV0xkm2QhDFLgxEzZkGRKhGQjhFNFpLPZRVKJnNxoJBGhAEuhEG52KCIE0zRhRxSTtuxMp4xNFIFAkgCETJK2Q4oomYlwqk0DlopqqYlDQobSpqFNaVxL13WBZJNpsCIkZ0PCCXKKghCBUnK21rLWGmjKCVNLtLQiyIbC2RLVGi2Fs0RxOqpxuNmyjfCUFi612ClHimyjXFTAilAm9hSlSgKROU5DGhUVSyUiSrbGFYaCUrgRRRHYdlJC6TTCEQUzTqOktCVkKSRBoloi5MSZIII2TbWUqWW6haKrtU2thftSxiktaA5QCNRynJprraWEEEIOyS1bRAlpnKbEMmA3l1oQ4zR1XR8ik5wmQhGBwTm0FqESRURroyJUFJR0So6IbLhNlBIFT3aoRBQiBS3TaYiIaRqliK4qPU5jiZAiW0NSiEwAwgI3VEKSZImWDrtht2zu+o5QthTmMpUiO9POtFQiVAvZbALGKY2jlCI5syWlkBbZiNLVYjuxW9rUrmab0ibkqUlFgQhIWYhEIkk3J1IpVcZklABITdlCitA0trRLrSWUaUiHmFqb7OKiiiwkhUTLFDgQ2Ip06UubsmX2tYyt2cYgyxgLmVJrEYJmhzXRaFZILSdCYVCUEnZGxDiOVgQSLrW2TMhsCK9WY63Ubp6enC611ojmjFA2oqJUGjvB5VM/9ZOUpFsmSCIkRQgUpYRCYNxaQ0glIqKrNUomMqXWZuymkBAGKT2FQqK1KTMzEyFjJCnTEVFLBWxHKVEiLCBqsaGI5pS7Wm3GcZzaVPseu2WLUiPkdNqhwCKCTEVBpF1qxc5sEoqQSlSFENgqEVwh0gZla2m3aRJFOCIEyFbISBgFICk0DmOCbEEgwiG1NCJQGpOYEGnAUkQRUkilhixUEJmNkBSqAtwyas1MSUhCidMpcBoDQthOEyVCIcnCTpsQIChuDawSkqKUiFJKhIVkpR2lqERBJC5SYhnZVri1RBGhElGKYGotQiDLNaJENZaJUgDSSdZSJRlTRCPkxCJrVEXIstPpiCIpFW7NLYkAAxJScRK1CNVQKZGNlpOiQKoU44BMIIEE5CAsnHa2TJdaSwkLFWQUIgR2s23JETUx6VIiSqgISGNjCCltt5SFIG2R6cBSUbioYJeopSiiyokkHCERhEqEQhIIIABkkTQsnM4kSo2AkAKAdHqaJoOkUAAggYSwwaivnQI7kYS5LD05I9tQapUkbIVCRUCJUK1VKqYFUQRoaNM0ToYwgVQCJJPOQEhRSrYUckSStZRAYIVaayJMGDOZIlml1BIhSDenbSS3zFBEAaK52SomlYoCBshMwPaUSC2bwfY0TWRTkcHpKFFKKWDZ6VKkCIHkcDSnohQJRdQQRXKUWqQopdYapUSUli4hgQiRtpGwDNhBJAYiwko3hySIAFDKbpiWSEYSMgIp0+FAwigyGw5wLVItJJJw2rZBKArCzlpLqV2NCCkKIhSUiFKq8Ti1QCEJNyzLUkRA1KIoJWRCEYE9Ncs5uUWEFKUUSSFl0loLpxWiREiK5pSQcdqBJEMENipFtrBNhKQQTuRMIgJERIlQiVoSC7Bba5kplRZWuk1TlBJISChqTDmlhZTZai01qu20JWSRIMtYZEtkE6V2JWSTdkggLCQVkS6lFJVsEwqFVBQKJOMiSyGFnRiskKeWqlKmkUgiuq43HqdWFeE0iqpSOheCQrhGUURIzTm1UVJEyGEntg0tW5sSZxoJS8gYAySEZEyotZZO8NhaIEfk1NrUQGA7S41aqqQARc3WMp0thaKE06FiJ0qDTITSth0KYxlnG6YJQHJmmkwXCcLOWgIFzmlqRECO69G2xNQatiJKkdMlSimholq6NM0pFAFGoCiym40zSgkJnOnal1o7O4UFToMVAUQUFTmVLREC2+l0QoCEkCgUu+WUBkxrY1rYICFjW5YFrTmdNhJYkiJwJjY2gLifSxAKiACICCJq1ABhOxOhiAAIaLbrrAsCGxsFTqSIkCilRAgVO6UiqbVJCgAjUqXYMq6hEsqWzRmlFGGpTVNrzWmFW2JPQUQprTUpFETEOI1RSgkpCkjZ7KSEG40kEYoS2HYIksnGyMjOiCglSikliopQRIlaii1DZrMABbKIEkWqtct00hJCUgSZdoNAESBFibDktBxJG6dJRpKFIjBTm1pmLaqlkzESKApIEojACmERyJZsZ5ukgJASqXQVO+0KVsnMZoeKRGZDKoAix1SQzS1bCbU0bm5WESIUCiwiCCtJkJXZMu1aZ0q7GUtQIpyZzY6QFKQcaZcoUUrImWnLtpNsk0AIyemogY1EprETRdSuSlFDgCUUTowFVRGSkJAlg21MJhK1FIWkgk0U59SyGUopEmlHBIFAJYqKIix7yrQRNpgI2RiH1NIgidoVRTgbilorRkWe3OyQQdlIN0k25dM++ZMo2HJOhKIUbKejCDtBaRSEgyglogRJ0oqkiMwmQMLObE6iYFtIlhWShcBOCEoJICBlCRSkwYZSwG5jKyEksKC1NK4lQIISpdQiYXtqLSIk4aboIowxxkmoRMU4ExRSKCTVWhNnc6YFUUIqEQIUEZJFSIAtaIa0W2tSRKnImBClVGNJJcJJ5hSS5cyMiIgwBpCKQhF2C4WkUFjO1iKEFUFEZNIyAYEiIFHUEIqIKlkRIYmc2mSbqBIBSIgaYbBxTqrCAiSFgrBMChkgSjQnqEaAIpROUCmBhFRKEJAZKpZLCIiQxDQ12y3TrUVEFBkiItvkligk3NIoFEjZchyHCJVaFZIiWzqbQREgNxtKKZiGyTQYJ1ImQY3IzDY2wCDR0qWUgmyyNSlqLYoIyWRRITOxsFQwJcIyYCIiAhoJAiRFRAlsh2jONk4SUYQUpZYIK5AlRYQUmRldoBJFmZQIIpzYSaZCWMYJJI1UhDAoAlEIVSkB2yRJZhqKFMiQ6RIBMikVA1G6WpwOaC3bNCkqbkJOjEutEVFKRIQxSURgA5kJlsP2mK1lkyIk40ynM7MJjW1UEqV0XbWzpUupEQocpSjkTMvZjKRQhDACBCIiDLXUWquETYgopUQYCQkIlCINzsy0nZZssBxRSshQUKldlIJtNyGDULbW0qEICZDCOJBCyKAkK4FQCaQoIQEG21YUIYWAbBkCKURIlp2WSBsETNmMRRByOp2KUiKaLQtSKlGUBqdEWpktICLShihSa2knsh0REVEkpOJsTqKUKEEEBhSKULg1BxHFymzYllSiCAmLSNzGMdO1VremELZqkLQ2EZICQIRs25axsG0FEbIThzEiFLS0qV2JJHFLlxCWQlJIxoTCMlBLlSyFmVAppUaIECJUZSQJN4NAkq2oAhmCompsZUgtbSXYKEJYdhoysZozcUTQjJxRQtI0TS1dQkaSnC2kcBpAtluSZKadKaFCs2zCOKKrnUpIUaSWOQ5r26WEEch2jqOFVHC2qbVsiJBslShWArXWUkqptdQaEhLWlC3bhAIDNpmJs5FyNqSICq611AikUmspEaWUUoRaptOAcIKgNU9tCoJQesI2gdM2qEhja+AUTifQJkXUkCQ7u75EqWTKpkSYtJ0uISc2CkUUZzaJtMFYIaIEMuAMANlumdkSUKgqQFEDg4iIhAiBnJlW0oRCQpIUANgplBhbCIk0Ni1tFIExiUASUbsSCgAJcFqiRNgpRRiVCIWUtpxpu7WWYJRtEo6IlgRqmUYRpCVM2hiwKBGhaEyeGkhBqIBsDE6XWooKEYEyWY9jIEGSJJYzXaMqBCoqIiNAkekStZawI0ogy6FAURGSVJBVSggEVQURCkkRBRuMJIWxIkpEVEUppQQoQlObWmZRlFJCTkvgTEWJWgOm1jDOHKcxbYEUJUqSmJyaikARIJUaESUcQi1dShFuzVFozc6cpimKgkCCSBwKO7NlLWWaWptayAqB7AxkDLItokggCSlClqKLTkJkGqclulIlEYGduI9qIUkUQlI4DYAjIOS0wekIRRRJKeMI01obh9GWcIkaQY6TSghFCSK6rihkYTukwCAHoJSdlgVubtM0YaKUtDNbOkMqtct0umUao1CVFBHIKnYGlj1NLbCNs6UcURBjm8gmSJCIiIiwBZRSgK7ro6i1lulMgyVEEBZgI4MMJSilSkgCBzKeWjMtJEkiopaIQJGkAATGqAQWQESRbZVP+5RPwigUJSLC6cwUBiS1qSFFIEsiQq1lm5qbFWF7yiSNFApEqUUqNQo45UBSiQgpTIJCVUFaZNoOIMJgt2lq0zSFQCologaWTS2KqCZtEto0YdtSqJQiSQAexzZNk1OZLSIkWma2LLXYLY1t27IRkoQjirAx0HVVhKR0trSEJEIRETKpUkIQilJCiqSJyPQwjbWUiJJ2SEEobJACE6Ll1CYkZ2JlJNFVEgehSDIkoRClFNvDMAlJwtgpBXhqrTUXdXVWcdpOIwmHFZmZmWAICli2ksROCGRjKQhEKQGAW7ZAYAJPjhI1KjgijG0HyjQ2lzXTRaiUxDnZ4HQplWDKJkkhpJCBzFaKpFBYKoEsJxKWIiLsVEjE5MnN6WzZAoEcKhFSlBKZ1FpkG5WQFIBDma5diQhDKCTAROQ0KUpISGEblNiOUhBhFGGnkCSnIyKTAJVSSpegCOwkoxQhhQSJMzPHSZB2KIBSIkJIQHMqAkxzKRGlRgABgkiSAAmY2iQiiiJCIUiBIZ0osmUgQqEoERLYWNmaUQSoSCSJ6WrXWuaUEqSNFIIAsiXgMJCtkUaUKKUUyRGR6ZwSFQUibDeTrUWVbSFFtNbSdlJKlBAgVEKkFeFsNgphp3NqE0YhFIAdki1JAU6cNiAgAqSiUMg2ojmKIgpShO0wLZ2ZzamQI0raEaEI1QAn2LahNZUi0Vpza0A6MYntDAVgNwsEaYUShcIYG8npCGFhl1JA2GAMckS0bG5pqZYSpTiTNEJSRKldNQYEzU7bmbX2tZY0chMFiJBkgTNTDqnZkiQsZzNyRLEtRURBBhQhILAFtsOCkEIialWzWzawQnIAQqWTFCGcBmEbJJVSQ8p0Qi2hKA5sRRERmSlJkM3CaZyZmUjZskSEAoEkJOHUlM0khKKoQCJJpSAkW1lUkJAlSQVorQ1T6/sqwJSuFkWmSyhUVEtLZNuepilUkPpajMBJQ0VGKqUU5MxEuCEcRUGIEKA0Jt1IiBpBOE2JUMgoEGIcR0JOd11BTC0NAotaq+wSJSEkSYCErFIEhBwKibSnsYFLqSVCEVFDSJJBtqFEWLQ22ZaMw9lsO+SWtRQpxOSIGiq1tHFMW8J2WsISJYokEYQjovZdKAyKUmoJhYRNS4eK7ZAgbEvUrio0Tc0w67vEZDNgZbYSYAAkBaBSqoRQSAB2pqdpcrNEZjoznQbbIiIKLVsaQARSBMiyDRAhE4GaMyKiFGQUIRUREYqQbGw3IYKQkiilK0VcIdsG0rYzSkiSMUihKqCUms6cJoPCAqMQKtHG1pyCEjGlowqUmYJaopQSEVGKcU4jqDlbm0ClFqeiUEsJQEQpwlIMUxuGtRSyxrYutRSEExNVUhGGRCECbAuIKA0nKUeE0ratQgBQa41SAwOSkkRRI7IlELVKkJhsrZFJxDQOSQYas7m5K7WUKLXruiIpFODWWimllGLsZikKooYjVaJE2AC2bGqUUqsiQiVEa5ktKULYLiUkEiM5rVBmDtMYIRlCBU+ZLVsoDCRpJ81GISEgiJZJBHJmAigUxhJp7ExjFSKiOUkMpUZESAHYCCGCUJTmJJBqCShCASbkbAI7M10VkhAGBIKIsG1j2w5VGWQUaVeFAYls4zTZlhRSRFHE0CancWa6ZYuIEkWB0Tg2EkUISQ6V6GpmBkKQNghaOtMKiWitpVspNUrBGAdCkZlOlwg7iRBKLGdESUG66/qulhKRJmoEgAgrZRySFAoh2RmhUECAyqd+8ieWWiKiKkqUMZsULTPTiBJFCpxpyxhsR6iUElEgIwqQ02RliWos0Vo2aK3ZrqW2NmJLEkytZbOUtXbZmqQoEoqQM6OEQhC1FtIghdPKbKFSamRmNlsOKUo4scG0NjU3SbZLCcBGkoiur5mZBjmzgVRkK92M5TCISCM5M1HYFhSFLOG07DQQQMjOTJt02i5RoqtSCBAS05jpJsAtCbeUyARZFgqnsZ1Ot9bslghFYAxAy2Zs23ZIyMa1dFFVSiFlW0URBZl05lRKQQGIUFACTBtbBBElSkQIOYAoWFMbS5QGbumGJYkIWjpQGgBbNZCESqlkEoRCCmM725hdV0NFAjtUsNfD2DJrrREdIptDFnJLikgkRRChUAzD5MxaS+37UgJJAEmUCNGsUHMqVGuJCGHbCtVSQ4HAKXC6lFIkKC1TloqMpVAIkORMgwDJgC3JWDhqAeS0QWkDYJwtJCuwbQeKUoqKsbOBnJahRCVstzY6VIhGesqkAZIkCdnICkUoMBjsTKtEqBiEI1RqkQW2yXRzQ5RaalejVLJFlFIiFBiUSNhpEhcVLlMRltPTNEWU0neyBMgRJRQJKqq1hNSczlSJUMgS2LRsQJQA4cREFETaaZdSo4RtCUO2RFECJCGjbI3MtFUsCYhSJEVEKBSSAuOwbWWkGzidmU1JqV0QSEJd16Xb1EYh7NaaLIVIFKq1hCON7ZYZUkSg6KLUEjaAQukkJYVBWMImpIYCK6JElFpD1U5ntrRCRJVUSikRwNRamxqZU46SFGpTI9R3fSmRWAi7lkqACAnb8thaUSjdRGYWEIoIbBsbBLZSUQJEoLSxgSg1opv1Qm0aQyolsmW2qZlaSqmdkNMEQlFwkjbpZtu2s5RaSrVsUxSlyJAtnbatELIsi3QLS4SCKFFKiVDpunQOw1CiIoRBFsKllCgRYAI7QTgbGFmlVLdMp+yICBRyUZRaSChSkhBg52R3paLM1rBrrQQiQqJIwqgEpXZRw1gWokSAoxRFJYRUQ1hSqbVgsAkyxdQkShGJZUwUlVAogGlqIZUiiTShSGc6Q6QznbIzDXKmM1EI2UgiBEJWCBsEokBmYqHmnKYxM4OwU5RSwlghhUKlhKJ2Xe2iSEnaSBKgWlS6HkpICoWUzVJIEIEoEbZppD1Nk0IKgSWilNamKadQicAtu76GSqbTWaKUEqphk81tSoRAEREhuWWO4yQlipBsIUqJiNKyYWErSpRobbKICKQuqgQREREoImqp4AiVKBEFG5AEOFNRbNIJklUipFIj0pYTEci2QBFYOLvaSZRaQiVKFFUJ2yEZIlCUIkkVIQeBHAqkUkuJqMKllCIlbjakIhAyOdoSLqUqSlWmcYRCAUgows7VajVOrYTGcZJQREsjSUKRaUm2hKeWIUmRNuFaO7ep2SQOA4aQsrk1R4lQgFs6pBCZhJSkASmgpcFC2SZKERiEolRFlBJRSmba6SkTh5TpKBEIwjaKEpCRthQ1QlJmSqhQSkRIomUzSru1SRCSkKQEFMIlCgpEgBSSTLMxclJrRCkKSWTatmwUEbWEEGNOBUICSSgkRzolOd0yJTlTVGGQjBS1dCXU0iVEKFC6GZcoSM7WMqtK6Wqb0rZtFDm1YWq1lFKqhUEIIYhSay02aRQoVCK4TCVClFpsImopEUWqFSzSY7Y2YSJUKFGEIVREKbV2NWlKSu0UAUxTkywrugo0EwbhRCJqjVAUhYTATtt2axMEki1kQDaKlpmt2SCRInBmTg2ptVEQJSJCisy0wGlCxliAsnziJ35cRCHd7HRmm+zsSkWSFRFCCHCUKkAQ4QQZR4lI0m5910eE0xAhF6nUUkJIoUCgsCRlOkMBGGPAxtmy1KilS2epYRuYpiZFCIUkTVMLu3SdW0snECKQoiiopSullhKEMlMRQiYFpGotChmyIRBOOyJEIgQKOUNhIFBiWREEhIRoU9ZSgJaZhpBEiVK6aqeAgEaaUkgcCgtnGjtCthQhIgpCKIokWUaUKMYtXYiQREQJSSJQCiF1pUgah1EyIiyMzHpcZ7qUEkFmQoKkKBFOy9gZIaczLbDdpskYFJKFnSqSAJAs1Br2lFmjlggJlSLTWhIqSCXkKFXZMjMlFCGUztayRkStUQhRoogwTjuI2pWIKrtlm6bJmaWrNUo6EWEholQJm7RthAVOsKNKKpJQ2g4F6cQSVhg5m4Rs24oIAiEpMAFYQgrSiYUUkc2tTSITl4hQ4AggID221nKqKhE0YxACK0LQMhvNaYhaZCSFFDlNjXQjagSARU5jI7LUkuls2WiSQoEVErZN1NJattYKkTBNQ0gyIFktW8tJioiQSVyAEHa2rKVEiXQTWBJEyOmu60uJACkyjWQntjE4SrGddikRKiETpU1TJqVEREQJlchMQSkFkIiIoqIgFEZAV4qioGKaZFsqIUkpMFAiQgHYLSzw5NbXGig6SWSqQEQYpTMCCIUIZ0OopTMtO0J2UiRFg5BAESoKFclBkM0WoBA2IiSiKqQAG0RzhqUIg+0SJbPVWmstJcLN2TJCxWFo2ZxpZYlaopRSpmkqJbDslpkWVZqaLRcVCWQQqBaiVEKhKFWhAiaFyMyQpIgSgCSwrLSxAeRsaZtEkqJM0xRRbFobnQphMp0kSDK2k5QoUUpRiciETDKdTWAMCdi2bRPCFrZbhiJqlRwKS5KEhA0KS86GlVKUUkopihinyZlgbKwSiq4gJIzslCKn1nAtRRFOgLAbCVaEFThtnC0bKpIEtNaAiCJwTiaQc0ogc1IUgrSFyAxwphRjG4SIkABly3RDZBoBYNJZpFBRiWkcEREhKaLWqCbblKaBbMskCFlIaukaKkUWQSCkKIQThWUiIkqkw1PKGdEpkGqtoVKMM1OhEjUEYOzEGIedYCLAJUIRUkg0txCgWkpIVpi005lAOtuUiIiICKdtZ2tIRdEmt9Za2mBnZoakKDhtS2GwXUpRhITSrSFTuyhdV1QQCkXIKXBUulJq6bBDilBRSCWEimy7NUJRQJFTpo2tEBLOzExwUiIys4QkYyQpqknJABRkQ4QgLJcQDdUqORMAS8JYIZBNGERICgnZDQQupQRK226AnS0tyHQ224qQEDhKRKVECQpqSYSkopAowpKMSulqLRIhFds1iu2WlpAMREATMgjZJlPOaTkOEaq1C4k0YANKZynVdpsmJaolopJOOxRSVkWKzCYF2E7bgigq0QFyC2GUdhunbJOFJAWyp2xTm3IyAgXOqU0R2NgpMHYCHsY2rodSa2DkUgLLNiBnUSkKSVO2sFRkFEJRpCBtXGoXUYQMoVJKRBQFIWUa3NpUpdJVRUhRoshFYQAJHCoWtjEOMlstRZKNZKclqRRwy3Q67a6E0y2nUmotQXpqLaRSS0SoOA0iwHaJMGqtCbd0EQoVyfbUErnWTjiTUEQppQQAtYQDtZbYEdHNOok0JTRlI4lSAimAiFLS2Vqz3ZXigJYhWZatGkLGJIIAN0u0NEkUQS0lZEuBQSkpk6ghi3BEzZxU5HTUYtPSQEKnAjhdSoASyzgIo0BS+dRP+WTZzWAb7JbNpZYakTybhEItG8it0XJyAyuEHdSWGUUKORNCIp1RSo6TAVFEREFIUSKmcUAoAoQlKWolMS5RnG6t2ZCTQlEqchgpstl2lBoKhWwCLElECUk1qg3iMrcpHZSIUAGVCEhFiYighKJlYkuBUwqpIueUCkEoJMkpBNDaZFFrkYlQKOzExhqGEVxLMe5KlUFIIdnpiKilWjgzVDInQylFwi1LLSXCWBGlSpIk2VgWzXZLcMsspaRdoiAhK0qmi0IhYylskU1RMJk2TiNkGUkKEodqqVUiFAgRBAkUjEAKJGMyZaWdOZFZIqRipwBs5BAi0xFFgVRqFyUCgY2VNsKJgigliqZpykwpFKXrqgIphO0ERSid2VqbRptaApStYaZs2VqUItymZmQSKUogGStJrIhSJEgDUgBKO1Cmo0hWKBRYDhXn1FqSETWk2rJFBAKDkILEmUQoSuDM5rSdipAkWxLkNKVNhBSEFLVGISKCaLZR15XWjAErHESoRhGSgkwIAdksUiEQdoli22HwNExOG0tCgZNS7FQpXalRCrbBNm5YSdZSLIMiZJjG5mxySaeECENECLCNbVqbohQkm1JriXACAiRFCdIpywZBREiolrDlbFhSgGxsuyXCNrYxTqkg7CyKGqVlpi0HOGpVKTVkwMrMEhERFhIhUZBKlEChJKC1lgYAVOTm5jauJ0mIGmEsURQSzoRIIKJIGEUgyZY0TVNrTRIuxralUES6Wbhl7WqJUkqVwNhGISBFqBC2QxQV42wtW0aoRomQJaeNnQhQIFsuqioOgwAFRjK2oigkA2ObnCYwlmltihIKFUXLNtlCpRRETlNmWtQomSBC4QQbYaFU2s0JCtGckoJASBER0cU0TlGVtjOFSoSVtkJBZqgzzU1WSNjOhpUBiuAyS2QapymSQJByiFCAWhvtjCi2bRcFUohxmhSqtQbKTEmeJtUIbMBRgjal05KQQgKFBFKEcWKDKELO1tLYmYlSVMuSAhFRQglS2JnNJaKEUEFkTiQhSq00I6RobkKSMFEUEYmxQYIISSFhOxAKQEmUSFNrpWVEhMhsaSIQRWRmtsl2Jg6CbEQkDhNRFCVbQwrLiRQ2LVsQERYhI0VOk0GyRC1VAcZuLtGVIgJM0PddlMCKUCnF2UjbAru1iCilIIScmIxaSomQpjbJIAmAUBRVLIdxIqRQhEBFbm5O47CMsDNHS6VEy+ZMSQphkCRsK0raskpE2pBYIERrk1BIUhS5NRJLFlJIlnBzGuRwNoUUka0pJCSBQmpGpNOYJlFqEWWcxhKqUSUaGRZCVtLcjJBsQs4oSEUStpxAKUViHEcUpVgKCadVkFHIRgR2REQtmWptnMYpTZumEKVEoEZ6skmQyRAlAsm209mmMZvCGBspWjZJoUASEioRIZpzGptCkiycrrWWUhUoIiLSLlEEkpByakjYmSg8tYxSZABMTg1cu84kVolaSokIyDQRQkQEqGViK60IYdtkCkkBVrg1bAsDoHGasBVyoqBlumUtRTBOwzg1KTJNupQIFUSUgLQppQLT2KbWQCACyaAClIhSJBUVRKYbrUjTNLVhVClK4QyFFbYzGxJWawkYRUBYRBTV6MC2TMuWmZmZbZoIikq2TLcoqrULaWoTKQIMEs5MkATpltlCiogSyJraCJQIKSCdmlrD2dKIiE4AiRwqKhIEUihkqbhlLcXGzq50JSLJiMh0REREa5NQVztEQpJCUgTChOSwiZxcPvWTPyEUyE6iUCJKKUCaIlGKbENmAqRMKiIiopTMnKbJQqFxarINSghQYCSlm0Jp2RmKQA41uyqkIhERUoSEo5FkGggkRQlMJiKdTJnAMI1AkrYjpAiEbTePUyNNYBwQRSYkRWADFoxtiohSiu0ph1BERJRIpwSSnIoSgawoMrYxOE24tawqtVSD8TSNbWokVnpyFJUSoKgFKyRJOEKSgBQhMQyDSaGUhaSw3Vo6nS1BEWq2wGoR0ZUuAhNICpkUoUAWQY2iokxKgGnZUASSIRQiao1AFGxFKSUiAlxqsclspRQbIkQCUSKQQlgAdtRokxUhBbIJhCRsICSFSE+ZmSmkkC1EZqZtcDpKNfbkliNGUSIkAXJaRUalBhZ22hC1yIAwUWtBioiA5oTqliYjCgkKKbAlW9hIYTksRcEJzoRwUSGEwCaRaEhYVaVERCApkGVBCZIIOSLTkgW2kFRKQIScRlIgESEhEwrCkiLTRolLSBGY1pokFUlRCpKcdrMgCjYlQhGZMi4RNhGEopSKVKq60tmZ2UotNEdEBGPL1pLMKEWhNIjW2jSmETm1tNMIJNUoJSRFCWcGihIRNdtkW1G6WkopCgUGQioRRhECNU9VJZOxpe0IAUKEnI4ihVqm7FKECElShKQiIQkbQjC1BolK2iVKicBurUWEbcsRBcg2SXIoFAJsk2CEAZxSSIEI2aCMUpBsGxIEaTcjk2QkTcYGnImIKGCslm0aB1AphRqYtAWCZksqkiEiJKSIIHEB1yBNiRLhzJaZEKFMGpZRmMkJgEKBStRSZGQJHJKtdILCNqhEELWWWjujbFMoiGIQtpTZsPtaLTCKiFpDoaCUStiJSAIILlNRRAGEppa11CgFnOmIIIHEqBQpbNkUFZOIUImQVUrBSKK11jwVFFFUS0EGMqdpypZRSstmEQqbUABgSxGBm1RKhGWcCgFplwgrJGpXsAJZUUqAWmuWA2U2oSgFO522SxQTdtZSJBCACAlBqCiopRYVh+yEgDRka6WUiECKIhtslRIRThwWykySWgtSCUWRECZxGIkU2aapNVmKkDRMI9mQQpra1DIVcnpqWWrUqCGlnXZEOI2JIhtsoJRSIgyGCJBKLZlpJxIIkBCYJCIkUISskEWmImqpINu1FhMSSBY1oqUt1a6C2jQhl6gEMlaglCRkA8ZEyCgAKcm0o2ATChQSBonWGiKEEcKo2SWilpBkS0FmYinkTMmllDa2cZzsbEaZSIAxAC4KlZqGTItArSVgIAI7wnZEQCoiDAoSKbNltkw3t0xJBIUiBaAQokShhKIoimzLTiQZsEVgm3SS2TKztTRhZ7Y2jcM0TVFqlFIiiEjcRU0oUSIACCEKAgnZriXm80WoZCJZyHaJwC5RbDuKFBgrkWQLSXKT5QgFMkzZBLV2lpotKQLS2UgniW0pIiQkS1KUkBS1hIqESpQokiMCQnZDQhhFdH2dpokkbcCy02kiMI6QkEIgcERRjbTTGaVGRMucMkkbp51OhSKdUApRqkKiZLplIjKtUCCTrTUiWxoMSJJUSxGCJKLregSYVMsWEYqIUrBAKLKl0ypFQqqSFAVZJYoCGYgIGVVJUaMAocjMRuLIbAEBCZm2m0Eht0x7ytZaiwjB1JrTKuF07TpJ4KilObGdjlJMZmuZRKCohGSBBYiIKKXUrgaKkFtLu0QktmnZVAvQmgOrVsM0jdkshUMhbEVRJiUiogBIdtouqhYGA6moIZzNDsqnfdqnhCKQQlgWZJIkKdu2FJChiChph6KUokBCIEkmJEmh4nQKj81qitLaJEJSCYUFHqZxtVoVREREOD21xM1CWGSUanDmlMZ0tSs1SBK6WiKi77paa4mIUrK1lKdxVIkSkdNEgJVOpyNqBZNOqRAwTdl3vfE4TpIiItNIEtM0tWkipKKwwApVqRkUSkqJGrWWGmJKS5YkSgK2TdTooksgE5RukiIiaXZiTTnZIEJyqpaQUJR0E1FKiZBRLTVKtNYQkrDHaRqnbDmFAhRRsBGWISSKAlKWQxGlKwWYMotQlFKKbWwkZ0snmQq1lpkZUUKRJkQoLAshpx2olLCitdb1NVBzSztERGRLRUggheRMpALpFDibLEwpNRABVtRotm2gZQvjAKOQkITTNkAUlQgUYCQ328qWUYRClgPhUEGlCIKcmp1ScWuSooQy0mk7cUSUCKI0o0yMRaCGhUuUUkqmjW3bWWrBZLaQkAy2BbbAEFEiUMuWrdkupapESGkHYae5wsghJSohSQghEmGkbNnSKDGSMl2qQiVbk6KEkDNTITAqIYxJI5UII4Vsywps21iEpCgSESVqlCglbSfRqUQR2AQincImm60EFZUS2EoTimmapnFSKE1rObURpxGilKIASFvC2JkKbGwJySlJIcCABGA7LQnRnJlOA7ZTUrY0VkS2RkQQScupSUGBZgkhQs7EoFARppYapYCQBbXUtAUIpyWkQAaVKmcYh0q6KYos0wyFIARSV2RsK40Aai2l9qVECWWzCq15ai1Cziyh1lIoIrKlIVu6uCtdKBSSZZuklCilqIQsgXCzBaRtLAyCKGEr8DhNwzQBmQ1n7TpFcJntltmyRYRCEUVSKUU2ws22WzY7Q4pSFCUCWtrINsaUWowga4SguUWNUEmRmaRDKCKKpqmBiGjZwjhxpp1RqqGWClbBlp2hiFpUipMIYRmDI0LCdi0VSaW4ObNZUaKEFKEopaWdmWlMlAAUwthOu0aRQDJKCKGIQG2abISncQKl03apEYpaIkpJwAYU4cwkaxSU4zBJZCJAypbT1IyLJDkUEIQQUUKyW05pjHGnQgiSFDCOWbtCQAJgQlhIEUStxSKiYKdTCuQoNd1AXVcASgQqUSUZYxS0KZubCOHEEcV2AAoFSkotpKMrJgoI0thWCFFKkSzLtjAJQiizBSEpQlFqRJAGpVMKQpljAgkoMyXSRoRLBJhMg91yahlmysm4KCACGezsaifZRghRbCIUFJWA5pRK2hKllFoCTChbptOJSikK5IISbEMgMIJiJbIUYhpSMiGhkKWIiCgFEVEQsi0CTZ6EMqmlKMAy2UXYJIRkCwvZOCKMpai1WBJhkjQ4TS0lwpJsFBJh7LSVckgKZNTsUqSIKAVbQS1h7JYGpFrCgKUiZ4ZAti1AJYQUEQARkc7MJIkIicwsUtoRgGwXBUJSOoOopRhLZMu0yLSiBDKZDRS1lJBFERJIYOMgVKLvKjhQOiWVKGmLaNhyTs1QimywAZOkbSKkEESEIooxiogShEJ2ppsTSFIW2LYklVJAoYhacmzpVBCUKVtLe2qmkW5pcCmRNlKbRrtBlJCdlJLjIIQ8DkNOTaKoNNu2HJIbYKSUJGXaJkKBc2qTrCRtopQopda+SC0pskKSatRmN2eJEhFSSGCCEBYgSq0Y5EBIY7ZQREQ2R1EzzgTjIGzjzGaHgLCNiVAoZNu2QhgJRS1hkDA4E1QiIDJbutlERFFECJTNJeQSciIhCZVP/9RPMkSEsykgDWG5RISCUImQhAEpJHC6RJBSUURFsmhTqzVKCYyKREhSyCbtqbVSglBrzc5aCiEAOQin0xZIJSREZnOmQopQYCi2pZZWiESSM5tTpoSCUkoBQKWE06AIIWe6uUkhFdlRSglFFKensaWzlCIIVSnClorltMMiAkWEUAOZNEYRkoQiwAqVEipRoxDKTCkgsew2TU2SFOCcmhQhFEqcmYYSEaUrsiIyLUnQWtYo6bTdjJCztWZF1toJ45QCG6yItNPZWgMp5EyTSArLsrO1NI4IO0GSQiKdLVUlK9MSyDSnEWDADhVJaJjGiJAhUVFriRIJpwhB1BKlCgyo2EmJkICWzekSIcBGsh1AlDY1yFAgaECIzJZGmW3KRsrOtCOUZGuWlVgJBiOMAGGPnmopKAzGtm0bKUinEHa2KUqNWuQgaMMIilJDYWdEATIbiURIEpIkybTWWjZQiQAyE6izrpQqkAEQEYQkinAaZyoiEPY4TRGlFNk4UwIicwqpWZDOlinTpjYBESEhRRqQQmS2zNbSaVA6cWKwbEtE1LQlgyQgnM1IJewmhcDIbpZSmYmAQEQJgdKZLTOzBOM0lVLStptBSBElChARoFJqESiUtpBxOoQEEsgWEnKOmTkZqah0hbQkKUoUmbSjlBoFFCJBpoAUEREht1TBQoGtiGqDk5RKhACcLU2bmknbactElbANmVK0TJwmEVLUUiLkDHBiCUk1ijNtRxEWciDbIacxABaBsKPWUDGpCAOAbahRQmRapUhO2ZmSpChSumWz5ZDsTFlWtgwkKdPYKlGilIjmFFjKbE6nW4QiaiklRIlQaBonk6IYpxuhNIBKKMIgO+3mLFFKKZlNKsICTEu31iSFsRwqJYrtkBIrscORkrAtQKVIipZZQkObFHKzhFQkZTrkGpEWbkGRFMIp2xJRItPOtKRM40wbyQ6ECNkK2xSKJAV2tpZYQgKcrUWEpMy0jF1qb7eWiTOiAGnSmek2TqUWSU6XUlQCW1EDKSIkhG1C2ZqhliIFJYRk2ZacaYgpW7YMkWZqo4hSotZaSpQoOTYVhVVqRAlFCOxEjiAsh4PSnJkuEigzDQa3qUQ1BrfWTCTNzSXCdpQCmtqUToTENLWWGRGtJZk2aU9tmtpYIkKSirNNmS0bUlgKxnGScGJSIdsBtm1sR4RtN2MHVZU2DolCIpBFpiHBznSmjV1qiLAgycgSISEQIAyZKUGpEVGjSBqHESkKksiMIimiVCDtUmsUFQUYyRChTIzBpJESlRAyKrXEMAxTprOZsI1AIcK2nBbZErlGCSndJLW0pFBk2rhEMSBqkSIUEQhAxoqIUiMQsq1SS+26NLZLLUrbEAoCkzSBSds2gCQVCQFtnDJbSJYx6VRIkiIkpVMoVAwK4TQoFBGtJTiiKgBLUSLa1BQSRJQIGVRUo6gUbEIWIhRCzpbYQum0IqQS1fY4DJmKEHZEsTNKSaO0hRSSQpFOpJYtW4ZRVRARhaJpGGpXS4QjaolSqpBtZNKSoMjZPEWE00gRiqhRQzKm1hKKCEuhUGtTQhQJIaQIFZWQ7SCkWkpL11KldDpKRWCjKCVA4AgiSlcrjpATh0V4aklmhBTFto0UKirIttMOWxHpUqtQBFgmFaXUrqu1ZUpRoxBCNnJr6ZQkCQlo2XBiIUkSRCLR7GxNilSbxowiSRJSlAiFwKGQhJGUaURU4UCEjNRahmS31mxaM6HESlxCSG1qU2sqOJuhKMbWMGGaXD79Uz45TWJjKQIZCwlNdhhkJAWkQ2FltkTYsklnutn0tTidJgQEComQWstQRIQikLqu1tpLCqQACWwjgcAZIUW4QahEBTtRkIBUFLadRpRS+loSSumiRNpAlAKKEgKwEbalUkLisgQlKQCXEjIKqSgkbOOQpCK5kUVh5zQ244iCbWNnZmZLTIkAiRCkKJKVWC2bEzlDERGBStSoJZATFdWodrOppUQpTgsR2NmaS1cySTuk2tUo0SmiBpTmhpEEoGhjppssEFKAAUkROTUiFAVbCgAJ0sgmRUTICEw604kDZ2umFElqrRWFMTZGoVKKkCEkUbK1EJKczbZtFMKZKcg2KUoQSbaWLa0SQQhFKSWE0kZg59QmJDspCimiYALSlIgSBRRgO4rSykyJUmWH3YBCEVIJCZpRQpGyULLZ2VJE1JAkSAMCKUJKo5Bt2wUZZ1oKIDPblGMbQupqhxQSmIiCIEQQaSPLTiEEMlaIKFUKwjZOl1IkOWnONmWIWoIIGQy4eXJTraWW2pykJYBSIlQwQrVURTinUgKkEGSJoJQ2jsYRCmwisA2hoqg1WrMzUbRMO9vUbJeIUqsxVgLpxIWwHTUiIjOLVPquRpSQbRljMm0bwKUICYNkU6IYAAU4axRnTtlKhCSsxJiiIEQgRaikMzOncVJERFAi7QgnkrAV0jRNgihqUwNFlZOWKYEFCYpSZEopKoHVsO2WLaKWEhIRYStJobTb1JJ0ZrNLRBCJsyUAxqTTOFtiArKlBCVklRKItMmMUu20XUIRkRIgGRGGEBJ2y8xGhFBYdhMYQwgsFLWEhAhF6WoxtdZMt9YQJYoQslBEwXZCSAq7YbVpclJKhCgKC2ysTGoppYZCUpRCJgaB5Iiw3VoTAiJklIDTULoiK7NhS4EciilT2FZIJWqmnUQEICxFRASe0kIK2URIAsluNlUiArKUatueqiqhQAhwKSJJY1KpEFLYFsp0jUqJIjJxZssUlChOSq0RgZU5kVZVrcUGO2qAnDZgIaJESOmcxqnUUmtXS7ElGTDZsiELQZRQLcWQIFS7aglna40EMLaxCALJCcaSokIoIiwkQWbLdC2dRMs2tSlU7AS3ZreGEkuEwobEgii1KCRhKSJCOaVCQJRSIjKtCIdJWjanjYQxUQIiM5Frqc4cx2lYjyjAhohAtKkh2wSKWhRRIyKqwMZyOguKUoqCUARCtglF4GaDFCGls6WxkaUIZKezpXOaWq1VUiCjbBnCThQlAjsiLMZpDMkyLROH1LIZahRjbCQZ01arte1awraQYGopEqwIWeCiSJPZpIgS2SaM0DgOpRYU4zBgg0JyM5IkhaZplLGcBiMBIpvAISkilJk2pRRJpIsiFI0gW8tEeLKxTJSiCJvE4QxVSRFFJm1Q4JYOuUhSAJKAdEaEpJaTUg5hKVxVDTgBG4HtCCJkIhSZiZxTU4mimk6JKAW7ZRoHUUqUUhxqU7ZpKlHAxti2c3JGFgU2liIkuSWgEKmIkEGShGRntklSa5MzCUUEUkREEYATrBLOFIWIdAqsAAicBoVCIOFm4dqFEUYRKHAjLQoSUrZ0WsWiZE4JRjUKkkoIYVRDNrhEDRXbgrRJErATnK59rSqEDCaNMgmRljGZQIkISaE0mU2iKBoWMnZaUpQuBAEOAGdzdqVDJqKAEFIbG6JKKbBJcErFTiSF0hkoityMlGnZyMPUSkQ/62VAKioqpQTOiGpnUEKapnRrUpQQQlL59E/7FMKyVYogjSNDhSJhKZCiRDY7raCoAzfZtpKkYQlHV6ZmZyOKAgBnTomssCKcTQqJUqvwlCkFxkIghQQRlsg0GaEIOZVuLV0UIQyAnXIQMdmZGYGtAGQkshmQMnNqk1RqiTa2NrUoynTL5jQQKqGwjEW6taYIRZDIGEjSZGuSwCJKiXS6pQjkiNJIZ0YJGxkDki2gRihCgQ1FpdQwRioqhArZyMxhPZp0kkytZUGqJTNVopbIbGRKIiRVOcexhaLraggSkyKQJdVapSDTJoKiiBK2wULZDCiE3XKiZe06RGZiopTSlczMdAQoZKbmkGotgGU5ouuMMchCKmGZ9JSJsRU2BHJIjiglIiLTISIiJElRws7MJBRRFKEIIBSKEoTTUQBJQaQUIDACHKXWQCFFOFVKkEapKMYYpBShAs4GQgoFUnS1Sp7GaZwmSRFRioQUsu1MG0OoqEPGNlJIXVdr10UtQpIUIZDkUGazbTtxlIgITMNIta+2beMMopQa4dYSFBGlyKFsRgQgEZGZSdbaAZlWRInAEDKAEJKbM1QURQYDIlQiDNhYQ5vSTVEicMqejJwmIkIWESGiRITCzlIDCZqkLmr0xXZQIgLJEQGttUxsogRgZKcNCQpJicHGUUUSkuSGpmnM1lDUriDcEhGUdJoU4TSksbNZqBChACSEUImIWrJl2tgQCgnZSJQaUQMpTSlqY2Y2hQBPzZmhUqKEUBSBJKQSkZlOB9SIUiqgCItIq5TENUJRDYVAJd0wJiIiFEmTQnImEA7CSGR6mtLZgmIMIqJSLDJtiCAQEWSiEBa2pAhJJWJykjY5tYZTpYZEUmqRsFMhATgiDLWWqDVbQ4EaKiUKIkqncDYTkjDkZDsV4MhstYaiKKSINM4mSSXaNDVPochmpyMEmWkpQk4sEyoqEVGixJRT4FQWRJQkbUoEUYSRQgIUISsKrZHZIkKiRCiqFKFwyM0WWBFFipDAaQEoQEalRIRUS7ZpWA1E1FJq7TInQa2FUISbwTY2KipINkbOlpmKIqczsyUhpzOzRCklMHYigpLp1ppKCSJbGqMooUAKhRSSm9MYkGvtWmvGInC2bBFShLAkSDudTQRQSiAMkmqpoSi1KkQgRS3FSEUhKUoJGZxZSkmBkytspFBIcjqqiiIUmZYUilKCiCIRQuTUpnFUKJNSotZSKiJqVzGyqApFIBVlNoFUjIUsRwphqxRFSJIUtqOUQjGWFBEAYpwmbAmplBLY4zhN2UCliFCJQLLTWBFGQSAZO1u2RhSDm1EpkqWwJEmhEgqlAWcSVbV0igiiYaczJ6dLKSoyGBlwc7qUkmmnm0y61qoItwxkAVhEQARpUIkotdq4NSlst5YCE5JJS1KESGeCsYxb2tiotUkqgqgRJUqpgnTKVqmlKkJO245CYBMBlIJtW4pMK6KEMt2yFSqFUCgklXRTyGmJtIUUSDFNzZnpyU5sEBBRkEWJiGa3qVkWKqVIQWaESq0tE1GiODFGQbZ0prEpNULKltOUIRG0nKIUZKmElC0DRVGpXdRiU0JA4ohiO0qU0pGepmbJnsKkE2M7sxVV2+M4KlSjpg0GCZyWRGZLkBSkU0Yim6VoOXW1kk47SiCEIqSI1hpCBEJoHFq6GYlEQgSqXQ2FcaZthCRwCmyLXI9jEIQzbaO0FFGi1CpJKJ0KSZKQjCklJKyQFBERQWuK0mwJoJRw0lraFhhqDWNMpoEQEKolpIiQlICpNcJRupK2sYQtqUSJEgVMUEtRSCVKrQjh8mmf+kklwimhiIBAKpJQlBKiSK21TKebFBGRObWkllAQCoWlCIqdtau2szmKcsr1sF7MZ5mexlZKETTbpFOYCIVCElKEQooo0zAYRYQiQGAsWUkiTVOzJ0VVkeypTTWiNdvNItNuNplJhECAglJKRCRJOsEtJdUaTlRUKREap0kmokYphtZGY0S2hhQRUcItE7BBJSQFWAiw3dqULSNCwjagqlIqIBEKOy2lG3YTskREIUotihRtakWhEDCNU2CpRKilW8tSq5CVgCQL7DSKkCxQhEKQJlFIKBQobUVVxNSmkANJKqWo1HFY2y61phUhES2zr12t1QZUSigkySAESMhMbcrWQnI2gFCgkKKGkElSxkFxIEIQJWopiBAhLGyIKFHAIUUJSRFFIZNpckqFSilRAkxIEkKGiKKQpLBtIFSwAhSyUygkJJzGNjbgGhXJTrCkKEHD2EZE1CilIocULg2rCMmhUEFgFwlhgyIknDZS1FIQTtdSkjSELQXY6XS2bFJgS4TUskVEiQK2rRIyAilKrbJNAsYhNSdIUhrkbCkTUeysEY6IMLbTEcXkNI0RUWvnzGxtbBOJnbWrIYkIKTMjbClb4qaIzCailIhaQCJs20YURSAUhANZBJKilCIcpQhsCxAliiSgtWY7IopKrZ2QwiYk16gIO1traVSihoiQVWsJBSKiRIhUptbjug2TIkIREUUqUtrZphKlRDTb6RJyYifOWgKU2ZCilBKMrdmJQiJKGEcpIEmqCgmJTDupEapdqQoZsmWSKhJhbGGnnVJIytYUIBeFcWamJYEExs60LMstG0II4ZRpRgLE1FIQgUSmaQaMMImcjXCtVYiixGkwJi1NrdlZrGEcgChdKQilE0sqbpm27RIlaUZOItSmCSCEjaIQEaQJRem7UooMggg7pzGjRCiMg2LZBsBkthIlFBJpZ6ZsZ7NCshRgKSIUQdpTa5IkJS6lypHZggQJNVIQCpPZbDIo2IhsqbDtUCFtpwgUUjodUpSiCFsymRYiwGBJSBZKJ1hShKRAMoBKRERJ0jYRkjM9tlGoqyVqsa0I0oAIQkjTNDozRVeilAJys4OwjZEkSghKuglJkc1G4FJrLUUo7QiFQoEoYdLCSRAEEBHCU3ORVCKnJqeNJDsVchrJuGUmhAI5FMYKRYlaJAUgK0pEhESJElVRilMIkpbNQVFYpFPISUJmttamaShE1BpC0JxSREgqQNjGGEMaYVCEpFK7LiIwmSZUonRdRYBCIhsplZBlJ4HAThHGJcImSgFAIUWpCKSIkCklgJCkAGxTCGS7qzWiZiBHhEBtmiCiFkUMwxBFtRQpnAanXEqAiipQSthu2eRMMzmdrqWoRAnVGqjIzuYowk47ApBtS6SliFBElCiSCJy2yXFs2aKUiFDpQpFOp1GAQMIqpURkNqdVpYgIZbZMS4pCEBJI2VpmAxEAMlGEkWScaYWNpJCxLUkRaU9tKqZ2ndPTOIIxtlQkkQ1FWC5RVAgJZLt0XWYLAoWdaUetAc0pJEfmZBtkJCyEbRwlcmoWnaI5FSUQcpQaAouQUK212SEVyc6pNRmVyHStkYntdCqilIAoSkVJIEotYYiQE0VJUraiCKa0TQm1lrUW25mpIpOSpJCMwVYUKTD2ZBM2KFuqhEJSQETIoUJRUbZMKF2EIp1IaUsQ4Za2QViTM4jWErCztbQA5CylYgsMTpUSUYvSgNOtTYAkISS3hoiQSsgZEaKkwbaRgCihdNoNgkKR0thOp6SQBOWTP+kTESTZGqbWUksFA0a2pjauhykCRZRSEE4XCUnUUkqUgmJqY0QExWoyKiWkCFkCRWBshVom4Mx02tkSTDqi2JY0jU0lJAEtM6R0zvoqhaQaoYiIEE4RlqPUiIho2UAqRVgQikbKFCmiipCE1JVSao1SlFG6IsCkW4katYQsA5IkCaLrKjgzg8hM2VZEFJCEIkqUTAsUEaHEMgLEuB6FFEoLPLWJBulUMjkiIkDRpqSoSrXUqEJFkpVOVCJt4RIRiqgKlZCwWxvTlBIyrbVSQijckDJlG6eF05aLlNmkEIoiUSCztVpK13cGNRAts0Skc8rJmSoRAcIminC6ObPZ2C5SRB2nKSIgjFFkOooUUWtE1JSnYcAZEQrS6XSIKY1tUSOEppxsBNiObJMNsoUMRQHYloSwDWFoUyPsJFuTJJBs26SMQgUBIqKWEHIiIeEmVUWEAindQIiIUiISy4qIdGZmVQGRRAg7JytQhAAkSRK2asVWCDuxkxIFA0hGpFUKIgSKapDT6ZYp1NXOCIjaKRQmnZly0tqkkKzMzJalKGwUIVlElCghUJRsLTNLlCiRdqlFBIp0hkKlRKl2KorI1twyI0pVDUlS4mIppBJtamOb5ETCCBCYCAlFyImzgZAwaQxkKiJElIrTdjpLRIQkogTC6aJQKSgzLUVAlKglbJkUihJFYSnTIME0rbFLraXWKEqsJGoHlFIMEQKFlNmkUKhECKVBlFKEx8kIwGkwkAmAMjPblBKldIgI1VIlWmtTm2SVWksJAKdQiTCEJAs3wAqstN2aFBEqtYZqFOEgUIANyjaFFIRlhFApsR6GGqFQqGAyEyghm6i1CIRslWitZWaJCEASKB0SCruVUvu+D9EyAVklQiLtKCoU4YgiSKcBFAoBRZ6wW5QiSRFCpEHGgbpSIiIUpYRKlAiszCZJ2FgKBWlFlMAKRQQIW8hA2pBGkEkpxcaZQiJbplQQ2BJICmFJlsIiSrGJIFykEKQIotSCCIWChBKECsrMBCQ5qbXYhGIcJlCRjBQREiJtIduAsxUJy7ZQibAJSaXk2FoSRSXCdpJtnCTVrhe0TCScxmkLoutqSKoiUCgsRbZmHKFai2olc5oG22kLgKKS2SYnIMmZCARSREgA4chMkKQoEVFEKGQ7rAgFksgGkkKAhCltapktbURESIqQKEpCIGU2SVgqKF0jHBIhUAgUBKGQFGHbCoHT2MhpGxRguU1ShASAIoRzarYT0deSMkktYTdFKFQUCmwrZWNUuxK1tKm1bCVKCNNQlBIghQWSjJCEIwRYBEhQVFQpIhMkyThKINcoQdjNjlKrcMumUEg2tkuVIjC2IwJkOywFESHZSAgymwlJAbKxBSiiRpHUsDMllSgoi0JRMhOotSJABSGUlqQSGIkgQrRsAgMmIrBbJpmlFiyHsDNba1lqiQgIu6GYpgaiNeNSC4ScpVSDTJK2cmqZiRxRkBWqXY+QTJJ2rWFEmhIRRVEioFFrGcahTVOtpapIkkSIDEjLmekkaokIocyptYaQFSVq6YxymsZhmDJlQm5pUOmK7TZNkkIaW5OiqzUbEQGIipNQRMh2SMpQzXCxQlKEJEIFWmaJoig4bUBk2kaUUsFGkkChUiJkqaslQiVwjm0KBaFSaoQyEyglkGwMtXRRhCSbUChaayQI0rLsnFqzbeNsBVIG11JsEwQYau0UIElYEBYGErthGzCADNnScraWiTAqIUWEYJwSWkQNKZ0AtknSNq01nAqpGdyc5VM/9ZOKKiKQBemWbZomMCAxjlNmk6KUKiRnlKIopZTM5mxGCjlbEOmM6Gxok0oppeQ0FRWVMk2TRJRwZkQXcpSQhGQhgzROU5GlkABJMa7XCaWUiNLamAklhBThNIQzS40ohEqRigSKKAQVUYptbEAREcrMzHQ2hE0a2VKAG2Q6MyMAA6WUbFNmprONTQJUS8G2UoCFyEw7oyhUpBChoLXEbtkyp4gCKVRDRClRokQjE1prtUSJSKftRDjBoVKLQGFUIkqElOkokRYYkGUsaC1xJmrZnDaSHIqglBK2sTMJqdaSNhhDutRqa1iPpYakAEmZDpuIGsJka7bDtMzWMrNhlYjoK6GQSiklQgBkw85QGNwmyUKhkITC6RDNkClCEc3NExJYtm0Zh6QIW3VWJSOctpEgIhBSOuVEpZSQwraQJIxBKoDB6STJBJVaCGWbpmmKEkUFIaeEVCSRbXIznsZpam0ax4hQFEEUKcJpy1JpmeM4ABiDTYRsY0vFSYQApwiMBLWEFDKO8DTVEiBF1Fqm1pAz2zRNJQLcbCBCpQTQ0iUkADKzRFWAACfpZgiJUBiQiopCCEyESq0K1RJOgAil5Wyl1IgoRVjGtZQoJSJaJqZGlFKEikQpYUl2kk5ZtVZjQpKMQkSEDXZrLZ0tiQjA6Ww5ZYZwOgSSMKa1rF1BESEnmZMUisjWrBQEZLbWEtF1XZ11dpKElM6cJkVERJSC6WqxRMuIEkVCSJIjIkLTNEWo9n0QSWamQBGApCAkAGOwiGwpAQbLqn2XbqRRiQiHZSXYNlatgcChEkWlFBR2SlYpkkoIO5PaFyCRZCIKUghCQa1dVEmBABBSsbOUUGYaqWTLqU2SHIpSIoSlUiRh0kREKDKNKVWZQqkgogipKIRxyxYKQFKtgSgEEakMZKMItzZNkyKKQiIjJJAy0+DWUpZkSKyoctoZSFgKQFHszHEyhKQiKYQNRSCmqaVbSBRJKqVIMoCEnHYmigi11pyJAqyIEtHcnFlqcaasKFEkp0PKTBMRSCEUERESJqJEOCcriuTMaZrSrlHTKUAAkqKERGZKqrUoSpuaimQQSJ48tam1rLWGIltKRkQJoJYSIbAisDObcZvSNkGOCaTdMp0trRpFyKQtK9MiM2xJFqDMLFLaIUuyM51TaxFVIYydOBESxgLLiWWMEU6yTdgRISnJMFFKZmvTRChqwUYOBQKDbSCFiCqbEiW6EhG2JREREsKtJTaEHBE2kIntzOZa+yBbOjOhiZAtik2mhSQ1N0l2YoEIkIvC4EzbRQXsTCc4JWG3tDMjhC2RCagElqRAoczEpFUjRNrZKLUAdhBkgnEmVhQ5LSJppFubShRsExC1hAErJEkQIIwBRalVigKEnBmBUDoVEdBaZpsQmSkkiJCglCrn1NKCdCOF3KaWrag4MIAiomVGKWES267RoxyHhp32OE6KCJVai0SbmhRVihqKiCjYcqiEhEpVhNOSJSFKFIWyTaWrXZSIQE5bSRrJ6Yy0IoQxCmzccppaOmuJiDpOU0AEnqwIKbquRhSBnc0UhSjgUqqCcZgMVgYh02zbUoSUaaejCKMoFooSoVpKqWGnimopUrFpmRWpklOLKA6w7WyZiFIUUkSFtBWCsE2UoGWo1FKaXVEpMpQuigqyLBuEhNOAImqpklAJCSFCsp1CIaVttwYRESGFJTItue/6UsvUpq6fYaNQYAhQhCJsO11KscGOUmW3ZkmqilIk2UQQIRxSiDRky4hQRLYkhBACENhuKIRDRU7bdLWWWmst4NZcPu0TP3FyC4miQK21dArcTCjbJFNqzObzIJzZnDLGU5taSwJJApqnNnVdraW01gx2YrJZiq5WmxBRaqBalAgkKEIqmNZaOqNW2yJU5GYFtRSIEkytGdcoQ5sCSingkJDaZDsVQkyZRQVSpQhhJ4zjpDQ4oqRTCoXGseFWoqbTRrYUxsa2p3ESFkEpNUoIRVGEAiAsh4wF2EhFJW2FItSmLCVKKSgys7UWFCsVJSKiFBvsWko6u1ptELaCMCZbiTI5bZdSMjMzo8hpt0xly6ylKoIUiqgKwnYtNSJKiRLFwk6kkAhsZElgCCNKqc2WHFEyiQgK2bIWSu1KCZAzFVGKmglUaokomamIokBkS4ylbM3pqAqF3aKWaRqxIgpBSEiZKQWYKKGwkUJSy8myEEJQu5qZkACZhKSIEkLgdBapqKhGiSpFKcKenHbaCmy7tamlMTXCyE6BQiBFOJ1OAaGQiCA92RgndkaJrlZCkgxOu2XLViIkjJ2yrVICkFo2cJqiELYtFBWm5kAqUmS25sSeMkPFspGIECKwI4pgmlqIKEVEBKV0pQSICJWQRQgoEopQGEza2FZIOJsxrU1IEQjZLZuldGIB2CBCGJK0MxS2MxtIYam01qLIUqbTLS1nQ8JWKTahcKYkQiEpQFLImZgSkhwRSWJsJRlRkDITgxKKwmkk0hak0zZJm5oxhKQotUQY2zYupagEEq0ByJnZ0tgAimyZtmxFUSgiEmQAhDNrdM2WQSEgCBWJnBrYduY0TS1E180iit1IJSlDyBBEKXIalJkKSWEZYzkkARJTphPJCFmoqBCA5ECywp662kVoaulmg0KlFqHMRG7NkEZRVFSihCAIcKYl2Ypw7WpOLVuLKoXamOO0VhSMndmMCMKS05JKCdu2RaTAznSEQkLppLVWSkQUS6TtBOx0c3OWUkIFKBE47QaKKA5jECXCWAqkEqEAQAJApQS2W1oRUYqUWDht24ESg2utMpaFIoiomS2dbZwoEVbKKZHpJLEMkpBE1GInKYOikAkyQq4qk9s4tqihkJ0KyTKkUwLCthRG2Mh2IEIhyHStZTbrAWwkooQiKMZEAJkWYAM1ItPIRYUibFsoQ1FKiVBLA5IwEZHTlHYpJQIhSTYKyQUMCqmUjkB2LbVlMwimli0zomCFac5aQlGEay0SQhSqggiJaWpp1xJONWcpFQlMFGPsUkNBNiMM2JlNkE7baYdCCoUUQagomjMoKuSoCFSUma01pBIlShiwJ9I4JERmOqUSSSoohFQiYpomi1ILUlEhsOTMiNKyAZlu2aaWOU4GZDCKEpIiMy0wtltLCKC1yTjAplZFKQY7UdQSaWVOUrSpGRFya3YiI6RAJBIGYzsCk252OkKJMQRobEO2VCk1gqhpQk4IiRKSMrM5RWBHKEpMrSUtVAgpwi1tKwIMzpbQpJBobap9V0tRSEQNla4i0gYBCsklsIiIQESEDU7Stlu2GkWEZBEtUw6DM4G0TZaQjRTgnNI2AMbUWVejQCAZuxlARIlQSMYolDhK5JRRSggLmWGcZPfzXlG7rqqUiFBEOmupiAhlZoaKJBGolGLASGRLIzuDLKU00kaEhBKCbIACQRimTGQ3Wy4RIkymQErjzForQqoBSWZLSRIBimKnjJK0o4SkgojibK0lTlvT1NKpqJjmSYpQKMK4RlUpEVFrmcZhStda2pQiFJHpxG6ZdmIyQUFRBE4JKbAjSiklJEUpRZlWqJau1OI0CCwUJSJCQpJFFEVEsaKEQkIp28aaxokiHV66mJ7a1BQh0XVdIrdJinTaDhXhEiVljAFbUimltZbZaulQjMO69FX2NKZK1MgxFTiiWLjZaRXJgFOqisQmA9nCmZnG2Ioa4KBTnXJMEyVkTc5pGuTo+ypkMlNTm0pEhCCcrZSiQjYbydg4JE9WFJTZEkVICBTQyABHKJ1OIwmbKOFMREQUleaGJROhtNfrwWRECZAUpYhYj0fZVGvYSGSqlrAdElHACuRIN9ullJaZaaBIFuOwrl0nQtgQUSTkTIqdYJNphWQ3pxVFGEJYIaE0Eco0UKqmMZ1ppwMSgiBC2LKbJSxQhK0oxhIkSBHOnFqWiFAgZ5tsKKG0SmnTNI1D7ftaS9pC2GlHMmarpRKexpa4qBQJoVoDO7Olo4RwWpkNZ4mC1Vprztp1skuU5jZNLVDUEIEIKTPTRgAlKhgwIgETdqZQy7QtRZSw3VqSGV1IpUakHdCcsltzlBJF2VrLpgzVImcqiiSRziDSGQoFOTVLkjBGUopIjG0baJlFMmAbI2VmhELF2A0FCENYY5u6rppQthKFUEhtak0msbMrJaI0O0JpC6XTNk5FycxQIGMUkW4yKEw6CSQJOY3b1JySSunA2RpEqUV4mky4U5lyiqgStm2aW6U0Z6nFmW1qBLOuC6nhzHTaRlJRWKEwwpMRpURmTi1DCoXtTCPbFipFKckAtksttp0exwk7ao2gtVYUmaAstQplGgmnRKJQIGQb2jTVGiZsgyTLQrKbkAEUEW1qzS2QYT2su1IVilKw7JZ2LbWIFNgQzoYwIWcmtYuWliUZlfSUaUldrTKNdEtbESE5mydniIiSrdVSiEhaUSTCzkxAQpblMEObglARDremoiglW3M6akzjKFNnPY5pWteoUUumIYWmlsaBDLVGpprHIMBSUdhpQtikFAU3A0WRJLYJhBDKzHUbi8IQptYihSTATkRrCYhIUhCSomRrUxsy1c86p2WiSKW21sgsXXUytVGUCIBsU5TaWgMkCSlomeFQCEjb2Sx1tY7jYLtEVUghEaQzUpYNIhRTm5yutVi4JchYkKaU6KKM03oYDdn3MwTYtoHWpsxApdYoBREmbdvpLFKoIFkoneBsFqA2TaVE7aoyxjahzLRQyywlShTjbGm71oLVaDlaBazWpr7vSqklyjiNU5uwIfpaU2kDkuS0JLChKFqmgMK0nigKqLXDbumw1RWnm5sy0p6mUXbXdy1day2KxpRNgUcjT2lFBKQIKaSMKG0YMxSSQhinSy0G0unEUolAptmy00YiFIhQAdIZRa0ZHJJxSDgcTMMogYyQA4WztakpQlKtBdxaShGiOUkMEUIyJtMZCiOwDbgpOglDG1tXiwWZUyNKiiKUdqnKpJY6TkPafalpS4AyrSK3piiS5WIZNTJAU45KqUQQU45INapJFIFRDMM6okQAjqg4WyOztcxaK7hIaUUIyUYCp4QdUxslQgUUQaaiEBHjMBhsMjMcUSWFsO2pTVFKiZqe2uiodF3fplRIkC0TImQ3LIAiWlIimgwqGEgkG5UShjaNoUAhaZpGrFJCVpRIZzoltSkV1CjjNBlCSIqokqextZxC1UoBihKhIje7JQJAIZFOULYmQLQpFXSlUgoKnNjTNAUqs96tCSG3lkKKmMZBJdK2s0appQ5jCxGBothgO1SktJ0p46BEgBwolZktpyCihhM7p6lFRISKlDIZdirCaQpFsgVuLZtbWKUEAUlmkwrhbLYNgVspRYqWo1E4HCaJUiLUpsk2NSo1aUWleYqotmmZstOgzMnErHbICCns5hTQSFpaCoWdpUSbUiWKomXaKYUBXErJKV0yHOkERNhZSokIAyjbJMkCu3zGp3+yVCJERFFIYFLIcrqUUkLNnjJJBJYFCjnd2mQhNOUou0QBFCFFtpaZUgACSGMp7NbSRSFINxwRapkmjTJblJoYJGlsIy0pIQWeopaSqn0RQURmttZqCQAb3OwQ2ZTOULRstpUZEenEgVS6KoowkE5JRRXJIlvaSCqSm4GIaNlaZkG2pxwzLdtQa1drlTACKyIkhaQSEaGwHUWSVIrJkNJtmibIdEoBpqUzFQJPLUNCciqKsE1mc0So2DaWkCSBkKJIMo0oWARC2cbWGiiiYIORalQVYUgjITJtA5ZcohZFy2lqWSRjIUSRJIxtCAWBlGlhFF1XIwqmKKRiG2EDBjLddTUiwKOz1i6UrUkRJeRUYCHbhLCQFKWUEiLtdEpCUimZtg1GQTgUUiCnTbYEQAJlJkiCCGErIqTWGjYlZDKnkICpNUVIEYHtTAssaglCgBQSEmCkIgHGgAQKocwsRUi2sVsmiWQEUpQaBCZCRSWhBlKxCCKMnYYuOmdrYGdOiUSJiBKgkKJM2aZxSDIkC1CNQDKm2dDS4OYpXEpUpa3ARmqtSSq1gtIO1RJBlK4WY0lYpoUC0ZxSGNsWBhEKMImRBIqIZoNCgVGoRDgCjB0qBLZB4zRiSkQ6EaWGDUWdIpOIkHCawDZgpxSlhjBEUZQSbZqI6EoVJdXCdlGJDqedtJZYilqqQWBbArAsSaal2zTZ6QYYrFCNqKVYKqWEpFBVATvb1Jog02BFCLBTmtoYUcAC2clkE1ItJe0pW4AFcmamM0UtpZRIZ0SJIrDTmQ6FBEYYIUkEoQhhO21cSoAyW6ZrF9moXZTaQ9oOFQI3g01mQ2GUTkUJScJBLaUY7LTDxpmYCIwzM1SwEGFFRITSpJ1usiJUIkoEIduIzGxAAo5SBAEWTpwtnUJRsCWSKIpwM9mIMMIOSRhFYqRQSQxAGCRLQdAybSDBCAikCDKJkAiEZFmtNbAtSZIUEYAF2BkRJULysF4njighqxScIDLdnJml1oiCQcIOB8JpCUWJiMxU0FrLllM2SZJCGCdkw3IpRdY4DCqhiAhhmlOpKETpbNsCt2yCKFVClHSSDVkqESKKDQZRpFIrTiMy01lKoHDL0lXAdjrb1AiQAiUOopZiOZ2170oppQSkydaM05m2rSyllAg5FDIphW0L2+AgCKSQIJXOtF1QWlLaglIKl6mUzGYZaC0FYEyEMDYqgY2NyCkVEQghrFL6vjMANhJYCCkEYIVCEko73UpERBiFokSFTFMIkxBFkiJqqaUCtgNhK6JEAGTaUqiU4nRrU1FYRImCMhKcE40GABIlKqSlUBjbLhGW7MSApZAkgcHYGRGSsCQiQiBnGnA606oh2yS2FWQmgdO0lNTswBFVotQgQUihEgWICAVIRDojAowUUstWSwmKaZhQkAg5PLXRzQUsQylFhjZN2ZpNlOI0ciA7FTImUWGaWkBILck2YpUIlQhhubUMq1ShCAJLJTKbE8ugiAAjlRKAm1Puuq4okKKUYRzG1Vo4SjVChEgbN0tIbWqZE5CNcRxCVQIhQJ7SYEkNAjKNnWnLQgq5TTmmbbsJlRJRCuQ0NeNQKADSjNPY2iRZReFUFDuNQyGcLaOGRCaWFIIwdF3UWqYxFcVhREhRCwYcRK0VReJiTc5aQ3Y2S4oQICmdoWgtAxAmpbDJllEC0cbRUGqpUUwmKNSmKd0gaikKhCQEEp4ynV0piiJJoRBpOx0hEmeGIpPy6Z/6KSS11NoVTEuBAWOhUiphkuYsJWy31kotgmEYW2sRoWB1uO77fsJOW6qhBoFUAtIAlKjYLTOIUjW2CauEEpGJVUIRxZhGugmj4kIQThtySuTWMkJBjMMUIKmLcIQkSUaki0pENGfLqUSJGk5JlBKJEcbGchgyG5mhsNNSkQyWMx2SbbccW8spm9OohKQyTUOpJTOncSKRiIhSK7IckkupCkDpFhG2nQIiotbiRApIhBNKdLUi2thKVUgSsjAK2co0zhAKlSiKUBqBSiCh1iZMw8ayp9ZKREREECVIhQRCdnOpkS2jRJQuBAgcQkgRIUnCZEsLgYRKcWuEikIRUmC31iQJLEiSVBQUAVFDkpsxUqSNkGVonkinUUSJkCRZoZCkEAARKlEzG63ZlIjMRhK1RAgUOAmMTOJsDaII20BESEgqpdYoUYuxJBuMQAI5JGeWKCZDNSRKkU1mRCAFytaMXeTWLGfLgJRBQJpiES4Kh4MAECGkQlGRBBm4yc40doqwpFCtBRBgMlwiMhsQJSRlYjcUsiSDQqEQslAIqUipCDUkAxZFSGSbSKWbUCkRKkjgkNIpKFEQMlHC6a4USbbTCghFZkusUBCli5CmsWWmmyUriiBlDDBNkzPdppbZxiYUBVvGQmCFPIEgKFHSJCnTWiaOiL5Wga2QnEmEghI1UWujbEI0hLHTdoCdU2ueQoGVtpssu2VrzdmQSkQi5BIlQiiwUciAQJkmJ5DJWpRWoDEnjJ0JuMlRuxqWkdWm5nBEKJ1u6TQRNerUUs4oPSKzgXCUMJalbC0wZMuEhACE00BGhBWBjCUsubXaVblA2ipist0sSQYxZSsqlksUCESJMAhLAmeiUJESikIhVCSkkJA9ZZZSMC0nZzoTIkIClSgRKLCz2SAAhSIiWkuHiZAQAhRRS5VAIQXplo2wQgFC2dycxqTDJaMVQlBCFDnJ1gJqqQoiSqldCYWQRQiBpECmQVgKWQqQXSOQ7ETGRKiUTiEbZ0apUpSIUJEUIp1IkiQUkogagFtLbAOEsdIKYYzlUBiM5CylCwkcSGgiA6Touzq1zEzZEbIkg1PGcpvarJ+VWpwNOTMthUIRCIwxNrZN2tlsTyBEtqYgImRJcra0kGoUQWspJOG0sKJEKJtLCZvmdGsJJUIRtARFRDqxJVmQImSnTAqFipRWy0nQsjmdmYKIKKWICLkZyTZYdjrsNCIkO9KZmdmak1JKiUhcS42oZNZSQwFpA0iSqCUkLHJqzRkhoggkIkJRIhRIoAiJEBZGtmutNoAFiCgKtdZaG2VjQnIokAGwqFGjqo3NEimbtGsUSRGBwpkWVaWWSFpYmekkRO2qFLYzM40cUUpIoKIQ2SwJ7AkkSAkURJTWMtMqqqUDEishpAjsiFJCEumUwrYCISPZIIIIKciW2Vpm5pROFLJsW3KUolJAoVJKASxKFGNZmdnahGJKhxwSipCkgiBlcGKMoigQUatBUnNiubXEGEICJBVhk7S00pCZKkFEwTYKUUKkkEvUKNGmFooogSSpeTIhAJQoJCsxacSs60spCloSJWRkQOlmQ0jYpCFUioSx1TJRSqESzQzLVSa1KzVCUqYRmRkKEaVUoUwQmemWraWwSmRLW6WEcCgQkuTSsikoEUURKhFFRTlmlLBsoxDOJHphy6i1hmxCdpOdWaSu70pEQhSc4Cx9se1EUilRooLblCFJhMKSRIkqgjBGEQgwhE1LN7cSEpqmKYTTLZttEdDKJ3/SJ9gpkcYYUJBpQYRMZqNNoyKES5Q2tVpqawZ3fV+odipEFLdGKCJCEQKsUIkIBCg0TRNW19c0wiVK4myThBWlqwhZEZqmCUXtihyWMYpIE6GEINK0NtWutJaJI0JSQZYisEU4JBCSM20DTrdsZAQiAApSIASWpIhARChJ4XQE6czWLHWllqiW5JwyZRkLla5mtsShyDYlVqnKlrbTzVY6wiaUiQBEGBtFKQKJKEVGKEo4jSHCIWO3FEK01lrDuJRQKDNtm8xsoNJFVZUCUWtNp5AUmVOmMzMCqTiNiVKKQlJjMhRKKm1H1MSZSErbdomQlWRaERYCYUNijVNr2YQUEVCiZDZb4zi2caxdF6XitF1CFs6MCBUBIuwESxpba60ZABUgrAwUXV9rTbk1wCGhEBhJjihESAhB2umQrSgiBcY0WUZCQQKmBKFQFMuSjAXN6VBBoJAsMhOMaJkCEUBEbSQGMtMmEYBNRCkRKhHCSKEwdoKiETUUJYDAdpSoEYpIOzO7WiKqwCmwbFs4bZWqiGKr1sjmbFM2Y0mhcChCYVkqUUIKhZoB1VIUQWZioxKy3UiSUIBMSooIAxIIAEcokSRJoVBXipnS2FJJGilCmXamZEkiTGYjSiikoiBUAgkIwradrU1GYHCNYmEjSUTaWAVStrFtE8LONlkhRZFo2UIRJQqhjMQQNYIQatkaRYXS2qSIUkpIJYQARZBpSZIa2ZViZ5qWiVRqRwmnFRGKIkwIBdH33TSNLdO2USiIVFSh2tUkJSE7sUJKZbZsIUBTSzACR0SYwClFCdm0NjkokomQo6goEKGwbBMhFM60maZ1a661qIagK8VOG0mIggxgW4jWmm3VCGlqrXZhMHYCOTWHHCGjzJbNIZVajKZpbGPr+z6dzlRIipAkAGxk5IggE4UiSlFE2GlLESJRyDYqpZjSxsm41CKFSpSiiAI0KUrBzRaBaiAZQ8iGQDKpQCnbShOBQVapRQFOAQgZIgqSIgCcpImQLESEZRnbipACsCIESJKNQUWllEynE6krRZIQISEIZ4L6vks7M4WcjcwSJWptrRl1EVELSAo7My2hiFpqdKXg5nSqlCghQpJsgpAAogTCCLKlu66GNLTRmSolJESUGoEkFCYzHSVAxmmXiChF4Zbpya1lhLpaFcJWRESEJAmkABABrUQXEUWyZYxsu0QpJYhIu4QU0bK1luDMFCoRKpFpSaFOWABpSwFCkG5GNYSIwGBnggKQILM1I5QtAezadUUh3JqRQlLIqdYyJGxLirAJExHOlrYA287AkgxCtdYoQlECSmRr6SxRCQWhCImIKKU4E2E0jZOFQMgYyBShiEAIsmW2NOlGKUEJu4GiCApyFHW1SxMKOVSMSjpJR6npzJaWA9rkVIZUSnE6iqKEwQlYoZACU8LKTIdTKqBQAIY2TaUWQoGwkUKRmZIBSSpEdLYBp1WQSjiglagpSiiddirCSXoKRSlFwoAkmKZmZ1WA02BRAqdApRSF0woJOZAC4WyJMzNbqiiiZDakUkprrZZSu2qAdJLNbRwjCBXVgq2iWqLU0nezqKUUiQgJYxylRi1AqUUgSokSEUKIzOxKjRIoEEURxNgmZ3Zdh8O2pFCIUqoipBBGRZnGaWNnLRUURRGKKC3TBhQF41AgFYXFFVKUUBSckkxSSoBRIJGZgZOQWyIcKlaEpKBEcTNphCQ3lb4IoXCmAQhIEaEQbmnc7JCiVNvKjCgquLWWaWeRbCFK1yMgDTYW5dM+9ZNCmlozFlKJEhKKEBYgoy4iShel2dhO2Q2766pKEVmjTuMAoRB2a2OoKEpImUgkOWVmZkglChIoAlsyaZcI2Z5aKKSIWkJy2rgQIcZpCklELRWYWuu6WmtNu5YyOWUkRYRCmc2WEBCSAiOTnrKqIyTRWgZyiRAo0shIoSiyp9ZCspuMVBQqERFhKEVpz2c9NpJERLElCbuUCKQgrbSnnNxsZ5Su4BQCkiZnaxIiJKVTyEahErKNKBFRwjQ3ooYkUMrOZkW2JsLKbA2wk5DElCMNkMQ4jSKMBCpkswEppFo7AmfaSCQiUxEKSwHGGSFFREQ6AQVWINsGKaKGEoekEiTgUJFswO5nfYRCsggFipDtCAtI4UwIQIRtiQhlpiyQQEiEyWxZimrtiBBpCacTByJJCEVgSyYiSNsp5JDTzjTY6jopoRQQCYlkkKFEKRGWFAacSBYSRBSgZUOKEhjsTCtCiqqQAJAyU8JGkpBRoAyVWooic6JEjSIBtkLZECGpRNRoUwIEUoRCJdKZluRA2RKULYWiFknObDZ2RNiJJIwQyBZEDXCmIwSkCFRKhRyGgczSVVkBtlBaCmSjUFiSJDDpjFDUWkqJUCmBws6u70C2mzMklSilVMkKbEFIKIgUREREkWzboqhIEaAoER7W49imUgumZbo5qqKUUKEQSCIECpQ2OKOGFLWLxInblKWUgqKUUqQIGYUQJUqq2WGnnUQUaIkgiooUJbBzSssBMoaIQiDUMgFQhEpXglAJCUGSbsaWopSICKcJpCjRSRlRQmFFEVIFRwlC2WxsIiJCEmByyhRFIStBoCAolECupe+6KtNaQo7jlGmVaC0hS1RVFYq6yLSbJbpagRJlHNO2cNoYQwCK1tJYEhiplBIlQiEZlE6plBIJiihFmUaBsN1aC4cEaYVCEmHITCmKwoa0cTJJ6muHSmYKbGc6nC3tdERERCAkp7NNTqvImS2bMxwZlEYDhUBRirBMRkgKjGUho8QSVaWRgiCMnClIWyApQhJCUuDENkQJEZJBoSAi25S2nSQRJSKiiFBmOg1IioiIEkVuzrEpnBAqKhHCzszEjoiu66RoLdfDFFBnXTpJDNlaOmVSUSGTAEkKRFjqooAwCgEtmy2CImiuNUI1c8p0jchM24Yc06FSa6mlRE1nQhcF2yikEpF2Nuy06boCOCS3dAqilJAiFFFKLSCBgbQiZEvCSIBLRKkIpBBVskUgiJQjjWKaWpQiu2WTiFJAWBJpSAMqCgWSJCCd2ISmqUkqkAJAYEsACrXWWroqFDJGQqolILJNaaJERAgJKSRF2m4pYVk4W0aEQRCqMgoostO2hKKEkKQomUmoVzSnICSMRBrJtnJqEWE7QWFQINvNU1drZFiOUiMCpdNSmLQkkAKDDXK2TBShCBmTikJ6zIlAqJYotWQ2pxXCcnoiccsEpw1EicCJZFpaYEm1VkHYzW5O2xgQptaaTpvMDCEF2LZKGKebcKggiAINS8hYqCgIArV0gBGhQIAAaZym1jLTNsihUqoUIZDCkC2zNeQahaj2JJiaSSOBohTVCFNKgDJNIClxIImImFqCjbM1t1SNvp9FKJudrUSoCBERmJDStgGlM0qUrkbUkCTc3EC2LckI7FCRZYOUOWXSWhvGdZQiQ2CTbiJAbRqjlNZarSVKSdt2KOypqGAMrTUgSifR3CJkp7OBx7EhRxoUkjMbdmJFtgkJu7XkCodCIEHpCjJ0BUxGlFKKRCkqn/7Jn2yIUoWlCElIIg3gdJRaFBGR2OkoZcqplC7dcFFJG0tEREFEZiNJZbYcx1HCaZVwZiiIsJ3ZQhEhJCIkybkex+amKDhba1FClg0BkG0EIU/ZkCw7bZCQVBTOBEk4QVFKpC2BBFFLiQgpokS6Ta3VUhRSZoJbIqdBBDaApCgKh5yupYRkKCUS2jSNY5MUEW6pUpxpE5Kt9JRWZrONNOv72vXZWrZUhEAROTWUothpYxuctkAKkLCkdKrR7BKhUKlRIkqpbpm4lpCKbTtI7JymFoRKmVorUYpUFCpkIkiiSqVEqdXO5gyUmdkSrJCSUrooYacUhMJIkgIhK0KSJNm2kYowSGASlCbJWrpaKqE2TdkySrXdsrUpFUQpiiAB1RIgcEgoRCAMIhWS5MyWaSgREWEnFpkQEgqE06VIEQVSQTolBZHhopCIUiRJKHEUsqVtLIwKGCQBVjK1tK0QaSeIghSBVBTpjIgI1VJVFCHAKKS0M41tSyHbza2WKjCk01JgI4lMh1CJzJymFhG27TSSCAUFm1pCJCZtoESNGuCQDDYlwnZEOA20loIghqmBo1SHqiQVCdngEoGRFF0VMpk4IpCYspGBkCJCIYSzTVMqAKUn21ghSu2crbXJdo2gBAkkJSKEbUlSgChCIUWJoIBaS7BE2uBstrOUaiFFSAShKLVGgJ12REAAyACW3SLCDZNYfVeFJLWcsFpmNk+tFamRbm6ZIhQRRaDEaUICIUIklBKySg2EkcBYdqmB5ETYoIlmkwiQIxQRxkURQWuJlJkQScqUkCJwEghNw5TZIiKCUqokgQIJjBCSMJIoUgrJLkJSSi1zmlqI0nU1qgqyTGJBTlO6WRGlFhEKTTmBigIJkCSnjTEiIkqEIkpUCUHUMk4tTNTizGFqZMvMIFSUmTJpS2Ra2Hgcx4iqSBMCiYQISZIbqNYCGE/TNLWpliqR6XSqRFeKbbdUCCilRBQhhG3ZipAcUQLM/YxJBIYQBrAzQBFutlLCRiJCUSLTgCQkwTi2lhN2RJECCWOTLU1GUTrDhuCyTJdaZKbWjBUqISGB7SmnWotdbMuZma25pUOKUoWaU1a2nMaxdCWIbC2x0wIslRBYLioRUkjIGKNSoqi1SQoVuVmhUKQNUgijICShaRpbpjIiVLsSoQIpgFCxyNZEICSEkxRRa8EAgiBs5JAwlqRQCGfDRBTLtp0CI2eaJEqHDSpRiDQiSZAcCEUgRDiRQAoFSreQ0sYWpKkRyE6H5LTDISkigCTBLVumsW1wKBQuKhJRApCQEBgLtbSdGNI2kDhCslOBJKAlNiWq7SghEYFCpCwpokaJlANs24qopVphZ0Rxa8iEhISQAqWzteZslkopxorAOO2wnWnblkrXRRC2S0gO3BoWIITSKciWU7qoIDtbLRUkyThQRJVk22SUWqMo5JZRC5LSzSkJsHG2UAAtM7M5SrYG6mpFIZCUspzGIRThTCNsiFnfEWQ6QCgkUBOyWk4ChZzOzIgotSoAGRQqEUbZEmeJ4nAmIWEUUimSjG3XWkutUFC2KQ2SEG5GhNTGNA0pW2utyY6QDRDCacuKULqoWFYzESESlxIRkU5RQk5sVCTjlpaiRClk2rZrqUjYU0skZyMQYVthg9uUJluTqKVkSyTbSCjAIRmMMUg4EUWllGIQgdKWZIkIghBumARUFYrAUglBaw1ryhY4okQQRYrqNkUEAA6p1i5KhFSjEmSbIKRImxBJ+ZRP+YSICNxQ2KDmNk0ushABth0t2zgMUnRdNWk7iFoiDRaZglJKRAmV6KIoSshWSChIE7WWUOAEu+87IKS0bctyRIkSCiJFBIFsrMSi1qpSbKMogZNABilaTtmsEJYhnUqXEjYtM50RkeNkbBNFoZAENLJlCwoBJgIDoILShEBgGQQF0q21Nk2ZLkWlVjuzpUVmkwlJJYBpmkAFSqkRYbu1FgVJlkKqodJ1oJaTpL7vAJtSAwtRCiAjqZQSmc02hHDatRQphNKttQRHiaIoUaLvQuqiRA0Lkimd01RqV0uBTCPT3GgZJWRFUVFEBCoqOLFTRDa3lhgLbAmBUDpJTNoJymylBA5hSYG6WsDjONgk2JYcIhRSSHY2mwhEOCChRIQkSaStEBaZBF2pERFBNjttbNGy0RJhI4xiai1ba22SAxkDIJByonZFdlomQ4FcIkCSW9q0ZiQZOVNIFRBOJGNDm5pEpjGKYhoI7LRtcEgRYZCIiCJhWk5YbWpFRAkZgxQRIk2AQbQpp3EsJUpVSI4gM2WMooRCAhuplABwph1ShEoojQQiAimEgCgCy7YxCDns5mxNihLFkFMjBIFomXZTqRGBM0rJsY1tMu76jiSdhSilE26ZYEIlatd3UhEKBc6QmskxwZmJMCYzasm08NTSTtsWtgOQSu0jhB0gqKHWWuZkCjjHdKiUyMyICIrC2ZBQCGRSJiEzs5mgRMGZbpiIKtsms5VSAwkkmRSIsFumAlFkOzNDxU47I2SpRLGNW9oYwqUWK6QmycYGk8a2E4xbEqrIUcEh2W6tpZvtWotKESjCaUkqIUIyQba0HITkENkSqTmVWC7Uro+u9mBIISNDkRqKsEwgAuNpbIYaRQGkLNsIhUop2TLTSHIQkLabISTjiJAUUUopUYpFiRA4M4RQBEhCgEFWGCsgRUggIahFJtOGEpKlEHZRqNYwYzaDpHGYSpEQkmQgMbgQxmSKUEiSwq0ZO5twkigAhaQoyHYLQqUI0pQSToBQoLCdBqxQRA1hsBOEFCKiiAgUpaQpUspyTq0FCklYiiihCNutOaIQqlWhEIFwZo1SopauSrIbQmQptZQYx8EQCoOi1BpVRUUkUiLSNrZVIiTcGMdxnJrkiOLmJG0LMpOQU0SiEhGKUBAlhDBTWiIi7FQzEkISETYQEbIlkTmhQFJRFCSBhmGU7JaTXUrYrbUmVGoJFacRhGrI2Gnktp4kWQhFSAgTNQJbak0WQnZiZWAjybbAtiSDQYEiwjKkFSFJCouQkQgVhaYp09n31Rl2OtMOnE5bKlHs1lqb2iRJomUibNywLENIUUS2NGBSSCoqUuJEyJpo2EiCCEEzoRA2KCQ5LUVIQJqQIsKWJEngtCOUzREOhRQt0y0tZVpAjSCAKbOEFApJkgI7QcJuUnEbp1KL7cSShJCEohSFgoguJLkhgZVOgaRaSkhOY4dKKSVIjA2AZNKtRSmFUCCiZYZUuw6cmTShhChFiWtEUJpbgIqUNLtEOARZokgIQkIKqXSlRO266kyANCht2VNrMm7NkhBOY0UAxk5aTrRE2CALWiJRShEFgd3sqWUpNTBIgghF2LYoCkUgRGAQCtkOBSAlxrYBMWVmZkhjm8BdrUihAJx2upQSRQWQopQSRbIQRkjCDbuVqAGKyGxBKSXABimaJ1kSikLS0qihgoStgCRCKpIECEdVV2a1lkAYRSCiBKKoACEhkGwMzpbNRQIhZCUun/opnwQlA6acWsupGacptdgOFamYBg4UNdKtRBFqaZWuhsApuyUKDCQJIaSQVGTjcAgkklJUSqTJ9JQtALvZoai1a55aukRRyJmhUBARpBRElFKKnRERtUgqRaCopUa1aOlQtJwUMbVJMkRVZHocR6clnAlIYaM0kmwjScZANktFIUhZUQJJkolpmgjNulprVchGRUWhCKHmqUYYg7quJ0JC0JwhokSNamfaUQoQoVCJCKRQRBRnKoAAZctszZkRITO1zDZJUUrYJsLZsqUIpBKokOCWbZqiSKhNzaKWEJRaBC2NMyRDrZ1qlJBKwSiQynq5MoQUodYoXZRSbGMbFUVLGySQwEBISELGASabWzaiFqy0Sy0lihSlRKatlGq2yQ2KZVSCtGVMpjNNpmVQSEY2mQaTxg0kREhIkkEhAVKJiFJsyUbCZGvTNIZok4mMKFECUBFSthYRtauRYSahKGGQiYgGpUSoDOvVMAyl1ohQyOBpShMOQiIRkmxAipCtCNuhUBekLbCmNoFUJAkkExFCyKVUJEzaQjZyRhRBYjc3jDInSyA5EUbRnNPUKoEiIiTSFtgAttITRkKSiZRbTlNOThvbFGQhCHUqmWnSmU2Q6RJRojSMpYgIKWSncQhFMcLObC0bdqZba5ltmpokRXG2lKsClGlhhUAhshE1pMBgImyFFIbEThAtUyFPU5umiKoiQZsaoRLVtAicUiiiFAURRZaxKKWADKWrUYJQhDAqCopksBFIgRBSCZqxAQtFFGwhO4kihCghm8CA7ak1g6LgdCao1KIiICICjG3ArbUopZSKJAQOIt0AbIuI2uxsIw5wrdVgQRKigUSEIkrKznSKIIrCYZtwlBpRDAbhKBGSAkktFRFRJEopRRESSDKWFcgycrqWKKUQEQqE08IYG9IO2USpJSpJihBKqYRlk6KA7BRWlBIlIpwGQlKR0JS203aohMjJKlFrMdmmyTYRIWFKLcgRVQoCScA0uRRltrBUKnJIBIDTIaVxupSAElVp7JRCYQBku9YaEYAzIwh1QJBRwpikZSMoimYyUxG1BEGmW8thbFObIkKSIESUgLCbJEQXJWpRyJ6yWRFYUfraxTROmdlFURSFInDamYkzGyomAZqQa4nMzJwiSqmlqNikG6ar1RAKApyZICkkhYSghJyKEgAGy4KEEDKNTDtdJCELjAQGIHGCkJCU6ShRS0k7Imot2VIhS7WWoCC3ccqWEE0WkqLrC82JCUgsJJVAVkSkEcggRahIlqSCSbeiYoyNRLpNLUlBKCIUQImQDHYiQtVuSFJYaQOSAUXtSqlRC5hGgrAiJAuhcEuwFM6spUhKgd3SuKmEnRDIljAIp6dsXVfSRBBRJKEMlWyZ2WopETilEOkxJ2dKKlFClDJPOZtFFsLhElKJwEiSjNMIVEqEpFJKCUhLQTZapmVJpQRJkiFJDOthbOM4tWyJpYIiIpBRRDpBktIJKFRqtbBJkJEzbSFJEZIUimlK27WWUOSUhJ3UWogi0zIlFEQUtyDAINwSIZHQ2pRGkNOEIiKGYT21lulSai1hJNJGEVGLMIkRwtlCKlGkiBJRqpPalVKKJWFQGuTW2tgmQakKJMshRQFFKQBpA1iQVjojBBghI0CtmaBEKVFsSzgkU2tRRERxurkRKlHsTDuNbRTpKVTSLhIRJVRLxUHgNKKUToGdtkGSIwLZ2EaKIlpzFAElqtOIVIRBITslRcXOJEqoyrbSSG5GQrRMLNtAm9rUJhWlwQmBLVE+7VM/2dgtS1dqrVGKM2WVEtjTODgTK0pYcrplYinAdmba6SxRFAopipyRNKdtO12i2E1IyG1yWjVk2QZL2AhFCEi3UmuJEiE3Z2vYLd3VDiVmGielXZTTZIyVmQJByyYIsB0RRjIlCoCoXelqF1FKFEJg2ZhaapEyjSRkkKLWopAAhYRtnBHFEEFXasoSbk65TSmIEFKbUhEijBSKILO1bLXUzARN09ha4rQVklDaCgQSOKc2ZTpCQGazbRBGUCMkkrQTy5nNJaLrq22aUQgVRWJEprGjRESoRLaMiFKKFGkXFSRBa5mtlYip5TSNpStFhQhZJVSEDSZKhMIgCCkigMShQgjAigiJtHGC0lao1gjRpolQm6Zsrl2nTEUpJbAVxS0pCoUTKQBnk6N2HYrMRkqBgJC6ikHCNpZQKdkcxRFlaglZogoahCKK+lolFIGkULbEsjOkzHQiRCCjiBIR0DAoLGVO01hqXSwWdkqRLSMChSEwpAEUiogISxG22jQhiHCqlFDItt2mbJiiUBG4pW1LJSTSUQLJNtDGNk5jywxoBiSRCuHaVduKAkqyRhhEWoAEtm2IEIpSooSINjVwFAkVoouKHCo4bacZ2zBNWSJq16eTdHS11CgKiUy3NkkKRYq0nWAk5TRmgpNawFLUUvu+llpoGaUAIa3HMZQlKhARUQpBUdggm7QjQqTHlmHXUiLk5qk1hSTVGmlnmww1asO2BUJCSbZ0kVAohAIkQsK2W8pKEDIYYzC2JdUSLXMYBydtzFDW2kctdhpqqcbIRREKk0AoJCQpokS4JRClgomopUgYt9ZsJ8iKErJUIhCJAgRR0g0kxdSabIfCRAkLktYmhBVFWOE2AeBsWYpCpbUp3ZyZRsbZbAVGUolAIRlKqJRiQLLd2hQlSgSKGkUOZBmEbYQn2whaaxYBBEICHG6TheVSIiIkNTfhIDIbJKiUgoSdmbYFmcaykEqEpcA2LrW4tbSrqkKE3JpxUYSEKnYmNhERIdsKSTG2KcIihBQiHSFwOhUlW5Yit5QIhRSZzXaNoiKbEImEUbQ2ZWtYibFKCYUwSLJLFIQlSS0zrOhKrUUW2DhtgLQxFsaS02AAIQDZ6bRQSLWrEs5skxUy6SRCoLRJSlGJmklrLe2+7yMK4JbGYREis4TSYCKKlG7plipyc8vJuJYuIG2LNk2lhiEUUijU1aIAZFshLJvMpnAUQTib7ShlGqfMtJ3ZnJYklDYpaE7bLqWUiAiBSigRdmYrKplNoVC0RMhkZjOAMSXCpKzEmIhQIGhpSRLNhkQgYU3OQmRr0zTVUmutloGIAJwppMDNhFHIlkJQqgShiJBRQHOaK4StABSKKAEKi4DMiJICW8a4hFQiRyMkIZwAgrS7WhoWRQohSZhSS0S0lkC6RUQptRQlKELImUakJaeJkA2yEgAjKUIKFJgMCYozW3NXa1RNY9ZSaq01SinVbm2aohSZyZnZWssSJUopEYoCuKXNNE0FUUIIEQpEplMOlLSIEAgpopYiWWDsNEWYtMdhyhwRNYqlWmtESGrjZGetYWsYx8x0a5b70pcaBoHttN3sor52Jaq6mIahlii1IhlAgSTZBhRSKt2kEgVMWFGLBMQ4Tc4pVCwVyYmgFCGcKCJAKIRCsuyUlZmZKSi1ZDpbRpRaS1EZxiEUEUpZCqxsEwYIFYRsKaIUm9YmJSkyW2YTqISNW6YbliJCFpGZmY4oNRQKKdI5jBNpQZQCKiFwBIncMqepKKKGTTplKeQ0krDTUYpsgpYJWaLYgIGpta52hMqnfuonkpl2LXXK1rIVlSgSsqwopetKyBCEhBRRhVEUlYAMikJpQ4CdRAlJbi5FU6YibCtkVEqJYBymzIwIEcjGoFKrQq01QEiSQgqVUsDTZInaFSTSUVVKV6PYQLY2GTKtEiVKlCIbkU5hE0hAaw0sOyJKhE1ihVq61ohQIUqJcWwRtYQwxgZspBJypiQn2JOziyilgME4VBjHKSLsZgNE1CJhR5QoCpUIgkgyM1umMTYRbWoKteZaiyLCRISQsKQocgPJVuYUyBYhSZKE7Cy1RCnYFliQqJQSBtI4kkZLsFQgI4oigAgMtlEE4ZBsQ8pgpywDxqRBUcLCzVFDkiWlJZotFKUUybJEF6ES2RJcS8VI2GptxCiCiIAMnCkJsF2LFDWKoiiEm1VCUuJKCCQQmBI1Qs7EoAjcWpZSCCTZU0iKYmg2ICChuJSCQsYhZ4akCAsbTHMrERiQ7ahFuE2JpTAKBDiKDLZCUUqRBG6ZBpySnEjglm3EEhiVKMJAa+lM2YSQTEaNQKTAzjREFAkR0UUoaqnIThucVgRMoQhFRGm2wDBlq6VTSIDCbqCWbcqpn3U4Aiki7VBRWFEI7KxRFKWUoFCoUaNN4zS1dIIiJEm4OYvURUREKJAzHSXAbWoRCgWGGoIpjWxwIrKoJAQqIqGWigyAQhLIkbjIiogII6dDklT7TolJKBGltREniijFeMosAXZL207klrVGSJaFbCtUJaOWKdK4ZUaAaQ0H0zSFou/7iCihtN2czswsQaFQokhp2tRQYNxSJbpaFYCAkIwIhURKJSRKKQgyJQmbdCZSNgOhkNNGSHIoAEIBBIFMRLjZIRHh9JQTINVEgSJkq6slpwaoRokSFMvYKdRMKFQKwplu4EBIckK0bHYi2S0TMlWEZAhUokQJbIt0huQSmhpCRFBSGKedaYlxatggKcAyxiEhFIjALSJCEZIiLGwwSEGUCEKAQkghQIQiwtjO1hoExhgjoYicGsYmIqRQyDikBIQkg1EIRRjbKQkybSHZUUraTocQpJuQTUSJEi2nUAQ4M3GgUEh2kmS2xCI0TWMaSQoUEcQwDUGAxmlyy1IFsjPtqWVmSiqlIBExjZNxiUCShNOBHLVWO0lLNhJK4TQSEQBOLCFVWjqiSAQCpezMlmkDsgkpSsEAcnHLJIuqJLABO1C6FJyykEwUoVKESqlRopBIaYVDYTtxZkZEGuxMKxRChDGSLIojQiFJTrfWFJJAchqplhK1lIhQSHhCAtNyCimi1iKnM5tFSFNmrQXZxoCtEFJXQyo2xqWERJQIhZEVYNvT1JxIAjsdCgKJIOyWo1tOTWBnUmt1NhlKYDcniUCSjWkYsDMTJElFskJuzXaEJCFwEgVjY2VEIS1wJgrJUrR0FLAgZTmULSMUEemUiiQEiqChEI4IjCLsjJCEQjbGUsnWuq52Xal9L4XE1KZszc71MPRdh6yICNlIkogIIWzbiFLCkGBRYBymFF2thAAZO6PUKNFFjRKSFJGZmAhFhKV0prMLGXVdF0XTNNlkZmstIvpasVsmSk/ZWkPUUhXCBtKJVUJ24iDSmVKUiHRKKhFCJQI7aidJgJ1pFAJjbCBtAYGSyU1GJSJIWwnOzEQAma3lBDJEF0XKtGSVihyWA2EVZXORLGyi4LRMRAW1sXU1kItqRLETaDRbzoadlkLG2VwUpYSFCAQmgeQyI6WbbUWoNVuICKWRSIFRhCxhrCgKSchSjVDI6fKpn/yJEFFqX0tmpt3XLoqmTKGICMkWWIq0FdFFIaQIjCKcU0uKFLJNYuF0ZqaiRIRCJWSU2SRhWubUmkARWDYRhACmcQoFwjmlFREiWjY7kTDGdrbEzWAkIUm1drJbWhGCtAOMRdRS7HRaCEBKOzNLKKKaLCHbtppzmqZ0Q8ZYaTtCgCTbYaUTAQgybVuyiRDFMbQxIJNSVCSnLQF2ZmvGIamEjCTbAXZkpsk2ZbbW1QoYEGlLgCDGce2WXVejhAgVFUXLzEyJqCUsY0K2hKIUFTINTtJumOYcxylKZEvhdIJBEUURJaK1xLilSgSepsxpwolUQyCJzKaQHDk1BSKdJFkUAFhAKCiSnBahUGZGYAeyAWQnkgrZ7ClBYIxCSApsgSVJYEA4WzaQFFEC7EwjyVgJJaJEAdJ2OmrIsi0EKUWmpYqduGULhGQjJGQy7RJKI4WKZNWolrCjlrRBAVFKKYGgZeJaS7Y2jIMozRMoQsatZUiohJROQYQiIlumXUpBEWCMEbRsKmGhpJaqkATh4iI57czM1oAIIXJKDKqS7ZQKNkZFkUYYY7eWme5KcdqZUZVpgIIIO02GSkRE4MS2lZiQSqnGISJKlMjmUiLTmbYJkc5QAE4Lt5ZA6SpOiRqlpbFLVYlQqXYi2W7OsJoz04BJEShDQZQgkGwnlAjjEmGTmDRhmhvONhZLAmnKDGRQ4ExAgdNuIKsUIdsSkiKqAKi1StV2iL7rVIqxisRloqgoQoqktakZhBJHLSE1kga4RElkHOHMpLnhENkyIjAhbEoJm5ZNCBGoKMBECEWRMYqQAQiwrVJkC0uhkGxoSUSJiCBqiSgKg9IGIgpYRRDZmnBa2CazZXMCWGmHUEQmU7ZMAogihGhpYacJlRqINM7EVoRtpyMihJQhiSIcilJrQSlamyRKqYTTRIkSIYWdEUURIQHGmK4UhdLZWiMkRaYlPGWCZAnbzZktS6mmhSIUJWRorbVsaUsgBJk4k4jMNAjZTWBhEYpaQ5YhpFBECUlAqYUIwGmkCAmmaTKItEGqtZYIwJIiSikRARk1SiklJEmlZLb0FC6Wx3EMu9ROUdKtlCJFBKGotTPplk631rpaBCFhrICGlbRMp9MGJzYgXLpKtohwSAKBCUnIGMsBzVYIRUgBzjRCOFtmulngjBIYAFkoAYOsKBJSRCkIUIkaRWlkSzLKNlkKlVICAYQiyUBGIVmWwm4iSNJNCJN2IeyMkBRSpCyFW8uWmc04iqSIiChFYhynUksomputiEibREjQSGxFYCELT2MLSbXm1ISwnY6QQBI4sSSghIE2ZQYkCskupeAspWTLBJxp0u5KkYiIQBZKRZiQRQk5kZRuzoZdohgbe2qOKlEiFMKGBIRKlIiSrSEZRYQkoRKRtrEUItOepiGMkuZsSWtTIEnDNLklkm1UsrUki8JQo6aNI22cLW0cKpYzXWstJYoKAkkYSBsRJTLTshwKgds4jtlsJGqpElNrCqnUgi1JyuZ0ppNs2TJKKaVMrcmqXZFqFOWUzYldSmAJF0WUSIORhBQhhYzaNEUIIqfJwlFIGwshFUXiIBIUyDIoJCwCaK21nCSIsA1Ku6g4nDYqHTTbGEWNksIQJcjEkpAiIkC2s1mi62pRlCgqnpISKlEzjVQiSinNYEtSyLaVaSEJKwTYmBRElEw7p4jinEhKLVFKSC1tZ2tNwnZm67oOixIlAmNhG3JKhAEZk1h2TtNUSg1JIYUCjOwmUT7j0z+ldjWk1ixRSwUaGZIUMiDLacspRUjpljaSnXKmnemISBtUaghsaiklinFOaRMREcpEonRFtoqkAkioFIi0EbXWQCmViFoKYadKoIhmFyktt6kUUGRLJEXIEFFCtknSJihRgCglokQoIoiwkmwiVAstp2wlqkRIYFDXdZWwbSmQJCSVwAKp0JpLRKCIiAjbUBSiuESx3XV933UKWZKJQARSiWJJIadLja50gIRCJco4DLWvtatja6Rl7FREiWIsgiJnlqgtJ+zmlApgE1IKZ2JCAkVVOFqmk1JLiWps3JqLpAjCLcmWmU67lABlm7K1tCNKEAhKRCmBDBQ5szWjQGlCAiMrokQpBkk2mKQ5c2qttbEQKpLCdnS1RCBCYalIoUBEKBQKZUqZLVOQtqQSMkQoQUQtBcAINWcUSQU5UEQgCZypkFRwRigUKEqUCIyxSwTIlsgoRYLAqRAkBuHWUiGbiFCNgCmbZFsBUmRLRIQE2ZqhlBJSKSUiSimWpVIiosiKCIVCiCgEzgQn5JQKasTYiBrFWIlzbA0nDsvZMnFEGBurdEVQIyQg5UBERFgKRWRraUqIoojaVZWuNjPlFAR2SFIICWOlXCQUgNIKRUQpJUqJwBLg5ggUxTZk2hKyHECWKFFq3/VS2ClIK5wqKqVClJAUJUpISCWKsQUNhQQEpKyoYsp0pkQX1SJby+bSdZIknI5Sa4koRSWAElFqiFBRUKIrXanZ3DIzWxCSppyytQgREopAIQgMTiJCKkUAtiyQglCECGmcmoSCqY1pQpENrNamlqmQBGCr9kUKt2YhnHa2dFoRgFGJMBlRAOTWWpQSIhQiQlgCkLIZLJCsEhIGYZMpWXZTZkqmkQYZR0gg0kmDACIgycy0SyhKEbLCOO2pTaWWvlQLbIVCNUIhlVLIzMzMjBCWQiJKREQ4FEJRpjYlDhUJTJQopYaUid2c6TRE1JBiGptCbkzT6CgB2ayQFEBmygJhMidJCGxSFqFQhKQSJVsijIwFpdRSCiBjZHtsk1CtFTCykZBCkNlyynTSMrpisBOczlJrENi2S6iWDsnOlhhCCiEJY5SkrFBFCoVtyTZEeGpgI9JRi4IoJUqZcmJqhGqpbhmlRMhp44jo+67UohKAwaQddguVWiNKlYCiQkhRSyicNshWRKaNDYiIEiEhkyEZTIaKjUk3E4pQuEoYK4qUNkgiJNlNUWVLQYnM5rQzjZ2JDDIIO2WsEiGECRlKlFCkicBIpB3GmZktQYIoUimZaUshhXKYWmttapZtutpFCYNMhBQRUuIkSQNCpUSUYjcDTi6zZTWFSi0gnGlbRhiHIkIqqqVGKUg1AhUHIBlwlIrI5ii1RBmGVSAHIdVaRCDalKohMG6ZkkIBDpMm7TQhDIoAI7pS0xlW6SQVIRtnOiRIEuiiRBRBlDCWCIIQKkK1FErNdDqFSihqFWrTaNyVKoWCJLHAUkSQbnZmS6BE2JYARSiKREwkU6IoIQApikKSIlsTQhQhSqDadUigbBmSFLhZwjhbpsGlFBQIYxFtmiyHCiKiZGbaKqUoFIpaEBEqKhYKTVNikEgSA8ayag0ZQoDtiGgtp5a2iyIN4WyZThEEaUICERE4TGtWVdRwYlvOFIAzbRARVU5FiRLCtqIEZBub04bSFwyiZcoUhW2Ms6mgCNutpbOhCAm7lEqmIbFba85QiVAJRRSFhFQCy7JtRzhbDhOCQEnpOoTAkdgtW4CNIJGCoihRCNuSsRLUdzXTAJkplG4pcPn0T/kkm8R2llIkWqYyIcClVAk7Mw0KnInTkgSZzQaoJRRCIVISoVAoomWbWiJHRAmBVBWSmw0yiSPItGSnx3Hsak8ITALGsiLQNDXJoChRIgSZKKLUsAirkWAhKBGKQIpSahTZJM02WCBCAVGLaGSgUko6LWVmLcUGkTbpKJE2BmMwmS2diQCaPY6jMxWkm6wSkdlKCUttmuxURGtZuxIRkiSRbq1lWhhABNFaZhu7bhZBTs02ihJqaWdrZprGGlVFUqSdmSWiRICdjqCrfeCUcE5TCyKKjFpOpKKQuKjWEiJUZKuUiBC2IrK1acqI6LouSnUb0w2ilhKSkURrI1KJogjhrhRSBkREoMx0m3KcRuOgZGZmK6U2GxyWhe0iSRipYYytkE26EaUUUgEpWxGSZBmMhRQYWrZhmhABghLVzswMqWXL1iSAqU2lFElpZ2ZIkmRJSqfAUEsBLHtKRGa2nEQgCjJMORoVApxTSoqQpTZNiRBRak6TKf2sCxWDbJBMUcnAOeEsEVJYIi1yGhu2ULZUKEBRJNsOUaKgMNgGI6mUUNRawiFFiIgSCARgSbLVpuY02JKKQyEKWBGkyDYMk92iFqF02lYEEUHYlmxLMgpJk+2c2pRRpYyhjUBatRQTUkZEZrbWREjRciwqBM5sLSVLQpGtZRta0pyYFC2nQMihQFZEKWGczjaOljAqCCUts03ZuhIC0gZJgpatREQUcIliHBFICkXIaTAKhUop2aZMl1JVii1jLAF2s0sR0IwbpQhIQGArmKZMN0k1SsssUYuK5KENfa0RUaMKk0gBiEisIBRRaiiyNYIS1WMiF9UErJQVkiQJu9mQUoSUk6MopIho2WoppRY5QjQbOYiQJASYiDKOA6lSkSXJslIKIlQiiFpCoSJFtkSutUaEm7GN0saJCKRCRFgmjWJqkzNrrVFCUikF1NzaNBGRzpbYBgVWLUKZLWqJQKilIxTIZlitEXYawCVEhLFsqSQoQhHYyApFKTI5uXkSqMiKqQ1uqRCJIUoAkqQQYTtKRIkSQTFpZ0YJkxFF2MbZsA1gRU0yCAOoELabkcKQLbEjopZiA4kiIJGwUcvEqRDY5DhM4zjWEqA0tVTjUrtaq9PjuMIqtSKaUZSQWqadWFHkJKeGDQIJK4pCRjaSI4qRnEQRliKdIiwCowiVIiEFIBwEmuxpmgSYiMCOKLWUUDHNtlRUlGlwjUBy2jbNpVbLdkOKUCiI0qZmkFMKKaJWhQLZzrRNiSIBWAgyG5BuoVJKrbUKbDCtTRKllgAwhO0ICakUCeNQyUyDM9PIWaJASCololThli2IUoolSRJYoFqLIgwSGKHANpJFGEIyCoFEcy2R6ZYukiJq1wUGg0PhtI2NZWyFWptCihIKbLI10qGaziKFpFICK3AzKEnSLY0BG4UEoADLoZAiLCMK0drUQCIIhCKQSINLRK01FAiFpIKTUEpKI0JKW6Fmk7aDUKadk43RNI1CpRRZ0zha1JABhbMpSmsTojhSdqYbSZZajRBCxkEgS0Eg2yIiSimAnTaS0i0kgzOLSjqdWUqpURpkutQiFBIlwLJsakSUEkVFgTFY2M6WCodCoeasEYDJUkLIzpCyWSUyU0GQtgTOQAA1CohsgYiwAQXUUkspZNqKkCgiAKen1oxrqbWEpJat2VObJKLIrY3jqFBE56lNbiEUEREhpVuJkISYpjEsUCnFzqm1AJAkITsVkiNMYpUQKlFVQhIAAjkFjihCLZukGjUUSQIkioiIWpRpMNBIZ4sopUZElE/9tE+mZTpDxdY0TZmJCiXATqN0c0gmUWROKBDYGEkYkASiZQspIjBSQBZFKRG10mxsO9M2IWEbQopaSVomCCxAgZzOaWohnOmQkJDdWlMEIWXLWqvAtmw3kEqQMGULGKbmZkkWSmykkIxCsrEI286WqVBkZmaCAylCoUzbzkyEDChKKEogRKAiOUpLahRFINI4PY3jahzBJYpQy8xMbERCVWRmWlFLRODMlqXWWopRlCIUJRLXqKJI1BKUKBHgGlFKqETDAUEcHi2nca1SZIOQ7BSyLSmK5EJiUkEXxUIWgGWIAEVrrdbS1xoRNmmiKERLS067KErU5nRrUmQ2QhGYyMycLDmsUkMqUSkqpYQUtYTBdo2CARmcCbaNZLATIWMLHJJMrQUgcEsyJWwC0ranEp1JFJlTKWppECLToYioIVRCaGpjhNzcnIpAAkBRRBrktKWQbUlRS2AZopANkzUqEiJbK1Fst9YSRApJpJ2tgYzTLVsjlJmBFWG7tQQy02GpSIpQGnCUqKXYGqcJE1ER4BCKCEXXVYUUKipRIrHTmc3YmZlpExGZo+1Sq5N0C0KSAjcbI2W61KilllJskwQyGWAZIaRQqAobyxrGwVAkjOSIonBm2oZQSHbabWo2xlNrzpRUakQpUYrsKYkIpBKBja0IRLZMHBGCqWUgJDKjRIlQFKcTRSnFSpEt29RAEkAam5Cmya21EoGF3Vp6TGciy1JIUqZrUe06Z5ONQraNpIgQciiAwBZJ4jAIIUsRwsq0JCmiCKKoWJRaBFbIpIwTkROSimQEShOSCJMNZ7ZpnEotJaoRNoRtgSGbgZYZVilFwiaEjTBCkhSKKBEGOxTYKSCylBoRYJsIFZRCSMogMOkpjSJCymy2Q1EiIsJBUTEowQ0LLClK6WqVYpyacNqtjW1qpZaQcJSIKCE7FGlwgksURShCASZtZ0YEsqKUiFKElGkFsoZxRIQQKkilSHI6W7pQIpqbVGoIKyQk2yDjWiomQzWAMBkqoEjZRs50REgC1aJmQioRUqRbGycLkVU1aqSztcnNgQwISbaFVCKQcZHSZLZSIiKaMyRFkQlFKQHKTGcCrbWcpsRQSldKRC2ltRRhTGtg0DROOKeWma0rVSUEMpSCLdkGYyUmcEsgSSNsJJy0nJwJjlIyUwZZLaN2UQqS7YiIkBSQTmy6LloiE8KKls0JgaTEOGWFKlJIIRDZMjMVKkgI42yKOk1TV6sUrbnlpMw0oZCUrQlLQrRMwiFJUsgAZNJ1NUIgRaklbGOnU6Eo4czMLLWPkISECZFOCxGysDOnZqkUAZmpzDY1cESVbMkwtpZtsqUikiRDsgQQENGmSSidNjm1UmpiSVHDJkoY2ygCkUlE1JBUCJmEjBClluK0BG40t0I4cHN6CoWdkpQWkWrGdiqVmVNLnIpSi2wQQgCZLTNqRGBoOAiBQlFqm6awI8Im7YgSKoIoXYhsUxQZbKdbLaWUDtQ8hVSjtsx0hqRgGsaWWRUqVRiTraUUyLYzhSXZxrasBMu2EBYCyDYpKbUoooRCKMLZgFBIiqAQUkEYu9millJKkcIipxROXCUZ4zZNNkjF2YxKiShFEBGFUJQSUgCJW2sQ4ChFYhyHNBGhINOKwAhKRBowdmsTECoKpVNimiYgpK7rSok2ZZQiCFCEUELpuoJam9JpZygiqmzbkkzKNCgRtfZRApoibCwwMtnSopYuQikHRK21lgBDZtoqUZBLlK4UgCAIKaIo7WxtaolRCIdCraXBmW6WVEoXEYLyaZ/8SVECRWsTdq211AB7bJIiAJlEoYhMK2qESsgoFFIQAtWuZssopZZOBqVtRZQuBNM0Nact21Frm1rtaiCFFNQIS5AlqlHgTNcaJapKCFmUKGAkoxJIBSEUJYw9pSEiEOMwNrdZ19mpZMrERIlSO0nNYzYFTpNTSqQNztYgQmA7iCiEQCEyWzoxUUpfKkY2sqDOOtVSpChRa4lS0lNRlL6Goiu11mqnCGeqhDNJELUUhUqpbZrALRuKiMi0kEABJsc0krK11rKFJJUISeFMEwWr1MPl4Z233VZqt1gsQlUBTiDtdJYaIUlGNLtGEEoIiwBoadtFkbYzM9M2UkghRZTmhmS3qTUkZ07jlCBhybZtyZJQKEIKSREhyVYIBwBpAqm0nIRUokSEkKQMyBJRIjITIxUUOA2kLUmRzemMEiVUVBACMCAClG0MCUWJQApFhJwpIYWdERICS2AjOW0hRUigCEkoiuQSQiFUS/E0Dm2SlHZI2BFRa5E1tlb7Duc0NiBCEBgLZyaWQgpElHC6RAGDAiJCKgBEiHS6WSGTkiBCMjSn0hKZadLG2JluaTnTERQibZUIioKIIoVCQnZmS0WtRSUCBSIUCkopRgphAZkZUq2AjISiqkRBIQURUuAAIhBCRCmlhEJFpSgUSlKEIVDaliTXUosiIpAys3alNWdaTilAJaRSwCaAlo1sUUtXq0JpAlrLKFG7DiMputIVZaZhyiaU2WwsqwRCiqiBnXaptdYKZGaEbCkciiiRtkGitQYm5GxOEygiImqN1lo6Sy0gbGQnikDpVGtTGhUFZMM4FLWGHSIzswSSJCsCe71eS3R9H1JmClFUUGIREYxtasOaEo50opCkYcppXDerKLDtzJbIpYRKKB01CsUGgwKBnTYpidYm44bb2KIGICxJoVIiUAkFIZXMTCdRqiKdlqVQ0rI5JxOhEFJERGktCck405Jxy+bmzDSyLYGUdogoRaJELUWSQDZOOxEQlCihsNNOi8ycxqnWUmspVLeWaSkFKp1IkIKQRIDC6Qiw01Nr2CqSwgBytjbZrUWELGNJUUqbGgKQlUqblllLSWfUwBYmFFGiymnbbtmyGfe1LyVQlCgtE7vRCHKy3Wxsl1oCKSKilpCxUEsLwBIKSaFQRChqF6ESkjIzJAR2hBXFQkhIBFLmVKIaR4Qhp4wIhEoBISBtC6UoEVHkBBsbcIAEzmwtiVCmMy0gMzOjFIkgIJpTgXHLRgmQIiQgkMCJUYmICGE7W9qBM0IGREhSRLUthZ2hQCXkiArYCAESoYIwZKZFEESITBOlhIwxhsiW2C0NkkFhWyq1hh1TG0MyNINdogRgRxQySykKCZnWWkYtNs4spQZhLIFUQhAKKSKiBBElFCqhbFkkAeBMFFGLQJIiSihCpFAiNVsRCilNqJbapgZEyAhcShFuo600FmAktXREOFOA5EyEwEkpBQsZS0EgA1JzE1IUTAS2oqAIEYK0jUvp+n7mTEAoQqBSS6azTU7SLWopESWUisyMvnal2JYETuNMSYpgytYahYIgAOckRd91UkjKzJapCOMQUgAGTKbtDIHVSDcLoxJK0q0ZgRPCoRKl67qiGsE4NYUKZGvNzS1bZiKMhIxEKGoJIUJF0ZojrBpKWySZjVKVzcYmW0sEEtgm00h9X1ApoVCAkEmQbSJKtszmEgKZlEraJYpKhELSNE21dFGCDGMRlgFEGyagZQooqoSCNGHXUoRsSwopnQHGgYwxTidEUUTYqaRlC6nUKjkzM1NSZhqXWiKqTZFbc/n0T/mkNAJw1BJQSpGUJmqUUrEt2RRJKDNFNkuCEFioVBkblMaAEmO7WYKIbCYtOaKEac5aAwsBgWW5qCRZIhBpjME1atoem8E4IhRAkVyKFGqtNdsQUkjTNE1jCylKZwFSIRQhZZskJNlpN5ChllpKUcGZiBIlIlqazHGcsmUtJWVZteuExjY5HaVMrUnCEelmsDPTeJqmKFFLNVlqkWgtk1YiJEAgSciSINvULEqEsVCpQdp2NkeRSpQaUbtSAqEIYRF2tgQcEXbWrpc5dmJn1nU2kpozDBgBCqu1TCe2bYwCwLaTUkqUAJUIiWmaMjMkQk7GbNlSUmY6KaWEI2optagoKMhOQjVCCgkhFAowSFGjEAorSjERuKVBUhingVRQSiSKVIYJhYRbYnBRiQhESBEhbEkUZCPsUisBuHZVSKVKtpWtObNNU5QAhKIUkGQ77AQEkiIkyYCBABQBNKck2y2tEiHVUhE2ABEqESFhJEVIhIpK2EmmCCywJUk1QoEicmpIKsWZYCmcRg6V6Eoap9OEIKRMJ0nagKcpJWqUWkvatVYcXa1pK0opJdvYqXekEGS2KW0FEYkkyShbE1KJTFDaBLKRZJSWsBKLzHSCXKKCBUSoCBElbIDEFSlUulojooStzERk2jibSymN5mYCEEYqzS1KDcU0jUY4QRGR05S2XULCYOymiFKilALKTMkR4QaZXe1KFwERgSSFpICIkMNyTomyTdnaJGGrZbNRCaWNDTYhDLJFIGQUkW0iDTIoZKK1UZRSaM0IIUvgkGyXIBSWQZnZMkNSlNJFpsAR0fezftbnlK2lAkkhQQRumRHhNC1r34loOYWKVOwmAuHWEpdS7LQlKQKhTKRIp0IFgQ3INWqzbZdanJ48VUpODUWESikhTTmlARnbGSVKBEKAJWucJoX6rkYUhEJBBEISZLaWGZLTIdWuBpHZErJlZhOKCDCgCAmp4EwToWZnTlGKhMF22jUUCkm1hNCYU5QSpQi1tNWwbTsJxZTZspVasdO2HYSKRGQ2QHI2p6cEbJUQgd0yaw2CrnZRQiVKCUmZrZYuIqacMhGk7ZYytqdsLTOkZiPCtt2mlpkkEVKErShRSxclQqWEbIKUQpCmK4EkpCRJUChAxkjp5mxSiRLGQolJgxVgp20iAoWkSKcnR40StdbItDNLKSJaIgFgWmsRsR5Hp4tChIQkmZCEIlDIilICZ0SkSSfNUaozMaHA7kpxIISJiMxsbYoAxdQmVLouICSFIiRhRSCcNg5QhN1QIFSChopqCQjC2XA2CSeSBJktsxVFc7ZpchowmbaEgJBwoiJSwhYiU6VgRylglQAJSUVFNrYaLRACt0wXBTi6LkKBAtlWyNmcgJVIkgKFJJVoUxJRIxJCEEE6caadiWRMOqRSa4RCERHZmk2JglAIZIflQKFQja7UaWohRQkIRKDWmu1aKoHtIkRVcWtOt4jq9DSNiqIStlWIUlpmtoaKQhHqutqVCthAtjQGUFEhSlRqlFCNgmLKzGy2A5VapjZmS5UqW4qIkChRIFVKlCoMCVKJiEhnGhARspx2KAKB09lapiOiREEKaZqmTFQApW3S6VJKczrTWIhApdSITEeNiIplEUQNmQDSabtGRCnGJFGIiCiFppSzNUmhCBVkcI0iIp1yOKe0JSIkS7XgUFjQjIo8ZbqJwI5SwNkcpQARpa9dtkynhCC6IoFtjFxCWM5ULbVUhSw7gyAzW04RnclxHLNlREiKCCAIh53ZbNsRygYy9pTZWotSStQiqYTTpRahUESJkEJYykwdXLrQsglFUUQ400YRklqbUEQEmekMhSFbq7VGLR4bEmCaVJCyTVNmjSKRLQGVIrATgAiUNElStNYkRCCQsBOTllRKyUzb2BHFGGyUmZnZd51gHJuVXe2czSZFEUngloa0iH5WpWjZSCkEliJznBp2KwoV2QJjRSikaRrTlBJTa6GIkGyXIsKtIWzXopYeh8mhvnYKDatlJirqSpdOQ7ZUsOjmKQ+rVQKhokgDLlFV3IZmEJRakO0IYexstm3ZWbsZzpCkSGzbTixnC5XowtnalCa6PmrtnW0chkypqo2thogSIZ4lICWcmVNLFSrVxqRtAinAtopoJts4tRYq89ks3YyKBIGMNE1jicAQktSmCUvhbCgCZDJCoQAUws50y2YToChgbGOpYCbG4oKIEmAcrU2lFGBsrSokG6RIso1NJYpFCCErSSdJFpWQjdKuIaTVah0lFOHMEgEIZTZLSF1EphMLSYRKuoWK5JaAAQFIdlbllKTtjFrSJl0iGri1WmpESbeQmlPGgQCr1MiWzVZCAGQztopsEEoRGVGc2JZEOJtrBDCOE0AoJCTJsjItiUAGo1IsBwDjOCJJRTbhlqahYkwt3ZRTTilRu4qQwzjTpZTMlpkRcpJOiVIqAjtbJg5FGjIREZICMtO1dMaWg5JtiijptElPoQJKu4ZKrWm7TZkYRYVUhJw5tRYREaEQqcwpIUCEqkia09myZa0VCacoVlNEy8Rg2jRFqaWGCGQjbNtuGUUonEgWJA7C2EZBSGm3TOFQlbI1MlMgIQWhkEgQxiGBkEvUKZvbZBNRFGqZso3sFAKMa6kKWja7FCVR3DKdSNhSSEpnKcXZppallFpK2q012wWlXELjaLcxaldqZKO1qQhKtGkS0XVdurXmUmvf1amNbXLUAHKaglDIAbZT4zisV6uNzY2u69s0ZTqCKdNJ11VwKNLO1lTC6cSRiiKLbImIiBIls6VTFIVyaumMCEmlVqeRPTVJGQqTbkUlI8hEuHkcxqil72qSslbrdVFElFIiamAnykwgABFRs01TJpmWJEp09pRQo6RTUkhYSMbDMEjqSqRBhBRSS5MJEUUtE8icsEopKQLJNDIznUQoooRozja2rutaNqEItZZRAhMKYMqpuVXViCDUsikpRW1ysyMAdbVO2bAVRVhSy3RrCimiTZnZImQFzjCo2FlKMSEgWiZCzkYIqLViA6ECnrKR1K6SdoBtyCktABnjkCxaS4kSkRiiK5GJTSlqLSVJbpNNiyjgqWVEqbWYHIcppCglW1IoqiEM2M6MUlo2IYwCG6TWGkKUCOREQQgrs0WEs7V0V6vt1lpEsVtrVghTSxiaGw3CisC4NRtFQa5RG5mtQUSooKlNESVKmXKQAxGQLjAporUmowikEqW1yZmKiAjbISZLZBDClOLMzBQiFAor3WwbWxEEINmymhNRUEpAay1CEKVI6XFs0Vec2TIiIiIUSdrCJpBJWwingyJl2iYkpGmawKASAUo3KdKEkEKhNo4RJSIst3EqXS0R49jSrUQxzrRELZ2dtqdxjFrtZhOqkHYqSlDSzTiiBjm1hhUVWxF1mgbhiBIhEXZmpooyVaI4bTWBsRAwjGMhSi2I1lqoRETaxiFho0C0aRJEKeBMhG3SGSWkyNayZVRCNUIlSrMxpcip5patIZQkDkmqhME0LAeacjKEQiVk25YiJENmNqeMcUjZiKISaulMlwhJkls6W4taRAjbjlKcGRKiJc5Wug57ailEgO1sUgGDRaiEbafTmS1r12WOQYkSUthpLGvKFE5bRARCVtoS5NS6rjpC6TGnIsmVYgABZEvkiBoGqbUJkGSBFaJlK5/8yZ9YgloLltM2UUKiTQ0kkEk3p43bOPXzXsLNxs3NTiegzDas1zm1ftaDsJCKQmBsOyIInLZJexrHIFQiFDbT2MacSkSUmKapteZMQygUUuDJCjCZ2dLQpIIwREgR2dzGIVuGQkRzcyYICdLNKrLdTIiiiFIBO4UsMApHlCDGacx0LQoVFE6kBMhUADXtUqLvama21ojoaxcRCjkoUaZhnKZRJbBaZq0VU6KUiFIr4YBQSJSukySw00huJiI6iZAUlkJypsG27ZCcdkTBnppDilqAzDRMUzOuUUoRilICCWhTmhTBZY1GuiiAqY0KlygtU6KUIhmihAy11q6rBkUokAU2tGlKKCJxJm1KECEMITuxwSIUalNr2bAQIBlCEmlLIUmkpUgj0hYYQEJIbk2WQi3TjpAAFUjb4MSyCAVO0lgSErYzc7K7rmILATnZZBpCVUUlEkgiCmFQktnSmSmwjUNhCZRCWHazg5DIZomIKCWygUzI2LYkSRARSnDLNjYDyJltmrI1lIFCoSDTtVZJERElcHM605kpqZSiUAkZ2S2ba62TMyTcmgErQjBNTSiEHEIGIZkESREVGSNFRESp2IHSpFtROMCEIrEEEqJGDUWS45hubT0sFSqlTG3Klk7W63EcR4UhwJaEI6KAozgNlh2lENkmW0WBZZoym91KrZmZrUWUWoqEUYhSqopwJBkRGIWgSBgSl4ipuUSUKG2aatd1XSFBZGa2xC2QBREymQ07oURgZ7aIUmq1kAwKJIVUISWVrkSEJGdLiAhDKYVQZkoiMWSmBEhhCVApkqEIORREDOM4TFNXAFBaRISEbSfI2ZwtkWqpKsbyNCEABJJUuipFiaK0M22ylCpRSo0qy9PQai2Z05TpxErSciBsEyEbIdsmaikRBKJEiCLsrqtpZ7ZMIoRkEyVk0rYQQsrMIEoJ2wEJgRWKiEwyW4kwISchG9uYhqUIjKgqkqiyjShRQ0ytJSq1OBMkhUJhMsnMNk2kE0JSKSFEKGwrICmCdEqynZkIcESohowAlE4nDikklK1Jms1mpdZEJRQqCmXLWrsSYSFJERBuk0VmSioRzXY2OyUo9F0fKO1SQiCFSqTpaomiEp1JY1ktxyBKKekkU0WSZKKWUChUI0opRcXFEQW51hJClFKULQm6rtqGEKCw1KbJdkRgjCUZQ0iEQlIUQEKE+tKVUrGlAm7ZlI4SQLZm2+nEocAAgSKIUJtSWBChUJQIJ2BMumEZQlIEsrEIoKoQgRPSDjBWOnFGhCw7FbLTlnAacKmlK0pjJ0QppSgyDSmVCFEULuAQUWoA6UZiJwIHKEJIKnazJUQaKUJhZTYMIUypBdsihCFbEiJtbGhtUhAKJ1NrRYpSJUophUAYIZVSogQGmNpUpCiltcmoRMk2kaRb2l2tKWcj22Qbp52e0nIUBaVlEwIldmYoFCGkGha23UwQSFKCM02GlOYKI5G2Q0TUkDB2ttYkFOF0RJRSJIxJQ0DLbCXCmXYDlRo1qk2RIoqdSCWKilDYdjoxZLaWaYsoVQpBRKTdWgZuxiaKcCsREUIRgaGNIyGkTCsoEYEUKuoQEl3XkVJomqZxSoKQMq2gSIqCotRSIqKEaW2ynVKkmdqkUIkSKpgogUIhOwGDs4FUlC2Ra62KQlokUaZhaCZCpRRJ4zTVvs+ppdOZLZtDRaEIsrXMADC2DBDhqCXTzkw3p2zXrkQJoKt9FDWTbcq0bIVqrRIlOgFhWSBwposUpUhKUyIMluzEaRCIkOTESIGIlGQkRRFEiPLpn/7JJUqmnS1BdoQiigApSiFb2qX2IdVahNIyDoUQojVnZkiEZrO5FOkUnqaW2SghSel0ZssSIZHZIgIcpQiNbZTAxhI0pyJqLYogBMhEDSJKyM6WU0tqUQllsyJkRCIRKoIQllu21kKybRsE2BZIIdLpTAMllGSbJDlEy4yIiJDUpoZIJygNiiJCgex0ZhoXisMGp2WES41aO0npFCBqKaVGktgiiJiyrY5WXd/hnKZWay0hI4UUGJO2FWEIcBBS4AZRFAq1JAJFUQTG2HZAqVURthVgmpEznSKczc2AGiERmshaIqKAJMKAsmUUSyVKiYggFFaqZRphWja3jADkVKZxllrAiiiSFMatWQKwnS1VCEWbmtOqIZN2IMtpZToiJCETVUKgImdmIjmhEAoym1FRZLOdUatC2AYkkIoiAgWkMBClACgCES6lBCVKRKilAwxJkmCyZQ0MCMBpO4UMzsnpJEqU0gWWcSlhJJBIJ2mEcLacWlMAwp6mBpZCAkkhKSJKEFGKJbJFhKzMFHKIxCJUQiBhbONUhHBL2YmFlGkgVOwExmmKCIeMQ8rMKFEjshkJJCFLIQDJwlgIcBpAtggVLCOTmW5Ti0ItxVYXpXYlIoxX63Vmdl3pu3kgFZFyUVFkIVtKNgIDbiYUoigwiYWnRkGKkCSwgLRtMMiROYZUogpDKUXCLU02iJat1hJRQBJpWg5BGIBSO0VIkkm7SIqQUQkEFAlZgdMKBSAsgaKWEkTLhgDVkHFEsVs6M9N22s6mKAopQuDmtCUZWYQiFDhbayHZEpIkSQjbtiIkCrKQXCKwMEYlioWCkFq2TJeIYZrCECqShAgFbgzj2HW11m4YBlCUkuMoQgHCBkCSoqUDImJqTYYwkqSQMC2zqCgiSjhtEBirlK6WEiWkEpoy3TJqMYHICWcSYScgMB6zlSiBMBa1iFDaECoSBBKSBGqtOV0jVBS1pJHJabQswGmEAIdKLaEIhULquopCaaCWSIOJCFGilJAKatkwCUUVpxTYslprEQWVqbVsYxoUkhElyuQ2TVO2RloiSnFakgIsZ6IoUZBIooQcUigMyjTQRVWo1iJJdpQqZVrIbTLGaauEpKJQF4USNYqkEEQUBVJgO7EMMmmEJIEtBRKeWpNCpRbhZisKAssQyEBaxjhKQZrGIQiEAFNqIcLZLKPSWoOMKJYkSUjRpmzOUFBClKjKTLuZtEsICdsIpdIuEUpLDkV6nMZJIdJG0CBboxAqkZm2IaIoWyoclIgCTjtBFjSplqJQlIioRUjKRNlaKEopDimhIEjhCYmuK4apjbajRBRhiVDItiUwtsU4TIiEElViGNdTa1JIZBpCtlCELHGFUMMCp1EJCQEOi4goRTIKCSntKadSSqnFjUxbdksFbpkCGykoQEiEQMJpIhQRCoSwC8Uh0Roi0yZCIiKiRCBN40RrESUi0s5saSSngVApRSEpalFaKiGQokREESLCgIyZmpOUnGlkkEJOt0yhUkprLSJCaq2lU5lRAgwORUQIEmVLKTBSCEniMuNSa0QVlgDJcoFkGFfNFEmhkNLOzKlNMnaSWHbS3OwEGXLK1pqdAoKiUrsIlagxTVMpJTOnaRJI4dYMXe1KgMLOoohSnEbqahciM2utpZZQKAQWZMvEpXQKIgoI2wAOlBiLkCQsKUBRIxQR4UyBpGxpHBJGUihskWlnNuNmUMg2BhOF0tWIYpzpMZtEgCRLBsCJQrIjaOlSinEppdme0liE9i6d6xQUteZsWWqR3WxJpYYb0zha6kppOJDklhkUVQm7OUWIopotES0n2zZgoxpV5GQ707jvZwBuohgy25StRkiByJakqVWkoQiQCWFsYyginaaEnEi2EKTTExZSKEopQxvbOIWidhVB2gWZNmVB1BC0TFkK2ThzyiZFrYGiqEgSHqaJnNKKEFIg5ChVdnMOwyi76ytgZDvTQUSolACmllHVmsMM0+jWur6W0knRWsvWFKhUWqpIYMtukoDWUiAV4RaqIYhso8DIAApQYJACcCZQojqgtTQohbI5yRIlsxnLRUpFhbQl0VoqKKXYtNaAEhGlCNo0NVNraW2yMyhRQgrbyLITjEtUZ2a2UCVUQomxW0s7bQWOWkgnVoSQM0EtJ1AJRCUcCjeniHBOqQiToTBySwJs7FQUkIQk5CI5aRo9liiBEmNsEIK0sRUE4SRqgcxMkG2QMLKzEA0iFKZlOkKZbs6qKkE6A6wSYTttnKXUllMQEZqyOS2FsbOBSlRE5oRc1EUIMbUshlAmJoUMOCPCGAmTbkbCpCiSlThEKELF0dqU2IoiCYNNEZlOEtcSUqSdaUA4IlozcmaSpkRBzc22HCGrFAWtZSa1lgjhMJlutts42uq6CnJmlCpsCIWkxNghpZ22sI0UITnTctrZMiIQpEqVkLEi2tQiwoCNSYzTSEIo04bAUaptMM2UsC1hwERIYGQcIhPjGqEiN0uymForhKUQIDuNDdhtTApFpZRimpO0awlSScqkG4pSC5DZWlpkKUXUzKm1VCgUihDGGqep1kDhTGRbYNs1KngYBql2fXVmyxalBJiwUshYiYMcJ4q6KImcDueYCaQdpZCpkBAobcmk7BREV0BtGqRaShgHbi1RhVRQok9P2ZKQrHRiY0qEIclCNFxKgDEtTabBdlerSpAQhEprU2uOMFba0zQp6Ls+nQJLRWGn0y5By5AkZYhxmrKVWm3SDgC3qUnq57NMQwqRGtPylM5SqkVVUSjdsDJditIZESjcmk2EJBljOV2K0qRtO0rQ0jxTRJEwZBoSZGdrhIgSRTJC2aa03UWgaG6hkrYCIUNIUmS2Nk1RIygpS+TUQBJBaZlRFKWMwxopFFKASaYcjSIiAlmlREulx4gQStOmhrIvXYPMJopIIsJYSDjV1KJhWRISVkSkm5BtJIEkwDgs8OSGAzkUgI0CKbCzJUGmg4hQ5iQFIadBkK251hqhbE0RBEBOKeRAOFsaSgSWikhjmp1KIDJMSkiBAKap1RKZ2BkRKGoJ49ZaIGOjkAAAIcs2oZaTje1QwQlEhEJOMqdmF0khJ6WWEtGa2zQR1FpFTK2FSQGEMJBE0XpYgwqUrthKp1uqBGBbCjIVJXGNQpiGAxuBbIVapnGNghSKCGWbpsnITnA6qKU6c2guELUIbDdcFCEyjURrKoEFmYBUFMYts1NMclhpg4OAbEZSiZJuociWU5siotaKMR6mUSZKUYhURMpFRdnaMK4jutpXGWMJN4OMoxQgp9aySYpShBMEQpmSkgglhKXINk5Ttim7WSlR7bRKhANNkxFdF9Pk1iYJ2wFEABEhItukUnBiUADDuOpqhQAknJkgBBFFIVprmbZJ0UkGZ6qETYlobTKSIhRRmdZTKdFaTtMUJaKUQM2t1grIkW6kVQpggxwKO03aEhFCwbAaHIkjIkopJdScTrWcSEUpkGkbmJoiulomt1pmkjMz05AhZXpyzrrOJj2BRNgGQAJEqDQ3Z5sy+9JFlAglrU2ZrdWuMxZky1AQ0XKShahdIbGz2Uq1nFpm7bpaavnUT/qEhkOKkCTj2nWIaZwy0y3tlEhow2Sn7WyuXVWRWzpUogiN4zhMa4tQRIlMWrawDAkYFYIoIYQUCJzNjhCEQkKlFKQgWyJnRIko2Om0BUiESEUpRBSDpwYYQoUQaBynzFHQ910pYQwC2QnKJElJIkCSkCSQSkQRiuLW7BzbYDsUKhERpZSiAGE5s2UjVCjIpdQ02SYRmR7GYWoTYChRbIfklpZL6SSihIqKiiRslaglMK25tQkpiKgREQpFiRKllBLI2SyVUhRCqgE1QOASAShUQgqanVMLqZSKgkAQKSK6UlQkhUJuWbtOCCNnZsvmkAhBlMB4vR5kl1KcmU0mSwlDZsMGgYSR0pk2tgKnbWfazgBFkSSkIgkhSZKEFEAoVKtANpC2ldhWCVAoohRCobBprdVSLbfmEuFQtiRtkdlsYSNKhMF2iZI2AiSTcojWuEIR2AklikS2lCLQOI2ZCklgZyEsKUK2M9MpXMACCEVzIiJqgMmghEJCEaVKKkIoCMKyUVHidMOeMhuupQhlJlZmC0VELaUYikKScViCcRqdDUeUQtpky0RgbCsikNMAgkwgIsBgkyEpJFCEWxuGUaXULmzSLlEiCiCUWBiULaWoXZ/pNrXaVQuQFHaCJZOenNjGspIURISKhDINqAgTXS2oJcitpZuRSJdSLbexqZSIgj2ODdx1naSWjbRFKltrkKXWrlYs4VA0JyIi0ulEkhMbK2UpIiShlpNlJxECQmpp2REl5EwDgZrdcCESt7QgQoBACkUpCgknIElRlOlsRsKOEk4yM0oxqiVKhI1tFQEKbABSlgUCUEDiIpDCJUXakKo1CINQoK6rCOMiKUJWLQVFVKVByjRCCoVAVigIgUUIQNAcsqDZSFGwKVEUIXDaCdASEkXU0llM4yTIltPUgFpDRGuTwpJqKVIYsmVOLUoxpE261IKAwKaI5mlqUcM2CVKUEqVEhJuTTFsQ0pRZDEhElIgIoXQqqNGBSNtIIhQq2ZoTY9tIqDgnqdQIt0yMwCgEslOAcDoiulIiAqaWgqaIIikiSrVsg4hCqEQJSBHZpnEcMrOrvRDKbG45OQPJpJ0ms7m1qUY1aSxhpIgIhUKgULNbazWKpXEYp5zI1lqolJCEJRyQVggTBEUhKUIqihAAJkVxZjrb1BBChDBpkBSybVvCTtuypnE8Wh0JqopwSxOQslsoLI3T4MyIgtxaixKkszmdAkNRSApEOg0SdstsRkiSpAgJDCUCRFJKZDqdsqLGNE4RkekowhAKybjZNULEalgZu6WIooioxoqwMxzOFiWKQioRKqWWCFnNDkmhBJptJLds6SxFpDNtZ2tT1/W1VBXZESVKqZZo2WwRkE4rIoRCTuRMu0gRQiDa1GiOWrNN6cyW4zQJlVJKFEIlQqEpHRC1hMJOUEGgqTWhbM2yTcvWEmFFYOeUEpkWgLHdEklRSBtCmlqT3RJwrdWAPbVWS40imwAjO40lSRpa89RCgohAqKXTaSilkEmUCEmBbWUQkgCEFCajKhyZzZZE7UqUUqQ0ciJJkpAw4Oy6LlDLjFIiQigzm1uJMJYAS5JCKpJCoaLMbJk2skOOCEUIkELGjlAoooQihEICQhGSM0WkUxipllprMS61dLWOw5htdARQSgGN42ARNiDZyJmZzbYzoxYppMAphUUau4EkSi2IQFEUJUoNN0+tKQBnywSHAkkCkFDIRYoISaRVSzgM2JlWRISRQKEAOxS1qxEhNE5TKCgS0GxJIWzjYRjBYDBRioSzfOanf3KJIoWQjeRQOC0QUgmFZGwbl64K97Urisx0kjbpltlak1GEnTYllLiUKkUtUUotJRDZPLWWzbUWSaFQhEg7jUopOKexIZOKEko159RaZouQVNKJ0ikEkGSIKCVCgSQBUpRSENitJTii2FYGkRFqUypQhMGZLbOUWqNa0LJ0tbVUI20wEKEQzZnp6CSQVEtxqNQQsm0sBdB1tZYawkbCODPTGaJGqaVMOeXUSlHLZpCKM0sptqUIJDltmSghMBg7nVAipHAqwlDUyEyF3FIyMLZJCgxYipQ9paSIkIwhQpaERWaLUIQQUcIiSim1YAvaNI3TVEtRrTUiopZOoRBItExnSlVOEAgjaDZomkYhRJIBCNJpgLCSJAlFOoFaSmbaIGMLAUgRUUoxbpkh3BpSZo6tzfoecGYDTyZIMiKczmxja5ktG3am03ZIkrI1MMjYAgi7ZYYiRECmDbbTrZSIUkJMzbYJCZNMU5OQIkoBnJZomdjZWoQM2EglJBSSJCCdSeaUzc3O1qZMdaWTIkK1hCSFVIqgiVokYexMSUAQKjIiLdmAABthS4FsMtNRCti2MZJJZ8vWkENFigKqteBSqiQ5pQLYthQhnHam7UzSqkWWbcmllkzAtjOnophyamNOrZVSSglbpZRSI1sCTmMUUSJCcmZzgltrIEkKFNhumREhKRQlAiLkUkoJgRyQVqiqhChREUgKZWuJwdM0yUIIlRLjeiRcShFKu03j1NK2pCKBRbFdu1oikIdxkixUimSVCEVERIhaixzGCKkIqcip5ilxiRASCsk4QiSEENM4lShRSrYER4miMDhRSAlBttYya42QbCAjuohI3KbRLbtaSKZM4ZAihERrEUWl5NSIQCCLqJKdEREKy84MFQVBRC3CgFBEEBjGqU3jiF1qVZRaYpwaZIRKKYoisnQRqoSzTbYVkRhQRCiMDZkWlFIyM52hIFRKAdkpFQUimhtQI5ACbEeUCKVdFGCMSdLjMKqEQiVKFglKCQVpT60FUUu17TY5VEARikI6m5Pm5ighlC3tzLQKUijI5pZNEIrMtAkzTq1ls2nOUEikkQIUUjqdGEkILNo05dRaS8SUTUTtOivbZIlS+lplqKVTiUDZMk2pgQLINBFFIQVYqLWptcxpmlqTiVKFFTGf9RDIoWJjO0KhSGfSBG6pUkTitGUMRKg5JaeVzhrFyNmcCJotUaIklIiI4sxhamHVqFFkKaIE2IlptluGFF0fwqZESWOcmQGhyLTtQuBsTtuKcGZrTeGIEA5VbGNMqQFKXEu1XUpB2CZEuk2TUClBujULMl1CCdmaiBKUKCVCBSFIGYK0Q2EpQJaAUEtnNpGhKCXAaROKiBKBRWYWQpoyayml6wMQ6cx0KeE0lkiVGlLLFlFtk0kE2CnJmHHKUqLUrrm11kiciSJqRAmJBEkgMkuJtLGFAJS2jT1ZAaUIOeVspdQgMgGjwC61ZHOznC1xSMjOJKKUgqx07QoEbgYwUUgyW5tScomQ3QxyKCKUxk4SlUpOoFIAWiYkxnItHUYhg5wgSQjSNm1qxl1fgzAOCYUCIXAQYxs9tdbclZJGkiQbAk9TCdkOCUmOtEFFykwQICkMCkvpbG5tmJoJRWbWUkvE5MxMQGZqDSAgBGo5CRnZFlYNJ86GkEKSkAQoswl1pVrgbGkDIEmyCEUoFFEUYRs7DMjOkCRKKUKYKKWUYmNRothhpxRhT9mi1FoLUBQSkg1AhGxIDCRRFAFR2mTT3AypCKcRZFtPY0ioZI4oalciJKK1FhG162snonSlpNMty6d92qeGwnazBQYbkiilFEnhxFItpUhWRAShdLY2RSiztTYhur6LUoCQWpuk6LoOFAoJBJZCiggg1NXAbk4So9YsJLBRAYTktMkEkghJARiHqqRpmopICEmoZcpCrrWEInMCtWyZrioShKMqVELF2Yz7vseWSFshMHZEcVqSldmy1AJWBBG2QdiKcOLWxmnEspFUaw2iFLVsQKkVyxiBpVBLsjUkiJaOiIhqWzxTKKQkmFpGhDPTtjMzcUohBaJNY+aEamZbj4OEJCsNNdTSTlOEFKW0aZraWGrFGsdJIUFzRolA6ZSKIjLtTChggZN0ay3HYez6voSGaUSUCJxWOAlF1A5bIQRySBGhwFaIEpKlDBQRIlRKZLqRTgI1O3MqUWxTAiME0TIBSUBmTm0kBbaFiFA4JIWUOKc0WTJUwiYEUigyU1KEZDW3zCxSKRUCKQQBxqCEglRsptaKVEIGQkGYrKWUUpOGCQXKKCVCEg6cGQE2gUKkQlIo7XRKQrQ0aSkEJSKTzBYqISErAkkoE0i3UVFIK0EE2BIQAoQiVEqRSiicGVKJqLWTFAhBiHQ6TaYJKFGiRKZqKQI7JQEqYROSSkQpEZEtsVWKQkoUEpRShZLEJsKZOMHYUYpKLQhIuxQpAiMJS4FsjEoRmU5boRI1SgmIUouMohSFTbpJihKKwKkwoUA2mBIiSqhI2EYSQmATilA2y45aAGe6mXBEiVKAdJumrKWUWg2YtJ2OKGSqhBNnKlRLh8I2ChUFqATIpDMzbWe2ZhNIqKiAWmuIUsI2xnYNjEJSKDNtMlMRESiRooSilgiwVINMScbTNEk4M0kJqRiapyBKLQKKnDlmBjJqbSpQa2cbUMgmnYABm5CQCjQnOO1MQpKYMkqptS8hpADbbhlRIwIwmc40AqRs7msBRZQIbDlbykLCChUViRJRamc3KSwr3XU1VAgJRYSEkUARgIQEEbItCxlhRZHThoqihHFObZqaJEkRapl2hklkGWdrqaCWohIhEQBOR0QoAAknJUqtHaIQxhGSZCw7SiklQhVZtkNYzkxnKQWQyJaSjEqollJrtTPTwooiAbYVCpOtpZUypSullFIiBAanhXAiSLdMHFEklSjIUpToMhw404JsKaGUZTDENObUptYmRUgFHGCUdpvGrs66vpYIANsQtkrUCEoRDhUkQdohbW7MVcJ2UUlsOyIoJaRSI6IUkXZElBJ2C1AURWBHLaFIJ9HJWUuNCKGWWUKK0kQRAOmoVUYRCrV0hCIiSgmr1CKpZdZaRDQnkkIBzenMKFFqtbO1bCZkEBLCjRKKKJjWmiTjzGY7BMaKosBSiRoSSMrWFBK0dJGyZeZkCxvJ2eysXWcZqUQxjiilFAFCERElQrYzHaWECjKJJEXUvutKHZ2ksdOW0mmEJXBmhkrLRtLVailKqJSiKFHAaUcBFAFQpMyWiWRhIpAASbXUbJMkp4yFjCPCtk1mw+5KV0qRZOykdMIoEIiIwHgaW3MqVChTS0O21pwRpdQopWS2Nk0JISmQAbVsESGFTHPLlkKWsWXJTmjrIUqppaaNU24QKiKJKJkZETbYDi5LF5GYJFEoSsFhEmcopCg1hEA5tTEtMqIAkBiFCCkhMighCFpOblYEcmu23dWqqCFnMo7rtGutUYrtbA1AIVFqV2oXEWCaFQFpBKaoRMnWCGi0JMNAZrMdkkSJABNRhErYEQXZmQ0CmSTBSQhwpmS3TEWAnI5wqFgomKY2TWOEICKihFprmY6IiGIIhFz7TqJN2VrDIQlRPuWTP94GyMyQwEImjSmFdHNLO5BRKUpnm6ZMwCLSWUoppRqXUpwZJVAohJXOCGVLu4FkR1cEiEymTOEoIaSQcSnKTOwSNboqMNSIUiNUCKKUUAlZCpS23DJxIFBzQrRsrTUUJWSQiRqApECJ3dJCEc3O1kIhCcumlCCYMhE1iiRMKRVhO9N2s0sJSXKoRC0lWmtTm0oJCVtpR4SEIkLhdCnKbIGaM4hSu1JEEkXjMKEMVcCJSpQotYTAkjNBtkERNUKZ2aZWulJKmaZmORRgEZLTAkUNNWeqtSkCqQimaYyudKU0LEASCgWBsTOjhELZ0ulSotQatZv1FZTZIkJR2jSiUhR2YsCAhEIYp1O2pciiqiiKiIoUkCIyUwhnUUmcrdWIKBVsO1tKRQEoFArZadsoFFJIMp6mKaJO4zBlgiW60qsg22kgAlA/60qUqIHszEJQQgGSMyVsZEUUCqQilHaJMBAqKiEhSyFkg1GUCIVqhNJuzQhBhFBJMgA5STJCUoQk22NrxqWELEoUhe0opZQIRYmQ1QBjJ7ioIFmSBIFTESBD2tmanSEbbCsCVZzNhilUhOyMqEI1pCgKoQhh0pCGUDY7M9NggIhQOE1RUYSiZTpTUqIknYqqgGanUyEiQpIUpShKKUqT2RRSCdutZZQqKZ0ORRQJ4yKFZBxSyrYzkZACBFJIQCLJpjkFrWWJQEJRaiDJnqbJMhaSSBBELWHFMI1912GQbSC6Gl3XEXKzkBQSCKchRShUVAjZiZEyGwRCmdmygUoEoTY1CaSxTSpRUGJJSAIiJDudaZUiTCiEEGRLjIlAFkzZRMHNloUAwlgCI6KrJY2Eogi1NmVz1IhQOoNAssA2KJSZNm6ZckEoioqR8NQSEZBQRIJQlIgQQtgCu9SuSM1uU2Jju2FZuBAqYWcKWZmZZImIICQb45aAsEG4GVCxBBa0dAgnOLGEJIoCAEcEwmDbchgnYAdSFJUoVRERkiBUJKsAxiShSOyWacIkYKJUKYqUkoTQ5JSkQFZzEoGEotZaawdgWelshMKhQMZSKQUFICkU4GZaZik1hECl2DZqbZJsBSaCiCqpRIBac2azBCKzRBG01hSlq3XW1yhVIZk0UaS0bSGKwJkpbEcobCBD4VCJgpSZBmwZiOiEM5uaJ6UiTK2lQCrtBLdmMkLGkiy1ZhFI09RqCYVAKKWCSagRiMxUhGwUbi4lQmHAjqDZKiErc6p9R6lurURgTy1BJdScJMaSkNOmQciZpZbMrKUmdpoI0lHCxnZXq50tM0I4p6mlIcBIlBJAy6m1FqVkNmMiopQSRZAgjJ0tjTFpJ4SEKFHt1lpGEYRByEk6IxQRoIgSgZ2giAgFkgEnigDJEWWapogIBemhjTIlsKJI05Q5NVt2RhQhiwgphI0wRAAQth0liiq4djWiIGUmUGtVUEqXuEQoIkF2REQpU04SCkUoMwWCUIAVIRmp1NKaFUBIISEJ1NpYo7RMBaFSA1BIETGNzU7bglo6g0BSibAoqqWEUZumNBK2DbYtZU4oSu2QMVEqUaQIWVJEQJBWlQgkY4zsACRsFBGSMC5RSoRBliIyW2ZKms1moViv14RRiVCEZEtVInFEKbWWWnE6LUUoFBKZrbWp1b4LNE1DJrUUJCKKpBCy7CQzPTkl5ZQtGyKMpCnTaYtSQ1JYxs5UCYmWDVsqRZF2FNo42ZlpbAjcFKWEptZkCNVaIwIMUjgoUYQAZaZAoRS1ligVKYSi5Di01ghECJy2AYjoSq2h8mmf8smKQIBIl6gpO6kh0DhOtmuppQQijYISUUqJKJC1VBQCIFuLiGZqSArJbiawXUoBTZOnYZzaGJQIFGrNJSJCtksIwkKKWqoEFriUIqLZITtToBBgJw6JCKGQVCNwCoUUtYAzKSVqKRExtbRTEbZBAdhCEbJJIwSWkF1KGNm2nc5QuLXMrLXr+661Bi6lAChr7SNCkgARJZCwJAwCySZw1trXWSdAkkinUESZpmkaR4XAaTBgm1KiRJRShEwKGq5dF1FCKiVwJhmKEiEpatRSsBSKIgknUUIgRRfVwlMqokS0TEwhnAhARlGIGiBsGURmOq2oQRoVKZ1EIIASBYUkhSNqSCWUBFgoBVIgFJmNEKZ0lXQpCgURiMxEqqWWKqFQWCYbVuBaa0TJ1pIsUQKVwEQUhRRI0MjMJkK1OBE4HcLpkIpKyhElFIbMqagg2Wm7ZUYIwFgWIUkKQ0iS2tSmHENFQtLUJtsRpdQokCYiMl1K2LRMqYRIW1ihccxAofA0SUJhHBGZTUREwW5unhqilLBCIbeUMDZECRuwhG1FGJBCksLOzClRlaTSTMuMKE6rYIt0tgwJKVQEwtmoIYpCYWjNJcJBqAQQso2tKJKcLo7SFTVb1ChdV5DCERFItDQuUVq6TVNXu1ICSwIIEaGQZEtS2ihBCGF7Gie3VmtRSCVqhLHTtt0sqYQs0sZIAoSdaRVwUWnZaDaWSqkFUaB0XbY2tdayESEyItxkt8QKGZdS3RyBotoOKCXSabtEkcJq2QAKoLAzVAh1JWy35hJFJkqUCNtphxhak6RaQ6SN7UxMqcWmjQ0oIaM2tWyNCGeWGlWBLKkoWhI1QsVYoUxaNuckZBylBOAoRVKJUJsSZKMS2IpSIlSLHBKZ4zg2CakoiFJKKdPUsrWEQE4JnGk7Qs0pFEIRQhFCkkQoSaGiMI4QUEshqqG1ZrsrFTFNkyKQI4JMmeY2rgeTirCd2SQBkgimKQXT1EIS2C4RNrXUqLUoCAkAAZCmgCWZkFQko6BEZxEhSRJFoYKsBoGMp9ZIQuFMVclKHNAynRZKEifQMkXUrjqzTdmyhWQnFgFBQbUISSgimjPT4Gyj0zalBCYzQ2o2tm1kSWGcWIa0hMlsxmnLTrsUGU+Z2GlkSpCIZkLgbC2Kuq5ELZ7SLUElIlCSXdRU5pjGbhmIElGKwARQVHBGCKm1LKXLnDJBWSWEnaVE1BoIRbaWTimAqU0kCCSSKAE0J2SzjULKTKQQdmLbVspKQrWWIKIoETZ2mxI7AiEFYUrUYRxqrZNT6VoLtkREgDJtE1G7WkrtCdOMFCpS2JaFiAjAqVLkzAhsECEDiCgBEUJgLIVsqXSlRoQlpSOICGczKAqknXI0NyFMOtMJkkU4UAohQnYaSwRRiiKKHEal1ghMVkmhUqsQcmvp9DROSKFQSA5ByApJYdvNQFCQUEQJS1URMghcalEIU6IIJR7HUVbf9ZaxgXSCpCgRxjlOUiCwJDsiFIqIKGAhwAEGiFIUKmjKBEpRpsENCmrO1iZJSKUglYgIRdQClqIrtZTaMm1LYCy3aUob0bIZuqgEOCRCEbUYZRoLWZShDaVELdWOzERIEaEoUSKMsrWhtRolakQNTZ5aA6Y2GhcJ09JphwKQEBpbZmYppahGREQVZNrNkptThOR0A0IlQi0bmRGqUVXCLaPWUiIUtqrUnEFk2o6csrUmyRBShDC2FbWWamVYGWQmRCnhxGSbMrMVRWIs2wgSp0NFUssMyBSZkqRiObNhIlNBa1lqiQgpSjCNzUn5tE/+JAkwSNIwDtlQOFSEVOhqlYqkKMVubmkIBThCtgFhqUSEZKUcliRFlBBCSiMhjCilIxRFTreWTqtENhQgt6khpZO0aVhOKywUEUZB2AaiFolQqBS3VkJpAYpSIiRlOiJqidbSotaiUkmHVEoEQUgAoVAtwrRstqNERERIpYIjSlFYhIqg5WSwkbGQI8GZoWJSxoIkSiCRTiyIIjsVUmJZaanYBpOOQqgrXYSEHBFJhgpJOkuJBiRN6ZYK1YhxnMgkEMV27Tobp40zs00ts5UopYQUCgpCjOMkSUUkxpAgEAXbRVG6akOzJMKYUiNKQaRdVRQB2HZaKlECp22Q7WYrJGVRaZhsShGCtCVcSkGuUUBT0qZRQUTNbMbZ0rYwQaZBjZSK3YQEpXaSM61AxrKR00BRiRIhWmZA6TpCNhiVyCmRASOQwlIohCAkYxuQBAihZDIhQALkhmmyJDkTwGRisG1PNoEkYVmK0OTMoZUSfVeliBKlVNvOJhXZOU1jy3Rma5ZDMipmyklRlBZGkiUREo5aIoSkTBNyZqYVEphMg1MAREgIkUgylMBTmxAqNSSEbEcEhCIkNxsj0sZSCDmiFMlKWakUQqEgHApKlBAJtlq6oNKVsKZMbNtCJg0myERSLYhATjIbqJSiCBFAZkrFbaI4KMaETGajRum6TpJtgwSAAreu66VQiVLDabekREiJUdQSoSJkZBJcpJYUSZLDIJyZKayoQZGwM9NSSKKlJESYkczWnJailhCknW5YxnIootgKyWQzcokIFdXAZFqhkFNJopAUQRJFciikADdbgdKSsKdGa2NQiAhUSpSoU5tyaipFUkREME0jUEsJBXYUYVu0ltlaidp1FZGZsiUyU0EtRSIzVULIdiNJSUYCBBYCoSgqjgil3LJJARBS4GbLpRRFCEiXLqRCmrBCUkiRQGsR4bSQAsM0WgKIEpIkgSG6WhSlKBIig3BzgiNKFGeGioQSl1qKwqEw4EDCUgGwpmnKbF1fh/XUcqqlWAakCKGgRCArQliEJCTSUmBnttZalIiIkARGSjeIKLbBKNKpllEjUCikKFEoSMp0GGQcURDFgUTaWKUEpCKCaNkyHQgwKhGGEoHUxpaZIUqp4zAShAICWzWiFNuQTZZtyU7SiogoKoqinAAr0wC2Ip05GYwcBBicCUrblrCSJkVElFIESCLSBkUJm9aaDbabokZIJktBBAEoQhEFW6VKGDkzjQwSoFAJiTCWg1AKsiEiwlIgIgCwUa2lREzTmE6FMJZpRokkYTtCEYVwLVWIbJkoZNuAQuB0hEARQgUcEQrZmYbW0ikpW1oUSnMqcWYKSRIAtkIhWWqZAOBsJJktVJrTtiKMJFqbsC1AiogQFsagoJZqS0FEhKK1VhQtwSQCG3AShBAEkdmMjUCSnJmtpRNsWxhFFEUpAhOSWkuFQZkNp6IIK4qESaycptKVGsUgSRGhCMkRgQFCUkSJkBQhUUJGYWOhEAakYtxaY0IiFAQ4QRbOLKXIZKhGyXQoU6GwM1FiQEIpt2mKUMOZjVQpEZSUJRUVhVq2NjVCIZUotYRKyDitolr6KAJkhQSCTDc3K6LWAEsKBCSJsB3CUUK2kaLUKFGkgBAYIqWiWgtyG9uY2ZdqkZmB0s7MkKIIG1FqDQEKICQFToXktEOBkCIkBKUWKURKYbu1plCtNZszE7nWQBKAwICF3aQC1K4qaqYFglCk2zS1zCapfNqnfpLtooiQ3WxCLoqWaTepJhZIwgQoNLXMTEkQNoSkmKYhahGycMuEgKgxjlNIESKEUahEQCgibWdGSFBKSWeogKWQAmELSDcR6XQCCFqbMltEkNgYl4g0SFIoCEkCIgKF0mmnTNpVxViURsNElBCSpIiQUCmhqNmSbLIiSoSb7UwpokQoTBaFQ6AIAgw40wZPLW1KCUFmEgoLSQKTmdgJYCCiRClRashpI0khg0ORNrZtaoRtZ9aoOG252YJQLSVKgCCdBockYadU7IwSshxOK4RqEZcZ2zLGRgTg1to0jWAQhIQcAtuKmNzIBAUqERScSdqSHRFGYOdELZG2bdtJ2tQSNrLAtrORbqWoRg2Y0l0ttnPKKZtQRMGA3dKKlhMZ2SYDCEkQEXYiqQS2wCAgailEYgQIIkKSM1trthUSoSCNGgkAOBM7FS6lm2xnSytUSq3CMhYGhUA4kTFuk1FmgzC4WREhFWMZERElioSkzNZaq7VISjuEjUI1CiaKVAIpFBEyEkgy6ZSVijBSAJJE0Jr7vutKteVMQKGIoARIgZDFZU5bQkaBm1tLCYWMLQsiAgo4cUgBQLbM1kA1CigCcJqWTYlthVprMCKVKK21zCaCEmQSYAVuCpzYiBASTosQCBJsy0jIRmGy2Uojy4qQgkxshwRBukCznQYjAW4JKTO1VlRLCSyKCIUEKCSFbQsACyyplNKcrTWHaW7TFFGMISEcBKKUYoDEQpKICEURKuFGuskAxpm2M6IIbGyEhClFCjKsFpYCCDszbRFRSFsWJe1aqiGKau0UKlEiFLUIMtOkjbCNcaZLhCLsRBIyblMD+q6WrmJjFJrSJkuUiBoKMhOcqaIgsCQkjGqoTQarhLETy9jhIKIosDNbNifI2CgQUlUAzUhRSyhwTlPLNlkhqZt1kkREhISwRd/1JWqUMGQ6SogY22ibsJFQpksEUmuTQLYdsgXOTOc4jkmWqEiSwOM02SgUoFK7WkMh0TJti1DIKcBkUACkqOHGehozs3Sl63pJzZmZ2AgRNukUIRCKolAoonRhO7PVElKx0zgUpQiHZeyW0FKB0xFVitIVRIkSYmxTkVEA2TLTJosiSh81VAqZUQoyCca4loiIsKQiIDGuXYCwMRKZRkK2JHsaJ5BkUdIZEqiWCFWF5Cgh0rZU5GxgRTQ3EaUIA61ELUWtZUilFkAKUpYxKGRJUCJAgMEuQcvM1rAVJUJIthWaphGnVKdsbllLsRxRQliS03aGC0SpJFiKAEUJbGVaCiJtJYqCkCIzDbYLqrWTSNtpRTht0pnCNhJO3FoztVaQ5VprZrOzlg5hhVqCUSHSKRA2IAAbBaGiWqpQ2gESmDSEcMoabdulyC1BgVs2WRTZdrZECkJIUUII207sLCKlbBlRIkJGYaClx3GUopRiCEWotNYQkEKl1FJKkWzbSCBsnCkFckglAlAobTBSSCEyKaHMjIhAzdgJISmxgRKBMnBaoZDSrdaCAtEycZKWhAApwEiWUEQQikCBjUIRyJmOiCiBTQOZCMKSsjmESTecOU2Z2RJLatmEDM40thwqJSTJMiYkkIpksmUJpZ12WCoq6ih0NUgMJaK1nNpoC6dKyBCkyZZ2phWBQJIIyekEgRBtGqOWIjkCnAg3o9aMc2pZhC0FWDgzk0xLGEk2gRRyZstGUELZ3NwCATWKhHAiQSikkNycJaozp9ay2XIpBVw+9ZM+AbBw2kZSRJGKnVJRCLvZ2UZnttZAzqYQoaIoJYBACIMICdu2DUCmI4QAYRQhSMhsErXrShSHAERAKFSCdGsWKUVEGEoEwkZCVZhpmqZpkKIEirCEkARqLaMUq5FKp40sCxGQlkxi0kmEZGynM1uUYtPGNkxjpjMznRAIbKlIRoREAnazcUhDNqcVihLGMhZClksEocxULQVBGGNNbWrNXQ1KyKRbTpZcoiDAmbYhIkKBKKCAFLIcEiIsQoLWWihUZBsDkmoEaQvAY2sRKirCQkhIIVK01txSEdmak+ZWS22QbhgibcASshShIima024YS7YlYzACbFulRERRCBfSKQdSCDIbCJOhajzlVKIowiShWopBokQQNLIYRRDOtHEJITkNCJWIbHZLQlIUyU5gbJmZDmQTSAhUuj5CtdhgZ7MCKWopiQOVWgyKElJRIJzZcgIkIiq2kCRJRIQELlFK10WtXQQhOac2pej7zqZlNrdsiRCSBEQppRSEoZYSpRhAERJhkU4QgA2yFBE4LTKtIBzYioA0YQhJoVIKzihhTMpuNOO0FRERERFSRBARRGCnCUkKSciyZCMpQoq0JIVIk04sWZPtcWo07EyhLLXrSmmtrdeDg9l8FlJrrkQUCSRAtiWjih1RkNMmVEKhUJGMQ7JBmJZTLVVdB4hQCbfWMlUkJIVCU5tQYCtCwoQkQamRLSWLMElCBM3pVCCFrRI2ISsCt3RayHKJopCkiKJw2iYzU5IiIgJFSISFotZsObaJIqEINSQJKCWaTVgK5BLFUEISToyRooSiRqhEpHPMqa+95MwElwiBJIUkFNGmtBPZhBCEMzNblNJ1nSKcLqVISBFSSERIZJJuUgjbso08jZNlm4KiFEmWDa01bAvLmQawjd0gMBLpEOFOnUWRFGHZzYDTpRQjKcZpHIe1my1KrYEUJWCYpmkca60SthRh5+jRCdhGBjG1qUQpEbYNZEaptjNbjVApBmemhMnmiEDCmSBQhFCUyDGjlBC2wM6UhAmFkaG1qSU1FBHO1ppLUSmllmIJE5JQpoVDkiSBQDA1RUQJEJDNmFJDKNMqksPOBIXcjDFZaxWyCUkhMhWRTmzstErIjQgjVxWVYjKglipCgMhszU43QUQJRTolYZVaQkEoCAIRpShKKJAjpFpriRKhbI5AJZAImSAdIZQiLJGZGJWcGnaESsgRIixCKrUayyohhRKcmZlCxi2bybTTFlYosRwlIjNVIkKAEwLbbq3UIiGjWslsThJsRWk5ZXPtO5mWjpBQJsKSUhSFMYntli2kNEil1MzMTKenzEwjMK2NUkQpCbJFSbcopUaRQnKJIgUhOSwbM2UKHIRpuGXamRlFQkZRonYFI0kiKITTCiLCQUiSSrYxE9sqBVIUcBS1MaepzbpeuGEZk0RIihChkIywFSFBGpIoWBEAUSQQsg0glyiIzAwRqGVDSKFQREkbSUYlZDBJs4mQALDUMrFTIjNtkRCQzmYkKCo2kmlCIJwIERGKCLllay1UopaIyOa0wTkZIYUkDM60ZRSAnBlRSmhqLUqJKmdObaqU1qYpE6hRXBQRgq6rIGQUCoqipQtFsiRLwplWRIQisIRtYSukKGHk1jKdONMRksgpnS6hUkubHAqTaUoJUqVELbXZku20wqaUKFGwkEDjMMnuSggZk245tUYpUWpV4DR4ai0gxZStRlGUCIVQqKW7UrsSipKJoCvFctqETFoROKI47FSEVEjjbLWWosARKuXTPvWTEjkxWUpFQmDXWqIUu8nCNkYhOdO1dH1fVYoBgQBH7UJSCKdxZgKgkAKwEKUUsCEAEkmCKLREkqXAYDszS0i1GJwOpAgnOY1RaygwiWWSjFJDcroIIwzG2dqUzU3IEFFCYTCWUaiU2jIJOR2KTE2eaG45DdPY1aqARApjcKAIWUXONlnCZmoNybYoCrDlAGFnpgKIbBkmIkJVQqFApSsFLGqEwSSgsAk7bauEpBIhIZEKGacVIYSNKKWoKAjZQMrYIiyECYWxEAYhqkojnbbTSEIEJM6IEhGGzOxqUSk1IlSSzClLiVAQBTdDgCQgSldKESAipBJYRpJatigRYEtKS04jhIJwICmwFUCJEkIEsk1ERWQzMpZwqV2tBVFqDcsIZyklJKSckiLLRcKyTJJYGExLhWwBijAtwTaZaSkQRcIYmNwkYXC2cZpaA9dakMKUKEKItCNswI6iACIUqhGAFAoFESUiqjONS5QIpQGiRgEUiDals0VUhNOtTdkSLORMKYQtMCUE2ZqBUNggJEoUKbKNKBVFIeyWKWNTQpYcChWVwIqQKJJtS8VAZgkVCTltmm2rRISwp9bkLF0nuWXiBJUikyq1RkmkgpsjlIRESEXF2UBTTi1biQJhA0YhIG1ADohQSBGBBM4EZ6abM6ralLYCAwawAScmaplawyYoBGFsKYAIsFSiRDSnQkEohLBdIlCRUmAkRBiDIkIRUSIIqUQolAYHYQRWSCgUNtkmEiIEoFKii4JBoeogosgJdomICNKJQ2rZJJVaQlGKSCRspyxoLSWwnU4jOe3W0rggjG2nUYSiCBWBS+1CAW7jZFkk0KZGYGhp7EZWCZGW7AhFhCBURBCSMAJHkEnLyZkhRYTs1hxRBChKyFLYmGYDBMYC21IgIqKUcOY4TUr6+bxEgFTkzHEcp3GMUiWpyI0SpdFyzFJqUQDGgrDAEs7MllHD2YQgooQgimyGaaA5ivquj6CUYtPSISmw3fV9KDBgGxXVUoUUSEhYmkVRrYKp2emQkBQKBSjdIlRrUURERRKSQVKoRKgUO9Mms/RdKJBEOgmCIoxJu0WJUImIKIETOyExclG1nXaJIiLDUaqkUquk1hJs5zgNKiGEqaUIY5WuZObUJtsqEQYDbjiMQyWKcaiUCAKQSiAjShSsqCEbO4oQQTEYR0RIhICIEEhVAinkNBgJQmMbndgtIgKlbTfboUCQwpIgMIZSIoRFWLYtRS3FQkZRHGAjOaVAEcZdqREi3dJIkGAFCoWEZKeQpFIiJClI7FQ4G+BAmZmZiMAoFCUCIVvGKgRk0rJlS7fMNFBqLYEcDQckFGGFSoSICGcIIuSiqjK25nBIFkJ2OhOptUmSFIQERURfwsUVgSWJru+i1GxTELatCBljkBFhATKZU1oIsJ3NUtfVooIkYSG7RlVEiWKYpklCCDBERDrJ7EpVCdsGhRwlJCFEEAQSLSeniSJoWFKEstkiFGAkJEFzBqCwEJbkgMwpM0oBJCHblkIFkGQj0lbLtCSpIIxLrYowGSGpOltRiVIyk1CtPSIAqZQaUWyDJEnC1BIpnE5SxiKg1NLSrbVQ2BaKkGoEkmXSRmkFtesiImpYMgWRaZUACkKUCJViI5ETmBIBEpFyYHBRpIgSUarJbJmiRgUTUkRIGKDUjrAUQVFIALZtBI4uMtvUWldKlGKMkSIiQCJxiRKyQQIREVFqLRHNQpSI8mmf/MkhCRSqpSjCaRVl2k4kSRHqSjVgQjHZQnIiCdsWxhYapwaOiFI6SUUxtglRazixnVNDBqTibGmRrbUUWboaBEIIiAhJzpQAZ5psDlpL0qWU2pVSqpDAiQKnRRirSJKKQqVG2JraGpSeJGGncTZDjZDk1gxFESWSLIqu66NERERERAkJTNp22g4FKJCJGqCoskm3QBClloiwCEWoNLeIiHBmJgZkSq2qpbUGZDNAhDKRIoKGlU7cbFKQzpymWosECIwjQg1MK1GMZEqpXCZk25lRi5AkhBNZhAKDaRkCqkXYwhGKKDUCPOboRokAKUIgCYOUTlnCtpsdkopIJAlAEc7MdEYEEhiwHKbZUpRaIorSiWtEQshtsmyihEAhu2VCgNPCKZdaFYqxpUSIZiOKIghgyua0QkJIIogioQhJzsROR0hEFBgzIwgElFIiYhpHicwE47AsFYEUxjgVEsrmZtupiIgAC9IA6bQdIWxnYhTkNA3jWCKQnJkpyTk5cxIKkbbTrTmzKSQUoVBBDgWyjS1nSiITHMiIbOkGTFMGCLVsCKF0WoQJTFAUrTWDIEEoAiEjYVCC01YaQ9oiPY6jbTeDay2KooLtnCy5hCJqgHG6AcIRSLJVayFxSwUmw0JRJJVImjAKRYBapp0I25m2LVshYdvTNNoAOaWzRQRBNheFQq21IKKEIZtFALYS25mBmiIcUYztzJYhRYAkqzkDZaZEtkRI0VpKCpH2mMM0uVaFQghJkNkkWapdH6FpbFEUETaqQVq2IrCJKMjIzuZUipDShggBthEmFDgdUSIiW5taKyUENhGBsK2iNhkyjWRJzY6gRGeMIO1sxiiytXRmcy1FQqJEgTApWREQQaTTTkXYDZBkpwg7u66LWoASRYEiSlgRCks13TCArMwGjohQRITtAKdtIGqJ2nXNXg9DLTVKzUxnm88XtS+hyCmjKluCQ0U4SiikEs5UlIhoLXFGhA0giBLZsmXK2M42KRTSNI5pxnGMKKHInCJCEkjOsU2ZU9d1UTpENqdtZ5oQkpzZWpZQrRUJIoQsZ5psiYQUyKQRGIEkouDEKUkKSxHYxjZOJaaU4sSZNqUEQkYSQkIKIWGQFCERqlFCaklIYOyQcspxGkuptRTLtVRFKArYGCgICWRFkbBtZ2tOT1M6myKczpxkpnSNMLZwS0QjsYxaNls1IiIkOTOdGCcZLe3MzExnRpHB9pSGLKVGCNtEKVFKAUJRQsYpqYGihgSTDQSIkMgUTpcopUpMrQVyJgUSbBDCWAIppRAkSELpxE5cIhBtMkogM7M5AklpalcV0alELQCZkkLFuJYSEsg0KSQZSUQIp6XEAbZrqaUWbNvOzKRWJGHL2VqTQXKSOJAECtnNEdhyVaUQklLplAFCERGhEG4tkSSVCNsJRZFOrFIEtHQAohnIUIkQgDGWZTJK2CSM0yS5RBEiJMJOLCEjmwCkzCxFBtK2s2WmM9OGyaUrCmpUQpmNNCFPrXY1bdshWmsYoIRIA+nM1qakK4FlpyGsUgIrBGAjQ7ioRgRE2sLZMkTLDCuQAayQbSmilPQUtgOsCNl2pkopIdISEcVO0gYQEFFsWmsBRhhFBMJu2WwjIqJhY0E6ZaLgTEwUkQnGARCE1FrDpJudtasKMi0QnlqmXUspKkQIMKEi4bCsNk1jNqESocBJRNQSMi3TNoEzkUjZLkglDFZg1VpKKTbjekAKAU6MZKOwE4MzsQ3l0z/tU0pRlLDJtG0FochsTgtJiggQWEJRQjidIKtlk1CpnnLKzNawopSAiFAESFYDO6VIW1GEbIdkGzskh0opXGa7DS3d3JKirgREBIpCKMemKKUWG9KKINNkRDXYRLhlSkgGOxEmIqJEFAmni0JRCKKR2BG1FGxEEF2tSM4cW5aIUkKIdIZKDRsyFZKKhSwDdkgQmCgCLFcVO20bgbEzVQhgmKaIwGptwhhjh0IRQRCRtCCMkW3spiilFEymEQYUpO2GURVpCiixkIUIbGQb0pYUBRSBWzpbJkTUrlbSzQ6pJTk1S9ky7dp3MtOUpURzOlNcYcuS2tRKja4Up8epYaIqMApnCxVPSShNCDmiRGYi55QtM0lFCalNE8KmtVa6goHWbEm1VlFsZyY4omQzcrZmKaSIkGSkEJmZTjuMca1Ra1GEsNskUbteIlsqEABRikI2oSDsVKlFSFKtNUoBwAhJ6QRJatkC1dq5Oe2IMk1TOkMhQSpbttaaMxSKIrCtolCkU6FsTk9y1C4acnOppSvRd72kaZoIQmE3W6FSIjLTWLVgS5EtCU+ZQClFEUaZU0QppSokJCMJhRSSJFl2m5wOBQhQgBtECYEMkkQBR6hEKSGLWku2bK0pQYHAoRrpnMZmUSIMzWkjJGFJIVCEZBEyQhYUBSpgyy2NbUnGTpva1aglBCpSiRIliqQotatFJYIIsMAyGSVIS5JcohAh2ZBT66IYCxmEs1mS062lVOxsLZGlkMI4s2VrxsJ2GIISQoQUIQjhzGap1FmV3TJFRpSpNbcsCuOIgiAVApBkA25TC5y2cZqIYuxGyCickihIJYRKBNhIQSkiEbJtIpSKwAKjgsC2LUwpXS0g5BJFpYSQAghFBOFi21gmsEoYJAUhKZvXw1BrjVJFoCAzTUSUEsYipLCztUS4tRIFJwoAkek2TbZLKTbOdBTn1KapllpqkYUppZRSQJCWjB0Soo0mAGfDFqEi22kriFJCgYiQFJmZZCgiopRaSjTT2tTVks1GpdbM1owI7JZpLMlQSqQzp8k4MyMCNE0tM7EjSjZHSAC2jVBUnM5MCWNQRAkBDiRlS0RQGpCZaUinszUUxnJEkVRKEYjLpNIys6UCElCESpERQAnbYJzgdMpBJxFdhAkgJES6pRUKCaIIQsigUMjZbKkgO7OFZIMCHGBh5Exj0tjT2LI1ixqyBNkyc2pON7dSizO6UhBKRQkRiFCEcRIE2AhSCkzLDIXJiAhJUkRka0SQlrAUkKCQQZayKQIL2zgUSASSbEAopChBiUo4p7RNqESRhCHdSFu1K0bGpZSopShkAoEtOZ02NlBKBY/T1KYWEUalFBmFJDAKybJkHBERQTY7UERQIiycEmGaUyEkCUWBVAkRESEkJNIijFsbI0IRAKiIqU1TGhNCKoTblGQiFQUykm0MOCilCEepYZPZEJlpMoiIktlCSCjClslsadP3HRAUZEgQQUiZpjkiELKTzMS4m3VB2G6tSUVmnMZSJJAKyJ5IRShCaUot2FFCkGln1lpLCdulFANIARAhKcBCBNgliuwkS9SpNZoVgchsihACl4gSQfPUmii1RjqztajVmQa72SKxnXZVKSVkJZmtlQikEChaG9JESBKooFAQKQdGyCatKZsNmWlAhkw325mgWqKUmsqgOtMYECiKECFZoolQUUi27YwotUgUlSBzGqdSikI4GtnGKVvLtEEQNYKCJBQoQpC2W2u2JUXICAiFJNtO4bRTKpkOKJ/2qZ+U4CkTBCUiFEAQqlGKnJmZIIwU2CEpcDqlUBMRkm2kKKWWKChtMp2JSFkQUWwZaEZYECoKRahIqLXmtBHOKZvTLZtAioiSyG6JQ6WWQFqvB7sJpmmyFCGnHRZKTEsIUewmqURFAgtFFCJKKFuOOYkoESBUQBSpBKhluk0SijBKW7IUmLTDAguaJyFwpkuEBZDG6cyG5ExwOi0QyKCAzJzaVBSqkiIoBNnccsIOkCAIijOn5lprqbVlU4lQhEpIaUuKKM60LeGMJEPKVKlSOFva1K5KksM2AqekUDHYmVhCKrUUhTA2OEMhETWQstnZJImwGdejnaXrA1K4ZZSIMAYpp8kSFuGW1BoyBKiUEJQItXRASIqICBCiRmTato2tftZJYRE47ZAiIt3SRhSJiLSFFYGIwFJIRNRSStSWmTmFQlEkgVtrrU2KQqhEINGMM9PZGgJUFFGLIgJEIJCERSBJCkmgiAghcE6tkWlFjU4hQihqRARYUaJ01bZQRBG2HaWUEolKKSHZlBKKmDKn1mx3pUYEckgt087adVXFdmaqSI40tYQIDGRL1yhJBjKKEuCQ0nZLJFpSi8B2cxNOZyKEFdiSANuSUZQSaSS15szJmYogyExAWBAh2zYlSkgKKUSzQEWSMx21IioyWEayMycn4Cy1VhUyp6SEAGFMlAIOpAhJJYqq3NwyBVOmICKMQ0hFEgDOzC5KRLGwbTsTIYWQ7EynhNMggW3kEipRpKilJCGnMyOi63sFlgI5sYylQqSnbHZmEoUgJCGwsRSKEkIpSYRkRylSFAVQCkSEJJMRgQXZnC0bptRiSQKpRDhR0DIjQlKpIYXJTLulZCGnE0dIqkihAg5kIWtsrU1tSgtLIYfCCrUpQwIlxkk4s5VSi0DIRgZJcnOCIYoklRIFEqGgKFtrrdlI6rpaumJLEcZAm1pCP5vhAHAi2jSBRYHMdAE7o/SlFOM0wsa25IxSioqN0xGBIoRKwYqQQqXWQCGiRJRaarFt3NcuQtmaQiWidF3U2qYGFhYhYZDUdVUghe0wzVNERCgjpBDkNJVa3bK15jRggLQtCUACZ1IjWjZwqNhQVGvBQhYCO5MSzjQpyZlIJQpBKQVZDkRakZmWQiCQEEQUFYVqwTmNY7MTy8KWQqEQijA2SNjYRqXWsAJbpUpSSGAhokhARKiWkEIREQqIAKbW2jiViIgCEpaidEURpcjItCBU1bKVWqJIklSiBCYkJDAmokhSwS3TDoUiLNUozQpoNljQnAJFgBWlRIEYx0mhAEnZGmGnBRHFNrYiJGGQBIFCilBmFlUKQcHNQiWcaZAABCjAbomRRCgUYEHaTpdSpEAWjhollM1JkAmOKEmSpgiMopaS2ULF2JJCkxMsBaIQpUqQmZa6rg7DmFOTMAAlJImQ5JYmU6VKtDTQmhVWBImKa+lKicxG2kmma6hEQTJpU2uBIjlbhkpILdNOp6c2Qihqa1MOEyJCSToBat+FBCpVNiZbS0GoEFZEKFoaGSSgSCVsy26JQhGKUoKADEXtusxskG2yERERIiSBCMJuIUw6AxGIcAh7GiciSsgQUdIGLNWIxOMwZnNItUQ62zjKiiKFkIQQzdnSIqUoJbjMYKKWWktp6WwtSlFICsmIKFFKkSyIUjEKRRRDTlOAZTJr17XMQlhKGyRJElCqQgGGmHLKbGk7LQnc1U5FoZhaA5US6XSm5aKIGrXrailRAodwKJAcBsm0sYGdSCICcFpCxjgz0xaSShRS0uHehbFNQrWWkIB0tuaiiBoYASizNaciSpRpGp0upUaotYyiTDvTmbV2UWK9WrU2dfNFQUlKSrsoRCQpaE4ZIaSQp3RmCisiFILJLnImQoQCZSZYtSiZ3MJulp1dVzAhpWU3LAVSZEuF7IwIEWCVkm2y1FqT00niWgqEscAQUq3FiWFqo+1aixQtW1GRGMdxyqwq0ZVxHKtR1ymtGmAnYCMpMjNCZAoImUDZhoaICCKmYRVRFeF0rdUgDHZ6aFNRSJIkEYo0KN1sIYrdSlRj42xZQgRIMkgYiaml0oqYMiOQREMhQm2YShcSibLZrRlLUkQpJXMahxYRJcJBWFFqyEm2KTElAjG5Mbn0lYRAkqxhXBvVEiJCSgxyOnNSqRESIGyHwpmJE1d1rU0RSltIkslsTRGhgjInK9TVMrachqHUzmQl1JXMllOCa1fTyrREhEgjQmppzNimEoGkNDIoSTmQItTaaCRUVBwmrShgRE5WYGUbs2UuFnOIzMmJSBAmqsYpQ8KM09h1XYkYprHWPkS6QQlhIttUIoydjoiISDszTRrCEAFu6WJbEVK62YAym6RSK0mEE2WbaleFGlmJlso2OkKZUWSCK5J0SmBaNmxFlAiukEJKaNNoRYkoUVqbBCXU0kmGSjYjk2lRSo2IlmkcKJCKUMFTSwshtXGcMiMcKi1dQlErmVI4LQEkFpKYplZKKKrdsEXYQKpEqLRsARiLtBUqqLWWOBRCFiENw2Dc11m6lVKkMBl2I4DWhkxKSFFw2iiEoSgctlOOJCIsZ7OQaRgHImyXCASW5ZwaBEyKil1KDTINzlTINiAVRXNilyhTW4OcEaHowomb0w2QSAsMlIhsU2tESIGJCGQ5IEEEYKuEU3YztGzZ3Hdd1OKW6ZaGbCBJUcLGRsItE4dKlEAWTFOLEtgiaqlJplPJ2EYymrIrXa1FdjptooRtG7I1gsyowqFCmGaEI4qdmSlCVc7W0m6JCKK5yUQtkkIBJqEgh4JhHEutpI3cWrpJUUuxoKVLqZZFKklFFDwNY5PUdQUkPKaLJNESydkyW0YJlcBkm5opJcKSQlUyLbMEdqQbaSksA2E5JJHpaWqlREDaaYeVuNQaMI0tPSUIdV21E0KhLkrKTuzmNCUCMo1RCJyZGEXIdhRwKJxNSBHpNJadaQVYRNiJiSgAtmSi5DQRASCYWpooxc6QgCknqZQaxZE0W4bMVktAZDMYKZm60oGczrCnrKUYZ3O6yUpsOxSlFBfCylQpJA67JaUUoTYNmZhUlJAEidM4Wy2l1DJNU6YNXSnNzmy1VKGISLm1ScgJclEkLhFyaZ7cUkGz29SkKJIDjCBKsTOTCEkMQ4tQ19XWJogIsJK0CRkKtoowCrl5HNe19sZuWWpxoHSaiJim0emoFbtllkCllii2SRPRWishG9vpDKLrumka01m7KiQF0jCsshEFMA7CpAQWfS1E2ExTKxFpZ0uRtetFTi2RILGQnBZSGAvJpCWygbAUKhE2iWW1bMqUotRIm7QFkiScmQ4pakzDRCgipmkCQjVzMi6qUWMYp0hHX2VLyrRCmYkgkcjWFKGiGmWapmnMCJVSDCqAACHATokgDJnZMmuJYT0YRUStlVCRWwp5GieFSqmROGzsxFMjwlgQpeJ0NiMiZEcI5GxSQWS2bGnjoEQhJ6mqBJlAlGJoU+u6SraJlIJ0JpIzEZQSiZUQxphiEjsiogQNRzoBQtGaU1MfxRQiaW42JiIUUgQtMywLp8GWPUolFEalyCYzTTrJTHBEaTkJ1dI1T053XU/icKYzWyiilGythKa0BCFPabuUIgljrAgwSUIIEalUUj79Uz+llKhRSglbCiBCZEtnptPpKacote+qk8wUZFoCEQpLYcKeMm2aW0gRpZSCLMImkAJQoCilqAgMbi0t5IgopZYIRQjlODXouiIVhaSQUISzpW2npVpKKIQEtgxuoEQRCrBROlvaYGem00iSAaSoUaRCUJAh7JTdSNmZRaEoRTFlhhABQsiqXcGehknCYOzMTIc0ZRYVMLIIC0rBxglIqrUolNlCpdYaIUpkm0JB0JzTmBEKpCghEmyDAQgbnLYBSUISwmllOp1OG1prdsMokC1AUgg5MxNKhFENgVEptWCHIqTVcqlKia6EimSQ3DItKUJgwrhGIYRpTiAUmWm5OAwRam6tOd1qLVFKRAkZZ2ZKOJ1pKUopQGtNUEoIABFG2BIGJBlLCEmlhDMcCmHbTggi7JymFGAZYxo4bTlMa5nZQhJyUVdqihKBEHISIUISgDNLLVKkm4hauhISCglnpq2EIskRErYz3dVAEVK21lomrZQiB84mR2ZzKiSp1ABP2bKlbdtcYYUQQEhESIRlmxJE1FrC4UwXwiJUsFtzZpYIonRRUxYRqESxcDaMFAiciohSS42WthnGUaGQbCJUSoG0TUSms7U2toiIWiIiSg3JYKdQAYTx1BInRDqFRZi0HaoQpRRkbGzjtJ0mUIQslSCRhK1aQmEbORMJZKFQIQiFBIpQpAgkiQhkWSrqokaRBCHASfPk5tZGOUpENqIIRaBaa0RgtZyyNVkKpZ1OCYWcllRLDSmdQQAoaFPiEoFVSiEEtKlN02QFwk5FkTRNLTMNMkZCURSlYLtl2oiIAtiJQqAotUilKCQLEQIp2+Q0si3CmeAcW4ug1F5Ckp1JGsnZ0iBFUUgKSEu1RihUI/DUEmitJRaRJALh9JTNzRQJFAgI2U5jyNacaYSylCilAKBsLd0UOAGVArJQy1RmlOhLiQhF1FpCAXI220lmM5kNKY0IAZZkgyGi1qDIadtpC0hMNreowmSayzJbZrMNKaQIGYsSJYows64zTjtEm5qNbKzMhpW27RBIkkrENCXZJIExiLRD1C5qFARBSBFRSgWXIpCdmWknApSZJQIglaKUKgIpSogwKSThzFJqKZEGZVgJJp1MmbZriRJF2JIh0xK1lpathGQPbiFKKYownnIKlVJCpilbGru1FLaLwpIUYGElOU0tBJDp1tIQoWarRA2hkCJKyDIgZ2tpg3A625TNmShKDdsKRZHtdAuUtomoRVKbpkxDCIDJDePMoiIUJUqU1lqoZNqRgRQBtoWoEQqiFKFSiw1gSSEsyYAk20JRSDfAdqEqZGdIEcqWTihCqrVGLVjpFCqlAgZEURFIEQIkAFnCmW7GU5taTqBSIrGNQiFsg52Tjd2wo5QSksrUJgUlCigz044AUrYkIKdMOwgBQpIzAQVOt0yDWwMDERVlICBNVGeabBaKSBucksBpiSjVQpYzW+JEIoiIEEYKCVwiJClUotgYO60SblNVqCpQlGpnWIZSSymBjBRFgWSQnIkzM7EQmc2ohkQ0N9KlFkmeGihKOFNRQnJaJCgTiYiIUsIiwE43QKhEWCYZ1qNRBBGBpIgSpUghEWFbinQabEsRoWyttZSKUFh2SlFLTJmKCEVztqlFKaVGqEjKbCBj20psq4ZCmTYiyNYUilKjFtlIbRybCMl2ZoKQPdlGEbZtjG1nOiRJJhTU2oEth4pCNhFgYyCEJWxsh4TJlnZGFCkUIRFRjBUAkmrUKcdpTKTyaZ/2SYZQAJnNiY1QyyYECoEJCZhykomQSoRCCHC2BOPaVYVyahGVIrcWCmQMyJmAMcYJpHHLbK2F1NWOCORQyWxpR4QIMBg5InJq4zSVKBElImqEAqcJZSKabYtaArAzFLajSIRxumGXIpUCighAAgiEQHIyuQmmTGcaO9NpN1uCNIqiIKZpQlFmpVCcmekSAUpPY5sAkggVIrOlM7EQuEQRkiSF7NZaLSXTrTVwa4TU1SrhzJYZptk4W2ZERMiolnDImQpJwhqGESACEEiRaSLItOj6ToREplu2GgoFYGRTqkARIZxuQn03KyGEkxIBmqbR6QhlSxWMFQE4UwiFMJKtCGFbgKSQFBHpxE5nSxBujG3KllGKnNgEmQ0JJIhQqQVjFIGQ0yGVWiMUCpLWRmMkqRDgjCgio0baEijcmgQ2tWRrhlKLSulKxZbkJFs6U1IJSYGNJAyyHQoVlZAi7JzSBoWUShtnICEgIBQCy5YUUVSjlohACtOctjMJQGRrtoVqLRFRS9Ra2tQUQoFJc5lEBLYFZLqNI5QISxqGQQWsbJnOiAi3ccrMVIDCmU4kRYkokemIDhKQZCkEEBGhCIVCabeWSlCUElGrAqwoiFCEsCREE4WQ5GRsU7apRAEL1VpsIhQCqdYaBBFBCYHcTFVkNttIJgUSTgdYKMJIUKLY2VpLO0pgg5zGECGQUwrAgmScpmmc5EzbTVbiqLUgJJyks5SCPY2TM5FURITSpcgJhKcRS0WYnKaIIkhnMxKhkJTOEDaZCVKo1C6EomRObjm1DFy62tqIISSUmUbOJIzJtKGWiqwoOI2KhKWCJCnSSVJKySRbEwqFglBECQy2UWstUFc7ixKllFpCImQnIYECUNpYCjIdKqXYSUowtbQzrdqVvqsKROBMgzNCgRQgGUoElHQ6DW7ZsISKRAiwURSkMdPTlIQiIiQJ5zAMU0shhFFEhAIhBSCFRDothYQlCmA3BCbJUKAISTC2BmTKblLYxqQDW5IoyK25diUzW0sgFBhCNWLKFsIowEYRkhNjkCKi1AiCkDPdXLoildZapnGiiFIDG5UoTcqWmQacgBUhAoughGwsC4MkolRZLVuUgshMMMgWzgjVUg1RFBG2UQEDYCEhREQBlEQEpUTaBqMSSLbTkMYpkCIqpBAgYYUCTW0yFEIhSEBSUUjFLYVUiiREZrqlDCgCLESmkUKysbGQMSoqqhHhbCnJshwqRTKWyUJBAELNzSZC2dJIYaxApcgKQQgCqUgOBAKwJWxLRCkhEypRoiAFKZAFWBIKFEBmM4Qi0onBIdIJRAAimwlohCICSyVAAmcjSRsoEaV0XSlIOWVmc6YhpybRmiMUpUSUUNCQACtq2pAYY9JSGNnZmtNNwiIzi8KYkBGZxpIEkkJqBlyjhNQycZLIJoRUKCGaTSYhpCgRaBzHdFOUUgKMFCFQuoUIBSHZxkVSKUIIcASWJLWWWAosKWQoESGcYAs1WxKgkK2cJiQpMqcaFYRUS0gCkCyVUAhQKQEEOEIlMMYR4VQqiwoSKE1XSxAtU5Kk2hVLgQxRIoRKlBIYI4VKlCknLstsU8uQwM50KCKiFEVISIRCdi1FIVBmw6QdKEopKgStpVIIJxKkCdlqbVKSTglQSK01pLQlMFKJKNhTTk6cSaiUqgjJSBElJFTcbLlGVbpBCIkIRQnAASgodlNEKUEILDBSZkTIkWnSiGzp1kSWT/vkTwmYcpIxia0QUkSUrkYIKYrStJalhHFiOexsrWVrKhGWJdsl1PW9JBtwpiMiSskcbSGMcIOcWgO62kUpyG5G6VTLtIhSFICnZklYmS1xLV3pSoQilIlJIUM4jSIipGyZLSNCilrDJu2u1FpLieJmg8C2s7WWkhQlnbZtR4SkMAoFkWRRRAlspzJblJCVIFGiSLJIqKWoiKRElFIilM7EgWqNiAIep4adacBkZqYNSCWdbRyRJRQhQIoIFLihqKVHzskRGISAzGzTCIAjIkIhQqEipBIyRBQlmWmy1CrTkDPtnMamUEhOG2daUGtYkaiNTcIRdiKVUiGlQEgFkCVQDWwI3GQkIWxHlCJJgdxaS1KoShHRMp1GUoTdhIyKIiJay5ajLDvtRIAiAmEksHNsjUyKJLWWwlIYAiIKyTiuQZIwUawobq2UUkotUbI1u7XMxODWWpRSa2cCDIAg7JzcShSnW2tGQICkUkISiECSFAlFsr0eB4hSShFI2bI5ZasoFBFypoykhAiiViGnhVsKZybCkiJII7LZkhQiBDYKCUXLTDsgFJbblLUWCSGTTkI4URGSQqRLCTszm22nhbpaM42UmZaJcOKWqqoRBkHLlI1pmYkjilGEQNMwNbdaaxdFKshAZsOSAIQAGVUJCAFS1IiWiWlTRpWQEWkJ2zIRCpRAOsGk7KLAUsGNBBlJUmAC2Rhjg4giHCGIUkupgTW1Bq61NDtbQhrXCFGyuVSwLOxMo6pQmTKnqUkyNpIcUY2RbLe0nQKVUkrBnsYhW4OQLEXUUEgNSTZ22mS2Ugsojd2wFVFKUZLZWrPtCAXFMhI4FFFKZqZRUURYKCQjIEIYSyHjQJZkhIyxLZOJDQEguTlx13cRAhK3qbU2SVEUNYpkFKDMlG2QhEEiEIoIAJzTFJIhopZaFMKRok1TBBjSCSEKYXBzsyXVKCoRUoSMhe3Atm1wkplFyjS2lUUqqkDapUREgFuTs3V9DZUkQ4qQoigyM8E2OLNluikZ29iSUqQIBZiWTQo5ksxsUUqEbEKyUYTdmhURIJyEQmFlKBCkHMjYRpraOI0TptaiCDsLSiyEFOHMAINBJUIRoKSRlmTnNE1CIQGWsSIiQkZTmySVKOlsrQVKp9MKOVOodAVJaeOQEBElpGwjKlIoQqVEURDgiGq7NSvkdNd1JUqSpZRQSTkkS1ObjCNCEiCpKFSkUJRARSEUMlKESnOWiGzT2FotIWEcVspYJYqKREhCyPR9SURLY2zsKFEUxqEAG1lKGxTCSUSAABAIJABKKQgk40BY2VIRxiWKSkm7IERAcwIKqQSZUlF4SkRmOkQmUYLEWJgELBuQREgYO7oaigQwWFJrDZFtmpojZBQRESVpmQYrSlGx7EQgsIFEJUIhCQgVlebETqdUAmMhIkKIUpyJVEJ2GhUFpmWzXWoXAgGUUkrIIHDzmBPgpigqpdhWKRIKQhJBURBDawgXYefU7ASBAGyb6ASSEJbV7ARhJBSyQ2BsFWGpRGTLKLVIk9N2hEqpIdl2NixLYNvpbJmknRScCbKdoRIRyBjJqGAsJKmItJtNc7oLJXa6pRO7JRgREkhKI+yoJSQBgQRRcIKxAam01tI5DmO2LLV2XVUh02CjEkqMSbvWKkkyktNRSlGZpmYsCQQpgZBKjbBsOyJqlFQIp1MKUEAgYxlFhBQCIZEQCoSbp7Fh2jQpBCqloJjalFPDlsj01KapTbYk3FqqdH0JSvn0T/1kFIhsWUooIiKkghB22pKxoZQIFZvEYJskbSxE1lptMlMoIixJ0abRNk3ZsqtRo6hICqQIZctQREilynaTSIVoLiUQUoRcQiCbQCVKQhtHp0VaVTIoySiFtAGjIpCxpdaMskQBkbaYWkMRkgKjUJQS2RKkCExgSq0lQlIURSCnmdoku5QSoYhQKFDS3BwRUUuAQlFKSCazpXFEmZolbLCR7GytgaMEbtNkSEGpVahNDUNESBa2FQEFmpMoAgSIhCIpohAqCkVEOA2OKAFGQm5tzDGdESGRQKaQodRSSxhCwooiG4VCIjOKQDhBtUSUyHQBlYKJCIFFoKlNOFULDgUyoKKwlE4npVSsKAqKsZDsiAhJJbJRSkQpzkQABEm4NZtQWIlC2aZ0pgO3bLV0pZQIZ7pEGIgQRKiUihyKKHIKlJmZk5AB01pDFIWsKKXWGnJmph0RJZSmZZKZTluNFApJkEBL4xIl7XRDeGqEQiVNyCAwxrIgFAaFApwAXS2glhmSSRNygkWRjJEUgSIgnbYtqURgSEotkm36rkohZCcGiVRzK1GlQMI4HUgAVqkCGyAkSxIRlKgQcrapCZWiUkpCpiUZYSFLgZ3TWAKjiIgi0uM0IfVdVUSJCBVCESWKMhMw6TTILZubkDFCCgdSRIlQOAgJkyQGRYQMTkcVFkEEdkE4G4EJMpOmEKCI2tVSSkGpjCgKgkibbFb0XSeitRYKSVEC5LSdDTJTVuIIkbSWJSQJSaaECOU4Nhs7kEJRAme2JhiGhEy762dOEKEIU7tKhJ1Rq4QIhEKBSilyZJLOlomdopRiaB7H9USUQGlHKNPJVEqxHSoyJgmVKC0btlAhKMJCAmMymdrYnBjbQkA6Q1FLdZLpcRicGbVGlFLUsjktCWObkCESB84ks0QxmqYJiIiIELRM0i0nAtmK4nRmRglBKBILpQiFJEWJQGgYJjIJuTWTmXZm8ySFJOMoEciQbolVQqa1jKj2JEkhGYkoRZZkUEQhlXaEJAkSSildV4oEYBG0sdW+T1sQoaAIUgois2FbEoSUANSoKLEURJQoEpKzGWgYyxEFhMHZRAhBlHACTmdIoXC2tEkbMjNxpKWIEnZLE6GQJme2VhC4RJky2zQVAkVmhjDCNFogSVNrIIJAlkOhKGCUGDtxWEQUO20IOZtk24kBTCPdkEHU0pUIhIWxQoiIgnBiJ3Y4FSVC6cQJUUoNy2TLJkSE04IoIg1OgzCYGIaVDUSpJVSgGYtIjETmNE6yJSEBwklOU2sGIYVkVJCcma0FxTIm5UBCSDIi0yG5TY6iIizJINuZVgShiFIJlShFMhASshwRFqXUUgsY1DJtB1IoQhiV0nU9dopSIhQKCRQSAUYIIWVOCNWqIE2bWkiqxU67KaUSJTSNkyJKiVAoCAmgEFYJSZQISQ6wMlsppZaKzWVpAts2mS0tC9VaS1ds2aZEjXC6ZSsqEkGRwEjKaRrGyTa27ZAiSmazXUoFbLJhuUQFGyKMEIi0AiAyIpzYiZRpySWKZAgFaRuBWzbShszmdCkFQJSiNKRrrZDT1BSSmaaRKCVCkGk7o1ZFCSkDJ9PUDM60JMLZQkoQEaXYKCIUkjIRAW5OiUxHREIJlVJCpdTitGk2aefUFChCVrp1tRICRRSjIikEToQbci2dkZ0RNSpEGAFV0XCEQDKEioQwmqbJLcFESEQUW+kGaq1JKGQbBEQphEwCNUpKwiplvVpmutSqQpoahKqgfNInfQKyjCBKdRose0oLjJ2ZU0oRUjrTGSFZSEFEkROsUkMim9PppBQlbi27vpOIUpw5ZcOUEhElW7o1IsKOQCUUysxSqoIgbLK1iCBCMGUrtSrkbNPUopYShTQSpFFRUEJSlCAKdmYjjVxKmJimccqsUUtIyGRr2aYJScYY6LqiIlBRybRFVXHgKe0stZRaQwK1aRrGNQgHisAAkiJKRLbM1uQakmXJNKZ0kSIkStd1tQRERCiIkKSiohJCEYpSwW4N7LSdzqZAEdM0ocCWHVEICVlRIzAYqQrSqZBMS9vG6URSy6lE2EiqpbNbS7BQhgoBYAUhrAiBQiLITGcaSgQGbKcUzrQdJaQg5GyhYhySnUxWkbAKQRhnS4xKKUWllNbszFIinc4stQjJlBK1dlJkJklYlBLGokSRBBlRIkKSwc50yjhTCkOmwSCFwnS1QtSQJSGFAhlHCISEQRjc0kIBlgRWoCSzpYOCCJEgKyQk5ACoXamltLRtLISCUEkoIafblJIDMqRAthMhOSmhEOESRSEEDrCkErW11tKlREgGk9nSbumGsVREGjCBU1GopUjKbCKQibAoCuNQiRKhAmBHKWRDspEUEZKwZJcSIrCjiGaLKBFSIlqCI4qEVJGRSlE2N1sGN0ulFEkSDtkuiijFSmxJSCVCCkyKQkQEuDWP45RQQiAFUpQIhTDTNGC6WlVKGGyVUqIgB7INTDkpAck2ajmFopTAbtOUuJQIZCDIluOUymYcKHEbx/U0OluoRIlSC+mpTW5IilJVCKlEKELIeMwWEV3fl1IlAOQAS5PTTmEpIOWwjZWk7JQlZIsIRYlIu6VLBBCyIiiFZnuSSphSS9otHRERxc5sLUqNCDtbOshEBoUIRDhTKrWGhAikWmTTcoxSuq4rpdRSJIMUEaWWQApwKISMSo3M1qZUEaFsLckS1aQzAQdKRYigjalAyFBKCckILLDlTGQnQFdLlFKjSrIckiJANUqUEgiQQoFbhgJHtgYISwU506EAR4SFbdslImqpJYgopZQaJhWBsSxCUihIKySEJEWSoSgRBkmZrYRKFIwkgsSkoqi1lpkQgEM1SigiQkQJdaUAhhKl1g5MYlIKFE7bNAiFAgBFIHVRojgQkESEbVmKiKKIghI7CIWQao1Su5wmC6ediWIaR3CEsJQ2UthpEZKihJ12hjEojRQRodIyS6kCsIgSQqGQBJJkpUIiJWGnTBQFYdIoiCjRphYlAkcJR5CIKLUIlRKllEznNKUTXCOilGG9jiizrqtdLSGn05ai4RphnC0jFBGIkNJIMmBK1BCy01lKEekkoijkabJR2pLt5onMBgibEkhBhDNtikKShFBrDTKgZU7pCEKKUkuUQCJsZ1oGqKUKUAsXpMxUEFJrjlBEkQgpM1HULnA0p0JOhyIUQhYR6koljE2UUooEZEuX2kVIwrYzkRAR0XJEGAEgpUG2S8gKO43TOCenJYWKQkEg25LAlozJTJPjepKCEE4AFCIcma3r+67rQs5UCRlLKiGMJLCtKCpSpltLKUgShXGINBChTAsMJYpxOkK0KUMREVKIiBAiVEoptZQSRYFBIlQaztaESBuLiFJKSJIIRIScmW3CUWtVEBBEFEKKUm2ytSjR1SopM0UaSqmlyJlgCJVwpkClykgGbGMURSAiSoCSdEsiCmQaU2txuuVESqFQROnaOAAlSqlBNjsK2EbK1rCECbAxGIXTSJaxM9OGzCwKp0MogqTWqLUTKDS2FlbUqKUUk1JE1FK7WkoppEsUhcB2K5/6qZ+kdE6NiChyZmtOJ9hpsO1SaleKEU6bTIeEU2Ao0tiaJKdLqaWU1kZPLlLX9W60nGqpishMScZOJKJEhCiRdo7jOE02JWKaWmtja6kgIpwJChWcgmYiFFHTzswSOJFIOySBJNIlikREIAkRliQUIRRRwGGICAwBIAzRMtuYKKUAZ6bsNERUlQgkTdlapogaoXBIKNItbdlpA2mHTAgQIgAUEhEhm7QtuyWyCByIiCilpDEZCJUoIZsQUWoUJCE7DVEiM0UagbMZjKKWQG6ZzpSUU4sSJWqUglEQiihFEmQm4EywS4mQQJG23VozKJDUWpOhBCpgo9ZGpxRhUiqlRGuWjXGQyRXpLNG1MC0RkhRCLcEtIzBSyDgQihDptAhFlIiQbUlRS0DKbokkKadMpxtNUlrgjFKQwrYzIaEokElcVAjZtEzhxK01CWGjzFQRttPNWUsnspQSCjChUgvI6VoL2JYUJYKQTYQklEw5ShEhlCiiVLdGKIRthUoppXbpJhSlSEiBBCnbiSTsNNPUjAUt7cwScgIRAYYIJBKVKFJECQWhUlRLxUikJaEijJtl2RgrsAErMDhRCFuKUiNQCtmSCAxCIVMqtqRSKhiIEmpO6LpSQpmJlK0VSdgKKYHMtFE6FJaytWmaShSBIuy0rRDYOFSQZELIQESAILHTtjERhIxBUYRCgHFmSySnHdiSpFKKbUXUqJktwc50dpJKyUynM5vTUQuWStRSRHSl1lotwJ4yaokSpRaFBAKnVJSJpJCKCs5SSksrwA4VJIWctgmY7KJADooibdKGDCKk6KoKUilFighJJQIZYxtqRC0FqBTLOInIKZ1WqERJwE1SlALKTGzsWkqppUTBskmPWLbBQtggSZII2QRKT6FiMo0NdoRACpUSQiJKlCgh0VpiSi197UopUcKtJZYicS3FkC2zNQOWWytdDWRngEIAorVJqNS+lCgKhO20SwmciiKFAkAlIpSZrU3NpjmLnM0gZCdSRBGScJLZbDBCktqYCkVgWwqcJkuEMZIQqDmLFKUIIbDSCQS0nNrUsKZptO3M1iYgQihqKHGzEWnbTVJr6SRCKEREYKRsCmwVhLAsy0IonUVQQlaEkKIUMkUoIkq17WxSESCFFCEkjJtVQ6lQUXFmgiIKmDCJbUxKWCksVCS7OZ0GCVQCZ0gylgBMSAqFwnYorEwb0rYU4NamiJBkka2RLiUUSBJYblObWrMzQiIsY7K1kEtUiZbZWkKGVKLYqQRUaskkWxOOCBuglCIBWEjCBkLVmWBZUaI1OxwRNs2utYYkEQqwLISMaiGNDLKtCKfThoza2QlA2s7WEttyWkFIhEqWsU04bYTTijAIbFSiELLTzZYDBSCDnGksicyoxcnkFokUpZbWUlbXlzY1O0NhYdvgtFAQCDewjRNHURo5p0REgCIQEYWIQhgUEGFnqbXULt3sFFFKWJCOKEKIlhlFICIiBKCCXKOUKG7OMChgbClBWlIoQhFCofUwCIvScrKJIoEgIpBDRInEmQmAk6y1T2eUIGltajmlJUWbJttuTUJCcu26qMXZEA1joxJSm6a0gYgikSAcETYKRQkJbNvgEpEWECEpcBqcDkeJaDm1bLYTLCKiKCwJRVgqYUUUoSlbUUSJls1ppzEts2WT5EQlBCpgpqllmxQSEiaiVEmK6EoEYJKU5FIrUqYBSUBIIBSS0ikANdLOKhQFY5mQbZtawoqQDVJICESUT/vkTyaYMgVCCTWCiFAYZTqKSlRCtk1GjUAKLEWJEmpO21XFBpEto5R0Oh1F0DIpNUqEShHCYClAyuawsCdTUelKtky3tC0FIWkcx5Z0XRVMzghEZDbJtYRTKkAGIYMkkRAKsFEoQgFIJSKkNAiplIJKKWmEpSBkcGZIQk6mnEhTAsjWbLI1UYCudrUGESGBsKcpJSQUAkopUYuzJQhFSFJRIGWbwBElIiyFaSaCTIMlG0UAbi2dbkJkIJWoUQhIJEnINrIpRVgpwAoJCZWQIW1JtVaBM6WwLdmZTqsUrChRa5dkm9JIMleE5FC4UB2EFALLtixEV4rB2MYgmZDsCJUSUlEJZ3qamhWSQkIosLI5sSyTQgqpFJClMFJIkZnTOKgEZhgbJBG2FUA0N5BIiSlToYiYxgFUu6qoNUKKyS2IlpOBlgRAEMK2ooYUrbWWGQqFCDmtiCihoESxCEBISqcURoQliZDIdGuJCAEyUlK7DkgnyA1DrREhBZi0kQJlGtJGIaGISFuZ6VQ6ohhHCRR2YkcUlZAwrSsVPJkopZQSJTAQkGmMbUNA4lQoMyPItJ2J3SzCbhEFwthOwIBTKk63bJIogQFkW0gqJZJI2zRZBmPSiFJKomG1cjoIIDOjhi0ykUpIEVK0bBGRzja2lmkbEpRuJSpypkNIkhQSwliOKhkyUyizZeYwDBClhEmpBEERaUARmWnSpkoqUWuNrkrRMhURNUrtaqj0tUYB7FQJB0USYRxVQWRLLIUwdkqSE1AphCLCljMl2TYC25QIII1wBJlIAkISso0wBrcpVSJCESEssEgrFJKKZEnGZNQiNLVmDA5F5pTZRESETShCtpnaFIoSBUgSaFMroajFLUlbNinbRhbphCQRNjk1BQawFAJFCKQgVCJapqRShWlTS1nYRESZ2lRLVRRnm9pUSpRSFMIZpRRFc3MayXbLpihCJrMlQlLawplOHCEg0ybDAmGZzCklhVBIAJJTEULNmc6WkxRRQkiQ2GAbiqQoQgIZQCgMma3YiYs0TWM2EGApRNhq2WzXvpMUtUrYLqUij1MDCdtSlDZNhEKRbkObZDudzhC2nUikyZza1GzbWWo1DlWLCAko4UykqJIi5LSyGSchSYQCRekIale6UsDI2UwoIlo2t8xkakPf9RbYso2dDkgTyJKQQBGZGOw0hJhaSwyyEjcL42yJIEIKAJQ2ckSJkO1xGjPJbFIEObk56UqJKASe0qLvOifpZhCSDMpMM2WjlKBgSFvOKKVlSqFCWJlp2w0CJyIi1OxxHKSIEpICSYFwZoli7HRETK1FSBKJIO1sSSgiIgKpRKBCpiRJRDhBKqWEAqUQEUFYtlIQUUDpVJTApRRJIUkCMjNERKAQEjiiSEjTNNmOiJaZJOkSKqWUWgHSIEUoQs50lAhshAiUiUsUKXDKQoqiEoHAhiBC9uSMQFQBcqbtKe3WUnIpISOplCKlDZazOV37LqTEpSiTCBkZQgXIbMq0nbjUqrBtB7Km1mqJCCkiFKIoIKTADSSIEOkQKYUk4zDGti2mqUFD7rouogBIoWLsRBAqBMUlnUm21mqp81mfLSUl0BylGNzS6VpDqKVlGQsJG4U0tQkcilCxDFIQQopQBNgYJIewwumkSQUhOxQ2gdJWkULCUoQoATZgRZSCo4QUUgAilHZEAdvObEg2EeAwqSBKyZaZSShKyEaEUC0gT1N0HWCRmVOblM2As0S1bJvAdsvMBLl88id/fLaMErUUSS2nKCHLIKmoYIWcqWka2pSBpLAUCmdGFEkCiwg1LAhF11U7W0uAkA1SUWRripBEepymKFFryZa1RpTIRqk1opRaBQJJtdauq7aBlklrUUqJajsTQqUUORQx5SSBANmpolKKbGTbLScFUWpmy2mc0gohZCuKAqcFpZZSCmBRA5UikQ2FkIgQRiRICoUIY0KlgAmVbM1QIxRRJGMbhSSmqWVaiihFQpKzTW0qAoWQ7WEYZYGxQgEuilIKUhBppy0JOU0UCZxZohBRohSFM1UkyelpasZRwpkkDiKEMzOMVUuJUlSciVtrdF2RAgxZVANZlkg7bXAbm4Iaxc6QLElqLWsJBXZmM3aJmk6nwSrqaidhDErbOCK6WiCiRBAmFcWZmVkUoFIkpKI2NqNSIp1FUkgookQhHCGFAhFSRGSmpIiwHUiQOQGyCAKVqFEiW4PE0fVlakbUUkRxZIBQhDLT2UhN49jGqdmemkq0sYUiCraztWkcDRWplFIibaeCjL5kZkjYU5sUIZzN4KllEFFKRKSzhEqEFNilFEBSlFJrJ2i0ooio2Ehd16EijB3qMj1Oo9Mytm2QcDqEIySBnMa1VqEokiJCIZEQCGfLiJiyyYZoU3OmIUJpQkUhp9NZIiLCSahka5ZDEhEiIgSWAtlgMq1QdOGWXd+HhBQhpExHLYFsO7NlIgUIScIghIRAIQWFIBSIcWiC2nVTm2gK0TJL7bpaJbAzHUUhBWqZgCEkoXGcpmxYrbVxajJRisDpliNWa621ZruUAgpsSLtGGceGMOSEMLJtQ2azRDqnNo0NWoTcUAk5syWys6GQwS61hiGiKNJJEAqwHcalhpMknZbCITmwo4RMkliWLWVOUtRSo0QoHEhRS03bmRFFkhQqKlGcNrYtE0Iloi+kEAqVKKVICKESJSJxoBIhRUQoQiiEI5RMbcJECORstoylIqk1h4JCG1tOoxSZrZSopWRLYymcpBuWjdMtU1BLJT22UUJ24jY2o1IUKpRAKpJxKAytTS1du9qmRkQ3q0W1lACmqakUu7WWwi2ttAJaqihNw26tlFBISLiNzVKESikR4JQgKjYiFApFSAGWSeFSakQJopTAaaJEgLNllFoCG3CUANVSM1Ml3Mip2ZlOlWJcai21TOMIhJRkNguVCCSnsY2EweNqzNam1sZxIrN0ESo2LW07Ssh2urUJSxEYwqSd0KyqCEJVoSiB5CSEp9ayRal11hVVk6GC08pQIHWlIogIJCnTDpyaphaolArK1sARsikhJCFFlCgKRY2cnCKidqXYdktJKlGJsU2IohASzrRxSKUUcJpQESrCgFWiIkuyLcg2DeMwrseudshTm0LUKEiIsFwUIkoRcssIWZAgAk2tQZaIUkuUkBFhFCEhAWAopZCJsI2QZYgIO20rFIQKRdGyya6lEMWm5WRjWwARkiyhdNpk5jQOmShCIqKEIhQI49YcUmaqFCScbi4RURUSUhqTIJJpHC2CYjntGkUROTVEKYGc6bCQ3BqGwHa2DJUIFYVRc7ONABkLRS21q2A3T2ObhlZKmWxnRiikKCoqFCkCu3QlHKBSIlsDpwlFRIlQCWg22HazlQoZSiiK0sIG7ARKKQhQFNXSCRkiJCmdTiwHgRSKRtYSJSIiBMOQUSIkSUgSRn0p1LCdLdNGhDTmCLKY2hQIpa2uFCBtUCkVkW6ZmAQUISQjhY2dJRSl2ul01KISklproFJCEbadSMLYLewGU5umYVKpApl0Kp1OZyIiRIi0RTgyW6YjFBFFkjoFmWRmZlMphUhna60oag1FBAipKFsOw0DS1SgKRIlSPvWTPzlKKSWihAGUmZIklVogk5bpKVOm9lUEONN2UwmaEyfUqAqUaau1hExUSnSlAxBC4zhlTgBk1ACksG1nKEyYFCYUJQpKoZCQxTROkkoURZSIVJJEUUTJ1tJNoYgQkgIhcKZbGtmAq4pCbWwIp0tESOkWpQgwkiIEIbAdoVAtIdsEATYhnIqgloJEOo1KODObSwSgImfaWGTaSZGiRBpBRGA3aFParU1TKZ1CIUm0KZuzlFJCREhKsjVKiZZOKQByGMeQSq2tGaMiUhGhIFtLLMuJQVJRUYRBKEJBKCJCUilFIkxCSoWw0oQyHQQRkp1qaUlpF0oUgZBCoZCUNmAhO9MqIYUiwqGiCGTbJFFKCWNsMm2IkK2QZCdIEZGZUxsiIjOn1gRph6LWUktVQUgyQIqIbE1FEUVRLAukiIh0YqycEjlLrTUCBFbIUGsHUCIIMjPcWqOlFFEiMyUkIUoEIqIoSq1dhEgyU2kpSq2lhMFGWKUWO0OgQNM0IReVUiJUJKUpQeKI0trolrZbpqQ2OQpgGSAUUYO0QsIgbEkCO20UlFAASkUpobTdEiwUIWeDaDiEXBq2KRFhNVsioiYIlVoCIkJQQqVUIUkSgkxDlIhAhBSAjYUVEtCaoyhwa0gKgaOEnDZRigKnEDbCESpRSGcmqC+dQkFELcahELIzotSitBGBpmlKu0gm3RITfZRaJYWNyGxpO12iWGqZESUQEAqCAElSCKZxnKYRBEYUdQjhKKWWiNA0jVaUUkPRsklFAClRarXJlqVGTmAbQpQoRHjKri+BMKEwKMA0uZYqkYmdkia3HBOMpCCQAaekAiljmczMsAxGFgKpSJKQZBB2YidCBkQIDNnGZhMlBJmpUAQ1KinLbUoroyhTzmZBkgJAEiEgcLNtA7IxVqkythOEHTVCkZnIKrilodYqqeuKobUMqSvVYanYKSlqgGy7YLuUUlUUihJy9F1VgAUECBIZZEtMU3NOQqEoYVFUsiWko0SJMIENSahEQWGsEiUkyMy0lJmZraVK1FojlLabCWEhu1m2TZqkZRKSTRcFURR2mmaFbBtBQIREgUxwppDASCgCSikhhSAyW0TBLqVKsuwJCWOkNk22sVAzEoowUmZGKaVEtjSogEw601OmW5uySZICZUQxKUm1hJEKUoC5TAhRVSIyM8CyAMk4JAictls2t4aICAkBtiKkkCSkgsCJyDSXZTYjp+0pFcIuoYgIKW1CIoy7UhWlRCgEJA4VwlJEKYDsltPYMhQKpQ1MrU1TS1NKiShdXxUYqUkKt6SEpMktVIydpKVQhKQgKCUAbAPG0FpLpwQBJjPTtolQJpIMgZAiVBTZWmvOnGQhRWicJpvad4BQlJClsNNRwrYU4zhkOCwpagkgM1VKoCiBjd3S4AjhKBFAtsQtapVwKjNtSVLg1uwspUSEBEaWs4GMMRHRMt1cS6QTkU5DVSFkMkIRQQiT2axSUFp2E5IzJ0+2hDNLjVpqoCkbBmGJtJ3ZstaKcEtQhBQBVoRkgtbSIJS41ogoNtnSjr4Wgw3GRJGksCk1SoQToogEBxFRFARKe2qTDCYiMC0tyUKSsTMlIkrIKIo0Ta3lpKJaK9iJkVuWWqSopTYnEEWyCEkGsEIKKSJECKUAZ2baQiDbSZORAmemI1SiJHZmRI2ikAKpFIWlQMiokFNLm0CqUUKlFIQkSdiiKGotIaaWzdmyZWstm7NFKFQkGZdQhkKIks7MFMrMIlCEooEyRZRP/7RPKYETSbKlsDNERMnMTAtKKSpRoyjANqDoagHSuR7GWrpaI+1md7WEJFRKRMgYKVRsh2wiAjAmJBTYRoGSBDIdQgJRokgilW3KzNoXIVDLdFq41EJC0OxQCJuwCSQwgkApRYlq3FrDqjWQxtZkJNm2DUjYstOtKSIBp0KgkCIi0xGSZDyOU2sTilokkZnGtUSbkkAKRCBJpUgRSLghSIMkgjRIKl0XUYTSjkJXuhChkIJ0RKkljEm3NkYtluQIFUBYIiIQtgPbyiQKxghJwhTcSNIoAhSQZBqZxIlDksAipMy0JGzR3ERIripJiwjbAJLdoGAskpTVWhNIoRA2BizF2EZaioiIINJQiJARKSkIWsuQJNlGkOA2tSwlVMLGtpP0lA0MkuRaQgJFtkl2ZqbTmSEZBEilVIPABjvTWNmaaigVERRslyhARInQOE4lpFAQpZSUCpQibKctZ2aUUkuJkBQKYRvcsgHY6ZwaVkSUEs6kyKKUgmWJzGytZZOKFCItlyiSpnROTSXSCNLOJmQjI/CULSwEQhER1c5xmuyUZKmUsN1aE0gqNSSRCaqlEHK2ZpVCSAZFKVHB2RwlLLJlhKQiKSSTChpWOkK2kezEKopJkM1pO22cKUcEzkhPmUiSyGzYaUopsoVDSKEoRUGolCILSQFGEpLBmcZIgiiFEJmKYluA1FpaSIpSUJRShHNyugUgJZZBlCg1QiK6WmotCkWJiCgRIm2BQuPUAJDcJKwspchSEqVACSUQChUBziyl1lolIiJbk4KgiVABFCFUa8lEomWmEwQutWJFRIkSoqhL0qBECCdEZmuZBKSRyHRmqABtnJqTdIRsKYpCwqSaMzNBJQKHJIVsN6dtmVpLmMwAp3AmdjaHIJ1O2wqljQCCcGsKWSErJAwyFs5mF4ISbWwhSqkKlMXOaZpKV6zizAgkSRFGoZBsREiUGq2lkCMyWzpKKQpJAGkCOy0JIiIiIt2IKCq2BIGJaNlCwkytqaioSEQJ0sPUBIvFPIomZ4kSJWqUzJaZmYmJCBubkFomoSKRRFhRcBJyCjkkFE7hZruUQgijkEIYZ5ZapzZmWkgRUkQJERHCgO20XUqUiFJDtUoKkBQRETFOo+2C0ilVO8MutW9OZwpKVEJuk00tUUonkHDa0KaUFCIBUlJrGWHSESVCEQWEbSxKZgKJQ8JgSTIYcBqVEigUkhQRSNiBVAJFLSIRkkJGRIlQCKlNY5QSUWwnlmotAgxtahIGJwp1tQQBYBIj2eqiRCmWs7UIhUJSCKCWUCCVCAPIEF0pWNghbCJURBAWObU0gQAhRcVOXKQIuVFrtUGSBJYdoZYOCyGJEFKJwJRaAQshSVFDppkIGSRAUUIOwM4SVSEhJCAiIkqVwBCZzjStZUui1NDUprQlRS2gqTXb2bKUUkJhiVAXJapt7NIVhRICo5BAyikjJLk1G4UEYAtJgWqUkIhQia6UCDS1EQy2kZSkiAghwFOmDEJCKDOdLhHA1EZnEhYKhSCsJhVLkjMt+lpDgRmnSaKbFdttGrFCoaKoEmBFRJKeMmUMKLNhk1IInM0RISAAIUoIUiAFJAgIySJbEhERoVBEhFApEaVERJQSBgzKTEVQIuwAZEMkBCgs0VrLzIgQ0dxatlJCkC0VghBWqFnhNBCSI53IU7ZpmFrLWqolGUs1AuOQ5WIZp+1woUQJFaWRCAIBEkSolK7WagHZnBEhJLBbohAKRSlRKjIWUijSLp/+KZ9kFWeTBGFQRJqWiZ3pWjtsG0JtaiWKMRC1RMhplVIjWmabUnLXz0KRYCfIGJx2a621yVaU4nTLSaq1RJqIAOEESVLQMjMtlM6WmWkCY6kk2abRqOsK4JymsZVaDEiZRqRTCgVSIARIMsalK0KBbEeEQCrCEYKw3FpDigjj1iaihCKKhCCwCcmRNlhSRKSptQKgqBGKUBgrnSAinQI1FGFJIEotpdkiVCRkMNkMAmyBDCZKkYiQAigl5CglosrZnEQESNg2URTCBgwhxmGYWnOzSRtJYSFDINk2ErRsICTbpAkBEQpLUq0FaJktjQiFJLu1zCiBFBARBCIM2BKtJdksSQ7CUlEYq0aEsGScLTMVJafJtDQCDFItXVrTNKpEWOkmE2GpiGg5IYJAQmpTc6aiSCKNZCgSSJYUTJ6cziQiQrYdrqVApp3ZsjkCHFMb29SiVBCm2emMkKRMZ7phZ0YptRQ7CQRuabe00llCoaIIQlGiVkkxtWxTQwFWFDkjFBFd7bpSEtkZpRhodrPlNrVszU4EgkzVCMkip6ZaArLlNLUSlFrAUnRdF6U4rVAIhYyVokhRhNPZMp2WTQQmFM7WbDuNnWRrtgGEmx0qERElk3SDkKRAiJBC2ZokQyldhKIEAIoaESFJChsZy5IQ4GaDhI0AZGdKCmQcUjYDITKdUCICgVuaUEikmieaQQqFsLOEQkoLckpHyLISKWyhDKmJUrpAGchGZEuFIkIRWGkXRYRCao0SZWpOGhK2hY2daRSl1gqKEsLpZiRotpDAoFBASBCWBaXUkCQRIWwyELJT6TZlOh0lwCBJEbKRUZUUILAiZKaWMoqIKKoqyIAhDERECaVRGEkYBWlssCJUSiiAghQKRYSQaqlCKiFIOyRFCWiYdITSTYRlqShwqtQQtJYKdbWChNMgR4lszpxCYdTStYZRa23MViJKrdg2dgZqbWrN2AqFwpkIDIqIwKpFRSUDKUirKAEnipCmsVm2LEVYFkAQSU5Tc8tSatqBQkhkZrYECUUtQGbDLiWiKIi0IyQFuLUmSmvTOI0lihSKAkjChAIE2DYqVSBQBIpQKcg5JRgUJWwDioqAKCUEmQ2IWiFCYLs1RMtWikJBBDgiEK0RRWFUatfVoupMZyqKUUhyhqSomQm2EdmM01EiItrUnLaz1mpACogIVITT2BmlEEQpOG2VUDYTIVuSsUEO45YutYKSJEoAwlLgiDCQTJ4KpcgGlSAzM1MKY6VQphOyTRAYBZgokabZOWXtiiIkohQnUYTDMqlSigiFLNGaApBCgSxla1NLO0OSAhlsLIFBGYqogXCmikiwDUJ2orAkyU6lLJoNKKilpNNypRChlollgDRtSgURgVEQLmnLGAwRsowxWJYpXYlSokoKbBRRo4SytXGcikopASCMm7NImQlEiERgMCoKFRnIVku1VWqEhASkkYqdssEoSNsYMidMVzuVsGSnG6qhJJ2tNSdRilFOiVtECKkW0s2pUgXjODkzkMnW0th2RKgUgTE4oa81orTmaUqcirBNQoggm4EiAUgCSQhUENhd1xMCt+ZSArulQ5IiM42loNnBOIxpSo2qkna25qSUCInAlls6s9QQxdnstDW1yS2NhFGoBBLYpkQoAiwoKphSQwpjZTYIws5xGgFhp6VQRCCQcY0i2VFCkkDKKUsEIpudiVsaYzlkbBQREcIWioioIZxGkEmUkBQYSSoUFU1TczoIigKMJcqnfeonYysCO51uCQoRkqKUgBIYiZCQ7TAWKWRTu1JKSbe0JbraK7DU2qR0REzDCEKUCFtRIxQqYWxQhIRCtuyMKGBJrTVFkdxa60otJZBkIcmkKaUEysxMJNVSDcJSCblEcabQlGO2hjNtJJGZ4IYUEYpaajid2aQopZSQikopGDKl6GonSKdECnCJooiIiBKA06Ih1VojKkKESRskm2yTkLM1jOhKl860KchEKSahCZHGwrZJ25B2y4lE8jSOwlJYlgRGUlFECCxAoTBNUmKMpCgl7RK162utNWpEyLIUAYkDICIEFmDSjlokpIgoKppaI4miUmuRFQHKdI3qlraRhCQgulqRZBtKCUkQUimhdArJAgNOQBKZLW2MQLICojqntGuJrvaqClUVhYqCUChCCpMQIVpLgloiokghyWlJliQht5wUIat2RaY5S1SIzGYTOEG2IhQRUikVnHZrLe0SVaFpmqLUCEpXQ9GmKTMhpLATSbKIEhERJUJIIlOmSYoowkIYY1CUQqhlsw12GnAoJFBImQ2oKmBKIY0sFYJQIAlN2WQTlCilFEE224ndbDKRmtIJmUWRRkZIkVIIC7dsgogSkiISG2pU24qQDBiDw5INIBkDkmwcCitCLdOZLRM5pBolEIBAOCmlIgwyIEmS0+lmVNKZNBMmp6lZVgSiSCAHMlLUWiI0OQVIpRaFDJiIApKNKKUL5DRgoyAUklpLnBSpeZqaEwSWJKBlk0BECWNM2s7mllFCwuYygyJkEyVwNtuZQlEqwjRbEShKSCElrbXmFDhwhtyanbV0UtjZ2tSmVrquli7kNrUEybZDQkXYIIiIZluthAiFyHSh2Cln81hUFCEJC6FQy+Z0RGk5TdNkVGuRsZuk1to4jMaSJCGiFDszLRQQYmpTptNEYEeEAoGbs4QUgpAICUWIhksUC4kiWRJgRYAxCCIkF0QpVShKqASm1lpqkNnaFBGgdJKGBCJCIdISTttZFGlnm+yIomwZRClVIkoRaQWWsEAlILPhIJvtVEQpoVokAbVESJYCJUh2EFFsY5coTktYSITCUCJSyE437LQjKA5AARBRisLYTkkRRcZphSQyM8lxnDIzSpGEhJsBBZd1pVMIUClOR0gqCpcokkqpAY1Mo5BNUaSMpAhJCCNjpBBRSq1VoczWpqm17LoKZDZJGJt0E1IRUpGEgKRNLbM15NYynaEAksTpRNgiM3HaKSkUzS6l4gwFmZbTkU5ZISFCEIEBJMkYDIAkbBvjWqKUAozj6HSU6EpnKKI1R1EpShsbuzmxa+0CpdMmW5OsKKXIhkxFgKWQZCMw5ORUEwEQsjNCGAc1QiLTGY6QwFgqdiNtgyRodiBFsYQdIm3btiPU2gSOKIiIaFPmlBTJRKiUMIQU0DIjgnAYQ5rS1a4IwqRtJKmAM9O2kWxFEDYpKyLkjKgIS4UwiRWSpFJCxDgNUzqdtRQF2ZrTKsUghJXpUiIkZJVSSkSNEAqmaQIiIiJsCGEwUthECVBEKEQqnYZSumyjVEAoJNIGSg2p2JnpzCxFktIS2FKJEtHS0zQYIopEIueEaa0FLiVspVMII4dCEZIwaSkUtgkBOFtaEpIc4GmcELVW5DQWbWqhKKVIbi0VCiORaZzNlpgySykICWcmOA1EoIhsrUSUWuWgQODmiGIcEoEcIm1numWGIooySWeEQBIYyyBAIUEzbg1JEhgiM0OywYlRhN0M4IiQ7JBMttbsUkr55E/5REhJTksRgQIpjEJG4cxQhAJlqJQStkzm1EoUothuU+tqMWTLaRztCKGInDKiRA2hEiEUxkFESBJM0xgKsGRFKDAShpBwSKBQRIlgauk2KUotNYKEdCpKKXKmRKZlShESaZWgGSlKLRGAhQ0YJGRbBikigHS6AWAkWwoJkZlpS6G0CMlRwnYJhUKKsVmBXDKbW2Y2Z6ZdIsAKlRJTG41qlFC4yJmZCCuEjR3SlNQSJQrOUopEURECT+NAhBQSESVKhCKzZUtMOp0CG9tEBFJIkqSQhSzCZCGyGSFjWWADthGOCBunJWOQSVprshEQoUjjTKOQSylTNkFEUeZkIxQIASUCnM7MCVDICRAyoWkYW8uopZRwuhaphEJpQoGRoi9FUWqtQGuTFIRCykxnAiFhckrhUDgzk+bmdARphW0jAEkgbEkupQq31iIKslRCksLOhBKBSFmprlZJ49QQfe3AoQgJgRUC0kCaxBBSYjuNgWzNmdOUSEFERLplNkE6IZlyHLNIpVZJaQQOk44IIWPJETUkG5koUSJAEQKVkKRQSZCdTttIQthRq01bj4RtRZQIKYiwmyKcxhBRAqFIp1uWWkstMhFRagGwbZxGzjRBprFqKU7slIXsdMhpVymCtJAVJTMlbJdaIorThaCE7IaFBOASykynJU+tGXCSCYExdlohkSgswhJIsmgN2Yi0BYRKRE5NIYGClpBWKCRbxm4ZKlGjlhI1ZBIbZJs0ka2RNu66IoVNqSUkREgKRQmgZbMtopaiUmRaNtlElJCQ0+mGorU0DtRICEEQKNKUUJqIUKGo2tnsKIqIQAZMhGxLAKWUwEpFraFIG1tSYgAkJMlkpgOyGRCBMBmllggMdoLsTINtSoREpiXa1DJTtqIaT5lR1JXAAUg0J3YJEtzSTikyM92CMJAtwGBnKECSnUYIYYciQoCdBIHccpxarTUoklAIJZmZCKngBBk7U6WoYAs7hFQkFGFac4akiCJBYMuYVCklhJVuJBJFJSIsZWa21lpTCCuNSdsgWyUiJJm0S41SSma2hklnCgQ2zTYEYBQytGy2nTRbCQoFGCBBSApQCYEllVoCMlNFVaXWgkJYiihFSLZKYIUMkabWmtnW68HpUkopgVMRxkWSSeN0gITTIEUgtbFJEUUqESpOZ0vLgnEYM7NIEXJmyySzpVu6gkq1sRtOJBI7TUYUYxE15CRxKDJtCKlESUBgCUuRbqUEGMJAJInBpkSEpSJJaTstVKKEnZCZtSttMk4J24YSJRMy0wARAkARkbZEhEJRS5HCzighhEOSJCcJkpAjCjaiqkiy0yDJxs50ipBRlHBGCRvZ4zA6HSUiamZDTSYkg1BmA4MUEYo2NQGQtghAQSESSLeUsyVWRKBpmjInFKUUQIGbFdRSEDm1iIgaNaoUtkMREQYbhG2nI8h0ZpME2A5JJSSFo4SEbasURQiJJAI7wpJMqV0JRYkik1gGExGllMTpLIpaa7Y2jENrre/6rutkR60ENjVK1PDUpjZKFGmYRqUdXCaDQkUlMQg7IjITCzeBFSUqAUKZtpFF1FpESVKAlQBZShQpyZZUVQW0nKYJqF1vNyeS05YC6LoikelQSBGolEIRaUMQVhIhY8uZIiQHFrIUoZBsUxQKpFoUtQJ2SyOFJOQSkcLproYT4SgBMmkLLAGKKLXrprGZDBVJU2uZLUyUCBUJA8JB2tgKhYKW45SSQlEkpGwZCIEQUT7lkz6RhkpEqJQIhZ0SmS3TIGemDZ6y2QhCEmHZITIlhCICUhIIJSoY2wgpsmWbmiXJJGlLUQAVMhElSgo3EyaBtE1KNiksoRKkjaKIZotMEwGJsQiEZRyZdiCboi6qCmm3aQoVBSQIJImWFhmlZqYzEyIiSohQFAxmGqfaVwyWwyZbS9tOp1xUVMKTkds0OVuUMLSWMkUiAgGlVikKpDOURA1hSVIgiZDcWkaVokBil6hRQSEHpRSFwUbCiZ2WbEJhp0nSihpBkUjSIEkhnE4igHQLhWRZknCiAGemIrJNEbR0thYKJLJZESEJbGMhcJQSUSIiFM6WRiKxMAo7nc6WaavUkKSQrFAoMpmmEdR3FRJFKIqCKDWCWjITkBibw3JOzS4lbCcZBJLdsEKihEJIIIrlQJQSEMYRUim2syWS01NrspvtzJAssG0hZ6YMJUoppGspKkUKu9UomY6IQFM22RFhuxmJUIlAoiVOS0Agl1IwqlFVVCRhpJCdEVVEYgVSEBgCSIOlQJZKhGxKV8iMCJVwppOQAEEaKYCkgaNERBgbSyUk7EzXEiHZBmdLKOoipzQUhWWQcJuylEqoRNhWyLYNYGcCEF0JKFEiaC2nach0ZsvMUoKMrtaIMqajiCxypgQZCpBtC8lYJp2OiLSlyEwCjBQ281knhUIREWFFF6RKqBTS2ZKQMy2HSq2KUjBpZ6aCUNiJEBiVALvUgkGQNkiSIkJOIwQRYImoEYqQQgGSpBARxVAiJLcEJFuCZsvZDCmoUaaWQqUUQ2tTSwdIkqSQUpYhoqiWEI4gag2FFBKEQgpJkkqtEcgJKgG0JFBzplMRAkAKO7EViEgBEVK2NrlFCFCohIpKRGRmy6ZQiWpTSkhIEKVElCgYQynhlEJ2llJKlFqrbadVRCYIokTINhFFgTIzwdlAKEwM6zGnhnKcWimupSLSiUJoyimzFWnK1qaWiULZpigFk9mEpMhM4ygFJ0mazCxSKUWilFqitkyZWqsUaStkkyRFRdHVigp2a00RteuKpCJnTi0LamkM2Ma2MzHCdiJHCJEtIbI1hyNC2PaUWbqKXSUQEZJaJrZURLaWpYQEEkIocyxRowhSjigRUSKKJBvjUMEax1FECueEUQgwItPIdrZWQq1lkkili2KhsE1raUVEm6YpJ2OakVQiZDe3nIBCELItWVKJikSUvi9SNGemS4QiIiRbERFRSoRKNlRK1Mi0mxWqtUYJRVVIoYhiLKNiqUbgxAaplFKjWAgZByFhFEghMEIqEEIhohZhRKCopSgUkU6biFCmIhQOIkoJkEqJyEyLCDARodDUmhRjm4JwGmwMQiCAIkUpSNmmhKiyQhAUMJYQtpBCNgZJRJQopQtFFUYKMhFukkJBkKaUgpESRYlIZyAFiKJiy86iCERRjZItyUwbqZRKOm1sSaXUUDhTESDsllbgtEIYTJh0S9vYIKdULAeRzpaJHZJC2TylS0SEMnN1tJLouw7LYCtzzCTdWiYYS0qsUksE05g4kcLR0hFEiVJL2sjpbGPajpCzpZSZQraNsk1O25IcohRJmLBTgUxIQNSiIBwlAAeBQBLqSpUibSxFpLOLqlDaQNqeHGTKAaSjBCApM6fWnElRqXJqalNRlFIymw1OKSyRjr6KQEKAg6CoRkUhMDaSFBJIwtgJaBonBaWUkBAyNrUWjCUhFDIYTIRCYVlWBBiDM0NRSkytlVDtQgqkNArAQZUzJFQkCAmHQkWOkG1kiAgJ5PLpn/zJFDlToWyZWISEDVBCLdNYChCSs6mGIO2cPLXBpkadsuEoJRQl03bLdO1KiUiDjSBbmogiY2c6I0oUQbTWQjIuYKwIgZVSREgRDiJKRLRpStITmRmBCIVMUKKWUhTGtiMkIcJkNntqiUISMlbIzRERtjNBzqRIJUAYA06JKCFRooLsDEiVQCjGNk1DUyCwGFsrUUqtYIgQhDAhnEYW4Uxk43ST6bqKASTZZFoIS1JIKAQ2IZVaBCgDS8XYMkYKSVEiw7JUAxDYtJxQOJsLoeJmGcBO26WUlp7a6KSUUkpBlCgts4QAI2QJFCEsQMIqJSRAKN1AIabM1hpRZNvYKZy2IQR2iRIRaTLbNI1talKUEgi3VJAmZTKjiARAytaiUGtMk1ubnBgLIQciQhIg2bYkCGwVgQwSAJJEqBhHRN+VdEq11AgFUkQYcGsmQrXWWkobW2stC25ppxTZsmUrURxOE4mCCIUiICLSKDGZzghFBAKDKApIJBEhSohEISKsVGLh1ohAMoaQFCEk0oSCMBYyGEWVAbJlko4STkS0QGkp2jQJIsjM9TDUvoYC4UzjUKTT6VIiImzVUhDOLLWXaK1N49TcanROJwlYkKQdtiIUGrPJJqJEaa1N01RqTTeVcDqdYanQMgOrlETGWCHsiOKIUkq1DUiUCEmKglFAREgQtnGRsAG1dEiWlcYowtkUCkJC0NXAJIqIyem0UagoABkLRYkSYUins2UDKaSUgJAs2RlSqSWnSSikqdm2QYaQTYSsKCUUkdMkKaHWatmZJcJpIWFJUliZzS1bGBWJCEmERU5tGgcpQgpJirSNIZxtmlIC45YhLBsHIWHbpEoJpCJnhDCUUEQpEVGKpWxNAphaa82lU1BUIqQSEYooAREFKQicVggREggrioAE2RaBSu0iwunS1YiIgKZGU5RaCoJQKCKEiBJFgVCpCkERdki2USmRICtKAWMQtt0cRRFFUbraBaGQFCpKU2u0TFlWBKiQmdiE+lJQkHZIUpHSGNcSrbUIRY0SsoQ9tkZm1KKI2pUSAURErTVqwYoSOLNl2rWEQlFKLTVCNqUEdomKgEBIAtkgqgqKtBWRLREYZAjkUgpIEcJGOMlUiAZytjZNDWcJ2kR6kipBmyZbURCWwlIpUaNTSBYhhUBA2rYTBVG6IkWUEqUCEWEjcCnZJkmhgiSTmVFCquAoIQhUapForWERCqJlM9nVAhHCUpWQnSgMjK0JyRBqzQoRIdm209kmhNMhyTSaKCajRihQpB0KIRUkYVC0cbJAxmERSCUyJ0VIkXaiwIkRFq1ZcqaTTDvTxump72fCCkUpQumpSCFFhJGdmMx0uioM2CZTRCiiIOwkFACIICghELhNTZJKOC2XUkopcoJdomA71JWCqgIQcolANLeIktjOCGFhq0gRQYmikJx2a0Rgpz1NkwFRShWZmbIJGSloTk9WUKMITBSppUPKtKSQUIigEEQUABLbXV9BU0uTQumcMjFtHEMlwZZCxuv1WCKiFCxHSpQahYJZr9coSgQhkhJ1yham1pp24qLouooQSrco1dgOKW2VUkGSLMtOS04iilRKRRgwidNOW26KEEpbMqZNYzhKkKGiMI5aJWUzUGopUkR0KkLTNGaaCEQ23LLUqiLZihIROU1CNnY2u0hpR4RBIltLGZCKEGmZtKHJ0bI5BRiBLUJypsAonSgCK8KQLaNICiJKiZBKDdUqpAhQJtlaoFC0JHNSFDCkDRBRFIEsIluazMw2TSBJOtq/gEWQzW0cS1dLyKZlS1RCuAiblBCRkDkJ1ShjpjOh2aq167qSpjV7GkrXpVPpKN2UU4kCThtnqUWKTGNaZqlyY8qpltKmrKVQcHNEABJtykwT2K61kzOzJSqhbCkVcBREZGZrDVApEZKVstOlFIEzm227RAmUJEhiaqOs5owIrAgUBZPZjDGKCEliGAajrqvhIAxS4AaAEqK1VkqH7UgsMhMLbCFDSBYKRbq1TCBNUYAtd1HBJsDGJco4TW0aq2rUcEimtUmlBJKxkyjTOKqWEuFsFjlmVDlp2Yy70jmTWqoCAtLOlh7XY+1KRJUMzpYoQmFlpouwIluWEtgmS+mxm9POnNo4TX3X166STizJJqdJXZFlp51BWAZEEJbDOFtrzc1t1vclwniapohqWiiMq7qUIbFACNKTLbJEUWAjW6jZEjINyFQpQukWCiCNSBvSSFHCsluCFBEoM0NSCTAoWyIkGbfWstk4QrVUMIkDkGyCNjntoiAMDpVMSzJ2ZkRMrQXUrpvaBIjoSkFMrdkmoaQdimBqFIUis6WJUCiETdjNtiJsh4rJbI5iuaQT2yA0tNaXEiVIEElCSoqontTaQAROQjRHqQoybTuiqOCW0zQZwF3XFZXM1tJ2opAIAdGmCaeiEAopSpA02y2Ro4TMNLWoksI4iBCtpaU2Tl3fZTYjp3ESKlGwW1qhlq2q1ipFyZZTjoVCkHYtFWkcB0yoRJEzm7NEiQgppmm0UxG2sRBKkkwTEs4oRSFRkLMlSqGpZYlSgnGaSpQo2LJtOxPkIqVLKSC7WRLIoRynCBncWoqudlObpqmVUnC2dFdqKZFYyOkoIeTMJBHTmCGn1XWdwW6FQGFZ0JzZXEpgR6g121ki0o4o4MyW2Wxm/Qy0noaAWqpBErZRZkOUUrCSVJK4KJCdiWWQcBCEMykSRekkJdJ2WiWUOGBMakiWY2qTcS0lTUQUNE6t5QREhKJEgYZEy6ZQqE7ThAzIMnKbKNGX2sKFALeplSiNFIpQa2nhdAmwiPCUliWiRI62JJIagQKthnUQDkgCU4uztdaC0uxaZQgVGctCKkEalG1qSakRorUkokpTJjZICqmlCYUNQiCFgczMBhFFgJ04FI6ITAumzFJUVLBtNzmsdNpAlHBLCyGMSqhlq1GMwBECrVarWkuJkoAcYIed49RmfW9yHFuApCQNYSlEiEQQolkhwAk2krBbmySX6BRhp0p1OjOLiIhhXDuj9lUkJUiPw2RnrSVKLSjxMIzjsI5S+75zOp1IRVG7TkVtaNM0RoQijAOac7ValVJm/UxBNkKejN1KFBBOG4OkAAUtwUhOHI6ECNmOAKKIhkmmbEpKjURFykwBIWdKUhRsA80qkpSZU7ZaoigSSdh4aoknZ4nSlWocxrLTqhVnOrFCtNYEEWXKxCaiK5EGW9gIZNuyLLAkQ7aGHaVIJUI4p9aAbI4qp6MUSW2autoRsp1tkkrLCUsYgUFqUASSrHSrtS/y0Xrdlw4RKI3CU2aBtBS2FRJpQpLsNMIGkCIiCKu1RLaRhO02TRGl1IozW0aRItLkNEZ0JRincZoyQhKldCanaZKlIiE7SymA07alMAZNbYoSIYVkS/I4NWVSShFp24qikFrLUiMbxhI2JcKZaWMUiiiWsUuUlk0Qiqk1hEztaptsjCwp7UBS4Exnpo2rIm3bkmyHalQhSBva1ErVNLbMrH3FcmbUEgqTNCc2wshYCAiFJEgbS0VYmFQLl1KVrbVM5CCm1pBKiRKRmViZjRKkkTCJaynTNLXWatcFaplkiyg4o+vITCFbSKGpWaQUtoUo5DhF7QISishkGIdSa6012xQREWWcpoDy6Z/6yQbbSQvCMogQECGhUpAshUogZNspIkoAtlEhW6mRFqEwliIkQkWSSyhxNsso1NJOl1IEUcAAoYgIpyMslQgh2bRMMBjcmmspESVbw0YSQUgKSW2amh1FUoEUpXkESQA4pwaywCkpo9aooQhJUtQSUhSpGWWLWiQXFWQ3lxpSSAqFkKFEmTIFk203FEiGGrIzUBrTZEUECKOQMzGlRJuaSikIO0IlQhGhoISQs7VpksLNEg5jsjkBg4E2tVQVBgksk5lOW5bCIjOlKCUUUcAY2zYpByUcEUINO9NkRETRNI6SpGLcpgaOqAicNiixDVGin83AaRuAiKIQTohSsKUQ2DZSIbCSRoRAzqhFIZuIKFJmi6gRYZG2QCgk3BSSCSlUgCglJEFLp5uhZSulKEJyjSJkGZCwDVj0fSfLRNTiTLAVCtIpI4XdjCOKJRq1RoSwnA2FglAAUrgloVqkEAIzNfd9J+SptZwwyBFFJaZxqrXKysDpCKJWCxHgbJMiIsK4Ri1RxmForYVKKUobCeTMUouNcEsZA7ZtK9SVGpLlTBtLiihSKYokVSIiVCiqFgqcqFAUIsASNUotNUJCxmkrkIQQSBIyqVpCAkDDsCJBCAm31qLUblbdjJHtFBhFRJGdJhS2UEqllnAEpELOJhQ1ximnHA1F0ex0hkJSy1akEqHQ5NamlpkqUaSxtTZNteuytVpDimwpGbuUKLUIKZRTRghZEoq0JSKUiY3T2RKwHaVKRiLVPEjFaUKg1qawrDQGSu0iJJXWmkSEwjhTUSLClgpIkhDGrWVIAFIppdQSWFJC0sg0simhEpJpSDZCESWEoeAUiighMNQQCjslJaQzFAoJZWZmE3I6syE7ZbCddkSUUnJqzTgTsjnTKSQUISeE3NIkwpZlG+GpJWkikG2HSu1CyECSRsLYqRAGnFgqCoEUEqGIwLTWDIntFEjRpjFbphsOsHEJ2RhjlVBzS1TInLJl1loVURwGY5tauhJlalMUhUqts4CpTbYUdrIeRsgoIaRQWIoIhexmi0DIRCkhGVIOAINUFQqLIhGyjdU8RRQ7cGa6KyICGKY2trFGX6ucRITdDCUiQYAsRWtEeGppknS2dBCEcYiIgJAwKiFDSAokRYlQyZaELIUMgcg2hVRKgCQky3ZmGikiws5EVYqiCCEbLCkISchpTCk1SpQI4QbTlF0tdTbvuoqNokZEKVFkO51uzVJEEAgyW5TS1T6Ek4iikE2RCsq0sKVSa+DMtBylVAKhUFExSI5QjQp2utkRtSApVMAORSlhuTVHCGOBMQ7JAag5SxQS20akJUKhopRphNIm00TYBsAYkubMJES2bCBhCEnImDRgUkAorGwt3SIKRqEoUSIMNhGyCKGgli5kKdImGwpxhSIiwCazEVFKMaoChdIlRFTJQplIUUpMntIghRS1BkIoArAihJFtiiRCJUIhuUBKMomEVJwpybZlsJ1I4JyaIYQLUkGUUmopUmROXBYRmW6thYTUnFGKAqkYF8kguyUgyyJU5SkVqrUiCUxgSumcLSSnJYOIEiUkwAqFCsLZlJEI29iJQi0TI9lJ2plNyHamp6kJaq0gK6KEIQLVkBUhgmxpMlQUUSJKKbV0zRklQiEKkjONAYewCUVgg512CEIio5bAU7ZpmmxHyM1IkkopoSKRthGCxKKrNQG7lggJrIjAliJkk2Q0K0LCDodKEIoIQlgBYKSIkDEI09ykUiIkCSVkS0zi8imf/Am4QSlRFLg1EzUCW5JRSEaEClKAMRikmLKFXEqoVNvOxC4h1SqRmYoSuGVaCoWCFEIoMxM5EisiIkKlFIucUtDszElSlAIW1L4LhcTUmpxWcSZ2qQHK1tbjWEsJApkkahQVRWCnAUsKRZGSbGmctoEQdmJJECIiiiQ5JaWIBCchmVZKtZ1OY4FbQkQEttNJc3PSjIQjaoRCSiEMpG3IbM0ZhhByV2riYT22tAxyLXWapiiyskQNhESmJIkgmh2iUGwLSi22gWwNG1sRAZgoVcJCZpzSTlWFHBRLQERgjGsNE0oDUpBGlBIRJURrLadmCVuilNKyTUOLWpxu2WzXGpmyE4TURYlSRFAMTiyFDAJFLSVtEnDLKUooAtskLW0IVIAYxwmotaZbZsNktjQSIRmRihKSnJ5sZyIEEIh0hqJNJggJiJBtORUREkVOt2ZChLEDlQiIyS3TEWHslkgmm1xLCcm2TTq7EtiSkSIEEBGK1lpfa0hEkNlaQyEgFHKoSCgUkA07jUFRAmETCkTLFkSUwIAk45RUagkpIgi5NTcbgCIZqdmkQJIkCNkSdhpCYachMzFpmwxF4mlKZ6YzyYDa1WzNKFRKCAUSOJujBEbh2vUKMNjGmASFpFCRM9NZSjGgxKpdQeFxChG1i4iICEk4kygREdkyISThbC1KCKWzKBRFOKK0yenWlRrQWivR4SwqUYJSghA4yZymbBGRUyZ2uoZKrRElJBcwUkgKKUoICRkiAlukJJTTOBkkNSiKkIDMLBEQMoS62ayEMhMyVIqUBoNkrCg2xkoEEJNbtqwlSumQAWcmst3GSZItpxuJkUDKNsmhwHZKABKSM0nblFKKAlsCWYpSAoiQjBUSCiFwSHbaoCgBRMlMwrZDskEIkGRHUSm1logaYcZhjIioxU4Qxk7TJAikEESRgaK+VqlEkVBmk5RtykwyhaLUUooNQSkVGyTZJiEUITKJUpACLBkAp22rFIWkiCDUKahRSglQCdJgTAMiIkRL0g5kyRKQraUtkNzVjkJrk5BbYqtEURHKTClAYKxSRGJUQmlLihIKBSUQhVKjqDhNCJBCURSIwJYRipBRa43MloSotaoAoMCKgizSKrJTqESRQkihCEUJgUOAJFSyNUuQGJm0iVIUUQqSM0sBQ8hOTDpDipCR0+m0MWkUBEIE2dKOIBTIThOBrVCCp6mlS6hEMZCkDS5RsJozQthCCKKUiBROt2yhIqilyKEAEJE2WCpEpC1npozDKBQhUibtFIiIIgmpFIWEpJatKiS1cYoSklprpAlFFGHjiIgIKTKbRCk1QqDMnNLGAQGWVCJQSBElJAQiQiAUGIlMUEoFgbFbjS7tqaWd6ZYNO6uKhYqyuciKaiwbZJDtEqGCKFFqLemUIkARmRm1YNKJXLtCIoWxM9PGBhsw2RyykCDtQFJwWY6ttRYRkoydaayqWosh7EQK2jAN4yQpSXBEFYRk07I1p502TkgEUUuJIgMKBQowYCFEyKJGSGAHilJQADWqJMmBkLHALbNEUSiQhJAUrU2ZU1EJlahhp6RQUQSATQhBRJWQQhFFkiJKqSWC5gxQEJZFSISMncqWRlGiRCjCKJ22w0gyRtjGlCAURSEhhbO1NMahsIwCGylEYhQhi1AptZRQtmYSh6BEJISEwAZnJkQpBawQKJCUgkQhJTbptBQhGVqzwE6EUJJTSyWJSxTkdMqRTKApG1BE+dRP+eREoZRcokSUUgsRFgRFYSQCsN1aqkQowGlqKFQTFwdhWWkgApxMObl5alNLC0tSqCKDknEap9YaaSgKEZbIbNlAaWfLCMlKOzO7rg8hgUMKC3CUcEswOCKQhGxLlBJNuLWIQhBRiJCxELZUIjJbmrTHcRLCWBZIImmesBXVNjKUbCmIECKnTFsVDCBFhAKljSURRZJQEMhEBGCIkFsmCASGiDAxtUkIu3SdSClsZ6aiYrfmVNrUrhdZIlSKTDoVACWICAspShSFpOi6zjZCxnKEUASy3TJLKYogM4qkIilAkiJaNpsSRVEkDOPUCEopKKQYVsOFCxfXw6qvtYAliza1dENyZpGiCy7L5pyy1ILdMjNbLYForQEqkXZVyeaWznSJKoFEJkIEIUU0p1KpJBUKFKVIoVILDjudaaeNFIoAu2U2apEisNPNmQbSpQtbYJtpHC1ktyZsQi0TmySKWmuZaQkUCltKg4wzTWsJKHKaQBlE1KIiAXRdSSBTEpawsYyQjUFgZzolASVCEWAwCIwBRZQQlkOlKAiBkDCkLUdUSVECicwEFMbYzRlRIkKhcZyEpVJKtJbpzGzpqa8zlUCEiFprFCwUQdjNlgrplCQQzGa9VFQERJS0nSZcogQqEcYSSiYAhZCwHSHhbG5OEEJglMZQa+1qmChFRZKCiIiwQgrhKNU2ESEQJUqzx5ZgC0VxUEKgltlaa6QapSsoJDmNZdNaM24NpQVSiYIU2dK2BCIkVIwMJaqNbJWoURVqrQmLUBREFCGFlJKMMRgpIgCZCIwkl1KidqUWZDKjhEOr5Wq5HKachnHsSlXU9CRCAUGgdGtpJ6GiIkVtLZ2pKCEJlYiQogQ4ZZCknJxOGzcoZBIREuDWMgKJNF0ptYQlbORsjgiFwIqICIEUSG5JCRQBSJmGLCrObDlFFCksKhXnlG3KTBMS0Fpz2rRQxRCBURQinIkoJZyWsJEdtRhJKhG2AIUEgFCpIQWkFJIzE4wjSmLZmQnyOI4SiuhqiejsrLWWEphSohTlNIEkMpMIJ85szbYBRZQaKLCNhbJN2VqJIGSboNTIJESJkqRTKC3JBKGQIBO3KbHcbEopABhUa1FEUdjUUuqsUymZcmYogEzsJCQgTYDJbGAsFYFwypIxwq1ElK5KapmJQkQJkihRQ6ZNzdnG1tKZJrAgkSAkh2QRktNEAIjWmm1My4YVkkKWJAJZLqWWiClbm1qU6LoegrCiCLBBBpUAGwMlAlJBSFHCzmY3m3RIIIFwREiaciIdNTC2bUcUcHNKFoEkaWqTMYRQ1AgiSkhAYCPXKIqwE5TNMogSEaUKwFjIMrXUqMVSKEopSCJAThPKlrbSGWg9DW6mYLuUElHsNNhuOQkwSRMqIRTpbOnWmqEImYnEDjNOYxAp1LKl0ymVGmFIM06TMjOd2cC1lNZMTkgI2+FI25CtGUcEshNBSA2DgcmNEKaERbTWjJ20qYGmaQJLpWUjrYhSq1wilE4bywKhKAUiRASlq05MGkepCloaWyCjACKkQBbNiR0RUQIbOZuBiMCkG8hkRKgUcJvGtCNCEWlEJsZ2Mo1T13XIIHBBNpAlIlRaNjszQZSITDKbKWSqKKJgZyZSyyy1iyJEWpZJKxShtLAlGZMYRwmLUjtnWhJRAyRkUNRoLRMHUlHYKQpqOSEMQlMzEs4Ssmk55WREy9amTLuUGMdm281WlFJqqaWEgUCAHSUUxYlBdmtZokQNJ1NrxjWUKCyBldhCGITt8mmf9knYidMGHCGMEShJjElSyE5IGTkQQGLIGjWdEXUapyhGMs50mybLBUWJUBhhW5FOlYhCRO1LBTJRxZmttaKCHFKUEsGUDlsoPbXEAFaolFojhJCbsY2NkUREiZhac7PxlA2QcLYpbWeo1FKQjUohW5YI5JAkbLfWxjYpwaolSi0oMicSIgJCIUWI1ozIbAhnphyK0tUokmUbyJbOjCgStdSIKKUISYqoQrbtVkuVJKlNU7aMElgihBMTFEVITtuWsMhsRiqSmKbMNBAlhAxyYhIrJSFCGLCbcSlFCNOckqXATG3KdO2qJERIYMBO7KJiSaGuFCLms9lsNotSIlT6rpZKyFAkFFGC9NSmnFqpYUVOk+0SpUQlSqAiqYTSpUTLnForiggBUUJgSSJNSAoViVAQEVJRWA0QJOlGutRSVEqUUIINQl1XpaAoFDaqCiLToJBbc2ZDlCgSSAHODNNElJAkjKLWGiQhEcbjNGKiBMi463rjaRxJI6uEMY42ZUTJnBClFgjSAiFBc5oMFSAUCFsCjCIMoSocRQgSS9nStpCxHHIqwg7JFLCjhIiuBlKJChYhEcIwTYOilAghgUSmQyVqAGERFAURJjF2GkotIuRMKySDU8KSmo0NClGjgtNGQhHIgZw1iiQb2xa2IrBEWiEh25mtlhJRAKTWpmZBypE4p0lySyNUIpBAkqyoEU5C2ZqkCLWW6akgKbJZ4RIlQglSiXBmGlpr6cmJikhLyBAhQCoRxqAqAVObnEYCULaxSUIqEUlmNmdit7Sd4Mw0knA6W1OJTAcupUYEzsQgQkVlWI133XPPNK03Fpt9P1OJTpiAjNqFpJCQJEWUWgxtmopUuy7AmcZp2y0iWjpbC8ngQhgh5KAkSVFVkWJsU7YsUaWIWsZpymlUyLYA2xAqJSRJCoTTRLg5MwmVCEJtysQKOSldVSgoRk0tEGRfKqhNCSSEIkKZKYXAuE1jOmuUtCMwkpy2iCgqKEW2yZm2wem0FEKKCCGHSiml1iqpja2lx2kknZmZiYlSSi1RlFPaxkRE6SoOSU6HiCikbYMVURSGWosNoLAlnBjbUSrOtNo0TcOYBiFpWo8E6QQyM90iZBSAEHII20YCUCisBMlClkLFzja1xEhRFCWclqgqlmUy3dzaNCUORWYWB5IioiikhMx0c9QABE5LCBLj6jQyVpRSC1Kd2tDSMiE5VFUMYKGQpmkwqrWmHZJKiVpKEa2lBXaCLZEtFQqVKMK01mqUJE0WlVoCkTYgKWoBMolSM5uiCIETR0QpZcoJRYmQRKIAIopaJoQkRZQogO1it+bW0k7sKOHMsY2ZBqUzJKcUSqdEOtPOaVIISZCZAHZzAoQE4CmnbIkBpxMheRqnzFZVLEqpERFSKUWQ2FYVxhHVmRkU1a7vEmdmjU6ilCgRRg2w7aSEJIkwFgCGTBUJJMB2ZloClYho2ZozLIpKFOE0sm2XElGkqETUEpkOhcF2CZEyzrRbWmpjm9qYtoBwqIRUSjeb9YlrKRKZFsZIJRShUESJQHIaOVsGGEIAJts0KaqFipzNlqSWLpKlUIzTZEMqCrXElA1bimwtSiHkKdNIJQQQESGctq2oVrNlp9OZ2dKQzSqhQEmikAIhQCQOQmEbCcDGEkZIMkSSRSEwCAmth3WEQmFhjJBCNjhtpSOgRClSirCbo5QaVWE5VMLZErLZSbapRAmsICRbaWqETYgavWrUIiAklYgQpJ2tJQKrlMAYlMKpUroS2EgtM1QkhLGixNRaiYgiIooUUWotkrDLp3/aJ2VrzowIJ3baxkLOloYQIVk2CiLBTkVgyWQaECAphJGilpLpUkuJqiiKMEiksVvpoipaIyRgnJrc5ABlutQgJFSktLFLF1ZgsKWQrYiptdYmwFYtkeApa1ckZTYJKVQUioiICE+2TTqNgZCNMMiZSJIsyZZCUokotZaING1qdlNEiQjFlIltNaQio5haE0SEUwIDlt1st2wyioLsTClaJhYhQCAEYVuhUmpOLTMjFBEkpUgRoVJCCkUU0xShRIJQgAihlmlnmpAUIGOQhJDAzcYoQICiBPbkBgpCUropUSmCUKhomqY2pW1JJWopxW4Yp5VZu1prtW3jKRXUKBJpk57GqdFCRaFMr9ZrAEUpNaqchCJKEU5lRDEI19qVUqKEDeBslkjIBAiETLZ0IAQgAoxQhEmnCRThTFIulFKAsISNw+HMiIBMQthIFkKolqIQEqEaoQhsQiVCUkoipEwbKKGICNGXPnFxoOj6GlEEINlRlJ6kAkyZAiLSxh5zIl0i0rSpGWTsNCCyWRFRhMm07SkTu9QwCpBIpxRFSLYdITJCSjdJBmeGlLYCm3GccAokJXZzqbWUIpFOOSVsAbTMtJ1pt8yuq6GwsAGQsJtJnFMCpZRQ2M60ZGNhRXHaIMm2ZEPIKlFKjVBEKSWiVHtCEcgCSCcmRKbT6bQCIclSwdmmCWxsFKUEZNqGIBTOdCMiQoVwOkFFIUKRQkKlllKrpFoCK7EijKdpatmEDMMwuE1SCFKWqLUQZCPT0QVEy3SmTaatlAJSIVAtEZIzkY2wASnSSGClG0nLCfvEyRPHd45F1CI506AqTEgqolFKKEIYhFsoGk2WSaTMJkoQgCKqKrXI2Cai1iKFoJSiBLllw1EiFKjIJqfMdCmllFDE1DIzSy2AhG2a7dYyVVRUIQ2BJFq2WqukChKShCQEESFkA063onAKEREyUQQKCSgRzpRKITINUYpkTeMoG4Vx13VCipAE2GnjNFhFQq01pBKCqLV0tYZCRQaM0y3TkgTGBpxYkooUEUUh2SpS6bpQ2DbOcYpQSK1lidLVLp3OVIQguq7WEiFRSo3MNgyjMykKVYWUlsJSiXBaUtQCSRpIWzibI2Js0zSNAkt9V7BMFoVNSBaWhaKGE4NwiWoJZaYTy8ZCMbUmqY2ToJSopYDSzuYIl9ohlVpCyiQEKiWKSYVk0gbJNLdSorXs+llIIUUUMnCSGNJpE3jMZEqVEpKEAHCznTmlRSBHkNgObBw2ChqSkbAlABkEBpRtynSSoSghJ4GilCgRCJFObAOSk6gRUpQihSxFlKI2tkClFImWLRsSIJUoUYSQjYwluYQNtiKMhcDZmgAoEahIUUoRRFFIEZE5obCsKDiTjFLSmEybJIpsk1kiCEkhSEuZEjWKVLpSMiUJI0VIiGbbBI5aSyk1Si0dEXKTZWeolKLWMgjjCNVaSy1CIBA4pJa2k6m1AMuZkpwJYCTVWmstoYCwjVFQa8Fk2qBwZiIBgiTJDIUisNs4KqKUMqVJqpS2TY3IzGyZzlpKSGCZkFJ2mzKz1lJKgJxOE1EMstMCGdcabcqoQXPLjFKksC27loqJKJJJo6ihqCVlmuzEGBMKyXaEnJJoU5osiiiBcDqR7JBAEjgstykl7EQKWYRKCKLITqexCXKybQRCUhHNzpbpTBvspER0tYKRkIJATjcIcK1djSCE3VoaohSSAKlYHqcxrIgAkCSy5ZQJOGRwa4g0JoVKFKSqQggUxmAbpBJC5VM++ZMiImrU2gkEpdaWCSIIIWQIZDO1JmdEYKWtkOyWU5QASoSIqbVMg0MRtUhW2lCkJI0MliRPU0uoQBRCzszMWmtIishpjAggCAAlRggBynGKElH7WiIUNjWKSnGm06BSOzLT7kqRsJxORSldEYRwpm1AoRDTlKFAIRQRUYrAiTEySFImpDMMwpaE1Kbsao0ikKJka8ZkSgWBVWsxZGuGbC3TiWXbaUs4JAk7S9R0RkQpEUWlRJqQiBA2aq3VqEpSgEQoIp2tZYQCKWQMkiIipJKZOIdxtOhKQVEiEgqRLcFFSpyZgaJEFNnOZsBpVfraRSnNDQhVZCwHIhQKWYq0Mc1WS7cEJW04GtbjuqjY9LO6mPWlFhVlpnOCyHREhIpCTksCmQScgG1CAktSIBVDZrOxcDMRtoUjAoSQ1KYmQlLiNrbmhh0lgJbZprEZVVWVTBAFlRoRNUmCkEAgFTmtiIjAtGwyUYrJzNaVPqqciUIhZyaOQqZs2wIjlRJp15AIhEAlAtkWKl0JSyFDKYoIgWQRIQnSFkyTQwpZEoqq4iCi4EyQArBJ2xgnAoMdUYyaLZBsW4qoVcKtoYgQhIQUQkgKZ9qyJIOCEgUFONPpViICZTqCkAAkUAjJgG0sKax0EqFs1BIIG0lAmyY5wAi7uQkn0NoUEc4UlFoys7WpKkLFwo6IhJAwpMkpCdK4tYgIFUkRpdQwsltINIOIIlkOcBBgbFSM5QSVLpyZdkQUhXBEIAHNDkkKKTAK1b7KQkJgq6irpVDBNpa7WmzjkGTZSURYajm1nCSpRnGkM5197WsJrHUbZEVXbYoCO4oEzcaOKJl2JgoFsqVICAmEbQiFMSBIMiRJICTbxlgSxuCEKIGdmSFFlFIEwpJbrRVEkA2TRiggg1KLhEB2KlRUMlNpIkAGMA1LrbUoIWMgFArjEtHcRGBsl1oiCiJtVdkWjgiiShA2qNQiQISKBJaliJAktTEjJCkzMx2hUopEw6GIUiREGDKTzEAWtqeppbOWYuO0JClUQgKncWa6udZOoWyOEkKSBFFCqESpXcVpkBQhEX3Xq4YyIkBq6QgBBG1smK6WtJFDAprdWkoSWFYUFRVFREmnIsDplOVm3FJhZ62lRjUGnJYEAiGcaU8RnWwHRSXttLEjpBLYpZaQpJA9OcFCEYFEktkaWGBam0rtFMpMbCnS2VpGSNCm1nIMRddVJAUSipLNABIhu8lhSTYY1LCbkVQiQmQO44jUWk7TVLsupJatq0UlGi6ERLNLiSi1tVESOBMkUIlAQqpFTkHLBs4SMU0mstYupGlqtkuNUkpEyTapKIh0YhEqJQJyGhFCocCUWmstTix3XSeYpqllllKlAJsUIcDGlhRRkCKKEgXYikIaERFSCBs7bYFBJmTn1DLwlM12RICiFJwlwsZOK6JImKhmSmeUMAop01GCRFHIbLaMZMAQMgpAiJRCiihFCslKuZZaIkoN22BFSMIJCEpEIQi1TGeiiFA2jAsoNNkREVFwllqsgKwh1RpCisSlVIKQptaapxq1dFUIexwnm9JVO0uUEA3XqBGKCElItlubIqKWsNNkLV2EWpukiBIoaq1Rw+k2ZaklhJ0kJaKo2Didzq52ESIEThsjoRACcDozVSJCObWoNSQpJBmRRgLZxkJARCBFKCwLTQnZWlIUUQJQCFEUKhVJiPA4tjZNpQRgu7VMG6cihAR2mrQVEUIRSjAoMQEIyzC1kKLWIMCkVaQISUhO41QJEgQipxYlymd82ieXqFIASBZSCLJZRUKQoWKYcsKOiExP00RQSyhKV2cKpYzDNDdCiojE4zCFhEoUWZIVEpZbGiFKRESJIqHM1gw0o0BEKCIUUYpgmqYkM+0EKLVQSgFnplyiRC2ZdstSCpKdU5syXaI4M9OIWkpBlp0GpAhFUTgUgBQKk0hFNNuZKhFRQpFOgwKhIimkEsLOjFoUJcAgIWRJchAlZAISudaqKMICRQHs1tWqiClzHKZsUyhKCaFhnFqmhAnaNE6tuWErRMi2myMkQSKcmJCiyLhEKGRNOQZh2Ya0SkUGCZpTYUUJCZzNLVtEATXn1FoEpeudCWrOzAQoQZI0ISDTlrCNA7XMUkvpO0ldV6PW1rJ2tetrRKEooniyMApjYYlawgZsgZ3N09QiQriUIMIiFFJIkE4npkaJgtMhtWaTkkLCSglsOVTknNpku2UrgR2WlY4SIkohnUgRJaoycTokRCBJyGSCTAIqArtZSKXIatkkAUiWM5HTtrAhgnFspRSi2Bm2jXGmwSohlM6I6Go0W0SUoohQqBTbSisEiSm1KgIztdFpZ8METiywQanEEjYIjFFEkRQy1FIQQhEFCbATO0EhKQAkE6EoNZCCiK4IyARKFJBtGYxDEZIkSSEisGwIB4FVQqDJTeAEHKVAYKkw5eQx045aSkTX1dZSUWxLsi2IKKXrQArJnqYmURQmQm7ZnJYIFUVEkUItKRESFrZJVCJKgFprmaZETmkcApFIskFIUWqRMSgUxukMoyg2xrbtFBFSgkABUqggJEUNMAohMMYIUooS0NwyMTVCCmOQ5dZaOmWVGqEQSFZRa7IRCJk0SIHtpNYiRURJEQgRyFg2KJ1SkM5MI1ojShQybQhFRISCdNp2CiEZBaRTKkKJSU85RoYDQ1Eh1IxKcWuZabnW2kyNUAjLJGbMFiIiZCErokak3FoLyRASUqYVmLBNupZaIhInFIwiokpS2iaxJNuSLIQDJhuaFFjGCFtICTQUwmRLsJxCKiFUo5pEiDDNRCkkOF0kJ5kgByWxwtjDOEUI43RioJQqgVumbTITE6UQCBm3zILstAHLsh01CNnGRAmX0pXaldKcJaJEFVlULCcZDoRtmwhsW3LDZCgUiigK2Y6IGjUKOBREKZAQIStKOp0pCYrCrZlsLQ1uQDpCSKDMViIELSfZFhEREW4Gg5DBKAJhCEqpUWpXIkrYhEBIwiAEUSqhrhbbBIoiLCmz5ZgRNBtRImpgS1IUSSpFqIQ0TeM4NqEosh0WksDYEQHZ0lgiVJBEhEjTWkumUvoQBosICaURmqaxRBHCQg4BIsl06aoQAWlLbik7CUEaY4wC22ncUqWE1GwMkhQRmqYRUUqttVOJKCVgai2dtRQkUImIUkhjTAobdV2NUqUIKe2Q1uPYnEpNbpmWNA5DKIgopRQVC0gQYNxagkqNUAFaJumIUCjTpYQkBUKyVAS0aTKSUJRaCyBkyMy0m1NCCMkowlYRStvKElUiUHNrLbtSIgKJKLKFSilOtzTNiQTZstYqyZLElAlWBNjGcpEIIYGrShRltrRBNg1jhSTRmlUICjgBSzIQKhY4EE5HCBVsCdt2ZjpKNSmHIkICJGFN2WQ73UwXEAFuLQMcCIMAGQWBLQmBSA9jK6GoVaYUCSSVWu10GpHGNCdglehqZ2drbq1JoSgiQmQ2LBFTmyJK11UZIG2FQgGpKKVEQ1FQRGYjFBFYoIC0i4TUsmWzJKGQEpdP/ZRPHMeccpQlYQsyanVmqVWKbF6t1woFqqVrLVVKrRGKcRydKRFWm1p6qqWLWkoIhFxCKXUlkuYUwgYbIUm1kjYOMY6TpBq11Np3NZEzM23sTGyVIqnr+toVnEQJlDk1cE7jOLllhCIiooTITCm6rpOQwjgiBE4LgYXsnFrabT0MQRFQVFTG1jITJSo4M50ijMBgY6cQNtB1PTCNI6IrkUDaihKRzmmcSimhMCZRUaancXQmWBERMY6TcFcqIYXAUzaFakSbpmkaDSFqlFpraw0rSlFIEmlqdBGCUgqZaQKLaNNEKFQIFwUis4EkCWcmlm1JOWWUGtBaJtmXmUxEhErLTLdsrdQOodaQnJZIu02tFCmws6WDIolsLZMgXOqsdjVwuLVMY0l2hDGJwcLYtoh0KkKgKEWBsC1BqrUpSgUyM0o1mFaiCwkkCSIU6QbqS8FGEYoo0dVuPpu3NioKknDpao1iSa1NzSEZhKephTFuCSGlkwSBBGlHFEuZBrCnaQgVpBJqzYkDEVFDEtgioijTBSEEbtmcAS0tKLUAQlM2y2F3UaVoOTarlpLZUg5VikBRAmcoFCQ2EAoLlVqLHJZDRsW2FJLsDCmdmYlt45ZESJJCkhu45dQaBpAwzpYtFYoIBSR2qtQQaeOM2iUp2Ra2IFuSRkiEomUCERElqqI1t3TLFiJQ5lRKESKi1mJbqLUkKCUyrSgGBSA3E0gAETIglZBUaylRq7PZANiyRUzZALcWUYggMS5SZkbgNME4TUhFURTGSgMKCaVFpnEpFVxqAZBLiRKSI4IMCdcaoSJkMhOCtEmwBURIkoRCdhqCCAmM7WzZSldFIGQpiIgwzY2QTChESoVASCShGgXItG07i6QQRhE2UhgJSyEB2BkRzhyGoavVdmvNdkQ4qaWUWiOihKaWYGMJIQSQmWmXkCRbgYxJG0dEKdWZCjLd0ihrFAROCJWIUoWd6YSIWgShEJJEKQoVj42gKzUNrY2t1VJCAjITskRtpJ3Ymc7MKCEztolMJAESTmeCiyKdChTCBoyRMrO1hoRUImxKkRNMZtIsYVmyFKEwFFCUqSVQI9JGKAqB3UA40pnOkIhwpg2ZyCUKYaIoZGNnRBFFiigSAEK2FGC3lhGoVLATg41QCXGZcYmqYJom20QUlHY6cRgbh8KZEqVUhaJUyaSxopYSkEQphIpkKKUIAVLYKQXCppQaEaWWWjqBJEkqETZWhDIzumoLuyulpZEyp2lIhRTCREEIOyIk4TQUBc2KqF1trWUCYCkwqhGESKezgbPZ1IhSawgsQrYlpQ0OIiCdkpAyMzMNU8tpPaSz62bDctWylVpDQYIoJZxTRJlaA5faKSCzNSMpwmREkTEEgpxaiwhny2xSEYiQJEXtqhRtyqglJEnYiRXImlprrXkaQQhQX+vU2pQpIxKRYCSTdiiEbQNIYRJHKaVEqHRdEWrTBFYU7DaN2VxKSOFMRC2KKAoJFHIm2DYKIEJEQGZrLZtt23IoJAMoIvE0pTEStpDbNE4NKaJ0obSczWQoFJJBtLQzo0SoIAJRJGJq0zQlopaIEpkTmaXUWvoIpjaBI0qEgpAopRAKhRR2KjXRnAZJUQqSqkqpxTQsG0Ni4ZCczTYJIamUIts2RsK11DY1iChRSs1spE1ObYoI4wgBtRQs41qViQGpKNIpZGhtiogogWUhC0EoCIXTLrUIOY3AypYJ2Ty1KYpEODOdUkRESApUiuQIGaNAilAURakl1NpIiVIiW6bAqITdsqVMay1CWALbkuxmEsuknaWU2lUsO00GUT71kz8pSpRSAUM6SymyDULOTLvWWkp0Xadask0SWHZrk9OJUVGNkjhE4ja0lGopLVuNSJMtszWMbSRAIVnpNrUcp6lNrUQFnM0gAZIEZFqArRBpW80mrXBRyWmUSq0lJCOBSpFkKFEIIJ0ip7RriRSEyFQJodZaUYkStesQpKIQCmeGqkJCIUI0bCJMOkvIwmCrC1pmy7QBARBSQUlElCIUgZPMDNMy3RpdOBEoiAihlAVQSg1JETgVoYjS1aIoEq0lAZBT2g4hRY1igRECLLKlacahUJFACKnWImSkkNOl1BKKkMOBVWpRKHNsTSUUYWe2KRShKFVBaU5kC6EIlQjbmRYqtYSELIdCpKIIsFGiGs7EiaQELEWpAbZJAyZdQoqQZSVSWC2dZFdqLQKmzMxWIpyknNkyXRQIKyVNbbSxXUrFTtLIJArbEiJCmppxG1sWC9nNDQQRkkNBkSzJAslOEVIQ2JlWSCFJ0zQ525QZEYFKiQi1ZgBAYacsUGZDgRSCKLO+j4gQmR7HMVsK1doZp9xaczYZKWwkQhKQrdlRKiAD6SSQJduEInBiyLRtaIJ0IvVdl1gSIQRS2mRSJMmiRg2BsVtEcWJIky1NWoQjnRiFppbZGpJQRAnJhhAARGgcBkkSmJYpWVIEkhILMBYhSSEEEKolRAhCApyWQgIUslFrrUY4sQSpKNhTa6VE6QrNw9BUCAGySWetJSSD7SgFZItQILcWKqbllFECpFApRXIoQmEslGmFcIRsIkIWpKcpMRYCQxEABuHWkBSCkNMWNiXa1IASUUrBspEpNUpEphEhIYWEZRMCCZwWMkgGZBMV26AIpe1MSS0n2RbYKUJIoYiWqVBEUUJYUULhnKIGkp2tNaejhNOKApaEASWWJEWEMFGkBDAy2IlwghSSTMuUInFIpMdxKKWLUmoJGVzcpigRklu2llFKZnPSnNlaI0uUNM4mqYSwLUIhXLsKVkgJopYilVrkCDtDiq52tTRcCQkTEo2GKTVQSApFSAk1ijFYkkKhUI0iOaWCJMACKBERRVEUSqcwOCKCwE5nKIQC1dJJ2I6IUEAAAoNtIUVEkZNMW3Y2ZFsK2UmEACFsG1OqUsopEVJIUkhgR1fCktOZmaQzZVsGkMY2BUFQCEuCiFCRJAIRkDZ2y8Q4JBmEJCThli0zAdt2ZjaDHAqyuXnCUoCUeBzGzKy1q12x0w1kE22acmoKlVBLS0phO8C2pBJRFColFCDLktIGlRJCALaCTBlnYqyiIKJEurWWUiklMMZCgpBq381nM+wpW1e7UmpEjNOYmU6niVAocGaCyHTIKYdKppSZobCxiQBL2CCVUkqEhG27RQhJUBRpp1u2bK3VqAYh5HQibEIBpB0RISwFAlprJVApUQIEZDZRjACJICi4GVxqiSgRCmSrdjVJpyUCWVFKAK05nUYCSQIJGZFkqJiMWkIRtasKSZIk2w2ctZSIIlyidP2slJBVSiRECVBgRUDIIGQbhQJkbJJUupFOT1WVELadEGnXUhSqimlKQoVQSJJxm9KZaWXLsQ2l9siYCNMyUWK31qZm3JUqh3O0iYgogcIyDQnbCGy7OW2MFMIIp0IRZZzGzKy1hgKwjUhnOmtUy4JaKhEUhEqpCrCEEIEsC0fpknTmtB4VAZIcUZxuOERESLQp7UxbkoK0MIiQJCEVFUk4nSYEpB0KAEUgixIRwimbKCqlGBDgEhGgCCjCUqDAmZkRCoSQKZ/6yZ8UJWwAYVA228bZ0hgUpRRFyWzTOIxjCgGKUruuSM0Gpmw2IjwlQamR6SKZogBkU0sh5MwIhcKZEEI1VGoppURoPY6ykKc22iBwItnN2MY52SCJyGwRgpCidBVAgpZj2hlRCHJKMJIJZ0YUCQNYiohaSvS1RlGoOBMEqKjUYhvAdkpCUdINhF1KlIgINSMcpcMYSi21lpY5ToNSwkiSbIeUdilR+lpUBK21WrqQ0hkREsgiMtN2iVJqDQUYO9OWsEsUYyGFCLds0ziForlhqcgQKrWWiEC0lgAoMUjQxilbGkcEQMMopKgFZKUswHZrqVDXdcN6bC0lSumwp9aKSpQYp9GKrquKkCwiFFFUukpKEpIUQqGSShGAUAlJZIJdhFGEUAgkEgsbRShAUVLZklAJS6EgMidSRDFGomWaWgsK2+A02CQojUNRShjSdrZsxlaJUoqKakgKhSLCaQwC2cJISozBToSh1oqpXQeUEEjINsjGqCimlgFRS2sTpJBFKISjFswwjNPYFKolotSIGKdRJkKWZNIZoYhI26FpalEqIMAgQmEpQhIBLY0dJUSkW6m9kXOK0ikCkGQjibTbZEcJSVFqKSUUxdkQpUQJGYo05UQ6FK3lNI1Ol1oyW6mlRJFkyCSdJSRJChQgQ5KZFkgRUpRqBQZZSJC2jDBSACpkZmI3IQxubkagINM2iigRIUnYdpLG2GSm5FIVpaZdQtOUksDCLdM2UIokCdwcNTIpJYzSDZN2SMYkLTPTkKV2qLUkQhEd6bRrkTOzpZW0bJm2JaIUQ1hIdoLAlkOKohoFkYlCpQaAPU6TEwUAxqEIZTYUAYBA0NKZbXKrpYYqkNlaS0lBUCOQSpCpKAVPrRFFdrYMhRSSlIAjhCIUNAPYadcuulLSCQYhkKZpqqE0oFIKtkEhbElugEOyMxPTMCoyLhHN6YRIt2yZhCQ3pzOdKBQRAQohOe1QKEoUkVOmFdgWMgqpBClCWLYJQAqJCFFKSSxLqE2jLaSAzAwFEUIRIRkDNgg53bJ1pZSomek2mZDAbmm3hq0QBgMGQjJI2GA3t1IioijCTkAhQwmVUrKNWBFRikiHigXOzESqIVuhQAZAQIRsAilkJ1FCwf2KSONMBVLJnDJbrV1VqChKp5DTttWkCNJGJiVAdhqP46RAKoZM2SkkFEGallNQIkBBkpmhiFAosCkRiiQxkorCOJubWwmVCCBb1hII27WrpZYwaTszapEJkXami2Qp3cgEKwhLisBSYFRUIiQphDNKCSU2iUGIJJ1gIG0gIjAYgbOBIWqNbGlbAoxVqmxLkTbhMJnNVi0RKKQoAisKolBBxiWiKpBCBbKla6mZaaeEjWVPiRylGGdrUVRUIkJSprM1lJmgwElKEUJtmkrtCmGY2iSMhVwU2RKELACskIQBpx2lAOGIAiqZaRO4TRPOFBLOFEEB1Jw5TYlDVYUISXImRpKkhiOkiDZNUSJRABiruQkFQiiERQBON1kGRTQ3pyUJobRjak0oIgQyihIlaqlIzpYYgVQimlOKNo3NkHamglAoAhMlVAJHCUVEVJVSi0riUkSoRAkVA6ZNjhLZpoaFwFKUwIlKIcgpW5skZZNCfemMa63Z0lgqScpEFBBhibTBIIlQNBvsNIAChFOAQpJt22CQbUUIaimKqEWllKillBAlDIHttJ0pQgIkg1B0IjG2sRWhEAhSEaQVqqWUUtwaEpZtE4oQBAEWTqtEONSIIqWzfManfWopMgaFkAJaAApwrQUI48wk5YhKRCAys7WplKoQaUKdipGEalHL1TAqJJHYSSm1hCLCgkwpFEQoIgiVUqAoopSIUsAQIdUIKUpVRAWJlKoUUSJCLadQkUhSBinQOE2tZakRRU7LytZAUS1LpeDEsiUZheWp2aSN7alNAgPgTIyilKK029Si1K6WKAFSKNOtTUQUhZUlQgqhNjVSBKJIQgoiIigKJCzLoqtddJJDETZgmylbG8ciKQip2WlAEVFrATC11lJCwpPBpVTsiUywjQ2EhGkkpkRxZiCLNmZrUz+b2ZZCES1zGkfjgJYZlCgREQbjEgGaxsk4JyNHRIlQKCQRJSSVEDZOVCNxoAgZC9KJ06FQlBoCbIcyE2MEUpFQplum0xFRIhQREhKiuTGpdiUih3EstSCVEoCkQjRPMipFhpBNKCRJlkOSIsaxyQ4iTSmhEkiBQsrMhFBIAhkCgyMqwvaUTZKEomA1p3FIiIgKIIEzM0IOK0I4SkgqRaV02HYCoSiKqU3rYW2y7/rSdSKcU6YJZVJCIrBKCUIhOV2kEkrsdImwJUIlitScmdnSRVFLMdRSSqnOzGwGhIyxIJ12GpWulFJUlS1tbINsIRlkR4laAsJJYEUpXRFShBAhCdJgKVRDKoHsJqmWKBElShQpQhEmC5AQAYqQpITJExBRIA2SiZAKUCKMUYSUpioUONUyM502zhLFIjOlKF2p0QsktTaFZILMiKISJM0t0zUKJqoARUhCBAqwjSRCNYpARClBkG6ZERGFTIxDkTC1kVSUkKIUBE5KCSEZhRWhEHYgCawEk0VqmVO6ZaZda4hIZ9p9DcBpYdWQMYGNwAqIiJYNQLJTCiSwJJDBTgQUgZ0lwmCnQbIbhDItrBKSIhQRUmTLxFgGEKaUkISQQAZayzQlgChFUapNKDAURYQATImu1qiRmZSQQhaRSkUpma2lEcagEoUAy9kMkDYigaKSpCRJBmFjQ0QI29lyamkbnK21KGotJUWEMRJykUS0nFCJkEI2U2aEkKaWyIlba601pyMiTMpOhJqtIKJgRwkSSRg7QbaNA0lYMga72dlSpQARIgKllNkEpURBKSGEpCJREOBsUokaRmkrrVpCiggndkqSRKKQpUKoK6HADskYABFktggZy4oIGYTBJiQhTCmSZCSBBJYVtUjCSGrZShQDcqgEmChRFBECyS2jqCtFqak1JwoiqiTbRiAFOSURbjZWhFCtkVIgoHadxJRWEBJStgZC1AgbQ0SUUAMhKSDb1AggbEcUBUURisTGaaMoUTPToVpLmgiVqKULWzbgKKWoWi6llhoAIUeEyJZCmZYgAJMgYUwSItPgTGc2t2wOoS6i1FKKTUgRSpyZUQpOo1JqFCG7GZAwWWvNbJLIJsIRIRkkrMRkZoSkCAXOdIsossgchyGUhFpLWTiJQkSJQCHbIRlFFbatUIkSEdgo2jRNU0tnRAAibMDpFColWnoYBkGU4kxKuBlsEHiynZJA4GkYWrqWKjIdJQREhHDLjFIUobDQNA1Hy5VQXzrJbigUMKVKIaI0Z4ScDklCwmkhy87mDGNAgRwhIZBBDkopkpodAG6ZcqCwVCRbSRqFsAhJRU4bpmksURR2KhQRGMBuIAJFKMHpCEKhCEUIIgrgVJRSQglRSigyMa41RGlAZjoVEYRBYDkIABOKUkumW05pREgWAoRUXELTlAEGbJAkI2xFIQFLUhFWZlq0zHHKru8jcAKWZLt82qd9crYmi0gAFKEGkkBYTmOrlqoaEaFip63MxJYIkaZ2VYpSZRszZSuFIGpXLNwayjSkFRQKESAbKUxKAHZzRgSKUmqUUEtLioipJSZUSldKaEojZBAhyWrgTJsopdZSVDyllRERpdgKKe0qTc1RwmaamooCuWW2VqI02tRaLZ0UsksIoyKM0xEYg0XB6cwpHUISEdgRBXu1WrXMvq9dlKYmKwoKcko7p0wBUYpCCrfW7NYaGMk4whG9hO0pLVxLiRJGOSUyKCIM09QcilBESYxUS5UIBRG2MzMoFrKRWmsQJYhShLARwhjbGItpbCYlKRSWQobWWtd3pUQpJUKEigrBNLUoYZM5mVBAYJCV2TINbi2xp5YSoaKgtTa1SSiiKBAOCaciIgpGzlJLGiVRgkBAWiWEms1E1MBRgjTYCeB0BmCMQYGiUxCIzHSmZFt2SooiOUKkaHaRDBIYt0QWCpUSUqhNTahGMQopinAGZLNNFDmNMQiJIkVIIUkCZWZERJSIoEQpMU3TOLWuzjZmPRGYli2krlYhMBFFoRISaUvKlhRCEZIUkgzpFpZlN4yR3TKKgFJLGBuQgEZirBBCza61FsmBW2ZLOxMiFFUCkxihEkUiojgcESUEIOyUCMKkSgRhnC3T05SJUQRSqWpTa+l0EzQZWyhCbWqlBFg2lmUnzlREgaQBGZQIRQSUUowMEpLIZhGlplOllCilCAc5NRMShG2RKkUK2w5o4TaVEoQtSZHG2TLdnLV0U6YgJKfTlFKFprGpRhQVlcyW2aRSiiQhulJVlE6nSinGIkxKaqTtEjVCwplCVoSRjQWZIUopXQTCRqgZ52SDJBcwQoggIErJTBA4ImrtJSWtULKlodRKCEOEyECSjGVqKYpIWxho6b4rgBRImYmz1KrEaQWhkIIIAUlmijAm3XBiIgpypoqiFEVECAgFWCkgavSlGiPUSBESiEDQWhKIAond1a50ASo1opaiCIVtIWcqlJkW2TJQRMn0NGapqrVkQ6GIEiqlyEEgpCglm4UjQkJSSEmCnRZECQwQiqKIkBSlhKRSAmjZMEQ4061ZYFJZo0SJ1rKNqcB2tmYSWwpb2IoQzpYoMemGioBAmelsrTkzSSNIooQip2nKJoxkwKSdmRaAgohqS2EiZGU2y6hky8SkbVQCS6U4cDaQJCVIQHPixBBhnM2KmFqLiMyWLRXKTBQCY1s1AmRhHMiZmVYNDCiVoFq6kGxP2WyXUjKztQSHFCHjzBSOKNjCUUtmtnH0lF1XUSFsE6GWabu1VqQU0zhhES5VQJQSCsslVCKyZYlCOOUiITkBuq4LWUgSJnFmSzsUhARuKVO7KiudQkWSNOZoU0oF2w0VpFoiSslMjK02TbUWS7IkpCilRmAjSEWJEkVBKRKWStgNlwhMSEhF0FqGorU0RCm1FEJFkkNSRERRpjONyEyIUPRdl3i9HkBEKVFVUioEsi2DbAIctDaikFQkRQiEW6YRQgpJmRZWgCQUpaQtlE6VKBGknWkwYNs4IkoBR4Rx2lGiRJlay0yJUBE2QgqJEImdwzgm9F1XanGGadM0QQirKBRRJJcoShKTxi2RUCjdaE7jBBVFM5lclrZDgRugUoRKBAIbXEtJCNGVkCKihCLJoGQmkLi1ViIsjOQmFFU2kh3FmU5HCTsx6UZmppFrKdM4pR1CIhSUqag4w3IbR5AiZCmUrU1jK1GJpNmBQQqcxuAo0dKSIRQqKkhtGonAEAIL7LQU2NgYEQo704BJ165GRGutTVO2xC5Ryqd96ifJShtbUSy3aQqFagSl5WRAIhNh2zQwJp0RkqpEqSVbRpETQFJEgNKtllKjRhTkCIUEMrYTOaJIGBcC1NKE3ZpJp6dxzMmWyBTO1pCEpmzTegSVUgFJEmQbMyFrVKTWmuWIsCIzFQrJaSSTToNLFClKCUzaEQSlllq6UhBgpxFCSCVCwgFumaKkM7HkUGBI2zkMa9uzWa8o63FUk4qyZVFNt2EalSBFBCZplgSk0q2LUkqFKIFtITLTiWMcplIi3bJB2NlyGh3qSpUwGaXUUrGxjUGBhFo2SaFiO1srEVFCUmtNJUpElCIIBRHOBKctI6nU2jLblIJSSq0larExSGrZAMlCmQZXKcFpyYpSZFAEIiJCDpNOhRwRUoQcFoDIVARSiXBEsZExdiYSzWlqqQhaU5EdpWCr5Qgy0FK1huWQhexSS6aF0yoKpFq7UsPNpeAoYGxJbqkgQiIsScpmy06QiUJLk0CpJZAxyCIUIRSkrUBRSoRCNi0bws6WjOu1IiKUToxtTPPU144IN7fWbIxtpx2WsAFwWhgLmhPboaIgnYKIQICQuq4qVEonSjqNDNjgCKIPLJw2iJymUsKotbQNxigoUSXhbM2lhpGBTAUykiSMyIxQm9JORYkIydlSkhTYQoYINTejKCFIOywiCEhaZrOjRC1hybZtUGYbswmFRHMzZGt2SASyo5RSo5S+RAhh7JRJW9BMIEWEZCwkZHIaW5FUo9RQFGdiIqgqmZmZwogAoRStpcnSFYgIYUoUB23KlllDUYqQnBGyjSWpZQMkjJxMbcrWJAkwpSuS2mTkQsgmKLUKJyEpoiByGhPATktIkp2ZIhQRYkyXEsbjesSUWmVUIt0ASFkhhSJKWJJUJFCpnbNlyyhlIqvCKJunnGRKEQaDcBAqCIHtEiWKQjIOwpIyI6IihCGKIIKEMDhT6TEnTCmltXRrCiGls5YqEaoKhUIgKdDYMmUwDhTYNuBSi4qmcYpaiwogCEKhKAIQhSAIZKeAUAASBuxMBIrMzMxMh8EoUCldKYoIhUClRCidkozTKFSiSJLJbAm1Ky2nUFURIAJRimxKCYRUHYDIhoSxmyKkEgIJp63JrRCEwFJIAqNo2cZpqqUEkhSQ2JkqRU4MppQw6dZCYdu2iRoApDMTqavFAhMYwiSmuUUEmDSSahFIkgK3QAAEgY0iag1FwenWDBIg4XQaIqQkJJBCAkUQkpBDckQxmU4cClSKbGNCbmlTayXJTElRCpIiJLllKVFL52ytNWfaYTWhrhRFyEjYKQvkkLNZNiqJRERRYDvtaRwNiJZpp6RAbWo1JKllmgwxtZatOcJKJzhrFElpR4TsKBEKY0xrrYS6rkMCLEoJrBA4UKZNtogiZAlhUUw2rIyoIUNIwiTGqYiICKm1CVxKQUJKSxKA5NZsRxTwNE3QIkrpSomYWmvZRCCEnJmm74oTGyc1SolILIOEMQQWSLJtpROp2ClCQdpFUpRILDIdNQqhABGlBpnNGEVEhFAppZSIWoo0tSxdYEtERES0NjVnRIRiYzYjyZaqamkJLAnZrbUaxZKiBCDGaSpFESEMQgqhKNM0DcMIratVEjizySQ4WzqdObWMkELAlAlEEVJLOxMRpYo0xpYBuq4LiWwZIoioGISSEpKZ2iQVZ2ZripAwkm2nikIYLJUogey0E0WIqDVCbWqtNWOFlFCiFKQCzibJJbqQhBWlFIzShIjSOZ1ugZACooQUkIiIIG3bSCJKKQqDhIgo6ku1Qrh88id/YldqkRQFkWMaokSRBAplyzZN9oRKZgMBBNPYSql2ZktwZtYoKYRULELhUmtrTShRZoKkItmpdAaKUtKexlElMMiRJiQFzaiUEgq1lhElSkgyiRWh0pWQMjMkhYywZYY2gCMCPI3TMI2ZrUTFNLuEbLXWEDLptFNBRCiKkKUcp3QCBklBIDIzooQUJSLK1Na1hAKQFAIibA3roe9mpdYwqhHQWkahZbqlRY2QSmYzlqmlWBgLSYFcwCgiDOkMShQ1kqDv5sIKnI5SQsIGtclRw60BU+Y0TTVKRDQoIadFUhRRo5YSQQiEkUyTiiyFHaUoVBQUIdIWIEUJp50JCOFMR0ihkBQRoZDUbI9ZQkYlwigUhlIKpDEqUYxqUURgq2WqBKpFzky3RLIJKUoggTKndBakojbl1CYpQIDsiFqjlErUGpbJAKRQ2NipiEAW2BEIKUQalC1L1GzNWMKW7VKEAZcQIRrYJkG2i2QJ4cQ2KKpsQEoQYCTJdjqJEiGplKoCmqYWEbItF4WdmSQgRQ1J09hKRETYKQJM2CYxTggQcsvmxNB3VeAkZBNtShWVkI3dbCkUEekU4eYoEaWUEraDKBHYtmqtGIyE7dZsHA7bTjeg2QJk07JJQQgMFBVC6YwSISGw05aEPaWrFChCQaSMJawSoRAKCWmamptLKUWROESJSCtCSEKKAIOcTgvbbTJOWqZDReGIUroS1noapzYCUqhEa1MQUQuWCpKEAUMQiYuilFCUUERXjIwjIlRsQyibipCcOLOWUKkYYYMlK4qIEEgRYSGMlVZITohGC6tlmpQiuohSwjK4OYqEMJmJQkVGEYHIls0pySEwUti2S1G2tJpKINpkgZBQcwpJyIGU6SiFCAEKYSKKFArZzZlJLSHXhq20KAIbkKK1KbMFihJuOIwdpYYgQgKDE5OGZpRCEcXZEpNWSMi23ULF8jBMJqtk4XSE7MSWZQCc6UzsxhVyOpCKFJQoaWe2IKJgYprGKGFMCuTWGpKdpA04VEICC4VKqTVCUaIojFumMCEgIBQGgU2JiCgWQCkFKKq1BAqCaWxGtcimlqISSoyCQJLCKIoURRHpJgXCAEkKBThBqKhEFySttSKVUhQowgbcR4cQKCQVJEkqkaMlhFWEcXocJwWlRESVItskRYiWKVFKAZDSCSYdChVjR1TLEUVhKUIlCpKmaUolCDsICyGJkMBC4CgyssnMdBMyAJkuUkQI2YmJGiBM2sZdiWaTVkSJYqXTBRljImQRoYhaapVkHATkODWBERDC2RQVW2A5EwUlAjO1icyu74qKBAQgmNpUuur0ej1ElClbtkSlRsEguqgOgaMEaSICNXsaxjRAqX1U2UiqtURUkWmpUhzONI5QJkK2kdKWVKNakKYQQOB0lFqCKAWwLWMsRWYWYRsjiRoBJjNpmShCgBLTJlslIlviloU2ZstJElLpSoBBhErYrkVRip1Og1pLTClFYTcrQqKWAiZzyubMqCECE6UEBZOZ4zBYFmG3kBySwRBERFEgIYUiSbeMKCKlaK1JRC1gQKWEmPUdJcIBAQkupURElKgl7HDKpGwkKdJICBmphJAJ21KEopRwEoEI41JKm6a0SxSjbK1BV0sQFiEQETUiMtPYDSAIUJFQGCQlnoapdqWUgtTVqlIiYj2sZ10vKXEYRCCb5gwRiqiBldmyNURXqqWIKCWmZkBIoSBQIoJIu7WGQzQgSglcVJBCQSgUmYAlhRSQKEKSSoSKMsFZaq01kBRBUj75Ez9e0OywCGMDIQxpZFvIUpQaxSFMRLE8rddTazVCoVJKrbWEMgUggSEiVKA5cQqHwrKdSGBqiCAbRJQwhGRRoipwCBtFumGXCAQookRRoICEgEROC0cpESUkQagQkqKEaim16wIDEYWiohBSUUQVmpq7rkg0O3M0JqJGRQ7LIU9GlsK2ExVHBESEolQHTkJRRNd1Jm0yXSKmzEClVmyVAipd15XiCHCtdRgHJ13XlVpapowl0hFFYVRqCWoJcDqdpMA2EMYIKfpastkCkNTGiSoh5xSlYkdUkKTALUEgmdYQ00QAkU6BiBIBASgZcwKVEuk0YCE7okQEMjaZk4EoMkgoSsCULdN22hiQSkRItg1ypsmWdoLSDUWJqkCyQYhQmzKzSVFLpxLZXErpanGazDZlrSVKNKebJTBGUaJGIZRuJQIpsbPhnNIAwlIQhBUORRCWwKHIxGQUoUIQKEVAqJS+guwkHQpCOEWkEQaD7ERkZggkI0lFMdHsjFKEDKSjhI2kWksppVCESg1JBAaFUWQzoleUrqulSJpac2YoSolMIBMwQAnJTilCqGCbxJIiRIRtSWFkoSLLhiIBSRoMhcCutdjZGlEcUaOGVIQkG0JkSykUIGVrAsCJIckSJTMzs5QaiuY04ZCsEiICK7MpauC0bJdaIiyFQpJaGsBGKkWWZbAR2Mjj1JyOCNsRsiIA2wpyQhHSNA7GQn3fG1ATws4kQgHpxColpBIljGVEIIckOSQyLaeRcDrbBIRCdtppANLj1MJIYJCJUESJwBiiRFG01uyMUosQkj1lw0ZuU4JUKVFKjXCJErVWbEytgRU4FHZGhI1Q13dCiBLFdssmgQLJaQlLUoBBkCYlKZBFCNtYSJIRahHK1opCoUwDSG1s6YwaOWVUgWzVUpBsgzLTaZWws7VpmlrLFBDFzZa7UiEmTyRRg7SNPbVEIMlSQZToam3NUaQQUqlF9jg2O2uJNDYYjAV22mkXQCUC45AIbIOdqSJIp6IIgyBUpFRiY1o2wC0BRTgTkZJACkkmbSTAISkKoBDCaTklQUytCXJqlkmiFAQiBJkNMCS2M7OEFKUUgYwjIoRCtsdprKVTKQgjZ9pZoma65YRFSLLTuI1TSlaxVGxsjCOAUCAbkFBEiVJDopgMSRGlFIRtI0yE0ulMgyQn6SZFqGS2gFo6lbCNFRJ4mto4jcZEtdOZpVZEICkiIp22I9RaU6iUagwUBYFAKtgAUGuHbEpOzUFETC1ba4mKQkXOdLbWWoScQmRLDIFxoBIhkc5MDK21qWVRKUWl60gIEREyUpQotWJapjNrKV1XotRSCxisUKajIAk7FCEliZAkU2sNGMchFFNLG7BxOrM125aQRaQtYRN24hJVRdg4Q0WhzMx0DRrhlhZFkXga2zS1iEBEFMAGMqJkm2yVTrWUiJBtu5ba970hioyKQkUloosuimwjGXAaG9wsWQpLEYoSUaKUKmFBtmmabNs2ERERSrcg7NYyQXZzUrroSldqaWlkTGtuzhohRTqxjCWRdprAUEpIBIHdWtZSIuREOI2diZFr6UDZspaCZFsAiiIsyaVElKKQQqDWJkwpEcJSKTUiIkpmM4kVitJVhWmWNOu6NNkGRbFTpQrZiQhLhak12+k2Tc24yOA0tatE4KaIlEWgdGIJgwRq2QxIznQyTpOdNsgoQjKAiwIQto3BjiLSDSCdmc5SFCqZdssGQAmBwJnGiWQaRlEoIRscxNQmiUxMZvM0NZII63D/ooxlgQ02pZCpiMzMdK0liHSzKcGUDYfdsqWk2ncWysxGqQU7TYTSiR1Es8c29rVTKFRaTlghGoRlLKUJSKdwOsLpUoJ0OiXVrnNrtqdsw3qKUCkFrFAt1RAC4clEIOeUJmvpjJEAYWwkg6TWGulMEF0t6damLKWmgYyiTAdyWBkGZ1IgIzABUkhp28YqIUWkjdM2VnMGSiihkNLOzBIF2TANkyJKCUm2hRMBkiSFZHsYpy5oRC2ymbKVCExmRgSgCNLpTGdf++YmKRTZnLRQCGyStBXgIKcRq5YSpYzDEKVMzQQlIiSAkEzaJbRajyHVGqvVetbPSi3plKUSaatlyyap1NKaCWezpL4rabWptTY5U6VIgR2S5VBEaJxajTJlc7qUGoGFzNSmvnSW7HQ2I4VxtJalKBNBFDmtUBo7SaJElJJTs5AcRLMxCJEtBVkiQjGOU+kLdk5WEComhdIYsjVsSaUGJm2bJMOoKJtElq44iVCmjUOy1doE1FItJNkpgmw2FJzGRCkSmdgporlhd6WbclIIIqcGLrUoAqcNSIGQcKbBiUqgKNncpoZcSkE4jdU8yiGhKFEAjeNYosOtZUp4culryxSUUgxtas5GRK01FOBM7KyFRCTIIFC62a5RMk3QjOy+q1NLnKA0bq10gYXIlkQUSdDSxtM0hSKCEkGJnNIIpVLGkkoJHJlTmyhdEIJ0UkuxYEqkxCGQWksJEZKdtgGas0QQEca2MwmBrSgKO5EE0zipqCBHsdPZZBlaTpgoISuxImyHKKVkg1DgsY0QRWqZThOymc9mbRolOTQs1xGl9qVNTaFQ2LbtdJQoJabMaZr62oUCEiKzNbdae7tlupRwMzhKCWlskwiDyaBIOJstSQoJJhyGkFsmlIiWWUN2GGolm22HaKZNUymBVWoJBcpMDK21EoHklghDQLNDKqW2NrlZQeISMbQWqJQSUk6NUHSFltM4ESUQIgRomqbEpRQppMx0KKbWhKNUScY0UMt0KRUFbplOHBFKGWe2UosSC5DJkKQAT1NDSARFwgFWthROAASE7MSQiiJZjQxFlGjZIhlbU6jW2qZJBGEsmVKLxThOETgptWSm0ooy5WgjqZQSIds5AU6szAxqVFAEsqeWCjKptdhISIGboqbTrY1tqqWEYmpjpvvSN5zZatdls9WUqrVExNim1hxShFpasiQpWhuNQqVIthNnOpSZ6mqJUsY20ZJQkVAx6XTaiKpAtNYiim0kbJOZlFI8NUdEhDDYAAILsrWu9oihTWFREWpDI4iIIJIMApFONyQbSbYDtSAy7WxElFJRkrJtKMJEkmSWUhJkkExiCIUCe2pTAFHtdGbX9a1NWNFFmyanC8oA2xhLIg12LZEQUSS7GdHsMISmcSoRUcs4jJIkKQLLrVE0K3WSaemIHJtEZqtdtS1Yrcb5Ri+KgtZyGiaFI0qmUbbRUaJEWJaCbAmK4sxawplTZkSUKOkUypYts+87cGYWlSbITCglwqSxrUCKaRpDRRFAAQcYSZLSmZkhiWIZW1EkpqlJkoFMKNKUDYUgpNbGbKZGIVqmrHTruiqFjQqe3Gg0WU0q4cwoXXSmGVobWxJGMgQiJAjJKYoKGGhpnAGKaHaRbCyXCCxgahOiRM1sEQrUQrTMNqEQYTfjUisqzinTAUg2wpObstQu0ondMgslSYNEKTWkTMuYtIgQFkVhgaZpNFkjTJCZUtSiNJBO0lEEmlpOUxMJhGoUSZJkCTII7OYkSWeJiIhmSxHY4ExbIYiYskURacCmCCvcsrnV0mVrEg11VZnYTqw0RLqF6LoORWvZPHWlCmETSqdSGaKlMx1UhRSTG9nKp3/qJ6dThFDLtJ2ZmRSSEiUAxtacadNay5YY0lFrrUXW1BqOUgKppSUEUHBO2ZwuEcgYA8Y2RkZFBVqzAoiiQCG5BEWBLKmU8GQ7CcZhLNJsPqulRAkVwEKKcBIRlmUUloqdhCScFgFSBHKbbBJEWJJKiYiIgJQAgkBgR+1KBCEJ4wIZKqAIKTw1JBuTGEc4LcJkCEWE1LLZnlpzOmohDZEktiSnBSolFJDOJJ2e0tQIFAhAklwUCkVCuoFKFJNS2K1NVihwptOtRDWAIoJQDaQIwlBqgbAbISwFXS0hYQMgQFIUtanVrlZFc0qKKG0cm1OWQi2z5aRSMokw6WY7MxPZmQ2otZYSJQRKZ2sG2y4hSc4sXSFTge3MxKBwpsFGERHFzlJKiRBEKa21ZosIIWuihSSRThuFQNkmLHColFqEWmvZUjWwnJlpWaohk7JtiSiBPTEpFVWogA0lqsB2UcVOWyGhzMQUEaVIJVA6QwrJKGpN4cxABoNCyEVCUqhGGdsYtQAiwZngTGcanC4qFJAiJKaxZTYbUGZKSMqWQlHD6VICjBQlQmptmobJMs5pahKEECWqSWwaYJMgG7sluKUziRIIpwFhW4CJCJCgRpQIWyYRaWQbiopqIYmIIskmJLlE1FJUFBGJnQBFKgoCk5kZUcDGCkcJT62oIGemjIJmYyQBQtiCbLaTCBUJi5DIbM2ZzhKRpkghEQqRaWOQBMKZtmtXo1aIEopaKCqlhoiIqEFKISsVUbsuBCVCqqUWhURRQSIsq6tVoVJKlCiKWiIFdmuJKKXaWUsNBbIJ2wmy+9opQhYmaokIiGaTIIWiSAqkIEopYZJ0gkStHWlSwplZooAikIGQAGcDWVaUEkEak20ysshsth0oimzJVhSJtCWcSKRtnElICCcFFIFoza25n3WIcRyFo1QCCVJdKZA2pEIIJEkxtSntApZEAZNMrUmqtToNtgnhTAIUtiWls7kFlFJQOHE6SmRLkEI2wrIVEkAtIQKpFCFJRbTEGCtUQqBA0dVahEEIJKlIRlJERlRDuslIUSJIkG1LQgbVrstpNLYNNgKQJKbmEhK0qSEST9MUESJsACmiFEJgKSSnUwai4Uw7XSJKhCSwQlGK0pJksInAaRQRWLUrlMjJIZCcThNSKKIWWtqoBo2EgpqQkVGJkIqUCskCgwFJBsjMTBBp01xK4JAlCSkz2zSCkMCZTqedKjG1JiQkBQFF2LaRsBJwE8VKWUlmMzikKCGKyUBOT22SpaJszswoNXOKQIARSBKKUkNykm5d6UoJJRZ2umEIuaUQraWxFAqEsrUpXYpqqQossjUppjaV6BCQUcJyUY2owDiNXa2IcWzOFrV0tYughJxI7mtXaoQiW2ZmEFECZ1oY5CAIahRFqEQtRRG2ZUUJu7V0USiiFE1pZwqFDFFCEnbaCTLOycZCkkJh3KY2tSZnZkI6s+UkgWhT4gTbtg1WqSEFKiVKkVSciUAZlMTOVIlSiltGqSXCtDZOEVGiRChqKaUDp7MlkoxLqRg7JUKyPE2ZpO2IIAhHBEM2Z5ZaakRz2jm1hsJOBJYEOGqtUTIRFi5RogZGJCVEhBASLlEUkWnbitJ33TSNEQUnoVKLbbck1KZJqOUkHIpSuygV4zRphdNkNilQcWa2xFlqjRIRQirCJqSQSCxkp1OGAJBlp4CglpoYbIFdpFSECIkIISkUilIi5ASyJaVEKGRHRK2lliLJkiTn5MwgLGMknMauUksDtZSIknJESFE+7VM/SQrLQE5TlFqjICAilKlsWVDibNlaCxWKkZyeWjtcHckufR2HEWSBbWHSdolCoUTBgSgKlZBlpUI4E4NJS0EoijEmJFAN5dS4oqBaa+27GoWiTINkppZtaiqgyEyTUgCGEkIStp2yrWyZmRERtQShlAAbkVOaiCIQTiIENgFTNjVHLRJGacAGbENEtKmlRznSGSXSzkySTLtlKRGlYBJLhKJEDeEgEAB2m4gCThMhGyHsKCFFSLaT5mzZskgqobRJIZXSlWoHohCW3XKaxkZ2ipa2SWctUaK0HNuUCmFLwmA3G2hTi7BCZIQAmYiITKdtZ6AUkbRskkopmZmyTCmlRqQtZUSxiIgggIhQqSFDdKUKWZYCO21QS6tIAqm1hluUks5sdk4pGwGgUgpOk6VUy0obh0JWSMKttVJKFEUIhZOWE2ZikhVSZiJUJctgEyoOFUVELREREtWeIkJSFAkRVoQkMIBkU0ooKgLnlJNCEUEEdmtpUwInhIQhImLKxBahAAsUAiLTEqWUdJKm1IpMM3a2aUoUtVY7hSMCBEZKcEvjCNnYKRVna+mIMKq1drWrUVFISAgJ24oiMlQkJIXTiohQgSnTEAoZh20UAoEjwiadEeHMcWxFUbtOUrYsskESiYUJZ0aUEoUEWYRJKWotRkCAEFFtZ2u16wMBCDePU2YbhdJuOSVgA9nSUEooCqEgSBunKRIoIiIiFBHRWmstMSqqURVCai2LpAg73RyhGsWAsdMIKZAxNlckCTJYiiAkGZw4M1tLSRZO0gm0tJAoUUqEMBICRDYrIuzm7LoeZdrgbG6ZzkSkqREGgYVtLMu2I0pmww4FUIockhxhm5bNKEJS2jhpbhHUUhVyMxgpc8rWCNVanQgrwplp42YjRUSRIrNJUVSQEZiiMBiXKCZDSBEhKRQhjApgDE6DkMKBLScRFnIaDFGLpECKIEo4yampqIRQtGwCSbUWiSukEHaSGCzUmu1UCBMikUK2VFxLlZxtbAnYaeNAKjVKCMCKUJDNSIh0ttZKlGyuRYmcUxokIdtRojkNoTCmuRRhEkhjmbRtWyFMEZJam1prUpQIbCCKhJqbFEkbpxZRUE7ThEKgiCIlkhwCIKIo3GiZKGTsLF0JgZBUo6goRKBUAiFQREgRSExJoIhAiEhShFGYkIgokWmwkIyKhEgohGQogAJobmlaG4mIgKQIRNoIkE1fi0qRKJC41mi2J4dQlMSeWp3VEhElGhkhBZiWrURBMulMNyd2NqBESRMRESpRBE7S2VrWUowsFWGjIFQzW0tblkIRCpzZUrUEIltGECrILW3lrJ+VCKezJQajwJlShI2EFKhhyEz3XWcJp6dGUYkiZCykElFLKSUzM0EmIkIhKcLZJELFYak4M1tza6DMCVfcbFTC2TIRBqLUUIJUagk5PWUjNTlFgKfMzCknS0qYWgNsTy1bm+yCMoiIUopwWipRAxSSiqIEUgDCIoqdGCRSkjEgQ0RIjhJutkwSComiICQpIrpaFAhaNoxEc2KKAjvtUFEIiIKNbEKhks42ThERUaRwNtJCUdScQpkpHIEdVsohAdFahjA0mtOUELJtU2qJEGBnpt0SY5jaVKIIoYwIRcnMNk6tpYSdgKLY5JSlRmtpt67rSq1ySKqlqETaLTOKcEzZBJJUZJNpgcmptdZSVmKZiMhEQipkBlgBDhyhtG1nI3Co5DQKqSiiKCIUCiG3cbSppYqw5ExEOoUMpVZDKREocYQkYZdP+9RPxpIcJSJKiSJnREhMLbNNgAJBlOj6Djmi1BJCgWup88VcIt2ypUISIXlyYqGIAJCELAwlQJFplRJIwlFqFMthCGhubmCbgpAVMsq0UOLWEjcpMhM3SQrZ6UYQhCNKZgqVCKcz02mFMx2hiEKCrBqgJG1HCUtFigikbBmSggSlSikhGWWbJGWCKKWUCAJbJQq2IuRoHkPVcu0KJkpgSolACkmKUiIiEBHTNGVrhloKEUEIAWkrwjhbTtkApzGyVIptIyyQQKGkOQEcOJ04LAppS0KQKOSmiUbDUpSwjQI5FBJTS4h0sxNbEVFDoSJDGBeUAabruogAy0gCIUIKSlSVqJlp0kailAIJTjtqSJE2RgWp1BoYRdQISVJELbJNihByJnicmnBEUVVODYmQbKKGSKdTUUoQyFPLdGZr0ziUUqKUGoWIUsIQihIlDKEQOEGShbAIY9JZS7g5cRCKghuSnaQjkCIKOIyZUgrJgrTtNEaBUciZmQZJhARAICQjUBGOWkspUhiKsJAk4UYUlSKVwEiBrFLcUgpsSVEKBoRkI0UJhaLUKgSM0yhMqJSikCSFooaNjCQ7o0hSFCFEgBS2kcK2QKhENDtbA9uOEqFwgG1bJVoCtJYKpxODA5G2jSQECDSl3SZDgiIyna2ZrIrEklCUAEmo1CKpRBEOFQNQIkop2ZzZbBPK1jIdoRqFkExzptM2CmM70wo8jVOUohIlIu3MyUTLxFYoFCEQhpat1AJy2tlspw1hN2citUyQjLFRtsRNEZmepkkhyxECbGNQZGYoQhAWkTlmqjlJOYiQjRCALSlKQdhu2XJsAALLZNqZ6ZaUElI2Q0RRIJMYbIJQKaWkTSYQChGl66LIKcmCyZORLGSrIJNWkeSIEDgUEYCSKGrZ5EDIsk0mJgqgzCaDZDcpSpEISRERQiKhlFr7aguRTiEiJCmZ2liiRKlgSVEkOVQEbUwwAqMI0ioRCuSIEjUKUoRtnFgqAiXGThtSUSMwQoENDqGINrXWJoJAQGs2DdHVqlpCynQpJShghSOilCo7JZwoZCGnrSilSCrYpVSJIBxCiRFSiAyETClFQYlSasiEwmREEYRCEQpKhG1nq6WzU5IiEOFsrSUZkqKElA2Fo8iOzMxsdiDZSJaVbraNFMaknTBNQzpLLZjWLMJpyEymqSkkgUKAbXAytYyiWgoOnEhRSkQJhUWoSNFFGGUmFjiIiAAJhUQgFUVESEVksRsoVAAoERERJYqCNGmrlFpKmoiQhKIEJapxuqVB6rve2FhFpC2ESo1hbK1NQZRSpBAREZmpUI0SotS+1BBhu6h0tZMiMxWlhECY2nUhEbIxNnZiW6h2NbNNrZGWVKOEpCJnw5KUxth2KUWSbCIihFE4M+2GiaIp0xARIpDHbLilbTtCQkgKIqqQnYY0GMJFESGnJXWlUiMiQlFKSESEpFIqZKlFISy7ZRJS7WragpTblJBWZGtWRLGkKCUymidZtZYoAUgBtNbslEKhdCLSOJtUIgDZznS2ZhEooobUIEKhUCgzZbV0a1NEJQ2AFBFFUmQ2EQoZFGEzZRaV2hdSJhVFtgNsNzuktCIkSdGyCZcoXVeyZU4tcd91Ladm19J1tSApokQkxioK1UI2C0uSECEiFIqWGVKE3IxsQ4jG5KlYhjZOClDYLgpkTKKQaq2SkoRQOCQjiXQqChLpxNlsWRGeWsoRNaUQEUXGIrO1TMuiGCsiQoiqAtiEFCUiSssspZQoCaSb05lA+dRP/WQ7s6UkUAgjRclpso3UlQ4piCgKkARSkRRRS1eLFNkyokREqSVKCAgZhxxRIqrAZDbbNspmCQClEAJ7mto4TRHVYKRQEJYiQmBSIkkkobRDspn1XS0VYxOh5sRCBFKNlm42UGstpQbIQYmQEwJnOiJEAF0UFyEQoHTKwqZECY05GRMKK0ogbCuipWut6UyMbZAhXKKGgiJMtsREgIttbEfYdpukiIhSS5QQAqenUIQklM5QCEsRES2zq10pYSRFLUIIG2VrdipKiJBqV1UCSabWYpSkIJ0lKmAcku2ptaKCopRit8yUIkqkDakUEBEikpYBLUMRpSJCwjRbIpWZmMxmgSxJpRSEM8fmzGyZoTCEDKBAAJnINlhIIt3SQlHUWhokpV0UDtzASLYREjmOUy3VWCZFSApFRK0lopQSRdEyhezMabJtg8A2EkGBJG0JRAFFyJqyZaaE7bRlp0GSo2GcESFhiBJSYIFBBCSCzJymSSFFkJbItJUlCpKQW6aRQqEICdKOiIgAQiVKpAnLthQINacIhZ0lCiJtjJQiogikiEDG2bKUqhLONEREEImDiCqDsZAibAeSSgiLQkQICLvhUChk23btKhGkCYJoU5uyhSJsu0kKiYgahXAoANlpp7NlKijCoAglJgW11lKjTc42hWSMkUDUkKIIIkIhN9dSooSFkGSnpahRSpVNpiW1bCDsUkotEVEzGyZCElGKQAYA2QjVUoRJg51OEZZNUVgGWjpqREQKGdLC2Vy6EhElpBJCpevCRpIlky1BigLYCqEInG6enKGIUkIRMhFRIgJJApAiQtiWyUwREYACEwHYGUgySTrtRsqkpIhSSihKSCG1zNYcISSDsqUdCkGSECRRVSIiCs5hmmRFCaSWLVtmtrQzs/Z9jUBaD6OdUgBjG9s4IVtSSAYopdoBxmlbUWykyNZCmMQCZRpZSdJEIAEBIBFIGOwpp2wGVCSFpVCAUUQNGSOwhKkITJEyM9MlSkSpNUAYO0MYAAyJ5WxNUSDBUUo2iooF2CYk43TLRohsrWWGChLYCkpIlAhDiZAEBIoQKCBKUYSMRUSUGi2bM1tLJ8gRYRDOloqIGq1l2lJRYNs2Jp0YBSWqJASEDRjbRnhqYyaSO1UCORyZDYFCVkEI3NK4RImIEArZ6WwWUthZojgzwFY6Mxt22l3tFGo52RG1yDlOY7Y0liS5ZaZdQukpQaZlqyqZJEYGnGTLEl2bhmzZWlPgRAiMrRKgaRykwLZBhLAJiRLIrbVslLAc2Ro2UpEysZwtp+YuotYaJRSBHBHGSELCKWgOhZFzihCAHFEiII0BS4zjlE4pnClERAkJmh0qtg1dV6UyZXNzy6QEaWNAISVtmmqtwiBQhGrtncYupRgiFKUAgogotYYppQipKJ1OhDJbmpBKCeQ2NeOisAhFa01EiTANNymQQmGwQnZIKJ1KZ0Rks50RpaoSKIRTKgIbGyErp2kCW2qtySAkkNzSWBGIUsLGuLUmUCgzIxSKKMVYoSjF2YwgJSWJNLVWpIggwLaQInPKJLO1TJVSwoZMh1AJ2wZwhAC3zGaKaikqRQggDGARsnGm7ZAIiygRUcKyrMzmhpGcEUVREASZDpG2sZJ1axFEKRCSDFGE1TKxahehgrABk0YhKZOAUkJRQhLCqCikbE1EZpMVEVICRVIpRXISKAKlFEWCEEgpybJtS1UyhpDl1hKsCOycshTZCZLIzNZyGkcF5dM++RNtRy1gLGyHihjGsWULiC6KqgtYaUcNG+GQsuWULZ1talNOoQhLAG5TAqFiY1sSzSqqXc2pZWuAJKGkZSOQigJltlKrUAlAdrZMGcuK0pdOEjgIpJAISQLsZklOlQg0tczW5IyiqiAiBFICOaUVFghRSkkysxGipRNsCUFIYzbbQgqVKKEggnBOGQqhoiJ5GpukloRsk7YAIVNqUSintIgIO5GcNkYhqF1pLTGSnJmN2pWIIGy7KEqpCpqzgCKa7cyQFEoLybawiFJCQioiAmXLiBJS2GmmbFM2IIIStdSQVEuZmu0MSQBqWJKMcctmp6HlJEoI7ObWWoYkgWVnUam1YGEUSgNY2TJlAEkRpSBLVbIh1KbJTiyTUUrLllMDGSCjlFAAdmKEo0Q221lKQSGVCGQnWaLWUtM4W0SUKM5mIyshE7vZrrUIYQMCRUlaWMbOho1k20SRIAUKJZRaqgKEKaUYZzanp0ynI0o6sW0rcFpSZkaETVdrKbXUcBIRaQsi5ARcVOxmUomTCKkQFgR2ttayAZJCAkeAVKTmhsMkSHaNgtRMZkoSDNPYpqmWUrqardnGjhJTjkVhpZswprm51CIYp7G5kUgxtiFbiygEpCOEpBAkVoTAbiQJFEWE0k6pq1WoKGyFxGWTHQJJoEAKCVkEERGhtEuUKIooaWMsSIQTsCc3Z5bSSU4329ksKboAAQQ0DAhkUaOEQhHCsrNEqbWmwDiztRYRQkApRQJhkzRQlCqrtTHtkEJhQlIosCSXCJCTUCBlmzAKRLg1I4NpEaEIhW2LgtIptdacLbMIJNIR0UhFKNMiW1qWJJFp204IqSDhlkiSotSuFkOOk4tKlEyQnQ7JJk0RadwcRbIy09h2a7azlIIkU0pRRBDGIUCKqLUqAgssFdttyhLCwrRpam5RSlGUWotCVVAwEWGl7RJh27TWBNnaZKft1jy5hSNKAdIO01pmS8AmMAgJSzgkRZRSJEoUCSzhNjXJgbCdhIgIkEQUMMZpBzJqmViZmW4mSynYaWNHiSilRFfCUkGyTWbU0rKRCkijUEgQoSKRBhwFLMKSBBhhk0Gx0mDTMhFSBDI4GyEy3SxMFLAU6YYoqsYKcmoSQiFFiWwGqUgOt0kqURWSrbSdEwqbNk1OJEUECstFlXA6IhSlFClzEpGZU8tSoqhgJ0LYwtSIJocCyemWE0FRRClS9PNewi2RIhQhT+lEQanFWFFs14gopZQqByKEJSsxSlvGxqhEOqUoUUARkU5jJKczGyhqKQqkCIFLqekkcRossEJypmutkiQignQ6baIKBSBTsEoAERJCMs6WzRkKSXZM07herVpLgYIoIgp4mpoSSRES2C0zhQA7I0otJSIUtKkl7roakpGVTMZEWBFpW3YqwhCQiaSIKBEhaRpG7IhIWwpFmMy0ADmiKOxmbMlCU5sEgRJk2Y5QCBGEs0EQjtaylhohMtMoFFIg1cjWbAsjhUISRES0NjlTUKogsrVmS8psbWoWQiEUNYQgomA5M1sTStwywwIiQiEFNgpoMul0RClVIFmICEQB5ZSSwyqhEqXUArTMsEstQWS2IJCsCJham6ZWSsFGKhIi05JqCaANQ9QqKSjItrtSRQGHRThtBLIUABhRKDIKSRIoFBEiyJycNQK7tQwhLAJkkORMgaKIbGMjHV0oCpkGSYllpDDualHImc1NIQEQxraKsIwh083YabdUKBTNYKIqLCy7gYUQJt1IMp1OAeAQUgmBVD7lUz4RMkoVkmi2k6mNJWpXK5IswpnNNDdJkjMz0m5tsp3ZbAAyowSKbLZcu1oUZLObQSDUWotSotQISlHaOVlIRUFYFEkhYxs7BUCUkIQlgW0wRhicHobR2YoKckiypTAUyZZFNjtNkJkCY4wx4ECotUSKCGQMEKVgxnFCERGyp7EBziQZp2YsJ8ikofZFqBSFIiKQQbYtYzJbKSFFRAAlYsqpTVOUyGytNWdGUVEYIgIUEa0Zo1BE2IzDaFRU7KwRWNnc3HBmSxSlYGhpYdtTWtjZLLVsmSnRRS1RFMKQIAUBmU4hS1EiTFe7WkOUUoSQJAihiBIBEcKAJRkTpQRhu5GlhCQS2+MwZbrUUiQhhcA2iQsiim1CXYnEEigiIhRBCJyWIopIogiFQrVURRiXkCSJiJqtGRsHNBt7mjLJBGWOUyulFklgVEqnGiQ5tSiRbcq03VoiWcZOUGaLUCmFhHTaCiUOhXGJkgZDSJIQxsppaEYFKaRSihBMOQkFsg1GQUjIbnZGCacbSRoky4HtEmqm5YilqrSwx9aEpCIgILEz7TRAQFEklh0RJcqUDUgIEVHa1NIukhNsioXslAKAqBGhECAsSkSmW0swaUsiwJZK4LCba62lFIOilAJpC9lNTmdrDYOIEiCZlkQJBEhSKGw7k5AkgTONQoqIiCIQYLXWCFWVtDKbkYSECHCmE4cUkpGE0yGcaXA6QmBaStEyA6IUC2wZY0I5pZ1RagTOKe1Si0DYzmmaQiBJAaSzTWMKsCTAaUNmKgA7iSihAGFMlhrGQTiktKIUyRE4M12EQm5GEWApirBaWkEJlRAWiojSWhM2ZKalEtHSmS1KjSKVimltRLZzmBrIKEIRJSSFpJDsTAeBbCREYCOVKIK0nQmUkIJ+NutqISSRcl9mpYSIzGw5YamEBDY2SBGy0ygUipYpSRFdLUghQWLsFiUAidpFKdVCYmoNVGq05qmNzpRKlJBk59SawlFqCKct7HQSJaapCdIOpBqCbM1GoFBEcRpZqiRIUUKSJAmEMAkhgqJIJ6EoRSggimqgCIGN0xI1iiQA7CTtkDDOBJUQCIytKBJYJKUWEDa2bUEgQlKEEBERaafTNiCJNGRLS0KRtiAUIRAkUigUIUUhm5BCRLHttECKtG27ZUhd7Sxst6lFRC2EouEgCAkZMptQiZK0bJlTRo0kkYggs2VTUT+bldA0NWGBkIQBskQgNaczu1pDVYEUUQsoIkqpUaRAFhAK25kN6PsuSiEimxXCbracgMBQakgRKCJCAjmBTKMSXRTZQpLTrIfBiUI2mYkTXGvFYFsZCiRJs74PQLKN7XSESqjllC2tCISIIqwE4RIVlHa2FkW2QuFs2Agh1SJJEtg4DS0blo0wzmlKp+0IJQRCdqan1lpGRJRaINMRUUqRaJ5MqV1RSDYRpUSULiKwsQwggUkZVYFURJJOcIiIoiDUSSQoZFtCSIHktN1yalmKai2SShSFi8JyiHFqUQJJhqJQIaKgCBElQmkbRypb2k6ylhK1FCktWSogyRhhU62UoDmNQiEhkVZAhIpKgttUowi11lq66/pSq92yuSslc3LaIKGIUkqg0kWNYgMWboBBKpKQEG5pZzpCRpAJmbQ2ElEIpEwXAQYpIhREURBSa20apyjR1a7UmrhlRlcCQwgsCQERBVJRUGTLtDMdhHEayypRKMhtysS2RUQJFULR7AAk2xbpxIlUSrENUYpoILoSFkIQtUSUAJVP/ZRPiigSIRnlNGEjohSEJQQGC1SKnKgEEIEUtYuiUruulIiulNIFJqIQUpQiS7IEjsBq0wRISAIUpZRABEIGmSucLUmnsAkpVNPTNE7ZUAkFbZoUAhCKQLIlyXYioRJhSeBMBcI2lJBpUzMYg7BrLSEkKWpmkyNCYxvbNPWzvoQSQVpumQpBFlWCUFiSbZs0xiJKFUSgUhQhQookEYhAiSNi1s0IIUAlIiIsBAacTpMQFgVnmhKBSZqFnS1bupVapSIIKW2ZtENBUCQDptQqRcskrRLZcpwm5JZNWFEVEUUhiRCUWozc0jIhWVJEFCIisAREKBTIIoydiSJpQWmZwgjCoSKl8TRNBgJAodZStciAA0UoXACnJUuB7ASpFEARiqiCUIDTTdAyp2w2NiadAtdaEYkLARThkEStFZRKLAnbiVtrkowkImpfO0JSSBqnKQ0RQhLplEEY2U0JQkEtNSKCiJCglFJLKTWIiAhhZ2aiCAicCQJwSJnZhmnKlIBwZtdXANwm3FKhQDZRIiLsBAmilLCJkIiIIkmlBECpIiKkzMRGjhRFRYVUS0dImAhFmCYFqJaCXEIK1VIQNlFLjTK1BiYiiLQBQqVUkVwWUTJtp6QIOUGWAkVINkGoqFAsSVhURWaTxGVOY6ckEBgjnJmZqoEinVEqWDWUKEARyFiSpDY1u6mUUIDTFshIgKJUQRRh2yJkuSAkIrBByKWE7OZMU2t1ZktKVzCWkJBkHHKazBRTc6h0XY0opSiTUougdLWUKgmiFLXWpkwyoxSMSiiEASShKKFMcLY0lsAiIiAkKQIpFAabEgEgSA/DNA7rruu6vheyW6hEjULYGRFdVyFatioRFMlClkohU4p0k2QjhUKSIoSYpqYgnbbSdjYhqShsIidMkoAVArK1UquKBCUiSoSF3KYJiZCdQC1RokaRhAIp2tSQhKRSSjGSJEIByTA2OzPdxmY7IoTalNiyW8tSIkoBg2QLgGxNIZRIEKQzG1CqIooktxZRkERiUSmgkNPNSdpCKiXUhqYiIaex3RIhYspUCFNqKaVIoYDEzubsanXidKYJSoTTKNKtpUEoDCpEhMFOQ0RBEgFJ4iAUisCOUKioloqaUERIIVomdtQSJYxAEUBgO3A6M+1EoczmxI4okCLsJFQjFNGyhVCRG0QQKGlO24GiqJQuQoTS5NQUcmYaZysKRRSCCJthHAS2SykmFEIRQIkSpU2jm51WZEQJKSSnTWJZzmaTQtghjMCtZdo5pUgJA1gIC6QQqBQZZBRCAqdRUEJpsBGS0m4YW0hSyyYFyDgibGc6QqBaw2hyZjOiRKSzlKqiiEKEKFEDKRx21lIiqnHaEaVIoBCAAFAUhduUxiFQkA7jiJBqhEJuTrdaa9f3QDpDwkhYERESiDYlQQARRnIoFAinCNmIzJZ2y8m2nbgJ3BhJZ6YtKCXSFsp0ohKBcPM4TshFBZKIUJ2mlpMd7kpXopRSCIUUyCCrZdoZikxHKFDakFI0O1DzhCNQkoQkGTBSGBuwaxQJh7KlQlgm04BCNpQoQAROtyQKmc1GJSxlUoohAmOlbeGQcZuaoNQuM6epRYTTKFtiFAoiQjiNQsJGklCEQjE5Bc6pNWOnE6OAkFsqIk220VKhNLeiolDpahqToFprRHEaYyxAtkm3UGA3O+2QalcjLKKESiitdNq2m6RSigJPLRRAJpIUKlEjsI0kFcAWcmZGqCtdSsIYpAhJYazD/QsgIWy7TYnkWorQRBZCklC6ZWYgohKTE6kYwpYwkmSQPTVLNopiMoQzISihiBhba0NTEBGK4Ao7saxSIo2cRgICoGWLVKm1ZRrLTgjJdkQINRscUqZNOq0QlgKhTDtbplWjUCAVMtiuUZwe2yhJiohQxLBag1RUIhQBzqk5FAjU2lQUUasiWk60TFvGAhBExJSOAGemuloRtltrIRLVCENOrevK1LJlKqJEBDQ7Ta2hJssmUzgbk1IuNUgDRiSG1oZSO2yLqjLlVFSN2zhGV2tfc5hK7ZBajsN6UNoRzuxrpURIiYqihDKdZGtZI9K2kQxyZmIpREDLVK0RoZbGzVaJSBOhTCOXiDStjWQpNRRg2zRPNCkiQpJsS3IirFLcppQjCpaq1JxmHCfJXS2pIJsUSJkOkc6iYpwmRJsmFUUUJyiFWmZRASfOKaMUQBEllJlph6GE7GEasWpf1axa0lJrgOWEsNNEgBQITImcsqUlwoqqqTWkonAaCTtq0HJoUylFRARphCQIyGwNifV6raJaOgGSMyNCEc5mpLRKwTYORWZaFJV0E4oSrRkMhJAkRctJEeM0yjIoYHKUyNZQlFBLp7OUUqQmhaVCZrZpCokoksA5ZRRFREuHQsqWFIQwKOSWzWSbSi1SYNINJIm0aVKtEVM2DKJEaU6hdDN0URIHMiDstFUU6QyFnRbZMqGWwGAokVPLbLV2EWEyVCHTTaFct8mt1FKi2sbCSUh4bBkiokoCpGwmkAGD7Ew3CBAyimoa4OaIMI5SnEzT0FqLiFJKqIicbKSwLVprJQJrzKkoQKUW0ukmIiIiMJB2yBONFhLGcimdnC2dZBiiiJSEirNFhAVpJxGyHYUG0ziJKDXUsCzZDgVOZyIZJDu6KjudmaAEnA4VBVK0TIEikElCAozTCKUNJl1LNGM3RZAYoxIyhHOiSKnWJkcUERGClsZKN0p0Ue1mVCMycz0OWBGqpVI0jSNJFClCjQyyZSmkkQJnJs4sXXFmNpdasmVmKnC6RNR+RjANU7pFlBoFMqU2pbMh1VJNIz1ObbFYtMxsrTkrJYrGNpEutYsqWziFjIXArbUImQDU7CAinAYRzrSxLAkUIQ/DFAVJNEUNIYCQ02BBlOIknc5miAgUkC0d0NKZLSJCSAVQUSCnU3ZrtqIoVHBiNbWc3Hdda5NRhFrabapdX7oYV6NCaYPTChtcShFK2bZNibAzkVsrpWRmIAKBVKY2hSJKGGea9NRamKil1EhM0jIVKoQx0jRNESVCURTWOE2ZWWtJyOauKBFYzpYCS4iCnLYiAjAWkuUYcwwLRQlMONNyWCrR0q2NQURXMGRKSiBNRLqppaVSKyhE2s4sCkWkRxOBMp3YtjNr1zkzM7vatcxUOimgCEw6SykIkEI0C9ltcgpJ0bJhIgKnVBC2I2SbCDlBSCGlcxqbpAil7daQsKUotdg2kk0YhElnRIzjVEK19qFMlM3pjCjGEhia002lhNRMjXCm7XSiiJDk1pBtnNDXKjNmYitoU3O6q7XZ4FICJMlpRJEgGimsiDY2QhFqYwtpzCapRCgKGFshm2maMnM+m9ludlGaSjZFgTZNk6Jgl1IUkc2SItzSGKCINK2llUKgWopRBJluUzPu+k6GKM4p7RrFok3NTpIUpVTknKYSRQIFprlJESp2k2RjTKKCrNFNmUQtshPZU04qpdRKurVWaicbka2pREuPq3UpEbVIgR0KFQGtuY2TikKGMA6FQiSgdMtstmoNKSTZDkiQBJ5aZjaBTJRisLMrZXJAligoQ8WZU5siiqJkZtIqRcIi0+EgbGzIKUNRSmnZbJdP+5RPspnGURGllAhChSLZpVRM2pC2LDkdwhQsbImIaDaShNNkGkcJsNMRYSEMiigAqEREDYUENiJBpEuRUeYkUMFWZsMtHQqlDco2ChlwK6WkbZzZgNbSrUUpEUWhUopNCUUUSRFEFIUtYZxtGlszCkUJjCK4TCEkgRSk7SZFRLQ2SVFLJZjGSZHZDJRSkaeWtdbaVWMgQqJgp6fWXBQWoSglmu3MtKepTc6+6wVCDhWFhDObGyAJIwoBKKBGRQLAtZTaVRlDVypYqqUKm6JSIohSSpuGaRpySiks913X9b2igFsa0naaCJFElSKQsKUiiFJrrSEyW4QkRwmnMx0qoVCJUgpYErIkQBEos6Xtlm3KSSYiotTMljhAKpZbpkJ2CiFCkB5bI1xL1L4nLclpC0G6Cdm4NUs1JMJBEKQJWktbxrYT55RgSShJIaUtoyLSxhEFIYVC0zjImSXIhgECRZFCti1jhLLZ2QwW4FAYisLKkFCQFpIiokRESLaFCOEU0dwAsK0iULQ2ikJgWxJCNiCBkDRlQ5JwpiUhu1kWNoBsT5kyoRKlYIeKgiglSokSaQegANsuJSSm1mgIqdZSSk7jlGknBhwRxhjszHREWElmy5bNzhIljOWqUAk5HJYVotlkOlRKqKhI2LZLRGZmc9qtZS0hFdkEObk5ExeVKKq1SAC2nS0kIiKkiMwmEcJWSIqQSo2wCAJBgGTbdoQkIkIhgy3CaSQBTqOUoiiIUFAjbEuA7HQikXYJ1dpL4KRGGKclhWQMlBKBgFCkE3A2B4KxNduWhCxwSooSQbTWEkQzEQrZaadTECoUuynbJKGQbSMJpaOIdDqzNVulFgg7wyhQCCmdtsBplCBFSAqEsEKywDQcRdAmy6SbTAmAEEYmAVnpZuHMiGLRWhaUmFBRkBmlprO1NBYEILK1JCUwaYqilpIgk+koEVGxkbM5ioJwJkJIqHSdhFHLFlFKialla1OJPrrS2uTWQoFwsyJShKJNEyJUnJmGUK0l0xGSSlEgkCPCITtlpVumBUaARFpYnqY0DsBEhKJlk90yZUshCTtxKOQw7kpVBE7brU0KOTHpBGEnighaS+y0I0KKCDAhoobTEiEZkAVOUMsGSilUohClhqXMNBJ0fa2lTNNICiEpJFAAiFCEgLRrV6RCUBRFSmPLatmaooII4ZQklFNTVSkhE6VEoFICYUsRCNm2bUFEGEs4bQhFqSWMQ6EwFkRUJJNISAKVKBLGpJ2kJJNWKQokISIky0JIUgQlChjkdNpho2K3rpZSu4hoacB2ZmIQrU0ijAwKIkqEOhVAEqKlSwm3hACHVGoJhSJKyM1tHNKeckxToigCjB0lSoRBAZKzCZqTyZJsSAsZK6KWYmwbPLUU6roCEUWhABucdnOpEiXdSpS0W8spG7ZxhGQgsCkRobQVEqmQoZRSShXGrlGjKBQBCoXC4ZBUQihKwQYTAkJhUaJkJsiSsUAqmNYmQ4mSWAI7atRSJcDTlG6OkKGUSBsTkpujFmcDyyq1KgpWQKabW6lFDttOQoGUGLeQptYihAIbCYOxVEtpduDWchoHNwQIp6x0OhASSIEhDTBNTQJZkltKgOw2tQSiqEYXIdtpFCgiVLgsFICUlpSOUkqRaqlR064KMHIJgRSBbAMRitamtEUQiggJWyoKFQmkUBhsgNZa2BFFIQmICCE11NciRZsmbIUsZCEUSjuH0YAUAEw52mBIZ7Z0FqFSSZdP++RPypyEo9aQ0pQSMlNOmUZq2TDCdiIhSoQkASax2wgBAVgqESHZgnRmpiWhMEmzooARmSDsLBHNOU3NtiJkVuM4jWNRYFqjSKWGMyNE1CJJtMkKBUBICjAoopaQIoUsMCABoRKZFkhhJ6jUopDd2mQHoXBmZkaUgFJL3/e11tZsJ0ihWpSSbEJO1RKhUCBCopQopWKaUwpElMhmcClFzgkbe0qViAhErVVOG5OZlFoChmHMdJSqIBSlVNLIklQlIRtKhJBtIhS1FgWXCZUIIcBujgikUkpElFpKFUgtk9ZaKVUREQgjWkskiYjARooikJtLBAEKJ26upZjEWEg4lW7KMGBsd7WmkaJG6foSpZZSSNdaSCGpmLSEUDgICYHsLBGholJkpmnCtiww2AmQSEjKxLZMRCS2EVaEJOxCdH1fagWkkCQRUrMjItPZMkoVgJ3Z7Fq7qgjJuERRDZsAGydRo00NRa0qUUAgBM0EIpwObNOUkoAIMEiJnQmApQB1Xe1qVVRns1VKEaAIZIMMIggVZIxCWKASYVkhbMDGaWPANsjOWgtGIVBIKkUREiCFFEBkJlYURQRythzG0WnbRUVFVZF2ZrMVNUqUyc1pFdVSI4TCOLM5IKWgTakQUomQwqDMKRspMikhLOQgikIK2WhqUxopo9RIpAC7NazMbNnSDkWEpHBOXCYHodaMqSXSbi0hE+yQjSglCGFkkNMIKXFOOBSEwsZkEMKo2CQWGtsURCkBtp0gpxQOZXNmItzSuBSBpBI1IKIIKFKULggrayldqRExjiOyiShyujkxwiU6p01akkTgtGUSMBGtJUg47WxZarhBAEocCiE7IyJUKAop04kCpBBWiVDpaodkCSMnEZnZnF0RkG5ASGkbLFpraTlTkgIZIUvYglLUbOFQMYnCJCiCEhURCkS2lIRJCKxS0pnNmZMgokoCJCNycqalMM50BBLOlFX7TrglMqWollpKkWRUag0hCTwNY0QI1doppAggkgSFRbFbtnRmZiqilpotbRQSAkuRLW0jKpGSQqEAychGECGr1JBkDDizlGqyqjhwenJO0+RsKEySMo6QVIRBUUqJAhbGRqUUBSoKpMzWmtMOQRRwqEQNuRCAp5YY7FKDtJ2yE03ZDHJaynREKYooJUoIjHGTKk4wCCSBFBQpjC1CUik1hJwNpKJomVHCykxkNVpEIZiGZuFsmFoqtiQgIqJEphtICECWgAikEk630QpnttYIRQmsxBYWmSnCmVNDYQDSJm0hC6dtIyOiK4EUgTAO1NoUoRIhOUpBYZPZQkJg2wYUoVBmoiy1pi0iJBREOGlO2ZlO3Bpd19VSo4RNOiVKlCgBNsg0OxTYihJFSEgqEuBQIGMJI6l0XQmmdDrHcZQQkqQoBKV22SYhS05KEXZECVVkTLYWQUQ1ZGaNSCtzEgJac7o5PbSxTQk2kg22bacgWxqQSomIyGxBFKk5FcgyFnYmUjpL1AiFhMiWkkDDNBSi4RA4JSmKyJxaRFFIUWgtLWMQAMIkrbUMR4bINFaNAs3pTJUSURRRIhQYZcuQIFtLJPA4THbWrpZSGimUboGiFBWFJGEjYWwsiBICHMZSLQKQFJLTCHBECCHZLRSIEEYCMDbI4CQUxsiKQCCRsp2ZGIRKlKJQOBNZ2Hba2CG7Oe10SmqT040IyVbUWoxACtUSgYSN7GYbaZrSGGOTbQKFZGema6nNablGQSG3UitWy4wi2eXTPvWTFWFFWFa2lpkJiABhaimAoZQQiojMZigKZKyGAllTSAKLNFgY20KQrbU2NdUIMeWEnU5IGWMMsiKkKFEUrNZrhebzGXJmw0YRku1QkQARSIEaECFK1FKMMltIlp2EmJy2aZbITBkgELIchPquqwqFsFMh0dWiUu+9994777iz77rZxia0UsqUOQ2tzroaIULG4Ww2SQTpbA0ZQraJkEopEgkOObMrVSVolqLUUhS2LVpaoDAqxrXUEsVTTtMoKZ2ZLkE2ZBERUss0KQKwSWe62SBAadlTywAb7AykECZJN1uUKBElUOKWhApBACmEIjJbay0QQiaiqgjbIluaREUCWRKSQpIU0TIjopZiqUREVDc7U5ZKQc40mbZFODOdISSmNtWoEUHadrZUlY0tULZmE6VIAmwh7CSEwNRAUZwApXTIzZYzUVFYTNMkkSZbK7VgByZCCqcVYCRJglBgY5sAY2UoxmmsEUhSSCpFEaGQUwoDjdZaZsOyMyFAKsaSjBRRbAuwFcpMSZJKCZMhEtuEbIgQktNuhCxEkRAmWyaEIp2tjSUqIlTSTVEkCSGkwDinHEcDEiEh2xhJBAilm1MRpUTtaq2lqqqoRLR0ZkaNzGxThlRrFwIppBIREZkuoclESECEJGMkBAlFpYQi7DRSukSRAmQ7IgQRpYQUYRsEodA4TsMwOCJCTqwkKYoxJ2EiwFhpg4UMONOWwmQ2RUgKSc0IsDMzTZvG1tyyGWEhizBumYGak+a0kYRqCdKZYLVMoSgRYKnrQlEQApBMKCSiFEmEnE4UAok0okQohIkSJSKiEJZomZJIgFILRqJEASMiZEVVKCQALNyaVGotoNay5RRFOGxLirRBQem6QJk2jlAQ2XKYxlrLNLUiKQp24iAkKVxqFYFMYmc/n4EEpVaCkEoJW8I2isApBWBcokZIoQjZTK1ZUSJam1oaHISCkJBs2wYiyjQ2IAKKQiWEIgTjOLXMWiIJ2mSplIgSiCJFqGXL1mwJtZxK7RWRTuQS4ZREiJAUamMz2M3NqAAlSikBYKJEZjanwIBUSmAjIiKiJFmiFAkpSmQ2GxAY0zylyfTYJqyu60qpziwlSq2ZLSdjJk85tNKXbE2lpq1ag5CQwqSktARyRtRsiVRqQZKxTZKZIjObjaUSZWoNXLs+IoxtJCTAzmwtnRkRUmCQAFA6kSQiHAqFMLalaM7WbIxJcDqkEgVIJyZbIy1VgSSBoZTItEJyTNM4TWNINUIhRThdJAckJokayLKg1JINKSIkyS0jQsKilpCFkApGCgBMphQSEVFU0m2aJoHtKVu2jKilhBQmgVJLrQGyM1RSiUlntgQUpaBpmmpXJSRlS7vZNrYoUaKEpCIRxaSaTZQabk7jNBLGJCgkRYQUCEAy4ESSJVKSsC1QthbIzijFJuyIQrhlFoUiSsh2pqWIAkgEwiAxjZOcEKRXy1XL7LvSnLREuLkUooQkLEsyRIQKmc2utYSEZQGesjkTCRlLgY0iaq0STlqmbSlKqSVUoxCESmuJbEsQtZYoEkjjNMlEiQimcch0KcVOW7WvpYYkREQJY5yAFRFYXGYjHIWiklKgCDkhLNWudlIInB6nKRSl64RyakgRYRAEIcCyM4QBiBCKKLIRBrdpdAswTkzaSJmym5DQNE0JiYFpmmyHqiJII5lmYxsZlTB2qFBKlQLLJp0RgZk8FSIiokQ6aS5SKcWgkBPkIEDplEq21lqWoho1gkKx0maaxlo7SeM4yJaKnSFh21YpTiGkEEShfOqnfLJCJSIzJYQUcqYibINVJEARiBrZGoSdxplWKCykICghKRBOoBRJgch0NtcuaqlpjcNIpkEEyBBIokQBZ06odH2ttdppowjbbZoiBGHStpFtZ0qBBXbaLVu2UASBbWfSaCALqYTAArIlAhV1UUkbbBQqtRS7pac2PukJT+q77uYH3UxmpjMzpymzlVIyszkJbOyGqbVGoY2TkxIhkKyQE4mIknYQJQKBnWFZNnZKKiVKRCiajVPSNE3NCapVtRQp0pgJSQa52bUUE4nHaay1CgEhYZAVoSJh0lFqRICBqs5YCgnTFFFKqaWPsFvLtEpI2MgyVgSCtELYRmQCpdYStEyMSYPktHNqtZZsE5IhM+1mIwsSkZnYESVKTLaCLqqFEyMCbCFFlKognIkQZGaSJUoJGWoJi1pqqAhFKO1QSKYEsjMxaVc0tSlbCzRlkjYWoYh0GpcIcFFVCcBpFSBslwinIyIUtqvCEuCWkqZstp1u2UC2RQmhkFCNSAx2Sztb2iZAkqSIMKQToxJO22SatAtBkUAhAMZpwigCZBsMCEnOTDchIUSUGiAVWWRaNpBJy0TglOyUc8KUrigK6ZDShuy6XkRESdxaJpaJImemiQghgyBCtlNOS2AREUVhIopsYyQVBaFSCoRbkwKTEKIUTS2DIBBSBAZlNkpEhmpERNRaaglFyWzZHFWSQgEIyaHQ1Fq2tDMRJqIq0glKzNhagKR0YqPoug4VRCmUKFJESME0pQQiIEoQCGyrREQtXe1qwZRaS4SRAtI2YCmCIGxbUk7Zpoag2XiaElIRrbW0QyKcJkQQUyZpo6KqcESQIIcisUAKWRGBIsI5pRXORCCIKEUY7NbccnJrQlErSkBJREBijAjbCdiZSSNtjOVQUCJaptOSpFBQSgkFBon01DJzckKEUYnIlhGlhCS1zBwnZ8oapzaOU5FqLUhB4MSlFEnRMolaihRhZ7rZLqUKQgoJCZOZQqUojTKNSkEKwK1lujmdjihAutVSi7BBCZFTixIiIlAoTUvXqlCRotQwdiYCEGASlYhaqlFIAhQRRnJOEAQY5DalDVKIiIgSkpCFFNRSCIqJrmvZ3NKo5ZSZiiKBo5Gyke0UJHYjbbBQ1KKQIaeWZFEIENkmCpJwRIm0mZoiFJLAxilCAkl2RLGxiCJQpiXjsG23likjAcpm5K6rSQYCkSaiCGOTIWUDmXSpRYAiuiglSpQSATY47bRJgyRFSMrMsCSmTBqZmekSERFSWMLYxoK0sW0rQgqRWJYkhAjRSEkGQjKkS5QGQl3pIsIoag2RODPdmtOZmQg7oiJaa07XKFEjoioAlVpl2SYIBYAwKigiQK21bFNmBlKgBGFhOz2FSomIIqGIkCHszMRtSrKhkHFgY5xBZEiutdRapYIIYWQ5TLMxKiEBQsKpKHYTKGTSiaArPeHWGiIk1aDRWirU9dVSZsqAWo5TupSQZJAUwmBSEBGSIkKIUChs2tRkSmhqDRtJIkogC6RoaVraLl2RlLYkCRSSinAoImopJYoUglAgZEA4AorUnEY1wiDbGBlbkqRsbs6QTDFZIkqpEbKdmZJba6CuFmS74UTUUpBAirCQJKnhUERIwoaWYCFLJYqKIhRRUHQ1AqFGyrbINF0pESFRaikRChrGxmmIUqUIRVdqSiEjJIUCRRSRkpRSLbV01WAchA0ipEwDERKhoLXM1rAtlRIqBZQ4abJMKqJERFGaBl2paUIlM5GRsIVKKRGyVT71kz/ZbcIOZOG0DQhjWtRSIlISNKY2pUClBEghKXGJSDsz2zQpFJLBWI50a5mhqLUq5EbglGtXBZKilBBSUZETLIxIS12NTBQqURSRZFGNkI3AWGASok2TQqTT1CjGEYFAYUuBIoyRgJxaqVFKhyzC9tAmg8JKt2kap8nOiLjxxhuvv/76TE/TBLLd7ForRAS1dALZaY/DGCEj20huSUgEKLOlLRDG2ZLACQGARNpdrYkkZaYzp2mUopZaIqKEUSZ2K7XW0mVrmZYipLRlECUkBZKcDgCBRTQhSqkRIWwwBhFOWwAKIUVr62lswzQhEDYBKoGxM1uzJIHtzFDUWmy3aVIUSQUhSSUIp908ZbZpLCUwSkdEhBBCSOmsERJOuxElIkJIBgxhkbaM7RSXpRQIYYQgorRs6ZbpJC0kLGqpNiTGSAUM4zQqotYaWKVkayGiEFFCZWxTmpAz07RsGRG2kcEABknYckHGQKkSUhSZWoptlShRFMWZ2ERESJIMUlVBslOlKAJZWJIQ6cQ1hBQRgSyKCpA5yUJSEFElpIgoALZRLUVyTi1KAQEWbjlNk7CQsdMKYYxLlMxmVCIiApPZotRsGZJwa5MisLO1NFJGrSCcIMkCooCnaZqmVgSSQqFIbLfMrFFCAEmKIHNqkxQRChBShBsKK1RLbS3txCgiYMqmlmnLJlRUFUghIRU5JEetoJaT5DZN2NRCunYFoBnRdZ2JnKakKSmlKAIkqdYQlgJorUkCObNEhGSQqLVKJQwJ4GyGKNFaa20CF8kRYFtghSDAOTUEKCIiainF0jS1bFOUqLUiTy3dpjQBtUBEUVhZVEIlSVmUUEsbkwY7sYd1k1SCKBVjEwTCEBKhooiiBNkQQplpTCIpc2pTSq6lqoQC7IgoEaVEDSU4bRkTUiiMnA0pSmAU2I4IAGzAzpYonCZTkiWCiBBErRI5ZZQoXScRQAmgSNiSsNxaqTVKtJYtE3tqDdJJSClFWkUyU2sCCRuMBbRaughFhKKzs7XJWMYGkSSmlDKNzdmwai1Ri52kmzMUApWQJBEh7FIUUYGQsGSPU0tnVTS3nBrgoEYoItOSDCVK6YocRMhIAWBLComIrlZELdWiqliKEI6ptRKl1JAEsi0RKkUCSCjYYEUpslRk22nJCcZFEQRRlFbIoUDOHIbRCBwuQCiwkhYFtxAqXYRinCa7gUIlwXZEEAYBWKUUt2ymlBJSgkKkDYACIoRAMkg1ikpA1JAULbNIU9o4FCUiIhRkumULkIwKZMsUIKJQI4JigVPGskyzA4QCZGyDbAIjnE5nRGTLNk2GwFYoVFTSCQSoRBjVgimUzIZtK20JSCGZ5haoRDGYZoNtC4Rca7UBge02TpOIUiQiQsMwpJsoGDAStkIoQkZgBeGwnaXUiBKyLZAhpLQxU5tCstO2hFCEbLAUsiOzdaVS5LRx3/ez2UxIhVJrjQK0NoFUIkTLJB0SJkqppbQ0EFFQlJBKERhj20TIYLdMR5SoQaZMKrORbs0tpBSlllIK6RKh0DhO4AgiCrYkISJCaq0piCihgGytWULO1kgjOdO42YJMI4UEltVs0UygaK3JKMLOqTXLtXRRAgMSSJLUWgspnaUUZzptZ40wQBiHpCKbKEEpRRJCSJKLcURJUyKQpLSlEoBCQi2Ns6jYnsahRJRaS8SUTcZYKJAjyMQgq4QEgESmMy0iVKSGhVLpxNimueU0ISGVKHK2llNLpx1RI6QiGSJEa1YoBAKDw2ljioqUdrZWPuWTP0HCSCGnTSoiIghq7ZCd6SnTliKQcYAiEEBQLNySUETBObUpRVVY8tSiRFcj7Wwtc1KJiAAkCUlk2tgocASq4bSbhSSc6TRQorglBUHiZpdSUJRSFGSzoZYIlRQ5TTbGApDBmUBYRiFFFCAUSStRpMACg3CA+r6TYlivmhsmglpL15VaigohJThTRlIDKSJCSCWMSaIW4allBJlWCLCxCQRCDkSRM91aWhhJQhHFkqSIIBmHcWyTYByn0lVwlJCEM4psiUhnSCicKSIiFKHAYBkUksFJyIpqp03ImZpam6ahltLV4lRIKNJTTi3BCVBrxUKUKCo4KVWhCpYCSCwHgByllBq1drV2gI1CirBlHJIkpy1aS7CkEgXSUGqx5NYASeDMjChFRQAyYJUSyJnGgSwUJTDZMrBBgRRgCKOuq7WWUgJCgFy6TsYhQBAhSzKyDAmdRJSQUIoiOQ0KjKFIUbuiChlRDEBmk1VrRIlSwnZRQBCWIwIUCkimNk7D2NKFsMBKN6JERIRsYxMF0igiFCrqJGeCBEjGIErIyKJEydasLAjRlYJkQVOCpCghLAVQSoka0+TJE82EQ5jINFZEMZZCMiaiYDsdJUopAsAgFLjUUqNYgFqbpMDCtgXpdGZObYwSNcKAhNJItpGQ5VBERMsEZ8v0FComI0IRkp1kyxKhwBiIENZ6GtrYau1qLTWqRDZjTJYoUSJCocAqtQopIopMYlo2FNkSKAWQgqghCZyWwEJgSYCwkTMbCoeKSoSEZSmnprQD4TRAjaKQRCBJLTNUalclOe10LV1EWIKQhQgVFSHVGoZpHA1SARDZbGfUsBOFAqlEqGXLNLZUJIBwqMgp4eaUwM7MTGMrJIQsbKilhrAB2bTMFDJFYZRCTpDtlpYoUWQpBA4JyPTkJicKhUoUgVQU1FKaLbBwWjbCToFUbFpLO5FqCackG2VLSSUklYgoNQoYgNLVrvY2xlFLKSpSRLXsZuNszSBFiU6AEEYKM2WaFqWALMJKp+0a1QKUacmZOU2jLYXcmu2WKSmdKqWUgnEaKUEZpgEowCIhQuFwTomE5GxRoyhauqhELYFDAVJQIjIBFBIYB0ocRJqQCCKIiDa5jUPUUorSuDkNoVqilAgFKEo4kxJECMDGpZQaRREEQpYFAttRS+1qiZptMoQCYYyRUpYUkjCEulrTlFDtukwnGQSBJKHMbK1JAJbBzZYhUBTC62FwZkSUKBERISlMOtOmlKoQhiCQpJBKrQkYZ4oSISCEJNtGSCkhZ2shKdRaKggVRGYD1RIJGEkoAqKoTZluIKF0sx0lpJCwHXJaQpNbVVEEAhuE6GunArZKyCKEDYKopZYSCGemyJYts0gqoYgSkSgzQxClhFCAJUlyGpwwZSMTQUAShRAokELCREgKIQUYEYAkgEwQVgnAThQBaROlFAVuWIFqVxSRNqQCpBKSJLs5lWmRLd3c0oIIRQQSmGZKRAnbgUopUUpIIU8tp3GEQJJwpglnJA0iFImnsSkNSCohQxpBCXnKFKUGJrNF7bqoSApKRIRCJaKUUlRKtimzhUICiAihUITUWosogRNNY5MCnEEQkpy2iAgASSLTMkIWVbI9tSQcCkwbx4YxRVIgk1YEQhgZSgiRjlKymVAppbU2Tk1uU6ZACoNswGkCkCSIkCyusISICGwMEraNgqIOUYoEBqDWUmoNPDVnm9qUXamhUkpIBJqmUVEsIlSiKAiFktam8qmf+omilgIKowgVhSRQSG6ZThCkokQUwBIgZJAoEkFEKbXYztaiFEXUkGpAmBQhXEsvOQgJWaUUS4KQBIrITCe2pZAkCSQFoFKyTVIAbpZUunBmoGZHRBRJGlsjM0QIpGmaxmmSXUopCssSNhJOpTMiFCWnSZZxKEophNLZMpG7qCBFWLLtNjlxmsyWRo5S+q4vXYRCASZKKTUiwraCUCUcipa2na2VWkuNKAVjSWAUESETql2NiBCIcKhIAcggHEREYFoaKSRZqVbUiZQkQjUMUpFtcDMiIpSJZAW2s3VdZ0IQQipEREREZLZQgIoiShhKFFnNU4kiaC3TGUTLBCQhh8J28yQIKUohnU4nKiqKCEmyG7ZNlCIBRJQoJZClaZqUapmS+q6EShpAipAckuhKIBHhTEBFQgggSjhtAuNsSJiptaIwGSghAFkKDLYEKEIiQFFCRVJxOsEkCggFbsZ0pVpya4lLyG6ZQtmaEQACAymVzKQQBaWmbIDsNAS2pai1JHJLk7YxzgwVrJYTICJt0gBk2thhAAMoFEY4iyKKEKEAQJbTCCsUJRSEArANGMth0i1DEBUDxgmR2SJCQgo7IxRRJCGcUGyw7XSUkokFMhColpDCgK1QBBikomKUaWyCUkoEtsG2JJWiNjWhqEVW6UoQtkFTy/V6bWfX9TinKUlWwyi5KKSopUgxTS1tcC2VKBGMU2tTRlEtJS2cIAPNFmEyE1xrDcI4IoqiZdqOqHabxgmEjY0CaOlapAhFmcYxM6dpihC2AluhyEwCqTQSO51GXS1RIqRMBAqFopQuwi3TGINswBJuaUlFIAAhgSJqKc6spYjSsDKNgFJKlLCNTSEIY5UoERCChjMzopRSDM5EgUGSwsbOCCkUCEEgCCtqiSjplFFRtqQoJNshSer6XsZW13VRShRCIeHmCIWEJJO4OZ0Yp60gQgaFimqizMzm1ppkpIiKJFARUliWaUKWcbZaO4tQACSZzcmYU+0qtiBCVqJQ2pLTEUVSrSUQsnE4VKSwWyZOg8DKTIUSIFo2tyxVJUKiTZOkEjVCIUChkGQbRQQGpQSBI0TIdkItxcE0DpmWQGQ6E7tZ1FpsAKcRERFFQGvNYAI5M7EkhQI5JEkiVJCKsJBFay2cpAlhRZQoERHYKnJm2rggBUJyayilQJZKCSlC0FoagrQtIxWDlW7pTEkACts4QcM0hWIYRwBCcmaGhBSoTSNR0g4wTNPkbFNmiVJLgACJiMAAiBIRCsuhSGxnpoUQkrK1WqucclEoCrYEihpFOVmh2lU5IpAky5mIbBAqkqWIiCihEiEDSCgxGGxrIgMpwGQmIh0tmwACWShJkO0IQ8hhAGoptVQIiQgh20goikwCTodIiQzJJm1FEZICUIDCUFQUlCilhggbY0AK7CRLCUN0IQEkkdmmNk3ZSpRSaqB0RkREASOVCEDIUqBErTUbUJQASbKy1hoKoQBFGLKlnbWrGERECcmkUUREFLCdhlCEnIJUAIrMdGtTZi3hUJtalIgInOm0UbiWGrXUWhJntlIiCJwTkkEg4eYM5BLhkFtLZ993UgRWRMvM9DgMJouKJBmb1lqjCWxAQY4tS0ihxKRDBXLKFFap0zhSgszWbGczKiUkQNgSuLUUSKTTuOuqVIQVUUoXpUgyeGooDAIUbZoAQWupIttAiZBkO22nFWHbWEl0pZRAAW52LSEFbkYh0pCtdNWyjTMJpEAmabSWJkVYimbKp33KJ0lyqAhnlihRQwqkbGkhgWVRSihCdonAlkpERETmJEXLdLYkQ0UCi8AmkEUopIKcmYYgJrAbaRSZRoAFKlFUCLeWma6lEBmUIkVRgrNFlCgBDsICK4QikBSUEiolWyKLKBFSlFrASqFiIVCItIQzESpg0s5smBKldCWIdBpHhI0cmTlNk5AlZytdDYfTmQ7UMm1Lwp6mBjIuJYKSUwNqVxUBYSsk4zZOTiksIaFEKBRpwM22s4RKRCk1IiJkmKZmmkAK20IKZzqxBJnIOU1RCigxxoBsVCMCJUQUO7OlnaVIUck0ymylqyWKsaBlI5U5lVIVga2IKAWwLSlCmWBjyQaZ1qaWcleqyHFsntqUiTMtgRChQEIqcpJkZqpEqbXW4mxTJs2Tm4RbtmwAhkCmpZEkIhSQaUVISLJsHJQo0TKVIpCkiDZNrTVQLZ2FrSjhtDNFRCjTmc04rFKVSdgWTkcN5Kml5KiSBXLmlE4b206nRQlRSsm0ZZCbE2emjeQpJzJF1L4KIStCUUoVEaRbOkqk3ZwKQsVYkC3TWaJIUsgY5ACMQ7WIhJimKU0oLBVJSCiCTGODokRESBFItZQISyFJMkSERUSJCCHAgBSAaGk7SSRls50CO7EDUJBuJmCaJtuhUITtYZxq7aIEst1qFDunCRGE7JYtlYoIVYVpicmopbXMqSFKRD/rQ7QpjSVLkhQh3FpaEc2N5hKdqtLO1mqpUYWKFDijlNLVgMRYCoFwZqaDEl22bGnJEYTVpimEQrXvI2QD1KjIRGAUiIhaQyEHhVBgFGARKoqQbCdJEkHaxqUo7cwpnaHIdGuTA5mWDXA2KYSmbEAp4bQEUqAoBRXkzMmmBLWEokjIJADOROpqFUgYpIiIUkJ2RNhSSGDZhnSmI8JSSG5WSIoogOy0kbBdSiXTRsJSiNaaDbKQAGfKtDRCgENh2U6nVahdlYWxNKzH1qZaw5mIUksoolbZJYptZ2YaZDIoyJJNICkg1VqLUChKhIMaRRFSUANbighZCkJBhCSwJNqUJqNENts4VEsEpZQoJUqUWqsb4FpLRHGzIdtEiRpFEVNOIUqUlhN2qaVEIAVyawnIrbmWuh7GdEYobYUAoUyHwjjTtVRJiEIg24BpTpJMp8mMGljNGYBEI51hJQ1HOjPdMt2mtA2SMJl2ptPjNOGWiaRMExQFdsvWcqqljtPktCCkUBEmFJIiFELItnE2p4xaawoLQgXJoAhBlFJrpI0ppQQhkFujgPoqRSFBRvTdLLEkiVoDILEymyOqBCBJKEJpJMg0kimlSp5aUyidqNiOkJ1uKIgo4MQGZyYpwGpuNYpN1AA5W2JDZuK0k0AoJOwSERERISmNLGieXPuqwMZOk4oQQri1qU22BSqFEBGBnVKohCyJLBFIGFqzUyqKsNMtgShFKErxlMa1VkQo0m5TUzgkJGeObbKhtSRFOC1CJYRtSxFRMDbZ0plRakhpF2hOCQinm1tmlghFKJxJkRRRS41SMASZCSqhUEQJjA3QpmxtihpycbbMBtRaFCEzpdMtMCGnI1SKACEDUCJCMWUTkiQpIkimqeEUEmrZpBBKJ2DbaSMk41C0bJLalJAt03Y6W7qLGhGGKJGZKiFRVBQBrlFqqVEw8pQIO5EhSqi1LEIRRWG5RNRaagkFQMvE1K4zdssQEQURIqJKIGHhbK2FwjIK4ZAUEpQSKKbWuq4605lRRLq5BSpRBOM0RYkSRREK7HA2Q1HYJM1JlAAilKiRYaVTIbdEzmaZxCJDkU6ghsqnf+qnRgg7jdDUGkBYoKBINarDQUREZhMYYTdntgmMwQQYikpEtJxIZ6btUDGZmcbIilJQw8J2gIVtRykCJIQQkpCEYEq3aTI5jo5QECgEmUiRmaWEbTtlYaQAtallcylBCCSBAzu6glMIMIRiak0iEMK4qBokCqKA3TKliFBEZCbOUkoNqVRZBtlIrWWbxqhBIizJTkkI2ylqCSmytcyWbqEgFIkjhZxON6IALaeWCViJJclIKO0SwpYEhDCSUIBJG4Nwpk1RNFNL2ImcthwStsaculoEgDNVQpIaiIgSApTNicEkXVcUUWuxSTchScaBkDITBYBQKBQppGLbTjtqF0ZkI6JICmVrmNYmg1RNYoZhLVxU023KdLbmRrqWGiUkuWU6g6KQMxUK28gQVSWkKLYxShMKURQCFUWERQgSQ2ZThDC2MArLtt2cmZJKqQQh0oQkSYRNCUUpxpiWRoCjFMlSgKwMQmDhlkIKhUJSlEDh1oLIbFIJCcvpIEWRiFKklAIJp9OlFBlFqFAcKMCtNVkIObNBIYwpOEERQnY2Y6SIkG0CyW4CA8aYgMQmnYEkgSIoUUxO02Q7UJSQlC1bm0qtKIAoJQo2SBGKqMJIGIWQgIji1tIZRO2qJBDNSKVEyymdSIFkO7CTBAkAq6VUulqcWbsOaxqnKFFrxQpFiXCSgAiFAFGiYNsZEYm7UkponCaTzWRr6YxSo5PThua0EQYphK0IIFFERCkKuTntlhmKCBJkwLZKCMB2ZmuWpJAsAuFsbcoEhFSKCCTZRpICRSklwi1tB4SiRNiGkEJFUEoJTNpJYlIuhISdaTIb1jRm5hSKxDIK2UCmkRiHIZtLBFI6MaZYrhEGQUjIUjhpbSi1kxiGQU6iYpOOIkWRJDuiCE1Tg0xnRCgiENCylVojSsvMllFk40wnkhTClsKiRBhMhoioEqTHqWFHKSEoEjjoS2fTWk5tKBGAECE3E5JsQLIxzmylFtlgTDoBt5zSiMyUIkJAKIiCbWdEqV3B0bJlGksBRkIKhCWwrLRLFIpyahJSOBQUq4WKgcw0hEogRSiihKQQJYpt26WUiAJYlo0iCmGlnW5OT9MUCkRrLSJKKVErCqSiQBgjlyhRQgYhKbPJ0ElEiUIECIGMAKOIkI2dJYqkNG7NIBXQlJMUQHMq1JWqWpwOSjK15pBRCCLU97WoOJ0tTWZmSBE1gpwotXRddYAVEYZxGJGlAs5shq7rbRvnNI05lai2W0tBRLQ2AQaZxLYjJImQFAqBRBTJ2EkJIkqITNuEwEIIYSQTJYxCioiITCuQAYUipNYy7SghJAGy7LRl2VFrUZhWShelNDe5CEdEqEREkUrUKKVEV2rBRJEgW4aEILFwprPZ2ImcllsqFBEghYOiECGlG3Y6FHYakEgR1XYpgYmiUKjWIkmh0Gq9bm0KCRSSwU4wpErNNk3TVIpRReRkcO1rZhNRIpCdyE6nAQxOGyiKCJFEFDslWQYRjlJkCQNSWFYUT5nCOZVSCgXsdLYJ1Sio1AiVqKXE1JrHkShRIiBNtilxmiKVUkLR7AiVKIANWFIISwWiFIWwo4QUKGqNKCVKCUVINlJma4oIKyLsbGmCTIxbTnKUGkLNCCIC1EhQSJlGAjINCIRAyBGFEEBaitYmO53ZWhumgUyDnaUUjNOGkFLCGUFaAAonhloKCmfLkKCUUAQKMjF2hmQoIhQhZbPdStSoIRuHQLIURl1fVUqNiAgsZEmilE//tE8GG0lC2A5FJC6WRZSIcCNkLIOhObHwJElRoxSwokQIQqFKUHAaYduOlk22JIxROmVBC4VFiVJLbaRIm5aT07ZLqZJbZlitTRIlonS1BEYoRSAykQSEojnTKaFau76WKBKSbCskObMBzZYQcoREiTAkCIGmNtq2raCNUyjsnMZGa6XrSpSIUClCzWkSiZbjuHKoltoyWxpjMqIQAgWCbBNRKzgIFZwgRSlICtUoETKOiEIoUBScmQaSVDpKZEoCISJKEVjKtBNVlQhFROlUJNukooSiFEnRnM4UCoVCIayIkKE5Q2GsCEWEKIoaAkWtITttqYSMgFqKLXA2iJQURVKJoBClBgkCXKNKNLuWYslpSoSwZTIzixQRs75TqeM4OLOrtUatpTgEihK2Keq7XoEIkEzDgESmRUgYZzaIkBQFuzmBUkLGEFEAy7WECZwWbTIymSn33SwipmyZaYMiAdsQESaVthEmpIhQgEMRUUyWiIholjMtlVqQ3ExRhMJSRIkSXQkFwkYKhSSCAEMYwEYRkZkRUpGMFMjgTCMUBYUiJMAGQy0lFLaBUEFu6bQjglAYIQuRRrIkC0WEbUAhSXabppa2QlJR0ThM2aYoJUJOA30tUpGMHVHBaVsWgCIi00UApau1Ky2d2bDH1tIutZMsohapyOCklFIiUtQSYTXbbiAiAuEkiChkjm1CaSlKlCghlSJFDeSQ00kGUUoJsN2yoaIAO5RWeEpsSIlQGCCLiiIiItM5TShqFCynW7ZQlBIyiYUAI8nY6aQUQRQZOdMYlcyWJqJGEEIK40xjhBXFWJIk24ogIrGkkCMKOIwEsixJhlCUEulMZ4laa0EhWVKUgp1uhholAkzaade+RCkSJNmmCAKpyElrGYqQooTdSCEUwjI4bRxAREiJE1o2MEVy1FIjVByJTWZLSaGY2lRKSCUiAIfDQlKEgEQhZ6ulRC1taiWKlZkoVEqRlK1JcrNtt7GROBQFu2WSJlDaJiggwiJqFNsGCRtboFJKLSEIAmGwnXKRCAKFQkioSIoS4czEtshMZKWJQKqltEwy00iqpUqy05bAmSLSzZlGgO1GCiKCCBvboYgAhJnaBClFOtvUSkQpXQk1LFOiSFKEcU5TttaVYkESqhECENgKhIgoUiFUlFMzCQqVUiOiSCFkWlEttQgZEepKRUSJrlYUiK7UqBU7W2vpqTVQUUiBgnAgB+PYopYSYSSrtalEOA0phSSn0zSPTilUrJQVlCgOQzhbV2uzs7WICjSnhBTgdEu7dCVCopBOOxRht2YETodsC5wqVZlICCFwZjpKIZulEiWqnIRKZhOUKAYEdjqxbc/7XgokQBZIUhoMQEQJjGUkoWI3hYoilU5HyE4JpMwEu9nG2G5OhwouUawoUgkVCUnYLVMRSbaWwi3t1kopbjllAkEoBLbcxpbKElUlyJYIrIAStRRJEVVYESWKglCRwGBqLaVEEAqVUjMnFAKDWwPVKMlldhobAimQWhqlJSQZSKBEZDbbEQKEa0TUEjhKqVGaW0i1qymJ7FTALWWcduDadYoQtJZgo1CElM5AKsrWhCxMhsNibJOQUCiQBMZFNdNSlqhIsmVLShshBCgopYQinW5pXEO2QiIiKOM4SlmiGLWpTVOTVEpEKel0ZilFkJYznVn6TuCWzQnYhIISfd/VKCWKIqYphaNWQyUshEuRQRAhITmJCAk0TlM4BEgCwDhERLENAiAklVIISTLIIiyIqMgKhYpEZjrtyCBIEyqf+imfaAxEFKedVkQJ2UCQbZya7PU0tWwi3NrUppAiaqnFboFCYck2uKXBJA1LKlGkLJTSVzBWKgsybi0BIiIiM53NqYhANo4oEnIYDKWrUaKUit0mC5VSFW7NwqUoFAY7baPAqRC42SBFZKZgmsaW1BJSkZBTUSRjIkqUyExwKSUiWraIzrKiCJJESE5oraWJUIAU4Fr7ruucmJQkDEUCp1OZk6HUKFEosl2jIKlEIVq2iIgoaXKaQCphEQoZSbWvMuv1iCCU0zROUwlFBEQIZ6u1kopQKYHdEqG0JUzakiJCUSilTracJMYGWSUKck4JFjYWIoozI2jpzLRtIaOINJmtRlUBi7RERAFbCoIAcNoiQqWrNcI2gFFELRFRQuEQQJTAzoxSSxSTOWZECdFacxIhO7K1JLH6vpCyPbXJtiQp3CyFAEcqwxByZinVYDsiiqLhTMtNisw0WUtVhBSShNzcphahKBFgLCmwjSIy3TIjaoQQTgcFbDtKRBSctnGGQtLURlKk0wlESEVCLZN0FGEys9kKhJCcjSCiKoQNCFFESkEoRCgAYwJAGLAEhhKlFEUoIFOESglMyGkigogSAEYRkgkElkBpZ7pGGcepFAlJEhAREU4yM51IKCRJgJzOdImQAqxQRDgUFghjEyWESqkRQIAxiaJESJIkBV4PbWxT2qFSS5WwLBWBQWRElKhRqtOZGSoqISQpFBKlhAFhky1VIkCGCJAxmCCiKCRFiSioVBkwzc1pp9MpiFJqqSpCOFMioU1NOHmmQkQUpYWmbECItIsotZYSJMgCKUJKJNFagltms0MFWwByhEkbR9jGFkIRIZmpZbYpSo1SUNSQSkSUnJoUoShFBqzEIiKIKBIQCKSWRuF0tha1WHKmwelaqrEbpaiWguQpLWFLatmCKFGkCKlEyBAkQmSiYFgPkkuEokgYRIQwClFCmZistRqcQgJHhAkViipyOjObsSIinCoktXYhBVLtBKXUZodAIWyMMyIaGRECCUnOJAhFgm1DQE6ZTpM0ITXjbISSnKZJQgqVwCiwSWfa2CFN2ZCilFIKJCgzZVSKbcsGm4gQINwcEvaUqTAWmPvVUqSwmwiwVCKEJKPQOEyTW4RycmartaiUlokcCslpO53Z0ooStCRCQabTRKFQAHAmIaVNJgqwEaQUkM0ZCCFQSFKbsk0ts6URdF0NpKKIAGyGYaI1SWlqEUStJUKCDGXDTllgOUogSV3pqqQAiQJ2ZkRxuu8KUjZLgSRZklGEZAkB2Vq2VFGUAIckhYwCG5zNGAtZGQ6VCEUUobRDYay0Fc6k1pKZxnazXaJERKnFItOk09hWhELCkxOEBc0JKArZWiiQyJyap2mQirFNZsOKoqghg1BEKZEtCaMiIYqdgS0RlFIDYbexJQ6VWmsELRNRVQhacwRKj9NUKAQYSCynSwnSUQq2lYoSEEXhcFii2ZKwLClkZ5KZCJkIAdGclmTAEUUiikrUzMzMiNIybZcShGy5NWOpqASyk5atTVlCtqUCNqEipaJGCdlIkdmMZULVSBiLQFKUQqgIqRhnZgll5jRNQs0ZoCRqkQROYxNSZlIiFMM45jhmNqQIRQlJIZVSjFub0g4RtUaJiMCZEcJIMqCIImVEFIkQGGOQjWQcKQUGo0AZFhUhpKISAmczsqSuqxElVLCnTDunNklKExLIpBS1lChKqyhUVfvOZhpGYyQRyAJCUkoCmSmsqU1OZ6aTUqrARW42RimVIITSiQJUPvWTPzknRwkhKRQRyGBhO1umbBwhIeQotVKiFDNNwyTCuLXmbIqSmYmzpUXX1aICgaQIWiKEbNuQWVSiFNvOFiWkoiAzMyFRKEokyBCe1b6lnc1uCLBEUKY2YCEUESginBZXmAzJbZpapmyLlq6hKJ1COBMw6SylAglRIqzoSmvNk0uVGxKhEDG1bC1tl5Aky8iVErUoAhwBUKM025kKySKM1JUuIlommWkTAM7WpmbbLSWyZTpLVUhC6WxTE81WlKg1UBRFgtskRRC4TU5LAiKiFEGmJZCAYRykAAISYYGDggxOZ0iEikSUEKFA2EYgRQjbxhhjEYCd2WQZigRKJ0IokbAEzgiV0oVCCkFiTGZGAQRupkgBwpkGq3RdVJPZpnGaateB3TK6CkgoEAVny1QondM49V1XokaotRYlJEsGKYoUQkmSiayItN0cIYNKBCq1RqkhIYMgbUcEoQAiRMiEhGxJQQlBmsiW2cYpm1B0VQE2ChUVlLLTihIig4hSFCimaRKqIQi3NmVzZohQNCxnRE0nSKRDRShCljDYwpCtZQJG2AiDhNKtRBG27UyQRVhRCk4UdgoJpyGddkREqW2aWsuQIqLUKLWESikyxi5dFWptwomwAstKDCZpAkWJEoFtDBB2ZjYI3BQhmSCzZUtwZloqoZAUslHghFCESEWgEpZtp9N2QCmdagmFQJKMQk5jK4StiCAAWZmpEpl2piEkFEURUikRCixJhBRqzc60EYENLqUAxiDbU0sMhJpFqhQb5FBEhBQKSW7OoohSHHQKpNYyhBRpFyndAqtUMjNbrbWWcFBKEVgqISkys6B0tpbGIYERmbLSadKQLU3aBlKKomimlkAEIoSVONM5jhY1qgQkSKEICdyM0w5JtqUEoQhRiqLUCKUtwjRLtEybKGDjbE1BV0qUrrU0rqWA09gOkRhJkEkpIYtQ11VnA2QkMglByJYAA9F3NSVhp1UoERGlhFSUrSFKCMktp3Q6JUgQUyYoJDBECU1TE9Su2k5nicjEniICGxGSE0VAlBAYC6ckARCSTYkoUQKB29TWbZJV+y6bwbZr1FpLKASZqiGVwI4SoXA6s9kYWqZCoSiKhIBSa2vpzMTOBEIqUUoRRERMU2vjKIkg04GQQipViiilIpFO09WIKAQABlkRRSpRFISUApOZEkEhlGlDZjqdYDKiyISkUHPadhrLQQkiSmYSEqEARVFIYGqEIpobQqWI6kzIbGSmRJQiCWIYBolaijMJQiC1tIykEsW20yGVLrCIkGQASUIKSZKKIhREFESZsgWhUGaDIizLQoBUFQbboYhai7AdEUJtak47nW3KzFJKCKcjSojE2ZogahUSgSBbKiXZTmeJiFIUCkWaWgu2hXDaiSPCdmY6MwRFakpzmdrU0q2odn2VjUEREoFCSiuiTa2UYhxSWhFhHBIKGYm0ZWeioDltQtGmTLdSiiTw1BJTa42QEE7jUsLjiB0RIQhJkEyZyFyWLSkI5TgpUChRrYEpUQhEYEqJxM40DiGFSakIg1qbSnRRaJmexgRJtiUCGcCKEoGNyDQpJAmVCEqUKMaysKyGHVFaGjsKQhGllEogiiThzIaEZYBURCiEDNlcIrCNo0gRCAERQJtaw2SWCEJYEg6XiIhCpiXZJRQiQgigZbMN0VoibCuwZNt2a2m71mqwHaESYcgJMktXiyIsK9M5DZNEBEBLhySF7dYyW7NVooTkFLJCdmJFAUW2RETIaUXpajhcPv3TPkUFgSDTyApaMyJQ7UqNIoVCTjBAOkGSIkJFQlObbDub5FBECSnalArbDmwbqU3O1oQloNSu8EwuKjjTTlsKZ4IjBGSbDCYkh4SRJGQ5kxrVZEKYYZxay8wsEVKkGwgY1oMgaiVdSkRUy86c0jKtTTaW3dymRtqAla2VWo0kIeGWKHDfd7YVRfYwDIbm1hoRkZkRJSIQQgShYlIKoWxjaylIu40TEKhNGSUwCkUJQJIc0RXsYViPwxBRFSoRtiMkRSlhBEA2O1DUUhQKRCYUyZLbFEWZRESNYoQbuLUESyoKpBBESFKQaTsxCJDTABEhRVGpEZSW2VqmE2kaJpUoEaUEUjZHQeAQkqKGJCndjEEyiJAUspWZkixNzTUEGJOJLdUkbSNJEgJjt9bslDBIURSSovZ2ZsuWJhNkCSkgAbmNqZBUKXK2EqWUQMI2hpRtIYfdWmuSSimWMtO2LDspkiRjCIUdkhERChVJRcpsaQcqtUDYEoEIKVJRQlLLxFlLMbJbS5dQ7QpoykZLSaGQhACRRhJqttvUrEASQhGhUJpsLaKCEYqCPWVOw2gIEQ7bEmlCApmUZIMEVoSdrTlAUpRaFE4URClASzstjBRRQiVQQGs5TaMUJYpNcysSKpktbYkSJUqd2kjIlrOFQhYiSoAiwnZAghDgJEqRIkIKyXKCHaGumzUyszkTlLZxKSFMCMuk060lkVhRVGvYgKNERIkSEmmnIWVjJ0immak1URSEQAU5SqlRAePWmm0EYSmiyFYJpEDCttNpI9s5NgtZtdZA2bKZEJhhXNsutTa3iKi1L1EQmeA0UYocYLc2WQpFSJKwkETUohKdneM4takZixISIUmNzNZaaxaAcC1FwjaKIkUIU0q1M4qctlOKKKUoVBwq2EZuaQNhpyUsZCHITDe3IoA2TSaLZAvUl1pqdbNKZE5CCNkYVCRHBMHYmowUQpZw2qYoFAFAFKmErGyNzIgSoTa1dEpyZpvaNDZCNsaGUICMQ7Jxm0xOdqk1ooJVlK1lphTIklWCJITBUEJFARZMw6QqW82tRKlR0tlaqyUiBGTapggpFHJm1Fqi2I6QpMTCEQJZSAShUIkSIhSlAIGcEnZE2MocUYQUERFRQkhg24gSAQ6FokQgh2VJmc6pCdlp7GZF2AQC2ygUEpIxiiSdIpsiClUBgFVKBHIauZYQgKZpmsYWRXJYBAoV0lFKLVFUkgkIFeRhmooKxSXA4XROzTSB7XTDKkiSSaVrLYY2TZmpEjUKUpiWqYgSBZEkxs4xW1WEhIwNtrHTJkJYIRQhJCKqZGc2CUISBSkkBCZkHKXIlpTWNI2IoqJQRCm1liIcRgERJWUhTEQBjCMEGqfBGV2tpVYIhFAojBXh5jY1SbXrsKWIKBiwSshKO0lMZkOKErX2pQSFNqWKJIFJZ0skFMK1dhJEhMBgVAqkpKlNyCYkSAmZbJktp652pRRsiZaKELabESGEikSETYkiyXab0jaiRikhG4VEhDByWhGBItQmQ7Zm4a7rFAW75VRKRWE7JJAAsC1o0+TWXKNEGMAqxc1gI8CZaYMiVKKGwjKhbBjXUhLjphKhUFpVkkhQSCCRtoUMYeFUrRGKEsV2yynTkLUEKLNJqlFMkqkIGgqVGiUkkZJAkrORhNRai5AQgABKhNOtJUmpRThxIIlpmtwaUZyOEjUqNCmwKBKMU0OZkNlMpi1MRA1ZQoEdpYJtGwk7Ma4l0s2i1GKwrYgoCtTGiZaqRUURRSHs8imf9ImZLZvToAyUzhJRS0FGoQgkoYhACjG1dI6EFFEURMgqtQhhGeXUiCylkghj2SnJ2E5DVzuUSCoKwlKmW5sswkiqXanRIaedaRFSligSVkiRgBFyYDvHlunWmu2+7yOEJIRzaq3U0nV9FCkiVCICuVAiFCUCQsWtJVlKxU5n1FAEdsssUtotHRISiohwm4aWdguFUKlRamlphEIlClihCJw4HaHmrKWUEjUKokSJUCkRCuM0tXQRSJEQIrOVUqLWqEWSs7VEAM6WpdYIMl1qhEIRoQjhpAQmMtswTKWUwNRisB1IUYTGabABNSc2xrYTjJ3ZWqiUUqNIEa2lbTdPQ7PoSpGEURSJUovQ1JptBUWhWgUSHidDhLI5MyXSLqWgsK00QQCWwqFQyMYYRamBVUuJEkJ2A0sRQZCZ6msRnlpahDFOoyBCkjDYBuHEQqUoQrJsG0w6jW2DANLgNDJECYGM7YgSERGIsJGIsBSSJGqEokiYtEnjbBFFmWlMRgiMhUBOO7N1tRqyZcvElFoigpCQSomoKDMdipBUREsCmiUVyQKQFLVIKsaOKECBFLJbotoVrNp1iMxUKDBSlOJEKEIZFMlpAZbTlkMy0KxA4DRStglFqVEismVgqkCllFqLJDtzSkmlRkgQrbUoSBIqpYQkRZQgFBFVoRLYFrYDIaWzTVMpNadWJCIkSbZcoislahEUQCFJgsTYzkzbdlEQ5ASkW5syFVGjSkGQbp4gEidBOgVEWBaUUvoSUmQaKBGYli1KATBRFKpFoTAUOw0lSoQw2dJKsCKas6+lRNhOERES6bStINSpxDS01qZSQgKHAllFTttTZibGzoiIUkKltWY7SikhQURBBIGkYpuwAKclGdkmAVkmHQpZ1NJayopSsjWMREglQrWESBs3FJKMQVZKak67lSihYluKvlZUZAylVCyDcyIC03IqtWQzUjgkEAghyGwETkvYpAgJhTylpcwmSZQoCiLdJEWpipAEaRsUpaSbiMA2fVdLDdKSag2itGxTNhoIbImIsJtNLSFFhEJFIYNbKqJEJLZk2yS2bUFEKGQbVEJYlklRiIhSSmstiiSRFpmo5eQmBZZoGaFQpBMQilqMoZaisJyUEmA7gVqLJSGVyLSKsoEppYRKFHWlSEJkNkVErXbabm7TNMnhsCThtNtkFYoKcmamM0JOnDaUElFCEdkmZyIBBmwJKKVGiVAQilBEFEnGEWFnc6bTTdnalG0cp1IKIlzSzkwMwi2j63BrY4soCsY2jetJEbUrkhIMRcVSm6ZSVGotES1TcihKRKadLqUQuNGcEQrZECUAbGNQ4hoBTM5aCyikkIwiAoQtSZLstFtrAkmlVEinnSmUxjRPLSVj2YCTxEUYh4pCNYqdKEBOI5MEWGCDIqLvijOnNkUtIQlElILtlEU4M502USQFcmSkIZBxIiECySQKCUVgMpuxkIQUU7ZaKpIsbCNCFkVRQ1JIEHIijEpr4zhN2IltjEoUJGykEKpRVBQSJEQpJWQcilIiM4VBihA5tRaEQjbIBoxAIqd0KFAj7cREwaZ2fSlVFMtFcto4IizIRCVqAWrtZDtwZkRIIQxIqJSiEhEKSQURIchMA0Ui5DRSiSgRtm3SrTVna0CpRURmQ4QwBCWRsSJCEuHEVpBOjDNVFC6AglBgp7O1dLZpai2nVBGOdGKVUiTZLlFlE9SIEgFIYSzH5FRKQqFxPbSWJYqKwqV0tYuCHBEhkTYuilpLSHbatgGRKdFyAtE0tRYlVCJUIpwmbEz5tE/9JETUCMkBJtMRAmFothMcQYJsiVJKKUUWCCJkQhCllhLVzogSKhIts9QSJaRAKiW6WqUACw3jhG0QgGtXwkUFi0wTKrXQMk3pCoDCthBSUZQSFrJkCBR0XVe7rtaiKAILoYDa9YEz07ZAsi2FMrET27aICAmssCwklG5Fql0XJYRLDZlpnAChUiNKjVBRQSYVEeM4QjpbZqKQwZhEpUiUIkdzBlbIzaphu2VmNpUaJQIkt9am1mrpSoSEM1trhMNyZoquhB0CqSCUIKaGbAekBVFKRKQUCmhKShRkO0sUQhiiIIyytalNUbpAql06hUJYDjtlp1EKKaIgIroIRTWeciQtSFsRTieepmarlEirtaY0UjoDKULONJIkgUhbRChbCxShbNROUhg7yXQomltEGEUUhaaWtUQthQisKI6QCBShAKVdIkKqNVQKYAwWpJ0tkaAVhyKMkUottZTMFBA1FFiQUSo2JGDTWpqUI2VM5iQKQlJICECKNrUopLFAGEhKqEitTaAaJUIKZbPJCJVSWptA2TIII1o2HIRKIUKSbeMEnEEgFEojJCllQVEoBGAkIiJtg+2WDZRO5KIiSZKddpYaWMYK1VpCJZ2ZxkRESCJQSBAlbQApIiyyuQSXhYVAJImhlEJ6TGc2krCbmyLSOCkKJIMzCYXCpnYlVIzsBLDAYIPTgrQDLEgDRrIoUoQiIkLBemxAKdXkNI2SMyHSKYVKFEUJJEl2SE4jA8YActpImRkSkiwJCychIkoEDTttBeEcW2stVGpXo9S07XRrTmemcYRq6STbRBC1gKbWnK1ltmytpUIgglJKhBTFmSlMCkVhnCbSiii1EBE1REhIkkTIKEQQyJlZS7UdtSRM00RmRClFNjY4jAnZto0NJUqxkaQoJUKhULilsYAIp6UgbBFgKZ3CrVkKZ1MJS4WQUARy2liWZVEICewEpJCFQApJKEJEkRyWDZIsYxkpJIugqJRaJAGZaVIqaUdgLFRrV2tXoxuHQVWyQrJRhKKEsI0sgsBGuNnYAoVEUEpIEUURgZCwI2ScJhARUkhMUytR02koFGyDZEwII4HTaQsibAtImkU2pmmKAimEFEKW3RygEEZSlKJQOgEI5EzblhAUhUKgiKilYGOnJRMlopYi0iAiiqzWWkgRpUZgGRtUIhPJIUkC2c22s9XaSTJCmU47A0HaSCAphB0lIkKi2dgtDdRapAghFUUoIqdmU0opNQwlip2tORSSVcAIgYxlWUTIUIpaswGIEpJQCWTAGSpGYJBhahMQRMupliopLTIVgKY2FQlJ0jBMk7MrFVt2CqGIkDCqEZYBIBQRYYyAUorITGw7W6YdshQKWnPLaWwZKKpsMjGEQzBNE3ZCtslErcUQEaWUtGkNEUUBLbONI4pQRIQiJEnISUSI1jIUtVbsRlYVJEVIsklNtVQZhUzQbNsgu2EpgVJKhEKlTRNgTGbLBEmR6daa7SilZcMSgEAoJLAUFAJZDtXidNrYmS2iSgaiFCmMQ2E7FFIo5LRtICQomQ0RME0NRZFCEtmyNTtERMlm3EJKkITtdGYSkZm2My2FBEhRSpQoKsK4Zcucmi1ChEqUEkFJmk1EjVBagpDSKSKdrWXaBCIkSQARkQnZWhorQkBESFGjqoSQsEIRgSSIIkkRqqVEqViIbK1lU1CiIKuETJQoJUIyYIlMY5BkYZtQy7QkIYSi1qIIZ6YzpNYysylUS1WAAbXWjEVodbBrIAApmdrUMmsplkIydstsLkUJbg2p1BJWCqVbWkUCpxHGQopQprqK7WaFkDJbtoxAqhItm20psDMpIVAJUsIi7EyIUpSttZYG2cZRakCzJTuFs9QCykxZTRkAkZkKbCtKkSSBp2GMWpEAOz1lOkvtWptKLaHibKWUzGxTcxgjKaIoAixLIfA0WYGz2SCyuYYokWObyFoKRIhpnJBKkZAlge2IyEywFKGIEpk5tQmD6bpIhUxrrZQgSk4TBrAIpBJubZqmqWWU6GrFihChnCY7otgphYWwUDbTlULgZoNtEmMVUNBMmMRyTlYJINDUplp7PKWNFFGNgRAAJrOBkISbU5QiMm0owdSyRKgWZ7qpFAimcSq1OEkTQRAtW9olZHCDsFScSWaGCmQSQabTGVHAEmlhIxs7JTsiIsIQQURMYzY3oa6WUurYJuxMl1IkWnMpEhKaPOGUamKM3SJCxpKxLGgiGoQtUK1c1lpzYqckhUoJQ2tNdqWMckhFtGaVANtyZmaTlJld33kSpYkAMlPCaSShxJJCpCVcSxmz0VIRgGQTOTUrUSkRxuN66LoeJ0JIpQQyZDYhk5mAESVKayksQxUZthUgnGmFmh0oFIQxdmYiCSSBBUSRGNdD2hFFITnTVgRWhKaplSilVLs1JyAkpyipFDIGuq4ahDKzpaHZlFIC0jYWwWVpcJauuJFOCTkUbi2naVJEV2o6MUjImGlq875vpnlyuirSNI81aum6ltnWo0K1FoWmtKcWAREtzdTU1YocUqqRQsjISqbWRKgGdpGaLYhSlKRam7K1VktXa2lkG6aUA0qpkqUgFES2lnapVdCm1lozTDkF9LNZGiUKZ9qSM4OIGkXYqISsdFpWY8oWopTSEpQoCgEGJYmlkATpqaXsiEhMS3VVJQSZzmGkKqQ2OSpKGYyFgGkYS1dsRQRYisyGIqTEtoEQIGwL0jIqkTbKcIBsl6K0klbUWTkOYwBFIQlwJGRmKfLUSq1IaTstOdNOz/qeULaptYyihGwtFCWqAtvjOEmkCJcIgUwTiog0OBVyOkqIwGljm4j0FBRaa3bUIDHCjhISmdmmSaEgVCpuCTQTmIyoZKYCJxAROGspLXNqtrOWIqmNE0hys2upCkO0zHEYIjTr51ObWqZEUSSSCBSBFdhSZGZ6EqFQoOZ0upSI2jndptHQ1YrdWhrbQIZKqZFpZ4YicWZaBCEpBCHSGAShNma2lmQtASJCKCQAkbZbQ0AoVCOaGwlgAdHaVKSQrBLylC3tSkGkU6JlRhRsORMhlSjG2G2aMlvp+qJiNRuLYtmKwE4rBDbIQDakNISipSNAUoJNEXZOjr7gyGmMIqzMNrRWFcaKKKUInAlYEWBZEUqnkCEUxnhMBy6lkhYmpIjMbC1LyMZ2NpcapZTWWmtZupBBUkZzS9MFVhgDYQjZQpZt25blEFbIzmwQEqFCOFtiFOHMCKUB2ykFSIEQLRsJIWlsY1XYimJRCITSSarWSOc4DTUqCuPWWo1KRObkTJUoKs1JJlJIrTmnSaWEUqWTPYxTBFIRBkUIqUSMw9gyu65iEhuK6tSGNrZu3tVSnTk11xqZLU2tJQg7LTyZKiUOY9OkkIrSSYZwIwvR0nKWvkxDa04pQnI2haYpJdVaQAQ5tYhaiiLKOA0hgaZsglo6p7NNwzT23cwFTzmOU9fXrtbM1lqziVrCpB0RLV1CLVuJki3tVIBKRGCXWqYpsZGxiRJYKpKnlqTTGVEyx4iComXroo7TSMSsVqNsrZQYWyMtEV1FYposCSfhKaMo05YAt1ElUCgdJYyKyCkz03icWkhd3yGcTao4jSRDKZ/yyZ84ZebUQOCpTaAoURTYkpEkG5uIEiVUFIQiwhJK21MzsqRQRKhN2XAhbKebBJbSJkt0Jm0EiIJqKYrINimwLWRcQlJkToFASEVKu5RSShWAhWophpYJFiVFILJNLUtRiWIbKCUSy1AKQpZJbEogkEJRokxtbJlStNYsz2pHKYBbigjJwsaoVFomKDMNIatURQVHia52bpl2X2utNSJsRaiUkk4bARClgAiAnNIywpYs41KLIrCN00YhKUpkNtsEtmuptRaTRm1qY7YuQoQFobQlTdOkiJCm1tIYT2MjWrZsmUVYCgCcGqcxnaUIh8JgJEVgcmqSQwWwHRHYU2atFQhCoczEWEYCpnHKzHQKVEq2dGZaTuMEISlUVCKUrUUpiiIsyaJGkUBhoUAUO+1UlK6WAEtViiglona1RACkkrQzQgoUYQRgI+wECzfAgEksMl0kQiFAISFIwKimMzClqoRCbcw2jSDhKFKEQqEIk1MO44S4zChsRQk5QW0akapCEZKRbUWEADyOU+mq0woFUihttxYlbEQg2USQKdtSgCDBShsNw5DZotZSCybtllOEiGInSdcVkISMjUqQRFEGQARGspsbVlFJJkUIRUQgCduCtA3Y2VIlimQbEYqIEuEoxcZOlIaQJEUttqOGQplZSrGULbEzp3FsRaQJIhQts6WzJUiAlK0JkU5bWMiZIVoSEbVE6UobGxiwyUyTEVJQVIAoUkiKomIII1klQEie0lIJRalFRK01RCnKdHgcR+dUS5WitYaQwNnXzkQtxRgb2bZNlCghIdtALaWWmjhqkRGysXMaJ6eRp9aAUPRdJYoMTmezQZRQUKzEbmkUYbmQRmlLoQAZlSIUIaWNZHCz0wQ1amKAGgQ5pQPZGIVkAZkpY6FQNmdmpi2EAhGSJLmoEA4VIXC2lm0KBICzJSaiRJR0llAQCUJR5LTdIkJSoBIlAmeiYhFBUbEbdlppt2kSiggLO6dpij6y5TQ1ANOmFDmNU2KFIkqUYls2ovS1SApMIK/X62kYhWqtpdRhHLONKYmMCBpTThFSlEybtG0lwibkqF2NolKyjS1tZyNFhEL2OE61CylCkt0y25SKWkLCSIIoBZFkEC0TnBDQ1Vr7HpAURRC2u1pr6SQIIUKyCUkKp1tO0ziCBEEQtGyyIiSFJQVOG9eIiLBlybZxlCpLYFvIYDvtdFqWbWdzSiqlK7VGKBTptEksLAsZVBQNT8MIRHROZxulUJVTtcq4qESEETRJVoQlSQUjEYGzpUARpRQiIkIht2xjsy1QhOWiIgTgtF0iIoQFKFRCUYpsJ4jWmgEokmDKKRCilFKj1Fpw2gpJhAoRElgUKW2nMYRAOU1Ta7OuA9rU0pmZIFBzwxAITS1LiVBRCTtLFGwb0iYRtatA8+R0a62lCaWTZkK2I0JgO50YqShAYMCJJYOtYqckRRjIlCDJzCilOZ2OooIUpbkJEZqmBnK6ZVpg2zISAIFSkqw0FJxAKEoUS6QlIYUAgSSX2kVICilKicTYABKhUkJREBGEMCCXCIFDuNUoKQKMSazmNFJACjeDTNqpiGzOnFRCiMykGQe1ZQshkGSjUN91IU05df1MSdJIj1MbhvU4TQpJtNZKKbaloKiELAKXohph3DJtiCgRgRQREUJglCIkISNwSCoRQE4tcxJqrdkNg2Xslm1qyFGqZDeQSKeJIpUqUCAJO41EYmMadtoS6ZRkQFLmFESEsGqUQKVEaxmBUAqnFUXIWBE5WaWWIkRISJLLJ3/yxwuchMBKO0KKiCjOzDS2RERXRNQShIMmZCRhW6WPYlQipFAEThuwARQq4OaUQiEZRWA7TShKEZmAlDlFFIRba82ypnGyVEoxhIxCKSKypaRaikLNblOLIFApJWrBlBqlVKHMzJaKcILsZpNpIiIiSgmQChGSoKilBbXOJGdrXd9LamQoJEuyHRSRkUUhEWArREaJqhjGaZzGIigFgQpOY1lgg+0SnUCQ6dYmlVJLCWRACAWyjQOIEhLTNDkbUkhRSlerkKLYtGkstdQSzXZIgVqChAlh0iZtHIoIGUhHRK0dVrYppSrVUiTVKAqEpIINKhHGUkSRk3RahFRKh5GQJTIhM0MKQhHIGFkKWbQxFZFuiohSZIzBikgDOLNlA0sCCCDsJlRqpzA4SsGOiKQFJdOlFrBVcEOk7ZYiiMjWMsFpsqiGNLYJgxSBbTvTuE22pbAbVggcmZnZpAgJpSIihD2sV9M0GWpElEIQKjRam2xThCUpQqBSIpvBDklglVotIpQpEsJutpsTSSWqAkkQSBJp0mQmOEooMMIqELUIZ1oQpfS1KzVMlIi0w25O0i0TN1EiAuRMy0IIFUXUdMN2pghJkpG6Ugm7Gcm2DSIUzsx0KSELkKhRsRCKopAUObX1et2mBs6RIojASIoQigBFWFHkllNLp23U9RUsKTMzm5CkdE52CWQQBLZloTTYJi05KFNraWrpFG6ZNCLIRJIoKYMCIgI5p0mi1C5bcyKhUmoRCiyFELLCRmEkUBQAEqLrKpC2wdmEJTDZmo1CtVaFUi6KEiVqtTMcNmNztlQVUkjmMilQ1FJUSy3NKWSFsKSIIIzVDE4VGbsBKMLGUCSEWzqVaZxcZjJtJZA2VVJEG1vScJTQ1Jok2xIISwEgg6BECNmutZRSJNkyxjLONmIiopYaRUillhLFVpsmAre0UFFYKrKxIu1QcaaQcaaRimTITBIHIUIB2AYbPGU6S600t9Ysaqm1Rq21dF3UgpFEGuG0FE4HgcAIwOMw1a7UvpIQbtPkdEIpVURzcxJRkE3aSMJhZ0hGYTcnmZkOlSglSqkhSxgwljNLLemWVjYiLIoBuaVDETVCkXYRmciglKSItAOZkBwAslo6SaZsrTkiQlJRUTGKiNLVUkrDoShCKHGhtGmSJIiIqMUAlggCOccpcZQq5+SMqlCRIhSZThtFSBFSSNBaNhsIqWVr4+RMkM2UTQqSkBI7W0SJACmk1ppthYxxSwAClVLsls1SEQjSRkSJzAyEkWzCZCkFBICRjLO11iZDqEgBTttOlSKrZZYSUQpGkjOjBFIp1WnjUqsiFChKhKQA7EyCywwyqrWEIkJGoBAmZQQQpUYpVmJh2y4hUIiokc22FbKdacLTmJJaE54gIsJYIIVQOp0ZJUjWbZymBHelqgDYWGQiAYGl4kBIEkJAphMTbpkRqlGIUEgiBAos3IQUChMlEBGikaQbRQVaaykkEUW2W2sE2IRqVw0hpIIUpYQ8jM12hFqmjDORBGBChhBukoRCEaVEpiVK1OZ0y8x0KkkbSWnSFgaSDEUm2ZrTkmRbSkQ6ahESjlJQCJeuC0lCISmyTZktVEuJDJOedX0pxRAKSQJIQVJMinAmEpKIGhEhUIQsOdO2sRvphqWIWmra2SYHoUDYVlBLKGQF2E6wSkiFtEUUBUopnEY1IkrB6UwbYRunS6nN0zROtUYpNcFJiUibpBRshxQlnK0lJjENh1RKoBCW1DKxLRcJgMhMTPnUT/2kiFJrQbRsgpAwdjrdMjMtBAYB2JkpMJ7GydlCRMHQWmtuTqQoCinCsq1SIgDJpDHpTEVIOGmtySqlA0uByEyMUEa2dFeLFHaTlElEqIAjM8dpDAVSLbVGbW7T1EopEUUQpUYoQjYh2SmwUxElIkpky0xKCZucWkvUEiJKdCUazrQAFCIxOFG6tTYpCkJyiUASJK1GTWkaJ9t11nlKG5wqFMKREBI2ZGtuEiBEiWhpCZBtQ3M2twATIm0Zh4oUIbXMBGxwthZRhNLGlBJOIymcEKUIQJRSAqESEQoCELZJO0mVWY1aQhGKRAhJWCZJ2ZZkW2mpZCaknc40KDS1NI6UJIcDotTSVUNERBRk212pEQo05kTLxLVETpMCS0opDG6Ts7nUYoxNGCtKCdV0SrYkKSKQTdopyZKMSokiDIquqxESipDdJEEQchoDRIQU/WymIhsbACGMFRFpS8ISVpRsrUTpZn1ISEGkEqMQoVAoFJIisJ22DBLOTIWQJECKsEgEIBQFGUOmpJRxAiCTRZHYmSLstG1sgSgRihIExlAUYCBtQSkhBY4UZMvMUsLYSIqCrCTJ5lKLSsGZjaghyQ2TgQgyrbTtUGRYKgorSkQBT5mIUkKU9KQoIZnoum62MYtSBBBgsJ1FBQGIIN1aK6VEBMY2kBgopSJLKqXIIBxRopQoqgGBZNuSSmltilIlBISCQBm12g4VK+W0KFEVYNrUEhBgMFYUpMhMCewpU2Iap9YmoChqF6HIVLrZLlEUERKiCRFA2s0piBBJZiKBs6UzjTNbZrMzIkIkCiEpaiiKRMpkw4qI2tUARTF2A1kQUUpU280ZkhCQOUlSKAEsgYXAhEqREGmTdgkyFaXvqk0KnK1hJwIwIbAk4WxFRVEAELIThYAQtqcGUoRsnCBJMlgJOBOIEk5T1KaWzbZrKYg2ZdpAIBSJJUKRwmkhCUul1lpCUVSEiIiikFRKUUTLNGTmvJuXojZl0oJACkUEUxuRSi0RJUJd15VaSKcTA4HASAgpFBHCtrPZmSUiikoRlsSUTiemqzVKRARgY6eVoZIkppQSRIRKUVEg0okRNgoBSEQtgUoX2ZStKSSU6dYmN0cJRLYkiVpDAgHYBmNDKbUKojizCFSkENGyGUQM0wQORbZmbAssIgJDrcVomkapKCJCEUFkpktEgKM4PU7T1FoJRTAMwziMEQGKCEUAMkmWKBEVbIgImXRm2k5sG0UppUYoURSmqaVVpHRTKEJFBchsUsGsp7WkUJQSiJZTmmkanITCihIiBNlMRImQs2VLIKIIA84kiiHTUUIRUSIk5EA5pSKwJWWSLZUolC0RRbLIdKajlKAgh4UcKhKyQgoDqIZNKaGQDbKEAtuASki0aYKM2pUI2UEoSgBka9mSrhabUtRFUYRCwtlSlJADrABLYIywEwIiwmkCjBM3q4RAgSDTEWG7diXtEopaW6ZbMxhjR4no5UQiStggigppY8JhbALSUmBSsq0ItTYBJUqEJGEThcxpbAIjOzMnSxGSldgNhJ02lsERgY1Csp3CctSuRISx07WLUImooFIkK9MmCcjAk0U4MC2nNEUls7lRiqIUEaUWBaBsaSBtLAXQpnWJQLR0qAQCWto2gJA0TU0yKKJmpgIEtqDZEcICS7JRlEzsRIgSEREhVLqwcYKxW4JsZIFNppEkGaJEoCgiRYRCiBynVEYoIrDStjMdLdOgKNiKgjGWwk5QUZQqCEFKAUIE5dM+5ZMrOISpJUopCbVEJrZrV8FRArBMmoighEgkubnIUIJUBFiS0qmIkKbMCMIYgMy001JFijDO1tLZnDWKgmKlTRqi1HBrptRajNuUzaY5igjhBNUoCkdIEYrIdJumqbVSZMA2TrsII0OtPWnbErKMm5MEk9mAhNqFFGOblA4ps03T2DIlZQrnNIzjOPZdX0pECWOQJSHbdkqqXQ11JUQQEc4cW2abJEmhQKWESSNUa7UtCWNQRAmFRGIUBUDGUomSORlCcksbExJIbp7GATlUAGEQSWY2Q6grRXIKhQykENilFiNszDRNGIJsLZ1CKlGKMMImbSKwiVCUUmptU7OtUDoFhGopgGVJZKbdRUVgUGJJAHbikCGihNKqiijCTlwjSi0gpBKBAiNjLFmOiBIlJKWFVRSGtNOJjS2hCGzSU7aIkCIUipABlQgQotQSEZIUkshMSbXvSym2BOA0TikIOSgSoUinJCGhiCgqEYHAIBKDjWotUEooUCaCtCUJYYpUIiQ7cWYpFUkSNooIBRHCNgoVSSFMKNOBIwoIgYAUshShEsIoIopKSFIayc6EKIqo0aZszcYWIQEqIQABkiSVEiZqKaWUdLNs42wiohRJgGQnUUNOiCLVUgwqku2WtoVEWjJKXFE6bYObs0SJCKdLLYCEQiVKa1NrrUaBcLPTIRFSgoQgSbuoGJcoBkUURAgpJJm0o6ir1UYRwplWiVBYlqUoYFBmpg00pyxEWhGKKAoZSbKSlqBSa5EQgQphjIkSJQIEZDpJJOGGhUMxNve1RhQ7W3OpERKIxKQlgdKOAApq2dLp1kotkhRRowgDJYoLghC2LCuJAEsREeKyCAgUXdgWmbYzSqdAIqKUKHYCXe0x2KHINjkbCodkZTZLEQJjNzskqdQaCAxOJ7jhkm0iDWEMDkVEgAIcFIGJUBSFVEqRlLZERJQoQZQaCkEIwEAoLBUVYwMFEZLblOnMcZqcU8sGOFGU2klGGseJRFLYYxtxJA3LSKAgIiSNbRREqcYRJSSVEFIRWAoIZ7MlpRSE3FIYO1szBBERNDdsW3KUElEIWia2QQhoLSPkZBjHKOFEIQlJSNglikKkItTsKCoREVKoTWPKAKRtcGamWxuzOcl0gN0SFSO3NnZREQJJhiknSYoSCoNshSDsFLTWbMCZGVEjMGCXCBGGUKk1opQoVSEMElIJSRhCkiKxEAAGTa11UQ2205aUaTJBCNsibE/ZnE2llBKNDKvvekI4s6Uh012pfd9JoUBIUjZjI0C2oqiUjjBpUJQoRZKKJJjGicRym8ZsRCht4wCFJLVsxqVUWyYBKRouAimQwzYKSXLackRJITNNU9okLSdbChUwBSFRIqJ2pUQoMqfWbNI2Qi4lFCUCEFEEjpAJW+lmqSCDUEFGxqFiOxARoJZZopZakBSEwuDMNGCpIJOys2XKNpaKM23m81mESCsiJKxSQiidpYaihMImMdhOlXCzLbAgpKgVEyJqSDKIkEKSiiIkhQTQ2pS2sNOZhuxqbwwoJBQqiUsUwlhISAqJaOnAdmu2hDBIRGZTKc4cM0sgBc5szSgKNs1ZIrCnaZxaUyAjhW3AoFJLKI0UOJNmlM6WloUTE6FSO6F0c6ZQUIyd7mqHQSDZllAEmRIhgCgREdkmA3KoRDghCMIoBLYzW7NlFHIa7JSqDLalADCKUiMiIpMQKpJC0NeCFITD2ezWSpQSJUrYINwyDZIh7fIpn/xJCNKZmbYAO1vWviokSURYUWQsyExJBtkR0ZWwcEuERS21lDJNU2ZKQoqIqbWptVJKiQIqiJAkhUKKUmhkNkJpZ2aJQoAMpVYhMC2tEJlRCsjgTCKkCEVmczZJXS2CNBGhCFnpplSmSwnbcqZTCmGCogKY7LoaNSKEGdvk1qIWoSgFCIUUVgaUvpt1XXMGYWjTpFAQkm1nuhRhIhQlptZyas1Jtqi11uJ0ZrNRKLMBYMuhkJKUQqFQKFs6bTtClpwZkjMRpZSIQIQEViiEooRCcokAIUUoW5ZQRZnNKJAisjUHIWMpaFOzHRQ7M522FF2JcWzOZhwKTKYl5LCNIkrQjGRBuqtdqAhHEViE01ObIorAwnYQ4zRaEQqVKCVqKaFikLAgjZUmui5KtLFJkgC5TWObIqJElXAmAtu2QmmnM4wTBbVURWDSGDtp05SZmRkh2S1ticwaMmQmdsA0tpatlNIyp5YhosiZtqNENjtxWEkEEJYCIWzAtnGGZBRSRBESJp0kRASZqSgGySEZWUgyGRGlViBbShEhJxLIaYSDiAKSE4StCAQGgZsBRYSKFAra1NyMFBHgkIgibCPTMOlSopRiO4QnCESAAElWhLAQYKRQiRJFCmdrmWBB4lBASE6pteYGmZiWBkoUIkJhcLOQQplERImIEtgggUFISCHSRZJkkqIS2GS6tYyQJNsiRdRa04kIlBibtN1KqU5POWHVEranNrWpqSARESGVAGEwiIgAQISEkCKigDKnzCylRCmAM40Ao2wtnUJCREhqtp3YAKirRRLErJaopUSRQMqxORCkJCkQmCg4wYZsmc1SCVXAoBLO5sSSDIDAhLGMlDZYAkkIGFuTjIRUVDLbMIzpFiidAKLWAmBMRJgICYhaK4DCNDfbSDjb1FKhEKFwNhFRi1TSzUiilAhJCgRpJBsgQoFapk1ETJlORyBksMk2gQI3J1AUbUq7CRKEwUBLbEsCTZmEZ7WPEkIhDW3Ere/7EppyzMkEtXYGSUilFLAUtgFJ09QiIuSW6bQkB+N6lU3ZbFJGcik1FBHRcko7oShqLaUWlWIaBhMSxsLOiqZMSbUUDCAFEFI40lOttZZiABdF1AqSFKEwEWHSKTCJMyVhCSHSBto0EqFQEAoVHCqZrqUoAociAEmhKBFtmpxWUUSAM12loSXNCpUStoUQBkWJEkCpReESXdSQhClRSyBsyak2taSVUBBCCIkoJaDZSDIR0DzmREKUrqshpZ2ZxlIJhBW49jWdzjSOUmuUrpaIYjshp5zaZFwiohaDTDqdGcgmilSkIlzAJYohc4oipLQznZmyI0CS6boORUillBoBigATIJV0C4XTBiEntp1pW7KNpBLFkKZGgFIoEyxJUaRQMrTRzYGihESolFIIyRaSMicLCYwDS6UAEZZR2jIZCslCKhFh0ohSBJCUKJRACRgVlE6nbduSEmQIAYQUKs3NqSiBlZ6QbEKkjZGMHVHbNGEKlFDLhiQFwqZNU+mqEMJpSxERgZKIUISQbEUtUSQhIkKKIpzGilIcilBxIAkldmZQZEtKPI5TgkyJoIRQy7QjRJSQFCFJaSJCopRqHICUJpNQhEoJImQwCElyy4hSS4kIZwbU2pUQGEW6gUNSqE0pUaJQVISNsZBxiUByOiIsKS0KBdsGJGxDwNTSOLOVUgKBoiCK5BJKICFcIoqKQrYFqIQYxzEbUeV0NmNjQmomMwEJOxVSKbZDCDuRaG4Y7ILKZ3z6JwuczpZIYEFEhIpMc6aNkEqRbOwWUZobDUO62SlCJURiItRFiYok0grACUWBQESJ1lpmk6Qo2MhRqhR2OhVBURhCWBJGpRYVCckohJ20HKfWzzolUzasNHJEDaOIMrbmTMCWhEFOlWKpRFgEhbBNKTJ4SqDUvkbUUqMUINOhKF0pETJpR8gGG4UzkUKRQBpFDQmlcCqd2VqUIKm1llJshyJqFQ5JCttpBAJRLOeUqICFVISxotaQwja4lpI4iIgAG0sRkmwCcKZti5CITl1US61lOm1ny+bWqUihQmspBFYNWZYDIbfMqY0iSq1RghKCZuyGJAkBIVKSCAQhWxiBJKRSQraxhG1LAJkuBBgiBE4noUiDjGpIFmmEkOzWmhRBiYgokAYrwpDNwhGSFBFplxIAtoSAUK1lmiaTzrSVSknRRahkJpnpzGawlSW6iGhtcpssBWTL1ihBLWWYpnAQsh1SZjoUEcZtHMARxQGJJCEVMo3AslMCORSlSIrMBDItK0rBCjBpJDkIYyRMYJWQpJSQ3WzXEi0zMyUJDDJ2YiksoYgoISJbNoORFES6GUJCUg0wmYmQAaenNmVrklBCkE4MSqftkCQw6dZaI2pREZbkbNmapKgqtVpCFmUcR8lgshmZHFsLRZRSaoRkooSmNNmMigIRURQRNZyIFCUUEiGwI6hRoxRMSCXCtm2slMFGtVaFZFSKBdlK6SzJSAQhCUUbJwSWcSARQCklCILMxM0WCjmJwE4wFmqtTW0qURThbLZtnEbqZzMJcEtLAhBpY0uBlCATqs7EKQlkI9sGFKHaVZMtUyHbTttGIpvthotKV4IIpNZakFJk2liQmUgS2FwWpYQoISOBFEJ2WIRkNSEZRSBjcEoKKe1AKhQKshwJmU0IjKgRtsERUUukJdu2MZnpZgPRIEpEkFMLFAoJA8aZNkmbWsPGZCbhUmqtxdnsBIUiFCGFVCIshei6DtxaFoVAwsg2aeSu1lDkNLVsQmCSxLUGRGYrERFkc6ZLKSooJRS1dH0JglBEKEQSAUmUkFVKlWLK1saxlhoRXV9LLQRk2opSsEspUinhxDY1ImpRiDQFEwRFYTuVsm0DKIDEU2uhqF3FLaIoaNlyaqVEKFLUKCgUkkqSrSVyqYXEQhI4kxDNihBpUJGkIkQ4FFFLUUgKB6GWLpIiJFomxrZFkYSiFIWM0xkKiVIUUUVIIqRAUQpBlCQFtjFIVYoSpRSEbaRSopYaJTAKQK1lGrsJRQjLuGVma7JLyJmKUiWDUBSF1FraGaWEBdiWJbllNrKWGlElKUJgJwqFIkJEZkYook7TkC0JyVIJErDTUUpUycKJjZ2CpEjGICWlFnBEIGyDCDwldmYqJAWgUKlFClnNza2hUCkibCIKClmqUaIYS8YmpRAS2JbTLRsoRDrAqEw5OVN2lOKIaKaQaWeLqMZRSigKMtRaKMXp1iYEiUIyINtCoGwt0xZCtUgq0FKSAoOz2QVNzloKCCFFEQZsY0DGEoEU2MLT1GoJCWM7VCwxTVOYKJFO7FIKSBahKBFErVVFNBzYdiam1Ki1BmAMaSKEJGjZIgooSadLqNQiQhKKQBGUKElGiXGaMhMUgUotKrbTrjVESLIlFAqDiiTZdnM6aykA6VBEERQprQBnpqwIEDKZk0UQpQTCAilCUkRIUqiQmdgWYUkYSSGihAEps7Wx2ap9iVKCoKCEAGQjVKIoZMC4RGuNUvpSJZBUVD71kz/ZoigoUUpFkEgxTQ1RQlJIkkgnUlFREZmWJEOks9YqHIqp5Tg1AiEnxhBRVKJCAk6nAcY21VqwnI4IgTAmSigCCEXKbWpCEagULCICFEHQDDisUa6lYA/DeswMQihJ55RIAqyQIiRFiLQhIJ0gZxqyubWWUEKZlkFkJiBhSzYKhXJKcK1VUsohQQAhkNIm1CZHAJRSQiKE5KQZCYybjQCkEhGl2Dm2tC1hN6EoyFKAuEwBSICIDEKyM21nRonEIaWxTSkIjAwBElAiJIyDIBCAbGyXUrFNFoULAjdK1NLVKIEhW0IpEUTKRUUiM0VQBJLk1mSnnc0qAjnV0mmUtgjc1apSlGSCDCBJAtJumQpCnbHVhKY2RgmpREghJEkIQCgUsm3bwokRUoRbTomRbAAkqUQtfQUJFUmE3SRQRAk3T9laUkvJ1koJonRRnEKUQtTOzhKFoNYO0aZmXAApQpmZiUJyFClJAjdnZgShYru1VksXJbCaExIAI0mSZDnTobBJ3KZmCGGDaJOTZluiRAfYtqVQlCJQOFFrzWATCHBm1BImihJCUKOqRJFKKcYgKUIRAY6IUiIkSUApJWUlCqRwGlIKEwKIsKMWJJRGJUriUNQI7IiIImyF3JwmJEVIDkXmlM0WAYbAtqJGa1OzBQhsCKQIWUggYQwJxkgY4dbSTkXYCBOKCLdEknBriUMqkkIIY4ydaTAiay0AEYoAsmWIEmGIKOBhypwmSSKEp9YIImpXS2Kao1YFmFqr7VCUUpAzSezEpIyJiDBEhOQQThNhW6QUpQbOTACSKMWhkIUkKUIo05gIZUImuEY1xkQURQAWXYlQwVhubRJIEcgQUUqt4CnHokgnCUVOIxDZJtuSSilFJYpUayChNJJDJYqEFAXTstmpCKQQUKJGKBKCUIlSooQy7dZsVKrAmYmtLBERFVsphEqo1EJYTmQIlxIFOUoNoZCkUqWo2OmU3exSqy0n2KV2ESWNWyMkWyFbraVCtYQkUDertjIzZIObUXR9jRKZSLRmO6UI3IxJAgic6TaNLbNJAkBYJLJQyiiKkQIsUClKgySDMqLYOEFGDgRSWIoIbMmKCBnbDfquolBEKKKEolQVRFGUUhG2AYWUAieWMaDWkpCEVAqZDcuoFFkSKkKGoBjLUo2CIluzIC0JSNymKd1sMp3pCCkCJNMEcjolBzIEwlzRnEqi9hgL7DY1QemqkGRUFCFJoaKIKptAttxaywmkQAorAlpLcCgIcKiq1BoRhmzNGLml7bRdayeQJEAqEVGEIhSJcaJAdktFSJGkLBQCInKaCKSSLQkiailVykQhOZ24lGI7TYBNBEVFirQjhCQcKNOSFEpbUkRgK0ImcJJghWS3TIGsTKsKokYESmWma420IwqyTYTAtlHIhCID7EwIlRoCJKEaskIKYBqnTNs0p8cJgUJgkAQoQooQESWEE4JQRAkbLMm1lFA0W5agZaIsRtCam02EHHaTgUo4oijC2CCFUFEomFozYTtCZDrSdjYjS0SUWgsIVIsI1QjQOE1gp8HGEcI4M22ZCCIikCIyJ0WRnOCQ0wKIbC2kiEBhJ5nNFnIa2VYUOTFNEcK20wmUKGnbKEKBSoSVTinccmpNIkqxjZ1IRAQ2QkSJKIhMZ9pWa2mnBDamZSLslFAIu5ZQ1Gkca4nSFTuiQlpCUSJkiKK0M9MkENBaCmwyLUIhHV66gJROQVFYRgrFMIy1logAZ2ZLZ6ZQqaGQ07YCjG1CgIxbtqIi2YoAYzsjOgUGT824tcyWUaJEIXCzQk5HDZtsrUQk4IxSAghhtWxCmYlRyDRbRWHUpqGULmppU0sbMiKGcQqiFCAysyuRThPG0zjVWoQQOTWVKFEQDsKhIOy0hmFNRChatsBRipAiENMw9t2skWAsOSccktMYBdPUSi1CQNoKpiFLSIUgxqlFEahEcVJK2JmCZpRRFI7mlAqZlqIIgyDJTJOKCjamWRGShmEoJQjJYTIUCmSaE9tQS2ChEGmEUZGzjcNERJuGbBmlIBWp1N6AM60SxraKZBvbJUII2S3TqARpy6HAnjKxJSGVElKASbeWClpSS7RMgRTCzVmiIEi11kwTJYqihNOr9VCCUmpXCipJczozQVECJNSmyaQkkN1QtKmVIiJoKKwoJFNOoSgRESXdxmnC7rpqk5mIQGkgASkUARaR2QwhRYQFEknmlOkaoYipTaGwTcjNMqWrOEUo1IYpi5GwBbaEFdEywSVKqEw5mCJnyyy1CpOYTLsopLDS6USRaamETChw2rawpVCENLXJCRFFIhBqrYVklC2NkaUCdmaUEBHSmFmqghinKdIUhaQo4ziEiopoRkQJZzqhiIaKZEcEEdmmbNkyW+Zs1kshY7vlJIVCtkFSFGFk2S0z7WyGUktmepqQFIGjFNIRsoUkQaYjhKJNjZwcBTlsE5lZuy6EG2ObhFGElAZltpz1fRpna5kSERWMILEtQYTM2KYgjItQFJNROshsZE5RAsvZCIGcLhGtjQk1SomKPGULAkwokMGZtjPdskUtGMmhQhScUxsLEV112nZODbnWzrZEWoERRkKS7JSAgEw7pyTAlopxidIyJQJaZraJUI2OkFsiFBHGIUGmJQxurXRFjYkEMICNQkBIkhT2pMktIhBY2OmUJJypCIHBtiVwOFvUisAkLtDSgCJCYTudgUoJLCszM1SMTHOzhVAUlDQMznSJgpVOAEtyI4uQak5Togh3tW+2SBtQCaUzE9yIwIIGYaFEpSCTFliSyJaZGchCEYHSLUqRsW1JUraUMDbIRooIEHZiMjOzlIptsKVITDYb5EShMAQBCQrJTiJkI0BgWwpFaxNECZoBZ45S1FIxUQuJ7bFNzlZKtW0DYHd95ySFPRWqbUAFm3GcQi61ZkubUmuQLSklDGQi2cYuKoRbJoDICdwiYmytlqKoUqZxJlZIk5vJnFpLh0oppe+qwzmlRCatTaWrVbJLesyWUik1FAqV5iRTpnlqzaUUkGzVImSwm1DLLFEk2badzghwmAyEJJSykiRJpVO41p6iyGy2EOSUmWkpOgURyCHZDOOEpqKqUEuXiJSKTURmKsgpnVYIk85QhKSIzCbChWwTRiqS0llCmYJEIadx2hK2REQYCJUEuxUVYzvHaQRK6YQiZIQTi7ASQs1Zo05tFCFQkVtaOG0uy4xSkG0JRykY2wYbnFHCgGWnnFbIRpQIowi1CZWEkGltkoJCa8hZa7EjPQkZIQdq2TBdrZYymxQG0nZzOkqRwpnICKnilpnGJYpFTllLbW1qmSVElFAA6SYEkFDlNKQUNWKcUsLNqRbUKGCMjEMyliIEVtrjNGLhJBShKMXNUxud7kpVDRFOpxvpKCVpbcpSS62VNKi5SSolcvKU09QyRCmlUCiElElrDVxqYNkWILWpIZUamTmux77va40pyXGI2mEbp1PQ9z3W5JyG0WSN2rKFIooUyiZoTkcpRcqQJk9uJUIhEmQTzlaq0krbrYUiQ5GkLRERoPIZn/rJUcOZrSUREZIDjBQlSCfpZpRSCEmS1JwkEhihKBqHMUpMU7MptcipEhGCYmVxpGmtGQUhUWsF2QlKexynACErQeM0Duu1rJZpI6dUFAWcMs1SdKVThJwohARgp0kMXa211ig1MIgSEaFwUagos5VSJDlcVVSLMAZSBIFtKUopCjmN3TJVKjbYFiGUIJMg2aASUWpEKSWiqkghCaRQkRyo2XIoCILA2VqTSCVQSoCykXYpIQw4W0qFyClTadxaFtRyFOr6DpFTKyUiCtkkIxXCyNiZRgJbWISNIDEKubk5w0TtujrrZn0ACqEISwEWNDtQkhhZlglC1UVuCUSJdE5ja25BJRxo8hQpLHAmlm3XEkIhKSRhJEkoipDItE0oIrBaa7VE6aqgZaYTJ8imFoHsRBZOG0AoJDtKlFolOZOIEmXKUVgCkdlAtUTpwqAowpKiRjoVitIFSCFTokQp2NPUFFEkjKRA0ziO04QkwHZElQhsIFHYxnaAJRMlsCQRhBUlalekMA5Cku1Swuk2TREBSFFqB2ABkKXUqKWlBQgZlRISgHAmLqVDYMhMO1FIFEWEiiKKIoSztRQ4TYlaJBdnkwJkXKLa6UyV8JS20y2TUqpC2VIREZbCxs5xbNPUSkRXuxIFZNHalBCSrFC0TKcVYGfilgoponYlmz1l4oiIWoWkMBlRpBLCprVmpyRFKCSwScvpWotBEc5UQAlAEYBsu4HG1siMEqBaCoEbkhRIFRtRaymlAEIEoVJkIQcyCERIkqIEMqI12xlRFGFSBCEJrLQlRQlJxhZhlZCNndiZTQ5KFFAIGwRuk1umImooQSbTko0FmMyWNmmFqgIJJFAgu0ZJjIAQSHI6pKqQlCJby5YSiigliMAYbCRCRYGkAEymEU4lzsyCFCKNkOTM1qyglIgoCBGKUkqkmaZxHKZ0krYdEiCc2QClCQnSNoYwaaedpRaQbRFTpghDmCgyEqmIWtWmJmdEoRQ7x3FMZ6KIFNUydjPCIEQpHYEiJDmNXBAo3YAIsDITIIqdEQJAUpgcpsmtgUKoFhFC6czMUkpR2DbKqSkCkKJERChbYkotRUUlohSkNON6DepqdSa2kcLGNiZFCE/ZhJstKCWkcHNzIslOY1s4M+0spUJmZqllnBqy0kLG2ApAEWpTUylBRATG2AkBaYOdmWCMbVvRMkGC5lQppVZJUQphEgVYqTQpBVYp0fVdKDMtGUVRAFIoVKXJaZyZBnBzBhISGBBGOCNqqYVQEK21qU0hlaKwbBuHFKW4NRHRVdkqIdsQAESIiBpqaWFAgEg7nVjI0zBRhQiTItMKbCkiogiam21L0zBiyIwoUSSVFIIoUWoBCCmELUo6aylIVQIpQCpRCDuppdpWhJ3GKBQIARbY2VKhUAWDbZLMbJlpW5KdbWylhFBrUwlZliKNPZVSi8JIISxnShhJISEEdF3BYIcEDqQIAwZJok2tZQsiQgpsGyKiRAGclJBtA8bpwFEK6ZQKas6QlNiOkE1EiWJbihBFcmtTmiIhslmYkBNEZkYpwpZbOjNrLdM4TdMkqTXLsrHSTmRQSEhGElK0cSpRMp1tammREECppdYISUQtYUshBW7ZnBJCUUKhIhkCpdPpqF0pTGMipRumr1UEWEVONxMCp4Ql0paQQqGiglpLZ9baRTBlQtoKYSyVgJSEhcZxjBBIYKdtQtjgtC2cdpKtJSmVLFbSMEQAgZOptTalSkREQZIiBICQy6d96icrJEU6iyJKSBg7E7coJVs2MqIEUkRmYkgQkpJMp9OtTaVU21GKQq3ZmZmWk4QAI9kQEaWUUExtbGlQhEpXUQhauisFCUsSRXa2lhFhO1vazcbYdnPaqWBqzdlsW0i2HVEUwjiMLUIiKFEDEwjJTqwoBadCUzN22tma7VAY49bVzhhFiRBSKCSFnG5TKqVSSqkkLZvd2jRNzQRIAkCm9AUDoIJUFZSQQlKJQBFGEQawAllGJaIlwlJptkBIAsARJRTFrU2tERGShSSBwW7ZEgyOCElIAgBnpoWmnIpCUUXalBBFKNrUQFFCUsil1CQjRSgUilIU4MyUjGQTppQiotQoEYpSIoqCkBMJSSEpKoEFhI2EkGwU2dIkJcIRYUuYUC0REm7YacJpAhEpQpRSIySKcAmJsECBMQ4JoxB2iRqlGgucpEIhpQFbJZAihEwtBWM5Ipodsm3jErJkp5slCEeUQhiDpSAiRLa0CMu0lIrk9DiNEVGiIpNumaWEFGQDknTackEpiRIlQBEFEkCSLYWNTQky7UQFWSZbGiAkGQtCADgthaKAkaeWJYoUma61RkRUAUKZE5YEgkBomkYpioSUtkI1SkRAVhUV0sqWrY2ZWUKKiCJFYNtpm2ZFgDJbYrIlGVFsTzkZl1JLATO1qZZSS5UUSLWoSIQESlvOhookANmJkAJB4loqZMuWLUspkiKQKVWJioqkgNIVRSCBcYSQmFpGAIoSbglh2U4CYEqjKETzhFVrwWQmJm1MiNJ1ZErCgIybGwkyKcs2IRUcpYgQqISQwDgIjLCNAiJKKCJKKSjAtmy7ZeKWlCLbgaQCTsCohOxszYgQkoQxKWSjKJFGGBQRMikiQgiFLLANKAqZNijCOAQO5CgUFUXYTDlmChwRpZRAtiRhm3QCxsaqXVEoSq21RoQC29nSuNQiMLZxOt1ayzZNlAgUIm3ZtiNiHMdGk0LYNgQ0RUmEVIuiRNfXqki3omIypzSWhEC0tACJzHQLWarNzc4iScWZtp1pURQlRATGTgVuJkMRkhTCIDInZ0YUCJyJ7MREuKWlCGEAIkopBTlNyySJIE3tilDaQAROO2k5BqES4FBEhEoUIYkoJnGEpQiTbRpVAmtqDSGVUqJEmAyRYCwVFUA47aglkERKkZmKgpROmeYMBSSypKk1QUilhpGghIQk2ZnNlgFwiRIRBUpIEUWBSldLROSUU06GGoEwJkJg0/ezkALs1uwISUrbzq72DtrUAtm2LYFCyJCYMMakbULKRBJqJj1NdkhRaohMA0bOnNLTNGVmRCkiSlGIZkGCIBTOFCKMCYE1TZPs1qZ0EqFQRETIVkitNQBJyKQTFRWVlm2aJktYJsMo7MkKkKaWESolSLm1NjUgaqE5sSJK6YoUBSRJEVGjqka6tbTtEgWIEgBEEARgpQlFBGCnUGaCJJAE0zS2HKUaEbZNhmpzOokSgRSkiSAQRYDtNEqrBFh2hgQCiChRJAVOFGQiLCkUEWWaxkwpBHaSsowBO21AChGkEpcoEkI2pQhkXKMEdqIIRFGEiBoKhSIkUVprmQ1cVREhC0VVplvLWqLUGhHgkIxESSciRESJUpwOEaUYIjDYVFULYZtsU7rZCITApXYRwiJIGxPgGkA2p53ZZBSynZDZhEIFIyELiFojhJAE2VpaDqEoEohauqghAFq6L12UEBgbhVAUshFFTkUALRNJUgROZFKybRukgHT5xE/6eDcjQihk01pzJlIoLKGoEaFAtp22E+NaqyQscJJRa0TUUiOKcQFJktJpScUYRUQowKK1TFyjlBq11lChqBSN4ySofSmlRhShzAyBZGxFKEoJRcgqBCE3IUsRpStiaqmQcZuaShQ0ZQohQMY2YKOIQIpKpiNCkNkkCUWtKbBzQiUIyJRCAmwiJIydUUpEGDssRddVCAIRMiCEQIqIiFCUEgqkkAAMArAQFigKQBAEEqKqGDdPkoRqLVGLUGtTGydqlBI1KkKEQUkzCEFELSVAAgGlCDuJiDTDNCkQSCGpOUMK4SQBJ2REZ8gkSkEutRRpbG5tsCGV5NimNCVKlJAgGaYxFIoYh7VFEIkjIgKh1rK1qbUMCUgcQoGbsSWcgEoJsCwkhCIkTZkFRahNzSixDSBAOEQiUiUkOWU3HFECWVi2kRXh1qYstdpWkAqnQZZsBIiptZwaKEqUKFLITqMgUY1aIkqNEhEKF2EAsNMpC2yXWpEUkAKHZGFnmmytAUhIIGQpFKUgBQBOJIOxUEgIUhGCqEWoObO5lAhBCskkkC0Bh4QQBEGxMYkzVFRozbLBtjOdAkCIEnKJkqASOLM1USKwjAVqmSBna+mQStRpmkotnqYEAYmrqqTA2ZozoiIZStRaSkSAGzgTk60lthQKkZIkwJkJwiApJAFk5jCsQ7Xra4miEBIp3GxCAgFRao2QLEUtQRSlbRPKTKctSTixndkgpZCQRAqMwS1tp8ElAoUTO5FkSqmhsHCzDSIzZSFhCFpmTpk0RQGhJAKkkFQUITBOsCyrRIkSIZkkRNoowhEBlIhQgEpXCIUESBhLYTuxk4iQ5WylRERECUE6JQlFJykkGZyNxuQUAFEVVmZKAgGZKYhSbJdSwdlMGlklQFEK4GzpbGkhUGZLu3YVpMB2OhUGgrAdEREhRaaRJSBC1FoiKgjABkVECUlk2rhlZrq1cZxa33dhAwZaomhQEIqW2TJtSyEJI9GyZbOxm43ATpxELRKIiMh0RFFIikDNzeA0oSjR1SIJSUFmKhSEIpwCC1CECFVC2A7JGEvKtFtSCJuQoHYVwmmnI2hJBAZsokC2lpIkRKTTkmyBQukGCglJUteViBIqyKDmFggFEEQUlQgIlOCIELJtT1IRSMYgVKKocJkUSM4steAQxoQCixCotWZnLV2mbbI5SUeEwoBtAmPIlrXEmIlxGlxLVZQSqtFZzsw2pVGEcsqQECIhADuRSwSyLQW1SFFCgS0kAUiyLUAKRSlFYCd2lECOKEUhSUUYpIgSERGBwKgUQZKKELIxxrRpihIhlVq6WtJuY7OTNEZFdpicppZTpo1sZHkcppZTSMZGwziqCCmdRRGSEyLSWaLUUuVsUEvB4EwsFFEwxrZDlNKFpBCSRETwLJYkSTbGQCZOhxSllFoEmWnUlb7UUkJC2awgWyNUgZAUgU0gYwsldoLIZpsIBR6nFkVAZgq1NMJ2gCVsRbQ2FYWFEGAUSEISUihqDaOwCakoFAKEZRHpllOGwgRylAgpShWUUhKmsWFLsptQjeoQdtqlFieZGRGEiJCFbEn2lKMsnDgibIPCGBxR25hSYCyXCCKcbpm1dCqyEzAIwCqi2ZlRQhG0zNaiqNYuJEeVnOl01oiIYkkFUVQkZAySUQEJFFFKRAiLoqKQJKkoJFtVJAAhCSkatimlSLKxKGBRIlCApZCcaZUII8hQ+eRP/HinSykK2ZaxnLaRMOGWSDK2wa6lSESAQm4onAb1pctMSc2NxDJQVJDAmcq0023KYRpaZt91dopQiTRTG8nE0abRZJQqI2QSRe0qJiJCKiVCIUUoIkxUhWzsDCmlGqEQiRQhEVKakFtObSSJUJQuJAkkWUERKhGl1giMQYEMIYFCKAIbhZuFbUcRUnPaVkRYhLBDEQogCkhCSDglAQaRkrIRisStpZ2hILAjoLVJGQ5bkkghhVCJYlslAhIighDpbC2kNCadUCJCkqbWIgKjIksCGyQMRRGqURQRRSWULdOWsJGoRREhQgHpkBxCCtNaG8ZREFLUKKV2pXZdDUgghWhji64KMt2VYhFSRAgS0hkOiWzpdFipDAWICCEUIUWEjaGljRWyoghCbXKpFWfCOKwRtVYbZ0rR0lFCkC2NSw2n3TIz7ShSibDAcrpEUYmwRUiyEIkFgQSpiFA4bSc1hEqEAachQlBSYNsYSyKEXaJadmI3RQm5AQarFFnCKBBkWgrhdGILAKcbkAk4DUgSAk1Tllq4LNNpS6BiACTJkkqpKhEKEcJyaxFqrbVmhbBbNogopU2TrFLIzNayVkUUrNbGnFqoqJaQWmZm2kbOlk4n7kqolOVqmdlKqRJSiFABoxJClmRJArXWIkKhHF2qnAhHCYg0gaIUsCGRLduybUS0TOwoNcAtS1dDJbMhYUpXQgURqKVFJrTWhnGqJVKB06KoZLq1bNMYkJnNrZRozbUUgpBaJqCiUFFEay1EKWEUqJERCpVSApxuThMqXcHC1BpYTZYJCVGQioQAJ8JyEAZJzrQISRIomtNpS0y2nThQIEepNRTCBmRbUoiUhI1CUggMKBSSpJAzAYmWLTNtYUvYUoAkSTizGYBSIkK1BDBNg6IAmRSwjUTIJqKAjZ1JCBSBogihKAXAtiybIEvpTGa61qpQm5pAwpadRcq0waAAnIkEQqGWWaJ0tdZSkYAIVZVmSq1ImYkJ0TKztVDUEiZLqJSqEM5AUcI4ImotipAISSGBbaQiRamhsHNsUyBLEXLaJIqiQMY2EpYis8m0aUREyM4kiwKE3Ey2BIHtBmFQ2tgm0woiAsmZKsGUtXa2IyQJg8LItsBOoJQoqoIoESEhm1ojJBKCnDJJhVpmZgoZHATCsixbpRphkEFRwplFxSIUIYFKKaVKAMZEBDjdjJ2ZzhoFoRBgGeRkapNbM1KkFGlqlNpX2RhnZjZFCLVpcDhCZJQubCKkKJKkcFpQStgkFlIoFBCSBKBMiCCw7ZaIqCVCQgWmTNum2IkdISQFJWooFHJr6SQisSQ5pSAUoUBpIiIUQOlKrR3C6YhAyszMFhEK2elMm66WWmuEbBeidiUUijBpE6GIIsKmdsUBTkm2a+3GcRzGEUNIkDiQJOFMSyST0wgJnJiwMh2lgG1nNmEpQlIoogoQpRQp2thMSupqIQK5ZTNOZ2sJlIgUCgFpbBJkEJIiFFGEoguZsVmRpXTYgJ2Wwy5djSg4JYGdRClFiighFFFL2LRsMulmhIRkLMBKJVaJUrpqXEoHBqSQoESA7YRsrYKKnNRaay2J0ikniYqwpYiCQQgbKKFMnA6QlDKE0pLdEqEIFWxsp1MWoEKICGWzTYkoEUhOt9YMJUoojBXhUJQikKAZkOi6mgY7Qph0OltrDmMnSITAiZXZMqKIKCWas00JRGApRyMrJBkbEYoSgbEMjpBRa1NmVsXUGqRKRESkCSGcWT7j0z6tFJVSjG0LolYZWQqUwqlSTErCssAgyUiBwFYpU05RBAqRTjcBrbVaKrKNSEyUElFKiaAIGTtTWFZrTk+GYT3UrkNOu0QEJCgCENgNy7TMTNP1nVsbp6mW0jKVJsAEoUCSZRFFSiEETG0wRMFpcERARinNDZNJTi0iLGotloQRRVKEjEmVwJYUCpw2JaK5ZTayZGZCKQI5jeQ2GeEEhZTJ1CaJopAiiiJCJQJFkJmtJUJQSmQaFDIg7MRYSBEi0q2Nk+1SItOeWq0FCWdi0qVE2nKEjCUZk8pwOBwK3FpLJJwh2YSIUiCMjQ3TNEZUwTQOLdN2SKWrkmotpZQS0dJ2ZsvaRZSSpG3sEhGluqWxRBq3htSXTiVKKIqwJLAthaJAOqcpIwRkptI1CoEEEdiSSlV0tViWW0vbGIKQSEJutkjVIpR2gEpJt8ysNUQoSFsKt0wyoqabnbZtq0RRRCikqbXMTDtAgScjnMYYMidM2gVFiYgSikA2AknYKEISsltmS5uQnCHJYSOlrWlsLScpIiQUCgUhkAJJUlHmBFmighElVCJKBLZCCtUozVZQVECy0s6pOVMSIUFOzVLfdaUUY1mEIGRQIDU5IEopJQyCdIYKQlKUAKuUIqIU4ZBs1egiJGQyJ0cIwLYIKTNll6glomVzJqFsDVRKBdcoKKKAZRssgdRaG3MKUFCjRESppda6HoZpagqcmTlhZ2sYhZy2sF1LxTYOSTaExbReh4gStVZJUoSiiGZnS0woAEOSsqOolEIULmvNERHQsrUppbBo2aqKSmSOWKUWocQlSoQUkmWnnSYsh4SNrAinJdvUEoAsiZCaW0QUIZRYODOdINo4TZmQpBEkza6KEqXlVFQUGQiwXUqhRCAbN7s1B0VVcqgoHASQJpCdrbmUmtlANQoRChXUwLhIkkTkNGRaoqtFBLIykrQdUpQqExJSyymiRJRMbAtP2SSlpzRIxi0dXZGEUyCLUiSRGSEAo4gwhpBCxTIOyQIQpPDUMkIiEJkJCilAhKQ0RZICcNohgTNDoZAzZVlOZ5saSCGZltmmsZQaiimbW0aUEBAmbQmFpBIhNdtJqCgUCCyiFJVaanR2ghKHiiBkFKUERkEQKBQIoyghhQTp1ikiimVJQkh2DkOLkBTgtCe3iJBCipBCKiUiIp12cxopnRGBnNNkWyEFQghJiDZNdiIiZElJJq01MhNnGoedmBpFEQhPLd1KhEU629QiopaKkVPIYGdEgBSUUqMIGUsGFJJxiShRFAIkDBFShAgJ22SmUxGQmMwchlEiVIUdlAhJoTAmQkgms4mQJFtICqC5tUykQK013CKqQmAnIRKcDalURelCGDJbGpWQVaRSu1I7t5SotQ9ZUVQCaFNTDREFERSVUoJ01MjWsmW2ySlUsAGTKJxNUmYK2VaEQQRORYSqQjml25SWJEkI2zaSopQSJZ0t7SRzUiiQ7cxULVi1lDTjME7jWGsNFWea7Gpfu2K7TZaMIV2jGDkdQtSomnKSUUSJUqOEZWGEkRS1BMJEVwHbERK207YFspN0isBKp6RKJLatEG6idF2xDUBICsJYCMjMEJbcWomqIhA0KSQkSkiSEcZuYKmQnqbRaYl0lBJFYaQIhYCIkJR2iSgR2RpIocwMqXQFk5kgZ6s1FJEpkbbDKCoyksDGzpxaAghZEYIoxaQkEbaLJAmp66rTSQJtnCSHIqTWEtwyW7ZsVoCVJrBDgaZMSVJERImYcpJJUhAKQjgyW5QiwjYN45AU4XT51E/75CK1bHaCiCIIpEAhB0WFQGmDJLdUgFRKSafdjCyKiu2IQBKUEn1XohTZtkpRiRq1FkXtSijSrUREBBG1VBWFRESo1K6UWorDopSwyJYGjCjpLAqVKgcBNlIpKlEMFl1XnGE1qZZSsIWsDEUptUQYiiJQQkgKtzTpbCmFRESk0zYmIuTMlEFW4lJCSIooFSAptZNIg62QM0ORaaBEIUSE22QCSSidGINtCaRSCs22gam1UmopNYpsY0oI1FqzXUoNRAS4ZbMVUWqpAKjRJAkZcNSuUwRYQaYVoADcHIGs5ixU2xIRRQokkpYtsGEaxnEaVKKEgWmcFCGkiKJClGmaBFMyjgNNUSNQ2hiBomBLxcKZmURRhEpUCYtQjNM0DlOpxbabFUgl3YSFSAMqUUoNCQDalBKllECZxi4qpURRkYRQyNLUmhS1VJsQRJGQMWkLORS2sadMAVLaSqJWYcCSCEMIy6EotchGzjRpMBKWRJEIZGW2cZwgowSB0w7VCKQQRCgCUyJCRaF0FoVBUulKpyphG7lE1K5rY0OEIkrYYJvAKUXatksUGSICI9ukLQr25AlAFkSpREgqIUQpxeCWiNqVtMFIpZYSRZYzS6kYBEZIJZAhhLAlWrPTLd0yJdWuCCQJDE5HFIfslCklokQp1c7EUhiTCECAFIicTDjTzgwJqF0NRaZrRNRi1KYc2ziN6672XdeB25QRMgBRitOCdBaFwZJxIufUMjGlVoQIUSjYIElymhIh2jTZ1KIEkFsSEsgKoVC6lVIl4Uy7EIlbmxDZHCJKiCBJkWk70wmyTANQRCEkSpQoIWHUsiGkwMKUEjiQMlMKwJkRJQqSSDCSqCqCCAmkEhXc7DShEEjYJlGh1FoUaQDhNHaCBArVqFNOzrSFAAJJtGxg2ZlI1AiXGlAijIQhXAg7oggSsI0kybTWWjacKoKQjClRQ1FK1FIQRRESFNugIhnZTQoicLZpTKJIKhESCtOwwLYzU0UQoSAsIykiptaaUxHDNObUohabbNmcAZKEJCG30ZNHHBGa2hSlFIQUEVFqKYHIxKQAcBIRIhRIYSMIKYosAU5DmLTBZGbikEMRkmVDiFKrDbZxlGLbZBFRqhwJiYGUw2SjZbY2pZtC2JIkMpsSIZzpdBq5RC2l2BYCIkIK25lpN1GiC4wdmU1EiUh7HCdZSAVl2s6E2lVZrY2IbNmcksBSTK05PU0NO0qd9aWWQDRbUQBByyYhKaIUBchSSLbtTGzsKVVCQgLJ2QBDKGqJBBtJpNOkiEAObAWShAjcPLYmyxhobZLoulJrQZHZMoF0y5BCAlpLKAKwCAtsIUlOuymd0zQGaq2VCEHKUSOigIFSoqUFGEGC7UyyTYQiikTmhAIopdqastnuuqJSSikSRaq1L7VGWqWUGiIUah5BUoQcCkmlhEoJIZBQREAgyxjsUKgoTU4ZNZAUEaGA1hqA6LqqKC1bKaUrVSXcbJBwYhzYQkISEgC2ETIZhEItW1qSQREhYSszQWlChKNlIyEUUZRGIIcKotYInOBEWKGptVCA0zjdptFOBSAJcNpIEQqFRGYTshMkkzCOY6ZLCQUmANtCyJJqqSYjCkKRMtkSIWhtskFq2UICnBm1q10JQiLBEKghZ0pCFnJaotQCatmksDPTNkorIpBKZGsCWURRWIqoJQgJRFVBQKpUhbBKRUXKdFJLNDKkbFNITkctXZRAgaRQRBsnk0ZBKKLgqAIhCQHpFrWoKDMzs3z6J3+yjXGODSSkZiqZINwIOVtmJqFQBBEREWrpNjVbXe0kgNpVN5oTCOMoslfD2lhRFBJM05RpCRsCUGtpZ6ZxGoWotWu2JdLYqIRCCsuYWgoRkBGlZWtTKyFFSRsyQpKc6WwKRZWnbNlskBBRoqg0G5AkDIGNje2iUkKgEqFomTIWkkKa2oRSptlSGLXWWmYtESVaNrAzS9eB0wl2UqpoRiLsCUTLxG6tgaKEkFuz004UEcL0XXXmODVnsxURmQmOCDstWjaMQjhVAkkYJAnACCRCAcaSkMJSBOM4la5vrbXWSolSaqiEcCIZ2cahIhPRldqX2hKp9LOulipRo9gu8nq9bm5pS1FqSLFer21qV7ENEUEgQFJEKUWSZSeZaezWokStpUgQAhGKUIQthaVI09qUQihCEgZRbNysQu06qZqUZIMQYAsRdksLSVzmxJg0KIoyrVCpXeYUKiUKYYwNYFKAwYoq7LQzE0vIckilVINtIUGmcaIopbjZTmwbIwlZAaWrIIeEcRAKICiqpZMt40xjJIiwHRFpC3GFbSW2UMvW2iRCJcg0IAHZMoiIkKKUorCdQpKEQJiWkxOpZE4gQAqSdGvObBNBUVUYhYQt4QipVDtRlIgosiUpBFICGKyICAlICGHCIpimFlbpa0EEKkWiRIBLETCOozOjdhEBSAqiVFFEBmRmGvf9rBQ5bUOhRqeIKFGjgBMXhYvIFlEDhcAgBTIOhWWETClRhK0ICY/jREQtpdbqNM9kpSxLAQhhQiKEI4rSKRSlSEIQEk7szFAosB2lKkpIiggp7XQaKyQis2VLUiphO0rYlKKpTWmHCrbTUUsptURRiVKLRSEcEnZaKKJYBttISMrWpuauSioISQrcMm0EqEillCASh4pCCimZpqnZAhGhaJkmQ0KSUSnG09iMsqVQKMCJ3ZoUClBEESFnhqqxJAkrQgIywQailsy0MhSWwkaKUgwhUKQNLhERQmSbShQpogQmioIooVBEiSi1lIJNhEASioAolcyopZaIKBGyCGTTsglCNiq1lCiIxGnXUqSCJCFAAYAxpBtOW0V2RoQIYaTMCeHMtCOAAEcUhewEk1gIAaVGRA23CFIRRGZzWkE4gGzNQMiyiFprVY0iO1sayUKEQaAIocRASAqRGEeEsEEK1cDklC0nOxUxTS0UpRSHQcJRQlItpdQOkUhW6SJKSQwgdVEbLlG6rg8EJIGFDYCMhU3UCKRGy8ywVCJbAiUC1DItG7BtFDIiLTkhpKKSzhIFhcigSEJKMhARTiuiOSVIIJEwJjJbczpRoCQhSkG2bds0BA6BAGEkNLWWOZEZUaKLWmspNSQpnAa3NAGWARMBBtPSRRlRSimBWqYiJMmpkKQoZdZ1SLYNSiwUTgtJkm2BQrIShDBpRymWSoQNEWmMhVrLcRgtp1WLVLoaQsIWCEKa3GxCEVGjFuFpagoUapmSiqLWKhlLoalNIYkwxi1toVJqWsYNO+1iKewspSRgg52tlBAac1QURTidLdNpIOWIkA3NNigCKA6HIgRKsLNWSZFJZitSipBAgCCdaZeQVJAASdM0YaMwUSJKCaNQOEAhuUQQOO1mpBKB5EyjUsKWikKdMBGSAo3TCEhkM1HkNraplGJLQQk5JOxMKaSIUrpSSu0IiSssTJS0pHRKYTJMrtajQKVIgDINSJJCIUOtBRSgUlpOEZEJBhVCxiYNgCRJtqcpwaGC7HCJQkQpRfY0NQCpfMqnfnIRlotq11Uwso2CYRhJRxQp0gjITCBCktMBKmrTFEgh2yhrLTVKisymgFQpxXZEEUpo2YwRRaW1cRwmoYhQKUIWmS2QJAnVUiLaOFBKXzuFQohijE2SmaVUZCetNZlsjVJqqdma7Vo7y0K1q4FsT1NDipDszEwMkkJSGCdpWmuk087WVCRCWBE2LZPmCJmWVgEFoCghKH1XEIFQIKBNTRClhMK0KBFSKbV2NQS2AGEjChiDPIzjarma2tiVvpv1dtrYBrCjhEGUEqDIloqQbBFSiSCQkZR2GikIsMPOZssRCFSKpPV6vVovI1SKxkxZmYldS6mlllISZyYi08LpHKfRmVJ0fV+ilFJLyLYk8DROfddHKVUxjkmmgnRGCCQQRcK23RSlhERRRFSlDSEJoSCigNs0gfraKTCECiiK7JQQcjZnqkQRaQQ2koyFBNkwGVK2Bu76roSAzAyJkBMhZyoIJAUC4cxMSyFJUsumdChKKYaIYjuzZTabiEgnoAikUkIKCACpRMWEsNVaC6FkHBtqtXRGma1lcxpLclEkwul0KCRsWhtLCUkoAkIFFAVbIiiAJE0tS0gggW3bzmyWZNRaI4mqCDkoaGxjKEoppQSgIEqEFaWzcxrGNmVmy5YRiggkidZsWyWway0GlSARMoaIGmlnawqVCEyzW8taaqkhmKap1BIR2dwysdNERCim1vpSFCLBJuRkmpoxNiKsdNo4G45SZAWGdLopgkwDhggQwlNLqarWWiBqKeEQRGBljjm1MaRSaik1SpVTyFJmYteoCoFEOoVznKaIEApFBCVKiUgbWyCFFAERoRJO1RqhKFEkgY0JRWPKllNTlL6UWkspkaQIhNPpFAKVIgS2JKEM3No4TpKmcZzaVKKEIkVzUyIJLATUUkqAIoQCqYSliCQRtRSbTGdO09gkKYRJJ1LXFZtCJAlEKQoJUtgpRYQkIgKMhCICKSghKRRurbUmlLITSdmaJHBE2DllswEBIEQkli2TjgCHgrCQVAKBHaUaJc7WirBs27hNzVBrMQCSogQpgYJstmQbW0KSE0sRJaQoHYJEBduSgijEMA6QWDhLKbbTmelMogYms0UEsiKcVoTStXYgRRjbBkeEIJ1FFRKIUmyikElrk1GmMxOkUGZiqWLoSt88IdXoSlEmqeZkHKeWLVBXOwhIlSLbUBTGQK2FCNvORBJSFCGMRO26oJgEEH0ptdQIRQQKkkTCziYoFVmkStRCSaa0iyJqiRBinKYQ4JatqpSiiCBJNyMRONvkEHZrkzNUIiRKLXJgg1o2YyzkaZzalOM0tqkZIgp2y+a0UciymrENUjhMKKIEAoSEEyQEqRSBUIQkOVFErVUgiChgS8KgWmuJKH1XSgnjzGlq0zS6NSmEoGXaTtsggQIBQqUgjMACwGQakAQhodaytUa21rL2XSZuGSWcbs0KSGemSiA7iZBxGGeTFIo2talNhlKi9LWqRERz2o6IojK2sSVVQai1iQghbMuZTQFElMCQTQqbJJVO3NVOBMK2VEpVUazHQaSkIjkTk25SBJIwCEqUdLaWoAg5GwJUS0jCSHYqikJRkERi4xKRKYVKKQWFiiIkS2EgUxY4kEKkQ5IqwrilS9E4jlJ0XW3TJDy2dBpSpYTDMoSbnc0gQJBICgljEFYQpYSUzVNrGNugEooiO7G7roIUQXPLFlGEIopxphuJCalEGDttCzmEJHCb2jQMNl0UAre0EZB2OCBqR2ZrrlEycxgH4xodUimlZXNmYIlQkDkMY6iU2kVEoFI0ZRvWQ1e75gkDkqQAAmX5tE/5BAM47czmzBJBSAiboJQSOHGppWHJESFJRiUUIrHktJ0iSE+ebISnNCbdEG62LSywLMIiQhERpQinDZIiFCFNU0u3gExPrSkEtGlsSWaz0yhKSTfbLVOolgABErYiQoGETMvETjtbs7OUamcjQ4SKpJAUkgC3lq01hfq+ltpHCNu2hKIgJlxKwQo5SoDaNCGVCJsUtrGjiBA4yVorJm0nCQKQQgahaWoKIgJhJ0SI0tWudBFqma1NWKUWJ11XUBRhWYmCoqhVOMKe0oQEQg5LCmSnW1pY9LVGlJbNliCzlaizeV9LTRMSIkIlAoektI0wIdItM0OkCSlKlUCSrQhJmS3TEVFLycx0Yk/OiAhCEoAcxthQFFFKKIwJwoooVnPLiBKSjElELTWQM4dhslsEaUhHKNNuLjUiIjMDWXZSikKFCMlRVBTYtmwiotQuEdBsWrMgrJAicBgkSQJCSmdLRyhAKoZpnCQp1KY2talEiVLSBqSQVGrYANlaEUOb1quhq2GV1iaF0lZIoVDB2M0mhEGhbDa2M00YIiTZjpBMKEqJKJG2JJDtdApFyJmEaqnglgYQrVFqDdHa1NooZEkAUigUZIbd0tikW8vE2UabEoWQSgRRS5GU2UgQAkW05hJSSC0z6GqNCIPSOKOEUKNlZimVcDZDZE6ZlnDz2CZQRGTmMI1Yta/Y05RRIhQtW8iSQjJIUgQoikp0km1KhO1UhsKJIVQkIiRhO6IowjYyCLCnREA2oqjruohaQiDJIgCJwFFrQEunW7ZMgUJShEqR7UQhmtWFQiUVJTAirSKnbZAwlkNqmdMwyEQBlM1SJmQ2IiIqGBssJFQikG1HKdPU0k3pqTUbibS7UmSl7ZalBAZZCuNSSiZTjjllSiSWk5TAJgkpHEmSjqLEtgQhlVqwkCamqig1QFKA7AYRRU7bzSZUFeDMyUTIblO2NgERJSJKlFLCrSWqUaRwElGKSulLZkoi05lIKiUiIsLGok1u2SRjSXJaRdghnG4gRYlIg0IoW8NEBKQtZxunKQqlVGQlDuE02MbImQgcKhHGYZtEEmCMUYSRRUSRFEghhUJFRYiiECiqMy0wRAYRSFJIRWGBw6QIS0CEhBKXCEVM4wSSQRGSnWm7taSN66HWUkqxs02jk1ILUGoNMY7NtNp1JMjYJrFtDMJOAyIEkJKQQkGE7YiIKGRrCGVLZ8tpSkQhbWdziUDFmQRgJAlJpVQHOaWxKBLppIkiiQBFWNQSiWmOoojAoqgvFRFERCjCJhQRQbq5yXJQRBBRo6udnU7blqJGEIoIBaFQhNOWMo3IyaYVhUqRRdgNFUyUEkigkBCYWopq4FQQCoMxgCDdMiNkI0Wttas1bRtJQpIECkmAaq01ikIlIrMlaRAlLBQ4kUDpbFNrbbKi67uQZAlLSpqCUNhhmVQpAYJsU4PATmynQooi08hCVQRhWaSTNLSpSXaEIkI1AgucNkYh1RLTMJoEpV1CIpIEcEBaKqHW0lMCEUGCnbaEJClKqJYihW1C2FNmLaFauoiWDuhqpxKys6WJwM7Jlm2VqBISUmstcxKKCGOF5EAIVKJIEUWBZaczPeYUqJQopbRsh8vVYt53fU+mhcDO1iaECKSpDeksRaXUNJmpEJJxV0upNRSZti2TZECtJRQRBWE7KKWGE0tVYaOQpAjZdrYwXe0yna1ZyCSutYAkgW3XUig1JIWIqAojZEREaU6FxnHMdFGkXEvtuy6kcRxsh61SbJdSQIh0dqU6EgNMTpJSuygKBxGlREAa24TLp33qJ4cKtjOdSVRCJBElpEQCyzahYlxUBC0tgWUhiKJsaRuwso1Zag0JKFEiIkCBIkqtlIikOUsIBeTULFlScJmdpKGrNUqRIqqCyNayuXmCKKWUgMzWWiYRgW1ZEFFs7MTquw7UnAa7FdVSI6IqcEtBRAlF2tM0QEgCSRGllAhBqcXpdGIT0ZVCRIFaSpLZTCgiEpQ2dppMjKQSJUoIhQphJ8aSIuSwnUWKUhDTNElShBSGEkq7lBoqDuHElgIoJSDSUyZSSLZRrRhbCCVCColIO20UCEhFRBRLCjBIKqoqUULg1gxFJYoiiozJdI7D1NqkiFKqIE0ptUTBtigRaQMhjG1qVVhTtnGcECqqEUEg2bJbTtlIiVBRkRDI2WwbDE6mnABJBpWQZDNOY8sGLkVFRUUUCTntsO3W0jYK7BJhWSKzgRAts6WjqKt1am2aRpxRC8JWSEEYAOFQ2GkTNWzbDglbEaqh5lRKCEkKqfYlpMyUQiFIOyTbdmtRa05tmNalFEEaRFFgJElykC2jK8UlApupjSZLrbVUC3AoQBIqtdluKTszQyAESIY0kkVIOCkBIKlGRKiRmK52te8iSmbKdqiopDMUQoTa1KZpCoqiIEIRIlQIIzkzMyWFQirIGMCQNg7JTmQ3HFEltZY2gUoJHCaRi0qUaK3ZlIiulChhyZmlRCEajlBENNxaA9WuRASyoLVUEFJLYxK3nICQAEMUNWeJEAHpliqBDWAIpTMiImRUQqUEpmUmRoGbFJmZbo4oyFJmOjMiiqRwiQpgkKIghG2cdraRlG0kkFOB0wlSyC3TGaVGrZmWVPtOqE2TjYgoYCFHiVBIocAkjhAlREoCoxIRUUKlFhPYRrV24NZaSEEgR+AkIiRJBIERFiLIbM12y7RDERGCEEgQkMYYVNKZmR6ndI7TJIUUcppQhG3JCbZDilIUaamEkIyNQRGKUiSnnVimFDkNNjKGiCqswEBmgm2KMUqnWyI5FRFIwhAg2yR9Vy1P2dyaSQgFWCFLpRRhgAhFlDQSEpYiAjtbw7INCAMlVGtVUYRCsi1kQyjTpchOgRQ2OJEJuVlhuSASF4VCLVOBEKFMS5RSjdOWFRFhSgmBsYSwImoUFZzuZ32oTMMwjWPUEopxHLu+70oxkW2MqMJtaoAUbRzTCGErSro56bqiEmmHVGtNoKVNZkYorQhLkc3jMJgWISQIcCbOhhQlcIKMQmHTpslOQsi2kJBkEkJKKCEkJypCBAEuIVuCqSURwg61dChBoAhFKdkyPdkREuB0iZBAZIRs7JYpm1C2ViIUgRSWxGWWI6qkIiGULQMnNoTCYCBthG1npkPKdMuGyczExiUCZEIhYYVKRDZHqIQEaaWztWlqKStKhAJku0SkkUgbu3QliFKi1MBSpJFCQUEyRunm1qaWDlKKKGCiRLa0HKUGUlGJkjnZppmiGqU1D9OIqVElhDEKRShNthYREqBsKQkJkxjbmUIqCgkhyzIoShGhIkRYKgGKUjJbAmAsJBFRpRC0tEIqxUCSEDWEI0K1JsYoJMJunpDcMhElIg0YSSTIIKMgW7ZEUEqpiqgFhadpaq3ru65WbERARJVoU6uluIhsNqFSaje1li0lKWQ7QoqwlW4YhUKRaZNuDOMoWZIUUkQIQTpqBEZlGkaCrtR0pp02aSCKIipyRMEmvR5HO41KqECmbaczqkqUKDVQI5UonJlpS1JEhNJ2AihkMqK0aZIAIooRIIQUSFJR2B6mdU6TCAOSwzVK+bRP/qTECkmABKRV1FobpyYpotgIQeaUEYGcraWR5OZaS5KKEESRVCJC9pjOabToakU4jR0RUWSTtBK1RKRJZ1FgpwmctkCBJBtsHK21zEYpXalRJIUibJMqNaLKaUBRohYCZ9ZS0m6tAaFAJSKQ7HRLikQIVEpmZrp2FYFdas1MOxXRshlhEypRpIiiqDWbQ2HhNlkRggibWouNjUJGErZCkU6D0xFqzYooKlKZpsHpiEqEJKHWJiAUkkIoVEIqNcyUGcK2VCBBEJmJE2c6szWFWhtb89TGQBakFZIIAkTLacqoCgsiIlq2cRxth+VwNgMpi5CNgEASiTC0cYoSCuU4ApgEBJZxGxuIcC2llCjRlZDxlFONMBQVRUg4MZRCpkkbpKJQOm1KCQARlrExUkSJiIgytRaITAykEVJItVQ5m0mnjc3Umuw2ZXMDohQJm3GcSglAUlciooZQKZhsaTdFQbS0DGBBs4oyTVCipAlJtUiapiZQ0LLZOIHEKiWQalUppe/7iJKenColpACnFcbOGiECYQApFCpIuAlsWtpypgOBLWOiFkXFiTE4DS1UpLAgZGwkIxWUZERXFBLk1MZxJFwismWEonaODCkiogijkGwCpHRzWiadxoUiaJpIRQRAEFCqpslmwkSEJKclg6IUsEkpbBChAEKKrjqdzYoISLKEsKTITJyBSoSxMzMhrZCiyAlSWKgoiFIiACNI2y0z3awI45AC0sZSRJQoRRRsoNmYNo0tnS0tB2Fhy84pm0SNGiEjQoAtueGQsJHkzGlqiSIiihDCSJKtAGMM4IgSJSKESTskQwS1FEXJqQF2po2dShkihLNl6QsRBkU4HUIhmylbsRAhSqilcaIIyRghBTgUiXOaIsKSFCJQ1lJrVxQSYUmKEiFhU6JEhOR0ghRkElFDQoYSRYJkkgRSURDGrTUyIZy4NcBQoiS2k0SyrOYchrFEIIUcUYDWGrhGwTKqEjWKFBEhBdFysjPtJDNTlqpA6VajhkhoiZwRxc6oESgnIxRACSBorUlEKBsSdiKnQSBhMtOWQpk5tUkobWcKyWAIGQspsGRDIkyE8NSakLFtSSKilqIqSTC1VqCZIDKdTttAlBIhSyVKktkoRRE11ZxSKFRCKqVIIAEKLY+WkkotThtUakgqRRG1FCCiTMPobJkYY2PSloiizERAuDmdEYpSgwCTkTSBoYSwbJDSUxpkg0kM0HW9ws6MKFFCEnbaThDGbtnscRpba6CWDSeBIadWFMZpFGFIW8YSJqSWKUkRxoRksBOUTlnGEBFFEaGooSgSlqUQCpx2ZlMBwoBlEzBNDQmbENDcFKVEAbqoaUsUhWUjsOwpG0aKlmlI25mWW2ZrWUIRxbbTIUl2Kkk7My1UIiKCQKm0bRKHZOFMiaKqoJYaISkoEVEFdhqBBAoJJUQEojndaDjJEuq6rpSiIJMkZRSEAaIUEBAlIpSZsiJsCAdgJyFbIEmI5gwJOaKADIAECGfaEcUyFOPMBCe0KYOIQEURxen1NERErRWVzEmWIElDiVAU44jI1to4JUQpbglGaZjGJqxQhBy05mxtyqnruy4Kki0kQCSodDUiaB7GCSg1isJKMi1siiIt20qaEwtkpzMjwri1lKJGkcKksdOIErVlTuPoFMJmas2ihKRQCSfNGQjcMlvLli0iQgGyKBFTThE4sW3stEAQoYiQoiBZCgGSaylSGIwyTaYihO3EGaVgOzFGOFuoSIGtIG0aIZVP/9RPslNSpk0mdLUWldYmRK2dZIgkZaKG7cykRkgkEtiSiogoRogIDAKsWgp2pltLCYOnxC6lCk+ZCnlq2VpGhAKjErawQ5Gkc2qt2UkETmOb1jIiVKRQjZBDRNdVRZBkpjNbZsq11qISpWRrwpLGYUg7IjCIIJob2abW2jhN02RcoipCRBubnW0aW2ulVoGnzMzMTByCojAKSULKloGiFgWBEwW01ozBEcrMlikLLExEkZBLFBkHabdstXQKsJudrWUiKYoMQgoL2YlTIbdUKQhbiFr7UpSJBJaCEpFmyhFHMk051dK1bGA7W3ORooQByWBnRBGSiFIhSdsWshFXmBIliqVaq+10Og10pUaptYbQMI2ZpkSRUAggMhsRIo2FAESUKqUMIiSEFBgEaZSldCEZnGQ206TSkgAVlSgCC9tAURhkopYSgaldVyJCZLNE19UIWiKaolq2WzasFiFUbABPTaKUikIFG6cjIkVBdipUSkkbqSs1JIMwKELRFaFsmURREK7qSimhQEIIW7ZRCGgtQ0ggqgSSZBAORcuGEZQSQi1TKZPGFqEoNYIiSSJbRgQojCXh1ly6cJLZFKW1plCJaghJkiQMBkUoVGIaB1CUQCFTSkihohpBBHKbmu0SJRQmRaCC0qhIEDgFKiVSU44yQkTYOB0lCCFk2U6aJBWN61EKy85UKK2IQNHaJIVChEqEk2lqpQtcIkQEdkhIRbKiUCxHCJpKLSEZhTJbRIDdDC2dTisC3HcVFclFFRwSQkZgKUKIACeKcE5SRCmSRTYLW6GikFRKlFISRSiIEsopEZalUCjT0ziqufQVbElRQgKBI2QjMBTLEYHSTbhN6XQUFUkhRQmFMWmphCRFCtuSCKMgkQJZRBRhA7V2EeHWLJdSVOSktUSJAUUAsgBaM1iKUkpQSldKLWEbRSgkiVAxdFGkADnTBqNwKcUoQumMUgKBJNlQokSELEUpRSGDiDFHWTU6hJ3GIYEMEiYxnnIYp1pqLdFykiSDncqIWhQREB1kJkKJkiaFIjLTSiXRdUJCmVPaKKqi1uKWEWpkppGFkJxWCSwFAstSRIk2ZSkRERFChBQRaScZEWCMQoZsaTdFgJPMKYukUMuMAshpcGY2N5CwjXAp1WmSqCqlrNerKd13vRTYaYdCkiJKRABBEXaCsW1sHJnNThAiSpRsmW6SQM60TZCZQSDVrtiWQpJslVIjEIaoRRiVGqWoRIlQkZACnFYpAaSNabZCSodUShV2uqiU2tkZUqlRVY0zU0HaQk5L2ApRotQaQLaWCBxRAQuEbEI4JFSLM6ds2SaQQpIK4ZDAkrFQRAgQkBIGY0GUEoZQITJdIrAdAisiISRsh0TUUpEAcMiKiFKkiFApRVFEuhkFikAtU0aKCJVSQggwiSVERAQSOCFCWEgtJyelFCmdti3hxLICrBISAZaEhB04SikqkiLARAQoQglOEBEhCRKDKArVQCVQ1ABC0aamUChMWmDAJBHC2E6Ds0RM6SSLCkIkFMlpy4oqiYhqW06DUGuJExsbmwgs4a7rwC0zAktRikS2rCWwGjA5qogSkhSZLiVkO93VDgMGnA1oEEVuZCaillJLRARFZEIl0yhwiYgQBafBSJJtlSg2pZZSIsFOAJMt0zbpdK01+tLaGBECcBonEUhFdinKzBo1aoQkiK7YaTcIu9nYtpGBhLAIikKSCDWbtEJOZ2YioIYopZTARKm1FELCksCAVGwHEUGUSgSZKDJdPu2TP1kRMqEQRAmLdOIIKUJkSsKAotRxmsIqku1SCmTDoSACE0KyoSBFqRHNzmylVGgibK+HAaglhnEYhjFEVypSCZUoDiKiQJJOSxIlCiVqKSpRSgkUihLhUMGOWrCshuyJlmOIUqIr1cYtI2ScmRGqJawQjigRpUiNDEdi0lGLEKESYZyZzhSU2tVaMJlpEkUJhTROrShUQoo0sgWKQGSzFJCZObUpUESpKsZFEbWEhCTbklJ2UyisiCgRKooERMtpmhRRQyBjqWRLhcKenF3Xh2R7mkZBSKUUKWpfCmEypFqKImoUBSVqV2pmChBItUSJGgpElSKEwplpZ8tACtVSJAGl1lIKECWCUI02ZZGyJU5FCBRh5zSOKgqUdkQJhTPTTmepUUttrSEJgQUhgS1x2dQaNiFnEtiSbSeZCkWptdQoRbjUUkqk3ZJsLSIcqiWCokAKBYRKlJBbM0GUwEghYWwsKyFzwo5SS8jOkFs2LEBFRYFRBHYxiQ0o7AwFkDZSAKBQLZ3txIFEgiFskFAmGamUZNIZpRq3Ka1UqV0oo8gpOe0SpRTZSKpRUAGnjYwUqoKQSglDhNrYFJLCtrGkBGxDkFjGISkK0DJLqS0twG4t0xmlRIAppURESBhAESWkKOkpm6WIkCXsolBXinBaoCiSJVkEIOGMKKUWMiOKBZkhSYqQQFKJMCpRIpBkqUSJUiKELSkiBBgbQFJE4JQkOaRsNmnjzFKLkAhSoACDcEQnEQrkcZxsaq2yM4koJRChIkUAoAhCJmQsJEVUBbIBhUgrje2QaqlAZjYTtiQnzU2SQoTkaLZbOhvI4XnfZ7NbmnQajGWsUIlQFIXSCRBRIlrLkERIAluCFNi2kCSB0+lSQwS2SpSItEVCONM2WJAmcVjgZkOKQBkqCBAWIIFdIjIxCkmSsSwiyLSNJARyZmaCu67UripKAUkOlRIkBrBCpUiGoIsOyTRAFlBUJBGWwyTNCKfTLioRRVGJLFFqV2wUARj6WW8LmxKy061EiaqIyGxMLkVY6cx0pkuR0ymkAPelJMihkFApCkIKCdsyERIqCElIRUIRKiWwbENg24wta0RICklhEwrkTEcEmZkpRYSEwKWUEERIgZEUipbGrZRqAFRCaBqnUNRSSykijXEKdV0XwkSpJURmSqEodqbJdJiiQriUiBKGxE5L2JqmsZYIRakhBbIcgSSnM0qpEigxTkkRNUI4QtggBVFKtNZwhsLImYlrdAHNLrWkm5OIiFDUKFgKjLABaKObbaUUIUEKTZlAohIKkekSJZ2BQoBCEYElk84kHaWGZQFkJk4rAgvZRClChoBpSkGzSygsCySEQMZ2pglIjJ3OzJwSuSiQI0IKSaVUSZC2RdhuIJGZkiSF1LCkiICUomWiCCIke8qcQpICmxSRpGU1ZZQQJZ3gUovTxiVKBDaKECKNkCLtkEqpkqZsSJmJURRIZ6PWMNBEgUwrhE3mJBsrFArWwyApIMEtkUHjOLXWSolQRChULEVEiSK5SiCTbpmZtRRJTrecnB6mSUVBlCJJoFqrUbYpooSEZSdGNcKBXCSTUkQgY0Hg5rSxhUKKCMM0TWnb2E4IqYQCj9OEIgKLULHI1iSiSAIpSlEUT01gbBMKhwSlhkAKIRA2qIRa2nZEqaWUUsHZWq19hCBQKIgoUai12AFKZylRasl0axOKokinUKhEEKWohLDTqhERObWWrWUC6aaglIIgEyGFbAlJrU1OBzJEKKIolNkUJaepZSpEy4gKSah88qd8IsbC6YQSxQaCSOxs6XBEVSAhKIoSMcnZGggkEwpJOAmRchrRpmxTCwmUmThKLekM4xAlQpFutkJBRCkVsk3NmU2GKkGakCSEFOA0XalSgmymbJ6mpszJTpUi20KSjadMUKi0ljIWrSE5SqdSAqdEYk+l1FprLVVSKCJiGqepTaWrtSiiWGqttWbbaSIUUSRFyMYmBBAlgMw2tSYRYIOi7/soGEdUhWQRQrQpE0vK1tI0N6CWOk5TcyNCQeJSi1BmK6VmGwApVMIGSZCZtdSIQIGdziBUApsIIEJCwsM4gUkoREQpFWwjKYqaiQhny+YaoRBFMiBEmERCpcgoM0PKaUwRki1JIakEAuQ0UoQkJKUoipbNCKk12wkyBpF2GiEEVpQICVqmjJOGQYBxCClsWmstp2mapmlq01RKhEQCOEqQLnLSxsnYIESEJJoJSFJRa7SWQSjCSFhBSFYxAApFKJ0G2RbGIiRJZMtSC/aYDQMYpMDNbigsYxSSwkoloJBQSFYJ0pmJUYhEOFQSFwIVbOPWWtqKkESAjVQiJCkQMmSaTBSWS4QT0gpsQbZsJEBEsVsayYZIIUK2jEWoRCSZU0YpUQqXKUKAaGm3dDMiFJSCDakIDIBtUISTZntyRAFHhIra6IlWkOypNUJINumUhMBRgtZSCknYYIzt2hWlx9YgI8IYyDRECZXaOTHG2I6IUkqEBIQExgoiIgJJkmxFEBHgtC0iSIGdLRHQsmWJiFJE2JZxa5ZskhYKS5B2RoQkJDtLgIrSYxudVggEYJt0ZnMKat/VUqc2tdaQUZQiJAmBJLBCNEwCAaV2CAkFAKl0A5UIi6rIdGZz2rKJGuE02CALVEoIK4qEbbAQ0jS1CIUiJKnKto1xm5oJESVsISJCkp1ITodECCARTpCMFRERkSZzymZEtibCpNOZttMIIoqwsYUywZaihCyuCEkRaaEEQkGRcJuy9lUwtdaaS6g5RQhAQDrblBKkCKZhMiqlQzgzJEJtahakooSscZrAKooIO7HThkTR1bAhSgAhSSChtEFjm6b1EEVImMxmua/9ZJOZ6RCSbEvKliqSVUu4hCSQFIKQIkIiiooKJBIIIaRQthal9rMuM9OZZpqaVCRPk5FBmcYupVqEFFFo2dwSq5QaJUoFbEImIq0owgqi1gqAQyCcmAgBEgIVhUpgwIVIGqJlw2k0OUOU0jU3Z5ZSulolr8cpcyylqsmyDAo77SBAkQYIZBwCinDLJG1RS4kICycBRCDhBIFAJiXZ0OwgIkopRAhjG0RIdoIUCjudBtJWhCBKsTGW8NRsK4plAEQ6pDCEQoGgpRUlSpPdWkuDm+2ktWzTpFARCNsRgQJciroogBML22BJBGPLTBeFbUlIISGZCCkUiChRUDZCNlI40+M4FqOibJ7aJCgRkiSmaXJaUCKEhJ0QCqK5pZEwCqEIY1koSBG2TYlIRS3YEQoCVIognJk2mShIg0mnLSnTU5sUQiqlYBAQCpFOLFRKAdVabKGIKHKCjBWKEpWKc8q0gJCAEFZEIJOZGJVSJKOwsdOi6woYUaI4QUFESAiAEC3TBsugiEIQJg1ph1AEUklPbQJnuoRAslMBEGDbJk0A4GyZkmyHACSFZNvYmUigiGITBVsVRaiUgighqVh2GkIiJMA2mRGl1IKBaFPDHlpTyyg1JFBm2h7bKBFRstnQWpumrBGllAiRtpAUESHKp33KJzroS99yCilKUYSdAlCUiIiQbAnStmxM2ibTSEi2DVJIZKYzUQmFcSklikSUGoiWKUWtCoVFLdXQnCSZUygstTYVldoFRqGIINRaG8axtQzLsqKEZBxSYrmUKBIqgY0sFSJKlECWA9ImDVgUjDCIME3UUtTc2tgc2dUuFOthAM8Wc6yWTYpQ2M2iC5VSWjJNE5adaduUCKTWmqGUipAiipCFxqllNgVuQulsrTVJJRSSpJAiAkXKbZjGcexrRQopkJGEk2bbBtlpbKczJRFglKkSBqBlk4ptbMtOpnEapyGiqIYzFORkCaRMYyvCzkzXKqmqBCidCbalEGmTtrMpig0EcokCBWeUalslJGEUMiHRMmlyECHbYIlpnFobS9RSQlJzYqIUIrpaBKSjlCCiRIhSw5ZIFLbT6UxMtimba60QUYqkTDunNE6yNcs0I6mE7GzNGEGoFLmlwEpJwoaIEsJutiMiSoCcNlYpksLY4Oa0ogQyTRZIkltmplAoEKGIiDalBY10RihCCc4kiaJSijOxCSFsnGkDUCgqqVQqSrGzjWNL1xJSAdsIp+2WEZFOSZlkpkq4pRRFUikRgQTpxKGIEFIxRjVwMWmrRJEUwjgUid0shdA0TemMgIgSYQs1bKngFNhu2SRJKiUwJkupJt0sBUqQMAqJUkqb2jQ1gCTdQtiybRwSwsaCoChaZmbWWqXI5nEcIlRKGDITLIVNSKrFUyPCgFF4yiSxGKfWpqmlo0QQhlIiW9YoEq1lVYlaPTUshwJFVBWCQEonmSEgkAEZITtBmc04k5Cl0rLVLjABaSMiiiK62iUpq5SwU6UEIQVYEUCCjW2EJKkCUghCQmTSWqooKMbYxomlImw7030NpNamUmtmSiCyObMZhQSWClItNd3Ww1gibAtZCYpQE7KQQQLhkFpzayOWlXYCSECKQqiEZEHa4zBO41BLFyUgILOlQhERqjgVhMI4MxNjISwJJNmUWpqdmSoOpAhbkopKc9qkjTHNzUgKnGm7IUGEFKFQNpdaQqgooatVpWRSSgkJ4ZzSiaRQoJZTSytUQkQEYYmghGxPrckhYadJ4Ta15qRETtmcUilF6ZRJ26ZlixrYgEIkqqXW0qY2jaNA0MjWEimgmRKOUiNKIEkhcjRCkFOzMixwqQVSFMtAZms5RURLR1BCEKWGRESRs9RIpHSmEwE1JEUpIoqCTAyi2JMUkjOxUxGlREgG20Bi0tnSOKKEBCgCRFqhUDRnIAkcpaullogICUW2tJwtJQhJoUARpYQzp2whFCVEKaWUUkpIQpFYUiBFYCG7JcgCW5JEpiMYh1QgBbRsJkIg25lWU8iNKNGVGlFM1hJGmdhJpqJEVSjsVARFoZBUopS+BmROObUpHUJSLYoopBUOBRGlFIRKkJl2KJAsQmEhKSQ7LRQqpSBJIYWAsC1FyrKd2YQUoYgMSYggnU5HSFJxjSIUJaRoTqGQpFDIskESQCSNzMlWiTDCGSoRKgoVYaclRS0lswEKAZjoopYuFBHRwNmEa6nGgsSZ2BnUUgNZURomHRFECYQAMj2OoyQVicRCtjFgGSVpTHOUKJJKuKUkg1PzWQeponGcVBSUdCsqiggCCcmWpJCRaCCHSXtqU5saIaclOdSmySJKcTrTmS4lotY2tVI7KdKZLSOilnA6oSvVwlOmbaeQUa1hlHYpRUIyKUOtEaZlQygl2SFCIkIiwulsbq1NwxilACZbs6HvehCm1Dg6OkpnIWqtEnY4GyhCrTVFdKVEKXaCQkQJRaQchEkMEULl0z75k6Ko2SXC6WkayJxas92VqhJO3FICJLJEh1IqQopSJIyE04LENth24oxSnI0oEUUCo1AIp6QiEaFSShdBqGVGSCWi1IgSwhAh25lZogSys+v7kKZpSjsisOxEEkaSZDtbGmQEzQ0UkhEIskQhwq3ZTttOyYlJTa3VWhRhiFCts8xEwipCUuIStagQhCKEIkopEco2tZYBoClbIBLbBjmQhaVSSgimaUo7VBCSTESJEkUKt5ym1s/7ErVl1lpqiYiQZUxIyEKhiAKtlgqhkFMERJE9tUmKkJxp2xZtkiKi1K6GKulSikwUkYFBZDZJToxLqXazbSxFmAhZuGU2SqRUwJKAQBi5Gex0EhhFI7FDsh2hQJlpiCgktruuqkQtHSGnM5sjJHJqLVtO2dyAUDFG4URBLdXQnCKAEqV0vQpd6aJGywQsl9IlpmWSUWuUQJKCTFCpFSMppwYqtQS0zBA2iGyWVKPYhBCKEraxyESym1EptYTSpKldjYgISUpFV8KCxInCgEwURQSS7WwNC5yAlE4pikpL2wnCaezEdolQBIkCqZRQEM0pIULIpnYlCEmgzBalKBRIBVmItEOkqaXIlhThiIqAkCiSSuTU0ikUESKEJSGQFaVQiADTLDlURABgS6EAMtMYS0IondhSWMhZSjHGNiEJERJCIRsrFBYqURTFpkQItzQYqYQiwvY0DqWrJYqlls1pMIoSMgiD0pmZsjMdUuJs2ZVirFARNrZBCmW2lpQaNpmZtiKKojlBTmcmTkREgAi52ZkllM6xNWwUiiBtJJCYWgI2QImSmaVWO21AEZFAIgGWwo2oEaEoESESBALSaSDdhmHIlrWWIIxDGAuVUoQFtZRSCxLGwk1RCMmJbXAtxTibm1tIaUeoKKRQEa05TRgkwDaBaTYSBtxooVJrIQ2apmxtCqnUqoZpUgG6GrXrEdgqKlEQ2VAoJELZUtCmTDxlKxElipxpG5dQSAJJOJzIjoLdEDkl4RqBI90MXddjFCFZtpBESFJVJFBLxWADkpwZVUFYOFOKCHW1JkiUUDZPmW1skFObaCgUUUpoHNa2S0SCkZAUXQghK0oUhKKUApSuRqklKFEISumioPTUWhtbrbVlA9dSWqbTThuTKAKnI5yZxrh2RRIFOSSpRInSMhVRFFFLSLVWpyWCcOAJRFFM0xSlkxUmhYSwbORaqm0ZSYaAdLaxNSyU9tRaSJkepkHGZmoZCkUBgzCtJSSXlQhD4kAgRYnANmlnWmALg0MVOSxnTtOUpFtaBFJErbVGTDnZuKVCNhHCFpRSBOtpGMcxSgQhyenMVAQh5yRbERhLZCJaQkRE52xAVUlsWonaplRQSqmliyilFNu2pymRSimBDEgYFCLSCSZUFIowtlNFtXRAy2zTBFIoM21TFAo7SbCRMKHADqlE4CgFTFCaE1CJkJDcsrnZiaklQBARRAmnlVIJk7YFgRS0hoSNKDb2hJmmBiqlplubpihFEk4kULOd2CkbiYhsiQFswE5KhOWWWYpq7RoIMKUUKTJTkp0gZ8qyHSq1i1JCimlqpdbalUyrecoUDtXmNk0tQkLgkJAEicOkyKllElVtmgxIVeFUhJFCIWPszJaTpBJhLAIUoYhIZ07Z1V6hbCmEQqIQ2YyzRC0lIko6wREBFlEigJZpKEWZmUmtEcgQhESmjbtSRUxtsiEERoFlwIBbsySh1rK1llOiKHIppXbV4Eyna61914PX4ygRUfq+L6VGCFuWZRSSpCh9FaRbJplJJgoEBjxNU5QaNSSRrXzap36qbEkAkhVFUoTtxCHJlkQYZAhw2omxIEKIlk2WgpAUEbUAthUBAW6tOUGWjQpKwMbGOEpIEaCoOEMCt5bYmS2TJCvRdZ1CJjNtCIWhtRZdKVKpVSpSikJRUZQStrOlRKhgokpIEbadDUlgyZkRtdRaCqthHMcpW9boFJmttXSIiJrpdCsRLSeQM9s0Tq1FgILMlplQopRSSy12k1QUFGGnFBhkg7OUUiIQIkqoTSljNVCJIIUwCE3j1DIVsh0iIsgmExJIUSKUbcKKQAGW01GLpChSFJFGRYWCoRiwwGAAR1ckYdmJrCSClm7pYiyE0pYJRa0hlSjCkrDBVoiQMZIwCiGcpRYhQ+BhmlprLVtXqwRkghDSNE7phNLVQMKOKAldiVJC0GzMNI1OGztdVZAMJUKhEkUENiYKtu0UUaJESEZYyAC2hC1JkJl2CikKWFFlAITtKLVGaZlTTgFRqmSwgVSttXYlsdLYxoEsCQo4ilqmHSIcxkkLixBGoZAiAoGJkA1CIjPBpYBUSlWJEl2tBTuFVEpRppsT21Akg0SgJpAz7UzjokLISbNxYskoZCnTUQTRWkPCSSYKgXFEZGZRSSc4WwpJ0EwQgZua07ZtQCJNX6rxNDaTRSGwna3ZpA2ApWK7lE5FOAmViDY1iVIiShUOg6QS2JmpUKLM1lrWGlK1s01TMyFFCU8po5ANTrs5bVsSJkyTjaepYZeuYoNKKWk7kyJMklilSEYRSiTSQi4RrTW72U5bKFRNtswoMhij6LoaURWEVEopIQvZiNp1tcpYUcBIEjZRopSS2Yxt204IWQqMbWemW5QQSgM0J0ZRS8iQTkDIBNlaS0ARaU8t3UhRFBGSabbJUEhM6ZBs24aIwEYREdGmaWwTUo0SURWEagRAkdKJVErYmoZham3Wz5F2dy8ul8ta+1oUUSWcjiKjaWrpjFKqIjOxEF0tRm4poSilloiopRgXleaUHCpGITnkbAZhh4RQGOfUJEVEhESUWkNClhQhp0NBQGrKMZvdkpBtkDAGIYgIERERkkksCSzSaUdElYZxKqWUWkhla4bEERHI4LSEwrIUAoVIBTJomgZBkbATMhGJSzrdMqIAEVCq0omiREjGoTBO47SK3BJBYiwUIRwAIIVAUhhQ1GjpiCghqSQtM6e0AmemTUjgdOJsLipJA8BYzimhRlUtBVQiQjVq1MiWCIWAQMiSAgtNmbUWRRABSBKAhVSULZHIZoXSwzTmlJbAyCBCUUIKpRWlq32tkTiIxCRpC6apBUJ2SgGiZXM6Ssy6TkIEoFAplWZEElEUtUiCkBBkTgg3S0JSkY3s9TR2UUNCwpmZiiLhdJQIRcvMlkW0lrajREQpEYqwcxgGoShBurnlNDldaylSQiiiRjRETpmZYCMiYrVe55SlFrc0mbaMQ5IxGFCR0ghKrSHZlp3ZKCqqmW5OewoHIWyVIsJOSSFJEmlFlChRSy1RClBrAbK1hEBIIUdICNtYJkqJKAoBdiIiZEyzFFYoU5DZbBMqpUSEaUIkKqIZMhMsZwpLIAu5iHRECam1VkqNImcmZLZQRFRhJKGW1C6kmForUkjGkqdsNTo7jUGlKCgEcjibTbpJihAQUtd3ws5M22RYDrBRKACBJYokCbu1dBDIotZAYbecrIgohZYqUUqRUUhobEOJUkoAYDtLCEVEMZZCUhSBo0S6ZbrUgkprTaF0llLBdrYpa0SNSkgIgY1KugmpFGEkORUlbYVklVoiZHvKFlBKiVCCWmZQPv1TPymipJ2tEUjUUiMIqUZB2AFIgTNCLR0CwlhAFEmtNQQKIACQooRqrVGCzJZZpLSFTNaIcZoCq5RQNKczSymlKNNOmxREqSVK1BJIISfNUyaIWd+XCBuMoGWmndOUTkSkVKRQqIokiqLUrkYUQWZKSCUiVEpO2dpUSxFGdKVipTMzkaSIIhG20y2iRiEoksZp6mo3TdN6HGpELRWkAEUpgU2iEmAJo0CKEDQySgkFopQSCosip8GCBIMB7NYmS1EKWChtWjoUCoQibNtNlKqIGhA4VYUtJMm2oZSwCBEOiiRFVEUEigjSaVnIilJUizOzmVBECWFozY1UFOxEzoZECWEbJIHBzsQkqQTjAGebjCJkZ0QoFFGBEiVCTgspQCFjpyQFASohKxVyIilKrcXpEqXJmanmyc5MOwVpTHNiVKJEAUyEBFFEZDYs3NxMUEpEhCwjhQDslokz7dYs5GyJQjYCSkhIkoQEUIjJjgiBrZBBmVamgyghRZIQIAApBCiiZLYSgSQUIdvgiKiloDC23bJFaGrNWColyEwsYUIB49QkhdTSmenMCBnIBKSQnLYgImyACIXUEruR2LbTlp1AjYIT4czMZqkQCc5MLGFjyGyqUUtJcspJYpqmqWUUhUopIRUDSAHGCGcIBIABCYekCEXYBLZpaew2TRiAKCGKIjNLhJ3DOKTdd7VEiFI7KQoJQURE1CglIkgihFRqiSg1CiE5EwrhIBQRYUR6mqZahUFycypFSNjZMtMOqZQQslFRRChNYLuWEBGKqCoKEYRbGtuEkJ2hQAWEkbHTOEI0Z4KwJFtIJUxijI0iQhmEpJAoEaVUhQSSShTSziapZQNHKKKkp3HIWiMkBYDCyEEoCCACExE2yLKM7Zym1pUSpSChUkIt3doUUQRGgqQZtcyDg4NpbLUvAiJaa0mzKUUQElcYJKRo2dxa1LCTltmy1CIVRLY0WUohoeAUQCjAICkznagE4JaIohK1FBVjjGqQzWmpRKFNxiZC0piNRkil1MzEKISEHKFQOLETGQkXhN1smqcIRSmlVhQymSiMHQQhJ5KilBqoRFFELRFhsJ0tBUCNYnu9XrdpVEQtatkASwEqskSqlJAsZFJBLSUUCEyITDJtZ2tNCmNJEYytgRUlW7No9pQjjVKClNPpxNgOqUREKEqRQk4MRiGFQqGQpAihCAIZiFqwJNm2KaUIgVQCyGbJJhSWkSwuczY7nUigacqQQ0WqEpZsag1AqEiKEpIUkqKUkHA248wkQwUhMEQEGEotYbCNqV0NlbRJFKVUhcJOsCIk2YklRYScKAgHdqggWUliGIZV13XCq2HMcUpjUVTJNCiEs2UqIiPIFsKJDUEoWiao1KgRzWRrQtFV5BJFEiBIp4nWsutUogMkgIgSEVM2t3QaSZCZobAQWISKoIQIgFBgMHa2bKWoEJaLSqI2Di1doigURU7bCmSIErLTWSQbUUpfimSU42SJdBRJRZCZESohqUSUCLXWEhAqHVLYCEJERIRMkqASpU1Tk4tkMWYDlyhgkOy0IyQJK4pMi1q7UlBkZkgRQgLLGKUzRFdrswUREYgUQXEhcIJcSrEdRaJIAAoCIQyZrWULKWqJ6CBRIGFLhNSMhJO0sRCgli0IAkmA03KJIkkSU0uBZKKUGtmyTU1gkXZISIqCoLVaa9p2a5lBKES61ALYgJ3IUCRZChuQwpNTdmZKAtsgA3YqIkoxbq11CkvO1oB0gBTRlyACNVmO8mmf+snGViKcZGsKQZSuOGW7lEC4pcmIAiaK5ChFSDKh2lUZbAOSiAgbSCMRqlEQQikwpRSkiFJCKkG6Ods0ZiYSWAqVIhjHsYioXQlly3QKIgIpbZO1K7bdknTaWEVRahmnab0ahCgKZJzTNI4DkiLslEIiWzopEQinEyKi9rUvFcLOKIG4XzhbZnZ972yKIhRFCtkNRak1swlPmYAxIIWxkJFJQJaNcRLYaQNGIUkxTS0za9crAlQiSg0gk1JqFFSKkCSkQBHhNKiUSOfUmgQQkorsyJxwRikhpSWBZDAWGNuWZDUhJMgA2xI1ShRhOV0KpRQggnSOrYUiwAqRLZ12EKBQKCKQ8bBeK2QLqSul1FJLJ0XaESq1ZGtWSBaKGhKKsJIkahVhcBuJKFFqYAgFGAihiAjLApBCQrKzRCEESCFomTWkAEkqKipRIgQYIkIhp9NWCDtBVq2RNkgBihLK5rRRSMrWMh0SzghFKc5MbENEqRIhEEpSEhiEACshlC1ThsCoKI1wiRIKBWm3lkAJpuY2jRAhg7CiqEQoAmh2kKhEYKesxMokopQSEhACFBGAbUVUgSilAG1qLZOAUIQIpACRjlKLZEmhUJQStiMKToWKSpQqAELhNG4lakRIUkgihNJRS60BSiLTdkpSEIoEhdwsORFQQgQ2USJKJ1LI2EGUsJ2ZkkrXAc5GlHSTVEqxMUSAFEFmGmMMKtEFLcFWiRBOOSwQlhRRMAq1dBBRQzKALSEQihogwk4122mZqDVCzS2bnUoScNp2yFZpU7MVUmsTKHGb2jhNQiqKUEhFMoQUEiGJtCJUVCw8JSBhp5CdtksJFEYqchqVUCiYpuZ0KbWWoBSnJTIJhVRam1CUKAoCOx0RFraRI4hao0QENoKcWtJKhMFWlBJonFpfy2w2V6hEJaIv3Wwx62snhUHCLadsghDGoECKkk7sllm6LhQmbSvItJMUcoKmNrUpBZKQMFEiLNKlhExmIlTCYOPMaZqmRBKZiQShgJCoRVG7vq9SIEKSIiJsEjdSEKEESSrY2FmilqiAM4WQTUQoSqgWQSiMDYTGYTKEchxbaw0F4RJhICRJtkqEQihU0imJQFaEMltIiqIShRAlQmmQJNlOXAuKUCApSimSI2SkiEAlCpIVCBlAMk6sEnJEiQhhIuTMbKaYkKRASGkLlShWYMZpsk2acChM2pbCZKadDbuEiJAQQopQazaWJMJQFLIUKGQynQaZCKkoIqRI2xARYNvYziylpK1QUQkoRVJYKiUCKSTJ6VBEKFAp0ZqREyKKBGBSRBTa1OyGDdgAKuEUgWm2StRpXIuopYzTlOkoUbsaUaIEINFGY5obSY0otZRSQAiQAkkRYZTpWksoSq3pRoMosqc2BRGSTVSkElIUEoBaQpJwkaIUACETJSQpNI2Ts1mkCCJM89RAAhFWqGRxSBEFjEIhEZKymWzNFljQPDk9TRKSEIEAmUYGhcAUYYpCkc3pTBxyrZ3d0lkiAkzalqqzIUlIhCPV3FKhICTZFBQRLVtECCghRUQNTEh4GKau72zbmU6hUqoxZGut1gIoZGNnRMlMgwIRBODEzowozhZRIWsJleKWFCkKNhI40yAJJEEEEUFEqQE4iUpI0zCWUqNElIiIbHY2gUVEKCTJVqhE2FZIttOJUAgsZAsyE2ez7cxQZNqZdk7jRESp4VSBiKISU2skQIQUEUVpY5xASoVA2FZIaUshGMZRUpSKMyXStdRSCkICm3Da4PKpn/KJNtiSSlSjUiQhS2HjdJYIyc0IgzB2KorUrBrCkwlFSCBBJgqbKbNEhGScxpm1hEK2I2Q7caaBiMj0NLVSSokuSnFrzU0URGabpqaiWmspVRKJlWpQ1DJVakSpoVKLpLRbNtsqCgiiOcdhzGy1dqWELWPszGxkKLKlgkxnOsChbE0iosqAVAKY2pS2pFIqpmUjoi8VFYUihClRJElya0bpNAZBCkcpgEoISpTMbK0RCskkBHYoCEkKhSJIY6IGdkSkLaPAxpA0pkxlazllCrCJkORMSNtSIZDJlpmO0DRNAhSC1qbWHApjAUTikNJWKE02pxuo1E4CqLXUWooiPUmBqVFKFSaKotT05HQJlVq6flZK1KjpRFIIkgR7nJqTCCICWVImLVuoEKVAOp1GRRiDSoSa25TuIkykE4UJnBERoVCUkEMSEYENaWtySiUkO0MREQmKIjNNU7bW3EBhVEKmlLAUCoUBiBAqgYRxa1FKrRWRLSW15lokSXImRGQ2ScaSQiEkBISqbadNqyoIQgGWAFC2NJZCcghRQlFrVUiSjW2BLNs2gRVFyJIkCwQQESjsyY4kZSAE0VVSJqXS0naWWkotNYoIy+GQJKEiZ1pEiUCShEBCLdOiKCJkSzaoFEWptqMUIDNlRUSmMUkKApVS0gnYpJtQKCJkS1hSRESEUCklUGZKMmCcrZQoJfraBxGEcWYrKpIEQLbWWit4ailFSJDOlpMJhEopyDllFAmCQIqidAoQIRC2W6YUEcWm9l2EhJBA2JJwAxKT6SRpLXOaxjZmyKXWrusVEoYMkc0u1NKBJZWulOhsCyC6GoowtMxsDQyhAiZp09RCoZCxwUJCKKIInC6llBJCtYaiiMxGCWMhlVoVgrRlnDkGYRElSpQoKhFyRKluLS0bMMY4kIQIhYSJCFpEiYiuVnBBRjhrrRFFciYWgUBSAUuybCwRESVKKSHJIJAiILMBSBGKqAEqAZgsNWyFMFYJO6dsmIho44RUuy5KdU6GoCgkspRQSEFmy0wQJKHWppZuOWGDbUKKUsmGVBCEbUhBtmxOBSXCOCwinAmUIkWxnS0jAuH0ME5dja4v2ZyZWDbIXd/XUloapyODmFpzpkIyRJUsCck4VNKtTROgACilSNGVmg2HsUBhowhju2VL2zhKyLKILrCDCFAEtk1r6VDLxIRCkm1spyVFaD1MmZNKLQIwihJOAyGlLRyKkJqNJFGodgIobEhHLUUSYQGO0DiMY0vAmZmOUjKNrVBRIDsRIgTGIBlLihLGVqQTws60M7O1BBAQlkNRSkgICZdSMu0EEstSqTVKGEJBkFOGXCIUUUqFVESpJacmVGuNUmuNiJDAOTU7HaVEUTarCwEpK6eWEYFwZtpSRAkjgUWNUqOA025jK6UgECWKcdogWZDZmolaSyEoQWutZZRo2QpSCESEUJiI0mgtXWuppYYEmjxgSq2INrUSRJTWpkxnNgKpSEK2FaCQJCyQPdlWKSGJFMo2gWvUiCgRkpzZWk7TBAoVYUslwhCBhdDkiXRiHJJCihIiCIQhSgkspDBJ4nTLBCc4S0ROaeR0tkypIBshJKEQNiKwJbWWRISctqHZwhFBiWkYx9YykTxOIxgcEKGotZSiiJBF2ESEFM5sLZ0gisIoSuC0XUJYgEBRaJJobcQEoSAhgigICQoFLAWXtUxsSYowlChkIy0FEWRa1FJAzQ4IEYpSi6Q2TWkLKQkhFeQI0pQSKLoo4ObMzK4rshQKbIgCRpIMgS0mR0T5tE/+ZAlERIgoxSKcMg4VADtbSlEisMDTOIGFjGzjdEhktjY159QyJFCNQAJDWECUsLGF0+DWQpQQDnCpUaJEqNawhdI25Nim9WpdFREl0wEB6QRRo02N1iKQhIKAIts1utrViCKwE+hqF7XiRDIOZElYSJJKYLeWzlQJoShSIrAQAkfUvqtFkZnOBFkKOXFXC8SUTVKpFdxa2pQSpZRayjiuZRmVKGlCSMopJRkDIFlCKpaUzSYT2y3TYMDplk0oAQQZws2JIopFIaJGKRUJnGkRSEBIQjYmo5TMhMRNKiDLEVEiMCHkcGA7Sg2FlIVQITOn9VhqMULKNmVTKaCIAimF0siZqVIijeSWdkZ6aq0hkwoJySadyKAIsiWQzlAEkW7Lo1UJjE3aiY0yhK0QKgLbjlCAQzWKEIIESSoRypbT1LraK0RiLAASuzWQnbaJqKUKTBaVKRuSDDKpbC0UUauQhI1CgSS1TNuttXEYIoRkA7YtG4sIESAEwunMtFJCUpQIScgS2SAicKYIpyUhSSVEujkElFAokrQzndillFAQFuBElFIlSRJkAllUpbASoBnShrRpQUgREgIcLs0TRFWMbZymSUgInEkmhlqLjbBC6bQIAKJ2IqUoitbS2Uothogg1MbWMiWVCEColgJhjLAxFiEuszPTZKggxmwVKcK2kSSgZUuaACwpwelsDRQhUVPplolxZIIMUaJwhUIRSE6nmxMRISmwsQgHeMoskqJEKWEhpck2EdHaJKKUkpkiSl8wkkqpYJUI1DJthxQlQBFFdshIUUpEEc60gACUdmsNUQkUEelEUli16yRySkNIUiBht2kSMkiy3VpiZEepBJmAaxQJNxsUSFLIyJm2BJJJNRIa1pTNtL7vkZyZWAqT09SmNimKTRoJRdgpsA0kIWEL0UXUripkG0t2y1ZCUhFByNh2NpcSRWEsRa0FydhWVAlKKZmepuZMUEjNxu5KFxElJEmyRAiHaqkKIgBJCqIJmXEcSFKUKK05aZFFIqJIlFJbZqYBlXAaJIEEZDqxDWmLiLAdCEhTgogoJUoURIRUwskwrKNE7WoAyPY0tpaJHSoOlGRrpVRJwkgGYzmnbHaiwMaKkBTYtglCgZCdoFCIls5mwsJBsehqL2O3BBQlQsIAbuNYS+1qQWq2MLJKKArplk2UIpodCgWlFIUwihIRrbWIiFJLkVQUAWCMJJksXbHBKMBurSGk6KOUUiICu0QoigIcCIUkjJ1GRA0ZG6UVgUQaKCESCyV2lloDkArFBjKTTGMUSre0QxURSjkoIQtcBArbVUVFbRiHaapdhwNBhIRCQtN6mJJsWbtSaum6KBQVkQiQ25SSpRBGKlKJgmUP4zhZCpiyuWWEStdBACA7s6WRQukUAQjG1lprUiiKIiOqzJStlBqlCJUSkghwlFJCNIyRopbSbNLTOKad6XGcotRSA9SyyUQpskpRNhswzS1bYruUUMHOtCUJKAHgcZqkWmvJtEKSSldECICQEqYpwbKKAqcBu5RQqNk5Ts0YJHlKikrEOLXMnFqTQ6FS63oYTHZd6fo+5ZymKBFRFAEgFHLKZGbiLF1XVSiSRHOJMKgUp0uE5KRJkWkkpUrX2VkkICRJEAqQ5ABkTNopRUTImjJxs7O1pohSpQg7wWMSUUK2UxEi7AAhpZNQRDFOZ1f75lYUpUrE1KZxGtMuXdfXig0h3KZm2yZqDWFLONNpE6WUMJawASNyahayXCgKpyOilEjSiSKwhNPOnIRsKaRQ+fRP/eQIbDlTUigys7UxSgXjTNPSaYpA0fW1q9UKBBiilAhrGqdsWUtRiVqrQBFSmIadiW0b5JDShDJUCTLdcrKIUkOhEI3MhkWEW8vMrvb9rNoGt9YsgVq2ApJUAgs7M0MEcmI8DiPhCKGIkEIyUUoIMrCNFaV0pUQpIUMpERFFoYhASJlpOzOBAAIJqTS7FAlnuotqk21qUxoyp5xaIJWQnQqJTn0UgdI5jSMIKZ0RUi2BjIVMA8nYBJLAiihyZjpKZDpQuuFUFKM2jaWWUkotoQgEtqQqNRyyoigUqgGEQNhurbWUIkoookgKICAhkAQREYDspNQAOY2wPU0t24hKFFBgZCVutoztEgWnsQ1J0rK1CAnAmXaicJSoURVSREgANhES4zTVEhE1QhEhRSmlNVpaopYqIylCpKZsTiLUcKQT3KZQAJnpdK2dwpktnYqQlDmplJYNrFCNECVJlRLGWBZVIMlSDWXabo6QQm1q0zgRlp2piMhpnJoLgQQuiijVOATYdiicDqllU4kgpIhSnU67TRMmijLdMokAC5VaMOkGEYCxLQlZKAhUEJKmluA2NadKCWFbCAmpRJGxwNnSjhKKyHRIiSRstWl0YlI4AYnMBl2pCtkUKUpIpFsRSbSWTnclFLIjc8y0JFCSkgiJaK2RrrVUIkqxKEKSggiFZQlLWEUqkYlxtsypUbqCM1MqpcqZgDItOY0kK3G2tC2FhCJE2FOUUiJshCQhFxUHZGs5YSmddmtTRITCBisiQHJkpAhZJksJAWCnpZAiIlurVREBLrVCyEYUSqm1lDCKiGkcwaDMtJtCjhAKQrLTzcbZWjqRkK2IoBCGUMiZBknYmQluzZJDYdQyS0SNYqcipmnCaWFTS5FkOyIATBonQqVUuwllOjMz3ZxFKuqilBAlqmFqTaJGVQ1AUoQUitIJGzudEKVDkrgsgSgoZIgSNg6HZAkURSBjT7azq2GwENjZ0kAESVNaKG0FmGxZakgBjijQ2uQIVOSGFGkUIRAysm1Ip9yi1Nr1Eq3lMIxCJaJUSaEilSLbOAJJJMZASIoSihJBIFRqIHJqUYL0lM04JCuctDZEFKmQDlH7LqIErId1pkOBqBGqASEySvTzHpTZpFBg5EwnmZOt2hUnBgEiM5EwklRCJu2WCUpnESKQnEnIymwTIMsYCxRCKrIUigjjtJ0GlVLdnGnRiEhnCCQnYdISYGGnHEQ63YxsJLBcQoViIXBm4iSLIls6rZCEwa2VWhWSCAsJp42QIG0RJUqmSwlD2mBnSiJCqJZSSwFly1JrVyuhlgkQgEzmmM2qJawmo1KzjePUIhQRRuACTTkN00RigBCllFqLCGe2qQ3TSGZzOiHdQFJm2oRQFEm1q6EA7DSSUEQ6QiLTWApJtXR2JpYIyQZUI9IUISnbNGVWpJAUCtkYMEBOzkxLktLOTGWazExaKpStoShFNCeupUMi006b1Xq5Xo7pjBIlwrbDSilKlTIbUghaIgMm+r44yUwUJhEQEgJDm1pmSooSSIiikKUSCilCEUhI4jI3KUoRUKMAQI0iERHGpZa0JUopWHaGo0SoyBgys6kECJs0gigCMEmmASkg7EkREQKVqCVKiXA6SgQGpXF6ysxsgZAwkCkrKKUqQhFOS66lEEpjEJYKjXSWooIQTmdSS22ZZCsRhlKKG1FCCjvtTDsiaAIh1a4oopYCcoqQFAgFAptsLdvU0hG1q6UojEoEpIpIGSkQLiE5HBKWgMBKtxJFRQicCUFVkW27lU//1E9OSwBqmeC0JUkAmW4tFSoRRNhtGhpYgUJqNs0ZEs2OEFKpJSSwk5DAYCOTEVGiZrZpnLpaCQllumUWBbawZbtJilIDERJRa7HJtEVRKQpJUUJBKRWwsFtLlxChzAQUIRWQnZmeWouwIazJLTNRGGQiNLVmpQgJQuO4HodWaqRTitZaqEQJZ04tES1bJhLONDllA2qpComIIpUIyYCIVFSNrTVbYFNKiRKhUJEThWSnLTCEomWGTARWKTiqSrRMia6rUoTCzmytTdRSFAqRpIHETiSwE0UBTGZzhHC2qUUttetKiczEtpSZgqKiIG0MyDLGpM00DAmlFEWM4yhFDVrKpBMDBgy2JWQZKaRSS4kopSpkI4VtBEYSIfA4TIjWMgUtjaOo73skINMBisCpUAml3bIpQgrhlGRHSGAhhaTmnKZ1NpdSwGmMSimy0q2oU5GMglAxTG0KVEIZdgMRIUnCipAinRKZaey0AkGaEMbdbBZRFLLJtBXgCNkgiMhsEcLOzIgopVhS5tgm0hGUUlrLbIkcpZQoBjkJIQmjEGBNpKyQIgTZDEYYBThK2CiUmRhQVGWzPWEUIRxRJJVQSysAJDWUThAhES1bRNTalSCdCYAQgZtt1ygqCkWCkUJAQAKZ6RQKhW0gM0vtqCEoimnK5hSSMLZNZmKhIqWNKFEURYAUyG5OHCjBEaFmy6YENggoEVGKwMpxarX2CjITgVUiEtowTlMqiopshaSgll6BRBS1bCWULbO1EigIRRQZ2dlsN4ckUgpZLiEkAlKCdHMiJNMwGShqoRElsrm1VCgciDZNCIUwiaSWptQKIqxmK0UoPU3NNJWQiiBCMhFh284SRV0NW4rSd1IoAhsDRCikzBRkNjtNlHBrmVhFpdSQECIUGqcJVLriqbVpqlEV2CoKFXWl2hkhSW7ZMqsiopgURCmSnQJ5ShvhhK4U2yIETlA6UxGUQjrTmSmKJFkKCYkApVvLFJJUSjhbRJWV2aQytallyjKWJAFu02SDcVBUjDMT4dYAodamCAGZTmdIIONsNikXREQRrSXCEgbZigISjpAsh0otJQrQpklhiEzLjlpsSxGhnABLpdRaSlEUoZAybSQCk5nI2ULhacpUFnVRVKNEhDNVwCCVEFaKMClDSMK2Ucg2IqKCV+vVOI5SlNo5nW6IxIAKRul0YixCJbDTqapSOtJRS0RNt1DYSqdC4MxWo1MRdpJTm3KcbLAzE1EUioKU6YIUEVFUAru1yTYqiZVWlHSCDU7bzjROG7tJQsKJw5kRpZSKCMl22q21ZteilnZLZAEIky2jlFnfKYRBERGYiABLGJx24FQt0dU+QhikCIWCoE1Ts/u+KxFSCRmMjQITJRSKCBLbQIiWiRMVSMullCiyEULGtJwgiyJFSCGAzIZdSkERpZRSSlckKQ0KKSIwUhAuKk5PbcqWCkkCVGtRaZk5TSVKKkFRVKNGjdYmN0dRKVFKtHEap4nMWjskFTKzNfd9hxjH1tUOYbec7EwkKUASuEWUaZwitB7GzIxaSCPllJJSFoDcsrWphDKNLYVRiVJUIsJYUkhGyEiKwMbqSi0lAKctR5WtqWUb23oYgiilgJszQhEhhSUJQKXWEoZMQ2baEqZlSooSJWRC4OakYbIlkkK2S4m05TAOyZAtLWwiSoAsoTQmIUWl4AkHpUSUyJbT1JBby2yZ4+BQWNlSUoSEVMuUUymU6EJKg9zszIk0NDsklIoSqiVQkQi1lsahwLIEAheFHA5LzpYt0waMCAUFUCaKEMp0V6pJp3W0f1Gh1lopHWQgO20s4daahUoUy1NrOU4OikIREQHCHrMVRSkFrIgQ05SWhbClsJsJSZFOuWUjVbuSmekMhQQURZYorbVxGLuuLxHrcYwSInDaBkslcS2RtjMVIcmZEcqktUngwGOWrjNIlAjI1mxbxhHYpRZnAlJIxhgy0xgibAIpWqawiSRrlAi5WSLt9TDM+plMoxXVaRwUUbuaMulaSzaPw1RKSCLAODOlQHa2NkVELZ1l0gaFnIAjwgYoMGams6iUGs4cpxGiK9WkhYzBxrYKQhGRLW07gZQiQkbITrfWooSQYGpNIdukrAwpag3kTIQJOW1bsi0sRbbmEmFIooadrWXtOts4sdJWqJSSLVs2iRKlTa3UYlLIEETadtqAIENShFDLBkgRMsioSM1urUWJkDIzIAW2AbvUDpAdpeJMZ2upKjkE0zASlFIwpURLMgkBTlpRVShtIZNpi0hnLZGtZTptSRFRkMNOImKaxjRd1+MsKkNObq2WahmTicIAmRJp2USRJKclWZKIpAGynUq1nCKqgmyJ3JUORIh0ukmRLRWkHRFOsKMWwJkh2R6TYBJFIUUhs7lhRQmsCJnMyZlZarEnKMigkCzcMkqVbGNBWpbkBmEUatmcLhGZshp2qBAqoRSaoOAGckQgkW5tai1VFFJLR0gR2VyUbUIlaokps5RCpiVJ2VopJd08ObqiZHJrLYFQKBQ4TbbWzbr1aoiIiFARVmZDCNlURdpTtqqIWshsWEhIoUzbqYiqYmU2RxEo3dysCIuppTKFbKI4QZISlVJQ2g5IC6UTg8jmdIZChRoVAW7pkCCcDSFIk2QACqF0w2nLii4iSTeHRCid2NF1HicCKTCtTaV2yOGYcpSj9BWU0xiSorRsUjgbhKUgc8qoBUlCJrnMaZNplCUqCpxtbIYSYTlb1q6icGuZTaFa6jRN4zSplL7U1tI4BJIQwspMwlG7ktmMnGRmKZKUzmG9iqhRa42wQSmppWmmiLREKZ1JRWAwwoZxnNo0dn1XSjHOKVFkTlIJyeGIkpOnNs66Lt2QbDkz0+nW1T5q0FKhNqWlKo+pEiDjglLYRATTlNgiCApKOzNV5HROiRwlUEQptUTLdKK0Ci1dRCZRY5qmsChh2zamlIhQmkinBAZnS0VBzrRsRSjdyKA4wJZUSslMleKWkjMzoSAp7IxSjMl0KJuxIBURoWzGRppaKwUcEWEnJiLGnGqUkKaW2BKSbDcaLhJBQNauZpKtGVKpjNpVTw0J2VgK0o0sCtvIICcmo9RiEme6CEt2aw2g1hARXclxanZVociZbWqIiMBOu5SwnRAQKoBxkqAaapNNtskRihKY5gwBmtoUilIKtkUgGyuRqsrUMrMpVFSQTI6tFQV2V6tFTk43pACVIshshoCWBoeKZVlIgN1QZKbkiBqSLZEGWyajSJadmYlBsjObo0YpNVsKE4LI1iQrQilklZI5KcOgio3stCABNVQjnaQNJcJGIfBk1NrQ0tNU+i6nEdx1fe170DQM6eYkoM5mAkNmko4SBowkhYGc3NxqlNrVbA1hk7YTyBI1FMiZTtktrQwVmZapiFrC9no1lFJKV4GAdKZdRNTO6ZaZrWFJiQKELMmE3EAhjW10Kt0wXdcJnBiXWtIOyXZrTeB0CkxfC6WGNA5Do3XRW1mjpAm5WdM0laJMkygkpVRsMjMKJSoItykdCElhCGcKZWaUsOSpEQ4Xi1JiSmcbpCJozaXIaeMkhWb9zMnosVNtTju7KEjTlCrImjK7EiqF1sYpI3BEWHZK2EItU6WEIafJdiklQqIgZ9pgXKOkDS4RkxMkCEi7RAzTJDJUyqd9yie2pCicbZpyai1KUUQ6saIIMERghChRpLATEiJECCRHlBKyhcDplK0ISxic2Clj1VpVJGwUCkVgnC2iJKRda4XMzFIilRERgrAUKgph7ExbaUu01oAIKSi1VFUkOwVJ2pYkZBNF2Ywt0zJtk2mURokiFFFLIZSTcdoZpZRQTmm3ICQlaXDizCgSpXQ1SpFomaRJSWQ6Stgtje1aAgJSECWclsJCiQVIGHAaEyUiRIhAKIVAUtqSoxQkp01mWsJka00StqIAhEDORg3SRSVCmTaqpYAsC0oUREi19GBw1/WZFi61Ro2IiJBQRJRasYui66uiZKaihowpEQnORiCpSJlpiIhQGNIpo4haotYKbpkma6khARiEJGErLMseM6dpclomihSlZbbJESqllAiMSSPsYZqyZSgg5LStUqOEkaRMQ4ItCWdaJRASbnZmCSH1NdwineASVZLQ5OaWCrWUnVFKVwqieXJmSOkU4UB2KYFBgWoJlRpYQgACKAoj22BZqYxSQspmpKKQhJBlU0tpTknj1EBFUhTkJEkym92MatAamRlFdmZaUKJESAIkkIiuhlBUBaHiTLCsCNkpLjPObG2yShfRcmpTE0YCjCXSVhSwbTItYZBDgWluKMcxkUMiSpRwWpJIokZQSrSWma1ItjPTmS0TUlazI2QsFFJrDVwiiCBxuEaNCKcBEelWFDiMZZymqFBUABBYlpEFSMbGoMyU1IwyQaDWJhmRigDXCEWRAoOiSFKYzJaZbm2UhJChqJQiWTgnY5pbqAhJbiCLiCKiFEBCjrQDOVQlJFpaLiUQ2ZytKd3sggjZJiJQNmdmplum0ybbNFkKhdPG0zimHaFaS9Qqhd2kcNo2EApFEBKiqIuwMVYIybYiIpTTSCgiWqaIKSeFuuhUZRwRtg0qkhQZCimUmel0S0iFnEkmJQRSAdIWRiEkQVAUiuLM2hWbsBDpnKbJ2LaxWxqkQOHMKCWgZZZS3ZozwYmDYmOIEpJA2E5HhAIpIsjEcigkRSky2dKJRCkVARZqglDXdSXKNE0R1OidOeUkSUhktmy0bITkEGBbKpnNaUREBLbkTEvYFm6JJEkSFjjThEqEpVJC2IRkEXaCo8TUjN3aJKJ0BYTIlpYEmAhBWgpDIMnOrtSQQMgowMYhFJGZtu3WUEQo1BqlKFBz2s50a5MiVEItQ7JAiEQhg6RAVoQkUGDCzrTd0sZEyGSbWmtYDoWkxOEg1FpLDCgESEKShEJFAEaEwSJbk0IQRBRlkp6AiCAoIYQURbLTBggFQpDGNkZyAKF0ko4IoCAVDDZ2NlKmlAICY0eJzIYEYVIWEEIKSUAXAVIIB9mm1hJCJtPYgF1UUAg3Gg6nc2otWyODCNkADkVzG4dGpiIIxmHMtAg7QzKEIsLOtCS71GKbCIGkEkUAqqWUrk5jm8ZJCknZWtfXQqmllFJNSxQREZIAFWEj4cxxag1XBQo7iRBKQ0SgUkMonbISC7BDhYCUqorC0MYWNaJEiUAgSCQZ0ZBQiVCRHKWGFBGtOUCiJYEhgBJFULpSSpEiqiQJgY2jqEaFIBRBUTgCY2xSVomY2mjARkhM45jN4BrFohAKgVQpLumccnSaUEiSbIuIUGvNloKqoKioONLWOA05tVpKqQVCxTVqrTUiEkeptYSlqkAUAZE4IsYcMZgQKgUyAVFqKVGE7YZIGagqjbTddZ1NlBDRWk6eJNtyZpJRIlA6nZQAS4FUpjZhY0VE+eRP/mTcQkocUi1VGFvGZGu2jRVRIookcEREFAhjhWSjAomZWpumFqLWHmETyEIW0NUqBUiSM7GAkCJELWBnq6UCzUCAsAGDjUQonE4zDENmU1EtVRQCQxBtmjKzRBjVrkSELBtwkkpqXxVRa1WREwJDYBVlpnG4WG7ZWjpK6UsVbqQIARFYErVWCUwoULZ0ZtrOlnY2OyIUQCiEcXOUAGW6RJRSBJZRINkpQpIiShHglqSMATsz7cwiRSm11AgJMtuQLVCtnSRJhZAkhJyZaWRLQlFrjZCw0wqqailVxSBFSGRmGjubXaMgZToiAlkAhAAR2TJpUpQSzmwopFBEhCRAoAhFSEYRgDGyrQhbOG33tYuum6YGIk0BKyQgokIKhaKUULGiIoSQS61AKDIz00jGmRmmdBVs0zyVUmQsAKEiSRiBcSCcYJJ0OBSllNYys4WkiCgRisyWrUkChxzRFWWzs6VbUykQSLYLGNIuEaGIABFRIiSMFCFBZiqkiFAgySrCEFbXVURrbpkRATm2CbtEUSkBUSuihAI5EwlQkRDQ1c4WTgAMGNt2c5tGg1uzEJiAtJ1pRLaWgEnSjRI4SmaLUGtOZ5QQchqMSi0F4WYLbCnSCWF7bBMOiVoiSkmT2QRCAbbtjCgmM1sphaJMA0IhTc2BSoRbWtiUCJAtKUORziASKyRhYwgiIqKUEiIEZGatIUW2HNsUUbBbNqvKDSJC2RJo2abWWpuymYiQSlcggBphBU4LKUoEiJBtKSKCIKKUqJIiooQcCsLYQY2C1HJspoQCKMrWnMbgUESJiBJRAiScIaWiKG3Zte8Jaqm1KzjSE8Ypwk7XWlVCiExFSEFIMqiUEhEyBDZ2A0At0802ltMZaSmlOk2TJckKIgIokq1hmjBIISmii5CidsWGliohFAAIlRJRSyHstJEshbNNzZYjSikdQiIAKKU4MRRCJSJI5zS2TDc3bLBREFFUoqRwOqRai0qRBESERLplc6lRSicboRqyQJJFtGnMdETBTlsiJEWk085sk0oNYUBgIgKZlMAYQCiKwza2SdJNpYgQjlJUIgyK1hK5RCgCjJ1CkslMGwUkoFJDlkHORMgowgYRqIRCmqYpMwHSkEa1hLO1liQGEQSBJEcISigsZWu2VaKEFJ3JNhm5RBGOCANCwglgUSQUIWwUlFKjRGsZAG5pQmG1bFIIWwrCmTZTpgwiPRFhZ1pFRBQrLIWiVpWoOJGcLTObzZTpCVQiAEnYaQJLwooQEti2kEKSEjux02RQVCSUU2uZTkW4NbfWwBFRSjFubXKDsKJECTKnMVUUItMKSZGpIAkFUYqkYjyNIxEKOQFL2FKIAJUIpqkFVhSJsABL2BFgISGVUtPYCWnTla7WSMjMUlWoKqW5kSmrlC6z2a10tUhGUxtxEohwJpYk4ynTTYqAIFEUZKFxGFtmjdLPepwtndnAtdbSFRDgIuEpLSM7bUIgBM4IQWDXqCqhUIAlp7GFTThbtlTR1JpJgQPsNMiFaPY0pXCpNSRFgJ2WwEY2UuBstp0ILNspKaTEShBWmoiIiBo1WgI4UwpwKEoJjIioJURLSMhUgUQKRWluEVVY0KbE9N2s9qWrXUSEoIQznUlKJZzOZlFKLa01TEQoJJNSVyMkIUxzwxGhCEUQpZYInE6XEhaKYHREpCGz2bKQ7MzMopCJWhRBCIMlVEpgZ2Nqo40SghrFCk8NiCKF7CwlTBZFa5ZEyK2No0tRay2QIhSABC1TUUKgLJ/2aZ9UojRbEKUigdvYJKSQwUiSJCnM2KYQFkg4bTWnhFxsRyUkRYkIhESbsuUkFFW2E2VO2VJRQ44oltNWkplEYI3jFFKpYRtCahCYkIiotbhlZpaIWqrCgG0cESLVpjGFUAQ55TQ1ZEkSCtmEorkpJVyillqKim0IQGFAUgQFEWoJmRFVRYLWUoquViSUEZqmnKax2SpyWopaaymltQxFKSEibYSQAllAKkmkINN2ShEoSmbLdGstSggMMiZBISxlGmhTpqgRkmyXEJZFZjYbg1OKKMLFbk4UyqRly0xwNg/TJCkUBklOpx2YkEk3225Tk9ScIUlCjNOYRoGbW5sQJZSkkCRsi4CEdGIJp1UCJNsETixht5aNLLVESChQA2xslcBEEQpwTi1UMlspUUIo7GxtkhQSptaiIoMUEdkm28YIgxRKW5KhSCpyurXRdlGUUpGwW2Y6EwIhSRiXUolAQYkiNQhLoYgSUWotitLa1JxRaoiWmXZImZlGzoZsZ9qWJCRMLYEkMbUUiiIpbCwCmdaaIyJCw9RKqJTidDqNbQSoZGaAMUFXip0tU1JEUci2FAokRSnpDCsz0ymBTQlJmTnrKiFJVoJKhDCEhCKQpCCICJwmnI2QJBXZtNbsRBGSQhKiYCtUFS2z1MhmA6JEyURpBYZSilBEKAI7bSkSuxkxJaVQas3MCLATsqWRINPIsqIW23ZKoRDgNDCNExARSFiShQDSCkkB1KggEGQIgwSSSzjdsrk5ugAh3JotFcAiQoEs4UwckixLESWkQIoIyUZSYKUtiFBEAZs0dmuyCEJCFsKRnkqJWrpsnlqbyEJRCLmUKpUIKbFSqiqKohoVjDEOhSATZVLCQBqFimQj0YwiIQjb6ZRFBHYoVIqdtRYUmIhQCHtKy2SmiiIdSCWcBiIinQKEJLCi1Ci1q6V2MkRICkREKV1IthFSiEgyW+Y0IdIZKl0pETJEVCRBhILItFBzekqwpVAIqUSoEIRKCCnAxgm2FKI5utpFaU5bgjbm1KZQRCBJQLrZoTAhZcts2UKqXbUDXCNKrZQIK0pEUUgAGMI4oBSlDagUCUsh2RYIGgoDVoTTkiJCESWKQdgYAQbSrlFURImQFCpRFJEQQgphbCcoMAY7sbFVwkm2bG6hiAg5FJKUKZsgcEQRQCoiSo20waXUkJob2VBBCmSEHcIhBMhOG2QBtk1ECEKKiFJrKZGZIaIoVMFYSZaopRYlpSulVCQJG4tShENYkrMRsglsZCls29OUwziUiFJrlBJRikIR09hCVqlVNWqEQiKNbCdRS41SIFHaXRegaZwQoXA6CgY5IoCCGFarKaeqmjZS2qGIEJKTKCGSpKWdTmezIwQgRUSmVUJStgSjEJKYWoOAZtR1tUSoyE0K0pgcpyRUFKCWlk2oSBJSUUQICSyFIyJECmGnQqRzGsfSd0BrLe1aahQpimCcpnTKOCICISwVyQqE0wZkuUQQyMYg2YlpmaVWKa0oJUgUkNgQAgWybIRVglA00saZLdMGLAUgIdQSK6PIzYAUtZQkI0KhUgouYGMEFs60mzOnVEh2szEWslsmRiFDUVhkOjPBRWHIyQ4ypwiFAjFlKhRRJAlFRJQQUUqNCliotaaglioBSDaMw9icwoaQRFiWAxkQkBDOMVNZJGQ37EwsnAlYIaHEQInSnCWUTpsIEY6iUDSMwUbgkLI1o5DCBiyKSjinoqhdLUXghoVAIdmkcVpIRW4un/6pnwxypm1h260loQjZWWtRDWc2JzhxrdVW0gBCOIRFiSqVEhEgnMZtbICkbFYgRVgqEViKUpWAkRFSKERraVJQSsmcbJUI27LSjlJaWnZEqaWUWiCQhIzTDoWCqAVEZqabmxRFitrZtiXRyPV6kKwokp0pSSAFdikRyFYpJSJsAxYEAY2IsEChtI0lhRBRawlFoChh7HQoFGE72yRB2rIVdjYTIIwj3RTR1U5pZ2ILQJ4mm6gqEeEgkCKIzCbksFJgZKyAKW2nASMJFEEpNQRBa812SBGB7RItpxxHmdp1BKBaS7aMEjK2ogorakGISBsopUoAAZlTrV3XdaTHsUkqJSQwAPaUaWdERMhORKjKpkh2tmbclSLbCDkNTilsCyRA0zSGpRqhQAIQsltLnBE1hAFJlsBk2qXUEkxOLOFpmjIzcSALJwihzEQgbLc2GUpUCSVgUCiihCIwtDQuKhYhWcpMt0aCbanWIgk321GKQk7bNna2gFK7QKBQpI0xJokCYKeEcERkGqyQFAVaa3YiSXbzOI5p11oQYCkiItOSAoioJYKwLSEiRYlSSowtA5dasS2FgpZIisAg3ABFFEUIRYmiEDgTQsI4QqVEiTBEBJadRTUCAbIRTmQIhACFIiRJkpRtMkQEJltKQgiDpIigKJqzhNJ2WlGQTJA29H1XChKldDgNU2uttSkT4XSSzpbN/ayXZBQiQgaQQSGlVEIRUSIUhEOKUu2GJGhTm3KqEUhKCxDZmtMR1WklijA40xLghGaBTHMWUISsUirCdkihUiLAzS0zQwEuERCZUyYywthSEco2NWdRRCkhYSOS1samoJS+FkCtpZzNzjZBKECSRCACO0UI2U7bGZJKVHWIUkMqSSuKEoUgp2mcpq7rwAZDthalSBiiSCqAShABLnIKJ2OmbNsgbFAJoZDk1sARZWqTnCArcVi0NgqFVLquq0XqIgQYCRWhUAhFUVgCJNmypRolm40DbBsjnCTObIFKlFKKhG0ZZxqFMKRaRapFJiHdVDq3ZqmroRIBdkpEFNLZGoqQMhMQiJhakwlJSIHTihBhLIEdBCAVsCFIK4QikCLT0zQRAgFpF5HpzJQiSim12A4VkDMxkhSBpADU3NyMiFLJNGTLCEG0Ngkk1RoE4zRIssk2mUZEqZIlBUob2y2TNCgCNyNKUSldSJYDK9RQlaRIJ6QopSqi2k63CEmRQDrtli2tbM1OoahFUohMVMIKkS3TLRWKANOcCQKptClNtnRIIRFKW3KJUmoNBQa7OTMzIkpElIiCiAjZbi27rpNomcaZaSgRUtgoSghjAQJLckQxmZkqtdYuA+VECjcnzc2ZiBo10wilsyhbUhREtky3IiFsyQZCkggpFC2tIFurUUotKDJTZCml4CilqIzjYNsQqNYapUhEhEqRjEBhG6OAUDbbNsY2iggJcGsNu5Tad122NI6I1rK11rIFESKqQmGBc2wtM0MKBbYpQul0a05ZVrplIhUJBbJCQCYyJUrICAyBTURka9hGERGl1lIRQTjAAocIVYWihKCNDUAGgSAjCmaaRlCEImpg1RoSErAeBxmFZCMZikhBs52lCDtNYAJERLUIEJpa2hTJ6cTTOFgWThKTLUNRI4wys7nJIrDV3AKVWtIGS3K6QXGYRGpuNBMlbUxEAEJFakayVMJEVzGSnGkASnSQTknCREgRUjjJdBQSKwJb2JJCgYwzW4IihDIdxoEohJQJEkmEnZjyqZ/yiWDbYKcbrrVGKEIRnYwQkqTMJN2y4SxRVYqcgKTSV4FADtMgIqJNozORQiolkAABVptaRCEzwRJBWCFhy4oaQqXUWqQSYNtSiHTm2CbkWmubpiknnGmnM5BCAUSE1NoEKiUgMlspYaA1RGZWVVUVlXRiQSqE0jaAIt2UZChbs1FgAIEjIo3dJCkdUdIQCIswKBRSZqqIUE5tyCZDEKWSmWSNEhEgkxGSQnjKbE5wSBExZZOopYIShyQJASRZS5XktO2IIKJEKCKQgpAgg0CRJlsDByKhuNRORlBqH7XilBQCJAmHhCLsrCWMnWSbjJUYgxQSilKNjRO6WghhEmM5jCkREWrNhjRCEjjTztYiShc1BUgRNoGNSi1FESFJhpBSBJHZaBhhC9UiI6exSGO3NiJhQIAtO6NE6TrbCCycRqQRkhQyIhuBCGeiCAVSOgOpCNPaaAwupUREEQaMc0ojYaKrBbAtiAiwJJwo5AAiAichp41xkpZUQmnbZErCAgsxtRYRtltOItLpdNf1ESXtLoplLORQyGpu4FqrwHbLZoSQFBE4gQghSQIbi1AtCpCnsTlTob7r0imDwEIGIUkAkiLCFkJggU1ECdnGlgRQQsbN6YwIoBRhO0xzQq2l1NJsSNutpe0EnKXW5iwRioiQMwURkrGwFAoMSCYiVFRDoYhQiMwUUUpJpaQogQlkLKvUArKtEE6BkeSCFCGFLClNCalEiSJZEcpMS26ZTpxIcjQ8jWNriTOnRJRSjCUrnZIADLaTBLBaNrdsZBgU0dKSQqAIOR0ORS3YGBXVru9qSdJupXSSSCkMSMaQCCWWQEUlioTBRImQsrUSAoWFpFJtlxqZzVjCGAvUWkqsV2tLESKlAGeUkFRqMZkTkiS1tNMCEEnIEXJOzQZFCDkcU05tHNNJAcuZKmGQhUwqnTVqKcWZLTOqKspmK4NnMopQm1prGUgR2BJTOoIuOuMkSyjQOE7OKVSQsTBCpZSWGUWGUiJCzowoIoyRS9SCHJYEFGETpWIbpJQKkK1lZgnZFkgligzGThILSbbttLHlWuqUrbVWIoQUxTQ3pFDBUwIKhZBlSSKdgmzZyAjZxgRqzjQCZKcjAkMESVFITjudEVWBrOYEKciWECVCQmBJliSEAkmGNk0hIWHSJO67ioqzKaIgI9s5TjaIKCUtgkLYRoDksBPJ2RAqFTtJKdJJOiTTFCUisNN2puwGVTG1lpmhkBQhhYQkYTvtdEQAIFvTOCCiRKZpjiiCbM0G0zINAhVhshnjtG0hKdwyQhGEShrjMCVimlqbpnR2JWqUCOGSalaUUpxGqipTm1pmRKm1CopEKtVam0ikMEBKUQIUdk6tGSQRASFJAoNlZ2YaMKWoRI0SEUUCKSRFTNmUZCaJM9MGIkoo2tQiIkLZ0rh2NaRpaqGwVIsiChCKKFGLZElyw5G2nc5EEbUUhSIiW7MgWxRhEkVEjZBQBMZ2BIJsNinJzqJQESidgkClqkSRopRQFInmxJLsBFIhWRFKErBsG1xKKTWyZZta1GK3UE3bSe1CUpgokXaJqLUmkNhpIyhdLRFAKEIKRa0VKFGIUmtIakagsI1ClmVDSGqZbZowmRZELYATO6OEICyRKobIliLsqVmBFYGddomIUpFLhFqmDQRk0JeKVLoqYduCBIBUBMh2KdHa1FpKkc6CVCSEVGutEXa0acREFGQZSFuSWlpguUYHmW5IQpIUFJOmfNqnfjIwjc04okgKZJKoOKdsiJCkEhIQUWxPmcpMHKpRQmA7THO6GVLIIRESEWFwZmvpTMsRQSaAIrBAOJ0oWqZESiFhbAtsooQMIBSSYZwatiTbJQpRAktyM1Jm6/suokQRBgwupUQUpK6WoqIit5wySxRJbtlaCgQQzszMUkKOKFGsxEJFsmVRFJmepkEQUsNhAGEiigKpSIoQESWqigQQCjBIoZYZkpANUo1ShCWb1qYaXenqNI52m1qu16soNXDLZodQlBIRUUICIyFZtUZESCoVNQERgUKFopzstEpIUWsBMlumIgIsQwCWlPY4jhGKotYSWSUyMUnK4opASJZlLJx2SyLClFJlGWWbJElEFIQsBSWKiwJJytYyrYiIQCZbCmyKSiklSkSYABQEpdFESHIagWw7SmmtKRSKIiJUFCiihNKllogCyAmEQhFCEYFCilqkqJKlaG10ZkjZGgIrJEWx0+k0bWpWShFFEFECS3LaIUGm5SSdUiAFsgDJRKhlUxQpWk4qBUVCCVlSWhFAiQjUWtpZuoqJCKEka6kqUazmJgtsLArGzmaEJIElKQQYIWfLQBGhEiQREUUhtQQnuEQQFbvZYU+ZzgwLCcJuickEWrbMnMaplFoULVMoQhEhRxDpjADkbFEKkrCQUUglZBtbESUCI6lEpCREOp2SQhFdOB2dIEDCkDYGcERkpkKZRFEQKqqlRClSBAJjW0IESpytdbWXQCUElhQ2raXCJQLItEIIIawoYUHLyQ6ilAiFitymlomJKLXWEhhJRBRCmalECgQRkkJGBakUJGxLCBQghUBFIltzpqKAI2Rn2oqQQiJbRogITEsbCwhKxNiyqyql2qSztanUUqJkZqgIkFEtZEQIZabTILCQwqUWUDqLSinVpI0gorMbVliJQxaXiUIQSFJICiiBAkRgWstMi8C2iRCKEjUibGQbowCDUhkKt3CgEJYUBixw4pxaRHHgNJZEUQlCocQyoUCKEooSRYnSiZxOpxU4Dca01nJshEop2CUEgLCRQp6aVJBIexrHUqpKgKepqUhSwzmlSmBssk2lRAgUzSgdISmEbJNGgUCqJYCpTYI0teskBYFAapkRUSOixDiO2TJUogQmqrCxFXJie2ppU0uA05mN1qaIGrVka6WWIkAhKUpIIBtjAts2EUojAQpFlIiQnQmQUhW0TExmtmwhIWxsy4RCEop0FlFrn7RsKSwVpBJRSqmlRFRJCoOCUoqypW2kGkEUZ0phuyhKkRR2BopSS4QUdiZIYUF6nEZQrTVQSEmYZhIQQmpOOxWSAtlJkaIU24SlkMhmCYkoJURmJo2IUJRaQA0CFAqr62pESKDIzGkcVSjImc60SYkE6LpiM7W0ETYRJkOSslkhnGDbxplGkc7AJiTZRgoJg8DOzMwMyRgwRgIXFYQTB0UuUQyKCGLKnKZJEApBppHcjIkIdSWkpGUCkdOYtm1JJUqbxmlqJUKKhMwsUQKaE0WRSlRkmpobiaSKbBsceHJm9l3nTGcSAtI4060pRWAaBqQSUqSZpgbOliicrURBxelpGjMzQqWWWmqSysyWVkpBWiFMiFBBsrPrqiIMCIQzLUIicLrWwAhsG5eIEsWGdCmhKlBXStf1pYaxSgSAJUWJzCyBJRFQbNsNiBIRgW2n00a1FklTa86mUkxEAJIhIhROk27ZsBSSaJlGOIdh3XVdqFKVU8uWmQYyDQlkWoIInKv1SkhF2ZKIkLAdCEgMbRwVlFJSkIZAlE/7lE9KORS1FkkRESVI0ulsKDAlijAKFUlkOlsTkiJKhLweRtJGmc3ZSu3SUzY7HCKdIElGEQ6XkKZshghhpFDIhmAchlqLIiThTEAI2bbbOGVXS6lVUkSJUkuU2kUoBIkwSUqxXq+NpZBF0JpLhKFGSdzcUOSULbNIEiUqinSWkK10WlahlKIStsGSiBCSosi2p8wps5RCkVI1otTSsskoIiSJUESBtCJas2UhRQUkGQy4BRFVTo9TK6VIAkotgnSr0YNLKX2tUbtSYhpbZosgIjKd2TLTmbaESRLcmohxmoBQF4FFSJmWrRBgGSNkGYVAqGVKEZLBGJWI6Gd9oSYtktpXGmBsk86cmowyp7QRtRRFIBlHiaglEChCMpbHMZFKhCTLtkMgYScYnOmEdEvLAhSUEm5WZDYMERImIkJ9qSolbINCCZlWhO3WWoliWxESbUpDqRGSFGAssI1pAkNERBSVgtQmFA4FmdhRikJFUi2yRFiWAEuYCMlWgIJSauCWCYQRak7btksUhaQgKSERJWQjBXhqGSFFlFqcRpTSKVRCBkmZDQGKEJIxCKUNOO1pbIBQmhDYQm45ZRvb6GZFpCcn4GxNRNQqO+2iwCYICQUCMJdZQTgMcsvS9V0NizY1p6MUJAIb5BKlhBJlG93sUImKMbRmSUDLhFAQESAhCYsitczMtJEAkUlEKZEpYdsKJGEUgcgpE4MIYbulxNRapkuEFJKytWlquCkURdkcEmAaIpBFa9nGSSUipBKEsDERpRRFUSgkbFRUS5WidhGlGgshkRgICSNhT+MkJBQhMo0bBIoapRSQTQIoW0u7lAoupWQ6oSqiFJtsRBGKEhFRQjJOwFYELRUlVNrUbEcJIFszBjlo0jQNmZmZBqxSIyIsWRIhBc6uVkpMrbWxla7ULgI1JyZKlFIAAzidaWcCpO2Wza6lSIGdLaOEREgEoYhSS8g4c0rbcqhEkW1wEFECMtMqEhKkM0qx7ZZCqoU0pYgkHEFCawmKIgSIoBRlCicmpFBIISKKagSEcS2llGIBGCuxnJkglYBsLd3SQEgWQiBJ0FqTFRERTgiwHVFA0zRJpdRaSkEIh0IhZIwcRMsks7VsISVGIYyFkLGtEpL6rouiUorQNE4qKqUCkjIzIpyuNUotERiEFBERdtoWilIsWiJLEtkUziZIEREytu20yEQChUBFJSIEBqFsLZvTrUQtpZRaQIYIIU9TIw0iJFRKIOFUiIgAhYSMQtjOdAJGIlSiFpwqRSBRIlBpblI4nJnIAYlLRIRk24qg1k4RkDbgtIVQZCZGASBUojhZro6Q+q6LEoCclqOGU2CbhiXJoVCpBYVEgJBANSSBTQRWiVKiRFURgIxUSgARgQpYkiSw8djGgiQshGw7ZYyKTNqttVJKhBQhWQ7VCESmoGViiCgK4yLVWo1CkdhkOEAIQSgMdnZdV7sOQEgIRQmDEFLLKacUgBtkawqRdrYSEbVi1S6kIhNFkoQtByCwhzZglaooMk6BBMVOJ5JAhEAmbQuiFEqUIIjMTCdGOAJFREgRMkQIooRQRIkoBqcllVKlSHtqjSkJWrq1qZaqokwUDsI2Jp1FBQnZkiwVsuUwjZiIIimzUaIEY8tmY9sOyQIjUVQUskk3C9KtOTMThwgpSo1QV0qUEsKm2RFyurUsNWRJikpOrU1NkpOm1sYpSKsoyObmpOWwXjldSlUoSSEsOwNN2UKyHaUYEKVUW7a7Wo0kEKVEuglJYYEotaRpLbEAAkH5zE/91K52krNhESWwBYqopYYEqQikcVy3sSmqsBSlqwrc2jQ1KaIWBTWKotgWIakqsOSIUkopNQp4aFNEKCJCLR0hY7dUCZwkCTKSSwTImdzPEhbpkKKE00m2KRWupSK1abQRjiilRNp2ylFLMZCZAotMkMQ0jVJ0XW2tpdMmM4VDAeCQQgpwa8Z2ApbI1Dg1hWqtgMwVKtUwTZOdFm455eQUUmaLEjVCxDCuWmbYRVFrVVRjmWkaJBmDSqluzcbpKFJE33fC6QxJkkIlimQ3K6SoUauwmykZUUpUnM4QtrAdBtKZoNYmkBS1FIRtGQpYNapJ41C01mTVWjITskS1EELYSpsotRYh2ekMlb6rRogIbCzViBRKJ5QoUvR9FUhK2yYUUQKbEiVqDaEAq4QUEQFggHTLhskSBQUoLMHktLGtkI0ShZwJBGpOMJKsdJYIlZLNrTVQKQEqEUbgAByGzAYRgVC2piglhEHYxgTYJrNNTREqUZAhQraBKFFqEYzTBCjU9X2E3JqtiCJFhJBMOk1IZsosEVECjBURFoGQWzZPVhEwja2WWmuRQohMI0AYCmQtHSEst5bZ0liUUrqoyNgikGxCETVEpBEkKUACIQmHikySkhBRSoBBodY8TUNBpVZEhKYxJReFTXMWRdTSWs5nM4pkJJBknI4QTjePbWrThN1aKpRONyRCCslGEaSnKe2mUgoydtpOcKnFzmyttawR6TTOlpkJFmRLi1BISKQhUyiN5dZaiSCEok2NUJFssk3ZEnJK45QiokghwDglsCiKogjJWEIiySIZuTUV2RIAEWGYpiYy00KKCFGiqCokjJ0VpFAoM4Va5jgMziQMSjsQUmYjVQrZ3DIlAJN2prMoIsK2UcsER6hSo5YoIdKAyGbhSthpgZ2ZYQjVEooSEkKEZScRgSRKqYEhsSwcEa01iahFkOCgpUtEKVFLUYTknFqmS41SqluWKJIQJUqzDemsJULCNLtEZGY2CxMiUyVqUSjSiUUEZISQp7ENrQUlQqQREWppyAhFLcpwOFApJUoYZBHIQSBCYOxsBqctAUVFQWabxrF0tZSCiChg2zllpqOUCDItohZht3FqzlILEYHAQEQx6cyIqKUrEZZriVKqBEAJp7Ex4zTaoVDiiKCJQrbMzAgJGQtlOrOFiqRpymyjAxKEQBGZma0hLCBUJEOEbUwoooYUETICMAIEEkAQRVFCKm4tasGZRlYi0hEqtQM3T24tUVExWA7b2EnLzGxTa2mXUgLbjiiQti0VyXIQoNJFEDk1KcA0R4RCgG0BoSglAGem7RYlailGLRsSIqBEBSyKop/PShQFYFAoDG5IGJPNUKJIOD1lc6aQJJCQyXHKNk0iLQUoQkFRINmATUiAkGspSCFFFCwhRam1CCkUEZmOoEQhFIFMhGrtcBbC2C3BKoEIAWFjIYwkooSmTLcWaJwm2yUiFOk0iRQS2EmUIhGE0yqSQkG2JBU1aq0lokRgEEgIcBRly+ZUIDO2ySBLUWwDJUqpRUgKZ4JlRYhQjYgS4NVqDRRUSqgUgVs6Mw1Qu1qiWMIESAFKm2wW4zA6KQEQCJicmUm6RFHISBBRQnIprU0lQLKtkLNls4MQUiklBE4yWymlKCSVCEI0py25RIkQKO3MFkVypC0J2ziQ7RLhbJlEEQpMOltLZ0ZobM12idJaMxaShJnGsbW0SqnC9miToTK1MSIKKhERUUqNrgoiIqc2TpNsKaJEiQgFwqZEAG6uodr3dtpZSheSFQEOBSpRkQwyNqVGkbI17PKpn/rJhkyHKKUKZ6ZxISi0lk5PbWpTk5XOUkoURYTlzCntWmvf9xFyYozkZiKjdIqICCSUmZicbNkAxmm3BhEhAlLOtCQBltXSzoyotRaBJQlwy1aq0igoUssUIkLZTBjITBMlIIAoQshOA+AGGtuwOlqF1PV9OksUIWcCpXYRRVEkZ2uICGylU5gIWShr19dSELZLqQI7FWqZJoOqMI5xPRrXEg2RRggZlEktYFAE4zghQiUUCoWQZEkRCow85jAN09SmaQykWkIBynSUkuDWSKeBxBABaukoqiUCScW4lBq1RCk2CmFaa0KKiIiICGFbUkTImYkxotkyxqQzRxMRAKWWqgAMEaXWAlgIh4rkUAjSVigzFQHpRJCQrTlVihQiQXJm2kiBbCIiJCAzM5vBZCgAt8lQa0m5qEhECSwJG9nImUZElEw70wiQJAkZohRoacBAOoWkUCiiFnA6baMiPKWNnVlUwM12M7jUkCSwHRHTlOthcLrrItPNGREtExsym1smoFApBUmBE2dzMyKiSCidJkpgCRmHiAjb2cC2aZmWlABGIYQVUUuptSIKshyhUCQOIUnCBkXUEFKotWnKzMyAVCIhCUmSPU3NzsS2Q0qyTRMSMomdAYoiOZPEIUvKZodqCaSQokRzIzEO0zKxkSQBUWsIRQFCEaCoUQSSrBIAkiKKaLakdLqlcYawnAZCQkgqClDtuhJRa40SQFdrlCrRmsdpgCg1JKnZRhKSMKarRQqCqkJRKEqJEjXbhG1hYxwhh7oSoJY5jEPiomI3payQkUpIUokiQ7aUiBIRpZaiKLIVpSiy2XaEpJBEqLXJ6ShCocASlxkLN09uGSVQlIgiWdRSUYQoUaTIBNGmsaul6zpQttEYakItammcNpYtqsL46Oio1FpLSEISwjRnYDshJaVbGKQI1ShRokSgQJYiiiSLkJQ54ZJYEYKWRkSIxKjWSKckGzvtzGwQoMwp0+Cu6yiR2aJE4pBImnManW1yOiQRkBAq6iJQpNN2MyVQ6VQUaBjXtqWCnZl2SpItlUAqjigREQqnu64qJEUpgbEtBc6IaK1JFIWiCpe+U9gJIEg8tomiULTWsC1k2wFTa0RIKoQkSSF7bFNzYqApIlsLRSnFmc1NjmwJCdgNqCXSaSuddioqACpB6bpCRMgALiEIyRElIjASiBKlFDkhVKTEQIgSChWKsImQJKOQjCIEduJAgLNlFIUiMxspAksKIEoo7RA2VmbDhKKWGiGnSwRIEVObJGQy09hpUKaTrKqCMScwBsh0lCIVMhMrsCWKbSlUopaIEjklAEoSCyyQZMBEhCWnDQLjkFBEQFoiM0uolAJKJ1gos5VSpBJSAkJS2tmmlhkRIcBIUtgtM5GcmdkUSGE8tfTUnFYICSGMi4oS2Zm4NYfk9Ghnm4zTlpVkABKQGNt2lFK6GqFSwna2JimiyCAJ2WmsCCBNtrSdLSMUkkKWpQhEVxSlK6EQEcVqNCkiwjikWjpJrU1CBEIQmQlWLU4rIjOzTeM4gQSZre87IRHgUEhCsiJbUxFmGCdnU4ShZZvGkYhaS0TBqQKSoUZBRITk1lJSRCjUWlOR7BIRhOUcraJsWbsiAuFsRk47LBNRFUo7s8mkijAGECFCRYqAyDZFKZLtRIQC0ZxFtfSVhklsSbJBIRWVUkoJSikgGRyTp6KwcI4RXZSIUkqRQolLCECKKFFCLpBOR619rdmMbAMRtZRAgG2IkBE2oWyGzHRrU0QJhaJItqzmCElBSDBlEqV86id/gowtAziNjUISpIyDwBjXrpZS0oQCG9IZUUqJAMZpSmeNIoWVbUpAsiQsME5bQSBlTl0tUpSuCKsEJoKiiBIQirAdEVJROLONU0pIQSYKnCKMSxQEaTttbHdFaWopUSJKTec4TM5WawcOiaCbdUpFqFvMBEKKMFaJWqqxM41LqLUMyQZcawG1NqVTFmRrTVBqAblNTZCEJJUSKCqiloiQ7QhFgENBpkECRQE7QZakCAuBFAIrhEnhdHE4VKLUgkJgGMehtSyl2AZL2CJk25mESykFLGUapxTGEq01Z5NkO1tGqEQItdamtKSAlplSLRFIxi1bGyOKcShsg9JOt+YkLVCEJWzbraVBUkEtU8bKtAEhKxBqGFSiqxXZUk4Jymy2AxsgMjOdmS2lElFLSRmUptQQajZp7MwEEBHCgJBtRUgQUmtTji1CoJAiok0JYFkmXWoh1KaGLJimyZmKEE6QZBOKKFFqkYqE04aICqbZIYywlKX209QkhaRQQma2qZUSGCCKMjOnhm1wkRQKsNMmpBQBNnZirMwpwFKtEVIAOMmQEESoyFEESNglqiSkogip2aHA7mrBTNOIyWw4pailSAVAlkxiMlTA2EUBKqVgSepqFyiKjKoiSlAENkrbNgJj3KYGuGmaRqeaXKSIaJkyUSMUKEoRkjNL10nGgARRimQbnE5KVyqhUkqEpGwJCkWtNUopRU7SWWqxnZkOOZFI22SRaqm167BLhKA5Q0LV2YBSO6lkm5JUqIQUkktzs0kcUYyxJZWIRG5T2uthWK+WQJSClBgMUhQk8DRMbZrGqU2t5dQiikkhIG2DjezMZii1tMwuiiOMCyq1OK1CthynyUhSZBowIYiQpSAzEwtsR6goaq3NbtOYCbZQiQBFYEcIQnY6QVmiRiiNcdqttSTbODUnhBXZ2nocxmEwVoRACssCFLZba1NLUIQyjVOo1IIdJUoUp+2cxqnlFFFK0NpkW1FqqQokIgo2AYCtKEUoinE6BaFAQaaEJEsyXYkxU3apNe3MLLVDid3a1JISpdYwTGNDrlGHqYUIkQlIYSERtpFKKW5OWkSpfYXIZmRFUadQhCRUpcw0jlpNOlNSREF2pqfW7MC2ACEgQkA608jYbq1NU4YUQWaWUu2MKCohaWqNTKmUUmy3dIBDUarkTGMMUijAkiAKUsucMtOtlCKJQITAmS2dmSBnA5ardSLknFpiGmDJmUbITNmmllGopU6ZRaCCLNyVqhCWwthRS0SxMemWyGmCsLK1lLCRLKKUklOO0+TmTCeJZbJEiZDdnAzTIJWu1AgJMFICESWEhJ1C2Nlam1JIIYpKhJ12pCfbXKZQtsQQhDCIKMISEFGKJIXTtsE2iFLCDmRMBFLQUgJJFASEDWAsitMo7LSJGlK0aco2KYpbKgSyhQUZws0CWW450SQVoSCi1KhIpZRSw4I0U47OogK4JZLBJkQpxdDapDRCCCQkCGHTcgqplk4Swg1wQjHIoKlloHS2qQERURSYaWqpVECqFhnAraVJGYjMDBnFbN5j0p71vZAFGICAIgg5FE43t2yTwTinJpBVSkRUCUlpJIVp2RQiwSJcosuWGEtBlFrcnG5ESMJygApYgaxMlxqilFIUMrZzmlqpRRFFYWdraWNlpg05TYmLlImhqCAZCmFMS9Vwy8xEEVJiYwnZipimVChKkSyp1L52ddb3SAKLEpFkjq1EARuwp2yZkxOV0tWCVCJQRJGxmURAcZGQFHZOmWFKxJSToERRibTtZmdEiSgowLKbHUiy9i+dx8aNWmUkySgsRwJYIZpajkQYSxIhO7FQ2kUGpWVRIwhyaqjI2UxXa8tpmlqJkB21RJSWKVAExrZwmkyiuCCksU1uGVEkTy0lIAISFBZhkEhniYKNNE2tRJA5pUnXWR8iIqY2Hh4ua4n5fJ52kRoEMuC0gpYKO5ECLKllZmattZY6ToNUkCHsFEKWJOH0OLUoKooGZEoKKZstYwO4RKFlc7p2FYcKzszmkBSKkNNTpg24RjHpCNmgzAyIEiBhRCYlwvI0pVtGrW6TiVKUpBwC47TJRBEFN0tYtqnRJ4mb02kLEZIiVJCFM8nWKCJznKau1NL32VJg285SSjpthZym5RQOFzOikFHIRoQ8tegiFECbspQikS0JQBKAECDxTIll2wCAlC1VStgtrRBAJmjKFNRaFMpsZCRNkEmJUmogtWxKCGW2UqptZ47jAKq1RimCJDMdqNSamU7XGs4cplZKcaZNCdlYKEFEYABJBbXW7MyIAHAa2ZnNCpUSTiskhKQoOCWlXSJKuGUkrY0NO2oFhcBOp20IsJ1I2ZoIQqEQpBuKUgoGDKQtIcI2NlglMpubKRGWgkxnGjnT2H0/N4mdzVFDYGMsiChgBW1ypqPIpByAyRKBnVKBlhbKgKRGQdlatmxCpVQENnYzbk0hpCIpwkahzAaIUChbAxLnlH1fWyZWaxmiRGnZosiEZGcqJBUkt4RsrSmi1Oq0p7ScuKq2bIgQgqiV9JhTEF1fszG1ESTJTiAUgsRgKXJyesJRahhsY5dawtGyEciUUtKshyHbaEmOKNAcXVdDCKkg48BpZFJ4aikAKUI0Q6ApFUGRJDVnOuVwNkVIQg5r3Zoya1dBku1ApjlDgQx4UlSJaZxCSCVqCFrzOI0C41JqiUDKZBpXXdeVKM0GK+3A6b6fjePY2iRLpdg5ZQvouookoqWdzU7bkhSl1uK00ypqY2aaQl8rdjqbs0YngYkQoWmcbOxUjUq1c5jGUkoYVUklp4YCpzG2BVAiQjG1DHBIEonVMkGKEm7ZpqnWLjObLVqJUktN4bFZSLIxBpWQbUlTaypBZo5NNUrpIDPdpoxCiWJnNpdawFiGCNkZodbSqdamUitgsqi0NjW7SFG7kMexUVyIUNhISlIU00pEa4i0SbvUwKgELUEqMY2jTVeLcWZGdIq2HicSgVENqRYS28ZVIorkcWy1qKUFCU5nZqlRQlK0NGljgUJpC4U0jENmdrVrNqaUwBABGZIRoJCMRVtPBCUKCDIiLEvhRGA5VOxpmFqxSt/ZJjMBXEp1Zjojip3TMFlEKEQmkorkKAUcIXvKhqkRiW1jT20qUVWljPRk7JTdLMkyzPreSpJSYmpJZmaCmi1RIqQiIQmnAWQ3JAknkgQ2SQKgQI2kpUKldICxZKA1R4CVtjMVERHprArjcWolBDghFMKgxKFsbWrNdtf1YLAUbomIkFTAzkQC25QSabthpwKVSiZgW4ooEZKxLdzGYbSd0NVKyJMJooRMhJodKDPTriUEkxwpo3QWlHJYmSYsSZazJaBwm1SqyFAYEELjOEUEMlaEnE5cSth2km4ouq6k7SmRsLO12lUpMpuiCLCapwiVUrK5ZQtFicg2TXYpVQAyzSZbk6PUaNmiVsAtBVNrzTnv+tZSggiFhCQEoDa1NLWGQq052xRSRJQSDaaxCStwIsmYkJCQnTIKZTNSenLKuJSCILO17LvabMw0TRGllBAypLOUUkskTONA05SToohEBbIoLJEuNWxbEmAoocypEdi2IiRQ4BaKxJmWBDbOZkwIRSCPU876DgK3bAanQ0qb8mmf9klpoygRkmwJQJkqJaaWNlM2EkWQlqIoCDkNLhENsCKoES3TtqQaFRlktzSAJIqkcLapZVFI2M60jbOpWAQFzDi1UgIYp2kchohSak1yGkdEqZ3ANmkJiAjJVqiUKuGATOzEskpIKhG1lECyDZBpYxxSS1sWSpzOUBGkUhBWYhsLNaNEbpOFSkTibAlkplCNoihRIhQRAaZIDpGhEBgXRcuGbEeEVAoIFJKERIQiijOBzAQiqjPTZDqdkjLlnBCllJAkkESR3HKy3XVFIcDGpKKGEHKA0omiQwFEEJJCdpIZkgKns2UpJUo4GxJp1QhiPY2VICwVKSqhGkW11oiqEqEIoEi1q5kGSEpXiyRDqE0tMyWFCgqUWJJsKayoliI6SQAJNqESEQAk2VqWEiVKZgIRAZRalNgZNTB2giMKIgiJkJBKqX3fRylkIrBCKqVYVLBoU5ucRRFSS4O7Wh2BHEGUgGiTCVUxpTGlhBQSUYoUGJUihGyrRFEoIoQzm40iRLRMDOmIElEihDMUBowk5BIlimxCkqSglHCEjWwMQYmwU6UUhZBtOy0EWJIEJkmhRFGjlCgKJKTAibKoRAicEBEmbWMLRWAkSyEbsmXLNJjW0rZlLJGtjZYiQiZqwViWZLu1hFSEJEWRsFtOTUgSUmupsInMJE0EzbYprlFVlLYUwiphg0knRsikTSjCTJlTTlFKKFo2p4sibVDUYgg0tSaFQhJCEiVKpqdpkiKKhMAIJ5kNExFAKUU1bCNC0bIZWjagq13fdf2s67u+dp2dEcUgAZgmqaVrSKFSS4mIEqWUWipJs0MosAqgUEE4o5SWKK0SrWUoIhRElKAEtiBKKaUIC6SQRDqiqlQwEEQK4YiIqII0ZANLEaVEFCAiCMapZVoSUomiUCnFEIqurxFVqEQoJGRUai0KKcYpBRGROaWphYgSUsucpgkToUaGwpLTUkhSKCSByVr6IlEKto1J2ZSoIQinbUeEJYUMQJFUJEcEIuzJmYHSKOzWFCHJyhrVICAiQIWiUCm0TBunjHGttUZpmW4ZETih1CJQiSIJIFCoRKTtdEtLqiEkFYEsAV2tksBAcyuupRTbhImQohTalGmHZJNygAiKaHYQRYEMQHObplZKLbW4OdNCUUotMiJRSKEoJSKQMQJFzWwmJCuERBopFIIpW9q1q6XUNk1ORylSqbVY6mqU0tVSqLLdpgZKtwhFlJAyJ0KhSuBsNmO61lKkZgsJScZgat9h11IRmXYQyMI26SgRUUtIVulKUCFbc62BlG7NhgSJTByluKVRrSGUgKilhFSiRCklhCQh47SNJctpp9POErXvO8u2M1OSFCnjVEQompO0akhCkgmcECLtUCAgkYoiQYiIEiFhCIWdpRRAlgJS6WY7FICdFiEhJBUksC3JWAHGBsAYSc7mdEKJKJYl11LtLCUyvV6vpSgKYzdajkTM+l6lBJJUFM0NkFHIKdLO5hBWRMlMNUcoQiUi01IobNNwWCpSEShCmCuMo1QAW0gyKWhERImi4rSkQJCSZJFuzmIshcICGyQhBC61GjkNBgVh0ZwhCZAChQoqoUCArXCmpBpFpU6tyS4ljKLIto2QIW0kZ0K2NtkplNkyE5GGNDISUi0VKdMBJLaL1Jw2QhZutqgRJaKlS4mimEhAitLXShim1moJMqdpmuxIYxEg1VBEkW3TnCVCEQ4VFZzTlENrObbmlm0spYSULUGSbSHhsLJIFhGBQSGJIiGcspzZnMZShEQhpPLpn/qpRRFVsmQpJGFQKG1JwhChsBsQBLKMJJt0hJxTM0iy7eYoxbiUAOeUNhIKsGxnNmxQOkOhkJBtQSiMpjZJoSittWxZ+xolsLFN1IgQzRYIZ6IQmRZpbGdO2ag1FBGKUoKIINIJBgGZWaIiI4XCzlI7hKBEEIQCC4kiAza2ZREqBWxSUUMRJUxmSyKkEI4IZya0RBnRqZTSbEmhIMCSip0hkTbGNoTC0BoyhCWp1KJAAiECGYDm5jQKEQrSsoxtg1AUUBqnFMgyhECRLTEQtYakAARWhNLCNIyUZKarSssWSEURElJRUZicphQCEhSEIKKghHRGRFEAhkxHyDC2KTMNJWSFhFsb2yQUCoOVGJykbTeaMlUK4UipyKZlixBGEREFQxCEJbCRARwKiTQAkxtTRCGUIBvhTNvpbM3G2ew2WeFMQEmtYdLZDDYhGYOQZEpBaD1NckaJIOw0SIiQsF2rMAplazlNUSrgNKGAdAPAhuZ0S0iMihABQiCFkIKIIiRRBNM4lihRlZkSmGYHkgLstEoIQ0QIhQCkEqVIDsIoJKVNYiSw7QQkKVBrCYSK7TY1yRGS3JolSRI4hJ2ZTocgSjpDEZKQJCAibCOBSi2ElAK3TEFEtJYRkshsqIADRwmnjUuoqgK2gXRKCEVERAFCsmkta40iLGwwhr7rQhKKSkKJcNLaFKWEJCRJKDOdSUQtVVGiREQhDMJSEKEoEaoKqYTStoUQzoYtStd1JZQgA7ZTgI0shSIw4FKipRFupDJbOi1FOkuEQk4CC4qKJalEFAkiwlKRTJRCkJnOxISCKBIRJRTBMykoETZ2WFlQRCmlhEKFQEjYIaUTDIBxUahESScktgEkHFECNSc2CDyOUy0lFJkZ4bCNI2SpSFFrqUo7SmB1XY0INxuyNWPsCCFEpE1aAbZKSMKU0lmSpYjJzRCSooRIW2DSyE6aM1uUCrIC3NUStRRFiVoiEAJQa0lOpXallMmpNKhlpoUsRURgt5bGkkrfl6qWxpnOzIwQKKLa2cZBEUU1QqXrEE7XCEUEUkhIRUGEioKWLe2qTiEnTqsUbKcVBAVh0pNLDTkCEmcahbATgoAkA5VaIgQqISGwM0kynS3TRuE21a6UrrjZaYWMS4lQKMgkSpQIZ+JMExEhIYFbS4UAmmtUlQhJUdyyQGLbsqJKkpuRQ4VMA7ZlKYgAKTRObRpHOxXKqQ3DkC1lRymiCJNupJ0RtU1tnEbbISkgMRYuURIXRWbW2pdSAlpiNTlKiallqRUDWWu13TIV0doUksHpnFrf97WG7czEOY2TgohCa4GQISJUJKBN6ZaEMhWiloLkVOIgLGNCITnThhKSIhSZzjYG0WitJSAV5IiQNGWjgawotVQKmYkpioYrhSKJsU3giGLbttPjOEiQkpyWnESRNI0jdu0rwmQ2Z2ulKFQjKMKKiFKKAkmSLMlSCULhMBYiUWYjQlKbJpAgJOSEQJiQkozShZROp5GxogiCyCilKlTUWgpbokRRVRGSZBmVUkuNEkBmggy05hAyRoJspRQZm4iwkQAsu6UkFUlCEsI5ZSqKJLmVUhWKWsIlhKQ2ZYSLSgCKqAGyVUrU0gkyRbZmhCJEOtNC2CC7IWxk2ZZIZ40IUC1CJEKA0xERohBSIAWyMkpVBC3HaTCqUUqtEkgt01IBKaQQbpkRoeqqGjIIq/YVKFEikAoyjiBBIU0JU8tsURSKCKQopUiByEYpEVKzZUeU8imf+glIgnGYGq2rnTNbm4g6jYMysSQUCqmoJDYOpFIiJChRVOWWtiOCICKEnU7ITJkITUlmghAour7gQJLItJVRipBFTlONiBKg0tcSkekSEtH3Xe3KOGZOrZYSpU7DmJlERIhUcwpFVThQgEEhI9o0tWylRDYDimhTOo3sVFcLgQjVgiGcOIJMhxQ1UBQFQSAnid3STrJF1BIh0VpTCJTOUBhDC5VsaTuimLSqFM4Ep53OMLYlhUKI4gA7AiShcKZCBpM1QlKbGqIrJSBt7CBwgmWFJJFOABsJO1ualENFJQQKuTklRAGHZSwUQRAlIopKrRHK5ohiJ5akTJciSZJqlZCRhC2nQ5QSAFIBhUKRU1MUIKRai4AQME1TOkuEnTLDMGZm2q1NNKKELaVdAhshFFGjRFHBzaAoilBIYBNFIgSEwG5WYIRTiGYhSshSCMASllRqtZimKSJUCymkEgEKCYgIiGwpyRGBbDdnLUUKCSHbAklCWAoppCiIlhOoREi0ZmeWEqWEzTSNGCRLRQVoxiTYTmeTwrIzVWQkLCil2p6mJkWJkk4ExiQKO5EksEGSBOPQohNJZnMzJklsKRI7U3KbmmWFhMZpNG7ZJIFA2VxqlCiZLRQphUFE7WsJE9iAhZ0ihMARUUoJSxKQTilCUUtHBBgyLYwMWMhGERClFAuBIoxLhKdmnM7MVJQagS2YbEmiANkyZTsjKpaQwM7WHBEQEnbalhBFIckQCOeUEwC20ypCRYGkaWytTcjZJoFlyzWKIsBILRMS1KZEYBRgYaXstBDCgmZC2aaWDYuQAKEIG0IKMGDbU5uQMCmViHGaZIUkhSQpW5pMxNQmnIEsYZUgqtLKNtkGsjVLKiWKDBZhSikg2yZLlCgBCmEsVEoBIVpLoJQgoiiMBULNKcslsCWVCEVka+mUjahRcBgLCRQREFKmM9PpCGycbm5CQGYqBGGaLEEpRSGEG3YCRKilVKzMtEUXgYQtQmkiFAiFZAyQaYVwtnSCECAhYdcSmRirSAoBdmsNCJSZECohJNxaGkWUEiIKToCQJIMgjZ1gKcY2FYUiJBkCWdnaKGRjEEK20ykClVA6sUzazhahWgq200Azsm1jDKVGWAbjYZyc2XVFhHEQshRqmUAtUWtvZ2uZboWwNLUJJCAsAru1qZQSUqYicFAUAYhQRAShklIJgU1zRoRC0zikHaUohSDd2jCuB2GQwWnVKnsaR5WotYDtBupKRRrHSWpRihCBUwSCiOJs2RRhSzjJzERFbjZGjOMYRTJTGkOmkIq6rgbCGHVdjVoEUzMmFKUWkIyxIoQAIQVpWmsEoTBOu4QynUaBJLdMq4Qy1dqYaRDgTNMiojmdRFciIopKqQnOlFVrVYhmYxGhoggV2QgkBSqlFhWwSnSlGKddaweanAGWSYpUa4kio0A4QzG2Ma1m3DINgAkUIUM6QQrJaq21zFJUFdM0OpVYUgCgUkLhtJ02oTCZIJCEBY5SDF2tbplCKginE0eEUClFISGwIEqJVNKcVoRQ4ogaJSSROFMqinBaIQnbJYpKxRkiJdtkko5aCEDYbqmwQiBjbCtNRGry5IyoYdsmJFl2SjIAtZZSSikY2QhJGLc2ASCwVBQmwnZEiQhKgISQ05ai1CLAarblEIpKQki2ohSFQs3NzrScDakqQImRpSgKCU0oIqJ2XY0SICJkNzfsQLYTp42oUUIipCgRxZmShCAzm0JFYclOGaPy6Z/yKZYxiFp6hafmKBEiSrFQCJNOg0K2QRDCxgkAkpNSws5xnEBIBtmESg0pJEKSwIoip0sRQkZCLlIo5EyTiiKFjCScliRhW3YaqesKLjYStZaQMCoOIgIymprTraVlQCIUXak2hGqtMohUlqili6mlE0l2ZktwSE7AhmlsdpYSGMshybbkTDsIQ7GtEApJuCgsRZSQsCJKQEaUwMbGESohWw6VkIRNZpMKpbg1SShaNrdGLUE4EzTlFFEiKiGEkJDDEkahkMJIdqmRicJCKKRQmNYUJT3ZEgJsJExKWEqaLCmilgiRZFgRgnROralEKOwGRdgIJEBpESGDIkBpZzqb7aaIrhYFRnYYsGtfujqLiDTpNk3N0HV9V6uRQsJEyLYdyCJtCWEkIgIcUraxZctWFITT1FIFKhG1RqplIhEREaRbWrKkEoGQFDUEUkQpIWVOtiOqQopo04RlmrClwK21lGddh0JyZipwSlJma9lUokh2SJRSjSJKKchBUSkliKl5yjGi1K7WrkqBUWAIFYlMkARuBglsRymqTFNzy1pK6aK1xK61Qk7ThC0hAWVyOm1n4ggJUpYjImwslQiCsKKUUCiKFFVhhFRKqIQQYByiRCUopQqcmVYpEQKQkLHshoQQUjpDStvptAGh2hWsdMtMk6gUCYgiA5akUotkwBCi1MA4ocgO0pJCkZ6QMpsko3QGjlqw09nVTmFjIC2EIgSSQAngUrsIMlvL5iktQkSEJKNQRGBLMqSIUIkSUgkhhaKk7XBYtLRsK6RaS1qBUkaZqZymKOE0EihCsjIRVhQBihpFQQg3j9NIKASKkFqzcKk1JEzXdRIJRhIYZyMUEbakYpzZIJRG1FKNCQlbOMHuSlVoGhMIRctJVmaqCExUAUJKUMihUmvJBrYlY0WUKImFkOwsUdo0TC0jSqbdMp0mFaGQALBzSuyUSiml1LDABlo2y6UUkIG0ZYVEkJ7aRJCZ2bJGRCklAmQsyWkwSGFDaxNWS7dpQqq1AiFNLSVAHidEym6TIrraSdgOyU6pRKgqFKEIRABSRICilgiJMAacaeypSSoR2ZptZ0oRQWaLUkottjNTgVsaqShCQkmiiIiQa60YYwMqYaZspdQoshWhRhYVCZAisFuzREKJAsYGG0eEBSJElFoCS24tMxWSwulpajKllFBJjI1AgVQUCnBkaw1FEZaKFMJO0nK2bNCXUqIM6yHt2nWkxzaCosQ0NSlqV2utVbJcS9ea023WzyRla4roSk0gHREluhKBIkoVSCEJgQDbSFIoU62NIIVEpBsWFqGQMBRZyjRmcjOqUomSGBsCZ+milA7b4RI1AGSMaC0xEVGiAAKJqTVDrVWBMy0EoJZNpdSIzEkSAiMV4xKlKKRIZxByI0KKUopNOsEqgYyTdBFSiSIUAhcJF0VCRIkIrAhCIYiIqKWNjRIiwMZpJJUoAGpSAUsWIDXbmZNTKFsaUImIKNVIdqmBJYgIQoCTCCyJEM0pSUA6wZKcKZF2ZkpRBCidAkUgMMMwKLFoLTONUATCaaNSoutCEpC2ikogSrY2Ti0ipnFoaUUmhgCQEYg2NRS1gOWiSCEVYaJNrTWHICQUoVIisdM2CEOmAdIqJUIQoBCgKKUEKGoJUMu025TZlVJKASsChFPYkK2Zy6wocrMUYTIbyBgbWxEOsIkiOZAkRdRShNO0sVmTpMSZTjdnk5Qge5wmJVFKYkkhSWDsRq2BBCAEmRFkghSlhrAtMJJUPu3TPhWnISxDEF1XSRTFzighhUKhADltyZklBCqllJAlIYQUiCJFBKBgHFsJkZJUSidCQkFVtGy2jKeWdoLb1GwjSUUChXFOqUJwmckMk0LZmuUiIjrsRjqppZYSKUhHLYoSpYTtxHbiEiEF9jSlM1N0UUOSIYRNS6k4yTY1G4hSQwoFUilFoZxsFLUUVcIohDEWEqVEWnJrzZJam2SB0yBjIZSKCGNMRAhN2aZxiggVYWRsGwmc2VorJZzOlrUWTDrtLEREONOotcxU5qQoIcapZWZihUgkRREUhQSZKMKeJIUESESUUBikSJOZTme2dGIJMBERCqUjlMhumQbITIMRpGlTIjAh9X1fQi4iRYCVmSZDwkQU24kDIEpR7bpSI9PpJoMUEdgqIYdQFMmAREQpSNMwpJN0qUURtjFtGg0kckPYdmY6BUi2wVIERCkSObVsDrAyUEQgkowoGCnAOWWU0lq2liUopQKy7GxpIEIEIiIUhCECpyVhC4ynTFpTCeOWTVbXlRBTZqYjhJXKkEIlsCSTklSUUwqEEDlNCQgSpxGyMpsISRGB5MxpGDOtGhVFDZJMlygRElK41BqKlrYtCWw7E7ulMogIRRBSKJCmnDAIRK2llOJMRbEJOyGxQl3topbM1qYpbYHBLW3XWiDHNrXMWmutVaqZzXaEIqQooQCQnEgYnG5tAll2m8axCSKCMEgRtVSi1IhSiiKkSAsb3KYJK0qEaNmcbm1SRCkhlczJLadsIUUtRYIiCUVIKjjtTGypIgsTYTUShG2EUiGiFBBmnKZpSgW164pianYbUwihmNoEWUsttdRao4TTEgHIEK01Q4nAZCZOqWBKV5xYDjmtbBlOKYQIKRRR+6IG0zg6TSDbOE2EsBFFtUilREgtnZnYIZAzaTmKaG6gIkCCFLZLVJytNYSi0BqSJEEmLccStSiMmx2hkKQgooSMZCQk2R7bhOhqrbUIZzrHKaLUWiIK2eRobTLpliBAIAkA1VoUgbHknBJqLSFZtNawS61ShEIiUOnCiMxMMhN7ai0n175GKUVShNPjNAqEIKMWQFLaIKXtjCi2Mxs1IlkPQ5saphRJkp0mBXKpHWQoao2WmaYgyyRdV0GYUqKotEw7ZWU2Wao1W8NWqbJDUqWoCLI5JEoJhGnZFBGhzClKzTTglkoUcigihAjJUshp29M4ZSLJAC61lhIREUXNJrOUYowRRgpJUGrFbRonhaIoJ9IpK1sSdCotczWsS5RZP0POzFqrFBhJtVYhWQSIlimp6zrbSM7ETjcUIQlP2UoJcGJLpNMpC5UARQSym6RSilBRRChUHe5rjSgmJXW1SpIwLlEiMMJGIezMKVMStmUash1I2LTWMt3VIgTNVomIqChs287mbM3pCDmEKSUEQESoRBiDBCKK2pRFJBYihJ1Oy4GEwzIY2y5dLVJEwbQcZdu0zAhJkdOYbbQCXLrAwi5dhAKnoQjASIpSSoQUpB1RCSmEMaqSAKelWmTjTJwRYWwDkU4JrAilIVOAZLuUiKiQbaKUiJCtkIzTGYpSC5btdOZk04wF2FFCOJMSIYsiIUiQjUggImzSKalTVRFQSjGEQlI2RwGYxiY5FM42ZguDJDFlay3tDEkSYUmSgGxGRuSUdpYQoFAtpTUnntqUbVJIzgRMVVEUnCb6rjqxAUBAKNqUqqoRQGJhG2QMKG0JMo0kgbBLCdlFUilOSwCShKJIKFuGAoFUap9tamklbRqi1ihFEiaKZEDT2FpOCrWGMqdpHFbrZtduZlKmIUGUEAjKp33qJ0lCAqIWOW2QQghJcrNCkoQVmsYmGWJs45iTjSwbKdK2HSEUgCdHwQhRS8nWoqhlttZs2pSIWkqJUAFDCByyDEiGQBBRWsuotdTw1CRK10ly5jillIauVpupjXIQCjG1dEtnWoqQbQx4aqMhQlObIt1wZkohe8qMoq6U0lUJIYPThlKDNBJOG+SoFSxjWyEVyZRaBCUKKCSTLV0lW5AyigBHCTuxM11q52whCBnLatkwpZbWsrkFEVGksEzgqa2mgaSLYikzm8HpzFojaukiFCEIBNQopRQVnMhpHFEku2WCW1oVJ5Lt5nQ6qjAAQpCZKGRKrcbpBCmUmUpqVxRhyKkZFLaRRNoip6llGhm7ZWut1MDITmdEMW0aJsIIiUSyszWwVJqNQQ6iRBDYCChhC7e0MUYhFKUoFIQCDDK0loiICkQttRR1BTfbTrdstjMT09JRFEhRkHJsDpTCGIeEkEKhUJWylIpp2RBACCmKsBQojUpEkZNSw5ktm23bCCRPraWFSy1CaZyJQNGcskk1t3S2sWFDgKAZtcw2ZkREqEQpRcayDdmMqCWkUAhDqJTSdVVW4trVUAAYCgI5TMMpCUCKKCFbKlEyM5ttJGVrLSdSEcKoyIlbq7VICJqNVCJCMs42ARFRVISxLQlJZFqo1FrA0KZJIjPb1FISVigzIYnINuG0USinCYgoJYoKKoEDZ4QkhYSMwrZUQooApAjhiIhSS6khIWotBDm1aZqmcaxdV2sRMiCTOE2ArUAlkARSKELghJAcCW4mrCgRCgmpTWPterKN4zozu6hd10WJCBWFSRFR1No4NQNRIgABITlqCCJCEhayhEopEZlpQ9pylNKc2FFKSALbiRquElEEkmxE2k4bLNm20w4BIQRIaQmKSulKUEopEdi2UZowIAlb4HRzm8YpIoqEmyzslLFLqEQnMWWTbYMQEkIYCUoUm2kaVSogSaXI2GQ6JEVIziYVCeGMCAhIEFJIEkSEsAIUigBCMq1NCslksdMISS0bqETUWrsaJUIKy86UVGsNhaHZtVRBy5zaVEptblPLUkKEMal0CtdaI2QLyTiiCGMAJ+M4FBVkKSyiFKy05bQxZBqlDKEShVAIO0OBsAlFugmbcKZC2ZrAgghnItUogEI1pBJTGw3IUoSiCCJsj9OQdu1K7aptCYWEsqWgtRRZQg5sCYpKdMrEpGjNkhQCikmFJJWIIiEiQigCSUGULqSIohIhBNhOpwBFRBSVzAQLSgRIEQCShIjMtB2lBEhgYRMYSY4oTiEAi1DYoAwwmqYJOSgmW0twUUk7bduCEqRVCpgSxbYzGy1KkTRNzWRESLQpFWSG5QBESKWEShEoggihUooUkgyGiCBpthBBELbTdkrhCLCiFKexJZJAWA5VhUDGU2vONCgioiI700ZCUbDTmQ3JzjSyaa21qTVbEJJCSCQgqURB2OkQ2C1xNqlItkIiM2U7AlAUO1tOQJHAAoiIaKbWgiQAiSskYRyUWsqUmW0CE5KlEkVRo0YpCgGZlgBsCywFkrCzpQmyJSCFAYyTKABQFKFCAJQoUSKiRAmkGhWEsHDSRYlapLAoBMYGMkGiEFZWVUpEFNskliFkW4QCAiJCUQMTJZCmYVQttdSpDaWEpHQauyUqEcZShDNJRxRhB0UBSiOhdJQCDhUHgRQBIal5RLKJCEmGkCMqTqxaI6IAERFibI1sTiKEHBLpEqFAASq1q1F7mDCZGagohBSks3zqJ38SUkHCTgA7wcMwSVIEmMSBJJWoEaGCRKZbEiEcClUCwKIQgRNJURTUKGmcbs1OFwlFiIhQSKnEJUqNIsXUWonItHHYU7bMrKUIkBzqSrGNBGS2UjvIKCWQBIVwINyQTImqUESESgQOKUJSKEoxqhHjOOEk5Ja2jI0jSkhuEwSy0okLwmqapIIlZwqlVSIICUVIMkhIiii11ohAlIiIYiUpSCfGEcVuLROrq71q2BkRSLKLVEqJkBDYJiJQzGrfz3pbcpNKBFHklqV0tRSDcZSqSNsmBG0yQoJMkGoRdKWmjDEOhQ22JEltSsmhMBIIxkxnTtncmpBNkUpR6TqnWzZJoZBKugkkKTRNbbVeZ2uYjFSETCmdJEklQlJXCyYkO8FO7IxSbSNqrU4TuDHlBEi4NZQGY9sRFFVkRYCMQrIpVSVKiXAC6ZaKwAikcBIArSVdKaXWEsXC2JktWy09wjYAUmA7IhQhG8AgIpBCOByEApptZwisUAQlM8exAREhq3ZdcxYpSsg0p52K6ErBOU1TpjMbOFQUIUWEJKmUqkJRtql0pUYXUhQlkhPJuI1NJSS5tZauitpVIYpCuNmZUrSc0tjZWjOgwICQsA22S8QwjV0tkowwzRmlgBSysZvTQonaONmutRq3sU3T1KZmuUS102AppJAMtkopkjLTaQkpolSD07ZDJZ2ySglQpgjblFqdYKNSQ4AUgrQA7DRuTRHCbZqQIiJCUiTpNKKWiAg7SVrLUms360pENuzmBAW4uaVdkC0pZKEMKdvUDHZEAYpqyuFIbGMcUUpEVyOdrWUQUZRpTImIoEaNGoLWUkK2BClES4OzKbMZgUuo1M7OWgLUcsy0JSVSRIAkRbbW3BSBAYNFEMhI6SgSUUIRmbITqYZAUUpmZmZIkkJCshvG1jiONhKZkhQRSAlkqkQobOxURNQup4yiokKEQoJM11JVQlFKESgbEgJFZGuKKKXYCQrRnHaTwrYzVUoNRWiaWpQIhYoQKEnSVhSZhoGQgHQD2YhAYCPR7DSAVCMIFRVJLT215sxaa621lEjnNI1FASCDcRFNDuzEpQokO0p0XUWKUhQiHRTbdtpEKErYJhyK1hqEbFC2aWpNKEpkaxEVKSKKCop0sygqmHQKppaZKUUEioiQFZIUUYtKVAmjIjUpTER0tQqRaWGQ7MyIyjMJLKMoBRIEEiA7Q6WoIDenx5agkK2QMchO55SkFRKapkxbRVWyCihESGmnbRRSIzNbSCE1N4wzJUVREJIiiizLTmM3T9PUDFWBwqhEIQgb40zAQpJFOBS0aXKzFBLYTiyM0i0QoRAiAiGBLEoUYRfZAF0UQ2sTiMR2qbVGRVh2ZtolCkzj2EKSBMYOCWlqo9MgYUWk7WxJk0mcmdmmdNZSIooAka0BYAFSLcU2dmsJ2VraLiVEoAyDhC2BAqkExmERkdNkEmTZidKJW5uypQIbIdJYBGlAKhZhMqSwJAk1LCgKAyAIK2qAbNJpUsZgGwgREUBrGUFOVoggAEKQRiaiIGzsbK2RlhQhcBpnKhSlSLSxGZcIAAUtjUstiWVsjFu6ubmZxKECCgEYKRLSTbYUpdZSigJZBissQBK1FENLZzqKirAZp0l2V0upNaeMEEIYkVM2pwK3HKehENmyKKIUI2dmUkoYKSSJBlIojDPB2ZwlohTJyrRsUGbaVpEkOwUgy5mZLafWagQRIYFCilIoDoWkiCKESEthWaWrJTqKpCKEXFS6EpLaZAsMBaFM25RP/eRPIt3SzY4IE7UqWyIpJCkiAGcbpyRTUaZsAiK6rg+FsTAWBEQEdmvNESLsRmaWkCWcUSIUUeTMcRqFFMopLdwSMU4TIpCEcSDj0tXMXK/HUiMUlkGSVSIUtrOlbUVAIGdrmS6l1FqkYqeNaaBSlPY4DJJCERG1C0Wx6WrpSm1kjq2lI6JEKaUIj23CjhKKgCJsWRFSpNxaiwCF05bIls3Z0m5SyWyZCbINoVCmbaSQyLQxtoQgVCQktakN40RECUkCsBUhohZlOltLEYpSihSWEI0c18M0tojIiXSLEqlAcraIUBRAthFEKCIKopQiLEdUZRplUY0aApUISVJEKaEonaqQaimK0jLb1ErIKrUIFXAoIkIEooRKLbXWIpVSrSgQIYcyM01ESEiBUUSJErVEyJkRoaLS9WSzEweitYZFqNYakq1ADttMbQykKJZltymJsJshCAtsi1IiFBQkldKVgqyIaMpsCWDXrkYEpjmRABmjQOM0TFMiJGyMJAylVOPWMkmMQiISO9PCUKIQYUy61FprsYJ0toYikO1m1yhRVESUEoqoESIk4yJFKZJKrc5MW1LL5kxUAgElIhQKgdwaRYQw2FFKZmYSIWemW1FVCCJCQiEjwJmhcFCyjbXvRckcIyKikxRFLU1mUB3YntokiFKctlFRLbXUKslYckiSogZYoVAxZJvGzFKKohASkiglFGFlRCldMcWtpS25RNTaKbCd2ZDSEeFQsWy7gbOlqV03tXGYmm1j0pnZpmlsU9/XcWrjOCJFVMKSakSmcUOyGygUzgRFKUg5TS1ba5kYCKMokCERDoWlEC0zoSoc2MqWRaX0fQRkOnB6ak1Rmt2mqev6UKgIJCFFCWEhKAU8TZNtKVpL0gQoikJFmSZSCimw01milKgUGYdVaqDAiVRKKQQChbAUimKTOSUGEQQhyc6WDWJyI225lIhSBCYTJLAzoqpGrTiNQNM4Ei7RRYiIEOtxgixRCGQ1ky0jIiRLIZVaigpKUrZDErIoilBIItMSWFJEochpGxwEbWylKjPd3LJJgbCtKJIkZ9oQyLIISaV2yEA6p9ayNcgS1XbLlrYApAhhRWnTaCSVkCJEKJunaRI2sj20aRzGsCxBa2kpVCMU2BFFSCGnmycnllFgokStlVBIkEoUYdxycktCCRKKCIVNBKFAUjpNIBFImU67hNI2MoYICdsgwHa6qEQRiLBQREgSbs7MlEICMMgosGktFZIswphEJUC2UilF2raHNhYUCmNnhii1YBIDJlsmLSXSGSWkCIVCyHKhSLjZY5toRJAYFFFCERERIWQbADUbO0OhMAkRIk1ECBwRihIRIQMGQRRsJAUShIztDEGEkggpSkTgaNmkGNsUJUIBspNUrRVnlEAhG0ICIkmsKMIoIgKnjMFCoVBESytTEaFobcq0BaCIiOIkbYRMy5ZpZKnUEhASIXJKQlKAIchUUahM42i5K13UCKLrai216zthEUhBMW5GZCgcCgQoFCpAiXAEQjZByEaZmqYxohB2tkwThEpma81GIWopkgyZzjYVBYiQhHBEiSIIiYgAJNm0bLUUKCFJUgTGQpKzrcdJUomQqsFOQpioUVVIRwR2BIpSJZXAraVBWIRDRSJQiaKCLMC2bQsQTtlTG7nMjWFaT+M4ZbNdu84wTWNLomDLYIyNiUBWyqGQVLqSrWHSjTQoKNCcRjLNhhCXOW2QhAIAOxjH0TiipNMpm4iw0xZOR5QIFDa2FRSVxCSkHFIIKSSLgEQhgbHtRNjOli0zFISiqJQgSbeWo1TKp3/aJyNlZpRSKzYYpFpCyDjTQEtnm6aWwjamiehqbZkgASidIdsABiHskCenJJBtFAqcjOMEKkURAUzTFCXUGMcRCSg1sImQVKRpSiBbQ6RNylCkdEYEgJQkqXQzwllKEZE5grI1o3SOwxgRpdSIQvBMJmqUUpodRNTA2I4icFjUKFEQQuTU0k4j7OZmbFCpBYUyTShIWwqCaRoDITKzRkgSlqQStRShUgohwBCltJa2hYEiScJMLUuNonDLKVtmOjNtnLYilE5spRMUkgSUKFKETCYA4XCYJkfENLVsGSUCZzYjcEil74KwLIVQSJaKQSHTyEgIWrPbZDuxhEAK2yUCWSoiI0pEjZBlOcC4TWOzZDszhTJRRGaLUpCUjiglZEKhQBEKKe0SEVKUUpBRlIAoAaXQklBIk9OAkxCyCEkRESFFoJBFArYtg5TpiECKJMkgFOH0lKMUEgoCSaioObFLhCKwRbEbSUQEZEvjEsIyzmYJjDEoSoQkKRSmESoqFElRI5ptU2optQolCmQi25hGyEghSzI2KIqKnbJQEJRQRLFSCmyEcaaLFFIoLLUxicRSLSVC4IZCRSEJiJAU6YZlmlGgzNaMnBFSqFDADpKUkCJKRBRw1AhRSkEhZ3QVWypEgLCcxkSEbSxJJQIZRCKhUCAj0rbBqiEhHKpRlGlDy6m1xGmIEgYJ0ja1r1FKVak1ikpEpA2UEqGoUTIz04qQkEKopW0bIYICkoiICGwwgCWFgghk22QgrLQllSqLQCXCUpsaZCm1lGomCyksnCBJZDanFQWZlGUhS0RIAoNqlHRiNVqEIgSlllK7IkWJEIFUa5TSgQV2umWBlIw92TYRYdJkJs4oBdLp5mZ7HJuglIoklNkUtauBhBQRNUrapQTG2cCldrJbGwGQhBBpoChIEWAL3BwKAhs8TTmJqF1J2yCUdlCajVPIWAgZUlEsWmvCxpRQ2s7Wmo2cGBWFAkwaEZKkAg0LcrKx7VqrcMMRwkzT5EaSEVFLbZm2bWdzZjodBRuMpKIS4VI6hUBCtQRW1GJbOFtzKHCbXINSSkQUqbXWWhrAKBThTNsSChXUWqLAqSjptK2QFEEQcmvORCpRwFJIktRamgQgabQ2hUC2hTMU4OaMolo6hQBs49aaUVGASKczJEttalIoJFRrAWwTEZJKQBQ5s4VKlCgREhAhIkJWRJQoKoGxkQJpGEcnBQ1ja9NUuy6QIgARJkG27TRMrRVLIUkqAtVaQpIElmSTtrM1hBOiK5FpRQTKlq21kGyKlHbLZhSSMaKo2C1QIhTGTodBRITTEkISzc3OWooiSpHTkgUNQqqlgrCj1Cgi3dyqApF2LTWiSGqtKRRRAJUIAqFQFEUUAyKbpQhZUTCk7WYViYgoUdOZmRGBZGSQZNJ2iVCE7MwspUYUSREFkZaEFEZItVQVRUS2piBKSNGcsrMlWJIUbq1EVYSEJCSRdpYijJFtp+1Eql1ELSEZjDNNtoiQ0qhIAiHbUkiyXUtxS4WQgyAiaoAzM0opEUCEMDYRUgmRWBIRUWt1w3aEpja1tBSClqkIRQCy7EwLnEpUQFaA7RynFgVR7GmaWu1KrV0tVRGlRl87VGopfe1DEqAoESJq1xdEopBCESVKKUQUKUpESRxF2KFSuqJABCpgpIhiW1BKUKhRjQWUUkt1unSlK12UIpTZSgSiTc0ta5Suq6UUghAWmZ5ybK21TIXAstKWEGEsCYWBFICAkACwQ0ICMrO1hlVKlE/9lE9GRCgQEklmCiwBiDZNmYBnXdd1lSAkUqUWi5wmiVCkbRxRJEXIprXJKKLIEnI2IAQGUIlaA5MtkSKiRKhKUWqEohRFhMZxRNgyLqWUEpDTMLQ0ME0NkJSmtZbNEdSuKyFFlJCNRVFRyDZ2a1MURakIJwGKmMaplNKmlp5AUkQpAmcCliSViJCHaczEdqkSYEoUVEJKWxESmRmKWiNcJGeaAIXAiggh2YRDgBJjO4gSYRlLoVDUrkjhNJKEMVhIyE6FIkogyzK2EKXUWrtQ4FZKkcDONIgQTojMhi2w05mlFpCkEpHNq/WqlhKhcZwE2FNrQSAENnaSJNkySdsEloVpaSnsNmWGBCGhyGzYGCRlunQ1CJwhCQMi0kRAemyTwJJwm8ZSIqfW2gRSRBoykSRs4ylTCoUCpRxFERGBRIQEEpYYx0y3EiUKKFq2iJp4mkbkIIAkJSkindhSWFIigiDlTIcERI2iYpBCUi1dKRUhWRKWTUGllFJrhMZhck4lCk7sli1bgjMdSAoknEgFpGKnQqC0S4QtlYhKcSBPLQ0lhNyaI0JFMjhC2GRmRJVlI6mUIgHCTigKI8kQ2CpShDNtmxYqzdmmKUrUUiQJFFEiJDlRhN1KFEQQpCWVCEUIZwrbqWlat9aEShTjzJbTVIqksAlJJWoBotmQQJRwNqeNJFRKyNlS4GwgIJMAixo1qrrShyLdIIqi1qilqsjNaTdnSAoJRRRJDgMhdV0fETIRYNK2HZLtTKOMKIAd4zRKVihCNWqJAJUqG9vINYoiwhAytpWtRajUGkFzFsIEmMxSQpazOV1KiRBWc4aiRDhgysyGLQkppHTWKBKtUYoMLVu25kzENE42CKxmW0QorSIInDgoUTKNLDmBtCKwna5dF0IiFDIKqVQpsUpERKkRKWdL41JK2kYRAWApkFRKoFJrEZqcUQKYxqZQRJEAiiilKxHObJm2S8hGZKnVGMnpUsLIaSw7JUUpkkrUQOmUFBLZsGvfZVpIoShh40yVwMYoCrhNLUIRBSmwnTakECWKQCIiRCoiIANJQhKGEhERItLNJqRSI1siFSkUSH3flyhRatd1y2EwGEMgZCE7yWxCKEKASilGw7AOoYioBaJEKFRCUSppRSiEBUAaailp22lk0jYiImwksLGnsYFLraGw7TRI0NKGWgoRYSsUkqKUUC1VKpIkBcWQLWWXEsZCIAQRNXBQohoD2FGLIiTSzmkqilIDZJtslrpSCRUV1RBIxWEsGRRIQpDDOPa1ixLCtjGh4kgyp9YMRSCHLAVpSjgTOyQXAmFbQkxtypaW5MyWCCEkGYgSKiEbDMbOEiWdtrGxCIVCGIUEtpGcKQR2CiFjACGkkAIcOA2OKCWK5cx0JiAIBSChUsKYVIQQSCaqUFFQVKIEkE6jkEKRuEhgUlGK06FQUUTJbBEBILdpMkYhKKXgHHPKbLJtVLoakWnSJZR2ptOZU07ZcCJjAQEoCNmUCJuIkCRJoYggXUpJS1iJgyCsImlqrURRibTtzGyZlpwmTYCiYDCAFDYKYVBGlFBRCdkqNUlFKVIbmy2TJgBwKXVqo+2IQBGWyWZHUNA0NjdH2M6WWUIRIamUaJOxS1RwZrap5dTSlIiuKxLZMu0IJCLCToXSadsJ4EywUxItpxIhSkRp2WTSjsBOQKCiAJAEttOSCAWShBBISB6HCaxSFJFphUpXnBCRrbW0TCkRlEAKRZT0hIlSMx1FBogAZ8O2DRYYhFGkEwkIKVSiK0D55E/+hCKFMJKRBCiiTVNIUYrTkqWILqaWJYoBY+c0tQgpCtjYTtm2FQEZqti2FSKEQhQVJNkUBYCUUlWgTCxFBBFRAgCFSEmkm1spIRVQlFJKxShUIgASRWa6SK2lRcA4tpatKiwykQIopQSapsnpCKIU42x2gixjO91CKqWACInLTEvUQE5sS6JEiRIKyQYEQDoxoYrcbDBWRICjlDCZQFNgIRVntmaCtLAgsbK1zIyIlunWJCLCKJ0BUUpXu1qqashKZ9d1gtZyPYy4iVJryQQhRZRQIBVIlYhS2jTVKKXrcE6tRZRSojnb1DJbX2cKBbIMUnGmJJBKUUSUKF2tUWqUkBQlpEDKtJ3YEYFse5ham6YQKIRCQCgkhUMCRYAlY6WzqoAxbZqIiCiGlk2SbEFECBEKJMJSoJbZpiQIyWmLZ1IQsi05otiEwomCICghHFHszHRKYaOoiqiKkAQoSgnJaUopAtMyLSIE4KwlWho31WrjpFQRAlRo65Zt6medSpXsZkMUicAAIMlpAxaSwbZVkJBCIkxYTSYR1FKbW0srUCBHYtkNaBm1lDCgQkQRSmemo4TTNiiFQQKQ05ktM6VQyKJGRClCFpIswkZByJlO25SiUDQngN0ybXBmNkLZLEUtJWq01iSLMEhByyQh0saSHSpCdgq1tERiMjFGmU4ATdMUJZIsKIoiapSwnM2yhC3GccDhltBspZtMa81OTCim1lprtRbjzCZIu8gIFCEFqERObplRVEpBARIASbMbRoEipBByEkVORDhToUAhWmvZMqIEtoVUIpoT0dUaJWyLEFbIBgthybZEEIllo7RRhMKY1pqiFIVFtpbpNk1pR0SYUgohcEQhJEASDskO7GxNBoWhlrCRQqiUopCdrU1OWQDIyrCRlBBQSqRTqBQFEZItCUlGwkKCcZokRYjLVEqJCkwtJXVRCGGwUiatwFJVhFQijBTRphYhpExnNuwotZaKpFApMY2ZbiWKKCFAoVCo1AhFhKJEVwpYQlFKCRIiShAhwDZClnGUUhWlBCgiIAHIlunE2On12MClRCCMTZQoCuGIUKZEQEsXVIoiSrbJilIURRFRa7WxM0KEsCRjJxJurTkNNpaIKAJA0JwRAmHXqKjI2BAutZYoxiEpws5Mt8yWU4GoXQQlCgJbCpAzp7HZJE63zEbabhJSKaU2G4NkOyIi1GxSTpVagETOSYgQBIIgVNIWOC2FStSQIadUhJsDFaSIiAgJkJWZBCJCsjHG1FJaZrNLBMgmCBBBCZWomNaSRqlSKWA3A6XWwCpVChCo1tpycsuoYchmk6UEYLAthRRgEACKKLbTlBJSSGSmJEAgbIQgBIlCmc50Y8pMktYysVMB2BLpKVMYY1GiRASCIolaaihwikA4iRKBkDGIaUwFpYTBgOQ0NrKIIAwkiGxtalNOU4kOG1RKCWHZmS3TSApQSBFRa9daZsvaVRCEhECKKMWZUWpX6jRNtiWExmmCRgKUqAqMrWjDVGqIyMxsE1aUkCIz5Wy4REiRniSohUzbAqmgsNM4FK215kTYwkkglGSJKAqFwCVKhCScFjhdShAURYoIZWuKKATGRiIUEWFsIwFkIpzOqU1p11oVtOYoxdmGcWqt2YRCWEgljEKkM5ujFJl0tsxSaiiwIZxpg50TzQ1UShdFQIkwrRmT4DYxtQnARiFRQ5hwmGxTsx0qkKAopTGSIdlpQgGKkGIap8wkm4GQQrZspzGSEGrpNo6lVkl2YsqnffInITvVWrOdSoFQhKLKtlCUCMU0NpMRIaSIzBRFIamUGpkplGkb7DZlCAWAQiARKg7CKZGTExB0UQhN45BTKoqIdKbJZmgRBSBUSle6YltIERElZIWEiJAoUUpfwNiApCJFKVGLnSGFlNm6rlcIkMIop9ampkBhiFo7lKSkACwFJI4QCIhaLNxcIqJESGlkW1gWak6IiCJySrtlV7uoVYCQLEkRikCQSBlRbFo2p0tEs8GlKoKIEgrjkKQIaZomSinBlK01A2Bb6SZodkGSFEQUO4EIScjCgEqpsq1AQVGJirNNLUqEShRFKbUrJt0ybWdzqhRZYKRQhJFtYSlKLQUhSYqgRETUKIWkZZaiUkpQVBQRFBUpQnaCIoQk4QSMKV2ppYBNzGZVIlCUCMIgkAQpBWAnkjMBmygBslMGRCAZKFGRSgkbHBISIbUcSumcmTYKbAkQBUFEmEDCdkCqSjYKKaKUIuRMKUxmm9JEhJ2hSDssBdM4JlZERERUCYUkCdkkxsYpSRER4cRChKTW0mkZRIKdmQ4RUpOz2TgUkjJQWgqUJUqJMGEDMrZJiXRrKUlVYRQ1JAkCoKvVmc2Zdlg2mYkBSikyU0vbglqrZctYmU0qUQJkJ7ZKlNpHKIIoYZwtbdeuc3M6ASRAGKl0NaIQIDkxjNOYLUsUClgRQVAiJEnKHIdhkgIDCCtppEE4k5wSUWs1IIeKQopiI4gIoVJKZmKHhEWETaikEyglTJQgahFhGRssKdOZDlWVyLQsIdPGNg7D4KRGpBMREUQ4yUxFRATYdloqCAyS7JbpKGGTU0pSIay0SavItkFWiVqrQJKErFTIRESd9RUjqZagqFiNxGFbKIRFSzsxLYhSK8K4FJEyONPp0hWQjSBKmARhNTeFSCNHFKMQpCyusB0hWemESGemkYsiAlApRXjK5mylllpKKWGFMxUCbAIJjKOGJUREIErIIp2ZGYoiDIJMI0qRsKRxnMCllsCZGVEQRnZKoRKYzGaIkCRJKKKGJFBEKMjW7EwLHCFDZhMFGwjJQE6BxtYilJng1lq2ZsmZiqJQGtKExnGUIyq1q1LYjlJA2SaBumJAkGo52QkmyZwssNMIW5ICIeS0Q8iCokgcVRFFKKdMNyMjkilbjYhSiGJcFDbZmu3MlunEIVvYaQNISkhTKorAdlKilhJtaq01Z2JQKiQEbi0RKiWg1lpUTNomVKJKdmbardnOkFIopJCdtrHTTmdOrdm1FJUgMzOzTSadCFCEqgKQMJgSLVua2lXb0zgVRelrtuxqV0rBAksupUTIyhIVwE2UEkq7FqWFs03JZQGJJakWnJIkRZSIwMZGilAz2IbAtkVEKG0j23ZrrWU6FCVkKSgBpZRQTNkkpAhhuyUCLGzbYEd4aq0lWCoRAc7EboagilQo0yVCkhCo4YiIGjICRNSQIjMRUQIJaM0SIaHABhARoSIb7DQ4VUpERCigmWytRDgIq5QqCduoZdooFBGkFYriKAUSq+u7UooUSWZaJTpVy+kmR9pBYiOarWRqo7NhJ6q15tScDgkQ2AqhiMQSUpFk21JahKPITUJYOKOUUgoh20jZJilCQipRwLKilNp1pQYSVlEptdCSkKC1VmQ5SihqKAIQILKlQlKZphbYKm5TKBRqbSq1EhiEUAAhIUKR2Yzd0pkSKGoRRCmRdoQEmVZIEUKtZS1BUU6207ZRVwpBRJXUnNghFCo1StQoRUKWkCq1VGxLJSKdTpdSFWpTk6SD/QshOe3mxLiJQKp9jSiZmdPU0hGqtQLDNOTk2tWuxjhZckRxZmtTREkRFnKbEhmA0nXKNOlSO7tlJiZJJ1ECieYoARZBAAJymhQCIiKzZXNKpYgUtIg6tclplcjMUEiUCJkMkU4ITCBHYjVUbYdt20KCcRqLQjWyZRsb4dqVbM50qQWpRnGawJBJkSVlOm3sWjtwZpNtBTYS0LIpimwpJIcKYKdlORBAOgNJypYTDluBFSWq3GwReMpGhsKAHYGt1qaotSuRiW3QNI62S9/J2VpKigggcViUCAGISGfLJrtERKl2TplFYVIph9IpEQqnDdM4giKwopNSZFJCCmzJbulpmmotkqappV0jFJjousjmTAMFqZCGUKBpmpBqLW2cMt311cZ2tmapRIDACLe0LEWoOBOsUGYaCRRyJirOFChkWxGtTVglFFGmbAJJ0zS2pEZEJSjplAIFTkKy7YCUJOOw09OYEUgh4UCmpQWgCBm5TUhCITVjEqwotLTIqSFKrUJplxC27ag12zS1bEkNQpFOICSkEsV2ykUywi0xltOBjClys1BzumXpakjIocgk3QTANGUpEmRSSq1VRmlLwjhTwmBbAchOOZJmSwI7oiCcmSloUYrTQImYWkoyjpAABXbatRTjNjZDKQIyDS61hMrUJrfWcGRELWAFJMaKIjttmSaKIp1Ot5xCqqUiQApySiks1DJliNqXHKbJjhJVYSlbMw6EAAmagQyRKTtLqBGZo1AXFQFkujkjSgnZCVJEiExnZmst7RKllqIQeJpSuKUVkKZEUUiyEwW2UFN6Ms6IgjJUGy0IQ2utRAibwE2lgkG0bJmIKEWoZcMpBYRkQFJrmc4wKhGKxM4GRJQoxXY6aSCiCBMI0WwsZCBb2o1QLTVt0lFECkQkjqQ5AWwiiQ5FDdzSEdGSCNvKNmITpdSguTVbKUuSMc4onUmSlglZS0VKZ2YrUVUiGgoS20onQaU0p9KNDEUpken1MMz7mYqGYZymcdbPSy3OzGYCgW0ZQ2ZLO6IIohRkpROM3VJRSleyJeayFEHgtCEzA4VimEZwqTVbOpOwotYIk7a6WpuNTaYkRQDgbKzH1Xq5ns9n/bwnNWVDLlFDwiRJosCZKsXpKIEJRcspG8goQxWwrZCn1jJLCVBrGRGqgckpFSGn5YgSCtPssJ2tlVqwbVSiZZOlYqWMcEPRMiOilCIDGIwBLIkIYSmYWiuiYSGBFbKzNRSYqDGt1ylVhUoITdMYUWtEc0NCZGtIhbAAW5IBO60aHpOCk2EcgVnfhQpBSwtnAshO6EqAWk4GMCoVU0qgaWp2a7YkGo3suiqioCSnzJCiBDBNE1JVGElgWxGkowhymmwpEAI5oDUUkBGFzCyhZko4GyaIKZvDhUCEorXJDtxUI1AmCGwUkoTT2C2QpBEHBBIqtTRPObmUklOmMqLU0NTStp0osFVEuk1TrbXWWbq1lghj0mmTGSUiiiSQ7cymwKlSSsgtM0G2UYAgCeekGm52MyVKERAKSbbHsUWNqsh00kBKJIxVShhDa00BklsSRaRRlSxlm+wwGSVATpcIAgOWcJKiuI2tOXEEtrra4RwziwjFmFMoAiU2KhLINthQIiSlLTvJcZhKLRHhVHQh48w2NSkUWUtnNLWphCCcCQlCysw0NUopTEngzFSoRLGdQKZKBDF5pAkpQoBxRLi5ZbMpRS1TRJTqzCgoPWZKjqg4Qa1lKSq1ZmtuZLhEQLRsQaYlSFQESTJCkcNKUCmhCGw7My27dqUZmZRpZE5SIRQRoUhnoHROmUAJYUAhymd+6iejSGepVRGSaq2lBvY0tTZNJSIC21OznZKUWUpAUTpETjZM42RRIoREmCyllFKQSacF5NQsZUvM1JpEiRIhKzBpS2qTwdgqgaK1nLJFCSUK3LBMBthJqQW5qCC5NRQRUhRhUQiTGKSggAW2M1uLkLEhpKmlnQQlKkTtu1JrTi1CskwrqnKmKUW20i2nBigEznSzwQaFAFJIESoRCXa2zFKi2Rg7M91ai1KkyGyBooSsJJ1pbDG1pohAisAZESg8JUUloiUhE0U4cxIhOWoRCGWmbVDKwm2a7AxCtu0oNUrJzNZaJsjh4pCwEmOZ5Xo1rCcFpZauzkqNlokVsgEsglBmG9dD2hGWiYiu76SSOdnYlALQMq1oU3PKOaVNuo1j2iqyAREoSkgYhUB2GhEAARJNYAG2o5SQEgpCDgWouZHZWjOWlNhp7NaaSulqFWBQCAhCGqcpW5NKZkMm3dIIKTBIEtPUnDkOU6ajCKgRtqUoNSRlOkKZ6WwhEgS16yIcGAkc0tQAEMiBSkQEJUqEnFItARKINjakEkojq0iIKGEjJEkREYooAhsJW2GnSasUCaRCIMJk0qQCkGkbbCTZWERmKyqIopBI40yQSpQSbWyttQipFIlQlJAtgSSIkFvaaYmwEsAgJYYp02kCSaHidCMDo7ABWgMnISQUIdkpKKWUKKEipFCUyLQkhKyWLe0a4XRKMs5EkZmlhBRjNqelmDLtSUQqgiyl2LIzohhkDJSIiFpLmObmVGamUwhjjJTOMIYUbokMUbpSUJRSItqUdsqhsKLYDuRwOBS2w3IbU0FXiqIILEmWJRkCjAgpSpGYpjEiSt8FEXJzBiQmUyJKKV3BGtuU6bTHaSxRjT01SbXWdGIyrSISCSWZzUKKGiVbKiQJCElSRJGdBowlKYowl0kRdksnONuEUQRIKDNbNkklioIkbJu0bdvOiGiZMrZBrY0ht8TOxE5nayQKh5RpOyNKtjRuY+v7UkqnZGzTNE1uaVBYkoNsqVA6bSJCUpSQjJV2SKGwQjgzSeOcpkmSFMI4SwmSqDWqkDGllJaZBihRIFRKKTJ2SwyASMLZBM2p0Gwxm/UzcGZGCVkRMY6TgqAoiFIUEVBKZwxYxkHJIKQoERFFKLEUpVQVOWWlTZGkiJAkY1shGs6WpRYB4VCUKNi2SkQUTCihKEoJhUI0E3YzIRWJAGdr2M0TCpNCwzhmayGBlE67loICGRwqpVQFNs5GBDZhKQxOZzqkBBuLbOmWEdEyszUwCoUiIiTbLRtGJiIk5EREKQZJgCRJRSVqbc6WDVFqqepUipW1dl2twzS0NklRS3U2IyGkwEi2bRvkbEkJYVkIjI2TjMC2WzplJxHT2MDY0zDW2kWJqQ21dBGAgKlNEQGCBNnGSERIKJMI16hSsTIsweSUCCilz8xxGMY21lJqqU43W1BKOC1pmqblcqWIWrt0Ti1DqIRas4kSpYTTjiiSZSWlloiYsrmlQUJIUsu0bSzZ6aIotVMIHIGTNBGacrSzq8UmldlSoCJjBaTSkFYootRa1m0a1ys7alenTJBqKaUgSNvNNiWctnOaJqFxHLEjatRSQkYhUQQGhSSFG5AWhRIRdtp2OjpJBRuJNKJEKEqUgikC48yIUFEpJVSAsU12yjQnsqIgICSAUiNCkmpXcKRSklSw000KGRUiKtmQVCLTEXJIoJAUIYRwFsmyFEWRJrPZEmRLFLUUk7ZDEThxkRRFkqQSEgDNlkJFCgIZZZsQGEmGNMMwTtOULRFWRMjpNk3YUkxtVCBkHFYpUWqxVT7xkz9hHMfMVI0aIJVQa80J2HYpXdQCAttGEV0FOVtzZpowJmopipBsCIUAAorCjiQjhLGdpihqrZQiDA5o2aZxAiRJkTZYyIDTlmRjhTBghECCNGDbsp2pxMYgQiGFbciwwIBQlJKZghoVKXBESIooROSUzqxdpB2EbRTgIoWKnUIqRVGEECIiBLIoFJNAFLAyU0TaRRgAOxVhY1MisJuNgghAkLbtICJCUtq2hUopiRUSOCmKNGSjRK29JCGpSMrMxBFFEBFOlRIQpRbbyMB6vS5SKRVbUrYpEbIIQkJ9N+u6MqtdqZXAaduKKBG2bRmHkYqdpSsRBUWJoqKCEzmNXWotKg0XG6GKIkKgiFJqqaUUEDRZRZFOJ0h2lqiAcVWkkygBKIuKhbOhEhFgJy0bAI5aSpRSgrQgFBZpaldKlAZGUUIh2cbOUIAtOSIUwg6DkJAkVEJGSF3X1RJISYZQlEDGwlNrAhRpC1RUSiBNYwMJOyEIyXJbt6iqpSqiZYqIqhohRfOEIkIC27aNsYzTFKQQkLbtomieRBhHBApCNbCjRkSEJFAaLMlFZWyTM6OEwEIKBI1S5XQipGwtohAoZZCilpIYIkKgUHEgQYQk2wmlyMh2hCKEwmRL11LSkg00MkKhIoqEBBAlkLJZUq0yCFvYCRDYMjhTyNiAbYNwapqGkGrXOZ1CxpmZRkq7q9XOUqokjw0sRKJQKAQqRQKQkGXRjGRJBhGIiACVKMaSIgo40wqkgm1hQGppjJDThrRpdihKgNMqAgvZSOBMjCKcVkiolholkLBaa1LIREgIsCKkkEJRShFBpkJ9LaXUrisY45AiApy2LAVFIUNINWwHlKgCQkHgtImQShnHccwWwjgUXQQFqdgtW1MUbJATBFFKLUUxjGNmdl2RQiWcZE4RISQpCKqEhMAlik2bMqIArU1OIoSUnqYGUimKiGlq4zhEqHZhnLasruvT6eYIo4JUTGYqIk1EdF11gnAGWKHmFFFVWjYD4RJVUikFbAwYRQihtKSWmZlF6mpVSJadhpwyM6dpktOA7cypjeksVqmlqBictrAVQaiM67UkyyJsY2M1N0npzNYkhYoCUIjmTLtNk6SISIyzdiVQ2lFrEEmWKKUWQCQh0hahImEwSExtsgWOGoAhUHNiQuFsrZGt2emk9hXRmt0SlNkODw6tmM/mBBTZzrRJ2bZLDZvEmZZkEZJgyhYRoChBqEghCTlTERElQFFMYEdEgeiKG62lRK01W5taK6VEBEIGQNhWCAQJzgaAQ+F0VilUMg0OVQKbTIeUWCCUiTMth5RWhBKEJRQSKEJIiigBuCCEXAhjm3TWrho7HYqIwIAAqdSitDONHVKUEGq2DGFFhAAhooSkKMWotTZNo4OqigJPU2uo1FJqLWmbnKamYDFflFJaawVUKxYRpdRSIlSyJXaz2zimUeAxp5a2o4Yl22mHjFSiRChKNY6iQIagYKdTJtNS2AgVgcJuEKFAajllTlGKQFK25nREREQUuTUkSKGQrAhERBCAkMIRmsaWWKFaiinCiggsBRiFbElRIhQSECZFdLVEqc42TSNSpmspmbaJkBwqgCWhkBBhMhOglIqwM6RQ2GROgohI7JYonE43T9las2y7RBja2BRWRHO2aWpTE9nSnjKiSHKmSiClk5AznU6c2aIUge0Ig0qEpLRKIIUiAhnbCBMqEqFCRCmFgkSoKwVbEYRzSilMliglqnHtulpqCKfASBISmIiIKGCFnM5M7V+8D0IhIJtLVyMkZLe001lQqRXR2uQWqEV0mdOUWaM0Z1UljAFaNiAiSCKYMpGMSaKoREEiM5MIgHFqwhHV2ZCkCEEoM9vkdCslpHCmLJQqVcZ2ImgSEcVpY5mWLRtRo0QglVBaToeccjaHAmet1XazQ7Jw2k7boZA9ZBMqhKqQaKkSdtqKoI1Zu5o2dgLZJBmlVQtKIjRm2imjKApFyM1TNlDIJaoCiCmnnFpEKaWYxArJMjbImURkay2zRIAi1NJOI2O3bJk5my1EtrRba3YoooYgCIUQ2IoSgVPjOETUluPyaBm1zvsZmRlRICXcILquIJUoTrdxnFpGMYQisNIpjMiW6SxR0o5QiQAZjAWS2pSKrNE32zk5UUiSQk6QI8JphDOJgg3GUtgpyyXkxAYM4JAy05ZDRRKQJDY4rSKDhAAkReQ0ZkQQImU3G6IUpXEabDJTXQ1LmNYmIUkKObHTUEsRNkQI1OxsDaOgqAJNTa7OMaJMU4swLgoJN2coQmFns0PCJhjGqSgUpQSYxEhFkelsTSUCGWxBw0q3KAHRcgoFdigSy4CJACJC0NK4mQhQke1mV4XB2UqUcZoUCoUwRZ6c6QgpoqXtLFEjnGkFJIRsT1PiJglUa5WCsDKsRoJwYmVOGaVgq8hWCFsKMhvplCKkVBTZbmnhiHCjqdEckiJQGGNLAhsFNEO2UgohHOkBh0KymlsQCqXdxilqSDHlVAjsZne1U1G2BtjYGYqIwDYJRaKNk2oAgmEYJZVapGI3OSQbh6o9jUkRUYozJQkaLoQF4ExEUUlaGrAslRC4MU1jlJBKy9HNtau2S4RKTOOEAxoRpRRk7GloKso0pvZda+mWUWRbIkJCaRcVO5FtSQK1nDBgFJKAlk2JBKXQMm2FqqQoFtM0FsmBMpozs9VSawlLNs6WJrOVUgBASCINdrph2ZZUagmFpNZac8pkpqRQKMI4pMyG1NJFRThB0KbBihLRsESRSumc6ZTVnJbkKGrNEJLdppZdrZPtzGxZu64rYUMoxNTSmRiplMrUMkJYptkRAgVuxqJkjqEa8gShsMk2ZlIk1RAREiHslgl2SiQKFdyMMW7OQKUUpTNSqshtbKVWTGsT6SknRZUUigjSWaPYGCM5G4REOoWksFyQAWFES0Q6AyghMBG2jUMlZDLTpISnbDVKszNbRAkVmExIitAwjk7XUhQaxjFQibDdzfpshjQ4nU4putoJO21sJHKEApnZRZnSIqdGF8UhZPA0TqWEIgQGJGzZJopoTjsUxoEswCAEYzZBKSErSSyVCEgDzsbUBql0RQ0FtGxSRClurWXrSjU22I4IOdINu3QdtkGCBDkThcBuTG2U1PWdbTc7JFxKtOZxXIdKVzvCWLaNpcCkW5ta1/chTVPLTHCtFWIcVoa+71trEUjFJKmIcIDThA1OSXJOLZEgaxQTzkS2kVQi7BzG0Yoi1a4TktTIYppbOqvKlFkUVuQ0RYTthFojDZnRhZtLBJKbmzPt6rDSoQi5OSQUYNstLRJICCRACkU6cbY0WJIQAhXszCQ077vWMp0YG6CEFGRzGrulEdgOSEWNUDC1NO5UGkQghSAxIlLI09QkRYQASeE2NVAp3djW45BdV4KIEjRbiQokSJDGdshINhKZJhBhZ5syIiTSLhHONCCyJVYyFRVCGBthKRQChTDCpFtmk0opslVqtJYSgRJKxNRSdmLbtdZsYxIhwEglSiBE2hJpPNE8gUsUAWDSDmFAIUXJTLdpssNSEKWGws5QIOwcxhYiShUowLRpQkKEhDRlBpRP/7RPUYkoZBrZpishCkKEzDg1p21sIEVROFNyRomWlh1RJKfTdo0ughSySxTZclgWUYJQGadxGqdMt2wRRASkiIhaCgARoRAphAJsA9mMQJKKgkQRUqZtZyNKSKhIKHFIcjQ3SGSIYkzanmyphDAKsFSihDVNk4qE057aVEtFGEWUlmljg20M5JTpLBERRUIIABtFFEhLEYoostMOQiFFEJJpbm52Ztd1zgaaMpGxWmsSmJZNUQLSKUU65YxQUWlOkpYJDhEq4zSVWkuJGsVpQjbGQobVcjWslwrZxhkqpShKKAKnRO0iFCJFZMtxGrO1RsupgVrmNEzTNLQ2hoQZpqGNk0WNUkoBjJyZmbIQJUpElbBTliJwIqYpjYVBONvUBIEkC9lpowDLTgHC6cwkFKJBa1OgUgoigogiZDtUSIynbAZZDTmbM6WIqEjUKAqnp2xhSuncWnPKUihwOhUSSqdwLWFoaRFp2+mWlJAiIggilBO4GUqUErIxVomIcLNCgohAAiGVUmotQpChSggISc5mg7EQIk0TkVjgTEFE2Jl2RBQJRa1FSEXYkrKlImoJQCjTCGWOmX2thJyOCBSBgCkzimxlJm4IGQEgyLQkbDAgQgEmnSVkgYpt41KKjW2nEJkowplOLEICKYXToShFBBiQwqA0JYxACGfaRAmERIkiIRShIJCdKITVstUSdmazJMggpOiiWjhpbYrAhgSsKJIkEDZCUSKzZZJOSTYlSt93UjhzmqZ0GgkUIMlJwzhCKCSF3GxJpEMFWQS2UCkRRGazI4IIQWArIuRQVQkisFobFULY2VoLFSPAKIREqChcFBJYAknZEttBa25pm1rCkrAUaQsklJ7aVBWqYVtGJSRnWtLUmodMDLIICUU6bdtWKEokLlFKhI0chCSFQpIRuEZRKdjgIhFRS21tqhERJUqRZKcUUQomgiJJRBSFokgIKAA4sVNGVSVqibDknAggogSKIpCE7IwStRRE4myJEqlIChBtahIgmSihCKfBYCMhIrBbpu1CmGwQKiWwJAHITstOp0sBVclCoAiwIlAESXNzKnOSg1KCRGptihJTupboS1UJQSk1sxlCpA2EcRAEIQnZzZYdIRHpVBRZliJCFjbCgBMrCJCAwCATpXZdLRHGxqVUYWfKRBREUQAlSu0rEdkSOVsqJFNqKaWSuR7XbiIwdhCWImwMdrOVpGQk7Km1GjUiEJnpls0uCpVaSrTWoJSIxCFCQpnNRCApkAKFFIowzikjJIfCoSCzRFghaG2SIiSMnRClhINMcpoARUggFIJsU0uMbRElSAkSY5dSjEHYVQIZBaTd1y6dmdiepgkpQrZJag0RmdPUplKKJDvBRNRSo4QUziSkCCyFhNMukuwGJcBqmZi+6wMliVGEIiI0jONqtbbpSokSQpJba7INbiaFQmjKLKEoRSIiIkJRnA0pXLI53ZBKFCtlCBuckNla1q4C0zRlpoXSESVERClRpWieFIpSSlTbKEpXQ4GdZLastUiRbTIhZCeSwQYwKZUQmAzxTIIMBZIUCjBCUtgZlHSmUQhAYNKWwxhj26kQRRERFk0WgsQKRbPlRLYlBWEpDMihkCSQbUpRRInMNI4IkEIRVaUUBch2lFJKJUpma86igiwpBCFRVYgIUE5tzAwbkdlQlIgi2SZKQEQRwopSCE1jay2xJKGUKFHJnLJlJshYhaBO2RI725QpgwgFCIwsMCABgUxGBGYcBzujFNuhSNNFoCif/qmfIuE0EbVUgUMhZxpMBM5QUS12TmOrXZUckiIwkoyRWmY4S6mERCjCqXQjigqyDJm207YUERG1FBWFICQJYQPplpOJsFHg9DSNte9lIwGWRITcbDC4hCw5qaUiBc40gUCyKCWCEGAICbepTU5LIRGKtDObFLVURaiEkG2JbJMTQYniAFRCqrVG2GmFkESJQEo3iXCUWpzCpDCSU9iNKcegWEhQKKg5c2rpBIQcOCldBWdrEYqIiJAAJeAWUSIk0ZcuasFIUYpqlNZaSxtCQgSRdpvGWrt+MZOKJEJ97WspCYKpJemIQEhSBKYUCSHVrnZdF6Hal1o6JCL60tWuRoRqFWABkiUREYSCzASHpAiggYJQiYgSgTGgCGGM5GZjwCBwGiGEFFGKgACX6IqiOXFmM1gAQiZEEhFhKRSiTRlFERVhIwBJUCKKkBUBQUAaq0RNQCEkIIpKFEmgiBybSkQpEQJBiEgnUKII2bbTIgAkCVCEIYqypWUDaRIFCoSDMKStkAgwEEVS7WqpUQAIBaGIoqISUkK2JpRubrbARAmczWAyJ4sS0TKncSylRlFECClE4HRRkUIiQqGIWhSEQsKmtVZUoxRDqbVEqMgWKBTZJkgAA5YllDlGBOGQgLSFoxQUEaEISXbazRYKCYUiStTAgCJombWEbdIJxph0pls6TDpJ2wBKHMi2sZBx6aKqDNMYcl+7KS2MnM0SJYozQ4EySgWb6IqyZYRKqaqR2aKEpVJCUmCDTBoJEyWUshTTNOU0SWHZtiQQZEtbuKXJbK1lay1DUkiKJDFFlgQmE4hSjFqbSulKCdIIhSICsBPAmRGBI0rLZkMJp0tE39VaS6Yl48hMTIREJOpKoarWCkojUaKkrVCAsCO6WkqUEiVBGEmQ2dqUoRKhqWWVkIRBESEkyaDAk+0sUWwwYNKlFMQ0NZNO0inLSq5QEAaKSpSKCck4DTZGkj3ZzsRkQbVUDJnDOI1jq7Ua11KkwExTa60ZgiDApJ3OIEoEIbAgogChCBXJQcmc0o4IBCIUtRakcEgYbHNZ2hERpAUWEnZIFlKUUmw7W5qIiAhUnInJbLOuF0pIZ5EiaFNm5ji5FEkBoCiEAKMQklCmSdeuSJIoEVKxrKJQKCAksG0ciiJJUUqNgtNtmhCllGwZpSpCEdkaJkGhUiIUgYSN0unmCLV0a6OxrFLUZDeLSCdYwolEKQrCwtkUpZYaIiJEgC11pRpLzkbLFiUQ2RqhdDoRNhmKEEaZ6TQgRXOKiEgnAFLX1WzNuJQSRGZrmaVEV0pOCWBHqJRK2rbENLZAmTmNY0JROFG4tQkUEihAESWi2YpwTkJRiwE7IpwuJRQEgWwwUUqAaqm1q5JwSCohK7JNOWXtSkg2kImwkUIlShQCAJVSIyTJYGdEiSjYibOlxGI+IyKiU9AypbAgjYG0FKWUopapUFUYI0UghXG2KVsDRajlpKREMW6ZciI5XWsppSTGilpCgRySSTsVxbYIDBgIwmlwpkMqJSCyTVNLmyiKUtINZ6hIKirCkkKl72uJmm2KEqmwCRwRRVUyEDYmBSBRVZCcbpklRCgIJCwVVQUhiZCAbA0rSkRRtsRGBSyFUEKEcGAkZCFDSHY4pFKrFLWUkFQs26bWqLWWEBgnMpmqIROSIuyQU8jCNlCkBGFFJGmTOBTC2VoUpSlRyTYOE7goCK4opchGaukIlShCTkIqJQoBlFAoIpS2iMx0oqKqYjssu01Ty8wpW4RKKUhdmSGTSQRy+dRP+cRCGNvGqYhQtGzTMIZUIjIFbjmOUyLNuprIWIkjBG7ZMqEpSi1hnK2JaG1yWoUaFSmguckgCdWuK8ppzHSWCGyUynCQYzZaiSglSkQoooQUSDKZCSkp09i2o0bXdUKJSUeRLXAIDCoocBoEKBTYDkUpRSEMouWULUtXZRkLpykCBZmlREQpIQhB2k4rGwo3IxekULacWmJLUgjbtm2szAxLok2pWgKwS9TM5sw0JQThtCRJIWxLYRsDQgh1paCSblLM+r7hbA0RpQSaWoZUqgIURVI6M+n6Gl0tlnFOKUkRLVvIiiBREFGATAurhFDtotQqKzMjSqASiiiSSi2KEqXIOY5jy+xqV2oRgMmWLXNqiCgVy3IRRlFCtiUgoLkZIdIJWUqNKF2JCCFsShTCYCyKnI4I40wLpwgBKiUMNqVUgWWEs2EjFJEtk5bNOBWSjYRxUuWpUSqKUiIkZ2YEkiBJ2U4QlFowAdhIpI3tDBVJdkuUFgkKGYVCAhQhFZxuKZS0KMUmFEjpbK0hMMJV1QaDQZ6yJcYOhUoJQLLkTNsIoaQJRahEtMzMJgmAFBFRuq6L0DSlTbYJjCRQRHNmIpHOsLAnJ7ZAUUqRTctGNiNPmbbklg3byJPTToiQVCIiSoCwo5RQgJ2OkNMGhMfMtGolG2IcB9uCbDkNo6DrZnbaluTW3Fqm000IKBEYhTCAgAhnRpQSQRGWDUZRiJBdSsgqtUQECiLACBVJEdKUadtpBW5umc4MUSIiBEKqXREhKURLS4Si1iBCijANS8hAIEJKANVS0rZbLRFRkJyJFKVDAmdKIUFmYkWFxBIWysx02hJ2S4k0iohSImp0USQkmWjThJQms4lQgEQQknE2t0ycpMElIu0IGStQSKlhGqZpsrNEKG2TJiJKyCCTmRFCspOC7cwpE6VqjZCIsBPIzIhqOTOzTU6VUpCd6UwIScIoMnMaJmwFpgkp1FrLqSlCNaaJCEdUwdDaerXOqamrtZQIlQisTBtJEkqMnZmlKzIiLEWIdLqRRICxDXaacDqVjlJtS6EIOW0kG1sIpZuEkIXTkoRshWgtBekswgARpUQJWSEUUWuZpoajdlWSbdCUCdRaS0CCVEsIHAARQioqSG7ZSCcRIWmamgRCJjOnTNnZEkmEcDPZmq02jsM0gGqpGGQnTqIGRLYWUaIIcNKylaISYTunRoATA6qlOMgp3aYSEVJLlyjCIalEpqfWQEUlhEOtNZPTOIEdpBNIiBJFBXC6RERIqCictu20SYEh3TByTm2yiVok2caaWtIcpZSQFSGXWrEctCnTrlGjRJsmIKKO41oKlVJrrVFLKSZtSqmyMcjGTqcTgUNAkGMm7qIaOVSrsLEUIVkSIhSZiYxxYixFjq21NA1LKi1ba64lBBiFpmlKLBERlkqEJCRn2khWLUKSo9QSIaQii1BI2AAJgQQSUpHATjmRkFsTihKkUdQuQhEqCtJ2YohQRFFgcNp2CcnKlhiFZGwyWylFcmaObSolAMluaSSMyNZKraUWEgwoooSUJp0CRSAS2y4RRImANEocCtUaQKYz09jOEkWAASuKM9M2aSudtu1mBWEnrWW2yVhFNKcQgZEUUaUwmc1CrTU8RQlLQsaSAkUEiQBI2w3ZtlpOItrU7GzpiCJJRGstM7ElJcZIsl2iKAI7VCICIkRzOptCEWFQFNyaHZJQ6UIUZ0YJodYaIqSuK1FqtpZkSADSOI6YUooiBCoBDlQi0s7MtENRammZmVlKLaWggKSECKdll0/95E8iZKcnExFABCBkbFmiTZPtkCQpoghLRECm07YoxiFQpI0xKUkh20BEtNamqUWpchpwTg1h4yCQbSKiZVNVUVdK2LYxCCtUohCyjVEo3TITqSoMoZCZWkMqtYAzSRFpIMAghA0YESoKMMgkRhFSEG7NCSUiSpRSpLACbMi0Tbq11ixQ2GlbJYQsaohACmMjSQJkTIpau1orUkAaKW2pRKiAIlRqqbVg0llLBWWbCIFDSCWxhKLUkCWFAkWJaZqIwFYgFdtC6VZLSack2bYIopSIcLZIUWqRohRsSUJpO12iNDvHtAipZUNyJhGlFAC7tYadbRpbykTIADLpRu2LjCKyZXNCRqhGJW0sIiQskbUWoQgRYQNOCBXkopAAMpEUUikh0VqrtZRSpChRQBFgSyBlpsD2OGYpte/6Emo2ICQh1JwRkiJzAkWoTZktS2AAOa0QEiix01JBloRAQiVtcImIUkxKCkWJMC5SVDmdxk4nErZLVBUpIiJCSjktu0EoBDgtOd2CSLKlnURRRJFk0sk4tQAgQpKIUmuVlJmtNUFIUUqUkCKg1oqZ7DZNUSJCKJwGG4rCgTOdbjmBECQiSokk2zAR7mqXgUA4p1ZrVSlOOxwKYZViLAiFZSchSUga22jb4EwnpiFkDE5bAlABSKuo1jq1yS2lwE4URbIcKtKUaTchID0pZRFRSil2FkkKIN0ksrVmY9IJiqLMFniajB3E1NqwWk85FqqqczKSrFA4bdmEbCmmNmEiQpJEKSGpZYZUSlEoVGSZVBENBALbppRSS0coEaRRiZDCskAht5bO2vVdH1BappxI2YxAikBElLCd01T6IkE6ExugtQmsIG1JtpEiAockEkSRVCTUMC2xSy0ihGyN40oEgU0ppag0WXJEAXDibK1lcyND1em0BUJRAdkIo6JQlJI5tslFUWotIYVESEaCQAC2SVK209g4g6AIVATKdO2iRNi2GNbDcrmMEqWU0kWmJSyFZEAAIUxEOFSc2eQih4pJo1LC9jQ1KQCDMxXFUIoU1VhYDoTtls12V0pEcTrbhHG6lBJR2jRK2GkMymwGhCRJoUgSEzJFlkNuLRUKiVCmpUCR09RysqK1VEhWOoWMgZQExs5ESBgrPU2DLUgnmU4cVW62cxwnk1GiK7VERQKcCUCGApxJypEYtZyU2JFOEYiEolJKEU4gXSKAlApqnqIUcNqgzARqqRGy08k0jUZtajm1bC2IUmuNMClUoigg5FRmS4giZyaZzVGiRKgEoigUBYEBhcJMQRDKbJg0Xa1IOC3ViFIqcqYDFMrM+axHAqQiyRASxk6AkJBxRGltCgVKSyAkiZYJYGfD0DKRIyoCkVNGRBokyYDtCJUSkFgRoRCgEGlC6ZatGRUVkFsDg5qbVBSWisCmZSONAKZMt3RaIUyEJEAppDAO0ZqdlCrbzXaatCNqoCg5tSknW85MZ6kRJSRJUaJgW0YFWzKSAclGSAQoM8ER1YJEAagoWtqiRo1Cpm0U1BKZLe0QhGRh2WmTUKJMw1hKRC1tGIUMtg2IKB02ASnCRsLYzU0uUYQELqWIJFEoM6eWtRTbU2ZYpStRZMnObA1scCakCVm2IyJKNc5MiHTDQrTWIqRawVI0NyNEhAARKrSWJUrUUlQVhAJA2MY400ohwDgkIRsCmm2TVloRJQoCk6Qt2VEUEQlC2DYRYWdOrZFKWwIiiiLAKMCQGMDYuKhERFdKKcU2su1AxsVyuHz6p30SgdNRFKUaG2dzlIgINwuVUkE2pQQwZYYUkjGmdn1XYpyaSkSEM8ZxCKufzfqupgFFiZYGooQUstfD2pm1r52qQ+ksUUKBVFQk0jmux8wpMXYp1c0SpXRIUthZotRSATudHrMFVo2CFGEyIpBALTOdgCRMkmGjmFozzSmwSWw50i0zBbYzW7YEhzS2FopSFIootUSxCIOE2zCM4Kjd1FJ4mqYcW6nFQShKKbWUbM04hOUSYSkziySFbZNSCIPSGQ7TUJQoTgxC6TSWiAjZkiwCpcFWiUwH2IADKQqXuWXLTGcYm4RSlJmhANsGBBGFAMAeh3XLzEynsWspdraW2GmDAKRaQhIgq+XklhJRqxMUJUpg7CgFe5yGbFlKCCyKIu0SskoJ4WwNyUiybVSK7QhJCkWmm5sUgBMwpkQYnOm0pWwZNWrUkNINIRVnKtTVmtioICnsLFHTLqWEwkJQSo0SIRGRzZlNJtMqqlFshFFIREgKQrIzjSghFAVNaUkYBW7ZWpMpoSiRabthwJmIVlQUjiiScBqhiFBrtGkYp1ZLLSUA0hCSsVVKQSgkZ9rNKooSpVQRBEItLVmSnYGLSqZdIkBYBEAQyFBrV7sqREM1SinIBilUwhZWFBQ1SkQpTiSw7BRKp9IIAxhnpkPhMGmEbYzIlimplhKA6bouhCRJpatY4ziEZDxMI2kXlQiQBApaKlS7vhRJETUEmW0aRyNFOO3MkDDGRUJEqERtLVtLDDhCY2tORygiai1FBSmKJBmAbC4lEOnE1Agr3RxSZmIbnE4bEEjOtAwhp50pKSKQkJyJLCtKyKQJnDaZEVFqZzubyay1iwiMZFEkITtRhCTVEshWSEYFWUSRFNnsdChUSiXGNjU32RhLyCSgWkt0JULNFEklsmWU0tWqiFJCiSFKlCiASEegKKWLImAYBpsIRZRSoqWRSinYpUih1qY2NWOVUEgSVtrgrpRSI0SCkASiSCiw3TCOEgJkIQxEOkuUUsusn/V9LwmyRIwtQwIwESoRiui6ilmP64haFAjbdrbMElXYWKFSixQRBUsYIgIaxg6wqCGjiFJqZnNQokQtpUQpRRKAUCkhopRaqqWiIBQWgSJKxGRjY3BY6WaFMNgJ2IYSEVLLlDEI0i4RaZMJFEWaUFiiuWWWUqOoRIkIhdKpdEJIilAoagkHJQQiWktDZsvMqU0SmQ2pKJCSzMwIRRHYVqgQcrp0RYggbaUdrl2dphbQpikkFLJMKgjV1rKU6GotUVxUS6ldF6FMt0wJlchsSjcnUgA2UlEpNcAYTCAiisACKYxlK7oIRATpkEG4mQA7RNIyq0JRLVOUDYFEGBUVyZCtKSIUBkSlYEeUUEGQDhElnAgrpIgpp7QjVEtp2SJKtgwJFALbEiFJTiChmJQCWxFkEhEE2EQNSghApO3JNgqDQFghY0nKSNnptB2lhORQWAakopBJpyQJSWG1dK2FzLGNQkVK3JzZUiVqqSFJxiKdaRWyGcCUKIRsKwIDkkICXEutJaRobUKIEsIhgUBSZgZKp1um7Si1BFJmTs6wgcxWSghK143T2Iax6zqFMltEtMxQYBRyJigUINtIQCkqJUAFEJakKhSSQjQiatfXqgBlGgCTxkRIJUgJq1SJ1pqglMBycY2atECZlgI5ogChWgJMRFERTplSStQqMU1TQMtMt5waEek0FFUX2WlTFVFrlNKmqZQaEQGqBTNNLd2MikTKQSnFznEYWzaFZGVaOKJ0EahECWwDzlAIgyKqAoWksJGoNaRobbKJEhK2ZKy0XT71Uz+ZdC2hUm0L5ZQRSJrssKNiCQlhqKVahGQFkNmczRChULh5bCMRUcKZmWkyhIVIOUpRs6UopZRSBERgG6edLRFuDWQbUUopChRyGBAlIqd0tlKL0JTNaYWiRFEoCCqEZBSElAaMQ9EysS2FBaQTHA7jVGbaLadpUlAkSxEFy3I47NamFlECTdkkSZKwEyMFEBhFQaEAQVomDZi0sXDLKRNbFCSBFFFqBJKQp7Gls6gkGRKKKAKDkGopxs7WWqYt2wiIIkUJHKUIhUqp1dDaZGeN2pL0KAUmnSWUiciWma2VWltzepKUadlE2BkoVFIWYNkO52SHAjAOkKSQ04hpatlSNUICJBHYlgrhaUpnukQtoZAkjCEbgVGks5ZaioAEyDY0cEQBMpuE0xFRShEEgTDYCSUKToMFQsYRRUS6ISICIYOlGljpBCSFIpFzErIU4MyptYggJEWttYTGNuHWGiGQwijE/dJIwh6nlp6ECElShGwFIsBG2dxaIxRSiWInIVmBkLAl4WyZNWotAYTkVGYag40zbSHhiACHOglCkp1ghZwtM1sSEUgO7AwESiOw0g5k0ggwGBEUYyPSipCELRCIEIhwtrSRagSEDRGYlikhBTgzhRTCKiFjKCpFiiiBkALJLZsto5DkkKSoXS2KWgo2UXAalQjbRASyHZICCNITiMSAFbKtUKikbSyVEmEntmoUIZWAUooUTqOiUAgigojAeGqtKIpCImXj1qglbKOwrVKKAtmWSGcYpx2SMUaBobWUFCWwVIQxEtmcIhRGMU3TsF4bg7EtSYRKKWGlLazaFUngbGlhkdOYTtuBsEG1FgURmjJDChUUfd/JAoxlSYAMbZoSbGPSWUsRhIrF1FoEKuF0OoWELcAkibsSKpGtZctSAkPLZsZxtFMmM7u+BySVKOCQkwKWMHI248wMItMKahQVCZdSIgKkIklgp3NKhUotBCWiOQOkEooQaRMu1NaaIhQikaVKUYmI1lIRXa2IoBi3qWGsBEIhKTNLCQBcFCFMhCDAONO2GxGB7UyFEAIbBQHYEBKKCEdrCUhuDYFMRCBQiSAicEqUUm23ZpOZKVFKrVEM6TTC2JZUowoMUaQoYKcUQhJSBLjUUmoFhWW1TEcUcAgUXUREiSilBJakUgogS6KU6uYxW5EUihJAtqaobgkoAhsKZESxTbZSa62l1loUiSMIiqGUqFFKhBG2RS0yauMUESpRVKJAKqKUEqWEKGmTSFjYVgRAAIHsNgGZlpCi1KpQNhwKE4rWxlCUUprTzmkYowRCFiVsOwikAMsSzpZpOWoFwOC0Q4AUsklbBlBEjQKyaFOTVCMybSwhCwhJmCIhJInMTGwTUmLsUooiQJKQaimWgwBLQRqnZSkIkYmilAgV29iZlrBJT0A2I0UExpnOVJQQhnGYSkil2Lipn3WkAUKtZWaTShSchCRkLIxBhORQOkljE7JBYKeyUk1ahCxFlMCOKEDLFhElFFI6S1QySwmVElEkRQlEjhm11BKgtMfWsmWJIpRuNul0UoqiFNlgiGw5jqOVECqlKkpE2iYlJkBgDTlKYbKWEiqWI4iogVQUJSKFZAyIkm44TLolUhTJU5tspyIisJEBpy0KoTa2KMKAWzZnhqSQnaQVQVGnqiBUkSxhSyERktMgbKScMoqMrHSmJIgISaVGECFEUEqxIeS07EAqalO2qSEy29QSG0AGpmZJRgqypTOdTuyG5fLJn/hx69VKtRbJFsikjdMkhoYLkqJlZhtVilqmIpzGNiSIGlURkETpIxDZklC2liaQFAqlqUUlQg5kpJDckpCMIsAN29RaQtGaCRUp3WpXFRqmCRMl0h7GMUQtnQQSUkRRpnEaoZwmjLEkSbWWDGOBCUBRglBAKGqpoVBRUUWKCBXVqBIqIct21Jpume5qsdPpiBJSlIpkGxQliAiJCGwkAw7bpRRwTg2kQAgD2CmBokYRIJVSwNkSu7nJUlFLB5LktFtGYCkUJcJyoShkmKYpW0s3sHGNghwiVEotEhIIsO3WAJforCYi0yAVSREqJUKlBFJEjaISipBdagHSrUSRCBUgFCWi1FJrkUFqadKWQzhlUKgQLZtUAhFSUUgWIEkKQC0dUEIJATbYliwLGZxGELSWzWlbshSZTUQaJ7ZVFQqkTIOzZWaWUoVM2jm1SSEwsm0kCWNDUS01IsKtERGSZbeUeCZB4ARsLOR0pglKiRJhEDI2CKU8jBN2KVZECUWUbElEIAwhAYooYZOtpZsk4UyrIIWEIKKCSpGTEISyZbOtdLNlEE6VEAUSIWjZgBKRhGSMrSKFZEmYkDIUQQgUkoVsKSIUETZgjN0ItZaZTRHpjAgBuEREFLdsaaCUIgApSra0MxQ15LRxkk5LCklIOEVRJFlCodJoaXelNBscEZlZQs3pbFLJRJB4Gkagqx12SxeEEAgphGnONApqFFDLJpUISQgJFKRTiMtEFMKFUKQTa0oXkWlEKUU4JEsYOdOJE6QQliKilK5UiJZZFKFoTifYCKFSioUciUkiBAhaCiUGCcACS0YFZxvGTDsT26miICQnEUiJAZCEnYSE7MzWACQgARlDGqMCokRIkVhYCBmTmSEnGGe2iECGqFURtYQwLVuJkGLKqY2jSUlINQpgjCVJSWIy7XRzKt1cS6m1pHA6IgxAhBQRJTIJoxLYBgtlYrI5JEWBUMhYRhFyNJpBtg2SRa0hMCBEmMxM2zmlhaSiSFsSBSlIZ5tEkZyiTc02CU4DhkIopimbHWCkolBktnFMqVjGtkmabQmbaZoSlxKArTYNaWFKlBIBThu5llq7GhFOWqYzIQIUUaIohLCNMtRJMeWELZAiVCRQlAhJIEt2lAIpky2zRlFVpkrItjHIkZgoSBKaWitS2q21QNTi5ggIhcJ4nJpCgYyRLEmROdo4myQIZNuSbCfGNi6lhCKztcyIQLKRSU/T1AQhTVNDCiFJCvDYmrNJFGQRiqCkU1CKMo1TgVCUYgOEyKTlJJCUNkjCQHqaGnZrVgmy1VpEAOBADrWpSUCEIqIoQkiiRAC2kTFCESGVllNzBmEMdoIsVGsJhaUaERERBFEKQopoKWVz2vY4TtMwRlGzbaczbdIASajgDAVCRDolYQAaFhhnE47aSW5OsBWEa6mKcGYAslDi5hYKW7VElMDI6ZAkKTIzBWBbthAoBc1jmwRRipJxHKwoEZkGTEpFRVHAkESpUggEKoKQcBKSLWyEABWhEgi5ZZYILCEUUWtVRNik7ETYUkSE1FoGINk5tkkoopQSUYpbYkdXsGwy29SaW6ulKAIIRMiJhAJBkYZhDZZUIiKKiRCXuUQBHGAkdbVIgFpz5hQqSFFrKaUrxYi0ikI47GaJNJ5apgGMrVLVjHB0VaRAEBFRKinZEUVFoSKRmUjI2VJIwtCai+Qgs4WkKCWEVCJstdbSrURERIFME4EoEjKifPqnfXItXY2Caa2lM2TM2FqUiAjZFiWiRHHglhQkJIFIK0JR7LQMilJMtpZCEVKERSAFSmwL0kamhAyhCBVFlFKKppxqFGybUkOlQHMaFcvDMGBKFElJlpAiFG6Dk5a208YOyU5b2MLItmRFVSikShgClaiSs1lBYEsicKaR5JbNWRUqYTtKCUXIRLi5ZatRS4m0p+bMFpTShRSWlQkqpURRRERR2oJQKAgV5GaHokSZWouotQQSNQI1EjvTxjVKlLAzW0qgQESRFEE1tpxJOlubpinTDcjWppa1KyXCZmquNaSCnS0hkETUWkotOCWXUp02DilCJUqmUQpHKYTGcbSNQgJZxkhhRQhFSAoJRWkkYGcRoZrpllmEVEoJITuTNoxTECLAbi3TwziO40Q6aqm1FjThxNgRkoqwmxtJ4paKqJIVIYlIMkqAIyTRDLIcIbVMZ1MEspBAorVWkMHGabspIhS2E4BMS5FpOzFFYQljO4qwMqc0JQpYEVYWJBWTbWrpdMuQShcA1jCuTUhhlHbakoAIyYCztczmzNaoURS0lg65WQYhCYhQKKKEsJtDQrhhEAYlhCIikJwpIQuQlGkbAaSwpVoKQkgioiiQDTZKEqO000YECAxGJWpXpYhSpFKKhCxFqGViR4RKRKm0TGcpkXaETLScbJwppEARERhIJIXC9uQMwhiIWsKkLUXUTtkoRUhKA6lSo5QCRAiUQpAoFIpQSEIIYyuzRZR0S9sgIUkiEEFraVtBpsGYEoVQgCMUISkz7TRktsy0IggRChUVS5IlGUqNyJByai6hEEhgJFvgdAIR1Fpr10VESDgVJYKWSFZIIAiRRgpAEZAKGRQhJBinKTMjIkoJFWHhlhklhEUokCUphCKEIwKKAjsBKcY2BiLktEopKkhYEiJsY6eNFSUkSRgQpda+1EwyHQqLiAAyncY2OCIQEAohgUIRUUIARWExjkNrDWOcYwNJlBKINBAKbJciI5FTy8wGOG3ITAnjCBSltcxsRcVYkgG71BIRCEWJEBiDZNsQXcGQQgJbMpalUFGkIJ1ullobg5DCmU7XWrAlQrQkFMZVJSJKrYSEBEgRESVMOo0QrqVYIdSV4rSKJIoKoZAoCgiAiC6wneaZBGknJoJMWjanWk4w5eQkM3MYRkPaJtNWKFSQMgkpFLbbNAmilEAWtguhEnbm2FpmUYkQWIo2tRC1VEvZDFgGsJEys7XJIEIoQkJJ2jaCRBIWiMDpRBKSICIE6WY3QaldKKRCYiGZiEAAzoRQiQiDM7GJmtNEqEZEBBIG2zbhQJKksDNFRLGzZQJgm4hSagEjWUkzoFAicLYMRZRASIGQIopMgmRHKZLTkCaEjImiUEmlE0XYmW6tJRhkLCSEJINMypKEZFBrE0FXq6VsqSgmi8IREVLISJRSkVRCiYGQIgIp08aFaE7siIgIgSLSSWIpp0RgZ2sibIMSR4ko6koRKiVKVOR0ZrqWGiEgs9lWSMINbIUkEQZna63RnBiFjOW0TTjTgRUqUaNUZJChqCiKQrIsBLaBUkqNUqMAYIWA1lraCgUBIrFUu05OpSc3UO26cZwiAmFbkKQiBBCSU5CZptQiRbPBoTA2jlLJBEUJQIHTaUsCOVRrsREgo0hRSiUky5njNKqoREEgOyRsE+GIcKaKstmo1gCP02gwJrFb2kVEIEIiCmm3qTkzohYVhBQTWaOEmEyICHW1iCCn1uyiEhGIkNOhouXBrgHbgJ0QONMylAgpFGNO2VpErREtswSJSxSb1trYxkpYykykeT+bnDlOqqpRW8uokpWZJkFuth0liqrJlk2hNHLaCFQLNmmKbImEyMxsU9p930eUaZwMXZUUmWmwicBWZgob4UQKSREgt4zAqJRI06YxM0vpRRKS5ERgDBiHlNkyKaVEqOGwEG2abFt4SkulFGdaqiVCtCRCSlK2DSAVSYpsmbZpcrEInM4SJUohwpmZTciZRBREkRzNE0YRstuUpQuDoViGJCHIVJEgM0FtaqWWlolTSEXj2IoiShiTSUREKDGOCIVaIiHTWku7dgWiTePUpr7rhAzT1BAChdLUkIhm1xJIrTVAkJhmpAgZbJNWhPCUGVJEKSVshvU6nX3fh2kkCjmTsFtEgGTAIVmBLANCtMwQmRYQksAKBXZLQ4aKqsapYdspQgFG2IQCrHQKhBNJ0Dw6ZUoQtSNxiGySEBiDoLUUMkZECDSNQ9f1UaJNTSVkbGfarakqVLJNECqRbkKtZUhRa6SbCKSwU3YaY4fKlBMNVUUU2wJbImutxq01IpTpCNlpI9UooKmNNjLYhJBKqKUDjKEqUorMdGYE6SiBEU5QKFKJEUKaxjGkKQ0ZCtvRVTUrZFuSpa5GmxKRjRK0TEmYiDC2BMi20ykVBE6MowSWpHRiJIFtpx0REYBETNPUplFRI0g7QqRU0i1UKIoUQbScFEVg284axbi1BGpEw25umQpF4Oa0Q0pbilIigcxAKnI6hRRCyNkopFUiyGxplyhA2saBMgGHIrNRCEKAaLZbIpVSkGmZqVLIEM3pBEKBlFNDDoUiELLTHseh1FqjGtkZpdjpVC0YWkssyUmKEGo0GqUECLkoWqYRchC2EbaJEoBsA9maBQhJIdkyWSJaawplI3NCdLW3sdymjLBT6RRSYJTj2M/mmc0QtXhKY9u1dlJms4XAziAS2U1ChNPg1lIlSilOk55yJCIUJFZG1GxTREFGIt1a6/pOlGG9Ll2UKBHR3LLlOE2gvuswAkI5tQiswMa4UFUsKW0yFC0zSghN49Ts2pUSOJU2EJII5NamUFjCiUQiyeQ4Tba6rogAWyqiWXaWUiTcsrUspYQknMJ2YlJKW26ZWCWwbEcIp02zapXsREQU28IJmYmRlNmQotSw0q3lJCSFcaZxRtQI5Egm1NWqzHQ2KLXWbA2hULbW0qUEScuWmZmt6/pSijMNUYozszUgIoA0iJBathKBFAobJAEwTWOUIjN5UkJREMLNFgUA2xkhAhwFNRs3lchG2l2J5iRJp0KlVNsgZ0pKZwlNzZCSikpUtcxMBxGitSYJ1DJLyBDCIZrTiVQibKZpiggVuVkoQbJQqV1mE5BO1LKVGiUKOJsdjhQhOzEoAghhtykTlygm7SZFqKgox4YgwlNDLqXaCbIgMxRgFAFpCNvKTAkS22mnsysFKZCFpMRuqVCUqmwmWk6ZLqUU0TKlwKQdoqUF6UynpKrioLWUwBaaMjFRFAqVEARKk25yoKylpjMUmTm0RrrramZDpRRhZU6hSBshBIGyKAytNUkSrSWyUShkpmw4u9lMtghCstNuLS0HSmemJUVRKDAKiQCnM9NpkwnIooZshFMKhXCmwZmSouvGcSQdUvNUSkGhtJEwIadLFCRgmsaQIorCzSJNSDgzI0pmA4piSpcSJZQ4EkNrVoAxxnYoLCCzRRQFaUhHKcittVBk5tSmvusR2aaIzjZOlcBSYBMRgqlZbpJSCqllCxOlg8xsmUlESJkpKKXYcmaU0rLZzZakErKVziKVT/nkT8zWWibYGIgoESq1OiyruQWg4taIiFDaLS0REU4jRxRMuuWYlOhKVVEt1RZYBpNGGMmhUITAJkJgOxAQUaIErZXSRYmcsrWspaIopZQSaYpUSySSEsCSSpQoIaUk0llCto2cFo6oBRo2liQBsp12CVkG5WRkgyQJ21Om7RIhhSIiBGSzgVBfu8zERNE0peRSKggrkEpggSRjZUuFkCAhjENKG0s17Aw7PY1jy0wrQlKR0+kJCNQgp0lRbGNHFONMO1sERqFQREQptWRrilJLQSjCtkARKKZxSii1rxGGzDQgCYEiwliyFM0NcCILCSiFUjpJ4ECSbCcZUmsZUsuGVRUSaUcoAhHT1KKo1GhTQ0RISbqpRCBCpatpihTR1SpFCIAxpygRKsKkJaXUppa2IkISArXWMjPFNE4tJwkEUCTkiALGOIylCMDpsU1Tm/p+Rkgmai1S6UqtnULIEplGYMkKgcBWIaRSi6RaaimltQlLETgBAZICHM60lJkRIRuiRi1FkhQqiKKQbIDMjChdLQKF0ilCgaRQJCkJkLGZpiY0jk2mREmnbRKJUgIkLJjSpRRFZKMUigpBSCVCipAShC2FZKGGLEuBFWqtFakoFIpSCkzZMjMUiWm2jZVO3BBIYCSBhcCZxjhTllWiIDttVIoQhUIQYGEoCBMRIto0Ypfa1RIh2ZmtGWdSFKUUFSmxs7UsYEkiE8lJ4EwTpdhOt1IqacvZUhCl9rU4cCKTLRGtGUngdARICmPZ6cxMRYRFpjPtTEMJRxTE2CaPaRinyVCLAAKIsFNRpJTIzHTaJQpWqVFr4BIFCexsZBoiM8ERJSIAZ+LMlpYy06JEQUJgI2wIBRBy0uwSsoMwuGWWUgBnphPAGJwJUgkRCGyFpIJJe9bNUIzTaKcSSVFCKIrAtiUABZIgaXIYW1YJOU1aRGAIqaSnlllLoEIQUhQJYU+tlQibUNSuWAGQUyldQqASUaKrRaVUoIYgwOks1IhAYAVurVFCxmRERcIiHIQkWSqyDTgIa5xyHIcilVJIpqmN00gSJSQBKiGFnZlkWiFErX1IIVlka5KwTUqyEzssSWCw3SY7FG44HdiS7RKldiWiICSBoshWYFRUQopsmZmKKkjbJlCEZIUEGIcChSTAdiml1qIoU05SKUQU1VojQrJQZrY2kco0AruJAkRECaGglCJFaW0qUSMUtYhILFNqSCqlggWZmdmcTUISAkQkiQ0yRqXIjG0qUqkFqbUmFAqEJQKnIC1PY5MoJZBA2EonNsjUUoQlYdlWDTe31gAJmxS1FBWHFFEyJyiCzDa1BIdCEVFkg8FEKUU4E2Q5CMA4s3UlRAlZyE4SK0Rro7M1gTE4oqQznZYioqgoFKHMtC0hhCwVhWRApUqlYDlNqLUM2akUATIKLAmilhIlURDIRhjjTHuapIiiZpPOloDsxNhRYsrmdKmljVNrU5SK7EQ2ihKy5KR0NVCp1c2WLYdCyGo4nGmT0OwcJwU1iiQpZBMYtWwkVwSWSjqJiIgIpTEpBFFkwzCOoQiYssmkMzMjCpKbDQZwjVqE05JCBZyZQCiKSioDRQkJwBBSichsUmS2UmrXdc7MbImlyEwriqKUIAJSUraMUqZpTKcQoAgjtSYJcE7ZCCHJDuRSVFXSHtdTtrSIEIBCAlSlsU0KIAim1lrLWiNCkgIRIt11XUSRBEKSVGqVMEE4UGsTyKSQAzKdWVRUJAwBilAtQUKS2QTY4zgBIotCCkuyo4QkpPJpn/QJJkE2WCVKRNjKHGWnHRZEREQNhbCEncbgYieU2kVEsTEobTJwJumMEoLMlJBCUkhAZjqtUIQmW9jIzlILCuRw1BpRYhpbEZYUlCgRBYVsiYhKGqUTp2wbAkWpJYRlWSoRYagRSM5MKFZEiQgUIUlSOBQhJSbkZtKhkMLO1rJEOGmZESoKcN/XWjrZjlAiKYgISVioJSVCIQwQkEZRkARCUZBriQJpFF2EopYakpSZ2K1lECqFTESJEsLCaZUSQopSCpbJaRhbS9k1ioQzW8tSIyIckiPdZLquKxEKmjMz3aZMtTams7VEFqDAlIjMZklQikA4E4mwXGrFCeHMbBlFTpeAopYOkU4pIqKUwCBAwoYEOyOKImRjS4Asu2ETEXaGhJVuJm2lbSdGoioiIkljEaUUAFGLolRFyChkK9tYogNJgIUabZpaKdF3vURYEqUEBiCQCRWFQiGjQoQUVVJEhCQFJWSwJbXMAIk2tUJMgpZRAstOiFKLpFDUWhES49REWA4kM2VKhEKBM9MYnFIQKGU5bYElIZVSFCVEUZSuJp7GSYGxIkopUSSKInKaZEqtEURE0jxmYhyQITVPskJFiAiBQsIIJ6UGlOiCFAJBKkUthfSULe0SEiq1k3AztiSQnUCUIopCRWFbliVbsqdsraWEkCEzhQiBDG62SLsrlSJAjtZGEUVB0NxEtNacnrKBImQTISFJtkxKsg2hTENELRFGpUilZDNyggqhkCSwwA1JITIziSLJUUIQUrYUKJTTZFNqAIVQLSUkImSbKEUG2ybMlA2caTAplVDITiemEWUac5rG0hWhUiKglJgynQk4EyJKlSBTtkHCZsrJpkYohORsibEUlgSywZaMsbANIVS7iBIRmqZ0po3dQpF25mQbjK0SONIuIqIgBDY1atf3kkVEFCw7I6JEUVdqxNhaZgMRQhSFpNbSEJLITHCoYKkooi81SgkBgUoJRGsWLiGiWNi2TUihdAK2hUotIfVdh6JEIa0iqYBtpBQlVEwCEmmGccRJxHpYddHVWef0ODXZhFqCLckiJ09tTCyaE0khTW0KZCnTQoISkUlE4BRKNI2TnY7iZlpO46SwMaBCKAhHKaRtnElYCtm1VoRQiQCDkQKFFBGSogQRURQhlQiEqFHDUUpIRaFsiQlwQchmGts0tSgR2HK2rLWWUiKJEKFQ9LVTCTASQgQYaC1ba7bTlnC6RAFMgkTUrjqztYyIbM0NIkotWCnCUlGNEgrbmU0SAkAiMyKESQOWIkIoIiKEnSZCglLDuGWqRI1SahEWKlGEZaJIYAuVUgqAJARSyCaiRgkjUSQkSTJpUKhGCAhoFlIUQwTZnE6QbTmJEgJJYMkowhFBkmrhsChFmelMwFY63RwRirCxjQnLSiuKInPKKQFhFIqY0jjtLBK2nUY5NWMiIiBpmVECKwSSsEIisC1HREQAzoxSuloVkqVQ6WooWsuQIorSIoxbNgk5BJA4QtGcIOESYTmiiwhJSEIKRQlsAy0JpAq2yOYIGdQsg1AIhbPVrtYSFiKAxC0T2xCBpBIqURQKSRHNNi0z7bQCUHEXnYJahAGJkEgAiQyVUktIUkREiRJQagUiFKVkNlsRQrIJRURJGVtyZkYUgsAoqrAkEQoJGwN22lFLukkhp4qAEiSAFBEhp8Zx6Puu72ombi2i2I2IogiFlShsO5EAJMkGKQJZjsRhIgJZhHGbMkkZhJtbtkyTVlQwiijhBEmohFpaoChuWT71Uz+pRFdKKVFCUkHGtJYtrVqKCedkZ6jglGwiJFBigrCMIZAkRwkMUQJlNqBNbWytlFJKpB0RmWmIEAJbUpQiKCUKoQiMZVBr2TJDQpIopdhunpwkLhGZzZZCY5vSzVD72jKdVqjUohBCWCGcLY1tKZ0WVcWSIkIF2WBHoIhQCQlwOltrIUWJKhEi7CTt1lpEKaXUQNLUWkSElGkpFGE7nYQKkU6wJFtIEYTUxkmlZEI6pNr1AnDUEgqBsSIk1VKARCEQTktF4UzjzLQkySUiEySTBlmEc2yZLZ0SpRZwy5RtVEpRRLZmZ+K+dApJwo4IRYmILioGUEggiCjOli2BtKMWiFqrIrAVUaIoQkgSEcYkCkmKCBIhgVDUqiAQaBgnKxUhGVxKdWY2nI4SoICoXYiWrTlbmwIZJACkKDWilBCKcZicqQjjEmq2EBJIQkRIikAySKTTKUnOVJFt2yadilJsB5Jsk2lZdqZbmzLbVGoFMrNl5jQpIiIkRJQuAhlwGsjWkqIoIScmh7GRDYVCsrmsECoRipaJM0qJiEzbltOyFMZSIGQIlYiIKF0XISeSLKIoAatI6WwthWxDtuZGCqmUbM1gZ7ZJpVg4jcCE3DIzLVApgqJQyEJSLVWlSCKEndkSBFJERBQJJAMKSRGBcZQC2CnbgnAQtpHCANM4gUstIow9TS1b1CJFqVUC45CzTeNUIooKgAMDCOU0EQqHnath7WytMU7jsF4bSzG1CSgRJSJUQhKappFQUagIU6RMCZcSTikIsBURtdYaASo1pBBSqKvFIWSjzCRRyBBFKDAImxIlSgkpQm0i25h2iWgtIzQrvUJgg6JEBBJ2A4muFrAxisyMUiMdUWrtwSIsrIhUy2ZcooiwstSCGaYWpYRCpEUoMBASEhFkMk1jKQEuUUk3DBmlRMh2lILACiJKgDObnZZkCJGeMiWas0TFEISE7UBI2IkEEdiBDGEL1QiktCFJkgxHVCGVEs7mTEmyJYyAQBGRWMItDQWpREKbLE+KKCUUkXaELWzSBmzXWjESpXZYU7YASun7LiTAWOl0IyldV2stUSVPNnZEhQhlKUURgEpgG2xwZmtRSgUDomWTQrKbnVlK11pzWiGnIyRrnKY2jYrIbG1q2ZokSSrKlpjMVJpSwiLCCVhS2jaJCWWmMyVqrVII0pAtQiDslgmUiKpwyGFBZpYIoWRK27bTkpyYlFGVrS4gAkAEMmCiFtK2kQNZUlFFNiGVUEIEoVBEyiSSggi5KBRyWkW2pCillJAiIopENhSqJSjCbolbhkBypiENcikFSCORrUm2STKbESohVGuJqPbU2kQEclBqDUmZWaNEKZIIGaKEUAgnY5sklVBEKAo2oRJBCJCRiQiVsBWSlNkwIEIBzrRkRZBWWIkliaJAlBAREipREFhQiMSCUmqmjUKks7Upgig1BJCZzgyFjayoQhKkkUGKiBKyMyQjoYiiEAYhlQgSCywU6qJThGXSETWkUktEhIRUoggUIVlGoIiCQc1pu699FIElGWMBQmmZrKWiyGx9qRHFEBEISYLEkLanyQohYSvCphZNzSVCws3prKpgpSYD2BjAEpkZCikTCRkrACkUpZZSbGdrrSW2kQQQNSJwQ0gKRcgWSgGFUIlCkGDbmVEEpesiJDdHKEpRquVoFdmlRCCQQgW5hEzLTFEkFIi005lpCMnGQkGYqWWTpaA1S5Zky7JUjMk0IGQbSinOJKKrlRpS6WpRqJRoLRMj+toBdjPSwaVzipAZW5MdpZRanJlpCUNEZEtM1HACxkhGJbOFpAhJ6YYiFIJsaVkmTbqFZNOmVFBrZ9xahmRMWiUkbOxWo4zNkktU4ZaUApLTkqac5JBo2aQgE4WVXamZRpAGGQsbAQ6CILHTmJCMFFI0t5AEkpxIWNla1lKRwJKmsU3T2JU6kVURiuYWEQlBgJ1JlGkcnVk6dbVfr8daiyJs03I9DSVKKTXCLXHL2pVpspS2DUJRJMIQKErYxljO1qRAANPUaolaupa2U+E2glKAFCEEhG3b2TIklZDd7JBUyIakKJLVWrOQMc8k0VoGYaWbo0amMQpJwjY4XUqUqDjH1pqnPjoHrTVJEQWEG5BpEEImSoVs2bANImqNNE7sFqUocDobbRqi1oC0a1ezObOFQiFBc5IOFWNE2gJDEcMw1VKo0UVJ29jGhmyJS0RESSzIzIiQAttpRchOJRYoQsZIMkItM0lnhmoJWiLZUkCSkUFIeMoWhOWI0qZpHIaun5eq1tJ2jUhsU0I2drbMUgIiMyFFhGQoEVZxTokRNGdrJUIlgMxM1NUiK3G2VKhEtJwURQbbEBEYCyCkaRpBkkyiIK0SZNoARmGrCIQhsCGbCQXZWkRRRMDkVMsoNUItU7ahJSYjhIVQSDYK225WkZtrjbQlIdLklLUG0FpLp6BEsUkcgMKyDThUQtiJFKW0YWqZtatgt3TaIaRiJ4QilSASJEGEFKH0elplRgiBhVMoS6m2laZEIEHDsiGmaVJQSlGEW5tai1JCIBVKUzpTYBtFUdhWIY3TQgqkkA1qtp0BiQVpS5HpWopkm5waIkoRaqQMOKIKpmy2p9XQLeYSziyluGUjnSmFFAoBBY0tRVOpMkg4EZawhLElGdIGwCVKNksY244aZIzjIEkhZwuFSpHJTJXIlgjcUMEoCAW2ybTaNJUofde3bIiptTa2rqsEQSAnlkNYpTidWHYoWma6CYVCJZwtVCwym02tXZsangiZCMmCTBJFWJYtFTO15mxpu+v7No2Sau0mZ6doTie1Bo6kuaEi0gRuIIDSFbfMlinTqFWTjVVLKESKMAZnItlRojXXWqbWnCkZipyZbUpqhEOCiBLBNE4UKSIsy55QUaadVlhCjmaXEkqPrZUSwDRN0ZVCIE3jmHZXipGwFXYDy1FqON0yh3EIFYREUYlSIpTOYT10XV+KnG6Z2IpiHNCc4FL6EJnZMmX6vq6HyWRETOMUoVI642xZaxElCtkSkFKUKTPbVEpVCWe6uTkVlIgoFYSztRZRUGLZqChbhkVRTm1qTWSU2pXOShskKQIP41hqLUFSaM02gZtViIhpcpWJYpPZANsCVFE6nTS51homp6FFBAGmlMiWLVupVVYUQGRmhG2l7QaqpaSUbcoEEZKKaBDYCkmhnCajUiNtG7dMT103I3OYplq7EmqtIQnVokwlKZOZ0dWcGkGglllCgmlsqiVCtm3jkJy2IDOjKBvIoQJumREqpcOt2TSXUhJn5jSMXdchDGGniRK11my5noYSJSIkSIyNpQAZh9RaCxGlCss0kEHKnEpU43EYopQIGaRo05Q5gYRq7Qg5rSCITCuMlWkiscAtjSmlSGptilqVLa0QNhI2CNsEVQXcmtOJVEux3ZwFJRSFpKRBmHQ6W5ZasCKwZWdrOU1TrSEVmSggOT2MU1cLoVIKdpsyikAtGy2jFhsQIlBCthYRpZSWk5tLLUDackapma1ESZnEgEE2Qi6WJexMG8tMOZVaRQhLEMWtSUobLJXWxhKllNJa1hoJAlmtTRYETkIhyTANA1JXKwCSWiaipFMYhcD2MAxRQqUUyS3VqU0JKp/2aZ+EAUop6ZYGy5D2NE6SMjPTpQiTJt0kA1KADRiVcMM2dmabsmFJAcYClVKiRglhE5KJEhIhJbbBAiH1tYuqbCZkgTNtJIxbCylKDYXtUCVUoiI5sxCUosCWFGDLRVGiM23KLFEiBMIpMBko3RICkAE30lkUEsCUzY2oJUAqFiKMndguJVQkyLSKolQwgIQnFIpIOxTGgGxFRJRSotlOh0oEado4TtNk4Tath3EcpzY126UEijY10hFq2ZwpUaKUEqA0SCEwmS2ba8ggKCUkIYuwpUBYFIUVUtq4RESEsNOJS6lFpVZJEtF1RQYHEKFaApNkZgMXlQwkFVVk3MgWFEXYDsk4cYgoRYpAUjQntkA2BtvGzlIiSgkgQhFQQgAm08YmwhgTVYDsrtaI2hKUlAhIpxSYHKdSIkoIKWqIiGiZOTVMZjaMLRElMBGSFKjZbglqrdktJ0eJwMaGEJlNhLAiJIMk2WCMo5S+66PIaUmBBJayNQBkLMuiKMBCJSqShJAChJ3FlNohmzDC1FJKreDMdCKcToCMWgo2SJIkCRsJO9uUEhjbsrq+IoKIGiWqpEaTxWVCrTVFlJCitHGyLEd0IUISklGEFGGEMlQi1DLBJIagEAaaE4EkO7EsY7IRAmOXKBHhECgChZSyCAiFsAAFjdaacYSwnEzZSikqQRoJFRW1qdmKQEKSSYyVyoiiCIxIK6KvXSkiscAARGSbJJpTpCJKCIWdinA2okCmqSGhlEVIoRLOhjEIOy0p5CmdtkC2IySw7BShIOSUBMYWORkgKJJKpG2aBCaiRijkdCJaNggZopQIiWzNwTSNpdYapQE4FC0zsyk9Ts1yUaiEoYhQgJDTtrNEJBLUUiIk4bSFW7YcMy2DJNTVTuFQCCGMnTImbbmUkiazCbq+tpaSCGFHhCCNM8MJQpGZYMQ0NWQpgCmnoqpwUYDSLW05FAicFhhjE4QqMlYQpdZSSihqqRGSyGaBJBFOTzk5rQDCtEJVSBiZxJmNrKV2pTYSLCTZDpMtm01m2mnTMltrkVYIK4VbqkSoEG4tQTJCtiTbCDkNQulEwjmBFBElZNKJjDGUUiNKLUUgUWvNlnYChKQQSJRSRUjClFL7WWdLElghRC21liJhyU6kKBGBkCJKKaAiDNkaAgkJLEtIKKKUUoTsBkRRNk9uhkCqNUKGzAQTAiBtAbaF7ZQEBsmkMwBJSkqkM1CUUIiIEE6TIKWnlg6UJjBF2RppB9nIqUWRTWtpWwVMKCQkBxEhRIkAp7PWIindBBFKW5IsK6WCkECR05RYqg7btMyhjWFlprOV6BAKZcs2Tq1ls02KAJcIbAyKlsZJpkJGblO2BrKcLbHTSBqnJhMKbEm2CYXk5ikTAOFmLCGKUSilSKdNV6qk1lq2LBEKDBZFilKAiMCMbWrpzAS3TDmBEgUApScgpMwEh6WQZZqxm00aOaJktqm1iLAQIbANUkhRSyEUxrYzW4QMzYlprakUGwkREUFIxplRS43qTEKhiFLSaYgiSFAmCRECLJzpzFJKWuAQhAC31vW9kJ2lFJCkzDZOQ4kopYbANpkylhW1U42KZWSjIqUsCWwjFFEUTk/jlG6lhG2bqY0tW9/3IQHZaJnYaSSKRSAhG1HMlGZKYyQEzlqLiJAkI4VCCilDkhF2RESUWmSSpIFt2wiyEOtx7GuVwjYQCkPaYGxlsRogCTG1JKhdjQiEEMpMcBjKZ3zqpwJIWKFA4JRCEFEiQsa2VENIcjY7AESJThJgYzenm+10RKgU03LKCGwyE4MCK+SIQjpCRARIUUqJIgAyGwhJ2DiM2zQFpFRrSSBTEQpHBHK2ZkAKJwACQ0ggsG3brqWEShG2rAwCgZHVbAS2JSw7ich0kQgVUBQJBRghSLemWiJkIxQEpC05FSEKkux0Ku1AVpSCBDlNU0QUhUIRqqUoImrUUkNFEQpKKKI6UUhyrdXW1CZDrZ0kwM6QalewmxumRKAoRVFKYtJtsu2okpWEQaA0EqFQIcHZEjKjhslpanaGZKEQQiKkTIBsaVNqV0rIOD05ZSJqUVAkEQpERAnLtrPZNGdIJSJThEKFolBElEAOCaTAClkCO+1QRJEkSaGSSllIESWdU5tqRETUUrO1cRhKDVCUIpFCyBgDgENRu0AKFApqodmIEGaaRmxFhMjMQLWrXYnWHBGlBBK41NLSpHPKlMGYzCaFkCCNIYgochBWKZFmbIPTRQIZikpEKOzEIko4ATknlRISiigRJkoYyTYyTQ6ilCJbEjZIirCciY1bSyc4IkqttRYjlRDY6WxGzZOtEKVUKaZpkiQRyKbhEEJRo7XJ6bQT2y4RElObprER7mpXVEopCITCGBlDrTUULVtOqQiTIYFAjgjJFiKEIlDYzcYYC4SwrcBSSBFFONM1hAQiLYVIjE0NScqcxqEJ2UTScCkFsBGUUk0ryIEsCZUSIkJOApVaSq1SSDKSiVKLJLm1TEslQlGiGOc41lKtAAlKFIXalBIiAFDImQ6JCOFaOtutZQg3opQoIbkQFrJsAEWVgIwQ2BlCQhERtRRMqK3HKZuwiBIlczSApUDCEJIoIRQhSZHpbGNLC8ZpipAtWmtOKcAYRImiEqVEKEqUqCpRLdJ2ohqZmdlsSimldrWrmCSFogQSWGAbwEWBZdt2SLIsHBFRCpkWERKaxglZUaVIj5kKEUVStGyyjcOihAgJW6VElJBREFJiSUgCpJaWnNhQSymlYCuKhbGFrBKhEraLiiRQjWJbEEVTS4FCJrEUymwFSUIoQigikDJbKCSJNMpptNzVzmlwRAFlIhKEQJKVmYAQkoRKABLjMFpMtpwCLNMiqrDtWmtmswmFSUSRSimAQkItMzBgIaK1FBKQESJpIsAmWk7OLFEkaA5JEQEWSNgSEaFQYEt2BiCU2XCbmowsy4VQRC1FiuaMCCkyW2YWVckllAaEFBDRIYkIicAmSbspkDpaTp6cEwjbpuEwijA4nWk7SwDCmnKcWoJqLbYDJIzlQEyt2S7RSSqi2ZmpkLNhG2yTSCAjIUpEjRolFBEhJyZlkFJZShdhQAink4gQAiKkKEhCISmqIoTGaZzGFiVqCbdMOxDhaWq2S60p3FrLlpngUkJEZiKFaE5JItIuCgtFyKTSSYmwMywFhVAJDCYiIkJFWDWCqDLIrU2WnWAiJJQtG1nkcco2jRY1ZJwGEwFEuhlCmlrDlBqSiiRH1ECyMyJAipCdAhECwGlFKSE0teZwICCdIAu3VMjY6YhwhmmyokhS2EhFBaxQa6kQyThNUUo6Q+H0NDUy05ktM7PWrlZBpB0lnMrWJFeVdDbjNiHAxnaGAilbRoRKGIxLLaFIZ4SKuq4WSxgBUgSKKFFLKVNrgNJIxsgRQYhQkdJpI0dIBiMFIdnOlpYyk7QQocx0a4EsmhvE1KZM0jbuSmnObCmBJAI30pk0MqFlAxSSEQpCCABFhBQy6Syf9qmfKKllSooQDkuQgUoJyUYKhYQiRNoKIUCSbQtjpjY5jV1KkQAEkoRUwiAjkaQBbBxR3BIQEAqC9DimnbbTLiWktJFkRYlAUqadlnOabEIFyZh0ZhpJDoWz4bCUSQhFIKbWFJKiOYUQTiLkJAIrMnPKRIQi3do0lVIjQlLaTlq2EI6QQGC5mSIinCBLBBEhYYKi4nAttdSSmSoBpZZSSm2tTa3V2klFAVJEmJRUopQIY9tkSoEznaVEKQXh9NCm1lpRZLrWQEUqCKkEzsQ2JDKOCNmIFCiw3JoVQbaWnqaGHaWgdENFEQU509kyCIWaHSFZlqWQc8qUhB0ICRkkRUsL2VgNRWKE0yGEulIshGoNAKMARAQIGzCyEgSSIjMxSCUCI1GilBJOS4IwYKXc0ooQISHJ6QgZisLOTEcJEEagWgtqdsik0g3JUEsRgEsUJKCUsIWbIlABY4wV2LIdEYIM2ZnZWsuQmpsN2SxltlpqrV0ApdauCkwa0oQcURC2cUYpQUxOsoGsBDBGuIlQIQJDKGqUqU2SFLSp2Q4kAagWKQxGAZIyM1vLRmtNIU8OKSKSBGOjSByhQqSN3ZVqkIUUSIhgGqeIgACcqRLITstYIm2ZJDNNYkKKkKSWKSNsp60ISSKdTuyIallWlAA7MYRwgrPlhCkliIJpOQlHFJMSRSKiGUUURelqCEvOBFsqiiiltcmCkFO1RKm1ZQuBCkKhomKnnQbcAKRxGCNCJUqQ2SRappttpxPnOI3YDkiQIoK0AiBtJDJDUSKMnc1gRa0FJEU6W5ta89hGwziOklSwMUiBnI0o2C4R49TAU3MtKLoSAZIo0bVswhjsltl3XURJgwGDUQmgqpZaorRMhOx0uqUkSVFqiZBkjHAWsDOdLiFJEYFEphW1hIiWzWlFhIQdpUiBbQSWZFMiogRSlFAoIsChIqmlFYRKRJQICUyaUiJUjKMUAKmWSkBiMrOVWjzl2Ka0FQoFIAIUIUytXSmllmIwKCIko5CEISgBDjlTOY2qQmqNxJgoFTmIiJBoaaFSO0QmrU3pjIhAiiKFhGrUrtoRkiWRUgk5bYmIQijTAREiwjKSpJDalG1qpKPKFk5bCilCURDGLZsBFJIxkGkjEU5P01SilBI5ZaIQEgIVSYAosmnTmNkUyBqmLFFK10FGqbZb2qSQUEgSUjixLYQA2c60RERx4DTYaWMiSkgKBC0t7Ja2VBTCRqSzKBRKtyhBGoHDQhYkWAopWpsUiigCsBShCIliKSRBpFPFoQjJ2LYUto1UsJsgFCVIMAWnkdNCRrIQAkQIUSRsMOCIACEEljIzoJRCkriUaOlsLQQCgUHUEihathC1lmacWRRRamLjWqqKnWBZGsZ1m1rX91KULgKwAYUCiCgRSEVShBRuLZ2yQRFQIlRaTmkapuWYWUoUBUWFgpBcpNJVKWxAAgwKnCqlKIykkKJ2EVGEZMY2ZRKiTc0oSsgqtSB5aonbNNlIcjpKgLAVRVFKyKa1lokKBaXtlqWEIkgkGUvYgANZUsg4SgQBiWWpSISmNhlhITvtzFJLG6YopbVMpxV2KqJ2XbNtIBVyEgoCCIUMIRKEoxRFCEtYihpSuKWh1gjJECoEQkRMw5Q0CZQgW5ltamObUkCpgVFIBYTSqcxUlAiiRClBUUFIU2tuaaeNs1nUWgMwUkzTFIEThEzLFC4lopTWLGEQwmkCObEgShGSyMkRJZBLIJQYSzJWWLh8yid/YuJArRmsEoEiAtuEJNm2LYVw4gTSdokIMU7TNE6Z2dUuSqAISSEpsCJCIUxIFGVLAJBl22mFJFQkkyaxgKCUUksNCUmSpHSThHHmZEeUvuvCAkgrpACjCOyxNSGFIENWRGZmS4GRTEjYdkapEVJIighCUlGtJSwkhdJJM5JCGAUQIbfMopBkkpRJKSIkVWFDZkZIkJmCKSmhUCEcuLUcpyksjOU0apnhopJOYMqWdtf1oUg7SqldgSgqCozCaTCybWeETEohgbEtJZSIEkURUoST5lQiFaFaC6jva0SkjE1GFCIkhULZDCYNymyZiS0knBi7RNgtFREKhN2yYSKU2ZzYGQqhUosC5GlqNhI2EpazWdDcCkoURSG3hhSlhDPdrCIQMgS2Mai1zHSEWmtO1xq1dkUSKMI4TEvZGQGIzMxszWkrQkJ4am1qLZ22a4monTPHaUQOReLMhmS7tZatydhOWzhKkZApUcCyo5RaSymlZXPLoDrsxHbpIkSUaqcUmZmZNQJsiwCF7DThsFJSKFCGBEgCq4QQ2IltGYUzkYTd0gpkCCJKUUlam6YiORQInKaUWiJqKdEV0DAM2VxrybQk2y0nFCUUUS0iIpAkB+MwOk0QIZVSI5zplplOW8JGCqHEmZNTEg4hgVtzhBTKZgWSDJlpE5BqNCLAykxJQU7NYAkIKaIUpSc3SomIkGwwqqVGAKGIEqAkQUgiZBlHVIUEQQFHqGXKoMAKoZBxNicNBEiBjRylIEAQSGkbK1gv11O2GrXre5nEWEiSQFFKhOy0lS1zGtOMmcKBANuJA1lISIqIEiECQ7YoJZAIIjONQgIhuZRCRClBBFKtfYSzZYkCaUWIUjpBZqZt285SAoVASEEglRIiUKlFJQQU2Q4wAoRbS3CtJYqwbAJHKVFKZstsoSJARkRYCmGsCKQqrJCxbbAz0wRYarYk2ZKihEJuNm7pIKVigbHJbBEFcGZmKhShNkypiCJJmSlJUmaCW2tTm2QUsiWaEDiQQEWyLNNsOaIC6YSQbVxrWARkc6kF4SSkvusj3FrWrkoCI9lkZmDjkDIbmSUinbZDsh2SLbuRGRERQiLtZoUEiiilGme6lk6SBBAosSwwknAQpRTJrdnOvhQkK1trEUFgImoUhEQ6cUggg0yJGMaxmXk/ixLZmrpSQwYbMBGSjIBSSmYCBIqQSihsZ2aUEiUiiiAiFDUhW8o2JdvYplSoRJmaQ0SEBIQgjcipTc50SoLMxM7MZqSIkFRKSAKQMIoihbCLa1RZiHSThMNpCUUJBTKAwVZEjUgETFODjFKKCgGhsCyiREgosNJZJMmtpUChtAsohBAqpdgJESVCyHJraUcpxmRayAJaNpnEAXaqFAzpGsXCzRkuJUiQu9opgsBWWAoMmIgg7URgqUoK2bbTJmpEKTLGIsAYC1mtTZYCZzaMJGNbChnJUKJ0JSTbJUIRQhFZaoVoraVznKZ0klju+l5SYCBUcIIk0kh0tRKRmYEiiCI3I0jhtDNhalO2JiJC2VqoWNlaIykFE5m2cSJZaUpgGymICDDgdC2qEbajFiHbCKmUTrXUKF2EolTIAE+WIqRaiyTbloNCSABhnOkQIEkIZ7PTJiKkyJxCkYndBAYkIqRSIjJtp5BCFkURocCZdqbtTDub7ZAy08Z2ZrY24ZRFkZBDRWEnkBiRzbYUUSIiFArkUjuDhBRCzrQtkS3nXV+ikyzU0jY4m1u25pYWIUl2mjRS+dRP+UTMlJZQKUqiCBQlDG6JQJYiM5szQkTUCEnj1BSKEplYFEUpBacsGwLbyK2l7WzGqRJC6RSywYCU0TKdGUFIpQTIZGsNpIBEBlCAKRG1FktOEkuk3cZGOFSQnFaJrpZQEQRCKkUlqjBIEaWECIWQaRZShCIEmOZMu9YQJUKSQSEpQhE2tEyDQUQFFFVKIpBtLGiZFkiZlhwR0zi2qUFktq52tetaTmSTQoAopQSSBepqwRrHKcmoxaZNU9oQRSVquGVzqxEqQRpJCIQzMREl5JYRYeSWQD+rUWIYRnAp5dd+5TfS04nTZ2iNiBAWbWxAiQBhqaiEpCLR7JBsDEWhKEiShUQg2y6lCmERrqpRCjZpJHC2rLWPCDudZGvNSYQgatAsKW0yBYmihAWohkAoW5totpATqF21HSFFUYRtuyFn2pIk4wgZJNqUCmrtImQLsCkhKULO5jaNTgvV2tkYY9wMSKqlUkoNTEJgnGmEQGqZJZQGp6KGAiglFKq1BM5UYkKkbbATZWbLDMu20zVqoymN1ZxOgJZNCrAUxmlP49RI2wk1QlLamJAUCGWmM21HUaaBaZzGnLpSJVJgQmQaKaKgEMYWGEJhnJkhtZbTOCBwpFtERBRjpxFSALVEibAMUghTIkrpooZQUYSUtiBCmCiSQpJbK6XWEgaQhQiJ1hpCEThLSBJCEdggiSJBEAZJkJ6mlNN4mtza5NZs1S4kbDuzRIlQyyYbKUnSAoSMbcQ4NcluGLdpikKNvtRipxOczpSjREQxRK21m3WFknbLJoXTEpJUioSwHSKRVCIkiVCJQraMiIAoJaxSIiJkSu0UsrOWwMUkoFAQ2JLAmWSbIoosmcycWhunqUYhlC0lJNlQBVEkQCFnE8p0km1qKjgbOEqlCJNpUhGaxmZbYEKhAGO7gG2LsHEawEiSZCwghdwyShWKEkKSsQFFACGUiGwGmRLRTGYCDmQrZCQJAdgpCGQJLAURbm7OWqKUwJbUWgq3bIqotRQVSNCYA45SIqemGsYCcNpIpQTGuJYSRTaBkJyGIDA4E0BIjqjTNJEAaWPSbq2NbawRRgawiIgIlWwGC2wjoRBShESmVRSlCGW2NjWVUIQQgaRwTG4hGTutKCWitUzbaTBSy8TIAkpXa3SQIqIE6ZZGxnYa0zIFteuKAoQAVUVirMyG1CkUoYiQ7ExnECiypd1KKSFFEQAKYRspSikK4dbcMjMnRdTa2W4tSxSVEgrINNlautWoRYEsZClslVIkhEMCIyEJG5OkWzY7SxTSU2tGnhqAUoRtkS2NUo4SkZkhoSI5p4wSwpIsl4gwg6ccp4hAhKJlG6epRDHCThvRRTVIkgIpDLYk40wCVAIhUwlCIRkEgJ1CEQECJCGXrpJgSshpFdXoEOE0IpvBwjaEkqSpBrZby0yFjHHYDSkQKJ2gCBURUSwVKaSI4iQzRZGKZBthI2Fna5mKaK3ZTjdZmHQ6k4wS6mqnohJdiSKhlIsiZIVwlBrCgJDVWmamFSQ4FUFIESEFVkTfdVHCRnaETLSWCpUohhKKUGtTKDAY2xFkUiDtTIdJLIUNzpYZESUCEVGw3QwtmyFKqMm2bRlDqTWcNk5jXBTOBKQiME5bKmEI4bQJpCIwqJTA0Aghe2rO1iJK7TpVCYWEojkJKch0iSh9XySjdLYps7Vpaki1hg1WSJIkFKXZbg1caoQUhXQIIhSlyzYKFEFiWTaiqlBCppGZzXZViQAFgpbR1aISRSFhGSSVT//UT5Ek0ZXOmQhKqKWEBRAlRGASgL6vTpy2AUsROEK2CbpS0k63KMp0tixRyWweAamEQHKKUJEIIdITgCBCISfG0VIRIGykEFGKRAocma3lBNSuksYJgEwGKl2x0yZCpFNGCgJhHApkKSxam0giSrq5NWMbQwmBWibOUksoyLQUUk4tnV3fK4ptjFRr0JqbGyYzAUpghGvpSpUTSQiaFSWzgUFRaOlSSkRky8wGsi1JOLMZ1VIkTeuhjZMk05DAtRSpoAgFQkRE2G62FCEiijG4ZTqhlK5WQ8upRjXs7e7ecvODtrZ3hvVQIogibNsmFImCFEQpCqap1Si1qyXCJkoJqbVJhCDlUCDlNBGKiEAOJylEKEI2tXalGAKnBXYtkTYIC7lltqmFImrBTje3FDhF0NI1au27sFSkqM5s6QiVCLdMuxRlgiCCNAkhSSER6monSZLAzSEQUkSpUmSmiKgSSrJGRCmJBVEiapBpkCKkiBolFMKUoigiJaNQURCEAikABWacRrcJ1KZJovRVSKiEFAGOggNIg5BAWFFUcFoSGAJhmySQkORpSpxRipCkdE6t2S0USC0zsAGcLZGq1WwhGYmiMBlRkCLCNqhIaStCdmZKhISotXO65VSihDCqpdqZaZAkbBtFIawEARqnhh0hh0pIoWzZWkZIIUVxEhKZacAYRQQEaggRiswWEYAlUAiM0xFar1ZtapkZJdIoqFEUcjpKKEKSA9lTS+NSqyykiIiIpGUytqlAqCgElFKNWpvSZMuQQwEyaRvbTuMcmuVsrYRQKITDpOzWnLZCiggAla4LhY2TKEURltrY0hMKQq01UHMio05hDFKpRQmgAAW4m80UctogJBAZXWlTm6apdLUoELadKYXcWks3JCkcESIEU2uSSqlKkoYicSiwbRdFKgOVUgVyJnYaKCVSDpQkKQsnQgplyxAAzsw0SCGpOZ1EFCTRIIoiIuSIkABTai1REgsgLDIbJqKAAUm1YDtbK7VgsiVIkKQgUciAilAIlZDT2Vrtq01mikhJWBIg26a1ho2sEmAgIWy3lkktYcgGJt2m1kqJkEotISGKCiWCQGChNM8UEcYRYSTUckISKiWQJNkZKgJJ2CpySyELCcAoIjJTsqQiIZBDAXRdNdjptAIsRGYK4TQSYdtGUsustQilJ6eFVAhFpmuREaK1hklnpiUZh0hDZnOWCJXIbJJAliRJZDqNBelSSq0VOVuGTIkijW1sLSWHVEofNVRCUgmGcbIdCoWMI8LpbK1GQNiUKKUG0KaGyHRINUp0NUKJsQikkDAhCYQwaeOWEkQIWbITa8oMDBFFIbXW2tS6UhQEpA1GJUqQtlVEZrM8tdZaykgQsq00yFCiRkAocUSUEkhYSBGSlHZImVPpatrZslNB2GqZ2SYiikLIaeSEiFIkWSKQ3VJRhBGhsNN2GyfJSSJBC0klZNkW1K4qIkDQWpNCERJCKGoNkoRQVYSdEQrVrq9RIxSZaexM43TLlsKZlgJJITudpI1dai3ElJPApIiiIhGKiJDC6UBRaoKUJarttO1MCYhQKAzGigDZzUhYUqlFBBESTkCIKCHkltM0STbCWSIkQoGkiCgqEVPLCLV0BEGEJAGQmTiTQBGoFAEgBaFQyJQaoYpcwBFgRJSopWY2m1BEqWTLtO0wilCEZCORXS1Ray0lpKilqKSQLclqRqHApkStHbYAS7YFCgUWblY2S6FIDEGEIjKztQyFIkJSEQoMqEaxUwqlmhMkqXzqp34SQhTLpE16bFNOImyXCGMAEnC2UvqcRkMpUUpkZialqHRdUbSWVjpxEgoUyFFk1YgiDAgJFCqlYAsyKV0NhAHSKclyUUmcmYLMhjBSQyIquEQwtZSAILBlWxEATtu2jYPAOBOFW0ubhCCnzLSCiCilOFQiisJYkqTMls5aikLj2GxnttYSEaWErSiYEgKEpjbhtCQFtnGUqsBpTEiZtpx2jZBKhGTVUiRlujUXSaUIp20oUbuukxRFtYatUsMO3GwUwjYWMkQJJKVNKmTLymwNCYgStUROOY5jkUotTm9tb66H1Ww2KxFgCam0zFJqyxayLUtC2bJNk0rUEmmBiyKdNKUShbBBEFGdjirbmXbLiJBkIyOFjXNKZFsRIkqUEjG1lBwqpVYLj45gmly6WrsOLIWEbQFBtszMaZqMu1JcIjOFLYmQIJEoJWopmenMqOF0a83O5hREV2yjACgGFIoIGzsVJaKEhABJalMSJtWakUIyjoiisD2lCUWJtEVEqNklgmyOKBEonEnQMpWUKBFSqeBMIwUQIRQlFEg1JJxCmLSFpBJyV7soJQomsBVRQokzVQs1qkJCpUQt1VItVShqhCOLnRhHAJFuAiQ7DSBEEIoCLgpEKNK26UtHIEIkoUCZNpYIlXSTTUS2CYOMw2QmkokAYVJJAxElbOGMIoyFFOmstUKCVIRcCKdba1FCEsJpQIBAURRdX0GgiKKIUkMCJGwkIrOZqKWUCBFRkAIBErIzjKIqLEmlRNgt09QSChJshBQSWAXbptSClDaEnZJkstkyEJBYtoVQtlYiHNiOIFuzLdk2UmZiRykR2FaakA04FNPUogSUbFMpHXiaGiYiSolSqyJay3SWKFFCYAkTYr1cUZBKypkupVrYFlKJEgE4KBAK2UBESEVKUY3tTKzosDMzFFHD6WnKZtcSXBalAOkUmlorUZpdpIhA2ElEKSJtG8hsttNNUq1VgGwps4Uiokg2sqkKlQAZMCiESoRKWMKJpDRShDOlkBzYQkYKWmZEGccp5ZDDshwKQ2u2bTuNIiJCUTABSESEwsYCbDuilCJFEREl3JqRpFqqQm1KOzPpahdRoipkS+mWTZIjCsbQbLe0bRCUWowj5OaxNSQFilpCEsJSSKq1EhERoZAiIsjmIFtbrwYCUpBOI6NIMqSIgohQKDItIRWDnZnGMhkRWOnMaQJDIkHIWJQSoUBICqQIG5l0kwhK0mqUUgpSiRJRAEREjRK2ac5sEVGjgtNWS+NAFGwEUSJUnKTcldLAtiAiokTaEoCQQlGKSBulSgmpRCVK50ynFVmiBEpnKaEI2+k0OFNYJWqpklQLRLaU6PsZomW2looIEZBOBALJmCRKF1Ug8DRNCVECsGTJLcFICKUaKVmlZLPJqTVAklISFIGNRUQpKsU2FnIoAikEtpyWM6MUFQVKE0VyJBklQEjYadWuZrq1SVJLSwpIISGFsDOxEBJuKRy1lpCxnaEgsJXZMhMLOZ1BhEQwjZNNKQVsZ1FnXEoppSoUQgQBBLaxURrJlgCCbK2EnEakTToiJCFjEitClhRuiV1qtCmRslkCTERBBEIK2Y4SqkWEhCIElrEDJaalJWfWUoQUATFNY4oSJZ2SIgIJW5JCkgSQQIowSbYpDRJyqKhGRW7TJAlwZrPBSIgSkc7MxCZkIyTJUtQAB0IY1dJJGGRsIrDdMsEWctgNyDQim7FBUSqyM0kTLhHGdhpJsg2uXZnSOY3pTDsChYDyyZ/4CeMwRAiczSGkICRFhNJys0RLI0qtQHRFJWwslVApJU1rLZ0gSUK1VkJgjNMqytbSDkUpISlKSBEKBSE5m2WFhYyAQqTTdlcLQoo0cqqUEoW0nbYFlkpEiYioJQpKZ1OEKCVKVwIpc7KdLaWIkIUkoEQgnLSpTWNDDmQcRJRoY6MEKNOKlKOWIkSEEJA5ARIRnYRKkCFIqLVGKQENOS0FIaEIVUkRComYcrJl2elSSkRkjuM4lSg2advNjswpMwlJIWRsNyFCBeFAlm2bICIAJDLTWJQoEoAwxigKdTavta5W6/lsrloMkqZpBEqRbZLSSUImsXFXuogS2AEmQo4MVWSMMTZIoUywkYSmbLYlGQVGtGaBmyUrJNOcZCpUSsiROSUQKrW0TAGSgLRCSG2YCIUotcy6vmXDlkMl3CwhSShqEUpQUEuvCEHatqOUKJGZJCEpRLNJbFuSAiY7s9mGsBsQJSLCKiVwa5mJMQatx7GLkCKkbGkmm4gwTsvObI4SSNkciigCMLadU9pdKZmWlMbZsKxsTllGKlFKkRFGSAFIIZFpO8OBjLKWDhFRBBEBElhIOE1IBowBBNmaJIdCUkgEdlMKVEC0tEQtJRTpTBOKhkOSQqJERCkECkEEDgQYQUolItJpCWdm5mQVIiLTBmEjOUE4axSLWgtETpMtQpJKLSDs1owsKSIQGElgbIFK1CI7IQJMmGxtkkMCYQhI2yBku4goiqjChlKiRLTWBKVUpJCKwjidtt1aFMkhEVGiRomICKdbay1b7TqJCEmS1ZqRgFIrKFRqLUGRJHCIpJRqMJTACGzbIEBgT61FRIkIqeU0jOMwrEspETFNbZwGqdipElFKTi3tolApxi2zq7VEITM9IUqUzFYlFGnS7hTImTIpRYlQ0FpGuERJg9XaWCJUim0nEhKyQcIgIQMyEAqJoKTAdmugkIyzZZKhiAjbodKY3KxaBK2lISTb2Rp2hEpXkOwsImoRKqHWEqsUATKlq+lURunKOE6tZSlhp1tLAYQiQrVEUEHOdKZNRJRSaqkSYFl2mkSy7UzkEkUYkIhSSpTMKafEVkSbJklph2STNlKbpjEnT2krs6EiOYQEwkmE0jS7EIoQFsopS1e72kmyTdq2bXAtBZV0I0G0cRqmIdNTZmtZIvrZXGZyU0SRVIoybeyUVCIa6bRCiTGZ2VqTHSWwkVo6oihkXKKrJQBF1Fqy2VgSipZNyGmkCHBkNkCSIE22hogQVoQyk5bIpXahYpoR2QwlSiKcpdRQZDpwo6m5dIVQKNyyOZ2WIqRQsRShxE5HCYoiwkbGbiBwKcXQsgEStiRqdGGiBITlNEhC2KVKJdyaiSIRCpVSCraFsBuSkaJELSpRmlsgRZQaIEXISMbYtNawLAvJggQjSYooUUOyjcAoLAvsErItISmkNG2cFCq1AMLGnpqBkCRkERHRdaVEJ4Wd2CmqIqLaU8tE4WkyIgKUbUqn5SAoEpGZtjNp2Sxs4ZTJtEJ9LaVUSbVU0mkiVKrCgWRckKTWWmYiQAawsCWcSIiCkpSlIBSSxrFFRK0loghlS4CIGlJESASlFikkRQgyM0sp2dJSCCxnSsqWJKUUQtiSwkphO9NWI41QKVwWRZJrFKG0Fco0tkrBGY4IOZ1JVAlb4eYIIbCmbLTWsBwRoQAJsFQiogRpQ4BNqaUqRIARmQ0LjLFJ2zgk2SYlOQmFIiQ5E4hSsmWNYkWNolJaNrAUIpFsYxQKFTuzuVThyESFUvoQIiTbQJRP/ZRP6mddUUiByEwiVAgFBiBwutRSFKGwLaHMCBUpDYBSClDmBCJCQahESGjKVnCpXYkAR4iAlmmbbG1y2rYtTI0AwFGiKFQEcjZMFKFwNkhAEUTBDsU0TZYFEcKU2g3rITNrVxSFbJkYh1RnvVBgLKUthZVYUSIkCYUUKmAaBkhJSCVbIkWRoggycxynkErUEmE8jZOKTIZUSrGdLXOaFAaDsR2gYtxa2s2mZVMCVmC7tYwS6ZQQCkky4IakWsJCqBApnARhNWyVEEYRQpRmp5sUpdTMJsI2IugEhmwpa7G5CAWBrIhiT9PYSikhR8ggy9i2bTsFtosik+YMSsglSpJOMM7EaTJKrSWQMKUUwHZIiii1WMq0hFPImAg5lW42ikJaoRJF6alNAtxQSLJBpNWmSYBkZ6ajKghnJgSypJDAOBLLTpcqIUyoCAEGtwksVKIDECVqCrJhBOkWUUpEm1qb3NpoIMIYBfbUmuwo4XSEABtJQs2NxJmZWUIqUUJCEaW5TVOzbbuUApYCDGmFcUCNYoAsJYpiyslQSkQJJDCSUNdXIoCiGFsjW7OdzQIcEnaUiJAgIqJUhWwUiqK0QoCyOWkh1VKNyXQQBEYRwq1lZitFQgKpICGwEKQUAqIEBhwRkqIgVIuQQqo1CDltHAIZi4hQIKlI1pQNZ6nVoKBGjaKpJShkRQkQIWzL6VBYFhESkgiskGw7m6JEhERmc6YkRUg4STeHbBK31lBKge1MRbSWpYgoyJmWCAWJsEqIGKchpDSkkUFRagkZC2xZOFspUaJMbhFBNlq2sKckhFwiFJAQOI1dSqcgW6oQCqQoAYCwSg2hWmqplbSkUEmn7RKgsCiOVHNzupWotauWARkUpVaFDIRAEc5MI4UCgYTb1EIqpbZsEUEQCilIT1NDLiqIkBBINQJhsqg4IUQYFDaWIiQDpAhCxZkgAUKWZdshpV0iohRnKgJRSsl0tgyIqLYkjLANmFJKoMSkHI4oMgpKDUUJAYEQ2XJKq5RQyGRrCdgtQigwxiFAbhmKRpKSZLCtCEnZWuISlRAIrFCJKpEtI4gaUihUFC0TCIUkMo2JCKIEEm1qJVRLsScjABkQRkhFgFxKleSQPclM2WTSDkWpipBUFIETKQym1FCEcTprFAkbhVFxNpkoyswIGYeK5GzNVpClVByhhIJsyemWiSlFITVjZy0yclqh1pqdnhKHwpKELNkm5GlyhLCIKJYKdihUADIz07LTgG2LKF0JFbcEECSZDWwjFFLgaWrINbpQZKagZaYpEV3XGWczJoJsjiBKsT20ForalUwLI4zTgFprlsAARiE5WyIBIUhRVZDTtCSQJAGU1kasNk7jOKWRAKKEnE4TJMiSyKQUlRKB0jllBiSYBEFCkGnbUpJuzQSSMg1AKTUkYRDCzky3JLBC6dYyiwSyaKaNo01EkailiLCzZSsUAzhtWqrUKCqlYAskRSnG2VKBCWc2O0qpNRQCIdmWwiJba3ZRpBNhcEoCKSIEyEBObtlUCpLTJUAFnM6IGiGFipTNBCEJRzplcBqBhZ3GdtpSFYCQggg5WzMi7ZZNiloKUkERoQi3ZklItnFrDSi1wwhLdFGn5szBCkshMELOhrFcVAlKSCFsQ6lFESTNU4ki25k4QVKUUkIFQFECi3ABY6sUSbWUoJQSNtlSlooA1SiholpKSCKEc2xjRARyy4jou16lIgyKUkshcEtkHIhaoqgkti1hg62gfPqnfBJFmWlnLX3taiikkMDUUoCQkCLK1FpUuWUzAlvjNKIoiighCJVSQuYyC5xTmxy1CFomVk6Z2QwSTkdUW1GkiFJK2kYRAquGiMymEhEKBbaxkZHEFRFSRElZTkOSbkURXZSoEtlEcd/1ErJs2wlSCUmZKavUKH0JY+TW0impFIXVdVXC2CJbCjKzRESUdJaoSU5unoxTIVkR4XRmIoFEQciySCOT2JkKRUQUKUIgyxJyjVAookQpSFJgIUfIxkgSsmyglEgky5ktXWqEws4QGHCRFLIRMk6yCKRMxnGNigTpzJyyOV27IkVEKVEzEUDUUkLR7DZNojhwSzAASFKCImopIaQSXQmpRBrhWooi5GyZzenWBFFFIz2JULhEDYUJZ0qohEAyUokuJBRIQnY6bSyboqIgoqgIOZPLVFUkLJyClpnpCEnKZtUQxk43J6CIiCJLEdiWkGxLRUISIZzZMksEVoSELBdhMO5KJyltJxEhKQInxiKilFqKQlUhKTOtIJGotSBCFTkihCyFFAoJFKUEEiKtwCXCOBPJEmGaGyjshOYkrSgRUoSQwKJlyqgECSA7cUjYilJCFhhEKCRJkl1qDQUoFPY05oSJUCiQMJlTppGEsZqbs4nIzMQgRQS2KVEiSmZKSqsosLFKKIgoAcaEZAzIBinkKRW0TCfOVFK7vlg2KWdrwrYlKQASpyVZ4MyE1qxApcgoQgAyNkbYmWnZQFhIaaddSwdq2RSRU9qOiIgqXLpqSaESGLdmCYWcIPoiBU4Msltrblm6AoHBHqcxbTItixJWym4UBRKmhMBOKxBqtpOiQAWBUkgRNWpm4pSElLYk2xIiFJqa3aZSSoRkYZFYVkSgUoqdJUIRTgOhkHCJbK2ZEgUwNrilQrIs0rab01EqyBgoJQjZtq0IoEhpEwiBkFs6WzNIKEKhtKNEZmZrUmRLCxkkQToDWjOSbAOy3dJOIzlKGMuym5FJQl0UwCA5IoQokkNStmytAbaQlYRKqZGpiDCWkGhpZ1qKoCgIQiEFSCHBOE02XddJjhAAIQEohIgoIcCllBoRIcCQrWEpZHC2cZyQagnjliZl0pCtjW1qzhCYZttpW+CUhZtbpoSillCpXUEhsCUZRQmEJJIoRZLtNg7ZEocCSRHFdokaRZJsIgLcMkvpSlHLlN2ATEFE1BqhaOkAG0yzQ4pQACoRMg4pyGaE7MTOtLBACkS2NIoqOzAKAhKXGiIkGWOnbVsRtVSkbFlqH8JKGwetpdNYbg0MatkEQMucxhahrnZTNpKikIQAh1RUhCIE0aamEJZQCVkCBSpFKbephQoiikgsg2SVEihaa0huWUpXIqxWaqewFbXUaRqNkLBLRFoRKMjmaZrsbOlaIkopRUUhCUKBmyUBoVBIdoiIIAKVWkOolK4EEBFRSsG2wATCrIbBSQRdV6UQqESNAFpOtXQRhRqyQSGZIG0sySCByTSiZXNSSpQSuNkUhVCEpqmZtO20JOGIgsl0iRJyKMiMCBWZCImQIgBnSiKKp2angGw2Ctm0nAoBRYEVgBwyiFBAooKJiBAKCYlQoWVGSBARaZcIY9lTtlprREknBnvKzMljG0ORTiSFRFgmscAOqbUpWwsFoVIqEpmgkBQFIefUMiQRIUmgkAIRilIrDuQSAZ6aycyWIASWAhQEpC2XKElmZtrZMpszE2Qhp3FEFEJS1AJha5oG2a1lYKGpTZmOUFgIQiBnC5ROOVQVRPmUT/6kgFCIkiQIkNMOuwm11hARBALa5KlNESpSjUIQkhSKQIoSQsZpc0WJkAQAKLOlMyLSAhERJWqJtDGlyJkKRURRhCOdSQuVliZRECoqgZFABNEyaxEyIRpWTsPUz7pQgFprkkUYY4ZxTBoK0gkhokTibJltasa2QmlCsklBhBBSINVQRIlAZLYSRSHb43qMoq7vDaXIAikiAlNC2FihKCUUFrIlUCmSrIgQVilBRCiNbREEYZpTAmHI1sCSgFKrIpLMdIgoMYyjMJbtUJFIgYGAjBIRRQiR6dYGK2ZdJwU2QshQI5BAJkVE0DKRoxQpCAkLmSylpo0UEZaAUEREa00R2UxgG2xjDDYo3ezMyQlyCSlEUmrB2CaQBEgihBUhFDJTS0lCdmLVKKWWCDmdTttEEIoSKDIJrBICISnSmVNrbqRD2GQjAoVUitNOSwJJgIwDRcjIhogSoQhEqaUoWmsqobQUkhILQiECsk223XXd5ETkOEGoBmAsOUpECalEKXKmnaQbZFMopFJKZsMEshOlkVAa4xKlpdNpB04j02RKqZIyUxHOHJ3ZXEoICQgw6RTCWHZiS0gRIUVEZhoDUUo6FQKPrZGqXZXCSE6jdEpGhEgjyCQkKSKKMw2ZlsKys6EIC6MiBICEwrJQOjNT1jS1KFFKyQRZKBOJWmoU0o2ixDQIhwohMCYNmExwRDgoCpWwHcZSkoki1FqzkSTbmRZRSulrUWmZEQppSkeNIKKoRCVwZqYFUoRoppToazUKMC5dNINBqkVphEoJFIKABoqoUYCigozA2HYgU0shYhxGBbXvnUKtREQpmc1OUQSSJSEJRQhRa2nNISIiQpIiBBQVJ1JLyGySQiVlIYGtkG0hB4FwZqZLKGoYhmFdS1EJEem06WqJqBJpIrDVlWgts7VpStluCIdCCtlESM7WWjNYoFKEjLFAUihAgEqNWipSZmZzkqQJGZdSMEjGgkCZFlJRNttZorMznU6rhCwpLLkZUiJCzUiutcgac4oIUKjYzkwEEpaxAKckgAicEJKQpailQDOy02mVUERRwc5M0gpJpNOIlsM0SBElSikYLARIkkIkNgCyExHCQUkFmc7MzKJSSomQE0WJEIpsOWWWQCFAUTKdrdWuCjAIp6PIkqKqqIQiAiyVUJQaWJARBUVIhLAzG5aFQiGV2pUISS0bUEpJ3KYmKULT1MYpszVhIgSZpFOBogirgLAppbSWgaJIGbghulIync5QYBOBybQinDaZLS3X2qFUCUAKGWECrCghhWooJIXTCJUoUZsbtm2JiCgqQs1tHEaTTk9tVKZCklQQQkZKN6xA2MYEWMZCSOkch0FS1MAAEhKKCIWE7WlYu7nvuyg1ooAUiTFytoRQRBSMZRFOt2wSEUUSJFaNIqmUkgaEE6ckpIRM2ylkCGQRklGpRVCKIkqJiFDaAinSRpRaBW4JzlQppdQQaq21bCHZStkQEhA1JLI5kZ3NNg4FyAkQISEkFWEQIMiWtlsCdoSczsxCOCyQFChqRISIhmVaNmcqahSl02nCTgSQzgmplK6lkUOgIpFuAEk2G4xLhJCd49jsrKWLLjAtgbQhU6Egaq1O22lLcra0W4lqWVGIUDqhlFIko3QLheWWLaQ0gkyjUETIWMhIpQRWuhmmsWUmzhRIxipF2Gkwdsuc3AQgQUglwihKYIZxjaWoQopobZqGoXnMTCkiACdyJiidEaXMSlG0RvMkhwNSEiVIUz71kz/R2RpITgNOpywFCkml2aQbGaGiSGWJQqg1E44oRYGU2RSyAQMgpZubbZBCiqKQTUSppUjYKQnIKVtrUooSIYRxQHMDyZGehCxLslAmIBDCRrJlEI6iokIEMLWcpjEThVSKbEmttWwpKUKhQBGSoNlIKlFUMifZJVRCstKttUSSCCkUgJM2TcjZWmai6LoaIdtIGNuSSlTLErajlBIFOSIQEGBwiWJSUcmsfRcUwLZtKaY22VaEEyHkiJKZU0tBpkOBLSGFFLYtA5KQMEbpNrW0myCdJQooW4uQFAZJRjWQ3VKhsJDdnOM4hoJABqvWqipJJcKm1rDd7DZOEhHRMiWXElwWIVBrCdgutQg1p4haAhVRcIMwgLERto3JlEKQTgFBkVRkO5trV9LgzJYAYEcEtZZANNsZtYRxqNbiJJ05ZYlATogokqNGKTVCpCUsW5ZJKRwlwgVnI0oonLYbBpOejEKUCNVi4ZaICCV2y7TLrAvJBreWtrOWwAYiQlGczjbJGGMZhbBCQhY4s43DULoqBAqVKLKEbTyNY0RELZkZcqgLSQiyNdsgsHFGhA1ORdiGxBAhgROIIG2n000qhkxP05TZ2mSTodL1HaGQioiuCyDCZJsmLAsRxraj4CQi0k4sKRTZjMBKGumIAoAshHE0J1BLRU1RjCXVqFFDJmVspJBaa7KiIMm2IowlZBREFJBk7JYZQUS0BBDO1qSoXelKh2xIuysViZZpI0C2gQgkYdJ2plAUoYiQW2IklQhnJoKUFUgCq7UE1a6EQigBEQUZpDApCTCKQMKKIkOzcYZKhIwjIhRjtkwEmKZ0Ot0wiYUsMtNppJBCkbYzI0IiSkk7MagrRQUssjkCcLNlVHCThKKUYiO72cWRWCACUEigkJuRRSAUslOWikqtKigklRBpQJbdHKFau6KiCMkgTCqNADciEGESiFCUAiolSgkUIWyrRC0RUQx2KjGWVEokxigipBIlItLZWpMzIlo2hYKICOGpTVGilCpsWwIjgEBIESCp1IqECUmhEkIKRaA2teYUmlrrSi0l0i2zKRQRQTihSFbUECGEQgUksEFERCBKrWETKgrjrtZSqkKQxrXWrtZSO2emLREKSZlpZ61FRGIsQdppO9PKUIQAWSYJIZTZAlmWSoSaE7uZUkq2ZhRg05hqqZLAEb1IQnbLqZVSCMJCDhUZYzulKF0tCoxqkXCC00RYpRaEJIWiFEHakmxP06SopZTmnMbR6YgQai2R7BynKaTaVSFnCpCaUyJUJVRlI4wJqdaqCDki7JaCEoGEQErklhhjO2uppZS0jZyOCEwhCFsSJAgpip0IEcgkLVupkikqpUa2lkKCDEWgUGi+WIQC0rjZcrRsWCqllgKEIZCRZNtOkBM7x3QpRVEUMrQpIduYighFGjJzSux0kmksk9htighCilKAUiRaazYhQoFwm7KlSSQJkIBCuklRSkRElCIRRC2ySacIOUspEk6nkFGNgDQtMyQVlRI1ikVE4IzS1xIY25mOoKWFAKlYtgEcVBVVYTAqyEpngiyBcQJRIiLblNmiRC2FbC0dCsvOiSgSIgQiHNQSpeuJcEuEM0sUIqKUUiNbUxTJEcVuTgjJUEJRAkpIXXVma1NrlgylVAkBdmKiRBrbykZUTGuTbbBUsJ1JZnNGRIlaaqhEJGDA5oqigqR0a632tTUjlZCTUmpXwyA5m+1sboUSpZZAliKcaRGl9F2J0gVCymzhsFSFZUtuIJdP/9RPbs6wFVVguURNWYlBkgARELU6VUqJQAiwCSqiZZNDGFvGKCQkgYBAAIjAlCJF2EQpksKEIkEglCYzp9bSrZSSkJk2NUpIzWrjaON0YknGoQDLdkQQIAVCaUdEV0uNim1ns0nXrvZdH5IRNpKTrhaFCiCHCgKrZaqEQAi7TQ2cIAQuESUqgdMRoSAtbGEhIUKZBrJlRMGestkOYxCuioYNsrEtOd0yJYNLBCKIEiUkY+yudhK2MQpCYTkUEUFEjTDOtDGJnWnjJiKiRA0RbWoqJUIlpAhh7GaHAmFFiJapTKsUwrZwKSGXlhkg3CabzHREINxwpCwAwMLYjhA4JEmlhBSJwo4ScoTCUGRUSomQgHQiFUUpFdEyJYSEsCBtFA6VUBDCKEpUySpByxYIjG3stBO7IdmmuRQ5LCQJMlRsNbfWJktBcJmRImQUwjY1ZDJVoyhKiYazpYQQiqJwpnOyLRVwSEgyxkikbXddndrUpqmUEoo2DtmaBXbtSildYCAEMLXJCkEjg2Ib29mACAnGcShRilSjtJYWISZbEkhYhVoiag1JoIIUICQsFQmcllxKF6XkNFkUFdlIRYET4UyjCEUUQMZSTtOUDtmO1iaFhBKhFGppZxpqiSDGNgmiRolit4hiUDK1FqW4TU5LUokQhlJDqKWFwDYKVStKlFpJG9I0p5BCQoL1cp2ZUTuZaZrA05SzvksAlVApJSKQpjZhWk5BUSgUVhRIpyEUAbaRwlLIOJ0yYJCdiQWEUE5ThuS0DVBqSYQNQhRIJFRChpzSBhElAiVJw05JhLOZbEKhUAkTxtg5ZeYkVIqQwmXMyc0qCuTMKCEbCTlCCWMbM11LMQZJIhFSSBYgSVFkEzISiQIsIYVgGEbJdd4JYUKRbqBCpAEUYRxpq3QREVFrpyI5mlu2SVEUDssgRSklIhQyZEtDBG4IVEKywWBTSkgKpBKkUypyawkijWWTOdZSW05uLkWZRi6lCKaWJUQIZzZLgQDLQgZaEhGSSlBKEYquhCICEdhIKiKREgpKICQTIVkWTksiFIpQkZNpaoiQpCCkUCCBUClVNWQrnUYQUjZbLhG2MAikUEQpIBJEqKCQIt2m1tJToIhQUa1FUqCWbZzGWoqNJaYpShUqChOOFHJaCHCmM0ERRdhpkGRnllKcjShRihKQAieBDDjbOLUkimQpQhGQSDWqpNr1pUROTaWUQlFAtgQbrBJKEmMJp20pgtZyHFspUYqEjBREhNMts5ZSa511nULT1JAwibNltqy1llBmC4okEDibJclOUihxiSAURCkREpmKiFCJEoooAcaESCVW2oRrqSG1NomIUuRUBFBKQRJ0XV+iEyTCbjSnyEwg05mlFKFpGqepSRKSCIcIZNI20QUpbKRSSkQBsG2FooRMkwFnukjRFSu6WsE5tVKi1GKTmbV2UQJorWGBsSUZnIQiajF22qQt5IgaUQDsTAtAIYlQhIRIKVqm7a50pYYsRdRSEdkmSUUiIko4CSkkSUIAEJKdCEnGSIEiiiQFpCVIGQuAIBSKEiEBJCVEUVEYKVQjihgzi0otgQpGIZOyQlUyEZmNCJxhIbKRraUbUEsIOTOxW5bShxBhmMYR1NWqQJYQtiJCQdrhGlVgASjCdto1JFXnCDbYrZSCPbVmMojMtFBERNSIUuRMp40jgpBsUFVRCAlkKKXUKttORyklmNJ2SgGEou/6rqsSU1o4osq2M4KIameSOU2Y0hVjIJJShEJB+fRP++RaCoRkJBFJ0qwassByjG0KRQGLbE0WBjcnUWwUCWGaW3NmAxkisCVRomQahMAYMCGBQyEJSSIipMg2TVNLWjiiRDYjd7VaIJFGSCq1yBIqERFCkiNKsbO1URYQUkQ4bZDSJnCikJ2MU4PENBsn4MxpbMM0YtcSEKAQJaJlw9RS0gRE1MwpQaGIKKWUGk611iAxiaXAOFtEOF260rIJSQghI2xhC9ImRDpbKiJKkEZhICyF7VJLRLSc0pRQRBg7W5pQGLIlbhAlokRJKKWAu35WapQSEUV2KcV2a6NNiGZPmTIWZCoKuJSKXKLULrragSBNptNJphUoIlvWUmxHRFGxCREhsEVEMXK2ULVkZwhbzhYRtYRtDBIYSNJpFAAqxkiCCBkyGwgpWwsViXSDkBRFIbWUAixkQrbSTlsocVhTa2mXEqGqMOk2ZGI72zQ6wSgQkoRdFBFOhI0MarbsTEQEQoooUQhCok2TRZoSURSSJFlSpkIh1VpL6VRKJpIcZDpUulIBoXQiFGEjKYSkiBIqpeAErAAUUoZqlFqLoWWbpilKKaUU2ZLdkGqpbgiFggihZgunHRGYNIBK2NmmCUVRJFBCoBIlCiIUUUJBGgwCPAwjotYSElJIU7qGArpuJoEtWRFCtVSBgSSTtCPkdCmKiMRTM6JISKUU25gA21EkCeGIzDTObBE1JKBEKEriELaj1oiCEyhR7CwRabulpLRsY0oUSYSillAIjLHBEQKMpYKddmspVEpEFKRMKxQRCLJlAiAwiihduAGJgYyuGiKQhJSZ2SYpZKBIRkSJCIXAkpUQwhGAMC0zM5211IIsgRQqkkIAEsZSKQVTooAysyhqrYnVGNtosJBCCqvZGOEknM0ClQhJFkYhEoVCgQkFwulSQxAqChQKU0oxkhxRgGxTAqk2Tka1FGdLIYwkRZGcshsiIiCEkQSGiCgRJaJly2acEco0ZFVFYRuFMEVyEAqFAxFgTJFEmByHyc5QKBShEpUQIMCUCHVF6bGlIGpgTDopNRCAM1XCiTCZqCQOIYGRopQgbQlQYhFIgKQQoExjW1NO4BqB1MCZKIwVKkhRsEGllpBsZ2bm1DKjRCmVnKZpaq3VEqVIUZDC2G6ZtmspXddLAoQsQgUTBYPkTBsrqoJSinFIJjMtCkoI25IQNQrKQomwG8Z2i4hMItT1Pch2tlREhEA2kuXA2ZyZKdxsUJSotSRktmYiHFEsMMg023R9tZGEKEWhIslpQrUUhAlnGhtLAUSJEoHd0hFBOt0UAYnV2oQkgYRRiSKpBJLTzZm2VLoSCQq7SUoTiggpQiFZCLV0tkkRUQLIlm45TpNKqbWIzEC208KShEpRphyENGULEVEiCqY5oxTCQpIQAQkqYWO3KAqEFKEoAmymqTkTuXYdKHO0CSmFMxNLRBSFo8imRImwE0vIIUkhEXZmjpkyJaoxODMlSTJktlBRhIRkp7HsnFpiFHLzMA5TmxQKyUlrLUJSAALLIWXKmbZbtlABbAdAlBIgnBEBIELFTjslgTNtEhuDhIhQZrbMrhYQ9mTL1NIBzoYkjCXJUhq3BmEsaMbYaSAiCCUgt4akkKJgnGREOOn7ThGACEVgKYQzTY0aEcZI2EKEsSMqdmYal9A0Ti1TqJRSomQ2m1BEUWbaIKSIUC1VEUI2EnYCmRkRoZBt3DJDAbTm1poEGGhTS1IRNtmmKem7WrrSJsuKkE22nJoVFAWhdEYUKSSbKJ/6KZ9kAEkkzpZtGoEo1SCp0TBRpKKcTAl7SlxUokZiEoSkBKdrV0gjSFTUWiOiRAkJEBDGMgkCEhsViQBLqPa1Ro0iI4lailSSpBmpKBQRCkBCUjpFNLKUYgM4W5QQOJSZmSlUIiilRNRSpzZNw6hSKKXWUiIkHCEpQqJEiVJCKEKt2U4pEEUyomQpNXAaSBSSQYQxKqGkoJQRmRMht0y3EkWKzCTASlvgIKIUlWZb1K6QThtaS8gsJQDbrU2GWqoiJreptYgStYQ0TS3bVEqhhCBCJQI7FDid2dKkFSAsskkhS04XVGoVEBG2bUAlWmttairFbpkqhaIOOYRBSMLpKEUyCAGZzZIUIQADUpgEGUJKHKGIsJXYYFIqnhoREcqETAXplALsyVPL2lVJtqOEkCKyOd1kSTYNC9IGFCoKRCikkC07S1ejlCKBKVIJMlWi6zqMQApjmxKBkAqmZWa2bC5FUSQ7RcFRguZpmlJypu0SpYSkSKdQFLWWJkt0SAaglhICyZlSsY1QFCThRBgwKErBSEhAlBK2FKWUaDZpRGu5Xq1KKXaEHCpAy2xTm8/nhKbWJKVgsjE4ogoQLQ2UEBEGKUqEFeBAKDAEGFsYJGU6LYVF13dSBBTVKJIiAimiFGMs1QIiTSjQOI1pWyaNKFEIMsm0CGdKsiyCEjk1iYgwFhEKIOyWLZBCaUIoEEEaW6FQlFIkkFSiRpRabIxrqYjMBqSzlrAQIpXOqTVnRkQEtgCF7ARFhG0Jy0hkImywLGMyE8mOEBKBTEqSSJsEE5IlSdlSiogApSeBrcxEUolQICSIrislFIJml1pKLVJIgW0syc5QbXYIJGVzRCiiKhx2qkiSbTeHSteVEgEhIUnIcokIZKdBCAApItOKTLu1RNg5rkeTtqTATrJNTZAoQsLIzc60QpkJLiUkpCIZCjhbs6RAIUOoICRFhBSlSGJKkw0TUYxbawinp8xSkApShIqgCAApopYShIQRAcZO20gts5YSJdwSJ4KQFLIVwiDcEgHChKLUcEuTNpIMUggpAFECG1CEJDKlUEQpwqlQlCI7sSDtqKqqrWWSEaWWGiFJIZWIlCFQAliAgswkAlRKRUxtaiakUIQKIEjIbMYRWJLCaQG2JEklNGUTGGVrskqtEbZNSApFATuTSAwgOUooIqdGlIiIomxunuSSpBTI0zjYqEpEOg3OtC0RCkVEESIbQIRCIckkJqIoIhRRwo0pp1prVUQJAyWCkBSIUFeCkAGBAgMIDIAistm0iJAiMxWEyuSmKCUiSgCZDoSCbM4cxylUAhFky+aMKBEBRKjWCgaBnA1HhGxLRMQ0NsktDZSoCjslYyyQQhERIUJFRrbTVokSNUJg0shOp2wDUlohKcic2iRCUkgZUSRMZotSSi1ySKRTRKgQRMhpQ4Rsk27pKZswKEoJwFYJSQgICdIhRZFbk1RLkSg1ADdLREQ6p6nZFqFQrTUiZDkUpeTUMo1UIhQREdjCigipZRYpkZ1FUUTaSDbpFACJQU47m0U2lxqlVk8pERHplraE004UCinttCXJtkE4MhTpxKEIlUg3hbAU0BJUihS1KyWKLELCtGZoAkKejChRpBKhkIRAYCQyAduQIgicmHS6lABJNCd2qbWUGlVpF6nUHoECJCEhAyFl2pKEppbZmpCxcIIxUCTBRNrUKBS11gQ1SkRBYKbMoiilIjldimQ7kxBSKQXSzRKldJkTUKgKJcaAy6d/2icLnDbG0c1qLTWklimEJUUphcQgKUTpOqGWU5smoNZaS8lspZTaRUgqEkZgSi0qoaRhbFWFSpSYxowQAhtwJpaxJactyzizhECZiUkMTRKAQYqIFEIRKpIzsREGpGmcml1KcSZgGNYDmFApESqQyLJaaygknO67rpZiO9PGhjY1ixBChsRulBKEmJx2UYCmqWVm7XpDRKgopzaMQ+26iIhQKBRFooSEbZVSEKHIyVObZIeEDUQtTpBKrTk5aUI5tSilKBxq40RLSdh21hIqtUaYyxQCFNmyZUaEW6Yz00YFml0iQhDU0hNESI5mJw0FmW3K1oyaEwCUciAkRJo2TUiC1TQFKUlCUibg1iZErR2ZCiSRiQRCONMQEaUQFDudgEWUErYDShTAKAoiSokSkiJESxtKyCjdJIWKoE0uNUoUCWdKAFIpIkrJcWyZEYEkS1KpVZJR1BIos5WukrZNkFNrbmFKjahRKKVEc2JALRMxTRNYUimlFCEpwi0bbi1rRNQCSMJtmqa0wW42KgLJtmTsiAqESGQnprWJohq1tYZQYMjMbFOUCMXUJlCptSs1pCltWYQhM20iYhzGnFrtu4jA6XSSRSVKhJRkJCFFlIhIN9IohAFMpglJlCgR4VAEbUxj2ShsnM2k00gBiSBtY1sOInGJiIiCooaClq1Y6UagiFJLiSKQAmzIli2bitqUZCaZ6RKBSBFWREiRNpm160LhABPCOKdMZ5QQYIwFImpRNpozpDStjdmaIUJBqKs4jN0mJWlCqrUIMh0RdiaUUmsNp02W2knCRkjKTFsRsum6LgRSiLTdHCWEo1bhUBAqEWmKjMOyhCw8TZkht+YaEYo2NRTCKCLCIAUCiAhwWmBJEcWyJJJ0YkotpRTjnGy3zAyFlUGYTKclYSdCijCJRU6ZRKlC2ASlVAJJrTXLJUoacKAEJ2kjAtuAkSIEQioRssGCKGoWNpBGcstUyAa5YEcptRrn1IRKRCkxjZONCE/NTgs3ZyYmFEKQNlEkSxGGiOKW4LTtNBgiCqFKWMLGRo7SZbq1iXRmklYYFCoSUQKwLKJEhD1ODWMSkIVcipwQ2CIsFHjKxKkoCixsQAIbYUsBGIQIZxvaaGdEiQjBlE3gKU2WUiIwyJaEopYQYEul1moke2xTRMG0bEI2pRQFSDUincIilBAGFQoFLClKaGxNqLXRRlIUhMCWVCKidAUnNiaLomVmJs60g4LIbC1TirQVKlGqghB2OKIWIYKwM022iIKdNsIgkw2TaSuUmRinndmmyYFMRFXgtEGClEHhqpLYmW1KCVlFQgiaM1smYEsEkUrSquEpgSiRzkyESDKbDAphSYYwgGWVUrva12rsVHoiLWSQoiiMsyVyUKJEjRABzkSyhNPYXdeVqMhkpgErFFFst0xLBWy3TCRFlAiFEoqilKIIIbu1zCgKhySEaYFUwgBEUVFJWwqc2FKoFimypUKSjJodElIEipppALuWEiVKDRRCCkUoFFEDqKWWrgqVkCUBUmuZrSGHIkoIpQ1gEw4JExEmAttWhEQpIeR0ksahkEKhTIekiFKrje0IIVkqpWazJFnpHFsLISwFKELCtfaWIqIg5Ey7NeGoRXJIKqUoSolMZFBiZXPibC0UCksFEQIFThKTraVJW1MbRWAbBBiplFJUwul0CpVSkJ2oFEAhKWy3cQKXUoZxNIBKICokyBARAYRJyRay3FrWWiVFyClAGJDCEZKl0tqIQZaKJOekEqRbTgoVFUW4ZfnUT/lkWyUgiSKnsQnhbFODRLilhSCEVDKzTZMkRZQSUTpJBkkQIEvObHJEKQqDIgSksQFISQjSTictVCKi5RRCESVCCoQlgSRDiQiUNhI2RhLYlqRMJ6hGqChwZkRRpm3kUHR9HwhcuypjyS1r14WEJEFKNsLp5hbQoAiFAkqEFEQUFZOZKYXJtDMJkW6KCIzI1jJNEAoQisw0KpKhZWvNoWjOiDDUGpJsF6klrTXhTMuUUuw2TRkRpRSnbTsbtkoppRgBKIRLFMKZ6bTBmQrJRCAVAttCGBVKVAFEFMkCEASihFGUrkTtakRYCskY4+CykAy0TBS1qJSaEi3bOLVMbEUJg6UARxogHEiIEjWTzEmqkqbWJBkiaM4gFMW2je2IiIh0syFkJKESlAhbEaEgsYhawtiZmSpyYlmo0ZQohCUkOadUhDMlCYVAMhaqpUxtCoUinA1I21MmloUxkKgEJopslyjYwhEdTrCbW2YtkopzSux0CFBEICNMGmXatjFJtiZJIiRIp4sqGJCElZltbFEppUNRpFI6QCKFglBElFICARqHYT2spnSNcJApSAwIrFIKogQOcLqVKAqwS0TiUopEICTTMi3bKLMZj+OUmSpItURgJWnTpgkUJSQ5jSSDCJyWQkJpGUoUESFCIWxnpiGFFFKEIQCRydSaEkoEIDUM2AkC29gpQHG0XA7DUEqJEjiDAEuRdhKmSSGELEfUyGx2pFylCGyD01mkqLVIBoRbllJDBZl02rXWIIQJIZUIVGqNKMXpTGNQSIoIBW0c03KmnZKksJ3Z2pTIwiKmcUwciqKSToRKtDYJKUKiudUIIO1QqpaEECUCkeM0TdPUpnQKlaiIUpRJhHGmHRFCKNo0lRKlllCEFCXGcRzHAdHSEqEAE0UpFUXKskJdqSBJkgC3BIqIKFGi2bSUhHHaRrJlI0wmElEkIgIMAiNZETZtmiQkopRaq0rJcVKJErLUMo2LCiFsG0Nm2hhPUyIUspGIEEYRISGXiIRIp5LLJKcJHFKEalcjgqASGBVhO9MG48y0W2ZEAJJsO4iQUTpJSq1KWqYzISlVdtoYkpZTKBRhZ05TpqMWbGyJKFFKzWyZiVQUpUQ6kWopUphsk8mUJEUIFIg2NdkKpFpCEUSEJIkEJYjWLEmoZSqwCcu01ixRQgQgO7NliYJkmxQowG5tyuaGFSUUIcnZpGjNEUSJUkuJToFEUQSQtizhKZNWSlUogmyRORrStt3aADUUJQTZ7Eo0T06nM0JFVYGcSZBGWJSoOAkJwES0NtUSRRFCNULCJXNypooAbJWICGwb2wpCEaE0mSkpnSqKWvraUZTpCDLdWtauhuQGspCq5apApQg503ZIkiRaawoZRxgjYQucUFQycxomQhJgkGUZcKAoIt3SKkFmAEYKkyZtO223UAkEhmIREYoCRgopcbZMo8BpQTqnlp4mwkKSLJyuJWxHlFBEiQg1ZylhsC1wyynTJHbLhlEEzuYm2SYiQNhOG6QSESBQZk7ZkAqKUm1PrZUIKcAKCaaWmUkohJEzFepKLaqqSNFaSkiKEpbkzEwJEQpANYoUUSQFmVgIQDJSknbalBJSZMuikrbsqY3DNMm0ZkXUIkWEJLBCDoVbpiLCtHSSUtSuRhQpcWAkRY20c0qFZKZpMgTy1KzEbq3hTGcoJCFqKZSCwPRdDSQFdiqKwhjIKY1KMGabWlO69JW0pMzsSokStqChEIK0kwhBYlIK0k0KpFqrIoB02i6f9mmfHLZKKEJSZrbMNCUKYSFQpouMouHWJnAoEArJ4WxtaqUEKJP0NA0jUkQJDAhwBiAwtk1gBEiEQqEIiaA0NyGEcRCZtg0yWaMgAWAUyA5AFsKBaCkBGVKoKlAUFYUChTPBlmSD7BbRhcJkKDKNU4rMlumoJSJKhO3MnJxtapgoigAFTlCESCMlRJRSytRMZsu0CanvagiERIh0GkqpFi0pYNtkiWJSRhGlhEItW1HYZDZbtaulVBBBAlZE1K5Iga3Atg2hbA3LJEiSsKTEIJlaapQiwCKczhoBajmljR2ESZCEbUsBipDCpkQYF4WlxCXKNE0h+tonRWQpRYqoUaPUWrLZTsyUiVMhAtuhIMA5jOPUWkgQJVQiRBAiZKdNCSkCkMg0RjinlqC0W7MUku3MtDOdNtmaopQSJQKDDTKEokRxwZZCIQ3TmE4SwKRBESHSDilUsCkRBDgkhEJujhJd6Sy3TJyhaoylUIkopXZdjZAcdq6HwSak0nUhbHJqIiKKW0u3UgIzTlO62c50ZkIYlxK1K5lu2UBFRCmhSKeEMxOnEzcnKsUyk6NETh7b4JZdP9uYzx0CR4SkUkMRdgoRKsgtp5wyUyolQoHT6VRKVbYELdMJtpWgvuujFtKZsp3ZohQZGzuBEEiZLbOVUtxagrAI5BCCTAMRoZCTyQkIEDJAhEotmYkppdi0NskySAQRUgJugG0g007XEqWUkIDm7LouId0kuq6bhtFySKXWiMAqocB22ChSqqRUC83NLlEjZAkkWiaKwMZIItRadqUaoLWpDWMLGcmiRBDhbLbX4xRRLKddSsl0ttbShinTKYEhSoRILAnZpkiEZCcOC2EwRJRAoXCKtIgxM51VEaXWqihFkiHASlEUiigEIoBSOgkUtdTl0fLee+/tum5zsSilhIrJTEpVKFrLrotmy0kiFbCxQCEgSoQEhLBKCU1uRYooWESQbtmEIwJsbOPWkIoEglAphTBShCSsdCJHKbKMhSUVBSFEqUXSOKzBUapCQhIosIVUCmlEhEhKqS3Tbp7SgIRcS9ec2TKQ0zbGDrCcmRASWKHMljiicJkALKQIQBHgdGY2Q6iWEqRthSBcIgQR0YxCpUYaZ06ZERICQoKwXbsqRSgkO23ZaYmUI2TRbNth29gNQmGVCEUoFHIK0saZoSCEbZEG21ilFEWacWq2iwC6rjekjQGnJwehIhSl1hJpu2XaKqVGqV0tRaGSk1UMYKWdaUXIaiY9talJSru1nNqII6TMJkWUTkoRlrJNkpAzPY1jyLV0SCUUpYaIKqeRoGEspBCyXFUchRQhIUsRBpVahCJkiCgRCqRSwnamQkBmAkVRaikCSNymNo0jINUoAhSRdrZsZCApaqhNaZuQDYAEkqSgqNjKtDMNAkSEkJwuiogiaDYmoiiKJRlkS0UlQlNrclqyLcsoQqRbNhuQsbOlyWyt2TlFFKeLpBIYQEEa0gSYKKEQhG2UkoQiIkFEICCx0zaCCBwh4wAQTuQE4wQ5QjZJhkKSCkJgO2tEKAxRkJS2SihAIbsBThQBUoDb2CJCUUyTw07hDJMCYwTChJwoFApwZraWkia7Tc1qUiBhpmlKEygikMARIsipNVNL39WiEiEU4bRMImdL7Kk1HAqDcESoRKQsSxERUkRISBAlJGxsokSRUkalKKIGWBFtMoYikNPgoogoAI4IIsKZAGTatUSUiokgSokokBESliLtllNE6WrJlhIRnSSBUQiFgFBRRJJMTpyZCpVP/9RPVshmapmyJNmKKDVqdFGVWJIhW5NVIgBFqaU41drY3JyOiLTdpsSYEqXWsEFgWQ6HyZZEECE700RIIoowUhgyDYTJ1hLbxpIsoZDttEMhZUhCEs5MZ5IKbFpLGyMEAgjCRChBsiVFCRpRlJkAdmZGKVFkU0rUWh2SAaetQFFCsj1myzGjFIEkSbWUEsII11ogJCFqDatACFuhEuPYAhC2S4koYVyitOYwijAWSFFUMtNYJUIiSU+kokMIGzsiEJAWXekIiSgljFsmVimRprmRoSqTTkJQAzRNkyJa2mSmCWMJozCpKCbTxiiUmU5nmwQOhySDcKp2XWJyyuapTVGq0o4AN6NARSJsZJdSCLVpEmFbEUKlSCjJNEghstlyhBIJAdiSpDBCxmGcTgzG6YhSSg2FAiRJyRW2RKhERBSCMApF4FRIEaFQgqSisLNNrZRKKt0UIRQRDgWaWislBJan1mzLjlKQo4RB2DibmzOdpRQIhRSupZNoiUmgVIEoBOFEodLV2tWiUASihGrtWrY2TaXE1FoACoVsIpSmRCgiFFZYLoqQLGOZVkrt+76UgmnpsBPbSHKmAllJOkFZi6SSztYS2yBhsJVOZ4YUEYoASWqZkkoUFWU2t4wiRUQQEcVIkbaglFBUgyVJSdrYIgSGxLZkqZYoKi2dbqCiYgBs11JqKIoUESVsZWuASZy1VCIkQErXvnZdFyVARjaKItxywgC2iQhB0MamwLatCCzJjFOrRSQKjLONma6lWkAkFg5JgdPpbJkCp505TU2yJOxSChi7mVCpNWopSKVEKADkKBERCpVC6bog0i1UisIGQpJl0oSwQgFGypYQjXSqKJuIiK7WiCglhCKqs4Eym+1pmuyMINMRYTtbTjkJgMOjg7vuvqeb96dPnQEMBqCoSqKE0kS4pR2ELGMMQCgoYKdpLW1CRlIUJGxssCKksDEpKW1jcVnQWgOVItuQQNrglg2HIEoYSZYi7cysUTLTblEKhIKIImxjp8ASiZ0RRSjBGFxLpyIhk1U1s2EyPZHYSBJCQdg5DANQItKUEihwChBWBBIiMNBsycY4QkgIhTACTChatmytlCglbIvAVlAijCSQQkTIgBPcmqyGVSSpRqhExU7bLYHSdTaZLbGEEzvtFMIYg0opmZl2iSqc6WxZSkgCMls6bUEoJMnNilBYqrbBCBFIthVFgFJCqKWQm3OaWiYI4VJqSC0bIqLgaG5pZ0tM14WhlFJLkVCEbYWkMKkopcQ0tb6fgSKMipEzRSTIjhIoQqWUiChOJCJkNxQmbTAW4OYUkm27tZRCoChA4sy0hSFKlLABZWtTm7BLKVGrQChbOgQhJ4jAtjOxSy0Raq0ZsCMiUwTpzGwgRSBjlShpmqeIICJbA0sRQZhShECB007bJUKlCCEkcAJINtnS6ShFCkEoSpEdUUIhIBQhKKJJQa0FhTPDSjsisIMw6TQmW05TU3EmCoWEJJVaokgOhYuKhJxZJEUpMgrbmQnYkmScSWuNoHa9BSZUBEAoQNma06WIUIlAglRIIQxCApTONjVAUnPaiUm3loRSEdM4tbFZcqYhkDoVSQphAKRQCSFFhG1JIlq2Sqm1CizLON3SiSMkhUk7SihK1AgiIDAmp2mS3FqqhqTJU1u30teikjhCAiIiIiIIIiUpojgzSgQhpCIpkowIzJhjZtpGArBCRKm2M6copUQApEGItIwLRSUExlAcFiIoFClby+iKwm1yZosIUUvFSfnUT/qkZhthK6k1iFBDeGoJRChEmoiotUu7lKIiDAEq4FKKEwyholJrSYERYadtuSUyENTSAZKiSCHsaWjGmSlJkGkEEqGIEkIlZKVtWyiqQCWK0tOUyCRIIqKGQrVUO21LQWY6jTGKghCIGJ0YSVEkCYMQITAkkM3YVi0logC2oggKyogwkmTR0mmwLUkSpKwIAElypksEJt1KqUhSIS2bCIFFibBtZBAoQiUUURQRcoIUBRERQgjSAoWEhVwQxuDWEtVSIkLCWEUy2CZTKgIiSokSzpYTUaOPipmyCaKELadFgN3SgkwiJIQiiqG1XC6PUg4pTWtpSGe2BraJCDAJEBKBSnHSckIOUVRqLVjI2ZyZkiMEtEyhSli2E1AIERGhsLNEGAylhqGWqF3BSmwsVEJutDYVFWMJWyEBtqMEadWiEjgkZBNgS2FILBRSRCDkTBtZKEq1AUpIQiqlhKIEQGa6OUlHBDgzA0VU4aFltlai1FqdTjehiDDKzBKhUKldV4skhYzsNCoEUqKQhdOSMiAzBaXrQAWaE4XSaWNKCSRncxpngoRtEbZJNTtbprPUCJWo4ZatTYlL1KKCbaeNRYmQ1DIlZabtJEMKFCErAkFAypHYJbANoMAOcmptGhRSlCKFJISlEp6awBJpyFI6KRRMrWVrIVmyreiwERHKtLEiaE5nZpNkEBCyLRjb5HS6pRuGKHY6rSgBsjPTJBRkTKDEkDhtWS5RBVNrgCQ7MxvpnBLbDrdmZy3VdkLXdbWEpFDtuiLUnDYSUcCRtMwUISHJCBRSlLBF2koRiGxu2WwrwpgkbSCkTIMzIagRCmSwsN3SYAPO5sxpnJqkUPBMsghTkMOFSHDLvuuOHztx8uTxbG0YBtuBooSqEkMa2QnUrqulyE5DCGe2BrYJqUiK6jYZdSWEkEE2BM4USmNTSsiSZKeTUImgjWmnbakolC0jVCMUYSRlqCAEGCLAQkK2mieJQpgsChQBJSJqHacxJJJM2y4RRErR14I0DENXa6lVuEZBUSJCsj1lK6VGCEUpRYHSmQ5lMxJIkzNsEjtLjRJFUhpBCclGNkzjlJmZKCIixmkyKCQkJARgtZwiahqyZSLsJDOj1ChhWYQhQhAlQiGVCAlJEbJbJgkhQUQQdrNFsyVFBC2Na1cjwm5pokRXqjNLqcKICKAgS3JipwCMKTVC2HYzihLRMkOAqhRdxUSpCpnMZpylVikIZJWIru+ksBUSGFOiGmQbhyJCQsihoohMYxu31iJkKJIVghAQmVNrbRqnNjVL0Gp0Fq21tFs2OcCWVDRNOU6ThCFKgElbSCpFNm6ZtLBqLV3XNVREpkvENE6Bai1OEsvYLUo4PbUMQMLYJpRtsjMUEeFsKCLCdtoibQUuBIoapUSJUo2HabApUWwyndmilGyJACFnujUHUUogSi2SFJKwrYiQJFkS4EwANTc3lxrYEMgijEEqgpBtLAjZJlsrEWAZwi2N1NJ2Q5LIZkUphSTsJAhCERIRBZzZhGtUYyZHkYJ0Gux0plQIo6gRNul0UqKknVIBwE6QMBFBKCCiRDGUEhFhI8lSiVJrSEIOAgLZDkQpCnAJEjCKdEYUKSjCNig0jBMSMkahEmEohSilKFqmMwXIQESxLYERFiiiSMM0RURIUQpO40xkMl1KEZQaUYvkZgpuVlEEMspsGEs2gRUh1NLpyQYVTEhTNgtQaxMQRSBaImwLSUYYWmtOQhLKTNkRxWFJxuWTP/kTA0qoqCgoiohqpa3WxnRipoZbhiRJGINtOxBkRMjYlgQZJSg1bNtWSgFYQSZEUZHAzswQorRskgBFCEmOiIiQbVFCEYFtOaQ0ckKQpDNtkyUKCjdHEcaGUJua7UxjVCQcUYUi5KRl4iYpAhRyIGxnM3ZECBnLKISRBC5S6eo0rKdx6roKhGwTQhAljISAAEOAs2XaiijQHKXgNKohCjYhIYUkBJJQAEFYRCDbUkgElFqdti0RUZVGSLJp07QeJ0lyTmk7JUIRCkg3gDShKBEtU1gSqIQkGSFwpokiOUwiIgSysSklFCGwiQIWOdXa910nQribzWpESKVUATgUCkWEAoVqdEkGKFSioJBkOVuLKBGKGhBS2KmklEhna+kkUChkScrWIKKUGhFKKUKysW0cuERRCAXZUEQNGUxmk8JOzDROSYYkUhLCNiBCkpFEKRE15MhsLTOilBKEMKVEEJZKFABboAikEqV2tdQKtikRUSJQ0rBnfacSactSYFyiqERmgkqJwERgO92mEZDKlBlSqQThJESmJZWuy2nKlpnNyJkSKtVphZBapoiICBWFJAlKKeC0SylRAmeJkklYCjARCkkhS9iEi0Ih29hIoai1CEQQzuYoAdQubEkhHJKkEEVhEaASRUWlBBhLIgLTnEKlSAQ4opSIdGvZaiiiRA0pSACTOWW2VEFEKUUSUlhRSxE2OaUhQi2zKAyl1IASEbXIkhQi7YgiFLiUSqiUkFxqV6NgS0oy7a7rulJapm0EJqJIZLYogaFIptZi2wZJwdSaucxuLVfr5TQ227XrQprGCTlQmybkkEqESVuBopCk0wpoiUoEAkwURZRhatgWVYE9TA0MwkRgCTuiSIEdEQqFQhGhAFECoygRhAohiRrFdpsmK0pEiYLBCdRaQ+BIt8wJgySFFEalRERRhIBQm0YkiDCEBHaGFCoKQHZCGoWwMxQqESGQSgCWSikB2KBMgwWhYllERCiQhB01MAqKCgqJqaUiSkS21tK1hEJuliQ7aYTa6MyWlmxJQLYmoplpHAADioiIiHTDkTmSAisCRYmICGOsCClCKO10sy3klmlaS0WEggBUS3WAbVvCzchStDbhFrUIFMKGKIUoRaFSAAkUIh3CCmdGKV2p0zgZFCoqBtkqyDJIQjIICqESRZqmNLRpsj2NDbKWWkpRhN3SpB2hzOY0CFwiSq3GUoCAJGstJZRODCKCiNKyBUieWpJOIQllRMguIUUhW5oSIZEtQyUKhrFljSLUshmLyDZly8wEZAGllNYaQoSwHaaNY8s2gYxrLSWKJFnpaZrGqihdqBRnekqFZrUGgSzLuNRaFApFKRFSKNNIXe0QTozBNiZVCpDZJIUECEUJSS2biAgpskRVqGVmWrZLBMgIiKhRaldRKGQ7ydambGnbJkoJRCAbAJUIJCmrKhhRilpmEKEyjmsaBjvtLFEJK4G0hclsshHOzLRkJxEoQnJIgFCEiChRVASSsGUbSSq25Gw2UKCUGpLTIpsJCWSncbjZ1K6LqJg2TUTm1IyjVjcULiqqEVGEnZ5akxVVgEACa5omG0VElBJFIjMjFSUiIijNaTsUpRJFgbCm1jB2goQFgVSq7UwLQToz3VpLSUFIlJDTEYQCbIOMsclmG2yFkMNCAgeSBGSmJAUWzpRCRc50WrYUEZIkNGXLVGtTRIRlG1KSIgAhnslFmqYWUYxJlyiBTCroopNEcyiihKwIGTutoJaCBUE2lZACORQ4MxtSjcDCLp/2KZ9YCAIym2k5tdYEaVtIEiE7ajGexlElIiLTboZUKUVKnLYsgpZZQqBxGltziRohocyGiYh0Okk3iBCWi8LGmbUUBAlCCloCEGkjA7YNYEmZFsZSRQCQCYzjlFPWWZGtolpriSJK0rI1IQotWy0FYRu7tWYby5lGCpUIJ601ixCGQBkSJEjCpCdDiYJUEFFCpBMElBCE7QiJEIrAzrRzbKZhGUWBdLZEIAlAtgWhSNnptJ0OCSJzst3VarJISColQoVIEgiEQoookXY6W8soUglsowiBhvXQsjmztaml0+nMyQ6hCOOcUirOBpRSAGdLO5vTSWI7TUCUEgpJSFGCNFBqiSiAWxqBixSh1ppElBKKiJBo0ySUmFBVURTTnE5TSqQNKhFIYElTG52KAtiIKHaCkaZxDEWUKmHTxmYyus5jWo5QLRVlS0/TJKmUyLQCZ0QUyaQyWxK1QGJaiYptjKlRnCkF2IkDbIOkbJk5lSihKAoL4XFqEYoIIWOIorBkmWxRAgUKO91a7bsSYZv0NDVbUcLGAFlLADYWISWEwnabxlLDEJKiSIpQm7JlA4PcMp2kS2CwFAoLZyoURbaxaCYwFhDFmQmIQFGEws3N1FJK6bAVLlGk4kCFElGiSCEAZyYY01qWUqIUAaaUSONMTISEbEtgJEwxlggpW5vaJNTVLmq45dQaQQijGiWIFBISYKmUGthTa5lpVEtMLRf9zBBSiUCahglQiTZNFCIiQYDkFCBbFAEmSoBsCzsTcLYoBRyIUlRCKEopESDb2VKgKDItnZnZGmlTQsYxm3WlRq1diYhanFaJiLBt25IAkMKZUpSudqoWCKGIUkopEU6JNBQ0ZbMTA1YEuJaqkHG2VkqEIhTYLW0MpFtOk6T05MRpG4nEShQKRS3FuGXDArXMTNdahGzZEkYBiSWcBluKtMdpFApFcxNky5wgSAwpFCEAo4KotVYCJbblzEwRUUKEQIltFBECOVNCAVaIyQ1LlIhAlKBlq6WaxMYep8mWncaKSDc7wEKSwkq71GI7bYmicBBWppGNMUWSwpKzWUEYO1CmI6IWWZJtskRkJg2CKDFNo5ECoKgYaleKAqmWYiM8JZJDQgoiIoQiQmCbQIkMxDROmUYoApBkG5jGccomlQiRKEIijUIh2ZZCSICzoRoRRVGqcClVEemcWpMAKcImkJAK2VIRAEEgJ5ZtK6WIaRxQlBJRwklzc3MEUIpQRC21lBqKEoFBVEVLwJKFEFPLZmdmLUVRWms4jRCZCY5SIgI5FJKyNbCKIgJEupSoXWfTd12ptWVrtuSum3W1SDKQYEuCKKWohuxSQ0S2FCCEsiWiRADYLS0wxoGMaq0F26AAYwWkbaxQREQIJBqlKyFhiCgRIYXkEC2n1lo2N2faANhYCPq+F5HpCEWE7XTWUsBOSRiFJIWwJAs7FQKVWkoIG8kYJFmKKCK6gIiCZFkKiWyEAiAhAKdomVVClBJItmVqDTsJ1VoxtkOAExum1mSVToJxaOM4dV0XJbBbpiBKh2nNJUopyGpuckhIskFgoshppEIgMokaAUh2M2qtEaDIbC0TVEIIOYyMokiECnYYZ2aUImRSNpmZGSGplAjsUMlsGEU1DUmBVCA9UUoQQTiEAhxA8yRIu5QwAksCKaJEgSIyDBhJitYalqImydRaNmyglEhySreWEkIqUoRKRIRRuskGJEVgnC0VJZ2tNUkKKcLpCLVMQiEhpmxh2a2olFrTKTA2AkUEslD59E/5pMQGJOx0WhK05hql1k5hKSScqaCUkraFJISEI5xZJBWVCJsrcsooRKmZzjQYKUKBiCgRkhomSTskJOG0h2mSkEjSJmpIRBQDEqK1jBK1BJICiARsRaiU6EoJBQVhFFI6W2tBqAROBSKEZEKRzRFCRESJ0pzOzEYpKrUEgiAzDZmGUlRKNekM2yLSGIrcxmYnIltKpAkcpRPNOLGFKMYKycjOTMCSREiGtLEtbDmztSkiag030i0UdmYSFEdAOm2bglBIKdUStRQntgtBqCvVVrYRC2FllBK11NIBEjUiVIWxMx0lbOwWERIgCUlSlBI1Si1VAmVrUymVkKRszkwwQVjN2TKxkRBptymFCGEMpMdMWiPCNjgkI9mSpCgSopRSSgEShyRFKUKRmSrRlQqAM4kiuykC5GxGyGkjSNeuL6GW4WzOLLU4McYyGRFCCNslGMcJqF0/tWmaJpuIwEQRGJCEiSCbHdhpsEm3nFprObUmZIsgSjgtQZDN2LIiAhNFJAq5ZeJsDRVJCoEk41BQVEMghYXCTkklwlBKESAJmWwtJQIQZPazvtaSacsFGYzDjq6GCiZqCAiiREDLxCkpFJJJHMo0QpIEYAyymaYxhJtCWJIgmylgNzdTagBkGuwEKQI7c1KpUoCRkJFk7AQhY4VCJTLTAJaJiLAiwtDChYhSBEYKS8JKN6EI5GitlRJjtpCQbKOIUCjcHKWAlGlFLSVCYGEFdoYikXEQpcgK7Np1JSKkEgECi7Btu0ikM1OKkJqziugqUGp0fVUtpSCFIrANSlkEsowUUQRCaQdhI5BESIqggIUV0VpOOSkotYJKSKWUiIiiEuIyY6ctUBRB2JZSkhRdKUJph4qhTaMUpVS31poJS2EZSxBREBCluGUKopQiUuAsqpLHzNaaIBRp26kIyYritKF2IoI0JqRQlBKSkRSS0knakqfMbClhVCSVarmUiEClOBNjkEWQxulC4MxMO1taCDJCRjZ915ucxmnWd8I2kmoppUZEwUkoIiICZKchUIlwSCDSiYqQCiohCYiIiJClzEybRHZzQxGKEkEJgRSlKBQJAgAFEiCkkA3Oli4RUtjYDWhTM0TIlkGlRBBV4NbsBDKx09kaIBGhErIgnVAKSLYTBEaJrcBZasUoCJUoUpRxaC1bVyvQWhOIxKBo01RCinA6M4WkkEQwTVOpndPGMnaWKLV2irCxDRjhjAgZ26BsVhAlQIqSmbUWBaGwnTY2ERKkS5ToalWRQApVy6VE2lhRitO2VRRRSi2KIG0SJFFKjQinkUJSRFeLQbKigLGmaSoRRBRhRKaNTdSQSGOyKkyWUnDa1FojFKUYyRmltjapqNROeGrZMi0iEIoSJYoxABJKEptQEJaFQlFLASuEkCIzI1AohBupVBThNMiAQoEcCEWJoohQQkhpWmvZmk0pNWWla1WaEkojQmTDUQoQ4RROIwlqFBtjEKBQKSFk21ODKDWCSBAKgYBWFAShkDzr+yiltWYjWVBKINuZUzpthNTaKAtFywQj2SmFQpltyuy6GgoZS8LZjKi1k42JiKIIqWXiTNtuWFFUoiiQkKJEiaJpbIbS1ZBsKwSKUiRJctjOULQpFREKjEopRSQ2lp0YMlEppFXC6TaNIRTFWACRnkophrQEERgrBHY2lYgoUSICt2wtIxQIaNgtSWw7k7RtpFKCCKniNMhM04iICGwikHASESAJRY3SSCilhIJhGA0Rpathk+FQ2Ojg4EI4VCSTrdkZpQLTOEkRRQhJ2TLkJNyabZUSKEkpnAaXUtOpCDvlTAsnVpTScnISIaBEKNwywFLgtO3JKooIhWySbNNUSw2FcTqFiJAgaTlhS1EjmkGWsSSBcaYBQzBNzVAQlsKlVnCaNrXWJkXppAxFUaWMUzNZanFrzdSIKKVlUygsJCAT5zQ5wypdBWdza1NEKEoNqca4HgxCKJwpjGQsRbZMZ601xHo9BNS+a+lSRCqzldKZzNYiwuQ4ZYkSQYmSBuNwtozQME1FpSCThq52xhItU8aEgiJZ2HJOEdVOQ4g0AYqCcGa2bG2KUmqt6QypOZURYRStNadLSKVIYex0tmw5AbZDESUEFliWC2FscLY0VWHRWrOpNWynLVRKcdJyiqKiMk2TJJUiKRTONJaZ2mQkqF0NyXaz3VIhSbYxUSJtZ2IbpxGSCGQgXFSaMxSYzCxFxpl2s6VSJavZIUkStMyWLZBK2A5kt9aQiKgRgUDGJYrb1GwmtxrFaZtSlG4koYhSmlKJ7WypgmyDIuwCTSACySSKUNjN2bJFKUiyKMRkY0u0zFoiwZmhANuQUHCz5Gak7Gqfgua0i0oUtTa1KVVKCaQAT63JGLBCImwIFWwLDJKd2EhOp1NWCRkrQgpjQaYlIzltZ5oSBQHk1CRZLsTYppBK1wW23dKZjiJDmIggRDplN6fd1U7IbkRkNiEbyVPLElIUZwIRAkmymIYRFAoVQpqmpkCqyDLANI2SQlIUY5uQkMiWYFNrEbJtOxTpTCkyLeG0inICpROiRCAsgshMnBGRtiCJCLdm2bVWBa2lDZBOhLAdVTSlJ0dXQqW1htMJIiqehERQFJhsaVnI2EGnYrslKhSFJKC1ZhNinKZSahRFCNSyTUOqqkaEZTntbM5MQ4RqKW3KdCPooirCkK3hVBSFMsHGRhHh1gy2KVWt4dZKKQqMxinlqetqjW7MlplYJUSE7CRrlKm1kACTUEooRcupoLQyc5qmUNQaEcoEoxIiccFG6UQRCGPboZACN0ObcGRR2GkA2tSAWus4TdM01RJ96UeyBKKESIFtgx1RRQql3ZxFcohEWMJCyZQoEGTauESElJmEQC0zgERFCtnIIKxwthBBNLdsqagmnVmiCBKnLYiizBShiJAkGQImcJtAESgZpymq5EhQSCCLoE22WlCQJARTtkBS1BItPU2TMCWCgEQiQZQSBowR2aZxdBTZBKUUjCJIp1uNmqQthN2mybUUZEmZLiVCyvQ4tWlY167rui5JWVHCaUXIbs3I4ES0plrkIBsiImxHicyGAlSlZrfWQphCICDdskUEokS0liFSJZw2CONQAStwgjF2NkuhyEzklqpCUUxL45a1VkySIUUpbZwUYWSQ0zKWIJujEKjZyLV2pFvLlg1RVIxLFAdFMbUmmwjsUEw2mShqeEyHFNI0TRJGIYWZcAmwUADIEJBOO1OlyEAmlBJKJc5MQctM09VaorScWmsRmCglnDaE3JqiyE6htMkkFIqccmotKqFau9pac2sRYVshKChN0ii1OJmydbUasBFtahERpbglconIpGWm05mlVEmQgAgp0gmZaVCAQlFKS7dpilCEDDikFGVq6ymZdZ0hkDPHbNnabD4jsVDILUHYNs2tlFJCojRPmS1URCC3bFFqBSNwGucUUZPEApcoBJnOdJQgM1szZMtaaumEYmppkiYzlagSmXaCrCghiWyJcSlFUrbMNgERYRERarI8jJMKIUUUJJOkwm5K0qWUEtFaphMprIZBEeFsrWUIh5QYq4YssNOIbBml2HQ1FHIDnMhOJeXTPuWTghAJOEKWMThCKgGgIlkoJWPjUIQ8TQmOUpCLSmIwaTvtwKmIKCGppRUqCuQp29RSkK1FBDYQRXbaJJItA0goIu2cErlIbimQIqQknajgNBJOJGe2TJkM1yhpoqiWamWUSJtmgkAmjaMWYRESmRMoVKIU7DSZzZkCQNI0OduUUKMo5LQRQjiQhBStZWsuUoSwKCiCtCRwLVFqVxRGIalERM2WkrAjSlQAlSpJBMIYZBNFIIFEKEICImSpRCCP42g7JEKZjUxDS9cIJNmtTdihiAhDa1NITkeJKCVKCGVONkE4DCDAzc5skqRAFnaiIJBF1xUpEKEAJEVUZFklSq1ByNCmKUREGHW1timRSi2lRMjNKFRKFaQn0hk4s5QyZobCmRZSZEuSJEMlc6qlWjjTWBClJK4RpG0nlBKSIqokUALYttNEJVxLlFKxMMiJkwwiIqIWJwFIgFDUiJDJNjVDgCEgFG7NtrBkZ5qIUlSiTU0RYUCKCIIoRRGEw0rAtqMo7S5kQ6KIEERECJwSdtQoCitthCSFZNt2FJUSirAJhCRFpGwnKAQWgRQ4IrK5OaMghEE0Z0gRIsK4TQ2jCEiFQiEMEAlIxRiMWzbXUhRyEhGWRUipCGcqQlFyag4IpBKhNC0tUUokhKSQVMh0qKggbAQI2whQIMtO7BQIkSZoLTMzndgYhRSBbTszi2qUEM7MlmNRtdUySwkBIMngTKFsLrXQ0rZCgIE0sjMVQSZSLTWEIhIjsCQwpcjCKQd2C0kAlFptt2kyjpBKDSlUFZQIRZVo0yRJNlIpBQWpRFEoCsmZShqQaUGJ4kC2IkponCYk7MyUbBGEQoJEOeU0Dshdqa1lI9uUQgpKSIjMiADZLrUKsO102pKQFHamEyxZYMtOlUCROXVRKBLFOKCUWkqMrbk1yV1XRTRPmExPmXbLlogoxaa1JAmIqEiQBalEiQgVIoycqVBiBZKiCEVrDYGxbVlENjdPgihVKIQUUYsIQgG1qHYdESFJSmMyLEktExPCMg7koqISQJFQtDTIoVICE1LUgkk3gRTTNBnVkEpYdiYJQpJEGGQTCoBEJVQiSpQQlGo3oNSIKLYiRNLccspxmmykFAoF6Sknm1I7RRRJItNgCIWVsi1QyK1FhCKiyJaE3aRSSleEFLIcxhhnQ2FRJEuhUESEFFEykwAgTZGtUiCBKEWZrWUKS0pbFNLCUhCESgQgklIjsZ0I27ZzmhoEAkfIqEQkciZEgERm2rYkkWmylVKEIKdsAFaUahyCKEUSRJR0yymHqeWUqczmUiVCCnBEDRylRBAmrVI0raeUq8JmGNfZTGA7RCkhlLasWjsJKZw2wk2KiACmKZPsuo5QF6XZkiNkYyMJ7GyAswWy7ExkHJkTJiEUaUlEUKIohOwGkiIyU2RCUWA1MjOxo5a0MaVKkm0hQopIJ83GIpAxtsE4p5bGAYSKVEpXSnGmnaXUUBgbRwS2II2Q021qIAF2KcW2wiIQUzanwJJqqJv1ERKUUksUSQqTJkLIbkRky3SzpZAgbRuEMYFNLUIKpCh2RkSNGNPOSRiHSgkBGEotchCRJEjIdsrOlBQhGwIBQAiQACvCmGyZdmYphUxCXa1IChmcGQAhpxAQCgFCEUpnNhMog5CEDTbYSUAqsbBFrSVbTtMUCoEsO0G1RJSK5ZYWhpCiSCFDUURE6WtIJIn7WmsUhYRKyBEFBVIpCtm01tJWEBLK8mmf/EngZkICbJw2dkgmndhRIrFbCotIIyJqjQiQE4UigsROlVpKWNgOAUQYKY1xKEKSIoTdUBECJUjIRliEJMkQKgoLQUAmEhDgMHZmlIgSiZWgCAmpSAaREZG2IVRMCtmJXUoNAmykkCRFKSHLmRkhlVKCtN1QUWtJZiND2DIGS0gRpUgRpaSTzCRFpE1Qo0TIhOWIEAFOZ8tUAMi0NrXWCAG2wG2abJVaao1QESSWJUly2qEiRSAVlSBULAlAUtgpQiWEnE0hk5KMBISyNZLJLVDDmAhs3HIcp3EaJYWK03bW0oWwDQF20gxuDizVCDcnCNm2wdgtFA4SgGlsRer6mULpLCFDKgMyTWIr2xS1CBqJ1ZwQYZBwRoSdEQUniLBQLSqlNmwbsKRAINkEIoJa+pCEJLfWbEdIoTQRIcDGysxMJwTCKI0UEWBjg9PpJkUptbWWSRRFqbKg2ZKMBBCKCKkaY0JIlBAoFBIIGYUSSiggUZSQpQiD08bZUlKEpLDlbMA4jOlWSheICLAUECoOFSNsG6SisGyRTtIiSgQh2YY0EiIiKnKmg0CSQKUIIYFCKIVLFAuna6kKRSkocGIbAJXINKY5QxESEmnbAZIUgEBFkiSECRUBEZKE0tlaC0VzBhKUKOmcMgsQRRG2JYoKEa01RZHUWgoZ2ypRQwpRolhIEYDdWrZ0KFCpXUSJiCJkgck2KSJCqsJYIITSmW6giCAkgxQKYxQNsrVQCADLFk4ksMFSMQowTqckO6PUUhSUzEynsRCZTqURGBcVhdMOZU4tSgXZqQhJtZZAlj1ZeBwnZ9qKKiHbNsYhhQJncwsopUZomnIch8AOZWtSINkWMlaIcCFatmlySKXWCCQyMwG7qzVKbZ6KhIQt27YFRkIQJQitlitnKyqKkqK1MdOEAqIoSjgTlGnb4LStFIRliXQopEjhqZmGCukiELJA09SMcUsIaK0ZRwlBRAk5nbIMOFQsqLVIpbVWSikhKSBzcpSSTlIRJUqkESBEtqlZYAsUChHWNE0hVAI7QYYIKSQQEeFMRI2ICNmZ2OkAO91sCZVSsDONk1CbGkmRFAUsK0Eg4whwLYpQy5QEiogoEVLDoZAABVhJQkhS0gIRkoqzIUEGKqUSkm27tWytGUuA2jRmSsKZY2sRkiIiQCGlLSgRmYmJUhA2oAgialWxXVUlOyQotQQgQjGuR2hGEkBa2RoyqKtVEBE2dpaoBOBSirEzDdkcsiyA0JTZ3ESxUWIZsNMQOC0Lu9k21BpRglStBWEuC5SOCKebPaWVk6IoVBUpJEKl60sptZRCprEiCrIwTRSEokgydtqYiKhCmDZNU2KaM7FCMpYQQghhyxgQQiZJKKWIQIQIKTPTdrpNDSFwulSVEl3pXATmmaSWURVSKFo2jIJSwumwJClIHKVIGIcUdKVElKi1SqJELQUyM6FEIVQApyWXqMgY0hal1ChhWxJgPLUsaJraNDYwuNQopTo9tRZBJi1bOls6W7ZspdSIIskQighhI4kmqrAkGhFRohYpwS2JUJFUhCOilOJ0tgYIVOXmzJbpMBEhg5HkzIjIlmAhB07bilCmSSNhTekSqERO6fQ0TpkZUcCClqkowqWrokrYNpZUSxBkIoiIiFAY45wAhWRFSChKkWxjIUVm1loUEaFahAo2kM5AkhShtACIAkDa2RJ1NYy4Ip2ITExiZ2Jns2QBYCGifOqnfFLa2RoCk5k1IoPiAGQUwoSkKFJJjK2iECBnhsCWACkk20mESimkp+aIKKHMBlGkiFBE4jRI6bQyCGNEaykpQiKcgNMt7XTaAIggmiEdEUBrKYVIiIiQhcCOCCDkIIApW7ZJIUWEhBRBlBLgtG2IsIVAOO2CUJEMIhSBpLBcEFIonA2ncUQAEBgLiYiQsFGINNhCkDTZTosgUJRSFDVk2UiAQDhFgA1FIsJOO4XSTXKJimiZmZaiKAhsozCUACRZpQTFQBqRzjApFQnRWrOztZatJZQoEVGqnJkgMEythUqpFUxgqUhu4JTCaBzHqCWKMA4wBE7bmelsk4pKhJ2YUjqTRcXI2SQpItOhaGMTqrVEFIGxpChVtkoRcoC5TCkJK4EAJEuSQUKEhUIhMFLaAiPSJISKQqLrOsw0ZWaGQCLkIqXGnHKapIAwKUtFhUAAREg2dipzygQpigqBQnJIRWEhhaSQEhNYkoQIkElJkE5jNzsNCkklulKjFGcm6VSpkbbTJdScQYBw2raNrRCWMQrJToWMbeOcWstGy5alhhNjbCQSlVAJJVQJ0gbbAkIRUUgjLJ4pyWlShBSKIoVbGiFMCkkKR2KEIkDisogoRcJklGKBKCoA9pQZUqYtB8p0hJDCTFbIziRtSShCtZRSpShdDYpqFELYKiJCIiIiIsFOSRFQoiLDNE0ASBjIJBQph5XNEYSEjEOSFMJRwkYRoXBYVmYTJRRRSmvZpjETgSCihAIkYTuzGSEXRWI3TdOYNrbTmS61IGqtpUS2HKfJdilFBkkS0JISOGmZCjnJsCSpINVaQRKgiBBCIWdLCwEWYbWcgFK6ANWKjdMGGclOrAiBkFVCOG0kN+SMCIWwnUQURTgz01GjRDFGECVba2Pa2ZVS+i6d2SZSXS2hCo4SSlSjhDKR1HV9VJGKiJRJEEpjxmGcWpNKkaJESk6HwmC3WqutqnAUYSyMIErBRiCZnKaJ1kKhKK01G4UyG3YpFdk4nV0tEUUCk7YgEwdytsxQOMPO5rQdXSmSHWBJkjClFEIhLBQFOzG2lRBpAKdLFOTEUiicdsssEaohyXZrzkwFiogIkSUqUbIlSaYRtXYRkdnslEq25rRCQYAkBRgURcgQUiY4JxtsJ0ahiJJuEYgqUEQthTBpRK01IrBkT9ncmp2gZtMchbGlMJIzI0IhSSIt5zRlZjNRQgoQVaJIOJ1pSbUUKRQKFLUTtlGIEPa4XrfMcWwlIkI2KqXWQMKEhOVsyAqplCoSO3FLK5GcNhCIcFpyOto0pdONsBQATUlaIBWgq8UgFBGNLATG2SwjgSxJOB0FCAXYiFILgI0JiXRmYrW0sW1JQMuG6boSUYSdRJGQ01KUUqIUkQYUza1NGZVpmtwQSEVqdkxTtmxupJ2NUlRKpFVqiai2kaJAYlvQshkbYZNCKhFRqpUQmJZNVpHSmUniCGXaWHYpNcHYyE6TitKVAGxHKFu2ZgnjbIlwRC1Ku6WnNo7DOLUppIhiKSRJKlGiRGAs2QSkQhGK2pcQEmnLUlgYxqm1TDBYokSxZYQTKSISZCxHFORSgnTDYDAogMBEiDZhN4UgMSrYilBIRCDI5igiCZWQzZSpRtKyoQjkYWghpylFBreMkJAxLrYNLTF2BpJkQyk1JERfugiFgkCJnUkpoWkcp2wSClmSncLNipJjW7fB6ahVslHL5mwJY2s5jWkpEkgnkgIpCBlIC5XP/IxPKVEhM00o080OQMJIUgnbLZsinE0IWxGGEEYKSbINUihbIjKN3Vob21hLjQgpMjPTCmUmkpBIrIgCUigUUuC0SSw7nTlmOosiCMvOtJ1tGschaigxAqPCZVHCtmwQgVMIiBAoSqkIFLRUKRHk5GYXyWAkOTMzqSWcFlJIUssElRJRiqLYLaIYp3HiTOwiRYQIkI2EpFICqY0TwiZKhMMRERFCpnZVCLtlK1EUgQR2OmVMZkMgQFJJG1OjNGdrLTNt11ozs0QoIiLSyEQUG4Ht5rQJUBSEpHSW0kUERioSUSSRDaTAhNwgpzTYmVkiJGEIUITkTCdRFKFQBSuQo2XS0riWoISdmWkTIRRCgWyXEqFSakxtiqgKZWZiN3CWWmQsAMsBLdOZBCWiZabTpCQokJkKZKNwQIJESxdoTol0WgBOU8CacioluloVxTKohCRlpiilBuFsliQDWLazTVNmCrAjAiSJJENCciQphdM2YAkFoRKBJFvCmbYICUuoyCpFsiIiomVO05RkECVozV2ttVYctGaMnIiIUEigiJBKCYQERkAgFIIASdRSSwkbSxECjMKyDLItLCkikAMpYpymTBcp7UCZTlyjhEICZWspFFKEJAzpbC1LKYoAFKUUJMlKITDQmkI2AkOolFIkhYRAgpTCylKKDbiUGhHIIpDTyEohSDskEAaD7ESSQLZDochMKTKbnTYAQgiwCAgpRYRAoJAkZaYzRUgyntoQFJVwZgQKbKczVIrIEGmFQooQxthJCIUsFZVpHC2SJtN1nUoI0hQBNkKJokSNkJMoslMCBC4o0woVBUIBgVIURNguIUl2SwlIJ+FpaBK19iUkyXJIEZGpCEfUEEIRMhJWRESxLWGnwVIXxXbLJstkEY4IKUIi5EAmCaEapdQI5WQpMBEqNZrtbK251iIEMm7Z7IaKkEQbW9oK4ShdqIQctZYUbmkQFkpn4q4UERRjA6CWmVNzpgJbYFFauohSukyXICKyJWQjpmkKRUhF1SIzk8xMBJJCJcKJoygEnlqCZrPeScuENIhIt8ymCGcaBEUy5JQJJQpS2KGiQCUwgAQOOUG11igFu00ZoVKkUmRN09CaVaW0IqIUyYqQSTuVRaW11qYWiighhbNZSCEgQlhSAiSWSBRCUYtKiWyUkALc2qgIhWwkIopBCDtxtuYScoQEbchJiTGZLelKscAIDCTrcch0rdVGkoTsiIiIAEmEMnNqDdTSME1jSpRSRbphaJkCSbZrLZJsOxNEiRJRSiiiRMnM9CQXIHGokE47EHYoksSRnqY21RIABWwbmVqL7QShKAEhybZEAiIUMpm2SaedUpQIzDRNSIAl2ZlZizINhBQlhAUlIq0IbBMBkIklSaGQCGGQJNKWAJxTLV1EqaWolCIZjBC0tF1qhKRAUYWN3FriTFsUSIPd0tPUbJeIrlYMIezmhhUyAIkKobTlVEQJGezMhnG2VJPJbE2hokAgsAQ2pUTXVSlq15UokKgIZWtRStTS1c5AKGxQSIGas01tGKaWLSJwRhSTOINQyEAagGYjKEEIRKi4pZURpQiDhWSFiqowtkqMbbIRStH1HXI2JCKCwEYhoVDIIUlFUjiRhEKo1BqlCJkmSyUkpR047RJEKSDjbCkFIo2MCgIEToWAWkMRwhIhIYStkOTmNKAija1lNowiREgyWaI6HcE0NmertVgRQhJYChnJRV2pIeSIGqVECREROFs6QhEqn/wpn2BIS4CRQkEopLCMQaRTku10KypGAU5npjEGSyidrTVFCUmATGaUCm4tJQkCWUpnRM3WWjanMycbWYkzp5xSIiIiQigKEcWSSQFIJUoUldqVQgiQhRQhwGAbKe2ICDC2jV1LjShhjK0Ukc7WEjJKKTUEmU7byJkCBWnblk2gKG7Nbaqla84gQkpnLVXCFhERQtgpq6XTODOilFoxVcUllFYIYTtUkG1qrdiGEDK1FhFgWxFRpCDSKTsixjZlc0SELKxSJEmSBFaSThS0hoxJuxRARJQaTkcpEUIqpUSJKNHSMiqCbOlQwS1qCSltYaTAdqIiOaSIUmqIwBhnps1ltigRimK7NUepJdSyOWU3yyIAiUyXUkoNk84sCiQJWenmNBjLNrYoUZSZLU2azLRDVtSWU4DCEAo5SUzLlgYUjgghVNItKLbtFFFKZKZbYptwyyhRarjl1FoNlVpAJoUyW6k1onR919XOUptaLYWQLEkEODInQYSETbjZOdm2SSdIJiQpJNlpRFJUMtMYYztcEmOBVaJNbcoxoqgEhECys2UatzaZRJLTIkEhIqIoIqJIEQUMMg4kJJBAliyICFTAaUImZadtQJgSpdQIbFtCCZjAdKUg2RmlBpJkGckoRJumiIJsp5AgbUtyoGzNCEmQaaIU2y0TCoAElhQlnGkIyYBtJ5i0JGPkQEgIp+xsU4taknRSQyXCgBDqapUQoRIQERJSCWeKMC5SRKTToAgRyCEJpABaa6ASJUIySAYDEJIxDmGglJDkpJSiUCmllCpLIUCSM5FtWiJcai2lOtO2QBKiKBAoIiLTkmopKAA3CEuRmZKKNOXkVClhoBlUao2IgkqphrAtEGCbiFAt2A2DQRFhCAWouQnJTmeEACGwUYQiQNiWsjUjlyilVEltmowl4YxSQUhyKEIInEmEsKbWwBJpqwQmJIQEIhRgIJ1uGVFAma0UYQkQMuM0lSBKaelaIiIAWYS6UqKEIafRkjFEQZkpbLt21W6tNSmwVaJQFJBJFCCkUgIkZVEtJaacsqVtrBIiQoqQMMJRJCJKWFgOSmuTQSEsCSkQbikhqZRiO1trzVFlAXbzNE2IUsLNU5sQtVRjSdmScBtbSECUiIiiQJJCtiVsgSGzRURECUUJ2QSWSBtwS5TYRDizTVmKiCBt7EypCCeuEBGlRJSuFBmLKKXUWg3gzGyZRZHOKJrP56GYWotQSJmWZNNaQxIg4YxSVJwNSarYQdq0ru+62tWuBsrMiCLJLSOikZkNy5lGEthALdUmpCjFICHItKSQaheCWvtSqqRsCVIEmc05jSk5VKKGM6XEthMUAG62JIkoBTtUqIHdmqOUIslurSmKigyBiEARIUUIOSIkoSIjGWOrYBS2LIUUYCQZtZxq6VTwlCpRFAluLdM4o5YUIUXUCGEIaimtNeHWJjtby7G1UERR3/W1dsIKESEDkdlKSMiyUKYFtYZQ2gjZEMiSFCJsCEXf1cxsU4sQyNggSSC7pSFLrTYREkzTVEpERFiYNGCTrWVmK6qlhNMClRAYgW05M0KZmMx0KGQnjohMhbEQCgkJIykinEA63axpGiVFFCICZUtQLcU4TSDhSBRFgdOAHC2b5AiwIiRgyiYrFSUCSimlltasQqhmJoFMsxWBo1ZHKbKEsEvpFFFLpxIy2QyRZE4ZUZzNmc2GqdZq5NYkIkKZKYRNQJqGXUrpai1RpxwllVpshawopZQoEUiAEZIAY2FLwiDKJ33Cx6dbVypya65VETWQPYEoyrFla5L62kExRqSbZVlpY5Al2tSaqRGhaK2BROn6ki1pKUkRNqQNzmY5mhQglehQDsMYKEqRIlC2lrattAMhjLpaFFEijG2HSjqBKLKRZDINtkwpQtEmRwkpaldby5ZJ2na2RgmhEkUBkE5nCtWIJIlQiZymUmqp1eA0WFFMZjMoiiKKRUhGziQTIwmRdmbLKaNGkQwGZ0OIwFYEotnZmqIAYCgmjaMERqFQGE+tSYoiN9JTEKoR0ZWo47jKyZacpgSCTNvplBRBSHIpURBCKkEmtiRQZiYmEao1aAYilJkihLpaotTE2RxRQzLOZgVKjJxpSFsona1RSkQpBmcDOSenh2GMEgDGJCibEeBsxpZK1KilGLU2RQmQopRApUiKWrBBAbXrailE2AiyJRIiSth2QrMLIUUpcrEzolSVUgp2Oi27pe3WMmqUWnBmZo0SUYxJR6mIQM0uUkhRQpZKCUkR2VLFgCJKSJJEklIRoBCAiSAKtu2AFBEolJOjRmYiFDLpdNQgcTZwlFJCzpbplq1EKaXama0p1KZ0Wgoky4lxTpmSbDuRBBAgIWVr2RLStm1hG1uGiCgh24Aki7SFg3AJ2yVCEVMbnZZFoISQZORMhZ1OFAqpWZJt0qWERagYGwlFYAgi3bAhbRARkoUSZ4ScKQgpWzZbkp2Ilk6BIjNby1pKIIecdiYiIkqUqU1BiZCRIsgGykShbLZtWyBDCBtCQgqbNJlJUShkEECJooLTzlSRQJZD2Vo6lVYUicyUUAnZkmwpZAuBSbcQUTSOU7YWpchgJNsGC5wmLYWEUDYjDNkaEAqKpjblmCrIgWhtKqqGKCWEM9OWhKk1WjqdwzDYVkiWCEIYwk6n7XQoLGeabBHVabcUihIIEGDbkhMJE05ntihFiijFIGitJS4RUpRSIkqElE5PRjhbTgmS0tmViFKFMJJKjdZSKMkgImKcUhBRQ0iBECCVUoC0saOWElXhohBSIAqkJKKAW0ujiGhTZhuj1q6rJYpFZo5jiwikUBTJEbREkGAraC0tQyiYnKEwYCuEadmCcJpCIBGJWzbZVZFyEREFCQlIN1kIjIQIZ+Js2SIKttMKBRGlSBFFoVIjLDAtU4GsKJqmrF2NUmtRIgEmyaJImgSoKBRFACkFMoCNI0JSkYSKpICUbSLJkNLT1MY2qESRUIAy005QRIAllSiWwoCFCJWIvu8DmcRElFBgIySl7XRE2CnkTKyulIiQJIxtk0YC2zZJy4YCGWDKKIHANm7ZQsU4CBEqAZLcJqczIO2pNYMUyOlIj4qiCDCQUGRFwc5spFGAMrGdaYOCUADCEhZuaaglnM22JQySFGQqipQ5ZtqhQGBjZ7MkN4OjFCFMRhgEighLkqRQSAEQZHO6YWVrUUutVaEw6QbYIGcDU0JSRASpKUdZlkoEcigIyZYsFQWhmukoYePENKWiFjsjijMtlYgSERERFauWkCQkIkq0yelmU2oIpdNJAlItpZQgbSc2EQKEbeNaakhFUhQFpdQoUaIIWTKWAjshIhRI4cxQWJYiBDZVESWCTLe0JIUSOzMIFQWyE1FLLaUCOU2JI4oARBBRgdYahlBrmdkwYKdAGNMsFaSQRCaEAwmVqAhANpKNnQrkSCxDKFOlCBkbyLQwMoo2jhEhYdtORRclhAlCalaEQiEgm1MCoHaKqFObsG2VEDiNcSBL6ZbOUMlswhBtakhgRURE+axP+9RSS0itZSklotrOdEgyiS3jEKgUybYgnYZQRIgQESVbc6h2VRJoHIaWGQUQwggJ0tkcUUtJuUaNCMJSKSGFStSoFZRMoJRCRhkKAFFLEaSxkFOSwmApsC0ApyVHFAWoGGwbG+NMpyRFZLMUNUoECCFna1apJWoNhaQIstk2MgqnnWlcirJlUBCZLZMSRioRdkZEEk5LEQqhKKWUYpCxU1EUIXmaGkJIItOSAqMCzQiRTgtZEm7Z7FnX2ZFy3/UuwpJska0hW4EsSyBJQakFZGM5SkSQZBhDa20cm2UnSTqz1CgRNqXrJAlFKRHF2ICNlbZCCmOZlEECl1oFUUIqUSLkKEWSE9sKKSIiEKWUCElEKaVEhCWlAVRUa2DAwpkOFWwFooBBzowIcESJkBFYUsq1VNWwEwsTERZCtXSWTNqSSBJ7nEactdaIYrlGiailBIg2uSjTQSlRWjYMckRpZKmdpNayTdM0joQklVokQMY2uIkIDCVqASCQwyQESixCYpwaAIpQpsGl9sLZIkJtalFrjUijKA7VUlCYdCZQokYoQqUU1WJTVawUiiiSMjNNkrhM2WpEREREpgmVUpEkZ2u2EbKQZBsIy1JRqcU4E0G6RWJDSGJqDadtOWpfLCEkQK25FNlWRCggszkUihBMrcmSRFEpNaJElBolLAptaiIcwoooIaXAWUoRaqY1Bw4JU7oqUg7kaWpp11oVQQgiiqQQTJkCo1LDzhCkkRIUIWMAJEWEIZN0BgVPECoCYTITqdQOaFNGKNPC0RVJERGSpYCQLOw0xhbYbpmyQDaSIqIIO40U4TSKkCQILNttyhSSFKjUGhERsi0wSBEhsjU7ikKkcDMKglAQAtk5jZMiaq2SkJAFaYtQUGstpVOAlW6IWkrLbJNLjVoKipaOKKWWUBingQSFZBSSnZnYaVNL2LZBZNrOYRiGYShRQmG5RI1aAlkKhaQQmZA2zsxSiizLbikJuZQwgZ2tCUWEw24oSldDUXJsESIkO2mhAghkRxTh2pVsCaKQk02WUjJduhJRSYeEcLa0S1RFNDcQikClFBEGhCJKlKKw3VqWInBLO53ObE0SBCGZqTWDkJ3ZEkNQo6gIk5k4paAI26aUKokQyM4aJUpYciICIaSIElJEKREl0rRxstxywqgIywCOUu3MTFlRIxCSLZOkSiidQJSwCGqNaCKSCBEqUSREiVCzc2pSRCkhRIQERnYaMgQE8jS11ppRKcXZ2pRR1JpNmlZUpQRFLZCSpZCwFVIGAQJJQhCGUiKkdCLSjlJkK0pfOzsldV1NO8JC2ZpTpS/YUatCpYQUEZG2MyGKZAPUUkopihKhBKQogQSOiCIQQYYKCoVsQCEZyY4i280pERFAZksbVGs/5TRNUy1FodacbYoapYQiohRFKLEtDJHZQAaZNIRC2IRCWBGARVdrKGRHKTYgCYQEtDRpgyyTEHRRWk42pYYsAybd2jQBiBIFZJsIRKDWplprpjHICFt2Ik/ZpLCtkEIRioiIAnY6IgjLlmRnNqsKRS2dQsKEIlRLJxmFpSgFexwHSVGK3ewsIamEkEJCUqDSVYWCqgAhSxEhjMASQCi6EgChEiXTUiiKsbPZDoUEiAhs24AzM1OKiCIARVGmMYSMCYUi0wrZijBSqChESCYUGQQKSSVsnI3m5gmoJaapAcZjSymAhFpCQrU4PWUrpdYoLTNbUwksyVGqW8PCikqoRg0bOw1YCjksQkUQaec0tZYRJUIKoRinFqFSq6CEQDrYPa+QpLRJN2ct1dlUhIkoigCmcZymqXRFFpIkWRHRcmqtOW1nqVWSRCYCCk4pcMuEAk4nWaNaDpU0CoOmcRKOrnYKumAkSduSMhMRpeQ0Zbp2nUzibK3UwEpnUWnOQK1N09RqV6OGm22XWjA2zqml05ailJCEHVLD2TIQBU8QjigS0zDa2c3mThTIWGRrSE5KyDKOEp6mNo6tRKhgU0slAjlNmCiamsm0XUtJHAqyNWOMXUqZ2hQqIY05BRFRMqdSa7ZmKCEnLZskSRGBVCIkWktjTGsprBKBDIAkKVqbRNjNgBQSNnIoMpGUdrYkJBxRIshEYRopCwGSrcgpSwiRdk5pGSOrm9XWsjmLIqSEUsLNyLYkbCRhIwhla6GCJNnNzUmmbUsCjEU4CEsKFWTATqcTSUQIu01ppRQYIZtSZJStpbOWUmoVpJna1JWaZMv0ZMvOrLVaBAEgMpsURZGk0yGlSScYCCKdKMKpWlubJCKKE5Mgt6x9dSIhqbUUSFaJNqVFiZKttSm7Wdem0ZDpEgJhSghFI5VQqFER2ZoRCDII8JQtUIOAcZqcns97qdh2Zjqd1L7Ktm0sBTZIIduAbSnstCgoW06ZyGE1skRRSEQEAiLcTKilA4DMdDpxiIgAQWuZUsWJKbWEAjntbImiisROwEi2JaEQ6bRKyDSnFEVqdoRAnhpBqDQ3IZsQLa0iLNs4AUkRIZwJihLZELaNADttKaIEmcbYEQWFbcTUpmI17MyIyLREKdW2yYjAgAjTbFsRoFLIVGZKOJU5RQnkUIHAmXY6FSEjudkFGSwFgCycrbWsUSWDLI+t9aUCtiW11sARsVyta61drUQobRyBrcyUSgiFpqmlEzkU09RKFCThrtb1sLaZ97MMSLcpCUhKX2RP0xjRtTZaCoUAU2rYYGwj21FKSOBsxmkVSBIXBWAbCzKxhJtVSk5NUtQKzsyWk5MSZT0MNVT7WYiEoiAzQbVomloaqYamtJ1GgVVKZkMRSEFOzZKQZCFCFiQyYIVQZDYREZoyZSQ7URBRM1trzQakcI1qeVxPXV+Hcay1KhREOtvUJCtiGieJUqpUSigxAuNsU2tOFCoRUSOsxC0zpFrq1CY3J61GB1YUY7e0MRlSV7uJJGltAiKkiDSBLITAYBuBwHZaJksIFbKpRNo025kYy8qqmgmRoRJRwOmWmQJACgNgG0E6omabLJVQglRwqxEtnc5SijMBIHAiJ3aLWkuEhK1pGhURKN2ilEwP63Uoaq2TW7UoJQIIZ2s2RhhkZ9RapOZ0GjuRM6OWEAFpIQuViNacbSQEUkRgI0S2zJZRShTZwilQkRuZY5RaVAwTraomiem6SrJ3cGk+WyBEgLEtScrmWkMhp8kcWnO2UmoQVGQJWjYRmdnIUJRScGbaQDpq2ARq2SRFaJxShrAUOJOokiLSSSKyhQoCpjYSUVVE4EZEBDZyOCCNaJmlQFNiwMLpWooUVrp5nFpOY5RorQlMQS4RUWoI7JBGu0iSjFvLGkWhNmWpkpUGNSkMQE7Ndi1hZFO60qap2TIhoUCuqiYTnIloo0vJVNCwjC2r1GqZdMuUhCw0jMNitojQNGW6lahRouUUUihaGswzqWUK2Wm7lmLS6ahFCrdMZynFTlRCOTXjJEKWBG4N1KAwTa1ELTWw07YRRIQt5CKIIGluTtlpu3SSS+C0pchsKUhUJKMItzY5w4pahKWQ7BS2wTYhOwFJNE+ZJSIikCNquo1Tq0IKCSOnoxZna3ZrrqEQUYqhZZKJFbW0acpMBaFikAgFwrYzUfRd18bW3BSqimYi1Forn/ZpnwIyTjsCCUWoFClySpMkFpKkkBQlkAKiRIpAsi1KrRFF4XFqglIDh0ooU7WEMBgZ11IkNdutYRASEZKUQEJg4zSAnelpnKQIlalNLY1dQlBsYzCZLd2Quq463TJFtLQMRSGhKDWk6LoqACPZzmkylFIFFNUokpAyGw6wikiDjYNQKCQCMqMUOafMWdepKKWQSpFxZgtkBEAKjFu2onDm5MxsbWqJheSMECqQIakEtkGEZCMJhCJKV6FJYWc6sUUIWYBDYbBtIzJtFJJxM0iUULMThWjNEYqqUgtGIkLZGqCItCUB2QzglJQmp0QIMg1EDYxxSBiMgGTKTNuZmalAEnI2nE43G9mI5rTddV1EkAhKV0qppUbaOTbCEiQUsKKAEco0ihIRIiIykCABHAooXTWWnZlTc5BImSlRQlFqLSVUTNpMwzBlKyqlK7IASSGV2kUEkG0iImByOpHkTBEU5ZRS1K7aBsCtJSAklQTcSKKotQSHyJaodF2niIiIUhQCSkgSxtCm1loDSzJOOyIwCkIlIkoRCDBGbpkiSgmypUJSm1pipxVFWNgZKFtLFeQwRJGEIhRRSgGDIkKhtGUZy8bNuKioRGaLUKlFDkxCIaIEEYVI3DCZmS2sCEmylTRJtsCA7ZaOCBJjKTLTBme2KU2ttWU2p9MhMo0oEQasEgJAEbTWhBI3t2zIUoBlp0qgKLW4pbFtFAoh2c0kliBKZBNBkQjJtlAEmcaSaKRcazVgJwZlNqdVLGQUYMANBbZCpRRsiBLFmWmHRIRwkQSKKKUQAQ5FLWHbacM0jpmTkRSzriulSESEnenMdMt0a1ECnCAUETUiIkoETshQAK21aWwqEVJrabmEsjUFUBXgxFiJBYoIFMgRgqglQqSd6XQCmU1IESIElrBtCGVmNkopCkWYCBVISxEIMor62kWtEoEzHUHLNrWkNRQpYxMhyEyFMZhSawllGjtKjSIhERYlAlt2s2stQDN2CkISZLY0xmQqSpsmAkkhSWFoU0MORSklAllR5LSEJGcjUSiiKDDG0IgSAoNQURgrMSoKSU63aZJkLIsAmyiSgOZWVBSkbRucRk6hEh1YCoFNCCUKlYiWCTjd2mQUtkpB2GqZUYoiaGlHqVFCIOwkSYNbupQo0eEcp0mKEGlKKSEhSEuWohRwtrQkAJtQKUHIIEXppAjZzVZGkrLTBlBkc1dLKFIuUbI1FFa2qVkOCUuSughsLAkRpRSpOZ2WFCJUAOwS0SQ3R1WUAsKexskGGWNnZgoBEVEjiEgbjIRpQiCBqITt1XJ1z31ns+XmxoYlm5AIAgHCoMxsbUqjiBJRa40a05TZJowiUq1ZStciG0AiMQZDpslSOoVKqcKyjUtUoxIQypYICadCEiCkUiwi7GwQyGCnAwHCYCwLKZ22IxTIIEUQ6UTUrislQrWUMuurFGmXIlFNy8xilVpsSCQSS4pakjTpzARJmZaCiFo6FEiSmjNKoSU4oqB0U2JJ2RJSaeQopURVAaQIyca2FZHZhJDcppZGFiIQSjcpsyEhIltLHA4CY6fJBlaEIRQplSjONE0KCYgIpQ3CChWF0w1LpZRSQgECOx0KQ0SEPDUjYwQg2220lCFFyA0DkM7WpiiVbCUqMiLAIlSiRuYkyQ5JFnbDRERrE42ur0IGWyiRwFGqbSUqgW2ULRWM0xQoIsgWCkW10yYASaFsKRxRS63jsJZkDDYKqdQupMBDNrWWAuNsiHSWT/rkT0AuKsKoCAdWBDbIuLXJ6VIqSikCY1A4W8t0pkJFYZzpbO5KQQGKIIxtKTJTKhKZLWoNKQTIQkYhKUoJmTRyU6kSIhwGSqklAjG1KXOaxqZSnM2A25RGCgIpomAiwk7wMI5tSkFrrWWWCNJ2ZjqzSSJUIoSQBIqC7aQUCbK1kCiyXRCSiMzmTAsU4BANBJGJIKJNo1OyQrYxLlEiFCrNBksSKqUINTdbCkWEQCWCCGkcBgW1VjckRekUKJ02icHNzQZCtDZhFMJkNgEKQa3FaUVEhAikkCSBMJluKWHIqRlIO0IyBkmZKamWTlgIiCIUyJkZUcGWiiJKCKWduLW0W62dlDaBhBLcWtJCBYSQZaftKEEIpyQhyW42RI0SkS1tDLaLIkqdpqFNWUtYhlJCpZSQFMVCTqKIDJUpDVkUKRBF1RYloiDUsglZEq5RoyiiEJIBsDInhXJIBURJO0K11hqhCNLpFCrFTgtqVMBISCShwLX2pZacGnbUGiVCpZTAJrOUkDC2ERERAMZKWRElAiCdETWEJCRJNiUkYSwiE7s5IRSoRCACGUEjw4EEkNm6KEhgJGysCGyQJAnbicm0AiQndoZkHCEpQOkmKUImbYQjQoJsEFIoIkQmJkspSiNFicxpnCahkLAjqlBENU0Ihd1wWESzJSkEDtuKwLYBW5Lt1tLOUARhKYJMJ5mtBZJAspFBIIkSto2szARnZomCUESEUq4qNq2NKAA7MzNBFoDthnFERBRFZLZMBISMhUNBiJZpC2wrVCJCtGakTEUoCONstjNUJAWkc8qstQZSKKIqANGcOIiopUYJRUQoQEhISBJYykwbSWnb2ImiZaZda5UzMxsOJ1KUWroqgmaFJEByDuPUptF4mlpLB4miCKlECTkjAtGmli1VsLMoosqyjRVVyDG1UYiIoggVlWhtUoSNUSgiaomQpBI1igRGkhOJUntnm6YJW7IJlSBtMiQB2CZtnEXVgtbsdOaUKRRFIOSIkm7IQXUgk25taq1NpdRSFFGyOZ1phxQRIRmillI6hTBJtpYRSjIzQ1FKlBqhSKezWQgy3XAghIOqktCcgaKEUy1bNtuWVGuVCk4Hwk6lE+FMSxKYxMbgEqV0NSKQMp1jg1ZCshUBSI5SI6wIpGlsmS2NREihAJVSJEWolAhHklGEsAVgIUIRIaC5QcrYTNMEDgU2ApQ5SRFFAoHtxKJEUYkCSRK1lFoQyshskhXRRQeqpdrOzAgJhKyUkQA77SCi0Kb1OEQUsFQkTW2yXSMcUUotUYBSigInUza1BEXpFJZVa1UUnGkP47R/uD8O6+uuuSZpTkrElK21iTBIwrbTKGy6UiXJJA6QAiEUREQphSi1OQFZIUkqIRSBVGIcxqmNEBYRpZYoEZKEHHY6FCWKgnSrtZRSCMkCQiGcdnOqafIICkWJACGFjCRJIUxmMxRFhKSIKKVIEYRCjigSwpZsIycKyc5Sq7FFIZx22tigUu3EGfaUiTKi2AgHOF1KDQkCWSLtUqJIzWCcWMZSUCiKyAQhpFAtJUKS+r6zhUGECnazgVJqukkRRREGstnQmiNUoiBKiVIkq7nhihIjGSS7pUuESdtBiRA4IpxEEFEiMIRUIkqtykThTITt5rSz1qpQKJxOGwGKiECE7cxEtm3hKDWwomazRIAhhBRTNowBSmZz2lIIQUIElnFm2k6TJUIKiXSLqCgiQngYRpwQEtnaNE1RuiIJRSmIUHCZbQRBm7DTyE4JRQEiKJ/5aZ/ktEJIkqbWppZkI4oQoBJFUolMnImEaJkSkmwipBBgpwJJNSIQEJIBnCYC0pkpySDChSg4FVIKbFv2mBYgqdluDqlEpA1I1DKrXcVpkFS6GioRZEDLxKWEUIRsOSeQQjKEAglSkgh1tQTGSCVkooSdhggUIUhIpwGDhBAKUK1hITuxwAQoitMBjqKwIdNISKQVgVwkoxBRQoGCEqXUIJ1OS7ZLKcgqJSJACEIonc6WLdPYaUJkqoQwhGrITDnZ1NoJGWMsi1AIO0kgRKalULhIhFtzthG71iLFNGZrTUIKRViZYCAE2AaiFGzjIJxWhJ0gm1KIiIhomaUWi4mkWbV0tQZSLUKNtI3BkJaElNmyBeFAYNKtGSFnREnbdoSkQIAUthUhm6k1O2tXCgEeh1ZCKhGhaWoFqQiTbbIhFKhEZKaIKFKEM4UNFjYE0zgqgqIaESEnbZpMBrKZpskACskGhZxJlkDRRcgIbJsIhJNQRI2iyGw2EdGctiUl2Ma4tYhQDSkgELUU43SSbtkwIhBOokRElIhSagThElKUIFEEUkQgYyyytYhICKlIKDDGQjm1hJBFSEhKqUiIiBKlICQphMEGCJGOUiKKbWQkRVGAEJE2aUmlVAuhzCQkRUVWpFNiSot0QriWmumWrUYgVALSIEIyqSgREtgIFKGUIgpVIdkYQipRVSWXlg1SRZLAhCU5bVEU0zRJikARVsrF6SmbQBFFGClUFNmasexQUQlJIoWMwRhbgqLAsoxpdkSJgiEnG5zIaSysiMyWdoQiYpqmxKGqooioKopQyC1NQgicqQg7pWjKaZyMSqm2M01morBaS5WQSGeNiFJrrWGSDJFGoXFsTqecLW0Kas7WrBA40zYRJSKiqEQJhRQkKg4rQ07AbrYcUZwZURRFYDudKDBRwjYCCWdm2mAbIgTgJMAhZ0tbSJIUoQTZmem0pChVITszM5sjisBIGACbbGMaRwmp1FpUJCIUUjEOSYRxCBJJUpSgdh3Q2giSBYQUEc4ESoRtMMYNMCESCzttjEOywBERUlhg11IiIoQISZhpmhSlFiBCjlIDIxmXUiXhiEiDMJIAgZRpsqWBFAIp0wKQAki7FIVCUUNkA0E6W0qhICIQgIQEYAC1qbVMWSbcWpRAClRqADKW3WhYqJRiZ5uaBcKZtYQiMAROsEsprbVxWKclhaLUWoSkUJEUgRJKCQDJttNSsdOYRBFEITOtrhYFLU1aUoJITCmllIioirAN1BIUAekEDK01mqMEYEgMntLYs/lsY2NDipBKrQ7aNCmiRpEApZ2kJMlpp0mnHAByyza1LMJSy8TNJhQIjGlOIiQ05ZStEaWEbCdZQiJaa4QiVJBKRIkI2WrZjIRsZ0uEoqRdI9SJVJtG26D0lM3YoBBSKISlMCjTwoipTRgsG6cVctpphVBEhEiiSMrMMAplJiFFhIozizrQ0CbbJTqJCJVS0nLasmVMKQECJEkRERbpZmeUWkIIlYhQSEIKZabTiUWRIDNx1FDI6VIKGKOQkjQgCdIqRgEWUgR22sqMSlhT2smUzYYowtnSWApJiQGBTcs2tXRmLWGcU0oyIpAEklSjqIBJWxIiACghh+SSTruV2gEgsI1tt8xMh8JQaigkkKUAZ2aEJIJQFEFrbZomUC0FZIOJElZmS0UETNkIRdKMZCNjoCiMs2WtERFCzZYkIsiWCCSiRK1dKQUCEqt8xqd9KpYNUsgQgSwKglSpIamEiKmNbZqiRBAtW9pFkoQhQiBFUZ1ycnpwq5QUFpIUZKbt0vehCJFGQo6IsJvTTiNq6SLCBjy1aViv05lpTJSQbVwiokQRRKmlCgtJoSIZkJ1AKKJWsACVKCUz01kUEUUBAgnU2ujETkymJQlFKCKczsyQFKHEkEFBUQuWQiWCpHSlRFEtLdOyjFBXixU4ZQDbigAL29hOO2Q7kYQABU5S0NIYmFpmm7AQQqVWSaGQVCKkGKcpJJVwc4laIqxEoDDN5jK3TKeq1IwkZDkIRAkpogBYmS3dSlRCrTU7nbZJNxmgOREiBIoSEiLT6bSopUZRRMnWWhqMsbOUEkhyM05HFQ1JJWSBSDcMtjBRImQAS4pQiSpFSCikEiG3JBQE2JnT1DJTKKJYTtOYMsGkjQ1ypsJSSKKhonGcihShNMJObHCWKOM0hRQKIKQIGQSYUFEJiSillhKlEGTS2mhZKlEiM3GbxrZeD6UEaRTYCBvIacxmg6IUnJkWqEQpQURIpJEl2diexgykwCikiAArwpnZmqEQzUzZkpQVIWyFCMkmIpsVIQxSAJKtGpLARFRJJWwjUASARUiS0umWiVSiSKGgSJYiEiRFKSGIWpzpZpsIKAFqrTktXAJFqVFKCZCQbSFJGDKtCLuUmthgOyQUwkZShiJRugVqOckqESFJoXQT0UCKCKczJxOCxG2aJKAYt6lJkqJEKIokQ0GQEuPQSg0phG1JmbYkERERIcC2jZttgwgiVKTJREjITkRIIJFEdLUYVIsUiLQFJcKyM41sI4OEwEIRSptMZ4tSSi2KUCjblFOLKCrRprXTEaWUkBinkUDYidOl1NoVSUBEkQGCKDVKhIgppwjSSI4aIoRba41WS1dKSbsoVIqdpYSTBqQjIkhJIZBsFCqhtIQUCkMIq2W6ZQmQoADODAxKJ+C0ZezMDJSkklBgEodQqERRCeM0IRQhTAicQqlM2VK41goGtzaFShrTSglJERK0liQRUkQU1VqFxqkBEYGiBCbIHKdUYGMshYRNqeEEHFFKVBUyHQqkCKEMlZBQRNBaZtqZgKIqm52GkBShUKYFYdKWTKi1ZrsoEIaQwqgoIiIiHCYzG0IRJaLZAUaSDCGRObUJhFRqja5gZbooLNkYQhBhW3ItxTJpY4TAQpZDNoiIUiISlyi2LIIA05xgGxMyiobXq3WbphIF0mJWO5PjNEFzElLDpKdstrNBNskC22m7EBGkIkKBcNp2RgkksKRaCratKEGmWyowKdOmBo6o2CWKSmBHKNO4ZTpCs1nf1T5CiUoobdtCNq252QEmgYJAxo0MbNyc2ZAQOATgtItCEs1pKFKzjQGhru+7rosIQAQYqbW0UwhCQWttGkeVmpnCUYog3SwkC9nGQtipiFpLpodhLUUE2Vo2E6gEkqyktczWGihKYOPWWkpSLVGiFAlJAkUYK0U6MXaGoigUZKYwopbad9VyZjpzGiewhRNsp0sU5GxGjgiFlHZERIlSMBZqzQgEVgh7mloIlQKuUVVkS+DEznEYat85M5GNyRK1dJ0UEoEUAZZlt9YMIkSiQAgJLJBCIWgmSkiSImRlNuMSaulpbFNaErZACmEbFQWanJpsOSFQ4mwNC1BRV3vB1JqQsEqgAJci7JaZLY0l22E7imopIiyMBSIkMGRGrVFlhLM5nYqIkCTZRsLUUlQCLNUSNUK2AZABEUGRFNWhsDAmsQSZCSItKJ/6SZ+YbiVoU9pESKUEQkyZAbbDSplG7UqJYmWoSIqilklAGsRlDkVmiZJqoKKIEHYQEYQCQJQS2DZ2ZlIiVBSUUkIS2IlUaldrLa25TZMBnC0TS+EEW5AYIkpERABgEFKoSBFFkjGycJHSpqWDYhECbKvIxsLOTMCtWSaikgZjBBSF1dwASWGSNIRJTAIJUWsN0SzcmhuSnWnAQGturUWEJEUJpBJpC2EEhZCYcpJKkQCFSimpkFRU7Ew3LCOTEtM4WqpFaUuSQkqpRhCqyLKlYoiIQE5CIZUoqipAlFJqiFDgoBAK2S5RQgpCNSKiKDBIUpQwhGRshUKycHNrCaQtSFsQCora1AzgWoqR3USAQ0WWk8zJUiCTkjAGqaggK1G2FqFAFqUURQBtSuSu6xRCso0pqkiShAIURRiFJBmFsNo0QY5ThlxKQSikEsM41ijCEHYKpe3MEqV0taulZcupAYoISSCCUNRaIsIYI4whS+1DggxFhLI1UlHDQCayhCJCBWdrGYEIObMZGSGIoNYilVpCinSStm1n1K7A1NJTMxYiAtPcyFQIaNlqiSJFFBVBZDanjBXY1AgpCLCURkQAZGZzm6YMKSIkozAtm3EioUBAkG7pzNZac7YoAQpFRAnbaSCigDObsVEJRYRKESgslWxpIEIglNmQIkJC2E4hOW2lLSKwJeTMdLYgHKQdkoQJGQJsoZCEQhKZZDYjSo1sqXQLAtkqRUgKYUJgMl1UwBEYcGKVkBQKQiKiliAKpFQQGClkhEAIp9MOSZKzYddabDuJUBClRJsaWCoSVnMqp6llOkW0TGFLclJr6fq+oGEY2thkpZscLZtCipCNyNYAm6JANkhIKGopUWpEhBAgU0tVYFwLuEgIZE82rQFkKBBQyNbShlApGAWACIXAIgwYTCk1arRm5JBsY5euOlNS19co4UQhYSkihEAoVCIASQoBJBECSYFQIilNhEIoVEqNiAiGqeFQCLdxnDKz1JLNLVu2yVJXq6Q2tcyGZLcaIWRTJIWm1uwWUaQIhchxalIJCbkg5MktHBKJQ0IC0g5JEIhQCUVEKcXZbKsEJjOlsC1JKJ3pViJsQoWQyZBCIQkFdkStEQqMQqjUouIwRoqQwAbJU0vbpUiBQkWKUiNE4EycCohwGruUqtA0NhWVKFKAZKsgAgyWAEm2UXGoBKKEZUkGJCkiVEpERK11NptFDTcRCGwLSTLO1ookwsJOBUS1MzORutIB0ziqlKIYWjozpJBIF5WImNpkS9hO2SkkmWjD2ExIxhI2YCTZIgwKZWvg1nK1WgsiIrPlZAVtas7s+y5KBEW2S7TW0k2WJByBCNdSay2hyEwkhUoITJauhlRwqhRJCCHj1hKIUCnhTKQoBQHGbq2lkR0hWyEM2ABgCAkDlFqKAgkyiForuNkS2DgUpA2UkCAiIOzWpowiE5kZ6ZAUJVtrrUFEhCGsTJdSM3MYx1AkmU5EhEqUdDptWyGpgq0MRQQgrBBBmXJqbYpSAMklQZY1ZrMtN6x0ArYxbs2YCGeGAkk47TTYERIoIqSptQAJMEIobSkhUJSQLZQiFESoFInSWgPJYWcp1elGA9dSu1IUJaRauq7vWpvSiTHKTGPsTLu1KZNQIEtV4VBgO6OUzMxsOLq+JGAjhVRKAZG2jd2gUySWiwJBZhoHUglMlAiVJEuUEClnui8lJGfaIIqkEqGIEpgQkkKyiVJKFLDTKCLUbE+NsCKM06lAklCUglr51E/95JCIEhEBLU1LS9gRRsJBIFtFipLTKIVBJUSEhGQ7SmAUCiuRAimCkOy0EyKMQ1IIu5EiSqkgCgEoTLZxMplpKaIoJCJCsqhItQaK0NgmIDNBaZypCGVOzbYjikkyM20TEUURpQaECrIiwIAgMQZQyKmW7vtiS1II5FIiVAC3ZiMAOdM2QhHgbK21phI2RUUSkgyiRAHVUrI1SU6QaoSKZBShCGdzZhAKNSxSRW4pSaVIztaMA2cmckgqgaKIiBoRmQ4FkhCWsBOJzEYmiuiKSDcb20YRYZPZcmppT4owBkmSkSIUpQRWOo2dyGqZTiNJ5JQOB4EUEUbjOE3TFAopahQrioQxOB0RISw3k1ObspFGGNdSIiJtoQhhI9rUJJyOUNrOyRBg0TKjUYtAJkUxVoQnR6BaAoeKnUBEkQA5bYEtNGEZJEGUEhEggbI4CIVKSIqIKFJEKBQY59SmbICbbUeJTEELGylU0pZVotouUWQhQIrAHsap67soNYRbNrsoAJxSIZ1pIJun1opKOsGKqsQCQBKk07ZUirBCEKXUCBSShBERJcTUUnbUKjCkU04UqgqKJCcRspST0wkiE4kUoiCFkJ2eWo7DmG0qEQqlmdqULW2ncLNtYakoqsBp26V0za1ESGE7WxNKy2DMZU5HUakVy9lUIqJEiWmcWpsiwiCKJAunsWsphEIRinEYCZUSWBFhHKGQJJBsbEJhMnFERJQaYRDCBqkom2sXCKdCAgOUEAgUIckpp5GKJAAMJSQFRgIkbBOhokC2maZpmqZaip3T2CKKwA7sCCVCOB0KpBKhkFwUipAUpSukFCFLkoqkgJYtUZRSSg0czVMtpUYJRYS60kUREZJatpTDZEtUFKSdmc6sEVI0EYEbtks3i8CABKGQkKLYOWWTlK0JKYIgINOKCFBEBAIJhSBM2km6OZ2eWmuZmK7rW7bWHEJRsKdpcioU2KFiGcsGgTW15myQQY0IZ2amJCKKooQSgexEEiEhkIAAMhu2IhRFQaAQCkkBAne1U0gRkhDDNNEotVZFlIiixBAlMAIsuSXpli1qJ0hnmxoIM7UchyFKlChRihS2nYlkuZRSItKWM0IQQCiMwCXCkK3ZIDItkWln2k4km5BsCyHhCFm2E3AqihQlomCR2Uy2VICzZSoU7iTTcIDJTNslQpJCthEQ6czMkIgQCguMAQgJt6lF1MAoMpsNECEisk2ZWSJCpeWEM6JEqeBaSpQStbRxGqfMqUmWioShSCGpCIyVOUZEKUURSNAsmrMSKmEAIgJj09xqiSIhydHAtmxFsSxliWqEjbFTUoRaTpiIAihcSg1Fa01S2jQXRVc6ApO1hhQyJiIiW5OIEm1qUoSwaW5tmuSIEipyS0BYIEAibcA2xk5JikKoSJJC4ISIEoggkIMiRZFTIWxPbZIUNUBFJUIRpdaCHaUUCaKrpU2tuUVE11WkUGCrhEKYKGHASk8SkosquLUmSVIEEaWWgmltMsaWUQmUTpOSUERrTQ4XnK21kYa6ghFqTgC7tSZkSaFQCBQ1ooDDAq/XQ0QIulIoEVIpxSIkLpNtORRpO5NQhBJ1XQWnEZZKhECKwNhIsoki42zp5tZSmSCgTaMQJZwt05IEktIWsgAJdbVECeyQAEqRRSBHOp2OEEahopI5BaFAkiKkkBwlsEotCmU6beMgokY21yJLEnYiIdHc9R0mUdpuLiUiapLTNLSWbkiyPIxjRESR3QShABd1yC1TilKUDUVEVNVwGmOrfOqnfFKUkJWZCkUQVqkBVkSJUotQGEA4WyamlOrWBKrRWoakCDshcCZgF0lBcyYgQcpCUgTgTCFFpFOElLSW6WkcaLYUNUgb11JVKBEKhcI2UQSgUIQQSlIKlUoQqGWCopQooQiQQglTa1MbMyU58IQkKrKMFRGlRC1CRTKitYygRJmczhYRzVPaiFCJEBEkrWWUKFEj5HREEAjZmZYCmak1JJVaQqFA2E0RoUg5m0uUqJFJYFRw2koBzUlECVCUINI2DoWNItKttaw1FAVsS6G0FcWZtlumcVdmJUIhhSRFSNaUmW0yGJfoEUGEJIWFnU4jJAEOC9lOtUI4bTuKWtpGtqQS0dWqiFJkS8ii1iosFFWAbSFw1/UJkiBaSyBKKMAKKZsVtDQAqlFSrlGjRGujCJcAgbMRAilEOgnVKFitTUkihCAgszWnQLYDokYtJWqVycQhpyWqwiJCBjtBQiKMW06KIogSpQSKkCSHCiLB6cxUIBshnE4gQoh0kmnASFJESDLZMqGUYpKWRCiihKILCBuckm0yLVAoCIRgnBqZKkJESEg4QmlJMXkiXUotocR2hkVRoABwZpYiG5wgMLhEQZBEKQqFpYgp6UqUKIYaoYgIhcIGHKBQhFLRRQjZNilIEqMSzkQqBBHCdmZLhdxo04QklQgbIgJwSkVCUSIE2DJWlAgpjcmIsCxHlMjWbAySSRshYWyDIwK7jS1KKKrTSMZtSoKIGiE3t2YFxtmyliIFIEg3Q9hRawhJlhQhyShtnNksbANkkmFbBBERpUjKlqUUSShs2w4ZjEQoSkhIIpna2ForUYSmaVKUCJpTtoRbGsA1akSQKLCkUImSIMu2Qk4k2pS1BBEKyRIUFLWA0xhJ2Nla62pBSAGZmRERRIIMuJSCgFAJQajIRpIAIZNGgcAOUSLSbm3qatd1fd/Voqh9JZNQrRXUcgI7rShdLSqRgGnZcmoIhQI5nemUQenmdCkVW2Es22CFnKRbRFHQWiqiqyWim6YpVAgLFLKJKAouM9gETgtbERFFpQhozjY1m4gSEQohBFLYGVEM2Wwmm1IKsrBxUVUYldamsU0KbISkAjZGERJSoHQGihA400GoCKQIG8lGzS0iSkRRpAkpEBIRJISCQAqVCIdo2ZDcPLVRRipyOlEgSYEoOJutiBKBnJnNClmhAEki2tRCEaHJtsm0zJQWKBQlFJLAJM605WE9Ro2IohBS2qEwzc1RKoLmsbXAUasQgKSQJELZbCdBjWpwNqcNEaW1DBSBA9lWgABnCiKCkEItM3FXixQhQEZRSkjTNGJqV0tU27JUIiQL1RrWlJMUKiqKiIha08YutSpKiUiRbZraFBFFHXIojNOUEqSBiADR0rVUQEGEbaGWbRxGVZXSlSI5wBGKErZlohSnVaQoMs3uSpHCtpACqXRRoivZ0pkUckIlImSU2YRsG2xnS3BERKlSKgIFYBsDEcUtnc0oAIIiKSKiRKjUKkg8jqMiIsJVRWotE0qEnaCiIoHc0kVFtYQlGYugOW0DRACCUopCEeCMEpYyCUkB0tQy0xESpHGCLGwnmZZs0llLCcukmzORFBEoQrLTmbYlK6JGCKWzSIpSSijCmWmhGhU3T9NYSokaRpJCERFFUUpEUGonCUlIJUIoJEREAYVUSmaG1NwyUUhoahmQSqfSSDI4iVAoiqRasASJhJvTjaICpgjLws6uFAKZEGmkgqQaIWXarSkCmwgnq3H0ZFVhiuR0OpOUijOnoVkWkU4dXDqvKHbKKlWtZXMrUY1DYScEpNOZRFGEnG4tBaWEobUsJdIuNdzITEG2piJQKcUyiHRVbTRIVJxZoqQtmNok4bRKYNK2XRQENkGghIgiEc5M0i0NkpBsizCtRlURxglKJ0iQrTkgccsURIQCiFLCdma2ySXURBHhSCFschpb33UKrVarUCm12E5cFbXWsU0RxU7SkgzTOPaz2TAMrbnrayhwIqGkaZiGKKXWKiPRMuVo2UpfZdImkwhnQxEhUAgQuE3pTCK62o05tmmSSqnKsRFRoyQ2NoRdSsFYyilNCxUCWcjOVC2ybLdsckRRhJwQxmqtIUFCCEAmhSSMIwpJaxMRRZHOcZymll2tXSeSJshUCRHZ0m4iFCoRSNlacwqAiCJJIZucxigdcrZmy22KEirFLY3sVAjjdK1FitZybNOs7xXCdjplnEEg2WAjAJvSqY0ZES0bBkGGiiOC5ibVkDMpkkljW2RL1VIU2BQxZYMgPbUp7VprlBIYZBtnmgi1zMwMSaWE5DS2ImycSVAUKbehRQmgRElnS9dQy1QUMGZqI9Z81ktByNMEypBba20KlVJruoVKZo7Z+ghFTFOLKqecrat1skNypnA6E4JQhGVZSlsKBeBsDjDGpNKt1OIEZxpEicAYQkpBZjpLCadqLZmZrSEUBYObFbg5gyBgbC1KhEQ67VKqhMQ0NiJws+lns2xtai3AErYNoKBTyVBIQEsDzgZh2rQeSy2KEEQttpzNCXLUmuOYoqigNBHYDpNVkQLACQLsjCgAAjuN0kjGtRRguV5nm7qur7UYMlMoQpiWSUhWLUFIKLONQ4siogQ4G1HktEJORBphIRvkKbOrVSKbJbBsD+PaaDabI6b1YFFLaZngWkomworSWgOKwlJEKBiniUxFcRttokSotDZFiVq6JEEioWArNI6ThCGktIVLqSVibA0pJGemE6RMIiRhKcA0LJBwWgKBkSrKdOaUigiwjEMScpsmUJQAFckAhMJOpMkZUkjYTiOGcZJduko6quTI1ppBWUs3TRmScRGWokTLRrNKtVOADYZiOVDLBIxDSMKacnRT7YvBU3NEQYDlooo8jqOCUBU4KJZRy6ZAoUA2mZgpIpyyE6mEgJYZQIQkiMyWLUsJJJxImZktJUkhSGdERESmI4RlUkAEmWmM5bBaEFO2QMigoohQghCFNnqcxghsSkQ6cRSRMhARobCdaWeLWkvENDYrIyokRgJCQbZsLRVRwqgGGLdsIhCSJDDgTAssOT21qZRSIlpm31WpTONABJktjTMiCAm1llObaq0RBIHkTFCUaFOzwChw4sxSislsaUUBlUgnidPpjBJRQkYR0zSVUkB2RingbI5CJq21UopxGEI5pbECjE0UiXCmAyGhtLO1tIskRdQQYdItFSFhh93SSIaQU0QGYRGE5LSVochGkna2dI2QUES2VBRBtkZEFKTI1jItISukVDqlkBRyGkkAltvYFIoomJwmB5JwmiCbIVszFJXSVduGWqKR0WTjYhJJRGRrIRE4nVMrXVeiSLRsJM0pMqLajqjCUzbbODGtZdQopbObTNSamdgG20WhiJwaQUjpRFGjTG00Ih1FUmQ6itwScCiIZrtN2TJKKSVsEM6MEliZDSSwW1qlFAU5tcSYiJCkCAEim5GRZCEhk9gZkrHTiogIJLsBbo5SENkaBHYUSXIaWRTITKeUJGMqAoxws4pKqcJtssJCLZvTEcVg0klEQDa7KKSQkABlSyEVgTMzFSELBWpp5KLITBVlYhtbiqjKliQJdoYko4hSIk3mFCoKbDJtJ5Lt8qmf8kkBGEJSYAwYMCiQSri1loYsEVJkJhgUodbSmRRJhMo0rRHpBJVakCOKLAdChAISQUqyadiy7CSnll3tbCOFpJAk25jEmMwUKEAyhGopApUoCguksBsQgREhgQJjJEGJEgUjoChaa06KVKKolJyGkKKWokDCLrVaBCHUcoqICIXCIk1Iabs1R4CnqUVE33ctM1vrSolaMpsRIKHSFYFlLCstiahRogiwjaMEiQJZpYQV2VprLYoIhWy7tewijKc2RdSu64TAoQgRkolsiSRJqOGqYkhbhBIi1usVoRqF8DQ5ZUmhEpIEpqhElPSUU1MUYROQOWUanFErkuUorlGlmNqUrWFBhMhspRQj3GwZBKEopUYEIAS2jaGEDCZpUpTa1VpbZoQiijFSKYFpTkEpAkFDsjNERJ2maWxjpiVKDRGQWAZFqbUG2AIrPTWnWpEybcmALWGbCJy2Mw0JypakoxRngpWpCCHLISWSTFKiEBGWQpJk0o4QwjYQUUXgLLUIkAlqdKWEnYGFogBERJrWWrpFiXGaUKhEV6rt1pqzNWctEURmGqKUUEiOUImiEp4mRTgCg5mmKUIC2wqFgpBIl2jjGCoCgiiBZSeoBBFh2yaKbLepFQnItJ0ikmyZJYpKibAdGBMhhUSoKEqNUABpS0QpjZSoESqlRABhJRkRKgqFJCnJUAnTPGWTaVOJEgrbAd2sj1KES6lYtEYhIhAyUYtspELYSIzj2gI7szkRREREJA4swOkoBSgKAWGBwXZESLKiFIWiVGdmtlCpXY0IEKJlNmeB2tUSAS1TRUCUGgAghZGQ7UAEQkJpJBHKdJSIiCphhSxJckgRhSTdwJKGcaoRquHWkqQltm1sg0opIYvMBCFjpMhMIO3MVCiiKG0bFBIomzPTTqcgSygUkiwBEpLsxEiOKBYiQLZMsw2KCClKDVvCFjKI1lpVlFIV2IBBDuEsqgI7nQAtW4kiKUqIKFGCaJkSUQqS0yqhMAQiW0phG8xlBiM7hZLEUKRMp7ApUhNyRJFRRERBliSwHCFFKaUEcqjA0BzhtKepiQCDahWOqTUyQzgznQYJWwrJYXC2UkopRWDJmdlaqIYEBitCME5TCWFMOkksW9LUWokAZ9qhMM0JgTA22JlOG4WEJJUISaFSqhThTIWiVIFEiVJKSMKSEJJSLYwjwrZAERIhGZBCYaXtUAkFshAm0xZhAcaYdLM9TaOT5imbCY/jpKJQtJYtmyJq39XayY4oLcdsZOYwTqGIUpzNGEty7SoKhWxsW0iKiJapoNaKRAhLGClKkdOS7Zym1poEIqKG5MyWCUytmQyKQtmIEkLNKSKkhNZatgYKoYjmJqdcFEI2IVIoapCUUJQwIElIFmCMsyVyoholAixQhELF2AYbyDQGgYpMBCplGkaQlG3KtFs2IIpkAYJMB1AIClK2VqNa4IiulFIlRZHTtqPIxghJdpQgKaGISFsmIkpUhWyyTZlpK4QUkriiqKiIEBAhRVHYDbADbDKQFIJSAoBUFEnNLqFmA0IFkrQtO03LCcuZ4zg4XaMokOSkVGUaWwowQLp0RVGiCBvIbMZFRaEoIZw2LRWhgFTmiHHazimnaZpCEYooRYEQIAKMZJQmQooi4TTgdJJAtoYJY1qmQ4YoJSyEEJKwmhspBVGKgpAMEeFmSYZszUGATZIqIYDSWnM6sA0RgTGZmc4oVUioqJROnlCgEDbQdV0pMbapZY7DEBCl2DZg7BYEUD7lkz+hZU7NNSSciUmMJGxCJJJqiSjVLZ2W7MTCThSllAiBsDNdiFKqglJCBGA7FDZ2ZqYz7UA2xtBSUaIoiFAoJMm4RBGhCEwJgY2KSBRgEWEcbhkSkiQDLaep2diGAAtEkdTSCkKBIiCdFrUUJNshg1RCxpkmkQRgVKIWQgARIQMlRImcEuw0ZFf7KMXOEjVxjRIRU7auRIQMXQkUkxOQQhJYISRJlsC2bZdSZIPsNk1TKJCkkOTMWmupBalGKaVGKJ0RQWgaRpDCkiCCTGMnclUJGLMlDogopUZREFIJ0kJCU2uZjihgYykI1ShpQmTa2AhRFBFyc1eKooRAEYpSC4lCUpSQorSpGUqEcVFY0bKhCDmtbM1YTiskQkFEyIRyShIXnJQI2QagdoFJpy2AxAoBEISEUNrGrdnOWqqxjSSBnSqUiBJFVjqF3NrUmkqRIkyoIIWULRXhkG0EdkSJIpAgFJnYExQBKFuqFCkUkoyNyXQoSgkwoFCgTNrUpnFqUwvJdiONSi2hKsnpCDBYmRmmRDQ3Q4BqFVlKNYnknEJBZmZKMWUjcURRCCNKLSXqNDWFIsKJsQGZtMFSiUDGIImABEIyIAdSBKBQlCIJsBVYKog2TbaRokgSitoVLAUYCdsClRImmyWZK5RuFlJElEAGQrZUBGpTA5GJIAS2FCUkyY6QUcts2YRChRDpWosiZEwq1JpLLYEUSMKSJKm1iSRtC6fHcZigRG22UGYqKREhEiFay1KKIATIoQBLkJlpOyzVUITTrdlhgUmMpLRxC8kChQSOWooABAiVilBEmDSSJCmNcUThCtGcs67WflZCzQ5juZZClNpFqUUqpZSQIkpEKATYnqamgiwMUoQMma12VVKz7WxT4kTIIcLOUBA4XUoYbKsUhUCyZZAjQCKdbVKEJEWs16txHEMypmGDJLAAZ6ZtEpwIY0+tZU6ZRSqlRBS31rKlHQKFyZzSLRUOSQ7CbhgkQoGMaFNaTWArBMhpcEhJDplhl77HKctyrVUSlkIhpS1bwiixMETIEgBplZCAzCSkEqASURTFdgmFoqVlHJ7GsZRSFa3llC2sbK2rHQIhSUGJAkzjEFEN2JZCMjJTRCkhIZUAhKRSu1DgZkCBnU7XEiBns6USIQnJGJsIka2lM4FkaFPmpBIgO22rhAmnMywcpUYACFpmTk4SUoEAk06EpHQaCyQiqiQBUmYbx8lYJkqJUIpwSBIIAzlNU0tDVzp1EaEwtiOKTYSQkLLZZKhEEZJtqXQRKOwkDYABmWYCYydGCGVakpxpkO0stZTSdTUMSEVSIlNKsbO1lCSpRJSui5CSybZxplAUudlBkUCKcGYaWYFBLdMtJSQk2Rm2FbYDFMVKTAiH3QwyBEgSbk7bIkwzLlEkFAqLEBgTKDFYKrVWu0FEgFSi1BJRikIGZDkyKQoiAiFIFGHZrRmwFSIZx1G4tYxSiyKK7EjbckSEMdlykhREREjYiUPYEApFRKiUks5sOU5NskJCIJyKIB1dCLWWmYmwbbAdESFKrYgrpmkCgSRLUkSUirENSid2qESpCpNYYAFIIaclQ8ikp1ZqLSqSFMI2dnNLNyvAkM0lAixkjGUJp0vkOE0tFSGnSomIiBJRVJBQIpQGQASKolqqscCSQFJEANnSuLVMK0IRxeBM2VEC3JoVKgobEJCZQpZDskIoaaGQwnYmkAZJ2IJSS2vZpsRWAIEsUT7j0z9FGAlIS0GBqKWEEgmTINeIdI6ZtYsoIWEIBRhQkayIiFIQoXDa2TITyenMtJECaNmKCBUjyUKlygoiAiNjsCMiaRgFihCyZEFigxWBFGBjmWZDltJLto0kMtNSQLZMjJ0oapCTM7NERClgYwhFGEtqmdlAiSWFkN2ES62FaNkypRCZpRSVmNqUY1OohFpLOxUGLIWQyzi1EoUQBilERIANQpipNZxpShRFgG0yMyJK7aLKSQSGWmvtKhZSLQGyM6c0LlEUwm5pkIo8JaGopUYxSmemnRlRalVOVgnbQk6HShQZTAohANKEjENFEUIhRZEUtqeWyIa0sSSBFQoFEk6bKCql2lI4FJbsKd1kkFDUEqV2NoCCGiWzTS3dMkIqkqKEhBNaJjinCaNSCgEGCSNJihIRgZDlJBRRpIg2Ta01yES2DUVYMilJopRqUqaoGCPJMukkQiVKlDIOYykFjCwJhZGdTkcIAVIRSCEZRZmmKTMRtpwpBRBRxjals9RaojjSaeQ2ZV97SmQ2p6MoFM3ZspXoFCGyObFLUUSImlg2ZDZPtmyIUpQtDRFOk5mABCKqisI4nSTpJG2sIhkLMhUIAQqVUux0pm2HglCQmc40tGwKutohOZFMEjWCEEjOtIyxUWaCag0p0kk4AALSNiqyIVBmJgjc1S4kZ0YpJlWLHNjNSXMQgO2IMo1jZgJEhMChokyTTtxac6N2RUYRUqQdISmcqVIICWxnWlJAqSGwKRFgF+U0lVprhMCSQBElwm7jODkTqWUKkCLKNI1uKYFQFJvMFIoSaZDSllFRFGFDqBhJhBSgCIxJW2otAxQRQZoSBCVCJKY1qwQSUbpQKMBgWQZMRhQhp9OOEgFCAkJJuqWhRAlVCckElOhqVchOSUjNYJO2iVCUINMABhw400aEQqBpagKpkDYKSSoRgCKUnkAREmrNVopIO02UEBgnFkAqlJMFCrKBE9ygTSmMABJHhCSJCDndsolCAFFqpLO1SQqBIjy1lg4otbQUmREhCeG0pVKLTWYDpzNb2pLsUKgYBRinLRWTKQdKHEEoCJFIlFICNTcSQul02nKUmtnSKQIRUbAzHVECIkIlShHC6YhSSmdsk05whEAYEQo5EwjViGgTU5vSKYyVbijSFlGCNk22hQS1FGNMVVGoOd0SyZkKwrSWAWkEtt0mlehqVyIUVWAhGxtjh5mCiL5GUVFRKSEpStdVkogSCCmi9LVEjXE9rtdjRNipUkqphINoU2ut1a5TgBPJmdmaQrZDkrDlbKQjgkBSRCDSBjJNiRAoaikC2y0ziCQD0na6ZdotooITj+NknLIkoxJRIkrtIoxlZ4JscISAQC64pYRxJiZrKQps2pRplxJEOK0oJQIkEQLJONO4WREREqFQGAdgm0yplBKKUhSJQq4UBBIGQIoISTkZpUEILAljkBTYVkRRQThkW4kxKjjTNiIoUcOplpOkWvuIoCBslDllJukoatkyXUtXSxEk2VpiSl8AAxIY40zsNCEZSRIYK6JNLdMCKSSkKFJEqEQpUUstXcXCQkhkcy0lSgghOTE5tRQpkISkEm7GIAtFBBh5agYEyKGIWkqJKKFASALTcpIBGzmbIaqCANtOp7GISBquKlFDCsm25MzMNGmLQNkyM1PhdJOD8DS0dBahErZlEqtEV7valWytllJrDdMSaGkHRASotTaOo8IRBSlJGUN6crPdDJKwVAIQGEeUUkqGZCABoaghlwjKp33qJ0cUAaKUKCqElKQpEcIGZ2amiSJCkYkzI0qUIBGWnWmgFEUJi9YaFjVIO6IKRAnZQJZSUqpFSFECMMY2IhUlJDkzW2aSpBykkYQFERBg4YwoKMBSgJFKlIhIG4fApI1E1MAK2VaSJUotVRF2CgVWiXGYjAQRFgIwmQ0QkkqtRUFEcWtpS4oiUaL0JTDCaSNF4pwakpUCJGykkDITG0I4DYmCkABFCQIwDoWFJCnSaZBEYjy1Kch0tNZMKqwoyKJQsFGEkCFKBIpanbYNqrVI0cbJYDcMU8uWEQjZjigKIiTn1JK0pCgFp1GEkEsUSbZDIYOMiBIoAJXAGEvBZZJIiAgpohgpU6FSq6IIVCKKsLO15rQVEVEiFJmZzS0zWyu1L2hKOy0JKSIQtiKEActIoQiwQkiBMh1REEARFGEJY0eEJNtF0dLIgUqJli2QycxWao0Ql4WKbaEIJBTCynQJQEgSRAjAThMupUMGt2wi7GYToRqhUCgiIogQiIIAhLOlCaKW6kyEQl10SKDMtOzWFGGjWkKhEKhBLREKqYRkLOS0TSlKwBCKIJEkRZQosuyMEkGx5ExQZkvTMqVSSjUZIBspgAAbFBJKOaJELQWFSgi3lArZJttyEIqQbaQAh2xIWZQarU1uWUpt6SgCWZgkbYMzR0eJdCqxAFu4NcBQokZVUaSNjJx2jSrIzMw2OQkJAFshjZml1gBhogjApfYi3FooiCDTUFUcxRhMkcGyE0m2BQaVqFGA1tq0HpJmkBCysZtwJlObSCKihCQl0LK1bFgKgadxyoZbNqIUjGU7o0TXdaQgjZEwBqMgQVKAW2uZAMiKsJubMzMBlM5QhEISklCxkBTqapEiW9pEKUUlQk4700FIbRwBSxJRRcoS2M1ImVM2K9TVUClFpavFzc0N0kIRtUREiQgbW8jZrJCxEEFIpMFRS0SEQhFAJiiRgKRJJaSQoihUSi2GaRyzudYC2Ilda60lWiaZJECUAkhShBS2IyIzJXLKYRolnJ6aQykkJYAthLAgjQFHCSFJtVRCrU3DMISUpkhRSra0U6ESJZ2lVDItS2GQHRFCEYFsy7TWmrPZtoSEhJROpQmEp2myXUpFOJ1OyLSwLUAlpMCyoK9dRLGMpUASeHQqNKtdZjMqNaIgIuUwQBqkCEp0hsxmkCGkoogIFQWJMpuygVrmlClJQQmlKSoRgchmCYUDEVEiVESoSAkt05m1RK21lAJWIEICAQJLYadBdoKkiAjhdGsTUCISY2OQw2FIW6ESSoMbEkgqtQhwawmhEiKdtsCSIKIocOm7UGBNbXK2TGdmlEAqURAlopbSnNOUATiE07ZcSkkHNjagkCIE2HaO2UqE7RIy0dqEZBtcokqWQqASUYKQQqGAjBpYuIXUAtLYEYFJka0Jp2gtRZQSQUUGOZ3OtEEK1EgsKaeGHaU4M1Mhl+iQM1OSyVoCpBBJy8TIilpC0VoKEURgvJ6mNjXsRBFCKlIpBSKd2VrUWmuRQBaykQFJhGQp05a7qCACIJPMBhLOsIzTpYQUNmDbzkxngEWmgSIBCClqCSjpySgUIdkgEBERFDvTLRtItksEVi1VAltFoWhuWCkHQNiWQJYUISMFGAwhS3bLlm5tPY5uLqK1RBGhbIbsulkJTS2dqQiQGopABBictqlFKGQU0TCXmZymhqgqdiBCQDHZmjOztQkBGEsKBTgisN1QlFKKBFJESJTP+JRPVkRINjJpt9YIWssIRURISFFrBJKmbM5EGBcpIgCFgGmaQCrhlqUWoVICoiqiFpI0dkaUKAKUbpnZmtNOS8KUUlQiSqQdEaqlRCgwBmPsJCKbTZqcWkogIqTEYVCbJkDKiCilWASSRVpRApUoQkjOqTVJHrMNq0FWiRLCRpJUQgIkUULJ2MZpbMhuVglBOqNECaWdSYmioEaRYmqTMYiQAAyASKdAjoicJnCEkITcWjptqkIRsgkwsm0LORPnNE7DOCFnSzulKku2MIlthXJqRRERpCeyAAZcJMBgJ6jrOorAKDKbBIJMJ4qCMA6FW05uVUqMDUgi5CQUQdgYAhC2hRQqEa21zCYpcSgisJN02haybYPblAankUrpaimlVImxja2NrU0CCLnVvkqKiKIAB6QgmXKyFWDcWma2UDHOlgqFBEghudRaFICEogilm+0SNQpGJltrEYGi1mJjZ1ilK0JgoLUskhVCIbU2YSUZJkKyLUkRoRpVoqVLBIFkrFoCnLZtQiWUzihFYJCU2aYpbUcooijItJ3OBENCNFtRJJCKIkoALTOikNmwbElCDkKAMh1CUQKcDkkKgTEQJbAAbESJCIUhM2uJUiNMSiUiMwkVVTB2FImabsJp7HSbUNgt07IkooTARiWQsHDWKKoK1YKjFBGJCYWRaOPkNJKgZSPkbKQT1xKKwFZIkiTCNialEgqhIlomVhRJAZajlCLbQFgEcpSKBGBqrVFCeGpTlC4zkxYqKipBtgwVkpBFMUaSjBUoFKVGkeQyZetqV2pJM40DYGQkIrEzkbFAwogShbAzZQgJoYhQyywRziwREWEMqVrdsk0tW6s1bLdscpTQ1DJbC4GcrU3ThB0lWlKwIiRs21YJjACRcokAp9PYaRQKtdYEgRQKhaGWiFpKKUpZRlI4kwicUqhGsSNwawl2BDgoIQKBjMHGYKESoShkOq0SQiabbVsmMwkJ2y4RJaI5bdtYuLVAhFqbsqWk0lWnhdNGCIxas1tGQZIUBSlKIEREpI2ICMslIiittVCi6sy0S4RCSKGIkKKADUIRQja4pSJqlIgakQZJAiGgYUkSQWCSVlSiFIlMK+SkKIQSShSkWoqdskNgpyxJChFOwFXFIiQpIoSQJckgyNYkSu1LjRKhiEwHgGqUULHIBNxakkREkQyZjhI1QhRCIUkKyQYyFFGqQq0l2ew0kbKhKzWqQqEIFMhSkBiHQoRICCSJtFs2GshRihQqZfIYVqYT48SESIFN2o5ai0JCEaEStkOSItOlhCIAKSKQkFVqKELNlkREoIg2tbGNpZRSaki1q12tbZpCEaGIwDaqUdJubZKpXVdrGARyKJCE29ScuEhEFGFBEkm2zJxsR4k0soxlgzIJUWuVYsrMbAWpBJaCwEQ4QQ4CBaRUJIVKTpOdtVYiAiEgAIdth2QLUEjY6ebmBKGIaZowtSs5ublFCScO22DbTUWKalJW85QQBNbUxjZNSAgblbCbkxBRS9CRbRwbUEsppcgoJYkIBC2nNklRaghJkc2AAMmZOAw4nRakW7a0sygUhLDdmjPTNoqIAgZHqSVCoQhFFES6RdQSoSghRcgCIygRhNNIRCkBRMFu02QogaBBIEnNCRGBiJYpKcicMo2kkEBStGzGwrZth1CJQJiIklaIWjpqlFJKVDstVEpEpG1cVAhhWk7YkmynJYxIAzQnEmmgRISIKE4SRLZpCtUIZJVaArW0DRjTlVAptEw7UBTZDkmyLJCd5ZM/+ROzpY0CA6K1rNFBOiBJG4VttwZKW6BSCpF2yEQYSpQIQE5kI1pmRCCEW7PTChQqJaQiQYBBGJVSsAHjbI0EMk1RKOQkZFsqEVHJlFRrkZTZMhsWzSohJJwtVaJESALSGIcwck4qEUQytfR6mJSt1kijoHZdKYFkiCjGkkotbumWlsc2ZbYSNYporTkzwWRma5nZokRESLR0rRFEEYAQwkZShASKgtSmhiwFliQgpCjFgLGQwSAiQraRU4RqqYootZYSiBpSFCxCkpWqpWYop5ZuZNogEDhUkDAOSaGWdmYUk2rZckrbBCEBUgkxZStSic62kCCNM0MCWaKlW2skQDqNMc5sGaGICGjONk4tsxBRC4kkcGsWdqZtTFWoSCizycKOUmrpI4gACk4kFUCtpSRjmokoEipRlOmQhEQgZTZCckvLEsYgy4BkTOKwp2zNzSabShQVI8vOTKcRTkslZAtJIgiLUkuNAJFqbkAaO6XI1iCFSigibBFqaWGEMyQEraUcgFCmgRIVDITCFkqngZY5NZdasUMEUglJ2E6HIhTZRgyhNM7mRBFBqNjgdLZmCRMByHbUCmTaJttkCykibEqEomRL2xK2VSIcEkTYcroUgVpmtkwSKzODUEhSiQAbpVNggxIrZWUq1GynEySKlJm2FQGEAilKKVEkpCi1RFShtEMyRU5JIpxIErRMgpAALAksCaE0CkVEgBx2uhnbMjZyGjJKjSKCiAhwawYXCUQtEQEi07ZBYMBpBbJCtZRaA0tRSq0htXTtoisRCimMWzZFhAolSpKZSEilSCpCmVlqBUBgN6dNKkopImp1KkIoJCxlZpFsR8gqNYKQFW6pCEJhmrNlSgpJIctutpEUBqSCbactS4oShnSWEkJIIqxsEzmNSCHSdCWEMq2iTLccFcU5iehnvQ0S4JwcpUQoZGdCCSQhOUm3NmWNEDKpKAJDKSUkooAhIlSjGBlbliNCEhERkgVpCBvTIiJkKMZu6QBkOSQh7FKKRIkSpUYIEVFVIptLhIUUYDckgSOjdhERYDIaxq61KIqVkgzr1YAiFCCcRjixpmxOuq5YzkyDEBKo1BqgiCIJpGiZkkqpmJAUJSIUgCRJStsQUigUUSNay2aXKFIJYSMMTqNSQ1jGtm0RKqEQlmSBFBERsoXARBAlMl266paSJBnSlq0oEYSJKArhAKeRHVHIdEvbyAohJSnhdICICCkkIymQcZpAESUkFSkicEtHCQlMax6noU0pyaaUGhHCBifZmu3Wpmx2iRBuJC5RailCCZmEIkqppRjZnqZMt4jSdTPItIwlsqVUIiTJUgSZtGksUrNbppxSlBIAEYKIYrAoJUBSCEuUKIQA4VKq01HslhGgElKJKKWkjWnTZDcDJqR0ZiPJnGxSFIrc0pnYCrWphVQiVARRS7SG3ew0DkWEFFFLgFIOgY2JKK01gYmiCMlKWZKKhJACK6pCpSCBhI1N6apMc3O6RimlRihNqQV5as2ZzowopZQSBUmZNoiQhawQMrYtqeu7UgqJJZCkkBQFUNi2hIVkObJlthRAGCxhItTVqohMj+O6tSRNISSnbJwOK51pkySTk1ApUcBBOBsgRSnhBJBQgoQIgY1RICNjUClFRSoijXCW0kVIzqglKpmAsjXLmFIqmc5WSxfSMI1uaROKKSdSkkFBgBMbBbIFDgUiSglQ0NLNEcpszUahiNrPqkrUWqpkCbDTGbKNZdtWFBXcElw+5ZM+sZRwILBNYqMCCqEImcvcjJBqraBAJaSI1lqasJMspRQRJSQwkhRyyiRAKCIEQTSyNYeVIIQkS1WyMnOyTcpFgVSSdLpEUYkAKSFCSiMRKiEkgzJbZkoRtYSEIiHTdipCAIEAUmAZalC6gkMRXa3GzoyIKJFt4jJFIJoRRtRSQ1FqtYQppZaItEOKolAo5JSVgYQIScIYWloSIAWRajgUpZQSUmBHhCKwszVwCKJK2AgnBAJKLVLYjqCoGEIC23ZailIKQEsLsAgEUi01c8q0IiRJUSLSRkihkCilSCoSLROryJKkImEQNKelIktBkUAhCZXilq01BEbYCoFKVUQQYEyJSFISAmMRIZWC1NUuiowyExshikIiMrNEQYpioWyZmYoSQpKglKrAmYqIUmQMkgA7pQAZpJJtsi1JgD21KRRFJZ3ZWpRSSxiRzhrO9OTaVxFtHFQqCkIlQkgSNqKgyZawgECSUxjkcCgAR8lspBURWCAVhdxIZ0QQFMXkzDbVWqMEdijSzW4iVEqRIgKnhDIjCoWQBLYzEU63iKBEiRJStgaOCMi000YIhaQSRcVqADaAQJKECCEVlJggsmVzSoDcjAgVk5KwEVGiKFpmKUWS7RKKiIjIdDanM6RABJHhbDYyaUXgBCdYIAlJIUVIgElFUUQJBcLpdEtnlBIyEMI2RYESJ+kkQhbYipCE5GyZWSJKhEGS7WRyqETITgOKUASECEIxZashRdgiELYRdhoBkhRyEthRCjBNU5scRaWUKEFaIQUhlSihki1xAlHAUIVqKQpIN6clRaiUSBVsAzZE0moppXQY48wspYRkE5KNcBK1RIQyUVqgIFKUkAIREQqcztbs6GoRGBQiAVJJOiRQKIQESCFlZmvplgoFkphai5BD2LYlKQkpIqIUIMlsSTZLIdkJIlQkjFGESpFQRKhU22BFCRSSkW2hEkWyJMBYSUTYlFqkEFJgMJQoEaAaKAW27VoLCoWxUo4SpAllNqMQSCIAmQictgWZdnPLTDkUtNZSUUKEhIRsG7DTMpnNpYQkpBIax8EpFZeIUCA1Z07ZdQVA2EhECSVIrTWV4mxCCBIL2ekGQs7WFIEdCkO25pZWIMBulpAksqWdDsmtTdMEoIgISSYtZEUUnBZu6ZbUIJ3ZFBFEiZAkCWxIp1s2J7YQoUxntsx0S+EIyW7Y0DJVSlWRLAUipNrViFA6bTBAUVFRCBCZLa2QMC4qUarBLbsamYKMCCDblJmlq1Kkm41CUaoEdra0EssSTmMnyQSUCEkShpZT1/WllMxMu5aQQqBQhBTRcpzGht1aE7IsA6jWkAxOywZlGNPVzpCtCaIU0gYMQpKCxCLAJYoijDMtIMJGirRtKwBsW5alYkutNbfJOFQcyCIUkiKwsAHj2lUpJEWE7VJCEdM0igiVJEkipJAiaiegdiVTwzCkHaWARUSRIgytZYmiiIioNcCQrTlCKgUcRbZDQSjTkoKikCSkaRyQCDA2KYckwNS+giw7sRVFpStuaaFQ6QJHlCglAoVqhCQUapmtjVGKAAykyWxtas4pFColJAiSJG2jFIEMRgW3UqqlcRoBKQwms7WxTc4MCYVqKaFsmShKEQIUISEURc5MWwpQOhEiMFFKIIwKoSLhtAIDCmO3LFGi4JatJSVKkVEUcmqJa0RIUcI47VJCEdM0Cvqu1BpCihKCCIWCKwwa09lGKboSCIMlJBQhOROkg93zCmGMBURktnEYu35WoDlLBFJILZsULScpTIh0km2MKKXU1jJCEpacyTPZyKYEoUBOG+Em4ZZNFAW2I0RUkXaSTogoMrVEQjpxtrRTpYaIUBphE5HZQmFb8jQ5SlQVK6fWQDImnURBlDFbISKwsQmRYY+UTiChlllCFs60SVFQKCwEbWpRAEnKTEmKyNaMbGQIyxG1iJzWSWkgmyjhdEIRU8taiiJsj8MAkogobknQ951UWpskgVqbBFFKSCiGaXBrmUSoRESJxJ6aAWMhRSCFFBJYyrSdObUSEbWSrY1ZumhGSEEbm4qwpciWpYZUTHOalIpsLAJUFMjNjXQ6IjIbRC3R7JBappvtVAgZSxhH6YqkNjUFCTm1UKiEbIOkqSVBjYI9jZONwl3tkNJpJAkjW0E2O1TAIWe6ZUvjBqpdsSWwwGS2UitphIUtZUYptg1uLiUys3mCKBGlFqzM1tyCCMnGRnKmJSWWrRBSQYmi2CkbbCTkUGQSkEy2bEpXwpra5IRIIUWxszVHwVOWWqKUNmVEAAbhTEzKKNQywSVCKi0zQnZiai1uNLUgAKcB5BJ1bKOQpFC0NhHqSpmmZpBAgW1n2qJE0NwwkpyUWgOZlnZEyakh2UaEVGsZx0kRtovCznSmXUIqFUNLi5AaKSQLeRgnSUFEEWmq3MDNpahZ4VQJHIrMNJgsUbAzUyiFEovMxI4SiqJ0a5OkqJ0ALASkG0iiTUkoQgCWwtOUBSEUESpJI50QgSjOJqllSijkRsqkhSJCRU6KlLJtN9tW0JrBNaIZcN+VZmW2lp71Hc0tbbKEGjgdQERmSgiJSDcDIhSZTUnUwCC3ZqDUYhM2ohlZKZOJKKWrobElbSp9b3JcjyFFqYLMJskocVEgnDapEM0WRSWdzkSBLCMFIZCNshECWRlEywSMI1VrWDSnrMxURICxG1EEbpnT2BoUadbXRJLdUJCZQooCdjYbpwmVUmzbZBtVaolSusixGey0IuwxW1EEsmzsVAiVilumowaNtEOkXKJiZ0tJUloVO93alH2tlqZxJKJEICtUqFbLySYxitLaKEKCkAhwBC1VFATjOAVWKZlJpmqRlTmh6Eo1tjOTllNXiqJIka05UyXS6TQ4SsXYTQowSCEnLRvOElVSU07rsXRd2M0OKSIkpVOO1iaCEiEpm9NpqKUggNZaLdVOGwWiJJatGkpsWyKbVIRbphA4rfQkVCRFSZytIbWhRRVomsZaOnAUGTC1FiTMME1yi1KFkAIMhnR6ylILdksiKCWcZDakqEUoW+JsWCCVCEIh0+zMhgiiOSWyGamEQHYiigoh7NacbYoIlcBqbbJbRAicSQkswGRXqi2TmZQIyHFsKLpZF5KzTVPLTCGFa+2zNTsVxRYkl4UKYYOaEbYJnGASsEuttSjTiGxpSWkCO52AFBZFRU4jVSKCydmGpqA5hTDGQuksUnQ1WwMhCVo6IEpIcsvmLCFKhCOdkMNqynDf9SC3xBldOJ3NKsopkSRFKIrciKAZbIUCGbdMpCIlcqbTlsMmIqKEZGe2RLJdJAdCEHZmpoAIkMICbGMIp5FKRGamU1Z0VSRESHZmWrhBIGgtVWr11LKNpXaBJrdMl9oJGwsbcsoIZVJqSJqa5bSkZgeSQABO4zQBpeslbJOZxk5LRSqltJYR2CCEVsM6p9bN5l1gRbYMKzqth0F26XoJJHBOWaOolmwTkAYbO0qAMhPAHtsUhIqKgpDTmQ2plE6BcJsyQrZEGiFFyDbGLZsbRhGlFONsKaEIEJlG4FBYmWNaVgSmfNqnfhIIKUJSlBIiFKWGREQwTU6mtG1aa2kEmDZNEhERpQinM+2IsG2n7QhFKcJFilIsAaFwS0lRFAqCCCCIKGAsAqlQEMhpmnMc1uOQdgqKIt0ySdtJOmsUgbEtiZatTc02UgAW2EXhmrQABDIIJZLTUQOrVJwkmQY7SgiQZNtpgyhFQk4bR6lOt3SUUkKBFGo5YQ/DmNlKX1q61k5SZmIVSUVYKuFmSX3tCEACJNt2RkRL28o2YZk0SELOaVKUCJVaaymWRZgIpFIEEsKhIKqN0hIyJYIaYaJEs41DAc5MSSEZmQSrhBAZDkqpkpBlNyOZBEkhISRKlIIUYewURC22SlUQETJMbTICUEiqERERKgrAdrZMsKQiZBFIKKJNKRkFzoDARhLGAqScprQNtZRSSpSSzjZNoRIRiEKEotGaqYoQaZzZ3HIaWxuiFEpUFUkGOZwJlmWQjCKdpYQIijEGGyyKZNIgWwopSgjhNLbIKVUigmxpO3GIEjVKKQpJIQJFqaEAIYcElmjZuhKlVgsUcipqgITTJmUkSUocKUuBxtamnEqUzGaFnKGSZDqDYtsSttNERAAiQ0rJpdRaKsbZEBJCtpFKDcCtGYPsDIVkLAsAO1TSJrO1sbWcMhWEQmhqTaVUBW4WoUgQqiXSCjtCUimSFBYhQoGxI0ISNqEQRnJmBCWqgtZaSze7KwUpW0OyHaWkrVCpwiqOdApLBSglLJMYywBIpE2WUqfWchpSDmqSpGxHCQCR9jQ1bCBKAScApYQhIQCVCEVQFQbwlC0UKbLZ2aSICLdWSti0nCICkJBoQ0ulohLKTEOtBaPAJgFbQlJmwwqJKKUooUgYSYiQLCypFAUykpGAABtAUjoVsolSkIMoIQSZ6cRq2UKQAWAjhYSwhDSNk9PZEiHL2AlyNisiIkKKolp7hz01QoJMR63Z2jiNoTJNTSGFMBJIQoQwoJbNaRSyk6ylC9SwBc0Rsi3sKGS2hiqlFAQWwpkqIZE2TqcVql21nTRDkbAtkQambGRLowjnBJKRQkhhQC6SMZlNYaRsLaeWZI2abooICQs5GwQhFMWZLZulzGZjg7ERDpGmNUsRQWZCIGeznQoFoVBBRBhkEAghQpKdVhRDSIqopRikIBMpoNmBkOxmYwgztZZkIBS2DaEwNhLNqESJiHSLKFEiM3GWiFJKqRW5lAgVKaSSLSUkKYlajEuEULOdLiVIGimnoZZI5zQ1gW1JrSUQGNktVRSA3VprmSEUERERwgpJRBRNaTklJBkQJOBSwwLSdqmBhR0KlWrUsqGoESYyG6gWITWns5WuSkiBEVFrKV0VJZ2ZKSmzJUhyUiLAgIQkFLZFCblNk4TdBM0GBLaVdpEyDZjoSlWNsBPszGYyLQGSijAtM4ISYbCtEuBMnA4FUsjplEKKKad0IjnVpolwqEZRUZEUKhGKElZkTkZCqgEOBCQScojEkEmUAKZsykByaxGqpZRapAKJgcShwE5RFIAk2RYoiKiIkGyDgiBCFkaIUIRsC0Iywokhc1gPJkMxtQxFSM2OEBISoBK1FqHWJpCiCIXCEV0UAlCSghodoRJBSGBbIIFVIkoNOyVJsh0hSSHZjlA2DNhpKx1Rai2gzCwRCklRFJRagkCEsA0tMz3hsJ1OC1lIraUiBAoRUYISBWlqE0glcsoikWlbIVvYhghhJLcpDRSKKlLLFAIQgUCYRgaRdjpDYaebI0SJ8mmf/IktsxSA1jIzZSLAIIioJVAEslxCBaECJqJGRC1hOVuaQCGhKCFFmAiRxibTkE4jsKQQdlqhkNKOJJ1cJklFQQzj0KZUkTMVKlGiRJSQwjhbm3KqUabWDCJMtimRimKapiASENSoVEfajhJpY6JIhG1F1FKGcVBGumHJIDkzTa1VMqUEbulSI0rBMoCQQjIAIVmWlU6MIkopkkiGcR1CIWdrUyIiAlvKUoobNUqEFALSlsNuYAsnQrXrbKY21ahIigjJItOyFAYEUYoshUBy4gTSRjZyTi1tk043E2BCCilxSC0TORTplIydhtamqcmUKIndEslp2woVqU2ZaeOWAJIlSBQgRRQpCJAjiAhJSQLObC3TLopaakRgpQhJCBGhaUqVIBMBcqYQkkKtNaESRSoqBUWEhJxKEimbVQQGKVGAhLhMSFi160oUOzNNZmYSSjugZUqSokREhBQRIWEDVqAII2yhEiFJMLUpM5vtdBRFCaFQCIWiRFHIGJR2KBRSyHZ6ckukCDldIiRsBRiXKEItm6VaakQIWTgNiiqsaZpqSBJJlFqLDEAQtfaI1rKWgmhTK6GwMm0cITsUJISiq8VoGofESGDbbmlQQSLTCrk5KkEkzQoJ2zaKABUp7WyYRBFYSLUWSRYiAMkkmFApCjROo0ghoNmQU2shIWwrJCglateBc2oGFfqoJp1uzigRxoCEDUIyIEVRSwsLSZIICQFSKBQtUyFhQyEkTdNkFEEoULoJZ2aTiRKSsSRKKEoNEQUDqLXRRtCcoEAWochsaXe1RhUI27YVMoYAA7jWTtgmIkqEAgy2wxFVkpxghYyRMTKQaYwjIo1QpnFiiiShCGxsTMgQCgFpRyiEVCKQaJnpbK0JaqmWTCpdqmyBszkCCTebrCVEJLbTaYVq7QJUStggDKa1JocUCgTpTBxE7WoJZbqWYhBSCOwkc8KZaYREEJLSmZlkltql2zR5mqaQutohioIIGpaF5FQJJDcSSYhAkdnSLlFKLYAzHaBwJiFJRZpaK7WCnJl22rZMTuNoWxGgtCUUEpRSBBgUYxuRsBVRSsFuSY0AG4oCQWaEFAXTnClqhJ1Ta+ASBcmZkqJEVRicDokIGeNxGKfWQlBKiSIZqbWGIdSmUQpsTGYCTgOShIwzW1Vt6ZBDYaftFGQ2XFApBZwYLAehiBCBMoSihMLZhCSPUyooEQhMRNhgSUaShAkJFAopAEAREQFkOqeGIlSjKCTbIlo22xECO8EJkpCwLTsUUYqsxNnS02RJgRRAKICISMs4M0spJQKQZDuxTESgKKHSFSmctGmynU4DxrasUsJCUoSEELg1yzYEGBFStsmAFKUUwiKnjFowLRMho6jYQMsEOwGw0qlEMoSEhKSIcKKiIqUJwohsSE5LRJQ0zgScJgiVWgW2hYhSohSQSYFttxaKGlUgFYFCtVSwFLYDgJCmbIEF4IhIXKJESIBBABhwNoeCwGmQFBItLaRAKNuEkVxqYAHI05TChUggiS5k0mnbinSWqIWSdqkFhZwYywkkklomCKl5cjOKEsqWCMw4TcM4hqKWApktM1trk6RQwSKwcSOxjNMRArBDsk0IaNk8NUKlFikiApG4ZQpaZmsNGwljZ2YqkLGFmxvGJWSBKKVEKEKZLhGoGGOVUiTC1KJM1sMaWwRyKAgEEZHpls2TQSpCgQ2AQyVtSQgsRcggATYKKSJM+eRP/sQkMZkZCssIodaacWstKCWCEHaooFBEKREoQqAIxskShAgihCQURYAkYSRbkNlQEFIzmRmSLTunlgqQSkQpgcJpR5SiUCml1FKiEKVM02Qb5KCqCNJOZylCgV1rQaFCay2kUFSVRipdoghAIYAQIRlatlCAS63TNClKIIdpSOBANLcAW22aLDuR0iadtgXgTIdQdH3fdV21FRERFAJQUaYl1VoDCRm11gRZlC1BpahEtJYRUUoUFZMqkpRtkklly0wnUpiWtizC6ZYWUsGWAoSELQmSlIUiIjMDUISiREGCcEuFApfSySBhZRrbzlJqqZJKUaTsli3bNE5AZsOUUtIZGIgoRNhpkBURCslhpRCm5aRGOhFSdCUUihKIlmlbWCFbtiUJbKOiCCRLRUpbkkUpYUEaZbbWWlMIibQAFRtAUWQLIGxKRO2ilOpsaTJRkM60ixQlMq2iQijI9JTNpCSF7ACLMJKNLIXttCWhKKWQRtSomTZWCSQFwDhOONs0jW0qpSTQGsgtM40wRJSISBzYQLNCkJlpQGBHFKS0ISUZhzGKCMJINmmDbVJu4wgGbIylIKSglkIJt5Z2m1rLZuN0KaWUUiTbNlFLqUWEMyMi7cSlFGPSkkJkZjpr1FpqhGqtBJiu1ObWssky2TBYItMSSJjMbC1t0kYxjAOmlLCdmVG6AEAShKSWVkSRhGqNlikIoVBKVWEbybZtSREmMRaEaG5OIkKSAROBFC2NXKJE7UxLu68VlNgOk6WWEgWcwimVKBKhTCNl4jSQmRGAgECZlpAEEiYiW0ogsqWgRKSbVIqUQkgFpdITJoQI2xiTGDITZBQlHAJLIKezWUEJmrGbU5IQIOHMtJEkhUICFHZatEysxJkJEkSUEmFASDIYUExtzDQKN0ctRUVCEaUUQhFSCCvlbC6lqijJEEKSQzIggWt0FDAKIQFGZMs2YQFRSkQghxRRbBtKKaFwQWhqWWTVgi0VyJbplmA343TIFk6LrhRJCa1NBhGAiFrLZHtqUZCiNQulM1QkgHSGIiQ7bSuEFCUwiFIKUlHJTIwduDmRkaA1gzNtqSooACBVoERgWjoUgsRuGVEVMpQQJUIheWpOW06nSy2SM6WIWosiSgnbBqkIG6MoETYKRRQVZctmpJAEDqnUrpQiSSohUYRJo6BQpJhay2YihHAaApAUMoSUmQZCIClJEQpkgW1nFCkqWGDbTiOiSEgqJcCOsF1rVSEkocQK0kqylhJRDE6nc5wmFQUgWrbMlCSQAshMCyShGlJIkp2SJAsFpUQgkUgClyiZOWFltmyBpCI7RVEAIAyi1iIhCSQUERFCAne1SqASMkIhSSVCipBsKyJgak2ilKKoEVKEwBaZIHAUiSJFhOzINmYiIZQ4JCIiQgUZh2vUhKg1ZEEUAtkqpZQSGEWUCAlFIRNwurllQzhUoiApncKOaK3ZlihFKGwXlG6lVBFJMy6Sk7QzHQqJUMioFBGlSBIRIALsiLCtkJAhSomQiOZJCFAgBQKQkCIzZaSIcCldlJJKMtNNKjXCAlSkNCZJlyi1FtvDOIiwW0RIEpHKQECUWkoZp6lNTVEkSSQI2U4ykEHCeBwnIUmtpRByZtqEFKLUaqdRCMDYrZkEBaLINriUUEiWJEtFqAQUnLacznQ6057GcVyPCpVa06RTUcCJpSilKq0SITCWSRJqLaVqmqaCaqkISUgR4UxJgNwUoZBbykaRkjPLp33yJ0phkBShWqrQ2IawatfLtmwnhJAUyDVK4ja1VBZpnLKUgMANhaC1ZmfaImQyHSVKRBAushsG4cxQqAQoM9MZCiTsqU2Sai1tSskREUE2bAtCUFSopZRsre97K0KBrSoUdmbLUkpRpNI2Vk6tZUYppXaYqU22kEKaprHrOkWApCglFJIUJcZpUkGSm5udrZnEslOSQkgyBomIsA2KCOPAreXQJglJme76LkppUzYnSiFD2mSqRF+7tFs6JEk5OeXa9YJhmASlFqftDEcpkZmSQOAohUC2DaQoCikq2RQqNYJSQpKkQCVQSiFJSjdjE1IESoiIwAZMqUXCRk6FsrUksxmhUpxZu75lYkcUsG1wSySpCFkOCRQCIKJYcrNCKqWE0inCaYUECoFsFMgKQah0oVC2zGkSCimbJYOETLapiSgRoYgSCAVCEcqWETK2QVJAOhAuJkVGKaWUEiUiIkKWlRElQiAICEkSTqaciopCQkIohNMpkAISICIUYLBEEFEkxdScOZVSFRKqERJYzUkQCgmnkSycCcJYZGuKkIrdppYYwm4ZRU5l2pmWE3CGApEtSwQht2zpiOi66rSkUEhhAyFJJp0RYVAIK4q6rrdobcIhWahICkmUUpBC2M6GcdrGUgREKYiWxjgTIRyl1ihJytiZSXrCoVJCgaQSJUopBTmnjBIFldpFgIiIgFCMmW6ZLSPIdEQJqeFSFFFVSkhhrLAQkKgUhYSQhABFOF2IxC1bmxpBJiUkiQgZcKB+NgdatmxZIlQUjiiRtkypJbOBMhPsbEiFQIRCKs2thJJM03WdMKJIIJw4QBFCKlFsoSRKwJRNxqiUKkCBwGlCKUES4MyGbUicuJYKWI4IWZIUpQQGSTZIlJAEkmxbURQSESIUxjgziUBRSolSIzFYLi0Nmc4SEVFkEyXCIAtnYiQJZWvrYcDUGooA7MxEQISsVNopiJCd2TKxnW1qEbJACEEEdom+64tiag1nRBhFyDZWlKi1D6cBZNRyQhEhRQgw2JlJqERxGhygiIiQAtJ2psepSZQoESUisKOUtIFaOsm2E0qJiIodgJCJKFJISjcpBMiSpmxSKKJly7ShIIkSBchsikKoTS3DNYIoIddSbJcoKhIAmbblbChCJYoI0RxFJSIkIQW2smWEjTCyQyqllhLpppQiSigicLpEiSKws2U6G5kiQhIRyDQjcEgFGbuEkBBBCDmmbFxWFFFCkjFpg0xzSsKeWpPCJFEAbORsDZUQkrLZmTZBILDtzKREFBUkpEAG4ZZZoyYRIeyIiIh00jxli4hSSoSAtMBOg0VIQhBOWwpAkUhFJWrJnLJZKhRlpkKKiJDTbWoCkxHhNAKypRUSypZOK4qNyEwjSYFBRWEMQYmSpEIlakRICMg01FKQTGLkGpUknTYtFEQIMjMUUUpEAJlGOEU4FCWwLUlAkK211koJg21jg9ItWzqjRKhKRooi2WkyDcKZthyEBNOUmZnhNjqCCLW0nSU6QBAlJGxju6goMlubMklJuAmVEhBkttYU4bQCiExLgCRJErQ0OKSpZTYUlmRsi2xCKUtRaihCkq1ahOR0RFGEnbKi1giyZa3VTqRSioRUJdsgQlFrhAI5UKlRJGeTlHKJsMGUIgvckJxZSpn1XcNFkbLTGLAkZ6YoUUpRhKSC00bGhIJsVkiSDRgEBqVbiSJFy4yqWkprLSSBJFAtpUa0nLBMZqKINqVxiRIKRInIRsogSZIy29QyW045gZCEnG6yJKXTWT71Uz4pFLWrUUpz2hLOzNr1kKI08GSHITNda7FyXDcVaukSnFlKlRwSdmYDRSkCG4vWJilAacvOFM5Si3CiEM1NqVJUSkW0ZjtFZGsKnHI2J81pZ8qKKFEJ4QQsi3A2jOzWJkVERBGOCBBFwZQTzVEKODPtDJCEXUpNW+lQmIwI29ghMlumI0rtak6N0HyxKBGgcEgCN5t0lAgJB4BstzY6ZJqilLFNYYjIsRlFgIskBHZEDch0ktiSAIkSpRS1TJxd15WoibvS1T6cbT1MyH3XS0Wy0lObjIukUGbLllFLUQhJooAFTjdEEbaRJHBgTDZb2Da2U5aRsNNWkYVTGAUloisFBaTtqkDKtBBkSIFbayWKJBvh5iQdUkRRIdOZDgXWNA0g27UGVqYRGIUSkCLA0FIlQmGIWiKEg5Cb01kjjGwnKWwXSQq1bCoRCBC2A4FFOGpgESqIUAhwy4yoktK2U+HACVg22F0tUQqBsEKhiJBMtimNTUREqSaliBAobbs5s5ZSSo1Saikts2UTllRLleQkuoKDzMxsZEgIjEIRUkBGhEQhHARyUZSIUiOQIhQSUaIQkCQuilKL01FLCSlIUsQwDE4rRKhGhAiVCMmasjmNTRCEYWqTLEVBYBTKKQmCyGwyUUrtulqKARMSYINCBMqIUkpAKC0JqCEpBE7bmbi1hui73hJCqEhEgC2RmCkkLosiFLYhJEs4w5IzhWwLgIC0nQkWYNeuS4FNICQEznQpkemWHqep2a2NLccgJNnZpkw3Jwg7hSS5eWqTJBzGxpLSDWeUIsmoFCIqOFsahU2RjIUhFJIJiwJIUYiQACurIpHJIiVKN2NFRJGIKBEq09RwIocCQdohsMASsi3hAJsIAaDAzkwcoCghYUeEFEZFooBDSWYSCkgoJUp0pajWCmAAp2wbhwLcmhXUUqTITCmcLbMZlwjkTEtkurWMqHZGhACFpIgoUSRFCSvCSMr0NE2hKKUgAGwkQToNNnYLVKJEESJbpkmaQiIEkiJCkNiZiBKRLSMinaWqRo1aRYIUkjHGlt1s7JDCSqzAdkHGkxMUIhTGiUMikaLWKCohRQlZ6ZQi0OREKiE7ZUopSIFEWE6DTQMpCESUIlNrSNjyNKWo0Ski7GZjZ0vjUIBKKEqkKaHMbFNKSYQssAEXA85smWmAIhtjYwsRiBpRuzq1acwWtiRwSGlnoxSDFEqTiSRJCpFNEbXWEK0lsgwKbORaSkRJWygkG7DlrhRFGGGjEqHMlEIFt2yZTgOllmytlMBkpqJE4MyGo5Su1NJVp20CExElMlE404FI2akoRXJaJpPMBJWiWovTU7a+lijFLUFRCiJCLdMgMCabiQgFKLBRSJCZBiBbC1ngkJAzM1tEATIzs7WWU2azI8C2IyIIME7bptSQMBEhpCIbZ7a0WwNHKQJQyzYNExElCibdUNRSQdks2yJCQVFIVhQJJIkYW6tRpCYpM0tEqQKFNQyriOhrF0U4KKohiCiBspQiCSJtyxG05pCQWpsALAIiSCMDETKQmbZxRLGERJItowpkO0JS2jIuRNrGSCLcMojMxNhERImCjLHSBHbIUbsaBZCNapAtgZRVi1BRIEkRKQspii3bdkatXUSCbRSK6GoXUialhlMmbZOUEiEjZbYotUYtJUACKRBCkx0YS4EUmc22QBGYpMlErQKZGp2V49jCIEepdkpkJkgBFmaaxpZTUUCmmwgpJNlNxgkgSDudtVQkhKRaa0RgEZQo5ZM/5RO7WjLTLSWFlM4oJUqkU1JXiko4U0Qomtu4GhzUqK012xGBZBtbpUREjRohpPToiVBIhAKyKCJIo6gRISkbmWmnVKIraigsFacpKioWUmCXGhEFG8C0TDdKiWkaI0pILdvYJpJSK6alSyhKsYxUSyWQwjZSiaqIMUdDqKQbYJPZuCwRlqS0p2ko6qKGTMuxTdnVSDlt0iCFSgljiWzZphZSSIioUUoBRy1Aa62UEkVpS+FsISHZbk43EAQhlSKQM0EREaXgtO2gpbGdtlRCmZmZma611lopapmtNVpGhO3MhoQ1DmNmSiqlSGrObA0rhIqcypxqrSIMpajWYpNkRNRSsqVkRUSUUgsWspL1MIoAI0mKUjMdIUVNZ5saGBXRnDYGbAlIW2kUES2nTEMxqSjYmUaKCAzpTEcEkt2mYZxai4gQtp1ZalWRMy3IDBULCexaqpxITjdTQhFFReCwAGxQGqdFlBCBQiEFgQJJkpC5Qq1lCEzLJIWczgzJ2Fh2TpkOgUjbrbVGhEopLR2SM6epIaKWIASGUpROnFKUqCE5TeIghE2bUkIIEMq0sEpp2bAMBWUmQiBhg0ICaG41wjgd2bKEDMhRilSws4GcmW1q6cRICKKUUgJobmBJiTMTHCpIEVKUzAzFMKxzyohoOTUIBdDaFApJQmCJWiNKBQPGNnaOw0i6ll5kRJBuwulMg7OhqqCUKIioRVHCmc0mBRGRmWBJTjtAmlrDFpICOUpIJMgJSDWKogR2ywyFoERgJDkbqa7vS1EppRRKdCoSjhAKYYKIKKWWIhBCFKC1qdTOFph0m1pitwRTIhSKANwS3EgpQiKTgEASEmmHZGdLW5LCYakqgIIgkEgropRqjO1ACTamuSkV4Ww2EQhomemESGdLB3a6ZZq05LRsFZFKDBiJNEQtckCKsGVn2lwWEREBNqqllFKi1MxWiMSCUgoRmBJShEJRu1qqyWwutUSUCEUJGwyIICAlp0VGSFEkORsJERFFWBClkxwRKUgJDCiKsCUoUaSSzkIguaXTSAgkCaESJUK2DMgILIlQWAqFQlJYSJIFUsjGmZJspxMsY0uSgkysdFIkOwVE2EggBFIgIqIlwzTaiaUioNQSyIVitUwADNhOjImIAEshppYh11KQyJZp45xGADsQkJmAIoytxG5pnBGSSihMuqWd4RIRISkCOzNLKE1EkQLkNhkrwjahSqRtp+xaOgxBWHYSiihRok2tTVNRWGpTRgmFJIGNSkQpxSYCSQpCAmRspCg1SighFMN66GqdcmpTligSUpEkM7bRbpk5TVO6AZiQpAhJUVJZHCWUznSmM7Fby8woRSUwEWSClTZkCCkUIcB2ZpsSqYQksCOqSWOBCJnMTFEUkiUZTW2ycXpq4ziMQEQYqhQqIihkNlqWIkLYgUKkwU6c2XJqEWE7ioSihIwkLEWptVM401FqjUDCWWopKgpAdoJtS6EQSXqSwnaEhCyVqJIMSLXvaglLoSILuStVisysUazIbNkSS5IQthSEIorB2LaaCZVSSy3YqCQuUUqJ1jJbKwpEhAJZprl2BSQJN1tRopQqKXMaxrH21S1NYCuYpinTfe2kcDYprAjZwgIIGQJZKYcVJWyhiCJZKSw7QQpDBBFRmrNlllKLgszmlG2wExCyPI2TCUwpUUKGBBtju4VAURQ2tVYb7ChhhW2hlk2o1prCzaVKIhORUaJBay0ipEi7RHGSaQW2IgKwVSJAEQpJUYzBUSJCoZCJCOEcm6qKQgILpyLKp37yJ0nk1BShKGBFkB7HSQphS06XiCgBZDaglKqgtRZIEQRKGSLAsj21JktADZUotWCTRFFLFxWEMxGlSJZRKQqJUCgsC0WIplJUFCpVEBKEMTaKEIqQLYWkNLXUrnYSzRkiDZYyjQCSlpNtcFE2u5ZaImoEEKULSVBrSBE2oShRa6lRDHKmnbbdFIExRKh2nUIYRKiAp8wogSSFMw21FKedqVBfKlJOaVsCFZOCzJTddQWiZXMqMzOTtAokCBRFQVpRFAoFgdMhRSGihKI1yy6EQi1bm7I5hTKnEqXUGgJCISwyQaWrQdgJgky71mJkE6GWrUYBLAdhXKJIJE1SlAIuURRRo6iEbCtFiRLptEGKCElgRQFIq6iEjKZpwoSEKSUiCs4QUYNMSVHCuE2NEMjOUotJWxHFRlKEWsvM1pVKCSDTbhlVJUoKTOIAjCHTEVjYOG1wohrItnEQkqSIzDSWrFAROJux02mDs6koW0pVAiuEXRQqEWk7bbnUvpZQiEzbrU1GCtWuulmhUAg3ZyiQMhMhOVsqUhIKO+0sUZDtZjsiaimt5TQMU2YoLJAkWmsmopQiSZEtQ2S6pWVLSBJElBoxTZOlErIhBFmiIEkyJgEUBMUSuE3NppSiABsiFJBjjiApakTLFChC0FqzArlNiR1FUpQSpAPZCaDouq6U0jIz0xYCgzMiJLWcqhRVtrMlYBCylFMLFUmYaZpqLRGSla2VKpWaJFBLDcXkJG1ACkBgoyglBLYxEZJUu1522iABUUCAnSFJtLQiSCNMiMRSOBQSmFJKy2YwGSpSlBoAJUIKpCJFkQmCopYpFISViTF2w5F2kgFRSkiIUBjsdBIVIoDMCUWoGATGUsg0XEqElKRMy5RdQmAbQbNFRqmBSglsZBQSEiG1NKaUEkEaMFiWhAJMKkNFECUUQQTOCLVM24CTIGyP06QESWDjbApJChLkBDxlgm1wSjLNCjsF2RJLskxrzYCkRFUiimTSdghjQiVKRFiysk2jwUGmDaUUpxVC2ImVSBgMgrQNmASVkE0EERICMpuhq7WWIhVF5uQokSmnEYoQAFIkWCgESICcCcIgWqZbGpdaowgpFNiGnJwyICndnIpCoBIlneM0OgFSKEqAUEJILbO1lmQoFJG2jSIiSiUoCoWQJFsiLQdSKUG4EFLikAgZ16hSBBBh2jSlICIUCskKi5CA1hpFmZmZSCIiRLplQ4pSJCFISpVROiOKRZucLW2HlJlIEUrI1kophmyJUaifzVRCVpQiSYpAKgbJmqa0LQVIdpQAJ0QEaUkE6bQkKVFRECEIFBGSJMl2y8RYU5uEESjSiSm1RJSWzc1E2G5tlCPtiMAAEbKUiW1MSCXCsoh+1kUtXe1KLVLYOeYUpqUTh4ooaSPcnJnpzGwhRa1RFMIWOBNbkIkj1IUSWZJNCadbmyQlblOatLGRbLtNk60oJSKmKSVZwkZEhFBmlggnxumGFJIxtjMpkp3pBAs5HFZEay2CUCDVrhZEiVJiammDFSVCIUOR5RrF2GnsBNuKABucNjJIEgYkhVRLlWS3zJTA5NhUIt1aS0KhsDMzs6WQSgDpBEBOKzBGRuFsKMDCIInm5nQppZQSSPI0TdOUSLVURZFIG4xdayUkRSaKAAssisISJiJUShpaWokQEQgcotQiyVNTBAhApQhABACJHbVgSyoRhLpaoxapBIAtADszUygihNIOqdRiOwJskMHGMiBbF8/do0BRBIWIElPm1Ka+doJ0ympkiUBBNiM7iQgjQpVpTORSSmvNSQllutYSIZuWTUVO0hlIUULORnMqEEFaEYRlgZJ0ukQBg5qbUIky5lhVjbM1REhpO9NWrUVIUcg2kc5W1KcbWBHOhildte1MI6QI5ZQRSIHsyVNmCJUglW4SThRkOqJE0DKLatJCAgHpFCFhI9LIRgBuzlpKiZJpyyDBlNnWg6KUrho8jqqlKCY3QVVNpRPZikibkHC2LJKFTZraFdJGFgWA1qZs1L4LJSp22kC2ZqAQo8egJBlGoVIiHcKgdEbIWBYSBjwMg3HUUFOpkUaAIjClCLs5ZaVt11qbWzbXrgZMmUKg1iZJicMylBCXGVpmlBKSMyOUQBpQCMhmCQN2SGO2qhpdmYZ1Tq2UErVDFgxThp3OEkJVpNMWpZRSlC2ncULhUBFp2y4RtuyMCEVgWhszLRQRiogImcmTKA5HI0NkhrDklsgJRQWwnU6nIxRR5OaIEgUbJDmTli1KyEzOMKUU25lpkXaRkDxldFVoWK8pQRJFESLd0uN67YiN+czYKDOrikWRhpz62rfWSi0htalNdmQSAiIKok1NkkJkGqbJCkeolkKSGHBaESYxgAgrc0qLWqptCWci4bTC6Zyag1IUKplEKISxDTC1VlCpBUU6A7WcVCRUFC0FDYnEIdkGZwOVWnEa2ji5KBw4x2kARRThKCUUCmFPaTAmIoJobraFDLWEjQUmyWyuJRThluM0YvezHgBFRBtbwyEUCsKWlJlWBAKMaS1tR5EIsCSQnZmZdpuaoJ91tgkVlXQ6MyIUEVI2Q9oBaWQyG3aCoiApFHY2K+wokuUAy25pg2QrItMEgQxImBKycTZDa23Wd80CYyLUcnIjClJRKZkNJynjbClBiUBpQmSmQjItXUqApRBKgzJb1lIlpkycLRH0fc0kSWxwEKkILLvZihDYiiBtTxMlbLfmrhaQoDkzs2AUIEVEidaMp2lsCmFKKc0tQqIgF9TSyKE6ToMiSglFyNg2zgQcCjCIQIlloczJqJQihdN2Gtu2XaPYFhElTEpyw3K2JLCl5lSWWpRKtZwoVYoqSTgUSU7jJLCTCNtTS+y+65BsAwEijC2TSKShEClJyGljYScZEUYytiUiwrZQktkahOSWrrVIcjoTaBE1SjjTmbaHaaxdXyOmsUUXoZAAbCGmaexUCNLOKRWKCCRnhtQyI0ISqVRm2jlFlGlqfd9hD9NYShFIIYVwkqScRiYCLMvYgF2iJLRpRK6q6grpzFZLZ4yEydaaW63FGRFgxjaiKIrMlKgRDdltHKcaBVmKUooBcCY4Lbk5oiiEDJKcrZFFVWKamt1q7dIpi6Co2B6mMRSJZaIUyWS25hJIdcoJKdskSqmKiEwyp1LqlFmsKJFO44gCDoqqWmtuTVHcWpSikBzNE7YUQMsM4USBTUvXCNtRZIRTIVwIyxhsh2itRVRwZoYCGZTpKCIBjFtriFCBbM1RokZxIIOEc5gmmVKL7VAATisEGFqmTK1hC+xMajB5ytbV0lraKZVaIo3k1hxBREXGktJEZkLaobTlCIFam4AoBWxwM7ZFUBQgjMJMnkhqLUKINmXmlAYskIIiNaKWqAV7GoYoVcjY2SBUcCoExkGo2E0im8Zp7GadmpMM1ak14win6aKQtCASwgDGCGdEJBZSRGut1sAylrE9tWboojhC2MY2uETY2SCQSRRuDSAIh0KtWVLA5IwAQ0KJUso0jmApBFNmFyUFOCgtp8wMKUKKarextRpdYCQFraVgPQy11hKR0Foriq7vnFk+7VM+KaJgjdPYsimKoChqVMs2USt2SwdBBCACO0qAE2qttkVgIkCRsgibpNnGkoKWEQWTTowN4EyFFYGwbXBLQHLatgUW2OPQiFSCMyQ7IgiidNVSm4Y0mc1pIWfWrhRHYmfabq3ZhIQJqY1Ta6kQCShtQgYZJKFpnFo2SZIUkqJGNWSmbEQUCbVs6cTNBsIisyki0yIshCTZLdOBSi1RIyQwsmqR2zRlqQJlJqRKNVlrxSkURUSh2TiNW0MGpvVYSwFhq8jZsMCgHCdLoShFlChEZgtQLU5ychRhMgiUTiWZ6SQKBBFRSw2Hipy0HKVwNks4RShku7WGQigzLcsBMjJ2y8QREm6ZThSylW6ZWWqlTWkkgQQiIsBCjhAos6HoalUJQCQUhRS1lEiTOIQEilBEAKIAcmbaaUW4OcNSYOzmJEtEszMdwoBkU2uEJJim1nK0MVbaATgUUUJIUigM4JBkoyi1IMkoiqA505mttcyUsZ0oRNo2OBMCoRIREYJMsCUkSggbp0I4JEsxm82Ro9QiRRQVMJZwtpZHyyNnmitca5HIxBJpbGwUyHZGhASgCCFjnCiikA2FIUyTZCMJO52ZaRMFUSJCUiOlCJTpcRxamySkKCWcjghCCBD21KYIZQbpNDgVhcRBgNPpLKUA0zQqQjhNF6WUCEWpNSKkiFKm1oC0kUhUgpa2gOYMYRERNoRLKJ2hKBFSZDbjErXUaiHkNCGURaEokrGR0pnOiCIRiFJMYmQksCUBCIlaaxRFlFCUWmQhTdNEyC1bNlJgjIMQpdYg0qlAUu1qRNjKbJISR5FKYEvIBKQdJaKUdDpTpmXLKREhCTlAIQQoZFvgRCGFFMU2uBhFyTRklFCJkESUIiRjbIwBkGS3UBBkWkSjSdiZmTUiVIxESlEQCtsBlDBktgiFpMCJgBAgR4TSmW2qtYAiQAFOENgGC1RKraXUGiWMw5FOI7AFlrBCtgXZEhMhI2EgQulUlJDAUAIQnhwRMpkpZ0SpqsZIklwCsk04E7CJWmsJG9OMsVQQSJHZEAjS6ZZQQlYAtVQVCULhtEOiOZ2ZhG1lNgQAGSoYREjOTCcYpySgRCBsAwLLhWKkMKhEANlsLExEILBACuNaa18LilJCqJRwOjOFs7U2tlJDETYqIUACFAIlFoDA2NgJQATYaUpEUUEKKUqk03btqsIhRUSx1EkKY9IU3FJFtXRRwrZwMxG0BBNFSNM0imjZIjRlhkQaYRIcpbY2BkghSIgQJtvkTGeGCtgCiCgKyVZAhFGYlm7TpAjbJaKUIkkILImU5CgiMzMxESICSYGhRGSmARNCEaRDEUWS0namFHaLkAhjEZmTUZSwnZ6czenMdFKilNo505aCzGlsLUJSACiKikRIhHJKSyUKCXKmERGBGaYxMxWSSaxQKUWERCm11MiWRAjbhHCmIvq+b7abTdZSQ05URGbirKVGiYgw2MZOZ1GRVGoEFTsCxNRaZnPa6ZZ2Ti0thezWshSpKJ2Y1gwuUUICkWnRjAC7kVVVQWYKqSgIwZhTrVURESHVUoqqCqXU2qaGjYgorbWWKSlx7TqZcZhsN7cEpdNECRuT2EahQJQQJEQXEbWm01NzAEiROJBxy3TLtLtaSIxymoZxRGCcLiUMws6GE1FKl05FCLeWKIrCoitVVstJlAgUISkikNwycQm1bEVRSsnMlimwzJSEJCzLRAkkhYxKFHBUWTjtbE6rFIyhRJDYDUmh8mmf+klRS1dKQYoSEYBCU2vGEQqwrZAk4eYknZ7caGRYLac2WRhkAy1UwDgxRkhIzZltQkgyBtUqEdlS4KRNoyxhQ1GEgEi3olAQCqTWptZaKIgoURClRE5tnFpRgGvUUgvKTDvCbnKxMt1KhCJAKKIUCRsg3WxHyJbtiIhS7FRRVwqWFJmJEzS1iXSpNTOxIqR0JlFKSCVKiQgZhTNtJ87MzHQ6qlSq7MxUiS5qkaaWYYJiiBql1DZNObVawkhChGxLkpwpOVSiBM6pZXMTIsJJ2k4AEErbEmEZG1RKCSDsxLaZpinTIaRACEIKFEVCEhHYRClSgDM9TVPLNgxTSAqKAhmDUJFE4mwJLqUEMooStZSIKF04HaXWCOPWJiKKZBs5JxsyjVEoFEC2dDYDKshYhLK1QAAGQkJChCAUUmQbp3QhTVFErcU2KmBPaQMSjogoQbOCUCQCG0QInC4lIqKUzuQ0NUg50hScmdla2satTTKlFonMlm0StMTG2dIgJIQilAZZJiQgjUnJiQEppFK7vpROgIgI1XBrEjbCiUlbZGsRalOrJUrENLXMJmETESpRAGg5WZZwGlFrLSVEmGxTSyyJTKBlU5RaCiabkWspSIIoESFMa2mnpFpqLWrpWmLW9wbSiMwJZVe7iMBg20QUGzuRcCrCgNNpZ5pEEthutpISxZkhNdtYIZWIkFAookYoMChAJYSwU2JsSVoWgSRZTkPWWgNN0wRECGMnKRXC2BayDG6tAa01p0GtZctWijCKiAinbRBRhLEpUZDCIhwoMy0FtExbgcZpalObskkqpbbMzEmSImQkQLTWnLJUFC6A00CzEVgkIbCQSwlQ7WoJkRAKKafMbNiKEEJIYVsQxk5Ds+20LRWpSNgWigiBLIUiFBHgUEmwLUWJkCDVcgJqqVGr5JbOlgBSpp0ZUaSQ1NrkdKhkNqMIWRGSSigKNsZOAFkRUYogJIPAUo0gApvEmRBRI4xKSLR0OmvpSikhJZl2UVh2GofJouhqOLOlBZmt9r0NktOZDYSZskkKhSWcIkKyrKJsKZEmW4taQkUiE4UEOCkRKAGEAULFmU2pZkWJWiLkdChsOwUyCQgZO90yk7SlkM04jqUroiCkkEnbCDnt1ixRQoQEoiA3p0wpJaTMRGGMG1FKLVNLZ0pqrWELppaZjYiISBMoABEIjKJTnTy5NZw2IasUjIi0i0pzmtb3vRHNSUpyQwgUEUbYiUlZeEpQrTWKQoEgQWAV4XTaobQVSMK2II3TIRSyLVRqadNkyHREISghmXQ6iQgRhEoURKggcmrjNIIKypZjm2zXWmbzPltrTinszGwmQkVCkDhqlSyVKJLlIFCEau2QbKMYhjVWlJAEMtgZpeAM1Wma2jRlyyiSIlDa43oYxwYupaqoRKRlZURAZkJKEbVWS3baRJHtUDQnRpLTpmXLCGEJEFIANhKKAMuCRIoQBuFMG3CmMlM4YJpakUKRIIWtxJ4yIjKdmQbSKiWnBkSRSi0owaQULbOqYEUAQu5KR6A2EQUj1OyqAhgL1VqnbCEiiuSiqkASKZO2FEQJjE2mnWQ2DCiESgChwLYdUqIQGGdKwoRsq3ZFgRSSUo6QAOEkSoAlSUIG1VqiFDubs9aqUEQxFqEShggpQiKAEGbKJoSIqKUEJuWIAmQmCgkbZ8ohgUBRIlpmINDUxogOgUDOTFtFSjtbS0MoiCilRIRiaFONYltEKSWiYIFLCZrBIRWryQqFSp11EnaGZDB2ayLKp3zqJ9VQpilRpMwMMWUKalQgsSyQ3RICSQqVKZsCpw1RinFEWChNRImiEnYaASEFJHZz2pIUCqLREAZQFKUThGzRbGhStdJ22GkL0qgEdssUtHSIEiq1SGFh2SkwtqSoQlEUKGRNY7Mzc5IiIghJSECEFIGFDVIpUgQB6ZapElEUCgtDhIAIKVRKVYQicBpAQTgIlE7bpRRFVUgG4cTZsKachEoNAmfaCITqrGvNYJvM5lSEkEsEilKUrdmKolAQyFJYkmxE4kyMI2JyCyBCME0Z0uSstUTIdmuTFMbTMIGbs2VDSEoMFpG23WrXh0IQoqs1SimlIIylYtOmZhOSTETYnjIlpFBgjAOyhJDSDkQaRcI0jolUJKMQUlFJ0iRQioQw4JAyUwE2ESHalIZSi4QRIhQRESVA2KHIdJRiHCFHSChKtgRUJEQytQkToYiIroKz2WSEwC0nHCgRjijCqgphlYKikEghiQipqFAUUUpEFEWUkCJCCrk5oiA7UZoSpVRJzkaEREC62QhLciKUdmutpZFsj+NgW1FKKf1sFrWEolQ5aW1yJihCQGaWUklkIsIm2yiRhsyIGjglrHTSUEilZLaWKQEiFBJWy6m1hkDCTNmcRIStUqpxhIxEKMKZJYpxZiokS6ESoQinbRtHUUSxkAKUOIwigMmZuKDWMtNFshODwAA2pkUJEUBERNSAhBKKrkOSQbRsaTdbcu06pNZaSM2JsdSmzLTlICRZBOG0ikKBEBEoFMYlFCFUSCScNDJQc8OknbYklRBRiqKUUopCEZQIhTKdTgSZoBBXSCFJYNxaKkgHZIkSRWlbWSJQiVApgbHJTGGDFBKYUCgUEbKcKeTAKFSQM7MoDNmyuZWoBOM0GkmCEJZVugIYEoMVERSFbNulq0HIaUEJWYlCtopKCUFIERFRERIRSNFaa1PKaTKilhLNBqKUnAyZ6cQRQhI2BkcUcNqllChSFCE5HA7FNI6WbIqqQs3G2CADmNbSppQSJaIoh0YBI+yWlhCQUpRSLCcOIwUgRUQkZJtKLaFAipCEEIoocjqQAJDUpmlqU07Z2hQlZIRQRBCSVCIUJQJFKSUibYKgREQpgXFQFE5qV2ywCewMRaCIEpLtTMs2igKKqgCocmKDU5BSCcaxZbaQWktMc1pEqDULai3glk1F4YpACFo2jCKiVOEoBdsJQa0lRMsMhRRkTmSYkFAkDZTZWksbREJO05RTiSrJmTklCmNhBIKIAIjMSZJFUYmuAF0pBpACEYCTCCGFAhwlnIpQqVWSQhGhIqEosj20USZthHGU0tWKwplIgWwbZ2tgEKSF0zXCUmtpLFFLGYYBiuVQkBkhBW5ZajjTTmc2pxRRAmNRSkBEKTXCkrOlkd3VLmopUSLUnNhFspGUzlpCBEGRhJAFmS1t42wpk850okI6sZ2IEqoljECZiQjRJmcmlxnklIpzsh1dzZbNDmGQ05JAkkIRYTKxTIhQUEqEslnYIlsKWQZKFAqlKGqFCNnGthQKt3RgKwBF1BqttZYtpAiRIgiFQaJ0tZawDVFENttTiQIgRCiQwySybYMj5OZURIlSFArRkLAkFLQmgkAJEWlLxgJImtN2LdX21No0jiQRmtIhZBCQoVCAEcKmqBCEailRC06CtLtaI4RIKDjtdBvHsXQFRSkRCrJlc8tJ0thSoAAQEkJElAhJEgpFqaEATNDVXkVggzNlRo9BMSIzZUOazBSKWopCSBGSjLooUihUPv3TPqUoLPFMqqVGCREEyJJKCeOUQopSACRMhCyHVEQJRZRsmRAIY9smIJ3gUmpVsShRLBQah6lNU42KjEJJrZ0EqLUJkBVFUtSIqbVMau1mfV8jIso0TeM0RUSUCHU4Da2B0+kIYQtlOtNCEpnZzftaI9M2RUIRNlHSdho5pMxWVDIzkxqVIIJSayDAuEQpUcEyjRaKiMg2tcyIABPCVokSIdUwCoFxkkIGgFJKOkMKMY3T1EYUURREmyaDwUlzm1rDjlLBWIYIRQQqkgEpJBSRWKjrKlJOTVYKEgO27apiacqMiK5UwbgeMu3m1iaTcmQ6cyoKJJpbcy0F7Ci1loiYpgkQFEVrjUBFGESmQ5qmJhMl3DKd2ZxtLLVAZKak2nUtJyGckkoJSAmVEGFSJp02kgStpaDUTvI4TlIEColQkSRhCAnZliiqCELNTUmUAghFlCCM05mtlRJIzVlCVtgCZBx2c0KbxmmYEFJxZtQSUSVFiSIaLhFCU06yFIEgLQxIQebUUlBqMSolEiCLgnBm4gSaUxElok3T2KbVaq1MpEzbLiXslEIRghJVUkiEhAyZKFSioBBElDZNiRURUgJIoSK1TDsjijNVCiWQsA0RAYLECoXTThsisB1GIJUSpdbaMhERYUympVCAQ6W1th6W2SaAUsg0qJSC0gkZirSxS5RSgkQRYewstUiyKaXYRpIoRURIsikRFpKwJZwCG2yBFVFKUQmBs9mOiGzObIEgFEiyHRG1hEoAoVJCMigUKB21KBQhRUhFGDtB2ISkNk0NG4XcMls2EJlplxJp7FSAMeaykCyRlJCETeIoRVEBEKSt1qZ0i6ghcEaEUZsaVR5ToSiFJDMxhEFJFheKBYoAtSkzp8TNiSlRCAJlOrMFgEqRVKIWAUQpgSSnJCLc0jYgUAQm05lT6UoomlubRkWJCENYJQoRJQIgmDITQaazlCJAAY4iFQlla1NrEjWqQKGWDoEhkSKKbNnYmdmEJCAgMY0MK6K0tJ3GpYQkjFuisOm7Lkq0HA1SSGTmehjdHCFFSEJRCq0ZIAQOlYiSmS1bKCSFaLiLEHK6lEBkWiKTTNdaVQKQLIWxRCm1RLGUbmSawElIqIRAEZoml6JauxJSkZDTRbKTkAggUNpSSA4iwqUUhJW2AONMQ6ZEE7KwkYMaRchkhESUUiQwWFKUWkotkVJRLUVIErYhp2aQiFIjsIWxHQEiFJJwKggiyUAIkDG4lmit2UaScUtLFUWJtAWZljC2wzZ2iaqQEJIhJIMyWxpRIhBApjMnQ6hEkDZytqRIISEb42zNiZ2WsmVYs1lvwESUANuSWwMhC6wkao0SNYQwkqSQADskSYLmqUTYNnZm6WstXRSRUkhpi0JRBJnGpVZZZEYXbjYIlRpdP6OELIONjKQo4ZaGBkJRgkybqKVlNntqjbQBZBFSjVprTTeQs9kgCU1tQpIk4SSxpExKCZBDRWFbSJKgq1VoalODwA3IBJWQIkJkOogUgAwgCcKiBJIyszmlgHAS0HBYSOBQZKYDkEiF0oCyTSCAkBsZkjEOqbWUJGGjEhGlhKKErQiFIg0hklAB9bU4HTWiSIRACkm1BJKMpBQYhDNDkiKzCREyjigFmts0TlFqrWUaM0It0yhUgrAUKDHpKCHTMjEqCki3iBqSSkzj2KasUaLUlCH6WjJREFJmTuOIIkpEibQlyQaBpIgIT5l2CUUt2E4ybaykZXO2EsU2ojU7U8E0Tl3XKULpli0z7aShiBCJPWVIQUSokeXTP+kTMydbwjagdCLZCSnLNoqQIoRUFULChAQRpZQKoShRFJIkBWlhLIDMdGYoEpeIBCAolrsuQhUMCTZkGhxRSkRElQSys6WjqIiWSQgYpxEUJSTjtAMACyJKhCgiMQhFVSkFh521hNNCUQRWRCjAyKGKSoRAYGci3BKTbcrW2pS2I0rSsqWkIEotCNtCChnZKdsmFEnaObYxQkUFMmVbEQAIjBWllNJVKUqEyWwZKhEIRUQpISmztdZaa1FKF1WS0+A0mNZaTs3pUsrYpmkcnZNKCQdKoER0XYkSmenWMjMi0tjUvta+RhQZiiSVKNlMSIUaxRgRUYSH9TiOY4mIWjDpDJWQFBIRoXSWElECG8ARUpSClRAQIUyoAKXU2vdFskHUKFObpnF04BQisPE0ZZSIkFsiWyFny1SgiEwIycbpdC1dczodQRubCxI26SYEODOgdCUssBSBJMlWBEZWraESJFGi1hqhWgMkMNgtGwqpVIIaYaOwANsKhQQKRQhw2ulhWNvZ1Q6MhWQTJWoUIJAhpBpFtZRSgkgbqdklCpblkEqpBCAETiudzQgAau2GaYhQoIgIRSkhSKilRJUNIAXgdEg2ESERUpIlSikyKOTMbGlMSCEpELWUCAlFKBTCSCFZ4EZEV6tKEYBMllJbNls4MRElZBsgokg2tiUJUCBAliIklYLJBMtuUYRRUVBCGAVCEkAzBEongK1SJEnqug4pp9amLEWhiFKihu1SREgR2SzRWqYdETmRTilQShFSiZCzZQNKDYFBlqBG6bqOCGwyI4okbCAUIIWEMpuilBIIKSThJB0REliN7GotUSwZnDZuHksUS9M42djNRlilhBSOlAMpioTbJFy6TlKR0i0MEhK4RI1QiRIljOVAxkZIhIqkzJY2oVAoBOk0Amct1ZkG7NaMSSfCIIHdMt1oLZWJw7ZACoUCjEm1bJJs911XSgXIVmqtUW0blYIsY4FtqQqnjd3GMUoERQHprutKhACnQUZSRCDX0gEpSoSiuLUpM1DpSiiAUBRISSIbkmVnpp0YgyGKQJnpRBEtW0vLASkJW5KEM4WMgBJRapVlpcByUKZpKDVIWqZtgRB21Jim5nS2yRI4hEIyKEIkKRsICZGZFjJpsBU4BdhgKQCFALAjikLZyHQJIoqiUKSIKKqSVCxotGyGbA2pTRNBF0UyxhgEGaVAQNqkEwXWOA1gIxuToYiuekpJiqilICPCilotF6mrnWq0TEygli1ba25ulilFEUWKqDVtN6ctCRAoFJIisKOUkJATVRRFQjZhFNhIDhyhkKJWiXRKLlEMJYQIERGARK01VNK0lkVKO6JIKlGMQ3KEVMCA7YhwQtJalhqhQAopSkjKbKESCtNs1SgNu2XpigicbWqQiAgUEpFpQ0RUUaPaStskiUI5ZZtalFK7LuREoUBgMIguStSKac0BiQvYsimlCEWgUkM4rTAUsIxDJUKllIgaIWRToyAJEfKEgohiO7MZEcjCDkklhCJKqEQgk26CKEVk1FIUmFJKAEZRgGyTREgOFQmDFIlJBdOUzlRIkHahENhqbiFKhGVEYIWksJvtqbUSssFWDaxEEWFSJiIy2zhNXZQopZRSSkmnTcgg3DKN6bo+SpGkADM1ZxszU2DbFmRrE2Y9rlpaGMkGJBxcZiGIzASiFKRKZkThslK7UooUCkqUAlEi03YSuGEps0UEtgHnlJMiQmHJdmYCkIJaqpBEy+Y0IYiuVAJEZo7T2NoEgA2AIsqnfeonj1MqKKUEipBscNqFsAGilOYWKO02tUZGKTmlcVUhAEcpssdxihLKENlIQdSuOFJ22qCQSKSuBlgUnEVFIVkOptZKKUUlShCQaWfaAaWUTLcpx2mKUK2dRO0qDjCyQbITFJJkbCOQAjkdUmamLVkUhFumbYzpoipkLCGbCDC2hNNRSpRqHCixhE1IiHRktkCSJJFpbCwEkFZRNrBBKZQqRYqQiVIFmYncErepZSuqKiHcWpPC2E2JSynj2EKqpUyZThNglJKQnVaUUms4Tbp0PQg5IqRAwkIIla6UEpLAXd/3XR8lulKlkBRAqNkyaaMiO21nOiHoau1nc1q2bHaGQiESQxSkKBGBai1QECoKFWxoUWo2t5xspmkcx7HUEhG2WjawwW6hUmpISltIgIQdURSlgsHGFiFEYCkIIRtynHA2Nzu7MoNWogCIqbVsLboqismICMXYpiiCMCmIGqEQwo5aFZFTWsrWEgfCzjalLbdsliJCTnLK1qYoRSFZtiVK7SQDOARGkiwpIkKyFWE8tay1iIgaNYoiWrqWABkXbDkUQiWEpCAoTsJBhBJIqTgnSUURES1TQqU4c5paSGmcSYjMTEsCVKJEkbNlywSFbSkKYRERQmlH1BpyWnLi1pxTy8zWUlLakoKopZM0tTEUzQmKCFqqCJPZIiJKMdiZJBYIZaYkcEoBwkmCImQCyZkZyCEFWEYKCaKQJm1ZCrK5Ta2ZrguhWjuFMIkdQETQrCDSOQ6TwCDJZCmlKGwURESAAxC42aBsqRoRJYpKRFcKERJWOJtFKbWUkHEaY0mADZFYIRECCU9GGJvM5tpHEFGkkDPd3HLCLqVGqUVIASYlqfQ1YMps0xilSKGQs2UmqjVCciZFaljYTkSoJAZLsoXcpmkcR2faQilodoSKSNvNbZoUKiUURYARtgODVEoRTpIp0yatUKgQkghJwpltysSYENF1JSSUaWc6c8qGUyWQZSuqcRoiS6kCRYmQyYSioiI3T21SCBsp086kRCkBpMnM1iYMoRKhCEHtOsBOGwWJs2UkKkQpBqdBxiFJiIDMRAURklqbMjNKRIlQJAbbtKkJgFKitZbpKCUiJCG31pwgQpJksN3cnB6Hwaa1jAhJkiAUcjabkCzZAmcaZUgQkoSMJYWwiCgB2GmcNqBQ2k6AQLaRAMutYQM5ZZIgoVLCuNToap8GSRHiMtuScChaNhkVQnJaVqklpKIAFStxKSFJItO2KIoAAqJlU2ZEkYQIsF0IlZCkEiTOlkZIReCQsI1CKEKQ0NWiEERgE5k5jEMJFCWKACyErZQxNUookIyAzMx0RBTJVlq2I5CUzpAkt6llJlJmRi1AOLDBBiQMshARmQ0hBUFYqJi0s0aUUgSZDZxpbCRFyCBVaoSAxAEOyQIbkG0UUUIqESpRI4QURRElJMhUsYiWtlstXfOkUqrkCAROC0KAMlu2tLM1Z0pBCJPZMh2hKCEE2JmSAgkkEVIqCEogQpDOVERIwzCQqUCSDCED6XSm7XRzgo2QIyJxphUqpUhCQmBJICmi1BKBRdpMTbUWyelaqoSNpUCZVpHTmZNE3/XNzja1NKi5FdGmcRgnnK01Y6GIMIqQ05lIqRIRBUKKkFREEzJYUCKiFkmAIiRQ1FJSdLXvSrFMUmoEskEiiiAUmXY6JJUwzYCkgMTZJIXC9uSGIkLpEBCBwNnVqghJIUmKCKx067o+JMvKLFFKKeDEgqJq0klXK6ESJUIQkrquq31XIjJdFCLKp3zSJxKOqJktIiIKEhASVQKVyGygQCadlhRylHBqalMQCkWoZebUsCyAUqoU0CxHKaUKCEUoIgKAsF1CikgDCXSlUxFSNrulTZQoURQREiEh21IoCuFsliAKxqbWIhWJdLbWAqmWKCE5jcG2bUUooDkNcqaLAimxW7q1FL1KyiWKItKEAlEipMg21dJlyykzW2Knm20JRViWo0QnEilUFIqQSmfbhogQtoydHobREKFsk1BXa2LJBoWmqQERoVprjdKVUgsZxukmohRZTidCJWoprbnUqKVTgN3SinCzQchYAlAUGydgZ0tbWEWAFLKzNZBCziTTAhGK0pWISDtbSlEiCAkhjGVhAAJUhBUKZJxOES3bNDWhdEpRimxwZksLOSIiImrpwKIoJEVEANkal5WuYk+ZESqlRJBWkjk2SWlHCJFpTy4hS2ACpSUiSrMLJJbCznRChGhpZUYUoLVmQQK0HDMdkiAbaUfpau0iItOtpSJC1WSJrlSwCFm0zObEsildLbUYC0VBaZAhnW7UUHPaOU0ZUmuttWbIzBIyKELGARI2kjBKS9ihiFIkMrPvZ1GL7XS2lmHSBGrZWmulRKE4ArlGiRphN2cmpdRaSrYp07KjhISMcWZKRCkmjTINRClCKoqIkIqCItvTNK3XUy1FCDJUFIAAlRICGzvTBizhlCRIqxRwIEXYaTcU2BKKiFLc3FrKdsi25ZZkWqKUEGGpliilZFpFICxBiSglFEpD5tRGsAAJBTgzDaV2OJupChXJCjG1ZkdUlajg1tJppw3OtFHI6VpDQU5pEAKszDQ2QSk1CIupTelURKlFOC0VSaGQDUmUYmcoFFFqkYGIiBJFshARzgQsFUmSM1tmECZbZmKcipBNAEWKCIVCUTITJxKhiBKlhMBKO4TNNLVsTVKpFYn05DTObFKoRClRokQEBVIqcrZSOxDYTuHadcgRISQ5CCtLkZMokpjGaTKzvieU4yQUUQiwgZxaZqYTANui2UWyCIGnlhiVsE2UWgLCpJDJJIOCaK01NxEKpJimJrAtK4NSSkQBySpFRUUhgcAGEREgRGARCmVaAgs7baFaI0oIQFNrmMRuLUpIqlEUOI2ICGwgQli1qxG11CilRoSQlW5YCodCkmqNzJTCxjgUISAU2Ei4OUkQdpoILOTmCEsREUWt2c6IMGmjiIaFsY1VwiYULZvTUxtbyzY1kwaQhJOWTUaBCKDWEhFyNLe0W3PLhjNKMbZlW1IopJDBYDtUozpUIighR9QS0EjSwDgmThWFwsZkqVXQTEDaQk2SsbM1EwjLGBlhGzJTsk0tRZIz0ybtHAVB2EZSEQInWCrIYUlhYyxhEJKFEKYIS4oIEzgNZLaIIsCWiooBI2wkREscFhrGsbWstZYSaWOnc2pNRbJtCwEWAikiItOSIiQJECkiZLAko1Bnp4RUslFqYFQCW4QCA+lS62q1lqxSMm1DKEBSmyYJIqbW3KhdOAmBbVtgOwFEqDlFZiNKlAhQptNI2BAowmnsUKAwDlAJKZwZEYYaIGFFCAQQAhsrpQAQpYSaRLYoxTZomsYpm9KgEM1WZqklETisFKGoRVJMUwIlSgqgRKm1GstW4MQmIiIKtgJnUwgDaVtCUaJELSVKCIRqrUJSlIgAAkUppagEFkhIQkjIKEqUEgLbcqg4MlRCDpM5ZTrdnG1KIwhFjQAM2OCIIpEm3QIhMh0RIhChIJBVSrTm0kcptXQ1nZlpW5JAIUnOtF1KAWWmdi/cK5CKQqWE8NQyCAUWnhIUVaRbuqvV4HSSTotQIVvLtGqEpRLhAKcxDWMRSKFMBxg5W0QYJ5LdWqtRVNQScAhAKG2cEKohI0gABNhIraXTta92SrJVTCqR7ci0c0IFskQNkaSbbYxLLSFNUytBokirFANgp20UAtsK5dSQpdrVAtgAU7bMLBFS2E2SgQSRdi2RiYQzW7YSVeE0gJsVEcJ2ujmVdt/XdNJwkSCiyE5yGluaEqGIGpEkAAK3qRmHpFKdljMlt5QQhAoFEW2aEFI4W5Rio0JxNCeYkJJMpxPZzaWWKAXLzswsNQCnkCVZzqGlVYpaprAiSKKE7CldSiAyLVCEJCnshCRJY9zaVErtanGS2BhQkqTtooqMURF2JgrZKUWxJk+SQFEjJ9smJFuhbM2pUgMhYpxG4SjFNsYYh+QkZ6UztNacVsgqETjTRpLt1lqtkbaECAFSTtmcpRRkWbIdJUIonU7T1WIzjVMpBZjaCIrQME4RUUuEIkkRdkYUgNC0nlDWKGM2p0pEFDKNDWBSrlFTVpK4RDgTFCWytdLVbOm0QlyWTjnSTVIEuITcMg1AiWKcaYnWElthUaNEhFsa21aJICLbBJKU2bCNnJnKGp2EIUSma9e5tfW4qmVWarTWbAtAJYojaW62UImCnC0V0VpiRy2yLYUAIUM4bdLNKiVIg6SptUBAplWjEMagEJmZgI1US7hh2ZBtQpJBIayQJKesFoo0TgsiaLaICNlgp41zzKxdFAoYwk4FUiGtQCidU2uyVIRDZHOGwpmlFlvCSECbWoQEFrYIJNwMhDRlk1QiWvM0TVEUIUUUIp1plyiSMtOZRIRJg5zOTALSWWtpJhDCdiBDSAjs0tVxHJ1EKREBzY2ImKZJoShhTMM4Qq0lUimlTc1kqIRoEAgaKjJTjuGCUAicRhIyqam1IhEmVWoIGQOiRmFqjTSSnem0M4ja9601iWzpTIhaA9EyW8uQSikYCxuyRYm0Iwq27dYSspYKslOiJaWEpGzNyGQgotjpTESJApraFKFQtGlKCIVAESFaGuNIHAEIOyXZtqm1S2e2BpQamSmHcZRip0FWa63lVFRqKYkJlShAZgNkGWc6ipDcUogQbriUqkxHCZm0jZ1CTictFREhLGRZKWOD0hYIogSAQUhhJUlLQoKEIDMhQraRnE1RANvTNGHbLiUiSilqLSNK2pJBGNsKYUlCZGvjNAG1RITskIiQLWfamRgUilJjmhpOpJBQsdPZ0iACRUSJktkiAsm2IkzKctqZKYdC0DJbNlmlBEIRGDtTFAo2so0EUoTSpmnypKTWaOk2TbV2SDjHbKS7rotSaC3xNLVSulIAxqmRiRQSknEXne30hCQ0TlMpxQCWEIEkDCE7SaSiMJ6myaYrXYskE0dgi4iClRgMluSklNKcnibVwBKKYBpbunV9j52JsW2ZqCEpQm5MbUq71tKV0jKzJUFrSICxMZlGYCLCMonJUFFoaq1EBEiRpC2F3AwphUNyAiDbIiKwJHvMJoNNKQVNbbJda7UsyzCNY7bWz2YRgWk4MASAM23bBCVqSGkXhcmpTZKkGkWkwVAyW8tJEoqAiLBtMjKosqB5bFNBql22Sena94Rp2E4MGLroSiHtcWoBDimNsDEO0bLZ5OToIkAStm0rMAZkWSGiKDNt2ZZkskQF1uu1MxezecNSWC0nRxQLsBLLbkYQUYxljEJCigBA2aaWKYkQJiRJSJCZKhHKHKaJQKCowsjjMNVaHUFrhqqYbLs5XUqUz/i0T4lSiiKEkO2IYjuz4Zja2NrUdb1NNhOShEmnQpKwDW1qISIC2zjJkEGJiyJqwZZpbiXCgAJJsuxm167mlOBSa1FMaaFaawLOzEy7lAo4MxsqyOq6EgWQsA1ORdhWyjaoK0VVYVIgSSEp3RKKBALSRISlCEXIBkkS2HYQiui6DkQyZQNZmcaZCoVCIWwigkgsECIiBCJKlFIMgaQIKUWbmm1F6bpOIaAoUGAB2G3KUgMHokaJUK0FSKdETs1GIaGQSBfRTI0iHBENt9ZKFDuj1qIoIQtAIlQJkHGkMxSEwqq1KiJgaqkwipBsMhNM2ukASQo5AZwuJVo6SnHaalgISWkjyyhCtluTUIlMhwIbJ9DSMopoUyu1ZMskWzbbSLYjBHJrFIEyW5SSaUCSsO2WDoUikEMYZWamJUkhjHC6dKWgUCS0bE7SWRQKCRLshrCJUkKKKAg7kWRRIkoEyMJQZANpk84QzZmZIaUAQoGEVCNKKREFOTPTTkIYkdOEJBVLpYRgzFGSoKESigi5ECmEws425dTGtBAWpBERKlGQbJSOLiSlMxCKBESoSgaMi4IQQhFFVZGTLSQDUWoYO51kqEYIiFIEUUpRURClCExECex0C1VnNlsKMpFsFGDZlgRytkymnLJNpdQohUzbIiw5M9MSpRYpFCpSWtPU0i4hRQmUokQIptYkIZAKEVEQgCGz5WSFQgE4nQYJCaNQEBLIoJbOzHEaZBDYNgp1tchCalMip5ubFcJOWyGn29QkCxHk1IyBTAsZUGbaTssqBZU0EjidVlFYxthCtono+y4iMjMzjWy3lhaAcwIZjCXbYGqJWosUkoAIFCWcKiGYppY2QgpZdgoi5GlqIlAjM1uJ6pZpKwBFhABbAAJLchohSxG2lRCKEgYjYWMlxrWUqFGja57GaRJChkA2uE0qQUjgtCShNo42EiDbpSBKZmYmmSpFUpI4IwohrICIEEhIIaGQFCJsW8aQaZHZBCpF2HaUIikUoGxTpqNUUCkhcFjItiIScCpkbKOQE4pqKYRBNBMKSVEiAmU4LGQECklRpCihMESRJBA5pUKSjKUQzsRY2IQEtkEw5uRM7LTBIRRhu7WWThkUmLSBiAAkUGAZJ6SzEJJsS7ZtQySJPYUKci3VdmaWEl2tkkoptVbwNGVEsUmyKiBKCQkbcJTArdl9KaVUEKAgIrCELewEgkAgQCWKCDtDCoUiQoAESBiVkMK2cbZs09QyI5xJSAQhIUmKiCgh1DJDsl0ihKWQZKcRJu1sdk5OEEKg2lVMy0mKEiVCiQIIhSJCAlu2cYpaIiQRhEqECE1Tk0RgUyJqFIdsCkUhKZzT5AwkRVotm6KEgrCntC0RpZQoKTByZrYSxUImPQZVEQLAsk3IoZp2ywxZloIogUSzbWMbkSYM4zgZBAqqAqlNU3S1qCArirGxImopltwsQAhSlCgqCoUCRYhQIJQ2doKdwulEkVNGiZBAQGaTotYSCkXIlBKJ7Iad2WQkCQAEEFFKKbbBbZymbKEoUTKdtnC6ZSMEQUhCwlZgSxEKC+xQYE/TpBIhBAicaUxi29QIQcu0nM1uUyqLhWSByGwtHQpAokQ4QVAUhPHUplpKKKZxkkASBVkqOG2ANmW6KYqFQti2I0qEJYKqQAgkDNgZJWrpgKlNRUoEBpBKhKIIQISwnUZWy8lNRZkMyyNELTXTQpIlsOyMiBIVpxSlRPm0T/nkCKZparadzSmEPQ6ToZZOJUQgIoiIzGZniYCIQIRtidJVSjhxpkJShKKGAOE2ObM5yVCNCEWmiwpSlIhUgxKBbZKWttJZSokooQKttQnARjZMbZKKQrJtMjMRRlUosEESQbTWbOR0YjJUyAQkYUuhUFXYGIFMktjYqEiSPRkZ2zYik1ApgQQmAQM2zgYSysxsKZAiJCctm4RC4UBIql2BxE4yJCTkElEiTE5Ta22spZRaDZmJUyIkI4FCEZIKinSGICIiIpCKAGiZAYmJkCPTWAqwgYgQsoxCAhlEkjSbQIkzE8uAsDAqNSKK5RIlirBqLYoQINwcigiBZQBnA8bWbGEUEqQzm5sn2+mUKCWEkAQykoSy2bZBiiLl5CihBOE0WFERdhYFTmc2A3ZzDVlqbWppSULjOBq35tXRkSSEQkRRBCIEhDGkW1KiKJzIaSLtMIoQAMa2iwIUZsqWViEMmYktBVAgnYoibOO0hQAbnC0zXUux5JZkCoBAUcKZTtLpsBwY2WCjUmoEJUooTOaUrbXMNEZIsshMGUWAsIzB2BEhBG6ZzmZcSpEi0gDCRjhN2EICgyQACyFJsiWahdMG2wakkC0VpJAK4ZatJc4SJYpCooTAqJRSFFO2lq1E4DRKEAKcdqaFIgqoRKiAAYWEnJakohqBaW1qmZnOqbWWzVmjhEICSVFKiQghJEgnbpmtNQBEsZsyDZaEJVFLp4CkOQOkmtmczQinLWOZlgkqEVKEopRQwelM25m2UooiKFFwSxsztSmbE4NAyBEhKSDTtdRQENgGGwRRSpQa2LZKYCsCaZom7CKVCHBESGHbkmQppqkVKWXA4LQNODMDSg3ADYVFCAwyY0uwpNpVO9s0SmHbGLAIAWAHYEmyiFKwbUySgEMFIjMt55TNrqVKAS6KUooiiCglBCGVCKOxTaS7WVdKUYDJlnZIRiDbMiA5iVoE2VApko0hSi2lhlBEiShg7Mx02rYzJdvKnIRKUUSAWjaMSoSjBMhCtkSGhKJECcJGokRByJIAp20bLIWdmFoj08K2kFpOEeF0ZiIVFXCJUChKQUICheRQiYJxNkKKwB6ykS5FBpUoKpSYphEyFHZmJqRRaxlSqTWnKTNtEsuyDY5QKGyMFCJpmTm1CKVdokaEhZDTTocUkko4nZlpA0hCkmxkSq01QkVFJSIazekpDRiKopQSITeBI4oCp6Y2yq61qBSap2zYFIHstB2S7UwrihRg49bSOFQihA1qpJsjAsktnc2ASONmlHKUoDX1tZZa7IwITBSJoogIQoGTBDuxIgyAE4laa4QsF0IhGs1ZSyAwtdbMFBJIlmjNwJSWCAnZ4MwQCmUCEESEiLTbNLWpTTmVUiVFKO3WnK0hA0CgbKmAEgKl0ygwkDibjZ2IEoFEtkwjh0IhWUiZmXYojLG6rhqBQbIymwJJWBKtJai1Kcdxak0i3RRy0qaGkMJOC6HmLEGJsCQJu3RVipatlCKUGGdECGyihAVIojmDKBGAEDaSJCxJUSKzYYuwTYRxZtopBUiQmZAQIaxiZ9Iiwi0T5LAsRWZKkbhIhma3RhvHKVspEsppana2li0l1Yiu1ObMll3tSg1FEcrMUNiuUSOEHLVAQGZigShRkmbc1a50XVg4I1RKcQKRBtm2QoqiUCCBFEBms0ksyZklFKWYxNgJBMqcyCSRNLUMJGMpFIg0UQTOKRFBGIcotQQSUT7tUz85FA0CFEVJ6aqhtUlB19UoXQkuC4lxmoRKBIDCCEkKYbATBaWUhACVsDW1ltOkiACBIgBwYmPw2FqppUQAIVECJ0JCAimTcZhKLQopDUjCbWoZpZYIFYVE4CRwywycBDhFESgIBVZEolCYTLJE2CAksmVmRhTszFYKoUicjcyWuEQkTUg2CgFIMGUiYQMhJbQ2GZcSslJurTWQDYEoRREFYdPSGBAIO7HtKGHSqKudhI0gSsGyqVEQLdOZQVERJIRkgRWyikRQVJDd0i0pIdkt0wbGqaUnkkzLLUoxKtI0jYJQUSnCiJAiItOyAUUYOy0REjiFp0YoFBItm7EyHAKcZDacoUBuU0OUqCVKKVWohqTIxBgLKFKttRQpiIgSEaGIUAkpjEMBaUeVpEDZGgqQQgqKCpnpTGOhiCglbLCnnKIUlYIzFKWEZZlMRygUTsBuObUpQqWrMmmnLeG0SiBhLLCNhSIiQqUoFM5MUiLT6cRqLUMoJAVQS3FaoYgoURzYJlCJEkURtiLADkkKCTktQLWEimSBnZmmlppuLRNCJjPDSjtKOE3QcnIiAUongS2n062oAMggS0ohWmaJkCJtgJAym1MCAowx2Jk2so2IKIFkZ7qRtlQKKCQjKWREiEyjvuskmSZFKR1Oo1AIVAClEwxgKYQi5DY1JMmZIEcpmNYys0UpISmEVFSAqBFFmS6EagjstAWEcEQQtRRFVKmU2nWllFpKSKGQncYYREhAiWIsSyGViFJyskK1L6GiUhRhYyGFwXKJqjBEUVhu2YDiICi1SKalQgpKKBu2x7E5LYmwiAhFRImIUgJhJ4QIxTRNgIRJUJKtWSUCpdPYaaNsiV1rhUhnLdGcRkXhUCgkjeM05VCiAEatNWgqwrInhFApFdTakGk7I4pKyeYIUGS2TEcJQEIROKOGokqghMDNVi2BlJluDSmzZTNYoUyMI0qSao4aCCxb6Syl1hLTNE3jJBXJtkNC4TYlloxbphERYch0GglJkqQSgbNJMgRRImpfQ5GJ3VpriuhKVchyS9cSQURRKGyDBUlKkDJp01pOLe3ElFpIZ7YSJaKgQG7pEgJsO522JMzQWrZm07KRtm0cETIiWzqdRIgoilKilEpaEUVVAhMIFAqViIhQRClgcImQZCyJCMlpMhvCpqg4wA6kImcrJSLCTpyZZE4iopRS1DKR5bCdTkGmg7An4zTTNEFma1NLwlJg0i4hBSKiCBFW1NJapjNU5ClxRJGU6cTIgqIq2W6ZtkEBllQiQAKQopQaU2vYIFCtNSRhAgNp2xIlhBRBKTVqIClUSk1jUgpwhKY0iSFlcZnJtHEUSSG5ZZJYCXIJMqNUgwiytTTYkqAZRImAjIgooQhEKBBpRRAREZFOkyZM5thq39coto1KFUgSKBR2osBIOFOGiEhUIlA6bRDRlVpKgp02LS0opeLMdEKUKKVIcmI7AYhUOpFCIgUGkCRFKNPpViKQFIEVJaJQIqQQROlqV5U0GxQq6RRElHQDlFgWgJBrqVGjRCmhUKQBI0B2SlIEREQpoeZsDWcqFAoVIgpSEFEiJEWVcAgkrBKyszVRSkRmlohSQ6GQVALINhlkpilrmIgionYlCgLbIhSlFAWUQBLYLVN2kka2LZSZhCIiFLYyc2oZkbIUEagoIsLZZAyKaC2zTSoRJSSHBGR6GicFETFNU7aMUJTidKaNnc607bSlkARCyKiWzGYwxvRd19XOIjA2oRKBCAVBaylCUstWPuNTPgkRUomKTQlJtjOnEhUUIt2yJVKJki2jSKFsrbW0LRkQQiGplDA4WzYrSggDUilFRRCJna6lOtPZWmsKFcU4jplZSgXSLoqIwAIioqslasEgDKEAAbJbS9KAAEsSaWqpJbBVJEqUIohS01lLRIQiAqQShWyYlraNp0QqpUQprTmEBCFBSDgwRMhICiFJkK0pokQoVKIoFAjRWrZsRBSkEs7EVkQopGxJQFeKSeG02zhJciIDRpKUNjYmIafJoUwLQhEFlZAFRoBkTCam0ZhCJVQoKqGQCHW1SgBSiQgC25kukp0REV0HCEtRopSIiAIGpVPG2TIdIiUkZxoJG2xCRSomp9YiBClUoigCUUrBRMgm3STJsjMtgcHZLEkKRUQBg0xmSzslCQwk2FHVbDkQpZQSUWpBNFsYQFFLBbdM2Ua1lr7ra60SUiQOKVtaloWsUCgiQpYUQJtaa5k00gYJpJBsLClUI0qJTBtla4qoNSCcZBq5hDDGmS4qBrCxVFJ2ayBJGBtJJjGWjULYRgDNotkGKW2glpJKTEQo5LRCkpFqqZYzKSGQQiGEbCBDqrUjNE2TECVCIgjJRhhJCCFwhGyDQohsBkuRLTOzFBWF7alNmUgyiFQUFRWVUgo2RtiWEPaYk9OlhizbyIYIgW0rSpGQ0nY2DAic6UwbgcG1FEmCUoqltJ0pXLouQtmsiJYTYMhsmWQ2IaBEJHa6pcFYEahIlGxNAtKSJJyZHocxiuqsb61lGts2UlEYkMFkBgKaXRxRS0gSLdMp27ZL6RQIZClCggSVdNpWKIKWRpJwpkFRwNM0NhMiM7M1gIh0VmrUUkKttVAx2aa0LamoJK5R7AQXirpCw1BqFAVomhpkLTUiWqbTpYYoJURE2rZBhkBp1VCpJULZMlRKKWkiUClOT+MYUUyGim3bCIxxUSjC2WwDloSmNjnTRVK0acpxyswgat9lphuWwUUgtUwntSsRxelszVBLUYCRAhVQQSoh22nwlOlMKTKbECgUEUoSBJJNCDO1FEhKrLRtGwMSTmdKooScTlmAZSkshEFIksI4JEUk6bSwwdlsQqjUiAhJcgKk0xTIlCKEIqxo0+TMEhERzU0IUWoBGm7TmJnCxsakEZJBckSt2JKxiLAVliyFRIkIbEm2mxMopYLcjFMhFJioipAziQgp08ihCEUmlg2iREjCliFNGEu2S0SpRVKRnLRsEWGbNKTdUHS1M3Zmy3S61tqVYjtNEJICOUICHAqEJGPcMjMzsVBimdaaU+5KjVol2ZY92QFQiDD2lJnZ0pkTRBE2zU3YcqIaAYoI43TDKhKSJOzWJqeFJBewCJDUnAILnGlCkm2nQhElDaagdAKhKIqENrZsUxqgqpSu6/q+ZUsnWFaUiFBRMZlpUNQQUghFoChFIculFOM2NTLTSIQUUUyTRITAzlqLoERg24nA7kp1WBYiJILMtK1Q11VjQZuydH2JELSpdbUYpe3MIKKEyYhwo5QClhylIMBYESWdgEUgC5DTxrYkFCE7MQanIjDOZjNOA7hEJZMgVCMiZASKWgppYURISeaUzQaHBEJSoCiZKRVJkm2pSKGoJVQVkhRmckIpVQqVEoKWraVJE0xTphyWShCSJEwETimMW6ZxiShRp0wyVUIS4AQBJE4ndle7dLqBEJ6yCSRFFJMKRRSTmUgupaQ92YEUYScoPYGk2nLK1pz0fY0ShFo2Z6IwrqVK0BKhiJZpIG238imf8onYICIzMzNlhdR1NUoNiZANyFh26aIQQk0WhCQREYDtli1QRIkSzga2Q0EYQiJKqWQShkBEFEk1IigUFVULQJallolQSM6o1ZlgAGdEREQpBQBUhGQbJSiKAoEkZTaMlSAZ0mnbZDYgCENrky1FlAgCSVLgRAqVKCVKSBJCVoRsy7ZBCFkts0SUKCYhAIWkwBaqUSgKhABFhEk3cEqBmDIxAoyKBBEFCClBNiizySBnpqDUymU2QGKQANFsml0IopSioISc2M7MbC2xpFqKJDKlKLWms2VG1K4GNipggyIkYYwjIqKUqFGLImy3NuKIkJAU6ZSwTKIAG6lEKIrCsqSQJCmx5FqrbRNSZjqzSREqtjMz05mZOUGEUg4703baTilsbEChkAC1bEEILMnKzFCkJJBUS6mlqARGEaVWmXQahDINJolO2RKEMpsJStTSlRJRoijCJt2yNTJbawaIdIYUUtQCAamIWovT2SCkIhEWsiOKFM7WxnEch1q7KCGQwDYOBJIUJRRK22nRMm03IYsSMm6tkZTaCUKKKK21rnSERUBKKBQhobSjRCgS2xLONFAQ2Ka1TEg7IiQsYwQmMRAhRQlQyxZEqRLFskSEIqKEikpIDZytqCClLbAki6TRnBkRUqQbWBKolMjmligsKaeWtiTbdoKihBQKCWyrRCjSnnIUKpJkleqETEXYdqYiSpGNm6OEUWspbANIZDPY2ABOGyOFZJtMRY0Iat+FiltmZpQiVErFzZ4yI7NlQqAQ2WwshUWgUClRa8FYzamQjBUCFAGSHaXUEiLSRrjZTpBk7NYcxk6QhRQlhIkaJQIhwiIClVIBLFFrLSWMJNkTiTNrDSd2Opsiau0RMgJFKIScLYGu1BIFbBNFisAGBC3TuNkgkJ22LUIUgojMnNxsl6hFAgxEhCJCAKLrassMqStFEaXUqKWEwABFoWIMxThb67peUhCUcGatnSRjkCQ7AcsGYYeKagjAKKIkBiICLFQinDZNCFvIRoAMkZmIbM0tpQCQBFKglLCEbbuUEopMBK21Nra0A7W0hGpkazalFEuBnGlCOFDtZqWEjCRUkDGysRWBiRIymRhhJNo0Zsuum0WUxJhSCgiKZEKkDbajBNiZjdZyAmFwNuxMi4goEUJImYkshbOB5cBOTNpSDYlQCMKZkmvtJMIQJYBQiFoKl0mRTklEOJsiprSzdX0XijZOiQQtmyEAu9SQomWmM9NuLWoIl5BQy5YYJDBgB0QUIXC2jAi7CTmdmbV2ChVQRMpuLRQE2XIax4RZrS1bSBGhCCkkJIVtCBSUrusIyZpyWq2G2tegIABLmCTIplqwa6lFpdQSIROQtpzGmcJpC0PIaYOnlhGKCAVGJZRGAZmZVoSsiNLccrICRQjszEaEJKwUZMuIEMLOdEi1FilsQyjAgEqppRRDSxskhRSloJDApB2iSKGgKCgSQpIQbWwhUJRQs0VgK5SQrdluUwrVGs0URLq1VEQpxU4pyCSkkO1AXVdtUEIgGQkkbKbWQtRaIxQqJapkkJEKwnYMwzpbgjNzaukkpKAISWq2BCAJhUxmc6aRW9aqoiopJGxnM26ZbRpLhKBlCinCJts0jQNQSyhKlAoWVgpca6TV2oQkJKEQMrZFKSWddhrZKSmUpEqtWK1NclLU0l1R388CZSZRapGTzAbUWqJEUYmQWwKhUJEkk84EKVRrATIt28i4lCilTlOTZJskSkQIaG2a0uXTP+WTUTjdWpYICQNyV/qWLZ0BQJQAAZJAmRlIVUI4JFlOo9bGzCgRhAUSQlhRMBLGTpsoUtpIJcLGJkIWckJilInBCWQiubXWprRdapWUaZMpBUqnzGUSkiKz5dRa2nagtCUhT5mSwGBUUGZr2VKlBAkqUSKKs1mSFHa6TVNzSxAi0wJJpFPpDACDkitsQURRiFAtxSCwU4pQSGTLZksR4WypUAlZESJKEZE0NxNFIBERthWSSilFQTqnccx0lAgFaUmZztZaZtQaoRJhBU4n6USyUZFTmSkJY4godgMVFYuiSOTWLNqY6bQzJEQohIwEEYGQAqckm3RiQICkUGBCQUgO0i4Snlo6XaSIOrWW2cC11pBsSkTamQmOCJWo0ZVai4qkJLMlRBSVEsIRilKiYGO7qEg2CihFpVRKVEWppZQikS1tp20SpJBMCQXKdASl65VutkwIo4goVSIAh522s7UWkiRFFElShI0wtrEhEICUiuhKlQKQrYh0Zkspa+m6flZKhAJITFGRQlEkSc4MwmBRS6cACbmqlKKcLKFSIsDhUGtTSCoCAW5pwIoIJAkkJJnMTGdXqyRFGIUsAhEoW0sbYycCk0mEFHK6TVPaCnDYxmFRSg2wLYki0tkSsOzMdGYaiEBSOiO6EBGSCBUgnSAAWyBFiYKMFJIkyRDCKZgMTpAdEQEJNsKQpBDZGgrhbHa6dLVEtNbwFFGEnBkRJSRJUmbaGHelFIXBEEEptZYiIpsp1AgJ0DSN09Qk1Vq7WhVS4FTatZbENsZFKlGRKApFIARICtJGJRQqCkmhkCEkSSoRCkyUiAgkREhRS0FGIZnIqYEsSZDOloRQtSlFgAKkzAQIZAhZ0doku9YqSCwiaqSdYxuHSYpmK+ykSAZnwxhKFIXSGWDsdJQSESUKaBwnY6QihSKKnAIjQgohJDR5KiolBCQKYaEknWkkSWRLMkuVTUAaRQDGpRRJ6cwpM9M4BLYdQsJCsghsIsLQMu1UlKKICIMxKkjgKKV2BSyjEgqESoiQFEGAwUGxQQpH4qk1NyNHFFCUUCkSmU1SqYXEdoRATjLHbFmKpEAqEaQRRJDNRN93BqSiUEFEqSVEay0iZCUORe0iWwoMtVacCExYFuBQYKddVEJRowKEJEVESNlaiWJomZLApRQwUo3awNkwrbWIiCgRMU2TcSk1QtgppwlIKxSKcHOzA0UE2K05G0QIOawkTcgGG1SiRARyiWo7W1oKyZZCiiKFIU2bUooiLBRRIkCllIiQJMm2FApnpsGYdIM2tYiIGnbailDpupCiBJZxRMiyHZIgAYOsCJBBIjObs1JqX0oJobRxNoNdkEq4mcDyNLR0S7u1lLCgOe1aotYSpYOMiNr1NRS1hkpmZmYgp1tLRUQgkc5pmIxLKUhgEVHDqTGbm0HGbkZ2RCgsbDtTsi1DIEibyVkQTklu2C4lbKcTHI40liJCimwNFds2EZGtOdNYKkDmZKuUMM7W0pQSEbJcJNtTa2lHYGcmko0AWbYTJFuOKE5PmWQWKUppzjY2SbZtq9aQpACFLJQtLUVRSA1jQoJmqdl2WpRapMhsoYKwLYoBZ6Zr1CnbNE62o8jN4CglVKJGtpRCiIhSIhRIfddJURTOlpmKYjkb2IYgAFshYdvCVgIe26RQEIZSQ5aESqRToYgi47TT4AZTa25TjaIioQhZUro1hwAyUwUhqZC0ZgFQIkDpVEQgA4RpkhAhOURz1BKUCGW28mmf+ikRoVBERFGmlVlqmVprbWpTw3YoFDZgSc1pmQglDrfWsIWFIkIoMwkp3exCqEQppUQkmU5n2qkIY2faEJANUyMiig3CUi1VUSMCbLuUUEQoCGFLDkVBiWVSgbOUkCKdzc0AdKUkzpYISUISkkCSbEWJUmuItEEAOGo4cxpHg6KEAgmJJEoAkmqtCUJ2KoCYptZaloASpBUItTZlWhIRIImk4QgRIp0KBWFcIqRQUmqUKAiDbRkpMh0REUzjZKRQKKKWCMkyJkVELRFRhIJAMkayqaWEFBFBKKQQ6dYaEEXjOClUFBExGUzLBkYEpDW1EQSQVlHLaRiGWkIQpYRERCkRIRXcXGu1JJWQjCICJSYisiVOIpy0NobUlw4pRYkwCkWJiBKllBKhUDaDhCShoqAo7DY1IzlpTowAuaGcJpAVxmSqyOnmbFNLTKooDLbtljBNLUXtOgkpwEg1KhEhCQwtG9jNFiUiothIEQrATiJsyUYWMgZKFCkiiuU2GTkIyZgoEYpSQxGkE5WQMcZgZwMDFmEhlXBmKEqUiAJKWxG11BK1ZZaQMLjU0tJpm8QIjEuRwbZRQJQAEBEREWBJaSmilqKgtbQzQrYNQgqVrsqMbRLuahWFyFJKiYgInCkMQCgMkKHItDFWKUUREmnXWkMl22hoxk6by4wx2C6lGmOHCnabWhISJAqFiiThhFAgTVOTACuKFGk7XUpB4JCgYQmsUJQKRERrbq0JESoRU7ZhPUQECpShyExM2tkSu5ZQCUymowRWRIiMUiLUmjMtO0KBTNpCgJpTDbtZysQ2wkaBzZRTZoJs0zIzo4YULZuhRFEJIIxFoIggAqelKApJOFtDmsYpMxXO1pyWMEnaBpAkSQonEkaJBbYUyOFMUN+X2vUCiKhSqS0byEK2pbCRpFAoihRFFAWZnqZJckil64RsJFLKySEZZ2barWUg45YZqNFkomAjIBAyAFO24ii1ImRZTTiiQoKAEmEgQilkCVRsI1kSAK21GiVKuGXLyZKiCIOcE4pSKpaFhKRaIm0Lp6IEAM50ay0CpAiMM6dQlOiiFpyldLVGSFKEoLnZtRZFGOxmSwpFOFOhTDcnEFEQwrYlJbg1cENCpRQbCwVBINkZoVq6zHQ2cCbYKLI1gwUAOJ2JcSkRUSICp2WI1qbMZlMipmwBiSNKNrtlZkZIkAjZBCFwKRGUzDaNk0JRahEqImXllFNrLYok2aQxhCJCEgZQlLAt4bQkECERCkg5CCEEFhiQQyExNYfoaxehKdPCtkGotURWhJNSSiicWUopJUxgbIGNcYYkh+Uo4fTYJpAzIyIBt9asCKUtmcSazTsjlSqwKSoUBSIQoZCd2ZxTa9kUKlElFAoJAbZwAm7NgLHBmc0OUBSciCil1sgJZ5NKgJHCWAJwIFC6hSilZGZrmXYNSVLIMI5NkkFIQiJNMQ7ZBmwQNsJuaawSCkmAkUopbpNqhCJUFNGMVEKOCCRMLcWgiK4UEIAFtLRxraWZNo1RCpCJncJIIY3TBAGAIlRKjRpygCUZtZYRBZxOjCRE2kJRJDDqSolACpWSLbM1oyqkcMtauuYGRAhQyCagkYgoKhIUlRLIpnbVTilKjZbZcpJQRNcVoggbgJAUEmptIiiKqEUmQmlIJKlEy3RRjZACQA6KJBQRJbOVUmtUSU3GNgqE01LaRYooaSMhFIGwiFKEJCKwNY2DQ6GwraKiEiWQINMI2wmkm40CT2S6RNRStbd7rijSiS0UXRGALEjbAgsTNuF0CaHAGNym5nRz39XmRKUEOVkhBYbW0hgoEUKhaG6tZUREhDFpYyc4Uw4HgROVKMjORJJFpJtNqVVGRU7bxjLNtlLIIOOIkAKMkIBoU2ttrF0P2M42SQVUipAyW4kytVYikLMZKQLBOLYoJUwGRYHJ1kpXMp1OodYyQqUUjLFbS1EgapetoVKUaWzSWWtpmdmapFAhcILIqaVbLVURQgSeUiWM29QyWzYTZHPfdSohO2pxptOgdLMlIckQqJTaSGcKxnEkVEqo4RAYpCQja+2yZU4tQhE1CkGMLe2GAIXkzChqU6IAEyqKTDudZCgI3FKKCNmpCAwm3VBgEMJTZldKqIIdziSnwVZESMgl3QxRJGMISaFMu3lsLQqkDaUoogTRQsqWpkRky+YURpGtGWZ9D7Q2yaq1TNlaS9tIYdVZDTS11loD1VKas5SCJSUmsyUWERHp5lSE7OYUUGox4JRqtsk4Imy7yKOFVSRQhBIkkynhVCJhFCEUZGYmEZ5aOktflWFay5QkKayWLjUUJVuTaJlF0ZwKhUlbKCFCRWot7VQJEpNCzQ4iqjDgacqudgiTMmkkbJOmFGdLuyBKadOAsKm1SkAIYzlwS9tTZq0RRGuJrZCKwpFuaUKKCKdBzskRYFsRAgOZjig4Sym2p6lJzuZSikmQIrK1KDXwlGlDZpQotdom00hSZpOcFlhEkkWhUjw1AqezZelKEuG0syXgoogiE2DslmmaVELCmVYQpcp2GmOlVYtbZiYQCkoENkSUbGksII1QBMhOQAQ0FCSTp1pKNidNCqkWJcIIC2dzkqhEjdI8rpbrWrp+1lvGSEEaSJzNCkcEdjZQWpIl0zJLF1I4EyzCGJM0NwhElBIms4GMKVEyU1HsqTWXWmRbhCSFbaeNEbUWN5pbS0JMw4To+6qowpk5TGON2nW1tWZSLrXrTMspbWMT2ACZRFgqLZszRdSu4my2kEI2SlPkTNutZdfVKAVwkm5IJSBJ5EwDdomwoo3rUmuUkm2yJeNCJRIDU2skKsKksyimaSLoug5UFCmHmaaUbLDdnF3pBJMnOQwlNI5jRFFErYHJNrXmbtZHKc50ayCcaSxHFNlp2+kEGRRRLMsYZWtRQgLABlngqJLlsY1VNUpp2UqEIVtrmSGFghBkJuDMLCpRhJ3GIghwtrRdu5KZq9Uwn8+ANCGjyNZKBIrWWoSkGMfRzhIRUQjZSHamrYgI3CBbE1EC1QpkS4VEZgKkCEsySKY5JSQ5QVLImZmtlF7BNI6YCKkUZ0aJnDKVRQVIIyyj0DhNdpaur9KUTWiaphLhEjm1UmoJtWzYJkoYFadL0TBO2F2tiTFS2E5bQjxTpiPCkG2yXWoVNgphU6NzOLPZhAiXFo20pGxOGxNFToxDspCkgEQKYwmAzKllhIhQythutrrQ6IwoQbScjDOpNTDmCocEka1ZLioN11pXy6M2ta7U6GuApRp1Gqcpp1pKRIG0UMrCINtpBFJIZGsIU6qkwMZWLW1stgEjySVKZtqZ6a7rCUi3KSe3sCIkRcsJTMjprtRmA7LTWUq1aW2qtcOJsA1RQomFJAHTNIooXZWdSqWMbYSiRGY6M7HTMpZCslOlCEHagBRkEpKVWG3M2kUpkWaapsAtrRIlAhtFiLSKNIxDrVXGEIokCeRImiwnkCVKymQmAom0bauWAjQnmS0doVIKBOQ0tQhq6VpryC1bRIEIMU1TutXS2YAjigKb1jJshEopNWiAjVpOQShCkjNTLYeMWqIIYwW4TQ0707VElNKmZhBQFAkhY0CmfOonfyKSsylCRVgRAlpmSMLYzU5DpixFGAuKQiXCoRARlgNJREQjp6lhN5IEwAYplDkJpBICFCZUkIkIFckhlRJSBDS7CEklwlItBacUzjQuRAZtHEMlCmkkAQqF1HKcRtMySphUcykd2GEnkkMhgaUI25mWJAkISVEsgWyTNkREBggISZmtZWZrUoEEK4Rke2rNZEvjREJhEErwlFGKjYJQBGrZpCi1WmrOEE4jpmykTEYEtqRSa3RFtpGgTW3KVmqJKGmXUER0tUgl1cJECAAJEC2BDIUkYBhGITABlnDaU2vTOEmEAmcD3ERptu0oIrExzmyhiJCgZUoSZMOZTofkkLOBpXAaK6IQnrI5UbY0iLTTpKfa94JSAyRkLCJtK0MqURVhWxZRMrMgkwBphdIplRIhaNmihFA67ZyMhAiBJJUSsiWFMKWE0wqF5MxmbKPA5rJsZKZxKAQhWUSItEmsUqQI42KpSEgoQlEKQgA407Ztm4gwkIkiAhAhIsI4cAPJ6WwuXZGU2TIbcqaxLcBCQgQChWQMgEKSDDZRiyBkgyyjqIqIKSecECYzbSAkZU5pHLUIQiVUS1GmgwLOTJs2tXQKSkhEtilRKBSSipVSFIWVaVrL5maIUiBbm8BdqaTTFg5FZkvbtDRdFyiELEIqpSg8tYwAqBFRinEbm6QogdzccCC7ZbYWCkWEDMpMRYmCKDUEtJYSNcIgOeWwPDVDKaVEzTRCqJSQwpbsQCllJriWkkiBnbZx1FDDbRwbSEocQgoCELIiUNgJwkqnJUkhVMLGREg2xhEhMORoJGwBFMjWDGkpkMlaSppACBElMAYykCmlSkqDgHAYI0lIksFpge0IZWZrrUaRNE2jECESwKQihJozpxS01pwZkqClS4SKyMxMoQiilCIlxlIIORPIdCpCiBJCUVRrCYVCQRgbZ6aEgkAmEYEJSSq1SGHbTmcSpUZkMrVUuES1s01TZitRFColAqUznRFyy0wbZ0tnRilRJAU4IkqpJZRGxkCmg2zNJhRRQoI0EIQCWRHRdVVCMLXmlgaVEAgngEGKoITA4EwCUSAU1KgKtZYRUto4IkJhMo3ASeaUmSFhEQrFOA6ZadlGEbINbimjKNkyIgyClkhEqCWtTVM2GQgswIEAA2BIogQCuyvVknCEVGq2li1rCCNcuq7UWkSEFAVZUiicU7aGSaMg010UqtyEoThKNThTkggMuNRaFLZtp7OWqlA6g1BRhMjENKdbqiiNUERka0YIp0spUVQUighllCIrQpIslYipTTk1SV3tLNrgpAkpcBocYCPJUzZnDVFKiQhJkiQRpUQjszWjwDbNLY1AKoRsMlumsVXlli2zRLWNJFmmTYlppnahWkgI47RdIiyKInEbJ2OZTJNZSlFEhKRwYtK2odYaeGotIkopJaogE0yEoqpGRXamUYCdiCDSqQg7caJwBC2lyMyEbEkQKgJjZwKCABRpF4mQTLa0HIpSlTZBmyaQs0WUUJEIRXQlVJEga6kRNADSBhPhpLW009DVXlIaJBJLZEJYbi2dSUhSreGIkCMkSmazUwIrikLRWislCiGpVE1tatPUmp20bLVURRGGCIVxhCRlNklIDkcoopBOO1CtVSFMOiVsWmYJAaGIUpytOT3ZJSIUKtmmcZrcJoVKlCnbNI0qFdvNZKtdh2IaJykihCIiWmut5ayrDmWbbJNurdl2tmx2ONDU0rScSCeQU0YtktSyObO5KyIis6UsKUKhUFWbWmZiK0r5tE/9pIKoEVKRWqbtbM0KMltzkv2sIxMIYduQrYFCIii1hETLJgtJthWhiJAUUhBSSIoIJAiUbbJkJDxFqRLOBhKEimTbIIlmASGZdKZNpu2MCGezEYEAG4IIJZbTmePULCTJQrhEIUlSxnI2FDgzBAYs47SdBmcihYzCQLqglNItW0MSFnLYJhQ1CkhIgIozQzWdbTJkhNxImbSKRBiBMQSBJIoxatMkKZCKQoFdSlEpNQo4M6epWVmigwRCsrHtJAMBSWJBKFqmpC6iKqIU24hM1y5khSRCRRElW0sUBSS3NrYmrChIinAi26JGpI1UuioQQpltysmEkYTTHsdGGiNJCFmKtGXjnJyhqNF1tUSohGSiRLPbmCoCpcDklC1NEAqFCJVQREBClCKgNTA4BZQIwsi2M1tmIIREjXAgLAKUdsDUcpoSOUJpglQpRTLKtKCWEqGQJCIKEnZIaUopUQTYlkIC5DSBpGwgbNIgwkKKCOxsqYKi2JIJlM5AAoUCTCAbjG23zFqKBQqcUlGEbcltaoaQDAIk0iGZdKbAkM0qwlKQdlgonMbgRCo4ogBCEHZTCQmQpBBTa9jgiADLlFqyZcssJWoJFHbaBimk6GRHhBQmIxARERGRbkZ2YoSSNCZKlaaWbUrTICSQbGELRy2yEDJItiXZCkUIAJVSigMyZYiQskiZ2HY605JqRIJElKomKy25ZYmSTtnCmWkyLZwKqZYuCtlMZLNERElDGmywm1EnRUSUAFrLTEIATiQhwISLSleKiMRp2xZZpLSJwLScMArVWkvXtWwRYMkA2dyyCaeCdEgJEpYEUSLAQojMzGzZBCWitYYdtRQp00RElBJCkgQYT9OkCEkhlVoyp2wGA1FKjTLl5HTDmAiVUmsXCklhHBF22K01I4AIlVIxrU2ZipAN2UJEqLWcWhYp00mKsFvUSoZti1CUWuRoOYmwbdvG6TAOwG1qkoiopTQ3oJZKOO022biWClIIZagIatQoImUMiUUYJLAQMg6VUkqUkLBTBChCIVmYDAWSUyYzLUKhEkJCkiVnpsGtjWlKABIRESpgIaEMBcgQIRvbIHGZLamUkplIEm2aMm0sS0jgiJDTdhFYCqlEME2tRKhAQ4GTvpRSamaWLkqpbg1Ip6QAgja1llO2tNIAtokoEWFsUIRUZMZhPbY0dnqcRgAByjQAMikKEpkmk7SRMwREiaIirJaTU6YZIgS2qVFsT5lYEgngkCJKOkOSQkXYzkSUiChFKnZL2822wVhDm7I1Jc2NpHY1QtPUKKZRSiDcMtMoMpGURnKUEkLIRoCAQM6cZBcVhUgj7LDdWlMopAhluhSFik2JCMnNkKDmNgxDy2YnqTa1tEkwKGyas5Ziu7UWKqGIggIhsC1juUkRkp02pRScUUuJKiEJSBsjG8wVBmFClm1waxOAhDNERLFwa5IAG7fMbKEgSiCnE0wCIhTKbDbGtRTjTMuOGpKMMAYZgaDllNmMs7VMZ0vbQRBkM0FRKNSmltkiws7WmrOFRIiQndMwKKKLQoQsYRHNjghsmYZlW+FsiFq7lAFS4zBO2UKqtXRdp6IIpTEpKZ3ORCJtLCsznYCNQ6gUZ7ZsCAgBEREBQNg5tWZbRnJXCgIJHFJEqbUHZ2ZElKgRMbVmGUUNlRoAEAhJkFhKG0VYblOCS5QoIqIQ6SQzFAGlq0LDNNh2SxSlK1FKqRXCICNQFJSkwYoiwqZ8+qd8ihWSS0RLIoTdWtYazkxSRg7bDkWE03YCxtlaS4ywp3RIoHGaIhRRFWRaUhTZ6QRRQkKt2XKNYoNkKzObm6S07YRAAJkOkVjYxgKDUUAoKLWESgmhSokqWI/NOdWun/WzUkotEVGQMA4ZSolSIxuTW1jGBkBSlAKAnbYtiSiIIFpOJpGURkQURQC2hYCWqQgkhURIRJEgAhBIQUGElLIE2TJLrZi0Q4qo2RolaqmlFiSQbQmVYqftWqqdTkeJUopSCkWEAoSQJUFrLQ2ilCAz0xmB7URguUZFVglkpyUiopQIGYuiUCiKiBIKFWdTAUXUElBKAHamjZmmFhGKABsLdaVY2EQEkpACSaEwKlEkpdM4gcSybacJCiTKNrbWFKEgFM0tIKIoiBLj2JAzSTuEUS2hKNgRJQQS2CYkEKIZhQIpAoXdshncdZ0CohRhIpAUmHQDRylISWIhQRIC1VAoWnNrY7aMEsZCkAltnFIuipZNhAqqCmSYsoUUKlObsk2JbTKtUJTi9NRahGxnTqEaJUC1FJAkYxsJQjViHEcUCmMIGTKbJCFjlQAkZCw7EQJLNIxcVRBGKCRFLUWBlJm2WxujVEwojKWIElGKCIzJUNRaQcZTa0AgAxgRJQDLOeHMKAFBopCKQIqotZMiImyHBAQqJdIuimZDKorA2CZBIAQZIXDazlQoSsE4E4MsFUmB0hYQhAiFoKUTRwFFWKUGUmaqRC2dLIsABWkXh0KWagkVgRQKiCglpBI2SJYQgsyMEs4kXKNICGUzuNRqe8pMZyCRIBVFlDROZ7ZsWboKykyJTEeEJEeUCAVGKMCYFCGkCAmJRKAIhTITAFFwhm1FYCZnKGoJlNM0RURE1FKRMykRUYrxNE62ZdKAFAW5qJQS/axXRKZLUZRiaG5FYSEwWO6oU6aTUgQ4005FqIaTdEoChWSpZYJqiRJFQARKmiNC0NyyOdUiirCMI0rI2TJduiiq2VprUxClq4mn5hJKElsKbEBRbCQoAizcEqBIlu2WGcg2sg1Km3ROLdNNihJVAky6ZctMMiUiImrpSmQ6kJubs2FJspBCEVEMUpgkaa21HNuUUWqIEgVFOrFLhFA6S1drVJFja0LYme5nXSlVEiDJaSdRalHk2KacooRCYIRTaUdXaymKsFCEQjlNABJBUcFSSFKtNSIU1U5DUVFRIRSKQBRJiTNtsihKKcaKQMI2iQUZqqUUkwZBtmzZBCYiJMktJ09Ta62NqERICYjEJBGyJUjJBqlIBDbIOBAGo2KrhDOdAERmQ8gk6kotpRBUSoRUSiYmaxSQEEallFqiStiilFJLzUxEpqA1oxCkjSIUIQlQEBTLyCidRqUU0pQqAyIEKCQiMNkSRa2l1joNY6YVqn2VcLrlRDNRJEsSJE0RaTuVaUAGRchWIFsKZBEWIQkhBSpFtp0WQpKkkAlpGKeuFEWEopQSEQ5nI0qJkEIKAZl2OrpSQlObFBEhKSzbqYhpHAWSoigkSQIpSqmGUooUiFKUtiEIiSilSIQsiyghqahELUXgCEkKYZl0c0SkycyQSKsUAYUg0gm2E4whwkghKSJojXFqZEZE2s1TqHS1ixIqUaJkJhHCoUDGIYRUS0VyoqC1BthChGQyWyMUiigVElshAQSyQKXUWiwJ2TauJVQCTBpRa6dQTqNDXQSSJFApJSQLOyUkQRRJRYUSpUQpEVKEwCIiFGpQoyIyjU1EiQDcGqJN6XQtAoWUmWkrQVEiFA4on/rJn2QZbFtFbZpsIlRqkUpVUIoz1ZeiEEKSSulKSJlumSGcgpTIluEkiiTbQSgkQCABUkSElbUEBHIoTGJqFBACBEBIlFojApuIGiHJJKFaSqGAJ7ewIO0AWk5powIgm0gsBNgKnJlCRhGEQhFBYErpIoQxCTKSjImQEoUwEiUKEjjtACkIBbRM285mHBFAhAxGkrAVIdHIkExmM0Y4okSEBMg0SyWK7cyWLY0JDBK2uax2NSLsrLVDtNaAEhGlYITBimKbzCglKCkEwiqKCJkUIVkCCUWVVKOSKRWFQqUElgKMk0CKTkobMNmmbK1h7FZKnfV9lCIUUaIURQgQEVECE3a6MY4DRSFFkcw0pZyZhFEJoZBsgTFyUdCXzkKEMy2ERBjSaVwUUaKrVURmNizbhpBMRCEkVEuRpVC2zHQILImIEEjhbDYK27IIAJmw0s2Jw7LdMgOkwG5OAFOjQ5Bu0yAV0kSEpBJuiSxFIUoNG8ga1baVpZQSgRBECAk5cWuTk2wZQSk1ZISxCKRawhCphktXaykhCUWJGgWUramUiKi1KyFUSi2SbGQbExFSKBJyyigqJaRws0WAJKQSypYtM4oUyjalwenMFAFIlm3bkC5REEUxtqlNKbJECVSkhsFulBqllMwMIaTAdjrtlKQgSo0SNlYWRSlVws1gcJtGBES2BBIVQiGQnTaEhJEUJTNbNpwqEqWUAooITFdrCKctFCFJiiKmnCwKoZAboMwccyoKS06ypbAVEUbK5tZaSHKWKGnSFEmlFAAhkAyttRAQ09RCkoSiloIiW2abcEapXYmoNSSFZJdSslmysBFJQkCJwC6SJAkjC9ISQWRL4yBKXyuMzhLqam32sFpFKFtOU0s7pJZNChy1RqggyyERpaqoRAHbGVEkRS1hRQnbbhiTjggLGwkltRQH0zQJ0um0RSgIOwGDhKIqIiIUtkqAnRiwEZKcGJMYS1EikISjBEggMqIqYspptV5HEBGBSilITpCQZTkEBooCyemQFJIiHBRJODOiRKiopNMgya2FopTiTAWg1qZMlRKEIkKKCEi3bNmaccNAEKVIJSJKkcexCUuEpJCkgL6fGdsYO5tshO1QRIRxc0unUJQIFEUCG+QSJSIISSmKhIXTBuxaKyhElGDKlpmZAkke25RTlC5CmAhFDYsIgSIinaRDKkVCSZKgIFvLybiWEqqWJEqEiMlTiRqidlVWKUrbzohAKlGiBJZCCUUYSNdao9Rsk5BBMkXZJqBEEbLc1ZogsJ2ZJjEIKWpXSKUTkxCUQARBRI10glXCTogoIhOQFBGKCAESqBQhZwo7yWyKEiHJtVZJglBIAG5uThukxJnZKUoU4xJyIkBBS9tCUbDCTpCCkGrpApWuq30tRUFYgGWihExEEQCGbDgzQsglFEhFTizLSE7b6SmboOHMDBSGEogSIYUEwqa1jIJKSKIgkwZnichMpFDYlkotpXZVisSyI1QiwCIEU2shhEotTmdLSRKI1rIqQiFJAkWJwAZKLUCaEkWOUosUyIJsiR2BokiIRFG7AmE3WQqQIklkO50lFKoqEY6EnMaWDVAJhWoNZyuSJbAUpZToSxAhkNvUBJKiCMtAIGGjiKgqCkm2oyuy05kZhCVFFDtby9aaDXYpVSESkLGdgLOllWnsaWrOSSptalGUSVUIpkzAzjRGYCFJUtiUokyIgBRSIEpEMRMpmyhBSGABlqKEpIioJQSWUBQiMhMURRJkJmTaUD7t0z5JIhQlFBEJEhFhO0oYg6UoUdI5TWPXdSUirCAIgUFSllqVRJQE0sIRxRbpqbXMLCCRmZmZjdYsOZ1OEwFWFIUkRYRwKBBkGiMCkJx2S4QiBEhtaA7bSChKiFK7IGoNhLMZY1syrhGhaNkkIYoCiZDkQEnLdIlicHMpgeQkwlZBLlEARUlnIBIUNUSJUBTJppYK2aYpSgmF3ZypCEEbx2wWgSRRa9fIsBQ2buNgpMBWmwYsY2dKRXJRlBIo2jSFIkLZnC1DMbUpnSFJyrRbixqFiAhEmxphWVGIKKKESBxJFAmJVAmSdAo1NylqBFilCKSCTJooKFobM40IjKKWUruuK7VlCqsobTtt2ykIBSgAbBFSLQWw7YZJRSlVUYoAeRqntGutNQoCQ+A0RhJYBNiZEqEwCpG2TUhgJNuRacsiFBEClQDbODObDTjUpiaUtiCiWJaE07hELTUAoRJhiFBElBCKqU1hKQIC2XZIINuWa6lIVSQiHUUo2pR2kwq2CkUFqSCLUJQIkDO6WkqtEYRKlAKZmS0Tg1MikxBJurVaQpItQsJpJ24tu66SRrIxDiARoFCoKGqJJNfrYZqm+axX1KmNrU1FgWiesBBpZNvINgVcu16iSEahgnEmqEREhJ2JIWqRCCMFVlQVESadZDYZkJ1JGpMgRajUWmrJKXNqMulMpjY2JIVIRZQoXdQQAEIKSSIkjFRKIGGBs02ldLWrpI0FxsZcZiSTdkiSkFtLRUSRbRuJWosEaYlsOeUUAgTYBhuEVaKUyHSUQMjqarFznBrOcRzTrdaiqLJCihpVxcK2MzNblCilADgEU0vAlhSSWyZGkkJACARShGy3ZuE0ChI7s2WTQKFQs51ZVFRUo5RQRKeQMRAKo0xHUa1hyKmBa+0UEkLCxoQgMzMtt5Zgy621BIgaAWA3W6UKCEIlM9u4tqPWIpSZEiUis2WmEwESxsim1qIQkpsFkmopUUqRZDchA0QghRS2kUNRUNRSShUxtUlQQlEqToREBE5sG9u0KTNTioaFBAo5BMa2rSghIUmSZIOlIkwJImogg7NlOghCkrEVUUsRam1CtDZlS8AInLasUmTTWmJCyLaiZbolhErYFoRCihJhkATOTJxG6cQOiwgypxwldbWGSVxKsVEiRbac2pCTKYGx3JUaJQLZUAJbItPODNGmzJwUIdSyZVq2M42RSqkC45AEltKJXQQWIqQpm+0oJQRpipxGLlFwNltEKSGFimopJSokKsZpC6RodmDVsAlQqJQSkiUJ2xFSIEQEUjoRUhgL2ZnNQRjLqESUkBRSZmJjIUeJzMw0TpVKpiJqiWY7rUBg4eaIYqMQYMDIlkCyaZlkKkKBpExksIkipxOELSmkRCGphLLZTmw3R0SUYjApS1JQVJBKCEBgAcrMbG6206UEBpSZ43pMpwiVkpm42Rhs3JxOcKim05mgZkuSVGvNlpAtE0IiJIShqEhqiQJAEqV6aqV2pUQ2q0aEIGwS11owxukWRFVJWSahtWkaRoNRKSIxSEXQMsUVzuappaAoFMKyANJJKRGSnQkQNSJCESZrKQopSi0BIaJEUZSQokREkEkaRcgmbJzNQNIywTIIN6PEYYwRihIKZcu07dZFnVrLaUwoCoQhcJtaaw1JEbYxkqUQUpQQKqVEndpYSsFuzjETHKGWtJza2EopoUBMrdnpdGbaDimR7bRzaoJaqwRSG8b1OARFCsCJSmDblsImnVXhdAhJtRQiQhFFQuXTP+2TwlJg1FqSLqVECdtCaWQhOVMAii6Usp1kTgkACmVLFdIUpIpUxGWyQiVKImxLbZzSzbiEsJozrKiBBcYoyCkJhFpL285EQaYBVEoJyThtpK5UIacVBrk1k1ihEBJqmbYDVEpriW1ZCMu4DWM6FcXZMhMELrUoJAnbIChRHMYRIYElpyOkiFAANqUrGISi2A2B5cxABEYEkoRKFNMiCqQtZ7Z0VzskY4hSAxNRBDYtp2xJhDPtBAkhsEoNYaewyaQEqGVDaSICkjSKAhJYbi1LCYEgLSnsBoCKgMiWmZZVStiZk5tTCpzTmCZBtZZSiyRna9NkZMlGAMaUCAgFaRsHUaJEiSAUoRAQEaUUIdKJQ1I6sdMtJ8ACky1DWJIxZNpuVsi01ob1MA6DglAoIoQikCJCRoGdIDttFYVwZjqnEkUhaJkOSYoECacjKjLGmaV2EoKIiJCFjEKWAhDTMHZdR1iW7VqqQViUqbUSJaRsk2UMAZgmhYyhymkhRbZmuZYCwiAbt2yZLqWWkCKcmdnSRiEopWuZ2K21tCWVKEWRBiFkp43sKdNYRTRHRFqko0StHdI0DZhSaoTSSVoRkrpahHAiEYqIUsLQMktESCCCGlURCAtlKsLJODXjUotbGkvGAISdTSUMRUIAJQJLtvE0NRe6WhUKChK2SgVQSlLm2BK7lKIo6RZIYNukE2ScUKIohCFUM1vatqXAGRIBxiDJaREhY0khUkilGMhURIQwqJQSdggBVSJCKAgkSbXW5sxs62mSXKK4OUotKi1dayCcThvbLVUiiqTAtGzY6YYdEhLYppYqQFYtVcWmZdotiXTDGCTLSltSgIoigrRxoChyQtCau9JHCBmr1BJSqWGTSZBIktJJohICQ6AoYTuztakpVFQIWpv6rgOnEW4tURR7aqMUfddFlMxWSy2ltHQNKSJtAUiCBCGFbYWwC5GZCEkR0ZwCJGMpohSLTGO6Wls226FACSEhgSUhRbYWEVKkjclsKiFjm1BIEVFKCAGyp3ESckQUQtgoBJTSRYCJEFJricCWZCNCEhBRQqEoYGykiBKhlgkuoUwbAVjYLadSimwHbhmKUqOUkm1yukS0BFCEICKMIqRawyCEKGrZpmkqpYZCinTaKgRyJlJGiVBEKaUWAIhSBDgFYDAWdkSxcTakrquGzCxRFSEhRUQVbkZgyHS2ZiyEMIAxmFJLCbXEYEQQRpQki8KQzZJIl1rBIGTSIYlomUWOCCzkMAIkILCtCIZhspOQpIIkRYRkJ0VhFYUUKhEWQna2qWFD2BBgT1OWUAgkZEAR2FObMJmuKoLW0mFQgGwAQwhUFAokGUslEJeZhiKzpVRKCSlCgTCQwzCmLZAkwhAlVBTG6cwWERayokpIBaJUCQRZIqRAFEgRETWqinCUEoYoYVtRySktcEgtMc12a2lnRBEORWutli7togDbpD0OAxYY0ZUQ2IAjkCLE1Bomm40tC0SgsNM2WJLtaZysDCypdF1ICjKNkCQMlCgKZWY6S5GkKGWaJjujVkBEqaG0qoJSQgZSErKxSkREyDkh2QS2aNPkDJyZmR5bc2tGTiIQksBWKEqgyDR2mzKEkHGpJaBNTSpOQ5EYp1YUtSslqnGbRqdREChUQoFaZik1QiGAkBTCqCCLCDsDldqB3FrpagSiEM7JCgmiFgcyUpHCzpDGaUocJSRhIdcokkqRpOaU7RBgEIhiOQKD02mXCGQbyPKpn/yJmdnSCpEOVcl22k7bzpCMcUqhEPI0TFNmQkEtmxMZhaaptWwlwgEGnK2NmUWl9pXMzIxAKiUUIRQKtUwAEyCFlWqRYbATi1pCFMICiyIRSpNAEiGwFQpFhKxUinAmIUkosIVKCWHAiFAoppyEJIUUETaKkGQ7InAi0q6llq4CUHBLu02ZLRVGka1NbZJCgBBG4gobCTCy6ftaVEuJtNLZbKdLKQpARZFpcClRBJYkBUiyiQgpsyFIDBEqtbScnDJGGE+ZQVjOltmsUClFJUhFCLBTROJQRIQxArtlOl0ijKMUS2QaZ8u0TXM6ApsI1dKpUKLadjozbSNISUYRIMkhIXGZs6VNYiwHQqQTSVJig0IQUUIhY0UBSAMqIUVEWMgutWQak3IoAqRQ1HSDCJHNgaw0SGpTk6K1iQiCiIjShdQya612KBQlJAJFiAhnGuyWVpGStA2EQiEnpci2BKbULsSUKadRhFrLEKiEG1GSlomQSgRFoSgBGEUIBLItYZTgTOy0g1JrV0p0paYAImqEonS1RJTqbIqICDtrKTakowaAQbIzIiTABklWpk3aopQisG0UEcZYNqWrzmytlSgOQiFJVog2ttaaIgySIoqCzNamVKDEKhKYdIZCEmRrqSgRKiWQgiCiSiYCRWBsPLWWLSOEycRESAQtM8iIsEKiZdJSKsLOzJYEUghAiFJqKQUhC2ETkqQIlVpxTq3ZKoooSrtIUYqdIU2tCSuCUkhnNisEBkAShEw6S1HaIAAMiigAZhyGUHR9HwqVUAjITNtRAru1ya1F7RAGIdvgKEEUWZacDbCdIIUUQhYIpCJhFZWoNSJCJYoEsqfWFKWWkiiiKIhS7WzDuB7WEVZIJaZpMlIpTlo2QYSkIjmbkwxCIayoIh0hFColBAbU1WqQlJk2gFuzHBGlVNtp2+77rqVNRq2hECiiKIRSZDZFlCh2Zksby0EIIckJGIciMLKnZluitUkSxoAC22kkZEABYCMFkNOkUkoptRQraiklQsKZ2ZLC1JpxKTXkUmpE4LCNycxsBiS1TBlwhHBItLRlgSCx0zYActqlCEtSjVJqLSEUxhGl1CKbEBZCJUotLZ0tIxQRJt0SSNuYzIjANioR6ZQkk6ZKKmHbmWnACCBKWAhLUpEhLMDG6cShSNOctVQ7pzZJ6kqxQmAoIUxIDQsN4yC5lALY7mpvUkIRWE6XEhJtamlJRgEOUIRCyCgUymyZRoCwwZi0o0RIEVEihBSBpVCCM5vtNPaUTaLWTigUKSQ5G0SJsCybtKVQkdSmzHTLRKo1wOMwSTbGQhEKJyKxGhmm1holjDINBJjLJAzFSMgt06arJRUhDMKAVGotLbNITkmSPDmVKakoJLVMpBA2ITBJKqRSsEy21iQJQkUROCKMAimglIIiJFAUlRq11hCkJk8FSbIxlAgpIlxUulIVKqWrtURESFEJhAySkHKaRkWJAJHpTCcSEbU4sVOhiCpJmAjSCkmapiHtWkutRUTLZhvUla7UGqVgt5bOlMMCwEJutjNL6SIEQCIpinCaUpCKsYyFQCFbmc04QgZFWJJtAidgWQqVirOUWrsKtmUZE6WkCYUthUJktqgVmFqCEU7bTqWnFiW6WrM5s5WuhEKitZa4RERELSVCKIBSS6hEhCKMJXAkGdEpAAhFRISiREiYGiKEBEREoLTtzEzsCEqpxtksE5KFbSQpsNNGEoRUolgUhwQiirJNaWwbIFomzqCUT/vkTyq1lFKwbYMVQbqlQ5JKKSWiCIFliRI1MF2NiKilli4shVCJrnQExWEoUZCw7SYpGxGUCEVYCgQQ6kqVAKUTyWA5FMVyqJRIg1yi2NRaESJKiZCREE6DSiggMSgiDCFQBKRdIiBtjEqJUCCDLCIiSgGQQhhLIEkRCqR0SwgpnZjWpq5WQlhBTNlkIkC0qUUJWdPUFGRLICICokREEDLKaZqmycoSBUGaoFmlRgAmk2Y7E6KWopAUwpRwolAtpUQ4M9NAlBCKCCJqiVqKRK2BIZQtoxYh25kJOJ24jRNQFLJr32W21lpEcWuZluhqB2rZxvVUSlEoihJoLqGWrTW31kqptau1doAk5DY2RbiRJEgiTYlIE0IEAVgKAThQyp7SGFNrCdVaomXWElEiVCJsi9ZSBEJyZimlKzVKKVXODFChpQFJUkjCKUVLl1Ag2yhKWCVsgAipRERIYXKaWpSQAhwlArVstiUkQQpZ2AChUIRwsxWBVEogRahEINIETiJCIdXSRZGd2bKlQdmaSRlEQq3hltOUiqhRSoSdCYpwJgqBIWQhOxVyOjORnBkiERAhQ5saIhTZWmaWKBZOMm0cURDZMu0aygTbJiQBAmQnZmqTTUgRoSCiEIoIbEJMbjlZFiaiRiS2HSUUSqdQKSUsIEGWagnLNjjN1HIaW4mopZZSIkJWa5MEokYhSacUkltLMBElIkKUEhljttZaRCiEESZKGyYiQJIBKTInGTlUwlhRJGhGaRtAikBRQGC3VMiZQMtWilRqhKIGkm0RYNuOiIjMzGyEulq7rjNkZigksCWBxmFAUpRQRA231jIxrU1IWAVZxikApROjQIoiTa1lmwJQmDQokD1NzW1KLhNFJUICO9uUxqUoap31s4giFQmFlFFE4jY1CQhI2yiQbANRS6BsHnKUIiIkB9GmtFNSmlqiRIlSSomudJbsRjpb67sOQoGszGZnpp1GbtncspYaSFKkFGE5FA4JO40IhZCRFHY4VEIhiUByukSEotRibOO0jEWgKFIU3IiIULaWRuGcMkGEbVCJ4nRXS4RUCpkJdqYdhgBsExLgzFILCoUs1YhSQmJsLaKUEMZYimwt7YiICIOdtrMlIiCbh5ZCICFM2sJC0YUsoxLVaUhFlbCEDdgOhTMjikJIUkgIhaLWEgpQhCAUssgxmZoxoFKiKBS2x2mspSBBRoSK0s7MCBUpbaSIMECGMJQoCJJSVRQGQhFRRMPZXGoRGJWItAURAkHglEIqJDiRMpMITLphA5LSxgzDmG5O2SmBQZZCkkqxJTvTtYbktKUwRhiVCEjj1hohoVJLKeHG1MaQVCKiRBSTTiOQTBbCpJOIiIiQFBGhGtVSWCpyyrYkoS4iLck2UcNTroYBspaCECIUChtw2oYIMlFIGKuEVCNbKpgmy46QMw2hYtymFpKdIGGZDLCQVApOZzrJbFjgiIBo2WwkIWU2m4gwSBKkkZ24NSskYVmJQRERJbNFrc42DGPItesiok0NEmQnphSBwKV2TiPVqKUUpxMJq0aRMhmn0ZlSCEeJKBFCEZlpkCKKMq2QJCwByChQNmOKIu1MgwKXEknmmChCxW4tMxSYKJJChDFyKZGZmQ0jACwJlRKS5Mx0KJAACYMiQhGSTQ5jg1LDSEFEDUGIRKFawqaUKuEEkJVtaso2tWyNCQtFSMrWWjYgIgIECBG2x2mappbNUUpILa2QIEqtJRSRU0aEagAlwjgsy9manXbadCVUqy1hRDozE6EISbJrKZIIaoTl8qmf8kktmwwQUREtkSldCQqyM9OOWoRaTpnOtDNBFpaFnKkoGDDCSMayQgpFhDHpKAJlWkW2p3QYg8kISQFEyM0qKCIIk+M0FWIcxzTO5qSlyZZphUQYy24tG4llZ6klFIoSATidCKlEFWnbNs4MqShAlklnOiJAmJAwEbLJzBC2s7lNKSFFVSHSIEhSpZAowul0BopQlC7CUiBInM5M2VEiogQRNQSJZZVaitya7VSUUiKkJLMlKAQK45DSaQFOFKEaRQLCzRGKEiKQQShoaZuwjEKkFAoRSIQKbcosyAEqXRWOWhySZAKQKV10XSfUnG5WyCZxiVBIIeHMtA0AERFRSgRCkkISJYrCNul0kolJSFlGESoREBa4ZYKEs4GQ5JaGVKmBrLSQSkQEIAOKKFGMsUJKG4gIJMkRIRWLUEgG3FAgQCHAztbcbCQoRSSGKZtQRIkSTpBsTNp2ZoSIxEQJEiWlKBQqIbDTLVWiRsHOtMnMnJqVLqWUcJSSmcgRBSE702AcKhAyJlDKpMBOgyDxNKUzUZjEjlKlCElQSrEtYcBp5CSCWipGQYlCZoAVYIg6q+GwwKminFKhaWoRESUkAcYoTGJj28a27VAhGo5QWtglAiEsR9o2xoI0tkUmtiSFcASl9ApqKdksbFMUkoDMBFOKRLYGwo4SNi3JtMlaq4zJzJymSQh7bGNEKUVKO5DdWirCcpumWrts2aapRCEiDbZBBMI0oNQKIKSwKEiSp8zMGkVCoVBIIGdDZLNlIZBKRBBNVjrTighomaVWoSgRoCjgkEChkmQpRVLaEVUlAkoUEAIBWDiNAAUhSYCkEqVEROlqlSLTbWpkNozB2VoajHMaE2oU02wpXKLYzsxMkAIhirGESTdQoaiErLQlSUoESCoSIWEjY1IIoESEZJsEPE6tZUao1iJFSLZLhEpk2pKcAFJIEHZriWTjkGotgHPK1kASpRSTWIQSy2CVLighIxwqpmEZAiClCmATlhURCpUoUQKQqtuECgFWKVIpAYQki5CIEAhJ2CBJJqEEEeFM1SgK41AUFWSTQlGDFEhCIYVCwsaZGKil1NopRDozhSQrkARESLalkECEQRa1VIECp5O0M7MhhcCywLRsGBWVrgq1nEBAyywqEcXOiCJZhJCEFCBQBG5Ty/TkUqskbKkCEWpJZmZmiUiwkWRSyJltaq21TIMsQkJFckDXV1tBADLItauyJBSBnXYpUSIUas2SShFRIlRL15Vip0oJIQnCtkJJYmcaSaAoQjUKoQCkEtFay5bgEkEEaWNnEgpkSYDkJBQOPLXWElkisTNlE5IBjENhIOS0pFpq6TpFlAgIgUXmRBRAJZyKUIQybSG7mcQlgkwEVhSVKFGKnSYjitMJEYGEnc5sKachCEA4bZWwpciqgiRkZ6hECalIMsaO0IQzE6HAFkYRiKIopWamKLXWCLXmzNZaK7WYFMIh7AiBQnIQ6vouxDiOFmAFJQoSyDgzcSIJt+bWmjEgyRhUQqRbphAqURC2QI4oEkhFJQKnJ1sIBUEpIUlGwgIhwiZMRDUp1VJq1GJj1JeKnJkyjogCRsiZaddS0sZNACJUoyQEUgRYQaZtRwmpOBNRSijdWkaJdEpRkIVkm65UTMsWCtuZBme6pSMUERGqpSgCEowURGKFhOy0JblEiRLTNEmynbYUUZSTBSEhBBFqzRKl1pBAdgrZhTAGyVA+9ZM/0cYoW5McRISiyEa4uU1TKyGhqU2hUCCBRDYRoUgJUjYicxJKMp1Ol1AmJRRRjKOEHQBTM1EFSMh2KKIUCUHLFCjBVkTYlmspmHRKkhuKNM5JSCghIiLCpoTSSAYwaYRqqVGCNBaihAQgRJsmIRQSpVRs44giaWpNJkoR4cwIla6rtWabxmyCiEImEbLApZQilVqFMh1FpdawQrJIW0mDEkVCITJtCEnQyLRJrFKFhQhChqK0nc12RJQSQkUVMhBSqLS01UIVmMYBBFIANoSKJCnACoVkGQxBgnHQlxJIIq2ATEuAJSmCJHGUUkrtak1wy1ILQaC0syWSM40UQlyhkBAoAVNCkoyBgEwMILckVKKIEIoSdhoHSAZNk+0EFBEKkGQJ7JayHSoRIpGEhNMm03aCwBAATicqAcjYkgRumVhZhNN2aygsS6iUAkKUCIECUpazpc04NSkkKyGw1XKiYdu2QkJp25nItqArRRGS0g4UJWTstLNNLSJq7SgURaaxQ2pkEBJgRUkQDgkrjZSZ1NqVwBBR0nZ6miY7S62lFGNL2ZpFVzshhZrTLSVla5jmLCVQtQkAhEpELVURESKEbdtgKyBqjQhM2iUiVMBE2KStKLUWSSilUIkisC2EQiBLUaLKU2tObGfatRZFQTmNrTmxSgiK07alkKTQ1EYya+1rLUhOJEFEDYTSXVdQtDQ2lqGUEhFuSCDSDpM26QDsJofIlGwpomCHbZkoVWA5IhCZObW0kwjSxlFUFIg2NdIIkGxCNm6tlIhSbQtLAoyqAoGKQmGpCAsyVMCSCEmyjY0IhMAqXQnAWJSQFKSlyGytNYxCUcItk1REEAGClIpQKK0IimrL1qbJUglFlLSBiIgSzpbNzVYQCimFbBMSyA6pOUGAkO2owpisXU0baE7biFpLiQJCFAFhbFsiJEgpnDm1BomFMptDsj25gZ0kTqdKIQ1ECQkSQkVghEGWMOAUmJRLhOSIiCihQkgAbtnA6VRIFIMswHZmRhRJLclsKJBkMh0RIdm2sZBF4ghsQCoRMqaEHEhCijCJBIoQoSiFkBS1Bo50m1qTKVFKCRspwLaMnSmitQzJ6WYLt9bSCZIUKNMoMhtiGifT7MSUKFEKWJKdQmARAuOQjFpLABEK20gRpDNTJSSpRCiU2dKWsJ1kkRChQKohYYPttEuU2teIKJIBLMktWyYJoWyT04RDAiIUURURERElAqxaqgJFCBUJkNRsSban1lomdpQCSAJ1XRWybRHCznQKSSChkCgRRMFpIWRAqqXIkhyhZHJSxGS3KSUShERYtkGSBGRmy4adiQJFyNjNGLAznSEFYIciIgQRNUICla4YASkUNgpJUgnsTEdUSJvmlukQQRicKQUhhSBskAVuDVFKlYQakhRFAkuSE4GoNUhCYYRtlE4BkGSmaykCQ4Sy5eSMiACwFOl0M4CUNraTaZoys6tdjSJkp41tpBJFCiGQjKHUWroiJAtkLMi0M61WopOiIEtkJpZkMkGKMBFRSokItzZlE7KRkCqyAkISTgncWsqgEoFsG4kownY4HRERoCKQE4WJzFZLLVFqIMJky4ZDUigkycZ2ZlpJQwhFqZJUCAVElFARral0JVRqnVqLIKKUCERItesMCAwKGYWFcNrY6YYlQRtblFCEpGwuJYSiKCKIKCWwBVKEAtkKpVyKJAmnnemWoVI+/dM/paqogBRRnNlscZkyqBGKKDRMSpRSFVJzExLpxDaXKZy2VBRSICIiQhBgCTmcmaSQJIUiFCFDc9qpUGvIGSWEGi0zI8JQa2ejUCmllBIRIUqNKCUUIVAABjsValOaNJAGJAFpkoaJqqJiQEgyRKilTRIRCuGWaVNriSjIzoxSsJsTIrMpAmcjaxQhglKKFSERtMycsqWhGQW2jSICsK3MKYEoRTKWQrJUEEY2zlRECSEyiSJZChkhiRyHyXZUtZZ2hqXCNI5Ta1EiokSUdDqtUApI49YSG+RUhDKbIgSJEU6VwFIpksm0pdbalE1yUUQo02GpiJRNtibJdi3FUgEJwBiEsQGUFiAZQmE3pxUloiBbGqdpGieUKhEqESEgZIwVIQUIJJsSQjiZ2iiotUMGT1NDlAgpICUwsmxoiQLTcgpUS0HFSiEphCNMRpQiBGSSZC2RAJYkJEkhZxZJUgqwDIKQrFSjkQE4CFtJk2SiKEKhSBRg2zYEgkQInBGhUtwyQpk4nTIoVCRsUAA5TRKhqogQKIAApDaN2exsoCiKEqHiTIOdJFEisyXNNiApIixhZ1rYdkiERSCkUES2ZqeMUbYmUIlSqkK2sUNIwo4IA2nbpEERKipphFUCsFVrpMGSbNOyJVmQQti2kiZUupAKUapIMiIkFIooESqllNpltjZlZkaRxKzrFNXZutIjp9PNBEjpFHa6dlWmtYwSCiUuEaoVpIQSCmVLUEjIAsACRZTAmtrobInAZNpIEVEQOCVZZLZ0YgjZLiUSlVJsG2GnTWbKabBDSEgYAhnb4JSwIJ1pbGNMrQXTbLKlHQoQQU4TokQl1KZpHMdSaykduJQCSlqxGoQtgwLStkK11FrKNI0RpZQCToMVJRQRYDsNIUXFLqVKgRJKFEkC7JSliMA2mWkMlIjaVcAG29iW7WxNhCSb1nKiYZAk1VJKV0VYYBKHIkpERFEN4UCKEHamHSoRMeGglKqW6ZZIUpEIZAARFgF2yynHbAkiwYQinelmGgCSStqAnHJElIhILAkwSqcxtrGVQiqyCSGUakoBaTLTaUm2owBBYlKWQFK6tWwFUULYKEICrAhsKwJAUggLWSYijAijiBAhQCHbkmqddX0ppVNB9jROgKRMC4VIAEVgbNtpAVFsS4mLQKFQQbSc0ikKmYkrhcB20gKB0s1WqZUMcO1qkRS1RikRmU1WFJlALUogpxPAglJLZLbWJkwz2Ha21kqE0NSmxCimNraphaRQGjAhpIjITIWkMGSmM0utaZyZtgGjoq5Uocy0HYooKrXIkoRsuyUghQiFqbWLItKSKEJySwtJbqYEuERElOZ0WkhSaxmKCEKhKCJSlLBKRcI5JZIzsQgFMioRQpITIrPZrrWAIgQmnSKCNLUrCqQigyxFiZKkEAhsNE2JM+20MS2TFCLNlM3NKpGtqZQQAkM2Z2aEhJJERNS+70oUhCyV0tWIUmyMQRJBGLfWJEUtmHGaANvpDEVEiQABUnGpNZAkpwkLQoUQIrqKI0KKICSJCNuZGVKtxVYEhvQkMJmm5YQUCKWFkzBTG22XiBSyIQnRMo0yZZCJKMKS01EUEgR4nAbSSF3XZdpYKmBJ6SaF05KIirAzpIiamRK2yZxsicykeaIVaZwmKURKJTMzbachG1ObikIRJKnEDhG1AkKZBhsrIqJmttZSkoQzFQUJp5OptSltiAAjILAzFKSHcZDUdZ2ilE//1E8FMIGihOWcJkUYCZxWKCIso8jMEiUiWraoNUp1AzKKZKRmSVBKGGQIRGltmtrkTIm0JYVKiTI5bRBShJCKQHYiAUVBJJSQkGwVldpFKYEAIqTibEbOFAUsFLWEhRQRINt2rqfm1qJEiYgITJISNtmaCElCOCULobAzBJbJbBm1hhjGBhSplK5IQERRCJPOli1CtkgrIkISpVQhwIAoIaRMJy4RNSIiJEVIyNg26VLCskUaQUSRLEXazgZOJ0ghEG7ZqLXaabtErbVIUUpgsiVCUk6ZNhARmU43mygREpKbszXLEapRIIB0YkWgiNacmZlTa5l2kSSlGzImikoUEQpCsjNUwZJsWylAspAhQtjZKCEIUWu1CYgiT81GZKmdCNtkqqiWGioCSYooKiElDgmUmZIU1ZmtNYlQsSQTESUKEQhEF7XU0oRaJhZubbJERImoVSAhOwEVhYSkkJ1jm6Zhaq3ZlBpCpXQKZJykjLnMWDitLFGjlFo7hWxnI53mCocCZIOoUUupOMepOVFIIChRABskMkGCRDYRRFEQJcJYCGSyREGICGTnNBpcFEBmCosoJdpkSSUKIkqUUCK3NAkKKUJTa2MbQqXUOk2TRClRuy6KyCSdzQ6cIFpaJUqQTklRS7aGTSBIOzMjJDFlyiTGga2IWqMlpZZQARdF1ApUVEpkMziiRIQkFDgTBM4ESgg5G2njzGwWbWyUCAUgKQgk2xGRtuWuVMBJhEirFLu1bHJIYZxIWBGtJbakgkxO6S5qlJLpEqXUKoEtUaIqwjC1TLJQSohAETl5as241AipTZNBiq4USYAiWgLGchopbQBTSkgRkqBltnSEJJAwloWcaYMkqURp0zi11vd9wDBNmU1Clq3WplBICKUR6vouIqaxtcyIImkYhjalgghhG4UCJ6EgItQykQFJStIGCxGBU1FsCwSWi2Jqmc0BBE63TOQSpZSawk7sQqm1K6VEoBKyipACJAgJFAJFKYElhLOlbWMMBU1TU1AoaTttt8zMNhkEUzqdGCkBKWqtCglssBUBornUiAhjOVGoFAmwgCRCNhIiQkgqpUrISBKgcAKE3KYpTRRqV4LSSCeECmHR0tjGQUREICOCQLYJCUARIUmSSYQRmcaKKAQisROQnYVSopQ+DJmtTc1WqTWiCFEAGUWRkASOiABQlHCUsEGOCECQEBKSQq1lukWJhLTdEpHGbgoJwFGKINPJmM0t05bBYSEIpJBAoSg1ELbTzkxnSpIUEeBpnKbWMLIBFdXoag0sSV3tI0SmAhs3sk0RAgMoiiSFnTk1sBG2bTsBRCgyG7YinJk4FCVUo8hKU4pAWJm2WlBqDaHAoAiEJAOBUkiU2iVpWxZWSKmUAkuSIDNDyLITCBUgZBSlhFFzlggQElgqkoGIsMEKSai1KZ1gp2UDUTobOxWUEhAgScLGJg1Fmqa0HSFJMmkUCCWOKKFIZzaXCAK3hgChtGnNwoBU7HQam5AURkAIA7ZQKAhhG9syBBERgESmjQVI2FIUSYFxZpumBoQUCqczAZVSwLYE0zQpilsqVKMQYWMko6KW2JbkKZMU5JTNWUpEKSrISEKy03ZEpCUcUQxAtkzbeGoOuUZJp42z2ZYiwlJxS4VU5LRNa5Miaq0RuNm2TMsch3VYUUrUcGK3IDIzQjXCWLYigAilAWMmu0RERJRSRKYFiAgJDNiCsbXmJqtlEw1CBBioCgsysyUQJUA6OrhgWxYhkLEQAA5pmrKUsJnaiClRCNS8blONqN1MQbZmZ8sMRQROKyKiJOQ4AQqlM5tnfQdqTrKVUicnzVEiFOm0DY6oOU0EikI6Imwb2yCDInBio5DklnJONqVIVkIAAqsUpjEJJGWzbZOl9pnNZCBRjJFDwjLOzMxmU0qUiCmNlOMUJUotCrVpkqqcKMAhNScYorWJdOm7MC0zQrXvc2rjOJYSJaplQWamRWZEKJRkIBEIpzMbQhEABmyoUSbbTgG2J1tpq5SIUk2mTVNEogAymy3biigBJk2SMiXCIqec2hQlau3lKRuWEIFMtswgJFBBaSwrhEPYTsZxFCqlqJQAkyCFsmUojMG2IKVIUoBFSAYQmpSR2CZpQm2q876U2qaG3dxEUSApUJtaZkYNISnSDSsUEWqeMl0VzeQ0ltplGCvA2aJ02dJORCmVyDaZdNRSI1KM4xQCcGKMHaUguaUkMLYklYLdnG4p0VqWUkOkFCKiuGXiUGAgWya2Ilq2GjVKMYkBbBtKRLaUZFkCYwubUETBLdNgqbRsSket4NbSntKa9V2JMrY2jWMoCBUFgQ2ZBilKKc6p2aQhVBRSKKZsALZxoNYaUonSskmIiJBRy0koIrKlyQgZCZEkriVSIltI09Ray4hQUUSEip2QTkmUEi0tSVJmttYMgogAi7AzpcC2jQKrdkJTNmUanG6t9bMeOxRWBkoha5oakaEihSzbw7RGUsq0WiswtSZUa5FEFGVaOFNoai0UtZZGujkkAClbc7p0VcZkQ0LCmS4lLLU2uVkRXQkgnYoIxdgmj00lau0UMY5jmyZJEUiRGFQU4LRrlClba1NQoihKwU5nUbRMIFQIOZtxidJaU5EAB850tsyIEEIKyU6pQKoEjmFYZ5tKKbWrgcbWAFEiUNAa4FpCEZk5DU1BiZjSbRpqN3OmRDqFImiNUgO7JVKW0gkhMhtJREm3aZpKrSFQgMhEsrPZwhFyMk2t9l1VtJxQka0CVqYhbRQRkiwCjKE1owRCYaUTjDOjKIgpE2ypCFBrCY5aZcARSufUkubSlRKyQdGmEVRKmEBS2rKwGxRKdHYzZHPIBE47kQLSiihqrTlbiaKIkLIZISlbo0RImU0IAksy0NxCoZBM2q01YUUh7VAIO6IYS5BpY0khGbDTIJmUXaIi2tRaTlJEBMKZhqJIWjpCkoTdnG1s4K7vixSlGNwaKDPTGRFpRGZSakiB7cyGikAA09i6WiwEoUjnlCmr1HBLpAhJsrHIliUEUignN08RiujktA20JMKJlKYop9Z1NY3TyBggcUFTayqliGlK2RRskSZkU4tqqc1pm3QoEhPKRuAoOEmnVCJkt0zAESVtAFtIIaeNM9O4RjWutRo7kWQs23YaOyWjYqeQbEfUiClTAJYiFMM4CEWRHFNOtpFqCVsmM6FQHapyy7Qxgtp12XIYBoVqLZjmrFEkTXZkOsKkmxTYWK6EStgNy3ZzYmqUdGtTRkSpFVCAAYTSmU6MSgmitRakUSlhbGMLGVuKCI3jGKUETuymxCWUbnYIQ5RCGoWCcEsVgRN7NJhQ4q5Uhcb1aFFKDTCWJMLKbE0KQ5jEaWOXiCg1c2qZGEythYhsLTMjIqSWRAELMsEtgVK7iMhM3DJRgN1aEyJUomTm1Fpfq5ECADttiCgoSaeJLqLZLRu4liKi5WgUUdrUIjB2AkiK0DQ2BbV0NsjZmiSkkEF2CCsCodA0TbJKjUR20jJKSHZGuhnJKDSNDbmUaJmhUAmnJYBQZDoK2Zy2BAQ2gCw7SmSiglIocKYkpy1she0on/bJnyxoNsakp5a2jCQRlp3N2VpzKFSiRElljaIoloTtdKqWItmWJEvOBNuOGqIIh4pKpDNbSxQRBREi7bCtEkUKkziJWgKDMbLTaYyzTZkCKxCA5JQUgRvNKWiZrWVi2wplGlRKUYSkNg0qKiqZjohaiyKQMpvTxhYRlXSiCMkuUUopQjKlqxGRmdM0tmySiooIYyyFMhOIiJY4s42jhQhnTm2ylWlJEagEYGPsNNhIQiUwzSmJxHbasosAgZBFKFS6YtOmVhSKNFaUCIFERpQoBUi71lJKFyoh2ShKRJQoJSIJCUmlhEqNCKyWoxOBImSQSoTUBahUSYhSiy3jEFJgyLTIZqSCMjNtAYSkIExiFFK6pSUhhTAKKYiWY7aM0klq2ZRMLaFlEqVIIhNkpwLbNm5Oh4oiChE011pQ2JaxQIhQ2ClAWIrWpnGcSolSopYaCikQIkwTigjJSNM0CSGFiAiVEhKyKBEKKU1mAtgAwrZCUoAU2E7nOE6tZdcVEWmDkUFOE+E0TkFmy2ZJUjEJUOUkbeE0gdNIKlElNVqJUAhDJhJgUgRgACxhI4xwyrJtQaJQk8GIQK2lTZQA24AtaldLrW1qLZslYaTWmu2IQpIkkhQocGvTlOkUpC2FsNWapzYpFAo7LakIQiUCFKE0gUoRzsyQsrUwKspsIqJE2m5pieaGQkRURKQarbXJqC+l9qWoRCnYoYjADrthMp2ZoUCupUZEy8REoFLSaZwtI0qpkQpZAaFoTmFjZUqKEoGQokRI6STtBlBCRtM44Kyldl0vJNmoIAqyFYEpotRKCWxwZnMaO6IYEODmLCoRIaklGAknibtSxnEESlHaAQlpF5RkIMBQSm1JEbVUKcBuxtRSVCJbZk4o0m4tQ6iWqmh2RISkCFvYhEi3bJJKBDZpRNRQhG0ndoailCLbuKXtLJCkFCEpVERi27UUsJslbEthiCIRSWKnW+ZkGxPIQAI2RImWuLXWErlKJggCJKJWWeBMgFCUUotUSi8IFYXAtrK1zGxtypym1iZaZA7TsBqWJCHSmXZmy5xaG1umSBkiSilBSBElkAwkKWfLgqQQIVlAyAg7JKzMREYBIrARKAJBkngaJyTJxm1qFjYGT5MzgVICFFEsiiTk1jJdSolQUGwLnNmmzDaVElFKKYVQy5Y5ORFEwSm3NBZRigiFbcjmkCECbEcNhaqKjcFWBMZBGEvCakZ2KQFySwM2SAKplmo5ndjYJgJbVgiT2RARiAKyU2A7US0YhaQIQlilhGwwwgpnumWDNBESCBHGas0KRYTdcjQQURQWgNNZSxWoRFAjRKqUIkBKm0xnghwZlJwynaVW5HApoQbOlIpJSYoAxjY4bVCUhoURXa1ISkdXSkRxCBuLKKVGhAKpmEQlBAjhxLJNKbIxiaMWhZCilDCJEdEySymIiIgQ2KLWgiQB2I4IhRAiIkKAiKJSq8G4lmo7WyslQpHOUiNKAFINBaEARRSVWqOUoggAHApsA8g4FIqICEkyiogIg6QQRpIC0pmtCUmEAilKDYExzmmKWksUicSZhBQhUNqtpW0BUkStIRFtasaSkFvLbFOU0tUubVslIkqUKFEUCgTptDMdUaIEzZZlIRnbjqCWTlJzk4WF3Jw1aqlhGxNRsI1UIEJYEgIk1GxJUSJpUWopAmVqmtZSLSWUTG2KCFkGGyGVENS+SLLlTEtFJcQ0TogIRUS2lGQRppRaQioCYYwwGEXYSGBjIRcVpLR1uH8hxNQyM0vpwk5UiqapKRS2CWTJUlGoTRlVmGxGZLYoUVSx02lcSmnpNo0lIqI4jdzSRSJEKiIst9awI4QjSbCQEPLUUtB3fcu005mOAEoJMt2IKhtAUmtNJQJJytYMtpGEQQiS5iZFkSJKyxFLpWRrYVQC03DaAQihEiXdbBRhOxTgljkOUw0URaGWbVgP/azraj9lKhsq4zR2tbbMWouQbctFJZ3gacoSwqQcFiUCWmtEyUxBoFqLhRNnJolprUVEVzpKON1yClFKxVBE5tQSSU5FqbW0lpkN1LLVCKOpTTWilCrTBBjbipJMpHAoMjMk44jSMoWaUyadAKYI1ZLZRGQau+tLJtM0ASFJaiYkBMLNyLKMhUopU5taaxKGKF2RbCO6WjOdbmncshSBxpwqJWpMY7PTUGopCttIEbIRYE9tiigWOTWJiBJR0pMozSlAEcJOO0WYKMq029iihlQsAkfUzGlqLgIpUMpubs5SaggSC4lsLW0gIqIUsDPTtlOKiCqBjUG0liaxbCsIRWZioZQiIrJZRcIWbumUw0FEkQjhTDdPWFGEkSJbtjRyRIlSinAmKDGoyOPUatcJ0knaGMkJUgkhbLBtZ2sqJULTONVaDJkpip2ZLVRKFQ5j41KLTRuniLATHCqIaZqwI4oippwCYdWqCYoCO+1awmkrstlK3EKhCKcxVgZSVOdERGZikEutZECmyTYZ1yiEWnMJFFW2AXIY1hG19j2ZESqlZHoaxuhKNlpOshUSksKitRZSKWUcBxN9V505ZQsVFUmSlTQ3DCXIbCBQRKSRkUhRI9KW5HRmEpBkTrXWlq5REntqlHC2bEaUkFVKyOmoBdymFtLUDC0iFMUtE0cIG4R5pnApXZumotJwGycHIQVCNLJYRGCEJNIJtGy1VGMZInLKdKtdCZXMTFsKka1lKYWINk4SQHOSRCm1qDVP09h3HRGAM21HKQVZtgHSWYgMKbM5Q8VYkJnGpRSQbTsFipJOZ4ZCITmIlLEEyEqDLCmdYSHS2VrWUqKEMhPZiciUpAjSkJluoaJS3FparU1934W1GtfZWq0FKzGZXdfVftbVTiFboZKkhFOKUADgtDMzSUG2aRrbsFoPOWYpKlHAzS1UHOprRY4IW2ApbJDbODmN1JXiUEgYC5IozvQ4NkkKy5FklIItQ0RmhkIh4Ta1iFCEM5EQRrKBzJQUEYmZTATKHJuLimpms6gRUqSTZkK1lpZtHCZwlFJLZAI2ko0EBKRwS4JQEU4kO6SUxnFUUBW20hkyKigzbVuoRExTWtmVioQkk7ZtkVZAyNlaQ4qCojqztUkWmKCWaoOxFALAaUhj24bm6CilOLEB20QR4HSUEErsTFs4Iwp4mibbtXQqAjAmbWoU01A4J1tSIZTTlNkUQbrvZ82ttbGWDkgTUmtNoVBkZqZLKVEiWwOQ7BQBRJEzsZtlZ5FKqQ7sdLNQkrWUZrul04pQgeaIMLTWAAWZlFJkxmlUCKNQRAkiPdlM04TU1Zq2UKnVmVMbIiqZhAQGoZCMhSZnCUnFLdMpWapFYTmzYUsFkUYkCIGxsVumi2g2NlFDRKmtjVFqjTKOQ7ZJUQMcKhGyJk/ZnDmVrisRdkAC2MZOFNiWokhG4JCaE4MQQXpiqioKGUot03qynW5pSpSImNpUa60RU2utTbZqyCEZKVTCtrOlqaVCjuMUUkKJks5sLqEoGoZRQS19ZsvmEo7So5ymDECKCAJwG+3IrvbZRogoxU6bcLRsIlViSpfAKSkVtU2ThBGmRNiOEgQ5WTjT6VaiEEEmorUmRSmRjWQq0Y9tdGZfO8JSGHKYpszS16IgbSdRlDm5OY2otZOk5f5FSyZJJKVzGCdaWyw2mjNQkrIoCmSTmWS6UFRspjaIiAhFTMOoQkRxUiIooqUi0rYbBqlEtW23UqozIVomziSLqnEUCdnYtl1rtGbbEirCkrFtbIwxSICERKAUTEkoM02oK2VqE5YU0zSWUggJZUtDkUFRSsuEbM3hiFKiODNbS5sIStSUw9mS1lpIte9zagkhJKWzKBBpA1KUCCeS027Nta+yBA6m9ZjOCIlsxiCrFIlAlgpSOguyEpRTU4RwqtCmRJCKGkZFmY2QTCJNVkR6jNppmqRqpawpp9ZQOKKUEi2bIsJYBZrTLTMUpZYIJZLtlja2BcbOLKU4RHOCAoBEIu1MSgFkXCRgyimkUEWkk8yWWWvJdEsHSii1yC6KlBS00ZBAKdVukrOhLpQY06wSQLYGEpHYpFBipWlZZx1Sc3NzKVJ0SZMdCk9twqEAFZVUgkFKG0VRyywqzS1bRhEWgY2MpMQFFLQpI0oa2ZCJalGadBoXAgBFqGViEmOXriPHZmOizEq4TYkQYCuK05lNpUjpVNIKJRQTiXGmAClCiiBzGqeGi0KlyFCgOUKJnUjU2jnbZGNjRQk7nS1UMrM5SxQJqWROWBEyWBItqMYhT2NDQqQdSCWciQiKlTYR0TJpKaQakjKRECkClAGZoHSGQjZWo9EMLn0NhW0rIJUCZ2baCtlWKWFLFpEmp4laq8rYxpC6Uls2KYzHcVSJEsU4pyZAkmRSDpUQ2GRmMjk1m/WQSGQ4m8lMkHFEkZDtqbVsU5RaShGApQjRWmYmslSsLNEVqbVGZgoDlsgE5HAxWA6TpuVYuw6ktKRGKwpFyQSnhQwGmimSMbYthCQEthDGToPBRMgklsnM0nWy0xY0J6kSENFaA7oSzmg5lRpSpDOEUwgnhDHImXZaoRIFkc0h2c0RkjCyEmebJJVSQMYBVshOZ6ZDqn3NZrsZyUI2diJQ0JpR1tJJQSjbZMmZoShRmxuZEcWQmZKFslk4IlTUWpPULGd2XZ2GgYiu9plZ+rI+XDYyyJbMZxtRFHVeJZWA4H5OE0jiftOUojk9JSrUqKUEYFDaIYFtSQANhEnncHS0pI3jlF0p62mYdxuqKiELE9M0hbL2vSePU2LXEnaCmrNIKckuXfHUFCGUTiEgsyFQ2M7mKMp0QBRJgZ02tiECE0orwjZSBK3ZabsZShQiAghlNpJ01q60ZnBRpDHGlqKUyHQ6Mx2hEDa204kB+n42tdF2RBHONKEwloyrmIyQMyOKQmmjCIxbs8JWRKLMMVQDppa1K7azIVpENLmLrtkC42xTEFFqkiSWZZIsKmlgsoswYackh0pmwyBapghFQWk3WRgpFJKcKZOYWkq2ZhSi2c4UiRQlcnKUMMhKJ4WwKMWtyXZESBjSDhunIzDIaeOQkISbFcq0IzpjWjMyliSIkO2WLVRDRETLBkpcFC0dArcMlYxmRKqGDCBottMhW8qWUgnSJTxNlBoICWfLFqjUCs7MTBQKheTWMgAhojlNBFbIQKYFJpMoGKSgTRARkeC0hDLTcliS0xGIoKAESVKb0jgzS4SKWlo4ohRFZksTIQN22lEK6SlbV6uzJQQlIjMBR9TMZuxMSUApJW0JDJA4x0RWRETJtHNKU2ohhZtK1CittYRaIo1bIiMVhSJaZoQwkJlOp1MKQsK0zBIiipwm7IyQLTtrqdPYkqnvOitySsuhyJxM1BAllEY0ZyAbJ8hRYhqnbI2I0hVZziaVKGRLJ1EindlSAhOlk9zaUEqvkNO2bbUcQyGplDJNDTkiJAVKW4f7F8ZxRKpRQppyahNFqEooQnZIxnIozDSNUUpEZMvmjFAgCIUzMw1gXEM4ElqbapEcSGBJKJIE59ScllS6zm5SJxpmnFotSkwquoLt5symGkFgZ9pyUCIymy2i1DZOxrWWTOwsCnWVdLaJIlnY0dVhvS5RCZNOq4RIN7JEpJ2ZJYqEkaxhXNcIFOCIUAm3bJacwhMOBWlZ1KhRkmzTpAALZKgRjSRVqqTATtzGUSoYlVDYabdUhG1DoagqWzMyFmFnBKDACcak0lZgIyglsk2tRdeBozlNdlFbmyAc4WmUooQUpBRSpjFIUYqnycZRwy2KRElSVjolMoEpU6GiYowUttOOghsG4Za2m2RUC2RaJZCUNk5PJCoRqoTlkjnJSreUaikyLdMmKqSzWQW3RikmcKulhjW5SQgiIpskS9iyHIQDtwYhgSSR2UpEaw1CggaSi0LYBmEpcCY4FEAzCimxG0JRsDERMm5tUilyyBC01hQhsDOi2GkLMlCDGmopyZikYQmaMwKpCkHagRuYCIlsKSlTxiUg5cA2pFRkHARhJ5A2WAgUuNnpDIUiAAk3EtcI1chmt0Y4W6aRVGoNPE0uJSJKOkVms0PhTMkmImQHJWlpcKIIsMBITFMDlSJJtkuJNGAs4bSNIoLMlllqIQ1pSyEpwIoimMbJAghhq2UTqEQojAth2bZsR0AWhxTJBAFqZKFAZtLaBFKA5GyhAkSNoKRbtmYRyDahiBBuU0JktloiobUGatNYS+lqnwFpFM7JSUgWyCCnFaiJAsZpQkItm0K1RKaNsZAjIlsqQpZtAttFkbYxKBBFtCScjgKTHUobTELYJlFggLSRSgmnp2mSXEsnqbWWmRHFZBAhWUjYjqhTyxARilCb2tRSQUGWJGxJdpJORQjsBGEIRcphO8GKKoRprZUqKZwgRxTbhpBtI4Sa00lVGFvKbLLSabvUGhHTNIJKFGNsZDmM7YyITAsZgBKBnJlYqn0bh66rIaVzmnI1DfPo+s15181BXOa0pVAeLJd///d/89d/8/f33HHX7Xfe9fRbn/q0pz/97H1nx/Uwjg0nAOa5FWh91y22t45tHzt54sSNN1zzmMe+2C0333zLI2551MMedeONNy8Wixod97MtcnV4tDw6hGkiZrN5VwoRdrOoGSkV2ZlDS2dGqKo0O2qVJ8u2sKxGUyLJKLpQs9s0lVpEtGxujiIkkJwOBaQFiSXZJiKyNctOMrPUWktJp1taCoWBbGCppCejruuwxjZilQChlCJS9tSS6ErJbJYBGQU4IsJBG1MyAhDYSRTk1rKW4iQkrMRkKtSy1drZuR6mCJdS3JSeiKgqikisTEip2K2UCmFapkoJpRMBjQylGxIRFSeh1qZQaa1hEpWwpEwk0upKtWg5hksEmRNRnAibNCpRwBAm3bI5RQQ2EIRklNmMi8JYyE6r1IhMCJPOBAwoVEpM04RUgAgnprkRtQqDkEk3WXZQkRsoHUWk7FQJO0U4R6NaulS6WSp2Ji0orU0okIokpMC2bYWkgGxTQpbSm8x0SM4kJEWmAxO0KVFkNglFFAlAEiXJACQaREtHSLbtlJSZaUmuqCkCEyINYSFaplQIsMk0gpYqhIpNyyYpSpAYgzMpNYQSyEy7RIlS7Mwpu76Mw9iylVIykRCyW5SSzemW6VKqRCkl7WxZojhaG9O2pAhFVDsFzYSitREcUaIUpROj6EqMbXKm7a506UynSrghZ4NSItMmpRIIY5yeatQoxZCZzpRCskFCFqFQZLqRkWqespnITp2FFNiJBXKuM2ddhwgiWzO2iRBmbK1GRISNJGPbaZcoU5tkANtdV4BE2rt4tmVDdKql1rFNnhqhWotUsIVbaylKVIlxHKQigZ22RFhN6mtNjI2tCES2RGpjK30RgW2nRCiQpjaVKFNLcC3VbkSpaKK1cXKoqsjNqtka2KEwKuGktbHUTnaJYhLUbCGcqmUaR4lpmOaLGSo5jaXUtMGSxrF1JRKhjChGbi1CQNpALV1O45RNKtla6SomnSWEhG0jMbUWUULR3HKcDJJKlJCaE9TaZLuUGpIjItymLCEkDIpsUylRomYmomViAGcLhYOcrEKJAm5Om0IkTRSFZCd2opAUmVmgQelrTjnlWGxLsiJAYasonFOSihrS1LJGQSQmHbVkm0DGRcq0otjGaUk2AhuBBRKS5DBpQpjMVBiTjaKwLIUBJGw3oxKFkCCnRgnszIYkQo5GE4KUMbaylipimkZqUbOTUgt22gnCVWGYskUokKek2BTJqIoUNnLaQhIiVBC2lZkmnQiSiLBUJIScmSYA7Ia7KMpmcDqdKCihBmClailW2CkwYExDIYMyx2ZCJSRns8koUaIjM3FIibFtJJxq40ApIQkSC0cU23aCIgLTnIGiRGLSIGyL4LIoLZtbk0opAoOQbTDpBNWoxpljKCDANukkgrTlGiWiAKbhaJnCtiVCBZF4HLIUZBJCLrUrUkvbmbYzjUqEgmwJqJZIOXBrtm2XWrFaNtyIqFIaDIEnE0hBRCDJ2Vo6IUKKWnMaMymhBGihauTMli0UBBEEaqaEjGyDszWpRAROJw5LxZnGBbf0lDaWHTVKFGwQCmcmDgySwk6nwSoBJYQzUxYhGwmRaWcLpFIUoUyT2YwsFYQEaJqaQrZlOVQiyOZQqGROqARkZjqdjiIRlmVCoXDLtAlJKpkt26QIFBElgBCQ09TStRawkWyhlm7ZIlRK2IAiJNGmZilEWs5UFMlOl6JMt2ykkKOUIJCdRhLYViCFkMTYpogIxWpY14hSq1tzoiJQtmYTpeBMHApsJEKRJEA2u5Qg7ZaJLHdRpmw1IroO283jNPWzrtR57TqDMASwv3/pt3/zN37jt37nN3/7dx73N3/ToAZ2NJsQmQBABAaZiKqCSil2SMitoZimFJm2W8PmCoEBhIxLLTs724946CNf7hVf7nVf57Vf+7Vf+/TJM4R4Jo/juq1WwzS0bETtahWqReOUbXIpUYqcGdLkFggJZBIjRIDtkAhBTg1JAVbLqSAi7EQKyxIYmDIjAWotCZkpEVLLFDIGIUIBQs7Mvna2my0ZpxODJABJTigWEYDGYYwIcNqBkIQUGKIU2Qo5szVbaUIhZSgyrMSkksQugqClMQmyBUiKIBQWYEW4JZmksggsAcIRkdnSlFpozemoBQnj1lAQkuTMtEvIpk1TlIKqaIAzkUQQxgS0dArZQhGhwJZt2xbNKSOIIgjSTiIC2U6DREAiIWdmJlhIgRV2i5AdsiAToJUyUzqFMZbdQEUWxUonSAIkZ3NaRaRUopGiZSshK8KyMuzWEoUKxW4RMU1j6WprGaUEZKYkbCScigIIgEw7J0oxCNHSSlAIo5AMElAlj+MYkhCySti2kZ3NDXc10jgtXEqYyDSyyRrVmWkDoWKRmYLMCakoEEghNduZtVRJkmy3qQGKyGxpSpUcxtiKsBNj5MzWJoJC6brask2tdaUqpAinW1qZLnK6lMBka0hRFGbIRiqK3NIoIiSrBCmTmIjIbIZCtMyhjX2tUarTKiG7ZctsIggFgCQJjIFMJIOilsC22tgUNKesllMpNUqQWLg1hzy1lGqUdErIVimK8NTGaYooma2WQpQAwnbJHGuUhm2UDVRrMXKm9i+dD5MiSsiy3Txlm7o6C6lNzRGlSKi1FhGZCQZaukQQ4ZxsggJJBJIMcoCtKIxGbSIiMkyqhBTZsoQMLZtQJlEQiBimISSp4EwDWWuVNDU7U4GMFIQkSBtPY1OJopBIIJ1QQopwNkUlLZF2OiVlaxFFAmhuVRVhgywi29QsmIJSSkFuU1qupbSWAkMp1bYwCDy1bNm6UkrXpR02IhMFmURICoFt01DBQBZKklPLgi1DKdJkhCkim1IqxUyZIh1RTMvmKIGNcQhcorRm5Ag7ATnTRZUOBlMwOCmhRIW0cUgJURST03aECORwtrSKhJ1YkgzYEKIlkqUwlsIgsB2KpowUkmwprDSKULaUSDuTEkHIrckmQqg5Q8q0QiLSKVnGEWRGCdskhiJh6MItSVmZUHAmSBESBrLZGAxhZA2hzplSGAo0O4QlbFBmSmRrmVaIkEAOgmwZEdmapChqSZGy5boNHb1KJpJUI6KWbJkmM7OllQJUPE1R5bRRrZUgR0vOTLcpbVQCqxQJI2fr+s7pkEC2Sy02KCQDkqZpcoJTpQgwDoUIIuWw7IwoU5umaah1FgLkIAhn2s0qckLYaRCWZEPIaQSSTIAFtggXCefkli6FCBlINywbRxRlWiIi0paUmbJUsLFRGBRWOkVYdksV2YSUWLaTKLIxzpaSpJCQQBFWOm3SWSTLmQZKFELZRqciIkJGzU1WKXLaThSSMEnaLqVaoqUzhUqohdxaRLTMkCxoaamLkjizFUWCDZKcaUvKNLiUrhRlWqi5ZbbadQIsO6cpo8i2glA1jWaVSEsg2UaQxtls0i1KkUIWNIuiMOFmyYlBtYRC6SRt28ZYCky6qZSSqFNOBoICzjCXyeBsIIgoOU3NRC1kTuNUSqldaVOTUBRhI4yEFJObDHZiWlqSKLViklTKAtvpWgPCTiMyEwupRJWMbdnNFtiAIQDcrKAoFKVlIoWdzRmtKppVIkJtGDyO6yhlY2ur73qiNsipHe1f+qM//MOf+blf/I3f+rUnP+mpPFB0/azb3N6c9TPVMu86knQmyLTWhKfWUERIhOUAS24jCigSLVNyRB8laylG2VivltO4Pjw6WK/WnlKBU5Ihrjlz6j3f433e6m3e5qVf4lEbW9tEzXSgnNbLo4MhWyFKrVEK6SDTJkJuqCJCpBNBCgxhmmxb4LSlsBNFCUtBKlEEgpYt0xKKAmkTAgInkqTWDC2kKa0I7EAqwigCO4VaWgUaVshpnFYonS0ddqnVSGA3E4KIyJxKKdM4NluOdBMoBDlN2FlqyQloijBZVNMTmVOqr1XVY3MppapMUxNOozApZDtt9V3X0tCcUqCQbBMCJLd0CGNQCdnCBRq0bKI4sg2tdj05CRFyNqkoCrJCNAulpUgRgpSwFVHCrdnNhlIgIqKQTREo3GieQmAiYkpHkJawbICQUzjTgZuCiEoYqyDbRAkyYcoWLVPCSDZpSxLIaTlr17UAG5kWKplNpSotbOwoomVLFBicrrXYMi42kk2SoXA2k1gIQ43a3EKBw6SFUCZBNpCiQOJABJlGIZkEZ5LKSBkksJIEhCgh2y0thaQIppZFYdKZigIEQrRskmyBsUERMi5RWptERJHTmbZBkhwSl6UIh8PZWqYjKKpJgrBDIiKnyUYVUWRLxZpao0QBO512kaaWKooQYFsonRFRVIY2SCHkNDhKAWPsNA6FJOwphVuUIuy0hSgqFpFusgwBijLl5GaFQsKAxnHoZ31rLZ2hkJAiW1MpMpCKAAGSMtuUOSudSkxO0pIAAzakHSIlIcnRPEWEjvbOgxKwI8LQsnUlhnUrtUQVKMBStmarK5F22orAlFBmszFkuoQMbhOqpgmVEtkyoSvFUrZMJ3YpkYmEwDgbpklhbAikEjWiJXZWKcE2GFsRNkLZEkyJbK3rKhGZ2cYGWWuHaU4hyzUKpuWUtiwFADYSkg12RBDpkUaSRFGoRAlntjRQasEYyyAy01hSiWLUxtGilLAVKApFZaK5GUDhTNWgpZDBblIkKQdOSwGpCEyUyDQoQnJOaRThdITcMpGciailOG1HKZFtSknyMOasC0xmNhOkjQKjbFMUkRgknEXFGMtKp9MObELYdgaFsG0IREBmWlX21IbMtBNCgUxEQchOE+GpZSFcGkSJyGaLllRKKiXVUjJxTpbcGmAj2USEg5JMdrbJgiYUZR7F0DKBxCZCkrORgSJChEURkiIqmQlOI5VSJSPcpCrSBuMS1U6hCBQ1CqgElsIhbAEh26EaETgzbUk4s4VKWHTRMiVkGQtBglAgCZwGhIwlgZ3NEVIoTUQ6Q8XTtF4fTtNUoprEKCKzRSnplEQirCiZLaQUSpDTgO0I3JwlonkKRVeqVRWR2ULGSlLILRWkwzlYERGkJZw2KCTCAOkUZNRQxuQWUhAmcUBahJSZIpCzJUEoDE4QkpyJJCGFkUjbIuzMtIpCEkJgjCPC6ZYpAkGmBBgVO0UQyJ4ySUdVRA3UMjPTkWpuqQicLn11S0kOZKMAF8KAANLmspABj06phGxcIMFGkFaEJZyZrTVB1hLYBEJSCXK0ZYtAYVshYYwkYyyVYk9IpBC2hWRPWBDCEi0NxtkmKSQZQqEiG9mINjVQrcUGDKTtzNZaKUWIUEgtE9tGoVqrpGyTCeScpkxqF6FomSIw6bSz1jKNLZWhCq1EFTSyRp3G0UglAgEm3QzuZrNszQYEThknEwopyEyiFEhbipBsgxWRmQCiNZfAGEeJQpCtKSITJRQVvBxHCWdu7xwrdZZJBEcHe7/x27/xIz/yo7/wC7+ye/EiEha4zPqdYzvbi82oUUudpmk9TBatTa01DLIUaZcIjG0FTgQKgd0waYQgGyEcCkOQjiiEQSpBqkTWOu8LYzrH8ehgdengUpsmSAIatZ+9xqu92nu8x7u95Vu95ckTpySRTrfDg73h4KDbXMxn86Csx5WihE2QdhtdqqSAxG6ZUkQpShOyARtla6WEitrUaJkRNcJ2lCCkdJsSMAhHiWwyLaGEhCRsWc42uSmKkGRUinCbGphQECmKsNXaZBMhgUqpEVNzOiNyGqbNYyfChRIApEFgJASGBGGbIgFgrJRBAvGcbCSwkXGiCgZsC5BA2CDUsGyjzFQIZbpUtyZJIWciSbItFXJKCMKkBcjZpOocnZQSYzahzMSJLYjokhZOFGNLWqY8TpPJqmhpycVhMWUjjcipRQkUQoTb1KY21NJFKE2JihTKlsiZxuBMUVIIhxDYmLRTqlI2SxGdwlKEZdmI1ppcHIqQQM5sJmSlrYhQ2gqRjpAl2dgWIUkVWloSRYhozQlRIxTYzc1IJuTJFtgIaunSLRRTNuyiUEQSku2E9ARFYUxaAkqEHbZLJ5kx7dYi1EVtblNrNepkV5iygWupCTjHMU0LlVqLUREGRGbDUhRwOoXtgKyKhjERQiEbNOUkk6YUScVutmzXiCkzimwX5JCNTBqFUZGnTKQAWpsikAIFtpAlhXIaIjpIG8hMkEhs0q3WYiNSikRRQpnjNGGXrgKSZE2tObPre9uEyIwSaWU20opQWESRpoZkiXQKhaTQehiclFojJGitpSklJBCkMg2pg71zIoSamwQU4bQDlVpbGzNdoiLbFiq1tNaQRWRapjlVqComWzrHSbUilEhYwhZhskBKBmczUQJLmMvc0iXCtpCEQlJgYwgys0SdpskkCSiVbZxms5mhtdaXamHbto1CgpatIEVIJTPTGUWYUOBsWGAgbbJEZ2VmhortiDCSJTmdCcJFQYQz0ykkJ1EJ2jRhJElIBVKKdErCQp6mVgTQktZGm0ybJpDCtt1QqYGRoUiZpFOi1EIytTQpS0U2anZQFDZRSokgMHIKtxodaio1SkQE2BFV0UjbYUGpVShymgjZkmxRVJGwIUG2kRA5OUrglGTkFFJEg8plBpG2TYiUChgA8XwYZAwCA8IQXJaZoQAj8UwG28hBJJBJRADGxgITATaAARKjiMyMEAaBAWHbjiKQnRayBOnJiEApKVA6lTkFxQGJJAUSttLNRkhKUTNblLAz7bCb06ZEpEPYbiakRIq0zTilwqFIN5qzKpKj5XJv//wtD37EcHjkNk4ta1daSwlJ4zh2XZcWmSAFNgEJtcjIdjpDATS7ICTnNLTWxsk4QkqpKG23ZhRRJOxJ6iQMNpmTAUVBE1lsQyjSztZqrUIq2Ni2bScYKulSC4LMzESynUjOEmGQShRsZ7pCI9KT0xGEiiXZESE0ZmLbGSWcgEIgOR0iijLkpE1Za9h2pp3NBEytQXRdeCIiHBmKtFubSlQps2XUDkVgA7aR3JolERKSs4XCZDptiQiJEm7N2EZ2KdV22kII22PLKBR10ACkCkbNDRAFN+RsUjhBSJlEMQSkKaLUSkS2VkrUWoF0BhhsQ8hudi2hoojSWmtjK120samWIg3DWGoRIMlMU0oufVeIqU22I4qxM2utCsmRntIqoalNIpyOEnJOzhLFuLV0a7XrnZNUHISVmemUotbITKNsGSWEMx0KZKLITjsisMexlaqgKJxmmkZStSsK2cYUBVGwp5yYWum7YVxOk/q+bG2dRJFkoGc8/Wnf8V3f8y3f/u333XM3AhNRjp061fd1Md9MZLdpmqZhtBOQIDRNLSKkkAI1EttAqJi0kRwKO40jwiNU2XazJQkJitxC4SJst5aSEwVqTVJK2Xe1Ru9amKaIsl6tz52/b5pGEmBra/ut3/ZNP/hDP+wVX/aVS9cJRLt4/qwkFDVKLZF2kkqihJEMEWQaFAKQnBmSUNJaOiKUTmc2RwlR7Fa6inNqTUjCyLadIUUUAxCAZDtbpluJkJSSFAEtLVmIUBtbKAgprYgksS0VBbi1yZadW8eO/9ov//Iv/MqvP+oRjzhcrZSt72tE3dzaDklFZCu1RinzWkrt531V7UpVLbNQRI3adfNZF9HVWmopW4tZ1E5S7atMQ5RSkQiTQlFDhKIUpFqxhRA4u76OwxSlWDhdBApDSFPLCImwUyhlOSXJNrKUmRJkhJBCBbCRSGeALYWUmYAC29iWZCsKTggQmGwGCIWhSAYBGABxhW0JZxIhDAEYxBW2DYIUYQDJRiCwDChlIUOaIjcclp1NEYAEDmMAUgSZaYMNToyxadmYLJSyM0px0nLKlulmWxYSGNEykdxaiDY1hyo0kCCdLRVFSkcNqU1t1vddPy8lTMqROHNyogicgtLVbK1NkyPCsghIW5KdRiGDohSn3ZoVKhKBMzMlAQqRDNOIsyt9ZlpWUbbsamdnNpcaThMCSZ6Gltlm8zliaq0QmZZMIIUIO4WMp3GKQkQFp3GmglAAYBOCltlaTuPU9bUoVMJuTkvYKjVKVLsNw2QTkkVAlGpssqgip7OoYBu1bMqMUpo9jVOETXS1RsTUmoSMzdDGgFJrjQJqTjBEkCaEp3EipMNLF1QURDozgRQylCKb1XosxYogBUQRIDO2jHBX6zBOzozS16psObWmTEtArZ2h1nAak9OkEjZ2llralF0tSE6nkZIIpRKblJUkcqggZ6pG2NmcajgQws7mOquZiR0qDuEMSWgYB5uu77ElEgeBRCLRMqOABWCQMicJCCyFnVYJpyXhbHagtCUIkQg1WlHY2MocjUirRC2dRGtpp3GUmEUdcgTlMPSbW303t4pkJxZhOSxIy85QgEESaSSDSAtZABJgg8hEASbEMxkbB4I0RTwHAyAMhmhOWZCWJclhN6ebW0SJkMFOpW211lwkI7u1Ke0gJo9qSltRsk1tHBpWeswchhWW5WEcSQ3Dahxb0sK5Hhq0ll5Pg8em4PBgHHNw5tRyGodpyiSVmFyv1y3TkydPmfbU0tPUmNqUUxvHtR1TtnEYpnFobcxpmuxxHFrLnHJq45RuY7acVuu1nUOb2jS65Tg1JreW4zSm3drUWlsdrqc2tMxsjWCacmqTRBvHaUobbOSiSDyOU6jYpqpgRcWZNJswzXYiEQoLBFO6FLcGAvMACpyo6tKFS4tFd3Rpr5/PnVOmoiikqaWEInJqzmZFkSzhVCmCtO0MFYlME9AySiw2t1C1DSEZCwBbYKHECCFA5jIDlmWBSVJGYInLAlIWAgF2SmApsAFBA5m0JSQFIGyMhG0bERRjgAQhsBACW8aSMDglpRQApFMKGewEhwqAASPZxpZsg2TbUgjbdkgpGxUJEGDAlmRbkkkcEmCnLAtJ2LYIy2BbMljIQsaASBOSLATYSNgop1aKjLDBaSmwA2UYSYmFJJtnEgI1t/XhvluicLbEJUIQpUytySgCPKzXtXZE6UuknFNDoKgRmQzTKLmoRMgKO0NgOdNBCdlks4ogpjYIBaFAKhJTSyXNU9pdLSBJraVCzsyWtdZhmoRrLSApwLYlCVtg2Y4StqZpFEQJJal0GqIURSk2xmFUy7gaRmfBwGKx3c0XAPjv//avPv/zv+QXfuXnDvaWAJStna3NY1uLfsNmPRzRciJtlajQEjBhZylFpbUhIpw2DoUQ2CjTkKGwXULNSJZk7AmK3WQIkXKIBEygCCGcKAJnm0w6ukgIaNlsl6i2512db2y1Npw7e2H/8JBpAJW+vuHrvs77v//7v+lbvsWszBVMw9GlvUsyXe36vkNhcDYkOS2mKQNFRISM0xbYak6ZUiOI5rSNiQKWM5EkCaWzZQtFhETJSJrHaSolQlVKc1kqSqRToCh2ijQlpwmEUCgkApJsk41BIUUd16tjJ8+8+3u88w98/48iYfMfSGCBJQRpACQwFphnEZgrVItb1giDM60QtjGOUISmKRUCJLJ5Pl/gLLWqRlGoqKhIytFtWnddENXSrKuSaldPnjwxm836vi+qpauttShlPuu7ruu7Lvq+RiklEIv5fD6bR0Tgjc2tfr7Rlahd6YKuq12/KKWmiVL6vqul77tSZ33fdaHS1aJQLRWphLDmi9J1XYkuSqVoYzYXbq6zRa1S1K52fQFQqTUUqBmFKoYQmQRBUYSxjd0U2DhdABWFAIPAzQpQkDiwExCAIEWkrQguMxkOhAGnkZBEgrBpuVqmsW0ceGyIpihSYJM5tRxzrFFLqTgVITDGcloBoUCJW2tIJUo6bbCLwhFyAzIz00gSkuwMqZQypXOcooRNJqV4HFPhrswUTG0a12Pf91FCRGKRRMiA0hmIsJuck6VSClJOE0QUCRLbbi1bZlfLNGWtIYDAVi0hbGWbokSbPLWhRC21FDTZtFQIGUHSWkYpimjTgBQI4ZRlMoGIkMJKrJCQpmkSUonahROh1hK3RAIh7e+eAzCSFGFnRKjIibPZjqjOlqaUsG2RrWEUKlFaa0ISbWpRixBFRcqcMqNWSaVl2pnNCEGaGqQkopRopFpKNOOWxqFwSsqUikKQ2VqmnYpSSpHIlhHFeBqGqCWQpZBACmG31gylFIXUGHMqpdZaxnEi06JEgCLUsrU2RQkyjANSqLnhElFqjaJM59ScmU6IUjTZpCMKWEYSBU+JFBHptLGd2WopNpLa1PpZN9s8/oM/8N0bi41mj61pHGo3w56yZWuTpzblOI7TOCpKa+NquV4NQ05tah6n6ehof5zaarXOZshxnLKN62FAXh4NOQ7rNixXQxvHaRzHaTpYj8O49tTWh+vJUxsbEnaSbRqnllVRIkAtp8mJDYGgCTLkNC+UCEjzrxKFTADM8yEwCBkDIDD3k0LO5DkpsME8mwAJ2zw/AgsZE5ACAygkOZtKAE4iUAQQEU6lnW0CwIpag0QKt0ZIShtFDWFQV6udkkU1iRrR06aWqrVkmOZMSy61a1Mb18vD1WFBRwcHERIAaYekUOIaNTPb2Eotktbrdak1ItIp2yJQSK01ShnX4/FTp5/0xCf8xZ//2U033zRN4+HRQVd6RXHLqBEqTrc2UsJuEOMwyS61kmlJTGk3RDpKyHaz09EFUggBlKQ5GacpbTlBmUlIllsSGDe3TARYztZImhWhEm5pOxSAhO1xagFRIu02tdpFENlyag2MPWWmCSA0DiMYnKioEMYuDqspeoukkRiF3FrLxmq5rKVEDaTM5sRkREHK1pytRDHKlqmsUdKTTaC0sSKcimymZaM56KKmbSd2plvDSnChTm44Q6W1Ke2Qp3FCpUS0tGgRZb0epmm06KNLGzg8Orq0e+F7vucHhnE5DWspQOASkUaSSQNpRWALCLKZUBhF2IRwCFuKaWz2pAhRpJQiScBpJ4hsGYqoxW0EGZVSjDOzq13mNE4TUiGQIgRkazZSUVghgaxmRyCFbcDGzmEca0Sp1ZkKZVqSJCBbk0SUIrK1kTaNbRqnrcVi49gpG8Q//PUff/YXfNnP/dTPDq2BS5TTZ65dbC1aa0LL1VIqIdkZEc1yjoowBkiEE2xHKSGlEyJsyxAmlVgSBiScQhhjBHaCFLIgpcg0RQIZyZnCICPbqGUKIEqNNEW2STudXald34si5ero6OzF8x4nQOYN3/gNv/Ubv/bmhzxSkOZo70K2qet7Q4kApZunJLAlGaRQoEymnGx3XQ1FZhqAEuGWrTVCUSIickpKBNnSIopoxlJOY5QSkLYlgU2NSDcbQk7b1BIgZBuZKacSJd2wQCZBNcrh0eGJM9d+5qd95pd++Zc8+sVf/GDvQKVO45jZpD5KGis1jhO0UDSnpFAZ3UphSgrGHscpMS1BwliIls0ZCtvNto0TO23LdmQffVO2McGYiXCmimiZOaUDN4yFIiSCYlCSngQGi8BpEjMlkkJYxlLagUwzOKQ0yEgkYACBRJrnSyCR5jlFRAKZvDACIzAKnDxTQHKZKAqczVwWkNwvRBoASQpsSdCcGAiCrquYUko/mzmY94soms+6gpCilo1+PlvMjh8/VmsxZWMx39iYLxbbyqlfzE6dObOzud33/aKfzzdni/lG6UKWUD+fldLVGrN+dml/72Vf+mWvufa6g0sXaledzikbibNEVSca2ZpFrRWUmdkyQiERMnikdDISap5ybCoKhYj1OESodtWZMlEKyBC2laBMS9F1ZRyncWoRFsVuJcpytSolutnMbapRW5pKJDbNCYbAiiCQ5eZsLcM0KFYphSIBxjjT2AqFYppaa6OkqDWKSOMALHCWUqZpHKeplDrrugS3bGQowqQsBeBMbGNQKVLpaC1t0DSOCvqut4RtqxZlZss0ihBYAiQrnVEKWId7F0tEIz2lIkIoAmlcrUrXIWHbiUoIRRmHobUpSpRSZEthKXMKlYCGkEnAaSRqjXGcgggxQREtnS1rV7M1rFKLANycbTLFQcEOQRS5JRJOO9NFRQXZhgS3rLWoRE6WIJ0SNghSEdjGoVCRLKcTyykVlJkyGQZAMrYpUTBJQ4IkA5Fpi3AQFjLZpiYiSggbYxEKSEUBC7c2jI1wiULaIaePHT9xuDzc2jwGECLNswjMcxGY/xAC80ASCEBQgkyhiKIQRC1hUqiZKllqU4YwKIQVATbIRUUlhDGyXErIUq2lRCCEVAvpUCAI3EAOcIQwDiHUUEhOUCqERJqEgtJWhCGwkTCWKlCwAQNphFCKANtpioxkkAQSxhiHMSS2wzRJGCEDJFZzhmTsNKRVlEiA0i2ktDFOE4AUtsNKkhBWKEklCYIErIKbjWwThIJ0KoMwWaM/PDq8dP5cm0aJg0uXao2QEk1TiyCiWA5kaOkiMtvUKEGtVcJpIaMk3VrUMozDsWPXvNIrvsyf/vlfl9q3aUAghXDKBSURpHEzgAhIIWMgTIKKMi0TyLIt5AAjjMBCgsQYYcAgbAQCIEEAGBBCtgMMBoFBQoAxmGeSwBjEZQKwAYSQMZZkc5mFjISNIEGSTeAEgcAAIGwEgCABEFcIjCQbSCFjECBsAEAgMBgAgQEQAAaBARAYAAmDwEZAIGNDQGIISK6QGKexhC5duK/WGVgKocRuWUs45GYAKWQibE/TNA5jKLpaqUVIToVaywilcVqBM0uUhoQxiADLadrQSldKCSctW1FITG2y1XVlasbNjhJERDM1SjrTKZDkTEQpFTudUiHTGEAyhALZIIqcCZmNAHtYTyVi89hOpacI+OzP+ezP+dzPEXKa4PTp09vHj0/N07CepgYyCAQWpJEkY5DAIIFtBDYoHQqHZbBSCAMYg0wGxSSAjAPbshAQ2BG2hRIXcEKEcWCstC2QIzEiQraF0hmSAQOWA0UptdaIGMdx9+L55f4RsLGx+Xlf8Pkf81EfJQlyWg37h3ulK7NunpklorWhRG2tNWVVEZraWLsukwAH2RLbIiJynIZpLLVWlShFKGltaoYIoQhomW5Zati0zIgQACWKZRu3jFKciVOEJZRSCDXSpoScTjukKOVwd//UDTd+yqd80hd/8Zc+5JGPPNjfyyQCGylkLIMA3IgA0io0kAlsJIQgpEwkJAwgMiUSImQQ2KiEsC2lDQoJ20hAWCZQCglsgy0JCxljZynF2VBBAMbCkiBsg1GQjiohG7AQspFgSgcStjBRJbANBJFCCFImFRKRmcYlSnPDgUAZiMzEshySbQkb5zhNYAAHTqyUJTKRbcBOySZkzNSaDW2aJpeiht0sZctJGc2J0ykCZWaIlsCUTSWwnZCJwGATkFwmAIyEzQsmMJcVaDyHUEl/xEd/+Fd91dfuXTwXUWsNLGSnI+RsaRHCTjsMihAJCKcVADk2FUmy5WwqRRiLUEjCKKZpKiWM25SGAAsR4IhQKJNSItvU0rVENmdmQhjkqDUi3LJ5qrWTI8lAiYVJHGCZJD21KUopKummqK01ZBlkofUwkio1ooRCIZwhWVJOzUIKQJJkReTUCOQwmVYXMbVxao5SgzREaGxNqBAKJAGWsBOHpKSRJQqYVKN5MqESkW6hSFQDwGGoxUnmFApIF2UmUhAK5dQmUQy4lAI4HSWIoGWmk1ZKCWx7nFqtpdSCcxhGEnVCEdM4QpFqDQUYGYs2TTYRUarGaYxSwNM0Wa2GpCIhhNNKMgy2jKMExDgMWOBaamBJyGlFEY1msEklntoYAhXh1pAcSYZApcQ0DqSBdGKiFhGlFhuihUvzKCtKmOJwRAFLpRQ506a1BtlKdIoWpe8kMU6T7VmZD1pBm882gDNnzmyfONZa2hbYqRApInBiWQZs2YkUcsuohSSEbQjCdoowiWXZtlKWhSxkicxMS1gIAiUqpbRpEjaypDRhUomCBGM1pSwESRS1ZsmJlOmQ0oSxUBgLAGOROIBMC0HayqkJpSacpkSQEwClyUpPARMZBgshycY4JBtwGiECQBgrsUzaJQQGpawEQGAhCzAGiTRCApNIQqQtWQ6HhEkh80wCLIRBAo8CRzgl2zbCkoAGSoyRZBtByCYSo5CNZRFpAIFKtpZhpwMynM10Y8sGJK5RmqeiWdpQSleUo4RM2pKdOZG2JKdpLSOEQUTBE4osqmEhHvaoR/7pX/zNIx7ziIO9/ZRsJLDJhCAAbAtnQoBTxioinUUhbEeGAiMrZck4JEDQQOFiZeKQpILTkuwMSAvZRkIIpMCYJiKxEhWlLSAkSwQyaSQk2xEolXbIlizLOO0I2YbASUAKpMi0I50BRMh2KIRTYEvCTqtICaIJSTLCtgkpMSRWhNI8k01YLiaRQGGbREU4bUuBwKQsB3IgC1kG2UlKsi1jZDmICNm2END6fn7h3Pnd8+eCyGaaVIHItCQpTEvAaZBkZ0u5TaWEiK6rmMTKBjLQABABGdikFUnISEm6ZbPTKSICKTCtTYBqCJRFtLFlOEupxkjZyGyTMxQhZAylVJS2W5tK1JaNTKIEtGwgyaohy56wa5llxGp5qCgnTp5RBPDUpzzxvd/7/X7/D/4AqF138tSpxcbm2KZpGvf29qUIhCyF0pBGMoRsZxIhgwx2hiRZhJVkRGJZiSXbIIVtIdtSQUmakCxIW1IYAtvhRJYFYMkyTiGQbRcJBElEGKct4ZQCGQyBRZjWmtvYQsrg1Ikz9Zru4ODw/Nm7P+5jPubjP+7j3uRN3vS7vuPbr7n22hOzeZuGvUsXFpubrY2h2jIjkDW2qSu1lC6bcbqEmu0EKZ05pdX3s0AEgmkabRsIiyolRpgIEBBSkSzJsrCd6XSjOUGgMLbThCPkcZKKIe02TUQxpBK3Nk2gtI1LiUyQLAMg4URBYGFqKKnYxgqwsYxbOkQzSkmZhEByJqSdcqA0mQawDIgElM6Q0pMsBQYlTVSwQLJThG3MOE2APSkEBkPYGQhkDBLOQZBY2EIOo1AmgMi0IiRWCYI0CpSGsBwJBaeRQJLA2JIshTGkCbBkmxBOEZYlbGNDBNjGTkKykOWiaiFLYai1YKXmCyEQgUgSURSZVpFAAKSRwi0BsFGEjAOkwGmH5YiwbRqOkGQhLLBDOEJYhA2AiIBmkw2FijLHnJSebS6e+qSnPvQhDydttJjNxjY2t7BRAawSQWtNsqRERU6FyIhCeBrTTgLbihpyk4wVCoNo0xRRS6WW0loKSkRzJupKZGZEpMmpycpsabepiRoRWKGs0TU3nE4hiqrM2MZsLSQgM2tXnaGwk1CUqLYdlFKmcQhkS4BCilmnySmnnUopCiIiJLVoQgpE2FYUMpGwCIWLlIkTRyAySp2mMU0XJY3lKCUkm2FYlVJDUaKM03oSxQWECIVLJg5hqhG0mrKbbXc1JucwjDWy77suoiWAcRsnUK01sIukkm2KCAihls3pUqXMqVkhSVFDqTSgiCDC2SyFUNRsYzTXCBSSHMqxqURRuBTh0nXRz5w5TmNICrk1JGHbiABCzkw1OaIGSAGJjRTCpJvBGDITKCrGipiacaYJBSYEUGuXrYGUUAIrndDAgOVQL9JgZ0SItGVatkC01pxkToVuzJRQUToFSLZbw0gKYJ1TWS7d2mQhhzGSRKaVZCBDADIOYwFrIQkjsG0bICSDSBEWYDKktARgBCDLQjjTYEUBhAQGwHaBSSQE2KGYsNJosoOEQMaMKORmWaI5hMEYC+MgEpOkEKQNARYEuCUKYZQIQoFdqA6DZRkrFBJYiRWBRCpFYCuCwChKYiFBEkpKgO1QACQoHYGwkJwosJDSVihCBglbWApIDCWciQOlRGKkMAZJSQkZjJDAMhRkAQQk2JQQgImQHRYCySYCZxCkkRJjE8ihZiJEIaVUtlarMhsWocSZLRAqEbiBopaYxtFkprClaCYEri29HodtaA3sYbU+Wg3YCkgsA5KwIC0JYYQdESSZRlaq4YDJIUg3SbYiwBhsQiDl6HAEblIEzgTJdkh2EtaEIwBkFGQ6iJQBbFnIBmwUElghJ2BAyNgIHJAGIQSJREPIgWQypJYIUNKkCCvlsMCAI6VojQAJQHZKxk4UIRKDhG0sAjJRmBRFJZ3CIAAsyQgQGBtkIRtwojAWsi2QRGZSItIIIzlCAC3sXM/a4Wo9TUkQ6ZQxqSxRCWwrZHBSiMRIyDJpIqKW3tiZFsIGDMjIpBMpu1KwGk0JgaCRtRQhIcmZILCEDRExtcQpRTplVIojhQy2I8JCCrDUiUapSgtS4TZBlBJRCuBMY5BqGVrTNB47cVqqqP30T//0u7zLu65WK/BiY3H9jTePYw7j0cHBvlUiVEsFpy2VlilLihBpbCQEaQfCQsbCKQEC2YCUNgRyyLaMZQth0kRgY1CokHYgI5QoMBiFbLAQ4JSElEiAQjZIINOQnHIIjJETKWS7hJ00D0zrcZrV/uaHPHQa13u7B7/4iz9/7XXXPfwRD/2hH/jBl32FVzhx+rpheXC0HuaLTWdObqX0kdM4ToqKR0zYioJCWIqAkBOaUymUCoFoTZZJp0vUGkqQyMxaiol0ZmZJq0YUIsJJKLBJC6WJlpmpUqQgDZQI7BAmWzpKgAuBZROhJkUiAAQYAtsRTksII9TSUZARNKnJSii4hQTGiSCDEDIWl7kQqTQChEPCFIWFbYUUWREEGBuLMKAIyaRTgIrJCHAQSAJbgKWCACcqSlMkgxUoUSkyRgoX46SEMZRCWkUSkjISJAo0iXQYBbaEMlIIGYVtocAojRVBSkonCKWELUgsk2puSLKFGhaQagFgJoMgoJFOFGFjgyyTMrYQEraktIVCTgNCFlbKRcpMSYREJgoJbAMKlKTSFoAICRskCdtJqTNySjcCnM2ToKoID5kTGTYRoYLsJJQm8ISKMxMnTZBGIbIZSpR0BjXw6AZS2Mi2RaaLIiKypRAKWcLpFGVyulklyIatkKitNbCjBLYz06NTEFFamwhlNo1ECVsRRUhFbtjGKtFFRGtubkoy19mkGooSoaJAkNhOpwChxJGZbjlFlBCY9EQT2CCK5GaTWSLSNKdtQTMNQupqrwjhqbUpqbUoouUYKoEyirIlEcVgu9RMC4ViMgp1tUapCSJqjWw5TZNxptEklVokORW2Isg2OSkRhgmnJ7l2NYSaJydFihJtyswmhcBtCtWWox0hN9JWLZUgodZKAuBmGynJcJEjwoaQwAoRMilFFGQsZ0MqUmY2g1AokpRCAgTYLacMpSOEQ2G7ZcpZapn1/ZRtyClMiCYCZfOU2XUhtcwspTgih8kRpchJy7SdtpRRCrhllohsdkuLrnQqitGSMg2U6ECJQmCBQjKAUEexbIElAQjksBKMTAYyCjkdYAVkwUZgKWwHGBDCdhjjEEiSsFMocQFCMpZSBmEbWy2tEMKEZAo2kmUhWSkkAzYgJEAhORG0QMYCSWSmJAsRsmUShRILJIwDAIlmgW3JSrJAypHKQDbCyEmEWyjSABLmMgWZlqQgCUAQkEiWZAHCimI3CRthKZQGE3IKGZsIIYwBKSwT2DZYyCgEiWXAFjJSWEogJZFKEWlEysVpSWAH0YQQlhRFCWRKSQThsJsDM03jrO+ytXGcilQqJWpW4UwSSQpwoiJkEBEBjpCBNJAoRJSC5YpsicRGUpENSpAVciJVhzEI2UQJG4UVkrGNsEQicAhlEEiEwSgChB0OhwM7KwKQKchEVJMFGooISFKSBAZsCiABBsChwG6E7BJKEFiFpBSaQcZyAFVKLAphhDIoUloYKQMrZAgAZRIBDqEEmwgJcFgOMCiwrCAUWRwAtkQiyHCYhAjJWCGjgk3FtoUkO8NC1CgpqaLEyIFNQAmZwMqUhIVKdKGQIEk5WptKFKPAzdkyZddaoxTshMmNTIEUaZSkDA6HZQmpEgjlkBGBQ4Waql0HTFOrUZytlCKiZcOKiFoKwTQ1twwiaCox62rDnmyIALtlBsZOAMsKmVrldBRjtyxdD7TMcbXaOn4SVeAbvv5rPv6TP2V1tMLc8qCb+/n24dHB7t5eSKVELdWywSAkCAxYGCcOKdNGAZJkpyQLmVBCAEYIkATYYAM2EgjsdAQGWyEbCAkDRpINkgxYyCAZBIAAbABIORCiGIVssAAZARjhJAGFmfDEOBxNKOc7m6evObO3t/uUJz/tFV7xla+95szP/cLPvPzLv8qxxcbR3r7b1M/7dAi6WtLpqHJOzYWUABAJrU3NQGJK7QKVLoySNPZkxxhRkNOEoyVJgzQ4pASopZ9ylIIQdgQFpqmRGSrGEcKRoVBEoCgRtGkkJFmgkKHaiRGAsbAzJKcLStsgggKJFLIJG+NAaUtgJMtkaLIFGBGmBU6TobAlgyzhNCETYKeFgMQEQg6UGNspy4EkUiFsO6UwzYSMAttOCQkjgbCQw+kSmYlAOBE4JGMhS2GnUg6DIjBkGhESBlvGtgLZljMJlCAJkENKJFk2YAnbWBGygbQkIXA6ZCPLQiiLSRTIsgjLIEyQRhG2FQoLAcJEkcEgIXAoDJJtoyIRYFRK2giAKMq0JCEhCUwKEcJhNTmV9oRxApGZaREuUjqCZofIbKkqSYhEAQ1pShVDBKjWACmwIe0UypyaiRJNObXUlFFL2A0Sy44oU2shObBthyNrVMJJSqWlZQgchAOcCBQRpogMwo5SiroubZm0gYiQZE/YiUOaslnpZGrT6nAZXTk232pTgihBa2O2QjFpExEtM1sqwJDpCONsDslEZitVoa7K0zSl1dxqhKITtmUlVilh3NKtjSVKoJZTKKY2IRe6kIwFQAQ1hFDLdGs1aul7ZJJpGjIjaq0qpkSUaRwFJmSh5tbGTFGiSBFtMm4RUUsoIqdUQLioNrfJU4mopQoSC9sRinTaGVGAbJZbrR3KcRpERCgIORHCIAo2nihdhJBKy7TCrTVnBBEJIQgCK3OSIsKTQzQhEhVsYSICu+UUKtkakGHRai22LFeiZZZS+y6z4cwGnqYohRJBtEwMEBFyipoYKAqAzCglJMmhQIVnsUQGkMpipZHlsAQuIo0RCBvjsJOwESnLQtggLOFJRBphIbCFMylSwyEphdK2HMggZClkW0AakUbFmYEtyTJ2QAqRzRFyKiLdSFmWi2QDxnIobCeWTcohBwKcaYUCpVNGthWkwTK2CJGAZTIcTkVJm4ISZBswdoiUQRgrARuBQcLgRAEmbSlE2kpZxkpb2A7ATcg2lsPhTEKYNFKYCSktKYsj5bQFaYcEiWVMAkVKGhkhIQQYIqWw0mA7AIWxkI1kWw4HUigbTiwDNBkigoiAlEMe1uvEpZRaCop0y0ybWiOFhAjUIOx0w8WYqaWMSgGqCkQ6g2I3oyCwhGWQsYVMklLBVgDGYMhMOZoUmSaQZBAOMLJtgdwssBAJSiBpWJKRcNoRxbYBmiSnQtgWYSGcWAhhgxMFRsJgEpXEkiAwEmkLpxAg2wKFM0EWFEgIKwVygJHA4YCWKChWJijtCCzZKEU4ZWWR7DANGdK2bYQUTjuMBemQbATGYNviCoUxGQjZBLKMrCRDyIlKJmomkEIyBshJFhLNBCbdbDU7WjabCFRq2rIzmwjCBE7c0oAAKW1lSCAwRGaWUtJZQ80ZIWOMIFsK4whhBUgYBbYMkLJkQTZC0cLCLZNUiUg7ShRFttG2IKRUjRC4K900TUObNjd36uYWxNd89Zd93Md/avNUo7/m2us2tjbXy/X+pQudKKXY6WwJgQSyDTbGmJAbhJUgBcJGtnFKocQBBGALUgYHAWkDIKnYFhikSKekkIxJhdxMCBlEOgTYBHJYRhIGGWQDAiMhKUk5Mi3ZkjEEpJANKIrJlqlQogjhcMtLl/aim93ykIcdHO3de++5V3yFV735QTf90e/+/g23PMie9s+dK7OebEREqc5sSQlFANggkw5VyVgOhSFwc6nBhO0sSifZmrNEsQBkJKmUkKbWoiidESWdtiXsSDCOKKBAzSkaYJwOLDtQkDZOHDQoSQrZQsjIIAhMRlMKhYXSCtmZWBJpBSQIANkQAgdggVHKkYCiYIOtCDsthTMVgZHAILCQhcAGCMnYQtCMwBgRxrIUTsCyAUPIIESCnCaEiZAt2wZJ2JawRZoQaRssK4mwQQaDQsZKCQhjMFLaCpF2CNsEThCBiLSlIpx2iUiKnDLGUoDBCmQZpZCxQUpSCmGFmhUhQyAbSACHZBsJMBLIgLGKImXhTCEMCNlIdtp2ClkWKSQKWEY4Gy5FSSmgzAbIxsY0GRqWCGNCKKQwI5blUEweOs0kLNkZCpOTs1iI1pozS1ewCDOlpWyJU4qQJNmBE9yapzbV0pVasR2KlO2CHA4hQqE0bRoNQrUULAcRUkSRcpqQImlu4zTW0oWqZEHLBjhNuqtdf6KfppZQalWQUzZcFGmXWsI2TghCEFVphS2FIyhkm4zdoGCoXefM4gAMmYbEATmNtl1KENXGWCbTAjsoFiGRadshVRuHbac9unUhp0NhC0EaSSCp1toyx/VYi5odRVLBJISJAJVQUUCmAQJns9OWJRmnFW5OmhTpZiuimJQC08hwE5TSgY1MS6mkVWsYk7KnINtkIiRDyKWPktGaM7Gnqkg348Sy0wVNmUD2XUWltcHY1jhlVyJKCYUCsKKbpjYMQ1erogzT2Jes0SFLUdLT1NrUur5vOU1Tdl0ppeKE3mRxKpTNiIhi40BW4qjCSgE4m9ynJwVYAClQpC1lpJGMSYQssFAWqVkKQcoCJxgolsNhnDhAliWMhQSWAQkrw2FSIdsGjCUMyFiBM8AIHDKIdAsFpEK2HBZCBAlyCIOddlgOSxG2TNqEpVCAnRZYkoWxUkiWIU2AZRwWgkwkGUAgA6AwDkfKYaPAlgSJgUg7lM4whOTMLGCQsLEsySkFaUFiFMZKIaeFLZyWikE0WQ1jQjgdQjghkElJdjNBZGBbCiBxWAlISiQwTiNJzQhbwk0K0jYWAglUmqJvrZVaIyInRWmUWtIKQWJDRBSwpK7rMjMkOwIR0TIDJRZC0BpgtRq2I8lCNIEsg2wkB7IEjsANwlhKpUAWiEC2CYfUkgAhMGAhg8OkkJAF2EKE7LRCahGy3HAgwKaoNGdgpDQyFjIgyUDBRko57JZRlBGykxSBIQR2WMhBCFvplAKMaRgrgJRkI5EgXFAGNkpMYDvIDEAgtXQIJKct4yAcIptDxYBtIYvACWkDCJCNwBAG5AALhI1SKLEAhCECN0kAiWtzymFboQRnEg6VxESgqFGajEUgyYltQ2stDAicJqKEInNyqEQYRTEODBFu6TRC0FojNes6dYxDq4HElFMtlaKcnM42jRFFUaQoUoKDtCVnGhBkNiLSLtiEJEUabGsiczrMVdfPdraPU/QLP/8Lb/d2b78ehn62uPHamxvZ2nRwsKcos1oyTWYEsiSB05SwUSCMhCFsS8KWsYTtkFwwCpMmhAGbABPItiUhmbRDxgKAEDaWZaFEEgAOywpsQGBQymGQALABsFFIScqSEMLGsiKUNpCoyAYsYaQ0hcwUyHS1OH10eDAr/U0Pfsi0Orr9GXfc9KAHv907vO0P/+APbZ8+My4PV0MLik1mKqKUAqQNNsLUTohAxlOzc2rIoxUgCfdUYyZh20QpOBPkNAqB1XJSFEnT1EoUCk5Lxc4ouIExEZKEgogIKQAwITkotqSwAMJOQgJMEsJCgANZCFsqVpJIIAQ2AQ7AGAHItmQbQQoDlgKlMZYhwoARIAABGUQLosnhxEiRymLZlmSBDDKQBLYcFiJJBMYILAkj2ZbkgLQEkpCd4WLZKeFIJyLIFhI2AgNKW5JNCtkRkEUkkoQtjItkCWwkUEBKobStCMsgStICGQdhwAC2EXIIKU0o5QAMgCxhyyhkEgIQhMBKgZGUNthSGNvYijCAQRLIQimKMi2nhSQwgrRDJBGKAFpmTtncJBwqEBVcAg1tKrQ0AkWR3fW9m1UjYGpuSkSRkDFdrWlKyBG14S4gWpuEJBvsEGnbhhI0KyTn1NI4SsikEEx22EYAEm0iKnhsEw2VQssMgAgsBZDKbDWkkMlSamJJCiMhaldtFJAYhyFEqqhEYZqaCsWgAMBEGICW6bQkp5sH1agZSrU2pTNqRUYibYQsGdGVYkgzjROgiGo7neGg1KJxaiYDmZYhpVmvh2kYFZF2iVJKMciyaa0lLiVqX1EUBcZ2CRUVJ5gcJrs5PY6ZbpBEpDPsKtkaW8tsJp0oVEspNUCknBYUq40tWyrThkxbykySbEmGZaJIoXBzGojMdFJKKbUElmUpgyhRFBGlFIkSoYiSdstmAuwkQopQQAEsFaWDkGWMqFHSTFNzZokofdSuRinTlFNrRSgKtk1rUzYbZWvZ7Mk2QE6ttcTZMsFyIkqNkEOSBQbsNC3DyKEAwAIsB07LVoJkA2ABCgEyGIOkADuMpZQNzoQEGxI1ZRqMCYRCEWBJCom0AQMGhCfbyCIyLWxsEQDYDktOBRCIANmy09ghFWwldmKF5BB2CGEpJBNAWkrbBLLClhXCsgVGIAM2JrFaKLESbBvLGFsYS6GQjClSgrDTiABbIdmIBCGMjGWDsIoIpMSWQpFKyRIyoEhjwmEQwrKFQUDIwpkZhmYC2UAaSxaQLUNgQhYF2bIQEMq0sAOMI1KtNZS0CIWKABxY4JCkaNnaNLVhWq/XJHZO2SSQZUmAKQFgTSZBkCAAgTEh2+m0bTstRRoJWbbSgCCdgEjZKAHZIFkRCAuSFKFUwzbgcJKyRGIlkAQCgyOwm0JIiQgQkrFkg4VQCDtspCJbIiWLsAR4UmCMjNJYJrFSCTgIqQiEwwaMLQvULANyEkKIAsgCSCMZWykLbMlKnISEE2UICQLswBIhwICNACsT29hGQCJBpBFKnBilMQ4kJKFwZBKpBFRVIkq4RlGRulKLSBqKKFFKFUJuLSWiYNNaA9VawG2aQtEVCbDTSmdz0tK462tzliizfq5g8kjSdUWKKRvJ2KY2Ts0tpFKLaQJnS7JIihLgNC1DUohSSGdma5NwCKkgRK7bEdL29unNrRP3nb3v5psf9OZv8Zbrcbjhxpuuvfa6qbX1et1MRImoGESpERRLSuMSyEjGpEVKBCaEgECEUCDASkjIIoxBIoRCQgYExomEjHgWCwkhnCEjQsLhIJxINiIAhUEyElgIIxWVSKQ0IJvEQoFILEBgpxLSthUhkNMKSVjCWSTVkmrr9TL67kEPfchie/Mnfuwntza3f/THfnK2sbNz7ORytWpTUxQZmrGKVCRaqgAWnjKHcWptNApQSChzmoYpbSAKEYVQejIpg+3MKEVOiGwJRESJgJAlrCikFBFRMt0ysSBMmowipMCygMAJgOwElCYtS8ICS5YxQBrhlLEQmUY2CITBStRwWiROgRIwGDDIkBLIIcJWIAHYSkwkLpYCIVISCJoJggaWLZxCkh0ScjglIQnhgkMRYZS2kW2aEWnAyEQkBhCErIgqgDAykpSykUIohW0AJMsJGGyEsNLIAHKTwDZ2JnZk2kgJTSIBCxsLEUYKOSzLEDICAYKQbDCBBEYEQlIQmJQDy8IClAEQKAgFFkgpEApZQgGJjCOEEDY2YFkp3GyBIyRhexwnNcthIGmtFZQggeTMJN2s8DRNw3qsfRcRGKxERAWN03i0Wk3DME5NlslSiopEuAk7okSNqDVQ3/UKGYmQQsggKUpXLKfHKbO5FFFKFEKKCFDYduY0EbRMSaFQyPZyXE3ZWsu0x2kaxynTiRMEIVq25gRQYJWQna3lmJNba2YYx6m1giNKSEnWiH42q11f+w6FUy2Z3AxRFEKEEokooaISVTBNNhKAkO20woaMNrVxnARyCalEUelKV+ts1hOipUBFgNNTNmEgUGaGpKJaSlgBaVRUSjFQJCltO21lM5klggiXoiiS7EQRNaZxmqbmxEoFipBEKGXjxDIglBKSmtOZTZm0NAgJ1IqQAqvZIqIWBev10KmU2pVaI2RQEZDZMp2ZBUGAIiJbjsM4DVOalm1ylhqzRd/VrpSotdRaSldLrenMplB0NWpVrZUabq21TDudKO1MQ2A5WwpUwthJWOk0wmQ6Q3azjEmZwAiEyGzICQmZiQ00IO00uGHSGIydJpGwM22ANGAZC4VNgBCQQQSKsNMy2JmgdBpsZIwDJ7ZNGCzJWQqYAqRtY2OwLGXaBolUYkAybqYhQBImm8FpOY0lMp2yDQqcQrYTWkgyICRkYWSwsaWgONywGihEWqAAQrLNZLvZkm1JpiBkJYI0FmmFsCQsDJKxcKIEhESC5ZJSGsshG9mZGGxII2HSBErkNAanQ05sAWBsYSNJGLAFVgaQSgBFwSjIZoCQUQ1FUWZrrU3TlLaNbeOpNRLLKlLtFJFQokYUZyIUYSQJiBJyRkDIIAE2GBkkkGRJGANp0yRMEUrjMNgWciJhGnJL5MyUlLYiyGY5DCawJYuwwCbklHFaALaphDNBTtLGThCWbYxbpsFp2ZnYaZE2Brs5qU6wycDGOBySoyFEOnEKgxKMZQe2SLAsAZnNDeSUkWU5bATCagghAaQNiMCJbQNIxiEhUlgCBJZxIFuWbDBSImEhLBSSU9hA2sYpWxJgB6Bs2XJKZWtpY0jkpIQQOJCdnqYp7VBJCAXCzQKFMJnhJKfWpnGaJllEhBQqKgIaBrvRWk5Tpmhjm9xoTK3ZmEwQhRARoGbIVChClDCy7WwUlSgKNdtBRABtbBvd1uLYKYKP+4SPue76G++8884TZ07f8uCHOVmujxpjhGSHCtls27RmAlkgInHaxsZhS0Y2JW0LGWQJIxsyhEBpAoVBzqTZOBEyAmFhJ5aFLSGctmWJxLITS4ltBKYoSUmZwjZOQGCEMW7hhsLQFA4CIXA4DEISMkIC2TKFkGTsIAJFykJQZI3TeHB0tLNz4uaHPmQK3uWd3vGVXuUVctSp09c1Mp1Rhexs09SarRJGhqm1aZqcKYogHcM4GRRFkm2DUAFIAxKSFLZtVHoJ8DgOztaytdYgp2zZxtYm2SErxGVSOCSVaRKyI5CcaYnLjJCUkoydxjKEk4yGDEiJAoExEYAkbABSkhwOSApgnHLBKZySbeQiJCvtBMtplBIOZFDYtk1CmGwmhQAoChCIMBhsbATCYKxUpLBtEwRIliQpiGJbQoRRQIKxbdKTZUgyjXEKicTpDKQAg9MOF4OxERAyotkYIQNGIACBhZ0ykpEcgTGRghQEBEoSgXEWLBthSUImQTbGCIBUIkIkFjYtLZQAwpaFScAgG9tyGmeSDmQUCiciAkspC4BoRs3pQkSptUMkScPOsTVjAAc4QqUW0NTaer2ecsopE9sWLga3zKYopYQBPE0TtggIQgoQbs0WTgMGA5QaBUkSkmlTS6VUZrV2XQnVoiiKNKGIEpJCKqWrpY7TNLbBJghJYdGaomAiVEqUWkJRKFUFAUJBREgSOG1aUiiOgqhRMFPLNo3D2KZpSrs1Z2a2qQQhJAFRi1TTAiRAOAsFmFoObZyGFNQ+anRdKZYJIYNby0ybrNky3WoRuKLSd8ZutMwQCpTCZE5pR63TOCaUWmpXgalN4zApVWqZzDC2Wkvf9+m0HZJBUuKCVIpKOFs2IUQgCtHIEmQCdLVrWALjloSQQpGZrWUhFAgZS5GZCoSnwW29LrXraq21i1KiFNvNlrHTEFJEAYQnXEJFaqbJoQAkpnFIBEQpOSWgKIAMTts5TVEDwk5QIGM5FdHIcfSs6yePpdRQoMhsNAeoRGkOFSTA4NGgBIFwSDaS0yCFQRi5iLQsCYKAFJFYTigBxhZ2CEuyUwRgIIRTAgsZOwjbNEsygAFDIIwlSLmkmxBhLINtiTTGgFCEbaeRuULOdMiCBFlRBCaxZIwkCaewhBOEhBE2IiTbEglyQqSRLCHJgATY6WYRIYxtEBhAQCgCyxJ2SjKWSQkjMAaSgARwIgGJJbBww8ogbLVMBbKEZKfksAgZGwnJGEmigRCYCDsFkoE0ocDIpEBOFNiWwlg4iExFKoFsKKZalXaEbFsKiOipmWksy6017JaEIkpgQmAyJ1GsQMiByakBpO10hlGAzRUSWJaVZHFkWJkibGMQKQSQRaVlIgtZVspSYCzJDQmlHciybNkKZaYcNiG5JZIMpIwdzhEkGUISIJS2hRQGhAwCkwo5FbYVkFhhKZEji2kmhLFsjARGCpxpScYQIkkgQXaCABGSsTGyUwYsZGwDgABJsm1IITchwJkIA1gZUiIbKbkssMECoBUpHdhS4kiQIjNtJCtlpFRAEdjNQiptGikRGGMKZDYlKpoUUYOs6ZYN16K0nRGhiFCQ9jhNmdmXyhVyiVhPzmFUqGlyAwkhsGlTiyIjlEFEiUIpxZkkWSilyKQkcMsoBRu7hQp2ZovayS0omS2bt4+fIMof/P7vv+Zrv062afP4sZ2tbcNqvQSX2rk1R2A3t0C2FchkpjEhGgowWGBhgpSUmaEAENikrQAMGCmwbQFEGDszFEYBBlIESgwCAyGDSAspEchCGEmgtC3LjgyEBdggbIGNFSJBCBLbFhIyNkYWKGWjwEbCRoJILAgF2QxyIRxRhNvqqF13zfXDOP7pH//55s7iD373d1/uFV8pPV08f257Y6NlylIpYctMaTlqJRTZEoRFRE6TQ7WrAVY427qNEbWUgkymUSmludFGIaEoBYedKsp0ICkQU6ZErcVTSzcmdw67UQyQmaaoAEFptECmGeEQFsYkpigs0iAAG0yIJAvRTDGWrIItcEpySgKBjcMQFkrATlSME8kO2VJmSLaMsRAAtoWMQmCwAaeREIkKNgIcRMo4ZYEsZBkbCRvhNJKEbVmOVBaURkAIGwkQwgTYCAkssCVhWVbKQsI2SJJRYGMcYGHLILAwSCIhZMmJhCxLkE5JqVBgEeCGIwTYKctCOIuVthRWppCxLUkWBTnsJoWwgXSKAJCMETgERDUGY9IpkTiMo2AkkCWQVKSoBCWxoeWEhWnpgNaGvu8ljO2UYtb14JaTURdBqLUEDBEEnYRJJ21Kx5Q4AGRwGpThCNpEDQNpG5MGsIUiKjUxaUzWUqZMZzMWkbZxVLvRdT1AYIPpuhKqKZBIFJIETufUMlBi2qSupIRtO9uEqKVMdrbW1a6E1uvVNLVSC2aapoiCTGr0pKLALTNsoggknDmZsKkRESXEkOmpuTqbLTItFclplehKZ08iQiKiOFPIinGccsxxGIWRgObM5lBYgW3hTGcO4zgMA0ZS6QpS1/VFcrapNduGKZuztWye2pSTDa05hbOWEl0Rbk5atmlSRNdVQx8RUilVRTTkcMuq2tUOIUDKlpkN2yYIVRMlFFO2qTXbU5umaaJNrY1SRBBRokZEGMI20RCmRgHAQEQXCiVtGG1PU2stnZnZppZTg1A2G5DGcbSppRClJW6KkHFEsbGRmcapZVpqmWnAMkDghLSxJZSRTcZpKSREyEYGJ1JUCCEsAoSEQgEQESBkpLQhwAYJnAhJFgYU2AgpsDAgkDDYGDCRtEQonBiDBZAIYRDgxJIwIg2QlsACBRhsOyGwMiQAJ0gOJ8iAwwqjMIaUMQS2QpGSZIzS2JDIliQFgJAgZYSEjAw4sTGBI0ESAoydRpKEBJbBBBkgpYQQdoSQMbIiZGGbTIQtEAhJgBASSKRs2RA4QRaZkJJk0rgJEbYESMi0lNOyUFEWC5FuWM0tsFubpoZTknGbRremMCBCUu2rkLMZ22nbtoKIEFakBLUCU7ZMkABLUgoChQSQcqAGWFgJhAUS4AQhY8mglAUOoTRYkAijFDZgEgGZgIyFbQCBhQHJmAgwKEknGNtIIGzZClskGIRB2EobBBAYO1AiATYGSMm2LZwYgTGCVMoIh0FIYGMZYwkLSVgEadmBAmTAdoIEQgZksNwAh20nRBqMMEhIkJJt2QIpQU4AirGM3FRVpKAQSJnYdmIwLVtma5k5TW1ywxKlVEs40zlOQzO1dkBiQRBS2h6naZoSUxU1YprGJCOEaRAoBYBDUSDdWmaaFrai1hqlVCRMy5bp5jYNQ3pMuRnLmAiTgEGZDVxKwVnIw+X+ZG/snJiyvOu7vsurv8ZrGN9w04N2jh1rY2uthQRhZYSKrbCtBMlKW2AksAnbBIHsMEJAw0SxLUxCOiOELUC2bNsWFrYRIcCINAYoBpBBiCuE06EQSEBKxmGMMZelw4Gx7LRkmQAsJNsWRmlkAiTsxAZIsJAlYwjsNG6GxEJh0pKgCVvYblBqWa3XKK675cHrYXj5V3rlj/mIjwjVk6fPrIa1ra7viu2WFGVrmUm6tZaklVRqV1GIwEkUnJlTlKIi1Ow0aRJDS2dYilBElEpIzpRUVaJIAixEQ1GQpUCWJRUSUSQk22S2AJQ4KIGcJqUkAsu2DbJsDLJCiLCSlHAIWbYRgiAVsjAAQkaEErCViEwiAySDbBNNRggMAgSBEAEZpGQwoRAKyMDmfmnLQiHAGbYNiiJLYBDCNghsKwFjEJIBoXBYFkIIgbGUGCzbxshGMkaSkY2FnYCELSyhggNhwpJxQRDpwIANThlITCY40gaUAgAZ25aR5bCL0ikjYxyADDgBoNjGAiOHZSkBEEbYMmlsjEiEQoGQlHbINiUKEBIpZzYlhKeWk7FrrVVhWSJx2m2Y0i1w6WrtaqjUWjKitcxMgxtumbRMOzEqIYkayISiIIWiREg2KrT0lJlTCtsy6cDYTlmAZFlGkkqoK50iCMBuThlbERhnWm7pzEnNtgPJSgxgYwgFELg1Z5IAhEspEaUAdpItU0QtEaj2XUE5TcVFxSWKJKdDAaJNAZk5taa0FXbazTlFraUrsoPqlpmWIopUhUWOJJarM0splABse0pKRGiaphpVQUhERIGpNQPMui4hs00tFVEiDDjdEpFJy6lUySHhNHJE2JnObAlIyjRtICqWw2Gc2SzZUxqLEFKpIltKoRSIkJTNxk6DijAUFcutNYWQTRRbCqIEk51C6cyp1VpLCdKZaVEkQ7YWpaRxupSwMWS2WmKcxgCkIhFkI7MVopbalSrZECGMOtmSAoFbSydp3NUOSdLkySKzAYlqODNSMilJYCHsJgSGINMQxpkhZ0pSJgoZLJwECWEAi5CM03I4UsgCDIBlGUmOZBIBtiSDhRAY25YE2E2EnaFIuVhgI2RsSwILGcCyUGIBRKbCOEwqQ2EDRkSSABjLEgbLaYrDBWWgFLKNoDkQchpsAZCACRnskFKAwzI2gBAEmQhwghIjBdhCCTJIIm0FAoOxTYiUlLaMcIIk0orMFGBAJh2BjQE3S0hhZ8rhcLEcGCPcpEAADtuQRiCFwTgAE3IobCMXBarSiDJUDHYT4cCtqVSUkqSIsFFiW1JEhIqwpCDTxtkAgWxjJGEnBknYGIdlSWBMKGxSBoMsCdtKEdjIWAiT4cCAEodJOYgGkoWQEofBOIACTjsCAyhJSbJEorAtLjMWBtlgiysMFrJE2iJsJCNsBAKMQcKSjJEsy4YQWBlJCjkI40QF0gYi1WRsQ7iFZAOW5ZBMQIIxCAknkinCJJZkwEBCARsbjAKBjcFCEjaAhQBkCUyzIRFIwoES0opaixMEgewcp6mW2oycEri5YUtSEiFAOU2WMlMqpXa00VmCaJnNLpMFRVGKsiXpiOrqaZpIUUtBSKAQzVMkbhDq+l4Kj22cRteOUGCiYAAUipKttcycpo2trfl8+847bn3si7/E3qWDneMndnaODePSKZcS0ECI5rQpQSJQ4pCEsSUhhADZJDYWYISQMFICQg7ZFgI5FQDGJowFth2BDSEshJFtCSOwwAhwOiNkTAqB0khGEmFblrEwFjJpSwiQbMkQ5jIjLDAhAcKykLFAxoZQ2IBNGglIS1hIyqwRzhY1lM2Tr3vQg1aX9r7667/+N3/3t//6r/9m5/iZ5d65YT2VLppYr4ZapZSNyWwAtUdB6SJbQrRpzNYiwlZOU5Qiu1mhbMggpayoNZ2ZmXZEhHAEnoQAORN5cooSNLe0I0DYTaFM2ZQgDYCldGKp4ES0dCDAAiwXy9hIAgS2uMwAaQWZEgiZxDQJJylkIwAjLIEhJVnCFgIbYVsIUEKRMWEBtiXZBjkQxjglyTaykZCwFGS2kCwENiYgbSFAMghkgzCGSYQjsVAgY5MSBkkWYCdgEBiEAAMyFhjLtEgBTkFCyEolRmApsZIQiSxHJhSBARzGIQwIYYOEibRDzcgKnEVhpxCSjaQUYVkGZNKSAGNbgUEGQBjkpiiZCSJtG5G2TVFJZaZL8+RBoutqYlpzKeGiriJhZ7pEWGRrEZEyY6pEOm0Xy8VEFBUERgLINMglJTtBso2JGjm1zERk2kQo05KczaDJk00tFbcEKSzZDYQp0SnA2TIFUWSiC6VwZohpHAhCFdM8BSVCAqJUMU2TMQCWA9HstKMUp6NEdB1pibBdC6MbkyiESxRolkLRMixLFlGjSjGNa6iOCJVwEpCuXW3ZAkgiSsspUUhkRkRIshEKIFBEqaVEyWxtsmU5W7NRJLXUFKDoStdXRWAMw3oYJ0tRu9LVKitKSJFQa1UpKCRZSrs5wQa7ZU5OiOJ0ay2Fk2zTOI2eWjZbyuY25dQyJNup7Epfay2l2DlOY6ZLraWWruu6rutUVEsppYRCFeM0aYWcOY3ZnCgFRlMbjUpVAE47LIBSQqEwiQMlIUKidjVKSWdEpBnHcRyH1iakWjpwUSgqoGA+XyAkkw5CJjGgiMkYwlYqMYBlTBiBUAohEFKkhcIiZAxWmFAikQYQlg0m5EhJNpHYWEbhANumIYExJQ0GmzQWkmQjI4lAFEFgGyEkrrDdhLFACiQAwmCHsGQKQoSxkUEWgiSEJEsp5FJMYtIGwABhJEGAEVIIITuMJCFQWATIpCwQAAI5hIRtgUIulo1IWTJIYMKSwYBlhWQQWGCMLAwGbCmQFWnZFokQYKlYUjolkAhITKaM7CKEQE4jcIQVkmWgRBgbJSVtNWwMkCKC2txaNuwoBWNEOsAmW7McihI1BWRAG5tzcmsoBEaAZWrBAmEjhWyStABLAuTA2AhbBlkJBlBGQliWkDCyCBxOKyRLQYCEQ7JlHMbIxTI4AwROlCYUFiBMIAOyCNkgJAJSXCHkQMFljkA4BMZ2URiwHQhS4jIhY5AETgCFAEUzNmEjEECKIhmBUsgYBViWMTKSDZLBSBJW2rIADDgkCCkhJWzCAChkQlhkoAAhG0Okm20IJBEpBArbodrVUkvUIgLU0q1NbpYUQhERBUSU2nWlBLZKLRFRaimlKx3SlBNIJdIZqEpClAK0ZiSChEyXqLVEmuZ0GhNyiWIpulJrFxHZ2jQ1RAQ1ZIXTgEC4tWaMvXPiRN8tfvD7v/fmmx96eLC85SEPm29srIa1qaRIB1aC0sIqsoVDIBsAWYFlZAATWCAJJECyjSzJCIgUBhVjABmEZAJIhGUEsjEIgwUGMNjYSkuhkA0WgTFWgAWABWAZBAhESBKJMlO2BEZgW0gyEuDECAIEMrZkFQzCKCAwAhBFhkQRiZGUBqXbtFrPNuc33HLL3/3942aLjWfc9rT5zskSXq7WNboScmLSCKJlazm1lm1qOaZRc3MSpRJSWCoOHKEAFclFIQmELRRW15VawklmMwUoJaIW50RxiYKcDkG2xAi5pXAUEoMFhC1LEUo5ZCIKKEBCGVaCAWxMpkE4sCQJIEECsIxCUkC4ALLCIIligQVGaSRLYJsQJBJhBw47U1hWWki2DUhSAweBZJRhQAESYYxTIS4zCmQ1SSIBMDIgg2VD2BhBIWSwBUIImWeyFACEsRC2nQFGKK1EFkoBFigUJBgUYIQtpMA2IOwogBMwlhFpMlECArCxJTcXJJkI2U5wgo3sTJQGEjAmhLBAkrBsBBibkIhIExLgkNNAuklIDkWgKRuJFEghOQJjMY2jpwYRJZIQRdDGXK9WxrJwSlJIUYrKOI7jMGGn1RJwNnJymyZwZtrptFsDKyRUa42oSFFCiq6vpQgCZ2YqFLXIOI1lp6QIGdtRSimlkJDZbCWhILAUKl0N46BIESqZCQ2jEiEBQkmO62EYBqdtIxWpBFEEtMSpWjsczoS0LUVrU3OLomlyNopqy2anrWlKteacECSZNgTR0uPYpmmMkKQkjcJiGMepjZlpKRRuKUXX9yVqOmUialF0Xd8tetvZEtkmFKSb0611fVdCxqEopURUu5UIwCBntnEaJ0VEkaxSainVzZlZSqhEKaXW6jSi1q6WMJZQqJaiEE02hgDJAKKUWmsX4YiQlJlujB5DYNvIJhRR0siyhBPbxmTaTiuQixElYCyhUksQshwSQipBhKOE7Jwm2+BQRAkUaeeYLcdpalNrTktgjeMwTmNOKawo6QwEkGkcsmxCAZaktEOWQLZlIaHAmZCQMgYsZFu2gCxIDocNKbBJAwQpCwO2lQgJYWNAYQRChAUYMCEEAGmTCUYpMowNwgEK2ciJSLARYGHZCpGBUYokDFLaSHYUjLAlAjnSCgsgsARGsoDAmcYCjK2UAIyxTUoACCUJiEDIkJYzJNJORGKEAdJYNokIp4wMNra5zEggmRDCcsgAsuwQqEg4QRBpyzgkjBKTFkCkMEpwJoBksLAysQFjNwhsaCEslYi0LdnGEkVEEDYISYiGSqiWSGvM5tZsGiTYtJay7ATwBODilsLYaSllR1iEBKLZThkbmTQIJGSBkYwssAAJI9I4jSlhYyGB1YQMEoEsjCNljEgsZGEByrDSAAiMkDEExg4bCggJ27Zx2kjIVoIBhN1sJCxZJoUBhJ0CnLYTENgOcEYA2KQTsMA2NiAwhpATAYlEGgySEJINRimckdgGkCHAEBYoDALZJJAWEEkmsgCwLMISJE4yyWxkJlayHsZhHKbWFCgoJbquK6W0TMslQpIiiqxMAyGyIUcpUcIyNs02EkUx4Za2URpoObWpZWZrDQGWogY2tm1nKCBCQLpNYzOt1Oj6uUoBBVIgY2iZ2Sacm9vHFd27v/t7vNt7vNfG9uY1N9x4tDxyTjUUpAMVJ7YwKCXZkCIBEKRNGMkCTBLYYCRkC6cRgbGRAKcskdkwAifGsmVnEDaXJQoRshNLAkmBoGDJIo0AAZYtYQAEYJOysCUBMthgGyBCxokNTiSB05aTJArgADsBCFpGpAADwk7JGMCNIACMsS1BGFFrSWscpwfd/KBxWj/swQ//yz/6w7p9ctbNVuujUA2KQWrN7mqttbq11pKQhCBCEQLZEIRKiShRSiklOoQhaS09tWnM5lRi2860cxpzajlOzcgG7MwCKhESYISFcctQGGxkAzJpUZIwpCGF0yljGUCAUUjI6UzsTAcByBhJttI22ChlDCA7oQHgtCACEkxi25YQShRGGIVBygLCWAiTzgBMyhIOBwKDTUrKgMQgScokgzA4BApjKY0FAsmWhCEhUyQ2xggI2QAowUikLAMIlDYYSxRsWyFB2NgYUBFKCRsh0sgSshAGJAGyACNBiMAYC4RACmGD3BJAoCBBGClSGEIA0ABkjLCUgRMhB6QTDNlsYRlLOEjbTC1tp4wUJSzlNE7DOLWWmSIJNRu3UA2cZCiiMu9ntXaW25RI2RKn7SghMUxTa2NOo5OQFUJkJshAsVGohKLUGhHIilAghaIqokgR0bKBckorsSKiqyUUtjHNtnEzKIoy29gaAtRFRaQdEgJsp61sOUyD0xGSUESoqEQhKSqlSIytZXNmCyg1omKc2ZCxMp0tg3Ajkr6j1qoITJvGUmqpSsvObNlswTRNEgJIp8exYUeJUKltSqGu1tZauEJJNZSZOFwIIN1AnqZUYoRIFHZz2nZGROl65zhNHj0hhZ12I0uEM7NlKR2CqSUJASlF1E5M0zASY601CKFQJOnWSikRBaFAWVpJt0YR0LIhRJhWJKsICSVGLRxtypYZoRIKIhS2BZLUdXYa4wRHLRCtTZJKKFNpC1nZGkqik9KKkgluKJDTCGqRUTO2mjNHFHJKJYxFlJBc0u5COWYoJhsgBEIyyMZCdkrhtASYKxxpI1ARtlMpRwqBLVCGBSQWQgYgwiCDlKQyJAwKjCRnSmGQMVgGQ4BMWhbYWAoQmBBksRJbalYkChLJlpBtIeSwUmkCANnCoJQCMiXZRhI4TTgVohCQaUciZEAmJQkysZCwwAB2IkHiEEocYGysFGEQOC0CGctEKAE7kLEc2FZItpEAbIGNZAtbQgLLIIGFhYwMIbABBJZICCxISU5JYcCWIGQbSBQWQSKwjAEwljKNMpOiwG5QQrKyNDKQgwgJPGW2RiMz005LUWooQKWUJHEajIMCNCfCyLKQQTI2iJAz5JCbQjgsCyTbAUnYDmSwLLBtQyiMBYlkW3ZKIQMWQiQOyba4wrKtEOlUKw7LCEOEMkHCRgGZBmVasiVQ2Ei2LWRAgDAK27IkEkTINrbCICyK1NJgI7AsCwJbQmEjGbCRIIVAYAgrQQmE7bANGIXSgIUMSCDShNKWSIRNgJECW4AAHIp0WkAIG5GmIJkmhcMSEOCwyYwooZAAQopCm0YcESXdnBiaHRImlUEJ0VIIjMKIUAhVe2yDg0RRoqhGCaNpbG2abNdaWnORiqLZOUyJFGp2SRwOF5Xq1jKJUgyYlilRomR6Y+dETusbH/zgu55xx6lTp+dbi2nI6MItWppASNhItsKWsCVJ2CDJoAAk27YUEqQkgw1hMoSdiEjZKcmAHZIFdkhpZwBEAkjGkp0gSZFODE4jwBYyBLaRjGQkUoRtYZAtKUEieSYbIWQSlQg7DchOSRYyhMi0kEkkAdgok1DYKVmESCeJQsaZSJLBlmRAltMSiQ9Wqxtvedg9d97+8q/6Gj/zcz/1lm/+1uvDvaPVquv7aOFwSCVkGN3I5gihiCjGIBGo2W62AGdOQihK2C5k2gZaTjRsSsjOUkEYFRWHMxOTmbbMFWllUycMAimEU4BSlq2wU4EsYyELEIAtsEFYERjLcgK2QZBICFvYkhzgtAgHAAYL2baQ5QjJMqkgCdnIVoQTGQw2gW1QiXBawmALYaMQRraxCAljpwUowLaDsJ1IRrItCWMJ28oQtmyBMwgbYYqcBkIyxjLIWFbKMgiTTFIRdkoyYTIsbAuQFcIyKRLCxtggOR1KKwhkJxEkCrAcKLGSVErCFGwJC5BkC2WaEIBtpJBIS7ItEFhYyCDJluQwDkAB4LQlmu3WpKhdRXhsoyCiU6hIoEK21kyJBhFCJhTqwrYy66yvqs0TAhlLoQJgk1EKZEFYrTmnqZQCqqXabWoOplAF3CxJgd0wpetoqmFH4CnTck7pokCeWkZRCbWWzlZLUYmoxdM0TVlKRYHJNABKkkSomRIRkrGlolAgk0g47alNgUopgVJEZgPZQkFRQYphGPta7Rxbkwh5yimkKCXTWBHIkWQApQQ0MqJGDdlTWiEh1CJRqeE0VtpgW9loYxMqpeBobVqv1+M4ZEOBJIQTFUkqpYigTXJ0JYpCCKkr1UAwTk2hiJBCtQg5cxyb05JJRVdqqaVUK2qJzGZnKoycnsZpvV63NoHTzWkkSSKyGWRrmto0TSZBWKE6tSY7FGnJmc6QMzNbMw1LSJQIgggsCVCUKDWiIMnhTAdQKdFagptNUEqtpSii2ZkYRcRs3ne1iyhREAqKlRC11r5EIhWQIAA3h+REKJFl2wqwBCRIFshCOAJBGhkXQIBtAIcQCiklCwEhLIMNDqMQgAyWEySZtDAyCGTZhiYRGCOjRMYWsjHGCBQhS7aQLSCxjMCQsgyybEBYgGUZkAGFDEGGQAA2mUjifhIAxraEkCUsSQhJ2KSQrQySkORwWCbBWBCSSIOCTGMBBhBAhGQkCWPuZ2wwIQwJCIvEEEqBUnaaBEsWptmBLYGERQgAESQICwARGEgMCILAiSwJQYSTlg07TLapMWZz0mTZaul0SKQTE0W1dqLYTmebxqlNQirVSFaEgKoSFLAAIQFIUtpOISlRYAQhQAZjhEyQxoAFGCNhpewESGRsZKcCISPbgSQwBtkYIwAJWcYGG0GCsGyQZSxhEmQESDYGS8KyJBKQZABQGiEgEwgJJAMobWFZwhImSadFCmyEwQoJMCELkEFpo7AxadIYkEgb2SJTsg0SFAkCbEmWEAoZUpCAZTsShISkBAkjZDBIDicOBBL9bFZqdRpnZgqm1to0KSKEsRs4kWrXlSiKyJZtbFNLyYJ0JkiShJBUaxdRalSZKd0MqJbS932tlSh9LaGiiCgqESoqhUAUAqmoE8YSNjKtZToFSW4cO7G3d/7kydN33XbndTfc2M1n62FUwYkwEU6BBLINJCglbGcDcMqySRpOZMlKOxEBaYQSAEshh2WkxGEsoQQjGysQAllgG1lIlmWTlgCBMCAJWSALsAVg4zAWIEwijISdshRgBDhtIZMGCwkJ2YAAEiwhA9gAxuHASZMQWGmEFQJJhCWlQhQpECkk261ZouvK0eHBjTc9aLZYvNVbvM1P//RP9YvtxcbG+uggAxuwjaHUEqXYTVhoAkwokGRnNjtzStK27bQViKCLrkaIkKLWLkqFAhGKsJN0OoiIQpGUxgCOQEEC2IIkiSBlJEnCgrQxEoAtGQljAyEwtq3EIaCpgFAgJQI5CUmWQZJlsMAYCUrYYMDGWGBDYiwjMsEGkAWWJWwbSwbAWKTDthMsJCSstCQJBHaCwiCBjI0UGFvGiUIWDiQJFCGEANNAQoEBWZK4TA4ACUWKAAshI+OQLJAwYAzYiV0ECGHJyAhLtklsy5gwBsA0sAUIIwBhwCCMbVIojAkIhLAtJSKVkAGyEsC2BbYcIbBtB1gADlCpEQVwYwKMDUUy6TRJREAmhtbamJPTzvTUWiYm3aKEQqEiC4ONiSjOTJja1DIjFCUsG6acjCOUaXCSJiNorZGepmmaRgmV4sxsrlFK7YrCjWyWsWktQyq1S2iJkCMiiiRoNsbYIkNBFbiWWkqxlZOdTqeVadkqpWY2EhS2p2mahnGcmqcpDfbUJme2bFFKSmnhJkg3SSqRphRJ2E43mck5tSYllt2wJjuilAhStqLKadtEVyQDNaLWSGw7W4sgotZaCEVABiEk42wpUUuNoky3nDITI2yTBtvprlZUMtOttXGKEn3X9f2MEFBrV0qNWhKTOUyTnRFdKRFmatM0toSWGFNKKCJKKQWMSGdmkrabJdqUTshSIrqadms5jNN6tZpaWk47G3YSAgyQgJCxnSQ2cirU9bVGhFwiSkRIRTjd2pRpZ3NapZYSXZQgIoQRoVCEPOUwDMM0TnY6sWxCACarFCWQAwuJwBGAkUAWWAKjTBkLG4GxGkbCBlu205YNmMucwgCyAmyMZYOxCBnJFhZgpxB2hmxbsh1YbpKVGMAJMkqT2HIikZYDgw2AjIVsC1spjGSDAREILBJQS4yFFCGlBWCBW2LLkhTCBswVTgxIFBlHSoRTSUFNloPEIuTmRBIYQiZtJAsjm7ShpS2IBEgsWQbZWDYYE0gAaYwJYwkhOZUKF7AlGwMmsGwphSUZDJKQUzayLAyJQSBZGDerFBEgbAtnCwE0UkIWOKLUUhWKKBGKrkTImTYRCnCzM8HJFbZAkgPAYGyDQAgEToOFkAIIMChRIjJkbGNJyBhbBJacFiClg4YxspBw2hIChGSDwAYbFAbLpNUQOEAmwSSEJGQDbqBA4EQWmSEbY8mBjFIJmcKCJsskGFsGBYAFgEKWEwxCRolICyzbGDsTkiDcECAhSeBEALaMlKAAYyW2LAy2MoUxsmUckm3AgLFtkIXDoAYYGxuMZWxPibGEp4T00KZszc7W0mgYBisl0pltak5joSlbtoZEhO0Q2TKbsxkbyemWLW2F2tSGcSJcStSuyESpEZFO0laEQiqSEIAzmxShRDinbKUULIjN7ZNn77rzzLU37O0fXnv9DS2ZMotqTs3NxZaskHDaYCQbS5JtSzKWkCVAxgDgAAzNkhBWhgFnmgSwJUwCSICRBYCtNAaBwSRhJUKyERYGQxojgwNZkmyFhBEG25ICjA0IZKdlSxIKASAAy9gSglAiEA5jsCXAGCKFQgZwIivTFrJBQEEWJMjGEpk2lCIp0uprOdi/dPra6ze2Nt/mbd72O77722aLrcVio7WxKxXsbJIFpa+1VBfZprnZNoldotQiicAKhdxa5pR2EFFDpUik7ZyyNZOh0jKnbDKZSjIkWSA7EZIzMQAGkUKkkTFO0TBSEGDAIGEpQQhMGoIAHIQBF9IAth3YIkLGKbAMQkoMCJSBkUFKCYMRDgmDLAEB2EiWDJJMKC2DASNjSwJLth22MHKEASNAFmGMbZOgJElkCYRwShaJsR2kGyljBSBDZlqAbcCESRkhLEtCchhAtjBYIEAgSdgiFDRbOExgBAKDhGRZYEBcYQKELAMYZSAESqewhIVkIdtyJBYmHHYEMpEScggECgfCctoY4QSkAOFQKHMah2maxjYNYXWlZHOzW9LGzJwQsiVLRIRxpic3Q07TNI3jMK6W62wZlYgAj60BaduJJQUqXe1KRISmaZxahkImnUxNCqP1OE5TGtzSmSajqO9rQsqWTaIopQZhLKmUQChbZqpRay1dlSTs1ATr9ZR2WIqIEKAAyfYwTuthaG0MYbuU2nedAhlF1K52tVIC44iW2axslrO1AbnUGRKKAGVmc0pIpdRSKxEhKZ3NRSGFs2FhtQSlUFWtgjZNrKeoxdPU7KIoRRBUOxVy13fNcibKcWpd7UpUyYqSZDZLZGY2RylFAQaHZDudERER09RKLaCWKaclyW4oZLAtCWRLJM2NTNz1tdnOJmpVGNtuaSlKybQckhWhbOkopYjMkGyLjIgoPW4KZUJIktOttYpakqTHkX4jbbmZYEyVopJFRcUisiUSNkRmAyRHRGvZpkEKo7BBlpxGJl1KaQl2OmsESFI6UTizOVtLyahgS4llm7Ap2CBIAwoSBHIgC1EIInEYkyBhW2AknJZkBWkHSmUIW0goSRIBNgiJtIQUgC2EFTYBYCNsUKA0sq0QRjgRYVkiBIlJkG2FbIOMMYEMwqSMMYFMEETLBCdIKElZKOREMhgrQmSawFLIKUiJxLQI0ZQCO4ICSZFMkkgGDCBJqAHOJCQwsiXSCoGEjIEAB7JFIDA2JsJGYEMYJNkBRjYhDBTIsBMEAEosS0owhIwEyLaFQDxLlJCidH3pmFpEhiKMSEtWSEUyLZtxKSWdLQkBihok2dyi4VBRBlUCsN1SoZRlLMm2JNIZCEsIg8hMKTBGyAlCgQCHLdsKY2UQAFiBHTgVkBhhjC0BtkMYgYRTDkACWqgkaYEBCSM5W1JC2NjGWBayjSSwcVGkQFZCyhhJgAwhB26SbCHShO3AtjMibAdYIScSGMm2LASW5CRCIu1QmAQk2yLkJAIDpCTCTgGYEEZpgkAGRNh2GBwOZKyUwjLGDmM5UAiiFJVSbGQpip2Zk+xa7JDGSVEjyEZUhQoEYWxDCFulq9Gc2FNLUWuXORnSiZSt4QwVKaZsdpNL0qZWOwKTmW0SYSegIHG0lokElmgM6yk60XKCWrsIzTZmfbf5pCc/8VGPfDSl3PyQh6xWS6lgWbaQaYaWBBCyjMASTqUsgVOS5LRlwJJsCDItlCJsLFItbCsUuAFCYMBgybaQbCsQMtgAwpYAyQanJCxkaHYAEhjLAixjBwIZm5SEUFoGwIQi7MYVMg4hy4SVsmQjCSwwCENgg0wqcUEGQcqSDInAAHbKwmQIGYdkwIAbE5ZKLJcHp05eG3HuA97/g+bzjXd9l3erw9HR/v7G5tY4tWYH5OAo9mgHUUKCIDIkTdNYSkEhaFOLUiKiZWsZJo1DoeJMpyc3WHRBeIRQyYQIIuR0YkCplCwDIpxEEKYBloSRZYFkLJAEiQPLMsg4EoeEExeT2EhghAxggADbEIRJStAyQgmYJgVWKK3ANjKAASyELCHARqSNCMm2ZSyiOFNqsowkGlamkQRYQlIGMgQyRGAChNIO4zAO4RSyELYUFkolyLYQGIGwrSDTMsggG2MRiSVsBIBkOyCxFICwjQTYITICbMC2AQFgrBRC2ELIFmEMQtiGICADpQJlWmFZdoZkK1MlnAZsZFuABDaYEITsgimBiBCgonRKUthjk0A5TqkIQQklksJuUpEoChBBZhYViYmMiJBqUWImRykUOjqEMI6+i2wt2zSSEQVRo6QcgWuXbYqo2G0a5rOZsVJRaDaTo8hGQihBAmESU0sVbtlCYWVAmVVgWK9LSCVEBKavCpxGiHCEskkUolZaykmSOTqKImolCAsjTeNkt4gq6Gb92BLZBIo0RRNSISyES6RsSxKtOUJStd0mGWMciggZ21aEXEOQDkXK2JRSbSkkGdNSURTR0qHIwE3VIWUbKZ3IJqOGqwpVYRkpFAgZK7MoWqZEI92IACmxbKcsO10kAFyK2pTjNAmVUCgURa1RezsbDUdOrVTSQcNyCCsSEyrGRgogcMskwiAppwRltEJVoIy0wZFy7XGGMMXOJndyRGQaqWUCBSVARiibje1AIt2aUcPFZFWokK1Nza1NtZTa9dkmECizOYFEkYSEsLFpyiBshIWMJFCGBSTIgsTKIJykBCmTSECmEEKAUxIIpxCJIgCEbBQI2RYIkHGBVMoSAMI4JJrAUhCEjS2wJGMRYGwA0grbthUhJ+CUojmLwjZYki1Bogi7oXCmmizJOMAOYVtgGQwESidYUpogkRIj7ERBAyFslCAJWqJQyAZkGdMSsJCJEHYEmcWkZBuQEwUWtnBaAQiMMcIuSQYgjAMlQiIdwqRU7IaFQhhhm0DYKBICCxkLIwnbCEmSgAg8TUMb7BJSYuRoCilxtgmFsZopanYhFBjbFMJBCTJTgQ2IAsJCIaOQcNokCKMACzBGwqJYCRLYJACyBbYocjM2YBzGtkIWTinstGxbESCwkNJZJBILIdsOYURgC6RIDAjTUIRsLLAgIBVKLMtG2CYFth3IAArjwLawLSwJCScKbKEUAjkNGBxGIVsmHKlMHMLGJsAgsGWQDAg1GUq4WQLJpAwCkGVjiMBpQFKbrECNCBlsgcM4kAGjwNhpAjkNiLCboRKlRJIGJ0SkpzbIblBKqZJSrTUDpCTGltlaENH3Ba/WA7grlcC4SJQakEktJajpTJcgW7bMBlDklq0141pqUVhJggJbJUIaW4uIAAVTmzYXx//sz/7klV75lVE8+CEPOTw8kiEaQBoJICBtCwwyyJakNAiMwrYFCLCRbaHkshQCwCHZEJANZIwASUo7QIQxIZyALUkmwwFgELId4bQQEhRhbCskkyCFSITBTilkY6Mg0kbCCc5GyKSEkMEiFM6WEGCBQbItQLKNsA0g0oQxglQI5DRh2U4UaSKEM0ECi8BpBCpBppBWw2pr+1g63+Pd3uPoYP8DP/BDpmlsmbVEa5OiZBmNSldE2FZgkyQGwsbZokTUWoQiMhuynbZSVimRTepKT7YpUQkFylKUbtlaWlZRYIOIwCBAIk1DQo4E2ShCaacJZGwsbAQSiSKTEJkKDIAA2bYtgQ04sURgO4wVTgsDlkUBCychNTIUdqKwUxaAkZQCItyMbDcsKayUlGlhh2UMWAAKYYSMI0kZIOVASmwkUgmylDiwSTmQsSUZJRYCQkqjCDstJMsyAgPGyEIWmDSSbZRKAYkksjkKgIxljFIUO0HGFgUSCUySQghBs8MgbEmQJhS2sUIGnCZkG0AKKwVhI6wQTQBIYCMLBEjOdGJjjC1AQBorCBdBEirpKQ0KkAFQtVOShRJEm5pCNbpiO1GxcZsaEpIIhEI5ZXObkkCSUAlFgp2CacqQVcNAc0vkRriLKuFUy2bcMksJTLZmq0QohEVkJtgqiloilBNjroOSKXAoDRGBZBlno5EiE1OipCxKqFkhG2Q7czIiIIkSmRgEiBBCdpIg22FAzmwlCkJItq2WaYMQkTZN6Slcik2lJKDENZsJooYmCxQBNkLCqShBAVCi5tEpK0yGwpnGCAgiTaiLyEQOkziB5lZKrQRSH11rzbZxKcVJVLkhMkFgo1CEbJUSErYzm2mBimiKCEkhSIgQptkhQrJxYLkQU0tkU4Qjc8yGFEo3MlxqFLCMhTJKwTYCAqJUKaapOVspXaRdZGVODaRQlAjITGODSUG2CWlyjqsRkMI2xbhFhHC6YdIOBSJwc1oUsMIhGcKkZAy2hcAQEjaSTSRpFMYCkJCdSBIyRlJKYBRpRzFJCozATklGlmWTkpRYYAwCpyJSjRTCuEnCWLaRIMBYEraFLWEsCSMko4IbQSQOZFkYkyGlbaRmR7EsK52SkWQDOC2qlYTcUmEcmFCAkUHCFk5bhC1CgY1tIWzLxkKWMRSUGBJwolAatYC0JEGqCENCYCuwDciSDFgOhJGxMMYWSgFCgRMFskgj2bIdxZkSxrJkAEECtiWcxkkCREiOVBTViKk5G1aaCEVzCpcoJTTZbRqnzK7WiGjOiQiBiYiWTRlu6SmxkBW2TFqS0oSEbSvIRghkJ8hYNpBIIdmClETaFqBQ4jAWICeSQk6HsUSghLANZIaEsBQJgZGUJLIIQHYLJLmlJNsSErZl2YI0CoTBSQQYQ5BWAJgmIrEkAUJ2CiWErJTDWAYpbAsnBgTYSjVZlpotUolDpAjASowkNxwGDOG0BCDbSOBEcgo7A9KWoQTGLk4rAJE2hNJIwrYFhCBRGiQ5CUIanWqyCIUkDISL7BpS2nhyJs4oHc7mlEopilBrLd2GYb1YLNQVTymnowQeWwoXIlGmjVVKTi1NCGcCJcLQnGAsqdgp0wQ4s0kmJ5Wdza3t3//933mN13jtrp9ff9ONh4cHshxKOySDsKVEIYSxsBUKSBsBMkgJwggjgERgI4MQNghssFE6HRGJAUxCSE4TNpJBluXABghIEWBbicNYILANEhgZIQc2FraFFWGwsJFIbFsgAchYgUgIQRo5LSTJRpJlGSMwCKfAkiwksGSMBemUi2QDQtgKQSIJhB0hpxEIslkhO6TIHI8fOx6KD/nQD3vkIx/12q/9usuDi5MppVIIz3IcRThTgKW0W6qE5cxmlGnCtrI1RZENhXBr6TapBCbxehjJjL6vETRNogBObEcAmciShCzbAAJIWYkD2QkQgW2MkEGywQ6EJGMFgC3ZlsCOEAgJEoVsJxJGMmAkGwS2MAphXCTjIGyLkoAaDhtA2BQrhWwwRhgrRAMJGVvIOGwTABgjYxnJtg04BCIBg0WA0yoikcjEsoUQBowQtiGEs4CNJbCEkMG2CLABJBuLMFi2VNxsKQJSgOUwgFOSLOSwjRUh25JtU6UEwLKRACwApR0ySE7ADuQQhJUgJ2E7IgnZxkZYCDBpScLIBhTChAJonkQptYgIrLlYT0kSVQ4A0gIUaMp0ayWKQgYUpUZImRkFZ7Mz06UUt5Z2CCEpEsASwuASIYXlSliZQVdqZrakpUMgJBsBLbNIkmwsS+FsNCwkJEllnKbWspRSIpozKFObcKp22Ro2QoQzi4ppk1s4JKMgc7LDllpraaiUCGFqrZKwTNZOrYU8iUByYmVLmk2botaWaVxCJSKz2RZOZxe1RNRaE3maMkqAFCHZLREKOcC2DYYMCXvMwW0SIYWLAqdlXErJqdmZJArDNE7TNGW2zGkchqlNESoqpIhwWlBLDUkSgITTYWPbMoCs2tWuKw23bMM4jeMEpWVrGDszbTcTiIjmhMwk05DgQIAkSaVGqcWhiLCwo5YiSabUgiKkKKUobLdstqUSIZNkOm3SRTZOI0G2lgEuKkVFERFdKaV2paulVNvTOKWz1DKb9aFqDLIUCoWCkLMoCEnITisNVqbVEAbAEVgpMGALIwAklMZAIqUTKQQpI2FJJoxN2DIKAmQbg2yQIwlLAkBgYQyBZRkLGUuWMCmBJMT9DIjAQgAYR9iATIIsjGwQYCGHLQFYCmhKWykAkxZCSAqHkWwIYTkAaImMAdkYBJKtsHCmjBGYEEbiCiFMCmSEhNJIQiSBwFgGIwKnwRCSwTKWAbAxBgs7kcAIQQIGnBZJSDKgwM0IDFhYwgaHHJKsQMZYAkhJQESMSHKJIhXb4zhhY1rmOI3ZplJKlDqZseXQJqWzZcs02JhWIhSFcNpOhCQjLDA2CBmFjYCQZCQbSyELbIxlkwFOQsayDFi2FSRuqcAFJBnCgCEljIXBBjulpIHCMrZtCRsTkkSEBbYxhDAgjJ0pIxkskIAiQg6wsGWBsbGR5HCgTJqMhUDCCEwEhLEFIAo4QACihJBKs8F2BIBAsm0wliRxmUI4jDDChGRJEhhjEJaQhUHimRJbICc4TLg5EmSwi01ICkfU6KKUKKWEIkxXVAqC1jJtokqGwECGBAocpezsbNe+k90yE2dr05SZOY1Ta57GaWxTZhq7CFG7DhFIJRRRoiBJ4TZFKkqpisxURCCo/cb8CY/7u9d4zdcNlRtuvnm1WkVElACFBRY4LSGAEKEwAWAJMIpAQGIDljBYKIwkIQNIxmBBRoAUMpZQQEgWpAITFiZBluUwIJwIEoOQlRIIJUCKBAtIMqyCMbIkgcM4pUTG6UC2jdIgASIlAIWsAghhycZKYUm2kEGYggVyprBlBMhCYINtIyGBIGyDbdsNS0oBVoTtkGxHxNjazonjqvV1Xvf177j9iYutE2Eht3XzesRu2cY2TTm1aRymFqGIEgCqpYRCto2BTAOyQqWUkGRJTK0FkqLYMhGWLYEhQhYggdPGOC1AaUCyCNJhYUkWQgZhJEwQiBQ2toRlizSSnUgyAmynBTYgkYCJNIDDGAATaTCAhbGMAEspBwCJjbFTEiAJKzHgtBwYbIxsSYHCsmUbwIEkgUCBVGxjBUIIGUMgy5CWZCwhQGDkxAaBkUQGgCyDZTJwCJzIklFasmwkhwEnsmzbAoFE2iCEJdkmAQQgCQQiMVhyIGxLgjRAIFuSUAGFDLgBOJAIHFYEpJRgCWQSISIsKWQBIBtIstYSCkljTpkt7dZwAKIlsp1TJqlME5aMVGoNKd1wYg3j4HSptXa9FCWK7CRKjVqKVIgoQsmUTVY60xAAItOWCRNECUlYSlsqpUYt1VMbx0lSLVIU24kVUUsVkS0nN0yRSpQ0IiSFoJR0KpEimyGxWo6mON1sIQGmRCEgs+/7rqsiSimEBLaHaZyGaRqdOSUowi2dLbOBaymE3CynbDCkoJRSSpnNuqil1C6NlS0znRZ2VhSKxCCHwnKbLKhdASWpRgYiPTQQEaWCBCAnLiohjWNLXFRsbBQhmFrDCjInN7dCVYRDhbBdQpMlAyFIEExTC4JMcGsNK0oAEYGl8DQ10oQUxWlJVbXRJAG2gYaBUOC0ZRQSJqKYzMy0i0uJGKcR47AT2dGVItKWIaLrio1NICK6QnOGI3MqrTOJHIqcJielKltGLZsbC9USCoUynZmmBQUBYU1GiWiJQQIL0dJKRyiVOII0EiRSojAJgUxayCAkQBIGQDYCI5xIwoQSMIEdEWkLZCyDhTKNQMaKkG0KSmGjQJZpjRA2QNipEmo2TikSgswMKUXaCAwIjIiUZSUpoECagLQxLpKlBAAL2wIDIECZIRmRAhO2g2dSWA6DTAoROC1kh4wFRrLBWE4UtoQRkGQlTJBJSMYYZANCVmIhLIdlIRuDrAwDSGFlWmFLXCEFNqQly2EsyU5ZVhohKQEbrLATWdiG1lxqRClCcqLAWUohUVURreF04lqqnaWEhDNDPQAKWxiEJwM2SVE4ZRskg3FYEJDGhJRYslIOozDIMkKZFoGECJQ2wmQIpxSAMLJTDmMJ2wgZEJKcBhPYkkNK20jGCADJRkoTyAZJIkEYEHIIy9g2AAbAlsCSsC1sBzYSuJE4IoSNsbAtW5JxgC0wgewMkQgQNhhSBLSCGyEncloIoyBtEiSwAQSIQA3LIBnZDjDICAySIw2SZEsAcpB2SqWVCCxECjsxKpjmlLIZGlFsZEdIlpslICRHdCIzbbJT6UoYOWlpFQXRMoFaanSzkBoTk41RFNu0aZokTZk4hEWkHdEoAitKGwfkGiXHaevE6XvuuvsxL/aSpc5ufsjN+/sHtQQm08gWYQOEMGCRRjyLjSyTiY2DAgYjkgicAEYOk9hSQFqSsS3JgK3EAWEolkWSEhIGGUuAANmSjVGALckOMGELpbBDsp0BBtmWAQwonCZEgiDAVspKpSIMxqCwAWyBJRG2E0qAsSTbyAaQDCjJQFiWDQLZhJzGQFiOtEMAOEWAUoaSTKFISNRa3nDjg26/42kPeshL7F86u9g8dniwawgpSqQtgXCiSKlmmxQi1dIh20IJbkmExzGNohCKCGxHFAXNVtikHSXCRqXImAQgHQoBGAtZADKWI2STYRlIRJCOYpoEKUvgABvJtiUZQmEjbAwFpWwk7IQIJw7JaRMSEiBkDE4krrBTEjbYUoQAHGBsZFtIACggDTgsY4dtJLACO8BgCNuCJAMZB2FDIBNywwZhK8I2CACcSjkskABhYysVwgIsB5EGJSEZW0KAQXaCCAMIOcBGcmIIyyAABCBJtgmRNrYicCYqkoXAiRSSsqWESAgbgwSINIGMBUAayQ5kTEgIYWdCOA0IMUwTMI1TJorqTKUdtBQ5RYhQy0ZzUdQoQJLTGCVCmVMbBVJECDwNTcWyVSQJGSgIAlAhswEEmEZTVNuZhJjARorEjawRMlOmM0stYRFkV4WkUFjGdlVBAtm2HCYihmmS7czaVacjSuDMRJIUEZkKWiaUloCbCCcRykxDFE1trFHVaZpSoWxO0tmQQBGSYxymroRrREazA2rpWnOaEFIIjziSIjtjapNFGNWIEpmZaUQIIpRT2hg7JdFyalObWhOUriiU2RrGbk63DISi72ddLRFIREQtYSuckBGKEhElWxvb5MwSJZCzibAB2S4QWLKMAoVM5jRNmaWUUru+q7WrBEWhkKxSIkqVCmlCtRRFAiYNQBtbjtnaNAxjpp0uUorEYEHm5Iaz5TSBWibNKlEiwBZRpIpCIiRw2g3nNDU15MRqbUQ0O1sD1SAIIezazULKbFgSODEKwjgbUtoR0WyEAISMKCGB5QiwJIyskMNYSDYZyIQkAWAwQgaQsAiaQsaWZJEEsiJsS0KyZEkCm5AkjGTSAhy2CYOFgAgAQdhWyM2JAGzLloSMZEGQWGADtiWcpIyNMgFSEERKiQwysiRICWRsWSIdamAgjAyBEQYQADZppcCkAKWlBJOWMAjbMkUgCYUIoiha2ulQ2GTICFJKBAgBsmWlTDoBYckBYQMZVmBwgkGSMSCEpcSWAFFSIQRgWTIKLCUWCjBALRUiFJngTNuS01FUaolSa1cjkKQQSCIUXdfXrtSulhCYKBEoqiHdCJqbAgIJhEKysBJECGMhGik5BVY6MWFJEpHY2BZIABYITBoZYdkhIxmJUIoQkshEIgKHEMoEyQiLcOBCOHCmbAOBJGwBEsgIW0YQEAoACWTbCDDISBIRkAgpCNuWSIQlEGHAWLIswCArQbZkhcLICtk4EgkLyaFAWLINQoCFuEJJppElhJERQoCRjQ2JHAHCEuaKFKIYwIlsg4laIyIkOaNNdtpEGGcaGUkQysxxGqc2ymlskDSF29jGcXAbIzMsIEJRIiSRYDcHlJCdza2oosBERFGUWlSIQMiKlBInrt0snVsnTrf18oZbbkFxy4MfdHR41JcQSoOQJBtkCWEMSoURCASWMIFkBZLAFgaLsGwEgDMSAgk5QQYhybZwKKwQCNkNgyVhYcsgcEpYZBq7YNlpgQ2AhIiUMVKCMYAEKrJkLCAdICGBJIMjJZAFEgQK2yAhYQnAlijCTpDSCAuwZIxswoFtHJgwCgsnIQSQspEEYHAIQJEKNSsccssg3Kb1sH7ozQ9Jj9fecFPmNJ9tNohanMa2bRGlojJmS6dRCEymJUsEUWpkqkQECEsKkCRblKoIlzZlyylb2tmmhghAAJKczkwCjDB2AyXGFmEEKTBpTANhA5CglBA2gJFIsDESFiS2BcKyJEty2CYQRomFZZNIEQiBDUTYEBjJsp1gGpBgAMkSksEIRKScAgOAgkwQAiHbBCAhAAfmCosUQpJwRGIEOACaICRJsgFIGXA4CTDI2EbIArDBNsYiEwEIyyKRmy2RGAtsCVCCLQFSSibTtkTYiRQ4jSSDBMI0FQhZkkhZYYxtCQCBBbKQAYcJYYPIBhZASBKYUEWAphxaG5yNIiXCCINCERERCkVIoRpVyjZNmSkpSlUEst26vkbXOds0joJQSFXCTrcmMpBRRBGiESHAbjY4lWkbEKSVSCBIe3JO01QjJGRnkmkklRLIuNRKgjPJCEKK0DS1CCE5CQUIotSCW3NECdtKiiKiCCJKUcEJRZQUbiqS0wgpSkSVJGga21RqKTUklQjZcmamZJGGTFsqJRQanGQDtdbsVBoUwlihQMiiKlBOmTlik2rZIOVwemrG2KYorJaepimnyeAsgO1SQ0QIEYowsiQopXSlK10XUVK27UxAIZOZpC0iIwMZdX1Xu65GYLralVqDUiII2tSmnFpSSqkRqiUMeLKRQjVQUdf3vYuLIqRsadsCI2MbqZRaakElpRK1lLAESAG0sWWmGyUinVAEJkIlFIQUiqIk06kEESFLLRtCES0bBmuaJptSSi1VxiAQKHBrIWPbEpcJKGlJAhIbkYAdFoAkWc0EgBIhjC0DEkLCWMIWChuIwLLslCxbtrCwbUkBMkKAkY1IAhDCNoQwYNwCsCzA2LJsR6KwAZwkwpZlEFIqQggAWcJCpO0kgQQjAgOSM2UpZLKlMAJZpEAAciKwDBiwCgjCBnDICIGwJWQTkWAb0hgZbJuQJGyEmgsWWAXACOOULIMcCmywwSlbgmgyCIUkGacFhhQoCdtYAAbzLGlkE6QUtq2oAjIz3dq4IijRlwiTKWNIT1OzM1Roma2VEHZm5tTa1DJzyoZimiYREREQpQOclgjLFhgjWSQIQAJkRciJjCRJltO2JRBCwiRYGDAiFJgMEiW1GWEDssNYkAaBwxaJbFwkCewwxiZpNJBcZIxtICQAIQkjKdKBkTNlkFMG5DQYmXBmipTAwoSFnBAypACMsMEW2BJgDAYwmUayZMuWARCkZQyQViowgJVKbADLYQQYS7YMBiHZYa5IYbCFJYkmQmBSMgmAMIIphbOl7Qw5AjUjaimBFHSl67uuRCm11loshaIUlVBJmrNEVRR1HVKmMSE53ezmlhgRCjIlRRXZCNVSLFpmTkYYaCmcbarRjeNyc+skbtsnzjjzlgc/ZH9/H0jLTslI2CBAIBCSII3TKZShSIQJwE0yFrJBShKQnGAkYxkkI5CMbTIEOG1hGwxIthFgJMsGEUobE5IAZISkCMApjO0wYSuFCckSCaRJkBIEIBKDEwNYMiAZDBYIrAQMAEbC2IYwBmxhFLIFWAJICWRLxm6WEAkIyaAkAaRwGAxp41S1TKKQU4Q8LFerm2956MHBweu/zuu5xLzrmJqdbikKo9OJMywpAhJHRKmllIqiOTMdRaUrXY2iKphaI5nSVhJK0mBhpaKEwoIIjCIAyUVFDoQBCCmFZcRlkkFCCGQwGBBYQBqwAhljkLEBCZCQACyQbDslgRAyTowxko1tQAhjQDYy2CDZkqwEIcAYywbZBmRjoZAFNgZsY4krDJJkowSEBTY2GCQ5LYSMbE0WBFg2YBnbjgwAJBIjFIAAJIwlGRVCNgqsMFgCGYRsEgQGKW1jySGl5DSZSuGQLUCybQvSFsYJNkrLtkzaIqKFhKSUbYSEEaQBGeMGDttGCJBptiVAYUjJbtBsCJUSNVRChOS0oaU9uWW2qbWWJYpCU2vhKFHDKEqo1Cg4VUst1c6W2DlOLRSNxCpdCQU24ZTBpYSM7SAyndkkSWSOzmZEKCJCSGq2QpZxGkthu9l2picU2DalVONsAK0lhiBKKTXk1poNfV9r1xWCYimctp0tCWrXRUSphUaSjRyGcRxGnCWqVbOxXB+N69F2GsAWok1uGAJFuOGWNhGyQ2pAcRFSIVRCUaJ0VSjSNmby2CZjRVWJ0hcCp1KkCVmilEBEVd/XKNEyp3FsObQpbVomUtoTBmoJmjMzSbDTbZo8ZUvbNpZsBHaSmWEZFAaQJE9TG4d1m9JuttywWzZLzsx0tqlNmdOU2ZJMnFKgTFvIJQhZkHY22wCiZUYUUASSwOEwlp04FBExjWk7EyHcCEXI2CazKUoootZSImpgtXS2lg23FMjZnIoAYwMm02mBsOSkhEpUC5TGGIOdsi1sCbABYSELcBosbNukZNtYYSQBkMY4AbCQgExBYIWIBBsjIYjEaQgMNoAhDQYLI7ASCihQIGwwwg4kQoBtCYPlABVsSVggJzglYWM7bFtySBIOhCEtMoxCTWRCICQEtrgsLGPCCAMgo5AdRonkQCRWJpIk25bCWQAwQnJiWwoZyw1kR1FikG0Bso0BwsLCMhIKAUICWpImbKdJDCErJALLIYcCEMYCC8CgCJCxwQ1ZuAG4tRCOgGyyJRlZQKZxs52eopbmNo7TNOU05dgaQGZXagSKSJI0QCZJjZppgyQLYyEkjEkZjA0AsoyxFQ6ERWIZpSUEEgqQwVgyBhAJJkXaIMsghJClBEhZdjRoDgmDsW2JwFhNgSRIjNImDbYQYGEhExBgIgEhgcGSCWHLthCyQSkZJyJAhJQIBMiWjSwkYRkpAAgnxhYgwGAAywoTgMHIpECWETiUMkaZFsjYxkYACBEgBGlhIERiIUBRwGAwTk9Ta9mcxm30OE6Jk0wp0zlly5YtsbtaZ/NFCSGVUnAmjloUFs7W7IyIEiVQFEUUoVpKKRWBAjS1pigRTJk4lZaQqoGItHEMw3rWb0E+6tGPWS4Pb7nlIev1utQQwiksCYEtjGQbbIwRSBImhTMSiWYbMJIMgC2JxBAgMAFGRgansIRFCgeRxhLGAouwE4obYWFskJCUJsEADqUzSTsSDEps2RIRkMJYNlg2hLFAaULYJSUjMEJYWBhsZMBpIC1jnEhIdghLIgESLCNhkEMSRsZIChKQMYKQQJGAaSiQJCFCwk0OEURQKNFnahjWNz7o4b/9+7/3zd/49f18az2uo5RSI4ob2CaFbEEIBNmabTtNkq05W5va6GxObMvjNApntpZJUiKqihQKqVioRJGQpcQpC4UwtkHYYWGBwMgIjAAwtmQBAmEQ2KSVYSTLCoTANgLbNsKQoJBtbMAOh8EWWLYgsLGRLCUIyUUKI4wkSeACEJZBpJDAKUm4WQaUokpIThswSpyZAA4ByEYBQQuELWTbYCksMAHYAoMsBJASIJECsJBlQwIgSdiWkAw0wmA7A6xUEmAjGUkCOZWZJLYJLEkYsHAqhBJjEIlIY0K2wNgIkmaQkRVy2gZLkhCEjIQiA2QJgeUQmQnYBhmXrlOtoZApNVQirYQmR5SiyAALhUIts5Qym8+jRMuGyKRlNlKFiCilJgoldmstcaaHaVoPYxvHaZpay4ASBWFAJa0oRRImE0GUUmqUKG5WQiCAUEQttStFkpVgGVCECJUILIwKkjKd2YRyak5b4cxSaqYzMyPCUYtCiiiJbQBnjuPU3Gzb9H2tfc30NA0tJwWz+WK+6LsiQNA8hUqttUYhLNkqoaKQnIRKKaUqTJSiEk6aSUuW5HAjoiqilFJKFDuilAhM1xUgIuSQkCTTplyvB9K1q13pSqmCzAwQYJeQndmyOe0mlTa1yalSLYSjqtSSLYWkWqIYDJLcnM3pZuNsU7aW45QN0kJRur6fla7WYku4SBEqtagEITlbNtuhIglTSo0S2SyIEqHAzmwRQBRC4JCTli2zZZsk1VoUymwgRamllAjjUiIisrWWiT2OU8sGFtQoJZw26QYg21GKnU4DEZVEEXIALZtxTdkIsAIJKZARmMskI4wMpASFkJRFyCAF2NiQ2CELBQiF09gOWRhB2goQYNI4nSDbKdkKIASSsEDCAsANkxgLYZAlHJZBBiyECQLJBhkAK1GiMEhAiAiQiwVJ2EkYhS2DIJAkmghDSkJA2o3ExpFpjGyHcFoZpEJWyiAcAssAAUaJkAOwsSXhRCiRsNXSQoBIG1QIScKGwALL2LYRaRAhSU7LKmDAiW0woJbOkMMGigFACGNkZDstCZEigVI6iGx2yp7cHBZACBJFNstSqEZVCIHsdGZObuBMKxMYWsNYIFprUmBDKgOTAAgCGUtSOG3JKADkxFgCSQQu2Ei0dEswCViIoCCkkIxDyEJIBiDAQglhLBAOEkKypFAAQgg5nelAiRuIwFjYYJAREjaQSCAsyQTYyCFJAmEbYURKEjbGTruIMEiOIkLGRunIMBjSaURIYQlLxgpLDkvIpC0pMAIFIJAApRAOSdgBtiRkSbINGBCBTUrOkIUCJ3JrVoSzGalGEYUQ1E61hoQzW5uMhVtrAEG2No7TMI7TMOWUaWx7yvVqHIYxc8rMAMuWQdO4GqeJxE4SpQWywDnZJqIogpCdksI4w2a+mPezxad96qc+6UlPvulBD15NK7tlNpskk3CadEqINAZbgIVFAkqQCSMboUAAWLYFQiBkCCwkwrJlhRS2SJCabFmWZNKSMpAxEqQKQATIAoElFNgSYDslhYi0JIKAQA4nViIHAQgJiMCYQOlQpDAgAdjYOMHCCEAAAklCpAGRKWQcQNoKKyxkI2yMHUYYE9gGnDht2whsS9mMDSLTmca23XC2dLaWOGEcjhbbGx/5UR+zf+n88ZOnc5pslVL7rna1ixpQNDFNDRIh0TKnaUpTowOkKAqwUVGpETWChNZSSLIBY3BATjka0tkyHWQqp7RQBNi4CZCwBQ5bBrAJIdkChRFgIUIKgSVZFumUsQmnASGQjJCM0hgBYSGjkABh1CRQYDABBkickca2jZ3YICwDFkACkFgIAUapZgeWQKbIRYSUgcCWkcEO4cC2E2xSCUkaWThl24kxGIMsI0hLDkyaFDKWJMjEtkiEQUhGIGQSRICQJAuTXGaFCIUQshMbYycCI8mSZCPZCltuyFgIWSYKRIaBJBCIaAmATAogjS0kbMACFQLA6XQpfeASBQnITCtLLbKCK5oUIUIiCYWNpDa1No6tpTMhJUkhhUXYU7Z01lJM1lLmfV+jV62KKGCRdmYmEgkt3RCZGUEpXcvmlmCUExmOUJFkq2WO4zgMgxOFmt2mZuc0ZmuJUkGgiCgRQGut4QSFSwm3bDlN4+TWooTTkhQqJSw7LVFVaimSaikqEShKiVIFNSJKUGJs2drUmmVltuaWbfLUnMbYdksycGZLUpmSROY0tXG5ok2mZTpKp5ZTZmuZxg6JxCkps8nNNmQSSoxrV2azWURxprHdEhMkGOO0aWnjiLBCclSFhBuKUsMZnuw0ackEIQHpBkQNUBopuqglQgQgOXC2aWhtak2RJQqSUFiYTDtUokgg5TRJChEhlVCRFIQiCqF0tjYlaTmg1CilKIol27adQErOaZomZ6YNGJQthZxpqziMTTY7DZKqaoTwOA7jNGbLlplpyzgxuAGKkmZyokAQtg0GgwAJZABsMMjFmAQg0qSQAZDtdAhMKJ0iSZCQbAljYYdtA8YOESFRbBxpZIPTjsTIxgYj25JkWSlASJKRBSBJCGyFM0xaBknCloWLMLYEAmOTSowVGcKJMIAwBkNKBIgA2aAiwiKUdgQKgWSjAjFBYAEyxgaT2CJtGZE4EkmSwgJQ4iDAQgLCSArLwoBlQLbBKUcGIIwkElIQEiJTjgQhI0LYEVKiFMgWVnKFwzYghZCNlRJAqLlFVwC3TLcpZDLHCWTbpIUkAqRaaldKrYHsJghkQiVqKLAhMLV0ZAuDMZaESSQZSZItW4FshI1kCSGEwBglZGZaqIQMINtAyjigIcIGK0FYGDAohYSQwAabdMOBMSBZGGMsgxVWgLFlgcAgY4NdSDJIGRswAFJaiTNNpBAYQLIlKRAgIhFKMKSVCAVESaVsBJK4zGBII0Fg7MQyIQlSAsnGGGMwAtlAclnImDQ2AmNskCVEWoHltKWQEgU2hBQAESEjIqLWTpJSRVFKRNSIAAVqLVsbwS7pTIzBuK+1m/V97UupiXNKNxuLElJiKSRUJJVSo0QlZLvllG6ZzWksy6US4Trf/I3f+M0v+uIv2Tl2vKWdtqQohCFwIhkCGSSDsIQEsgIZEQI7bIwMTmTbRAA4JcsIpyCtZiGHhREKAIcUYAuJwFhJImSlMU1gUgSYtCzUkJwYkLLJNoEsG8vGTrDANrYwgJENSAA0GRmcMliIwIQUNjYWAmFBZgpCslOQACRCBVsyzQ6BnUZghY2wsYVFQMiEHAYkFBg7AYQVEiEwgRJU5EzDNddeD7rxlptR6WaLzDaNDVKmiJBUokogZwpam1pr2CpShHHLNAphrFKJElEU2DgJBTidkkE5gSmKCAmJlGRbQhKEAmFAlpUCgQ2ZxpaQSWEHYZAg7TAkAkIyErIkhYwkKzKMkSMsLIyEJey0bRnLRoAMtgSyALkogDAgsLFkITCGsJEQKYNBFiDsFKgFaTmVpiS2pWYsApyJEUKSREAICRtjoZCxBCDJAIllg9JYSNhYyAIBwhZpAIEzCYSFBCYNSmzbQcgYYZGA5VAYLEvCSgBhy4AUyKGkIEsCGVs2NBmQsBCGkAUYC5AFEmCkQMISMiLTUtQSRm2cILO1KSeakWohVKZxai3tCRCALRIyWwoFdmKLyLTTdpKOUjtVIwXOtGS7iNqVrlaVrkSZpgmiyogoQcoGuZRqW8YooihqjYoi8TRObRxIRy0SzhSykWSIohLCmqYcx3Ea1ulUCCSMaZMlOUxmay1J44YysRMLcNAyFUgIbEgnloSoEQ5I01wjFNHGEREKCRAoTcvWaKUWyUYEONKTJzesgBJDG6fBTofSxiiEndhuE2lKFCCNjKFN0+Rm48Rudjo9tJZELQWTLTMzui5KqaXYkh12RNiBjAlnTp7GIXOMKMitTYqopZYoUoRKTiatEqWrjoCw2zRlDklUO0KUEiIoRBTjKXOaWk5TJpk5tuZstXYlYrKNhEnsxABuliWFjdOgoogotVYpEk/TZINqy4ZKKYECO23bNilLUSMyjEMKC0k1ihCSjQ0ookgCbKOwSKdE2sLGIm1IScLCcmtOSOwwKDCAUihBSi6LsGyBkQRggdMhJSKAdBKQNpkmMuQIQohUuMk0yRhDAAgyDEIGQEYBCYRF2oCbwZFKsDNxWLYDYylDYCdhy2QDFMgWQEpIAoVMBiE7kQTCxiDATrCxhe3GFapBWqQNNnJCBiQ0gQlJCBAhI2RFSgbJtiEBgcNYyCTYkBKyRZA2kgUYIQG0MEgBSiOklIwtIwIBJDItAzAibYPDEA4ArEistDBK4yTBSKEICpMJC9vpqTmzkbaBIBBtbG4Gsk1pQEGEnJmhUkogkDJobkCjGTVhZJyYyLCdarZtwsJgywZIGcuyTWKMjQgIKZCRCFAICyDSkMYBYGGDDUpSth2AAKMUAmSRImyHZQmkkASywzYWAhuwCAuBIS0HFiGMkQXYUsoSYFKSBAnIxkosIRKcCAuDwZE2TkBCiZO0bUuykazAzgSpggNsnLKEjBUWMlgppSMAERgQgJRSGgxCNrIw2DZINpgmy2BhnAhnpmwZnJkSCtnYtNYyE4xRkClUImWEFAFCRZImG9vGkoXNbDaTlNlatik9tkxP2ASkQypRcImIUoQcpUxjzrd2xvXqjd/kDaPOjp88leMAYNxII9kKDDixJBzCyAYbwokl4zQprLAtOSSQRGKDhGXLtpyClBJjbCEbjGXbBlkgAEtIKQtJWJmkMWmD7JAsjIMwOCIsbIfBGAeXWSaQLDIBS1gmsBEQhpRDSgUkBgHOVGCBABmZDMnCWISFhC1hk0JgQIkxQgmiISxwhBXGFgibBJRpIwRCsiWnsUGBjW1nQyKn1XJ184NvOdxffewnfHQ/2wCP05hJI40QyFObnEYBguj6rnQlnaGopZQossdhtA3OzFpLqGY245YtUIg0zkYkIMgQAKSQ5HTaGDdbthG2kY0MQVggnCmwkW2BLQIQgANSpNKyINIpZVrOmJQ4ZQtsybbAGCHCIBEAGAAbLGRhKwNbgAHAKcuAgZSwhSOFsSWHE6Rih2UJEwCWEGQIIcuWJADLBuFIlKgABjCEZAEmQZZMC0GChZANmFQKcZlsCWxjCmqZKDEIhwKHS1GA3ASysWVhh2UJSUgSYWMjjBFYgAIrI20DsoRAQmAIYYAURimwsQ1GBtsYYzWDMJawAVqzAELhdLbWpnFsFpSu1NK5uTlba82tjRNuJMJFNUrJbFNrEcqW09TsBlZRKaVEB5Jk3JyeJlsRGEdIEFExORG11lqiVCFM2uDMRBhhaC2dKkGJQLX2JUpmhhwRChWVtJ1NIIVRyxSqNWxsSkRmFoVUSu266EQx2doEhsyRsEoUS4LmXK/WTpO0NgEEttIWNJPp0lWbyc0WIopKFwIS0kghkTKtRLhEKErUvnRd9OnWMsMIFFKpBQyo2ABuaYkkokSVAJk2jeOUU06EugiBDaAoSGpuLZ2Jm4WtbCllRFEpKCY3hayioNQatdJakg6B0s3ZbISilAgBbUrc1IXsCJBaZtqtZbbJmQG1hGWFAWEhABEms2WSzYCUIUJKkOwwtu0UrY1Tm4RDlFIsQhZhN6dxS1tSiahdEUobCUvh2tUSBYRs4zRyrbV2PcJOjISz5dTkQGCgKGQCgYwyZSwVESIUIFmpQAicCDklJCkhkW3JSIpUIgvbIQILRWAsghBYAidIQjaRQliYELYQkixsMFgyIi3JOBIJAUIYHAKQMJJlGbCUADgVFiGQHZbSljBgOwyghgkKxrZRIEhZUpAyNnYQYKG0UdgyBklGIAx2IIMNGIwclgWkDBhAQAAWMmHbipJEGFs0IWxJGAsJpXCECBtlNkAAptgYWTZGIERKAQhhBOBI7ASEkS1EEZaRFOEQwm6tSUlkuCiqVKJQaimlEjIijCNKiRLgKRM77cRTy9aasadsU8oOVBUAmVG6MJJDwlIKY1lYSNjIQpIRFiEBtkQgG2EkEjengDASAJZJ2aECNhJCRiJkEbYgG9ggLEsKB7bSTeREOoXASixBSgXJ4MAWYGyURhKADLaQHTbIRpZBoLBxKkTKwpECwEhJKIQVQlgNBEXIKYciVCQskwgkNyQRJLYQEpaELaSwMQawMkXaYACUSQY2tgwhJUIgIynkBilhSAk7FA4R9BGgljiZprG1yVba6Zza1HLK5sREQNQSfY0oXQjjUAnFsJ7GcXRrFoqoNUTIjG2y7WQcx6mNOU1uTuNMgyShIqSQQtgtF5uLIB794i8+je3mm248PDxsWEDYNFkkwiZBQtg4QwgLgzGBSAEm7AgL3ARYtsEKpzEiCAmUAZIExjIgG7BFIkHiNDhsiZBBsoRCoZAhAgJskJBtWWEUlABjsASAUBhZiSxJAQZsQNgWBgmMwIQQaclINiEwyEIgYQEGGUtGIQkhAxYyAgJLwrYAECLllALbgCwhhwBkFOACVtgACZLBJGATrbU2euvY1td+5TfcdtvTN46dok0JZBq3tLEiJGHAXS0laihKhDOnsQmHgpBTmQ5pmqZGlq5GFLBtkCQ7SACnoxlZ4TAICaFQShIBJBSLyySTMpCEMIRs2UowFjYK4cCWXEIyShkbbMKyCJAFkkEkyCABiLQRgABJECTGlhJJIAIJCcIyQhEgC0nGAIrASsmkE1kBINuBwFhSKpFJhUhMOkTYCQ4QSgBkpEgSIwABEJYBkGxIiZAEWJYwWCGLECIoVghJgJGdUpIGYZSBgcC2ih2AwhaWMcgAoCAwgG3ZQUiSRHECSmMj4UQgBAoLkJCEhCFkwBgHTiOKgmDKtAIMkWRrDWcm0ziuxiGsUkqUcMq2E4VKKQSJExARtZQgjcJkS9KZie10KwphECIikFu2zFajtNbGNmamI50tJzsZp4mgq51J25mZ2Vo2IrpaS1QJSQqB7WYUEbKb0zJSqaXWiFJKiSlbm2y7ZZva2KYJE0IiSbeG3drUpmYrqm3jxAkh03JMoJSIkGmJnKWoRAlnCAJQhEoUWVKRw6ESsmktp8khIoKoRS59oGy00tXaV5UIAEvCza01FEHYZFoQiqIMRFdDoYCotRRMpiVqCVBmi7DtxCZBpdaIguzEKm4pUIkapatdBJnOtOyx5TSN4zhM0zQME05Dm6Z0ixBSKer7PiQ7nW5j89hs40isUHQ1aum6XinkghJlumVakFZYNWTa1Ayg5ky7UBRhN4+TLSWYUEiCnFoqZLtlmxJn2k5jAWkbHEWlVLecWsNpYwUliFprJZudioiIaRjTRhB2IgEpI4xtIAmwSBRKZToMsrATW1IaCJATK5FkC0MDyyIFigCLQDQEwrYUyEZAChtbyLLDgcBgjCEsycjIGCwZC1GMAQlBgEiDSJm0LIeQSWGwigAZQBgrwMYYWYltpYQgASvAkCgg04lShIgwGAThtAELgWUBkiUQtm0hBAqnLctgY0AyTtmWsQVGAEIkECRYtk3atlIkli0nIAkTKG1AWIgQFtgWWLJt2yljMJIsE8g4hUUiUoZwYGyEQM12NjkSk5QiFK1ZAEQAEpYQhEqtVaESqqWqhGzbNhIKbAyACWQHtkhCRhiwBZYAy1iAbGRnC5PIxiAF2ACWAltOyYBkGXAIO41kkyBhEpRIJAQI4ywyTmMkyyEVjGRJBBGRoICUHApZkgE7hCUyhTByEgjJAlwkC3GZDciJSGQsQUqSCRsbY2NhCadSwgHGkNggC4QBS1YqsE3aFgYhp40BExJCwhIARiIgUiBQIDIDK8HYYBQQiQU2SLZJbA1DisRpKKUrpdgNS7hE9P0sahhna3ICabcchzbZNgiiREg2GDy1yenJTmeziRKzWksppXQlFArbSOmWkNiZ2CIQKrNP+4zPeMZTn37jgx4yTGMpqlEQkVLIykRGQcgEJOFQIlNSQjKgtDAEDjuNQVgWBAjbEsgYWwJhbABBCowKFmFLaaOMAAHCmRm2LSxjjEPCiWVjYYRkYSmNsQQW2GAbLFJIyKC0wkKySRuMQrYxto2FkRKwAaeFDAisxDYABmMsg0ksOXFYBtnIBiEBxgKJgGYQxjICBwKFMNAgIFBKAimkIBRCiNBqHE6dOt3cXv4VXj7M1vGT2BGltSwlZIVCEREYZzrdhnFobcp02i1RUFUUODOdU7YQYaIoSqAauJaIUChAiQkwJJZpmYCchAAhGWGSCFIpJCQIWSkjY0spIzAS2DgJLLJhSIGMQtgSOI3CCIRABCATdgqwnTaADYpUWIRkkxYYSGMnYAROSyCwJMlACggUEsLYZBossG2RDmWkbUgTYGHLjjDYxgkWSlt2IGFLBhxgCSxFEgIZbNkWYCyQ0zIQJp0SwsJGCDkpYFvILilhY5ATOROnbMmAlSDAadnIRkQGJoXAtnDKARKWU0ayZTCksQFkjJQh2QIpEWAyG5adto0iiFBXu9rNuq52fS0RaU/ZANOiRESIwFJaBibS0amrXTNR1NcOpS2Bcba0PK7HaWqePE7NTkkRBYXBtgwGqXls0yCwTWZQI1QpsqMgnM7JrTWnM9uYZERxOrO1lmnCKiVac2uW3FrmOCWTUOCiKKXYMgGynTJEnXUlOmynR7cpadM0DOuWOZvNpVQ6VJBCWNgkSRSDGioOBaCQm6dxqlFAzS0EyoZbS2XLFFPKBGE7IFBMOcnGpFMIZ8u0m0CQYGMQRkyZwpJq6QRTa5kJDoVTguYWKEqVFSFJERQRQcvJmUUBJokIZ7ZxtC1CEFBLqJaAKKFMknQTQdoo02AXFBERpRBRFMUYI0fLqTWnDGlnoCJFIIpgNa7HYQSrqmDnhG3I5nFqUSJKicC2IUIhka5dLbV2Xen6TiFs2aASkiE1jdOYGaBapAhMQraWLdPZCFRCqnVWaylFFiBkZIxtSkBGQQSEMw0UEgDZSAYihGVhlCDjlITkSC6TLGw7mjNxkMYIg8NYCDApgUEpWS3SFsIIlLIMCOQwJQEAI0UILAtbtoQBwgpAhhSWQKLZyApk2yYNYKmQRdjGksFIUmCMEEaEJFwEYCMkO2yBrECAAJNgYQEiFHaCZCSBERCQYQxSEmEIOZEFJo0SW7LDJiJAFAgsKwJQGmML44gQJNkwtiU5JAvZAQbJIpBkJKQUxiGUCoyNkBOATBK5lgJhRmEiZRUFzcaYTE8t02lnm7we1xECtWzpnM/6fjYLCVkSCYHEFU5nQuCwDUAQEoHcMEpsAIEkqySEEEoMNiELYSVIGBIBkrHkdLgIGRACIwmHMQqMLSMlSDJ2IuTEAoGxEtJYth1gbMA2EkobjMIIMIFBpFIIyzJIxkYYIRHiMoPSWBAYkBWWLUEIkwSWJGwgbINtW5IzsNNg28aSnEZhDCC1RCmkwIBk2UayEiEZGWRAtjLAyBIpCRQiUBoAp5QJQkVCgUGyEuT02MYapURYAWotnS6KWruudDKZWJYUIbtlEkGNKkXDtaiWkpJQ7QqlJG5ptwbgbMaS0eHqaLbYunj2/Bd+wRdsbW9na+txCUqMcViWrJClBDtsHDiwcSiBMMJpkAJkNRk7DMLCJGAJcNhCVgpjkLEMCFnYBJhQCqnJBgNpnsVYxlhp5JDTICwZjE0maTuMAyTJkmRASrABWWHLIIEQWE4cApAkDDayCCEBlmXsRFwmQGAZK53NQpAIMqTEWCCDbaXCwpDCKJAJCRlDgpU2gEI2MpaNsLHBBkCBFAzDdOra686evfANX/e1pZuPq5Uz5ZAzSsEhKW1b2JkGZaZxCUdgQ4AUNYASBZSZOSWJ3RwlCTsdCRZ2YskmJFRCYQnJQNoIMEpbIMvChgTLoYYkMghbQGJAEikJwiGwkcBp4YCIUNphDEYmU0rUpGJAKIQsSbYbEFZiCduAUpLkgrENEjZhINMgRKQBBJYlCEmYwIBLIjlARAQIEJKcyAQCkCylHBEJtggBUjZsLDCSg7SlEKghAZDhEApsyJTC2AZMBAZlEYmAZllN2IElIcsZYYwwICHsdLoIGxCYFNiRxjYWko2MIR1gDBgTCqEACwBM4gBhhywRSmNRVZCFjaWQYsp0myKi6/paSkiK6EoPzjZBWm0CFKhUBVbLqasRlIgSUZwtnZJKBIkjMpsjnW5Tc4Kxc1ZrRLWwoWVEVRQBScNJtswxpzQKoYrtacpsaSWCsHG2TGrtwmR6aombglCRHLU4pRK1n1FLRKgoikqoKMKQTemImFqz3ZfS1TCkZTJbI8Ok3cARNTKcnmxhScZK3LK1Ng7DmKPkqbV0RpBCKaGIkrbJRIQUIciWCkVViRIK+m7e9TMLJEkts2VTmpDTbgaCsC0kBc7MnFoTREQUlYiiggjZok0NpCAzp8mZOU3T2FprThJnSKXruq4qou/60tVSixPkQLaGcSRTpaTI1ghFlKKiIgG2RDo92c4kUWSmrBCSkEuEHa21sPvSlX6WzWGkENXCpnSl9sWZ4Ja0lkJB2B6mli2dScPpnCwJW1KJQi3ImY102jm2bC1buk2ejFNy7QNFcwolgCyAwCEkLIk0DhtkjCRkEgEmLaWFg0SynUhySiAERhJGAAFCBoOVVgBY2IAAgzMMmYCcIAeXBRaWBLIFgNyUlmwDdjZZYByJDBJyCoPBDsASKQXYKJ1WEATIFm7GSAFgKZW2jY1sI5xCBmFbUkBiSCEphUlDYuTAQrLtJpMIYQuTEMZgS2CcEHYKMhGBFQLISMkuImQnNjLYItQaliQbIwHYJkIRCBtlKIUwGBQByDYGnGCQpQCItAHbWLIQEsLYLTEOITksT22ynC3bNJHUwGkUpUaJ0lqSDUJmGKZxGg3GCCSZZxJoikBGIGEjk4FTKIwIJGMsgVEKAcaSECaFEWGF1JAcBuPEuCFMgrEBG2Ebg4UcwnIR2DREKDCIMBYpbADCGEDGSqdISWALWYRsBCJAQCIwyCDZaRQCpLRxAsgII1m2EQaUKYOTsCwLkG0bYaUkiLTDBqWFAEmSlZmOwCmEExzCsgxgWwQCMJIsIxvLYARWSqKRJkiDbZM4kGRJRaXUGjVKOFviEALAzjRjm1pLPLXWBBKU6GpBSoyktNMGEZKQElIEYZM2BnuahmmacGILRNgWrmi1Wh7bOm7KQx79UMzJ02emNtTorEwrhRvIMqB0GIdlZEFKDlsYsBVCGBOWZSQcANgBhGQjKwljgcGSU6QFBCBjbJARAlmWMCGk4DJbICQQSmVKkuQEQEYEko1lEoMFYckyCgvZsrCMLAsjoZKCsAWQwkiShcO2oUiAQCITZBIrkQAlihCRGAA5HYYAWUghB2BkZIMAyQCyAJkmA9gCY0tItlEajAwgcChWw3pjc4Hiwz/mo5U+fvqa9TiUKhOZiZK0kyKVWmotXa1FBZEonWkSywaVKJnTNDTDOA3pDClba9mI4mYhCBcwipJp4zRKG4NtwkZSSDgDyEAIB8g4ZYBIUrKM0gZjhA2ZaQcSwlLYNJGohdUwFjhMpGREphUIQ1jYFgqlHcbGSGAbBAKQJMsAtlEI0mAQ2DiNBGRagE3KKEOkmxI7sQxhYYywZVuSTSoIN0ACUjKpUiQpsEQ6AdHIlDMAk5IsSAwBgZ0SCIEyJWylU7IIyUKS5FAYMkw4cRgEZJIhESoZIGFLYCchpDQKJ4gQgRBhAoAEkaQgAQwKhCRLSFIDka4lBEkrpZZSSKXJRGSa1pw5DeOqTS1UoiiiKEQiR0jYmDEbLTOdyZTTNDUjnE5jHFKJWV9rV4NSapVk2zC1qeHAESqKUotxUUiBMJKxTWYETmdrJH3Xd10fUISQMwlKCFxqUY2QSq1CtotKqEC2qblNshKHEAKlsSwFyGStJSKcDOMoaT6rXelq15USdmbKjmzZSKGicIADIhRRu9JVlTBIwrZkVRnViAiFo4QAG6TASIKMkNRam6a2HtbN9uSQau2kEEoQpA1CoRB4nIYpxyhFUWQsJNkgKYrQlE7nOE3ZWrOilFqiRA0FMnIQU/OULQIVIdvZmq2IoEiEVFRrqaWLQAoUpVSLbDkM03oc1uM0Tq0gu03NsqKo72rtO5UqG0Waya3llGApcwJltkxnZk7ZWsuJGtVWOkFRZAwqpdQIt9ZaNlpiBcYJoUjbmU5CIQF2AEJKspHZ7IYtRILw1JrTaQMt0yQoZCEUgGyDE0NAJCQmQoFEaxIWBDZFXGYEGCDFFaKYkJDAEpYQiQwIFFJTBFhSigCUToMMzSIUlowxKEzYkDKRwsaRUsrGSMWAsQxQZCdkCowllFZi7BA2sgEHtrIFAeYySRhEJhI2pJ12mMDGshKbAIzAYKUtImwEoMCA0jZGiOIABULYCFlK4YacFoCdpFMIYVtCKVBAGiQU4n5pUhhCJq200yZw2oAVgARKhAzIEsiShISFMi2QAKUjYnKWkHHagWwTihK1C6MIZcsEFJIoUbqqiCJsZ7oQhnSzUwgIIxcw2JYIbGGlLLCxsQRCAEgWkCAkknRYTgDLJosi7UjJSDIhgYWACKWVFqQCEuE0YWcSkRHpSFIyNkgQqRBGBsIgAEOkIwErEmTSCCyTssAAMhC2LRRgsLEESAIrQVyhRAIQgCRSRgZssCVJXCaHIi27CQpEGIQspDRCQgqDwShxmkBOZ0oGmcQYECmELUmSUaECSECIUhAmwFgl04ndWoqIkhaSTZRSo0YEtpPa1VpricqU62HIbLIVRFcVRIRKlBLZchonWgsghIwkyZZbZmattfSdBFKp3dimUkv2s8/77E89uLh//U03LVdrZUmniKIMWxE4LCwXkghLQkIW2IZAKWGEsGUDQgYZpSynUBpQA5EIp0yEkKCA7AQlEhKyMJCSASktAIyAMAaDIbEUmDQhEEJyWhGWjRBY4EaDlHFgYSvBMhgjCewAzGVSGgE2gAmMMTKXKUCSHM0YMIENNkgAVtjIoERAs42FQUZYtgFxvxSRIZPQjIScYQNYISSFpEBEQF/r0eHB9TdcT/K+H/x+UbpSqt1CRiaZ2pS2yWzNOTnblBkKMjPtzExLypamISRqia7voxZEIWwLVGQZuSRkWkYuyiAlhUE4ZGSDAcuWlAbjBIdAsrFDMqSCIgmlkLGsQE7LTtm2JCwywyEMMsYSYYpxcD9bRpIRSKRADjBYAmzLAEI2RiHjRIoiAQlgSZEgBzJBQAFbxkVCCiuxZCuFQoAyMKCISDslgywMNiLTaaWEHcggywTIyBAJolEAUk4IjGwbgWxLImQwxoBsY9yMDbKFEDaGQCnLJIkwAouQZBsTpBWWsUkDYTKVEiEnEBbYWODmDBtsAIfSgG0gUzRStppbmimNglIiJ6elKvDUmk0plaJMRZTAObVxnMaphYRcABGGKImdGVYIN5OkW2YTwmBKCYxK2FCICJKJyXJLpyeLUEStXa1ptxwooQjZKZCMx8yudBKZNiZpLadxSmdLWwmutYtQ2s2TpMxMJ3YIFApRVCISSq0JGEVJgiQRSpVaauA2thGsUNhtzGSSM03Ibi2krtRSaulKoMg0hEy6OUOUqCDssaVbJkgt0lhYBitdCi0b6RKSwjhbSrhltklpiChFCEVXay0lkEFkYuNxnNbLo2m17rpaui4ECQIjAZKRZDtUW7pNsnHabWrTOhRjkzPbNLU2NVqbpjZNCLKRhgypRCmldorEigg7ndmc6fXR+tLubhJKppyCkuk2NbtJEChKrbX2nQLh9LgehhIlk/QkVCNMkln7GrVItCnbOLWWrTUk222a7EynabadLhEoMy1FV/soEUEbxzaNbs1JEAqVEMggyEysFLKRmiQhEbhJGVIgaCAjCUuWjCEFwpAGBFIg2RbOBECJUIJkg2QZy0rbYQnCOKw0sgiBZYukySYBhVDiFCBLFCeyCCwMxm4SBEpF2mkIWVgEGFkCgbCEBJmACVmRRpacDgABSoVMGgIjRUpCQuAACSzJlgQEQhgJETSDEQoiZSFsg40tJEABsgKlopgiOUREgEwJYWTZICFjAAOkQQAyFpalQLJclASAZNuAMTJIsk3aNjZCyA1LiWgJoVIwXddPUxJFLUOllCKrRslm21EUJWR3NcDTNNFaNrdsCpUok8ls6UCRNCAl204yJaVJRTFCJknbMhiwbNsY2djGmXaAHCjAMuAwJrCcYKjCYIFRkE1k2GSxISBs2xYCF1s2KRNGCYgUthBBGBBBCslBSuC0sJAcFjgkkwJSRoIEBLIQAEKyZWS5GGELIBAWWI5QIhk7wEIgO8EygG0kUEi2lJYEyBLIVtqShJDBAgUGSZJt2bYE2LIFKdkYbNtGFrJswNmwcnRgxqm1bNkmp1tiIwWyMMaWCKl2BZNOO4kohMHQxqEN0zRNOWUQbpYdEUm2NImbhY1LiX7W1dIRQkAEpStxOCy3t08vDw8/5/O+aOvEMZOSUylVGxOW0pgUlmnGNtlwM7YgjLGbJATYwrLBQsjCQkjCYRDCIJwoA9tYAikJWQ7Z2MYmMEgIkDDpRLZNggwG2RgbWZbTTjewpLTDQpIRNpZkyUASjSJjy4JEQFoYA8JCgMAJAWpBSpgAbBssKYWUIXFZhmREAAohO2TjdMgyoRBCAJJFKgwyJBJyADIQEMhYhEOADUiy07YtGwsVujLr67z/rm/77uXqaOvYifXQxqk1t6RFiSpBKAoEUu0iSkSJEhEhMqeplRCUUrvaVVCoYLX0lJNsoI0NIqFhhWQgkmLCiQUQCDnSAiMJWxISIYxBDSSZlE0onaRlEoMIIUvYQDhMEKQCY0vCAAhbMgoQFoLAsgESgwGwRYBsZIwQDoxDgRMBKdyMoCAA2ZAWIBAiQQVMGgwSCJGWI40hgTA47UC4QCQ2mEBISMZkyCDkAOwwGGGlbClBDpCVUjokMDIKnCAssMFGAmxJhGUEGEIJwogAS5INxjQMBlLhqBilCFISdlhGmdghY2MpQAbJkZIkLEt2AbAM2Gk1jFTsRkvZdrQpDX3XdaU6wZnOtItKy5Y5NuNwqUWFaWpHh8uxGUia02DLtqfJKU+2oJYaJVQD2TbQWmtOTJuaMY3M7Gp03SxK2Li19TjJnpqR0k4bN6BEzGufptl2CxChIoQUIUNIShtwa8I4QADCcljNzWMO4+ipTdOkTNWQPY1jc4Mcp+acpmFSRF8qLafWiAiZJiKikibdsDOnaRrdjHHKbZqmRohUSzUmcppaFqtUlVCawPbUwiWk9NQQjSknJEmSEk+tIUg3MgJngoUzc5qmFGBTSGhT3/fzjY1+MRcKCZCUaRVSFkgiyGwos9k5urUxG4EdaZdiUESRii0pbEhbJC5RIkrf1a6EhZuzZUpIJSKijjmul6sQGQZHjb1Ll85fOF+ihmqbpnEaWxtbS4JSIqJEiXQWORwOnOlMIlrLkIpCQe2qFCanYWo5qUaJIhGlq6XWWgslIkpIJRQZRVJRKaVUCFVcAmyDLJEAJZGMFc4MAzI0FELYCCGnsYVoQEoSBqxAAtsITCYiE0TYlsAEglDKaQCKkYQSMBakA4PAkMKEheXAGERYATLYJEIEKVAICYQxkoQiwNgGUIJwYAMGk8JEhBEYC2FDUjFClpzC4IggQwpSkMayCQMCMEYAshAABmwZgY3lkMBGFpIwKDGWsZzKkC2Mw+AEpWxLciIphU1BFnYalGAbI2RhGWNkYZFCiUMIbIQD2ymMJZDAShxBoJANkJZsZ5JyG6fJnkgpSgmpJI4oTgSZKZAJAjDNlpPMJrIqyCbTEkCySakQ2AFgS9ihcEiBwA0pUQqLBCkwCtkSIEtSYhzNtozJQEKJsISQAAoEkmmALDskEYAxAkEYO0TIMoGtJG0jBHJgAy5yw0iyLCjGGBtJWJJtnMjCtu0EISe2hNJAFlvClrAzsRKUmcIJIQMmLZCaBTaKkIRlmUgLDBgVEiEQMoYmI2QAEbIMgGXAgLEkkAksYWEipXTahBEqGKsZwIpUCRFFBTsAqUaRhQhQCDudikhn5mSQESVqV7oKsptJokQp2FJIbs4QloKwmca0bWMDVo3MPHXiWgev9qqvCDq5fbxNtptCKCUuEyTGYCkExgojGaWFJCnCtmyLMFgGOw0gyUqMlUaOAGOEkUEphTFGQCq5LCzZgIyw07YcEikJhZSSZVkiUAqIlFAIYRAGsBPJAsKgxCCwsCUVyyZEgoyNBImMIQwKyeCCZAvZFiELGQKskEAgyRgsI2NjZAeSAAGyMUZgJwZM2kKyTcqWAGxhEAKrIQALy4KQTArRbMvjen3j9TeC3/1d3xUk0c1mkUVSGgmDnQZb2awIqWQ2jErBzszMxpROC9nZWjOOICLSloTTEA6MwSRGmBCWwXY6CBJLwshggwxhJQoBVgqBjSBIkEEggySlrHRIkbYFAmwjsCJtYRvbwtjIaVkCBADCTmGbQLaNBJYyhWyLsGVkLGwyScBGljDYgNMYGyFZxoRDkITAwiEENjYFZVg0KSVwSMZg8QA2GCQZhAgUBlKWwwhZIBCAwcYWTsiwRBYJICRIsAxIwhghhNKSwA4JCwKDhYSxrZRMihAiUyIRdmAjGxsJAciyE0kJLcAABKACEaQjIroafR/RAVJrrQ3DehiGKRu2kMCysJNaI1ANldKVrs76PgrTME5TlkCKUEm3YRza1OSWeGpjpnNKp0WppQSUUqY2TW60VJEUbs42Kh2hKFXGUo0i5zQM4K70ociWU7Z0ZtpmGCeTMiJCCoXwNLVsDdsSjtbGbM2Z2TJbOjIQso1qKRGllnBMmRGKUsKSlC2jYpTYESEy04qooWAcW05TIJWiiFBBsqRwlFKiZKYk27JKrSVKZpOMiiIqpBQOF8ISLROTjk4gS1ZTKRIYW2kkGUAtRwytKcrUJtuBk6lEtDROY4kk01aqUFww5NS6UjGlRGZD6lQQUstsEUUSSimTCIWKAaBEAbu1YSREZkYpsgKUOcpkk+L48WNTG0mFCpld30tKp6Crtdk4JXsiSijsNGEoCJIkZMs4NGWLjFBIReFwzWJPVgQ2ICSRMExrgUqndMsUKsU1iu0IbEsAOAEUSgMiRYAJ2TYEQtgYBEgQGJM4DMKYkB1kSiDsFlkSAAuBEQlgGQGyBYCNSBQyEJIBI8lYRgLbBmEFNsbChGzLWAo7ATASCSFsGzACyxAgk8IOYUiFnBkKY9k2CnBgW5ZSaSRkRYAjSRnjFrKRFGkHGNsRpIUS1HAYCwsMgJGUWASYMBbYkmxJTgssIRtILGEHNIQgSSSRNoTSlpHkhCIgjNMIIQxIogmQCJMgQGCMEBYyKQmnAVKWITEm5Gl0FJRFtQWFig1pYYTVcooImYjIlmkbsEuUEGnjlEIlal8QbgCZlsKkFKQJnACSnWlVSFAhU0IGRSjTUoCMwbISh8IYC2NJhJ0gKS3ZCGERAKQCrJRlAIwQAkxiCSw5U0gmUCol2RYYGQVuishE6ZCx0ggsjEVgQwBOg5CNZAtkhFKoZNhp2xiQhWzJRgCykWQhLnMIjGwLJCQ7kYSFkTItCQOkEBRkbAADyDi4TDISlg1YkDZGlkCSAhtDOmSZTENrU7iEAZnE0TwFhTB2BpUCth0BRipgKwEwIIhSwVjI6SylosQYgUMSWKSyZeskuzXkbPtH+6dPb/7u7/7mP/z9E6654frlNKmEnMbCaYUTbIkrnAYcEoQMskRLgQVKhG2jsICQCDAoZaVSCNkWMihQYpRuRUoZEAbLARgjJZYNQsJpQmGSTCJIwoI0ksEGLEsYyeaKIJsRyIEQOFBD2BgCwCmwIrANAQaTspAFFjYANkZgScZhMC6QQApJMnbKEJAGgREYgcECg5RITkmkHcYKYxlSkoC0BSBIERghY5MyGYDAzompenNr6yd/6mfW43Ln2MmDvQslulDJbE1ymyRBUWRRtKm11qSiCOyoYSMcXUfaMs0hQoGCTOGIAJRYDsJkoaaaERghg1HYBhC2EImwDWFhkAEjGYQMTkuykMEhOa0iDDYQUibIhMIYOSUQSlsBNsiAbUtKZRAYSQmghAjbclphC8JuCIVsYyGwEM+kBhICQxDITgNhUZwpQZgM2yHbAiHkFDQcUmJJ0dyCsAJbYCFk2Yi0DZFypFDiMAZDECITpwELhWQsCUjZWUympTAQYAthG8kYBBYyNgSo4ASBjLHBQgbskk4REmChxCFMAMayBMZCaUsQCQnYtu0xPTmbJ09RAilIC6jzGS09takUolS3NDgpUSyHgqLm1uGU+9kMkmaVolA1zZktQxHIUoREQRaEisXUJqdJS4EhUhG0dERLtzZ1s+pUhFBoJoyi2J6myXiapnTOF4uiaC2dTXazFWRiESW6LhCB0jiNsbCRHCpORJNKrU7IqZWuk5qEhCFJJIhQGKeRsA04m6KgKKGWloqQzJSTVIi0QUo7hO1SwplpyNYyp1ZqyDiMooTM1NLZpKAGkM3NaaexJBG1n/VdlChSwZFy38362UyhZmqoRlHUnNo4Tm2cAJlsnlrKYCkoEQERoRqllpAIoUACULFprY1tGsdpSgCHkJAgWmZmq10VkS2nqdmohGpJIQOezfrazyIiotptmtrx48ePb22PYxOkFCGrtHRCpjObPdmkU+HmtLOZVLpNoWg5tWw5TTk1YxzNmc6WBuyW2aaxrdfDMLU2DVNr2dxyas6WabtN6WY7TYYkoSCRhRSSwWBJYcAIjJDBJEJYQCAMRoBIkEMgOVJJCBSGBJAsISQDSAgSpQCDAaXSFjYGS8Z2A2ERGAVXCJBBQGKMKJLBgkxAMjaWREgpEgRyJjKFFAFpjCUUTgkTERIJEnIYaAILEA4iLdk4UdoSAbYwpIwDGywEICxJgAAMGFmWZcsSTglCsmWBkIyFbWFJAoIgLUmkrZDCtiTAxgCSZCxbckKAZWyEkcBGIBtKymE5sSUkBJYpAZDCkOmp2akEpUKGaUrhCABMy9ZaU0QpgYiIFBa2jZzOZtsJtQiIwHZBykS2hVJgpxTIlo1sYQoECYQkLDcjCMsC20Ygy5btBCyDnARhgJTTWBKSLJwyApxgAVCCQMZIgbGUOISNQDJGMigMChEAFgYjDAI7BbJkCSslhMCWCFKWIWUDQoSEsYQgZAQ4BHLYIoxaYCxJSRiSNAgwoZQhJFBKyGEDTgQE2Ba2wAJhI4xlCQuLUEBIEjid5jJLJIoonUxKY2Mcx5atZaYIFUVIJEkzkJnjOLUpnbaz1k4mLQsRTpcStRS7tZbZsnmapmYpQpZatqYEGWynMaUQ4zicOHEtxBu+0ZtHRCk9pJyWbNyKsRVWBEICIHBBRpIlG7V0yEgAISQpMAhhsG0bSSCUYYMFlsEQCiAASGQsOeWSkgHSSkAoACtC0CShwIZM2ZYQKQchCuYKC4QkpIBQOFKQkhJLKUkBCFBACMBYOIwBIZMk4AQksBQkyLYTGwdKWQg5sNIgLGSMkKTA2LaFAROSCVsCY8ACWUBCGNKigOQAE8YCh9OAHGCUxqjUWC1Xx8+cBj7uYz9OUQjVLqyMUClRIkjsZmMYxymzRQApSVFk55Rtaq1N09gsImRQmhIgCEAiJAtb6ZGUbIwNCIFBEmFjC8lIipCFhUFSYAgSQypkCIHSNDsFRsJYYEAYlFhGyCQYCKUNgQBEKIQKShsZhBBIYEmpwEjgjBAIDEICIS6TAIQEWIBtAEmhDJOAEQm2IpEISwYsJQg5DGClkBEGCQmBrSQASQVZBtIWGAkEJlMgCYkAjCVjZaKUwkghnIAMGJCFQEhYBhIRYOQ0EgYLIYlADmFFSkgYkCwiESATACYBECIQEJJTiFJCQKh0tZtVBWmmNiVEhFDapUStRZAJIYUyp8wEJbbBJGSz3QyqlYBMS4BCtSul60LYtNZIRxRjpS23dGtDKEpXohRZRiYroWBKZ06AsSw3FEKMbWwtI6KUim2nZSKMAYGxglCJCEwiIJ0ZjoiQnLawc3LazVaEXNTcKHRdseTWSFdF13dCmbabjBQkrbWpGSeKWsLONJYpEYFNIkSUzomTIkk4Tah2BUhySgICLBElUDgIW4pMZ5tSJuSW0zTlNCmVJLLCgUKxbm21Gto0GqKUWks/7/uu1K4iWWHsTAfIMlObmhuiJeM4Ta0FIgEroitFBM7AJaILlVICOTOnsU0TGGQ346i1n80gwxJgQlJELRXshkzUWmsphZQkp8kpnRluIkVGKBSldJgIQQBRqDVASBK1loiIEEWtZZvWYOxUCimKHRGaz2azrndzy6kUSqmkjXGqqJaSiRwmDU5FRAA4jQkhDAiBrQARGIPTAkUAsiwkDCArLScCBNhOocBgAzJpy9g2EFjGEhnGJiXSCCdggxRgSBKs5DKDpZAlJIcg3SwSKaUQNihkDGmMwaSxJCElsi1jDCBbYUs4bRHY2KTAMgmQgNXCmDDIQjYJFg4ICRIhI2wbI+MkTUo2hEwg4yJhYyErjUBgQ0oGAYFtA9gEgBWhtDEIgAxAAoxBVmBk2yoJCpBImxIytmRSli0CbCWADFKmBCSmSFKkIySIwAYyW7NQhEqttdaIMo7j2DIkDGknxlKoymlbISAAN8tO2ZKNLAiDFE2hTBFBEig0CTnSGFtCCgFgYSGHuawEAoSUxpJIJUpJoECABAYFYAxhAicKQzrBYBNSEIBCSsAZCOPEBoOFLMlWgAQ4lcgmAJM4LECkJRlbaQwgy1gQxpJkG8gUGGHZFjidgBJJkiVSEAQYANkSOBFGTknGshWJJEGEQBhAQAGMhIxwCBEWRlhYQrIFYAcJYSK6UrsSVSoluho1HFI60xZRJKO0hR2yiChgI4WKQmGpSMpMStQSFkyOKKTHNk1tdEunW2YUCVyVtoNsNnzNV331sB5vuPnmNk04jJ0IUQgJLGwQiSSDEmQ7ZSMj2XbYACbDRkiCjCBlgZxKQFYL4wBbsgDIQMaysZHSEmpqRgghEIgUgDNTsiwS25KQJNuEwxjSAgIrkMCygcA4FEbCxk5jcIIRtnGCjVCKFAQyIcshhCwBhGwCAAc4IEkMWGAwIJBJCxvbCUIKsBAIY0BgIcLClg1AQBok2wIiQVioyUoXSTYObAUWNLfSFzk2tre/4eu/KfH2zunVONbag8dxmtKqERFCbWol1NXOBoyd6TFzypyGaRw9TWObppbT1NLgRFJmA5rTWFgCdQobAGFkgQxOlBYh28iknQkoMBgsQSoAJKOUbVOw7DCWsQoycgowgZCRRTgw2LaQwQCSsdO2EMJKWZaEncImMoWNJJOSMJIkLBkDAQZZAAhZDQUWCmHLIUmBQeEAwrbAFkAaBJAIQk0QgASIBGSEZIB0IpAs2YRADhKDZGRCgBGysZRWQBBpcFqSjBESNiUFIIQUkkLGSE4jDJJtGQAhbIkkIYUkAEkCIaNECMIgnDY2qCVygpwglVLkbM1pAZLSHsdpHIaWrbWJZjAYEyhUJWyHHUKhlq21HIcpMxEhRQlwDZWoQhKWwBJGmZlTm9xEKbWUvo8QqJYClgiUShSRHlsbW2s5QdYStklqFIlSyqzrs2VmKi2cTuNpnFpLiMy2XC7X67VzmqYpW2NsyJlurU3DCC7qQgV5Glo43HJYT9PY3FIRCiUMw7plKxJWs0kL19rVkBFgByKcVoiwFKHASuOmCBWm1tKyU1IpBctpyRGBFIkEJTRNrU1tbJOxCTeTWFaAYnLSLCTLmelWnCTjMGV6msb1OGQ2WxKynaMUtRZsQYPWHEQo5CanEBGlBsKZ4ziatIgotYQUAQhJVkRIAjvTIUmEiAjJ2RIJVEsVAlu2MpAzp2aJEkWK0pWoNbpSSy0lbEcpESolnJnZaoSt1lq2FCVtpFoqkJmIiFpLV2ut0YGxo1MURYkooShSWESEojidVijskGTAFSMyLZAtEbLTgACABCNjBEgBkrGBsABbCIeMTMiSwA4TCEsyQs5wIGMUQjZWSGCBI1FYkkiFsGRZEkgSSEnIQADpRBAgI4WEFYJIbMtpGwk7hGQkAmRDysLIJgQIOXCGAARWAkaQAuOwLBmEXJAcFpLT2JawjMgkQiYlSw4BxpIlRIIykTEQtrEQNhY2JAg5TBiQjQCMw0obYxsZ25AkljFOJCwbkQZCslOQxgIstWZJmJASEEIQlkgbyxBpQBRRwqKrKjVKCSIgI0LOFEYt29QadkSEEXKmjUlJYKEIIgTgBhCiCEuggDAYkDOMJWyQQVaYBgKBbEm2RQojbCxwikxbCDCRAiRLGZa5LHEjkayQJAlZNBFSIxGSMIg0NkCCg5BkUBCAAAw2xoAFliURyhC2jKWwSIMCZIEcEoTtMJKRZWwQgR0BBhsjbCJCkJKxMQgBBghhybJtJMDGwgIsQThNSgawhLBJGkbCtu2QEzvBpAGDbYskA8vCnjLb6EyZ6AuZYyPt5oabM9PNQs4IRa1hcppatmmcIItoNkmRwFJxemqTLFdJTK2FFA4wdoQCKcKj66wuV+ut7WO11E/85E+azbQaJkiwLZBpdnMaGwuwAkMYAIyFEYFSICMAHEYkGCtoKME2ZABEBLKMJQMCo7SQU5LACFkWAQKQkcEWl0kBGAsrwNjGCiMZDIQARNqJRSKLlERLQ2KTAiRACIyAkJFEUFJOYRNOMLaMw7aME8mACQvbyDIyGNkg0jZIOCQQYVkOkCywsSVkgQwGCQMYEBEpLOFwgmUwjlRKCJBAkhGSZDu9XB1de801wDd949c2k9OYbbIVELJtJIWthAgkKaJEURFdrbXral/6eXR9X2rNBNIgZBwBIOSUkI2wQZIxCAAjo7ARMiEFIIwwToUkIyPZiW3SdlgOgQMJCWNhgY0sUnISBmMjkGWhCGxkB2kZSTiFEiyDjA0iIK2whG0LYVsJwjhtIdwExthYtmyFDSC7JUgYK8HCAmwEFmEbJNkChJEzLFlgA0kIEoHkdBBICCwcUiIsS2CwMdiYwNgAFjKgNJakBAJhkYRIJaQQJu00IDAAtjJlSSkZK7MpsWUFkrGTyyxILAESAGGMEApZkqzANgZamzJTuEqlqIsoCuGxjQIIBxilJRKrYCTJKsYiRJRaVAIAp3Oc2jgOw9QUYdymSYbJ2K211iabcAgXlUKQabulh3EEQuGWZCpCttKRtHQC9thG27UWYGoNkaZlZlqSMRGlhAA7VCSBsrl0fe1nmWQ2SV2tESXdiADsBKcJBC4RobA9rkcSjIISJRQWiIiQkI3TdiES5TSRTbbJFIkAiaDIClkIZFukDVYgEIFtj2MD177vayelMwGVUqP0tSslBASko5Za6jQZxWw+6xZzhbI1j601p9PNGEUJKaSwBDWir1URrTUpFJE4W2stsadpai0jSo3OdloZaq1N41hKqbUaAkWpDkkYbEVUlwgURVFksjkxijBM4+S0Mt1c+64UuaWniRQgq+E2jtMwGpcoEM12uqgolDm5Zbqlp8kZRFe7rtYoapluDYFF4ubWMjMVKpJQm5pNiSglFGGnkTA0ABNhCdtJWonTYWMnChkQghAYYWFkrrBQJtHSAkilGyDkxHYaSVhhWxISlgySEwtwBCESZFs4lVYYcIJJgQWWwQgRYCcYy4lBaVJCRIRkAwILKzC27QgcximHpAQpjSzCBoSEhSQgZCHLcqBASrBsWThR4AgZFyARSixC2MggCwEGIYlAacvCGGTZQiSAlLIoiCsEyEKSMQKHkBW2ZAsBKCBkYyNZIcB2IIFACRKOgtKSbYclJZgQAgkpsSwJDLbtKacpW2PKnNYtKIqIGpEgWptaaxJd7VQ0TS3TQEglQpKdQLYEJwYkZIAELEgQ0CS5IckyBGRJWREpkZItp4XSMpItAmOHEMbYIkSxcaI0makUKQsKthzY2AaQw9gGAQgJIEjLgA0o0yAysUwKARAYKcAYRwK2EgiQZHOZZWGZAGxFSqRAYKVtsJW200YYZIwlG6QAKNgibZBtnCA7CCEJpwDJmShkIC1sW2BAciILIZxWROBExSAEgEEgpQkXHIBQLYoopUQRWaSQs41uUypqRAnCVopQKVEsJGQUgEgL0jSSZrsFgEqNEpHNRRKOUESnKDZSYNWqNo6BS+k/7dM/ZRiG42euiWIbnAFgEA5BhhWQiS07LRnkgDR22oQkECCLtIwC4fQkJDmCkBDGSYJlUkY2CCTLYEKyQRYAKIUwIYGwQYCdYGcChGQJgUU2G2wwwkgIY6TEhIEIAEkghSKxjAGwlGBjkpQjDNjChGwLpbjCRsIhSwhBEAKDQAABAgtACHACtkGkQAZjICRj2YQkOTAGhy1sJUJYEpJknLZRGgMYMIpqEmwFXXz8x30ymZtbO9M0hShdrygRISeOTOwJVGttDadbaxGKEDBNGaVElFAJSYQEAAFIEBgjkLFtJAQoABMyIIwy7WYhAiRJCVhYxjKEhITAMjQZG5AQto1NyATpIC2QgMQQYKdDGBLA2EY2SEIIwACtoQBIBLJsA4SVVggiIxUCA1CkNIlMkMjIIYENJGHSAkniMicYkQYLQNjFCBlLgE0KKW0AEsvGsuxwWLbsxEYYECTICSJIYSmNnAqUSFhYBjmMA2SFnWAhkcZYlgApAuMMW8ggBLLSOEFYFoBJLGyyOZFJWwQYkE1KASADNSJK7Ut1kSzj5iy172fzKAUnaZWwZEw6G4mxcctmtywRXSkllK2FoRmnkO3WxiDSIKXIbCYjSu2rQqTSmbSEkDMzQs7WWouQokyt1a4rXaVENk/DEFG60pkgIqLYWaM4c5rG1qZSakTUUiQAQamazWZSRCFzBEpEKVG6UmoowqZNTYqQLHcRta9RK6g5UdSulC4gxiltIyMUyrRBESZU5JCCCBnbxkGzJJAgZYojotRSi2SlQZYcrWVmCrXW7OxqwZSu4KIAwG4WERKWhA2kM1vLJnDQFwlFlNJ3XS21FsTUkgQ8TUnQMqcpm9NIAiNFKCJC8rAeMicBZLrZNCdTNmdmjjl5arabHUKoTZNbk8Dplk2QMhIhGxsApmxRlChzzCmNbEcpNjYtFQYpkRClhFDaEEW11IhiMAEqEVELdgqDcDqhqGAbgYQzRJRihUpEpJ2ZmdMoKDZSRMWUgsgISRaCQKFEQgUA27axbRukBEmSZYFxBJbDCUiBUGKFkAiMUwKHAOykGQHGGOxMY0tOIRy4mAQgZFDatiwE2EI2l0lYAjklZGEyjSVIK2RhC8IyxmETISVYBgdpZ4KcBhvAWCaFLcBgY2eksW1hkZiwTdJkkcgyBhQgIystJCED2EqESWEBWGGDkJQKY6cxEqkUIIwNSEJAyg5hhEHY2E7hELaxwcgGA8KAkY0zZAEm0lamodm2MBKkbQApwhmllFIikmwKG0nKlpOcSUghAc1WSMIkaQkkCSlsShSQJMBJ2ggh2zZIxoIMYSwbnChlAcok0ogMwJLAFhYKBDYBSGCEJSnIkERQUrIQVsiQQthgWWkBUoBEOo1Jg0GWJCcCZ0pclk5ZCRYmBQI7wkYRYIMzMZaQEmzLRkJOGTtlkFNCIBlLyCCBiwVuOE0miAxjSWEgjCItSKNQNjvsRClJiSWIkJFJDLKRaMIgEAYkOROcWEQoJAyWlcoEhEVaVjqR7LSJiG5WaldLCYUiip1umW4tWyiiBBFRiiIsyQYjtXRmpqhdV2oNhYKJnKbEQIZUSqRdCna2adrcOTZN4xd+wRerRHWdxmYIlFgghEwQSdqKMICFASNDQEEIjJETIRC2SdmBw07bCWknV4QlIIwtYeHECKS0BQJAMkk6QU4nSMa2EBJSCOHEssE2EBIIMEaWBQJsCWXYaQMCJGQssBCWLCxJpAIj2wkSlpyEaIAhMSHZSGDbNknDyFgY2YBBKCXbYByyQUpMJBgjlQAnoQLYdrMSpQGQbVkAKG2MhQiDJTkhHRTLaSKidrPlann6+JnVarW/e672G+PUhmFobQoiopRaUq5SRLgwjOM0jsM02WQSpSDZmVNrOUkRUSQSCykgkKwkW5OwJYUwaYBMwLZJAYaCKDJgIduSjQwIg8AGWRYSlgxKJZYthSQpARPCkk2mrRBgDEQLAEkWWCJlTKYQJCkhQhjZKYMTAxI2TcoUZCSkEyFwgkIGk4QtG5wIkBRNGCuNkJVYgZQmkGwEQrYjsQAsB4QBJNsCgWRbxihlQQQOkdjYEGCBLBMGLNnI2EqjEJc1BDIyhpBBWBISErYgbRFIBoQkSQAEkiAJZCUIhYwgioSRRcjITmfaKBOoFGA9JZGNdDJNbWrpdBvHQCVCCkObEiUEEnJItseW6TSknXbLzHRrDUIRIkIYRUTXdxFRSo3S1VIxNs50GCkURLi51Ki1qlQiolaVwBgkSQWZIAQRyJ7aOI6JWyYtbdXSATU6SQnKnFqmwvbYxggJ7GYshShYmVkCyQZKAU/ZnA6U2LaQRFEhwNkygXCkBSYkRYggFCGBkKCEIhSyU4GkKjV7GMextal5siVAmRlSYLVMY0GmJWdLCUUNcGa2cViv3TIUmTidmePUQrIbmRgjilTUMsfWMrN2QUgq3awqSokiYVtORVEJQ7plc5sySq1dX2ppmYgoqlFSUrrU4nEapnGaJuwxM6DWWmsnKTNtT8PYcnI67UwbgwrR970TTNROoTaNJaKl0ylRKhGKErO+c3oahmwtbRnbmRmSMeDECU5FkFZaCoWwSQMhRUQo0m6tFVNU7JBCRTYtXWoYpSDUnKFiEiSl0uIyiwQbQApkiRBYwgZnyhYYBGEFAkByWDaQYYFEpg3IIkQRlilGElJIlrBCQkrhQCiNAZAQNsZGStuBLOREJkUAIAQKISEFsjBgCVGEBXLaicFCTgtFoCaFwQLkAMk2hCWMHAEhLGEgQiKFIoQlCwkUsknhsEVEArawbQkkIYGQBBACSIwtGwR2OhwWhpAkA0i2AhlDgLBNGBlQKiQBEGnJALIUlm3kkAnLSClACEkCIxtZyAaahCJEwpBJgtSmMZ2GsCWiRFdKpgWkIiIiogsU2EBrCTIYpAKgsMKycEihwBaBCYOwJWFBGqVRyBZgGQOyjYwNBuwAQcqQttO2LWMCW2BjRRPItASBZBQYwCnhDCQZhRQikZ2SkEQgUCAhC9EChcOALADCSSIBFaMwSqNMYbAtLpNKyCBhQBgFkiXbRoQlAgkHCGgKbFKyJEiKJaHWIASOACwRADYgLrME2KLIARiEbZQIpCKQmkkkjEQQgSIosgE1wAiQpNomnJmtkc1SKRE1wsI2OU0e2+hGiSoJRZTSpqZQ7TpMm0ZnphHMSldrp4iqYuRsTptojjFbrbOv/KqvAK674cZxva5IIkEhgyUhJBRgjMAhECJACGGBsABUZCMUBAI7Q1KpQmFByGCAwBbIki0ykcFgy7LsBGRMgIRADmNCijAKzBUijAEHWAFSIBkBbtHSaSsUoBJEBYwNSbaWtiWkcBIypFFgRSikAjLYIQyBJAmJicvsRJZEpFBmSDayAYdIWYAAARbKRCkTiAjklpDGpCSZqEgihLEBIQAjWQHpkBAisQIHaQPY2TKnyZk7J3aAT/3UzxLUUmezmaTmbNM0jUlaUUA5pU0UlSgW2dJTkyhRESJKCIUgJLu1CRI7kCkhBGADGUoDkSICFEaElQJbWFiJZBtMghNAhOTEkQlIBlmKlEWmQZaMDLIMRaFQkpZRkOniBCxhqWBQCCJsoyBkjIVNqAgTRUjCAMWELALJEhI2ko0dgAThRDiEkZPMEAEWpCxLyAJJFoTSBigOQMi2wMLYGUYCIexUEQpZIElOBRCELOE0yBiTRsKgtCFA2E7bSAoHNFkIpwEDIDAWAGHZCBDYmdjGIDDCwg4oyIDCFhgVIYk0ZIkIKUKOECCBa8Q0Zpsa2UTWUkspKrI9TUaqtbedU05js1NOSSEkSpRSS0hJihJRm908CWpfu37elWI8TRNplShSlChdSLaUaWezcWujm9NCgcBTSztLqICxcKm1dn3iELUUonS1dFEyrb70fZfYNqSCMA0rgpxaa7UEVikFSShKiVBzs02UkJwtDFJEUUSo1Fr7rhonDMPQ2hTRlRJOo8RNCme2HNOecspp8tRsonQYZxqcnoZxPQzjNHrKIITdWgWczhQKSEARtXalVPA0NsC4hiKELYVNS7fWQlKVnaVGKYUoWC0zkEyoFMlTgouKFJNbG5szAVCJSHtqU7aGHZJwKdHVEhE2tVRbbWytNWiJSi1E19WulipEtrQQ4LQzM6eMEsgCMqc22QqR4WkaLXCmLRO1KBAoSppxnIZxmtrUDEGpYZG2wy0tyaGu9jXCMpBOZ0qBiCgY7CmztZYydrMUilBKljEBoqiUUgIkjB0SaGrOyemESGGwIEBYEAgngOzEwtiGIoyR0pZQWgassEwaYdlGiVVQ2galnA7SpLAtAylAspEFUgJGdoK5wikkMOGwU6QRhrAtG1sgEhnLKatJApwYG5MihIsClLaQHCZVjB3YGARKA6SwAZSZlhzYgLCRbNKWnQEkYGPbyHKCJSMlBNgEbk6E1YyQCQAJhFXARkjISmND2iFEA9kkBBI2WJokETKBZRLsLJJlDNgOQsgATiPkEFgSIElhC4yRDATkNKXsbIEAYzvdUEQpta8BpbVEBiMrpIhsaWeUsMEg44ZJG0CKcGBsjBHYWMJAgqxUgBRKwDYgCUtCSoXkkKCRYCUpkGVLSFgSBtsCWxZOGRsZAGHhRDKAE6thDGA3SwZAxrZsJCMpJCEplYkJMmVIkVhhG5wKbOEQGSEBYIAE04xkgUIBssCAUYQyLYMQIuXEFrblwJC2FZabyZDDyAhlkRMnpJQYjJVh22AwGAECWwkCTEJiO3EiLLBsYeMUtlKJsWUESpG2nR4zA2NILEIi6Up0URRqOU3DZGdOrRRJcmYJlYjMzDY1ZyPBgomEZkCW5Gnc2TwOfOZnfU6Z9V2ESxiDENgIbEQaZBAyRikBwtgGywYMSHImwpByJJawrMwEMAIZBLbBgDAgBUgJIMKRQAiDSAQYHCCEnYZssiwIrJQCQpaEJUCSUEgR1FqDcNKMnDElznAhIlApJaIAnhpiMkIBmMxmjAsSKLAAy2BjK5ySLUIEOA22hAw2CgIjWQIJDFhghZBlYwMWgpBsbCOljbABIQBkiSDBKQq2ESgASRZKbEmhQMrWVtPQdf23fee3AVvbJ9rYiiRsjJCkiCgBLkGUUqKEZHJsOY0tc5IUIaRszUpARCmBKBIRIIxkFJgghCVHhs1lFiQWKC0LZCMFWMIiCJG2Q8Kl2MZCSGkMEUJGacvCNkBzyhaSsSwFEEZKI2yEbCNbkCQAFhBOJwbbVkJDkrFDgCwEMrZkA2DAyJYAWRiDg7SNDZZskRgbAGdige1MOUUaAYY0UoSxLUwSgRNslACkhC0MCCNFipAkwtiWjARYIAsUBqthO8CyBUgBGBsAC0EY2QKTKJTYCGWaBGTLZDqF7ETIkJkyhKWIFBYGhQ2JQShCaulmUgzjeprGbFmkWqKUUHEpEbXUriRk4rRUQoHIbLYzLVqpUUrUUm1lm7K1KXNsU7aptQm7yW2ccshsOLONrU0t06XErHZENE/T1ARdKcWVCEQQaU/j2NrktJO0WxtbSysjolAkJGW2aWo5GQWW7VCJCAwRIJpKCaenaQKkdE6KgJI4p2zTOK7Xw7hubTISANGVosicgBIBYRFBqBiFUcO2UbbMNmVz5iREyKJEyYTMsTVnUiNlCCTjwIaGTWbLlliBbUmWLEQoiBLCCpqMQxFCJnGmp3SaFiE7kWpXS6kJOGnZWgMUKkUEToNtY7d0phUCMVkygeXECKcst7GVEDYhRZRaS5GTqTXIiCglaqmlVEVElK6WKAgzuZaulNrAZDqDyMSZrTVwidKVLijOSQZHqISEiSDtNo2ZLbMJCWzSzmxQ2jRZtlRrjag2LZ05yZQoOKf1mDk1jFuxELYNOCFqiSgoFMggkJGNbYMBgZCwxWWSwBgkJGRsDIAMCSIkC0kiMTRDYHA4wBFhCclWgABjCWPJljFyhAAhYUvGxmCBMLIEYGMLRAMRTllJYEdioZBDIYWwnJBOcJERiQGMrCQEINtCoVCCTdihgMQgSSTYBglbIMlgJEkAWICd4tkSCOTEGYDAacAGS2rGIQucdgDCERhSwWURmWCQkB1gJcKWTViSZFuS7LCwASQAhbGdsmRZxrYbAELYIIqCEpFECNLYCAVytubM1uxMB4oyZnMa01ratJbTOLXWQhSp1Bl22EDYJM6QsOx0gABLsgVAGIRSETiFwWkENpZty7YdhFSQlUKWAgOEADnCxrIkwFghVNRA2SKxEMi2ZTmMrMRCNAUg2whj2QDYchqQA6x0SMIAhBNshA3YtpGdBoNsIZBkSKUCO9MOGYHAiQQgJBtJEiAUSoFsZJFOQgbsMBJCxuEIHBYGUEjCYAIEyBaJBXLYgpAVIiRJIDUjG9LGzpZyWCk7M3EmEKWvXdQSaMxpmjLd3GzU9Z0DMCZANSw3pyQwYJNCYITJ1pxOLBtkW6a1aWhj9LMf/fEfW69XN95w43I9WCmBrJARDgAjwJJlQEIGY9lIaYxlo5SdIIxt2w6BArBcwBIyCpQAGDASstNYEkjCxiEiM4VFESBxWZIgWUYIQEgOAGwndhqnIS3sxJoybZqzKkqtddaVEqUIIk1rHsahDaMhICxJiQyhsIXsBOGUAQECKawAsG2DiYgiQE6BkayG05C2lWAEyJCWTSCUThsAOSwJYwhsZHAAgVJpN4EQzjQCLCNsAAOkbDfbRGnDdOa666ap3XHbM1RicrORVQiwkORsLe2WiQxMbWytCZcoUcIkjaRJMkKkExvT7HRKMtjCSQGnQs60ksBYwgpJICFsEuEEEEghQA4Ay04HsogEQiE57TQWhEEgE5KUYANgDLYJgaRExkICI5tAwiALoUCWCVLGFjZCak04ERbYQIIAYwDLiBRXCFJBIEngJozAkmULhSUcRMGSHDikVDhEZiYCAhslYaexQdgOQ2IkEMJSYNvYClDBAQZASiFwkBBG2AqHsGUnIESGjWzjRCmDCEmm2DJ2RIAREokMto2wjZFlky2czrCNsLEBZWKLzGyQzkYSpSDVUjM9TVObJlkRhSTbRCYC52QLQLKMa4iIUNQotZRSq800Tc5WVbquN0zDmGMbp5zaaGVIChESKbAkUkQUGdmkppxaphUSUVQlJFkpqRAObEkkSUQIqSAsY8CSpMAICUAqtExnE6jJVkQNqRSiltp1tesBt1RESCrRRelKlcKQ6ZRKV2utmUYOlFglospSFBnVGqV0tUaJEgpQKcUluhpEcUuBSqlFSFWKlg1cSw2DMwMIe0pbNmIaMxRRQlBEy+ZMQEIuRRAFqWWiZopoSVHmlKlADmCaJhHgdFOGpQYhSbEa1yWlWirhMfvaeeaWdk6CVCMdRUqwE4ptmQQLkNScpEO2kCLsZktWCZIaykYqna10PUhpUDrBEcVWppMxotRSkKG6jZmWMsHO2lc1Z6ZNyJKCsGyI8JTYKSJtsAQBkpsdTMqqbj2sFj4WKDNpYBtAIQy2bSQjsIQFthGkCNsoRFqmyQCCBAEWWBayMQZAliSTxsIBtkEQSZObJSDAFrIdAsI4QYSFLWFBswjL4XBYACiEZSyFnWE1LAuZlMOyCWhGgpAwiJRl2wKktIgkhQQILNtgUNBABgdkgE0ghLEtIdtGwliyCBAYkNMIFJGZxpICjDFNhMCSnWQ4MLYFCtkhGbW0hOwECRMhSDBXiLAQtkiniCSVkUJJisCkbIVsAwpsYSyTchgjMJKxyBaWKbZpOFQMtUi4tTY1whARNbORIBmHCCklN0cojbBpCKcBiwSBnahDmZZxyM4SYaBZgYUSWxHI6QhsFDYIsBSWMTYgMJKNZBKDZCvIjBJOK4RtkCVQOA0kkhAIHGEcRkDY2CiEBQgs2wQIo8RCCGxDpMAKpQFCAYAlGSTZiQQIbGFLToBAGNkgIdvYEmkFiWUFlxUlxkhYyLZCQVrKTFkIQ0iAbItwGoXDBRKFnCYCHMaQUkkQdkpBOoMIbEGRhBASXVQURRiwI8iUnQIR6sJpKzMbo1ubpFK7xFHkTPddaa3ZaYWcUlCiRrYUdmZiAhSY4myt5dbWcZPv/74fAEiBLAVS4LRJEZZNSE0OK6S0wUKWySCQZCwQKQfYAArJgjRhpa0wAssythUIMMhYCBnIVIQtSBlbERgpE5QgJQQWOAjhlGwwCAiRyCYgpCkTWt/1fe1LtJYax2F1tF6NqzZNQO3qYrGYzxcqUWLRWo5DG8ZViSKVIloSQQPSCmwchMOkhI1TDskOAjkBKJLTBHLJlBASIKS0sC2gyA0CNRCSjGURSE4kWeBAFiixEofCtgGBFbKFQQYwDoVBNiiw041YbPaIj/uEj/uhH/qRbK1FK6HEwOQsEylALTNbKzVFkbKUUkqMzTllqxmmOUsqTYJlAKmIMA2QM1VsF0iIELYJh+XItGQ5QZLTilBLhLENtgLLEDLYYBMAGBPSlAq3pEgGibRNiMQgpYiGZQsQAkTaAmQsbCuggRMJYSGEJRnCmShwAzUUgJCFTCrAgW0hCTAIJKUFxgjZSAaMQrIxBmG7oJZGYRFpAkuSwDISyJaEEXYEtuxQmGcKNyOsBCFoJgIhsCzLmJQCEGlhjANnIIwRAbYibGMhsAELFCLktA3YwWWSJGEbwAgZghANBInCCDAg0jYupRob1RIISlFMOU1QjCVUJAJHa5OlcKYUwpLtTOyc2pjOUkpIiiKawGQ2R4Qzu75PTEsi0lPpgkwrWmtJ2imrdAUzTkMQUSKTqU2Suq6axCDa5CkbzSVK0wQRRUQEkiWB3SbAJjMzEBFIQlbaVigLagBTNizb4ChdnfWeTNKiuVk1nJpyBAk7E0IZJoWQQyWdZIhEpQRShDONM6fWIlxLFGrgNArZtHFwVTG1KFCkbBFSJsKQIoQtKSKKBQACq4pWFFZLpzJKiVKUNgSl2U5HsQGEUQ3slpOTvu9F2K6iOQmVrvaTp3EqyFLKbmNiNaVdQiIQopi0TIMSEThMS0MayY7I1jKNVGqEJCIzqxQRACJs2UYKySCawQ4pIZAnpkqxxlwXSlernUpPZpqazJQ5qzVt5IRARq1NNqWGUgYniS2FyHAzJNM0FEkiw4RUIjMgrWKnQIpmbIQlAWkjhI3TBMICWwocMhmWwULGWEbCFhgDaSQsAinTRILCiSWRKEgQsoydloQtydhgIUk2AYmEsS3ZIAsAsI1oRsayAIFJpLQUxkGmkAVhbJBCCdiSCDA2hrBsWxYGQAQ2MhhLssFSYBsAASmhlAUCIAkpbdvGothJgUQgC4GRXCwjhY0gsRC2AWEASRLGTiSMCpGkDDYANhJOwLJsJIEJbAqZtiTsDJFIIFkWsi1wSooUWBlGlNqBUhlOCJWSzjZNXT9T0IYWksIGEEYgkIRkghTIEkASERJ24ARECtkojDMJYSGngQIpkCHApJBtCJQ4khQBIJOJ5IQAlDZ2SM6UZEuyIBEIrIAEmzCAsAGErbAhhLFBCCwLwJacGRGywQjAQtCMEMZCpEIAJklQINtCyCIslDaINLKQESDJ4JDSUhgUSHazJEk4QVgWGNlSAOAIgeSWUeQkIcBCSSInFCttAciqyEpbKDAIZFJpkDONpDCgJESmkKA1o8zmEiolMq0iW2TYWWuPLCvd0nIapoiAYmciZKRpIrOBpKTJNZw4p1TLpPSz8/fetX9w6eTpU6vl0sZkKGwjOYg0ChJHM0GmwBBpAMlGGKOIVIaFASQ7EbYC7IwgLQlsSxLCCAMJyABYAAYsFZESALaMw2HZIWERkG52IVE0W1hgkDRlC6vr+o2NxTiszp09vzo6wqZILQ1AqR3yOI5He/sGEVaWOjt+8tSxY8dxW6/G1kaJaXKUAnZaCGQbAQgjg0AWtqSUSQtZCIhImyBBhjQUKxFujsCABImKnJZI24ANFliBU4CdyJlIWMIgEsI4RNogWSYpoUmhtEpkeliv+/n8V3/lV2xtbh1bLg+IDsmZEUKqhMMijEWUilRCkUa2sGl2tUg77KoiCwGApshIGSJI4wxsCScUYwunQrJSQsISZCIlSJa5TDJgCRMmCxjbGBlHkA6BkDECSQgZy5KwLMkJQnIaAtk2EWQi2UIWSqHEQVohjLAlQwosjEkbBBhLYAFIwgYUsgGQZaFME0UYI+y0kWUhI5zFWKQVpFBDgjSBDQIkIEEg26ksYFASgsANZBlJzkQRTkuJlWE7BEoQEgIwCBljQjQrZUhRpEwsRFgkDstKYYSQSBPCBmwEBsAAso2EDcIpAEIC1ahRu5wSskCabM3jWGottcspW2sGSW4gy8rMpihVtpszFM60SbdpGp2dgogaCsi0IwqyVJwtFKnANhHGKpIiSqDWlJ7Ikm5BKAKSQITdLLVMjHG6RYRdVEK0bAmloEwbObOUkNJphxQxjq1KxSWVOYEkFEgKg5MkbWdmX6OkBhqJWxozWlFkkKLIqXEYS9RMi4wI0zB2tnQNpQSTFAC0UEQIJKxSI1NBm1ramkBRUyaowmkF2C0tU0ooCqQUKckiELIELupEpltr0zS59khqOTlKgRYhgaI4kcO0bBHFUBTqlFNGiWlyOMBdVDoFmTmJcBIKF1eHUdqFkOxsiBrFxrZtQ1dqZo7TVDtZhZqRKctBZgM1q5RqGoaQETRRFHZTYNIEEUVkumXSUFHBzkwpooRoSiPVKC0dEgDklKqaWisqQTQyJJAayJlIkpR2KV1GA5Ei09mElahIOI3AdkQ40yJSiMCZoQKJbckWMiCbjFTKskgTAUjGtiwHljA4kXEjwqikjRQAMkaWZAMGyU4jyAicQQgBCQTCRkE6IrANgBBhJ7KlwNgCizBIiQOarAQAZJBwokAijQgrSUukrZAsySnLuBGBAUm2QZBWYMkgbAuQjEPYJCq2EcayhB1WCpGWsACRSBIYG+SMCNspCdMghMxltgJbBadSyCCMBBaAEJINMmBjEcYSsmVbYWrQwDKAbLCUYDcpFK6hUCE8pWmZIGzb2ZCcTmcpVem0AiOICOTqnBpFBTc3sMIEhDEYSWmEjIRso8QRYYOdRFjZHMVYQpZJAURg24BFKJopNihIE2GaiBAYgy2wZVsBApS2sLgsHAlEygKZFIkVOKUACxkjy6QIpBCAEEoAQwpZyEhS4gCwhQQ2iQMsk04hYwSIMA6TQgkYQDZCaREmjSTJGCsMQXHYQCKbkI2cOGyCTBkF2CCDwpkBiQBxmY0xgbEsLhM4hGwLO7HFOKViQsIZUUrpzFQExsaZJoKQG1EihHBDpkpTZGsZUaIIgnESYSfKEiGF7RbNGAJS9Okl9od9zEcCO1vHj9YHEYEJ1LBsCRfJThMOZGNRQoBMIBtbIdI4LCPCIpypwA7SQsggRLMFgIWcRpZlCcm2w0LGMsI2EollmpBkAwhjrMSBAEwAIBuEmfVdF/Xee+8dVktAoQc95MHv9A5v/0qv8Iov/mKPveba67e3N6NWESaPjo7Onb3vr/7mb376p3/qF37+l87de9f5eym1O3X6ZL/YaONoDNgmZEzDoQAnKsiRAicqKHFYIITAxiIEaRAAckzKwEgAGMsgZ4ZkjBCyrbAlmUTCJiScrnJDYAkyJJASlBCyLbCJYlogKEGS88XG7oUL58/de8011y+PDkJSCYMltSQwESFEoLQzs+XY1a6f9eM4tZxSWYCQFCm3TAwSNgQIGxsR2HKmKGBJ2DIGGRGJZVnI6ZCMTRAGBGAQJqQ0JqTEYDAClHZBUiYisSREgE0UsIzJZoXBQpYASYBs20kILISFnUhyGGNsEQacihLYJolIBAnCWGBIQwDICFKSSJAwIGwUFiAainQIikhLcqSSjAiuSDIJLABsKKkUcjpwglMKDMIYSZBIBotwCBtJNhhbEpBOIQhnqggLLJyEIrGtgjOQhZKUAAlnCBsAgRECg0FpisggLGwDRqQAWjY1RwA1c5QdoZYGg1qbaKhEhGwriK4GLVPZEttATUlAlOiyUy3CEsLNRFTJQRmnYd2mrvQIhUJOU1VU1GxBkUrX2ylCodaa06UWsJKUwUYyRV2UcGa25kAlyJzShNrUEKI2XGsZW+tqCZVs05RNkiQBok2TMxVRSkRKpUyepmEqUSQkIqrIsTWPabKvnTCym5MWIRu3lri1ZqIUARJQiKaMqJWWihJE0kxGOBsqmkffyIioThsS7IQqRZVb2uDWIsLYVrZJFILMDEoUG9VSkMAlACKU06RSI6K1hlSkqbWmtF2iRBeNVEbUwNEXtzTTJJWqUKk5jM5JUYQwFMJKy+TU0rYiptaSFBFFypAEGRFOlaJCpKWiQA7R0mBb2JbdSq12MbQxM60iBTZF2FiRY4tKFDsDpxTgWkprzaCQYMqkZahY1mQpjNMICUtFlWyOqoRIWzmNU8sJsjUTtgEbS5YjbJMRmAyBbcmkHci2ZBB2InGZHagRDstIwganwBAIhC2kcGIFRuAiW7LBFmErnQpsSaQlDK6mISlJgSSBkULGkm0BWIo0kUgCJZa4wkZyQygrSgBJthFCBpNKJFk0E5LBCmEDNlIgCm4IDELI2KB0oKYMARKXibSEi42CMEgSLVMpy1g4kbBSFGdDwpZlCBsZY0QU0rYJJS4ojcCSDDbIIUiQkXAYWwKELYK0QjaykEOyPZqQipUYjFUgwoCwQYqGCkSJlGhtaiOO2nVVcjbboaKCRagYSzJSS0mAAiEh25iQZChWIwDJCFtFAocxIGHbYVnYtoSNBZbCTgljCGGK0kjIDqTmVOAsEsaWhIQRYVl2UkQKCBlIU6wMBAYESBjLSMZKCWOsIhzYgLBNAqAwGQihVJJCgCXZiXERthGIQEZKIxS2ZWQFtoSMsS0FDpSJkI1JQGABCARGyGGnJSFsS9ggnCApodiJwoAtImUZGySEjBECQ7g0QcoBOEKyotQSxYAsydlam6KrpUY2FJaEJMt2tkQACllUl6ZI2jSkKBIm1RQqCjKtiIICpIiuG9fLneMn3fixH/mprp832YRblihTSwIERggTAoMlMAnCtiwcxhgrhC1oQjgFSiEnIBC2ZIOwkWVQKLEUZCZAisBIAixIkAQCEDhII4OMkQrYdpASTqJGX+tyPd1zxx0YiNd9vdf6rM/47Fd99VevpfJMBkFiO5uKNuaLBz3ooQ960EPe6i3eUir7+4df9iWf/+Vf8dX33XMvcPqaM1s7Jw729xBO11JcDMaWcMOyQAJsB05JxraMBLYxCgkayFAkA5ZtIWyBJTktUJAyAklph3HBCRgIJZaxwUIAAZlWSCQSQmQiBQFJqDVOnjq1d+Hit33zN3/qZ342TkOOU1gIi8RhK5zJODXkxIHGnMaVsbpaG0xT9iKIwNgAbbKi2IiACQQGpZCdCowjlEYGBTRZBGFlQDqlghMJEAC2jUWItCEsZAulQZJIgwOMSFywjUI2BimRwiYCIzDIshIDFMlgW8gkEkaplI0liQRJ2DZghB0yxgIcVgICLCxkkgjAWA7JJBZYkEgqNiGcNoAtRSgcduKQbElOhzC2IgyyECrYUkKYBGFhkHEiJcgphyUJEpEIApBSloWcQhhkEkuBjaTADQo4TJJhIWEAC5CwhdIpQgKggG2IJKV0KgITAtJkutkoG5IxUtf3Eco0gRQhOelmfZva1KauFoXGbIKulijRpsxsklRLhJThsFtOUyvhIB3FKBSEqyJBItKWSbCdbnaNyLRkEUKTm1JRStSaLUvURoIkTFqmSplRamsTDRFRi9OZGSJbCzyOU1EppU7ZnBZW1wmJdASAqool1y7alM0ZEkiBHZKlZsJuRBhFRGtZQoiUsKKUokiYWisRoSRprbkZqJIDA9mGKSUVdVYWChCZlhChKMZICiTsRpgCJkL9rKtRbCBqF04706YoQrQGUKJDYVBQIpyMmbXUEqWrHYET2W2a2tgsE4E8jW2cxnSms9RIlE5jRBvTaQRERK19kTGIKDVKFBVPOamUrqsl1Ka0FVWk024tMwKRti2TVrSWBielK7UvEYGdznSmKVH6WVdURCkhBM50y7RQiHAKVSlCpaqWglxK1FqdWRSJrJRQwekCqqWUrnRd1GoiSpAQUSJK35MkTgiBUGLAwk0AFoAtA0IkILBlWWqlGQyWjY0tDJkyCGNwSEFICKdMpoSkVBNNgCVsR2AEkLYgjSFJBzY2aQGWMKBworAASFs2FpIQYaMCQaQRRpm2QUqSJmGHbGSFMBYSIMs2CCcmJYGw3KQEW5ah4RBOsISNANnIKYFlyCRxBACWQOBUCmUmkixEBmAESJA4bOEm4QyDhGScqQTLCDAO2bKREggBBtGESWxsC4ztBEIpNxuE5XBCWggIFICn1qbJrYWSUCldqWE3Z6ZtkW6JhYxt2jS5jS2nxFhOYRCyMJkGk2pIFiAjpAQCywY5JZAlICUMNlgSpI1BFgA4jQ0kyHZIOMCJMYHBFjINGwgb0jIGG0FiYWfalhKBAOM0GMiQg8CACSMyBJakkBzIYEgREjIk2VIKpGKFMZaNsYQkQmkb4wQbkSYQgbBR2gJjZEEggWWMSQsBLWwisLElZElIYdnYkSQIHE7ATrDlAGQb00BKEDIpN0gSJFwkhYIIFYJIZ7q19DRO2SxsaOBMSzbIAFJazsx0iCAgUAKZzRhozSUiwhERpVOUKduQ6Zj98i/9HJnX33DjMIyGUDEuXYgoIAkSbCMQRkIIJMkWIBkjOy0wwmljYRkhCQBhbEl2YAPYGMsGBARhEiwEBkvGKbBASdqEJRwURQkjG8hkMnXW277t1tvO3n3X5tbWF3/Zl7Zp/Ru//tuv+VqvWaOM42rv3Lndc2d3L9x3/t67Ltx79+75e3cvnDt/9p4L58/unr93b/fc8mB/tTzc3t78rM/7wqOj/b/4qz952MMfdu6+s7c+9SmzWd+VWkJtmmxhQBiEuELGciIhywjLaQNCMtiWjcAggxBIsrAALIHUECkbGwtSyAhJRrLlACMgEWFjl0ByAkACErJBNhnOSU7CP/SjP5LybL6RUGqnLiQiIqwogUO2ikopSkkqKpKi0CThEkUhCiBkgkKQzbbJJCXb2GkBBLakyCSMBaQRwilDWEgCBMIyIEJAgG0DpDIAbCSQLQAJS9gOyQLhRBiQi20QpMAWdpIggaTEzgyBgMBIdqQgkHAinCYEYAsCOQEpLWNSYFt2Wpm2BcbIoASMQ4RTNmlLdmIEQUhCzUYWkoyEsAJLKITBBkCZCCucBgEyIkEmEIAjDGCwlYQMAtI2JoyFAyMMWM0JUtoN5DC4gYhEGIMxxlipyAAiZadlMBhsYxlBtgQiKgRIdmvTOGVraQNura3XQ2tThMCg2ldnGkJhg9TXrut6REvbRrbDZBuzZcvmloqIcVhPzS1TUtf3QinsTGvKHMfJtkJJ2tlsYJpybJNK1FIBOzPttNMRisCmTa01y5SoJSjREQoRRK1FERHFkoGkeZqyhRRFCcrEGaXU0qkEblJmEopSi3A6W06tZbYWUq1drZ1Nm1JSRCkFG1BIWKGIiIiotZBAKIoh7ShVRQEpG9WullJxptUyE1cUISyrWZbxlBlobFlV22iUoSKwKCqEQIRDysQ0IdNMR7jvajMyKUoRkEYCKCpgKVQsZxsmk2mwc7SndLgoai0yzQnuui6K3Jw05+Qoko2rQshOZ9oiEwk3K9LNw4RqKVHENE0RMilorZUIRzjdpgmpdlVOoyjCknA2pIhoaSlLqZmtNUohqFNOYEEpVdlAQESxEapdTMOEmNIRgRE0wzRKojWlAlsmiizbOU1SIBE2xdlKkY3JiDASdpKmyCBnSjJpW9gB4YIAlG5WldMhCSFhmhVKQROBQGCFGokRQSiQ7XBMbg4sQqYZdSbTLoEyU0LCtkGElAYrMUbgACvASjuKMJkphe0QBpCE08goDMFllkksEDhtIVkCy4CRk1CaSKUJOUUIYwVksRPkSAgJGVlOOyKULYkIKUkRobQMGq0iB9FwFIFKI7GNBAipVKEstgGwQsqWCEVYxhBRZAiypUGSGiaKMMXCWCXkzHRBTmyrKJPAsrsaRcZM41RrTOOoKEXKlrLbNNWotS/Z7CQiIsLG6ahhO7NlWhERlUzTlDWKILt5B1QRhUxLyrDApAlk0jgUtpFkHLYVCGhQwIABSTYSgCWBUiCBJGycSEqQjQySTAqkcDqhYCPLpBASRgJwIqEEKVDD4SAQBWfSRE0aWEZBSK01IUvpjFC6iShWSxe5pUWCFNgWEoAblmVbkiScdoKyIUDCJkImoNkWgXGYLAjLQmmHsGQjbDACJwgREhJ2QIpEas4I0pKpUkNhUlYEaWGCIIgokVGLIrN5moaoJcBOG3DfdVO2NjaEggADmQanHFZLIEUtkZaCjtLITEs1pHQKt+YoIpNwQ0HOF/Oq/PCP/ihESG0cKaIInJmgBgKhFGFloIRMFGkrBGmqZDlDJDKWQaEA2wqMZBlMk4UAjCSnFSCwbCEskIVwNhQyiRTptAQISVgYiYRwCRI8dfO+xuz2ZzzNzlOnTn7v93znG7/JW1ihHHfP3xcRAuFu3qXTjq50JQIRES2zNUOTJZzD6mC9apmbm5sv+9Kv+MQnP/lP//APXu8N3/jO227rNjavufb0crkmG2SJipuipjMQFnIKIUxiYVkKjBEgp1TBNiZNGJd0IkAyFpaxZDkotiPAmEwinCkHQSMFslHYblIIEgvAWJItSFBioZQ0jlPfLf7hcU/yOMy3tvcvXZDq0LKg1lpXKi2RKSVaAqVEZrOhKBQi7IxwKDKNIQKwUiWEPDnJqOFmh0iHSEFrjhAJlsgUYaQwIhuhbEkKgjAZISchJltymIZbNoUyXbElDCBXyMQiTCpCkmQht4zMDCJLU1OGQW6KMCnLkgCnA6cjBAZZBkKYwEQxNmBhkIxMCpEojUCBGxQDGHM/yzJSI0OBBGAjnEgkTVYSslJNIIWNAInEciAlRBossEEhHMqpGSs6uaFwWiFSpoUxFbVsGYpMR2hKy1LIVtqFSGdGk+SUZUREyJaqnFbBBkAh42JnqXLDuEguCiwxNVMklOkQChFRIzJbpi1FVEhJKkjFTgtZCiVNUmtTiQgYs6HiNgFFkWBPOIy6wC50CjO5hWjpru8VgS1hO8SUjWbL2VJFFKkhU7pCc6ajVNlurZRIO00oKUzZPKYzcZQawqFoZFtjLEEoJBvhlikRiuhCKEk3Y7q+z5xoqZAzjV3CDYthHG1FCZlACBTYoAjZESWEURZV9coEoDQ3p3CUQrTigObEWQhaG3NyogiBZbtlQ6J2Ne2IsBTYFi2b3WwSiqKWUHVmpqdpmtLNTlnZEpPN09TSieXUNI3ZMm3J6YbVpqk5hVtLOzEUj21yNiMJ7Fqj77tai4v7Wru+a1NOaafbmOM4jMMISHLi1oyrRARgBFEiFBFKo2xNqJTOGKQSpYRxgFSiRMssEbWU2azv+64QqESUTEKKKEjgyS3b1MbM1qZhTBvUchrbKCgRzc0kksE2mESEpJatjS3TiqIoIaXBhoIMBOCmEMKWQiZxZibGLU1rto1lI0QAqZQVihIRhBBSsyBxknahhlMSrWXajUyoJYnAyGDstKd0ky1jSGdztvQUBiGhyBYunYsNJUpGUAoCWxISxkZgDBkJNnYYgxzgNJGS5BQGC2EbCTdFOEByAsZSSArsQAKJyLQtpU1aypRknFIahYRxQgpZCFIK2S2TpGUae0qyQWZObcrWWmut5TSOObUIZ3qcEqen1sax4aQ1GNo0jus2TlOO4ziOUxunKbO1aWpTZmutTW3KqU2tTeMwtja09ZhpsmW6QdqJEzsT3MZpGrNlm6bJbgrSwNgwSWaiGqVkTsaWa0SCnaSBqU3T2NIgpJJGEZZbTs2Zmc4E22kpSqjSWpooCmCCKYUAZEBCALYQsg1IJhCWIbAoAltggXDjMpHYIITBssGIkC0jIQQYWwjL6QRBymSTkdKksdPGoJDAwpICCQLZ9tScRNgpREYam2xO1ITkUiITFAFpIyepEEUCqSgc2AhqibBAARibwLJNMQEyKO10m8gsFINFhKWUDI2WQhKXWSIQak6E5JCN7SATK7GTQgkLA262bNMM2AVse1KmgcmZIEWUiCgyaWUCFtjNmek2TYObbQtssmVzOhOFQtk8TZPdaJ6mqU2TsOTEoSJJsiwiGqW1HMeczTbGHG592q07J0+sx5WKZGHjEBLIYDKR02pgZEkyQrKlCGfaWE4JgZBsAIMMMomxjRQCCAkbBZm2MbYwKAmELCKQnUhJSgJACBuMjHE6Cy6lRJ215LanP0XWl3/5l507d/5N3/StInywe8/Fc2dLUd/V2tVS+8zESEE48eQcp2a772utRaHEKiVK9H2/Wi/398611eErv+qrHx3sfeAHftB4dHjn05+xubHZ1RoqOImCMwiBwliBA1tWADjAEgJkK+S0ERgFLnIGAiQsg2UJgGJcCrYtGQU2hGRbshBINiQhSADZmLAMuGElxhgcirGNx05sg5/61FtlDeM4eMAtA4xkhzJNmiJbCEo0t1Agp5sRKGmWQX3XYyVRJGdm2MYNhZWpMEWBQ7abRcq2XZBRc6abM0kUKkQNR6ZzIhtpiFIg0ggkIytoVjMpWWFPCREh3AyZdrqRrTW7WSSTcOJM2YpwkpnIsiwhIZDSNrIFWLIBCzAWxiIEtklBJsaSCBlEmARZAgXCYNspQBmAMYZ0YEWaRLJAJiwKBInAIGyMMWQ4LZAzM20zZWvT1MDG2SzSaSSsSBG2IKWIiCQRTmpRgSTSDWg04SDCAalEyI2WtGwy4JCEpZJWszE5yU6EDM6EZhIJGYvEoRCZy2FIqZYIhUAKhO02Tc0pZCzR1SrZrbUpp5xKREglAA9tTFyiV4kSaqblNLU2uQVBKELGEQqFghAoZBEK1PVd33WFkjahTJrsoJRS+ogSOWVrpmVOmVNT0NWqUi3nlK3lOE3TOE1tihpdrZk5TOOUYyojRKIICCxZRumGLUdDmUY2bmNrbZSQw5nZrLSVIEXYnrJNrdkNt3SOQ0ubtCTI1rKRokS6YexsTVKNkmEiaulqX0JWAEIlCgTT2GhZ7WjZIESqlNZaiRAe7WmcKOq7WctmZUQ4cxiGUCBDQJJqahZFIWQbG0lQus6ZhIqVkLYm2tRCYeWsr05FlBoyUjZTMJIRU2u1VgWKKjmbVCTLsi1PLUpEFCqtNWOlhUqEpEwrwM6EEpHhqWVMJark1loUhSrOhDYNtdYoBVtOwEaSFVJLT6VUADuhj85ScwqJmIbRQVUB0Qmy1OrJxoowKYNCtiMkT1PDGAWamqslk5lGkgKQbEMUGUwaZNsKhNJSONMKnMh22GmBHZFphcBJqBnSBY9TU4mwUWSiaEitWU6FpgZyqCikKVXVmkOypnRhIoKmpJUpmwMhOSWB0g4pRSiaHbYVlgHbCmEaliUJjFCSspEotgGTkuSwbAsBanZImQaHMYESh2WEEMYCAyABYFsAnhIoIROhZtfaR0QGkG5GjigRSuN0UaEkzbVW7OZUKc60k5grU1EE4NJVNwNpcIbCGJAAUIQC5GySEZlYqiqQE1mSxmV2pgUOSVliI00bh/liMYzTwf5elJqtVSlpJYpUwJIAQbplWlItRc4QgsxUoAgnKioCGFsiyTmODVAgE9gicbjZISACJwhkkGSMUZIgGQulhC2cRWFsI4RtQYg0shE2woRtQFKA7YQAipxGFiEbEdgCB6QAZFmQjRbCadNEJQiUspot5EgDEDLYVGdDoPSEZFuWla0FSqDZOByqZGsISWRLCAXYQUFuxi2RMhVOLEtJqpBp22ljIK1S1NqEgmxS4LSKnUE40xHplBxgc1lmohA2NEtuthxyG9MR6SZLDpxpB4AhsrXoGccRKSKkQFSElSp2KqUanUIkxnYEU7OELKFGSztCJSRK0qY2hqLveptxmjKbQ1MOoe4nfuLHCY5vH1+t16FAGJuUMVLgBBlkI4FJLEkCk0aiQKKGA8tCtsBAINJSWA7JtiVhA7YFAgSWsAObNIKEAAk7AZAAEgsbARKB3dK15LSazp+955rrb3z6kx+/2Nxo47i3dz5UkWeLDdOm1iLIxBAo3aIUJxjJmR5WK5UIhRACy7hEJRhWw/6l24+dvv5bvvmbP+qjP+zFXuylbn/aU89cd22JbswpMFJJJxaSUsgGhC0J24DBZEhObIERkDRLkiNJDICgpSMCWW6JMDgImyuEQWBsAUjYBslkUJROECghJGHbRqiV+XyB+N4f/qEv+OzPnncVFdUIlFJCKTWk1hoZRBaVYicBmQ1bwjSn1cYp1dbLASggoqjUaKlwONTZLVQlUkZNYJVCGDsd1VYxzUYhpzEUVfUuqOCGsLqSLaGE7EASCSCYcioRoWhWhNuQm30v2VgpRKYjnHYghwqm9G5jStM0TutVawYsh4XAIIQtY2GQEhdjbIMwBklKLLAsYUtgC4EFkJbkxAUZCZtESstYSpAFwpZBKStJBBDCxlbIDSwXSGdE7WazaWi1K85CykI0ECIUdpI2ojoTO7GxpbBNkW2UkY2QM223RHYWZbMkRkdEAmhUE7IxlidkG0daKAE1MlOKBEKltalAs0VTAjgnpW3SZEuHAskkGemGQs5U2pkORWZz2sVTGrsQCiEpMhqU6swJAqRQhNINapEkqjzlMI2ldlFClt0IpZXT6EzjNk5RSi0FT84SCtUg0860bXWWSumQa3ginTgjiiJEZJKZoQiRVmtTRJFCVnNKzmxOFSxcQyDsoshIqbqlAykChIjiTKZWojSnAjfG1sjMREUQItMokQrYtluTyuQpJktRoxoMIsCZQBNK5MyWQ9DXzDFbi1JCIWwkybjW0lqLDMLOBLLZLUsRIpNSFFFDsg2ALIcCcDbjUgSRmFJr0Ixbdl1pSYmQFJJgsrFrFMtpldpJKioOFZCiZSshq9gIS0GjNRotFIhIFIVQGBspJWWmTCaBKBIYg22Pw9RVmi07zTCOfdc3J00qUQyQauGiKK1NKiETUolomWCpNE8OCRqOghqJo5Su6zINJt2wpylteepKtQEj0la41i6nsSkKslqJaOmIkjlCSAIVgkgTdkYtItLG0FXZ1AIoEkKiQ2DTyxSVFi0IWitdJ0RAy4jSSJob7lQbzTkVxSQ8OrpSlSampBalAzfbLbWYxeHhahgHR2AkFIAiBSpgSRgwlgKDUgrSGAlbEoCMZWQhWyCTMrJapgJFOBMJKS0wEjIZFnJKAQlOEIFQGmwJZFJpBVa0Nq1WR6vDZZKZExZuGCLAoUrIOTmFDQmgAEhQKopbIiOBRdhAYsAosMH8qwjMCyGrdMWUQqCwkaLUCKm1SY0oka0N46AoSG4tgiAowmQ2RZgIZWAs0kBOljLphGVZINNQYgUYHJYxJBJOSUhBGmUKCCIBEEI2FNPSkkgjwCCRQrYlAEmyIDEILCLlwLYkSCyQlXaRbCI8W8xqRFdray1qsSXnlEYIu1lCEcY4UuAM2S5hq8iZomagNllCKJWkQqKYDOEUYactDJlZIgJPUoFsDgFpAizJGELI6ZAduCFouIAlwMaE3WqR7cwUMopiuWRkoOYIUhZgMiGkMA2HIu3FYnO9OjxqRpFtbHazUSqqotgpRCCpojalEJkNsJ0utQJdIS07DYUovTBplJmKoiCY2uRMVIpGQ9fPG3zxl34FiULCKZMCI1RwM4mwIAVG6URBGLckRAgMIAhLkRgjWRkp21axAdsZIm1DgAlsJEHKmJATCcngwImUEkYhYRuUWCFsBS2zRESJ9Xp9/tx9r/Vqr/6bv/ObVgxHR9OwnvVdJqYTQEjGkhygkJsCEYgA7IxS7TRIkLYtyUYZ3awqNlcHF2udPepRj802PuihD7391tuuv+mmWemmccI0EilQGkhbkmyhRAJhSwYQJhCyLSKFrIyUeaaUSygFyDgEuKFApAljkAiUQrZBggADyNhhGSyEbCNJFjizdd0c893f8e2f99mfNZ9tDtNoNVMltanZkDaZzpBSOU1ZOolQOmpkNss2EEE5d/Zu7Kc+5clcEZA8k8AACMy/gsA8k8C8yESY5F8UXT194jS1OJslYwgwFoARSQgMTkkZAmMkDICEBcbYDrDAEMggDIRlDAIJMEE6pRKkse0QFnJYEsbGAUaSsQiLlkQUxfJw2TxK4XSVJmxTQk4pVEohXKSErtZCUSgUtimKKLYKLWrJRIQUYAVTywicjijOpOFC2GNaFSWZDskQIVuSMUaZU1FYEk2UVB+hNqVJlQ4JSQoDGCmEABNocgYupUOepqaQVKKEIiOiZQKqctotJyNLTYZaKwiwM1uzM6nYpRaHFNHWIx0mau0koUSRxjj6rk05OZWQJlyiCzGl+9oRmsYxx6nUUiKyZFe6TCukZMgpJ0cgkUm6Iex0moiwWrNMKZJksAgBwiYFxlFkKxQSyjRGBWOlnSGiyNF1SQtHZlpWRNQq3GzcFGFbhIQCbImWragQEZBpqRSwqGVuuxqiVGFMlIgIcGsU0dc6OVtrtjEKE6SdLUMhWaKlp3Hs+r5EyWzpRLYNzkmKEFFChipUyzBmyEjjOIVibIOh67pEOCPktO1ERW6pzCmnSSi6DmdR4GzpFEpPbiEhKZRTIwLZKbeMWnHmMLpE33cGN4MVYUSoIGfrSsmWU2slwpmhIindagTYSkmyE2qtmSmcQLZSFU0WgkyPreFkGPtZL8lAiZJuJfvojO0QMgIB49CO4mhcraIISpJ2YjItJ1FIO52RSjtFUbqFWU2TE2dCkiBJILlNIDCAwUagIBOBeT5CpHmRbRw7trm1iW1ACNIpbKWTELZBSGCJtLAFksBgiwA7QXIAieWUwmRGKgNMGiQMshMkEGRYxpAACggZp60WKplCxorAzsyu6y8dXGrrIYrbOJZQYhCGtO3UVJpKFYEUdhAqJQKIEiKtWiNNCRFRo8s2RQljCUyttUSppbiUXpFB4NLNakQppdZqqUSZ9V0/K9ka0my2KBGLjYUdUamiROeicKlFw7AahqM58xA4ohTbZLplKrBCpO1QuEZRZiqKhFEYipRFIsJyoQQhVQCVgBAGSwCZojgTYUAohUBSohBY2GmQQgkYFcnG2CZQi1QCSLJBCCyBAIOwDU4UMiiF7LAtIWwHsghE2FZGxHo93nfPvTj5FwjMfxeB+TcQmBeFlgcHG5sbfd+Bo3QRCintaZyEoojAyGqhQmZiwAY8pUsByKlRoqTGNgksQZRSTLNVCgnq5kcHhzvbm0n7yz//i26xWK+HBJokbAlogBILsAWACSmVaRSB0kbCicDI6ZAQWFaCQMhOZIExCsm0AEtgR5AYZBfLGOMQIaUFEIIkAxnLFkaiUUugGFar8/edfZd3fscf/KEfcZsO9y/W2kHNTAeFyMwgiSLJThSGUiLTtkNhpQAkybZpUkiBXYJhGguB6Lo5aO/i+ROnztz6lKe+5mu+9h/84R+cPHNN3/XZGhHgdAKWZAzKzBIyAsINikECyzIgAxCWJWwEiZARtkCSLewSBlHsFkQCMhgLgW3JOMBGoiUFLHBawjaAUimP47TY2rjnnrtF1vni6OJRN+tsIcnKTDKJUgrY6cRp1xCTmpwRVYoozFxx+5qv+poPeP8PfNCDH4IYhpUUU2vT1JRMbXRK0aaWrbU2pd3SOKdsJmiZ4zQ5G8lqGoLiTCDt1qY0QQ5ja210ZuI2TmNLFH0tGbQxsw2NwNmac926jjRTTi2dLUvpcpomjzJpZ6adhwfLBz/kYd/w9V/3t3//d2euvx4REoAtwpmEZDlMBsqwAMtcJss4oBk7RVipogQMSImLlQZsFIBthDAIEVLawkTYKZQGjJAxwhJgrCSxcRdld39XbVquVjQDqOAGhECIsG3bgTIkQ0m3kOy0AGEjhBwmwQAEJP86AgKAJCRLoVCASg1Ls1k3rUdst5QcEZZKkVG2EUKSFCVkIdN1XWZGKEIejUREjqNaKJRhjATCTqWM0ykFkghjZebkUESpE605A1prIZDslukIRenssWWrpUu1TBMJ1FpbppunYTJO1wikWmybHMcoNUx0NWCYWrgRmnWzltmyyVOohmKKTBQJSjkkQBZFksjMiII9GbkZSlQbSBSBkRUhoUlWIpGJU5LdoCDcHDVaczo9tohCApmhGmogE0Ut07aqaKpBSKCQsHAaXFAQiYVCIsJpECQm5FpDKjKKRkRmFhVJnpqdEBGiFEy2hortIk1YIRBpQiFJ1bbtzIQMwhZuEeBSi9oU6io2mZKam92mqdmqtSAUFTxNSVpQSpSSqegippYC2ZmENLkJuhIm3RxFTtJWrWFMKqJNk21BRKSd6dp1mS1bOlJRSJcQSaYtaKhIir6oZaRbS+MMUWpJKSSLQqQ931zYHqd11O7w6NLykHGYuF9IaQMBCQisKCFwc4IUCNnCDpGWoQinKV3pikK1lIjM1vc9IiIWm9t9XwqqnZIOcmNre97F8mhNRJTYnM1K1y9mfe3KvJ8vNje6btZ1ZTbraun7Gq3lqTOnDw+Xn/9FX1pL3dzamoYBSBtJEmmkBorAxiJkp0gUBkgBSMi2IA1gOwQCGSRDGGMZQkAiCdkObGFFZBLYFmGnrIAWliXLAZmWpFKVuT46+IM/+L1XeZVXz0wJKYRtwCloiSCKbNtCDskYhINILAkwhN1kJSAERmCLQMKZEJbDdoRMYkm0ppAtkMIkDgVgEFNaQhDQUBHANKwP1wcEzlRLW4gpUzgiQpIdkorCEaWkUygzs4FsJ1Y40qY1wC1BBgmcUtjIJgwQJomIhEgcGIQwYJBDgUEAyE4UNgKDMgTGFoaAhMBGwkCaCAshEEJpS2AlBCCEwHZi4Sh9vXj+rvd4j/d6z3d/97vvvDW6jinTjRK11LQFSaplQ4Sr6jQ11TBBZi1F0jhNksnJLkAEloRAU04lCrjlFCFlUZEkGUVFdlqScKAm06CE7aogCKK5TVOLAAoiINNRlJhEzslICCRBsSfbilBm1BooSgFLkTmRGaqO7OoipNSk0p07e5Zs842NaVpF1FAgYwiXUtvUHLScIhW1Oj21FqiWTgVBawbbGEWNQFPmarWezfuuVEU43bKFwhGZk0ZL1Nnsb//uH0AnTp/M1oQIIWQDCJKQEVjYIJS2HJJtC1myEQ1CgLCEQXYKOQRGEEEaK2xLWVKJQSFjEQZkGbAEtpEwIdIIZMJYUsoyqs6mIp+/7+zrveHr/cAP/XB6ONi7GLXP5hbZ1c45OVOKdOTUSo2iOrZWZNVONJCzpQnTPM7mfU452UUKkQKpRAG75agprNms3794bnvn+O//we+/9uu/9u/8xu9cd+ONta+tpQUYhFFgmyiBIVGQEbIBGytlgRoGyQZbYCOBAAvZyEZG4bTCpBC2hCwrQNhIGCjQCNkuwgQYArAwCAUFhjbtHD993513PPEJT3z0Ix6T06B+njmlXUK2pVBRMY5CNgq0lqGiUiIckVPLpNZ+WK+2Thx/tdd8LQAEBjAIEAAGQ4CNhUA8m0EABnE/g4yFeJa0BZLSKQIhwCAuM4hnMUAaOUUQIJ7NLfP222/727/921rqlANphCCxQpYDgVAaWUYYhUGkHWA5TIawBUoZGyQsSBwCbGEwSBYgyJAzJduBUYQSZCwwdkTYFoAAAqwwbbW3/+3f8S3v9z4feOHivRsbWx6bi4gooWyQrWVKXi8P947W6+XRcrlcrVbLo8PV8mg9tvU4HR4uh/WQOa2HQZnL5Wo9jKvVahjHzGm5XB+t15nTcjV5Gqc2DuO4Wq89jmMb18MwrsZ1m3K9Xg9T2uM4LJfraRobkye3abKijaPFcLRcln3gvrNnpYhSqqK5YbeWoYguCmnINsoSlorTiQytTUXhGrQECUkqQaKwJGGX0iEHCCFlZjYnRobsSlEppMccA0lRaxW0NkWJWd+1lrgT6UbSbJWiUkoEKOScMouwQmFntLGVrkSQSS2RSQ2N01SqikMlRGnT5ASyQSkCQwghOdKh1uzWRCiIKFEi01W0JtsGS25NhiJPKEgbOVSlUkJ2JbJNRoTCorWpRAFJGElkAEaSIhuBqnCmUYQkKYJxbCiKmq2ogaLiFmkjiiw5jVtrgpBmpSZunhQSNpSiyY5pilKMWxsDTRQ7wVELZpqmLBkOh0NymlLAzkQS0do0DkTBhJu7GnZioHZ9NQjCGqeh1i6khp0TDsuhkk5F1PmsZabblMImGFoTGFA4wm2CIiUZFHtyZkNFJiIinFMrXZQIW4ISNWWTNqRVJINsVIoiBMY044moLaittcmOomw5rdb9fH7bU5545rrrpAibkEIQmSYigLDQODYhhAiUAAo5I4ohCEPaEQIMbZqoFIetzFZqAQkwLVEQxnYUpTNxVWRaQgSyLck0UwDZza4KMIIUAV/0xV96eHCwsbmRblIBFSnTlgKKRIJwWDYIQpKNEQDNBAhLGFlSACKNkLGcdhCSDQJLdkoCGcnpIpwIY4BwJrIsW4rMFIETiVox49FSYI8lCsikbYXCVgmceGotFQW3SBmHac5msNWcsmDESoiQwk7bmUYZkqLkNBkIAmVLcNqlaJoAKWyT2eSUypTN6RqFsBsUZRLKlmROG4t5GBRNmtIlMKqhltjNUWrUVDrDbiAyKSVKkGlUa0nLCcHkBEoILGRF2E4hWxIGgrCc2EaSbFDKAEZCxshGMhjktLAhhMFgJCOwCNsO20gBIRsJG2QwIck2NjYhp1EKKArblgLzJm/yhq/z2q8XVZJtJHGZAZBBdqJQmhDGwlgI22CBVUTDBQCDUXCFQWBbEgZAGIRBACZNAAFgm8RIBUCQJmRSDsRzM8gkBAA2hEFOFBgCDAKDeCYbYSQAhtVhG6cAZ0NCMY1NiihVZEu5EAqHnQ4k0VpKNhQFws0p9X1HmzYWi6glSmlTc7bW1PW1kWRY2cIJP/6jP6jwxnxxsHdQQsaYEJnOVMhYaQuQ0gQK2TyLjIQJ0pTAxglSmhCEbSyEkbDlQMaJQYCxcCIlDiEwxkgGhJGwZRljLIcxtNGzvrvr9tuuu/7GX/+VX8ft/MVLxza2MtNOGtO0UpSIDieiSBHRpiwioghLkkElhKFg0paUZDZLthURQiqlxtRMgWy1lOVyuZjpt3/9t1/6ZV/qb/7qb6+7/sboYhpHIYHATjksy1giASNhC8wVIoyNBSGlLUtKUINoWJYAh5USpAlhGwcYowADBtlOhVOhNDIOhDCWUGIZCTxl7XuTf/j7v//IRz4mS4zTKkoJBbZkAJNCWCGap8wuulKiJW5jSwskZa7WqyOnbQfRsIqwQs6WSEKZzRhjHKWQMpmZtQRgK22bwJabU2BRqVO66yJUBJDptK0mFxmEJBFIxZ6a7XSOrdTiTCkI0SZBI6RQAFYyOk+fvvYpT3qSUJTiEYEwisAGMlKSbUnYlskQTiQHYSEbCIzClo2lEDJJIpEpQjiFhO1iJU2WEShFINsO48AmjFGALWEEAgs5s9QOOFytE584fkpRmQMGwJBQIEGbW8dOYoMAwiSeTLFUEDYSCDAIAAO2JEgT2JLtkEhMYiVEkFaQEg1JChtkAOScFAJlm7AMw+po1s+dg50tJ1sh9f3cbhKSxvUYIVVkCZKsSKGYUI1OkW4qUZElpyEJiUgnTk+NUsCSAGi2igqhWkMRDVeqTbbW5K5USTZjpmywTZUotbVJKoBRAVS6rjqzjaNKUVUO0zRaoSkzcK3VlDauIjpQpkXLbCJChCIBW0BAGkWO6XSKWoWNAqxQtrQcIVsBzRbQAk2KkKJGYFluVpi0SifSNhSX6IRBaSOTBqXVVdokO0VUiRoFySbVPGQtxbLTKkqnMlWLULYWJUyCMgEbp0KCtI1tdV0HgjaOrbmUkKI5I1RLZJKZQklTKCC6QtoiisCZnnIKojnJxCiqM0M47VBLSwhhlwiqmAxZImyyMWYrRUmjlRJCEc60A1tUxWgLIgJLoUqHvR7G2XzmJGqEQ4SzjS1LoAgDNk6yNjlEhtWIWu2cstlEIFXjQsniaE1qbaQWJDWyiy6qsEhuuPlGU0MBCQLAEbZTBFSg74SNBDhDkrGiZGtIkwc1mnMyCkJB2lbLZnB6HNxaK6WMw8qunlqtRWbKlsoSMY6DVCJkm6Q5FWkb4WaZKDVbllqb2mLjxKKraSRqlNESGKdBINvCSJmSwInCKYUlG2Esl5SKmpFwmpDTwghlpCwoAtnITjmMRZg0ESSSbYMQV1hgBEhKAIWaLVQigKP1YLf93Ytd3ymFFFK2lhGZ7ooSPDWDJEKhwAnKbCBKRGtEsWhtDAJkSaRMtiSEAttSKTE2QkKJSVFLSVukVCcatQYxq8pmSoSKO8gWNSxqOqcIVQrZWgmLsCxJKjScLU26Ac5JQgrjNo1SAFGES4SRjHAAKACQySQkFM5UQWmMkcRlNrIAQ8gpCUHaAoywEUJgyyCwCBsinbIswBEinQKBDQYMADbCQRC2jSzLCrBkpzoBT3nyk6L6rjtvrVLpZoAxmZIIQoV0KrGkMNhNyEYSypyISkAitzSOUrHTScENgVCSJLZLKSpicgZFouXoViUjAIQCJZYbKF2KsomQlLIczgnCOIRKyZaJi22EFNhStsROAAKMkSQbRNhEBEZF6ax9XdQ+JJMQkkKolOYWClEUSqedkoAkw4FkBJYQofA4jeOkAo5wOrOlW4mIUEoKlRLjtN7oO5lf/sVfdoJBJgQtsiSJhGQbkACcVthEmkAGbECZhECSbYGRhEHGYCmUtmwEJI5UBrgFJW2EJFvCtpABWRjLwhBGJoUICwnc3NVy4cI5xN89/u+Ae+6968SxE+M4Zo6KzplSBEJgYyHZqRqe3EAtbaOQUIhmS1OmkKSWlixANAgbGaUbUYot01bjYdX8r/7irxfzjXvuufPM9TdGCZmEbEhYGZAEBjmgJQSykMNAplHINpmWwCJRGAQiJMtGiRG2pLRRhAFhbLBkHJZlFEobAcIkKYXktAR2pgBmXWB+/0/+6H3e74Ok6sxSu1Tm6JAsBKBMK6KUIlFLSQjZKhEmycDTkKiWWmtHjlaAUypRs6UA02gS2IKo1QRuGKcJQmq2GioQRYLW0kQpmSYU6cy06IiEMESEbEIyScuMqM0olN0kkISVanJnUCgsC6vIWcYpFAoZyxkIYUs2kuUQIhOBMVhCNhIgZCwbJBIFYBWRmRkCkEGUVBYEyMg2RgJZli1kG9uWscJYsqxMS1iA5VDakkqI4ODSbpjb77zr+M6WcWtZqnL0NE19V1JytgRlUxTSRoJmm5TC6VIlAyJJJ5IxRNgWBHIIVEOKQjSyIkdRKCQp0i0iwIaqAo5aMVGL2mBKiYoA1a3tNi7b5K70ttItVKOEE0HD3WJWiqZmTxmBk7G1UkJdLZJFZhQrsRJISTZjG0WUTplKO3A6FDKhKqwQkylpQZRiG+fUcmIESWBlEiGFpEKoU5ncsGUn2BkKRBRlOmqU6FIZVpEgjORWa2cjY2gtpai1QDoRoEg3taIQgFpXCyUCtUzccsIEpJCDzAQTCoWRsoBCtKQrMbTmNqpW7GxGgEKBAJotMlvKRIXMqRWhUElTjYyH9bpElFKjFofUHF1nmzQ4WxoknJQIFPZoYysIOwFntswS2YwkIroQKCokbk4126DWGqaW2trk1qJUORtgp6i1KsLNqiWztZZyEjHRqmoN2QZL2VqqRa29SRO1BNVTZhjElE1USCEpjLFtBZSI5gy1QARputoFcqhNTSEFKl3nht2SQiYOCRlo2Zzuuj6zKVSo2VJhZ3PaVaHIgu0ooFRzWFNLtbQ9jStnQyWNs9lubmGKIgMhkIStzDTZWpYSEaWUklNDRkUQgUGAkaJlk8JuUghboUy3VqMiOyRl2iXoSyfo6gIiaU6HCEViSUqlEgubUiPatBy25hWXzBY4U2CMhBNCSgjbgGRJEGSgZqSUjQNZhDNFQkUQGVYCzsywjYyRAFkh25GAHSHbBiGEhC2TKkFLQjaBLSDSTUaS+gBKIClwF9Vhg9PR1SJnChHZMgK5qiDbJoKkRGk0JYQUkNSokpCihCCMpXFqZOvmfZsSQ7iN61KqIpSmuBTJNZtDESrglhKSVcKZaUAORBRVO7OJsC1JSIjMZhtLIRWpGdcsqsZWVdrOrqs2zZMnioJSu1pxjtmAQkaDatlYgdOSQCixACxwWCrKTCSnwSiMwjYSgEERYFIEtiVhKYTTBACEhLEk0pBCNkjChJ0yCCywaCALLAPMZr0Ui9msn80CbFEsihPTQEJSOgMBVkTmZEsgiRmtEQU7jSIkSgiTQpnYDSEFSIZA5JQpq0ZtdlmvKNHXYgpKSbZt28YACoUCVCISh2VoOQUQBYFBicO2hIipjYSExGXG2BAKwtmarWKVvrRpmsa03YwiaqmtTbZRdLVOrWVaEbLsJDqFSduKSBThSBtZopZie2hNCjAgSSQqOHNqSC1zY35Mij//y7/d2T42tQkkA2EsMAgbBEYyFgXZSLItcBFpC6HEQsYIY2wgBARYUgNhSwE45QiVFLJkHCgBKZwGSS1RINmIBASSQAraMEmlNVaHR5/7eZ9/bOfE0eHFWde3TKdLdCph+lRGRGvN6RBBpE2mSmSmAhRuzZIsWbUWG5xGpQSKCHJKYyKwQtGc4zR2pebUJuU0HmweO3nu3D3bO8d3z9137fU3tCTXqxIVgsAJ2GAsUIAxVuAkFIEtbJUSmY4gHQIrSEIYLDmJAAusCNtOKRIEIIHBWAjbRmEkNysUNqCQASGDxdgapfzGb/6ORN9FpWam7YggHBQwqeapWioFM7Upbexai0LNKSJqF9ipKRsm2xilyAzTSgpJWJIgpbA9rAcpao2W9jRRigEFwThmREYUGztba621rtaMkpjWshSnm5MsTVgZFDszTbNkT6EIyNYcUigS23Yy5ZSthYoi2jhZ9LMKhGQbUMgQtgxkEpBCaRQJUtqSjUgBgU2EEsuQBEolBEAxDRkbhS3JcgA2yBhkgwBhEkdgJxgUJCrYEjhQwwaSvu8IbcwqEFBqabgWIjqJAur6EFLYmHRrkgzZbOxwKVWBCKdbTkUiAqOIKMo0RsikJNue3MLFJsNCEcocx6l5BE0KoczMnKAQIGoUpDY1Z9ZaFFLU9FRLZzunBhbI2C2zgo0Ty4xtUnTYKYpC6YkMlHKQUmdl11eMjaKSLY3dlFhSI3OMrnO2jMDYtp2m66ohW4YiMzNBDiI9SWEjG8IInDYtMQpB2iIIqzmdmRhKiWKlJERODSmQ0wopyKklOLPgRpZSSlTAptFCkekkayCXlHPKbG1Kz2YdciisitOtCSVJw84ECbBTkBF1agmuEc6aJWlGIdTalC1LFEVWIZKudiWCCGFFTZpbNrfWsu9qRLQpmzNCrbVSO1Hllul0UxgFopSqSqQyLRtpGMa+64QQmY5SwDKGaWqkCbk1SVFiHKaIwLJTopRSSuAcmwIUAWlIS26YFCHSDTuYUkG2TEmAulKihNMTaSwhhQI1t5YIJxHYBNHUkFpOU2uFAobWWkOWyjhNkgiRFjk1wEVTNlyyRg0VyIZTVstSJQzIkdmaLZimKSICSVGjTLSioMimy0ItCslBZpKATaHiRq8SNXOy1M0qicCSVKZpNIkELUrBYCFQKTgVSZKt1JAinZgI4bCaQbIaAlsuEjidbhFFKGU8ebKjpEpInWqzIyxF4IRSIt0IKYUAYRzGUgIkKRGEgXTikCSlM8I2GMsqMsJgWQiMkG1jCRkhBHYCJsCBMpElC2wHwnYQSTN2GkgEMU05DBmRlAhwTmkMWBEAOJMgmxUlNLUJKUIuJkMGYTuN0oaEFKESRUQ/ja2EJidpKYwDNVqkSpSWmWnjnCaFBEgRYUDFnnJKIdTSOLN0gpCMBJHOzLSNUEQqMgeaJo2KwEiZZmyuoSBSRkiZnlIhAmhSK5SUhYAItcQycoAtyUaBbSyBjSQZ24gwWMgGnEiiGNvCSrJAEwgnyFgWEjZyWAmoiMRhEJkRTgcQkExQDSRAVQEUXZQa9pQZloQFtltKNIVEp2jOCNkVWqhYlBBqJUIulux0TiZKBBJqckFkImEsaGmQwMpaa61bY1uno4iUAElCdkZXW8saoAq204aQBKbZ4Swqxk4ghQhkSqkCCyBsh5CcmW7KkIqwA0ARpRMALhICM45T1GKnFIZsGZZD4UlCiDDI6cRTpiBUgFKiRNhGzpYRRUHaTpUardGSUvrdi+dMLrY2pnGKEpkQxrJBxkUyNAiwUi7GtiRkoNmSEAZJGJQgG4sgLYGNgpDTKO0QKlYmVgayLRJsQjYYbEuAM1EYQko7JNKt2aHNjc3bnvaUjfnGZ3z6p7VpuV4uZ/NNt6ZQhiLtsKe0sGmtNVJRBEjKViKMMlOSnKKiHIcmSSBFS1BrkyUTIalUTaONo5QEJClCrPf3tzaPfeM3fuOHfuiHTuPYUNRwJshJSBg5ESZIE0LORFbKMlgBxoFtQRKoyUIphIAAY0FiDAROSjiRjZSRYVlKUg4Zk0iRNCnAskGAkZSkmqT77r43G7PZ1upoX6UoCAWNZDIhTyFlptM1ikRC5pRJgFTsCUdIKdWilmHASCEbwDYphZBRhKJUGXCRW6lSlBKWwJFNSEKhaZ0mIxSlgmVQuDF5EhHFQYgC1FLo1FrKtGx2RqiUaC0FEcVO41pr6WZpJ8mYAhBggyQLWyYRMggQMiCLwM6Q0gQi0g4jnAYp5YAEEsKAmiABc5ltIcCWlBI4UeDEQgiRJhAiSApYCBusFGEEIAGZRg0V2zWKAlorUcHGXFaK5NJQpkNWV4oiM4EossNOKywJo8jMGjVqaTmFwhY2ZBERYUwaZbMzLdGpWipRkCKbHRGyQRFBNqxGrVEC0aZWa2SbEkpIVqLo1IbJOaUdioAsUV3cHAGW7XSTBAiilmxZioKYcgJBUiIwCYEIu1ErzVGqyYISQatFSAEpJjKMAiTE1FoxiDZNpQRQVCKcSbp5aFGr3EpX5WZrUii5TGnUGiKhU6k1UnZjHIeQIiKlxErZbjbZUvI0KQqkzRSYVkopoXSE0pnpCs1uUjQonrL1DqsVZSqKwlKRs6XbenCIrrMTwE5noJBU5ZZOQiWMRSDJTC2ncS0s4VSJAOxsORUku9kYBaUUggybkFRLF6EgIkoEiqKiUgIZlNh2ZqM5MwMiiD4MY2tTS6R+1teIUhC2mVpr2Wy6WoC0bKGIIiIUJaKUoBah0hRkg8A5OTMz7TblOI2ZKZnEEgiFgrQz29TcMjMzilrLbNRasCQiVEqJiFJUay21RKmllqRYDjGliUYyjtM0jWMaqStFoWxNhEFFUWsppZTootYIJCJcFCq2SbI5gUyPJp1SRNRSIyxsokSJgMRjc7NRBgiUJWRCQoTkEFEipJCsMISlEiQqUUqptQvCapmmTTk1y4DBLd3ARtHSxoJaiqOIFnbipmYpzWRbwpEkBEbCUiJk0tjClgKwbQSSAgECobRlC6OQZVuSZckYYSMkhS2DcaYTYYQADIEpwgCWbVtppS0MBiiluGVmkyZstczElo2M3VCULiCwFbVETOOkUKkRUYoDu2FJoSghQ5smsFRyaq01e5QwKqWUrsxn867vSiklKlIbW7axtSk9hZAcEYiWLdNuk9MQESUihKMEqHkSBCAjpFDIxiYkqUSo1lIUGDtCFDvJUNRSUBEgCUCAm8NpGdmYTIcclgjAPFNa2GAsCWxZBDiFA4SQHEamYQRSSmEynEIIGaGwwMiWJbCUNmCcCZGEZAEmqGCMKcA6R4zbVKRUhgAhSiiiRq0RtUQoPZFpZ0thAVCgTZMki8RJy2wREjFmy5xEUcgYLMC0qTkRGJDCbjmW6EoJZDLblBjACmdiT61ljq2NU2vjOI7T2NKZmS0lW7bBRjK4ZctmN2O35uYpnc7WppbNqbSdtls2j0OzHaFSilRbyzaMthUhFBEiIpDcwoiUAjmcLZ22PU0jrZVSFDQ7p8lg7AbGYLtNTWSbnGS2Ebef+ZmfBTY2t6dpMoAxkCFkwZRpHEJGKtgQyIAhCQEpGwJAVgpAAEZgGRmnAWSBLZmUHWAsQkKWwE4wCAsjSQKMTSBM0kL0tWsejX/q538msx0eHMwXmxHCmWklOaVTkqcpBV1XS98HRJQSgWm2nGFFyFY6bUxma0iIUqIoSpFR2FNrw3qyjU2ms6FQCVstp9Vw+CEf9CGPfsyj77nrrn7RC6UwNk5S2GDL4CKwDICsVBpjCyBDRjhkuQiEHGDAYWFbKDHgkJwNOWTsQAbTJJANxraakORAJkAI3AByGDcWG6vlsg2r2vXj2KpCDrdmGSQySglFBDXCdtqACQA1MrFUiCgEbSJt0k5b2WgRJiRozjY1t3S2bK25mbSFyGy2A3tq2ZzQMjNNSKV0tYM0hCBALoSn5imnaXI2BS2nNqWdCbXWWiolVKJEABLpxBlRpaKiIBRqRgYwZEIgSbLVMLLAQlghZdoIWyFZyIJEiUA2YVImcMgyGIERAEIgLINRs8PGQtiCSEA4JVlKgSQijVKywJJtIYVJQDVq1FBRc8hA7YoCSUKJIwJibK5FtRZFBayUALLlNA1jDggZkOxSYnJrbUw7p2kah3FsTmqJCJUoUSGqTAQRRSUCI7u1Zstk0gx2tsQuUbs+hJUZRVIkttOmYcmyuhqWIoScYDsCO6VSS7FQBEBYISeZJmk0QDgU4RSOCCkIRZRSIroIEag5TRJRogDNLhF9dCWKoChkSWrZmrPUAmHFhK2IIkSUElFKCZAJoxoqfaldbbQiVKOU0pWCPLWWLZ0NO0ohVKLUUuusiyhkRq01onQ1pFJKLZUgFIK0+tpXlTSZU+aUzbYDj5YZuyilL6V2EWpTDuM4tjaNk0uUrhMOIiBqqDnHSVIpXe1KUdTMJBQhTNrObBhAiiIRiJaWggiTUozTYAhFpkutklAmdipCsiKKM52IiCjT1CJwKltiohYkBUItW5SQyTHBpRYpaqnTODqtUArb2AJJUSJbMyqlmJyaa+lqmdrYMih2KQXCSqeSUY5UZrMiClgowCpBZkjGEHIauZQAwOnmpihRKFObAkUpkkgiopTqllOOUSuIbFE7ySgCtWxG4zRm2plRqkChKJqmlFyDTEuKiMyUrFBigUmBU5MnN+xUVWbD0ZxcpqBNVhiUUzNuzV1XW6OIKMU4XCzUKSzkKTPbJIVkJGxJVhciMyXVEp5sWiYRqAghh3GRMsJgcNpqiCpaEmFlpFLCRpkh2TgiIIXShGQMbrYcCpFCDWQsCEgbSUpbiMyQMkwDBRiFbSAijEljCGQZY1tIlsNyEFYqKATmCpVQkRQJNYpxIEUYQ5FNSgIrQgqKS4lIbJsIO5WFQia2KRSqFHI2OzMz00VFpYQMkzMza9TmzNYyXYoUEaESxUFY6WxTs2RaLV2NSBtnKWEbU2rNbOnABlSiSFOzJJNhUiApVFRNswvYjZEpIiLCjiJhhwSYNBQgsYRQw8UCGxTpFLKQnSApQZZII1KSQziFcUG2LYOABEyEnWDAINsyQg6RNoSNAhtLYawU4bQkIaeJkJSAEEIinVjIQZFI40xIS6ZYjbTCElI4i/HUyKQ45bCtCEWVlNlkNyE1ARKynWmkEqEIGQRTplsqCsIGKaTEILATRxRkO9MKag1JAUlBTkNrOWWUEk4j0mmDoyikpozEzbaNQmlHZgPVElNrObmoqKadk+3Wai2lFgGK5ubMEiEUApMyiezEGJJSq51CXSlTS1oTgZKQcJsaiuhrjq2ENhabqPzsz/08oDAoUk4TSjssAiFJ6aYMybYAW8KWsG0QSoQdIg0h20JSGkgSCMukQ0owikThaHIBmTQIDCIsY0sgDBiHlDbI2QzZcrG9uPWpT905fuz1Xuu1IwAiiluLEpayJWFPkyJES0dfa3VkjZbNliHHyRGSlOGglCiKqYliNzcyIkKyo6vRsgWQ2AZKVAIZk0lG3w2Hy9ls9ke//3snTp05vLi/WMwyU1EkZ2KMooi0sSywwjjSSBYg20ImcQhDNCwgGwUcpK2wrARJaSRFAGksCwFKSSCQZaWRkOy0VXBDgMIymT514sTR/t7td9320Ic9cmqTipiyZStVIbUkm4lQ4EbiTMtGoMhJtpEzFcWVMjBkc42SZMvsVDGKsBy2kZlahiJxpDPlsBNP04idJqRsrZYSUVQhlU4gc8pmCaSI6OZhNKyGRF2TVITb1ExTlOiqoE1NIu1sKQXpaRy7WjJTIYmQ7ARCSE5TTFOglCIzMalE4ZSUgABjm8TYUmAZyxBKlyCxLVkGSBRgW3ZGhFMog7AQVsoibAOIAobESiQTQZoAgXHKtpM0EJIEwiWmBp4KXRSykbgoWptEKDQ2KxwSYhxbZkoqEXZikFxpQ5Nco2ZaIVkgKSwSpAgpnbZCUonE2IVwhDGiWAiDbIdICylEQgmSAraDaDSkqmhuzkaJQoNwQyGMFApaTiYklRJtsluLghOTo1MToRCBMIHTMqZIhmlqighFptMpFKgJBIlK2Ol0hLBVSmmaPMqihKAYQTpbuqg4TFFrmdNQohhnOuyWrSgyUxJFUoCxnC2T2vcKlGTgzHAJeSLJIBSqCrdsJZA6iWlqkNiE+lIzcU4Oh8rk1sZBrqkmKSpA8xRWEg6qIqwmClatOSYRtjMzBEApEVFKqaBhGoZpMJQIFKSdFuk0mbWGGyWKMxXhdEtHkbNNbfTgSGN7SrAkoLVEmY0IiTAZodJ14DZOTqcJRSEUIoJQZrPJTBBFlpytja2UgATnlE5CSjcSYUgyokREJZCQIFWEXCjUWqQQgSKbIUqJUkKyFFE74bSzka0prIhMmWzZpmwCSTm11dFyGMZxGNrkKS0HKiKiCAGRbRqHIdO2VaSCEGSm2+hxatlGp0CZmTlmpuQiCQURcraWCRicOANZJlo6AgKBEM4aBQwoVLpOUSJoyqmZzKSlG0niNKTt1qaWziTTKFRrjYhSRClYKiiqqkopYZFgspHZbIkUxkgFA0jCSaQAMEAkIIQRAQQGTAKhkCwMiUVQAIEh001YSBiVBs4AgSUHlpCkNIkQIRJjQCAghVxAIiwcDWcACGOwkGoUm2zZbCSsQhAFXEqRsN2aMzPTTtkmU1Kzp2k0rU1TTo1QyxynMckSNUopKojWUshpFI1mZFGraq1dV0uJlENhOVuWWkpEX3pgzDYNQ5uajaQ0acsYI9uJ00mRTLbmKdNJtgxk0k7JEZF4aq21ycbONqVtIoACIiwsQBgCWcaWhSXABoREgEDYBDiEUBoHBgxYhGQwgiBBEiCEZBlJxjgNChJsZ2DZgJBtigVJcyiMZAM5TSTGkpwIkKfWsk3gKKWUTmrIEUREUNI2SCAjJ9lIS0A6pzaNbWwmrExnWgYztsRGjipMa4ksgRgZJYVCDpOYqlJKKBRp4xIh2ylFkcIQVaUIkyZKJKTBQioRUQK7pTGWFEFEKaFSFFFrlCKUte+6WhXRphSlltL1lYgQKNo4Ko3klLMltMSTQZSQSkR0815SS2eiiNqVEpFuTueU0zRZUaU2ZdoQ836B+Y3f/M2oZXJaTDKhJBWBwGBhh4UAUIaEDBJpK5SykZpMMyDbYGOnMBaSSWEUactE2kipDMs4kUAOREIAyCASGww2GCzhiIgqtwR+9Id/KKKeve/u+Ww2TVMCUYSLCIgayCDZU5uam6XWbLe+r33X11pLCWMbmbRDqlFLKSUEGIkGGYqIUA3VKKU6lGkn4VJKn1MrfRzt7R47eeqDP+CDdy+c6xcbEmAbZQoCpY1I2w1hy0ICCiKRhQCwBWnLKRuBQ9iAkZFCGNnCiYwtWQZjQo5IsElDGMs2ApoJg4WVVmZQw/Anf/LHaaY2tExMlAJMLQGUZPOU6SxSjSAECilqUViSMsepWVlrX0tRAQhLNRThTBsgahTVIgpCzrQys1kQpViSqLVGKUDL5swpp6m1lil1XddFdBFh2wnNEapRFDJOW6UQQpGZToNbtmy2wdSulBIgWU5BCFqbgDQWCEshZJENgQgCI0lIBhkRQgAq4AQrEKDADlsOHAZURGaEhCVhEwgsY4EsIxssApNpm2KQLCWJbMsGJ2kEpHkmSUIioESxPU2ZrbVsrU2Jk8TpzHEY19NkoutqV7uuq6XWfjabz+ddV2spfd9BTC3TMKVJVUWULqJEAGlKlBIytp0py0lmpm2caYwD1a4qbaQioCWeGrhlNreWLUooNGWTNYzTOAzZyGYVhGQUUWs4cxzG1ux0SFG7iKqg6/ognCBcyDR2rV1mw85MoChwOpvIIhkPw9TG0ZmN1tqUTgIpJmebWssJJEF6mqZs07pN4zgJqxRJHptQUYmglCgqidNqgGQzjtM4DWSWqhBRwdDAxgYbG4GmaZiGydkMadJyjm2aSom+60VgGYMTZ9puSvquqxGCltlaA6p6UAlVhSSDnI7Ilo0MKaIYY7vZrQVOyUIyNUpXuxK1SAltmlrLbJm4ZXNpMiVKjdL33ayvWOM04VRVm1qAIhB2ZlpBqNgNMIIIhWxAUUoN2YTSqbRJ2y2dzjY11aghhKLO+6ooEQqVCEkCQ1BLqbW1Kd2AiESRid1MZlCKsIIotdrZpkE2tNbSppSQlG2ykbCbCFkhdbV2tQuEs5Ruarlar6dMREQBaimW2zjaDcItpzZKKCIi0o10X7pSKEiy3TJtO1tr09TcspGZThxSCUlpg5Ruk9MoKKVYdraAiIJtqaVVsBVS1FpLDRWVImIcWk6rBEFmTlMLIk1Ihdr1XY1KRglJkS2bLcItpza1VAQ1OiQigHTaLW0LY0uSQimJCElWmLAREpIQCMmybVtG2CIExpawLRsiQUVJhpAikAwWKEOSLVmywYY0JkEyQoKQBcjCsgR2GpsGBAVFNgAFokSUGpLsBqbl1JrtRnNmJraR07az1AKEXLsigWUcUUvUbjaLUGbLbG7IkrJELVGCUmqAECUkqYi+dBGdFCFhOb0eh6llKVFrrbUQCkVRlL6WWiSBAsK2opZaokbIBiEJlK1JUWvYYISd0ISjK12J4rSbpSh9lYQb4IhMpxFIWDZOCUIKYxtAgAy2HIAkSahJVmKrWZE2dhBpAiQExgkEIECAMSkAZFtFSJABkMZGCjmQSkTYSbphQEXIdoDI1ianyZwyUxFC2Ephg0JBCWfaNqpR+r6rtRMhu2UKQKHa1aJaSqiWUInMlFEthNyUTjk92baiuHkaJ0DKEhERLVtODaGiUAiiq6ULhQCnZYSAIJECCyRZGCIKIeMQgYywM01SgohaoqQFEBW5RJQaoUg70mnjVAQRRaEg0zlNkJnNMnbIJcJO20WYdBpkHACAwBLNLlBDbb0sfYe4tL+3MVtM62UxBWFLBRuwkIxMYNlIDtuAwSkJHCDIgpDABolAJoSQAYUMcoIsUXBYIDkBBSksG4NSCAeyAQuBZZCVU2ZrOZ8tbr/jjii84Ru8kXMsKmNmm6acpjYNrdlghUyNWmon0TKnqbm1kKXiBrIUiiildlExbrbdWkscilpKhKIUJOx02imjENnINrm1bG4t2yQr2yT0VV/31cD58/d1tQqMFcIymbJtmRC2QKBGajJChICgEDZWIGSBAAMRABAJICsASWCEAhlkgEwsICLCKCwJRySSbQtsFROyDfzd3/+doO/6tKUIyy2x3bKZFAm229QyW1glopQIJIqiNoPtRpsGgxxCCuFsbgpqDZWQwyJNAkYRihK1lFJApUTLTLdSSss2DOs0tURXa1dqKQoiCrXUvp93XVeK5t2s1AIICUpRFzWKaoQsUILIrpZaIqfWMic3lVBLCSCigCQkwrYwgJJAQmo22HIaAlLGWDaB05Zx4EaCTZIKRUrI2EYRmTYSGIwtCQinDUgQCFJSSDIpLIFlgZAlQETIQEgYIadsZWY6jZBxlhKldooQkpAiIvqu60qVRTpqqVEjApNOGxlMV2uN2nelW8xnsznGNiFJCiTSznQbW3OWEqSyteZmG5WIQCEJi6BGAShhZ9qJAbmohCfaONmZZAShUkoo3DKzTSbTFjYqJboSpRRkkemW2ciUKLVIkZmZzelsDjRlm6ZpnKZ0khgsmeJU7aLWsKmKEl1RFZFODKSIUgtg2+kGapSAiIKDgpAiajjTaTPZWYvCRJSxjW2c5LQhUS22WhvX42pqIzgUESAiiFqjhEQpzLqaztYwXq/XR0dHQaJ0a+kpW04406WolKJaale7PiIqUhRJYWRnSyRHVGcKCTe3EFIBEVKNajwOYyj6Oosim5Yt7Qg5hChR0tmmyQhNUdQ8SUUKmLpSVMOZhISFWmtuqVKKwk4kMrElrBAKhISlkGUJK8gsUkpSOCdP4QJpZzZFtoxQy6nUaqftIgsbMg2WwlaJCFom2FFkW8422bJFUUQE1tRGiRLVcrrZCIUiakiRtIiguRRNk0y2cRDqau1KSWdEIEXDKEpxc8spIhRVNNuSFDQ7m0OOrpQo1WQIe2yZ2fq+ryWaCcAYJKZMQUQQUQR4SmdSOgG16wDSJqZpTLeIolrsbFNLUwIoTibZLU2bJpWupt2mqY8qRXFLTHMUgdIGAyFDAYeEItNWRBAR0zRhCiLtCkpZgR1yWiHbQsaAsUEAGMviMssAGIUMNumMQMLCmQ6EjMBKQjZpwgJQEWkACTttIkxiYSQQQEBKNmFLigrgCadFNlQtV7dRtVSFItLpTGEcipLTIIokYzs9CkLKvgqpjVOpNRTNllFRRESNSl1OR0qZgFZCinDaIt0EEAl2tkykbDnZvWwUNgqjotKwndhCCGEBBTKE3ZxymK4Wg1AUtVBQs03NmWlQleg7jGzZSGkBhlBCgAxYEiKtIBMkFJDYFJwEzmbCtHAJ2ZLASDYQyJbSGWAEQdhOCFuYkGxkS1FwAyObwLYiBE6ckmycUkBKRQJKVEMoJSEhh0hFZmZrSGlDlChIrSU5oigRSU7ZwgVFURrUUkWGKGEIIwkJZ6hQMiRnTh5lQpGhANtFYSmdrVlyRNSu4MjEdoKhtQzJSgthEYmNQ1WiOYNQoJSFgAQ7M0ogUAknLVtLEopCEi1HTxgwGdhkJoU0QiE7gXRGKBSZqERIEdFartdrRSk1pCjCsjPdHCVayxKCIgnUspVa1lNuEXfecRvN88VinAwKQJadEnaArUQhhwEsZAUYWwgZZKeQrcAI4xRhWYmFBDYgLCkdypRIS05ZoUwCkGUsjJCNARFWyhjCQlGrE+ycxnd+l3cyXDx/38bG5jhNJYokk0iSopAjzVM4CBWHApsoBTPlJFQ602SMaDmlVVHUIkdzuk0kUSIzsZGFLBXRFEDYade+9MzHcXL0F+6+8+T1N77t2771T/7kT588dmJog0iiALYKGBF2I4ozAQI7hMN2gCNMhhBOC1lGEthpSSjTUpIQkjEGARgsg5EkYeQ0IYGbFLaEUCpFgKNA1Ao87Wm3unnWzQOhFlFBmpJCGkkKWpLTJINIpycUELazlChRBEMmzVRUA0tYRpDIdmaTQBESxoAxIkxrLR1BoAi5dqJGwRYmsw3DaJj1lWLSdkpyicgmxUiKACncnM5QoFRVjcCOoa3Xq3UtpZYaFUVM6wlQKQpSVsqSbYFQBC1TksKgtEOybcAgCxkJuyBbBTIdwrIp4EwFMimMJGxJCUEkLYyEwBicImwjcFipiHQLwjYyKRSQOFBkMyKn5m6K0kM4s7lFhEoJlcAZZRrHqMVObBPQnCLsaTIRkekA7AZOKApIMiJs2xiRSQRKj20E2SkEFWcpgaGlm6OTjCU32jSWIiRjWiMIyzZSEYmQUg0IKVUQpKUSyrRtqm2rr9V2S4eMaXYIC4SSCNLIopSAzEkRfUZGpt2yiaA55DQlhDVlgiTsjFBztim7WkCWhSLU0qWrtBZ9R7gQzUZNEUkyTsYRHVEik0RVsmezeUhJZmNsYyklMyWFamuTc8oIGsIQpYRqyLQxVVwkV7mR03qcsrU26zt1faDoWmQWBXK2lEJYGVNOtmstUQJns8C2BXZOdo3asikkybZEm1rFdrOLVWjpEGBn67qOoghJUqqWolrbOGYqxOQxlM3uokBJT5lEF5lTmhIFkZmKzEmQRk5HS3WSlC0jcIIk1FrDcs2gFKG+pEEBU2bmlLKy1JCwZWGas9gJpRa5oJzaJIMkhdTGcZQwMgQqVpSCm6KEq53NzSkbYxEhMjNq5ODGpEBWhHLK2cY80DS1sY22SoScqtVTsz21aRinrkiSbUEtBUVrTSLJSGWbSulqrU5JjVqi1symdCKwydZckIMgJGxLUUoJ2jg1BTWKMxNLMU0jUinCZDo9haKrswiPLcGlq7iUWj1ZclDcMpWgcJhmF8LVZZKxQdiZTiU0QMamZU62QWCVsJ1MOXVRbEXYxmBbwkZCYAS2ZKFUJE0UsJUmInBzKBsiKYDCMgmRMgmBLGEk2YkxkgDAkmwHAqVAxgiMQmSkbeQ0UEpnRU7W3G4iKBSnW2Qh3GxZ2HZOTdI0jWPLvp/LsshsNkWoCEVrLUJBUSGKnJktR41uQoQhSIJsoqTHNF2EjYBQECEslMqGwzYBLSeLiA5KYwKUNkyeNGIRQdqYlGTACUg5jNRI0m452XbUrjRKLbbbhKArBRABkkgsEMZkSGkrwiAngLAtlFhFFkBgN1wSS7YlSBkZSTaSDRghYwksJ8iyEoNCBgxIkAZbIacRGGEDsgVgS1JLZyYqEWQmKQtbRBQpZUkAlgvZMtskUhRnRkVRpmlM3KapRIDTgYTsLM4mFVtqaZXiSVGt9JSuErJdCkhKZTahbA4RwThZzgZgMA5kRXWm5FJqYidpRyhbsw20nGwVhURmgkrIBRPYVSLC4+iIMBSREmkTqipg2c5mk0Ko2h4zQwI57QBBKREygVyitGkCCDmJCBCSQpJyana2HC0/+clPBmabG1O2lpMtS8KyLZRGktICFCYN2CaQnZYQBhkrcEIETsCyicC2CWFLlsnAGZACMA7SQApZhElLGALbktIG28Io7HREjNNUgk/+xE8Et2yJlZRZDdEykkkWxgg7nc1ZCJfAbWpZopRSwDlllGhDQ1aUYhsbI3AOwwh0rgqBVUKONo12FBXXcLpEpDJSKsy72cH6MPFXf+VX/OTP/tzRalmiS1tOy1ASjCMhlLbAWJaFsGU7sCXZTiOZxAKQJQFpS8iysIWMQQYsJGzCNrKsDAWCZgdgLBmEwBKJJACe/rRbLXVdHVsLWVXYSEgBrY0oQkGtISWmOWmhcNppitIWRJT0pIhwJE4nOF1EOhsIiXRzYiwFam2So9ZCuk0epok2dbVXNDcpQuEgai1GUWIa0zlJRCmkUxLpRnOTKRbyahhKUSk1jEs4W1BmXV+6itWyWVAErNaj0+EwRiE7nVGCBBDYISQ3hUghIwA3q9gomginQQpjDDZYOANhW7KNCBzYgSyQhUEGJCcIAzKS3YRSKWRQmLQUAE5JGBWh4tYkalebsbMN06hRqEaUEjaZ2XCka5FK2BkRzjaNWbuwSlDsbMN6igzFSGtjYkESkuTRTWRmqbXTzNjYRmDJKO1oSZGTbKNKybQi7cykSCkXhwsAiWpEYpy2FIipZYQkFYXJNEFIRsK2pEKkJEIBQDSlEqEIMM2iuRSgiKYoblNKgWoJy5lWoio3oI2oojLrMemmCLATghCNIBMzeiREOjOlQAUnTiTkkRZj1Foj5HRma+kwzZSQiNJFToFRkaeWUUoghG1iaFMOWUTtu6ix1W0br4dVc6qNQogI0kk6FbJbcwkpwIoSYGdRTmlciqGlS4SRAgKDM5uNXS1KjYgYp8kYo1BEjC3JHJMSRFSr5DRmZgRSlZWZIRlEhsKRbWqZKQWROKKojUhE6do0IRSWFUKKFBFGcnOJALfJIrNYYCwsFEW11GEcq21ERPNkt6JIOyFQa6NCQuksKiadESEwWJlSRJXdbHKc0pNUq8JhpxBSZLNEOhFCsgm7YefUQpFFRVHwJBuFs5VSbGz3tahEhKbJLaeghIwRYU/TmBFqbUIVqXRF6cyGrYg2TULgUgoiMCZTdtoZRYnDyGqtFYUNztpVEZDT1JIspUQJrJYpLAoG4cyWU9QSMznBAmemyXAolcVOPGGao0i0tAKAkGlSlJCQkWm4hBBquKSaFIEyXVBGBhjZkg2gYqdsUIhEuAT2BKFMSohILITAkc5ARjYUy8I4EAlCYCyEARDGMqQQCEwmsoxK2lwWglJlkJ2W0+CcknRrDal0xXYJonTTlJnItgB1XfWUyFilKFNpR7g1t2bsli1KCckwtpGJWrExgxQhHIFJJ80UNbsoIpxG4bCkqEGadAupRHWicBGTmzNtq+uiFrJlMuZIupTAoMj1RBAqibsuACwH2OoETOMKCIzAITJkI3AYkMDYEGAsIQPIWM7MQogKTQobybZBMkgJwgFG2LYkh5wOwrSwXKTEpBDIdoSNEBgMQpAQFlCB5gkTEbKItIWh4jEzKA5rcroRDnUlWioinBlRAbtlYjmkWmoWNNmBkMAQbpQgoShJskWppWicHCED2VRCETalhhoOcE62FKXIFmMjotSKmKbWciwq2WwSY1yigrGjFAwOyyCkopI5oQiUdtpgOZGkKCXS6UCSajjTNrZCMlCEkNOUFGnVYtt2hLquYiIC22lF4ERka0pZBJGTHNnXToRcIP7oz/8S6GbdeLhWBFg2CmSBQ5hIGRw2SGAFOIxDNhZgCSzJuEEANrKRHFYiYQAJLAulCCIKaWRjwDgkG7AaDjkdobQiQDgFDri4e6ElL/aSL4XZ2NwSpXZya+4ixDQ6c3JIpnalZYZLyxYta6ml1NYSIMIt2zQ1p8ep9n0pZZwmmkuxiK7WqTXJTpWIbIzjOnGXHiMjwza2XMacwjG01Wxje1odXn/9gxbd7Nx99z3koQ89OjpqzUQUAaQhwCIgEUHJsDAghLCNQmpGQtgWmZJAWUKZUoCRDSAZ2SkC22EZAHAgQArLBsApZISwQWm3pJQ77rq9FMZS2rimVKYR2YTSxmnCplqEZUGKEtXOosiKMHK2VktRnU+tIVdKQ3ZrOUWo1pqt4Ui3nGxbyAJkexxbKQECu5liRbEtsrUMAilC2SxJURQZkpECoShkqmWbjBS1qyGBMiypFBBRF2M6Ik1BalMY+hJAQUTIKRRRsmUNBWElBpDkNLIkW+CUhcJYCZJlOUEIARiFAGSnQ0I2BmHLMjaOhIKToFgWNhI2yJISCJFClu3MTEAlELQEO1tmQEaEUa1dE0rbTuG0M0spkjKbMSaqEKql2c5BSKHadS0bKExzq9FZIWSborDUdTYmiQiU9uSmlIpmtSIyM50RBak1Zxv6rheJXSR1hbTCSuc0ikBSoUhpRw2StJ1ZAinGcawRUSPtcT1GqCgcsmmRgvXhOrN1fRejoiu1q9M4tXSIkJyUWoFsRiIBohYhlzQRqLUmmyiylMY5GZFEjXCzycwpo1YRQGbWKghEGEe0YWo0ZCaypQGpyZFZanV6XA+Sai0h0XWRzZYKabccAxRElLSrNLUWoRKltXRDReksDpNpirABWmuKqKUyJSGUKqWTWkvsrhTbU44lio1tRBCprEEYT62VKGBLJco0jeCopVjpJESSlpChuWGkkADaNLWWpZYoUUqxPWWrEpYiWo60EhEQSUrCNLfSSsrYSEBIXTcTraWbDTmNiqKIkkKShRI7S5FdbEqEMhFRI1ACMI1Tm8Y667EiQjjltJWJlOna1TYJUhGhTIqQZQWUIBMQbi1pRAkpaiEdKUpg1ykzPEnYRInFbJYC3NJJ2nZmElFkKTIQEcXyOI2BmqJlK4rSlebmpHmMqLUKM+VUXExiSgEcKKsBmjIIWxYRYEPUKFnSjQSytQaU4nTSVDpKKTIpUNgTFlJQAxx2s4yE7fQECiEVwMYKXJyTSZEgO9KmSC5NrSiwiSBJISOBMBIGDDJYJCmTwshS2CHSBLYDbJCEEhQK4wQEaUvIWDaAQQDY2IRMALYVciIMgBQATgOSBLJCHuxSIwBlrRWyTRPIJaZp6mud0lNmjbDc0iGIAJyCTGekSiiNraJigdzVfhqxhRAqqunEDkm4OZqa0iE1Z6BawjYKY5kgKMKZTmNIjyhEUagDcGKMZfWz3ginQZGJAknG0dpIKAYUZjJgBZDZ3KxiIQvLSmwhwAIZGyLsRLIJ2SgUgiRxEJZlC1JSQuBIkIzBAsmYRAilLASJsYQNSqRMJGi2hAxgJEinlECRAAtjstlSlFqCVJtGOiDIyUExrTUrJJWuZjM2BMYpiQRP2ZpDUaR0YlvYlo1VomRYUmaLCFktW6KwA6UNBocDoQxnSyGi1pq2jdPOhoSsEtiYUgJJIlUjyLQNEKFMrGZhiHDKEYGNCRXJCYndjFUCjFAL59QiIkLGAQEpRR82BRGehglAyiZjQdQapbZpAhnLUpB2TtlsM87mvcwzbn0qAIUEbAmQQYBTErYVWDgJgSAFlgwY5BBpiTQhhLAtCcnOMBZph4QMSiFLSktOACNJoUxLSM6UAkBS2ggSJMiQ+sXGcNddNz7o5hplvdwvNZRWRGvTuMooUSNSKQIhU5BKqKutZToDGadRUqSGSEfXlVKBWroI7LTBlkhQoFIKWGiaWrqqKIJMRUHuSud0CtLr9WqxtfXpn/kpn/Ypn4WxrVIEmCYpsJJmACwyWyEsO6S0ESGcdmA7ICCtUGCDDdCMQMIACIkiJULIEjYGgZ0GWcg2loWwkRLXEmnX0LmzFyFn3Wy5PJyHWmvZ5GhBgIVUwybdJGRIJ81pR2RmKYV0mhKBJTyME56iKKL0kkNpLIGjqKhKtmnZ3Ox0thSllCKEwk4cAojMNM2ZyqDWEiByctoKOyPdREzpoqBICgRJ5hSUAhaiNrWudpm2JQABUxoAyWBR7OZSNCXQwmEInEYIYQg7UQlIJY4Ig0EGIWzLQraRwnKEsYywBTLGFmEROBGgBGRZdgKSEstBImNhCZVOgBPAUqimIhiN0i2bXRQOlSLJzuakRJQQkSk5EdgonHZrKReEwiCVUoTxaOSiAEcpmZYwsmiZyilKDWjpEnIyMUTtsMBElAiDmqeWISFIM02tZYYkEQIgSbI4pMwkJMsRJjFdV7I1XEOOEkEQRiqhzDSUWvtSndHUMLSmoCWCUBButiyTU7OdISWGULgo0jaBCWeUMk0NCAmiOWVKCZoyPE1DV/sSYUmEgrQzCErXi7QBqDUSGcvChOSwEpEtQ6K1Zink9TDIihIlypQg1VKcDWdrKlFUwmkpCmqtAWBjTITsYjDpICQaEYEt3GyEJJpVjD2OrZaIUmVFkpaNMxvI5NSmCNWogJ3YahTAqEQQBalI2JmtTekEQgXJIp055ji2dCoclDa1tCNcQiFlgkknVhubMZnZ0m4t7Uxn5pimGZeoQZQomLSnNmEkyZZCJbCyTViQblMUdbNZLSUimjMzS6gQRk6HRDaEEXY27JzaNI0jEmkjJEXUPhTChEIqIYnMtKQaEUhRENmm5mxTG4cJt4Jq6SJkjBVylKAUyUIhGSQUUggrJxRZa621kmRmoSYpqZTSnDah6EoXighkIsLFViKV2oEsbMZpAoeEwWAmtyHHhLSdhFxUFSolFG5AA7mUUvsapaJipCiSZDJTiEwQlg0QFYwbKCEMlgwS2BinDJC2MBgjYZQYyUQj1BCWBHYQSAAYWbaMncjQjIQBsAGwBSRCISQjGyMJO2QQIachgckJtJyAhiFnpeujdH0pXRe1SAVCYGOwFFEEaTAiQaSdiZMEkyhtTKiUErKw3IysMAkYYWjpNrWUkCNCwpnOjIiIMGRrZDY73UI4HSJC0RSlKASh4vQ0tWxpQS0FQzaJMEZpZyYOlEgoDEiUirlCAREZVpUwYOFISIzBQgGZIEhkg0iwAQSW5TAggpSAZmMEliABgSQJ20rJkmWBLcI4ZCQkjMPIgC1H0oRwAoABAoxqKEJEKqSuqxJIEbWroQgpZAsybZIgFKVEiQCTTaAQdjrBRrZAKiHUWgYYT61lw2REKYDCLXFiIMDpVFGUWqJEDUVESLJMqd2s6yNqUYgwbq3JYLmNrTmwMIAUwhAqtltzQYJQWDjcrMwJIzkiEkwaZHWlhACwEimEsMGZYSxFUUgSGIUCp502GJCwQFGiliDcyFrr5Hzc3/0DgJpBAhyySGOZmAwicJAZEjRSJlOJwYSN0oBBIDvBhDEiBSkQkjDGYFm2sdQMJhCA3YRtZxJgQAYwJASWSUhVlYT3efd3y8bR4ZEdmYmRSqlFIqWIoEQpAbJprXma0q21TLIUSQoFkii1drVUzHq9IqdMZzNpQooiJIAEd6VbzOfz+VylINdaksTYiTJUIpR2KX6f935fyMPDo+ZigbOROLFxIZATYySlnJaarMCQFgirAGAkC2ywQJBhAAPINk5IozQ4MAghGcvIAAZJgQRCNgKbYvf9bBgGQFEzMx1RKxAqCIME6UC2MSAF2dzcsjXSskBS2G7ZEkicxhJGctJayzbJlqKUGqUgiYgSpZTSFSxJKsXQmlsbgcwMmVCU6pBsu03jpIioIdOyTZmtta4rktSgpdLpltkyp2Eax/U0TutpnFobkdo0IQlnAg1wWDISSCGnhMMCh2hWQcgkSiwIbFkZwkZITkm2jBCkA8C2UjgMkBAYS7KFwM6ULLIZO2wEkiQLWQ4ndlhIBjvF/RQ4XBSKWqIqaomQA+Rs2SaJEAqBbMuoFISTNk1kplOWImy7NeEgJCSMESolcWuTE5vWUjZJZk5jYrJlZrap5dQsBwFuTtspyGY7M4dpXA1rY4wUINJAs91aNmdza5OkKMbYFgqU2ULR1VqqohZhZ6JQUKJARNGs6yNIZ6AaiiJJFgLbSIG6UoGcmrPl5GnyNE2mWbbUMp3ZaAARsiMUiHCJImmamlBAo00tW2tudrY2TumMiFKCEgVVRSklipozmxXR9bOwpqFJCGdztkSAmg2OKFitOTH2lJObQmFsG6llYhE1ilRCRVEk4yTTqaZi5CilhkISlBIQTlUVkLMFVCXNLlFsT601Z5g6m6Xb1EZSluRmZByU0kXLFKTAKqEshJXZAskRhDvbctpYEXIgUHG2zKYIJqsWjALscZy6roOEokJHNE0K2W45ZUtsRbEQEpYiFS0nCUsQwzQYSo2qSLBJp0yErFA4M0uNokjLOQm3tGQpojBNGEm2DbYl1a7z1BKMwpktXaNkswqUUIBpQ8tqKXBmQ0SpMlKmydYcUUpEerJBIWzTqVpOsnYBRU6CaUqFhOQIZBGpzEZJtWJwCU+NBAEQGcgCiIiQkKIqh2nKLKGuBg47JdnZMpADNZtMmwmHC+HownKmIzMNTtJImS0UkqOUNMitZYJsFAVSklMijZDDGBkUloVsgywBGIpImRRhbBCAbSMJ2xKykOUkFJZtgUESADImsHAKIRuRQhDGxkpCsgV0EUA22c6WlIKamzKTsNMQ6QwJMijCIho26YS0Qk5sRykpd6Wm5WxgaKiWmm1s67aKKEE0T4ogHVIpNUnSMgCSI4tlwmlwKQHI6XSbxmnKKBFFFpLlyHA4MqzEygS1nNxCpaCptRARUhAYolbZYSVWOs0zyRgVcEsQGAgHZCIJjDEBYCskAwbJBtvClkCS7VBzhgMBRjIQCNtgpxwCC1CKsGwyIIUaEi6hNFgEznSoGHNFgqgiJAMipCntdKmlZTOUKG1K41BIwjZJGpS0NBEpSRRLteLJluUQThIKiHAbmhOVkqmiZgKnJaHG2CYTCkqERNgpk6IStrEcohjLYU+eWhOSZDFOE7adwUTprMmEM21JaQthsCzFNDVsglAYS6EoWJA2ROIgpHQokMdpMpJk7JZBRUiSihRpB82EM43SKVsEQctWa+dSZSeZjXnoGU9/BiE70xkOhRIJY0AUZLAtS4AIOyVhEiSUShFgDCIzwkmAlXYIh7HSKsYBtsASRgoj7IAUclgWAjccNpJtC6HEshUhaNMS6R3e/h1UcpymuS255TS1FlFKlJAyLaejpNPCptktW1EpiikNWBYobLu1RKpdZyhSihDKCKQIk1OzyFKcKJ3TMCmkLkRBsqdsWFMosGnD9dfdAJy/cOH6G65bHq1aWKhESYDEoBCAEXIxGQYpBGkQSitwEnJKtgDboALGSihCsiVS2AKUNkBCgBApQpbFFTKJJFmQTe77+dHhYWZTREQA2ai1KmiZgRy2sSi1kBgkyeqjWJlj4kS2vF43cCnRddXImWkgFepVTSdhMnMEhGpXwhqdJSFKiJbOnAiCAmQmpnYRUjO2bSJqSLYnUkhIQaYjwnLaSoek0kmESotEdBHL9dBZJaypWREiFEDa2aSw04BsR0AiYRTYKQLZXOZEIsNKS5BSGEcI20aSkdwMCjmNSCmckoAIbCmsZgscMhhhMA5ILIVx4LSUlsIiAZiAJMCWSNJTUFqgxEIWzrSRpBCYTDunVNoiIpBKFOO0sUOl2cXNyEK2yWmcpqmRKgt7MmEkWdlSRUFJp51ENSZTEUExU5EiqgrYmWSpFWotSWabCDnCdiBshxWSYmoNN6mWCMAhQbaWICNkAMl2WiVC0Vobx6nWErKQBfboqYQMRUoJTESN0jRhJGU2TAll0jJLIUKhaoiWiQ3jNLZsszpXKDPH1moNGeOoJfA0ObMp+jCtWQEgYYdlpZIM5LRlqolagEJkhJwQCkHLyVKERI0SU07gTNuWVCIkgeWWoiJLisiWtJaFEsUZ9hTIoKgiARvkBmRGKbJq2iVKkVIOOaxs2UhjrFJKqTGN2aYJ2Um4JJBurdUIq3gcm52GDGsKhSilOG2wW1ruVNJTZrOjQKkVWyqOaii1UiREJA6BikilG1a6hYsR2RThCNst06QiwkigCCgUSzViak1WCSaoocyUhJncSGqRXU0KgFIKUk5TUQnUnC0zorkUhdJoytbSzilHKYSdUauKasxkJFCp6cnN2RpAoCgFC6dbTokAAbYpdhqEJNEST1O2qet7C0wK0gZKpCU1p4IghLGRROaIa5ERpBTgTNWuy5YKFCWnJpEoQplWMmazMxRRIm3jKacYhBFyiEyM5cyGTVUgsFBIdsppiYRAWFIaYZBsQBJgC4xE2gggwIQibTASgkRgJGciWRTLcshJkli2IzDCiQIMwk5LxWSKYoUwZBjjJhl3AkAFiKq0CZUSTkuys7WspXPSl2qEbEBIQWukotAS0opaijKzr1USbigAY0iJUksosEBVFSSQohRNE2kHZKYipM7Kcb2O4hJVJbDCEAmUWiXbYFpmiFAkLiqOFNGQ3RQKm3TYjihIgozEEqiJIjdak5xOACEhAORMhQwCKUgsJAyJcQQABoAEAZJty3akrCSQsTApCyQZnEgWgEHCMsKGkGwjI0g5ABspSckYhGQJaFgmCSPjGpHpEBQJYTJbRESoTRmdUm5TCpm0CEU4aymZzpJhpaORahTJsgicCTZdVzGQhGzILBGWWstQlIozJYzsxEZFZJuawcqYIt1KVGeVW5FASJIdAjuiEMZSqZLdJuNExTRHKbaAKCFwOiFUQjLYaUOoRrHlbMiEWmsRBVnGELVI2LYTFZS01ogAozY2cJRAIkHKqSGbiEl1UdV81913EzGsGraKkNQMELKxkTCSMAiDJAxBSG6NKGCDAISxhB0ikdIKbFKKtIWMsAEJp4URNsaSRVjIQjYCQoASyxLYtnTx0j7mMS/2YomRjS1lyxKltZRUogjSmZORQio1smVXi1QMkp2QpHAmkmk0177PqTVaSJPx1BzRI0CkFFM6p7FElFKQ3FoaSaAo2SY7WhUXL1w8eea613391/7NX/+dqH0pE8K2hTIhHNgosAlkJQCykBPJWAg7FC0t4ZTlkMK2bMDFILBICBuBMUiyJZFQsA1gLLAkCQGGJGTLAiGDXSUJO9PKZkGEgpLYzkxLCERROJ2hUBetpZCxQrUWOZADJWAUkgIpE3sSxa1FhMKZJBmmGTIdBWdEAYmUlBINW80YAyWKjUknskoUaCIiwulQieJsWUqxkVHBVqBQzPvZsF6VqA1NOVrOloBsFeOQjIOwACRjZIyEARA24TBIGCkBLGOMBYhMIBWBwdgISQjZApDldJqQ0wpZVsoBGQSykGlySUlYkp0kAJnCuDW3tGjTmLiGoglorQlDRCIwBqxoHrFLKYTcbDdFV4valOlUSOlxbKWUiIIBIqIvtIIU6lxAlsOFinGmMyNKKSWzpa1k8mQsUlGEBFGiA7BRJlIowM5MjLoSCoEzpzYiF8kygDNNRAhAtosiDbg5S0IUpCiKIBuUIFtrkxTZbGRJtnFOExIImYginI6gOQXT1DLdd72EI5S0cVIpXVct47Anm1CklTkJMoToZ7NCWCoFyyC3TE8hKahR3YwdoWzRclIpOCMKksdGkaQgMicIk3ZzOkqoFHBIzRRpahMhIaN0i2YpSpUhW4acdtIkORtyOFpOiaIQFCRZIQnc7EwAIXWBCVRLCeEkp7Hl2JeOKGmHwlKJaABZao1S+q6AhVomshPboqQciU22zOaQcNppCbIU1ULXV2VMOQ1DS7dxGtwQ5rJSqmW5YQBPrbXECBUKQUREECGJzGwtq1S7aiTb2TCCsY1tylKKIsDYQq1N0zgUhYTJ6KJ0XSmKiGzpyQGJLaKU0lUVIUltytbalAanIESoEtGSzIaREwNhm1BrmZlAqVFCoVIiWsvWjBPc9VWE061NOU2tjWkrqUURRYBShBSlBOkps7WWZpqm1jKdrY1tGjMnCaedINJCKSQJHKXUUksJoRqqISE3p7NltpaKoiJMiShRi8K2TUq2UUTtirAy00gJCqFACAmwLSQjBIQUlsGADSBJspUpsMG2FCHCtgArCZBAkjJlgwIpENiKCJSGkFI4Bcg8k7EAyGJASUghbFtMblFLV/sSUYtUCkFipKIiJFz7UmqNUrraBWCCQuAwdmuZzojAcnOptUaHM7CstC1sD+PUWjptHFECRRCm1oKlUDa3No1tmqZEoaLWmptr1yEN07Rer6dhaK0htcwwEVEsI4sMgY2nbC3H1sZpmpxkNmyFQBEBmHBLA1JGhC1siRQOg21kR4CcdgIG4SKQhANhGyuNDJZlCwTCttNFgoBAINPC0JAgbVBIOCxD2iItECIwlk0TUKIgTMMugJSZzZlmnMZQ1FIppO1wy9amSYoIhCIEsmmZdkYTiHRXikLNDYUCINM0sE2aEiFIm4TWmslSuxIVRwRktqnZlkAgkEsqAqk0N+dkWQpCEkIRQupUFJFOm2anJWUo3NJ2ZkNWqEQpURSBIeR0ZtpWUCKmbI0WJUxp05RTggFLskUIpS1ZcihQtHEcchSmUGqnUkqEQjgT27REXXSzxdQ8tWnW1bSFMDZIRAgbBDgAyyBnGCSHhNOJim0MCMlKhwwCbGQFAAbJAhvJkiTbyBgZWSghg7QT4zAyIEuJATCGYNbPlgfLWrvazRjHUisEUEpBlFC2lq3ZzUaScOJxGC0XFUlOG2otLds4DC0bqKpThE3D4zikkbNlK2A7W4uIKMXZbGca0ZzjNEYoQkVIioiQVGprLeGd3vndwK2l3QBhZBQWag6wLYfBkizZsk0gKWwj1IwQhuLAhgzbILADEIoIycgGC2QswAQ0CYHCAikMdgIKFDhsC0PYBidkWpKzKSWwNbVpmibSmW5TGqVTMmhqTSZK2ElzLSGQcAoDGnOcxmkaxmlqbRqykdkkEC29Wg+HBwfraQSKAslkpjMzG7Zq1Kg1M6cc3Rq20yFs2VlrJwWWM3EiJrec2jS1sbXM1pROC8mYaNMwTWk3KSOEJQJAYAsbWVgmAQzIskDGkoVlp4wNlnAxAgkRlmVZhAUYZDAKC6WwENi2HMIBSMJSAlZKsrBlWwRC2FYaCAFIAkRBMuAoVcLYcsqhgBC2bXsYhmEc5SxSqbXUKsuyVCDb2MAKIdUSpQvjEgJnIkIlSqlOAsmAsbNNdlMRAbIzwTLpKd1st3RICjVhDMYIiqJlc3OJgiEoEdhTa0n0fd+Xmck2ZbZs6WxOkCKKhDCCzIYxbm7YmGYndjZJRRWBCQCKIiIc4TQy4HRaIRGlRik1au1KlJZT2mApDBEOwulpGEqps1mHIzOtMJB2Zks30q1ly2mcsqVRkULKbOPYmtuUbZqytaZmLCsw2ZqqbEwootTOAsIEUtppR0QTzmwtSxS3nMbWWsvWhmlMJ5KhtdbcbKOQIhCmZZMFdvOUmdnGnGqECLmBWzMShQo0OwCEUKmFiC5otJbplnZXO7kFRJSU7Cy1k22wyJZSCLqoKrTMQlGNzCYLSbiZKGARjlqYQhVJmHQ6oDlLC9eIglsUWVqth75GKV1EQcp0a5MIQmNr2ZoUWQI3lBEdmICkqiKmbG5ZFGlaNpLRU1q1yElOzYgothUKRCjHDCQByFCk6No4EoQCY9FaU0Qpckrq7BzGMd26OkNkS0QptZTSsrVmwhGlljAR4WZLpdnjOJBW1FIlUJDpBEAEYSeBrAwopbg5hCQACkpLtYQBJGq2JEllOiOiSOBsdlCk1tKZoailOqyJYRqVloIiyCktGyQERmotE0VaIZyy0hkR2MYgQBbGgCw7hUAYsMGA0igiLSlBlsEAtoVSCjshkG2QALAxIGHSLlIaQAQCG0shUikIwFMzRlIEzWkHBMgYptYiSuZEmiDwlBOSFEAbW2a6K1JOU6ZVMkoVyGRY2TJK2GUcpxAmEktSmuZWgikVKLAFafBkldKHMsMina1NbWq1FrfW0s3ZlcD0UdVJuI2Z2UoppdTMDOQKluxaBMUe3UgIpCAhjKISE1CoACYqmLQVIJCwFUonCLCFbKEI0kIGkUaykcIG2VLYRkLIWFbgRJLTRgaQMISNAhuFDDa2IpK0kRAC40ApbEsGRGJITNoKJ2Qg2yaTiIjECElYRSUiCNlN9mTLSJFMTpRK2jSgQi3VJJbD1WpmyqQosoVCxNimLjNFV7uABoSwI6JDLmHbGXIqZNkJykBTmyIKtpClzCYCe8pJSEUAdqZLKQhZoWhTUkinm6OGRCkFe2yt66rTxkIYmilp2zayJMC2oU1jRAgRIZRTKqLre2dKUkRI4NZsOyJsQBGspzEUYxuIUvu+uUUUCNmAnIlCwrYSoAnAicAGHHJKthDICbJREClBorCNkAkJgzCWMcISKASJZZCEnCYwko0xCQKQlLbCpITGaf3whz8sWw7j2HdVYU9O2TaXTa0FilDUSpsSK0pVkdTalHJYTpsUElI6RSk1M2sEpQ/UrNlsHlGGcYgIE05HBChb5jTVErWfTzaJZRnjdAaqXQn8pm/8+ihymFyqW5PkCclAhkTDgRopJAsbAQYZS8JCxliSLMsAFoAlYcBSJpIU2JYDJUI2IpGwMFaKIIWQMFYayKm51AIM0zCvfZumvnYgUIQhnCahKE2IUEECCSOHQiHsItEVg+3MCZhSma3UEiibnVlqlWhTtswQUUqfdQqHBUo3j80QAUglgjBNaTtDkgKw1Jol0tBaVBWVTCO3ccrMJkqUIqfllrZMa86i1jL7edepZESlhYgqACOFMbYJpRAgbCEDaQq2ZDmMkZyEbIEBE6gphRBKIQMYSwIMImUJJIFBcloBkIkkC5MCUlbISgmSsMDNEYBtACxcwZRQrTMpptZkkKQM1NJO1xqenC0pqpR0pjMkIjAtxygRUrYWpWDAmbaU09SwiChuVoCbLYQaOFuFWmobc8ix1qIiMgpEKZASlpQapyEoKkJWUaeKkFS7KrlNDdk4M0vpCJUk1YqijVOptURkZmsEmbXKxoUc5YJtERgCBMJGYVNCFsock1pLCEqAooZbm7JhtZyyZa211CopM0vEmC7hWmvLtEekUgoKu4kSVYUCzokoAZlWOrM1DGFFhWwZmUmaUCgQLkUKhbOloxSVKLXlBAjSDVAAqFQy3dzcQkqFhJ1gRUiSKtnMZXYpATKKAFsqOTVhR9CcclVxoTZVmWy2iVLBtmVPTkAhoyBmXUyZ09SwICOihCICKzNbmwi1lqEGYQgUEem0M6I4aJOtJmRnqESRU83pCXFZjohQRBT1ssmWqjYhm7AUGMxiPlNETm1sY1FJZ0Qoio3sUitO21FC6jNbhJQ2CkV6apO7WqzArSgoGertbI3EMpJkKSKK3DKnRLaFJSzItElLhKJUPJFBAKRdSgFkCZkiyXKUIhEIYxMhocyG5Wim0DwxYkUUhUoJYXAm0zQRVAVSThlSI20iai2RNq4mDS2bpUCtZaklpHGaQqGisSVGomUiQs6WIwpJkCJst4xaY3AiUEQJSh+xXK+QJcuSFDJORWAkDEFgy2kCgMC20pJTwmEjLIEAQlZGAgYUxsikFMKyEstOGZTGViDLFkGSITkx0EBgCSMQIONQWA4DqIRApCRCElIE2BkoilvmNIyllBqdAjVjE2AIK0lTogumHMdsKVWkWqrROA6dKKU4AzIKcnE2pxWSc3JWBRbIOFsCNTy1VCmyQ1CqSimKdCJqnYUY3NSsQBFRFSgz7eaUi2kSELZJWjYCSgShKOGWlogMG0gakHY2SlEJN8BIBjIhQk4TqMnI4UQKSIlMCRDCBgRCKLFQpkNYtoXAICFMBnJYhoYKzQRClgPZQkAmERMuYEMIMAA2iIgaKiNTUKJUG4lOxWk7gbCwG4mduGSRaC1LhKoUIovdokipUgmVli0iwCSKqCHSUjSmRJaliFIUktRaS6kUhUuqRReo5DCpIBVPaZF2NuwmBE2lOB12KRU7wYmh4kylDQZsA4YSQiSk7XEqpYQ0ZUaJdBowzRmIgiVBiZDV0goBhEiP41i76smpdGapXYRQGNwyZQiBJSzJ2ImzpdB6eUi2+awvxORWBJIxlqR0KnCGSAKDjE2iUOAMYWEbEEAoacVh2wFI2DZgiUQR6QQpMeCUcIiEAOGEAGMIRdq2QeCUlDQh0gm87Mu9fCnhdNf3ok4SajKWaolpauoUjmwTWKJ2HenMDAWZiSWX2mc0JWObVBQUnKqdW67bEJKIMQcFzkw3Qyhkui6kENHSRFq4qURI2dVeLukAnTxxEnJ5dGm+uZ0KCUeSshCGEnZDCgkwzRKELMtgLCeECdIoJdkWWJIhEktcIUgLGdsKSABkIxkEmESSbARYwiC79p2ce7sX59dthMIYSRGJBZYpqkiBJcDpdLNt0/cdtgWlOBPbYCukkEvflSh2KjRNQ07NQUhEODEuJQp9ZoKH1WDRddWmlApkNstklgiD7VI6m4khUBTRMlOgIiVERIkqGYEoCgMGi2ym9XWOW5LVsc40tg2ggo1CpOS0A9kiDFIq5UhBGjABluTEgASQ6VARxrZDgUyCwBgJg4yNbAIcyLITwkaWESJsEwlKbFGwKXYSOG2QnWDTPKGwkYRQLaU5lUAYyW3Mqdau9NGyecqpNKXTLoppmrrala7L1iJUIrKlZUNMTlJSiQIYCCAoSSNqhLHDBlRryGSjhAQmFRJ1ykYbQ2U+m7WpqQR2TlkihqlNHqRSo2S2lkSJEpGZKQnXUiXRirM5ipDbNJLVUi2lqJSZyZwMRK3GDgulbWWRQMIpcLYmu0mB5KkZBWo4kGpRRJsaaYfTWUJSKESjZRNOO6aMWkyiyHQQjkamag1MhAKnulqIYiunKY1CNQqSMxUlJBqQgEo0nGSaikAhlRJ2SycYaC3pCplRu2lsmXRdsQipRGS2ZgsjCUmGMJlKgUUhHFlVFcq0wzVxlG4ah0xKFQ7sEspGplu2osgAY9JW7UooMrONLUK2JZQUqaVqjYAGEYSLFJnNzV1XnZmZtVQp2pQKCxENB450C8uRwzAJoay1Q2FSabukmdqA1JdoYwOB7OZAAEYuXbEtZCKEnZhsiVQUKMlSOxKcLRAmwTbOiBIQSIgr0lJRWLaKcBN1bEPLVqJr6cg2JqASKQMGmZQZM0sIh0CWAklpUNYIBLZUrIYjnVZKIVyjttbslg6JQLWrgQgkotbEFTWZ9DQ1SanWxlZqIUrBIQlP64ESQUykWkaUiJLpnFqphVKqZNmZjqgqChs5E5UojqKQjCc3wiQqWCiTEJblQFNzyBGyhYQdlmUDFrZCSkyIxAhMs6WMFEokkwKZxLIs45AQACYxgUlSEmkBmACDZIMshMGSneFsjoh0AzysQVbYVqBUc0MOCuAsyqmUUkLYmUiOUrO1xJioEShJoa7r0kaOKLKbW6mRzdmGUmpaShQkigBJSd91xiQK2dRSEIKWLgEKRGQqIJGNpJaT0nZRMbJTRLNFSkHYlsjMpJXSlU6RfSqxHJYTJEkts2VLIwUAGCynLQUSThyScTogDcJyAMZYRCLbAkBcIQMWpC1IITCJQ2AIZyJAlsEBJgCQZUGGsKUsliVjgUzilEIglQI0pimLM5NSSmnTgMImbTIJGaNwThBFoqCMEoGbDZhsKpFppEDplEEGlRItk3SE006bTFG6zliS3DLtiGKcSjmmsYWSCNvjMEYIYxwoIhwqpbQ2EQWRbkWRY7MpXZFKRCOVKJ3ZDNSSBlIStYRNpgl3tQLjOAVktmGcutoRLoqQbLeUSU9ZI4wiSildhBqtjVNCjq3WkADSxjatlqrWKJJsAuFpAu1e2gO6vs8g5CQFkXIAFnKmSIQRgIUswBnCaQcKORMVbGRZCUES2JJJKWimYCxJyLSgGCEwhGTSVgiQDMLNKCRjO2QTBMJFgB/64IeYbFOTwkxBQ2HhnFCUEhEB6lLNLc24HggFAC0zIiyUiYmIThqnaWyjFGrNdqkVQ7iLkiZpmEKAVSLTYMt2ulmKKGROJmTbk2B5sLfY2jl18sT+4XpzJ1ob0woDxsIWkYFk0oAhJCRjYxBgQjgACdlGYAmMIIOwjQSZWEgmkZSWII1sZEngQI6QE4RSxthGjcQwTRNWklIIqMXZMlMGYdxyKtHZCVKJmp7saRptShQJOw04QgKnVcx6tUbqau1rN7ZmW0WllEzTWkNhEuSYLeYGyDYR0SThBBGRmQpFCUi3DEKhGsqIbJPJCckmauYEEWiaBohaqrFbRleKOhTDNMgYRAhFVECZBpMCO4qcGMABtixhDALJBkAGBRgQoLDTOKQUYSwHYBmFScBCFrIdAhAiABGAlYAtAZIAGcukJVlOGzAqICJQOiUYm81UFISQrIymZtdSSilOB7KE04ps6WksfSdUSlgxuhUSjCklbKuBUITsRCEApZqcU4taRCRpp02RahfjONpWKW2aoqgQjmIzDpNCTFaJKLSWXSmiADa2IlwVmcYuNTJpbpoIkwTTZFRqoalUgQlI24oo6ZGCMtxGCwk3VEhbtqQoFQkDocBpp1u2kCCwwQrVUlPZbCWWyQRqV2lq05q+YDsJCXA2hITcpBphZyXSmGwtG86+lig1W1okok1Ri2pU19Y85dQgMhENGRcVo5Y2lkvz5Gy5JooYR5XSSbbDSmUElEKbMoWTWj22KIqIYT2UKBHFUFWkyGzNWVwqlluGhAhKc0unE0Vky5AIWqag2bXENExCChHYGLuBHEStKlHGNmJQ2LabQhjhlo6QFGAFIVFpIyOtL6q1IzPtkJAsZWZIoWIhHOGqGgJkZ1QVwjZuRqQjlJmZLaKWwjQ1SWAnKliZ6QghkQ1obiWiEK21UjpCbk2lYBtASCILmmyBorZsEaAq4WnMiMi0mCZhVBRBTi1thF1st2ylFKG0x/XQ9V2pXWZO4xS1llKncbSNQiFZUpSgZRKUKK1lG0e6wgS1hAmwHHZTItkmHaU6W4mIqJktbUVEFEu5XguhUVFBtXbGTmxjbAQoM0FOqLVma5mecgC6rpaoEtgSiWSrQCohAiGMARtHyiCBIQgSQAKHMSAHAhwiBRYYUkgYC1lGOEESwhiICNIWMkayEbJTYBkjo7AViow0WUoAqQDcsqXtDCwqojEh3ACQp5RoJmuUxjSOU9QIArDSTRGSisjWMlsLCSSskM00NodrKZmCbM0RRQVEOBpNzhIygOwkwplItomEquKgOtuU6UwpskBajsyGnXbUiCiZCSKqjJszJgEKTHPDthURQhIh3BogkCQjJGNsScpEJSEjnQEJxaSxjNVwSILEAgmMhQxChkAGjKXACjnTRSQCQAqnLXCglJFQphFE2lgSlkIYK7GAnNyMyFBBSOTUjLJlYCSpOFtCREYEKds0REaRM4whJWUjwpYSkySuKYeQlaRbolCBxFCguWWbMi1mtU/J6YCUjaZ038tJqSGUtqSqSHkapnEYu64WMIQj06ESRUK2M8JOWovaoUROCzkUzrTtsC1INwySG9iOUMi2xqkp5DaZEBahEtHaMLbSQUqi9LWkEwkLJa41WmYk2JMzmkpf29QCENm4eOmSBEKtWUVYKGWlHJYEYSMs21bKgcCWDCiFIkkKIAlkCAkbAwkqciI5uSKFKDaEnKlQS4oQAjstAU4kyTZCCQVMYNsqkq49dcLENA59na2mKaASIRMy2OmJcRyjKig4MwnR0lECYaNMo0ynx4ioJRRhcLNJj2TSdWoOKUVEIZulMDLNaSuFFUiEwiHs5qyqpWhqjfTDHvrwP/3Lv+hm/bBehYRII4Rkm0QCQCJRQZkgY8ASNggMIqVIkEAGCTDIksiwbMluikJaBmEkK4vDdki2G6CwEyPZhKKKCTQMI5k4LNMUQaZzaqWEkbCoTk8to4QEUbog07YD0nZi0QUGG0KtTc1ZUUKVaoQUjTauR4GK01EiKmRza45CoOii2Z4mEXaTSkRIRdiZQJSgyWRmSydTUiNKmdqglKqNa+kyM3EO0zRNvWYEUxvSE0kpMeVkYJoAhwKaDSElBtmkpHQEdiIJnCggbdkS2JYiE2ECWxgCJ4GNbBS2I0RKdpNDwolthWSMjYTB4WKlkWQnSLZlKdyIiFIDIBsQKFSNmzMCOVQj0wIoYw5BRKlJylYABWxUS2l4mlp0miamYah939KZWWuVZFy6DuGWjRTKkKwIKbGd6VJUkI1tCzmnqUmqxaA2JTQkSaGwSLtkNqVs0anENIxJWpRSEDTGNnXqate1NkxOhaoKBhElaq0tm5uVbk4ZRyhKji0km6QFtUTYDWOcTZlTLUokMpCkUgxhHKJERcpsjQlLLYmwsRHYTrdSJZN22qQtIqQkhSdKabVWF2fzuJ4QLtTShYRRQMtaaJPTqlZiexIISq0gyEwnMI0RkXZUMSlqZztt2zRUgmTMFmJqiRQRUZSJpyQi3YpKP5u1acw2SmHCJRM85RSudqZca6VN62ENElaotRZRQsJJRDZ3EYo6taFgISODDZLUEkW6SZmJwVLITo+TSm00ZTiE5KnZWBCldsE0ZnMNDHZK1FKJvk1ja00lhZxZuioVyGxpGcvYthSkTSYFMGrZpBJSy4wiSbZFRBBggUJKp0CIKMUyzWkX25iUgpymNk0IpIgep2yVrtgpNhYLI5PDegyFShGQrl3NJLNJlCiTJFKUzIxSbVrmNE5jm/qIEBGR6RJkmiJna9lsS8UgQJFGoJaJS6npFAopUyijBBYOKSBtA1EKUk5TLRUAO5SZOTVDF5GkFQVspbGdLUtERlOJYiIYpza1BonCEqlSyMRTUguARQjbMkiJJHM/Y1k4jRCAslkFCKUthGxbJoUk2UqZTBWT2BhjJGUaCTkskyDLGAMGSBkrjMOmSAlAQQCSbCnSKTIIJQ4JJw1L2AZQCexSS61VoZwMiTRlc5sKOCRQlACHnAClK87JiT2FIopbGyuV4kxlJqUUwDLGDoRoLSVLRbi1LBG2hKLUkDIxiZBkcLq1VqowKYdUSrSpOW2QTdCmhokQURVJyKbZCJPCIMhEAc60BE5AKcmJ5AQHQgJsg0UYJw6QSSXIgVM4USCHDEx2INJgo0AtAcJOMrAVTksCY0kSJCIzpSImmQRLLUwgRCmy5bCslKd0WEQmhjAqiALI5DC1gFJLkZpToU5qQMt0Sg5FgjCGkCgASpXIluFoWFIpUgRKnIANdgkStcw2tqhRAmVISMJIQiGVJto4lRJAqSXtdMuWtSiiTrZthZCwbbdsyISCkKLR2jTJuIRwqcVEgp3OtAlHKcUiRLZULQWDcEaprSUQoSjRxoZIlGBnRSFh59QKCssQwcH+vq1a6pBZcNooJCPhBIGFMFcEGIOMZSuESZDABmwIbACMJUsiQQkyhMCAJacFUhICYygmA8BItg2SQWEuS2RqLTbHTp0KN0VCdMVtnLI4TCZBRkSmHcbF4YhKZGZapiXh9NgmR3Qh0rilaimlZjYHzZFtjBJtsuoEhGTLQtiZJYozrcR03aylx3GtxApP2cIRyjZl6OEPe/if/tmfFYXT6rAJk7iEDAYQMpiAxJLACBDGWAgsC0NgCIMyISCR3IwkAJmCbUthUwDksO1QtgyFsOw0CpEqYcmjLWxsSaHSSJHDlNEIkBTCKkXT2Eoo07luDkqVQgVls51IgomUA1IKlTqrlmOapjUOhYrTlhCCEGkUIYVokxtNRGluNgIAnEa4qYSKIgKTJafWsjlx31esNqYiSikSzjSUUpymRC2d3TLJNCJihuxmQQsB4MQQkjPlsCwsDJChwCnLlpotIWSjADtQJpIzQiDbCpySbCSDQFgpBJYAkASkIYSxhJUkJnEY40ghFKQJJ0QIIWEcUpIRIUcoANJCmdlaYkcnbGfLNBJOUCmlOSNklC3HNmYm02Rb8pQtLKexFUythVRqac4wOCKcEunmnMZJloK0JJUaoFBJJwJkLEfKpCNkokopZ8vMRlAcipBoTbgFAYzTMA3NuJ/1AoQU2GlIEASlKUsoE5T22FJYpZg0khTCKsopitKEsOxEBRwm3dyUKIqENU5TLVWhtLEzEwVuUpRSI4pbTpkRIciWUVXomkcpbJCkSLXMVlTtbGGnSg2FQqG+kk6nhC2DQgrZiSFxNKOIqMKZtfQondjNEpkW4BKepmYritrUZBtq19mkmbKRmYDVMoPEIUxIUBPnZHkspRbJ6ZYtKKVGAKY5hUKyTctZ32Eh0okzrFKCjGZnprIpipySwHamohBVZAg7TJbITKMikkSBc5yAjFCopO02RhS7ZUsgumInBoVtu9mKGrLSLWrYsi1UkLGF5EjZEgIbS9iBE4kM59jC4QgC0TwZWktsRYEmVGqdWqtRETk5IdIG26ONAUtCODOKSNsQ1ChGxgGZbp6ULrVIgV1KiaKiSBjHIWqRqoXSiRChKmQnuJQAJQ6TZqIJSUREBNOkbKlSQhUDLqWAgHQzCoVkS2kXpFKnaZia+r62dFpg0hGhGrSWDTRFFFCNArSW4MTJZZaFwnKEZTeskGQpnBhsC4EM2CFJpIVRCAtMiDSyJWQhKW1hIQsyJIxFQAobrJTDckjNlHQiwnaARRijJEPYchowCcgJSIQ7mLI1ZKdKlOJozlorQhZSutVS7JZDhgpCEMSk1sgSVcbYaQuRtsQEmpylCFBKCkc4U3YoQnJiJZbT6kQaGRUg04KpTVIgYQwtJ1AJIoRLRAonQhmUCOwkMOSUESFC0kQWCduptm6YEgWEMZIMEqQziVAGEsq05JSEhEHYIEQkiYyRlJmOCCCClpIV4bSwEShILAkjoIEwCCEnWaRMSeIyCwmXVEqGtAEBpAW0TDB20khKhCISWcaEQiEAkTZGsoJsztZqdCiczpDAIY+UrpSItD1lE6DMRtqFLrqxRGstoihEqnQdrbUkCrblsA2ZEwpFKiGbVUxKEUWiK7KzNQWtTYnTJm1cSjVumZLsdKalWotdnWOJElFbG6FF1CwjliBxqIZs5IwokhWVCNmykdJjhqTAhEByy0lZjVUCJ1MD1agKgnCm0xOugduUeL1egkXglpFuUpoip6UwKQQYkShsC1uyQITTFpbITFRkSQCIsG2BsC2DkMLYtiw7CQGyhVNSKmUZB0ImUci2JGMQQoTdLLAXGxsoFLWJ1lxq2DbYCBlntqISBSnIjJCiKt2coUBVJEWoFKeTZo/jCA4BUEvtOmeSiSTApMlMSXaqSK4uaWeYNCUkm1BEAK2tAz/ykQ8HuTVjNUuypHRiKXDaCmyH5EThzCi2sUGSAEgIy+Iyy4ZipUFpAkAmMbIEYYywsFVwk1JSWMiypbAhgkQlszQbWUURRW5SZstsNQoR6cYkKRp2NkcUkSFhp4BENiGBGhkqAESmawmppJrlbC69ZARRw4nTCJPNqgaFS+IkaymgtGlNpVTJbcpxGuRQEQ47sWoXUkTRerk2FDqcKJpckoZBXd+RHt2Y3NXiVClYpfYBVAXP5iYIwlggYQsDiZQgZCEQRrJtRTRbAhQ2gZHSBgcYJJETGZLSFmTashyQEpZxyElAA4VKYlKEwwIsIMNhMhHYgmZmsk1ITgs77Ix02llKsbEzoiRpEMU4mzEOkVjua1dmpaUVdqNlixLI0zQ5JYhSRNRQy5ZYhEQyKeXWUvTRtWwQpXQSLTOQQlgRmqZUKEpBxpIiaG1qbWoRakUdZZomDEHpAjRNTUpZzjQG5HSQLSWVCCSFZLVCNEcESjcLS0rbmVLILYpCYatUTc12SiVxKCgCTE6tCYk0DhV5sgHbWWsVQJmm1lorXYBSmZiJWiSByZyswNnVLimkLReFAymszGx2KJ2iSLVEZhrnlCiEo0pIhrSqptaGcShFNjWKhEPgKEV0pdjZxpatNQlFgExipnEASi1GgSxILEeoRqkliqdxbLh3iYoMYTsnR4jAKJu7WW1jtmzKAsa0KRVJasqpRJGdGKsU4XC6OUPRFWEaRJGQZVldqdla2kJdlKbMTBRCQDptUDONKGmrmZBNEca2bUicaaNqJBqOdAiQSYdkMEahTCS3NkoCJEoJI6cnMhIkDELCTqOQbEpEkho95NRFKUUt0+lpmkyWUqJGVZ3cpsxQyA4ilU5HDTlVuuJUVabTTQakEHZElCi2yDQghBTV2RQlEylqCWO1TJBlJ8bVU0qIkAjZU46KiAQJpzGmCGc2ZUR4SktRa6ErUYzBpZCWbUshOwAJgKLISDtQw0QiIWFliSJskhCEZSA8JRWMFCItZJBkGxdFphVgDCIbEQBYlo1RCIxTAkgjwEkojcIylmVlk+QWBLItLDAWRsg4wAZAEkAIaEkwglTlDGVCRpGotp0ga7RFi8xpapmlujqskChRjNxSpdqZdqZDQjRLJGmVwLKIrlY0NVNLiXCzyUxLAJ6aS9gEbi2dWSJCYQjJcjplEcIiIkQ6FCIThQRJGlBIKjjlbCpRmxRhWxGOkCwJGwc4jRAyKqEkg7CBACMsk0JJBA0jpUDIIJKQZIA0IdlOE2Ebm8CKSEByhknkIgwCAjkB2xYCsBPkwCQKHGFZSBEhII1pkGnb2VqUUAm1TCNFTqkIB9lSwlZYTSkzeSgZEpkJLlGjQxFpGyepFIUoSlGiG2ltmFCItJ0tW8taK8JJQtgKSUUSJm3ASrnYztYiitHUJqo6lZTTqRIOOkkRmXab0pZRAHKzlKIEslsbk3BXaimdW7MdhDMTIwksCZsCQebUxswGqn0tEZmeWrMppc9sY3OVkRpp21JOgAmRxk66jBDe398HCEVESyMM2JIslIHAgBMKCBsMGIcxCNkSYdtSgIGWiYqUJIgIEmwbCRO4SRbGgWUyHZJBkm3JSNgGAqUAI8thOydgZ3vTbk4K6XBSCkbRFQwkEVVKkuaW6a7WUgXCTOOUST/rSauYUkIpR+ZklDamRhFSKVYk6WZByAjAREAaSdPQkuxKlSyEsA2kJXPy9EmErRIVsOVIFAI5jSQZwMIBJkrmZIUMtgOlCJSkDGAbAU0OAIwBDBKJMhFYxmkFNAGESWTLGABhIxkoViuKImE3qzhrhLpO9jCOiUGRmcYQtkNyibCF29SSKEFEtkkKIcJOJKZpRBFSRBE2wpaEQ4HVhGzCajSEkC0VA9kwCgkQITkoEkIUmRKSQiRuSYnqsHPMVlRKFAoFKGR6aq0EZVanTBnbJtVouGFAdqajhBMZC2FbFkAARoHBaUBI2IhiW1jCRtgpZAsQTgjZQEFGMgghF2MsycZItkEpZNlphCKAxCFjgVwTIxIQKFs6lZlSOtNCKcluLqWUKAjblhWSMSQZgBCePMkRtU9sZziam9NpBxEq6ay1hCLdZGFMYjItSUVd32emSqlRsLGRyKTr5bTIdAiATKRsUxMKIZWuGrK1IQdERCkKJGeGFNFBCixEpE2mikiaKS2ndISYMo0iaq0t3FpWiWyZFumgKpozomBkMrFapp3uajdO6zamFLVEqAZq2UJCjiiSoiinbDnYKRRUBUKoQE6eSpQpM4zTpUQpJZOWKRUwktOYlokEBLaDIjvtVIkIppaSSCkw2ZrAEZF2kUotgKWwnV4NRyql70olSnShMrVxvV6ikEop1RJCoCAkpGxqbiYqUu07IUkm0xQJZGXabZQKUcJ2dEFjmqYSxUEJKyqhbM2AFbWE5URYoV7VuDVKoVoJkC0jSFspchprLS4RdonOSjJT1FLtbM0YTESRyEynm52ZaqgjZUmycdhOpnANKdMtmyRJkhQBWLRsQUSEnWkkRERRywkUiCKjokgnstMhUNiOUhZ9ac1jurWxUGazmUSbJilSjqS1dKFNqGQXIWcOTVFCgpgyhTEtc70ealdK6WY1SlcwTmemJMmeWhph7FIDsK1QpIvKurVSUAY2ymlMh4vCyDnW6CRlNoMkWqoWUm4EKrVO6VKCiBwnMCqywWRLGQLbTgpJZHPpiKzIViAZGeEkZWxJaSThFhHONEKJJTCSLYl0Kh3CMkhpR5AylkCWhAVOFEooksm0JIwDmRCADVJaBNgWxWp2IONIWwJnNkmALXBrRISEM5wmkRy1WjmsJ4VKqRFuJiIQdoYKIaUmGiC5lGIknG1SKRRKkwFbqLUUgCIwzvSEQAEhNRI7QpKsIhPGRJTADG7OFqoRkoQBuyiQbbdmZBxJRhRhpy07M6lVodIi5cAghFRCEbUEwm6AQjKykIUEBmRZlkksAEshW4kJhLERABghKQEshzGo4Ewhh5SJlKIgR7TEgDMsIztFBE4kbAmwAOQEZFuJcWKL5gDJmSFFyNBay8ww6QxqlIJoraVKjeJQSE67JagQU7ZaIyKyZbYWpVgWSqJEACFZcpiWsrtuJmVrLdQ5RjfsZgciQEVuDQrhKIWp2U0qxoRpKAhSXRGkDK61KoLM5vQ0laK+1imbW0rRlWpamxBOky2hFVVsOwGBpObM1kJFBbec0n1Vs20DEV0ETk85YaZs4FJmUeQxo+syW41oThFSS0eNSBm79FFWVarL1QrIhEyDHGAhG2xLAgJaRBgwCMAQxhgwEhkoAScSaUXgxEg4lbXZIRDGciJhUBgUiRUYhO0UwmFBIiWTCSErQ2FK5NgEW4stZ0zTYHd2hIwKhZwaYNs4FC3TdsiZTakEcHRFU0pO2UngBAko0BRRFDJTThiViFTKaZcoJTQ5gxzHDMkwtanUYjCE7cSholLLDPTgBz8I3NoYEaOzCiPJNimFkUiAhLBFOIVsLCSREBZYJqRmS0hYslMEDskpYzBBZgRJWIg0CINsh0hkLMCAAEhhyGZIJZbCdpRqe2rNoqiE1NJyRhTkBOeUVhRI0g4poKUVTnKaWpGEohQZI5yBs2XirnQSOO0AY5pbFOQY21RVBQiQZCxwa61lSkSpwpnNBOE2ZrZUUVeKGxT1RE7ZcooIReSUU7ZxWPe1Zx4kKSKMi0NhpQ2YIkkkDkUaOYUcyLaFA2wMgQzYyJaaJBN2ImwJDEDIqcAYZNlGRiClLVsGWyIDGwlZDkdGkwOcJiKEjSTZTqUTIBHG0BoyGamowiEBtUYSiDY1CztrlBSSwiEoKohQAbeccnKNkk5JqkFaBZWoCoU8JSLdpBJFoKC1zOqIWmNqmHRzAqqEopBNCmSwhe0EZUYNGyCFIAJR3FqtnSAzDYooKpkJmqZJEUUZEbgYK2SwFBGSSojMaZiylhqSjEMRQUoFNxBWS5BbTknQDM2QJFaJIhERDjLTmVHrkIOilIhszc2hiK6TJMA0K3NspqtVJToxDk0lRU3jJEJgpzOzVDWnSg3ITKkYKx2SVKXItBQyUzYcElNrIc366szWMjOFSmDJkVPLcLYonlrpS6kiaikFQGrjJBxWhCw5DY4ScqBWnVYAYEtSSHatxaZNLYKQVGJqU5hSa8i2lVIpWDhViAiH3ZzYtuSwskA6pEwD6YaNbKSgK51rzWlym6a0GKJGUWBP0wiYiOiktN1EZhYRir7rqE7UphE7aocgwaESEiWkTAMGIcgQLUUhjI0JSSApMw2KCLCQ7ZYKO4HMRArkxDWjhLK1SqeCitrUFBEo05kutQTFmtxySktqrc1mncmpNUxI6kJNtUaolBLGNm5pWWAEOIiGsaRxnABEKAiBSw2nKUIoVTpJhIKQJxSAIUMRpU5t6qM2tWmcFAoMLdPRrFCogpKUwGDZjiioOLPhdEaGSacViZustFKErQinQWAjASBlSIlIO4QhQQJCtmQJWyAiSDAh2ziQQbItsIEImhUySDiRsAILbNJWyDQSQGABwgZFkQSEABUJWxTUVMNTYrtYKUkS6VbUVaXBNoSKKxXJbbIkh4gqMpSesk1KXAokthRIgbAb2CJNuJSS9rQecdrOSaUGaUJFIjQO02q5HKaxn/V9dWv0sz6kVFFrDgnbGDcbqQin00jYam2UaqkOFKKhsAG3ZuGUbQMQQsKBwImUiYQNAgVOEWBnIkXKhrAkgxHGICMZ2zQAyZaUJjAhLrOwLSEEYWwRtkRzkTKNUuBAiSwDAWkJqQCyZIwBhIRNKdWe2tScGT2ZDVO6PttkBdiNyS1KiRCJUhAGOS1lppCKinEgJwhZSaKW7ipWBAKXUlSY0kXIWMqGRLoVYhwGKSAk26gBjMNY+66rNck2tjRtajVobtjTONL1RGITERG200QNp5EjSpRSS0yZrWVXI4kg3FAlCBWZSRETBImQVKraZBsjhUoAdloRpZMEAikkT0aynWnkdNaWohlaM4AyEWmUAlAYC0hccCKTgIQdIlMSthFIJAqQbEK2FbYFCjmt4swSpEEIkSBL0eSATCSnJQwojGUrbSmJImOBTULIHkiD1UIyoIhoOOxkzJZZFJZCkSaiOhOnwZlSmKhBFqUtO+VMiIItZTaihuR0Oo1CxiKoKlmipFpMkdkkWrYIRaklAiunpMgA2SyFUD74pgdLGEkUrKhqky2TQhZuVggCJBlwg5BkJw4ZZInEaYEh7DTCgMFGNKkAtlBDgTGgSMAulkVSRAosK0XYacsmp4BUtEBVgFbrAVqpfThURQqlrFKK3ZoptbbWPJnIElW4tWYbCyhFGNtChlQGclpSrSUzwRJRqp2kheWYpgZWIZsTR5QklXYGQiDCtsHpZGrNpVYCZaYiTVhIKkFrMrYbjqjzRYDcbCxDomrbFhUDjjRYksChsIoyDQbJAEKITAAHmJARACmJBAlsK+S0bAuANBJGFiCrCSEZsAUgW6JhpRCGsFxIkAOMJZNhDESAEFkKbgoVSIMBBM5srbnrKsmUOUxTLVVFlUB1HFYlailh02yRlrMhUSNM2g5BBDZSRIguQs6WtiSFhAImydmmlqUEKNOlaJxaKiMiLAAcisTZUIHE2SxFqqi4k7FRs4siFEmGMEQJrHSGw1hpK0xzc0QxllFXi1ISkonWWi1CEUXOYqdUMsfRCqkWcLhBeBzWXe0l0g1bWGFZmQkURWYDRRcSEAFNqXRmRolCqEROOU2t1pImsZxRlCYzDRSEShSwiYgQAS3torAiMzFR5UyJqDiFMq0CoBKRJuWcJhQoFou5cMqp9JjTOOJSK7YtjZnhVFdBmQacSVCInFxxTmPruo6I5gykiMw0IBQSZGZYEUFzrV2alpOQQ21oaUpxLXXypKitTeCuC9lpIuyWmVm6Wkpt09RaKwoyFRFRLOE0zZNdrfTYWkhRisI5ZUQJI4IQcokyNk/jEAGl4BwhhCAzjQVGkgw5tUaWUqUIt5aeyJCkkGRsXErQQIBJNaUcCkQhWxq3jNCEI0pXgxKtTVObQhIyshsowGS2hpxELUUurU2KUkpgFCIBSnS1liiRUzrdyHAIgAjSJYqxG4hAJM50iRhzChUiW2YJoSikFARtaihkgSK6EpKcFZtQdF0vuTU7DWq0QmnGrTmzlKBUspkc21CiGCsppUO2m9MqVUFEBG7GYTkUDQsBjlSCpWYLgUgII+FAibERBiNlNiShTIQEthJLinQaBzIBIGwbKQFLJBDIgdNIEhjsFEo7QlhkAnIAUQu41hBlnKaoXYjEblPpOmcTyswI0lYIYyMoEWNUtwlF8yQLTNSSSRWSU4lLFBSCkKfmKEYBbm0UanYhSlFgKTLS6QTwMAzjOMzm83k/a2lkjANPKZyJFJBRSuCpOceGLEA1cK211pK2UMpVdkRzI2Fq9iBFADA10hLIkgALsBWmBcWEsWRLgbElYcm2EGkjkYpILAkMRshyIBtJImUZ20oyQCAQhpIgbAMSNqQtEouIVAqnUwC2LEqpJXAJWgLgiFpnykwUOY2ZLiVUIluL1NRay6yzjox0MzZZXDICkBDObCgwznCAbUG4i5q2bECEbaQSgAQmM93VrhTsFJQSpMfWCmHJpIRMZmt2QjpJHCpRbM/mZRonbCuqAinT6SRFMyHJoThcrTtUumrjllSVEtOU6SYroiDkICiluCWiRGuoK6VNLUWoKILEZJucOFSREEREZmZKsrGZhkw3bMBOlYIdctq2JYFkkLEQJlEorTRFtjERtsGBk5ABI2MHTkIJYASgwG4mgkAm7bAVgGzLcgjAGchCADIphLGsDLCzl4Dl8iChq30UZQvb2FzWoEilFmzbKNI405KzoWgTSSOJWoUDZaahRDVT0khBRJHTpB2Kipub0yZbS2VR1FISRSidQiphqa+lTVNzs2x08vQpJ9N6RSkkTks4UQkAo4JJW2FbqMlhmXQgwAF2WlKYDMKBskDiwFZgIWWasJwRso0Q2JZERBpIAcYiDKhBODA1htWENJvNcbpECVliCskETgtKlBRTG23XUiNKKDLTiYqz5TBlESalKBIqma0omlMpwBFRAJKmjMRqoyRFZObUplAIpVuzgzCWQwEBTaoKCSOUEUVAKgKF08IRxmlqeioRlhRUQqXYknFmWCmFihooRDYHUIiQSGFQ2rKFZdsCjIGwMgIQtoUt2wICIWEhJAssEkICp0MkhIEksTIkI0CmmSIZDAhlUEwK0kYmQzLGpilmgBAGRZRiSLJNiaKUiADXCPAkQIACy87MdIoJaG625JBUaslEovYVq6ibWnNLAdhGQiLTQMvEltTcWpOzGZUoXS1pkVNLCrLANCcEkiBCbWpkCVGiQ1YgBU4nJrFbZsuspZRSJjtMyONkZyqkCGRSSRIgtUymVLopbQFdiQRJhkShkmkIZ6pKFJQqMpoIhRKjasmZnpx2BKVUy21yBIGwnG0KaE6ngChCzmw5SUQUYbsphcK2pBC2x2wlKiBEAA4rrQRyas0KkYEVyM1TTiKiK7YVAQra1Jok2yFlTjIRRbVrbcIoPE421KK+FlEtpzApiKgKSCuiUqJE2KCUyWwSRhElQtM0pVyjSzndRAzjYCtCCmRbESWAcZowRZRaJSWesgUF20YRSM5m09UaxJitAJBtqpIthzKN1EdkRITCzgjCTiuiuWVj0lhDESolAKzW2uTsawdq2VpSS6Stolq6aRpam2pXSy05TFPLiDDNJUIRXaStwDhtIFvSsnSCQCoSXec0yE5Z6bZarfpZrwjbOLM5CirF6dp1URQlsKJka82kmyNKjk0hSbUKaNPoJErJRrqFSlEgka1ZxkFEUUSMmQVkhyOzRQSSWxKZrSWtRti201YptUQo5MyimMZRNRCanJkKhWJKbIftCIm0mEYkklpqSC1THcoMBa0RCNIS0XWlTUApSisSBKAmkOUUQRiDpRSBSQwosIWQDQpshBKFbLAlyU6ErARhAGEibAvAgK0MMABYlklJshIrU8aOACZPgANKN7YMVIK006BUrW09pVstJUSmsSFskKPE0CalpYAchwm7m/Ul5YhiS5ElIt0ySwlJbWpFsoXSVsuoRbMamRmhtDObJJXw1ChlPusXG3MhiUjb6WYiooQdyrFNMpYihJxIOZlOckoqitamaWpRSlfr2BK3aRoJ1a6rUQyUCihaSNgS4ERCIMgMhHDKWIK0JEkYQBJGsiFwZkhYAA4rwQhjmRSyAGMFkkiksBNANkaBIbEkpUEhkoYjEY4AFDVkikgrhykCbNUilG4gZ6pEqQKFSMXUMkKzbtaySZMUhcBSjZJuRmhqDVGqEAhsGSy7oVKKnEgCOW0khYQgG6XIkFPLzFQGJlSihEIGhYuNjNwctCglOqUtO2WlogZWqcWg1mxj2jjalFrSDG3ouq7Uki2NiRhbC1RKdUsCFPYkISKnaWoNOzMz07VTqJSK3aYWEqK1FqVCtjZJoVS2LKUAgQgpkMrW9gYQqq0NYoKCQliCtCWZxAIh0hIJypCckrAQTivcUiHJRjgJSXYalERgZCiBLSsFAikTSYKQ7UBGkUJpC1kYJJlAyDQrikLBvXdfDLVhGhfZFSI1SaW1JKJAay1tiZxGqRBIJVtKLqHENBRBZqZLVyWlW1pyQDpNUBQTk61weiLTOCUsF5WWLSJqCYGjA0/jhKKpgUqouQjmfQesxmFW5ibSUyACGUOEnZIC2UKIghAJYQHGaQVggSOdNJkUciDJxhhJAiuEQIQxAE4LOxSGgqeQM4twFDeHRYQC49zY2CQ0rQd1fSmiloiSaWebnMIosEMyam2SAlRrSWPclSAkpMxURGREpG0bIIKWTGrFoVAXMpme2lgooVJqkUjLOVUKgYKcMmooSsspJ6IgKZ2K4qk5UMsEQpGyrRAkCltplyRUaGkSBQqF0oYEmRRRigBkjAICHEqktMCALGRQAwFpg4UkZFnGIAzpLIRsAIGNKKEEWbaJwEK2jdIOYQlzWSBDNBwggMAkJFIa206AqTVEUWBUKC4UTy1t3IrkEsqMcWoSgijVTmyhUDgsyAmrZSZETo1SprGV0OSGcRA4DWSbPLmVIhFFamlCXcRkHHRRBJk5Ta3WqIpGq6WO49pGQiLTQgDKWnoqQxuLsTNbRihKJyasCCRRojY3bNR3gY2whVBIkiRbkU7USAGKNraMhoQVEQqmqUk2UYpQyTYpSstWpL7WqU2ilCJDiWi4Imcm5JjCVsm0MZm2aomWJUSmm1uJ2pXiJILMTGuaRkoNVEpAtMziqbXJTpmu7yWnLQlsRS0kibMrNYlMl1DLdMtxGkIlbdtd19ciS0JuIWEgs0SxwS4FKWxLCBTF6eIYp7HrCqi1zNYqKcJO5+SQkIwkkkbDpkRJUiKiS1uGbK21zCiKFCJtl1JUi+w25dQarUWtEW5jUqIEtmwrSHtsoyQrp9YEjkAKhXG6gcJuU1MX0XDDsjJJEwSBotYiMUxjiL6vY8POkADjtENFEumi6nAbWxMEffQRBoGxszkzJ2dAKQUyRAsgAVGSLC4RAiDsRtJ1tSgQUoBrBJJQkM3ZWtoNIhRFai2dzZIkhYzSpqVxRKSzFEEXYTePwyhTaiUiW2YWp0sIjERQVVtrAEVtnKbMqlBFDtLpppxUaiZtmmwLPFG6kplTmzqqa9RCZqqE0kSUwC7hmBjTGAw5paGWiNqB04lTbq3ZbkFkEBYkKYMwSBSDEmNEEwGSsVIWGMkIG4SMkZxIOJCNkUgAFCiNsGiJhMBGSJZBGCBsE2GZVMhpgJQBHMYo0+OkQrMSC9lWwS0JlEJQQgmtESrORFPmNE5B1n6GaodAKMGBHbSWOC2RzSHsiMDZstktTFFRBCYiMluiEmHSmBqQrUG2kKVi0Vo63RVHFBspJFsWamTtwinJoQKeMovCVpsmgFJlHx4dDcOwfeyYKCgFZAKFghuuKHCCLCNAYcCCBCGLsAw2gEgQICyHZUzKSiOUpFAKY0kJMpYUTklJKLEQ2EYWYQeAsUC2EkNAChAGnA6g2TMFVTY43bASjEFyogA5xyRcqzJp02RJikyXLmzcksvsNFYSSdq2CdJIKRVDm6YAlSpkJIwAJS4RKU/jANRasJy2M0qRnGlSU2vp7LtO0ZyyM0fVqilTwnItpbVsbQqJUFGlZRZHUmolm1RDyEKkU+kitUzjEIbA6cjMqJItKe2uVFciSrphhI2BEmGVdBYIFfA4riEUAmzbdrPM8WPbiLQnGwNABpEYQWIRCEghyCIaxhjJxoAIQCEh27JTEjgxUihso0hAFs4UCBsRyICVITkNAbZSROIAhEmQARTCUaTUvefuaarjtHJuTmOzXCsUFSskRETJHFUiM5UkkK12nVBBJosCgdvUWk5NQaplUkqUWppzypQkqZQ6TqNCUSJbhoSzlCgK22NrXamZLZ04JwcYUAO0sbEFOFPYypBoRkoI2RZKIznAXGYRAYCEMyLsFGEsyUopjDGAwaGwEyHJggZkgghjQjIgqMpGybAS0JQQliFbpkGSsCUIZBI5M0SCoCWidV1NEyQKRIjE6TSOiFKjNRC0TEOkIhQCAQrsLBREpkWIjChgi6AkLqIpFMbKKSVhsiUQymlKFNMwRA1s1aqoEcqWY7YIQWCBMXJauEiKErW1FhGYgFB4SuUEtNaABGFjWiFMGMJuhDCBjK3ATkkgyzYyCAxhHIkVxmBZSADQbJBIS7Ity1gBNg6FSDAoEGAAS8Jgm0DgDAeKIgEYm5YNZ2sJBvqut0lPgTyJMFIJUaJNTVJmRghbUsvEmZkKFRV1gR2KdGJC2B6nZhAiorUUqqUkTrdiTc7WWkSkE2O7q4E0ToOitGxOJ+5KsS1pmqZau1oKeL0exmFotaCYxnG+mJNNIslmYTwOkqMUTNpCw5Qhaimy01aqFiZHtgkRhCACSUhSSMpskkDZmkrN1qpCOCKMAwrFQRQyNbUx7U41pSpiXtfDUFBEEMpJhJstp6IIiVAoHVYKGeGmUkOAoKIMyCjVTGMStJYKYRuHSU+jVJAjJtPcCgKHnaarfdQyDuM0ja01EWmXUkoEkLaitGnKzEzXrjjTTqOIqKh2JaeJqNM0kUREiVKjQDrtdJZSFcWZ2E5jao00bs12qQqQSipBtl0VgE2CRHqapkwLVDtJAWNYbpkBTVEUMBllphLn5FIkqzlLAbuLmlKb1kjjhKCWaC7OVAlBKdGaIRGyRbRE2ZozZVAtgYkiZ2YabCAUkgggW0MKtJ7WoQ5aEJJAUYtSEVNaETjT5NQsHLXioSV9LbMyH9sUtjNLKQTNICMiZIMJCZwOAkGtpbUkjS1hXEoBSXI6ydZaUEqUKIHAoDDNRg1FtZMAW4p0Kk1RX3qFptYkShQFRcrMbGCVkLFNG6dSyqzOkOw0lsK2StCSDOTJactuRGAFElImoOhaohSdiiELnSHSGeCwjFAaZAvSSDIBYBNgJbIIGxBITmMCN2GslAWBsGwRbokCAEVYxpIwwmkEFiREYCfItBQSanbLBMIAU8tSpxwcpfRddarlVDKMS6ipCMkiDEXpZicOxbzvU5YNQkIUdc0JZCNptZawmsBuOAQWUCgUGcu25JbNNigkwi1LCezR2dqoCDzVUrtSM9LJ0MaIIqsURIHEnhpySqESpN0md9F1fYSkKLUE5VjXO5tNy5YuGAWAMVEQOEF2CiGwLBtJEokEIMtY4DQFozApZEHaASkJWwGJDKDEAQYwBEhOh2wLTISxUUCiyGaFQRKkEcaJAAFTimyZamnLckSbhlJqiWJ7ai0UtKQGIRtJETjBOFtmOiNFLeF0ywyVErIZs0lSYONMQw2nId1gakMpxbg1FwWWMCGmJhG1lKhqU2upEtM0ASEiIkrIMshhQXM6x5GUlYRCJAFNU5uidHKz3NcKitCYGeF0tjYKT1MrEY0MFSmwc0rLkiXZNkSoqESEoU0TEdiEAjmdkVGDJHMqNdJ03UwKcJtalKClajXe3tjC5DQWgyoyBEbYKEQKEssyUngyYSyBcALIYAAsy7ZCtqRUBqQhcbgJ0SxFRoaFZGFbBkJpBGAAyxhAstNSpClh24YSXcp333WPkr50E00lRbWzKIxTDsWUI82KIrd0UxARkjIzse3WJpWwIsiISMk5SWGTtshAUrRMt6mWKjEZO8EiimoqaZmtNSkUs66zs2WmjTOxoRQBTpkINaeIIluBUokFAZAW2FAKTqcQRlKmUSBjbMuyJNuyRZhMEkJkZoiGQhlWphMJMglBKFNEiyx2OkJysWzhkBQlQChK7bCbU1GMhIrC4VKZptaaS5FTJkMxZQNKlMzsuiKVwOmW0jQ1NQqCVIRsqC5p06aUIGyphGznkFOZIuQIQzYpXCImt2mdpRaF0ooaSjHrQhIilONU+g4yFCWESDuQM7vSTcLZUhlEZrbWao2ikjSHjAyKAMJySIDAaQIs25YCIwkbJKUlGQtsIbAAbCOwkMGQZBEQWAoSZIGtALBlK9TksJwGwGClHDZIkrEdAQ6UaYwJ0imIEigURW4IO0OBQwpFNii2DW6lBEIRAkw6JalGDrTRUafSFSfIbg5hij0NY6tdLbUrIamlc3KGKLXL1pyupYhobbKRSAdEtqwKcJSQadkiQlKUyJYtsI3papeyTNd32ZyeJGVrKEoUcEqZKXuapiBqrWlPOXW1enLLZgKFFEpTlK0pQoRxqZVMFHZCYEtEkC0DSUHKciPVmBJjp2VnbeFwyKlQmVqrIRrNLTIUgpimBBMlpwZGTGmnpVJEgsk2TQrbJgTUvrOdTo/OoKiMbRKEZBAmsqLMRKX2FdsICKmUCiCcbm1SFAEYRUgZCmdAQ1IhUzC1yZQomkVtbcxEgogqA1LQUUEkdpJZSgeWcJpEijZNKUrFCoUDhZWKbKNNTpOEQLJQSFaOSY0ytZakFC1bJBGlU5fp1lqtJQo2soxtO+zWolQjYUlIxUyYdMLUHDhBUqgoAqclCBJjVQHCk7M1l1CoqKhNaY8qUijTqSRpTFFKCRKwswlynDKkKaklalQCUOm0Xk1O1tMYmsLhQpQwtJYYhCSH3JCxsIkAwhEBlMipUSARShwARsqWaRQoBLilIuQGmpprERjskVYlgbHUKRpIBGEnypCs8NQiFBEgoDWjJoXlTEcIM2VTKDJDssCEcIQtgHBEtMxIjdPglqpF8jQ1SkQBh8JQnCnjMFhCDmyFDGmjIjeMhKUsKJEBsJGN0oSxJGGQbYvAtpAxIFvIOJ2BlBDCCZChsEGBkZCxnZKkAIwQ2RLbEJCW3SQcVgKqRRjbGNMskZRSisI4p5xa67oqhO1Ik4kCAoFSrqW4pZtLrS4Jxeko0aYp0xG2CIRxa6moJQCLblZjdGaq1FJKSKKIHCeyNUUJJGlsk1AYiwhhELWvGJSKYuc4jTTGaUy32bwXHQbAAYBsQhBKWxKAjXFIRmRaJAohWY50SqFMCWMlBBBRTIPEMg6BBXZKshGBAGemJCDASGAsgbFkSzYBzYQCrMAiEcYQgJOGARIopYaxDVlLASXZTAkymaYmESEso1o77GxTm1IqIYQVUvOULiUiCqRDtqyM9GiXGqV0bWxYErKcOWUrtYsoEWFP6/Vaiigh2c6QpGqnW0aRWyYUKYsiFVIRRm1KMkMlChFdy+ZUVNlMTrVUCEcpZKatrlbB0BxhMChKhERRTm5TE6gEdpuMnEkVBFgRkU6MAWWmyRTqugoap0khG5Xouhro5JlrgbQcDisThRNBARvhRAGAkQnLMs4gjC2RgBCgNApwyoZANgKEQCiJ4sxwIJPgRBKRpGwUslOSU1ISwkaKlGUyQbJIg7n1aU+PoJvNSpnXoHk9TrRoStPU3BzqakHKySWMCqRtS4ESIZeI1rLZtVQykygK261NkmyTmVjGdqi0HCNqreF0yxZFCaUUm1Sm3UVRlDbaaDUMIhOAKBIhQqG0JTcrAIRxyAAU1JwCKRxWAlYIbFuKTAcKskmygRQylpAppEPYFhCSDUpQ4siUKhNg2zKqbihzDGobx2wNBUYQtWabQpJkZFIORXRdyZZIKoQxYKRItzTNwo00IOhrJ3mYWiACAE9uxUqkKGVqKTuqQFEwGe5IwHbaErhhpUovU9TkUFVRcZoSSmfBzohiG4KWpZSQUjm1ZiyVIElHqDUbQiZDWJJAAGSmUw5HpFsJJZAqCCBskEkShdMGQFaKALAJYWFnGEtyQWlJVpHTAQgTIkkpbAIspy0hJwRWAGlCTjtU5LQt2Ui2ZQyALNM8FfXTNE05CfWzuYpymijKCZuQpFREIKBls9M4LEu1r1I6A0UpGsZ1MzVkN0zf99GFW8umruucbm3KtCJKrbTMpBSrFJrtbHbYpVbbOBLVYD2MFEpfC04SyMmKKCWmliJLxDA1iBIloiikkEdFkDC1RKJErXVsIylRaimZ03q9jFK7WtOAoxZSlkF2GpOU6Jqsls5U1MwpoZZAmZabI2SnoZSSNpkOhxnbJLnUqox0m6aUcmM+b7jloBaBEdhpTdMkuZRoiW0JNKVxA8vOUoplmhJHCdJdX7OlFdhSRBRwZguaXZxuOUnhIBSlFKcDEuU4JS61RnMppSRWIdCUEYpZcWpqUyYQU5uUqBaAdJ1as5MoIZOZ2UotiihisrIlTospG86u6zJbmKi1tZzapAhJEk5jMqilYixyStsupUQo5OZ0mxQdlKjpyULKoKQg1NqUDaGUSgkZLNvZkswakU4jyxAVLMCWSWzLUESGnSFaEkniUFEASDlOrRC1dKg51fUdoQgJDePUnCUK6a4WE5JDZWojSQQ51YCUMGmblMPNFIeUAQ1wSBkWaplFTFbYhMamKCpdwUqyecqGomSmcUCpBUkGk1jONBHR9ZJNyMZBZLOKRKYjhHASAVFsS0FCEcZpyY4olWzRcpimjFpCVVI0ARiHbINDwjItkdDULDmihEqUBFkQBVrKITuREgGplAXINCEswsIoEWpOEbZSko2MZAxIyDYSti3JkkgckgFkkMCWCEuQIAyBIAwCK+XAtkMIjDAQIewoJaKWWiQkKwo2mQlgN5qslpYCLNeIJiVurUnq+qo0IqJAhiKdhEp0dsqksQEPORVARSTNTiUZUkQI2yHl1FKEhBWJJaGAsBlbg5QKhMkiRExOktqVtDEyxpKcGVGncVoPgzO7rk88TYPN3CVChAErAaKAQbZlJJvAUiRIwpYkKY2cKJwhpVPYgJGUKHCmwAqjIEk5LIMcqMm2ACQk2WDCaQlEGskoSSHZUISNIWzZAAIEIDlKkZVkQLqRkQYhhVRU3JoRgCLdCkENtYbIdCklVDNHRcVuk5EBo8yULEpiEpJaakTN1qKUJItK2pkupWKnkO2MEo5QrTWbHZi0G0naQSUcyAJSEZIkZUtjE9i2kUJFHVLYZhyJisj0OLSuhAISovQqOHOaUCgiE9k2CtVSQM6WUlhRsOyGIg2lFJCdpKIWE4hM2+lM29hyF+rc2pnTpxDDepjN+nRDYQIMNikIBU4SA7ZsQAiDCdmEnbIEyMKJQtjCFqQQIGzLmRImlSIIZGNSckJgy0Ko4MQpBGkrHQqwZeypDar1r//2ryZnVR85TXaTcKsqLjizRHWaUFVlhigqkWPLbCoFRRRlm6YppbBSgiCkGiXBmeDmVksNiczWmnoKFTlUMpowOCJsbAvbtJYIY0WUcBosiUAOa5IV0NJI2FZIkkHGZCJJBoxSxkZhEmEQgY0tKS1JUsMhy2Fbsm0FzpDSoCAdYJmWuLiliYapJbuYt5xqVzfm8/Vi3i+X88XC2HJXahpEa86cmjMIMmvpEeM4BipBStkcJUsUwjlNFrLIpESEMhM5HDmlixJEKxFYJAEZzsRGESIQOEupE1NRGCOFi6eG5AjCTgjbirRbFsl2Cpl0QwoyU2nbtk21SrGdE1Ei0wT2BAECjIAgQpkOk0Q2A0KOhguJRIIcDoewBAaEIVGRnUIIJJxCRrJDZBopUSREk4PAFs4QiZDSjsAgnFBwpkLObCjCAYKUyASDwQzT1Ddcmp1SRNTMNk2jreoSRaQinIScU8vmlJEBqVOaADfGNs2jgoT6Wp1Ta63UGpKs1phoFJGKEkDamFKLW7bWQJIJFYXToWhKUMGGUsIYDFFKDOMQBGgcx9ay62pLk02qkFiesqEgW1OUKKGgllosO0FM0yQwlgI7M5uzOMI0N4xKsW1sRS24kRK2RT/rhnEch3Xte8mlhCKEQyEh4xSQLSVjkowgmmstpdQEu1VCtagojVxwuqUUWOl0S4qQwpSuQNolhDOoyArJIhAllK2FBM5EdKVrnmxPbWqtlSjRlbCcTSrR1aLIknYGst0ylZKwrdBklyY5pahRh3EgShQ5U1FkVzBSOKVquRQExpM9TVNViSjIxSWdocjMBBKbtEtmRKQlJSEZKUpXW064gIvqkFNkogCK3NqUbWqZKGopUSKn5kyIUsKgdGMqBITtCDlibDm1aTbrS5Q2tmbXGiYgDSYlYRCSUKRTEUWywBYkzGrvMHJJopYoGoccx0kiSrWbMVgqYYOyZbbWnJVubENElK5gySY0tdZa66IY7LRUJIWqu5QLHoYxFHQRxJTTNNL3VUWWopSiCNyaEoyxiqQgEwlJ6VRG1FBzy8w09oTx1JUONYmiIEjjtHNUdJXANBsIKax0giRFKVUh1LJJhkAhnJmGCNJpRQ21lh6n0ncmIyoEBI4KaclgFDLItmSBpIQAy9iNIjUswiXJsBKTSJaUSJKwbQRphGSMwHI1Kckm0ilA2CCLAGxjWUZgQcq2IwKsxFJiwGmjUkpAc6sqMgplAkJuQyMgilRsK1CogduEsBWFUKdqk5DZnNjNEbIssENphZrx1JoIOe0QISEZYSsk0qhEwbaQRbbWiFJCBkvgkJCQQ5JxJBZOFFFCdkJmki0l0jlNbWOxqF0np2bz5iYiIBy2PU1AykKGABS2kR2WJeFEAYkVAorJAFuSwViSjdySIgwh0s0KSKzEQs0EYdsBVgBgAxEyiRTYSA7LiIAmy0ZCUmYKY3AD0sKS3NxkJZZopsiYRnO6KLBaNhvBlA5aRCkRMsYiQ2EDKAiKq5EzU5aU6cQZoVKK09la7UqhpBM7apFRVzwlaQkCpCkTVCLsSGfpajiNlY6womQqzTCNoRJBSLWGkacpcY0Q0abmdC29lYFUaM02JYqdEolrqamarTltMtOlRIku7XQLRWBFZE7j2EpEVReAcRsdUhClc7ZMTy0LKqUAdja3qEw5bW5uybRxYDHXNLkgG2MpkIUBkJBAsiUBYDmMMQ5FgoQpZCLbwrYA4SQkC9mEQUISxmlkEKaIBCScQFoENoJCpJyyDGlCTdFFd8fdd0lebMyXq6MIRULtJIo0oXQKtSlTQ0iZyEloapmrqXS1RiEUwulCtExwTjnEWLvqzNYmScgKEteus2htatna1KLUkJCcttO2IhRKp5KEsJslT9FVm/QUyZitVJQAtiXuZ0RYCBswkKYgg0HCYKNQgFMObHAKbKUyFKRTjgS3VGBEBlJUhTZnPQpZiQtq0zjksH9waXWwKrVbr5ZAy7GEoGQqoiYZSpVakLM1ky2TDMl2EkqQbTLT6SgqCitTwm7j6KCjqtoN4WmaQDWKQukMRDpEomyTSmCkQnOkppyiqCvd6GYnKtlGZQBMgLNGRChppFPZploLtqhI09SEDdmaU7XIKLNFhGmmSOkkTTaDMpwJSiMBIFnCASawkQyo4QDAsi1hQgYLAIMRJWXZCqUduBkhhyEshGUcShuDUNgExliSk1AYSwgjY5Ca3RsAgdR3nSJQROn6Ei2nTMmhUIREJDmOExGWsk04SgmVEiWMozWjtIui2TJRIsSk6LpQhJN0qkYlMOlUC5RtaiAqCtyU6SS7qOpKa2O6lVLSlrFNqFCm1gKlLRGikWQrKhEyqrNeloVsJzJISAKhCIVL81RryalNbay1FgX9LNskCQeQoCjCThNys6OlAwVVHglbESG5lsyMCEBgsN1apo0IcESxUk0onYlKEHabWrMDItzGFFJISBF2c6qUaGlBGgkyFRGhzEbIxrRxzFrKMGVEkWUAMiyU2VpmhCwiStQqnGpM2WRFlOIo4VaMsci0iBKhoBkSJwh5bJOzlVKiqE1KO0QVYRwRYAQohZJM1ygRYSQUoRq1tamWYpHZgFpKCRmTVolIEQA5DYAUIdnUCCAipkQmSacjQpJC05SSkEsUGUwjSWWA0k6QUaklQqRbNkDISBhCAinITNGmaSKKbClcopI0TxGVNFWyMxM77KSgbHZXaglJtU1tSruNkgjJiiiFahAqUkEEdkjqorUibOSqwFgex6nWKqI1RESEKBGiWahlVmMypAjcRKgYl0JrUpWEMhygGtWkW0xjS7mWauHWQhCQtdmywYAkqM5sgSKK0wZCttMhUAmlJacxpkgOZWu2FBIYTDoJgqgVcMg0JyqyZJvEWQiEwkoltsKkgLQKgCSnFTaRWOCwLWMpjMMyVwSZFmEIsA1YKWPbiLAcwhaALNOQMBaRzsA4HBJ2QqQsWxIgkNxaZoeSya1GTGNzNnDtu+jCshAQxsJQiJSNa5Ek3BAGKFKTVQuJs42lhErBdtqodj0YZ1EhrVDQWWkjK23bIMBO2aHoOrBMkkKZUlHIqSJZJgM5SpLVSiMJqSu1ZY7jqtayvbWIqJmZaTTZVsnI2tyUitoBcrMbVFuykQEkmbQJsCxkLMsCJNIpQJIkYwE0EyEbLIERSICwSENItgGnJQmTpJDSSUiymxVgW5KNwDQTISeAFEBXS6nOtN2gZssIalQpICGas7XJBgSOUNo0RS/M6OxQklAIk5QSmS6lkDZhyEyRUMhsNEMpgdVyEkRgy1CtVsPjBIQKkjBkGkQlAELZLAUo0zLgkExmSsJ2CEeEiAgnSAqnm0EKUFdLKECEwAJjmgOaAGFl2m0gZMthcCnKFqUQUjpLKG2iWEYxTaPTgohIizRBUU0a6RCUYhiHFkSTZBIiLIyFrWKQbQxGgA0SVjpBJgPZYEwqBBgkAGWgRNhGIYtwWqTBUlgGBXaIxBC4EWCEDKRtLJMoZCfYpSvDYXqyirKl1DlblLTDIoh0UlTsTE+ZQmEVRd/1WTJCTrBsmkccKlERpUxtytYilBRJEpmWAqxUKVGKmkEAmAhMMYQw2LIJOUqUWuwIDUHpSqE4smAhwDJYQGIpAJMCkwq5oVCmERDKDCkhcUh2OjEESCAkgaNEF6FaiiKKQmW9Xo3TsD5aHi2Ppmm0sRtpAAQGxax70M03PPhBD3rMYx5VQpJmtaazubWWyFJIBmqEQ8W1hDDNSC4TU7YcW9fXWgJiSoqYspksqolt2y4uXe3TzTbGmTYQFkQUyjC1ECUSoVoqZGKaVDOnAhFFIRGuliGQo2lUCiilRJSptZwGERLOjIiI6mzD6AiZUFRaA0uBHLLCAAYUEnKmFJKxJlwhHYAtySkEYEABABiMEWmFEpRhWQILICQsR2IhbEDCBggJmwBLFrKxSDepkOkQRjJGYAw40zizBYJUibSdUaRuXm1DGtyMLVNKkYqdKcmZE60NafezWV9nwmPLzBZIokgoBJadxtSutHSEnJZVa6VIzUalKKJwmUAhEUI41+NQShUCC6dcVEstrWXYlBqlSnZmRIkiN9KZzhJFIUnIkYndPKKIIpVOo6aWVGxKFEXpe5cSmZikSfI0ThaaPCZRaWNKKHNIpBJYElKIZsicDJmgqGGgZROyFWQqJEPLqSUSqsUoc2qt1RK1dmmbUIDVdXXKJksRQGLSbo5AYWWRmZpDCEHKpO2WUaukUgpJV2rKwrRUFLqiKd0mai+FCm2aACQpPWWGsCMEKMLjlM5SqyCbE9NarV1VSJC2ENimiMkpBaHJGTgpZGMig1rC2eQwqWBsTShCpJubohYxrKcUXamTW7ZUWCpYRWEyLCtqLQps4zalZSSkaMp0VIVtIUXJ1kxKpat1bM3piCJatlZKkEFJj+NodbVaXQ6DEwsDU7NdipyJGcexRAg1cnSrTaWEVC0ykwhFFIwURJI4TYSUdrHaZCkj6pSjbNuZKQcRRKIIogSgnCYFXVS7pR2oRsnAZsrJaPRYW6hUJZSQRaktHSQGIVRqoNKS6EtBgYDEBBZBppDkDCmFXasC0lKgwLbcsqFEHWaaWi1WKUCEM3NCaVcVlLZAdgIFqRbhTNthpyBooYowU6iStkAWSkAoKImxkSzCaQRhGyUopQADqZQxsiwUQNgOEEpLMmAkAKS0i9UwgEKASDtBNsgyxkhuKCy7JeAIwG6K0toU9tAsRQkZtSkVAmGsFGGJNIFBESIA09Lh1kRDknHBaRsTJaIlkjNbFUQEBbuFyZxysigqyNPUQiJkjAUyYIPTJiwbO1sqRAuFW7oAArsRZDY862tmqzVSlcBWm5pxhKaWpKuiYbALUSogRYRAyCCwMhyZCmQ1UhZYMsYCSIfAIMi0gnQgi7QDENgI2Yg0QiDZRmAkJNsgMEIWtgwSBoxlDEIGIykEJADGUsE2NexAIWXLroaj2BZCIqLgtCIkAKZpUglaTqWouXRkinBOlmitRchgYbeciC5DMeWESYFTUgQmkCWyZcpRFBQk4XGa7LBSdiqU2aaMKknjZOSIEhERXTLiEIlpmUSEsJVuJQJV7JZu05TZStcr5HS2TFOqMtPQxilCtetGEoGVZEggSa014RISohQadlNYiMwoBbI5JWQnScNhFIqauBB9343jUlIS4VSEHaJZSMgyRggwFiAZg02EE5W0ZVJIYSwLJQlSypJshVC6yWQASAiDjCDJMBkhK+XiNHKIdFpCkrHSjgg8DcPGsZ3l4cG5s/dde90Nns5H341jRkSz0xkKlRJRwChlkJW0NKYIRbEMHqcWilIr0jS1Ukon7KSUQGm3NGqmlAjsKEUg2+B0ZkOqiqiRLTPdnLKFnHQuBG1sicd0nySZxpYkg7CECWwhQ9oQ2YyQESHcsMGZEjIEJaqVXelUQ2mstIdxXK5X68Oj9bj21HiWgASV7e2N66+77mEPe8RjH/Ool37pl3r5V3rFm667YWvnWKYjxGXjuF4dHmW2UksDFcnCyjY2FIpqmtuUiGK3aWpd1L7rcRLRkhKOEm5pMpvlFrXQrJBCmY4oTmcaZLLIRm6pIAKbdGJFJBY4UxJRSpum2pVMcAuFqlozNKlEpzS0hiS7JRGUoimLELZNRNSItIQlTU4llkA2YBA4jZBkCVu4EGkjwEayhEGBU5KNQJBJShKRGCQZsBPJWMaSZXBakmyLZ7INkkHYVpgUIIElQSYyktIJNkISBjuzYVCxQSBaS9sAyqilUpMWUdKtEq25TRkliSgQKJulrIq1RzIaTUayJDAplMMIpnZFIXCpFWhMbWqkaxdCwNRaa1kQHS0zTVghZWS4kK59yWySEgey04ACexizCCQIyW7pEGCypUKS7UZihWTZBEqnbJxCJodhrF2tUWpRYkjjbA2jElJUSKMSMuDWsLKUkmOzQMrMaZpqLU5CkVMDd10vyRFdiUxjKxRdLV0NKZN0ixIlCk5LEeHMdLq1zCkzulrSVsuur1jT2BI3Wi0lFJZzJKcpapVEQQkCaKLgoqArdjhtpzGQmaUWoiDhbNnsKCVsRalBOktmi1ApEnUia8smKdOGEKUUKwJsMptQS4upKFKOJIIkUhkKHMYIJ8aKQuYEpZQKFpmU2gkym5sppCkRwonbOE5TliillOY2thZhTJWbEztKkE5TSsnm1lotJZWZDRNVoBDZrCidwmnhvu8SR5R0M9A8Nne1Qgu7RlWgFMLpVAYSQSESIpKkkcVyWJIwBuRSZkSEW4vE0tSylJBUJJsokDK4jUnQEgm5hiSySCYUomYmk0sp4zQVVYzklpZxACLAZFpyqIRKGpOtWVJBRom7KEaNyWmiemqjUxBFRZFOJ1NOme5nhcxSaq0Bam7ZSLuUCIVImbGNqESNAExiYUORQUA6lBlhiLQLkuzEAA6UiSQZZBvZWEi2VSCVktIGKcAIEYBthROKw2FUwAhBonAgS9gEGGMSSZZkHsAiAAGZOBNow0i6KLBrVz1lX+QkhQhJuLllgk16EBHB5NIyq6o1tTFzanXWR0Q6IyLAQs5SApjGKW3bVUB4ahnhtNWwQqEqEYJZ1xu3NoES26K1UkISIRJEVwTKbEnDFKEIO4uKCIKAYRgzs5YaUVqmQlHCILsIRyYgREHYE0Br0+Q6MwZMiHSkJHCkUmAsQJIdOIUdkqARAQhwgIVTkICNLCQwGMK2BZZsy7bAMsYWIGGBEXYg0kikCcLZ7AQ8GYCSU2IHbUr6rkNy8ejUkKkM1VABJSYym6OEM7M1t0TyOCXpjIKdMoCd0eyQWmY4oqSaXR1RJFozSqddCoDD5OSJJkpYzhzHsbWx9bMa0SELYUcNQZsSJJStKaqiKaVADkKtNWc2U+Tm1rIVlYgopTgoVIyzJYoSJYTkZqHa1Wam1kqELColS8tsLWuhpWVaZu37IllJehqb5Jwo8yKUzTijlOIgsLEzomtT6zrvbO+cv3DenuTmEIki0xFOkGWnJJwgyzJYKQljS/JEBCaEsSxACSEMCAO2lbIAJZZkWwIhAxZIWAYJbEySkrCEjRQhY4NH930FfvRHf/gjP+pjM9TwbD7LnMjEZCRpnC0tLEVOTaVIYbdmIpuTEprVvtEEpGU7U4RCEthuTSoRtdk5TZakCCMpW7acSilOD0xKhCJKUchGlnCNNNNoyDaRlm2aCJKskgUCmhTpBpAoEsnOiCghOTZmvTOipmFqnqbx6PDg8HDZhtGZAAgMAFHq6dMnH/agh7zYi7/Yy778yzzmYQ992CMefu1ND+5rTTuzFIloUhGQrU3rbG01rldHqwjN+k61dLVMU05tKlKSWCJqSBG2pXDabgopwrhIVml2kTIThYgSXXQtokhMCWYaR0tRokTJyGE11FIT2w2XdAYqXU0ssG0Lp+0khfq+N8KjJBVIS8gk5DQlIZAdNSIlAURks4tK1BJockIGanZIaYcx5jIFFlFIWwJLJGBLws5ATkcoTSiNbMthNSNDSDgzCMvZpJIgkGwMAUaWhAFJtsMkAkCiOUIJEgJM2ggUQdpIpZIRAZQokpDAIJFJBgKFQEqcabdGiUzGcQg31a52pRYNY8tsfd9l5jRNURSqtXQtWxgDVoTSKBxRsyUhZ1qQ8jQF2NlFSeyWY2s2XVdqLYipZYmYbWy0TOwaJR3hXE+DW5ZSbKNSSqTT6XFMAivAEdg2Nm5ThijRIytzbKMUQAhJUSJcMlvLtJLJ/azHtEyJIiVFcpscRVFKRNhEa9MwGmqpDivVWitdITWlQ5r1vQ1hoVIqBjuNTdAICdxcIIPMtFEJkuYJsFGRKBFhQqKWYpBwMg5jRKiEMopt2y3tZoGFc2rG1FqrPDUXQmKaDI2QUZJhMEhCoKlNglLqMAzpUoNxGkstRXS1ZnOksqOkKlKJyLCntA3hKTMznVFLKWrNKRcVRQAqJZwkITmT9OQ2K72KbDIdCgUKYUBSYkJKtza6lppkG1utFQI3ZzYMCWQSERBFqaiBJwzglARhGyBES2dBWM60JLCK5MhMg6SgoByDSmQbIVRiyjGnREUhktbG2nVdeJwyjRIbwK1hRyk0WyFsUo2Wbi0jBEzTGHSlKyoRFshkiHQpljo5w2ROmaGQ0o7AZBSJkqlaKhjIdCCEhBQSLRM5HaJlhj2lkZDVnAmC1pwStu0qq5aO8JTGtqVQWKm+77BRlAgisnlqU1drUBUhp4mWmY1SHETaTissFSszDYAFKDItIduRNqkIjGUhO9NRwqkgQUiQIKchRUiAACQBGCMBRWRKNCPLFjKItDEIcCKBsJGxrMSkIgxhhZU4AiHTz3ogZYRk2zmlcDY1Ui1UMkItkSQp0+FIO1OltIBsDRusGkBCRIFsCZLlqSUCU2pR0pxTWxVVwGQ2BU6ZiSCNgEC2JAeCdBFYCtktp8RVVemc2mSXGqGabSpRDJmTJEuZBiVNLbI1CdUqwiJKyZSEQYHAzQBIJTIJySBjLGmUKyilcFoSMhYThFHYmRAIwEhKACELARIghIUsy0oLGYNlEbaFBA7LQnYSkoWbkRAmDGERAiCEDaEomhqOKMakHMKRqISaCEAKhNsqTdqldFHVEcrWWlpILVsIZyiEULbWbEQ4sKM5SzOypCLSUhUGSDdhIQcOgPVyPbXsZr1R4DZNBCVqiYIEU0RgTKaNESCMMZKwFZpaQw4F0LKFDMLgTNu4KKYpowgFmS3TooRsAzRMKhQKhWup4zCqhJ2YJDNbqZV0i0kmiNGjWxAqqKVtl0DOYRz7+eZDHvrQc+fP11JabdkoQZoQdshYKOy0Shg5kYyFMAjsCKOQbSHAhogwNhJGQIqCbUKAMhMJsJCFjHGiYltKkAUJwrKxLGxbFm5qUSuhX/ilX/7Ij/rYWrppbJBRiJAEYGSDbQWCkNNSg8ApImljy65G2GnADuwmhU20RJQICkUl0DiuwSaJCLBcu04osCPsli2BEkrjDEOQaq1EAUUJnGkjowCZSJCdLRtTKTHvFhJd3wOtTeM4TpOXB5f2DveIYEweQMR8a/7YRz/6JV/qJR77qEc9+tGPebHHvsSDHnxLlA6c2C0KpsjpTOc0HSz32jiVkHFVGVuqKGyhWut8MRcCMmnZ5AwsaimRVo6jpbBIm4woNkJFapNbDhElJGO7Ac6GIqIANpkuRQYJGeSqUN9BgKfJ9hhZVBiHEVFKsQxECQg5szWwbUnOtElES0sCG5QQtm1wTumCLIoCm4mRZjeFbJWQ1IkcJKECQCYFbISVAjcoFjIIME6BhbBxmFTKkmxJxk0KATIOLpMwYBkHthEmJDsBHBI2yAmK5hQpZDmhSC1TBVIuuDUJI6AZAIeiNJrSKMAhWqJwRMFMtDaNQgFEZE450pXAxmRLmyjklCqOEiWAglviQiiiC9lgT60RKorEgVICTdmAnDJBcpoihUqUhpWZQhFqzmKnTHNRhNQgaTGZQFJ0oqWxbeyIQiCiFCQJAw7JRZLJbI6abrZKlJBzmJpQGJl02uqKQpiISLDsnKaWKckoIkyGg0IQlkBBYlsF2YnloqKQaU6jTCQ7SmktJ7tkRCmZhFJFQ0shYWeWElO2IoVq0kSRMmUlzZbs1tZ2F8Uh7EyXEtmyloLkllNFCuxxmkqtNKESpO2UjIWNZapwhO2+70SZ1KSwTeQ0NZJJ0ihBraUIVal1qUwZFyy60jubrVCxG8KZiBxHFDZEoBYhWiSuUVs2KS2cYMlZHYEsKcJtUjQCNzIzbVDtesk4FHZz2hGysUUbs5RSShRPYwspmYIqKSBLyMbGUtAyZRVFy9ZalqJxmmoJRVFmQiO7EiLSLZvRFC5RolCytXVrReEAVIQlt0gyTUi1xDgMIJUAcmpUldItFotMlxKZTjtElMhWSnHLlpkhLAyRqVqLSDszw8LYDSQJAIWcjjQiJYENpQZ2pp0gSYGsJCCK2tjS7rqaSWaziQjVKCEnyK25lFKiGIcUEQqUUHsw2HZOjqqIiAhJxprSUjaruCgyJBvbERJSAETYhBXFCKVkklSEbMASSHJaCEFSBCbBInBaIUhJ2E4JjISdRBhkJ5YkC4EQMg7cCIMcKCVLImVMERNRaXabJqAvFYQxUtiTo5bONUsDt1S2VBE2IrqqKSMyHRFkpoJaeiTjQECbsAgMWESEwM0OFZVpopFd1NrVNk3r9VhLba1RYlbq5DREhG2bEJYynZmkUQnbmbYo6qJiQ5aItA1ChmwZEbXW1qbmpgBoLVELBSDJICGBaWmAEhgFZMoFUoHTHSSgxAF2giQAA04QyAq5OSAFCZaEZQyAyZCcEKmUhGUcsh0WmQ4JACVERDplLCFhyS0VciZGINIp4damNslZCEdiMqBl2lg1wsKZ2VxUsqQsRbFBOBMRihSKqKUkNnYaUCkCodZaqaWqZk7hIqspJdW+upFuamRSqoTCajmhsljM+n7WpjGxbTfCOToxJSSFna0hrBKSkHDaAIoI45CoBNhOnJktKQpkgzAK2ViQODNLka0Il6gtp2l0qUJuk62p1HAS0tTslqVURbScSsjIUKKAPOVYpMkOizKlc0yTj3nso/7sz/6s1JrrEZEYybYEEgYETixjAUhKUJiUsAWJRYg0CJwpIclYxhTjJCJMggIZBNksyZYDCUByImEDYVsJEgIDiUWUPii1zn/913+zedjcPrZaHSh62oQtSSGbNjVESAJFTRslCaHMVkJtyvV6XUoBC9mOEiVE85SqtSjc7JZNCkUUIIqxFFVWlHSm5XRItdTMbA1BZgpPU4ZKYxRM45jzeVdnROQ0UUvfFaOuRjaNwzgMq/vO37teLmmAeYC+6x78oFse+ZhHv8RLPfalX+KlX/zFXvzhj3hE3y8AYHJWBQA5jWMy5rQe1sOwHodxXUSUrqulBFFiNptPrRlD9F0tQrW0aYKIkDMzbQihCMl2a45CZkQJCTkim6fMImW61EK0qWVqkmoQaWU2SWHbiuJpsgGIUgDQMI2a6PuuJbYjIlRSdjrdutq3bDIOqwlNobCdtjNVAimINBYhtbRKjWwO44hQpoNMp1QQObaoQbMiSpS0xynRUBXYBstAiJSURBRsguLITBWMpMCE0rYggSRkLC4TsgISY0kBdkgYYQiBhS0JjG1bITshBGCLlIqzGRzIpFIhW8gkQqZJApwGp1pIdjEtAqyW2YxGR2cpQqQjImot2dIYPLRWa3Qqk60pg6JqwE5RWhutUiQJ4/U0yYRKKYBCogDGdgKUqNQsWEIRrRlPBmNnK7U2SGMnSZRSSpDUCnaaNqWEhKJkOjNDSjssy7UUIzudznRElIhmp21HhpTZEkXMomZrOU4qkFECp5scRIjR6YZBJoJawrJNZutKl7anyUIKh5Wk044I7NbSESWEqK1NiY2wQeDMNE5ju4YysbDVWgq3hgRSpiVCRVUm3UyRRjdnpBILbKvE5OwcDphSERQVQi0lYWXmOGatIpRGOEdThJ1TswgZsus6rGwJUomAwCnV1prAoqhMdjAFKkRiiMxWSkljI2hpg0qTSnPL1kotUZSZw3ooNVQricQ0pZURyqSEkgyBunTa7rp+bGMpXQ1JkRLZoqpEn22KQptwyJkmDEURVVML2qhSbWRSRBoVSAUhOd2mRlhRc2hDtlk/K111s9yFhORUqSVNKRGWo7RsQJTiIFBrztaQQ4qiHNPhKJEGMIouAIGElVNKZpxGqXQpRwYC2VgUy5LDSdqEFRGEPYFsFDCNLUokQkgqQai05oSwp8xsKUUtBYyZyJDsQC5FhAQgyZNbWCIMOaVCIlpOtpqBAVRKQW6Ta5Vxa80BzlplkIJOIWVa6RQiLCGKbBIQiCI1C4A0wiCKrVQq5EwFtgIb2RaJAiQpjQRyJiGnFDZg0gIXZ5OCgAylHQawMhwmQ2EbyyKUBidIAcZhkmaIAIY2ITkoxSZUJLDSWEhIIUyaEgEQMgrJAikN2bACu5TMRA6UYBOEM6N0qSabiNp3mZlkW41Gfd+HBBCRgadERKnT1BBWCdki0yWIWiBaG9NZopOYWnYlQNmmokBOg53pFpNQISQ5ADINRC2ZqTSK1iZEXwKQUyFZFgILJYANAoqxsQRAYuEgUha2SLAdgU1ITgssAEsQzRkCSyJRGDtNyEYWyGlkhJGKsERacspCshVRnNgYBeCQaqg5IIu6dAtwRKQNqVSWcRy6rkeUUkEtp6BEyNmMXEMWApEJTkmhWiThlgnCma2lKCVM2hRFTokBSwrZ6ZAcLaL0PSo1W1oI1a62tIUmTDrqOI1OR1GoIuxsU5IqNbBKRHO6KaQkcUphGyFLoVCkWtRoU5KgFlJGlFIzW0tHwQ7VBIcjZWOaooIBRyiKWktCVR3QMhVRoozT4MkqCgpWqZqmhuIlXuwlgJDJSaoCA5JtMITkNGFhE8gCB5KxIOwUIlAKLNkOCRksy4JMQgVnhtScIuRECglMSJlGWIAxQhngkJOQDRYgQ0naMLaTp0/cd9ddZ+86f90N14/DtLHZNcvpTIQxkmxlNkVEKBSJoqYn0tmaI6IURWCHRaEgnGqkIoydhoSwm5BDgihqU0MOO0RCTtM4tVKrJLBKFBGqbXLaXQkFs/lMpctcT+thvVodrZduLVuS5n5dLX3tH/6oB7/qq7zKK73qq77qK73CzQ9+yGK+SaioAALANFGMp/VyvTryZHU1p+Z082Qz62tE3dpajG3uaYyu5tQId1Ftla5zM6TtRLSmCBGASoRwszGJjbOFwgXJEAQS1TG5teYINadC4UBImnLK5igKCSGiTZNEyFgEMs2OghstLUmWAynC2UQpJWmGzKmohhjTVpaIzKYIG0UQIp2JZNtki5CRMUiSFCLsTKt2nYoicDaMHH1XptYMJAJxmWRbCkiHhcAKyEBGJqQmBEIIY1vYKEgDDoRBBsCAkXAgAFkWADYKyU4IAiaIwIRxRGBIArJBkTBGiLATK4EoASoKh4plMeUkCwhJRVi2o9RSiMAG4USKUCYKFNglmhOrdlXyNE6olBIBzcbpJDNVJVN6paWWxplurc36jqBTaZnTOJZChJAMzpZG2WykcCZS4NZS2A6yqYQkBSTpBPraIQwtG4lrKdLUorXRWFbScJSuMKUzDbJocnEj+76kw1gByC0zWqBCIOy03dx1NWy7JUGbpgbOjBKlqBmCqk4wTBOkiMyMiMREhC3kICAdbqOlgAl3DkoJg6SQpGyJjZE8pWES4KKSIEQpIZUQmSksqUqZRooIY9IiEEhEs9XPi00QIrOlajjToIgQkkwALSeMQkg1CtmcWSWG1ZC4q11EAYgIebVaR0SUmp5K6QQtXQMhhWSNOWAPw9jXIoU9SSUngxVRauAQbgbs5jTQiOhqRYoaJInJRDiJwDlhCdVOck6ZpFWsWsISU1ORgmyUqGlKdToiBFObZEu0ZlWpFDvHcYxSwiQIW1ElQxRFKBPjiCilSsIt0xG2bcmplqmQcbY2pvtaZStCJskcM90iSFtSKWptpEFfIgJTQghZSG2cEluSorpkNcg2ETUkFbCzgdqUDUPLKYeo2EJ2tmYDtu2UJaKEjNM2NWRkkG17HFuEImPMSSZlEpFEYBWHYGrZlaIStkuUtAEJS6TBKZyeckxndUkDYXtKd0oLQGDkpIhMC0OAJdkSNoARQmaSikFYxiCwHZZDkjEkVpMDsBHpCEPgVCpBIkkhZIm0MASybSFMQi3hBKgEZhqn7FupPUokTBCAMyMCK4pJZ6aMFCLIppDS09QAiSop5FRmEgRSKWq01sAJ2CHSHtfrcRj6rpv3W1ObECGEgmhTy7AsIgIbokghzDQ10VpmLSHIKaNENouUmTJrqNRSiCma0w5FKZmTJ0pXStRSi9NYSApQ2E4bwABKK8KyjC0CK5UQuFmSLISxgAQbrDAJCEDCgGTJToFATst2WA4jSAlkWWkowilhCQBjAlkhO4PARrIsZAcQUbHStpXpiMgkoIEkSUUgKaJQTabDTi5zTqlAsk3KSqzWWpSgBfY4DRIowCoCTdlqCXCmiwJwZpqC7IYkYVwUVhGW04iEECIkCc0iREubqEURIuSWjqCZsJ1QWma2bNkcFGGr1rDIiSssimIaJ7tlIkUt0dfSnEAopqlJigShoFIgpxTpbE0hQpkkqSZH2kgoSroJ1RpEAKGqqkTFvOqrvxowDS1ql61ZoTRYkCBsI8kyIASAIFKTACJkEgNGOIUSQBKALAtSyCKxFLaRsAjbklMqkEKASWWxJlEaCINthAyCrnbjkFvHNoDP+8LP/fqv+8b1ONRxpmy2ASehIhNRSJcaGBtPIxEqpTrSKQlAYEeRHG5uraWnUGmpEIrSnG2YSi1yWG4jkpAgFZWplSjRy0hRcHNiUUA4ii7uXcr0+bP3AQASEYu+u/GhD37wTTe+wqu8ysMf9tCXfImXetSjH73R9ypVkiTAIK4w07C7e1E1hCidMj0lhUipqwq6rqoE2VsKaGTLVktplLBUa0vbIeGWThwITXbFdliWTAqZQAhRVEln5tQgnW6RGEKlKDIySpGdcoQAIVAUhyRIu7UxQuBSayDLrTUU4UJJZ4Og0FprzaXrwk7bjSLR9TYWpZTAJmgJUrq5OSJKDdSmqZTaMh1V2JBtArJldFU2kDlBhMJ4mqaIUHYRlNAQAVgApCUJnFghbIQTEiSEM6VAdmIhjAU2SRSUToGEnVZIIo0sAcJGki1IoYQAIOWg2AlKRTQkJJFJECIdUgK2MAaDsRtgRCaKaZq6WpuZprGrNW1nhgTCHptl24gIuRl7ImpVVcd6NQzrVTq7ri8R6QRDOKe0C5GSpIY14Ug7I2ophNQyC2GQRFEjC1EUbi0UKpAuNTJRRGYqZNPS2cbWxpK1lJAjilpLdSEC4ZZCxm1sjpAoXW3D2FpmQ0WlgUIRMiZNiiiqie1MN1JFNWQpQtiymxwqEtAys0lRopvcIhsRkZrkkJSUEuM0yUYhUATYrUkhkU4yLFOSFlVC0dFay4IoctqNlk1QSqSzRBS3ZkoR2BkqoYpx2JIUEpoyI4JACmy3TFwUDkVEZgORCFIm7ZDTJcIp3KJUO0Nht5Ao0VqWzIbHYZSillKjtqqIEKRtp4hSanVrbi3dnGESCKmWanJqFqFiGSMnXdfLSq8zqZIkk1JktmyltZbkfLZI5zi1WotDpZBTA5yeWmMCEzUCgUopIVm0yaXkkGm3TjXbmA1ai65DcqGI1pKWlEBRawFqrcMwTG2qypYynojIptLZGbZbpiWkEtM0lRI2gBNFFKuRyCXK1Jqhr1VACaVba7XIEKXWEoBMgygFmMYxVJHHiZBsMltEiAjIdIt0MxKJs5VSyDbhSKAlQMpS6YTBRAmEs2VmNptaq6JI2ImNmaYJiCiWmrNUhYpbliiZrUaNXrKwpza5RIkgpFI0NWdSwi2jhDMtSSgBR0RBEmljRVihGlKAIXADSTglwoDIBJBAgIyCTDsUkUY2OBVyogjLMpYNIdkiQJYBLGOhFIVoYacVwiCMZUkgpQ2yDamiNhmBaALclaoobWpg2wUlOFCmkaLYTaoh7DQIG8kglyglAmFQBFgRNhGCHN1ay1pKKZ2dzgwUMJsvaokxR2ej1HRGToqQlTSDnFO6RBDhTHA225Ywgd3cmFwiEmc2N69xySJCImqRPbVMJAG0bEy2jRQgS0QKpwEhO4lijDGSwNjFQBoZyVjIIpDkJgUibQJn2pIAW0SCLAmwAQkDGCtxiLQDAZlEYMBYYBtkGQtZCHBipS0SwCAsFKI1W7Ka3TyJABJHLWoO09xK4JYEIgzZEkuQEJaKsLNllAiCqWU6wopwWkUhTS1Rs522CJQSSYiIkLGNTWabWoZUihTIdpQoJiSDTWYtJTONBGnUXGtnjFPK1lJSKSFwCNvITkUgnEJG2I7SocRGOFQy0i1lWbaBbJkpFcvCzVbiogA5G5igGexaCoJEUhAIWy3HmGomyC/+mJdUp8PVYe0XpJVpSRKJAttCchhLMkgG20ZBw2EQMhjLkoxEkoFsCZlEAttCIAPCBKQkg+yUMIkkAhIVYyHbRgJkkOQcW7bBw0xl/l3f9T1f/w1ff+r46aPDw9qVCDKbE6tJBYGYxqmUziQKJ2AVRQpFumEBHp00gtpVRZU0roaUCsjZzWqJAm4ti0JFTgOtTa21QN2sQ+FMZ7HspDlVSoNe9eVe/uVe7dVf9eVf5uUe/vCHvcxLvkydLaILmSTDAQ1C4WFYeRxpmJzGccppalOJUkqtVil9dFEhVaJWV4Zp7TKmXR2UAI05BVbtIpWkpwzC2Sx1IQUhTWmFg0BEyIZsSLZlZSJEuETBdiBRCUVtbgLZU04BiZQtUUiJkZozhClRyBZtWkuhiCCQ0iZRKRiFcEgBZGuyTSjToUg5cEqQOebo0pcUmMRyShGUlk1qCEVtmW6e1EpRiUhCBLSQHEWWNZGenH1XpXAqPYUjEZlgSwBpYVuSIBEYhWxCwikpsAUZwrYkJZIVZBaTAYkJhJ1IPJPTISWAMkTaBSUKbGwkgIjMUsjEKQJAWEo3VDCWJIQALEBgW3KpJTPb1KDZNRTpZqdbc1JK2IBM2iFTaqfM5swhu9pFaBinlmNVkeR0erIUERZC2dJkc1oIHFaJEmUcJgNyZoaEhZkyAxKEici0bEMpdRrTdikRoYgOQhGlaJoa2ElzYhvbFhjLdgqaIpzNii5iPY5dJ6fdWulqTulA1Vi42QKnTHpqUymd5GzNqNZeRObkKKSHaSwhpMxMQk1UVDS0CTtKBKWpyRBBWNDsbFmrSlEmWVCQzShqjRRtGskoJbqutDFbNlBmllqLyUxnJhkJCjuNnSginUpMAs1jprqqSKUsaJ7IREpjCGQjCElIocnONpTaYZRQAogwljMjhFSx+zpDTaphD9OUbsgSBNlSinSTFKU425hjuJhEKlGAzGZFy1ZqhGtfApwiTbZWiiJkKbJATuMEnibXUjMQkTgiZqVKypbjNGVLSjinqbUiWSWHwVKJSEJFVcqW09QkRShFa0moRDFOtebolCUC2S6hHJNClBLpdJuaSim12C1bG504wNhgEemkWBSVtEEqJaLIbsbZSlEquqrMtBBBUBC2ccliLCREqAhNxigwtpWttdaiFCVWWhRFsawEFTFOrkWlimTKIEFWqKpmkYgwKRCKcGtYCjy50YRsJyaapVIUCpO4IpoFka1F7UBtaoiICipRQCkHIFQE2VoaFZRBkFYxGLAAtWxSYABjEAaCgjINGEIJEpiUZCkSwnYRmakCth0KWhoIUGJAVgohCxKHsQQIkUigNMIOMFeEkxCEMQojqZQSkTbCFDvJFi4uEQpbQhGyjWW5ZZNCKKKoEFbLJFOhzJa2iAwJI9VSWmZ6kFRLJ9HP5wB2NoOUKAJnRKSdzUWM4ygK4GxOSi2lqLXW1Wg5pYVJT3KJWqRUkUSJAkpP0+RShJBdSmSC3aaGU1FcCthkWEQAKYtiIQvSsgmhIC2cQoEzUWCQQY6QbSNhFMIGCxyCMMgGWSFsZFvIIJMCARImsEEkUhIh28ZIMja2FNiAzGVKQBggQqWEPUwpKSSD09M0uimEFFJEDWFSiUuEnWl3EYkxmUBmQlHUcMuoBadthCBbji27WefmqIYiZNo0NpUCDYctESGpyMZYhkxwa64KC0JTtjCtNadlIdySUsi0lIkzu1kHkGki3TAQ2SYsqpxIIailpBNJCDmiKJsBnEYSapkKFalYWbIKsB1SIlRCFhEls9kIZSEsZ4aK7b7rpnG1eWzTow8u7Z08tUiMimxkC9IRMmkrkEFOG2QBWOIyY6cUWNAERoRtZMs0KWxCACnLWBIJMiidCiXCgGQbhNOBLARGGAE2KqqUw3F93ZkTd99795//yZ+9wiu90vrCPbU/YSwJGTmzRRRsR4zTAHSls8g2kcWZTVZaRUIKMsE26WZFUS1kOjOigjNxGoWxssDUWiokQkU2css0yEhFtrsS07DaPnnqT//sT2WjAigbIXvKYRymaZwGJ3JSSrWjq8YF9V2tqtkyybDSGZY8qfTKhLBc5HSNCOM2ETULImq20ciSJLAJwilFepIbBEjKTBJJDRin6MLYEAVMZjoThSlgFSklAwrZzi5KGjunlMJkWooIRZDCGVFKqZZBgG3S4CiFTBTOVChKIQvFLZsaKoFtMptzyqglFLZEFgkIyVI0O+0IOaNGVLV0jpOjRoRliVBYkhP1drbMljaKkKPzNIGJSEsGcNigsI2ELJCdRDhTUtq4WBmRIBKEnAhLkbIMsm0EFrYAMITSKEG2JXAaZENAw0jYiJZB2M0SMrYMKrItyZkIJGEnIKnraks7sVX7GnTNOFspgWIax2wNUUqNiDZNU7aiCKI5022aJpec9TMi2ji58zQ1WYpQhFvLlkhdV91sCRIX254aKHMyISMFEJJC0zhFXz0lwp5sbEJSWICMMRFYCoGRmwlHOt2ATCKUdolw2iFJVaGodtruuioj26UjMUzTFI5aQ6WUGulEYVFbGNMEBbm1KUqxyWw2EWrNJhUKSFEczalmB3JYlgKTUyPIzCgFy0lKCkcqEUohgYxUXVIl3EwgSwKUqASAM0utIWFDtHQRogGUomAaR6eNoFgUFUWYliolBCBAhPAkMJkt25S174CpNUEAztYcQS01ioHaWoOYxonIWS1RIrNhSVIIMkoBBKFQ1dRyylYiStS0hUtXcj3ZbmNKkTJAZhiimIyQXaMoTQgisJIWFOOQMLZVpBLFIaEo2CCFaynZNGVGkd08kZkoSkhgWwpCItrUWmslSilKo1BVlKiZ2ReDGsYSgcG2wKSz77rEoUgbMGRmKbIARw1BRB2GobUWpURQI2xF0FqTkCQlSEZRnGlbJcgpJZXIaYroW5ucabcoNUA10ioKsIhhyr6qRJ+MmempQZECGVsYCmAxtQREkSghK0i3mjRHDYHTyLKwE4nI1mxCqMgtWk6haGkhQ3Emap7kaNBohSiIkNVQBMWIljI2VkrhDJGWZMDYEIQhgUg3SVhGtgUhI6cBBEkgcIJIWxRIBGkXlCaQQZKdQgkSTodkGYQDpblCEaTSTaRyMlCzAm3KKR0RErSGoFQAO51O27YbkM4ogaJETC3dHFEazaCIcUjbQimLrIowJVyit1szztEoioIYnaUIhdMYK0yGgJJuXT9TlDaOTiJCckQNSCMJTESXQUTaUTpnC4UxGIt0YhRYmTapUovUckq7FhlhgJAAXCQrI5VIwqQtAyBAiaWCjAMbJrtgQRphA2ETTguDAARpYVsopRAGEGGBwTYCA3aAJWdaAkSmgyBsGwk3MIAUACZbyshOU0otMGUTUg1ltLaO2oOMISKkCLdmEohQYqfTlJCIpDmlEpnO1iQpipClvqtRC6CQgeaoai1UpUxCIRmXUogaeJxaEAS2jSwRko0QwmmrKIhorSGUKZCIEoQx2JYhxnEsUaQJKwo2thWBMHLaagrllJIiIjOFoxQJTEvjVEgO9eEp00SIKqdbNlTaNBjIJKJ3TG2yrVoV1KJpzHkXO1ube4eHtSoH0s2hsCEsDHZE4HQkRKAEWYmxkHEIS2CDrASELAEyJrADyTJGAshEWMhGCpyBLMgUQsIObNsSCCwbCexsRLRp2tre4h4+9/M+96d//hfnWzvTNISKhMEpFZEZpYBtENM0ghRMbRJISlktSwmHCm7IeGqtQ+BMq6BsDqI5JdK2m9Y1qiSBhd3GyWGZNIoIDJJQG3PIw6mNo1uOzjbRWtfNoutqrchdLaEinEhR2jQJN0F6msZSVEpHIjLdPEa2ZtuagAJYNaUIC7cmBUrcmeaWiYlCydayhIkwoiUqTYkiipxNKGWpSGTLTEKYNJYzQlLQmkTizCkiUCCFwEEBYmoTWDLGYbcWEjggM6c2SRFSlIqNldiZEVIGGEWgxCAREZQozMjJTtttak1SrcUoQjjAOTXLhUpEF2oRmdmyFSkNmc4ESiGKpiknZ6nhqLVEqpC2HaKWAggJOYnAhDFpImgIpSwgEmMFNk4cAiRsy1hgjGQQtiRjBM6wUhiFE5ACNxAWAYmEbQVp25KaUinhRBgk2yEyaYbMxGnT0iDSpQhKqtFshCVTSiBCUSNSERGBp6lFhmotaUVM0ziNo0ICHKVQojgxEJJC1jS1qKWGWhZITJJQRMgyVggkANeu0hyhlg4C2VBKGEJSdBhkUGuZLcOldAXAKkalYGyDp3Gqs1pDrYWd2bAzVEop2aZs1E6GGiWbbQ/DGLj0szYlylJEFbYiCrItwBjbriWEXJWmKCRFujmTLKWQOeUk5OYoEaUYAxEh7MTpbAkQCDVsuxIhbEiPbQxF2sYkoeaQIkqtokhM2YqkUBRJIoGMKLUjUNrZnDmVPjJHokY47VIixySsIjcZZdpJKcgmKSWcGVKmaikRIQWkUAUkai0tyZTCclgpR2baxpSouKVwmohoTOPk4ggRahOlltZaqEiMbRRRQxamRcY4TpJaAiBJpQSZtJYYiRKRTuM2ZTrDsluUUiIUajbQ1YrItHGUMg7DiGddbztbSzukUmvXd7i1BoAyVDKbUyoSstMiahGaWuY4We5nPSDj1qSwmlLgaXJAKWGsonFYl1BXOuNMMt1yApVSq8rkpLUpmwIQgTJobpaw5Igu3RQRsqIURYLtAgKI5jGEKC2bQjZBSYwTaNlMMZNSClQCyNbA6sLpJCVFV0CRmUUkzXaqCzWT2TKhlAIKp7FTkiygGZNylBpuicOZliKLAzvxlM7a9yUAhbGdrUVUaI4AixAAThAuEbaEEUZS2kIqJkGWZQS2QYEcaSJIC1kCLAFuKGQQwpgEkEJkYkuShJ2JlApEZIkKNBunaUxTiwiEwHKkUyIyEyilpidMSE7LmpwI281NGMJuXS2Nim03KQgCRlOFEZ4cxYknT2rYGYIMhQm3aXTW0kWRUxKeWilRiuycxgatdh2XCdwaJRREYttSZnNzFElKZWtWZulKqKjgJLOBwuSUKkQpEpKAEiLtgoywFQQIUnYKjAQJYVkWrhGTkZEwCowlsMCAETQIkERYiY2xkGUZkEKkQTIOCWMLpRG2JEhbCIMUzjCQKSAqRHhqtGYESsBKKEnKLp0t4XGcnHR9FwEYUIQQNjUCy5bkNGATiswmQpLtzJSUzZZDsg1BtigqRMuwM51BTOOAEEIkEhhKqAhb6SYUUiIFkhSAcKKYWipTtSiKbeyIYmdXO7tlS9WQagmlm5upxa1JpbVxXI5d3yliGieVYtuZpRTbwomdDsljNtvp6pJCWFK6GdfaZUvsqVkFUpmtlEKotSG9eLXXeNVf+qVfQ2QoU0WkhRRgZ0WJESlEGhBKLAkbybYAkEEE2ICNwzKAsMlCpGSEUYScJojEQFjGIIEQWAYknBBCABgk21KRDg8Pjp889Yu/9Cu5PtrYOH6we1HzwtSiFEw607iNJlAoZKeglGrSLRNCAqVTk5owFlFV0g7R1ZrOqbXqQBIkthPL4YgwgFuC0yFDUWSb0gZlxGzet5ZYveoUE6UrWtS+yozZnBkRrU3gULEzc8IoQlJXiwllJk4rpIadU2ZKRkW11Ci27WaTmSFjRSBUI0pXw1qNEy3JmNSQa+3slCXhTKG0EWBZZKoUSbJc7LSxSCQ7yZSKZU92EKUwNUvYETUku6WbUlYIT61FRCCF1Gw5jSRkSIWyWUpEpBMhJCx7ckYyYmeabBklStRxXHdVkxFI6vrOmZlOZwYywrJRGLfWQrJpbkxFhCrgnMYhCQJJRcA0jQAUG6ngppBtFYERMoEwKQMySJaFLUAWQGBjJBQmEaRDtsK2BVKADQhSCnDawkgNhWxLWIEJyyEIAQYZwFIQmNIVFNkmydPUKGEst2zOTAXD2EJEKUItUyFlOh1FETVx2FYKQmXKBuGk2CUiMwnJSBEy1tQamaaGcpocgRTClFAEws5wtGxSKKyiNjawFZJobSKLOhdozSU8pSRJgsyWLWotkhLG9TozCXUqUQIzDKNNQBpQMipbqDRaG8dSSi2KqjZNTlSLx1ZrsZWtpSeSEqhE4oKIyHFCSGppIQFGCJKIkmQ2JxEBtKkZl77I0chsCRBkI4RCaTITLEWmm0cpiBYKrKJAWFlKIE3jWKNLZVuPSKko2IqWToObNdIcUaIUCjUqCEq2yWlZVkQtONuYpYatqkol8JQZEoYSmS0xSZsmRCkBJUA2NgLTbFRDCmGKbBk3j1MbcQYSpDNKiYi03EwmpkRXakRELbWvBaKUUlSiRo0ihAiFkLK1bApHBHK2HLOlnc0EJapKKUKIUMvMqWXz0MZpGoVrqUXRdXUxm1NKKUWhsFHYTOM4Npt0pqg2raXJxE61NsmSBa5FZVZLhNM2tilq2aahZbpG6WsptThATqeQM1trrSGRdjYym7M1t8xmUBE2SRhIK0soFBESZIINtJYt0zZpIpy0bJlEBGGkKOr7rtQAg4xLFCmKQsXIJaKUEqGIyIzMxHI6s3mamk0a0ZXSFaXkTKl0pZhsU0sQlFJDKGScmTIqZHPiCJVaLDlwFiJEwVZahESmEFECAeE0CAwGSQFgA04bHIYUGDJJY8vCoKBIQrJN0GwEYAtjYxM2AnACIaUSO20wgW3LKIQtW4mQDFigiBAlVBUlAGdqUpGwS1XYrU3ZKFEiKqLW0tWqkABjFEIRDYs0GVGltE1EkYxDjlqxI0QBSREKQkWEoJQaWFJIJcKJJKOWbRxbZlo4yUyMbSQRQlJIBAqp1IgIFH0/m88WpRQpFLbBmXaJiBoGO9wSMAJMJmAjGWHAGJNCgOQ0AZJBCFuyFAYCGyVCAIQI2SIA2xjLIIxAgCQRYEsGjO20MaQzBCAJSwKlkJUQCACn3ZpNppshlc6WMjhkO90QZOaUqShd30kYJNm0NrU2NWfmpHRLT61lZiklIEKlRqlRqoG+1NJ3ErJJY5l0BAQWbpJqqbXrSq0EaTc7AkWUCKdby5bNlqJgEmQkjJBMsYmgGTfLliSRmVNmy4ZK1FIoYOxMp1NW7aqCrpb5Yl67Ak5BNiCkNo2ZkxQR1XYmiYVrVzJMtsycmkspXa0hlVq6vtYuiroaJcXYJjKXq6WIN37jNwWaS1UUTBJBsWxbkYARgJ2AcKQkG0A22CBJYcBWAEiSbQRySFbDALIDnCCUYEBSWEJIhrRNIiOwkAGDLNuoYAfCbB/bycwP/vCPiqB2buOU0KaWztZakqiUiNKFUEiKyGzZMCqolFqKQMbpJDGOUoqipZsbqJRQUfJMiqi1GlprraWUXSm1Rq2lr0VBRIWoUUqNcRincYogFLXrbJqnaRzW49ptKigUCklKEihRailSZLaWaaeRoChCUbtCEH0ttSKljS2czZlZVGotpXRTa85Mu03ZyJBKV9TXUlSjGoMkQbZxaknXlaDk1JoT2bbT6aQBCoUUiadhXA9jay1Q7fvATk/ZpmlyWnLmFBGlRoTstImQMy0KpfS1dDVtSSA3SYFkMpOxTekMyGbSKpGZiRNL1FpLqZktFC1zGAbbkmwQiogSRZGgqFGKanRRu9qVUmqJQhGOGl0UpWREIBQhYQgVAKUESkK2AWMnQhY2CFkhsDFWJLaBVCY2RpZATiGBAiwbIRls20gIpdPGEgIJQkaWbckYMCAZEKDECMkgwBJAZmtGUUIRNUoYl4hauxJhhRS2caZdaldrKFGolggUCSZCUWoXZTbvkRIbk87mCIGMaymKsFumI4ydLcc2NhuJzDZmyxYlohRsm4gQhBDR9V3X9YRzmmyRVg1k41IqTsnpNBkoIqKUqtJIINMYAAlst7SFpmmsNYqEcxqnaZyM2pS2CNJWGOwGQToNQSQOqLOuBIlrKIRscJLNGFsqKhEUUWvXz7qI2pozW0TYaVKmFEWtEUVGkokqlVpKqSVKqESt6gJSIkrJZBindDQ34VIjQpCqBVRrpyBKESFFlFpDJQJJBrnWMpvNa1etnFpLO53GiSWDp2aZTKftNBGFqogo4WScmmlhIzdQKRFRksxMoUbKUYrszLSJbG5u2LWUiMAOe2qTAYxSRGvZWk5OY0CSECEJHFNOJonIliYwApMep3FqdspubXRmSrbd0plIUagRRWUYptVquR5WaRAFbKRQ7UsQkiVBlApkTjYlpIiwkkaKTIfSdkJaEQZhQSChvu9KFSUSY9SEEYoQCkPLKVuGVKqCGMdpGAYZFQUhRemKQ5IKYRsRipatTUObprQFaQsQwshALTVKMRGmpcepjVMTKhAKZMkoaulLCUwbx2xpSbIk45AQxpBINDuwcUJIQkWhUEQgRUEy2BZRSolShEymRdLAUkQoDG5qKmRoyiYUBQvbSWIrRBpkYTuxUQBGIFmJUzLCAgIAI8h0Ak4QNAtjiQwMSDJgsGVFgORwCoORkRGBpcyp2QZj0zIBArJNCaa4YEpEiUBgIuSmDEUtfV9VqrGsKafmSRYOlLbTlhSWFBFVwg6MnBLgqLWUGipIoYoRkoJmhJksU2q2aRjHNk12GntqqJSIWkvXdSGAbE1Qa6WoZcuWEYEwRIRtkWQSrfQ1Qqg4nXYpVRGhEiEVEUGDZqClJSFZAMg2AgRyIqQISRgwpKBFOFHaieQEG2NhCxMWQiEAG2wRRkhgO2wbW5AYIQAshQGwLYxlK8NIAoSUBilbTuPgpNRZUZUUqSiR6WaHAklC0NVSa8nEtMx0A7soQsqWLZszMxO7tRRgO5Vpp0ApSAspIgVyiRKotTa1tGUnyG0apxHU1a6vJZ05jq01K520bOkkrZAARUJmghVIltT3XanFttJEWJYdUi1RSiEwtEw3g4dhuR7WdkoRJSBANaLUWkuVokYFWQ67lqoiISuchIqiqpRQYkWpRgIbkMmWdqanTCMkeK3XeHVgPaxsnCBjm5SQjZwAGBRg40kygUGSpBDYBmyjTAO2ARlk20YyCCcyAmQspQyQKcDYYQQytpWWrMRYJjEoaUJINm1q843Fd377t4MWG8dyGkopCjmppcpOp2U325YkZBBZJIuc0laEpFKiKFQUpjVbyHaEaqkQIUBF6mqVkCQpEBIKRQiB7CSotVDAYKxsrbU2OpskRaiUiCIVhdwSsEU6MzOzpYWFbEmgzHRrUwIgRVWJqLVE4Da1TEcJoYQps7UxnZ7aOI3jsMrMUqtUZJyeMtMms7llOmW5NQM2CBRFuGWaTJpJ46k1TNQy62rpwkXY2ZiGdWZKSJaFyVRVJSKk2pXadaHSWmvZxvWY6QhNzpxakjZVUUotgURBSMiZDlyilAiFiqJ0FYxQhJVd12GP49TaKEWNUqIQEVJmohBA2mlnWplet2ZnplM52kpPU5smJ2E8MQGyjTCA0wIAkcZGOAGl7TQGOUFy0CAk4UAicUrGgK2UlNhYAtnIxiYk2TIAWMKQIoAMQkgKpyWMZCuUGIOMiAQcXa1RSi3T5DYNwzQFUlFmSpSCQCVKrbJam4waKdzS6UxhW6iWQE57mkaaw8pMgpbplgYD9jiO0zQ5IyGdoAjJVpQogcl0tjGxMwkRMigsJASEQoVQyEAISa7dTAanFBEFPE3j2AaZiIJUIkoUhaKUKDHvZkhS2EGAQRABzOZ9KSUinM7miNLNalerotgpcGqcRk9NUYICFZCKpTY1u7m1NuXUBiISWhucEgpSkoqEWrPtiMBurSVNoVoiyXSGREQ61TKshtuU2JK7iK5EGgtFqNSQsAjS2alEqbXUUsN4nBppAFkGxzSNLds0NmynI+QGmS0zx2mapilbILc0hKUiYUnRBYSIiCAlK5GMSxYpSkREKSFDgAAMOLNlk+RsrU0mS5TahSSb1ibLIE8kYLK5tea07aSVKKIYSik4M6fmtNOFGgVwElEkpcFp26RACgiKaukCKQLIqbUps40NE2mFaV2tUcOtRZSIGqFETgMRUi0Okc0pY4EUEUFEOhOXWkotjnCzkITliLBptkKKUkpICIGMa+26UgmihEIqESIIQilDRARYEKqlq7UUYRkksDMTFNFyGtdDm3LK9JQ4EUIJRMjRWrZpnFrLKafWxmGa2uipTS0NpZQUsqKUiJBNiNYMdgYUBVJEREglJLccW2tGKgoV2wKkkI3dUljYtkCEmwITQiDIRDUAsCEEDgsp5JCRkRzCaiFhgy0hGQHGsoQMCAMBBDgdBgI5ZQhJWGRCZlAAhYRBFmqyLEIBhCQIDBRAJRQydktIZ4aiSCJNCfraFYSUmdmas4EynSQFHLIk2aYU42kax3FKZ0u3TCFn5tSmcTROZ2aDnKYBy0GbprScFq5dh2ktbQyUkDMhSimoOSWVrkYpLds0NRDhaRztjBJCEi0ZpmkcclwPrbXMFhGllsw2tcnOiChR3ZqxQoBpxoawcYKEAAFGYBs7wRjZUiJDgUDgjBCQUijAgJWywCAEAsvIgBFKS0iAAmFshATClpBk5CBQAEkKC1s4jKJElCglSYFNc7ZMSTWCoJZSa621ZuYwDhFgsmUyZXPK2AoZmwwFaGrTOLUMIWEyW8vWWnM6AkwtpUTJbMN6cCak3XLKYVgN01giQmHSxtaE2zQ5UUADA9mySQRuaRmnnLYlVWxhRbHALopa+yhhIKE53ZwZtUhRoxPRpjZObVgPOU2ySykC25jEKkHLsY0SAZLktBM3KYuilM6iTc3ZptbGaWzTBJRQhEuhj9iYb9jTS73MywntX7pUagFsZKF0IsCEhJFsgSQVGSwAsA22wFgRQgRCITkkMCGQJclWALIwErYI2YnttIxTGFDIAoOQAAtAApTOtEMax/Gaa28E3vTN3tARG5vHWmZRRAgMsmmttcwkM51ObKTELSfbrU2tJUopDOlMS3KEQFPLcZpaTijSCc5smTm1ljYhTEiWMt2yZTozjZ0WUkRRIYqJNKHoorhRQl0pUAyt2WRrLVsCCiRFRKkCMK01BNmcGQphBNiSCgibKIHASKWrXXSlr32ULpM2ZebUskUptaiWqhJtauM4ClBkG1sm0Gw3p1BgSQow6cxs0xRSqV1f+2jKbElGiVJqqBhJKrWabE4yI9TSraXNNI5Ta5ZxRilFUo2iINICY0ettXQFUaJ0XVGUdLZpclohSAy27VpqiYKZprG1hmluwzhmm4CQMltrrbU2TVPLNCm5SIoY2rharYtluUTUiEABUABJAmMshIXAAizZWMIWUgQyQmE7TCBLgAQRFhjLBlk2kREITEoySLYRkhBGAEYIGzmcslA2IAmlHSKRAZnAgEFhJYBLGKkgBbbBRJSoKWMys+U0TVM2A61lm6YpWzgI2TlO49TSLQ0ZOCxJYJzCzbi11lSiRCWcUzOutSOVtqCUWrtOCtukJMmOUGZOzWlnphRRpCgYtwaGGFsO67WKpmk63N9fDStAKl3X11oNNYISYJlMPE6TmxNjlKAoISvb5GbjkA0KcE7jiA0KIWO5VAWRtozBngTGrbUIScWJ5Ci1RrSWUwMhnALZJhQRJaFlWjYZqoFsMp1OhADlJCOXiIhQoBJIxrJxguxsmdM4TkPLzDGTNoFN4EynnaA0oGEcnBmKGlFLQTZM05TN2BmhIhGZzULQnDhRKKIQfVdRqUISocB2pmqpKnYi5dQAEFKNkljUCNIutQeUTtyagyAnU1BKBCEijWnL5dDVMHK6RUjQskSRQgq3NIRFuJQACZnMqblGEC2NyTRYDhXVUiUZO21MSs0JUTJUWkuwQTaSkbFJKEqFQnbaKEupSNM4OuWklBKomZxaicgwJtMmp2agRIBCkkraxiElSlyiSMpmsuGYSOOpTZGKvqRRRDOlqO+6qWWC7DY17ChRJBQuUeRS1NIECEHadkagQKMznTRJKGpfuSwwhGyaUw6CdMuMWtMO0oaIJsl2OooECTiKFHJrmZ4MQiAhiiKn1jITGRB2CCOByTaKKFIzMpYwgBDYBkm2UMoCK4VADrCx5MwIYdmyHABCactIkm3RnAqFbYyEHSBsg2m2JMCBLIMCbBxOZyoAA2A7ZTJLYAM5NYfCtERKbKvZEiFZQgYRkqwRKzMF0LJltgRXFUmW0i0zDTYEwondUlGczcLNma1NGbVEtFKLEifZWnS1V5nSgjShiJCwkZIIgdwcNUQIT24011paGkQtkkJSCTkbCmOQZGdzogQDoUqmIgBC2CBBGmQMwgYjZAACjGwjgLARlzkNCrmZSBIFNiLSGchKJCMSy0Fgc5mEU4QxJJTEkEoABBgSkAT0teu6Mk1pU1AWCZwZESW6dGY2RRAREBQVnCZAWDhtbISFbaWkbE1SpASKMOFs2SYLqIZsBM5MyaXUkMbBqnjC6ShKlG2SEKpRolOotNaiBGJKt2kiQgqBhQMh0nZDWJATlkO0VGAjN6R0tqmVKCFHBITcqBWsUoXSxs7MEKDWWihUSkc4mTKLSlGxDAIsSc7mzJQcpboZJCskZ4PSMqPrhuVqtrm1c2z70qW9WssghBIrAwmlE0DCVlhypkyELGEbLAQGUCYIJQ4HYBAYYxAYKYVswAZLQfJMAiRLYYMQyLKMLCslCZxpFWSEG6vV6sSp07/0i7/2+H/4u8e++Esul0dZBGEIVTnTRogQKeQoIXJKoQiSwJmTKcrWQLYzs3S1IDubLSkkSs1sAkWUNo3NsqJgZRDplnYtgaJNUyimTMnOtCVJFMLNGSpGDpFuTFg1qsNAhCBsMAmCiNJ3YTy1RrOiOSTTWtZSjW2cmVgoQ104DYSKamKy2ZkpUOkypzaNtdRaq3ERKmUakwCFsGpAOlGCMlRShKxamltrLi6SJUIVEiJbEzSygFtrTqkYnE0Kidp1JWQRCmEpjFMGsrXWMnHngiJbi1oKSpOZQGaOTIxWqJTqtBtEi1pnpUJrWLYzM8M0BBY4ogiSDOyIrpTW7PSsm9W+tHFKUgpoIFGAluk0FWwJWciROGSEjAHJWJgUgJQg0lZCkDhCBoEF4BDIBhGWMRYIDHaGSFvCAgQpwKXJsgAVMoVsI8lpnA1AAoZss8xsWVBAgu1AhIqitYYtJBWTGMJG2EVVIoMASiFblOp0FzJgcKatKCLtTAOQdsmiop6csFtCQbaNEUVqKq1NbXKplaCUggS2ITOFWkscEc6kgCm1RqklPQxjTtnP56Gc3FpOspsUhMOYtB1Bs0QtAQEQgqrEmUiZCWSmkLENzpZpXFq4SKJETSfZDE4DYZWuJORE2gqGcULuui5Q4pACN2S5qlBE5jiNXVREaxagUgq2nEalkJ5SEkG2BImQ6Psu005I11KwmrO1ptCUkhJnjaJSMnA2bLcEpZNQKKbWnCbc3IqYLCmDgjASpDMbGS6KlAA3o1YTCzJbpkUoyZK2080mQlFKyHaZxlVRQDgzakjhMEBzKiGMhRQCsk22opb5rJckRZGbmVrLkSzZ1QhRSiFDMiJROCZPcqZdEolaim1AKMJTpu0oxQ7JpBUVGRMKSwEIrJYZYEdYiuKEwNjOtA1TTlFCIex0St3YmkJhEcHUUIJwpJtxkSSlUzidWAGlyJDCmXKasBNZpoC6wEjgLEWIqTW3hlGQTmypo5AtZUkByCBCwrIn7GwoIp2ppGXtupCEGoClsJ3GAgQ4jBFEiZwys4VkJVYonJlhGZREOMlpQhE1qkoCIEmBsgEZWEAQJQR2QNSSGAtbQoAtSGQ7Ajc7IqzEQYRsJIOMI4QCW5YtMBYYIwjckABHqNnYSJZwRkYWIpWCghKESHASgVAGTgsFBlqCCFt21F6ykVoSiVuJajudCFsBtqZsIkuEArtBSBgiZBFd9EWtNSIslYg2TUillkI0Z2spkogSkRBpuihWLWWaclhPkvpasxgINGU6cVAiWksRU2ZrLYRA4KBEAbu5Sq4Ft4gqpROFsDKbTAkJGWfazlKqFAZAUGoYW6XgFIK0BWSAjUDGBDK2E5QmhC0ECSWVQpJsSzKWJCcUSIfCShIEksKGxBiwJSDkBBEo3SAiMJLThGgWQC2BaC3bZCAAmUxRRLHJbJanzA5JJMYwOU0pAVKQ6bTDVgQqCMOsFpKQbVkElFonZDuN7GRKUWsJBaVMq4FwUBUAlPDUbCsCVBW2TUZISKHWspSKrAihNk3ZXIqkiAhn5tRQSM5m7BI4GxCKiIgSpJ3KtKMVQyCiGERmIkK4kSQCKcAKO2upCgGkJdsG7Ag5QyCniaJsRlOmTA2n1YYBA/le7/6eX/cNX+9Mk1ZIykwh0oHSWAinCECSw0osi7CdimInRMi2hVItLGwjBLJQorAwzySEjWSQTYAj5ZIYwA7ARgqTIBKwIjDOVCke1sudU6f2Ll541Vd9lUt7R1vb26ujQ2ODlCZBAbYtADszoaiqOokAAtkiSmmZBQgFCpFSJYDMVFFVOC0FtUcjaVvTMCkUpZRmqRgbScgOx0TWEgaJJHCapgyIzKmNTSGrdqWkAQPpzHQJtUwMKJ2BFE7jbI5aSqeIIMdM1QgjlczMlobWMkTUmi0hgqKgTeM0jUahEEihiDClhBJESIpC2iVwpiKIilsUQSHSTmcgKZQQYeNMSyFMIKaxdV1EkYl0Ot31vYyxjUEgBTFlZppSSwmR2aZJIeyWDaKEIIpKtuYISWDbziQko4KbSCNFKKfmMI7AUiAVRVWZWlNChHMqUWpXw3LpZE/jOI1TJuQEoIggE0vCgkxJti1JKAHZiZEQGEA2UhikhMhMKbDAEraNJGMhSEkCwOAQWCHAxkhy2JZQAkQJZwrhTEkYSYEAp4EinJlORZFASQMVsg1u2KUWpxVRVabJ2awgogAoI5WSAEpmkqYQyMaQRjkqOhWcGVFCSjudtRRVpmkCK/oIZcs2NirYdiulA+fUousENkTIFthZJKkQ0VoiC5Hu+77WMo1TowlhinGUlmmyqmCHRCmttVILdiYRFoEApGhtzObaV5t0UwQCq9bS0q21YiyFCGThKQkLRam2yYyIME7AIpzZrCTDanbLLBHIlTAqirRwhqQij00ZCppSEUGZnCFLYYRlnNmypYpySkVIgRwm1LXWJCRBMSoRk5tbmsDUKitMtjRIEUVRah1zUjNW6UqU6pZGdgtla0zTpBoiIEkFtm0j29jOdGtOhxWALXAqs3WlCAw262E9DOuWSRqBIp0KR5QgMj21RAbXUkupUksrirpau1npa4dsTCbKxEiojdOADaohi8x0NgmhEhVFELIy3abRBtHcshlk2ZlpZ3PLNAaVIrCbjXPKNk0SRWGns7XWckojCTvlJG2TLSMCopQg6EotxDRNmWmTaRFIidJkZk5NgCQlopSIrpZSZAGtTU5jsIJQ1K7va+m6ro8Iu3nKNk12Jtmmlk5bzU4ySlWUEiECpCizWR9SujWnMyMKGGEjbBwiVEutkkDG2AinW2bLKdPZWjrdyCnHaYCIgHTLBrZHsiGilFJLtsRIkLadlqVGilSAhMBYJMIZIRzIwrbCMhjITCAF2CSyDAQIMOBI5AQLAWSmbEmQpEGIAg4HUiIAG4xkI2RZAhJLgCSAEiWqbNtKgEKJUsAAhFOyMrNlUygUoHRO4+TM6EqJMM5GjokiVHJKT62NLZtDkc0TDVxLCQWmtQmsCEmllIiKDI6IsTVngjPTFhjTMo3HNrolNBQY5KJwtmE1WkrLaRuwk5aZmZlJOtNpt6mlU4GkILEqIKY2ZYJCxpYS2wI7HTaWJSwbsCUJJKE0CGzJ2WQDGRI2EsZK5EhbBrBQyMhpgyVDJIQAO0MYlIklYTBOCwGWDDBOLU16IkogOye3TKacJreptbG11lJ4atN6WI/jlM4EJFCUkEraAhAYErfAWMaJ0q21li2bURVSOgk5hSNUiGjTmFBKjZCKbHvKEiVKsS2RdrMzycQIJ6aoFAUic0oSUCmhsMi0IgJJUQtdDVAEKkWlRKlRStrpZuFsQ5umsbUpU85MYaewLCKwMZ5a5jQ503K21sZxmsbWHFFCSlrmhMFu2dySEAqkUqpLSI4ogyeTH/7hH2y0XC1LqWE7wcaJaCCBCCtMRhjZJoUdlkMU24jEThECBUqBAknGDpzClh2JQAIZYTJkAmfiVKbBgQWgDIEBCQibEi1TSCKb+tnscH//9PXX7O0vP+ljPpLaU+rUmgCnFEaZaSyUdqannLANyC1bTm3K1sYpW2KXrq9dl04TBhtB2jSDEDk121JQgxDSNLU2TTaZ0zROJZR2KbXUWqMHQMaBQ0KBPbQpW0ZEuBjGzKmNCKRQKRHY2XKaptZatlSICEMmTpuWnmyKCISUzlIiwc5SImoBSoREqVFClqOUUovTadtp59imZgvAIGWmAdsoM9MWtm1JUSLsHNtkt5bTehya0yEkWzmlFLWvgJszM0oQQbOdGDAonekmoqjUUroSNaqkUkqpHeAoKpKiRAlFRJQSSDZ2qoQIVbI125YUipBqCZUogQKpTa3l5EzS6ZaZJRSlTNPU5CSTKUKWLOwEwBgRspuUWAGBLBmDnEpCDowxSGABNk6jtANhC4ewQyAZsOxEsjG2wcjGOJUgWbZNGtlIDoETSJwRsjCRznQCdgI5Ja3Nu74ISSBEFFQKTgPImUpAUaQQFtDa1KZ0RLa2Xg3ZRjCBUk7a1KZpKopSuiJKqVPLbC2dAW1q4zgJl1DpOsh0ki5dDYoi+tmidKVE6bt5MWkZkZlpnIiIauxMQAhhjCyFRTYnlIjS9aHoikLhJMGSRCkFLCkKQpnTsFxNrUmyiSglaomoUYKwnaSTELVWq6QBKyAiSpQIpGkashlFtrQCU2sptbYpJbpSbWdmAbBbTsOUzXagVEiyEHLDtklyymxIRrJTUWvXRREI2a1ZUomQRBRVlVIjjJGTbNmmacRWCYVrXy0BOCJCIcnNSdDVrvQdpWR6GsdhWE/TkGnbqur6PqJEQEglqo0k2SWqQtigqU21lG7WT61lNgNGUdA0ZcqeWtYikZluLWECM1GLDQpFhCScLW2cIE/KQBR1KKWqoLmRRnKmiFLJlqXWtCQ1hrT6qM5sOUkiSCunFoV0SuSUCnJqoSJsUDhKdXPKOaXTFhJIWEZIXVexMElKUlSniShRppZkltJHKHPC6YjS1TY1LNOCMI4I0kZSNYIEoxAJUVSGnJytzjqHnCQtHAnYbcquhk0pJdOppggAO0VYAJkoEqQASlGJWcumqIE9NUgHaYcLpIBSSrORoaDmlKWIqih9jcw2tmYXwJmo6/tpalKtEThbktlC0Vq6tVCoWCqB0i0oAmcrgkZU20VMUGQlRBqMwBAmhTGWLEgjSQBEyUzJFqQk2wCBMBItM8BCRgrjFIEQTkzaRlLaQggSsIWw0xZYJjMTcBpQ4rCNMtMpQ4gUsiRAYGemIyJCBknOjFJlZ0sZCJyN5kZXCyLtUopccJpUFoSKRLScFKUoZEcJiOapqEYXoDZNFiTICkeEiClHRcjGoBAQESJFminHaOr6bppaNkcYu0RFTtsoJJSWRWApSCBogCkiQ9UJUshpAQgFFmGTGMk5hQKwJBsFkaRwOmSrys0ZBDIQAEi2leEAIzlBAiMlDlsyKEyq2ZIMspEwkpKUlWAHQI0aIFNqeGxja4AUEbJdFK2lhK0pU5IUoTAZyGJqLd2UchAocTYLiZTcnCHbIoQRdjpCoYJa6SKlqU043FxrJCazTVlKGGM7LQnbcpsyZBMhrHCALGFkq0QpEZm28OQoSoyNoqikId0kZcO2EVJIEum0ulKmbC2H2jpDpqUWKqUIcCYCZKlKoKZsRlJmtpRxjpmt9TMpusgEKyI9RQQtnSgCU4wnP+LRLzbr+sO9g+MnTg6knFBwIknCFkwmhDIlCGxAOIVkGVIIhDC2FbKNAxJJNhFkWobACFthOyCdchAK7AyEEhCyBaQcYBtj4QgwJouKmxWgur21+aVf/XXv9O7v/lIv84rjeo1dSmlOIUsRUigmLKROorWsEbJbc5Rw2FYUtTYSIZimIU2pZTKeUkXGobAypylKVBXCqai1ZnOSTkKUiLSzNSIpyoZtTK0hkZkWkoIqsHDm1CYlLkSFlmlLKrXYWaKAbSNFyFkIOwGolgrplk2GCIlMlVBr2C0kgQHTlYqY3Oy0pVBihdo4UgqO1rKRUUqmJWVLPEklVCycaZOZIlBBrkQoEkqUzGkig4iInJrtkGiW3WhJI0sISIEIQjbgTBRWFAUCh0qUxCSNFEJySwMQtSthO3KaMLVWcNqJwSKEGi0bkkm5YtJgN6SIkMOtYTszSqdQGGFAkkGkTDQIkxCSMGBLpHBCgJFkY5BwIsk8k8AYIB2IyMyABCzCaSTCdqIibNsKsI0Cm0hCWCkrJZwYyTKTAaTIAErt1BWHbGop06ixrRthIUUgnCph0bKhcGtSEEiB7bQUpTqiZLrIUqRb6WqlZFqJIZm6rmS6pSGRWmbLLKVUY5imyXaNzrLTIZwQSGqpIIVssiVdWGrTaCQRoUJNBM6pNSNkO4SR3YyxVAqZzozSgXCOYxPCVlBK7Wc9OK2uVEUYQkXFtlvamY0UUYqq5ShWuqUQgCQcUVJWWkg0RaQNYGMjEKXWCOXoVMOkpq50rU3NLZOucxAtGxEEYSUtCBkbCeyQulItoyhOIRtnGsDItXQSUxuypUQ4SlQp0zgzoggbcE7NkkOllCA9JQpNbZoyJapFibCi1GDKRolAVKRMtzZhSi1YeFLI9tSyoLExTmPpuo6cJte+qKq4YIPIqUTYdjpqDOMQxGzRR62ZmZnRFVrK6QgB6YyWY2tJqaqlZigQJOBUrb3dhDNNUxRwGrAbdtKVSJWQLE/DJOhq17LZiYSNlS1rqUhjjs40dlPtagKkKE7szKQECjKd2bq+t7MWtSmbJkURRaFaY0rLtJyQXUIq0zRFiQA5M40QgUFqzSKjEP0Mu0RpYY9JqE1T5uRUpiICuZRqlC0VhZYliBLjlBFVQSiEso3jkBGSBDmlJZuoaMo22iEVKTOlQM7WiJAEYDdgbLSUCLAdYhqnNrVSa40QskoptslshUqX2ezJZSaXIFFRk2WZSCVTlGKnCCeSbclIarJIbCkUxiiVQRjLmMi0BCaRsMEKbCGwiVLtJAxhpxwyljGEZSNZAAFpOwQKY1kIsIpwdBGAZDCSbZCjhEHgFJraZINUFBFRRApARqESNdtkydmsCClFcQDZUkiybQlLIkCk3XIcx7T7iMycWhYcsqemCCuVUUohHCrGraVhytGt1b5KdiFskzItUyoUdV0foak10gowKJAwQJWQMkWAnW3CkgGSBqBebZ8oDhssYYGRBE5JWLJNWDyTLMsKMArZgmaQcJoAZFtgZAMkLgYBtgEkLOxQYAMC2UaGSBzGgEgcBgtYTyOQdrQ2gmQISSFQYEqNcZqypVurs76UkmkhpMy0kwZFJFlUI1TCYZobrhSSlLta0+mWoZIkOBFp3IzkVMjNSZOiFBmEnGm31qyI2tVZX1pLIYVwRigbtq1WIkKSLEmoOZWGQKIxujVnDZSRLTPc1RKSVZ1unkAU01RrL0XLqdlKUxUoGyoIWdhpFWxZXQ1MYrcmqauVWi0hIoQxiig5ZUTa2C5RasTR4d7GsVMPf9TD/uEfHn/qmuuYBiJkLKUkMCgkjAEBRsiYJoJ0SFYgsG0LCZsrJAEpkakClm1ZxobAtqRAFmqWZAFhLEm2AcsYRZCJbYNSjsQKh8OtHT91zf7yGa/yKq95tNw7dvL0hbN3M18I1RLZaDajCRfVzHQ6ExeMolMQNbqWLZ0ihCh18lhLKRFWpkuEmnOahogqaWqTpBxToFIiBJEtjaaWKKCNE2BJCJtpdCkhKU1Ok0Nd6Uxm5qybGYcCkyJqyHK2oqKibGlbQgr1UjMFRGams0TUKOlMu6/dqCZFkROEQiRyaw0DxgZIO9yolX42E2Hn2MYIKXBzOktUgoDEso0UdOpxtsxai0y2VmsxNqqlqsiZiiCbLYQiFKVQkI0MgghlNtsqCkXLdFrCZEspDEIpS1hRGmZyRBhPE9AUFBVBWjgxFsa0DCmDIEopU052qEAoM7FDYYtoJUqodLUqKKUHBA4IMBC4EaQtQAB2KJ2SkGUZhMI0JIQFTSlkcFoBxrJdJGhhGWNCMhhUsDOTEraFJXCRMjGAAyEQssBYEYoo2C0MlGKMp9ayyYoCU0zD6DCZUq19xW4tiVTLUgLJiQIQYLKUihwpQ7ZWSym1AFNrJHZGRMuMEsagipzZbJpHJiEJo9ZGWc2JrQinJ5onKyilGJcaSGQmBLYRauHAU3NmOlvpalUZ2xQqEZqG1nLqal9KiYLtiFCEXOyWrSFsY9tWlDRhkzS3nLJE6bquTSOSEdCcaiaUTk9ScVBQRHgcsxS5UNRJQJuSiDJl1kYppbWWLVRUKJhSAkVHXY1DhDKJonBtU1ouUhiVmMYmuZqkTZmCMNgqAhBRwJrISFIZjlntXMmEsFvLpJaSRcYBaWdmjVCUQM40gYTUdV1XO8zUJplmIjIJabJFtghRonSlqkZrLYpKP+u7PjPdpvU4tGxRFPKwHqOqlCIJUyIkopZQ1NrN5vPa9bO+n83nirDdWmtO0mlJRVZE1K4rKlGiFoWQXAAMEqgoncZpCalICMCZQSA7xykx2FKUrpZaMlNQo5ZSau2iVmA9rsc2FKnUGlFKrSAnaRKDkEQSQUrC9jgM0zS1TEK23RIRoRzNlIQMUkjClIiCDAMWiigRhYJEkOlmq7VpHKfMFACttQgrCkIIJDS20U6b1iYLQ2tpWrZJdqaztWnKNq2nYbKwEQYgTRZFKCSNToFKSKVGlQOBBYRtQ8hYIkJSrX3XdZ3slmlhUpJCoaAaQ1ilyJJK1IAUKkKyiAil7QihwAhAshyWjEKQNiAi5XQIBchg7DRgwEhJCBkEQILIMAZZ5jIhjAgLp1CkQZIVtmWBkSRhWWAAKQDLRkLCdjqTVGbW2kUpZNoWpMBW2NBaNk+JM1s6p6nZJrMZg9E0TcM0ZraptWkYpzGzZXNmZq1l1s8UBackMnNqaZpzXLdszbLtzJymRqZJ2wopMzE2OBQARLp5aopAKiqERACQkMIip5ZOSyLTCDmFhSG5LCepgGTZAgsLyzZGEsgCBSSAAiyUNFsYBIAgDCAMtpAAE7ZMWDIGIyQDKXAEpA0GYwwgMgAZW3JRUBCAoNlE0BqZ2dKtTW2aWmu2m7O1FlLUiK4KYWwUAQTGii7sJIgkk+bJzc0mE1AgYYGJEgqFwqRba61NzYJQwVgKlYJQkVBYJWrXdX0/67piWstAChmDsmWEwTUkkaY5c8rWMqQotdRAKFI4jAlE7btaa5qxTW0aW5siAuyk66okQ6AapXYSRJQIO11KlABomZlEFDuRShTVcARYETjdmq10uqUzJVo605JsZ5RxmjAf/qEfgd1yUhQsQFbYYQuRFoAJ2xm2EuwwQjIWYEsSUghDSGADNrJDkpEkAFsRAqQAY4QtQBhIobCxgZARIrEBEEICY6EMA6thde0NNwzT+uVe5uWB7a1jmVMp3TQ1S7KnnNqUzY0SighZJqQgwM3ZlBGRckuPbTICWzhloSCEJMkRUaIAIqRomVOOrbUil1AgKRW1lBqlRkiEzDis18OAFaFQyGSO2VJRjQOm1lo2NZPOHLGNWpuGcWwtZRljpwE7wXJmtmyehJ05TlMpYSdpmgUQkSKEbFKJUC3FbpC2csxxGkxGKUakhLI5PWVmtsw2pQEHUsi4SDlla5MinLRmMoFpnHJKiVIKMoCUbUpnZk7TmG10tkwbhIqKnUoMthWl1JCV2dKZ6bTtLAoVKRQCueWEBTgdUoRKKSJEIlARAoZhGIcWohA5ORuCdDokh4gI7ASMAWwlNLCUKZRIGFDiBEwAYATCWG4AGGwLpTDgItsC20CSzmIJIWPLBuRUSFGKhVAAgRopSUjITmOMbQMCKTEQISCNRCNt25mmq6XOal9rlKrCNAzT1OzGROJhmGxUJSkUElKJkNMKEM1Tuk1Trodxmlo6QwFRI+QIB8hJqWU260tXlJYgrQipqESpxaa5AQWVLkqpAhkbjI2EAYOwaY0QEURIVrYmAWqTiailw2Rr4zSt1qtxmoaxTeMAgsABJGomnUJ2phJRSiHIlkSUUrFbJrIli6KiKiAUwkilShGFSFrLDJdiO7IQcoAiCqRlQcs2jhNuY5sysygkyBSkM4xKpAKsANvYSbWKQpS0ZSTCrMdxbBkulCCd2VprJhUWkooChex0a1MjM52klW6tTWmHsiBEZqaVGAQSbT0ObpmmtSmTCJX0RNGsdhGRmc6WOZVSbEul1BBxcHB4tFqSbuM0DuPYpkyJkAIJp50yVsF48jiO6/VKaRkVZbbMbFO2loZaStf3tetNOBQRoZjGqU0TdjaEJYUkRebUWmvrli1LBNnSOWW2KQURRSEkO4VAxiohSZYjSomuq1GEU3YQEZKQiK6GpCIp+r4LqZRaS3HSmrHHcUxnU0pgh2RbuBQihAKrGNUiSUDLNmUQQgTYiJbObNmSRIq+lK7rSi0lilRKVJJ0C1AgiBJ97UTYZLZhHFSidr26klO6tTam00Y2LVNOpcM2wimwbMnW1CZJyDiFIBSllE6Foii1lK4rCiEnSQoJM4EoKlJkOt2ctMSQxmnAlgLb6bQBCQQGjGxLKSHLtlE40wawQEaAsLERxnIQSBgQkFgCsGXATiEDlgBbYZGQANhGQoBBkJlABGBBJSwLVYVCKRNSlBBRqsOJQ6GIlsbNaUxERCk1utoVcK2llhIhO0stfXRd6WZdP5v1EQpJhKGlM9OkonS1YIEjiCg1NGXL1rKR2do4Tc1YElHKlM1TNidYEJJCocAI2UqyRCEQGDuzpYuKIJVGihICgZszBRBABrYdQsjIGIyMbCQSksQYhG2nLWQhYbCNZCMbQABCxoBkS2CCFggJS4aUlGAbJCFBCEkWxmBbUWywbbDAogBBscCugZslRVSbCJVSu652tXZdRYw5tWxuDXCUKIElhRCFbK1NbcrMqTU7W45Ty+ZpPbVsY2vOlpnjNGVziJBkJQ2QHEVRIqQSJVQASSFNLYfWWro5p2kcp2nKlHOamiQpMm0mW7aFJUmyjZ1SKVUlQhFICBKnTWsJIYGEMQ0pQlHrbNaVUhVgZ3NrOa0nu9RSQkq3aZqmydmm5paTnZk42yRomZkTCofblJlZo3SlGhCyQYHf9d3fHTg8POrqjMCywglp2QZBIGGhSGOMcAAYywnYduJMI2MsQyYIkRk2xpZAiMRY2CDLxgjLAISwMRESBmybBFsCJxiHsK1EUrpJnLrmur/5u8d//ud9VlnMa1QHhmmaJNVSSwEk25ktcxyHtE2zMVYqnbLJViJKqJTqlsiSsVCU0tXaK2SUtoRxZnOjlqpSE5vMlm4taSEiSimhItsCSAsEdqpERMhumXYJZWuT09iEM5uTpO+6WqqFLBmFwoBth0SoqEMRJaJEWsYpEK211iaUyM7mdANsIEqNKMaEi0JWKaUQxiZLLUhkTm5GAkNmy5xArbWptbTb1No4SYkkUUNIChkpFIjWZLIZhUKldqXrFEhCIKSwCAGSQsmUTZZTwhFAGIQwOCLU1w5s7KLEraXtEiGVoLZsU2utTbZLiVKrRZSIkJuM3VpEyczWkpaAAUgkYckAcoIdyJAhIcBWSADIDmEFFghLaRQEAllCRgEIFLYxSI6ALApjy2mwlQoMkEItSIORUSBsAoFkG0MCpG1sgiKrRIkamS0NKKL2s9liNq/9rOs7hVQoUWrtDJlgwJKKlNi2jaCrHQrc5KyKtI2jpA1qLRs2amlntlCUvkpBSDI2ACIo1FKLVEoURKbTgEgrIiKiRO2qityanZQIlYiqGpMzJ2dOCrqiWmuUSHCzzDhN4FKD1sAYRZQSRZJpOdmEJAS2SSf22KZsFtQqRZAoIiSpWAhhQsJpOVtCpjJtt0x5YsrWsG3LAgIZD+thbFNRqEZRscDuaom+hELYVkhR6jS1bFMig5lqUdQiRbNptmwn6VoiQgphgZIsVTX6TJMoikJ9rbN5ryKsiLAZpzZm89TszGnEjiKFjHIcpzZaEmFTm9NOJxGqtWbLtJXULhqUEMjZSpSu70rXrdcr213fQxph2WNLutKlMwABVkTX9xIOFYIIGzttKzMVUUTazmwZJSKqIiSESwQibaGpjSQKRVeKZOhmXRtzalOpdgZKRzgno4DMBIRLKZgSai3b1AhIg9MUig0QQmjMrCApSoEgM4qypUUQpCJkJyGRnkzKYTvsppAz2jS05tpXhbJNKSK6YigqyDQ3SxAhhUUICJykhdPU6KQEYcAtsxRAQpJCiqg1GNfDODWrhIJ0gwjJGMkSyNi0aaJEqDhzGrOrnQJL0VCE5Rycziphp5vbBCFHggmUiiJMGuFGSJbJliWckoQApMAWTtKWLJSyLISL3KwAApCDcBgHToEBQUphWcZ2M2EsgRVOEyYDpS2BMVgK2yGSEAYbCSEbkI1wygCkAYlIcMtWQKWllE2lTNOQSVfCCLu5ZWsIIWMcChUBhLFkpJATIoQJNVpkREQNT242RcVhp0kpkFRqTTcpgOi6kNuYEaqlSiGwLMJWKMCG1jKrlFwRksjJjiZKODE2Cgm72ZTAtrNWDdNU6UKt1MCYBLK1JJUREgILsFA6QgmShAUGJJlEKMNKg8AGAhzIIATgwGSAkFMOhJ2yQJYQZAAibWEbCSEDgZQ47AQSIgIBRJGguWE3KJS+L46wLXCSbs0hjMHUUpJsEM6iYslORZCZNiJUDRaFIFSErJbNid3WCWEaXV+Nsaac1KQIqQiN02ioNZxuaVEwBMVBOqFECcnGqBQFElKAI6QplEbKsDMRCoMckkmAnCxFlAqtFJwgZBElSiqztaCO2UqEnVNrCopEhGQuiwhJtQYwtdGmliKptSmEVJCDMLayZUMRIYGNce3q6uhgY2v72muvuffe+xa3bLSh9bUkKUBhLCwSFWdGKMNKAWogCSNZhGUhCyeyLYWFjE3BkFhWhG0ZYxAWGPFMAoecRhJgSxgCGWTbBaWNwrYQYaO+dKv1MOtmJ86c+ozP/NxXfLlXfP03fbODS+dLRI1qp2S7ZLZSS9rCicIpFYVsS7JpU3Z9jQgpnAlyWsTkSaUIxnEIhYQwIhBRKCjIdEtXqURBYI/T1NUqyem+n9W+g1QDYaE2TkgNS0VhXKLYCEXItqWIkqSKSkRmNptsaZdSLCQBKEGZJtzGwXaJUkq12jgmSNBStRRlU0iSQCKdiiKcgFNVbo0okto4hdSV0mynnY1SRFjUWm0jYQPZElFqSZdqCzdbUtopSNcSBCKUnjzJAmTalFY6M6JWKTFIIhNhKUASmTZumUAtRYFSIKWndLZsrUWUCCLS6RIVYWdEYMsQKEpzyynVlXRKSmcKoCQAMqDMUKQsCUg7kJ0WhEg7hSzLIkGWQAIbnBmSZZDAJAiZRAHCKcJktMgQmVgKgSNphGSbIhlbYIExksNYCFKkEZkSKORA6WaURIQzbaY2qSqRpIioMXO4TanG1Fpmq7UaFVkip5ymVgp2RinOVrtOElYtRVJrTltYQZQaoWkcsqWr29QUAbhl2lVVwo3olGmBjYxKADZpZ1pIRZm0bHaTqlsiYbml7IRSS1GxbbkQUWIgmSLb5CiSHBF4zDYNU41KCKcQBgO2KBSUNgUo4XBL7Obm0XQlpqm1liCDyJxcKjZOI2RUSqZzbKVYqNZqbKdAshWzWlQiWxpjDEKkmqcIKUyG3SKAEhhKZnN4aqlsmY5aQqXA1NoYCMkydk5yTMpS7HTUkMgkIZLAClIohVHENDUA21IXJWoBu++MgSiR6cg22YFzyrSNkAweh0khKQwlyvbO1nzWR1Cj9LUvUZqz2YAotatO2wihwKFQLV1Xu2kal+sloVpLrVURVrRMppY2oJCEc1KttVYbJCQkiVCtfa01SsSUaUyo72qJAkqnodil1EAtsxYRAQqIKDYYsNKKKFGksI0AbLc02aZs4zgBdkscURWBU0KKQKWUUCnRla5Lchon3BRyghGl67pwiKil2GrZsrllS1mgiFKLFC1ba83NtMwpLaZxQkQNRxhPnsbV6MRIJSRKlGmc1qvVNDZFhGoBRS2lhJMEEUKhUmtENCaBJ+NWatRSohZLnlJF2VpO6cCZ05SJgXAgMGBIAGc6IRUSmDQgySJIUsggDE4BBEgIUgk4MQoAlJIJh0mLJgEILCSB7LQFwshgDIQw4bBAAREIhG0JG2wMFmCcADbINiIkgNZAVhqkiAxn2lPitGgqkiKgpAXUWkMgpBAmndY0NTvVwLglbmSzcxyG5dF6HMfmTCepEIRDkpDTZhzHllNIEqUIm0QwTVNrjgiVkEIohOW0A9XaFRMREVJgSKsoIkqbppZNKKQIlVoIyMTp9DRmSAJKlbCxDUQpoVAAGIxlCyOMZWQLWRjZwkjGpAwmkUIIrBRgCwKTKckmZQts2wokY0hsSWCjkCwRWMaEMaSMRQos2ykEWCCLEOrCyITIzLSdzszWyCTJbOnmtJBInOM4Zhslk80gU0oBI0siEMi0bEJFgqglavRd34MiBEhRalEpEdHcQlFqiEhbEWk3p1s255jpbMZFUYtmtQYgQYZKFLUkQgrJ2AAIETYYAQIFaePJREhompqbM3O9HtrQ7LAt23Y2I0fpSu26rouIBKSIKJJJAwaRztZalJpECUlktgiXritRSlWRJCGJ6LpuNa4CPv4TPxFUIiw3TAJCGWBhBA0gHSYxKEMokQQyxsIo08YGY7BISxYmcAhbGBdFGEQjBDhIC0ANC4wBsGUuM4qAJiFZDkSYhnFrbdb1wzhu7GzOFvM3erM3P3/vHZvbp4bVOkqQmXa6RQSWFKFSFEYyma211qbJWEFrrbVsOQ5tSifCMshTjushszUswEoDilKEpqmRrasVZANIIblla60hdX2H3cY0Dkm1pJjGFlJIbRo92VjhtDMTCaEip6c2DcO6ZYJtSzKSAjG1Nq7HcRxw0lxUQc1W0Kl2JQwWXa0mCRHFQkAASjsTk24ZtlSFsjWThpaOElEjSqcSCqXTmZJkUNik7fQ0TZ5aG8dMIsJpSYEiMAKF1bDBbm4TCgBUagFPZE7NEIJoaZBl7AYqJQQkzpbZpGittdayTSEh7JYwTU0REVFCJQKTJALLUkSUUnJyay0zQQJDE4AMNiGDDVg2UtoiwiKRDJYgEA4wRrYzSSTJEoTSwlgp1JCwSJAsW2GBTUAIEsIoDAbCtgQJMqCQcUoGO7NFBJA0RFHJlihksrVMG0opEYXExm1ytiQzLXCRglKrFK21aWqJIogSwiVCtiHbZJNOEietZShtBbLbOI6ZqNSptaklmYooUWqpygxUItrYnE7AIBmDkBS1FoElIStUoitFNs5MT5mJRARmarkeBycpKei7fj7v+q5DtmXZzjBdFARJELUE8pQZUYJiGgggRCArW05jM4TkZhmncQpjlVolRTC1aRrGMbONk6DWArYybbu1xpSNUN9XMOk2NaczW5uasQVSieJGczYrkNMt06RCDbdpShS1dFGxHa4llOTUpmlERKmOQEzTZOzWnJ7GqbXMzJyyJUEocAS2MxUqXQ2h8JQt7SilL104sqVEGCJUSxdFUaJEUZS0JUDpRCKcLY2dkkJCUEqRSbfmpgSIIhWVUIkIlbSnlqKEQmnbThDpCdycgSMkqU2ZabXMJO3MdGaRUJRaQtGSbFkkWzQ1HBGCls5pGqdpGof1NIzr9TA22a21cWp2YpdQREGScCKBkQHbRChUnCmFnW2a2jhmTpi0W2ttHMZh3aZGGMtcEQrZNCdKhZDSZDYpENgKZZpMO0AgyGyZ49SmsbVMIF27qtA4jjmNTkdE1CgRWFJiIC0rpBIlateXKGWaRodVSnqaWqbtBLfWMoxqLRWAICJaa25N4Uw7M8lQKAI3mxKllBCSkCJCRSETYMJpJ0pIgeQEA410GiEpLBEOgRNAAoRt2UgKI6cSiLScICRIW6ihCCFsB5KlkAwmnLKMSMCyMAgkwMhBCGRJYWErQcY2AphsIBwhTDMYMi0CmgOHnJlukiSMpVqkElFKjSiIlFtzypJUhArS1JKi+azvut7NREEKhdMG4wQ7Ba3lNI3TNE3DmCmhiIgo6ZbObJnNxk6P4zSNU2tNSkPmZCsIY5wSCqJQJcuC1pzOEhGl1FKiiFBERSEIioIahQAsgZUQIAIRCCELQNgIyUi2RCJkSxIh4zRGxtiB7WwiRMM2aWwEISyQEQJs28LgFGBjAQhAEjJhKC6ABBBOS0hgHM5MGyysUkopUaQQAjCy07KNwQYEogRhQzqdzqkZy7YNEjYgSqh2tZZAzsxpSnCJCJWKsrU2tcRSgBURDhlP09QmT1kKUYoRMqjhzEwnyPY0TJIkQRo77WzZpnQKqcg4FKUWFNM4QdpOW1BLNZnZMhM7ipCEutKV6HCCs01TS9JCgtbaNE6ZUyklQm7YGYqQSoSkltkmZLq+d4t0ZpopRXhKsOBDP/RDQZcunJv1vbEVmcZhAoAQkrAwEpgMsAOUyICVgJEkyQBYCbLBAitxYEJh4zCm2ADFkmyDi+UQxgASslAaJKMwQkpZTkQlIAhndl052t+/5vrrqbruhoet9s+dOHNttqyzeV9LKIxb2i2jlFJUo7TWsmVICmEjJLU2jWPLYZqyYQsI11q62ayUKlsKRQRK29mypdOEMGlwttaas6gahVRrpD1ME5LJbI3Mqtr1XdQqcNLIUGTamVObGhSiTY6IIACSEqXvu1K6ECohq+tqnfW1dhElSpSu9n1fFW2chtZQBMY2KSsQTqeddtrpEITkUMSUzW44sWVjD8NyWq8x6dbGpqQqFCGJkJ3plFAIlLSpTZnNNjLCAAXszHSWUCUiAskyUoCNRGZLp3O0VVwk0k5ZBAlNilCAQipjm1qbWmsGFUpUI+yIAuHMNtkGJAlSQm4KqahIXa2lVAInAtMASw3JABJCRsIhAZbDwiAMBoOFLIyQVGRkZWI7MAjLpGQFViBCiZAEIAIDkTY4MZKUBEYljIXBBAYDhIQRpgRAy1SVAKcU2NkyWxKpUiTZmjKz2dmmNrU2SHS1SoQkhXM00dUapVJDoVBgTGZmczNINiHJeBqn1qau1ojADpHg1nDKtgTCMs5MOS23aWrDlDbOIgspcKYgzJRpsAyAIiJKJ7lNLZ1FgRRySzstrAjZOU040661lq4rodoV1Ug7KLQ2ZYLSnqZmyGbblmups74rNSKUInGUUrraldr1fdfVKEUREUWiREFEqJRSS5VjmqY0EXRdVcawHob1NI5D1BAoapRwtjaO2bJlDjm2aXImAmFwy1BUSpFATje7ZbOhhtMmQ8jYDlFLKaWms6Uzs9YoEWlSSM5MjACp62uVEFGi2cKSwqRJuWVzutZSSROB7QYiJNWKQmRm4ohaMNjGYNuZkoLwuFqP4zjVfj7rSRlGjyVKAIEzVOhr30jIdOaEFEUaW7ORJIEEGJMZpdggpxW01hpRJUnUEg2UNKcxDpEORVoRRbgCTG1sYyu12CmVNBGYClZ1M0Vgp8nWaiGKMkuE01BKENks2QA0pyLCzpZhlRIZFMk4bJUApqnJADalECGQoSgEIU0tyUQIVDuwZdLZoDhUjElFEaaWkpLs9TCWKFLpo2K3abKQZVQktWg5SgGeWouIaZhUS6G2TCuKimmJhYwygYZCsrGDYoA0diIckjObBQ6BhSSZliIKMoltwsJSmJRJARZkAiiMhSwFKWQbAZFGchgL20gg4QyUACkpTeBMIUkosQySwBiBbLBRSA2rSXJLikgUKEHGGICQwJaNCxVQIaJ32qQE6SaCiBpOT62VEJazpRDORGkUiKm1UgIyFKVUgiiRkxPTmlCitNUSSRJyhipkc8tMZ+kkIqHWAGWmFHbDGJWI2ldJNrhhZTYXScpMT6lIRVXJTDcyG2E7iSiAMSidwmRJGyNB4oyW7sNINpAWkCAEzS6SbYFkCAlspyhgYYSxUSiNDLLkdCgcGQZkjAUyRiKFDFYIkyISS1LaAltGUgOB0g3LNpAOGdxsWRGBm9PO1iQZpEomNnaoCINCRVD6yNYyMyKyGQGKUFFnO50oZYeigSSB0yZtlygoUcnMbA2RmcghuSU2tkkLIgoAoQoSzjQSzihhQCCiKwIgVG0nEwkhwE5RhFta4RJhF0O2lFEtBjm6GgaLlk2muanIza01EZKkRMLOpKVtckoCY5WQouVEupESkhDppoaiKCVIUjgiiut6ebixsXnTgx98x61PP3362ksHl7pSisJOgQE7DUICW4TtVEoCRNgGBxgBNoEd2FIgA85UBGmHSEsYwkoBJi1Ctgtp2yDJIAPYDqF0CyKNEMISyEpRS2Rr4Frq4XJ1w0233HXrM45dc+P66GixfezSxbN9P4+ilpm0WoukTCqolrQDESUzIW2AzOz6IoWkUEhBOlCilglTRBhN41BLJajENNkeIiolyMSJSqeSZDZjV4WFFCoCS8ImQlCI1sZMSwHUUiNo6XSKKDWcgZy2iMwpIgRGNiGIkGnTpLCFBERE2J5Axi1LCUlOY0dENqJWOzNblCI8tZSiliiqTRFy59mUWTDCeLRxiwilJAKQolSnW06BulIJmcRCKiWkgGyNQhoIiyqPrbWABEU0py2hKIHTCBGEE2Pk5pSoJRwFuyhUJZAoirRLCMtByM5MXBQhZdpGwoQyHSVqqiqnJktFifs6AwSClAJwJLaRQMZAEMgyyDaAnRGRaSHZSLJMIpNGgQCkVIaxEwfCRgKBMY0MBcYihG1hS6RDQOAECQsZkCQBpmCPbdjMjSQUgSCzZcuk1pBaouaMJtfMMW1LhIpJZ0YExkl6SlNqwco0uJbSwNGcbjmVEogIOWtjDJPY6VK60oXtTEwCoMzElAgjQQISQjZimhpOoxBR1QAyU5iANEICHC4qEU47s5mWTMPg0KxUSmennWEhK7OlAjsnIpypWmUUGYhCa1m7EEzNKIliNzdLIMkiSTcpWrbWGiZCXe2mnKwSkm2JUkKoFDmNhJzOKIIoCofDiSLtAAJEF5XioioRwiZpRqVENuMMiUCEJGyFanSyCEiP0xTYqnIQ2Bkqxna6tYy+yM2OUCA7rCSdzjSyiWKyhDpFnXfZqA5JOJO0kcDGcg5D6WqJSqhNExBg0bJJynEqJSI0my9ms9kwTlNm2LIokU4BtuVMhC2PzaVEiBBIkWqZIalEKVW21bAwIDKtNppsBBMQaAKKmjPtIigq6m1J0BooaomIbC06VGqEW2soAok0NCwr04RKhExUAaWrOIsoVpJKhWgtLSKi1FAUKQJwhkTaaQoYRXRyK5Kd2VQKEranTFBLVyQcQBCWSWyrlmKlapXVSSpqzhpCQUurlQhFVJRBTikUIUxrTYrGmJk1QqUUOTEhoyRVwE4aEukSkUEbJ6JECZk2TSERoYjW0s2lREFpWyKNDQjbcloAMoiQjIRSEjaQxnKxkIRN4OYwFpZlIWEjSzIBKWQQdkZgJCuVRkGGsAHZFpcZnEIEqYJTQCqFJBsKggwyLZQKnCgAKUA0CxIrhN1s2ZTibIEgDW1KYzKbCAVQFC0zAiuiRIihjeOUYRqTFErHVJAlpUEOopYi00iwUGDJtS/FAQgZ4WzZIAQkEcUkiSKMQ8pMJFDUiCDbVGtxkkDaOKKKFLadbcrWopSQbdtEMQqpIEgAYWHAQCDjBKQAm8CJkJIUMggAAZmEwjaGYqcijEQLlGAhh0kEaQcyTmUQYTmxkhQhy2FsuyAskwkgJSgtgZEBbAMUC2GhDGTZbpkRBayQjZCg1GILgxyKgJbpVDprVNupKDKSU1iIKS27KbKNxqX2tUTLdFrRchoT97UvtVY8TolTQpZKEVZROltrY5uUjhpCYSymyUFzrQFp7CzIskLK0KyEAbfJURqSW2uTkWotLY1A6WZElBLCiXGmSaKSY1pCcra0SkgoSWeGIrqKlZ6wQopaPDZKQHFO2NiZ6Wy1D1W5JUIBtqKs18v5YvMbvvJL3+rt38HOWjrCEOG0bYNSSJawgZASJAwAaUWAZZEo0hamiUgsg0EhA4kFzpQkB4GdIdkkklJgSyKxAMuSDLJcrJSEwQbhJIApmwRRlK06Pfna62+69+47Fht1eThu75xaHl6cdQuptWn0lFmczoiIKAKnnQ2jqjBWrbZKl20QAgcx5YAxlFIUBJqySVIIkUZCKIpCiiiJgXRDclqgEsIGohQwDuQ2YdIZUTJbqRUjkc6ptRCKgokiTGZr2WwL5EyT0+hSFdhhIUzSoCsFYWcJ2eFMRQFBU8jGQQ23JqBlC0WtJQ227RoRRRM5jwJBQHNmK4rMJMmghlSqbQRNFiDbhVBgpy1VcrJko1DYpCdCxcpoyggJl9KhCNtOWqZQks0O3Fri7OcbqZymKQCoURRqaSNIRXE2204hAW1y89ASk7VYIRHFSe1kS+F0ZgZq2RACAUnIzaCMEAYCp5VGEuC0JMkg28jYGZKNhQLbIWyLwOkimgiLkEHNCAkwKmESB7KwAYA0kpxJEpCJApDICWciMhsJ0JwhWZHZQKUWpVpmaym5RrVwEoGiixD2OEwRwoK0JKRQay1CEWHTiBJOqpUtE8C2ISglMjOzFckGnG4t3deSyE6gNUdI0jRNOWU360tXbdt2kdKEjAyBonZI0zil5FA6RaCIAEhZKDOncSDUlVJmfcA4JpJKwRpaC1l0lIJJJSnjqblEREiyM1EgGWgNSUqFuujSmZmE1KZsaWcppdSwJEontTaFpRBFkYSiacqWQrXvZZDTDtzsIkAmZbAkkIwzDYDcrOKGsROLEJRSFAKnjLBThEUpJcepVCylU4rMpii1q1kVaJxaqTUiMkccCkIlPSmNCkqsTDcyqJBVU7oIWwoFmS2InBxdNUqSCWOaNFM4qMIobLtNDeWsdmVWhmnMdCmSHZKBUAFaNlwiQhkW4Wwmk6AoJAVFYEyWzJbOiFK7rk1TkWuNZkFaIKkpQoLWWjQrjARKqdYi2SZFM7Napmlqzi5wCmyslGoUKUkgSsnWEmqANA0tca21FqXoi8ax9V03tqYpS9hIAUaEPWaKBqyjdAU1uZQqZKdTRFQZd850ZkSNQuKcsqgSJim1pN1aI+RxosrUlkO2jCigaRwzFI5M29juSqmdpikxgdKmpaSiSJMtuy5aoijCrWWNMtmCCEkRwjjEZMuZLbFLKYi0JSknVIyzZUIpSIJwSwQlLGQjOYWMpUg5LAM2irQDOUFYKOS0LGRLaukQKQNyJAaBRQiTtkK2lKAEAYYiNxKFm1AiSCSBgQQRwpKBtFBwWTNAKNPZMqyxNeyu1ikzkIpQyWlyCplQQSFlhMnicFClhqeWpUQKWZUgoURAOqfmWsIIDEGkHJkpQIEtQrSGsrWIaG2KUkpRGoFJSSoUFWfahAJQUdptaCoygVwKstqU07gupZYoBG1UMoUUpbacZGxbHsfRQIjArdlpSYK0IUJpyxggFImxFWABCUJSIiUJgAAFpBAWUsgYgxQJCssIWYQIsGUZSbYBZypkC2QAJ1IKoUCJsYG0bWdO6RYwtamWfvSkKG0cqSohgLRDtnM9RYmIsEnSuIuynpoiACmcOU6JUChKAfpahYZhPbapn82qZAMJalOziQibQFLIzRARWK2NmS4RUUtVTRxV2SxpalNIaUtypq1AZpqsUEmaFLSWSKI53VyilqJQOIRlJ04jQ4UUadsuKlHcnFgEgUSMsu2WrkUCRaTtzBKlRLFE4gSpZUqEotSQTIroI9SmVChKkUmcrWWOjemN3/zNSlfvvuuua2+8cbk6VLa0oxY5hBMIG5GJU4KUhIWNImkCgzIdIduWAiHbAiNLOCWMJMvYYBGkwaEAMlOBLQTItoyQsWXbCAEQmBDYgFG4pYQVY07gBz3s4c946lNOnjp5affS1s6p3d37FvMt5GFskQ6FnZlCGSqTiMBWSysSh6epNWekUObYWotSwlAs1NJtalEiWxKBnZngLoSiTVO6DeNUVGqttRaEDIppmpzNISkCUQqeCkFIKbu1pKtVlC5IEE6b0ZnpUClRVJU0t4gopZ+mJLFb2rWrWJKnNoUibZnLPA1jlFCEM21JZDOSQi1TbjWqSYxSqTSUrgbKdKg4xwKlFCcZraBMqoigNWopxpkNK8k2NkKFcFh2YlBrzcbQlZKFYqVymlqJSCvHwc0tDdSulKhhD9MwjOtaO5yYIgE26RQEIdIi2yRFichMgjCq1Q5aZpKJ3bqCUXFOrbk1SxLgaRwxIiQEKQiU4bRC2IRksCEIAtm2kIUERmGQAbBBWJISRUgtLUCYlEWAMIaQybCsFDiFEBCy05aQlOkQNsYmqmQBBoqqoiAkZcOWFIqGQ6pdSBGljG09jdmVThHOtJNQqBhK6Y1lIY+TEYBt5yhXaLXUiOqc0rYUihpMIpAUVk52KCKcSKKoZLgGdoYikQTpppbNzmYVZ4sstdgiSlGQ6a7v3JqNcQ1lBACmIZmIWTdrOOycpsyMWpxGBmqJiBLBNJEoM2spSOlmM7UmY4UsFUeqkWQqNA2ToxWpREk7bVV19NhOkkkoExFWy0Quxp5as0lLCiJC2bBMiRIhU1RstZzICYfDJUqtJQ02UWgIHGKCakmJmSZFiS7IZpQtkYVL7VTkbF2p4Gxp7HRILbOfVTdN45BQ5Ew7kyBUJWxZjhCWMxVUhGyHZNtAsV26jtYcBqcolrtwqjkFFBXLIieCmGTStVSqTMpKcGYpQSgoCjxRS3FLJ5QCU1c72wAibUl2phIUgd1CoJK0YplQhNPgbDZkNiMnCQqFNIlIcEKWImcCbplEOgkV5BK4NYDSpilbiyoRYxtLrbUrrbXMRgiDopRIp5zNxlEiprFJxWpTm8KlhFqLqU21RBB2JhAhmSTtpBWEFAXbbpSoFi0bzWm1nCCKkQo4c8pGKDCEQ8IKZJHZQEm2zFqLDWFjhTDN1FAJTS2NOpUpmyEzBRZp20NkSGE7JFFqpWUGIpimqdSullnLwUlIpQjVEkkkDkJKSFIUCdsCIMMyKNRMOAFICYQFzQgLQEAEOIKGSAhhW5IBCwFphW1kGYFlGaQwWAkSGMCAkI2EkTCAMFiAi4E0dirCou8iEZS+YOSWbmnTPJUo4ZI0pwgHhciW6ZDTGFCJAGc6hJGxFEUpGYRDpBM3qwgsQG7T2OyAlpYIqU1Tjb5G2M40qSnHvp9ZwjbOdFgomlytEEA2GxMh06ZWZuE0cqgCU040Uq2ULqCUAoREIknIWHIiWcgCI2NaRghJpG0Uso1BCANgKZwGSSQIwBbCRhJhIFJgocRKJQpw4JRkUIk0ssAWRAgjwE5kYwswSAg5PZFd12fLgCiSqyCiWGk7JEkELdOZspoc9iCjLAoJJ0mqRlE40zYI26RNrTWIRnrKUgtSibDd0g1nawqiSipG2aYoVbIxmc2W5LRbmqoSoM4IkIxTyKVICrvh1hqupdjqarVJpxRIbiRNEkJRAmzTMjORrMxmRUhEFFnjNEZEqYVMQApsZ2ZLSbIoCrAzSpCyaZnGAkMttMmW3Sw7wzJFMSVHB4db28fe593e+9u/89sikCBQi2yEEhCGCDdTbJCRMRaBsoESkZa4TKFsEC64gZFEGpsAC5AFhEgQCstCIRkJ4wALLGEjKRNJDkgjsGWARAUQiQOnhKTl0eEtD7rltmfcds1NN9x3513Hj1178eK9i9nGxqKMqyQMZGaUyEwhIeMagWhk4FoLCGFPtZaIgiQLW7JKkSQJZ9SqyWkyKWEJJnVRCQFTm2qpadwm25ARnSJI0o1Uy1ZULNmlVrI1rJAihIkAFHKWokTymBmSipyJp9p1mVEoBgUYKYoA2UlQVKc2ImdaUkRIJmVbiipQpMA0AykUKKcpI2QURVGzpQHoSnVAQ6ZNRgInSCUCUMxKCBvbjpKewim5tQQmJ2AcUoQMmRMOlBFgcDqTUIk6q1H6kmlEkZAscsps1KJMQwmhiFBMTEwpRWQzCUYKbIWTdMtEtIgiqakaKQQk2UzIMlcohG1LIuyUwCTGBpmUZRnC2HZYFpJtIMNhSLuEnBhjGSmcKYGEw6Qsgy3hIK0wIjIpaolECjklYRyEMcKAojbZbRROrCmRBLWv02QwZI0aHSpM00BSSxc5Jc1pKRVdtslBLWXKDKnWDmejZWZOY0RNKFGjkukpW4mSTjC2DKFaozWyTVlLyWKnEKKUIknYFgZRQ1Yn2UQ2uzamsAllcwohjW5uhGlJyKObrL7vadmUXampyXZrLT2V6IDWWi1FJWit1s4QCjndJkoByZm2iCRtI4XV9dWpFGkbIgo0Y4kIZQonbpRih1umGpkWJaqKnA1ozSaLitNtaumMCFAQLVPhTr2dq9UUSiQAq7UJh8J2KIokJ9M0VZcoJUmTmZaFm1BmCtlEichctxaSkwSQUSAhMCVClJDt1jytp4yoXRWJFS1byyZkSSIKTmdOU5syU1agBLcc2phjs8kkSRIL1SgRGNthiwJyy9Yym7OZdDajlEk5UdhStDa1nKY2tWmynRBSjVpLoMhknLK1lo3MNGQztsIqIRkpIihRIoqU2MM0jkPaQkjZshSVUsGlqCIUIRu1ZnCIdIpSonSlc3NmSmCTzpY5NoxtFLUU49bSmEBWV7tSi2pREelMIysiM3MakYBMy7YzneNg28M0jNMA7qKWGoJQlYIo0RGSTQmVWkuRVEopIZodEVGkgg1Wpp2ttak1qwHCTjsxUra2GtfT1Jw5kSiM3XJaj9kauNQqRRRhSYHADsmtpScTCkUECoACqDkFlkE2TtvI2FZkmMDOorBk0YyFLRkrjWUMNjZyYNQsKTCgNNjCsmwEgA2SucwkCVZIEpiQkQTYko1BQkhIZCqBEgGYZiQIlBQhJ6RksmUK20WdFCrYmMyW9jSNk1vLcQKXQrac2ggO5AjJzrQzcZvSiXBLAyoI2wBpjeOYU2uZRRiXvu/73jjb5JYhGSMN45itGWNITznJrqU4jZzKTKczotQi49YamdmSzHQqIajRKZ02JPbUEhE1ShTAjSDASmRIlJZkgTOFAiDDtrDBXBY2hGSnFSCwkMEqxunETitBDWNZFqSFjRIkMICEhSScARJCCiwQKAQgqasRUoSdCqQiqZRIMU5jjpYDqzVnpiSEsdNpY4OQLEWJru/DMU1TGjKd0zi19TAhdWWmIKKoxnoYh2HASCpRashq0zQ67ZSwmpwOMqTEToOkKH1HVUElRDgFGMjW0kCmiRKlllJLtpbZ0paEBLYzikooJCFnkmlAMthOu00p2fY0TelJOEIYWVa0zLQVYXucpiGnHAY7sTMz3YAI0mlw5jSlSVCtJRSFUktEjY3FYlgfQH7hl3wRcOn8+a504RIljI0TSeG0VRJMprkijIWECBwCSVh2EmFgQnYAxkEUAdgCBYQTi5BlwDaAbcAgA9gAtpGTxEZgG4wTjI0NYaVCkrHTnjJvefhDz951z9aJHcSJk9euhtU0GjfSzrQMTmxyapOwStjQQIEExllq38/6qFURxgaITqVIDlBgSyWi2G0Yx0yiqJ/PulqjRkRpzsxGqEQlKkDL5pYtp2nEyjZNLZVpMJHO5mZssrXMbM0isdMSQkIqkhTKlE22KVu2aZqGMZ1EKKLUUkuNoC9VhLBpEUSEhUKhiIiIbK2BnC3dsC1RIqc2TuM4rkwqbDukTDHJOGkEViK7JTk123ZImS2xhJhmXacoTnW1dl2niKillC5qV2otYUWptdTadbV2XY1SscksJWbzvkSQk90St9balIBEZgMURBd2thy7qBE1nUMbjEuUEqESIRlHqGCnkybhRGBPQCKwAkIAko0lQbNbBCIACCQBhIUAbCRBICcJshyptB2iASWNwGCSgkG2bMDCsiDBKAU2Nm5IDoQNGGxsCImQgLSVFAWoRElIN4qkGoLWhvV6PQzG2RoglaTV0tVSidKSaVinU6rOdE522mksXCJEZGagDHKiTSlkyWaaxtYyM6eprddjOlXUWmZO6bRprdk2oCgRpZZauogoIRPQSgkatCnCQC0VEUQttZYiKcJGMhGBFSWqYhhH20LY2ZQtBcgts42tRMFuraWbIkrflSilBiVKKWCnFeqjUmgtQ8hMmTK4ObGdVmZGCUJRCnZODRyW0xBCQhayDFJkGpBIu01NotRaaqeQ3XDaYwKgCMKSShe1dJma2pQ5NRKwNI1T2kHYTttSk0QYoshJM2kL1RIIsEISgiglFLVEZooo0c0Ws9rVKCEJq5Yo49TEJEUjgxJBS7q+M3Jma9OUDqlK6gsJOUXtVMTEejWkJ6Gu65oRLWoYWzRnJVKKwKlxnEpXMIaQMpGkgux0y8nqqiWnCkQJ5DZOtkupIiyTitA0NIKudCVke2pJKFqmqKWTBAqR2CYi7GaEZCxRiSYyU1LX912tdhoBrTWVUIRthbI5p9Z1nUIBEWHjJkAhCAVyNLJ0xZnZXGqgcGtKkFFCaW5Focpk11oCubUJSdlQXyvYUjoVCjDFdpscxVTJoUB2qZUpUYiWTuzWshRRJAtorVGiitoXT1aVLYUyE6t2lVBIiKlNISVBJiFMSlNrRWEkpMDIRmqektYiahHGdgZGCslGShuLsMDpCGNZkpyZCqAIG0KyAWxbEMg2NhHyBGFMIIexJGHbGKQkBTYgMIQw2JaRZKUIy7IxDoUQAElmEKUUMlWELUeqQZmmCUlGEdiAIqoqkHY6S1clOy3JxoEtGwTOdBiHSqmQGaGWDWwFaUUgS0EbS9cFODGNFNmkaG2yiVKcmJRCgSwBEYJIpTMcGWAiIrNBsVOo70tLN0FgFJIhQAFNISsCJBfAdtod6SjGiAQlku0gQDYC24GEAxBYILmZwFgEGCPU7ABEpqQEASGlDbIsA4QwpBE4ELLTDkMYqVmRThR2ShicNsaZ40S3EFOmsUupNkYRyoblzKYIZ6NUnDSMESApIoSBBLI5s4EVtGZB6QgpjbEwdiHU9a01B0WltQmiShOtGeXoplIVKBuSiooiI4oxtowibENEyHYUAdk8yWRGLVIoUxGgzEaohFrLNPJUoggb2Z6MZEkhGaQolcy01aZGiVoDBdBEOCVlNoxCbmm7lRI4QWkrnInoSgUlBiQHgFJurVXXKHKoq/NhfXTm1ImT15y+cN+5E8dPHwwHmJCkxDgNQApkWRbhMGmThUgJE9BsyQhAkChkbAMZwrYkZySpACORVhgQMkIWMmkjHKksCEESCqdDJJKMAyxkEsJB2CmFhfDYxjp1Nz/kQbc//Rk33XTd7XfcffzEmcO9C1GKyTBIadtESEWteZrWUoQkAE05tsld3+WESeyWTY5SA4WFsiHbKILMTKcpZNJycFeLEycqUomQbKqjOZ3Z0l3fRYTTKDpFpoVlUSQV2TayCAnIRCmXGmGTObo5LdyCIEopYScSOAUGC5x2OiMUIl3amAqAzJYmJEMowLV2AssyNBTymCYKCJWqllI2JEE2C6toPY5dqaX0w7Q2gciGaERRlMwskmtBAgVOJyJbQ2AJI5zZ3CKiKFxlJ7bDCJVaIkCNSWAbkKRQ8+SRSFuKAnKtBXdpN7egYFLOdJRqoyAzHYpiQNEB1UhkIlDIToQQcnEmRRJyAkYpkw4MQoRtlKKEEoHBCExCYFtgAZIBWekUWBIGRDgIbFm2kHAik0IO05Qi7AY2gACnLIvItHApYStbTgxCUSq0EgUsqu0wNk0uUt/V1myNKCI8jpkpQZDpbLZCBUUEhapoTGNrBTAgKUIBNqIio5BQy6lGMcpsIWpUk2lsgBKRdmRmlkAiHMKOUsUVNnJaCkOIKD3OKSecIDmzCdlS7UopRSq4NVsGu6UNgMCITAcFUYLJTS7IGMJkhmitL2E0toyIMMhTy2gTIkKZzqlF33Wlc0ACRpaVLUPYJgJUai21Q86WmU0GO8NBlK7SjN1aqyW6bp5kuoUSlFOCSqltSrshKJWEUCmyoRCKtFtrdoZUaiWx00JQS7GQZU3OaC0NBuRSSuKQnK6K6KosBH3p0iolKp6mKUqkLZWuGIVCdkaUbDkOYy3RbJxd6SgahpHJtS+RiohQ2M1phbAUKhWMwZlRu5ZjUYCSKSKytXGYFFIoUXWRiai2JYrCTIlagkRmlnRalshpSKwoQtiWZEUhDSZbcxRqV0IepzZlK7XKaQhnOt2MVBREAlgSklTSDdKqyuaIIufYJpplla5mWspaZMtFbUqPo6ToaoIxFpElagigL8UI2y1tVOpMMbYJW4GQsBGe0kiJkCtFbZqas6OolswWKiFL0ZVMqUaMbaqlplqp4TQq0ZHZcDoVgiBK6UK2chqn1kotFRyykcCupYhQAEohNwhSquGosq0wJUIQsixUYQqHMQ4AGWSLgi0FWHKCJMASNiGlwHI4XIJsoqQolp2WSNkQEmkJEQ5jCZEGbIMQQtgpBJCZBsA4nUAmRCBhjEQgZ6YUxopCozGFQkIqOAi7GdIJYay0i4RToqBMQiJEOluGQgQlsDMd4oq0I4RJ09VOMOVEC2wbbKmadGYm4FoLQpJNuokoXZGwTSOxG9j22FJRSqBSirM1o0KoTNM4ScWtlKJaYx1g1DC2UkoECLAMCAABkIADGyRjLCGwsBVhJ0ayJWyFAodIK2S7SHYqEXKxTRhQkghCAcgJAsDCEBbGQTgzpMRCQDqFsew0VpQAk25YKZUocrNKCcmSpDZ5nFrfd9HVHEa7OYtsYzM5Wya1hKxaCkaOqNLUWmYbWwSlKISLSCet5RSlKxGiKRRRJBfXlIsisW2bxDWURLZpHEciuhJpCzuxUUiIaikUNiVbllBEsZsoBkm2p2zgNGGDoRhU5AZ2RJmyya0USUzNJZIIgW0hEZZqCXVk5jhORhFKSTizRSnGQqV2TkeEs2WbbIewM5Moql1/tH9QT81/6Pu+543e6M0PhqMS0TJtQ00oJAgHQMhkuoVDkh0ZlknZVsipBCkNhAQgWQIb28JSAhgFTghbYacswNgpSQhhOcAyDmwrSGMsQMgg27KINELpFAEKytFy2c+6m6+/6fY77zi+s3Np7+LmzomjvT1Ea81CKiFlayFq3znd2mTCYCdERDrbmJYUJZxpSaYoMTZCipBkFBIyRKjYNjiNKFGytZZky3QS1ChIZEYpki1hYHRaKiQmDUW4YLCdGKRMO5HckJGwsayI1tJIslM5jJZkK4SESagqck45ZcsSVcjGss3kKSfX6tp3gpaTE0V0tSfCbWrZ2iBMqYGUraWJQrjYHK1Wm4tNVKf1gFWKHLLUpglhHJZFKABJJglsAqGwU1IopEgpJGUkSSKlFDKNBkgYF2qUsFws2y4pM7WGHCoK0dIqQplpO1uWkhCSuugsJQJwghwGITvtRilhgzFCIdnGkmzJRiCMEJhEQUJYRNrIoXCmAtsGMpCFbIwDobATgbFDkbIMFgYSK4qdgUEWgYyNcGLIBCIsQyiFnKRKrW0ch3GsJaRSFEEgsiXTlBG1hJ3rqRUVsiVRiqaWiFJUS9h2E06l6Eo6PWE12yUUQjYSETYRRTZgjMnMUEGBE9zSzilCaQuVWuxsmcqUhKEIO1uKbDbOlpZaREFURWut1poQ2BbCSClJXYQxFpkNikREpkuUwMKtZTI5KZYRRkEQmbRsZJbayZlJhm0HSHKY1kqEDaRda4RLKQrLgRxEKO0gHM2SW9LsDkU4M4fWlM6s0ZVa0yBCpbVmkzmOGZOyREQtFBk5rCbb6SYcUYpELVObcoqUSxRsY4Vx1AjZlrOlQhSNTppVIJVtiNI52zBNcjKfhYplk1UoSduYdJjWbJTjMNUZUtSKAdOcxSQpiABjZ9d3Jeo0TbUWFRGykCw3g6Rs2XBRVRhjk8705KRpIksYS2BbIZNKt7WMMyIiJJM52ViKTIKgjDl5QiVCKrWkhbM1u00KKWKySxTbXV9RZE7NolmhbAmJAgqGsLM1yYlxKQkCAFlOxtVQSiiwJMmSYGxZQpkTpUiBbLeWRA3Z4QZSKTIGrMmTRkWVICFxDlN2Hel04gilU0QTgVEUDK01YVxqleWWEhI2komoodbIlhQXhRODpymN3QKVTtOUktKTJNmU6KO0NjW3UABjG2vpiChRBBZuTSo2lsISWAVDcbOQU0iykQwuVsoCyTaYBmAhTAgrQUa2pAQnIWMlGQJAxrIJnCgQ4BQC0hZgISxkCxljGQvCWDYCZNuhkAHCYEg7GyIzs0GmgwwFBWVVQZaKxTSNOWQpsmWnHUAoAARIEeEESaFoEZ1Mc1PTlIllTMvmRjr6LjNJOydbgpRqiam1kOVQCSxF4pCEbZzZMC1bkiExuRTZFgJZFFUkyaRNlAomPTWn07XrjDPTbgILAFGUUIQxAsAIAJNCCFtB2hZOgQHjIEiEBEYCkbYhkYwlaBAhEoSMbJAxDoQBjBWyZSGBUggLAYpIcEuHASFUur5EkR2hYo/ZQLTRpTZRVCXTnLJK4Ki1IJRjJhEiwIEQhig1pBLKbKaWQJqmJiihJIxxpB1Fw9AUBDFNjUgKNapDOY2mKWQsQ4Sw7JYpSahEQbSWKGS1MG4ijGVRTLOCUiNbgiEyLUUNJTizRE3SQNqWhKQQhEOqUazITDsFadQyolgIGwvsRFFqOGNsGVKBbBhJRISR8ZRTSaRiLBGqFjQbqTgiaPn6b/DG29sb5+66++aHPuTo4CCimCwRZICNQ8INFAqMJUhZtgNsB4hApAhIOwKDwACWQHaGw2GDZTmEJRkQBpEiIO0IO4MwEICNSEJOhDFpIizLwgBIWMppbKWfj8M4FV13w8333HX76TPX333n7Rs7Owd7F+usH1eDozUKgQgntdRAk5P0NGUEtXZACbfmNmXUvgigZWZrpVZFZMvWJkPXdZVIuRhHgDNN2BlYiImMdOkqRMGUcNLcQNhRqu2QErdxUNQmlGqZhhpB4JZYiHSGEIGEBM7WVEJS0tItFOM0dbWCnIm1ao3IUC0liopw2CCLcWi2TdJSJURRGElGdkYpUraWBkkiokiY1py1FMHUhih9mc9URLqYdEqlhGw3Wc4pW6RLFEpgcEsrpJYOASEpx+YQCrCRUihbMrURE6VEEVKbJpOKiAgRLe1sImymNkoinUIRBUrXS8KJwlFEMk6ADdg2EAgCZdoijIE0BZkEJJFNISzLgIyFHXLaRkLGTpsgLScqjslZwICsDJRWKG0Z1GxJthEkUiiwRViWUNqSZDAUAAkIHKXYLpZRhIDSVWViO91KjmMTLlFUwp7GVktRpdrNIDy1FmBTShhTog+lq2QnU7oI43QWFUKGgOZs41RrTVsiFLaMszVBolBktsSAFILWJjensqiCmzMQVijGYTDZdX0tpLETBZJCLUcQkiJapiwVKUJStnSbml0iFMXFTKgQ0JpbtqJCiRBtHENCRbJwOokIYSJqOjEOhYQUzbaIAlkQafpZycY0ThEIYYApUyJA0Tkgna1JEaWIyLAMBlsh0pJqyHXeaG1sRTglgW2nwTYmSpGKTShqV1rLqtrcWqrWUHRpgxPkqCWQbaY2jeuxn82ihrI4G3bfVUDIztasUG3ZpFDYjeYW4aml013fpVNEQk6T5cysXV9Do1MqmKoaRdmauphFBbKBANspGLPViCI5cxzGUgooFGlJ6QwVtxalUNVnaRIlipGN6K20g8zmSUjGgZpaNVYpIBRRSmQzZmogRQTI5NSmWqqQTU7ObFFChN0CqWA7CBQNpx2lKIJM2yksp9xyKCoJIcJS6aJgU5wgR5BpLKLUGs1RFZTMMC5SZgqa0wkkrikQbllKlaFQXBA4olM2IRS0Ke1m1JWiKKSbU5IIQ0unLQSipUHWRJOKpwRDgByy1bLJNkSUsNQVSbXWKZuK3YgoidWiuYVIRHMWBSnXIZuNwrZpLngUAYjAaSAsMAkihQRgCGzklMJCwkBCYACjAKs5QWkJBLYCWwAoJWFJpClWCotQOouLMZcZsGwhrKKwkwhApSJbThARWAUkRShJstYaYMnZPNmZOE01FjjTEYGcpAkFVi3VSDhTaTeDUxGlyFaJUBSa3DJt48TDeuy6CqoRpQSSIKdGtogCRQU7m600iihKmpKmzMxZLXJxyJLSChRkMk5jSF0paRlKBFJikpBtI3OFRYoIwICEE0MYWyhBBIZABguwEQ5kGcu2JGOELIRME8XGITIdKpDGQhZAZNogGQV2IskKOxWJkbGQsTAhI6CWYsBgC7UcZNnGNpmpruuQpmkYp7GoECVKqapRYhxHZ6p0SZMDSThlNUeNRFJit5xoWIqu9KHWPGWTXdSHLGfpCi1tl6gGZZNCJm3sokgbAoEFSEayFYEzG6YRpdiWEeBsVkmMBQkkwlZOqaIwAtsSIEXYDnIyAic2KUGIVMuMjJSdSFgxTiN2qaWgTBPhHORKBJFK3Eg5M0NRVIrUcFi2KHJrxgVC0Xd1eXCwdezEV3zll3/gB3xIG23FZIWsTEsgOW2lQWAMZIYicQjA2AjZlnASobQlZKVcMJZIpESRRhayE8kGkCVxmY0Cp1CKsNIEWEgkkhKDpLSxHAinEYi0Sq1kUxFp17zllofddttTrzl9/R133761c+JwbzdqEWSmVBRM0ySM1BGWu05Jgk0qagkzOkTaLSdSUSSJtEKFsJ2tKco0jS2iKFom2I2mzGlSqEpUZTNuioiWmZ7aGKjrqgzQ0gElOkPIkrIoEAYTJVomiUFRFbSWERJyBE5PysxSOom+K5IQRJi0M6IIsrkxRVciCs7WWlTRiqJY5DRFEUTLTGcSSkNGLQFSIdNpRUlPOMnsageWjEQamGxnKmRVSUURKpHONo2Z1UISRTJEKWmrSIktT+kICyXNIKRQUEJVspCVzQ3ohO10RhSn7ZY2loIo1RY0UlFxa0SAwxkhl8L9RAA4kEEAmZIsJGEDsixMOJGQxRVCNJDTlmQ5jAWWTQEHkbK4TIh0hE0YZBROhwS2LEuJJduWIlMK2YlFChIwBlqmbEuKEESU1hIsKSKMEEFLApTZpFqE0wZBRHESdgRUhZW2Wk5CkM3gKJHpiCiSrLRJN+xQKJDkxAqJkCSXalOEoagziVWLjLKlw7UUGgZQpuTmiCh1HIeWjogosltrDVEiSDVnIIlaikms1rIEoXBUZ4ITxYiVnpIIDKE2ZYE0ipK42pkpE1EsWktCciDLmTYjyDbFkc3j1EBdLZmRNuE2EcVWaVMmWVGzSjgscIMihBUl7DZNma61tDaZAE+2IooVtaYRJg1qThlFlC5CCrMeR+FSOlpOMQmVIJ22SEvgTFxrbdlkdbUrJbKR46QqNaVQBAjjbAiskCAcKhJp0oSilpAQ0bJlNgkRodLSDUCyUUYpBtthDFhEOpszJRQURWsphQLD1JozSykRoJBoU5p0Qmga2zAMmbSWmWBwyM12EIoSKpmpKlJdKRHRnODWJmGCrqr2xRAhG0njNE7T1MbBKGpRSAFSs6cxW2vTNE1jI7MoooSQQxERUChF1NrVWd/3JVwyM0VL2yAhlQiiKhAGRQm3AEWEkjZNKWNDlhJRq4pKiRKl70sUtWykFFIEtpQREZLTtUQtUSO4wmBna2k729SGcRpbjs6MUmopadtBIyJUSxSXqkAhdV1XShellChRA2wnopbiDEQ4AkWRodnOzIC0kdVkpCYVsAWy086mZqeQBI0ERNoCjEVIiQIprLTBBjkARDhF2hmAwMLYkFJmGIwAyQgZhC1jybaFkpRskSAMllKkZNkKpYAUIEUNBcJWRAQRknFIOFt6mto4tbFNBFFrRNg2ILm1Kae0hcGttXGc3JoJ2xI1Simd7ZzszKmlm6uidr0M0qzrZ/O5Sigi005HRIkStUplytbaZIhawlIJcLoJJAVB0AgHOIsIRWvNabfsau36nohGC0lFgjZlFMiEAhEEINsYZcpCOA0SslCAQ7IRlm1MyCEUCGwaZIKEwihJTBpcsYEgCYm0wZYFSJIlyWGKbEBYmBSyw4BCyGAjWdhAG1PQmrHcWpsyjQgUgImWLVsDRZSIAJyZZJoIQuFsOdpOZwJBNDyOTSE7hymdOLDchhYqEaQnG9OANG1sUSIUwzTlNIJCstMthS0XqxRFqERIIcm2SclgZwI5ZU7NJmoVCjlt24KgSGlRSnG6OWuUZsgEQ9qCTJimKSe7JSlDF1FLEbIdEc7M5sxWS9SuKxGSMi27KyUiVKLWrnYdinFodrMTZUuDEyHIlCQwiIioQ04t2/u/3weUWX/27D2zxaJgAUmkSRtZKCKMcUCAM7GxDAEgW7KFAowkkiQD2QolSChkSwiDQhYIIdsYSDB2AkLCxoiUBZYDSKEAHJaEkB1RkA1AU1BKazLR1l631Y3X37S7v3vs+PbR4XJj50SJks5SS5RomQjjkByaLHAtVYpsnsZxGlvtSkQEFJWu7+SY2jS2RjoijGw3p1QEmRaSFFFCkkpailCUEIDk1prJiBq1KqolQ7aWpEIlwi4tk5SkxMZyuLm5lZCxWxM4SSfOUFiKqAZB6YJwiCghFRSKEiUQLe2pZWambKTSd11XiqXJLbEtjKKQBnCAjExLgSCyqC8lymxGQAmDjbGxaZJCkWlAYCMUpYAlFKGQcWsNokSZMnNsTiRJoVAhnBJQ1NVOwqa1iWahiGJkMNGmKZ1EVEqJECERISFCrWVamNam1qYprVIAbMBCCiItEAIEYDKwbSgJkJalREYyyGBM2FaEZEBWGAnJpOQECxMYY6cAZAKwTAkyMcIADrAlBRkSSkRgkHkmYaKWRBi7pbO1NrUp01IYAaSdKjVqrX3flSgKKQJsSxBB6SJKVcbYMlum05kCA5KIiJCQJACm1pytoH5WQxAlStik7XRIQNQIAjIiDIkwhlLkdKMlkA3SCixC3aw6kyAkERGSlVOCZTtIjAlCSCFFRCmlRCklosiZas0twy2dthpRUEhV6RyHYWxTlGhOcGJnm6ZpyjHtiBKlSMrmbDk5sxlTAok0UVSjliog7RIxq70VgS2nm1FRSTO1nMaxZaoU49YmOwRA2iTGSeY05pSWSik1IqRSilBmNqeEItJNRSRRFDVCEXZRhEqUiChWiGjGppZOEaUWW6UrtRannYZUCSWhCFTcPK7XThVZyGRzpm1nKEJhiqRSFCJAyMYm0yRRZDyth2kaWzMmMyU5sS1pGIZpnJzuaq21ONs0pTNbaxKFADtb19e+zjInUjm11ka3RIE0DKNbTm2ymaYBpwGoUW2ctHRr6YRMiWzZdbWUqFFAhtbWq+VqXI+ZTXaUEgHJ1EY7M42EldlyapMzoqhEKR1AJla2yTkVjN2m0YlbG6ahTWNONhJITDm5NcuEkEKKWkrpIwrQWhvX0zgO2XAa2yITMqOGm8CttWkap8wkkDKdY1qOEtHVkEvUeb+Y1a4rtTiaG5koJCy3TDJthAhNLaepKei6DhlHqKBiLIgSokQtpURmkxwKSUIS2RopqWQTIIppTuGGqiUjk2BZAaAIDEIGWZCyAAUYC5cUFhCSMNEIJIRAgkgpkCRnAgkW4cABsrHCUiqQCEGRbVlIIZQgICUD0RKIIuOAEjXSlMiW0zBla2Mb29Tspkwmk4TkTEmlFCUR0alGkSLSjhBimqZpGpHcQHamolCKFELNbWrZhmGcmoQkRGbLTGAYpzbklGlkZYlSanVrw2pAFhFSKEJCrrX2XSVbttba2FrilJSZCANyTg5IU6JERJTIiWa3bIaWCSRpAGGIzLCQZYRsBwCywAChtLFIhC0ViRByZgpQEEggI0A2yELIxhjkdKYUUBBGIYMEgQiLFCFbCYQEhIWAkAALhIuiKDCk7dp1s77rayehUIkghGUnyTSOtrCzUUqNUhQKhVBXa98XgSw7Q1KEUDpbtii1Kz3gdIg2talNbmk5BArbTkdEKSXT09Qm0kbS1FpOLdPZ3FqbpmYpIkqEIkqpEUE249acmWAkyUjZmluCsJubhKRpSlt2Ew6iq4EERIQkg02UUAkyVVS7UmvtulprANM0ClBBatmczZktp5ZTlWrUzHR6csupZZssR0QQCbbbmM3Zd2Xv4lmkz//czx6WS6UIRylITVIAYIvMQCZtSw6kQEZKlEIAYWNAwoSEDBZkQbaxbYwlYYMDZFAxACKEkAJjJUJyYpwWYYMwiYVlkDGym9JORISbWpaKQMXONnm6+cEPasnm9vZtT3/qbHNnY3OntaxRE2e6TS1bs9NuJsZhGsah1Gq7tTZOiSm11FJJK6iqCqapTVPD2bLJlBK2SyhCIEGaUqOWKCoKlVJLCVmlqkbpai0R6Wzj2MZRAsJ2c2ZrBNBam6JERExuljp1IIEpiNbSzUUBREQJBUq7Dc3JZGyhKBEhQiVKiRBRZIO7KH1XLa/Xa7IVlXCgLBFCCgiVEkUqwilaA0hwYuEECXV9V0JFARQVClObWo62sds0tTZiaqlSuGVmZmaE0s3ZAqlEhIoCk1Mm6UwnbczMBGe2TDdnqMjKloISSjA4MRDYTOPUcszW3NJpDIqi0oxb65xAdAFgIhMHCAMYWYQDrJDIAFHCkiWKMaEUGKelMAZxmQWWkSQrTDGiWSECCZDBQoHIlMMIJAlsJMJBpLBlG8m2UQAWAMk4DuM0EkVWyxahEkVyy4adpOUcs+WEQUgxrodQgJPE2AZnZOBSI6iGcRiVGZJbOjObnXaoROm6WmptzmloESVChgRhJJwRTMM0tNHI6RDOTNtkpkC1RF9qN59FKRGKShRABG2d4zCCpRJFEkilFNlF1XhqrbkJ2pRtmtKZnoApm02lRnSlqChKV6JUhbJllNr1sxIlpwwChdKJigLb2TCQLadSSz/rqqKUWvoSimEY7ebMlk1RokRIEZHQspUaXemilMycpsluEQWF3YRKLUiEIyxUACdJKErfI5MNt4gofYeVmWkwtesQYEGt1Y1pyqk1JAXNrbUEj6vVehiEoyiTriii9LVMrWU6Sk27TcYuXSmhkF270s1mjlRERIQKgQFkMp2lUopwGLtZSkK27MnClNaSCEUIVKJ2xQDYRJS+n3V9v1jMSqlRqkpFJAmqKhRZ2G4tE9vYKVDIYbsZ+r5DGUWlSgokkuZEapmtNUOtVV2EIlRUZJuIUgtBrbXr55sbG7XvbKOQMkopEbXU2vUpZRtbG3EW1aoytWkapmmaQhFRWmuEVKoipKDItqUapZZARi6l2KqSnbQmOQhMpjMngkAoaldCisBGIKeME6dbZk6T04raRa0lVFS6QjEOoIjMTLekNbulLQeo1sCBsMFT4uZMI0lUBQpsQ/PU2uTMacj1MDjTNGebJluIGMeptdE2VkS1QLYSSE2BFIQ626IhggBCkSaMjY2MsEEWZJKkLMl2FkCWLaMiAjAISRhbxomTUCApJDtBkbYVphkTWCSW7RThkmGDKJkNWxZAFgE4MzMQakQRKK0qQopSaoRK1FJnRYrWmqQSRQFFMg47PbYJ01p6alFCttNpkylwZsgKRYRQZktRawQSzqmRIIBaSzozJ8lFFTC0VERp6XQDkJuxke1EEUih6nQ6BSo1aolQWKUrqABOhUrpqnBRCSEIAUQIZCyRqeKwLGRAUoaNUAMiZFuSZUsW2EnKthG2LBAYyymD00IpDAiJSJICEU6EEbYdGBuwUxDGKqYIpSSRQgZq12EiiJAsVFSLSqkRXa1ESRIASao1hJxYLlGQopZSonkC5LAskW1yMk0TotaSTmWEos6qFM4U1K46iCjdrNRaMTY5TQgym9vU0tkUUSKKhA0YDIkdyKiQNpLBAM12SxuHUEFgYVuKKMWAkEpms52eJEuGSKNApUQY3DxNbZralE4kp0XUCBQ4Pdm20xGRspQiIopN0rK5ZXOQokatteu6GrWoFBpTa80JpJ1uIrJl1/egT/yET1Jw7tzdfT9zOmpYKYUkEEgGSUhGAmzABgQkKBEIjGUbZBnLkWnsJgBbtjFCBmOcso3khixoCBFhDApAkiEATCBjMGBjAElhAIIwDQlJkiytVusHP/jhta8PfujDf/Hnf1alm/Xz1Wo1rzNnGoiwo5Yig11CAkklSoTStnGAlIAoEaWrtZSIWqNTyAaDwSWKFBLYksJugsSZ2bK1CRtMOnNqKKzItEgEppQopdQSNYoMRESUCFWilFBEEChgahMYBNloyKFATNPk1lqb2jRiN5O4SNGVwGlLthjGli0TMl1KHads45g4zTS1bOlQkmkLS4oITEsjbI/rcRqnHFtmjtPkdInSqYYUCnCbprSdZKYk25ktpBIdinCxkEBEqQqFKKUURRQlCDebkKIoTILInEpE4qm1GkXIAtHsCKkEKSlKF7XUUiOnyYGKkAZngm3AmYkwwsIYc5kw4RTIMk6HUgKTIhPkkHimAMIYZKWM08hpElAJtcSEQRaQJgHJMpiwLSMZQLaFhISAQMUyEAhB0NW+RHWmpVJqLTWCZgmPOdUoUUJBptMIY0dXbCOcNHt1tFqv17Ki1qGN62nAdH2tsz5KIFprNUIRbZqGYU1Iikqx3LLR0lNObTBhPExTTg0oRBAY2UEoJAucLVvLlm0cxzaNLa3EU2JFlNKp9J2ikJ4ml1IiSrOHYRrbkE7SbUpbtu1Mp5JpGqUIcAFnJhQw6eZmiYJLRJLOzHC2lukSQRAqQMNuVoSiGBJHcVjD1CQJbGyyNVsKOaRMmTa5ZXMaYVmEjUxENWBsYaXlECKQShGSE4gomayWw7BaTW2spVSFiki7NUWRouEoCoiQIgiFUASpru9nXReSM9PTlFYIRCgzna2ESo1mbCWEsZsxtBSkaS1LhpszU4QkiLSdzVhQoickGTFlyxxrRFcrzmxurY2rcWpZo3R9LRFCmWmTObVsdtaopXalFEpICGxCKkIRUVCRCAkkoSjFluRCCZUQqhGEMwNqKbWqtZbTZJRyiYpRCoyz2YEoYJUogky3lilUiqCvxUnLRJWwLVDLCYyYpsEtMSHZNhkuCnUK1VCpinCSaWNKqJZmy3aAcNppT82C9DRNlpqlEqUU2+mGZBtoEVGiliBs42asGiWKbWyKYppajpZASuMkAouUUShUhEJIZEISkiRUCCky0261RpRorbWWNhKBMAgIbDAyUraUbTcsZyS2soRRMU6RCBmccogQBIZEYFu4IIFlhQwyFsg4SSywSWM7ACzAtjHChlDaIcAggRKwMASEcAqUgGWncLYEPDWw7YhowlOObUq79rXvZiUKzdlSGCuilBqEMhOczdiGbCDXiFApRY4wNGfLZjCyLISQyWx2lhJVoSiZtLSCWmuUiJAkFUvF6ZZNERKECQtCkTBNDiFockJmgqNEqYoIRXGb1OyWaey0s7VxzHFoQ1tPRDE2wghAECARsiSMhQxYOK0EIwKUdhiQCWGQJBAgpxRGNiSyUmEJkEWksW0hJ5JM0JDtAIxIZGRbBEAQ6cAph+0EKw1M04iguaURSjJtQJpayzZNU8vmCEopckSJUktEUYkaUaIqwMrW1uMqp8zmcZpaM5C4RCSkW3Nma8O0nobJOHFmtjZiFUWUElLX1ZCIgoWEChZ2m6ZxHKdhIm0sRaGoyBmRBEjIRp0ChVozUqjYalNLpwxoyixSqSWiZE5poTCXWYkyjRWlFiQkKSRhsCOz0YZxam10W6+HsY2ZCWotx6G5NYwoXVfm3VwoWxIoFCiilCiSszXjGqpRIuRstdQaZbl3KaSv+5qvWB+uRAi3Katq2pKIDCNJSJJBtgAhIVm2AxyA0iZlcAoZYSxAyACSJRDGNkgWECZF2DgRxuAAJIcImm0bSbZSRoQTsCwI2QDGthCZtm2UEtLB4cENN95U+9mbv8VbfePXf203n21sb7RstdYodRyHcVxPYzOoVps2NamoC+HMNgzDNDZEQDrb2MCoCFSIUIiun0UpRIoACIcgDEHaUyOxJJFOOwUKRdCViAgbN2M3p5ubI7Ezx3E9jZNtI0zamXZEdNHVOkxTkkhVxTidhhJFIRASiLSzJRSwAEuBFDKi66pQkpCKKuycsE1zm6axTdPUMhEYmwjbLkTfV2hDG1trQsJTphS162tUSVEiQtEVLCEEwrYCnCYhFC4hqzkdQhKhCEURoVojTA3V2kdEZtqAQiqKRgJFIawpW7ZQWGotW8s2TdM0RgkaMmA3ApgEQIARNg2BBZgGAglsA8hGkoEwFDCgEFjIGEPIxjKUkFGAkd2MpFSCM8BGKdtgC+GGZCkNFihsDLZlTCjDAsCJ25SGCNVai4SZpqnZtYRUaumgpBEIcFpOEwRO7MyUUUQUkZmZfenn877rOjtbm7Kl8ZQNrDRSLSUQIiOJkjk1o1BXqshQhEIqoVAJKRETTtyyIZypENbUchonWwWlbYMtBAg7086uKMHhCNUSJUIqUUtXimREShHhohIBpgSZU5sQQZQoTqXTptltHLCNnSm5CAehkKilFEVEqV3nNrWxZTNWlFJLKaUiSRQJe2pTtkbLlEutttPptCJqqbWEZOPMqU3Tar1u05RtEoRxkk6MTabTdqJQFGU6EM6W6bTlUvtSi7PJjihSFGoIJ2myZdIyrZBD2YzdWlsN69VqLQtFGgMoQlWJHc42tTa1MYNmilSqJCRJThNWujlptJzcMptbpK3ICY9TmzKlzKYopSJ7yiaDwLQ2tZycrbUmAEm0TLe0s7WJRBFRIkoRpUQoatpJkp7GKd1sR5RsGlubWpvsbM1BSBHRzLhuTiNlOhC206iRFhGQuE1pJgkLgwwIbLK1NBYiGglyiehqLVEBKVQLzmlqbWptai1blGgRTkgjWraWzZkCEknNxmBJiggLWSWElc6wbYNUKhBhcImoiiglQgIFioKdBqu1nMYpQyVCQWBsnMitWShQoFAY55TONKBQFIWMVKJUSTJIUaKWrtQaiXE6Wzr7rpaIWksJkZANE1HAAqkphMHCqIEoGCMJIm2DM8AiAYWClDMshI2RJTDCkWGMhEKWsDGAQiGQndiGAFAYiFQ4wNhYJhIkZYARERFEUBJQLaBQKbUr0jqbs03jNIxjc8t0JsaKiBotnZm1lATb2MbIKA0hEUYqEZJKqSVqCEqYkCCxm50kFoh0ZpvSrVmJckqJFKVWG4TxNE1uCEA1SkSUqKWUtBPnmIFtiUjbBgiIEs1OqWVrbXIahdI4LePmRhQBksAOSAuDEVgGbJE4QJKcmDBgWSABCMuWFRLCzjDCRmAAWRK2HUgg4QghjBFGJCZkhAQyCFmZStsmoAlFIhBQAGNJRDpSaTIg7ZZTZmutJZnpzIac2ey0cbbWWssJRVcrCimIqFURZWpDlCiKzCxSpiXhYhsREdh9KVGKEETamWlFZiYWliwy3ZBEWDllUyGE0pIjCpggzdiaRAmcOCmlhAJspSSS5iYhuzkz00SoiihFQWDSnoaxtZZ4atmQjNMJoFqrFM0tCkVFUEvtu5lKpLNlKgCF5MwpG0GEcsqWk1tmOjNxJpZC1pQJOCCcacM4rTLbh37ox4S44/Y7uvkcpdPY2dKEFW42ThvJLgbZaWQbwkIGSQTCWKWBMTYEIoQscMgS9zMgyWGlmySFRRhsI4A0aUmWjCUcBJZFgiCNEZgmCYGQBJCORJKkw6OjG2+6ebG19eEf8VHv/X4fUMp8trE1rNdSyiqpGlLYNqSxwsq0scCkW7aWxmkiZLc2TemWbWppk9mmbG3KaRzGccqWLZ0tWzrTllUUBiRhMBAABKWUCKkUiaKgIBtQKIiQo0jCdmZrbZqmqUilKxERmSQGGYOdKYfUd7VEsYhSMsmcMrEVKgrZ2ZwiMJTIzJBkt0yp1K7vulmUWktEFNJtyqlNVpZSpbAgQhFd7aIU47Scma1N05TO1uxESBCBcTYLIRkkSYGNIy1SiYfMltmmbNlok4Qzx9ZaZtpgO0utSTpTIZlSS6lSyCFDtlTQdSVU0s1WgOWpNdJdDUABoLCEbUkBhAgkh40RgMIgg0ljSEwC4XQaAcKSZRvJWDYyIIcMBQvLSMhIIQIsSwG2AGSFJJxOA0gQoLCxkETashShAOSWBsioNURmAiGsLAqjdEqyATIbSBG1dlTNZl0pXYKnCSwj24SdhhIx6/q0Uw5JkG7javTkvhRRiiSJCCGkUgphiYgwwhmSMwNJoZBCUdR3Xe36UoKqQBFRSkiO0DRlm6yQJIDmUPSzWamdZEnqSnMzKTkgFJkG05xQVCAnZ7YMSVFrKQiVQCEVSVJQqkxrDTuNwg63KbO1UqLvK4qWLSQ73VIhhIpqFFDaGFpSJIVKgCLUMgFnZtrOUkIhw5SZylrCorVJBSAUqcyWsqJEqTFOjcuEIpRTI4oUU5skHNnSrU1OR8gGZ6aZbGyplloicEZo1kXtSijSDTRkpjNSipAgrIDEIKKgdIaUJgVAlFK7arJNUzpNK1Vd33Vdld0M2I4SJUqJEgnTNDWn0xEFaWqJLQlSIQWAMTaAnQKQFRGllCilRJUVUSCTJlH7IJ2GJN1sB1aJiBKhsLM1QUTBHpwGkzTbJjVNzZlChIoIK7EiSqmlFBIrUdoYIQcyMmkJGRFSCbUpcxoxiadxolGkKJHOzFSEoiILSagEoLCKVKhRKRIGCyKK7TQZTtKttcxmxinbNE45ZbaEqAIKUoQEKpkG2bRpaq1NLdPZ7DAURYRCEpC0ljlNrWWCFKW0nNxaa5kpRRCyQpJNw+OUY2smJZVa7MhMjBWREZZDUhJWc4pECYAoMiJBtizSNghZCYDlhEzJli0QSICFQULCtlMWQgLZaRk7wkrZSgsIAIMSoyRkSUCQdgBqBk+t4WxuRZToutqhEqgUzfqudGXKlm1yZmstW+tKQbZkYysbTDm1zNZaWmAsp8KAWxNuUzZnCoUsy6RUUO26WmpXQiDRWiqRpbBCUpFIbAJLJRpGdmYxUokuMi0nSEaS0GRjKxTC6damRqtRuq4rtetqBUfBloUjANGIIABIwBgRgMMijQmsZkuybEhhbFs2diaWJQwANqHEzRaADAYB2GkDICQjwFgSFijAxmAkbFuBschGAqMSESJklJBu2EQpJZV2hCDa1IZhHKeWLbGdbWpTa4kdCokoZdb34Kk1la6UEhG2sjXjKGQmQVeqTUu75ZS2U0VN6dbGqdlky3FYT+mQEnA6M2qUqCWi1KIoaU+tIWUmBhGhxFNrEVFCtURzc0sCaC5kwy272pWInJo9RdB1RchYsgpRo4SqwtkyJ0UtESJCQsopCVlhnJkRlBIlapEiSq1Ra5EKETiQbEUlp5zGCRySpIiIrhLYnloTpU2oRJpQuXD+vjQ/9hM/QRuPDg4i6ujJaUlFMlYBiBCYcEiEBCiEMwzGbmCUIWEZCRSWZQEGm5akBSCRgdO2sCPCNsZObGNMohAgZSBZCSItjCIQFkKAjAI7U1gCwiIDTIkoKgdHhydOnzh28sT3fOd3PfwRD5XKiVPXTOuMIPqatdhSJipRikwiiaKIUksUSQJFFIUUpajrSx89YmpjGydM35daK+HMJjlbQktBBpChiABaTiQCEJYzQSWEomVzSwDZonS1dn1EEUKOiAgCbNGY1aoojQQjhUKKIo3jNLYmIYWzZSaW5JAsYYMiJUVEEShRBCIUpUYpSme21pJQqEYppZRqk07JCIkSRchGpUQpxkMbc2q2CQiBsIiQJBnhzGmaWjZj4WxJSwtsEjtxOmUrHDYCRUi0TIVaTtlyaplThiJCNqBAMtM0KW0y3VSKIhLAJcA0QzJJAE5LAikRMhhJCiyabLBkXAAhLCkkC0sEQsbGFsZKAMmyIRVOwJYFIi0nNsZCBhmFUjJJOpVCSAIlBMYIg2RTJEGEQE631gCkgARIKSy31qZparZTSQIRUboOEQpjTETBCEqp09gOl0frYRJ2ahynaXIppWViIhS1hrroIqR01qjRlczWxjHtzGzZcmqJSVtSKSBLdtpZooiwZWWIiCKhEhKACZUoQkUKtTQG0zLHNmU2KLZCkHZzm9qUGZKKcsihTQVFhAiajI2FicAyURUqxm42melEkSCFFEEJu3YdpSBZlkGkPU6j00BQkCwUKqXUrna1RhZBLRWcmbZVopRSSgiBSimlRDgmKApF5JS11q6rXVdNRlf6rrcBSlEplVCmkUoEIo0znWk3KbqulloVEaVElAynW5vS2WrUrqs55TSRrYFDhTROmqswFio1SJDdMOmoJWyZRlMjSi3q7AxCoRRyJpQI41Bgt9YMRJRShJzOdIkSQYRqlHGcwCYCTdNUuxpRxjYxtShFCiBbtpwkEWGHJJNTa7awsD0hU4KWlmRTa7FRCJOhls421CjD5BogFYWLgrSC1kIQIjMhDWMqXEq1bVpQMi2lItrYoiOwU4pQKZgknc2ZdgoaGREK0o4ImpqypqqiCWOZtIWmzCKVKBKtZcustQIRyhSgKdPOUmS3bBIhWWESOxQUtWwmIiJb1hIticAWcqSNQiZKESXCttPGrU2gqbXZbFZLZIIF5DSV2hXUmqMWT61lRhGSsU3DzoSMqIRwNidOUg6JME2AjAlsMEIJIRmBUZBIDmOMQzKAlBgDSjIciQErExVjwlgCYRwWJEbIWIBxgGUsZIysFk3YEDYwkSDh1rKEotTEqrVMSMqcJLDdsolau5xapksIQC4osUJpA2ESJ2TLpqhIIlsiUQgECkQlbQmshMBtapkOEaWqqGUTOJETU4saKiXaNIGbjUQXgZzO1mrfhRQR4Kmls5mQ1FqajKhVSjnC0UjSihAKCQoCggLOjAAJHNhWIklOQk4JLGQTUtoytqyUwEgCQ4qQ5ZASIYcRSoNByDKWMBIpAIHTGAsQxrKslGUprJRtySUkoJYCTNnSrQBRLYA2TY3sVVAhlJNDlAhwphEiJFECm1AR2QBDBK5db6exZTlsIOVaSic1KYhoU5MEGRmuseg6tzYVOqrtnGy51g4EadvN4zgVFUW4tcwspQjAWG5JGIqVthQhUxSEUWSdMm3Jma1NotithMAtMyAkooSE6EqxjXAS2KiNk1FBgqm1zMwMNJUIRQmULSdaRNoik0xwKR1Vw3qlia4G4NZKkUqU6NM5jS1CsrNlrVWlyNNbv9Vb3XLzTbfdeceDHvKwdpQllE6lQkqQnRgjbEgjZEAKg7EokDiEbRFKI8tYAiPJXGaLQBkOlCIQtmQ7BJbACGybIBJjsAMJYSQcctqIRsgBRhKYRIFNiJSwKRGe3IbWzRfX3LTx1Kc8fbG58bSnPvm6a28cj/bGNuZEjXBRMXYqSmRm2k6phLFUSrHTwmk7wjgcqSidRETYRCkdGNUoUpgEQyQtjGWpKMLZ7IhAhOWWE0YRxW7OUFRKZppmFU+TImxKUdCPObVsSGqMbUw7uj6xcCiQS4k2NYekEIoSSJjmaRzGrutKCdUAR0TLJOS0oRSNU7MbFiA5URiLkEOaplZCqESgKGA7A0VRiZpphw1h24QwViqdBkUBixSybUUUYVprLVNBqERX1VprKVJAhMCmdl2mZUeNXA+Hw2HtqhSCEsVYUtdVxDBOTtdaS5GsEpEOwloDhA2gsAwCYRIh2WkJO0RiGSQjAXaGSSRZlp2BLDAgkUTQDEZCQGChDGOpwFSsRMJIkCYaETY2koMwDUmWMZLARLoBY5sA2zLpVBAKixpqmc3UIigq6cC2I51CmnKUabZQZopsGS3dz/o2tail2sgQiIgQtoVJkoxaBRlRBNPUasEjLR0RgJ2lREgts4nAoFLCVibOTGMsPI2Js5SKhVNoaJPb1LkvqsVOt2xZZx12JLZtotjOcbQtReAchrFWd12XEbIVgVOIyNaSCCDbBK6qxigihJWehBRSKYGcbnYtxUVhbCSXCEm1lHQHGAxuzaZ0NTMNQshO0qNEKRUnimYLK3A6cXEozNSylBJhO5VqEaJEtY0AMNOUEROZlosi7RSRNBQlpMSZCSGBULp1tRNM2WhON6PEyrE5ak9kGBwdIuRoTnuapimnqWXKsk0jSthZ6UqtMs1tai0UCEyJElK2lmnLElWlKmgWZJuytVKkMGhqrdmlVOEcJ0tIKCwCYTANt3Fq2bI1A2ls2cghQ5ZagMwksKLrotTa9dXIkGNmy4ASMY1Ty+yjKEIIYVKpriuqgsCemtMKCcU4jtgSTtsZsiJCChkBQYQNGEFmS4MkTTmRCkmKls7mkAvh9JQTjYhQSOkEpY0wGCyFnKQzTUSElNjpCEJRI0qp1JAcpRYV0s0pRxHTMKXTJsKAQrV2ta8lhEknBpTp1tK2IlSi72dp1sv11KYUkotKRDWJ7DZmmoKQoCXZGk7bwki27QBRhBWKKEJhY9u4QZKSkQ0YTICRsJVgy9gGsI1BQsZhC4QdESEshw2JAUmRYIcdlmWQQwIZJEuJUUphErCIAoQNznS21lpOzpzasFyN49SmaRjHqU121IhSCpKKaimo1ahFNVSkiFCJqKWoi74UhaLUEiAiVEopJaRQhMCBTSDZjRRkOtOQiiLklm6QwgahSBQiTUhSKIqQCFlIXd8H2DlOwzRNIZWoQqSRI6KoEFFQNqczJwtEwQaIANKGJG1syUqFQQanZJAAMBJutsHYkbKMcOAEGbAtg1BiMCBEIAHIoLCcJgWkMJSQLCGlZElIUiBkUrZsqdkGigWUCEUgQrUoJLAKkQ6ngVJL6bq0s1miKqKERE6eso3jNKwHgxQlIhTTOOWUZAtKrUWh2s0UNLeWiZ22BRJUFQlNbUpco5MCR4ZBNhJp3JxOEuQISilkYpyNVGsNhaXWpmnKlq1IEQqJIgWllNrN5IZcaq0RtXQSYGybbGlnZk5jSxsYx5bp1tymhiyBBC41ZvMeyMnrYZxakwipOdO2U6EpW9oCWqu11oIsKKAEheTEiqKCooQK4zjZXLp4XwS//Xu/g+PSxbOlK5JBtp3CmJCRcISRwGBhg21kkyDstAgJSxgCO0ESYIcVYGFCNpadINkOjARKASnADpOkwQqQAIMxBiQRMhYytq0GpBNwIhnZSqci0g6oqjff8qDVcnXD9Tf9/u/8at3c6erMtMQAESXCkE4pAJRJZrYxRxvZIZnWWmZLbISd2VrL1rKVKLWotdayOR1EhIRCKhFRSl9KKZ0SN7dsLRumZRvG1dSaU5JRGLWEtLGUyC0NDsnYWIEUUUKoSCAkUNfPuq4UKcnEkgInlikhCVA2A+M0jdPkbCoqQaYFkiRFkRHT5KSN0zg20iEFUUKBAgElakRxy2EcQRJktimRAElApp0OAZYiJMBuAE6gq7UrXYRISIOxbACME1oqSNnOCIHSiQBSNpJCUWSypW1FgFykCJSQzYmopQI2WEDYKSMHzbbSgC0ESJacBgtZEQIwGNmGVCTCKjSQAQtZYMlAWuCUwwIwYEGILNjgUMjYCRFWCmRsQE6FgBIFWWBbEZLsZucwNic0WmZrWUqpJYLAkkqAG4kxJgkpikp0fTVpjB0lJHAUUUIRdjYht7Tb1KZxmHJKtyS9Gsf1tFa6SCikEioUIdVSURhkIItCKNskDJaJqICdQs1TYEWxLUSxG2lymiIVJVRq1BoSoUARQpRaJbVxalMzRKktW5va0CZSEapS4mYrwiDJLR2hcClVUUotiCSnqWVOY7YcM9OZ6UyjtC0UoSJJziZF7YrlKdNpTLaWbcqptdbSmSYzA6dTQrJsIDMjgsycbKdHt5xaczrHaWqZgBRgSJVA0SIc0dXqIEIRksMqIkhLShvkhHRYlpxpZ4nIVBXhMmYzBgQhqUZRlFJr38+6rqulRJGxnUSoOKJYciaZFBRRikpELbVBTqOsTE+e0pkYI8lgk+m0sdvUcCZYAte+KHMYRssqxZk5prGk0nVd6Rqk25SZCRAKgaWopZSu2C0Zx1FStja2iRCBEbhGCcXkaZoSZWutZTbnNEwiErdmACsiSlGpZT2up2xGxlPSMtvYbEg7k3Sq0UwmxKzvI5BUa9/VKglbAdgREZEmjSIyW2ZDUtqKnFrLxFbQRYHMltM0jsPgNoK6vgtJobSx29imliQmJ6ed6cSOEkERykyw7Wkcx3FqzlJqiQqe2pieLCwwYWHj5hC4pNNyETSjUqpUSpGIiZbOLqLUjih2JhISEkbptKC1bC3BUgQUIaMU2A6BJSGDErBsQYQsQAhZgKFZGFnGwgYQSqOMhoRth6RAZBokMlK2E0J2pgSEsxGRxmhMoJ/14K7v+lmNKKQRJYoCCjUqYJJanHJmgjOhNIgiFwXIMliWMERECKQ2Ts40tsEWgJ0WlrCFkYkofd91fY8waadACgMCASZFtsQt03ZrbVoP63Gd42Ro6XS6ubVmjNKmyV2pMmM2miEAFLWrsgEbYJoaIIRKBCDSGIxwEQoLsGxhkZYhAiCUsuSGaYQwQiCEnHZJjCAtY2NBGmRjCUcaYQSZBttGRnYCYQuBZCKQUdpA6XogHSQYO4F0dl10XaewyTZNbWzZmiSkqeXYJrdMGxI7ZCMyJSVMbbQbkkqxsFVLwdlawxjGacrWlBiTadt2yzQgLJWu1NKVqmzTNE1OokTfz2otrbVpStuSbNI0pYRkkBSKcGvrYZhaTtM0ja21zLScKErUiEho2dJ2Eii6UCmY1lqSJBIhSEuGnFpLJ87WUg4nSEi2baUzw10pOCJUSi0iauQ0rdYDIHUWSTrkZJpyTA/jgO1Qm1qo1L6PWrp+Pq6OHvKgh77VW77Z7qX9zTJrzlQa0g2wG0hpJdgQYQsCLAkLhC0ZIWwjGjgJHHI6JctBImzbtggDKRwZBidSCpEBQiQmkbAtk4kUTuREwhiB7AwDShkJgYHEJoqMpFIItRynseV084MfEqW+5uu80fd923d0G1uL+eY4tNbIbFE6RESxU4CBiNLVqCbTJBQrkApGOTVjh0JhY9yaMxsy2NhBKKRI1NrUsllWDYxtKSEklShBFMkmM5GKRCSQhFBYTRSJJBCodFFKTZEQVRJ2tjYZUUpVKBPbyLhldrO5oqbTON1wBrZxGtWiiIiudl0tisBOybiUUmpVDYUmt9bc7JZTZiqIogSnFeEoRDEZ2LadJksoarTWQCDjosCM4zRmRpUUSJnYtlQiINOWQSictlBRTOOUeLFYzGfzvvZ933clSqi54Sy1LOaL2WyWmZlTTtOwnto05ZQYoLUG4IaFsCUrbOwIUgYswhYYWzJGwrYMFoCwsAXYYCMwBiOTQggbgQFkgMACZTqdShkUyASWDAmySYXAoCQBpMhERNoIojRjBwahImTDOIwtTVgKlI0stdau72qNKCUUklC2XK/GIhSlllKjiyorsnkcc8pGKLrSUrYQKqhE9DWgq7WbzxSR2ewcW7MpEa1NdqazZcskMx1SCVSMiCihiJDCgVGt3Xw+r3WWmmxKX7q+BzLIJHOiZUvTTBCoSCZlVIrbNA7jOA62LWSQUUytKbNEEW45pR0RYQPpRGSbWnMmBEGZppbOJMGA01ObhmGgpZunaQIrlM1tbAFRoiiEMjOqSiltGJ0tqhDC09QAKTJbpmwrwjKNKDJqbUpbITdjE5TSlVKjltrVgrGn1oQIpzEOLFIhBRhASgdpI2cSCqRSI2rBGTaZpG1XIxUpW6jYbtkQcklZJlBrVGwcKq5qLbEzUUmhWsLq3FxCY3NzStGcUkRVuLRsgCXbzUhhqY1jKdW4BLZKiAgJXLERhigRyaRWImyhbNOEZCG1lFtLoWmaFKVHU7ZiIQSl64CiSJQtgcBTs2URTiQVBaG0bZeoJktUsLOFsC1JinGcTCKCOjlLiSiRrZUSoWi2W7bWJIOAklBUqwBj26Fo6Qhhq2iaWjZFQaXgLKWUUGtNqbSnaSq1hIII7JAMOBVRQ5kFuZlSSkJOTVGRwjllRiBFcwNJgRtSjTqlI2whk6lQFIVFSLbbNIZqlhTOxEGlUCIEiQqZJYDMtKMUCYmUJdkWNgKlLaEIk5FYBBgEDstCtqW0AIMgHJbtCCIxASAaFCwo0ZoDJwQyljEKZLAyXFAaZ0qyVcI2NgpL7gQMw4TVWpumEXelBi4h1uOUoxOFwpkGZ6qWMM3pSQRTumWGFV3Q7IZKaU4lQjKCsbVwlK7atGxFVbKkKRu2FCkXq7nJKMg0zY60qYqWaezQ1CYblZDdcK3VLZ2TSVFUik3pazbbGZKKSCNFiaI0yCnkkIKkIsIAxQYy0625VCFIGwAJC4xQQmBkLEQCkIQCXIAQSE4AYzlsWxZOS1xhkISxLIMFxhgIAAMWMkqjAFsSshEkRQGsV0sgSqpEjkitKarKlNnGMVRaZhSVrm/T2KaGM0q1bZvM0tVMNyMpgZbCKoVMnLabnW3qu5mQIDOrwsWWZI/jJIiIUmvf45SwkG1sgUq4OTpFVkLpJkqbpgyytVnfE5EmSgGcVlgKRykSkqBITjfbboBxGjKlsIwznWWSRMu0LIc9NSJEyiCFgpAiohBuU5NCsqVQSTe1omAcWtRQKj1Grc5s2fquy+bUFCGZUCTgxO77DpPTZJG2jOxSu3G1LnX+Yz/+4/18ccfdd1xz3Q3LYQm2UtlJEmmFhTAksrEUkhOLAk2pCBtMIBcplUigAAOkkbBBCmwRKJEKoqbstADZCBJLASmFjWXZJhCRBhkkZNkWNhGykZCNETQ3OdCUghIB45Stra5/0IPP3XvPe3/g+//OH/72d37X9x3vFwcHl7DX0zooQTTo+prTerIj7QipYLc2gUIoQ2Jy9uozG0SNAAxShNU8WVLLdJYoOHNKagnI9NimLoIoxs22WyhCBWembSwKERHOVAlbyjalS61FkZE5ZpRqHBbNzQ3LpBulBLKlEC3TmV1XwYicjI2B6LquZWZLe4qQTBIRYppKKVKxMhBSOmVCEUFm2s7MCLsQiuhm4zBkZqlRSsk0orUsyMhJjZimplCmxxxLrbWWNG42k20j2SUKUdItLBHgbM5sjJS+lqzNkwJMuoWCiNZGISqTLWfLdGaDiEJVUIViGhG1CkCSU7YpKFMh27bAUtiWCJMChwwI0gIjGRFJCjskwFgIQ5AWMjIGR2KZy9RMyCAJHBbQTGCFAAssLBqS7BbIQJQSEmoSrU0YhfDYUFtPUasiRA7NHU2gEnIUT40xpkJE5lSjs6aWdma2aRSli+bEUpMCBTXChGTbzqnJxSpRINuUpVaZdCMzqFECZZsmJFIKigo4pJYZJqJATmkrmyWHCuEijEQ625StRSkBISZoU1OEHShbuqiQNoDCUhetTUQUu5QqRTpJJ2ZqFoScGV2nnKZpqqWIaG2iiExJAc6MEKLWUkNTs0oINVqhpFqSNkFIiCBcQkrZOeUUEaV0tto0OVRqJxsgSsHOFLbAdiIBpPCUCkdUiWwTQal1XC1ba85WaiEiQsZKRYkUtLQbiqJwurVWSgg5rVAtkXaGje20mwQWUkSkFWQoMlvL5qlNQ2uAFFYWJORsyC1b4AhFKa01o1ooYRW3qWEsJ1bUUmottdRiMsec3Pq+L7WUKLVGKSWK5NZscFFElBJqLVtzjq21JABNOdFyai0cdpi0KLVKKiqSkgjVENkSZymli2rbQhHCtLQlWUhSGoWiVCEwsooUFEVRMVlCkG7Z0m1KrIhQKLrIJIhQlFKiBHZrLdOr9TiNY3MmThuTZANZmZ7GZhxEKIRJSzgpRaUGioiiUts0ja0ZO1RrREQg45AMdmK3nKbWIChRFCVKZjonBbgJS4QshZ1OS5KNCpQpmwQmm4EoqlGNbLfWWks3TMoykZFFVo2cpmEcp5wyCYKQRVGQ0NQkWYYaoQiwZIHBNjZCYOME5JQRCBsEEFyR2JJQC1IJIRwIATJFRgiMSYORiAYEASkjGyFChpQijGwnGIgA0aapNSTTtB7Wh0cHTnX9fNZ1tVYr2pQpDIhSigLbmVkVCrlZgITdlShBDSGiRI0uqjJH467UUmRwJmlRZGPSSbMBSomqUrOBlRJSV2uU0vVdKaWPUmtXFYBxRCmlImGHZBssBMIqtSQ4RRqILkpRiXA6JKSUAEJASBKybJNgIcCJQTYKDACWAUzgkDHIwnaSWAIQxoRtjCXACCyMQSiFsMEGSSixEEKWCVAKSWCTlhHCFmBIG0soZJUaQESJKpUEhTBtnIyiCOGWJSKKopZmELWWGsIJbmlnQwHUEmFADpCkiJADp3OapmmKEn3XS4J0Sqgl0EICt0w3FKFmFyMLI9dOtXRdrShsuiillhJCtiPtJNMpq9RaIkIqwihb4gxnLbVGCYQIFUlpKyQLYVtpp2xbKFRLLzubA0lEoCjORK5RRApFFfbUWiqcbrZR2hFRI0qERHTRdTUUEUW2IUpEKWSaFKTtqqP93Vq7n/6xnxxWq6PDw75047AupYgmpSUFYQsRCrlYGCcipAQBzQKLjExwZCixbQmBARuQsFPCBnBinLKFwJKEjRBgCRksG0B22gIUgEFGIQWQFoktAxgkRNqSAFoSEQk5DqfOnD528sx3fff3v8orvZIjtna2Fb2mjCI7qRrGYUqLQkS2dKZzKpQSYdMyI+i7Ok5DtmzZpmmaWjrb2CbLtes6VYeEpCKJIgFSZkaQAK3WWkKhKoXARCldqbVE2BhjuTVnEjJM07gaV20co9QQbmmc2Okps00t3VprU0s725RumeTUnJluGUGUWkopNQwKdaUgp9vYsk1TazmmSRkrjWUjO0pECUxEhCJKKPCUrY3rYVlK1BpYluy0XaIIGaQ0SEFIoYiSLVu2zGbbSUQNFKXYOLOoBkK2QY5SHGpTK13puy4QwmDJ2UQQTMPYxtGiRHR913VdV2tRQQIZA60ZsHHIlp0gsBFIDtlIMiQCy2k5SYQRlh00GWGHcEuDhRHGSCIhJSGnkMASWAgJhwESWUgAljEBJAQGsJAQQJsmy7ZbWioCZ06TAyiltam1NmVWEaUoAtPUFEUOFYUk1LI5wUSUvuum1pxNChlkWaWUkHBi1Vpn/awoGp5aZkpFgqiRzdmQElsqUaunRBZ2ArYtFUW0aWw2IQGWwE2Tm8HZpjZKLl2nokxPaSE72zRKzaiWIlulIAs3N8K11ojI1tJubZBtUSRCZKad2cbVOluTEhsySq1Ro4RBQZRIgy3bkjB24pAQRk6kEmELYzuxEo9TujVD6YpQFEnC2dIRJWy3tEmn0hFqmTZIpA0gIYwlEa21oqqi2ndRuki7tWxpYdzG0W6KooiQIlRqDMPYbHBrY9rIEihIB+HJ0zQ6c2yNbFlUTciNCHCBiAIOwtiCiIhCZssMGai1YpoJQxIRdjizlrAniPQkRSiICDG1lABh2yk8jlMAyCJxjs0QEThKAbu1JqnhCCyhVMMIUaIgI0WCG5JEZqaLQkGNUJLZnJmlRpTiJHNKXCVJkiRhTLrJoVCIkq0NU5OoUSlWUTYnk1RqX0sU4STHyaSddiFkiBClVhRkG8ZmRlVkalfTaas5wbZJZSaKEggwIUoJWxEhcJKATaYiAKmuh3UpEcrEUrGMsBMCbMJOkErBYCORmXYiMm1LyrCdUzOEhNOKKCVsIEEK1DAqpapElinHpqjGODHImY3SIWQksBMbgTDIYQGWMCZlWRhRIEmkwLYlTGBLEsK2BAbJBtIWEk5LtgW2I8AobQXKRCHbckrFNpaVtiKwJQkBIEytXdd1bmnc15IlnJ6mSVgh4ZRLRMiYKGWYpgINTekiEmNKLcaZQiR2s22p1agNlQikKdPT5ChRQjBOFhmlRC3YBDkl2bqu4MTGbglSiChkS0dIMilJkhQ5NUMJEmjNocTKDJdQGdtkO8hpMFFqcba0pq7ORGILARlGkbIQKLCdECghkNOAwJIVckICBmzAYRksbMAETghhSSRSWhFOIwQOYznkTEhbEqQgkYyMADtRYAtjibAsoDWkbJlTAtlaZmKHHQEGhYWnrLPetqckLKwImbQhQIlRlCgRmQYsZKJU0iidTikwaUsqUSLCdrohpS1I7EwhF0uKKAq70ZxqMipQotiSUJ1lGw2JlS2NUBScWLKVTjUscBpjFEocEQbLJEIEzSmMQ1iCrrbMqhDVmUa4RQk7M6WodsNpCEXamUlSQlFLtAQSYyQiIkI2IakUt2w5ZZrLFEStTqeUZvJUqOEYGKdp+ZZv9VYv+TIv+bd/9be3PPxhq3XfJgORSEaSsCU7XZDNZWp2SM5EIo2kNALCCBJsA0KAuUJpBQlE0Aw2ITnJQEaAMUocImxLBhAIJZZkLIBsJiQENjiQLcspAhJboFA2OYiWmcNqvr25vTn/4z/9083N+f7e/sbm5tFBunlqBAZjKUi7lGJbqhGyQjSFhJBLhEo4lTlJLlEiorVmOXGApfRkkEinR0eJUGnT1KyCbUpEhNJZ5BLRshmwi2qqJXQljFylJDNbZlWzSjppREhRQ2Qb07hIiYShRlHpWmsgSdjISK2lBJDQ0mpWQSoh9SUUytZaZlS3MdPuSkAx1BJNrTSBp5BStQpbKirCaSQJkXZARE1bshQWESoKB2RaYWd6slFTiUBKp7OlrQijgjKU08To2pWWzRLG2UooOtlKWomAmHIiqVLKoUhkT1NLQ2YCwjIAQokDkYYMYcARaZfEIsI2ciADSiELI4FJFIawLSHJ2BJgO1AKGwBjCxKRYTVZOK0ghRIbEgLZRggbywGEAU2t9bhILQo59X2RyjiOKrVK09RUw83Gma3rKqKogNo0gZwTtcMZErN+XooznTapSVM0bMipuUI0iIJdJEKBEgxu1FIIY43Zajaj6EJW2kESElKSNlEkBc7EtqtkyzQpIKToSmvZpqkoIrCpESbsRMakM6xaqwmPo5JSa7amWpGmKdUaNdIyKBSAYj2OtatV1SjtCIXU0rbdVKo0NdUig5CU6VIjsW3ZKhG4mQImM61sCEVG6RTIKCAl2SZKwa21jAiEM7FVFIFpyoJcSwCZmdNoiWImiqqQqpx2DWcKuzWVThRn2hmFiYjEUtQCarYU2UwgECQAiYTSrlFCIWcN4whQCeWY4zREKSWQIts0ZctsJYokO0sJKUDCThuHwiSOtKNUC082jhqhSDfhaZxApUa2SaKUimSnFWoKCRQKBzgzXUoVNDcopC0jO3PdWhclSgVaS8KhCEd6GoaxhCxyIkKSur7LdGutlFBGX6tCTreWEYAys7XWuUxqoVK7ooYNgSQQMqZEIIQMbi0yVJSSTNRqZ5RCumVrmaUi+iiykcC0NkqOqAphSlfSVgirecokEEISIltTishpylotSu2U7kKqtUyZmGFqUbJElT0lZKMUCxmbCCHZRhImokhYFqUIUCplZKFSajpzNIXWHDgUq/VKaZVaSo0SocjANshCpLFlwpICtbRkW4CVtiJBkkRYEkAaSWkUBhlwIiXIciAwgEGSsQBbBsJCCXJiiEAGCzASKLjMBVmGxCAr04AtJKTMRKkkolNpTsukyebMLF0NMY1ZSmmZIWzVUEsnhEick6OSTtIiJBNy2nKJSNxaS1tSSLVoaq4lLGPbbtk0RSoxBZVSnWllZkqRQZtsudggQBGCCKDYiQigK9mM04BidKazRlWRW8tsjlJKNBsyW0OCBGQLgrCaCYNckLEsySbsJmErnJblcICNhRwZCGQ7FJAGjAkSCyDkRMLCGFtIJOFEsiAFljASBgWybNuEgnBLSxgsAlAomCZbrqqTp9FJKnFXqxRNzVNTiSjCarZSIRABLdO4ECE3SpAWtkyapHnMUBCyQWAcUaZpEkobCKWjBEw4IUTgTNRMlADZKSRJpTVnWjSQgjQYZwq3iVJqKR1uk51pO6MUbOwopWWSNpnZjEoIQ6YRkaFAFAVStkkRISmiZZPDKEJpMsEZIWxQV2raLdMGgR2KWkoqXMDIOY1OUmZqrZRQKKKUiGxpMAakkkkJ+m6x3D/cOjH/8z/508Xm4s5bb735wQ892N9TBAAyaUeREhRKI9uGCIwVJWwCW1iAcIZkYxmFwKQhEEYSyLLUBDjAGKTAYIjEgYwxCWAJY4EtgS0hgywJY1DItgERxsIgY6MAiQTLoein9dDCN93yoDtuu612s7//u7957Iu9xDSsp2GP0pPYbWoupSJhGw9TlmhSGLfMQKV0zpaZQoUgImwhGwU4MickyWCsKFEiMFGr0plNAidERGTLcZqaM+woBbCiRhDG6alFKTVC0U/TZFxrJ+xU6WSDKq0FlL7SGNrgkEqEM9PCRNhuU7NtEaE0JVT6LlDL1tywSnrKFDgVEdiEJNGmqTkUVo5TRihKkbAdEZKmtGQgW0Mk0VqWEIpMOw0klkASCWQKJVJLIwKMpBCAU5ai1jJNbRwBkZlOUi0dEUIligqtpVtaXmX23UwyYY8tZCAiACuEjRBgSCjYgUllOBE4wFYGssMYLIk0BRApGymxEBgJYURaQdJCYYOQjUIYnJKwkGzJslKEaZhQpoWEjTHOBKzELqql1NYmUqVWwLYCKRSlqxUnUmtIsiUrlcq0sRxdVWZz82TlVEvnipNMSxHhcHHUUIIzjRukImRbKAVOtaLiCLfmbGlFKbIcCmTjZmzwOLXaFdJSuEQohB0RqLTWnKFwg7SslNWoNRICtSY7QZbaNFELpKpycpuGqtJFaa3N+ll6ag3kGtXOlItivjETKKORtLRiyiY7IoyncUqnUyGRVkSFULTWsCnhTIcgJk8YG0OJMiuLpqRNGSEBCslkOCYotYDslEhRnBG1uUW4RBei2aF0KA0ppNamqBUQItSpTG10KJuFLWPbkW0iSgSldGm3llGkEpnZSFoC0dWw0661szOLZYVJ0m4tmymKCNvNbtOUjhKd022asBUS0dKZSTOgzGmaMt2m1lobxqmNLSJq7YJKOhtOwNg2EYradbWvIaQc2zgNKEJKULpAKEJKGhgZQZKNWrtSKsKZbjYZCCudilJKtNbcJoMUBrdsrTndpkaIsCTjCKdtZwmVUtJJc7rJCoUIUrbbNGabwiWbhS0bhyIKESVKQbQ2pZmGbDlZRC2ldNCyZcupZQvUdTVKRwhQCaQIOTOEFEVhI+HWsEuEIqwSBUVVME1TV0t0MWXDBgcKwvY4TW5p0dLZ2pRWSNEpwqbZWAGAnaSFIqLUEmA38DSN6VRFCoUQiYMwgEspxULFSFIIbAcYUliZQIBtwErLRcZhnKQTsMkUYBMChwwGCQnjyHDKCMK2SFIYmZAkLBkhEAQ2lm0JyQCJbSMaJkKJBQKFAEngAAmpRC1Wmxo2RCgKoaghMbUEp52tlZBxQonoakSptesUYEkgWk6SQKHw5GlqbWrZsk3ptHGzFGFkk83ZLIVK1NLVUto0tGwESApJkJQaJUpICEUpAgmoNZDSaadb2g6FIoyL6WonIK3ShT2Mw9QaFFuKkkYKQA7bAjnAEBZYMmRaOMMykrBQAg4bpEiIJDEAOA2SjQAjQEaWZEukMSIMtnCEwdiBkBUgO7BMAiAJ4SSctgBJQERECclCzSlLDqFa5CREUWk5rFerNFaSabdpGltrzRYuyGRr0zSux3EkiQCUiSNEOpvTYewEhmmARCoRpZAmMzNdJEXQ3NIWYxvdWkJrdmuG1sapDbancWyZbsZZRK1VCmc605kG0salKEIhRQSpEMZgC4WilFqqaiAbWRZOTKZFSA1nc0SxMsmpNTDgTKRSApJQKKJEqSGDHBEQCU6TbklmM1guEaVULJxTy2ma2tgUSlvQFUkhuZZ66fz52s1+6kd/ok1tb3cvorgZkU4s4SRlWqaEkQsIhcApZaREAoIUxcYSiESJLVmQhkS2AYwl2wJJmAQhQxgrBWCEhRMsW0gJAjBAYAyADRAgkyFsLIQEAsmBUaRoURQwTrr5wQ8JxYu/+Et+xVd9WdfPNo4dH1YHoKj9rHa1FAnbTktkepzGaZicTjudaYNDanaOY2uJDLTWWhsQIVkBUWtXSml2wxGKWlBIEaXYkEa0bEK162oJFDincRzHNq7Glkk6IZmQuygR4cwkPWW2DJUoNa3W0iFFZGu0dFoowU7bipAEAoVEBE67yQGyhJAkwAaC4oYzFRECUoq+lhJht3QiYU2tYRSRBqKrXdQIkByhUqKUUEgFjAIiFEWFEn1RmMQtyQijlFKSkECKWitCuNYSUZxJEygzjTMJ1PVdV7oaRWjKRqOWGbXDEADhdACWAXABAowtwgJkLOSUCckCCacyhIMEAkCAbAE2GTKEAClAPFMAxoTCCGRABiOZhACSEBYkdgAqAaQkKUqJIGpPIdPZmk2JGqHm5myZxg4RJUwmyZTT1JBrKYWwLUtFWJMbCFAJBaFQjRKldMUSEQqwnJ5MZjpIiJBtT02BkIUULZvSLdOZRVg0Z1fDjaJiqZZiuTWTmdOUztZao2VOhlJLRDGkw3aSyJKM+q6LiGE9tCmraoRkgZMMydmglKIuSsiCopLpnFprbtlaJhElBNhky9aajdNOZzKNrU3NdsuW2aQIlDC1dGvCOEoptauS1uM6xymBBDO2llOz1TLVLEKiRiklimLKNJ718xLVOFum25ROHBGESxCzImlqLXGARJRSSwGnEoVqkQS0Njk9ZQMnbRymdFNIVtTSzXqhTJeozpatueHMkEJS2pkZhFSQbBJFICilRCk2mTZu0zRNLZ0SDoHBEYpQLaWUEqFpyqmN49SmYZzakAkS2IZMe0qDISSpTWOzJadoSCFjIaWcSRBFCKDWUkqxbLdCMYqIdMvWSqiWLkpfUEtjW1JYotYaChrTMAopSkgSilIjSle7viuqxlKUALVslgLF6Jby2JxjkoKAaFMTEFIpduIpU6EgcxxH25nppDlt21FKCZUIyXabckqslg3LJIEimj2NUzPIOFGRZDOO05RNKdK2M11KyUxnRihq1FIiiAjZtiFpKUWJqLUQxa3htBKEPbWWKFQA285EgcmxZVKiRCm1VptxHOzMHNvYEpPCChOlKCRJtpkwgIQJOwlwOMIIATgCCYk0YAPCIIhQMSaMpSAURioCIaVtEBYYABmELCIBAnBIsmRCYrIAm7QxQGsTl4UKLQ1CgkybdLZaIhTOLFJEYANTSzndMmltMraglIhSFQGSSBtkSDeMQiGVoigKQqC07KooUUqNoihFKrIUpW/jBNRSisIYEIi0KFECJeAc2zQO4zRNObWWaRwSthQyhOxmOUJFWbpSo6QzW9ppW4AAskgCG4wFFjhAcpEsCaFEFsYKmwRhbJNSgAFJgC0pjEACHNgJgiRkyRilycRGkpEByQQEBiAkgFA6MRAgIEJAhOwspaul1K6UrvR96fpaSkGZmRFRyrzr+67WruujRmZmS4hAoVJKgDLFZbbd0qZGKSUI2dhGkkKUGoUoIREhikLCCqzAQigioNRZlKiKUqNERbIpqlFVSpEtGZGZQ45JqtQIgW130dWuZCobCLAKEUUUhUqUWiKdYza5SBGmRkhBKoSkNDIW4ZBVoEYRhEDKbGNrEZKx0g1B6UqUatowDm2aaLYUJUrXzWrtu15imqbMNo3TNA6GCESUWg1pGbd06Wvf1fX66C3e6m3e7I3f+MK5e49tH1ONKKEIZBujlEJkglwAhzFGRi3Bkp3KcCQCUoawlQhZcgEJA2AJWcipwLYcYBHYIVkILLAAIQEGAiEsgQCEEBbgsEBgkBQNQ2Ag05acDUUXEbaS1TCsbn7Qgzc3tz/h4z7xrd/6LUvE9snrDtcH2VqmnNnGqbVmWYGELEKhAGez5dp1ESVkJGFUIiQFCqlQihIyM1u2zGlq0zANUxtHMkmDkS2VUoskKZ3NQIaUbsN6lXaJcAQgI5imcRhWU0vslIWNJdxaG4c2jmFJMY5jSwPIaQzIEVIooqQdLdOkhTOkIpKMUJSCbBtl0lpLp0VMU2s5WUqngZQzxxwyMyIiQrivVZIkAQiR6bQjhLHltGzSTrccKaWWzianbM3Ymca2mIYJERKApFJqrV3f1y4kRRSwbOPWEilKlagwjVPmEC0BYaARNlJYIIm0nZKQMTIWAuMQymZjYUAOAyawjDESlhxKCRkZjJExFhhjg8MoMTbiCmOwhDBYpJEdEkoC2wANjMLZKBAhBYrAgDGkpzZhj8Pk1iJKKLK1JocUkrOl01KUEqWUvoRKS7eWzrRIk5lHq+VqtbZxphw2rU3TNGamk1IiM9K2TUbX9SimbFGK7bCxp+aAWjtQKbKM2zQ1NytCQjVQlAisTEtOJxABNEmka6lplM5MQiolxHoabUeJlmmkEi1VJCkskkCymzOHcZCJUFdKFGWmkEpNHFKEulnX1Q5llE6hqbVxbLIyJ9slhD22CQJlSEWBpCAKTsAyXYnoSggklcjM5jSJAgnjlm0acRqrKKJ0UWrpI6KoKCIoghJFOJO0s6UzI0pXuxqlSJIiIkq11VpmphzpHIapjZNEKHJKcC2FYhSqhdZsVzAQQSDLdirApBsuCokAZ9qmtVTgdKi4pW3J4ZJyUbTWmulrraFscuASKCKcbQp1CgG2hSiSQtbkJiwigqm1okKClLKb3cZaShSN4xChTCQiFIWpOXMqpWZr0zRJIZQ4pDRJhovD09TSlimlKJStSYwtvWq1lFJLE1FoU4sS2KBSaY1SCRdwa85QtVOZKWcSCodkFERKZEvbABGestSKTNpubVJEYI9tAtUSaQPOCRWR2BHhTBk7DViTh1pqP+uzZWajRKQIACEZKRRFzhYSCqF0ZoJCjohstjNRlJAz05KdiQogKRSEBC1bygVnosCpKDjDIEtypqOTSoA8ZUjOVCBCwmRaCmMwgTEtAKGUlWSREAaEbAsbcCALLHAaSdi2CGQRTjtSGZJlBBMUJIPAASlskSKMQzKAgMRAUYDSpNPgliAyJTnDNJtQpHFIIhJwc4IUuGE3RfGULalVkEKKGpAkwhFBYKEUIBDZMkUISVLaYbWwbCNCphRZBkVEirBTRmpukcJYU7bMVCm1hhNAUYSdAdjIzkyptLSKwqFwr745W6aEBBIQFjixBGAbBCkiEsuywCAhZKeFLMumSHZagSGcSHISIk0EBkBgFFbaBEI2IYETA2FhwGlJljAijYQVKlYjwQm0TMC2U5mTpTCOQLKdViBLoZCUacCQmbKi70qp2AKidCrT1ELhbA1LMeu7gHGalFH6YttuWKE0YWfL1vXViAxZdkYQoQRQ1HBLEFKxMqIQWW07gmZH1yHkGMexBEUhk5npDGkiS0qCbKlwWtkgE8kSYGEEzhYhSkxTSqCMWqK1NjWVCAWCIqkIMkFSUKIYMtMkYFprTlNKlbpZn1bITpwtJaOKjSKKSsQ0TQoVInNyGmGMUo5ailurtawO9+az+c/+0s9szI89+SmPv+Gmm1fjVCVbKsICMAKBU2CBZRsUiQRAJA7bQgC2hRIrkWRsJEM4U2FQkAlFaiLSaSCNZBxgSbISCyPbkhKLwIAAG9kWYCTSBqxAgCFQgKElVS1bdiWIbhqn1Wp58syZjcP5z/zMz506fc1TnvCka669cX20n1YJRG1eS4WMkKmEnOlQZBjCLRUSkU4pECIKTimCzCmNJJMSUYpcMtNOqwrZxhrbWEuhFE9tHFvpihSya+1L7TITnG0spWQDSNsZURQhu0iWbdF3dWitZROKWiUhVJAqKZQkU06ipCcQgRBOKwwRYpSCkNJhO0qEIodpaq3iKNXTRLhGdTqVmbbd1aq0g1IKkE4bY5uwZJAwaePETJnGpYTFuF4pqhtWhiqAZaVAxW1sSMJG4zAQESIt2yFQGacWAhAArSU47XRpRjhdAYUwVsoCQQRObDskAyGnZYEtBQJsCywkTIPAUhjLBhAmRYAxwiBbyBBJyhIyjrAbhJCxELYRYINCmUkQSdoJEiByMnMyW7YES6FwgtJEFIdti9E5y4YUpQhL2ExuSqJWJNyckvDUogSWcKhM41isqNFyCpXMhCy16yIEtrJNIbAahrRVayGNpKA50wkplUw7jawSBls1ws7EEVFqtMnOROFmQtihgt3aFNFNbQqV0jGNabvWKlGakZ3ZnCVJRQSTJ6xMamkRVYqJjDJDLtGlM1siScIpITmiShgKIQWO9OA2USJUhCSVqlKZMgUtDYImy44IFEREUMFp03LKZmWNLhxTmwS1lJSdtulqWIp04swm5KpsLiUluqjT1DJbCpBRtubWopZwRJFJAyX6EkItspZI06axdEWSSRNFaglyKFTDZBWRsuigZQMpwEKEAylaa1hALaXlJEWtSjvBputntj2OrkWluE1J2mrTVGfdrHbjONYaLSIikEpEZmZrRGBFjS48NQJshQJDWBINsGzs1jJCIHApESqZWVXS6WwRkc7MVCib0llCzrQgIaQkqhRya+M49X2JUKYtt2wyozOn1sVcJSIthTVhyRhJaZEGRwh1JRRjG7GcllRUCNkqYNtFiEJkZDaHSFKmlo6QbeFsKOTWVMOZUWqUsArOlGRnQ5ITO5sjkApAtkSROBROS5AtURAJJCJRTNkys5RSQkmCIO2IUtJJZiJEOBRVherEnjLTWSRF1FrlTDkUBQQkKJGzZY1oCCNsmZRQYtmNCElOg1DagRLLIlACIElgOU04CdkAMgLANAxISiBRGCCLC0qQ0imQEkdKxcYoTAJkogQotQCEQoxqQa0RGaSJQlBtJ46CjTPTUlBVMM1JOKjZMmlpii2VkJAM2TJEFIWiYbcQaURmyyZIhQJH2OnJGY4Ssi3VrqQbCQRKHBFAOG2cLY1K7WomSCHLToRByJIk21KUbCmpRiQNsBypMVtYgFsD7CYViYYKSKSFlSAjgTAKmwQMMkgowsZCaUPIGZKRAELYlrGEEG5CCGyZJEEocNoIJFkiQU6h5hAoMhEYItIGbICjw7WQnZKbcSaohFIZGSqBYsppaoaMUklj0caBQYCEsW23qF1mkxkV47BKYhpHTC1FITubadnIxA7FeigRshUw5RSSorSkFMmo4CSnhlAoLWGDghyzlo5iZ+aUUQuKdAuYpkaEnCgkMlOoqJRaSg07gzCRWEAVU5GwELTWopTWWqYREhZTpt1wpk0NyVJRFGcrquCpTVgQEbRpiq4SRUIOT0NrLTNrByZbFhXsQNmSKqcocmuSbZkMsGnZZvPN/QvnNo6fuv0ZT7/muuvPXTh35sQ1YxsEWGAnSGAjwgAGB0pZwk5ESsrEQjZhISOBZCMZ2xSMkI0CEoTdlMUBGIQsArtBgCQyiDRgZwB2ggAC2QpoECQuhEmMjQhjWcioE4kKtdlqGRGY5Wp57Ph1s9nGXXfdeeq6a/7wt37rlV/zNduw2lte6lRDge02ZSkRdoKdECGh1tKtRS2lBIjMDBIrZJPNCKRAhgCViBLYUkk3RZmGcZpGoJaa2ZAU4ZaGCIdCCmeTChicTlBfQiXSlptU0pl2mq7WbC1BZGutdl2mnU2BrIgoFIwJkUakkcItLYgURUBEWMJYEjUCWjpkRWSzIpEwdkYpFkC2xHJtpCUZ3KCkJEu0BqRdQiE5RAPUmosnSygktZZ26/ou00LGtkuJbM1puVlV4SCSxA4BKkVTa9ildoIogTXvOqQoAmRkkIylJCMFGAQSoqWllANhI9uSMAhhS8XYYaUgAzVbCmQskQaFjGSQEQS2cUAmCgCDABtJOAEZHALLWFKAEU4LSAOJJYyLwzZkZCARdFGxUlYSQSbptAEhwCVEljEz25TOGqVluoUjSy1AtkkqUaMNTVIUZXPti1uC0qYosrTWDLUrUtg2ABEhCUmZUWJsUxAlQkCA5ZbIkiOUCVbisIlATHZLF8ZMRyGyGMiMrmBMtnRAQcZhELZCRJDp0VMtUhSsYb0emVRKkUpESFNLbGoV2M60jT0igNJ3IclYsh0RNiUUEmTzCEgoEMrMhltbK0qRELXUzLSZPNkowrioJClo6cxE4JQUIRIDFGjNRiYISZDNZGu2W3MxLUIuUZEym6RSa9jDOEWpMgqardYoRQpwtqnUKmdtJKYUtRYljAPZdu1Ks1trSitCsmWFQKkIbNsi0yHVrsMg14hsTjcVOdtyGGddnaYJBVJIrU1p1Vpt7MyMoqjV2TxN61DpZp1tW12tbZocAoeKBKJGGKZpjFLGaUq3Wus0TpZCoOiqWptaEhFYqiHbIdvONqUV4RQQJaSIkDOrSs4KMpnZGhml1mkcE4cKKNJJ9rVLZ5vGFhEqmRlRLbdsoUB2AkghKUmn0g0pqAobBJhMl1LSiQCidLYTyy3TQNrgNk02EaWUGiIxJiKcLl1NJ01RBCErBZmZCRqzCaIUIWPSlGDKpOVkUC3RmglaayoSaTCqxaLaiYmqdCngUk3apmBLAjw4OxdjECmBlXJRJBhbsh3GEkAghNMpCTAiLdmQIaVFpJxpiyAsWYBlYUJOI1vCRjYKYYOFqMbIkCYU0EKiAIxtxChtLAq2gaS1iawUpTMUzWlHQWMbGbJ2HYFNRNhGLiphUNhKZygMAWnCICJJpZMoErJtZ5Qipy2BSrTWwBESalOzwBkSJkJuzRgpWyKJUHNKzhQ4HbU4AYQzXYgo4dYUkp1GAtOmxJOiTDKQYYCMxEFE2g6EMBK2A5AAEuQiGhZFSqctZFuhtIqdsgwYgwmRLukMgwBkFMhYSgHIKCQjkRYYkGRFZGI7saSIyLRbAtddd4PJ666/LmoHCQEG47BMohBMuNhpK0qAQTghAUtORwQ2CmxjEdiEwBA4gXSLKLYlgQAw4LQsh0VBBoFBYGxEJhEyEgC2JWMQTggJAc4E24oS4CTDShMhYHl0tDo6KFGKQhS3dKaFBkVRw4VwVcnixImzgTDCBjlMuijSRipKT6iABREKQiVaS+Q2ZaZxqgREhJGyZYSiSlLLJkWN2toUXbi1UguoZQMXhSklJgKiLA8vnThzzdd89Vd91Ed/zNHsYLaxmTm1NoUqNAwRIAkcJiXjsBMJgTECB7IsiysECbKFJNvGMgROCGwUgMBIwlZiS8UG0gQpbEuATYSUtowSjANkYUySQOAE0gqBMZBhWca2jKwUhHRx/1zflZse8uA7bnvGq7zWa33qJ33CF3zxl56o/d7epVpK35Xm5oQSbTViFHaicMvmbJBgohYFads5NNulFhvkqRmsUFuPiftawa21rpba1dJVpkxnRI1QRLQGZIRIsG3siQiFqktKShQUh5GNFIERmVaUEhaqCjsjZGNnZrbMrpRmZ7YopZQqwE5HEYJSEGEsJNnNmTY4KbVK0dxwMyWzZRpkpywQOJ2RAbSplVIQrWUoso1NVJWIyGxSyCQuuNaQiiEkhWpAFjtlpqlFrUUhOyKaXULpLKp2c2KyoCSbIwJT7EHqUGa29ThupT1OAKSDABDGSjkcAhICG5AD2WkFGGEk26QpspFlWZKVsizZIMgkJCyMcYDlMACSE4UxxgrANmFShIwF2CAMYRsxYYVUqqTMjFBEYClcJkw0JQR2UajCyOippJAykVBISBGgJIWL6OczEmeTXCJsK2IaUwJKqZEtp3GMWt3SEIIIWyrqQtM0CbAzW0SkhScpDIkLUUvJzFI7lIYAK4TSntJRlK0JnM5MS6UUdRU7QMitKRTR5ZQG46JAIjOCkIBpmlxKVaQIJc5xbGDbteukoDXCaUoo6WQ3CCmKsjUI23bWKDiJcMsIKaKNA2iajCi1ujUHsjNtIZsImpNMGUuWQqHq0nCKyGwEpBophA0SilBrRrRpnDx10RFB0troCEHt+5has2upQplKslDccooMiu2qokqzp5YRIdSyhRVFXe0IZaNKRASZEkQRdgKEQ+GpTQ3XsBsyhEgTAMZubZimWktESJEtQ6EKLaRsCUo5FNWZznTIRs5xylKEgmwNK6KE1M1KLdM42o4CUu2K06Y0p0zasgk5aNnIFqEaUWbVwpMdKVRK55xIjMMgJS0UWLKJRMK2URIRDplGAwXCFIPbGiJUQkoMEh7bJGFC1pStlBAO3Gw7KWEZOSiyWxoRdmvGgyhJSqGicGlp2xHCmtqIjANltiaFoUZp2UTY2drU7FIrQmhy85jZjKymKCWdJaqMwFaNQEJqrUWEFDijRIlwy0ynAULhCuBUOiWHihM7ItxaIzXJzUgyFBkqEQ6FSaeQI4UsyzJOLMIGVGiJbCnANrYUsi0kFNgYFZwOAqWNBBYG2RIpSwGONAoL24qwDUIWgBMCoAA4CcsSgIRx4tbsZqrSGaJ2HUSERc2csERMnmRcQhGSCBrNzkARkWmE04DlzCy4RE2nwUJNyBI55djGWirOzEzZjW42iyh2WsiASaeRWtrZEiFJdkRwWbpJRRFTjlhqTSoonZJIUmlQkQiQjEOyk6iSZIBAQBThFIEwFiCwDSCMlSIApR2QMhZhIQuwQpkWwgaFbORU4CZCAZiApsRCIBkFYIyxLQmDUmmXcBpHCONUBkjGwFOf/tTdS5eOLu32G5sREdmamVoTIrPUEDG1USERq/WqdKUrs9bGUju3FtKURo4onqYkE4qillCphGVFiXRO66kUtUwnklHBGVGmaRJCBoXINBG2aWmcWEQUtcxQSKK1FKSQI5R2BCBZpQSSojhJDGSb+qj33H3XbLH5sEc+fFgfiDKOQy1psChR2jgZjMZxCgnJOFRKqdPU0padaQk5cyKlxEUdxowQkmqpiZvTmZlJUa2VjEzjjJCb005LAiwFOBNbshAGnELNbknLsSqcU9eVyZPa+GEf9dG/9fu/+9M//lPXdH3fd6vJdgvZshyWnUgNAxiFouEAg5wSdlJwQ0K2LUASNiRWCITTCAyyLRIHZKLARjhRpB2SZRlkLCRZlpSglAQyFmmZFAg1I4HAdkgGjAjZYIRlWZJc0DiNmVx33bWXLh184Zd82a/+9m/92R/96c7Oif2Ds8PYRwnlNLXsul4iczAxjWsgSlWERQ1lOlCRWqGAotgpoaAZnJJmtagUp5kyM5SJbElSKSBNwwiSyLQAoQIUpwELe7IExbISyEzX0qVbc8pyM5LkILKl04qI6hxzcpZakEMSFrRsmcYQwhldcaYkG+RQJEDYhlZLONTGSVFCKWNJJVpLiCgN5EyQsZAFEF0XBiLbRAQiVBRppHC2LCUUIu2kZaullBoqNdvkhEAQwdiyhmyLKAXZCTlaZFf65pbuIeVSS1djVChkAEsWsgNZYCtlJZJJCAmcThGyhVKOxCEIKWVZCjttkI3AILBU7FSQiEQpY2yhEEZpgLAhLYlCSysNYWUgkMBp28aEwLaztaagjVm6gmhjwyJcVVtmgJWeUKhzTezmUqKUAI3T1KYpIVsrXR+K1hJn13W2W8s2jVFqidKyhY3kEiTYzZm2hMggnB4hbWfKigg7s6UhioyKAErR1JxTixKZSaiUaGRADYUq1WllazWK7RCBUkY5js3h4s5hFZHO5lRDEpIKcsvsug4QqiGnnI6abtnPZzVimiYHBmiKIjc3kBUxkYIS0ZyaYhpH46Jig8hMFFFUamRrzoaCbARJBGCytZAUURSZaTXsiIIjATLtQkkyEnAaSQ5aAohQcXUnKTMzW6kd0jhNmdlaSyckEUJFYTK6IpTZsjlJGYyNgpQCERKy7DRQwwI3KMh2SJZL1MyGkVRLlIgUmc3pIEwqSqTVRcUiJLU2CkyEoqvVmiKVVpIYBZnNFhFAoEyHkBQoUymHQti2AALnZJdSlISMQyJQZgqBFSW6KgWInCiqqi1baymilJBkGxyl2JmtIUUo2yQHWKJlM9DkSGFshYOwa6mRtrPZkpAiW0sZEJGt1RKI1myLEC2TDIVplChRHJTaT1NLIxCRLZUOlQhMIR0BikZKDkVUZaoIkzUqYShTSxtnFjslKZAU0zRRijPTptECSyFMSCrTNJYQhgCwcctsKQFSQSAFxjSQIiRZWUoIxtYEgDCWSFvNU6YBQqKghgMZy2A5HIBl4YYgpCQhICOUTilITCYhhTFGOC0pJNu2ZTkkpVIBaSGwlVjYCULGxpIIgUEABqcCtQSwhAFJqlFKmaaxpbuuZmZL7ExLOIqLAwkpQoLJVkpRIkpmM6alQlh2E7JC2JlTSyJCUUKtuWULlQghEpyUWu0mADDpFkQLSjpNlCLJmZmtSio9wq05hFOKGtU2EGGnjbBtq4QkAUlzAg7VUiY7p7QzoUlAwwDIdkDDBdmSHMkkAjDIaSKNbCSBASS7QQGDwDZCGGErZDuxBA4hY1sIjEXaAkm2ka0QQul0KEhbEmDhlq1t7Gx/6Zd8+Zd80ZfxLAIDAJJsAwgAAyBA2AIDAgOAEMikAMJKGfNsAnOFhA1IINlgCxmjgARhg8A8k8ASNhBSSjixBBLGtsA8kyRsgFDkYrZxeHiIadNUS5XAlFAUKcvkDOFSWpuCQJF2iVI7ACcliFKxITMzLLfRNopSlElzKsApUaIqxASEPWVrdpEUBSGBoRBWphAC0ulxUpQopRJtmkqJUEw0p/uY57Duav3JH/3xBz3kobffdseNt9xUCnYJtWFqNUBGThQYACxkbFBYliXhBnIiYcsytgVWMQYjIJKUBdgpiZSFZJAAtbTCTkApBCkEuFmyFACSDUYSQUDaCBkCGZF2QCpkE3YSJgMZwMZFkW5Ti+PHtzY2F3/xJ38x35jd/vTbTlxz7Xh0sY1T38+0nhxtmlpXAxWXSrrrqonWJuNQ2FZESZpbwRGleao1wkK1TS2iRES6EWEhWQpBURjSVhTZiGxNSFEsBSiEsW0rLeQIIbVm2ZMnWYEsBDYqkSZbOrMGolCQUZjm1lpzhpTpUiSpTVlqxQ2TTsshIQVBtNYysXFinKXrlaIYFbBAEqpCLpG25JAiS8MlinCmVbBtCxkkLEkRQmq2RKgUZXMOY9RAdk5p0VxKRB9ubm1CCErUGoq+Q0ooEUqj0toUdoLBUQGHpYSItEGEZSOlkcK2sBEIGxkLQDhBhGzbSiMACyyFSSyUCCeSLCwJ4wAyUwrksCQsSbabBFYIi8jAExjJE5oB6UQiEa6lb21KmjOaAQdKO4oyrcxMFJIiFNRsLYVVK3ZrTSWQsJvdWpYaIBvINDm1rpZ5P0dkZlGoq1O2nEZDiSIVG6BGEEIlycwMKUIhFBKBEsACt2wOpjZVF4VkZUtkCpFVciklwEQ6FS5ES0qx7dZSaSNEiUohwELQWtq4CJm0m5vT6dKFs4Qi02mXiCjF2ZxTgi0MakIRYRtcKnYILAk3YBzBSQ1aSM0S2RBGOWUpYUIuUdOtJaVEUTdNrbkJMAmSGk0mJUgpao1Mt5ykAs2mRLEzjCMIRdBFwS5dITVNrSSl1pZNyCaMi6gUK50KYaqUWBEIN3JMSYRqZhpDjLgrTAm2Ip1ODHaaJEpIgdN2NjsUpYDdTJWs0vWZzUlriSYHpoWlUuzWkihFEc7EQgRhXKTE4zBgR60dtZSKEDYKlGkVxRRNVnMqJaC0bARyS5yZNbrErU0WyChkT5lgEM5sSSjAFoRKCGW6TVPf1xaUKIAhKACWwThBEhBRFMqW6Uy7dAUEMigkiXAtnac0tHFsSVeKapFKkIawJVIxtdapliALECrQLAmUTgki3GgkU0YpQSBaTtlQib50dnOpqNmUWtyc2UajmEREWrV0NTJtTMp2hNKOooSCQCm7TaBsGSohTS0lFUWOo1tGV2qp4zRZTmMSSqRFVZpCOgJjOyQ7LBAYySAwKTA4QVgCJZaxQmlCRoFBkk0gEailZWFsWZYMINmSMwlEGAMhjA1QbANYyCUJgACFiKJQSCIUTR6nsUYF0hlSRISUDYewpGjTSNoRXQjUjNOAAFFUUpnNpQiUOdlpYZdMZ8tSZCMUpUREm7KNU4mQ5HQzDtwyhVAglZoeQY4SkLaNkAlhFMiBsqUlSWnXKC2JAAllCFnpHJsUjkBSQDQA2ZJsSxjCpG0RKpMmWTgskyISBEIyxk4pLIRtsC0jbCBMSkqHgLAAZJCwBWCHJJG2bYGFLIRBYdtyQSmDkYW3t45tLDancYpSUNiZJmiKIgApgiRpEUiFKVNERGstFInDRpFuRpAlKrZtJJzO5hKGUDAlQAkJbCOJdKqhEiLtwICddhGZESWxm2sNCxkCNwCkKTOcRCikZocAZLuEhqGlklK62ay/5667HvKgmzFSlRyhTAOZbmmRskGlOOkEklRENlHsBCuq3TJTIVkhEqEoEQhkY6eMsJMWjpRw2gbZDaJ2FduW7bFNtRQFbomBkAiEnXYpBadJGRdlNsR4sL+xvfOMp986m5c7n/GMBz/8UQf7l5qjRHWxjB2BicAUZTMgwkrbWLYJYUlpCQDJBowd4TRhjAVSGoVkA8hKEDYCySEso5ANlpHCQkbYgC1hC0sYRCBwigALDDKIJMiUkiwpBQgcwiDZhmGculpP33Dt2XvOXnP99b/wCz/9pm/6VqvDvaNhPa/diFOJCayICNKWW4Cbm1upIYkQk9IOT0JGCHCUaK05nWqllEAWiNaaZUlACETtummcWrqQbkxMtVSFMnFLioScwhTJSBYhELZRhAXOLF1xBpYzMSqBFSqpzJYNRQRRnS1BJqBNzbKiUALstAlIbKQIinoJh9KIyZYxJtO1FtmCUME5ZZOiTa2EW0spyJYoBLatKMW0bKki2QBJtqaiTKGiME5LdoYrAsuZKmFnS5otCTM5bUKBW0oiBK0lABIl3XBBtmwjQYBBGEkI2wJkO4rDIBAgAIRMWiEbkzaSwFiQGIEB25JsRUDKspMQkFZgW4QNGGuSwlhW1FAAIQGEIiJRLZ0UkyeUVR1h22oIUKggyMyioATk2BweI6Toi9Qybafpuur01EYUAf28k4XUyCBaNoWi2c60QlZEKdWZNpCKatzGVkItbXAEVnoyhDAlBBHZzOQpplJLibCwNGXS1goBBKFCppGFghqdW2Y2IyRJworiqaWJICJwIjJtLAsoUQpl1DAMrUSEItNREkWSZIYEZEaEs6VESKIoSGM3mxDqamYCadtgq0TBALUWyzhabWSmhbJlYqfTU9ql1FpKREmnA7dGkDZpN0shKVuWiLSDyGJSbpmJIsYp+64UhUshijM7YkpBEgIwUzY3dZXalWlotZNTOFWKQtiGamMsspawHeCooRyxIoqUmbbTpqVxKaUiUazM5uYWDauCRaDMbEObovQhVITIBHtqrUNRSrpNOQlq6UA4u65mWrYF0jQNcqiqoHQyyUipqGEbhC1hgclMkyZNjmMrpdRagZbO1jAqgZOIUpQtA6ctsI0cEa2lxNiaktp3gO0Miwip1GrLzswWRlJBzS6qdspOskYRIckNKdIpSmiaWqbtdKlB2iJqF3IDhRIy0+GSUYQkO21Jth2mYQN26QJLrWvRhCwDFqGwjKiljKFok1QyE4SdltMqIdPSoBBAldIoQtmmKVUsUAmDULa2mhpOFWFaa5ACBA5IZHsiItK1hpuR1ECWlWGMjLEQYCSTEHbiQKRRSA3CGGSBjcNhbCUQIjGhwAYJS04CLAkMSjmMjSHCtiQsRdqknIAnY8AGMtNGRsZC0dpIIEXLRgSSs5VS081SFiub3U05yZQojjAp1JxuadGaSwhCKshAqRElsjkIFcmZaQlBS2drppUoUkgkREEhZ4sIwM6xOduEokQtRQZnw7gEIJAU0DIJQWAbhBKTQBZF1DJNPQYLCBVbSLbAQkhhkxkhwLIhAJNG0ZRCcpEyTSAjkSIcth0IyLAQBoSbAYKwDFgWGCUWmLATBcJgWSbAkVgKbCitOcKl1jrrWya2qNimyEhCWBg6KjYRFEmEqxSSKiZKOjv1iSWZJmNLNNRlNhFCzam5FZVMQTojwoRtdZmJglDJbBFh2QmkiQI4Q7IgheRisNJRS4RCMpKdJAoyQzE1bfeFNKHZbEZmiQrIKZXMtAiwpDRErZoys2WIkC1lS7VsbrVGREm3dLaWVVUCkEpE4JRVQq0lytayRBRCyE4DpkQhAA/DKFAIlE4TTkAoaljRO3MaG7JqSGGIqHIiNUG2w729zZ1jd99z7vTJk7fd+rTrrr1mGKZQ72y2kVNEYrnZUkDakSIwIIVt2Q6BsQwKyTYGBCkE2BAAMpLsNLIkG+wiZSKUmYqQbBssg5CFcdhcFukMyTaAMJIzJWQZIzCSqaEWBoVtJAG2kCzHahhrV2655eZzZ+95szd76w98//f7lm/79n6Y9g4vzPpFRA0nCjDOTAhFFDIVmZmKwERRZk6mrzUzsZtbRFGQmUVhqU0TUq0lJGwrpBQh2caKEk6nQrg4HUVBUGxoYyNUSw1EJBYmWzMORSYiTVb6jGxTUwRJZoOCLJVSAlkUMu0UJtOhKIpSjYUzgVQ6pIwiFBEKtSlbNolQQEIYK7Axtp0mpFKr7cxsFkgoSlcDKVo2t7RBNg6F7cwEohZktwlKLdilOUW0luBUliAkRbTMgGyo4EQ4Sjid2cgEqgCU2A0FSoMIRTol0rIRhgRKKBM5UKaFwDYWgG0sBaSIxEVKYRAYyUgYsELGCFsqwki2BZKRAlLYQgBkgpCxebbMKemiZctWRFEg0o0myESUUkRISaDJwq0RJVqTUURIrTUAKWzSliIKRdmSyREIZWYUSqlOmwQJEbRmckShcDbb42STUyldmAmTqVBYU5qiIJFqLc42ES0zJBJCBcbWECpFLWmiuKWFRFMEbQrCEjgUdra0c8JGJiOQS8gAsixIKDYORRRbURQmh2ESKhGKYjvTKjhtHBlWU4iWtokooeYMExFTayVCxs5Mg2RkG0lhHFKETGRrza0ouq5rUpgEu0lRilo2TEgtUQkFAqyWJrK1LBGSbCtKZqs1sjmzNdGhCGUSYSNJBdJRirKANY3NgVMW4ziV4ohiHKhGKB3OzEQCbFpLF1VkyLRl3NKiKIybk7GpKLpC07Ae0LooCEWUrvY4x9ZsWcrWRKrUyMxMOUl3pbNpaccEKqXak42nKXEQisDZEgh7EgXZKUJkIrrSZWYbp9r3mVNrLdMKI9ItGyWi67tM22lHjZCkIosSCFAtThWaTUIbKDWsyQlgVOy0JUjkccoS1OjSLlatdRiHbElmC9VKy8SyHZJqLYTTLZtlCRckgbGjFKeNpSimZaZdwpYlUAhRoqDAjqA1UyR3JRKnU9DGJqmWyGT0VIiEqpiKndASSGdxYCcEBk3TqIgowdRSWbsIBWEwdigcUZAICWNQqEIpABZhRVCwU1lSRiQK0kpZgJwpRdgYZJADAEmZKQUyDiHbyICQcRhbVoINBEobibQEgG1J2GBLMsIpRVoKg8JKIymKAAUIA04UEqCQS2G9HJKpqzWLi0KSQ6FCuk2poiJlyJmhUAAEahgTqEWQScgIg1JESC1biVK6MM6WtqUWVi1hYooI1RrFsiNk45yykRkqCtmSU1EiikS6KUpEyUwaxjIWKBS2IVsDgYUkBVFqmxpKt2ZZEsJykGQgB1gKZ0MKZBtAMpZAEcoskLKwjcAyBsmkUkgpZIVtARgjQHJioQCsDLABi8BWYGQwgMIGGQKANABOJ+lMsEySAUDDWEFIItskJKuljaSmtSl2RtotrZykUOJCOoJmFIqcWgITGOFJeIzAYLtkJgEKbJPppAHORJZkyzSDcLoYZ04iFGAyoGVL0pGkJBCMhlDLxnJqEjY1OsAIuWGhMAVZBqIWLLuFggjSaQkLMqJIiESZk4i+69LpzJRCgAg5jVVrZBMSIhRIykRMkM5CYNsWjugFQhhLtUTaKkWOCCZNteszU3IQ6RbGciaSFDo8uHjqxPE/+/M/eYWXf6VzZ8/dfNODDoejNmURKAwkqmAp04gA2wgZNyQMtoXslOS0hA1CDgNIJTNBBskJCnCaAEsJSLIVmCQVUmIBluVEQoAAbCUWkmxKkIiQbRmQ5RBpGwLZCKRMIykA5Gyllql5reH0NTfsXrr0rd/+HX/wh3/4d3/7dzsnrjm4dJ/UqUgmSh2ntUKCECp1ypFwZgtFoRhntnEaa+1amzKNHCpoMl0ptMlIhDJxtmyTrCglSshZJOyWRimFFS0NlgCFQrLTk6cS1fI0jVKJCNsRCkpLp5uhZc6iZOe2Nh2AcHMjsTLAqNbqtEJSBUKAopgsE1NINQJbisxMqBEQpuESAQrI1ibsKAVoLUuJbFZIQKiUApjMpK3HlGolMxTOzBChQFKQEyXK1FpTYIcEDomQmlSCzJZNFgZlUGrt0lMtdUpK5EAx0AUANsJ2SHZiTMg4SIgUUmAMKQcOQNgOkRY2EnYIYyUWpIwBTBiHbEvYElaITElpKyGweCanZDvAWMYIWahFwwAGsBsph0Ma3WZRLcZpKrWTSrbmaaLKqjiVOESiSEVpTtk2TksqoQaKUKadpYWIJjsTtcwcshVVRKmdcBTakIpmhXC2NLRsEar93HYU1YQQza1NEeHENZxpp9OldjBBpNLNGVFr16YWKQoisCXkjBLpdErhEtik0860ZQyFiBKZOQ1jZsrq5hXLOSVhEUGGlaQ9Zau1tkwFpURaZsrmkGoUhBt2SwwKG8mZRgmSZOxEEQpkjHHLVoKQjKN0tp3ZRY3SEe5hnMY0glJwU5GMhFRobVKj1C4ibIdk4SiBHJYzEUkJQSHTmbYsWmtdrVa01uxECsmiSKlwCo+yx/UQte+KLFfbQi6SbcsAkKlCtpxaCkqpISxjtTbmlJQoWdTSjVrrOA7qApxTS1y7vkRmSgKQIkokgRuyCeGqMiltwG2YFM5gNJGULrCHISMoXcVdm6ZSiye3nDASUjizkZ4GoVpresThNiWlFqUdDmxQhNIWiSNbU0hEKG1AoVBk9D1Wc8pMOQXhKGDJ2FPLIooqtqRxHEKBLSEpQjaZlJBlsGQgbUlFkSZQKCxlS6cVACWUtmmlRGsJliQhIMCe0pWwwFYpbi0TKVtz4rAGOwIn6qjqpmxpzWq1ElCLJGUC2QkRUSTCZLio2JktFUqQkbLv+8zWpnFMd4SLnA1hEMpowuCQHcVGaUvYYaUMoIgwVmLJELbAyEKWAGMhlLaURjJgCMLOFOFAtsAigbAMAkgQEjY2gMJOKWwJmhOwMwmAFBgbkaIohOQ0LpVZXQiPOSVBs4QsSaXIAkekk8RqJHaUQtIyowRSBOmcJket2JIym62WWWoJlG42oEZzgkw6IpyZWFiOKW0bIclOnFbpSpFkt7RymojANo4oIWyaiRJKTJOFnS1rVxPTWuakqC1TRhjjyQgEluVMKxQGMq1QOA2gRMIIFHIaEwo7CcJYhNKWCQO2AIMCTBGJAhtZ2JCWSDskWyghLMCBJwdkEGoNySgkCVkpCQOSW6pgl6JMQ6aFIyEiwglgHJaUFhbgwGnLQolCQUmnE6LWyGy2SgjJmbJHVEM2RbZTEeFsEJINBgckxsogDLKNS5SQrMxEVnRyE1ihQBhF2LZVgiJlm1xCNYDSdUBz9pICBClwm5qxUIQsrjCUUKiEZOFmogCZVimSbCScKQSSABkjYSyCIJRQO7I1kxGlU5EotToz3VpLiaFlVzqS1qYoEVECJJmwjJkyLUcUp5XYGtbLl3+5V/yNX/2513vDt7jt7mecOnkNEsK2BQXbJWJqSA5jLDASGKwwFjgIGwshyRjLALaNMA7CtmSnQgJbYIWUbiISSbiZECQO2SYMBDQ7lIiwLWxJaUECBilxkHaABYBRmAQpnHZYyAhZNcjmg/Xy5LGtra2tf3jcE6Lv73z600/fdKOXq2E87PuF3QoF4czWWgljRCiE5WwEnarBpJ02QZQSzorcGqg4M6dGsw0GKXMyUTKi1mYrFC4K27SWCEnKVAhkG5eGSUdERISURraLQTbYNYqFktJVAIQAycikU8JJZtp0tYzjlJmldgqHiiQgnZmIUYlCRsIkqaxEYlkIqagEmZnZbKclMqRkmsZsKQnhiBIBaU92ONMKKdPIKiGjUqqdyECmS4AhVCIaSUJIqaKMCBSeYmiDg2KiprENYAkAybIdmLCNAIEDpyXbUMDGQgKELdmAjYUtyzJCJmURcrPCWAqQlCjIZstOpAzLAggAbIMKbiElRgJZKWJKwGDjNGGJ1giYmm1K6bpabUoEuGV6SilTUQJ3SoOR3SaXroRkBaGIkjllS8uZU621RGTDEkIpirMlzXIQViAVZxuzFYKQFE5nZFE4U8Q0TrYhRQhyyuYmm6jIKpEtW5u6rjMORcIwDqVEqRmlyqlSZCQpoMgpY+zMLCoKSYZwGisUBCEKhQjLGKctRAnUnDWiKAjS9jQpJCnCYMtYCaIEOWXaaWXpakDaYSkwtWCMQTXckMC0SNIpSypdjaBNkxqTZVEIJHDLFlFCZGZruHmaWpqudIoGKFRUWk6Z9pRRC6QdUUNWpi0ZQACZmUmaCKrc7CLSzUNrqrVDCUQpacKCIqHEwumktQhlYruEuq4vEUiKsC0UUUoI3KbWPIXU9z0QRJRQFGemVQJZESI0TSTp1rKZQFJzpjNUQBRUSlHpopSuCkWpXV+6qGHJLUKeWsumCKRsam4JhRARJRySAihdV6NKEREiM1MEkE5PmZ4iAmRn2gosA4Scak4JhAjjzEZiKxNJUatJgqIotWvZLIFr7aTItEwoimUrs01TU1Htuq5GhIwaBkdEqeGQpGmaSJWoEKWq1CilIJA8OW1nQkaA3KaxpSUbNWeJEiVCEiE5m1VsO+xxmtrYZJUoYVMkRWs55SSMsSQicRKJbbBth8owDC1TFq2NbZrGcVwPbRxFyJYjnbabpcTpLKBEIAcAanYKp4zBNGTjANuyDbIwiYRBQEAIN6UJIewEGhiEIkkkQASAASQJQJKEwaAgEAJnApYBhSIEatlaa5mZ09T1NXHapKZmp3OijdmmtGltslMRRJFIYyREUS0hSaao62rtulpLlFqiKEpXigwyttM4U1aJUqKGVEpxKEWErJoyoutKjZI0AJUS4fQ0jcaAQsI2NjmN63Ecp8lOWoJCRZJCqmVqza1N4wjYbkxIigIIAwgwSJISk1gI0xDIAEnKCpxS2JKdMjLGpNKyBQaDhMAYJNJgY8JpLOxwgkQiYTkAMFIqgkQyRpEKyYCTlISRFKQQskISpQIhIFABJQqigCACFFZAUUglFCEhKaAholIV4USolBABoKBEKUoiigwUyUwmQFEiAqQAJAgURI1CuEgRYWGDLXDaJEEAtgSJrBJKGkJSjYIBxmHACpDtyW4IIiSjNJJxGzNtcLacxpbTOI5jaxNyRKSd05TTaIgIm/sZqWVCRpGCqbXMCRHC6YjAamnhzBzH0bYzSwmwjcOZLZ0ma410plPKQCWiRAmri1JrhawKT7k+3H/dN3jz7/7u7x6X62G97LouHZaxhKplu4TCGAEY7IQ04CLLgEAI27aNUIKFBJgAlAhZyLaNyHSm0yDssMFSQmIhUiAH0AyWsQACZNnGTSARGAIICQMoLaQ0gAGFJUxSFLJlsPvSrVeT1B76yEdFiRsf/KBv/8Zv7TY3NzaOr1ZH4zACKJAFzSmFhSgqpOwmZ0qQthUl0p6GqbXJiTBKZEzpStd1taslotYaKgStpaUSpdSIqJDO1lojrVIiiqTWGmTY2CVqKSXJcRrTOY0TaGotDSFwGokIJBmKRChKqaUqIsmoYTNOE8KAp2ytjZNQlILCOBuohMl0y0wjlMbY2M0RojkTRSFAthUpg9NISVoupRC0KaWQiJDlZoeEAQkjWZjAoEBh1FrLTBQCWqYMalObhsE55TSFw0DLQDlOQIQEAmwuswsoAQlAYMvCCYSRMMJWGgQIBU6EJQmQwwFCkWAL2aSN0wZJUkgUhCysBBLkFM1EghDYMkaUWgETzjS0VKaRogRKnISGYWzZsuU0NadTnjIAGzcp7dZaZpSopVAjPbWhkRMJgSKk0prdMi1wjVKrwELTlFMbcrIkREqhKKWUoq6UWmtIxhYIQSml1A5sQdDVrtQ+cGstjJxdX41CatkiStfXWgsJENGRmZnONk1jmyZk2aVEURjb6UY6HdSiUup81lul2UDtaqmFMJacYzYDdtohwDbZ0kaKImyHUIkQhggTkggTEbXERBuntC2FsSQ3C0eRyWmYMnHLzMQ4rRBIkaAks7XWEmHZRlFKqPZlNp91XUF2Oq1EzQ0Iqfa1lKhdjRIC2UJOy9RajdJJqNTaddUG3KZJUFS7WgSKQG5Tw1mxlEIqKhLCbk0RznSGSCDJtKMpcZRQKFGEcmqFcNiTay1pC0nOpJaiECm3VKgoEyyVWtJ2KopImifCnsAupdpkTonCKSszna5dxW29Gmrf16547RZTm7JGRFctuaVIRQTpTMlTSyThlond1Y6KmhOM3JqiWMaRbSSyuKiEzNgmpYUoUSJAzjSE5MwCUmSmG7WvzqZSLE3DaE8lCk6ikC0UKs70NDWFQyXC6cSgwCkSh6JmtkCGIKKU1prt5qlEYFTUmiPIhiKiyGnSfVedAoQhnThaThEliiKb1+tlFbOunxykHC5RQjL2ZLepqBjSjigI0i1zPa7Haej7vtba9QvhZpwZtSA1NatTVMUoSYHTSqzANpZwykJKUsiyFeF0CKcUJAQYQpE02UhAIoQwUhoZAlmAASyELck2BhtJkBiBZRAGW5YxUgSQLQ0yU7rIRLWbU6V2gCFbTm5dKSVqaw25QUERoQhMmIa7Wm0EgVKJkKQikGSDYWoZXCa3NtqBrVAUSSJUVDIzWxOmds6JpCgkRZWbW3MpAApPQ9OU/WwuRUtHceaUVthIMlM2aEg1QhFFSjwlaQpKU0tv03IELJtwKoQB2xGyjOS0QjbIIBEIkGxLJJIsK6GgJIVIURBgZyhSAJLSFqgJAZYSMIFssBGykWggpICQMyNsh2Q7IG0hbFtIkbY8mXBIkwmcoUhLGIwkYyErEbYtwmpS2BZGwsYklpVKJ5YMwglYIm0UpBMXKW1ls5GwESJSlsk0mMTR0pEgRWBMCnGZUZoAwNlCIUzITmTAMkIiQ2pOJyYIaokWDikdgcgEg0RrVsCEi+3EqqVMzmzNNqEoEiVwQi3VieRhmiIUpQilExmIiGYbSWR68qgISaV20ZJUpk2KCjhbYposnK5VYY3TGNI4jF1XbLUxLd7zPd/rvnvv+sRP+tTNnWM7x7adYQnZjiCdNBEAASkCHLLBxiDbAhvJgB1SohQCLAQgpxVCyIKkhAwGORIEQmCBJWQShAmwTMohkUIGgQKwHbItZBuQkMEQwkjYCchSgjEKgRwurdkavBp2H/LQh992+20f9hEf+leP+9tv+8ZvOnby2kvnz5ZeYBNgqWSbQI3RDYwjM0NOOWpXFLQxJYmKGKeMCAnAiWRbyFiCtAJCUsi2MyGIIBOBCJFEV4sUCSIzU0GhqCjdRJFdSsEoSVIRtt3cTAmpqlhgVIImk40imRCOEghhgnR6IoqwAavhCNlEhOzMbKWWbJNDdiJFYFuKUKHIOBIXB9GcgkCJkxYqVooQas5A6dZaSooSUuBMEZnQ2WkxtcmmlmolmSohgrCJgh0W4QAIBUDaSDKWTColkRaAASFL2JIMBIkxQg4wFMmkhSybxEKSHMJIOBInAhAylkEYK4WQZRkoVgowpB0Ky2AMTttACaJE1/V9KYmrSRwoS6i1VJicMklHhJKikCAnItrUjKKE8ThOIfWlpHBjahN2qTUiml266NRN4xpFazkOQz+fzdSlm9OGzMnNpa8mhTI9eQoiShUIRS3ObFMqFLJUEAF0NZslohRFTFNL40zjrquSHBYacu107XplNhtjW1abJiiZoyKqimmyp0xFnVqGhNVywiiilAC1tACyJeEsVUWRdoQc8pQZ4TZNhRKBRFJKh/DotKdhPY5j1/c4c2KSSw1sY1nNlqL2oXQpZZxatslIIqKgEiQOqjGYIhlaJiaKCLVM3FpaahGd7JYNRxQkphHUkHJqUYpAKKc2tVa7WqWo1U47kaq6MafMrCWIIqdKuAm7hrAzQqQThUoW2Y4QEiazYYQTqUjQ0hJuzXaza1YVpnSRW2ZrJuxJCtysiGwprFpbug1jLUEVhlB1Mc5IIRucSJ6cYYjoI5xpbHV9L4UnU6ymoiCqCp6a8TC2EhEBQip9LethCNVZF0bNTYiIgMxmCCEUgq5MzWObsI0KoSLLaQzgdBMhQrIiACAK5GRHiZKi1mJHtpyM3ITTiQKsYkmJyWytRZQotlOEbQVpjI1T0BKDlK1JOF1riRqAyLQFdgpDQGZaClG6LtfD1KBESUO0ru+laNlCouC0QzlZEVGFso2pGnKaKAp1VWNrbl3fRwR2toYsFLYSQK5hKdIoFIZQmchQkkKyCZwKWZZBSKRBTlOMpbAto0ZGYhXJCUpLMtgZBAAGWWCELQnASLIzUDpBxoFsgxIVYYnWSJNAlCJjGokEkQkyQjYFXAIXUGaaNApBieLSshkLAtmWpAgSZ7MjKp7koCigTS0BEwEliizLlbBlmKYxFCmlLURAThIqAk2tBREKIrHbNDqEVKID0i5ymhrFYmpZCqV04PV6kEg7xxFFCWoUepkooXWMggkBCmyiGCOBZDAKsEJ2SsISsrDBdhDIsiGwBQkIWxSDbUmSwVDsNCGRaSFjImXZIYMzkUgInBASIOwGkiFRpC3LAskWShswDmQi3AgMCBSW5QBjJCBtCSzJmahgA4mUKGxLyHIYS7IRQkIpjCTbNhIoZOQ0SIDslCODSGQkbAjCYUBG4AAhPFnCZERkGiIiLOR0yDZgBIAwDkthN9uClCMFhiylYgdOG7lEzZzAqMCUUkQB7JQIAlprBsZpjIhauhqyla0lFoBaZiklpMyGAUlFYKfTipAoJh0tm4zTiohacpoIoaA4bGOFrFAKclovu1I/7hM+6WnPuO2bv/GbN7c2a9eP63XtSmZmSCVKKo1sQkkKJQrLRgFGGADbCGxJkChAgAEUwgYlhAMZkMMYQZBJYAzCNgRSGINBQjYEdggjAATpAAMiTEoAYEsCIwBhm0ApYwdISktOUxR7l3avOX16Nay+/Zu++fd/6zf//M/+fOfU6dX+XmYrfc1pbM21VjJbWlg1InGBlIWxLAIbKkGEmkymk0lRA5XAKctAKEJKm/SUqUxwidJ1FSuzjYBTqrYJKTE5Tq1EwcYlwgKFsqVDhmwt7VLU1b61yS2NhOxJEYkJJBWiOclmWwoiCmA50zgo2VqE0o6Qsd2I4vQ4ZdeFKSXklkgyDWtKQ2ZGieYEG09GIkrFxrLITEMjkRRB5jROpQoi25QSbUyQKaXYDilD0+SCjJuzRolSna2lsQEUQGKZBMlgqWAgkAWW0wQinEIpJ8KS0ilCggQIjAGMUFqINGFAyISwnUggyVgRgDNlgSOUTQhwEFaCZRskgSIAptbAoCSxLOXk5rGoKCIkOwqUrhiTiTy1BAKHhEIKu0mkGaeJoKBSq03mZBwlMMO0asNY+04qCslQ8ERzhsOtEaWqtExjBzULCFIW2BAqquFmITvHodUaUkk3EFIbM9MhI9JuzjY1LIGxES1T1K6C3ZzhWootRTU40mNDxcpaUHRubrRsxqaJQmBJBMqgZOJUqUUy05SRIKZpbFMrhuII1VrblA5MG9cTQiqhsByQbk7ASTS3cRhnfSc0tWYRpQZOkzk5bSRJBadtS7JjyqlSLLJlROBsJpAiAgChtNtERpYSEdUAIQzOlioqipaTFTEhmzRYfWhwlMBS2lIh1LmZakhnmxxRnBlFAS1BiEwH4UIkli07KTCmFUI1isNON0PLEiERKRXAhmhR5EZLektdaQ0BjclT6bpAtm0ITLMRqn1kZihkWhYyLQPGNiGVWhXCbs02CIWjKNPDMJRo/WwWkJ5M6SKSnCZHWJKkUsOZmdmEosgWAitCIQwJOKeGUBTsbJnOEpEexmyzqAOOyETOREgqUZECWmutZSkATiFHkRUhQ5ISihLrYU1SaxERIUxmAqUUnBhKACQWBmM3ohSnDZhSJAWZKjWUIRGR44RUSiAL0pbVHAwtoSglYRHRsmVmlQhsSoRCVjoxbuNUahe1a2W0MJk0gjZZwtiNQIEExlhCyE4bGSIyCWSlKGGMwACyJSxkGyRJxsZIsgRgmxRhOS1hmwicmUgYwhiB05IRGGSZBJVAgJwIKSJQyFiJ5eYWUUy2TIxA4RLVaUUERgoCbOeUWUOI1gxCIdkOCkw5qYGwISQkENhONwjRWmtpCrKnNtVSaumzNWciwLKtdGJBOkWNqArjlhlSwwgmUaMmCdM0llpLlVQAZ3oaSj+ThIoty3JYKA0AsmyQEEpMFpRYliWRELITC0xEkLYwjgSMQolB2KAMhwU2xk4L2cJSsZoQli3LGElKJBkJAbYBSQJsI9mopJqaAGRAARnICDcLkCRjMEi2hQCMbUlYxmDR7JDMZW5ItlBiyUKWTSojw5HKsBJLwjJGNg5kUIICHMYoyESALOO0RUCKSFIpikgi1Iwk7MTYQjTbAoRtmxQJUSSitDSoBGnLiiiIsCZalBIqIaaG011x6XrbzpTkkMzoxpiSoquRkmnZmh1IoUBYkiSwjbGRhCRhgyCcqRChorBpOUVguU1jqETQWkMKqUAromWTgyhd3d/f2zx28pu+4Rva1L7t2779zDVn+sXGsFyrKBoOEkdkWtiBkISNCbAAEAJAxrLAicIANpItsMCywCBIQBYGaCiwQchYxgZlCBzpBCEA2RYAJiHAGIGVTgkAEgtAIu2wLCltDFIawoJ0SBJJrIZ1jbjxxuue8KQnHz918vGPf8LDH/qwYXW0Go662ldwOlRCzQI7Sp1ykoyF00hgJ4lBCgm3llYJCFkKG6mlQwpiaiNYhghJNeSINrV0c3Nm1j6ypaa0pBKePDKUWmslrallcZZSwMNotxYlZOEEtXSbmkIRwg4ztQb0fQ+2AoMlnDYKmZDSUzaDDG7ZyKJSpKmlndlUqkNqEdkSGdFsUlHCaYEl2emUS61OXBClI9o4TiYVEREIYRu7hWQpW4vSdZXWUgqJEpFZWmbagszRcrS0lajRWhuBACtBgEGAkgzZBJKx0g6slEFYAhGSbQGpLGBkWUg2UmIU2MiyZFsgpZFkgW0jWTIR2CZEygC2JMBgwBbYAgqQsi1kO7OViNYKlkNYEUrCASlLQKDMdFFECYWztXQpQlIETlRqqTgz+ohobRrGMVtLqEjQz+YhkS4hG2MijMc21qgtFUUBDrVpSuEEOSIaMs02dteVUrs2TdhEDdPUAgOZ2JkZGGOFgppuCRIFtbRlII2UsoyzuYnIZskGJ4Em11IMNnYmiOhKmTwZFeGppZSkjIk2TTa1Vods2tRcZNlTQ+rnM7AbQhKWgpqZQJDZskaAMmWQSq2axjQJypaWQiGEI4pksOVwkEm6CSKKWlpZVBPCKn0pLdM2NmoNyYGikI1Gq5SIcGLbmQ07UzANrZTqtGWkomLaNGVARQJlm0rtKrTWmls4So0EqZHhSIwkCFqiqEVOnC6FTDVn33cIrIhorZUoEcoMMKJUJreIkLDTTkLjeso2qahEKSoJ2FbmJLCVViAnNoQoKhmZUzZTUCmQwhCUUpFaGkIlaBmKMVtp2RTZkswpLUWtRQSFaXIbW8pdVaiWWptbZgsCOaxUpukQdpNLhMI0VaGuxDRhj9mw5TJO61nfdaqDrVCvasJqdnOquZUoEibSWaSWmZm1VCyHg2ikJBR2UxRshdqUqamUQMjCRlFLbR6NTGabFKWNQ7+Ye5qa00EAIEfiNrYIqWBUpSgFN9sKqVGjRCnOZqQIpyWkaG4qIcBNESBZAohANNMpIhNkWwjJONJWkWxLAskWgQxgQwAyFghlQUbGGCEgQdjIFjjCAgssAWkRLSSnJJCwsQDJgUwKEIETA6gYbJxqpCGnZlDBo7t5Z+xmikLhhEBBm5Igs2EklShATokaESFJJe2cbGhTKwpnq1WJjJy2M6fJloowXS2SkPrai7DdxilFiXCmIswzRa1FCinTLdOZFDJxs0EgKxw2bllqyTEV6rrOpUQp2M5ECmQbWzUAFOksCiEMJhSNFgSSnSFZBiJlWZiUQsYGYQR2sVJYyKmMVAsiSFMyMhBGyDgIAAU2WE4jWYBBojmKEpyWBEjYxoEcYSdWSLZBYCELZyJsZBzCFiZEw0KEEGogJCNIWyBkhADLAlHSaREoA1mIkBKEMSA7kTAKYRSyEVhgCljYpIgIcKIwCssijAMcUmIsBQaQBchAlCKpEBQxGSuittKYPE2WpildS5cACkKA1TKdUxJp12h2EZhESFEyqMXOSJqQaK0plLZMlGKnnRCQQoRIEc4pVUKSSdtFAjITE6UAZGvGUGyTakFhSlcigxrVkS3brJ+vD/c83/jWb/nW8+cv/ORP/sTJk9cstjbG9UCVEhDGVkhOcEoQkgtMqQjAgpRAITeQsSxEmJQAbDCSDMghDFaQllIGyVbKsgBM2IkSy1hgFCKFbFCAMQgk2ZYTBBJGKA1CBCSyCIONws2EhAObAEppdlBuuunmO++65xEPe/hP/PiPvu3bvUPX14sXLi4WC+wpRwVYaYODsFwjWhIhpwGMAqF01q4YRGDc0hGSxGg8TuPUmlCUWgyBKdma7FKq5WgZoVBpk0sJI0SJThHN6eaoxc3ORGATEaVGKZmNsFxr30gbhEotkoapTdNkVAOVYpwphEmBTVc7lyhFU5vGYQgVVSN1NfpuI51ulokIoE2TUVe6pmY7nSUiJEWEI51G0zCNUo9MWw3rbDmfzwtWCTuNBVELidPgRGOaNkwlulK7WhLUWqYTRfN6aiGJKJQ+KiAFEWGMggScgSxhywYcYCAQxtiAQeDECpFGSKRSJghjQSIgcBoJYwEijRQolQg5jI0xCNktKbJBgIQcZuIKicCmtSaFVBR0qpJFWHY6yZiUWDLGRhGAE4cBSrQkIkUoEEbKzExD2nbS1V5iahNRuqgmnRhKqU6Xvg7DlK1NpEROTG41esC2pIanNhGBDHRdcUa2TCOFs41pYZUQKhHTOGZmIAUYhWtUY0wjm5tClWKAICATXFWjx8k0GVrmpFp6dU4yxxKllqogMx1SSxSZ02SHVGuxTERBtgsysjSOI3aJ0tViwm5UMi0CUpYiBEQgFZBI09XOKCdHFFBClNJaAzdcS9hGZEphRMhQZFQI1XEcU5Ct2cVFEWFbkJhmCzFNCUQoSklcUSmBcNqhxHYzJoQVFZw5GRJFBKq11to5M9MtPY2jhY2tcCVwurWWWEWIEiEKJo2hRJRSQooouLU2uTnJNjW75dSckMrMbM3k5EynCOQopZZSSjQbW7KdrbXWsmWmE2cUlQgoTW7rZhNuLSdsBVZiJAkJ910XqpMzTa1VJTIbptbala6EMjNzao1Sa993XVdEAaczpxZEREiKiBKlRhAGlVIiSmYKRdSw+tLVKB4n7AhspnEastEmT80yZMsstSoEbm2kRK1RSmlg52K2mPUzp9vYWmtFiijCWG4NqY2ttanZ2ZwJFkXZ2pQjDodkibDtDJwoyFZUIiLFOI3TNCJQkGpTm6aptak1O1uJqLUTMbVpHJuTQBHRGi2TliUi8TSN4zCBMzNUbBuMsTEFS2AMCBxCxhJhYyMsMLZlyRaZsgGw0hiDUtgkSJZkUrJQWpnCMraxnG5BprAD20JYGFkJgNMQmCIBpGXhZjlbTq3ZtpFlchgalqIIxqmNObaW09QcuKWQpGy2aM1pA4FCMolbYmRFmbIRBQmyMbWpZVq1AopSIlBxYgOBGYexZStFUcJFCgWAkQqRznEaM1ugWoSrjaRaa1WNiNKV0lWcwzBJalZODex0oIRszYk9yVYaIFMhGds2ku0MlMaRAgPGYCwwGOPEUeRACERiTIAlCUIGK3ACtgBjS0laIDscki0LbGMkQ8iyjCMEArCEDCKNkUkbyzJKYxlJOGQBskkbaFiJDSadRAIYDAIhbIMyBQjL2YBIDNhClmyKEgFYlmQRkptt0rYNFjKy7ARJFjhMYGODQSnbttNIRtgKgVGTsQFas7Ghybg5p9Y0GhxFSSFJ2047026ZzVOEatf1pQSappzGYZrWbWxtatM4OnGolDo52zBlEqWEKmDTpimdBrc0iWRrmqZpmKKWENillBJdtjZNU2st7WyJSdOVKjkzSbWcMg1GpdYiDNQSDlTLen2UbfzxH/+xd323d7lw8b6DvUvdop+G1kjIlgG2UZgICxnUjMKkDWmJlEhEgiRk25ZkZIMUgSWMjVNg2cgpWbIRCFmSsDECgxASCpNCFghhIQcyIISgIBAEaiAQOG3AMkggGwtMyM1gW06HmewGD7rlpr6fvd3bv+N7vMe7W93JU6eHNmQmDo9pg505hRwqzQYybVDI0DJxZqYNmdM4jtMwTq3lBAZNY0tTS62lKEwRYE8YghJFImoEga1SIkqJ6Po+SgBYUVSkEArZqrXWUgwSXamZDmeJYmyjEoCqSghRa6DIzEwEEVGjGjKTlHG2JqsrfakFsMlkPQw5tYZbZrZRoVIrzjGnAiGFAgJhkyZKQYpQuo3j4KSWmHVdKQU8rNctmzOjlEIYqygAQ5tKLYJhmoZxyjaliVBODUvS1DIkYHQiYWhpHLaNjYRMMylAEAYsW7KEkEIgAxCApICUZYEMlizAgW0Ap2WluCxx2li2LGMLYWQgimTAzjCyjG2cDUBgsjUiQK21YRgyp8zEGbbsQIQCtXQ2Z9qmhEoJ21J0JWqNKBEFqUiBE4ckEFIUERBlGCdl4sTYDiGhQKjrK1KbRtktE0LGdqbBAYkxoRDCSto0rp1pZ8uWTpUATNpZa0QEok3NLVvL5nQ6M22XqEolxtiZbkKYbG2aGqjvIxRYIaWz5eQkM4dpPYzTODXSKYyj1hIBWCFCKO2QFMLpliFJUtE05eQGxSjtJEMCT9M0jJNbSxvRbAJHTG0c2whOK7MZqRRJYbWWznSmaeN6GIcRqZZqlWwJSqVbSzubp2FqmcY0tcx0GqedOKSoNeVpWOfkKds4jtkyyQiVCBnSJknbpJMMUG3OooiItJszioqrbZOhSNIGiCjKloSdUgXbjkC2pSgxTENQphwlSfLULIKoXZfpxGqBUVBrYKUzs/W1gtrYmoxRRFW4OKTMJG3hlqUWQuQIRlmjU0glMlMuuOXUSqkRgYwzFKUIicRBI6dMZCG3lpbVRCVcXCiexlEpHFKkjVFgkORmYbkkKYRoLYccalcFUQq25MVils0RIgo2KCMLyikJgkJAkkohASbtaRqjREEQTkxmtoiIWt3a1KYQbtmUUqiIFMJToxCORKWWCMZx8phJswUtrVCUKJmJjBBIcrZslgpWtoaUbrYRKKcpbVsRhqilhlpOExIUSbIhUyBkGwA1EJbCEM4mwhibMIRtsGSwMogkgDAWYVIWGBkBsqy0Q7KEUKZKOC1EINshp5BFcwTYkgzGAqeEjC0jAArIKGrE5KzCKjgjIhttakSzqkQIO7JN0fc5js10XamlNCW4RbqhUuVMy7IlrJCA0s1KVTaH02mXQIRxiQIJcgq3ltjYmS5dDUpOaacjCNUoLQ3p5kzXIgcmsk1CEUQAIs0E0YhSM5EiPbl5IsITKiFKKOQkJWMgJYlUhI1wSrIlgYxDSlvCRhhEIAtQ4kgjYURgWwhjHIlJOywJwEayEwRgDCaFJGxLYGwwyAKH1YSssI0MMkLCWBgjBAHmMikNspzCKYQtZAnSKIwlUIBlA2G1kHExVoIUMliAFCbBlkgJW4SdtoptWSEU2EgCYxzGAtsIUhnIJsCEnZKECCudAVZgg7CQLASlSjZu2WwLSVY4XCTXiOyrFIqCkxzblISK5HTDBVFCJdIZUkRYymnKoVHDdumKEK25WMhuLVspFal5UnNX3LBqCSnTVTLp1iKKIWrgwJmZdgYkxjYRMop0BkqlrHTSbMLZ0hmU/b292WLxA9/3g6dPX/O1X/01hu0TJ6dh6SaLgpoEhiRDga3AKcsBDUgpwCgCJ0CgBLAFQAJOhWxLgDAIASApARMCQLKRhIxDxiSykFOJizACBCQGMABWIjmRjAMlsowxEpByuJiUwjIyDoRwG6fDcbz+xptW6+X3f/8P/P7v/f7Tnvr0rZ1j++fOSZSY4ZRATC2jlBBGtsEiSmgcW5TAoBDYLSIokrNlQ6qlWFJILVFxJnJrLVEh6Cw0TGOtArpaJbWpmZRlHArbOdng1kC1hK3WWhuxpCQL4XQjashMOUk1im1nughJyC2dE5Agp1frtTFk13dd7U1KZWrTNIxTa+r7WmtzFoWbCXd9h4VSLrTBbmQAxm2i1Oi6Tk2KKBGlljZOwpQI9WED2azSlBRhIVP7vkhTa85GBC4iEeqV6YhSu34cVuAiYydIAiwLjI2KZBlbwkZSgiRIW8hpCTCWQQ4ywQiMcEIAgpTsFIGwLASWZBMGsIRtJYRwWkorZAiRBluSkQGwAZcaVcXyNGUpBQxKZ05QVBUGy1UBSjtCtk2qFDLDRV1M0xQ2NUi3sRlLIigqIBvnNOt6haZpsgmV1rKEFJGYZNb3raVFF7LdWlMooJSu5aQpJSzR7OI2OUoXIXBgqUiexpatRedQaW2SiRpFJacMpKJsU0QYgVrLiJimUajrexlH2m6tgRFdXyXSKUhSKtkY29DVEqWkJRBSX6dhatNaqshFihKBLIWsUiRhD9MQTeoQqjWcuCmCIgZbEQEyNdzSU5ukSLuNzUGE5EQxublNpZYpHRARma612G5kQFpTm4IiKaKilkCEMjNTcqiq4DQUJBE5Tqhmm9SKJBAKG7BCITx5GinRSkgRWNVgWjMRkWNKnvWz5gwJu9lKp11LJ8XUpswc3QpBSDaSk3SCkLtSbaKUlobMtAWBJkeRFAjSDmT1VEVMU0uaHFFClqQqmhMhCUpjHXQhT5ZEEMM4oOj6TmQopJha4qxFaRkjGbAl2+Q0ZtLVUAS1kG3MnNqkRhTLUWuXtjMRRjJOZyIZ2WkypZCkUMs2rkZwiVpKpJGCUGDsTEeRrOJKMLmRRJFtiTQ2FLWxtalJdFEUxSGTQiiMZTtbV2pIGXK6CBROlyiTMluLYovMNo4tbRfbDskokDNLDUWRsRLVrs9pkowkIqacMIiudOmM0uGWackRgsgJSbV02ZpSqoFNCEshpHCAlRmS3SSlAtvKtIpssJDTkhJCkKQkJZZpQSQuuIHAGJsAg7ANoTSBJKeBMEYWgMIYjK3AhkSBhY0a6QBkAwbbAIQiFIqQoBRMldxaa6iLQodbRikFIZodIRShMqlVRQJpERFySyFVFyJba5lFEaUaMt3sEmGwsJPLwjS71sCkW9okyUSLjAyYBKgEFrSMWhQlaVDSVBihtVEuJdx1/dSmsbWQCGU6gmxEjZapcECEAAwIG8k2AoETCwBbBgGGIHBaOMBhG5GWZFtCtkEYY4RlGVICSw6HbSkSB4ETwBGkU1ZKgWxbxlILAuOQMYARJCFSIYFNSInJRELYCIEQkAVbYUMgbGMMKcuScJNkUjiwAyeAhCWZNLKQU0SzJGMFuEkBTiSDDRbYkAo7A8C2CDst0gSWFFYKWZYxYNKJpJRBxmBjQhEKZOyGK1KxjW0RpPHY7DSKEmJsKRwqChWRiSQpREJElAgiwFkkpEYwOWpM6VKqIsiMKKWUEmEnMEzrHNN9DdUoZKaFEgWKkABJGBIFRBSUJkM1PU1TNicNZwvJhmhd7abl4Vjia77qq8+cOvkZn/FZE+3Y1vHmMSSbokwkS5FIJBYy2IQEAgFpgABsSxhkIwBZjsRBYBtQymFwCFsgMEYR2HZKYScIpEhjklAYI2EDYNIILAAsLIXThAwiQQHNaURYljEIpZBRGgn1fZnGXK6Xhgc/9GG3Pu2pG9uLpzzpSTfedMvy4NI4roPSksC1LzllCkEobDsisxEApZYIoFRkNwBHG1sUldrb6UZaylTQGjYopZIAktSmViKMc8wxJ7dWaifhNqUopbg1WyG35ihSRGbaKrUgYfd9n0rbbcquNqSWWUJpRSiiYE9eRy0REVHINAac2dQkMluma+27npAMgWw7GylFGdsYEEFEURjjlBTNrU1TOooEmYSSKCUzPWVXCoHktFqbACeSJzJUjCXNui7BdkRIoXRGSiE3RNpTCsCJwRi5gC0xQVgWtmUZh0gsWwIrMbYUgMOkhLCBCCchjGUwFCIhwJKzWSEShQ1Ysk1YDnBIiSFNgCWckmRABBAWQghZ0HedQpmJReCclHKJ1oxdarWzRjhtibRpmUmOtdW0FRG2TOmL006TIKdwJnbpKgCBZcE0TZmCIkoJIymESFvGjggrEE6P4xi1dJ1SyszAiNZSilJCliFKKREIHEqVLrBQJKNSgCiZlhoRhbCzq50gs1kUcCgt42kYS+3ttB2hkGxqFyAVmq10yjYiiPDkVEYQESatohARxQI3u+tqptMZlCAgU4kC1a4aWelmh8Fgh0oUUKKYxqHZUaoICUm1hu1MlxpFZKZN2qpRSnWmsbKp1rAzMVYJZxqXKEhJerIzKSrppFSFg7CGaZBppojSVUCyRURJlK3VwDnZWJKFSkEIhnEsERFhpdCUk1DUoklOUAJpsCUga1SD7YgAalWbrBpKbBMAmIQQEUVOqyLqLCJrM7Yl0mlAUVUIYaqqsyEIlaiICmO21lqNyGyllKhOCk5nKqLI62FEKqW42UhhlUKQzSoKIiCdKKZxrLU6XUpxZgZyRilFAuxQ55xyalPXdXZGlNlCKEJqxtmmdE5j6TvMNE2dSjokOwnkIG1sRQDGObUoJeRSIu0MYwskB7aFnFAC1dITWZxYLZMUVoQSGUWEsOWkqCAhGwJNbWpTUqJIRDhdS3HYUsFpIOyp1plCNLdpCIWCnNKOxmjjbCWqBAKwCFH6GAeQ7clEhI3sSFtOCVmyLIdkY1BKkNiWQGAhWxkOk5YkMpEDsBKERYIo2MgANoBIKNhYyDaSjbBLyOC0pJCbAWNAWIAyG1K25lJCkkza4KJObgml9E1jNBzYFpiwMxS1lHRz0tIRJsNSa0lA2OmQjLOlIoQhpaJQWw9Ty752KJPWl86mqdkqiE4h0rKzTS2KopQ2Wc0RknERU6gonWMQDoUUcrolSLWWoChEOt0cRoBFQQoJEJKQZBskbCOCcFqykZBlZBTZDChswCGnQykXk5ZkpUHIMhJgEEjKhgKQnUKmgQBISwaMEViQJWQHliNlCSHsREjYoUxCIANBOJxGSHaKcIRtjAQosZClMMayDALAgARpCauAsSUDIMASApfAhsAGARYYnCawkRUCW6KZQJbVcAQYMMjpFGFCOFBKAmw5DBBAtglhu3TRpgS6EmS0tMI4gSRJMlFEKWBay1IjSpWUrYWymWw50YogFAQQJUzgJkGVnSU6ZCGXWrBCLZsUSH3MWt9qCUktG4QwNpmOsKS0AZHZBGkHIgRNdnNWFVfbCCIK0aZxVMSwWmdOn/7pn3ns+M5HfsTHTGM7fepkDs5IQMYgh51IJAgLDIjAaSJsywYZy7II22AsAiVgSwRkpKwkEsA4UVh2mjCJSRXZGMtKEcJGyE4QBkSADQIjbCAdyDIWYdNkjASWBcakiDQRxjKotTTIjojVerjhxpvuu/uem25+0Pd/9/e803u858zDpQsXaw1FNCM505IgQ5GZBSkUEZk5jKNACqesDEWpJVQyp4hCGGRbqBRRBRGSoAWRQRCljMMEGUi1Egi5qEqSStdlOm0kQY2YDGRrrdSiUEvTHKF+1rc2YWykUAQgKSJr7RO7WRK1dCVkJqebQZlTUViBbGGcLYVRsdo0jaRdw9hJSLYNRcZWRFfCKWdToFBYDttkNkXJZodD0TJtIqIIg5uTzKTUIoUAUiGaWrNKpCUpwggbhzBA2MZGkVBEpgFSCDskImhYElYILOMEjJCV2BYyxoAskxJ2k5RAwQkRIoWsTAekLYuwbCss5EwhCJGE3ASAACPIdGaGsIVtcKqoJLQ0skIAOI3dIKJIqJQymilbRGlTS1OQHQhhgxC208jONA6FybAyUFNm62tvNOboyV3XqxNTWmEkeZom7K6fZaZTpYQxXSitEpic0mFBiSrcZJpVZAsbT6VUJCkUtNaMZadblBISljMBhBQFWk5RZDKdJLWrRGltzHQUTDgbEU6Mq4RU+5LkNDWjTmU9TC2z6wpisgKnQ7RSSoRyytaSoiltu4QgWhvBjuIIOZGzpYqcKUrphEmZEi2z66qck7PWYrvZsgDSqZZphZphmoRtUJSQorRpmFqTiSIblVKi2KBMSTCBVAKiYgCiFIOddroZuaJIOYRxVRF22ulaakjNTWnVwCJMS4XCQgpMDbANlMw0DkU6RU5NIqVinNkMRdUi0s2pRCVaG7FKyBE4saZsRqVIyAGZiEBTTk2lSK01y2GFJWjZULSWlvGIAjJSKYAoiighD5MUrbUpKCFly1KjqGZrdlrFSSkBRhFOSrEti1CITBMK7EycBpWQpVCkM6LAWMJOFKWErQg1K9uIJCTo+ppGNqJGSZvidIYCsKKE0llLJCaJUp32NFlRogSyQqFmnI3WSldlhmkK6LouM20rpFQjo8jpNgwukaONx4Ha9cLj1CIihCPszBak0glShggiKtGyRalpIUFrGVhS0IxASEWQEukQSmUxFjhskNOA5BSSZBkQxoEswAIrZBtkQCGlDIlVbMvIGIswFsaRZFCMgQjuJ2zAIWcCCBjWBk2jh27qaucwCaSdcslMi7Rxpk2bXAsIuTXXGibsjBKhwHaUdIsSAYmzGWeb0p362k1tyuYIbGODptbCql2UrhaFKdM0jtOoUiOKQm5NCkzSZNeuSgJHAIFIN1KlBEIWmU4RYKUhJ0lWOJsdKlaLtMkmVQQACahZOUFPCJxpRWBIKQAwIAtkGwkMEpbIRGlCKcm2kWQrwMKyHUUY2xGkEbIk2xCADcIpZGGlEIZMSwIDxpLTEVJKwkESSjksEouGhcmQrLCBJCQyXVAGMg6TIBBCtgGMAmMZY1IIsIVAKUtOE5YJ1BoEYIXdJBlF2Ak4EBgLF8kYsCBNIDckC9kACVgGbBS2ZRkMKAKEwpNLyJYzMycRTkopyM7AWQJFlBKttdIVUm2abAQhCYFJKC6qaefUjEMWAIqIINMWgLKtp6mUEqFACiZsMlFBraUzk1ZLh02bSlHCNLRSSq0FcPPkKQhbVhQJArmGijRkG9fjrJ9H0dRyXE1F3Ud8yIdvbx97n/d+33tWyxtvvmWaWhtHFWVSQuloSNggiwCDbZAtQMK2cSADEJDI2CicRLiZMGlLAoMQCBBGhkB2NodkYaQ0IQAbhHEgE8jCgLGFwIANQgkBaUlYDsuJEZCAsAFkPKWRJDmxx6xx3YNuPH/uwru/93v92q//8nd/3w8eP3XNerk3tNZFaY5QK0HDlrGm1hBO4wQhKSghu3MkqZYtotgGlDZOHGCLHF1q1KJGKcUwTWOt1eoC0s3NCkEaRLRMm5Cwmx0ENEV1tnRWR2YLwiG3xM60AuxxXMu4q0IJTicZEhnNiUjjSDlKDRsyBW1qqNQSaU9tEkQIcMMljdxMibBaNkkJtEwnUYQkQF0pdsk2ZDakYogAZTYFoGmcIqKWLlujWVVkjlPWiAgklVK9XgumZgzCScgCIpwZhsA2SLIJgZFskxJYiLSEJckgLAySbZtAAoQtYSMJANkmHLaFbASGiMDGMgkYGZCNJBxyAgXERCJZdjoicmotx64UGTvTVhEWqNRCI43CJYqDbFlKZ7urnbNFlCzKzIQI3GhOQtiZGTVCSqOUZYk2tuhqDYwbzja5OQQ0Z6CSOXUqiSGlCKSgtea0JAchgZKMEjjdQNnALQ1FUmCHsZ3ORgm5gFprEjVqy7QcyNkUUaKkDRmlq0GiNoxUpmzKRGEnThVFKQL1xcY2MiaIGjaaWoug1CopbWWOUys1LMZxrKWTiKIo1ZmWA9xaKUUSZvRYqCE5AkCUQrg4UPOYTW4ppd1aK31Val6FItWmMVtLBUokNci0TFSihDIpNTMjwpl2kyKZMAhni1CkJjdKJ1tBNqOUCIdCtaplq4JZ36UbjeaW6ZCwMluG3BoRgeyMlCKmaVKJip0QaZt0yrUUHNjGEFLLKZvd105EBMbYmbaT4oISNTdnBAiytcypllJcwZm0NsqKGqnosBPhiFIUdiI7QyGQk8Q5TUQQUriUGiUyk6BUxtERsg2KKDSasqVDlFIs2xjkSUTKZFpyc6iGqvFkKOTkxGq2ZQqkiBShAIWDkA3OoKiWoFjOaXQSoUmZDRUFIStKjNMghdRy0pStRWRmhEKl1DDYONIJRrIgSmQtgEGpICKUU5OK0mAh0qGiGiZLiQRak4wppbTMgER9hNPItRQ3cEtRMokoKoiKGgoVUIhmmnCRCAKMUsJpGSuFkWTZWCEbSwJhJIywJWxDyJbITEkpFRKaW0iJIoXAgLEEBizkINKy0ggDYFsYhQCnkZAMlC4Ah4tqprM1iSgFBKgWZRYAuzVLYUqElQGJZYPblJYJ02SQsMFZamRGKRHFxoACpCAtpU0mFKIgWpuMVKrTOEMVnBmEkdSwUQhwOqKE1DJtZWYtxTmFSjpaNtlK7AmVUqKkmlFrOEQKoEjgBuAAKJgiIBWyJTDYCtJIEmAsgwRgDFiWKXICVsoIGwllImQhRLOFQzLCyEKAFJB2SDa4oQiBMAKDsRC2ESZwk0sK2QrZARiUISVIAmPZSKC0MaG0MSCAsCwbg7CxIpwmJJDC2CCQAbK4NBxApGRbBSMZpwkHOJEQDquZwEDYRoSUsiSBMQgMIDASRgYlFGESKUCEgMwGtTUTiqihqTWD1VCNQBkSYciWSlPCCnJq2WxFiQCVqKXLzLRzmoyNM12KwE6nFJIUMpPUdX3mNDWHMqgiFZKUdpRCUJAi7KS5ucBUu4IkwkpKdBkIY4SkzJymMWo/0QrRarFsOyRTxmHZan3v93qfhz7oltd5wze+/Rm33XTzQ7Jrbe1+VjNbpmUcBlAqBU6QhG0IKyWFSRsJMhHILQOnAmdICQo5lUGQdgFbgG0kjBAgY7AlANkIGSQb4TQCCQOyAEAIG8tCyArsVMMhGRtkyzIRsiAzrWIyIBVB5no5nDhxYlbK93z/D/3V3/7dX/3VX8w2j+X+xZat7/vV0Vqu6aSITIHTUaIJWSIEqEBzI2lhGymV2Bg5UDMRphTDepxkCBVQhG2yTaSoikwsCngchlJDkixHBEkiFdtOZzpxCSE5LSilUtVa2gRyAKSxJ4iikCIzp2wRoZAnq5DNEpIwLe0cQp0iSgkMQhEWIUDZGlOCwFE7sjUySi1SZjZkJjWBM9MyDYNqJ2dIIAKJdMuWQYAzEbKJCEmNFC41QGRyWQQYUGazJWEbSRgbZAEGnEgikCUZAtIoMA0LoRSyJRuBZGxJxmBZQsYCCwSJhI2FnFJgkMM2EbKbASnSgBECSJpHZW1umOYJqooNHjOKEGQQhMKZiWlCMTlDkhPUWouQFImBKJJLZkoO2S0HHJaDaEphrNZUamZCQkSkIrDM1BqlaD2sotQiWTYoooQwkgIBglpjGtNpREtTQAQiIjMDJCZbUZ1Zqm2JgpRkmKgdnmjCaUprabkWYYfTtRjTnE6JUmQqNrg5yZTUnAIDzVEiwraNQmqtgSRHISKkSGfawiG1NG1CYdFas911nUpUd9laWlEKSXoyGnJQwza4dJ0icpzAHhuhKcvUVhHhloQrnSPsDIkaTJmZ49CkApaqlZSIVEiIaUpEkU0kLYyniVA2WptCiigKsiUljKstwElrzZlARlOoUpIccMVKo3Am4VqrnRAUS6XQWqimZSGcTqaqIpXoYmptHKcowhJOQJaiSOM02ZYUqEgJyBFVEWknjRSNCdfmvhabkK1CNhQqxS0brVogJHDpCqnE4YDELgLL6b7rIpSZbjnJJYpwBFLYyEqaLKN0GtIZzQaVbFEwIUREyK0piJCwkdMKVGsbxyQVoVA2RyTYkWooQgUsoRIKRTOBsSNKs5XgjCg1oinAIaaWEQHKIbOQLYuI0NCM3EWRSnShxGkiQoFwWgIFiYqcIamXHNEy05CZ2agRxDQ14dJ1zmYyDbS0AEkBVkxtzJYuYRxCiUCCZgIjCwEiSUm2hInIlEiMUArZWAnCltScgSwVKclipxCBslkhy1gWWAiBgMAZicF2CBuDkLAlkzgIlM4kgYgAd9HVrrRxStJT1ogAh8jMlrVGRK21ujmzpTMk03JyOCnK1qbM0nURZKaslikRhsyQclIUl4jEbWo2pYRtS80J0JxJFAcklgJjgyYnKgUpwkUxjs1k1xWwcdqKsO2UsXCpAbLdJvezWqTmqdZomFTLFiiVLSMtABlIY9nKUElLtgEJpwmwwJISg4SNEMYYIynkxGFhWxgFJEYpwkZgNZAlnBAIkwIhbKSwLNIOA9ggSUTSCNkSUCwAKbAxDsJYtiIkt0TIWCaFbBASABghWwjJTqcUwgkK2UAqlSEhwHZImRnIQojEMhKZqFDTU1oIQEQTAoNBhgCTyiDAIIAAI9sgkxgQ4XQ6S8gtwUg4ERYSWEBIKsVOA0koBKRtmhxIltuUzlKKmzNbQ9WOUqKUzJayUImCjY2KRNqZaRShIsBRSkiBAFHSbi2FwBFFKkINUg5ZqrYB5EyUVlecScqkCOyuVOSWwlmjFMlgNykSt+VyGoZXf+3XedrTnvrgmx90x+23PvjmW9o8l8MYEYpmg4RJMmRLWBgkwADYkgwJIpFwREk3YUFilLgqEgBBIoQQSgwCgZ0IKWyDLTuRBSaUIDUInCaQsQBD2EYhDAinkRzIGBOGMBCQWIBCso2xAqFIPK5Xi83N2WLzb//u7+fzzTtue8aZ624YhtVwdChJJSKRaXZESDIURXNKLiWmNk1jK0VFYVlIVdVqLVVCLuREgmRMZkRBQg7XKRsiiJDTkW4lLFsBCVLKSqLW1ibLhSBKy7SNQmEsY1vY2EhF1SDc2mQ7qt1It4go1CTbOGGppJCEJaPq4hIKgbqoyRUGMpuxQ2GnsJXTiCklgImWzWBMKZFugCgRbi3VJoXkkK2MUCAMgohAmqbmdEJOoy1rzMQQIcDYRsiBE1lWYkCWMMZCYFIKJSHbsoxlpUK27ZAAI4HBQtg2lsMgIADjQIllZ4IkJwjbSCBhG4QzIwAC3NycQKbBlkqpNCERQpIdRC2RtLG1rpRMhxSKDAA3KzOhoRBItu2oJVo2QYkwYBKLkjSZWsvUJtuhQleLJDltCGdaKlaSaaZpVHQQLZMSNUq2BEoU22Mbc8pau64rTux0JkWZk62iaqUswTgNpdYoxdnGaWytlBKldM7M1kpXcaKIMKa1dJrCNIwSlmRKiAhJtiOipQ1gqYAxYVIOyUUhZRJEBJlpXEvYtcgms7XMZrvU2pzTNHUlIkJWBInHqdUKCklC6cxM2YRKSAoRE1lUbLraZcomSiFdCKPSdSinNkXpqopCzVaRbZJkyqSvgYLEBUiZqMgQ1W4YIiKKMVOWKKUU7NZapqsIIiAzW7aGbLnvaqk1FJbT7msXpRDILWkApEVLY7lNLYWVJp3ptBUuU/M4tWmabGWbsmWmE2draYMahNSVEiJqNGjTZFRrAUyGailR+77vuohiSLdmZ8sx23ochmHdsskYpdNYVhAKSglsMNhWy6m1BFrLbJ6yTcPozNYym8EChFSkiBKKUhQhuRQimhmHIdNRiuXWpmzNaRHpnMZpGNa2PbYSoYgSJVRCEioqSlEUpTixM9RFRMtGtuac2mTj1qZpbDmlc3JKAFNrrbVsk3FUgqg1gCQCi0jbmbYJbEcpYIECLNvIbna2zGzZkmyZzpTU9X1RlWQn0MaGIkqUEhEdUWSEnLTWAIUEJpxGuEHaAJJTto1TkZKRsAJTaMhCxhgEAklgQyhUsJVWWBCkwJgqkABSAEgCHNAQJkABaUAYS7YkiRAGHAQOQAbIbGmr0NVa+prT1HLyNLWW2ImnbEZICbanbE6MXaOqlFDXdxEAQs4U6moXUkgpIbWckMm0UIi0gqJAThtRioxIEK21qQ1Tm1oqrWwpCaK1CWU2Z8s0tiRqRLY2ZWtOI6FAIfV9H0FmEtEST2kbychGdgBgCyAtISScsosQSCgUhG3ZaQvEFRLGArCdmSFApEHGOBxGjpRBIBQYGygibaQAISHLoBAhhQAkIdumySEhgRCgSJs0IMs2oMCQzlAStiOxsBBIaYzssGwJFdmSDCYLkrAlSUICYcuEBJJIpYXByrBIUQR2BiEshcEgGcAKRAhMIBfLtoyEnUliCWEAFICxS+AmZCTZSJJkRKCEzERBCUUIMp2QliNkY5CsiFJKiVK6KKWLoKXHNqGQKBG11FKKIgghjDFEQTidaYyIIgF2jlM6XRSlRpQw2XKyU7hEARmBMQkkSZumsbW0GmA34zSZhqQQoUzblFIkYaEw7J6990E33XJ0dNTVcusznp6o1mIsCTkQECiRQGDAChtZaWyDABDCpJVSETIgyYKGjbGxABlsJWEbsLBBYVsAwggrjGRbtggkLACDMpBkC2QA2UYgg4EUssN2YGzLJrAwIDlkY0QURalja65x84MfMrbp2utv/IWf/+lZP9/a2SYNLkUKFIAlAklRKRLjmE53pVgSSjlba9kSOzQOiZtKAdspU2uYzObW3NwiJDC2JLlEwRghEmxnZsspM0sJRUw4Ivq+lFLsRlNmOtPYtgNwIwFbEiVKWA3bLTOHaWqtGVMUFAKQW2KXLmpXQXaO02jb0LI5HYqQakREleXWTKYz05nZhoYpUkTYCFQiwiqldiUkLHDLNo6TIoxtG01tSmeUmM06qZRSrIxQUTNOA2AFFmAXJFmEVIwBiRCkI7FCmWGDMUikkQ1WyGAjbCHAEiBJihCAbUSIxAoQFmEbZRpJMhhbDoASakaIsCEkwDIopBDRqXS1K31IUkhqaUVEREJr0+SWGAMighIIiZZpWxJBy+SydLacwMI2NqXUtBWVUgjhbFPaOEVL5ADLWCHXrmJqDeFpGKdpsjDKNDgcpYTxlJk5KSJKsVVKDSnb5JaZU5uaasnMABRd15dSENM4TTlhCU2tTeNko5BxKSqSJANkiLSNnWBNU0MOG6QgTbORClVEqIBkDIktg4TACKcjiCilFEXgwCYkYRShrtZaihS0BE2tTeMUUgkFlNpJTJ6KhYCWblFK15UIqdRu3pcoVarRl+iw0oxtalNrTkxESLVGSWhpy5LS2dKyZFprKFQiIuzMNEGUosBIUq3VuOUUxtkmhUKl1i6lUkqpFSTC2JmZzYqikDDCDaXtKbNN4zgOU2vpzKnZjRJ9X0sNFLWU0nVd19cSJUoUkYCkMAJaqk0ZthRCmRlSRBGZkjBB5jgOU6azZXp0IkPaOFRsQC1bttamnCZP0zRlA0gEhsRTOp0RBTsiDAoJ7IJt25m2bSJAyFGLQiqllq5GFbIsSpQuZI/juk0Z4damo6PDYRrTLpLdyIwoCmEnRCqsTJozGTNba5mZSCoxTqNBEaXWEjFNbRzHTCNKDYoEmRY4ISI91a7rawE3JzizgXJsmc5MMEoUQgqBTKIQKkVRouuqIiKi1EJEYgJnKm07SkiySKdDISICsF1AAVjFliQwxikQSA5ZGGGEk8AC28jIAoQtCWGbtLBlkJUUQIZm2TYosAWAJTlTpMCB01hYsrBNCGzhkBNsGwOQ2CpFxoQi1IhaS+mISDJKBMppmlaDIwmNY3MStXSld0sjaiECi3QpJbqu9MVmykSlhkJSlGalJehKUSEEkpBQqZWQJAo2do5DZtqZJm2am53T1KZxalMzztbI5iSdoVJCkMiJp8w0NraRaM5stiOopZRaQFGCUgAEECGnFU4coAZIidOAAhwBghAJQmlLQhAiAiWQaQUlCcBCOCQDNolBBJbSlgRpWxi7JAbLhkwJEUgCCDAGUNrIDWGARIAwpDEGsJQgS5JlJGQMIDkSgZ0CG0lypACQnbaMDcKWwTYJgWSTBCWxSSaAsEUKkwZsWQJJ2GkyhUGWQ7JIARJCaSdgISxLikiEjI2NEwsiJUKKaG5OT1O2htNTepjGcchQADWEM21wibCNBRIRNbraydmabQzZUkJWZrMxztZCsmQ7MbKTaZrSxpl4cubUEkBCCU6ME9sNFYVkrLRpSbaEkLFUSokSkkIqVhpK2GAB2IQC1a472D0/m89X6+V1N95w5223DuOqr0HKKDMRaQIZEBJ2MzSDEJAICUlGQg2cCElKkyJlCoSkAGxBIJUUAcZIsmWRAAngwICRhElsW4AlsIxlGQRpaBmShW1jK4yLLGwhSwYnl9k4DC4mJQSOkIdpWC9vedCDu8XsLd7ibT7jsz6V6LePnc7mnBxRSlRCtqds2UzV1GjDYOOIGqGIGjWKsMIU3HUlhdIgQVPaQiHZrdmMY2uZGAnkwOASygRQQSGb1lpLBwpwWChJUJOdiWmtIYuwM3Ma22ghFAVLtQQq4IKL1NW+1mi2wcbOdGYztiKcntzaNMFk2bakiBKlqhS7iehKX2qUEnZGRC0lur5EUWA72zQMk3CoIJm000kEdsMqpYRQRGuZ6ZZZIkAyJQoUIBRABAmJSCcCG0wiYydKQygjRCoKQhYIbGGlZWEpQA0FRhLYRhLYmZYlKSynBEAmwghQFIRAIKOUkchEAYYkhBIgLCCdTlojncO0dkuFDMY2EYHBTMM4DuvMdFqysFtrrSHslISdmZnN1tQ8TtOUCYoSfd+BhUqhSIlMjK2thyGzUUQGpqWTtKOUKKWAShSFMlOhQHZidV0ppa+1yJJKUUhIRg4UtViaxmkax0jJ0TIV6koXJUKFACmKsAVSiSonESEJQhYmHNHXUMm0MyGBaZiGlmk7LdF3xQBJkGTLtHNog5tJbDdQUEupXQHVvtZSJYpc+uqktUROp9OI1tKRAkTX1VKKFS2naWp21CgqsrO15rSNLZvArWXmlMbOCFUJIRVw2sgqKlUKOZuzkTlNTYQNkLZzdKYUiDZNdlYVjJMIIiQ5QooIJ9nIlnZDbtM4jSNOSQROA0EVSDGNIwYiTDpLhCJKKQUkKYIQyrRDCrBbjQJp3LLhiCqTdkqa0lEUJZpdpFpDUgLOZjy2Nk1kQ2EbqetKia5ERIlaa42aTrCkElFKUVdqJ0mCJI1bayVi1vddRAlJjojS1VpKhKKUyCSIEgq1bG2aMo0dNUQIlShdVDls24QianUIIkqJqIv5xmJjo9bO0JyZNp5ySoxKCTnUnFEoqI1uUwtFKEIBEaKW6KMrCgWlRq2llFAigSGICHBU1VIM6TSUWktRay0zWzaEitJp09LCkxtCUhCkEUUVxTSNOU2WcNRQX2tEIBohBVgkipBCYARGhBRhANEsMm0ESLZsZEgnksEJYCSLgBBGkCAMkYSEkZAB7IgUpCQpAwS2AgpgYTtkZIkUDiLBDhHCzU7JVkIAogCQaQPOyZnTmNlSdmvOBgoinUalq/18JgpIAqeMM2VaNlnYESVKBQr26HEaZROCsFtIJVRKlBJjZstMZCxUo2CyubU2jgNGoVJLKYoSTuzEiKil9v2s6yuQNhERymaCGqWUKimIEmRma20aMyQru4haOymczgTcbLk1EzJgp0JOATIuACYlhNMSWDLGAiEA28IYjISRJKGEVAqQIEEgJElpDFhINDAoweBAJlLIUjpsIJTgJLjMACRKEZYVgpQlpAZpIYOFQIYAMqOlAixSpmCEGwLAgGxbAQJAKnYqsDBgSwgkQoklyULCadsZCllCXGac2AIoIdkCgw0hEEgiQyESUli2UFpAQQFgC7WQItNJqNRSI8BtHIdMuiik7dZamrQUtWSmnZnpTKdFRkSJMDm2RtrZWo6tTZmZthDO1hpOWZBImW5Tm9rkTOEoIYvMZjMlpFBIkqZpslugIoFsAkUpJdTVEgojZ3O6SDWKoiA57amRUwpBKIRbTkVY2r94H/juO+581Vd+tQv3nl0dHXUbCwICSIUtgWxL6RA4GkYgpEw1YwEpCSTbNiCHCCChGdsEOG3sFDICgRAZIBuFLYUNCOyULCm5Im2BAwPIADiqbYxDCmEspQUKC9lGIBlZYUwELSTbEgITRloO4w3X3HjqxMnP/9wvep3Xfd1Gbh47MbWpTU1ymMTCpUpWLaqzDgunAQOWSlFpIg3YyTRNQKZBkgKyYSNUsIRCBhHpVIlm164qcHNrrdRSFBISGKUMckghY6BEKUUlRKKSCUbOKDUzpmkcWyshCJVAYVvpgEB2k4oAKU22SSVqKaWGXAtFMLaWmenMnEqUqMpMOUABoUi3aVhntmxOW5ZQaw1JEXZmUmtErbIA2zahCElBpqdxbNPkKddtkhBKN8C2BUxEiOYoSiMpAytsSTKyAcvGhMFGWDgyA2OnQxUShEEYOU2gFBCCxC4QohERMomiOZuUxgFISOFEkkkhUiRKhEAGK62QJDdyaplp22mJBCSFSikRBQIMmek2ZZRSSg1JEUkOw5huQunmdKF0NQRTG21Atj0luJCSulpEBCEiqggVURTIJE4ASX3tu1ptTCIhmjPCAikBYwKanVgChVRqbbadhCWFZEABFFRLLbUijE0yoVCA7ZZNhVKE8JRRpMBBKCKiq10JRxAhyJYZNQAyZRSkMyQLJ6WEs4lo0zgOiWjTlC3JjKhKQ4IUUWpncGatRVFLiVntQsp0TokjwBgpoE02ihLC4zi0bGmnGypRAgAZt2kqotYSqEQxYOxs6YhIIRxBKUWCiFBFZDNJ6UqJ4pDd0s6WaTA4AgU47YgQ8mRRMnOcJkAoIiKKQ5mZpnazbA2wCCShkCKiVKFAGI/Olm2cDICzAWncDMiS5ZY5TTKBZMtYtiQzjcM4tTAIC5taStdVUk6iRFFIigiEASWiRlGRnLJKlBK1Ro0SpRQRClmggohaigJRUUSoC1xs21FKRESgUEgQkjRN09SmaRrblHKGTCqoXS21Rgk1Z6CuryHsJmhtslEztMy007i1qdkhkCRHBBhl13URoYIiwlGjlK4qQiEnBXlKJ+nMyZnZqZAM45SZEJg02ZoUpGUwRZG2rGyuEVEC0SZam2RPLdMi29jWmc0pG4wCbCVOyNFp2ZbT4Cyo0SSabcImAjBChCVl4pCQbSEus7EsJUAqAhBgAFuyjUjZAAklAIUNVmBDQ5ZtyURiG+xIuUiCtI0KBmPhyAQgAoguhLDd0hHKCEpClBKidrWoZks3j21qrWHXWkvfSQC1VslOt5ZtmjBTG8dpMllKKaWEwJQorXmaWmaCQkBGUkoID+N6ypaZQrIEtZSowoRUSpFUS0EAVtba2XJaRqAS0zg1W0gIISIgIvpSWmtSqIbJzDbZmWNRKVJOrYhQB1A7p6XAMqjZlpC4TLJBjpSxsG2BLIMkYyNhSNsKySKxwSEZWYY0BgIbkQWFSIGMMQEYy0hG6WwOQEoCKQXCiLAyCGTAWJhCCS4zFgC2E8JGIGSHJQMgCQGSwCrIiWyERQK2ZBtBSWELjLEAKQ1WKETYttMYCaVEYBnhtC2QUQIkyFhOaDYKEThQsVMYaEoHIEEGzoQ2Ta1NbfJkpjRCMkEp0XXVZJtsbLuoGhsbJel0tpym1kYHUimldLIUiAgpIkqpfV+j1Kk1JxERiogopStdRxSnTSKwkSMindM0mSxRMc2ZbjjthhFIIgKwm0Hk1HJqLTOztZAINeypNWMwlgoqIaKvh/uXMqc/+KPf/+AP/ODz58+fu/fuQhESkqqcgSW7BcaICgIQpliYjAQSsAFhgzJtS0IBCpwEEkakAYcBgzAiRFrCFoANCgAUVgASASYVWAkWSCQgIZtEEmAB0dIYhwSWjLAMjZCNsFtigggUBS3XR7OdY9ded81v/9ZvXXPq9DSst06emdowTVPpZiLUdW1sSUapJapKgHNq0zRMLe1MNTKLShhnTtOkgFCNwEqguHZVOEopUaSgZZuaiTY10kBIhqIiu2Vit5Z24rQpBSQw2DbSNE5u4Ky11tqlSDfkolJCUkTgpOXUcnIqRaZtKSQREna2BILixE5bFuA2TeOwHscpbSGE8NQaEkFrBimKFF2tKjWCtMc2uaVUUE5TZpuiRAQYnM4sEV3UGtE8JnYgwg7jiAKAwCiQUdi2KIgQsgFIQNiyhWUAZIUSKJEWRthph0OpDECWZJsSoIaxcBobkU4XBXYgOQWksSFswnagyAAB2DamGVAKpyVKKGooIjPT2VqCp5atNYJSiiTbBttEKSVqjaJiKxsR6rteKjIhlxqhaqI1j+M6MwlSshFRpIjS9TW6IjmnKbNlupGYlmk5ncYKEJ6aW9pkptNtak6DDJalUrrOIlLZxnROUysRUWstBXDzOA5tGjOTAvY4Tq3ZLZ0tMSGEQlVCiNLVamhTE9QoCYCdUpGLLSzbJISwCJG2qSq1FhXa2HKapjbZQIpoLYccA7mA7aS1KaeR5swmK8eJqSnJiGy2HDVqCdstnZNbQlCiKCqAIsdpGAcREm1qmZktx5YEBoNCkkmyNZCc4zhmWkVpGbeWEZS+iyTdrMQ4PU2jhWVLgimblQ5VSbWTJNskJWTXqQ2yENhppnFQ0HUllFkwSrfiUFSAZodzbA4hVSkjBJKMGi4QhIsljS1LUFTa1Cxw1q7zNLXMAoTcIuTERbJiGIaptb7rozihWOqUzeM0ZWbpCi6ZmUjOlGxXFYKIcHpqGRFS4gSMc0KVaIzCbWptilIEto0UocCiUJpbpsdpLDUU0dpE1OpiNZRJiTQYAcKOCFlGxZoShxO1zF4B2KBWahdmapPdIhQURMvEdlAEVk5pZ2stSmQEQKaMyXFqfZ3DJJytRVWp4QZFFrKlsG2QUI1suZ6yhLDSDSiilqoQkls2CsXOjFBIKU9OhUIVeUoK0cIgK2ScLjDKmMwQCMCyWiiwrAYYkSgSy1xmU7DBBowAZAyyksAmcAPZFijSDkBYSYorJEhEIKclIkSaUNgKO41A4TQQBAKIGrKj1uKWo6eWITmnUJSIzMxsXe1sTMpGEcWWi6vDmsJ4akNIFIUL4ak1GQQpZ1pERJsypBKdrdYmG0KespSKU1HSbiYkQ2YqIlQsIJImk56CcFFCiQhwiShhA9jOTENgy86USiY2EpFqEIEkhYBpHAHaJGGMUwhJGAlspMQyJmUhnEZGyBA2AtlINgowBsICG4MdIrM40g5jYULGYRAGE6QN2BgLJBkhZGdiRQiDjOVAtlGIxJYgAaFQGtm2EBLFYSUIgYUFGABIO4RTAtvCBpCAtCUlltJGSlnITqEAyzIIbAsBOFGBBEmAELaEDbJTIEikwNjIchjsgjIIhyQDtQRBNkfJiNKmlpmlRN91pKMEou86Gwln5pQSIUXplGkhS0Gmx2mqCkqVZaehlFrQOLWQkKQSWGIcsyChWgNFpkkm2elSK3ZmZiNKtNZsEbgRkk2p0dKYEjG1prAiiiu2IsLZ0qGwkCi1E25WZFqQJsC2IlSEj/YPNhbzb/qWb3rsox/xkR/7cdM4nb7umjY2MkGWcRAOZEzaFgJLaYQElgALMBYyhLDTkpy0ImGcJgAETgwEJNgWsmwcUprASjkACwfRlNiSyECJMc8kYwzhtCWRWFaAJYOgKWRAtpCUrSlCEJBGtiNKdOPqcD7buulB/R3PuKOfL+6647Zrbrjp4OLZYRpqFDuJyGwtU4TdbIlSCgkWNEeEQ6GizEbaKsLpdMvMvq+JsSS5GWfLZkRrgIrWq6HUosxmpXEiRYRchORMEEhCEbUUsDObEpciCWS1qYEIMNM0RUQUwh04cTFTZooi3JiYBFFKlFB6SnCqKhMSFLXIxk5cQplY0BrhRI6oCoVUVAqsp4kQwnaUYjkbraUlGUuhkm5Ts9tUQqKQLiUU2SYH4ABMBsqUZSmwCU22bCRsnCHZUoEEYQPCSYQMNkgYY+RI7EhZGCxk2bYEGAkMEIKUcSLJIAAsk0YyJAYDCCFA0JIGCMnOdEapUsiZzThtnBkRhgiyGQkkEYpsaSUiW5NRoblNmdi1liktZcizrm9OnFhSCLI1TCgwEbSWU3OUiJCgkWQSKqVKymxtTAVRq4zdIkpCNrBResKl9VFbtoyUKziKKZDZpCSDcNq4lk6EcWarpVCrbElu2bAiVAqksY1E4pyairI1aiAyXcgUQUhqnkgZk0aqFalkZiBLUgE1N0mka63ZmiPItGwLNAwNmsm+76dpzJYRKl0VipSipHAbZRMRpXhK2XKzFFL0XZsS0mZqKQgpVFSVkxXOpE0NIUBORZFANLuQzSHZUmaza61hmpIgklAppYCHqZF2s50RpXSlg4AAMo3o+pllKRpu2aJEKSVbNqei1FL60llq40hrjZZTU0QttZawVFVq7SKihGoJbAsUQjJgpKgREV3XG0lVdtq2Zl0XURVKAtP3s9p1toWctJzcUDMhRThBMmRrRIC7Ikcitza1bKUGQU6ZdkRRlKgKZACDM40doVICSbhNKUg3p0uJ+XxWal9LLaUq06QbIhQ2EFFLUYQlW9PUiiK62nc1VMMqQQYCSbV0U6bJrlZnkki05nSmUy3bZGQwppQSUaqkVDa3KVumiCmnltl3tdauSgJjG2fLJCHTkGkDpdZayjRN6dZ1Xd91gqihiExLpStFtpAMJtO1hBxp7BDYBEJSNkSJXnKEIkKYAASysjiEZMIW2GEjJCERhGSMEIAwGIFQggQ2DdNAQGBCJLKxJXARgWUkwLaFsRNLWBZpiJCAREhMmViOII1iGsdpbBE4x5yaAWhtcjoUYGQnGDKNIRJohFRqDRVHOMPCJhQqFSmiEIpSQIEyExzyNLWIUmtFbjlJNBKDaVMDI5xNgkxnBgSBwzgonYLMbC2KBEVKZxCllK4WRVhE6VVCtpuzWYWqKCItI4BiQCppwJIImUQ2CJFGNrIAUhYiwIDACCEjMMiERYBxohCSQjYOg4IGaQSIMAIQAQEGCQIERsYisZADYSMjA4mFcQokgSxZBisSSRIAdjptISfIaYFT2GEU4LSMsSQksAA7AyEQyCohBMIoAAtJBjCWUpIRMrZAaUhBCgyhkAPSGIQEImRkWUbRBCmbZoxoaZDDEUVSlFJrLVEA4zZNR8vl4dFRywwJKCVqrQpla7ZlQjWi1Kh97frZTCUUqqWWKK1NKYfCBCazNaetWrsgrJxGxnGaxmlqU0sr5EzsUksUZbMIEM4AES1zmhwlSlezWcIgKzNVQqG0A0QSpGnTKFWRBApFhOzEJYwbOdWiw8PD4ejoQz/qY3/tl38xc7r7jjtn3bz2XbOzmWw2tm1JUpGRCggSsBCyZMsgC8CAZCwVhGRAMkKApJBCJoUVEALCkRASkjHIDokMBxKSQVYKJCRZYAyBAQtMWIaUEwIw4cQpSRhnItm2SINliZaNjFLXbTVNvvEhD1Ptr7/l5l/7pZ/bOXFyY7HdoHTFJoiiEIkVNRQoAhyhKFFKgKc2RWgxW7RszTgUUlerFG7OKdMCTdmygR1FUqTp+lpClIguhGoNJCE57JRCAoxdVbJlplGIUouiKApJKhQFp1triIgwIWwk1LAiutI5SREqaWxP45Q2mICMggIjISNZatmAUkotpXYRUaKUJHOc2pTjOE6t1a4qHabWQptEdF3pux57ytbGsY2D7SAhM1OSCmmmUa2NhmQCohQIwiGUGZiGbBDmChucTpu0DYBTNs4AC4ywQJZlwggLsAWmCFkgBBYIjDEgAQgLy0IIElkYCSTL2VQC09WgWJDNmRZyZmApmhMkEyIiwmAUilCAwNlSdhoTUkSUKNMwMWVRgCXJDStCNUoppbUmhFOhNrZhGBIy3Zq7rpYSUSIImtWVEgXb2XJylOhqT2bLZqmZTKK41KhRo6hAZkapQpLCBAVrGIc2ZV9qrbWfzUotLRM7gtmsj1rDGAADIDAOwpktLUKK0tcSrrXYgEoUY4xlO52SFBGhKBFQUJKeWuu7vnS9bSHsdApHhLEtqyJqlNqXEupLtbOvtZ/N+n5WSxcEyTRNcpZSutpJ0VqbWhvb2KZ0EqUkilBQa3Rd33d9Z0JhN9sNRS0ydrpEFJVaopYIQZQS0ZWC1KZpNQxtSjcTRKigKIWI5sx0AZCdIkLp1hrZhBRBUdrYQdhZFEUBmtLjNEwtc5zcWmtJUKJYKgQhwJCtCZLMzLQNToxCqiUiVLpaVHBmAzJby6lN0zpUgpDTQkURITmzGWjYZEsrwQ67CCtAIuQQpUaJUrueKKGYWgLpnKZJTsmFYlsIhE2QU2a2rusiio0UkoUpyilbS0GKIkmpoItSullEKYXEpCXstLBNS4koBalN6WzptHNqzrFlIhU7q6RQpomwMFbQRelLUUQpgEIqURURwdRycrMURaRtB+pqn4BodmvYtjKIvq9FgWRLFonTtmvtSo2ATFpO0zDiLEU1ikKqRaHEzS1CIIUCu00tG047ERZSYEMxwkI4SQkhAhtjjJCQJESCjbEsAIwRAmNkhWVwGooIiiQEwoARIIRFKE0iCSOEQGCBwQkgCdm2DCHZhAKRrRHhbAGl1FCUUqMrUkyZmQA22SxFRBDhUEhK2yQ52di1KyGM7cxsMtgYY2M7ndnckJwg9aVDlpGKkCNmtY+ulAiVwC6lRq0YqUgCEUDaRkq3NiUK0q05JZv0BBhhO1PZsk22o4QQFiWytcwm0pAOwDgiSAEGKUBgg4oAYSUKwpEICxwIg2UMYAGBBVIIsNNgLCOZywRIxohEJJLszEQBIFm2JBHgDCRhR4JsSQYwRiAjG2xsWVbaAZAkFiJCAlthWYEhAogMYVAo5RA2JJagJZJtS5JkMAYEgA0CjIwzEIQAkBAYmgSBUsZOpdNYEYSEcRKYBmBZTgTGhogQAAaEJcAYSGNwcxrV2tVaVaK1qbXmzMSZDZxklEia7YyMEknilJjsltnGNo3NGOxMmXQiqTjtlrYncO2KSnRdLQqACBlsbAmFnJRaKWSmlbKMKQZPY8vMKMo0ziKphEEJTqQIpCBCDpuxNYlMQiqlplspGqdhuX/u9d7oTe66/batrY3bn/G0aRy6eVcSRWSm7BAytCbhJB0OsC2sMAECBLJAgqCkZENiSQ6QZZANzY5IwpaNkIXAGAApkTJBiS2BDaSFZWQACRBWGAIAYyHhgjCWMAinJWEkJEKAAGfasm1jrEwP69V1113bRf/Gb/aWn/8FnxclNrc2V4cZEYSMLYXsKS2nndOULWVaI1tzw4mCGiVA6QbTNI7TmJnIbVyP0whEF7UU29jGToCwiqJ0VRGKoKjWEoppGltrxpambC0buJQi7GYntoqKAaJ2Xd/3XXTZkkwTIdlJyGQJKSSilKilpE3mNI2tTZlOT1NrUxKQCZltatM0pHF6aC1Uaq01QiYliZY5TeM0TRFhNI3NBnuasrUxUFdK1xeVMKRcVBRqLcOqQdejEKhEADYiZWxZQpaMJBlsSwZhAWBxhQkHSElK2EYYIQAZDAjJBjvBMti2sBMSBAqwIWzZJiyhsFBYkkFGti0AEgyZLUpGVxKHhNVaFpXSlSi1RElbkm0EFEWAbSo1hFsT6vqOUEgukiyXAIwFsqTmLLWm02TaKkGAsaMUZZKttWFs2ShSc8NTZmuJFIFJB4BCYRdJFjBl89RIknQ2EG5WRKGWrut6k5m0Ke1GCowSlHZmmgQrAtsGRZuy5ZTJ1IZpmoxpGNk2LbNlTmPLzCxFKEoRwnam0y1EWgippCfhEqEIoqjIlkK0TGcXrrWoqIsopdBFEFYACNkpp5AwgIZx3dqU6ZBq6VQkScbTNDUbm5RJE0FEEbKEE5j1s66rwzhmplBiG4WwE4mstfRdV7tCpBMnKYNprY2jnVIg2yJcG5ktBbipVOwwU2td7TJtUTvl1IyJObIzh6kVIasphAzg2lenJ7Cd04hCkBCAsJxTpAxOR9qW5dJomZQopZRmo3BmumGBLZENJKGQjCHHRiYRpVSsls0tFWpuuZwUQdCV0lpmOjNba13pXMA5NRMqhchQh6dA4AQBJBQFEYXJLVHYoxFuyqIQaYQRIRxE2iUApmyyQrJdpZRJE1ElWVGY2khKNYpRhFSN7TDNkHamI4qdniYiJLWkZWLXWomwyJYKpW1o0+Q0UoSwVEIqKhlMnlCV7WxpGiBkS4Gi2gZJSiCTCFAgSxJ2S6tlZiYw4HDa2E5PJUqmlUQhrZANYFuSbUUocSQZCUCArYQAhI0wiQOwbYVM4iANGBkjWcYIGQECG2TZBpuwLUQkDnDIGGQLjDA2IDcwgVsKUpkGCBVwSFFKyplpt6g9mdiyiaLAmNaAIqXtZgnSDmc6MZE0KwwEkeEgIgrOzETObFE7ZKdlpkxnGoSaxNgIEpOUUtKOJCLSGbKiKABauuVUBhOIIgUEhWxtaCMhLBQWsotjSkfBgiQAkLGhGAc2JAQK0sggCZRYiUUCSI0Wkp0CBEbgFJGJQUKoOarSWCYtSTKJJIxEYtsyFgY5TCIJkyiEwACJcQCWhRyQCCOBEcZCGWCAQMaZSEYB2EaAbRkkGzAICyUiUMtEEbIJIhNsBwAWGCPZSBZIYRuBMxXYyCAJYxmBAIexhEUmYSEnisCyjRCABc60ARmTNkKWw2QSVZG0QCWiL8XOlpmtIWUSrQmhGmFDiXBmNhc5FZLItLOUUqI3KAnJRSS1FLfmlqIUBUgIqwCIWhinbK2BIEqISKfDgJvBSlKNNFGFotp4mposV5GUUJoIQUCOLcPymA0UMZ8VpLSd2RSKkEmkqeyeveeaa6+/78KlRz3i4bc/7enX3XB9dLM2rqIEyDZSyHYTSjIsI4xANsW2bJAxCJyyMwKLFJEGkGwrUwobm5BM4gAsCdIGBCALo2i2kAwBaRljwACS7cCJwIrARsgGGRAG2RjZyEZKHBJIwhY2CAt3JcZpOnHttevV4Wd8+uc95XFP+e4f+P6dE8cOL12oXd88FEpzWoRt0gC0bAIkSgjhbG4owoTsAECyDZSQkSQIbJEQJjMFMCVBKLAzUaSRDTQnCoXUJEzIE9gmp6JCKKRpHCOk0OQkWypmFQUluiQTpjZJZOZEC9Wulqk1UgGZDaIoCDdnkRTRR2TpkI2EJaXTIFEURKAps0VUCWcaS2TacmuoJIkiIopshZwEpKyQHbJAArcEhE1IaSwjwthpZAhJqQhSjpRDSlkStm2QlEI2YAG2UVgmnVIYCWFbCCNsF5RpIkRmSsakAISVWIBtZGxRpJSb0whSQqVUHB6noohgaulsEQUXaCmKCjaSGpSWGUbIU44GIoRaa0CUCi0TeVQpCcqWqm0apjZ1tctmglBIrY/ewqQopTCN09jGrpt1JdIENGdElQxhFKoqOFva6YmISNt2hDAGGYQKbmlwswlobZxalloVUmqcUrRQqCgB5JZpSyFnhFujFFDntFAUTVNGKByESCtcojiV2ZCkkBtQSgVFpqJE2KnMCZciGm6tBRFRrChIyJrcSAlQkk63dCNLFIXJokCRmeupKVyKbFARGAglqJTIRIBbNjKj1nQDBcpMEWbCWboqY2U4LOfUFE4yCKkgQs7WklZqh21nZnO6YUV2tXMaFFLpaidFggIBQRAtE/DUckosCEIgpFoUJRQFYQyuhI1NiVAEilIiSkFISEHGMI2tjRiURVEjoE1tshNFS0/DgBMUCpWIUmspUtg5DoMiJARSRBQRU5smTzKSjFp6zGk9jmmmqTW3rqjvSi2BQLJEUoxcMlumU55aI6QarWXpokQXwkU1ehkU6Qmg5TAO69W6TdNkyGZpPQ5Hh4froY3jKEWUMJg0tpXNglr7blYBOUoUWWkBAsmtjTKGaUq3qWVmpo1BERAloiiMsGspXdeFJCyFIkotpZaIUFHLcb1etWkIVRUsCEpHREHCilKKSl9KFyVtUKlhKVu6tZYpEUQm2BEq1L6UvpTadSUUEYFaWpFJ2kYGyTYgbBE0G9NkG9myIaCIBLCEJQtZIISbsULGYIGRwHKQkoFmm8SIBKxQhDICZBPCQjYYI4xkoZQBIoywVWUCS8hpg6A5IWstpUQtRfbY2timsTmzuYElwFIIZLtZKiBFiSiqpUaEIEqhSCaIkJxkZssMVaSiqDVsnC2EQqVEVaQTCAXCTinGNrVMqQhl2ulpmoQwBGAF4MwRG4Fx2tiYTJOJW5pEWRwYAMlSsUHGoMCgRLZIY6eNsbhCyCLSgA04ja1ExpJlBCmK09jIEJh0CiTbSpsIyUIhg20lKMI2FrZlYwiEhME4DKRBJoxsbAWBbYNsYRRYBRBYNoDBJQIpJIUJoQjZFlYKFSEAg4yNJBsbSWDJCGNh2TJBWhgIwAIR4ABZIoAUto0VAjkRtpFMgEQmVqKUnGDLshzCqcRGCmFwSLLcsiUGoSgRpYYUBikxbcrMlCSpGeGIaGSmhUsJUCNTMkEQUqlVpaYkFBGSxmlMINSmaRjXwzjazelsTmeEutKDEBFFEQLbbpPTpHEWSSWCAI3T0FrLtALSsjKdyqaUseWWOVkSThJLIRHUvtu9cO+cuO2pT3urN3rTe+66++DwYhQ1J3IUGSzZkbZE2jay0yC7SRYAIcA2MiHbQCQOjORG4gjCKQW4WQgZWZCyQCBhwJaxJJEGEpDBAmQBmUBKCIC0AZHYWIEMNgJkSQoZE9gS2ACSkLGlNiZOcjq+efya06e+5wd/4BVf+eWBzWMn2zSW2iOQhCw5s3azrqu161SKBNlam9Jpgy2p2aESilqi1lJqtUJyUSCELEWUrvYlSimBMqccp6m1qbUpEdDXWmofqKhEKUWFoDmdRhi3bLSG1M97lZhahohSaomW0zhOU46eJpNgTEiBSKctVCKilr50tVRJmpxTk4pEc0bYtu1aajpbtmmcWmvNDbdSFFFkD6t1ZpZaFIEkglBmZmZOzYYQkNM0tYkQ2GqTm5wGG8Bp3GwL20rbKBRCGMsytiyETMoirRSSU2myWQqBJQvJFpYoxiKItJCFJBBhSUWC5hBKIGQBAocwCpxCJoxtEcUI5EwgajFRkCEboSxRJHBaUYi0m21bXaAwSCGF7QAJiWwtnUSUKJJQkOk2peVMpIhoLZ3NrblNRmN6ai2NhIRKdN1cUkuEUHRdV6JYymxkEznRjCQwsjKtNDkBIaXTtt1sB4QK2JKidLUrpUSoFBWVloAyjRUmatRaAmUaR9fVEEVESNBaMykpSg0FESJaNuRSi0DYAiGwjZHAWJYlecpsrdVSKMpMC9OSyU1WptNOm6mNhdLVThLKUIlSgjBGlChRSldrqZFOpUuRMp2JZSdIimaLcMNgZctpahM5EdGVagUOaoRktWma2tgsJHJs2RJJqmk3e5yyiVIKWM7WbFrimjkZ2USI5pRFKMjWQFYGkW6gULTMkIkiIQnLspOGi20sK3OC4kThQqQziFJll8wmRYQsi7BLsWQDaSNjxjaVCDlTChWRRlIgCGWmFKXIyTgZMdkqwomi63tRIMkMhUqRZTUsnNgKIeF0IBQhKSQ8NUnNnnKkTZpCtYRkXGsnGNrYnLV2UULCaBqncZyiRO3kFlh2KlFfnW7TZBwKhYdhmoZ17XoL2WlZ6YhpnNzSpQhFSKWTEdEiAgupWFFN0rDkBJEGIVFLyWyKAHDatJbYXS+JbImUUCLCqBThNOBGykzTiFQUllIuRNq4OVOKUop6TW0KkZbBJArLpAMSK3HINimHQ2BhKSwATGBQ2hIBJiCxEMZYCAdhJVCQMRbYslCQQlkQwkmiCNJpAoyMg3SEjUCSDTaSnU4DZMrIQbMKmQKXiGytRQjZmlorCsLZjAEZCyUGhzQJZyIBykyICGdGUctGICubIzJKTWfLdFiOzIQEWQ6FUTbhoMi2nQoIptZkVMo0tUyL1loLhUrYmXaICNmScdBairRlQyDLpRTcHJhxmjLb2ulqJTZX2K0ojBUgEE4FFnK0dAnZRmBCBmGskI0MCMASICcIASnLAllgACzCbkIOgTEg2QICG8gMKW2QjbjMgMAgCyzJICHblkgQCCNkDKlCGpBtQMZCmZawMy1F2glgwIZA2CDJaUI8k3DaVog0grQUaQQSCEgprHTaQjYIYZBkwFhWQkhgIK2wLBPCCASSUBhArbnUxIoS2CkLSi3jamw407VGVVVRTi3TSDm1KBFgpAjcZGG7JUREpsnWIpQJTsyULkqLkGQsnE0BVpumbKDouhlOUKkBYLAzm0LItRRsFCVIiBAZJkutdmvZSqhE35wy2TKiOLN0BUJonBptAkIhFYnWRk82oVCk6mzj4ODc9vaJn/7lX/jEj/24L/uqr5zG8cSJk605JwhoAoci7RCWQbITh0gsCVIoLWQZiwBSRMrYKhI2oOCykMFGOEk5ANIOQQICYzskG2FnEmGbDAlLIjEgEymHLGwCYwMCsIWN0iBQBrIxhEhblkIYQigkHa4O5tub120s/uxP/mLnxM6F+85u7Bw72t+LCEXBTDkKCbfJmS0iEoB0C4eMBEK2KcJOCJwOk6K1CQSAp2mKiJBQRFFEWhHCaWfaBteua2iaJkishpUpSSqFyHQLivBo4yhEBHaDANttRAURIIQicpyghYoR4RLFTDk1EnWlgMGAsRySQqGS2UhjSilTc2aLUFFM2RQBTMMYEYoStLQUxWDTsjE5ujJ6KhQlFEXKdjOCqAGEZIUwtoWMZDC2BSagobAdIoUSZFlG2AiRQcEkCBwmsULOIEwWnA5IECKxQdiBTCoiDMjYxgYypUgTShQAGdCwQwBuVmcnzqSUoBK2QcYioCUhN9yySKUEKNMqkiWFICEQLdOJXEq1HQrsZpeIEuFMakm3UAEsSI3j2hTVKKUEkW42drYxowinM9NJxDQmoAiICJssEQThIIJMjMNOOyFco3TR2wZU5EQiFSpZULOztVo6S24pNDllz+Z1mlKWRTgcyKHmzBRyGLvU0tJpwggBoCiaplQYxXocZUepSJjMDElRIm2lbCOgBKhkkmQJujqPkKGWrk3NOaGCJOhqF6FpzCBrV1VKc2vDlNmyZUtXhwulRkdnMqTEskIdAix7miZwRJDGRFSp2cJu2ZAd4GhtnIZRqNaa2Voquhol0rQppQw3y5YQEpZxplt2XVeqSpTW0oQkMJgopYSNk3FqbpSIKOEERJFKKeHMSRailGK19JSAcKab2tBaNrKFUHG6OScy7MzWsjUbRShIXKPMZxuBRBQFtpOUa1dqLV1ERNRSZbfmEmRrDWrtFLScnChtN0MJYacT225uLiWyYQhQM2mbtEkTllHiTNm1RK1BMqWjxGw229habGxsCAGtDeOYJj05pwzJOWVrJLiphALSCpWK0zhL6bu+K6XWGqUWGSwHslFpTtJuyeTMdENYwpmttXEYx3HMlJ2tpe1Z7fu+m3U9EJQI2SmwSTS1NgzjNAzTOGXLkECyESohBCbTyECkwHIpxVZro7OZAKqVEgiQgJSECAS4YNkpQICRwBJOEAGyBGFkSyaRhQhnJCLDssEI2xIYY4MkCSfC4QSHI2QFdiAhY6eFbICCAFuICIEERSoRlCACMogoAqacnBi6El0pXd+VqIBNswMZSUhyqJQqJEWbHESgqKEgLZySRdYoKqEAcEMILBsrMZkyUqm1llJqqaWroCjquq7UWkvp+q6rpSt9LcV2qJRKVGUSoVIqwjYmSoTITNnGJrta512nxM5CQ6QJYSEDwpIQGDVbGQInFgiE5UyB5AyDZIEIyWRaspTgUCLZAiMjp8BGgQRgbCQgAEAIpAQk5CIDkgEbIQIZsIzJJI1kS7KxbBljZDABiMvkAIFky7YUJgtIwrJB2CYRspNAtp1CMiBHCIcCQlLiANlWKmXIBEdIsoJAJEhKg0EGEMJYAiEyUkgJIBApEtsg2063LBEytp3OybhEFOyuRiDLmakSEQGOiCAIl1IUkE4S1Jxgg4QIN5cobWrTNKZbYjem1sABQqBaQoHtElFKqSW6WhWBsZmmTNJWEIBFkpZCIZVSQQg7aempNURXatTi9HoYWpvcGmAMjogqKdxybDkSYTBZJJWQXWq/d7B7tD780q/8ip/8iR9arVd33XGnuipZdqMhW5ZkcMpYFoqUJdkAKVsGLMkYgzEmJHBawtg2QjYJQkgSGNkBBskKCRR2hjEGKEqZMCRgGyGwUUqRLkbCwmqgxMgykmxSgAEhABtJDhskuTWayaaq1WrZxumWhz10f3d/Z/v44eFyY/s4tpsjVKOEwq21HFtmy4YzImpXa5RaQiFDjRLhaRyHcRjHqbU2ZXNCKiLSGJAycxjHcRwlQqWqpBXIToQzcz3gnNrUmhWqfdd1syhBkoYik25uauCiip0opCgFRWbaloAESkTpqyWEAqczW6ZstbRwRJBJukg4ANltak4jKGE7Qjhba8M4dl033+i7rkNMmfbUjCKilKCUWkIo8JRVnUKRSqESFpKNsxkUhMEKEyEjLECmSghSCjtl0gogEJISJWkhKdLZhAVKEpBIFMg2VkQASpCFEchgECHAbk6QJTCEDBFGIZwkWA7AEQCk7BQh4WmigZEgQsIURSgCbE+ZU3Om7QwHUoniBAtIMlsLVVlRSxdFiiI5GwZQRESniAQZgr6bUQIjGylKpwiQcWutZZNKqVWKosDO1qZxCKmo2JnOtN3SYAgkUEgmM1tmklFoZGYau43TOIXU1Zj1s35eo9AymzOUiGlMZ6Yz06nmbCVKrQGycBNGkoQzx5wMzgwJUBCEndgGg5ylqNQSimxpXFQEEYTUjBNEiSKVCE2ekMlGm1rmNE0StRTJ4zgM6+XUWptaZnN6miYrur5bzBddV0Tm1NIWqIQkFUWgAAVgGTRObRrGqSWm1j5CoDSA0+Mw2u4iJClCiCLIbE2pGgVUa1cUJZ2ybTmTQAgnlp1SSHaSuERxZgJQI4ydOU0NgyTJU1OUKQ2BLAJIk2OCAkkkk0LTmGR2XbVr0FJBBUVfq0pIwpApy5HQ2jgllqLWirOIdISkjgJAgy7cbJVahJ0ewYBSktXaOEl97SKk1JRuOeaYhNxoNCVRg1KkQLKTiGG9DkWpHUoSFUqSNm4YSzZS1BoKYU9trFEUNSQ7TEaESi3gLpSZmVGjTVmqUTVpi7SigDIbWHbYSLYbLqHWptasIlLgCDlB2RpdRDMTKVColi5bEzIqUroFcgmno5Y0ZCpK2FOO2TKCQJZUxJil1iKMSFuWIiQsOYxTJrEtwrZCToPABjUCUmnLiLSLMAIwsg1gHFKCJRlhG0k2DsJKSSQQTjsKWLYBITszEIBBBoEsK41QyDgEaYeAEgIkAFLGSYYVRKLmSVOR05DZbDUBYmwqJaRxGiEiHCHbMiGwgRBRREhEpiNxBDLCLmnL6ruaGIOVLVs2LIVkEZKNRSJbCorUAhEhbESC3WwQUWTjzBCYzFSo60pmyynTqqrAkJMyopcVii5KOCqmlDAmcSGAxCHZuIQyQ9iEMMZIMhZgG5CwkGXbCJnEIVkOMJYCYyGHlYEMGOMgUGJkQ1gIYTtQAykFkrHUIAhhjBA2sg1EkoETSwAgBICdSLIVctpIJEiJA1nIYKwAh5CUFhYqISMsIo2U2IFsjAGHyTBYyHIkVggbI0GSWMJGIWwL2WAZS+mUw5JkTICxkSMtsHASwipFkHJOqYhS6zCsM6dSqiKcmUlfY3LKtjOiItrkaVqXUqOEW0aRbGeYRpoQCDKdEdF1nRSyh2maMqsiigRJhORomYYpM0vBok0TSFJB6QYiCMvIVuZE5qQIQ7FlNac8tkl2qZ1qibEJhZTO1ohAeMysUbONLVMqJQInILBTzfPSD+PQFG/1Nu/8jFtf6aEPfuQ9t91+/c0PsidSBoMwssBZJGPbWAC2sKMUWrOMZAhhmUwIFKQdEhhEGCyTEiYQGAuZlESThBSRRjZYGEsBNkYIYyywUAsLZEwosB0iEwnbEgIFaZAlMoVQWJYNpSstiYA0UstcLdc3PuRhd976tK2trWc8/Yk3PfiRy4NLbZq6vh9yJCCjFoLaPKUzpMSKcEsFiGwoVKPYloXTuJSiUkpikzhCESWbp6mFogSBW2bLCav2dZqa2xRRJEopGGRZlhUBZJYUTkeRAAC3bKhEqM57QJDGmc0TQri1VktRiamlJImuKxEFN0tRsIUF2ZzYLTOdtQbIuHb91EZSmc3NUkhRIookoSjTNDkcDREIFTAGsNIJtYbcgUWAM1KAU2AjgRUwxRQOA+mUBRI2YGxLEqAAyzZICcJClkTDkSAsC2wgMIlCNoSwAWwbQnIQTiwLY9sRyHagESMDGHBmWoQiZWWEEgulpUAJSTodoUC2BSFPTThLrbYtoka2hlRnndLpVEYiFWVLjAWFkDKNswhAKhGElJmZJicEck5GSCoRCoEIZctSi52KSJoQCmUaGklSqyTUhCi1GNLQNNkhXHDKqRIygEoop5ZjStjGlKLWWoRKLa15XE9g9yqlSIpQkhBuWRRWRoSBSa1NRl0p05RWiyiilIKbM5us1jKEakmnS4QBQk5nZDgs1LKRbmSgqKWnNOPEkjCo1L7rusQhyVFDBozCppbItLMlocwEnGE3pMwWihKl2SVCCjLtTAuKaCFJkZloiuhKrWHsTOhLZMoQ0aZUSEFImIYIYztDRWLKtNs0pUkhgewES5mT0ZjNTkXIYUkIG8JQS9SINCizTcIKlYhEiIiIiBAKJUYpImqUCJxRKnY2N08GVSEwQxud1FoyW8ucmsl0a9mmqU3DOCjTTjuLSkRYqVAUhQKnBKpFIQlrykkCCnZR1BqViBogO3Nq4bQjp7YehtambG1Yj4lLRFEVGqcGbpnpls40IkoorImWmS4RymmcbAU0p92ajWmZiEwnSTqTtHNqbs2ZLWmZRBAqCqWcliJNIaKodFUqUaK1htQyS4QzAUItWzoxoRinht3cZKIUEQKk5uY0jdamnBqBbaUREIaE5uZGBKFQSAEgJwI3WoMoSIHstEIIGUAAThWwwTYytgTCQoaQw0AjQYCNhQ0ywkiWFDScAoQtE5LBApGWAKO0ZSMJLCNbSp5lygaYzHSbMltKAidCJopURKk1ooRkhUY3oNau1hqlWMZKYZPpaRoVRRFOZ2bLNLIzmz3hlmlPOU5TTqOnKU0iRYRKUZCZLZ3OMVubbGSTTgUCwNDGzLG11iSVUkmTxgKlcxybJ0uyiRq1dhZJdhHgsXkax9ZGQ7YJaJk4IiJaOJHBYKQ0hpQTOwAhk5YwYAIZ25Ztg7MYC1lWlkSyjG1bdkEWEIAJKZUGW1gGJTKGSBOAScuJwWGEjW2MwUIBCheBEWFZQBhI2VgyDTktI1nImDB2Csu2AAOAsWSUJm2nASwUFoBlIwBkQoYMrpBsy8ZgMAhAlnCCBEYgQxgpLBvLQCAbEHJgIO0IqxQhY6EoISmZEKV2s1mvEhGlhqaWmbmexogiqU3TOE4t3VpzOmq0McexNTekNGBF2Jr1XSnRptbGYcqxluhrVcj25IQGQJSiUkpE2MZWSKESYSTJkJMtDFJKBUFLAiPblChRBC1xupYotStdVSlOhYgoGBm17KLU2nW1RK2ldM3ptEslok1jONowro4u3HzDQ4bV6sy1p+6+/VZDKUVGQDqntHFkYkAILAAj3CaHJMBhJ6QtCZu0JCwZpW2DkQhAMmCEZQgjC2wAYbAIWYATEqfAKAMsQI6UbcsgbAkSCRtsLrOFnEkmyNg2IGE1N5QtmxFuEYhcHh3e8uCHo/qghzzqb//yzze3jkVXhmEogaJEkKhlSydJIkNmCqaptZaKKFFFqVGi66gF1PA0NZRI4IioNaKAnW0yaRNFpVTVSDtK7UoNGbBpmc1pQZSQaonZrHS1IkQgIYFKFEVISmF7ysyWFukkhWjTOIzj0BJQlFpqKR3YhIJsOG1aSEVC1Fq6roZqlFKjyPSlr7VMrbXMtEGlBDitaZoym63MzGlqrRUKVstmpTNyHHNq69UaKApAxmALbAxIJBYktowQkrElC7BDWLZQs40sJAcGJILECoHSwoABCZQSpBGZstIYUJAmmp2BIS1Csm0bDESkDQiTcqYkwl2J2pVSupBzymk9tja5JZab01IUpGzZ0lFDNQzpxIAVJQiMhe02TSHa2MY2pslMmjxlOtM4AkUpZHrKtHAIyWATJWqtdiJFBMZOk5ngUMoWlCAUJUQXBZyNbG4YiCglIkCROMc2YqZsyIooKi3bNE1Ta6mGZTtqKVFKF9myjU241ogawtka0FprrbXMzJZOkEyE1MlG6ZZtahMqRREdtpM2pW1qDYoyM9ukZuNsrU22nSQ42ySp1CJkA5IirCnHcRjHcYqIvnaSSoQIOaXSJq/Wq+UwTOPQnJKiYNzcWmYUohYFEYWiTBdRIqKIKNg5NWcLhJwYaT6blSJQOtMtFEYhSkSzhQWRk5er9ZStuQlKRLqNrYVqqV0/6yJkQETtAkLRTI4DVokCqaKi4iDTSbbWsBUS2LSwsSSgIIi0M12KkLJZlgOpSMpEwsJpHAKSrlSCWT+LoGWDCCOEQOmItI2FBKSnth6nqY3ZcmqNqU1hOaII0Nja5AaBXGrU2ilAUeddiWLhTAJDm8ZhHEuEahAItWkahql5RHS1oqJAiq72EYzTlCnVCEdit2y2IpAN2cxkp6cpp6mVkII2tjSAFFEKQkKiBCCAMALU1W4x6xA43BoIVGvtq0opaUsx2ZnpTLCNUClhhVQAKSRZRICJIGrpaokSU0uDaRC4tZatNbIQwk7ZgLNNEwqEFYowObZ0BpIgcSqFQpICZAthOYRDBsIiDDKkLISQnE4M2GkwhrAbFiBJCIEwSBIgkRJYEDgEErilMZmAZaDZ4IiaARElouuqQs0jVpGwQwAmMx1IEaA+qkNg45BD0bIFgAiX2mW2nJpbZrZSJDmCqBEKydgk6VaqQh7HqbVGUmQntVRBROlKqFgkmDS2bRIblCrqSldq2JmOJJ1pZ621m1eJ1hIDIVIhRUQoSgSUWkoJQekqoHRmsxI1KR0CECk5wKQkydiALAGWCGOTYCyhlJQgQIZoMiAsQjI2SIgEhbBEyCAjGTuc2CKRTFqIlCQjIWwgBLJNphPsTMCAsVKQGMsIYTm4TDKyQMKSFBikMFiKQEI2JiQIIQRIzhSglBEWIFskIGNh0khAQUI2MmCQQWEgLTAYLJQoCDlluSWIksa0EMJpLFBIqTCWIkrUqF3tAsZxDKtESIEpiq4WSU4T6vt+1ndd15WuyKjQ1QpkpkRIxpCZQCikKCIMzkzLBjNloqzC1tSamxVRotRaMdkaArJN0zSN4zi11lpLIUlR5MyWTWjWdaVGLbXrqyRnFqkoWiYQChsV1a5kUSoiIhTOCVxLUJSt2coIQgnKsr97zqG7777nTd/4De69446j/f3Zom9taq313QyBU5KEJYSCCIFQyAIhCAKLMEh2yDJhS0hYBjCgIDEgHEYkBmy5YYdCYJwSWICKAlAqDAGWhYgQBEqDsSNAEiiMkLCVgSQhA0JCDTAZTuGwmxAApUasVkc33HJjt7F42Zd/xZ/4iR9dLLb6frGeso1jRHRRJCKUsjOVKQlM2rhla9lEU6kyshSRmZ4mRZFcSiE0NRMqtXazPi3ITEcpXe36qCGk6EqttQshFFaUEuBkmqbM5mxSmaZpatM0Tm0aW8s2jG5Wc4LJ5pbpIErFitr1XdeHrSiQxplTa9nalLYhSWdO09Sc2LYjIoTBtgM7p9Zq6fquKkKhcRqNUbY2RSlkOjQZYPJoOQgcilRXAEWRyeAyyZKcwgqDcYZtBJJlwlihMJEChFMGQ1hyytgyYGGwDHbSwAFO0mChCCNJRiE5IABMWEYiFSJkG0sWgKSAsAFFEKjrbJxqLcdhzGxpSi0KpdMoQl2tpURRFMLO1iY3O2U5p8lOKSQRxrJpRkRrdrYgSingdGuy8ZSTh2maxmE9jdPU2thaOluRaokaBUlIES3bOE2Q09TkDGdmazm1lq1Nwzi0aaIUoEiSUNhO0aa2Wq6Wy6XTadfSJXZOEuDWGnaUWkpXay1dKV2PGYZpGFrpKgojRfS1hgq2caml9rUr0Wzbxkl6ymypKKUrcnRd6UoB55jjME3NYEQoBBgiLIMooXCJUosURYoiTdnAtm3SKFyotatRqskpp2FcuzUEZhzHqDHrZ7UWlRIIERRZNaIWjeOYwyii1pDpaqcgM1tmFEUpSCGIsJVTa9O0Wg9TyzaNapLVlRqKhLTJRE5nRGg+m3VFJNkaoq99jarArbk1WYggnBk1VBQWoZBNBgESGSaQLMkSAMK2JgUCqSi6EAngTKvU6GqoKLBbBoI0iIhwSJMNas1Tywi5RAh7TBucmUlM4xRSrVUljJAiqoAIWyFqDQdA1Ci1FDkcKgFka1Mbp6Gt18tpGKdsOTZFiVKAKLXvaz/rJWGiqyUiikpULGMCiIiQMtNka86i0tUaFpJC2C0znSEsCJBDtCnblLaxQyiQDYCqSqLMRgqKZInWxikNSGkUQiEkWxDYJVRlppRkyzZCoVIiSgVsmywglVoi7UCKartIdmZzy8k4FFWKsEwaNwtkY9IAIEkKIEzaNgpLqAljywiFLIliAUik1eywLVsWtsJYUiDJQQAgbBQGJ7ZlhC0QaUDYyAJjsEyQCIUkBEhCAAoQzrBJIAOV6EQpEshiamk35MxsWBJyYlpmmmSacpoaNglYEqQkRVBKKdUojSe7WZVaa40uailR3FqagiQpaK0RbplgZGO3NEiKUm0MdspAkBgEglKJUqIrCtmWw7Jw1BpFaRVcFCaiFpVqIiRDTgaSIpyJVIxwCkAolRgJwLIk2QJbsoUIERZkOiyMTQJGBmGwhWyJMLZtDBgL0oqwgJTAwghJAkIWyBhIgyEMQAoJgcEACgxYgSwJhJCMAISstLEFskKYFLYtEOkE20VIxiIlDGCHhBGyZQCRYMlSgpBcJDBKkbIDIxxYOG3JAjAQkrEFTTaAVYQUTRAKBRARCCREyJJsZ8tsCUYoijPTbp4so+jrvEZYLhGhkGRnGxstMwF1oVKKndPYBLXrpmzjNNBsZ7bMlmlnDhYilG6TR7tNkzMJJCGEai0KpS1q7buu64uKMChpQTGSwzZ2ZjNkZgigpW23TKcjpCAkELZt5ySSUImAnMZxGIcABYEgmxO5dvXw0nm36ed/6Vc/9VM+5dLu7rn7zm5sbPaz2dFqLZCx07KEkA0IERK2sSXAAIlxhBMBzeAGkoUwJDYhYWEZcJEEwiHA2AgjJwpLkGBBSYNsMAbRJAySwQoTVoJkZBssh4UBCYFsMrCsAAGWZElEuiFUNI3D9Tfc0PXzt3/7d/rhH/uxbrHou3lr0zhOtu20KSUiwhEtm0TtaymhQJJRy8lOwM42jWObxnHMtNNtmqapKQkQCCuEyHSbcnJLY7eG3JoRoQY5tXQiQNmwM7CiyBhHkUC1ELKoUqgGQCIwNRRFdqbtzExna7aRI0IKFRVCEaWUUFUJRSjCKFtrmaSzJRBBWmRiK5mac2qhCAVGVt/XUkJEQAkiJAUoZEmgKRNwOpSyiinGia3IKCGFcKBwIOEMUKIAgSWAIBFgbJARGMtYUiCwJEK2UokxCNsyIIzBgBFEJIAFIGMkp6SCagC2MTjtdGa2TGebWraMoHZdiRpBBJlkGmfpSt93JcqUk0lnSiGQFHImVtoZAuGcQDUKcpRSu77UWkvpShclShTL2DVKRIBa2nYzdpqpTY0kIC2hzGh2lFprV0uR0nZit9bSmbIhXSIKIujni82NzVq6KCUzaZY1jGm7lKi1m9zSzURmuo2Sulqq5GymZWtpp1GEFeM42Ckroat97Soim1o6W8opwjbIdqL0WEoUIQt7yrQzpCjhtFsLK6ITtCa3ZmEpkDOFQhY2ysxsTSBUQjVKay2nJCJKCYIgFLKb083GRFhqk1POIHNqzULjuJ7SzZahOZ3YFtkyAClqzGZd7WoplaB2fXO21gKbBNGQFGnbRhE1opRQZJusbFObmg2IQA23HKdxHIcx7SjFCltT5pRjJgBV6eZkmpyZToQigHTLaWxtyvU4tampRICMrVAoIkpJrKhTm4QoVREhFck4W2bSKdKamo0JGTKzRDhxipbgUqIIRRSpKyq1pNVatqllOlszAoMFipCKImqtoSI5KmGUaYxdSulqXyjGAkNrrbXWplEOtxQEMhZE14Hs1myFIzFudqSKw1jITkkRRaWkDapRohSbYRqmcQARhCSY2jS2IVQAG6cBrK4WFdHaMA7jlGOOqUwztZxIJ6GICIVCIi0MTqaWZGKctm0kYRSEFKWUUmpkYjkRpA3YgdOJQWCQkW0ckAgC4YawinFCQxZGNmkZAWkhBTYIbNvCELJTsgMkHEoEtrACFVmASKSQMIAAFMWAQOmCjSSwLTAAdsPk1FpLOxOas3mClnZijORaSkSJUgJkj+M4DeM0Dm1sYxtDEijCgUWbmlMWFiKtlA0Y0tnGTNJBKWGcdshRChEqpdQuHDiHcRrWY5ts3Ow2NXuKiBJCYTuAEHJz2unMIKJEEFiZzSaNcKad09g8ZWIwyhZpuwkUCYRMKAI7ZUlcZtlCAZJsISttJCFs2aQtC5AMNpIQQCAEGMk2NjQhyZKwJWEJg1JIssCSnJZtIckCWykLEFikJWEJIUGIJNMAYduybew0lpscGMshHBJGZBqLK4yR5AZOG9sgNUvYIOwMYRRgTBKSjHCAZAcYAosEZAIIREIIIwcIcBpZxgiELDIxGNlOO4GoBdIGEoNVai01LJxOY6flaZralNhkjjk6wqZlIoOc2WhEKGRBVExrbRwn7Da1GrVEJM7WDGCFSullCyJKCYVkDIoSTqcNSKWU4iQ9emohl1IUBbBBFo5CiYI0Zk5jTq2NwzjmKGycdrbmTFkGpxMVSVHTxS0zhYRi3nXGbZwMObVAxmObSldWq6UYP+8Lv/Cnf+rHlweHtz/j1tLVruuJUAlJINsYYwyQpAOllLblQJJCThPCIGwVZGEbIGzZCWAAXNKAkcDCGBkBko0TsLCcMgIhMBKyDWARKMEQlpEcYSwrMQIZLBuBCOMEhMBKYxssy3bC0dHyzPXXLraOveu7vOs3fss3bGxubmwdx7RsigJqUxoyHSpYtrNBc0QQIbu1XA9Dy6nvZrUUg50AVi0iaJnrMTMzUyUqbradQE7pEBLjNOKsodLVWkpiyZBEVSiKmpFUSldK2Nh2ZqahlVpL7RCTLcLNlhTKacSWhHE6IrCz5ZgpYTApQkGRJDIdpaRpzq5EgrPZlBIURSAFYhpGQLINKEKWUSjUMp0mOoWQwhMQOI1xcyAoxgilsS0Zpw22ojklySELGWQjgQxCsoWxhJEdTqUsAykJOwSgxGDSRhBymMDGCUbIQtEkSEXJtCGFIG0wIUUpRSgUJUrUkmnbUoBkRQhyalM2G5WudrVGhJBCquGWJkIgKSRIp6JEDSJKqYHaNLZxTFtBlJK4ECGplFoiFBnOzNamCNkogkKzyQxF7YoUOQ61lFpKqX3fdbUUoLkhcmpWStgiE5KQo4WERKBaSpEUU7apTW0Y2zjRnNkyE6OqKAoVpxXR2jRO0zRNOEuUaRjXw7BerYdhyCGHaZQSskSoBBKSnTYBpXRRIlQwmZnZ2mQJmZBsZ0vcnNlyaq0FyC6lligmV8MwNUJ0tSAlactgsGVskS2TFCEbQYoA8NSyZa1lXvu+m7XEJKK1dGbXVcGUmc2IEElrU1oOJCubkSOitUlIkqJEVAOQqGZmlJrZwKXU1prtkJpdihThyQQBVoezFKlg20w5AS61RESmsWqpmY4goU2jFJJq7ZKcpilFSAoyKaWQLfEwDM6mKFFKLbFajdGp1EIi0ZxCIcZp7GoBhETQjBSm1MgkJBOks2FnFJFMUO0aGtOZtJwiQqhlFkpiDCgEUbM5oijUcOYklVQySmFbKjXbRDZFcbhl2g1KKdFoHtM4HBHYYSPkwA1JCkYyQpm2CYVpYdWuumXzlKPTqQhF2IlL2jZgZbgkNhZkTqgqwa1lOhQhFAFkNojAmVlLoOLMKadAJcKEHOlm7KYiObNlpoSQa4hIpTJCmQgrusDGnhKAAAmDig0yVoQzhewMFeTmDIWRldgCB4kEAcZYyJkqUgIJYUsBDmdKQWuEhITBQNpCkpROGdkuoZTdDDJWYgAJS1I4kQFsAbX2RYEwQpKdFs4SpSVgA8bplEElCgLX0glTanEqUGtjmFoKyJk4bLs5oigkhZ2ZVgvTAoeKA5uQMifsvlaXOo1TyM5mq5RigHRzYkORVMLOzJRVSlik5Rw9GlNqVUipJFsjc0IRYQQgy8ihUAFEAQAhMlBiErAFQg2HZRkEslCmkZEAiUSSZeMwNkBAaygABIkEJEVpQpgUSguQMpEMYIFJKRCykwyFwzZgQwCEjAmDsEKZCSLAShBgkAiRqYBEODFSkiJsCwFGwhJpixK42RJAGkNBiLTAxlgCCAxKjJDdjEBgBFIaycWkQNgIoQSEBUZCICsxohjAGCkwWNkaRMgJNSKTqU1hJGwEmRZKZ9/XTJIMIluTZMAy2WxJFCLDTtMckhTFU0uZKCVKoWGUdoSkEmKYQC7CEcKKEMIEtPTYphqhUmoJRThtjBwWJQISEkgiFBHYkCbS0DLlolKKkkwRBtsijAHkNo3ZFAERNVDBmdnMGCErMbVEUEvE/qVLfT9/y7d8u/vuueumBz/kjqffesstD5oyp9aiRmvNCGxjGVuQWBJImBRgUgAYJGFjMAgJpxROwqSEHTImEcYoAAEooGEh2QhhB9gmkCW5JRI2wqQQti0DQukMBzJhEiRkEJCZBBA4UwgJ21aQlgkpk3EYTp0+ec9964/4kI+8cP7ip3/Kp0Xo6Oigi5AdpSBqBCFSgZtcSsEEbbJIalfCkSailiKBbbAoTmcbp5aBFC1mfTaXmqhEROCoJVtUNefUUAmcwolQKXIaFXAoInC2ZgkCGpbdcCGcRgLTbHlqCrV0tqnrOmNZU2uSjEsJJ1MbhYKMKE1Tw6VEpFOSlLYypzaBpK5EcdrhouJi2VKhME1tGq3iKOEEUnambXO/LBFSsyWTIRFBOmUkMoVShGUsZJxCFjJOIScUKQySbaNwOgjSClkCK8AWGAOFyMApjHGAsJAD7MApsAuy1HDITSYxiSWEW0siJUWEUGvZ2qRSrMwEolQp1abMaZIcTVbUUDPCToPsFMpMmbSFjAE7h6l1NVSCFJIzp5ycdqc2IUMEagKL4giFg1npmj2sjpBqqWTUoqjzVIpwtpZZoyQqQshddFGaoKVRtiaIiKmNRYWQmx3FaRvhvussCcuRLZsdRERpbYIIiVJIEgL6WTeshhqFrmJP00hiOUpxgp05qUa4SmFnOsMFRfNkUwolymRHMyEUmemGQgqVWpxCQiJcJChRbAWZQFEYKwpOK4SFp2mqlKidhVB0slOSgxql1OJ0yybZJlGtNUI2Y2Ybh4hSa2fLhnBBxjYmWyNk2yFU5UbLBqhYqVprCRimNrXWd45SSsimiFBkWgFOA9i4qAhP4LSKIkIQqSRtSxAQRSZKKREYSQSlgCNqxcZka8M4yUQnVKZkVlLR1a6Pgu10s1VKOEm7RESEiDq3m5JGy4gig2lO20VKyTS7SBEyIQsURAYCjBEK2phja12tMs5UqE0mhIhabEhHibFlCewQlG5mHNJ8XqapWU6n00JRiuxM5DSihLPVKiiZLZxBtbK1Zqg1hrEVIiKytWnKUktRAEk0W1iWSpQSKKQcpilU60zDlGq2m4UyRXVzy0R0tdjYGIMVeLSrEmca3KZJoRKBIUIoMiPUprGUMtlphCPCsp3ImSBLYQy2ADskCk5BCtshIduEwhgISJEWRmQQDmwkjGSSFGEAg7BDpKxGgBEJ4bQDCWwMArCjRNogkekQTpBTUjqQhbBDgJAF4bRrCEmhnOi6msk0ToosdYYbTiLSyI4SOFRFNpViIK0CSCWQ0mZKR5YICENYAKjIltMt07Urao4IiUhay1ZSlsLhSFG7wGEnUiaSWk6Waq2ysmXtAhXnRGYEKaUz3YIwYCxLpZSQ1KapSWCn5l1ZpTFuDbAEktKJRQDCtlEgwgJjUNhpkAUSaUnIGBAZ0KSwhQQ2AlMgEUorABlEQhiTEMbCRmlJyFgGhEwKYYxCIDKREgkL5CaFZGwkY8lGQAocgUEYhW1HyKlUypJxCGNZCuxmhxTI2ALZGRIOZBskYwALI9mAjUJyGpFJCcsSmQQ2SDbCBkgIyRZh0rLAKSuwrRAICVwkDBaNyYb0NA3OiBKilGiWpL7rw4JMFaC1lBwKyzKlRKi4pVtLEUQURe1bZhRoAtws5OYo0ezinFAtxbaFjHGERGS2JmxC4ZAzW3OJEiGnp9YkSyEiM3FmQoQgW1ruSi1SZraWZgzViIpkZOzJzagoMCVKkQUGZ9pCtQQSOAjLQjk19aq1Wy6PhvXq9LXXrQ9X19907W23PePM9dfP5xtHq6NKadksR4SQASGDSKxEAhmwhZFJOQiriSIyjQJbkpHCTqWSFAFYFpJwikgshEFgbCkIybYtSAmMhS0ZY4RkmqRUlLBkJCchbCwJI0IyRMoKC2xCAqckk04RyOvV+tprbty7dP4zP+0zDvf3vugLvmhzc2dcHqUdBTVbEkYgwpBO7FSpUim22zSls++7INK2M4IEmRpdlGaHhNNRS+2Kk8zMTCYyG4SiE2CiSO7ANshOpjbVWkpX3ZxtSru4JFNrlFJryA4wyFNLtRLFMHia0asUZXMiIWQTRTaVXspMETk1G2oNS2oQBdPaVFQjwjIJUCOMimQ0tUkTCtkGZWsSNaK5tWloaYMpgJudJhQ2SiuaLVuhlDCyLDCAwBIGsIwBVZOkImwQwomcSGE5AAkgAZBCkMa2ABIrZayUBViJLQQWCKUdskUAEQGAhFGtopQytBYhqJCgKJGthSMgFZlWhO2ktYYUDcuoiCRJEkp4GhvqSkCM4wQ5NQipOZujkplSZHONSnoY11FLQKaz4MwItWzjOBpCGsdBitp1MIbUMi1sUgCFSBmrpQ2SsI1Ma8ZJhmlGKqKlQ4oIIsLNqYigKDPbaEdIJcKhCEVGw6Gwm7uuQ3ImCoIolFqypTGtqdQAS842ZpKpqlAUKUm51L5mGmySUIRaglNRZKY2mexqZytVai3N0BIpJKNkiswSEYVxTDX1fWfTMiUkB6WZdBbLkavVmFOL2nelRza21Wynw0Tto6+km1tRUY1wI0pmqikzXRRSRNhGxpktFcVyyNiUrtZaLCQyIQQ4EyyU0NKYUFmt1utxDKkUhWTTWo62InJswzA6062FAWxHUU5NjlK6KIVMO4UzU7hWlShRVcJ2ZE41JCRUKCGwkEWEyjhO6SYhWVBrVaAIlG5NuBmFS+kxSFK0zGytRvR9X2rNTKf6rkeqpXQKKRQh5MTy1CZalggJUMsWIUW0cRRIjghJihJCDslFCgXGmWBFlAg5I+RUCBSKIIiIWa21L6LM+tLVUmuUoloFNNK4hmqNqKVUutpJUZBVkFqbWjqg5dSapVK6mQVShEpEIkVEGOTWMrOb9UXFSQiJrtZailSlCFRCtdaILiIUigghpUlIyEQqJUKdAQlJlgR2y8SZOCwFiMSyLDC2AFKSQ0ZqYASYxEagAlZYlgwoQZARCXKTjBzISMiSwzYiwM1pGSTJhgBUQJKxG0gyQNqCnJrkZsvOTMnD2FpOpchZ2rDOtFQCkUhCMpOnlulsrWVTqKWLwrLkoqBEjSIFCNTklikJShWllK72AhAIW5LENI7TNJYopUZf+yCciS0iimx3EaVUT9nsri+y7JSEkKJG6fouJDdnM1GwI2TIbFbUUiJqXztjKRDpBljIToMUwiAsQUpyGqeFjBMhgSRhYVvOAJAlSwGALRDCGCfGQMgGW7JTDgyEATCBJDkEspAQEhlYlglsYyTLyIAMyHZYgrBD2IgECQdGIJBtJKdNGJTYJRKHrES2lYElUoAUBEIJibEVSA4sMEigECBMYsBEFJxCYQQJgAjAWIKQMAGWJBy2AGQCQEBghAmE01M20ySVWmrpSoSiWKXgkEiPw4QsLBwShFCRIJEISTKYNBlBRIkQFoUIEM0ZNaJGjSJJspCNLGfatHRmQoSQUISszLZer4bVOjPBRQ7LUxvH1lrD1K4EICEKAdiE6GqU2gVK5zSNrY2ZqVBUSVJQI/quKxQnsnCWiK6rQgQtM5UKHLi1nMbFbNZ1/e5996bb3Xfd+67v+HZn77777L13LebzJIUlYZCxbQPGYSFAIFuSAjuQSVkEskGWMLJAxkKSJVkWBNh2IsAWGAUCsMJGaRnAyACyQVhYRomNAjuaE+Fw2pC2JZFpgQAhq0HKBCEDKYSdoSIZAjwMq+3tYydPnfqSL/6yD3if93a431jAVELYwtmasFJyUEQ625RTepraNCGVUnJy4iTTLdNFKiWotXZ9KVEk27VWObK1qU3jNDkptZNxWGGL1prTElE0NdPalG1s2YbW2qSIUookGWxIUs50TjgzXChpYzZmi6hFY2aSTtvOSYGMM3GmLRJHiSgRUkQiXKKYphK1r6pSygIxZjpzGKY2jiVqiSAdgKRSrGiZhEqpJYqAEKAIQDhRIpIAiEzLAA4kB4AhMAgJKJZkUlLICBlIAY4QdggjWQYHCjDYSAhJgBwCCYQwViICkI0xgAwgA4kB2USUUDrXwygnECIUckgRUZzKdEAtUaSIKIoo1UDalohSi1TSzjbl1LoStXQialBUS6lKJ83pNiUKFdUopUqhWqMQEUURApI2WfJs1s/6RVe7vu8j1LLJtJYtm7BCGEmEQsVuLRuyrTSSLMmSFBFgSVbUrtZapcC2jXAQUGpp6SJKBDidCmgis42t5ZSotWy2oHQloggpImqJ2gG2p3FoTkmlllAJKUpElChhUkCEEAZFlIhSMnMaE1RKl5mZTZnpLFgRIBBuymg4jZsj1LJFRIQEIaXVWka6wOTWpiZJUgjL0zRlS9s1FBip1hKArCSKhB0FQ9qhiGJA0bJlppOIKF0XlnBNTGagrp8lOU1NhXBJZ9qlFDtti0ShQIGnbDSVKEG2tBHZJiNnOsBiai1Jm2yjqCpNyHama62RIizVIrUGdikhkQmMQYkoDlUihRulRJK209ZEOrGiyuk2tTY1RUSU1jKbJQGkVXDm5FYjyFCodKUosjXnZKL0vWTblqMUWSJCtKkBkrBKRDqjlCgFAmdzm1pzWiShQCkCUiKdNEBRDEW0zAhwQXJOaZQQhEqzPaZNUACVyMS2mhBG09QUTJmYrhSH7JxyIjMUISS1cSy1KoTJNg0tS9cFYIBMZ5tqCUVko5TSMptbF2q4tQkjhUKYiJCyqcMZFGjGsqLYotgigHQiR8hWWImVsgiw0kaWwmkTkEoR4DQBEgZkpEwrcBqEQcoAwCGlkE1iLJOWlFhEuimwFTYGmQzCMtgAdjpkhxBQwkCUyLQzMzIUFNxMeCJK0TTRVisiai2KyHSAJzePViBHqitVQLigdCFb2hjJmY5CUFADjJtRlFLLOI0K2U4posAEBQWQ6VBLh2lOW9QSEUxSRS1w2ikwJgQCixC2IkIqIjNFaU6lJZGZoRLRPFV1hIFUAJFWKTYIG5CFDUGmFLaLSEAylg0ySMggnJJIWQaEucIAQmAZCwkj7BBOLMAYCARpSBCQWOBEYYwlACxhLIFFIoEx2BayEymMsTFItgW2CeTAdkEWxs2SmowESHJiQk7JtmwiwqRsC4MwAiMyBUbgkNOSAGMsRDPgQCk1MixLaQVGGDnS6QCCK2RsLCCEVUKk0+5KFAtQVBWTOA3ONE4Jy1PLKFWgABvZKgpam2gupRCq1CiBorkBEZFOHMIhKXCzAstupFIyQqFAza2lS8SUU7hQnImizOezsTU7UwQhkKVAyCommic1l5BRtkw5oNQq47QgItrUJEUpQYBstzaNTUorAAwGIztxRDCNbpGtZV/LJMZpjFo3NjcuXbzv2Klrf+BHfvyVXvkrP+pjP+6u226/+cG3rJarlk2lYCxkJDCIQLZlSBxGwgkRGMlpI8lYwinLCkgbZDkshwnbEiBkQ4AhkI0hAVmWbCPLCiUpS8g2QmBESCSEsQBkEkcAsiHSBoGVjSjQUsJItpGEM0rJdBvH+eb2NV18x/d+/9D83d/7vRubx4/2DyJwpku0tN2iSC0ohNWcipCRFNKYbRrGUEzTVGotOBuZY0aIbAZD5pQ5ThNSrZWwnSoaV0MpBdl2CCNQmyaV0kUBj9ls11ApxbZqLZkBU5ssg+QWUSJCbk4jSWpOY0VYLrUDZbZMJJVSnQk5jS1KYAwGyUjTOLlNUbuEqmKlmpvTMkgSFgIkq+VUHBCBKcE4ksgNAEt2huQMF+SEAINBYZqNEMikkI1lnIAFtgK1tCRhY2yDxGVNDpMylmQwCGQcotkyDgLZJhwppCTDNpIiyQwyDYQCcIkQam52Ot0UoUwlWRSeRjAWWFJIkoBs6WKEoYYI2tiaJwBFmXWZbs3QIAzOplI6VWfaGE3jupSuq50jlZFYEk4h05Aj5pLSE0mUTqVgBDU0tVYkQ3PLISOillKjszPTElHUpmxtatCVGqJ0HQbJ9tgmWZCSooQyQaRrLVipJmQ7p0aEAg92RjChKBTb03q0HVUlapiWTciWSpGRjZStUSRUahRFCoLWsoBASMZo1odTCmU2EQ1jbDIskCGtUFRFMk0NZ+lCSJKQlbIFibOoKMZh6ErtuqpF11o603a61dLbqBS1lk4yRDizueWQKENh1DJLKc50qA2j5a7OFMJpKVQDu7k1t5ZTZgYUilBRMZqmzHSJUkoHSlNLrX3XnNkailIKkK2FiFIiSi1dRKld6Wun0DBm0po9ttHpIAyEjSATLKuIkG0725BTZrONG25TOpNAEaULOXJqzrTtbOlMywjJJoKoBQWKqEpjJEdrdiZWqKQzSROWnc0WSohAQSCm1qYpHYRFOJ2ZLjW6Gjj39g7OnT1//vz5KFFqCUXLhlEpMiia02CnkE3LVIagCCJaczoznSan1qYRcCiFM3G2bFNOkAornJMNQNqtTUAp0fez2s+IkIlQtiQVEUQR0BLZJaIUYeSW2Vo6c2zT1CZaa1ZYoRoRtdaIsHMcx0xLEJ48NnDzlJMTYSKMbUIhR5JCVhMI2eAUIRNhEhQGggAwwhI2ErKcCmwLCwNSWs0kBlsGBNhhi4IQQEqkjQWADJJBRhiMTZEU4cQACmCaJmNKRARKJxIRIVJFtau16/paI0KUEgGiSFH62vW1CwJQRFAcypxaTm7GbtkikIowok02LVuj5TRNOTVbEsVWREQJRUROzXa2lnZKRYqImKap4UBph4oibNIpSEshRCPtxEQJhELUCHDm1CbLzsxsWNlaTgmQCViymwJwgGQSycIIW8hWYEgctmxj7EhsGwGEARCCwAgDJOnAQmQa2ZYMkmXjQMLgREKyQY60sAQGISBtLjNYSAonMhaWACHJSoFkS7IJAEugDBOAwSpCIAkVI9spCuFMMhVgBwYjh2QbDICEQRYOWzaBybQE6SAgQFaKcMphgyUZJJsEUAiBJbCRUCAyMgG3qRGSXGpREbi1yS0FyG2cDFEiREhSYNvZ2gjkxNSGKVPE2IYxW4kKmpqnYRxWg0EqQukUGMsh5EamhbEUYVuSjYgQuGUzJdrkZgtqjflsrlKKI0RE1L5GFAjbmdO0HltaKBAhJ1gkTlvKpERIEVGcbjk1NymmaXKb0haSJCKn8Wi9ynSbWmaGIKLv+2YiaoRI5zTNFhuHexeH5d5HfszH/tmf/iniGU99+qzv+ujc3CRkQpaQhLEctLDCgA1IGMu2JMkgSItI4bRNIlkGWQ2jACxsCdNspxKMkTEgkAFbxjbIBowtYywLbIeNJBSWZQGWSWE1BGGFkWxDCFmgCsakLRySFG2atreOnTx16vt+8Ac/5qM/Mmo/WyyMKVGFANlpY0WJKFWl1FpKQUIRIRGtJQaRdrqlbaeNWyIZJhK5K1G7TlJrqXTpO5UQKKrktHF2pZjsZn2UGhAGcHpqzU5CjohaAmSB7HRmpqdsLVNS2kokh3G6tTZNaRKmnCaTtqMUSxiEYZomZ4aqSqVRpKlN0zgRqqWUkCOmNrZsoAghaI4IhXA4bU+ErQJgHLJsoYxsdgQW2GnZMlKAwQiDZdkBAhuJbKRsu9koAWxkbMhIg2UQSkC2ASGjkJCUkTayLMsmJVkyCGNFszKAsLGVOWWbsmFq1CjVlt0CI0qUUrrSVdWiKIAzIUNqrWEUEiZp2USUrpYQyHZr4zQ1CZNTmwBAIkooCEW2MVsjmxM7w5awkIoorY3TtB7baIgIGjYlwqiWLkolgpRJ2caEkFC0nKZxIrLr+tKVlrScpqklSLJtu4SIYjvTaTc3BMKgJLpSSjQ7s3lqUSIKQgpQNqcxklDLnDJLqZTADlQUUoAQmWrZyEicY2vjGGTazZ6maczW2jQMjSBxNjWcRqEoxRgbKQOjKd3cJKIGqHYlM5PMVANbwhhndrUQmnKcpua0pFJrjdraOLWWmUA6Wk5tmhTYSFKpzWFTQiWiRjUQqrUvXQnVUmpECNfWiCiApSIlCXaDohoFGau1SRLOTClwukooMh1ylOIAC2eINg4qtUYxGTCbzSQBzYIkIDNF1HALu9lkEtCyFVX6CLlNkwCiFGy1qdWuM1LgKOTUSKeKimmlFtLOJPDUjPvaNUBWwc2ELNktG0A2Rygo6XRrpUpSs4VCIoLALcexEdHXGkFmrqdGxPbmxqyvxiGX0q+HpaKUEtM0giBr1yszhfE4TSGP6VJKGkQpUSLAtlUiUClhu2ViIUopkpw5jlkjFGCXUhsOSSgURsJkOkKl2B6msbpEROk7C6wapLEJlWwZNaKTJCCztdYMhLrakWRrBoTTyQAlogROE0R6UkaSCkkCE0QaCQQGAVYYyyItgY0kWyhtJDmRMokwhDGyCEeqKSU5EGAk4XSGJKWNrHSGBKBII9sYhCwwKO0QdojMsLMA4EygRC1RBSgMMqWrMg5ySlAptUgZwhkUy24NOWk0EIZskyHHjNJFFa0BRWHkbG5EVRRBbWVqbWpj2kQktSiKpybZMs12szOhGKmUkINZ6dat2Q6MoovSWpPCWMYpGyQhnNkYpiYZq0iqpSI7A2HZUAIJ6PsOCNtIlpBJ24qwJRkAB8aysJElYSwLkAKMjWWBBUCCjbAUiZKGkSSwwAiMKCgNhBOFMwgLg0OCBBkQpELYGFnIkM4QFgFpWyRgA5ZAckI4TIbAYCFHRiqxJOxENAkwLiYDObBxhGwbKexUACixTCALg7AsDCgCK6WgNUWAUlZaUhIyDgROheS0QrKMIKVwsyGEWsiIBECojQ45oohENE9yRFTJzpZJQglJZMooDWEZnKVWSs8wuQ+UYSXUWlqblFYEwopw2pmSSGcmEcWkDNPYVFRKwZqmqUQNEV311MZx6rqCMzOtzMHdrBYiWwMihKmzGhHZ7ExF1CKB3cYpBYY2uXRByrIsQ7apqzWNkJ3NmqZWu9pHZ7sUZcNMbcpQFEjLGXZKqE2lRLa8cPbel3+Fl9u9cO76m2667dZnnL7uhlrCqlNrIaewMRIZKRAyBpuQTcgAWFaSKJTOsFJplQLGziRCkLYsq4mwZCFkAwiDABkjSbYFlkWkm8wVQkYgY9tIDQIZWwaQE0VCgAAh2VZiWQgZF5U0cnMoJ186OlxsbR7DX/d133Di5KnP/uzPksLR2pglJmdKSrukcaZpLUJRQsjhSGWUUrqKBDYq4UTpJBBu6V7FXZ1aMo12IjlK2OkGUQJU1dKhIpHKlgEqkWEhuxUFMjbGshRI2Ki0zLQRIefUZBPFBoxtJ7IQCmSsqWUppZbSMsMRJbPZVhTa1EopIbVpXK2XOzsnSmgaG9GcClEJSyFwTC2RhSfbElCKAQQKyUIoRcFpgcNBGoXkZkIylgEwIZBNAAghpyXZiSRCYBKEC0IkWCnJxnYYgwyBQU3IloxCyE4kSBKHaCEFBBOJlHahRC12Q6JNcpRSkMNKnJnTOEZErbVli4hpmJCkIDIoksZpdCYhN4Eyp6KAiIJEUUlrai2EVNo4urVu1pnSWsN24PTYjDBI2UVtdstm4+LMRABTJgawXWtQCjhK2HJaUpVcoNkoqmKq2SV00zTZk0sJKeScWnTFinQrklMJKINIZUxY1FJaEiEFLck2SmE7QlIV6YZEpiePSBEFZ8uGJDRl1iJTW062ZQuBkKTEgQhLEhi75dhFpyK3NFMARbbbNKrUACfNbVZ6wm6ATNoJyjatV6t+MZt1s6BmZk4ZVX3pk8xMidp1IGdKkU45UmmkdKklIhx2ZrMzHbUEGXSZbRyHcZyKSteXxFUhZ4YiGw6kcJrA2RQK5FBEkM7mqBGoaWrNKEVDhRIBEA4XimBqmTQDJVrL6iCIoESYCKm19NjSigDSoiWhouJi2SpyZtrTlFKEULZJcmaEwgq1jCJwlBDhMMKZ2YxorUWICKbmUOKiAFprXYnoSiiAUHWmIAV2c0rYblP2taudCMBTyxIqtUqys0Yvo4hxGJwolJlCliUViVICC1FDSGDhlqoIEVKI5jY1lWKStKS0aUxugQxFWICiVGw1S5GiQHMGAjJdgkIkaq1JigjAkGnbCtqU6Qzn1CQnkiKilmxN6ZzSdrMjIlKulqukME6McZtaszIiRAgQQCgI47CasWw5jAELbGSMHQYUAsskEdiBCXAojRyEw5KcWIp0yiBskBCkpQCMAcIyIBIkyzYE4Ihwyp4UssX9ogQhyQFpGdNywoZSok3NpklMTSqjp76rGIXcQLadzRJGhKDZCoTC6fQkovYVY4EdLlEj3NarNVEDkZnYiaRQpCdHFNuNjKYSQaRTslIIT9lKSgWcznQKAUIoMrNlwyhKqUG6tYTEcinOKRRStQGUAaQhoaYRiUK2kUhJEoaQybAMMiAEliUyLUlgI8lGAEgSNgZEEMYkDoxFmJSwQZYlAWE5bZAMKGRkLAMmpESSMwEkk6QMiDCGQA4LgQCEDRgkwAaEHCkDEhiBQSiFSCMJK0EStlPISDghJBuUljBSYACD5LCwqm1hIQuJknYBlE0Kp0GyACLTEsZyIGzZFsYCUChkJIsQzkiTzhCZgCTkhjuD3SKKRIkyZcgZEhlTLaQtmUQhI0gccqjYaUsiQpElMWS4GsuUvhqHSIgSMlgSDUfICUqK1FxLUXMWE8I2VqhQArlg5ZQNKwDJtu1SC1JOky2VMCZtFFIJSUgdoIhsjRK2c7KkZsuSGN2UKQssyVZmqtTZrLt08b6dE9deunTpVV7xVf/sz/5ksbV96vRpZ6RdorRshbAnCxIbySiwwdggC0CASAjLEDibkBWBEwWXORzGWBIgsMAgGbAtYZBkAJMJEMJGYGGIBhKCFLKFJCyUWMJYCBAmZUDC2HYSYduAha0QaJq8sbEDfM7nfO7xYyc+8mM+clq3aViWftGFJ6yW2ZwqXSmtTa4i1VoK1RqC1iwsqLU4KXhq2CYIiYISZWZkjV5CoXGcFBEClG2KKHZOKeekiFpLUSHTTjfsKUpNuU1TiRKAbNtuJQLLDhSCKNXpdNpEIGMbyRYYUyJyajiLgoIoJWpjbJk5JemYzWfzRdd3pZTMJhyqki2arckqRRKhogKhHJuUSCkAg10gwWmUpsCEojinSCwLjI2QMAnCQICxAMsRITslcZlMgohIbEsyxjgMCCHbEThBkhWaTMEgS05TUCJACmWYBAIIZ6nFaGrZFTWUtEoRkSIiiqglWkuhruuxCacA4xoFp40tBWHZdlerEZnZHBHIXVTT7DCOwFFAJUoqnVmjDtOymSgRIs2UU6m1lllzm8axZUoxDqtau1JqrZGTm2nj1NxKKVE0jSlZoUylDfaEFGRariWANo4ZgYqqnLZNmgiruVGiEJCeyEKkMDmhkm4tu65rmbaUaWhpYVuQzlI7CVlqDWFBKYEUIlxGWkASTteuZEsE6dYyalHKSSldRGk5EXbmmBSIUkqppZRpmmyV0GpY91FVIkJQHIkiYJDGYaql2oRwDczQJrBAEQjskJwkDqEMBbV0lg1AJnYrtQtpGhOlkNGinxESsh0hFLKytWlsDSuKJGPcEuHWRKAStThTIQgbSVCmltMwTpNbjkIBkmpomnKaWrYsJRJLkpSpdGtjs1OiFFRqV7u+62vpoghHtmxOZEVIQUSELJxukyyaUlKtJRBgu6VBIFAKqSAM2bCRokZECaQwLR0KcGZO05TYkkAiJKejlL4USSCQDQZwOo0lpYFpmIiMUIQy3VoKSVgGnJ6ylVJK6aKUIOqsdnXmcBsnt2xpDDaJStTahcIh4+Y0nqbWpglw8ziO6UQuJoHMzEzsbMM4tdZqrSVqplumDLadLdNQotRaVKSkNbecnCkIArBsAEopFJEURGZrY2aTbQMRQVrpZmGT9pSZCXamlEaRICPZwjjBEpHCCGMcSNgAso3TAgOi4TQ4cAZGBMI4LacKsp1GxsiYACQBWBKBsNIJo4SMwwACnE4lNpkGpaMJhULCBkIKwgq51RK2Simh0s+6rpv1/ayUiiUJ09ICFGDCUpQu3Dy1RksJhJ2grp9JxSEiBMLGAFFqlNp1pQvD1HI9rJfrNalSSkQBk9GcmQkSAiQMJjNNUmtXSvGUYzY7gyi1yHZik2loiUkDBAYTACESkGwL40QppyxjwLJlu8kpp4UwWEiAjREg0g4sIchMDAEmLNlYJpFBliwswEIBgGUbLMsoUk4rbRsCIRCBUFgWEpAGFwPYsjFYALLMM1kOg2XLAiwQFklKGOMUYCCMMbZNgNNgkNLYxiYNMrYIUiBbgACHlcYpEoUtKSSk5rAT2ZJT5jI5bKOQAjACNWe2qTWIrCVKBFZECNuyA5rTAJnZyGanjcbWxjZ2EQ1DythpHLVKsmnTNLWxtXE9TZ4ybUk2iZEV2CnTGhhZhDKnTJdSau0QrU05js0QangYxmxuma050yiFJBC1lhIKBaGuq33fd31XSwl1UUogAbYwwmmb1pzYLaMU2yYVoiiQIqKoRACIogoRISfTOEUo6C5duFeZf/qnf/QxH/exy4P9C+fvq7WvodYmYWcLFQxBCGQBGCkphuAyQyKErbADhYUti8AIjEjxbDZgLNnIRiE7sGyTwlgKCSMkSySRWEIAEiECW1jGssiUeCaHZYWRCAEKJcaSLIMA283TMK22d3ZmG5sf+wkf+6M/8kN1tlFK78yUPK7BUUqVYFJRm9p6HKY2ZSaWLQXTlC3HnJqxQl2tESWkdMvm5nShlE5BprMlqQAFBqTmlCUyogThxjBMbZoyZRwlmpsyatSQFJG4oUCSikqJCK6QlaXWWopCiYOQJCEiRDqNDYmytWka1uMq06XWftH3swoNqdR+mqacWi21FiE5W04tyamN4ziSduY0jW1q09ACUwKQIk2zIYUscCOlpBGkAsgQyMJpGQEGc5kJjEmTKIxAGBOSrEyESKVAsiwcxrYQCQowOCmYBNlGgSxJGLCRQTgbkFa2bK2FIp2hELQ2Cdwmt2xTtinBLds0jbajFKRxaMN65bSlkEqEhRAmseyotZv1U7Y2JdipNo3TNKGopSNo2bJllLBcaun72azvS+0gxmkCG9vYwo5Q7fpaSoQyrVrlVETfdbZzSsLObGmwSkgYG0xgp7PZihAUhaAoSq1Rw+FQRIlSJTkbOEGhKBFhiSgKJ7VECSlKCdXaiYiglFpLkYpkHF1fa9/VEkI43bKpFSsVIsG0SRSpSEoyM40RElNLQ6GEIiRj2VFqtqZQ19cSEdBogMAyUkhR62JjMZvP3QwISlSHsENRiuykMbU25pRkEKWrEWQmZEDLlm7gzNZaa8OYaTIUUaNQIltmjspWwVKYVEESIptVij3ZqYyIUDBNcstMq1Ii6BwqIAc2wm3KUMkgUJqIcKakiLAzW1JC2ImxRKaiSrZDOWXiIkGalJWWlAYZO0vENFlBKXKzAiNsC7ds2UzWWouiliIFNpLsVKFNEYXEtooUYTtJZ0qRUzqytVYjFDVCdhIVp5Vd6ZSOEpawA0O0SJtSK6BO09TGNva1ryXSzimR3dyydbV3aW2aAI8RtMzEClSLXJSTm1O4yIRquinCOD0pSgTYUEs1srBMklCj4JaZQgQWyCRAc9qWVAOnSylGmVBaLSHVlpktFQoVowiTYRwKRWROstIRNYqKMZogMFEIAyFjbEhF2ATCUhpwCKNAFnbKQjbIshzGkJYMBVo6hIWEbTCABEqjQAlSOqVAliFsgx1SwyBhJ4lBEICNAmwADCoE4VBJZY6TVEoIgdTSUUKSM5myhXoFYVsmh7GBg0gnTqkYFZGpEEYl5AAr3ZwtSxeASTukKIHthmWFQhXnhMnMtFvUqigxpkuNaMJq2aSIWtOpRJIQkiTLIUkhRypFtuZsrXZd6YtNZlJUBVaVZCnVIgGUtmVCpI0ENggJW5BYwo4QiGwoIrHSUcJYKStxAEjGgCBFmAQVkWClXAxCYJADk7IkcCJAliAN2EbIciDLATayJRkkDOAAg21CpAyApLSEZduB0hRhCYMQMkbItkI2kkgJo0AYC4fDGEkYYwCMI4ywpcRYBjsRSkSaEEDSCKQwAgehbFYYkARgQoCtCGwBWDKQOJ0gCQBHYlGsgaihks4gQJmthFBka+PUpABNrZWupFQj7IyqopLZ2tRCMo4aBZF4mlqbpBohwMZGCtOGYZRK7buulrFN05R4UildLSgUEQrbNhFhKGDCNqa1pCRpAJTZ7JRLqaW15tGqIRmjAg5wZpIqge0QThRkpqDvaqbARBQUpYRjUsNMbSwRtmqIYD1ONWJeNw4uXdjcPvZlX/Zlr/TKL//O7/Cuy+XRjTc+mBzaBDizRYRgksNKkMCSjMOybCIwlm2RIEtKCRtIW0JYEkhOCwGAELZBwpZlZRIyRhI2xgIMSNiSACyDnEiSbQmQkQwYsEBACiEw4AwVwhiBjRBgIlgul9ded93dd9/5Lu/87i/26Me+xEu9zN7ufUUbVheWszW7K1Ko1K5gJLtNU5Pc1V59a6lMB3aqtZaZoeqWqaSoEDKWEbZLX9zaNFoiFJIc6VSRCBBu6XTphCJKiWzNFiCFkKuVIbVMQ0jItjNdItJNSIpalDZ2KJwNqURRSIFQSwtFINSmEXDIdsmxofW4rqXMVLMlOGqtnaYpW5skKbMFyCoupU+UmUDiMGkUMrYl2QAphDAQpBWyAXOZwLJtBUYYhMBGJkGWBULIBjJcUGIZjCVsCUMGSoENBDQRthG2ICSUTRIGDEghOaKKxDSnHKUU42maSkUqY7YaSlMiWnNjUrrWQMV2ZpORLKlEDDlGC4swCmotEnaO02jU1Yrk1tJOsqhky3GcSomuYpymyNH1MgiJvuvAEVGKhFrLqY0QkkooorRMiRrFpTCBXJJJEQKkolA0O7ARFDlbZilVxglYCoENEF1RgyJEpCZ7ygxJQWab0qUWNwcZXWmTI0g3mkLCDYpbGlpLREhCUUOJ5WymRNiJSdfSkcZOW5BJBA2DBAEIZaoUy2mQuq6DQGmCbEiJybQRLl1xSyNnKworcTYbh5URiohsUYrC0dRKrQltHAEVGUuBQCp2A5HZWjhUaiZKR6aztZBKdAI7jeVmbNymKe1M40mldn2f0FoKWXaaJCRFlNoR4HQ2SXZThCJo5JRJwwZna8i2FGpTay09NdItp7QNtkGAFCVCtWBhRVFImTRntuaWIGzAUo1SIgi5uY1TZjpTUsgJmVaERCikMJZCEaAIgULhqLiBsOQ0amNO4zQ6hUoiJAmoUQuRIWAahmkcqspsMSOEPbU2TW2YpmZatmxuLadxpDW3pihRIqC5ZTYFUcImkSyjUGS2xH1fa62hEiFwZqqZVNoymW1qtly6KKVUlRJFgZtlu5GZilJLTTtbww4KkkIRRQohIZwtM4JpnNJtalNLG0eJEM4pW/M0ZTYhESlBFikUhRJyBokMMjgsEzIEYIyFjBCyTApJCggrjRBIVhghACFLdsiYCGOLMMY2Ig1ITixJAChCSIFowpKwJCFkAQ23dGaGIqKoQJAAwnbaaSlq1wcxjtM4TJ4adjaDLUNErUU1JAykZQNWGOEoESUEgEJF2A5kOz3JDStpKMIUwsZyNoxKqaX2pVSBTctpHJsUikCEZDy1No3TNE5Tm6wMq6WlqF1noDkiQLIJqS/pwcIBmYAoBnBaUlgWAJITYwhDKmQgUyGUCCnCRiZliJQRGGyRAhmDEixhRDEo0jI4QXYQIZpkZIUwGGQHSBbIGJFgZMuyMbYBcNiSLYWwsYCQHcIWjhA4JVIosSyDTGKwjNOkAdkysoVlEAaBbGMkwIKwFTayKQqEAgTIIBHGaQnCKgBYFtkakQZkHALSlgDsNBaScUsgjBRRiZBlZIzdjDCSIiJKRI1aCxER6rqIUiIiSim1lCikWzakBGfDlgwOIUvGECqEVKRA0jSNLTNtqXTdrOs62dOUskqppSslIghJXa21lFJKYDcHVggRUSJKieLMzAQ7HSVqrXbaVlEamm0IZcOJsSGdtgzNtl2iligR0RJnm8bJotGmcbRUSw0ForVG2OCJWiSws+/nR/v7OSzf8W3f5c477igl7rjt6U5qKQoh2U4Q2IFsA+kUSizA2AAISxayLZvLIhASSpwCCWFswJAgwJIt2yFbEgAGCwmQsG0EMggLIGTsQMJyAiBJibCMbGwsZAtF2k5sEgMQklQwoTg62Lv++hujxCu+6qudP3vvzvFrWq666CxHqbVE2tM4ujVnZpqGAixnChVFKUVRcFouIZOlq6WWWiKiJLRmKYkYxmHKJqEQsjOdFGKcxpwIqF2ptYQoRKadhWxJRoStFC40LOwkp7SNUNjIU07T2KaxZXMmTtsWlmspKmomcYhSapSK1NWu1ioK9thsmJWulmqMZSmk1jxlixJd30fXFdSVGqVgB85mQKRRyNiEJGykkGUEoCAVYCEJgSQIS0gh40SSAEwIFABGNsa2UiFIAwZAwog0yLIVNhIioRgTxhaA0xhkAUFgrLTJqbmlsROT6eZ01/URRaKWgiIiQCoKiqKL6EohbSEpsGymNsmSkGi0Yb3OtBuZ1G7WdX1IilCJqFFrHyWiRNdVhaZsObZsLaKUiHFqAGhqU2ZmRGtMU7NdVIWdTpPpAJm0wQ7bHjNJt5bZWmtp4dZasxt2po0i0y3b1AYVsBsNjEslUqjZTgfC4DQt04nTgUKhQiFqiUw7DUaUUkEtp2lqRZLTSBFp3KYgai2B0gipliJl4DSWiFLCSWsTshTNTqfFlC0nB0S6weTmlq21qdGmdKbBRiGBwNCMs4FscrIUJUqJko0Skr1ar+wme5pGp4VsSim1dqB0JgpbiUIghNIZrhISQAmscBIRlksJWygMZIZKFDKzZeLEkVMad7VKsjEpZASElApEiAZgESFlo0SxDUmEJOdkBaiLguSWEWGniIjIzBAqxdiJQpmttZZSyFGiqGSoTk0RtnBOnrroFJ6mqTUiIqQQ2ZoiTAoCG2EAJGxFhIlSm9POKcmpRSkSzkwUUTyNTVIUC2NP6ZCtUFGwWq3a1JxZu+oEu+tqiYIlQa2164ukomE1DMM6Sq19l5NxgkIhWgqAiBoVu7k5bUHadkNFiiio2VGKSYWq5CQVCtU2TWkpjMKQIh0RQjgbqSRDxTibCcvIiSuJi4NC0NwKkEoBpG1bBVmQNg3AiUMoAYFTIeyUZaREOCPC2YiwkSwLDLLtIBDYiQRIGCRsHCKNTDMSGJAlJUYANEuyBDYoHcaI0pyQVhUNYwwUqUY4M5sdOO20BCKKQDgEkyeTtSvTOI3ZqkrXhe1sVpScJlURBBWlEXbSZBmFFI6JFk1IshRM2SKiWIoAT+OUQQ0lLrVE6dzaNA2Z2c96IsAFZQaR2TJK5ORWspRiJg/ZwjU6QkjhKBGtNZtGizGNZGc6LCjZHMZKALATFYFtCXBxJAYMaoVopJARTiSBbCPZVpCpkA0gk7JAkCiEEpsMikGWAVmSZSy7oci0gjRBWCmEAeQwDYyDSDUpbCAAy2FkJY4Aq6EwdjhSBiGRaRSi2ZIBC7AdIWMIC9kJOMAhI9kWCbaFsMBYAc2SwEYUPBnhsABIS7aQBUJCaTCSJSWBwQ4JpYyFAJAhAiRjhYCiiBJh0jZ4QgVC1cUmnQplswKAxNHSRAQmFNGFxDROtExcFJmJiqI6m5NSsCVMoa8zyHF0lMhMYeeESi0loU3NNqjvqkol3dLZxmZKCYjEThOQVoTTVpPDttMSColomaCxTUWlhIAkSQmAiAghYYM9TakIlELCLS1biLQIQWaTJVEUk+wkQqlsU+u63s6WbTbrh9V6vV5ff+P169XwYo997BMe/8Rjp09vLuarwSGHQk3UdCJAkhOE00jGGMKyZKclg0SAbUnYYApOFOmUJIyFQJKdQiaEjW05CDAAIp1IMiZBSAgjcMgYSxLYgB0ASLYDGcsBYBEIk7KEkFMmhRSCeniwf9MtD779Gbc+5CEPvXBhd2P75MHFc91sNg6DW6tdhzy1FiHcVEooVKO1KRQSQLaUohJJk8lsktSUmRERYTLsRlpRJJEG2Y4IiRq9YWqNjHQWUBRnA6mUQJnpbBGRxmlaUgLRWmYam0CqtVSFQzVpOU4Sttyc5JTNBkAqxXKmPY6UEBGKCFKSuupMLNRkbCLUUaKEMycnRE1AOA1VADjAJgIMYSeBM6UQENiSU5KxrQJppBSyAIHDWLYFaZBBko1kBJZNCCPLwoDBQSQEbljIACGlDUbIwkayLWOgkYhMZ9owtgYpRZQQZLp2tU1jJn3fOdPYaVAUkZ7cokUpxU5FobVsVqAgApCMLTlTIbvr1ZLMVEsCSc4cM7taStR0y5wUXQ0Jt5YYA9lapqLkMBICO01ErZ2MhS1AgdM5ZjO1RETYDdxaKko2T9NUSlVIGEWRptZAJSoNoxKdSWhjSzsbQQLCVgglSBFdRGZmWgkakVqbur7DcrbJdtDVLidQQoSQcbbEbg3UQNhClkk5KBKiBE4TUSwLsMgpoaWJUjITKZRRqg05FQKBWy19ndOmaZqaai1uSkSgMI5S5NaSruuchsyklJDCIKQiBCadoZAQaq1JUoQFFkYR4RagbAachIUlmVRrU2YLEUISQWvZpsypjdkQUnSlgEQgDGlLISlKhBQiE9mqoYhsGYWoUSIQEVEUpXa1FikISZKIUruuIqY2OSET2bgWORM062YlamumpW2hUqugtWa7UBB2RBRDaxkRKVkoqVFAUyOnljYCkJTOJG3GYRrHyc0RKhG2iIh0a1NKSKZla8ZCRerm3Ww2I8ix1ai19qWUrtZ+1pfSlVIUdLXrut5Tay1J1xKldoqQndmEQthtSmfzNI5tanZmS4yRjBRdrRGRVoSiFEiypZ3Z3Dy11loTjhoK175EVJxujWyZo1tGFAVYtp1EjRKhokTpLFUlSpRIt5ASIYcJQS0IocyJICghJCQwCDABpAUhLGGMIjJBwobERgAkAtnGNhKYJLFAJEgGhAOJy2yQbSEA20UOrMQIJ3JIEUIgwCkqEAaDSDtKFaJBpmUDQihbTuO60WSVCBG1q1GUmREFSaEIS3I6FBIoJMB2WM5sUzMijO2ptSlba0mmpAg5helqLSKR7BQ5ZQQinIxjtnHK5ua0nC7plm2KQMimq32/mJfoFKWWLlubppYt02QzxHqaWk5GUggsTEMoOsBkiZAFEsJYmgpCBAKUAZSUnCaEAZwAFtiWnBJCYCRbBglwWlI4LLAgHcZcJrtBQCqMEYkTgzFGQAIQqZRxkRGSQAincCCRSYMQliULgzDZBIKEQLYFGDlSBoxBgCJwoJBM0AwyQmHJFraElAgwRoCbEEYkWICwUQiSMJlY2GGw7TAhqwDGMoBtBBZkaykDSoObU+mpZTrD2WhIWFM2Y6Q2NpGZSSYByOlATq/Xq2mcMlNE7UpIACFk3CQRbtmgSYiSmeuxubXWWle6ruv6blaitpbTMGamMxWkM1tOUyNTFCRJkE4UUVWiBAAmhe1McKacNLc2jeCCcDptJw4b2yDbkooKYKOIiKglTAMiJBVKgAiaMLbdEpVaaxHhNDDr5pBdhMjVsO76rpa6d/58EI973BPe973f89K5cxcunN/Y2JCFcOBGACAbACysTBtImsE2khHYpLGwnZiARIABC+OUjWRZ5rJMkhRGBgSybUISEMhhDCYtW4DBlhMLMDZCoDR2w4aUbCOw3bAA03AoRUqBbYVKHC2PbnzQg/YPjx7ysIeI2N45LUKCCINUokaJEqVYciKydhVhk5koW0vjWqqiSMLZWrNkW4jAUj+bCWU6M4c2tWzjNE1TkyiiRJGotUORNBSESSQ5nUmmMUo5QiIiSpSuK7XvIqIEhI2aEuTQNDUA1DKLopYAGTKnsbVxnKZpmtzIlF2iEIRTKMk0CKdtS0XGzuooKJ3OlmTa09QAIhUANliJJCPJxgYcaUtGgoDECBAYGxtKIwHJCDKQhBOhRFgGyQQGKS0shIxTmaDkCskYSUIpGcJgI2wDIGM7o5Zao9SiCCKkUFTb69XghHBmJmBhxnFoU6IQhCwJisyUrjVq12V6mtImpK6W0tWuL6V245jpZoSQolAEgcZxmqZBVq09IdnjNE1Ts2htstWVopDJ1prt6GqNYsvmsszMRKXUkEoUIIIoXY2+dl1IYRVVW6UECnBLR6irpSsdIXDIIkJEqERHCFAoRGKbEkEIyGzOZhwKRYlaghChKMgYpxtNoYiQZGxUooAQyCgybSDCGMkmx2kaJ7uV6CAsF0lEKLq+1ChpZ6YzwPaUiYqjKPHYxmkYJ2eaYre0AUWUiBB2awmaxqYQBEGUUoqCUAhJKVs2zRkRkkopEWFwy7RxphNFKIhSLAxTa20a1quxtSkUisDYaUebJuOoEaXOulnUWkqkNU0TQhKZNmm39NhaidqaWzY7JUWESsmUWzY7FBhCRUWA02Nr2aQCtsNCkKQtWwKjRmIjKShVETLGDgWKqCUUUqQNWNTaRZRszqnh5iJQgMKEQFiGlimDNE4jzlJVStTSSWFcFOqqStRSQ4E1NU+tOSc3t6lN2XK0glJKrUWSwVa2ZmdIpRThlFtrUxvTMpaVCZBKSWkQhKLUUqsBSajWoohSAgGSyGxOFAERJYSIqFGQJGGcTEPaDUUzCCgKJUglQgjJAsDGxsZoHKY2rkVka3baTsmKksICpEIztOYUBtJgC0jkwAITaQCRgAEhEBTbCAoWApDAtg2SBaSBNBgCAwaQhEUILBvAAEoBEALAMhg7JDG2BIwRY5uyuWVLrKBErdHJaq2N02g7nUKlFqIat3TL1qbWpikUtdZQ1K5EhMBkZsNKHCFJoQihUkqtWEUIBFEC59iSbLZNKIqEpWlqYw5pqdZSKwFSBJKkSDcnUpEiM8dxaNmkkII0doS6iGwtUNcVcCm1qzUklFGUqEQBQgGIiLBlp60ESEU6QYmNhZGbsBROGwsRVlpGQhbY2AYQkjEJWAJsFDLCIMuWLUAEYCtSCBQOBBaiYNkWYEOxQ1iSDdg2kk1ihwQyGNk4kW0khSULJCQkJASkIMFgkwCWBbYElgUSRtjYQNokzlBKyMJgCwIskxgL282kSFvCWQhJEqGUnZDYyFiIEE4kg0EGcAQooTlTSWDUSc6cxnW21pxuaaeJQCmRaVNKSCRp0pBjI3JoDXAIhcBGJhQlAgJHCQQlovRdUSFInLi52YmIEhFRo2QyTGPahKJGKQVJCDkiLMZpsim1KISppUjhbMY5NhMqRREqQSEFUAMg3ZxM07SepsSK6LvadaWl25iWMBEqEaUGRulSKoECZyuKqGEyItKJNOGibla79bBqrc02Fxcv3CdP3/Fd3/Nt3/JNq8Pl3bfftthYyCCMLGQJJGwwWCGQChFGBDLIlggpbGERIgy2nCGKEylAtpQ4ZJAlgrCEwCYwVhqQJeN0WDaABEQaCwcojTAiEbZSkkzYdkrYFkhIIAmECpKVtuQMhDSNw/U3PfSOO+58+7d9s4wAimqEhENRJDtDgR1FOGxLESKFTbpN09haKhBBKGoVGEshFGFAotQoXd/3fa21lEIIu7VMS0UhqQhHDTlpZDoVUWrUqAhFlhAobQdSREQt1SCKbGyFpBqSDVgqDmyljI2LpBKqfYlSjLPZzrAtITBgVBAkCqftFAWkJCEUXYAkwIgEG1kytoyxAiSczrAsyYAwsmxILABJWIQBBJKclh1gO4zDIoSdIjEBFjJYlCYbg8DGjkQ2iWSURkIChIACpACBDS2FMIIAFVmpUFXNzGwNnAIsSDelbKbM1sbMFkIRghIhyW5pG7u1aXS6lS5KqbUW43EchzYaSolShJSkbbdMW4pSoitVUroZJBRFKIFMB2QjwKolQopMu6lGhBBp3Fq2VihpTdmiRu2KHSFZmFZKcYkkRXRdtcGgEhEq1FJKVACpRIkIjIwRIaLUiASmVqImhibTdV0pMU4JaQCm1jKTdCIJRFEBhyKCGrV2oVDImZOiEJ6mcZrGzFRIpRin5XBEsR1ytuZ0yzYMQ5saDjkslIqwRVEphIPMNLZUa21tGoZxGIZszcZkNk9qOTVaNmXSJFC2aXISIWSnnWBLEaVgRzZbznRmUwiFBKbUKjS11jJxUxEWUqk1IsZxSmcoatcN4zAMQ1RhyxYO3NxMRqhEgMAhSglJIUXIdjqTli5RovS1K10pYZMkUkTUCGQrMUKRpN0ylRZCAk2Z0zSls7WxORHZWrYsQiAZWYGIsDOnYRwNJUpXKzKZJUJRMKlMZSl1uVwerY6mNpIp0TLJbG2axqmNo5Rd7aLUCUdISCVKrZnTNI1uTjJElDCAbLdpFEjZGtmam5GFsYsihFBrRimQZLd0m9rUpilQtmzpEBEBStvYgadM0m5taoI2Ti0bSJAt7VZDNUotJSJkWpumNkG2bE4Dtp3plqQVTis9IYUkReDAFBcuCxsMIVDIiggciRFpIyBlGct2WBLIIDApCeMEg40xKEJCCFkIQciWsGxbxtgWTgsb40DCAEhYgJQmTYOQiwElEKUCkkqNEGCAMIpSItNBlFpms7lwmya7tcxpHKZhbGRLt9aGYZhybC1Npp3NIaVTljOxjCVM2i61Rqml62qttmyFpCIn2Vprk92cWaUuqjPHYbCzRpRaFGGR2eS03cZxGiehWrtpHNfrFU7B1JqhJUSUUqLUCJFuUza3bLSGcgIBrU2AM6dmDMZyggNLgCVCBoNk27KQCJy2LBzYSAkIwkJB4gQJOXDIAAZsABJJQmlCwpIcIgFjLGFECgJQECGSMMZ2kUGBLEIWRKIILEkuCEmSDJJCkkTgCMIgRBRBQCgCBwEgCwFKAUhQAKQQkgIUChPhICCkECiNkEJSsUIoVFQiwgoVy2AMUQKVIEIBxVKRgqgFUqAoEQFggEChUijKKFGaYmpNoVo6IQV11keESSQUmdmaG6qldN08IHGbXBQGZ5KWouu6qDWITINVlKa1RlqgUKaDSCdWpmuttZSIQiikUgqQuLUJAViEqnEaN7tNpENSCKnUKLVgl650tSiNFIqQgghslShRa1GgUIRKlBJlalObknTUYigRBkEgiSilTS1byzalPbXWWoOQRCCKFI5A0XU9QY5T1/eXLlwclwfv94Ef/IynPKlNeeczntF1MysyRxNUJYkjFDYCJFlgC4AEUsJks5GFMHIIlCGbhgQpkBpAA0shWzIWBkEaBRFpbCxFyBgEmDQICynDiWwkSSRFyIYgkewEBYCBBNI429SwQBJCSBHylGa85vprfuKnfvErv/xL+o1tioqKKAmiRCnDNNkoSdINTEJIoagqpRST2Wxlm3JcD8OwJi3ZMhZIIalAOlNSlFIUtiBwGpyZrYFbpkJFEQTObG45yVGiwwQSEYQTt2lqLWCahsSFIN2VUruuFKKLKIKQFJQSpVSFSik1IjITtwwgMHZm5jRNwzCO61VarbWWzbLJbLRpLBYBOUgRfQCZQlACwCAcFJPGxpJAyDYAEUjIWEIRAlsmjGUDBocSHIAsG5AxCALJQdiAMAhkhYwDQwODwcgECsuYUBiwQkFfS7YmZcvMtGxE4hJRqMJJRpSuFlBRdN2s1AhF7WuUSiamtaxRxmkcxzFCpS+2MtNmcrZs4NbaNAxurUSppZYoIaY2FXVdVyNibK1lG8ehTQ2biChFlFKLkERXS197FEpQtKm1aZqciiBk06aWnoRk0q15mtoUMlI6W5vSbRonWbVU226pKCWYpmY7Cgq1luPYsjWFAjKNHTA525QtW6AQzc5sRGQbA1kCt+ZsLYpr1EwkSgQQQQlUooQajXQpUlRkRWSmpFJngFAppetqFCklUhHOzDFbm0Suh9FOW11Xu9IbR0iCJD3lmNky3ZpTzTKgIrXMUmoJdRFIOU1uLT2FHVJCRSVKRIRqKRFVzXbiQtQQwKQwipBUFDW6iMASbpmWDKWUEso0BmNbkNOYTmFntmxkBlFLZ6tEQRg7URKKomIpUCbYmVOCTWuNiFJqRCnVid0wxi4l0lmwiERkKklhOUopgTMTAtm2HREKSZRSaikR0XddFKWVmZmZthSJW0tLCtrYxmlsbUKOCEEUSeqi70rfmmfz+dbmzmw2i1KcuCW2FK1Nza6l2hZgteZ0wwFGkjS2ZluWcLZsbpktU27NDskKKZSZ4zQqmKappZMMKFEk5ZROyQLbTqcFZEqZSUthAQmBJClU5CRxGARGWFamG00hbCtrCYUgUECOU9Ky7/s6qwpFdLVWWZjWWjqdpCWUEiSBHYGcsq2QnQQhnEYAQkCxkDECYYRkgZ2AQQACY4wNYNlIISADIB1IiMCShWzjINQEYCGRgFFzgFCEZBsJA6hUQA7I1nCz3cCexnFqoYiu2kk60y1ba42WXdf381mNEkWl1FqKUwCWbZPDOLVpGqfRzhBSINtByEyknenWnC0zbUyqIKESopZaCU1tnHJSgJRGtlBIJVRqnc260tcGU06ZzdCyTdmmaQpbBLLTU045TdM0EZaQFSXAE0IBmMsiImSDTAIKDBAZABkCKwHJRpYwRABWgjAhwE6AdEAIkDFhI5SkRQBYuNk2yAYwTlsibUQaITttwsh2IuFIkMKAQRIYQVjGtrDBWLYB4YQGJmmKtJpAWE4jKwhZMpkAclqQgQTY2MaJHTRSFhgyhTDYSIEUchoghRRYkDbhFDaplHCzizNFImxlpt1wM460hQAUKABnGhO2nLbbZFKqkooEhCS7GbeGHIpQ4CkTORNLAgskSYpQKZLCrSUGT1OSKdmSI9uULRNaZrpZImrFpI3IlhYBIdEsky3HYZxaU6RwyF1XSy2JDCYzcdqZhmyZpskStp1GJsCTEAhco0iaxmmcBmEJRFXItGwmZRHCslNCKiJqKaULjDAmpzQNI3ts4zgMMgD2bD5L53C4f+NDH3p4sLd9fPOOZ9yqKRcbG7I9paI6kFoJKcAGCyQyHALJkkTBADK4AaRkIwnbkgUEkoqITAjZChkUIDAWBEQ4mgkrhEjCCKcQAA3hMAC2nFhIpJBRhJVNXCHZUlEowsKJjTE4LRetlkelzje2tz7xkz7l6U974nyxrRKWlM1KQwmFZJqd6WYlGNuGkKWIgk3S1RqlBLIymzMzIoQRwiKkkMhpSpyemqds6XQajJ02zmxka2NmikwbssmKkjZMdktaayZpVigCjW0cxzHbNGUjkYPWCpSgFCGNY8tpUglMRBBFyTAOU9rI6RC16/rZPEQjGVMWCpSUMAFRawdggJCFsG1MhkXSDBJYgJCMLINtEhGIJFuaxJYayJJlwFgAAkuSEUYOC0wKLBlhYxBhrMCBFCFhBUgWag4rkEEIuwFpMshQKbWUKCVsu2WmS8GKTE85teZmZ7Y2TdmcZpqGKVtIdlpyEFFtWVKjhKJEhIpqrSVqEaq1qoSdxolbNhTG2XAmmRHquj4inG7TNK7HEM0ePJG2nW7YwzS0cRSohEdnprksAsKZkFFqqRUUSAhbhJ1IrbVpHJ0mLZzGTrdcD1NmC4gqSXZLWwHKtLFNhmmJU0KhyDaFlDjktNMZXdfV3iYAISmimJLpTGdSotZaIgLSKVGKAadbkUqERDO2LFDYwiC6rta+r12NUiRsCLquU4goCkRxCGdLsDOzZQra2KZsZCKhGlFKX6NUUSBKV4UnN4EzaZMMIEgp0mGrRmvOBnYgWsskS0QpUWqddX0J4cx0pmstlrOlM52GiFJq7UrUCFmKEiJBCpUoKJoni9IVcLaWTkG2bImkkGzaMGQ2Qm5ZjCLsHNo0DeOwWg/DNI0jpEIWhcipORPVUmqtVbUmVlAC5JBItSmRwNitTWCVEgokcDqddF3X187ZMhPLqNltmowtS6q1dl1v52q9bq2ZjIioXS3R9bNuNlNEkY3snLJla+kxm4dxEIqAJJ2GEkozDWMJ1ailRlGNQikRKpKM7Zymya1FKU4Zl0qJUImurxFKknQmziaSIkFmYqoUCtmSFJJUohQVlTBqLRW0cWptykxbLRFyy1LCKJyJhYpKM7gRslMRoQJIkmlp4cROE2lBoFKaDQGyFYGMjRNDQjMCA7bTiYAgbAlbsjAYYQIhLNmZKTkS2SHLIkgE2CJCYaWFLclgBwFYWKSbjYXBKIDMxJnZsllqKlJURVFRAEFOUyYWYESRokbX1a52fd+XUkOkJCyQAGzZDqLUGiq4CIVCTqdwNJx2GocipMCZTquEhJxOFyKiCNVSpUinUcvEZISKpKKIvq996UBCQkUQSoFUSpHklumsXe2iRBRESIIiBQAyQMhKLIBAAVg4QXZmymCBAYOSy5SWLDBpywYkyRYYEMZgMsFYJqxEYWxhECSkbSwQzkDYEsaSsC0nkiDlDARpB9gkBkymCRCyBSBEGLAEMpEFpSGDVAIgCBI3RJhABkluAgsVQlKYEFJSJHATckCmJdsmjWkOWUKBTEqJRICFQXJYEKYRwrIEEo4wttMmE7s5EREGSlclu1mSbKQS1TjJBhhnNjtECNJRgqBNbtmIKBGSopSWmZlOWsv1er0ehkZzaxEhMbappWtEuCCTgJptGkkUkXYKYWQMilpLCUVg2ymTjZZy4jRESAqFinPKTEMQIkIKqU3NTpAwyCmBMxNNLWWQbUeUkBRqpK1szuaMtCml1FIslyLVAoBUIkoJIam1zNbSBrAiopToFDLTOI7Teu++ezY2Nu6779zLvexLn733rosXd+ezmYUNojlAThFCToRRYsBgAEtACiPCUGykhBBKcZmRM0VINhgLyLQAYQtEWim1xJZJYYyEscFIICttGwEmwQLZygRHJCAZADmdVmLLFCxAEpDUfjZO08mTp1zjxV/8ZVJtNt8Y10sjp5pbQjabsAGmsa2W4zg1Z0YoILOVWgwtqSW6visK26VU2621TGcmQURAhJBUogtAON3cDDaQRkFpUCKiVCnsJhtZITtsSFNUu9J1Kl2nUERIGsbJaZs2jSmn3SBbSphM45w8ZUURESWMsd0aQam11hKBRF+ruhJRsk2yuoioJUACsBNIG4AEJGXYEDIGYSMbCwuE04DtBGGhDEIgsDGGRElatmWBCdmyw04RANiYtCQLIIBExsZYQYpMWQ4jgYyEsA2kURJWBCjAGIOxSkiKkKc0FpmAJBRiGnIax9aanZILqiW6vnhqLZtKkYpRlCDdVmMaA+k0koqRSoHMXI2rlq1EtDQQRVEElpRCdiXGTGNJ2bKlEYoIgQA7M52BwpLCyE6D5TEb2QCwCJFICo3T5Gx2ppOIUiLkcBBSI9OgQEXhjFDBZLbWEnua1i0nh6JWVKoCFUGbmlsiLEu0sU2t4ZQShaTMzGlqwi3HcXQ255Rg3EXYLe2WFikxTVO2ZjtKWDgtq9YiKyJC4SDT2LRJUu2iq12U0ne11lCoFKVdSumjEkVK0+zMtC2EM1EptYpozVPmOOXkbMOULadhRErJUyIJUhmhiCKmNmW2ltgKIaVxtsSAFF3XlVqBKJIcQhFIxm1qU0uBs6UTEQoBk8epOUksFBWcIGSAiNVqfXiwv79/uFqPrbVs6ZbprKWWUBM5ZRqnbUthCVIis7WpBThxg6SlQ1h2m0CGIIQClRJVEeoAsG2KpEKUbLg1iSg1W3NzZkJO47CeRifGzSAiNLXJcsA0DQ1hS0SiiK52Cgm1bKXUKFUhA4pZ1/eLeYQyQoQkMpDSiSRKqEQUhcY2pRNCqgSys9ngyYkhcSQhKZGBcJMMDdxsJ8gFK8ERQmBFRGst5ZAtA1HUpjQgFHK45RS2BZmldsiEDUmmUySKSDLBgMh0SzB2YAkIQiErFCgURcIYG0nCgEEIMBhJkmSBhVKysCTbgIUtyUphWXZIpDFACjDYQjYYhKXAOEkZZQNKBAqFJJXoSlSwUpZUoqpEkC2naTJ0tSu1k2JqGZQowjm2icyo1USCJHBERK3Ck6dkNG3KTDKwRIiqiFICoSgUqSBs3NJkBCkkRRRCUVUgs2EbR+J0a1Mbp2mcbCLU1Vq7TlEJYUHDqMjGdlEXtbY2phOMLGwSsIRokERghEWCDZJspBJGyFYgJBlESgpsBFjIQCSSrERIsoQQAEIC2cZOJBRChpAUCCHJlAyMnLYsIaGwRdqWBbKwSGOsCJwYCYSdwraRDATIOGw3gRGQqIUFYDuxhbEAIwMKS+Fwc2KScCgibJuiggSSAgwFABMyBWMLYRzhFCjARpYJYRBpgxLjELYUUkiKMBRCcroBmAQL2QZwlMCQCqFasEKEaqk1oiYW1FprV8Ats2UiSilOMCUiTRvXOBC2I4qQhBV22omy1FIVpXQU3LIp080mhNIgMBIiSnR11tUSRaUgiXBr09hGt0Yay84ocqAQuJRSam3ZMpsNoELLZhMpSc5JUhDTmFNmhKYp7YwSUQOrjW09DS0zWw7jlG3KtI2slmmpzrqqYltSELXrIiIzDS0nlajRl/n8wn33dCp/8md/9kmf9qlHly7dfuedG5s7HltrCY4QgrQJhBHCkiSLBJCkMMKROLFMI8PgSJ4ppZCdDYSMMZg0Cge2kQQYiUQWooCNCGwkQyK5CJEYJFsyBCUADAaHSQkjyQqwnAhDAomQjafD5frBNz5ouVw+8pGPUqnHTp10ZrbJUxO2cppG27b7Uhfzvusq8ji1cWyAoURxZk6TpITWWmZzGpCxFISxQKUIhKOUUES4RAkAARjjWrqIsB0iIsBOQopQIEUIIbDTTY5SSilRqoqUtMROZbacJkLT1JxCHoYpccOtTdmy63pFOJEBSKZpGqdmJNRyigiELbexZbONcQYQkDRbXKaUZFTChEE2kiRsAQVJiEhSAocFZCAFNoGwFGEhq2WiNEoACdtYFoQk5BAYgwUIATiRCXADNSeyySQxAiRFEUnLFLYCRwmVULZ0ayVK7aoiokQpKiXUEYra11KLJZUSKlNz2m4mJMmZYQeQ2EbKNrbWmh1Suo1utqIUk12tXT9XCQAkWyqlRK1d7UqtJWpXFAbbDvelRhQERJQAsJpxy0YDjLFLqJYookUpUSxwmsAtG4hELSkSpEGK5uZEgcFAaHJO07geV11XS+37rtRau1lfalVzZgqbzMyWrRRIt6llay1TpZQImzTKzGwmkchsdkgUWRACJjOMU7a03dLZKBGKUiKMbdtItklhwI1mOw2OUJSIEkWBjE0YMhNjp4MSlNLbkdkEzrQzamQ226VG1Aipdl0QSE6iKNOAapGErVTYIBFIUrihhJDsNMy6qoiIAKJIktPTME5Tm8Z1kk4jail2pklnoFJr4jFbiUCqEYRNYLfWbEVESFKU0s3ms64vUVRLjVBEraXiKJJCNmlntnRGhE3LKTNtgNamyTmZlm1oLYgp2zANtpGnNmVma22cJgXR1YjSpoapNSKQbInLIiKdkpwQdFH6WmuptRbkcRpapp2ZTSrCKtH3s9pVp8dpypazWd/P+oiIMHYbp2FcD6tVSwdhmp1TNjszHUUqBZwQ2I6CSkhyy8l2w6EoiuhKVdSockYEaeGCMsB2OoBARhIOOaKGIkoEcigUNawgMEplphRuDYWINrSppXFYU7ZUtpYYgZ0mDdgOhW3ZblIFwMaATbNxYpxOsBNjkJDAtjBKmmxJEjKyQQaEMVgYgxBCyCkwEjJKnMI4JMmGBBkDSDKEKHIJRdooABGAiFBJORPbQw6eWstsNpYiQsIgIRDTepza5CTTmSC1libd0tkUpZRiWihIxpaZVqYbBoQUDWd6HEe7pVIRESFAgUIhN0NKyKYJAkGEk+Z0OuUSERHNk7GDWmsUBTR7mhIyFJanKYdxNU4jUUpUJwYynSJthCETp5CFQADGJoVs42aDUJIJgcE4EbIRSDYkNkSidBo7DQYhMMKSEE4ko8DCaSOwZSMHEkgRxiBIgkRIyJA0yzYGu7VETJ6cU0oViwjCGU5NDSBHCLkhJZawLIwabkqbDCeCkEEgbDubjJhQYloaGWfachiRRlKSloVtbGOTSGRrqWikDSjDIkViY8i07SSFkVpmOu2mNmWb3BwERjgkwEAQpZAEIGyYnOTUWmZrprWJtNM2ciSWFCintLOUiCKkrnb9fA7GkUailgiVzCkzrVKjumEy29SasSGQwCCVsBM37IiIKAoadgpESESUovQ05UQqVEoXlDAWiT2lWwaFCBQgW1KJKCqAKBGKCKWTTDeKAlEisO2WTiWkMRHK1uwks3lq07QepnEYp0yjEKUWhdM2tHSaaRiHaehKWWxu7l04n8Pqiz//C37yp36Cabjj6U+cbSz6Wo3HTGFCkLIgSdmJCVsYpzMBJAPhAIciDULYkNgWBkmY+wWybBnAwkYECICwmwA10iiMJImIZkwgB5bAlm2nbYFJgcBIRjiRQ+AMo5QDHFKUIuXB6ujBD3vE057ytI/52I9C3Ww+J0opfZRSpChFUkSZ3BxRFDYiCUxmS4nSV6JMbUq7tRzHEYwUEZ7aelhP04SwhZimzGZjLHBLY5faRVAURbRMCSKksIF0tsST004phEyRmdzaNBmQEssRURSyFRFgkVGptfZdV7uKpVSpUaJg2y2iYNJuSWCgpWkuilABj62RxkbgCZAEIQyyIQDIRsECFGCMJKNsOA1GEoAt21bDdoZkCWGM7KCEEMIhgcFgHBaZQiYTZNlhA4GFHAAOhTBhpyUUQISACEgDICEwSsQVipja1FrDcgJhe3U0rId1iBIhKCUQyM5MbEsqhqS1TMsWCglNrbm1zCkbliCnqYWilgpWqpYiKYuMQTjdcBJpBW6ZU3NDxVEl1HJsU2aaCLVpysmoOW1DyGAopQhAVsuWmSgI+q5ThMjJjpQBuWVzINVaA7s5Mx0lnJqmFkJRSonS1VBERAkBy2EYVmtQ7Tok2xElIkKSJMmZYzZbRRERlE6hiCILC5OQOSGVUCmlq6UWOSJzUBWOYtmZyTSNbm6tTc1uDVMiBM4cxmkYxinT9jRNwkGJEBE5tsx0axEAMrUWRW3T5NaQkGhWhIRCUUKFvuuE3dJTy6mlUVBtZ8tsk0qpUWiJcIlQoASw045S7GyZAVEqdkapKi0sCAUOu6UTRUTYDoJQBSfNLYiu77GbE4lkNutqdOmWNtkaQEytFUEJ7IgQEaEpm6cpDQrjiAjUWgPZFsa0nEa7hKYJlKVE1/VubiSijS2qFBEZEXLWUE6SnHbLnGrMShfZEoWk1pKWUQoWhlQppbU2ZatRIGScTSYULZvDbUoVj8MkKaqmaVDU1FRTVhRVZ8NtaFlK7UtJ03Cp4akVETVMiJRCUCMU0aYJW6UiTHO2KDWnViJ6MFg2ErJcitNY6YlxnEpREJYiRKNNDdkKIArD5KKGIt1s19ohkaZJCrAoQgq1NtrIUAJCqmgyBIHsFLhgFLaNkJS2wJIxIIcxkhIEwgaDZFuyUwjJGAXOFMVYQdqAHCCcRiFkZSAKpFNIkCbITEsSbpIkINsI0FpziyaYABHNDYWxUFdla2pTTi2RMKF0BpKoRTbIGIRUhMGZCkWpcrZSiu0iBWS6ZaZTKrN+Rpg0AhEocbNznciWZNIWBrAVlBLZMk1kUkoBZ2ltUtpKEUIlBDGZ0lotlXDLdJu62lkgOVEUA5JyAhQ1JGMACwjUwCFZAoQQWEgWYTvAYEuB0iiSjAA7ItKSsUDClgAsZDARWEASwsIGFLblYprAOGU5sAUIwCAVqXSlU0eVbEIkIm2lmwlsJCELnISVBVkSmSmBC6SKBE4sGUsosbAlUFiplAEcKHHiEFNTUSrCSQ82YKLIJmRbpJ3S3FiBG5KcSUS6hQLshgIMRSJxGKKEGoiN+byUMp9vIlq6igABLiInmpCFpylRWIpAtDYpnahEGLdxCoVqpBxOU7BDQhZhstQu2xClEzbKHJUqtSK1ljglRCAkimXJbmnLGSoQTa3YBkNRoTibEdiZGVEEmc0BTktOA0DLyaJELREt0y1DWCFSUVRc1A1txO66qlIyWxRKlMSZzqkZSoSlWqtKEDVxIKeJalob06hEtEkOnA4ybZNCJQqKnFqpqKvDepXmbd76bZ765Cc//FGPufMZT7/h5gfXkIXHibAQkhTYKJwYCRAonAYjsABBgiwLwEDY2KFIW8IQgBR2EwiRBiwgwwIsYYMkgQEjsJCEbdlYRinJVghwOEyCZCxhEY4EEZYRcggnskotTq/Wy2Mnz3z1V33tB33Qhzz6kY88Orqv7+ZClFLS4OYGykzCJardVCRQOjMV0UWMtiR1EGGEjVxqqKVKtNZQydaiFNuIqU0ikGoXkhQF2wnQ7HBOrUVESK1lmihEVGfLLMItU4EcBLIh3LmilhYAQlYo1chaIkqZxjFqwc5M5NJ1gEI5TYIo1Uay7cSZqXApERFkNaQB0gijANvYKUWCLGGMDRhhRAQACBIUqBkJgYUsC0kkKiibHagpw2GMlBCITCmEDRIgS6QJ0gGNNCUgE8kpiQljoBkAy1a6IWeSpMBESCqRrY3rYTaf1RqtuTUrYjab4eYQTSBQCdlhWhtb7TvSzqmpZDaFEoRq14UpYIUiA5I0Vok2TlNrQrVW46ralG1K3EqtDbulDaZ00alMmTRTCIeFiWkaQlKpsgnkwNGcTtupiIQoKtFPU5Yip1tLcFDSOZloTVEiKCidSBY0h6QIF1pLSYndMrOFQhIoapnhVqilZmIaWIoIkZo8hSIiZCRUYhwme5CtqCFbjig4SiAFCmwiRIaVqtOUEW6ZnkyhWMM0Zst+Vm21bNM0RoRUCiYKToEk48Q5TqpFJZodIYxU7DZNE6jhTiUERoGxEU7bhchMW26pjlCNwI4qDJJKQQZkSa2NtZtBZDM2koxFqIgsEVYoRyKYJtsTrl2ZRkgSe5iaUyCH5GxNCgXYlrDciECKsQ1tyoDmJkUpUWqpkiU7sQg3Z5GoNSKAbC0zQ1KE7GypGrVUTUXOWrtaNAxrRUhMbpJqrVNOdmRmqeFmh42iYBcczmaaKKVWpxNncwRIzhFF1CBdo9iJUAQCy0FIUftpnEZP4ag1IGRqnTkTaZqmluoWESotKREloqVBIgIcoSIb2UlGFLCbp9YMAgdCCCPsEAZL0YmWtm2wm7BbwJSZbqFuairFttJpN2WoKiKMa60REpFSpgURJTNLibAh7ASQcEgpdUpHIUksKRGhSJI0VU4JE8hJCCdSSjKADUo7ZBuFmYRkgpJOlIAtkJuRbFtggrBkWRYSxtgmkZRyWBYWAoQTWYnDUEAggZtaZqqEACMRBMYyyGCnECFly5SKCjhtNyxLgexEWA5Ftsx0eihdSOHEGGh2hIKQJbAsYmojoU6lCYwyWyaiRgWnLYhSAsZxmkzpS0jpCJuQsU2JsHPMMUJYERGZU7ZaC5CZTmdptkJCyEIGqAVwtkwHEpfJKSlBVmJhIYyRSBxGToMNYFkGirCVIFsgYcsJQthC2JbCtmxJjiQDB2GcluRmI9lIBjIDgQnZtkMWe+cvHh0eYhPGYPFM5grxTOY5hEgDIGSAEGkAg8ACAwgM4jKBpbCNkLCFwQaDkEEIMBkUSIOwwTyTwEgAGABhCECkkTFX1L62lk978hMBgadESLLbZAuMQ6GuM87MEpACqRaECJx2WuHMEkqrFhJaS0iUkgLXrp9ak4JMEdQQUghLCiBJpzAqso0jQmTY2bK5ZXNT1FKEYmoZkI0oGCVZoqCCE3AKOQ2ZKqVKKLI1pyUcIStNjkNEjWoMipZNmZYA3NTAVilyU6hEEG5Tk7DdsCFCqKNYQObQxpyyi24KgixRTWIUcmrKtBuhsQ3DpeGhD33YsDp80C0Pvuv2W6+9/voyX4zTSCoCkyTGgQyAwBayQQg7cSGkDJS2MMgyBgQGwk4LBIAkW8JgSU4jGSAhACxLwjYIjEFGGMLCOEgRmMsMFEXaUuIwiQ0AUppQogjLIVTEOI3HTm5funDuZV7mFY4O97aPnTrcv1QoilDgZkm27JxGl4oUdqISRc3N02gVIVI2kQZFsTMgFZIi26TaCIFD2JZRSDCOUwkj0pZJG7ckFApIrCgVSoQjWmZms21SWRWpRES6MakV2TYeJxewURekMskcAYVIkZMUSEplNknZElIRWBTJdoSTGkAU1thYgGQMIGEhhRNJskEmESgwCCeSbBuJlMMYLGSMgJRJC1KyiDQQBhkLAWmCJqrdLCFssEMYYQgkZ4ZDMoRtCRAQzUC2lAo021aLTEUF2QDYETFlRhpbIpSKgrvMppCIhDTCUilV03qIEhHFzlAoSkC20RZ2s1Eq1FqLUkopIWVxgYgCKUW2ZmfaRkXQsFVCmSkVlVDaJBkqCieyLVsepyghR5TiqRmMa6mEs3maXEqpvbCmcSCKBHKJIkhLMtTmKU11FJOlkJkiiOgVhCKcLTMogLHlKKUqyWwtW2aWECotUwpPmVhFEQUg6bs+pynBUEtJUEh2y4iCM0FkTtMUpShQJqmi4pKKkKghR9bSp7PlEBEKBahU225FTgyKCKQKGBdCYspWo6BIO+SO2qZmZBNRQkjKBEghK0oAaScNClAd8jQpIo3HZlO6UkJumU6DRGtpEkKZo5sxUXJshENqmRLOKDVMydZas0oIZANJhioqLSckSaG0ws6WKSGoXZWDUE2njRuUzKk1V5UWRIliJii1TOOUVpUciILItELhMk5TSLWWTAMq4ZatNaF0RlFrtjObCyqlUuS0lEERMkSJ1rIWovTI2YTw5AiiREePDM60StBI8DRFIIqsUkpmAlFkZKUTVcllaC3tEkI43ewCKYQMgTIzbWghjBWEauA0UxtlRVHLJpQtpbDdWpNxEAo7SxRJckYpVaVFm4ZW+1oUTajIcmsNKaQogXETYexpGoyIUKYtRQFHRARGwgnC0bK5KSo2mZZUCmnLsgUgsCxLSgMExijCtiQBhCClIEEYDEIYYVAYJANAmiBtSWAZKZxKEQgsnJJsR2AbhPBkjIqMpYiQHAIFxhCSLYFbQ3ZECLKUGgY5admqIpGdhKRAjNMYKiHsROSECtM0Wo6oIbVGKrtSnTmOrRTXqEmO2YRKKbUWhaQCxoSUmWA7JCzLQgCTW2klnbWUEjSiAhHOlK1aaFaE0xFhAQgDtZbW0jYQBFAIJADLWMZOS0pZtsACEHYKGRzIYEuBkY2MsCUhkbZNYFCYJqSEwEZAkCZSxgrZ2OAgMhBYshNJYTVlODFIioP93W62uPH4Ttqlds4pSrWzqGRr6ZTVSJzpwFlrn6SdYWUgR2aLKNBC4LBbYixARiWTUNq2IwqRslKTW1jpKRRINmCFiOLWKNCylq7lCGEh2+komMiWwgZDF5ENIANSkBTJmqaBCYdaa8eOHTt7792PeswjgcQIWQITNawIiTZOCcZhZZNElLBlT+k0LrWC0mlTilpzBGm3llEU0uSspbT1uLYL9PN5a24ehSSVCIMMGIUbQITIbM7WLDudiigSaGqtlAIKmtO1FllTjqGCIjNVjEMkQUgpyaShRFEYu0Qx0zRJOU3pNJIIYznTSmy7lo7AiVFzY1LLFqFQMRkSAjkyLKsWQWlZusAmC6Qsi2xZSthW1Myx0I0eL146d2Ln1J133flGb/SGv/qrv7597PjWse02ZpKykGQnhLBtS2AsCdIokEkwBgnsQIkRgQwisQBDyCCLyHBYCQiRdo1ip0GSjbFRYCNkS8I0p5CkNJKbXUKkABsEKcsSsiyEE4EUJBSHyDbhEnF46eimB99yx63PeMe3f8sf+fGfiyhAktVqRjIGO7Gn1pWIKE4PbZQECkgnVgQGOVtaymzGrl2l4OZSi20FuEQU2YhitWYFToxKwe4UliOF7VoKQWuWU1JmU0QtvcAmM0OkDXbLghCyTWRkxV0UC0gpJDXStkgoVgNZWWpJG6cisG1KemptIqCNzZKiFCAkkMFGkCaAsC0ZEcIGDIAQFjYgbCMMQFjGoFSEm5Esi8BGGAIwQGCkdEMgbIvLTELIBjKEsbCRBQAGsjXbUlURDqbMNhJdX0pzcyYNikotU2uTxhKVzEyCNM4kCrJCgOwWlMAZUkihyNqcZEoqJVqCHREAxlKz1YwsU0uXypyEJkqoUWqRnIlKKDNtRQGyNSsJhQxKy3YttWWLCCybKRukUqGiCCf2JNGmiRotGxEhDIraMkMSQmGnM22PmUWKUjITKLVka1PQGaNSwU7btlszYAtJEQKiBNOUXd9JxmQ6bRmBiktXS5JqLZubSqc06aZJiiKYpjEiZFpOoc60EsWSVCDDUKO51RIqM9JTNkNMaVslxsljGzp3VoU0NoIkJTtNSCWCzJZJSMQ0jRRLRXJmNrKLAooA1WyTkIlKq0ApneVsU0SRwqQcU7ZpHLsS1C7HsZSudpFjBkUKtySKc5wSRQAtm2xFFHUqkyJCmqZJMOtnmbIckiWcKsWZRkHBaVwoKqJ5ypTIlN2kqErjgrK1YWwmZ/0sQoaUsVTk1iYnoFJwOiNJJFxKCVuS0g6SJoVySAcqMbZJzRHRpqYu0qbhQgiXitzGSaVEesw0gTOdmSkkgjByGJcSERjEOExTjmRGKaXUGjN1snMcJ+Qa4cyGsbFTKuoEoIbT2dyKipHtlpSaBpqVzhAtFYHc99VWZpOEFKAQKpm2p5BKKWBMklObuq4roaBMrWVripKhth5RSOlml1JKZHMbp4gibFsp04xIU4SULaNEjihbRHGRMu2GCIBiUhiUIIxASjscCgwydhJSGkGTim0rws0AAguBMNgOQzEWFhgZsAiEAVAG2AjZZCIBkSGgrUdjRQgs0hkO07BMEW4G20Jph8NBRAllIkt2IQxRwulpauGIKCWoKi0xE43aVXBrmRO1r0XFxqaWQLIUlBI4LTmJlpNECYwwfd+n062VUiPCInBYU5JO0iOtGRSAWkqiiDQKEoJwLSELO7OlWgp1USwyG2AbGywFicOWoimLZQeCtJSJFOCCjE1ACluZUggsBHLiAAI7wBnIQabDYYxlLJ7JNkIybhAGSdiUQk4QsiRARK3lYO/gS7/icz7hoz+m0YyUOEeiKBwulixjhUHYCRaysUDIoDCWDZLA4bBAVmLZBjCSLMtgGykE6RQlwpktVBopBzIBCRagSKdDxcJKOSDMZIt0hJAyWxBSmFSEM3FxNElYmXZrpQtPQ9d1QSgAYQPZmqSIkASySSYsp6Qcs6kB4aoaCpVQaW1SqGUi9X3X0iE5GIdGKR2UGlYqU5IU2FM2IUXYhhQyLUcnlBIho+hLZ6eEjSQbOyUBtqTEJZ0qAqTItEwiTGuthEzKgSyFsqVVawWDAeGIcIqwWtqqtSpCaSuGqeGMkABjGlaUSLdwJCkp0xWp9m5GZLZm11prKRlpiBLZUqqOrFKJcv7sXSdOX/Mrv/Srn/AJH/flX/lVwzRcf/2Nh0eHVutKaRRPKSThtCVlOAAVME4TGQ5kDLIsSyQSTiMrC5FghC2c0YTMZSYiSAgEGONIKQAJjDIpEArLGCSQCnIaJRkUk7JsgYFIp6RIHCiRMoEUYSQRHobx9PXX/vhP/vyv/OLPv9GbvfnBxfvm3WLMMXCNbgqUrYuanqYxo7Toamk1M8lszigqpQaeZDKxbCRUqkhZ6TZORC1kGktICinJEjSaFKWQTQalHMhu49QqJGkXS4WuVitspzMUoQKJ5JYgF0UEIrPJDgcBToOzgQApwM4U2JkADSLENI4RwkyhUopDbi0BgwBaCiwFABaA05JMSrIlO0NhUNgJgBBhEBZgUhhJljIlMCArU1Fs4RQCgS1AcpqwLWQcMgonIGTZCFIEAqNAArIiyW09TTPJU2uhyNZGXEs1QTFW1GqUaTyUqC3tFCHJpdacpjZmqYEZc5QUtWBPrTFllLAENlGqlV1rgxVVRSJJYTdP6YEpRFeqVJGJbprWiSJElkBIJmUZ3FwiDM6GFIBVa5VoLZUOK6OEICGN00ZBRNgSGaVma1EiM7EVRfKUU43qUnJqpRRBph2SACLCqRQhW2FbmUjpFAFuRkmUEEzTVGq17SaTpVZaW09jX8o0WSUkApppZHG1Wy3RIACp1i6zJRlRjFvz2NalCJqzRSnYXanjNLXWuq7rVFKJsSmSuhLRm2zj2Jy1L6BMahdqDOt1ZvZ9X4pKjWlsFPp51xpFNFNq7YvGsSECIYVEoGwpVaUtcKZVlClXqiu1lRKBlaQKmJykUKVmji0TICJUFJbCzQaliCTCra1bllqE2mQ7LRBMUyk1QlPLEpFBhCHaNFkYhwJTQlbYDkqzLWgutYhAlFLHYUx71vdja0Il1MZpmFoEXa2tTVIkLgmS5ZaTHF2oTY1Sgkzb2YhiywgkciJrhqI4W8tsmbVEgxoVcsomCSSMsw1WUYmCjLOlgyDou5kzAQxQUJNqrcK21XWIcZycqRICoE2T7SghoigMOIoNIVCVXdQm1WhTE2pO5GwWjlpaNkEbExKpSG62oBQ5c2oZTY6116RVBGRLk3JK0dpkHNFRKCqSsmG7qVVXUSiCLJQkpRIBirAzkWUhK7FIGRB2SEhuEBTLso2NHVHSiREQQaZRkCYsAmMZY0CACONwGiWOlAWyHGAsFZMyWACSnEFprQaAagQFA5IdCss4DLUq04EkEC2zDdNk912lq2GLsLCzRChkq5ZMK4K0M91aKyWkdGI7iCyGnFqKUBRPk3GUTMsJQqaUqKVOrWUqQgqmNuKIEs6WmbZGskRgZ1qij4qcThP2NNldVpsSsoPW0pMtp8IY21KEQFCKAMsUhEgjSKtAQQiJhICkgDGQSiwrJTmRBDiNEMISxmApLJS2MCGlMixjYTCSTUg2GIRtScZYYFQyjYxlnC3UA+uDfSQPQ6kzhSlqLZ0NTAomN09BRMgyGLCJgg3CKSWESDnQlE3OlomKZVHwZEVBxrINmQlSRKCWIwRuViSYhiwLBGFPxcrWGhLYDstkKkLCiYiiMNhjNgunZK80hWrQ7EKIYb32lCUUpWS2qU3YpRSDbCOwIlCGAwk7oS8dBYxxOiMCN0k2tuVsGQ6jAll6RRRJmZljOpCEnSIQIWxMpqOYlEJFxgZUxGWtpe1SCnaEIjROCWlHlHQjm0OyXQptokRBnqlmQSMtc3JGlFBRpCwnRiiNnZlAUmtnJ2BDQKqrpaWcqQihzAnLxnLzFBGRWIoSdmLbRBThgGxtygQVpKJSC7hNTnu+ubk63K+zjS/9iq98hVd++Xd+l/e49SlPfvCjH7k6OMopFbg193OmgQKJwiJMGmHCkoxlIWQjAqcAEIAiMQYMgYRtjASW5XRiLIxEkSzSlgBhh2SDUmkrLOQ0GMkuoXTKoABLGFJIyLKMnYRkgYVsEyVs+m7WdeXN3vwtlkeHO8dO7e9e6GZd4tZaI4tqZptaMxgzNUJkqhSlMw2ZSlIAtkIRalPLIouIQpDj5C4Ct0whQkaGEiUz08I5ZutrDZSZpVYrA4VJslKIIJM0gJxOSbIdihA2tjOFLKWSZJqaglJqZtpEgFVLAbcpa41sDUgTEZZCSHY6W0ZIkoUzgRAE2E4kFLYJTCqlEOAgwIBS2CnJNraQsSRbkuwEEgQIGykijYSRMQgDSEbCBqWQnBnCIkzKQoIkUkRijDGXBSZKV0pJt65W25IVUpEy0s04Hc7MzK7rIRQmmcZWpBxHFAQtp4ioqklTOqKEcwxTSihCymzjMJUgiUIgIEhP2UKSKIqCkBwKwgUyJEHYmZkhKUqDUEgJdlolaBhZrRB2uDUjCAMiJbJFKSIl7IQgNebU9RWQLeE0pExmQ5QSSqsWOTPBsrGIosBTM57AoYIcKkKGkNo0QVgBZGtUcKMEYIw1ZHa1hKK1MS3bIaacRLSWioIMITJCRqSBEiqlhsKCjHQqIkWbDGRaoUwCRSHTBFLBAS2i1Kg2dqKIQu3CDmdzdCJUWoQwoZxsSenmFhGKCCI9GcuZWFjVsjND0ZUCmJyyqSkgIgjTQl3XMlsOQSm11ejSY7aJpojMdAmiREsP4xC1dLWmqKWUUlo2t+YSgmwZEaUWp1szzRmpDBUlFEIhydPk5uxKIAGhEJ4ykSTJuBkpIpBCMoQofZ+Zpk20Ep2xRKYpDgoW0NyaWyldiTKOKUqEhLuu5jRZkmXhbARFoUKJAgKbUlqqBM40bmkgPWWLEoRkO1yjIKwSwTRMTY1kmoZaO4cwETIqNZAsYUwahyhR0rYNzrQku5FWilIshELR3GzLssDhdKjgNJQIHMbgkCT6GoORAiyLkNIUQjYhE9HNZppaOp1pdXYjSQHIJNjNFqk0yJkpKTNCIo2MyRAJWAZJtmVUZNuSBJZkky0VENgIUgphGxAIA1ZIxk4UBlmOdAqlCJwpZAE4jQSAUwqMyMmEDRA2TrAUSgjbKERz2gVlyLbsSsniklNAjs2KyRPpUkqbGk0SUoTUcsJEiYjSmhWkjYkSXWFcT4Qi5JxSRGCKwjhBRQUbXEsF2wZEJDk1C5FOWrZUKYroarGdOArhgp1R5QQJWkt7MlISiNCUjbTDgiYDmQYklFBkjIDQlA5kWzJWQsgJINlICmU6bCFkOQhjQCYVEshAGpAgjeUwKSkdciKEbQAEGAInEqFIQJINFnaGigBaGnxp70JX5yEUGqapEAlCEbR0FOXUIkKgEITtKEWQ2ZCnKSUVCUBuxplylCoDGAuFRJvGdJZSgQhsQErSKUViQLaigu2GcAZqIEmATWaLUrCNA005iSpZilJCaFiNqoqIJGV1XcUOddksJktAKSVKba0ZS7RMZ8pQFJIDNyIChCxFTsM4puxSSwSiNjewTGaDiBpCbm4tExcEQqpF2LadjpCRLJROIortUrCMnTiI6AIBZCIbwFiWRIRAGAAhWrYw2QWmydksYdKkSpCScBIKhQLkxMIGJCHbymxRQ41ENbpScdYkc0pspCiRadLNTRGARJQQgUm3UDiTIO1ihErtFHaSpQyrVY7j27/9uzz55V7mxR/70rc+8Uk3P+TBbWrj6KiRbSQgEU4QdooACTAgbAyBbQhsG0nIYIORwlhGYMl2SEYhN1sAsgEwCJmUhYQtaHYtpDEGUIBDZENCMs0ECNtIzlQETgcY20SgTIsgDK216268+fZn3PpGb/yGv/07v18XMzdHTbcolCBTjghDgO2wrMjWSi2RgVsSQumGkcs0tXEaK9H1MyXr9TqKQsVpJ8iZTDkVhRRBYIiYRSgoiqzuSjeN4zRNNWqasWVxImU2lXACslHErJS0s+U0TSmHo5QKKSICRYQ05RQuiZLG5IiikIhScRKmudFa6TunmidLkuxJkDKQpBPjKNiEZacVxpIEaZDDMtgGIwyYMJZl22E5grBBNoQwykwCDDKghMAIGzkIgyKNJLCxEsuy0oSMSBOSsW1ATsTkTI9BVWCw3KYcx9E2UoDTpRRFSEosYVnymClHX6NGgUIRiVNGIqNGl8Y2Odk0Oz16DMJFThMKyYEUNZQ2tnBrLVtTLbWUxDmlhCQkBW6Js3TFRm0KY2E7m3MaVWqJ0rJNOVjCtbnVUqQIbKwIoyihsJB5pmQKVZnMBEKkTQNUSgnc0sJyNoeEFOlMMhIHmSkpFLV2bjYGhLJZIYHbhErplDkFYVqmSUcooiCMnSLTyNEksCQpSLdQSRvbWCZCUkB0XU1nSJkZkhQSEi1JNwlqicxpahFhCCxiVhdNU04pp5tBNgrUkCRHukVkghs0W5Isk25Jq5JQUISF7SREtmYVFTtJN9KFYjfnOEyUUhRRul5YhHAIm2yZdmCUqERRy+ZMR9RSpmmSFIo2ZXN2tUxtkkXQ2hgRUWRIS6KYUCiiTZMwKEq4pUJ2NlQkS+PUQlaESZxIJgrFykJJ0rasJGupxm1qpXYRSjtCJm1lZpSIEuPUSonMliBUSuAAUI4tCxE1bNvYjigSEcZgZLkEGJAh1FqmKBJka4myElPLkakoohRHCjWlTI0CAQ4xJZIlMhMp7RoijWltchIhGxU5M1umHVEBBVJECQTNk5EtRd/JlqGUgsLpEArZ2ZJ0kyKKQKVgSJrSRBRJJoRCFs60otm2UUiEwiRYFlZgywFYIDA2whYGpR3gwAIrcBoECCSRdhJyioSALMIWJkESOIiEkCwbY4VJJDAFG0yJimw3AAUKKQhSJjF4TAK3lnaUcGIURVWlCRGqJUzLpAC2UopmFadqKS6EFUW2yYAI2UhMUwIkKqCIZkypQDgFRsImJGMHSi6LiDDT1NKufUVpyXYmEWotlRHIphSylSRDwkIFmwIEtoAARKYsjBLACSIjw4FtQwRySjIK4TQAQlgSIjMEKQW2LCOUJCkJG2SZK5wACtKE0giIgi3swCZMImEjcCDbCgMQ2IFa2gasZujKrO86g93m3cxGEaQdWVCJQnW2RiBFmgApGi6AcJlqFCSL5uwd6mUnDoyF7CktEVGLXEqRigBnZk7FnaqiWAByQnW2JCRJbi0A4YiQQyHLIhRkUtsoZAQmKIq6WVs6nZ4yCk7bOFo6sxlbETbTOEWxUKaRsRx4akRK4cnuEpOYyFDUCDsFtiTXCNsKAZmmeSKdiVQi0hlIgrSRBUVpCyVgZ2YC2VRCFuFO1QWsbI0gW2YSkAayRDEIsE2mlYnAoTY1yDS1FknTNGUp1YCndOZUiIjaMkNBUTarCCkznc0mx2ZnKKBlw5Js5JAEzkwbiCjIlpCzZe1CqI1kZqkRUezWEmVTX8ICY8jWwsuDSw976GPuve++62+88fan33rLgx4UM6+OxtL1ZANSDkgTgW0sC2RSkhGkEZKcKqSFQmlEgBECjKGEmg2QlixkYwBEIMtCICUphApKtyAShLGNLVQspMQSGAokSFhuKcmBAHAayYmFZDdPdbr2mmt/53f/4Fd//Vdf//Xe8OK5OzY2ttXFNAwtqV11ZCEIubWEhoWw7AZIRlZTQgS1FIWhutkiQiYy05lRQiJbyooSGIJpnBSl1AiFoaSmNmWmJMs4sTJRKEpxgiAIo4iGsY0lqopCUQKEKFGFJErtlERRNpmccgpF2hgJ0DQ1ARZydMGU6QSliSZAFEIyYIjMtCJsRJCGEEYp24oI3LhMEobEgWQsMIRJOyITIgOcCIAUijAZBmRkkginAISFjAVGCGTZqRBAhiSEQhgAy/I0TUJRSpESlZCxwHgaJ6EsYZvmTIsQjWzrobVsXal9mVkEIZGgdCl9urVxMgR0fbXthp0TmUN0XZSoBjtws5XY6bG1ihxCVolpakUqUaZpbM2llGgJJDLGTisUxlKmgcCWcUwlCmRrmc2KCKRSS2RrzciZws3pNJEKFWrL5lChtmyZTThKRJBJSyDBCtEwHknWSUSpNd0AJKmItBNbEQDYbiUioqRN2naUUI2QkKbWooTTaaTEkZlIRbKdpDEUGSQywUQrpajJWHJRNBwKO40Bp8EyhDJN0MaJEiVsKRSpxJJSUjptFAEANlG4TLaloEa0CVSlUEA6nSGVEgnhSDey2BmIWm17UpQgSSi4K1WiTVYopLENtUTtCtAamW0aWu06VMnWWiulhMhG4qqICCQZYxFGTp5JxpiWU2ZrUUvgStBVi8zEdikFhpxKqU6wpswilVJEtilHmlAtNZ22CSKkWqapqRZEtqxdMZ6SdMpRSs0ca9SKkrSRgWyTQmm3NpaGu650FMtuCYE8DYOjdLViW0hIRImuKwnZEpjGQe6JlAW2XVSAqTWJVDqTJEqJAFUypcSWaC1DECgdtQoRzrEZT2SlyFYom5qmdIkSYLdGRFFRRNoiSrhZZE6ZYSGJtMkEU2qgCAS4pHFOrZSaWJZQIGMJShTJCWGMBbJkbFOELUJuCUYynoiQEQYSMCITwkGxU0AigdIKkQAumSYSC9nGjhIuxgIbB+EEaHYIcDaVkm0KQhQgERBCFkJFQGLTyIDAoSLStiWFFBGKyGnCIKXtKaOqhJwonZhMnLaEXBSEaSJERkSGDG627CTHplBRGMhGBIkBZaQIJGFR8JTpllMrpWY65JaTFWA7p5bG4YKQUVHUaFPLhpxIqailtEycKHAaMgwIJ1SHASSROIwwwhhFOAkZMNiJwCjshABkp1AgBAnFpBJCIADbkpKUhG2jwBnOFGEsQxGJkDGyDYpMB0KEmgFq6ch0m6xiR5SKTANSBRy2MxMyoSgyW6YdYDkR1FKilDY5AkLRlJHFBYhQpu0E1yBRCCIA23aKTHCaIttANhnDCBjL1KjOKUVfSrYsgXFOKTknh8IpFcmepilqSdlyKSFKBNkSiWzgUgr2ZEJAU5RwZKFGQMnMzFQJW7ajkhayTLaEKDVaSmnIBCfImowkBc50CmFLYKQgsG0caUqkYWqtZShUikRzkEZ2CmWJmqTJMCLH5r7WUqrbZCuzYSgRxhBFraWaay2mBFIgU7rqZjtVSjGkVAIJ0Zxq2HgildlaqQWcUEoVkZ7cIBSAZXGZSshYchoEzc2OSCXORkiACYUFoo0NFctYDuXUoujihXtPnLz2/PmLj37UI2679RnX3nzDxsb2er2yMEo7QLKRAyUSaUJgEiFkZSJsQcoiLAtkWwIkJc1GCjAG2RDYEgaDEAaRYQQ40yE5DTLIoMCGEKSQDbITJNmBrQBjEwpoICOQwCIYh9zY2qkXL77xG71Ra3nq9I1H++ejbEqDRMuGmTyGo5SiAAsUEWCnMWRClEIYUFe7xNnslrV2CcJC2aYoFal2igjsqbWcmkp26rO4eWKSAiNEkooQBikhiIKNp2wCXKNYFIWKJAiRmbZbImpXmp2ZXQRE1MhpjcnWShfgdJaos9o3N7Az02kg01bIDgEilTYSsq0gkAE7ZSwAmwgpBWlhK0SCkEiMCSuxTVGk0hScIAk7ICXAljAWktMRyjSBDCE1kCRjQAnFCMtC0bCAIBClFC6LEjnlOA6hKF0JKY2ntBQKwmkFaampVZXiQBrHMQhj2Zkgp1OoJS1Hk1FrgOyEKKLILU0IGyLCrUFDVqlqTRF9H86GVKIiZWS25lJxRElkhFCAk3FqgSihEiFQODMVEbIRaq0BxjIKRKRByjbVroJky56a7URRIjLb5CxRVGu2NnqyQsY4gtYyXCgoIxLXiFAgQm5J4GzpBAMtKRGWjCOiOJKcnFECS1YisnlCndJOZZnCBSeUTMJG4HRqrNHZjNkExQWTSjVTZCG7tUmWcShMKsiQWyu1yrhgGSjCEUoUmAoEohbSkxtgW3Qh28hYLuCoZAsMtoXJZoZxHMfB2UKROS2X62ZkwqiAS9f3fSkRNe2pTSbb1MaxkQpVZ4KKIgIHdgOHCJSZEIAMJSa3kBQIQkK0Nlm2M1tKzqS1SUFmjtmIYshsgUBqtl0istmenEZICDKVRpICG0MpwmRLcGutZWIkZ0JGraWq1FCBUqolR0QUCZPT1KBJHYrERaEGJkeMM9s0TUREiZaZMiahTWlny/TUWmYtpe9q6agqpRQU2Vo6E0uyJKJly2zZTLOcKCQsSQLSDkpiYckkitL3s8VsXrsaklENSQrhZoyKsDOztaa0s7WWNIMzE5tECoGEbYygeQwiKJhSqgOMZZwgCJtwpu1QBkhCKGSBImxZIpNAROCAgkkHgBBYShQCpUkwIBvSko3DtrGFkUBGIjCJATuiCAsJnJIwdiiwI8IgCSABOwELRVAUoVLKvJaqYoVli8RpHFEST8PQWgpIh6KbdVECQNgWhuJGtrSttHFIihBhUZEhZRylhCCEJBkjMrEhpzYlDWTT3FprtUaJKiSp1lDUkNzc0k5HCURm4ky7jVMbmowwikwr06AoSEhGEmEBjZDkRGmwJIG4nxFA2IEzsSGEwUYSGGE5LGxhIdm2ELYSwBYyyEFKECLT2BKAkISSkM1lISzIUiAyE1s2ME2DojRaQXJOrbWxyYCxUpZIpyEg02mQhAJFSEHLDMtKsEDCydSaIG2FBAYnCBRBSGptShO1r10nRaZsWmsRLhE1uiL1tUaEDXIl3WzcWmtTKkSJKIXIKGEZiFptpZPU1JqnESuiSCiKUYmIEl1fSqmKKruZHKc2tbG1sbV0C6LWUqLYSIRAAaQzbciJySgiELQ0CGVrKUuSHKVElL5WCZqd2LaRKRGl74JQqESQriVqVIFQZo7T4Ewh2yb6rpSoBWotCqSQcDZnmgRKCUJTazbGbpnpQDaJkUqtpdYQYUJRShiiRBTJqRIyilKjYEGGCoLMbJk4IkBpr4eVW4ooKiWCiAgMDqKWGmGUTidCDhUpycwM3NVaSjEOdO6eO2adnvKUp7z6a7z6PbfftVwf9BsCyQrUkBMwCbKxJAOhwEgOJCNJELZBWI5EYIdtBZZQOjAYFNghACQZ2wanC4q0GgIS4wiQkYRBkgAkkIUkyaRlG9JCQsgmCJAD44bBwqvl0Q3XX+fkcz/rs0HDSESGApPNOA0krbVhPYJssjWFFCEJSWQbx2Eap9YmZ2aCU05cSkQJoyjVOCSnElsCZovFYr5wKKcRR9SSzlIkhZoRlkAqKqUghSJCbZqmcbSNAZCR2tDWw+BspQaoNTtRqqXHcT1Na6NAirDTmdnSaQAEuASSUEQVgJABjIHAicIQCUYQkQEIFBIZljMNSCBkcCI5wImJkGi2jGWkMLYgDQSWjIRAtiRjAlCGbRMAaRBASYxAyDY4jLETW1BKFQJUImqxso1tao0UUlej77oSVc5pdGb2tcNEKYaudrNZH1EmQKQ9Tm2aJmO7IdUIRUxureU0TdkmYXBECGEbwJhozU47MyebIIRbm0qUUmrzVGrMu14KISlqqbV2XdTogogoIQdgO4RM1xVhY0xRcZKpNo3ZWqZtYwnkhihd1KghhSSVKGGyhCPI5mLbKTIUtYQiCkRR1ChFEhaQiiCBDFSiKyoRQkhRokC2TEQhSkjFYOzMNK21FoGSKERE6VRUae66PmoptQuVNk1TGwtAIFDiRPaU2ZpNNluKiLAjhCWQaW1MW5nF4cw2Wrad2GS6ZdoYlQBqqaXUnKZpmMY2mXRaAllSiEi7tayl1FBRKcLgTFvzWSec2Vo2pyFl28aZreXkTAQoAdMybbu1htXXHuRskkqtoGEcsk3pdEu3nFqznTYKZ0tBc0At1YZUVzuhEhHEOE0tp0AKRUQ6W2YtnUCUEupKlYoxokQUlVDJbE7SCCFJ0ZWQAqyoOCVEGCVu2VpLsmWbppaZbjZgIWhjZmuSxszlep0eM8lEjtrVWkISqRIKJMk4m1vLQihKKbWoRsiZ0zhhS5FpQLakvu+RkpYim1ubbAcuEbXUWktzc3Nmc4JJMlvKtNaGTITlUAFsmrMStRTbreXo1qY2TU1Bs2VUIgIL29kSjGQRiowEimRJCIMDheV0utkSspw0I2zASFY4LUQaSBKngLBRBBYmMAGB7UCSi5CUkqDI2IARWCAMCDCSUrJlyGZCCJsiWTZSykqBASwgYsKCdGY2t5GpNcshJyaFSma2hCiSFIFpdhTVUqUQiQKRtkUoIsI2cilBKA12S1qOUzMmZdKyuy6ESilBGNmyM+20nci0xHKbJjAiW9aqqJ3TTtuJhBRCUbBpLkUQESUiWraWWWqIElEcCEIKcBolRiWAwGELUoRkp4XBBEYOsIwAQliQtlAIjFK2QZZM2MYyFpe50YyFw9gghAhwSMhGYGSDsQk5RTixAuS0Ccm4YUAEQqoN0s6cMhsYAhGpqTVPmWkLu2VL7LGRdkRI0TIJSoSRQTJBoWTK6Ta1tLEaOG0M0dIRik6ZbtMUwnKSETWdTrccjdtkJ80tpFCNGlErFQmFSJOtTdkynTiNU5JhmsZsbZpay2nKybbJQqRpthFGJkFhFITCFFNUkWSMx9ZyatlsEwqj1ibbEGnbllCEpHQmSbOglCJkcMi23ZwplNjGk3NynfVIrWXamYkUtUMBEoCFFKWW0pWeoOXUmp0YUAShCKdJQlFKCQlnSITS2exaQ5RxnFbrdWstTToxTocEBkXpSpQ0sjJtpyQJSdhAjRIC7DbZloRlu7UpIkIFJ2kbNzttJyJCOJoJINWcrU0hdaF+Pltsbe5dvCDzu7/7u+/2bu9+9u57di/s932XTgWBFMIqACIDJGwbgQ0ILGciEzIggGJjJQpjGTlIhAASyMCAMSikQCFjFISQEySRCkdiBEpwE04bwiAECqUDsBCADdiWHIBFKB2I9bi2YmNj67M/93PXw7B98tj+3kGtM0UptYRKVSFoaaxMC2NkLFqmFUTUru9KkUQaUEQtAZqGkXQ3K0EYSVFKUaONrUSENLV0Wio1opaQCUWJoERBpQTYkNmcNDdjRUhqLbM1y1IEMgoopSoK4HS2NM2SjSFKiVJKCYwVUlhCRKhlU7ZQlFpDpasFcGuARQAWgQ1YNhjSASGAdFrIhJBtmbQxEgbjAEiHLGEpjOQEgQXIzU6TaQAMIkEYIwtsbAABlo0dEsYSttJANiNjgU0K1YjOpdYeyZlWo8Y4TOkEYUpViVIiSldAwianTIFay9acbdb3tVaQVGop6czWRCDLspQWEUhWttZCdghoJkoVmiYbJZkGO1BXayGiloYiwrbTUyY4ahQHtpMxp/UwGUoUAttBqVEjFCVKVQQoCBSqpTgzs02jWxq7ka0lkgIpSNkoau2LSi2SSslsimLShJFMqARlHMdxaNlaa5NNShIWAiMZJy2N3KbMzHTJZkvYkqJEOp2KGlY4sxCQQ2uZLRAQCtVS+lpqLSVKhG0sRyiKrWw2YDuzKRNCAXZIKklatJxALXOcJkRrU+CkZcvWmlsWsJ1kki2TyZmJYpoyWyKCyFpKKQFFUUpfoutrV1VKFJAiIoSkAonW49pYYEkREZKQFVIU1VIDEmfmNE2ZKYKIZocUUWrfl64MwzoxdpRSSy1FtetKqaUrQ2vNKYGypRtARA2TKBSltZatCaRobhIpW2FkJjdaTukpIjKz2aUglExu2eyICIFku9nN2aYx29RsCyEUxpJKqUWlqGTabn0tpVZoEa41pAiVrlPtq8BJrSEY2tQyCRcVsCFKlBKGZiYD6mpX+45ASkGzW2skfe1DgWlO22miVBQWtkNIai0t0i3HcWrj6EktcZNxAm4YLKQoKELhbGHVrpRSbUtqOJsthCIUUSJkN0/ZEjKNE9sGKyAAyAyDyKkZJwLZVgDCDYyEsUJSSCA7nQpsjIVTkQBGToMNMoQxxoUI5CIDyMowJAaQJUsAEhgbjEksISRZxoiUDEQpCIgkTWttHKaxTdM0TSYlhBVRQs70lNMwOAlFRNgpOU1rUxungkiP09imVICqImogoQiJbArZKEeHQoqWGBuBWk4mSZzpxMJEhNzS2IZ0lGJHtkxnOkEgbJWwW3NGLSDjAKSIUIRQVKKqREmUbhASWCnsBDAOpVCoOTFKMJBI4EwnliwbZIFAZNqSwwJk22ChxAiTCYpQyBCkCIEJkrQxFgobQQqwBCmUTsmQTuGQkeUSApjaCEDK4aSAQo20c5qmcRycaciWtoNSalGUcGKAzLQckhR2G9bDesqwLIdsJyTY2UIIkFtOAklMbtkIRZQAKaA50wLIlJWSQmFhkWnSWEZgILNNpLBQtmwtnc0t7ZZOqdiQFkiAp3Fy2mNzTmk77UaRwKUERelpHMfVsM6WfVejBihkUCkFQlanoghnSiDZxqrRqUQpxVbS2timYXSmFQoJapR0tmxTm9o4AjglJUZJc7pFCUWxMQgRtMxxHJyAQq4RpURE2BY4DBK2pJCdbkYSpJNwDRWw3bKBJEAYrEAKwHbLHLElWsvMxClFRDFM05TOru/72qfInDJTKgopZGjYmeqiRAVhG4eSzJZZakQUiEya1aampHbzo4NL2cbv//7v+9Iv+7L9i7v33n13P+uxkG0smuS0lBgjWTYgwJbsAAtLaWxZiQiABCEnGLABY4ElgARhsDEGG9s4QqRJZ5JYtsGZjhQygYXTBpMhhwhoICPZyCCQIdK2A7rSrcfx2huvB978zd+8qKu1rod1kZyNEHIoaqm1FoRCKrTmcRiwCwokBaXYCThxOlSklJQ4m10IEAlpEWCTZGYDSgnb0zgaJRmhiGg4p0RyehrHzCTtdNd1i/lMQeJAUsl0KYGU6WwNNaCEopTAisBubUIYokQplCjYgI0zWyPlzNGRCRhZgIyxbEAIbLAwApwgLELYGKSwwEJgYSwsIZDSkpBIO0EGDBIAkggEskXiSNJCFhKyLUAGOQFhO4RxUVEAKIKMliNGCkRiqoVDilKCoLW0pza1bOlUdFGjpTMzgii11i4kRYlSQkjKJKKUWkN48jRNmQ0cLl1f5bASjFNJmmyWcVpiak1S13ci29imNmUytmnKJCKnZrccp8yc2tSmqbWcpmlyi4hsKehKRCkK1VIwGQahyNYQQVRFiZAopSJamhCGtKQSZFooECWmRE6pKHAJGxJnm6aWWJmZ2aYmZS1Vtu2udrXrakRrLVu2NI3mbG40p41AEllLb5swhJAUduaUbRpbyzGNogTZcnSzTSCJ0TbYzW6ZUgRSiOJkatkoKiWIyARsRYlSSwnLYHDLoiilSkStDUEIAQRReqRAUFQVNYoCZ8uGjamZjoiIGmmTJG2aLClCqtHRpuZ0KSVqacOY6cSuGUSItIGpNUFkIMA1SrpNLUt0pmV6ao1033dp2jSVEs5U6adxStPVwJLbeshZ17dsKCIkS3bzFC1KCdKZaRxRII3DynQUnA0pVChUl2lqaUeU9LhaDyWilqISmKllm6Zaaq0lkDNTcmYX1ZbCGCWWMxN7MhHV2QYj3JLS1QgNw7oUEoWyRCiU2ZAYMyPJEpW0M3PKKadWahGQLiXStGmyoFmSSSKaUwmCQJNBihgzi41kZ0hGhARE6bowSKJT0czYZDYwUWjpYRgUCihdFciRbqSwiwJhsJN0OoPIpMhhVApJIhBQSojEJXFIUUt1lQEksEkkEtmEsBICDICJCGwHdsiWaIGcISVYRDqFEkJKOzJRpAxIJA4wwliyDRYAFrIRkrDBKGScCCkFYAf25FaNApXosRE4GxHF6ShqY6YzCARBoJbGKcl2NodopCI8tSQ7VQdOOwLSTqFaSJdpagIUocicrAjcsKwIRdU0YaUzikAibaebS61YmSlZEcqWQY2gRqZtoshpDM2tIKyIzDZMFCkECpFTOko6lDigRAWElSaQwXJIAMgm0wpZUhocUmIMAhfJxhgkW8gWIpBBELYRGGEDNpIsg1BilBDYBEikLSELKbFMhLCNimVCwGK+BQRFoVJCCuxmkqaIcFguUaSwJ2OJdCqkUGvNJojWMo2JUhQqJu20IyEUQqhlpqIUxUS2dMggLKwoTEB6ak0AGVEkMtPKGiUzWjYpokYkhN1C4VKrp6ZQUWGmYmdOgKJ2JZDGcQxpas1pKYmQVPvi5kxHEUk6sZrSzSgkgpCdU9audyQYbBtomY1mIVtNUoCiCBGKbIkkRxTSqVICpjaRZChKtRvZiFJKoRRMa5OTzIYxSYi0aiiU6TY1RYCIlEpOtjMUtRQp0qZlc0pASBDItEyhWqrlUgtjszOdQkDzFI4WpaTSDhVEhGxJTsjWotQQdkq1SmNrERHCFrRsRFBqYSTDQTixqKVmZg6TZcvGmhqhKAJhG6SwXEs92t/ruo2P+7iPP31i+33f/4PvvuuO66+9aRonawrVaRr6vmtpYQMgZBlLwmBDgiwhSBQC2SlkY0DGAQqcGEDGgNOSwDxTgMGWkGQLGYVA2EIqdsqW5JBsK+S0LGyFkGQ7ZCdIKAqZiiI7j46Ojp859eu//mvn77n31HXXnj97Z11shZVTo4Rs4ebMTFEkWe5rUQQGYxlTuw5sS1hSUWfl1KaWUykFS9ioSJrVNqVbGtlumXY6HVFIGi0zgZaWFKGoPU5jW4CNTCgsPKXlbBlRUDodpUrKTCFDVyLT6QSm1koghUIyMpIchdYiayo8NjcjatcBEkYopaCZkGQlhhQyaQFKWxZgBUhkOgRINqQxSIRMiiLbymrZWBYh2VgCYwkhZAmQcRDIYCzCIduBcUEBiTAEs/mMIFSyTYqSLSMiUZua7BI1SngiChGBIjOdY0spFFKaEoGtUlDYjaiBs+U4OiKcDZBCkiQHU2vZnJ4iik0JqiJxay4lQEWhkKcxSrWaHREYsmXLVqOUEipFyqBMTkklKrilu1qnNkUpQaRbm1IFHGNrwiVCVpI4PRKlpJpNIAJFZGu0ROHM5iwhFIET05DIlgKVmNqUabV0VWtp4xYRpZRC09QmWdkS08371jJQWm6pCGFCbUoEGm01XGuMaRlDqTUEkKlxHEIlQm6gtBXgqpQiGdsEMo6ITKuBVSNIiIhMhewk3ZxtNBF96WxNbcCtlg6KMh3OtFRUCEcy2QZqgCoi04KiCCkza5o2DrIQrTkiTSTpMUutRTUqbWohOaldLe7shoU9oZajkAK3Nk4pSSUigChhq2FNwxg1Sq02eCRCtiTcQCGN02SpKvpaLKQAC6Vt43SKkKap1eoaVUEm03qkryFlJkYWUWSIUqpCIlADE6E0TKmCinr1wnaGRIQS1xinKYqKlanMJIlSHFlVwKbMEKHmJJ1ufTcj7MxsKXCCnCZKUQgc0HW1KYUUkkDpzNEtCKTiyEg70+4MIbuFShoLOW1qCIVtqabdd5HIrU1uEVGiZjYntUubonBJRcXui9I4W5oAmaZUqE1Tia4ErTXsIBJFRFGUUtJuOU3TVIQNEaJMbWrNUcGEmFrSjHAN0ggkDFaEbYiQbRMKK50gC1vGGBSyEY6gGQFCliNxyCBIHJKdjpBlpRzIGAkbIQtBSGkQpITAQaRsnAbSRipRCjGMIxBRopTIjCKcLQkoEUqphCi2jWlGspFAqaitZZQ0RIQJnE6DBW6pCAsRXXWzDCXAksJMHom+yGoJ6VKKakiQZDhUsLEJkZYkmBI5JwksTJSAJrVstSqVbWwqEoSENKVDKQiTtiZXCmABGGwXAagE2VDBRhIYI5AAbCQkobQtMDgElrCRbSkgjZRCGAmcEMhKHBYyTRYgMEKQLlKSJmRbBJHZHOGQLTkIADXMmG2GhIQchBnHjGIkbInLJGh2IBdoIEWRhDMDUUSEmsdMmSiqKN1aOhQSwpnISYQiSAiEx6kZA6UUABEhhFPpNCpBqoAFmARIUjVUIpykmtDkSY4IaEykGpKihAyBEW5SeMpmREYUSZbaNNoRJYxkS7JTRDqBsGwbhK0IkZkQCjllsiXCCGwBpoEUZBpJIdGwx0ERUgCZKZEtsVQoBAEGySWytUwiFCIisJ1qcpC2mxwW2abWZKsUIDMjAgRZSoQj1dwIYzeDcbbMdMupRNQoLdN2RNiCRCEbW0SUItPSIidTaqEl2BhUqpxOZ6lRrJa2p6lNMiWCEoExRkQK45DU7KJIW7Rm2W4e8nB6r/f9oBd/sZd8xVd79Xvuvu3mWx6yGnJqY63dNIxRK4TThAUkCjdcUg6cCCFshxBuKSmVgRACC0gsAbYElmWETJIAKBJjIVIZFJySsBEhO5UlBAqDsAnsBCEQaQBJpIVFEJIT0ZxFGse2s7Wze/bCq7/hGz3+b/96a2snpzFqkbFtrFKKQzTAmQpJBWQnUkTYadtJtjFK2DaUQATgUJg0bZoiQg1AoT4i0601sBSSpZCKSgZqU7OdLVESChQlbGVmKJqyZYbUMp0tiqReBdPckGQpnHZEjUKdcoScJrpaMhWRUaqbRaNGiFA0Q7HBTAAECEMTBdsKDJjAIhJHBMYCC4MMSEE0ZwibEDYIUmAssEmBhDEpIWQSwiAbkLFsJJNGagYhEikMisSRACpBYgQYO1QUDctpKSLs1tpkglC0SJtM0yQphEvLSSKVGBuJlg4lEBGQmVlKUQk7W2vFBbBtOdOVSLWonRDJNE12J9FaK4RQRHERadtSBFIYa7IjSjEWxbIzSqQpgAE701JrWauwmh0hGSFJgB024GnKUBDIgWxRXKwcx6mbVYNM2gKcEZFBiSCirzNPmRiiljC0JpHZUGnTNKHoasHCyNlkQYRUgiSdETaYIExTNkqKalnOHE2NyJxERGjMVqMiOe0IYWVmMyaKSghTQlNGKSolbBsrJGyJlqGITomaHWShEIaGY8KRRCky2TwxJmSmRCiyOYrsRBJMUyOIkLooSDhVUlFqqRGl6ytmmIZpahZTDq1NTkdQFZJcImQRihCq/azvu4gIcFo4iBLRdWXW9303L12VLCsAKxCEjeyQnDlNY7PJtJvBdkSUUmoUFSnoZl1Dw7gexrFNackY2cYpXLAzc5rGwIg0pes2N+a1dsgRCkUtNYoskFqSFqJGqSWCyEZrDUXpq8lwkaQopRTjbEliI6RCpm3XWjKzuWEFosgmzehmKKUACoRIpY1RgGQRoVqiRjW4pY2x7FBEVEVAKBQRCoVASDYOhQjbICszs7WWaUmZmc0JOBMkJW42dqgoSpKIiAh1Eaq1FIUhSWcbx1EkkmwSINMhRGI7IsDOoIQFBQuwLJkEQTMOIDEGjMMYSBnbNiJsI8lOBEbhsElSSoUAC8IGy7KM5TAJwhA2hA22UmCwwYCLaCQgCSOrOYtKH50IZdq2LakqRHEQIdutTdnSmQSADZYIZwqTLiEFyGQ25zSNzrQtIUnCFhhwwxICisU4jmMbcaYESmitTW5utgHhzNaEES0ziiIKdkRQikzLdGaglGxF4MmtObO5tRKBPeWUpBNFJQTkaEAhh2QAMi2UNmmUQti4pW0DFhjThJwYEMhgBFhKGwQkAgHIQhhDQIJDCkAKZGwMko0cXCZEoChg2ViSZcC2cS0h05xJExLUWrKlM0tE2s7JNqXIysycUkEpIeTEUpRSFEqas0YptbhlaxNISBARBG1qxkHIIhQRlABJEURmNje3nLJlS9XSRcE2iqCoiECQBAS0dNotGdswTZNSEQGCVOJEoVCRQkSbhmxISrIURa0g20KoKIqx3cC2o0SIzOY0EVFUumIpRChKLREqEQjZISGBQzIAEQhSBodCIowtG4WkCCunbK0RBlFkO5OWDlkBBquWkFDITk+tgRWy3bK1RjqilloiQgQm3dLYnjy5pSDTRNRSsaSIUEQVSqedoWKMnFbgzBQuXaG1cWqtTUkz6TZlZksbI0WUlh7GcRjGaRrsZmeAFJaDTKekqAqFotq2U3azIcexBUR0pJvb/vn7XuGVX+m2pz/V5DOe/rQSVSjdCCEZKxCyE4EVlkUmEdhJpoRtW8JCqSQwBtsCkwaDFcgCWQhJIiQbAWllpJwpEJblJC1kpSEhZCycGBBYpJCRjSTsgrAT7AQ7myO0XA8nrznzhL/7mzuecdtsvrWapjSZk0IgZ5MBjEupQUEgIC3n1LDlDJnAIEk40xJIjG3KxEQEOM3k1pIpnU6DU7blaJnZpjZOrU0KWahGRBSEpAjJtlLIUtIyS8Rs1psyDGuTTo3T5GwBRJHUsg3D0KbsSl9riSLcspGZkG1KZRq5JTANCKAAyGAhyTYgJzIIXFKWSdugBmAZZCvTWGArAEuAkcgAgwFsDBJSGtm2DDJCEoRBSLYRdoTDdgYgZCyTkiSnCLANlsMYT+M02phSo5Q6YRkBIiTJIVTCprUhc1JIEUBmTuMgJIWxJCEk29nsBEc6hUiQ+9qrRCnVtt0iStf1xq2l5MyMKFYKnMJ2yyRLqVEoJXCmSduyFBhBOicyFAQtJwWKYlnQlRK1IkkSYamUaC2lEhESFjQ0ZSOzEUVCJYqFIiKKogAkrRmcY8u0DE4EjpBtR1FE1DqvtaIwxolCCSKTNk2ZWUJRqhQhgkgSKH0oInHaRdgJlCJASDKAnNnsTKdKRCnC2YydmVZGyIDJbJlpu01JqNRi5ClzmtqUllVqg9Ya6ailRpGCAMAWYDINLqKoYFpOzS2ICERElFJKV6KL0qmgCBHIOKecxnEa19nSwLgeW5uw3VprDRMREbItVEqJCJVo6eZszdMwtebM9NRwJAIihBSllhIq0dW+r10pHdKULWopkgJMWoQEiggokAmEStQS2VLUErXWqoKNkdCYzpZtnHJqmU4aliVBuk1TKqJGCYGc2YZxMCECaK2JbC2z5ZStOcFurblNpG3ASba0UxEKlVKwklQViW1nw3JzZmvTaAMOSVJITrI125jJAtuGBLIZERHIUQJkOzNzmsCt5bAeLJVSEJARUUrJliLHNk4tsSNMZmbaDRujUDonp0yRbEkkDWgtW7ZpGscpkWrtu9pHCUeJIkStQkKBwjgCp9OT00aAwJZRChsUxoASAInLnAEiEICTMCYpAoRsGxMIC4MTRAowBksyGZYQCAOkMVcIBAKQ0qgBZDawaVGCEKVEyE7LtFytV8026cktk5Y2kt1AIiICBKZlk0opNUoBeZoaGQopWpqutMxhHMZhnLLl1LJlyjlly5ZOY9tYTsuZaeeUaTdbyFaEombLtJFKKFSsTLfWElDI6fRkoKXsqMUGLKMSgKUSJaKoBE6TgGTAxnazhRNwdSCHlBAQghBkgEgDWABKSGMHwnJIYYVkWxA2IOy0wgiLZgIrMRhL2MgGCYvEsgkB2BgAY9JZCMA2VjbAtofM1lIBUpRiPGVrrSUgPDXIlimJiGlq09TaNAWySds2EiJthAFbIQfGoVK6qLVT2CSywc3gWopKyApK1BJ2y5SxlElr6ebmhCQiioggsF1K389K3826Wa19LUWhiAgjFZUoSYIVlgpBKKSSreXYxnFszsRd10UQKl1XQyFJRlEEEsaZxi4REeHACURzGlSK5BISIkoUJRZYDtTSbRqnlqDSRSk1Skg0N0TtulC0zJapCEeQ0zC1TEXU1lpzZro1AZlZFAoSR0SUKLUgPDXkqKEIiBLY6TQISKcMAUAoSu1riVrlREDaciKUiBBSECkys5ZSo5Qo2TKFcChkTVMDJDuddtoRUWvt+lojrCgRCuEAyWmMqKXgbHYp1YjSKOGWERzt7918y4Pvvete0N133j7v526TqWQKnHY6FJICpMAqItMRxRFYEhZGmZZCRuAoAEIhAWAbQJKNZAgwYICwLCGBU6QsSRgkGUlOlIBFWEZWSmAk4XSiwLKRESIIQsLZpo3FBvAGb/zGCce2d6bWIoqdCPDYJqQSlUChbB7HIZGdiREtGTOlCIxxCBOhEkJh25IUohARisBuDbvWEl0JacrJOLNNLTOdtqRQSJIK2K1hp9OZti0iQoRNRBTJSFhBM20cpzY1p4gSUaNKilITpEjnNKWdqmUybZrGaWxtikgAGmArhO0MAGRJFuIykwJjm5AtEEIigjTIYGSBLMu2LGQJhQlxmS1sYQVgWbKFLYEwsgyyUYiCHBZKSXI43USS0AzIjC1lIoqQLdtCfde5FCmQgAhFKdkAhKJEiaDZptboao1QOslcD6uhTWFZCiGFJOypjekUBUAIWnNOtknbdoTSxradYyPlYqJKCgu72c7WpobAzgQhRRQJkWkgpQght5QVipYOsG3Lcpuaw4oiYSdESAQqIUklau2yeWqTMhVKJ7KNFEAb23pctzYO4zCOU0QnBSDJTie1K10tESExTm2axqYmhSJby1JCCgCERLirHSFnhoUcIUdpOJPMKdO1CEsgk6ZBRFUIALWcxjZlS+zmJiCQSTszAUlpu2VTy8zEabc2erIKpQTJ5Ew3A1JEjYggBLbHYUwySgEJpbNmtggJTW2KEmTaRJGNFKUSzS5QVIpaGmECO22g9kUEQZuyIdwIka2UQst0SgG0HGtUIzttF6nZQTOA2ziqRIRaZlg5tcwsUa3ELY2K2kSUYui60tUyNlA6W8sRQmAjSwKpizJNY7aMUtLOKY3bMNF1ilIjW2uD0i2dmQYsxYQldX2VgnTUyOac0pEipAgh2wCySYyJ5rRVgpw8CTeQIkoJTJscpZYiJ82upTMpyQ0rkxKkjSKEQp5atuYomqYsaQAJWYqG3TIisGyXQmaks7UWkqLOqrJNthMBhOSCDYKoRSqRduKwAQkTKtCIQrY2WUFpbVJEKcLObDScEUGYABtLlIIRKWMEKcC4SJnCqSAgjSXJIjIzCQGBU8IWwsZkgAEBCBlLMkgJWGGbNMgh2ZIM2EiysIVFkKQMgowagA3SNOZsrsAKMC1VUKqJ0tpEk7NZhEoUEqlQECFngVSEEoWaslKUtsCKiBBAULIEMJGFUCdn0kCQqKh0tSQI2SYsFdWM5gYkKkC2jAjLgdIge3LaXVEYIkpJudqJiklladNKnbrSS0LIFFXbNsbZhJ0YKApFBKQtAqURSqWMsU0gS8JJgI0A4bAs4zSESCwZSxEYhzHGSGmwFBnIgRPJQNoOKWWMbUlyWraFjHAmkiCIlIGiokDC6cwsISun0URIKEKgKCFBttZqVxVhG7vU6mzOkpnQFAHUCJAzkRUhInAikTbObDJIkM3KKWXbxQ6pzLopJzdbCJqzlhKQnnCRsOTWrCBTQoFzNJEtEc0mHWhqk4JZP7fIcUSqpdRO2dI02wYLrJA8OUvDEGpplDiakScQKFtDtMkOh8nMrna2xzEJSXLKYQPpaZqQaikhPGVEQCQmiFRzUygzJYUEsjMkY0ERqVIkMk1GBEgSpCWFVFQQzRaykOzWDGMLlVJDMKUjolQ5BY6ItLNlKZGWnYaIyEZIITUbgXC2iHC6kWTWGiAbBSCBJAMYmcRI4FSEUQGyNWcihUo6szXLEUgS0dIUFSPUmpVER+0K1HE97Z6/58w111y4eM/JE9fccdutNz/koUfLQ0W0NDiKbIwaKSAMkrAtbBuFsZACpwkwzlTBFiBANgJAyGlL2MJIBhkrbMuJLCuNSIQIMJLSBsAAhB0WtrEkLIcxkKmCHeB0hhAa2njq2mue8ITH/8Nf/8WLv8zLt3G3ljmCRqkVWoliZ1pkTm2w3ZXOmYSy2YIpHZpAIkzililEREERcrq1RihQU4YiVDLtnNKys6ojXDHgsRGZiohSItxkgywUIU9NnYDMJJFcauc0oarqRJWQpmlqrZWul0BIgZvDGGdKURURxTgpJK0ZCAUgZdoggQUIZDCWLSGEMbLBKWFDimIRJAgpsA02Qk4jgaUwlmwHZKQcaQuhBqXhMMaAw0KEBWArsBMpjUDICCCEkWoNNbnUYlkmpxa1hKPllCGEFDakzRSU6MKNlq2lI8JCKFu2nGRByC6dHIVs2VIBLrSUJNzIMjlLCVlSOp2tlMgmFIQkgcBhCbnKDaGK0oqSYKAEpBuTHKWUaWxp46ZSQmq2mxWUkG3I1hqodiVcwM0ZIUlOG6eELWdERWqZWaKkhWQRKuE2uWV2pRqHoihkowSl06ZI2Rqy06UWJTlBw6SJ2jlCabdmZBFYCKFMhwiHJbKRVggXQWZmuoSawS6qIYFNQKLAUKMoMjMzDaWELLBU0pOcDvfRE2AQZFqIyNZKEWmnbRHpTCKiCBM0VEOSXSLsTByg5szmUopUwBk4E2WJsEWoRJQS2SzTd7XWolCESkRmgt2EXEREyOSUOAmlHUUq0UWRFBCSFAlkOlMtSYeihEHYibGdymzObC2FScZpnMbRSogxEzKkoiLCTG0ax2FobQIQuEmqXVUhbUWptetnvRDOqSUmUKaHacQpyzgUCsnylBI2CgNOW2HADhVEOktEIUJumZKKHKUQKl0XERHRMoEoKNSap9asbNky2zQ1QVHBlkICsLK1lFRLEepKAQRCQWQ2kq7rS6khS7jhtKeGbZtsRSpRbTC1KKIUCUlIhpCwHJlMbcx02mC3tFNIEQiUKCyFwmmnJxJN6aYoFpZKKSADJDJkGCSCSCw5hJ0GgsAy6QwUQqQsAxYWWBZKbAnZyKSFEwskK7AVgBG2kROEBQLLkiylmwOBhMAGYRswmZlEsVMoBHItdT7vu74DVKJGjRIYkmyknbaCiIgAYVwIwAJAam1KZ6LJrY3N6WIiIqRQOISJIiAEcptycoZKkVqmWpQotfQRAkdxqVEjxnGccsIm1HezEpECp0EgZByKNk0RtUaXWARpzOhsU4KAUkEKBWCRmSmQQICwABRGAUqBcCBbEthgyRgECNmSMGpg2wLLIihCQAg5DEoFlhUSKCwCLAOgVAgbOyxEKSE5ENAA0unEZHN2RaV0JYqKhIWkQGG3sU0mVIohpFAYgxUqNSTJAjCZth2SpCohGSSjgFQEaWMUxRiTVEWznZlpJVNOSE7nOLY2ZcsanUJt8jRMNkLOzJZOhmkaVutpGkgzNTuRQ5JjaqNbixDg1oTtls22gaooIdsKAItsU2YjJSzZiRDYUEqA1QwE0Vo2txKqRTaARFFILULCbZpoVgmJEgSoZcvElhUSgNU8ZWstm5NsbjlJSI5aixQhSTY2aoaQcVqSIGpEiVJrV6pNc7aWoaghkDFYgW1JtRQUIRQqUSQQ2ZpNgISMpEwbnJYiokiSQlJEKCRKCGRSyCEh2ZlJ0kC2m21sYZugK4HBTie4UqXIbKKByYwowt286/vZxXP3HT9+Zu/SBeD2256xMdtwSoqIyCwY0kLYStmQYCwRAZYtsEPCDkIKRQoAAxAyKIVBxcIAKC2BAwBkCIwc2EgIpwQ2QrIlUChTAA4QSQrCthESViiFSxRQlJotNxeboA/8kA8VzBcbJCJKOJ1BANOU2ZqlolJKl5ljm8Y2GbqoXd8VhYKIkCSFpAiFiChuRkSoEAgRhsmTsmHAESWiRFejBJJqaUmmgzBNiijiMhsXYQkVUUtEFDuVuFkoiksEptTS93Nh0m1q0zi0zEBd1Chqzc1TYkkyxq01YMQANg7ACUZp2wFKRAI2BidgwkYQDpTCJiSwm2QpFQAKkEOASTDIAJG2DBZSykobgwxCYFs4LUjABSNLYPMsEriJKAjAABHCIEcUFQUxjZNzQi5UFHJECRsynbTJLVOolNrV6EqNUls6pylTlrEiou+72pVSS1WNWuVMM7XmlplMU9oTpNJtmmxatqm1zJGWmZMtSpHkVKadaTuz2bY9jROypBQ5jWmDDJmZxgiwARXC4QwrA9uZUzabQKUUE1aqqHQlpMRpVIRoacsRUWstEUVRQpmZluRSaqlVKLO1sYGzWSRFKgrJzjRja9maZAyWM7NlmybsKafWUggURbVElAC1BBkp5FICnDYmqgi6UvuuC0NaKDF2JpCSnM1JGktCQdh2GkMATnuaxmyTnUHakiJba9OEm+2QgRSKWvq+qlTbmY5AkuQUHTIilK2FKLWGNIxTc6vRtUxDtgYqpdSoyI1JKiHZJO66TiFwjS6bpXQpGDszHSGk0pVQwZlpiSmtbEilRBCKZqOICFkOalexM1QkZRJyKk0qSqFr0ZQtVIQtpRFIYNkuBQtbRMt0pksRoRBd7UoUiSmbQiSZLe3qArJVQirhtJGsjAxKRhva1JWCkJCUWI5MNxs3XDKb5QhlTiDT1ArKlulmagnC2KalIwxy2nLtQiibq0oGMpbBUUOA00BmmiAcUUMSreXYxqoaoWw5NZdSHFGwwc1t8mQrQUaFICRnZjYUXaljTiRRAhuYWksyiKIQUlRouGJIS5IwYTVsQtjCIIFSluWEII0whLGcKYWRBCnJiZUghI0BLAFIYWyRVsgGyUohjGTAhGxBgkiQswHplAFhIMFYkNlcSrEkQGrQhdKuEQ7ViDFba61EiYjMRooIp4moRYAlMLZTEeGidIoUTOOoqqKwE8mB0wqBgGzG2E0pFwuELTuFALdEThVkhIQlnJlpFIEtO2UAZ2ZElFK6WQfk1AxAThkSokSgwAYUAIkVUggj0hbCIaUl26CQbdlQIMGS7EQhg5BJkBvGRbIkgAQ5JKetTFOQMZJMKuUwAAYZhGlBSMiiBRjbGCuVCgBjBYAUigDSzQ63hpAUoWwhNzB2mxIrSmSzNQkwipBEijB2pgnkSFvKtDEAYaxSeilbGpl0LQVFG0eLUjtQ3/WSV9mihMBFIdIZhVCAEZKyZXT0KlYIsKP0Jp1ZupKtZXOUEMJtmLKUYlMiCOU02YSkKJnZ2gQqCoGjgE02XBV2hjSNzXamgwgBAgxtypCclphaq1FKxNTS0Jw019qlkwhaSkhFQTYkW1YWIp2t5ahSpRA4ZKdCToFtEEYRHqZRqEQoQsJpSUnWrnM2AbJUlJmNCFprTpWqTGdOUKIqW7OtkGpxGiEwVlFB6ZwmQM5EgMehGWQkJAkarUTBsowiimSaXEpByNhNiqKAROpKTWebprTsliazdbUztDTp1oZ+3s1jY//iPTsnrttf7Z/cPn77M55+04MeNKwGF+HJCoOUWBLgFAGyUikjAGRlWGkHsi1kGTlSThM4jENkyClACNvClpMgbVkZyDIOnJJI0hkRBpwZKUKyLdtBIIQdgobCIBXZmcjYma0N07h9/Pgf/8mfnbv3ntPXXnvh7D3z2dxSOgVuSEIudoviNlFK1/USgpYTlAiFSlHYKVsqGNHsREDUrmRmpkNhJyalEgEMOUVrkQKFLKl2vTPTqTQoW0qSAITSdkuF5MRg1IFlpy1PaVIRESHIqVkex7GWmgohW6bRmNSKSpIQUQQUCgBBAIgrJNmWQrZoUABLSLJlEEa2ELYlCWc6jMIGMAJbFpKbI7BBaYWEbRJhSZYBEGmHsEEAsh2WhYxJcb9mWyJlG2daIkhQQthSpU6MAikyLSgR2IhaymocQmBJOEIBlBLYrdmkcRJS2GYcpxJErSVKI7EhM6mzoGWb0hBFzQ1RqCrFY0uQnVBIuVhNYQwhoYYCwKNdTQRdrW2asCWVGlgKZUsnEaWWSNymtF2LEjmTZhdLgYlQtlaiC9npFJhpak4UkokI45aZDc26JHOaohQZ2QRhrIKztRYq0SFLRNTClBK2JEWQ2dLNjlLCxi2FsKMoWxiHSpZWssiWkItlO23SFkURhszEThsM2E6ylIBMSWCpRmSbSMmS1NxaUktECbdUUErX0mRaDnBBKlWSaGmcEXaSSSjUdV1EACmRNLuR2SYLKUhNaTcb0plgG7BTGLWEkLCNpmxpECSYcNQaKISzZZsaYNuZmZnGCqSWJqPWWmsoQkVSIDINyMqcokREDUlIWCIiQAJAhX42I5wgybKURiHVGiac2Ol0KCQphFGtXVdLF0Aookbtatf3NcqUk+0ogcIGIRwlAEV0pVRFTlO2ZgkkB6LWaDmmJcnWOK5zmjCCSm3ZcNTS9V1VME1NttNAqRUpSoSUadtR5BLgJDNTEUJjtmZspwERKkURwoHIdJJFYbCFlG0ah7FNU3PDKSJqlK52NSSForXJdok6tQxIu2VObRrGCaccRERURRGkMRBqrdlpEjWlQyLBssIYkxAAATYICBILSQ7LkE4zIYcAJGwpRBiBBQajlGQsEhMOAAQJKSU4kTAOISm4LGVlAqVUUIRq6VSUtrNhckq3cZraNE1TNsHUTAOKUTptpz1NUzpNYiwHJiQJaDkJFZWICGm2MSulWjLYdrPA2IABFKpRohRMtkQKFUmZtiJEs93cUgKIaUq7TVNLPCWW7CY5IiIiEUFO2VpLwJaUdmJFNDtxswERADa2U2BLIYyVBqeEiMQIMKSRJQBkp3GmgbCEiBACk4kRDuzmAhAIENBsZRCJQ5YF2LIlsJyWwGnbwkZgucgBuAEYlyLsTGfLbBMCEWChQtQSIAmUTmMFEQpFlLCzkSYFUhGSldmmaWotbacZxnFcj5Ip2SDdUKl9H7Uil1pKX6dptB0lpNp1MxJUwE5nk4hSOlSmqU3TJIWbMxFEkRV2Og0houv7UJi0KLUqyjQNQJKSVCpyszNbZkqhkEqxsBNZpivFbkgYQUSpRThFIASSQrIpndyUU0NGknCSrWV6HIacUrYibGe2qTlCNs4WQRRJtdZOUSDTuKXTSKHIlhIBEZRSQ2FAkmiTW7bWmhPZmaSztWmapihFoak1oyiaWmuZoWIypyYJQkiWjU0DQU45jVNrdk6QBqTWXIpqhBTNmZlgEZk2WUKEM5tRmHRKUpQ0LVtmc1G2NmUTILVsmTaAMm3IqdmoxDRmtuy6xe7Fu7f6raO9w74vdzzj9jIrYQNyFttNINvGYDAYIzAhYVkGgUk75ZQRSllCFgiMZIeaBBICkAicFmGMQZYhkW3jCJK0BBFTCLAlh8IyWCgsOWQAO40DQlJzjWJy59gOird753cAzTfmoNaa0orSdTW6AE3OzGY0tdba1NrUsplIZ6ZDatnG1hxkm6Y2jFMDSimSJLdMnHYaCyKCECVIDA5BWmE7gtpVu0kqoSgFkOTM1iaM7WyZZNrGcoiotdYSllo67alNbZrGKUPRd7Xr+1oCN8khRahERLFCUV0J7udIYVkJtg0gwLIMYYEsSdiSBcYYDA7sBqLIRkLcT0QiEkIJyLKEjcEgIVuyEGAAW7KdBgyywQjbkDgRQbE9tQSiSBG1VKlgITA5tZZTSCpqOQGBW5vaOLXWpqnVrp91fe1CEZkTlsFpOwullEKItO2W2bK1bNOU4zRO02QIVYWcqYgISglJEbVEF0VyqqrWolK6qE6maXKiEohQSbsWouB0LSIkCVSihGTbLW3nlGkDODOTdCml1GjpnLKlJQmhsG0gStKmqSXCKCRJoZAyaZmZGVHns04gUWsNPLWpZTOBIoIokpxMWCFlEChq1FKiBmAcEXKIlIgSUYKi5pZTgpAgbexEGKmgkKIohAhFiVA6W6KQZLKUiK52fUXR0jKZaeOWNlhpT9kgaqlOh1RnfahmWhaCJKKUKJIlGZFpWyhthWvLlALhZrdGCFOCYUyJVAIkBEWlqyVxm1qoKrDklEhLmNaaLWwr0850CYWKRDaSlKRMdYXEScsJbEtyCWWbTFA0jY0goiidsg1StkSyZVtSQo4Ne5ymWkstXSYCKbJNOSW1c2spRZSQbYfIxGQpIREhNbdMCJOKQqIQNqFoSjc1JZKJEgqMIwpOKSxTIqLIAmOP0wiUqC3d2lS62tUNFZyZU8sgVEpIikzkTFLRS470NEwKFMWt2ZkpBVIDWiITRc7Ezc2ZqVpCZGtRS5HWOUYU8NTSdq01s7WxTdkwNUKOCDnJbIAihLCIqKpFrKeRpNSC5ZRsFCGkgOZEYaQgQi6lQrqJCAtAASZtSTKITCGH1HAagSScBE4bgZRBGCNIR9AskYaQbIENykhZaUk2YFmWwyCMFLaxAIG5TAGtIEgnWEGaLjqTraUlKckiJKmUcCinVhQOcmqlFIrcbHBrQTSmEp1NjqmQhKQ2jaUWuTikxLbtUEggTMskp4FSi5Ckopa2KRHp1kAJOGxFhCKddqpIFggiI2lpO1sYCwcqUnO2xjQ15KISoYjS9T3OqCXHVNouhkwDkZYVNDskNVIGSQZjI2FboFDgtAGQZACJRGBASEwmrCISZNnCGATGxkTIWBbYGEDIIFtClmUiQEqnUTgsWwacCUjFSdohStdlZqZLKdlajqaYxKUYkEqpYNu1hC1EqJCecmqpUEqBsY0kRdKwQmrZMrNThTSRrTlVSCSDmmqtKpEtpzYF0fd1nNZEgdZwZAzjEJaCQoFMwp48hV1ILBsDpRS3JAQIjdNku9be0MZEyJmZEUobCRlHkhHh1rJZEUCCp4FUrR1AiUox6YZl286sJeQoHSqzWkpLS0RVumQ2BMgmM42Ei0BkGqeRpCgqaEpjRSETJFI2EUHiCJw0l4gQrWWmAScUkCWphGzsbB4Zu1KiVoTtgowUqCFJIJxGIBkip2loDUlS1/WlVGezIVNiHNP2fD4DOTOh62Oappxa13c5OZPJGcpsjsCynbZTiikhbBPq+n4c19mihFFFTNOE1ClCFY8pZ0Yts0vn7tk5dc3Zs+dPHj959513PvhBDz5aDYmdGbYoGUZFLY2RQ1yRABgV0hkKYYQSOxA4jWRb5jJhO8BYEsZCKYcByemQEViAbRQhDISQbYGFZSxSGcZCSLhhIQQpinBrTXLbPnbs9373D5bLg43NE3ffffux7e02tWieWlMoQm6kohRJMh6HUVH6Tk6cbRpzaq0rxWmVwFFCMtlyvV5FRKldpsecSolQZJvCQTgiFArRKGRmugbOVJRmt7SziRjbKKVUI8IQJWiesiGP41BqN04twK1FRFGMw2DR1TplKxGQbTIK3KQQGqexufWlemJ0AsUgnJLDOIxDMthYWBmEAQNGSNjIQmAkW4awLRmEDZIMsjECpwgEFrKQTSoC26I4TRgsBMjKEMKpwClwEA7UAguznsaI6ELCZLNpOQUFt6k5SoQsSrphR1TSpVbAnrI5iiJinCaErFARSJo8OqWYimoJWbKxM0qENU1NJcJYOEcRVpAtoqhKgsTCTRLYjQyLCDtJp+lVqNEySScYSyiFiFKwHOSUCllgI7AiJBlCYWxMINXoVMBja56mFDIRQuFshIXSLZOImDKjKqQoRcY4p5QCPLYmpCiCIBIXRA3bkowjmTIxqokJCYGEZJPNiuZEwtI0TRKFmnKYDLWWZLZ06WopGhNJdnoKRITAOG2MaJ5aa7btWiOi2olAMmksouuKrcnjNDkyI6JlK0QtJUnAKFtKI4ookW0ap4ZEEJKMx2HMTINwSIoSRIRqqRGKolKi1jq1bNlKlCgoFBFJNqftdI7ThN11FWSn7Wkap9acoJRlcnKbpglwIFkoAikSTKTTrUl4SswkY8KSrVBIkoynNk7jaDuilAiLliklInNqU4somZOddrZpGoZhmrK1NNiUCCit5ZhpEZRSOkk4x2GY2iiotQaREBEUIXJKY2ezlW4iI0q2aZiGdBLR931EIGqoSMIKprFNUyNCihKRdsu0klAt1aRtg20bZ4INUoYUKqIUqRSFQpIySilEFAUQJUKahgkgXRRVEcJKi5YpopbOloCQwrZzdBtHO8ElIsSkrLXv+h6FQqoqRZYpihK2QyZTRMrZ0iEiIqQApY0ty4FkUuBEBtIEkoQBjJyBJCOJSEwKsDIVYKUBbDBC4AAhCQkkLjMCWzKARDhkgFAoFEg9YQgKyLbAZIoQ2RqOCLXW3NI4oKuFoKjO+i5q6aKWiFLUdTMibaY2tdaM2zSlmxRRKgpntrFNbQLViAgiopZaVCPUz7oaGNIt024ZgQwUgapKLVHUmicypK6rkiiSBA5FlCLJxkYRAhsnQBcx67rM1sbJTnBIOTWsjBAWmAaoRIRICYwDScJO2ZiQsQIL7EQABmFjAAk5RICc6QJCtmQZAwIZZAFIyDIYAQLLTiyEuCIlCAOoGJQojQGUaZBCsluadAYRtWCrdIqSzQGSakSIliOmlGoECOfUCLraVYUU6QapKIIk3Sxcaum7XoqhjUgRshygWkt0oJattebmllPaCk0mojpTqIsSoVIiagRCISQ5VKJ2USAAQ4QkIRFBKFq2nCa3FFZIIXICRQiFUCmy0znRMjOdCLWWmZYlVUKTmw0IgykhGuthLWGFJUFItsEgRQSqUSNqtpZuUYqcmMlpu9RSanVL0shjJjhK2BJ2ZsspcyLVlJkTYNIySMY4W2tuAuHMxKmQkaokhnEaxkkopKDUKIoAhwI7gogCKRWDQSpd13VdRYClCGFhp0KSpmmapskCchomUO3KernK5lIUZEtTKNFRJEUXNRTZEqczx2Far5ayuq5EFClkRahEsUlPCW4URSmab21c2rt3a/vYhb2LvcqtT3v6xnyhTAlJVjoDAygC5AYuMtgGQTokbANpBBgMgC2FU0aWEDLCSkDYMilUlLZFWpYzsAzIxiYx4ESIMNjIipQRFiRIKWzblo2BULbMU2dOOf3FX/YVwPb2VoQlm8y0DImKai0RgRCUWmtE2jaZ2JQIlUin7Qi19JhTcytd1/d9FNW+n/VdrV2JkJRq2eyW0zgO69EkePI4TplON9s4bTIi+r6vdVZK2C4RgRR0XZ3NOpWS05RDJiq1F5EmSq2li1AXnbMN67E1t2nE1FKiK6WWvvZWiVIkAWkDGMuIKwwCyQhsWwkISNkSKGRjlMiWsGUsLAxyprAlC7AKAhtkhRNQAWwERrbBYEwkwrJlnAiE0saCbBgAAw5FFClAMpBRaumqTEs50822cVoacpraaEUq25RTm8AyBKEAWpuiFMBWttYyE0vuai1EiyxFNTAmXaOrtRaIqIogMxsAluXEsknA2SayQYSijTmOI+l0tpbT1FprKuHM1lqbxpatkZkTIEmoSJZtTTlNU8tMSyoh0XIYpxaJySIUgLpSSu1AKKSwc2pNdk6tTTkO4zhO4zSVEiWEHApDBJDGggQkBJmZbjbYZJsmZyaZdjbXiFKqSUHSkEOKWmrtME6MhEotpZTSF6ScMiCQM9fjMLVJihC1q13tJaWtGn1f+76rtVdIVnO2NuXUnE7n1DI9OkspgZ22m5NsrTkTFFKEFAHOTEWNCElKokQpEaWGpVpDqkS4OQqKaNlaZiYm5JQzCIUg0s2thQqSbacjVEoAxooSIpM2TVObWrODEqWrXSkFoUxjBLaxDKFSQpJQVNnNY8tMimyKQsK4Rum62vd97YpqUBQO2+M4Tc0tPauz0hVMKaWWsNNOyVGjKEJKEyLdlC5RoJHpNoHSbgaEiC5q7bpaaoTTBlKZ2JktWzZnEwpFIEhsjLOBVcMtp9aQCYVCUipBwk5jSyFkTEiBM9NGERGWjKdpbDnhtAVRIqKG7VoCJCtxkmOmLCRjh6KEkhql1NL1FRm7ueXUbJUaXd/V2repTdOINbWxDc1YotQSEbVW1ShRsNo0DsOQOMFOAAnbxmCDBQZj2eKZAoMBDLIlLASQOCiQFkWAQUHFGZgiISsglYYMW5ZNpMFYiREpSTLG2ALbCUpsjCBlwIAtZGOQZUWUAKtE1AgFlm1BRFFxNnvKqbW0S0SEuq4rtZJ2ZogoJUoootQAg8ER0ZWgRhDObJ6QSylORUQpxSlZtQZobJNIRWA7mZoJh9WMW4JopAEBmWlcQ7VW2QhCpdaCSldKlFpL6atT2M2Z0zS1AZmAxJMBWQQuAXYa28YoDNi2hFIIAKUCIaeFhMAOg4VkUNhGNokcRsJggcEAuIUDS3YKhK1AJgFLOGSSBAtnQIAjLCAUAdiIKCXTRlkUFiHI2qlEpCJbZhocUWycrY1TtkzLthMhlYiIiABxmYhSAqlE1K6XpFC2hpCEAnO0OsrWSqkhWo7T2PpSu64IRcgpAgtFGGdm2sgqpdauqyUzPcm2E5GINuWULRt22q6172a9IpSUUlu6tVREZjpbSEVdicByMxhRQnaG6LoaEQFJZrNkBFGiK/NuVmsHtGy2wNmyTZktW0sVWSqhOqtSCEVUSYFlcApFLQopSScm7YiIKCLc0sZuZDoZp9ZatqlNbQQFRImiQkQQQhJCUgbCsrOWUIQUYDvdHFGAdKSBlknm1FoTUsg4G9M4TdOUbqBMZxKKWouEMTamtcQJoRDKTNJ0tVZ1FoFKKYgkjRGAUUQkZGabpsQRpZRSoBTJQVqKtDOjTdMs5vu7925tbV3Y2y213vq0pxw/cdwNRXFrCgSEAxupgFISlizLiBRypMJKW0LGhByyEFZAGgAJYSAtpJCMUxA2NFIYS5aQDAiUtkBpW1JgJTZCgow0gBUCANsGwtgTQXzhF3weeL6Yr1ZT7WqJKpF2kk7b2TLb1IwjZNzGZqWqAElCIWGnE5Kkquu64ggbQBGyh2nECqt2FWGctoxQREUIqbgqagk7WmvGkoykwGCbkGwH6clJAYxsZ7bJGLBNZKldKZFuaZCGsbVpRAqVkCK4IjMxItIJRoQtnIQEE5KQAmyQkIywDbLAYABBkoQljBSADBQgMy0QEjYQBhsAywhhhEMhozQEFoABEMKAQiAEBhtERJQiKSxntkBSCFqmELYt0aZpauM4Dita1lpCoSglSomS0LKhqCq1lhKSJFQUCYRqV/syK1Fs0laQODNtLsuWtGHMlthgWQStTdPUnJ7SJazQ2IbW0lBqraXMur7WKogQJkUoAkVEKASSsI3szCkTp1GmTKYzFZiqWrqIrpSa2cZpaq21bK2NmQ6VUDRbEYpAjNPoJHFmg+hq19WZIkSAM53ONk2AUWYqUxFSQbJzGqc2JbZtcCgMkdGmzJahIJMQaWMJkIQTZ8sASNJyFBVVUEva1ExmupSCyEwgPWVmc4YiFKWUUMnMbK01m5QialckgmwoImpVkq1JBmOFQqGICDBEyLZlFDgzcdjpbE63VAjhSAmLqLXrOoRpmU43QKZNBiIipMwUKhKi1Nr1XZFkuihSVZQSRWDjVGazAKXJ1lradjqlYoWCUBEYr4dxGqdM4zTFWCgkORLnNE1tIlvXlQzClJAUsiRFVClEGFq2aRpbm2QUQdJaOpWWRYgAZKnSyMzMzAQotZRC6apKGLrSZaZCXVclCSXGlnEJGxQSIqpKYmhBiZBKqIRTLceWU7aEjFIjQqESxahQstk2tkqYzDaObZIBIgpgEQRJ19coYRkJgaQQppYIAqnUqFEwpgVhgSKiJGROoRISgJDUSNuhIhUgEwUYCxuTARiwFIAUIBCyZIOwMRICjIysAGQDQsZIsg2A8RQJYWSw0hgJLMsADtGEkJVCAhljkWBhKxQSBmSSwABIIFEjBBZ2QVFqSC1btmzOJCHSTG1yA2wwSLJpLT1lQISiVhREygEGAYRKrc5sbjnmehiGsbWpteY2tWEaMtOZpSqV4RIgDMrWpqm1NrXWBJLBidvUpjbJ2ZyJAUpp2dLOqdkG4+ZQa61lq7VWVZN2AkhRREIaQQmg0WzJCUZAIIcwQgWMwcgBGDmxLOHAWJKMLIMlsCRACJHGDpCQsAMBKQMIpLQsC0khkOQEJAKFBSHbqZAdAEkCEs2JpSCSNoyr9bpN4zSN0zAiSgmKmhuKWksIYxSJ3VpEcebUpsw0KYEUwnYp1NrXItukSym1VElSlFopOQxjZlOJEF03y/TR0dEwTa05cwTVIJuxnC3HJB0gYTtbm9LYxgDYxskwDKvlOjMpUUqRIJ2ZpSt2IimU6cA2bUqEIygqpahI0pTNtiVjRZSuKxERpClRsO2mIhlnhmUbqzklGcAYnEYhRUQJqYvSd6XUlpkGIZRppFqqQ+lsbUq79IpaM5slRJI1UJBGtuUERUQN2S1tpygSETVtmb7rDK1lOhVKaJk2BFEBSIFbpkiF+r6CTCKFQpBkECoCC0KlSGlLqiUyM7NFFKkoiFJQKDCJwUYKkFRKiRLYUEKSkMKZLUcSAhMUSaGQikrICqOudrv33rG52Lzt9qdFV57xtKdvbW82Oylh25ZLSwJwgEACZBkFpJHltEQACcgowUbYCGGlyUABiYSME1kYFKIABcKShFJYGIfCSssoE8CywAAuSACBMWAAISOxGpbX3XzjNLa/+LM/rWWBSRfhEiUiQkEAChQRZLRpzExCMqBSokQxKiUigiRK1K4m2VrmOOFsrUUIXIII1JXmVmqtpajQMiXVUmpUBbXUqEURRYUiJW6TAaEihey2Xk/jehimUVBKwbQxCUWEnchScSPTkkoppZacWmvTNE0isqTxlFgAEQE0uSBbmETYEolUCAyZCGHABAkIHAgsy5askLCcyMa2UEJaCkk22JaRsABZIWQwQgAmjSLApJCNDGBbgkACEAASbWot00iFTKedmYbalVJKYpVaaogIlVq7fjarfQ9ICCwyEztKDbAJAU5j26aKNoxtakkSKCJKiVqxp2k0TjvTJcJBw05jLGcCThw1qmJytnGqpev7TqF0S1uhUooQCkOJQEQNlWq5pRPbLoRKKTWqFIEUdkqSQrUAJqccxmFUFIUiVGst0SFKF4iQ+lnfdVWo1hKFnIxCwiIKoUhP05Qm00bOlumGoIatEiikKKWUUmTRSFvGraWKJJzNdkrOViIiaHabxmmabKcJUIRUjEqUJNNN2CJUQpikgZTpcWjOROmGpIjqIEIqNQgp7AxsXKJSRSCkqlIKlo1tC0ymx2zYNVNgJNlZQvaU2ZqLQoKMGsi01hQKGIYxpzG6LiKKitMtpyihEM0JYEkp1dpFRJtas0PhNLLTFgrVKJnGASBLArW0SjDRMqsio6QbTVLUipHIEaI1Q4CdyKHIUmqJoogozhwyS4TtxKUWTOLMFGTDMuGuFCOZiFIi3FIiohgQZE5tksINoMkxZVf6KJraNKxWrdZSSlqkjSWJqIUGVZqaFQoi5bRBUMFp14igZMc0AVlrQWrNyLIs5GwGUAkSTInizGxuSoRtYRvLsk0W1WwtJZSSIkpmtgkwpF0hFYYy4bCNVKK0tCJqKYo22SaHqTERFYBBqISgSgoRRVJBKBQRsg2QhLFwpB1CGApqdgBySpEGgxRhAwZZKBGkHEYGCTCEjXEEGAClkUCAZBskhKGAwTizoLSMJWPZAEUCOgWKpDnTiAgiCnLxejV0syqRU0MyIiKsdFMJjMIQhlprS2drikCZDeMSgEgbuymdCkWpIao0ZivqwJmTHDJNKSuiiyCtgjOx0rax01EKUmCTQQipRDizFLJliExHlFrGdbq5xRQqUQJMBKkoShyhEomAAHABMI4IIxIwYEsGQA6wJYGFsAkMAjAIW7KNwAGJACPZZFiWLAkSSQbLNopQYhmsNJKNhO20wiawjcOT3VsAFuBmgUlZDpdSpJCoRWQmAU5nIDszI0k5JEcUp5MmyZlROqHMDAmplkLKka05W2YhJJqnbGotoiCFNF9sFpEwjmsRm5tbfd9N0+RGdHKtsqJghzIJIck22DaSRIAVpWQ2Qa1RSq+IUFjZcIDNNI6hCJGZdoJKKKSkkRg1tdaMJYgaIdmQRo4olmlOO1ujCDS2LBGKcNp2jWIshUKZKYVxSwMj0FBAGhQh7MxURNpOl1CLyDYWVTfhLKVaDhcXp11UVCzTPEnF2ZCyJai5ubUSgQyR8jRMUdSaKSZRRCgSMh0SxkEtxeC0zTCMESWiSEJkZolIXBCyIgKapcSZKGqpRjbYCoXCblPaU1NEpqNGKVEinC2bobVMoESRwFLYaSwFNhGkTTpqqMXgoQ/NN3eO9i/ecN3Nv/Nbv/4ar/4658+f39rentY2RqSRAFtgQSIRkGCsNCVMsVE6QgZjAQIrE4KwQM0WAiBl2baAJBWhJMGkDGCJFEpbSAIwAMJGNiLtEHYqkGXAglRipXNja0vmgz7oQ/7sz/6s6zpydBSVQk6JsjmEpKIIaVqr1gI0NzdkLAJKV9s4gWSn00FYClpmKcVTNhxRoJBmIjpQIbHCOLNlc0RxNJGEohZBc4oiKTAEKOTaqbWsXYSL04pQIbMBCmWaSGyFMDZ2KqIjTclsSjdcomZLwAAUt7VkCAtsBBZph2Ui1EAIrMQhQDI2xmGQbVmSjVGAbBNgyUYIbGyLMEIQBiMiyWISZBS0VMolRaRckY2xpCYhDEhgApJ0usnRdZ1bghNNrQEiJLI1K7oamIgQTNmEEC0TTyqdbGdOGFkoChBYE0K2rTQRU5tCkGVyFoWNwkCU6KN3WtCmjE6yhQg5IQiFA4mp5TSOkkxLZ1c7RWGarNJaSpbCnsAKZUtI4RCTM1RLLZnGsrPRyFqJjChNLk0RbZpqVynKqanJSaAsnqYWCClUFGE50xGSs9lIMlKgrBQFmWRrlHBm1CpQa1JYZDYCkAArikqp1ZEghLNRkAJam4SQwEq3iHADCVk4ATKzlGK3TCMhdSVGt66vEi0jW6sKybIUJbBq0GyypZEjlM05TUktgQRSSIiImKZxahkRoDCN4tqVrpaq4pRAcpKA1SRRShQ5STtbTobWAllMntrYQrUrtZTizEwbwpRShKKodrUUGWdma9myZWsmFFgA2DYNsDNtUm7pbK21qY2tIUIh0qaASkQw2Q1bYVSiKDVOrU0eW+Y42YDBQQgVicy0+/lsPutqqUAYOxVYGZKbE0hny3Eao0Tfd7WWqFFVimKc1lMbIbquj1oihLO1IVtzNrs1oXSbGqIoDHZGKGRseyoRNpPT6RIKAmNDa9lAcsu0yFQ4bDsBSYqiogiFIkqolAiFUIQzptYiSkHhEo6W6ZYIg4g2DdkmEziZMlvD2ElUiZbNk9Mts1nUqF2JkEk3Z8vmBolBltNgsJNMg0HKwAEUADID0hLY2BTbgLCwgbTAFpkYEUIG2ZnYQiioCmzAyJYSsI0tCRKcYEEYhZASCIEg0oQApRNoYKfTJYRCEUiJ06gYOzMzLREhoHmyUwasCGRnZiJDICkikMBuObU2TpOIIpUaXe2KEDmla9RSkBRRIUqtyG0aQ6TJ1gySlMpElDR21FJKrVE7UGZOrSkkZEcQEOBpbKLVvgaBLRSlyChQKaGKQAVTlYCCWrAAFEph28YBCLAsmcA0bGSUNgKQDXJKBoQlTCBLtgAkh2wA28IIMJKCxICESaQUAjCESQkUKZERCCWAAJqntEEK2UJI2LhZUWqUnNKTo/QR0VoDIlRKkcHZ1b6rXdd3MnYKpbNlS0hordkQEM6xrdZrbOx0AlFLa21oU7bJLbGRp3GqtfSzfpqaM+3WplRaErbtlik7IiIcQTbLlkIKoNa+77saytYMNUopRYqWTmeICAkVyRGT7WRqzXY2aJYMIQBltghay2EYxmEYxmGaxiknmmWRzQAWjZBtCYETCYSMM7Olp6akTS0bUURjykRRImQUzkyla52VUkIqUSIIqdTaRRHRcgopqmp0JE7bJopCtdS+60KSFVBDta+ldKUrhYioISlkT21saUdEYEKCxFOb7ATSmTnl1DKztZaZKKBko6WRJCyyJVJEhFOAA7d0RkQ370sppRaBM2ktW2KXvi9RaukkgWpQNStdSTtbq7ULqo0hM/FYEVZIFof7u6/+qq/19V//tQe7u0HOFp2TkARpGcgQIoyQLTkdQRSUwsIO0jYGSIk0DhEYZExR2CHbGFsWiEBOG1ISkZYAo0CAJKcxNgbZISHJIKWFhMNYksIKkEKd6tHB0WJ78y/+6q8msbm1M7YWEW2csEhHBM5pHFfDapymrlaELVKlqNQoCuM2TpKihBSyKoE9tSlKmVqbMgtSKRQwKpFISBHgzJaTAeNsnjIzkTAOKYrkbOmpjdM4RURBwkVdpg2g5pZYpXa1lCjYlCgSlKKQ7ExUokYQgoIEIYDmQBhBBE4aYCANEshSgiiAhANsy0lYEFjYAAYnoADZAbKMLUHaiEAFLNJOG4uELNgIMNiACuGwCWMnmJATu7UEpmnCtpqiqiALJ0ahqLWGxnEa10O6AaXUIgGEMnNsU4li3JpzmrJBy+aUopbAIABwCYolVEspUYQEociWObUoIUFmprOlG61NU1pFLY2kEl1EREjh5qJIEXJfay21dp2M3VobUQknJiQJIUUBWraIEhKmhhCttTZNMm3KolJLISQUtUol3ZrbNLWcGiBJkkLhIjmxJKxsDadlwLJtZ6JQCazmBkSodrVIUpFJ2+lGIkLCDghCNQK1Kac22UrnOGW62UkRSJIkVKIWNRvSWYra2JwJiYBIS4FQlJgSBaGQo0i1hBSZVlCKDGDJNnZrjUxKiVK7GoDb2HJKsNE0TVPLkMCgsO0pc0pHyUxkgxQ5NdtAM9naOE7pBGoffVfTtGzjMDqzdn0JSwFOXCIA28M4rNdDmxqQEQJQqRIFRGuZDgIUigiFjXFrtZSiKtF1XdfViHB6amMz2bJNKexUBLV2oczWIGuNWiOKisISGOMk7ebMTLDTdrOd2dbD2KZJEeBpmKapZTY7x6m1aVREKMBECKJIERGRrYGjqCulRMFyCpGJiXAQkqKWopBEiRKlKGqIEl22XK/WnpqERGYm4FZqF6FMq6gUKeR0SyOBjJ2TVIgA3NKtOROEbdugsIKktcxAUoRUQ1EjoiqKJCSFRLR0tpSMIT2MY7YM1VJrlDrZrWWDQKhIWIYiKXFL28aTsRu2CSGQHTZJIIIJkJAiMbZBJkhhkQKnAwG2JBkIACV2upFGWAHCCIwkKQEHJixsp9I2iZEzrTTGxgILYdwyySBwIGjpZozCXe2jhOwIhUIhI6cwOU2tuU3ZDDJSCfWlK1FEBFEjQDaSFBD2lFMbh2GcxpZuUzbbQGbibC2FSqnp5myYNk0O9X0fRYJaSpBTazlNbg0ZQiIzIWvUElLIKTItCaIWhDOnKdMW2A6cztYS0VKAwYktWbaVgkDIssEiMcKIsGRIF4MxlxkLh6VERihtAWATKRIEBiQJARhsYYUxQhgHtuyQbTkyjR04lEhpA0IIRYlSJFmS0klmy2xTZmvZslHU1dpyEoSEbSFIjDBpJ0nLlmlAoVCUKGSms5ToulooiNms77u+9n1mm8bJ2WqJGgUkQDZM0zROOU4pZCvbNE3rKRNsIp3YU/N6GIQAp9OAQ7IAt5YWEpmZLUE1ou/7KEUqNWotxcjZ7NZaYme2Uko372qpCrWG04EsRYSKikqpJVRDkcKZEUXy1FpawhaEIkpEpnEm2ChKlFJVJCKKIBoupdaQQCVsEREREQGRdtoQBbCRShVEmtacssJRipCztZaAUK211IqUNhg5nYbWpmkcgBrRdRECAeGW2EIRKrUzma0BJrGztalN4IiQyNac2FZE6UKmtWySIqLIKqFi27YAyMxxzHEaLUeRoKtdBCBhp6Y2TlPDQGSbkkazkmxAlCgQ2VpxtGlaL1cf9mEf8RZv85Z33X4nChVhATUQQaQwDgwJJtQSjENWAimHkCUkbAmwEyyAaG5ghAgpMBhsSQCykYtIhGVswLaESYlElrCxjDBASJYkkbYDJNk4vG7DjTfdIvieb/+Olh6n0dBaa9kUwthBlFBNu9kkIiMkRURRSKpRIltr05i25dba0KaQSqhGRAnDOE5tnJDBZI45kVSVUvt+Pu/7XhERsq20ZBEt3VozYCACMjOhlBolur46M1sLKBJ2S4dQRICVYJO2HKgUbGQLg+xAQJAYRRFpSwqDJEm2jI0BQWLZkgGUCNu2VZoCQAgJQ4JlY8kCkUIQqMlGGBCBSQIriZSNwLJtUIJsAJRIBhkEQEQYMeF0m0i3iAJKO9MtXaPWriuhULR0pkFumZkhgWWJFqV0fY8UkoJmQrYlg6M1Nywpsw3jkNlKFKyo0c96habWppa2gEZmukiYolJCmJaZrblN6SQUppSiWqNEUS21GnCmm6UIjGwlZKaTEhGS8ZSp6AQ5JaHmjKIgpmmc2jTm1NqEyKmFokRERIkStRhlc2ZrUxYrpGzZWktTJMhQtR0RRCgzwGa9HqZxzGnKKZtbZtJcSlESGOGWbh6nMYcE0pMU2VprGXKO0zSN2ZoChcASxpbDFIqTUmS7ULvocIbTlHEap2HIHOXIaUq3kFFpma1NgZhwGkCSIkoNnDllM80JaQg5PE5Ta9PUWkCptZYSiogIo5aZ4zRNk9skpKR2NUoBka1NU42uRBhny8yMWkrUUksppdSSZhxGo76UKCWTJDFgbAimbLaxFLVKtRBh2yhKEEWgCOSIIJQ4G21qCTKlhEqtUpRaarVtuUSVPDVsY1rLKBERUaKrHRJSqV0gbAhFiUJmArZlJrAdBCGglOpMgqh9kVrmNDY7Q5F2uklFiswmKVsb22RciopKBGQmzekGrbVpctomPU04U2mnE8mJMlumS+2QITIzFF0pEYookhS1doHJbE4TpU2jW5taa6211jI9TQ1FKVFC0+Rpaq3ZTmcqwjhxmxq4hLARtatd30UQJSSQSCw3bLK1qU2jM7HJBEJGBgvspiDASTNYhACnSUsYCRkcRiBbctoAMrYSpbHDgCJl26IlBmRhHImRLCEKxiAMkLbBKGTZIIEt2QoFFoiQiRCXqVREm6aQSg07nUzZjEMEBYCCpBJYtktELaGI6LqIkBS2VCQsmts4DGO2JqdRKbWWrouIAqEIo1pqlCIwFtHSJSLNNLXWGkWZpFT7PkoXIUlRIjObc8o0WLKFZTkMKjZJS3lqmdmQSlFrma0BSYZSJtNkAiFJBhQNwAZCBmwsI8k2gEEgJzLNyAkQCRiQheUAmpLAciaWcIIlmshABgTYYIQkEQi3lDEpGRwYMhUyREiAZDAJAhRgsMlmE5Yty6XUrutqLRKQQZjM1gxRQ5TMTAiFFJ5suzkRSMiKiBIKmXRmpjOhNaRSikKlqCtdiYAiqWWT5CgRpSslouAUzbgUdbNZqX1R2DKuUWpXS1Xf9Qnj1CSVWkJCqhE22DZpQhEhu2WmcS2djRRSpB1SV7valVpqREkbk0pkha1EIq1QEaWWErUUaq1FBTnT2Qw25JRC09SSjOhCSLS03Ugjpa0AS5klIrO1dHNiR6i1qbXWWsOtZRvHMds0psfWnJ6mdKZzIu0ppVIiItSVUmuxMTllChBu6QTTxhynAVG6GXZLt3RrLTOTNHJEqbWrnbEUNUpEKCJKQISCFE6yRQkZKQS2mtNuNQq4Tc1uKNrUxvXYSAukImrfl1oiSolo2Zy2nMZhF5UIizau2zSlrcAlSiETSyFUahbVriyXl8bh6Gd/8mce9OBb7rz11r6fTa2FsI3A0ZBtwIBkE0hYKRVZGEPKLYwNCAdKYctYSEAC2FiJQFgAlsGAAixDGmMwFIRT2FYKyMSQIMlKQBJSyqQLMtl3ZT0cGb7wi78woiy6xTCsuq5TCSdEqETXRdcVCIExQIiUnQpFVTYDzYzrITPThEJR2tQsGRQhg0EqJWxst2yNRloYqSqilAgRsmme3JoT20ayJ3nKZlo6W6ZtFSkopZc0TcN6NQ7jVCJscsJyw5KVnsbBtnPKNElrntwwxgBumJSwMbIlhBA4QMZGtrBSkgxG2GQGgGUsC1m2AZANsq00qFlhIwIhlADYkZJlCSOlpABDIpCNQxhjBFWIIGwjAxERKoSxbbdxMjhsiCiZVqGUyExkydlynJpKKIqTdDa7Tdky18NqyhROnG5TmwqSSkKJIoRkbBsi7VpKiei6mlBQqcU0hYxbs4QUhJqdU+JsU06T0wbhSYCRIu3MtJ2t2c6p2ZZca0lobpLSaVkChwkpkKaptWY3JBVF1/VRQpKbW0u7tWkcp7Fla9kmN2daaVtGClTGacSkmcYpSanUUkoEJSxR5OacpnSmrZCtqbVmpyQw2VoiKWqpUaJElNrVWrpm20gRUTBTy1AQgWjOiII9eSolkNNkm7AJyaXhhixnMrllyxTgpmZnTm7j6Da6pe00U2bLKVsLKUqESjhk1VJKrSGkUHFtLbM1Iijqui5bMy5dXQ9rtSylRCgJR2KQZEqJxJkpKwOcbiaUmS5SughLmZl2RNh2WM0GpwkFqISR3WiysOwESyVsTa11Xec0QREJJciMCDKNTdDahG1QqGVKksOtGaMsEbacaSkUhJy2iYhsBpVaZNJpq5aiGlNrRkXCiWTTMC0doiVSFOxqt7RrrTm1KCGwnUmAhDHY6fRgE+GiaiWE5VSW2tkYTW2sQSlV4YmGZdzGRK1EtKlJUaqUJBThUtrUsCdnKcVyWOmUhBWkg45QYLCbcagQRZlWSGDn1BQSAmVrUomqyK45h3EM1PU9IlExIAi5KQrpxHLUqHgMKSQbSWnApBQ4FQAicFpKGYdkg8lAKASWhIwFqGDCmSAhiwBkG2wQpBQpZIRtJ0EkxkhhHJaNBNgWQpIlCcCSjNOpUpwZColpSmig1oauhBMzeaJEJITkbE4jolRn0kTBDeSwI8KkbSAlZzoTSSLdigqiDW301NdiqZaS4XRr0xQlaik5TaEgPXjARAnsUsJIzlLKOE0iUWk5KaFAIwQqyAJFpDMkSUoTpDNTLsnYbAFTa4CFEwo4LYRMSpINsgwOyXYQKAQyAODEChBksYwsh9JgBUpQgbQthBBGwkaAmjMgCHAENgITUVpmCFDDgY1F1KjAmGBnOhOUCNtFMbYWioiYxhGFGTC1dm4WKCSHbcCZqESIlkqrkM05jrWTiVBE15EWEJHZWpsUpVhE1BCS06Fo6VIiQq1lKREqCtzcMoMIRTpLLSDhZgtFDTdHh5sxCHBL7ASwW5uCWrpoUyIi3ZgM0zSaFhE22ZpNc3a1tCkbpB0oFFKYtO2WTpsWhCWTEZEUPEGEFElKwrV0IewGymw2XekcgnQ6pCiRTrdESG7NAsC2QtijjVVKGLCBliOhqqKCDWnsTBEyABKZqVDiqmhdhMh0qaWoJhkim43AIiIC1Eg5s6WkkJBU1NI2pYQ0tcyWE9Q0IqISlpGVdsi2MyJaNhqp7GpBZHMpiloNxkK2p8nYCmQRtlUMIuxWwlAUk1qkE5BxTplJC4iiruv2d/dOnOyf+KQnnz55/K477rzpphsPl8saxW5SqXJrWCnJdkDKEJBYgSwbCYwIAhtM2MgAhJ0KSBAiAGVYiaRUyAmWCNuEQmRCqCWSSuAkLWQlCoGdSGBs2QKHJlDazeucNo5tP/22O9bj0eaxY7sXzidNRQayRQk3T5lCUYogbTVbiSMkGWpRKnDtZ0CSThBOyEQCRZEI7MxMLEUpksNymxIlRKZBxiQyqiUUdlo2VJVpaklGCLI11646jSyVUhTRImpzgkuNtBABWQ3GgGRaZikRCLlymcNQnChkI5xkNDnAlmUBhGUEBiFjBWCAcMBkV6LZkiHJghAikC1hrLRBsgkwyBgEIJtAFiYRkFki0hYyQOTUMC1MKCi1VC5rY6rIzVGkUER1kjagDCQF4WikAec4jjJRCqaWkozCNUooDKGCwFMEiSPCztaaDCGg2JNtI6u1EQphoaIytRZFDrUppZRKKFw9TlPf93azQSiKTTo7SkHjNGaJLjpwP6vGEJnNSSklbSCIVDpb6YsIwWyx4TYllpwmnQnZWq2hpDWiRB/hdJJtmlxKiYgIEEFYjrBoOWGy4ZhqqaV2mZmeaCFZUtpKR1GbWkFRJCtDrU2SImPyEFGEjSLCdmBLdkqllJLpJJ3Nk2aLLhul60NMbUIioFG7KkkKYZXITERxpBKiZYaKA8iEiEg3SyUUEga5TVMmXVfBKQsX14gytWZnlKJSS0iSM1NFJSpk39WuKyFBKZIcJSRjQBZhcFFIUkQpEiHZdmRmkpRSSgmLNo60RFFLAK21YRjaNGU6W2tIYBscpeAmMZv3RbLtacpsYKESypatjcZBlIiotSsRilJKlHBm2hgyMmUnErKKAoUUJaRQjQiVKKohQgqDsVsqQUZKS1IpOE0a4VA2O5ukUKSpUYXTiU3YIUsqVQZZJWpfInoLS5C2hSKi66rISgWjNM6xpadMR4kSxaEQZGY24xIBcmuGUkvtuogIwrKdpNNNEBFRsCXJojVsY6dTtgCRJqc0zmykIxxdVVcjokSUWtOTs0khFYzTREBaxpJoTgqClKXECSJk4UwJk8YYSZYsSAsgJMDYQpkmwza202AJQFiyAYOxFYALQinbKQkgZYQlZNkSkjE2ODOdaWyP44ghigzNbZywMTIUqUQUzfs+VKIWqSgE6rqKhCJqV0q1nXaGnCBlGjudzTYYJAUqpXa1RpQSFcCKGrO+KpSSUWtTEIUSUhszSWykiBCRppZASC3N0FqUKKWmsyga6UzjEhElQtFsMmVIS6RoaSlqLSBJXGYXQBbCBggjCGMbyQjAIoEQxgGylJIsJAxOSUaWIm1J4LSMjbFsIcmkcGLkFBgVI7BRWoETJKcVkmU7wBYumZYNRGBUagjlaJuIsMlxmsZxHMdErTUnEbJbOi0kIkQmtkpxTtkyAkvZDBC0yQChwCpCQupKKaVimpuU4zQ1TwRGIUNiwCVCQZQSXRFM0yhBKKfmzLG1bCnZ2WpgR+KWrRkUCkWEQrJCpdRCphSYxCQhWxZVWCLtqU0iMk0gK5AkY6czWybOlARy4Ewbp90SS6TtBAtDTm0ch2yKUmspklpmay2nVkpEaGxjOlUCAIWIEkLC6UQEUWqRSmuZTtkQJarDGAwRxolBAEYipJymNmXDtjMtqRZZyAJUFEVdqaUWpyEDpVHIODNlF0VIiszWjIskaJ4yPY2Dmy2JoiihSJytpVMoyZZjy2wpCWPAkHY2NzcBwjYQEYLWWqbT2BSpZZNtJ1IonCmpqyVqEVFKXWzM9y6e7bv+8f/wBLlduHBxc3PLEkTiJEBYRkgpYSCRLCxJyADGkGmRkEKALNlCMlbKSA5sWQ5ZxollSAsCE81BGCMlwnYqhYUQJCQKQRqkRKlIS7ZQlMjWrj1zPa394i/8YqKumzkEBRKJ1oxlEk/D0KZGZsMIcGvTOI1yqhBEekpna+lsQqUrXanZWmtNSELICiWFIMls2AY7gFKqRAhFhAIbMAS2adlCDqm1tFVrwURUN9sNCJUowijIdE5TG9tkY7AISUWlJM04bSN3BYAUtoVsGUSJcCAjIwGJMQk4lGFAkkDCINkUsBwFIVSQwQLZQoYgAEvOAANChiBlMJIwJA4hCCVGAQaFDAKyNeHWMj2NbRiGwU4lCjKNjEMSNhCS8TRNKReVUsIghMCJgRaliqi11lpDpBvYbsM4QgqcnqYxcZSQnaQknBnpZjC2W7ZMKTKJUNfVUqudCKESaplpEGmP0zRNo1IObLpu1tWuZSKVWkOdbAFgu02Tm20TilKdciZANmQBCUYgOwKACMnYIHBVrV1faolQlBA4aTllJpk1utqXvqu1dhEShCQVhSKKA6enNhmiRrq1lpYlldLVUo0VRTCNLZ0YIVQQaewcp9HKKKXQ1a66kdmEbTenm51W2JnZ3KZpamSClC2nnCilBJmJLayIvnaFAAqBZSKxFP1s3s96Y6L0tfbdvHa1ZbolEK25mYgiQhFILSdnCmVikBJF4mykE9IZthW4TRJSgJEsnKiFIigopKC1hhSllCIpSi12y2QaR1AosBOcjogSgQo4W65Wy6mNbcphGHPK1hIcJSKiK1WBA9vjOK2nAVyiIAmBVRBgcJPtpDntFJaQsWTsZtu2bbVpMqKoRCiE6CIkKQIJR5EcIBnbLdKEAWdObfJkLms5WCJKKAIpbKfSRoEkGSOiRO1VShVSqNQIVbBECanZkM5MpjaNw5DZSq2zrgMESEAtpStdlCLJgXAmCpOIqKVgAqRo2OnW0iRFdmbLhNYyx4kpFRERgBqAsJ12QrbWJBnA2AYy06Y5LRMmwTKSJECyZYPlREhGNokwYQkcgS0TEoQMFgLjTIStkBQiATnTqAnCNsZKYUWStkU6bWXatpFASQNsG4tmabRxEhHCoS5KGAkk1QhHROlKX7vw5JBKqOCIaC3Tlm1jspRwCVlBBEio2QgSkGRbQkIoFKXUToFTERSpamppNxkVk41ERcI2zsyJdGNsY5uyZa21lOi6TgR22s5MmzShKCKUboEAg+2QVUIAtg2ADRKSUNhIEpIB2xBCCAhEOm0knIiwZAfYJuWWCltGEmlJNMtSys1YCIwSYRApLMJSQFogsKCRsiwbwJIkk0AoCGSphKrAALZR33WzvutriaCWqN3MEEICaDmNLW3XCEVp2CkE4SjUWlG0sdlqmW4tp5ZtspWZzpa2FFEUFKxaotRORGKkNEBmZmYppUSxLdRII6WtlMLpdZssR9QI4cypOVu2bNOU2UoEkA4gSpQoCtkRERRKrREFVEqpXSCcIEqUkLCbJ1klIGQZm4Zk8OSWbhFBKUWl1CgRxlZiZbaxTWkjbIdA4cxsqYS0WyPTtiRQROm6WUQJBVJzk93V0tUaUaKUoogoyCmEQgrcpnEcx9ZGhCKiFIWkkG1kJIWhtWmaRtKyM92mCdlWZoJsGwkZmtO2HBEqtUQtRBSVqNSuixI4R085TZkZUUKRzTYK1VLTFmmF7WwNkGUZyxjJSIGTcZyilAgJulqSFIoSCDBCEaGIUKAUaZwqXX+0d+HGW2758q/8ioO9S+v1Omp1OKDllGEkSIHskACwjG1bFkYIABvJSmw7lRYhkIpkbJSEAGXShFCkCWzLQg4ZAGNhbGQAY8AC2U7LCpKQMDLCBqC1aWoj8MVf8RWBQi5SKQIJ2UKKiCoZXLCkcKYzMxQRRSpkWG5NmRY4wdjZnJB2SkJyKCxJhI3TzbbkCEvIGcgSkM1IhNs0NhPCaexEYHAoEjvbNK2nKTNbOqeh2YlpLafWgC6kUgTZHDUi1Hd9idqVKsAGJIQoKWyBndkMNihIpJQEQgrSgUC20zYGbCyDwVaS2AgLwJIBaMgCW0IJNlghKyzLQaZQ2mErkdIgpwWkJCIQoZBFIEpE1/W11iopE6E2JTQCi7Sb0y0joqUtR6iWoiAUUUqUECUg7day2aESUsuUSkQ4aTmRns8XXd8JWUCASu1q1KglitIaM7FDZEuhWmuNUkoEIUkKO21PObVpbOPYshGyiSJJbWogxDROmWNLk7bttHHLlpg0eBynbG2cJts5OTNbJkpDRISEjTMzE+xEmtxaa06aJRQRzmkaDVBDYbmkldO4Xg/GESHA2ZxhES6lApios1ABYWoplCilLyFsFQkZIQSSSmA7TBdBgkAamxURilBIYTmkEoV0YONQttacWASEnDZJaxMghSKihkQjpZRSFhEhlQBcQ5m0aZqmlq0RklRVoqbBlgLl2KbWai0lJCmNjdKttRQ1AhUrc8ykkSIs0qINU4KALgJnkkqIkGstaTlTtiJq1wU5YSlqVUtback4pIKmKe3s+r6UOo3NtKAm2dIK20zjNLkBEZrGSWKcphIlQpmZoJaUmqDEQqFAmCRba04ryCgSgMJOG9daEJmWFAUgJ9tZVKOQmU4TBduoOUuGRUQJlXQKgkhKCEnOzARZCNIWpRRs4yklGeRMxAQRBdlk4mi2sU0E2KXUcDpJSgA2JiUy3TyGAoiITEfBlm1FSLg5wTaTR+fUWq2lqEaUyWvZKFq2iOI0Uoniigiao0RiIdSyiWKMsUxRWICEwMGzOa0AsCU7hRwGTBgwILADLBmDSEuyTMoiZBkgDTIIjKQUAgkIIJDJcDiMwRIqcgoMSBmICEkRtRYgpNqHmyPccmouNXC2qakUaDbN6SSsTLCFhBUUCURYGcYFobAsiZRl3Fo6sSxJmQkSpO1xogThcEgSyqlFDSlay9aaSIUSKk4bIhTqcMvmljY4IiIiSrW9HodSKsgg22kkQqUGQDoUaVqSSE1As6MUbEgQyMI2kowCEitkkyAJZFIRJCkSBQCyUWBsI4wUJgtgALCMJURJudiJEDgFCAkRBkDGMkgYibSsKACgxEqcGAyBIUog2zIuUQnBVEvJzEycLbMJhZQJNmkVRxS5JQq79iUb2M3Zlb6Ep3FKT1IBFLU1K0pm2q6lCLV0KYJIEsLZDKYgIbBLqRKZIlE4IZvDiQIIK7ETZ0scCiLSbtkirFRiRYRpIJxp4QhJgRGBmqGlrRSAVEJSSRQlWzaaMgIHopRAQs1NDtlCklwYh7HYrRSBiiQpmFpmtqKQghDZQgEGKQjCTts4SQiFZEvhQJlpXFScmTSFAEGpnchsGVGilmzGiUmmQmkNIEJGSNlakhFKIxwBABKihNJIEbiRIpLEAkKFIgXJ2BKhCKBNLaoEtmupTktNkrHTY2bYma1EQLEoIaeFrOxmXVFpztLXouJM5GlKYQFgAE8jCoWMaTQUrU3TevXRH/nRP/JDP/jHf/xXN95yy+SizAiFSvMklLYcYDCEbSEFaQQYE8JAAMIIyU4JYwkACUt2SsWCNCpKTDos47QJhRGkkYUSMJLANiAZQGFSYNmSTARRu9am2ebGn/3xn2DPN3f2L57rey5zOklCslVrLVHstDtHSgLXEiaVcqpWYRJQM85mcjLqarXwlFbDRC1Og6SwUwpTcFpIypaZdrau9qRlcmqqVUXZpggpKlLKbZiyBAoRUSS74RzbiASAihMinRFqmc0IQnZTyJCjgUTGSiwVbKko7GaTIGhWkEikEmQjNSuQELIthW2FbRyEhLGQETYyiYQcgpQlYXGFLSDSCSCFhQErwAKQIt1CAqy0UEiyKLV2dtpONUUVthUpTJtaRqul71QaUxvHKUrf1cA2Tttp25E2JTqnW6bDUjFNyDhURsawW0tndrUjwDK2LYyVngQSaQLGaTLgzFTIDiUqJVqmEtUCkiRk05WyHlrLFvI40Foq1NUK6rqCcAs5Q6Eip/tSTDPRMlu2EkEIq4RIT5kRYadQGEXYRna6tcktXWoUnESoFk0tJyy11owtRaYVqYgoBQTZqzpbTq2UAlaV7GmaVBQUyy3TduCIAEA2lkMRNTInqRjLBbVaZEAAmFKKW2YzpaiUkkYOZWZTCDROTaZ0xVZrSWZmRhRC2JmKQIGbJ4aWKRVDZstsIhxRZIgaVpNlikEmVCgytgFhwFKpERBWoqDQES2iC0Vg23YoTJJTptIpqlQURjY4FWRTtqmWQkQXRNASZ5OiRowt01PiQKWUULilydp1smScNjGN61KUdqHDzBcLiWy5GoacWj/vIgoCKBIlMJh0hgQKUFVITiaZpDWkKFFkEjdckU0oSggybRJBAtmkKCFnGmQAQnIRbpm2hZyZTmwciXNqte/sxGo4bJuiMDgTS0HL5oiuRBpoDSIkRElJmYlpmbJtYxGynemmqUbJbFLBnqYWgiSERYgMYVeVGgWJ4og6Uze1hm1ASUpSttZaRkFFmKhBKhoog+pAyHKCVIMEUnYKK9RwGLBByFhhCKcBpABLXGZhBJJBAgssS0pCAAbLShzIMjWVMimEQSBjgWVQSVtKBCgABRgRwHo1zLtZqX2g1owysxFKJ2CaMyvhUrI5rJTtlCKk1rKUgpTZnOpqZLYkSQiTstIJBhKKIiRItUbKODNdZDtQKoMIRBBg5NoVCOES4bQy0xmlpIgSYY1uBUilMixwRKE1QoGwkgyT06QSsiySQhtQBo4KIKuNrZYAAZKdAhASJFlQNkJYmVYQVjgdkKYgYwVpRWJZknEAiUFGAEJGwplOAhNIti2EQWnCqOCUyUhLsgW2hNIAmQ1hkCRJkOmiqBWLzIalEPI0ZkTYImRbQISFmSSVIiFBEnY6VCwppkxJJiFUSxumUIsSJOnMRmCQUSAJWwJCzkw7IiTLYHDW0gEZCitNjU7FLQ3OiexcMyyyRLGj0FrKDikkQ6aLPTmxao00WMKYKLR0UKSWUFSiaJoyTbETlEZEAzJqNco2paxwRJGMShsHLAp9V1WUSUsXu2GbKCVKNYmQEWE31ZKZWASJI7nMCtIyKSudSQqMTMNqOQWllGorotpTuqmFnLYSSJpbRBhLkmLKKaQaRVJrTSFFIEhHFNvpZEoXokSRSNOSUGYrRPOUcqAooYhsLUqQTuzMSQRRS5ckmQoVKpFVHbhNzZnZhOQ2IZUSLZrTQaQS09qUJkoYjEJOW9iphJAxmVOJerh/aWdW//D3/3S+0Z07f8/pU9cOw1Ims0lhHGClDRSEAhLbwiKMZCsSFyQSBLYBSwAZSHYaZFmtEAS2wcVKY0OAbSsgMRIphUFgjAEshFAKnLYIC2Eb1CY2tzbXh0d/9fd/91KPfclxGkopRLR0CElSRFFmmzLJFiFCbm1qWUuJkHMCWWDhtLOZQENLoVYs47CbgJAaiRSltKm1pETLtBSWMBGUbjZNk6DrZ2MbyTRpyGkiIiJycldrSytknC0jooRQTTskkLGTFlkU1FAqyTZmVIwEoQDCKdtFpKy0CySWSBwoZRnJJgxgGSsA2yGHlTIhbCnsTDuQwhBpS46UkSGNlbKQwAZAlgApLcnYFhKBcCqUJjPTgAlJEBJSoGnKkBVUqkrIEbLTIWqpJk1rVhpFFNHG1kjsgJYiXF0joECqBZJwM2HZzUBX+5zGBl0phEnZRmRrIVlZSomQZTtVIuw2DpkgU7oiYWyHpNpZFKklwoaxJXLX9TKYqJYzCk6lTRLKbM7I4gJGUaNL2whCCmemCKnZtg0lhINQSxMuVBdhu6TBSEVVkWmJQIlCGbXWiNZa2qXUTLtNKZcSBtDUJilCMvTzebZpamNEhNSwCWzbLW3cdzVUbVs1AlJJ8+Sowp5aKijR2Q2RziAwBGFSIZCQ1MnOcCY0RbEdEa1NXXSNTCdjRikG0s1ZIrBKKaolTGZigDCECUggLaLra6kVUERITM42KT1lm5gUSAqHqmycBoWppZRaSpSCo0h2pjOMSCgRWApHyGlwqGDjDClCSFGEwLaTCLs10mKa2tRGYMw2LtfLo9U0ZKEqIAIRJWqtEQJlazhba60NU2st3do05UjIOETUUMQ05ZjNzc6UwM2WaiiiEpaytbQjkAKYsimiBLajhEKqYWdLp207M22iBHhsY2sZKiqFIEqpXQ0BZGuyLSnCYQvZdtqOWgK3NiEUKihCJaJGFQqFonQlpHC2JJ1pHFLX1QCpSDZ0tdRagEzbjogailIlESDllOv1Ki0JMjHZsFJkS0MmxrLdpoQkEE4Jy1gKJNyasSCRUmRaYGRhAJRAkJZkCexENgaQLYycWMZgSwhbaduybBlJJMhgGQLADmwnQiYwgpSwpUAmLYsCIAM1AkJJc7pgKFGBNDa19LV0SWTLIEpIIKkgi6nlOIzZJoFw5gQ2Vtj2lJlT2onslBCZshKFCGQDGCIIhUoIohSHZYmopZaIKFVECakIZXNTmnSKLkrtZ6UrQlM2p2sUlZCRCkFRKKLlNE1TKtvUWjZLpfaAeSYFaYCU5AghRNp2E5EGbCECZFm2RCJMCmwnMpYRxiBLKUQaZAxgZZoISRbCmRbhBDBhiHQaOwQSBiEsEpsGCBBOp5ttSxGastkEqhEh4QQk2UAWKKWWri+lZDqbFRKsx/XQJrsJnG7Z1uOAEMKtZSNdSpFkm6BEdLVAAZxu2RShkESohFRqVZCZaWdmwtTa5FQmoTTZxsypTQ2pdBEOg01RhERGSGmiSIogJAyllhJqSRunaRwznc5sSVKqaiklApyZkkOAcLMtQQShlCOMBISEADU3E5ZlFHIzWOkp00iBDE5ZYYyNjbKZTI/jNDZsS4pi3JqzTc7EJhyKUMiJotZSVW2v18MwDuM4TNNI2mlLkmot/aLvZj1SiZAUoSIhNbfWpogwtp2t2dmmcRjWmU5RkBEQIRUJITkAckoUWNMwYUlWCUmlRAAmpyY7JDeSZmSwHUEttZSqKFGi1oAAQJkts43TaBMRIWGEEZkYFERgWyEDMJvNlpeOmqYf/5mfWh8eTW2opUtbFWxJdkiSICynbWyADBvJkuyC7AQlYEmSBAawnDgEKGRBAgaQI7HBRhJFEClQIllGRgaQUQuwEystSZHCsp0pKcc2zGcz4Ed+6EdUSAzNbRIpBcgYG2pgFJkt22SotToYpsFGSI7M1py1dF3tIspsNpt1vaycWti1q1Eip0wb4ymzZWazKREIkxHUrgupRAg1O1QSS6VGVYCNPY1jZkZElBpRQAoiSpSoUUopxqGIWkJlam0YxsENWxFBkQAyJgQRGSIVIZCi2YHASBkIBFgANAESMlgBYNkWWAAJKgKZFAaM5ZCVYERYSIAIIRlkGyNJxkjIJrFTkSmMpBIWIAmYsqVTOLM1W4oSRY3MHFubWkukyFBIARYgpVGooAiplAiLxEmR08YlCJyJ24gdRYlbTs2edbWWTi5pm7RVS6iUEiFFibDltE0pRaWGFFFCKCRFtgbOzDaNmUhWiVq6pFWFihAOutLVflaigk3DtqmlVlVjIZPpTFkoFBipRCkyIWqp4ESSbGe2bJnZZMsuilprprM1SaWUrvZEFKnUWmtJp6Io1NqEU1W11GyNtEqAjFvaiZ1SCNmWSq1RSiCBai2BSTJHu5VwJpktp0Sy7bSdboaGhCilRMikW2Y604LWcmqTSo2iiAIlM21ApZRsKbtGiShAtsnQlS5KRFVO2YYhW3M6s2VOIRGlqITthi1jENlyvVw1ACKKomSSzbilG0ItnU2SZAKBFKUWlZppkEpgldpJbq05G5aMhWrBtHQYSZh0llIjCpDGU8u0E6XW69VqucqphWhtUlEzkktEFZKxm7OWMl/MSulzMpluKCIi0ozDlC1tsjmzZTagKCIUkiypiMyWNuksihJF6WlKO2tEDWGHSi2VTEw2bAsJZIogJFRrqRFRo7lhkZAmACQpUJEsYSduTpwkFjYoW+Y0ZmulFgkkwLaE8JQ2jlJDESGQTY6tgUIQArdszYJsjlBrbWpurWVzG1sbR9KZKRGEStRaIkKUyUbUrgvJUxOKkFUyEVUQIqS0jdOWMDaYAEHakjECkyAMgSEEwhKyIkG2uEySwzIo006MJMkiANIQpBEGlISRjEAkxgZjAw5sByHklAyAySxdKaWM43pYj+M02VKJouJMhQQ2dguRdkLUUktJnJmlhEo0t9Yskc1TOlwTMo2MVEqNiFKr0805tNFtmjKJKKXUWiOkQApMcxZFqFCEIpNsbtOUbUpUSq21g8CBbKchM8lUgZTBcoAiShAKJJnaz7pabSEClxpyYkICnFkiJCwJLKcNBmRKKi0j2ZgUxgYB2ARyk2RhkIwFNk4ywIRxBsKAIySMAFkKhK1AQomwBUhOkxIB4JBSAgSIMAikgkTmNDUJKWwyc3JKKlGkYluKKRuZwgKMCAR2qBRJhJGKgJCEgUy52c5SI0ogMTWcmFIcCpNC2aZsU8u0W2LIcZjGcXKzsKy0SStCCDG2KZvtlpkBma3llNmmqTW3dLapYQPpRAYkybLVphGpdB0wtdZaM870NDlthxKMcSoopSoim00CMhhhYxtna9k8WRGSpmzTNKUtqXS1qxUbh6SGk5aZOG0ZkykUpSCEFDKupURQogjSSdo2gFQVliQpVGqUIilsOSRo43S0XB4eHS4PltPUsCW6rgMiijBpbEJVIRC0lutxFIqirgQKZZJplYiIEkrcXGstEZAgZ47TMDa3aZKBsGnOJJtRlFKLE9IIIyJqrSUikGQU4DY1Z5syp3Ey7qIInJYibVu1CpyZzgSEagnj9TCsp2WO67d44zd/zVd/rXvvvLPre9U6TWnAllI2IjAhwGEjFQjbAiSECFBgBNg4HbZCDiEwZEPGgZFTMgkWONIQabCMjAAb2xmCQKhkSiGwMEBB4Ygi2SalWTcHvv/7v0dmc2M7oiul1KiSMDZOZ5symxSKIgrCtGxZo0ph40xndqoRkdnSTWQUSSC1tG3AIbd05pgtpJCw0ylTrExynFomotSCWykREaVEYie1FImI0tJ2FilwRMjFaUPisY22p8xsU7ZmCyE5M0MG5+TEbsJks1oADSPJklOGkMC2SAlbsikGDAJJwsIiZFsO0iE5ExwI3DC2bQskySCEDbbByEohlJZTYJAFYSkwmBBIFANuAuRwpoXCziRpmVM2stFs7JZGCJps2W6TTTNWREQRIRVUjKepGdvZpjZMEwZkEgJs52w2U0SjNTcFRRHChBAhGTsDq5TWpmEY5EQRUYjIKS0S2pTGQZUQRZLtGhWJZrdU2jmRrWW2zGlsLZuIJI0VBWRsWyCViBJVUQzKBGPs1pzZcChq1FoKiszWyARPGXKaMVu2bDk6PTlJT8O0HkaUoFCxoqiGsNvkFqJ0pUQpIRVycgJFBG2a2pSZjOOUbnZG1KnlOLVxmtxo2aY2WkjYVqgrpSvFSTZnOjNBpJGcCBsjB9HGCRxQFCVCCpO2o4hQAthWKVFqiRI4bauoRDHOZggcVSZCUzbbTpeQi0gjdV2ViK62Bs6iEsVpBaiGoY1jZDOasmGiK0UFaDmJwDJZJGeogMDKlkI5TSQONSxKkTKncVor1HU1nU7IVCkSs1mXLZIMysbW5gaBnWRODSsUmU43OxTYaVkKKeSUKDVE73SG7IyGSqgoTUB0QcPC4GwmwNhRAuO0sETUms2CtCPCKMI4DJgEAbJIq6i0bGADUQrYpmWWKJba0CJQQpbohKuy4WyjG0gUJKUCqUxTFtlSaw0LMQ1j7WuNYqghBSnZLVtz2rIQthQqkiCxXErx6NIrFJhCZssogeUGRRJqIaWQlCmwJcmOUNKCQtoJmXJGlHQGIWTbIAKMrJSRImUBtiEQGYmVIgRJyCBjZVgZYIXkkDMBoTRBETYIG5CNQsJpiQwFyJYFYCuUBiOEASwR4UazHaG0CGRhFUrUIDLTcmsZiqhBJikLRFBUmDKrejLTqYiQwKRl2ypFdjMS2CixbIMSSwIKMrbTxpINNjVkACvsBljOKDWzSA05CJAhs2Gwkexwa6RUvBrGCCFla7JCUapwJ4TBshQYCAUSNsY2CgE4QSHSACGaEwKMRIIgkIFiEWmDETIWJlACSowB4aYoGIOFmxECwHKkAiEjySDbYKcsN6PC/TIFUGwLgxS0bEVgEuxsCrW0XIoiKjlOrclRa+1qZzfSDbrStUzCRcISOKok3FpmRJQI7JYZqDnDUmuJuyiTwzLIIJvmjBKodn2bpswMhbFUFEE6syEVlai1gKGlBVJBslMqZCLSmY0A1VICQqSTLFGR5WwkEKUYYUdEysVKYYXTCTIYBSRRQpLByNkSgQRR5cyEEkWKiDC2FVhCRWnLInFBqkXZ0oTkUAEVtalNE0FRQdhGIRkogGQ8ZhZLoWjFNEtdV7q+a9NoFCiijG1wZmZGKMpsmKZsrZROJQq2hGnZiCilmlalWopCrRklAYnbaIiIUqLZRrXrnAmKEkpNOYWCYjeDFC61pJ3ZUuq7YpStSSWKMjOzIbUGbQqIUlQVzWMOTloNHLYzm+0UKhFRpzYRCsuQ6YiIUsLt6PCo7+a/9uu/OlvM7777jtPXnFlm1loSYwwYCzAYkHCmFMaAwQYwWERCCCtMYqGEtEIIjA0gZQohQRbCdgqlQYllQICVWCmHJTIJgQCQyOaIhrFcFetxnM837r7rribPFhu7F89uzjfTqRLgsBClCiszFZQSdsl0iZRqFGeG3UKVUNqZmU5RXCmBVIyFIjROY9d1hDqXZoAS0dyETdDaOFEqyK21iIIRMbWpTa2WMJaiVEQomHJqU7ZsXdeLdBM4SkdLAid2y3SElITCIVLGYfW1ApYtZJFpYaTiTAQkCDAmDAIwAJZsyxDGRpLTFjaAUUskCWQyHMaYgAQhGYRsrMRFGJuQrEwUgJ0gJLCK7LEBpSiNSTdbLqU2ZeJAKMDgEmGJbC1dCsK2S5Q0TimwFShKUUtSCheVqTWJElWKiOrMqY0gRclsmZnNhLoohHKcUo4IHAGSrAiI2imIkJMmq7llgrtSxzY53fXhRnqyQ9i2nSBq2E6sZoOEHE5UMJ6ydXJTOk1EGIpCtMQpmKRoRk4TbhYZRaoio8BknG3yFFFKhEI5tqNp1XV9SAVNyiJ1tWBaa6VESFNO2CiUNnJaYaUM6ewUNkZJKwqEInC2lrWEBBJWJtjhUIRCbd2iK45orY2tyaq1WGTLKAoiO2Ph7OvMznE9pCil2q3ZRah0zrQJAjnTwq05KopAbkOzVGsYhdycgkh7apNNkWqR7WE1timjKCJk2ynScq1FBMimjSOmr71xk6WIUiWmqWVmX/oSoRK2x2mysHOa2jiOCEhnOhCyLDudhGiJZRtFQJQiZAhq15VQSacicHNmiVqjSjhbkiACYWdzGmuaxpZurbW0gxIKUaRaa5GAsCVay2aHJISRADJbm3KcxtamxMPUbGotMgoAMoGWzimNAooKjrE5p8zJoShdR9huYBvEehzWq0GhWjoQ4dYsRdTqiKgRYhoHu0XpWvN6vTZTNtuWonbRRe26LlACzmEap2mcxlFQIkLCcqYUCoUiLYeKgpaqUaLKNLeWHqYxcwKlTUsyBS1tuZTazboQzkxPQZHCkEpLKJxCEoEFRkgIAaQcJgyywkIKhI0ssGxbIhNsh6RIZACDlRYhF0xEEE4sByADCttGCCAw2Eg4lFI4U7YhFE4AnJh0Bqq167paJCAzc0IosxFI0ZVqmXTLtFsbU1LAsJqYmltKIUdQipTptC0hcJoIInPCNDKk0tVSO9tpOzJbylJVCYFaZpGwbEsgIrCZxhzHyZ6yNWxFQYEkKKUoikIliCgqIjMiZNxaraXrOmSmdDaRKkGkoPUCVGg5AXZKQraMFFIYBJISIyEk2UbYlgEsQEjIEhgsCaSQRAiFQ0ZFBoMIK0JFwlYgQEZY2AYCERjCRYQoBmyArmIkW9EyrSyhGhEqKqVE9LULleakGUg3WSWqUJuaM7Ey3Vpbt0GBHdOUdlqYRK6li1qkEJqmFE5nhBThdLgYl1BYpdRaa0QlQk457ebMiIhaS6lyujVIhQSW3JqBtDORVCOEpGyt2evVehynvtRSatqZ2cYpsQyyiKk1kr7rQkUKSYawWrZsk00aMg1Om0QIp3MYx5YpkdlCEBJYKqVERJEkpnEQqQip0AwREaUvUaMU19IpCoQKRp6mliYUikzalC0tRagohEqmptG05sxsmSRSBDm1Ng5GkoEuYnOxMZ9t9rMuSh3HNg1TKEhHioiiErKi2ko7oOtmCskCSEcGETIATluhEgGSigiXUqOqV0FhK21ARIpQAJJNTK0potaAbNmiFDkipEAl7KThRq39vO+dTsBClFpCyikzs6u1RgU7mwicwjVKEft7F2rffdu3ftO4Wrdp3OhnmHDIQkUKgXAAFjYKhAWSDIAQAqVsUpCkUBqkIgsJ5IACSOGQcEqJEQJHWEhCwmAJKwASp1AmssOWbQgAh2qUEmUch2PXnMzGX/7Zn5fohvWgCIu2Hpw4bOGWhghBRIkI2c3WNI3r1UhOsmn2lCFJUUuxPI3TME7YgGnDOCkKQpIjIkIhK2WDBETUrgSEwpnOBlZRqWU2m0WphjRStDa1qUmUUrpS7DSQTSohRQ0pSi1Ra61RVIhi0aY2tVYEYmoGAkmmIEAY2yBkGUlOkwBhgUEOSyCQhCQVMFIGJIYICBlBgBACsLAkWyAZJxKSwhikkJ1hySADIYQMsltTCDG2KQSuREk12VIJBI4SpdYSJYSMiCjRkEEqCIGkJCEb6WxEia4o6tQyIVG21qahTRNY1pRNRpSILkopdtrgxLIg5ARKlAgyG0pbw9iaTZJtQpQIpFqKYFyPSTrtdDanXUuNUpzGChyhQLXWWmudVaNxnGRPU7oRKkhppmlsU8spUUYUTK1FKqVESJjWJloqrBq1lqhlVrtSwkhQuii1Kqi1qijMNA7TlJkWGsdxHHMap8wUGSXAYDLSDVSrpkam2zgpwpIA59SmUkqUKhFIIedoEaUgWsuxjZicpnHKyKxViBBRihVgJSFCYVKmdh1E2ihKKEpxcxARstJCCKwqSdmarahRSigiJIlaaikRCCFna04TxmCKASEIp7K11nKaxmyWhAAprEgphKKUKMLRxjEzCUUtQUgqETjdnK0BiYCIagVuQRAW5JSpKCEbJ0gqVZLsltnGCUzQ2tgym7ONQ7oJl1qLSikRBFKpnQ1kV6tsZwuDk5DTk1tmtiRba85MJATT1IRUo0aJqOnM1oxQgACcbs5whASTJ6CWEiUESGObyFZDCjc725RTyzSQhnBEdF3tuxpWkkiYEM2TrFpKqaV0dT5b1DoLBRBRRFGNIgmTUAiBIiQRNaJ2tUZBgZSFCEWpUraWU8tsLQKVAjhbm9p6HEKBqAqpZDaFHFiAIyQFkG1qhFFETE6ByBBkErgAqbAwWGlSIAuHBaQSCWPAxmAAgRQYSQI5TVoyyARgEBYpbDfbAJFGLkAaiUzA2AaHsVGidKKCJIVFiMuECIVl59jGsTlF2FaNkCRNwzgN45RTKNrUnCAliZ12VCMpopQofY0alqKolIiIEmWcUjYyiih0XY1SQGmTVoZQhCY3t5bGoQhQAiWKjdPNRjgsFIqoFTG1ZowdpSIhIgoQIiKsKFLUUkqxlVNLZ0OYZnCTBZQEMIgAKQqSElnY2CadgbEtGaXB4UiEwIBksC0DtgGUgGwbYcRlAmzkgMQyaaMwYWMBtgUBakEYK1INEJkGAnDaoAiRgUQ4gbDTmURE1JCiVgpG2JnG2C3b1MaptUwkhRKgBKDWDJB2OjPDKpIE6QQkEFhdMdlsbAo4sUUiRQiCVO26WgITgVQsOwhkDG62MxNHCeQc29gyjUUFhbPl1MZpGtOZLY2VoDAyGVFDIZQ2zpY5uUE65CSglIAgnXJLgZqFXUrUCKwoSiQpIUpEiVKCULZMu00tWyMCITKkgDblNOWUE7ZJRQB2kxQU2xIqqhG2W6antDPCtQYhMLaQbU+Z9pSttea0okTXKaIEtXRdraUoaoFQERGkm20LyJzaOGbmNA7TOI05qUilqoYyCRWFSpRamsdpbM50OltO09QalCg1JCEIjHNM21GqmtbTOrPl5NZaTi0zs7WpjbaCEIqI1pppJm3aZLcpwjWKjEEh4WytTUMzQi6OWrquqCqKQpHT9P7v/0EnT+zcd9e96stIGgx22omdYBUhEWDbYXBaksBABgZhpVOEscJgDCIx2KRsy7KNZAkBBmxJQhiLkDG2IQUCwI5ISDCyHYTAam7AxmwO/qEf+xHjbta3bJIcJQQpWlpIst1yHNfDNI0YMFhFtp0i3ORpTAUgN7lN4LE1256kUI1SasUaxyndZNJYynSmZTAJbWqhgLBbZmtTG4ch7VCEcLrWYnCzMy2ESRNht3Ea25h25tTUXFRVJFtGKqWrKQNEAg6MSSRwFJAFakAYhBSAmlKEZCU2TgFWE04cWGGkAJvLwtBsGdsiBJataLYRDtKJAQubtMACsEQIIBBpEpvAiALUjijIpBGkGxGB0qmQVYwlai0lEEQQpajIpFJCMmAADI6gBDgDSQEKRa2177qptWFYZ5siIkMmx5allFKKAMkwtrG1bG6Zbtmcma1JUg1JoKmNmVmj1FrCWWrBajl1UW2TlCKcRk7SdhokkLLW0lpOmQRRLCQhmyQkRRmnaWzT1CZkp12IUKnRnK3lNIxtmpjsoChCctpWINnp1kwppZ/Pu646nThKVVBrLVEhgEDhwJNdhCJqKZKptVYFtqWICIUzDaWWqF1IUYqxghpS0Xy2qCUk+hq167KlWyOJUGBDOqc2jdO6Tc50y2YZJ+mp5bhar4fVmGObmu0ARJRaa8UgBWQKyOapTWPLdLbMUNDSKqVGaW1qLaUghVEUO9NGmdlaa0kqEyxwy5YhgZ3ZPKXtrp/VqHZOw+RMLFs5paGrtZRapFCpXS0hlaoIHMYmo4SxpADkbC2dRiYbjlqElBEKSRaJiNJattacRi2kEhESJcBSIEUUmWwNOQhCkhUSwkhCSKSTVGuZrYVCNWpE15UQAS1zai0zs6m1VijpbOnMBDKd2dJudqBaSkSNiIiIKLXUTqWoFAWKJJ22DSHkyeM0ZpuwwqRT2HJElFAgUoCTqU3TlImRbSxFhE3ScDozUCkRoVK6EqVESExjjsM6MYAcpZLpVOlrKAjsDCFJUik1pzYOY5uITIVIOZ3ZjJwgwiUylZF2kiCrENgpKyxbhEOYBCwEEU7AEiCwBDbChC1ssCVhI1kmJCEHcoaEUqaAU4FlFGFME4CNEJCQ2C0NBghhFJGTjUqpRaEQVrqN4zRNUylFJUCIKFGEiFpDUSJkExElGFvL1rI1UtnSadmZGZIKkgJM2Eo72+TMRC2b00hBpEEqUFQzlWTazYYoCknYgmxJNikCuU0SzpZTYoyb3dK0BNLptKQitcycTMvmSZAiSgdEBBC2bQnR5ESAAQsbSIEVBqcEctg0LAurWQYECEBgBE7AdoIFthFIWImEQJJIsEE2NgLsVJJOkFMZwoHlQAaMBa01GRVZSNFaG8cxjTNbm5yZ2YKCc5pacwpLEREEEfShruv6vsNu6VKkQjqbkLAcIYdSIhDg5nRmOpMAIrONoyfa1FpLYUxAU1AKCgm3BJqQCCKKSgnVEFiSQAQRJRSiRlHfbW1ub25tQmBjVIsiGhYInACEp9aytdYadliTFUSddUY4IQlqlL5WSXKWKCWquogSIkLpbNlaTtM4tHGcMlMRpVZLU5psRUF6yjaOLQgwpG2l3CyotatdjUJIkovCAeBM40wbWylKS6ESoYgatUaUEl1EECpdiQgUKpGZbk0UQaBsLW1CziY3yV3tSumIQLYzVNxABnd9F1EazqllS6F05ji1ccpmnCFFRJsazloiJEOEgGwtRVXtS6dwZmaqRsVkpj0ZE0SESUJSTM1JptOmOTMbipDSRlIpESiiKIREMTWipnP/4j3AH/3eHwAHF/ZmtbMzQmEXMBKBnaTDJKAEozAYhBHISLIkk4AtjAOZkIUkMgJjhAyQRhIIyxiDw2oWKjYiDICQcKIIGYFsjNOGALU08NM/8ROJFrMNpExKRCJERMjRxnEchzZORlZELRHqur6vnaSkOamSIrGdVkApSH3X1VpUXITdpsyWzTnZ2Zw5NRoRAUzZIJU2phTs1pAJla7rSwSQ6WxTGkHaiFBAqEREkYiUlZm20sJOp00iFeGWomCyJUAKWcpEUjptEEgGbAJZkuSQEssQmEhwOmSFhLGNsSQZI1KWkCFBGKCFMCDbgUQYLLCEhCwbW7ZMZhgjSSKEEWAg0yVqiWLSmWk7s2UjMzPNJDsxqaJSS5UDT3LIlogIsFMhRAA2ERFRVKKUEBpb2i6KQqjKSkSJWqL0URQxtilzKlFqKUCJ6EqVhIgStYaMVFSUnkCGxCCryLRs05STp3TKzqnZkDQMBqIQkiKkKKXru1KINtqeptYSWTTbrRWoUYIYh5Y4rCiBS0i27Mx0EEZpZ2uptFs/6xQlM5Ut05IiopSoUeSopUSElZbINE7S1AgUSiyLECFLSEqkqF2faBiHhHSzSRxEppwqlOa2HMdhnBBIicdpGsZhPayddiJcopTapVvatZRQCBlqKaWr3azHDOPgyUgRRbigQM0eWoswwm5Ty1olBKpO1ZCFiK6vbkZChZwmjyhqiTR1SgMiSaMStEbmmBl2C0QUSBSZCaFik4ZsTjIIE1JrjVqDtK0QYGNDUUeQJiBEKkK0bBBSVIXTTqUsiAglU05pISCdKArOiLCRc0rL1FolhzUlUtQit1QJkMIllCkrQyHRWqaRQBYytLFFiVKLMzGtJTlELRHYam0sEQZkRSnCNgpFCBOhpGUmLZDdDCFRqmxDFGU6JQWkpxyCkEprqdTo7IiopeXU0pmoBlgStmVBSySnsV0VyJkG0i4RkyenRKaTlEkhBc0h2SjdQuEwlhBFzmZIHDTLQQdEICRkAWmlVJpSDhljSBySDWkIAbZRYNshZWZIYANpEFiBkGlYEgLbVsg4TBqQBClIFDiErQCFU3IDKWRsSxYYQA6HlQbINCKzSU5spABboiVkdl1FQZtKiaJQVWsC40inTNdVZ4xpTy1qkOlIQtgtU1bpClbSDMYC0iqlijZOqkLOtEKFYhukgPQ0TrYFqRqVEgG0nFAImQQRkrCjeXRzEEAQDTuzmVqFACQkVBTqMGSmR0yzAaQg0hYhYTuQARBSGFtIYFDawkXYIKBgEDYyAJKwFCRXGECKJEEWgSwbCQhjLMlAmJQkCxuZUCQm7ISUAEBAVSFTCiRwqUECtm1JQgZElBKiQYRsOVVCpoWyTQowmVMpNUoXEEopkIVI24kRKIoTqVgGK61SSro1IVRcSsXZMnC2yYpAhHAoUGZrVgkpAhsLSNJJRJEEpE3LDGEkGhRnRMFM2RROI2O5qEQRMuA0IACnM41sJLCUTtmkM5tDJbNNYysKVblRuuKWKJFbZpARUTqlLaRSOkVpnlpTqKpYKkKmOdUUnUghRJi0MQZCEFFLyYZCjpSFwApJQaaRZGemJBFCzU2ICCNFYMsKQyAFUqajRNTw6FpnE1mJlpOT9TCmRGRfuqFlV1xUJhol7CYR0StSFoDCWEJA2hARVSSycFO2RpQIJXVWS5tyakO4q5VSupxaFKvQlRqSQUlKotmKCISQQtmaU+lUUFQTur7SZtP64JEv9uKv+zqv+Zu/9bsnTp4exn1hhWxEglERIdshsLCQhRIAMBaQOIxDgMDYSgyBjAnbQKICIpEAgYFEtotkLDlDJIiUhbjCxkoMBhCWydbGYei6/vbb7pRzc2v76PCg78q0mlIZIaI0D6iUUgIjtWworOIckSSVKJaSJMGoilRfSybZJhxSkG62cmotTUxT1lBESADgPqoDKz1JmAiJTEeVkKTWEiGpRBBMUwtF1DJOk5uLcMhMOEKSqiJBpC2BjItiKiATAAlKWQpIUATgBBGQyMImCWEQIpwNCRwFp5ABScKSE8B2IAiTIhxJhoXSELKtkJuRQaRDELKLImUlKZCMMYgknWAyEzymjRXVw1oBBMLQppQsF1CIzNEKYxB2To1wVQW31qRwevKEI5lKdgowVliJcz1NIkqJUGmtZcmAtFVKSF3XReDMZovSskkhVESm08LNjSRL1NpFpqc2yU3EiG3XUnNsSC5OB7jhKimK5Ja2KRGSkNvU0oqgTR6n1ve9QtEYp1ZKdFVGHQJIT9NUIoASkdBaS2XYrYEchJ2ttTQKySUzp2nC1ChNKOzEdgOc4GxpYTLMNI5OpzxTpEJOLBcEQCUSOZ1tykwjhURIhEtV1CBL2LScpDLrS6ZtTdNEiZACiXAgyMQgsFIKldqRo+m6ivCUDovIaTIuMDRnVaGo0EeRFEVtbHWaxlApEemUSSlCsqdMS6U4isJdo2VrxtigKY2JoChAUUtLS3Y6MyOilirJ0KZp1s3SSRoiwjZtGhsOESWMAjkAyWmyUZCnqdVSEgtMgqLYqXRW5FBQJI1t7GtBBZiGYcqEbE19Lc0GDAldKbZtEwoiZINCwrKU6Siya6kSNtgt05lWKrpAxlgWpYSSWoJMQy1F6VZIZ4CB1pqz2WRKKqWCWxpRSoCksDMzbdeiGnVkmsbWdwFuLQlyau46BVPLMH1fVeTW0kpLTqQIglJqWBiHhcKeyBxoSrAVpUTBGGezjZQR4ZaJ7Amj2mW2AKWQgiwqk223iEqTnWAZp0C2SkRLqwQ5mRCJhSwpbQlJJkFBS0vGshSQMokFRoDCWMIGB0pQNhRh28JSIBkLUhgrjUiLMHYKIWyDbCRSFmkDgQBnRimAMltLUAkVPInmVqTMnMYJkDSNraslpNam9TTONDdNSbNrRGarEWmHokVgixAYhZQkkoow2VKlgDEYkITlZoPdAEdEKFqmiFJCMCYREnKmhCiZibJGGWk5OUKZ6SAUkgw5ZURRiRIBKmhSFtsG4UzADtPCxTIOGctGpJEwRiYFEokkg4Ul2RhswihkFNggA7IBJAzCEChlbCRhQBYC2QJkEDiEEWlI7CQkJAsBgQFjS4AMRhClemqERcU4Wk4pq5aSxdgROIszLTymAzURhGrLJFsToYJGFNhOELYlobAngOYJz0pFknDYDtvYmWRLYaSQFAJht5YGMGgam52lFACLcLaJkIyKRJnGybRaZ30UbKBlKyUCISNFEmAbUCi6osxMxpY1oshTNrmABzcBUpESg2VKiaBIakpZUUq2JtWJVoqaSbtIo92GIVQc2AYMmRakQoiw00nm1EAkhO2UACndSIOnREiSDG7pUBUphRFJtlaqhEgyM0IqhJ1GkhWZU2ut0iWo5ZTTOE1eHxm1KP1sUaKWzVlfClHSo1ZH4UgyJIWyyQZlGzPDpdR0S7urtSB1Nd3alBEy9pSlFBwo00VyTk2hTp0t2whCEoEiZIStoKCWltOClIWdbUyKqtQyCUzm5G4xO7x0uH1q46d/9md3to+fu/eendPHh2ESwimZLAqLTAcgAAHYGQrbAJIAYQtbkAikREoIC4FSBLKxEiFhgyykTEfYJmTbAJIdyMIGOZCVKBDRsIRAEXZu7GxeunBpeXi42Fwc7R9uHdspfXEau9k4So2QmlNQXLIlTDYqLhHpxFKgiOYsCIEUBdSNbWptkuTMiOhql85pag5qFOzmSREEkdGQNJKOCGQwaRfl1AwlIqvGaey6vtZIt2xZFC4GuTVLXS3GkC1NOoJCYNuk7AnAKaBgY8AAOB2BJUNDkiWuMBamORUFMhJCCFsylmVZJuREMgIHJCKRDBiDrUCZFhAyDgCMEGmQCLAEGAuH5RBQVUAlokQ0GUkCp60aJcl0djWmcXSWCAJJIKeDaEYWObmUoqJxPUrUvpamlqkILNKIUkqNYmOFc6y1BGpkWtWeWpKe0oRDpeXaSelKrTWkCE3TYIOiqlM42wShFFhV0aBSiGaHSmLJIUUoLBHY2do4TdmVWgqNZocoUZtdO0XBmSlH1JCnqaURUiiKchJCmemp73qDbAwiVIRcwjQEiWRJBkFzBsVKG0dGExiCUFGxndOIrVJ62xFtal2txm6ZuE2t67oQaU9Tg6xdVxROSCZGFGFHKbJUCkZyCbKlCacJNQwtTJPkBE/GaaK1qVWF5KhVkLhSp5ym1jCh6LuilCJR2G7TNAFQE5RTeNacU7ZMJLpSMXhKx2RLBTtKsVPCDsiozhaJBbblJOVAJTIdVmJwBNM0hmQAYSY3oSq5hJ2QUxKWKggbspGCZpdQTFNDWaJE1IzmZGoZgMLpWoot3IxVCiZqEdnSESHbVi0F1KYpCEM6xzYJ1CJKCE1kcSiKwrYcMDlqlIwmZ7aIMJRQmsyMKGGiRLMlUUyjKIicWkYoBysUpciYbFLIaallimwYpy1RSx3HMd1qF4JQlK6YlLGZphYgInGxLAnVIhs77bCdgmwQqcRpSZZkQn2UBthJIpUQlmSjKIHdpmg5tqZSihMJZKWaDQ2H1SyImkglHKTtyJaKQBiEkZxFSgxB2InSKKR0CFuWJZxIaqFwWoiUhcBIoGYHoIAwtkAODIEMWHJzSAZSBAIMtsCyHVIobawE0g2AkhBIJTKlgnGxMkLgbKUUlQC3lmZKpLSidF1AgBXuKJlpKdOG0SkhkCEUVsu00kYqzkbKuEYkQKZTlFJKtsxULTR3ztYyu74EkemI6BTONEahELYdmHQrhOVsiQgp7aKAUBSJNAZwgwIRxU4MKoDVUNghAQaDJIMMIMmyMqwGsh2SEwmHbEfITQpsLAFg20hCBmFjBCgEYBth4bBsEEaATYSMcWZEKBKHjIQhE1AIEZJK0FpiEoOKa9+B3chwTopCtpykEmomBMpxnGwXRS01SrSWJkvQElCJaCaAKEkL5K4GKIJanLasxJgmS1KNcMuc2mQblBZOSYXAjGNLNxUVVU+t1CDJTAkIp0ICKSKCNjXTREgkGSrGEREROGWM0q1NVpQqOZO0IU2EiRK4qLMzE6WihMDOoBCUKL2UVuYkSGdAQoVaClKQrbU0CqUzZU+BHWEr7KaUmYzBuFipRKGMLKWQajmFggiBARNRTUJkpiHdZKdboFo7y7YgI3CUaVp7SkJtaFOSUyud+q7r+k3kruuIjkyk5lQETrnYrWW77elPufHmh4yTwy1KGJtSIjOzjU47UCmhiM5gWmtRMigOZxowJqIrxWnbhrRJRYSCMDhU7XTaTnCzUSgUJSKTUCTNmaDaFSRFlNYs1+jaNNjUxcy53t469tZv9ZY//TM/e/zMSSUUADsQyLbAinACDimTAolwBiQSDjAIHEI4JSBFJBZgkhAO5BCZIDnSVgS2AGMUNkIhpwUgrFQKCWyQJWxQaJpya/vEpfMX//D3fvv13uTNHXampTCogBoG0o2WLkURNUIR2RrgNAkyKYJwTC0RWreoxXZIlmRRSymVbBFRwjm0oWaJkEprGc0WyBElVJCytQhJcmuZmbLUR8Q0ZmbDSiOnnZYCCalICkE2K9NSm1pE2LScutrZBqABWKhIiSU7FWSihCIM4TSywBiLCJmUySDSYIUkYVAagSVkYVBmSDbYQKLAIEQYhO2QbGQAYwVYBsmZkhAoI3ECjQYU5dTSLY1to0K2cZpKVVXvdClVQomVmBKBwC6lpBMpIpzGmMxsESGEU2BRRKYTCjJTWrXIJqQoAqrUlFFUIgirlYksKhgbK2lR+wA7c5rszFIcVaJiogbgzFr6qTXbLZtqkcLY2SRFiXnp07bdMqui1JqZUQiVcT02t6i1yCjCTieyiGxZAsuK4pZTpoRhnFoIouAsEaYUMnHLFIoSAgtnOolQqGRRqACtJdEUkTKOkCzIrCUilOlpHEOlRGS2IkV0Xa2ASiFNgEIJwlYbx1BJElsK5IRaim1wTqOkSSpShEyQo0sRFKdKATvTgaymBErU2lUb3No04QBjohRs0rWrpSDkkERFTkAutTiFyNGKSQoVqSmzFVm1Om23bJMVxXYSkcXFmBKYdIZBIbcEhEGmiCwStGkSRC2lICnT2BEl08I4hGUKSUSEhIUwLSdK0DJRCU1jE5QIglqEDUU0IUI4cbRsioLlnFqmcYRCak6mjC4yLUEKMggXARlSS0oxcmtQomRm2kyZXd9FazmNRuCUsDInmdJVTA2lnZlOT62VWpokSwXjYjI1DqPCihKUBjUUikxPNnLYRZES2RJsULrhdERIWInDRGCnp2ylVIVobm52KcIoFDIOgUMFyZh0SJQKQlK4ZZYoUcOJoxRsuxnTCtXOQg0FDrBSlkAKkCJtEEbGpCUHkcjCoLBtFCLDgRwZlkPY2BYBATYJyGEjDKmiTKMAN0IAAgtSKSRjGcsEzUZgIAAsoARyTim3FjVKlGxupFTsJilKLYrMEbvWHmeiElHSlkvSAoKcsnZFUrbM1vquNiltnMIqREaDbFmqoiu2jZQACZlNtUaptMmkUEKtYXvMSaiJolDghnBIKDJtWqgYMhMjBVYAoRBpsCUJI7Up1VU7W0uSkAFbShNpI0mSgZRkjCVbkiNJEUK0dEh2CmTSSLKRMIlkJEQ6ZRkXZIxBMgahhJKk0shSwWmBwEZKSZDOQMYYGQTg1oDEMhNgK7AhbZGtpVwUtS8ypAW2FGACCdKOrkhqma01bHWadTPs0UlrqRIlSTe5RJWEooSsBiWVY2sh0xxdwUUgsAFQay1LiZY2TYVKVYRbTpkeW4mCNGV2hXSzCpmEW9PQBqVq1bBeZ7qUVkuNEGacUgI3wjal2A6nxzZKUWtAOKdmFEB0gYuQJLcGdtpt8pBEEZJwEMYyLRsIkJAiwlKxCSmVmbSWYTDNmaSksAhsVIIIWmInRlgOmqErsylUIrI57RJKLAVp5zRmi1Jst3HMUKBS6ny22XXFLrEjUCJE4ipDSXIal+fOn/3zP/+Lv/6Lv3rqU5/6+Cc++alPfdLyaFwuj4BpPcRssVodySSucpTO6ZaTWwuKpLCzWRXwOLqEpaJogUQHst3aZCOphAwllKnMlh4LJUI5puUgCAvZttMGXKM0MjNRAduWIt3SGarjsKrd7NLu3skzi+/5rm8/furaS7t7G5ubmc0QYSxQQIKbwQTpJNQkmpFswJZthGwAGzCWaLRQIVMyCAIbCyyF04FsIwF2YpBBmQbLQjaWlZIMAgWADEhy33fAL/3Kr77+m7xF7StOi0xQKlQkt4aEQjaZLpFjMw0rgTShEKTBBU+WCGcaWeq6ijFRg6bSmpFNZsOmCzKbRVgqMi1tJ7arajpJpxGhTFSiVLfEioKVOdiRilpqKD25BRASYBxhZFyiGiuEpSgQKQfgQDQTZBMKKVtKQmCBSCRbkCAsAGRQWKnEQYRkp4VsAIGcEMi2kWQADJJlARiBBSRNFBCRTkSxbBMhFAKQDZmZLZtKFArG0MCkskQVsiwwERF2emoZoVDY6ebE2MqIWkRx2pFCktqYCrW0camdm8exSUDJTDtDpbnVEOESAYEzirqo4DY1SYj05FYDIZKGNCV9LdPYIkJgM7nVRuCEGoWUbZBEcwsKAihEU0sTiJBQYkWpUYpkQWZKXS3NRlgKrARRSsXZUm6TgIh0FmJqLSJQBE6anSRS2C0IAyZFyLadVmiaksiu1BStTUaBSkRLg0qtbkgheczWV5eomamkpSVLAmqprU0RReBmSZLSEllUknRm13cQU5sAFG5TiV5BZjbLbZra2Pe9UyG1ZsJCToPXq0EimimKCAGhRFWKtEkbh0WEsG3hhAKqAWBjE3iCGuM0YRTqSz9lQ6TSFqJNLhKRYSGmqRESOB1KwpkUyVLfl5aZ6RAGp6PEOI6lqlklitNNNihTiuYmRVFBKiEkkWGlKLUgkTjJRNEMBKSnqYksXYHINhmilk4oQo5s45TW5NKV1qY2pqD2PXa2VAg5nCCJCKGCidCQHodxNuuHsWVrEkURncJCARJMtjNtVKTEDrBBJlDpetnraRAhFUJKN0+ZxaJ2NVtOVrUVykQJynAM02DcxaxKmRKmRGZD0UdB2JYIAmwX43RzOhzg5qaIkCjKqU2Zs1oFxkJph6SgKCY3pXAjTcGWbTJFU4QhlDZpkMCYlCEQwmCMIAVWgsNKA1jIcuDmQJYijdwoIm0KlmQjW0oTQSYgJNkGQCmh5NkEgA1SSEDagKKk02mFMAYAidYsNXuuaEqsUkoUtYa5TArhIKA5S1GotJykqH2x8DCOLaOoqKiEQwUjbDITwmQgKyKTwM1Ws9MYiFoiSrYmK50SIxlocquhNtkStoRlW4LoOjKNCMtqraEwyNiOkEi3aQSRhpYGqoRkKWRsAw6XBJEJIJwgAtuABDIpJwjZirANDmQLG2FZQIgEBBJpBDgcVtogg3CCMIFtAWGMFTgdxkLgBHAKsBtSEOmkiKkRai1tkDDZWkQgWeDMdIlAqrULtxqRNqZEJNkyolgikobSLUcZVwRguzXVgMjWMGqOXhYCyZipTUQUpOiUk4gmky4qpUZz4qhyJpnGlt1wqWEboYhsDavUYjtKKUHLaZymKHJmJkUiCCKK3GwmoVKKogiytSTDMoKcsJAchCKKBHYjk3QSgUU6Q0FIYJimsdRQKSIUVJW0pYjSJCMESDV62ZaAMCBnU3r0iOVMkRlCgcepjZPCmbYHkEKeohaVsjHfKPNeGSicaZFWV5TpqQ17Zy8+4SlPuPWpz3jq0570J3/6F//wxCedvefu5dGKB1ANTwmUvgeVgBqFGcvDDLt5mlopYEeUWalOT21SRPMU7lCEiAhJpiDZhDSNrdlgJyVCEbagZSYykqyIQqSNbcskETI5TU0qUYTAKcktm1tEjSYKs5gjzbp+tdzfOXHmxV/ypf7ub//6+ImTh4eXau0hkQCTgIUAS9gJYbARIdk4AGOBMQiBpQinSUlYYGEA0ggjAUYYjEMkAQZQQMMYMAY5Q5HI2DgUEXhqtJxQ/MZv/YZxrV0rVipCggYRxSSoKNJAOhOBsYgEBbJASBGttTCqkpVukuzIdCjHZqEaIvrS25NxNiciaiUNqlFbOnMqYSQyGulwiEzhJinJTBcHlKgWjiLbhGiZFhgRgmxSiRI4FWptQiSClGQEiQhjKAJhhGU5IFGALSNRwJCSjGSTgIUwiQFlWE2SE7AUJoUknEIOcFqBbRkbScYEJTHIGQGUJBG4GcsCjCCaiu1opB1FMiqFqHK2nFC0cYoSVW6jo2C3NikiMjMiyGyTux5RDFMbMxUqUqldsT1NkxSB1EcHYxvaNIWU6YlRRVPLWmtOtqZsGRLKEl06SxGIEpmOUCnFtuSoVUhSa5NUpykVmnKC6KrSapOjpAkjWSVIScZQSiFbtkkRdkur1CJsSaa5AYkB2xHGQtgOM9nFou9xWiGcUxJqmdmmiBISIUFzKyotpymzL1WUqaWd2EURUaycGpJKCSzj1XoVKrXWWjtVJemkoGxpbNsJAiAzQlObaKigKF0pRZoyC8ZqOWXalnGpFAnI1hRVgQlJkjNNxDhlV8IlBFYXkNkEddZhBCqSA3IaLblWBbW4tRSeJlpmZLap1L4opmlCCkJFNk5jnI4S2ZLmKVIRTpeocrq5lLAJ0zAmSjgbSM6c0oquq6oa1xM1Ahna1BQC3FxqlSkCIKRslkLKTMC0TKLE1BIhsKLW2pwlKUU2Alu1VmOTpXQI7GQqpXTqJje1lMCutXRdNw5jtnRzqaVGABNpU6S0ml2LUppaUyDJqCtVqGWWoqoypTNwc6klM+2MqLgRCCmiqShcEAhhexjWJaKopF2LDIQyI50CSYQ8Tq0UZSrTBZpHspaCVQKCTAmTFpGZGamMdIIkSYRomUYRqqVKtMzMyQoyokavsIVtBE6nLDtHOVSiKugAnBBCFmmKASVCFpCkEAqBcBpJIk1YJqS0FQYJcMAkhSnCILCQFDaOEmmDjUBuDikFQmCwhRIHYWNZCQgZEakMOS1hQRcVbLlEH9kIq0RrTaEiNRXJtsdpiFIym0O1he3MRpMiRAiZtGUxZWumCxeFDV0xRAkcQMjZQEjZmiVLIqTM2lXDNE2ZlizCInCYFBIhpV1rSFIqkNMmBTbZmgiBaVIEYFmKCElAZlMJ24pIEyVK7VTACaQ94YpIA5aQQSSOkG1LMtgUqeEQmQos0bAkkSlhYWMjkGRJGCRw4upAOI0S2woAJSCTFlCkNMIo7YIybIfsFFYAGUE6k9aaswlDjRKhguwM7NZay6wtVCsIGTtbElKJmDS1lIwiQnIVtDZhgaJUj0MtRSXGcaK1Kk2ZMUZmhpRYpQhh5dQMQiWKodQAZS0tU1Ipve1smWRIoRKlmOZmRZCZOCJkMm23UBFMU0ZxqTNFTNMolCiCKEUYwqCQzTSNSH2pmROhoIShFOzMForWmuxSujZmSJkORdQq0VprrYWihNKWout6QDidmoKAiHBzdOlWavE0gYSQIkLQ7EJxyjOpOadpyhxbm4blbN5HtyhRibq5vUGpQDqdjhJCAHiYlk984hP/+I//7OlPu/Vv/uav7rzr3tvvuPXSpb3WGlbg5DKhUhZbO/2sK6VszGcqBQmUuEa59+67xtWqRPE0gUTUGk7bFmQ6ArDTUpba2Q4pw5IA2S1TOIlaI1ISrSVYESFai6jYdmZDBHaEDKU5kVtLLCkUElGLsoEznSVKqZFGpoFMdFodHvbz7e/4lm96xVd+Fak5OjvDVrQJCWRRCNtpQkLYRGDLGIQRAA7JSE4r0gYBGATISIKEkIwgjSzkgLTAAWmBhRDCEMgQYAyAZNPGtEK0FqU8/bY7Qupn82G9qoomnC7QshkkkiZFywzjKIndsus6RI7pIrvRYpomrHCzVaQogQXNKJMIICzTUiWCogyyOcFON0KgkNIhE8XFQjWNM20LBREFpCBaTim7OckuOikaWVGKdNpSUaNFhoVsINwAY9OgCFspkSlSIrEFmDCESEuQtgAZy1iWAtuSQIAhUshpSUlIyIUwGAxKY1m2hCWRAMggATYShkQIgZRMNkAEUOwghNPO9WTJqO+7UHHazbUroLRNZlbcJNIJMkQpwuOUIUeJGjXJdFNLRRGEpGAYJzUDoYLUMiMklZDcG4eZpAgVayq1zzYKaKjSlTqObWoNWVHcnM0EwiUibQUylBrS1KZQrV2BlEkYnWpuckQpQY5NhEItrUxQy8QkKaSiTKdcokY4J5ksEWCjWjtJbpmIabKi1BCanIWQVCJMs5FFoIyqQEpn4Ohqm1oau8lSWBgCyGy1VFEItTbZRESzJdtELW5pWTC2sdQeGIehlK6qCkJyNimKNDY7M1QJC5yZEjbQpgHCziilRIQslbG1lnZOskupyG4QdLU6bZStZU5C4Ciqk0fGppCap2aRoVLqHFIiFAZwS4cqymYrKYGKkCRAGQ7JGeCQJk9WhEmQjQpOopoWIQRWESBLkODMlApBkFJBRmGbKJFQVGGcmiywQEIIoUBJoCRzEiHkzGarpcGS5UxHKJJszRQSe5pKhFKTR4XsBq4lFDXbCHRdWFKmVGyHQEphOxQhtcxsDgks7EaUsB1RWpsaTcKToyvYIsNFRS0JIEpVtJykkDGOqOM0ujWFjJrtNFItgbEklMVqDVS6CCubFRkEEmmCUNfUaAhnZqkF0dWu2YLm1qYUlNphA7ZtKZAQysBTm4ykUioARTYEWCGhAEFahIsgUdoKkQYZY5DARuBw2NhAYmFCSiEcxiFMYtIiLCwHSNiSQSrCJiUZgW0ISSYJkQZAAsi0FJmJEoWBKpCb06MxklpmTqSi9lElMicc2JZEc1ParZYiNGVCExalBLalqCRoyhRJqnadEBiMSTdQoBKaWgPIDBGUdEpFMUnFTsApF6NA6cTONqpE1KK0CQIlOBORZFGIUDrBdg0UxbJtEzJCgMhm2w2DBVgUCRukQLYRCSCDJQwh0iTIgGQTTpBBTqtAyjYSgG2BDcLGhCIxKUkGS4ENuKBmJBmi4SKnpSwuOANMIkCyAbkhiZBkKRuZU4nI0rJlEKRBEdU4RMuGXaI4jMkpgcymCCUUkIWcZGul1lIi1GXaJHJYFrUIQiLTAqBNU5SwLSICFDYIZzpcoyClm5wNYRExZcJQaokaU0vcjDLTkrMZashSlFaj2pZdS4lSFek2OaHILRVks4haikIRsgMJGzIzS6ASzhSSS0un0yKzqZbMSSIkokhqaStLhBB2GnB6KikDtZaUbNKKMg0TlWwNyKTlVGvFlFKjq6WfbXRdiQIYxLPkahyf/qQn/OEf/dE//P3f/8Pj/uHP/uIvLl64xLNIYAwg6Dc2Nufzbjbv+z7Cs9qPmdg5teYpm4ex0Uxm7euwHpjN3RJFtgxhqbUskkQjJYVlW6jUgrBVJCCn0ZG1hFOWM10LU5tCJW0CTNiJFTgVESFlSwmnjZBDCiIlKTEt3WglSoRbuiiMj5Yrm77rSi3pqSSllHF98PIv+8rzbnHfHfeevv6aw6PDvu8tarakWJCyIIwxFiKNBAhAYCTZiZUEcjMhCRsAybYsy3LYJrAlMJgERAibgASQsSwwwmkLSTjDZFhIMs3q5nX/0kFmdqWsW6rrKtmQw3JACoMyW4kaReOUclhTtkREicRpQtQoSdZSREFkOt2EQgWnTNJaM+kIuSoUhJwTEQmtTaRVgma3hkhACCRas5SlVEDOqMUqbkmhukyePLVSqotoTVGK0k7S6exKzRAQUQABICUgk0iySRQCkZYAnJRQ4kCWsRTYApQgYYQtFbDkTAWKyEyB0wR2CMtOK4QNAgs5RTgUxgilwyQSCFsRQddVAAmTaTubEGSRWxq1cXQpNil3RJTiNLgUpSsmBNCM0+ksgbBtSUEAEk4TRAgUajahEn3QskU4pyQVQeJsiJBapCxaA0WRULZEEVWtpRPUFEpnju66GkRiZ7MoCilNtGwhl1LaNCX0tWvT2KYsfclmt2w4LJVQhNOJag05QqHwmFMoZOfkEI4ClsNYkNkgyEwkCdTskFQCSxjCEcoGppBjU4YReBqzlFCRp7SICBwtm+SotRBgUCrINrahq71TjiZsHFGsKbKqtdFkusimkWpF0zTaZSIVBUcUp2PMsUgyRhK2JIoCyTYIUaMk7qQUToNCJM5MJLckW1SBIrGpnjx5DEeZVUWmkS1lmyxRazE4bVlSDlkijKdEohSBM53NVpNCUYyVZCFQQKMFBclk1BBhUCbCraWJWqpCgW2jnJxuJYga2BKqUnp0tnG0KFGBogJEhG07FbaFFCVyaK1llJSVQTSngGYKaYGNkMDOlo4oaUhK7azIsSEVFaNsrYZUlQ1bJt0y04qYip0t7YjOIYUl2ThtNUltmkopKqI51UoUomRmmyailK6ARGRaJluKLEQLB7IymxVRa0SUaZpCUpEalLCdaQskZVjKTNmYwetaOoJSugqZLZuRo5BpOyQUuKVFRARBYLCVmca1FKEIWtrgtCMhU51NFtwECIQ92SJCxhAFp7ARxhJCMplQkEHIRKQNCAzORCFAQiCUaSkMYIwJsCSnCQJSkm2XpIUFpJDTEJbBEMK0BrgZbLfWmq1ostINAkgbDJJSjQYCkRmlhjWRoZAzFchSAHICtgWOQqQzZRCtNZvMjJBqQQqi4SLZTNNku5RSrARRnGnn6DQAme5qaamWkylTTja1diIVMpFuEkg2OIUs0s0tAxRhsF1KCSMhByAZEDaEANm2kUTYtjCWA3CiMBhJYJEZQRohQInBIJAwGAJZyHI40xLQRJAoRIJAlmVkkDOgqaAULihlJZYdKAkAWQhI2xEBTrd0liYpMEZR5MlgO0MkCIWUTgPpiIgoAgP20KZAEdHGsU0tagkgo5QIgQxFuDUUFprStQSgKNkmMhREEQgmUlNOIZpdorg1qdjGGHLy5CSnEjUkY4laa8NYAVGrXZyNohJVITeI6mxuYaUTiIiotRhP05iZioKddpDNZMuolUiJUATZ7FprRGluslKZKJwSoJwSnE6hlllLnfA0DmWa1tOYLaPWjlrndb7YiKgGqQic6UZ0YZP2uF793ZOf8LjHPenWW2/9yz/+sz/7iz+9796z63EwCYAQGILa1dlia2NrY9b3UlHRuB5KFwZZbplOt2GcNK2nyVlCaQJAEUpAzuaiUktMmZCpSYQzSymJwyoSKYdltcxSIjMjpBCKQnXm2KYgShQXT1PLlrUjVAiFaU6PjYhSQEKKkEQqW2uYqGoWGOMIQbNLpB1OJmfBpYQnS+Ak1ULQDvb3j5+evct7v+t3fdt3RF/rOJcmUpYyM0qQ6UQKaEjGtiLAdiLZIDsBC2HLQoDTKKS0FbhZAmwsrJCxRaQkjNOyM7CRhAHZyAS2cEski7BTliHbuOjna5b7B3vHdnaknNpUSkeslZE2RBRhmQQ7KUVOkcVOCGPhEmqZpZZKkRShbJlOnIpoTjKpQUJzVNnKljIOkEJBZkZIkqCX0ylkcsokS0QJmRAYTUbjpFApQUhIySQTZGutWdnAfamKYtJGEkYSl9kYCQPFJCCF3YwCpxTI4cQAGEDYgkRKWZbDSmQ3CFKKNGoOZFSEmwgbIAJbhEhBS0KyHCZJIYyaQZZoVmAbZCAMgqCWmJBMVRAoYhrHaZxKF+EwtJxCstTSgHBaChXRINNCMoKWU8pVRRQincJESLUwJaSTTEMqSsiWCoxKZUQgl7HlKNeIlqNSDdXiKBWFWyul0BwK4YQ2TUgkksY2EIqisEDp5kRhSd2s93rMTBuVEgmyp3TIdikSmZCkUN93kqZsblgSMhZZugpinNKOsEQ4cBqHFIqp5djGrtRwpp0TyCAhgFAg2201lVoFwsgmZUcUkDOdVsiYlI0ETcM42nRVUEpJVCPH+WyWxkSm5YxShVprzqmUmhZuMqXrwG7NdqkFHAQCwDixU9AiikgBOMAms0QZc2qmpIrCYTtrdLVPT61hl6hFYZqNaRHVJkmDJo9eA11EYmfLjCAtuaWVJgLLzSZxsRAKRZZMRwhLBmzRMq2IgObmqVLSSrvYgMIqRSCUINNwUcS8z6lZTJkRIWlqU4mCSCRIWRBddFHd0khWFoerlUkjFURkTrbTQqASAisiiqZxTLsoHIJ05jCJ1sIipKKSndTsbGmZiKKiYRhs97VaiiKHaNnXSjhdWw5YETJ2IsnOcXSJqKW2Nhm3NDQJhEEKhSXZjONkO22liwoKZKcdhDDOaZoyay02bXIpKUK2IiJKyg2HiRDpTIKQ2tSwMiKaLQwqQaYkmt2acYJUoxAKCcCkHWlFABkECNtgUBpDRChJNRxuVgiTYayQjY2xBSCELDAg29gSmSRSYAjLpEAosRoOBIDDgRIkG4VkbAIbA2kDinCCikphSpUoERQb24xtDJUQdgqhoBgX2VkUNpJbYEuBZNtOgxQAiZAxQlIpYUcUFwmR2VSiL4XmRmKFbFkh0mAFLeVsQZgMRZpCUrsI1Qm3tBNUpEaGBDgTIxElFJHZAINMmigSxhI0JwIXoLUEG5S2bJCNEYZARiYlEhUyQSCMsCSCNLIlgHQGAhRgjAVgh8JOQpmOkIFAgJ0pwgICm+K0nJKaHUUxYcmSAwEmAVARDUsUVwpggRSttWh2ICIUKsXjQFiKtE0mWekM6RRERGBEKd0wjiFKygo5pbAtu+UUESJaNlkhAAxOlUirOkWZWgpwmpySQgEnhLJNLVS7vstMtWZFlHC2UBi3ZHJ2yDVEKJPAibGxjbGhFKQu0wrSHqfBKYUiqjF2RAiZVA2nQ0gCFKU4jXFzy5QiBLR0yJYAshm6ro7rqdae0ObGlkrZRvaIeoMgm1tru+fPPfWpT7nr7nv+6q//5h+e8MTb77798X/994eHB+ayAINBoJhtzTc2t2e162azkGqJseU0DmnbOawGY+xU1BGDZUlItgNhhwAFhBJjK2ipsBshIqKoNQehKKUUCzdnIYjETJMiiJK2zTRNSCUKjigRmYDCrQkoRVKkTJICmxL2NE6KAJokObBsJMsl7YQwwlGLMlu6yFECrGTel7G6GCOpkSgoRcry4R/yod/1bd+xWg6B7WJJQWSStiRIUpbAiDCplIuUIDsdETbGWARMdkES2EHgdLFNYCQAO1AmCIONAAEhgwhIS2AZOYUssJ0iJHBmZr9YwMXH/cPfvtIrv9o45ayTnZlIdF3NTAvJSgzg1iy3UCjCVgQonC1C2ZqKIqNlmgBnKmlKgSMx1BookjSGECKczrSLChUhhGXSDhVZDYOdUiQ4E3KasihUaghFiUIXxc4klZJoCUSUnNLj2MJGTNkAJwUaCSomw4ggkhRgQZKykECQMinCCBuEUo7EBWylHCkERdiysJ1IRU6HA9lCKJspqGADxiDCgsSBQMYSxqYxGUgnEKHmjChNFsJgCxHYcrZsVtFoQCHbipCcmajI6aIQUi2CaUxPbZRhQooI45JWlCiymdqEwi1riYiwSXBasrOkpqilSJkJhVAXCoUhIEVOWWsxpDNbAiEpRGRrDilUAEI5tZZjKf0wrmsptcY0tghFROIUIdcSrSBo05RJ6arso9W670uollAm2VpUrLIaRrVmFDUUpaRM4qjFTjUyFKX0BgtLCjmbMEVF4cx0GpCgZdIm0k2ikVWRahISmalSCunWgClbkn0/s5FpTuyQQkIJRC24BVJIdZHTlJkio5RaQ4BxFLdmJ2kHRAlDQaE2ZLM1TRZRQkRzRoQi0o5S7EZmKkqQETUbpVNRRTaXOcBScTYrQmGckUEFD9NQShhhT60pSgRVdWpTlI40ZCnFdqarAghAlAhjp9RsqUQIXE1CCByWsaQIAW7psKLIyCq1YI1VgUKR2bI1HEMbQLVG1C6caTCiuKRSCiGEUZTE1c4mURRYOEEUSioJNxsEKsoEoxIKZWuNFo5CpSgaCVWFcOJsTTiklKoiSTcLWUE2KUvt2jQp5AZBp844m8HpzEwpSpEc2NhTtlBISDQTAcjNIpKUgbAdtogMnPS1pumK7JYtI6K5aWq2opQCQDpzapba1BSRbpHFEIETbEeJYnCxExLJOYEy3RzKkNIWFkoUUgk5s4GEbIsAnAZZkISwFcjCTkICjCWpGYkgjQgyQ2EmK0IgSBKJRFgmQQ7kgDTIYQEGS5FYDkAARioBFKOQIwtBXzCtTRGBsR2qISMJAEMJGbIh2wSJSJAxLUMamxVS4MwSaukIKSIgKZBuWNi2BbaxbDtKBNW2oJQwlhQmJw1trIqu1rQpATiTkBTYIU1OGUWBNJIQkc5oGUQrEchWCUtytoaUxuHENEAlwgI7BCWcloUMsgFZABaYkJ0SAYmM1SwhhY3kQEKWSTIkyzYg22BnldKWscAAoZIStmkCHNgKbCE3HITshpEBwhgjO9JZBLRMSKJIhUgbGYXkCNlRqtOTmoqiBQQYpwjJNoqaJGTfdUi2I4SRkAIS23ZIpRQMJqGgFIEiwnZL7JZWkUKFIBSJawkUkkJq04QotccJzohIW9ip1iapNGyDFCFlOmkoIjOFIBABKMg2DGMUlawKkUigyJwgIpTKTJIMSahlSkGoFKcD09Ww3dpUFarRJoroF5uzjWOAnZLGYfWkJz71L//iz5/01Kc9/vF/98QnPOnxT3oyzY2JBASAiQD383k/W2xsbHedStRSY2opublN4ziNY8sGTttI6SgBMk1SBAVsmyiBARQqJpFK2oCwi8NkgpSZoXBL8JRYUuTU3KwSKgjbJjNNoKqwUiYzTDozRSS1FKOpjbQspYRodrbEjhKAbVEQWDZTm2pXImpXZGO7lBp2tmYsUEROLdWICKJ5ak1VZXLDKdGcoRJCzpd9mZcVcfGee6657rqpTRI5ZkiOwBgHSGRIWJZlOYzARiE1u2Aj4bQKAmQscBpIBbZFgI1kmcQWGDBICFsCGgRYCmzbJqS0hMGAiOacdR3w+L97wiu/0ms4s1RhC2E77XQ6JSkiIqap5TSVrtg0t4ggip1py1BKUVhOmzRWBFJxMc3TlKolwW62AZORQVgoRJI0BIoI1LAkSSiytZSKQiGFMu06lqiKmKZmVrXUdEohRxRqlE42tMEU11CqYOSGEJlCUdTaJMLIMg0Vk1ghYVsYSCRDcSYCrAgRxoHTBWWgzCaFjUB2ygC2JSE7EZGkC5HKkGxJNgbCShkinSFjDHKqYUAykM3OhHDLRAqcEVXNgTNKSadEoMxWohIiPWXWUozsLKVEiJBbSpRaI8LZEhUpLafljL62cYqINKUGMDmLQlAIFWW2sbWiUmsIJshsUSqybRsRqUxna6B02rYwERDdrMsEp4Uy0khVCMJ2lFqqQYoQlttky0ZKo1IgAVtRoo1JZylwi2IyCEcmESWqBJJEpp1TiQqgVIRQYtkCnHKUqlDYaaTAk6OWzGZ7HMfS1SjFLlNrglq7dLZpUolaCgTOQEWuXZeZSrsV2yrRMotKym2cTKZdS7TMWisREQopMxNLUiZBTg4pTcFGHpsDbOG0AqeF09lSQSIpoXS1TW1sY0eJiGq3cXBribOfLSSnLTsihKKUNg4gAaQJGVEiVDrZpJ2tlUqNihOMKdKQWQIb4eaMLMg26VYUKoEgsYWV6ZAspBiHVWRRKSGw3JwFwzimc5qmqXa11p4oXJFFQgrcMpVtUlGUUugi0hiCsCJRBGqajIrV7IaKJGLyJEirlJAikMLIafpaJ9FS4Glq0EIRUpSSOVVCJYTSWVBzA0Rktgjbwq6dKCXTUzZAYYtSS6ZbpqWoUirdQhERmemconbZUiEp2tgAlUh7mqZSunTziKsi1PUzA+Noqe96O21ASHaObSwSlp0qJULT1JQZUSCm1pQOIpXFAlsklhRSEMbObOkSkRIgBaSNVaZmBYEQpCRbthUyiRUKY0gyHAjSFkBgFDQsS2AaCjszihIL2VaEEwPYgVISNilJGBsTgTMCpxUinbYElgCRARBWBFgtc5ocmkoJrFrCzkwjAEQ2kuy6kilyQkorAklpp1utVSjdpGgmBCKdhsxs0wSKkEEEYGdOLaIUaWxTRAGHhBU4LYqiiQgjMrFQazhUEjAKRCiMIaldyJpyGoeh1mJnRCAlGZKEo+Q0RkRRSEAAAZmtRDUWiSQAybIQiEhZkjFIMqkUAMYRgLEQKWQLLITsgJRtBELCzQrZCmxAlkkJo1DYVpIyDmGjcJi0FNZkgEDgIhQOgxUEmIIQzVKEZBRSa21qU0QJ0aYmq3S1FtZDRiCmVMhpWdCaS60ocTgdEpC2085sEIVK2E6B0xBSCSHS1kSUImMTsrHBU6NESEU1nc1TEEGTiltCOiRLxWlbxgkRpdjOtLBKFIyCYqcxKiEsUbsOUITAQTPKybaCyMzMQGBFydYkJAtBKQKUaWiKmOyYmp2qvVTf6q3f9Bd//tfSZE48SzdjXKOun9d+Y9b33dbmhilRItDkzGlqLS2Mm9vRcl1VWrYIIgARSjtESFCiAywCQ0S6yaAIpzMQwhakwOlAKYdtmhFghwJMRCZFamCHlMV9CZNyGKilpCICORR2hpwipyRIyyGTQuoVBqmmRmdikEI1lGNTUKIAtYQBUlaEMnHLlIWFBIAkZ4pEEaU4lZUgUNqqIZS2VsvDxdaxl3mZl/7Lv/rL+cZif+9SUaGUZmQwCKccVmJBIgIlgRophEPCkpCRSDtQ4kDGOMAgy4AsOV0kpLAdyE5AdlpChACEbawApy2BZYEtmXSpFXj6HU9RqETFkh0RTltGKBQKKdzszIgQAtPcWqMEZLO7EiLblIQDpSwhVErJ1lwKbiEASVKRnZkqNqQdJZROZ0uLbM40BUoo3dIuEUjOVFSUlZLpiKy12CXd2pSlBraViiJiaq12BWS1hiGhYqAI4aao4cmoyM2Bm5BlJFnGmAK2kBWAbMm2sIUI2WBJgUUobRBXmIDEgEK4iDTgABvLIDApi8AOgWUMMiIIRLbAGJsoIgMZYxlMB6mIiGIERDiKsUIqJQYswCVKlMC0YZKICEJBuES0tImCLZBbNrdQhBEo5AaFtC2chCIQ0jBMhEvUKMUwTROKiEgnqckZUkRRIdMYhDOjlBKWKna6lZCigPu+M9nGKW0VBAZZIYGkkG1UKgLSNSpK2/LUsoVqKRHCXcWOdOIcDWESuzgNcoRoLbOlArBQ2gWlE4MoEZR02mnEfDHHShxyMy5hZ2stnTRH1AjbUkHWNEyASYVkyARatnFqErO+R2qttdaCqLXibC1Txq1EZGuWuto5m0KA3RrOMfu+gguhwIlRqJQomTlOg6L0Xd9adrVIuFERSvqua1PL1kIBjlLaNFHDbTJu2SKKLJSz+SwUzY2k1GjjmJkMrn03jJOcpdSEgGaUrZQIhZ3pUKgqnM6WiorTKTldIu2QCEoUQxGomHQmGWCTaZdSo9Rmm8QoIqKJIKT0lCNQVbDlRhUpBU65Kd2cWaLiNqYVUkuXaCanBCxqFE9T1oocliGnhhylON2ylZBECnKyZREGSdbYprCihIpChZYmDdlIGxNRhBMHJTNtF4XDOUwN5Mzoao2oRVkilMYAriWkguwkIqqIUppMCGgtnRkR6URBRBtHqCWQpExbKpIDlJkSKEoIqbggsjUSV0TYKQVGGCGbWiMASSnCWFIgKSABG0CRRoFSxrIMdgKiONKSuMwIg00pmVmgoRBGQk5CpClghNMhIWwwwiiwG4QswrZRJg4ysdMSgI0wag2Y0uPUIpAopbi1tHOaIgPUsgmFREUhoZYmmw0gKUJYGOMIJUkiKbCFmy1LRUmJArIIkJjaFFmMp2zjNJUikoZNglra2SKilBpFthtNUkFY4DAWaUfIiZ221ZqjSIKQSimymbKFaM2KYksSimwjJgTCBCoZxihEJhKZCKUywBYWECKNggCbTJWwUNpgjCQJOyUZpHRCFDIV4AjZactOGYVMplSwQQZwEIRtUBHNDnAkqTBAM0g2GNthsohmISMAYTuKsmVmtkyZ7GqJrrmFZKhdCFojp0kiohibDEsZ6RaSYWqjjQ0gSZYjHQRqDiLsNo0ZXeSYUtQo6ZQkIJ2tRYQi7Gxg09V+aqmUKlbE1KTizGxZSkgRdkMijREYZ06EAyUm3ei60jJDUYIUQoYSZgJa1KgqLVNOGQgsqUiJCiApczQ4bdFF4JwyW8vtzb5N7Wd/5peAWrsym29vbs1mi1DUvtauHh4chiJEOlfrll6TVoRtRQEHUnGbVKq6qGqAsBESRSho6UCAkME2ranIhNMQUho5rRAhp5IsKO0IbDCgwOlMhRWmpW03RS2EbdsIIVBEGDmz4Ta1kKyQEIqicRod7lScThsowlKNDhwIEyWy5eSxRCgCZzY3bFMUSdKydBVFa812qNAVOwEyI4qiiEyhFE5MKV2CNX3Cx3/cu7zbu2WziCTTVbYjw1Ijw1jIQsg4kUgIBNgCI9kGYxFIsjEmhAWJkYQlWeFMCVs4U6hgy0iAZVkWgbEQAgskpVBKthUpBNz69NuzAaQnUAk5ijMlpDC4tdamiCJJoqVr1wuMMUWKKFNOiYuVCoHJsAzIocABUUQKbACJREVKsk2KoqBEBJpa4nRG2hGKEplZaximaQgVQp6aW6igkJtsYxPOKRspAZraJEUUQChqAEJGaQeaHAIyJQmjVBZwZolII9myDGCMFRhDAII0GIGlgpwW4n4ijYwlnBgESNgQKAOlJQzGAaAUABZSWClEGLlIUUJSlC4slC1tkyLtNk611FSGMwlsN0eNIhIFoiibJdIZhAIsRDbLUtgNFbK5KTGBCFBBihjHSSXAdtpFEUEoImwkIZxNFlJrDWwiQrWEUbYUWIBapt1CUjRQRMHGtGbF5JCCcAQETogIsEKCBCAnRwTZopSpGdml2GlsuyUCoxYuiCitTQKFEkEKtcyADDmzlGpP0ZUwE85scqjISanhUgLAxm7NUu27tFtroSAqAje5KpRuaec0RYQi0ul0iaqwojJNbum0gqJY9PMMT9OUmVEiHOkEELVI0uBWslOJhEKLrkMmFSWcRjibJCIk0zSN01oRCjsjCqYGpcwiVMTYMikoLWFw2iBFVyu0lhYyTE4SizambRSUMBkSLgahUkqR0s3GSFJmRkazhZpdo4GItCMEKqJlOqJGiXGaisbEARHFlDY1SVFCwpktsyulyTSnWpfFEIgImdZaLbW1zNakYqfTEaEQMgrhUEQXbUpnqhQysZWeINIROETm5BSSMJQopQgUzpbZWitRsBOgOZ1SiYoJaUpHialNTShqiYBMKwwYnDZBoIwQQCnYBkBgmcBuLeUoHa01t6xdGZMatVREYuw0bhAKJJmIUkqEYsoRCREKO9MGSu0CWjbhTMnT5OyiOC0hIWM5my2XUmxbAkpqUmZTy4yQpAI2AmwDcgLIXCGwjCyDExWRGJAtSEKkLAuMQcK2XQI7AYXMMwlIC6UVgTEJAkiksAnjIqFszRiAIqAqaukth2U1R4ATcEqldp0gnaQNAgWWZIwBiJYtcagmaQQ0XAIoKhTZqZQgokBaipaJglBQnG4RipCIlCKwbUCZtltrJYKIKkg7pCjFmVjZpkq1wI4aWGSKqLVIMhiXUgWSbRMuFKlEVIAEE7akUCSJARkIlCQII+Ni0mkhUDqFCBnLgAUGS7bCRgBKE0pjwk4IAZaMZKSUQ0QCknEg7MRhKdI0LAlDhu10Ak4DKrJKAYnAlgjRnHI4ENnIzIhSS7UcKYqKIrMRkiUREZIkkRhwtmlSFGcmwo6QJSThUkribCCpKMBttCI6QZROWOM4GZFj1IoxjihIzgwEYJdQQjEFmqJNLYJSiySEm0NKwAgyU6WEwm4m3BI8DKMCEgdOK3FQo0qU0ts5OnGGwlhCOO3mVGaaUhGiuXmsdZZORYQDGRSlRC11Pr/2mtOr5bqfdW0Cj6t15mrZhglRa4AwkCo1BKp2mwygDJcJmDwI2UaARBrZgcC2ExfLiiKnkQHZgBQog4RIIEsIHFImYVtYYcCBIrOJAg1F2tM09bPeJjNLRBAEpKVQtlI6hWRnZrbB7sCBECJampyIEpJJLMtOJEcp6TaNrYQtjEMlJOEIoVqiTJnrYVXUqVM4cCYRpdjpFG5uTggrrYgccxI7b/jGrxdwdHTUdRqndFi2LIMDTIRTYAsI2QA2IYMhkI2AQAnOJDDGWEo7DAJj2XagNJLAxUrASJKNhAFoVkgmHSGnEyQQUjhbZCbwhCc/WQE4J0qNqaU9GYcC0mk5FGEk0VoiRbilsBXFZsomFEIRrU1S6Uokgd0mRzXYbpMFFlIEzoScrMy0u74ENbEUXVXLBNIKW8j2NLZhGtyym6tEKbWT3FoDSUSJCElFVSAHkU4pZBxRCmAHOII0BYxsy4BshyLDAIQSK7DBWISdQgZwIFDaEeBATpt0ClkGkIC0FFYK2yAJYxsUOJEMWCItZCY7BBaQUqZbs20niUBJoyUAUjhTiKKYaOHmVHrCwqUWO3NsCkmI0tqU2RRSkHZO2fVKSAglKULYkEVB6dKOIpXw1FpziFICSmazQchWKCAzKRgpZJAgQ+GgpAWYdCpqYGoIKbMVV9MmC6kEkR4za5RSu2E9JEkSUbANShMR4dYyApQWkmpXnQ6FSwDYdtqEqLUaMFFCEBGZxqCcJkuqJVBnt4jSUhPNaSEVS0WlOVNFLbETISIkSTk14aglXCLIlplWWJLDJYIiCY8YjJ0ukbPZrE1tuV53tVMJ0oiIKKVkOp1WhCIjW1oxKWqSxS6OjFKC1lJE0rIlEihB2SSVrtYOm8ymKEDiash0MmKXIgOU1jJKwZYwgNNRC23KaWrGAVa4WYFs2VC6rmTa2eyGCtkktUwJRKl9ZotAKqHiTELKNDQraBEl0o5MXEKgWiKELTkpQci20xHIMWVzy37eT0M2I7nUslqulq1tzOdTjqV2pUa2BGqNhgvFtrGTpilqR0kSe8rMUuqULqWUUGJj7NJVEtsIWja71CKrltKVLsFtKqFU1/eZKbDtTEpfSSMiiiDdWmulBCESRSBLbkkpUSwHGGcqVNDkRGRmKQWDnZmKyOZSIt3aNKWjK0KSaM2lBjidttPpzExJEqRtN1AJZZuQgkAhjZPdlRoRzgRFFNywVABhZWu1FGDKKUoXnUorISJlSFsYCVkSaRmHbRsJrLTDOERmgAUGWXaikDGyjA1SAJGJIjBpoyCNnAiQLck2oZBtEAG2BbYVEjIODExjw7h4yjEUTRayWqKuFoVICUotoa61qWUaoXA2RIlIy06gRFjQRNiiQDYnQ1FxhEmEM3FIJFmKaOE0Ckny5NayVEFOLYStbJMisJJ0WkiKkNJu6zVCEKVO2RSCwJJIyc5SipPmJhA2BmRlJiIZCAAwkGEJZwqMRci25MhijLAgMxSJMVhINiGnrAyiyWEBolkK2yAJMsAQhAEbgTCyJNsWMgopjbEshJwqShtIK8JOIQC6bg4uSIBwmma6yHFKAJKUiVICgY1JVCLtlgmoEWFE2tiKiMKUrqWGYhqH5pSJKBEFlKRTDWGbLFTZmWlLIlScaSvbRKiASyHTUZpb2EwYDEjjNBlHKFt0tSoiZGdiW5lpJOVoSCtwKUWiZYuQwLVEBJAtUYJCZHE4JGfzlC3VZAEREVZzmxqWbKtEabSxlVKIqFndmiIkQ5GaVCSyZU5jawbG9YQiMU7kUooDhHBKImQMuNlUASkrMjAIsCWBMZaw7VAa2yE1oUwANaAhMEgtU0hy2kgGCRsJS7LtlJSSnEFEVJcMAEdRNkeJbM2QnjrqIGgtIgIcBCVKjBNFEdKYbRozaikhE3aqhBxJZrNKwTYZCqpsl1ow6bRp2SSViPU4Hh0e2bmYl2HIkBQqgR2KyNZkO4iUPYlAUaOM43rn+OmE3Qtnz9x0c45HFSe2pTANCyMZ2wAWMjgsEJKNJGdKxRhwICPJhJwgYwERaga1ImXaxibAkrBBIo0EBmEuSxvAGGQlrUgTTuApT3yqxGyxaGkFTJaJkG1bzkQWwraxKUWtYblIIU2k0ihCapkRpUS05mR0S5twcZKkUBSkCNkIUVIOdSCRWPKUrRZFlMwGGaW0liGp0MdMsjNzalELIkppmenEZEtFglSQNZmIzAYlcxyB9bAGcMi0QklCgYAmNJkwDgkDMmADEpYFgIWQwAISZKWsFIEBbCSDEBmOtFVE2jY2RaSbJJOgwMikLIdkOwQpK0nVigATkkqE7HCb0kkLRWA8pe0iESEsKVu2bCVKMuHItDUqVCiGkDMoUXE4MwCKlAplNiEQOHNSFEYjl4iQmo2bjWRnNmd1VYSkbG5tlApS31VBmnSzBRERCEGznTk5QSUsySnhlKY2qZZstkeFSumm1mSi1mkYM+w2pVMN1ZAEnnKqpVLU3ErpkDNTKhRIptYkiQBLBQWekIykRqajJJbtBiQKlJgwSQal0dQQSAVbFSlaa5JC4TRky5DIbDGZUipSV9J2WiE5c2pUIZCQZv2sRrRsClrz5AxUopSuJ2RnjdJa2oClwCJwttbUWkpZpmIIKKWMbbRqBNVFViMnyHEYnF3tKnK2lELKJJQWIKUTFNhEtky5uIuKIC3sEppyIlVqiULLxJFuLVuNorAzkAVEZGuKqQSZzpwCVKrdjCNCkGByzAwchbSN3dwsoSgKlGQbG4FdhItKq8opo0YIJy3dzfrSjFRVhWyjzCSIyJxoshURQaLMRgpUAqmUkNOYBCfZxoR5iYbsxE5lRLFRKAEyQCFLEqKYCUqmBZIIiouzGSJqiRIS4GBqo5uz1hCZlBI4AUWElLbTEqEoKmNOObWiiK5KIjPTpdRiHJBOO6TMtDMtBIAUgZ0J4QyFhRF2Q1LSEtNFSbtNqUDQsoVCSlkE6RTKpAQhmSCNbUqGwbLsDBeFEgAXyyFSwokUIBTpDBuBHFY6IcAImgmBSVuSDDgRlkQmAQ4ZoQyLtBU2AmHACFkRZDYjjEAACuSSCuRsRLGQSzEZ5NRq7UponJo9RQiiBImjFAkbK3OSZHARTZAOMKSbU3Rky8ymiFIKztaaFSkHEcUILKlrmbITsqWLJJXaCWwLJGyKlDYYJEXIFgoJGWe2ZpXAlsOl1iK15jZNTmofjXRzdKVEBwMBUQA7nU2lkJaKSSRhiAZhG8lWIgTYiHQJbIVwmAzLQGIFYEGawIRIITCyUwDCKYEkCwhsBBYghO2wLcAiwtlABgEBoMm2PK1Hh8CaHBFFkLJTEjZYKsYSaZOAkCVaS0wEopo0qmBsGipdKREh1NpoFCHTcjJgJ9VphFUicaZth+i62jKdpgTZyKRlAsqQQJkZEeBs6cipNQVAs4uoUewJLCmba0R0hcyWLiWAlhmKzAwERGhqOTkLEUUI1fDUhAQIgbpQItGmBupKycAjBCBH2HKhTZNCzmYswPLkqrK2IyIAZBySA2EMERhZyFgWwiBQ2gKhFE4hMCGZhgJswCFsyyQhJakMyw7Jak4hAeYyOTBCVmKBJBsHAWCXWsf1akqVQjZKj0SJkrT1mOPYatfVWqexKUzGxBQIIGgtwYRCdtrIIZlUZnOpEmmBnZkQCmVrWC0nA0YhkNDWxqaVIJq7LkCZSTbbrbUcBkoppWYatU6yWR8edls7m9vby6Mj25mTKEQAJEjYlgUCc5klLGNkDLalCJwW2FiA01KzhJGEbdsSUGyCTFuBDdgoTErIkpHcIFISAgfOFCEZRzqRpYjDvf3MnM/nh8tDHJlNpZQoTqetKMI2SIISWq+HUNSuWGWaJiODnRIhSTG1yZYgasnEEkGlKoSUmVMzIiywhC2QyGZCkWkBUiCnna2ZHqlUuTnIxE43al/ccmoZdpMEpXSFSLKg1tLOkrWR4CoBEZJCSdrCFpKMiiFQcwoFTlAIYxuEZIMQNhgwIVLYlh1EyoRsCdmgtCOUlmQgJDcQAsm2ZJwZiAoNROCGQhCFTAwSEGBsnGBTawg1NTm6rkC0liZtWZQIbCiINk4upQpEpm0RwkQY2TZIigQ7BBGkXSJyakQEkqwojINq52xSOBQuCW2aaikh1FWbnNIZVpjEilLcDIxTAwuVUkrKrQ3TWGsvGRSm1Jpu2TIIHJarirHTXV+xyZBIPE2T0xESTBChkOwmS9jpUNhpW1JGkkw0tZQQSBJMTtpUSkm5RmQjnSFJEMhhTLMCRWQ6mwMTIimhKGEzjc3KWqNESdJOITID1a4kaIymVghZLRNj2jBOUTuFatimOS1PmZ7SZFUYSCskKYrcMlSAGrR0lAjnlClaqKRTTZJaG1s6ghZBc2arBjIVZChsFK21UAkpbRO1C6uM2XADMkVYpB0likVEYJOZtMwMwtCMlLKjlogytjaNI11tmSBCIm2QAAssJ7ilKKpR7ETORgrhYtlp1QgJGUIimiTsbE1TTrL7WU/RNE0Z6bQiCiUZnEKpRJKkUEBOLe3sokuVGrYlOckgjKMEpmVmAxG1aEIKZKeaJ1sRhAo2OCEkSaUogWxSlKgtx3HyrE/ENBk1IVIKpRPbCXJIUrE9tTSWEGSSahicGQrbrU1TQ6AIiBAOBTbCKAIHYQPZnNiiqMhp2UiKsJ1TOqhRmkmnQHamMwCMEZGBBFMJJVYEOISwsIPI0tyCYoFTCOSG5ES2JSHbxhJCpCyr4YJSxgJU3OyQHMjYVoTTlrCQQcYSFrKwhBFWkA0wkiATHCFQ4pQAkVwRVhN22gYVFZMlaiktM3N0wyUK4Si2Q5YK6TAuChWwUQlam1paJbBUEE6hCIWcbUobCimVnMZMhYiI1hJEKASUEgFZSiE0teZxSqlEtDSyTJRQqGUWy4DkdGtZa0HCNgzT2JdSQlahpC03VLANGDByAqEggjQRiGgkAFKKEBisADdnhJxIcrNAkBgprAQJi8A2yMZhJZJkA1KkrYSQ05ItySSSHCbtoKQcTqcyCEM2Y4FsAzgxuMkiFKjUms2ZCQZFVVWZMtPGDSzLslMKQjKWAhlJciJJSG2YmohSAxnsVFS3BIVKk6WIlBCQEUq7ZasOh/DkhtWcvUtGCKn0gQwKYYWVzlqraJYiFGhqSWYqmtySEpRSW05WkkrAhnCmEmiJJ1NLly2n5pCQWqYzpYgoVcXKzJZ2sQuBrL7LzGlqEYqQjWmBFOB07ch0OiQMpEq1LBCBLdkGQ8hGyGlJyAaFcCLZklIhjOVIWQiD7GYibCGF0pbktBTZHKI4LOPEZBAII8tSgMPYoLBSYAyyUglKZZWwowSZkBHKRroV1NWw7ZwmApGJaRiVEhKoVNFsSEsSTskQNSJr2qQBLIRAwi2JQFFoCSoRTkcpGKHWWq0hIp02RWFUSsR8XkIgHM0TSDC01VbtXuZlXub3f/d3I11rl0rSIUxAIsIi3AATaSRHGJsmhyQ7rZCQZRSy7aAkCUDiQCDLwpkEKQlhENhAKrEkOYWsQMjGTqQQsm0sZKDhrqvjMCJDUUNVJWqabM3YluTJFAmnEahGURjsdEaoZZRYD6NshRQKAixRFFGQ3FA6aQ4FNkgmsbEsQWaGJCc47ZDkJEICK3BmkkMpoQgVg8epTbRZ6bK1Ujsg29TcJg+Zns36Sm83oBBGkwG1NEBaIWMZpwUWGKSwMyXZspBtAcZC2BZOhYyFE0kgSBsEloyNQsZKDGBsZxiBZROSBXYKAYkAKaFgsDAEz+SU0klGhIiC1UhlOGhp3HASpWUrKs2tTRlSZHS1GmMhQ2ZGF3JggzHYMk2pABe3lmkVoRqknW7p0NQya2ZIppGR2YQpkS2JkEKhrospGzQpZOXUENkyAIUEoislS3VrgSUREiqQzV1XCZzgbJmtZdf3ObTW0nJfakRkunQK2Uk2T06hMFaolBKYFIoigSyK3Jyk0yCRKLoiKyScmlqGFApB2iTpkZSxky4iIu3MVHGbnMUlE4UsR8gGjAFJEsqcPEWpXalBc2JnSkJMaXAXKBjWTZKEbblNmUBUS2FRoiA7aXZm1lKoxcOYzaWrVamopuXUrFBJK0pJm66o1gpUAaVIOD2ZKEhubiWKsEIYyzXUmkNKt2wuUUI4U5bCxpJKlMkjkiSnMyyrhsiMGpJARSVkomRmwDhOkzNUowqp1gqy5ZzSVolCRaSzTSkpEEISUmvpbC7FtsgoMtGy4RBqw0QtnUlbCEWEVEubWsvWnCE7CUWqyTJF8jCN0zjO54sE2aWELCuLBJRSWjYsSWFZOJsDUumsIZWYshWFMhGTm22ZWgTCLUqRak6JVEuYbC2FbYNQy0aECGhkGLmZCEEBsjkzkVqbIE3IsvDoUoMouClCBrulM4lSsJ04mbKFhFJSylIxODMiBBKW1AyJcLqJqtIijG1n2jiJlnTVNCADAhsZgcCIDJEOkSZRkUgjgQXIkViEZTmQrZBlYwCIxAoJWw7TsJBIDNiBkIFMgwhhAyGnsMmWwhYAAQLLcmC7RLGNbcmZFtmaM0oXRpJst3FSVzRNaULIbnagKKSwhRGK0imMbVuCxKFiDKUU29QSLUvtjAu2IyJApVpommhtiojMZhvLuNQQtMxMY2GaJxsIhYXSkNkyla6qoxsoQiW6xGC72WQa0iZKRTjtlIqwbUsBOCAl2UbYSIYIk6EAhwwyAMgZqCHJGBsKSuRME4JEFsUJQshCwimbAMAkFrJSYCmFbEtAEEASAUwYkS1tKxRRMBQ0eZimKBGuQ2shau1aG7EUkt1kQ6ZaG7vamwiwzGRE1OhVp2kCT5luSUSgCGVLAiUoFdFsbJRWRASihDJD5JgJbtnS7iIIWqYKnrBcq6bBdkapDitJANfapVs6i0TQ7FIi00Mbu9KpBhLGAYSzSRFywyGXWoKYnE6iCLBSCIRozUnK7mqNUpqTdESkjUMR4UyCloqiyGZHAESJbE0UqWE3SxWnbGSQ5UhZjiCNsBECWwKBLYMNyIFchBMVyLQRNiFMCISNESQAso1FRCidCqshKVOKlIVwCAlSkQ6F020aajeTQgQxecwspSt9KUpyGrK5RVBUkd0SBDiBENnaKClUSIwTnLR0CTfC6apQiZZjaymVCBHVLVOqpWCnm5NaKiJt41IiTYigUCRQhNM5OtUgcnLLfI3XeNXf/93fBQmCaNg2tgM7jDHFAhxOUhYICWzbECalkIWMECYBGSuMA4TSIoIEYaUciUMSNgjCToMMCCwky8gYLBWRBskti8rAmM21RMtWHJZlpe1MlWKiCGxKcSZOlRIVZVGk00nS1NVoCWSoYLeWte8IyZZCTtmOkjgUQumWUyulopBSgABlyyQDOSSUmVFLaxkRNpmOkDOJ6OfCbi1D0ZzYLRuZyBElBS1N68us1hCgBkZOJyVkA5aRwIAs20gBlpQQAgOWJdkIW9ggbBkwCsJCkm0ZG2QuMxIEkYCMJMA2QAJIwgBOQjZgBSRKwACSkU2BJmSFw0WVNk3NZGuEZrWTEuc0JUY1bIeKMcIWCuTWWkSFTCgRLY1tBXImQA2IItyciFIAlAHZHLJKUURJWxFJCtOIqkwbScaZyHYxUUs247TJ1ogiIIKQbTcTKUUtBeyU8GSMKNFaAtEVWU0OO0KlRKiOnkQjlW6qVSKclmxF2FbLTLeqEiXCWg2jyKKIqlpKGjuDIJxpoSSxcYhQFQAYZxJRhmEk1Pf9lGk7h8m0adI4ZlfUzbqiwFhqE8OwnM8pEZiuRJpMRy1zF1Bzm4ZJOJ0FoZLKGqGKUyIxrU0iIO1EAmMUSmVksUQmGNtimjKkiCCULSXZrrgJmZKeRAisWkinnU5lbdFIQYQMBmdSAitFEE5sk1BQVz02lBFdukVgWwYb4WyBHKVI4zg5ikoUwlYgFG5NuCnlKCGJtEnSKTCGCCWOtNOJXaRmECVK4LFZSiBKDSvlBEqNUIma2ewMlNiilChRWrZGhpGEFaUghWlJBK2lQpkt0GgrIltCi5CkQECSUUKqyBWlpCJsnBHFTgxyNkqRUBSaLdGmjChRlC0tO0U4nWRIrtHZKZwGFEHLlJBKRKQzM0up2IOGcEhKS5kTClmFvlQg3aZptByEwlhCkgqEwh2ynW4NcESJgml2RGKn2+B0qSHCRXJTCJMoJGELjCwEEkLGxga5WHYGWGDkMClxPycBiTECA9hySAkIpxQGpS0ABMYghISwLcnYFpJkVWmSEkgBxkLQkISxouJGunkcRnCRRIAzmyyR2eTMiJBicoKNpskQgSgIJKUdClprTkx1abIgMwUKNVQFxioypK2mxFIEbcpxmqKUWqtCIBBYiKKiSNOyYaNsaYUKGluTqKUrKsM0ZrZS1TK7GiWUGZjAaRC2MVFCIEgUgdMSJAo7ZduSlEakrQADSEosI8iwLJyJhAlAltMQOEEgy0iyGxQEiQJsZAhQ2JbAWCgFJoxlWZYqAQgDpZQQYxJW2m5udokSRc7MRBFOh6JlGqJEsdo02VOt1XbmqFpBIVpkZJSI0vVuTiWJQKFMG2Mk0uBEGNWolqCZsN2ymYxQEBHhli0UJmmVSgm72Sol0lZOOWat1WAbiChtygiygVKllHBJJS4Uk4Q0NUu1hE1rDUUUQkVkGAQto5aWCQgjnEiJomVKAimwnXKAs02AUQRyay2wbaCrFct2gogCmWBJWOAkUhbCxk4RYMsyBkuyCck2ISPbIqxUCiHbyBZgpSxZlhwZlgUgYxIk0hkojQLLMpYS5HBRqjpCwZRZAXKaBksRRSJzSkLCIijC6cROpyKUiW2sCMBcFvLU0liKIkDOQEY4ZSkUpcggUhKQntqEBJ7cqipYkgEMSjKo6WzrQYAAF0Xfd0pe41Vf5YuQyEw7W5RiAcIOElDKMibDYYGQw0oZKVKWARvZAuEUEJZlgVOShYyRbJmQEhlACZKN5ZBMmhDGgMCo4AxshW0B9mxztlovsw2UmdKIlgq5RFCKpaIAj2MruHZ1nBrYTfZkgxA21FICNyOkUGAhm3GcSimClHBC2AmSZNFyEooIImiNKFY6GT1VKrIiwliyZRkFQiUS55QWtat2iXQ6S/SSAGOPTprtsWRmGOQOCCQFliRsDAJHYIMxAJbDMlhgRNgJMimpJFYKOYwkp41kJwibQAkBFqYJgbBDpEHiMotAAAKj4nSIRDgBCiAD2A3NQsUVJxbImKg1WwsJNK7HUjHRd72E8TQ2RwsVO5sdJkqRpCQhW5YoConasimjCKKSaadB2CpyA2pXEsmt1i5CrWWAbCKUdpCt2SlkVCSVki2dqbRsI+Rw2BgbRwNhSyYKLSWjAo4SOJFRuDUiKjZq0+ggKSVFCaC0TFFCASTCtkgic0qopaRtMqSuhDGEyfV6bNDVUms1iWTCLSNCYBVFZGsRIp1kSUWRUDorDFOmWyklW5YaUYIUJQhnSzwVSk4tOpAsOUHp1iwlypYBUTvc0kYuEZmSKaHWMkIIIFPYpYYUQgU7sVMmMXYiObEbSiusTDLHKFFtJJBr6Qy0ZjC2JFmZUzZFJA6itUZEKVFUjMMRblakhbJNjUDBlAo1ZIg2TU6XUgmFAoGVRqXYrlGFDZKSjBKZBC41EtJumUqiKCJaWkFrhoyIGtESrFCGwmacpjQRqqXaNFo4CkDKkC2zRUioSAbstEtUj1P0IUfpXFxk1m3sFFOb+m5mJ1EyEQ1HKeE0chCgwJQISYGNlUUl7ZYtIkqUJDy1TEoUlE6lbWdDiaskKYraZEnGciBALSfZVsFOEhsTUWuNTIdphEhboZJ2mwZDWhHYlKiWJWpWe7TpZl04MrBbcXF6GAfkWvoIAicGZzNgK4uxRDEACWRmOpqyuEQgO0FyWCmwUyppoIhmSSYlZUo2gLgsbAskOS0JYVuQkgCMRGJxhR1SGmFjAaQJy2SAARQkLtCKbCQA26DETgOZjqLAiWyiRESsh7WC6hBOwnLte0xDQJpsDYJgmlpXUQmpZMvWpqiRUGoURxoV1Yl0IlBka6QzU5ZlgZEUTnAqVEu1MyVCMmkgFUTIkBhQCEtS2EEhqF2HKCVswmkFieREhSKNKtXOEDImgTQSNoHsRMIInFhGFDIthMAYi0ilEoEDuViJIuwUkQA2SAKEDICNwKggS5EllUjCMkZyItIgwCJCJNBMwcmoBJxpYzNNKdRycmsgSaVERExtCoXBNqY1KxJKCUopdkpFwlQ3WwlEipAxRKlElkQITES0TASGTBAKQTqDkmDSLaUM1whZYEoptjObJCE7sdIZlKSlITRlC4VKMDUTkpCLlGllWrJt05iEKEYhkSgzTUYBUCAX1HAo5MTONk1S1FItTMgGxmxFkWjKJpQgYSgFnLiplExHsSBbIpANkVCQBU4k2woEgG0UMlaCELKMESA7rZANBnCGZVnYkgwkyJiQLbAaBAJkLAgLYckQYBtkAAhQYGCqUZ20YeV+BjbUUskc2hhWSoGJqFGBlllMUUCBbCRNZEMKHNLUWuJaClBUWk6ZrVBbTjm2vptFwU4nmS0iZCWOIKKA0ySTk1A0UlbadmYbU1lUFCUCQZssS8qXfulXAI4Ol33fjWRaIZkEGVsCyyDJRsLYWAbLOCQLWYYQIhPJNiBIR8h2IBswmIgkrZDTRkhOLDmNFNgpKSEsB05JgOwCDZonVGxlMypp5OirgzI5nQlqTGlFyM5pUi2R6ZaZmVJR2qXKmY4IFReETSkqJUjXWlDgKZuNg5ZRlBYhRWaWQCGgGbnZKhE4U67YlCaMTSvJZBGWFNDkcISVzuYGCqnZpBERMbWsKpHZsgEoARuTQQEjyUoS2SmLAFsIk0JpC8nOBBEpCzslIpQIQMYgG2PJYSGHIcCSChakjAVCBglblmUAgZARxobARhgoUQCCQHZLm0ybdEMqUUpE9F1rk1u6UXqRTiuKbAeBE6uGJJoTK9NTy1rCqARpisKS0zkOjlDablLBaQlTVNwmI5TOMDZIhWmcnCUUpZIlmXJqrahKAivALV1q1CiZbi1VFEiSMxXIYQunQko3MicibLCVzkJzVEEtBqVTzQoJwlEKbk6oISMZBUZVSJJxa6lQCUlqadvGJC5pO10iJCOlwTaTp4yoThFooplSarYcxqHr+tqXqSGpm9famglLrU2hAErtur6DnFqGUqiUMGUap5ScGREgySpVU9pO25kqpWWLWhXKljJ4VARJeiIK6bSDQBGE3QpKCCFJinQal1Jkqojm7AwR2VooyCylEmQ6SmRrIoB0A4oE0bIpcYkMhRS2VBsZBkVVOjG2JAcVm4IcSqcC4RoFOSCdSEIiEk/TWKM4ZKczcUYUIUuFnNKkMjIoSCU0TEOgVAIt3XIsWdMZFIUbGUmpBTTkpGZCBLYTwpZw0LJ1rsZuWUu3HkfsMqsls9kBIAlcnc6SMko7GopEJEiZzZlAczqNZDNOQym1dF2bhuZs64yIkCQgI6Jls6UIy3IWRGGYmmyVsKlhQSnFmdjgcWqlKFySbDa4lkDRpgkTBYnMbChMywTVWo2CmLJNY+trsdOA000uKQdRijKztUQCLOOQoipkCGVSrdpiFUmTAqUII2NSEkItMkwKIRsJQ8EJiEyEReAMkSBsW8iSrLSFDEAgYzBC2AEOlNgOQqRTBkngdCJk2dkUTgOQCYCEUUSEkEROLboaRriWEhFdreM4SsqWUQPZMDXTGqJIhqiB1Gy5EYENlrFdIiSmlpIxIBV1ipFs6RBktkyiVBWKabSkK7IrnpyaSNtOd9FhpZsEUjgsK4QDOdOtZS3RJpuWUGsthWlsbZxUyVSEQ5G2RUQBnChsYywJY2E7ZJATS0IkhAOQsTIAY2ywbEsOReIwCBuQQIRJJCFsZAPOLJDCmIAUBsm2EIHDwrKcLkCouhiEhASISkmjgCKlkdMNJIEC20buupAiM0FSyMrWqKWWkk5PjSCdapjSckxCIYlmi7QD09oUkkIqUaNMrU1jI1pAhFIUKjUkydkyFUoSU7rOtiyRtiOMXWqhMeZUKjaWwCHnJBWiqGWSQIQk2U5nKEBSSgU7MOBpHBUhIrrSptZyKpKjKqLUQpum5lICqZNsAoqUzYAVimitoTSmpdLUJsK2pAAcDhkgJck2EjCZELKMDaAUMoCEjUkJ2chYQgkSViibhWxHCAuRBiQ7ZAHGknCaitNS2AkCI8nCTsEkayK7vgDnz17Y2jpRHBE1W6YTR4SEACFs287mKInIKSJqVNOkYjS10W52YkgLNSbZoqaR6LpaSkjKqSEZMo0aUEpNO0LOpNEyKYoQqLVUCCscqiEb2wqqxiEz89TJE+BhWs8WC2UaZyok2w7CAA4wQqQRCECEZNspKYVsIyzkhDAIFZwCO0EkCElg4UwkbMAyKQUYC2RMyrKAsEEGgwIDtVTwerWeb2xYmYxuUkVgaK0ZhzROCLrqcWqZBglFQQoQqczMIGpkc2YLNOaYOBxRM1SSLJBBmCiBLCtc0qSxU8hp4WwZtXQRLVsbRkUgBSKgTTlBUY1So+BYTxOZDjtxRMqyMQ53tYJTKhGG0vWAkcEiIDMthGw7wCAwlmQAIYk0AtIGkIpo2QAU4AZFSlwQgZMUYaxEso1JHJYxAmOwgCISsCzLRgYp5DQmnUBaGJnJhI2ctnGUajtbWng1dX2nGq1NSjcD6VSJaK1FUSjSZGshqYSDkCIiRBumhBIBTqelwImDGjUkWstsjkJEaZnOSNItUaCsXRdO25IIy+r7TlLaSSqQVUtMreG0iRqZdsuopZaSTsuCGrJJG0liaGNxUQUYh6ZwKTJkZmIRNYKGSTJswJNbUCTsRKDAjlC6GFeFpKyiZa0qqgo5M91sSgrAQnaSja6o5RRELWXMKVPpFhTSilLkzAyJKM3YmThJMmURGRAoM6fMwKCQWqYMUpva1KYgKFGi0JpxM9nalFlLwdkSUECJsALjULGm5lIabXKIosBymDSZSYRKhE1VUCgpMscwE0QIkZkCOSKcLQGZ0tWWicC2kS1kmLKVopDTKE0EalUlZRVJAW3MCQMZ0QkbQiTOxEZhiZyylmIMWaI4KBSSqU1FMWaWEi6qVpLFUEMTVqp0yuy7SsxEG6dmp0qNNDWilmzNw0QtJcIibWUqYppSmVHUPIEMU7aA2nURkUDmRJKKIEoBtWxRCtmymUqE3NrUMJKJEplWuna1ZWYjRDIVK3EpCqIpac4iYaczFImstCTC4AmVsAgy01BDkpCncUpygK5UCdKlK24W6vs+nTmZIFRyygnLboCsWodpsMFpCsh2lC6qnHZY5Dg1ySgEIZlUa1aGBNioQE6hIhIFEJCyEoWcEs4gHSXTgRGWSIwk2yFSEk6EjRC2JINIEELGBiDAgCCNMHYKg2TZlgDbIEJOSU6DFETYgEoASUNhRNoStkpNPE1jV7soJUItnU7SpWqaRoCIGjRFVypIsh1p0hmEkIpMFVPaLbORkaIENAnSzUjC2M2SomCwDSrBlFM2WZZCDtV0Sk6nTbaMkIqcYEDgqWUQUYVlNxT9rLbMKduUKceQY60lUBAlKsYCCGEbAuwELCRhwlgCSLeIYstYkkRJJzjABkICYwJskDGglEM2BHYaCYENIgEk06DYxggQkUakUg5L4ABrMl1iolTAIAsr7RJkSgGSWksLNaQSNWlQcAIYaGkTimwZISlK4DTFTK25qDjATghkFSS17LouJBCWTRQVijNLLYqItI0NTpDMNE5FEV0JqbWGkOSWxlBEUNU1DAbcohSnKDaeJpcaIGGJTFBIsoi0UYLkGtEsEmeGRAIIqdZqTDqtiOJmW1BKac3pllYUYRAytdYpk5SqI8J0khOMCMi0CAvJCFmkKRRkZBlLGNkOSAGWAMkGYSMZIwyKTIRwhrCVUMAAtiwLZEGmIoSbhSAlDFhYdkohCVTUUDfrgUt7l1IM09jVCJVQ1C4ISJyJ1NxEETLKaVIgqmRLaSSX0jlblLBtkdMkySGBhKKIsIwznSVK1/VAZuOKzCkthYpCBbBdJIcIME6yjcpQVWCcpYTJOusUMQ2TMEIgEkmgNBGAhORMFNjCSDZ2IgQWSAgZg5FxQAJImUIYIRtEOiEQAYlkTCCAkA0kFpGALYGQIWQnCkmiAQfLo2OcnKbsK5lNDSOVKMiiSNmaISGNJKQgWnMUF2TIdKZ7IStThDMJTKSbHOq7Ygc5EdiOCIBIZbYpo8ggy8qoIbANIWWEIsiWRqFQFxKAJ1SpElFUS7bmlkGtvZobUeV0s0I4A6oEyBmE3NKBhJC5zAbbgTMlsNIUQwiTFkIgJlwiwDZSBAaHI9UwEiAjLJQgGYXAGCzbUopityQEwpIBSzINlZAyMFAAnInkTDubIiSFwnbzlC0lKbNhmynTiWWipLPUAnKSTHaiCkSQk9vUXCJV7ImIGjGOY4ChRCjkVJK2IWUnaYzTwkai2QowSImzTU5rVrIZpyVnBrIzIKJIatkkUgaPrUURipZNCGQ5pCx4ygwqtdY6DishVEwrpVQ05dSmFtbklExz7QooJIKcbDsC2xiFsdKE3FqSWDizEMZdqWk1pSfXGqiIjIg0hkwIgpCkEhHIDNMgVEtBjC3BQrV06Wx2RCCmzCiQcsvJSApFRCAFVlfbNGGHcU6JMMosEWk5EyJEwygUka2hAJqbm8d0QXaUGk4iaBmeDCai2W5TFdUkuERkWkoQdjY7W6mOUnBCtNbG1vq+y7QTRMiZjihdrZnZMjGlq6FoLY2zIaeVpURR5JRSEXY6SkGQjlIA0gYFUshkS2dLUiohIorTiZ3Zl9qINoyj1NeqkELKRAJB2pRSRDhtEyKn1tpU+iJKyxSqfaiFoe+LMYDsJGrtIrLQxnFqq0yilFqKIzMFTSoSOFWqxzHXU4a7vg8rs0WpY04BUcvUJpKQkokpIqIUZSPtWruoRsrMKDaEo5FB2M24RKcI2cMwllJqKW7Z3KSoszKOyIkiqsIuEaCGLdyssJuJEEQBdYGdTNNIOqLU2jlTJYrlwM0CGSsDIEg30dqkiAhly0wrbKVIFXm0opTAiSGMQpkgYwlCmeGwHJJtEcZIMiADhNMlnNgQBkC2FMhQhI0wBiwiZQjJAom0jeTJlJDSGESmhYFMSxIoGzgSC0wUZUsUkMXRHG1qid1ksF1qKdYk28YORSeGcXSmpK7r3Aw2aRFy8ygQWFaCHOmGsqWEpChBRE5NphaljY2xIYQdKEkRdoKbIQEDmVmlUKQyQlCiphKnKbKLbJzgolo60unWbLdsxs6UyHEEICdcBSiwjcFGslMqxoSKsSioAdhNSArbgGRbCIxkrJQk4ZSwQxgcCmxjIRsA2XJYFJwRkrEtsKViLCPLMsYOAVYADduJDEqwkVMRUCIzFFNrU44hFLINAqbWwF3pnUlzRuLAUgGXTDcyEiOT4VJqJIaCnQZShJ12KkqtJUokObVMtxIBEUVW1IYiJGWmDca0bC6lyC1bixIqyqnZLRRSlKoE0hTSSUtCYClsO5utlFALACYTpCJQuCWeSqlNTFOTFLjRIkQoJ2oXY2abWrbsShBElMymms0RoclSelKWNkXX5zQJ2RKB0gYjpwVIOAUYEDLGlpRgHAijsJMUssAIMJKNbAUOgdMhIQcStgLbSEopEgkQgCXjsJCcKclOJS5EFV3pQfecv/clQbVKsjJcIsI2uEGxS+3aOJVSLHVdnVprbcwEBLJcQ45OckTFbUK2UUgpxdRayIwiEOGGoxmjyMychtYypFrlkDCQraXThZioXZdCDjqPYxMuXdQSwkGZz/r1cqUgDYBCIQy2jQKlHEhCKbBlAFRMGuSwjeWwbCMwlrhMYYyFjAVGkp3YSICQbYK0wyKMZIHAEsK2rSaK7BRVJDCshswMOaKiRKhls8BFYTlqVShboyVFGCtrlMyW0UIREW0cRkU4IkB0JdJEDU+ZTlppOWKHImpkM0GUiFJaawEpFERUoSkbzSiiFlBLRwQSmOSZwhgpVJROqUSNtI1xuKVkhds0NTdgbBPgwICKZC4zBiUZKEIJhLOFiMC2jeQgjCWMZGNSCmdSZFvGuEg2BhR2Q5IxBScSArAAKW0hySYMMoiwLAfGEqYA6gKJyGyjU6WrEgYBUKIrJbO52YroCs1GhgzXKB1uzc5wcdSuoyjTma6lWqSpIbubhjFrkWjpogLOloqoKq3RCs1ZVFWRLVO6kAAN4xgWhaBEKc2tTVPXdW207GmaHKVEQQnOZkXIaYRCCGUbm8kSSlEcabfMWkqpVZLtUCHJbFiOjFpjjHRm0EUnyyXTDoBUlihBylgo00Eg0hkOieYmKRR2pj2mgUyHNLVJkhQllK1lUovAComiHLMRJbratZbDNNWIroYznC0zcQth5zQQ4aidwtM4la6WUiBJWsuWrhWXMrUmCAU0Z2tS2CE1IxFBpQS0TDCZLe3MUkuJ2jxFFElI6QSXIisCpRtERVNmSiVUomA32RMZYUUHOJMozkRRQxEllJMNCSXdnK3UoqBQAayW6RRyEa3ZYaMwxtmaUlYUt2zGllCEomQ20qhlohKGiMBYlNBkB6VAWtiqpSZ2llIgUEOSs9mhkLFbKBLAacBOIZeItNt6NBJQSyUaKWHb0zSVGiVUgzEJmzZNjhKlqk3pXFG6gp1TV7pW2zRMThOWwrgQwnYLFVVatlB1tTKzkTZpTx7sKEUgBelkMmEmcC0dLVtmROm6zrZD0zQVRYkC6mrYDXJYp0KgbE1VNCyKoykFdEUGbJRMtRR1kU7AgmYkJc1pOyiFEqVNk8EF6LsQNkqFhJKGJAkb22mQMBkojRCkkJAlIKTECMk2YUFawpZMKB1ShiOxsA1gjEgLYUCS0gAIwAbbRsI4JIxlp5AVFkFC4MTCCGShhkKkI5RuaUc2KdPUrorIbCZKlIbVbFMkp5szBLVElIYJK2ktjSWVEJJJOZBkq0bJxNFoObXMjFCUCmnLzkByJknKUW1IJqcCQiWU2UqUNJnNItvU7FKS1OQMmxLFFJwiU5KNAWc2U2xJEdEyESAgUEmhVAkcyAIhQxFkJGlZYBoWNoEsYwwBRkiQWEggyRgAGUECkQYknFbIRtiWJDIdkLYQ2BAmJWMcocRScJnbBJYlhU2RWmutJUhhO2UyoqhCUhSiNSM1t1KKxDRMCbWWopjckElFhNUEUSKbhTLsZkkENEeJzJRoaUnYjdYmybQ2hCpGRSISJwQmZRInoaCoONvUnBiF7LQo1FpLphE4FVGkYbJlnBEdArs1IhRWGgtBV8MNJwplFMCZMhEmrQgMqKq6a+AagSZXOQgCSZIzJEeqizq0dThUa9/V5XpQgBNJAguckoSNhNKhSBJMCtmArJSFgrRDIaSwCJNIGIxEJhJJRZNsHAQIG2GlUg1wIgmDMJIsGyQgpUhbaUxagJ/0+Ce+3uu9CWnIoJhsRpltSkIuNWyFMtPGzlJKKKZxjK4gBdhqrSmMNY5DCYkw2UxfCMtpRUhGKiEppqmlm6DUUkrNNjmdmVGilgKapqmLmjC1xFm7ztlIzFRijsicAsJKZ4KchALcgESSsQGTSjKsxIEBEA6HBTbiChHGQoRNyAYMobRDJIiUcUgJIsAhJxnCYCwZZDAOYzCSJSXIdpauCB0dHQgb2bZNOu0oQRqbtEnSLa0iRTht25GlFKennORQKFQCFEqTJqcGxkSEcSlqxjY2tjOTEEI2oQCQnWkwkoTASMIg3MbJaQUSER1kG5NaCiCnjWlOLJNEwaIkBAAGhMBhjC0BknCGATVblmyBwSBksJCNQTgciSWwhVJCyMbYAixjFHbKkmyktAUGSUokAzaQBRJhG2EQBjsiFNxPtfRZLHBzko5SDDKmhCY7cNoRhbAblmVPRnKxItSMpxYRSCFNLUNOKzMREUwNZzqIiGyZmURFUgJMOUWAQkLIlnMSNFppQQeWQk7GMSWESkStNWq0Sc5MWylCKkV2FLKBM0pIFNTcMIJQgJxu0xQlsDNtN6dtaqmks4HsQClhjCUEILnZxbJkGmYYBnd9BCAhZKzMrDWwoqSslhNEhJ0qpXSBW1u1Fs5SCkJRWmZRCEpm4ja6VDXSaVlWRtQSNHtqmc4IBXLLlGnZMoUMyDUElkoYikQoyHQQptkhkbZtpxVGLqViWk5RiiAzASBJEbJHJ81Ra81URMV2a80pRImS2aZUyVJkQoaiwAoyW5vSTolskzAGl9ZMttoVtza5RRSLGmqj5WyTiKJQiZK2BBZOY0URymw4o5TEwhiwJFvYUlTJGGd6kqIrFZNuMimLsL0eR2wpVKJIKlHSSUZEqgBCTkIxesJWwMRUUhYOQem61tq0mlSjznrBOI5gSQAGaoAgM11S0PVd2kyWBHImIYgSxcppzCojTSIbihRKuyoaKWu1XgcqtYvAKgqBSxc5pmQpME5qlDa1zEQqESRWqljWNE1pM2RRjSKKcnSgwLZKaMpsk1WyIgnAk0sXNumUQlihbImMCEXUAkxTk5U2aYBSArXEtmS7kFZYRsLGINmWhI3JiJCdFkJgyxgUJgUmSafSQgiDLGOCMGksDASysHFISWIEEibAToQwKQtkjG1jTEQFCNmJERgZSIioRFPDRCmg5patlVooFcYpW0SUqGAbO2upTqhGLdMhR0S6hTTlhKOUki0jQhGyXNPQpgmyZYOxqGaQiaIg7EaUUJGzJX2UKRMEIJdSQJYFTlmuyIRESJnOzIgAZVpCUoSiBEk6FbaxARKls5SKlVgAGMCW0i0kG4EtwjZgLEkKsDEEaUPYVmBbBoGNLJNGcqKQZMCAkUUIELaDMAgJGyuRwkoTVtPEBOBMUCmElHJL11JkbLJl2kXCRkRoaumoIpIUwrZVanFrOY6OGkFaEpgiichmJEkgbISnZinStg1BGAMgEaZJVRGKSNxykAWGMCmkUhMHihJtaiUiapXdpgArZGHTpiYp3ZrdsjmtEtnWXd+HSh+2w4WqaNmKwo1msD1aRbZlE1FUKIHtlunMbAhQCEWt2eSIElIYI5M0kkzMOE2zWlUqXiJQAJkUYQMJBEpLkICwURggCWGRgjSUVBpkG1s4LQki3YQsy00OGwlsY4ykNBDYIRJjQyCwwNiWApMIcCaNnIDbbrtD6Zatc48UhWyWAgFgt5wyJQyapuzqrFZlGqcUhHBCligiJaVRpBCZzpKOiBYRck7kmBlYVZpordUoIanWlg6BnS1NlhI5tSgFJAXYzSVCXed0KdXI6eir1uuCW2aNsLEsCxsRtpHCSoFlOSSnSEtKGYSAMCYlnCCyRFjYFmBCwoSwlQhbkqU0pJHkNAJhUJpAGS7IFkqlCGEhIRuPOSKFQkpw4hKFZEgXrIKRp8S2KDUI2pRtbFRbtClLDTBpF7WcutK1lgqcRpKQSYRdSnWmnaFiyaQTyUKkE7WcpFBRcyqFMiSwiIiSTIpCyyhCatmUzVAiMo2oESVKaw2EVOwIAaUUIDMNGZCQljCCMA4ZBGmQTShMA8nCRoCMLCJtnEgyaUmGkBMHYBHYSIQwGAtkKZRuKoGFQQCJwTQUaWNARCS2ybQh0wrCytamnBSlhoBsjohQaForlUitRQRS2jk1iaAStAZhwLbkqbVM167KmtxKKYAaNSpFYEshRS12k8KZwJTGWYJGcWYEEREWgkyLEqUp3SaFGkZqSk/YnrJNY+tnM1ozkSJH2yYsHJTJY1AzJjkksnkax1JDEaEoIBinSSidoAghuTnlIoGyNcvCiMB2lJAlMuezuUVLajGo2RHq1SEI4wKWqtPrYUxyYz6TShMCpISCQnJ6yikU0dWptUkKjBQOF0hwmgBL6lQm55QtQkoZQgXZThGpFioCsFHLVhRAVLUWigipTTYpyc2qRThbM4HtsTmQJMIJocSFyHBOY43AVkjpxCJwWkSjddgEdkQkJUIpu2UIRUmcSWCieJpC1K4mOChZwUWR6RIRpTM5tVYkhwhIInAJWpvGsRBRwqa1LCUQCrWQHchCzU3YSBGkkdqUOBUBKpKRnaUWpVKNNF20llECk2nATkdkTgqVQKpcJpiylRIKFckFp4sKaUu1dkBOLUOlhgKnMiGwjMImZFJISIlLlKm1yZPdBBaBIGvIChUZE6oqbWzzvg+R0DJlEqkoh2aF0xFKDCEsacrW1WITJUJV2RRkOiTsKEJM45RTS7WaosSUgug6kSRgNU9GGKedKChdJZ1kThl9AY3DaDuKILI1g6JCNkJkkQqRSHJaYIQQwhAYBAo7sUBYMlaKkDBpYwmBAjvCbgjbhUhnYilRAQwGQQS2ESE5LckCGwUyIaVBslII0gZwAqUUFdGcEUVSBFVyGJcWLZs1hUKNxG0YpJAUSEQE2SRSVjpty46QjBRRiOwaEyiEhK2cmgLL6awqGWFnCeESNWzVTrYyG2CULQWBM1tr6cxMS1ZEiVJqccuCkG3LUiixwZCZQioqBAXJNLecanQoABUBzhQhZKUShBNCYQA5JIQBBEYhGctCThAANkAQJhuAhQyBDFJgCxmMkI0kEoRtDKJYiUGFbAonSMaAhRRZAmgKQ4TAnmxMgRJFypxCNZAhyWlqNukJoRBmaq69SkQjW0YNI8mZaQmhiSZTJFSytVKK04hxHIuidEUR2LIdIcDZsilKFLKlJJBNEIJQSdKZSmdRUBBYaRdJhTCZLW3baRfJNkk6u1prravVeppGRZXUcgorkXBTumXKtoVKVilVasI4NXmKUq0UYZTOKrkZUBQiQmqtNTc5QCGMM9LjxDzm8/7wUAJnRu0iJyNhhJEBMAjLajisFChxEERLh3CGZRLkQAkOQJmKcEg2BhICAMsYgSVjgdKJCkoFCGQcyCLtkABJkJE28Ad/8Aegrp9nTiozMpERpYYibNslQgHNOS9dlJjapDAqCjBuRNTmVHMpxWAyiCSnaYoQFjaSJKWNlUYqpYBaNhylBtbUhpZZ+yoxTVPLVqMiuWVzloiulGFqknFabG0u9vf2TVHISEYSYEtySiHShGRDyE6QI6I5wxIGjI1AxkUkYWwTSKHMNLIAAoNlOSwDIWMBIDBgEDIOy9ggANkgEFYAi34OUiAVnCHbzswupAhF5DRNmFAgwDzTlC6hUJAZUexsDVmNjCJTQBJI2VpzBgW7eWqmynYGoQC7JYHtFEI2UYJMY6Ut2abUQopMlWKliFpr0pSMbQxFqTWlzEYCLe0SETLQGkAmBTlBCtkQlkkhwKQIsIRlW0HiMEbGMghsYZVwGggZAcaRQkiWlUojG2RZCpGYDOQkhMG2AUkkJbAV4FAmCICIFJBkuqEIidrXCozjBBByc0TJZmhRupAaZJucjlknQrI92YgiyTZIIZt0iwihTKvIUoRFKB0lJLeWhIrK6AlbUjZFce1KphTGMkyZ0ZJSSIfCUq9objk5ZQxE10lOFApna1KNKCalaG6mRFCJTBkUlL4ISbIt0ZKIQtCmJiF7mgyEQIGE5ExVRdISShZEgiSF3UIkwmArSokyrIcIBA4gGmMthagt6aq6KFFdShg5M22cEEVhXCLSOY5Za0exaJRQs4MgWjajWsvUUiadEgjbWJDGmRO1KEJGypaWbdu4TaTSDkQoGhPjFCVQRLioUBnaVEsnIcjAU5YoABHVluzEChWEaK2BapFUSCxam1SCUEWTMiIMYYjMVGBCzZaddiCKSDU7p6nUGrIdUW07p6YamJZpE7Ur2IlCak0SlgJJIsBWJI7MKR0RGJDsxCrCbtnIQAaFwuFwUQHJLcdsJYSxcBpspIQoEUKRCcpQJFmsZkhKKRHY4cwSsk0QwikQOAp25NSihGTbIuzAWWuNKAF2YtVaQgJaSwKBbYEUdlpWFIC0TOIoBRjb1JU6TZNrrSVam7KodDVcwAB2ywlww2ESRREapwmrdMWptAsBBG72OA1d10mhqBFuTiEiIab1qAik6CrJ5ESgsFNQakGAQSBbqWwuEemQ0jYGYRIJobSFRHCZZFII2U6jAAk7RJJISiw7QwYhyciBUhkOF2wrMVIxtiywkS1sB3KzcYoQzgi1Ki4TQBqUAjttW8J2cwCWJTtbSxtMygW3VIlAThMITVPmMEklikgUMrRm1EQUhWXbpJvTYys1gJZNJUqppFtrISxlc4gIAcYhiDA0p6QoRRIIOU2BEgpimCacJSqgtCxFpJsIGZVIN6chiTAIEFcoAhICAwgQNk0Kg7DBIAIaRDpDkQkgmxKRNgFpJ0YBFljIAE4jsEAWFsWkjaSwU5LACULYDYEVshNsIoCkyIBk2dmytbSptY7jGBEOGclWEWlAQlJEsW1A7qqwhvXUnLiR3USriiiRbhilSleEM1sN2WROKIo0ualJCjIVEUkiJ1C6UDMhNVJpIsAJdsomMNimJbIUUrRpMFFLMbRMUGAhFVGIoaqEIrq+N2ROgQStNSNhUCklgja2UgMBxXYAzhTpSRFYESgjcUBKIUSmZeRGkaVi0mS4ZBh84vixc/edxYHIbCBMCDvAQsYIyZmElFiAlDYNIpQmbIQFUmIBSKbIgC0yERhhI8lYCNsCLBCCNJAgMGCcEEK2CQsZ0VKlPuVJT0Fsbm6tlgfQjKTA2DgzakTKclpCipjaRDZDCME0TZkoWtSuaYpsKMiYaCoahymopYRtp0sVKtOUrWWpfRF2ZuIQdmZDdH0nnHbUSto5RVTbNlNrbVgXYjgao1PtkToJSZkOYUnYWBFYAmcipY0kEkmkmywE2HKADYCNSBCAJdk2QiblAGdIxhgkGYwAQ5EsGwJjLNkYBDgERsqkipZCpQSyjGW7YQEqRaEoxa0Z1VpLKVNrbmlhp6KEwC5diMBOU4JQGJNIliTRmtMZilLCCUlXixASxmmHCkq7lOIg05IEEcrmCDmxnGlaQ1hyw7SQwspALhEY1JxOjN0sJdkmAQRABIklgdMSWMYg20gCAiXQcBgLjAQiBOYyyQ0JZINsJCNMOLIYkyKAcGYIZ5qQwSDSKQIkIUgHTkUYwEhOpzA5AVAQ1NpNw7pGGJyGhMjR47Tu53O7ichslkCFcBVpR7YpQVIgBImiaBzGcRxLia5WQ4BDJQKULdPZ1i0iIMPVxWqEAmGhKEBU2jCZQBImQlFrNKdDQrKJELKiFuSm5hYKIErIUqgQitKmlA2gotJstWyhaNkwhGRCYZiGwaBSJGqQDtwoReDJYFKTEimsTCdZpIkkU7UroUxDOJ05KQBPzWHZGYroSpHH5jY1wk43UWs0Q6aJGuEAKK5hWk6SbEPQ0oqQmtOZLbpIMtOiRFGIdGsZUokiVWSSUmWwO6aWECFbaWSXglRI2yCBC0EqA4sSBTKikxTGlWlspRRKVwVJ2s5GUcjhdAlF6Sa3iBKmZXpKRSCFlLawiJCQStQITeuhZYsihTKbCDIjhHDKsiBUo8vEFACnnQm2RBoAE1iSFKalJQtDRFjgTIQVNYqUY2aU4rShSAaMSqlFbpkRyIVwKFtzRFH0fWlpsJPmKQylKKLg1mxaibAxbm0yFrIlkJAEWLLTzYYQFtk0TkNA1IJryxY2FiVI24lCCCszJSW4NdkRsoxpTkV0EU43t4iIUqpUIkAlZCQEKQGRmcitWc6inorACIiiEkEFK1saHMqpkUiSbEshLAXhapsAbBvk1jIdoQikQFIrIExQUZYSSrnYSJDIUMDCmLCNDHIaBDhRiLQlEWAjGZFGkk0GsiwcBjACZMvCJpFkCVtpHBmJBcYQYJAABQpMZNpEAEaAEdgQTrvaaUcpOMEgu6nRECWqwgYCoHmyIQFUVKOLokBTawZhkDNTEbIUAoo0JaKUgpQtAWW2lq21KJ0z7UbUTJxAKgKbNBijCGTSCk3TlCZqJehCSYlScmoWIYIALDLblBQ5IhoirZKBBHIAEYoosgwGmwBkkpSEU5KwRCJISQYJowjbaQclsbAtYduOQqaFAJADNQdyyGlJBkwKm5C4zIAk23JChCBEympKDMhCkkqphYy0JRHRWiYZYBDGgUKSnaWUtJ0utSK1NnURqtXpSuDADpWUszUlpdQSsuSWBsGsn1W5jWO6QSiNLEgcwhKZoFA4UnIQgJ1plCFlTkw5RRW4eJrGLCWam0mMySCmbCVKiaidSSZPChWpqeIWlIhIWSZbszMotUamS5WdGBtKEYTIqSVZIpozVFs6RKrZyESpta+k0yZEulQZG504cRLIAlaEMClnSiXJAAckYElGDiuNkEhkI4fkQAlCAoMD2ViWlXZIIKlgHCaJCDvBWAAiURiURsIIA4QgcYAQlyW5sZhf2L2YtFp6RRQFToSNZeQ0SCEbATklSpAC20aGKALh1pdu8oSJIB2CrpZxauBSSimRLRNqjallZotaQIAAo4iqgmUcJQCVyKbMxJYC2jiM6mYqQIg2TmsZuwUWQhhJsi0JMMICC9kITEGJwLKRMEJpBxA4BUiykUinJDBNQi0UIDmNlIESjJWRtJBwgBGyHJaFkZ0IS2HbBkepMgjsQGkRxomVzW1qSLbILKFMByq1SGXKKYQtYyAEChTk1FqCo6oocIYiSpFJue/7KZtthWotw2iBRKGYBJUSkmxnS4vWUiFsoegqFsLObNkySdJZSjG4pZ2GGkIlAiUEAC0BJyBMWiEshC0AhIxFknI4kJUiSFKEwbZsE2AUyDjARoAkQ2JsIZFGsrhCsgmaiGaEw6QQCRIQMgYHpHEAEBFAIEGOo9OJWza37GtnjKjqSStwJpSWGVIoSmicBqkDQqgI02yEG7UUFdWoEcUYu7UWCjndWlXQyZnNSrdCLaWQToMQWNBElIIT5DBAQlGMzQpcSnGmLdmKghq2sZIScgk729RSTcaSkWXSmc4pU63WKhGKcZoak5Gg1hqK5maDHKohTdMUBBUaUgS2pDATlkqUdJMdpQhamzIdVSVqa5PV0ooI22AooWyewlFrsZmmSSCQZFDili4OImrJ1jKnKLVlRmDCpisdRTatTaFSinAEGSWkTGdEzdZs5TBhKBFSjYhS3DLkNjVnc0SEZn21yASwyTaWqIiUPY1uOTlLjSjVuEAFC0/NQhRbLboubctVxaSNISRFQWptVKajyDmlQyDblFrAIjKztXSbSgkkQYQybeNibCEQuKvF2aYpFaEQqLUMp92I6rRBshTZWtRiW2ERttOTaoQiFJScxmlSlhIEdhtHQmE5wFhIMsayFYiptRCy6BRW2i3dMiUsIpRGBY8tVZyjUVHnsKeUojkjQs6pJaSIGpEhYJzGEiVKpFzEFA5pmlIQYCM7RGJJTtXQ1BoYyLQACIXTEZoypSgh2S1bNpeuVqBEJhGGSKeQhLOFSijAoJbpllHkTIVq17WWLZsUEaUUpSUsJBkkkGihCEKBaJNVWmsDAZLVULiZiAicsmRSkDYIpLQDWSZxCZnE4EAhpUGJZQsMGISVpE0AAoFlGyGwkLEBS1gCY8tyCFIO44TAhkyFjBAWEAiYpqmNLUpBRRJCOG3LWNgJQZAoSCQMUIgsLRvQyOIiGWsiUYTsJKJkQ5CZYJBEKdUCCbtls7ESqdZie8pWS5nGKUK11qGN5EQEVqnKKe0GkZluLoElbKyoHU5jCUlIaZeITDcKmS5qUwsREqpRCoAMYBAJYJBECqVVQpaNbFkpCYNDMukMCXCRMiOVskEQxhLQUNhWgbRJJDcRKWQsAAwIY9uAoaAmZCMJY9KSJCMZCJrBmYgpm6SIkjZKOUJEhA1OG1CAQSlFMUzT6LQrSgsMThuXolIKqWwt5FLLNI22pXB6ZApFRATFUmYCaRfZpk3TNCUlulJCYYtAIht2llJFUZettVCEZGWtVYp0s5STo5CYdPPkpsQRVU4cLTNUmooTSUWQtDRhZ7NprQmiVLtJEYFBEaA22SGNRHEKZBykk5RTUhMoaS4KQsPURF53w7WAmiNIgwRI6YyUZQESKdsUsCwHgEKkbclyENgmE0lSSkCkLQuRRDiRQEAIEpGOgJAbRBoIyzIgwCATKraNEdhkS8/mW4eHh4cXL+6cPJktS4mUaE5nplXkNklSKciGpMlCCpuwQqWWohKKKVtrLUpJJ5dJim6maOnMliWQHA4QFNxaMylkJ0BRkSI9ZDOOEOpKuKQTUZStadbPSCfUUqWyPDxyCKGQbSwFthHYKiIFYOwUNkgihbBsEWmEXaBBGAkwSBgQslDKgUxkEhhJlsMYFLKxJBKUicK2cJpAUmaArBShbBgWGwucTme6pQMyLdGakaIU2eM0QbGIKG2apChBGsE4jaFQKKKE006b6KKNrWUTRChRQgicU8O2THM6MwgjieZ0M7iWapSQpkouapmRmYoSxdCylShRcMuoCFUVJMLOMAaEsC2HMCgEqEhOKUpgG7BDyjRhZVgYh+UgbAvbkmyMJEMgK7FSScogYQO0oACyUyAJOSEs2yDLCoRAwpZIW8KEyETgaBCiJI37ZWaTBKWaVAFKMUQopYKdrqVTkfGwbq4kaUtRSRQ4cUunCZRSSFHkkHHmlOlsEZHZxGUiSkmbTBQ5TkKWI0pIBtKIEnKKzLQlZctShavdnFYwTQ0QdcopUEilKJMUkSQ0m+YIZWad1damNrZSu1JpmSiiaBymaRy7WV9E2rabW6kl026pUGYCKqGgKZU2ARmES5ANHLXY6WYJsCDTEpiIKCoqpY1jkiCFNSVSy1aiOK2IZpeQM9Mp4VRUhd2g2WQKI3DUkiStpRRRoqiQTmUENWNKIJ1ZaiXJnIhAuDnDniwpp2aTgB0K2yABOHOSIm1sKSQmuVBkSSkFdlhSLaVTBLJDUZCdbZrSiWLIJouI1iY7Q5EKsJGwQlhTaxKS0k6TRO07ohBBywRLyNPQpuZMQrTWpkxKlFqIUIRAQa3qZh2SuiiBARFF2CFaNlBEtDRWKLBRQeDEhEKQdpKA7ZaZ2Sxla+PY2jBlJg03I0WGaa01Z4Zs7GabElGj1L5aKGpECJwgKyghk6IgyEAoSolSIowsGtnGthwGZwYqIRsQIp3UEoQkO1vzlGPaIaWbnUWldMVSNoNzGtMes01jKyXIloExdliCkAQts5mIKCq2MtMkgSKilIjo+lpKKVG62tUImcA2prUpwQihrtSILiSnRcqBi8cGOJHtAOy0lNAAEJIwJCmsBiAibVsAMjKWwBKyAJBsEE2KEJYwgDBIIAUGDLaQII1AgcBIMgmSsRGycVMiGQOpBpSI6MIhm5YTDiCbWzoiVEqESl9KFyKEsyWlRAYiVKNEX/uQbFu2yczWEkhcajGtlKoIZJtQGLJlNksRCpBCCrkl2XCqiJCVXQmFaE7aOEwt00AaKUJROiCd6Wytpd2mybIT5yST2BhSgoiuViKoIcnZDJIARLphIwE2JCawkSUkLILJBpS2LAE4UWaiDIQKQtiykVMCBdlwhCQcAMbYtgEQgIRty5KxHAkipAZCwjiRwwEkFtjYSFGIdApKKUiUsNPZVAJhOzPblFNOU2ZrAEggqWTSGioQTNlymEIuXTVtWg/DMJLuSlWJkJNMC2GnaTKKQIEKUfqu1lKzaWotPbXWxqlBRCnGRJSudqUDKwQBsjJUuij9rETt5n3Xz/pa+tp1Xe1qUURVOnGm3RI3gR0puq7ra4WoUWf9XKUaZyZBM057ykC14EwVZToUUWopqn3p+97GBqenJuyU7fV6TfKQhzwEUIRBRqCUCEEAMmCblCwnTss2STpTQaTDQSakrQCclhOnJYOUAiNsk07ASQjCCW4pJSk75DAIKwMkC5rSssNgUMj25uYG9q/86q+maTmEgTRIrqUUhYTtlm0ap2yOKKWUEopao1RSCk3ZppxsN6eTKAIUTuxsgUqtEdESKSTa1NJTicC0bKGIEDjd2jRmg4gSMtCitZZuhEKhkKB2Xdq162WtV400mMSERBoRsiw5BdgAAoOQLWRAiWxL4MAgcCYQtrGFDSJMCgRShmxkGyFbRralRIkUhiBtEIoQYScysoXB43qFtL21hQICiKJWwACGIASJIork1oyzRDgzM7sSIvralwjb2MPYhvVoiaSUEgSACOTMaZoymXI0qRIRkSaxjDGXyYzTRGYQtRMhiRpBqaXUdLbWhGRnSxIjWWlLQpLCOO1srbWxTW1qKWMnYBtFyhiFhCKMCUQAkrETPDmREZIs42DCMiZlgbFAICdyho3ThFOBkYFUMYSRBIEENpYBIQXGhLGRrQBAtjONaNncaG3CSURrVo1QIcBOp8epZUvccmqYTBWRAZKRSLJN2TKdDSFwuES01trY0kaSVEo1gFtChK1sk0RXuxKISAkJIFCQLZ3pdGJACiDxNLUka4SqWgqBwxBCdiigKIpby2kIExFdV6SIiCIVRd/1AolaSqbbOE3jYCFACoJ0iYJCYHsYx2EYmp1ttK1EjihCAcy62nV9OnNqTme2cZyyWeDmdNauRlQw6VKiKxVn2qmQIvGU6fQ0TsKtTSGVUqEgtTa1TGihYtQkIAQmMU7nFCpRAiEnhlKjFCnSBiQpiqKESGcbxrGNOTVDhAVCwi1tp2UbLGwAeZoGO/vSla6UwHaCUdiZU6OFIkrpkKdpdLaA9Thla7PSRShChDIzRFc7hRJHFNLgIjkdSHIOrZDZmp3O1kCBQVJXVQpR1JxGZJvGcRynSOymKLVWJzgQYRQRUsuWacCo62bpNrap1oKz5ZSZrY1d3/d978xpHKeWzU3I0ySr1CoVm1pqV6PRnFYhSik1INOEimqJ0pXaRY1snqaGCCmkiBCyiSAiWmu2QmEcJroIFWS7GdVaSkROttRFJ8WUGMBTayVUapdjKohSa9enjWqEEKESpViQZBuTBHV9TyamBBiQG9gQCBVFSBElSoSMTdZaIkoXtZaaxjZoGMbMVBSTxsaq0dWSzVNrmRYyIDkzLYkStZSIGpYAMCpBYFnIkkMGpWxLlMiQ0iHbcpMkCwkTSgQQIIeNEQicgNMGGxkEBDbOloAtFMK2kWRABgsMkmQLQgmKVBiBZUAJUGoUilwiSqmdkrFlQoCxjExOzcmUDal0HbYRmeCQokRIQFAKODPslq2NkzMVBSgRRSHc3JSZ6SgRREiW2pTOVEBiW1EBN7lFKBSUKFFKFFlCBBGlICNam6Y2tam5TZJIl1BESUGCokQRymlsbl0pQUATIRjaAKSNRSCDIIQsAUoLm3SACeSQJDCWEQIkJGQpsYzDBhMktiFES4HkUGIEkhSAjA22FGFZISeWMHYGSkhCDjtTAFEWYClpdCEFpfYphaIK0iKas41Tyyw1at8pHFGEzCQkqZSQVGopNUiAQCbSkBkK1dr3vYOxTUVKikCiTVOmhRGRzsRQQi6li6idQkhRFODEEeHWpmmYxjHlzByG0ZnYtk1KoSiCsWVmKkiDnTY4SgQx5SiotSrknGRAY2utTUnadmvZptJ1GGdaGCMbIiKkKDVC2RJJyEYS2cIBRaWzbJh11fbDH/JQQGBLxaRTLWVjUljIQshCDoXkAJSycMrVsi1BhDABEpKQMJatDBIhSZLAEbYBghBhiZAALJxGWFaCCRs7HDYG09JRAP3YT/1EUZSYTbYs2V3pKIClUruamJDIGgWFzTRN2ZpxUGqE0zgF2ZpwgEyJYtOyOZtkKQwgahRFazgzSqSdiRSSDAp1ERFVinRK1CgCW7XWBJS1dKV2TTm2dXRdJgqFMoWEbQI5wCAEloQIELINtrEscFoEAmGFUggBNhIGEUrZzZaBSCQMoJBF2AHCTiEbwIkTk0HIEpQkUQxtwp4vNpCiRi1RaldrLTWQJU1urTXcFAoCp1MgRSA321KEDFgpSkRXK3Zm2iYEZHOSGJUAKyUXQ0SppQSKIlEwtXYqocDZMMrAwkxT4ky3TGMLLAMKsFWU6WEcp3HMTKcVUWpRFJRSIkoJQGClbEHaCWlQWNgZYCkIiGo5EBLICjtKyLJEYkAIwCCMLCTJKRnAGAcGWQocko2EBAhJzpQNkEUgOeWADEpRIRQhFbp+lg2ZiJJN6YlUs51YzgQMQWsNd7XvarWNVEoItWxRIkrXd1W1khqGwZnGTguXCAOQTaUopBJRoppIZ6hEDbtly3ROU+bUELZX60FylBIlIqKUiJAghVCESil9XxQWsrA95dSmZgWlZCbONAZgtV7ZWFJBkoiuK4o6m/Ub83kEmVm7iFoIYSMnHB0crIdVtrZej8NqPbZmwIRQaLletWxubjki2tRamyhSKaXWUMGQOY7TOA5u2bIhai1VpU2tqIZUStSu0qi1A7dpiq6EmKYsJboyL7XUGrPadbWT7GahWmqmQiFFlEAxDMM0DjJGYWE3p42c2RxS1Fqiqpba1VJ6UE7TNDWh1kymnSFKlChRaqm1U1Q7x3FsmYrAzmw1FIrATqdlm9JVSZmtkpnpAFBLCUQ2R0kp5DRGcjZHOO20FXWmxGEhNU8hPGUJ4chIZdgNVEPNFqo1mh0JsnC2li1LrQbbxoFSztb6Wd9ajtnCUEs2OzNqIWktASuiSpaik5SmOUuGsQyB06GiCGeCW5vamHZGLdW1ZbPTRCnFIltmZpQASSLIbCJKhHFQ6HAzkG5AqKDACdQSlmwkkU47VKwERUQpYStba26YEhFSWBlunlpDIkp14myOMCmUCpGhCmkTISTbLlHsRhQJ0nLLyS0TWQ6cDkULagBBNqEUtt1slegjeCY1Z98Vp+1qkc3NLdtYuj6AJISV4XABG4xEAlZKNiEb4SgyCASmWQGAhTAGsCWlLGQEFgZsSU67hIyMZNuOCNsAmBBOI0ilLAlbiCwpC4wEKAIQJMhNpWC5uFgg0qSbM20BTgtbtYcJSmaTnGlkFNi5Xq8EKjUinG2appWnWrrAjRRByOk2TRRhKRinVkKSRBiVXhLFtNaaMgRWqR1kJm5RAjsIMk02onRFaQiQJCFlponADoJswpHKEiYzE4ewAAxA2rKwAbAzRKA0CgxAJCBJmZYtZCkgA1IIYSNskI1QOK2wjElJaRC2QjJgCVtgJEcqBZaxJNIWICUEZFrYwkZUDCAhDy0l46lKEADCEKXIqSzZWoNQRK04W9ppnM5UINstS6glKiVMOhtkS2FQtrQkUSLShUxEm0ZM1xWKwgZas+Qm2RbCEJIlIFGEjaekOCIymxPk1lK2kEIGSaDMZpNtitLVghFQS2c8OSNBAVaErCglM51NgZCdbi4SCNQys7WIErVkTokynTYGgSVJRWFwIgvJUikPeehDQdM0ItsCBLaQUMpAWFaGS8ORAEZEkqECLYwBJQosy7IgwUhhA7ZouFgCUCqxCTlTAksAYCtCJpUoio1shTAZISxKZnO6RP2N3/wNoOu7aRxLyBGjG2kUERIIlYhsOQyjglKKHG4TpU7jmGQtJQls2W0yl6llZlMtpG2KSKNmFTtCCVEkZaZkIgDZEUpwmzJblA4p7TaMFtVVAlW3laANa2Axn7dsWAjSCiGcoEmEM5FQmgCMC0qRWAiMFJIz04qQnZIcXGGEnSEV24FlpRxCVoOQwEoMBkBYKiaFjJOAVDgdyEUIWeBsUACnwArZLhRCxTgTSRI4Qi0nAUUiIiKbm1traUWXRrZEWlKpRVbaqSyEAkSiqMVuEOFsqBTZTqNQtpYYk4RztN2VzqiWQJAQ0VpLrObMrKVIiihTadMwNrLrCqhGSU8RgppuBlmAABOERQDGtoVII4ywBXYqZAwGoSbLxkgGg8CAJDvA2IRwiAQZkDEG21jGltIpJAvZaUIBIpwpAIyxTRpoxgKUUYIka6l2TpMCJKehWVUkyAbbjREisBNCRNRSZCGPzTgzLYEUIUPa2GGr1GkaMqNGsSJzcrMLRIgWCkBRaI2IEqVl6/s+iNYatkKZREiWbAkJmkYnylDYRhEI2QhbEgBOm7TCU06hkJAKztZcUENJIoVimjJbi6gq4YZMv+gL0ffdiIdpnEVtbaRUOYZpyKQpFYSrU82JKRHCMoQkKaJ2fchStJbYDU9OBeCWxi1KTREtiej7aiulWgLCTBI2NFsJgZyZKXV9weBMZ5TaqSpFSJMptIawjRUIQAqlhW0Cq6iWLjNR1lKMs+XUWkAXpWUWwthSVzvboWitEVShlkk2BU4h3BpIkiRDTk2Sa9RSmMhsSUYVQqiUEDG1IRQpB7aiABK4qiKRbrZAiUkMAoWCsJMSanI45NbSQLacwjG1MaesXVUEoqVzarJLqUEkjqjpDEW2RkQgRxRoxjmhsDW1SQphmVCRDEyykFOEutITkkuUtKtw6UqbWmaCQwE4RCoQJUAl3UgmCNFMIIpJ5+gGVaIGbtkaRISwbEKhWoLMdE4twUiyjYRwGonMdPbzrkUqiy2pEFHaZCAbKJ1WQrHT09QUETJqtnKyHV0RcmupEMalFkGksqCpWRDpzCwKRSAkZabTU2aSbpSAUkpG1GoSUCALQ0AiKUE2IVkGJJqRABsHWHYqRAJYlrFQYklOCykAY0AiQbYVYdukEIAwFjIYbIuQ0wrA2AqBEyKzITkTaE5sI6dt08aQUNjUokQAnmSVEhEyGqcxh6TKE7gZSQJnKi0gaiiICILl0TKE5tVSUUlcSklc+06KJEl1JYxKFAdKIyG1sWWCUlEcyjaRNDcnKh2RGBlFBStKsS1FYBurkSJTWVxSElmidxhnS0cRQCaGyQCSwygwOISlNAHGhmI1JBFOiYQAOVNgASALEhEJgYnMhjAIJQYC20VqtiSR6QAjZBzIOCyE7QAALMuWJJRK0ogpJxCkICLIRkQmtOZMQylRVFAkNhYCPDUKNkJEmaaGMoyFFRGFbDZpnM0QYZtSCiAF1jRNkrqudrUbs0kIEcWZprXmiKhRHG5Ts0moQWZiCTssBbiUQpCNGpGSnW2ilADZGYSDzMDNWcec3LLWEqWkW2IQKLMhFcsFh8mcMmWKmLLJBbBdSrGhpRUyJYppU04lQoqQMo2TkCxR0mvg0Q99KHg1rCOKslkiIuwEITtFIlKODCuFnCKcQRjLYSUCC5swCUojYayEwJIcCDKNpWJAWAZABhlsBWkAIrARiARI2SYciRimcfv41sVzF4+O9jbmm5cOz8dGr5bNTZROpTFlWuC0g1BIKhGyrZrpJNs4kUSJEBElnQYshYqFaS0Vapk4U4EJRXqS5UyniSjINhWkbNlaRpBtQnKmIyKUJKlpGlq6mSc9/vEiNja3c0pLGEXYSSCDhZBIgSUbgEhspQhjIYyFkIRNoEwJgbmi4AYCAYiQMJZEYhulKBiwBbZT2BhFSSuUKUmkmBVNq1GEat+m5pZZnZmhYkNQItIpSSp2RpSWhFJICEVOOY5jreq7ipRJZgK1CCLb1KwQsgwKhe0I0kkU0zC4EbZxYtmZdogogbExGEeJaWqYApkZKEqpJVJNFGfLzFJrlZwZUsuJTAM4BJCTgZRSISLINMKSLBLJShNCghSCxEIi7QDbDpwOReKwwAaTgkTFTmwkLDAKSKF0BkI2ocgEQRpJiYvJFHIkGYBEZhImkACigGhjS7UQtglHCFVrCpQCGZBJRMsoEYSbTdauZktQtjaNk2pRJgiidgJFoWXIzcBEdsYTApEtTRqVErazJYJ00iTVUmxPbbJVUaldttacQDMU4bQjIrAjIlsDRQmcBgekJEVQui6naZxaenItXYCICKdbZiUQbtmcpShpkTRn6WJe5gqE+m7Wd72IyU6jNo1TKyqAUQlJYYdCttfrUaLWLiOxcJpIpXHLaVrnrOui64LEmRRnllBEILekhGWiq22aGjkrvYN0ay1FmrRUkIikGQfVmc5IJ1MLSQgpM1ubSq2yQIGQyMSeJJxRai0BMlaEJmrXORNMc0aCMJARAbbTLSNlO1vaYJytDW2csoGjqJTS1UopxZBO7JCknNJtkjA4mlCCCEtJYmyy5dRaZlMUYaebPTUsSoSwmxMpJ0xzkg0iSolSQ1gpq3ShEHLiaRoT911fahnaNIxrk06nM3Fmjm3KcWoQOBSlRikSlCAiQISMEgUlTYi+60tXw4qOiCrT0k5bIlQiwNgtmTy1ZmdCgkEIkqQ5STe3JENdhCvklG3KdGvTNLSpGQdkG4dxymxJSCIiSgg7naCIotJ1pZTSWmab0oJEBALLIgIhyLQ9RVBKxU5naxnGMphEpkSRAgUwTTm1yel0llDiYWog48xsdsvJabsRilApoVBA7echiUgnptlYaSFsyxYkWLItWUWKREKQyIQwcpBIljE2IBuFJNkACkMqZIFCxhIKY0tGtgwCKWUJpwVOgRRO2RI4QkWyBEQIybbI2vURkc2YEDbpjEBElIgairCYhnVm0rJly+bEKkUBqESUUiIKGVMmqdnGbLZYGBmMBG2cMpuEs5EZRZaMHLazuaXTdtKihqJmKBSoZKhEKaUg3GSTGEyouVkO2WkMIoSEHDa2bbXMkG2HoBmU2EIRgGypABLgQCawsVBYSALASCZkECgogR0IaCJICNkChyIIyQiFAtIBiUMOm8BYGMuQtsJhK00IJAfZnLYQyrBcohQS0oAU2dI5RVeCkFCICFBmtmyApBIFhGlubRiELFkQQTrtUDiN0ijdJGotXd93ta+lSiq1yE65hOSWzc0Eas3jOLU2gYOopSiUtiFKCauLYiudU452i6hOFALRCBUkGQClbWTbaVobAylqiehK1K4QwsZCwsqWtoVcHKiEpCgRtRaLTElSUEpRRCmRciCFIDElaomqIuMogeRMK4BQhTx9/Q3AtB6jyCqEAlsKUDokB7YCgYVSQoQVgMAyFglSUGxsgYRBSUo4AgNOCEmBZRnJINu2ABkJAkLGacsmbQtLxRSUpEnT2No+jvjBH/7BFE2ZU2ZmiRpWy+ZGmzJKRC2SiorM5GwYiBIlau26dA7DMGUDZ2a2qWXLzJTAKqGQDJIznZnZUChCUqlFUmYiy2RLICK62oUCE6WUEjUipChRSozDuqC/+uu/NLmYL1RKCbBly5KFURSDCCUCYwBsJwQmEJIBYSQEsiQs0jJYTpIIUGAHBhswtk0i5ALGiJCMJCCsIttqFoBwQFOJYT1IqpRsE6hlpt3alM6xTeMwtcxpatM4tmmaWmabjIggyjgN4ziVEopChKIgjLPl2HI9DdPYPE3ZLGHSmUiglkm2tA1OZ7aIKKEoqEREINmWjZ2kLSGg1mIyCsA0NWMagXKyoKtF8pQtZSmiVINMCYRVBRQcTpMWIYwQYcJItgyyUQGgSIAJYYEkI8m2kAEjAwgJGlekBWBhEuEQoASlcZExhJAQSqUA00IgJMkoAHAa01ozRI3ECViTMxtyIlNEAIqIqF2NiIIkhAoRkVO2ZkBRogYGKxSzvoqwM9NuUzOl1FIj5ExjR62hks6WU5vSkPY0tpZpG7u11lrrap31naKGFEWKaLZVQBERNSQbkIhIGFtLC4UbiUBFRWlFdLWWrutLHwos2+lEbm7ZGmBMUKKajBCJsE26QUYUK6tqLYE0q33XlQgJgLQVoQhw33elq3bDmdhkI+1UqNRaApOmJah0pYiglpItpzZBTq2lG0ahUNhpNwWAjVGgqMXCaaa0p2nKzBahKBG1GEUQUim1RFVRRKigoJmmlECR2caWmTlNU5smRQqVUkyEigHbzszM5imNDBGeLLtESAVZKjWKkEqAjCgRxqK1dKaEQrYt2Z6maRomQl2JAEAGBF6NwzSNioISK7O11iIyHAiTRUE6kUUoBIBAwlZRlEqJWopKlFJCCtuYbC5QS0e6KGQJFUUpESWwE4ydYINtIpTONo6AnIBEs0K0qaVbG5uwQWaaJmyBUTY3G7ClEAgrDXZYCmQJZCxFqKo0ZcsmVBQqRREOodJSY2bIJkyquITAoUByehrH1jLTUQKAQBmSm1tORJRaFco0RV1XoxaphIiudrXr+yrJEKWY1tqEwthuAE7ZmZk5tTbRnDkJISkEliNKCcu2LXCacZqEsQFQOkNCFgkgIZwoDSkCCyHJYExgMlNgjLAwEUIoQMaySAQ2EjLIxhhjg40wQpKRARxyGknYSMgYjIxtTEvsBEQAhjRtGiO6rlYiShEY53o9IEG2cVquV+vVKq3aVVFKFEWEQgqpIEvYLVsLGWcju1JLKUjOnKbJECUw49QyQWEbUJDpbIktB1BLV0unECabS1EthaIoISuKSi1dKQokAjmdLcGGkEAgSwR2Oi3aZKtEgiKESoQAElBCWmlZgobDAMjgcKZsi0RGEoFAsp0GMEYmjbAhsQxgDE7SSKEUCBSpkBWQQrIgpEyn5IBERqRVJMmyk0Q4MwFKgJFqrYpwc2ZzOrEEAjmQQgqcxh7bOLWc3HDiJluoRnR9FyUEiChRSw1VI9sEyFbY2CZdSkTt7JbTmKIohMCSogaKbFNigayISABkhBTFpoQyMUIBTqeEQYTT2VJgNzdUooQTTNRSC0JGhGoJRUQoBGSkM9MWinCmVGazXpIUIdJpUERmyzSyAme21rK5tcREhGopoVKlGsDW5rGoOlweKcEJBtnNaYds0QgAbGwCCUBGxsaWIQzYGUgy2AgcEijSli2FbRuEAZzYBklOIAIgsQkp0igskBFkYCW2Qc0NwPqqr/xaVOaLzXFYt9aczSFkhWpfa3QhgmieWrY2NXJSLRFCUqjW2s/nfbdACgVUY9vCrVnpEFFVa621CtwMzkxCimrc3JwYpLBUayFQjVJLiSoY05hM26Wb1ab8rd/5A6DJY8tUKEhsYRvCmcJJQxhQsRCSwgZhEtJWNOMEIJUOGRQgZBGWnGARRsKyAaWE0uaKsAUWxrIt0kIqiZCREIEN3tiYG2OXrhgUlh0RYRQEQlIpipjahARkOttUVfqu1K5KMa2H9XrdciohhaZpUlKillIjZIORaKSgRoQKtlumZJPptFqzpiwoW8s2WRi7ZYi0wWmHVFVLVyOiTW1qOU1j0iI0TW09rCVIuyV2RKGUzAJqaUAGSQbLIFmmYQOOkFK2yJQxaZHGYBlkDIAAm0zJBjAAYQJJIgUOI0tpmWKlDCFkLAHCFjYSCCQnwraNnZkkkhClRJGKoiqECYei1Mj0NGZriQ2ZmTmObWoiMslMNwSJcUsnYalEUZ3VUoutdA7jkK2BoxTS6WwGkS2zjV0NhYQUEUQpsVj0tYazhbCNBEIuQdqiRKiUqEUhEQpMBna2FlIpUaKUGgjAmdnSZHNiqaiUCIEsKdMiuq4rqkQ4VEooA5CiRiiUlpDTw9TGNk5TptOkkwi1KcdxKhGKIrmUKBFFJUIYHLYCgAAphIrU9Z1KESIIoSiY1hrhomjZTILA4RKKtHOy04QQRqHIbKSjxGhPU+IpQoSEnSadTotSIjNbc2sTSGAyqLZVFKWEIp2kcmwghVo6p0QSAimIUqIgAEWoGisiQGKaLKmWPj1NY8tspXQpZbZsSJYCkc4ERSCUEHJz1jS4WQUhYDGbSSEUIsF2KaVICmfGNGUtUWtJyyQ2EhDS2JpEQlpRMGrZAiQJTzm5RZ2pK8UtiWjTaAgoJVTCza0lYdq6lCJhZ2uUCGNDrbW1lg2JYRxxJuprwUoyJEkAGGQhg6gRBomAxEBGioiillkURZJkJ84Sxc3GQrVUSW5uyhqCiHA2k6U5QzJSy+a00yApJytUFXamuCJKwZ5aSpKEMQhZhFBRa5OxkG0hhXAqc8KlpclsEBFWYhV32UcIlLSwEJDUEpmJu9KNbXLzyNh3C4FAihRAgiDAlrDE1KSSINKSIEWQzogw2BayUyKbFcgYISAD4cCmSClkgyFSyICQlZIysQETIg1SQEtCSNiZEkIhBwISATJgizaNEiX6KZOWWJaytXQLVEog+lISR1EQFNm0NsokyjaWKEhpE6i5Ccm1RMoikDKnxIKQJU1tkrGQAmdEjRpp2zlODTC2Q2nZmJZTKIwKJHZzugF2RqlFON3GacompBpp0hkURQhoDhWUFhCAIgAKhMApBJFkGISxEoWMhDE4KGnLYRlQKEEGDGEAy1g8ky3AZJhECJAyDRCJQ8LOlALcTIDAYEDgQAYswEAYY1tJhtQyQZmTG1EiJFDaObUSkUKmRLGdWTONUEQIiAjZTM6YRBhEZCVay3Qb2ySgVknObIQQCmGkdLMsomWDAMuSmcZUKCEzS5QAI5yKyLSCbCMKEImKCQVhSXJOLSJUClYm9hRRptZsEOG0yCSKailjS5FOj9MUEaUrTrVppNbAEFMmiEJObRob0bpawel0Q0wRBTlQNltOy+k2Dmi2s3Vs92CvllhPDRtbUSi4OQJBIkhAAZlISUrKVBRnhmQMBBhADmML2UDDIGEEiCsMkkEYIpxYYGPAiBDYICsVoZaoGEcJYZA3jx974j883m3a2Nhs01QKMmNOIkSGYmKSVEqxaVBCNrQ2tVQphciC07hNmSGVYrkECEE2mxZIIgnVUjJsDJBujLKrIp1OG0fIJgjZzqm5tXTYLRAReHNjU+aXf+nXkGrANFJnEBJgHChtCUSAjYSNILFCGETYUmRaSE5LsnBKSjsEuKRSliDlsCUskSYwkgEMEukMA5KF0gYEUoKMJbAFXHPDtZan1oowxVHwFCWiFNK2pXA2QgUIAkkQIci0CHuanIWAUkopoRIRJcA5JooIZxYwzZaNUQnITGUqCrblbDm59aUvXZdjy2y11JTCDOOYTqczVBRYma1ldl0hVFRstzZGqTVKGuM2NZUaIZFAkkCT5bAs4ZRw4gIp0hkAUssUkiBNhGQMJlFgCyCJsIWRsGWMA3OZbEJyEmAJJxGADaHIBDWQEQAyTpDSBM6UUwE0AbTMNGCH3BCqCifCQhKgiJptSrlNKbVSamuNEkEpEc0KIu0QJM3NzaWr43pIUbva0spspBKAQFFaa6PHUAeOEBLp1iwVFTU7ogivx2ZPnuhmXZRCc5RqWmZmc5RAQgUwFoQECuyQUpKU4WIZI8zkBhSpFDBFJZlauhRFqU7AxlYRLqWkG4L0OI2G6GpEMW0YW4nw1AYUIYWcKBxWujkdtRQkRVp2pptHiCgKaGQplKk1BU4a2XXdNLZ0K7VK4bQDTy5daYxulFlYEU6DW6qGUF+L7YhOUTLbOLUiJaZFKW4tp5a1K6HIaUqDiOLWkDFO0tlK15kSZGuZ0xiS1bmoEGm3looiICJEGLs1JFuKUMhKEFKEnBNuRpKjq6VUm2mYalejSLZK1CiSsrV0Rim2W2tTy4giKWkkXVdLlAKteRjbOK5CkbhNlpsgbUxIU8uiqFGctu3EzTmlCZuoXSBF5uRpmtI2WaMU1NxQkolcQiGFqlMiMjHGpA1uzaAiwm6tJSoqaVtZ1UVVREVApBEWCWS6teZMAAkRFKdBstKeWg7DkFNGKU4QKlUhG5uUhA3pBhERAiGhCKkqIqRAStOy2aSwgkxKkcmpZXMJFaH0lHZCNmzbnlobbVOilChRq0MtkyhBOB3qotQIKaJ2JdRFKUDLli1NSGWaWiRIIqbWMLWUAAlwKELYGYqqEkiEIKUmIpAlm8uMbEsKY9kIGywQEoRtG2siC0BYgdN22gaLgDRhsBLbdgBYkpCRirEJiSAtHAJZBlAAnkZwcxKllELQcOYk45CizGd96aJE1zAwm82jVqdJbGNaNiBtMiOCUCgAWliEJGjZJBqZbUpTS+m6SgQgRdptcmazmdo0DmNOLdNIpEVEYDCAZBIr1MAtjYGIiNIJT1O2cZhaixKli1qiKAohycho8tRy9NSc2AYiBUhBNpCMDQZbRkoRmZYxiAClU9hKC4Ft4cRIgQALhSwwCQYREpGSZEAYwAEIjMEKMCZAWAJwOCyRIYOxwUApIcJ22i2dzSiJiBohEYRIZU4tbbdsrRlE2B5bwxZky3QO05RjI9UgcUvnRMtESqurNWoXqJYSIWeCQxEhWgaqpWS2cT1ma4IoBWyanTYBZFJDkq02TOMwZktUhGyiFiSStMmWLVtLmyqRU2uj02Ayc5o8NUJAksN6HMYxACvtKIqQk5Bq7bBbc2aTBJmZUWvX1ZBsQ0SpNUrfzUpXszkzM5zONrUSWo9LVT36xR7NlFG7CEqC0y1JFGTiRE4AGYMFCGwCOxW2kSSwLUBJEwhAkoUCYxlhg2UpJKXCQrKNUEOCCEs2NkgCKZxOip0BGBqMbTp56liDH/7RH0XRcgrUMktEKYoI0+y0E4xUQjjttG15msbJKSIiWmsSKWQXSYpmhKRIM43jlGNmJg6pqCiiGUlRChG1dCVqSKWU1qbMzJYt3VrLbI4IlVrK6KGUjVC5+947N7c3h/VaKiKNZUsSKQQIGdIIDCKRDGAJYZxYBmxksICQMwALkSCEUbFNwSVtBCCQhJCFKTbIYbBcpADjMOAAZyIBPOQhD8up5TTWUku4SorIlpnZsIRw2m2cIkooEC0bVsu0nbTMjKhd7TtpamkwACSNbG1ozVLLzHSmM9OhpiJFAILApajUIsu4IACVRG6eMqXoahcllDhxukTpu67UEgSSMxVRI5BKkSTbpFtzyokLApGCDAknYCMJybYsDDYlQoSMQ2CnMJaRMViGAAcATgnAlq1ERhY2YCdgnLJTacmkjYgMLNsisS0QGDtFKZRiAFkAGIXdBBE1pOY2Ts127QvGzW4TQdd1s1lfaimllFotpzPT2HbKWEqcSSmqpdTa9bVz4swps6hYalCI2vV912XLcVwhSwDY2RJTapFK2Eg1okStsxqQU2uknaRBRQiw7ZSNaS1bkpmAoJQSUVItp9FubRrtDOT00MY2ORzplkHtagjslmmbdE6TW8u0pFK6ru/6jb6f96VWiKCUCNVS+14iFEghqTmNVGpU0ulsbTIYSJWqKpCzYXJ0mzyO05itYbdpLFWKKBYC8DSNbcicbFtMo3Nq09TaNI4tp3FqbQqFomLcHFLf19YmhSpqk7NRQ6GKSqYFhWhNiGa3lk6iVFmBTQi6vouuOpBB5JQGskmEApeQRARASjhEQGYqUyqlqyphUkRx2EmzijJx02RIt8yU2+QQyKSmTNyGcRqmcRqmoY0KRQlFqbXWWiQJCUlkks1ktmy2LSNZqhGlKxEqNbpaIds0tdYkSSGlrCghAtlSqSUbbcrWGvI0js2TilIoEGGIkI0wOAkHXe26riM8eZqmtBtEy4lMDG6AS4TCZIRa0uy07bAty5A40zgBVRVFCcCFDEVmrlbLaRwzcRpkg2QRRUk6E4QkOUp0Xdd1VaVIGJCUzkinJUtqYBmM7RDYKRsV1VIiIiIERVFrLYqoJWpQUiEhYyzjUiKdOaUb0KSMKiIUKiHjhFIptZgGSrfWsgjTTKZJGpYgEpHCNpJtByAlto0lJWBUrHQ4SRRgHFLaYCcSIEhIQZpIWwIEAtmOMLZtwlgGjLOBjADkJAmngVICJAtnkhgSkxR1pbacFMJCrlGLSmazHQTCMEwTqESVnGTXdVEK2JlWSkJhA0yt0dJSjQKeppbNWBJd181mfYkaESEA24Ak1RJFpUSxMm0npZZSS0SRLEWo1lprrTVCpapEqVGKiEI4hVApSEqyJQ7bVtDSJNBIIDOBAAPIRQAGhInAQBonliQkLAEWyEmASZOyA8A2TocJhbCNbYyUdtqSlcZYsiGwkZHBKNOGSNkOxBWBLQAaICkUoYgiS1goFFJqnCa3TOc0JaJ0Raa1CVsyEQp1tZfJNo45gYsIK0pIto2sIqOSSEyZKiVqSNEyk5BCoYioEd2s67pOEhAqNWotpRQsNdlWlCi1UhS12AAWUaKU0lq2lhbrcRjWoyIitF4PmFIr4bQNCpWuKCpSUXSLCthpECrRSUGmcYQsFJIiFCWKsDKLopSCaK0pkgjbxSDbCAVI6bTHFvDqr/7aQE4T6Qw7QnLi1kQBCRsDkRZhYRJsAzYQtm2EZaOEQGmM7AQBQshIwgYlgJSy3ZRCJjAIKwmQbBsgkRVCkoRCyDmNze6Aj//4jzHe3NhwKLpSo4QiikQpCqxxGKdxGqdpHCe3poiQIkIm3YJwQBLGoUQAWKFSai1h4UQElkXm1IZJULsaJYB0MxkiUNf10zQ2N1ml1BJVwpmNHNapGk998hOAjX7RpiwlTIKM0uAwAGkQIQmU2AVLMhaWASmwAIGxZJBxAUzaXCZJNoGcOADLFhbNkMg26UAmJUBgAJE2lo0Uak7Ey7zkS9baDeM0DlNOsjFNIkLFkkopte+6WT9rbkVRoiqitdHNtplculJKUFAUO4dxPa3HaWjprFGIqigmFAoUoZDScqPWUMTYhjEnJ9j9rMuW49hKKVGU2cCZGSFsKdSV5rTTwqI1t8xpGg2KQkQQRRG1qBbkKCFKAAFYAttpJwDhRGmEJBssgy1kLIwRWCiLjAORZNiWbQuFjY1k5EiEJQVpSkggq8gSAmyBwGECwMigJBJMCMu2GwZQ2pSoNcI4c7KSUtI4WxpZIanImFQ22xaAIyilMxgD49SyTSQRKkWlVmdmtpbNWGIcR0u1lJAM0zhOrQFd1xWV1lobGyCpkW5NbkM2m1Kj67q+zqg1AmdmTimAlCSVEgGtTdma7JBDpAQIKRIbAlWJDJUoEaoqhJoyJxtl2orWbDc7EzvKJNmTW7ZpynR16Wt1CExgIKmldrWikCypdKVI4CguXY1aiHBzplUEmjJplIgSlXQXnaRSAwlFQxF1tLM5QqXW2aybholUKTWEnQJFKSGFCaUs3JzptIGwROIgRKml1M5Ot1YibCvU1ZCiRHS1dDVkrMRqmRJSYEQK4zRgE8ayW/NYsVE4PeXSGaFJtQvsUiICexjGElG7atstLYSkJFRbjNMUhYg6X/RTplB0pZsiSmS2CCE5c5qabRuRQCkBEmkCUihqBbdsRZKyNeeUtSstsxkRsrpaLTspJYwNERqHkYi+76fWyEaJguysXc0mmVBgkCWJ0trUaIKQJCVqbcqk6zpJskxiwC2nUAFIFNSuIx1kc4OoYammpja1IKJIIQGK1pptI1slZBG1q4EptchpWjrASZQSJW2nCUIVY6cTa5psKRSKQHRW2iiRwKXrok2tyJTO2caphcJh2UhOp11DKci0oBnSdihaZi0xtcmZKsrWnKQjIqyUmVoahDMjPeItsFQNzRSUIIwEBiiQshySCQuwsBOFMq2QsNFkK5AxKGRbliUJYYMsRwgMslywHUCAkYQR4TAmTIpQNBOkZFKWFS62JQBkUAGRLcOgUCmCaZyixHo9hiQwTpI0EsKIzJBCMlaUMC1tLAsprEaKpKGqoBDCOUyDDVBCQ2td6UoprWVEIEwEapmkbUtyugFqETFNjuJMJw6rhDCSsrVmK4QpKsiTPaUjIhPcECaKlGEchEhaM9B1FQjCOIWxQBaEAyXIOIQzkKw0BgjZIGEZCysQMha2ZSEC24TtkG0B2CEQtiRswolkC4ywJIxDMmBLCbZD0dJRCsRqSCCKLWebZJkspdiZFlIpFZtCGqC1FpIiiohSTTqd0RqEOuSIsDEoG9AyAwmHIklSpBshq7lJIacibIUgIiwEjq6G7ZZkTopSC3YkBGSmhBStNdJIKMepJS5dKRLdTDIOsEJNrjgokhwBluTWSCh4siGNlQphqygdborqECgEmU3IYmxTNpdaQiDCpbVpElAUxW6ekhJyWNPYxnn6lV/+ZYE2NdWSzRayJSJkWyIJAqUlQAbLSFjIJklJZCpk45AwUgo5hE3igIRASAnCWBaWACsBkI3ABiHASJjLbBBkoihqE+N48rpr7rnrvjtuf8bNNz1479xds26jebSiFgxGthFYTkeRFC2zKKIUnC0zaSWVTqIICCTFFBHILRW1dpmZbhGSQrW2Ngq7JRL2NDWwotDSZCjSdriERKSzKMZxCjD+ju/6XojZ1uawXtsZUYwNxVg2lgCDjAwhUMOBRdgJAE6MEDIEgTKxMEiyJWEZWwgMQkBYVqYjsGSQhQwhpR3YICRISSDskKIZ89AHP9Rpx6QyJxLjJkS2LAiRY4tCE6JMUGhYEFGiOdMuGaUEmZOIKEG4F56mRq21K+FmY2yHlSgEUpCZUhSCUGuJZFxKRWQzLYWSJsLGoExEiUhSRiE3gxUoEc7mRlPDoYAmaWqlBKa1BiBZCskYgAglFuKKsCyFnbJsJBvjIIwVdobklGULDEJKFJgwtjNIm4AUSlnYGQA4ZFGSNNgSRrIdIqEAyInMZWkEJpOspR/HdU5TRB3XY9eVrhREKZXQNE6tTSATVdEMDZUsqEm1RrGbU1hRyZxa4rTUxubI6OpiVlprk1xKBWNHFPXKlhFyphRGRUoSy6muRLq1yQQY26GoXSdhC7koIFubANXItAxSQUoQzS0mKKUAptRO1pRjqDTaNLlKkCJAuKgQGQKZ1saudKXG2FKeFDUl0oJmZFRKiMxUEJC2sVPRRXFp02TbpJECGgKZrqs5JUHLzJbqou9m6bSbVHJqCheFRTZlDi2zdLVEsbEzSjFqbSpSKQWKs2WgRmMyQUtJBKFwKJ2ZlmQlqlHU0tM4lFKiSopszVIQjixWNto0lhI5UWZyZiklFIJ0EqF0LREJiGE5JdraXFSVKS0hg+i7GqVCjmMzrZSKwy3TkxtdV2tX7Ei3UGnTlHaRbKtEREzj6BRtNAWakugqaJrGKF0NpgkibLeWSrsLwLaKWqYTMtWpZcMgB2pQaglJqOs7FJASKYpUasnUuB5rVRpITCa4IdXaZbpU2bg1TCk1ws6mUEskohY3WhspxgUnCCEsFCpppDATdo0wRsqWmRlFzVY6SjR7GqYkpRBVAoiIKTMkQqDExoiCsihsiCqmNoVqKWFnm5JQSImnNtm2W6alrllME3ZAtpTlWguY1qZGiVKLQphUaW2KiNJ1jGMmtRTj1TDW2iFNbp6ylpq2hE1ECLBUTDZIA7jJQsgGyQhSxjgMDikTBTaRtoSwU4RlWRZGysxAQpZIE0hpwnJYyLbAkoTtBDkNBkwiMISUzoIsp4QMygS5LyCmbALsUORkF0HzZBtjEUXNzkw3qKTcJZatUMoY22STSinZWgtFKWqWcSFAWTKniSh2y0RSKWEpIITJaXSzoyrHtKhSEKoBOU22myKKg0IJLAI57VAojAGnVeTWgKZwOoxFtozADmPLLQlCRUGhUsJAhAACkJKQUoAtlCAZW4mlNCFjWRaEnTLGQbENIAtAkmUAkMgIbKHAaawUAWADNrKJcIKNwpmSEwUC0oBRggQGEkySFglJKxnIzmnKriuEAtuRrWVONTpHraEMJJlUChBSqEJamRYmik1mK7WWCLe0DLJpbtFSBCAZKd2cOEmEG6kIrYfJdkQAIYSMBbYlkZIoAREY2yWEIxoZLjWE3UDq+9oaYCDTCjlxZkQxxkhGknHicEQppYi0EwQFEklFpENV0cZxpabS1Yg0TjtUiJJtkhRRkS2kUk0Er/aqrwYsl0ezzQ3cCqESzWlbxoAtgwTGWCALEAITyDIBErYsC0SARYAlQySWEwIETQ7LMgrjkO0IY7AwqEmB5YRCmES2RFJEinK0Xh7b3r5ULrzru7zr7/z+H/azOTCv/XqcIFFkOiSiIjNlKZ3w1KZJqhE209RqyFIpxVKbmmUTiGkyEjmWWrsumjW1iSS6GrU407ZM2ioSCoQIimQbnJYtRykRhWFabOzI+WVf+ZWqYatlK1GMjYSNAQySkUAIZ0pYkBJOIQAhkCFJSWkLEHKAAzVk0gEpsJCcVsgYJAxkhNMCYzdFQCKwJEgDYCzCQzbBK7/2q6nIo+llTGYp1dmihuyWE1KCQMLZGiGSACfZDC0VQGaUKolABbLLcXRrSdiGKEWgtBGSgESVcCmttRLFmZKaM1sTUUKZzmaURSUUKpGtAaSiyIhQCTuVsqQqjWOmpxJdiSgJ1VNrRlEEgCQBEgDGSDgt5EilUNqyHWCQsSCxJBpSItngsAwYokSSZErGkULCFmlHggTZIMKZBVKSjJUgDMKW7JSRkNO2AAmEiKk1TIli26KfdV3tmjNbay1rVxWqFBwW6YygObGlUlCKIolisNNkKTUItSwVrMwm5LAIZRqcSdBaSkhE1NaawEWKIEVkUnJqkoPSyIhSSrEnXOTMTAoJQipV8tia3SSmTE+t1FC6WWEQUQzFtGnKEpmiq8XpaWyliyhhZaEQzsyWU6StnAROKyCLilGbJoTCUrEz3YpDEdFqsyGdatlMYpWi1jJtgSBbOjMgXBxSOLNhmTZOns8iitKKEgFJyqVUAuzEiighGQmNU1OWrriFsCkUhQiDp4zaRWiazBWSonicKAVQ0ZRTG0KYoEZxWE12SnRdaWMzdpMSCoZ0GirRaNUQiuap7zrV4kYrqVBmpgSoRJsmk6Ci2kVNso3KKUutUQuhnJpsg7ETV7X0uFpWKWoFIwUEyi7shgHhlg4FEYhwyzHHHIlAJSLkyVYrXU0SFEEzEBE4sZ2kJNPckhDY2NncIKyQwBmptF2iNrfWmqQ2JCZFAQWkstGcVkSmoJQoJZyOTk5MUyoiEmRqkE5nCkFIpFs6I0IRJd2UraVCGCd9DWNMNuMGYcvNSDiRoghC2QwSqjUyHSRpI9m2CUBIRc6EAp6mJihdKXT2ZLLazcYupYCdGINDQQSSc0IahnWUgrEtYTfSEUoIRYTcmtNRCykSRyQmwtgmwoANIlIZUtoCkA1KpyQRVoKcImRMKuUiJ1iEDcgStk0IG5K0JYEx2BI2FkrksBqyHKmGhZBsyUpPRJEDyU6gyOConaIqEjkcCemMiJaTjEK1RiBJiGJNbkpaZiAJI9lWBAkY2xIGrBSKUtJGpUQKiUCROQUCrIxQEBS7OXFEkqEI5wACLGgkVhMFS7R0wbhNBtcIU0m3kMcpQ6Egs6WlQGpja86u1AhH7TJbSxvUDIHTJoWAFCGcyA4rAyyMhC3jwE5lCASJSaEMhzHgBCHJKUeKbEkEpBBYIWMACVCKwJkRMiItg4QRmY4ITApZRhhoOTlQOs2UWWvFSJRiZ2ZaUVKZTqcJJFSCqU3TZFNqhCKzBbJCcgQt8dSQa6lCIMueMgU4VFSCTABnS0ESRenMplBX6tiGaUoFRaFSZQzZMu0IBSJozgAsFcnOtETaRcU2wgByAimQSmNCikK2yKkhlRJSzdZQ1CBtcE4N2WmViBAJTgiFs7WkFZXWWkillHSWroZCgTLAihRMjRI04TZdd8MZYD0Om9pci4RwhpUylmUABzICY1wcxshGAFIKMAiDhNMCSdmwkhBZhAUm1SJlAVgASYZkJ0iESeGwSCEgZSVWCdJSM5Loat0/PNjY3vz9P/ijs+fuvebkNbvn7vGib84uQ6ES0dLpJsnpVItQKNI5TGOnEtBs4ZYUqUS0nCyCQCnChcxMh5hII7s1QoViS7JtwHZG0iAUCmNDzRBgt2E1Drmz0z/xqU+e1utrrrt+GtdEMZmOwIjLBLYtAbIMgLEpcgLCCQIMYAEyBiSTQaSMZYB0hA0g2wEyBoMykNMRwjQpZAOS0yAbSShFJCr16ODQ8KibHw4uEdDSjlIKSgkDIewCCmcDTJQQ1MwGtiRTIFsSKkFrLdM0q0SJMDitCBkcEqWIlJ3ggqApQmkFQTTbTmwJJGOEQmA7lUhICjlt2RJOIRWMPLWMECrZWlFQZDvbhHAzYCe2pbAMRhgL2WFZCZKwhE2ItCRspLQlANnCDmFJgNM4pcBGErYxWAJjbIIwOCBlYYwDpRRgA4kUOJEVQa1BEDaQJptxqkYpNaRG2ogI5TCsp5yKKoUg25QSSpUIG4TBbRrSoFIKTidoytLhphSFiJKZQTjdgJAkQ6nhluAw6qqsyVNkkZSTo7ZSSyimbG4ZJdKNtCOHcXCjnzmis4JsCtUaaUjJzcJGJcKWMw0ZES0zJSUuUXEqJIWEULamsFG2FlZ0YSMctU5Tk2KaJoNQLaVlgyQorWQ6giaXEpixTR5dOjmzQUsLRS3GY04iKEq3yFKiDNOk4ijRV+fYIkJmamNFlkwqAqMUgRQtm0SU2itaa5MEzjbJIpAUuHQVez2O4FARALJUe3tyoogSkjS1dHOtEYRLKqMJZ9pGbtNkuzgIt5a1RJJATads2SoRJrOZqF0taBobSXRlzFEuXS9cElra4dLVEpGZ49jILKUQCkVUShS7ZQkkTO2rcY6N2oWYxoZcohi3yVa2ZimSrKUvNVBgOxMhlymnsPq+BzNZYSmwM5tCpFsat1K7iGpnWqrSmrCabBsoEciRSie4SInToGCCtIpIyaSU41RKVUhRnLTmzKZSjEFpI2NFCZtSNLVGShKGCGM5gVBdjUfpnM36NrXDwwNs1VjMFrN5n5Mti+K0AWc2G0tkS6KEyGwirCpl2kKSohRHtkYpalNT2M0Z2XUxpYZpwilF7SrZhnEqtdQo6TRM41RCipItp9bccmNrI0qM6yYiImwcto0A0mkQBiSkEoRSFioKC9IBtkMyFkojBLKNsJAASDIckp0OyaSRLGyDQiTIIDmQRaIQLV0sYYMDnEgYZMCYTEJcUcJOicDNGFFBMuSkEGGy1JArbRpqCCJKZMM5ibBsERFCQIRAILBCrVlyaxlSSrJxGoEiwm5WZGtRLFlgsLEBS5Mo0ePJY5tElpRKkUFkNikUEQgEttzssDNTJpWKIChy1ApZpMFgJLAjqNGpKO3ijJCwTYSQcaoUJGxEGONUYGwjIWODjWQTUjqxJRthTMqAU0QGwikEkoVsBzQchDFGkp2SrMQBgdOhMAmIkiQEkDaBrHRaAqIUcNSQqbVIaranLFFQ2jk1C0WppVTbrTWnbWdmZqKaymzZdZ2kTNvUUlzcckJWhAApRUggKUJQqgK3DKcpQMqlyHiaBpvZrAuFM9vYHAqJQjTZUsg2LR3hdNipVEZIKacnudg0ktaKamZKsluUEiBANNsJpEqAnClJcuLiAKczG10Jh5wh2Qopgy5mFthWqKpLO3OigcJGZkoj2yVKrI+OFtvHFvPFcv+gnr5mHNKRiQBZEjYylsFKHIRlmQxjRGAjkIyxAmMp7MRyBMogDWnZDizCBQnSFkAgY0mJSUuAASJMYskURGYTYSRbUhp07Pip/f1Lb/Wmb/HHf/KnW8e2V4crESpVJEJYOKdEAoxVFBnTMByOq67r5vN5kmmmKfu+WF1mWs4WERkK21Mbi0vpulCuhymk0nXOTDlCGJVomeDAUMBCTYSx1UxXAvHJH/8JwGw+Xx4dRYRQBFgklgWAwISwEgsJCBIL0oqwbSxhkGWMZBCWsXBCuFgIIwCDLDAOKbEsGezEAhlAcqKCjWmmBC0t+lL2di8B841NPBCBKFZOpqZCzpzS4FKK061lKVEkJNklaoSjpU2G29iC0lraxpnNYZKMiFJqc0oYQ7g1A/bUmsCmhEoUhG1BRFEpabI5FLUrmHGaSg2jzBSOEm0Yo9QASYhQNVaEilq2sAmQaYqosiVDKIpEkigyiZIkSjVIGUnGlkgQTYSxLWHCsgy2AhAYbNuETOAgmiwTFsIABmRhTAICAqUtbIRtQrKCxAI7RJJODAJwjkU9Ud1yakOULkLj1EJSlK6ftzamUsmUxlbXBTk1h9SmNCZFINLIiWVTcbOwVABSdsLkVhSBbNIWtixDKRHKNElrSaHJMqEwVpSocmsts6iO67ErRSUURbadhELRPGGslCLUbIuQiAhso0wbFCqqIQ2tlRJ93yOMiwqAs5QKJsIticCuEYiGg0BMOYVlBW5IBmfWUsZxFA7kKojWRizhRGQrJeazRTqdmTgCW33tCIELamFqoaVTSURIUkuMU1kjAk2ttXSptRARnqbJSjlUVFQspjaVKBicIJRpImWj4kSEEUiSimXCNnKbnDm6oYpqFMkAKELp6CqJ07arIkibCCUWchThbOmWFhmoi06Bk9bWtXaBsKZsaSNnTtkoXVdDhnFqZBOa9XORDdqUpUoRJoPS93WaksR2I8NhjJuNQpLAJqOIhiFTzalpUpRSBEqn7dJFNlSigKNgIrAFzmZKmZxSIVooMlFLinLMwBlKKCoytg2lVIUzs6XBlmrUdELUqnQIMIgIuWE5LES2LIQLzQZ7anZzOqJGoTnPnz0HMZt189m8n89pzVKbsrWGrYgSZEaUCDBka2nXqAkQ6RYEUkFkNohmRZTI1iYCK0ISbgnNmVmiKNSmKULOxBERGNyiSFGAfjGvEc6stSZZuhqAoCFkFErbIDcnGRGhglGIkBTRTMEZXCZnogAkY2QQWGCMCECWjWwBlmQh2wqwSSwkAwk4AVuBwEbYCIMSJHBR2KRsWxIOkQS2RlMDaACMY+t704RpTG6hIBzRhRtumW5YLdJpQUgopEDKbE4sF+OEtAPAZFqZQq4RrSVgJeESgSJtZxqHwnYilEwU6GuHcBKYYLKxu640t0xLlCJnMZQapZRxammTTcaGUKAGoSAEmCylmLDTU06eSu2IItMQdhKkJSQsJ0pHwTYUYxnAQgqbULNBki3JMknIFgSkZYBAKUdiJVISMsigxNVOA0hCJoFQGjlQgyyQAiME2EgIBaqEwLYwSHbQFOGQCKWRnIRtAIVkO0KlVBtwS4MybbUCxi2bnTZJE5qmiRK1VhGQrU2tIcjMEFiWhUIFHMiBLDsbDkWUzAQoFBcbbABFCAin05OjFkQQkiNiHCdnM0KJbDBOuyUCSaFwkFNTG6PUiMjW0jZ2qBCSW06jI0qEBCKTQGmwFAlOIxO0KQmXTEqAImRk46m1cb3YPvbKr/5Kv/Xrv126ri2PiiNCBsgEDAEyBqSUZEupDAmTxWqEMAhsySQShTA2DgtLkGE5Ahw4bQjShBxWhuwAiUQiICFxhGzZdlCErbQDYQl7yuHUidN/9ud/9vt/8Nuv9EqvNXp/3m0kGWZqGaFQjbCRApnMFlHms9nSXk9jmUqpJSTLmZQoQs4s1aFIQxAOClVYKqGppdoUiiAcBmELKdTSfYUUxm6oVFAw3zyW6Kd/5mfnm5tjGxRhBaSMjdVEAYMkCaeREHKCQJBEkAZJYCMyCZnAQAIgkLCwkZ2oyAaEbQlDZFgYK1CGlBYi7AyEDLgIMgIbO8np5JkTBMvDoz66zABHpSWSI0rSsGynKREyiGytZUbpZFshMlQsZ2ttmkpXS1R7slzU2TlNU5QA0omTzEwrRLo5oxSjNrUoshCSkwhaGkPYYJUIANx13TRNbUwj20TY2M1KRaVkNhC1q21qhGyyNSRTAGUzCIyRnYCQQyQKAzbODAmryVIE2USghBDYGAwCRCBAgVKUxMIYWS62pbAsJ0gWGNsCWQ4nkozV0iE5LBtjAcZOoJQSpSJN2abWPEzdvFcmtdhI6vuZbaGmNrUmkanMKUGhIOhEAokVXfRghe0STDjASXOW0s0kgzEhtylxJTJdorkFbiSmQS0qEbJt284S4ag5Toi+K6XrsjlzQopSMOl0iyjOlg45IghjZWYU7JCaUxiQrNCs60AJZCJcVKClnJl2yM3QmpBAKCLcUpYhbdSMSlBFppkmteaiRCEJSokoJbEzsbGQJMkyaWeophyKzGlMlyoyI2Jeqk3L0UjKREqnsFJIslsbNHWl1qrMiCqh5syxZU6lRmIpIoQhwlglhmEAlUImoXDIFjhbmmxtsslpcou+FyUiQsKpCDLbRAZRQlWoZYsoJYoVSkVEpp12G1U7I5xuQSBpmqaIiBKyQYpQlr6PoiCck51tMoroFEaSBcM4FWkcLI1d10tyZFDCkgoyhvCwHhyzEjTLDYWcdrrW2tpIWjQU2VxKpDE4SaUyrciGUHPaDkVmw0laRaGagXANRdRUsm4uogR2GmeighyhUjqhbC0iFLREWAiBBKgISKdM2gRVncSUWSIi7Sojpze3Nruu7/sKKrVKdgiTaSIC0jYhy5ktM1uLWgvYmc3ZmqJEKFCKLCVIk3LBOF0UpStSpLOksstZykTLBNLuumpk0ohQF51Epm1npvHYxjalpCxFNjBNExGFNJKtQKpp3OxiKeQUiiKHnAYLCCkxAAiQHcKWhME2EonCkrAkgQUWiWVJkCaEwziEkYSNwBYYhEQaMBZggQEhlyypLFLKEQG0aQSkhu1i2wU5MXamJ9KuUUIgMBNNWFEAZIyNJFmI0tWQWku7lSgIZAFCSkwoUCc0tcmTo0ZVgDOThEAhKUKynBiTaZylhLORqITAzUg4MyXUdXUax9ay1AiKaWmUqRJtmBrZ1S5qtHRmRpEiWo6yTbbWABswCgNOB4FsZTgywKAwiSRkWxI2ADJGAksYCkpBglGAJaMQaUIAThQ0Qmq2hJ1I2KDANg5LacsobMJYsm0pExuByDAgoIQ15Fhs1Si1YCwyjbJEZ6FQZkZEiUjjcYyuQtoiiCaCTJUqUGuZ6VIUUmIlEdGazBhUQ0QEGVKmBA4FQm7NIUUoXWpkZlIKBjxlhiRrcgsJIgoRCNnYOFNFYRSSAkWSkQFGJKmkpRVCTHaHAVQUlm2bsFBELZLtlmmwqREKCaWb02lUHE2lFkkkEdmaSatUlNTixPB2b/v2v/WbvzNNU0HNza1EYINEpBEGMEi2pMyQAMLRIo1lAJBshZwJEoEskwqclmVsQYLAAoQRgBOHlbLAJIRIK02AACltIiqZyEhyTMO0c+L47u7e673hm6yPjo4fO3W02i9T0AV2ptMpUWrNlqaRQp7Gqe/7Lp2Ilm1qEeFsLRPc7EpFsp1TC0UomtNJc4Zo06RanZqczsyWtRQraoTBIDlUbAgvj8b5Tv/Zn/XpwKkzp9erdVEg20IAooBBwknKApAwCoxEWsICZAMgFEEa2VjCiUTKIbdUkETYzQo5hRAGK8PYgC1hJBICWQ6SCCzhNJIwCHiVl39FkmFstaoWSGWzRISyWeDAzpBQZLZwGgvwlCkQEYiIUFGhECSuFEQmVpJ2hkJFSmcDpBKlRDS7REhKpwhPLUmLzCbSBE5KAUcp2SY7p3S6hdR11WbKlGltwq59QpEb1uSUgma7pRsYDImkBkVYxXYAGJGOMAAiHImFHMhOJMBOETZI6VTIWCbktORESozSDpSArTC2jAkDsq1whkiHcQROCxHhTEciyLTSCUgB2GFQZkTMYtaqQ6hUEPI0tYgSEqJGSTMOU61RS40IhMiWyhwV1SJMkzw2SyEJUJRSpJI5TZmllBKltdbVrtnYRcpMnIkjVFUwknEN5dSyZQZBodTIJEpnyDa2zIgaamQkqRKSLAdRQplWWlFsg9LGSkk0FLZlWc0GS4ESC6EMVSMRNbK1zEwnUbpaRBnbSIOqQApsxjFLke0GNUpAKpwtahUURIk2TYnDk5PS1Zyy2eO4VkRXa5RqRppcgLRx2pNNlhI5jRGVbClblAhFdETLCaJUuamJnBJFRJ0yq4IQYJCwU1YYFUqUdIZkt7RlWZ6modQ6n/Waz4ZsSikCTIY9Nct2RITCOGQiIgJJAincDEiaL+azWR8BEDWEFCWKWmvYgSxsQoE1tXEc2zRNXemQPbYxh5atTa25yUDUCJLlajmNEyEFimK35skiM6NUZBMhITmdUwNqlFpnXZFUZEVgnGDTsjlb2iEZT27ZWpWcGVJRROlAmRlGlhTIQdS+txOnIkoUN3uaMDVqqGSmATy1bNOULY2MDKB0tjZl2hARotittVRmcyaSCmRm4tyYzSMqIIOpJSThlCRFLSVKRFdyykxHKVVSBBmSXVRCqRxzykzhiJAilQYpJLdpcksSyyIiqqQQpYSIxM6cpiRtC2PbiUK2abgRikzLYKlECcnOBJCUbiZDhEREyrJsJ86WgC1kGxRCyFggcKIgMYlF2EQKbIztzCAhzGUZQEQasBAAdibYgG2UAJYQKdnGyBKhBDVlsSfbkJlAVwsQpUINEIEgQLYkHAHhoEhC1FqsKiwxjdM0joDk6CIzSWNwWmotWzMGorU0Ja2WWaSWblOzHITdxmnCJkBRogDNzZYQCoUEipJOwpEm03bLKZvtzNaGcTAgQiWkUMEkAkdXZrMugkzLRBQomOKqolCoBFBqyAEI5MAhQCopCwuwBcU2EAoAGYEBLDmMMTakCUk2Nk5k0iVtLAshY9tIISGB0xYmEwwOWyCwwQmABLZACMCkycyWnlJWlKiyUwiIiFIDhUmLQJhxymEchmFotm0bnDYSmRA4ydbAtatF4cw2jUlKpesUUREBJjGJMqd0CzudrU3GU5syc5rGKVtEAdu2XSUFBKUWRUiKCENzmrQ9ZVOaUkIBdppEdtqgQBaEwF3fz2cLLGdGUEpIEiYUEREEtq0ItxYBJQzj1GzVUqIULAfCslXUmrNNzhSW1amUUkW+w9u9PelLl3ZLraGw0hgkOzKwQDKBwSJNgAEcDoiUQ2CcFtkMBZEydmI5wUohZGOhJGSDbZOyjHAkAoMFaQsJjFI4TYCyEQYBUcDs7e3deMuNw3L19m//DlFrJS4NB9kmyJbNLe10NjlllSKTIRSlm9UuQhFRIkJIBqRai0BgtynHcVyDMXYGoYhSi0JEyBZRShAhTCinKbAgcJj1en3qulPr1frzPvcLoq+FqggVGStkkIRtBBjhEJJw2k5sOY0kG4FTGEkWOBWAEE5CDhdwI2iEbMICQFbYgKMFKQQSBrAVaZsgDCQJlixhA07EG7zB67pAG2uUdDTsALk1p1spRYSbM1UkKVrapnZdLdUopzGnaRxbc0YJy9M0kg6FIqLKDSIiJCnNNDVnRoQBIcBM2VpagpCKIkotNUotEbacmZlIUQpSZiMNyAiKEMYAJOk0QgQGO4iIrutAtRTAIoME21lE2kJCki0I27KQpZQAibTDKYSaMDhCtmUjZ8ookbGwFZLlaAHGyCADwhjZVpkQWKKlHBinUwiLdAipKEBOMBQkGUIhUSMEk1vLlCSpNaftVEvXiK5KKKSxjcM4ZaIgIiQVkc3TOKaytSmzjeM0DOtpGk0b1muckkxikamIUCQOSeGQpIioqiFFMo3j2LIVQTC1zBTO5fJwvVyjKKVDuFkyyE5bIux0Mo1Ty5zS6WZnQaWUqlJKZ7dpytE5TY2kBCTpjBIh1SJKNIRAkpBUQkojYzU3ISKajTMCLNuSMJm2bXAaJwkmaiEZppaZbZqIUqJ0tQvkbNlaOFQQCsc0tSkn1OwcW4tSuiIpWmsYEMiGCOFsNikSWQKrSCoRIQOgRNLYWspSZBpLClBXS+mihGpXQxqntNWVEiFhCOSW2TIl1Mhp8kRNJ7KitDQkCDmiECAJO2UJk9mkiFKjtxuWQmqtRVGEsoVERFjuZwuXaWotMaKE0kAqIigdRXI2SpBO225qNMmlhFBmE4K0FVEicJGam6GUqgBaNoyC1qwiIdtp2wlMTgVYBmQlCqCA064q6RYK1c7gTMiEEtVysw2yo5SpjaEatcguEYYkM40dEVJJt4Km1iYsKbpKy+bMdFFRkTOHNtiOKMayJmhupRYBVgQQkKWGMxXhUBtbiSilp01GIJGEA5FYyOAstZumIW0zihJVNNZtjBIRIUlqTkUXNs5myAiBAlFKwQW3tBQKZ5qs6qhdyZa2IJuxuKx5qlQyU8Zyo4RBlgHbRTaWAexEEqSECYdJI0VicECCbIxlwAQgjABkI2RSSCBjAmPZApmUAQtDyLYwVkLYiWUBFkAbW3ZNBDYRpUSbFGooksxhiigpyBSOqMYtE5POLopCSiQgM50gJJzOUGCrRFFk4KTZxrXUCBlnKsCllBCN1hqyrfS6UJFAUYozW1NgdzKiZba0VFwcFJVsxmothQ1Oklai1lpQYZqGNtUIURzpCRfbIMgAMq2SpkgGZBsZ25bAShlLaaEkZSUKCVII2RYiAIOE3ZKINCFwGlnCTixjKbAtnAlg2SixIG2UIIkwgkYAOCU7wa01QApUbLtZkUFkCpM025BSQGZChMMRFU/KEMYt04Ta1EqtNsayIsqUVpES48wc1mPtatcJq3SRk6fWZAmcY6YJkROqoGxIbpluqRqJbefUSgnVCMmZBtu2EzzZZFc6wq0ZIUSIJrtlmgK2ZCNJlYgI5IhwyyknN1VjgyIsBFZLI2gutRMm0zYiIhIiAmdOLdtElKqAgkyVSZATgTNPnTlNaP/S3ubWRjQbZSIBIiyEbWQMwjbGAJJJmwCDQWFbQthYNkhcZiHbliTslCGEJYETS4YIGQRCCBsEtglhQZIKOYGIaM6oYdXVan36zPU/8RM/8WM//sNv+7bvXA+X49RqKRGhEsKeGoooYSyLUnHaVeGKXWtrtm0gycyQQoEpUa1MZ1VEqeCWWaLYThuIIlGdjlIhrZIwTWOppcioS/cf89EfDDz4IQ/f39uVSpuaFWErIBNJYBkL4wBCSggQsoC0ZOOwIOwECNlG2KpyGqUTySpORBphW4JEYCwrrBRgQDYSwoBRIAljq0GRfXS0lvR6r/G6IaCkMS0T00op4zQJCoTkUpxu6RBILVtrLaRQNFUblNlIZdptmiKyRfHQogQCh6RpauAIRVQCJ9PU7OxqdQOaSi0lQMhOWmaNElXOhjyN69LVKIFNlCgl7cxJiIh+FnKkXJHBEBFkZmt2trEBbUpADclAIFsO0ZxhIVDKASljFUgAGwTIggyDjEDCGWAj2QgZC9mJQo6UAaWwEQgwKYUzZAhjBSBkZURxJiAn6ZYG2wA5tuwnAAGRbbIVoWw5uHWl2i1T0LBKLbhLZ8vEBDYOqko400DYVlGgbKZ2VTBNUym162eSnYlIg1SxQ7RMKVC6tTaVqNgpK4IoBSO5Zcg4kfralxJRSiKcIdwsHAqLUkrahHp1Uyb21CyailTCwmnZbilKa45OKdskblMrQU5WCTLTbnYRUlEosdKCWV8dQdJa2pRajeUSQlKmaS1qOJ0mcyoqKpIctsEYG8sSeEqkRqqWgp22JDksdX3nnFKgKBHgtIHMVqJ4zKzCDoUhQrYUpgTCluS003ZzZJZSFZHYxk4kKUhTuz40TSN2a83N6SYCNUmSIAQpp0VkzTThSAtLYRvslpZDSsvpQHaLqChlNxLAREh9FRTF5CnTCgBnGpozrKhFUjRPdt8HGCWOTGdaoVoqVekJFUluztZsFETUUsl0G4ZmSikFTW10OgIcCnW1IFprU5tslyIrlFgiJElGkgmRaQJatlJKpqHZgUwqikySlNo5s0W2bIHszLQgaCpBukRkU5oKUWIcJydRS4QKTgmHW8tCOFo20g4kQ2ROxaUSokQhrTZNjiwRkmoNUGupiMnJOIWKnU53tahU7GxTS0OUEqYpSsE4EdMwgYxJZzaFSgSyE0RKzlRaNQBns1tEURTklkRY1HQLagISIEwJEEAUbCAjCiqopSPSCEtSYoEBpUxaYQgy7KSEnGEbELaEQYRJoRSQICFsEMKAkAzGgpQDbNkGAhshjIGECJMAUikSMI0TZJI2CpyW7TaBLdrUVBRdCRVlTkq5CE/jhFRqCXWS0mlSKGoVlo0FDkDIJJ5aK0VR5MxQEHY6bTujhNKSrHRaRGBTAaspw+mWkyhRKxBmzMQO5IC0LCCnKZEkSVFVXFtarYHTljGKsJMoUgkDEAWgSK25VtsoJNsYSwgbWSAZy1hIdoCxQm4ICZLECskGOSAdAkAh2wIwCADLAttYKChgk6AI2QgSAyZCzRYobaxCawBRaq0lW2JJNFIQjjGbRIh0ixJkybBL9Tg4mTyFBAVcBF0JlG4Yp5qnMGnZiRQq89lcIppamFEZKEoYyVbITaUHS4giCRqhEhXSlkrpu9rSTts2NpKkkDNrLTgUxpQIjAiM5BIFNWdTVBwRbs1R0rbTbqMVteuCkCCxWzoDkaYoFKTBwzSFBJQoTiCbLYGIWjKRCDlKLRHImSACrw4P5tvHX+alXuKv/urvJBxF6RLORLIRDillJKUNkmxJTWCkMJZFhGlyIGwJWWAhANuyFDISRg7boWitKSQQAYDABmEjyRgEaZwKEaQxVmaGnDam2bON+db21ju+w7udO/t6p669/mD/UilKuyjGMSOiqKadmcYYsKEqUMEZ4XSGAofcUpnpWpSlBgKthlVVLV2JUtqUUxvdstQCQkE0Z0NSFGf2swXQctw5fuLsuTu/5Vu+ZefkqaODA6eJJgQ2KIXARggZK0JOCxuEsGUlSMaSDHYKIylBkIRIQHZzCSU4JGzLIBkbBRYyTgBkkAxgQLKMbWwjpLBd+9n+hfuEHvUSL5Ye1QVhGTklqdGVIikzi1RKsVo6bQG1VlnpxE1BiUgk0kntosbMFnIKp0spxmObbEsSymxObJdSIbNlqaXWWRo3JNK2MyxnKmRIk5MViVFEKSWnZhmRzYEppZGk7bQkka0kqRKRitoAZCBx2iEhYyQRDitR4oLTkoUyExeFSeFMESZFGOOEMMgGCYVIICPVwrIsGSQnEmAgA9ICJAnbQuaZLDsl2YAjsABUjFBgFFZmoha1o7XWJkXpSrXwJCS3tD02BBGyonRVckunm4IU0zCCuhq2VaIjCGx3XZeZmKm1CKGoEalsUwIGO1VClK6UdFqupWZaQShSuDVSUarERENqrWETak3Nk4xqpRkhcKZtAaFZ6dJ2pjMjikLOHNsUGNzaVKNDVtpiajlldorE0zjUUoiK0wSNZiRPE2KaMp2pWltOJUpCG8aIiBKKMAIbGzdlNFmUrroZLJXMtB1RKkZSqE1J2CmRdhE55RgOO1s0YSBURLbGlE0hEoolkXbKZImQJNRaM4rAIEWUGoVMuzmdaQSNKSRFHYespSIP6xG5RCkRWUyCBZRSizITZ9bAtpwmCNsyGZOnWjqn01kUSbaklIbdrIiwjDyli02UKZsTGafTjpAUJQoYmyiq7nC2BGElKZAKmSMtSohSFOM0NrvWEsjYrU0ShB1dkSJaptN2thalCxWRnjKFhVq2ohK1mEZr6QiFULMgZRlnThE1s0kxNcEUKlEiQjYqMq25ZSaQVpRQNictCTIibBmHSnNjxIaQQthjOkAiQmmSDHlCtAmVKNglcS0lnW0yIauFi9PN2A2oKin3pWTDYJOZjaKpIUUpJQ2EI5VAa2lcIqWoJdKZaQA0tSYinWFBGhCZxlaEsiIShZFsK+1QuDWQgEARpRknthTNlgk5DKEi2ZItZBDYYBAQEhaGsJATRRhjYwAHstMKGQvsCJEACGMukzA2SGCnFAYU2BJphWyEBThEWgCoIaIUrK7WCJyJ3JxyCFsuJUqp4Myc2hgqyIqotYsSItJjs3CKQGRmpgPbBtlJRERM6ymK0rJREW0yVobDmQ6cOMcGKqWaNmWTS1NGFkU4W1FRCZM2SociC5mttKIS2bKWUNenXBCKWovJNmUCbUwr5HTLwUiqIZdsCZgEsEPCglRiYSDt6nCkJSUmcSCDBQakJIUwCCORWDKWLZRINoCQ00hYCGNFYiEENkLGYbAtYZAdKMm0BMIS4FQtacjWsrWpJYmqPSahIR1S1E6ZEjiJCMjWCKLUgEw6wsZOt5aREqq9aHKZclJICpASqWSkEU6TkWHTsoWQhSIkWS1HootIkEK2RUxjUxiJSLdUFIRbKhQhZwAKmbBaNofCzggnwoQVXZ/G0JqrwpkI2YkMSifNEpmAFA2B0w7CdpIREQrkEgG05swmhUhUooCopQzjZBxFISWOiPV6Nct8j/d6z7/6q4+v0TWtjY0kSRiktAUGSxI2YBOAMUnIBlsKcFpB2giEGwJLFjKGxAIcOJ2lyCiVahgQSJJlI4EMQpaRDCVpIMlItiSM5BzH9YnT1x4eHN30oFsuXrywvX3s6PBSjpO6WjvLSidSF6W1dAhnKBy4TSZbZmsZ4RrOBIlkKhaJypRTKVUhkCc7W0QtBeO0yWYwGCJb2tlSmRtbO8PUHvOYFwM2tzfGqSkiwIGsJgoYCWSSJIRxQCZSgEHGGCQAZIEFBoVBBstKCCMlCOMAAgyBnFAShwQIWRZKkMIYG2QAGwnjIJKui+VyedNNN1D7aXUkYBLRJFuR2aSQIqdpAIGE08goikI4M1MhBQhMRAmCMpHgkEopJDaCAEsRynQzAUKZrUSoVjvTzubWpqIgSmZiOwmHFLUytikza5RMj9MURVINsqk1O9sERBQnzYkdnasKIaLkNGBsA5JCIdFSCgtsWSIdMilJBKSMlAAyIEMglAgcsjESSGlPKGRhESaDsIWxwBIuiMhMhUmMEmQsQLIB2wJLAZFkB0AmlwmwHGCgNYNUsk2TXWsNSREW2dJOUDaQA1kqJUhaNpG1FFsYhBTOJodwqKpEupUSniihtMeWJUoImlUikianApUQUigyM51NpbQpJUiVCAnbtm0rAfelszBp0VoSFIUVMnZDIdk1Im07QimV2hUFImQZyIarQaqlgKvkrjfOqTkiWiIhsCRUojra2CRKVJsqZVdI2UqS0aUWEeksChXRRDhBZKYxtRQkcKYVRMgpnA7hRqiNU4MohQwrsxm1dDNSOvrOrSlLUzOKUI3IdBtHGUsRkQlyWETmBJIgCMuttZCidjKUcDZLUSRFhAydqosTSzQgMyeXEqGudrWqKsAgQiVKlBzb1KbMNnmS1JUiBSkhQAgRMLZpGIdMEhyQlBLChr7rSy1Rwi2zZaZtIyNCUqjl1OwiBQLGNkzT5GkKRMjQTBtbpKMIhd1ElhIRpZQg00OTVaSIqH2ZzWaUUmSliChRImSMGgbZbgAySWYLQBEAdkoKQUu3qQEhFUVBQiaTKcGQOWGZVkoQECqKIESJKNQaSCoRKqVKUUt0XYectgC7tczMTI/jCCVNyxRASEqnJCmIcBqsItutTeM4TsOU2ZzZlDaEa42IyOYSSpMQoYiQSWe6YSeZmYEMbZrcmlu2bNmaW8s0lhQRJDmMU2vNWKmQigOTTtsEmZmJJVsGbIEBbGQphK20bYeRZQA53UwDZGMshCUuE0ayUZElISxxmUxKwkZSgEF2SgiE3QAUqIi0bAKMhcGJEDKSFFHCypyaM1yFMqdpmsapiVJK7bouAEl2yykNYEXa2GTKtJaWWraWTbbs0oVKAUmE1eyc0mFFKQpFlBJRS6lFQWY6oahEOLO5YSwBmZljM0SRsIjE0zCQTjsiapSoxWKacmoJKg4Udra0W7bMqTU3mySEyWbAphmTgJEtGhRwJEACloL7WUa2UxYGDEVyYgIDUmQQNoFkIyMshSwkY8tIAiS5AamUHAYDBiWykIQEoIiQPE0IAiV0pZQqUeusK1HLrJ/NqoIsEVFFQZKiZQK0Rjqs9KggCrPZrJZS6qwrwkq1qlKlQg1nFClckYSilhIhIlz6LkqtNUpXcWukifSUCalpbNkQKl0pdOBASTQ37BqByDTiMgVJqpZSSgWZggNbtSMiJFApQSlRS0iKCFNqiVrBzpSUYIwdNURMYxMuiq6WCIViaulMSV2tpcqWM7NlthynBmB78tgmWzYmIuID3++DgN3dSwLLwsgJAYBksC1wYiNh0gaBQICxMQpkEwaLBIwsOyxjYYEQgIDEtoVcrBAgbDuFTRoZ3AQ2RmkIC0hsIRQ2CjvXq6MbH3TLajlce81NwzhubB5rVimFhqNmmsyWzRAhKQha5uTmlBRdraVUFGDj6EKSYXJObWrjhCJba9lapls6wZLTGGeEquRMnMKLrc2I7u3e9q3On7904y0PcrOaBTbYEiVJMgBIAUECiQUSGBsSUBCy7JRtoZSwDQhEIEtYFgIskykbBIkJyZKMZRnLsqU0TrAEJrGRQWDAIZCbX+nVXl2p/f2LdkoWRSEyFbKd2RQqUoQiIkqxXUI4G5ToBBIGm8ByYNs5tdZaczN2y2a7llprIBkXXGqRZNtOZ5LOMXOabNLONtrGLlGjlChyI0qpEYlVIqoIMqdQiVJqiYgSkm1KqSWiUFQzSbuNg8e0iAJgQYZTChLjIIyaw0YpQToNigAwyCALAyClsC0RWJE2UpGdQiQSpVmQyJKEbaxMIGQhELIQpLCxkJCQsG0TdiIExkahgBpKCBVL2IYoBZimbNg2pkRXSiUUNUoJjFLGkkhAKrV0kW5tGk0iGVDYzaQURV2tFSmFFCIbLlW1FEeoYCc4IJ2BaqjBlFNRsULCICsxoYiQsSCQUEabsmW20W1qmW5taJnTOLWpecqUTBoXxazvahelBlHSmVaNSsgIkGSpK6UrhVCEUAhhiKKQwLaKIgRAEkStihIlSgkCp50JZDqbmyYSnCAh43S2bK21aRqnNgGEoxY3hwSohtM5pW0rohRFlCh933XzmW3jUoXVpmkYh2maZAAUEQWpliilEoKChSIkQl3fLxaL2nVWa9lybOM0ka61EMrmdFuv1sMwTjll4mlKY2dmVoEJOZFEJI2WUSJJT9QadslMhSSnjE0zRBQRDgJLYVktEzkiBCTTOEpCtExEKcUtbdIOoYgQiCjVIJmMvsrElOkpo0REtJZjtlJCzimtUBe1FrfmlGU3Z2aCS6kRkkmssAiME6cxjSZQSMY2ALJcowKykTOdTnBXS0MSTlsIpABL4AQyLZGJpCqB0nZaoZK4yClEy1RE2LZtZbZSalGX2WyKySKRRhLGpYSE05iWmc0YQkKBqBEZqLmhTtjYONIukvtOktsYilBBQIZryyTTAEERlp1JgIskBTJpQoCNoZYSgYXt1jJpTVmQ1aojIkhLKLADJhMIWZKdZFgZlJQjZdm2DAJwIBthQQOBcCJsirGcACmCtGSDhYzBRpjLJJHOQArXJJ0IJ5KELEdLA0YgpxWBbTtKSLKM0pNNTigAkaRTgcBTGmdCSEpTBCAzZdSwZactQhEFwpkEUJGrIiMCGUcIQqRD2RJTu+okIgApp7E5CIUQUEJJjmMiSg2ciQicbrgqstm2syWupSYZBEW2i6K5ZUtwQiQIUQCcESEhR2LJloQDmg3CNpZkjJEBEUIGGQBbDsLNktJGYBmHhZwmFM4mKSVhgYUBsMI4kBMkBHaDagfYToUkJRJZSinGilJUzCR6qTldosiJhaNWKd3kIjJdQqFI0kkJhQqZlDplRnPmKksJSSmViIiWxl06kVpmpxLKjEKEsuFQQDhcFE0AGYo2JaGiKttSOCgUuimzyCVKJoJACpOCBJBqhLHUKJLCQaYkR9oiTJUazmbJSITITCxHKcrWitScYaVUioLS3LBzkkIK1aJmIG0JFEo7kNMEEXKSthHZkuj7mXPa2NosXayO9rc2NyYshd3CJEYCSShwCiQbwgJsKWxQhmUSUpblABPgkNNGYYENkowxCIElbAtkLGEsAowMIFmBkQATkgWSQMIpZAGOlIfV+qYHPeiOW5+xfeLY6uBw+9ix9eF+1LABQUgJBhQex4mGikJYsggFMmkQtuSI6nTf921KMjMUlsJtgpAi5BJFdiptq0RZrVaLre1S5p/yyZ/08z//C9ffcEOpMRyuqcqGBEi25ciwEMYg2bIRGEBSIkUKAyiUQgIQFmHbpBwpJAO2JJmUZCNswBgQQrYFCECWMJBYkhzGGNOESE9tGtao6H3f491rF6XM+top1FpOzRLVigiTTixjQwFEYDnATruUki2JBKap9V1JkJN0k0sEqFiOkqRtm2xZSoBLLZWSdrYWpWAbQoCNAkUtGJxpZWYEYwNcghJlbC3HUbMs6oiKMx3OhoUopYsoTY20QhEhiBAQENFSgQkCHMYO2RYGCQO2DRjL2EQokwiDLINtYRySjSXCWJIxBZokCycUBVYqSRxgGSsCEEbGtgmBbRWR2RQRAjASRoSa5cwWKUca4xI1SU+NJhcXRQaeTGBEkk5oymgguTXXLosKpTZSlsmcmqJIKB0hotg2ma1JUUoJy/Y0jcal1FBmay2ilGI7SukVLbOWUtJTtkKzZDuQIkw6PXoUElFqVBVRsk0pO1X6UlTSiVyjDtPQWkaoKDKRQAYhKW2JtAIgmyGlkCIEkrNhpmlwEpJxKcXG2YDJY6hkmlTtooSyNRsrJAxqZKQkABwSpE1LKwjJJJKEioKwkCLmJYmQ09Silm6WW9rOpK+dCDNJUYtCVbKjC0kqYrJFWkoBJVRoZhxaKSEVgSembBHCbkyhWcGumQ3LTqIoyUDCqtWmtrERrUZJW8Wkm1slhGoJG3uqoWYz0dUuDZnIlp2UqMbZWilRojinNk4KWpp0iZAiJGMhlZJpmZxGSq1FdkxtxCYiFIRlRBhKhA0qgEipL8WkJrcwaTJbGmygdJ1tCQSTLSAjwiZxFHUUyS3TEdlcqkJKbCwpbWeCM4nAKiELpdMJuJSwlS3TGRFRBECGIo3TksFOstSgQE7ZaA4X5Nbc1SKD01KEpMjMyOJwIIOx08YkiMwkiJBAEZZDkYVQn7RA6cy0yUAqkS3HzJBKLwHgJJGg2TY1QsZyiWJjJ6XaGaiJSKDZ6rsaKi1tbGdrbRqnWdqFIBIbFAKMZYwEGEhnWAYk7LARxoGsFKEU4EDZ5OKwjFNSYEwGYAjIxBKWsBKHsVDYKQyYK4xJbCMyhSQ7jVBT9EAIQCUwASnb6SI5sJvTVldlI4lGKpEICpFW2BIWgsyUlFJVIEc3U2BrahMWQShAcloIMjNUFAGGyHHM5lIrJkrYZE4mUHMqA6FSa1EZpzGKSymSsk1dDZNtmkANS8JEqERpU1PIAlOKml0iFGFnIBUMzgmwCmlKNBJDAgY1LIFtQjRSBEKWhbFtCRzItiTLCMsyIHBIxliScRKRoMQIrLRlHMiBjBQAYKDKtgAHYds2QZg2TpOcUxs1yDk5JuVoEypRyji15iylombCbUoTxYFbE4xjFCETHsaoFEdLKycbEBqjyJlSTTdnS2ttKVxrVRTB1EZaUynZUkoTJcLZUCDhVJTMdWY6HbVgu6UUCtkIKI4omUa4NUkmCvYUVLI1VzNF5xjbGKWMxnJrVtQI5HBOjRSqtdSuT9sJiJYq4QIT2EJ2KgtBABQCSyJ71czWnOFAEeG0nTmlSmQpcXR0sLl1/LVe+3V+89d+o/Sdjhq2Qk0uGbaNDWoGAiWyXQIbg7BBJuWwLNJEGrBkgxC2jAEZSxgLgeS0QjhBXBZgMEhgUIJsLMIyaQQINyJIwCmVgCYP6/UtD3nobU9/Wq3z1XC42D6xPNxvOUUUmTTZsiggQiZcogilMzNVFCiigqXA2E4nJmpIpZpUK6rRIUkl3CzsVEbSPI7jxtbWbLH43M//vC/+ki89dfqahlZ7+13tSBHgBEyBtCxIASGnhBEGEbZBNmCexRhjCSKdggACbBkrTAISshIjQ8hYtkUQdgqhNAgsBYAlMLYU2AjXrj84OgyX13uDN2htbbs5w1FQk0MlhdukEBCKxAqFpFBmU0pFgKRSC4I2ZZFsR5TSUZqIbI4gIizbwg5R+1oQodYsiAgVbMA1CmKaErl2HYrWxmGYiohSjEIgRUhCUGc9dsukpCgKijqwBAi3AAeioMHgDCDllqHqSCwZQEiQEAKbUJqC0ijALrgRRDMojQQCiDSSJECpVFbTkLEQ2AgsjAEJjO0AlAmEcUgIDAiwETRaNkwIDAhLblHkFEEgK2wzZSk1QjaTJ8ZonoqLY3LakiDtogahcCb2ZNyVIASVHFs2SYg2OYqRlBKhULZMjJU2tuREirBwZtSSzdilFNtpR0Sm7exqNZl2AAWowm2cIgoJ0aJIyNU2FMLFzqZWSpmmlmNSjNRaKggC59gyWwYRxNSGCGFKFdBakyJtRUSGlQqLiBBGUZCdmIYdpRBSishKMWknUoYKUuCUQs2TjKxSFIDItDEymQ7ZMkmUgoZpzJb0nRyhZsiWiNXYaO660nU1M1u2KAFgCycEpBCR9jQNpRUFXY02TpNSTkld1yliGtZtzL6YiNZSoVo7T3ZktpaJrBLRkqqibKYowEmaUHF6ag4wikImki23dIgpXAmnS9DssAMpCm1KY6dRUVCQokhTTshtGBVRSqHSVMdpCooiWwMSQ3FrDrlEVS2glqPTKspkynUpBcltbJKsRGqpIkBgMSXhTIwxOJutECFJSiFKwQ1FyC0zU1ghEoWilNphJCtzapkCIKVIwKWEmtMZESKMM9O2JEWQgDxNUwAKAtluiUqtkmSlCUDChIqqQQJJrY3jOCKKikKBLBIDJfCEI0RaTbItCSMZKqAiWVi42TIoWzozaokISUhpuxEKh0mcbpmBQ+FACsiWrWVzYmybkELCBWVSClhOt5LFxQFG2GAXyRhbhGWQcBjLKDJdwg2FDQVZgKUwYBE2EkbpRGARNrIdhAEskMJpCSxL2MIoMAE2JA7LFQVgArDTOaUkBCYBpS1FRBYVl4TiTKOWLZ1dqSAZJGxjAULYLS1KQZSJNo1T1AirWa2NQlFCsiWDlDk5iqQoYchxdJQi7ITIUjvjosi0nWOOaSGcThrGNBOKolAoMh0CbDsi0s2J0xkqtdoIy1YjCIEkAgSRboREyhUlTqQwCaCEQMiBEkmNlBA2SizCmRYhYWwkWziNBGBQ2C4CSAABBjApwsayAxks2UIYO4WMQUkCx44fQ2Xn+IkaJTMVghQFCZG2DLR0lUccqiHkNqEQSlkUKyPlQpqSmLSgoQKyHAYsyCRFSBYihAFwmionBYA0BoRshTIpgQ04kUC2w54gFCEyTSiM0wQIkNMgZCtwQ3ISERUSbEtKEGQmEZ2nYWzDNA45uXZdTlNmYqctqZSamJRhPY2kSgkkjAFNTikEhjRERCgkpcFeHh1ubG1/wsd83G/++m9kM0LgRNBQEaQV2FKQzciVaDhMykYOojksh7EUkFIIJYkkwJbcMqQkAwHIQpLsRAAYCSPZSIFT2CKcKGyTEgIbS4FtBRANhxPbqsv16qYHPeiOZzxjVuZ/+Zd/8lIv/bLZxnG9atPUbITdAoVErQrJ9pRCCESRJjuzRSkBOTpxQSqRiUpkpkLTNOXkkDxQuspEc9s+cTKpH/nhH/513/gN28dP9PNutW7zeT9NljNREJbJRBZhcKKwJTuDQEh2ygACJINxBE5bki0ZAVjYCIWQ0gaEnUbCIhIDSCDLGDtRgC0Zh2UwQs0GIoRTm/P+vnvuuun667o6u3Th3GIxVxQ8TRAqUUtmiyK3dAhcu6qUldkypAg5ZchEsiCJGtHsnEYgFJKbm1vUrkiiOeVCKDCKBDxOYxBRi1tTBCFBKWWahjZNDkqU2awjM6VAQIQiZBMhpzMzitqUEhIK04SwJxQlgrRlTwmkG4ARRCpBRsI4IAlk27JSKEwKYQilkR0EJgOcgASAjTAyktCEI2yEAAUkGBkbBxhJFoCwLKcJ4QTJYFvChUBAkgiczhahooJIWbbtYRhLrYTSwk0oPWFbOAFhpJCdRjK2LYeZ7AI2ZCkFe5qmTNcIITkcWUoo1chsWUuppRoZuyUCSMzUMjMhaOEgcAItIpxWRARCMTbc1BWkbC0cmdRasUNhLJO4ZZKEFEK1czaEnbgktolSSJdQS0IhohSBhnHtVJSxRC0lopTJE2mkKNWZNjJgG0VJw9hIVATK1mym1motlOLmxBEoI3OKWoLAQNZana0ZEQYwJlsSEVFKhBKrKWqRJptE8hSJSpGMVBREc0sAJOyUoQSTJRKHVWu0ltM0SqqUItkuUa2p2UzTOE59FyQK4QBnpgLZggiVrhZJhsxmpyFbloKkWgKHATIUIU/jVCwgAhTO1tIW0zCkUZTS9UEpUUpXM91ssJBq1BqEEIgIpcmkFNVSs+XqaCVs25l2Qw5USulKqaVKtGyKECVbQumKECoqUZAEOC3VWqKEkIgSUUrFmqaJJFtOU5oEtUyb1to4NUVIsnMYpmlsOU3TMKVRCYcCWZIgFKUUlZyytcnZRISKUaZDijBFiihRIiIUKAoSShJAbs3TOGZrcqaNna21TFIREaGoJSKwnRYuqKUdTjU70850c0JEyBhraoPJUqKWAhjITDcAqUQhyWYn2ENOWLWUlk2ZKDIEMgDjMA1tTBpC4VCppUoFiLAsk4QCWSITcOJUKA0KSggHgW1LlhBJkUAyWFYCiVK2ZaM0yMZgJCzJYYctCWOMDMaWsEkgIUmAtDAIIzkNiRMgG6BM2ziw0yLVcgpQjSgFuU3RWjOEkBSKtLFVVIpKRIlQiaJiM2UCptgpq/ZdSLJCCEyzbVMVITsxzQmo1k4lQgpIVGoUhURQWtpGDmcAZE7TpMSiJSGXWkrUUKiIwGBJIkrtSle7oojM5myZOSkcOTkxmUkCaWMigYISixCShZBkMCQm0yht2dgJGEySCiGZtEyQAkmBhCRLtmXSpEGAbQoEKBJQgiLBSAnYSkmSpVAA0zABN95wI1AjCKmGQkRPFAunUBFKuhIQfXQdVhqiV6lEyMVyqGQRSWBHpEBWkaJCbRagkFRCVSqOLiltiiRQZJQkLaBAcVSXSikmjBwVAgCpCBVUFRGlV4SEEYTTGAlJREFVUUMl1UEnOqKPqFOOreFMUFpOMkPU5mmy+n6zq7PmBhkRUYIIKdIY44gaIcmS3DLbNNmWPE5TykEoZIORhWRMOu2+XwBv8PpvhDh3772168bWbIxk26YoETIpwqBUCqyQQCJxkLKMjJwmhZ1CYBuLRIQhiESEQQZjLCwbgWxjBDhtIWxSBSuAIMOWQZCAnICKLAmHhNMt86aHPNTky7zsK3zuF39RqV2/sVVnsygSKqUSONPZjFsaUWspDjevx6lNLUoUyabW6EuRNYzj1MbMZiCTiC6ilOrwanW0Md9abJ2aWr78y77U133DN5y57oad7WPjMEbFDaEkAnAWQBKyk0BKpzEgK0XDQggEAiRLFggIgwAQBCQCsG1bAAjLISSlUjbIBhkDSsm2UoGFrRRYaQcAFkYoOlq+47u+qyDHNRRlZguVqLWTqSoiVKusbGTmNI1uDgmTSXPDVri1abUe3FqCUEiZbq2Bauki1MZxGkbLJUpK05hublCjlIipTW2aiJAUqDVbiYQUDpAUjpANArds09Raa5nNcnRdRAmrKEjG9bgel8ihUlRtSwhUQ4AKIEvh5JlsAmzCxpJEgCUDxrIxTiANTZaRBNhKCWQDiYVkWVhhK42dBhCQEphA2HIAsmQoxsaFJEVKCoMBA0EA6QzJkLadnrI5nSqlILBNs0Gl2RARpSuSlTbOtJ0ILEIOh0pBpFMoSi0lSql97RzIUoEkJ6cdkqImBkm4GRILQ5LZsEOIsJBQSKrZcOY0jW7phiIc0ZyhIiJKBGotx9YkR5RhypZTSNiAopRCqUWiq12oSCHJTqzWJLsrUWuYbG0sKrVTjVprYXJrE5NDESinJgNprAgpBAjIVDo9eUqTOKQo4XRzk7EtEYqqWkuRyGZZ6ciWCkWEpIggANXalagOKQrO9CQpahH0tWBNaYJQGNsWGE/NLZ22bZOSKgqRKSlqqRGRgBSgiL7rIyIial/tYmMb6GspEREqpSqiQmJNLclMW4rM7Lp+GNa1KypSmgxkIQh7bA2D0lEKlkI5NQLbRXKOUzOqEUFgHLUDY7eGNNmKolCZmlWiKJA6uxR1pRKE1IwTY2VkSFJEjaCIVoOswqFSarqJqmyJkEKAJVAQAqthDJKNsGWkcRhAtZZMpyWyOUkkBR4zFQi31opqc4aE1FqTIcAiZKAIk60p3Wr1RCkI2c2Wg0JRONM4IqzUOI2EZjWy2c5JZMtaK0GnziG3zMyoIYhS2jjZLoJEIRAQCAikWjCmtDZJYVk2cksrSg1sUmkspAjseRTbWLUUF7JNyhI1opRszYWIEAJAEulCCGQrw6REWsVuUkRCGHCCTJICsDEExokDEmERdiICLJCwEbaECWHZRiiNjIKEAiFPsiwSwFgKMASSMDIWYRDFJYEGkNmAhrsIAjtymqSopaQh2zodaURmRpRSi0JykEmEJDCSjSBtTJQopdhuRgIcqlkcqVogShATxgZMGhkMCVV1igmryK3lNI4qpasSICRqLa2lbcsmgxJdyLZp2SQ7Xbpao9pTOoWoESncwkyYVJDOIgIBAVhBGCwwYEukkGTABsBG4LAQaRU5QTYSIJBIWQZhh5wgsCVHYpCESAwICLeU1CAkLGwLsB3I2AIbgckAy4vNjfd4r/f64A/5iKODvUJxkd1KKbabA1GaqYTDTiLaNFkibRySUAbI0QrKLC5ZHS5oykmKKDFNxhkIW0ECEKjRbBWnSoTDUsspiXBGqdlaFIlSgskQaZtG2qUELac0WKUWkUngJHEgMlsQSUoFm0BJkkhYYLCikA2IiLRtc9mwXpY6w0cRpbmFBKFicEuHGg4pSoRtlcBOCKuWKglhSzhKYAnSjQikKLFeLueLrVd7pVf5gz/6o1nfr5dL1aLEspEMThwZKQKwQk6cQmBJNhLpFOCQ0sY4jBFOHAZkGcA4RRgwLopMwMJ2ZGRYCchYIWNsW2CHwAWcVkgoheyU5IhwZo0YxonWrr3xhoPdvc/+1E//hq/9mr/987+89sab+sXWcv/i3qXdzc3NUruWU05ThLrSZbYpLahVomAa6WwoQlIorJBDQRFWMW2a1qvlvO+3Tl47hH7+x370Hd7x3ZJ23U03e2rjOKiUEjFNk0IADkGmCNtCyCAJGYfAOIOCwQ6pgSSUGCdIFkpbYMnpEHYAFjLCtpQiSCMus4VIwClkCVkkKLGECNNIKTKdAXjv0i7wiR//cdDKrNo5tKmohItECyLTbm1yKBRys0JjmxQUBaiU6nSmS6kR2RpurUkh1VoskGyANBGiOYtkGbc21lLHllG6rlSyyTQaloKwKFVCgA0OQiUym2oJO01m2gpU5KnZISKAotJFxdiOiq3WsjqVAMIgOzOtELZDkOkKDhlhEzYRto1kSxiFlFgukFiJQpBkCFvCABYonFxmWVZaYCwhy2Flgmi2wAalLEEqIOVACDIRQEMYGSRsZzqEjKOUEIDa1Ih0SrKIKBKGqJ3U1HIqUY0TIu0IIFtrdpSakNOEM4raZFku2NhpZCfpiEhhkoaxFApEgFuLlkNQuyoLLDKNVZSZKOwcp4lAdnFBDpF2lJAppbTWnFNImbhgSYggp6SE0ymlJ5CIbA2r9CJNKaAkUZROQrWUaZwaLagllE5MhCxLAXZmCZko9uSUMRY0JZOiaBhbFVGiBFOSrdVajduQqkREupHpzCZJIlFIQpKzjW2SZRBEhDORoyskYCkEgqm1aZpq1wGCiCLZYIUECmdObQypdp2dWODJCZIjnaBCOFKitVaioiidwBFKU1samUShjjplKxEtp67UzFyPQ6kio1QMeCy1SoWw0k5NbR0pBFYtBZGTAkdIUmAUpCe3cISwQmBsRObE5CjhkFSjTtloAkXIOEqxE5MudhN1ag0sJJQ5oSBMThCKUCIp3YwwEWGR4xRFfYlEqCIy7UpxhEpUIdqU2VIqpQirL0WhlnamI0mPOQaSJCABpnEqUUxGlCBUkNKBoWWSplCJEOlaIqeWDQJKUaZbupQKieRIozY2lymy2KmItDMzJ0sWGCQnCoxx4MxaSzqdbm2SVCJKDU/NVohSw2mwiFSGNLUxp6xdMRKgDEXUqoSQM20LhbARsuWQWxMgI6FA2FV2KIwtYSRZWBAmQQZAWBaWZVkADQe2w6TAKIwDNRyWDRayEJBKhXAyiTCJItJGKrJNIANhGQiwSKTibKYKqH0PWKQdLUsEpUQJpJjaZIoVVVYoE3Amtp1Rato5NUmCkCSaraBEcRKyQumUMdaUY2uhEgQiTCYEOKIQFgK3qWFotBIlx5ym7Gtka80JChxFCilq2NnsdBgHmMAtHSm31mRhE9maWiokopEBFqiUopI21L4A0RpNKsIGKyKxZBqSASzAIgQGJDmRI+2QTchYgA2STVgoDSAnkgFjYywQAqMwlrAbRAROi0CZiZCNsI2F0LAeNnd2mnV4sE9Ek+wE5dRUS0AGDlk4GyomXQJQRAELOcIjWahEdGQSEm5QSrHVGhEhlMZhbNkQTcZdYGoBNwfOVJSidGdStRgbZ2LbCUQQyM1WlK5W0xSyVYqRu+hIZTapCyGiKDONJDISGytNRKZll+rmhkH9fDasVkDtexpEtKmlW601p1RIyJmNDCcEJdRo40iEUAY4wDgkW+kEMp1kRpFcQj443J8vtj7jsz7tjd/4zQ8OjkoJbCMpgmxyOAhC0dLCMpaEEYBtwM5QpB0SFjKXCZsiJQZhSwFuQdhEhMlMkCXZBKEwDtTIAFkNKySDIEEpJIEzUZBWCMk4JNsKaM0ltk8cP3Xd6dueeusNt9z8em/0pt//Hd9x7fXXLbZPrI/21qv12MaoVQ2p1VLSBA5VQmm7pWp1WqWKhjpaK6UsV6tsnjxuzDZOnb7G0qULF97kLd/yj//gDwldd/0t0CwjsmFnlBDYELYlyba4wiBjbCyLKDbCKNKOwE4RKI0CZ8oSacmJZBk7FOk0wgg7BCCwQMgyDSKsDBkibYmkFNmWcAaRZEghLxabd9z+jM1jm6dOnMopa51P0ygFFTxNTWAjCBUHAizbCNGsKoQQaq2lSiWNHUUGJwSynE2lCMVsVmDKNo3rGvMIOTWO06zvp8wSsiUJh2komomwImRaNlBETqNLiTZOiQuhiFJt01oKRwmnu654UkqtjUgFZBRyKNcGnAFWCEBQUcMKMVlKYyyUgdJIEuAUQpmEcSQ2QRgbRRhLYAuB05JSGRRsByAhBwGkBCaEQYGNACtR4nAKO0zaFAlVoOsKslQkpXAmyFaQrSWgkAJRMhrprqslwshkaw1RS22ZCDKtqFKm066llhKtNSGFsEQSaq1lTqWUShhPOa1XQz/vhnEEFApCiUkk466bSTSck0MCO126UK2Z2SaXEoqoNWgg0o4CxDQM0+QuSgmsqLKTGtGmRtoGZ9/XNo4RFXIaxiglhJ0taeNQQsVKNI1TrbXZLhHNmQ0JUEi1MiWQCGezS0iBmoxLIEU0RxcliqaxtTSYKii1IpzZmKKFJBMqUbBCWKkmQwpGC4GgRhjGNjlTyqouItxatqYiTCalhlvaRIlsjVA6iyQVDFIg29MwllqQbdUoLVu6iZCc6UwLsFKNZgnSQ07KqCWitXEcp67rVLpaa6YhqaruYLQpNRDZHCollK21lgoMfd87Wya1FsCZEtSKpFRLl+pQKWmkKAJla04J164zKcg0sk2UQjpbwypRMwkVAk8JSjvJUJUSSxkKEWpTs5tsLCLl0vUxTS3TEapFU3pwRigUEoQipUgsS22Y0lm7PqdsU4YiQ6RbprCsCGGN49R1vWoV2C3slJWePGEj4YIcAlBICvDYsoTTyA1ISyiEnenmzFqCoE3jNI00zedzRUk30mS2zFJDjhKRSJkZxkzTVCOa5TTQd50znUmLiJja5JbOQrFcomQtRVJLR7HTDWoYhFBiTMsp00kpkZawScIGSGMh2dAiIgKDZAWekMAgBZkpsCyskFMuyFxhUkiS5Uwkg42kxFIYEChFcaRMgDHIQsaQWCLTNgolFrLBUhhLyNBcwqEA0gByCQfhTKetQk4TqIRUwsaZAtkoUhRVFDWcEwCiNUcJhTpVO1s6PUVUk4qIJFFfOxOSMxNJkSVKs7GTDAnIllFUKHZGoZ91oQAHai2bkuxKQWE3EcYoNLW0W1EEuKQUEZF2BCrVLYUcqFkRpai1TLsZmSkNZHUpQkhh21g2iQUIEc6UBEkoMIRlFJaNhWxDIhCyHAkGhEGWEUayi5USCKeRkgilRdgWpKEghwARtgkjZSJsK+Lk6RNwUmCjgIaItCURgsTCKUQ4HSGncTgQmUSQGAlD2JZsbAhL4MhMhFDBqTDIQoYUIauFlQAhJZlIaYWQ3GwhjMBCljFIQkBi5EiMIjAgy8LYRmAZSrEdVpIBBoElQwgyZxtbz3jKU5x2A2WJsAjCmRY4IRQISZX0NE4REaWAEE5nNkRXlJnGoSYFDiSnsriKeZ3Z0xu90Zv1s/7SxXPHTp1SGsBOkHEYgwnZBmEjWZBYCIEDHDKAhBw22EgkKOVICAOiGoegWRJySspEITulkGw5wLYijAA7QUICyViOxCHZYCM1shBgSrFznKawb3rwQ3bPn//1X/rFG26+8a3e6q2+/Iu+5KGPfMR8A9xyXO8fHkzTWAuSQjFOI56izGqtLSfMuF6labmyYlH7je2tGjMEcNc9d33YB3/Yz/7MzyQ+furM5tbGar0uiMBJSBIYCwsAmURFmQ5kpyyFLBkwJgFJIIMBTEpSyxRYwgRGkXKkCDU7CJEOYYWdskEIjElRjDMwFnIIQzhNWAZJQgpZbRqFpmF6l3d7t9J1ly7e29WZhOVpcsXGhlJCuCPSykwhRC2luU2ZoZCy2YY2tdayVClCqHnMRjoLKoAKmZOFqLUTrURBQSdbpUS6pYlQSI0swgLIySbtROGUI6WiiMhUYDtbRglJDWg5ZbNrBEIoiiIgLaA1KQRAA4yRZNthOWQTgMlwCKdBSDZCFpItYRkkybYRgB02AchgK7AJyaQCLKUJsGlyMWATQUsDAgMNFSHsVMiJFdhCBmxjpe20JIWwowiTiW2nAyNEEFaUdOLWTGYWlYyUUxTAttPgroSKbCNaQmtVpdQqsEuqARZJhqLvJUWtYaeKSCmUzTa1hJFxYIVqLTZDGzOTlNKlhCzkbCQtFIoIkVNa6mvBSkFmiqpqHKVYGRlWtqkpSrqJUjsrOmRNGZ1sORtSa61NY4QkBWrYtklUbDw1YSdSNIOdpIJQpBLLJhBgsus7TVNLt2xFCJnIzHAgMlOyiVqqFCbV1NywMKUGyMrMFl3poxvbKDKdSo9TM9lRjUuRLUqEZDvT4QSROCwgWwgrnJ5ac7qrZcTOFCp9ZLMkyWAhbIUktXAhrKxOkKJWWWMm2aaculpbI51pl4hAU2a2RvHYcGZXS0QhpRAhnCaytRRFYWc2HC5RcmqICIGmqWGjUCALIUJOwqQVAY4ITJSIiDaOY8tSClC7zmls3FpD0dIZGUAEoo7TpFCh2G7NEIYEg4RbUxRJrU0osIcxu64EEKoqgqjYRUTmiCWyREEoolBAAtkWWKXWHJNQKXJ6mqZSKDXa2AhJpbUMWSVyaipRS20QKLPVUpw5tgmrhYXkqH2VirFzynQgRRSF082pQFLLySlQV2so3DLJolBEtpxaCztKEaG+eEqbzDFKj2TTFWWdMbYobmMrtYAtbDWMk9DUJhXkABJqIUEOnAijdLOzRjRSWYiwJ2w5UxGCkJsRxoEMRmGaXAJbthBgWwpsh3GxLSWOLCYVgEySciEQGISREJbAVoARssgUWIAd2LIMSIAjpAoJUghZynCkqBLZJqcNpRIRakYCZwLYZJsk2ZJxTVtyomqMQ2Zqo41KjeIpmxsKS5pac5qgKESkJ9xyilKLCMulki0BiAgD0DILiTAIrEBpUOJAobAZh0lhldJHWat5SjdnZq1dKrJlFBGGpI1AZDRTZIAQmUIOk1aQdiqEQSVxWJaxaThQCkHIqcBpUGKMsVAgMLIDJUoQxkhOhJwIjCVsRw2njBFgitSMkgiRuDhbJmlHKK0QVrMVhLBHI5EggdVsNIkgaNkAoWZshyyiTRkoQZLIJEmssBx2MzS3UEmnQsqUM8OR0WxCbikk42JPIFmSk5QBWRY2JdxSwkjGNAkoSSYI4USBQSmMWwaeAGcSGchgOQhbaBpGjDMdhFSKkLCmNnlKlVLCIClCmtRCihCWsEXUiGRqaawIbKHMRohMqSY0iWDv0u72zok3eL03/IVf+vnNxebhwWEUZ0oBaRKEjZEkcGAcxkhAWiEAI3BIaUuRdgkyBQ4L2UaWIxFpRwgwCiNh3GQZk7bAAjBE2gCSbAMGsJBIU3BKMiIyHA3TLAnWU6u52trZOnbqxMXzuz/1kz/1Uz/5U6euOfERH/Rh7/dBH3LDjTcc6ze4X7bmnIY2Ka1QnQpd6Td6ShEB2ICPVgff+R3f/YVf8Hl333MfsH3i+M7O8ZY5jGNESbdQkexiNSuiJZLtQLYgCclOEQ7LAAhJJiQM2CIUdoKwFWESOY0AK8OiQEOB0w4JjC2wAgwUlAIDCGQsSIXSSOkMgVECJnDp+4PlAfCJH/2Rwjk2IjONVOQWFqoRzXZzI0ECS3K2tJVEiRCUSDstuXQFZCtMRClgR9qJi0x6zFYIC2GsEiErPbWWSMhgIooRqMa0HqfWSi1d6RyJiehsd1EdmbgNDbcGpYQAKaLYhkg7ID2le0QonDIAJgFbIAChdCJDgB0ObDAIW5JINSEICcsyBhAYLIPlMA7JluzEAoJsyAqlCbAsCyycGQqcIGMRwrIQYCGLRGEbQAZZALaRlQJLEIFN0uSQJFBEZsOWIoIuypSNDISKZDmdzoiQCk4UNs4GZFiZzVlKqX1tU3rKlhlFXe1CSiyKgbATlMK42GmyqERES2dmdbScUFgEoJKZMIEkt3EanDlNpdRSIrGMIAmTrSWhTpFFONysGsWasmEXWSaDsFqbIopbBsRs5onmqdYapSuRBuNsVsWJwLZMA1qr6pElnIloOAwqhhIFN0rQEkvFklTlltgtHYXm8NSgRSlFxZZpmc1CqSbTpCAoRcVoalOES+nTdiZyKQqCEqSzGBSwXg/zWsCOUqRpSoeUbRwnYYXSlEApwOl0kigshUQ6RQgjVQUl+uo0OJ2KvvaA07ZqkUpMrYHtbBOlFkUptWC5c04Yh8o4jbIUphYaIIVkO2NsU41aQmSkp5BLRDPOxBg8ZYqgFcekVEFF2BFhYxwKYxusJEG2ZTIzaiAZulqjRFrJMDaHFBFgrFBQw5AtiZCZMlUUgSKcLZsVWWttU0tniYKiVrWWFk6ZFAKGcVRIaYUcKCAjZCHkcUphEmuammtRcRndmOxQmhJIBXsYW4RVQiKTUiIUpDMNlFLsDILIbJKzJbWqRGcysaQINSsykDCg2tVALVNWRFBlZzMQ2aZxbLVWKQlnc0IYUeQUkHaUCFkWKLAUUzN4aLnRQp0t22E55VCoOAMlCpGmiER2hhQYMMaycAYijCVkJ4YQtoWwUIqwhSiJhWws4xJBIyEkOW0sBUZgpQEbi0BEkAkkIdIGyAQpbQuQQIJUmITqNIbSVZxkJIaEMLi1tANDRAicbjkQKqrCZoKCBQgx5lRUMm2bpJRoboguughay3FshloLThRypqIokgzJrhGFcDYk7CwRIRJAgpASMlNCkLbGXEWzZSwUJSzC2UUkEUV2BAWQATkt2UgEWAYJIEQahGTSNrYicCClibAzIySMQMYkCmQcQbMEGIcxWAIghEEGEsLCREkbAZYjyWaRiuI0kpWFsJ0irHCakAvOjCYDyGQgJwRSYiErSQdqSKSMgLRBKctyJBaJoZGRmrAQhlSTlSAgLGiYkDASUmZiSRbOdOCUASyDAjsRBmGHnGAFLUOkLYSQsQE7DDRTkFVEhmUjDBYFUDhJhCxgGlr0RamgqIqQkFDaSZaoYJBJB0pFEVGlRGRCswtGHu0IyUWSkaK1puS7vutbr7n2hv39S13XZ0uEDBSUNlKkE1sEIm1ZYEthYycSQnaiELZkXKAhWZYV2LIwDkJKEoGxM0Q6kCERICBQFssiwBgEBoGRbWHZFiQhUjLIoWgoZBsTdvPUdo4f2zl2bFitzt9332d/3ud/9ud9fj9bvM1bveXrve5rvPzLv8KjH/vi88WGSll0M2CapjKvAKSt/f1Lv/obv/4TP/FTP/fTP314eEiI9Klrr9/a3J7aMI6rNDZdRFM4M4AkI0TgZkCJFdiAkQIjZNIEiQRKMpCF7LQlbGM1OZABkA2QJlLIWIQFGEm2LctFMhOOlGmiGBCSSSzZEIARsiBko67M7rnzLope7CVe1m292NhobUKKUNo0I01OjKHWIivJaVhHVAWyCm7pHEdCgky7WUWKADItFCUCcNrYBJKC8DRl5rpErUUt0+kaJclxaLWrpZY2TZEqXUlhSBEUhZw5tlbD6UynSg0Vu5GZRqEQKbK1lkYWWCadWNmwAQOE5EK2LIrEyJZCtJTCgK0wSJlWSAWDMUZhLJFOIQEG2SacGOQgCDKdgOwUikhbskEOZDmdEdiWBJaxwLIkGUw6IRNIAKsIhYwDZUsToVDFU1BQZqJQmyZDRJFCZCpLqXJrSaYlIUHLBFnCrUWRishQke201IwTcGSNEqUgUnYaZyqUCTLGnpxya7aKcS2KkDJcSt+cNYqdZIZQlGyZzSJq0GqNGg3SLSiqpaBmqzgUBmdmc3QEdlGJaCadisDKnAgQWcCEKr2xkTKbpFIi7U5qOTlxJI6oQVo24SCQk0aoc6RkpxPsqEVoUqazUiKErdKpOEnSrbWWGYTlUqKWAFoj3SBLVMltSjClONUyS4mWaRwlJJcoRm62QBF2kl0ttg22x2xCThepn/fOpigVMnNqDdxaQxFFChmvx6lIFqXITTVtT5OkCElRqiTkRoKE5JbZWpSoUdSHG5LszGY3iyKM04lIKFjYCsmyU0FBOTWFIxTRWW5p7JySsEJRnROkHYIkS7pN2WSswG2cWnFRSCai2NnSEYHBMrYdUWxnm4IIpNDUErdQldJEYCCQJVFCNvKUarSWReFsiSOQisOtySYzMXaChEIhibDtUAkhyVaUgrOGMouhZYqE3pGKUkqVjd0yrRaiK5ERYUpUPLWWiFq69OQxMaUWcJsMilrG9VBiVmqY8GSbtI0UANmm5mRSUwqpCJtA6qqac0o3SXaOaWWTohZFQcI4sRBpcBhCIGdGlFCMyiAyLYyqAxXbYBRNqQzbYTdFIdM4wkZpC7BEWhJg7CSEQ0oksMBGQoCBBBkHNBO4gQzGylDYRkaYKwQg2wkQyEIg4QRIAc2eCaEpUzgVthHZEmEI21GakpZpdxXE1BSyooacgC0pUioCZFoJubXmiAhFZsvmKJHKaT3m6Nr3oEwjSS6lRokI5ThZJqQ0QlFklRppsKOoTc00pswokBGBCJDIEROlk6dEziSCiAJGASQqNQLSMikJSMCpCCPZqKUVwraEEhAAzchIIrEEdggsQpgUFmGBhblsag5hW5IBkGwjCxnARgGWBZkKYeNIOYyNRVoCEyqmpRVKCywwMkgJYSOQACvCBkDgtAiHSzolBdmgBLZkOaAphSTJkSALIWOFnEiSFQF2WoDsdBGTLRSCtEMBjQicKYIwFko7JEu2bSHktGSBhQmRGDlSTSE7QjjTDgkhGwUGGg4BGKfAbpLCtHCki2rixJJsO13CCGQDaTtziCghKVsmTRFCpQRF2SZQmyZM7Wo3L+O4On3N9afOXHf+4r233PLgo8N1Qc4kAJCQw7KwLSxQ2A45ASNJAiCDsDGSWmZRtKSgDIcFKZOywA4rw4bAqOCUsIxDYTtFNkJWypJwSoEBSThNATCIxEKSLSwJWyiN7FDLiJimZZn1Nz/oIRHl0v7+pd1zP/KjP/IjP/oj3E+KbjFfzGpH3djeXq4Oz507Z4N5lmMnTx47ebxGPTzYP1rtkURXNLaQ0gaDjEhUDC2kJLHACQhZwg6wQGEjEIBlWTYOyQaELIxJJORMCIRIHBByEk4rDEiyBRa0okgjhUkkmcxQmDAtuMLGIlTU1mN0kzM/7ZM/vmWuD/ZL3xV1xZbUMgW2JSkElsRlJSpCEbKmnLCihEJC45SUrLVDjNPkNtVabSOZkNJJKUUREuFoIZJsWUulIskp5zhlUyvT1EIOoigkMnNqCYkiIA2KANstEyxFKWGyNRsHlK54apLCtLBbSspmwAZZqFmSpSCSFLIdobQLJACWA6UB25ZEyE5sIiSTVmCwBRYSQkImI4QNMkhuRoTUSFkkCtvIshIHmLAThRKErHCmJSAkiBCKwOmWNiaZYmSIiAhlRmK1TFuKaRz6jhRYIkE1anNGWiVa1tamUCQG0jUkugiYshVjRTpRFFUV4WjTCKQJqVQIZWbQqXqchlq6GmrZ3HIkcQq5uIQgQVYCThKAUpWN2hURREgFk82STRORmYEkJKZVyw6ZUksXLFdD35UaZQKSqBLRWqamqJX01EahiJrpEHYaQowTJSypCIdayxLGKl1N204yrcjMWoqQM9NUFWSnZKyGBEIqxRFFyCUKtMzWMoQkRWltsokIpEwUzPoeGMdRSEUipqnZUhgDMZGICLVMUAQg7CSjdDk1FLKbE3uyhaJERJEiFGMblelaJGEk18CWTDoDO6pbwylISc2UiFLCpoX7pma3NqWTpNSIAkVM6rouwlitTYaC7LQppQiNbcqwHDWcJrOBooQgJKKUsKU2NSzDME3CUolMImoXoCLRCdNaCqmE7DZmFEgsp4OQmxQKqRS1SQhFwTjElEg4IwzCGaWqCw1Oa7JrBJKdbXI4kzQ4qaWUEpacTjJQKZWQoDlzaqWWzLAVQWaCVSKKAlEITCCrSFhNGMJWxNSmaRgRfT8zdqIShmzN9pRZopQorhVbCEfU5uapTdPYagSKdNZaM9PNCmFLQoRsq6UiaikiDaZGiZK2M5MsigAbZKepRZDZhEKKiIggigIgTBC2FdhISiRjEQpjQAKEEUIoaYEQgAQGJGwhYVuSbGNQwZYwKcIlZRJDCARhO0WAARsFACkkhTEJIkQzigAUAkoo0yDkzCRDQrJDQthjJs12AymYphaSJDlaZhRVFduNVjqRajlBiMnCeGpjqIsIRQrX0tVFHcY1EXKCZJlSK7azOSWw0lNmKAKlIlvDzYgGMhKE3ZyuVaEimEwykS1VSynIRRayscmWklRMyjgIRaQnQDiiSLIthVFRpgSQlnFJLFxEWigRMpawAdHSERhZDjBCTigpRRrJTiQZG8kmDGBAyLhYGRkNkElQypIFYYwNmElGEhGkCUgbJJuwsyBLdpNkg1HIkElEhkmhJCMswrhAhmUBpAlnFgG2ZGUgZ5MiG00IGwSQppiUAoztUIQxJjCoCNsIZYCVuMi2gDQK0mDZgAEhQ4ZkG9mJJZAxYJlmZAE2QQokCUhnUQmT2ZJUEc2UUhTJ1LJFKSFFYmNhe5pGCYhaKtjYmVhOm4ygkdMwdV1/uH+00y++41u/+a3f5q2n1dRVpjFBzkQqBRqEAQwIGYQMAoEFGGQMlmQjhY2lsMAYJLVEAGEsZIUwwgmkiAyJTAmgBDYWEphwWiEEoBCADRgQVgIFbBySEaTkMBIRXba2aiuj2tUbb7qxRG2tjVMbhqOjo9WwXg/DelgvBed2L0ZUlb6WOH5iZz5fdP3MbVyu2vJoTS5DFEVG5pQRFWxMEqFmR5EtCWOQpEQ4w0JOgwGEHERiCSfCEGEsSwZsWViEbYWwAAQBhrQV6RAIbCRshJHtkBIpyQAIDNhICXJCCCRPQ5bZbLVcAh//SZ9aSxy0Fq2CMltEkQhKMjnTYJCNTUKRrYAEiKiqEdmypUOGKFLayoyokoxzylrCjghQSDhRqLhKnqaWzrCkqFGiU2Kcfd+TbjhCGLJlNkXUiMwswjhBQTiMSykkkx1AhAiBug6pOWvE6EaJKIFRE7ZEYARGGakMKzEIpSzzTEocAZYsnIRwBDYBkkEGp0I2QGLZUjQcDkU6ZUBkQ4ANkiwJ20LIspwCsC1BIhUpJERRAEgh0jYQ6tQ1NZpVAqF0iZAojpYuRS0JCRpRJKZm3JpVhFBRUEK2FBJGbtOUlBLqBLYKmYTaOEUoVMY2AlGqbUEmeJRF4rAQKJ1mjOhkocipSaKQiQAbKKXSWqbdrJo4ZEop4ziVUDgSAIewLUpfQiXd7DRRQm3CHWlXFeOQmoScmTlNBH3fBUJqUxIKCmTUwLgZ2c1pSEetznRmRJDZsmVzc5baieiqDEq1bDZRJMc0raOGHM50OMe0AicKhEJqGUSCIkoUt5ZTSxMlopSIKFKzs+VEq+pqRJrWGogIMDaEiJatU0RRVddaAxciw0URkJDpqMZNdl3MArUxjZ2uqVAmiiiRLdvgtEtf3YqkojTGRITSYzaglmjImU43TWrFSmE7bCsUyFjINraCnmoynVMTZCEcAjudEFZLR0gIbLKUEgrb2FFrKMiWdiTjNEVEqQUZG2wrIoQEDaJgmMgiUUpERIQFOAs5tRJVSklSkSSyEV2NljlmCzGNLSKaoFklCEeRIrARSmyP09jsrkZLO5syhmnKNsxmGyG1iKqQcFoRmQZnWlBKYGeb0ghySsu1dJLSlnFgJxSwsEm7lC4ytR7H2hU1ZbZsJrNJtUSkhELFXeSU2caoM9JjTlJIIARRa5ElWko5SmTLli5dDRU5m505FXVSpFum65SSwEEoZGViIYxkEoQNgoQwMoRtI2FbVmIQYAzCRggBBglbyMbFpIyRMFYKBBbIJAIsZFkEwiAnkFhIDpM0WyFbFuBsgDF2lIBqpwthoUins0mCcDhSitKcdguVUsPpmh6niUCSiEyLLCpI2bJE7WaljUMjowDVU5pWIkoUTCBjO1EABpMBqDgnG5NkZEyZDsLYmVFLRICdQpIi3VAoXaOkDbYVICIziyKRA2e2qTmSKCgF5jIF2RxhBUh2yjKApBQ0E0AaCRAWRkpLGCKUtsBh2VKkUTEOcMgQTRmEbEu2ZWETkkkTslMpAmM5cDPFAKQA4ZRA2ICRMTbINoJWCMtpJBIKUijtTJcoJtMZyEBmkSxoguQyScI25rI0IrEothGSSYVsEoedEnbBiUxzBojAtiBtYSMrAywpcTqDkJzpQJBEgDEGBM4MKTOMQ6RTFrIaisCy0ghDgpszojhx2lgibSYbRaLAFrKxm1o2FGFFYT1YaD4vwNQQxjHmVGudxqmoFgU0lVJntY3Lt3rrt9rc3Lr7nrtuuPF6K4UDIZyS0k0KELYJbABsSFkocLMibCCNDBJCNFkGwCAhZNJSGMsgkQZRMpIEgzCWjQS2AQFhEBa2lShkIYMkYwSWKSE3KCIJgnDLSRHFCmHRmlfrAQ9OK0rfbSxOHYtwV3qQlS3TbRJhbLdhPa6PVo4ASbJsBdiSpICGnShoSUjYThMBknA6ZAAZAxKCRCHbgUlhHIANYFsyBkGIFJC4JBZGgQ1QEguDQIFTAFhgbKS0FAAiUilblgCFMVKmJYJy173nHvtijzh+/MTqYHcx20C0NpIgCLVMrKSRKiWEEpJ0qkSi6mwlFJLtNJKjFNvjODaZUFc7oNliSqOQ5BBuaduSnZhSNdk5ZukU4jKl03ZVyAmSAHelxqxTpqRmhwQIqQSZrWVma62FkEopkW6ZlhBkKiLSIBlTBHLakggDJZVYEgYZkMEiLIfDpMBgQg2KAJCNsJGwwAgsF8soyQgc4IAE4xAAEtigNEEgZNsGSbaDcArZOYFtjCRMG5vnJk1QJKFSiqIEZBopFJColEjoEU7b0cap1CLjJKoMSKolhKQ0TpzOtDFJUQmFLRu3lsjpKC4RXObMFFLYbRjG2XweYaclVTFmEThMtnRmc3ERRKl2Ylu2HUHaOTkCKwpEyJhAGRZKj9mCiK66DU45hFoJ2XhqSA1ozUREYCSr1sw2TVNRQQ5FQoTs6HDLTFo4sHFSgvTUpihhLKkorBQl3SLClrM5AikzPTm6Umrn1pLmzBpdSA2rlBqS1VqzUC0FWqanKUJp25nNIWGaGhC1dAl2MzlN2TJqEBGWlYEsShcSbUobkVNSQrVUEsJCbZoiNdkmIp0QBSkaWWUUIam1dNpA4HQtYQWW7VQiKZC9Xg2xmGOC4uKAli2dEYFsE9KUU0RxIkkSMhE4StjpJBQ1W7NtUDqFUWbazcgJsslaKoVSsFvaJieXUkJIYmpZFLWTjSCx2yRBKWA1HMhqmZmOEmHJqrXYysSt1Y5pagJCU2uyIZ1BKEoRzsDNpZQGbpm27QihCCBHKCLX43pWu76rGeHMDEKROKcWKkFmupRw2oLWnBah4pAIum4GmloTUsHNGFXZIYgIMqfMEgWJVGJKdLWzO0xzlkLLxJ4ySwRRxpw8OYpKESYzQbYVEUjhyHCNEoxjm8apr5FCIogkQ4qMsTVZFhjAtlTILCqNFqpgCWPAQmBLBgGYZxJCdhIIlEBYiQFMCmVKcso2SCFkmgijQE7LSEJYkoVssB2EcYDBMgbhSKx0AooCJBkhINtkUywcCbaJwI5QIVwSqRIOZdpj1hoZCksCRdgGIJ2iKIqEZKJEIxMJRMtM7HR0mJAUYCnbhCRZUSSNja6rkjI9TWNYqiqSS3jKyS2MIoBxnOzs+94hUchmG9pkKez0lEPpu4Bmkhb0tMxmTIkOEEVRwZGkDAmyJUiQbGFLWDYosUCJAUlGlsI2YaRIWxK2kIUdQEEmDaQVSiwhJ1IABoFJETJGklJNBjBAkI5wQ2SikAAcFCDJsG0RSmMRljMRlmwmGRQ4HZJlIB2yE0nYaRFISE5CSoDEpBSBbSh2kyVhkJQ4VZRpIQCnJYOMsQQCWzgTRQRpEQo5bQhFmqLEGBKkSBA2aplCRokVAiHLwjllRGRLCXAUWWFauEgJLop0y4yQQNmyiZAQkhAmi2KaMmQQxm5dhK2u1rTsjBKZGdb+0d7J+ebnfd6nf+zHf3KTukozkZFMImwihJ1CYVIgyYmQwIYiOUEAWIRBYBwJwliQJgQkEgZhk1iItOXAtixAQChwEyE5EwgAJQgk40ilpLQl06RIpLTDMhgEVjihGTmlQGSJ6nRqiiBz8NSYvNSyqIzTFEXOhCilhMJAFMlOh0gFtgnZ4AxESU0kwiSOjAgbyRhHCGNjLAljkHCCbABLAoyNhGxbIBIFNpJT4jKBLYScWLIMkAgpMkGJJWNZYIyFHKkMlIJmhyQsG1TCCfkNX/N1mRwNUy1NOUXpVAI5LAd2RCtUIRlCEYqGkXJqljMxiS0pLWzshKqiKLITh+QSEOBs2ZyhMOkmy4FQhNNBtmxk13VqiRFJVIUxWCpdAPY0TqXWMIqIxG7Z0jQlkiJkUxxkGgIUBaMQDlkykjINBmHZDsnGIIywEaQpjhaOtBVKp0VYmIAEkIywA2FxhYxlga0UYCNZMoQSh2XLStlJBLYi0wrLYaVtHJgMYQWJoYSikMbNYIl0w9IklWzNYGxwS7AwslTAQoSyTW0cuq6rtQdnTlCFjLnCqVAtRYq0W05ZOrVpaq6l1MBpt4wSgI0kp3BGKV1QClCytJIaoa+1OXNqUql9h2lTUwg7W0aRE4WQOkcLy5k4M5FaphpWw04rgrAyp9YSiiQ7kcJSoUQxnpqQiXBLUUpBojknNxqlOlwBhTLtCGwRTQ5EKmOybTvTgZBrFBWCMrW0KbVggix9b1u4lpJoykkhFKXCpDaO9NWYUBASaStbmohaS200IUIhWhM2YRQI2UQU0ZWqWto0kWkVIKJI2M02EXiaWrbMrlQnwgEtWynF6WyyJ5USCsnVSlsyTktEIGpmjm4l0ulmCxoNEpf5bJYtx3GoXS0qziQiEkW0sY1tDEWtxQZaa84ml6iRmYlBqrXKjqClIEHZmkK1FrtkpsFOTGYLxdRSVsqBREaUbK1NRK2ZTQrAJoIokZhUiEa2cUpcorQ2eIquVpPKdHPa2SZwKTUT04B1m6qCQnG0aZKotaOLgJZNRZEQYE+tdaV0tTeyc2MxMxIWICGlHYQoNplG2JQamGlKOaPrpJRdap2mZlsRzmyeikpf6tSsoKokzpyUOLIr3ZQTNkkKA25dFIjmMZO+FESoIrdpMiWkNIowSjucU9KGVmpRZooiG6ZpjBp2mGZrdCuUrkSEshkDuKFAojlDCpRAS3BEGGykRADCRgBEGNIpJZYJCdsR2LIUBmEAI4OwBZYxtkHCcuKwhBG2kSw7UcgGYzusLJBIDgBaazhr1ExjSwXZIt1ycik1gCBba6FACCcGMtM0E0QoUqglBRmECJShcOZqGKSIiAilm6FEWJRS05CZtcjgRMLIoVKcibAdxplVRTUCk27YuEbYzmwJVXKJsTVBkBEkUkS2KVIKNatNLVtGqItqUqXIttycQMuWrVEjbECWJSKdITDYRNjGQrKEEgsZOy2lEUiBnQYjgYRTDjIpAXJaMpIhDIBF0EzYFiEBWGDCDWRBApJSEWkXpyVIW4iSQhiH0xK2Awx2orAtOTJSkp1WyBhjJNKSbJAQ4ESRKJyJUYAJO20Rkg1hIQxKW7JtB7RANhTJskFhELYtKaUwJDKQaUIAGMkNJARgLIMwGAkbudhGEkbIGGUaglDYTXIJQRmHQRVJaYeilDp5pLlEsSyiZQsCu+96QTaPsuwogTGYdKag1KJ0a6PCpZU2Lj/0Qz764z7+087fd+6Ga689XC4dEQRKJNtc0YIwYEnOBBG4oSDAQhZgkBHplDESGAnACJxQbKOQbCxLtgUhJ0FAZoIQGIdCTlAaSbYhFIimIk+WwliyASQbYWFSIScSKUdiIt0sFIFxVJwuUcIkfR9pEQIhcCJjgZAzpbAlbLCIdKoRJUwqhC3JJmQjY2USsgQGsIyFUgTGIYEBDEKEbclCDtQMAikMspFAkEAIA5YBGQQFZ4rAIGMESEbYkLZCFGPbCoz7+ezuu27f2Fi8xuu8vtuonKL2KjUipswAAaaERggopdopaC1xpsHOtAg7pRDYdstSSy0xTWNOEyZq1CjZ0jmWEpSiJJ0lIquEAyGJkOQ2SSVbEyKEqoQUCeCCJGcSpWRLO4uABAlH1CRBEUiqpaYzhBOlFZGeMl1UowRQIwCLLK6W7SwuKZN2kW2QZMA2IdtB4MRKWQalJINwmBQgDCClEZYIkAMBcqSMkLFloRSSSYRTSHJgECEQxhiJhkTLKSeKFLIzk0zsaWqtRJFCgVBYTcgoSEObJEUJnLXWxE63HCYTkjTiKLW4NSukMAgEtcSYhdaMSsF2yywRVWFk03LEKiWQI0RGZqrIkydcohDqFFk6sk3DhJCZxoRJKFVU0pNV3EwEU8uQsmW2jFpUFKXgzEwpnM127WYRdmY6WpuIKCqtpQIhZ5LNONMIJxEhIgrgKaeQZNI401IUF4WNipzqupImlK1lkVCQbTJhFGqZToIwzpYWESmwKVEl2UQVqoFS0NICq4RcSkFtauk0dLUKY4poSaZLrRJYFUNFdrpNKWhKQUk1NwBFROmk1ianp2kqVSqdTBTSZLYgohRJ2UYcQeI0sgTYjua0XCJapk2JiCLLUiicssnMHMcJWTWKZCysqlqKsQjSEaWU0pxuaTvt5mzZsk3NzYlAyAYFyqkxjSMCAzgxIi3TcsqxZWLRWhtba21yphSttdYmyUJpnI1wKp3piFqKRKkVZDtCpKNEV+p8Nq+1k4iiUqJELGbzrtZaSqmldrXUalJ4zMR2mnCbPE6tTaPJtPEEQCklQKVElGBsAkmZCQ5FqVUC4cxSo8565HGcxpYtEzsiiqRQpQg1MsICF4dCUaNELZ3DThtFyMoQoeII2zXKrK8KYaKETURIblM60y2VKSltZItMu9mtNdImSrGFGo4SBJEYlJJJAgAZkxgIK21BFCAySTBgYWzZCjuMcMpGYAwIg0UmgEhjBQilbOG0M7EAG8mybBSSBciWCJlIEKQhJUdIJcJCWBgDGUaRthQqTowQyCq1QHOAkArphKk1u9kuXVe6YrAdoaKiACuQDSEibFJRoyokgQmKnOksCocDl652ko2TQCWKujBWWIpsbrgUqQRyGkoRgDONouv6rhYEqSIJTDoJwK7ENLX1sI6IWksppbXWnEGUiAhsCRAghYpxSBaybE0QAE4FwggJMgkLhLAsCikhjLBx4hBOCaUQOAoCkIQkgw0YOVASggghK2WMUUCEJRvLAUimCTJkZAOWZdIGsIRBCoQjoBgI22pypC0L0mEQBZAMAJkIbAKbdAIODAEWspCxEztIA1IJQwCyFDYSNBIAYdlYRlgyAssIhCARJrFMGGwjLKEILAmFEsmWFUJ2igRsFCWCtAFPlsgER5UUhswJ0XKiKaJECRSkpTC2LWRADtTVIqnUGiWwjW2mcZpIEhM14ujgsPT9p3/GZ45HS6urpQQGbEKBBVaSAgdpk4JwoCYihZzCtgQowG4KhwSBZUAGI4SkMBHCpAApDZCyBCYtYSwwIKG0HCKwDYqwSRxOrLAtC2Qj3AwCLHBD2Egm7ZBJCYEsBEIhZCFsCYSEMCnLQrZBUjQnGGTkDNsgG4NsLHBIsoVARpIBlLIBQxiHwwalwGAsIOwUFtipBmCBjQEkm3RiASBkhEwIJGcCgQyJASESwLJCEUK2AwCbiJjNSlsP3/iNX1+i7O9dmM1mZEMhSUCmM5uzZUYE4DaADU63ZpmiKCWiKBTpTFMjohapGGqtfd/NFn1XS5ImpZJRaI6IUiJtZ5Nl25khyFSRcbaWJMLpzJbpaOm0sdMSEuCUppzSIYTsdEBICpGM05hpp0MA0zROUxOkSds4SUQQxTZEEC0SWRINLBnLOBRgQIClxIGRA2QHgKwIZCGDE4cswAIBskwGOCRsCyxlYGyHkBFO2UkCaWeGDMigpgkIFaAlTqKWrotaulpLKRERtfRRqpVF6mqAC5QSCinCgFO2IhSlK6qhGp1CrU1pcCZO5zBN62EYp6mUkErz5LSCkDCTc2pTm6YwmdlaMyBLMmBHaBqmMZsgM1ubbEsuitp33ayvXRddKVWyoiuKqqBNGQpFIJpAlIg2DcMwKpSZoFprYBKICJWoyshsJWSjMIooRbVKBUsgEeGMNAQqUQzCkqpky0HKaSGNU8tsTkdElBK2LUyDNEoiZDmzlUDCiUNdFEXB6bRx7QpSa85MZ6ZzmDLHRiZBKVFLDYl0IhQRlAil2zgJQpLSJjNLFUEoPLXJzTC1NrXRblJAhALJJqcJJWk7hSICu7mlDRlAKbKRhMAtp3R6GKdMq8TUWqYjhGw8DWObspauK9WpcZzW43pqg5tBXdfX0qUzyTZNJkuUCLWWQjJScXocpnGapkwZ2RGIjpYRkS3BKByZbbKcToFC4Da0acqur6VWAaJEdLUYt9baNLkFKSXGRUSolIhS+64DnALZUpGRhKBNk9MhYQOe3MYGSWIr0xJImZaJINCsnzvVsk0pA5FTa5kpwpkZzsxpnCTbTjvHqU0TiSICycaKUiMipFJrVcggpyAQImSpEJKQokS6tWGMiK7WKLVGRRg503gYx0zbaTGOOeUEUaK0tE2C7ZxaNmdmiSg1qCEVIaDZ2VpOWUuJ0tXa9V1RCSmwQCYBI1uyHUIpaAbZIpQARFpgQ7MTjCKFkREyaWxbEg0ASZnCWIQCBQQWxgK5GIfARlYacIJlQhIICFLYKBEQsrisUgAREZEN25hsCcgpAYooCgzgQKAQkkhkN+eY2Vpr02RaFllyNkGSrQ2SS5QSgHFTFIhsbWpuaWdLMNncMkhnjrbbOEyZGSXsUKmlFCctmzNLKVI4Rbq1sU3pdNrOFAKlM93cklA3qxvzeZRCqmW2sbWpjTk1cmyWnTZGBpxGRgLJliOwjRW2sLFIFKLZGIOkxMhWAthhBbYIbAiKZCttbANGQoANMs4MAJGBIZABOdM2tgRWCmfisGwbjIQwSEgGYwBB2sYpElATIkzKJA7kJIRSti2McAQ2FiAIZBG2LEASNrZNWE4DwmkHTkwasDEhGSPSCQgUgSXJhrAllCCwURQwQgmSjLDSFmmBbWOEjElzWUpCwglgEoVksCVFRGCidKSn1pABYze3dIAIRbTWWmtFodCUzS0zM9PgrtTSlai1i1JKUVBnnUSRP/uzPoOI229/ei3zcWqJAE9ppUNESEIoJMvGWA6wDJaRcIJJGWSELQwQBkHYNoa0cAorjSw5LOQ0CAvbcoANllsSIh0CgiBtkG07Qo6CMCaEbRUMdmAQgGwAYZMytgGnDChlwCApscEgkEkZKzB2OghZtiUgLWEkGwmQhWXAmUkghGXShIO0JAwyRmAbIwss2wJLIEkAArBAApPgIBDOZlsWOLAFThQSGIyQkLEFghQJIGybDGFnhG5/6tOLeM/3et+2XgXq+hJVdiYpqaUkai0oJNJuKexMW/Q1JEUpQSFkQgSZrTWbzJYYETVMYEkRUaMrsrO1tG0jogS2bdtTm0inhSi1C1VJEcIIiCCUaQfpTGOpr3XWLWqEJaGAlMGlVJUCjlKkMEjKTBF2JFNmE5rGCdOU6ZCdkDiMLWcYbCAxmMuMbTIlrEABkQhkycJGFsKSkQMwCLCtlJ2JDEJKWbYAELYtAWQ4ImREhAAJA8gBSNgOMiScWIRK1FBImtrU2ui05SnTCMkhQp4adjYDEk47I4m0ixzGdloKilQiIorSklBiSQJCypyURISKVErf9zWKVLIxTWOmaTbqZ53w2Fqmwc2JgggpQmCwszlEtmyZraXdkKJGRMxKDct2tmxtmqY2TaOxrEw3W7Ix2CUVMWW2dE4tACOEEUJyc7NJMjPJzCSRwjBlM5YJIgRkqXS1RimSbUxLuzlJy25pEI02tWYThGitEbbT6WmahtV6GKY2thKUrkaJkEoRJSJKV/taa5QCpMhsSTacU2vZppZTG7BIOTNwKTWiClAUVBShwLRxatMkwChwkpmtuWWWqH3XWW01DON6lKWisJTpaZzcGlZapUYp0ZXoamcndk4ZRFWJUD/r+77rZl2pRWFJVV1XepWQlM3YgJBKiEinodSiQKXUEkgKSXRRmp0GaK2lrFCoWASUKF3fo862ofYdEUR0fZFDCIlEVqZtIqLU2nUlW5umJkLQnFNrTqfTIiJas8lpmrJNmUytWSYKIXDaKUeRCQuFFAqwrSAdoSi1RmCSdEAo7FCRoNlFta99KQUhp0Q2QEhISGAjiRJhlHa2TNyc2exspI1LrSWi2ZktQhBuOdkqsrCdtm3CoUCWik0tfahMOciFIou+6/q+dqU2POU4DoMRcpsynIJQEEG2dBpam6ZxaJ6cuDW3qWVihAGUAAS2JGMZjEQSASmHkIAmSSQ4ZUsWhEUIqZCGgm2RICEbJ8ZYFgBCWGnLINtJCksIwmClQQgcSCKFnW5GUAEUYDw1ZyklQiGiVCAzcRQJkByl2CTN2ImNiqQiJCCtWkU4U3Za09Ta1FprkxMx2S1zykZSIyxqCDG2No5DtpZpTx7b1FojU1IpJSK6QqbJrCWkMEbqu1qrVCJCEhERIUcoiAgpiLA8tSaDVEpIntW62FxELSA31xJIkgApDUiSU8YKIZANAkIosFOYEA4LG4OwhAgBtrEptpuMjbNBGIMsZGwrQ4iChEOAZWMAW8JgC0C2pSIwIZQicIBlsCBBIIEEYCMgIFFgkBILECHZCpS2hSQMWCIDEMJJGMnYYdsi04QQLjYmiEAYAxLhIHEInCkhjBTIltMSpC0Eisy0BIjAaYcCHEIYQEYNQgYUOGSlLJBkydFkOZMrLCuBiDQKkZZwa0mCQoHIlqZBa3aRbKJEiZJytpZpwLaMolhyEtBattZyatM0Wrp08XxI3/pN3+ypTZpq14dEJlc4cZNtbCeYQMYAAjvANkjCggBsI5BRWBhsC4QJbEdKirBkwmpGBYSwQYpMjImkgEnRLLAysYwJoWY7LSMENoQSLClBCFlJghESAlkChRIsq4UB20YqCGTbCCHACgJhO0EijSAAFQy2CSNStm1COC0bDAHGhGyMjDCWkO0wOGRJRnIKY4FthGVIY6UExkpHhISwISUSDLYNYVAKc1mAoQjJkjMicNghqQTjOH7N132N8NHhwXxjsV5PRJWCVEi1yqhNSdo2TpPDOI7r1TROmSAhFCINNq3ZLe1MBJltah7T09TcZBvjdGaddRGAhWQMCiQiSobC1Chg7GytZTqkEKEIRSjT2IDTU5umNk6ZUtpYjqgtna0BIWU2bDunNnWl67uqqqoKGEKBUKrIaeEUYRxAIIRBUsikjREIJAO27JRBJkMmbYxtCAFJAhK2HcJIoADLsgIsAIVAgcDCttKJJIxtCaSQBAR2k4SKZGBs09TGdGs4PY2ttSkTSIAqJThbjtPUppZNEaAiKWQSjDylU7KJsDIMoNqV6CrYSQTItp0QhQijooLCdtqkkVVKa6252W1qrUglAlSigmopklqbhqlNOdkCLBkVCAWlgMFIk1vz1NwaLqUUVKKgaJ7SztbGKZ3YoJANKpKJ0TZNaQqESikqxa1lpm0JBV1XjJypECazGWEbhcLGdqKpZTOgQiiCUFcDUFFEAEFgJE3NtikRtZRSnTY2kOlmhUIFqbk1pimTTEoEGGSiFJWIUroS2bxer8c2pW2UU8O5nkZkJCPJiiBCSJChElFKVS2BSghnpp1Ra+lns4ad1BKR2Sy3pASlljZNUQKQM6KqD1pbDUNR1FpLBEUtp2lqXY1SanQlhEE45UghDIEdckpWRLhJoSRBNarkltnGsZQQHUoULR0RtJZEidLaFFFbtrAc7qKkQNHahBMXLPA0jSDVDnu07RzHqeuKqUVhAS6KhJbNtGyhEoqIkFSRSGfS0oYwaYsQzcYEeBzGbtbbI1EEUzOIkMA0ITIcxU7LCokoQEMlSCcuUTPdcoJwG0tXwU6DEG5IKiFCTkgN6xFZKUnNTSlMjeIpx2ltjKKWUku17VRfZSmdmVNVLX14SuOWAhsXlVJxodTAcrg1ozQKBbXgJgSiJRFNljAmDQ16IUnYJpOoxpIyLdnGZFjGIRIIkB0iLXDKkmQ3SZmSsF2QLaDJYVs2siCRJIEwAkngILBtFNjIIMBc5pYUYQgpMk0DEoNMkJlYYsoscg216EtiLAmHMkNC1dksIG0kSglbCiiRzbhZEWS2xNSoQJJOFUlRDEk6M62+r+Pglq3UUkPhUAhlJoDT6ZYyKBEoUCjsHK0CEWSW2stJcTptIIgqWS2klpOtKWECSaGIEhJRSiiqICzAAAo5rcA2yCZAyDIpGQcy0AjZJjAIIWNsSWBU5AZKSaQSC1RSTQaLwEospRLLtpDlsJKUwxRIApKkyJmIsDMoaSPLGANQ0paMhRMVMKAEKU0obFuSsRwOpwlhY0sgLORIjNNIYdkggy1hIQmnZIwinRgCpxVgQICNAiQMSptQYGwAjLAJhbGNSBvCpCVsGwQgwhhIOSABWWBAxpatwCkALEk2bkLZDEglKqZ1UbBtSRLhCGdOToJILOwwWWuVBBiT2dIYGYoURVSJAqtxOTnf/wPf7+M+/uPvue2umx98y2q1QkiWbZRCNsYpF8JJAEKJQ04pwGAjbCTCWEoRNpKcWSyHwUiAjYwllA4JW84MOSk4ASSTIDsQWDgVYIQSS5aUslJgAtIK2SBD2A5kiYCUQUocKC3ZlqVmSgjbGMlQTCOLyQgwILAEthWyoWEJAQRqmAwJYcC2LMkNhRyWSQguk2SMsIwzHJiU5JRlJNkmAlIIOaxEiiQlEiJxCMAQKBOHZCdCBGQgW6mUJQxSuCVB2n0/u+euuwQf9mEf2XLsZv0wjraVgogg5JY1Pco4yHQgKVSEKlg1BJJQJgqHVAinwSZNSERii1DYyBiQMAITKCFQ0mjZSi01YjWsSiulFoVFZFqZLRU0VJGEptYk1VrSzkxDa7ZdouQ0kbaUzVHI1iLClChpZ7NxUJCLgAomAKOQCWEkABuwFCSWEBIGAQILARaAQU4JO+VQ2EZIGGMSCVJWQsE2DQtQsdNKIdkWIiEMGICwLJyB0gQiCQKsiEw32jRNYdVZL7mlStg5hcJOQwMJMgjLGCRCsqUwydSabAEI2VkUzpZCWHamLUlRpHBmS1cIMbXWiAiaABtXCrZKkMYqUSJIU4okaSKNMHaJoBS31lqCIwpBNKSQcUJSQpkKqUSJUClVtgCXFo0WVSLUoEKKAEs1omFnNLdIVMKQ2UBRSohETqctMmrBlhPUlNg2LRVyS0dRKJtVQlHl1lpzLYHJ1iJKyxxyLaLUArSWAkrpC81kNojmSQrZkDXUWtIkm4g0oFKkKGSzJLCi1CLjcCDINCEqAXKmAVSjTG4KQZETpKJKbaVNraFWS6ldtStyD2mq7Rolaozj2DJrCay0Swgbm3RECdmyZGNPDVQUk93VAE9jUwlAJmqRmdo0mWxTUUDmREKkMixDKI2g72dR5WZE4MyMUokKTK2pFLAcGaQbzcZialOmp74vIRmXrseWGKcWoShlXsIIOyEUGKSSOZqIDppbqgaW5BR2w8JGWA4V5MzIaSpVpLtZDXtqbpkRpKm1gJ00Q8voAjcbI6ZmbCtqxQCZTUgQCoASkoVchB0EgY2xoqB0klOiFqWTrIYiLdkm1NVusiMiJNutTZIstam1dBSXKDklIpudJqgljILeygi52aBQy8TZaIpSikJhpCKbxDZSdLNeKiDbmU5JAmdzkQjJIAmZDALSSEojIjIREHKzS9oRpClWykTDMipEQoRtIFAWEkcKQAbACtLIQJoiHNgCkzisCCchNxMWKAC3BFqCMRkKYYQdhjGbUGS2lk5HCYUUIdSmMZtUVErtShmmqS2HKBEhcJqIqrAVtBRhTymFhAFJxeQ0NUStRREGyxIOCewmRYTSEiQoM4XsdIISPKZxUZcGO51OR4qI5hTKTDdHCSFEy9apGNIOYdLQaIAhAlsAiOAyKwGlLRyEbWTLWArZQigjhZQASGAspKDZsoRsOQjAQsYABmOEDDayUsYBTkCJEJFYwmSAnQrJIEkkyJbAQpiQkDEikAlIGwsshMJ2KLEckIKECAxgWTaS7QyUCkOESdlpCJBAgiQEJTzZQThQOkRawmkUskk7ABCAUwAYE8JCKYHBYBSQoMBWOBPJGIVpogAYArCMFHZWS8oEoxowesKOEkIQoUB2qnkCBaZGKBKnLVl2LVFCzpzStkMSKqVIWGSmW6JQeLFYHF24sHXi1M/99I+/9uu94Xq1DGF1mU0hNUlCMhnFRiYAGSyJBgIhjIQCbFtgS0CR05YQZESAbQAbFHYWkTYykAgybUVgS3KikDMjbAkDtixjCSMLOVGAg7RDIoVAtiWcBlJgTNgGCMkhGWezJFIEIWxF0CBsJGwL5EhZlgUJwjZItiJE2gKDQzKYICxMynIkhGUbGQWkQAqD5IKaKDZgS2E3KBjJRsaShBJJUtohIblZUhgAFZwhg9JAhjBpK2TbIkxXijPbMHzLN31Tg/1LF7va2a61hG0ZNDWbLCpRZMsyCCkUtRbs5rSZ2igpIjIbkkQg0yxkRylktpYWoVAB5Iy0JdxsQU5EWFjCmrJF1FJKkWzZSRoJYVVhY8sSxshF0SDsTGficFFpGjONhGqp2TKFcWROpCTSbm6AXAHjhosSsCXZWRTNRsYOlLYkiTTIFrKslNQSCSnwZCJARghjLAVOCkpEWFbKBiEJOwmUAUYmQXIYmwgwxgJkgzVlA1IFC7fJWVCJiCgRYRyREeAOwFi2U9LYphBd1yuitbEl4ZZOm8AWoDalQhFYKOTmlg1TSjhprYWQpMxRroQtYTuKlDQUAMgmChGlZU5TCyLD4FKrBFhRUMFtIiPUMgMKhSImpy3ArUFXS6iU8JQ5jlPmFFFriZIiUCnNGVLaOYEypLQRJUIqQEHrcYyIUoIwKeFmWw4kEEIkKefUrExKIEpFCKIEziTDaaA5W0uckdQo45jRKVvLRt+FXdo0TlFITznVmkUlIpy0bMKGUKQz2yQrpCDa2JJUhKQIJJUgKc6khXFLKAQChCNKaykrjcgSTFPzNBbVxKUEeBiH6hIqxs4EVTItIUWJNk1NlK7KtDZlMzGJGlH6WW3NlpzObEWFQsnAOU05TVPJkKSIaDhzmkZFlFKrZGczmakSpBQY2U5nRCUxKlFpCco2WkGmRIQqokNIIjNDAapV0EWI5jZldLWEbHe1a6057MkKB2pOIzKzZSjSrZYaLlM6W6NYmZMdyG4gY1kOhIJskqTRU08nBZGQUTrZmQ4BFMIdwukIuU2jrNIVESZbNjtDgZCi2AbbthA1YhxbYypd7zRgJ6kQFJlaSoQjuyQhnC2liFJ626BQZkIYRMCEbQduGSpEqcVpIUmCdJIex6aQIUDE1EakAinSKTkck5KWihK15DAaBDaCKiYhR2CnUiItAJCBhCAdws6EEBhCZAPZFliWJGOBSYMyjTAyxpbsAENaAjAEWBaRpCwAZBwSScNkiyioYSMDCiBrFxQHEVEzorWx5RhZiCSZwqFCAQU2VmbL5gilKUXpdCZhySFN4HRjIhWBRGtNSElrLUoQKrVEUzojAmhTA1GUmZFBkawQ2XKYploqYKgRhlCkVeREmdnSJp0GA0bYAgmLomqngcy0J4gSZDaRrWHX6AAsADLASMYgMEIuKG2EwkakMrJgQJaVgFOEhUDGGERIBhuVpMlBmBTCCNtBYCGbsAELMBI2sm0syTaSbQROS4BNCGNJtpGFbCtwOlq4gA0QDmSSDAulHJJBaQtlWkGxGkQoLSnSVqZFpgOwEAYhmq2Q7Ui5KHBiGUkZlkFAEjLGkhBOFDLGCNkIUGl2yBgC2woMlsMgYVuyVcK2CLllIsC2nTKYlmnCbpiQkGQpZGcbxwaCkCQo1W5taiIQTky2lk6iqLUM7CiSmhvpJAIjkskuAQ4yV6/1um/wyEc+5ElPesZDHvawo+UBESRJhi1kbAVKcZkEAiQENgC2kdKSUwjLSmQEWBnGkiUJjOyUZHOZQ9iyCJQg2ZblSCORRkYCJRYCwHIYKyzLIDAoME0OC+NAgkRCTgeyICGSFFFCtgOwjUJOS8JGgLCxUuCQMhEIIwwEbiYAGeREApyCtAgDBlkNAoQthLABEGmjsATGGIWwUdoAIeWUQsjIIsBkEoFBAmwbAjuNBAS2ACmNpBB2qNxzzx39rP+A9/+gNqwLUUpnJ9maLUVmQoIUkbYzSyFdMocgxszMDJWkTcMYpXR9BLIkh6GEQFY6s2WmM0QaGl2tpcQwDTIoQjSFSEklClKEwkXQjMKhkMh0timiSthGwgi1ZjyBJEUt0dxs5FKrM0UYZypUagmhMW2lkFCpARk24EAoW4RsTAqPZASkQWAAOQ1gI4exBXYRiXCDEEjCGBsC0g7ANgqnJTCCBGxBgmQEKMJpA0KQxiLSDgDZliThHBGtZSEIhUFOp0CJSlEoM5OEEElzQERRyJlOC5uwiSgRGFkupQilk4YJFQtPmZZpTmVEgCyXKOCQEkqotUxTLMIWJZQGCEGt2SRPqQzJqcwmKcKttVBxUAicbZokRS1uABk12jhNzdkoUmbLJoXw1JqT0oXlnDJEYpQ1amZrTrlMbpKkaLQ2ZZ0VKQCTxgFOT5kSBpUg5VQJUWqEnEkKGUkmatg4IkRYUZUZ6cSOipAkVVBILlO0Ng1jK5JqAK0ZOTMlnC2tya0ohGxNOXpqE8z6bpyGUME0KZhGq2AE2I2UIiQEQlHCstIOFdnT2FxdozS7WkXKwVnGtNzGiFIltTAp21GKUE6tdLVGlzWzITLdAknKbEpKrSSy1uOgkdrVGsWyIaK4tcyMKKWWEjFOIwpBqSWKaBCSPWUCbZroSomYpimhKhI7U0JIjawKisHOUGRiLKHA2RqpImfLEhg7azC1NC7RCyrITJLlEqHsptYyIopClZapKLIzS0QCCcJ2SM2KoGWSWGAbwnI6wW6iRAQSbplZomITSmdm2pZMEFkIRKQUOJsdKBPKOI0WQtlaiTK1xC5VSFWVImemW46OWjAREdCykU6IjCjUUqZsxqV2RAaB6EJpSzS7FhnhDIuCVAAJcDiAzBYyhGRbk5sgAUHLzHSmAiAAROIwKgJltojEBQFpSyRFNgAmmxBKLCEJyxjchABLBrBCtmWQhcQVcoAxSGESh7HAYYxwCoEDUJTAkiUrmoBZ10NgSNkgy0lKyLKtiCjk5KwqEiKQMhIiotSI1ponRymFYmgQaZfSxiFqVQSZUSLs1oyYWosmRwsVkITBIhRCOCdP1TWxLexSigQSYMluotSiTEdICotATTYRTkPLVqMooiuhzGmSySRVIkKhsDKEJIVgAohwsyIwSAhsxBXNiQQZKWTCBWyEEoCQASNISwKDjUgrhN1sSYmL5bCMLQvZICAtYWGEkSzjQIkxgEFGciKlERK2JDkNYAGCtAQO2wmCEGlsB1gWksA0E0jKCCU0Cdt2GMDIYRkUdjoUGGMZJLAUdmIhCRBpBzKXCTktSRgLhzEgCZM4nCYQxrIVgG1ZgG2FwJISyYkFakaEaA0hVKwmSRKArQg1U0IIiCgmc5pKCYVAyG6JgkAGCUcAwqkSkdkCFWnK7GqXTlTAzrDTnubzxfLoaHOn/5M/+cvT15w8e+H89tbmNLZQhsICIyQaJgklBoOwJGyQTZFsCIHC2LYASxjZWFI6JGyHZEiDCBnTUpJBxthGQkAKIQKRBgjZMgYMMpIShLAFGCNJspCxEWAk0sikDBGkHMjJFQakNMVy2CCMiLQDkJUYISFksBGmYEtGwgphQLYpQbORUGALTOAmwhghgy1kSSaVQVg2krALMgY7FBYYLEdThgFbgAEJG6VDkbYQWCYFBknOFopxXOfQfvYXf1pVR5f2alencey6MjUUxTidNYqdLTMiFDhFTkKNzCmxVZAkQtI0tVIiFC0nJBsLSZkpqUQRZDZEpqNIkjNLUSklMlvKxtmiFjfjKWppLWWihBtWGlk2SBFSqZHOls22VDIbKl0pOU2JZUI1iscxjWsECjujhhsZGVM4DbIAnIBV7MSSsAigYQkhE3KCCGFLCIwQlwlANghsBLYsizAIpVJYYImEcDHGEMKyU0GzCwlKkAASgsA4jJ04sSWJdCk1agDOBE1tCkshZTMCZUtjEZC1q2laa0FIksIoBOA0IVl2swpgUhAqzgSm9WhRaxXCGVIgROLAQGazsZvVhbCbkEWoYFTABRotkWxymqhVEhEBhAyMRjitkJy9WKvgUaUKUupnc4FhmiYFafXCEdM0GtdSBUQJSyYzVaukiLpYFIvWJpAIkwhB1JqenPZk5K4WKRKwHXJLS4EInI6QQjYpKwGFCkVVBWOn7GlqpZTou0JFA0SUYntqjeaIKEXpoojeASqhsWU2OzTrO8w0NedUuz6wIyLTkiEkITunKUsEblFkR7plpqdUqOuKFShKMLUmBRWnQyaqw9WiqragELakiLCdCYFUcBZwWiWytRBWAow5BepmnUrJcSQKNk5jo/QgKyfbkoRw5pSUEplWJqGu1MTZnGQtJZ0goRpM6ZZW58wWFjJmzBQYd1ENaYejOVXCJrMBKqUgp5FRMelEBtMyp2whiWxJyrVUMrM1IgA3Rymlhg04EFSkWqrDbWxFlfDUWqASBSltbExrzWkhixCZKSmbCUIYSWBDlMg0yJBS2EiEwrYCZSQuRHOOqzGKulrd2jSOpRbsZpwuESXCrWWToimtEhKlFloKTeMUpWJXhZGdAmO3BiFodiiypd2iFEJuYyZIUYqkIiPsRAIgJYtEgVCCTbEl2QLbhKSADAADDoWVUjpDSGljQiSKhFCDQNBshIUshyMTZHCCCJGZykiBkYxBSM4MYSOhdAYonZKcTEC2CbCNFMJ2lJCj5WgLsJutQmQmMikFQkXRpilLDWxbMsZIOLGnJortkFNSuuEM0dyVzkLYtlu2JJVBKREtp2wNRWYzUULR1VCZcnImqegwVVIginCm8dSiBIrARAksy9Y0jaEQRIQlT64KFOlUQFFEMTgNRLZmqrGQEgcOg9RAKBCSs4EAyQjbSBiwGgpAAkOAsR2UtAMjIcJkgAUmwCDITIVsh0NykwLIIGxCGBA4CaUVyBIySBgMCBKEwIBIE6HAgBE0FBZgUipOIyBkyzZIZCpkUikJAxZhWyo4AUtpCsYSWEgIJCeWBHJBzQgRRCqF0igQDoeNyZBsWRScQgiEBURiSYENQqlECkTKWIFTqCWAsYGo1a0pSjY3iDSyFLJRqSVF2FLgzFAFpmmMCEmYWgMFqFJdIp3NLiUSg3A6kdKAmXIK1aNLe9vHj3/g+3/IN33TNx4/tj1lcyoxYIdkSUbYDpBkBCBkYSHLJEACWIGMTIOQJJlUBAaJtEMkwjYhkGwUBiTJktISBgRpS0J2CiEACWOBAQNCSNgAxtigkBsqkU4CgwiROByEITCQSIDkBBuBLZFWOFMBVmLhFLIBIUs4QdgJmGISDEpJlpFIkCXhkBqEAAzINsINwkpZYCwLGSGMJMukwKQsBUbYBknCdmAUaREAclBc0pOlGmS6m8/vePpTH/6oR77pm7zZcm+3UCOiCItQWFZzSBbKsFIyCNKgGoWohWyTgXD0QVMppU1tPY19X2opxjSnKRJyIlmQQVjOlqGgCpFpFFKO00BSoiABGEmyaZKsqLWQLZsdSiSkiCi1tpyyJSmPbdAUpQLr1bp00am3ASdSa8giVMKZ9GhMkGoANkJYKIMwKYQQwghbQpFpgZBlGZABWca2sQhjhZQgIWSDJSEJgzCEhSwnIYOFwKjISSilMIRwCWxQykKqlBDYNqEQNkqlaW3CUEuR2pQtp/lsrlqmlphSqkSI1tI0IN0wQClFIRsnEWVqDVuhkDJbcwui9BVkGYOihJDAaqFw2gqwkDLdUZo8TlPBqtWmhFpLpzKz9rVGSUVURRScmekUVtTAtGxkQ+FMOTNlZS2lDzUnUlgoyBSZWUpRupQSQbTWFISK7VorIFtEYjeDRQRQwknLVoUtyyAJRCplpdItFREiTRunosggMTYJUomicJtGEZbcMkqpVbayTRIlQhHT2ChUFVWEHVRKmilTUk4SWUsxyJIJRZl1stOZU4uqRHJGKZkZSBY2aJosNUQQEhElI2wDbi5RJZNyF5mUIonq5ilbhNOSDI0sraVlpLSliIIzU5LskMU0TaGgRxKZk1sxEaXlRLq1lEo2d1WoAuM42EhqToUUikbaQAHLaYlAtKkR1NJHhyJymixaS5UoFHBmTq1JapnYUaKPamcWFSRkEX20cZKskCzjdCJCkpQAOG2aQKWGUyUiMgi3HKcpoIHtvnYKcrTtCEotpRScbUoZO0FTa54m1UoNLJtaqyGK7EwABE43srWpRIlSIA2dwpZpaYUi1XIy4cxWIoBmRw0sUkglCqQk4yjFgEk1tSlKYJsA20zTpMBJpeBM26AI2yVCKNMmDRIYKLUP2xgyp8xawgYDGEBJZCY4KYrEsoQdxhJgt5BsGyTJJOAMsCwHEDaSsQAHko0kkVIkEHYSAWAEUhoJhLAByxiDCUDGJEjYKtASrAggCcCtoUyXCLU2SoqotktIkBjTDEkaT63W4iRxh1GoNHBLG0qEJAoWQq0loAglcqoo3ZwplDbhErWqa22asgkU1WSJatyy2dFI25JU1TKLikLpTKNMIUKZaYSQiRouBRtHJmmXyKqiUiiK1JQpkOypCWwBTS4YIXAGBZyy5DBGluVEMpZR0oQkLIfBikCZjgBsgxQgWRgbCQsbSWSisAEZJGTJsrDAkXIIkOQUWGACq5AWyLIQRmCBIaRMJMm2JIONADlRCGyBUw4DKKzEQoAwCttCDi4Ly7ISKyUBMsIWwgKQ0imMQEhyKkkhwJYiZVlClhWpVAoJA8JOBzICEkBhQCJTCpMZCgunQyA5kSwCIcnImGlqpgaeUmCnk6jFzmyjEZpKVKlItGbaiIlScCaZRMGOEGlbjsSSkDKbDXK2zHRUyY4SY2bJ/Lpv+IYf+5EfuuO22x7ysIfsHx4EBVWFLQPCQkY4JWWGnEgpwMVKWUhYyDilIIMC6ZSEbUWKYqTEloUEdiLJgA0gWmagFIHSIAsZRwjbgA2ADSIhQGkHIGwQgJxI4LQdDgtIG2FbCCcgCcAgwLYAy7IElmzAEOAwBhEAtoVtIARgSU4JcIMQNhCWQ84UIRsBEkYBDsvYkHZIyAinwIBtA7IcDuME40DGxlhClkFqJpyAaTZEpl2aFefvu8/mj//gdxJWw9FisZltQsVj4oRoTssFkES01qSCsWCyGSFAJULBODYDQRBFBjltiFoLTG2ahqZQ11VFdbOdSRQpjdJWkhgKUfoIkQ6ToQDbDRmJtCMkkZaUQBoRNKcBFaRIW+GpWSHsbJOQ5WzZ1Tq1VsJTtgJQ7ACUAIGwLGRBhpQgJAxyEElCCCcIMizhBECQBHIAAlkZKCVSkpANgsQYESidQoHBtiyHbQcCZADSFjYAErIsEwFka4AdTqczUHSd09M4ubgUiupyHPqoRTJONxrNDSIQoULJsBAIk7bdOkpXupYTBiEIFYVCBeGcMtOyUK1dhJwNQp6MSpQIZcshRjXZztZCJd2kArJTEi0VVaXZpFPptMEBOTlqKYrESBYhStS0JWWEW8uWGQRCiihGmWlnTsqS9iSXtAVkOhuSsZGwXUqJ5kkZ2RKaVQSBLFqbxhYhRY2q2iIFEZBet8HqaunUJoBQ1KDllMZKsk2tL13mmE0qxXbaBYWcrdUopYQk45ymMUekQCDshBCSh3EoURQhOzMJCEk1ICQbIBSJkRQKlC2jaMpRTRAKyYBdAGypSKgWjeNosipomeHoqqYGtuWokqKNJiwbh6DllEkBao1Q4shobhFRo7ZpamqgElp0fVrOBhUlJiLAtiRHFAmEkqaGQBGQRigUkiBttfUwuRmFM2qUrjidTkBSrUWASbeIKFmcmZkioUhKXIgoEsUmVBzpySEhEEYSXcgutmWlMrM5M6OEKCUUYRmMAaeN3JohsSCM3bLUTkWkInCSmRgXUYIpIZstFexQUQSiqLbMqTlkRURrCrWWZJta6bqKyCalUGvpGkLITi6zRSAbu2XtO6cdwiZUS9faRDLlRKZDJaqcEhEFZY6kp1CUKFhAqUUiW0YoAZhalohSi0JYJsOJBIQMElLiIFGBZhXRUMgY2yiUaYGFlWEsWQQkyMaYMGBHcVoADmEhyzIkCoyxDJKclkgRYBsLISxkSCwCZRoILhNOKUxmuCgoUbJla1PpCg0gUMpdKVYhHZWiGlFobbSUiqI2NlW5OVwihNRaKrBJDLSp2VlKl9lUIhObVEMEWCqBXIgIuY3ZckKSKaVr05QmlUVVaTttWRbChpSKw60lRBQVQpHZJCltlVoCF5XJk5PM5mYsAASJi02EkZoRiMQkaSRLgJ0mFAiDbIOELcsRtsNuUsE22JbCAssGGYNCaUuAARAkYCxHOC05kgQrMGBkiGxGaQeCtGUkGQthKwQOk5A4kIFMFHZKcroQKRuwhKWABGwk2yE1OcDCxhmWwXYKIQLLstRAtiXjwCigpQKUZCCiyQpLIRsbA0EYkyAhSQYwkEKS0wpsiLRDyLaQUZMjRWAZIyuiJMZWiSjK5iKi1HRm2i0djhKtNVlC2VI4JEfpaym1TGMrobFNFh4nldrVSFK4JUWOErWUNK20klkiWnM2R+j8uXtPXHP9b/7u77zki7/k/sWDfnO+Xg61OpWyHXYLSXYaIi2ZMEgYRdpcZmMBloUExlbIKUhcEks0I7lIlm0FtsASiSQXwiawLanZSgzCBpAs2wRCtgMZKFKSWDIgcEoyFgpJYFkoBekCaYowtgFhjFExKcvCpAAEVsogjARgWwgZAiw7kaAJsBACGwJsUokUkDYyCDtwShhZkA7JggRbMpYBLINkjA2QkcImJCcSSixDSAnYxrJUS3FOE30XRwcHH/6hH3j81HWHl8713aw57QhbshGZglKqsxnANjjTKckmjYoEyCJKLdiBREgybrYisjWJYmUNrNYaKhHgIhkpUNoSJdQyEZm2QESUzESUUg2tjU6QuygFWmtVBTGOU5QQBiEVkWk3aqj0FTRNU4kiCmJqUzqL+ygUxdgaYQAM2EaEbaURRuCEkGU1BAgHSgNWBjQiZGwkG9kgoQxkG4OwEShkGwPGRiA7TCoEwjhsI5DVoMhWQGJAAKTTOBFRo6VNKgLLHkPFkaUoM1X6qKjJWChtTw2i2YWkhKEUYaUtGkRROspkK5qiiAQBRdhpNwxSKSKkVLrl5NYaKiF1RcaZSKjZ0NdekSBRsqXTmVlqsZTZlHakWiQKlTa1wVlEZhaVUmpLY4jIBjUUIhOoJaY22Y7SFTG1JqkoMpsmla7P1oZhXUuNUrAkgYQz0yJtJ+kWJeROqZCsQk42qkpbqDkhp3RBRrXMaqVK2VUnyCaE8ShUSulrZ2sam6AqVJTOHFubMmqRSstmUOY0NSJkU0J2hISkbE02ESoK0i5RFATgEpqGVFFmSlIJ2RIC4zbZqGXrCBtjTEQxKUOTi8LUWpwRSCLHaRqaAVAjZbVxioKiuGhqLd2gRJFqTRKEnZ5aa+lUqM66ftb3XVdqZ9RaSxm5TQ0ICSRhNE7DOEwgk0EIYSxFgFxrsdt6WI/D0NKKqEVd39MYx2kcRzdKhBRKJKU0tZaZ2VqbEpwicwpFRAANkKRIMhSlRIRUBGQ2m7ScaaUUBdXSd31fSkFYYQwgHM7W2tjalHIiZbqU6KKbzbq+62qtpRYTpZRQIKapTesBN5tMtXRQulqFnJYkGIZVm8bMpASKkIioNSylTSTObAaahLFAkenW2tjGNmXaUUpmjtPU0gqQ7MQ0t9msj1oASEJFBZNTg1ZKiRJESKSb3WRHRBqhkIocIQUiwJg0kCAVZJBSxoAdLrS0ZBuBQuC0JJRhwoCcyE4DkQgwoIxQ4rAEyKAmGUAAkhyWgTQEJoplkCBwAmHANg7JIgEmN8BpkBBCOLO1bM3ZMlvL1myFIjLtzKIilHZmtmlqZCCFJGpXgcyW2MJIWJBpSdkaUq1VkqJg9bUjhImQQqFAUleck+1aQlEDhYojVWtECNyyOW0IAS2nxAohCyxla9PYDKCIUBEydnN6bEBkCkoUWRZARCgCgRGWBDjBRioiEJBIERgbBwmBsS0sMAJQQQmShMJAIiiSkbANMshIAAKURKgAFmHjQCKcDoRswJKICgCJQdiJMXLIRiaFLQnAaUJgSQmSEgOksB2INGCBbAXpjMSWE4NKEymDAqS0UQKkbCREWBAkWLJxFpCtjIZTGAMYIYSNCZChibSNQUjYwoAMGZIJA7bAkULIKQgI0rYDbIzTITvUjKGrlSCIiFJr7Wb9NE6r9WqaJjsltZbDsG5uwzQKS4UIidZSIEI4yWxtvV63acJCygTJblH6+cbG8mD/JV7sxT/yIz/q3Ln7TJQqk7SG5KYIhQUUkwIQwpYkEAZSSIQIS9iGxIRBCIoBYRQorASa0m7GJg2E7ZSNwBYYy1ggjLAwiRFYqQRZgG1shyRCJtOIFKlMbCUyYGMpBAhsp0GSjRMJpwAhkBBGgBwJADYAQgYMbsJGwoIAGbCxEbJMKgx22ggZDFIqZMmyDJJBliQjjAWBALANtgLLcogAWwhoDWFjMDikopBA6Sm3NzbuufPerouv+4ZviVwPw7rWrki1hhQGoHYVGbdMFKWUCjRSotSun3X9vK8REjaJhGyMJxphg9OkDS2ddq2llGLJbtOY6Qzs1qacTGKnU6bUIkQQgXNqGJzZ0q2UWmoJ01qCa5SxpaHrSgRSiSBbTonTtoFauohSa41SSpQSgRxS8yTbNigkILlMBFjgABksSZJdJAUp2ZAydihQArJAyBgQAhkLW0JCtsJg0mkLbDnAkghLCEEiIgNAdjiwJZxGYWRjIAAIDHYJpTNI4dac2QipdFGKhNMK2QzTJKnr+lrV1VpnnUpRasy0ExIrbVRUAoTlbJk2acjMbJmZ47BW4ghnNiYAwoDT2EaERIIUwqnWEjtxtpbGUQqJ02AXIBLAtikqRVEikGWsIoVMkq1hS7IIhUMgp0uRpRAKKWqtXcrOBLqu7/q+llJqiRLTNGUaK1trLTNbOnFmZvM0ZZNRlK7ralRJ2ZIEC2NHV+us72vpkkBSYINNUEtfuipFc0umrnZdVyFtR4noq0lsy1g0G5VS+q5GKVUhiVCUko5xGkoUZ2InUiiKQOBMMowpJRQKsJ2pyW5u2H3tu1ocLW2QRGZzS4UoImk4saQQJaJEDWXabtkwYJUABciWbRNEUUVgGdcooMQ2MkE4cXqapjZNzS1by2nECFsypBtQVcDTNEyZ6ZQEk20RQGstHaUUIkqNGkWE02nbzmymgRAKiXBr2BgVlSJFBEVRm00zOKdpWo9JMtkNUNpTSyxJKnJrjfRIZgOiYIVQRJRSQoGEqBEoFApUo0oRIUGqpd1kKQRg4ySlqKWoRBO2TcogtZxyHDNby9G4lC6obUqnM42iq50xthNB4swUFJMtbYqkkCREBEmGGKdpmkamzIQEK0rpu16JpVKKJImpTW2abEXpQiFLOBRSoECacsw0JkKOsN2myTbKkBTICgUphG0hQJYnGYEAbMmZAmxSVkoGg2RhI2OBUQg5sJVYxgYwOEWAJZE2iYUQFoK0wKSlFIKGkKSgWIhQAEoDUUrYTmcmqFAMIbquAxGJEhylgGwTtLSbMdlSERJOGZFSRISypTORnJQQmVFLV0tERJUkwC3BFunAso3dxgaSsVVCEeGwCAFCpYCNcprsBJOKCCG3LKo1imrYbXJL2wIUKgYSCgYhO51pcEhAsxsIZLBJQBIIDIBBYLCFApnAJgAZMgUKkIBAtlJY4ABIG9lIAgQI7ADbSKS5TEoZG4uUMCaRbFmploSxQ0IGgpBJEgkhSSJBxpJkCYFkIWEZSRCkI00IBIBk40CAEWGwIMBKCzukRAZHEJKFCCNbBmNkObEMTQ6RBkghhJpBEmAk2QKQhZzIRphmACdOkFBKEGljpBQCSxZOLutqF1ECReD01Ca3ljklCbg5avSzuUpMLTNbZk5j0rLWWru+hBTh1oSIEkG2zClbtmGa1sN6moY25TiNAolsUyTr5dHY2ld91Vdfd911dz/j1vl8s9mKIsLhdE45FWRZAmTJwhYkSEKJJBtjg4yUlpVJNMkCbNlgB9gmJUISVrGxkJCcsmTJBiSQEViWEEIAQlaC5SSxlHZiI0lgpQQCp+ywLAWZNhhjO0DGAkm2kJCUBDK4iESgEAaEjbFSljGEFSKNEmxAGEBcVhy2JCQsMCiNLWPbYWFbMqQxSEaSIEGyApAUTmQsI0HICAgZJASWbbAlmSnni9nFS5daG299ypNt9vb3ju2cQDZqmVZma4mabZQOFU3TNE5DOrM5FNM4DOuJZkQoSinGpilomcKhsJ05phskSTpDReEapZSiolpKKlprGCe2M+1AhpCNVFS6GkIkxsIZISmE0xAqpaAoEaRMQlHIbZJImKacWnPLUDgTnJlBFXLK1pRTyIEAEIBtAJkMEJJBacm2LeGQSCOZRJKRBIBRCKeMQMKOBINRJghDICMuS5HGBkhbIciwsByyIiARkE7JkgCabTsBGwxWy2yZ6bQUJopKEVJrbmmEW7plVJVS0pktsQWBmxFIYTuNW8tMpRUWwrKIUKm1lFL7mUq0aRrGsU1pJ26hIgljYYMIKYoUJYiiQA5JJbpSAjkzQY5QLSGw7cysiq7rI4olWQQSETKp6mwtpxahzNamSVKp1fY0ZdptbMMwpLOWzjZEUaSnaZzSICmQgpBJQ0SESks73QyJaXZi2YmAZqVCUVC45dTc0hY5DuM4pYQE2HYmYFAojAlZgSKnpLWu1iiFtG1CRrYBQctMe5ra1MaiqLWWoohqSaFA2EAm0zSFwxgENNsinW4WkmjThEq6lAhJUrHc0ITTduY0TON6aG7Vzgi5ObEaiFAY16htmiYypNLVNNlGNVmKCCnGqYmoJUoo7YIiyDQht6wKy1KQtpENGaoKiQimZqOEgijRt8x02k5nKQUim6dpKl2VgswSka1F6SHTGQ4HziZFZrMUyCVtIyJKmxqBERIlZEcFsjWbjAgVlOG0IQgX204kIztK2MpphJAiUBoJSYLEIae1HodhHLrSFwCcSTqltCUj2wKiFBkAJSnVCkzDFCW6WmwXAqehIEtRiptrFBXI5ibbLVtEWE5SQqU4sR2KKbOgbj6vpTggM00gUJNDIjNCJpImSSFoisAEYbuqgNuUEaW1ZhUhNU9uGLAIEzKKSGeJQBFySwshowAkG2HbRJgMyzIIFNgOZIdkJMgiJgicUiCnCEhLFqBsjpABE4FJWUZgbAsERgGudhoFtjCEAmiZ4BCEVEKW3FIiTaIibBRC4C6Uwi2bHThqEcpmT6NxLSUbIYdKhDODbJQi4bSKqsrUElkZXY2ptSmzNKmEigQJZGS2iGitRS1hDGE1W0YoQqIWaGRLI5daSil2NgISqQDRKQ1EWJITnM0UjJUhQKVIhJvBgUiys5CxbIMyFI0kISBTBFJEOgmwpLRLGEcGwuYyQQrbAjsswk5kCWwQZIKQjUVgVNJW4AQZjCUMSAEGOyODYhHOdKQcCRiBMyxjLCmcRsg4jIVTyBmEw5lWSFIa48AIGxuFbSPJpGSQjImwjUwGsizCScpKTIBFOiIwYASpCCcUbBEZdjoC2TZXBDZKFNgENmCrKA0hbJyWhG2FsMF2YsDFTFYUJdmmKDNst8yW6UQUIlsKgkDqa8mJVa5KNwtJshQIhDHNAiDtIlmSVOlUGyCCNFEamaYGVnT97PDiuePHr33aU560feL0PXfcds3NN60Oj0KEwoYSlskA4SaHLdlIRtgEacI4wFI4icAmbIUmK5QFZaC0QZIQBhBGgDGJAMsYhUgDSLZkpxBhpRCyAYgiA8IIW5LAEM4MyZLBWJaNhC3JBsmZIIwMUdIWGRaCIE3BFiDJJMgYh5QKuVnChGwERsJImUhpYwnAACEQdiAJo5ATBwqnJRIEDpOyJIGVdmAbizCyAAEIEARGsonEEZDNjlJCpb94/hnv9wHvf90tt6wPz9e+n8ZxctopZ8uIiIhAVppCEZZlKSLkxMA4DamuiFLCGXa6uUTUUJTA1K54CgLjdBOs1utaokSVsJTZjEpXpRAGbGVmc8OupSMbEihbIglPLWmOolApJDhEa62FMjOhFnWlZKnOVIj0aliH1M1mtptbEFZLqwhVeRSkbSAEoJDBpCh2WrIJQhgTAEpMCByW3VCRMwlh2RaRATikJIMA20jCBoyEJSUupjlQA6RiGQTYqRaKNIRtCAKnATlCTmHAEiJCUhTJqcwcWhIEIlKFgmxqLRIt7WapIAK5KOUqgUChaNlkwJZMkNlwrbVlBrKU2ZwZiIha+ua0U3LagNDUWuCoBUkC0hYm5YIoBY+qlWyEnU3IJlCEbLu1TNeqbFMbsBMkRam9STuHdctMUIQiok05tVZKCEcgiEJQ0mmULcexRU6dOzmcLWotVLfWFLUEKo2sCooknM1ykULVonmSwzZpB5lOQzCOo4huo5eUBjdQWoRaZjZQFlWTxiCh1iYgkFQUjJm0hjEE2OSUUxlLKU7XrhgCjy3HlrKnzJBUFFEU5OQpp0pItMzARtkyRAEoEYGzuEhZHHZruJQIFIrIbOPQZElhu4ScqRCttdayZZpsGcZJy6m1KTMjoitdhEsEYHtYr6ZhjBKdopSKjMPSRBonlChFAhMpqUbpVAvF9jQ17MSGqCFomZCESCI8eqIQpZRgypzGyc5MZ1qKUJCeximnzGSa2no1hMLNOY6CCEUIwkih2tWiggV2pkK2QyFkJy0lWjY8YaWnqY05JSgihIVBqITsdBel60tXqtLZEilCUmZrQoJAIUlC6cxmg0stijAgpECgCAoqQWQjceZkCytKKaVKBaTUOIzZEqOQggiVKLWvpRSDW7a0nelMN0AJKI2gKKIEAHICArfmqbUp01imEFKQTrlERAmLJMAG5yQBhCwkyTKElZYN2AiBUyiLMRLYKZoSJ5aFjTEqBpCNIVJhRdiyZasoncIIGYEVkEZgjIxNGmQhIaw0LdNhIEoBWXampwaZFukIZZBOsG2siDLa2XBIWATOcRrb1CSLAEWVokgmycwGzkwTEcCUEzibsZtTEV2pqpGtOU3aaZNRlJkKYRJS2CYzs6HENmAraldKXzpQ2kKhQJA0O8IqUUoBpjHTaQHYwrJVIjCYtAErqCEMtoxUZCBJZSALW2FlOp2AG9gY1FINy9hhBLJBiUK2jVEmsg0WCBlFgAQBQEpYgA0ZCASyJbANMhIuToyTQJZpQVpYIAsUNhgCIcJIKFFIoMRpSkg2FnLYmExhS2EhhAGEacYABmfYIcK2yDTIFkAijEgMpIztMHZAGjfSIMlgxBV2IiCwucwoBGkCyARAZGAJ2wGySghKicwEMNhTm3Ka7GYTEaWUolAETqeTDEVr2chwtDaFiVKQDJ5yHCawQ5kNO+2QnM1BKX0pBdtSiSJKwZJFCuqs7l86u9jc/uEf/5FxHMejZd/NDa2hgoQTC9mItIyRESmDgAAEUiiNZIwVDhKKEpQ2BhGWLaeNwZJIZEAowRgJSEnGkMIpBGCMDRYSOJHAdkBg0olxpjEYGmQEAoWUNolJkZaEkHAYEbaQBEACpGTLiW0kLCzZChIkJ4LAgMEG7AhEgEjJCbaxsUUYGYQNRraRZJAlQxqlbNmWZRDIAsuWsY0thNMGMEEQkhMs443F9m1Pe8qpM2e+/Vu/LdA02pMJZDGlia7UKJVMUioSiChRjQ0KlYiuK/P5Rg2lldY0jm0a09i2aC1ba4KoChSolhq1hARCTjub29QyLYVbZtqWJEihiBqFNLYz25iJHaUIJemcLBsykaLWDpcapZTizGlqmVM6sVWirz22W5OQpCIMytp1bhBhqyVAcpmNZBBYBsBSYkAJiRHIchjhwLYkrBCYjFRayHYoMEYCCUsQyAbjsBxIDcICG9u27bAIg0AWknCiAMtKQoIA1OxGc7bMaZyypbIREVEVAQ5pnNJS13WK0qYJu5boolIC7JbOdHNmAyQ5KCUEgihRo0gSMsImbTttp8ZpTWsts00pEyqFCKllkp6GqeWQ9pTT1JosTGuTkchSiiREs2npMKK5pdvkqTVnhk1EcTaVkFNdQUURtVRISSWi1CglRCpKrQWJJDERUai1n8/7vnZRIkJI2ZoTQxCSJJUopQsVbEdEiUiTTsgSFTcRCpUoNaLZJBFlNu8URZLAwiYzSYcUNdqU0zS1lmHSObWWY4ZCqsYSEdVIEjKSouQ0Dashp4yI1XI9TeN6GKdpwjhdVBTK9PLwcL0c7KwKIqJIpTgKUPrihCiKcGtTSwTOcRpbIqFQKUUmokTtikoUinpNCSLTk7P2pfZ9iRLIWFKJIkWJkFERKpYlKZRphZwYQKhAtjZFRGbDhrBIN5qdlmw8OW0l6ZbTMOaUTmNXhSIE2GlIO3EkUUoppRSkQAokO0gcRSiiqEYRdmbKSHZmm2ynG2Q63bK55TSlRSCrRDGZToEUBuTmAEUUAocU2J5aM0Immx1d13X9XBSLtKNEywSkEiE5QmCls7llOicjALLVWiOK07aloqRlKkhPEnI6ZGdiSVGiBBGRRgrAdmvpJCKKomUuV6v1ehimaRymnGyDQTY24DCWBAoJhXHahoggMhBABKXgVIkSVSUMpAOhJC3JyNBwYkgBOEAJtgHLCFmQyoCUQRBWIiVKbMtGCCRQCqBNYCMISJKIAGNSwpITg0FCwoCEZRsQKQJqUaYBFQE2USOikm7TZGeaCCmEohC229SUJpucpZYosglRS4lSSilOJAlautmllr7vSykRokgqQQmp1iLsdE4N3KbWMnFOabfMyaQAoXTmNMmKEqFQRKgItTZNrQVBKIkoEdBMy7RJU0pFxXa6NSdOQUCRSwRyJ8i0wIQDoGHbYBkH2BKSHFYG2AgLBQZBCIVBOABkW1g2UmAc4EQSsgUohLAk27ZBNhICArBk0oEMAmGwDQQtMRKGRAk2CCItIRkXrEwb22lABikRgZ0JFshKkwJsAKUI2cq0zBWSEEgCQLYUthJbyI4QmCAkg3EI2cYCQMaEjYQEwgJAMgYEBLKwBCBZJA5FICEFQEgkGJBAljNBAGlEZjZPUWpmm1ozTbVgpIgIRTFqrTmnllMoat/JGltz2sbONk1IMk5FSJDZSlGUbhpbthECILCbSUcME80o1HWdI1bLg7d/y7f+gPd/33vvubu5KdKkR8tGBiPZki0S5CTSxgZsyyTpwLYcjjS2sI2dEsIgC5wEEkgmCYyQQJZCGGUKEICQBBiBkXGCnYhwJgSSsbDAsqRQgKWCRMrGaSShRCK4zLIQsjOljEhhgYyNja0wlp1EEDbQDIEN2A6lLS6zsG0wcpAEiJCwSDlkZBtZYRyyrQCZxCAoRpmWEwSYsEMOJAtBYCGpoJBs29jClvq+v+3pTwnp9ltvBY72LtbSYU0tVSh9V2tVFXYUZU6SgJZODHiaxnESARFFSDixjaJ2pUYq29TsJoVTaRJnZpRSVLqui5DTNtGplFKEANlO5+TMWrpSKiinTNuJrSop5CRq9LVT6ZzNdmsjZGamp5QkRUS6Zdotx3Fq41S70vWdbSwRbZrSFhqm9dimtIUiBNAmAAI7rHTiwA6RGTYIQxinsZCxwUAY2aRtLCPJRmAlwjYBtkk8GQxAym6BQliJMUYC7EDGTmNs2ynSxlgWaTsbggjkIkml9BEKRa0laolSokYolW3KnGxDZhKByTEbBptQCoIMGUdEKJw5tYZpyTRN4zRKUUtEKaVWFMi4QahGkSKiOcdhGFuLolqr0ypgAbWUKAWZUKadLU0oTDqNXLqqJDNbZpuyEK21xCqUojqb0XLKxtgUlFoVEREKtWzOrLVGdDYkmTllZqYzWzMIq2E3A6UEgW2plBoOMq2IbLTmlpk2tjNtC4WckLbtTBvXUpC7rhpybK21lm0aU1KtQVpRAoVkJCGFBDiqIoo95dScDgk7naKO05Q5lb72/bx21TjJ1XK1Wq+lqDVKLQpJEdJ6WB8eHuCkOT1ls9JtzHQ6iRJhZZskkU4nqhGKUERXS7FJXAETYDRVSlY7XSBrVaCWBGRkNkIqpaZES0pOLYQtixxbN59JAFgRqJEKC2eCJAxtbNEVUJSQAIvEWaJGSRGhAqQz29TSpB3q0qVWnE6PHksNRUXKbKQyE2dGBJIBqSiiClUiE4OwBFa2VKhBiOg6J05R7LSDWqqAoEbN1tbT2JSLbuE2JemGhQg75aISSoyFbKZhiFIQJZQ2oIh0U5LhmNRwFAgFNrTJUW1LCoQzXSSwmYbRpnZdlOpMWQraNCGlm5xTTiVLrVVpilpLoWkcu9oZiUYtNi1bRJFFmFSEQcbZmi0FXS2tZZoSiNpaS6OWQomLHREWyLJhApWu4kCIKKlGWiGDnIkkUBFpgQVNKiZlIYFCJCDSBApImgnAIBtFhG0LQJaCtAWSMQRkmCzhtCUBhEHNCKczUEtXEQIQYOeUmRlRCHV0poFFadlaZoAUkiRQ0GhuGIxtUJsyAkLTOJEqNaQgs2UKA85IA81GALSWCslgJCkimicyFOnW7EgslYgIGUt0EQlORwlZCmw5GyFQBGlaa0JIWDLpTKuG0llKZKO1TGfLrH2NhMBOIAqeTCelkGVsRKISdkoYZAsk2UCCQxgnIdsCg0SzQyITCZCMFTgxFrYlAkBCZGIZENiIBMlpgSSDhTMkbMBCGQFGFpBhQKkES0BRpMAJShQ4UcgGA7Is2caygQBEZEEmBQkYcZkFDjmRJAECZJCdZJMlyUoDgSxkkIQBYQPI2EbYSAISpYQtkSawkO3EQIABgy1BCLABhZyNKVsptWVTkVstJYSzIZWADDIzKLNZh8ls0zRhm8zM9XodJexSu96JasiW1JUCBtGiZWKiqJTq1iQ73dK164CoBELFUyulrI4O5vPFN37rt//Uz/zsvXfdeeONN0XXbMCZINku4bRMQIYETkvCgIUsYxF2w4GIxCFAWEZyI4okA2Ah25YEthDGgSQbYzCWQRI2ziAwlkNqNkSAbXAiWYDMZRIGsBIkSClssBILQMiyEkIIjHFIRhZCAdhGktMgsBXCKGwj0gGEIkkQ2CaCTAMohC1wCGNZFhYkKHDDyEaSkUgkK4wJ25LBdoCRwxhjIZTYIAhEc+trv3dpb8zxV3/+F+bzxe65e7rSu48gDW4NR+k0tSQzTYmwNI2jhKTM1lqWGgZnTuMQVX03My1lbOOc0rg1oiJUSpU8Zo7DOhSG0lUD2bBJUsLGhAqkTTotl5BV3CaEQFGyNYfDsqJNY5KVWqLYMrYTy6KWWmwjR4Zk0aZGkW23VNhYKNOqUdJuk7verWEIAcjplKRiLCwhh2m4JaEUgdIGSVg4sZGERCKJdMOBIJUyYGOQRUhGwlYghzEK2cYYy0KSASMJicCGJopDNhJCJYBaKyFbERZyEeHWPExTQESEVGuJqIRIzfouM00GNkmJihBK7MQindlAimg02wklRcmWIoQUsgj6EhHZ0ooaAlQDm2YCCyMJ22O2wBlFbmBsk+M4EgqFTJQyTNPUxn42F8agIhEo09Cm5lqjualJctpRSyEIsFIA4UxhOwgU2Roh2xHhdGK3jBJpbONsEwSZ2aYxSokoZGRmBihba1LnJDNxTqb2PamIlKKl2zRlhCcFmvedpXSWWls2RRTCtjObEBEREmQSYLfmUohQRBEh9bQGsnKcMtCs7z2b2U2NtDJbCVkha3t7Zxrb2FohlJrcJPpZDallKgLjRsNRwxkRzXTDeonkMlNkiEoaT4qSqVYs29hSgJuzZVE0ElwiMh1SErIVknAmRNTq1pIMCpIEkgDUWpaAIpoVtLFRSwRYiaXITOXUkME5Rg2hEkVOVxWRABIkClnIWKiUIjFlC1WLQFwhasbYplJCQrZFGklIAC0zAhkSwLIUkOkIOwmsoJ/VTK+HoQQBtkHQMqOUxJpapjMiZUUtctiJip1yTs0KFWDKhiIiiChhLLnZORk8OUtEREiRbUolCglFuDUkUDpBtqsYkxKl1iJE2C0V4RJd7SNCUiIBdjpsG2RFwenMyRSQAjcPnkSUKiQ3S6XI6Vai2sUytpuVduC0k8wkLFJEFtlSJkJCgUGZlhACLEGCrTApY8JYGSEnVsqhELYl2cggFGCMJewQdmBZjZRwmJRAWBYyxmBLxUXYSqIaCwAkRQiJ5iYFUrFJT21qpUY2BzgniFIiC54cpTgdKk6kNGALUWQschIdsso0DTUIyalQqMY0jSiilGkco5RAJlVLx4zM5qwRtpQNa5omCaKIEHYQiIh0c2s5mUAoiorVnAq5pUoptTA2RQAK3GQSG0xIgACaAmEnkZARkTaSscBqKISBtGSEUg6QSROBAAkZnA4BJpCFkYQNbiBCpANMOIiUsUEy4ESSw1hcFkqZlGwDyFDAIZNYNmBkKWVJNjKQpCwjQLItySaUiWQJ2QmBCINsEuRE4XQIGwsAK4WQsJANsiRbyMgIhGwTXCYSZMtgHBgjZBwSRnJmSsJYGOSQbEtyIgG2ZFCQRoABwAJLoVaiZGu4kEACItSZ5pZJGgRurcmM09imTFFaqMR8sYgChFBEhKI1S2AIOdMkE1GjRJhmEkUABYEFZsxGjoRK1L6fnTt7z6lrrnvCE55w3fXX3nPP7dffdMvYWk4JIm0xoRAykoxAAtuEhW0hg5MI2QgMBoOESEeomQIGGwtLGMIA6QhjpQW2gwIJKSsFDsIkWCmFQrZlwFJYKDEOZAmbgJQThFEYCxlLyCSAEJGkhJoogV1SrRgLG4SMENggADBGCGEsaM4QpC0QWMIIY7BRkRLAQoBtQi2R0gghAtkWsgBkLBtZCmOQZQEYINMQkKK0zK7rw97fvfgZn/HJr//Gbzqt90rX11rslnbKVcXCSciWkpQlsu9q2kKlhJhKLc60jJGjZXM2Q8hFZapKZ991ZI5Tjm1dSim1tmGaaFHCTtnIq9UYEbUGTZQw0IRshVCzyRYoW6KQspTAmnISVqi6OtNWMSqlEC2b7WkaWzZRSlEpYdRai0SWRURERGsWLhHYrYRtFxAFAUaEAqVFgoyRkJwRYSyTCjmVICwJwJZsI9mgImyZDNkIy7IEphHhxJJIpxTpFEIhiWyWSUKINLKxhSwDTkEqakiBwch2ZmtZoqhUwn1EktM0YgipyHaOzYlqM4QCKXFROJGz2RipoVK6wmSCliFRewlaWqCppSBtoaZhmjDNnqDUUpwN59RKLUUxtqnUrpAkoVBoHKaQohaS6CvG2VpLJbV2igik0DQ2qU1JUZoA175GBEZgWW0KarNDEChFcUNkRtQoINmyndNIrbUok0lka7V2WatBppZoitaaDahUhcO21KUjEW4lwigNOHEbWoQkoVJL2LTMKR1BSJKqy+SGg5CNM4MgEoVK1FKbmlsTJULZmnERTViIKFKKCKFw0uQQUQoWuOWYMuE0tSihlAK20iqSSoSTLEnaLaMKIrOVUksppShK79aqha3AkqQC4KllloItApsSyiSNMydcUMOBGyolhBRMGU4TgI3cMgJMN682kiJCqVpJZ5uaMyVFV0uNNqVA0kTzeiylUwQYATFNTWbCJeQITDY7soCIUCTgzMROB6SlgsAmirDCOFo20qWrzW7GjFU1JaEIkU0Rxs42ZSEkKKHWkugkSwQ0V0AqU5sQRcWyQARuSCEnag0VFUQUWguBLSmdmLE1SaWomZyaLNGiqNTOTnWV1kJqTllRIAthKTIzpIhC0khJU2aQNaQqTJI2tm3bNq3QOadxMDhq2K2WqKVr0VrL5uYWJcICEFIKIYkknUnDEmEFskrBpEMQDYmURWQikOSQAGPjACMQJpAFJLYQIFAAkJIwFhAmZVtGAoFsK0yaDBUwSNhWyGlDgC2JRhaHUYSdgAEZaJlOm8hs6VKLhMjoajhdqkmsENgOiVJCanIoiGymtZTd1SLJYFOQZTlDkQZnQmSLplChtAipL06Bbdo4Ril2KiQLnAqctg3hqWUBSZYkWjasUDU4IkAUgqIEkZ7UajpwWiqW1TIVQSiEJBKlsRNjEypYiUE4w6EQNmEnRsLIRhI2liVsGUWmBJJkEEpnOCQnKQJbAmMLZCEllo1lbAghbMjATgAZpRITILADjJy2kCxjBQbCsh0I2QS2IKWwsQInFgqljQWASWUQtsCBLAwBaUI2xgrJxrYkjLDBNiDbhJ1hjJCdcliEsJQ2gY0CDCYECcqUhEMiQWAsC4EkCyyweSaBDYDA2EZStlQxNpIEopQq5+SxuEiFsGEaJ7c2tqnWLiAziyOkUAEy05aLVciWtpURoYiisBS2s2XaiiylOjMzCbAycWYpxTgiNhbzvd3dEyeO/9Hv/8HLv/Krnjt778nT15Xq9ZhRIBVgGxkwsglZFoklZCcokI3CmEDYEgZZQg4rkQQCLCRsI3CEjWRSEpZJQArbgJQ4bIJMwKQgbUJOJCcKycY2sjPktJAQdiIQGNsisC0Ch2QH0WzLbgILbCzAWMYSwiCwHJJTYEgUINsBIAwmUNqAkZxKIYlEwgglko2wEcYYTIi0FJYBjDBIWJYBJGGHitOKyDYWahV33H7bW7z5m37253y+PK6HsUS0tDHYk92FnM0ZQhKQrdWuBrLtJFAt1SjJQF3fyQxtsnPWzTIT0dWamSIUkjyOE85SqiqeAAnS2HRdUdRaSxvHTIfkAFOSBGhpSUSELBGEMhNLlUJViWxT2lPLgl2ULUMhRakV25Bpk5KMVSKcklpziVAJpbOUkpNSUgGmTECkwEhOCqRSjokMIdIGWwohJCttRCCDSCsgURjbFmEloLCxHbZLWCjthiMCWwmB3CAQAgJbEFYCARgJHJQMm5YYIJ0ggxwoaGNOOWR2XReKhkJRkGVbKkjRIJul5kZiLEeKgtIOjFIOMhsmQk5nGqESoXDLZoC+FEBESRvbnkAmgsTphk0mIjOjhhNEZjoJRGs2aZda0iDXUoBpbOksKhGYUoRVikpmAum002AluE1WBMhjQyq1ypIxCsklSAumRDgUljDphiOqoKDsakxtIqemyCmNSqiUkA0hhUJtapkWdEVWYIcEytYoSBGSgpaZU5pUSIpKcQlnutHUAnVRQ84wSigRgZimljZQS2CVEm42TRLKNLKSKVJSFInIKJG2ksCKbprGVOI0RIQIywrcbIzVdQUViWyZzsi0wiCU2SaFSymYzLRTJkln2iG7RMVpWSJFOsfWxmzjNJUSESWd6czWWraWmaBEJqcp24TSdmuZmURYbtOEFSWiFhVqlFk3q6Xg5lRQWnq9Phqn0c50tpxaayrhNq2H9ZRjy9amaRrHllMzYadNuNSiKMKJnSJTuHQ1s0nRlahRDZmZ2bK1KQ0GS6FCyCkndF0fCiFJLRSKCLJNRQFASgUVbAdXRETt6rzvVQNc+66U2pxgSSqqtSgkUUP9bFb7aoUNSrfmhFItS4oqUNOUNqbZpVSFEmwLz7oqexjGTDKNhbNltnTLhqPUUATK6EJgM05tHAeFSi21lFoKqJYoCnDUYjNOzbIhKKoSCKA6DVJaQDFGFEwRkm1InAgkwg6ZEASWAAioksBgZNu4IZEgKQFjiDBIFkIkIAXptGyMFNhSCKeEsFQkY5lEYS6TDS5RKDG1ZiRyzNayKVS7kjRbyBESas7mxFZYwrZUCrWrtZRqFUstbRtoLW2XKGkUKlKjNbfMFMpmpyATspFOkyqBMQYibKnWWkt1amqT3SY7yWYTDqmEpJAiFIAAyQirtclOg2SDiCoVycaZtmwHpA1kNrtZFracKcu2jUAgsDEIAxjCIRsDRiRKZDutzHAkTgAZO4SQURg7MClhyyAsZJS2kY0IgRAWIZFgBCmMQ5KwSUE6ZJGgUIq0kJEtyQAWtsIyTgHCWBCWZFtKk8Z2CBxIgEBIYIEE2HI6RGAMmZJSinQIjEJgYWOMQCBJllKEyMzAhEBSGiSDMSZtOw22AiwLJCQQAmGQEZZBoUwUFrhBOtNuzVaSCizZBlPLbLaoXVcjSogAyTClMzOw09M42SmFsW21NDSn05ZAENlagrEzUZRw6WpYrbWptVq6cO7vnn+5l3/Fb/+Gr1sdrC5dvJBWQcUEkgmEIUNGTkGGCQFyUBSBDZAYYSOwhBPbFkZYRiBCTgcCgwyAIQyWEELYIMAOY8JWYIwxKIRRCCTSOBPZIEiQJFmJEIkMQEiCIiFLNsJSwYARZMoKAmHJxjghERiITKwEQAgZYSSjBCFjhSWFJAnZsgW2ACGwZCNh2UYgDChJAEJSIBuQQwQSmHC2qURkTmnNF90dt9/xEi/+mJ/9uV9Qa3v7l7DBkmxnZikSTjIkN7c2uWGMMYBDBqIrEWE7IdOEokStFVkl0k4cQTpbJnIpBdXEmZRacI6tpadMG5GZzlJKCJEyEaRIN6fkDFGiqoYEcoRKDRGE2jS1KRWhIggsSQopVEJgEoGbszUI0oZMZ7apTTk1IgTOnALZgMRlwthYcpOlyHAAVjpAKLCRAIEIYVmyFQioBpAUyCBBpnEgg40aRpKCbIkUIWxFgowASxAQlrCFiywpHGC7gRGgEEIgWWLKcWyj7Zymlg6D03LLlgZHZgunRGYzzQlOHBJCmTZOmlCtVaGpZWaGQqVky0xLEaESgcDhEFdIYYOkEpaQVG0aihK2JLqoUUpRsbWe2tFqPU6jIbO11oA2TeBaKlKVSkQiSVNOmZMNpKEQziQznc7MbM607dYmZ2uttcmCZslgWVFKlBLCuEQXVUFkJrblUopRm9Kt4ZbpbFNLEuzM5pQUAilKKFBEAIqiQlEIYeNmhUNVRUBim5YJJp32crUcx0GWrcwE0m45gQvFjZQDmlvizBYRONrU5AIhhYBSLAWqtaCSOZUocto5DMM0jjm1aRrTbpmZzTQA0VpObXQ6pCCRsAPhNM7WWjZLMhFSkgYikAOQaldK6SJKqaWUUERzWhayMw0KFDhtAEWJUEhGuCkUIihSWCnnNDWl7VQJyyWKinBi5v18PpuXUhSFRmbSJoGFjaAUSYpQBHZEEA1nQhqDwWkkhQkVSy0TIRBYBgtsY7dMW1GKLKeNsZ2WCMKyIghZhEChHE0zziltZ+KWAa0ladueWmutq70T20BElIiIqqghYYckeRrGtJECZUMSVggykBAl1Fobx0l2iIgwEbX2tTjdstkNRRElqFGjlKk5cUQnwqjW6LtiMQ1Da62UANvZMoFMCRmcmW2CdEjCmVLgxEaNElZzs5U4JbLZBpqEJDCkJSOlIYUAkIWbJxAKEqRU2EYp0gghyaTBTQZA4jIpbFvI2AhbhGwCgS1ZCge2uKwZkLGntBQBskCQ2cYpi0qJsMk2Ta2RmVNOLacpbRCSCIqQLCUJ4DCyIpAiokCmCZEApYREhDNTEV2E3WwjKdN2hBQqKl1XEZlp00WUiFoqhBNaGqSQyUwwkC0VoHA6W0pRo5SoIoybW0IghRQRURARBQiEioxBlooMNsIkcmJCEQgkS6KRAAU5IcDFAMgRiYVAGKHAMha2LGwZjGRkKDbGCiktjGxCIBvbEoAkgSBl0pKUSEoAYVLhlBLzTCLtwBlkYCREACglJCxhE2BAgCHAAALb2CRGgBFprEBYMoRsKY0wyMIgAlvINk5AkjBFSkyG5IwwxgghIAIQSHKmZQG2AScmJSHJKDA4sxBOocQ4LclR+r5TyHY4bScKy6QgSo1SC0WSs8mAKLJRYCmCULSWE06nEoVKRK2lKogoBmHAGSpVYRFCZhhb6SrU/b0L7/uBH/IRH/5hR/sHR/uHUUrayI3JFgiBJMlGltNCkGFhBwoQYYSELAMhJGOQZADhRIGFDEJGGAVYOAWELWHLgEFICIEAGRNCOK1UCVIhWxISIgxpjI0RNiEMtm3bhgQs2ymBJIOEbDkNpEBS4BDGYAsHTgCcTtsA2MZppYQJ2zYYIxISWwnGBpySwIKQjQQgCwmwSRJA4VBAygBuitqPbZxabG5u3fb0Z1x37em//du/t71erfraRSkAaUNRxWotbRsSLCJKLZ3T4zhhJBLnONlZopTQNLVhPYZlKzNBgnGY1quxTdmySdH33azvQhEIqdTADtVSitOJaTm1FiGVitTSzpbZxjaqBoqWU06t2SIUEYRQSNgUMCWkEOmgtJbONk1Ta5nkOE1TG7EyW2vN6YgoJWxaZraUrFIkjICCAGEJZBnJ2I4UYdvYCiWOwMa2E2yLBCEcIBAgwCAAK0LYskLCDkvgtCkBJtNgZKdkQgKHMUYOWcLCdpBIkklPQEgAIrGzRXR9N+9nXdQiSeFAGCHM2KZsLSwjqUZUggyBW8vMFISQlW5uGSo1iohUCuxsBlAppRSLEipWKUUYSNsYSCil1BqIrtSu1BKAqBERXSkRlCgbi9l8tsAoIkIts9YuSmRmJsM0tZbpZDJIUXCzIlRSGJkIBJaoXdeVaonWWqbTOTnlbE5bBYPMOE3TNAFSGE/TkG7g1bDObMaOUAkVRRS72dgGuogIUYQgJDlNZsMg5ZRTS9xaTlBUEdGmKVtmThERpfR9FyUClVJUwzaQgBXRoahVpSshpQlCEgSgoNRKGKllm6aWU1sdHk5uSGNrLW2aIkIhQhFdNyslpqlFiVq7iHDLYkeJopCjlpAJUN9V08aWAAgjUSRRrKa0ksSqHWSmwaGQMEhkS4WQuuhBBtEySQipSJktbTlCAVFKsR0SoZZZitMqNWQEkoqdQmDIbFGCdNSiIqeF5rVElOYmu5ZOyrQI4UKoRAHcmixJ0RXbmVZVaZlFQikjBRhFKCIEMGWbRssJJC4TTTC1KJEybcpSaGlJJWIam8DQUDUKEdikMzNrVIeLQ0QyZRpUFK21bJORQgJbChCAhJ0CJ62tLUnREQk4FNlHTSN7mhxqqkGWkKcp29qlU40OTCAV5xQqGSkLCdPsGt2YQ7ZJlnBzRoaKJKMIu+tqtpQUipbNQoC4rJAjhIsRgEGFBDIQElgg24EMktIOgY3DkZGyTBMlnRJGFJOyHTIIJBIEYADAYFkCC9viWSwAKU2gRIG4zAlERD8roo7T5NaSpJQQLadSaroZp1E4orNTiZEQttNOtyoUpBFFgd0yJUmasqmGMnPKqBVst4hOUAqKIiil4jHH5sI4Ze+uVGWmrGxNisCEooQBKa2WqRaqIhRYIY1WkRA5tdYkRS0RyikTnJMth0xrjS4HBLiGEZTAZFFYhJ2SDEKYxBGkwSDZoFSQptBsCQwkgMBOSSLtorATQOCQ7ABswCJsC1kythAS2CCcJiIaWcCS0iaEgZTCRgJBYgGQFjiUzoKcSJISC8mABSBjwiAACyUogHQiwpIMTiQJgyw5E4UlbIHlsLBtpDAOZECQTqNIWxLClmUnEshYKUtYCOOwLAMCB6BAti2wkCEUlrFtRZDGICW2hZ3YgTMjwKq1TlO2bBGUKJkmszmdLSKaXUpgIkARhNXICCBlO50hiQppBMakrYjETiSZNGCJQKC0UWg2r+v1kDl87dd9/TNuu+1nf/7nullfa5UxkWqFcAjhSQjZBDitcFoCcZkFxrYkYwmMZUASBpANIi0JCEiVsK2UwTIIK5QQzhQYIwkbWcZphMDhZgmswJlCyAIZwrYElm2FbAlwWA4JABswIDBhpRwENoFtSwKlCBnIDGRCSitsSKckE9i2CBCyLcsiMMiGsIyNBECBNAJbUjqkZgRYSNikTKYlABNqbZTKse3NW5/+1J1j23fdfW/LPDi4GDiELaVVHQ5hRLYsUbNNQqhAZtp2RJRSmk1OjuLMbFlL1FoErWVrU621FowKTGS2CREhIlKNCEhkUSRnZomQgGyTU1YonJkJGNcohWILbMAuiHQzkjFOR+mUDcgkc5JQRLFaWgYpgBK1duCxjbJKKYqQInNs00SIkVKiKISBZgEZspHSEUpJ2EBKAmQyIjKNrbAlGZuQDRAmnQ4ilWHZRgiMhcCAwjYQ2MIIEJJMgkANR2qSZCwEJoUhEktgWQrABihRg8CEJKllCiGFSIwdhAqJBA3TmoqcOAk5amc1EVhpS0jCQCJLRBRwhGRM1lJR8TQ2Q6SShtSyFJVSbFfJSSqduR5WXddLcjrHDDG15hRY0aEkHYCUTjswpRRjR8V2QgUnRhESCBqGkNMYSQGeshVF1hISaZACk04y0zKKvtZmp7M4AEWA3CyX1rLUgJRDdsq1q21KIuxsjmwtmye5RgUpCKtlRk6KIrulIjponiI1yeEQstO2JXWljjlkpjDCtk0RpQYtp7SUuLWcFFUJciEaUGF0YwJJKdWunxfUphY4SsEok4iugIEsUVWlKKIFYXtsKTC2WiUinM42WWHCigh1diYIuTnlmHJMu9QCti0V2wqppUVmonDLRtYgQpJAUqRt286WztZqB1FCmJQUJVo2gnBQ7FRC2mEmWygK4TC2nW4lwhYOkelsDYlMSkGlFtuWgrQR2NmmiGJs45YJJUOppEEQYBNRpNYy3SRhnGmXkClhIyuzKZxZBKXIRjgcgoiqkACcTo+t7yuKUJBYkDHl1BVFKYAEOEq4ZZqCVWobm6bMwJNVmkPYoCjVNmakKUlnUJCUdkiZNpVoakBAVkVUIiIg3XKMqAImT9milDAqMlZEHwVJhFNuLQmn02OaIpUaRrYzU8KmqICMLUJgNRFg21hIImUcKAUhZaKQk5BtGSJskFLQirCKSAtZQkiyDIkLhADbQmAkg4RBThSyICXZslPChHHKBUQBIADDmCk3JY5SpAiPY5ZSnGnkdKg402GAqpAwaaZsIZHYNhY4ASCkHFsrhEK11EaqBJmttamNIiMKmRYJdTZzJjCf4SkzkTS5YaKGg7RpaVtg5ESFEAltysxEpahkpqWudFGLUE5pOVuSqqVkWqhIRNoJcgZmasIKA5bBCVLglFDSrAKWZUyAUworAYEAkI1w4hA2IdKJhI1lWgsJZIzBYWVCpIwlG5NBhJ1GwiaQJdvCwjZWytgCgUFCFhjhJB1SCoyEkGWcspBTyEYyYJABKyU5KYrEThAiwAgEYTdJwuAEI9mWZBuQbSGBAYQQmVGcVhDYaXAQKWSwZIGNwDKSbItw2tFCYUgjwlhNGcgYQQpJJmwk2SolGpnpBsLpASIFcmBnNqAWrDq1kQQgrUCNMSekQBGyFKJTRRECRyJZU06IYgU4ip22IwJjHCioUZ2ZIXel27144cTJkz/9Mz/z8i/3Cn/5l39xw4Me3NqkKShKW2mEAgySsCVhyQnYRsI2SMIIhA0GObEIg2QJG4EwNpIzBSEyjLEtATJIMm6mgiVIORBAOsBCxpYlsEVK4ZRkJGTASppcAGFkIzIthWwLIbDVwpFkpJCxhI3AwiAbyYLWHCEDIFsCYQO2CQKnkIkgQVyRCpwWge2QjJFlIRKHkLEwlkUgSwIIRdpFZT6bPePpTy9w/sJ5weGli/28OAlo6dL30DzhIreMCNu1dgjMlBO2JDtzaghFDZwoopQoDguRphSbcRhLiajdPGoanHaYzJYgoEYVBJEtm11rAWVkJ02tpWURESWqnS2nSoBSklCE7WwTqNRobrVUq9otMcg00qXUUtSmNE47asi0cbIthdOtDZLAiIIamS0zZGNQFEApgxxKOQyWsDFIAkeSYKnYkm0BalDSjmYiTNqhSFmW7ISQjAFJThRgjMAYC0gISdjIOCRJ6TAWCIGxjZwG1BLAAdgNmwiTbrazGUwrYSxwtqBEyCgEXWSmJNNsORPCQmADhNQ8iQAstcxSSolombanqeGmQBHOnFo6QUCRArk129nGhFTg1qJUqdlumIaETRvXloASBYCSboaiYjvBbqWWiBKO1lprGWFFba2pSKWIJkNmSwiaU6FQodg2FihJ20VyWqV08tQynbaxM03Qd0EUzDQmoZymFP28iyqTU6ONY63qakkDBrcxo6sKpVE6QooIiyhTm0hUFXYD29naFCpylIIVIszoJmGhNCFFRNIIaNgWMhnITOMoIiKQg04qaYfsFBIZqakZOTEt3caJEl3XZ04IEBjboVDYVGfaTsM4qYbllllKndSam5uFgHRKigQySgjhRpQUmYkkYVykKLLJqWFbIj2ZpPWlqhYbAZCJSFutOT0VFUy2DMmiYbcWpYJVu46cmhUFlOnm1kegKiemdsXW1FobWy2llECJI9OOMHI20l3ftdZaywA5rKSFQE4IQTpzShQRRSJqxWo5AqV0gDGWEQLRMpVCJmnZFEW2ixooUyWQyIwoKTeaXBwuikw7rSizouVqPYuotYiSTjqUThTIMqKW0lo6LZVAGcnkCc/oJqWkaWqAnV3fG2SyNTlSFpGtRYm0DU6nUDNBtskqRQVLkmoJ4a5IKJ2tkZlYJp1EJ8nYatEkbItQlVuCZblAgiyUgI2MZAzCBiE7MxxhWaQssAEZYwBsIwjU5ADANmALsKyEMIAtkDIRCQKQgbDSGRiQBDZuYwtJgXCpMY4tM0MligQKpW0707WUdApntkzXqEQ4na1FFNsCJIGTli2qkiQtidaaE9RXOWobR9ItoiCkEpGZQhk4M6I4JZlMrACpEOlM5NrVtNNSOkK2ndksy4FKH4TamC3HTEpE7TtjJcYCEVwRAGISiZQuYUuy0ymMA6nITuFMRCSWQIBtEBiTIiQkYeG0hUTaCBHIBgHI4XBKIRoCDAIchNMiAGSnFAZkBAZwgB1IuBkJLIRsJCRhQUbaAZYwQSA7DMg2AMKAhTCIJhWgpCc5EDhBxkKgBJEKOa0IJ8YobAcySUIRgFOQGcKJjQOl7ARJSmwpACRjYRCAKQ6HMRIYWxHIwhiFZIFJkUCzTWZLbKlGKZHpFiPQ1T7lNjZnllpsRaiqttGZDeShFYVqBcsg0ZIC0KbJQSmdnClCQRChKS1nZpOAUIi0caq5SUQzUWJzvti7uLtz8vSf/umfPvihD7njGbdef9NNrpGtZaZKAGlCgW1sJLBNBEDaErIwhpSxwMhCxiAwEkhOy0ZYThS205BC5jJjIAGIII1xuCQpgwRNwhkKhdMtCNthQ9iWbAmMFYRJLCQZQFIKZ1FJLIxkmxQ4TSGxCGEDxkhOR9gpyVgpK1HYBoOAwCYl0kiZGAmhxJCElLYEBoRTAiTJQiCTgGTMszQTKqXqGU9/WtfNdy/cV6NbLvdKH5m42RiF0y3TWA6CEnUc1+kSEjiioJJtkqI5FQrnRNIoJSZPTEaKUBd9a1NERAhIGwRSOK3iMAaME4NDxZEYSTVqywkcEVKkjZtQGiuiqDSamm2hUkpOzWljpyWjEC2CpMgGp42sKLSWU3Ma0ZWaME6psBoqJUpRRLEyp0JRFJkoAiSQbVkpE8hItgQmBXKgtKwUAAYKNKJgZzok1MiiMDglYVsogbCwLSzLkmUZsJAFlrCNEbYwFsI0QjIyhNRoACjAJFZRyNOQSBGBsW3sKR0KacxJk4goSpVaUHMWacy0Q9maMyRFTJlqgFGC2jRFuES0bECUyDSyrRrhAiiqGka0lsitTWCVIEMisbKp1Nol6cFj2NF1AdmgEhKWAlKQmW1qSWZClZqbs6mAZAsngZxOkCxCoWIhQ7bWnMqkSCoSEYSVspzTNEqRpKyiQqWilJVQUCpKgKOUxGnsTON0KISkKGSzbdcSUimSaUJSmGxkuEhKWy0TJIgIyJYR2M7WXIpkgUSmJSmFSAzUUhMLj6M9jhExtWnWzyQ5IZTObDSahCio5WQJKwp2ECqNdGsR0QxulkK2pUCK2rIVhXBmNqOUCpnGlFJaJqCILoQBbE/jWDoUuKUEIKdUVYphGidQKUWipSkUrKxRqxORiTMzjWxAIScmw6EoKhLpiVKrJAzjOEqKKBHOSYpOFQPZWislWvPkSWmh5gSKo02pohJyOqIit5aycKJQQZRMp41VAgWKggGXUqSw0zhUmqcI22CDApxunqIU28qcrBLCllA6x0aEyBJgtUwnRWXKqZZqOwRRJLWWtVYnyCiCcFihYlkG2W7NxgqZNEliVLuSmSEBhJ1YykwUSg/TFKKUEhGIcZyEapEQiEKbXLuujW1k1XcbtZSWLe1sKVshEZiQoiqQM1WECAdh2Y0MR05GSIFKYjAoCjRlgWaEDDYRgAmpyZEiIZSywARY2BIgYyGEAMgIWUTakoyE05islgXYGVYiHFJSWg6llKwREBIIpywVReDmNjZEFJWCiOaUooQUCS5FQc3MdEYJFIhAjogSpJGhKBJ14ZKZzpA8tgZ0tStV0zQJR0SaMIQZp4ajlMyUMU6nBPY4NSBKiMkNlHLJzECOlADhUKQkNxOeMksKIUop1FKEWkvhlhOqNSJwGicA9ih6FCRCBgUCjJ0WEJJDtpHAYGQkwAgRgJBNYoUA2RlIkm0kYTtThCWwmxTgQImQBEhgjMAIGxBCRkAAAJKNAhA4UYADpQGLQiSSADAWYFkKTJAgAhkswjKEmyVbhBEYgSGFnHIYK0gCYwR2IEtKrBSyLDAEyrATkLFdiCZLYCGABMRlSoGFDICwFSBw2E4QIAkDQqZgBVQ8hsIRJWpRpDUO64QaMeUUipAokZmSgUTgoiBws4JayzS15kkZCjk9rgcEtWZbG0VBKlVhFKJldrWbWtouESm1aYqQSgeepgkooVrLwe75reOnn/H0p772a7/O7/3+H9x48w21zofVYVEklhNsHBK2LBQCGyMpDbgonEZSYoGskBJLkEg4rUBgYwksyYAsFAEJCrACWWkLYQsLCxmLYhwyhAkVDFiSjQIR2AYkhCwEjSwKk6DExTZgIQshwC7CFNkYI2whLMm2wGp2lYxDwiEZTIaFQCHbyGBhLMAhI+wQaSSMiQCDbLAIo8RVmSnUbBRFmWP224vbn/rUftGfu+fu+cbWxfvuni/mQdhpnFDkzEm2xJQtUJYMxTAOtRRUyElRopSW6UxUGi4WobTBoFKKm+0MRYATu4GQp5YlIN0gRFpqTVEzm92qiiOc2dKSpIIi7cyWFlCitKnZypaAbRQRKl2XrUWpzel0SDXqpIlGQjZLiaPYhFpG1AjJZFEMOQahqihFkK1ZtoQEDWE3ACSHJGyJNIrMRBImjJFBYWEUpBEmFbJNIKcRgTDIhGQSSUQaaCaEMBJgAqckpwkpcSAIMImFhNNRInBzGKSI2legryBKCaAlhCEaWShRNI1DlGKIErUpS9ptSqpaUwFaGjMOq1prkZDsVqO2TAkpIlQUKIFsdhDpkGwU4WwoShGKTtHaJEjoohISqAtETlMaD0N6UoQT1SrLEGERUiSZU3PYDaSoRQ2JKHI6M4MSIQN2kSiSw+nAJkMl07gpRKaFZNRkhZja1Kap1BKlIqpqZrZpchRyql0xcjNQothpuRLOJoWMwjWKpOaWtp2l1pzsNgnSlqRIJ1GLMVKEgCI1k9NIEdbQUtlsmUkonUGV5HS6FUJFQkhtbFFiNqtuMU2tlJJpZ7q12lUQTmerXW/U2jS2rCVqEY7IRtARCbYFRMiWI8lpTJVSA0mSikrIRNGUzjZFlGxuralEESLSrU0ZpUQpgdPYkx0KnAzjKkJBZHOtMpCAQ8IiaFNDSUoCK0Jp5EQOKUoYFWTAoTC27BTZbFGVU+Y0NYkaXQRpl1IkgJJQJKqUbqTTYZAIiXQKWssoKqpR3GzLhGmSlAioFNfIls0mGyQRIYUjExsbacopCEgSS1JEMUgIOSCRhbM1lSICZ40emrHSgAO74QAykwjhbE0oQoSaE1uy0xEF1LLJkhQygqkpwiFQaym7loJQ4Cg9RmSmJOyiIjlKDXLKlEMhWV1fMkvL5oQwpkQ0NwRCEAoRJiEhRGaTsSUhsCLSCQZA2BLZENYEggRwBDYOBARCBgmcCDksDFJCSDJgZExaEdhCBiwAKbBVUqlMFJJJEGGDUlHSONNgCRChEiLJEgrbZEZEQmtjCFsKORPU0mRalp3NYJWAUKgomqZmFyeBIDNEpixJciaZDQmUGEEa09KZjpCdQs12czcrxkUVu9ltGhOKiqKT7RoYOxXVOUkGsKNIqE2Noq7URC3bOI61dqXIVqGDLCVSGUJKAKIoZINIZRg3u4TAASawMZZAABhZAiMMAiAxWSJsSzhxSDYGhRMCLMtgYRdhgbnMIGMQlp0QKMPRQADIWBYSFkoo2ApIDCSXGcIGyVg2AiyUcnEgVMBpiUTGJBJW2kHYEgYcjmYprMCWEDIGsCzLCCWEFUBApiNkZxCEMbakhmUQyBAiDQLLWAG2hRBOA0ZOKxy2kYEEARgDIVxqtCkaCGyPbrKcVpFtLANkGlnpJAIcoYiCnFY63VJyoEzbCTaUUhTh1koJlaLMyVkcigi7tZRymtItIVvalKJMuxiLTIdUum65vzvb3vqd3/2913z1V/v9P/jDa2+4fjbfWA+jbaeoViqFbIcyW6ggS7YLApm0wiRSGAvZBhssYRzIsi3JRrJBQo6MxLIkDDjTBAgsZEAFbBApg+RMyaQUSgFIwqkMsIJsWBgkwgAYggBbNiFACUoIibSwwmmBBQ7JmaYEaTkkg2UJkI2AsJCBNDIYCqSEkQXYwggsjAU2WChs4xQRhEmF0hJgR8w2utuf+tQbb7zutmfcFUWXzt8zW8wVtWXLNilUS0VSsRQtWzSiiAam1gjVdBrjTFswmc6YbFYJZIwyk4ZtEkJTy1IKoMC4lgg0MQGmqGCADJXJzcZOgSQS3DKNlOlShENqIUxEaGrZl4pwpiJaG3FTFJE4kgzFxFQjEtmR2UIQEiQpAklSrRW7tRYKg0qRnbKdKhgyBZJkAHNZBGlCYHOFJAMkigRZCApKGTsEwmAjkVwhge2ApBC2jZQ2SIllQQklRJNDxkEKIYMIecpWLAuBZTuBcTKQiUIydth2I9UyI6FIoRzGda1dIYJIcmouaopSRBS6qKHAziSbm6eQjGy35hJhsF1KGJUabomEyWx2pogwOYJL6QukXEs1thmHQVBrTEaOUkpXC7ZKwZmQLW3Ama1GpRYJ7FZLAVISpdbMxLR0KRESRhIygEkyFA3cnDmVEpnFOZUoUYgoUUupMgIL1dJRnK1ZpbWstZgiUlEzR4AESUmpEQl2OjONHCpuRCEbxmCQHKbRWgpByywRChWbEkbIcpZSbBIjIlWqQjEOY0KJAFQiW9YaSG0cJ9t2hEMklK6KgLSidGXKRmIRcpQSlg0IlKiEpmkKASEV09wsBUEQYdNaYjkZWyNTIbLZrlVVAeAEKaKWkIoVmQmhkBstqapVXUtFDSBbpo1praWg2U4sQiCFJAJqraKAIEJhWWmnm5udDkUpUSJCtoOoXa1RA5CEpJhatikjSo0uBFEIkiaE3VoziQBZBiJsBCqOEqUrQUCbyGY37AgAkxCSMp3pbCmoJaSIkEzpSo2iUCbYoSgRoYiq2lXVWkqVwxhIRin6UqmShEUEkNkChYiQJOOU0na2lpNToLSdVkohgcHpUIkohQiiCAKTBhHORBKKqDYQUZSQzjRpnAlpGTKlzAkRKhAIOeQiYduWILExOO1SQMIQCGcaMBlGTguwLBuHbIRsK5FBFk4bAQ5bUMIFgRMZR5K2bQwGRCgRMhYGS8YJgiSxgsRGISwAkHGERBhCsjFRJFstx0Y6pAgRmVlCiiLZLRUqXYTVsrXJVkREisxs2ZxubWqZntrkqTUP42Q3p8G2I2oIy5luTpw5NUIuEtRaFQqQDBklDNlymppBUihqrQqRdiCFUCbrcbAdBMhpbNtIoObEllRqcebYWjojAtlOpwBHAMhAIgCBEUXKtMASWMayjGzLhMjEEQIEBmGQoiVGznAgMkUKOyUDEgBGEgaDAAUibbAwEApIMjJSNhhDJCZt4+aU08hYYIyQLSzZyMqGjMGEw0Io5UjTjHFiSZDIlpCEjYCUA5KUjGWTgWWDBTbCIYVFWMjIThthk4TDoEQhRACSDMZOA2BbhOx0WlhpO0SCTIQksCShUDgDGwDsTOWUlIYtoQAXSV3XdaqlhDOzNaMA5BpRopYoUYsC45apCBISlVKk5kT0s76U0toUUSMKrU2ZrbWWTXaUGiWk6GoHSlRL1BJ2AqoRCklEMdQaR7t7wr/3+3/wXu/93vfedfe582c3Nxa4RSkiCMkGBJIwtgCw3JxkyMgRIgNJNpaQhcG2lUDIAAYZ26TAGCQDmIgiWXKChbEApUCWkSEkEwA22MLZLFmZKI2E5JDlxGEhSYaUMZACXABZdiIBDUsp2QgnKMJpjGWDkAsGEpwhUGBAYISKlbYScMpgsOUEp0JOAzJOZXCFHbZlXMJ211WmvPPW2176pV7sjjvujsKli/f1/TxUphydKQVSZrZxysnT2DARJZM2tWZH6YiMUCk1okDU2s1nnSKIiBJRSq0VwGSaREjpUACSghBhKe3WsjkjbNItc2rpBmotMYFCJE0EoVJUSkgq1VFqM2RmZkgNj9NoUKh281CRM1RsppattVBYAYlcIlp6WA3r9dqtTdPUpintkKJEKQISyxYiIaJNxo4K2Jm4yZJk4zQIC9kRKWEMYIG5TIZJxgKcYMkydpOMjBKMkZGUMlhyYhUskE3SmmWjtFMCKwGHbYAiEbZtGxsLSBkgkwQijZBKYLs1sMm0JLVxaulmgwAbgTHOnJxTtomxTRSVKJmNMLadCkLVdiIFObVM2wY3O0mlZSJCFOyWbWqJm52H+wfDap3pbCikCCGg4WlsLcmxkUYGKwIVYVstUwnO5tF2RNRSpOi6EhLIiXEJmSAUkopqqSFJypTSJYpkm1JLmdWoJUIRpJ3ZbKtE7WopxbadNpBGbk7cnC1bZhJIQZQaURRFxXYbWubolihCQVgRNtlyzBTOZtsJkxEpRYmCFEWlRhCKki2drl3tu5LZMhM73ZxgKSIiaq1QDBGBREhRAocUipZZQrPZLKTWMjPHbMMwtmls0+SQoghnTkalligKq5LNLSUJqSserRoFWWmQqkKZOY2NQi3FAiCNQTg9TWP0tUZVlChpZ9ohRRFmHJ1Tq1EMgiAaDbuNCbZKcem6kmmMwHaNmorMhnGzFCaxapQEl4ZlS2AjiKK0cxoVRSlwqAAO5ZhRSlVtOYUkQCCKInOSZQc2ioRsqaIgimnIuFgOmUgS2VigCGwckmU1WpGc2ZQ4FCEcSRq7GRBCEi2R7DShNjaFFBERdgsKHZ6m1iZZUaucESUzbUuKElil07geiTRlGpuVKLANU8sozpZTG5ShqlAARHHamS2bSpGZnEIqiRUyCoNNKUqrFNtEBCIz7YKTTJciBZDNCSXlcEEJKBJkFZMYQMgQsk0J2xZhlFbIDSSEbWxbIUQCFsIKlKQEAmQQIATGAlDahAS4GNsIbAjZIYEgARpACCLIloiWXUSUEtiKdIBRpCxhM7SpRoSUiWXb2CWkEIkUFGFbLiEwEWq2BBkRSEEkCdTa29laBoALsoQjgpBs11JtZxplKZXAzY2mLHI6KGZsGaUzbk6ni0qJUJc5ZRtNRC0FYWekFJIyMpwmDBQVoCDZARgJkDAIDAhBGiGDAGM5IsBOLNkq2BZhHKJlFmQBIYMMyLISBSDbEgYEIu2QwliAZDASgGVhu6BMCUSQiUAobAsJSYlRgLEMSJEggZGxhG2lJNIIIZyyUggDhISUmSIl0gKERSCcSLKIVKphgbGwEZLA2CBwWmFBEhghpwFF4IbCaQknikgRTgKcoiDktDCSMci2sAgEtojikEmBW7ZsGWVqA7N5bfY0DiIUoRAmsMByACIz25QRqqGpTZJIokQfHQacmRCmTS0jAhPgxGG7CUGgLDUKspVuGEmtpUJGEZBkZpSyd/Hs9vbx7/6u73r0Ix/+KZ/66c8YbrvpxpuWR0sKtoRkpVMKY64QEAjbgRLjCGELGZQYIUuIaFhYIRlkJJBljG2BpLQBgYVtBbKTDAoOhyWyWSUiZVkhYxnhTEKBDLaRBEhBYgNQJCSELcACh7EsSMuyIkiEIXFYQpItII0KlmWDEiBFCEPBzRlEYmERiUFCYEBOg5AdkA6TKnKSqVpbjkw6tr1537lz+xcvvdM7veMP//CPAPuXLpTaOXOigW3VEukE20kIkMPFYaVsgy2UgC07IlpLaOPkGlgxtoYJVLuSjvBkyQiTzeBUAwkUETXalEhhS2o4TQlhY1KJA0epkbZRCLCtEF1XM1PUkCTkDrdhGBWBUlG7Wqc2uVmhbMYtG6rRso3TJFNrFyizUWKamkSUgKKiPmIcQU1RcIYAZTaAQCrINoABYRIV3OSQbIexjAEHGMkYB7JIS5GywEjYFuBAwnYIpTKQZBOoCSEJY6ekNCZBRZEYJZJEWpIDQU0MdBEAQTptd6WmMppLV1tzyzDGKRWUEYCbIaETgGwrPaVlG+SUyYgaFGpO0zSNrdaQCEmoRWbLQFJ0pUMGIWVm0pyZuC+9wUlUCSE77NGp5qbADttNVkSBdLOFUbZUAZokpDYljmbTGScUmeYUtiCVJOlmW6HM1jKqZt1sWA2UKCUyUzhbsxiGsdQixdSa7KjV2VBghNNASCMSinEaAqhdNW5uzhIYoUCEwwW5psGNkAgp6UITsqWwPLUEFxxR01IIexyGUqrDoWhTtpyULl2tpaSdaWWUEpYTFCIhrVIyXSLIHDMx5FhK7WdVDqSpDbJK7Toilc5Mp5qoSoACyDYCwkCUlFpLmgMFUgQmohCRrTkdpRSFpGxNWCFjWktbJarCBqdCmSmjQHjKVkqpJSRCAjdnlKKICErtaGpMbWqZ2bINw5TNjcyWMmmnWzoDgRqZ2VpL2wg7M5uTiIhSiBBOUoooBclpijJpzlCpEZlkKhLbaZwg2xhqCUFRiZCFjSBth42RSFoawA5pamNmIoQUnUW2tJM0SCVqjdKVkCKi7/uWNqaRUnNKkBnYma15bI1ME6AQOTUhCdlCIiUCtymjFkW1nTk5TcsESa21YRjbNIkStYQijW2TEYpSotQ0iuhqV/surJbTOE6AcNoA2dLKNk2TTQB2A4ki7HRaFMupQFZKQjYGYRuQbCwrEwhIIIrBpEI2EhiMTArSEoAEgAxZJDAutjBGiUBYaYQjCJAxdhhAiHRr2LadBsBMEnZzS+wq1RIuZLYxp2E9TcMwttEiQjmJRi1BBMJOoAuIIJQ2ci0lhCSJJG1kCOEkwlUi0i5SRODMtMAYKUWOLbOVCIiQbIOdjRR4mlrLSVIJwDaE6qwmAEWllGJs2SmnFVFKsWKamiGKQLZQGDTZxg0gQzhlI5CxjUgEIOEkAgkgEUaNTLAzABQ2EGBcwEXCUqZkFQESYByyZSRjwBg7CUjLAlLY2CEjY4QRkRgJZOwQkoQNtmzJyMgJYcCWjMiwZVuyLQVItgQWwiEJWQKMATslocCKMAiQLByBjEkrsQIbBBACpY0sJTaymAJLNjJYcgicRNioAHaxTDFCdgCmyWkgjYlIgSUhILMZnCaj4bSKZJtCFEVXpjE9pVSiFEnOxM6k2W2cpqnllE5LUUqxQxHCOMc2OZ2hFIYaAXK2zJRTUtQIlHZmWmlbICRSkqQiIiIiQnJzplu61uj7+d7e/rQ+/ORP+bRf/PmfzmG67dand30NFcmyTVMgZ0mklhZp2xgpkAMp3DABNiBJ4EhkHLIcTpnEsgA7LRlw2CAAyTZSEYQlFFbKFnJmKJROwMYWMjIIGdvIEjgNYGUkAiQDRhkiwRgpwZAghEQ6walUGJASLAEoTKYtkIQgLEjLIqVAloMQkUYWGAwCQI7IQLLCyFI2RIpsk4jZ5uK2Z9yxf/HS133dV/7wD/+I27i3e6FEDUUqFRFRQnJaKG2VUIKRCAvABGDSgDGJW5uyjdmyhKQgwDiTkC3RTKQTG9yyZWvT2NrU0lgURe2qJ9sgZNs5jZOd4NZatmal7TAmVYISkhKMgBARchqcdnPKNNPaNE2Dm022hkoEUUrIQNYSpZYoYaxapAC7uQBmGsfVeiiSKMLOBiEhBJBWABJGAUQKpAQXyTbCOCQAIhEYIWysICJBYIXTFiCBLAyJjUMygFAqsYWtBCmakcKEg6QJoyBJEzaJTcumFOAUAEJhM7VGS7AJBRHCdktMKZ0URJGksJ0IISkiSqASUWoRwmTL1iZSUhEap6m1BCOctJbTNDkTAWE7p5ZTw4oohUg5E4taOhQ1SlWUvvRdX0IERVEUoahdQFiEFGAhhUpEqSEiCuHSFbCRnZkZwsi2M4OIUClFEpKECFSiFoGFnWmDBEBrHscRQRGZiprZ0k2l1K7UKiFJRepr6WoPbnamW7ZhnKZxyja2aaqlyIqIWiNKmTKnNqWVzZSIEpalKCVq1BJVUgkyp5ZThEyWkEREBE5ButkGgZUqai2nqXlqzlZLFS5Sy5Z2oAjsbDlNYxvG0S2DIgVO20ilhlRsjdM4TVMUSgmH7AaqiqLMSBRqLW0iHNkMmZPTACJKkSQMMsYORXQqCgz2OE2qoZbIRHHmlJgc3cKOKJZITAqaEyRMhYx0y+YoESECMGQT4ZDCZMsMRWaDUks16UxK0KwQWBAhGeFM0GQLu6hIztaIkIqiSdmMHCFBSKgQFlBCrbWQbEuKGm6mudZqp026JYRwaxGy0+lAYiKiUm0lk5sUhAQY06C0bA3J4UCKcCAFSeYUAHbilipKrMSZRlFK2qE+ikeap4wSsp12USgEFYGBGqEoJWjImQKFMm0cyME0tgi6LozSxipFoYhSAxsIhXMSdoskbSCdaQIplM5sihJOkJQQDgtICQFpQjIZCCxkyHSAJbCELYyEEAohZMgGJeWwACThNFjIDskYScjYSCAhG+ywMwRCVgqV4AoFMKUhQ0EIky2xpWKN4OJSI2xgkqqdU2s1QjUwdpCtNSJwqZMzQFGiqI3T5JSL1YaWHa5d78g2NqcVwgJHKGpHpg1FbWoBKrINpK0SoGYwgKxsbmmcEkiBDAKVyGmaptbXTl03TaNH11qjBJadzqREikKoFBswAFFKaUQRJhUllbKwjUOEbXAoJlyQhK0UCmMRKDFpCYEDAqwgmyi2BUaItIUMktIO0SCcVoEECCKFnFwWtkXYxgiBExlkJGMcrZiGJIxwCkBAWtgSlwncoBgEEaTANJBsg4VkUkhgy0qF0ighsA1YRIBF4pAMKG0IlLYEIYwsYxwABkk2tmQwdoBlEGAj0gQ4IANlSDitkDCWhB0ykowy0mkSK6JEoNJFWa73FWU2W8A0jSmJImXaVgSArFBYCWJyQ7XQWiHs5ilLhEuxHYpSSzrbaLUW0gS1FAzG2DahTCSQUsKmATYGsnliCrFYzIZhatPeG7/pW5696/YHPeJhd912x6lrrulKcSAZK8EkWSIwUgIJITCZKJDTRJGdthAIQLYkJLAyLJNQJKcgZRkCYaccFglKEeC0HIKUAuOQWlqyRAo1CGRhKWxbAjCQQYApdiKAaDKWbIMkg7BBRqLYDgkLjIplp4UQhnBCCJkGkbg4DJAuuJkGIaVVhAGwwKB0BqBMhQInnqxC329A3vH0p5H89d/91Uu9+EuPw2q93Ku1N3amCNsgECGlQ+F0I4sDTERO6SShBHISBQC3tCSna4TlNk4gImSMASuLlCkwzjTz+QIYxzHdglKktQdGKyilVAfhiLBpU4swSYNQKN3amKEuokRMmdhOpyHTptQoKRSdZNuWCtmE7KllqRaButpntkynHaVgl1o1TaphZDWbbJ48lq6k04CdME4GLJFKUEQ4M5xppQgL25KQbTCAw2FIgS1InLYU2AgUIrGwFZJtybYsg7At41Jky0pZFgVbKRtLFoDsIuwESSnbpBrQ3IBMp1so0k4kmHKSZVuERRRCaplmChXDOE2lK0JRIIsjkWwpcmpGhkCUECk82TEOU5RSIlQKANmakGhJKApOMhuEMq0Q1C56VZCkAmObjLM1i1ARGoepZZZSADuB9XqUCMJSlYUU8mSEwMJGksAiSUVE4nCVWlRZmZOQRESYsE2hjRmlYFsFFBiFcCkVCNEywQam5hJRqtMRNVsrQsSUJnBisuUklJkhEEKCzCwhp23XqOnM1kIlMS1D2FmI6EumsjXIUgvZ0dKBjFu6qxFlPTRotXYBiVq2bClQBLJtrFDBTE7hqEGmW2LAICJCbjQRpRSBRIAjFNTIdDhKZFoCkEjLnjAlytQypDCJEVHCaRtJmcaTwZbUnI4IK0qUlk3KohjXa0UlFCZLFBs5GwJDGKTo58LNjbRUWptUVBVOt5YKC6Y2Suo6jJ2S7UwswlOzsCHk1oyMimSJlq1IiMwMGaRS2jgalyLZaUJOoAGUiMzJLqUASrK1yXaUSCGhJmRFyDIZAWDLLQ1gESKd6QjsNqaKxklRIm0pWkulqaFsIQFSiZKZUiATUTKEEzmNsLONmc2ZLSuBkAgChI3A0fed0wq3ZoOEzTRlhBKAnABMG6YMgiBckE2SOWKcoCADJcY2LlYCHqE3WVQCj6kIjKOGm4wlyYaQIwELjIVQhoWUGDCSbTlsO5KQkBMEGchhJZKThEDI4UBpwEZCxoTSBMYRkGREGCwTCEgbAxEG3BoICTudKhHUxLPai7AzFZJFBZOSJcBCgKMUmUy3YVDIUYogTZRIWy7qNnrW43oax1JKKWXMiXTpigAr8IQxCtXa4daSUFgmkSRFaxOyCApOk81IJbAswk5bKUUNt5YTCMtkyxYRQlZYjZYRspzZpFQYQAYLbFuFzJAMIdLKBJAI20IWkDyL7LQsQkImbVBaLkiS02AkAEJOZFupAHA4JKVTwgHpDGMJGSxknNgo7LSQkbBsI5ADLGEDGEm2bUsYAxakACRAODMlpRACLIRCdmIQNoQRTsBGNjJSpEyTRWAlyFiSQHaRbGc4LJE2YGMpsEgIpwlkOTNRhAWW7AyFwSAZsJwgEhAyEJARag3baRAWRTGNrfalZap0NQISh0nsSCZTEApsQRudyhoRUdKZLTHIaRskSyEwyCoUOpFgh0KWsZ1IZIzjiCJMhLFBzYkVIYso2ZVuauMwDrXUYco82j993fX7lw7f4o3e+Bd//dfmWzunTp4cppVNOCkh43SEbFshY0EoUsYAtrGQcAoAUEJg20gYZKxEIQdOKSxjh5VKIWNh7ECYywySjUK2QWGsBEBSJg4AgbBlEgsy5HQgrLRlVORmhwUS2MgGCSMpBRiTVpBgRCBQZipkS3JBVsOClIRJWwo7JbAACxtjUcgWkjMdEspZ6XcvXTi4ePERj3rE3/3t38z6xf6lc1Gin22MU8MtW4sIEwQlCmTpa5uyqYUkxZRN6YiITkzNGETLDEciE5JDCAEWoQgUEUYFGwmcCbXWljlNk8jM1BQtshBdqY0pooRCuNkgRNd1oZicYRlnJorAkkFtahFg5Tg5KFGKSlNLZ1FEUZtaoUZVtswC4WJaOgTINJvWHBHYUmTmNLZauhJRAwU52UFEVYyy5QbISC4JxopIK5wpG1uSQU0KAwGZOJCMFcKyiQCQlEayQYBk0hIg2wAGORXKJkgQwgaFbBQYwBAmnUIQlgtqshxAASDkAEGUIN1sgSQF2VqtVUFmZiagItUumtKJUVJqTYMJpe1QKRVRbGOlM9Spo02AjSVKKYnLRFOqSCKtlq1EpLN0VaFMBwE4s9l2kjKTVKRQkdOtNREBWFaUUGS0NplUREOp9CRnhsKhgPXYIlqJGlI6c5oUCtfJCZmIZGxToJLZWqNEmQhJJbJNtRSJdJaIaUqFbKaWJJbJUGhobRZRIsZM2Sml6bqClFPaGCLIKSfbihrCIGUzsk0qsVA4yCkjZCiUhGzpNFIQJAZhmpJEOBObzFJLCTmRHIHTgBAmiHSTnERVGMZxUppSQghZEgJCBStQTulISYQyCZWQioiIYighJyIdkkqpUUqRNNnpxARRS1EJBLaDiOiKSulLFGPbU2uZtiIU8/mi9l1EQRLOIkXpI2qRZNsRAW3K9JQ2kBFRpJBMky0pUCm1lmJMc0iKglA4JAXgKJJCwraxLVtSgCJUS+m6WmsFE5Fu2ZzOACmandkMBkWVEsjWBCUKIhNBjRJVtYQlcBRJYQcmndiSSgQREnZOLVumIkqpEREocakl3WTLtJYG5Gy2ExUgLSlNGk9Ta2kwolJrRCnqSqiUUAgDLQ2pQCGpJG7NmcaAIqJ2naJiR0SJKkVmay0lCdxo2XKaWsvWppYmCEi5RlGtIEsARBJSSM3OkLABkBMsSBtsZCQCZCshSVDYciJkGSUWFhjACslhK8NNQgGSMYmNsCFESoBsYVKQKVlqTtuSbWdiSBvAAdSuEkUiopSogcCBU4zTOIxjDtM0Tq21NjWUXRUhOzNTUteV0pWui9p1JYqguQ3ThK1GVUmbUNd1JYqB0Kzr+76rUUqtUZXIGQggghSCzMnNmVO21lpmtmwNLKilqnahUNQSEVKGEixDYmNatiglalVE2gaCUnqHhICiIoUEUMBJgIScCAvhtCVLDhnjxEKSIRDYYGE7LGQby0KSCWNjpUASaezEFulADghZigIQIFsJIQDEFU4DIEm2TEgBMmDJsoIUBgGoYIwgnICEwSDAtkkDikAmZWMUCIyDkLBMkSwmIQPIwiAHMgiRRkZGYAeQUhqQUpZSUgSBJMtEUsAK2yATihCSjQCUtowwssCILAECwBYpyIYUESVCYKFpGoF02tl1HSVa5phNRVGiTc1OG7eWzsmkXCQpWjqQZcvZ0lKNKhecTkLGTrlEiUqUmpktW7pJQcjhiKg1uloMgG2FSgipRKmlSztKFZGZXRAq58/dm7Rf+LVf/cov/7LVwf6dt9/al77rqsNqtpNUphDCKEEYyQIjp2VARkIIA2GnA4FQWEg4gMSWRWITSkkIg4NnkROlsCyTsgNEYkSRZUgII8mWMMZySEIkgYAEiUROHIKwSWMkAdhSGsAikQkwxhgMpBBJgQxlSyMEAjktSXaGwmnLxjglKxSkwRiMVBbzxR23335w8eInf9InPP5xj+/72d7F+1RKJuO4YkqSUqsUNSSnJMEwDC0nm5AiCIXT4GypkCSFJIKikCIQCkFg9fO+r1UWOCNbtnGc1sPY3LJlqJQozrTUd70i7MxsSIiptXGYbCCGNrbWhIAg0nYiqau1dl0q0kh0XRcRte/62oWiNaftbC2bG0jraUw3AknZSJNuiRSllGob24kl1XAoakQYbBxRoitStKm1lpJCAQg57cAyxsYpZEEEkmxkAGdiCVIYSqYwQtjGBtlKBTISskFgmwCgICIwEVaEJHAIGcC2nZIRCUjGYJmWAEKABCZbKkIlhLNlZsOy7JZO0q25pdPCWCJCRSIx2TJbukgCJ5bsbM1JJjm6pU24TW3KSSJbWmppG1VCSmiZ2VpEqbUrpQRYUkgRwzgO02QTpUQNRa1RSpHTbp71s37WEbJcVFrLrquLxaKfz7pao5audumG3dzSntIRRFQV0k1SRJVlkMLI6XGaapRai4mIqjSo1E4gaRjHcZpaI02EAJFyRlWoRFHf9bPateahTbRpbNM0pcgiCWpfZ/MZxjYlpjZlG9fjmE4HUaOESsSULT1FqBCAIkJBCNupiKglHDS3dBpbODHYSBFFLd3G1mwbrFprLcWkZBeCSFdJNWpXqoASklJYoWwgMoVURZGjYBVCBmVNK3CSoBBYITdTo7bW1uspJFAtETWEx7HZSEhFoak1lzSihCYnCimkqZm0SoBLgEqjMUFmFiuEwplSCGVLZ5NCUkvjTJdQFnWuCWRQFCbb2IrCDXtKWmZ2XR+QdjbXEhHRxgkCWRGhguzmjMyxmQJNqESRNE1TLbjZmYoiyEyVQMpmRKbT6USaRERXSCanAcuNJMkspau1trScDbWWEqWUWhyqABiBwM60VFpLZDlCtGyllEAgIpyJQZqmlnZQQdgKdXVm5zgNUkglIowFxpGolGxTLVVVyNPkEggBImstpIpKhBUxthYlsiEZHBHGcqiGW9q4WWqlKhRRCuBspZYiyR3RnDRllU1AikiLIoxtIewo4LATAwlCAgOKcBoJg8AkDoJURgaSIEE4AmwMAQ6MSCPLIQAysEQaJ1JAYlcCwACZqbT6cNqZKeSUNK1aVEpXbRciMQ2hJMChSE/ZlGNLESEMwjYp0opUDQPOKcGSnYkz1RVJUzZZdmIiwlZrLUlFIIEys0SNQtqduuYUxmRmQSNWm6KWbDYOSSIULhg8tCkdEWRGCYuw7EmWAyFCADaQU1pKOYyktHFKwoGM5EQyQoTTEoAAELYEEgbLYBlLCCxAAIRCOHEQ2ElCCJO2kCPkTIhmJLAtQASyDTIGkTaSJCylCWdKYYwlNYMlIYOQsRACAwghY6dBhEGybSFBKoXIVBgRxU4kpyEEloWwJUghGshCJkwTwkgYIQtkQJaEAzcBocBpgWUZIychpbCsFMIQOJUgyySSZSSM3GwSYQciiqQ+AqlNDcnNxiWUTkJFkE4hBc4ihSTZLaeWyFGilKIIyAQZ01CHID1Ma6DvAmmamhQurVNNqXZlnFqjBQVSIaFGa1MWKaJaBK41hDITT5vzjdX+Xj+bf9RHf+w7v9s7P+KRj73zzjtOnjq1ub21HkcyFcpxoKu25AxZuDlCCIEhhEyakI2FQDYpwmCQDTIFJQFYkEa2EZIwCCHbBGQCshCQIIfCNraEkQwGASDZyAZQ2AmIkNOSARmwJLCNLVkK2zYRQaZBshXIhGkAEthGanYhHGkjkSgQBhKH5DTIJSLTUYVxy1JLF93FS+fuvXQwn8//4q/+/DGPfrE2rvYuXXKqVyHSiEIzma2qEAqKnOthVMg4JKnaAquGJCQMtgMZ52SVUtWmhk1krTWzGdkGZMbJ2RrQ1aJa7AygqwI7EWEpIhRECWGnaqhRVduUTcZkGwnV6JI2tqlMVi0maylpq5RAiYN00GVZ5RQo1VRKCeVkAmeahFJKta1Mm5BCdZxGjS4lnC0kkOTW3FK4tWmsEgioXQUiRCA7LWTCQFoyAELYEkYCjMCSbACLQMYpK6VwSE4BIAEQ2IiSZCggAQRpOTKMcVCQMdgCBFiJIFBG2ClZiAYIpDTF2RoURVaJacpaHFFkTy2VVoSQIVsDh1y6fpra2NZZ+mJbkOFMSmBAao5ayKairnQAskkallRLa2Ob3NU6ZIOxRNSuZqacOFo2KQKiQMpMmJYpRQSYYRpqRJtaqV2EhmbaWKLgsOSWqu5KdaQkSzJOTTk5FRE2pZY2pUip1tCYUxGhiAhhBzmVzCmnLBJRouXUsshuStLpUkrUzplRIxRtaqv1OrP1XTe17PpZKSVzGlsLka1ZCnAKuauzrivNdmuyMltIDkdGLcUJQVcKJoVSFITaOGYRiUoZhyFKqSUiorWGczI5tdoFhHNyikBSiRDZ7BrKCuNEgz6gRCRSEEmG3RRkEpAonWQ21xINS0XTVEWmVSLGbCVKZhoLpjbaSIrA2Hia0m5CYANulhUyMrRhApcaIlRUoE1tbJMzXWUnzoha5EQhLGotbh5bq6VECIeUtDSKbA5lCMugqmkYStSu73LMyZPsKFXhsaXtWiuZ09BUopSqCDLTLmQmdnq0Te3tlEJCJDIYSUlgpyGgWaHmZgtnSFFxdlamsBQS2FhSF10bp/SkVChs2VkiVAJoaZsqSeFsIGfDThqKsKREYZNTU4QicmwKpLABulKkaG4ijDOz5ZTpri+Kki1DEsaApnGSQHZaUEIK2uSgtdZslVLGXMslpFIiM52NUKhEqLW07dZCsgoQkLaBBmEJG5MoQ0ookA6USE5CzjQBFk4V5SRF2oFsHNiAgMSBkNPGEBKIhHAYyzYEgEhbIrjMAisQYWMBNnKCBMgmcErYQBpj2c2traboSigCT5nIpRYJZwpZztZQNRk2OLEJZ2a4RAnLYZKIAGUosVOZa1CYiDAGpGyjUq1EQXJz2iUyTYmgRJtSOERESSeTieIAI0qmpVSoqhQpTQTj1EqpKIxbOqSoFVRClJJOJy1Mpk04iGIbkAugCBnhFEoQKLARpABkI2zJCASESYAUYUgcwpaQZWEyCAPYUjhNWLYljBUyRiJBLpmNCEOAbSSZyxKHZMtyYCObxAgQ2GEwIgCwMMggnCrCBgFSpDMcFnIQaUu2oFmBkeQ0CjDGCVLakmwkAGzRDAJZFiCSJmEryDQSNtgWIHDaEJJtsJCNkJUYQDaSnRhkEE6FEoKUMA7LdkiWFCWkBHAIsC2TQOYkRS2RmYAIBGEZpUstUYvSzY6IKHKiCEmyx5ayVIMm0olzauBpasaLfi4STITTisjWQs5UutUIgmwtMyUZNU+hggOp4WxN2LZC69XS5PXX3bS/t/f2b/NWP/nTP3vx4sUbb7hxDI3DUCkqpUw0TMhpECQgqWUWJGEnEgJjkEI2CEDIgHGAkawUkViykhQyBALADoGQAQjbsiwbwEhpBSDbgBRgNZBJgQkpLcm2kG2FDDISAEpcDMJOIcmAgsTKUNgphEGQoQCcEjitwCCBwoAkAFu2FCrrcT3ruq52t936dKG3fuu3/JGf+JE++vXRpfV6iFKNbSfO5q5GJdJyOrO5NRSWa+0MbRo9NbCEKOk0FGGJxBASEkREumWgli1bixCKKZszA2pXjSKU6bRDyJl2KUFDpZSQLaJ6GmvpSBRuU5LTlCBKKaEIyFQgOmGytYhoU4bSJnGpHXjwVGsvIRA0udTItAtMNGcRXamZFhmlSvTRZZumyRFFAtIOFfCEqaUQEVMztNFA2mkKEXImlhDCDskWYduyRFrCIJQ2YLk4ksQCCACnkY1kLAMANhYyCQhsg1ALQCJJkAJZKYUbiBCmCZxYOBJjA0Qp2I6IiKk1PFlRiqAUmOyCotbEgcBtygiaNa2HKKWLamNZFnLt+8y0G46UmUZFhEJCuCimKV1cVdLGRRqbc9b1CES21rKJQK1NLUqoKNMhm0C2TaYlRVTLNlGA1loVprQpoxIKdbKlUNo5OULNDhwlZNlMbWytRRRBy9FyiZLqVJXZ2tSiRigmTGaWaK2BZrWUUlJm5IpsDdumqcmez+eWcDYP6ebJYJBDtqex1RIEQBS1tD2l8TRFiZaZYxJRohhjt8yIGkrIoCgUtXMmgaSunymTbCls1EVJRy0RpY1tyiY5sqoLSznZpJFCKtU5rYex1CwRmLENLe1MhbquFEqGbQBFpLEzZItqS3JELbazgXJqpesCWVRF4jY1RVYpTZJOqwS2kEkSQqUoG3JYblNrmRJSlL6TZXKyMFGLM5sdJo1xtkyplpLYuCgssAiTjojMFpTmQLJxEKmoRYSdq+GoRleqJ1tSlEJmOhMrSQXhQK4BCKghREtCpSsowiYSJEWpysSZKqUiSrFlu8jNKAWKwNDGREpPUcJJy0QpIUftihHNKiKKM5sb2NkiipuDWksQkVNDzLouE2ebpimQrTGzhGopmY4gKHZmS5UQkuSWbp5aixKlhFTslGiZpUQo0g4gBU2UKJWWxs5ApoRtMIpsTaW01lpmlVSKoZQq1MaRdGZGCGGHQBLgpggus6wkTAsLoCE5pUg7pJRkYxmjsFPIgYCARIRlWZAowEbIpJBJuwAIJ4SwRVqBEdgmwJJkDEa2I0TLEUCWQQVEESlkQImKQ05HyyyoWQopLAClc8oWVpQaYGwISVUmQg4XY6SMCoAyG0iSSs2pgQxkooggs5VSkWkpUshITiELnJ4MpBKQioSCTNuUiFnt0pYzAROFoh43SzZOnC1KIV1KQWE3IcACUGCwFSGCMMaIhDCGkMCCZhecDkiBJcsyRhJphSGEM0GJQRLYJtKEQRgIANtSKI0mFNgFDEiARaBEEkaQDmNjgYlIGyRhS0pL4LBsgwE7RFoWIcuAJGPSCitlGRtFEaSMbQlsI+SgBKQAWwgMEpZEpgUWYVzAJmUDxrYkhAmcBglIp8BgjEWAEbJlJViABNihgi2RhJwOK2UsyaCcRmPAxooIJYmxHepKJywsRMsWEkZBS7dxVLYSRRIYIkCSTUvLSJAUYYxdapFKRDFuJASyp8xQ5pTOrpQCWWh2NEkqCpVi27axRSjUJoAozpTd930O070Xbr/2hpt/7Md+6td//Rff6E3f8o7bnnHs1MmtnePDes3kDNzcmvpSsmVakgFCKWNh2whbCuNUCBswDokEydhCLaPIsrAtZETSIkOyDUKAMJaRsNMOCWMkjBIXZGGnJAeSMASkJTtRyBDCICCQnQJkGpYtCSzLErYsy5gUspFtAhlQ4LQkg7BBVtoS2IpomSEkb29snb944WD34mxr89d+4edf4zVfG8ajg10oUSt2KWGrlAgZcKaNRSjURbaMqInD6mo/uRVHlHCmQYCEMQAG0jUyIhrFOKRSa2KmKS2lVUIRktzaNI4KRdeBwhgpjHMYHSWKFLWL0NSa0zLUUk2pRUghoYIIQjKUDlJFKdGcQGtToKIAkFsDuShapu1Sq0saMFM2QTMBCDsjim1BiLSyTVGroJGhElIUAaUrAEKB02CKIm3CMrZKZEskGYxCsg1YCqsplWGQAhkSJISRwFhgo5ASywDCTiFAkJhwOkLYtoUtISsDbEkYCacdAoEEiKglsmVOTZJKzUwyaxeYUhQqNmGwLRE2GGNCUgmnq7rJDjmNTIMiFwIhifA0ZinFEEVYioggQuNoKbpZN00tW7Ntu+UoFCEACzszHSiN1NcuZZyewJQS2TKzlb5X0iBbqiobkFKIKAVjZ7qo0OFWuiglnLaE04nxxBQqbZxSVgQSqJROoYAikGRnWjKSje1Sqt0yHVY6QbKBfjaTNbaxqitVaSsc0TKzlk4onZkTsiQwmUJRSkQAmc3YxtmKiIhQyEyhUqqd6SwRKNKZ6SjF6ShFYST6UrJkZso1qgIy0hjl1KIEUZWTmlumkKGIKDG2NgxZw7XrQjKtNWdmCmOCahxRpkzsTIeCkCBKATIz2xShEh2RpMMQKZVUgoTsNBGWAsI5tdZSUpIRcmtQihAi1NKZdhuzFByQJWKcRqct1yhJSiAl6ZbDMJUuSrrUYhtTBF3FjDmF3fddRLUFxcrWJqFsGbUIWjZBiUCRma1ZzdEVl442YZRuaqIoELQpbQsJOwA52zhONcKiZUMRDojoaM05TSVKKaUqsFvL0oXtbA0k3OzMqYYsppYBpUREgLANpJubE8s1iqTWpkAREcKeptYEIIVKBDZ2YpkSkWmTKRRSUVdqtkSOItt2RpQGxamukjmSSOpKji0CwZRWToqQrVKjxLQex7YWoUAOCUkATisT2Ui2JEJOEE4II2wLyZFCKO1Q2EbIwpawLWSHSAAsMJaEbRHKzJCwkFRgAgGWZeMIIOQkhCBTyA6CApm2lQIBbhhFiQgZRwTOlmk5CEeQDhVDCWWmQiKcFgoLyNYiaojMlooI4bRlchpTgRwlZNkWgOwmUAlJigggnbYAJ9lcawUSLIPdAJdSbCRa2m5TsxAiiqYkAqeNDBE0o5ykcNpObEWo2RGWJBWVZhLSCdiNIIA0FJQQhsCSQcaCVMiZqQgnArAFlmQMQdohgyTA2BZA4ko0g5QQtrEkCSeEIHFIaQCMZKRME6QdRoQTZKuAlShkmyuEEE7Lkoxwg0gJCNsIpa0wDgmTAUkoTCJJskEAWBG0tNKAJEkJCACDbUkOhzFWCqQgLQFgAyDZEmlZCAksYwthWyFjOYwQKQUGUGJjQso02AFG4SRIq0RAUwhhDDbYISzakGkjyyKbqYCkEpEmnZmS7ERKYBqtEKh01em0hWzLzmxpIkLWMIwRIWScZJByZKKCLGdroaKiMCZMM4HsbLbdFBDISNHSpSubW9sXz901n2+8wRu98Wp5+GZv/ua/8eu/eenChZtvebBKWS9XNoXWsoCQsQRFcpKihpoRMqAIYQBLQZIYAQJsQk6jMOAUxbSwEglJiTEYg1MRQhZKK0iBwSpAQJqQMZKxJBIAo5BtwJKNsA1SJEAKbAQgjCQbO+WwU4ElTVIAIIAEY4ENIRmEUoRRa1lKzGbz1Xp51223A+/0zu/0w9//QxRN0/Lg8GBWOzvb1GqNNHKzJdNam1orRVAJYUJCEk4sU6PIZCZg45BMiBBRak7NZE4QMUxDiZKpIlmUUovkbLbckiIUfd9bYU+2IgKcyswkSY/qO1ltGlvLIqWopSKE2tQwtltLodrVAIGtKBrHadZ3CW1qFiUKzjRSZnrCKiqUdGZmKQXjbBBC6UYWDMKSM42QSy2ZsoSb7Yl0WhAGhE06QSmUJnAWsESzEICwjI2ELeGEkHCKSEA4JWxAQsLCRgBKNVCADSrCaRskIMIGJFmQCDcpMMbCckguGVgYZwOISLKlVRSlOAmZkNOjm5DbSARpmwh1tXMoWqt9l27TMDmzzEshIJ0NwG4mIiSGcejocOZkFRGdIp1JYjJEhKapOSdbkkMlogRQIltCGoNIE4HbOAwpZ0tEiVpE1BBFzZYjsJStNduZVbXUQqAkJBESDsZpKqWmLJwAwkhqrSGCkBRonMYoJYhhGmVHqaZJEVZmlhASAqIUDJFurWWbWrb5xoagr1UwtuZxUim1doiiSMyUhDDIQaGoqNhp225RApPpkFrLiVaVCUIUSSXbZGPSICud2ZoprbWudti2CapqmwYkSW4oKCUgQtS+c5KZmVmKUI2IzhO2E5mmzDYhjEsU41Cp2K2NKIQVsrNGQZqmljmBCBWVdCMtyVgWpggLWxEhhWVZMqVW1ERpniRsSw2VKAJPw2Sc0GUoZIdxkSa3GiWN0DRNdis1okaVSmgyAVKYtOyxjU5sm9rNsIdpbdsto9a+9I0RolDatFZR6YpNOhPkloO7Yst2ji2jqKvKZgfOlkkp4cSZsiQUntJdUYJEazZTLVVgMbXROGpRBNkym1NTJrhG4OhqHyVk19JZ0aaW0xShbCgswqCgZSat62ohIIxaZpoQhlIUijTZWrYstUZXwIzTlE1kUSeUZGtTs2pXQyRRQk5bIaxalHZmrifLrdkmLIWihKE5x9WUbpJCbhOBbVkIg7CQEQrSKASyDRTJOHGAsdSwkIUSwLIsYyNhrhCAAAthg4C0VOwmyZabEVhEyBbYBhIJW8bimTKbkFASEQqAEAJnlJJkZgKBMgKR02SiiMRjy5ByamkiZJMikDNRi6gg0i2bcSlhhyIE4Aw5STdFFIoqUyOnVI1Iq5SQjEKRrUUtSJlNBEgoIzPd0jVCESjdGk5LQjnmlBkRJQKcmeCIogg7bSQrAkg7UEjIRrgpMQZEDRfCgtQkBzJJBJYgTchGRiiiaSKLZAAsA0IWNFyMBXZAA4piKskkwjIOkAROHGCMizGSQE4UTRS3dBhSMgnIEUARactYCWCBbMtkIBkwklUCCwAEBgvJwqRcrGYpjC1FOjEhIbCAtEBgMKDEITBgLCtwpowtg0jbkhKQ5QJ2WKkEyUhOSwiQjLEgAQjLMhRIEw7LRsKAUGKlFAgw2KFoNk7AnmzVqC2bIDOTDCkzFaWU2pySSCFHSA7boHSGghBkCJDTNoHSDikikqClpcBVJVumWildZg7jhGqJVmoVGLl58kAGQSlFiUrkNI1TK6FSaqan1moUKR2ldqVoY8o82L+0tXX8V3/tN37jN371zd/kzW9/xq0bG4sz1900eTg8PJrVEum0FUpbCXJBLUE2IRLjQAhwA4kwCTIhp4SRSCdEOBsEWKQIScaQkuyQLZisQDLIVuC0SSEkCTvAWAYJsAg7jQRGUsqywG4yUlgWGACBbQAFMikZA8U2ADIOEgUAstIJQKilpailKuL2ZzyDbA960I2//Tt/8OAHPQhP+7t7XV/mpXc2rFJKVOXozCSCpNm11oiSrZHZbGWzStdFIaaWtBZREsuA1GxhQiHSgikzJJFB2I4aLe0mRVaVdFDslNOSWxJqEM5sNCeKDIIg0epoFVHSWRSTiICQUo2mAs1GgLNNE0UhhWm0DGjpdDZnVdgJQsil1HTamQ5JKpKbo8gZ4JY5tWnel0YUlGFsJFlCcos+GIsDNZwGcIKRsFRCmXZQUCpB2AKktCFR2ImFbVmAgUiBDY6ECJATlBKAQZBYFGVaGDIJhW0ZJFtGKAVpBSDASDIE2ArTsAESQEIoCk6ypZ1IRYWgjjlka1PO+qJQc4uohJS21KYxlaUrbWSYxigRGZIMTmMnlCi1lNbGUippkHNULVO2tIvkNIFbTrZQhCSFyCTbBIGKciISIpBV3VpOibPO+oiSmYIS0SKBiLCNXTAlRBg7kTNKsdNktrSdskRIoUgbOpytTbUGBqllazkFReEwido02a6VpiJhO+RszVa61VoN2ZKgRjcNY6lFMLTBzVKEUyrA2CZjmxBGQSHIliMtTQm5pUNdqV1fpqlhZ+YAtXQtbaYgguKikpqcxpJKFElG4zQqbTtKSayAlpQiSSVkp91ahqMUbJeIUmJKtxyDiChI4zQlUxClFBWMTOSUgcEKRSgUUUqgwDS31prCAjslhUSq1i5KtGyZlqVQqFjYGBwRUfra10JfOiEh7MwUgA1IhUKYsJ2ZaaiKzJY5WSJAkkKqIVo2j9PUJpOZuV4NFjVqREzZWhvTLSJqKaXWUDSmLoqSJGutWNnS2UAF+m4eRROJCaIrpYs+FKUEdki1BgrhUmpERKio9H3JJCK6UhQmPQwDzmLZCCS1aUo7HFEoklqmswQKjcM0tsxEmZBASyMyLRQCiBI1iieIQEpnZnbqShSQk6llm1rLJNTwOIxtbCkkRQgybbeMErWvNlKEWA1j5pROp9s4qRAhi9YmNyQpJIlsJJktglqrIkK1hMBuDQsrJKkoRLa0BLZBgpCSxAQghQKFAyFshCQkASBbspGNcRoibQwWDiGZlGQIJBRYELYNQiAkbJBDcoAjEwKUYJQYAYHB2dIt1RAGC7pSRNgOWUSolKCUCNVQYAdUhQSoNTcntrHAU0JIBlq2xDIIpUiQxuaQSlfGaRpzIpNszkynQgacCpKWbpkpRShwJtncgFJLrR1p26VErSVQlJBQUZSC5UxJpURREUgqKhItWza31lRCypAARLZBYEKW5TAWTsvIERiEjWUcWSTbIIESwIBTMollIJAEpK2UooEswLJkEBKBEE0gp2QLm0hQKVAQBFIQIYOwjWQJCYWEjIAILLBQCIdtZAxhS0JSgA2EZaywLClQKlAI48TYJAgsY2MgFAaURgLZcmCEHNgKEbZslMVYCYmxhBFGSAgECoeggDG2U5JtAExKDpAwQpaCABmMnOC0MGCSiBoCF8m41DKrXe26IGwnduY0TC3HaZwSiAiFTFdKV0MmuJ8NRIna11LCOJsRzlQptZZ+3tW+U1BCfdeXcITIzHTmNOXoCWESZyJnS0klhOW0UI1AIGqtbWqJQw7F/u6F9dHeG7zeG65Wy8///M89Olo+42lPPto7nM03Qn1rRkobwti2naKJgrFBKJ1utimAsQSylEg2AWkRIVCRwiChlDFIWEBgkJOQJXOZ7BBAEQhogA3CCDIAk4kCI2OMLAsTChelBDKSEWAgQcK2KCTIgAXCJGDCtiVkYUUklpn1JRTnzp295/bbBD/24z/6tKfd9qBbbp6WB7sXL0YtpXYJzVggK8M2ZGs2WUIhpZszDaFQ6QJaE1CKJIxrFFRKQC0lhC3UWhunFgqIKLXWElKYECUyM6ecTKopnVJIIaGQiqKUEqVECWqJCEVRdLXWWheLed/X2lUIt2xusoWIKDVmfV+7WkuNriBs26aUnFo2FyKiYNKZtqSiElFEZGtOW0QVRrKNrK5UpCIICoFCIQIiootsOI2jlFKKgZEGwhgL4yAsGyUyYNvGIYkCCEmWkLBkK5VCEkIuQlYkxRLYINmJQVIiQCEMiSEIcAoJh7FCQkA4jRAyNoCTZyqlAEpHRCkzjOxApNs0OFOllNBiMev6nogShfQ4juM0unlyKkW6dIXEY9pGCkVEEKUoFCpRQxXCaGqZVo7NdoEooYjMTLIQok1Tm6ZpHFtraauUECYkqoxxlKh9L7n0NaJg5zi1bM0pWwgbOZ2Sur6EyGwCqQjZcksKCtEyp5ymqU1TEEURtfRdxQEKhVRqVKpsotYoUqh2HVGL1NcuFFKM49jaJMAGokSttatdraWoTFPDKqV0XY2uIlo2IaWVLbOFnU6TkG4OHFaUouZpnKax4QaqEV3pQipBTjZWKJyJsSWRiYiI2nUFgRBpEJKilgIhAqZpmoYJbNwalgmcyCbtRsspyVIQlCihEgpJgUIRCHDYQoFAuLXWQqq168qslr7U6pxaZstpGqfMjIIiEitpma05nRFEMk3j2KYpW3MziqBNbb1a2w5F35W+60spbs6ppamlKmQhiFIgZ7Xvu2o32wYhIgIJRdSu60stCtVSNhazqAEEIdW+62d9VxSKYuRmAIWQoAQRtdkyYRsZKCKcdmZKWIooEpdlCamGiJaZYDszQ0HUEkU4au37mUp4apIVYeGWUVT7rqganNmyOZ3Nq/UA0Xd9LeE0YNk2EKlaigQgoZZARjpzmsbWGtBay0wRNSJCiqhRZdnKtEAqUGQhNxByTm1KT82IEDYlkLpSCddaawnbrbmRtixokHY2JNVAtNaa7CgmA6sUywKEbRBpGQshQRqwLCRLGDAmMRAIIzAWUuBUIBJZchpLQpJtTDoJbMuEjQCEJQlwGoEsZBtCIGMhYEqDHFBQgBWWQxZIUYooSWs5RemiRCoBCEBIEaV2EeTY0g05Ioho4zhNE5khRchIRNQSIZNKg2z3tdQokzNBCIVDCEoIyQghtWkyjhoCZ2ab2pR2qpRwpFRKiRpO0g5KUZRSDEJOjS3blNPUsk1OMiEUpeCACBXAaUtJmIYUxrgAki1jGwNCMjJCMoLEQobANiUiJMmSZDsJ2WBJCmEEAjIlgY0lgFRYzgRJYQmlGySGFhkIWxYyAssKCxuMQJBGRoEzAaSwMcYAxjhBAMYgpSywMbYwhBWWCAxSSCYA28YYEQIEggKSJRkJjFEGsixwgCQJFGDZsjFOg8EiLUkCYZvLjJEtCxCJCWxjgwGhMBgDWBGUbG5pS61N0zRlZramThGaWmtORaRFADg9ZbNoma0lbkhypHN0Q057XI3pTIzTUEopirSn1sBOIIyjFkVRhMkSXVe6iEAhhe1pbLZD0fW9oiTGGSUUKrWbphYRQhZRNJv107A6f/GudPvUT/uMnMa3epu3vHj+3L23PePwaH+2uYhSRLglIkIOoUI2K4VIjERgKUGSbQRuYFtYSIGSAMuWww6FM8FphQArZFMSYcsyCOy0cSZCRpIpxggDKWMUyEIGpZAdWDJJSk4E2NgYY5HgCEViRKZsCzktIYyEkIxEMuu6xcbC5q7b77zvrtvbsP6mb/qGbNPbv93be1ofXrqwTs/mnVpzm0pRRLQh2zSt1ysbLOGQQpEJoIgIGSsgBLQ2OZPE2aaWOI3cxmlqUUJBRMHGtpyt2WQ2p8kSpdZaJIWi5ZTZnC0UQrZznNLNibGxpFQ2W6UgCymiSFLYCSClndnaNLVmqYKVgKNE1/W1FIUUEUVAYqeFE2caI6EQTtukwbaA2teu77OlbbulG3aOLTOx22Q3pdPTkNmmycadqjARIBrQQDK4gECFCIFtB1ggLGMjgaQghLlMMg4cOIVQ2EYRISETtiQwQhgrbcAGJEcIIxLbEQIDYSTLFEVKgG3AJluajFIFiogiImRZrqWTorVJshQtJ7s5W2sJuMhyNmopCcakS1BL7WpIODPdbGNLyCkyTUiEprFFlL7vQooStfZd1ykCKUSUsO200+lMu7U2TdMwrUuptXSZbZom1RJRQiRktuapjSmQaM2JSy0K2Q0cOG1SUlCCojZ6mlpg0m2aEkcISGWJ6Pq+IGOZUNRaSlGAhS1C0zRFiVpDqI1TUZQipxMbpZuFJKkigTw5IiIUJaKrpXQoJDlVatfPu1Kra4DKrJa+NrdpcolApNOyiNoJBExp26WUoqhdF7Vma2T2s342n9WuShRRo9hKyHSbEhRFCtVSEFiyJCRZIpymTdM0ZYmaZGvryW5tItMlahAOZahNUxiHMJaVII/TKAExtZQUEemGUcjOKJFY6QhInB7dZGyDTHalllJbzQQsJ1Igh0BKI6ekGh1YRELaTlu2BS410i4KZ2tp3Eoo04UglJlV4erEWIbmLKXajYjMyVKVFLJth2k0myi1OD21jCSVbWwKalel6sw0OFtzVNGE3FoWBZJD2CU8TcaJiIhsLRQR1S2n1rAjLGQbpxVdDREtJwlgbKNbSxyEIRQmoE3OEmHShpAgW7ORItNBIpdSKXa6hBA2URURrYEcCNHSJULYqJ/N3DIhiuQy5YApRc1EKlszElIB27agFWtShirGGEkUJIFthzOjFEJkShgBgYQsG2GDEmQFaQISDMI0NVOFJQygIA1IkHIIpy2EBFgIJOMwKTAISCjGEhhANioFpZuRkIASVThUIHAmKQKnmyJibIlbGkyb1qUIIiIUZDrTSluEpBCFUMl0hIAoRRYQgY3JCFlBulbZTjsUttMpRVFVpgopjesBqUSAM11KkOHWpikJSYiMUjrCJVtLIoApp6JickwCIyY3mfsJsFSgRGQmSkASzyQ5Q0ps4wADUBopAdgJYbkI25LCSiwwjrBR2iElGMtIGIGUTiFhC6cJ2RbYICFhSVhgEuOMkI0tCZIMyICEINOysZCxBCCBIZ0RAplEAmQjQDKWHCYlYbtYCRJIxlgpwkYkKJ2kHCrYEjaS3YwkUlLKyrAxGIplWRJpkJGwJbkhWcIACBuBAYOQQQC2JQnZacuRCsm2pASRoshOGZAAOZOUAiZnIaJNUyZddBFlbFOJKKU6IyputDa1zCIsB2FbUQKppCaKQwT21MapebG5iTxNLdPraR0hG1kygITTCCmkkOi6Psc2TBNyp+pAwmRrKsXOKCUs2bg1sKxEasaZKn03b8NwdLBfSt3YOvbTP/kzt9769A/44A/69V/5tb3z5zeOHTtx4hgtpjalM1QSC4OQQYBBkCGlQUCaIhljUpSURdohbCUGRQAGYwAnYTIAsNNISEKSjQ0QdmKhFJFIToXSQgYUxk5CBnCAjbCxjAM5wCHsySoCZygsjBQBKNMZTUZ2KV0p9eLFi4f7+zhn3fw7v//b3vUd3h2Rbvu754NSu75NYzJFzJw5TamI0pfWiJBQSkIts3Z9hG2iyrawmyQ1TyASwGmTIexiE6VIYWhOSmCTJhAGTZkhkxghYZBklVKcObVRhATppFngTCPUd9XORJkJymwgoQhZUstUcWY6S5Wb01PUaM6WdiOqItWctAmpSFJYzjSyHJKNAeOpZS3FkNmkqCUstSlDKKzEuGWzrSiSCNlRogghEQhwZolwsdOCtEkkI9kYSEsCNVsKkVYIjJ0ohIXTNJAdDYmUjUTaAoONMYI0KpCyCTCWAZCwwLbAMhnIWLJNAiiKDRhVSIpzcrYMmfToqZSIorE1hZRI6mezbE1dydZaayqBhZCIAJmIlimkkErYOJtKmAykrhqKQnZzllJKiWy2aS1LCScRcijsdBqsAMCllGlqZNZabU9Tq7VC1lLSOY1T1EARUsuW5NQyJkoNISfN0CYSsCIkZU61dJqFnENrsptbEOoq0dxI0kGNMEonNmKacppSQYnItEK1lFBJ0hFTOkRE4GaLEjVKZrMzU3Y6sxBRK0Q6ySTkqRmKgyhiIgVkOttUimw1J0iSMx2q6oTt7EoFJ0QoMenWstZomSQmalFmm8YxRCiGbKGMUkpUhaeWuNVSnTk0AgSSqmJiLLWEYpxG7OJJpSAVZyUiMGQo7JSNoo9wyUzbFgAhGQmkcIHJpStOh6KpFYXDrU0likLNjohQsXOYHERXAyWqjlTLZmpXnClinFq0VCFKKBUqKTuJkCQbMqdstesKmY4UbmmlLJDlNFgChCQ7ITIzFFO2ljmYEjGbRaaaIuRpHEPqakxtqpTou2mabBc5VYobfVdMtkwT4a7UtG3nlM60iRKg1pqhlgKapixylGhtUipxoDQhl6i2I0pEcTrtiFplLFq6KORJaGotMm3bobAshUxfa7YpbWWElFOOOXa1KgJbEZnIThtaia6GbKctbABFKKcMOaLYbi2BNmXtizPTLi6AIKIEytrsTIdEqYpap2zQbDkzE5FI6QxhhcCSQDakicQhDJjLLAiDZBROC5CwnQlIITmLMUgCiZY2EgaQhJBBgEwBCxEECBEkdhFEWhYJUgGrBE6bDAW2gkymTFIqKoQzs03ZXKqMNckCO+0IEMaacLRQuBSQc5palhJ2EcgkAhsXFQfNTjephEIRUxtDUoactkMiFASebKkgSikhEUWJpnHIKKUrkbJBriqWZUOAhEOREEVkYqtIkpOWk+1QsTxqAlIprLANlgXGTkKepGKnFEq7uCgSBemQ06CEYpokbGQL0iFZyiTkkBLCtDCpUgpuDoECbCORJAiQhHBiCRBACJlGypJsgQiHcRAAaKJJUiCDbSmSlGUpjAUKhOwEQMJuSOkSZaIJUi7IWEG4NJpCmZMUtgFbiCg4S8pBSK1BKLLZBSEQBaUsY+EGVTRnEmEsScYiAEJkmrAsWwKDJSRwGFtAJioq8iRKFNyy1m7MKZMS0bIVFbuVGiol0ym6qkqZsilCASpREpXiMNg5Zaul2LaTJkM6gyilLDYWTsZxcraI6Eq0jDamQpJsh2RHesq0UN/VNKvVykmpJZBDvbrWmg3kmFkipuaisE2QUyYpokSxIKckaimhgDx3z+2LjY0HPfiWX/vFX33yU57wgR/8ob/9W791dOlSP5/fctODmqfVetXaNKVr6UgcxW0MKkpacwQQgBBpECohNxsj2bYUkg1SpkNKIyDSLmGnEAphYyRAAAYnspEodiJAbo4iDJKNLAlsE0DgtAjhtKSQWiI7olg2oiicWNloGNF1Kqp914/jcN/dd7dpAq6//rpv/IZvfMu3fgtUyHZ0cGm9Wte+77qCrZCnMrZ1rTVCU+asq7WWzHSz03ZKatNoHIQVyAC0ZgVCJHY6s5VSa1fdgMA43XJqbSoKlUJmpiMC5dToIzIDJworac0iU06KigJZFBlFyyTcoNJaQ0mKEs6MEiSXKezJRBG1uCEctbY2JcpM2ZY9RRgVgFKiNYdsyznhaExB1KJmG2Pa1EqtJlu2NJmO0JQZKoriTJG1dgpNLWRHycjibEhOSFkuIqKZIqdFKYWWDVQijA3KICwEiCphWdlFtZ1pKwpIyoKwcVCcDQIZO41sFdxscBKWAtuSsKVwJmGBFOCEQEaBs6rWABQpAbIaaRuVIBNLoXDWWjFicmNqbdb3ECCcIqJGG6d0A7nUUko6yWzpqbVZ3wMmWyYgQ5HTCfYoRYlAZNoiSpFsGdFay9boextEyBFFUmtZIggyHRGKnKZJoqVwKiIzu1LTLiVaoxZKRJtycrOQjBURKmo5tkm1dohSA6OUnX3UdKYnqeQ0DZ66rkthUaKs1mugljKbVUziUkKmtTYyYIVCoWwtUQS1VMsRwsVCtrOVrpc9jiMSNmmIKKVNbRin3m623bDbNEYpbcjoapGas01TRCkRUxtzmKhFok0ZUkrDNJVQqSUdctrCDcImSqkRNrXTNA7jcqxdX7ogjRVVKUWDADOMI7iWmi0nt1pLUdi0nJqkdMWNKE6DoxYR6QkxDVmrUgWnpKIAYaddKa7GBiCDcKaCUmoojAPLGtqYY+v6Soi0Fc5JCVECO1WjgB0OHFEzjQiULVubotYAA6Y5GcdQIJMgFMKE1FoCkI1kgpAgk1pCIiIsOmQ0jSaAlFRrSDWz4cgioVqr7XEcaterhJ3ZjKwAh23JOKx00JXSWksQ2J6mhrOUEqUTSGCVUGY6AaapSZKEU7Uo06JQUDrk5nVrUaNEpN2mJpOBShCSyGyJkEQKlxrRZGE3WdNybORsPlPKCWFHOC3LcsiW3KxSLIuAnKYhm6OUMCjSExjhhsMCoSRCGGFAEqBALRNJojlljIiUI22RKHDiDGEQkYEyIRJjQSPCwsiZAoMAshkISACHsAMZRQSZlpOIMDYIwkJgG6QEZUIYZ1pGlpGnaUrblp0yzS2dkSGwiQKWlbZL7aOQk1E6FEKKxArJAiPSBldpas3OqTVDOEt0gAKns3lSS9vZIqqCbM42uXmSiikRtaugQALVrkgJzoYcpUJTUlQwOUxTy1pCilJLZk5TU6QUmSmbEkoMkmyUabmW6mTltcAtgRKFonQUQHZK2CZtBTiITBNFbqapYWFHGCsFaVsKG7BCLpGTJUth3DwJZYQIpJYNCGSTMjgsYyQJp620FSWUmDTYFpLUyFDYgTMJhTITiZalBoY02BY4A2yMLSFhZyKLkukoRpKNlc6wwAKkgFA0MsAGwkmRjEgjebLlAg1IgRAhYaUdQaYjoGEshT2FipVOJBvhTEchDXaaIEgkkU2hNJITZAkEDpxuytLCxpl2thpB2LalKGopEkmlBKi1BgRKg1MiGxJAYpoVKCKnBki2VSJCapl2hkImVEotmUmq1KKIQBkNScKTi4hSprGVUtwSSYQKQsYSLR0hhC3B5ARHRjoRwkaKYmvKJoQaqc2tbaf3L5ydb24+7BGP/K3f/M1LB5c+8WM+7ju++3uf8pQnAseuOX1s+3jA0WqZzoIb4Wyl4BIY40yQiwQy6ZRAAcYCnDYEGGwjYyFwtqmoOHA2QlgyNkgg3BQSxjQUYCBCmSCBgrQkbCPsAEtA2qLIbqSkqIWWTkNTK21qqpJK3y0iEuvCxfPL/X1M1Hiv93nvz/ucz7755gclGTkdHexNk0uJ2nWYnFAYRam4kWnCRdGMMm2XIlRbjoWYMiUkAWm7JZIECClkJEXFuNm4FJSkp5YJRKkhZUFSThZl3hdFkIlE4JaU2iAzISKUTqGSpNJkKFyxs6WlsMzQalecBhncUsJYKFuCMltmCwm5r2VKk4lsG0cpNbNlS9uKIpV0w7ba5BAqtSI7MzOBWipyJJmTFAp1JSbSjnGaSolAKVoayYr1sCKU0ZKIVIJpNuCcZMk0NzUsRaQmjI0McjYMwtmSDBWwpJaEjJIMlCCEDCgBWw1CAVaQpA2QqZDVFEoHcraMEGlDgmSItAGia0l6ckvbGDeQWmZEcXocm2iiIEPLdHrAFEo6FUwtkY3JMaKGqm3U7BzW62Z3tYuiQI2WIKnYEZUS2ZoAMqemKIGtooqsEqGQm4xBRmTiTEvNUcJuERGlDOPA5K6UkYbdnDk2R9QS2M1GCAlJJGk3qcMllJazWTZRsD21qWSoZGYyOtNS2gjSzVONUBHpTBRRIoLSmJg8jVNE1Fkne1JERFUAOebYRqSu1sStJYwqgUg3pYRamyyVrss2ja1hSyFZNZyoRJuaSqklsgshiRJF8/A4mpCkoLWphGvtFHJrjggyI2wXEQosuYWzqDSlaKRKhIXTEaFwSxPImU6XSlK6EtaUU8sMVGqhqKak1ppbIJkkx3GcYsKesvZV4+RsDQApRLOVRumGRSjCLV2IKJHNzVlAoaoYlSVKM1EsPIxT1KgKRLoV00yIiAqUwGZqk20MLVO2kKkKS83ptLBUSCuKC2EhkpJjYpeoslVNyywhk5YzJVGc6VA1AsmZtiJkmRYUSiTkNFkRIRE4saIUO+00LqpSkxQqCtuBnOm0SSsy7Uwr7KZsLUpBYRKMiRIgqUytZUxYNgYFXekQZPbzWZjWGpDNBJlIGJcSgkwUUkjQmhOXUpw2KMLG0+g0klBinKWWCDcLp22p1I5aO4GcoJZNoJCxASskIpXYEs6WmQ2UU2tthIJtCIkWGRmm2WCDnESQwIQBAhxyNsthGZFN8pgSlpCFsEcZECJtkwIysCWRbokABZFBOB0qLSfZBoEV09TSjtA4NYwCialNPTZEKWpq2WxHKDOiCELKIk9TS1uOKtKkLeG0BdhpUJWabSxH38l2uJjEtLHVWkrE2CaRERGFtJG6UrIgQVqiEMbG2YzCVdjYrWXIlgFjRUSoL3WaBiG35kw7Q8XCjSgIGWzsTOWUEdLoKRC2UZEBTCahNmGLsJuVbkpJRGBX1DxmEFnsxBnBZLs5QYJUypZKm0AAMrihMI4gc5IRwmk8UYJMCGKKEQs7FXZKcpI5SWDZEIETWUR6sm2nS6hZURRAukWCbEDCiaWwp+YIkJwWIlBLwp5ksIyDTEe4JUaQVgCQEMZYxBQ2wlbaBTc3gQPSIiynFWBlgjMVTqyUsSLTSRZHasJqEMYUxZQgUCNlZ0YwpWRbKiiNQ8oMUARM2cBk12qJMYsbDkxmk6yomhIaiiTDQoHQOE5BEGAJoqgFEYXmEhCBITOiTK0JFNgZJUjSmemQIoIwxlYbR6Raa9Qi3KYWNXp1BolpakypKluScSmKCCFlpk26hcK2FDZtGGtX+6gtE0PgNFItsza1o717Zhvbxza3vuXbvv3rv/EbfuAHv/+zP+sLnvGMp1+671yU2DlxbGv7GERM62lkHCdQlLAIIUVCSAkyhrCMZYAEyTY4wEQoJxwqxpiUHUrLmVIgSAgExiAk23YUu2FFQGIbgRwApEkaDmQRpgUF28E0jBaSApVQXcy7rp+m8eL5s0cHB0CovOqrv8pnffqnv+7rvaFKCXI9Hhxe3Ctd3VhsjNORotTopcxMZxBJRFeCzMxUUbaJiMAJIuWwskgWCjlzmjLCoYiIqTUmokQoAhG01iRwOChECUJdhMZplFRCKWMETkuapoaoJajRS23KpIGwUKbltBNHZnMIFIEtZbSWsl1LwQpZoZwMWJKRSoQj5IyUpYiCbYoMxtlsslAwCmyhFCWikEk6goja2mgEFoJUkZs9tRELCcKJAQUYZQ5Ix7d3apTNzS3srlSbqU3GRbVlOpGzkUVSiJCtbK1l2hRhYywVuwkyM2rQMpsipMAJYCzhNICEcGso0NhcQumMxGpOAKNUCrlNSGE7Azk8rUtsAh7GEkAnlIlkByEZFER0YFvZpgiV2omoJQA77QyXftZZ9uSpjeMwdn1IIum7PtOexghFyI1QyWaKkKZMOcfWaK3ULkTm5AgyiwQk1pilBgThnNrQWo2IEgKnQZnOnGQhJ8aUEmADtLRaG226rhNgt8npFlFbm7paIZbLpex09L0tm6QpqjChSp+dSkRkNhtEKZ1CTUlrdrYRR7MwRKld1dTGolJrjYg2TZIk1VIy3cbJIMkguyggIjItI5onZRBkKqIEqHhCoSgacpqmFgpZIZwmoijc96QHTzi6roCFMARtatQIBZKCzITMdC01CiWKlZm0bBFlzKm4GKddXZjNmCawimrUdPOoQlACMK0GchApJNtWlC4iarZ0NlMkKQLJTkPzlFNEqUJIsggXBVY6bdt2yEpF9IvZNLXM1vVdmzK6EopsKQQ0mYggQC2TnKZ0lVRr6YobctqM2UoAQbrUkJBLys6RVK2dwdm6UlAIG9Uow7gmXUNA7XvSaQs7WyaIVLGRjBNJJSBLCIMAl06ZSpM5GZwqBfA4tlKUNE+UKCJcXNWpgqlRJiXYtmqJqJKVIUVrbRxGRYiAbImglBCgCsa4OUpIIhtGAiLCLbOUgj1lIoUtwqlQzDfmpA9XqyKVWkMp4wgEqKBstpVpT1OGSkSpNWTjZuOMUnEO09R3RdDcJNzspJRaQ0gYWZTaz2cgu9kowjYWmKKSkmwRinRKYAOkokgibRuQ5VIqQWlWWFGdKSDCdrFAUbEDgQ0OAgGWJAUi00CEIKykuTmFKiJsSlcCqFGMRMiKKKWGSzKSzqIaJRCSk0hbUSObTEoKySZJp6GUiIjMnNzCGCSkUopaNrdEYezEuJTitELZpKIiWVJmy3Q6QsYRoZSFnWnaNAWqJTIbYbe0UMjNUnaln5RuaacibJsspagUbNzsBIWqKkJCaQoSzOsiSjlx/Hh0kWNGAMIERsU0VEwTZAZqOBAmC9GcYQyS7KREpiUpARNRoDmFFMK2JUkkKmmHpWJbSZOUmZKwJIGbkSSTZMHOMDYISTZCuFkSCFSC5hELKSLCTDhssJEDZwoJWQaFIp22VRUZSlIRNFmtWISMBZktRWQgwBgUIm0RErKaUwACJBJjhUhnCTnTCEkEJJRkwqI4Uoog03ISTCYIAlsiBbYNQRgHbgTR3ChB+viJncNLe9O4HyWEJZVSsuU4TlHCVdgpM2XKtbjWDjy1JowUSVEgKWQXgeXEbokEGOyskqNM0+hMl5LZAmUm2QwBJQJwRjfrsCzZFthWVUTFaUVmOrMlESiQ1ZxFUWolc8oMkW1yhFCSShIH1UWlsLF9bFitdi+sTB4/ceK93+v93vu93uf8uXNf9mVf+jVf90275y7unrsIbO1sHTt2qtucK+NgfSRnw0JqakUhpRPZyEgSWEYI7DDGmSJoclEYCwTYVhRoIiyAIO1IHAYjMiWIlIsFOFMhLIEDIYVoCWGShm0XFwq1dhHGsXdwae/SgacRBcpXfqVX/JiP+Zi3e/t3KkXGbsPehfMiJPrFRoFxGCNimqa+61CRnM42OUmhKEiFxEbOtDylQhK2FAzjoJxqV0pRRM10ZutKSYFtUlJrVgmSdKrRgjTQnMpMwWgMgpaJVFRqqcjYdjbSAksK0Vpmiai1jFPaaVoSJUgTZtbN056m0U5F2HJaRYZAFiUKIOeYmZlRipMUIbnl5FFSqDiQgIigmaIARakSNs2tGWcO66HUoohSooRMpl0iVKSUsbGN7FAE/M3f/+00TY/7679BwgYQmMsEJgKBKYharVao2EQgF4VCtRSVUqIiGChRFOFG1IiCLIUgoaIiCIISRR6niQhFyJBuzlBIqVLsFABpSYRcSqeqcC3BbHOBs86qFKVGG9dggRFWqQW1bEXIEIgAMAKFQgpjZ0qqXedMBdncWtauINeuFxrGSUYKRBjLrU2i9F1HqaUr43oCYbc2piREqLm5QeC1kwywCJBizCFblhrOLKVEVKfdUrWPEgpna9i1zgqoaJpaZpsy7QQFMXosihpdKWQ6QnYkUsEoagTYkbiNo6JkWEZ2ekojJJF2mxKpZbbMQq1RSq1pt2yZKUcpIVcxmgxKkrWrgVo2JUSQ2akQYCuKhQHRbGdzCTJKLdmaM4XG1hIgaq1FUimzEm2cbEMQLZsyE4wlOe2cZGwjsDDUeZdjS48yzsxxmphKqc4clbXWrqttaiVinAYpokZESKRRywopRURJGQN2ym0SUlQbS7axa5Rm19oLVCLdZFo2hkRRimjYDtsWtlSQnJNQThmQtrMpwoEsIASADGRza1Pte8hwpdgunlqAVEpXCZlmWyEZU5AzmxTFoLAzFSLJLLUM6yGi72tpTpVScWZmYtumhgPbQqolnAZIKBGWQiQ0TNoJIaVUW3Oagm1hO50yZK297ZZpmrqgScWBCKapkao1I2IYskCpkkqxVCKzZaYiBEilaBrGlu5qaW5SyCAiCEhDunYFqShSidIpoER0tQ+RbpQoJnFm67qZPbVxUK2KEExTtjbWWpBUQorMpqQWuVklRKjIZCRGU3NOkyQpsk1HBwfZTEhOI0SaEqgVY2ykzElSa02KIqXV3OwWKC1JRGBnJrhI09RQmrCbrGwmEIJMZ2vOJJROHCIbEYwtSmmegjByWpJlkajitFtfe+DWpz39dV6XWqsKlrM1pxXqqFaAcpwaDmGBU5JAJdrUwIriBsIIO0oxmAxMYixFUWSEJDsakM3gdLoFTVnGtIQQzlDY2EZGSAoQpna0ljjTBZWuBoEYmMgMGUcoKFEU4zS64UpAy4ZsRYQCKQqZLRvW2CbgcY/7G7f2l3/5l7TGfyyBQWCeD4FBAJh/L4F5DhI2z0FgniVQ4hAJGAHC5r+ewLxAAoPAPDcJG1gdHc4X80A2xlNrAUFT7QK1SKfHMfs+MpEsAiDkJHAzgdPCtokgCMvT2AgSoriPDjO1CRhXY+lK1BoiHBZuGVImYxuwa63GESVEKTE1C6ZM26EGBSOpqDjdsoUkMU1ZitowUcARMpKURdGGNINqmXd9a21/9yKlzmcbp05d84Vf8uVf9MVfdu99d/3A9/7Q13/LN9/69FsP9p6BiK7bWGxs7+zU2kWwXo+llMwBe2opwnaU4DIBoDQRgUwqDFIgY+RUhJ1SQS1ShoyIRgiDFYJwphzNVggLOQ1OgYiWLUEl+m6mokwrnc6Dg6P9vT1aGgSLzY13fM93+4gP/4iXerEXK/3MJttwsHe0Xq1mi1nXz3GGNLaGbFOi2p7aJCSDXEpgnBaBAEUJJxIhDBTJIBWFOykiBLJkKVBUkRiMnW7VFalIBsLKtC1FSEBrE9Ks65Ay0zhqkB7TmBolnZAtpXAQooSiVmWzJ4lwWkIlkHFG1BCGIichSAhs22TaOWWERJFIwBlRVEMO25Jac6NBKxGFcKjAMA616zKbAJNuCoUi7XEY+m6mGlWBLEcqnc5MhCBKAX/oB3/Iz9z485tbWxcvXgw0jtPhweFydXi4XK2OjpbLYRqH9TQ257RcuzV7auGIQpvc2pgGCwwKbC4TNs8iMJdJ2DyThC0ENs8lIHkOAgUYBcnZe++1YhjHrnZWK7USdlotI8hMy0VBKYmc6cwSZcq0J1TtBmF7ytZ3NWqfCbgUbGOikLYMGKdUQCGVUkNRSolQy5YkSUilFEnGKKpozWoGsFWKFK01ydgl1NVqA04nuNRQa0ZkyymtrBFNausJLEQahNwyM5uj1K5KKkJyYlUVFBFja0QgArWwCtXRcnJIKqLhDBdV7EgzqzOJlg2R2YynqckmaM2mSRaKiKJoU2vOlo4SoQCl6UrJzJYNbOwpolD6mWTbU8sSRaHWMkolMzPx1FxClmTAThoNnEgliogMPLZEcpOilNrSziwqRFS6bE0KFbqQQiA3CGe61NKMobWpKwWQipxpqhSkU4kdLpkZko2EcWtTqbWl0plSAWoosVwcGaoKx5QZLV1EEHRBGoAkXUpp2UCEZMnYJp1yEGnIFFJmqRF1FpLBNspEIdT3oZjGqYTTMpastIMS1VM2pYQzEcKUaNlC0c/mXShFm9LjVEpEhKIU0okUkkmQsqVqId1IZZQCTZSI0jJBBWPsdBTNu5lEJCbbOLXmGtVgO7MpVCaFGKc2kUW1ZTpNdFKWEkUREU4nqeaWk6dmEaV0fSeHM0snIwBJIRmpTtmUilJs8NQoDsthZ8sMlEy4BpHpNjWVghnHdQIREiJQFiKkzKxdZLOVSjUcVjppKMgpZSVZKJkTOFP9rFstV+fvu48XRGBQ4ASF5EARZHMC2IB5fgSWSgTGAHYaHLVzWgIwyYQNrQlnm2qERJSCFArkjfmin3WZrdT5zvbmHbffuXPyNJBtyuxRhoKQLAOtJVhJ2lBKzZY4pdKm5mxCdouIzMSWpJBzUnPUDmUzLVsghQOlorSWEs0q4SmjqzIikYRQiRB2uqRtZykxNbtl7YhS3FqUkCzUchIqCkVkc3pEKi6Ts5QOJjlFkZQtFZCkM3MqFARBLbPEb/c27zRbbD/q0Y8e1qOhZUo2OF1wuoFK7TKdENhpcFEd21RqyZxEuCV2YoJsU8QsKs5IT4ooLq6NJKJmG9OW1FoCEs2tONKOEjgisjUrSuDWplKqkW2cXa2JM7OoqspEDU05Od2cVQrH5MRpXAmFbBRaDUON4rAsJ4QEza1Er0pkqGCnQRCKnLJh2ZlNETYSgVpmlCChiKQWiaKgZUpOS3K4KDBqbZRCinQzFIioCGe2NilKlCiEbSAKECUqblIQmnKMqIpoLed911orUeyEYrWi4uaNzcXe/tEdd95e57NpGkIBVtTaydmscEuLUJQSRNjOzHC4SJlTy4hoLRUBkgDXEpJCas1dra01N1q2iABHiTZm6WqpYUtpK9uUgGqREzsiRGDjlsZ2lIJTqGVzqsxKKBLZmU6lUgJKhE0p0bKBLQeFFBEqmcOEypRZS4luE+eU6+XFS+PkY8dPXHvN9R/9CR//cZ/w8eOw+o3f+tVf+Jlf/rlf/PlnPOP2g0uXuEyK+ebG9rGdxcZWiQgztNbS2RqynU4hyVhpQxrZliUA2RbhbAgjJyJbQEpBYNuWFMIJoKLiGkVRikJKEIZxubx47vzh4QGY+x3b2X79N3yDd3yHd3izN32Tjc1jyJCe2t7u2Wk9Jszm89liFlHInKaWIkBRhZ2JokRZLVclIqJEMRHGU0597aaWElcYAeCQUMwXczvdbGhTM66l2DklJoXSLqVIBjkdRYrqmk6XCBxT5qybpVuCbKcRzU1QHBKpLJJdZKRiQsphGmstpXaAVCLIJNPZJpOZhMJOIYVCAUYllEqyNSulatK2QYo2TZIoRSGnLSsFhmKa0hNkuo1js0sJib72UUvaTGk5cTjSiezMaRprN4swhMIB0zi87/u+//u+7wfaaQhFGhkCjO2QIWyQMYkzp6C0bAKVwM5spI2nsa2HdfQlh2kaxvWwmsY2jkOmE4/TNLZpWC3X66FlTuM0tml9eHg0TG0cxnUb2nCwv+cp121YHq2Ww3J1eLRarZfL9Wq13D84yDYdrYZsw+Mf/6TFxqLlVNCUU1+7bCOOkKIU7MwET2qlVAFK47FNISkqKJ1FWaKEQg5Zzsm4xqx5jCgqMEyBSt87W4kyThMNlSrc3MYhlS5RMlvLlK0I27VgU0rBGSXSlkPQRDpL6UpRiTLlhCkRaYsYhrEyISkQ4WxTS6e7rmRSuxIRUuBsliQ7IQiDPNk0l5pSEIJxygjhaOtRtZhAAEEhsMg0SUQIiyilZrY2teYUoVLITKdNlEi3Nq4V1W5RapFtwCEAROY0tSapq31UxmFscl/r1CZwlIoJqZQSioERB0Fm0mg0KUpEZlMpMsjISlRUFeNEiFBYzjatx3WNIoRkshQiJMIKaNmwyTRKtxSQttSyTS2joOX+LiA5E0npLBHrcSwhCGeLUiMwshNUFK21llNELSWcbtkwyIoAyTQ3SZkuUSQyEykwhMTUGqiEmjMUtoVUIkAR62Gd2WqpITlKtlYUUUprrWUrilAgjEGKyJzAQk5KVTZMZmKnbUlGs1oTD+MIlAhn1r5CZJvsgNbQrNZMyGYpQnamo4QVBezMzDQqRU6FICRj20Y1MjOQ7TRSQsEJRKhlKkGAoiAHJdzaaljlSD/vSingbJSuuCXIOEKSMy2AqLW0bFNLbGwjy7IkUOQ0ltplWlhCpTibCEW0NikIBQTQsoUkInNyWrWSTSEnCREBDsm2pGyt1i5pxbXf2jjYP7A8NaZx6LoSigi1qXGZVKMrEqGohalRolhSKrrAluyWTZAWiigEAlmWUUg2iDAZFGMh2ZYEQAMBICzE/RoJUQBoTsmB3NzskIw9jXv7l+azXgSQshJjKcjmEkpnWlKiUgDa1GxKEZaxJEm2QbItQoXwNE4pd6pTtloKWApJtpstO0JYhDJTkIkqmVlQiZrZbDJzGqfSR1BTWRRuLaJQlJmAkCQBkHaCTMsskoqEbJwJsnNqrXa1RJQoCaHSLzZ4JhsJY5GZkiQECQFgLDsdISxkI5EIEAYEICAhMKilBYEcGILLDLITIQQCY3GZbTASGAJACJwoAIMwBoRII0CWBWDbdmARqQwVgwBjgESRSQkAnEZCGIcFIC5LCDKtEGkFGMQVRgInErYJsCRIEAiMZSEwCBsEBizJIC6zkYwFpImwDQKnLSKEbQVGwlgAGInLMjOCtNdHB0Lj1GpflZacxsitKSgRlrJZSpCQQUKoZQZu6bSKAINUIqdJUYRbpg0gKULjMJZSokSmcSoKdpJFBdmZLSklMAhQa1OtJdMYAEUtSpHTFKXQWrNr6QgZ7GyTISME0UVBaZROp1UKTpKo3TiMUcAqhWmaIIb1er7YnG9sRFSuEHfecdvP/cLP/fiP/cSf//mfXbp0wDMJDJS+zhebi/li1nf9fJZjU4QFRlGwbUMmksApq9kWUaLA2CgS2NnSBkISntJtyjYNy/Vyap6Wq5aTjHm22bx/w9d9nTd9s7d4+Vd8xZd/+ZcHZRorSuY0LZeHMuM4lL5WVYh0sxOFYJpaKREiQYpsI0ZRQ4zTFJKEUemK7JZ2pqCUYmRjTyiwJIeUpBtIrU2gEiXJiGK3iCgKo5YtkJXZXLsalGxTSvYUKhElc7JEw87mVksngdOWSamC0w6hUGuGlCEiSimQdmZLTCLJzVM2nLXrnColszm6mpNLEUG2jFLGYcpstSsixiFrVRShwG7jpL6EQdFaKwpJJqVoLSWDJCkEcjYjOdMQCslJc6ulhkhbqGULldV6GYrMJFRUIQmyuZRiK0r0/Qw3RaiUwKRL3ztlMsAgBYDAMkgCgwBjETwXA4mEQTIWtHSRjCUnEQbSBBhFs7FlqWQkKcI5TW1aryyMs1luKlWSbTudABQKYTsNkqQAFWXamdhEAaZpkogotQaW3aapOYlCKXWcWsHNGaVgl6jptFE4bdJYzVkkFKXISCazERGyHRECZ6ZUhFG0NgG11rSHYSqyotSiBFEU2QwtIxC15QTUEsPUSshgEBE4m01KshSKkKUYs2VzCCRJAmdGKekMCallFkVrU0hSpLOopN2yNWeJUkPOMA3JzmxZasUqfXFmGhkwxnicGm61dMItLYGRoBRJBaVordWoxhK2s01QrExcFRGltQZGobRKkSSwUhQDzqml7RIhGUiQZaeihECyjSm1TOPYWiJFSLZKZMuptS6qDvcuRBRIGwuljVo27FIKJnFCQIjWmqJ4alTVUm2cKUlBRLi5pTObnYpwS4WKasumWkLY2C1UBLYBItIOY3C20pU0mDaOUaQobkayXbuSmZJas1sTZEgmSkSRWzoiwEA6arQx7SxRjG0kQC0nGzJLKQakkISaLPCUiUOO6AKNbaxFiSLCpkjNRNBagiPCBggBmqZJipBsW4QCoQilTUI4mwMRgG05mw3RlShddXoYp2xpZ9Till1XFcpMjIgIZbrlmLhElOjsNk2TUJSSmSgi7JSkCGETgT21FpIihEySGNs2yFYp0zR2tQKZ1FpbawqLyEQ0h0LhbP1so9QwRSqQQEtHWFSATIMFzogwIdtuRorIaQRC4RA2kiRnQzgtBZKnhgwBdqYxtpGkNCVkIj0BEbKpCkNISDmN2drozGxC4ziFpBKyxhy7WoMc1mOpXY1AysRyGOE0CmGnDVhUwqHMbNNUS40SLZO0ARwSEiIsQq1ljaCQSWuTFFXhkNIJBE6DbXDaKELCppYquSXCIaU9TiMmokhKZ40SpZjM5ijCZGbLjBJBmCYiM0sU4VRkTph0tuZaoutnIcZhQNHauB7WOKQIqTlLqWk7M4qIEFlUh/WYTKFiiDCQSVc0tmbLtpCUEZHZhExgh4oCSSjcRlQt5zRFxNSmiBASUOQEnKaglIqEyJwsKdMSiZFpoIgQicM4jIUFCUBIKYm0QzZYQgQykhVFmU43mxDplMMRZJNozlJKIJWgORTNzmySxmmadV0qcAoaVnPU3tnwqBSlmGQyRQY7a5QpjZBlIWFUgiCS5qYomlqGLAvZaWOVEoklYWSwiQkqDXXOpAhHtjHbFHS1q33fhYqxAmeL6EpoHKcoiAKZENKUGUiSgCh4yiSEwa2NzkCg0gUphZ0gMCZtYUeJbAkogIIzM0sNFEon2GkjK3EtEdKUWSJaJlBUrMQgMJkJslyjSDJ2Y8pRiaPUGsaRpCwwshRoGscSBZHOWqqdTjsERcphWo9jW8z6+cZGOKL2thQSjOO4e/7cn/zFn/793/3dH//xn/393/3d3ffcuxzWgKcGgMA8LwUSAoOtCNwMUrgZJYSQ3QAQGIElyfjY9vaLvcSLP/ghD37sox79iq/4Ci/10i954sSZrusSMCHAq9Xh+mg5TuOsq2nNZ3NjQ2az7YaUUQKilJpOt2YsIZVszW5ChKQApACXWpxej+twlK4IGWiZONMhgawWUXNqBtmOgBQqJdJEhDMB2xHRnLZLFFkGO8lUBBiFSUMo7MQahqHUWkSDogDbgoyIiAALpS3U7BDjNAahCERXip3DNAHZXLoqp610CkpE2oKptRIRtQBuWA5ARWpGbcqCWrgEokqkHabZERERmVOmbXe1y2zjNCGFIoqCaJmIAIQIY4ztKKIpw1IIbGVrRR5pkRERkxOnIBsmS61tGi0VRWaLoKWlwJkKY6ZEWKoCRWazApOZtmUj0ganRDO0Ep1UCEKSaDmJYhtFAYWMMVFLjSilp1gp5+QASk5rRckkpzGhK8VIkowDEVLalgKRrWVaCBERKFobhSSFRKi1lq1FlFIKKILlal1rqaW0ZknYCUVM01Rql24kioigpYvCTklIwNia0oogCCtKGFpLBWHSjOPQdzPhFGQmlEBRgSAddZomsomiICRjG4WmMYUpBefURqGuFKkgT62JqCUyUSizhUgpCIHJ1jyNY+0rIU/uagWn2zQ5aihtCaC5zrpsabKUaM0CRcHZ0thtGlVKLcXO1my762o6M6lFpFItm213XQeSraKWBocis2VTFNtq04QppUQfmXZzFClpZFfrOE2Yrp+1bCFIKHJL20QpoWkahUotzmYbR8tmt1CnSOhQ6nDvQrbW7CilDxm11gBJRBTF1Bo0WxHKlgaVIltSiZJOC6VaJmpGfSkt0wjsyaUrCglatjZlKQEKZMlya62ohJRutkEGlZBtO5NAqrQxp3GsfS2lZtrZAqhVdpQAsNqUVhNCkkFKp6SAhgOL0rIJDCrgAjgnolSpOd3SmYlQhmpIid1onrpaa60409iWBIkChMnWDCgxETUKWM5mokSkW5qQBImlIjLtQJKQDCYFpBLbFhiFIIlawC0zAlJpG+NEEVGw7QyJkGxHkd2SGqQUkIlpNoKcMoqiFuxpal3fZTqzhcJOo1JimqwwprVRLl1XCbVxnKYJCTvTtlWkxNDPuzZOacDYRJEcjsRAqSUUtrERmROUULGAtLNIUmmtoVQUHOmJJgrOLCoOOZtxKEoJO0wz0EKRtkxGqKgkZrL6yNamKUsJmm0oREQoxqmZFiohRcjNlkxijEmX0oVI22QmlgNlJsLNighFqTG2JlMiWjabvu8IuSU4M8cpMaVTVTG0zMBRaoSMMCKzpSWLbK2qOHBCQGZEAVrLCEnCVkiEZZJ0CqlEay1CmWlbFCnTDkKyzdSyRKSdOUWppYYsE9jpVkJFtdmZU1jR1UxHKElPaVRqRBScmem0MaGKVCKN01ObQtGyOS3ouqoodpJWBBIC07IJBJk0N5wKuSFJJWSHwiCRsjIyKHYiZNJgQtg0ECiiyEBrTQ5LlHRKdoMq2VJISCXbNOXkptoVRYBtMLbtSRHjMNXaRS0BTgPGmS61TM3CXQ3QNDYrQ7JLKCmB7ZaK0nICZWslSqnFzpY4E1IqQummKKVKljFJy4aJGiXClp02iWkTihBpSoQlnKkIk5lRSi1qzRak0w2DiYgkgyi1ZDMYYYPkbFECAjvHcXLWWtMEbriLYmjpnMYoIUIlyFREiTA4E5imhgQUBUIBjqlNUaOrtU1TSxfJNpC2QhERRLPJlmSmu1pbWk4ritQM2K1NLftZDwTCEEpbOO02NYWxpBKCsBwqIUIB5DhOTKlaS8RyuTTY2XfdfD6v/ZyoAFJmE8VY5DS1W2992tOe/OQ777373jvvvu/8vefOXTh//sKlvYvro+Wlvb3Mbr06Ojg8HIZxakNEmS36vpvP+tnO9s6Za85ce82ZEyeOn7rmzI3XXnf6zKkbb7jpputvPHFyZ2PreESlIkqIlpYcgsxpGA4P9qccI0rfz6JEthaKiJJYOJuN7FSRkMDONjVJtatGSBHhlpBp2za4pSQhBYI0oGFYd7VGLa21ooKNbEkocUQpyOFCTJk5TVIYo4LTOKRQZDrJWiJNm8ZCoSvOhlEUe3KSTikiohSNY4sQRiHbQZFo2QjVUtqUkE4sl1KctJwEteuNQxFSOrO1zIQoIUXYztZsRZUT2yVEhAAwgES2qTUbuVItSwpkgcA0m8wIYSUpqLVLZzZLkkTYzWE3K6qCaG4RhYajQVSVVObkUktzU8qy7HTKNIgSIQmNOak5RddVYFxPCNtkA0WIKCWwZcBZoqBomdBsFQmcFqKNrfQlMwMEmTgcjajFETibpcyQEiLAAHYCoSBKZhMpVWRsg5stB5F2oMSSHCqkiHRGlDaOKpVIrEhSymzYEcVka1OtvSTbgEKZKTSMYymllBByOoqcToyULXGSOFRKwYpARHMKS7LtloTSKSGKSSelFsCtWSqSQ2ElxgYXaTWOEaWUQtqkSRwYIkIymZlujiIiIklyaq1ERJQShXCmAZDSCCPsdLMpoWYLlRKZxpJACCmUmAnVjIzJDaKWSGgtQ6Lg0ciSREi2UEROExLGENjISFKByanMMVsour4fp1GohJBkJSljZGeptbWJlElsi1JqttGpUkpCkU0ohO1MK0rIBmycCSTG6ShVQWAju+lo/wLE1BqZUUtAyxQQigiwE9KGlokQUatQcTaTTkoEJcg0ka2VrtA8TFMXQSDCqHmSJSGFIURmKmQUSKFs2XIKisM5tq6rktJurdmQLl21XSQFRLilIYJUFMmZrWWSRaVESTcb7KllKRGl4tYsnCFJytYcUcCioEQgYdOmqWGVrkYoW9ZSxnFMMlQVtKkBtVQ7CWVmG5tFP+tCMY6ToJbSnGkHMiaJGkWdaW2aCIlwZnMKl1ozLRQlwE63tIJQIROIUjKnbERRGmeTmFpGqNYuWyZZIiSB5TDZWotaA9IKbLuUajzlFFYKklIjFG2cEqJIJmpJO1tThOxxahWoNaS0nZnZRCCVEoLWbFqUirGNrESFIDJESwMKSTLGGMg2pQppMECpgWUyBIADgZhaK1Ei1MZmWRJICBlJJjOBUBhLCoWVWBLOtOVQ2AmBmlMYFTJVFCpubT2NXa0IjKUqZSYSEcqcWpNkZ2tILrViJ9mpJs6WBEUCGYUElmLKaRobUEslMA5JUciGCJV0yyRbiwjLWAoVpMAGC2Fwm6wiSUqpZGt2RimZmekiUEFqbQKHwhCIEJmtNYuuVsuenHaUIhBK23YtBdGyZcuiEjVaa4FSZFpGYVCUktkyW6gKVFQUiExPo0sFka1ls2oIRFjpRCAJwLZNyHY6sXBChJSkHBFQQpIMOIGWCkmhiHFYO6HgliVqqaW1BKtEOBotpDSyRKYkG0lIUrOVDUypQJBIWM4WEYZmhyRFGrfJQaUg4UybTJXiICdLGaW6tWlqUUIWwmSma60klkNhLJMQCslpwJKwnYpCpu0E1VpycqoFxViSIULZbKcCLEFEpJAh5KllOopQgMdpmtUuAWeJSoCNZdwySylOp1sbm1CKIiELIWyi1Gkc0ilUSy1dh3OaWoSihK3MBtgOICKktG3bGchWKSJkJ+AUsp2tuUgRoSiZLZsjICSwmMYWITcDKoFdapUAYU9twio1stm2QtM0FkqpKqVrTlt2A5ytTc1S1/UR0aYhFFFLG9rkiXQ6k8St1r72i64rtXQClR5wKsMFtbQyJShFYHDaYWEaCEshlJoyIyRkIRBCYBCZU8jZcnW0slvDq9Vha553XT9bhFRqZFoRstuU0zSWrosQ0DJbjkG1M6III2WbWhKSokREqcJq0ygp084kZAsmKKXIDpFWZBtLKdOUzhZRLEeUUDHNdlFRYJPpbFmKpGISWVZLS4aQnM0RARAmo7lhVERmiaogUwq72bZBYClCgRqWDbItZWspClW0FqVKInMcp1IDCStE4mxZVNRFDlOStkJKKCFJgjGbEkVEhGnZHBFgp1UKSCDcbOyiooKIqY1GYRkrAqdDAdmMlG5FBdEyBYqQnE2SoxS3lkbYJko4E6mWYgkrSWWmVQKMUVOLVK1lPQ5CtZbMnFpKVhSnZSKCwCaCbCBsR4DDJIlKyWwCJDtDMgjZSITUsIxB6eamCIFtCIWE7JSNQiWciQ0i1NokMJIshU0gg23hqNXOUBjLGIMzFVLaXUSKKJFTjm0Myem0pUinaKX0zslEqVVSayOUEM1u2UJghVS7Dmcm6QyRpkTYFhgElrK1kCywkPBUokssGMdmuZYIqWVmy1CUKluSppz66DLIqQkBEoZSSo5jYjtUHFHJTFtEFKOYpjaNUzpLKbVUZEymQ0KKkIJCTNhpMsfWSsiJg750IcY2GYuIkC2wIsAguwXFGEyqkSFJyiRk2+kUIopso3Rzs4ISESWgwJREOgsCWsvMFiUiimA5rJX0XY8sSQok4TZO1CgKZ0PKqVkhESEhRdgG11qHcdLqaNdJtkwaCUU1KnKbmpEk0gogAqFsaRtAok2TUYQklVoS3KaioqLWmhNJCtHSQo5Glq5EYtFaKxFEiGdyenJWlWkaSwmECAmQhexsRthZSiVkO1vKiiBNy1ZLiYhpmqJEKGwP4ySylBolnGS2UgMip0y3Wjs7WybOUiKR0k5KDaSWtluJQjLkVKSIQEo3gZCIYVplU9fVUkrLli0jSpRwJkJSOj01KCoBlghFSwOkVZAiW5Nk0klrrZZSSjWJQWFsW1gKG5NFMbWW6a4WhdxsGYUzAYVsJIXCbjgkES4RzR6Hwc21rxiEUqphG1xQI1HUqIL1uBahULYWpZBGkoylEkWanE5wSgUMtsHYlMhEihCSM3EamShyumUihAABwomxIooKOCLGbG4ZEZIzAdlNKpIUGYqWlnEImigSdmYmTVGIqACSMagNo5W25YgqCaxhGEtXa4TBZFG104qcJmOQnQakrtZCTG7ODAXCsieXEulEynQRtgzpDAkhZKdKwWRLOyVhiDCWs6UDotQIEgLZTicQUZy2DRDQWiZXlFKTjAhaUkISiWVMthQ2RESUiIiktSGNSylSCFpORsYkti2qhEgjEyVsk0QtEtiTmySlCFq6qyXtNraQUUSEIVsCyKRaG6NUEShLhCWM3VradkR0EQ5wgBGRGMY2YUcpUoCLQkFaLcc2JihKJC4hkG0hicuUNKVMCoFKDTlSbtM0tZSopZZasMdxVCnCWJIEma1lSgEmJNuolkAYaE7bEBHYSE4jQmEbiMAI2QnNFEWEpDZNFiGFZDNNkxQKAClKiZwynVHkpDlDITuN7VAoABQBYGc63bANtdaIkplAQWObooQIO8FEkHYSBdA4DhElFHY2Z1cqNZgSaRyHKCrRSSJEejUMfa2KkJ3Q3MKEikpkZptaqSKJKGlDBoGwyLTsqU2llFAxINtky1ILdigkhmnEarSiUkLNFLABIjSMU9eFFK1lrVViHCcUJYJ0yuMw2qlQiWJbUi1VoWlqUqC0FFIgpyU1xqBkAzKTaRqThtt6GFHtS18KENM0Tdlms37e9ZRaSy8TxS09trRTYnVwONlSVkKFRGSLWkY3NXW19l1v20GhRKGlhdo0SoFsHBTLTiQJSzJht9ZaKUUCRJDNmS2iBGpuIqJGNjsbqNQIYpwmBYaQCpE4M0HIpNJGth1FRSUURNhp0kYG24qCkZIUIbAluZmQ08YIkGwwlqPEtB5rV0MFWZB2mybAcliWJHGZnWkHQgqRjpAtQiE0DiMBkpAglbIU1CituZFuqQgFoZBZT1MNjNrUpKilTm2spZRanUZuLUspoDTCxqWEbbdMK8KtNRTCKMhMExJRUAtKBNlsURR2GtmTEYlCRbJkcCZSSAqU0UibwFECK+2pTbVUkzJW4BRIspBkKwBs5JxSkiMzVSCRnJl2lACkCKHEOAHsBrJlVALhJJ0BkkAKWRQ0pXFTKTmlhFTsqaVDYAiFIu0iUrhZko0iyGls7roilbRL4ObWJopCEhERaWezlUJRAluKlk2WSSPSJcKkJEI2BaWxm5NSNKXBgShFRshhpUxrmUUhRWYmGQoJJMAmM8dxKqX0XVdKYFbDGlxUDLUoFGNrgKSIQLLTdokYxtHNCpUoSUYElmVsWYnBRZEQYIGdxlBDWCoSMm5jjjkKJFAEQoRCKEKZTVEynZklCrLBOZnAjoiISKczS9TMZnCmQi2N1NUus9WIdRvdqCWkUGBLGDtlWQYZFUlgZWuZEOBsdhdVRa01QBJEiGkahaKWWjtnTpkhgQSCNFrt7zVGWyHSBEEhp2YLWktqKcjZUoEISVNrziy1SCGTTkS4WMaoKIgQo5saFMm2BLaRKFEy00ZyZhMFiFLsycnU0nY/q04QNYolYFqvE4cinUStIQOZU6ZkJxFRagFNbSqgUm3LmUiQRrIkScZYSGAlQ05FERF2yqQbUcJYZDN2lJKkTIQAS2SCai2JpmGMIlmW7SyUxKUWFLQET60ZMKaV0pWIaZrAUYokZ9q2w2QghUFAa4lQhCAUCrJZwhLGaaSAKApYrocQtXYUKcm0oRRhJZbdDKRb2liutSrJsNKWIoTVWsvMKKWU4szVel2iSEhRa220GkWKzMQQAHKkmwwRISSNU7ObREQNKTHG6YjIbIpAbqNRAsbOCFmGolAIISSRTDmGimVZBK2lpFDY6UxFwbYsS4EBAxK2AGzLRWFBCre0aGNTIMkGuUYXwgEZJiOKMie3aT3OFrPWEogIRaTtbKFCZgqsCIZxwtnV2pxCEpnObBG1lqCE7DQ5TWkkBKFCAQxqUyslUJA5OQuBMMY2LlEyMXamoYixZVGpfZAkxtRS0kZ2WibBRli1hCTUsmUD22StFZA0tVYk24pACpROpxWoqE3pdClFIVBmCkuR6SRlOTPtUgIBCgmnFTlNY2tdqZIa2aYsEdiZkxVdLSCVIF0UiYUkhFIYR8gTU040qwaZpRQLJJoBsFEozNSaIyQHQoFN2l0tTpCdOTWHIJRjlhK1K2O21lyjRITkaWwqAmU2pwUOBzFO2ddOksnJ1FAtYeRMRWQ6JIMsSIOCTNvZJqtIQtmcYaGCLIWw0k2SQASyIae0qFEsnA2H5AQBIihWOm0jAQKDpZCUdpJV0TLdLKmUaNmwCAkI1Sg5tQa1RHM63XWVCNLOdCahkGxn2sZ2SGkrICkRU2tRotSuTeO4XteuqhRQQAJpY0U4szWLrF0XRdNkt6l2HYK0LdSMSEcpJFnstIxtSbbb1BSU2sm2ZVJgHCqINjWFnEYqRUitZWtTLSWi2raztSmEokYJt5RoBltFQdhuLaWsdZ6thTIjaA0HIWuKmA3LAyfN6moUoimTJBv0CmFklYoghZJmY5daulpVYhomQtjg1jIxpoYSCULKpDlrBKG0w1jNFiZQg1LE/bKlTYRCak4nEYpSBNPUSlHLhJI5tikRs26mQjrD0dyqOtMMkiScNpCJICIkG2xCraXtiBKE1TAYCStamwS2RBISMo6I1hLA2GnclWIrnRHFTpBEaxmSgkxHKKIayzbYLdNShDCyKSEiyJZEBOMwCpVaoghiGseuq5k5TlOg0nWZDVOjJo5gGKfMLIqoJZ2khYkQbkkoIpROIYUw0zRJkoJIWUhSOK0gW0phT1E6gZ1IRdHSBtykEEy2SBwKZAFpC0qN1pzZQCERSNHG0SIUXe0SORs0G6Q0kZlCkhNnKmgmhKJ4bKrCliJNZkKWUkIFEbZlKQgxObElsolQLR4nB4WYnLJFpCQMZGuEZBRIRaHWso2DovZ9gZyaMUqNniTV0NjS9qyrthQRIm3bBJhM15CIMVuUIgS2Da6l2k6ncU4ZNWQZsAWq4dFjDqESEYpw2i0JogS2VFpOTkLqupo2gnQUTVO2qUk0qAFEOjOpNSKqszmNwBnRJWlnRJnGqaud5DZNDgwkpdaQWksrg2jjFKWWTjatpayUc2wlpBpph6QIEmiT6aK0bDlODbpSjaPWWuTmdNrKTOyoIdRaqpRQgtIuETbTMEVIIYyExNQyIpAyW42aJAbZppRCOhSTG5btzIkkamQ6glA1RmAsOwlJIZyo0LI5SwSK1iYR5dM/9RMpEQhJRgqnc5pQlighVNRRHEIKhSRJiiLLtiIkGUtgFBjsVImQjFUCZBIjG8lEyIltAwjjaZxaZkSkW41auy5qcctmO01mSqGioigEBRlFRNiWIiKKZMjWABWwTGY6IhBAQFDCcraWli0SVFWiKLNhUIkIIYcwmFKKZEUIjFGRCCltkhKBFKFSK0aWQkKS3DJJwCakEiq1Q4CLAgEIpR0hEVFKrYHCJhQIsBQhgSycYLdM4bQllVKmqRlCilKEFJHNFElhY4HTtjM9WWGpSpKCUJiWaYxlsJNmhCTLsqdsIUUEMpmkrVTKGCuQhEkyQ6EIIclyKEKS09lac4akCGNnKiQjFCERkiKkUEiSsJJEtLSkBgVZBiEFIsLORJkNI7AMoQCLzCilJc4mwm3MwJk2pYRQSFFKiZCKm4VBSZJEBM6WTVbpqiKCiAgVZbq1hoRtIYRITLZSSqAoJSIUpUQgFYSEjZVTTp66Wd+VEqUYbANpI5XS2QlIklRKId1AgLFRUSmlqjTT1U4FrCRJKyJCzdgWJISkCLCQkG2hKDIYAkmShIgSNjZutgykjJUtSRHYam2Sk4hQkE61UAEZ46ylRglJkkxIUYJSCxChEqVUkCCKou+6WrtSItuUaQIsVWGnLRQR2WynUXPLKVVEI0opEZJMsw2ShIRthNOKKBGSITMVhXTidAr1fa+iCKWjTZOQJACLIincUkghQUQYArmLKowFUUIIBKSNTRoBtEyTUmA3W3IIiFAoJAhDqTVCwgjSRhICQyALCYylgIh0lii2QYhCICkkESqlFGOnFQorCMKllohoBqmUEpIkULbmtCSJUNgYRUBiDKEStFyPk4xCCkJkc9ohSlcsigDS2bKVUovCthTNzWkMEorAUUtIGAlJRthOKCkKCSLT2UYjkkzLUgnAmVFqRJGd5DiNoIgSEUiSJCjRl5KAnbZNRIBrqUggkFGmkbO5lHBaLhJKUgmUUpxIEmpOhIoSapQSRVKpIYkoJUqtfV+7rutKUYQUqHQqhVKxSymWEmdmDo6ulKjCLQFqqRFh5HREKaWAQ6BQKAzKbIRUSgEQIiQpYhrGNmXX1RKBJEUtRRGCdEoQChVB1FIiSi1RFKW0lsIRNapCxbi1TDsUChGBgSKUzjTYZKoETmNPbUq6eTiRTUhgMiKCIhFFJUIhEKQiSukiFF0tJcAKlVJLqJYaEeAoRUhhKTDCKEotJYoliam1sY1SYMY2ka5dX0tFuNnpUmu2ZqmWGpLlSlUJu6WdmVEC2zahUIDARiKikMY2GJBQVDIjImqRJQWAKYEtABQlZLWcRElwS2drOQWBlJkyBgEWUkREwZbJzBRECIWRmxVCEIHIlsM4GGHZ6ZalFBtwRAE7wY6QM7O1TCXOTGfaWUsFSi1d7R2yRXM6pzYZC2Uz4QhFgImokNmwrTCkQRGAbUHLSQ7CXdf3tUNktmwWqEatpZZSahEBRliGSFJWtpRKhKxo2RCZDlGj2ElmRMmWCSWiKyWNFFIALUcjEQ45s5QSEQLZFhFhJymwooRUu5rG6XQiCQkpDFKEFNhdV4WilBIFY0AIla7KNmBLioINJWxKFBGZGSaKkEJBIGEENthuU4uIUkuJEhGZFgZhYYdozaYphCQRUiHGbCAVCyG3ZtuhkBwSDts1imREREFurZWuQggk2VaiiJxa4ohi5zQO2axSQpratB6nEiW6EqWEJEqEAGwUwnJxJNaU0ziOkpAiwhg7isonfconhTOTCIyjRE6TQ1EDo4h0GksKFIrWWihCOByQGCkUiSWiFGyQoE2ZtklwIIRQEJmpwGkDUlXBmemIEqG+zlQ0TZMgiHTLtErUGrUUQnJg2xaupSrkTEyzUdRaSgSJFFhRSsitJVgOhZsbSanVtu0onYJsGYrM5kxJCimdLS1bUUoUCkLQWrNtK0qAJUiHwqTJUBGeWjNEoURxZnMrUUupinAmkMYtW6ZCgAhIEBgoUZBoaTxNLW0RRRE1jO10ZksLbGOnrRK2EtOsipOQ09mmFBgVoSKi4IwSrSU4okCAQ8pstda+7yHAkkqtVTVK6bpOorXMiDDpNAiSzJYYSQ7JtNYMUSTT2mRbUoRk4RRCSqdNhBwSiiJLWEliKcIgy0YRgSNkg10ikDJbSALbCoEhsJ3ZpmnKhi0BBmWmbSlqCUu2AaFQRISdUrQ2QuBUUIoynTgQEmCnLcjMLCqkAZtskyRFwVIXspuJAOzEYTcn2Fm6EhFVYdGmlpmAJGeTigw4IpwpiUykUhRRcdqZkwlKKRGSohRKFJuQEJKc0KwS6SxCCizT2tSaLcvOWmqJmk4ZhO0gSihqUchpRBClhKDUGqVgQ3BZgZYpIiIwXS1YBEIlOol0giNqiaKiUkIKiYja11JqNRa0lhiFpCilhMi0LWxsBIBUStSu9lFUZIObCVkiCKQoUiklJJBCNQIjRZJyRggTpUYYKFGEII1DMkG2VNba2U5Iu68lapcTtYRVCrYJlVIKmdkyCIsCToOxEYJ0w5ZCdkTUUpFKyGClIkIBztaslCIsgaVQAKB0yipFCW5NihIRJRRhGykzhUWxcmpNlm0MUgStNUw6yYwSIkJK45wcpXYhBSFshISNsVti2UYoonQhyUmoSIZQCCQJYxNSLT0YSUXZkrRUShFIdtQqVCISZBLnNE2ZkiNqOm2HIp0JEREKQKFaSiklSjQ3pVVKoMShkJQ2ToVk2Ta2LcmZRRERJaqFWwpFCEkqVVgQgQ02liQUqhCZk0m3JKmF1kw2O7EUoIhQRCjIzJZk2pDNEYoSJSQaFnJI2JkZFVJpO5NAUimhUAkyIbDBtNbsRFKECCJIIoRCUtJk1SiOqEVGQgC2AiHboRBhGxmQQhIYgmbbUaJ0pQ1TYgjbSCUC7ESS7SQxINkOFVSihiCiFOWEZEuZdmtRQkSjFYXTEEg4gVAJgSIUNtMwYEKy5EwLZ4IAiTAGBFJRSCGnUUhFRRClOFu2VICFDKgwjlNrDdskKFRsTIqQyJa11ghFqVJIku0oJMiyZEwGaliJZRtZXYm0m1PI4aCUGqEyZRvHIdOkJqY2jIoopZYSTjInhxQqirQzm23knBooM9NWUahYCLecIkoRgmmcwlbUGlKEolgmFFHCUqGUqqDWCkLq+ioUSBKilFIIIorU0s60rVLSqSRKqbU4Qki2gQhJhgjAUhRFoFJLLZHOdIpQoTgiZJnmqSXKUrtaS4lCEBElVGoNhRBgOySFFGCMlbIclkIoQiThaWqZEYootpsbaWSMiBpBBOlaigNZiIYlhcK2kAW2JOz1sG7OEgoFwihgaqkI4YQoBaSQZBsC0iIUOCXJmMwSRRE2oBJFRTgVoYgEGqVIEhiTrYWKyFAxjggAOyRCdkoiVBQRVYqIEEEg4UzIWrqIyNYkgzAGDDhba9OUacsCcEQE4cyGZZdSFEQJG4WiCCNFqSUiooQUNVSiSLIlaJldVyzSZEvbIVprQlUlQKFAzQ6HglJK+dRP/sTWpmwtExHpZlNLCXAqAhtsCxEpIsIkBiNwWgLZmVGLLIRlsqUdKKIUKWone2rZ3No0uVFKCTmnRlEoopSQUETQso1TCxGhtDFIaZzO1sDGCFBrGSHZ6SglulIUGofW2hS1ZDYbjKSQHMpEGFAREgJsnM0RkkSECIlMECVKEVGKAzCAUYQk22mLTKnlNLXsok/cWgJd7UqErbFN2ZKQnZlNpKxpGltmiVJK5GSwIiQ17JZ2hmTZdggpjG2HQiIUxqUWKYBSAoURzhDNCSFpyqlNrdYaUTIbISxn2vbklk0lBM7JiogISREiCIOdaQQGADsBnKFICElSqCQOhYUs0gaBcTqliEBRhFLGBoxLRIgoAXLKOE2bplBEjZBoiWSnbUUgZ7MxKnZzyyhVEbaLikrIpBOIGiWKCAJJJRRRJEhLEpIis9lSUSbKxJQSkpwZUkR1WkVBZGbatoHWEhO1ILXWJEkCAYmdmbJS4NYSUSQpIkIhkloiTU6JFCFFAaKEJECoKIQTpZOQkEmsiFq6oKVNlCAgLQWhTLulTArhEGlls3EUCSEVhbFthDJtjGvXYSNCJQTGWChKSVqoKCIEBhwRKGSMUUQAEBEoStg2absoJAhsY+wknQ3bksAYR0BEKFSQDTSapyglwZmBEmPLESEkG0lpIBVCREQI2zaCKLXrajbW6zFqkQzCSCFQKDOxQACiRJGkohrFtm0hKYyxkQkkY0AOgQKV0OgmO1uzQEgKjMAhJAwSIAU2FCHLNrZtYxGZLe1QiIjANs5MS1YJkma3bG3KKMrMaZwwCEsKZGGICKEIQdrZWssWSFHSOU0TiWVF1KjYbllKWApCJjONBWmbDKKUGsZWhJCSFkihzMSWHBEgFUkkJgMhhQI7kcBOqxARgM0VJSIUIsdxkpAiIqKUiCBblAoGMjMU2drQpgAkIKIK7MwxCUkRilICgSJKSGppO7EFiFDIVohAhJ1IQsLOTKcicEbXIdk2aZNCClMSZIcKCJEpQKFAgKSQIiTH5CahKNmaFbOuSgU50xbCmLSZyMyIQHZLRTVubSoqaSOFkCRJ2IlByFCjIE2tSWAajgicBkkWmVlKBQw5pZ0KgbGjVBKLaWwhAGQAZCdka0YEKhGKcNpASKHWLDApIooAQxS1ya1RarQGMiYUUljZGsKtTU4QtdTmnMbBUmttbE20TIuIUqIIHCp2MykFkkqpNRBp97WrXVVCYEMgAypFONsEgRTgloYksZS0aWwCgGYH2AFpRThqiVKdNraJUFGkHZKFnRFFIJhajjkJlYgSRFFLOyk1Sg0RyBEBBoVCUmJP09Sa05IBoaIoUcE1SolqEaUkBiXuJAKnAxQSIRnRWk45iQhF8xRSUUWJUIQogASZLZ1OZ0sbCZACWtq2sQ2ZFmDbTG2KKDXCESq4pYi0hUopsgUZsu101NJ1fVFYTjtKtHHMzAAotjMbSEKSWzMqkoOCJKTAqQhbQBSBIsi0cxSKEkCNUkJpZ0vL2SzZFraQjZ2WBVNmjmlRI2qtEWEppzR2ZpRSa2DZDsmZpEwK2YhMhG0ynSgUhbDtEkJkZkSRiiIkBIZsma2ZiCCN5NJ1EaRdACNsSSbJQpQipBQ1VKIgt2nKdDMtXSIMFhERyHKRUGCpRNRSSgBOEEWacppaw1lKIUIoW0bIIEuilArCbuMkqdYuAgXOFrUGkW6RJdNTm7raIRBRqp1RqsTU0s1RqFHTWT7j0z6l1s5GGAmQAmxJRUgRRQrCGIGkkFqmUDpVZBxS7SppY4NbSoKIGiEpCGFobUqoCgqSbAgp3ZxuqaBEyUySCCwyXUIOCcAIYwijonCAHWkrjIXGqQ3DYBBqrWFnZsumUOlqgCIkKQI7IkIFgyU5WyaJCHCioDkjFFElZWvZEhGKEqUo0q2UQCGFpywRUUtOkyJKDeOWOU0Tdtf3QrZDIQlFKSVKKTWcQs0mW07TBJKUTkUYShRHkQ0SkhwKTJRIJ6GgGJeodhYV46IKloVRBKEiKbAhlHYtitpJUuC0opRSooQiApIMFBEtTSaoRCSEpEAOhWRMlqigCAAJUCmllErIFhZQuiKXlANHBLIi0mmUIBQhhXJqYElCLdMghQgwIElIKsKtpW1JtRanJaSwraKi0nVdIOQ0zhRBjTZZoCJJkpAAouBmTChUJBMFaFOalAuknRAKpSXUdVUoM5EEEcU2ppaqGkVh26RKUSagooiikJ22sYEoRVHkCeSGAhS2my0RIUeRQbYJiUKJQCGhKIGzObNhLCnJIDJUZIRAlIgoEVESS3R9hyJbIkVVlHAigcmW6QRFkaTWJoOxcbY0hKRQ13WEIgJLcjY7M0I4bZG4pbEt4cyExFhRSmTm1MbWElRLSEY1bdsmoxRAUFQcABFRoihQRDpNEoRK0khHRDqBTFraWAqsKUdnA9VSJYViyoZx2rawg2yWTRRBKAzptAmUrYkooajR0rLThKQQVnNONlNGKTgtai1Omh2llCKAKBFBqE3T1DJbpuVgapMkApDtUKkRyII0QVqKGkEgYZWAdIlAcjpChogCxopSAHAo7HS6BBHVSIpSiwwoQs6MEoiWThJHhAI1GylElCIAEbLdnICkxOEgQjJ2YkWRIp3CKGwXIVG7CthGsrBbqEYVaQJEjU4hY4wiahTIzIwiN1sE2F4N68wGIHW1S1JEqcVOsFOEEELgBCFJIQEAkqJItgBZBgIhS5Gm1iJF4pAkCTkTFAJCJWoEwnLYUUIRkokiIG1lpoF0Ri3IzU0KJDsDMlOkEZlySgEQOEmnIkoJEoOgVJUoto2R3DKxIO1SIiKQ2jRN2eyplAoGyMx0IKdba60lWAZjCDAGFJraFEDgNKRQy1SJUIBRRERAqTVBGIAwztYgCEkSJdOmGdtEFAUSgggyXSMAYylqlJbNaQq11kBgEUmWEiHZqhFEQJYQKNMtPbXEhIpwGhkDiWUCSTYlAhk7ota+1lJsQdoZiIJNSNhtclEoIp0hQoGQXGpVQpI2EFKoRBEmmZQhBSBoTtI4EUJYJoMoXbTWaNgWUkSRQsKKUEB0tatd1A4cihBNtHFqUyNkLMm2rOLMIFtKxelai+0IKdWytUxaRg2w5UxjjOxCevIkIYhSKJIopSIZFVCRFIoggay1kABI4MxWVBLT0ukoVbjUUku1DTQnkK2lpKIQLds4TkJOpx2hKd2yhQJalBJFNlGLbdtRKkglsACbUoJQKEoUG5OldM40YE/ZDBE4yZYSpCLkzGYriCgRRQpSlmspAkXN1kQqiltaCgVFZIISK5SZkqxsLaUQOWWmU5SIcGabGmmEpMxMN8th7MRgTy1LLVFxA7mIUqoiJDWDMJaDkJAiMrNlTuNUSjWAFREEzq4WJLu1MSVJRC0RRZFpCaSQVCSFZDVnlFpLqSqSkDE2kkJCAE63NoIcYYwAgUAlFBHNtht2rRUkEVEkpy25q30oalHUSmbaOtg9ZwEqESDcVKJN6bRKqaG0UdjZMgNKV2SlMzNJJJrtTIVKCQhZEUqTObVpms1nUjhJJjeMEUrSmaiWImFJaQWZNgaciSRJkixDFLUpx2GsXRGy04JU6UpIZA4th9Wq77roAkJSSC3TdhGhknZCrYW0MViOpNmSnFiKUGS2UJE0ThOtlVqIsI1tJyZKGGxKqcKtpYRtLLtZlCiZxpZCNjWUVg0gW8qiINOwbAPpRuaE5L5WldJas+1M41JqRFFBdjYjITkTiVQUSmhK25ZCNBrNqVIkpqmJSDehUooEtnFENUkmCqeliGCcJptSS4ixNYFcSnGmMzFp3NUOKadmZ5QSaHKGZFEpFHLK5tZFWAE0O0xmMxK2QTgIwukIYWdLFZVSEkiM3RJZhMG4KFKpBAmQFFIzmZOIWqttIUmZbT0M4zjOZzOVKIq0FRKa2gSUEkI2ChBplCmEnTYAsnBmlBKBCNtOVGitZctSCyjblGhWqiU7hVqbSu0IK7GVWMakRS01szkNuKVKcU5IESWNIkXBxk4QsjNCSLazGakIJKRxGoOoteY0mSSqnc5JUUtIKsittTAJEgbSCimKRI5tctZaQiUzQ8q0lW44UlbUCIclT2Nz2oqQRSiCMM7MUiJC4+QShNSaFSAJ7LTB1K4zmc3QbNkJ1K6TZMiWYCxnNrKWmMamoIvanDYRRQJIJyCUmaBSBOFsKESakNTcSJcIS0LIpOxElso0joqQJBWRCjk9jkOUWmsBtWxCZDqEbbv2XbZmK0RmS1yiTK0FGEURFhZOiwg5nbYgMwFFRERrzdlKCalM2WpE1DKNU0SUUm2yjVKRwk6TCoVClm0jlCAlLSeDJTmJUiWDE9OkSBCEip0KZWu2LQphGQMmQSLUhilCSODadeBxajWKM1NgO1GgUiLlACjB1CyQ0gYrsUJVSiLbSAhCTqzEyKBaitNgDJKx00gBLTMUUaJNObYxIkqE7TZNpXaZE1bpiltLKFEAwE5FESolbCOAzMTYWBRJhLFxlChEyzRWtkRtahFSRECzIkinJGwbhdrYEJkZEbVWUGsTxrZKKaHWWoQyE5NpIIKWtt3VTqE2TYYoJQ3ZFKVERIQzx2kkPZvPM7NlChPhnDItopQAWZCZdillamOolq46p5YmLYfCioIMykzbwrV2hnEYRETEalhHMJvPsaeWVWEshbFtO0UIIxTF6dZaa63va5Q6jS0KgRJkEuN02pIQbqV2CmUipw2S3ZwuXee0sYA0NYrk5kQRqIRbtrFNOdVaJUlECSLcnK1lZi3hFAUbCYlQFZEe0zgT26iWgjRNY9QoRKaNMy2EE5xEKA0glSATFQUk2CqR2SSFSss2jWNItetyaus21Ki11pYpZJpcZFNAIjEOCaRAKsIpk6Sbk5Bbc5QSpQAS0zhlukTB2UhJoRiGqdYoEUKhGN0EEQVnaw2pRJGY0pARxaQSJDtBNgiJnFKl1BKtubUxSkRUyQB2EIhpHBU1KtM4ZUMhmQyT7mZdjhNRZLeWpRQrSZCihpuzGdnp2veyhzbKhAIJbEymrVTraw/K5iiSJClbpiCTEHa21lqrtZbaGWOTMg6BkJU2UmtNIqJgxjaUUkqUbE1RJFqbQFECwChkBzlZqmhso1GJaNky3fV9OjOzSBikli5QutqmCclOTCnFkm3jUChtkGQyMxW1hpwe21hqxSAwBolsKUgsE1FUNE2tZdYISTYoa1TMlFNrLiVEqFCi4kRgmu3MQLWrE/YwuahElSzADNPk1kqpqoEh7cwmulLszHSEpEhMepoypKgRaGwTGEGqlKIg09M4lRKGsFQlwhhBunzap34iVu1KUWltaplYtqNEhKZhnFqrtYCdRJCTwZKCsACFgqJaOkwIhSRsY6tEiYqEILEEZFpSjUBSAFGkKTMUFjk1MARAOptbpqQagayIUotNKBRdiZSUThvs2WzezWobErJ2JVsLy3YpVaHMBBsQdo5Tm1pzpm2bqmKDU8JSZiuSikopAFgiVKLICBNSOgNFFERrLTFYEqWEM6IQOKKEJCGusJytja0xZZQopSiiSCWKnaXUIBQySCq1SCoRotgYMhM7QiCTmZ5aE252a2NmDtOkiBIhlM5irAQikDRlwxjn1JCcTYrmab0eQkQEEZlNJiJEohoRKp4mC0cJpxGKkElRJCmUtjy1HKfRZspGQohMsBRICJsoUVSEjZEjAkXaQWDsVKhEISJqYNeuhCIzA0kYt5bpjCgKBVIpmSll2i3HnKbmFLQ2CUxiSg23VmoRAoSFcmpYJUJSggiCzFRiUUIRxZDZZDKbbay+1ighyGwt005jjIRCoXCmRIRUwklgcCiEsk0TLlEthwM5x1FSSEkqZMBpCIUUGEROo0VLS64qEUiiSApBKYEKmRZO26mUpSjFNulSOkWEwplgrFKKJMGUrbUJi0JXCkZGESGp1hphNOUkE2CBLRFR7JSNhFEAtGyApGxtssnElIjEmVaEIrJNglC0aWxpMCYzZZVQKSWdmQQiDImCRAiRZCgiaroleJoSSdg403JVAUuk3aaWpBSIEkIggVBOY5vaVEvgJAAQALKNoJQiBEKyDYSKnSVKRMlMYQwhRWBjVKJYJkUoVBSSIIUiokQFShQpaGmpSBiTIGSbyW1WeiBJKSTLQBKSotYqlHaRVAIrCk4khYTCTqfJbFOzCQFWKRI0pySIiCiBEIpapqmlM6TMtCSytZQUIYykdOKcxkkREQKyeWpTRMiyDYkUUqgohBAWKiqC5mxTGiRFKW4tnQphEMattQjVUqUAIUeo1i5bTuOIJEJyKAxAQYownsYpxwRjTW1wJpgQJjNbNmdmNlombiZCUYqAUMolQgghhVsS0XWdcSmyZcuQbXLLDEopEQU7M4mIKAoJJEUpCkUJoag1ItJguq7WUoqkkHFrE4ooYeeUzSaKQoGJUghMAM5mESolFJQISc5mp0uNWquiKAIjiAALA25twiBHqO9rKSUUIAkFoVqrcsoIFxUpFATVTilaTk4rIhQKKXC61mJJEKWLKJKVTOmIiAg7nVDAKRXVktmwMRFCwhaySOfYmm1JUzbcIroogR1RSAQtE4FDJWyDsSRMJs5MO2vtLDJTAbZtSQBYUgmlXEpNo0KoSBI4XWvJTDuFEEpb2LYTo1BEtGytZYkoUcFCtValVESo2TIRslGEIgg5adk8ZcvEkkyUCEoEokhGNhFCslFRV7uICFSKLFRKesp0LRWnUa211kgrsXMSESVkoYRILKmWEpJtB86GJNJkEAoAG0hFSGRaGGSjiFpDIZCIUgrQpimTqLSp2UREKRGWAnURlmXbmc1ppCggBShKNrDtyLSECk7hhEgPEAYlAIpQqIYxUyKMJQnSiUQQApOZEopSQlJXiiypRGsTpna1NQeKGtnSbWqZzlSpIU2ZCRFRKBI2CjJTJQBnQwITERF2qlSFQoqQLGSDjI0kLMuSJjdnonCSpCJAZCIhdTUolbBQGEwtgdQyMUWilIPDo2kckGotXddhmhsJ4MxMW0gESjskSa21aUrZYCQFZIaUuOVUojrJTAkIQ5umkJBVwi0zWymlqxUkFCHboAgJJUgCtTY5nZmhKJ/ySZ9YQhGltSYotZgokm0JS60ltlSMJefkxJkNi8CZpYRwZuIEgaY2talZKioSOU1TZhq15rBQKAAFNiazteaplBoRiAiFgMChGhiwFM4EJFmAQ7ZBwmS6dl0oWksVSZEtsRUyGCRJkmIaR9kSigiFDUFfihQGI4TTUSMIQKKUgEgbk7btEiFkJ5IUksZpFCpVTsuyBJIAlNiAQ8qWEIAEJbAUKgQStkoAltPZpgyp1JLN2Ok0AjstbKlISKTTjhKhUGJRI7rag5sdwiKICFm01prTadsJJYqiKDDUUkrtVRDklCFZOQyTcYmCJFFrCRWglCKMIwRBKBoZCkVkayFFRBpsIYUsR0S2hgzklLYD2QFGKiKKEEhCoZBQWgLLiohAQkGmImopuDkdRTk20xQVWajU0pWu1giFImrXOVNCESUCUMhmPQ5SIUhnZtqAJUkoVEpJ2zZpo0TgooiuyhhFESqBVJSNgOhKKQU7M52GULggh5y0Nk2tIYVUimRFCURrmZNbm5zCwg4JCXucplJCEZmtRIlQRIRq2ukUCBDgvvaWlDY5TS2dtXYqdKqqJUQaIQMS2NjOZoNLREQURYlaSkmwSTdsp4EapXaVEEmJoohQZGZESaedNmlDCEnOtJuRiTAOlYgIKXG2NrV0Zleqg2xpuShK6UotmRgLogRGUYUTlwhCpJubsEHpEIooKsiAUgZFqETgUmtEUSCwIQQmDVKUKCGJUoKSbTJgjCJCCLu1bG5FYZjGqetqjSCiKAxpFApkgY1BQpJCtZQSISU4m0TX9TbOjFIE6SYkMWXKEYEsBwEJbomEGIYRJUQoSIASoJBsyJbOFiUkScJp3KYpaldKUShKCQWQkxWB0xAIqaURpYQiSglFtNZKRJRS+14IG4RMCCsxttNgqUSQLcERYQKMBAJna1JBysx0ZrrlRKISAUA6jSQZnI5QqVUhkwWpq25u2Uotiui6LkI2KEuUEBkKe8oEKbBB1Nq1Nk5T1lIzm52ZJt1aRimIIqQg3TCGNEHLJG3nmOmWMgLbRAiEI1RqrbWEAii12I6IABQRKqWEQiHjWgLA1BKlVmWm1KaptQyFFDJStJZCEQoJZFlWUbQcbaNSpOZsadsWkowtl5BCRrKFMSgyG1KUMIRUay0RUtgeh7VAUmuZTttGKlGjNjdZyKFAhFCJEqUlUYsckE4iIkIKhTCSovQlEAaTbiIyW0iYEqWWTsWtOUKKsFNQaheSM50OhaLWooho2ZAkt9ZCpdYw4BYhQrJt3LCszGGculpK1BJFocTOJlRKGIMMEYEsIF2i2kZIEQpJmGwNOVS4wo5aShRwSwtFV0DOFlEsokhWtiYJRZQqyZYEZhoHcO1qjUCEIhSlqxgMUpuytSmiICSKComdCkWpCpyZiQQREm45umGypexQSNgoyLSkkLIlEFEUYGRFREvb1Fqz2W44mpPmBAQRJSJtgU0zAkmQigKAulqlSFxKtJYJAiEUUeSpGZUSIaVdVNK2LSg1SkQUGbIlsqKITIJMBCGZkJEiASFlS0RAGkshCRFks8KhoghZ6VGmlCBtqCUMrU1AiQpOO0oRsq0IoIRqqVYoVBUlAgMOCgJkwEZ0pSpEg8DpNCFKLYK0KWCwA2ErqiRsLNJ2SmA5GyiE7Ew3UpLTtltmV4pDrbW+1tJ3ERIowplOMEZ2KkJIYBsBEk63zDSGsDSs1oqQooSEJE/TkHaUINOZwzjadF21cFpSOFxkW8a2pFBERIlwOgKJZkrIuEjlUz7xEyKCEAhjqUgK1VIbGUmpBYxUohhbSDidMthJcwKSSoRFelIJEUVSUcvMtKQiRYlMhG0TEkohU6SI6rQzQzKRdrZpcna1lIhU4kzjUI1iQ9oyigilna3ZZObUphJRuuJmB0WhEhFKSCe4KlRCiigKRSlFckuQ7DQEIQmBNOUUklQyM2SbQBIIk4AQwmnZUaJQotSoMbUUtklbQDib044aYElRKliQrTUbGyARak5nRokooQhh24pwZmYCEbWELDkzRSlypltSSgGi2LYlAZrGplrBbWqEatQapdQAFEiSIqRSAkIowTQpSBWBRBiIKHY2t1DBHoZx8th1fSGSFIoSbZoyrVJqKRhEhBRqzWAkUCCVINycQnZKUoRbSynSKSRZINlym1pkIOMQKEpIgKQSWAqX0gnGaQwVFZWoEkiSai2gZiSc6UnpDEkiIqQQGDJTJULU6CzbhCIgAVGkUKFI0jiOCkRFliQMKITc7DZOU06KUMgGWwR2UXWkIEoppQhLsoUUpUgWKLBTRJRw85SjW4uIiCrAKWQhBeA0JiJsNZqQKkpH6UpRKQFIEYrMbDlmOkpILqViwJJKCSuQJDkbCkSCWxKUKArZzTZ2RISEwtlay4hQRJtaKmupURQRmCAsai1CtiUFaRFSlCJJhlJKRECUKgUR2VrLqStVEbYVyEobO1QUiqJsmXYtFVAJRbEbqESoaGo5tbGNSchOO7Fwa9kkFQUlhAFjJGwbG5uWE4BNiXRKCCEAlbAtFKEpE7tEiQgQZDYAgSQFRmQ2m8xaotbOkt3aZBVyyqm1iKISYONAtiTJymYJgMwaoSgIt1yNg51IUSQUqpJtFBFgpBJgoRJRioRAmS2zyS5RaikqsoyEjSSHII2dEi1TBG6tZbohZEmSVLqCmdoUqJZwks6IKBHOJsIGGwIMFoLEIlRrjVolYRtnIikiwFIInG2apmmaQiUiQgiVUkop6YyQW0qhUDZLWKpRQkLGkgRIpZZChKKEkFRqKbV2pTTbUilBKKIUBBYRotl2qxFRCrakaWqQEVEiIJqb7ZapkCRJtm0QKsqpYadRkKls05SWaGMzam1SBEEpgdRaa62ViKjFzqKwERFBGiERUYgSEkUVcmoNq3SllhoRQpk5tYk0Ugm1nJyKQCoKQiWzLVdryZZKqQkhsjWJKEWmMUlhGxKFnaHoug5Fm0aEbWOQQk6nM22nFYBsp22QZFsRBklRVEJOIkIlSGNblFBIdiKVWrpaCDmxETbOzIgSUcyUiSIiYkrjRIRCEZlJOrFt2+l0Q4FNtgQkY5yEImoBI7ATBClsIkopxU5FSJHQ1WrZzZlZaw0paaV0aU/TFAiBFBHYzgY2AoQooQhBrZ1QZmLc0k6k1lprU4lSIqKUkEg3JyqCzJRRFAFIyPaYqbSxCIpKkVG25rRtIdmEZEXI6YgIoQhwqVUmnXZGKbIlZRIRtVQ77USAiiglTGYaHFFCqARCQSHGacLptCEEJm0FtZSIwCYkgYgIlUqmogghABEUyS61qoFAKESiWhSWkASyU0URhAqhNk4tM0qxIRuQ2E0KnJhQCCOFihRkolCUIETatrhMQOIklCmMcIIgapQIRWRrFqTBQiqSsG0jiBAWOBQREBGyFGBDhLBLFBcCpkyE08JSWNhgnFOUGlGGYVSoLxGqTk/jJBERKsWkII1AaGTKliE5bCM7SpGZ2lhrrbXa0zg1JGdKpYhaaoKdiL7vIsJpiSglQnaGHFEtk2nSGEcERkYljFSiBJRP+dRPNshGYIMlwAKniSg1csqWkC2KbINKiQgVikQtNRSZUwpjKIEiVKhpOxOZiAAVWUbCCikNLSMiFAQKsrVmS+lEUEoBiygUkIJsmJRAspExGSpRFBG1hkoURVoRwliElI0InBZEVxXR2pAtoxRkpxCCqIV0cwsxTo2gK93UJgTY6YiiUhpuU5OlCCEhkwZj4xJFSEgRIZxGDodtSREhwDISKlHSFkZhZ60lQ6QjIoi0c5oiitMt05mgrusVpBQGpx1kFkWU4rSDEuE0OGoEBaVENlPpFKpVoqiUUo2MkZASObOUElKJjlApilKFIgoYe5paKCLUnEAoulLGHDNDJt1s1a7UkBTTNI3jiGTnNDTVqKrpDKkoWgobudYSpZRSQJLSmS0l2c6WyBbFUoSQbeNsObUmIgIgM8kkhEoA2MJOIoqVUma2aQxHy2yenFlqlChggaIUKF2RiIhGKjFNktPYCDBWiJaOUhQBxplpSyIlSdXZLEVRUcE0J8KAcFgoJBQm2+hShCgRJaKUQoQoUqRtXGuttUZUSxFqbUoUNTB2FikziSgKIrK1QFJIjlJKlGxpI5P2NI1pR1RCgRSBZCGH7XTaRGADKsjOUkqpFQmnDTjTUSKbk5QloQBomYKIggIboyCilFolpzFpSThKlVEUKXA2JwijopyacQROI+G0jWjZEoOb3casXa212tRQS9EaIjMxhlI0jhN2CY3D4FSpJTNtApdapbQticwIRchyV2soFMopQcVECTdTiqBEkZTNjdaGVopKrYBbSwAsi4hQlALOzDRFKCRpSrep2VYUIXApVUqbKCEjyRAWkpShQBgQUgiMa0REse1MO5EiagQWaSd2yyilFg3DNKyGdEMBxi6lRJFDIjLJnBQhLFIR2G1qtetLCUkqCkmEISSnjY1rKaVWldqmUUWyo0TLNNRSSg0ZhaTITJuIAoBCkoRRSFGiqKC029QkRWhKK1RKkTBEhBS2Q8p0pkvpkNo0IWdLwLYUTqtKyJmKAkQoSsFGCEopU2tkIjIlWwoum9qEiChIpZZSK3LLNmU6LZEGGykkGQM2JhDYtpszW3NaBGptmrL1tQohJGqpEXI6W45twi6lRISCUGRmy4bTiUlMqYFtAypFpYabVYgoxrLSLVtmJiKksbXMVDikVMhk2tlAEYooEk7bKanWrkRYmVNaIVGiGiCRUKQTY5nmiJBCwnbLzDYJJBnA9tTsIrVspXZRShAW2Ty11mylAUUIRKynKSJKKQGSZAghIgIkBZeFhBTGtqGWIsl2tiy1KiKEJMlFQUQIT5khQylFEW1q6UmE7WwtMS0dDoelEMjZQCEhDOFMY0UtQSlFUkgyaROKUJQaEciUwGS2IiXpNqXJcUy7lGIUIUUkWaKUiBKhCEsYO6UwiXFQFAq1KdNICIwkJEXUqiCwwQjUFYkoVbVEFAkCZ7aWhDAAmc3ZpgyV2tVSwpJELdVky0yQZUwUcOJSQgihUE4NiXSJosCpKBERBRllTpkO4UypCksyCtTaNGWzHUVpmKyisEMls7WWkhQRUSJcIlrDBgmBJWUap2uJTCskFAJhqyhUA+NMJGyLKAWciZRCNkWKUqSIUETI2BQVBSFbkmVnKaFSSkQ63ZoiJKmEaYXiFCBsQyikWmvLpoiiCBXLNqUUnEYKhYpCqkFiKSJKVElRIiSXUiMkVUXUEqopcBJAaW2ynZlRSqmycEukEpKK09lSEgg5ImopBltOI9USEYUo6VYVSCAJFJKKhCXShCKEQ9FImZysYptSAtspSaGwKZ/xaZ+SmQlhE7WWkrabx2GVNtgJWMiSFDm1ruuDUAiTRQoJptaEMlPyNE5TayoKiAiE0i2diZCiGJCxkW0ZSyJKSG4uIUGpNUrBUpBym5owtsIt04AM2JSglCrJSGBoLaMWO3MYx6kp0o3o5HRma2Nrdo1aSgEJItScJSKEmyUUpQSk07RpykxEKJpbQK1VoZCciWy7IAiJCNkGY0uhGgano5YAkSqRCQESTuOIolBmm5prhIRxKCSATKdbhBQlp1ZLtMxskyANmaXWqBEqCkTFGSERSFGilmJnenKqdp2sKSeLxGCnId0yTImCbCMJZ7NxQ0QJUGujbSFJQJQSkE4IgSSJAEUBp21nOhVRu65ElKgKQArhNJaEkYpKkCiKRNpO23ZmhGxCYTyOEzZCIbAksFsGEaUYjEtECWUau0QRZcopWyLNulnLqdaiiFIisSRJEZIkyWmLoJCZKIgEnCCQwDgxLWstkmwbQhLYYJUaWBElKJYNZIZCgTOzNTuxJEhHFyJyaq01RC0V22SUCEko3WwUBAGWFEWhAFpr6axRQrKIiBJCMkAImjPdjIUkWstApYSdTlsoMzOdmel0KyVCMY5TFCtKhBQSMikbVGoXKE1rU5smUN9XXJRubgoJkU6nsyFQZJuQSKtGUGxna4TcEhwh0i0tGRAmFI4oihAoDZmgrusEwlFwM4YQpuUENmqtKWJoY1dq1FJLKRElQkVSIJUIqTidzYKo4VRrTQrZTlpmtiZFKWFnSLUW2SlHlDY1oERBRoCF0mnSpkRR4EROS7WWgiQUiqh2gkMlJKBURS2gCCGHQgpQhA1SYBAiMMKgKIEoIUNrIwoZg7CNBDZYIUURICLCECIBY5y2LMKKKBFCCkKhEiEltg0pRaYVQpKwFKGigpna2KYJSabUTpKkkCyqopHT1CSkEgLhBJxpMEonNm4tSjGAAUXUKF0pKspEUmuttSlzMgpFSCqSwnYtxchOJ2lHkVSMhYEknaRbpkPh1DiOpStItiJwJtkMSIFqRCmlRgU7E5WiUAgwspHoug4p0wFIArBNYiQBihIOlVDUUrraqRaSbE3CJElmhkrpqoRtAIxcSlUEcqZLDSERyJKwWkuwVNxSiLSNZamUUogIEFFqFyrGdhpK1K6rkkDOpkBRIpQtcYZKkm7YEFGCtCOEEYQkIk1ICgVYFgJKFCRBpuWIEhEhUBFpk0BODQwGdbUowmCIEjUiJETaCtGcduYkMGSj5QSSQUgRJey0UaioRERINnZGVKSCmk2oligRRWExjoObpQipOUFdraUUiAApQiECmiQpEDjSCRlRFMKEIp0SpZRAWBJuQAqQLAEq0ZVqCTcgyTYlhrSd4zS15patBNhGhIqEDERRGqUVGAlL1CggoSRzaqECtExhKTKRLQwhokSpJVAIpFJqMUjUKFKkPU1ThDBtanaGgogSAUbqIrJhkMnW0tgplE4koIQEzdmytZahiCghkJrTIAs5MxW11nDD2SwCSaBQBCCTMI1Ttsy0ndi2A5UijDNtRxSFZEKSapRIt5CIgjNqkQjJKWGbTJcStrONyFKkQbaxHREShkwsREoRUWRwKhvRlVJaaxhSDmVmQYSMiAjkTENIgnTaKUVREIFSSHJECBQhmxImSdtJRCkRVmaznFNit5bNGVEiSqnFThEmsSOKRZQSpYRA2LYUqChqX5HIrDWiFLCI2tUIYVSiliLZVomicEJLIxUJY9wySSKidBGlCrVsYCwnVgqVT/2UT60iClZka0gimhOKJExzE6qlKlxUJKKUxCEREsZOe9Z3iihRIyilK8Q4jSCFpIgITCmBjQI5iBKSCqQtBcItM0IR0eyWbZpGZ0I6GacxrFJKSJJCkelaO5UQQFgKO4MaIYWzFaFSW7OsKGEpQhAtW4moXZVAytYmt1IiCKGIQMhWKW1qqgoxpQOpRk4NQZQigdM5pWUhSoRKkDlNbRwnbCRnyjIEysxpYppGQSkBmlqWWnAaIwFRAttWqSFsaK1JESUEU2uZLhFYmdQaUaoinTQ3BWo2mYRMtpSMcDpKrVFEQca2JSCQSSMJEaFsNE+YlpPTUlGgKEEgFZUkUQlwmgBnlEJEqFgKSBuMXWpXu1qiBihkk+l0q6VmGwGV6LoqsFszzgYulBTCJUopFYRtmKZBUWstgbCQJCQpFBEi2jS0aZwsZ4YkxdjGIpVaLUsBRkQUEBFhkGycRmSmhGCaJpwIsIRKgBUhrIhS6tRaG8epZSBDOkupEbKxUhFRopQik6QIIoCQIkqJgjAOCTstCWc6CUEUZ2KXWkORthA4SokSmSYNIlSilggHpDKbhJGdAcahYoiIEFFCUinKtMGZIRlsG5CxS0SiELVUocyWyTg1MlvLtENCwi2jhFRqoEAGQDVKrZEAiiBbtmlqLQWlq6QkkvTUVKokKaVwhGxLtdQSBTCO0kkCSRBSiS5qQmsZ0tSm1lISqCqi1CgRUSKiU02y1i4kg6WIEJcZbOPmHLN1tS8RY8uoKqVkywhFVMm2CJDalOkMoijSLSIUInEzkJmBVCIsZ8tMRUSUqTU3WdlsSxjZoZAkQQGrjZPkqopBso1zakloHEawUDolIkrSMEJShCiqUrTMcDZMEBSkkGRauoRKqYRqIEpIRpKEkUpIUrZEkgrQ2mSRbiJs2jCN01RLJ2gtS8gCKdN2GqqidlWBLCQCZxpLymyCWgPUWpMcIWPsUrqQPOU0ZboJYULUviM9ZQNhBbYdCqSCVJQJ9jRNhLGAElG6GkWZbuMUkiScApmpWaAICUKlFE+ZTpAISeAopdaSKq01Z07ZbEIISi1CQK1FERiFTdgZKCJaEhG1lMzmzCjVktMKotRmkzmM6xARSpPZQqp9DWyrdpV0EFKEiJAUxqHiNOFCGJnMNBBYUpMzUxBRSpGQpFBEieZMu0Y4BIpASCgzDUGYlklziygRgbFtXCRL2FiZLQjVEiJKCGVmOqWQpJAtCVuZU6klSg2YMtvYWk5ItRRE1KhlFrjhiNJaSoRJZ7MlnGSbUJRQy5YtgVLUMiWQSinGpKfWIkKScYiptYgQImQ7MyMkVGrYNrTJJdT3nQoqtaqUEgAiIowjMGVqA+kSgS2ROWFjEUHSaFJIst3cwC0TnG44CNk5K9UgikSUsHGTcTqNkEupCNuBbIcK4GwWMoJMsJtbqIScYDNOI6FSChhAhCQpFEBmm3J0SkXYxgaEFHaTJKMoCgxOk2kkSUWYKFFrEVgSGIwzW6YNJWScOBNBUaiUbOlMUIRqjZYWyrShKNKZLSOi76oQMqEaZWpOXEsYhcJ2a1MICyJqCUshRQkQqNZSumJDWoGiIGfLlmksg0y6TZkGEinT6aYooQAMUmlubjZpy7ZCtm1kWyGFM1E059QyQojMlIgSSGQqwuCWLZtbJi5REOM4tZYSJUprzS1rKRFhSJO2DBHOFAK7uetKiZCYWrMdRbYU1FqcjgBRVRS2lVNGqEZEhDMzE7tE1ChAy2aAyGxA2qEw2VrablNKiEBhUjLNMhJCLTNtWk5tAkcRiRTY4zTadLUqLIVF+bRP+8RMT62RqCgA0VrrZz2yFJIiqopsY1tky3QqSYwVIYyhjVPSTAAOSMC2FZJCIUWkLCNAAlKAAqVbpg21FAjkiNJ3HRGAAKg1Su2MpVAhLFsoSSkENLug5sTOzGZKKSVEUSgATNQQYNmeppY5NVSLkCIC5MA2ti2CIkkRURQKJAVIYeNpnCLCmZiIiCJBZlIkWSgiQkythVAoSrWbTa0lomRrQAhJRiUiUIIiJCMZMtNQohRpahkh1RIYhWmSkGhOwHZaci0lpMRk2jaeplYibANGCpVSmrNESKWWopDTKBwtM1saM01T1KilkmQ2QKHMRCkFWCoh2SCQhRDYoRBSIASJJAlCZCYRIkompQiCsByEIkpBiQiHRSmZk5BCEhGlFJVSFEiSACk9Tc2ZU8tpnFKSUxG1FgunVYstmiXbbmkkgRKKMhM3G6RSarZsdleKFOoiW6NEoZYSoZCEEUQpJUqzo0SpBUuhIiyqAnBLIEpRyJmtpWmKEMWkkLAsQlEiikJlckvTSSoiSiCLGoWIdMNZSpGxjBQRCEluadtCEU4byxgLCIUghISESkQoFKpRApmUlRGl67qoVaiWYmfLTOyWEaDI1oxNRolQKaFaiwgwNgrkiGJLEV0pEUGE7VJLqZ1ROkNRBJQISQ7CcsiSSgSQeBrGTBQAQpIURWjMaRpHFEWhoJTAYJeIlpk5hXFIioiIoDW3nORQgAWoIBVFyIQjStguJWoUGyQUIAkniKBM2WzXKBZYEhGRrdWuAzIT2YRJBYqiIoWcKYEdSGgax5YuRSqhkCwpIiIBDFKJbC0iotRpmkqon81SicEkFqI1okLaSiwkiZCcKAAkxOTM5szmdEBODQJZkjBECSHSth0CBI4I26UUISSbrqulBpIkSVGrHKqIKKVEBNBaTq1hJMmM00BSapWEApxGEhAl0kCCEpucxrHru1J7ySWCEMZtqn0ttdba1VpLRLNtJEUptrMlAWkFkiTZxgCGUFjYKqKUGhFEFJFpiai1lBKhiGK7tURyy3TaxgbbGI9tAgIpJKvliFVKkFatpRabtBEECpVSnW7ZutoHmEyck7uuJoqQIiJCYCJCsiwykxCWhUxXa6aRJjchCexSQkSzo0RRgC2VUoDMBJCRszlbllqKAmdmpjGJCIVCaWOHFJJCiii1lhKJJHCYdNo40+kmSwIyFE0WilJEtilrH9ksKUljgUDRlQgJB7PaD20UUkS2FqBSFKRTtgOkGiLkzEwrVLu+RImiFKUUp3GzoqtVCRIoW1NERJSoznQ6MwMUBaxQG5sKKJwWkdkMBmfazrRwGntqYxqHQqFEObUSxbKMyVAFt5bGXVQUhubERISEGwCBMRASBEqBLWOkUqKUTrJCbs1kKSUkW5KiyDaQzRKqRVYYB6EgLEd0tetrZrbmTFvOKSO6WqqTlmObLCSF5HGcsBUhAHJoCqlKkpAkIBRp2xlRjN2aodYuhEJECZUgSgmAIrdmXGoVilIIZbNKGEsqpUiKiFLCZsp0A2xjJ7YBW1GiSChq6bquCCMhBUIgBAXZU2vZmiVFOFspVdDSERIlsZ2C2vUlYsoGti0RClSQ3RIyJOQkQxFR7OYEERFTTiHAJQICICRkEEgy2CmpqiAFkux0RABRShpIE6WEjTNDIRG1RBgroqjWKNEySbfWMLXWiM6kKCGQhKdmFUUpgaJEOg3OHIZBERFh1FpLYye2FCU0tYYjpJBAZGtkEASZiclMBCoGYWMniFAoQqCIaRozEzuilK5CGCR0dHABAuc4TnbWbhZFhVhPY4RCSmcQmQ6JYFwPpash0iKFGmARhHGJEkVYrbVxGiNCVimRRgQ4PSXZRd8yUYrIbEIJiKJAgW1lTq2oKGRsyzI4CKTMJLP0HXZmKoRl21OqLzlMQNeVqVlCEThba6Ur4UinrdYmoKudBGKachonlLP5nEZma7jUEggJIcvp9ITkllGKIKIY7JRkjFCSmSCVkExKeEzLDRWnkaOUiCCN3KbEVgkk2zlNighFs7taQmoGp5CzNVmWMyMiSjHKNkUJNycWAgRIAUnaZGaUUBTSrbXSFZoxkInsVkunoJQu25h2KNI4W3NmIkUIhbI1SQk1hINwiWhpYSPhtJ2UWsAtXVBz2hYYMFECIWMrAiRnYiHIdESIqbUoUdGUDqm1kQibCNkqEkE2I2zbiW1TSjXplolDkc5ATQ5CkpxIIgxJK0SagMQhIU3jqFqqwlJBTTgnkBQAJmrgtOXMWkumJbXMbK2UUiKcNDdJlgNNrclEKcbZMu0SSiOcthRdKYBCVshphO00ICFodtoyJaqCxNihkGRB5jBM6VZKhBSlhJQG07KBsCUgkiYkRYkgSCM7pDR2ZppwjZppt4wamWmnCMK4lEqbjNMKAcKZUiCFZCUQhO1srdQKWq/XmVlK1NpJArslVSVKy2xTA9cSUAwFWZ6mKW1whEQBQQKS0mQ2QYmScqAoMU3pbJJkq9RSSmvT1FqtRSpgGQWZtgFHlMwcxqErJUolW5rEoRAGpRwRQsN6HaEoNWxKIY0cqs2tTS0iSg3Stm1sLDuzqx3Ytk2EFGSzIdtkQ0QQETKUotbSBrmUgsPO9IREs0KlVJBgbCNSjRjWo6pE1NCUkFm7mplTa6UUZzozohCS3ZyR4XAoEC1TEoAdJbBDoYjMdCYosyEhOVtEFbYQYVlJkpmOiBIhYSR7as0gG6m1VEgmqjCZKBCA0saUGmnLNoSKTWtDlFIkCzsgMa017FILKBTp1lpGUVGgsLNlkkhSyGCoyCZlZ1uv1mlvbG7IhgjR0thRO5EGY1mWnJNTpVa7KZSZTtsupbbWnK3UIoVKIRMBkrAty7JSU7YIhZQJeHJKqiWksDObQ0JKt1qqyWxYCJPZklJLQMt0unkC1dIJ7IYCI8kylp2h4kgRgtbSmaBSJcXUWkjY2NHVophsbNxwJMaKUMqMrXZdy0y3QhACSxqGsXZdm5rTBLXUCNkGo5JtihqkTBYpFW0ckbpa7GxNuNmUKlRkOSANSBHFrWVOLU3XFSwkO6VQIAtpHAdAEonDEeG0W0ZXsDJTZGY6I6oUIUmBUsaZDmlqrYQcisRiypYtu66ESraJqG7NTqHadQB2kraMI2QjG9lJ1ArGSNGmsdklSkgAAWDjKQlbxhGoZZZasBS01lqbpNL3nbNJWOEpQQQCJDuzJShKSM5moNTappZuXekQU5tAXS22pjZmGpChUBxRSssmnICRglCVDC0zJGOjAAzCmWO2WmqJcLOxsZAxAhQEuLkZuihpWrbMDCmktDGlKBNDFIVKZiLJtq1AKG2ECLemQKXaiTGUkG0bp4GEqnDYiaSAJJFwQKYNKYXTGIeLquwE5IjIKZEVEqW1sZa+5ZSZWChDNYoERi0TO4KIEJqcJaI1RyjAFkEJOd3S6RQgQNiQOKIrSixs5ESSbQXQ0iIBlcixpTOiKBSlBBimcZra2NWCQhEybp5oJQqm5TQNYzebky1qyZYhgaxsLSNKoOaGoxYpSuaUdkRMLYsgIsAoW8uWpUapFXBztowQ0jAMCqUtqYSw7GYIleYGKiVkWjoCEKZ86id/ckBrWaPUrsPGmXYJ2SoKicsEaai1timBEiWV0zDJyKQTlTau25SAAIhSwMYhFNgpFKoIIKKEMaiUkEoUAiGFSGeaiMyMErVUDDYgyemUMTKCtCGIwE1pRKkVhVItR9uKQCqKFEK2ZasUyZaRcKZdIkBpW0maRCEAnHZrEwhAQhSFg9aa007LAGkURUXYThCJBTYAJFKphbRBUZAFihDYiYQAlxrZcmwtQhjLaWoUhRQBihqSRWDSLhEqgRCCnDKdiVVKLSEndjqxAeNMkCyF04mdLROQbStDBauUQli2QoGEIiSICImpNbdEISttOSWcpjmxnQqVqBI1SkQRki3RWktnthQQCkGE7ZYuoigmOwISgyGESgWnnWk7pQgp2yRFUZRSShRFSLLclRpRS5SQsdNINYKWKUoJ0jllhgqAXBQRpdaCZERmNksStGxuKbAhMTbKTFARdmQ2YwRYhEBSKAARYEI1IkolbVNKlBI5uWW2qUWVm50mENiZwkZgG2PZWNAywUkGSjsiFCEZFSdgpyGlUBVIJSRKhCTbxrbDpNMhhQOQAkQYIA3p1iYiSokQSBElMptxRFck49Yadq0FJNu2bSKUBhv6rtqUEgiBQ0KZjVQpEsLKNhlnumWCQ5JCIRBOIhRhSXZBiHQKG+U4KYTCOLHTIZmIIJGa7WYYxsGm66pCcjSPEVGitNbSTrsgiXSmHYCRsIUtoAS2IlTklpkNiCpZiLQDpTNbZmbXd23Kli2khGaTBoQiwsaeWmY6sxlSGETz2JqzRSkkUkglaU4yWzpBRTVKYAlsBOYyA5RSSolMI8lOWwTFEUFIEdjZEjlUQrQkaWERAM0pCWgtFYooBIBAZsopIgTYBoTAaYkgiHA246IaRSVqhMCZrqULlQhJEVGA1hpGJUpgSolwQMoQUigkpuYAY0NEUVGhWLgZWwpkpCghJGGhkAhAoa7rS6gZyZmJUJHdjBC205npWmvta5tGYwyKIiGVGiUEQhHC4ExJJYoTTGZLO6JEKNPGzkSAAzINwondZNskdhMBDgnUWrNtrJAoKqiUgJZNyOkooShgIbAUCrWxSVKJiJAoUUKkUTozjVXqOI1OR4hMK0oUybZLDSUtM2qJEOkpG0aiZSIZSVYoCIUAIQxYRbKM5UAIhDJda23N6QZEFxFFaMopEE5FSMgQklRUSi3Gmbad2bCctmwQlFpbNiVRSnMDOY0ThW1LtSsIARhj29g2UikxTVOJsExzSEFIShAKScU2hJBFZKYQzlCElJktbYuQW4KilDSApFpK2oiIYizT2pShWjqngaghY9t2hLra1a4EcuY0pQwRYONxGGtXILJNaUsWgQBkTTmBbASKyGzT1BBRwkIGCYMZ2uhMhQKljSkhB6CAgEwLDK1NEIqoKkHJnCY3IKKoykIZKgjZbpkh7FS6lNKVCihCEZmOiJZpGxkwlmS3KVu2LCWAUkISga1AUUPIJrCNM5GkKEUE2AYJGyMJBUKkcaIoKlbKAUQJISmMgMwWETllKbWrhaI2TaVEjWJsWdbYJjslFBEqLZVtQhEROFtricNCZGabmsKFSOc0TNkSIoQUERhLgQLZgBG2mwEkCUkWpNN2ZmuZU2uZjVJKUbg5ySknGRGSM1EgCIXxMA42ksiIsCGETJRAZKYh06WWWiJbyrRMSKkoKBEyzekkusgEO2ohs0SUElJkS1DLjFJqFCkiQkFEREQp1bh82qd+skzaKiVCtrEwyAFp20qnwoCMJJwGSyUiSmmksCKQTEhkJgRCUKRs2GmTmUilREgYi2bXEoggAtK2nG20QqFIQwBuaTJKQQJaTq1lREiEQiEaKi5RDZKCy6TMdBoToRDT1CRFSBEqgREFIChRokRINhGlq51qKUXZ7JaCTIcQKqUgTS2RkSAtFEE63WqEEM0msaUSwqIrtYRUws7WUiLTpBWAFIBANoqQSTlsSRJOhCWVUhTOTBQ5JQoLVUqNTNsZRaBsTbUqsDOdkCAFJpWoYIgISTLgTKeZWhNgIkQgIZSZOAgiio1thC0kZ5Oi1sAyCkWEGk2WIkqEJDstpIiiqBWMKKVYLhGKsAkREdmaoiDhFIpaIkqUIhsjW4oiSq2SjSNqLSVNurVMkIQUCWQiQkoTAVBqFUSJiCrJJgqhKKUi2ZlOpwEcpUQthVCJYptMlYrsdGutlmJJIWGTNqBMWyZdVAjGqYWsiKJiyc6IUkqENI5tHIauq5YzabYzS4lQIGVrgKUaRTJSpiXSDcu2sCIwxqGCRKZKQTayKSoEAQbbmZYAhKJURE7ZpmZrapNKlFLBKoGJUsA4VUoJZTrdutrVUqNG2kgRtUZYdjoibCGKwqJl1lJCBRLC2dJJ2uB0RCBFBDgRUKQoEUilRhGEMDaAAUcIKTNbaxHFGCtKSNQSpRRFtMwIJUnaAYSCUEAoIJ00HKTtNtmSulJVVEpRhCQhUHNWhYqcCimiZLYgWhqIYBzGRsqKCEWU2gkihGhtSjszQaQtgK5UpFpqhIyFIkLCkhJCZJqQAALGzJwaIbAisDObSYMUCmSiVjJtZ2uGAIUwLR0REVKACiaz5ZTGEUJ4yswEgZwWYTtCkltzLdWZ6WYjBYEkIaEIubm5QYSUbhEFm4haQyJN2oJSpJBbgrksW2vONjUI4bQlpAgzZiON1DzVCKQoMpIotToxBhMKgRQqbZpCxYgkqoTcMslOZcLpBDBRipBRCDLdLOEEZwiITAdCgCVZStum6yqhljlNExir0XASZAJurTVnSAhEKEoUSyG1TCcRRbhEzcxpmiSVKGm31mpUSYAl3IBCiQhEiaISNpgSYWwICex0hEKB05lEKIozFaVEMQ5JRqVgEsiMEhhkgyGkli4lSkREIayoIdWo6QzVEoEUEhIYkS1tO0CEkAmVGkWFNjYbKYxJJEm2c5zGUkotFTE5aYmoNXIk0+kEY0WlGYkIKaIUKYoUIbqoUUImaim1lFCJUCgIgxQIoGVrLYuEQJG2IIlaIrrqacpMgXGaiJDkzOaEzLSdhASZRtRSkFo2FUlCaRs7IiLUWtoTppSCooSkCDkiUNjONikQAmxlS2PshsmcMkOhECp2GkuQwkiKiJZNEaUUlK0ldlE1mZiGjFAtUWotpSslnAkRJWqtFtPUcmwSCJBBgrRqFyHZ6ZRsRZG62hlnS0CyUJooJUIRAaKopZtTESEAIYtSSpQIIkoBR8jpUKhglI203dJOIG2JKFXYBhNFUUrLRhIhVItEIAHKJNMhVAoiFBLYzrSd2WxLgCURgVHgzObMll2pChQhgQWAUdTSCabWWhvHcYqIdDplp21ws0MyRBQVnCbCqESoqI3ZWgPsljiMhG2DIsiUkISRLIWqwnIAkaTtEIqwlJlkSqHAmRGldgWFpCJJUigSwkQUZGMJnK0JlQgbpZASSgQKDGRESbBdFJYw2Im7WcWgCClRlCi1BESJKCUshUKhkAiByfKpn/yJNhLOZhvLSoWyWREYlZCRwkqsKSep4LSoUbpaa62KMDhRuESxUCA5JIOFJESUkMKgACkg7DS2ZVKNTEAqNcJSiRJRwTaGzMxMZwPVWiVVVZNAKWq2UEQNBCCHghI1IpUQBmQRBiTZkihyc06WIhQRUYJSSqLAONJNJSSVUoloLUtRqIjEON1MKGyEpOhqlYQMSklOo0ARSmdLjENFyGGBJISTdAPbWSRCslRCBLbAhIwRKk5QIuzEltWytbFlZqhYBpcotiVySie1FEmKUmtEFJBsJJUopVaFnc3Zd50UyEK2SpAIOVBmIiRJzpaWQbYlgVtriFJKVY0Ip5BbayLsENmSkBPJIEBTNtJYYEWBJBwEEUBrLd2wkRQCQooSaSJIu4uqohBpSFsIYchsmUmmW6hIkW1ME6q2JRKcGQqVQCFkO207oRlqLQpN0+RE2AogjGWhcZpsSyoqpRTVIhwlBHZaOB2iREhhOZ1Kg2xns8gopeu6KCUgSpQSQulsrRlbwqkIIsARIctQagnJBsl2OpECRakRclMUK7BlG5BkHBERElKUKCGwDWmpK6VEMUi2MQgDBmdDMU3DNE6SIsJtypZ22omULac2pU1mhJoTg1DE1CZLEYBEkWwkUJGtaZwUUUpxMrUsEaXrUNpyZoQIhLAjIqKWkDNtRxRBBE6ihI2NhEQCxrag1BKKWgtgSBuR9pSTcFf7bDnlVCISCUmWhG2bElLgTEhnRADCYAjjroiIxBEFrIhaClbLxFn7rpYqRa1BlMyWNrKRcSlVkgnhKJ1E1AIYFxULBbXU0lVFKKKWSEwqkMGWUZAAQqpyQyGRLaNECMAUhUsJIUNERFQgnX1Xu64ip225KJCMSgmgZbMjCLDkQnG6YaA5gRKhCCDtKVNCIpuzTUiItGURkRDQbDtLKV3XSRElbBBhN1uB3SSBxqmFJIUNrdl2pkEpIINANhYYu0UEYOfUmqQopZaSUpFANcIgCbeEkCJKhI1sLlPtKlLinFIRRQBuBiJUokSpUlQVFBFRo5SQRUSptRi31iKKhAiws0HUCItaQ4qIUAiMKVEUwkbCzZYEImoIGQPZrHCJCBUwkqF2NZNsLe1MZaawM40lEQVDRAmFip2ZGSFLBRJqhAV2ZkaEgqCQXKYAC7CFIDMNQsgRpUggISvsBthuOUVIQoJ0pkGl1BolbTASaUNEtd1yUoSxpFJCESFJEnLLTEcoooSUgKRQhGQynZmWSEJBAJRaaMpMSRERKqUWlSCbpBLRMKlaiyIEToOiK10NJ84kQghFjYhSIgLA2JblTBAKKTGkJEkBFIVr0BIgZGRbCMnYIGynSkAUSaE2NaSudrZtQgrVKICMFQFEqJQiBYkUEhJCU07ZGiWQZNINsKklgOaUBShAStvpUkKWSghnZqbTNhEKSeDWGiBobbJBOBtGRAlS0UkUhZUgkJStIdVSLNsJIu2IUkpYWFa6JQqkMAgpsGUjqYQinM6WaUeJkDLtTAAJp9NRC9iWECRWlBLIkslpaom6WjIzwGgax8y0E4hSBISEFKESJWqpohmb0Kzro0QoSihCoBIliiQUwhhLURQKQZIYnGkaoYCxtSkzICKEkSJqIJNOIbsZkAAFKqWqyI5hWDkpXUnbbbIlSVBUiAAiShQRRZDOImVYUqZbyxLFRWRLJxGlRCYmMVYUqUQAU2sSAiIkwkUFN0cpzpQAW4QiWxMggdyyOa3MVPmUT/lkMGGpRISKSi2CljatTQ1bJZyks0Qls0SNolBJ0ijTSiXGU1GNkIxBCNRai4hSIkqIAEG2lmEsORQKUhk4EYpQRMGZOAFoToWK1FoqVEpXShTJbgQlZCSRzhIlIsAGm1SSSQAFKAWp2CmFRNohsEJSFRLOlplSyxyH9TiMoUCqUS1B2mQ2RZEAg0BFCIHSrdbS0rYNRBRATK21bKB0y5aSogSlyGBHlChKWwopMJJCEQghKTONW0vLhswWEWRiEqQQcpqglKKiNo5AlApEFCKKpAhKYIfCEnZzGstyZkpSRKAIZxobyJSlErIsAJBtLIPTpZZSa0S01lprpUiWilQinYKIAEfIaadth4RtS0TmZAIsESVCURSKiJDTzdmaZaQQRASSM9PZplYIZNsgZGMb2RiVUmqpEaEiKXOyHZJK1BIisjVDV+s0jUBEIAFRSlBVkESmDThqtY1NUSlRay8sKaIQatOYNoltlQgiSoQiQlLYDSMpSig0tcnOKF2U4kxkESFJxWRaRQJlTigiSMipZaax7YiICBQShAzVajbYmWBFCallRghFa5MQCKl21UDaMjahiFoViclsThJjJBDZFHVso4ygtdacbtPUUiERglJqGglBGtLIEVUh2RHRMktEiLHZLaPIzWlHCAykM7OVKFaTJTtJCVGELWc6c5oyJaSwJImk4ShB2k5bBpySIkpmAla6GbuUUqMYQkQptXSAcYmCkLFb2mlDSCEcEghJ2JZbS5AERJSIGoETQFK2lpAtQxARkgVgRCZpoOWUmRHRWpvaSKIICWS5QEJEYBtUSmQ2GQAFU6ay1CJkWyHbtiKKZIckhQIAqxSDZEObsrWpRiC1zCIrCqHMligQTpCICLfmWrsI1RpAYpK0iZBSULoalgU2BtEVhYrTSKWWkEQIptaAkFrLTAuFQMJOW7YzS+1AQEQJiRJCCgSkLUgkFIqQIkjbpFMIQIrAlnFQDEhCoVBRKWHTMu2UJWEFOFGUCIWxm4vC2JacLVMANtgZEYoQThNVktKZ2YwkhQSywUgyTidBEBIg1ZAkCTO1hm0hOzMTRSFUogahTGPJThwhimQZk+kwNomgQS1SBDjTRqEiSUEgDFhSaxMq2IkBQQLObFlr58zJCXLLdEPYxiBjReBMIykgDSUiBZkJIo0iassWEYmdqYhSo0RElOZWVFQiMzGKyHQIp0staQKVKMg2tiNke2ojVikFeWrNaWcmFhjSBmGQLdtECUmJ7ZRKLbS0hJoJFcjETrAisCGQJUUUAKEoVTLpdJOK1ForpWArMDgzIZDTLRtYCuFMZzaabdsORYkAELVUhQQRJSSQIEqVIqFERISRsMByQVHChmwUyYHtdChUYpoadoQilC2RS6m2x6m11kqJkFpL0l1fsXCGoqBpGjNtG0BKJ7jritMtG8lEAhGhAJWQwSIcANNk06TAGBQIGRvXWsEkUYqMnXKUosyccpLU9bWrVaEpE0XImRYRRQKEEBClONM2dokAjCJCIUFraaczMVGj1CoFmUFEodSKU1FKCUSUWmt0pZMEtLSzSSGbbAo5mXIyrqWoqCgySQHCNkIinZgklWAZ2yBJIalERJFCSKFSQpJQa80IZcspLdsinGmnFLWIUkJhLBSQQERXo9ZaSkE4s6XB2Lhlcxo7LUuRmVgRpZ91LT2s1hEhYWepNRDp2velRmtOEpBJEqnlFCp2sxFYKAJ7cooQEDK2rcCYdERIlM/4tE+WNE6tRkgy4WyZhGgtESXUMts0BVKE5OaWdq1dttamKacpQhFhq9SC5SCIdLZsgaIUJLJlpsgoIZcoAHJiVCKciSMkBRgrSqkhFYUKkE6glEgbbMlQIwyyMg1g7Gx4nCbZAa2lkEIStda0c0qFAKWbrVBm2oSMJAiFRKjUvhqLALCxDVFK2K21KF3IJaQISSERITIz25QoAStCkrEkSWRRiVIkSMtuhpBBiUKhKDVCEhABGIRCoQgJCaQaJUo4CUDOzBIRJWqUzFRaEYrAxg4pIgAnBhA2EKUE0cipTYEAOUoJhYIAAy2bCORsTVIosFWECUkKoWYrLAUmItIe1yMtVUIChUJAYhGIKKolJCJKyM5Eso1Uas3MaZqcWYpqLapdyETgFCYkELLJdNq2I0qJkMlslqMU2YoIBaiUKKVGKSGVCIRBYJxJ15VQICRFRNSQFAgD4Ey7lnAiCSPTdVVmyobdWiKECLoIomBLcpqQU81NgkYEIIyd0zgaKwrZmptAkqB0NZAUoRBg25YUERGhUjPTmWljCwCFmhtW2ulpmhLbgB2SnW4pKCXA09TIJhVCRUo3p8GSopQIhUpmw5JUa6211lIU0ZWKopRSSikhBS0zonQRNlFUohg7bdmSW7MBkGWpqERYiggkCRR2Bip9cWOapsyMUChKCVtpsJEyLRG1ujXsrutKCAssZBGhUqQoOAVTa9ksORTpHMehlGJcwJCZtURISGApTBRB2qSQbEVIsm27lBCBIoTlCLCEjG3LnsYJjFQibGQh0rYElFIKgZHUWqYzQka0NEiyARTOTKcNbs1IuE3NKEKAyahSYuzMbC1qJxQIWRESthUhRctGOqJIQtiWSqnVSWtNyGRLRwhpnFqtwkQtSkhLCkWEbEvKBtDc2tQyW2aWUkFpKwKskBQK2tTcJjtrVwWZDWErIccpM3FGqaVEOjNdoijkbM5s2ZwutZRSSglbtiMCZ8vMzFqrhSQhSdkmpChhXEqRkAwIZWuZ7kpJAZRSsJ22nYk9SdFobllLKBRFEEmGim2nLTKbBKZlCnKapJCwjVQiFAUQhCSFhBCBEtvJNI2JLUWJkKIpySylKMLN0zQBUUJSIKM2TQgZZFuBkFqOoRCSFKVECUmSJWFsJCI0tQxbESEUcmYmUTRNzbiUEqEiZWZIUgiRRMjCJgQqXVRsg6Q2NZGZxqiUQNM0CUJhE12EFCVsC9copRanM7O5tWkKoYgQBmwb2ZJCCqkldhakCLBRQRLNhEQ65aLibEbGGDLBQTQn6Vo7I2DK1jIjBAInEi5REU5INzc5TQiXCErIODMkpHQOw1hKraX2XUSUErKdWFJERAmM081NilKESJOZ2ZLAIHDaOEI2kozBVYVip0gn2ZohhYwk0lR1lltr2NgIbJu+721jSi2B0llKRAlhVEWzBEQpCCSVUBRnRlSJMBFFURBCwsi1q6GwFaGuViwkRI0ApSeaI2opkmSEwbZwaxElQkJOJ5nOTBOSKaUUyZIESIiQDEUBNs7ETqUgashKp2ULO21Csq0agQyIkIRBxhEBlpXgTNkQkHaCShSjKknFbgZUcpqAlnZaIafTE5mZKUgIYbdmBaolJAnZGCIEUonAEk4UlkotAdgNFeFMJMmOEFItRaGIkMPpyW1aj2NOXdcJC2rUiJJOp21CCCgBkqJliyi1VItQhKKUopBtt4wuChUIgeR0Zms2iUiniail1FJLFOFm2jSlM5sBGzKRFaIpJBEGQkWBkCmf9imfXAqkE0tKp+0QibtSa9dJYSO71BI1MMVGASgCRESUIqRQlIgQCBQhG5CE09OYYIWAzGYFCYAsAjCAMklnFMmSFNiZLV1qlAjbJaKoKIgIlSJkp522p2zTNGVmFzWhlBJRwMIlqkU2VCwZCSFFkVprwzgGYacIhaKEFBbYQGYT2BjIxCiU0yQpVCICUITI1rARaRMKpy1CqhEW2IoAiHDatkISWOkWyLbxOLQpp6oiqbU0GRF22sYupdoghIzAhpAktZbGKEBOA0jOtGywHZR0wwlyEkFIhUKIUKkCSRLYhNTSzYkUlMSCUoos48wEEhchhIgiIWcO41iiUmwQkggFGNmZEV3LtDPtUFUIKCGnMxMIKRQqnWy3RDhbpm0ARSgKgSTJaUuOqArLSoydRrIMUto2zsxsrTG11qaxtbSppWAMUSIzSSSRNliKoogSCsBYhLFtFAggSpQooUCEAoNtqeWUSTotqkRmOrFUI9NCpaulRCFUJAehQOkEQEgYY9tdrUbgiBIB2OmWLaKUUqKGoUStNdKpdOn7GgVbSBHYESGFEQaBArmUkpnTZNkR1XKJkElnKaWWWoSECUASoBAmFMatpRRRJIUCo8QBljBCAEKKElFKCSJNRMhICkkK4Sg1HODAtdQSBUWznZOIUgpyGFBEWDgzSrSWAbYMkgIpqqR0SsW0IKIUFLan1maz3mkUmQYMktI4UwqECEsyCimKDViiKCKKZIQxkEnaLadMR4QiAIVqKYoQQlLItlCpJRQKKYQdEX3f167KtEwkJHAobEIRUmuTVCKKwZkEbilZKkUls2Vip0otIZzImJYpgogCtkmXGkJTNkXUCIpkgBIlgkyblAKsUImSabeWYNPapJAAME0KJDJDKrUvRYhAIWyl0y3TKWM7IjKzqBhluquVoCokiBC1FCHShKSQbRGAImoUEwpJAUZIWCJBlkqgUCjCTtuZRAQgALulVCABRUQJC0GJSGNSBLiUTqVIMnK61ABlczqFE5xka4aikpluzWlJSE4XiUQCW1hAqKUjAgQGnEnaUKNGROKIKEQITEsjSqlRJGMAMpttqXR9h0IBERESkkKAuMyAANSyGTtTRIRKVwVRFBJylChRaylRAylMs0JKFBEY4+giJClAkIltY9fSSQ5FKJBCsggJRYQC1VIznWmwjQhktyQziFL7KCHARkLYtgSERAgDUKJETdLpUquhtUkQJQwIWS4UlQiJSBurFEUUyNZcaxQLWYqpNYmIiKhgpxFRI6C1LLVKkZkyIaUtSSAQ1BKlhO1paoZaSyklFIASyyGhCKwIFCIlQEAkKCJCcmbaFh7HaWpJECrClkMhSSrpdJuyOYoI4ZQxtlQUkoQtYaIQxJQNVCSiSEJGAUiKAIUzJdUqJAlFSNHcQoGJMNIwtjCEipRpYwU2gUCgGkSt2JgEZRpLAiEV1cTCmRmKEuF0RAhJSpu07cyGcLMQma1lREh2ujUXhSEEEaSESCNsmltIoSJRo7Qk3SRlS4QUQFFpLRuWkAJEABJKk24BoQKOiLRLKYoIRWsNJCKdCnW1A7dM2wpZhAoYQGCMQxFoHCzhpGWzHVFAktOOUEhRClI2281gu2VmtjZl7SOiN64RmCmNLBQREXJIkImESpFVCmmwsyVKhZyOUkstJard2tRUikTaIDsjpFoFBrnUEtmy4SLJREhESBGypIhApRZEZgNKyKJNaVM+5ZM/KZujBilHGHelWBIlQpKytSiqXWeTiXDUXjIACqmUUGCnBalMY2U2213t7JYNg0KllIgCStIgeWoJSjcZRUhMbsWKUlq2BBTO5syudlZkplQi5GY7c0rTnEayqLWWWkNRFKUWi9YmkKWWrUa1M0KkpAiViJiyCWoppauKkm4KpgnnlC3dHLWEAlRqkai1SCXsZkcUlZBjyklOHHZDlFoUpZZCIINtLpNAWNgAIiKQsjWiRgkLEtNElK6kW0QJjCThNFC6EsjpqIIIqStFIZtMG8shKafJgEGEIoqCICxblFQ6GwgVlEiyEUFM02RDCINUSylRJANkghXFzQpJCICpZSBFOJ3QdbV2ZRytTMJKIQRYxk47MyGQcZQAEiIKIp1YCNxEWJZotiQBYCM5SgkkFMimtQnCCmCcpoA0klJ4akalAEQghNWmRqiqGls4USBpmloKKXCmna1lNkJSkC6SShHYVhTZRhFgmUyICKdttdYCIgRgTelSSlFEhEKCkAhh1VJspqkhZJF2IEGSzlBEV4pEoaikUqjUGhGYlpktgVJKRImIEtFIlQiRaUKBANutNQlDKCAtBRm1KxFkWmSmjKIggDTO1jKRMi0Bsp1O0rWWdKZTRGbLzFJqV2s6nTYZJWQyE5MABmdmUUWe3JxEBBhQKS1dS5lymsbRVimAFFIRxkCmTS01ySRqX4FQQXYCGVGMa4koBRSBpFIiM6MUEQpKVJGKUoqMJDtp0yhFdKUoJCQhowgVKTKRJAERhRIlwCbCQpKiBNBsjHBRKAKpRCSZOBSOYqdBXCZFCUnZWuYUFIVkkBSkZbeuFiMJA5JtS6QjSo2icJsskWlngiBBmHQmbtlkkBQhAnLKTE84kLCiRESpCnBrzUIhhCAi0jgbopQqSVJECUDYrqWk5EwpRJQoyAhQqQVJhRKBVEyUohI1CkFOzVgAmqaptSw1onSZmTikbJlOBJYSg4QIIEpJt8wmZBElQiFjZ8tME1KEQJJUIhAiMzON1HWlRJU8TVOmWzZoOJwZotaKqAQyIghnE6qzztgRbhaUWhIA27ZbpnG2JoQA2U7bRlIURy3ZMjMttzYZRQiDECjASjtqdVJqpG2lDFAiJGFsZyIhyTYgKUIRpZYaRRGyDQ5FIlKQpAm5WWCMQJJMOpVIYRLbZDotyYKIYhoSIVAJGWFL0VpDpHBmsxGybEfVNE5popQoNYpaTk5CgSKbpQIuIRwmgYhqW6JECFLGBhSSAoOlojAEQSAyGyCqSQNOGxdZxU5MtowoUeTMlpYiJKtEuEZFmZZBVUUFCQyUEtlAObXESBKyAqfTlqNU7JAiCkSEQQJCoMQKGYSkUJDpUlVKxTYpBFZRKBICCalIUhFp0oRCBAJIIxCECgJLISQ5iZBRqEYVWCGjUiRsFGE8TpON0hEIiZCi66ptCAlwywQBGGdGpJM0UiiIEAYFCpXAztbAtiykkCKEoNluKUnIAgITESpqbVKEQja2ERGSsQVCQEYUwdjGEgVFy0lECZXAxrZEKYXL0tmyRaiUQkQJSUoDicm0sZDTqhKSKEEpEUVSIaSQooQEwioRJIpIt5YGRUSmM1MhpKmNCiRhS4oi0hEBElgiJCtpJSJFSKVKUWqtJUpmYhREKUnzZAJBa+m0JclSYKIIR7rVKFEAjeNoVEKAwpluRhJ26WqInFxqESpRwMmUdpsaUALjEp2qyEwoCilSacCOUhThFDiEoHzqp3wikrON01SlruuyZaYl2Vi2cQKUEjWKASdA4OakAa0lFMC27VKLsyVNURGlhiJqKRinnS0z22Q7EQByKSUi0sZGiijIwtiKErUoAjvlYtlOm7SKMi1K9DWsbHamkWlS4AyRreWUSFECpdNTJmlAsptVUBSZnKYoXUghGykUUVpLBbUUbCBTmZNKgBJny2wtSrHdciIUCuza1czWxgRLYdmJwCiwbaG0p2kqpSs1iiSMiYgSEaWaFAFExJSttVZqKVEz3dponC2zTQok2UREBDZAYkkKF0XamY0EXEKSEKBSwkQRRhERIu1pHJMEsqVxLQVAKUkKocyWmREyRAQKbKF0hklTi5AASXVWi7oIxvU0ZSIrIqJGSFIUSXLDINySEIrAjiCzTa0FNoVshlBBRGALW7INSGHb2VIYU7oCUSJKVaGYFiUgIioC6EqNCIkoKlHSOU1TKSVtOwOFbUCUUhA1ApjaZGQ7QlFkC4wtRYSwWsvMqdYaIQlBrZ2ztUxjSUI2pZQkS63ZbJxOEabZSCaiRlHIOKSIyEyFMIhsiYlSwC1bhLLZdrYmjNTGibQlt1SEjOXmDIhaJAkkZRobIiBBgSBUUuBs2YxxGqOwHREhsjXboSBkJymVEGRmGBWN0wS0bCVKS1uupTppbs6UQqHmDClUImyMbSsBYzKiYKVTEgYshcB2CCIUkKAkLSKzWURmWoIQNgA2kk1I6bRFa1KECrhltrGVUopKrUURuGGAdAbRPNFwNoOEkO3WHFK2dBCqSdppq7WWmUKlFMHkhMS0NkUpSgTYYFBmW60HZ1OpaTutUBfR0gqFpCiKDCntGqVEIAWSJISQUNhNCmGiRGaCa60AApzpUgvGOQmphMB2uCRNUGspqpCgaWxGAkFElIhMhVEElwWkcWZma5lCKjG1BpZVOmEyW1rpLKV2pUgCnAkkxg4V4WGasBFAKYXA6ZaT0kXRMjNbCDdHVxTKpE2TQnYCLSdS6SwRIRkbFIEbpYTk1pAE6SYCE1ItNUq05lLDzZaQuq4QRYmkqNVpFAltSolaopYuagkQl4mIADsTUaIYlYgoErKJohDY0UUptYTSxoookC2zlBqhzMxs2RpgkCJCZIZCAJaLQtitZWamLYxtnJlSoGgtUUjYtDa1ZkGmQdlSZIliIYUxSBJOSRKKCJCUmMkSEgIJlbCzRLUzFC3TaYWmbNmmUottNysoNcKhiCDGcQqJUAiESSYrQhFAZracqkIlADfsFhGIosj0NKVkEUjYIEkinY4aJOlsaduESkRmczai1FoiFJIIBUhIgVsSJZAl4YRC0FojM9OZrbXmpHRFiZMpp1BFIAcFYWe2DBGlEkhSIHDYNhhKm1qbphJCkZnNTcIGsBREUSjU2mSDSTtbChAWtVQpVCSIUkxGFDlby1pqOiVFiYiQSZKUQiqRKAIQToHtkIyyjWlK1CANzjREhO3EURQCLKvU4kyFADsh0iolLJxNkiIEzQZjK0IKhUgHEAYMJQIpSgiwVCJzAqSwKTVkWnocpzQlopSIqCBjmzaNw5RdraXWkKQgSbdMAAIUtkFpg/pZX1HLVDC1bOmw7ag1FChqy1ZKtJbGoUDKFImxM7FkaLaaQmCwU9i1VtkRtdSCrUQRERFRigKhwKlGhooBKTCSoJaSlgShUMnWrJAkE124ZSZFpC0rIpBqrRJRuoJQYqWNbUXpShDrYeVM29iZhFRKkQRgZ0sJlaIQZAiIUIQUQRKkkQNFrc50uKWdhIQJiRCZti2Fonzap34SSfTRl5pWhBQhIWFbYVutjWCsEGkjSeAohbRCIamNI6RQWIQyW1VF6SQiFGRmtiaVCEUpERGhqmJFUSDZOJtNlMDpCCVWCEOQzjYhKWitEUQtSBGyERCYdMvaVYlQWBQVlTBIKZU2TYlkSgRFblAIZNSmURGlCJTYtkBGoVBk5jQ1FLazZZToSlEQ0Jy2FREKORQWAjKtUImiQJSuRolAAtVaopTAqUAEkp0YFXDahkCGdEZEEJnZ145S0k0EODPBUaqIaRyNsJ2NCEgQBCIiokSpNUIt0za2pBCW2zjZaeeUGapRIhTGctRaCQcyIds2QTbboCgRtltOJUpIUYJQiUCyaS1tR4RgzGansIF0SBGRmSaEpmytTYooQVGxHVImSIoQsoxVSokamMyGMArCYbAQpQhsla50tQokYSOAkIzSTUQpEhgEoNbGUmqEgJBKyGkjQ8huRkidM7Nlo0UobQzOCNKEpAjbtruuw1YEUqYVCkXUINSmTFmSs7WpGYPSKbCzJV0pJoCWzSKMooDaNLWGRLbJjsxmpxJjjCRFtNaAEiVCUcJTaykFzmwtiyJKyFZESE4jOUkmCIWc2KkgbUyoyq6lStGmNqu11ApuyGmLiILkUIRaTkqIEAKXUghCUUoRxlFrROlKBAYQyCYEFmGQcBqJELhEKbUGZLoUYVpmRESEQk43pxQC5DSBEo/jGtJIhIwiptZABsBOW6UEZmotQiG1lgAikEWEMrEpJVABMlsoMAibzIYAB6ECJkoAVRGl2ulsiohAUaNoak1GSFYqDUVSRAHVUlCogNvUpIiizMQosBUSSCEJpAhZChBChEqUiDAhLIQismW2tDMiailOLGMRxqRNIAnTbJnJLdNpF0QEsiyEpWzNssIRJe20SROoRJhSq5uxSg2FpmlaD+tSqqDUCOTMYRydBhOSZLu1NrVWopSuymHbdrYWIVKJFYFBRBSFIshm4xKhCCBCtXYIEcaA7VIigkRdKdggRXHghkQpYTBpHMIKZ4tSSkRIISlCgZ1TuoSytSildh0KZMhmgwTgQEYhhQQCCJSoFDtF2GkgjYQwTMOYou+6iMjWMtN2KbXr+qg1IJ2kkQRIqESRIU2mAxBSsSEBSSBLcrYc0zIoMxUqNQgFoZAzbds2WaJIEcK20yohlDZJClpaUgjblo3duMxGQkZSRGCVoqk1p2sUg7FJRUSUKJIiFJJAgG1wrUUIIYXBzohSIoBGEhIyIJVSFcJp4UY6Q0pMGpx2jRKlllIgcApZJq0QKIqEUREIhWRsC9vpbGmBEHaiAAKcUlfLlM2ZhVpLGEeEZamYzJZB2E6nbYFQqQIkIdUaIYqKopQihaoK2AZke5qmUqMQpZRSioKiAs5MKWw7UxEhAZKiCAVCFiGDmylhG6zM1uwEoVCmnU63NjYFshNqCKmUQghwZrZsU0uBASGFZAhCUmAphDDI2bJlFpUIFBEhg9MWttuUOB2KCAWeWpLjOGVrERULudRSIowiBNRaI0piCbuBAGdKqqWkM03LFooiKSJKYEoUyARFBCBMREhQosgQCFmSPbahRkGAlCgibbcpMS0jAlmBpEyn02AbG1yCKBVlNicI1RqlhNPpDAmTdlEkSKSbJGOlbSUTUKTEERKkHRFB2IAFzhYRraVt5BCItCOKM1ubIiKEIrJltskoJBvsNKUEKsiZllEJKWQ3pxMpCFK0ZmFCkrOlbYlMR0TX1cC11ObEjqhApiXKp37yJ6UzKMbpBIqElC2dmQmZQES1G1AiMA1EYkWRoghZEiIAhbBCkoQQxsa2BJIUJQKIUiMgUQhZipAklVLSLpIRZCgCOyBlA1aUGpWWU5ukkDRNY2utEIqSOWVagGRRopQIouBWaxdCVsohgQMpIp0lghICQJJAkoqQbE/jRFGN0toUNYqKgysUBTsUpUgKgxXgHFviUrsgEBaAyVCRZDPZIZxky8SilCIbSTaCaZrcHCVsW8rWBNlsNywFETXMRBYJjFVrLVFQYMBdrVIo5ARQBJKxW0MBsjNKkUOi1lIkSxFFQShCmtLYBE4XRSmlRAkpFNM4GYoiaoBJ22kLUgEgBBaUUrquE1LIIEkSEBFgZ9ZSICAjoqWjRCnVmc0ZihCSkEgjVQXhzFYkq+B02nbiMNmaZZXIFKBQBE7cmoxNOkspKuFsbWxRlEm2FiWi1ChVsklnNLKoRAjZoKTWriggpbAjQm1qOU0BtVYLTGYCyE6Hwth2qZLDmQhkqYQIldqVdLoZyGyZkyRDlCopnW5WkUSUoogAJKMoJUoRRqql0hoRksCZRBicSQSlVtuGKMVOISCiRAkpAGdrLUupBUopbZrGaSqlpNMtCUWEM+0stYZoaewIYYhSimqtIlK2HUStxemWadtYIEAGMAaDbRB2RJAJGQ6TCgmECMvClBKKCMkmcY1AIiKEhGqRFIpauygkrjWkIggBRAgJS2GMcS1dlBiG9TCOU5uECCkiIooKAhCAFEEILEFaJUqp6SwRihAhYSmbwZktoUYFt5a1FDAiZYxbqpQSJUopUR0IapSoUUqVcCLZlp0YkMI2thVBA9HsxLKxWyLUpiakwAlSRIBsIQTGNQqSooQNRKhEMWBKlMAqpdQIBQCyrSBUZEmk7eYoUYhSSikFlCS2knQ6raKiiAhFmJxas41o2C372klqmULNrdZOUkiQpZZSAgUpBSWilOJmAltSlFCUEqGogd1aqypRinFIEcWYiCCcLdNRwkYQgSSsNEayJOXUmlMgwtCyKUmcmX2ttglKFCmQES2JEtiZzRChQIapNU8tSslMpxGhyJymqbklkCYgIiICmQSQACQpLIlMkogAySIwgCPkdBQjg4CWUyiiKyhtl1BEiRJRJEKCUJFkkQinnS1VSkSIKEUSCRhKhCECW6Fai2VJEYoAY6cgVKKEQ3I2JxGlhNNpWwopDWSoSEQJCSycNijAsknZCQrJMpKgRFg4rZCkMIowqUxJUiSZzSFKFIUwkiQw2HZGKDE4RY45TVNmogiRSabBU2sSaUgkJ6qlSJKKCFXV2qkERhARoZAUIaRShCIIk9mytea0SihCyDibkaN2NaKEprQQIdslAqSQQZJERJQoERVFSISmNtmJZDvtdDoJSBRFAtsQ6bSEcVoCHJRACikEKABsWxRF1/WllLG11iYRUUoJyRgCOSJAKkQ6kSRpcnM2RZQoaUcYRSja1CQUgQkJ4XSRFAKHSCunli0jAqJEkeRAOGp0tQKZlhSo1I6IzEmSUToFNUI1aimtGaeQM0NAoMAGwNOQkBFFyJmEi8KgUIpAAkLOtBVSZioipJQBlQjLQSkVKSLAbWpAV4oihJyYsJ2Z4EIg2YzjNExrRKldKBQYg4UiCnY2UyIUmZYIVWycaZwJKqWUqkxna0aEpjaSlBok2SyBJAFgMBFBgBRRSiml1AgBCEgbySqdwoJMG2HaNI0tlWlsUUtJk5njMHZdjVKKpCg2aTtt23aaKGFcPvVTP1lCSEWhECWVzkSKCOwoEaXYlhS1pG07QlYBQ8FpklCJoiBQJpCWg2oRBbAiIkqUgrPlhCLb1JLS1RpVkm3jiFqKiiKiWCkC3BpCgBQGZTqdoa6UUKgIMA4JFdOiFNA4ThGyLZwWRKkF47SdEQEoIoRbixJBICnkFPKUY1AUkRgoJQxAlAgpW0oYSBMibSkiMhO5lmqpdKVYSbPdnNM4BVGipDNxCEQpIqyUJIdk20REioiIIiEpikIBkNmcDilKBFgKFBGSokQq7QzJaeMogcBumUYhY0/jVEpElFKCCECgiIIIJNIGQ0ikW2Zmuut6IacJEBZAKTUiJE05YUxCRIAD0XJszbWWkCY3W6FSIgjckoB0pkMRpWRLY2MbAfaULVDUTrIBW0XgdJqQFBGCyRmgUp2exqmf9SBMprEN2QAbJEUQEUBOmTYqJSIEKhjIlumWQhIlZAuAUFD7Wkq1PU6TVETKAhBSYDsRRhgwALITqdRSkUFd13clbCuiKNJgRYTtKIqIWrqAnFqEJBHqasUqpUo4AUcoQiGBjBWyADkTrBrFQSk1pAghZMCZ4zgmVsi2EAagRCAoia3MdEhRiiJqLVI43ZoVoRJOJEsBTNMYESHZdkIQDgsgnRJSIDBJgiCshgRgmQyEZFtRkEKhCEzaoWhukgjJliRLilKilkCS5TSSM0utSCRChISNCIWKcImiojTOVmqRNLUpCCddLbUWlZrNdkMRUqZFItkOFYEICSkkgSGczViQmS0zImrXhyJtmYjSWktbihKBECjCLRO7ZTptS0gFJ5aFJDCohAgJMrPZGCulkJwtFQIy02CTWEYhRYAjCniaRpXoSgVwFplSjNuUKKJERLRMO6OUzIxQCIMiBILEmSkFOCIsQjgzcSgsMglRatRaQVOOImyXUmqtBOHAjhK41C5UioRM2jm1KBERUoRCOBM7MRYhIgJbEZKdSCGEHRGqwkKAhZyJSRshSZaxFGlnm8AhFMgQJQSB7TY1gUWEo3YBTsAG28hYQAhUJABElOK0EKGIkN0sMkMkAmrflVIMoWgYA6SRLEWtXa0FwNggmm1nktlSICFku7XEKiVKqUA6w0gKFUlEhEIKZ5JWUEpFDtScYCSQCIQQBgkhSBvZ2bpuhi0ToaJIhG27lKIIk5hMRykllHZIQjVCCgksyZKcBrc2tZYWzoxSogRkppGihlzIRBhamxC1FII0kmQBAoxsRUGkjVQiaglbmVbIrVFCRhFBqEghSREypDMkKUIY1QiwRUhgTEhRQihQmMyWaXCEStTmJBmnCWcp1TY4MQrbzrSAgEzbSdrpdGYobITTzsSZtiJk23atBQCn7ZYkSAphBBERUkpuDZF2RIAzjQ3GAjBRC0iAIorcbCwpIkKRAhNRpCKIIpvEQGIJRYmiUAlTQsakM11CRgVaWgYSRanFaZMgWQAKRSkGRYSl0pxRhMJOhUopOAIbbKetxKFsU2stE4XIzHSJQJHZsiVOopSIUkrUMLRxbG6EQmE3HLWEhCVhp1qOOTXsRsqIqKWAFUVERFDwlFFriWqrllAJBLYBRe1qSBiFjK10M5JAtdiZzohQlBIREUhGpRaMAkUYQhGQzhqhiMyWtqSIiKpQ2AYFUuBU7WpXO4UiQnI6gQilHRERUAKQsAmplECUKApJIbAJFSndcISzqSjT4zQqFBERpdaqkBxR1fU9DsA4M1trkqZpalMaS1GjOCmf9kmfrKJ0SlLIOFAak5iQVKKUEiApFJkt7VAUuTltY7AxabuZIJDxOI7GNZQJtnGbGghla4RCoWyTmyMAt2xFRbjZQunmzJYtp8nYdktUVCLG1rJNJQqQaliyVUpEpLMogpLOEiVKKMjMMcdailBmKiIkYyPbma1lltJlc7oBLdOZIgCBkCQngIgQtgMSBBIhUeR0pkuUUoptQEHL5mYruzIbxyFqUcUtSZdaQYGwUEaUcIIkENgFFWFjTGDblqSIEiUiIkrIKkWkoxaQW9qE5CAIjDMTag2FWmvjNIVCEghpmppsCwholnJqQjIECoWKaSHZxk7ABMpmSRISdmJbiEIICSMbg6SgZTqTTECSREREyGSaKNFs7CjKhnApkekIBbIzwAbhtKSIktkUMpiUw7IiSi0IYyQJsDGYNKGQSikqEmptSqi11lKQRajKLW1HlBCJc7LCmU6nRKgkyjZFqERICEXBGEu4lGqctm0lERERaYAokoQBJNlRRLMTkw1FqREoatQozYlJZ8uMCCmc6bSFVOwEkETBtEyZCIUiQpIwMioFg0ISkkzKQE6JE4edkhSKKMhFJWktE6RQ7ToIp21jnAnZWmabFFFqJwnoakVERBrTSlTLpRRnSiqllFLSnqZhahkRAlSKkGVlKErXYUcJoSghLgtBYiSB7JxaZqYFGGMJ207L2QCHAmwcEW6ZTmOMMVJIXKZQqErOloiu67quV0i2Rdpka04JLMsYCpAgSQqlrUwLsNMKFCpRFBIIS0o5JAQQRRhJipCFWssGRAjcmrNNikDISEYCcb/MrBEtm9OlRGsNEUSEbIBaawkpopFOR8huacJSSCgxomVmOjMbLSJkxmE9jlOJcOAp03hqSYZCyAAKBVaSxiIM09TSLrUGkhQlJAnZtGySFAoVSU4yUyFQa+N6XNNcaklsHApJaU9Tc8soYYwURbalsHGmsCKwsmUERBBkppAhEBHCgKUCUlAEONNgo1ApRQoiQKGYprGUGiFkhYpKKJpTEYmzZSkxNU/ZAkHWiIhSQhiAUKCIEDKSXEIKgSIUqNRSokAKSoQlk5KMFSAJBEhSyAARJUoppYCaHSHbkiRsSihKSUkoRKYVAks2IVGiIIVRCQQq2FFCZKCWtoytCDJbS0FEyWxtSoQhwWkgIkoUyahIFipVMp4MUpURVgjLWAplS0VEJUoJsG0SB1CkqAUDaRsBLqXWKJl2S4kIKYqiSABGIYWURs6IkpkSNhYqEUSJgGzpWjuhEoHc0sJRIlBEKCRJIhCSM0HpLKWUUiAnZ1GJIhFG2SYhByFNzghJiogS6roqZFNqRAgiMyGqkEIRdoYcKqRba2lHYJPOIBTkZEVIGEqJGiFFOmWFwqSzQWSzoZZCQhBRQIoIAKVTKGmk0wajKKUUlSlbm1pzC4SSAEuYEBYYAhlUpCnblA25RgEhIYQQiSUw2QwohJECESGTjQZhVBR93wuyNRuFRYRsIlsaCEl2IoWILuQ0QiEpMnMapxJR+05IUtoiECJqRCgyE4fkNARFkcaZpdZSiqQgcsqoiohpmkopwkhOSEtRQk6mbGHZxgiFZGitpVE4iJYuoQhZcrpG2KpVpUREGJxpu0jYTjINGRKhdDPRWk6ZIbARJWqEmlump6mlDYlUSgQlM9vklpOQFE7biSXkliljJLCmcbLbOE0tXUqpIWQIRAFLAcj9rO+7YstOUGtpJ6aWKhkJ2y0jJEUpUWqUiFICcLbyqZ/ySTISkiACS5WghAJNOY3TVFWIAGMsZ7Ox7bRLFMsYhVobMx0SRViIiMAyCdToHDgzSq2l2OlMojgxYGfLlgmQraUlkVjUUogakoIIkWkpIozblLXWUmSDDYhATjtKjRJYYCyngWmaiFAAKCIICbAibCKcqZwmFCVUSo2iNmUpClWFE1eFcZSCACIEhAIhy4aClJl2tpZ2GoQicwK6KBGRSYiIItFaImfabmmFsBE0N3Ba4My0LQeBJCtrqZCZlCLDmBMmWwMUgUJGgQIbUIkoCkUBIiIULRMZIyPJZJtSQhGWI+R0tpQk4QSBQkYlkCBtMnNqKYgoAWlLCkKiRCm1OO2pSSEUpZRQYtukCJzK5lpKSFKRFEVRqqQiSTWKolRFhHDLxIiQFAopApqNRdiOEl2pznQ6IkpESCJqKYGMEYAiREBaANmmUguWsO1AqsWQzkxKCScGiTZO0zTZBhWJINPCKCShMJYURNcXJONQAYeUNmkbCUTLlBCBhAApIjMVYLU2GQwlgtbGNmF3tbZpamS2NJCZpJ1GgQxAay4hFGmwu6JAzc0gRUgqJUJCCoSlMrUpiBShCCgRQGbDDmSIwAYJCNHVThKZEYIIk6SdAJZtQUSEBDbGDiJqkQSpUFFYTFMrIUXFLhFOR0gRbhO2oURARAFwy3QCJM1TJtiSTOAESxFFSNlSOKRMyxAUKZ3TNEUQKkhgpMymKEl6ajYqEoGFXAgbg8JBkACEwshkpk1IimKMiZAE0DJDMsIk0AwCFwWQuEQtBCJUBJJMhIQNSCUEkE4DEKUYl5ATi5BwKhQRoIhit7SzWSbkhKoaEU5ntogADDbY6RQqiqhFRqiUgm0pFAkhSQpIEyEJ3CyRSDKSXEtXoyBCGGWzneCIUChbYgOSagRClt1aI4qiFElFAVjIWNkyCRWFIopCyGlCNYqRccvWxilUTKaThiJqqSgzU4SwBITSYJUooVAUKU0EgJMIhBBFMoSUIEVihcDFQaFGjcC2oEQlsBvQmrGcaZI0IgTGCkSAIZ3ZWstmpyJKBLahRIkIt8zJyAlYJRQqlkutRQE5tZSxDdl3HTaWQlghY1omCmFAkjNLCUkRjMOkICSZKCGjEgRYwihkjAUShEAKbIeEEZQSkqZxaGk5IyIi7MicVNSyQWAkRYQlAWhywy4hKRRYEWjKlEwo25Q2wpkhFaKBM1ubHIAIybYzDSRgIADZNLJIFnIChZDUnJlEyBjIHMexAREhSxFRwiakaWhTZik1Sqm12MYy2WwZ1QgpSmnj1ASmhCRFREgRpbUpM4NQAFK4OFqmoQSldFJISLJBIRKICEmysSSyAekgIkIGTLQ2yYoiK1prJKWWCAsBBiEp7MxsqiUgIiSksJEAjCCxE2OHgkBWUclMLKlECTBGUtqtTQZJEWEhEYpSAhWRkiLCNlBCokQtElgmhbBCMiQpgyxTatgySDKEKFEkKXBiGbc0iqil1iiZmc5SilRCYRwFoIQEURRVQuPYVBBYlCiKIE2ohIwBBGCEHITAmCAzhZGc2XICSZqmcRoHLBWFCkFgpIiotaaxApCxCCzR2pQt3eywwMjYBrIoolSkULFtt672XS0gIUJ2OpHBjrCikNg2bi1LUamSJYQwzpalq5KUSCqlZk4WpeuKAlyiSmS6tVHCFqG0QbWEoisQgdNtmiIiFKmWaQhEAnY6I0pXCqUoEVhRPv1TPknYsgyKCCXGtm3cssmihltzEgEQtVZFa5luJUqmm7NEqESngEDIqQgknDiNoqs0WqacmCQxUaKW4jZZMhBRFBbCThQqtVIiJJWoJdqU63EopZTaRShKiVBI09iQpYgIRUEqwlM2WrZWopRSSimtNYUyUyZCNhkOIiQFQkgSSCGVABMRCoEBWQBGYCIiMls22zZktmytlDK10WkpIqIoalftzKnVWlMMQxMupZjEBpeIGhXITCwQAMYqQXOSriGFJDKTtKR0YisCyDGxjSLCMlBUiCIb2xiRyTSNwqXWdEaoQETIUFSQlVAkBZKUNlckmRkRCkWUkEJhKSLSSCoRlkUpESGZVMpKjDFQSpRSI+QkJGc2J5cpFEobMEKWBAZkt7RLCXCbHKFS6jS1bA2BJIelUiqm5SSHM0MkxioREBIpR5RSSxql0y3taWx2C8tyTsYEQbjZpRQRJSIiigqiRkSVjSSnIW1Ig21HhBFKYREGCZBkSRHCIABkQiHcUBCgCLcEIWOwUGCrRCHCkqQSpZTmTBPQd7V2xbZNKREqMgq5kdmEEAIFQoDT2QzGlCKglFAEkkiMJMzY1m5EKdlSilIqYUUY11qKQhG1FBNgbCAznaQtCCEgkCUkKZuRIqQSCmRhJCmELQTgVJCtJWAL2tRAKEoU4Tal3Wrto9ZaihRgbCEkDJhQ2qGQEwFShDNdFARSZjpTKrWLnDKdZHMoMEnLNMYq2FCipMlMWRGlhCQ3TNqkLTtJokilGI/DVJSKks5stNaiBDiE5aKQgoiEwACSDRgToYBQGCNUigBUQ4pShKS0a5QS1ZlRpCiS3WxJwmlQRNRSVEIOi2xNhVq7CAlFCFRCpZZau4gihJW0QMZKC0qprbUpjYgI2dmSKKFQSCVqCZBNenJLGwBBSCYzIyIkJCACS9iEImoJdbVrNpZKAJktpBpVEXIgq8oJQUSJkCQ7cYYiQjbYmS5CeGrNTidWBgIsEMZuToVkcHNzOhOcxlNrUSLBtnEQCJzZjEFGhGRFlFA4QcLNLQlFFGGXUiAATFdKKDJTEZjmKdPCmRYap8mJOgXFrVmZmZYiQmBjKCEb5NaIopDHNhpqlIhQiMQ4TZumACmyTUgYBZkIO8lMTITAUnE2LIGFSaedFhBSKJCN7dZaiSKJUFFBcssARRAFFedEQFOtVbKETGKBSiiioIiadjbbcqZxKGQiIkJAUaFIJXCEAEshFcCJQgUZwEKgkISSlOWgKBRBM6FEYMmS7EbaKae7rpQicCJnOptNCQHORBYYJINIjG0JEk+ZAaWEorRpUgkUOU3OHKdxmiYRluVo2QxV1K6329TGNIEQklGJUpwpBcI2EREyDoVQZqaNnXZXi0I2paiUAEtFUkgCJEnYAMi2SUm2IjACS+SUxoJSiiTbhKLIkkLZ0qSzCSyHQSUgaldCJFhghPAwTE5HrSGFJIWqkIRbTq1law3TcjLhRrZmpBCgUIlSIkJgkCWEQuFMYxG1hHFmy8xaahBWhtQybYcibawEjB0KC1qKzFKKhENOK3CTnSEJJRkiVCRHKRFyI53YRoqwPbVRSKV2tUq2jVEUTNpSYINLlPQUUSTJahiFQoEUykxSEVKoREk7nWRKKqVEVU5Op0Kym5EUUkSEagQK2emkhCIiG0iIUJRSFQJnprFBULuuKx0oMRaZFjYlhEIRsiUpwomdxgZQqSEKcibgtHGKEoEUIdkZBoUiJMqnfuonGZCMW8uWGXaEnKiUUru+70opKhEqUcKtKRRRTEq1FGEnFAWgUgnhVJQIQsKy6Lo+QuM0jsPKQFCilL4qQtJky4BChIgIkqk1q0kEZEuTgNMqIStKwUTgZksKlVJQGAMIzNSmKbOvvRNjFSKkCGyMQq010goJRcgGpEIoooSxoUSgMrbWWiJJlChRBYSEndDaVGqVlWQphaSJUgKFLENmllqjlpBCilokOZsKcthACiE5QYoS2II0bjZSrWkHkc4QFm6GAAEoSi2lC4RbImqJ5mYbYRQWAlSiRESzSy2KCAoBhNMSCsIQsrFtI0lYIkoBOS1QRLamUESEFUWgkJBaTqAoxTYhhQQoRGZzBLYzDZRaICQjGWGwkSQsSWCHAnuc2jSOpQpCzhoVy24pg2QgbRlDOm2hQCidJkkrwukg0tkyRdSuhoQUUUoIKe2ICKmUGjJCiqSFatqZtrPrOpWwVaJGSAiLiAgUgZFCCjtbm3BYCWE7IpBCQiFTikinkUjTxtGYNLLtEqFSJKnWEsJOJBySJVBEBUeUiMCZYJNktqxFUghAtg0RIAkh4zBIEUWhggo4mzOnUA2JCCHAZGYTAIYkhVpLZwuFZaHMRkhpRYkIBKCQ7czEBiTbzikJnEkJGRMqBGota0TamASlMyAke0pnm8ZsQlEiQk5LABKIUqogsdK1FjutkpkISRFFUoQzIQySCIpCaWdmRC21YEUtTmemQ13tgCSLFF0JyenEJAIgjUKllLSDEFaQDlCJQhG2JBSADLIkgSwsy25JUUiiWDYWJWqEQlLakqywmxMC2UgJJQQRiszERGBJksIiEGBkJKcVVWIcp8wMqZQwhMJOJwgCiNoVjEqRIiRLNUJAkFOLEopQCEi7qEQh022aDAqBFBIYZSao1FCEoWWzHZKEIhTVbtmMjBUhmShByHaUcBqTNiKkTIMRtkottVSnS5GRikDjNIRK1HCzhImISEN6GgfbRcUiokgCAzhBoZAVJYQUkuQ0zlIKgdA0JW4CLAXYiZ1NpYDTjlLs1tpoUETaIqUQQqoRtXS16wSZjhIlKiSBCEWJCBEKjEKOCGNMRESNBBElqiRDtmaDDFFLDUlFlpwmJMLICRg5QUZRnVOaCAHgUEgSilpqCVRsMieKSlRBuoUCJEFSakkMzjRCGapEKVElNNk5TbaJAgkqIUkq4eYSEMJWSFFQJCAZkyDnlChUa4Q9JSEgE2GEUImCRGatBQgCsG2siFoCKSJCoQgQoa7vCEnCFhhJxRiEaC2RIgSAjNNOtxBSAKFASIoI2aUUxDgMtXalr7WUKKXWUmpBli2ptTa1KSjIQipqLQnlNKYzW4uIDBUVKYkSEQYZlcBWyGiaxkwrQlKE0hYY0iBlpoRKwW52tkkRgVpSJCRApQSIMMbCiUJAGgUY5LSiRAnbAhcBraUxiMDpbJlOBWQoQESJnBpOSza2w1iSShEIi1qLkNPpJlISEUi20yiKJJtpal0tNlhpG4B05tSSDCktMJZtiUA4TSCwkWQbSgiMQ0HaNEOWWnJqBhSATWs55VRKLUXgECJUSlcCmDIR6ZRsO9OZVqEo3GxUAqcJbIdCCEtSlIgiQ0RB4UxnGhfVVDoxdhKScTZ3tSBPKQkBKCSFjRQIRa2SsG1F0BJnBkWyDfZ6nKZxcEvJDWMoiggh42yToigilJnZpja1JjDUrhAlFDKyI0JhESFJnlrajpBCdtNy7+LkCaKWwGFl88To6Hq3jCBqJ9zSLSeloijxNE6ILmq6RakhjeNIqKpktkQhIsLKoCCB7JQz7alNtXSSbCM5W0SRZCyrATlNUwPVGrZKLZi0A6dBzrTSEUVBSxRERNq0RJRaMDZtao4sKiVKOg2BIRJP41iiKJSZKvKUJSoFTJSwLWjN2IpIJ2SbMiIkEYqUQknaEkTIgLNNWWoxOTUrUVEIpxVKg0k3EVHCmRFSasypq7XUImQgs5FkIIOzgVy6EmZyOh2SokQop9ZaRpGkNM60VBWKQGQ20hExtgw7bXDU4mbCIiREMSmwLAsBGIRswGlnyyjCZLZSioXSUmdaprsIiymb06UUIDMVSCWk1lrazgRFSMYmutpaI7OUMuVUS5UkouWoUCjSRESAQ27NpmWGQkLGQoGT5uYmyREh2wrjbK12PdiZrbkWpS1FiAScNoEUCsU4TYBCUhjkNCqhlG3sdKqUINOW3SZbptSQJMnJelhXUftZ2gKQbTtJCCyqwghsEYBRKbIzbTmbS1dItyklEFGilGhTYieKoCWBJCwz2YGwrSjR2kQ6FIltLFeVUovJbM50OksoVFomkaUUuWabDKUgSrpNLclEKqVAoBQCMpshkCVso4iQbYyYhkkiSnEoGqWGpWkYs1CjyGES23bLDAlLkmlARJFJsCCzlOKWaYOEVQQSjFMaA+CIgptRV2spkaa1BEIIMpulYRhrLRGSCjaSwNhIOFtaKihBZEjNlp0QUcicpqZQV7soOGVZElZmAoEtSYEg08KpCGcmiohoLTObM2vXCdmWSDIIKTIbQhE0xjYqFFJRSSGruQkLSpQGMkVKnK1hHBJqbZIiQgChkFprTiRKCShkSxwijaTJWVQknInTDgoRRYJ0ayYbRUGoBJmInCAMTjIUIEktU6koyswSQrKlULaGEEiyaVOLIhFJcwOsUtItJ9cSpZRmyy4RCcY5ZWtZakQJG5oJ2yKEnc6ikMK2aESRA2UmAkWUYBgn7FqiYbkYgw3OjIgQqEBmGmS7CJUSUmtJkOkQUNItW5ZSFGptkqIIm4YLMkiSlDCNY05NkkoJjGQ7bYWKIkIKZRNya2lcJUURzsxQUIKEwK2pRKYxQGZKBAI1MqBEJNg2SWIkMDgzStRSpmxCTkxDwkpnRKkRDmPLShtoU9ZOtm0pAhTYgVJjG22DIhQqdkYo07VUAkymcRKAnCkVoOUkFFEQgNNFmrK1zFApRTKpFLLBRpCeUBVRanpq0ySVUEk3qYSsiHGagIAoFUDGth3ElJNtS4GiFGeG1NIS4IhI8OSurxBytjQCsA3YDcKAMySFDGEljlLcpvV6iCjRhVIlOtRScssISRERmVObXPuCm1SHYRJJiRLRpsQmFIiQoOUkBUZSy8QqoVLDaFyvp5ZdrQ4qGqZJERHR2qSk1JJCaYrcRJjMiGpniSACbHDLqTUMOCRL2VIRIRRSFoUVwti2nFZgO0uUBAEo0ypgT1NTUKMUxZhpO5BCgUyO0yRHlMB2CBsUArAUwklLg+0WEVEqNiEB6WaDsY1KKZmNdJQaoWzNgMiWSNghTa2hqDVEABG0yZCWaxRCnjJDkUqnCqBsRhkKSWk701CiZpsMQISAULRm24RDBWWmQ9GcTkcQKtkyyaJolshaamJai1psioTCNCtIkoyIsNMGbEURFs6WzbioWjgzoUpEsTOzKZSJnESJwBO4lb6X3aZUlRRtmpw0TzZd7VobgRIFUIkgMtvUWkSJEjUijadm0hGACJFIJWSUrdm2FArJtjMz0xFFYLt82qd+chgDkGnbYVRKhNIZJSS7pZ1SiQJBIGEcEUQUgbNFlJBA2VqtJUqxGYcRbBHY6daaVUoUFM5E4BalKiJxEM0mE0mhrtZSupAkKA4BYVJIYKhdwTJZkCJwOl1LiIrStiRZEYEASg0ntjHItRQiiiQrs6UgLbk1pABQIAmDsyVQSikRRZFhshnAJUKSM4dpLLVGqVhumW6SIiIoUarkUhUUBbIs2Tb0XdecbZjSbplTurVUECWkUGBQ4nA4EMI1AgFFASZbIoOLlM60nYlRBHZIiZNMWyALkaiUQApIM7XJiQiLQJBpwBIFjI1KlNZStqIqjFSsVCKRlmQkyUCCpEQBBksiIoiws0RIBGElTktYKoGdoASJbMaAjWQpao20msdQQCiQTVERpVSkqSUQQhIAiiAUCuGUkMMhYcsm7CwRKnKCUxJC0DKnqYUCLCEVgQVSicDuui6iOg0pBxEglBiVKEG2dFGJgg1ESAJbEUghWbSWaWotJYStgkIlSqI2tWGaQkrbbnY63dwECgVOpwjIUCQOKSIIuloiwiDCuLVGFGW2dAShEOGwE4OggVuCo5SQ2mSrRVQFIUkhCYxtECqQNOxQCYGkKEVSyBJOMkFhRYkStHTLjFBIFgKFMtPO1jKzVYWtCEUXkoQp0aYGlkJCBYVKRImIUmSpKBSZdjZLbtlaYmxKKFuC2jRN0wghEAgDTkKqtUqgkChRFBGEFM0pLNVSAsJyJiFsYxtSKQkIhUIkkNmc6RKRmdglAhsjKaS0nWRrxhgL0plNkozM1MZsriVqDYydCcpsTgljW4ZQKCiloMhsiQtCTFNGaGqT06XKQsIGHBEVWmaRopQEQMZ2SSWJTYQIILM1T27ZMjNbRCgi0xARCkVmGhcibUUIWma2KZuFQmUcB8u1Vok2ThYRNQI7QrRsLbOUICoiVMAKSkREkeRMY0AIE4XWDC4lIqJl2ijALrWTcDYbKSQUxShzBBAREairVSXA6VQUoShCIAk3W8akVJBthOwmIkrBGKQIpCiSpMAKEQoCQ9fViIgiSYoaNtgqoRCAIhBCcmZi0qqBEoNNCNtJOiNC2AbRMjERYZTOrnZRlY3WpghFhJAKmWQmtgRRQtgIFAYkpZElYRM1AlmKKG2abEdEjpmZEWGnnaVUhZTNCCEwaiQG5Aa2JQElnJaUngIIgQVpYyQkCdIykC5FlqZsEolDyKEIpEyrqHSllOK0RABFGAnb6UQCjEIRBtlOSagIpw0moiiQwBExZZOQwnKYiABPmbKlMBgiSpRCZiikmHKEEEhERIKcgROHAE/TBJJJInMqJZDC2M5szVMtXdQSYCEkSQQGDAal7WyWSgmTQTQZAygIhRS1FimEjCUFoRAGFBLImRFRIiLCYEmlFIWEQjUiVBwpyfY4TSUCyzkZFJJUothOO6RpGJyutQsisyWEQhIwTc3k1KyIKIoSBEoJ25lGEcJFZXKTTUTX1SDSmZluaYgqGUWRDEL2hNMENkgIUEs7JYEdKlEEgCKUrbXWVCIiWubU3NIkKpIkmDJpDSSiudmWFApkyIRwIEE6U5JENkcECoXkiIgaIRU7hUuUKBGllAgDaVXJMkglKrhISMo0iUEookRYxiCRtgjZUUIKnJlAKghkCIGFnc2SUdhNgMJpsKM4R1sBCtVSI4qMIlQUUWywotAM2ZqtElFrCBHCBiOgtRSK0NRG27VUW6EopSBjEy6f9smflKGIiIiIAEBI6awlUMmpOZ04c8KywZRSFJGttdbsdHPXVQJJobCEhSGTkJNQtGx2KghJpAVWiRKlYLvZGIMkqZZCCKHA6cwsJZCFpCghRRGYbJkRYRAgQFam3aYGAgey7dacatkyM1CpteVkZJRutdQSBUkhIWdLKJIgCEJYtZSIMLTWSKfBlFIkEbRmoVoqQlgRNcLgBDVwJkhYxoRCKAI7uk4mSdsY2yoRorVMYzehsY2ZlCgAUnOOw5StKUhhKyJqqTZImVM2R4RbU4lQKII0kojoQ0QtMQ0TkJmZUy3VgYoEElMSgWw5pkzjACRJEkZRQlIap5tToIhAUQkV45BSGCQphBQopChyWkCAQ6WUCEwo0sYpIhQqxZZt7GwtnTYCRYSQItPGQiAg0yFkJ0QIEQQyoAgAyQlYiohiUpZFiSKcibFUCLUEJ7YkA9jg5hrFgBwhwCai1FIUARakXRCWRRgphIxFlCgtLbCZ2uQpkyyhiGipqTVnmsAIWssAlaJMkAiFakSC7UwbQUoKRSlhI9mJ05OhNStKqJZaSomICEUJKULhlqUgBbIcFJWIICBUCCKKAmVLUDpJImqEJCGlm5MSESUkKSTCxhgUtZYIsMBEttYyQxFFoYLooigiSpWkKAqihtPGNrUWCNsYgSJCIh0RUWu2BMtO4damTNyyYVFrLSW6risRrTWbWruwowhCihLRbDttt0wyW2YJZCFC4UyidrUQIggFUJBDSAEytjIzM0nbrdlCUaRQqIREKVFLkZDS6eYIalfTKalGIZMSRTXClChRsOxszpBs26goLBuJTJdQKcJKIeGW2SYisjWgqESE05JInGSmwMmULTNLV50WkgJM0jxlYiRJpqXTE45SqqR0oii1BBjbtu10lDCCtNMtLSKKQiHSDqnvZiEZRCm1qARErVGiRASSsQDZmSSlhAFku7lFhFRKCZVwIoxsQkIRtrEMShsihEKSJEmyp2yFcFqKiOK0M41K1HSGM8GAJQTOdIRKhC3sUmVjJ1ggZCeQmZm202QmoBJRSoCKyAQkG2RUhMAmnVKRFCEkDBLQpknI6ZxSksMlioRAkkRRGGPsJkkJJqJ0XRARUaJIFOQSVSHZUarAshSGbE0qElObQKUUgSWgKBILqZRSQjJRSiiikwARQbo5gXSTFUVBEAg1t7RDyqkZ96U4ig2ZaUIqpUQNp5EjAIyRQkUK2ViARIliu3SllmITprWGQgowyM50yjYKBS2pKqWQMsY5TqMihMwzNec4TW2cSgDCKQVSpsGkFYFwemqjhK1SSpJkJpp1XalVorUcpxZFlrIlOBuSsk3ZkpDTEQXItO1aq6KQKRsJSSCFnTalVhSyW2vTNEVEV6skQ40SESWKIiRlZkar0SWe2iRkLCshZCScicc2tcngzIxQkUopEYoaUkGkZUM2CSQpE0oUOey03Wy3CUkREJlNVULIckgogiuEpBoFgYVTEgRgu7Wp0UoU7KKotcoCS5oyawmMFCWKM1u2NqSKEE4rCMhm26GIQqhEhAMZpAgCpmy1FqFxmorUlYpobQoVBaQyGxGBWhsjitMRIQBKKU6jLCVK6RRYgigl0i1ELTWdmHRGhKQIoQjCZBAIZINBkDjTxkJkAxIkR8TUWkgALafWaqklqkImkTF2ShEUZJUCIhwIuaioCKKZIlFAkFaUGlG66jSoK8Uhu0FkTkgFIcmWZBsMSmdrqRJgOcG2FaEgW0YpSFZOU2ttzDRRApdP+pRPLChES8tSRBRJgAjR2phTqbWoqiCFbAsMKGk4wFHDNqiWooicJjslRdR0llpsg6JEUMBTZimKCMC200RIlCjpFiEjZ7plaxklZDINMpYyk5SxjaMgyLSk2nWYtJVEBKIUoWI3OygWck4GQpk4087WWpRQBEiEQuBsTYpUGjAKsBLbIKSiQKWElIAzIhwOnGkkYySgKBIkYaSwEoGRIZ0ix4kgai0qtUYppYQQSgmDFCpRJFnGgDIzW5pwS5t+VqQY14NxywSilKJQCQg77YyIKCEhCxOh9TAEiiglFKUUy5kRYBQAimJsZ+lKiZCJWiLCQENIRVEicEo2uGWSrVmUWpyZaUE6ZSQcxjQ7jUSpJSQ7CWUmEW4uEQR2AkhCiZFKrSohMHa2cZpAYIxkh0hUoiul4TZNaYSNpFCoQAMZ0kahyExQRBgMIVSilJAoEbYihD1OU9oKsrV0Om0XKyVkp5utWsKIdITSGQKTmQoBzR6H9TiMEaVUycWyUS1RuuJMSEVxywgBIUcUCYpCUkQEUpAAQiVUFDaYtDMzQziNZaSwp2wQGYoSSnBmay0zJdK2LdlFYBwCsEGhIMZpmrIJKSJCCkUEihCKwBEFLGOBIZ1VYKUdEnZKLZsgSokIRUSJkIiQZCOwc2oTKQcBocg06YgoJYiQwukoxU5QtkQGtykRXdcJRaCotSsEzqRUjEK1FCQrnVaEMc6IiIhQpA2eJisAGUuSpCIbN0vGkmQjjGQ3KYAIIYgQUihK9dQQBmfLqSHbzkxFlAgjBUGACYUi3UyAnQas1iZLESoKhAwmSQVEKSggMYaIIqmEkKKUEorASZKgCEopoUrQxjFqqYphbASgUkJCEThriYgwJhxRQoEskAQqpShp2WgAXVdkYdsIOaJElFKMnRiXCENma7btWiKkdHNaCVIpBRsECDW3aWzphpCQJGMwmZlAFEJF2LbsZisAZUvbsi1sWk5tnBRFUkSoFOS0MydJgLECI6edRMFJqYoSOFqb0pQIg4FMC2zAMlJEgJFCJdNTThEhBeBszTgdKlEJRQK2RYRQIDAKyaRbpoVUikIKFKWogGl2IKm5QUQEgrRhakOCQli2badbNmqJKAFOy0yJgBCynWo5ZUuFSlTJRiUigpY5jWMpIZSkUAgcSAESCkOJCKBElCg2LdN2hErENE5pkqRBhLEzTZZaWktIgZCNTYmw7USm1FAJQQkhjTlltkCg1to4TKpCgEnStkFAlJBBgRDIUEpBITtKCBSSLRShrlRFrbUYOR2EnXaaKCUM4FKj1J6gjVM6DbYkLDKbs2VaoQhhgXJqhFBESEQUKaJlKhQYBUgYy3Ko2G52tpbZnIkRGGqJWkviTEuScGZmGjud2C1tYQRFJQoRRVg2ETbYKoGdNsikGogoxU47s6VknLIUUWtVKA2o1IIUUZAxtestlxKCcZoysysVlOkISSCQQmE705JsA1Gi1AJMLUOyBZKUJLbJlqmg1iKiZUsskKClpVJrCIUy3WzbdlNEhAQIAknYimIjySSCtLGTEpIEZKbdSilFhUBSRJCOElEqTihgRQGjcBqMLYSZyDY2FaUbJk22RmIJqURIgBxgQYAw2Vprzc6WGSGVgmhpN49tCpTGpIjaR9okNkiKolAICYzsKGG7KCwZC0kgmyRFUCJUqkQQEiYTY2NNwwhSCVCJKLUSYEIBSBKykEWUzEbIAJRanSlQlJYtFEVFofKpn/SJSC3TaTvBUQKjImELGhFK3KaUEEYCAkWUWopKAWebDCWi2YhQZDYLQakVEVIpoYi0A2rtMIowViiiYNJINkxtmqaJiBIhCdOmZlFCOGwAKUoUt4YlnE4hixJSFNNq6RSSDUKEwplGERFSKUURQEQpyJmItNMtEIqWE1a2Bk57zJEpLZUStVZFEc6WrTUphGiebJzYIBloDULCjlqMRYCFHTKUkDOFcmoUYUCJ3bJ0JU0KYWMDjlCUEIlF2ISiFKxMZ05RaonAKEDh1hCeEpxQSmHKBkC2FiVq7WyD00zpdLNtK9MJtURmpt0SoSkzp0lFkpoTZGzLGBxRFGEcUQIyjRQR6RFCKirCFipRQphUhEKZCdjOqUkQISQMigiJUJEEBJ5yIhWKCBVJESpFEBEKhKKUYb1utkRiNZDDNMltkoIimXQCRdGwnZkOQhI2AuScopYgLIqi1jJNTShKOD0Og5EgwZ4gsMAWRIBRqIQEiYRTpS8RCKmWkDDONMIGENhWSNhWCeGIyEyF3IyJImEXkUKypYInT+kqlSgRRSWkMJ6cTmdLI8Q0TqgUkZaQA6m42U5DSBbOFGrZwLUEEgILyXZmGouIAOSWLZudaWpRRDXgJJQtbUsqUWotEOkWBtTaBCic6RAtBSbdMqMEhGmUEpJAqGUiIgLAYJdSFRQiStiM0yQQiJjaJJDCbhFhp5OIkG0TRYqIIEJCEVFKSLJwa6GQYhrHcRwzJ4xkI2emMzMjSkik085mCfDUWkRMbcxMRTgbxghQCGMlJkEo0wl2hiJpQlGKMY6udhGYdGLb2bAUDgU407ZtgyWNrTnddYWkpY2QadnsiNJaSkgRJRB2ZmZVKOxEsoAI0ghJAEYoopSuE5l2RDENK+0oAdjYzYbAbjZAiYLSiSUBmLQiJDvVMltr6TTO5kwjBC1t20ntulIKJhQEkoCIKKVkOrFbpo1KhCIkKbqKIWwLgd1FqCgkYzttSwqi1IINyEqQbSFjSQpQa5NNyBFh29milhJF6SiBQRFSS2cmiYsjSrbJxlJmKoiICClCyCApJNuyksQ5jZPACoFBtqIoCgC2rVAgMjMJUWqJKAZnRum60hm7pVtDsg0pwplpKxQqIQUYSVJIwqKWEiEnIizZ2K6lYOzESrtlAyuwhYRVijKNCGTZGJu0UJRiHEQIlSoUEQ6FYhwmk1I4TShCdmZmKLCb7cxAjgDAzmaUxpnYmJBCMU2NkEIlFFERmbi1KZsAudRSIqQotUiClIWELZQQIaewE9vpoEaVbBRyWhEqNYRCai1tC3C25myTUSlVyHaEhBChgEyDhLNlIy2FQoATIQd2ptPpEEBLS6iEJGiKguR0mxpCxDRNpVahlm7ZJBQl3bK12lWDbdstJwtB4oICdX1fo5YSCZIIcsyWBoqKQi2zOQNZYEIgnAZsDMK2BSolEFCqQhE1MBECQmrpKEWESZAkkASSyBJRoiiwJUCKCOw0AIEUxtmyJbULqYJDYRvALqVYGSgijBQUFcCAEQbbqqWU2qUTWyrjNIZCUkQBOU3ImHQKJ5CtWdB1XcuWmZgIhAy2a9+FcCaoqxWcEMJShEiDbEQKBSGECIWKSkihKCEEMuQ4dV0JhXG2JJOINo7r9ar2nZtByJgIJThNALSxpR2lgIRriam1TCOyZQkkKZ1KRQC2EFFCpZSqUKTJbCBZCXbKlC4wOFQVEkYYqShamywZZLquiwhJmPJpn/rJpahNk+WikDS1BJdShWRFkRwmEVJIAgqKUoDWJtmSWxIWwkaSRGJZJUKSndgm2jhJGaW01sZhQKoRabDTKRKFJKCW2nVVJZwJRImIIkREZhOEAKMQRCmEWkvSUokgE4nMZltSmNZaM30tISBkSyoRpcY4JUoTgW2XWksJ46JiBSAUVtTAlpGEwRiixDRNU04lVBSGQIQiBFEETkkKkWnbDoJQCIkoJSxAsp0gECFJQSA7ooQkK4qE0pnOrvZpI4RaSwVBlBIRpdZQFGemHZIiAIydhhARkah2oYQgM+0MqSiMoyikiJKttakBOKWQbMh0QCADGKu1aRpaKQU7FAohOVuJWmrIESEUtQTQsnWlWmABbrYVQe26lk3GOCSELeeUoJBbTpm2sUotiICWLiWCMAjJCBQxjlONUkotJSSFIkLYJcIRZLOwgUTYWSIkIZmWoGaCsNJEKQpqhBSYUmtIJiVFCEWEIioYWaWEyUxJJSJUCEVIiqillNqm5jTGcoAUETIWCgWSsEKSnE4wmciZ6aYoNlKRMDgTjBSi64pKMbYdhgjsQCWqSmBFICJkVKIEEKFQQbRxymxSCKacxvUYXXS1i6jpbJnCgsQ5pcDgzCmbjYhsrXbFliRhCwggapQSOFsmgA1OK21ntkycUfuuRolomUgyyBClQMhEZkKKkCRDgDAORGADLqWLCEkhMg02KSIiABGlFoVCgQhLimxOORQKi0A2hAqQLQWWMhMpRFWAkEsJG+OUiyDUpiZTSsmWpZaikEIRpRZQjUgbI1ki08IlokSgAGFKEYZQiVBoGqZ0RoSQwlgpAzbYEQVnm5pMrZ0h3XJq2SYFpaul1hJhNwi7AQpEdKUgAc1JU7OFbNktjZ1EQcgt00YRIVlGIkI0ZeaUY4kaISAbFqGiIJ3GJUIAJaoUyimNBSIwYAljjLGdEaXvC0LpcRyRS6koVCQjwpkgSaBaQxIORFHUUiSRVkgiag1F2kgRqlGRJGemUa1hFMKIsBQlADKbJElIIUlhlGnSKsoEHCEkcBARUqhEMRhClFpkOVMIcDokGYCICJGgsB1FIdm2E1QVkjHGiHAkaRRFSJkQJqldLaWAM1Mhh0ogFYNQa82mRhhJIGwCSi0YyKBKRgKcmdmcVkglUIEWIITCNCGETJIhOUkcRKaBKCJKa5MUkiQVYSEQdnOUCEUmdiullhARYMAoROYEIewEnI4iSYQUESqSlOkIBaqlZEioSMhpY5WuBiFZlGwpKSQnDklhZ8NktjSkIkoJG9kWTowtSDcbW4gISKlIlNLVWkp0yBClSKWSNGepXQRShADsNNSuKwWh1lKyJefUGrJtl1JCQo6IrvYgO23SGaUoLAJRkEJRVCKkMJSQUKYjqrNlWpIIBKkSQWbKAakWkqRmwqQcSIEkhCSaDc4kEwnJxrZKCakhZwNBKqKIZktSRLYEG9IIhUp6CkLSlK1IFk4jSYUgCAQ2hLGIKACZli1JISeShIAQmYkIlYiopUiREFK2JmFkW1KJKFFaZhsn24pQKN3crBJdKVECm5CSNmWUiBAEUjpVQpDT1NIliiSEEVa2kSiKihV4sipRIsapjeO6RI0i2yljJAg5086ICiohGUNmQ9RaCRmBa1ekCMkRtXQWkiDdrIgoFdIJKFuqlCpJKiWQp2kSSBEqIRzhnBIMgSMqckBEKBQE0LJFYFtFRJAgRRTTAAnJQom7UglaEulSIiKQ3do4jibLp3/qJ0cQihJSdBKSgpJtJKJGdbYEKbpaZUcJSbYIt2QYJzlr30eAUIQKopDNSKFSw2ROFkqcaUIRpWWWiFJL2iSlFEUkKsikm0utobCdEKjWghnGUXa2yanWmgQRIYkIIPCUDuE0kNlaYmdma5li1nWSpqk5W0srhBEAJUJOK7pSKJHNEZIUYSkU6qKWroAQ4KlNoYgIIWxwlK7UKLVQcAo7Sikl0kiSagllpqSIaK0Z200RIUlARAi7KIzIzMyWrSgUhSLSU2sKC5SZYBECQxAKOSxksjmdgVMOq4QMRChAArep1aiJbZdSIgrIMshpFFFiGsaWrdaudAUUEbUUBc0GKSQLZ0hRVEqNKODWJiOkaRozqSWQQpraOGViRShbs4gSgEAKhUoptVaJlmkTQiGZKSeB0lGLZJvWEjtbA0XIFrjZmUaQdlAjQgFWBCIzEZmepilUuq5kGlGiCIAIQdgCpCAASWRLJNsRQoEdUbpSE3BKkdlaNqPAESq1CLXmQJBOIpQtW2sRUSIilHZmllpkbNsCJCnAOLM5hQoRUhpQiAhNrWEEdiaUiIgiCVtgy5LbBESEAozdwooathxWRgQYKVo2Q6ldKYIoBkWJogAQIHJKBKlSiBLGhAIN4yioXRcKZxIK5MyIYtJTc2KUzc0tVKZ0KREQESAkewJUQopARASSlEZ2JgA4QggiZKckK7EUziZFjeJwtqlBqEgIKYRAigicllprMomwjUuEbZqNiySVUgNTSqjUolKidLVKxbSgRIlMcCICIjqQI6KElaXWiGhOSaUoECGnFKolpLCFk5BUSpSpjQJkm2a7pcGJQl2tpSiKnIootZRMSwo5p2xOOVRDuE3poJQqSypRS0jgNDibUyWCEFACOyIKKAJJuNQaEZIEpUj2OLZxasKlFCTsErWE0razlq6UGiWMohRBZnPLiAiVCGwiRDqbx9ZIhwRWBOlSS4lOUlGJiCglCIxBBohSLIrDZLqZiJAgFJZDYRJjpxRhWXaCQmlKcWulFISkaWyJQ8WZmU1SKQWhRJIk0lEiSjhtnGnjEiFo2cIiAggVy4EMSCHhlJBcShFh2c4EpxPshjEOSVgihCQQyFaUEhEphKwUgdWUtovCkC3tdDpqkYRJk61JihCOiIBsOEqJEJLAThKJUMFOLEfUUIQCTISkSDvTSCILakhFJQRRSigi22QoJUhqhDHNUSItQaZDCskRTk/jmC0ljZ66UkopUWSQBRgHQeC0SkRUhbCiChGSBKiUcISwkYwKgBMn4NYmO5CLVGq1aVOO05ROg5MSZDZMiRKSHKVKCFtIkp2iKChSplWjShCZzdmkEJioJQQmMxVKWyLTKSFwWiFJQNTa1WpbyDjTDgJFKYqCDVYEUokiAhkcUY0lSikREVGcrTmBbDYqRc6WpkYkSDYuhAQFNRRCkXYXQQmMbUI0UEpRSoRkAwqwMAQgRQ0kt3Q6iCiBrVAJiSq5mczJrQEYC1kCcJTItEQoJKyIEk5LSjcSyExjWjbsUgsmDEBE2jaSLEpEZjMuUQQgQCGjAoLW0kYK25AQBEItU4ouwpmJi8I4FDZtyohiEgxIRYK0TeYEEVFKkYTtsTWwbSRnjm0STlwkRRjSDpUSEBI4kdNRAjITI1NqpC0hAURIRGI5s6VQRIAkIgiFBHZGCMlpBCiUmSFqqZaAzKaUasGEVEqkRWaUCJNO2zbGhpyabYdqFAMO2cYtWy3GwpaUdrbWWoakIBtFSEREa5mtpSOkiCif8kmfYMtCUSWVkEppbQyFWyKas0RIFmGRrSFNU2uZTpeoCkA2GKdJEBYSgdxymlqUUkqxFVJYQJQi2QYjpW1jZxqEUITUMoVCILmZsE1OzVBLVYQkoYhIDEQpRcpsToeCErXUCAmZBGrtpjYpRKhEKIpxTmkRCmMLSa0lmSqhkC0ICSvAIUUUZ5NREUBIilqrUDqlANo0TdMkeUoHEkg2MiA7s5SSmc4MYQVIMOUkSSFJLVNCURVKQdpCsiilFIciCIWkWoqsUiJJJ4mzpZtDilKATEqJQFIYYSQTYUinbSAzBeBMl1DLjBIRRRg77RpBGEq2BihQKUUQJSKaEWkjQgFWKSVCkK05W5vaFEStVSHjCGFAUqQTZylFohmnsUOKCEtkExElIpQp4VIKipRDkU6nLdyyRJQSUSIUDqWdiQJJoRBCdlJrCUVEIEUoM8E4CGxHkJmZ2CmpZYtSuMIZUYzG1qKodkUOhaWCnWlUpDBktpYZCoTBGDuiKIDItNMRSgNKN0ASTZYwtZaWkxRRokhOJIxw2sYklooIigRCILAzSRBpFEQIRYSyZcpqWOlEUkQg1RIQYGwiur6A0sYpJAkpMxWyIpDtaWwtna1FkUIRIYWdlhRBZk5ubkYlAoytADcnSCphjCFx4KSUMEJCilBIdhpHKKJEBJJbphsQYJzptCWSlElLIlBEqMi20xKCaWqQtjJdpLQRTuxMoyBbAlh2KkIi00VqdubkjOapRLVtIVRKMc3OUCiCdClhTNppiMRuadItiSDCzZYVJVvazURIJaJlhhRRAkUoJItwWCCQQoqICFEChTNrrZkm09DVLtPNLSSMM7OlQoqopZOU2SIoqhKZRgG2QXIaWWAIxTAOmdRarUAZVsuMEBF2ImEgBS0TiFC2piil67Bt7AyJUNoR0dVORZiiMEjhRAEqzkTCRtiOEqFCGDuzZbMkBSgiIkSo2JQISbbsJtTSwiFRgrSFWxrnlOlWa+lKGadJIZUuhJCdtsEWGECoREGEiiIkQsUgLIVBJoTBNiIzMy2Enc5QRI2QpJAzooRESLITLIORJATKEgWQAntqSVhSZhZFy9ZaRkiKIhFkS4m0BQrJQhiQQiFFKcICjEw6SaelUEzZsGqJaWrZEmQsVErBREREGGy3TCkUQVoRIQUiZIFpbq2lRAGFEAZFhOREEVFCErYlKWSnbU9TSyLcJpVaIqRwpiBxSKGwZBBgKySTzikthbFsS2CIWqoB23K2lIhSMFFsk+l0ixIohLEiwkICCZDk5oSQIookQsoEqQhUsHHarTnb1DIVEap2ApkZNWQl2JQSQg2XCBAis5EJDiRJJQQStiVIgSJsI+RMS24JGBQyKLAxhBSlRonWGhFRA5PNCqEAB7YkRaCWSVpFkmxP02QTpYDTNgIjSYoIQRCqai2zTbVUBQZAEhgVDAIbpBIoQrItRWtNRXJktjY5IiJkU6Ik4dakkCKKFCGpZZNlZ4SkkIyBJI2EJAAhZ6YCUMoChQwSKGwLOdNgWqbtUiJKXzGKaNmaJ6yQSkiKzFRIkLgqkEoEERhDSKFAQsIgSik2ipLZWpv6vu+6zmBCEqLZNFtECJHp6EqRQJlNEQJF8dSMAREOJJOybYPcMoukUDrdDJYAZ3pyC4oQWEU5EYGQRWsOiFramJLSdjYgoqTIqaWzlJJOnITIzEyVisItFTGN05SuJYrKOE1WhoKIBJrBiBpFIR1cukAa0TIVlCitNewopZQiycbY2YAEmqMrzsxmRF/rlK21nHWd0xayKdGmKZspERBRjLOloJSwyUwk5FpKWnJayintVBFGJWS3TKEIOWlysZtzGlsYlSDUd/04TiVCZnQLjEKhQES4eWxDIaIrrU2hYgR2a4bSdSZLykVOC9uUEiC3dIBBxuFsloxDCoSESTeVcEsgG5ZrLRiIdJNco4Iyc2xDiRo1nAm0KRWqpWY622RQKQGYiEDOTBHNCWRmicjMCBkiKqRt26SjlojItHBOmTjtEiVCEjmlbYVU5BQKuamEm22XIhMm29Raa7WUMbPW2qk0EgMOKbFbInWzGS2HaQiUUEuIQM5M7CZIcEYUbKdL32HbYKKIbJTixpRTRAQCJ5CkW0gtSU+Z7msHpFNCCoWEIgCBWmsKybZl2ekoIZQ5STWgySQUGFNFUhE2DpV0W67WfdeXopCIwGo5ZUvSVna1T5PZMLXvsCXSOJHsTCKws6VqlIic0k5CgrQlZToUVqqZWpxZomZrRNQiWcM02ABIJcKiqIBaTk6XEhExtqZsiiKFcGtJABLYxiC1NoVCEbUWYycBhEgn2Dm5VYoFWIgQaYyCbLYcClBmMy6EQyFFKThtsmViZ5aoKG1FCRqTGmnZpdY0Es5sU0aJaRxbtlIiokoqESphLNu2rKiRVk5T2goiitKUwM5MKTBSNjvTXa2ApJaJiZBwJlFKa5NCbRgdIadVQiolkLGAtAWIUIBam4xLlHGasmWtBQkUYmqTUKjYLlUtLQMQZEsySy2KGkVpyIyQInLM9GQJC2ysBBkVMM60QzU9QkgBlk1UMolQJC7hTCEJEqtZ2abalSAIMFM2kq7rEmhT2oAkKUrIeFgPpSs40hYWJA4VMCGmNCBZbuNUIkqUKdtqva61lKjYXdc13MbRVlGiGgWCacwSJUKWZCeQzUahGqW1tBwl3CzhzJYuJRQhSwrTbNs4HYoMBUQobWEDiSKmaUSQTK3VGkZFKGrLltMYqlHDaUWUEtPU0lMtvSBtRASZDiLdFBIKFZEtSVJRnA4gJGQyJJAhM21KREjYClqikG3bQpDZrJCdEOBmu7VMlxrO7EpHhDGCdJSiTINtEAFgIymEDQiR2URgECLTRAgrbYwKtqVIp6eMWhQiMxNwiWLZLZFaZhClYqQk7cxWuooN2BKkUgmgEjlly0lRagQStg1F4zBIihKFYhnw5OYWJQw5ttJVDMpQkYIi2dlSyCDhFOGAcWwtJ0StXUjZUqWEDIAkZaZxIZI0ko0kKbEAk7YQEaEUYQAjZWuyCIFtiyAsF7CU2WyjIjcbgxUlJCxEtskoRKhYUMjmwFIYZJqnNEJFkaQcuFmqta7XayCiKhCkU4iQM0VEUSbZmrJN0NVqW6Z04aZUQkh2a2lqrc5pMkXRpiy1lKLWDDQ3Qa2VFMo2NkKZWUrYOI2MSgQYC1l2CpVSFCExteZsKDKzKEqNNLKnnHBISAFGzjGjFGNF2HYaiBICTLpJkSBMIsnC6VJCkslsKUWbWpRQVNzSzZMtulqF0k4SFCYxptQAZcuQGnYzQUFGzWNX+1KKM1tmy8SuKupCKNuUaVA6FdFFsdSmQRQVtYZpEZIkHKog47SFQYCxGhkplNmQbCmoCos2JVghDAI7FEQgt7EpQlJmYkdEFLllOlQsK9M4nVYtQWRmOrtanNlEV6ud0zDWOktPEQUBtJayEwSlhK2WTSYiCGSGcSpdDYSYpikzaw0RkqdGAdXI5mkca1clWkNFEQpJxhgkaXm0lFxqjy3RcEih4szmVlSMs7VSaqmRLcunfPInKABs11JUKpktM0pYwtjNzXZLS5JCYdLUElJgkGRPOLPZIIhwc5JYtRRCbUrZ0RXbkqIWyIjIZtMUAWSmhCKkwCki0Nham6ZaQ2AkaHYooqtO0i4lUs50UZFkhHGmFOnWxlRRSFMzUilERClVIiCiqES2zGyhkAQkDsmKUACtTaqlhELh1lKSnJmSohQRilCAHVGbs0gAOCGzTViJFdjZjJ3pQNkmQ5QyTRMQkiV7AkRYuCWm1BIqJFFCie0SCoUU2LalKEXDNLXMEgoCEUGmENGVEiWNRAkpCrZtC0kYEQqFou9riWKaiBJKZxpIQMZiGsZhHFAookggB7YjiqSgZKZxSCDbUcLYIiRjU9INqLUIhnFYDVMEEVIJSXbWUkKhiFKKkEsENIOxnc0tM1DaTlTAhBRRCRu5TRYhRQjbEjbYdkrObOlaa5RiI4GdtiwEQRBTSwRRhEOR6ZaT0+nWbAABilCFNIRsY0lFASaVJEIKhSII2yYjBGGMIEm7RElMS4QBOUJANtuOiCghSByliCghhAQRJSIQokSBUATOxC0RtlOhSCXGKSsC2+kEFYtCUViSiBBW6aokZBuVgt1ociCilJAUJZBlRFdr1JqZASVkyTSsvpaIKF3X1SoZERG2syWiZWYaGyi1FBUhRQA2liWVLgwliqKkDQQCJCmEZTlEZgOMqkqUgt2cJUo2I0qEFJmNhmWMMMIoRIRKRESpQUSEQqFSyHS2lIgSIEwpYaJhIUm27bQthUkIRSlBKCShiIhQAZwWqhVFLSEpHETpJITtJgk7gyCMBc20NoWihBSR2SAAZ0YUt2a3iFK6GliSkZ1IAE6gllJKEbKz2ZWIKCkj5ADbRMjZpqkZp931XSmyXWoVGbWLEqFSS1dKjNOEES4RgNN2KgpyQjYHsk0IKaKARBrSzS0tySggQk5n2ikpM43SLlLUUihElFoiVLqoUS2kCAWBcUQEtLSEkbNZUUNRilyMbWMJIUtqmQbbRQLbFmptFBhlm4Ji0pkKYaZs0zipKFuzMyQApJANEFLiYVgHkkopUWulCONMQaikW7ZMCWeUkpm2sQFCUoCNReAkMMYYpW1cI+zMTGeGIgiCEqGQFEgoQsqWTkdEcwYS0aZmKUopJYJAKBS1k6wkcYlIwC5RVEKSMy1FKFuLEl3pWqazAcM0uLmUYhNSqSXdnCkVBCC7ZQOEFG4t7QRPU5MtKSSVEOGgqwWpTS2zpbNNTRJBqbVIjigRJm0KMsgoVEuJECEhpy1kQhE1DCQRKELIZBpnUlUVBBiCAGdGETgzoysqak6BhCyMcUhjtmlsNSqYwLYsJEGzZQtFgHBaKHFmAqHAJgwqXS0KYycKVIpKhJEsZEnQ7NaylNLVUkpBbpkyJp2UUIlSqqAqDJQodkOqtSBJRtFaFkqpJSEIY8s2OJshm7GIxAJLNsgFlRohtXRKXS1IzlRKRXYqJMvY2VSKgnBYZDYQOGpIEjK2KUWhINOkrNIVyyhKBCGFMcaWSoTxOE1AlEKmIsAJCkty89jGls2ScQkRYSxkO21JkgIQdovoJKddKkUlbSGbzJbOcVxP0zRNY2tNQZuaSokI2yVqUQjSCdgexyFKoCCtCCAzQTItW0ilRLYMqZbA4SK3JpQtnc2m5VQUUYvJUqrtNCFsi3CQrUmRttKZaYuIgCiV1lq2iIiIdJq0iXAgk0gyxooAMCFbIWRaZkphyVh2IFvYBuwpp1BRlHCL2mdOkmrtnFZBCoXGlrhFrSUiTfm0T/4kC4UiAtvpBIkSxY3JSWttMqEICdlIApozJGSnjWtEiZJuQKYjiNKFiJDTAVGKLNuGiBiHCWdLO40FDqmUaieQaWxK1KhRw1gKIZVSa1UoClFq4HTaLqUUkbZtBUXR2pTpqNGXGSIiIqIoSCPTQJJwZsspFFFKqNgphJAwRoqikEREFKOQFHJziaIIG+zMdCpKgA0KZ0qAVCKEBQZkoa6LWmsik10plgIhVCTCEgCOEhEBJiEMEpE0lbBBCskQEUJFJNTaowiEZGeADEi2TWuZtiLCxtggokqWiqRAQJg0FClCthJq6UIexsGZXakKIaSQUShbyyRC4IgIlRRFEmAkhWQb7LRtiTSSgFIiopQIAVBqwZZkG9mKGgpFhA0AzrQtsElKDQlDIMmhGiFZzY0UUEtFJbOFyDQYFLIkbCKcDqnWGlIaIQJaRg0pJMuhIkwURXRkorSDkMkQIUWElTISopgsEbWrZLZsiLSlkAAHBalEFIFQhNKWJWVzZkOUUmyDMqdsNrLTEEgqdmtTprNEAaVTOAGDsQCZROG0VCRJVUGJEpIjbIyzNWeaKCWMZdKW3aZJokbJbEgC22DMZRZOOyEQklBEAJYkJIEAodaaDSgUQASAikIlnca2gZSrCggACTIbSCFwZiZ2y+YmmwjAgK0iJYbmJslQFNOUU7ZSBGqttdYkKVGJoohSDAGJhUKhEiADopQSUSUEY2sSQYRQKYJSilG2qaWdLiFAhHEEUhBpQBiwkCQJBXbaNiTIaaRA05RtGtLUUoyiVmfLZmwgokhGAqeRZWdLm3RLQKKoZDYkG6dtolaCTAg5LTlK1BqSWrp2Xdf32ArN+j6RpLBTEsK2EenmUgPITFkqEVEiomXLpEiSJUmRabeMCAkpwIlCKlEcKlEExsagCCCyTQEqkkISMrYTKZBCCkWUSAhbJcZpmrLNur4q0saJ1Gy7hVEREZIMwiARpZTG5JZIUXBCiEQKyzIJSicQISTRWoIMIUA2EtgKCSlKVyNqLRFgLDcrwpmT0y0dChMRtkuUEkVSpk2SuBkhYxDCxmGSy0KRkmwLY8JSIIrCwi1RSnKQthAhSSCKEBJYxopiAylwpq1aClKpUUqRAlBESFEkRRDYaSNFFNK1K6XUErJVimhMmaUUCUzaQnYqJBWnSy2Zabt0tdQSgSxCERqHURFCgXBGrUWhKK1h4Wwh3Jjc3BIFgSDTTrepobDSUwoRSAqgSFIbp3EcwBKhiAhFEcIKkTYglYSQIoLEmXZKBLIEspuhq0UBUkShJWGFQtFaKhRRkdyMpJBwLQXLZMvmTHApnYqcqAqFjG2MJFDIgFDUEhEts7WExFFrkaO52QCtJdjpkFWqjBChWnoj2eM02llqkZVkOmWQDFUlSgQRJZKULSQsZIQwoKhFoWJny4wqIQM2kLioIAKpSKGgSIpSbLI1pIASxSBFugnSRC2RiqJEZBNFAISkEA0JO0uUFLWEJYlQjYjMdLMUtUYtBWQsCyHZOKKUKOCWNpQIp1EUBVhCimwtnRGESqhEFIWkElFCdhqnSkgYhyJqKaoKYRSoRBE2gN2MpYgIbNuEjMgWKhGRNnKJMC4RpdaI8NQSS4pQRExTmpTDmaUvhRhyQhkRITJblMjmQJSQPWViSZTowNPUnI4IoSI5IbANTjuiRIkAQ6CoNdA4jZkZAQpD13eKMCitUkqNsFLGCgVQFEihAGhZPvVTP9mZdoIEREhECLCNrYjSlVpLRClRmlsJichM26GC04kiCBUV2245TU3CdqYzU0Dg5giQMt3aVEstXXUmuGUWSaVgA5LA2ETB6QmCYiXICgXWNI01KkaSFK3llA3AqEYtUbtaVAhACkJSqDWTTqUQJt2wopTAE66lKGzblmSlQ3IzMpaVCBQmRaCUkExKwWXqomBZlghFUCwQgE0pNWohFaKUkqaWYmxLCRIGZ0RVka3MnMYpnViWpWITgQiTEkbOlEkooZAo1oRCCS0zFFFjatM4jtlaCQhFiWyNiGIZbGdmaykUETWKFa2lUFFQZRRRIiJtQ0Cmk5TJREIlSgkRKcsGUCTpzDalpFKi2RJuGRGl1uhCku0AlyABWYTDIp05tohQhI1QhBQlapWwiRJOIyEBzkwnEZkJKIRkLFRKgBQh0do0jhPOlkatlBIOYwESIoiIsGUaECGQFBLCoWhJSIYARUghIG0RKCJKKTbYDUuhQJQIKUKEIiQQGEAoasGAFQEKRYAkQSJBCBspFMrWppwys0RBdrqNo6V0SkSpzowoQImIkHEpRTIpu2VmiUDOJBTGiJAKMlEiGmRLQpakECDG1oQBhaSYssmuEYgEyEIxSABOsrVmI0sSEUEQqACGGhVAwonkRIASu7XmxOlSim3sdIqIECAJBIoowiCQIhSU6IwlheRItyYFUkgiogZkICSEiLRtS2rZnA1baQdKNVpRqCgUXVclEG5OPI3NpIwkQCGbbE3Ige3W7OYIYQshK0gblE47QwEQKippUIooEVFUCAVGIlWqFOmUIoSIiCBorZEQKhEoImQhhEE4bVIimwW4ZWZmBkGSnhSynZm11K72tsNg0i5FDjlTprWp4WypQomKEELOyRGqKog0gsQhEcpsUkiSFFKUkKTETmdClFpAQoRKKSVCUma2ltiAZSfpFNiaphGoXacootSQFCYlGYOmTFqqFkLYQhECKQI7s5EQXKaqkAJZ2LZKSDgIRYmicGtWoIiQQ2XKnMZRwigzW2YfXdQi3DIlYVuOCKlESKGCUihkLAnJIIFDgAgpcUQYISFjyRK0nASKIq4oJoUMTjcbJBEIEI6QQhIF2YCMwwIym4SNLRUplOmcEiGwXRQgALtNiVxKKMIiioIoJRwIMjOdoFnXIQmBFdVypgUohI2lCAWSQYSkgDSApHRa5DBNOUUIyGlqbYxSkEKKUmotTlSEZTlCtgQqMtgZUSiFlpluLSVq6WqptknLyjQBQMoyOCSUpCwUykRIGAF2CilK2I5QRFgyEhjVElFKjUBCEAIUwiIIhRQRgsBGVgRO4SiIyEyQydYciihRIijhzLAUqiXSFsJ2OBPJSJgopYTSWKhhHIGbhdMZKCGEFCEVySblCCkECDsUEVNmhABjQUiZCaQpUQAb0jYIKewUQpG2jLFBgAkEykyTIImQMAoMLVMIZ2Y2u9YqANEcVRGhECFMpsMC3IykohKhgiCiAkhSGCsppWS2qbUISTJC2BinbaclOZsdCoUiaoRkA1IY11IilEYClG7GYaUtqdRCCqMIKRBRQkgRxpbCAC2nKKUoWqZMlLBTiogaEnaKIhmQbBAY5K7ObMAhhQrO1mxckI2KikpmQ4qQUMuWYFsBDaRSS0SEJIUisrXJU1CidKXElFmEZEtggSCQbSvsHMYBoMmykLNBihJFSBFhsqXLp37SJ5WuSiXtCJWotRSbNo02tRQUSKEQSidJKYVQTi3TkkqtSYYCZDuNglqrZSfGJSJqkSJqUSmAkq7UxDY2gKKgkGRkO2SiiFCAUQQ4SnFmKAg5m7NFLUgt7XSEuhql9iFIai02SUI6jSTJmdM0oZCwoSiTWoudraWchlJqUTRbhJWhUGCUzsx0c04t03LakEQtEeHEmelUkGQkSM5MMkIlSjZL2GRLBRJKbEOCpIgazrQNlmIaW6CopUSptRJBpozJiGLITBS1FEstUyArikBTG6dstZQoEaWQRFEXJUpRFJBUMKWW1pqTKGGDskZN0q1lc0DUsBRYSJJBUq1FIcltTBXVKBFCcgImoSBorbUpkUqodDWi1IiEsIgQ2IBKKUagkBREFNsREUQppZRi3FqzDSohowJpR5DNBiFnpjGTpNYySpHDdiCEbdslCBWs0pWiKFEiio2V09QaBodCkoMQloSnbIowLQikJMElhFszAURXJAxIKmljG7d0VYSEUZEkGeNMt7TsxLaNnBkKIFuLEhGRSOGIGhGKKFEA44LTyBkRkpCRSgQgqZaSTklCkkJWSIoSYchsbomkwEhSRAlsSYCilEB2ZpSSzjASSEpsExERspEEkhRSBHa2RM6EELgoIohSQgWhgFKxwZhQOCA9TU0QXQULQEQEQUiSIN1scEZEjWI7FAQgSQawLERXqmmlVEkRksLplhkhKQicaQCMMjMzbQukIK0SThTVJNiGNIlFNk8tsVUi0JSthBSKiDY1yBqlOUFSICQ5rZBABUAKGUlpQiqlWAjsVCBFiUhskzakCDudlghwIgxyy7SjKFRqDUtuaYyRUAFkXCIg7BQy2KpEhJAiwum0Q1IJY1lJG6cWpWCKFFEcYEUIhLkssqWbJzcRRIzjMI1T7Sq4lBIqCgkIkSggDbKaLAeKIkHiAMBCGGybZogI49ZapqcxQ+q66mYMcgQlCibTtgVItZRSw4lMgiKSFKBwtmwpFUBSKcXYWBYwtSYkFBERMbWGkaKEEKGwLZAUISlsFCBhWk7YEZFYiiIs20hhp0yITDy1sY1uKGTITImGSSQk2YkkVIra1KLUUosgyVAIgTOzZaIoISRAUmbiiFpsRZHTANhpAEkSKmAkI2dDTnsam3EohnEgUwohFYFBSLLstGThhklJMqVWhAygUChCyIxTktlsCUWJELQQTlmtGTkT5zSpqCslSokosjIN6vqZyWzOhExFsROjkBRFxc5AoGwZIeM2TZkQqrXWqGObWhulSGynMSAUQoBk4/TUWihws0FCtGYMOGSATCOlbDvbOE1gK4oEoSDtAIWwwdgK1ajGBttYCslqmRDGRYFkjGjZZCxhl5AiSBJkEUSEJIxQCETagJ1SIBK72XYppe87FFKEybRFBMZCNtjNzsy+1gAExiYikNIqIew0RYpSgDZNRaEaQVgGIZNWOhNjpFoicWaaFFLIWAqcqAjJwoZQoSimqaXdWrNbLRXLljNbSzstA1EChWyjKAHCmS2N7cRIpG2zWq8NXSkmbWOXUkqEJGcmxiCRjohMgwnGqTmbhIVsINtkFKGWkzOjyEhSytkmJAHGUoSEIuQIG6URFhbODEVEEUSNUkqmW7aIwAkSloRUohjjTLBTgKLWEGElKiXCONOl1lIqeJxajVJKYBkDZJaITCtKkWpXw0qnsCKKhHBSikoEFpKNiBBYpXRdrRkOIcmgjKghC2cDJSHKp3/ap0iJ1JWiCJwIp6KUKAGSJBmRU8NEUBTpFE67BEUlogYSsm25qChUogoiVBSKsBNbJj01MlvaraWTrKVELdhTNpzORApAAS61CEvhqaGIqlCRgMAYwkmEQliYzGZnRGltamPLlinbTOOYLaN2yCWKghxbOgWyiDDOlsiShIUA0mlnJukQKgHZlaKulqgIhKfMbMKKiFKFhI0JKUKEQtmmTCwjS2E8TZMiQAph3FoKhYQQIUI4HYXMKCWcTjkIoKWFsQ1KIBUiIlDadtZSo1RPxkZpIk0JlQi7KRQlMMM4QkbUQDZtauBhSmzVIuOWzXY2QiGVCEmSnESJGkUhS85UJhBFbkhyWhG1VEm2W2ZmKxFpCzClSihtJDmn1kiwBbZKDUTLJkkKOzONEAIhWstQhGh2CBQErRnTd0WAADmnFCGckqRQURCKCIlMSwIHKqVYmWlhUCmSBRIIKWgJOAhJoWJSKjjHNrpl7YoUrU1IUaKUqmAcm+WcMltTDeRsqUJBpRRJpC0gM1FQSi9QQEqRJCE5yJYhZ4IIyUgQKkJEcWYbp5aWIOVIEc2UiIiYpqlNzUYlailtynSGUGYTbmRrCtnOlmlqlRwtW9rCIIWCQGkAI6Wz2W62JyyHIiQj5EyVGiVwkhYKYawQITcrsAEUhczEpEMSIRElwNlalCLJSCghnbYl2QaEnTaWZBJD4mxRquy0CWopUSQkuURBoSRJESVkhOwgoiBLCoUcKgpFlCIZKUyUIlAtVSIijANCUpHCoIBsIUlFwiDbhIWnVJUctk1KESFjqUTIRCmR6SIEoBJCTE5sWwrbStm4lIhSpLDB2BZYAtshsBSSQtiKUKgUKUSRbTvTDlFrBWU6AilUZBNBJmDZDUKhCLAgaiHcMkOUCGei6LuulOJmm5YtMxUFY9KZGEJAS0dI4XFolm0pQmS2tF1KwdhIkmURCoSEFOlMp7At29gGAZIxOI2EIQJS2EggbMvYJYpKEaTTJiQkSVGiREnbk0UiGWxwhghEFIFKBFIJ0nIm6XQphZASSYkzE2dEAddaJaUtEQqFJAmMI8Ipy7IM2KAiTdMkRa0VnJlYUQIj3NKhwAZjO93sGoGcbooIBUiSEUAqbQmwTITIhokSIWEEBEiBkBK6WpEkpTNzGseG5Ww5paRMRwkRYAnbSBayLHUlEChr6RRkQ5YUijAEGIUUEX2tVoCNBFFKrSWgjZmi60opxSawQYiQ00aSrUIgyZmZqVAgGTuBUmopRYBtI4OEbCgSAigRgK1Sw3amw1gGR0QmiECGdHOJThWwnZmEM8nMls2pCMapRYQinJlpZ0ZEhDKbIoDWppBKKRhEWCG1TBkkp51GKoEUAEaKWgQiBBLKbJJKKSIgLUqpkNPkbEkQURBIQWRaUmZiJJUSmKlNJUpi2yHaOGEbExGBopQSmbYdIQF2KSWbUSoKShTQsCVNY0qUUiICQVoSEthu6Sy160oUlbQjwCqi1qoIKSyFVCJKqdkcRSWKQmmDa+2Qs6WQcTpJO5RpT46I2WxWSpECG4gotYYkCRGKkFDIQFgKEUWSwjZCKooAgSNqiWpUorilQkrbEIREKNKJuUK2iSKIkMZhbNNkKTNtS8rMllOmDWkTiGJLUhQ500mRpaAoCElItu20M9OQtURCWDZRS0GKkKQStm21bMjgEqFaQG2axnGSAikNKJGMQiE1ZxGZGRHGkkBRIlsm1KIoZcoWtqJGifKJn/TxJFKkydam1gJN41S7EimVaG2YppxyBAshEo/jlJlSjK3htIgSZBoLRQnbEQrJ6TQKS5JjahMIEVKbmNo072rUSiaykARIwpDZBHYacBoTEQQyyKRBEEVCdtp2NlQktZatZQhJgRRV2SJKCbU2ZXM2I9WuRkil2FlqEUIEIFq2QEMbSwlwa46uFkUpYZDASMK0zNLVWrooISMJuaiWUsACScYRhEIhWTaCBDnTyszJVlBKkcRlKSlw5tgmALkrnU2Es2UoJEWRBIBUIgC7RdQSka2NUzMG44YAjJCY0tgtLaGQMxMCYUshQAJFgCWCcEtshCSshFrC0LLl1NKZtrEkKUxGlAi1bBgIk4Ha1JLMTIxCUrRpUigcyJKw0xgLgMwmFIoASpQI5JZpG1RrGImQogQg25KwI2RIsrUsUUzYTic2IOS0bYUkYSQi1EZntiiVkKeWuEjplBCRpkZIytZaa5i0IxQKB4pwZpTASFEsyxghlK0lECpOhwIpFBYGReBiZy0hhMDgnMa0kghnOh0CVIpEgCIiSmQmNhCoOaWQcNo2MLWRpGVLu0RXagFJIiiKlg6plKJAqeaWWAaTTpuQQAgBshsWV8gAaZuiIKJgLpMk2TRjKbAABRFWm8YILAlHCSDTARERUspOWstpHBRRSoQkyZlOW4RCAtJYQlEUQiEgSpsaCjInWyAJZxJgoVKKUDpLCRQYIKcWoRKhCGdOU0OEQmDSKrbBdiKlWyBFkdIJxmaahlDIEFGi2s5M0pSSrbk1IoSQkYzbNAYyCGzsbJmZjgiCkEzICJVaTEqR6aIotTjdWsuWAkKBFLIJKTPT7qJgQJIIShQpEmdLJxElJNWCBYSwJSxkuzUHlgJJdnNaDihdDQJRSkgls9lIEZJDmUQEcqYVQWaEUDjTBlvQclJTKYpS3BIZlJk2ESEpokSEZUUJKUpkNqDWWktRFGErEDk1SQIpIiKkTAMkESCFwtmAEmGFQgXSJiUZSVJE2BiUWEkpIWVaIlvapFNkmhwnhSIEGLCihEgnESFZUtqKCESExNSmiFBRIRCZdnOUohAQKlEUQgQBQaa7WlprABElAkIyCJtQRBiXEJKwiSKhCIwBGQvjkCwwREYLNDnDjirCIHAoHCRRSkTYaQMmsdSao0goQrWWQAoJRVFLnGBAOJ3GVkTUEoQkGpBIkogQSIoIRUSEFc7MdDpt1RK2x9aMaxEZdiPABCR2Y5omZ6oU2aQjiFKilnBJ0pnUCAUykhBSLdXCODOFRCAUiigqBbuUApCohKQpG6kASRLpJqJGWJJIZ0SRBImilooQSBGKAIQoCgFSgIZxmKZWu1oi7AAAQiVKSBSCYlBEiWLRsrWWAQZFJJYxLlGwaldNZjZMgMHGdojWEgyOUEBiIUCKILCNQaVUpEDYk5shSgljlNmGYchsEaESEWGQSJI0mYqikErBst13pdRqOxRINgmyQUihCCmbKShFkTASKk4jRRgwDtwy0w3LzmmcHBbCTC1LiZAyUwonVaFaulolbENEyLhN09SasymKSskpnRlSKKJEiWIcipS7KKEyOcNYlhUlFASkUYQzEZJKFKSwWstaSsvMTCEJmVpqmggpSq01EFJrzUYKFRWplmKHbXuyM1uGaikmQqhEBGFnZkqyLaIUldJJBkARKiHb2ZCoESDsrq8hbI/DmJmlFCSnCVWJkDPtlEoUMp2tWSYEkgI7DSBbQMgIm1BREJRP+cSPU6jUKtyydV3BJEzTZKwSTqAV1drVAKScMiIUKop0ZrqGAFSiBCnjaRjb1OwghJyNUsK2SkQtgYwJ930XUYCECBUFCoSJEEZO44IdCoUDZTrTkkqpRUwtEwQ0g6KUEiKwiVBEGCmiCAJFxVihcImAjFIkMLYjZGTCKKfWWpaI5tbXTioEMhFgIWcCkpCEja2AxAacptawyMlWuqVxjaJSApAUENEVTU6nS6l9LVAA2YpIp+wSAQGAIEwakU5FFBswCkUU7My0wSBCALajRLYJRSCggAlQSxOEAkxG7aOUkrggKUBRCqRNkRTKliohQrLJAEWRsE0RiLTAAARhWRAKocwGIFqmkCRJ2KGIUoLIaIEkpIIQEsrErYEmNyQhO4uVIBy1lKhIRbJzzDRElQBUagFN46RSJEIIpEIIIIgIQhhnghK3qSGHHCqSMpOQU+lmBBmOTLfWSkTpK0hORUgIYadbtnSakJ1gJJEoaq2ypswQQsZAuklRomQ2m5AsMKWEpGYjSc6UlRKKADlwOmpR2hCBIiJqrcWAU6iUkq3ZJhQqoei6MB6nqdYiWI9DWEQBS9FIO4oySpFCisCl1lJKAJIQsoQkWeBSSyklgq5UjAKZzIwoBA2BAUJOo1QpSIrAtDTNEUUBKKJkZmtpo+KotUi2FIEkO9OKCIVQhKQQESEpFAqBHTVCIUFIQlEkZZsiIiHTxoScSColAIJQccs0IRkBCpoz0+N6QACKKKFxmNbDyplSKMI2QaQoQiGUOCKciQBCRC1d7SWjUkvBShOSQoaWLVvKGRFSIGy7ZWYqEIqQnc6GPI3N2RQyCRIYQMiSIkpV2BMK1YjASU6ZpkRBSLJdIpAyW7OlYoxx4MzMLKUoUAiFpC7CIWyJTLBtZ3PtIqKEJCRRahRFRBSURjaEBDIgASpdLaUIiQAiopQIFQkJhVARCNvpdC1FSFEkgY0gRShEhCLAEQGyWxQZS0rbmWlsur4405YCCMtEkG6kYMoWhOVsRFioSBJRQ45xGjNVS1GEwE5JSJYklVIFJZSSjdNOo5QjbSQJZ9rOzJZThIwlpIhSILEst3ROKaVRQgiBEWSmFYoIbGzkolJrAYENlJDCtjONDZChkjIRUaKGxhxJ1QgJSQ0CjK2MCCnkbDQ5MCWi1lIoUVRKWLKxjbANBkftSmjKBCTZlAhFtKlRICQCJIxxODNDGGem7SgRSFU2OENho1Damem0kSVRohYFMpm2s9ZiBUiIAokQWGCEcRIhSTKlKCKQKECxLaOQJLAkhUoJktYaYFGjZLNCqiUzmydFrbUgokRRsRCSiFLA2Jh0lpAzp9ZCQSCTMCudFOm0U4rWmiAF6ShEKQjkzMRIJCoRKYqVITuxJTKNs6UVjugISCNHRK1dBAGZTNmKMIxtCMuBkEoUhWRJUoBLqSVKKYFdorRskkupEAFpIsh0IBsUKiWwEzB22i2dkyUhhxBu2FgAYIGBCBmypQ1OSwFuaTsURgrVqArl1KTouprYSZIRIUUJKYRpNEFzemqSyGaFDDJOiCgF47QQ4UwUOFvizMSoq5hpGBzIGLI1wJjWmhMhFeTMJmNQSKUKFMIAEggMOEqU0hVVRLYURCArQlZECXC2DCFIMqIYnJawaGkJJ0glwrZJKSTZ2VpatNYEKoFtCIgAwgopioqKilRqJZsCI2OhKCEEggZhwradaYcSMCLklCAUUkFypg4vXYgSiDalMVgEokDUalDaItvkpHSd0y0nEVEkBDlOqSKa01lquKnlFCoEmRkRkLb6WjM9uXW1CjltjGnZDCVUSslMpy2FUEhWy0y3opJ2RGmtjePQdbP01Kapdn0fZXK2NtkUVVVKCZtpmkhK7boaQxtFyJ5aSo5aa5RxGt2SiBChSKeiYMA2JZQtHWppOWsptpFAtgWZiSQhsIQkVMQ4NQmFnJ6mhk1ELRER2Ia0IyBlbCchjO2iImFn2qFiY1pLY5capVQb7LTbNCFEpBtWV6uQCm1qipDCWEi4pcHpFNHV0tIRMnYiYZzZMKXUgAnbGYqc2jiNhq50KhERmWkbIUJOoHTViZU0UunE6VKCEJkQJZTYCbabKURIVtoo0wChkGTJrSkKdsigRLIj3FJTm2ipiNoVp1EoHCqtTUgonA0LZykFKVsiIpRmXI8o+75XFCchqEQqMzPb1BySQi2bFLUUp6MW2VO2bEBaLlGVdoHEdmYqSi0xTdM4TSF3/cyZCYVwOEeXGoDTEaBACDU7TBQyEYGcTqmELEW2Ri2k2zg1J6hAlGiZkorCwhBkupQipy1DyHYQUmstp6y1EIFyGhp26WoojN0s2Rhramm5KLBMMwpkO2oJCchMZybUEqV2rY1OFQGhcDOtNSmEVBSSjXPKzEzXrgi1dEghTVMSBEEA2Ai3qZVSQrQ0EiI9BR2kEEpcJBoOSbaNwZmAIkIicDokk9lQqETYTJmSimRjGRQBqE3T1FpXihQUYaVbIIXshCCz2QGUkD01F6QS6ZREumULxURGgmlySCrRqZiWSVG44CQzi5RgZ0FWTOMQESgkSSAiwomdUaJl0hKBSZAsFZnMbC27viqCy+S0Y2qjM0G1FGNQlCJnwxE1Qjm1yc0mTKnFCeFAaduW7JSdKMDTNJUoUQt2lNJaSo5S3ZptRRHOabKQQhaBbaQwiggxtuZsicBShEARUjrdAJeuYDItYSRSCkO2JiSREJDpzIxasqVKVCkTBZIwFoDTpYRBEk47m4WzUhxhZ8tJqJYyTg0REaEgLblBLaVNaSeBJEkKkbYNUoimya2GDJlZojQnWAoyM7N0FRujiLSnaSq1BAU3kJHIBGdKAtIZlNIFFnI2IJ2pCNt2QihcogKttQjZxpRaM5stCdsIpzGEhITTJMjNqCtVijGnIqRi2zhCTgzCUUqbxnFoVuujVw0hJOM2tVAoSKfTthVRSsF2y+YESomIgj2NU4paqySZdJJWDSlaa25JOFQlZU5SNLs6EoMRUhicrZQSqOWUlkKkoxawUERIMQ1DOpEUyiQQskJOA5OzSJJCYRvhdJRwAm5OEkQIkNPOFl0FhTSNY8skoitFUtqCgAzlmM1TLbMokt1IGqUWO1trte9obm1MK+UaJd3c3HXVdlrGEUFmZpZaMHZKyobJGiXB4YrSSEzpIMBgEJkJCIlwjG1Q1K6UlpMkodYaoVIqprXR4EY/65x2OIg0Tpcige0pmxMVdbW6ubmBhGwkRwkngaacMIRshCJIrJZEhApyhEzk1MacAmMRQmRrtVYRzha1SmrTlHYghYgIaLQcM4BSMhsNVQoFkaKgJCJsy5kRsslMYRWlQ6SIbC2zEVFLzUyBbTsVpZTibHZKxQHNloNipe02NNUoEZiWU2tZS619yTGbM0rBRsIOFVU5mw0QRGbLRCKKbCUWDtTSUVSjtNaMMqfMRFISoXQ21NXiTKS0MWFqX52JAsskIEWAhW2Z1tKBAORslmoJm9aaQZJNjUI4WyNRDaOCJAxuLUM5ta7vZJqbIooK0NokQwnbJIoQgA2ZWT7jMz4lQi3tdESUKAqE0gkKeTKgEFEi7cAWIWV6ykaCQtiiq8Ug3JyZrZRQlGxTqJRaWkvbRjUK2OKylKJIhkynA1kSCqdtUITUbLAigqi1oMwpoytdqc12GqhdMVGkQElK0ZUSJZpTEgAoIlvWUhB2IpWIKAXsNJKwVNLNzohwpltGKcYGKUxL2yKdtZZQAKSbG5mWioqKMtNp2wQFKFEkRUEIIUMgY0glLhKSs4ESjGsURQGXKIqgGRlJUi1d1/Wl1kJEVUQxlpRJhBQCp5EwCCJk225d36mEMhG2FKq1lNIhCQKBFSUiAKGu7yJCIKlE1FoDRSkllM2tNaBEQYrAmRGl1iqHI4UkCVCoBEEoFIoSoQhkFJJxiUg7EMpMRylCIokSkkKlRpQqsIgQUYRbJijAkk0t4VSjgSFbc7bsakGyBS4RUXDDADgiUNrZUlJIRCg0jeNyvXIarKK+VFBrDQMoJKSQREjYUglCEdmabYUUEjaKqIipNQzpUhQhDLbBmQY7QU6nMlJTy5ZpMiRFpBxElAKKEmAhJEkSEIHtbNMEKiWilJBsDCFKKU5L4XSjTS2LSstE7ksJVQlJEQEGS0GaICSiFAmULYUkJxg3W8iZOENFpJ3gkCillOKWiUMBZDqdtdaoxS1RRAhnRCBPrUWtkgBQiFCxsAm5lCJJUkQ406JEQY4ShJwpCylt24DlcRyMJOxM2ekSsslstkupCiEHgdMtkTBGxWo2IBEqaQdGatk8NUHikIiotS8lLIeiqxHIQoSzRSmhCNlWiXA6cUgRIVFKjQgHslHIIVDIZppGZ4oaQYkSEW4tcYlSaiAiFHiysQFJFPWlUIqxpMyppTGITKebx2YcoXSLUkB2juMUUolqjJAiJEJd19cSEXJimqykYdlIWUolIltGRDqdCCEjEmwQ2JKMA4CQbFOihCKKbbdUCacVEjQhA7SpOSRZEZmZmbOut5PWSu2sVISkRG2cnCmBZNttai0hagkpFJIkwBhbdCVCam0ChBIiBDgkS5IkO6eWoQIYnM7MNrVSIxSKYhlLEmmQIiIKZmwNG4VIKUxmJrbJUCmllCITEZJUanHSsrWWAekEglCEosgmJMjW0oaIUoRsy0ExEpJtgYQiLEsCQxoVyQoipQiFnTZgsIRQ2s4mAEVEKUUBhMM4MbUWwqQhokiEAklYti1KqW6ZWKEaEaVGUTYDU2YIi1BIVoTTChlyatgIwq2lMzOz60pEjSBDUqSRnc5xGMHOtMhMt4yuqhS3FEhgFM5GiRKKGppatjahcDNGyDikiMhMEVIYEiwBwlhCKgpJIeyQhYxlHJIBmwQLpRvN2TJJANySIofCOFRrFKR05pQRIpukUDSn00YBESqlZmuSQU7bTmcoooQwokQhCIVJN9bDYFxLSTuiolIKESVCbWyZTURXaxRJQoElpEBIkp0G27KlSBtlUSFUI7quYjuNlG5AdCWwkLM51EVpktKTU5LTbZqQMVErFs5SSilFyACkMwghiHRDigjhcNRSKXIaSZKRwFiUhiUURdkMLVubJgBJQg6cUlCQVCLsjAiVQraUSpFCThuDDBEREZYxmHSWGl3pDYkDopaisAIcISHhiKJQKGy3KSVKYGMIFKVEEFIoSCMyAZcSJZSZUWoptZRAynQQUSKlGiGrL13UQLLDMiLdQpH2ODXb2BRAESqlZGslSilFJYoCIEQmApBUokQtkooCDEpny/TUWhpws9IgbGembaKUCEIhK21DZKbt8umf+inChiIphABhKyJlUZBBacjJoCiZiXM1jm0aMoMAq0S0aTJEqZhaa0QpQdoRpUSRsR0hIO2QFJKKCLCQShRhJJwtp5zcbFIKJDIxpStp2pRdX/u+n6ZmN4UiQla6jS2bHUiEUCpp2G6kpyQzSoAsh0MRWCZJKGpGKCSnEwTGKIoEIiGQqpzgnJKIUoqdraVNEM5UyE7sWgsRoVDUQBLpxDIGQqSJUnDiCBXbkgBZUQrGLaOqSHY0N4TTmVlqOD2NU5Kyo0QobFsUlBBWVImgtSknERElwMaZNpmJENhqOQFIrU1paq1gG0UgZGcaW0VSSEhOAYQotbTMEBGlRCkRSMI5GScRQuBMZ0sFRUWSQQZQkYyQbcggEE6htMMQRSUEWLZpLaOEYBonhSJKKaWWwBaIECiiRJnaCCSqEQigTeOYxunE6SgBmWmFFAJM1lrdWsvs+y6iFElRWiZ2lEByTqWUWoqQjLoScrO7UiOiFEWpRWHkNkmEovZFCkiQ0TCMFiWi4SBKSIoISQUcshRdrV3tFLINRESRJGGa09hOGzJBiiLJSixMKJDsdHKFs5mws4ughDASKuB0hkKAwCpdwbJRRERIGLI5QjhyasaynUaUqMaZiUJIRaFo06QoISU4E7t21ZBTMy6SQqIgJXbaSFiBCAucUcAoIm0FNk6nkbAIYwhFa4lkDApJCtu1drUUSYqgESFF2IkdKqWEMJIQAEZG5DS1zCi1hCTSJp0IWUaCIEqRJBAWQhFFVmAUhlARdmuJaFMjAkxEiWjNEkiSS4ICclgPLSdFoHQjSo2iUgthW0iyVIog2+QE4WxCjhJSiZI2WMYIFBERYEeJEiVqFQRRSi2hgGxNCkqIxI5SJIUIKVtmS+NADkmSycxxGouKirK1NNPUJPW1qgRYUQQEpdRSFAopiKgKqUzj5HQJSYxjUzgoKoRUogaWQrJKKVJEBYcjqpK0ioqiKAiFZJMQREQUSQKwEAqVCJBBGKmUEiXsRGBQRAiwjRxg2bYCGiAwdpQibNvG2UqtLTOnCTebUFhOXCJCSshpQqpFUSo4iFKLIpytSLUrNtmypYvCTNPUICRLMqDIbMYBiQsFBSGDQDJFaQ/jehymkKVwokAqdooogVAQKjVCzsw0xqa1Cawo2LZRSDiNIkqgUEhEc9pOZ4liG2EJUSiNZttGpSAXSdaUTRARSGAMmYQihBGyHCoSAQIbJKC1hqKWamw7IpAzkVPhUMiKIttSlAgbZ1rIzpyCACQphCQpFAospGJo02Rh256MbdmZ6VJkyS1DCGFH1CihQIgoFRQBWMKeMotUu64UiWjZQipRLElSIoAoMkSEQlJglJNLLQBORZBOkIWJEBGSMA5QKArNdrY0RgLUmm2QhUuUEiJUa9d1nbETudmyZIxQlAirhJBCTuPMnERYIIdKCUEoJBOBMwKkIMC01lqbJKWNrSCiT2WoSCCEjCNAkkEoJAmjoNRwirQECNs4TUhmsovdApyoCsCUKAIFshWRWHZIQAAIlJkiFRHI6ZaTkZ1gES1bIAxuaSuV9tQmUCnCEYWptWxTiVAJSVFLKSVpbcpaSy01oljZphZSiYKd6QiB05npELWUtGwbWxlyNrdMQxRFKKeWmaVEZlqqUQiEIiJqiQBcLFkUSVYEQDgQJlumDSlwgLEVYUMQNirYKSkU6UaikFBEtClRRAmBRDOZzZmC0nddKYhSQiqSHAFC1IhsTSFFkS2FBDZQPvWTPsFIIkWbcpqmkBBC2WzSzemU0yEBJjNbphR9N6tFkgQWzaZZ0NUapdgJgS05iiQpoihcLEsRgSwQabc0MlBKiIhaAmVLoxBE1AhCbi3dQiqlmMxmp0oNRZGAkFCiQMImnXZiaq21VjsJpRNjuSCCTLckIN1KFMCyVJxpKUpErZIkZBHOzGxNUlc7jG0VqmrpFRLpTNuWAqcUAmMjI2GcSESEhAiUbjLGpMFTJkihJN2cOIqKQiEbSDdPLVtrSNPUnI4IQwgrWpsSkyAnmqaGXEpxhJxgg02bWtpOJwSKEKFKDONgKKVmTk6kEiWME7ulIVsKdaVIcnNiKcC2CQU4naQUgjQW2JKKSpKZ6QQJeZqaRWa2aQJREEK2o1QJZxqBZaRQYNVqI1slsDOdmWBLJp2pCIdKgBShKMUAjlKztZZNRJQQNKdEREjh1pCCUJRSCiBFrQFgooSQM3GJqsxsU6ZN2qjUYjBu2YA0kk0RhCQpIpDSiZ2JREQREmkbQaIiIQshQbNtFUkK2xKZzpxQZMPOUEQpmMQKOQ2BsrXMnKSStnGp1aa1VkuNWrBLKZKdiRQCBWAUkoRtgpAyM7FSERhlS4qEDIkFgEKlFKGiSENma0ZWiJYKiiIBO6qxkDCEwa0R4RJFIVk2JAqwFIoI0kA2G5UQRbIwEukMiUCOEiUzxzaWUmqpxgbhzFQUSS1TJmoANrKMM1OSjWxLEaWWAp4aOU22S1dDUUpElIhaaxHKzJxaytkmCOxSgnSSmQZFqDVECiki8DS2qY2yiCBNkaJgTdnS6amVqLUWSkQJt6m1BEd0Euk0ELINlKgCkZKQTApJJUKhKCXAUhGkPU0TUBQpkzJShExriSgRlgIlICksKZstjHCWqBHRlaJQptIORYmoXRlbA0kYcLqlLTBIsghFpJulUIAkIgIhCaJNmRBRBIBCinAmlmoRymTWhRUCBW4QSJQoCgBCQSklooQyE4OMMw0WMsZOi1CViCKj0DRN6QTJRjLuaidFFDnJlq0lAsIhERGa0rZRhCJCpO1UREQJY4UxVoRs7MRBxDRO2VqzQ0gyUURI2EKSoGW6lMCSSBmDMyJEJHbLIKKUWrsIGdUSBotsTULIIUmB0wAY0wgFDgIllpAUOCUldiamgKVxnFpmSKCWVihAQCAjhCQ7Ezud1FqiCCIkJ+m0CInERYEkoQBShKLZCtIgSY4IFDUCieaptUwy0zbhUC1diVJCilqkkMBkupSS9jRNmSnkifToxNnSFkQJCIEUoZCMFJAmJEutTcIqRZJwNiwkSUJyktmclCqVwM5UhKSY2gjUKIGNkwzJoCgSaRQKSdgylioibCIUIQmhkEJhOROBZKGIiIhSBBECKRBCJiIiooRKrWCQPUnKTGShWjoFTqOQpcCkQFGiCKm1zNYSRch24kwUIEFm5noY1sM6FF3XIbBKlJCwCYzb1ASgUCmhEkEEVgg7JFAAESFFhCgqEWmXwBkq1BK2INNY6ZYKtUzbhEKSmdxKSCWmqREgMLV2xg5UitMRQgpElKJCyHamo1TsUqKEQooS4zAYJYkRMnKmQFHaNBlKhO20s03ZXLoihQUK2c0IBF1XMu1MSQWJYkkhUjiNACmiFkDghoXSCgE5ZSpDZWijnRGRidM2mc1pKRSUCCJKKTVq6YonSgkBAVLLbFNma1JkpiQiSgQms4l0ehpHCJzOCZWQLBQhIgQBEZEOFFEUcoINKMIIE0WKUj7tUz4JKZ3OlulQSGEzTWNEIJpTJCpShEpzK1EyW1dK7XrMMI2lUygKUuBigMTYGBGKlm7T1AwhJ9PUMtPGzVLYSMZERCgksrVpmkpXS5QSQSYKu9mgcKatUmpCiIgiSBxSLbVUKWrL5szEWCohJKMip2UF5JSWMyEIqZQSEQbjopCULcHYkIEM6ZyGCdlQawc4G6FQZCbGliFE6QrYmVI401iSBCYzBXJIDkCSKqRRhJpTgswoYdsQyHYQ6cxsNoG6Wru+IoVCsrjMCEsqhO3ERZrN+1q7dGutIREBLrUEMhhCIJwWxpFOt0xcSw0FgTOLIm0sZ5tay5bG2bLZkmxPY2ttDNWWSQjATG2ysosCUAqBLdvCpFtOSFWdsNOIUqpKhIJMgUVm2iSJMS4lbJxpLIQAWk5ObAOCEjUtm1pCYAtaiVpqiRK2UGZaIEUpYWjjOLapRrGIqFHIliaQ0mmy1orJdAQhGZWiUqppmSqlODNtp0Ehl1JqDcQ4tUzLlkwqpKghhVDLNExjk4JIW9kaLQkhBREhpFoLzc1TawYpFCVKRCmBAsg0mZkNYVQkoGULAUjCgGstAW1MSYoooYgA2Wk75GmaEhcFYBsiiAgZCUtFhVqrIkpEREQVJkpBNmljgMRIJSq2QFJIhKokyQ4FAuwUkmiZoLQlhBBpO62IlgAKSgmIwJYshEpERNgZkkOhCGHZdhq3NmXitGnZogQqOLENbZpsRwmMQcgmybQzW9eVlEOBSVsRmelmkwYLsBEmFJLAU7ZsWWsnCacRJYxJVAMrihQlbRJJrU0Rpet6iWGaDG4pbADZjjBgjB1ICiECG1BEpG0jhUxzw3baRqK1hqjCCkKeTFBK2Eo3iygRpWDAmSZbKCxjWVkiQsWiRBBY4XSRJDkkRWtTLQHGhMkS4ZzGBlIAEghLRQpykkpEwY5Sm9s0jRIgiQS7OQ02BLScokRadgqlBcakm00mCGwgc7Kl0DSOCoUUEcatTVIBprGVEi2TbIZCtMw2tfQUERDZmp1taAkSU2uYWtX3lXSUUkpIIadQkuEwILAUCoUxCDGN43K1zNYiFKVAWshpEYQCoXQqlJltnJBKqVGkKJJkwCBZCFISEWFTSoCzNUI1iiKmcYhSVJQtlTkmARJRC6ZEKbWm5DQSctKcNrRpSjOb9UTJNja7lgCVGiglZcv1MIUgotQuIoTb1NJWIIXtMMjGTjudSRSRzmwGIG1AKEpgFFFrF0SEQkoQtpBCssASUpFsZ2sIN8AoCEVEkUICJxERhDFuWbpeUmsZpfYlVARkNhtFCIFDSlxCQChwGhRhWwGEyAhl2k5FCUWChCBCUjhBATaAjMJCAofINJak1hpYVmZLUigU2dIg2QankUih2nUSNirVmeksEiVI224tMw3OzGmcUKmlKErLyVaJMExtyiZFkgVPmVwmgyens5ZiG4CIGqWoRMG2QVFKrRGKQCFAchpBQEbLCSNKktM02iIkg+ypAaGQnS27UpoTyMmCrhSQQgrsCFmShKzEWLIRpRZbmekGIJS2s4UotQAC2zIlSkRILrVGYGOD3bJFqNRSIySljY0BhZTOTNuZTpqNlZSuSJHNBayiQBY2ETJJEwIh58RyvZqmVkqoCCwIJJyyrJZNUlciWyJRFAoH2VrLBigKqJZOIdttag3LKRWTtZa0UchGSMVuSOlEwk63sFSKQtkajlICyGlSKEpRKVhRikChUK0R0VWnZWMMMkhRoimwbYeAYnBOtg2SbJdP/7RPlchMkI3ClknX2kmASsiErBKMU9aiNmXpaqhAttaIKCFQRAhFVJBJpzOzq52VgTKb0ukU7mvFTOOkIpwqrhEGLJNO20YCAcYkBDk1pCIPY5NUa2mtRURESMhgGyy1cayly+ZsqRBgpySnMWBF1CiKIBQCA1kjpnSbBiMFCAGhcWxtGhXqaicpSq2lYmMbalezpW0JlQjJIqzMlCIk5ExLEmRzCRwh7OZMy1g0GyypK6XrZxDpdEubiFBEJq21rnbOLH2HnDamKEpXpWg52WG7lCACLEUoFALGYcjmEgKRhogqRFgmjVs6BLgrlShFsjEW2LYkg5Q2CpwRVSGnixSlJClLodYaUi0FO21FFaJEMUCEEFKg6Lq+lBKhUiJKQQohaM1IiYVkSwgBkGkDGHBESEBECBQKyZmOiAjZaWgthYkoKElBKGxKRCgcEaFSKhGlROk6ITunqUUptSA0tJFGRLFTgaLk1KJELSWztVQRkg0SQuBSKtAmS4oIICRbliGcttN2LREh1XAmppaS2CIUpZQIEgumaRqnZqhVFiE504BEYlK44drVGiEJKWrUqKZERBAW2bKlRbRMVbAhsG3IlqAogG2BwgKJzJZOGgrVUkoIy7ZNCBSlVLfWmjERqrVKksI0HApwlCJQtlERNk4DxqVESICbkUWESBsExhEiSkhW2gFpjEJCggTbSCjsVmpky2nKCEVIRK0VlSmzK9GVarewUuCUokQQIRuV2qmoCFpOUpTalyIRKsLKTFlg284mRYkSJSQLgRPcUiJKDYVxy6yl2kZEKbX2QchOHAIJKEUlSilhi8zSddgQIoUs0mAiopRiZcsmJKs507hlFIQgW3NrU6lFUkBrWWoXpQgJIkKKzHRmhGxslRJCtkksSTgticQ2tkLOdBIhMKAIORUKyWkhHC5URTozUwGJoRRNzXZGCSnSzpalSKFCANmylECy04lAEVIkLopxbHYznqYpkEKZaaQAO0SiUAGMbQeoREHNbmNLEZJsKRRk0nLKxGTXlVqrJABskEKk7VpKRHRdjVKxMw1umVGjRk2akArYCBAkUSJCeJxGTN/1UYpRREgKhSBqBWXLdIIiikBBREQpGNtgQaKQLAKQFLRsOU0WQkTBViizOT1lq6UrpUyZIRSBPQwNWaWUUjLTZJFQgKRIJ1CKSimSxmnqSum6PpudCRKSsLN01W2aWuIEal8jQiITY0mZJtOGoiK1BsKJoJQwxoEQSmemaamQwc0KNWcQEYpSIsIYhJxTSrIxCZAWjhJtmoxrrUVRaymlRg0boVIUEZmtpYXsdGatpUYYgCjhTEgbHCkHcpuMnAhAUzawivrSIWFLYKcIBQAGGyxjkhyndVqY1tIYKYKu641am6QiRWYqjDxNaVJRimRFKAiTtsAmbTcj284EIUoEhG0khaKEnaEqORSZzdki1EWBbGkgFAqMDBERColQWChbGqeRQpG4hhAhWrYoJfE0TSGRECikUiIICclYdpoIABVRhGWM1NIhTeOAnempTaUEOMCEpAgSB2rp0oVUhLEUYTWZiFIAlQi1yZhSFKilSw1BImNZrU1FSrlQCNvO5qk1g0QptdQQilJqlCi1lhql2AacJilFjighOewmlDaAhVSqaBjXEjVq1OK0cZumKRshWxEKSVGcGCNN06QSgTPTUyqiKxVSyM5sGSolKKrRFalkGhEIKES2TJytGSJkRZGQMMhKlS4MbomcSQgULZskImqpAYlsA6EAsmUyKUIoW7Mz00REVWuttSwKEGBRPvVTPkEGWalUCtVSJSTSjhJYkrCJkNOAKKWGAkCymxM7w4pa0i1tpZytlAoJCslW6asxaSSXsKeIGkGopGWnUaCQFCVUZSssSGcpRVKpRYpsLRSEhYowEorAhJ2Z2TIVilCpJRQhhcIiFIggjLETVwkp3QyWZBnJTmcoigqSSdLj2IwiSoSI4pa2DTgiAgHCadPcMlNEiXCmRZQgE1kl0ggZLESRmNok2xCEiiJkJ6AwGFSK7EQGlVoiAuzEbhilLWwbCxlDSJFOt5ymKVuT1JUaERK2WhttC6tEDQVSBCEnhogI2di4lFoViEzLWSJqKaWUoqKQpOZWFKBaC3azQ6EIALKWIsBIIdHSoSilBDKJZQw0Z4RFkQKBbaMoghIlnbUUC5JSwpKkhmlESEjIUlWEZNHGMU0oFApFiZpya2lDIRAhhcA5tXQGlhWKlm0aBkqEBWSmkBQCpCJKVCKEMS1NOooyjdSVqqJaOwzJlBNkLV1mghWSI7MpIghLCoWj1s7ZWmbXdzm1zIyQbZvMtGktMbVGlCqnjUxaJcKZaSskW0QaGSkwBDKSTAYhhcjmjKIgbKUTm0gIQBAlShRJUoDblJKcqRp9rQnj1Mg2pUlTwm6BkLgiRIJCstMIUAS2m512UQCJsYUwCTKlFgmDJGOBiBK2JUGQLROFQiESY6dNBoFM2rYt2wpac6axo5YoUQACGQpBCKlGkayQooRACgkpJEqtYVuSbQu5JRGyEwV2KJIsBIiiUDEAJSpky6llSg7VUsJGmLRxM0IlApTNadtudglKrRLNiR1SRITCJDZWSyMFwliUKAjJNqEgZDIciFDYSAR2yJmYiBKipQlCYSFbyM6GVFQCSyUiJGNFgIQASZKEjAELknSTSqlFWICdoa4UE8gRNdvkZpUSKDNbJmEIG0I1SqlhiUwZKQBEQIQUQbqUWkoJCiHSUkSNkIQwJBFGRIQiohSKbLK560pXCwisUJQSklRqLUIlwiCFMJSu1q6vpSsRJaKAJ+c0NbcURgCeiFCbmmopEpJtkdkkuShaayJqX6NGiUJImXY605JtQak1FCjTRgqV1rKNIwowqVKi2C3txMZkmyZQhAIhSSEASEWNYkXISAYoEcPYMqeIqFEE2EEgKYgo2NgGGWcaI5VasqWV2VJRkJ0GJBlyStkpAkmSIiKLQmAhhRQRJC4Rtls2IREYESZDkiVoNiZtRQQGFRWFsMG2lcpsElFKgJ2YhksEGISFMHbappRqkHCSzlBIMhmKiFDUIqkUjMmIoihS2C2iRChtSQgVQnLizCBUSmAhnCjGacw2RSmhyBSZUcOWLFG6vu9qDSkzkd2skKVApdZawrITUEQIiVRERODmJLGEFCpCURQhRZFQhGopSMYlQDg1ZUoYYSBNiYgoEaWQpFIKRQQKyThIE81ZQ6bYlJDtdGLSRoqoISWuioJMCjmVTlkRgaSQW2vNtZaIYmGrqNQaxjIRIUkhRO1qEAbjlq1NzXgaGkhFhXDmlGM20g5LEU4phCwJSNxaRtBMKSXAtiDt1lqtdXJil1IkCSk0NZcIpJYtjGo4JUAI0q4lMhNIwiRpJEslZGQ7QiUKyCizOY1cQjaIiBKSMY4SUoQUEYFdqoCIaG2iWdGVojS2KZGZgkxHCRTGWDXUskWIoDWrUGoJJCvCEbiRtkABlqLUUsKWIiJIGVKWCRXcJJzYJlX7kgnOTFCoOZubm6DUihMLQqjWjgAbXD71kz7JMlZIEQUZY7KNqSgSgAwRBgNkV3oHgYyzORSCNmJlOp3YKUkhKVqmm5MkXWstEYpKunYlCNt2SpJxELi1NA6RaS7LKVOZLVN4zFCUWkIhhSLSGVHSTYYwKadRKkoJgSKK0yohbGPbIluzopaQhOV0iRImoZYgCgZJcpFELbWUosxEmVMbxjGk5uYQYCcRToNlLEWEUMOZCQmasgnJIQmQUFJq2BklJEmKUuScxslQS5GKLOM0kqqilCo5wzhKiShRSmmmtbGrFailOORM0hFyBLjWqihRwrYkBSoKKSLS6TRRJJHObJktpExUIlRKYBTFtqfmUgKFhE2SZCpKOksJg6CrJUrBaRshY5yWyExaa5DYYCfpJuOQMzOJsBWZo60SYVwkBbYUESiNRSEyUxAhORA1QjgTimzWw6CIUlRVJBlL5NRCRHREyqHAlm03O4Igx0wSotYaRaDW0riUWkJRIk1mkwqkVYSJCCkiAtrULIiIIoECg23JEUWGEJBpyRFIUOSWikAhKZ1kSooQkpHkUmtE1FrSzSmpqJYIJBkkI6KUZocUUdLZWmIIOds0NeNSo5QCYDuRyLSEXCx1JTCtNWMAZURFChRFQi3T2ZypqCUIhQRGERAR4HAm2EKmTRNEKcVWZks7AhQtpxBYJTCK0JQphQzYqNQSRDpxSmGpGEotCjBIEiSybdlpkLpaI0KlhCRFekxTaxfYEjk5ZBnblsIYY0RrmU6scRptyxGyke20MxMcoYhiKyQV1VJLKcYtM2wMRlIonIkiFKVW43EYnM4IhOzAhDINTjLTODGYIBQSKjWiFEE6nY00QWuZZJQqSQIsIkLIoWJDCBMSJskiIWUSkpPWWuKCUISwZadBRC0hyUBaikxjAyWqlGlLgdM4IpwQyqlFFFkWsppsO9KTM1uritYmoyiliJYOqc6qHJnNYhrH1hoEbqQVIQlhO22MCIFCksBOQjYShGnk1KwSoJaJSadQToldSkkBChkJM7XJJqSEkKaWYCQnKgphaGObMhVkElgoSokoipBRkaQIwpHGtoxFUUQo01ZGVKF02hkSgGSDmVqCUQBuKWQgkLAtuURntUxbIYhQqaXWmjZSKTWKQgGWpAiFc1J0kTbpJAMMyFEiSk0y02DbDQLTXGolwjm1BFlSVysOY0BRhAVTS8slopSotQBIAYYQmQAOhcIYJxaAKBFOFESJUBS5tSnBgBQIuUQBO0K42ZlpEkcJobCzREUykERESFiEFAJJIWlqrbXJLdMt05ISSxERQgpB4EyMbUFClBDCkkqpZGbLqApFKCxhY9IpCWHsxDkJERIqtdhYLYhQICQEiW1LKqWrXTiRUISEkEySmRklEIqwSWeptbUJU2tvPLUmYduWcaZLRJItAbvZTlAtIYWAAFOKsG0ppKJSIo2MnSmEx5YRjNMkSSUikCJqDWw3FCEJnAkoMS61i1Jaa5lZIhBgIacthyRCIeEINaTWUqBSZCkUAhTRstnptE2IUkIR2VpECAkVhRSIUiKkzDSGAENEqE3NchCCBNJRhHEII0QQUSBsF0VmhlRCRhZuTG2yE0AywraiSMakrSxRFGFZcqiAENglimmoVBUHUiklsCNCqNZCoag6s40TGFRKKYqWaYEpRaFAyEyZBCVEWuGptXEYo0hSJsbTmIGtiBCSjXMCFCVKSKEi0s3OtKJEiSLJMlhuLSUUYRMhG8kRqqVgEyKd2Uop2dIREaFQhFpLkzZOl0//1E/OzMwpikrtBAKsUqoENgpJyAKkUBiKAplGFEMApSsRhXSNUISQirK1UInAdpSSmU6Qa605NZXIlgoFBmwihCRRa02noNSCKBGhEhFE2JnZooTTRMiM0wSShImAIKLUUu1E4QS5TVPaNUpE2I0grJAMLV0CWw5kK2QoNZyOUNrgkCRqdFHKlFMtHaGIgi2EEUiSGXMKJKEIwOmICKklRcpw4Nam1iyBDcpEuBDCtRRFjZBxa5mii2IIlDgzgWxgpjYJBXYgS1KSmEhJRKCIopCkKMq0SZtMRQjSIIScjlA6IwTUWqRIERChUMkcx5aySw0psrU2NYVwAqXWrpTm1qamKIqQPbWMCBVlS6RaZMlylBCKiIgi4aSUApBWDUU4M0pxNmTDNI7r9VqhkBJJlAjbkm1LxTSukFQUYGdXaymlEApla41WFSisCFkEciDJMlELWBKSM6MoCNuSSkQJScZOwLZl2wl2oLCjyEpbhkDOKScjgTMRoGLsTIVIWTYEai0h0okysNMRESWkKKVCMW2aJohs09RaRKeIkJ0JYWdmC8LGmV0pIJMlFAI05YSRpBJkyiTCSLYTSagIyQgkbElRo1NFOG1MYilwWpIEgR1SgsjMzKmlFQQyuBmhUoqCBKFQFIEiwpnOTGMRyKEiyXI4UxFy2m5AiWphY5KUkDBhUoCKStRMC5cazrQBZba0a9SiEG4tsRtgFwJ5mho2ChkgokREGFDDJYSV6YAoAYQFACGDJAEWQrKbnWTtKnYEUqkRNrZLRGsp0dfS1Q7JzgRsO20iopaaSSlYwjZgnLYkE1EVJe0IKUJpCUECmSmcsh0IpChtyqgyzpREy0ZmlJCNXFRCpJFcSpEgbITdnCIMmUkQigRshexMLBEOwtkyFKVEM3ZGKBRuzqAqsnkY16olJJ7J4zhJGGMwtYRUogBFIXBrTRaihBJIAy1bGiGcJWTZU1IKVpSABEXIEBYFrOiCdGspYcBIpdSIkDGQdpQAE4TU2uRmkI1xCGdGKZQAF4RptFDYlFKQM9NpAhlJRIzjCNRagWmaMjNq2EKUUhRRoxoEXQ1KKSVKBJKkQI4ICRQRdhqMIwRIighJThsDbgbnlA07W5sSWUgRkrAhSkjGThHTNNkZUdM2KAyqpdRSwCFN0+h0qQWQQopSqKWChmnMdCklkJ3pBIUkaZqmkEpUp6NIRgpkIFTAipJC0DIzE0IhhTDOLAqKpnGsUUqpRQVRSpSIZgdShCQEUEqJiEwrZJqbiwRYkJRSRNgObNsYJCEKeJqSIKIIB0q71BKSZRFCxm1KRI1AihJRqjMliACVWouKSRESLQ0pWwrENI7jOLpRIsCCTKdbUYdbaxlRECWiECBFODMzJYlA2BJkZhAlQiHbQILTtaiWcJImkCVnZmZEiYhApVZgGlspYUeJoiBbw9RaiiLtEoEVReNqaCYCG5BEkYgIQZLKWmsonGlUSqmlSGGQZFGilFKdCU5MehqGcZoQtpszW6JwZpQQAdRSikQookQEQsKm1gJkZq3RbKGQS+2wnU0oIkqJiJCEVEoktKkZQG5TKTWKlLYIu5EREREWoUBKsouqCNmAFIgSERFCChkyHaFsluR0y1YUNiZDnZwmQgja1NJWKLNhgLTBUQu2Qp5ay5bGphYRBTmbKaqlFpdxHIAA1SglLAmQZLquRMjkNCXG2CiCkCTSaaMISQF2k1wiUAkRChUVikEGPE2tTWOtnRQWmBpRQlNLY6xpGtNgyAxhS0H51E/5JBRYYAwQUhQZlwgiQlKogRrGLTOEpGw5tjGbTSpUuy4zASkym02JilQiSq1CJo0UtGbJJQpIskImMBEihCkqCuzITOxQGCEZZIciiNZamggkQkpnSJMznaQkRcjGxraK2pTCpdapTUKiRFHili0MEYoAjHNK2xAS2VqSiYNia8zJ6VKrcERZrwZELcWkW6qIiJBqV0sUsmEjZSaKWVdRCCcRoSgiNeVUoqgEqrabW1ohNbcS4TRORUQpyLbAKgVIZVgCi8zMlqFQhMAgYVKEQAohO9MZCima04lCpBUFDNRaIwJjZ9p22tSIxDmBW0SnGrIchGUSK0oYG5RhZzqxkRCSBBayiRpGRpJElGJnJojMJklFSgwyttN2SyIEEeq6ziYzTQIlAiIiCIBMpxsAMgAqIWi4TVMzEZIUpZBI2NiZaaRSS4ScGAsoRSBomQJJUASJ02C3bGAJKZBVwqAMCkGkG5IgnTYyURQhEDIWYUxICKHMDBRRBZacCVFCmZlOSSUKSpuptRICMhtgO6d0yjTboCjRsoGcIFBA1FIAt1SEjVsD1VoNCAUmM20kUIRkpzObBCKilhoySBJCBFIYqYhMbClqKVgIrAzLOAlBSJIA5GxyiRCiRq21A0EaCcmUglG2ZqkoVHC6REiBhCzJDntShBBQi4wAQsYKainCEaFS0pZEjZAiKLUKpZ2ZIZACLGNjCAokTieSwOkEG9NA6XQqnbZJS4EkrCKnsRQhME472wSqXW2JFOnMdDozm20nhiqk0mwZSoCdbpnCbiaEgCxRFbhly5RorbXMooCQKJCBrCiKUBo3agmJlulMSekWUaNEyiQCgyEIgSGkUrCJUgSk7UzF1CZMmyZJlJAVilKKcakFS1VFgSQiQlGIiBq1lBJFICBChARGkoc2YkBEANmmkFSLQqRCQhKKUoqElHIoQDaE2jRN4yirhJopwqLU4nSEbEI0KYiICKVtKWwSyxKgcEOhbM7Iophak1RqDUUa0iSJp5yyNScllDYISDsUUhgjSi1Yw9F6nAZJUaqQsdLptCGABCBCSnscBxwRIJWIxFjjNJQoiECKIgUwDKMzwShkKTC4RBcCKVS6EiqSBJZDRYCICCmmcSilq7UKOxsZkhQCt9bGbM6UnaEimTAOyYAtiFBaERLqul5hcJvSmSYIkEopiSWwptZKiVDJbG7NIk1mw1miYAw2DuXUikprKaA4pExPTqCUIBFKMp0QihDKTNJGhCKiqqqEiQiVGhEBzsyIEpJtQna6GSyFnS2tCAyW5CTTztYEoRKhMJktbUklZEl2SxtHqJlpaiVqlIJcQqV2pZQIlQiEDTIOqxlKhEUoJJAikIQjqoxFhACrhJ3YipBESKjUAEVERFEJALAdpYQkiZCRhJCCUgp2a1ObskSE1JoTShQhBUVCAQ4KUEK2QSGmlpkWAuzMliEUapl2RhQJO6exWc5sLRuWSrQpZ7Oudj22k4gSIVTAtiWphEUBSYAkEttSKCJKTGPLaULUWiWCUAQKYUtOZ6aFSiiNJEmgGtgiqoqwhRBmbCOQrSEigrTDmTJZFGDAsghJgSS31qZpxBiDSynj2MCYtMnW0oQRRUUSConMJA1gZ4IiQiZKCFmWnSYBGSSTUCiKKDLNGYRUitwmCxwhURXNaYxlM05TpmvXhRCyMY4o2GnsBhZYIWxsYyEotUqAsENKTFBKV2pIIGqUNAGJisBRPv1TP7mUkKKUcDJlsxwqbmkIQBYh20Yy6TQJgbCQuSztosh0Ztp2pmpEFDuRQqGIIDDpzJatJc4oxaaNI0E4bEKBnQanCYUAZysRGNJRQpKd6QSVEk6kECoRsghatohoUzPpTFsIhSXa2KSiUNqCKEWhCElESJSWtighyUQJiCiE7Mxpiiil1gilsyhKKcDU0pJscCiwjacpp9YsBUjR9R04G5ARIQUiohrbyOk0tmUbsI1tK8JYckuCEoETESEhpJAUJQKVkIJAjhBWIdMKZKeRQiWwsSBCSiQQMo3MFLbJRCTpDEKlSEI2CNlGDoSQSumElNNkGzBEFIVslyhCmWln1E5YUSzbLqWkEyMTJYSxCJQ24UwntiWFouvDSZSiKCGHiggAZJBllNmytWw5ZQsEAeAUyFjObICN5Km1kIhSiFICIGlQQFJIUkERkhRFIE/NtiWQQ0KKCCLslDGkM6wkSUd0UcJJlCKBhJGxZDfSUWtIpYRKCYlAoAghCUHazmaQiRKgCCnCtq2cmiIQwioSlFKnzGxpW0KSncISKiGJtCRkFKXKBiEHWCoRYZMt01kibBJkAGcDG2EDkrBTlAgZTCmlKFSCK2wpMlOKKMqWCUCAFM1TUem6EhESCZLAthVSlCIZwMYlisgpUwi3aUrJtWqaUlLUkApYCoMznZnpUDEBFCll7OJAGNkGRUghhUKFEAhlNmwckiAJyRGgCCmkEk4QAqBlgiPCWA4QKXBrxomidhVjgSkRCmfLbNmy5dQiSqmllGqFghBSREiS0wohQhERsiJARNQaQUiiKDKdpHCNaM5QYAmQc2oGiWyWKFGjFEuypZBl0iFJQoowKWOBiYA0IkECCEUJRUQaocxMuZZoLW2rEpRMg0opyJlElFqqAycmW7NCpZYStZRaokglQgoFZE7NRCkBbo5aAkEmSBIWIQRSUUQAUUJESBEBgCNKtoxSQmFjsDMExrZxaylQRESoSBAhnCpRVaOrNSSJdJJtnOwMIMAZUSMAmo0kORRgKSSbEKSdbkTUqKUWSZgxG3IpESpOLCRaNqdRREgREhKtZeJsDVRrLVHSLVtGKDBSlBoSqIRsCztBDgBwoEQSkiSQBGS6lDLrZ5adjhKWAtsSMmB3tYtSwkjRWnNrCSRRo0RELbUUWwoZlwiDIrqoDuOUwLRMTISksDMiIgJhM+s6lSqEAElCwkmolqJaMpsdmWmnpBJyWgIIRV9Ly7SbDdhESBKSsEMiM8mQbEOEisKtpUWgUEGupUTRNLb1uLZdQknL5mw4m1RC0TKRKDgNqQjshFDYGSpCkkoppYQACyRAGYooJUoBSpRSI1tLu5aSVpAmWyaOEEglQlLLNo5TX7uQMt3SwhGSsW27RKQtZDtbIgsRKD2NUzoDWsNkKWW5XCkkEVGiBBICrJCwTdpIwhYhbDKTkNPT1CRFF24tISIMQkLGEorINKKWUkvf1a5ECFQodVZEywSytUxblkkkLEshEdOUdlOEIgQ2IU2tjW1UqEYxcrrZCoUsBWJqDUWJEigQEhbOiM5YcrNwSwMIiooIQKkAZFQgSymKENiQnmwpbSJCKO0oUWslgrTkiAoNE7VIwgqVKCIBSgmFDFK0zGwTJopAFk6HpBLhkiSA3KYsEaCikrh0nZsJt6mlXFQysw3T5KmU4qTIUslsziYEmlqzHRK4jS2xCERr2aaW2WqptZYSJaSIUNqyJAvSoKhRVYpCUSAzM41o2aaE8pmf9qlEyWyGNrWxtRLU0hEy2deaBhuBXSKiyFAjbJAkFYUCN1sG263WTqE2NWOMAVkECFFKDYWdiZ1pp6G1VBAREuPUMpOkRIBaNtshRVFXa4KNFCVEElFMKpTNYNs2NaqBEjIqRaKP6kKhOAgkIUDGGcgmEws7S6hEOFvaU5siIiLCLqUoFCVC4UxQlLBtMhS1FGOhEqVNbWIsUaLUvpSoNURrzpYURQkMOEpIakOzUyEg3YKiLsKKIqUgFeG0QCoR0VqGQgpAAgknIUFrDWxbItOZTVKAFCRCzZm2SkhMmTYSEYIICSFHOksJRVFIqDWHVKKYzJZCmS2NDI7WUogoziy1lCggOyMEkS1LqES1AhKEBGRahIWdIJNCTktSQVIQpcppo3QKpmxC6WYTJSTAFjiJ6EpRAKqlUwhblFCUWi0wEVWSpBIFKRTG0zSls6VLiVKrELKxjAKnHaQdIUlSgQyVWmtIzkZmpjKNFEFQkRVBGIOtiEyM04BtkNwaISwFQTg9tUFSKSE0eSpRbLJlw4EUKgpJliRLUikCUCklQlFCCGRljVpLKARygqQQoamlgqqQIjMVgRJksIQlO0pEVOPMlkImyVSQExESEBEhAc4pQ1ItmQlky3SiCAmIwC3TLiEpRIBLVEk2kz0NY7aMCkQpASQ2xi6lKJTpiIoUBYgIBWGEGw5nCgwRyrQhFEYRRBgrBJaESsFkpltaAFJRSAiwW4mgCEAOSUVEdLUqBBZkAq5dVUQIojqbpEIQ1FIIjEuEQ9laKITAESEMkqJ2pdSu1AADBjuF0oYQThMqtVMpnUIYhTItIuQkp2mSsSgKBRFVtXpqFs42pbEVqhFJgkKKWqpkBLSWthFFkWlkDIEEWFJaUcNpIEKlRERBoRIRJYStEliSZCjGadsWYCHLItJTawkkinAhQLZbGpCQJJE4CCAiwLadTlKolJLOlk5SyOnEYYFChEQgMbXElFra1KIKwk6ETK0RJaZxAiFEcTpbw2mF3dIghyKEFCGNbWpTqkTfddEVIBQ1ChGZ1JAxSBgIYYFNEFKtXUS0ljhtWQ6pRDGAiXQzRoooUUpIynRraRyZJaLUGhGykmzj1JwStZsFhEIhCRsE2DgxyLLBzYhMAwqi1MycpqnrOht7kpECO52AZaFQRKHUOrVmp1BIETKSraJstDZm0twkhUrL5nQCOABFcwpJSIFEhIQzkSICqQQohEKykVwUIZCQUYTttEoUFclImY0AY8hpai3BliQjQsWJA2EFUpmmljkhAdM4SqEQoCBKINIRAlxLwUxTChHYjoiQrLTBlFJQFbJNaxEhSQJaa5ZxOFtKpJsxCiFCxlK01trUSgRWitaa01KUWmRlYnI9DG2ynTZICAI3p8LpyWmMla1ly2maLAIkRS2yCdmZBmSnkCyRUTpFyRxaphQhhDKbkXCaIuywM6RsDShFUkSo1BoIRYkoUSW1nEotSDidFi4RkjAEadsOyelpas5WIqJEy+bmiFI60jiTJoWlAkYqEUVhe5imaZz60kWJkKaWicGyJBvbdmaNggxyECERCiwVEZJkTLY0aVFVoqqU4nCmQ0KE5VQUSbKbjSDTGKzShQwIBS1tag0iWrrUGhERSifCmS1diiQB5jJRoijIJEJYWLWEFCGyWZLJQLWf2c12OnGzkMmWtURXSwqnSwlSUSQiqiJKLUWhKAU7FEhClkpELYEUwmkIhRTCJDYthW0ARTolgTKbbePWnJmlRJSQSokon/LJn9haAwWW1NWuloKNAZrTZnKzRREGSRBRaoTxlM1YIkKZriVKlGwtSilRhNOZ6RzHqWWQEqRR1NKl3aamEl1UhEJSGOeUOKOWKGHbBiNsiwiFMltElFqjKlNgS2E3I1RqKCLTJaRQ7aoU2BCBQopSBClqlDRIUco0Ts4miSjCmQ6RLRUlIGm2pdJas+0kbXAapyMUCuxaS8tmqNFFlBJCKhGlxDhNJjFgN5daQsVyrZ1CEVFKyEUFN2wrwjgUxjalKwKMMxMbbGcawKkoAUY5NgJUsLIlEKWEnHI6s6VCVWFjHKWAsdKZzbi1bBFhkJBKa+M4rUUpEZZUIkIIoXQqQuFaqoSEIuxsbZIim9MNUbvqEgHNDhEKnE5n2rhGSQwBKYmINDJWQm1tSmcIKAKBFBES5NQUgYEmRSkFFCoKTOIgkMIgKZBCkhBRAlsibewaRTgIAqBNiWRQ2kIZmFICyZmyFcVJZqY9pTNToYgopZiptdYyAZwouloEdoqwMzPDUo2gGGNhI6JUhaY0ThKkQApKiYgQysyWWVBElFDtKgkyth0RURQK1RJSJGRriohSIkSCmcZJKFPjNJYSCXIAskOKiAghZbq1JhQh2xFFItPYhhCKwDjTcnM6yZYC47SLCrKbVYoUAoVKFEMEIiQb2bRs2CDhEjFOIyAkhSJsQBEKkVaUMLQ2YVPCmQYk2SBFKSEVioSxjJmmBk5DQFqQOCwCp4Ow0q1lohJKohRDgDMDogTN6dbaaLsr1dhOpFprKSWsDNlpRCJcawg5PWWz7aRIRtnSkdghgzC2I0J2y8yWEk6MQ9SomWlhe2pZIhRq02RTo0QUy5kEiigClRKBQqGIqEUygFSEAVmSbSSQLJw0pZKMiMRVtbVGJiKd2JZqKSLSiRuOCATpTBTClkyzwbZl2ZaYppbpzAxCoRph2yinKVGRAIJQGAOlVNtO2zYkraOqhtOhUImQsk0GtymzAS3dSCwkTAgUzhRhWVY6o1abtDObSi0lsKds05QqIVwiotSAzMzmtLFDUbsSUdKTDBbINgF2OkPVZEgiEjsNYAmphpoNESWCtKUSURQqKC1joNQipw1QJKexo4QibIdkOdMRYVvImQYLME6DzWUKRUgQCkkURdQqCdFaykiyRDZjW1gGbNuZNimIKAa3BFQiSg2FxDSOBkGmUYKcNnZLKwGwJds1ikRAGglApjUrnXaJYmOIgkKAWlpOk5khYUlSkaSIYiszKchIsmhJVwooJIUEmdkyJYiS6a4UAicydtpZSggZYwJspxtE13U4pqnVWopKqVFrF7VEqJSKEcpIZSILjEzawpaKSpQSMkJIUoBCmbZbk+Ugxymd/WxWQhKhKKVYFJGWhW0UpZa+VkUUySE5okYVilpLlBLgxBBS1IhECgEqAklgq0hSKIBaa8iZntKkE9sIIgJozYI0za2WggQowmmwpDROBxCy7bQkO51EBIQRkJOdaWQTgexpnKJIJQiFClFLkSQQaTBhrCgRCllAI9MOEUVRSkhpSXQqxqGQwkggybakENhGloHMtJ3p5gQiFIpSSkTJbKAgMtNYUoQyp9YSCyShkEIhHBImhHAaUJGiuLUoNYAIpGzONKarBYXApmUqLYhSohY3hyRJJZDSNjatK8WQECFJqeyi2ArJdtSiiGlqEl3fl6LMjCgmbSSpFhJnC0ViY3BmKsIkCpWIEhFhsg3NNOQ2WeBEAttpRAm1xKQthYqIUogIC6l82qd8EqbUAkgqUZqNDUg47XQgCVmGaRpJRSiQpRJRI4KYsoWEIjMzLUlFkoRCkgBq6QADyqJIZZToa2fZmQIhhSQiAikIFBGUEuOUdkrC2BYRQSZC2CUCRKAgTfMkIpCkacqcprRRpi1oOFsKEmSM3VotNQFZkDZCUYTIbG0yKkW2MlvLKYRxiVJww9k8jiO1lIhmlyhRFBJSpoFsrUREqSGFQhFS2Km0JGQDEREKApsIgYRCQiWKM0MYWQ5DCMDIlpAE2CiilCIcgYuwQZkZIazEUgFaa1IUbAFKu4QwslRLYIwgQhAKZ7plhgBKlFA4EZmJQmAj7HFo2bLUDqXTXamKCEg3pR1q05TZiorCQLPdTCgIIkKyiUAIjCmlSCWdUatCtsEi0mmjoEQJNGYjjdKJ01FCWJCZdiokwsLYaUzLCSOJoohIGs0IFCXC6eZ0olBEODNbpjNKjRJTNtKqpSul1CjqgJaTLaeBUCgi7Gma0nS1qkSRJGyrhCTLOU1ja1JEOCdaTlFCAogoQk5MFtScRZFO2xZVxSEQUnrClmhtEoGc02QokojMltmAWkpEICSHSpHSaaOQQZBOACmIUiOiRihEpgU4wOl0urURVKIoIqSIEKRVwdgtVUK4RLGQpcA2dqYNkCEpCiARiuZWFBASQpiQIsJg2y2FEzstSRai1pKZSTgtyWQbW9p2ZiOCZrCdiQmFsUDCSJDpaXI6S4QwZmwTxraiRok2Ti2bQFFLRMO2bGELFGrpkLDtbNNk2yCIolCJKIRtIgInBuSktSYopTrdnDKOqLVEyHbLzDa1lq1NabpaBKBsNkghe5oauJQCFljKqQEyyJQQlCgG24Ea6UxLESq12MrmEqq1ykJKu7W0LCJCUoQkkS1DksJka3amcYDBaYSEEWJqrZawIVQApIhQKALCzhIliixho7Cbwc0IywqVUkqUIIyn1gyGgAil6UslhKJEIVRUQioqpUREQbaxCRQ1qjrcSAwKSeSUjeyidn1XSo2QbdmGUCAEzZYopRiPo+2MkAAhFFGQMBJSIKMAMJARqlIzpRQ704kJiCLsqbVsWRQlwlOz1Miw0gopE6G0sYkIIYczCYV9tFyFsJRtaimM06AoRdgoFEHgzGwKySAD6ZTkTEUJR0tHgDEpyXIQREhkJhmEgzB2JoGkUChCRaGIIkG2rLWrtdrIYBQRRZIURYAsSoqwo5QwlgRpY4siKW2CiCgRETUiRBRJktOZk+0gohSBUY0IhRCyEAYjWYSskNIZBAJhI6ko2tTSrdZKlHGYSDKbsdMKq6sCQyA7QdghFBGQlm3LoSIJDAiHZGdEVUiQeJoSsBNTasEgohSsltmmJkk4G4qwskYURV9K1GIRYJAVJWyEQlaUICxIiIgAlE6BjNPC2BFFlGwt2zS2idA0NWwpSkiBKLWEbUlpB2ptdGbXdRERipCQsmVmEtQQChlBKkMyEcgBtrCNQqVEREREay3TUUuJYnA24wiFwm5BGDstRYlAAY5QOtMtHBGSSkQEGAJSxkiKkMI2CoElQAlOB8qWdkaUqU2tNRQRcmIztbUtZyslIoACdhqFEMIg26iWIsLTREggZBwRmXKmQnZmS6C1SaaUAlZE2uMwjNNUBIhQEbZL10XE5MyxiVRIijY1lYgIN2e2FGGVKI1UhORA2LZDMpACBzLKlk4B4zCmMVmitMxMd7UYnOlstkKR2TJbcwoFChUya1dUqjMVERFAAFYp2EQpUggRwpRP+9RPUoRtoSjRkghCRcie0g0oRYDBdpumElbE0KZhGEqUiEiDHYGNCGGMFFJgW6BQRBQw2IAl7JBCRcg2Ec4mRVEgBBg7JUyUoJaKsKUQpJNMK8A0TEtbkhCYKGEUitam1rJGEYiwEnAmBtMCTy0z081pUjlNRNRSnS0zLWHXruIwIEqUiKi1OJkyZZUSEcpmkxEhZBMhsDF2plUkIXuaXCIIAzimNmZLGUlSRMgBSFJIREHCntqkqHZKpdaCyTS2AlGQs6WkEuEpW3PiGtW2AkNRpCkhSYZsCVhyOkREgCxHrbZRKKIoHCpRRBjZKSkUmcrWKEjRxiEUEZG2bcmBSkQhLHNZtpaJRKaH9RAREYGRlTbOUkKQ2ZyA25SGKFFKSFFqCaEQKZO2MLWvrbVAckw5iQKJAhGEgmaQSkRCKBCk5cxsLS1ZKqVGJiAhC1tgu4EUEUUlIt1as53gKBGEsXAoHAocoaml0wrsDEVRAGObgIhoSmUgg5wmnU6ZvqtCCrXMli5FkkCSuhJJYpdSjIWillIkRTpt2yCQWmsRIVuhlvY4WaiE03Y2u5SoUWutCoWi1KKItDNbKABjEaFwTiUUpUjKqRmmbCJKFwqFQTKEo+vr1DJKyCBJMmmUJlQIBUIhYWOQSWNltkkqxpAqEYENppSqCNIKkDOxW9q2ybQpERE1IixwAoLMcWoNbBQlQpqaQ0hIEaVIgXGx0o4I4QzJdqZdS6Bwpo2QhCTZoTK1UVJEMdjpBhBhJLdEUoQUghLFEkLYVkQoFEUiFGRLi4iICMJCDkVIUQSSJGzSlAiFEJJE1FIkNZNt6medMZkpCWpXSi02rbU2jmnbWMIoAlMiMjNbRi2SIiIAMHKbIhSlGE1tmqZJOIqKikKSSqmCqaUzE0eEpHSSlFoUxTZORURRqIBL6Vpr4zDOZnOFWmabpiglQsbpDFUJA8aGzClzalOUqApRbCvCoqVDDikUAqMaSpAiQibDoRDpKOG0TZtcugiwZbCzZSJKFBQShhqllNIwTjdLzuZSFCoOpZsko6k1p2tIAWkrRGZSIqLIWFJr6cw0EVKEpCgVG2hTa7iogFRqUcn0OA1S1FpAwziUEoWClE4wsmWIWiJKuDmdlmSMai1RIhRSBFKQNlAkJAURApqZpsn2NLWIUEQoQEgBLVRkKQiFgBKhtEtEJiZLUahKxqSTVFc6I8JkGpxGYIfIzHQKYSQ7wRbOTBTCgHDDKgFuU8tsTincbNLgUmqE0g0ctWQaa8rMqRkRpDPTUWopDFMaKwKRNqjru6gVTIBtyVhIIZlmiqQIgYTBtpAijKOUqtKcOTUDljHGIEVEoMCtqNhOt7FNJQJFWukMqTmbUziKShQpotbWWmtTV7valWzZWgsFJo2iSA6UaScIO9MWQRgbnJnjNGU6sxmCMHampFICJMkykLakiJLOTEeNiCATZFFrIUJW6STF1KZQ1FqIUJQSIcmtpS1BA4EoUVVKtikUSRYFljMpgBO1liGVWqSwcDqdRYFRAUuAJGzjzKgCLFeFQum0k5CxUkSJIG0AS+FsxkYhCWEHOYJIEZLTOKRME6WgUmtItda+9AnTOICtqKVkAqSVbZraBNQoCoJQKMHpElGKErWcbBICQhJMrQlsWpvsTBO1lAhJaUtKEI5Sooh0S2emncYhEIriTAR2IFmlqqt9LWHnlA0iwjgssCNimqbWksDZShRJpIlwTiUiIowjokSxVBWqCgVR3CZDoEx3fRfSlC61qAQEziBCwkwtWzZVOW0ThMFkTg25fNqnfnK2qWWLiLTdUjihtWkaU5JqAaIWWYBDWFIAkpDtTDuESmnTBIQKBQQ4szkdUTCZGYRlJowN2Eg4bWQTJSJCIARJCttIYCtKKWWYRuFSqvCUragguzUTyKWGkG0QwhARUtSuplMiJKLIEEhya4gSysyUyLQclCjKliZLlFI7Q2YqXSIU0TIjSmu2p0xQlCgKnBkRmc02RhKmORUREaRaJnK2TIMoIadKCUdBblObWgayRCYBlrCVEV24Tc0lJGE0TZMkkAokCigls6WEwJaIKLJKFC6bWkZEkVJEiQhJRKgUja3JLiFFBKRw5jisEwuFUBQJBW2awAqFZSFhuUSUEqEgZGSy1AIytltEqbWolFKi1mJngkUtXam9gss8tUxbAUmEJElBGskWslRDGMsCI42tFUkhRCgiAogoESGFse0QNulmyxBC0SnI9NimgBJhZ2ZKAVKJopDUsrVMpwWKEpJAkiVFgDNZT6OzlVIkRalRw3Kmo0SppaDMRDgtKUoBA0RYdF0oEUVFJaI1Wy4RzY6opRZsS6FAyrSQJGe2nEBhkCRaOpMcp5S7rkLgjBpdrThMZqZJG2Ac1q1NtXRRAhOhEqUUGYycmXa20W6ySq1CBgyolKi1CGwLOchMWyEpVEIRypZgJINCEiEZZ1qldKWIMEzTAIoISS7IGEdEJsYhIYwjikKhkMhMQ4kgpCKp1NoZ1RIlIrMpikIgYSkM4FAQESYRgSQiSoRKcUtCpVRAoXQCqjGNTYKiTGdLQCIiEFEkycLp1to0ZQSKsGnNyJKytQiwpkxJiiKDHVEiZLAbKtgtLYhASFItJVQdRAmQZKypNZxSCGqpBqVNJlFr7fteiloiIjLTbkFYSNTSgTKddpQSwgpJBrBELTUiMJKmNo3TCELYKBSSwY10i1pqSIoQUSvGIEkKlDm1UoozESGFhNSmhl1UHIkBcBqQSiklFJJL2BZOp0SJKCVUOsnTZGEkWdEFVmtNEQJLIAJIiVAE0Yycxk4UoQCDHSUIGZyJiRqZgFWqRSDhligyHEDU4sQSZKbTLSJsY6IE4CBMpgUKtdamtNNR1JVOSklFIsg2KaLvuohKOO1aqiKcGRGZLlEEtZTSlUSZLaKGDAKXCFRCkiJzAkURylBRCAe2JYWilhrR0qUEVoQkWnOgiAgVyS1bRAGEFLINLooSxU6HogQoJOOpjSDbkqIEjlIDO1vKIWFRSoRAZEtjIJ2kUQjJwiYipCiBBAlEVGBqbWp2OqfMdOaEHaWUWjABqlEUSBJOiwQ5ZTKNbWfaKMCZkxGRBiJCJdQFmbYEpZSopZSICESmhRQgZBFSFAs3D+NIS9VASqcs206EQ2Hbtp2tNSlESEIFqY1DgiJCYVtFtdZSw1NKcma2NrQsEYrIKYsiSrGztYZCCrthSEUEAgwKKVGJsAmkUiSVUrPZbUKUKEVRalGJIETITmdQTAvL6TQRRCikdFoRAiJxBBE1nSFkt3TmJJUoUkROJoiIoiCwcaYUrU0AIlsaSgQSLZsdEF1Vw1IQiaZpMllKQeF01AhFywwLIWGDHKVGYCRsbJwtk4woNkigKCVAReM0SCHJZLZElBJRIhuIkMgGKGrtKkFOSVFItjHpbGkFERGSQlIBIYQUKqVCtsmli1CRBJQaGIVKVElGIMnYMkZhKUoohJpbiQJhmgkbpyWMaqilgcBRay1FkiGEkTOFEDQTzPq+dlXQsqGoRZlgA0ICRYC6WqNECWVL5EC2MRAKZWvG2CIsAhGapmkap8wstZZP/7RPlqmlk3Ba4Vo7SEMpKqXrFY7ALSLCMsa2okhdrRIiai05ZSMx47CuXe1qGVsqkYpwRAhhsIFU1q6Gikpg2Rm1IDkRtu20rVpqQk4TFhL2lA0IFTujViG3bE4bhcOKiJZNUomikATpWgNJCCuKnBlFSFi1VolaanS1qxEligoFjCCiRCm2jWtUQtgGQWamWym1q0UAGZTaVVvNKRQRtoVKDYxCEi1TKiGVGgEtUwoCt4ZdohCWQiKi0NqYUymltczWpjYJFGVqDVCiUC1hyaCoGDIlFFGKJFprgKRShOV0uqEoEgqcICFbJVRqJykz0y4R6SxRFKEgFCEhckopSkSESBBYSDbGKEqJEtGmlkkUSmALiYBMKaRomUAXJWqFZgucLUP0fV8i0g1UumrIltkSt2Gcsk1RApNumYBLCSkCbGc2EekEgxTIeJqG1sJGRaFSiiJwhkIEcle7lg0UpWSzUEitZRsnhwoiVGspJSCRpABIkFtr2LXWEKXWvhSbUIRKSBHFoiiQodSukxyKKBGKbFNLolRkSQIAoxKSjJ0tmxF2hhBKt5BAoYKiFDmNJNGVQglZtltOQC1dmsAGhUMhuU3NqEREhJ3pVFEYQigiiIjMrLWLWooCqWWTRUj2crW0UYRQs53NOCIk2ZnOZhcFkC2jRqXYAEiWpbCtohBFhZCsxDiNAVmKiJAMgA1g5zRNLUstJWomzszMEsrmWoSUdkSESRtRogspagmpZRMKSXKoCMCIUCBLGIMQtVSpTNPUcooIpRRI1FqIkChRFXLizGkcIyIzSymyEqKAqVFUwunJDq6wSpFAArI1t7SIWgMBRNASgZhaCwWmtSyKEhEljMbWhAADdtQKxplTazllZrZM2yg92VYIGhZuQ2tFUpSQieJMZ0YptRY7kdIpla6W2nU5tdZGTDN2WpYCY8C2CrTWcpomQcspUpToupJGgaQSRQrSyJYAiCgBytYyGyIUAEjQsiHJkW7ZjNO4FDnTxm4GkKQSMsIGkzaESjrHTJwCCwVF0dIobcukIZtQdEV2JsbTNGFJThOBG7XvFFJiQC6llFIiwlMmtNZaayWiRICNJZUorU0SIZUSIbWxRVcE6/Vqyuxqh3M5rJwZEXIYAyKiRNQoKoll4bSVOQkiAkWUmq2lEzlUWjaFpAAwCiKCtE1RSCrENI3jNEphiXBIAttARGROESWEJLdUIJXmZnA6MyUJcNoS2AKVWkKSSISoXQd4mkqEuhKU5gmrRlVElDDptEpgtTYZG0hKiQhJsjNUSomQkFWiRgkVZMlO0k0WmTYEdmsNSaEIZGWIiJAUFEoRDhWF1NUgnEkzoVAYQkbGxnIaZGcgqWRrUUoIpxNLkqKoSMIoVEuVRCBJoUCgruss2TaEFBEKikopIZQ4pxQBTG0CFGBFKIpkK+SkZVNE2iWCgFSESldRYEeUzEwocibGmelsEYIAu9lYEaGwaK3hNI6QwBgMRIQkA0YiENhYkiKCMG7ZShRBQi1dFLU2hUopchIqjRSolgA7S0StFYhSQhrGsRC1r6UEQU4ZJWxLihCZUoTkNCgkskkiCJVxHGxDYCtkJ44ilVprxDRM3ayikBMkuZSSmSFlGisxdiiIwAZqCBSSSmCTcrplpm0sq9QqOd2cQoSEIooyU0TpZDsiSomu60OCnNrUksyGFBG2BYEUkk2UqBFRCNUaTrdpBAIRFiFZEqEkQ8qWJSLJqLVIU2tCqgLJpDIzgSgqpWQ6W0ZEG10CG6SAqY02BgWhgiwFEMgARMiijUOaUmtElIiIKiJKKFSsUkqUkCif+smfZACnwIqIiGqySEZAc4tQKIQsh9TsIkkhkKSQ040WUpQCihKhWgpSZLaICKFaQ4EsBHLLlllDxiEE2Uy2GsUSsiICS8UiIkoUK+wmKZ3jOJTSRSizRdQQYCJMgmipWkNKLCntaRynaVIIIWSrREQRuJaamSVCCCEiECEpJEQQWaJIjihIInCWUjNNUKLDVkglEDmNUgEEpUhSRNgWKIqEM7FFKREyyEJSpFW7EiqJS4kQKlFUVCIUJUpERJEzoxQZFUqJTGNKF0poLUWJUISQCWxbpUaUYmMslFM2T6IYZIMsQsrMbE6yRKTTzVFrSFIQZCYmcSly2pgQIiIEUcJ2wQZbIVmOEpkJykwhJOFsKSnCRER6skWKUChqDQUGwNkama1lKhSlhCilRglZmNp1gG0LYSxDKeHMlg3jtESUKKWqRlVpmSBB2q1NIEVAihBCqiWiCpPO1ppCMqEiEYoEO7GnbJCKKIroqlII7KlZdkLLUVKgtA2yrByHIdNpQoYoRSLaNBlktykNtS9CzsyW2ZxKGQPC9rAeJCmEZJu0JACIIhJESFIopAg7M1MIhLFFWJKi1AgiyLQ9ttamydkMLZuQLEmOkJxtkoqdadfaRQmDpCJUCpm2o8iGiHBSZJNtImltMuC06EoJyU450kbUKABYDrANgSzA0ForUSgBkkJBKJBUwCBIIlAp4NYSBSEpQlJgjMEapykMIVsYCqRSRAUHVkRIRAkhkyhr7WqtgpbpREGNUIlQgJpBlKil1q6r4GyNTEWJGiABRrJNyBFFRpLtdIuoESoR2bIEJkIBGaFmCUcpIRIABW7ObCIQCrAAnLVUkC3kWiuykGQZiIgASULU0qlEy7QRIJUIRdggZFkIl1LB0zQ5M2qEorUWqJSwkGmZzhalRqiLoginkwxCgFCEjFA6W3Ptugi5tSplZpFKLSFhIgJUimybUETm5MyoVYppGls2HBGSotQaoWmaSBOAo3RI2JJwFtESoVJLEMgBUpAYnBYCbKZpqrUDwBGRSLZKEQ4Jy1C7WglAVoRsQwgI47RVIhKKQgIpEEHazkSQapkRdF1HyM0qEQQQIUnGxhIkFpktM21CKAKDIiLszHTLMSLSDgQKKKUYG9sM46gi0qYpaoRqrRElMwOVKAolFmApIm0JlZAkhYqKsYUdIVAJRYStgCiluYWKM1vLiCCCbJkuXald5wRwGtvCIBBKG4psRZBEKCJIS2EpnQpJEoIg7UyLCMmEhIpECgEK0gqVKIJSi6RQiSh2Am1qNiindA4TNENEtJZkS5mW45RTm0IiQuFQIUCWJAApANUopRZFtGwSAHY3q1XFNkIR2BG1lCJsu2XiDAUl7PQ0Zcu0aym22+RaKyERtRSMDWBIpyCkkGyiEpQks03ZWrMl2UhIoCAALJFpOYRkSSjA2RIoKlOb2tRQRAiEwmkgszlNhCQ700QpUkHITjyOKRBuzZ5SIYuQEmOKJEhDkjJQI9KZzbbBBiHbshTYjgiQSliyTbqGFAqQmTLtBIqwIWiZNYplTEShBBgHmUNLKSJEWgKHnelWau36HjfbtgolAZkUAmeUSHvW9wAC0bJFRI1OgdwoJQJPThKQMQgZR6hlG4exRK0RSAplTmoGRVFElUp6mqaMCOzMTDcjgUWoJClhC3AmQEgWzkw7rQiwTdqKUiJqLaUEpRQJaKYrslKWgwCQonS1NGcQBM4pm6MISSFkDC0NJSLDciBwM0jKlsYhGYdVPvWTPzHtQGFLppSk5TQZbLK1UCBNOWW6llhPU1WpUU1ObQrVpDkdUUIRiloKgCglMlNCimlqsg2IiHDaEEiKJKepYRkjWYqIUDgNJQJIjKG1yW3KBpJKiRAm7QiFCpiklHDaRpIEFpgkE4UCl+gys2WCsUhPOSHSBlkKZEABpI1TCghjgQRgCTudWCFJoCATZ9RaAwVOGwGAkG1ZjRRgJ7KdZKikbZqn5kxDZmbaILBwWgrjxKEytQlIZ0SAnbaN04rMVEQo7MxMk1gKQmrZilRqjRIoDJkNUaJaZGvGiQWZzXYmEqTTCLfWIkqpIQs0jOPUxlpKiWgtARHZrBCSRCjSdkshSREBtj21SaUIbIIwZEskyaFQqLUcpymKKAVbQFJqkeRMoQDLCkXIhqBGsdRy6rouVEKRmUQELhEowhhKFAKpSE5njU4iinJq6ZQkEMgyGEopgUopESBArU1Ty8wUgCOKIkJKZ0SkLYgIY0OI1poNQSIZQyiwQXYqoqWNQ4oSCMAJxqZlkkRIhCKCMK6lpDOxIFsiK6qBTBOIWkutVUYRihBgI0KyAJeoEcJkTjZGkgy2Sw1J02RhLishEI5SJAVkjaKiTBvblFINEbIlIRSq4FCJWkoUAmMyAQQG3DJbWiiklpbCECVKFBEWTkuUCElIgIISxQiSRKFSSkgmhLK1CEUIgwDccprSLS0bIhSKKBGScNpCgKeGsDNN2kLITmqpgZozW0YJIZVi7MkWomVDYVDawmkMIdycmQjbQBSkrkhTpp3ZGhAKhIFMW4gQETIylgRkIhxSZtpEKCKKZEAWilDadgKllqJIu0QApeuKSmamKRKKdHO6BEg5NWSpyDmlQxAloESVlC2dGRERBWEoUQRSEMhIoYiiEkVkiogoEXKIlm6e2pioKCyBbUtGAlmSTSidRSFhSxEhRWAbOyIKYRClVCKqhBBgEyWKZYVbS6cBp6JEKZIISAA7CWGiKJCkWsuULkWKAihUoghCMbWGHVHStokgM1vLlplka1OolLAVJQIxZZMkKUSCrLTDArXmKDiztdZ1XVF4MqASNYoChFFIAkmEsIEoUhRZSKWESRHIziwKKSKidl2E0llqiYhQzWxRIiLstF0kRYlaZNtGGBuytWmarIwI261ZJm3Zrdm2nYqIEiBJaaJEhKZp8jRGKUhRkPCUaWc6SozD5MyoYbBBBMICAVEAk5SuGMDOtCyBI6ScJrCNQzJpRwSSpJAkLIRLhITlQmQgg7BxttYyooBbm0AyhEIBIDkBSkRLQ5v3c0VIMpQIO5FqVAvb4UCYVEQ6yQwFeBjHbEbYFIVgmpqEbQC7ZSLcUiWc2ZIS0fWzWoVUa4kip6OUUiKFwHYIhYqqwQZRiEYjVbBKkYqkWqUoQIDIULilbSAiSpQo0TIFpZZSikCSopQQKKLYiUIQUSwCqQSQLZ0pOQiC1lpE1FrsVKh0XRG2bdSVEsXgqUkqpUQJJUPLgKglSjGOCIQIBaCiUCgzhYUkRQQWUpKJQqBSSlFEc8oKyYoSUALIsdmpiLQllRrgqaXtFBKlFCmwbTLTuBRZSEq7NddSmw0oAiQISqbtRA6YnHJgjAVGhEoURDrb1GzVWqVI7MwS0dIIp5FU5LRNUbi1hp22IaJESJGeMokoIUCKCBlUIkBGrU2ZDoVEoBLK1tLOTMDIzooSGWem01CMJUClC0s2kqzEAiA9OW3LNaoBZ2spGQRGyBgQkhLKp3/ap0RXIgooIYi0nZRSVGrXdULgNtlklBAmimQbiVILIBGqEmmmnEhPrY3j6KTUapim0ZlIrWWSwlGqRWtTaxkCBSJCYBuhErTMlo6QFTibIT21nM36rnTZMu0iglCoZUNINUSKUESJxIEsoqhGMSBsI9mWkCSEkNVaOjNqqVEyG0GgBBBkWpLsJF0kCylKDSA9OUOREKXIpk0NyZnT1NJjpoGWBpdaDeEwOI0tKdPGpYQSy87sumqTzQRpD+MktwS3BEop6cx0KYWwoSAVlVKRjYWdjhpunloD2YQCkF1rF1WyE4NzcoQkhZSiRK2lqISFE0ukS0Q6IyIiso1ydLUzjNNYIyJCAjtttwSLkIQoUdIGTa1h9bWGcKCqtAWAIqKUkLO5tUlIBqtESICFVEprE6jUaimnjC4wErZLSPbYpoiICIUskGyPYyONqKUgWrYgIkqRUthEFCmmNrZ0ayk5FFEiIpCcbm5OnA3U10oJQSigZGbiQLVGRAduzhIFSLvWLiIIQopSBAKEJAiJrquINjZQKSUibFsEphBRIgpCtkqNEkI55TSN0ziVWhQlSEUxSEkq0ylCSicmDRClYJcolrFb5jS1CKIUiAjV2nWlc0SBKCUiGigdEaWAFCVsECWqQtglQqHMNo0jCBRCUSRBRoQgooQiokjCmQYpM0sptRbjkCyFlOnWRiwJO4UiIp3ZGkJGiszWWpOiKIQshXAmEUghWY4I282utabSU/Z9HxF2ojA5NSOVItJRAiKdWNkaNKNALRvJ5FREKaHA2A1jCZBEy8y0W1N0IUotKGyHkARkJkZhRJSwpUhJJSLTQJSqELIijJqzlkABhKwoSYIiImpg2wBCIORsdtomIuxsU4uuykjGiiJnGgyCCEDptK2QAEUJZdo2CNFaMy61dl21JKvrainVtiEEgCgRbZrGcbIURQLVEolDiEyXQCVCYQgFJqKYtAGLEkBICrvZGVFkMk0ECmdiFDLITsiWBCXCCmOBTShUZGTslhRFFGTslmmblCQUSIltR4TEOK2jFNu2JEJSCQmJiMjmaRpN1qi2SaIGLkJIECWiRIQ05ZRNkqMUQtgRUoQUpRaQpCnHiNqpEmSzgFA6E2GMMaWEKEVYliTL4PTUxlCNEhK2ptacbumIMLi1hC4CQYqItNMNY+ginGQbbUVESEYplSLbhhBY4LQlJCnkdAkJuU1JKCAKBlkKkDEKBZjmjCJZIJNCkhzCjiCiTK1lyGmcUqCACAUgnAoMQViWiwIkjMhMQMIWknEtdcrMNkUUQ+aUNmSmIyJKERAlpCjFNiaKhAkCqUSJkiYCEVO2lsZkm6ZxVImpNTKdZOY0ThGVokJIpFOWZCFLCreWU0tkiEC1VorIzHRXStSSIqdMnDm1KcFCNm6tpQEHuBBghxShdGK6WhwFVCRCBmebxjZNY6ZBzS6lOJTjNFk1isFGJYo0OSNUoyQWGCskrFIUqJFKoVLCGAEypF2ilFIlJCFKBAqTmSlLEKAI27ZtjJFLFIlQAJZCgex0SLYzs2ULhZCKjI2FbRRhLpNpRCiqgg5NzW6ttWma2hRRVMLOCAmMooRNCSsChbPZGYqoURQWgpaJXGtRiRJRSqyHoVY5wsoSVQKrZRNRAkU4IYiQjCKyNRJJJaLUMAShqmyWVGqEQnicJmcqolJGt3QLRSklQiXUWqulSoGNJNlGBCJUFC5RFGFbBhERrbVhPYLAmVlAKEMAkDkpIp05NkUgQuGWxqUWlRoqwkEkrqVErXbaDkUpwtHaNI6j7VJCQhQAu3zqp31KYDc3sqvVtk2EFAUn9tSahCLAoRCKKEmKUAiIiFAkLUJFKDSNmZm11K4vUUugiCjRRVEJhWRk7MyQkBSKqKVgJEVIkgwCRCBhG0XUUiIIhWBsrUREUUjZ0qiWghKJlDMxYNsgrHTDKIAoJUqEm42iqE0tFFOOaZM2mc2KogCT2Qy1FmRZKpLUsikUJWzLUqiWHhkr04ZSSqkVCIftUgpkqEguKgLbCiFLAAFRqkJSQQ4FwqiEMOlElFKjhpEEliJKqaEIimULhUACG0uSbNtJCKftlq21VBFJSyIIKQIIFYFrlIiQFBFFUUKhbNmQp3GSVCIUpZQSJcBRSiiShoTDmUCUkJGE5MwSxTikrlQipMBgY+FEGEeUaZjSLUK1q6GwiVCtdcoUlAjkZjszJEnGAuMI4chsTpOUIhxgZUtnlIhQZpMCnFOrpVNBqIAiBM5E1FJAtoWzeWptai1CUmAISikgRCnFlt0UCEG2ls0pKaSAiIhaJbVMpREhMhFYKBSm1ILJbGnbWUstRYiIKIEckuyW6VICDMiufV8VpQQhQUQQCgECKFQLYduZaYRCIDlyWo/TOJUaXVdLBBYokOSWmU4p0gaHApTZ5EKJICAFhhIlSiiKM0k3u5SqkBQmMxtIdpumnBqKQHbamCtcFKDmBEnOtG1EIGTbiiBABooiokREGKJECUMGYbd0S2pRLcUyGc6GUVCilFKQQmQacIIk2c6iaLYIoVJCEkIgBcJpQ1BqCVuhyEyCbAnYNipRJIgAW1EkbIlEmAiiCEKEM20bnJQoAjtb2hChgiQ56SKkUAlJOAhkEGSmZdtOCalEBOlSJEWUKIrEUpSIKTONAqmUKFEiW6oqCANChFSytdYaaaSWk9PG2BIlSmbLTEUIGYOdth3CkgBFgEoJyUB6cgpIdX0tpcpKLDtEs8EKSWTLzFSNkEySkbYCooQIRQRCFiGZtImIUChFiNYsCSIiSUFIUUIK2y2bHBGyLanWTiVKyCYzFQoJ4ZSQhbOlHSVqFNuZVoQkSUKlViSJIFAgSyK4TJIk2amIKIHtNKjUiqhRE1qbAgnSiY1Aws5myYGcjQinhRwIYRBOAShqCCAoKlGK5MBpZzMQktMyQKmynWlBttZaU6BSQ0FapSgQDojalaJQgFHUrhQFAqNAEiFQ2l0tCCzAoAinEcUqXV9KwTaOEoEMkrAjgsAmIgrKbLV0EaUUhaQgs6WFE4GhCDJKtCmNJSlEIkUETodCkiQAh+WiCGJs6da62kWJUBgkGUeUUgKnCaUVJaI0u5RIOzOnaQSVEkiIUgIDUihKiVBEEaQUUq3VCjCBMhVRShdBiQhhQ8jIpghCTmNjcpoyqbVGFNvpjBJOI4VdS7TWSggwspFCSIrMlnZIuNkqEVGlKCCJNDXUMiNUSigCkMFWBMIYKBKSMBFhFUUK24CkUMmWIUFma0JgbELZUkAgFUlOT22MUNQaUkuTqYjisNxac7aWGQpJdkqKCJBFEIogAuPE2MgmCkVCEqhEFDG5uYEjCqiUKF0foRBuDklRhGRHCGRhCIvExQG2x9ZISoRCMqFiA0Qo04LMJJtKKFRCThQiaTkVipECpzMzSilSa621ZrsrRZKxAFRq2LJdQqWWtKMIIRMlQh3YaSRISgkhIkJpl1CbWkiWIkJCiojSxmYIlShRS42I1kxRWCXIJIJautaaFbWGIEKSpJDkTHBRWGSmQCgiwJRSiCgoQgpDRMEABELl0z75E52eWrq1zGxT1q6UCGcmZDbbSBASmHQCTtsJgRFOZ8vETqtIiiglal9FkEbCMk2QCYoiATK2FZKliLTbOEZESC0TAGPZdiOidLVEhKC1lpkSpZZsJE5bUEsJFWS3NLZtkFAIbCNAwWURQiJtMhSlloBCKSXGqZVSwE7XqAqwLYcKGCGkCDtJQ0QBY9ktnSmplCJkG0MQURQkAkoUQ2tTOg21djY4o/ZOsjUVakRrDSmKBE5wIgmHZFuSFIEII9lp21jNGAQmyaDWEhGdAISMsez0OEyZU0SRSkQowC4hp23SaZPZpmzO7GoXEaUUYYpkRZFTtmstadt2S7CCUgTYmMQC7LRtEyVsSzZWCnnKrKVIJbM1J6aWopCMsZ1RyzQ10gnGSiJkJBQRYElytGygWgvhBE/NuEaNEhElImQ1Z1EoSjpppMi0M6MEIKJE2G7ZkIjAk00JolYyQRGFQFYpJVs2p6SIQjKOY5QCkDSwXBQ4MRakE9s2FgAGaMM4KSi1YoEksoFbIkEaRCkhhRzpKVuGFKVGKBRIdmNKowiFQnJrbm41ikMFlSITUQpWTlOza+1EpJMQzuZ02lJAhCQklQiV0sbJIjPHYbRtKzMlZGyiKBQREaVKhLDJaZSIiMyUIsJTa80JEYEiJDKNVBS2TUYoSg2FQiIMEqEAICJKI8dxNNRapBJChBRpiiwJq7XWaMYRCoXB6bCm1uzWdbVEgLBKCduFIDIzW2s2YVsCg2QI1a7aVhgFZBDNLRRObJcSESUKMmQqJEWmSVsmZREhmeZ0yzClBlK6Ta0ZlwjkdDqdMkRA2ljIYEWAFKGwFLUrhtYyAoyJaWoCY9uASphWogg1bDJQ2m6ZxiCIIqlkNiRJkDmlSmBCKrXLzEwiAikzMS0zFBFBFGwbnBEF3LJlNinSLZsVlFIAhDJbttZaV3tJBtIpS5KULSMKcoREKJTNzU2EcRQFAguVKIndWgqQcMqhEJIkKaTmxEQppQYSUEoATpcQIWxJzoyIWgMpDBKCZtUi1LI5s02TnaVUinJKC2PniJSZbRyNUi1M1CqQ1MZmO0qRDJZKc4IhkDJTkiJaWhgiQkKZE6oRZEtJTkNmGlshYYUICWErKrYzSy1ORZEQ9jQl0sQkK6KUUkIqUtrZsAmFhSQyMUaymjPTlmuEQtnSIGSnFBIh2TmOk+1So2XKCBJJKhEIp21CoQjSSAEhpTOnBKIQJZyy0yDJ4JSIKEpTJYVKFCEkZ7MpNarCOGVZiQUKZWa2lMiWVkQEOEJIbZpaJiRSjaKQMaYUybKMRKaknNJYoSKFiIiiIoQVNUpIERYYYzIzU9g4my3X2knC2M5sSMiCUgIRikSBi0IRAVFDimzNokakDQ5IhAiFoqiWAJAkY0kYRdpIhXSUkEpIpRZEtkwcSCWiVKUTy4GwM5vBEs1WGsIhsjUj2YClkNOKqLXaSKEIZ5vSwgaMMx0OlE5BKCJkUBK1gKyGnenWspQi3FoLRZRi2xCEpEDCCV2JUqqkEhEqNqEgJGdRTYwhLBUhbEFEcaZF2jjlTElSmyaFCko7ChC2FRFEy7GllSaKwLbTBEKtZZtaNkeUKOEEOUJGMplThEB22hZKgAwVKUwaSQQBsrGzlKJSnK5djVKLFBFO25OiSJHZJNw8TU0lstFaC6nZwhECS2HTMqHV2skZtYDAJRRShJqNwSikKJJDkoRxCFtk2m4msCEtiVAh0lkjDDSjkIhawlLIaUmWyqd/yich2w4hVGqks00NKSSZiMBCxsaWcCYSVoiWaZO2LNtYiJCiVqWnlmQmFs5Uy0amlWlFSCZqhGSwLZQtCWFLSmOEUZC2BHJiKRCttdpVUTJbWKVGIUDGoExCGVFLjTROS7RMmeZEkpEcUst0s0ogSRGlAKFCZsoGRURIEYEskDGtNaEiAUiJbIMUQgICCJxGFuDIlq1NKLAclqVSa4RtAVIpkdjTJGSHnRFFyBgppCjVmQpJlKg15MCTQ2qmhGQloJQiIiRAEUo77cyUIiKEQjKE3M16zDSNCpUoaYxtMie3tJCRShBWSCZC0KZMOaIIW2BLEdLUGmmpBKECiigCATYRloRtaM4oEsqpgaNEay1QKUURmTTSVrOztSKhKEU5piK6rrPTEApEJunJpqtVKhI4IlQIQgZsZ6qGULNJN1tyiQJODIQQNBuylBIRIdVaSwlFCYVqyLSccERBESCJQBYqCkUtkS1bmxAhpmxCSDVkwJJkQyApJAjcglCJzLSTKHZLUyQkKSKiRhnbhOx0a5nO1ppCEVWQzcgiCGFny2wZKlEIWxUIAGXLlKhdF2CpFGEhSlFLl5BKSJHOlkDYqaArISlbC4Vq4JyG0QhJGCNFOgVSkXEtgUKKKJKwJNVSFCpRhaWQlHbaGEkKWRFpMBiFMyVAkFJI0aZJESXCbi0TW4pSBGrZ7JQkoqoSRVJIEoAiJDAQ6Uw3W5BRwkgYVCIoIVkO41IUEa012+FwcSjAkggJWWEbjGVJIWCaWoTSklRr2HZr6YxSpEARpbglECVKLSUCyZmE5EwsSBu7ZQNhwFGKUpY92RBBEIRCTDmlHSJKMRaKKM5mW3bLzMy0JTJdREQx2BmOKCGFM6MrtZZQlFIN2VqJSGeUIJ0QUikFYbDTmRGhkDMNEVGjGEIqKklOY6ZdSokIlQA7m52SIkpXaijsNGQzTlC6ZaagFCUEKDS2xESR0TBOJaIrJZ2yjBAhYaXBKCJEmsARJUq0aZJIO8DGdpTAznTYhqISRWmcCdRSiIhQqbXWAAlKCQxSIEmlVISTElWiZUMoAhByZsuUlNNkKUrUEqAo2ITkgJYKgS0JIooUCDIVEVIaSVKEcCYCZGwnkKZ2IgWkHaUqRKbTzc2ZAIpaC0FgSzizZZSIKEBrU2aLKBECZaaDwIiIyJaAwZktWzhAmYllHHIQ4NZSGJG2SUKhMA6CAEl2lBCBGFvLacqWAqcVlFLBIATGgIlaSkSNkhAR2ZwyzaWEUHM6rZBtt1a7WgI3EdHGab0e+n7Wd+EkswFIEWHZkzOzZUqKiBpRSyml2G6t2SZKiBK4QbpKLcBkpiAToNSQnQaswHZEEcJqWGlFWAoTRRCYTEeREwWCNBFRSwUZBHZKGtejbUGQKuF01CJJCFtCgJjGqRRhSSoRpdRSYsppbK1GIbCdIEUpEQoBSAqc0zgZ3GyQsKkRMgYkbNsGiQhCVaEk25jplFFonJqkTKc9tdZyyokosrOUElGlyJwkhSKzAUYKbKczFDaIqWV6yjRpbOQpc2qToes6VHBiG1mpCKVCYUCKEoFsKyIUadsplaiRmbKFCAWUrhdO2xiQIaKqSCo1apTEMoRJlRpSlFqJcKYQUokSIRG1VpzNLVvWKCZtZ9qtoSLAtGls02SaEwQRdgNbINl2kukQQJqurxinx6lJCsmkoURxMK6GqTXbpZRaq5GzITklqArLJMZRC+nWmpENmekmsLAJq2ESBAIHSkWE7UAJISJkyqd96icnFiq1Ri1SUcMFEbUIlcy0CanWGiUMUoAiSLlEkahRJY3ZohQDmVIoKCJtu2U6IorCgrQku6Uk5EwkyWnXUImClAYSS6JEhXRYFiCFpFIKqARuaSGHA6dba2mkzOZGZnO2SaWE1AwiSqkRVtgtE2dD2FmipBvOlIUUkqIo2tTSCVKJICCz2VghEVNagFG4lGoMSkiniFqLkBOLUqJ2NSIUyBSVKCFhRJDpbFlCik7QsgU2MoRCCEnGgZABgyzUyMwUgENhTEMCiRTkOE3YilJLYIsQJA5JUoku5UwLScKWigIjpK6rpdYokpyYdERgWmtKqxAR2LYFCoUUUUqRJElRws2GsC05jWWMMRRJUUxmGigljCa7lhIllCo1ai0khoiwDZIUERLOTKeNjIJSOoWM7QwFksAonWAIQ4RAERKKiHQGIYWkxM60DUSRwUmmwVIxzikzEWGnJaCWSqYo6WyTu75GRGZGiUBQZJJ0ay1tDCIopdRaZYFVFFFTjMMkkKwI24oQMimFQpkIUCCiRImSmZKEICNCJUJIssFyQUKopVszINGai7GBTKcwjogQzmY7WzYbIWc6jTObFTGNrXRFitp1koCICClzyrTttCFBgRRIgBRypoEIwCCI0NSaW5MUJZyJhETKSgCEIiQJY0hbJmWr1loKZpym1to0TYJMgyNKKCIiatjCiZSZoOZJUqik1MZR0GxP2fUlwbajlJAhDAqCCElhVAQqJklLctq4SELCaUtKW2CMSSyiRKhg5Gxjph21lCgFPLVJEFFKCZISUpRSKgZJCJFO4xpVIewpm5MU4EwrFFEl2amIEkWiWQVAgMJt8jgNoAjZEaESpZQwAGki1NxsK0IhQSYts9SSLUsJRSQWhIpxqdHSbZqKSinF2QjZbtkC1VmPE6MICaSudEBIKEgDCqEoKsgQSZKUEgpFFGRQiVJqODMipMhmFIbmJpPZapFR2uCQECDnJIOwTSjTtjMzUBqDQtmwUyFsp9IZpQCZiSKCaWwtm0qEhShFWDlNEUJFIoogopSIsO3m0ke2JgBJYdtOYwxYUcCyiRAY55QqEkIh52SEFLJblCIbQYQUCtLOnErpgJZNGUWSFCqQoMSZli2sCFkqIWSDTNrhUgqERGaa1poiBBSVft5L2GmTTlmTDUggOe2cSqm16wgMtaulK6QUBQkxZSuhUkqRDFEKIEKBpChRohCBiVBRQUJWKCJQKNwmOwBlZroJolQRwzi1NrU0MooowtHcZEkYgFC0bG3KqKWrpXSldrVIrSVOIjASCUExNkiUEhHVQct0QiCHItJTy0RCMmkwkptCUqldsVUikAKlpEZERJS0E2rIFoBEuqVVjCOzWUSJGjFOrU1ZumoYxlGyEBSwbacTE5JxURCK0qaG06AQQgohQpJqkRQgEQIEBiECcObYWokSEUmmHVIIcFVRRNolQqXkNLXMbJYopTQbFCVqFFBRRCkRIZF2JhHGtJahUqoiVFQopRQZCUWEQjQ3Z8gi0pktpQCyNQlJgRtGQNDSEFEkSbJNCRHYgVK2AQllZmvNdinFNgInIqClnUZ0tZZSbIORSylFSkGaUCml1iJIp2EamsJRihSZzbah1C5bIggwaUsRqkojTGJFuNQauFnQWsvM1pJsqaCqSJHpCEEqSgmVkCJKrc4GblNrmbVWCaQIkQCkpapAEaWEycxEJVtTKCISQyCiRBDptBWgCEKkCWHSKWQjSSidFsLpJsLGICRJ4fIpn/IJkVJEa+nMUkKhUqrstBWEQlKtRRGQOdo0QZsMjggjBemspZQogCIisG15tVw5SqC0ESGVWiMKJASSjCKkKBHGAgeBQgXZABaESpSwsd2myWkJWepKiMy0LYVkkNOlK10pSFFLKSUIOwPSmRayAKQoCkWECCGp9DWkSNJOQZQqnJlO0llrMc7mULQ2AaUoIrJlc7apKVQVEcVYKJ3NKUASsi1UVGzbbi0FoBACHMk0ZRYpSjW0TCEVyVYERopaCqEgwEBmZpsUxYmUqkWK1pqdoYhSFADGaQunLAsJCaUtnDhbtig1ilqbsLpao5TW2jSNmQYJOwQOSV0VcpqiQEjYVoRoRmmhzHTaSUiZLSEUCECSrSCAEkWAkVQUzcatRLHsTCBzdEYEgjZlBIgkMMghpRUKFY2rdSnd1LIIRWQau9SCANtIMkRICjLBKhEgRSgk1VqQ2pSKiBA4nW62U1Ji23aGMNhEUUgyElNL2zVCUaecMJGgAKRAFnI221I0mgiFSGooIkrtMlsQpYtQAQVya7ZLiWwpsIRdS4lSkEFAOksUIWdGiRybsRQqAuycpgnbQlaKGhVAkmSbkEBShELhdBRFCIExbmNO2YLEMbUxokjCzpzSlgKTNsjOzIwIISwFRXLamapVgFAIBUJIokRRKBDpsU3YpQYgiVAQkttkZzOZiSK6KAo1U0JS1BK2bZxOmtOySykWJRDFpKRSKyJE6SoGFMKGNMhyIJDwhAOEmpFTpRjsxKSbibQlCUsqUWyQCgG2mw04otTaRRHKbIkIwnYpBSxFYtnT1OwJI2QAQrIBEwoUNYSwS0REKDOdIBswqIRNyE6c49TNuxKVcCga1NDUMrNJilA6I1RVay2ZaVAiGeOEwGCyoGlqLZso2KVWUMMkUYoUJWqtVRFtGsFSsRMZy7ZtcMuUocgpLEsYZAwgJKQSSAYZWzWqJaftRAiTTlyiWrLTLRWKKGkgpUpBxhJSkWybBCmQkWVbkuwSNWq0lukMKbO5ZUtHqJSCVAJJNpm2UgTOhFoiM+3WkhKEgnQ2K4QwkkNVhUJICpMACIzb1JrJEmHT2qQoNUoQKQdKN6SoNVtzJqjWWkKtubXEpFtrTYSFhMAQCoUUynTasiJQlIgAgSVJIUSmFLULSUCSUijkyWmXUlubigIwlhSSokggYQJZctqynVHCSHaoGgshcmqZTVKmI2S3qTWRCaQlARaFmNpUShHCCS5RJKMoKlNrdiOShslQCcl2kq0loi+l2bZXy6PWWldq7TrJ2SgSUjohSoSglMDhdHPrag0ijZVh2bYtkRgcUQIISQpJWAYUKiqAEK3Z2VQjTPPUjCICBKoR2MZkpsFy2IkURdk8jA251EKmjBCSnKUWRKldLSUzQ1IQhJU5pck0njKdURQULGNZQMvW3BTUWp3gNrWWzpCKioSd49RKqCvFMLVxmhpQuwIep3S2KCFCRTWKTRBShDAJJWQbSeYyybagdKXUAEqpKgqVzMQIooShTU2GiHBKIUkwtQlLoUxHiLRUTGJFLbZbNolAJsEiLCCMse10JqX0XWccoCiACFAJ1a7LdGtTZoZkycaZSOASgdSm1lqm03ZEKUWh4mxggZ0ggd1KlFC0NhWFirJllJBkCKlEbTklUnqapq7vaumCKCEpWmtpF2EgI0Il1BptHAnVUu0sURARlKjIUoCypUJRXEsfJSQBELWERC1dRKEpwkihcGaza6lg21GKAAKIUjIzsxnASkUNmxoloiLXKIQlyZTP+LRPjihIISyJhEhaSFbk1CSkYru1lCQotSKbVEoRAM5MT+MI2J6mqWWz3VqW2nW1RA0pIkqRJDIdUbFxUkpgQemqrIYZ25ijM0EBtqNUJItsBoMtIxkkQBIEJUpE2GlRaqmlhgI8jVOpRcgGKYwzFaFQCKcym0qUEEVuVqiEIGyiyLaiqIQwQhkWpZQka8gRmc7WEvqupAkJYsxGOtMBSUZEKUEU2y2bBAqDbcCZTikQiiigWquigDERUaIigdNOEcimZbOppUghKUItM6eWmSGVqAoigiSdVRXbEBHCQQCY1qbVallKrV0NRbZJSCWEnWmQImohM6FITgN2CkvKcWqZmenMEoWQwPZ6GMGKQJIAd6UjhKUIiQgsu2Wzu1ITCwEyliQDIKEopdQilTGbpK52RmEiJAKMhJIUgZBtCSkIBE4COQ04XWSINo0Nl5BtG8syEYFkGzJUMJkWlBIRBRCutZZaisI2TsB4cpKkJxEgOxWBTEQtJRQBmTYIYaccVigACTsEEtnSTlB6iogp29hGqUhEFJUQIElqLXFCUZBTK1JmM5JUopYSEVEkKQJQRC2l1AhFRIlII2GmNrkgRYSEi5WhMBIKRSkSqCgkRbGbGpZJSi02BknCU2vDOGCkCAVgEkNIkiQyQaAESTmlMQphOVQgotZC2sLNVuaUSEiSSlcD2ZaY2mQTktNS2oSEHLU4XUoURcu0bSOQyExAWEQpxSCnI4rIzNYyIlpOEcXpEEDakLUUkDMjVKIoIhQRCmGQhWgmlFGiRFGEE4UwtotUopdJUoo0VaDITBtkKbAiAmxbEJIKTktqdliALduZibHk1hACJClCgBAIGgZna6bWkCQppIjAkDhTJQhhEMaIgJAUgd2mVIg0IkIhSRIWEQICCNkCiFAmglDYJlOSAuxmG0oUMIEkG2zbBre0cKZtIeOk2WAjA4EklVqiRCklQqBSu4hoTttAlBqCUC0RhOVpyrAUsmnZuhJIYEtFZcokXFDamVaNqlCEgZZSOA0G3DzllHaAUcuUI3BzYimQUBQpIsKZArBFQbYFrbW0S5QogRmnwakoAoRMZkvbtVSZbA2LgGyZbgZRSulqxQIQAhFp11LtFhJIQSBEKV1EOFEISyJC4KhVoTBRA7s1g0lHhIqMu1JtmZQjCk4jp1NWiMmJDbJxumUiZU5SBIEsR4QAiYjiTCeSbLARCgjJwk4bYWezQ4IkSqQMSVOpgaJERIkQKN1yauAiIZVSQoE0m3fzfj7lNDVjZzZARFEgLJPYbWo5TpPbRJCZGNsSAQYpSgiTzmwJkrEQJEQJZ9oGWpsUKhTC09QUIptBcibItkqo1FpLZHpqU4gaXWZzZtfVkECSKAiiFIQIMi1sK+QUwlMqKFEsl4haqyIggyJACAxgDDZQSoezlCLjkMWUaWeEDKQVUUqNCCcyQClFksMhSWAREHZqam5tkmimtTEkrFJEqBCOEMhCKoSQBKCQ06255VRqrRFI2bKU2pyYKCVQBGkCSSSOErKKREQ4IoQEzkzkkEhPLRXZ9z3W1Ma0i4rTAolQARDjOLpZpSBCAEQApYQQUGsxZJsiIqJkmyQMoECGNk0tm1tmOnOiUKS0JUngzJYOiiIToNZSapdOZwqDDJAlFLU4UyEZapBOEQphSUnKYStCTmPIhq2QFCZtC5zpUACCzGy2GhGBUtQoMnY6FLaxZSSBAtlEkSxJGCLTFmS2qWEn6Uyh8mmf8smW7CxFobCx05kQEeIyiwAJUESQVqjvZ2QzFgaGYQiV2hWIEuFQQSIkm3C2UkKSFC3tNqlEmybbIVlK2zaSLJViSNtu0zRGKW4ts5UoFuCiEqohYY9TWpQoAttG2CVCETYtM1trNrhls1OWiqQSAZZthUNFES1HT5mkMzMNGVFwItmEhG2UboViVEuRAmhjA5UapZS0p9bSrRB2I0qUKJR0MwC1REQYScaks6gYI0kRRV3pVEJIOISDkNIIqciJbCTJ2VIRWKUIkCRFqaVEKISxnWlMRBCBUgoJ00QIZXOESu2yOW25SWGphJxM2cgMERJBRHGmJEOmS0TLphIFEWA7bRyEatRahW1ySgVRiiQZglBIbpMjCoFti2wWkqwSIprJTOwIKQoYO5sVkjBAYgwSEVKUzAzJThBGRhI2JjNLUWa2bIpIcmpt1nWWFFWhaZoymydTQqKULtuUbumUJJWpTTiFjAMlhAASY5yZ2SJKSGkBSIEUSBGhtJszFOBsLriULoVJzGWJokjj2FpOsmxkCHU1StTMyZmBsAGk5pRREYaITJAV4bTtzJwyszWgRJSIEkVFmS2Q8dTcmgUIY1sSthXIkWFh24QEUoFUlFKKpKgFSaJELYpSay0FXErF2G4tMVHIidZaKYGELHBmtkS2iYgSJUSm7QwwyE2KkCwpFCpRUYaNAhVJJaS+6xCtGdwyFYHDTpmppUkBItMtiYhQYKZMQRBjtqpCQCjABKIg20SA7AyElKQwUbCNAYVUSqFkyaKCDQg5aNNEIMtyUUGSSCchCZlEmc2mRBgZk46IdBaFQooQ0cg2TZKiSApkIZTNJh1F4XAYFBE2hgJIkoDmJF1KlCiKEqFsaSmCzEQC0razrwUEYAxhW8Lqulq7GtLUEtwmI8uEPLYpLWdDslFLJETaJhVRIhKYWq0hhUkREQrFlI3MkBKcieVAAHImAMakiYiIiChFISkBJybTzQ0bQ4DtJG2DJEEUSZHZJLXMNrWopYZaczoLQmHjTCmilIhQRIQymyMENkBIEUpBSwhCiDa1zASlE1CItLEhjTMlRSlIEQGyaU4gJCAiSBuQS4lSIiIST9MkEVEQbUoJgaHlNI7TlFlCihIKjG0RLS0ZR5QiyRhjbNJkWmAnzowIG4wJnJmJlU4S2wEGBGFs2yFhoUQgBUgCNbvUqFGRknQ2CREIGQRkc2ZmhLAThBAghZBCytaaAZUiIkjAIULF2Ck30sYmokQgRQRIEFGQa42udFNrbgmOEiBJpYSx7ZDSnsZEKSKi1lpDQsJGNpQSEoAzUZQSKlGiqMiWsBQlwoRAQhE1AiRFoIhw4oCECLeWRsK2QtkSKdMhRYQUpKd0kjklkjFYkhQRUaLYRgaEImQjVLtiRZsmUMsp3QiBARGhsJSZEUIKKaEoZCIyUJQStQpFqJRiG0lyiaoIG4wslVILbhYCC0wqlJkKQjWUdkQpEXK6REiym+WWiSHdnNlaCdUoEUGEWwIqKlEiFCrItnA6sVQjpJCEFA5kA4KWSUZUYaSu1oiaaeQSEkqhdGJnNtsyVldL7XqBjdOSQgrJrSUuKsKAokhECSHjNNgWwlIJERGKQAEiRDpUJFo6oirsyUaSAYlxGNxSJSKqBAIrJFCITIK0QriUgnASEaUUSNstsdO2IkwiOZVpharCkjOlSNtSkRCSnGmIEs12m4ykiAgZgxulRglhal+l4mzjNJAoiBBQotoJKp/8SZ/QWgvjkBMbJCkwgtIVJ86WiYRCEchOA56mVKiUCEXUqLUrCougRChKkZx2CZWoCIxICYjMCSjRRS0ybq2RgVRKiFpq1FKiSMUmg2wpRZEsSkghWUkpYQmClhQQUEQ6bbdmVGstJWQpFIiIUiLdWrPTmTkltXRtmqap2S3TGGxQRAmiRFHYmUhFRSrpjEIQzkwjhSTjnDLEOE3TNJUSKhUsYTwOk21jIFsmmQ3bxpIgIkSQzVZCTG0yxlFKycypNUkhEgN2AiJCEMhgOW2crUVIEWBJCgFTa22auiiINqZUSikKlZBK1BLOHFYrhSIiWza7RsFkppGliECAsAQlorUGiohSqoRDpZYSISQjUSKiREEWQUF2yGkrbNsmKJICOUpRlJJYEsZOhWQaAJIMKnKKALJETdJSICOn0y2zuUmFiCAwpJGIUlomduk6RUxj62qnEjklTkm1VkkRSizjNEHagWyM062WWmpxc6ISYYSEZYNkW1IpVShJocxmO9O2S4RQCEClCKIEOAgLYRSlSEStpXRdKWEjqZQaIaen1lpLF5UIMEgGLALZUxKllshxamkwCtslkIpxFFnKbJk5TlO2FkXTMJnE2Co1QiWwFUqiSBKJ7ZZpUlIpEYp0BkoyMyVFBGBRonRdJ0nYThtJUQqyjFQkgQxFilpLFyKmNjrdsmFny2xWrRIh2QDZWqasjAArIiKEmWywUEQJiZAzUxByWlJmy8yiEoHAznSChAm11iQ5sQ1KuwoHCoEVIpUCFKUamNIindjZHBGZKYMNko3I1gShkrawFCWUaTAmVCxMWqo1AFDIYzZM6WopUoRAIAmpK0UZCtkmVCJCtYQsRShUJIAkA6kEYSeTx6JCCbAUCtIYS5ICsCBl2tRQhDOJEMJOqUhEVIVNJtlS0NIChQyyCIeKbaZsTkWAMUIRcrplYpdQ2pkToUAGkc1ElAJRSggZRURgZFCE0woiJJQtmz1NoxCCEqFQpqIoCClKsXFmiTAqoQgpFMhR3JpxjRq1gI2lmKbWnBERkhQWAqcdEVIpkaQzsSNKKCxwCjItVEux7LRCJaptbIskQ1IIqZYAIsLIZN91EaWUGhFRC4DAQsZKHAIrJJsIlVJI0oldIvq+1to505mlhGTjQIqiEjgzM4SkKApFUUC2TNuttdYybUQoMKFAbq1JUtAykaUi05rBKiFZhCIASZJs11oA2UhunlpKSLIzISIsisK2otRaAQVylFCm01lqbekQUUIqzgmFcDNRZLtNzVg2gYSkEgGgoCjTmZltMoQCSVJERBFIUtoRhAqkQl1UhRTRsO0ISSbDAqOItEutJSIibOzMZkkKBVg4E1o4DIoCtGkCRSnGNiXCuE3NkM42tVBErZkJDklCQgqJQhACSUIFGdHSyBiLIoVIhFMl0rYdETYymFqrgkzcWsuUkAIwIIgiJAkUtQABgI2dIDJrV00K2bZTIdttmpAwSZaotZaICIUUtlGk0804rbBEOEzaObVMq0ZObcrW1061ZCJkWms5jU2SJIVkLEKhIiIUShssME7bbUoTEZIwIYGQotCGRkSt3diaklIrikwkJAVEiczW0iUCUMERgNNODLZtLAWR2TIT3KZmp6JkSsqQUEQpZKYsC0WpyuYaRInMNEQJ0NSam/tZjVIth4SxM6EoEoSM0y4RpXTIGGNJlqXING5FoSglsAIjUUopFAdhptbslkk6gTY1RKB0c4KMYmpWwZkoDCFKjZZMU3MaaM2lhNOlllCBcEhhofLpn/opCtVSnc5sRBSphKxAjhQhjIyhRAWlAeOIqlAgZWZXu3S21iRJTpSZGGcqwmBje0pLoFwNY+36vqsIoHa9wqQCkFo6hEyUiBJd7RVyZtolik3aiXEmGUgqIUQ0DMayU6ESkqLUkEqSRYVQiQKyLZwGbCUQCpUQoapQQYlTiqRBhEJSy+ZMQ0CzpzZFSArbzZYzFH03K7VEhHGJkAVEiVqq7HEcMy0UIUmhACsUQctEksBYYKFUBCTQnG1KQSBJgALVim0ASil2TuNUu1JqtSOKshlFOktEqBpHVanFuEjNabuoUNTVvutKqZ0AkKBQuloUtQYqZDoz7SiyoggbxDhOINl2Qjg8tclpp41LV4IwFiHstHFAhIxFSCEgIuQ0JA4ChYRkNyx7EkWhiMASsggpFCnbFgqFTamliyCKImgmStjCoYgSCkmOolpDkooCiWiZAiSIUmLKrFEipJAI26FSaxVKuwSS29TAzgYoIoxKlFDKgYmCrQRnJqVWVTkhFAIrM20jCwGtNSzAIMKkyZAUIWSRToWCsAir2UIhWWCVoii0lk5CRCklBIooESCRZGvZHJJK6WpfumpnUS2l1K6GBBiEhja0MYWQIZBKhMDpFLbstBV2YkkYZ8qkp6oCKiUiNI1jm1pElCjpTBs7QlJEkRzNjWYLRUiyrUIAVtog2ZlZIgzFQSjTToOdDiKKopSQ3NLIbYqI0tVSAlzUOVxL1zBuIkopKNxaV2s67SkoUVSiWG7j1LIFRRJChGQh1BKiRFHBDOOYUyYpW5JkSqDAtk3gTEUNqWXilthYTqSQI4qS5oYppUQJQRA2GOzmDBVh7CaDwBhFUUghmbQVpC0haE4ysxkbSOF0pNPGCIDMJkACbBMqUhsnm1oiQpJKlMTOVIRtOyWwo5QoEQAWUihq0By11lIFISEFihLGkksU22makVVqdZqirlRFZKYISRECErAlAmqpUYBAkrDdmkOaWhYUJTJNqAgnpCWMncakc5omWaWGW1OJvquqIWtKhIFainBE1FKSDIWTdGIjSThtWxERQiFMhEAhQZRSSyBKqYLMdDiiFEUoIsLOTCcSbnKgGpGJMCVkKSSDLMU0NYVKlKiRWKKEhBwI1Vq7WsGGaRwNDoyEIkSQU2uZRkkGcnOSUYpQRJFUFMYKggAUrqWEFKVIMi6lpglJEhLG6TTGEQXJgA0oIrMJKyJKwdRakDAGnBDGkqMEhO1Mt2wlwshOhURERICMEUgKhWutpBOHAEcpmYlpbkgBpQQgJIRLqRGlKoRTkk3LRiZIIEUzEVFqdU5O19pFX2lOZ1EgkEsUwHbLtO3ENoFEZraWYCMJJ5KdznQIA3KNghRhW1FUFEm2qdUSJQqi1MAo1DIVwthpq4QkZbOdCrWcWsuiotI5mwQobSw7bcsutVghnOnWGk4pLIwRTmNXhYoASKHMnKYWEtCyGSOwMy3ZdraMEjYgMo0llSJZjogIbAUKYUqJ2tUSRW6ZchQZRVGAkKLUEiE1G5tWCNtTJsJjo0RROJ3YthTODCmiAgIQTgkcCmWmUCOxx6kZRygiwGkJIEuJCFmKKAbsUESEJIxwTk2lhJSk03Y6EzvTJQpRTNZSiwqyiIjSsslEjbAkMFNO4zCVrpPUWhunMSRANlhRwKAILCFIN2cpQiohYGoex9HOlq1EAQQAlkIKZWZEiYgoISFkEttGWIpSSkiZNGcglcAYIiSFc5rGCUfti1tDgUI2dpQCLjUiIkqgQJiGUSpR+dRP/sRAEilj4wQpAru1tBITitp3AoJM40ywp0ykyGZBy5bZIhRdcTMmoJGlVEyUKKW2bCWilg6rlCKMw850BmSmbQVCdto5OUNSRARSpC0EliSjQCo0VFSjJs6cIkohSglFFKml7YYFbpkKsjUkgSJKFICIQISwM225U+n6mkliSU6TltwyW4IUYRtwUYkIMBF9KRAIioRshVUi0gZqraUEgOhqV2uEpBIRJZAT29lSKEokCHKaULRpytakEpYxRhHpNrWGkSJNSGBC2LZKqYbWGgRuUaKWGirNE5JMpiOEip1BGJcohACMTa2ltQxFKAyigBURqFTJQWAQAM6WZJTOSEIJIVmGiJBCEZmttSakEFCEkzTA1CZsp2231kBFgSICJJDdZEUNpSBtIgxCkE1CCkltbBHqu5o2OIQUETgxaSIihATpAITCkU7LbkTYCaEATGbDKAQKhSTARoHN2NrUjB2KtCXVCEXYDqvUGhGSSqklSpRQINOyOV1KKUXTNEYJmTQhMl1qjShpZ+bUWtqT02mHSxQDSAnCqBQhRcg4QkFp2NOEVEoRchqQJJwtx6m1lqVEqaVGIGe6ltLViiQhgSgR4ExLlAijIGqolDDKTBEKKyKQagiMbTCEbAwRJaIosG271mqMs0hRQorMzGbJmNqViBIRkoQUpUQgMjOkCUdEREgYMAJwkaIEIaC1ZgQOCUKgkFsEKCwVME4pSgkJ2wqCcCgUERIKhRECK7oAB2FIJ7aJEtFa2pZKKepmvYoCRZSIYsipIUKSSuZUSwC2DUJVxSJJUraHcRjHUWkVBZKjZbPtzIYBgaQkCyETERIYY1HsVAgsLDCSPWXL5qhFipBqURoikCxNUyOJUNQSgNR3NaIYR0SJsI0EBrm5lDAoiRLYaYeEwiZqxWQ2Qs6UsK2QTYSiFNmyIkSohEKqUZDdEpCYxqlEKFCEJQQmIrIRRdk8TU0g2ahEILfWcEZRLTWbs02OkCSRlp0iJIVEhDMlhjaRVq3Y09DSGRKSJCQVWjozQzKJwk6JiDAKKWoIEmRjCBUVhUJqmSACGQJSkiIkQGrjSMi4TZPIcGlqU0spnNnapMCWEFIJBaHA4CmRhFpzqaWWipR2Nk9t6vquljqs14oIy7KQsVAJpbOlW2amhTMtQoJQBKESUShIRRJGITubCSEkYVFrsW03gSRJ6SaMJOEGOBSZtlMlisLYaRlnllJsZxKSTS1h5zRNioIIhyFCpahhYxt7KhEhtUwFpYRQREQJxDQ1RTjT4MREqSFhnDYgYTNlC2dSSgTCpmVzZomCkCIiSi1Kp11rJSJbiwgUkAYhTIQiIiC6klMiSkSNKonUlA0UEREhEZIBp9TVLgRRao2iIAiF0rYtSWhqLVAQQASEZBMEEpKFIZBJ22mB08jTNE5jEio1srWWDRyAVGuEYhonKYpAwghJICkkhWQpSgRGKrLa2KY2GSJCtWJLKgqJzKy1ggwB6bRBISlKCBCtNVFKQKalgCilqkSUUsLJ5AyhqIooJWqJKIoSJQIJAYCLQkAYQrIQuEQhQrIUoWh2ZpYoFkjF2NhGVsg4VAwhZJkUSLJRqIRQKFRLF4ooISGKQgoFaulSQghFS4NLFQhAOLNGqX1nO1v2XXXS2mQb2zZuqDgpRS0RpGnTWKOohFtmo6BSa2sts0lCAako2ZoQkKSNDKHMDAnhyQqESqkRAivCZGZi912NUkMhXGohE1FrjSglaoBCErYFCqGQwDKEFMikHAEKIiif9qmfGoEEkGnbIOSIsNMNQTotqchpZ5NEw3aaIqKqlNLGoXY90Ca3nEqJqCVb1tJltqJCZtoR0VqmTVCi2GkcKi1bRDiCTAN2KbXUAGGCy2QLJEt2QkAmGRIiW7apISEJISBUaA07PbUo0WwhMEYIySJAEKjWqihFqrW6ubXmZoUlJSCRdjZJmY4QiigBNsY5erJVQgplptJjTtiZ6ZYtHZLtUmpEZDYDIDFNzbKQSgARBVNKFYRIG1RriS4kRYSzTVOWiFCkU7YREZKdjkAlSBQqJSTJJOk0hN2msSWQmW1ShNNja5JKRMu0DLhlZnM6VBRIZDbbSDZTa4IARRgJlSIhlRAQQKiEjATpaZpyylqFipAwEWk7EzvTlCgRQgqCSOypJSoRZGZaQo5GixISUYpAwhiFTYEMBVIIY6ekzGytEWEkG5BA4dYyc2oThN3SVkRLlxJApoWcDRFRjIxLFAQhZEOgkGrpHJBWpmoRAsCZLVuLCKk4G0gRLbNNkyJKCaxSo0hTuoQEKCKE3Voi+trVrgtkN1lOTIYiqoqKQchmGAcSlSAwJKq11ojmlFCEZUWRJCmKEBFqcrZs6RKhIDNtJOG0BRAKZKOIEBHFyKSiEBJkc5smoEZnsBFgSigEpuXkSSoRApSZdqKwkZyJbacDRQkwhMIgBI2pTSUKokaRZKfTkkVRIBGlgJAoCmMUJYoIKZ2FaDklCTgtCTtCzWotwXJYLgqbTNvGgCXVWm07QQhUUERRpA1AgGsUrEAoWk4Apk0TUpSAhAJJKExEUYRQOjFEhCi11q4oQopszUGJMGkAB1KokaJEKQqctJbpxACE7OZMJ4rANi6lloiqMJ6yQUQEEqTSpUSEhIA2NUmhaM5SoihSJm3jlqWEikoJydlSpRBhN0MgcCklnWmHMZFtwooaSBK0bI0pJxtFYBGWojkzE5AkK0KUCAlk21ZrkwLbAgkkgZDE1LIo+r6LUrI15AiFQmBF2EKNRC5RS5FQIkEptag4W3OWKBHFimwZkowznY5OUGTLRsFlpSikNDlN4SxdLzDINmDZDUtSpRjslunE4zgaKSTLuJSqEpnGLkXYmUaBcTYUlBC2rSYVOTNNCSEjKW3bBizCztLXLiIxgMASYJVS+lKtBCnCaYUkWks3OzOd2EhOJ4llUQKnkiYkASHZCpBNuolAFBUFISkiM6c2iagRACgkglAxiFAIjEgjANuOqAorBEzZaCkpnbakEAAy2YxQiARFKREhoGXDRAS2IdMC29maUEjNiJREaBpHiRqlhEgnRpHZMlNFsnBGSKW01jAYnApJITItmSglJBASwjg6daXDRhQFkGnbmQ0REQLb2WyptalNUy0lFCnLIAkmN6EgEoekkJBFqRUAC0cIFKESgaSQiFJCQUCNqlpKDalkGtTVIpW0s2XaYKG0nQnKaSq1CwkUVekMqZYuijC2ZUeNlikRRTaKCCPCUCKMJYU0DuOUGREIIkiMwYBCmKlNQpSuRiBItWxSKApCFOFQEDiNFBRCIg0RBQUoIjAmQ9RSIEqoRiSyLFMigNYMntpUCJViOyRMZgspmzPHoJCW0kiyjMmQbEUojISNVEqAcCK51JLGcigyDY4Ie5KoXRdSRC2llFrSDkWtBZAlqdQakm2VMM5ModaylioJU2uttRhNUwN1XSgCIwzColAVCGxn2hHYYKi1RhQVkGSkcCZSiVpKJZwmFJLAluycpslpi1prKZKKEKLJQTEqn/Ypn0QxVqgglVIl59Qiou+qIhDjNE7DiEEWQiIiIkQQwgZHFAekkAWynAmylFNatgjFehxMBqkoUrQ2RYQQUhHjMAlFiTRyRlST4zQZ0rYNKgqEEwlMFCEBESXtCMlYmVMalyhgRURVSEANlVIwLZukEioRGciyAmc6FSVzai0jwk4pAmFbUWp1y9amrnalFiDTOUHQphQ5tbQzE9u1q4AQhWypkNMhsGxCFglBGIekiBJSioIyWxQ5AruUUJFSgERISLO+N2miFGW2kKSIUiRsgIgSUTCZbWoWITkxqCiQW7pI2FNmDZUSETENo40iohRMKiMKbi2ThnFLh6SItMgmBZFSpDMzDaHSpsmZoTBgK0JVJWriTEcJZJAA0dUqQVKqFJFTOjMlmcwmQsLSlC1MUSiKoGVKGIVtpCJnlqpsbtNkKVuOU8OWAEoo05LszLTsqFUCCSudVWHZU6YpBaGu60KBDZlYNlJQAjdcVG0rU6UoAmw7ooCcBhAmp3FKjBLUMmU7ws4QTkUlrJZOHChtiQhJyjSAiVDKoUjbaRuFQaUE6VJLRMkp04kRtGYJhUIBlo0kFBKyLVojokpTZqYlJKGw3bDtUAFZFJQyYBmkUFGRNA6rNk4WFiFsZWbaxiCH04SQIg12OmvtjZ0Gq1TJpUQUZbY0AiFBJo0UQpZISUKWQkKEnG6tpU1IaTUoIZDCGKuUSNuZdpZSSymWFRKyMwIcyCAAAbaNKFGAbKkUBSeWnC2I5pRTUaMoSEOmKRHBNE52SgClViFBlDJME3YpFWMLAbR0CUmhiK70XZSWxllUCFlSCMvGJFYpcubktKUiCUWAsDGSShSnLYcKkmQDIpslBCGkYruUcCiTbJOFmyVsRwjJmSiQooSwW4KMhmmQJGRnqESRbYVshCPCmXZ2fWcIQVO6ZaaFJOEISSVzcrMiSkSUwEaBs2VO05Ato0aJaCYMqNQilGlJmLRLBMQ0ji0tImoNC7lEUYhQAAoJG0vKlIiINg1EqV0XoRIRECUMgFQknC6SJQAJYRvJKSmgZRqnQqWUTCMFAEIRShJAcmsJXVdLlIjiUC1FEbLTGSpGOB0SRoQiigJhUigEgbCzZcqSaCk7I0LyOE4u1ChITss2AMIIbIdDXa01JCNntkxJpUZEQWSSLYVb2s4oJRR2gp2E5EyHSoTtTGNqV0RkZlAUFkqDqF1HaBpSAUqIUoO0FBGBQ1hgq6vVgJzpUDF2ywYypdQQxpmTVJCcKUUgY6VLXyOZ2pSmrxUBmelsDRGlWOG0gq5UW5LljIhaZxEx2tmakMmcEiRk0pZlsFsi0hkEyLIkp1u2CNlCxk4TQirpFAKlm5FtLCLkxDLYKBQi7dp1JQLJaUCgiKIAbCsoUWxhbINyanbWriOCNBKi1lpKLWFQKRUVh0OhKKRbm7quQ5qyFcKAFNCcmenWLNfaGU3TZFmKdCulJtmaQ4pSgJYpFCUwzgZERIKdJgUijJFqqREqKrZNQrRMDBhJUCNKiXRio0w7okjZpsQmJIACBikIgYSEjVPBOKZFKAgpioIgJKUsExGIqWWJKBFYmZlu2IQwRhK2bIxbTpNTxgiRNqTTUSsYgEhPIJVikN1aGgtlS1DUkACwIoJQcxMqpYQcpWCmaURyej2NbWqEnM12KZ3DoKilRiFEyOBmQSkRUSRlGlKShADJ2ZxOp1CCUJRaSkXOtDPTTjdFjdAwrj01bBSlRAOaUQRBEXYpoQgTmW2c0p5EkcAun/JJnzi1LMI4FM60VEtYAcLYjijISCWqgoC0JZUIybazERGkCaRoUypUS5HUpjZNo9NtmkB9rbWUKJ0gRJSahkwZS6XE5Cwh2QabdDozWytdJ2FbEgEWJEQtXbY2tbGUWora1OwWES1bppFCErZNWiIJEGEMpKG1JkfUkG2IqBECQUYgikpp2YCIEEYEEZU2eRwGiahRFJlNCpAzg4haJNkJhKKWiAiboIRwTs2EwrIIAUBaAmNIJ8Z2KESElBinkAUmTYmQWA0DFiKzRQkpLAAJZ5uyYSJCEZlTROn6rkTYLlFtu6iGSimteRzW4zBFidp1siPCWG7j6HTWWlRCOKKGhNPGQop0k0oI2QjAYGeJopAQYJIJy0J2IiQpJRkiDWBbilJqLQU5VAhHFOy0RciYlI3kTEQ6JQmEjQBFhEKhoig1otSAsbUoknAC1FIkOQ2BLdIKkEKlyAmSFAnZmiJqFIUEiW0VSUXTNBkJIUKlhARJhiKVamkbQUMgqSiihOxMrETIJe0IZKUtQISitdaylVCphZAQkkJVJckgTHMzoYjAdshWKaWUUCm2AxlnooApxzZFkaxSS0SR1Zxk9l2nEs1NKAIUAUiSa0iS7WwNLDQNa8u0qZElKtiZzcZElAiWy1XXFYwkIQOZlmqpSQoQMhECIhBFNdw8ZQoybbKWKApDSGljI7sZAVKEjXFVGMDpJB2hnGwcRYpQKCLamIRDkc5xbCEUESFFBEKS1BoKMA4EQ2tRVEoppQSqNSxJQKCsUdKys5ZapKlNrVmgiBIlhJ0gGUk1AgGWlG6gIhm3hjNVZIBmY1t2LUVWLZG2M4VFlFqEFAFEhDORa62IUKTd3ASEAiKKhVqCjSQMYCGIEsUgCavWQkgISSjTwqUUSdjTNIGkIIlAUld7yWMbI0LNlkCSS0glooTM1Fpzy8woqqWWkI2kdAJSqV2NiHEcbZVAkiJCIRBYRIogJFQKTmeazKmNkyPsBtRanc6cmlsbWykyIQMSdlpBUaRTETKlFpBsJLfmEkpCIURRKVURzU1W1CLJRqZlg7RbqV0tNZEhp2Y7s6VBKl3J9DQ1oYhSugiF0w5jDLIlRYQgcV9r6UoFRYTCgZOQVESmIbNFRBQFETVsREaJqaWzRcjNtltzUSRpI0kKQzrbmJKEDSIjqKUa285E0NUSRUQEoaJAmTZIIgA1O6y0Q9H1tdRCswqZGVEFNioKhaBlCwmnHUY5jdmsIonMZkBhOdMQwigsOdOm7/sSEaWAIqKW0tJTGxWa2igIyUWyJEXpaldLqZJQCKKUGhFddWZrQy19hDBOEVFKIZStCQgJooQlNytCZpomQSkFVEqRJEkRstJubQJKV0HZmlSwbWOcTkzadilRS1VBJUgbT63Zjhqh6KJYlgqpKad0RhSMZe5ngyhBROBsY0NRas1ssjNdSpEIBSpOg4QhbDsTt1ABWkvbkkoJIUrUCISKaMps6XRmCIyiYAcRgRBO46ICBmHbIFKiTRJECSndnKlSQpRSsmWzAyuI0tUiiTY1UEsnyjYJhCRDtoYzS1eyWchkFFnY2HYSYGxjAygkya2BlZ7cspnMUoqiIEWoSOmkRKASYcApFYlsjkIU5ZSK4rRtCezSVTdbkFiROHEQinCmcBrJKAJKV0pIkowFECCVUEDLzFBBaq2FSrpJqkWhIqLrOyNBjRoFFK1NtZRpatN6IKhdFwo7M1NKuYSEDIHVbGwj4ZapCBAkxjgkWposqLU2tZaZaUJhcGsGMhuWiYItpdNtWA/TNAa1BAqEymd+2qf0tRIKhQSgkCJwtqEhW4RUSglLJchstmQIgja11iihqDVKtXMcJkmzWUcpQGYjopQotUQoFAoJYUthp02EVIQsJBSIiFAgyZTaRYkIYYQki0jbNqGQQW1yhEEYlZCNkQTZWmstIQy2nalScmptmqKUzOYkcwqLiCAl24QcqhECkJwJUYoMUigUCtVSioSCEjYRJVREKb0wIhTYJsA2RgggsRCAws6Q5BzbBJYqIiIEESGIIkRrzcbCWIRkbBtDSKVGVztFibCMbQMmM9MZtdZSQqQzFJbaNGY2C+zWWkQRDNM4DFOtXe2K02ObwJk2SjcRUSSAqEWEg5IkSdKkqFEigghnllpLIAoywqIIqRCSbVwiUIREGJUaxUqkaWxRFJLlUBVAEISiRNRa0jibJEUQUQKnM1vagRTVLadM2SWilCKFM7EjIqJKMomdUCOMkRWEQqEopdTitBQS4zhla5nZMm3bthSgkBUkJaL2JVtDkiAkyEyEjGqFiFDUqpCNpFBRACnCaZS20zYmISSjkNNRqiLIzLSIQICxCbAkcGuZtpGwwGlnKkLyOI0WmY2mKCFUSpHCTrBJZCkI3NIKsBQAxiAJCQySFMZI9pQ5jBNJ31ekUrsaJcAYCcnpUNgWNGeECEWnaWjp7EqnUoRShigl2pjpDBtFSBGkSblIlJKt2VYoagVJkI5QLQUJN9sKhaLlBIqiaRgNgQwmIwqALVRKlQBaS4Qz0812gCIKkXaEikISku1My5LUWksnGS1HrCiynXYUlSgoJWVmaw7J2HI4kKMUBEYSISwFEcXQsk3rIU2JahmDMEhEKEqRsAFIK4wRYTsUrbV0llBRUWBnazm1LBIh7KglomQzISPjiCjYECGDMQYQliIBW7ZR1LBtN9vYoVDYxs2AJNmtNUyUSBuwSTskYVCtIQVgJyoKFUXLCUlI4aBIKKSQFMY2EQIBUlpRIkJBhHFElCgIhcAgEFBKADYRpFXCU/PUWlFImrK52ZZEpiUJLNo4NTcpQoHTdinFOWUau/Y1SkBktoiIIAjLESLTUUMZVkQRYEUJAk82ichmpaOU1hoYaRgmt0TKqY2ZWOM0hKOUsA0KIQmwqCqUaG1SkrhGKRG1q4pi23bfFSJCClBIJUJRI1DYDYlMkAhJUmC3qUkKudluKUlShJyTUKlFSFJXCyKQMakwjXRKJkrYHoYhM4FaC2kSgsQytiUViQgbp0HZmu2UMy2p1pjGsUSQOU05tZZtJLGEs03NdiklolAkq2W2nEJBepiGbEYuqohxyswmo9JFZGstohAIhNuUCoBpHBElShEWAUlKlBIgkJGzCSkCWVC7TiZby8wiGRm31qQotYiwCGSEyMxsaVsSiYKiIDBqtgzhUkotVShbM45SSlGbJmPsqTXbAFJUkdSoKIRt225pO6fWJMhMtxI10+M4IUqRm1VUS7XtcLEsARKtZaAQUSK6rhQJRRQJFJktrRJFKO0QRTJGQTMSEW0aA0kGIiQpQQq3ySJTJciktUaoRrRMoJaCAjkz7Qg5SmRLO8dpzNZUalUgAhFEKFs6MyLsLBEIKRRCErbdbKCWoAStJc40LUXUvoYCUIi0CIWcqJSQbAtLJUopkCpFUCJQqEQ4CIqwJSFFRK1FJhPJACVCQrI9OUPKzBKFACiFkABFAVSKIiIUkCJbjsOUrRnAkkopQdgt06Y501a6SZJl1KYGqSilK5mWwK4RFqACmQ1j2UFrBtuSIRSSQfbkxCKwVaM0u0ZIKlEsJKGCKZ/+qZ8swphMJEkAJpslFCHJJETUglNSkk4pTGI7SpQoLadsLbMpyqzvjDxOttMO6PpOpRQJ1dbaNE3OTCeEIiKklJMIITCEhKLIggggnRBE1tIpFJKQoKWliFCKTCtCUTIzSkQJVEC1C4kSoZBEQaVEiSKJiFKwJMhMhSJqZmvporRCCjlbyygEilJCigBhHIQIpKhFxlIpFSlK0Ay2VAOwnRIRBSeSSgnAGSpNdloOFYEhZaLIJlFImZnpQG5AIgAJRUxjK6VEFAPZMiOddmJCiohsThucLVsiSbYFSBGZLd1QRAmZruu6voCc7moHUaIooqu1lEoIIwmTtoSMapSooQBj7IwQ4LShREEgSUoUYGwrcQiDQJLlbJnZJJVSMltrWWuxmMahRhGoBEbIsi2glrCliCgFggjhqCHIlEWEUGQ22xGBs7V0OrOFihwobZwkdjqiSDI4myJCMokUCuGiCDRlA5yt4ag0G5OZwopiWwEIFAYhBWkiigRON1uhQAgTUaJISluWgpCMUpnj1FojAmR5msaxtcwMBXKooBA2KiGjUIkIhSRlZqklCKCWUkoptRAgsrVMBSIUKjISQbQp0y1blq6rpTg0jVPatdQIQUhWCKmo1FoihCWJzAa11hKhsDMViiiSQooogrS7UkqpyCCTQmRO0ySp1FIiWpskNVJEKeEUZAQlSgjboBAGk5l2mxKmbLJVaqCWbRyG1lpEKCTo+k4CYYgSoUg7AFkRElgRUWqpUYyLVKIg2tRatqm1cRgAnETUWqMgF0HaThfFNAyZZLoQAiKclBJFas5siQjU3JxOmwQRRZlNCSW6qFEVKUOUCMtOTJQSISwJQ7a0SUx6alNVRYCwbQTYUWRLUqkdtkVEhMhstm0rQihElCgqxjgNEUFmGrChZcpyYqnresE4jaRLCamEQhGWhRM5jSFUFQklSpSQZbKlhY0xklFREFFKlKkNmcqW2TIECNsijK3MxGRapFDg2kVICLcEgbsoCqYpWxtBLVsCBFhWdGEMRJGiAM4mhTHpNjVwKJyttRalZLZxaqGQBGCwC0IM45gYWxEgsCSnkWxLCMZ1S1pQnEgQEaFaChESQO27IgiFigCMkABZyFIQpRpnpiIyUwonpVYVNTunKaSuFqeiCGQybVLOhiIiFAXARoSUNgColL7vbDmNUCnOdFqUCIEscpqyORSIbDlN4zCNTiTCKl24JUW1lBrRmm2nXEtISHSlCFGEUxFEKQVBlJAAJAAniiACJ1AUk1ugUmutJaIootZOgbEAIlsbs2Gnm1EIEcgiVAotp3ECKWQQThsRSUpFARhsFZVMt2xFESEsCQWkogjkTEm1hNNtMsqIYgmjIKSQxtZIGytCEuA0UEqoEKWLCLdsLQV2g5CUmWmnW0vLpAGkiIi0s7UoVVJRpIwdobQlIFpOdgaR4AA7UJSiEmFq6TKQk0QSCrBtwm6UUKlVBSERSsARksI5TS0VCpXMJjROk2pVhDNBCmdrCFDLVkoValNrU0NWlCglIkSUIidOW1IpAZmoKNNGRUIijYgijO2IAtjOnGQpJCSjUguSIp12RhTSSFGi1ApumW6ZGMI2ECUkhKQiRSkBIhCKEpJqqRFyEBClmkwrTOkkCUslTEI4s7U0riqTEGmHJAXOJpROGScRMbWJlMI0kBxq45jGLe0mxTRNaXLKCEVEpiWFIgEwKqFSqhQoiQiEJEiotdimZUQggUw6aS0z3ZyZU6hGjVApoShRu4oz00WhIiUhY7eppTOqhBRRSjVkNhqJy6d+6idPraXTCpw5pQUWIkpgJ5Zlp9OWkTIxWaJIpB0QRetxEkgqNWyG9XpsLSJACjItGUdmprNGRKkIRWC3nIwUOD1lGjsTwCqlKtMQIeypZYSEhMAtLSGVUoOUikTYGUJRQgqplMCysNNpwCCppSRKVCkiApzpnBKB3dqoCCdp25Ra0kCCBGkys01TywlkjJ3OQEhyGpUoaWOXUoCuFEtS2IqCkE1LlygiIkqpqqWTIlsb1gOKEJJIN6cUUYuEDQYpooSkIlAENCMMEQoFCmFFZCZpSXazUYTCMlGKpCi167paq6woIYVEopBKVyJMOrFMLcWkEAiB3Vq2ljWKCkBEAMIqBdsJMkIRSrdGm4bWMiJatloiTba0SU9tahFRo9TaI4QVkU5JIgiQMm1SEaUG0FoiLKa0bGO3DCltSVEkaM3ZplKqIiRl2piIiKi1NE+2IhQRbcpxnOS0JUjZ0NUSUUsURYBa2GmBJADsZkFmk4qF00CJAthGkkRaINwygXBYjkAhkFQUgowoKLM507ZrUaZtRwRYKKKEQliy7XTiVCnODLCNQMrMsU0CRbEpKhZJOu2W2JZqUdRaIhQCEiLCzjZNliLI1hILFMgktixFRIRKCWyas5QakgvCJChCSFIUCQBkWUVCFhBkQ7JdUHKZIISJUpxERAiVYhwqGCuaM1umW5oo4WaMgaAookQoptbcstbazfooISJKyEiapqm1sSgIkVKRojotSQKgRDozMw0hSdnSBjtCSKVEiVpCoJBUQlbLyY3SdY6spapIIYOE02BFYJAsaEREkVo2RFeLrbQlZTbAIqKQTkgwiUpmk4QESZSIKJIiBIpapAQhQASyTchGEYCNZSFLAdgWRBSVECQOkcY2xjgCkEJYqUSqJUrpLDJbpruuF05A4bRQpqMoIkqRJexsGYqGndQoQhJCUYtxTozTYAAZJBFCgIQELVtILRuKCERYKMIIg91aRilFspGKRKYQNkHWOss0TCLslJVOjMACEMgQKlEE4zgpqLWGkCKnJmHJSeakKOM0YskyKAKTIJimZhtJCgljRYBV1NVOhCKkEE4rRNpSRClFAkqppNMUhWTD1FqEbCXIWSIiwjBNU4RyauPUQFZE4GQYhpYupSIyGwjbLRGKKKUqQjaGkN1aa0BEhEICIp0RSiCztbQdEa1lSMgq0dVOUUKhYGoJCikiZAVOsqhGqc7ESBDIBSEHblNrEUUqEVGjSlbiolpCUokSpUSUUkuNQIoQUsjYRthCXamKCKnr+1Kr0NSaZdtRigIgSiiKMbYti1AkDogaQkXRMiEVMi4RGERIoBKSlNksZ8vmDBFFtVZKCEyWKIjWGs7adQEhESJtUUuXmVJEqLUpM22TilqLwExtqrXgkIiIKCFQyNhJLXIERlK2dBqUaVQgQZIoEVapxaa5ORNQCeNSik3axkJpZ7ZsrrUvXSfZDqyWLTOz2UEUZWJTIoTTVkSbmkQ6SaRsU7bMrnbZWmtNEiCr5eh0qbUEmU63zATGcZQpNUqEsbAtBCQYKSQcpZRaS4nSsoHTaUkmimxbSWAjKFKU0rLZllUCpxSRyqKQAWMQmRLYNibdTAjjbOk0MhZCgMl05gTKlEmksJ1BGFsSzUTkNCIAhVrLTEtSBEghSUA6sRppQIBtoqh2neWqsCS71KIIBYoSQoQhW2amUNSC6Wpx2phQjbABiEg7QkGAM7O5SQgkJIEUYbeIEqAIKcZxEolkFIqoRZaMBZKUERKKGkLlUz/lE8f1QCiQjSSKihSABGCAiCKBJQhFqTUkm1KqoWWWUkJSFGTsiAgJEeCQJEWBZjtQZobAAicOAtGmFiUiSthGpVaBnSoBIpimBrYQSmyoEcZOhwgRCqQIQCG11hSyIVu2zGbCNWpEtJZka3IoGi1bRikRoMBEUZQKSk85pYSdxkUlUcsWkK1JqrVmc7bJzuYUHsextanWImmapgiAkKIU22mjDIrJdMOuNQzGIGeu1+tMo5ACFCGHagSQzhISYePMdKadBmxbEVNrEZIK2BAGSVJEuEAjStSitHHYjhoCFaJEZqYxxqohqSigeTKSInDDwplgpxUkZE6lVNtC2BZIrVm2imTS4BQRESFFKQKF0gSOCEUEBSwJSdgmW2sQCgkU2FCKhI1wWgQootSIgozblK1N4JDSUkgqRVBKtlTImYBCMhGSoqWLFKUAtUStRSGVmqRMRMhKG7ATACSViNZMOKIoMHS1i6JaOrDtWisAEiksRI0oYRtCUSBxOO20wxVN05RJiZKtTa0JSRERpRYpAMu1VgWZKEpIICQZYRFRQlIIG4W62kmhsCKQnZHOkKQQIKbWyATZ5NRkO1RLLQoTU7awFKYJMlQiQlLaCmRZFlJEBFURigYROC2i1ADJVpDImZnpRDYlBKHiQCAp3ZQ45HTUImHLmZhUTukgQ0opgGYyEyS6vsgCcIBtl1JqV6KEHLKNm9MgIiQHGJUIhG2cVpSICLWpZSqCKJIkhaLUUruuqEZRUQhPbWxjKqIoFAhZjlKKhGUZJCuEFIqKLYUEBhQFrKilKJxWUWaGQkUgySImUs4QRISwPQyDTSgE0HBECSThFAqpBJaRnZkZKiEMoBIlQVZAhGzSti1wNhKQRYkwjlIjQiqWQhKKkCIgW2slSo0ahTYZMY7D1FqJwCKyRGRLbAkAIyERoVDJdCqDEEQJLNxUioRkN4QiwiTYFAwhKWpEA4xCnhIBRBRJRsa1FKCb1VILRkQUoeZUGoGRRSgiokREKZmgbK3VUoxUVLsuW4Yx1BqKgm0TVaBaSkTUGhEBGJVAKEqRQiiKRESt2AInQHrKnDLbNKbJsbUaRaHWJsM0NaMSUsgmiqRiJ06EAOGk4QhFkVsi1VIUhCRpalM6ZSIiJNuhSJy2kIpac7YGCIqKXFqb0pZUJEKkFRIUhaQilShStDaWWiNKRCgiIkIyzjRylBIhUOLW3LKFFIqpNYgABGByaqMdJSRRo7jIJjPFFTKEsZA8taaEkFtLK22BRU5tytFJiZBUIkIYwsp0hEIhUJAmFF2tScoBlpACAyAUSEK2KJIlAVLLhjMT41AgSIdQhAGnhCKEhKKGTYGIggSyKSWwp3SJwJmJVBDNrcpJtMxSSkStNVQrEMLOiCiSQaEIYU1tipAURVg4M0opUSQ7DSYd4XGYWmaEQiERCuOEGpIUUZDaNEWgEph0A8ChsJwtFRKSICQCGVNqraWEFCFFASIKGBFRFBFB1K6WIinENGVOo+1SwkC6dp0kUESUUiUAISGQnbWvIUlqdqAAESoRAJKULUllNtsoTLapKShdjVIUIVGQFEkKo4IUJorSJp0RTGNKUokQIJtAZpymZkdQoyKTIIfC2KQkhRSUWrI1AVIgEUAoBBhhKWzXWkopLVugWitYKsa1hqCNzVItVSVsS1EiaLZpbWrp9ARuJqfJdilFJWQhnG4t046QhJCEAqRSShClVkURQgopbduZtk06IUpEUVEBWw4oVTKkG1kjpALYLp/+qZ8aUpSiUEhRQsjORBIYIKIoJASJpFCJ2rKN01RK2IlNqJSCpCRCWBHFTiPbzuZ0Tg07anUajChSEA27GTAU5BIlQjiTbImQQYQUEUosCxeFhVtiTy0tSSohUpazGZxI5NQyIqKUruvSHscRSRGhiBrZ0iCqpFLDzsyUVGpE1GmaJIJCEBESTocUEbXUUFDACkWpVaFs2exQpFOhiIKQSsspW5ImsIgogZDStjVNY2stLXCN0nU1nWAb4VKKomQ2rAictrAhicC2JELZmhRRoKVkAhsppMTUCIUgImpgbIpIKURLSxJOogCym1s225lSINnG6QTLpKQSUWtfIgQYyYI2ZVEQUmIJCIVCzkSKomlqNQpSRDiRlLKtKCEpM1UEIVKSLAUywkkKhUSIiMCSoZSgZUZE6booxelSQ6mA5sSglA2hUFFQopSSaUDCRJFNBBiczSC7qxVnc5pUCZoSlxJRAtkpY6EalShFgMCYiABso2JFqTVbthyLQibJUortqU3GNerUsrVWSkiFooioXVciEoWiZcMWAkgrFASWQogiKQoFSZLSVpQ+qrEzsVpL2REREUItExGQgqRNrZRIUxSEFECEXEoppaAgaJkhEWGbdGZa5DhBlFAmljERSmfLjMAGAQQlCqJEREh2RIlAkEXFBTdqrRERIJM4UHOzmyJCyjY2g1RLiYgGLVtIIKfdTCmlyFiSQsZOt5bD1CSnE4hCicjmUJQIMKJGF3K2NEpbRC1VMunMRhAhbESExuZwQtgJFBUgRVGQTmfS0kCUIkWJoE2j7VAIJAmmsa2HqYaiRGZKihJYIiTSKlWk3TKiRshJKYX0sF6Vru+6Mg6jpVBIIggipGwNW6F0E5RSopRAUSMzg5CcyKZNEzbC2ayiENkU0VpzUkI2mZNACkEpJZvTKaMIhA04M0PR1YoMLlGnqU3ZwrIEgLEU2M6pURxIEjhbq1FV6noco1QZRO0qaZuQokQEmMw0CGU2oJZoZBBIAkWR3JxI2BjIZrfJEhG1ZRNSqIsiyZhQJAoykUJFwzj2pau1OJ2gwAhDqJSoUWxLihCWgogoUQzTNHV9n261RigyEySE1HXF6WyWhEk326VUhcAiQKUopKgF25kCBJYBE1KExnGy3HcVZNNFEAJhpmnE7rq+9r0gEZiwUI0iKaTMNqXljFIARUQhVAQ2hohQmLQBgW3ksCzCQtiZmdlASFKUqFI6bTLTCJAkAEmBpMSYTEeNrhbbmdkykUMlSggFGAx2NqdbtrSlAoaICClKwYSU6eaUAtymqRGlBBbhGgoVQkiQcmSmJOFSJSszjRWqKigwilJQhJxCgDBCRQW5paOUQEQEsoEIIYIklTZdiRRgQkq3bFiEFLRhGMZWRO26KSelo/YtW+CIaG2yFIrMybiopq0grLRIIigKlRIFooQEEUUYRSgUKPE0TSVK3/VIwka2Q5KQAxQKLOwEkO02TVObglL6EooowpHOCInI1qSoURRYliUFRjLpxLNuhshsEHbrapGKnW4TRYAUmNKVEoUip20ynekICUxE0JVi5DY1oo0TcokqlGqZAEYhnCkoXcGZUyuKiCp7mKbMVqKAJECSur7DZJssKZ0ymaCIUkoxSEGoZUoRikw7XRTIhDCGaWySgwBJSBrGUQpMlIJse2ptHCdwhopQhAC7RCjCNgJRSxWyaZkRAoWgWUUgKSSAWlS7TipCti1DZCYyipBsqbi1JC1EmJSkWsIgAEMipVuJKpFOkkZGwemWzpZpZyYGQkW2sWwiRCKpfOqnfhIQkg2hNFNOTgPYmWkhYdLpTBcJSrYxE2c6bbnr+6KQQnKm00iKIhQRCstYhEqUWorCYCBToTROIoIQCLlGJLSWIlWKAFQiFFFCVtgWsnCaUK0REbIENhOtKMAYyRAqgihFmJQRZNZSLUlIUhQwNsTYxtZcaicBCqmUKF0VAUYqUSJCURRKOwBBRI0gkSgKSaUWKbAQTpuUhSSVguyUHbUIUDjTdojZbFa7njRSQYRyam2ySKmCbQlKKTXCUKKKQLQxESEwEJkWpBFA5NgMgpaJMyHTEVFK5JTTMCHVEkKgNo2ZaYsgoiIHap5CERGWZZUoRBGCZpRkNk92KbKQKCEABAY5adncMqIoooQaWApLoohEgQgJKSTLxi3BBog0pUhgZ7EoTFNr40QJEqCE7IwoETIYsjkECKEQacDNkmwZShQrnU4byXZOqZDsBKFSi1TUMC4RxlglFBJCigiBDXY6DTlls21bskJubZqm1pzZ0ti2baNQjZLZWstQ1FokChFFIrAVAEIKyZIkyQAQEoogM5BBRbJJu0DLZtGmls6Qp2bbQoQIg7BqCUVImjIjSq0BkogIQwDCIkyUAOFMJ+kklTiTUiJIIdxaSkGmEEISFkKAkUIQNVAGkZktEyMjAVYA2AaBkEKSwhahaE5bACqldLV0pUYtNkSpIUAKwJikOUlHqJYoUZ1WOkoNRSOxLYVJ53pYtXGSKLWWoDmdtghJCjdnY2rNFs6IokJIkhRkS9IIZFJRChYCFFLaU5sEUYpNZoaMQUjKTEkmQUjOhm2yREiKCAfKIBwqUYtxVzpnA0VE7UKS04BRGydnRilCpZRSSmY60/bUpmwtMXYpkXYtiihF0XLCQoqQkxIRUSxJIGWbImQCLCilrId1m7KrJU2grq+haDidxkUhqfSlEBGBZClCIkyKQDg9taYQEm6llBJSRAinySTIRikSSlmJSiiQJJAUCivCUCRbEkZCkm1sRciEZGcpJUKEsNJJythKJwq6rozDMKxXXd8rNE5TlHASQUhINSJKJWnZhCxnc2tpJyAw9tSkCJWcWmtTlJBJp0KZzZYDKYpKSEKGMBQwgWy3lqASFRm72YFAgGpUlUxn2plIICGcEJIiwna2DCGpRAiaE0lIULrOFpkqgHFEkWUbSbZtgyW1TDsBSRZqSGHhRomwcXMJWbYBl1Jt11JqV0KFUKCptXQKRYRwiQBs0jYIQJlOCImQk8wMgoJQF6Xh1jKdAWkL0q611lIi1NwgirCd6ShhrrBQqCTGbi2BlmlQqEaBaK01N9sh0thIko1RIEoqnUmGhIRFm7KEABvbdkpFyKa1JoWEUIQsywQxpSMiSlXISZQIJIwip8yWdrY2gUoppZScsmVDUQIHNggh29OUBaKEQbKTEmGyqJqMKF2tRranacxsCKdAyJkNKYRAqBSJCEXUQktLksiWLe0MQwgpszmd6Wa3abRTJUrUqJI1tskmpMQgEZYxthKwjGXGlgKhcRrtZmMSAoywJNHSsktRiZLC4WjYhFRLCKVIU2uJKMKqxXZr6WxCQDptpFpClowBESrYAJZlHHZSQKJNkyyVqCWiRmbaGUSotDZKtClHN9KEaE0QESVKCUmZaRShKIEzbUdEpputUEhgiJCkEsLOiFIiQkIyYKZpbFNGrVEkhClRIEuUKDUzlZktixQhFweqUUutAqGIwLTWolQCmokoijZht4gSilJLjYqiTZNMqSWzSRFBoiJUikASjqgglU/5lE90pp2SBAVKqYqwHRG1FJWSaVmGqnAY2wpB1FJLjSjYKNLTNGWohAABElKYiBoRiloLQSjtUEQUlSJbECUCEG1qBqJkG2utSDYmnc7WEqTEYUmKkIyKYmotsU26FYWFHAoU4ZZSCWGTWLZCUaqEsZNSg3RrDVmiqJSIKCKVramEIE0IK4oAGSMkmu2pRQkhQ7qhEhEqCgUWQQnZKYqlkEKZNpIiQgJFoFDtumlsEbKxjFCJiFJqZGZrWSIUJYRCDmEknJgGhixRbIEkogRQVEARMhCWitKGiMBKZzYnRkSEwbIAy3KpXSkhQCC3ZimilECUkCRly5aZaSRZqiEpRFgC0siOWkOSVEtJOSTbk5uaFSJQqBlnc6hEhAQYwOkmyaCgSC5ytnSkG6EcbVEsQooIQiIB3NqEVfsiokSVQiaKLCRUIoQxIKtlFqlhRJQIKW2QuuIkczK0aUQRknNKCyhRCCTSbtky7QhDFwUhhSKcRFoRQrVWSQ5kW5QIhSJK1NrVAsrMCKGwm01EhEIgR5SiYkmttUyHZWGnJNIlIo1tUApnSiqlSFJUybaiFIWCmMYhId0AqQC1BlYUS0UhJqcUoJAxJqKApYgIIZtSS0SUWopqgE3KTiJUVECSW9qZzowIizCYKbN5KlJICqEYc2pTw0ihUA1JcmZaAkmqVWRCSBGBZNuJIQQSYGzbRlgREqQVIQk5VJqbbYFCJtxyynEcp9r1XdcFyrQN2Jl2INqUVoYAo4hQpo1KrYmREKQBglCBDMJyQmAppKIIRIKhlGITRQIcbm3KVmsNhQOhtJ0ZUQRAZrbW2jRFqYRI2yEyjROTtg3GioKhSBjLbkhAqJSiElWhzOz6UkuXbmlLihCQOdXSWTYSFmGcCYqQjGRsnK12vSLkVCEnpxxERIRDEaUojSVs2ZIiwliEJSGkEDZFoZChhCCMcCa2QZIhJGMRApTNCgwKYVqmLAIRCUEgTdmwaomIooiW2ZcqKUo1jlJKLRJuntpUShnWwzCOs9mir9WWwC0zqLViEkKynXZmcpmdbWoRUUoJScJElEinSgkpMy1LgiTV11JqV6PYNiiwMQBSJLaNDSiwIjNllb6WCAdFhbBxAJLD2SxBiSiSgsy0QwYQQiiCsNMppFDUqjZliTCexskmVBQCAxiVEBJIBREoM0sNUEtLiUQoJERmYorCTiyFMrHtTEKyQbWWkEAJtoESpavFoYiIokAI0gklIrpaogQRIRuDQIoSslSEIqLElIltU0LZaM5SyjS2xACSSYQFpgRCpYStUETIStJIihCKCBJKKERKYYkSHaRtFMhCFoBQ2kIRitA0jQmlRC0ljWUsScZRotYKpF0jDFNLKUJMbhEqtZOlUKiAh2mYxglASIoIhzFOgyMKKFuiVBTslmkDKkVGma1lk6JEqAgoRag4E4gSaScWUilRo0RYma1JjlJb2s5aC7JUpjbVIiRBqEZVUaiqKprT6a52UoCxEaFinOnSSZSIkMiWJi0kpS0RCoXTtJYBEeHMKBU7SsU2VikCJKcNRUVCkBiFJIJQRBSHMlOBHOlmm8zWMkIKWaSptYiwjSgCRWvNdrOdVgmhRpIQpA0upZMJRVRhgL6fhZjSidNIiiBKUYkSJUpN2jhM2GEINafSRihNGDttA0YBti0pFNiIhCghEVEiNE2TcUSxFKW01qYxMVE0TKNRiSDkzLQFbi2i1C6w0q3ZMgpaawS1RIQiatQoitp1KIqUEQFCRZFyIGeWT/uUTwpEKEqUKBLjNEUECAEISoTtEjJChKRSQgoHgYplYywZY4wN0zS5gTMCIafdsrXWMgMpECgklShKA0iqs06J7NJ3BjIRBRlLSjvTzgljp4RQEMiGWe2ksC1nBFJpbUICYyGHZCMkydCmtFOmZTodDmc2E6FmIohQpi2cDokSAkEtZZpaZrOZMouEZaeRCmGcihDY2drUHGBHKbUUqZgUighjJCfOtB21oBCSZew0zohSIqJiFZEhpcEOZIfCkqTItEJdV23bLpKBTEsRSAQhFBERKqUYk26ZCkrtMNmMBDhbRKmhNOMw2Y1UX4uhOYGIUChJEkoECCQCYUWVYMoWkgE7hMG2CGywAOFmFQI7sSSytVSRM4GQpFKiCEUo7TAG0pKcGCsCu5aK3ZyZkjHYkihR0oaUAiCUmbKUNLc0VbKQE4UihIAiRRRJOAWtNZuIiCqbqF1IIEWQ2dIYOSKUbSolUGQ6QlKRs5SIUiJCoSBKyAmiRJECkDHptCEUdoKiFKcRksBRYprSRlLXVUXYTQqBoCndHFEQERElRAlJUrqRFmo5FZTZQLWUUNgphaKAMW1sbWrIYGcipJJO20g4wBaCUkprTZCQ2SRCMU2T3ULFdpICSCeqIUUoEoMEXektMEYYQVcKCpWiwDYhIYFlFAUpAkn2MIxKt5aqJYJaStpgARERYVMUWOk2TVMoJNm2wCgiiqZhdKYkEV0tUUpmGkmUUMpBqIRkISwVlRAEkK3ZU6FYloyEkUhsK0oUCWjZ0paFEJIE2NhpEyXSRkKBLUWASngyAjxNUxrZEVG6rqBpmpqyhh0RhOTMTAghokiEQoJoOUiCUJRaFCrpxLaVSTKRkkJCARAUBVJNT61lhIJomSGkEFYEokRVkGmDjIVbBgZlGKdCBWVm2qBsDYiIUFFIUkiSMlMRCgzZ1Jx2UwpZEVUlM20pjCkRQioKsN3GFiUUkTk5bZt0FNmILCoBCjV7mkYpQkqcmcJSZHqapr6bgYb1ev/gyM4QKIJslmQpcAI2EUgqCpVSS1GEFAplS2OnoxRJMhJOR4k2ttpVEASSW05tighJDbAFpVSlo8qgFKGIgh0lMIhQkHJLRC0dIiAiQjIKSq21FEmCEEayCrYkFclEjVBkTuPUailjmyBKiWyJIEQK2aAIhIn01HUlFBGQNFukCCIExkEoZAjZIZFRipCdEVEkFTkRGFMicxIqURRKOwQ2hDOnTNshIoozs2UE2SCsKBGKUELIIpozW0aEEyFJUQRRI5BFRIRUAgfhdO0LhEoJKW3TREQppAEsZwuVUExuYaIoKAk4M5OIELKECBWFjaQgFIhwEAoRQNqeEqSIGrKxG3YAGBvSJkoUFVQCAyVk0dI4ai0RKiWiFNttSokoRaiUAjgnRQ2hCJvMhp1EQJSIUCldELZDkiPdJEk4CaEIZ8qJAYSQQAJFhBQlnALXUhJCJhQlAiFk2WApZOz01Cbsru/bNLYx1ZVawpmBStdFAAJLUUuNAAlwOiKilLQjSgGkKRPbSQnZtkFgp4kii8wMcMu0szWBcChAKCCdaRQh7AihCEmmOUOKIJunaQIrIkIREQrAmaGotQKhoqKIkERmQqkFu9lhRLbMIKIEaYQs0uM4lVpDNCPIBthqJWqVwHYaJFmEhFEEmACbNHZIU5vs5tSsr6XWKIW05ChRumpbdgQEbUopuojmxFZ4HJNQEYgIkcZkurWmCNNqqbWWTMuZacAWtGy2W5SY0uXTP+1TIhRRjTMbKEonQICdCZZEYrmIKIUQmWlbFg6qyZYZpQQAxcrMGhE1QkojAIiw0mlkFAbRbDITESqS3Gw5nRiJtIVQCVFq1KgqiqhgkBQ4VWgts1mBldlwJsJWkSQBllDYyNgY3BqKCBlKiBACFCGFCpHpbEkowEoZYwxg0bJhRVBKIQQOqXYdzShwswXOTKmEMBE4naRNkk4nELUKAkDCoQAsh2QnSKE2TW1sAuPMLBFYBsmAjd2Mg2g5tdYsooQcFhERiohiRQTGY2ZOE5JCrWUoikKBFDKQEV2EI4KQMGmTSKBQhGSStIhaq4xNZjNqJJmZThxQSkhCIDnT2E5CJapBsqIYnI5aJHABY0NISCC3NimUdjbbWWqppUiKEoT6CEUgTZmCGhFFaeEmRdq1FAjJlqotRct02Ba2UIkQQmDJCaESOFB6SkOUEJRSwgIEEhYhRSmtNaBECBRy2pBusoiQyJaSQCYBA6EioUi3dEqyhFQVCciKwBIYZdoiJIEKlgoysi1jWms2CgEQIp0WkW2cFEWKCHVdtWKaJtulRImwVCKaW0QJlEqwRVFEKRFhSzKEwZmEMYCTKEIYisAgkCSKAoEUEjBOrcgh2WlApNOZcmbaclFJXGpprWU2ACuzORNRaw2Vlg27tZZ2pqOIUmoJO4HWElsAEkKKEDIWEaVEpkOKEmEZSwIjlQhFLSGcLZNsiiLhlrYjiopF2JQaQonkBBlly6iSIqeUZNHclKolENPUcmogopDZWqqoqEiSFKUQAtVSAkAKyZlOOSgSAFFCaUrU2mc2hUqoqNSuYBlbYCJChNNGEkK1RNpSlCKpZDZkNyOihLCg2dM4RCm1dFGKRETYdkI4IooiuqilOlsayyAJHATOVC0lAlRqIVRUkLAV2FYAshCaWmvOoqIAAIuwICU7ShQpbVCgBIII2S4KO0EEWK2loNRqhFxLDQmkwJDN2RqQdrNDEoEYpylbC0UpxSRSLWVq0ziNi/n82PGd2XwOlMARrbUaAdjOtHFmZiYmM20b3DJbMwC1FGM5kIyxLdIGsjnbCKpdlWzUsslEEVaIBNmWwDhDIbCFkKHI9jhOyIqIiLSz2cZkKYGlCBsQuERRKEoJRUA6W8t0KrGz1IokUgIZAyIcEUJpS3K21jKis9OWIACglqoAEtsGIDElwkhS2nYa2caSvJ4GJxElKBEBTmMnUqhAOrONLSJKqVOO2Rin0baELciwWqZwa043pBKKUJua5FKKVE1LWyolQorMEZPQpmlqrWUCGJNtyqklmZYiCrYUrU0mSYxBRhEBlAjbQNq1FHBapUoKy041UlZEiQhFQBpq14Votg0ChRROI4FkoqIoMgrS2ZpshyRRQqUUU0LGknNqLaIkJiTJGGemJUUUBaWUCCHbRIRbs9PYRpIwSdpgFCFC0VpiA21qFiVCEsK2UipShBQSttycaUnZchiGdErOzGwZRREhhdMQpaiUklNiJLVpmqZxGJtNCRES4bQkJCBtbJUAWiaTQ2qtNWe2VCBRSijCNs0irJRCSBG1VJVAxsgpaT2NOCOKkBWkwYmqQoGIqTVICEKSApUI22lHAFLIZEgEJIiWmWkyQ5H2ME1VJUohSexmywCmn/VE0KxaKiqlRFSkNOM4lFICZVqiZWttyqm1TDkUkU6FBJblYtkIMltTCGvKlFEUQYkOUyJay7QVAR6HaRwGOyNKUYlSQrKUMnatIRWytbSMiggppSInmS0zyQipfPqnfqpCmc0OWaVES2dOJQqmtZSkogChFBKZKWQQaQyASkQJIQmMoqsRBYRkuZSwyZal1FICQqKls9mZNhFRStgNg4rtdGYmilIihBRGSQoJoyglSkSzCzIqEdEVpVSIKKUUYYMkJCQZSAQhCHAJhSJtZDlCKqVEFATYmWBElJBUokqoKFKtNYQkglDBRIQIcJRQMGXKdpGokoXAiXOyhCyDjW0hnEYhMkFICKRIOzMVkWmkUsO2jc3kKVtGKaFo2TClVJDtUEQoVFEKJCFBZstAxm5pAHlKFQWikIBbiUIINLWWmSSSFMJIoRCUCLWWwzBgRYmpJTikWmuJMrVpGKdqqYTT2JkqyCE3K4pC2EiWhDAIMpEVEQhFhIzSYEWJbJYcKHGJmm7NLlFNYlnYFkSQWAacmRGKCNJpC0lYpI0sonYhFBGWAEJFNCi1BBFCEgFWtsSyjBCeWoIlSYHdWhOoREQoJAEIIQNktnQC8jiMTitUShhw2o4ooSgSdoLsiCAFtsFOtzY1wKa1jFKkkMBGDisxIiJsh2WAdLNFOFQEyEQEIEUpHZmGUgIUgmJMEIoQNoKUwnaEkCRIIiJRgBQyJaRSI5yNlmMtXRSBSi1GWKXWqJ0kI5soyFGKUFiWZKecxqJERJSoUQhJiAgztQakDZZKCXVdLSVa83ocS6BQqEQI2yGnnZlgp0IICJUQkcoipY1dS0URhUCpKBGScBShGlEC40xbYCmKlThNKKIW2UghKYQEBCGRTqdLBKFaSwhLNl0pqiVKBDjBGcj2lJNsKUC2JUoUBZKcchhbSpAkVCLkNEUBtiNKjYgSEYqQbXBiQahESLhl2kBgZ2aESlQh26VEEEnKpMk2CpVaMAQgZ0O0lkoUwihURGstIgQQimhtkqgRLafWbFyiYhsiim1aSzKE06CIEGkcgSU7ZUxKUUpIcqZxKGza1Ax2hhS1SMqWCsKiKgCFRAmpRlG1LCkiShSYRBHYzkxLgYyVGBMRJWxCQpKjlDCAJZWQUIqqSJokK6pUSiGi1iKFUKbtlJAiSUyNgkk7FKUqomSz5QCwFCHZIFSKJLcUAalSRLNNqEQJwrS+dkbgbNnaGBEgDPI0TqYJ2U6gWbhlSztUQhhK1ChBYhxS1BoRUjhbNteoKkYhnHYpIUNQFGkjkIqi2XbKCEshlUwrBAqQooRac3PKRAlQhHDWrkQpJMglgqAoLGxLoMACCPq+j1CoBFFKUQgJhDOkkEoUoJYiFSKwJZCwHbJsbCtQlBqmlJDUsjkxBBgiVKNGhCQhYxvkorBbiQAQEUWiREytgaIIwCAEAgXZprSzJaZECZG2s4ElRdTMJgwRoVIKyJNbay2z1B47QhEBQioKK0OKUImYWstpKrUGKAhCoUxLYEWEJMhpai0zIG2QIkJKwEagIII2pZGFFF0RSjeB7SknNaJIEXa6ZZQibLvUQLSpKai1S6czMUilRqjD2ewaJYpsyFSEyZZNCpXoVBCZqSJCtRSpZGZrTSVCwiSWhIwAlSi1hC0JQEYhhQLZlBLYaUdEZoJUBNHVElEsFCElhJ2ZLSQIuylUo1MgVKMgUpbCJDZJa2kbI8lGokREkSJKVIqEAIXsNJYKSmeqREi11FLlBIHsRJIzhSNKqbXWOgxDZpbaRaldX0NSKCIENplZa40SZDOOGliA0yCB7cQ2khqZUxonkohSu9pHkCITkwpJUaOISKehtSwKS7bxZKuLUkuJUiAgy6d9yic6TSAQOARIShKpFkV0tjMtSbaJQALjkEAGAyEIMBahEgWabeQaRSq2s7UgFEHYabkpFKWLIgzCaQQmJJWohO2QnCSZ2QBJIlCoiGYkgrQxtp0WWKIlIUUAIcJQgAJWkTCKoiBkO0zUAkY4k7Qo6VSEjBVKZ2ZI6WxpiRqhUrGcGVIoUm0aJ7uNUyulSJIdUgjjKBKACCEJBFPLzJaJwqHiQHaStkER8tQyMyK6rjgRqJbMLEgRtkwilwiQcQkREuFMQiXCkJnT2KY2lYhSi4RERCkqhqiSI4ipTQm1FBmD7YhszYYoEUVCYJBJScK2Q5RaAiW2KNRSwwJHBEZgC2xEhHJqzShCSEoQYMi022RJCmEnKIFaKwABBqE0CmNsZ3OGCCsJ2wIVkZZCpQQap9bSUXAaCFEiJNGskAg5m5sUEpLa1DJbuiUSMgiiEA7bVvR9V0oYIWVLjEqRUESgSEkgQUTIBLiWwJRSsbFB2M22qRG209hcEVKUyMxxmhKXiChK40yVqlCS2ZpxlEJEECUCCUEIsJsQkkmM7TTGXamhaGRactpWiBR2KIxkG5ClaC0VFgXSaTtDCgkRQCkYMm0hCzmzNdsGOa1wRBEglRIlSo6jnVLYuKUUNSqSE5MIUDqVQqTbNE0Kh0qoBCBKUWueWku3EkVERCjCTqcyJxtAiqKQhBSScSkhCSkICRCkCAxuilJLUeYUBEKRnrAicLpNrYVr1AgwrQ0JQYiiCJyGCEkYsBIggVAJFQJCReE0lsnVeu1Mg21sKUJCyky7YdySwAmSRFF1QDqdaTBgJJozSRrG6dayZWY6AgO2jXEtQqoR47C2yUzLpVasqU22Q5F4nBohtxyGwXY2pxNCQiGJaZrIRkQoMFMmJtu0Wq+LlE4nUoiIQJIiVCyECGELOWoxdlrCZhynICh2GiwiItKuUdJpKCWQJHW1cxooJYwlAjUjkJ0Z2RI5UJQiwLKtwFK2tJsclpxZoqRda2lOQTaaWyallpBKRCkBntJ2IoVK1NJFUWBAEZCgQCFDEJnT1CxRu85YIiJKqZk21FKi1pBAwlM6cKiAM41BYBuVUkpEppO0KaXY6YZkKaQISDehxFwmpJDENDUyVSNCzYRRVaCWTZZKRAqTmUgWpRQDmZlIhArYiYqStOVwSK21hBIhRSmRLTNcFBHFRpLtEEFIsh1RokgUoZxyzGY7UJvsIBTGUWopRTIIGymiZEvLEVIUaK01CSkITMgy2WSlFVLI4HRIGFlRiiHIRCpgIRMx67qu7yxacxTbVggkFBEGgVFrrWUmtltIDWTAioKVWM0pSqnZUlaEcpoIATjTNsiOUuwGksjWMq1QQoQUEjgtZSklotgSTltBa8o2IZUoY7ZSSoQSEEEYCTuzRFjORmuOkCJCQhIYhAEpJARECJcSERESEokChWSpFqUNgZpxmyiqURThlKSoNSKERCBKUUSNECiKDE635lIUXSmKWmqtUaNSIuxxapkNY5AcQUFRCqa1lklEZCahPqohM022dCBjk1YALVNS2mAbkBAIYztUJAMinA1IJ6hI45QyUQKJkCBtmltr2FI0DFYEZLNxM9QoigCaXURE1BoIoJQoJbBKCZvMZgQxtUkKKRREhJGkIgVaT1ObxojS1RoAdmJhJ4FCWBG4ZURxI0oJBaASISLU0rQWEqhENWQ2SRHRdbXUgHCjtYmISgmSiJatTRlFNcI4p6w1cDidOTWDQYkpn/qpn0SjZZZSMu20BAinFBGBkC2BwnaUsJM0ilAg24kIMLR0qSFJtm07MRY4JUm2BLilpCg1SiikxJDZbJdSo8igRCEjt2YbCSQVyzZOICWlMxShsLBTEmE7Mw1EhKKkaW4YCUlYCgAQkK01pyJIMp1gZxrJshIbu2XKESUnRyii2AoySbdMOyJk0pmZilKiSHIayTJEEJbdLDkU4LFNQrUrpZZMQ8okYElubiERRUUlAmRnKYGRSQhJzoQaNRSkU1mi2LadGMkt2zQkRKgoStdJ4eZpbIIUgBCBImTZpBGutSIgjGVFlQinm5OgKEoUE9laKSVU0m6tRSiKShRJCqMSQiJspEwHEFGKZDITKVRQhIhahJBKoJBlJYoAJGEbhG1qqVEkJEVECEymLVsocaailnQ6E2dE1FraNGUzEhKZaUEGSttO2bac2VqbckoUEnZEUQkISYYaoVIy0+k2jZlZulKigDPTzamJKKESISTbJQo4IUJRSmLJBCGZJKLZmRMALiGk5sQ2VEXUEhKZVgRujYKctikRSEBmIpVSSBBFMjgdilpDAiFksIyxG+nJzVNrJCgUyLZFMc1pG7CkdBiHgkCEpJBspw2kMcayiVJKhNN2Q4qQ05nNztbaME22s+FIUQijCMkgUlFCOjo6Wq5XNWRLQa1dSDhtKwp2KWEkiIgUmSkkqclKSRE1ShRwSAql3aaGaG0iI92kEsJhkJ0tTRHNzRkROD01WYqIkBxEhmSQIp2WiiIUEykS4zRGpdp2GpHpUFiEhDGJszWaWw1FqJQAVVUDIUlFUuAGKGoRBttElFIiFEKZ2XJqmaCIMB7bREsVSQJ1JUKy7XTD2CVKRJGEaZm1FEICSwghRZQiETZTm4xDpau11iq7RFEJBS0dRKhYDgKpRLGnCxd2W06bi81hHBQxm83T2VoDolSZYZxERFTJU0vZtkU4LRlUSgmVkJwiwAgjlRKSwEgRwqSTZgMQCorstCkSoBLCQki25DSyLSihUspkQyaOCEWxE4u0JEIh7EzjQJITkwIkRZFRESinlplpIpFCJTIzhEqJUiSFpESSwKjlaDukEC0zTJNKCSKQySSJUlA4myTAKWMyIyglhmnMnCICiTQhRSCFAE1Ta5k1AtsQpWCDAgi3sdkoaqlkOrM1DJQIDBiIKA3TUiWkyExMTokoUbI1oJYwEsJpXEt1I7ECjJ0tLYE9TU0hRXG65URAJhhhq5aQpMQtmxMwZEBrUhgbG7BtsEvtSygN2VpObmnbJt1yMqIgKQhsDJCtNSBQpktErbXU6kwSSGUQaq3lNEVEqHQl0jYupQMCRECQRhDCapmSFAVAYCMTqrWTlKRUawkRUGx3pYsSkiQAgXEoooQUpUSUkunJzS0hQ2RmZgOkCNHVHhhbIx21Olump9bSGaVka0JdVxVFNKHMhiQpJFQiIqLkNBGKCKTmsTULbGEga1dlAQIJWaPTLW0DpRac2BECORQKO0UgCWPZtKkR1FLCoYgQIrBNQ6GQFEKZDQRSCIuAtBQhZTZnErLtTCkiipVuRgKpECXsDGlqKYUiJLU2tkwsSUDSnMbO1mxCIakURYlpmkJy2tkARQC1hhRAV0oIiFoVEaGCkBNEZhub7ZCcyG4kJhS2ABuceBJykK0pUUjZbIEbbRonIvquSmo2KSnAkkQIIWczIctIEWGnpIggwi3BNQq1IIciQhaVogjZGMBOSIAAcCZyRAQ1IiyTSUSUUktN7Km5qJRCqHz6p30KUCIkCYMzHaVDQGaznShCQUQJ2UgYRSAhAimdQqAAEQm0tEJSZsoSkoRozWQSRBQkEU6XEhhJKoGErRAgjBShiMBRI5zNjSjChEJhGwVOIlSIUgNLEFEUipCMQJJFOgWEsVpONkIRJRQhGQc4DUiKUtKJMzMjoqszwDSFZKwUImVUFISIIF1LyUxbKoCrikJTa8iGEqESAkuhErWohAgspLQLiiIoWJBggVCmDSERilCUip3NJRBSCBGlBDQbUUsnybYoLScbhRBumTSwUchYma1GpxqhiCCkxFFCTisDRZHT0zQpCMktjYMAS5IMiogo4XQ2JMZhPTZqEBECKTBIEUVFBZUQyKAIskVUQcsWERGRzSAwlwmmlrajRJQgmabJKiVomc40KqVECWM3cGKwo9YAFYGjFIkQNkU1ijAWUoDSZGupjFBRRASkUQlla6QRQphiT9PkTONau1o7Z0ubFLioSoGssBNQSJh0hgrhQG6ZrYkKdLWGQAFyNqOIztkguhohAQKTtdRSKkIiopQaqIClICyVsNMWSjvtKKXv6uTEtJaAitpkhRRRSoTCmDRYUjZHCCmdghKBhCSpRKiASdlTGtuOEqBpGCyXKOAiptYUEShKCTJtO1taELVikFpmLYVMnIgoSCVMGomu1hK1hBTVZGYTlFIiZNuJhI1wKUUKKUIqUpRQCEzatiEBW1IUhUt6nFpTNkWRSVyi1AhQS0cpiUMhZIGAUJVUJBlnJnaNGiVsMpusiECeWgIhFIKopYQATdlsJMaxTW2sEUhGmYmQQKo1AixE6WqxzJSJJLraAVIkmekohAVWgBEQBLWb9QJhQiohJAmMUQBkJqShlIhSS5TIjKiSIgIAqtR1Xdd1ihIBgALIbC0zFBGhkO1xmoBsU3Pr+9ls1pcSQDYi3DLTJqKqlqqgRAmFkEMBBkqpsiMqopSQyUwVIbfWJBkXBaI1hACJUquVSVNThDLTiW2FSikoWrZsk8GknSVCsiSVUksIAZBTywiDIpTGEEEQjSRxNpqbsysFSQjJbtkynekmQnLiUBRJtsOFaE5PWWshIkI2bUoUtQRgwGQ2S0UIgaPWKAVltoyIggjJCSBAochspBVFCIWkQACWRVFEBUQ6apSicZrGYSi1kpZUa8XNRlhRaikFNbtlK7UCyCEpJARECFxKEHS1hiJtp23XUhCGqpLGbjYBk1NpRUQpigCiFGeCZBJ3XS9JYDWS5pZkm5pNTi0zSy1tagpJ4QQMIJWQSgmQhKQogmZbYCQUAoyddrYgKDgh1KaUpCjglk0OQAEonS0dyBE4JYSilMAgKeyGZFOQSkQIQxJSkZotKRQGWjqRcKKQPdlGyG5JjSLJdiYRAUxTM7adrZGSgOhKtRmH8fDwcGqt62fG0ziGjULgtBCy04oQQpRSsk1Opcjm2hUgp2ZbAilUJEuaxtENCalIaciWtYTtllkEDkrUiBKhEjY5TpQSkiDdAghEMZAmnIlNdCG72YZsTVJIjcQgIddSJYFCka2lbCfGKCIkAZJCyjSiq7WrNSRCQJFCxU4RaZeIEjJgjGpE6So2UihApUSoRAmwQRHYJcK4hEARtYQs3NrUUoEVgUACKZyOCEVprVkep5ZTU1FrjhJOuyUhQFIJZdqSohSFhDNtjGvROLVxnPquk3CiUClCQilJRMiZFpSuw0xtzCmnafSYUbtS5ObMJiDC6dbSJC2NkWQQDoEdCgIS1BrpxJTaCcYc3FCJUgo4ImwTKhFRitLl0z/1k6OolBJRKCoRpRY7I+QEkJTYtu3MJlQiTEJBJHZrKJxNkoUgpyntiAKEJNmZEZLDrTW5EioqERExTVPakFObohScwoY2TRFFEFGCMkwDUCIopShqDTBQVcIxeZKElHZEyIGMsZsToiBjARHhlsZYIUUNyRjbNgjjTJcaEUhRaqkUl5BJLGOwqRGSKCoRKgKTxiCnDYklKSRQtkwz64ohrYggbYEJUKgEKsVpQykFIRRRQoEpJQQK2WCHwjZ2qUUqFjaSSEtkOu0gJJdSAtIOBViJBCoRKiGpKsiWEQpCgpCnjBCOaWwtrVAphRROmwi1tDEIGaQIDE4kEcbgTGoJpEAIJHApaoltp9PgFgqFW9ptsglJKgqytcQYBGADFEXt+hKBcLq1lmSNogiIEALbBkSmaykACkiQUASogAkiQ0UyUuAMXLtaIiJqqVIphULgzOYsQSldkM0QmalSSy1F0KZmuYQECcZgSZkWaq0pQlJmyzY5VYosImoJqxRsRI2CZIwkWkQxKZTZMt2gRCkRxpmupViaxsFuNpaKhHPKhFDYmQRCYAEm3eyUQyKnJoVkBRHCilJAAguBTCYlRJgEpdMgW7KksOS0jO2IUmoNhJimNk2tKIKQmFoiRSlkmiiyJLBMa1OmjDMdUUtEijZOEaXUglFECTJtEBERwDQ2AwJSCkFEtbNNY7pJwnjKJIVUAiwIBEIOReJao5bIxNki6pRNJkpgcBKdRIQyLSgCAQjZmdlCBeSWJVRCEK2loRSVUlQiyIiSLSNUooCdOLPraqldm6Z0OlMRgdJpAGWjFBRKywIsKRSY5pymyW4iHCpdVyOyiYBMIoqUU5ta2omJCBRFkkIqEja2SymAbBspVBQh29mahCVDSwu3tNPIdsMRcikRwpIgnQqmMbEWG4uu9M12ZgSl1C5qkoFMS4sIO4WdiiCiUBQlUFgm0zayVEIqqGVKBNHkQMa2S43WEoORCrIRKdsKpqElTUREOBNn7TopkswpkUChiABJKqWUbCksSRERatkUEUjYkkk3IyIKIONMQFKhRISlKATKdJJtzIgQgABBqBgnLgqVEMJA2qq1kwTOdLbMbNnSIlQMiDYZHCrCgQhlcxFRC7Igosh2iVqKQplyI8MCqRim9RglutopFCWcth2KEmFFtiYhBbKSxNhSZLPDQolDgWWjUBFp2S59CVU7LSsUKs5M00XJbKXUbBlVXamypai1NGeJogRsVEoppdqW1fVdLbWESi1SAKWEQrVEy8QqJWzcEhxFWFJEKaVIUAApRALNCiIiikgpJFkKIQR2JukEsGWrlCKBMtMQRIRCapm2S6hl2g5hOUoJRRShzCkTailSYNsIq0hEKknA4Gw5ZishTDqdjlCQEFjgnNK2VCQkmp05RanjMNSulijphiFkEI4IKSSQagjAbi1tN6cgCoVo9pRZJCLaNE05yRYylBChWkuohtIpKTIbzSkIJBlHhI0wEVJKxZmZ6ckKIkrarU0Yk4WICEuSlWSmQnYCCgWWiiRhlUAm3ZpDYSRalIIshAyOUoQy006phMIQoFCbsrUxpFJryynTOCMKNhaKUNiOIBREEYoIsAIbRI3S0sahMHYiVEqJEHbaoEwL2xCSsU1Say2BTYQkQFFKjk2SpRDOLBG1FjsxKRkUhpAIonQVq+UkbAiFkE1EEYEAkCCDEjVITR5lO41orYVkgxA2SruUUmshQiDJOKx0yopSShCSm42BNk1Ysm2HvB7GbNmVakFLUPmUT/r41jJCLbO1SYTAtpDltBFCzakEFCpJOo1ynJrTaQsMlCiAZLvUImwoERYkSACkFA5jY7WpJZYI1UwXpBKgzCStiJbNzUlKCkFIEJLtTBtPmZkGqwQWpBHyNE5Og4DMxI6QJLeMUiRFkSKEnCBjJJBlqURVZJokFA1LKIokQkEhkIQhCQUCFAQFWQgRYLCdCiKKBMIJsjMTC7BVAkBCQIQQESGFbCNnUymIAhhsNzfsUDEQZILTsqFlYiSlbds2IkpVlBJhbIfCEcKShEQEEQikTIwJOZ3FQqVW7KlNte9rqYSEsSKEEbIt2RYSuJQoUdXJaUWUiKnZYFsoqnKa0rYyVKMUBBZOJAWGxLbtVmqVZSxJCoGxIgykMzNCERUhCQS2CSlCEYHJdBRoUg1nOlEoFGnktAQiLEkRIOxsKWEwDslSiUClRIEgjAlBlKJIY2emkTIBcKaRFCGwjYokhFBIioiIWorSSrfW0k7E1Jpbg4iQUbbMTFFMYkuByMwIUGltcqZNV0tIbZpMKEK0KCUisJ1uaUNERNQEWqqGrFRDgSWkkJCwjIIoIRWJlADSJcJCEtiiFEkR9tQmi1CRkEgbRS2BUMgRODORrQgwoYhAkSYiFAL1fW8sAZpakwiQiiKlqLViQFFimjKzdV2dmm2ihELY2KWUBs40GYqGI0KE0k43EtNaGnelQiRIuJkip5NMW7jUSuaUTQikQCqlVNKSkASKIqk5pVK73rRMolJLkcIpJAW2RZRaSDuxUAkuq1FqFwILkCLkbG6AFAhBjbCRlJlOW2RzyywRJSLtllMpVVFsZzqlgtUVjNPISBDIU8sQUYswIAKMPWU67bRNlMC0THBE2Jk2iiJRJAkFFs6IglCUrlRJxsaCWks/mwtUAGfizHRma7IbCDkVEYmLZTlbUwRYihIiJJNWV6K5YdwMUkgoKMM0tDaFanQFEBjXEmmnE2NbqNROxk4ZFUUp0zQNw9BaiwjZoVIimjPTtpAyW2vNmcbZrIgoAYDAlIBUFAQKJJG2JE3Z3JoUIJNph9QwEdhSoHBmtqYSgUpXhMDTZGeKtIkSEqASkcZutgGQSkRElEgLsrVsRqEEkSTNKawSQqEgLamrFamrxRbYTqNaqqJM05jOEkFIxuFMSEoUhUpU42IhYyzSxpKSCGx7ygQjBbhlKxGJmy1UuoqZWstMJMvNKZG27ZCypWmtudSQAintWsMtkWzSBrAkIsLpqU3ZWqYJEABOjCUbixJhO+WATEqAIqJIRA1ZSJnpNgmls9lhRUR0FQgps7XMqbXWGipIQgihqAWTbiBnpiEzJex0krYoKkY4nWkTNUqpEWGwbWNsaHZBFFmKoGWWECqKUGbikObdrJ/12TKdEMLYAJA0g1vaVokkSi0hqRSJGrGexrBLrWCSKCFFpsc2ZTpqLaVirARMRigU1BJIItOGQOM0Od2Vmokxso1qlFKcpE1mw11UFRFSpglFRBCKhAApxpxCYWNDWhIREVxmW1FCjiIyM6KEyGxtak4bR8QwjAoAKSzcGpclLkglMEk6LbBsu7XE6TShdBMhIcnNSUaUzOZmICLSrRBpEOmUBBKAU6RdpFIqtShduxIRQk4iFLWEkEK14uZEErakElFKRQipVJKkOSEkBZeFUISdYMPUmk0UlaJa+lpqy8SZCJNYobCxI1RL2BYKRcqkSghny6aQIoSQJFprwlFKrdXYmWljLEVEazllmiyf9qmfElKaCAllmwzYlnHUKIhCdH2vCEiEs0kRKrJKVe1qSJZtKyIElm1QUYAzbUkGiCghudlGQpIMQgFGoZbZ2hSlRimyIkoEEcWtGYcUiqlNmWnbEnYpUWqVASPhFkSpVZJKCUUIgpCyNZUQEgFWAzLtAHVFEk0qUSMUwuFsktIpZBRyjWK3QIiWiWwpAAxYCLm1KJG4IGMRNZRp42wtW2IXhYogS5S0WmsYwrJam5CUphAqkpBaTmmXEhYyTo3TIKlEREgKSaBMW5RS1CwREaV0wiVkS6F0YpRCgJ1kNjtD4ZaZTYoS0ZRhQNjOZoNNqJSS2RCSRSCsVCpKsS0LAWIiSpDNmWmXCCmmNrWxKcIgI2GrpB0uKirCdhopGoS6rkOkMxQ4bdK0aYwIWaWrUsFp0sZtApVaABtkKUpgu2U6kVRKsYUklBinsdN2tkw3N7dSClFkh1QIRamlyIxtzJZ2RgSSSdJRhEEUFQkb5FIiM0GyVGSZFAIDEtlaZrNpIKe7roQCkagGUTqT5JSZkkvtuhLGEiIQ0zgKpCilRAjLcmYLUJRpmoQlGZUiLCelhEAGQAiJUJB2kQgL7LRtOyS3nFoTjogpU/bU0iYkyYmVVolsLYLMzAa0CIlo2UKqEQ55agpU1JpLUahEqKiUCMmBTAKSIiIzbStUai2KsbVpmhARCAFuUykVKcKldqHIKZEnt0KBiCiWqkJSCRkbldKVIuOIKKUqiCgGpAgk0Yyzls6BpIhQuEYNhZHdTCLjlMJyEHIqZNKZdioCZLKWkplOK8Lplg2kkDNr6WpQFAZL2VIRRYFUokiymTJxloiWFClJrObsIqIroXCmSamUUhSEJMktq0AlW2stSy1OW0SEwKSlQhg17JbNLTNLRJQIlamNTlAQUoBRKCJKRKgYRNie2uh02gJnTi0DQrEexpzGbj4HMjMTjEREKIpsAqHMppBCOUI4pKkRIhShkrScpmEckFsSEaFQhGxjJxIlChQFWGSqqNSwlc5MI3V9te3MJAU2qDgzgq50UaUoY5syW6aRxnEstdQQiqJQKCi1KEopKoCzkdi2AMlW4NZaS2ebWhPU0nW12jbuShel2JYZpqHlVELZmkECRWKwCeSiglCEFADY0Iax1FJKAZAUERLOCElShJBsQuFAlCigEoWinCYUQgqE29RqhGXsdIKlqBGKcDYhKVAAEXLQWjqnNM2NCAiRtUTaLS3TMtvUkLByasgRpZSCVETUKtwySROUiGxTa82TS1dqiQTAzV1XMhPTssk2stPgBGdERESgiGI8Ti1ELaV0VZAtDTYlVEs16USSDAoJwHZEWITCdmtTEVKUWmotIghjAWmXUhSBVCJKhEBSlBCBwJpyIpFQKKKUGkItE9tYEVGkQCZNZsOUKAQkCMkRJSRM7WqBzMRRimrpZDdcSlSFJAJbabeWYOy00wZCJQEBYTsACJHZQtHsUkuU0qYmIFAKLFFKlFKKAuc0NWeTIhQgjE1zOtN26bqIsBuWIaoChRW1KiQCIRQl+to5EBK0zMxWI6RiGWcmgMC2TITUhVxwSooStVZBUSBnZgNsACtCpZaQGiAL2S6lFAoBQVFRCASkLclkZiuK1pKEiFIiW6sKItzSVmartaJwJtgCp5DlKEUmkyqswFlKyTQmSkQUGYnWDDixjEHIStvpTEtEFMuIvnay05mZ4zSmW43S912tNSJqqDmdLrVIkW0KCVSwQzk1IwUlSpQoIQUlSi1FERjbESUz18NoOdAwjghFZLPtaZpqKUmKgnA6JIrkMDJEKRUZnO5qmCif9qmfJAATQdKapay1ukk1Qsop0ylJCoRAkrHw2FqpITQ5Syltaq25oJQVkk0JEjqFsZBAIsOgUO06O20pYpymdNaIaRybHRFhNxrQWqaIkAhQkk7XWpGESYNtEJIM2TJq2CDcpuZ0IgUp1aJEEbgZRQQlcDggnS0F2TIKRiYVUbpSVIyVaZQkSKFAiTuFFK01kKGEnCYASilOpxNMVAknCkp0pRaQTdqgUqIUCZHCmbbkomLbLd1a2tM0jeNUopQIKSQiigQhJ1EUqETYhCQyjapEadkynVNDGJcSishstokCSLIAigLJmQk5pVtGrbVEs7JlFBlaazYh1VoBTCEyKFFkUGJjZ5BtIiohJEyEMg1Z+66EpChRimhGUZANGEmlFAIEkHbYmKmNza41jGQJZaazNWdIIWwrogiHsJFKqcN63TJrlMQR4DA5DMPRwUEthIIoSgs5rRIhCUWNnBKhUopo2cZpFC41LEtBIkkRSImlIiSyRI2IxHIoCAUK0raVREhFacs0t6JaQpItKYRTSApJIVlSFClwGjkdiBKCzEwyJCmctjCqtUQEJEgRFIVdSrEssBA0J04RxiBJtVQLkrQtEpPGti2RTkWpcjogSy2S0rhlcwZKSxhKFFQiCCsliTKM62kYa1eNIqKUGlEMgRAgsCRFCclOMC4RhIpwyzZNTRGBIUwLaXIOw8p2icBGKIDAKFRKsZzTlHYCkhQSwgluxiAwQrYlZ8puiY0MGEkphWnOzFyPwzSNNiJKKSgymy1ERGRaUoRycoTsDIXJZoSxQ7Lw1AiKZMsSBlGihAJny8ycMo1TJtKE1qtVZpOiVEWEomC31gJAmWkQKZF2ROBIZVCikzBIxs5MQNmaMRG42Q6VWqsk27aJiCAihHJsyFhgIdOcDQrYTpCCUkooMpuilFrHYT221pfememcphEjLKmUSuAUIhQtpzZNYCkklapaKkICa5zGKbOrVQLTpindolQ7DTKSUq6lExgAp6c2lVIiotTiTOFSqxRpGxcJWK2HUlRLj2gtJdWuyi5drVEoUaI4ybTEZVIJBVJEFFWFiQgDRIBBUohaSqk10y0nrBIy4LRzallLCUUpKhHgzARhFQFGNhHYZCYtM2yHIlQoiUmHAtIuyE6yNURRlIgk0wYkSY4UIYHDoAhZChWFbCIC29Ay7SYVDBGZLaQoISkgIqKUIgFtGoBQiQhnUoSptQaKoigVZ2YDMm1SKlIoaFOzTSmSu1IVUaNEKc3J5DqrFoCQQkjZWqbTLn2Z9X0bW0uKNLlN09TXGqWolKJII0g7RY2IQmSMbbBdSjWQbtmMimTI1lprdhpFiQhBNDfM5JzGMU0gQShoTihByyYEClEiJJUoFm6GTEF6apMiZt3MTqex064RXde3bOM4Kl1qIYRlpyRwgqIIKNhpQCIhoqhkZrbMbBGhyIgopUqUKLUrgpxSIQnbYYVIC8hMmRKBLds4FAoJhEChsNwygSjhZqyokpjGqYRLFIsASSEJbBcxtdZyCkWEMltEgEPYytZQYodCElKS2QwCHA6jiGzNQWRMOSlAQpJlp8GORsrGSZAIZ5QSJZyupQsh2xGQUpHCMgZhJ0aKCEkxtoyiiAA7bWMpLEpgDGq0nKSIWpwpKSKwi0IhhZpTlkoYkZmtYYUwOY5NuERQokYQcsNKW5CSRBoJQpJIG0hbqJau1CqRtpuRZCmUeBjW49QUYEACA0kIY4wbiFqitWYrg2zTME7T1CJUo5Ra5LQUQlKUUkpIIu2cImoEBG4okCzU0rIdRmBFdfnUT/nEiCKFnSFFhEUo0s1p7FICyBRYRQJFIeQEHARISMLNzpbOCEWpmS6AHQosFQo1JDCRoaJkzCkQ4WlopZQS1birtZQKWAJHKUUBUCOkgkotUUsxioJSKiadRhaKKqE2TRGRzVJElSjNLoKQAGSBSdut2YlRkCbE1DIUtoUCMrNlMzgdINSmJhWcVhgHMgZC0TJBIhTCEpJkOSKQpQgpW2vZMluJIpDklGUJRcgZKghZU5tSqiVKlG42C6mUAKUdUikFY2cgC6ctJEmhKGGlW5saZImikKRAaUuyLKdDoXA6AkWkUxFFKlWKosCWcIQiCiJUa4gogpapopZky1I6cLbWWrOQEMJG6iOMkVRkO6IUIqJEjbTTLRRSkAYDrTUJUKYjSVGiNEy6lFpKgUw7MwUopIBEpQQQaUNEhNKttVD0fV9rZKZtZy5Xy4P9fUqNiK5WQlGjlBKIEApsMCEcmRaWSCQiCMgoIQTYzrQIBQokNQxWBA0JyU4DpRQkEaVElJCxEpSA5UwAuUSZsiFpMlKEUECEZDLTxhEqKqpFkIkQsk2RkGxKCINtnImEkHGJEKEaTuN0esox07bTjihVUWrndJKKKFECiKpwjZImM51pU2qJWrsoigKOEpjWrBKBiJzGJNR3nSQV1Yj1uM6WESqEhKICgtaarVKKRERBkmhTE6iEkB2BbNcodnallloT05odXS3GmQlWhJDlnKZQGGe2lumW6aagtYbCNgDpzKJOCoW7KBKWsjWF5Ei3IimotYYFIEDYJrHTaWdEF0UgwHY6A0iiKwYb27V2QsaBQ5JIu2UCUkgqpdRaKaV2RRE1ooVkSxFgq4ai1ijFyNkkIqokY9LNDROhGiVFKIQQEArXKEKZrUYptURUjG0kC4GTKEVCUspgc4WkUMhplahRLYOlqBFRCzmZUEiilHAmppQCZMpMoRIFISuCUJFxSMYlKrZThIqi1NJ3s1nf59SIQBEhLgtkWoSKikKSbXKaDE5KFNuZiY0iMelaC/aUTRGyVBQ1SGMn1AhL2DZkNjcJiWZnS0WEsBzITowtJDklRa0RGIeilIpobhgphmksRU6a3dVaai1SojRAKCJCipBsnOnEkHaNKBEqFFVR0s22JDmjVAWZ6UyTXVQHsowgbUlKZ8tWazV2ghAqUdI2KRmT6WEYJCmK08YS2YyJKFJQnFaERDizdL3wOE2EkIsCVKKkKEKhzCylhNRagrHAhq6GQmFEIEKFcEsw6ZRFg8A26XEaBaVUowCbRoqUNLWcWutqjQhhuzjd2lS7UhRTm3KywwIj7JAU4TQK5JDa1No4InW1iwgpmlsbJymEVdRFSExOSYTItKqEwNlSOJFUIpASrAjhtE1EANlsYTlUopSQsrm5SVKJTCSHBUSUaWrOhqQmCVRCRhGQ5DTlOA619hERUUqJiCilRAmhaWqSoqsYAWC7q7UWTVMSAowjoiudpDQ2CmSsDAIpnYHSjhJATi1KrbU4JEsRKsVpBci2nGkbMARyYrtlZloipIgQUaIAMhEBjpBMQ1i2ZbK1dJMiWzqdTjePYzOtr51tRY0IbEXBsknbOUVElBAy2KZQkAhJtqUgU8KKIrBthyTJECHCQjklciMFJQIkGcAoSpJOZ6ZQhEqEsW0VRalpZ7OxQYQzKdGmxJQokEURNUIFyMw0OY5pSyoSQha0KGqZ2aYSkdlUNK7WFy5cmvdd1/USIZWQIkJKpxSKiBCpzBzb1JWQAqh9N5v1tdTSFRCiRAkJqWUCEUVFER1ColCESoQFtiRJoVJqJxGO8umf9qmS3QipOUNFhbTTkKQTpFJkLAKlU5Ap5BKhUJI5ZWs567roO0mldgWBEYmdNs40IGFbxngcx8wGkl1KIRy1SkQpKmE7QpmOohKd5AgJUgQyjONoExEAVimlRJHAALaQIgIBFlKR0zhBSSLJpJshRCmllmJUSgkpjcBYEbYDN4xdamdobUo3KYrCJgIkAKvlpBA4QsgO4RANhU0EmWlQhLPVrpOUztYm287M9DjllA2kUImIElYhHYIogD2CIorJTKyGMRa25LQEtoqQMF3XEY4oEsZIgloLjswMSSE3WqYzQyGgRImSmSGihFtGCSuwVZAyjUAyOFQgsS2cqASWZIsIEQG2Abpa1sPadtrjMKaNQoKwSduhgiIQFthu09QiQgZJEbJRSO66okClFBU7AaEE4xAligKKaukIiTB2tikNcerUqb7rFGSm7ZAUMiKTtMPhiAjkiBIKlRBKJyIkUHNmpkSoUBxoaplO0qHANNKZLRMhIQUWkUA6IVAISy610MhMFNglSkgusimS05axHSJJN6EoEVJImJYNg7FobTLOqVmUUp1p3HUF02xB6Uq2VEREkcgE23ZEkUJSOiNCEEREIIFBxs7WWlPUrlSw00kakEoUKaIgwmQ4+lnfz/qWtiml2JqmKRQtc5zGdGKcaSlbQwKl0wBSSESUEsjKbI0gImS6biap2YESRRGWZRBgU1AtVQgFWGDLQpIUghKybRMqoaJCRJQohIxJFEhypFIRJUqRRWAcKpIU0NxwmNJVgbHJEiWnlJAKSikUws5MQUQAEdHc0kSoTS2dwNRSYCihTLfMUJEhhCRoTM6IMJCZoZCKyXEYFUUSqRChSKeajJEhhBWKiDa1dItSWvPUxihFCBsygczMjCgEhRLWOE1pS8pMbACbCKF0ChthpVNBVyuZjgCVUkqpoXAQCClKsVFRUYQUqlFKiMStNchszTgU47har8cISSoRObU0Xe1LkRMAKULZMp3YUSIiANuZLl0RZRpbkrWUbBkRKhFFoIIkSq2hIKJlTsOkUuw2Di0iIkqEJAlPdhtHo9Zay0TGEAGWZRTQ0nYbxwm7RmeylIpkgxShUGnZsk2SuhLG2BItUxJWiqKIQokgilQkgySFotSghJuHcZ1JQEShRJtyahMCU6oAMCikzHSmLIJQYLJNioIkAw5FgEWJEpJDzWkcgFGIxGSoSEytFSQjFUkK7OZ0a4nTjiInqESEcEaETbZMZNzaNE2TpUwkW5QIiUAIoSaAUktBEq21aRxLKbWrETVbiwhJJt2SbHYqIig4LaUJKKWUCIElZIgIAiGlHCW6biZhA2RrEVFLrbWWKIRU5BYKDAqFkEIRQtgWtrFtApeiIFJERIiWBksRkPbURlBmhkJSqEgKSQHIKAQgsECKSCiJhTM9DMNsPislSimAU7YjQirOlKRQhIoiQs2YTJAlYVCEAtBESsi2EBBkI4osFUDqSiGwUwpBcwNqKZmZ2SSkwA5H9KUvnSKKRAjZthUlIqKENKUzW2s2LlFLCSmm1rpaImSnSomICEUEdjMSERG11FpLqa0lUglCEQrbrTXhkNJEFIGJbBNpoRLFYCzhdIKlECUKkkKgEopSbIjAFqolJKWzmSgEISkkoCgU4WbLtVbjkFCUUgVtGqNEraUomjNKyDjTduIIhaIgiwBUwkx27WqgqWUJSWRrrdm2FA6caWior2WxuSnhtNHUGhAlsEyGAhO1TG0sqiqhiFAIGTdbVshOYQskbAkQCmHhbJObDZ6yIXVRSldR2JlYslH59E/+5CmblSUCMMggYSlQKEo4bRFBy5xaImqolE6hTMtOGzmiSmSb0jYIO4lagpCwINNYGEIQpUQUyZQSpYQiZKHWEjtTciJCRSIzcTQ3t5zaNA0jilor2EBIoYhwImfDgghFSAqnCUIaxjEiCNNMRCnh5swspSChEEbOJFsqkEzKpKRaokSRShRqVIISxUqQAkmy0ykAGSRaJs0C29OYODNtu5QaJSKKxDiOQl1XW3pcj+CI4mxFMkpcVNo0pjJtT1PL1qamEMYGGSJC2UwUp9NNQiUkhbHTwiZt7GlqUSJCMjJRJMmZxpIicHqYJmfLlomRxnF0ZpQqO9vktCQRishMpwXT1AwhRalFiijGQSDZCKlERTaZmelSsEEIAKdFRIiQhDMNklprUkhSSJJwKaWEIkpmKoozCSKKpVIC07KRJA6BJNvpNo2GEoUSfa19V6KEVISEnU4brIjENFQsJARGJp2k7ZAMEiTIUSQJk7ZxKGqt2MilFiyZWooTlUA4c5ymiKi12BhqKelsLR1RSgCNJiKI1qYkjew0LrUISZKwCUVmtpwiakSk004iBFFKWOmUBG4tmzOkCKTI1oRqrSEpVEqJKKVQo2C3NFKJYoxJ23a2tB0RJQoloOWQzWmF3Ow0CKNoU4siJBu1HNo4TVNINkWqpZYIbEmKMBkKUIgEt0lEVAlJkoppmdguUYQVQQgsk06EjIgInFYJpVNMzpCiRESAnFlLlFqchAgVKRTUIqLKajS3bEk6sUPR2iRHFFlAIVwjAEE6baJUCZuIyLRtQLJQKcWQ6UwnYCNKqBkSQpkEIQlo0yRKrVGlBCFABtHcigqK9BSEZZzNJkOVkFpOw2roulpKUEAyJsPYtDTYCCTw1KZ+Ng+hUKgohGRnpmopirCxm1uOrZWiUktEcVoREZKU4JaSIxSlZGa6hVRKJTRlUyZimtp6GgsOhSICt5bYEYGxkwg7jafWFBLYzWbK5tbSRFeFkIRqUekCcISF09hph4qQEXZRhEoUqqrlWiKK2tiaMzMRbnZrzc0YkS2djlBE1NoVAQopJIUkJTBNhIoqQkYK2VZKkdiZlo2zgRyKCFAJiCgKFUXiNjVERI0Qwi0tQJlWiAictiMKyLZkp5uzRJFkexynqY12dFEcAlSK7ChFUkRBAU1SoSSEgihFKJUSAgeFMC0pXRUyVoTTlmQk3LK1yShqGCfIlpGkCCRMkgXSsiybiEDNDklCKDNwImFCCmim1jrr+ijKTEwQNgTZjFRQhKSSrYVKdFWhlulEcqmlRFGELCOEJUkRkbKwIrpaiCgRlkISgARSEYBLrUWaWks7IiLUlUg7M6NEKLKlIkFCpRRFmHSmbaFSCgY85SgVHMJOIiIzna5d7bpqSfIwjLZns67UUlQso0gnTpWitCFUICOKM21L1FKjFmcqaleLFJajFJsQochsmQbX2gmrVOFpmAgXSSHbTodUEODWyEwTqZYt7VqDwGmhzDFqLYKIEHZKpUhJkk67lGK7tZa4loioCpK0I7OFVGsFxnGyU5alzAlbJaY2tTZZYOyEKCEAYQJMUKJIgFUknC2xZVmkBWkMWaKLIEqk085Sq6RAqRRBGEKhKAIENiohpx1Opy0UqIQkKUo6wUJSMSaNoHnMBjgIRRRlwzjbRCjQ1Cas2tVAIUKRWCWKIUKQyOl0tkwJFUrUImErCKLZzlSpISsUROISESa60tUiyxDCdssUqACaWlrGRsVAMo2jMSFlIjnbODaslokgQlKNAEhlNsQ0jmlLQRCESpWcUwLCoSpRPvmTP9GtCSHJCBJhK8ApQjIOcEQI24RUomRrxjLG2P2sx4SxBEg4ycwakUpPGYRlgSIkSTIUSZKhRGAyM1szmZnChNo42WkyIhBksw2gULjve6wSIUxmWghsgwTCRm5SRK3ObOmu7wNSCkkE2DgkUaZsQTgzW5NcohqmnDIJRSmFiJwy04ooEkIoATdHSBgIcZkURhiUoAhlJrZCxQJHhNPrcd33fand1Eap9LO+67taa9qWuyi2sUspoZAkJFEUtp0ZUKIYA9AkFSKdIsBphyKbhSJI25DNQArD1FpOLVEp1L4LhSQp00hEhNOprKUCmc0CSSadRUJCQooIkZmtRolaQGAkCeyWGXLaU7ZSIkoRhiglMIBEYqdbS2cDRWApVBSROUKUUpwYADsTQogi4QhaGoOMUQaSQralEpE4FAoFlCijHbYNgGSnUIkAIQdhIsl0WukGSChCQK1VsiRJtjMtqXY1SoBKhBSSbBVBhNMqEs5sWEghbJxpWwqByUC1hDPHNoUsFAEqblmjRKmZKQDa1CLAqEgOhRRc5kCKAsYApZapTZ6ylFqiRARWZkqRZGaGQiEiSkTCNDWcERpbM2ksDMpM2xEhCRtKP+sMtYQUUgjZKRuhiKglp8miK8VOo1IVxNSaIUIigADjUAhJiigREZZxpkPOdJLFOFtEUSk0O5CQJGOIUMtmCKmliwKy2SUi7CSFoxYSZ0apUaszS4RNa83kOIzNWRSlBpaK2tgUERHYAgmnDUm2ZpwhZWIckkRViVCmjCKKndhCEZIUSAoMcpFaaxGBnZBpcKlVRCkCbEsIR0Qp4UybiKhRAEmlRjhwBqV0tdaCCqBUSCoCmyiKGlIVqbRrjSAUpUSFllMC4MysIamAJUUtIU3TiIlSJCFLyJIsRWspqahEUakVVIqcZEuiCDldDCXszKRl2ggAu2XamSFhGwJFRFe7Wopx1/XzWc1mBOlSi4hpmlq2kKaxZU5OlxIyUailKlAUoJRonmRFKW3KsQ1RSo2KopYwRCgdzhalYIciIpCQIoqQobW0LRSlGFsOlHbtSkRIoRKyCAVRokSRVCS7GaXDJLhlpnEJhUJYIRtQBFJIBEUYICWBMW5GICNCQbbW2hRRIhQRCJCN7RChEHY2kIVCQC2BDTisFFhg2VCFREhGEtnSadvIpGyXKLJKDRtQsyOUThSlhKeMKJBBlFIkGWqUKJrG5rRCgSSVUgKs6EqJKDJITorUbMHU0jgibAskKyIUmTaQtlNIKhGyLCEFlzkTEQqJkOx0a1PaNjBNI7akbM22M2upCgkFtpTTZEVrrbUMFWGHguJsthqZU+bUsmVrLSIkBAo5BUQAcqaxUClK3NJkStF1pVSFivCUKQlLYENLpBo0G2Rn2raDElHaNCFqSAq3KRtpB1aUlobElpQtbWdOtqMWqUiys01GBiFFiZAMIaVsGwW2nWFJUpRsabuUAhGKKMIex6l2vSQkO2spIU1ja9PUxskI2yQO4+a0U1KpUUJRSqLMlpOnbH2pCgVKEjQMo6GIiFqjSMJkMzZEiUCoOhxyNhsrIlSiOWXGbEaBnU6npySkJO0SYZStSbLdMqViNwURRVihFCA7DSJKqYKEUqJElRBqypwmKUKBaW0CIaRAcmYoWmtIBidFRhGEJbLZiS0AiLBzai2TTNue1kOpVQoLjCRsSaWrYKcNpUgRiigh2wAiM4FQ2AnObDIilIkARxQbOcGOEFYENrLkKOEEQlCEokiIbEnLMZBCEpjyqZ/ySVGEiaJmZAsnLoBChWxEKEoRQtRSIqI1wkhqHnOyBCRpACHJmelECDktyZIkpCKBkUJCQTI14wxkpBBQVBShKKGSZCYhRUiSHKWolFAoiOamDMuZdqbdpswgBBgFmUmoONOyW6iAIkJ2a81OEaUW29gtG1JEiVo9JaKg2lVJOebUpszMzKmNEnZLE2EsG5AkWqZdSykhSbWUUso4Dt2s76Imbm2yMLbtTEytNbNh+r6LKC2bbaESRZINUUIqEYRERCm2o8gqQNSSU1MNHIgoJQTGorU0KEg75IhaikDCpYQARahEhAhwa6QTR1ciogoJulKMbJcoxiFFhFFILRNRihQq6gwSmJZNKKSpTdmahCl2CgJJtNZQCKILJExrGaJEjVAoUEzDWqhNLdNdVwUOFcmym1UUKDNbNjKNnbYtqKWLCOOIsGmZIdXSScIYbLI1UMuWGEWpRQqDoESx7JYBmDRREDJgwNhEtGFcj61ERIRbmlA4G4AQ2BhQhNvU0qFiuSvFOA1pCQtQiaIQSIqIiK4C05RAFJBUQk7EOE6ZKdWkZZMUZHMaqZSqUshJilo61ShRSpQoJSQbSXYqAtuJ0g61qY3j2nbLKadGhIStwJKAiNp1EaViI9mZmQ4VhSUJLLCTYWoliky2tB1RkJzGDpVUjtOEQgqFokSJYiNJQpIiohQkpzEISUUlokQtJQK7ZdqpNGApIhLjDMrYBtshRS2eEpsotqMWkpZNEZIyM3A67ETOpKsliCglSmlkUYlaAgMRxXZO2XIqUWxjQiJCAoUzo4SlnDLSUSQBhIrCQUTI2DaSJBsjwHZXayhQlghCw7i2hRKkWgROGyNKKYjWchqbbQtBrSUiBEhOp5sl4ZZ2tlpKpkkI2VlUbCee2jhNqRIRAcioVGcCCtme2iSVtCWcE1IQCEU1aUmWyEw5bWe2NIlUSwlSJaIUIYMyVUK4RAGHQqUEGNt0tSLa1DIdUbCHYZ0mwm6CNBjsJopKcUtQlFKigHGs2yALZ3PSWktFLZYCq5SudiUUiiBUJJUokoXIls6MKMbTNGKrFtyEhBRk2s5CqERmCwmFJGNwiZIQQUQIhLJZCjASRDpDqqVLCWdmYpUSoZAiLGQLTEQoSulkh0DQADc7ckoya1ekUkuRlbSIMk5DKcVgZ4Kx0gpJErIzDQpsBCJQpqMUSREVeRxGIrpeIOOQFZIinVihELYTCFVFikgnIjNVKsggSzVsjEMCSqmttUyrhOxMZ0sCrCgRoaBIauOkIkFLSwIZsI2ZMmp00Ulh0caRlhHFmQqiFAyhUEQIBNGmlk45QkEopAipRGZLU0JOpxNk7EyBkVAUEkcEzQQYWiZAllJDJUoJMIACRZFUWmtuKYgucsrMDEkRERJyRjoT7BYWAhO1IEUpcoSKCkEglxIAeJymomIMVpR0tnFsrWEkg2otikgSk7ZCRTVKGEhaTs6MEmmcraUNtRanJEWolBKK6BWqCmebhnGapjGECEQ63SwBluR0ieLEocyUFEUSdghLFJUogQGkIBUiQrWU2nXGEhFhk2nJUoSihFSq3WwrQgQCOSKKKsIGiBK1VNvZWkQUETA1h2UlFs5SI1CbWtots0RFEqohlRIlkGQk3Nxyaq11pYSUaUXIiUjSUpToouDI5nQjKKVYQVqZpVZCAqMCCtK2mVqTbKMIFBERCmMcmWlRozSngq7vLdo4SYHbNE5I2bK1KZMS4RDpBAVdKVIpUVCVjQiZkEypJUotNbCFMi0FdpQStQgF2M5MGSSlFAJLjqgBdhJht1BIYZwJqHz6p35iOFQiokgqEQjbEQXC2VpLB7UW49bSVsuWTgTC6Vq7UqsibKZsTiIQEajW2rJhG3WlSLbTFhJuELYNkBKKgiwpigylVIUi6EpVRNoKEQFKNyHAdoRQtjEdBBEq2ICgCaUURSZKkRy15NQmT9PUhBURCgqo1CBUkIuKQk7SGaLrulIKKDObsytVku00KqVECCmESVsgVGoBbIEDJ0aUUoEo0UWVAlsRSLNZN4xTm1pXu4iYpimzYTuiVNk4HQHCFqaUyEzjElWScbYpTUQJgZGIKBK2wmG5lpACIxVkcNrONJZKyEBiZ9pZSkFOKFFQEMaEIp0RBWct1dBay8wS0VrLtJuBUktRSdKmqKiUIJoTqxRq7QyKSLdpSkxmkhCSIYhSkRPcnOlSikpIql0tpYREJkKGkAHLJIBKiYhQay2dITKZpjGNCsWhGmRmy1SQzSlkRXE2qZSCVIRJKyIUFs5EIsIkScu0U9DsqbXMNrWUW6gQMrYJCZRpnHJKhUyDImShLApCSqFMW0GJishmm8wECIoCAXbLKDVKaW3KZhQRsq2IzJQkEkklIgqBbCPbSYaYhqllSoBCoLDBbpnGpUoRkaCSaUVYdLXKlKKIkomCiFDIxqaEogS4mJCw0xI2RISQyVoqYKmGbAtZRpJRSFgqApxChBAIkDOdxk0C1JyyTIIwxobMDIUioqtFiighR+laDkrVWm1aa6VEAqSiYFBmOkp1NiEjKVtmGIUUQtFaay0FzVkVKmrNdqoosYQiQiWEQrLSGUAECExIERLG2Zy0UKgAIt3SpWDT2iQFQChklQJuTkEpJaSppUQobCwVKScnxhbCVkRErTVaJiJb2s4EWU6QJAVpQrIIIcvIza1NmTaEcLY0FioSJuTEyE5hhUotNoAgTUiCkKKGoKWNpaDglqEYpyltt0xcpKKoXVUoLCzk1mjjqAgpkCGcZDbDMIxjazmlhKJARu1KCewoJUoN2VLUKCUUpYjmJCm1RhgbSQrbApXAzqSlm1tmorDTdpTAJE6szLSFg0g3FKXgULZE0XU1IkIKyYZQRGBPQ0vbtrETMAJTa4lSkWWkImQ7s0mKKBJpWpsk0jlNDYFRICEVq03rYWrZWlNC2DYlolQRIAVSlIiICMkSWFHAaYsimtOKAqaBWomiEnbDKGQwwilFjWIEVokSRYRKKFSiSGCwFSLAEaFSSkRECISwXSIMIUtCoCI8tVQ4IhxKT7JEcJlCgMXUsiuhCBHNTYCYpiar9FFULCLk9OQEZCaaJABk0s0qSpM5RUTXFQxqUkFWFKcxJSTUjAHbhErQjFJFkpQB6UwpFGQiUWsRRClgg+0okkIK48xEQsp0pkuJGiUi2jTajioQlu0SESoUBBaZLTMVyjSyFIqCnJklaigQIEmItBRgVIUkcDaSUoswMLWpDZOKohSV0tdqCUinJCzJgiihKBG0lmoyLacMqUQICVFSUiiilDFHEKaNmW4qUaOGiC6ANHIaoVBgG1OK0i41nJaCCGELG8u2ayld7RRCQmCMc0rLAMLZbGxnprnMcto4ikqEKQ5FiCCiRomWWSMSR6hECQlFF1JIJVo6iIBGAxFqaYmIIsIiUEKbJpFCWEIOSxCykSQcURAtHQgL5+TWUqWQaUCEQjiLZJGZLTNzkuhqjRLCpRSVkCkRChFSiVKkiJZZJMuSRBKQmRBiysx0FGpEIkARUTrJgCIURVKETEoBEgKkaG5d7SZna00IKaJEkDaCbEiBVIqkCCnQ4f6FtINQYBsjKRRJjtOEiRI20XJyIs36ngi3ZltRCNp6cIkuikJtSgEBmZZIWxrHIZvnfWcJmwAki4KbAVsR2ESAwtjNgKEUgSEgp3ECRSitvpSUnSBwi9Kls40tQpZJSikt03YJRYk22koZRWR6alNXaq11mlrKBYQS2y4RyHI00s5Sqg04IK3MSaFQaZk1OgnjzDZNIw6TtRYppMAtM6QsJYyas0iGzAwiitIpM05NitIFGWDITLJNtXaJsSXVUls2SYg2ZYRaZkSQxlYNTGtpOVuTVbtqWyBpmlqUQkACDmlqrU2NQFJXanNiIacplKgCMltE1FKBdHPKboqQwtlESU+tZYRaa6XUGpGBjSyRog45hiwCFJJtBZlIAOlEyAFpIWsaJ8tBiS7CtsCyE+REBdKlFEt2hjVMk4IakUZW1CqcaZNp2ylCQYlq45wsZWZrY9/1QhaKoqlNaRVqKdkAI4cinTkZYWXaVbXlZKsoEJbTFJVsY0Tp+35ogxtRyEQiomRrQrYjBEqlUkDU4kybaRqjBBLObFaUGiG5JSGpyEmbJuNSoqVrCSSZYWolqKVa8tRSlkII3JpRBorQmFkAghBphM2wXkcRMJstxmlwI6qkwJBNtdopFCVETNNoLAVGMiCkiNZatoaUdikhy1C7rk3NSkxIUrRskiQBuCXKqSGkIqm1ESgREUUSIGGr5YSdJjNnXZ/kNDZnZmapZd7NUhY2oCDtbEQBZzYpjLO51mLAFtGUgSEwgIRCsjKTkO2uBGbMFhRARa1NQUw5ubl2HVgR2FbIOBsS2E6LWirJ5CZLAgk7s1kRxqBQWKmstQLjOLbmkGrpVOScbISjq7IExq1l4oCWdrMKRm0cMt3PZyJErlfrUkrULmQsScZIUdTGzMxSauaUrYlQjZAArJZNIeFsWWuXTkDIJESEBFIYjEnjtLFUiqSYptFIgBUhTCOdLoqmls0loihchG0jK52g5laltAivVuvFYh4SaUtu2XJSKFRDESEV2pRTa1GiizKOY9QiSBsjyRgkMHazpChRVIwR0zQqirEcJiUVaWxN0NU6ttZaqyVsTdOUbn2tUiFkkoZKCLdMKUKR2RRBouJpbJAlqrEtwlKRrVJobZgmS32tbRojiiKwbYOFVIuMjds0ZYaQikoEILVpymxEifB6Nc0XM0XJdDgJnEigKhl7zFFEIZANshoZEkYSOE1EyB6nKUpp0+h01FprDRHQEkM6lTa2FCFbdkYIy3Y6IxQhN5CsFFIqAZmWiUutErIshQBaa3aGwsIgBBbYwk1RMjNtBUFJpzNLhCFlmxpRI8axEYTCmdM0JfRdJzG2LMiZ1CAl2XamVQhKYEM6UZSIzIYEai1LLQGAIVuiDBXApFSM3Vo2S2Q6M7u+SxtUS4SU2MZOSZnpliqKKDWKYRpHFKUAsVot017M5hEBpMCQljTlhCkhFKDEYWyDVSKQAdtAIIVbIgFOo2zNxoFAfVeB9TB2taiWnCZnRtTMVEhiGEaFkKoiIhJjS2qTrRZUwjkloVIis2GBbRChiBpKmokQacK2ZBu3dC3FOFQyJ1tOSkdAmtYsWVHAbrbtMA2EIjA4wYYaFam5YZBCsmnOEoQK6SwqhO3MhIxaSDutUkICMpskkJ0go5yGTJNCUiEipnHq+r6UGKYmTLM6hdXc7BKBpNYSu5RSiqZxQpG2UInInCBwTmRxRBVCVMK2MZnNdik1W4sioWxWkY2Q5YBMwDgVRRIGMDhHopYaah4zI4Q9jokcImopxDBOEjVKAqRxSFINMUwtimTJRiJE5jRNKRVJYKilGttkTi0tVEtEdFJL4XT59E/5JEy6YUQppYRKo9EskJBJrFCohEob19PUhIXsdGZRRBQ7QeDMhqWIoiJwZgS162p0aatGqBjbDpQYKSCRW6PgdIlSIhCCkGQyE0VrtrNQur40u7U0GYhQUQELMEVRVCQURViqztbSEUUoSgCllohqOZ0hZ8vEyDllS0thSLurXYmwHYpmCwthEpcoIU3ZcmoEpZTMLFEiQgqMheQ0rWXLdCZpK91QKEI2RMiOKJIiwrZCAkVIYDIzM5PEmQZbUmZDErIcUSKKnZJKFEHtu0IoZIMyVOzMNpkMRUTYJpBKjUgoilqKcwrLQSmRzRGynXbL5rQzh2HIxNnS2KkSJAp1taadmZipTdggAmxLWAoZg7O5tQbYWRRILZuzQUGUkBBhk05wkVRrTSNJIZAiZLI1A7YiQiQ5ZUZIyGRzFpVaQqFAmQ0yUSkCk0iSAiSaokYfNaKlkREgIE0pkiRUaycpStg2VokSoYiQkZxWhLMpFArbgsyWmQQlioqM1MhsFs1JImyiqJQim1JqLWFMEl20bE6nnZkRKlEkSik22VqEjOzMqU1pSTIRGEcoVEA2tUSzBZKaXSKmNh0dHfVdb2eUki2nNjrBJjASxtgGS3Km7VJKiAyUgUg7oqhIRK0FkUmI2klEEU4bgEDIZCJFREieskREV8Iowg6TkiTZ2GCnXCiKQA4VTI0StXRdDRXCmViAosjpZsCKIhUFJBI2Jm1KDaEqCSxLUEqbMltaVqgoHMJKhNJKbEmGbEkQoTalnaVWoECillNEVUSkILEiCAWAbEyCnc60QxAhSSZbKiLCYGPSma21RApFthzaiEOBMyNKFEkRkqy0uq52pUZRNksqXYVEKqVEgMJOWTJFctiOUoOIUEQIiiBCElIgnEmoRCmFiC6kJDE2OKepIVOrsUJAy4YjZOMggHQiaonmDEWptUSJUmQAgcPYUVUjDHYOq7HWKFGykZ5ISi2GcZy6WlumkQwSLTFIisSREIY0hQAhkFsbswmIohAijCIMMhIR4bQC4ZYtFFNLYyfTOLbW+r4vpRgLokQoMOM0IaQootnZEtKOGiVKSBEEBZpFSAGZBjlQCENElFIMbimpRBAlUGuTwU4kg2TD1CbSESEh1WkaE0dEkWzLIMtC6TQiFEHJtLEUpQbNzbatEGmQ5MRYaYeiRCmlRAgzIWNEgCIsSQopbWxJUrTWkIVaIlEkAziVVWGnTZQSoWlqhG1npjOdJHS1SjUAMoi0nakIG6R0E1GiEBRJEc6UKaG0W0uFgqISQqWvIVpm2gUkWZKNwESJEE7ZU2YDAZCgTCSVUuQ0KELYVtiWokSJYiilllAplaCUqoioURSIkFQCY8AuUdJZSy0RzS4RxoZShKJEoCiKUrooAtIESjcDGEmSodTasgWoKI2hRBhnyyghY0SSOITQ1JocISKKpCjFxhgUodaak6jVzqlNXddHKW2aQAgUxomKQhFFAoxrKdiZRgLVUqgRYCNIhBCa2hgKg6dspJ2kpUCYtMlM4XTYAC0t48yWJls6s6EIN9cSpZYEHFIYtdZqFLvhKLVEKIQUiW2QQ4GztZYmpCiSJAJsBDK2U4o2pm3b49RU6UqNCIQgSmRmkdKZNFIKlYgoRaHAyLYDgywym0EhBaBSQkUCSEuoyC2NUEgAtpACRRghg0qE7XS6WbIBx5TNzkS1hM04TsKkVUq64aiqLllUCwXJZNo1hO0AS6EgjG1jF1RKaW4tMyISZ2uBDM60PQzrTIXc0iVKCaxAzYkI2+WTP/kTZLVsLVu2Bhi3NimiRBBFokQJlQiwm4koUSIlmUxHYFkKRQnAhFRqSWfLRJIUUcdpnMZmOYeGsBMEklGgkE0gQ8tmDCkkKZ022BFR+672ndNOZyaZISHZtMw0EoBFKUXYCRgotYYkQUghrJyase2iogjsUmrtagRFIdk2KJsFIYWAiIhSopbi9JRpN64QmQ5hqKVYuBlTqopCoRJlIkuUopKA1FoT2LQc0xEiMzGBCWdzrYHktAFJCUFVjFPrSg3hTAOZ6YyQMWDUsikk3FqCFcKWwxBSKYGoNUDCoUhjRZRSI4QUxoDslklYKSNCUpRaiqTMbNMEKqXYNpYlgqIISBRhEJaICAlCEUUQUdJJYhNRMAaFSKtEUTEYKySEmxCKAoLW0lKRSq0gBTnR2uR0epIkiFCopG1hwCqIcIkixdQSZ9o2USIcLe2pOQ3IlFIQUpQokxOTZDYLaqmhAJyZmYpwOt1CJUKKECIQUWqpUZtThLAk0zAgpxFdVyVZBKCC7UxCkjLtTKDrulqrQqJkTs5MQbplZpuaHVKp1cImpMw0CiRZUZyWnSB7HCcVlSiEFBGqwrXW0tVaQghTuqqIUkIKZ2YiqUSxcdrOTKdTokgtW0SAimRMI4pQIAUmFIEIFLWGkoZLKRE109kaUglCNSLSxm5tihJFpZRCEekkQyo1IooCk61lZgpHlKJoTqYET+OE3VqGABEKJIRdpAYG0ooayJ7srLV4ypYtE4EiZLAtVVXbYEWNErYTiYKzuSkSYppGCUW4NSIi1JzONJYVJUKiqESRpFC2HKfRZFFFAsKoaEoLl9JJAmSQWpuwkELKzDYlyswmRa3FdqaRpMA4DbJVIiQEoBG7ta6rikAS2GmMjDFEAWQbkG2ytSRzypTCkiTJoRIh0hDGNqUrEUoiIkySSKhEIEIyxhKS0gkZEYGcjiigUktXum7WgeVUFEmyVEI4pFJCQkKEilRCmaEyudVSQpKKoqSztVYijLuuDylzInFmkphaikVmtmkCHBIRUigMRUqaQiFZ1NIFJJZCWBKKWkuopCy7RijCdilIYbvZGEVYCU4UoiuVIilCIclOmwhAIYVlYWdBUcImoioCKxR2GtmoqETBkE2KzAyFAHAaFJIQznTaksCkM1BESGFbKKJgK1RLlFJLLYZ0gtwmKTKbKLWEVCLABHYC6QinLRWU2aQASwqVKllOI1FKOGnTCMW2cBIRZGatFTlTCAA5rbBNBiEFJBFgT6lSCHAI4whZUkRkNhSC1rJNTQopLAJHiUARYYNdatTaK0o6Sy1YCNJRhEKSp6moRJEsBAqaLdrUMrO1No0pKaSIsCwoUZ1M0xQRSKUoFKTTrZauRgUilG0ihchMbAtJFpkWyKRNs+0oksKZRcIoIBUSJu00AimMJBtk3JygkEJRS5scYsqGE0rIoTKNkzG2bIIc25hTKTVCTksRAHZiZ6IoEQoUmamIiBBkZhARKlFQyM1pRE6piFCAZYxqVxWappGUpIgotdYS6ea0kOWWmdOoElKUUmazrtQQ0WzckIMwiYkSVtRSWqZtO0mDpJQKeEqHKKXalqK1hJzGCQQ2liWhkIpKKSXUdbNSCxKmRLFsuzlJR5QQkg3OlAFIKRQRhlAgQlGkiBKlpJuzTc0GYQNIipDTFiBK7cAYRUjKTISdbp7csEopKgSU2kchouCcppQiIgCpSkkQEUEBE0iQiUIRoYgQktMYq8lFJZAiigIh41prRJQIiqLrnJk2uOt6QXMCmYAlSyqf/qmfbFGIrvaqxU6gRERESiGD3QCnnS37vutqsV0jUChsKVuWrjozcTZbtskpu1KcSZQoUkSEhBSUCBOlRJSIUiW1dCmohI2nhkKKaZqmKSFKRKmqpTozJxBESA6FarWddmAFpXRWyhIxZRunpEQQpCnIam1yemoTAY4SAmcSIYVR0HBgVBQRZcxJCpxpS8rMycZqOdWIKFFKjVKLRQCkiBIBlpFKKUWhEuCIUkuZcspMTIiUwLUURaSbhSwV4bCTUDiiRC0lFG7NmCgSmWmSCGHjiDKNU4SiFIyxDHgYx1CEgiglQgEmSsHK1qQSIYRNhABbzqZSwNikLFuuEbX2RZFkSIg2WTWqSnNmaxgVRRRDtmytRcgpCUW01trkIkkCkLGsDIWkiABFkaSIkp5oREQgJE9EVQhCaSEXhaUIhSLTESUklQgUUkQ1OCAzM0OohEmnZGeJwBFhRYQzmbLZaayigkBRQpazJW5TRoSkaWq1ahwnELazKYpAJYqLqixlGiEEcoowBjC2XdSpKhQRKIohW8PhkDBOSjEAJSQ5WzpbS7JNaUtCaq1FKTWilNr3FUUoWmtkKoTBWBaAQkGR7UxHUErtZzNnlhpRhSNBlooyLTlKGIExaUeh1ppOnCXCOLMN00QaMY0TECUkZ2bL5DLbmQ6HSnFLsMGIRJJwZiKIiCiSsTEoQkQpClmQFgTFJBJomsZsGaXKNs7M1iawQkRIKl0pKLpIZ5FKhOSIMALZbtnsJhG1C5imqWGDMBhDAZVIN2WNoii1RETYFqpFNpChiBCITBSKgjGWFRIKO21qLSWKIjJBabuNY6ldSAoQiohSIkoIIjJTotYKONMSOJNShKKWDoFpmUKSMqdQ1K5CAOm0EWEbkU5JklCEjY0COVQMbpNNIAkkKVo2gUNYCiywSpRsTYqIyEyBjdMRESWEnUREKcWpUoqdDYOQwLaJaieSFOnmdIQUtnHahISCUAESt7HVWZUlBThCpUTi1lJJlAAs7GYcUSIioiC1cTQURUQB0hZOyJZTswIRCIcNJBElQkWl1CrARrRsrTXAJsSULSBKhEkghHCzorTWbAeA0w4LWwFSmEC2bYQyXUoVmEQSONOEFAoiJCRMUYliu5QSJUpEBFMiUIkoYXuaJosSRYEVFhFVITuBEJKMLRSBac40RcKkmVrL1myQ04Qi08IKIeeUEraEQXYalwiKsDNbKdV2Yi5TgAI7SrHtliGpREhSRMTUMt0UKEknFoCUtiSVkAO5TRMQUUJhWnMWSVGMbGNUIpstSim1RK1VYInARigzZZCcFpiQUUiSS0ghRDYialcdsptBgCS5lIpJoyJJrbVsU6ZLdFGULTNbKUUSiDQiDU5CNs0JEAoVKVQkhVtzUkKlFCvTWUqNIgnkGiVB0DBYUQiEKAQRUSDTTahIFKUJBM7JEUgqESWqnSgEKgrJyCE5JGW2UCmlRIQkK5Q2RgohMAikiFIC204bIQiFJJCilFKMMlsoVKudQqBMRwQiIiRCMjjldO2KpFKi1FpLROlUFSJUUuBmI0WUMMiJFaW0nLKls0lFRSRCUqSbrVJKibAgHRGQoqRTIKJlk4KIiAgJFfA4TYIIgUGlhjEiokQEyBlWSxREhGwbQoEEZHOEJLVsYEWpERGKCBFpB0opQpk4WxoRFq21bOnWQFJYSCgkK2pNksygtDat1uu+67raRy1GpVgWgHFm2qZBlBIAVmLbtiOQaK2VKAQ4bSxhBIlDSKWGSnRd3wdI1FqEnDZCCLBB5TM+5ZOjRgAiAkXIJooUthWhCAsURgiCbA0JgRHgzFRmy8zWbDsgwdhGCNnOqiCkQIqIGqGIkHAmtp1OY4UcUSIIFZOKiEAiooCKwiKzgUvUkJwtbWFKlFLIFJGgEkK1IJV0Gsth0kaKkEqEcWs5tYYcEag4WzqdEIpQSMhyZKZqoCDt1oCIEkWGNrWpTZJtbGZdJ2tsDVtWZk7pIrd0iTB2ttZcFaUrWCKlEiG3DAKRiZ2KaK1lNkWEit3URZhEpG1atq6UKBUBOBMJLBIUJdKOCKlMbZJUipxhmUzbiogoCjklMiICgRHYtlq2KSfZXSkJtpubTKZllVojJAtcanE2lQgVSCRJkpCkkJyTjRUySNBSQiEbCdvCNkLCikgThAok2JmpEpLCRgFumUmSHqepBFFriRASdkSQWJaKAqmEsKacjGULgSIgsScpagRICkkphY1oLSWBQwFOqKUmLopai2otEUiC5lYiQPYUhINAClpr2BGBrQDI1jItU0oRjlBmGjsdUYXAbRplZTolIAhj2VFCoYQaBYhSQSHZI82qNWDKBCcq0tQmY0xRgEutJUIC1EWNiIgITAiSwMaGTATYqVIKhgahqCFJEbWWolKilL6WUkJkszNLFEnOZttGIcAWooQgUZGdAlApoQgBGBRSKErQ2tRaZgoA40yvh5VNLRXLOEqUKEZja6UUlRKKWmoE2TJNiUBYbtkkOUk3gYQUmQrZWERQhIFSuwgV1RKkXKTWWsspW2sJOCLSObVWQkZOKyrpEghAxiKM7IwISbIbVkphFEVFEc5UyGmnJTINiqKQ7LSVmVFUVQw5ZcgRFTAJKlEUsiyplFJKxcJWqJTAzkw7CRVFABY2oAhsEQgB2CZqLSiKJJVQqVXITimKSJLEdmaGUKjhrta0LYTa1CSrBHgaRzszU1ADJzZgMqepIRWFgcxxanLUUjMbcmsNoxKZWRRdVzMTIWjZMg0iNY2DS0zr0c7WWmtTNpcISelG2kWzblaKLCyHJSMJrIgSESFJIrJlOoEI1RIKlYjMbLYIKWwriFKwsEFJttaypdOEMx2olgAZS6EIZzqNAhksRWKMSoAl2YCn1houEZJRhBQobdvGQohQsVGEQmQ6yam1NoaiRJeksVCEBAo5W0SRUCmlhKJUojlxCkmysQyEwphGSAoppAApM1s2A6AotRRLIREKyUBmktiBAiyFwplOR4SQhWQbIUKlRDojiq02NiMb02pUwLZkpwWAQ6FwOoQMEVECi8gS4XRmCykUUQJLOBQAOHEISUQYSyHJTttpBzizZbNCBLggUITCQiSqyLJEqCCEHKqlIGem5b7v0mQ2MiccoAg7sUKextHpiLCNbeNstqMrkmwiAkoJocjWMAq5OZV9dCoFI4RTilDYjhJ2SBJCIUKkMxMLJJG2nFj2OE5SdF21HVJUgiiKdJYSUgAm08bUWhGhcGZrrUSEwHKEAITUsiFAEk5CKqEoIilRTRqDSy3hKLUqCrZlUCklp1ZrjSKpCCy5tWlKO7O1tEuUWgqK9AQqEZnT0FqEImrtKsh2KSXQ1BpkaynJacAim4WHNipUQopoUxMijQRMLYWlYiBtmKYWhAIkAaJIzUhEYLApIRCtpR2hya1NWVRUCnI2S0JBglPCdlCQkbAiHEKolAiVbK1ls1OGUMtpGqZpGoUIVsvV5JzPFwouazhQqIAUJpVKRZXNOGa2SUIGSUi1yoBCYUAOI3kam1Sy5dTGxE6HUkglAAuwoBSFSoJw+ZRP+aRAlqUAYewMhd3StjNMRMEWBFLa2M2ZzUIoMaCIIikkLIWMjUKlSApFpDNbtjEVZHOAnVNL2xLYSM5WShVEyBgjCYMjM5twJoBkG4ga09gUKBQRIlraTgmwQkICMAqcmZaIkCRsSKSIEqgB2UBCSQsTyAZIEixKISgOFZxCUnjy5CaTGBtFlJJOtzRGEmROBkFIdgIlAsnCBgOMw2AUXQdWkbjMTgBam6ZskVIpznS462tf+5QymxQkKpHZWmslBMJgSlciVGoNyaiIiLCQJMBpC2zJSWZTFGzAdi21RKm1qiiEQCCwqCVkG0GWUrCMBKVWUK1drWHLGERzFEkyjoiialmKkIBMFEQUFWqE7aKghiSnEyMUYEQkCKUtMtMRNUogIrHU3KapRURESEQoFIIknVaiCEVgDdMQKEqNGlgKBYpQGkEoLKctqSqajShRCIqKybRbTtmcOTkTBAKLiACkUImYmu3EGGNam9rUnFjUUhSB5BRyDRHKzMyUpAiV6EotpSAkbIGQCmEukxHYmVYJEQqBMdkyQpiErtQIhYrTk5ssYxunLQkhQgqFijBOSyhK4JbZsllECcBGKhKATVVINDunFqWqRNQi09ISmIgoUaKELKQICAJhSgmJqbXMLBEmnbZRyKAGOCICRcFpQwQlipEzCQLVWiNKtpZtxDaoCAApYhonSX3tml1CLVuptdbO2VrLUqtcoqjUWkoFr9ZrhI1zkqoQaRQiUyatKDhbUiUjyUi2MlvKIclubk5KKSU0tbSbQZIQoBJMSFIQUUPKTEREEZKRlNkUAqVbqaXWLu2QTLNAuBkJSREKTa1h24mRwJSu2nImEgpBZnNKIRXZIq1SiiRDMI0tM9NOOyKEZZUSGAN2hFrL1rKEhEpEREiKiIgQyCBNQytFBiELUERIKiWCQNiAateXWkzaKoogSo1Mg1UkRRtTcpTOTjcipCiKCJUi0kQUpBqqfQd2U+KCJDU8jWMQdrbMUkNRS6jWDiNJUmYq5HTaCtlGiggMws5aaiYGbNsCFEIYi4K4TChCpXSynU2IiMCtJYYgFBJFsp2kJOMcm9wycSaS7cxmEuS0ICiNViQpqopFtglLJUqUiCAtsKQ0GMIgGQgFllsbcyJNCYVqKc3GFIVKkUBEDbdEwgK3dIkAkCSusBUGo4hQKVFLEYEltzZlKkUoQpKUGEopgSUwILBkSSqllkLQWislgogoCoxKFIydtgEbVWSFqKU4MU0ocbphNzcnKlIIRymRBnDaLVULskzaGEQ6nRlIEnZmJsJMpCTbNtM0NYPTppQSCASQGBvLadtSibCRJAFOO1CUImHsNAAWCIHBU0vJmU4nFhARCFEUkdOUtvDkFI5QtiYnKDAqAmOCKCWQBXbL5sTItorsLFFqV41CJdNpKyJbwzhMw1KJALeWFpQw4EykkJwSpRQLZ2uZmWlnkpLAGOPMsaUxoBJhpwxS5pStlSi1xNSaC87InJxEkFaICDIz7S5KYlA2c5mTWqLUSkSVbKNwNntqUzMKKdNIODMNKFSjFBVnI5ROTK3F2eyUZBuplILd2pSZESVQqCAkwLa7rhdqrUkCBVJINWop2SwpahQbKCVURCIJAQgpQkGEIgCyGdxaCpVaa6dwUS01upZ2JlKJqLVELYvFIkrIyjbhsIwtKzORsBRRiBJK0sYK2VKAW7ZSamYmDUvIThM4SxFSSEEtVbYT3GzLWCFkFEUhCVQ+/ZM/iZDT2RJA2G6ZCEgJWQhkpyMwRMjWNE0iJJUSCAGiIIoCGZBqFCRAOFPCBKEahcy0JBsETK1FrQHpVBQ7wKVERGBbdiaiKKY2dVGilAhaNkUUqbVUhGkCWc0WYCVI2FHklmkoUaTAIlQUEKhJiogSIQQqFEqESJN2BFLgTLK1tBOwFApV1agRAVG7sGVPtkspNSJCJQJUFERIhIVKibAMqiUQgESEagmSbA0wloRdVKRSIGoIZcuQooQkAU6QQpIKnYQVAWM2oEYBBajWwC1xGlOCzBymZjKi1KgmMwkREhBRkCJkpRsigFJKRC1SJpObnbKyNQfCQmnLEDhTEs4iOchmpECyUtmmFg5FMdnIgiRlYidItpPMbM0gZyKJAs3GbpkWigi3KSJCJc3YRjdLITslSaTTBgJls+Toighs0ipBSJYUAooUIctO2yIkAqQiXCLalBiTmW5tykbSSFDUWhUKI2GFoKUzHVUiIpQOOy11XY1QiUgMlkE2RpFpiRJhKUoJkVNCplOOqKUowELpbJkhwkpsKBKQaVmlBJDGstJIU1qyRaYtahSHMc6c2pR2UaEohza11vc1VFqbhmGYponMTGMkY2drAClww1HCmSIIYUOGSilRagkpWxokpZudIuRomXYjhbjMQQhLSjdbARYRJUpYWKqllpCiQHOzisIi1FqzsTGGAkgKBfbYxlJqLZ3JiKB5citRcQ7jGBEhTCLSyCSJm5EzLSkUoSgRkhHIqBbhiCqQhKIUxTiNhJxIYSSpiCjCst2mTBunTS1FhKow6YyIItlEIAAmI0yoUI1JiopBktOOUlA6wQpIDM4MkUYQCqkCjsA2GaaUatsgQE47kEWRWrplU2gcp4iQbNtoas1OUIQignCJGjUESG1qUSIg29QS4WZnIlGqaq1RQiEbMAJJUcDGlmQrZNNykmXb2HbapUSU0tIlNE2TbEVRGEeEjQKiliiqpUglRCgyE0mowGQwQhGgcLYoNQKnnQZsp7NEqbUoQgJCqKVRZjokRVgoMYSwyMxai0Il1JdeEQoJWkLgdGZGRJSCDUIkIAnstGiZaboohEoJEZIz6WpVAFIEopSSPFPLJuTAaYW62kUJRUgSQhZy2jZgu0SYOo3r5eqo2UpbLlFKFJsuBKQNRAlJIAMGq0SUopBC1TZpZDkgwVNrJaQSthOLwM60sGWFIGopSCWENE6TLAJEmxInREhCMmlFRMsWIaEIYaZs2dzVqgjhbNla2k4jUhSidCHbQoqoUUIh4+JCSSzUcrKbLEmKkFRKCSntIKKWWgNCkjNNGjuTxE6JotqyZbaIiFLSTQY7oiAMIYUiIiQJnG7T1HVVCkmALJVSImxH1JZtGqfEUgBSICO1TEMY42lq09hKLU6ck60SSluEqhQF206wGyYlJCBqLaqlq6WUknZOE8i2ADmiZFoCMY4tBBJutgHbGNm1qwqBszWDFCApcUgOqZSiKAInSAKriCwlSiktW6ZVAgxgDMgRgW2n05KRhAGIUktAU9gGRykSSIISUSKEpmxp23amRahEKGpXigII1SiIaRojamILRdSopYRxTilkyTQpSKfSSS0lSlEIWYCZphYSYVtJCqWdU0MKaRxbNhOSJCNkACSQFCFJIS6LiASnFcqWLVNydIVUKYpShAVdjVqrIqoiIjLJsTVPUybNKJxOEpwTEVJEYosSUWothEqUUoxkLELCQpSQTYmCYhzXpUSUWkLTNLZ0qIDBQraNi2oKbEz51E/7pIgw2NnaJIWtgCCkAkQJHNPUjCMEDhXJUaOWLkKZ2ZprKVNrEFIghySReBqaJSnACYGkCDCKQC6SagQqNaSQcSkFEwHIaQlhSRaKKCGMJKFsrUbJMIlQSCkUEcKQZKSEbAOhIIowgYWMUQgJS1XFKFtToBBg284S4WwggyzkiKKIEmWcxkxLZHMpqrVXAYsQQITTyBAKSoRgSmemTRvHxCQExhBpASEkocBGhGraEqUUwJkqgTRO47AeW8sIlRAI0liiZUpRVCUbZcvMTLtNU2ZLsislDdKs6wS2CbIlThHUCAshlK05bQlsG4EhlNlKRFE12cYWIQiCbJlOt4RorRnZKSnT4IiiomkaiipFziQJSVFam2rIQVBSzubMhhyIQAqJtDGttTSlRCmVkCQKsgUKSgmVEEraNDWBFFFKrTFlQ5JRqPZVKs5JWFGSli0zDcqcSlQB0GyTpdQkEaGwTFAiat93pUQUpCKlLQkJi5CQIFSEbEIOKUqppSCihDJthUqEmt2mKUKhMHZrmQmknWljSchCaUdgYzvtdLOdaRA4p2zZaihKsTMEDoIakWlwUQhKLZFCIp22JEk5TcM0TW2MqJDZQOr7rna9UNSQIzFWIVSkopCyJZIhJNuAcaYxtoSNZQVEKS3TpCQcJlFgF8WUaWE7ogIKSZLkltM0RtQSRWGMFFEiFIntDGQM9F2nIuPMnFraabtIlt2sCGMSSeM4KtR3XWKSKMUYSSZKkaKWsCkRRs2WsC1ZlqAEjhAap1FBRFgEUWsRqIQIAhwms02lVAjsUgKEDRZXeMwUlgIkwNky7TQKFVUwzZnpUCJjhGywU1lAUbPZJkKlVMgU2VqmlZRakW07TYDAslFgk9lKKbXU2kWtVaCInCYRpRa72caJIlC2jAgRE5YUUoJtQjRjIgJJCJOZtgzYLTMUzkQhe8omZzplFIoStpG6KJhmC5pzmqZME6FSJRK3cbLBTSrOlAxqmbaFECohBXapAQIUAW6TkUBSRu2yJSgcRghaZptaNqxSC0DaTiTIUsMWyLRMkFq2qU0lSilFgrRNuimKhLEUEaWEapTMKROhCNUSSHJIUUpNuxQhRwkAxGWZQIKdEAJsExKFICSDnQYJqUDKILd0CdvY2Xezru+xSi3pltkkIYycGQCyMxQW4FAQYcBEKLFCklq6tUREqQKwjTGmlAjhhnEIi9YaLpDTOJYAsEEKSaiE0pmmiLRLBGmVACECgAilcaC07SknBMhOEBBRkdrUCMAowIkDCXVdiaiKmFqTQUI4HWFFlAgDohRB2KSTlHDaJYqCKAESlBJIdiZESAophAwiJGzAJSJqaa0hlVLSjqC1tl6tS1dKRNoChUQoFJDNEoQwIQxRFIoSRSVUokTJpBQykbGRpAiJqTUpFKG0FEU0k5jmaWoRmqapZWtTGoNLLaUUSRERERiDoHY1LWdKJZAQMrLTyKEq4bRMqUVSNtdapLAtJNQyjbC7WiK6CBkldtrgZJpaRKk15GittWmynZkRhVqEsZ0GRS22ARdBYLdsmZZculJUE0sSSIoIC1vCgrRrkR0qArdxypbIESVCJaqQQiJCQiEBNqRtuSgQmbKzUEoRxigiMlMKu0kKyYTBbkagEAhP2ZzYrSFbEU5wGnV9V1ScrbWkBA2qsA0KhSSF7VBMbcLU2qnIbhIRoRQyAYBNONO2DSaxJEdIJUKSJMkkdiiytVCpUQx2i+iQalE6sR0RuKWczWkLBTrcuxiBW45tykZ0CikzShARAJkt3VqLEhEBmqYBCxy1hiJCgcZptCSBldkU0dWSRiBIhO1swJQZEQY5FaXWQiozCZxASooQFlKbxrT7rmtYRqjl1Kbs+i6k1khakaQgm0tgIbJlBLYk7HQSNWy7pUIgiyAwiYmsLoqwM4VbE54atSs5mcg2JVKNQlBLNPCYpSttmtKOKCLtAIMzExQRkto0pVGoRkEGSUJyZpuapFIibYxEsz1OlIgSNKUyRCnVTiEQcrbJCIuANAoJ2xFqzeDEXalubjlFCaSpZVfCFmQobCyHwiLQ1DJICEK27VZK52yZSCizAVgKEIGIiBCJhQwxtcnpKMhhEikIRLZEyjZZESQKhSIiM0U4M0VIRUpnm7LUEl1kc45NEkGEsimUlCI7k3SGmKY26/vmdKrUADkbRsJBG6dMi6hdKGprI0Yi0xJSSJKDYBrXDpXo5EwbSVajFYVthTBImSlkOayGhUKksV1CzlQUGSrDaihRSlewsrWQDGAjAaGwUnZmS89mHSbdcjIhZ6ZTqNZOtouYnLQ0JSQCyWShpBKr5YiLAknOxCgCe3KLJMlSq9MhGWErPE3NSanFiUuGSykF0mlkq4RpzqJAQi4Kg1s2sB0ggYTTaSSVEKQVgoA06SkTo65GkOMUKhQ8pUJpy6SNrVAojFprKnKmHVWyEEYyZDakGsW207UrTlSULW1LMm6tSZHjVPoKypZgKWopdkJIbpljm2rU2nU5jVPLoqAQIbtUhZWZKTFNLSKkyGyGsCxHCDNmBgkBCiIqyBg7Uo50qDQaRlIoAGQbhCcbK5R2yyarSCqFbA3XCKLglg5jpRWElHa2TLKWTgEOt2ZsUhRLwk6bDAUhIdtpKyRjSxiBM1Mtp66fhZTOiHB6amNEeHLKkorCopbIdGstSpE0jqMzu643Rio4jVEpkpjGbNkCEguBIkIlPE3DNHa1llKjhGFajwrSrlGjyCYz0ylCUoSwx9ZkR4QxipBsIYfC2YwNItIpQIIkJWhCmYoSiLCR0zKE5GwggxwKkEmjkCwpMdlykgoSFs4ocnOmTau1lqgW09RwAyRBCBsTIQOBMlCCoE1TdF1Aaw1FQY0pCCRPbmpSBDiEKVHsZuRsNlKBlCKKDG2cMlOl1OjMBCITyTgUUqQb6ZYNq+u75sxMmVKitcTpiHCAFYoomc0WmGxEIRSQdlCSls7I6Gd1yuY0ALYdiFLGYYgSGGMhSaVEZk5T2omtUrquk1NSm9Lkej2MUy4WM0l2drUHWQ5F5uRUBM1uY4taipwJhS5qmmyThQwiIiyEaG7O1qYopUYBZTY5XFFrVoAkWpsUUUoloFmhQOM0AURMwyipRJGQnGnLhqpihXNCQdoYAAdSKaEwFp4yI4I0AjNNTaFSy3o5thy7viPV9SVRAWOjkEw6w7RQNa1NKZFSZCok1HCJgslskpCmbLSspUytOd3PexsEgBFM01hr72woFGBN09RyqHUmQMIpQkEmRUGkpDS2PE1Gqaa0o1QBEcGYLQipZBtrV4pqy1ZKaTatEZIksN2SEmHZppSCM9OZNuaKzKm1WosISEVgTa3JVgkTZBKOUto0lVJqlHSi8JTpplqRc2pSCZCQIknb09SKwkqhWrrEnlrDoZBAKgo7jUVMrZVacA7jpHR0RVJEadmKAggJKVsiI0mBMwgHbjapCFo6BGHbmSKjlqmlDEIKt5amRrESCymQA0xmlipRnFPLtDGqXaGlotjNpkTYWNlayjZhOSKqY8oUVi3YMimlXSJwIqZpKoqIUJAtkbBaTiUqzhQY4YhqWxEtpxIlrEaLEjm5fNqnfGKmDcIWJcKWSDkmMpAzx2lSIaLYtl0iUEQpJSIEkE4rIshM7BIRpRhjooQU2M1NIVAoWqacUboCclBx2ukImwxIy05hp4miUCBMy0aoKwWRhuI2GRwR49RM2igklJlI2VprViBTa08UZ0qSE6GQW8tGkrXWZjtbKUWlphvIUthAlaIUyziclsg0SKFsDUJCZrUeZKKUUkpEkSTJzY6EsAFstzZFVakdkrEU6eZmY5UoUSkKqZRwuqXTnrKlXVScaSFEAIKMCCFJ4IgSUdIpRa01opKkCYECUFEoQiqltGmKUCk1WzoT4WaLoogIpwkJQFEiSgTY2TIxaYMTF0UpJQg7sTAqEpQSxkWFAEotUaIgImQbu5QIBZDNCKOiEtgC4UQpyZnGKgWMSEkRBciWKIG0w04sFTsjinEpEYopW44TIeyIqLXDjK3hZpyTo0gWWBYQISEh5DS2wCEJt0ynwi4REbTMUiQVoLlFLTY4Q7JxYrml0y1qlUBqbcpMScaZUyhatjZOEVEiotSIQGHSJp0gTBTZpBOS1IRLCHBmplvLUkoJSYqIxLIhFAJFIaLYNpTatdZWq6HUkNSXEqVEKFMKixCkIW1Buk3TOLU2tSgBDilKTJnTOGYzJYzb1HKaJmeJAmBUyLTJiJA9js2yHIkLkZlpl1IAI2PjEqEIOUoIWQokINOycCrCGLBJOVsmGQjSMI1TOqPWGoVQSBEhhUTLtBOBkBUhnGkLHJQIOyWN03BweBQRUUqmi5y2M0upUQMjbEoBhWwBliOUiQ22MDhtjITtqDGMY8vEFgUnIIkQk6NSSi0lUCSoRIAsAKciQAaj1lqJWkrYLsh2SqCQEtktiqKWwLJQZDpK1BJYtkNgK4rkkKIEaQUyCCFAQS21qDiQnM2tNUWBdGaJUCjtbJMsS4pwpkIyRooIKSJEGAuHlCBhIqSI0saGHRFBJA0i3XBKBQEppBKYUisiFM40qKiUCBizFYKgtRYSNnamExOqUWyrKCJsA4oIkZmWI4qdhkwbR5QItTY5XUoAlkIhUEiiZYIiSKuExmly2s6WWSQiEBGaxgaWJRCykZCIKODMzMxQCE9TSghFBAAGZBEIggA7LdsCSSbTZFuv1+M0daWWTq2lG1HC2Dgg7WytlBKqSBEipGaFQmFFQETpajEuURVKp53YSBJClpzNsm0ZFU3T6LQUpZRSCvIwjMhpQopSaikITzaOiBKltYwaXVczbdJWRFGJKFFCUiiQwsaycLZUqIRaNieASCSKSKclWYHTUlEpMrLSDQoFOWxHCWw7xzYajGRHCSRJESEbg0FkNiNhpaMUAgWKsFtEEQWICAURRchOSbWrWFYgkJ0SymyyACJonrK11iyD+66rXelKRRIASXiahmnMKUsNANzcSJeICIVKKFxQM4SdQNdVFSkjomCLcLiUorQzx2GyMyJKLQoBLZuxQrV0CtVaMJnNWCKiRlVmswEiAhERBhmFCoGEZCNLReBMZzptbCPZKJDS2RqGxCEBTrK1loCjBHaJKAJDhFCUQkSgUqOUmnYEONuUDsJERISkkJTZFFEisEnZWUJIiQ2lRChC1K4DQWAMUaMoFMqW2JkNKUrBam5FKqUKRYRBkC3TjpBxNhsbK0IGbAvApC2EAqyQcJoQjhDCIEqUTCcuIZNYCkUpJp1pZ7oJSWotW7aIEJJwqERIBacNgU0oCJVasSOKQlEwcsuWTUKioBDptK1EinROqQghIZEgIEKyXEoXXRnH0W2SwjgzLSlkUz7tkz8ZCSxKSLV0tZaiSJGtCSTVWmd9H7WWroZVSigkhSQkQ5oQESWbQyp9LQqh1lIRtiDBNlgRCtPN+oiwc2oJKXAoBCGiqgS20ypRa5HkdDpbyxJRu05SowmFlBhoOeGIUJJFIYgSgOQSFak5A4FBadmNBIXTpmE5m01IsiBEylaptVSV0lq6TUKZlsKS081GuKnWUkoo1HW1hJxOW6SkKBERxpIUpcitpRRFEhJCbulaFKUWiVCAyTZmYpFCtRakCJoRDkWUKBGEMo0EBqRABqJGRICEcSKVEkZgN9vNME2D05KAdNoOsCWFAZBUoiABWKUUFHbailCJCEXLBKxMWyJKFaQz0yZBghIiInGkpDBSQLrZzmyyQhECwJJs2W60UEgASKWUtNM2KbCNZCNnJiZba6EopUSEojTnNI5yqaWUEla4pXEpASGFFCXCzpSiSBEAkkIS09SKUIQkO4MCSRUQUUIRUkQJkWlsQRRqqUQERBSFikoIqSBoNpIclL7vMsm0E9egOYJSirONY7NbkZBKKVPLzExbIhSBWqZkFDm1WgJbtShl4bRCiFJKZssEgRwKSensSolSoxSVAjgNaSQ7JWMJoSihCAnjqTUCVGScCVKNogiFIVRKRKaF3FoQaTJtXFQVwtgpQAHONBAKRVgoia7IiiAUktLGBIpAQZQ+M0OKUhCyUJYoUrTWIgLRl66UApSQJdlBJJlWSLUUEdhIBKFQKAiF7HC2g8ODo6Nl3/fz2SwkTBpF1Foh0xPGULqKRRoZkXa2lJCEhUoRSAkAdhunzIawUwqVkESasCgSNrZLKUWyaW1CqIQAK9OQzVlLwdgydlrCMumICFXZmJYYpTPCVoCyNdsK0pgspYBwZktJEiqSJAQiJGQbBCQqYSeZTYoS1c5saVEiJCKQZZAoIcuQBE4bOTPbJKLWkpmZTUglQmRmpoUjasuMUmoUp0y2Kd0MBgxRopSAwG7ZgoIkhBwRCZlZS5UQQhIhSSFHKJCNZGwTKlEoUZBlLIJQBMJOCEnQpAAjJCSrRFVRaJyGiNrXqhCilBAlFKWWcDTbtuV0ZpvGqZVanFlKSIogEUGpYUlRoiiQKMiSImQ7jUREBCGEEI5aIkqpNW1PabvlNE1TV7uIIkUJpcE2CbYtqCUk2UYoSolouGXLzCBCYUkoQiYzM7CFLCCihJjGJqmUYhGSLUIypVacLVMIoSLZEYUIgeRATtbDME1TKUUmpIhqUgDIjhKSbBAgnJmUqiiFzLQVcmvpxBGqOGUQ09Qw0zTZJhQCAuMgqCWoXZVCJdxSUkSkLZxWttbSXVdFqCgiSkhITghEFIVkExKQbihKDTkSSxK2FSKkySkFsoxxSKXUEqWUErViZ6ZDtiVla4SkKKU6m9OZmTYmRK0dAghFlCIloYhijCPcbDtQqJRig4hacdrZ114l3DKdbWylljDNLpTSBYkxJqJmphSKyHFqJkSg1uycohQiokSEkBQRUaNIiYpKFExraSg1EEYhRWCMLQHY2ZohJbJllJBCyEFIAEg4SUshhGzSLfGsdIhSIlQSbE+ZglIjnTJIIaTADoUUxk6ECGxP4wQZKmAg5ExPrUWEQMoimTAuIUARyCRRSkEosFumhBRIQITstFMIkU4EGTaSCbqoOElHSBJ2V0upRQrjUMFplJkhhcLp5sxsIkpXSpTmJJPARhIyikChCEWQUgRCpFO2ShhsA5bHKWstzoxSEDIhREi2kYQECYQBAmMy07iWGpJCTheifPqnfTKiRO26SoQibEuyM0JOR9eFomHZWIhMh6SiMJMtERJRwJJsT+OASkgRxZlTaxIiQiGBXErNzHRrUwqFgIgSIIwQxk4winTLbFJEKBTGNmTKMi4lohRnGkoJCMklghKhkNVMCRTKTGNIGZUAGxkQtdS0sQQgC2wUkuycpiZkhYJMJxYupSAkQqEIp90ync0ZFIKWzZaCCAllYuxs05jCpVaEsUKtpZPa9yGljcjmbCkRpYRKRJlaa60JkIAoERHNKEkSI4UEAVZ0NVvLZsHUsrVWarQ0GDCIENioRibp5kaEopRSSmtTMglaZpQiQAilMxRRShFSGJCdaTNODRMRQRByS0WRmKZMpwOnsQlbIazEETilqBERRfLUJpAgCCSh2oVUQgJMjsOYzVGilBoWIUsFScLOtOQEkpYZhCIjCqEI2RgjateXUuw0abCc45gtgRLh1lozKEKl1JTTCgyqJWQ1O6RQtDaBW8txmoZxLF3X1U4Rtm3ShJUkdrpN2UopEhGBhORsEZKilCIiW0s3JxEupbPtzChVCOi6voQaRMi2kCJKjYgCcjqVbZoEJYSEseVsToMiwAGespUo6QyRuE2TTSkBYSgiUwqcTizZqNaiiJAIhZAiIiSpKrBDOaWwFMZGdtoOKUUoSlciqqXAloGIIhkEECGTzsw2TQ1syTkhWdgUKdNO2xkRoRBCuCURpUSASliylK0BJcJKp0sUworINJYKJWVhI0AKgWI+77e2tvuuZqbTaYSjVDy2FiAbk0LOjBIRgrBblBKluHmiFeMapEEqkO76PlQsSlQEKAJQy7TtdLbWxiREgnIamwTS2JpAERZdqVEkGNvklAI3I5lE6mqkbbvlJJVSSxCClk0ioki2FJB22gKQAVuEAZEQiJDtEmGUrSlJQqFaq+UgkEqoRJmc62FKGykkS5CW3JBAtm1UoiCZdKOEBJmWVGpVRJtGICTbDoXJdBSIKkFmREmMDbRspaiUSCzLUtiIUisiRE6pIqkYC5x22mCsqBTLpF0ibE3jlNmkgnC6pWUZlIkkgQKrZdZSZEIhKcnWMlvaAgOlFJPGkqTAMpaKZUlBoYjE0JVAsjEOy5JJZ0aEpGmYjKWIKFGCImGb1lqUmHU9AhG1BO5qV2qRHFERmY0EqSqMyMzEmSWKIkhPzkgbioRkESQqwgpFCQBJUkQBAVGilAA1p43kIkUUcFoRqAgksCTAWGlHgpRd6WqtFEmayFJLVyMhbXCJIskkKhJRSq1FsqKMLWspUSRFgCSBQmCCy4TTUGsBJABJtVZFkEgJMpYxjlL7riOkAJDtAGM7nViKIlJR3JIQtu3WUiIikOwECyxwClmSQlKbmkLZErt0XV9Ky5QMwtjONkmhkKQaCqnZ4FLKrK8RpbVmYQQ2ZGsOZNlpJ/YwNnBEkYCARApFjUCqtZhsJiKiRhCEJARkEupKKbUQErRM2REhaOmpNXuKqLXrMLajVKAIY9tRAqSQIuymUNpCE01IIZsoIUuSQpJKFKkkjlLCICMJMk06baE2TtiKkNzsUiJKzWmyyUxsmyJJyimdKAJsCRWJzIad9tTa1MZaaoREGFukMySVYtHXEiq2W5ItRRpQONNBRChKDSkUUWpRKRXbxjiIaZwyM1QignRLCxEIkCIi7ShhO22JkDJtKCWkwGrZWmsRIcshY7dsECFJKiEEuBksKVTa1EIibNvgZqvZIVCUEqEQRgrJgSJqlFCIhEBRhRPl1AgJAxChsGRbISSFIgo4mwlZlE//1E9BVhQ3tza0xE5jWbYIYdIWABGRbbJUajhJJFmIUFFIKISddoSiBMJOpHG97mpVKRGRTqdbtmwZoagCIEKkEzudxsIhgadsBUUpOCm1RLRmnI3mRilBAlZURdSIli3TziYxtWZZCkVR4HRLt8xSKyAE1FJrhGU7pQCcjShREJjEdrp2USNsK2QJK1QICadtu+WUSTqLlHaJqKUYlQgjEJnpRI4QKthtTIlQIbIYG9sBSUoBKhGSAZuAUirYNrIz7WYLWSrCiuIks9HSEAiTWGBMOkpRSMqIEBFFNUpmgkvX1a5IMhISAkAoQggBKMDY4EzSDWctNaUStURVRLpJsqgRdpgsEUEgnGkDFmRY6SAURRGSnc6pWS5dB7KAlpOltILMqWUoIihRsQGwE0UQsl1qjSBbK7WkW2arUa0gUwopm40F6cR22pC2ptZaOkSINAhhikhCEgmluaEAY0kogCBtCKmvXY0QSje3dCSAJLllA2qpgrQTy5BIkopCAUgmbaclqKU2J6QDiVJryM2uQshhgY3kbFZVUdhOpyIyJXA6IkIhOdM4kVApBLhhp4WkkFy6KslOLINt4yAwQZQSshAIpIiiIBRuKQUQJQxSRImQJLrSSepqFU6QIgCcSYgoJSRLASjTidWmFkUqVSDZqChatlIUpUgyArdpVBQ7VRSSW0phu4DsKW0ngVMRESEb24RCiqA1Y4WUTpQRtTlzaqGSZEtLgENOu2VzpqoUZjIhg1K1qyCBEAS4KFo2BIQDJbYUapmSBWObstm2gJBkoNTal45A2M2KMKQ9jWNfa5QIFbJFlMw0NhlgyNaQUETIiWwwwiBAKohQibCppRIhEaW4Od2CKCWmliaDYjchgY1knBFEBCJCIQESqGQmTkXQHFJILZssRZFRFGRJEaWrxUIh0jZRZEUghbFKRLOFFRUMJGlbUgS2gcwc15OnFqVEqE0GEAacEcKRrWUmqEiJCgacjigqBgxSOu0UaTsVKlGQCJyuERGBiCjGmDSSJYGxkbpap0yaSymlRCicRmCakyQiikQIq+u6nFrLJlBRyxbCprUGCmQhkJgaOU1SAUoU5Mw0DoczsVuzbYVKqISyWRElYsqpJWC35pYEUSrYtrHx1FKGNAUyp2xBqAuMW2sIZSBQlAoUFUkRoUAhkAAjaNkMUNLNdolauhAKZEsF7NZaoNIVWxFRa1VEtqm1zHQYlZKZ2ZqMQrZFABKyFQFhZy0lIgRuaaDgzFCgsG2IIhFAKBSRaZtQELilRdTwRIQIOdN2yyYkh3NKg+RM29nSEkJgGwlCEri1jBBpGYSNQ2FZgWQjbBkUUi2VCCRnCqQA24BtRSEBSBsLUgophFDYiVGAJTkiEDKZIBRFVbUURWRmTpmYZGpT2iUijVAE09iIUIlAIElp7OZEAQqhEDaKiBKlCFGilFIkJIMM2NOUlhGynGS2bK0rXXNz4jRpwC0F2bCQBLaJIgmZWmpmy2aVkGQUBVDtopSKbRwoaikKSEzU2jJJO4yddmbWrmQmNiKMnTbCrTWhWopBWKUEYJBM5pTZmhQUDGSqlChRSomQLTtLhKBNmZkKTAgjIUfIWFIpJXMyTjsK2CgQCmwLyQ6VIkQgIREKBdi2kCJENGcIUKkx67tQGIUiIZAERmFAEaSNBVIggpDkJJmcCrAwKYWirNcrJCkiVBVSIAo0J2mViBql1HTKWBICBbI0DmPL7Loqq3zap35SEiIzs41pAUgoImo4CRGSAbCzlAq0aTKEFKVEIIedFsJSiQhJWMgRpU2pUERMbcq0061lqVFKZGZOGaWqME0TRK0VJCwiDc6wVCtgbEOmMVItUWpAgI0kZAlRilAoMo0IyEQmUJRAkhxRnElaUSQUblMqqmSkQJJsJESoKGqkybQgIgQ4CRUVS4FKrV0pfVdrlOZmO6IYgcZpcmsqUkQppdQCsh0KgEQhSS3TdjpbWkgRoUAplVCAEaBMl1qFrHBmqVWCtKCUUJGnMZ0RBZzprishOSklgGlqQUBI2B6WK0PX9ZKdyJacToWEImIcRssGCQls2+PUEEWKkIOQSgGptVGIUAlhtZxApUZItkNRQigUksEQUYTdUg5FmigEVbKQoiaJiQgkuUmhCBTIkgxujhIRQiFnmogoUaIIiwhIImSIIB1SIMnGpdQSERGl1NpJAlRDKBQEMggMkkMRkkRIlhE2OA2llCgFNOVkELJVo2ALRa0RYSAkB4AlSTVwM4FJqLVkKj3VroKBEiVSdtqepsnGaTuxFJJzaikFklAIRQkQERHOSSUiSqm1loCQhDEZpUaE5FKKQhiQDUAIjBRBKaEoBDl5IiGxDdgtW5uaitLGLiGhKY0TqF1nubWGxP1kD2NzZi1Ro06ZnqaoRYShhCJKibCBjKiAADCEIiQR6SYUUSOKAOQE27YjEktRSkGhcEgIm5bNrUUEBoEhhFWillLaNGU2lRo4QmmHQlFklVJrKUGAVGqRJAgyLQEQEQJUu4pJW6GqcGZIU5sCSWEndpQQIogiJzUCUBii2ZktIiwLai1EBWdrLRtS2oIoUUp1IqilShjhplCpNXA228YkzpZTa7YQbmlsQuGgUBQK4TTODIUUhmyttYzS1a4TlAgDCJypUgSAQtHVqhpBhCIiSomA1iajAAFgy06h2hXbMuD1MIUIAiWWAylKhErIGQoUrU01atRSkIskAV2p6Wa7jRNCRJpSFCWC4gjITFtkWlgKKSpkIixUalgSrl1FpUhFQkQJcFghjCVJKiVwFAmpkREKhYXTCkVEiZoyRuBsqBhnZoRqLRElM4Wi1EybDClKQYGz4aCAFSolJJWIzIk04DTCdu1K1CABo5KZdrq5TWm3UCm1ixK2IdKJU5KkopKQYTUUEVEMGAERgUPFsolI29myZdpkZgYhGYFtVBQB2CE5BJaFnTbZSnTNaTvTEiVCobRxYtlGpFyjgEBRo0gZwg5CwThNrWUEwi0dRZmEaC2FICTAEoBQCTkUUi0FFCHjzGx2FDkpoZCKSqCWuV4P0zRJNg4VQWaLUNd3YKczEwTCqZAUJAKFgBBCAhNJFkkhp4sKMiBFKYWcWstaKxjjsJCQ7ZCypWzANiFBZrY2SQWJTOxQWEQptiMUEdgSbiBDlBIEoRAyRIRCQJuaQTLIkrCkwKBxmmxkBTZCJo1iGIacsiiEICSmllVqTqAQNcISTsB26aqIEhGhiBIRUiBJSk9taiWKFNmytQkoEVNrCFlgSdhIiigRkpxJiUIY5IiQFCEwOEMFVEunENjYzYSKIsJpWSoRTkcJKSIi7RJVIiIUAmdLp/uuq6UDhZSyW9p2ZjqDIJDCOHOaWjoTMAqsCIUV0Vqq0Kk6RJvATqMIKROFISRMUxRSzenMgLSRaleKInGpJWp1ClJRTHPLCCmKMxtyszCFUopFqEhKIbCSNMjOUiKilCjCpRTZEpKsIJzNEhJRakhOtUzAtFJqiFIkRZEopZYaRbbLp3zSJ4m0LUXUUkKSnCKoISQZZGwUSLaNc8qWFMLp1hKDaNkgDDLG6QwiRDprrbV2spEk5DCuUQEiKKKhIBSWDaAQslQCKYj0JJCUcim1RDGgcGtOJMukZIwIpEIJcAgsnE21CDmbKHbaEAEpZCOIQlBMAip2c2ZGlUwat0khCGcinM40ATmlLaMSCdgQRUqrKOwkM0qxU1YIwLggFBEYZ5qwrMwmSgQRBehCVshG2Da2kaxQRCklIoQApZskZzMhhVEpSpCJYMosXYlSLEFawrYzncal1IgyTVPmlInTYBEWmSk7IkoJKUAI25IiIqRMk1h2CoxUhEIlwrItbDttZyaAIoSEJEkqyubW0i2j1FoFCrlBAQRAuihapg2hUoSBIjUcyGAsZEkGOyVhUGDcEiDUsoWKaqgURWmTsYWMEUVFCAkotRqFJJGYtNPNBtrUklRmpjENhyRFtiYxTRnFRbVUCaUTAozlbBjbkiCNyZxaSimFokAS6qJTyM2EoSQNJCEVCSkshQDSiiiZWUslExW3BJeIIIzb1EISmlozadtpW7WolELgDEHaJFObwDIKhUIRTsChaDk5XUsFQCVkJDCiJaGI4nQUpindrAhsZFEUEk4jIblElFqNp6mZLARQQhFFkiGQLWOhRAoJyTQ7SaHS1TSZ4zS1TJeQQpJkkCIA2SmFoDVA6RaGKNkaBaQQ2A7SjkJElUJSywQZhXGoRNg2NiITKaJIgVtSQsbOzIjAiUhESxcpIiLcXGtRQSlAEVEEtEQQUVpmEAYJTClRSyUipJCy0TyBpBAZihLhiHCqBBggIQAVCRWEwLYzgYgotWRrxgqRKAICpzFEVVEgE4FEa1NOqVJkY6cgnZmhgHQSoXSSiZSttWkKFYtpapl2RC1h0zITEZSCLADJsu0SIZSRUilSUUQJiMhUhMFOSSVKSBECQJIDEtmWFFGBKBERNiXU2gSOCDeXKgNgGgrCoUBBEFGMnelsIISNbUARDjmpES2daTttopbWMt0CFBWcLY2tBEoREk5Mc4aVNkRrCUbqQgqVWhBuDhG1RpI0FBJImZMzpymNS1QJJIQtUooIwIBLFIkoUaLYFoiSbUJICIiCAVREJqEIRYSEhJDCRkKS3JqiyMZECafTBpeItCWMjMlGKRhBSIpomZkpBXJrmdnSU0gosiUCY0CuKlGKEoVsq9TWpsxUhJ2CTBSE5KSUyEw3pykRUqlVqAQyhEISUkQRkekISWqZJSJKYLI5M6MUOy2RKZVaSpQCymyGrutCEQqkCNmoKCDtzBRSkSKksKdsihKOwMZNSDjdbJyJXYpatvVqLEUILKQgFAXbKDMtFCoqaWMhQkrTdQXkTIQNJkLCWEaA04aWTaFCCLAIIoogkBFkSIZAoVJKZNppBapdhJDd3IyQsE2NUCiihEBMbcIYulJLF8ZCiDY1pFq7bJMk2QZFFCg1lBBUFZxGhDNtO6KalIkorU3ZkiKhAiBjpw0h2Zhm2zIQCkWUUiMiiqSCW5QqGZWQMkpQoiqQIJ3Yto1tVKRQJFIpUWyMSomWk2RJMralEiVKBBARARJylFoEBuxSwolNVUFgqRAhW6UWKbCxBYmcDQGKCMnYQlGqImzLEBLCkAYngRwQJcJCai3lJEIlaIoiWZPTmSTNLlFs4YzoLCTZmS2jqGXaTqfTEm1qiYtKhFprtiOCbM60HYp0ywahIMBIMuXTP+2TJZxWSAoIiVKDpKWdmU5LQLphMlPYokQQkbSckkIghGRASEJShGyVCBACZKeQw0CpUWsfClslVEqZ2tgyQyGwTUgiQQaLkCwknM3IZDaBhSIybTtEISwAVEymLWMZS1JrlkgoIYdkOyEIiSRq2M5moVJChMGZBlsR0ZWKMA6UWGkpWqZB6damlllrUYQk3GwrIhARwmNzupWoUiDJSmysKAJJpYSiyG7TlCDJuNnYNQJJiIh0ym6mZSNdS28haJlGJeRExkWQToRII0qUEoHUxsmir33UAm7ZnCq1gItq1JBUIlQjQoFsK5ytGaJELSWhtSYsCRNRBFK0TJyl1KiBE0lELYGsNGA8tQkpVAhHBCEDGYi0syUKSSEpZKWxEJk4kJHtUNi4RAWTiZRpcERk4taarZBCSooUXQnUpmzZIigqljEisYiIkFGEAiUNIUtSdJVmIKrcnFC6WqOEQkVcZrtUYVkmaRgRCtPaNBmViFCAAYVIalekYjvdWrYiIU3DOLWpRFGQrUVEF5GSANlphBQRlCgqBTxlE26t2S5RCYsQUoTBthR2IkoJRZEibQmwjEIWNBNShDMtAouwbFNryMpsoWIoEVIJEaUIWXI2iZAiAsmZWGDb2TAtSolSJWWbxrGFhIRDYSnSrbWGQIoIZypUoigIBVY6I0qoYLKNBqVLLSCEoiBwRhQbZ8tU4JbNzr7rVKrTGOMSkWkLNyyKwshpS8KFUkqkDWRipyzbNm2aCBUCJCNhBA4JCSlIImRas2VJKoElSaEIuVk4xzFKERKM05ROkzZYU2s4AUWxp1CUUmwkWQCCdCIhsFCLqBhjSaUURygdpUiKCIUiVEKhoiBbm6ZRKLNl2qJGsWjpTCuCKCE5sCzjTCJaTmmTKBRFU2uALBEWmYmJCAkpCElCdKW40ZSSSikiFBByZkQJpAjLcsmcWuZkyyZCJu3MKZNAFplpHCUCRakREgEGCTttp1RLDacUYDkzipCcogghm0QShJ2SEAaJtE2GioognGnsdAmwSilFYSEASZTSZU5Fkc1pRymKkEEytjOd2EgAAmRnaxNRyEyUCU4RNjYKQhFd6UpF2AaTVihCoWjZptZElK5KGNrUjBUSAQ4iSkGUkC2TQhGB1FqWKhyGqTUBiMSkQm1qCUUisSklMlOIEs4MlFGKpCLsNK2l0hR1pUgIFDGbz2qpDpGZLRVBkFMSMtjGTqecoIBSipFxlAKkcUtFkBAqIZVSCkbZJkkRIdQyBZBA4iBwAhEFBdkQRGSbQLZsRy21VluASWeLkKWcEoypJTJJZAw4XRWldphpHFVUogpZCJAERnYSIRkCCAVSGmPhyZZtLBQRQhFBWIpSlG6ZlBCQaWNJiiJhsEFIIGHXIikwmVYpVosIKbJl4qIIhSEiFIHsZBqbIUoUSahly9ZKrUVyLQFSqAQRJaIlAoWwCCFJYEARYds4E5MtnXYpYRwUJINKSTwOIzgiuq5TgDNqiSgl1NI5tihVQsgG0tAyBaUUyFCkW2tEIZvtxE5bwhGZlCiKkNKZ2SxARIlSSk6JXUrJTFlG2Mg1aimRmZmpCKfTDkk4SpCk3VpDgCykIqmUyMw0SWZLSSpFiJSdJSJKiQikQA3jNIGdJluTZGSQAEfIJhQIOwIkZU4QDiKLkUSESikRhTRkswzZ0ukQIMtFEQrLOAEnBBGhEtlSmQqFyGaETUuKpCJbIKClu65ijLO1ZMIqJTKzfPqnfYqxFITUbCXONjmqSKUTqYDAzlJKKUqrdqWUggjCYVIRIYWQQcKZaUvhTCBbc+Y0TS2zlBIKRWDAyCXCuGViRVGgDGfLGgEmrQCwUYSzTa0JS0bKzHRKSltIkiXSY2ulhExCRJQoBDm1UqoiiogoQhIRJVSacdpYGBRgudZiW0gl+topJJG20xQVhcmECIWlUCnFUmtNYCszMzOTiAJOqLWGwk5bUto5tUkKwEJJOkmwCGG1bLIkgYdpElFKtRwSlkWoYk9tqoUSpZQi1JxgQDiigIdxUCiEEYkNIAmRmSIQpUaNoohShMM4QMbGmbWWbGkhIWM7IkIiCkhSgERmkq3ZxjZCJYoiQBJIbcqmtO1MgqICCKlESAiIEDZAtowiCAkcChG0aQJFhAAEjiIU4zgJd12PyGyKKFBKDam1FrVip+0kFFFlSWmVKCUgnbZdqpxOG5yZtqWQFCFEUVWRFKQVYSwCSyiiGJy2NY5jCClM2lKoRjFkyzY11ShUh0oUBa01CUnZnDkqIkooShchZGhubpl2QRZAmLTBbiApM9MKYU+ZCIXsBCwXFYNQicAAYIxACkVERImu1JJkG1tzq1G72kEGkQBqOUlFxREyKDASKBRSrR1SSAKgRACtpWQVdbXYUUKg1nJqkyJCpVYJbIfCIFsREVIENqHMlKSQEFIJCTmzJZQIRYgAZ2a61K5lylathcxmSSWKwelQUbGszJQkHCEpbAS2QyLC2DY2BgFEhEIBpRSQJJvmzJZOS0pwGmUoQK1N6SailOKUZISkTFsoCrZR0oBQ1IhSikoY1SiEppYtpwSkMElmSjK2bYxCMokjqjFCxkJkpjNBDqnlFKpgACvdIkottZYoUSIkCQNpsFNyLSUiws60USkhgGitgUopEYGZprYe1rVWABQRCikCG8syaWc6lFNKsmU1ElkqIYSzpQUt0+DMIqURKKKWqKVGLc1JZilVqi0boRLFcrYUmASpCAzGNtmmKaRaa8vMqVkm7TRSugmVEoBtIWEAGxVns10kEKaWyGwyquG0AVEki6lNNaolkLEkMgmRaVxrV0ppzhpFQRqgUKJUOdfDutZSI4RVIhRRAhSlYKXTVkglSnMqorU0BiGQ2zRNLTGQSEGkksx0Yje3aZpKja7OwIAQIAQYaC5dZIKtEIpaiigKpRWBBAYhJEkggAwFkkKkU1Sp2ZlECUVkIzMjpRJIOLFKVVFB7kpVBLaigJAyUwIpTNoliiSFQJIDMEZkykonwk5FSEghXKIQSmemVVSRQkIgLDuxCQeRNACyRildtd2mSdI4jIgSJcnM7GqByJYNp1trWUqUKODMCWeohIrsokAhLEfLJqe6qKqAJJvAhJwZXRUCIVCJIKLIihAqbZoUksKZ0zg5UyHZoIhwGhGKKJHZ3EAZqNROgd1EcFnSMjNNZobCmQiIlD0lUpTiqTkQyjYRmoZRAIpCiTBCsjNbclktCsl2ZkaJqlJKlFpso7A9jkORQJJCEFGjNFobU4qIGrKTWouk1hrYAgiVCFXVkJpbqDiRIqTMLJIQQYhMAyE5U0GabE0RSEBIaUcEIi1wUKJosktE2rYT1yiKyNYsR1RCsgljK6TQ1FqgkCTAY1rOiFJrqbWEomVahIMAh7CQEG6ZjlKKVEqNkCQiBCHZRETayDEhCWjZWjoKUKIKlFNDUuBMg4UgIIoUiigSJerRajlOYxc1IhCgCNqY2JZRMUmqzGpEBDYolGmytWyKKCVam9JWSIpaOglDUMqnfsonZVpSIOSQICQFWARgE0XCpoQyE6lEtbNNOaW7UqjKlpkZEjBNzTgEhMkASgDZjDIUhOy0omXLKdvUDF1UFUjCIggpSlGEVFAKbCOFikCKEiUkMBARQSBLCgkkUSwrw5SoUXCSzhIlp3FsU61h4aSWYnuaJoeLAoVxOiMCZLc2TZJALVPGkG6lhFSEQaFI0gghFKXYFm52KaVEwS2lUBTJ2GkJS1gR4bSCUjqJaWpRS6kRkohSI0S2BnIqwsalBBaywJkAtiWEMw0hLImIKKUWhE0tBSLdsqXkUosiQhGKdCORwAo5TWY6nZlW2thuaUNIIYWwNE1puUQATkOmJEu1CmUaAxa0bLaJiFJrCRwlJBWscRrW65VDtZQoIVk4jcOlhJGdNtjWpAjSihpBEIQkF4pE4hClVpBQ2salVGShBGEJYYgoZFrOlAFbIaURYLDHaQApAizCtjOdTiMECICpTUIIybUWQeKQopSQCGGQSykRlWyHy6VCfdcDkEgtG0ahUjpCNjhLBIlFlGhTy0QRAhVhy3IoIhSRLZ2ZmaGIIkUNORQJoRJBm1o2S7JtkzTjElWBIrANECFP2TDIWCHSTQoVtTYpAglbkk1raVuQci3FNk6FsAxtGiMKxbIiJEKS8DBN2AQlSi1FIUNrrShSyHJIItNOI+wEOS0EDoXJ1ppCkkqpkOlsJkpIZBJCpZBu2ZCkQBIYJNUiwFhRhFAIRSgUSA7TQDhdIlq25haSkQgDyCSkJCBCJg0BYDcsFYUkExIYy4ENdkYUFCEMIUwIIgrCSYSczRAgESBhSEFaGAC1li0nKRSBHZJkCAIsWwFgQJIIWy1TAE47ioqUJtMSEVVBGpQoULEz7bTACkXIJqQoIYFJbExmZpNKKVFCCBS1KJ3GObXWWggCG7vl5JapkCKCovA4jIYo0XUdSdpChlLCdmJnJghjbMBtGgtBYRymdHa1pJ3pQETQEig1iFDUEpJCkkwEkpSMbWrTVEogFYEwAk1TTm2oXY0okhRCNkSpBtlGoQhEQMOWiqbWAjCllogQkgIpJIkgbE/ZSpQIGzsJyVJYqYyoGDtDYafAdjpLCYOdoQgYhhHU932EUNiJHaEoJZCVgK2IQOpqFRJSqDnX6zFzLLVIkdlsapEUUUrpijMxilAgKbNJQooIKWxIJBshjJwJCOeUKGooQSiClilQKTIWUkQUSQhsRdgmQpbAYUlpBwjVriJJkqWCLEUgAcYRUSKmsUWtEDk1Ow2ZBkgIR2CTmQ6VCBAYOSIslI4IIzulSBswVgSG0DS1EiHI1giEMJkZCgtJCaQVOGR7ytbaZKciSkhRC0LR2mRbUGsXIiGSKSckO50ZpTgzwZmlhGAaR6GIYmepXSldlDBpbNtgnE5Q1OL0lOlsblDAwmnj1ozA2M4URAkFQRgrbdmShKJEBKgvBUlSa43G1JqCECVKtgY0u2UDpbMoCEWQzbanHEOSorkpIojSlRodkTIR2IacRkfFU05tBJBKBM7MhJCwk2ZL2RqWkCIQdra00y0zIiKKbSORoACEUGupdKk1FEi1FAtAIhAQkg0CSUWFUEgY0wwoIiIiIsC207RMCVmIy2Tn1Bq2sRstR9u2Gm6tYUUoIpAUSCINBkm4tZYp46LJU7YWEooihdRaZpuIcE7pUKgoWhpnpoUUwtgGFwJBWDZINjVkBIDMNE1RJYexSsFpW1Y6axRnAqVWRYh0umVTSBQry2d8+qdIgd1IbCgKCzXbmYlDgXDLUqOUYtxaymkJWimSSuDWMooMEYqIUks2d10XdrPB2KXErJsjOZGiBLLszLQCY4mISMAgShQnzmZws0IRIcBWIKTAUlUnhQUYBzJ2V4pNGrs1J+mWWUqJYGpjmlqqp1yPQ0hCVtZSFCpIURQiHEiKiIgoYNuSbANCMopSQrYlKY1tU6JIgY2QIkJGIQsMgUrtZUpIcqggADlwqkQoMhNpnJqdzrBdaq2lhGiZGIPtUKQzROkKdigUAXaCqaXgNrUsEbXUkCQBkqQAy7ZpOYqIorRtt8y0Q9RaVchUSBHCqqVGhAhL2ZyRkWAQtg2GMIlrCGShCElgYylCAQmkU2AEkqLWkokzm00iTBRwkbOhAiiQm6OWIkw4W9oQVspkCsi0QmkHlFoVAgnAzSlj28hO2QluIITSSaaxIjByIJdSiqrlzAlCBRJFgBU1CkKGAkaZCYSKQpKzOUSJMo0j2GZqLYJaKwqD00ICk5IsgKqCANK2s02ZOZUSpZZSok3pzBI1ikCQABFdVxUBklNRZKUdIkJGciKkKBGlFKmknZnTNLZMsMHNJotKRAimTBubCIWKnW5WkRQQwoCwm+2GZQMgBQAWVZ1CtjPdMjHObG4KhYqEnOmMCCvcUkFRtKS1RjiiBsggScpMi4goURQhLCkz3aQAKOAwBNjGJmoUFYWytXRKai0JSaE0sogk7daaFZLCToQUhAShKBEGKzGtjUJG4IgQEaUETluBKNgKQkQEoAgVWtqZLa0SpBXOtFQQWIgoIWezI2MaR6NSqogmdypdKRIRRQolSAAoInCmcWJSCkkShgiBSoQAOaIaGUopEZF2myY7oxZxhUsUZ9aQBAk2Qiad2BAlIsFOKcC1dqWr4DDUAEK0qWEhlaJSS4mSaRXV0qnQmktQa1XQxgyp6yqSjadUqETYRkoblK1NU4sIFIRKDUC1lBJuLhGhghMSSVghodYcDimnqYVUa3VmS4/TNE1TV7sogdTV2jKnNmGEFJQoYEzLTBsrKljGgIVba62lHbWiFBEQERQ53bIZR6iWahuEM7Eku2XL1hKRdqlFpYRCEWMbbddaHAoKtpHARgok27ZDVpGEUyGV0tVaSteHRNJaClkohCUphbNlUkSma63YaQlLxViW0kYlAifYNmCQDIENqCBkEYSEbadRiSJIS6Snacp0CTVnay1bIimdTtvGklrmMIwhpYwUIkqVJKxShDIbIkrBpDObjXJqKGQUIYEVskIQOO2GHF2U6ASIllkVBAIUCElhHEYFOYfJ4aJAwi61igBLpZRaI6JElBohJ6VEGiRZAluZiaF4Wqekvu+KhEqUMHZmKUVSLUUKIWdaZDoU4CQBMi3slANsEzVqrbWrRMhNQihbWsJgu9kYI7BtCREuyFiIKCVKpClRQNF1AqxsUxCpBHVRUHhKlQihiBJyc8tMW0EYqaRbREiaMm0iQEJka1KEkEopVSEVtTEBS5ktWybGCkUCIoK0G9QoChRyktmmTGVKQXE2gw0BkzNbCzG1Zlt2rV2JsJ22syWUElKkHSGEFM0pUYqcdtpCtgNJSG5Tm6YISXIaDCEQSEKEiiU5jex0S3Cp1ThKhRSSMhSWsANaZoQkpIgSISGn08k0TNM0JZmZxooo0pSTklJK6bradUUap8kms2VzCSDGacip1VIgDRGyaS0FpdbMjIgSRVIoLFbD2s2lFiHLopQqCCnItAEwilIUBoyKAgGZCQKRFBmpfManfYrTmWnbJqJkS3AhHApjJGFcSsE2DoVCU6YUmZKMlbiUTgJUIkSYLFLDLe20JEVIUQoiTCsooUaJooiSzS1zmqbMtO2GsG3bJApJRAmVkIqIKZvtEsU2pELZbKcALEKBJEvOLKVEKSXCCDsiSimWMxUhikREKNMmlQ2VUKDAma3ZSKQbDivTjghkbKdBEhYKIkIAiZ2WwHKR0m4AlFIQYGPS6cRIkmxwyzZNFiWK1Zwt0xIqCoUISBuBjSJCERFuCZKUmREhCClJG0+JsQDZBkmWokhT4tZUSlcrESGVEKAogoSIUktBhEISGGRsG7tEkSAiVExThMA4UIRUitI4LUopQViM6yHTBEEBC0UptYYTYawiLKedbXS6lGqFsCwUUUugxM4EBLanlhGys7UWEvY0jqUUgkzn1FIEiEAIyY0IiFAoLFMkiCghpEwhRSgAtdZCiECOQA6bxAGEsCSIItyyAVEiFCDZKTCqARIqERFVAiFjCVIKhSSURopAIRBuLXMcp67rS62BEmQriookkQlRaqmlZKYVEZnJOI5RVEqQoKglohYUIakoIgzOBsZRu2rLbpK60kUtIkotkhSS5AZyugE1QhGtJRgwpJpUFFLItpst11JUAtsiFFOzMikRJUBOVMBCgGw7nS1TkpCElEkJZTpFLZUi0naEZAjRWrbWSlRFCxWFWoJlDAIUysyWzUpMQGIbjEIKKcJuAIQQJjMjKIqpNYEggJAAQiKxLQkhhMC2M40iIiIUGEA26QxhQ0oQJUKKUGvpBLKoWhlCVstmp4KoVcWhSJLmUosh00iECCKi72pE2LZk260RoZAVIIFKCBmQbEQKRVgEVuYUqNSKsG1bwgrcbKWDQLLR1KaIQJ6mERHImRIRRVKJCIUlAc7ESBZuTSqSDGCkUKhIIIWQsUEhI5yYlIVQcbhEtGkqtUQppUglQlIU2bawp3EAK8rUmjGEFCgCIWEpjGithWh2thY1aqkRUbsKmsZJEdM0YWop6VQhFJlpp1OyJbKBQekpM20b2wAK4cwQFqWItJ1ORVWmp6kBDlVRSxEdkkKZ2bKFJJjaNE0jKERrDgBFBJhmFUnCqVDfzyxsQgWMkKwI7HEcxmkspdZaowiDbDtU0hkqdVZLqeM0hEIRGEk2xpKMCVLKli2z1FBEVc1M3JodCiRZDdOMjAEjCeGYpnGaplI7EHaAIkJSCKGQoNktHVBrLUUhWZCUwCbTmRkIJGEhCwlSpfS1NKebS622k7QUSIpSQgQGYZCdJmq4GclkUQgZ44KbEFKUogigKKbW0lOpXddHiAa2MU7blBqKwIkURekJo4hAtRaVkMIhppbgzMwWUkS0lrYVEZIUtYSxFF0plsC2I6qk0pUIEdHGcRpb2sIg1UqmnZJtGZdSImQjJClQLUpj0pkg2yWKgEIAYAmIUkqpkhC0pBCKTJcoU2vNWaKUUCkFSUJIUpRaVQITZdZ3siRsSqkAGAlniSqELQkSCyA8q52QFCWiREgyljEWwqhESFgEmdRaVSDTJSR1JWpXSy0lCtI0TWBCEWEcwhYgCQlk5GzNaQMQQdrg9DiOSFKQpIzAzVHsZpG2cbZUKCKUVg1FkVyiOD1Nk4xVkKvkElhGkiIEYAjksNMmipBDJSIkSUSJdERECRmP44SQZJj1nRSZrl3XdbWU0jKRS6mlhBBCJQTjOAkaTaZGVSkhYUJSKFQUARhKkRtRwnaJUARYSEUhDWNLtyhVRbIUUhGofNInfvwwjRJCRaEIAThCtglFCJADBEgqVRDpqRISzS0UYKdLCUKIiAADUihUulK76tamacrMdEphKUlsA0SpKpITFUmBsC0RJSwy006B7ZAiNI2jVCICOxQFKApFIEU40woZbCFFSCItqRDNBAC1lihyukYgZUvblrAlIRSRTiQJpbIgexonRdi0qTkzQjaZTQrB5HRLIiSkEE4Qwo4I0qv1OtOZTVI2T5lAlHBLQkJdrbaLRUQJqRRMZjYlilBRgMnMrqpBZpai1jKdpZYS1TZ2ic5yhKRAdqZlZ9rOTKSoERFO49YykRQS2ARuLbFDsrAtBCBkWxGi1rCdODMlhaSoCkSdpilCigCFcKq1CVxK2CArSoQAnCUCKWogbDszSleiynZrKKBJqqU4rHTDEUGUIpWQQKFSuijhTNvNkNiJoFkhlRBWREQIWQ7JyAKi1ECSwqAIKSTZRIRChpwyIiKKyRKBkDCA5QQJCATglplYIJHpkEoJRYmQEEKADbKdmaFIaONolGmcKiUiSoQiQiBERhSK7DTCSEghyZazKaJNzXYtNVuqFgHgtLEkzNQmcJSiUNf1pRRkRSmSATKIlGUiopYCtk2UrpaQWsvmJBuK1qZQ7UpVKLNhmSxRnbSWiQNlZramiKJACsLYUIogIsAgCYcUpWRaOFA6JSShkGTT2iRbIicrhEJCYEk2OKexRI2iEkWSbIGh1BJRimLKVqUsIVtJ2iIkKazEslRCIdwyDSqBlUYgEOGc0qRdRZooRSERJYoCgwjATpXARESEhBRcplAEkuRAElaCwHatXWtTptMGau3BnrI5Q5JtDG4NSEWRVCOi60p0JUIAmCQi2+TMEgVlaxZItMxxGoVqVxWymYbREFHcnHa2zJwk2el0SKWUUAUQIEQpJT1NU5KWZDOOY2ZCKErgkJKWY0s7CIVkJElqaZy2RRhjhFqbFBECZJts05TO5kxJTuw0AELpnFoqIC1cay2lCEzaDhEFiJBKKUhOY0eUEjUihCIQYbLWrnQhRKgoMKGIUCgIJKZMSUImJUIiIoTTUSJKpI1tExFRiiAo2bJltrQya62GJBFRwklImYQCSLsoKNGyge2UDIoQoZCAiOJ0pkMQ4dYyG8SwnsZpNImj60qEpABshySBQiVknImkiAIISZKcpBsiWyMDUYRKCWOnQgqFSNt2ZoZkgaVQlCIsrBoBfTeLGgFRa0QoZEinCNmJaJOkWostZ2ZaYGxsGzuiKALJ2M2EIiIiQjg9tanUSjNBgMEAaaeNs7UpUQqRYIRaZkiKmNLpdKYkpEClVAUkTWQCrrWAWmuZzZnTMKYTCRSlpBPAzRBRbTCl1FAQCgGRmQpJQmE7M+1ME1JmClsuRHQ17ISIKjApixDNFqUUScJRitJTJjClhQEpkIOYPOHIzIZLLRhFYCuoJUopsqfmAGFJgJ2WyCSiKJCcmdBaMwSolIiwcaYBGwucUgAmbTttkZnYYzZPslBQAGycqSjOtElSEjjdMFZiGZcoCkUJopQQEjgIg9OEaoTtKFUAtNYgDV3fFxtUooACh9QmI2qJCFpKpijSznRmkwJRa+1qhzAqRUXVYCyVUoSTdBQ5STuFIMDg5taasEWJyPQ0NRRkJplOpxFCEraLIlQsSlEpNaRaAtSyVQXCMgkyICQUETIRlK6TJCltKdItLUSoBCgUgVRsKwCyOYRCrYEdJRQCG2WCGxIglNmMoxQRIXW1k6LWEhGtNRUFIVw+/VM+sUT0tVdVKHC2tBOFbNfaicDCDZuQ06RVSlFRiVDJtEQpxU5sMp04sC0FgrQQZKDJLdNRSmYiFQUhEmdDUqiUWkK11pCJcKIInG1y2lJk5tSaRalVoUwTYAxVQQRyoCgBlpQAxghSFIq6gp1OohRFa43MUismVCzLdgrslN0iQpaDcUqlQ1FqrbUgatRSI21sACGFhELODBMRKCJK82SQShERgYQjIiQiwnYgQkKSohZFKbVISBGhWortiGJbKCLsZpVQAZdSQLJRhElnEAqZxFKAjR0SKCyTNk4UgdWmaWxNihAoRKAUshGAZTtJZYlIMp1VAWRziVivh3EcqkopERJRMkcRFhEhaJm2kSIiShWOUkqEJLekSMgQkhB2KSUkp40lCbV0IOM2To100vcdTkXYtm0DFMmmdl1ICuNAjigRAc7EyjYmIBTCLRG1FCd2ZjqEIiQMoRDGHtbjOA1IXa2GkIgoEeFIg6IIRQgwWG0aEV3pKXJrpQQo3TLtbAk4kCMUBEEgISHh2nUCQYAlZMM0jjYlIiTbtpROUsYyyogIKVuWqCVK1GjTlLYTO4ES4XSaUkLIJm1nSoooMlObpsxMO1NCBmGDhRshDFEKoFJrSKV2pYTSCIFCASYkARhatigSIEUUAemQEEKEMEilloaFMFjgkEJFssTUWmZmay2xk8A2ptaC1VoS2C7REYpQOt2mBhFRS81pMtncAlnChGSQiapMG4QgVJFAKlEkK0KAM0QmCKBEtCkpURSGkBIDMhYSLe20QGCQiIhsKYeKbKsoFBIRMpRQlGK71GrbzSGMIiQJqSs1akGS00k6ScC1hEERYMM0jTYRRSbTmQ3J6cxGUSlVIKGQiEyDCIoDSQGgUClVmCillKhVyGREKKJNk6TadS0zAlDLCZRuUulKUREgSwqEJCSBbZCdJSCKCAUmLdwURV0NjCJaNkw/69MtpaoSBUxIiEyXErO+iwis2nWlVNvYFtmanYowNAMmw54U0ZVATG1ypiKkUERIMlObSABZpQuFpja5NVAppaggDEAtxaAIFQlJBWdEVUCEiJYtMyPU14JUuwhpapMQ4Ja11giFFKUGEQrLtUSNTiGIKVOKCHFZTunM5gRCJXDiTJNWoUSUiNpVMhBTawKQUUQISel0y6y1RsiGIAgFkiTjcCbOrlaVUtCULdMlaoQkZcvWElSKAEmEIpGUKFSilBBCCDujhIxRlahCAZkoFEhC6SwCgfBkSVIo1EUItWzpJFNBprPlmI2klNJyCqmUcFpSUThVSkiRNooakdjp1ppAAiMsKUrUUhFGdo7DiAgppFCJCKenzIhSIhRRuq7UUqBlsxEgVVVJdlpEyOlsoxMJ7HQaIylBSArJgJ2mRChKOrM1IoRQuiXhggy1lFA4nZJQ5qQoRZIhwulaI1Rt1VpApaiiUEG0HIkoUsu0PYxTukXUKCGBZJN2KKSQPLYGIEeoIEVJp5BwIwsCRci4tWytIZwt01FKaxOKUkSqlMg0TRYYZ8oORe27llOgqbVpmqapiRJIkhQSoBKgCEmO2tWpjRGqpQBRoqg6UwAY2YkzUxKgCLLZQUg4M3FSaqAIgUg7imoERJRQSFKJIgBsh01ECVlFIdsCoRKSwliSRY1Su5pIRooQESUqRcV2RIkSESFDCFAQBAq3tNymVkpxemppLEuKWqpQOm23bCDViCTJkGw701KIQkkZIUJgUUtEKYQCCBWFwUIA2GpTK6HSlTalBBGJA9IpUUtpDcuBZKdQGpApn/LJn6SIZlVJCgWIloktRUgmoeEAFJKdaezMHKephIBSCghDCINwuihsbNuZaUmJRZRSQDlNEcICYywDbo4IJNuGgtIZUtRiXLoohKWQStQIgeyJKTNtpxXGsjItI5HGUxNECSQZZGNsoKBxak6DEtuOUCgEEUFEZosIwE4hk0DpaqmdhSeooaSlo9YaIQU2SAiFyUxLhFCUIHASkkJSKSpEZpaiUDGEJCntlikzThOAnYI0ChmERDrTLiG7ySHhhkWtBdvpCBkbJMsK45AoCGMUkrKlQYoSUWutpYBtS1ZUSQLbLRsoApBEtnRSFAhJzlQw62ellCQUFpqcpMEhWdgWQnKmEJKMIsDGTizCEkoyJCFwaxMoSpWEjdXSkoKQRCYQCAvRsmU2QykFjAIkOSRVZXNrxs6ppS2EsGRFSLatzBSknSjSFrRsaaMoJbq+q1EMTprSaadtZxpsYxkTqDmn1mqpSNlSspEkIdvGpZQoAmEQRZF2hAApIiJtWtqo4DQ2SCHAChlBo2FQBLYBYSdEhEKKUAllplNIKoAM4dYyWyKRTQIhDEIWUggbRXNiImRbJWRZwlbIgTJKVWau12snCnlKhUJgSdgYByGEjSTbIJVAmU5b0HCJsAkwCIENlLABhDIzrK6LbK2UkAIBiFAEclWJCAkhQ6ZBCslu6XS2aQpKlMDYNkytFQmBQtDXkpCttWEstWZrCME0NSQ7wJiIKLVGka3MJNuUrqU4DbYhZTKEiUKohIwQEciYTNtuU4sSSALbbg0otUQEoWwmMxStpWm0lEJ2NkeEBLIUgdLZWmvOzEmKiCJjOTNtyyIoJUopTkmAI0pIzgS6WlMOsF1VFEUhi5wmlcixtTbYQp6mJohSSoQkECiiKDStB0VErRgESMZQagmRzVIgCyEViSBbtnSNSFm2VKIECilqKeks0dVSCYlQEBHTNHalGuyUA2FsZ5smUERJJ6aUIiQhwjQBiubMcWrYkJmGdJuGKUrYpqhIkhoWgaVSQiFUuhIYExGyW2YJFcUwZbYpSgmFIoojsZxSCFQqGOFMG3CtRchYUssEG0nGEooSgZDdLABJIZRCJhQRSEKkycxSS60VuUQtpbPbNE5Iwtlapp1ON2dEIAXCCJwNAhlJlgCnSykJMgSSSE+esjUpFCiiRiDVKEmz3dpkI0WR0m7ZEMiItN2cORmFJDmsKFKEjCQsoJZqO0ERpUgoU1Y6HUEpBUI4jUSpAZQIQkKSKeF0y0lQSkRE2pBd7SSViCgFo0C1lOicTk8oRMu07bRDihLRlZxatgksYxBIBjXbdpHstA2AVAMIAziRcMoklqCUgh2lFoWFW1OU1qa0IwDSDktOo1LCDkmhSKMIO0EGSZKy5dQyWyu1RhRsyVKEXaIQxaSwiFCMU4bC6XRGKaWEpCRzaMY4IxRizEkmSpUpUQmQSQhCqhGIzJxaE4qiCAXRstVSa+3AoVCE5YhQOEJOl9KFnBEKhQSSLAUqUVRrUal2glVCZhiGaZwQKnK6tVYUrTVDLSFpbOnMWksoooQsY0SmLYUMIrPZzjQZCglEIElIpVaBZAgy7bSNwSAIMNiZDRNRVMMJIiTSpSgicnSCoKsViSBQqESNUgqWnZm2LADZBtIOZEWEJNkZiMAmczLKzAAiyHR6aulmyxY2AaFIO4RQ5pipzGZnRBFMiZAgqjIzW0ZERGAbSdiCNJQooQhFiSAi3YTARNhkSyBF+dRP/gQJIUnpqTXXUiQlBDTbVpRSQioBGCIChUSm066lCrI1wqFqbIPAgIlI24Azra6vIONMgy2CUKirNRRu2dwUCMlKZ5RSSjiNFJZCRVH7HhtjW+AgFIQykSwJMrETRChFGADh1nI9DTVKqcV2hCIiArBVJGG3zMwEsrVSS5RQBNihqhpRFJqmpFAj0pSgRiEC22SEREghRXNKykwZAttpT+MkIRUJYxE2gFGChEFBZoMoJdrUFBGlpFtOLRRSiYg2NoTlNjlC2BjbhiTdCEmEgaJSip3YEaWEbNUSEREhhIKWLTMlEmwbVEoIqYQUEbJR2EYqJSgFaK2hiFIlIbulcUigUgoKgUASOA0YMDgTS1hES0IibNtpG4eQFNEwzlprlFICRagqIkpgorWMQIoQWJkZCkzawlOzjdJRip21CxSSaq3gEAohO7NEp1Aoaim2i5SZSCWiqNQSkqSIEIGbQQrGlumpEIRERESSbq12XYRaNmdG1FC4OKISKkWgSkye0tjGdsiZCiJqepqmiYhSigiQlTVKhFpaIUMoSEUAKYcNsq3mDMnGzi6UppYiCRljSVLLFhKSUDolbJUIlTAGGRAlAhOltGmaphYRhtYSW8h4HKdMl6JaiyCzIVIKEkXaoWIUMlEUZHPICjJBCqm5BcrmdAoZUGBFiQACp5wpKF0xESWwjUsUFNiItDMdRa1lFE1jhqQSIYAQkqN2tXSlRKbBQTS3vu+xsmWgTI9tdBJVU3MqsUClFizJpXQRsmxLWJKkKCEbSNumTZm0WjpJmTYpbNvGdjrdEqgRKGzbmAh5ak3IpAQqJSKNgq6rTpbro2xpbMnhkKQiYQHKdAmFS4lInJmARJQaUtotnQm0UDiEjUmn0woHRUW2p2mSsMGupaRTIqSogkJIUq0ls7XWsk1SlFpzbGmXWksVzVNrIgiFaC0zbVxqhGmZmSTIQkaepmY7ouDMRM4Ai0wkO9NOQyjSmWmKimSUOJOcpvV6KJJCDkslSrEzFIrAjoiuK8M45dSi1EDZDBayKaVTSFH6UlCk0y0VkgQIQcuWU7ZaiiIsShTbLTNESJmOkCBJkCFCtkOSwGrptLGkYiWJQkjZppASFLLtzARnQxhKBCjTYRsTVIUhndWhEjWqISBqzWyr9TCs1wpJkkISUglFKYAICWwjhQRYUjgtFEWYtFtLQMgyzS2bIhRFCiTszFZrHxHZrBLZMm3TQooIQZu8Xq6O1uts2XWdZBRIskCZLRQGyygkFJKQ1LJZdmaUKpUQTiwVwC61OCGiteZ0lCqZKG7ZMkEhbLXMCEkSNKftlnaSpJ22JURpbZKiloKUTijZpgZRihQGpEw7E6i1w9ggQsUiVIrdbIIaBSKzKQKQVEs1IICWDTDUEAiBhEMABkBgO8dpBIfCWBASAqOIkGqtRRERmYmQaE5hQ05TSzsdoVpK6WpERFdqqVI42zhOIZVaotTMNMYlFMZktsyIIgpSIBSlRGYanC4laqmEbCOFpAicjiBzGtNYikwkRUCppJttWomiiKi1ioiSmcItM6KAbYwlRwTpsY1d7UoplrBt2RkFSdM41a4iWmsKhag1QkKRdsvsaoEgyKk5JWFJISdCmS1b2hZCpO3MFFFClnFODaKUQKAIAWQ2p6MUizQCWUObWmsFJc7MopJOTJRSamRrkpyWZKNQkSjCGJwgIiQFODMllQgRSbphp7FQKZ3kKBVjUIRRNisooiWAAZDShDEplaqiUCWktJVddMbOdDYnpVTLGACTmSFLKl0NFQkd7l0AS1hRUEK2qWUqFBRs5FAogGiZAUbOdEg4QjYhgYwEYMQ0NtQiuiK15syUkAwRJRSltbFNGaFQ2FmitMzWWqkRKi1bKCQ3EGQmxk6hUrvMLFKG3ZIStERRQpm2s5SKROYwTrULKM4GDOuhn3dddK1NE+5rBVprabtZNWRZqYjIACeNJKIYRwhjUJATxpmjogvJOCQBoRxzNY5FVqh2VYRCNm7N2BYipJAkGWwMOEER4WyZSM7M0nW2s7VMl1DpK6ZNkywVAYg2pVsikLpa2uhJra9dKCCn1jIRpF0iEIoooXRiARgkbAs7lVAKpNNCCNsIkNKOkCwAIkq2NrVJYCtKYCNCNdUKoVDinBIRKs7WWiOiq9WQ2UDCoqQnowDAUGpxy3GaMtus75tdSgWmqdUapG0iaI3mKaJEiZyyTVPpaghJFlhFstSmFAkYZ7qUYuFmQSklZdIKSaJlCqQc2+SWLasi+ipTomS25owI24AsycaZVkQtkWZYD1FKX4pqwR7HRC6IEMYYSWDbaWOVCAxKqwhjYxGZObVWa4jIbJaCsHPKDFFrRdBQSIGTlllLTFNmZgiVCDS1FrWQliKi2M0minJqQ2slFBQkaKXUkGyDpja1lshd7SMic0IxTVNrU+26IEoo7damNrnUMC5RpJI0ZTYTYEM4kxARRSEZhLFNthQhQSislHEigaSIwM50MokabhkhSTRGjxHCMU1jKYWgqqAwxpmpCCkSh7EzbSWWQZqGSQVEkUJhEKSdpqvFzZMn0khdrWlLymyhGiVwjlMLEVVYY5tI11IjSmZLU4rSwrZdYHRmthqldJ2czSYdpUK2liJajihqrUBrTSYxZtb1kydFhCOd4BJ1HAeMA5F9vzGOQ2tTqaWotJysIDNEKXVym4YxM4OiQkQoAgInkqAlJZCUadwS9bVmkqSzTS1LRImCnGlERLFJZ4gcm0XtO9JOO9NFfekkDeNg3CZLSEZRogBWyoHd7AhFUU5ILhESKIZxFIoikgi1TCAULRvCmRB9LelIjwbAUCMUxS3JzECJQ5ktVNIt1NVgooVCCmw7IVprIVIoQelUKBrNLZEUEWQSEQqFipRq2SIiQq01UJsSEkIyQopxmmQipJAisLM1CEREyZZ29l21lJlOj+PQzWZFMeYoIjOx+66zac5SAyOw3TJJoshIyDbYIFvSlFlCpfRJc9rpEFNz1xXscZpqKVNmrVWSbbAtcC1lGloyRdQixtZKVJOZDkOAEGoYsCk4bUXtitKZJigmo2gcJolSqm3M1AZKFCLTWLWq2UKEwtFaU0GJwSDJ2QxdrQY7s6UiJEk0pycopQZ2Oi0pSVKKQAaHIqKM44iJopaOkACFW5OEJCntgCkzhAjbUSOnDEkhI2RPJrDTUCMiambaiZS2SBSSSLJl0iJK1GBCQcNhKMWZsoUSpMgcM4kSciYqCrCK2mTZDYcESEq7ZZYITDoLUgTYGCQVWnMI3FraCYqiEtWZrY2ldEgmS6mAZKeyNeN0hqQImZatREVSSFK2BnIaNSTsUFGJ1lKSTNoKAcLj2EopCDDgtASopSUXBSrZpggh2U63iNJaEypRaw1gGAcTRRhnYlFCQUFNFELOlmkJWZZBQlObSilcYQs5nC1Tkq0UtUQm9uSsUSynLVRrmYZpyqmbzcJhTyIaDUeJApmSjMIYI5mIsDKbjYtkZLepuUhSRJFTSWvpKhkMynSoEKrhli0znUEQDkU2K0IiFFObbCKUaQVFRYFt29kaloMaJXFmgoqUABSUdqkBZGKSJISh4RKCCMnO1sANaWytryVKTafTQhECMOkWUdK2TaYg7SilfPqnfKIUIGyEbIhaq6wIokgKgRURclpShARhDIZsjiiC1pqdKghhppbOFFgZERJQkowock7TZFvC9pQtkCWFIpStSVKEFBEljTNDASIgW0tHlVumXUuHEaQBIRVk0lBKFQEmM8lEAkKtgRPF2Fo2G6koJEFEuJkg3bBKqQo5bZxOQhCGzIaEkYwRUIIEZYSkiAgRgdIAhlAokE0JjIUM2Nit2a1lM0SRM0zLTAFCEDWKyjQ1UBRFBICFMEhFclc7Vck4bdk2UkiJQyiEVKSWdhokbLeWBgSQiihRIgQgJFprtiQbag1RBJm0KZtRSBIiFCnbGGfLTIOwDW6pCGM7nSiYxtFWCaeLZERmK1FVJAkwl0mlFAkZJ7VIqNSwDBEBUgnJ2JYiIoQyXRAhg+0SMlgSYDenbEkpOxNkJ6hNrWUKZWshpCil1FIxkkw6hKE5sWwUUYsiIgLsBtm6bqaQM2URgBRKE1IKYWxIGpaRChKhiBJhZyZYhlCUWtMOwkaoq4EUir7vI0KZaSTJIGoUy9mapFkpUqBAhIoUYDubm9OtNRGSA0WRE4WMQIHSmXYpMmGTOaIiMK6li6BNCQZq1xcpbRGZKQO2VBDIopQaESGVqAYEkjONEIqws0RFtGwlwpZJAIu0HMgBSCWEwnIICEGptZQgsZ1OMI4QCpyYzJatTbXWEiEoUaIoIrpaIqLhECoqpYRkbFwUUYskhJMoUkQ6owhHZptaSiEUEVGKooDTGRFC4NYmQ4RKKaEiRWvT1CZRMC0bSYRVApO4ENM0FkXtiiRJxthCihByQBoREcYRIQNp06ZJJVpmCKFxmqSQPU25mM9RlFIiihQRpJGntEsJRbTWEAIjTNIkQhKBMkqAgBJF0jiOOLvaO0QikdlKFIUkMlMhRZFNOCJaZo2qkJx2CEtkZpQIRShCajYKhYTsRDjkzExLioiogZFUa9eyJYlRhEAoVAzpZiPJqNSotVNIipAlGbIlkEaSIVsqqFFLrS1TpYTIJKLUqImxkAJsnIlt3DIzHQpMZkscJSJCRQqVKBEiVKJTKJubjSwpWyaTCAVpcFqSpFAoikJomiZwiWLsbCVKKGwyU1FKBEGgEEilRIlQRBpJoTK1IZsxpUhShBRSlMwMJGyphLBbm0iwFYpAUWQIZTaFImRsXLpaIijKoUWNWoqNwcaZ49RCymy1VqcUEiKtolICSlFXq2wUoSilVOwAy0JAOhXRdQU0TS1CigLONKCgRImQMyn0tQZkumUiDGC3BCkCkGTbdolQSCBHym4oZKdAEca20yohRUSEqrJlyjI2iAhCkemGQyRIgW07IkIRKo1M27aCQEZTTsIJMgIEIiKKQIpaASw7I0Ih2+mEiCIpAiGKQlKNUAlJgEJEOGk54UwQZDqCWrtSo0SkMyRFSdktQ5HYaeyQkHBGREQFZCsCAc50ZqtRogQkEaFC2C52c9pY2Cad0zBiQtRSShTbtiNqqUVI2CAVkem0UUQpNVQknEgYj20axxal1CJUIpSZtZSu1FS20YQjRDqdWA0HIckyCEnYFmBTakWQlqRCISwUoQiI1qY2OSRD2iolsMk2ZRTZUgh7GAecUSIIwNkMxmmcCZIis2VaouuqokQQYAsnwlbzJAKUyhxTUQSZtikRmbYpXZAiyEyFZCW2VYrShGTATijIcqlFVldDUrYcp2YbA8ZYlsIkSFBVDG6ZbpkWEIEtu+t6SZJkIUtuzRFqU6ZcowisSDsiJJVP+9RPASOFCmnbIVnIEEgBspE0jlOgCDmxCKkURBhnWmAcpYQKlm3sKCVqSAWBrSDTpBMkBKohirBqFVjpRBG1djiNsYokk9jKUkqoGCuKM23cjFxrkQIsIpmyOSKEgMCtuZSYddWIZkBVoRJIIiBCAizLYKGWmXYIjCQkQTYys6u1lBIht0wbAWEsFCUsR0SpRYRJk4AgIkotEM6G3Vprbaq1igjCVrbmpNaS2SRAziQkSwQhrFKjREQEUrYMhUJ2NmcpJRFhjG3zTKVUEAhsRNpYIAURIQFS4BCSEodCTgupRijsBLWpIXBmtpCiqiudEGZsY0BECJyJ00hBKQURgUpRdCGNbQpKV8kEOVvaCEA2UozDgBURxkhBSVyKFEonxsitAUjCzUiUWjAIJDuxLNyaUUgtG1gRTpIsKph0k+SWSiWeWrObkFGJiJAiEGAsgUMKIgohTBACSaIgICKUzoS0RQgyJ3AUAREVEZKFXboiC1CSMmkjASYFtkJEFIsaMgJFUKIkzpYCFNPUbIOdLhGSUpJkXCRnSjIAoaKgRlWxUopiKAWhZuRsmUJRwmljskkhkJBBgDCWQoCRnI5QiUBAYFtEKMDOiKIQcmZradnpxGRaEI4pm7CktCTjwLZSkslQSdxaZrZsWUKlVqRAIdmk3DJDApkEYQhPE84WqumUSgTpjBIKZAhAaWQrBMItTShsKYRo2UKlRLEtSQqVKDVK1GlqISEJZbqEJBIKIgIkhUQpAXZaUUopNmZSCalGCEUoJCNFdASBJDtxamgjSLKRAoXA2CR2A2zVGjhtI7AbkhNJIqKqCLCN7MSkFYFCYWMcCGTsTBEBU2atRVGc2A005eS0IiRqlJBMCiG1bJhMSkgqGFCgKKXvSjOhUITC6YxQJrQkwjSnkWy3KTMnZ9opKSgqso2RUCCHwjRPOXW1KpBCCoFCGIVAdgMpnbJM4szEimCaEqexE2wpKKHM1tJuGKDUEl1RhNMRlFLSmePUsNOtTZmtL6U1FFJESE4XlYgytUmEhEIWRRFFNYJQhErUKCVKERqGsRSFArDtTIdCiGKB07INyNmEaglJIBtwa82JTQiFJMk0E4oaYWFLSCA5aiAMZDYn1jQ1BCFQkWwkKSRAklQUUQIrbUHKNCTSKSJEs0MBAoSMawnbU7ZAGJDV0o4iJAnsiEgbgS2hEtlSIcAQCgSEQrIkopS0EaXrA9JOjFERKUmZU0iEZFpaSoQIY2xK0IxcamSj5SRxmWpIJbANKAyyW7ZCKMh02orAxrJJN0KZidXaNLWUXRQRCkVzAorARCmCtEGQbcqGA9KINIoIQBHZEhOSirBBmKmlnYoowshOy0K2MYRk11rrrMoIJKSwJBmQQGGc04QJBSikiCilZHocR6OuCge4RNSoiQEjgcGW3IxF2LZUokSgUoRCIYWVbkhEgGW5lBoywpmKgomAwDZGUGu1yWzZplprRImQgIg2TYoSkgKgSoQAOyNCEZKFQmE7nU4bIyNJCknpNlmhEkpZyEyhKLUolNm6WmstGJMRIYVQa1PLMaLUUlFgMrOljUNShCJCZDrTUoTCME3TNE5Tc+kiomBHCEIKA2BbBkkhJEkSUUK2hFEppShMkgSgsBLjxFJEECEp04EsGWO6vkqKGoEIQhEYIg1hEHIpneyQrAihUoQiivE0TUIKuWFnFKaWpRZsO7tSu1oJAeVTP/WTsDNToVDYaZxOxJTGxsZGSEQpzS2dsmwDpIwjgnAtFWPSdnPKqhG2hENFRSKmqWU2SekUqqUqLAURUSQKWLLE1FKgkG2QDBFFEUKKkEIRwTRNIVAQCEJqk+VUKUhIzRNgZFvIzoiCkSRCBSSLzAQ7E0KSQqXUUEw52kq3NiW0iECAJKXtpKsFeRonAkFOLQ12hFpmUQWwopApky0TSyZKYNmpogglRBGilEARQUSEQkUSMolDSAJsG0mKCIXAraUAu2VrUyNdao0IidJXO0lJjijCFhJCgrSn1hRkAigUgESoEEmCooQklUARERFFisw2TINtEQrVEiCkUqLWgi0horXMzJDsNKpdsYkSmZluIkotETiztSnTJSIiQEUaprFEZDBNTQBkpgGplBJRBJmQFhiRObWMIozthCIphAJADhXCcglJKEoxKZVaZTtKiYiQbJFMOYEQyDRHCQFWKaGiTDsVUUwjJFxKDSmguRlJUokSIQKaIY0shRWKKMjZEqlIBuSIyGYEYFIClZYNPI4jwshSgGQFcgC2RFoKBYAzs0WJllZIEqKUArTWImopkWQaowIts9kKFZEgLEW2ZjuNhEIYQ0hIU5tsRQQJYUlAiWiZdoaKkJ2yLMLCjggb29hRojmdLqWGaJkggXNShFSEwVgykjInI+x0prO1bC0jSimSwkSpIaJNU0QgMlvt+xJFBcE0WThbGmEUCsnpzCaEQmBbAAnYwk6phKaWckNEBCgkt8nGpDFAlDCNJiQIgmBqk9NSdDWkgHRTLTUEoXFcW7SWtRZJGOeUKZOZaSe4li6kTLepYaZpsql9V2uXpFIqQThUSolaiqJIKqU0Z6bBzlSSuESptUbR2DJzwkSEIYgSMo4oEZIiQgHTNCHXqEJ2sxGyHChKkQApoigiykS2YUrSIgrZINOB0+ASQUhGJQK1ZuSIYhtcoqhEKVWKCEu1AKKlp6mFZEhnKEI4rSSdLVsYRWAriiQyEGDbSAYUNQpF2IoCxmmMDZqyOYVSJYRtcpraNIFKicyppbtSur4rtYQKEYBCipDU7BJSRLoBUgE7kVIqaQwyCUVBCNPcIko6bbIloa6UUiJKwUQElMwUkqQodo5jsxNIDEhka5ZpKdNooYiCDc7mFpKdGKVBtZZAU2uKAo4SfSmWM60AChiBcAJ2s42xTCallrRtgxOJjFCpXSgQJYJQy1QoorRMk5kmVUtVSE6n02kZK0REDZRtitIpBIpQECJtOSw7061NgpzaODmAiK52OCUppKiKKJIFRgKEDaAIW6ESBSHZxlKAJYlMsJsbckQIBUHgdKmBUwFR3SbbmTlNU6klokREKBQKhSQiBBEhySAFto2RJMmGorCNUZHtCNnYRsqWTmdrbokgCAXOlrZTCsw0ZRRFRFFIIlQUzkxsjCkKI2wkTEGAQlGilGjZDIacptZSERGhYGqOEk5na8YllGmnC0EgwlhWCVqmTVEoShSNrQmZlklAay0zJWoUEGBboqWLIiBx5oRVau1KLaWqSHYU2WSmpYhQCLu1nJptZ1oKGUNIGJwOCUWtUYog7ZBAY1pyV6ukNmWqRaJSooTtUCRkIwK5CE+tSUYKlSil1CiKtBOEWxudGAdECdslVCIiIrNlgrAdCgnjtBARUkSEEOmUSi2VZJpalBBMmZkplVI0tYatCIqKQilJ6kqJUJFkZ0JAji2DKF2RoxQJZToiIFuz7ZBDBWFjN0WxAlKWbUVkjjllSJQIqzmTVAZSCCnalAbbGOPyqZ/08aAAo3QmdtrNEjaYUEgoShBtGkNRS6VgS1KzZQUqUQ02QgKjdKaYptHNFpkok1CJkHBLRRiLsDMzQ0K4pSQUERGSbWxnUiRjsBwCZGwTUpSadmajWUURQdCmFIIkZawoAYBQOls6nTgl2XZmjaqIWooiigKZhEwUpQSSoHRVRMuchknY2E5CNooQQKIiESGBFBatNTtbhmS3ZoWUzYmK5UwHlFojAudkh6JICBGEAGwrlJmkjMFIADYupUQUZ0tlV/sSJbMRUUsn0VojScBTKJqztRSShGlOcCgUERGSMW5uLUnAtkJ2QzUKQsggEoBQyK61GttpBLJUpNZymhpSZhrXWlCUkAhMSyIiiNp3Em2aAJNRStQSJYwRrU2tNZlQSCYiKBQXlNkkYRsgIYpERISwVKKEMkE2qioBtXYRsi1QBMKZKAKlrSghWQiCQnFRjVCUQmKZgAZYocxs6SgIhcImZU+tOR1yJriUggGMW0sg7VAghIztBFnGIbAppWaoK4EgMTIUOVuTAhMRCEyKGlUlAqnQEmeLiCkzc5KKoigUEUK4pQ2WIqQITeM0DUOUQHJzCNuWS0QpRRERJSJqkW1byJKcLlItAWo52bRpymYEkoSsaZpKDSS7TeNIREhuKVApXS2hgsGJKApFhCKdQqGwnU7SQg7VEFLLTFOjKGKaplKilihRMh2iKHAa11psxmlyZnRdgdYSJyEZRRjblFKaW6iAbaKELCEiMt2XEqVYChEKW5A5tcxUiAiFckpwWM0JFkxTs9NKAKLlpIgSBZxWlJDUpgnLqJYoRTm1nDJt2xZCpajULhSAbaC1FhEqpUQICTJptp0lSkitpUAh25lZapGEE0shQ07NGONMOYiQLSlqIRBIsj210UjQ7BJRu5qkFFEKMsYt0ykkUETtqtMtW4QiSoAzsCkqUVobW1qgtKIgWmuUqFFKKbITB5QSgtamaUrZCNsBaZdSncaUriKFlDCO6UwHztYyQ6pRHIoIYdukAZnWWhAKCezEJqrstGsEzlKjlt6mObM1RdRaW1qUUhQRKIQARYmCm6W0iVIEbhYhp0JTm0JKAqdNhCwLlRJujSBQECGFbAG0lijSBhRCkIikhKC1zGw1qkoAbo6IUqJlSxsopUYookg4sehKTOmIUIRkkJEkIQmVYiwiQukEMtNGQtLUXEKAAnApQaIStZSQsqVxSIpiT4ACJ5lTqESVm3EoAnIYhwRAUbFzbI0UkgSyLWFbGAncWrbmiECKqBIoFIGbAUuBUUCaIqIUsBA4ooSKoVTVEihCCAw4SlFRKCJt0pKNsCVJkaSFbRLACBNSttbsCNVSSqlkYqkGLZFssG3ZiULYmRkOqUZEEQmKEsU4FW4tMyUFKChRwAqksELGIqxMwChwGpUiRQmkEmlCas5pmgIZZTYAIQUgM2UDaqnGNtM02c6WtesjoghCmCmnaZgAS7JSWUrJTEoJKyJaWtiEgMxMcLOdaXDagYwiJDCOiDQRammbUmojbZcoNgShEpJFtnRma0bIkrBtnM0lAlqpVVJCa5PA9piTrIggXWqAMhumIBRFRIQzbRuXUkrpbAtAkgBsIeNaa4mwiFJUCoAzsVsCEUSE7eaGKVGcLSFNrQUVMKZ0tUTgEMKNTEXYiamlKgIn2KRKSGEDECoRITkzSkRIqTSqlFIkYUgyDYYooRJhN2e2TDsF4BJhI0WJkApCitZyGjNJbDVRaeOkEm4Q6rrOmS0bSKh2JUJSKBSS5WxpG6t88id+IrKi2ClCESUipIiIGrWUCNkhaE5JRbIQUYwhm0VKkWnchCLkkIyCUqLWLopk7GyZhlIiFBHFIOTMsbVpmkIlAkNECQmTNGxLSEVCOC3IBihxtqZahDJbm6xiLIWqSoQAhEREKcI4bUUhcLYIRSmUEGCQJNlp0zJJExIYgUuEFRISoBJhO2qppQgJGddahIRkJDkEiYkIpBLUWhUhO1N2CkopJSJKaa3Z6TQoQoowlsiWYCmITJQtnaTBZLa03Vq6kSiiqCQGhaKUamw7M8kmqZSCgowIKQQSWSJq6UotESEJQCiUTpQ2pUZEgJ2JlGkLp8ElakDUiiRAEQgQaZsSBVrLKKql2g6ipYVRSghJCKFIkEIqUaMo0s1JQVGKQqUUqUhEhEJC2ZqitGyZCItSipCNSgRCNlCkqNFFJUAyChCR2cBSlJCiIAAJicCogJ0kiS2wETiNHREJJII04KhhO5tby6KIKFJEBDBNLUK2DYSKI5V2Rg1MTs2JAikImSZUQk6nAQlLAFIppQhhSwg5MzMVQUi2AkVkczoLKl0pwpgxjSPCxqCICKWZpmZTaiAEUWtmk1VKBRsUAtvYKcmyjEAhRaTTaQlQ1MCYLCUUpYQiIsDGSIp0yyRqjUBEOoWkwG5ORUSIBEkhQk6DkSLUMrEgZSICRdo2CICWzU2SkyknO0tEUQEym5BtFDiDMA0gyNZq1CiCyJbIishMScJpq4TdcpqIUBpZEkhQomAjqkIKOUupNiFJIYGjFtlECUVkIiwVS0h2dl1n27as2lcpAOxSS41iO21n1hIlCgFQIlQiBekiIRSBMzOdkmLMERMRCSFJgdSyBUQtdmJKqZIjotSiCDtlRQQAVmLstEWJArRMSTLOjCgqmloqpAiME0ghKYSQsk2ESoh0a6kQ0EzIKogIYRuwyGakJG0iVGsFJIWEFBEgO7FlZ6IIAaHalUKkkQyyDHZ6GkdDqVUoqgzYhIRtd10nyVCk2lVF2M60BSig6zup2LYzQijCaamE2jghQpIkRABOFEWhQAqVCJO2jUhnTlkCSWmmcVSJCNlGyGRmKUWSEGRraRMhQkJOSikIgUpIUbpagpxIg7FUwoqikCxhKbCdVhFGEdOQkFELaasEzQlymxIhELJbWgFgQ0QIWsuoIUIoSgmkQCEpSolsNgjcpqi11OKWiCghaJlhlRKJsIuCAKvWkNRaM0ZgJGy11iQZJAS229RsR5QaxSrCCISdSiglM51plSglW4tSRLbE4HRr2aZ0pgNA4FRIFBlKKRGCcLZsSAJFKZkTKcvpJkWUKKWPiNaawXKR0kxpQCGwRMDUjCiKKBV7HJqlzMxsEVVuTpUSigLYLqWgAAlqhAW2QqUEipCkQlCiONNgZZGEbAdSBJKxbdJRAmNcS0SUTLeWAkUhMZRSImQkWUQokJKspSiUU47TVGtIIHIcpTAOQJRSagQlVEopYYXTSCWKwhEVrKAoprRE33eScA7DOOv7EiUi0tlaSjKknc0hAGODJwtHRESBFDZAdLWWqCUESGQSJnGbJjAhDNgQIVt2llKwp9ZAdoIkqYRCtm0UkhXCCUpRwM2tRNTaRS211r50EUEmpYTCIGMaprUGmqbJcgmlwLIshMhmO0Egp0OShCiSJEikUiumpVtLk+l0c9ohWUhgSkiKKRsWKFsitzSAbRQSQhLCSSkRYbmkJ0AUi1BEoUQBJ25Ta86wSql2IgytNRJQlFBR+bRP/SQFOWZIYFtyIgFYlklnOIRt2yCF2tRQhMJyKTUUKkonshUypZYoxSYkMCqllBJhoxDQWisSkFCjlCIpnBaBANs2alPKdKUgkakamSTpNrWWtRSQJIlaimoRCNJOW2RrzkSokbWWiAIgIkIuKWRFKCJsRwQgyWmpRFHatoVEtNawVKJIUSNCmKpAshwiFHZmNgQqrTXSSAqhoiDT2RIQRESJiAgrM7EnWVFrLTUimjOsUsIoIiR5SjtrKQSBmpubImyQgogQxraFUEqSSbsUqZRstp12qRElsIQhogjUphynCayQEqcjZIciRLapRSk2YHBICilJJTZSthFLhMKhUBFWrcU4JEUvPAyDkNVUS1jZnLaQoUhAqSEhS/aUGSJqSROSTGujjSFbC8i0ZaclkBE24+hhWHddFZnGkkPOtLONzc5QsY0NSEICgbEjwmnZoSJZSHJrE3aSmIiCBbYtI5IIMiFM5uRSSq2l1NrcAhThdIRqqbYlYStCBAIDznTpQhQ7RdhGwm6tCRAUwpIiCOOQSl9lpdN2jcBubQQlCqOglioFRhKJMSFFhAJknM5SgohaqiRJUSKkQF1XpnTLSQTQWnNzKcXItiJKlMyWNkYRRaqlqgQYQshphYxsgFKiKBSSousqVpKkJSGnTVq2pCghwtjpqCFJRshGpKJIABiD7ShFKDOnqUnhULZJqOs6RdRaQsU4SimKhoWQIEgSK4SFTViWAVsBgCS7ZYqopTgUIjOdTSFJiiilGKJURWCQI2qEUERgQnapNVuCpYDEkhBq2RBSECoRNs4spbbWFEgBINluLSMCYxu7RAnR7GmaMCohQ0hiGidLtVS3NoyjwCA7SoQijUCSIKII27INtkQmEdhSIEtRStg4m01EoKgRQAklork5i6i1KiIUkAZAKEoJYSEUUqkVCYcE0NqEU1HABplSSlEYQCZRhKWQnbIc0ewQipIk6VIipIhiGxEp23ZmUiKMsbFKKS1dpIiiVGIZGYcAjBSZgEqEQzZRIqC1FAJaZk6TRMsMFQUQCAmM08YSzsROIluTFKVIMY5DKJyWIkEQQiWE0gqp1M4SZDawQ4pSQmHS6ZAhTIoQYKMioZBCNcIQyJlpOxOYWlrGUhCEhJEzkSIETggiIiJCCklYESIw1JAUtlXCSXoCqygiLGHZCYQUgQmFVsM4rQailBJIEkK160opdiOTohqBbUUaOyXJcjgiIkJSUVGR05lTa63WElLaochsCUgyWBbYaU8tgVrCGJBwS0Oms00qESVIFwUwtSmhhEpIktPpdFKqQqWUiAgjiUBGEapRo4QBp1CEpALIjgCF29Tslk24dl1IhtYSXErgNJJk0SkccpucSUhGkiSDSlV6msYSgZVuIEDSNE2CiALYZGZQVAOINBFSIEmAFCgiFM0tHFEjHFGCNHK2bG2CCJUoCilKiMAWaRsUCAQyGYGiAIGiRCiiqI1jSIoQihKyFHLidDpxQghlZraUUyWAQJm5HsYIFMIS1FojigWohIhAZEtF2AgFMiYAsIoipOZ0Zimlq52AsNOGEBIWUmRr6QwhVUgbBZkGtdamaQJUq21BRCCKQhES2ZJQKYFpUGtRkZJxGrFLqYRkyQmSBLIzgFBmOh1FtetKKWAQgpZTZpFaNiBqycypTZJqlECESkhEhELRnK1l5igioigUUEqJEApFSHK2NM6WzWkLIKLIgCIAUFBKzUzbmJBIl65IymzZWk45DZOKJGpUyPJpn/oprWXtapRaJNJNCBFEBBZYBJLNZaEAaC2NSwgkEYoaAdi2iYiWLYRBijaNmVaJUsIGG0wIUSIUJaLYVoRpzgxJyKDEOLFR2gHgUEgBGREIZ6YpESBICGzsJgSlKO0aAVKEnQInIZDIBEsCkJAoUUuASkTLLBG16yzbGSGEkzZOAiJAk5utkCzhjIgMBQaMQqGQbFCmM1sgS9gpS2CpqCUlIhQIZ2ZriKgFu7VmI6ESoUABBiClKKUgisKQ2cY2RYQIIEoJIQCpSESUwJAOAWFsRdo5TZaLCs7mhrClAEiM5eY0gCGklpnZQGmXUERIksgkhFE6W2u2nYoiW/YkFUXU0JRtaqlQhCLCIDFOU4lASuxUlIKxLDsNkrBQiRIRIIxCWAZJEYqgRgEpwopSRYJtBCmFsaKEotQaKopAaSOkiLRD4UAmwRChiCKjkEJEIGSBTRjZ2K3Zdna1IIRIiCLbXBakk3SUCIWxJOQpU4oSxdg4IiQ500FgpKICUgTIZGIkkrQthaQIZzanVGooM00IG5ksURo2KUinRS1VIcmSagkVGQkElkCJW2tYigKgUAkhhFAJKWTJSS2RloSRTDokAEnOLCUMma2oqMjpCEAm3RIERtiKwAiwkYwRxokNRSKzJSqlKKQI2xa11kCIiCi1lpCdtdQokQlO46IopZQIowKJSxRaKkqAwcZya5YcpdQaAElICZkuJWyaWxubcYlqUCACJ4kiQk5ksDNCmWksJHBCOJEQCJxGdkuXEpKQ5EisohJhW1JILW2nrKgB2XU17VAJ1Jw4AGMZlRJSTlm6CCoytiRLtRQsSZZwRkQ2J7azZTMqigh5ytJVYSM7h5ZFkoRTEVEKCIxkJyidLSfslkQptqdsgcAgAFtSlFoiiDDGkG4kTimIIltSLSVKiCAknJlGwulEsq2IKFGKSqnGgEKZFpQgmyNUaoUERShKTecwDqUUSbYtQMglqrGxSqilJUklJDsinKkimdYaoRIlIlobJUVERI0qp+xMZ8hEKMA4QQghBCoFN0mKYjuxFF0tQNpCLdPZQkUh21jGkiSkIpEp4UTOVkolhLOlBQpVdQiF7Ui70dxaRJWEkUIlREzjFDWiBMIgmFoLQkWSgGwNRCSSIkJFEjJSqLq1iEibDNtyKpBkO7piGIdpnFprU+lq3xVLYbeWLTMKTiRC4ZaE0k5ngCJKKRFqJpvBoRJBhJAzs3a1lhKliwg7x2mIUkrQMktISKAAUSOiyJAGQ0iKiJAUUWSQogSKbBkhNyxCkSZtCSEkEkhFiSgGSVNrOWWJkp4iAgkCEUgRmWlnqRUTEarVabCQcS1hUUottQiDooZQNoOFIBRKpwwtp9ai1kRShCJzAoPASIK0TYZUQsakCJUiIbeUUBQJEZlNRKnFTkghlBEBtoQZcwpMUFUyM6SotdYSocRFilqncUQSAUoRYEwyTpMUpYSgZWamM1tOJYrt1pptSAOo1Cqw3WwhSCWEIqQIY5wihBBCgiSxJCmUrSUKhcBYETZRStSwiZBKSJRSDK0lRZERtSgkotYSEiBEKMcpSikhSRZBCCICCUDCNhFgyAakIkIhu5mAUossJMhSu1KrCBQhpV0UESVxUQCtNTdLApCQjYKigifbFlGilFrVFSEpLOw2TpmtRWiyQxERKICIElEiikhQqVXyepicVmALNalI0ZUSUqm1RGnjJIhSJBERtYqwsNMqtaiUaGkrDSWKDvcugFobidIppmwKMikBKkWysG0bAGETeALSEYEVhbSqAmWmbRvbblaodLJxklMiSikNkxlRJCIiM0PK1pptUVwkKLIdCsiWiWXsqZWuWggJIYPJyEyCiMjWIgoGpSKmYbJcS7VVqpxpNE2TQGAJp4goYbtlgwhQSEIRmcZWSJYBoyDb1CzcUBSRiHQppWULQy2ZKVEiWstCWJ4ywaV0ZLOtkJBEglCSQUiKUJuy5SQUUSwJp50tgVqr3Zw5NSKIrharmRLYnqaplHBaIUxLS0YSwrbsJKSIakw4rLE1CQtsGiAFpYQVZNoJkhShNG4tLTtLV0RkayZrCSOnhC2HiklMiNZyPQw1VPpeKO2iUBHQpskKt5TAiqKQkKbWAlRKtmaczYRrKRFFgJmcGIEESJBJc6s1lJqySaAICWxjk2TBlE7pxGC3rF2H3ZxIRbKddtpFYYMIBDS7lqJQZmuZSqWaHBE4QaQBqmh2pruuZlohyU5MOgFsSim2BS1bjWg4LEU0WWkkMqVICKdLODMnE+5qbycooDnTFhhqFOQpE1MiWmZRtJxao6sF0aa0VIJSq7ABIyTJslBmApKmNmVLRSnCMiYUirAJ0dxAApABnM5KENEy7RRRS9jYltzSzRlSiVIismVmTtkiVEpHOklhEQhFOK1ScCJla4BtmwhlawYppMxGFLVmodIFl8k0W84oHbawQzlllBCyLWxJIoXS2JmkW3RVEyYFDUeUohCoMDUb5zhFREQxJt1ISYoIyxgMkdnshBBElCQDogRmSuSUZKcBQ0gSOAgLjOWwosiIdDolKeS0UGvj1FqptSu9SUU4c5wa6X5WMS2tIqWInMZEgAVpIpTNKpI1TeNs1tt2c8NtaioqipCkQB7Gqe87wM5hPZZSIxRCaDIlBB7GpnSZ1UBJyhjVGmm7JXZLC6IEBLLTJcLpISeSvu/TRhkqoLCnTLAUCElOBFa2KSOEwIRKBGmgRfSSs7XEpNKtK0U1pmFqzjCKYtu2QTKm1i7dUMhkTnaUroRiHEZJEokLcgTg1oRUZISbkFRaTi1bqARQlM2ApGzNzq7vW5swihJhE9gGWrPAIiQ7SiBj2kTUqKEUbgoxTiOiRAhaOlsjokaolCknGlEkJGkcp9amUmoJIQmQpqlJKkE2ly5QtKml8NQiijGm1CBlp0K27QwVFZE5NSuihBQ4AQI1ZRuz77rmJgdKmWbbKqFUBkrTWquSahGMw4hCIWy3jFqFo1bs9TgWoZAcibtSDenMZskJcjpKVQmlUbaGFCXIaG2yjI0oUexszRFBNtUaMLapls7OcZxw9n0/jdNqXM/7eYRsEQ5kya01XKzS1dZaOrvSgROVwAhnpo2DwKSTkAAkkZlRAoMJRSozUwinVCM0jFPIpZQpEyAtqURxWEYR6WxTsymllBLGYDeSdLrZXSmSnI5SsrUkQSUiIpwGJS2nhqSiQkckLVtrUYuIdCbuVFWi5USaKGSTQkE2hnEIFF0NuUQdp6FEsZCCloSwE2NFlVsCSKSiAMpsoFrq5PTUkNMORbaMWkKBbSxoTqZ0qOsKLghnEpIzLdPIsJNQhARRyrgeLYMEJUopaolzkqJlCwUK07AkjLCBTEfIspLMLKUYAULpKYgkQyGJCLdUhG07M6ldEQK7ZQpAEFbiVBaKFC0n25YjhUBq41S6qiIMqIiWtimlCDfnOE41SoTGNkbUomjZkCKkCNktDSmHAogQtm3bbtls9X0nRTptSxaysXG2li5RCEgnWUoo1ZylBFZzBqQVgYkipmzOJqQoOFtrUSvpqCUknNPUopSIks7yqZ/8CQphlxJSREgRJQqWMyMipKkl2HYoSkSoJClhsBOTbpnKxE6btEuJKGEMKlFKCUtgEHZEOJMI2xEOVeOkhYkiCwwygNRaQgpUSqkKK6cpnQJZ2FEjADlthEkpMq2gKFTCbq1lKaW1KUoJhESoRGkkiaQgSilRIjOtUkN2kWycmU4jUISEUEiEwekIQC2b5b52Fjht0pawbYNBTFMzjlK6WlXCKUkBgCSIJssGKchMslkqERKALSkikCIIhSLIzMy0VKKmMh0VRYmIiFCmS4RRhCIqsooCpaBlrVWpEkUhyYFatq5UhFMRoQgbQEJCQacwKBQ1gqIoJbDttG070ymHTdSiqCUC4URoam0chq52tp2t1i5K2CIkydkyQRmlCuwsUYUiAgTGINLGGJdS7HRraQQWoJAybYONyJYQAgsAQhIAliQEoKJADUUJAdggLNcomVNLC6tEIDvBtjEKAqUIRdd3ZFoZClvZmjNLqRHKbAoRApdSohQZi8TFESXkRGFcIlSCZqRSQgrIKFXSlG0ax5AUkpACiTQkVpsauHS9ioSxIlRCUWtI49RIT27YzTmNU2tTm1rDLacgkIOCZCBBpC3ZSKiWGiGwAGSjCIgIBDYWmTm51VqtII0UprWW2FKJoogoIGdLVJCzOdPNrUhIGEkWRSQStqhRwLggRRSJKJGtATIiJAEg0pZKqGVitzZN2chQpJCRmxsOBRAOAgRECbXmbM0CRQnJqn1FkjEYbEooULMzmxQS4zTkZGOF0q2UQkgOC6dLKO0oQUihQIAT7HEaI1RqAdnOqYEpEYBoLaf1iAiJkLFCmMwESil2tjRWLZEyid0kIYEkSompTTJAKRUpWyokIUIQUWyQFcXZIgJLou+7WotCUlhqbQwFtgRY4AgZG0mhyDQYhYiIIJAUBHhqzelSIhRI2EVRJAXNaWconBkQEc6WpFsrtSuhokiABLWpWZIznU6aUyEJZ5oip0pBliQpyRKBBCIoEbYBEHJYiCihoBSFRaiUImGbkEK1hI1CYJlQRIRKyEiSUZEEUoRANqUqVMG2nShCEVECgRVFIoKIUtKZtpptJwaEQEAjMaWGQs4EFSmiGDsnE7WWCCGBUQjbKWTbkigK3CwIhaSQBUiS7EQoKNSoYchUFAnhzEwjJKcRMioRlsmWmTgk20BVMQZLUolaSiaWa0QoJKwwkEkoQqRDEYoIOdMCKwRBV4qQ7aIQicIYZ5QaoVRKklSiAFHCVoACFJnNkJmllFojolggqyt96UotACIARYRCERGJJTlTUohpylQTBXAaKIokW0uFVCIihCBQZtoJpIHMiKgRFEEkLUBRFAIkNdlpZCyMSsiWZLAtIYvMREKKKKBSAARYoVBBMs0JERKIKwIlKSRpynRSSzXpZoKisIUki1C6kXZBtqHraolIXFRKidYsjJTONKXWzOaWObVEEcJktkwrwhg7s4UkCSJQVJFCVghbUlFJZ5EUkdnslGRDKBS2WqZEREGynY0IRJQSSEiZZGtpKMIgRQhJKsYCYyCgRAjZIsgETLq5SQWRaZMWEUUBYByhorApRc2ShOzWkkxkUk3pls7MRDgdEaXrJJUQwklYxmmUjpCkNk0mRYBUw42IiBJSCZBwOiJsiiIhnbIbBjW3zCxRJEuRmXZzWpZtBGAoXakqIVJIEkJIKhERJUIoZKJIWCHSUoQUoZZOOxtdVyKUKQVRAhVEmPJpn/YpNiXCtiyHlESEARljS6QchKQwbs5sk1ORVoRJwEmEAkVELZFghMlxjIgEt+aQFCGXKEbY09SctDYJaqmiGCRJKJkygZyykVVd6eTENqGQTJAGjW0cpsyWISS1sZWIcZwkhcKh1pJ0FFprSCZtIoTldI1iOWoRymxTSzkB7HRiZRoASYqoEkImhUJKJziilFJtS8opQ9RaHAIiSoTACilClmUhZxobZ6aNJHuCYqUzsaUQqESbppbZlaIaoVJCyMMwtuYQQlECmwSsEJCZ09RCUpQIhcLYdssE1SIbcLNpiQIExhA4JRE17DER6QgFRRGSwJkEgW01p5ypUJtGiKrayFrUMmutgK2iUABuU0YNYUUJyTizyenWbOyUAoytUhQKAklky0wr3QKFAoyEHSFFCWTktALb2VopRRHYSFGi1JotSw0pbU9jM8aWQjbYtpHCbomJCGw3pw2OiJCak1TUDttBiNYwKUPENE5pEoMNJQKhCClkhSRbEmAyW4ZEYBQK27YVJaSEUioK5EwDaUzWUJQSEaCcWoQktSlxRqjUAkbCQkRXwcJpOScbSYAxpqtd7boqIoqlWgKws4RQmaaBlihaS5NYzrSVTmdKMpLSgQiDCMmhIAUWAtmJIhBQS0QERJvSQRjbSaZT0NJTJgLJTghwy0QRISzJ6WzZEEBEMRaysNNp5zQ5SRspolSlqbWLEoZszWnboSAElgJEZkgNnJYwaSOEkRQiAVsqqhZFkkREkVSkKFVCUhcFkGqABUaBpGwtFCUCsCkRpYZNCUmCkEkDVggERASZFPquj1KQyJxyysm1lihFeJomRCnFttNpZNIOURSAIkpUBKKEINIpopSCcKIAUhJpkMCBEzAobadNU4RJY4ykWmsRhLJlKQEGEpyWyNaEbFIOBYBAKiVEJga1zDa1cZpIRymZbWxpJOG0VKIEmXbaXJHZsDBYiDZNmIhIY0+KMBYhQJQoEVUKFWezpJZWRFEIppZhI5yeptYyweMw2sbOTGynp5ymKWtUdwJs24lbRLE8tVYiSqnOdFq2jYQUBssRUaOEbAssaC0bWSJKRGYSkTm5ZUsrFJC4EFEqgGlpCUktGyZKqSUUBcvZpBIogXTUsA2KULZGkbEQIIrBrYkAShAqhLMlJCCICEMUQgXIllPLWuWkZbNt40wcCrllAiKTzEmE0+kUtoUIVZFSZhoMqqWoAMIYOy2RBiUUuzmzdtUII5MCjIqbJWyEW2tO2waMRQhFUYlIEmMT0BI5u9ohK0pIKUIStOZ0CwmjQFIS6SZFSISEoigisqVqyBGBIZAhMxVFUpQSEZkJoDAgAxFFIYPTQKQVEkocJWQmJxARpSvYNjZAFEVIUULYxhhHSCBbCiSYEoEDOZlaE1JESIipTQ7CpG1jp0mERCmSIqKWEopSAiOhbBlSYgmHA6UJQdpOI0sBGCQkoXGcBC3JbCXCtp2hiNJlTrSUAuF0ZhpJ0bK1nEp0ETJG2K5SlFpCiMzMsSWJFUXZ0tnkmKZRoQgFKCKkRDk141CEZImpIdkoVEo4bbuUEqFsTUVdVyUBpEtBlMw0DpWUnJYQ2DibQVGRhQjVCENIRIRKlCIkIMItEVIAcjbTsiEUEUREKTVwmigFu2WmZBGYzAYoJJM5WaoqskmVEpKkMOl0QEtnTlJEKKGLUkqJUEtsK0SRJCGIlpNt28iGQBiClpktS5TS1a7WrpMlAXamS0Qgk7bLp33KJ2HbRJEF5pmCEuEQmQYwyE6FcmpSGBNCIVRrKbWqSAHGwulQSJkoW5MEKBBKt2bVEsZRokS1jZSgbM3NJqQkjUOlhKKUCLlZQCBHs52ZzigBDlS7aktpy4ZaopFVBQREyAZLQopsmc3g2hVCJM12OjOFiQBJApcoERg7M20729SQIYC0I2oppSjSmS0VpC1Jlp3OLF04hSk1ShRFuKURtiSnPSVKDFJREAZFhECBEFBUoitO21Om0ymF3aKEIjASKFozchS1tCRC2RKTOSXGnsbJzkyHoKgrXQayQqQdtdrOaVKAhOU0si0CMOC0bcCYpBQpwpkJtUYoJEWUUEQIaEy2BIKuq6VUkLAkpzEgcJSwERESIAsgEDIOws42tRodRSHJtgRIJASOiFCBRESUbGkUIduY5pRpUyOilAIBCekIG1vQbKMiKSKwrFRIEKFMCooq0sYRoQjkEtXCaTC4RIQEIUDC2CnJ6WbsJgVGELXYLiVsTAbFpuWEhUg3DMIGskaJUkIYTdOkEqEopdYazamIEsU2gZDBmdlSKnZLU6LUUkoJKaIIBUBEAJDZbBAR1c6IUkqVZCWpCDKd2aappTOkwECJmlDCQrYUQWC7FikkRAGniJQVJaeWOEK1lJZJRK21REhym7K1kCy5ZRTJtjFYRJRSw0aWpFqrM4MwxthIFoEcRZKwkJxpm9YslVIiZCy7ljBYElgCokaouBm7tYyq1iYsCykAIbeWUCKQimRkHJIlIiSQE5xgO52ZzUQAti00ubWxGWzbzkwwQlFCRCjTmUDiEgGKdDNka8alRCjSblMrtagU7AhFyBJ2SyPXKNmyFIWKBEiAkGgtJRWJkI0TKQQuJnGm04mzOZ2SikopVQAqpQZYSEgFg21jNwAENlgqEZJALacI2U7LSAKYmsOollCACBciikJyJtCwk3QCTtJNkkIqClxKRC2hcMvEAjcrQkIICIHsJAQhATYKOxElIp1GADb2lC2QsVCUUiMIWktFQDozhKQ0iW3SLhElBAoREZkplUycGZJtO60waRs502EpsFEopIhicGuhAEkqEVZOrWVmiUBkmqBEAdm0aWpttIUwjlAoZKsUhMBYREjZMA4pbQURyuZEEQFYmqaW2QBDRIBaSxWQsBWlOYUjIkooVGqJWooCDEZGSjkUKiWkqbWQjFGUWoukKC1bm6wIyUglKiidtZZAAlBEiQgISMsybcpSIySLlg0cXSejqggFITmdRKmlONNYgGSnIhC2wdPU3FoKLEkKLGEbY7fMErWoCCSiFEnTOBlHhA0iiiJkIxSAJGwMLqrN2aaGJGTsxFMzjqD0HZTmqZZCMjmdrZSSTbazNUsh0s0Wmc5Mg02EM0UAiJbZpglLKEKKkqSg1IIx4BCWbauWkCIzkYRUikRmSpQoyGlKCYPQNE0KpMgpLaqglGwpCUkYgRGiANQSpYZEKQUhRSiihG3bmU1BRKTTUCKihlBLJ62WArSWpJsTbAOSQBTJuKjYLQhHFBS1lFIyqVEUAiGKZUkRUaKNzUWBkCTZNFpQTGY6pGypKDW6qMWmtUkKyQqQcKbTJkIU1VIUiAhFFExIilCJUKki29SyNdvOdAjc7CgSIblNrqUoZLANCsnYBCBFy4ZCxnI4GtnVPoqiyBLCDgRpcKaEal9KFJDtTCuULdPNmTYRESibIZNsk20rgiQCW4lrFDeiSgKEY0oLWnpqo21JtltL4/Jpn/qJGEISQgSSscFcERElJGGwhaJGV7tSq7NhsEOBaNOEI+VpHNs41VoiSolikc6IUvDYpmzGDgVIoQiVGkjTMAEgCYgkgxJFigCmcbQIJEFaQqVgFwWKritSEAqFipwpRVjNjsAmSqgEBggJCSyFImitZQsJOSJKqSWkKNhTmxAIO2pViWoTEZIgQZLSUxtbkk4LpCi1RoQxRlKJKpHNEmkDCEmWs7XWmm0iopRCGNysCKGQjaKGpFC0tJWF4mxCihIhAaAotpEihIQNBA5CAgwRAlNqLQohh4oqzqlNSApJzsQtE7BLhIQxEFiSAAsZCYBMJwiDiKgSSZNLukmBZKcsDCVqhEGBk3EaI4pCRhFSRCk1othGtpEkCWhtsu20cS0VMQ4TAksCAXK2KLUUkU2liDBWiSgqipZJNkUkTruUYlsRmenMKCEgJCskKWwjCBWFIiSSzOaWCSYipAiROC2iFNkOVGsnMArRMm0gQ8XhKZsgpARCEUVSKCTZSQgCJWkJySIkAZLCQjayEycK5BJqmQIRRVKpNoVQEeCkFElMzVGiRljYcqZR4DTGxi3tZokoJUBSlCJhUaKUrrOtkO1Q1NpJRSFQOmWkaNlEm1pDyCBJGDwlCEmBrMwWCoUkhQDJthU1uq6P2kkRCAHhzCAyJxRdqSgEXS0RZRzHiEhymlpERK2kuq5kOputzMycMt0ARSmlRISBBElRTDqz1C5AGEIiaigUEa2NaQiFCpLsKAF2Okm7pSWakS1MUUiRIpzCrYEopUYIaFO2aVKEMHaUEjJIIdJS2GlQsn+4B4zjFKHMlmkbRFhRlAkgEVFqqSGcntqEhBAqRUbYBC0Bg4SQsIMwgBJD4IxQKaWWkmlnRim1K1ilFNmApDRTThFhAKUMpBvptIkoUoRsF5WIiAAj3FoThMIJoWxTolqiltr1XYkQTigRoTBMmVFrRISiSCohKVSiRESUUgISOZtQGoRtSYYIZWba2InDIZEwtQk7FC2bhG1Q6TpPk0qptZSoteujlpwm5K5WSgSqJQRSKSFSEaTdMu2stUYp6QxFSJZUFBGBLVkERAQYg6IrRRE2INuWcAJFgTBOW5CQCbjWQmianG5BJECCnM5UqQoUkkKtJRG1SFIEIKQSxaTtUsNO2zIWBJmtRI3IsFxgyqk1RQgklFBLH0URdtoKAiMhhQSgKIGJki3JplIFYClK6ZBDCNIWhpBMOkWAySQR2Gllpmzbbi2FnaFQRASyEpNIigg3lxoi5LAcpUjFLUEI0iUCFKFaO0nGQiAkZyoooYggM+00wlEiQg2nTWIcSCFFhGWanSSWbEsoSKfTAYpwugQ2JUJSSLYJY0oUydgCFCVCgGUcIWcaY0UNrBCgqWWEIiJKhAKEwAKQwIqICFmhKAUp0o5AIamUWpOmCNxwghCFCKm15iQxyTRNpAmFVEKYTBDIVpUzQlFKOjONJKlluqXTtevdUhFCwkYRsjMzw1ZXcIRCJSSFwrIiZGezoWXWUhUiAULIJrEUEVHCOCiWawSh5lYIidYmQhERkmUQ2NkUUipxCRlU6FQVbs1SSEQp2CC3xKlSAjIthZ22I1RKwSbTMiiKFCEhhRRhGZyJsQAhkEICyBRBhJCwhE3LtLNENEhnEKWUkCRJYBOKAKhRMaRtiQSam1tGhARFEqEgJCMcRaCpTREisGmtIQllIqwIoLUpmxXCGEuUWkPFTjtlZ7pERIlSwplGESCVT/+0T5WEEaQtIwV2a80oIhAyiFApNdLCLI+OWhtns0Wmo0SS49RacyhMlqiW7DRKDAqVzGnKViQiahSFEJKAbGSb0qkSteslkQ0pwGZqoxsEASohAIRCUhSEso1jJg5CdmuWiSKkzEwTJYo0TRPYmTYCA6Rbc5FAESHSgIXSLdOKKCVCsm0nJWoENkAEtoSMQjQUKqVIYTIQQmAUkoVzVClVAQZFBCnSLbOU2pdqGTuzpS0LGaQIZwplJhhjrCgSgZ0gC0UIOySLzGaDMZfZRqWWEjXdFKXUUEQhmpvTERFGESJCIlRLRdgSYEcpioAigWzTKWwgSik2iJAU4JKZCqVzaikTEbVE4mkYEyJiammn7RIRJQqyyGwYoVIlxGWJW5uihDOJkGScIDKiZGsClVARie0pG5JMSEgkEaFQiQCCKColhIgoRREQtchICCkAGSslEVHsdBIKSQpKiWxOcFoRyHaWCKyppUU6s7V0KtOSbUWptUi1AKFQKKKEQmVqY4RyagmClpZaRM1sihJSawk4XEpEiEa6ZUSJiCi23Ty1FrWoWJaMwaa1ZhwKC7emdCKlFQLCVgjRWku3LmrtakJORkjKTLdEAhm3NkWUWrsaamlspHAeHi4lCAVCEaFQZEvbIdlSAJJBEmBFwZYlk1hpOz1OkzMjAilboyiEjQrZnG1Csj21aVyNpUazBZi03YgQztYaJbBBOBURtZbSlRqKkFRLVRGSpBxbpkuRIW0wstM2YDtKqQVJbi0JnCkKWFECFHIiJEnKRBJFitqVUoyLAhLIbCFFBEEphYhSZKLrakQBlaJQKEB0Xd/PZ+Mw1lJK7UKqtYSxVCJaptOOCMlYJrEzg9LGacrW106SIrAyPU0jpCQpIpS2QgJhcIma4EwrZJt0cymBZEvCLS2wA0m4eRhH0pIiiiRMrcVENkuCRJkNhZ2WIkpVYDlUIyyQokhYzdmyYYwkxja5udaoNbJlw4G6UhVRQoaQUp7GIRMkidYmDKh2NSRLBZqJkKVMR6hNLYKIyGy2FRXInCzZxiAVIZMQpqVlS5KKBUhSc0oKYVRLLRGkMzObJdlkQyINEBkqMkQEptZo6XTDKIiIkCyBnbQkQhFRaulqFRQLSajW6GsvSRhDplGESylCzU5soXRIiQK15loK2LaQjU1IKhVnSK2l3BQFZOzM2tVSIqRExjTbgOw0thMwws7mkNbDkJmhSNymFkSE0g4EONMhAHtqTUIl0klLm2zGLlEVOCkSYJhaEy5RsEx68tSabeNSAon7KbCNbSkkBJJlZxpbREQ6c0qnTdZQc2LJtJZOR6lRFFEigihhCGW2WooQtu20ASlyStspY2ERNqhElQxYzrRTpcq2hFRKLaIBUBWGKBIAxpjaFUUJaFNLuZQqkZ6KJMu2JKEQUUpXa6m1RHGmsRS1xJTZWgoBzkRgS2GnopQIhaRAICEwyCEhWqZNSFHUJqISIIVak0piZ0aUKIJwa7Wrpauhks60nU0lbAG2AQMhEpEAlkRITkJkZomCFIoICRtLUaNELZYCTMqhkEQIjOWqkhBS2iUCu5F2hCJIpygl5BBGAhyZDYhSQ0iBsMHGoqhENBAOkQ0QgiBQs22wkWQ7pIZBQTYDiJAkRJQirKglFFbKQoRCNTBFYdPS9iQTEUJJhhQKtyTCGLtNaWFZGIWkEhFRbEvYVgqETVAikEJRayGNha0QaaKUEhKKAGxHKaWUZmPSSTpNklhIRWEhBRgRpYggVD71kz/RToVsIkqJCAUhJKEipZMAA0TE1KaW7dzZ88uj1cbGwpmlRC21RISEkuba1Rq1dJ2wmxEyCRFFUZRE1NYmOyOKcMtsmREqKpDObLasiADX0ilkG1OiChlPbrIiRGtTa2kjlSJEVwoRxkApMbWmTEe4tcwWpZZS0namiRIhRYlQqE1TGgmbbKlQKbW1BAuG1RBRAhlsCdsJoSilFGqUkI2URgJwIjtbJs4SNZAUxkLCU8t01lpqDRTjOIEVspXZFDIYBFGqp7QgUyVkY5UoilCo1g7JZNrZMjNRBIpQRKTBjiKFDM6GyTTCmcZSCQnJkZiIiCKbbA0FErZKtGxYIYEs1RBCVoSiCJyJ5JCERDEZoRKBlPY0jVFKRMhNEaV0SEDUAm5TIkvKJG1sEEahErWUUkJpY0Kqtc90hJBtBOPQpjZVFSLa1BSEFUVC4zS1NkXpao1mB0qjcCYREQpM2pJAdmJRwA6BUIlsllRUwRbO5rTs2nfCq2kkk1AXchopCIIoFYMFxlYpEQppcubUjG0DpAUihK0oUcZxjBIBtqUoISkgIjKblaqhiCKJEMbOnFKodqVltjYJdbWWUpyOKBHCWA6VkCwJZaasrtSIMBaUCLCiuBljsBtSOkOByJRECBHGCtVSCmEsSREKSSUgjXFmMygAAQSyDUpaS8ulFEGUEsZuTqIrmGzZWpMiRKkdYOfYUqRKDUkKYSkIlSgKEtVSEMpUlECYCGFwZpJu2ZytYaIEoZbplpIUIcK2bYVKLTUKSpvWplJqRHHackgqBTsTiSkn22DhZmM7c5wmFG6JXLsiBEStbhklSNvO1oxDYQm7tVZqiShkCkWJkDDYrVkhQaAoEQrENLWxTaEoJRSkrZRCRk4AoETpakWybZROSSXC4MwoRSZlMhXCZDMmpEyXEBESIIIgUp6GsZZClAgJRZBpO9OpEorqtJloEFEiwOkWpbacsjlUbBI7J0VBUiigRImIKFFrBbWpAcYgCwwmM7GmbLNuVmoNwnKUIikzpZCwQ5KkhiOA6LoCCCECRYQDQ0RIOD21SQ5kkGpt0wQmsSSrYUmyIoqECCkiIm0kJJNghS0JMFKGws5sTahEQRYRtXKFKSWCICCpXVWELAwBKAAEBafJiDCyMyJKKa0ZKSSMcERNWYAEaSEkRBRsyKjVdiBCkiJCgsSeIErXFUmlgJGSdKaN7VoqRSWKCDB4SiQHJUoJQah2XZRIu2WCm0GEIlRKVzMtJGRAqrVEBCCK8DRNmQ2HQqVUiSmbDEKilFJKyWabKCqhdGJkt2Y7JQHGgTKNSomyXg+ttVICjGUTiq6rkqRAytaAEgUkQA5HFKQAp504JNuAQkhFgSg1ZAkBmQzDoICIrtSiSCMQEqTIlpnZMiOUmSDVEihCNUqgyU2m1q4UhaKZUCHITEVIRFeVbZgaTqxM24lk0ilwiQARIEKSjBQhHAYZ5EwLnFYJGSREV0JRWktIqSAFQRTCNpnGCSoRUQqKGkGRUIkQZEukUkoUSnTplI0UKmkj28aJQnKUYrvraimRaZuI6GpVCRIL41AYsA2KMISjZTNIUaMAaXt0iVDIERBRokgligTC8jhOQK2lZQsVKZBslxqoRCkC2SAJFSvkli0zBKZECAG2TUYExoBwujmLIo3IYRgCKJFTYtIphUyUSBxEcwtFVbXdnAEtm5EFma01O6IGbtmaUyqSJAVhqURIppSikJst0hnSmOO0HhW1lBJBqKqEbQWlVCyCQFEiIpytRCiiZQrLmrIJFApFiHTiAINtyqd80idM09T1XS01M7MlOLOFBEzOTMI2RAho0wQ0Z62lluI0kmyEi4IglC3HNgoUspsUlkGSaykOSUZSFCGDTYiIgtIYiCiYFLVUB4IoRSAp0+MwCCEkhErtopRaqiAUUmADpSCilACJjFoCRQQiMyWVEooAmSyuVBlCIVFUIqK1qWXD1L6WWpwgKYgQyCYKMgkytkxGFIGlUCnC4NYMUQuJ5cRtak6XGhJpCbXWwKVUhdo0KailorAVUrohQooSAAiRNuBMLhvH0Zml1lpK7UqNUrsiQEQoiIjA5OSWGXKoSKgUYWcLFYyxjdNg1cAG4UwnKHMylCi0nJwgk4hsrSURkoUAooTTQk32lG3ybNbXrja3iKoossmcpjZNU2ut1j6CUMWpCBHQSilIwpJapsBCRlKEMCBFOO2gryVqDTFNE0iyohgwOAUmBdPUjDNJt5bNNlhSRLGdaRVBWEhhRLMgSacBiyAiJIXTUgg7qUVGUaJECCGVUERxptMtU6EoMU6NtDNLhAKMDQoFCkRgkIoKMhA1SqlATs1CSEUgpMxmTxESBUkRto1KqTUiFM2ZUCJKqViTJ08N2cmULTNRRIk0JsG2oxRMI0MQCKOoEeBslkBShNNpz2czRUlsAELY2KlAEZLb5CgREkaSShhaTpJCkqXAUGtRKNOlqLV0pqF0NTClgECZrjX62SKw7cQtHVIpJUIt0y0DSRFd7WpngbGIUGtptzRukw2i1iqTramUEgoV0zBRailBKnMahqm1DEUpBSEBCMhsmUJJqkEw62dGYRxqmRIhARIp2QgkQiEF4bRCRHSE2zBMLZExOKfWSolQWCClHYpSQkGalpMS48yUU1JXq0NFYTltt2Zn11UEYMmZGGTZCbZbWoREqVJUlKIoVLvitFGUCJRYxkYKUI1aay21SEII0mBLKqXItGy1FkxERBRJ4FDBaVNKsSQ7bUUIMqdxGKMUFQVg0nazCpkuJZyJwTJu2RC1dFHldLpFlICIsD22ZjuKQpIBhwqkrCltCIdqkVVqqVLLjMBQo6bd7JBDUWuBaKRtpMxJqNbS2mQ5FOkUtg0uIVAQCW4ZoSglW7Ntu2ViqUSoWMiesgncMm2FQICgtWm5Wme2RDmNDUcJyJwmIRQiWxIRRtghAZIMCoRCYBESEqSNXWtI2M7mlk0REVIokxBESAEtcTaLsFCDUBTZ1ChRkCQQKhFgmdLXkBRRSlWRW5ZSWqZscK3dOEzZpqKuRGRrKiWkGlWS05YFFlOm5RKhKCUkOaIYCSnCpB04MYjEMmmn3TIjZASJZBtTa7EZhrWTqKWWKgAJYSIUUUsgESqCcZqyZWtGlgqQaQkJCCMFOGddXyLSLRsSabtNEoLoaokCTkDYmDRGAmGiRI2IqG2a3FIhJKzEpAlFKem0HcJ2KIpCEoFbDuPQWmYaSFxUJJxEhBQSwziGAmHblmSQk5ZNthQEEQVyGiciFBHIorUUWCEZY1qEhJx2Zpta2iVCETllZoaRsJQtx2l0M3KogO0kSi0lMSYUpRZDa60lEdHSGKSpjRGhELjZmbaNMZIcCIgoUtgGcBp3tdjKzNrVKDWdQUgiM7FBQpagn3VEOLO1hlRUcEpCOFEgACGDcaAQkqQIQghSChlnOsCyomS2llNRpJHcdX2UIKK1DEWUUERISAYZo1oE4bAkJIWkIBEo1NWqQqlFDoOCosB2ptMRIUiQmKZpnIYSUSIMWIRqROLMLCUkZUsL42wJUoRkLGQUhEohVAhkS8IoZGSDRFrIuHzqJ39yFKaxOTMUyGnXCELY09gihAJsaG2qtXZdmXd919eum5daShTLNtkaUggjnNM0Om2ViIgSEpKcTqckrNZGCRFSlHCaRKRBUUqp1ZmSsbCytak1MFJmli6iVCyjdMqkM0KBkiylINJq2bIZuzlL7UJhsK1SulptWmaEbExzIiQRCiTZJUotVVFk0pmZkgE3kFumW0MBBhQohZTNERKB7NYsSUgMwygRqjXCwo3MFIpQZtZaaynNxo6ohswmnJmyJFRKSFFKLWE8TZNEierWmh1ghIgSmTgnJ0aWkxTRnLZVkBQRBDmlJGwSQiCnAQkUQFhTG4WkCBQK2wKFJIFD0dpERCmS7NYiCopSQsJYaYsSigiBU4CnNuUUCmca930XxHoYIKUIFCUoAoXkzGEcJZVSUEhqOSlJyTY2EWFFKa01JwqBFSEoiigKSmttGifbighFqcU4KCIUCgVSSDZpgwthSHscR+QSHSREkJISN5uWWFGKIowx6cRQLAqitZbO2nVECDItW6FSA8tGRQphp5EoEekcxzESIpDamCKbmYaxlFANJwoht2ls6RKFGrUUbIkoIRtk7HSJEiHsNk2SI4oUKgEZKirhTGFLlYCQAEWASglsiVCNQFPLEMZuJqilm3JKZ1gRksIGTIMIUBAhIkrSJAlCysSSkBPJ4GzNkowltyaUNnIXhQihqSWeSpSICGGDhAmFQpJaS0m1FltgG8mhoAByJoSxTC1Ruk6WBGCjUEtLJgEhkyphCxERKiUy7ZY4RSQmRNoiooQoURQRIqEghYKIoChQwYllZ5tSEuE2tCCMpmkwjih2WrbJtN2kiAhs20WyHaEESUFEiZAQThA2IYBSSrOxSymK2lqzCSlCQlFLKECUIBObNBJprDQhJKJGtmaSCDkzIRBSgC1JodZSEkktYaUIQ7oVlKaWUKil3Vy6YrAzSo1wjYJChOTMnMYJhXA4jJGwWzabrnbOhiVQSKFQBTtzalOmZWFbIRElSolQAWMM2ZptiDRFERHIOU1Rw0napRRhKSKilKIInHaKKFWldCKxpQh5apYQcmuEQsqWSUapUUopgWh2Xyp2SycupUSEwXYbR0l2kopQKaEQhFtmNsk2pRRLYVtgiZQkSSXAFkBrkzAC0VoDDGEkWktDIGOwQkg5tUwkSVFKKRHGrbkUGbeWEkGMU2uZyGEUBtmAm1OEE0O2KU0pMU0TCpwREahlQgKllFICNLWmAMI5GbfWml0IVWXLyWMXtdQyjlOEa+0Q2JJQODMisDPTJoIoEVGmNgG11CilRCDIBEsxrAeFjKdhLKXMuq72nZtbZumKAgg7M9PGDiDT62FAUboSEZIwpRShzAQFklCUUurYGiBCOCLcDCgiSnFaYGcQkm231kpUnKUUyDaZlo4MItNkU4TtTEdIkC0lFDUUUthpUIRMSwOIvuuQSpRQhMJWhBRq04StUCkRCjtJZ1qhEqGQLU9GLiqEiiKkUkKKMIkzGyBkIrO1nBAqUWsttdq0aQy5ZabdspVSJCLU1VqiqIoElYDMtBEEGKZhqrXDbpkhBFYGGE3jmCYQAhOhEKJEEQbhTGMhG9vNOY6jhVQCBCHSILWpyYytGQicCCVkywgkjNJu05RTC9V0y2yZdtpBprFBAhGSSSTSkIAR2BEqUZHAQJtSEbJsTAqBkgxKTtPUJoNtIRVhZU6ZBmNlTsgQgmykELgxZbMptRSFAhA0UESppUSUlplkQbXUdOaUtaspChiVEthIAQTYNlOmbWeGA4MiFCk5U1IAAntqU2tNkg4unQdKlOZJRGbL5tLVokgb25BYGCdGCuNQqbVgmjNKpDPHVmoHCUSUdGazBGBMolBm2oqigJaWyHQJpR2SpOZM0pMjSkQpgQFkZ2uTiFAkOQ0ToRpFhVCYSE+RcqFEtdOYdMu0CCkUzU0Oe0pjq0ZEkQ2yCAUkU2ZmK4pmk1bIpu9r2gWmhkkMYBGhnDKCiAog287WUJRacmqgiLBtJZaESuSUaQdSkUzDfemQszUUdmbL0lXSadsJMsYRxVIUxTi1CKapZWapgSIgSs1pUikBmdlaqipUSJOePBWp2WkiAiGJTCDMkNlam/W9IpwNExHT1BQClRK2gYiY2iSjUsmMQqhiT9lKqS0bdikF4daMQmoAloUUIjOBiIgIDLjZmU2KsIfWokgmIiRMyLaxaZ6i1EBuo7oqk5lpIkRaKogQUzalW1JKIIMUIWezM40cioKMkBOEQmptSiNBUmrYWCYxRNCmLKWUCGAcxinbrOtVItuUIJVShZmmBoQEMoYMhRGZikgn6ZbGLrXWUrLl0EZhWSpByC1FRODW1FWQbdIWkuREpZRi0gl4nJpw7aoIZGfKSgyGcFphKRSRreXUoq/FUIpbS0FiMlQilJk2YEJhGeTmqGSmmxQyKQukEJ7SRZFuCAiBJGOMwTLNgRA2rdAlUrEcJTKbLJMQNi2nKKGMkC0FGJl0oq54aFNOtdaIyLRJ7FKqTWYz1CiJwxjSzTYQqhIRJMrMbCOKophaprNGKbUY7ObEdoQyLSksitIGhJCxFC5RndncpJDd0hKSRDWttexrRTY43TIlITKzKCSFwhIinc4mFwW0tIppYIzTKiVC6WyjozhUVSRpHEeBQKWaBgjllEgKl6hOt0xnoxQlKG2DJeEwWUpFCqmUWK+HaRylaM6ullBBZLZS+lIC2zImM22TVhHGECVsSEuyZLVwUTibszkK0zCplkC2pVABorm5tRIlpExLIEKB5LQBWQh7bE0oJELZWpQiAygklGSmRThbKcVOI8lSKGQbkAWZliQ5E2xHjWxumVWymdrU9z3CtgjJraXTKiEwDosIe5qanYlUo6jglkZECMlOHEVKIVprpVQw2CjAIGxHOqVEUhRn2tjUCCS7ZaLABowFLiVaOqSImLIJ0ZIimbRRBMYgEjuNKFGyZZRwumUTihJRq2jTZNJRFMjIAEa0lhhFOI0zahG0llGIUnKaMslMRN/1tp2oCNsQEshOwMa4SFNrIRmBjUMh0VpTCGSrIBWTkUpnKiKCTEgkU4qbI5Qtm1tRiRIG4allSIScLhHYUyY4CEK23ZoNQqJETSUtFQWEW2JbQVhNLpktM2vXSbaRQsK4pcOOCFBmSkIGVArNxoSwhTAo3UisAAI3JypFUBQEY2tuWaJkQrESioSr6uREVJiSnBqhWsIwTJOcpVZJohDpKYHmjAgRljvF5OaUsYwBZy3VQWa6NVsqkS1LCElSRBEGLGeS2TARAiGEjDInKQLZSURVZLapJSJKAK1lQaUrktJg22lHDTXbbjYShLJlZgpJESHAdkRpmSIV4UyppFspNYSFp7Qz7ShV2EnLhlW70lpTyHZRUShBSOQ4jqVUp51NpWCpCCPcMgW1VMPk5nSJkEIwDGsniqhdUcjGbqEIhdE4TbWEhAED2EiyMxRJM5KREDQ7W1OUELZsgzGEIKsqNdo4GslQoBE1WjaPaVT6IB1RsBNI1xpppVtRILnl2JqKanTOKSKilHGasrVaS6iaNBbYONNCjtqFCbsJshkBslMlsMNSKMG2LJPgTCtUPvVTPilCkgKljSgRoQDLRCkhBAhRSilSJEmEUNrZnLaACCHUWiIjExEK0mlLkgoYiQilDao1BG1KhaIrIhwqhCQyI2RwOp0SUo2ikEotpZYIWRYlIiIwUlgm3WzbtNaQpBBARATQ0l3pagnb2RIJB0oIYSQySy3OlCRRIqKEUArkUCEUJULOlqqllCopQk7GYUw7W05Ti9CULUTUwKEirBoF47QCQSbCNs60adlycsrZGg0FSAbZQpJay5ZZS2Q67RKqpUOhCOxs6cz05EwkLLCxhaLUUksJKUqUkIqwVEolhKm1SCUQocy0FDgiJJVSVEJIkpCFggiZMAkZRZKmlgqHigiFJAzYIZAQTmfazrQVZMu0nZmZ2Da1llCQtoUMsp2tWSiJkGQgVENhG0FGysZBthQkISIAY5uQbIUUUSVhR6kmAxUV28JOSwqFRCk1W3NzKkuUKDUksBPDOI7g0nVpE+qiOk2S2bK1WqJ2nW0MAooC0gphq0QoVKLUYqWtImRUFKolZBCYVkpnCMBWkRwhohYbsIQQUEqptZBKp002N5oNFMl2gtIWcjYkLKTMJCAlyQk4QcZ2QIgSYWSEUorEoUAyhEqEhmECWzbGiohaq8FuJOkMlBCKtAWoRChCxlMzEFEEmcaARUQJSZLStpyZEDiFFRGKbA0QilC2TDcpQBJSCalNY7NRYE+tgYkqt9YSokRkJkGIUoubjVtm4FKqkG0JItLZ1ZCKglBka7YRbcxMY1IIW4HtzChqmSqRaaEoxWQmmYmJGlbYgFumxxYqEk6rlFKUQpaEihQRUUjbkxSE2jTVEmmTaRB4ctpuWfsuQnK0KZunCNlSUFRMRkQmGCmyZZvSmVIAlkrUblZLqWCchlAgIjxlkyXJZBCKkEnIlrYBTCmShMkpgZaOEGCa7QBFUdhGQqhESGEh29I0DU6yJQKTmWBFCSFJYdmgkAhbEgCysR1YAksyFjJICsK2BUQpyjRBm1q2lumwIdKtRERE2pKy2TZgG0yoRrRGc8uptUxJgVGJIiEcJeRmkxEBJmnZRCiU6cSy7JRkCAVhGpKi1IBsaVuFTBBCJSJESwOBW2vZMrM5XWpESCpRQsi41opp2UoEUoRspqkVRRTZGIdkMaWVDUsmyVAkkhR4cqNRa5UkWXLDYSyTUgkcTocCESVEhEAAaZcIJLvllASllEwbZzaplIKxmyOCRCWKokRECDvNMK5btlBkWhAKKRAiSGdrQIowzWROgIwgW0tnc7OJEjZIJQIQWESEJIsSxZZkjHE2UIQCLFlRIqSQTNoSkjKzSCicThtsHBGZDsI4QpIAJElSNIyoFCEUUUIRpJO0ZVwirJCyRik1SE9Ts0I4sdMKEoeULZuzs6JWcFCSjKgmjGWMcJumBJxurRVQiaA4BC4UiQRJyCalIhs7ZVkms5GZKCSEJRGCDGREJpKiZLaWEI6owlZUFWAYhyidJWcbx2FKR2CjAEymjU1rraoqFCUkIRSR2chEKgqhli2IUmJKpmmkKUWJMk6TpFqKCSmlMA4hSZLd1sv1OA6KWkvFGUWAJIeEbSfgNLQ06XQrJURImqbJRJ3VEkGoEJKz2TZWunV9Z5AIwiTIzlBky3Qi2SgkgyRUu65EGALSLqAaoSCRhA2UWqOItCEUUmBHSBEkLZslbAeZyqnZqQjE2JqdmRamRJsSOaeJkFRsI1o2J0JgIYdsWhuzWShKWJKdTiEgbWNsuyE5KaUgIZVP/ZRPmnLKZttCUkgowrYUKI0VISSkiKiq0WEsy7KyRAHblBKZtJbpNChkoGEbDCHhzGYExqFCyGQgRTEZaUXUWqRw2GmMlUZuOQxDRBBhLIMwDdMyEaEKBgcyBkdEiTAUgSUhFEUNp1M2kp0yUWIaWyOliIiuFkJylK5r2TIzQraNK4oSJYpNiZJkG6fWmkXtat/3JSIzgX7WpQlQOKzWpqm1dEYIC5uQjG3AOG2VKCqEJNkIl1KkQMqWwgW5KKRQUcGGbK1NU8tai0UgSgRBCJBBkjNKJMgyhMhUKZIkKKVIapnQkEoUSaVUhZAkAYmBzGyZQtjpbC3blBCAMyOKoWVrY7MNUhASYCfgdGbW0mXLbC0Bu6gQSAoCcsIlZJAVEgGy7daahRPktEOSaE7J0zghSVYEJkKykewkVKMYm+Y0gBwKi2ypEMhShBQREWAbRCZuiXNqLZujSBGIWsrUpmlqUqZzHEdCoKKwwIDsFIIpMxMsCNEyilFMrZFOnK2VUpDAMgkKy2GhTKIAUULIoTCtTdlaS2MUAUzTmGGiuLUkS1SFbZOpkKRhHCUiFCoqUUpgMhOnJUnNKRQlBElrzQgVIooNiExnEpIEuLUoRaFQKSEDtpCAIBSlhEQpVRBRFAoUtQgySRIU2KEI2bTWShRB2jZtaumMUiQkmQhpcnMiKYoCJYkiAps2TulEmVBKiahdKVFLkYTTChWhKCIkkAomikC11lBQBAoB0drobEYRskk7c4QiIQUALlHSlAgpEisihIzAtnGg5gb0XYmozilBETmN05StjUgRASnJmZYiQhJ22naKEqUYpmGk1FIUpUhCSOFsUWooEC1bS5dSBKVESIlqKZlOZykVOUpEhEKKMgzrg8ODEqrRSTZShAiVEjIIK1sSiEDYZLaQ0s7WQkEQBDjTxkIlCjhxKGpXJRlwWhRCoBB2tkzbou96S8bCEbJtUMgOuyFJERFS2GRLECEZQ4lSIgjLiogoIWzkbFjpDGHLpJsVUWoppSaWCUJVVdVtMoClQAaVCCEMdtiWTPZdF6VkNqWMkTKztQncdX0pkc6QSomiQKTtTIgQQq01jKQUMimyNTJtlyilKKJgptYwtRQIO1VCURRy2omdEXIa21bIhMY2kTaShIkSCrXmWsKSFLadDRSRUgeNCGObUIkIy5lpk04JQxAA4Exs2yohwthECWVm2mGns7U0FIWFM6OUkCIK2EgOFwMYm+Zmoag4I6KrVRFCdlqSjJ1uiSUhhBLjJkARYRMRqqVGVNNycoki0TIFUaNERC2lhjPTDoOEUioSAssi7KmUoqKWxsYoFBEGIdslUBREKELR0hKKsO1sNkiKAIUUEUjgUJQiIdtCJUJRJMuUAormzGwIGUNOmRAihKSEGrXUIqJla26kI6KGgDSAsKIg2yisUiXZLgHW1FpIibEtKSU5anE2YyQbibAiVEqgMJIBW5KICDsxkKGwyZaKUiJMkmE5WxOS7cy+6yKitVaQFFFKppFtS5QSoUinUKDWDA4pLQqSQBEyLpJEKeHM1qZSqyKE0k43hTCl1MxsU66HMYrms35q2VrLTEnNKRFSwwUhSbKwkamlk3Amco0oJSxwApIkKZTZEJKlQJDGIhCWJNkpBWQKLDDpDImWSToJFQsbnIZpGtMZpWDbIKZpAgWKUkoJN5cSEoaicNLa5OaoNVBzYkqtYVnIDslCRERt2QIAIaSQVMLQ2tjGNqzXzQ0DtNacCTK4TRZtypAIZTNqZDS3CJVP//RPVhZCiQMnTONkZy0dAkQa7PSYzZmkwJChyMSk0wZEpglqwWAMZKZx2thFskAKJDtNhDItbCJbSoBlEsC2M1EQRImgiLQN9jSOFMnCVoTJIOwEcEGWSigUai0jCiIxicAgkK1QJlEiSgghMKFQREuc6TQggdTS5GQ75WlsY5swhGU5AEUfQQARJaqkUAgzTROIiJa2HSVK1CghSVIoZCkAFYXcjIMooTSSEgcpFYFx1Oq0FJk5Tc3plCMUilqrUBRKBMggFclCIBvSFnIaIQtl2jiThBKCkAIRIBElimQh0drklkIUgW1KKVGilLDtzHSTokYYNTdsO0FIkp0YRaiUgtQyCUsSGEJFZsppShdIYTudklWqmxWBFFIm2RoWwgrhUmpR2CYCI6lliyilBChw4jY1t7QQCskkVnOmEURICgFya5OhlKKIqY1ObEoXoZIthUrpQi5RpZCdVl8jFFFo49RattbSaU+otDSkFCEhtcSZEUWhbE0EihJYNNu2UImIiMShkGy0f7A3DROKUguEW0OWyExMUdRSMpGtoohAUVSSxMKUWiMi0woMAhQAUkCJElVCBG0yeMpsY4rEQpktSymKkJStGSKKJAkDViC7IZUottMJgVMGYVsSApO2SCPszJRKKSVKEZYiQjgRgrCIaG4RUaIKgxPbIiwKMqZICDuzZShqKYChlIIxxlYRJCAwCJBCEUKAIG2jqIFL7WqpbWoKggiFpKg1FJktBFGICDmTbFNAaw0EamlJpB0RUilBVNkJXZQSxZlTyxJRalEJZ9rUWm2mNk5Tq6XYliQREVECQzaVwgS4RMh2qEZkOp1SqSFFYBIAzHpcObPv+kBEFEJSiVARBlxqzUzJXS2STCuKiEg7gtpVbNJpKwBFBBAqiohSWzYMGCQRRRYyJYokGYWkkIRkQZoggqi1r4GlUESUKCoqUYKQJIEUEREFACNFyCZCqFgOkZaI1qY2ZYTkQEYhIRQlhCTSwq6linRC2HaJyMBJSIlLEFEABBgToWZHqKudShGShAzGxi6lhiQsVKIk2DQ3nEFElFqKke3JLQhqCEnQsDNx7foSamSbprRtAyYJhaO5lVJrRNrjMKVMJgqEAqdDCqpxZjNECRnbdnZ9F/aUrURIkUKKACHbAUlINKen5kxQiRIKTxmlqChQy5RUIuwE2YnSCkyglomRiAiDQREyLRMwCqESygwVgYJaOkGERdSu9H1nkdOUaQCjUkSAQ2GBLVxKp1A6g1JCLUEowIRQESazIYBsHoYxx0YoJABhApPZFCqE5IhaVFKopUIRBZN2CXFZYtmSikLCWKFaSqZtWRay02kR6bTdMgGLkMwzBYIAZ2JcQlGilk5CUgkpkCNKkQLITDvTLqUU1ShFcsO2BQgpJNrUjINiJ2CnoqjQmgOXCAA7QjYyilJrLVGdqFC7meXWplJKQLMtYUJElKCkG1EjQsKQTmAap8wWpYAUAKXUlMA2U2tTNlBmQwTRnBElbadbS4QUJUKKbBmlVIVxusmKUCnFbRqTiAgJZ7ZJUpTAxjIIrdarWuvW5kaJktmEFCA5sZRjpjOiEgoVO0sQpQghj21CKmDbBgmYWgtFpltrMrbsxBjAGJt0A0UROCQrQgUMRNBAkkhESIAhM22EJC2XK7J1tSulYFOwnekoChWFbNtGIEVRjepIG8mhQFZEiUIoSiDbDVApmQ27RE2T2WQhhVRnta+dAblEJJQIIkKCENjKTOSIiFJMc7p86id/skgpigqhTEeJWpROk4iICBUKNCQkFJEyNq0RKiFFSEhkyyglHCVCITVnECaIRuaUzowaESXTuIEMBZlsUypCKIXT2BQVRZQgBEQoWyJ3tcOkXaOikJALgdPGXddBInKcpjaFwGQzcpSIEkVFipYpVCIgsk1FssBO2063hlRDCaUUCUUpUYqCCDeXWkuttmVLKhSbqU3gbLZTtmUh4XGaZrM+MMi2EDC2iXR0BRMSRVK01ixFRAQAzQkRuBkASSJtuxQpSlFELaUUt0ylXBLLESFJkmyXEiCBnTZWYDnTaZCdbnamSkRENockZcs2jS1CtklKLbV2NSJKyFKolCKFQdDSkqZpEupKiQhjjJ1Op8GWJAjJmKSWEgpLkmyXUmopFthh2SAZByqlkI4SJaQoEldIEaFQtHRmSsZMQ7OopdppK5uFS61YtZZMt3GSZNPalJlpZ0M4M1taxiSZXa2lCiOrtTZOLUIIRZQSioAoXWktwZlGCpUSErIVEbWUQEZSBIbMtERERKAIYUkmIgShIiRAAUYE4eXBMuV53zsIKSKk4gSIrpYIQ5G4TCpCVoalEnZKRCmecpzGkDJxupYSCstIJJacGRGhUqSIUJTM1lrLbJKytXQWhSUhhSFsh5TCECWUzmwohEgrZGGyTZPTluwk6UpYslGQU8NC2Am2MRZKSWS4TK0JE4HJBLeIUkq4ZbMlQSCXiKjFRhhhO9MIFJkNZIwUAgvITELYiUKA7KYISQZJiUsUy7ZD4bQkRCiEsWxbKCIibKuEICIcklMgqY2t5WQTocxmuUaUrmTLaWoSUUpBEbgligAVGWQQOGstQq01BRLpRKUrMTVnNkMbR8tkhgogSDdbtXbONk0TdpQSkKASNUqt1aaooEgzDqOJQkytZU6ZlqQIAIwURHM6E7kUFKWAyWyJHKVihFQkRWArQmAA285MkMEAObXMxKRTsk3atm0RwikLkGRSANhGADJpk04sCSelIJOSAHDactqZIZeuh5xaAkIqYZStdaVYUmKlE0QQzmaMioISoRLZMjFOqRSiZUaJUmqthVC2ZnBawiatKKEgMyNsKaB0JULZjEAGdREm0+TU0iDbBiAQXRVWy2aT6VpLCWXaToVkCUyUqiiRdohQMc5MSTYtMzMVERElqhDCICnJYgzKiFBElYxoKculFEm2CcuKiFCAEBgJY0RIJiO6KIGzlCLIzIhAONN2CCLkNMq0M505jZlyWGOb2jg5G1HCWEiEbNMy3VKhWnuQIJ0KFAU3Z9ouESiQMjOkEJlERC0RNUKRaQmF3BIhFWFESGG1tDJLCVRaZmKTEQEYCaeFBbZo45StZWtJAorizEyHMGkTEVGrnC3TmULG2SZDm6aW6czESJJ4JikCK1sqhCBBkM5sJKUUyW1K2xFhm0wRzhYlQqGQooRlpySnsZEwiihRHEFaoQhJSMYtTVG4ZWstnYQysyCcNpYxmS0UJSRcSmlOIEq1MxRRopQo0tSmzJYtQ3KmJCOcilAYR1eKMyWZFDLYQALplmlEKKIUDCKtiOhqLSWmNqWxSei6LkIhGddSSqkRsuS0FKFIp1BXSoQU6iIQObVsRqVG2FmitHQXoVKR3CyBKCqttSmzhkoJS5mJBBERAsCJpFBEBKUaOzMkQ7PTDtmUQIlbm1AURa2l1GIRiogilTFb2LVURWTLUgK5TVYYqatdKVFrRW7j1NJdKVEiR0OqhBTpLCqqJVPOZimiKpStJQ4pQjIgCUGbJie1RCkFZDkUQZQaEQJAYGdGlPIZn/JJKmGECKKUiBCEE0mRgYhawiIkW5KiOBMswukSneRAKCSFaW2yJGMUIRVFECiiKEqEcspSo6WNRJQQkhRRAiBTEaEINE4jJkQmJcKilhIlMp1kiWqnDBgJJFlFmTjd2lRrkYoUtatBCE9tShuwqbVKsqeWNmC3TOSC0pSI1pqQSBEFZaYiopRSI4Sx7cwkMMqcpBIRwkFQJEQQpdQIg9MEEElCyElEiGxtalMtIUqESJwYgyyRNorI0nUBto1LBLKQQgiZzAwVhKBhpQHB1BK7gQJZKiHSxigCKTAmI0JSgAS4tXRjcgJFJaLUEtkakkKAMRJIAaiUwApUSkQtEgIBCoFCJcJOJClCESGTtnAiVKKEJLeWBkWEQs7MLKEpJwsRTqxUIEWJQrEoTocAK0qUYtLOtEmHiFItiyglJGVrGCJqKVHABTkwAixH6asyHEhEdLUURUgRRaWE0xEB2IYIwCRkpoiIKKEotdSQ1LKlqTUQNkgRJdMh4SgVN9KuEbYiJClba9kA25RSo5RSaumjhHgmRYlQlBpgZ05NIUmKkJStgVSIKE4IhRRFodKcads2bs4iOdOZJiEiCEmhkNKZUyoUJWqpSYaLQtkySoSEhVMKcFEomNKZzrRCpQYKObFQSEJgJxkqmFKjtSnTSE4DKBBFoQhBjYKIkCRhSRGKKJmOIhHNaWMsUAnZmSkhKS2cdnalpklnG0ejGtVghEySOIQkpxsZEghLIQk722RMVEJFITBGIacVUaOWIjujVA/TNGWIQOm0kcK0bE0SRJtaKGrf2SZdIkqUUIw5ZbrWIgLh1oxrqSrR2ugsFGdLYalICBHYGRElAixFUaigKBERKki1ANGwUBCTG1AibNJJWrUgJJGKCs60gzCM4xThiDBSwzjTiRGhEgoJSaEKDhXL6cQqkNhpI8B2kZDcEihRMhMRtZRSi2jGIOwELKMS6QxkG1mEjZBCGCGEQgJJMpJbGghZpWBnpoOAKUEOIQW2FILWJmdGFGRJUkQp2QyGiBKBSgkDThunW2u1lKQZRFiEZGwnEs50c7ooShScZEolijCgTGcbp0QwTROWpZZTlECqUSQViaAoUIko2JmpUKlFlEzblk0ERW2awDalRBAWEoqCke1wRAkJhNQysUspzoQwSChkK4II2UQgok2j0xZySJKKs6WzqEjKTDfbjpAUNohm22QaXIpAOU0t7TQRQumcpobToRKBSXKaWikRpZaQRIAtjEKSSlGNKoMsKSJCFZOtISkEFU9pFEQpiiJUSyHCthA4IrLlMI0KdaUDJQhFCctgh3JqLacSRchhEcgiImSyRCBlm1qmbRERUiklotnpRoaqIkIG5OZ0ItWQ7bFlhEopKMCKwMYADoFwQiQmU0KKWgOF5FCMU5vaWEoIIZdSo4ZxRNRSQQiFpRBkZoQiSsvMbJLIjKCWDmlqDUuUhp22ooRkImRybKm0Skxjm9oUpUytIbKpOcNIKkWWulCUgsjUNLYIAaVERIlSaqBaSwRGSCFhwm6OiHSGFKVKSJIo6kLONHIaBVUVyU6nS0QtpZRwZjojiiSFAlpLZxvHqdaiiKJaihLLJBCRmTaSo2DA2Ha2KFUhWVO2xAoI2Q5RSjWCdBrJdsiKiCqg5ZS2bdJYLVspxcYtnVYoIqbWZBsXwsi2ogQutcuW6WkaJwlDiQJKJ4mCQlFRNtt2JlCiRBSF3JxKHBIlwmlLgUCZLiUMtgMRFMlSAkYCKSQhRMOkk3SSzsyMCCREUY1CNnRw6bxkI6f7WhOwDcaSMwlkhTAIOxTA0AasKCGh9JQJlBLZiNDQxkU/s0k3AQohB2EhnLaNLJS2oIGwpFBMbQwrQwWBpswgVaqcpdTWksAtDUBEODOxTEKgbNncFBQFUaKUwC0t03ABowg5U1KUmKbmVASZObkVpIi0SykR4TY5JJTNdgOVCCSwDZCiAAon9iSVCCHZ6UYJjBDA1FotoQiSYZpKiVKCNFLLNq1HlZBUuj6crTUbRERp0xglShQby+Mw1VoiBNgOlZYNMkoN41BrTWkkhwRumViKAKJCE6GiNk4hGZCcGVFKKa2NAqPEkTQ5M6tqU6uUJLNZESHSiVVLOLMBRqESRcJ2kjmmJIQzLQqR2KaUgLQ1TWNRNBGKUiu0qjq1xNkyQ0BRIGnKdGYpVTJ2a0YOBQILDEIOFQUkzW1YryNqrV2pcoKTEtgg4dZSJYSwo4QzbSDTKqUEGDLb1CYRCjmiJIBlZyKg4LRVisC2bRRC4dasqPLUDC6lOOSpKaJIaQuMiUJroTLRsKMUpVubFKGInBIpIkzDkgJns+WIEop0c9qZzThKDUuhNJJJN1NrODMtQE5FQbhlREytAbUW7GZXCUXaKC1FIiAClDkJRUTazc2NrqsGTxNAFDtFEGRrmHTWUigFJ0YSIdJCma21jFLSTSo4o4Rtp6MEhMBuUgiMW8vadTm1KVstRSVkMpslp90MWUql4CSdgexsLSNKyGnVWjKbUDqlKKWsh8FQSpEdJUC23VrUKtkJQU6JhG2FsOyEWktrLaImKQiU2QApCE9DBiIkHCUM4EyDpAiMJGzhJLGQbUROKUkF0gpluigStTZm0pWIUlqbEhfViMjWFBEFmZYgi7BzTHcClJldX0HNhMjWDKEIkTiQobXJqJYopYAycxonIkJM06ioIRRgmRQB2JailMh0c9YSIlpLSCAzUeDEVoSkbA2pq51JJ61lFIymqUnqSjXZpilqsVBiExGCKGFjT5mSCAVOIpyJwrIzi6KlJSGANjWFSxSFnIClmFqCa1GmFICypQG3KMUJclUkGoa1pNlsNk0TaYewAYEBEajZERGQCeFCNGeIhmWQZIGjlkyTqVJsK9PSNE0qcjKNUy2l67qUs00RXSiMZSMZ2zbuFGkUpAEHkZmIUCSZUwsFgW0SR4RkMlsrpVqoWbUIbLfWFCEBFjIiEzAKgTAICVq2NCVCqGWDbEkAEUBRJBbGIsiWCgWByGwQJdRsgZ1CpasiLJwNK7NlWiJCICkwBNiZCWApohQkbDmzWUVWCafbNBEK1GwB2AgIIOQEEkESJdLINplWSEgg3DKJCAKQULYx7Vo7YYPsTEWJEmGnZaGxTWpQAohQpkM4aTkpCliWJIQwUWRc7OZMY0uKEs5M21ZXS2aCAMCtqcjGSrkiy04jKdtEyKaWClYEdto1SnPDQs5MUUxOrXURDuXUMt31JQhCraUAFBJyswVYkGkAmSnHUFFEIAnD1LKWYmdmtimjRpSQHVFaZgCSRSBLdmKEQ0WShVtDNpJKm1qIKAEqRWmcRnZiJ7YUDtlZkJFl7Da1qEVp41JqSAlKmdawTJRYrVZ9PwsFMsgJJDaSirCMPWUUppYKCaVV5bRtASVkAy0d2SaFIgICACcOsKWQJKfJlKAEKKeU0oqQhNKZbSq1WgopWwKEcmqZxhm1FFXTbGrtpZymKTNDtdRomUBImZl2rTWkNiWCgLRxRMGWBLS0nFFqyyaBsVOSFUpnpkWJUEgo7dYaZIkuMS0bra9zBTgzE4Mon/5pnyo50xEFCeyQBA6DUJIYO02mEU6nopQagdJGYbu1CZPQphGELEmqFAphMjMNyFJgE5FkiRKhIqQiKW1ShEqUbM2ilgq4ZaLE4NaaFLVEgiyFSkQtnTNba4LEXXS162sXbcy0A7I1SemMCIVsLNsApQSAVFQIC4WUzrRLKUHYYFSilAKkU1JEoAhAwkzjiD2b9a219bCexrGWYinTLScn6ZZpk9lSSDKA5bSkqCUiQrGehtZaUSBHVIVsK0Jgu01GSJLItAnTsBQSmABAU0sVhco0Tn3fKySpK32EJKnILTMdUhQJRS0hpSyHhSQgpIioiswMZAwik5BsIwXZ0iIUpdZSQpAtkWhWqLXJmQYp7LRViqJUIWyppJ1tyql1Xc0pM62iiIhQs0sJIYISoYgIYSMVRAQCu9k1CiAwCUJYUqirncKyo0TLdCKFZWeGijBCgsQASGBlay0zaZJEhIRUUg5PbXJmKQUkMJRSACxJEQEKIVQwopTS0gacKnI6W0aUlJXOtEogt5YlilRaZkSJKJmTrDR2RulKCJROoahhmh0CFdVSI0qJ4nColBCJbbulMxQRcqakUsNQayCVkG1JQqWGgbRDBYWEJEU6nYkQMWWbWhMOQNh2migSKMBuViBFQGZGBMgAymkCMKVUILNFRIRsQ6oUpxEhAREB2LInW3ISUWsRtLFN05RpSYIoilJJSyGcdkTYTjsioEQIeZqaJBQyaUeEsIggLBTF2dImiZBkqZQIkCHHtDIUkjIzSgjbkAmWJMkpSbUUlQhsRUS0KW3bFtSukColULRsObWikJimhrOUGhFOkDA4SglJ4BIBIEkhByFkgGzGEaVlyi4qBGFCcgiTKAQQIZqNa60STksS2EzTaBwqaQNWCknZmvsahjaNihBhE1KEGibdsslIpN1ajsNUSkhKp6Hriyi2BZJaNimIgJxaOj1Nw/royG6lllJDCjtJKTCpoogiCQk7UIphmmRaArRpas0opETQmiTLQrZBERFEOj1Nimi2M3FilVIUVDS2yXatYYSpXQe2LQm5tQzCdnQ1VDspFZAhFEFaQpLBSCkVFYUiokRrKXu1HtJZFISESoSRUNfViChdCUWmwxAZEiDJUEqAbEIiyKlJIMmKUhBTOoS64gYSEaQVhEXIQglFzqS5uVnUqM7ECGEM6QQbhSIUoGzNqJaqIJ0lAoUTZxNEqQpCpdTIzLSzudYqSUIKSTaIUqLWTtBQ2CDJgaRaC1IoKFEkEgu1zDaOmZ7NZ9kmJw6yZWaCceJwayolQkYhigolwsY0EhtpGkYn6QyFFEm6KYqwDBHGEVJmEwCZWSkEMiVqy8zWkhReD0ObGsbNXVejBCWKwiDTskUEUeQcxlEykNkMJSJFG6YgkGQZg2ScRhSwyZZpl1CKtCWkIMBWFBUJbMkZNSKiRsG0zCKa06YURYRTwtmylohalDauXRUKlcx0pkAhyzQFICFHFBCyTRdVIdsKhWRJYFLIUo1QKExiEFhESFJkplsqFCIUiWUgCeSI2jmbgloqckjZMltzAAJnZjOlhEQIC2zstLEANyNs21K4hNIUYRRSRJFt4aRNY0gIo1IjSsillhCaWkZEmDqroZI2ABayDZ4gLLCxKKVKkjAlIiIiUAhCRMgijSBKtJYIyGxpXLseJDksgaJIiASV2ik0jmNO2fXFIlvD1K4qoo1j2gWihpCiyG6Sc7TdlerAJkJOSyhqYEUoFFGcThshlQ6abaekkGxlS+FMAigKrBJORUi2nU4kKSif+qmf6JQzay2CNE5s2+nESUTpSlGEpBLR2pRQVERIJkECJHV9V0rYDRSEFMik07TMnFrLlKXAGKC5tcktLTLTabBKgAMpCmnI1rJlggOyuWVG4CTThJClAkYSKn0N1UaWEmChUEkaBhUhlUhbZLY0KpJNkoDJTEeJqTUh225GslJBqFhuUwYKKSJM2rQ2tswoUbuKERJIpO3MzFZrkVSiTDmJiChRS0i2nZaCEGQokAUlSssGoKhFkkJh2YllMCEUJRRSqTUQEcCUU2stpJBaNkNAiRAKRdIsBG4YQybpxJDNOTWmVHEmtmXbTtsmSkQUOxUBtkJBkSAIlSjgli1bSkhCYTeTOAQKhYQUiKCNw2TjDAWKEipdF0C4OZVG4ZbZKCGD07bJnJwCCam0aVIookSRUxFIUVRACOyiogghI+xMl1IQskOhkMDOKe02lagSmdgGY2OKIrnCzY3mNEiSpKJQhKQIMbZmwGkZhBhby3Q6wUJAUUmnnUgFGrJTaJqmCCJKkoGyZZJV4VA2Fwk7p5Y421SiYE8tW0sJgeU0pRSljSDTKShRQhFRZSFFSClJmZZFhG2EMzPtNEII7HQ67cQUSQqKScJhlJh0azZWhEJkEhK0KUtIXQFJKG0RIalgHBlFQmARQLo5SjEmIYokaBDIbkSUUBClFtuE0omtIBSCFEAgJKcxCoRKKWmbVqIQURUREQqFhFpmiEwriAhnCmwjIDIzM0FKW641IgqhSKWzhESAEiRkWUKQKanl1NK1Rms5jqNE7SoWNuAwCW4qNSKSJJ2YtJ1Ta25JEKFaKhbhoorI1kotUUNIoYhwgiJEOqWiQBRhkIpq15UQJjNba5goNYQtyyiEFJRSMm0nOJ1OuxlFhBIBbWqlFEnCki2HJAmTNpnGpZRaw7akrpSIUqV0wxAlijAIT6NRDWVz33dRK0gqTkGrUaKUiJKZgJAzASkktWwhohTcWmsRUUoIgggVTEvXUkIhG2hJZlMUQCGnQ1KUxCFJas5aiihSZGbiEKKEIm1F1AhsB4HSaYEzajGEZIkgpGyZTqcj1GzbR8uj5eGydl2tEaVECRKFnE6nZYEhhG0CEQabtI2drU0oEEpMWiVQiDRqOYJChCKEsURAy+ZMRSCKZJOZEQIUKkhgY1mBjQAJ2wkSkjNTLiVkbGpEa6mQcEoRIRHWlA3baSAiVAKMQjIikAAgbRCZyJnjMFkGmygSigjJ2GncphZSlJKtJdjNKex0ShFRJjeglJLpzAmrYTIVFUUXBZHOUkrfdWncmnEQKiVbk9TVghQlQkKRaaclrJCEcZi0IuQwhEWRFCWENLUmp22Zli3tKAFkZoRsbJcSoZI2jmkaQFIpnVpLRTioESrKzGlq4BqyZCcJIUmtpbAiMJkJRKcgQE6SJilKxYmcmU5LihoGoEZJOzMzXUsnCYFUI4yCaDkZLDChUKQUARFBhJ0KYRRIgSkRQJQSIXCUEqEaNaQM2xkRRYpQ2uM4hkSEEZaEMRgzZeY4JsJuGBs7M6OUiCAtyUgIRUhSCUARoQhIJrdQILU2TdkiikxzOi0kRYQkIeGMCDdQuqVJRZRQmlAIIgTFsjMJKULNURURUaqETbYkcLMQtrM5m3GmDSJKLTgjwriUIgUE2ZIspZBYsi0BilKwwCFSCMlhbKilTOM0tilEKRUCZCeSSKlIStvOQiFw5pQOGwmr5eSWSUaEUMs2jFPmZKMStm2XUoSEI0IOZIhSS04tM0spiHQqQod7F1qzhJ1RQgACZ2Y6sUqptYRUWo5OCKQgrSIQzjQyQJSwcxxbutWozU3pUjqH3WybIBTYiogSEJ6ag5AymygE2SahKDXdDpfLgmqpCiK6GiSQVmicWq1FUmYzypZRkKM5MQHGhKQip0IoWmsCgU0qna6lqNQ2pWio2M0tFSGhiNbc2lgUqiVQZgKKkDEUxehJDmdLt1q7UkqmA1NqyzGnrKWkHbVI8tQyPYzjrKuKaGmFijTZOCMKmS1dSyGUrYEkCMlIynQII4Ww05ZprUVXsqXbFFGEklSErfRUKYjMVCkydhoMIUkCkyAhZTZsSYSEpLCSBJAUEW1qyAYpsNOEkGRnKBJP4yRUu04h4WkciZJjU1C7Yqu5hSMKbUoV5ZRA7TpQTq3lVLsqRWvNIlCmIUspOZmitGlILl1xkjmVqOkEhBVhhEEmiSKMje0kSRARgoiQ00jIpKQ2OWt0YDc7cNqmyJSCaWlIKbAVEspsUiBKCMuhnJpNkVSVUyqUzjalbeyIGqHWpigBYSzb2I5aYsqGXUoBkCRsQmFlG1uEjFqbFLVECGfLli0za9eVCEnNrRBjtmxZogQ4VErQnJgQloQM0NyCSFom2EY4Q+G0wyJUVFACIMCCNJZkJCBQk5VuJkDIsuSWhCRLAUgyViqRnAoJsBsS5n6KcDNhjG1wqCQJkESNEpFpZyaAQzJkMxA1IGgNOSKacWaU4patZQQlSird3NVqjDGyTKYtlQhsJBKKcbY2tdbXTgUSg6RGOt1a60oFIcimUkC2bZzjNKWi9F0XpYzjIJuQkBBYKpCTLTuKRGQ2J8YgwZSjVN2aImazPu02tShhp+2IEpBgXAggnRJWhHEQzaPTJkQobFvClihRknS6OXNqpetKUbbESrdxyL5TrRViHIfESlyij9JsZFScCSlECAPGBIWwFJJsUDotY9shZ4ZKFEmyc5pamlqKAEFETlNrTZIkhCyDSdlIQoQkYRIXFQlwmxqSQm7NFnIppWUGAlCEmNJtHGvXRQ1PLQl5siIsF0KShbBTUXJqkixL4ZZTG0utMuPYSpFKZMtSi9MoQhgHoZChjZMkoyhgxmFUKMChWipySxdoQLaWBEq3UookKcCKEipTG91Go2GYailRalQJWssSaglkqIyeCqq1YhBOZyYm5SIZMBGaxsmom3VCYEzLFMKSnCSJFHYDMm0hEUSUopCzZWZrlohSJHBITsipIZcoRWXCAUg4bQtlJkhhlQC1YUSCgCQUCgFC1jgN2bJ2NaJKFkrRphaGQAokpQlLAUyZbolooxUGai2lVhucNoBCShLcpskZoYgilJmqoZQzcSaKkIQTgmwGg0rYBEYBDpMCw9SmoopsYzvJEiWkZuc0KSBDQYk6tKEoFAhlmsza9SoKFZO2gXSOwxilFqTAJjMjAjO1CVy7iiMzaymW0s5plFENIS6zM9MlJHVJc2aJbmxrIJAipLCyUBQaM9WmRLJrKS5yMykHEcrWIoIIgZ022K1liYhaRTqVbkZyNruUyJZpShEm0JgZgVsilVJURJKZdoIkAbYVwrSWUQLhliCFQmGyKBJs1whCbWwqYGFwJkiSlK0ldLVg0pnpUJQiQza3qTWmrusxxgUNbYKoEQpDgIKgOFSypWWSxNkmo1CEnEIGSBsLrECWhXCoJFkkG7CRIiTcTGATEnKbEgMZESYIk0obDAph20LIbSJKCeECLcGZaYcK4SJhSRiM3ZzZkCBKgJTNUVSjNHIax6m1El2EhG1TohCtNTtL32dr4IiQoo1jKcUhNyPILJ/+qZ8coQgUBRRCISFEEBFhUBQwEUAgEAJF4EyQo1SUmbYBSokoJafWWta+q1EUUSJKFEFmohCE1LLJmHSSeBjHCEXUdMtGiSil1hpGUSgRWNEVp0VY2C4RNumMiAjZVlgKCRmhlBARkjGapskiUJSCJCTITIUkpBAoIhSllpCMIhUlpJDCzSYjotRIOzNrV/vaI5IchwFkSSbkUvuIsC20Xq+iRAgLS7UUAEWRImTbMmGpKIiIAAshG7CN06gZNYAER6kySRIlWyKkEiUiqFGc6ZBC2BhLhsw0SIqIKEJSIEIlIhBSCCTbUmYaZeY4jiBAJYRslxJpBKCIKBGEENiZFuFMRCnFiNacQkCUEooCtGxtaqWvNoCN5SBsA7WEFEnYzSKAEojMZlyiKKJlGqRAIAFKwCmKNbXmNEAASqdkS8JOJ0SQUKMaxrG1NoYiSnRRGtiSAGoUFWGiyKYokGxnpopEKFCEATPmGFFLKU6P06SIKFIgFYVAwpYkRRSksCNACkTgZmykQAoJSVGkkCRlpmqppfS1ShqniTSKzGzjVEqUrpYIY6GWRo4ogQRIkqRo0ygUqsg1ao0AokgRtgMUgSQEUgBI2BAhyHQ6nY6IUmpBRAhACtkmMXY60wqECJMgGQUgWhpbCtlRIp1tcmYDJYnBOFHIKNtkSYTkNloIEQUMmaiUUlvLzJQIUChKSBLKTNkNpmwWRVgSRASZkkAYyUIqwhIYk0xtaulaSlGElBhsHBFubmlISVjIISuqkIRCUo1gSkdomkaknEZbwiIUsrOUrtaCkKIrlZAzE8sQgEMqKpnNBFjCGJCUSQknBiQAGzsdKkXOFiGEZVKZ2dpYVCKKpEyXKEhdKaUWh2SVWiJKhLquJi2QCIWEFSLJNrXMaWygEmRz89TSRQKF1LKlbKdNqSWItEFRAjkISeBpStulqHYdMLVmACtKpgVRAoMNLip2pnFmRACgokoRkImlkGxjExFCURVBpiXZSWJqjYiCjWS7jVNmIqlIiZ2ttVKr00gRRC1CESFomZBS2Am0bG3KCNXSUSRjXGp0dRZdFXJrbWpYIAlRIiRc6kwl0uAkgnTm5MTOli4lSi2lRiAA0kZYSIoQsoQUotluQpSoKgZEidLchCRFFAmbdGbLCCxAEi3bOExRVGrnTDtrFHVFOLOlRTJlE1IookYwjVNmdqVIxYDASEhKNzmaWwSKsFMOiWZCUUIlIkIhWpqI5mzDlM6u60opTjecmbVUk7YMkhRK22kbsByhQC4looSQFIKpJU5FSBiRpFSknEgntpCzSYGcSfNkI8vKUIlSQgFpDISCwM6WaVBomhrQ1UCUCCzbCEwURNS+KyUSi0AuURVKI4VCU2tkU6hNbZoayHaNgoSICIyAABGlhIKQ0xHKbIIoIUkClWzNIUlORwnjUIBtg0utJUqEnGlnKKBIKbAUJSCELCskgVHIzmwNwGBnghwlhEPV2CAyQUIgRelKqBg3MmxDlJKJsRTTNCptCwVhIxshiShRAimwKSo8k52kI2KysRVhM42j7YgCOMjMABTGIkot4chIAwagEApFESDSNkQJJJBbWljGdlqhcLbWMqeEkI1LKULIiihdqaVERMvMdESUKpBxSxsaaVsOya25gMHZUEXKbIRqrU6A1ppEKSEkKSLCEGppLNt2ItkOhZFzMoAkI7DCUkWKUEg0p5BCACizYfp+FiVKhHFm2gmkMpAEzrQjSmuTQjUi7QiFAql82qd+siQhyUKSMLazJSCDJJpUoAkB4JZJ5jS1JAsSiSMkB0WqXR+SIhQh2ZhMS1jNmc4QmZlpk0ocEuTUSNdaI8IgOUrFto0dFAOZ09SmNpUIAc6WGQopMh0RUUqtJa0oJaJIAK2NThHK1iJK15UpJye1FCfYQCiKAqmlnWkhO1SmNoJKV8GlSBJYUqYF6RRIiijjerRcaxUg2Zk2orWGRLpESLLkJCRogmwtk5ZpJAsI4VSmJYydzZZxpiNK2kowCCSwm2vX4UxcSmmtAVjNLiERSRIKKaQSRQEghdO2nUZgY2yDsrWWjWxG2BJVgUIKsOUaxYhMy4oyDkNDfVeM7GwtQ0KUUksJbJsoESFnG8dpGCanSyktXUsxrMcpANtCoVAoJEmekEoptiWVUIlSVJCxZZcSNgJbwoSwZdKKwIUSxTIgFBKZmZkYy60JhSRjASVkFMbYkiRCSmE7RKC0BWmPmQUZmXQ6s4XC2EYgqU1Tm1rf9VK4WVUlgkwrSglDYNsERJQoLaeWttNcFgbZBmNbgJ1NAsnIJoqilBCKEhKhkEA22JJBQiES7CSUbjYSdsNEFEVESKXUEIQBEE5boVCkrSilSCgkSYoIhZ0UAa2lhEBSEOkGqESJ0lqCnAI3p9KUiFBgqSBjI0mqtZYSiZ2JVSQEok3NdkQ4FJbDSIiIKCqNVEQJkNyaoiiwCSkBO6KWrpC0ls5smW5pW1IoQECbWjoTkZYApmkyRK0BCgk1p6c0ZDoiVJRWQLYsIUVRCdu4WeHMYRii1K6Uljk5AwMoRQUnGQrJ2JlJABERpRQZAlkgJKFQSFYoM90aCJPOWoqTbJONIEoJydmaCYUiIiSUtpKu1ugKaSsLkgAUQrg5M21HCAnIRjpt40QRoRKl1loiokgouhIh205bqAC2FYoaRSUkbAQyJrMloEI2pxu4RkWBKSUkEVG7UkJIisJlKsI0207baQshkAJPLRUOqbUEhTCGIAgQluWQjIqQRGROrWWhWBaAISSlwNRaJRIXFWdGhEKZABHFWMgQRqEaSgjCGEkos2VrgmZjECaLCmQiZyJLkdM4tUYqcWYiIiJqqX3nzHQKOZ2ZaQIIYSMjtUxnTp5K7YEIpFBEGFBmRkgo5GlqglKKpJZN0FqzkVRChCQURQqEbIMUgUKOUlQiFMLZmtMRUUpIcmvNBiRUwja2kAgQJjGmlNKmMZ0GjCGCbM2ZEaWb1VrqlK3ZnrJIzS1bmsQWAK0l2E4JIeNaihQKBbLTEJKTqTWwk6RlyylbqUW2okhKjC1F6QrgtBGmTc24RCAwJYqVWA0woJBKKbKn5hKllKqQ5BC2S5RSip1SCQm7lOJM7AiVWgLZMoawiYhaa1crwjZGcqJa1NK2QpLIbJKQ25S2Q0WSbbDtIjVnREjIatlMtsyun0UoFCgk0rTMUiKQRaCIUsRECmoUk2lsSWlDlCCNoqiUIqu1sdkKMFNOJCWCkHBEREiKIqXtloqIoNRQRCEkKYQQEQpwCUVEhGzZRg4iIoSRTDopJchEFIUzEwIBiQWZqVLAERGSTYi005l2SFFqOIyLwhARtVSMLMI2EqVE2sujo66fRRXGUWpEKbWEFNFst4yQDGAIUWoIEWE7ogrSSVICwEZisrGNcRbkAGNcSmS21mwgjWQrFIklYaDZiSSLbBTVolCV5GwmWjaQaghlNrDTSAqwipzGmTa1lBDIdlpESBFBCEdUS3aSkogSkkKBBERR+ZRP+aQgG3aCkMJgKFGMwRERCmQjYxkQgLHk5mlsCSVCJUQYT8M0tVHYotTOtgm5TTkaJIyEp2yllFprpiMoXSklWsvWmk2EwIKIUmt1AaeTnLJE2GkAlAhFF2GAzLTldMjIKCCx0sgWpdZILEohkygRxpKczpxAzowIQATGBqkUyCQiItII2pRFUoRhyiwKdVFLJ7ATk2mFMnG2gmrfSQI7HQpjJxHhUBgFpUREsYwFGNspIxUJkEkkQFKUCEnCVpQAg7tSIkpma80hKRCR2QBsN0etEk7AUSIzW0sJsglFrQY7kZBKKbXrJJUoqqUW7MjMkLBkVIokrHSrJYrCSWYLySZKRFQMAqEIYUX0XWfSUKrCxXaEQnRdJcCEIhMgbVuSpSIUEihtm3QiiJAiQthIyE4k2UIpZJNpgUJBQWRr2FLUWtIG1663HRKyCbAkSRK2gUzCjiiSbCssqQghaBiFRNQSRaGCU22aEkpX+67DBmxsB4oi0ggbu5UIp+1MOxQRJSJsi8hpbCgzW6azRSkymTYOG2dECZHpUhUKpy3AEVFLaYnASoRSISEKEREKYUw6s2XLdCjSyhyjRBTJtm0hkRiQI6S0W8saYWHbU0ogyTZEgKSUQkWBZKdwUWQgE0UK2Y7aCbdMKZAyM7NFCUlCSDYINycpwqJKFNwImKZmp7GksNLONBBCChuwFEBIrU0GpxUSioiQhAhLEiAus6SIEghJUEuBwG45ASE5Wy0106BaQuGIgoUchIyhRCkl1qv1sB5VCIVsmzRA7QrYrQURocluUwtCipAkEwE22K4lVARSCcBTm2xs1ZBUFEli2anAOIwiWptKlCIhgUk7CBUsBFNaGNwmCKQIlVLkSKeEUIioBZCBVIQkUISCUmsXGCJNKRERAhQSoaCoSCQplRJ2gqJERNhWElGiFGGcdsqShN1aE8JpRQHVyCkzLQihqJhUypJEUbYMFFFCiqJQCBDYJu2iWjxllAgVJKC1ZrsURYQihOx0JqJGZKZUyGw4jcAGbAMUKSIkORQIRYSSzLRsZ1MoFEYyLRtQJKNpmgJqVwVpW6oKSxGqUUoJZ5MkMSyH9XptuatVAgMSKAgF4DSQzSGczmwtk5aEnEZSBNLU0ga71AiFZAigFFXVqGELZyklBMZQFIoISYGlAiiQbZUaSJmJTSiiyE4kKQwOQgJjY2xQkgZM7aoUkgwRiihRKtkQBUkihEEEmpwAkkIlSkhTa5km5NYkCRky081IEpZtY0VElJCopRgiIoJQSCErSrRMoRKEJCmKJAGKMJaitXTLolIiQkHYRiVslyojDIEUltNGCtxsT9PQmm271agqIiFKKJAxAgk7jbOlSBSZWaSEUESQttOSJEkRVSWqoNmCTEOUkLMFkgIhSRFdKS2bbWFJCbIJnFZomiYgiuxoLXFmZra0rTAmQkobhShRMm03Q4lw2nZOrTlDAY6ITIyd2VqLWmspzkwsR1dq1DCOCAlAoVo6RApAIIXAUq2BpQBJUWQTYTLTdpYIJGQJERGSHRLYOCKiCAtjOyQCgVQUKlECgBBgkN2CIqs504qwU4hAAHKgbLaNImQBEraxDVZIQopAOQ5NITlamzITU0sVgcBKUmYcxzZNXalRSq1RQihkpJxadn1nW5DpNEFEjSjKRmIUtZRSqk0JUSRo4+S0IiKEZWdrLUrtu9IyFYoS2bLhWmooisLGOEoxFIVCRNSilgaEbdtpKJ/6SZ9gU2oXEgqnnWmoNaQICTsNdjplCNkAlBIRXSkUoRBhEqcVLScAhxSynS4lVEq2DEHK6VorsiTjbA5FqUXE1KZIlxoqNRQAIjOdzpaKElVdLWlhVKNEpFQUigAjMFNOw7qZFFFUFJJMOrGdQs60JCRkHFGmqbXWIkqNGhFIxlObuq4qBEglW3OmSrilbZUIlVKQwpmSRMls2dI4oqoGmZKidq01Z5YopQTCiUIQUVQiopaqQGRmhJytlCIhBELRlaIQaULCESWN0xGSSawIKQxCQgS1VKcRUcK2UQkpkMImAFxKCIEIUQJnOGpRlBoKBM6AtFu2zIwQIJwgkIiIUqJEaZkGjEMQkjJHIcmZtGygkFS7GmAFsmjZcEatIRSlRNhu06SglCCJUmShzDQohJ0igJAA7ERREHISRUJGiFBVUJCRgKBEsTRlo9l2WpIN4zjZ7mrBsghF2s6UFEGzI5TN2CVCUSJKS4MUojmkKZPLMhuKWooUJkMRAch2ZgoRwihAYGEkSpQoIYUhpzEiEEIBisCEwmARolmJbdtpIBmHIZ1d7Wwb20CThYK0ZUGCMxNjRylARERElHCz5PVqnc0lCsiyUzZKI0Eat5ZuiSSsKJIMQaTTaRSyVCTJdkCUgiJKyCgQAkLKTAwoM4tCJAQCA1lqDUWmgShRSmmZYYSxoxQsRQihsA2QU9qKEMJSSJDGzkyyTZJKqaUWQrWEk0wTQrIzW2ZzKRElUhJg1qtVcwuQVKIYSyFhZ8sMyWlbCgIZnIlktzQlwmQNSaXUWktRYEtGwiBFCZHUEg7hHIYBOxTZGlaUSKeNW9oOSaUoJalIYVmJUQhFtgQTkhMjbGOTTkm11KlNzqbACbYUaUrgtEJAZkMCDJIUgRMJ1LJZEmSqlGhubZoslQjbgCQEgHHLzEQOhbO1NHZARHHLlkkQUcZxDCKKbGEjK1GEJLspJGMREaWWTCMiCEWogHKcJELFQUjYaVu0lm4pZFuQ2cZpiiJbJSAkB0QEEbKd6VCUWkA2CqSQKVHACZgSEjZIxgKMFQKBAUuhQAhJKJTpUopKkbO1FlGkaOlsLRSl1MwWEVGKbWOwHFbWWiNkhSyCCCSJ0jKjlIiIElGClGWANMJpEBgpQphSyMlOG4EkSq1gJEvQQBJOYxECWiLRMk1KIUlSQc0GBNlaKTUkJKftNCG51mIIRZQIlcSiOFMRRSGULdNZooSEGKepTY0AJDkisIyBCNkSCDmzRESpERJE1JbNuKs1rcypTVNr7mqnCEi3jNqVUqKEkvU0rYdlQVFresopCUBRAtFFkYpxa81OaKUElshSO1WRZJsiaigMktJp45ZtatM0kbaiRExT6/sahAQRRRhJQmAyG7KxEWkbKQAsQm0aQ4pSnAbVrhhLUuLMzGbbmcjGtdZSi1QCSRGBFFitjW1saVuSLUWJYhu7taYige1aAiSwJUyaCCQARIAs0zJDESHb2Chmsz6KcIAgM92myabUEihFARSQBjdbFkIobZPNZNp2QiBEtjSCbBlRhBsuoWy2XbsaUdIpoutrRETUEiVNGgnbtiWJiIiQnRgUOEnaOI0OKUSquUlRSkUqRbOus3E2wCZbkyIzLdsWqBRJmWm7RBRFREE4MW0chiilq8WCtKRa+wiiyDhCISGiRCnRSKdbazYlKkpFRWROmZkN24GRSi2grtZ0c7OQJCJFkchmyYoSUSJChghJJUJRRNgKMOCQlC0VEg5FqEiOEoqQ3ZzYKELFTkmZWT71kz/RKCIQArtl2k7bIREAsjMznVgimzOIiJimhqm1RoRpWISEIkpXStdVgyIs0s2ZokiKWrquNFNCqAiMQ0rbdimhGiVq2plNkoQQgKKUAAEKRREmSghySmxERCldAODZrBdBGBEqyWWJAqOiQpTMJorCoah9DQUyIdKhACgiLYFkKUSULqIocFpBqISK7UxLQpKtCLK5QUSEnAaATI9TC6nWKKUjm8BgqWUjASRhEZRS0ihQKIQUhhByGNvKbJIScmoKBHYGRSUwQRB2WiqtNeNaC1HB2RoRIWGVKBSwlE5jIYrT2BJTJrJQNpfAUlFYxVg2UqaNDGk7s9TiNKQECkkQrbVQKBinaRpHG5UoUQSKCMXUJpDTkjIbEbUUkI1KRGBjg7BdVKKEII0BgbFdFA0HpMKeiJCsIqcBSRFBSFZRAColSuAEhCRCJbEl5yikiAQMCNs4IgxGU2uyay0KRSnYgSwybVO7GlJgm2ZjAZnGRIAiSihChEq0nIQbFo4ISZIUkgKhIkoIp21ZUlFBDlBIyGkCi66ECYk0gohotowDOdJu2QQ2EhKhYpAkMIzDMAwrlVJKAdlJWkGUUiIgZKQAhSAiIghsmhOotSpkCCil2mk7ohRFpjOzlCKRBjtNBCIICSFK7awSEhgk0bJFqNauRE03oZYqNVqbooYkrAghgaUgQiJtO0sJIFu2NpVSotZaCpIzZVJEKISbsRU0E4AEZGuIUkKqTkcNHIiQgLQllVIsSICQDK01KQgyMZ51XVe7tBMHmjIVIWOy1k4RYCxkJGxJ6exmvUIQxshBIJsEGTtbiShdlFIRadLpdImwLUlRpFAonUQEbs3ISmwiIpMkFQEUiSikbaZpSrsvNZ12AjYCSYIShbRFyOnmpNRiQpLTJrMhiFDaaQsMpYSh4QgUYRQCKFEy7ZyilFq6UsJOQoSEQwFRSqQVjiiSlE4wUbpSk1QoW0YNQm4NsF0iTJSQikopmSlJIYEkKUA1Iu1ahQJJiSIihGXSzmxpiIiIiFIUhCIiFLKRNWHSgCIEEIJ0Ikoo3ZBJlRJRqm1CtetAxi3HEqWUkABUAru1phBSy4xQ6fqikFFRUVGEhWwuC5WWUxAKAkWJWmuEkCRCAmxjDCERoXCUwJLd0oEiIighpJLpErKdDbmFlM0RReGc0kIK2YAgbYGx7VJrkTKzZdq2UwIsKWywIiRlZuIklajIAlMiDHJElRSYEqFSSkSpJQBFCAcRJUKSFDIJKgoQQgokBaVERARSBGaaJjejEA5khUlMRMgiIMFuIKmWEqgoiMACbGVmSAqDgNYmG4GEsSNKlK7rFCEREbUroRKKBGxFsQ1pWxJICIxII5uwTdQIBdI0jW5GihAmnU5bgBUBRiWiBCCmsSFaQjhbqrVJKaSotQR22oaiIjRhMqUAQiUCm1JEYGdrzUZya802kogUpEupBgmkCNqU4zQZakRLm1ZrX6qwjDMTopRIK1vizJaWg2i2nSYhkHBCNGdr2dpUaml2RNqqRZYyE6lGzdZKDaxm25mtmXA2CRStZaYVMhkhKRQCQtFkEmcKbEIOSRAqCinThsBJprGRgChKR0SEaFODHKcpalWEbIvWppYNVGsXlkSolqKIiAjbWAk5ZUskTBSFkGSkiCJAUURCgAi71VpVuhLKlkCpxSgzgYYxYCFJUQr2NDWnVUKhiDAGJ2kbXEoxpJsgWypKhIZpcqYAp40sIkoUgiiSwpnl0z71k0stxli4mSglhDKZxtEtm20otUR0pqEIRUQYQwoQ6RYKJyiiBMYwtZbNESEJgyRbRRghRBCttXTWUiycjaTrSqi2bEJRSgFLTiO7NeNQjYKQwMYCaJktWyBFOBMhhdNNdssStWUWyVLf99kyM2tXSxCllLBtwMjpTDutogiwgAQMQkS2JiGRrUkSysw2NYWciSScCCGpKBQWRiql5NQU0XW9JDuRjRQCtylxGkopkkDY0zQhF2pmSyOpSCbstFxKlAhQhBRyYiEVk9ghEMN6mHIM6Ga1KBwF205QoJbZsk3TZFyjuAi7IDtTjpCsbOlMJ4oAMptQTlMARSQRgRCUErUUK5WKUgwRQhKWkKSirlbbNlEiABSyIQhCkAZngsAgBAnpiIgSigicokSxnXIJibDTtowz0842QRSRxulAhLI1hQKQQ1iBHIpQcIVtEyHZBpvWJmeWCEnZUjgh7ZBqCUVxplDLbC1BEYWEgoztllmiZMupjaGIGiEJgQFJtsjm1iKKkLBNKcUi7ZxaV0qpXZhMQpY1kaGo6pobKaSQ2tQiSsu0LVFLDYUBqLVA0FpihWopSGlk0jib7TSJo0Y/nwdRulLQNDXVqApACNtuCkkyyIho2cgUhCRFZpOtEukMhRRTG6dxclhJYqPESpcohKKUkFqbSq22gyZCSEFYTtIpSFtgIyWQLQWhIETL5oZBUUsRCgmYxoazSCqljZPAorVmZxAKpQ1CKOTE2QCVAJVagsAGqUSEwM5sU0sotUhC4dZKlFIKUkuDFA5VshGl1jhYrYbVuqs94NYMXddJgWxcFGkMsiU5XWoVcjZkAWBbUqkVuYSK6jhNzpYACiFk7KQrNSIUEahNDVxCmQqwiVBEhIJQjokopWBCTrvWEkUi0pZJGwg5mwkiIkqkDdgosRNs5zRNEYUwthQRytakKKWIcKbtLmRHlMCZTrBC2BFd1JJpSEtKJxTJtkJC2E3gRAgPw+TMNCFApUS25syIApQohhA4s7XJWRRRKmC71h7Z6am1CGyEWmuZWbsqKXNCYULCCaZlOhNUSrRpQpIMUUJAKZKwLch0hESEivE4NZkoAoRtF0QgBYopm21FGJPGMhlSSJKkCCEURS3TGNMyh2FQlK5UgtYcQkIRTshMGzszS6m2CEJ0tQcn6UZE2IkUuKXtZmebmqLUkLEkG5MtW9Qi07KlE4PTdqhkZqbByKEa4XRO49TapJCsNM60QWSmMIpSiqSiiIgE2ZJUSkiWiiqAHLXYmS3TAM4WUQRCIbVMmie3vpupCHuappBCoVKKSnPL0UkLQoAcJSIUpUgWAsCEwpramGmwFAg77VwN61ApCrupKJDTrU3GSG4pSVEUEbZC4HRiAQFJGtuCVIQkUCicTTglybWUKKWrHdAyi8PKErKQopYgyLTSChWFagjVUiWiRGYaR0RBxrREJK7RlRqy7UyQFRGWDWDhNGQasiUSklCUgCgRJcJ2tlZKBXtyrQVIZymSwmiapogoXWfZzTYRysQ4M1VKCWPAIiEQTkeNWgrpUmsRrWUt1XamwUUlShQFJlsqSiBJVZFuFkIKp20jBGnkTELIQk6HGKdJUgkhgTwlGKmWEhEKWeFM2840KMBK3NXiIKSu63JqmVlDRJE0ZdYuSnTCmZmknSAZGwIndmuZ6XTLJEsJIezWpjZNkiz6rgOyubXWTCjTCUQUFUUNLNmIKCEJaNNkmlAoQoIkbec0TSZwmrQTkGWMnTYoImwkZGopKjWUmUBmSwwRsktXbLdsnhJhO3Mqn/apn2xbAqOIkBRRa7UdilpDUSSkEJYiSomIEBikUjop7BShUImwm7ARUAtpkwqFBMVOtzalXaOoQEQIpyUphMhGumVLuwlsWkvAKaSQIEMFDGGQnFOTVEoxJCmErQikghTKzGwpAQiMQtlaTtMkwjinJEKJQqUUSYCRM00GwqkIO51EKchOSoRFREGM0zS1JoCICGVLg+wpmy0kC2FbOG0j2Q6RpB0SIUlTm5yUkE0ppUaxmFqmm9O2u1KilCIpCnYUQchWBLgqkI0VRShb1lojikxLj6tVaxMgqZSQUKgohIrItI1CmQ6FjZ1gLAqttZZZo6qQOCRbtk1KEmClIJ22QKK1xAklMVAVhpYZQVHYNpmAiRqSFCEJUiFAkpDJBGNJShMRRhGIUMjCVggpSZUisFMikWywIoBpmsh0oFTaRcZkGimAwJgQqEREKcJBlFpqlLSzjUahCFBIyM6QbLK5SKUGCDkoyLg1expHpFo71RDKtMm0sYQg2zQRoaBEpIUMdholVrMz007ktEWEIsCkjYokKYSQKLWUEhhjk3KGIhRISYailmKMHRHg1hqAEASSVEpAGkWJEkWSFHYzBGq27XRzypFtmqZhwjYyJu20EbYbdo7juF4POU216yWCkAhhq7UJRAiw7bRQtpxyaukgHARIEIgASwAiShelRjrHYYgoEcUSuEQ0pwDSNrVIpQSKkNRFLbWUKEhOOzNCgRBFUWqN0kVEhNLZ2gQRiig2ONM4aomIUEgytKmFpIg2NeyAiKJwS2W2S5cuXdy91Hd1vjEvtZRSI4K0pEwLZWY6ZUmOEooISYCJKARRCmDcxmkcJyWKiBJySOAENWcgBKZlszOxhJAUkiJEgARARoRthCAUCWQqojnJFlFKKYhQZLNCEQHgyMxsbWpNwmmsQCqSNI0TqJSwJVFKEU6RzSXCRbgJAQgpMGmH5LRJwKCIYhRqTtvNBhdkGSEiIkgTEYRNtpzapKi1xNgmhcJqpBRSVBUU6dayFaSIlo20MSCTTkmKAFqbRFiutZRSQAKFjFvmNE4UFSQrs9lE2Mgpp6NECVq65SQZcNJ1FYWktO2cWlMgAdQaQUwtaymlVkVEKYYIlRJSwTJuSUhBYEmUCERriYkigUqJkN1MIqEwKpIjyGyZJWKcxmlqXS1pS4oIRakRSNM0RZHTBiGpRFEppdQq0dJyFlXLTkeJWmvUQlBqiMi0beyopUTUWhRFEEW1FKC1JBQRYKHMNmXL1gyBbdIuIkKWnIAihAhJRSUCRICUKWdaWaIgtSlBCAmcWGCQbUVImDQSdtp2KEpBVNsYizDR1VJquoHa2AgpFGhsDSilhmjY6TSllIgwjlLITBsTCCICoKVBpVQZCGdDAEnaSggrFALShEG2pbAyCAlJEZHGLVVCisy0bUNB2M0qklVKjJmCoEQppXTCQgZBKSWdJYBobmGillAY46ZSailAZrMUEchIUYrAGCS7ZaIAi7AAAoWUTkyUEMZIABIYG6QgokRrk4iotQSZtEw7m50AKiHsCKmErKRhaq3N6cyIMNiJlTkBMnbaGVEkmhVCCtLpRkgAiig22JJKLQB2ZtqWwE6aFFHKNE3jNNToJLpSVQpOFHYCdtpZaiVxTqZIOIkIoNbA2AmAARGlhghBs6OUGiWhRHRdnVrLzFApJRQUFUWYDCkIcLbWWmturaWCMMZtolZBoIRAREQoSpRSVGuNUiPUMpGilKKotYYAhBA2QEskEZQaRCjUEoBmUAY2JIpSPv1TPiWQsSKwM42dmbVGhEoUCdu2bSMw0zROU6pEKGwjQmEoge02pUFGEgqkdLNTdlqFqkCWoqASEVFqqUGUUqozW5va1LquixJSgcxMO2d9b5SeSCTalAS1lmnK1rLWgrAVIQHISYSMQ2GnSkTthMAGVJAtppZkC0WUUmpgFMiBgkxLtkuEImRJSCFMcxRZEUJERCDVWkqpmZOwQSBF7UpzRkjYtm2QBEJIAiwJCJUQSMJCpUTCOE52K0FRIGws7BQ4M+3WPI3jlClFkZKWrYWCEjKWI2SYWms5RQlJXekU0TKzZUSJkFE6m5us1qZSSkQBYdtEV7rSRRAhlRJEiYKCTECQiZ1gbBElQmGjEgHCACFZUtrOUmq2tJBVIpCwsXNMhYKCJAR2WoFkp3KabNJu2RJogAgknNmyBSBnZokKioIRppRobZraCKGIEhgZJJUSRZrSpRRUhEoESDYlogQUFaUtApCQpCiZtmwjEVEURULCQkhGEZlpNOs7Sa1NBCSAUC1hJMCUvgal2chOO0nbNsa2pLRRCCkAJKGIEqQVIQlbUu36UDjITGcmEWASYxHCtklQCVkKVGsniCgKEssCOdMNhJ1gkEAlJMBRaqkicVqh2nURUaIoihQRysxxGpJM3JV+NpuBJUUUSRY0DBSFZVst02kAe7JERDiNsZQtM5vTUYpQqbKdME0TNhARoQjZmXaUghWyjYtIJBQRhCQyM0KAnaIoIgS2VIyxMdkySRHCltQ8ZUpRa0VqOZHOTNtEpKcoCqnU2lpCtBw8Zenqse2d7Z1tm5BqrU6nMLaNSGMb2QhFiXBmAFFsoxCk7TRQa4muiyCQRUjYY7ZsKQljbJOZihACIKfJJpMQBJF2aw1Tuwo47bTBJJZRLYGwsZtQqQLZmWQJRQgoKhIEpdaIsHFmRDEOqagA49SwSyk2pJ2WVEoRwp7aFFEgJ6ebMy3sZikM2JgaJUpEkImx0yEhQmUax8lTEFIpIaCUElJCIFBUUAg7UwQCEaVKFmFSIYOIVNqEAuTWkECAIaSQMCGVCGMiQsrW0ioSIExmJukUQsrWpABskAVOp+00maWUEiUipJACEFKzwRhLIp2ZLVCEbCxLKqVKysxSirBRKFomNpYiSoTSRKAMJJRCighFqNkl5JCbjUFRoq/9elhnpoSEbZt0ki5dB0SRUKklFHY6iSjYiCiK2kXI6RBWFIVCkjItRFCj2LYNEiBKjSAQQBAqSsjWkIWIUgTYFioRaURztiRUSy1R04lTilLC6WarCBWJQLaxS61RlKbZsi1hmSQzajhzas2tSUzjaAi5lK6WYmyDlFMmGaWEooRCBcicbHBSIhAiJAJQUUjK1qY24VSEwCYooYgoKFEowqRNpkmDbRMhSWiyjSMC24DkbDIBaUHajpAt285myEywcNoREbU4CSzJGBMRioggJBQlAoNAUZAAyVBERHFaIXC2SRECIjy2lqMkRUSEoYBxWs6MiFAhyHRE1BqYtGtXA2zZduas7wkXwkVgISkkSRiFRBQw2EiWQoqQhIlQlBolpjbZlgCQI2QoURRhJCWQdspCIMhEoVok1SiUCEXIFmlwRKBorQ3DFKEiEoxCUWooRIYEEiFlSqWUmEwpRVKbXKr6vneaEAo7bWpXJRmyTbXUiABUIxwyKpKija1lAkiSapQogVX7ms0tW61FIQnblktUhGWMJMBpEbUIaK1JTFCQM0lsjGspIZUIKG5NKGQDpCSFioQUQfm0T/mklk1BKcWZCUFMOZRSnDIGIgoSNlbXVRtEqEgydrOEJOO0Sym2UUDatpEkSRJIRZIkEEobJDDTOGY2hSIiISIkOa2IohIhhUoNwCazGQHOLKVEUEuvEFgqAoewLdkGsBQqKGkRNbNhIiQiIpLEpZRiuzmdxhklECVKtlSEJDtBtp1QZFsmbdvZmjMVEcI2EQBECaSQopTSpilNkkVSiYDMhmlTI8JgLFCUKCHJWKa1KRQRUWtXai2KNjXj1nKaprQJbLdsXS0NQhGlKGQbO1tDIZUIalcLhVoiMEzj2LIVqU3NJqJGRJTINKjUIqQgpHTDiFAEYJuQnUhhFCUKRGS6tZTlwFhpiZAokkERTkKoBFiGiIg0kJIybWepnUlMNqexCAmCIFCEbDutQBHQMm2EkpZW2NggS2FCThvEOIwyUfsoAJIwISy1sWUaOZAkp00KbEDpKQhbhEESiGlKK8MFYWjZEDIWYWFP6YhSSum76vR6WBcVjFtLILACA0kJpdMgBFBwS5JEEDWkEiJCEaFQQCkRodaIIoxxYqG0WxswisDObJandEilBEkahNJ2SrKFCIUUdmJJkmSIkMAmCIVsnE6MS6mSwqbUGiGJ1qzIUouE006N0wiadfPaR6ggMlOhKLVNLdtUay0qkJlGEVFCilJURSklZISUdmtTKWFcSgHs9NRKKUilVEmi2FOmkeyMKC2dboUgFCpgIduyW2uZgNNWBM5xajYoM227lkhnRImQkbCilBpRoiV2YiIiopSQwqRCJcFKIA3OCEXpIsIiIkRMOTkblqSWKVGjGAmVCMB2ZjpCIjOzTZOJEjWKUKmlRGSb0kgCDBAFoqsqwlaEYBwnm1KKVBTUUmSn01hhW5lWCRkj48RFpZYOKBHGQhhJCAxWChkk7CiRKDOlUMh2SCq4uYRa5tjGUqpCtgGh2lVBywQQ2BGhUImICJm0CUIiFBFRAmM7E7KVUlpLyaVUDBG11q52pUTXVSmCQBFSqEbBGcjZMmpXSwzjKKmWalshWQacUcKGTBNJk5Ai26RQKAiwIkREWEmTReCklAAb2yoRhLAlbEotpYaNbSOw00i1RpQKHqfEGdLU0s2WmzNbA6UxthEglYixpeSIkrYzjVo2IKJky9aaBVIQyBGRziCkSBu7SOm0FHazSaZs2IKIYlsCaKSQQrYBQ7YGCAOhULpB4ExPOWUSyG5tNKLUGkAQKohsbWqtlBASoSKBIqJEIVQopbo1S621UBGJSgTOBDuxExpWa5k0UC01UHNiIkq6OY0cSIoIGbfMNk7GCGekMiQRCkfIUEoJFQiJzCyl1qgqEaVIytYIlygRYWjZwGElFtgupbaWgJAC2w5JBJqymbQdQS2l1AKSHJIDOzMtkbbTzQ7U3BAI2c0KORQk2LajRKCWTixFKIhQkpDZao1QSSy7lCLJaWPSlkEgEFKEbBtSdktjJKdDtt0y7SZksJ2tYRJHia6rEeFmKZ2UEi2bFTXKNI5IEcKOUkN2KkoohGlOGwDS6SmbMCq2ZUUJIYWcGAtFFIl0czokTHPLbJkupaSIKBEB2BKKQEkpRRE1ulLkBEgjqUSRSrpN42gQKkWJJBKQm9PZFCUKciiwLcsYRSmllIgSNgKkzMlpERGqpRAFcmoZJcCkDIAIkRGBmdok3JxOVEpIkjJB2G5T2qkSBEJE1FIJQqEIgY0zFUE606UUoygiQWHsBAvZAamcWnNiZBoCLNuNdERQlKnMiVCJghURUtguURSKIkz51E/95CiRmZkpaNkiVEsHisR2c3NaERGlREhSKEoBnC4RKDGZKYVQy4YsiFKIaNMYqEhEgLM1CREts00NDIxjm7KVKF2tkmoUoLUmkmfy5LQJR5SQg4Lt1gyupVpIxmCmnGRLISSsKI10MxJpQYN0E4pSJIIg1MYhqpRqLS1HSDahEMA4jgoUJdMRsq2QbSkzmdqEFcJ2iRo2Uq1RSsnmluOwWvezPqLWUNSaLdMpiYgopZQChiwRCoGERKYVtURErZGW7MxEDmTSdpRaS40SIYXCpKSIgnBLSRgraxEK0ondLGzA1K5XiRIFhNxFhEREiGlqGEnNAK1N2ELTNElqbWoti7BUQhElJCBbJgl2S0Ug2UrbbjYJkiTbBLIMSBFSSCgilG2QqiRwhGspNkCJUCjTSFFKISwHsh0ShKHWgu0wNnZmQ9Suky1JkhBYCtsSVmBLqkUgIZmURZQSrWVmWmRibKdNZtaoyFhRFCWwWpsiwgZbUrpJEcK2jTONaldtSicnIUIBNgoiM8G1lExLGtsUqPY1atSodgKttVqrLBWBnDaWIhS2STnT2ZySFJKNbJAgIqLICruJiFLSOBMrwIEz0w4VEcjYBoUkSUocCsJOJJwOiBLpxEaBjYmogqk1BX2ttVaTthBtauASJbO1qVmqXWcyVKKGMyOi1CopW5JIYTekouhqF6WIwAanKaWTQhBSBBagkIqipTMzW+u6aqmUUoqypbFpEC1tW1KIJGVFBLZACnBEUSgACdKWJNJCkpwGlyilShGGQBEax5bNCroIlWjOrlSkbBMGcLbmrFEV2K2oRCfscRxVcKO5IUuSIkJpRShQqKjIUxtbM4QwuKVlcIlaVLBaa0hR5KTvOoUUArmlSokIKXAJiKJMh4gotRNQS7VATpAA5TQaSgSyhSAk21NrWKVEkSRJIdsEwhRjbEGUUiLSKakUNTszbYdsE1GwsYQyU6FSokSJiCjCpFMiMyWiRDYgS6lRQkIRxUZks0FgMM5mYwV2trEpSglhwKQBKZxNkm1FSApUajXONIDUpsm4RHG6tbSzwNAmkE0pgTEuJeRIZ5SiCDsJAULptFGmcdQSElEkAaiEkGQZMhRFyCKillCNAAkkESGm1oQM6QRqLcJtmiQhokQpgRCKKApoJmitZZtKFJUiIYMikEUgRRhMZksBUhiFQiFJSEa2Q1WhCCdgYzeQsQ0RVHUoEZKyYWRPU0vSUYrtbE0RmExHwQZJlkQ6LQSSFWGRrYHHlghJ2TJtJGQ7AZOtTeksEpgSThu3lki1hpPSRShs4xaKEqW5yaFahQxtapYjignZLlGjSOBUKEoNSVBCQLZUjUCKQAgIl4haS9qYcZqm1jAA6SglogPZBqelGm3KNo7NaaM0KIBAJmoNyybkElXSOE1urXRdqKhIWBIioiBCkXZmiwiVEiqSJRQVe8pmKApF2JBZikopEBGFzFBEhCSCtFsaZGNBYruEQKUoSq1d11rKRCmGUmq2BJdCpkFICimUDcsKkenJ2FHkNMaiACUA20jphIgAkGRhO1sibBDGgUy4NaNSi7DTtkOSVFQiAsK2aVNLyYQKoVBLhyVRVCRFRNpgiaICUkQoIpSJSgjsVrpOISFJBtmZDYSEJawISc3pzGmaMltElFKN04mbDTgiEE5HFEEUueXUmkrUGkBIhBUhRRRhoCG5OXNCtCnT7mqptVqJZFsQYEFmmsSZCSlFhKRQUGpRIRA4KM5UqdiGQDIKgW0TBWEbg5WtGcqnfconhaK1JlBAIkWttbUJCdHSgEARJp1GRIaxMgmiFEk2EcXZIqJEBdsKY4ykUoAw6UwTIiSVCEVElFpqLUGkrFTizESYIlCUUgPTpsm2qiK6WlRUJGOlMpuzOQKEUETgFjUiShQJFEKBZEm2jUSE3KyIUoIoMsgKRy2kUmSmjEKSgrAtIYVIm+aMKKVEKX2EwE0ASJkNIlsbx9EAqqWItELGWIYogSJCWCgUBifpKdOUEpIgbEvpbJnYRhaBFNH1FQFRQ4rAGMlM0yhJiub0ZJuCjLO5hJCmNkZEhEKycppatmZHkjWESmuttWmamnEtxTZECRkQkgQRVeCIkDItWaJGiRKEMJjMKSRR3BpkKGwhlYiikhAKCewS0dK2JaSiIEoNgzABzpbNGSoEQFFEyLZCUgiMIkpXSlc6KUotJaoUUUqppdaikKzMjFqidMY4SxSFbJATZ0tn2iYBA4JMnI6IWsvYHKESBUsSSklSBCCABJOAIpxJqEaNIoVKBMJpQ0hRIltadLXaRnK2UkuJIqlETA1n2inj9JRjNrtNRhERUVpmhCShqCWihCKQWstSopSKMzNRkG1qligqkqMrJVAohBODwLSQSkSUggEkSkS6FUUtNQTGwo0iyVKRFCAFTsDZmqLUWjEgACi1CJlQqJYQkZnCtXTZUgFBtlQJCUlAKYFCEk7bIlRUVaLEODWcJQqWJEngaWrCgbBrKaV2mdmmVooMoUJaylprRGQSpauhECQZYIyzZYSa7dbSktSmhmxbUgShIpGZiQBEiVBIQihBckglIghBSLZDERTLsoRqqU63lpLCSreiUrsqsImiiFoCVHBrLadsma0rFSRJpRaBJKm52Q2ilBJS1FIUhCECJ04sRSgsEEhStnQUGbUxbUhLqkJRFTQjp4mWOG0SokRFlmykEDiQorRsgaJIhGrYBgziCmGcKQnkTDujdhGBM20JKYSMSRtkO40Uku0kS1fCaq21loENNukmhLHtzGzZcqThlhIKtSkzs5RSi1om2M5QlFoKaiaKFBFRMKFAytYAiUDNTRIBphBRQxGAE7BChTAWEQhFKCQ7ja0SsiMiWzOUIhJnRkCUkFCUUoiwFEKWSYMsQeaUppQiKYRMRAHVUkuJzBYRpUS2pLnUapKWLYikFJWoihLS1JrJWisghUIhIeXUFFKEIGoFQxgXBaVYxiBssA2llNIpkKUSgUGEIkLOBNsJGKSQQlhSqcU4Sawo1ekISXK6lIgooUAqpbTW0hQVCUkRlkoppRBpwBARcprAihqynemWKVRCKABFFESAiRKBFJE0tyY7sayEWoTCOdmEwlhCZmqtlLCiROn6mVqLKNg2CEmo4MRGAoSkiAiEIoppbuthyEzZmWkyREQptZRaFGFFa9maa4QkAoxlLNlGVkbA5JQkZCFKRCbIklrLdJYQiWVQCaGopYQKwtjImUQALUc3UQhKYpkIddERCLdpQoqIUgqKdEq0qeU01tJRQpIgWwKhUBRJBuG0kWSwpZBESAQhyYSkYlMiZEAKlSAzMVYonSQ4FBElIoRKLVFUo5QaoYgSQmnStjEAdksyW2I7w06UisAiUIaFMZJCJdTSOG0k2tQIhUq62QBIEYjITJkUMgnCoYiIdKaTtLFJKQJJhCOiYOzJGaXrhBREBAILqBECSZKwwAGARGYqipAkJEyUGmIcm5AiaCBKKUniSLsUSilO2xYYAxGipSGihAQ0UyOwbIdkYzBEKU7IlGwJjAQun/rJn9AyI0SUUJGIUmw32y0lSaGIkAAj7GkcLQOKUBoJCIUCEoFKAUlEKJNaQiLTglDYLrWoSEgqkiRBZrObHbRxQlIopAgpBFHAQYSilHBOLVtrigpguigqhXSSBSGFKpJMZiJjCaKAkSSBVSIAkyERtHGUC8KZsgEy0wlERFEBK0qECEDOdBJShAA3h+Q0dtQIKQGEoqsRtUgCJAWKGkIphJ1GzpbTOE3TKIUkKZxpGYUNBiGKAmOBpFDIICMJWYpQczptkMAZUaKIApZQGuFMo5jGCQUmJIVUw/awHiWX0oGlqLUildJJKQnsZkWUCBTIGAm72UZERESxCWGsKBEhARijKKEIkNJ2piTJrdGmSaFQiSgRoAJuzpaJbWdrWaMQti2FAkmZdmaJUiLSzdjGzlJLiZhapjMkp5OMkIKIGrJxQCiEmlMSSIpAEra7WS8pImwTql0J1DJDBCHJZKYzYTIqpci41BJSRHVmKVEiMFK105mAQlINwFIopFAgtymxoxQhCcCW2xSBVNJNESUi0y2tcBAm29QAQS01sSxjkVAkIihREVNmmhpRozSnsaIIRShTliVJwrKbFDbpxOAopcgekwgJIU/DZFyKKKGIIpqNPbVJEqKUAiohKZxE2EYoghrVtrNFiYiYpla64tYAQoEMAMKNEgqBhSRC2LbATiEiwJlpsK0gCCJKjRp1yjZNk2wUhtamlpOiKrBBKkpsJIlQqSUUkTahsBBFRESJklhWesKyFMJSmyahrus9NpAiaAkoIiKKZVAJSZKQQqRNAooiJKcloSgRKjWdU2sYm2wtM21PzW5NUKIQoAIOKaG1CRGEQeGIEAK1nHLMIprpasEKudlBykb2ZCQ32w6FabYTtzTY6VqLkcLOhq0oUUJFiihU09yMQdGmaZqGlhmKWmsRKICikEJgKEGJsBQoItKOkISFLEFiQJZkW4jWmqRSSsupUEsNW83NJooUUqkYBVLYGZKkouIQQSklVKc21a4IIqok20GoKLMR4AAQ2MaGAIVqLViJo9Qi0lFKADaMKanUwExjRlemccRGymxAFNnUWiQ55UyLGmEKZEhECOVkhxTCZJsSWqZzJBUlEtwSKRB22iRICNsRUWsoCjBlUyDAIkJpRaBAQNpGlgMsKRTpbNlCUWo4AWoIEQ5AUtrYTsuWQqa1NrUksKO1lm1SFCmMAUGzEViCkKKIEAqVwDS3UmqEcA5js1uo2BAhGwUADsJO1aiqCCcqkhOBopTAbmmFQiVCmaTT6RIREQacaTBIXe2cmXYpIoqctimFzJBKKKKAbaJIEiE7c2xIUrg1nEYJgG1EKSUTkzYqYRwqyEG0zGEcQ2FjWyJKhGimK4UoJUIQCkSA5CjFRkUlIg1OhRB2ay27vpsyM1sEDkPYzmxFIQlRIkIxZUsDaq2VGqTIlmmEMEKkM5EkAyGFAEWEhY3AIFFrRFTINjXkzCBTUSSHhKyQLNs2pXaZOY5TV0pIEk6MCWHZDWcmXe2SRnMtJUqASNtutkREKEJCiogoRSDLaSsAZdpYKnbKKEKSJDtLLTJIVZXAtpAtCZKpTSHbYBeFIsKgEMq07aJCoUBECam1BBECKwq2UZFIjBGAUIRqqaVWRWAyrVBXa8NtbFEUhEAi0xGy7cyIQGqtIQCnp2ZElBJRChGCUK1FCjIlANvYLVMBUrYWoSJJkdmEDKUEUKJIMmAkTW1qTtsGY2ciMo0UQWYzkxQgkSAVAeVTP+WTIiJKqQipudmYlIkQCkWEhGhtGqepK9UhFAqLkk6QIuwmwmGDbCQBimwtbRtCCjltMbUWBJJwa+mWNjbNKSJqKaXWUu3MZmQwhEJSaUNLp90kIWSHRCgkgyyVki1xCowBG0RrDTBgJ9SIlolTJVo6JAMhKTIT0UhRShRsiiRAIlLplkjGigA1W4aIUoQxLirNLopaVRSWlSRumZAiQiJEGreptZYuEQldVyKKFEC2JgnJU2tYLQkIySJAApw2pB0oQiKEQiGICEkRQuEUUIpKqJRAUUupXVFEqUWEShRFSMM4SbYNjiilBEIIZMtOSaGIEhKKME47IiKKjcAKOyVFlBKlteZ0OgFshbAsZSOztZYlQiGLUgpyKSHJdmazKVFJ7EQqNaAAJkEmnVZEa822JEFrzVImihimUXatNckgIkISEem0iVIjRLqZdDqzlCilgBA5TYkhIiQpgbRtSrRstuxMGyhdqVLLaWqWAWVmoMzMzCZna4CQMYqQCGxam1BBBFIpUUI4JIPtUIAUkXYpASHJUEuRZAhCgXBiMpubLYUhZAPGAFIppZRCOjOBKOHWEjAGYSzhiMgEiCCihEjsls2WJJFAQkSJaC0lBR6bIUOlRghq7RXKbHZIotjNlkoJjMM2hKKqTU5PNUqzWzoUKpVMk0CEpjYZgEw7p8RpEyoSIWEskzZgp0tXkYsCgRCKUsABpXSlBJJbtpa1RrYUsoNQEAQQIbAlWgJGIUIlMCqhCJnE6RZEV4rthhOypbGEkKK0NkWNQEiQthCSUikpsZuEo5SIkAIy00gUAcZOB1KYiFpK7WooSoQgp0ZIiogACMmknc3pZkugUpGxIuSQs01TRokSNbGQIiIE1AiIEgJnWpIIhQwhiRJkGrvJUgiwbFsSQSkFhGTA2BZJSGApglBkNqeTBEUJUmM2EpWIEMg4nUJgqSAJh0IqxkBzypRaFJFpSREYYzBTZoSI0pWKkMNh2QYbkwZJRaW5SWrjZAhCVjqxhCUykwicighkwAYBAtUaJXAaRQmMSsEIpHC2UAUHkYDbMDWBpAjZCdikG0jQWrNtVKRxmtLualdKiSgIQZGakJTYQYhsTSAiIVsjM0qVQcqpNWfaJSLtNmWzi4qCtGQQFmkLQKY5bQKnLZSYTNmJrCiQoFojMzMJSZIkoRBpgw22I6KUUOkwObWWDsiWCITTgCHIUqoxxiQ24EbLFiUs14gouKUDKaZM0grl1GyXUpDSzimRiiBFQVEgM10i5LSEWzYjWktnShER2AkqBSyFJOGIaNmUIm0iSkgBGBsECV0JKTKTtESNSLdMC2EsCdvUGgKCiBBKiAhJzpRk7BSkRYmCsI2EhMl0LUVQVGutUoSICFukpmk0jgiF7ESSip2KkEKyJEWxnXYtFcnphEBSUUQJQdi2kWKapnRiJNVaI8IpwtkUoSgFZwpwaxkSSEJSICIiiAikCDJTChSWa42qYiUSkiQntiIMymzgYRohJGWmJCRJkoBMR5RQkKSbkLMZ21ZESBEFk5kRkkIlFBIoFEUKyWrOEiqlhCIx2M5QKbVIAhSSKCoKtWkCIWezSUUptQTYScgSyEIgyQlIimxNYEOJtHMaVUpIAM60My2QqLWLUsCSjO0EWmu2hSKiZU5umJYpO7EkCdUip0EJWAoiprHZiVRrLVEQNk7bLrWEBBgiJEy6ORElQihK2BagKAokS06DQuhw74IkRbQ2ZWslpAhFZCNzQiqqkiVZOJVtVAjUWoYopaTtJMIOBUK4YSeAwlihNjVZEUJIBkkCjWOTHCEbp8EqEhERUpgkMYkipNVqLSxJEkgRpZCJjEOSbAu3lhGRmVEKaRSSsyWBTVfKME4tW0iIiCjIYmotolgoUxahtAOilMy0rRBSUVjpSaWGnTa2JUVIUrZUiWwJDoVxmgBbU2YUMAGKiCgtW04ZQdppkAuhACsiCJw0N7eUwE4IhY1bKqQqWTm1DNUISZZzyhIREShaTpmuUYgyjmtnK7UWhW0Lp1Gm5eYSESFnRpUz0tPUMqJ0tbZsgSKqsVtrZETFBkIYWksVCQtFFNvgtEOykWTTpkbYRnbtOoHJZgnItLDtpNQqJZYhFNi2jRMwIZByahECq1RnZraIIivdFJI1ZSpku9aK7UxKCdSmhig1QkpwS4xJZyYupROOqHazmaaplBol7Ew7HCgtcGCDM1NS1CLL2E5RksQp1DIDJ+FsteuE0ikjidA0NsjEpEuUKAGBLCUpJACUtt1qqREap0lRaM1SBG4gCyFlZkQQzjGFLKIUNxOQmSKIIjWnhK0IMg0OldYaAogS2ZpNawnualeKjFvDZCAk7GwmiAhkUZxTEgFpu00qUWrXWjqnKMXprtaWKTCkCYEpJYzSrbV0y342y5yc2E5niSIgIkKCdGKMooDDzsyGJBkkBWkkoOWkkBxGIdIpJGEkhcQ4jgERIamlEcKKktkEEQWcDdtmiqjGEaWIsbWiMuaEpaCLaOlxGBSKqM4WoQShUEQJMA5ISc1NBGAjITCyndmAEgEkdrqU0tJ2ExFSI4tkSwrJAAYps7Vp7LqZbYPJWorAUZwtp4xaA49tklWiOGhtCjAhYWfLdHPUCIBSuip7aGMlkKY2KRQOAkWQ2VqL0kGzMbbBbm2KUmsE0DJrqVNmREh2GrBtUQgk5FDYyDS3tAuhiAgJpVraTHZAc8NFiogUSghjSRrGsSsVka2VKFFiapOkQA2TqJZIN1KKCGGczsxsGVWZKRVJpWia0iSJoStFXcmxJWk7IkQIS0rbTlC2jK4WCQBPzW5TN5vjzNYohZbjNEQpJKUEyIEwKUQ6hUARSqfTgZoTp6QoFVJRiiLTyFjIJEmmHQoMZEsjpVNEKVEkQ2LZmS61xw0RCmdOmSFFRGvNuCgmNxqlBpDNpSuhaM42NZlSYpomEaqRmRERoUCYxMA4NhWESBvXKClN01hLJRCQ6dTkLKFaaiOLSraWTkXJbK1Nodr33TQOSBFlGicFiKKStkISxqFiJ1DENCUSIpuxjRVRIiQwCSKbKZAmSjhTYJXMqURJZ1ilK8M42Rk4Si9hNwyOCLVsiUtEpiVJZGYp1Tidbo6oomUiGRUFChUrcWvZSKUQdoZkIqex1j4qrdnZSqkgp5FbSwVVhRJhD5lqqRImcUgKKXMiinEBRUjFdsssYBlCyErbsqSwp7SNhNMEKKJlGroaGBEtM3NCtOZQCDsQ4WxSlFAztRTslglEKIhmg+2MWmsUW1YqPWW6eXIrJfrSgRWyPU1ZilCA3RzSlBMAJXPIVNQoKuksEdhpO61agCLAmTgbiAiBMUCzQs1JUmqR5PTUWlcKQUgoxnEMVPuaJltaZFrOWjsyEYYgWk5YKtHaZFQkyxjAKASkiRrFymloza2WGhHZcmzNZI1SagULAUhIYWynmyGnrF1VQHMLZGQybSGEFDiBbFOzUO0iVDIzqlqCXUK2IFFkywhhO1SlTKUczmaw01lU0ikpSgi1aRpbqtBFLSEQ0DJtRy2yJGU2uymKG+VTPukTjYs0TdM4ZY2KkEnbdgiVAAwg56SIElVSBI4I0RLkKBEIG6K1ZohSSi0lRDoiFAokqTWDWpuMsUupxpgoQZGTbKkIAFuyVHHaLrVg25SuSDIiAicip3RmhDBSKFRKF9LUmltDas6iokAi7a4UhWRCGCGLkFyiGLdMiOhqhAxhEKUUMp2JSZlMhBME4QQ3Y2wQmWmMPbUWKklTOiIkKQIz5bReD9hRIqLUGiWKnZnYRhkhDLaTqIIIJISylChdzSnBUggZY2OnHRIKC6VtSyAkSYIQIMnYzRldKQhkQqDJjohMnK2UYtzSCqWbbEcoCNHaNE1DGttpF8XUGonTLVNGUhpLYDuNBSUCBMLCVgRg0zIBRYSUxjgUzkYUFdFymqaAFEK1FEJ2ZDaFUC0l7JRCUQiIKFKEgAZgjJwqQQicLZ0G59QSqxSEUC3FdjplpSgCIQBFhBTTOIGjKBwKKcLONiWZlu3mTKUEioioCiRKFGRZEVIIO7MBNcLGZCm1hDBpGRRhJ04UNYrtqbXMFoGiShIKkTgNIiQsSWkQUoSkCLtNtowEiggwSGlnpgjTohRJLZ0tBU6rRCmlRBhswM4MoZBBSBI4VGwbR5EAhRSKIpHZStRQqAQOyEwblwiQSUVka21qElFLhGzsltjpqMVAeBrHTBcFinQ6UQk7s9l2LZ1QyyQNksjRJWrtwhb2uB6MSgSAUxG1VEkW4zi1nGRAwpg25TiNrSWyoe96ZFGQQ8Wm5QgRMpAoUFShghKU0HdVpWSmIUoYwM0OkyLTEUTUiJBshSRQtkwlRhEhIUmSiJCQFOC0JZMkDuGk2dM4lFoEMpPdTNi2FDjblC0UU5sQmY1EpZSQZZnWstQSCjtbZgkR0DJlSaEAE7RmKZ2OEgpEWAQ4UxFd7WyMSwmkTJeIKlAgkakSQdjpdJQipCBtcImwkKSQCraxokSoWhaUUksJUlHkNJJFVzukEiCabadUpFBIhIqUSAhFKXY6nbZARcqwExSlTK0VVEshJKMgFDKJa6kIBDYRgYwBhYpkO53Cma61AIGQcVpghaWIKBEhkoiiIqftJFQUSA6HihQgA1GETYRkAGemjRQKSQEgCRmVKIpwukaptRhaawJACJx2TlM6jbMlgSQJMtOWpCiKsEy6ZZIZUUxGCZDTJSIiSgQ2CMtypp1WIFtSKcUARIQwQkQ6zTPZINs2llQi7GzpvnZd39kNiAjkUpTpUDEuJSRFFKc9OQI3xswQiqKIkEsURYQwihCKzAZgNxO1ktRSiXBrthURCqBlC6QIEXLaBglFCYVAGEGmQcYgK21sS1I4W0bIEaAS4fSYjgghIUmlllJKKAS166IEdpFKVMt2lpBBoRKl1IIZp6aQQRBEyrZLrbIsiUwrJFCS2BK2JUmAnJhsOU1TYtdSEIEMxsK11DTGBsmSotRAFiHVKBJ2INLN6TZNKgFSRCnFItPCEaUgUPNoDHJmFIUy0xIWaaRQAOAEZ0tElBJRSkiSpRqhkEIi01GqUESIdBvbMCUQpYSkEEASihTpDOSgSDbGktOZLSeDHSUcjqjYEZGZziZJEkFmg0A5jRMRtRbsCJlMu7WJkAwQKqAICYZhwCqBSgEk+q5DBFKEDQI7pwlZtQbKdKaNRSQWYGFJFpRQUVi2QSolAIUsMptRhEC2Q5IETltShCIESjc5rVBmc8o0HEQEGIVCESVKVMDQ2tRaQ5RSbWOZVIlSqsB2+bRP+WSJQChqV5rTaeOIiAiMsR3plO2IbNnalNkiSkhGOEMSAgw2ClmSEKSVLVVE2kSSsqOojc0QpUjIEIQQkG5kUCAzGyoR4cwUQUQpCFpGRIiwW7OxIlSCtJEALLCNbVxqiSLARnbXVaLKNlKEBUntqhRAKaUUtcwSwpZkYYtMhaRobuCQ0m4t7SRBCoIA3DIziSiKKBEASkmlhBQ4bYPkKDWwm1u2FLgZMEnSMmUTqrUEYYFtFBIKUi3tzNp1pRRMCCJChRBO2wgA4UQAEkbYabADTERQkCKkCEjboSilSAhk0gaKwiabLYuIUrpaI1RLSGHcWiMABUE4rExna9OYESolCEoEyErJhWKQCCgRpZSQ0mmMna0hkTS3KEWACAWQNrZBUEKZOU2TIgoYB8Ky1KYhkEIyESGQpCRBTmqtXXGzkBTpFGo4bbAsJLdsUyslShTj1hrITmNJmdgphAIIJIkgSgilHaFQkWycxpJtm1CEZKJEQcZkyyTJZiGMw0IhSVO2HFuEQiVCNqaJAAWgACQMGAkE6cTgoiglZBlnZqZtIWpBDoMEqEQACtXZTIltyy0btiIUpdYelNlKRImiKC0bQEhIIaCUqApwiaoS4AhJynQtwupqRQpkO22M7VKqbexu1nfdrJSSBk9tyr4rKqXUArQ2RRFp24KImrbT6TSOCKTSBRFyuE1Da13XRbh0XaadJm1hY9vOiIhSkNKJRBARRUKUKAgIhJPmdNpEkZwYV5WoIRWnhVSiSJLCMhkqInBOU4IlpMiWJcI4p3Qml0UoSsg0WwIkDCqlOrENYGGcqEhWLUWlgEsJCRSSAixIIgiFM40kCRmXUqOGkDOdWJTSRVEtVaGptRphcBrZVtRwWioRCokI2yDjEsVpKSJCEmCMJSndMpNMhOwErCjKdO1KLTUxzYCEEEVKN3uaGonJUECCQxFFzSkkmZAAYxuBEIETQhhwWjLC1pitZZINW1hRogQKClLUUhW4NUu1hEqk3aYGIJsIMMgyiQqkIhQRJdK2sW2btCSMTdqGkIoilVEiiIhoadshtWwRpURxthIiMbSpKZBUigBA0jRO6TQuURCAcdpgcNoRIdF1tZRi25mZFo4SKrKNzTMFUrEkZYLIZrCkUlQcFm5WuE2tTS2ktIUoIdEyTSgEpFOodsXNAiIk4TQhLKmUkplOCyEiooSEkLCd2WxwLUEEOBMp0gSRTiMFzgZhJCFDGMKeAixlpluWiAhBOBPhpLUpFFJkJlYJZFSoKoRKKc5MZYlCpiIQEYGCy2xLtExEGjmbLSFFiQJIEY4oRbJLqbXI0dqUmUDINhYSXQ3jbBlRQ2CnLKGIVDKlFSoCREC2TKkIR0iB0xYlJAnSaUCSFKa5JSEZJIMMMmASgVRKiSJFxU5wUiKiFgmnW2sRElEi2pR2liilBFGEFC6EkJGkWqsAYxyKIhEKFQWZmQ0QspMogSKiCHCAndiZ2TKtCAESgsxMl1JLF6ECgBIEUjgRThspRJRSQkhOY6ZsIYUQkbSioqhCpUQptZRKRJWkUIgk3WwiooRCpdQCKSJtocykhIwkIQAhg6RQiRIi5QjZOB1Rai0ligAUEQCykTMhZamQmZaqQEISlIiUZCJCyLYBkApIIQGBFBFFtpHtglTCNjSiYAeqNSRhpszMdKYhCBsFtfZdqSpRIrKlnV0ptStOuyWSnS0bVi3VNEHDnlprbZpaSOXTP+WTsS0pQpB2lCohAhxRbGFlm1QUIQkpjEER5OR0QxayM6ccp4F0EJlu0xQhK2U1W2GnFZJCoVIiQiDjUFgEoYiIUMFIkpuTlBSpls1uUhDR0haSShRjIUzaLVtmRhThlpmZgohSIkzaTNOYU9ppXGoN4TTGRiKzuVmKbK21FiGFuCwzDVFCSImiSEZhgwiTWMZESFFRRMEmkEUEoUiI1tJIoa6GIkqEFMZOI0opEdVyRFEo01IB55TGAiQwWMJIcmCERVG1HSEbEOlxmob1gJ22wjYGoVJCodLV1qZ0w80EBhtF6QIHgY1tCZmIyEwFIEgpIoqNIAETJUoUIYWixNSanFEChJxJujXTxgFklNma02nAwuk06SRDOK0QCJKIElEkSimEIlAgAjkzWzYZA1KoUMA4M6JImCghhVrL1lKhUJGZzebTNLXmUFiOEMhJZjqzlCrUMpuNBCAiwAqplEijsCxFcTYACRQSCkgsFM6WFkUROJFSFiHENLUIQooSqqVEVRSJtNMOqTU7XUqpNSCAEoLMRKY5TUoh2QZTSnFiQ1hEKEKBaGAbgwACWRCECiZxkiFhwDgVksBhu9SKHSUUtDGNEZkOBZhEoQg5TZJkmxpFzmYjINNKJKRQsW3ZUhCKooJQNjtwOluzcWuKolIiwsaZNqWUzMyWBNi2CdIOFLWElM6wsrVxGpuzRlXYJiIE2TIx2HYJIQWoIIWdgRBdlOhqRGQ2K1TsyVOb7IxSQiAIaimllFA4U+GIzs5QVbhlSoHtloJsGSVAUpGkUKbHNkqyMzESAGEchMKGNG7Z2mQcisxUlYxApbSWZBKUWkGSnBmlOG1bhAIBiJBkbEXk1IwVRSIiokQQraVtbJUikEJCIRuJYRyiRKhKgEUoAhvLGJPZEgfCSlqoilQUO1saSUKiljCapkZmyoEiwnZmIrVxgkRCEpFBAacnp6zM1tJuiggFObVsDQVKoNQwZDpJJFvOlKmlgm3VriMTYTc3F0lF2FFKkm1KZ3NCgE1EkYSihEQpRSHsbDKWEIoI27ZKKKGRkIQiUCmKCAnTyIgwFjIWQQDGarZFIJRFpZElwpaKQOkMBXaEEqbWAqWINBGyCJHGGLVstm0DSCKilJAkFCEpwAHCmS0zQrZLCRHpZtR3NUpgSkgKRURESE5lNqclKGDZrZSaOTZTokCaAOzMlshOhyIkJIGigOyWiXGtNWpxw25OlxIlwqSdIEURCoIACSOwMxNAEaGQIUKiNaebIgIhSS6lKsCS5JZTtmlqikhjp22aLSOVIJuNI4RkO20hC8tFpZQClAjVCAkDLrUqQopwgCyAQKUrtXbGsiRDtClba+DEKbslxomMJZGZliKdxjLpxAAGIUl2yihCQSbYRlaGalE1DoUgW7ZMKYpCkiQFojS3kISsDJSZU2vZsgiERWZaUjgUJQJAxgIT0fV9LTVtkALSpYQJJJM5NgsVIDKb5FCAQpLkbNlsWQBRIzBShEqmbdkZgcyUzW3CYaPAMLWxRJCUolK7iEImEBFJkkkUFGBQ1BKlGLdsUqhSFLYlRYm0W0uJADssGzvdMmWlLCmIKBFSiSCICIVAApvmlCNbQhpFoFAUWnOaiGjZ1sNAukRByI6opasR0dIIWVFDqIhmByJQSICEbNtOBBCSkIUAAmwjAEkhAEVESkYyYEWJUI1ibGQsQLYNDMOoKAg32y5SKAhFFAWYdCJFQchYuHz6p34KQZRwtjY1FclKOySQkEnTiAAEtXSllEBOG4ycKQlDCaMaUUo1EJRSbQtFCTslQYCESpFKrREoIEERMijk9JQZWBJBKGwIMGNrERE1ZCcOhZEwoYgSqJZSSpQS1ACmaVIU2RZCzsSBwEIWEQoiUNpkNpBwOiHSDkUmJSJCERGhtAVRwjgUJQIRyCVkMo0oEZkWjK2ZlAJn2lNrkkASoZLOzJxaMyolIkR6wiKDUAhLwumWDYhQhEAI22nVEADKTBwKtdambDKhMIlUa4mu1IhSO4EzIYQkIsKSM0sULIydUthGDpFTTtNUIlRCKKqEJIHTFoJUFGcaFwKppSVsSyhCESWKQihCCgMIqZTMTLfSlVo74zalRFUlEFIEcigUUUJJYlKWaVNz2pkyKupqTwETISBCNpIk0k0osZsFhCRFRdLu7u7B4cH29raUZIIQcpZSZYydTSq1hAghm5ZTjRohpDZMNiBJkhG2Ski1yLKdtrGbVQiUabeWqaSJEJBIESUiApAEKhEmSsiZ0zSaBIkI0dykICppQ2ZCRA1JOKdMGcKSbAgJWtq4RBFIISQFgZI02CZJg0EqJdskq5SQSikYYwSSUARSaJqmEopanJYEpJU0bNtSZLYwirBsZyJBCKft5pagzKYITKZDJklbsnFEkchMp52TIbMFoSLZQELaXd/JFKnUMLZVBNBw2iWq0xEFwEg2rqWATUBiRUiSE2eLEgingURhQIBJp7vaRcTUspQi1Jzr9bI1kyBKRIQAIaUTIyxUhFApkkPYACGBIpSZJCUEJYIIyVYIyZkgJBvjIkJFodZaZiMIQiCsdEpgsJ2EnM4kQiEiwqFxbNiKGlJIUthpZ8Mma+mEUSJCMrYxlokoQGZrU0aJEqW1RhhTS4kIwM0IiRI1IhCESkSJCAkbsBFKMkIIS9mapIhQBGmkvkZLI5y01iIUKHFEQBNIKrWAMw1RiIiIEsIqtUZJEKqlqEgiFKAE24oQIYXkxLZJE0ZRSgFCCqmECAmhcMtsBiLkNBBgkdmEVUIqdk7DJKlEgISAtGkJrWW6pQGplJDk5iRtQkoACdJWKJBESFFkAMICERQKErINtGlszUk2EYAiIoI0kiRLtRScGKIEwqkofSkZCikUKcuKwCATpSQSKqHJbRpGhWrtTEZRWHaWUotkFFEQmSmsoEQQIYdJFIRI44DMzCghopZSFE7SKUkS9rpNma2WoiJMibBTILBtQYCppUSNxEJSIOwEBSqlAJkGpJCICIUkKSRJCLvWoiJMlJAEkmyQIRSSClKxU8KiFDlCiXG2BIU05SiTck4TuJSKKApno4FKhGxLdKVYLopSgqCoRCnCkozIJIQUUoSKQqUgCRNCtYQcyswgcEqlSFLBNE9IIZw5kaEgIqeptcl2pltrBRkT0dWSVraMUmutfTdH4dZsJNVapUgSA9gJMs7W7MxsAVGKYJoMiUlspy0hlYiIIOzJKYUjigETEbVW2YpIJ8hO7FJUa5fpxKRBBGAhRK3VqQgARSBay5YZABGhqCUkUaJEWMhtmqZhslsbM9NjTm6JFSWAWmrDbZoyUyFkOUotJRRRVEsVaQNplNgSVigQxmChCELZGgBqmTjBgWSpBg7S6QzUdVUCKTPTiZ3YyDjTzgyEEE6BLRXbJaqQcSAUAVYoFAqgZYsIlZhaYhOOogjJSBElMm2nElvjNEzNErXWtDHGGCSHipTZWkvZKEoU0uv1kK1ZlE/5lE+QBNgWFIpEKJCiBCYhFDUKkpMpG9mmliqSAmOylpogKJJKhGRAlIiiQJBZSqQdhESIqdlOp1GKQkgCkzZQQJSIUkrY2abWdR22RAQRARGSZSGMJAnblnCEbNRaEyoliFBErZGWQhKESsjGbiGViEwLCIdkBFmKaqlFgbAkgwQIpwUARkVhJKQAmxCQ2aSwM4hsrWUrESCMw0HYzsy0awnkbAhT1JUuMxUFSUFRtGyhiBIgCUlCoAgMgI1QZrOTdERBmlpKKqX0XWfsTIVsVKJlyzYllxk7i4pqkYhSWjZMiSKFIQShEjWdtlpOgJFCMokBO8NSlZGw7ZZNCkSNYjtNDQm1zFqqJICIohBMrRlna6UGIhQRgXBmKaVGIXAaTHOatBVSKVFKiQIWUoTTQLYGiExRCAkQYKdKCQtpXE8HB4eLfj7bWGRLhO02NZVA4UxwWiZByJMpQoSEFCaNatfhlFRqNQCGNrXMzEyJUotQAjZOUEQoikRA6YqEhG2M7ZbNEMjYKEqRIiRBhAAUtEmilhIlTMupSWBC4TCmtUwykO1io5JOQ5EUQmptQkgyDUopJaJExNSmohIlpMjWnElKEWlna9M4EpQIAMDYSaiIlpnNESGFbSmi1szMlthFtRRlo7k5KVXNYERGKQpN46ggSmnZMBFSREQEZKio1NqnJGdrmalZVxXQLEUqlRhlm4pqOmvflYgICGE7Eyi11tK1bDalRCaQNpIwgoiCyMy0uyh2swmpRC2lAC0TBZmZzqllo1QJtZxq7bK1KVuRIgJFRChREUQBQWZmmpyaKREA6SiBAqck27XUiOp0CUoUBciFSEgyp3SzQYSCTBtkogQCK4ISYcBWhO3MFIGtohKFNJJlyJYukqKESJyNNJi0i4QCqZSiQASQEOlxarK7ri8lbEqU5rSptRpjOwmFcba0yUxQZgsBYARkAlGKyUBIQpZC2IzjOkqpUSlRJIHx2NK2W3alV1FAYtsRQiJtwEa2bVtRPSUGpU0poRJ2OgVks0QoIgQ4XUqJElNrOMdxymzjNElgZAxupDApSwpFRDCtJ5MRATa0KSVnZpQgjRRRbARIJBGqJYqKQVhQpHQKWYlJgcEQJAhACiClQM4karhlKUVS1IKxCAlYr9fZHEKqEgnZUqGu6zINCNl2c5SQ1JyYlJUtTaancQTVWlEKYQhJAjWnjDOB2nUqJVQkwmrONJKxbCscUQA3RyFQc8tMnJYiRUQN3AzKTFkRykzVih1BKHBEDZUg5ZZRVVVsEwoVAmPAmCDTJBIICRoikSScbkmEikprTUVKnDa4udbOjVIC0xLSoTA5Tc1QoiBnNkxEQWpTa1OLCJVw8ziOIOQIpVtRJA4VRKaxp6k5m1E6I+REcoRUhWU5M2VJAiKwsd3XqhJCxlM2oVLlVLZmckqqZFsYRWsJDkUEQgmhCBWTiK7UrpaWE1KREiQl2ZUgyZbptAx22k4hBTbGTqFMu5RSIFCJKLWCcpqmaRRSCadDilIkQjFlZoIyooQYW8MGnMYuCiskaAmSZJDsaTIYybgZu5QCMhYCJ1YApD22sY1ZumobrJAMgQJsApCMpZwmKYDa1YCW2TJriWnKcRpJOzNNerIoCkKSFIqIoghEhCzITM/6zlY6o5YSIYxk0zLTiVEytdamFhFStMwSIcnN6aQZRaRtRwkhkzYRMpqmpoIkMi1CMmTaidOmhSXTWibpbBElW0MIMj1l1ogoVeESClQiFAU5p8mSFCVK3/e161erw/VyJbnvZyVq+bRP+WSDbVmqZZrGqbUoErbtTCSDRQmB2jTZhEoJJE1TU6AoCKFAmChEhNDUWimhQCqCoCQZijRO4zS0bNM45tQUSKE04VCRyGxOt9ZCQSZhohThFLIkDDZylMAYADsBocAlomVGFJzTlIbApYTTGIu0LYUCW4pSO6CUYlRKiVKiCMskttMyKl0JNRs7pIhAYCcookjOZgBLiijIKKLUElgKU2oYQuq63jgUJkFFBaFCSCWwJFxLkBGhKMWZlgUIrAgBERERUSMkgq52gLMppJDtaZiMhZCEnVYoSoBrRETBkpAi0DSOJpvTptaiiHEY29QQADKWnRElFDglRYQiAGdKgWmtRSmBItRsIFQIIgIwiShFodJaZrYahVBVyQTJRjIyFhgxjpOdiogQApCFnI10hhRSKYV0YonMLA4i7LQdpdRS040SOWapOrZzvNTIbKQVRYoSYacQIUWJgrKUIkC2Awmjlq2lSygzMSYRbhA4M23LRaESTlsUIYQiUISEJAQKsC15mtKZLY3JbJnOFA4hY4giRVQVlKMdCgnSUQKUzQiVCMm2QjWKJWEUKpJEWoSQ00hCEeGUAiRsASBJEU5nNlQiakB6as0SQrIcSPJklSgIRQkFYRzIQQRksxSSJJDAMrbkUC1FtXQtbVtBaxkWQYkiVEopAqt0kZPTKTuMJHBXS4lordmUIkKywFKoGKKUEHISIQlJIVpzCEyUEhGSjAxuSah2xSgzESUiZYykiEg1IUmtZQQG0hFRuxoWNbpah3EAqtQaCskALS1JwsgQhCIkhZQtbRQlIlQAZLLllFmQSRGKmIbBSBEhu2Fn1IKYxiFKiRB2qRXCThQlCsYKSC5TCIhaui6kSCyRaVLYBiHjGpKIKCFDqSUUEWKaEEYKhULZPGUDlVLTaWdrxo6IWgLUWrOtwLaIkKWCQaRdSgFsCSQZC2wbSimSbGELla7I2GmsEhBdlCiynTaXSZFumdmmVJBYKC2ZcZpwRim4mSglckrcjCSwVCiSQUilyEYCbEpERIRUuyoZYWM3k6UUDAoAGVRLRCklFLWEi0lDRESgiIgIpFoC5TSlGimhKIGw06kULbOEnJkpYSlsSxKBUhIQhGVELV0phQKS8Di2CIUiMyW11oQTh4IgJIQFdmsZkhQGk8aKyDZlNqdKiYiS2VB0XQEkBRhCJaTMyaa5WZSIEprGab08SqMCtpShAikRpZKyPLVJjpaZLSWpVoRCBkztesvOpEgSUpum1iZUszk9gYMCVgjLkG5GksLYCIQwzjRGIpHCTM0SLhFWlIgQJjOzqCAZSqnIJodxrLUGGAsnAEFESIEtRchSCUGAQmC3BKctSQqSlo4gkwicBoRb5jBOXQlhJMC4lvAU2aaIIDEZIePW0q1lJkhSZtqEJEIhRC0hUYxqjYiIUkqJiFoiihIbdbUKNaesKGpTOqdMt2wREQRCmSodIJR25lRLHyUIlVJlpRMRJaQISQgJYxnJztZaS9eu0LKlM7Nlk6NE2DaWSo0ASlSVmKapZUYJFCiRI0IKCYgIQSgQAjKbI42MlbbBCNsosCGz1loihGrtikopJaI40wYby84CpYYU6SYrbRIk2621aRxVSymFSFlFRRIYISTsUGAhAjcrQumWU4QKxcbOKKV0tas1URtby1a6WkrYEkI4kQiFQhYRktTSdlNE2jid2WjIQYnwZGODJEDGISAcxghsKaJNIxFClAiFkIIaamkJZKkkOCdRoiioCmfm4fLg4GA5tWl7e7vvFsbl0z7lk+0EateFJKKrNUokYFQKArvWghAWCpWoYWwcUkRFGZYUDrJNwzhJmqYJESpFkaZlYhswwoqopZRahXBGrUiYtLKlsUJpbKJEFE9Tk0JFdoiW1jRNKqBQQCaSIQQRSOkspSCkkJAQEpYkhUKSJGqUliZbqbUUOZEVyHKmgZaJLaKEHApFlMAYlRIK2bYtXJHBEtimlEBCFKkoQkpZWOoUGSqlFGMpsENCBTJtGWcapY0DaCSWAJFtiiglimUaEsZIpQQKjKSWLiVKBMTUmopqKSjAJOkE+q4KtWxpK+wE7FAoUNhEyODMcRpt11qcYEURgLABhmFdokQUJwqQSpFFQcaJQxGlYJOEQJRSA3BYGahGsaIGo1FQIqZpyimjFNmWMxOr1g5F7YoIZ6YbqERIkFgWoUAKgYkQwzSIiFqwS1Qp29gUlCgpY2NLAqcdUkoRARECqxRNrXW1UMJpQa1FIMkISRIRrTWTpciKrna1lCjhzKklZFVNGWEAt9YkLDnTljNbpkClKFRKtMwaVVEURRFRQpCZwzBKsp2tpQGs6EpYMoRUI2xLUlAUUapC2EaCxHZaihohGSRCIUmSQkVRSiSkCQFSEbYcURURoJBA2ezIWktzS7vW4ogQDheFsREQoXBYYJIsKkgqISudCCBbdqUoiqCUWmqRnbZxZqIiyWmqwrLAToNChYgqAhEIuU0tQtiGTOPEStvCaQEqkm2nLVGiGIeKZCfOJmnKDAzOdImC1dqUEFIpJULUCKEI2+Aa1c4QdliWQEyTM5szhSJK2ialkEJRJEqVBCYUElEqdmYS5NiIiFCzkSU5s9Su63sZUC1FUssUESUAZwoSS5KQhB2llohptGnY2LYz7XQEkhQyxi5RpGLTnBghY4nWWmJLsp0ePfWldn2ZWsO4pZFCISyViPV6XUspXRcqqiGKwHIpVREkRChEyBIgQkhRwG4JDqnWAqRtXKOAJBVJIaFSQ5YhMwW2kaUSClDIJUKlhKUQREgSzZmtBZIUEgi7tYaRip2SgpRk2xKSTWZOU0NIpKP0JVQkKeTMCBlAgjblmBmKUqpx2iWKpHGaMh0KFSmKnUi20xkq4Obsu66UYkhsiIgoOC0ZR4hMj9Moq0RFymxFJTMnm+Zai5BtyVFKqR3pqbVQpHFLpEAOUOCGC0JWOkPFma21rta0namIiCoB2LTW0mkhKTO7WrFCkchOEyWIUoiICIJQQMggAEkKJEUpIbVxDAJntqylAkaKKBERoaBliihFxoaqQhF2OrExCtlyJpKVrVkhSUJRIiIST22KUsNqbiWKFIFtpx0RaWc6hE0IW33XJR7HaWqNJCSVktkUFsVOEAoigIiIUCIkoYiIKKWo2aQVQiCBDK1lRHS1lKgGgVEtFWFnRCCVIpBAEQIb25KKUNTAKWSnLSCKKFECpJBtg5Blp4uilOLEJAanCIRtg9OlFsnYpRRJ0zS1bCEExiUUKmAkkHAgoCgMjbRpTo8JiogSCoUUUYqzDWNGoahEKCIUNLecjG2yqJRCmxo2KKIIUWQQJlMRIkLYIJFCAlIOBaFQJWgt3bLUUrpigyEkCWea1lqEImoIGwhFhKJlphuSSijkdERREc1dX50RAZKNQRagEiRWSKSz1q4UTa1lS5VQCcmWsjndbEqUUsPOiFAKZIhQGkFClQgJsCgOCbCd2ZyIiAgysWRKREgoAiGMQhZSSEJShKax1S4iCkgiSgmFnc2slwMKoI2TpK4rLXPKMVTWq1WbcmNzMZ/NTNpKsnzqJ39SCdkmbWcE09SmcZQUUey07akhlVLBCkXIpJCbpUg3NxOylW2stQtFpmtXuq6m3TKnaQQJRREQVrY2ZUZEFIlSioRslygqkWYcp5CiSBJJ6attpzONXboaJQARNq0ldoRsZEIhiwhQhLBbay2zliKFPYFtS8Wi1iilyzZNzRYK2SkZI7Az7SmnIEqpgmka3ayQbQlFRBTE2JqAhCi1VnAosKVQFKsp1bIFZHNmM0YisRNJ2I6wqcLOTDB2ywxFZsvWWnOJqlA6ybSJKMZtmoycaSSusAMZ2601jCIhQhE1ZA3j6Gxp2RkoITMjCplRVGrFkJkGedbNx6mF1M1qKDBE1FIsSqlCliSXUo3HaaqSIVFIiZUJIBuiqE2ZuI0tgVC2ZtQS00hshAgUCilT6RZRImSytcktEVFLqBiHorUGTG6ZCQZFBIEMgZBbWrbCQkYloIULQWtAdrU2rMS4KNKZ02ipK1VFgdrY1InERhIhTAisCAXKtO0ITa1NrVWp1KilTpmKEEgCRQgElkrLCej6XopSJJyJFAql02lhZxJShO2IUqKEIkJIGNullgA73dLgzGmaSinG4zS0KWsIREKNImymcUIoAmegUiKbkVuaZoFUIEmcaTltYRmTglollTZlJjiRlEYKJEQERhEFEUjKzCghhIPMKS1lNqddKnbYqYhQYGNsj8MQpZiUEJI15SQp0xEg1QjBOE2ZkxOnu1pVQkROLcK1VBS1FjsjYmppMhQtm203R1dsJENESBEgGaSwolanJZUSErKakVC6Od1yamMQklprTlOiSjkl0NUoJUotmFTKhKK1hpsUOEvpbGSE0wAhFFqv1hB9X2xjTy2rwiGFQBG0tEKECrSW4zTajbSNJIVIAFDm5Mx0tnGUCo6WLUKlq4oIhUFSaykF2DbOEFEkBVc4m60kSqlRJ7dAdqSzRAhKKRJYCpUIRATObGNLN0ijEoFtg9PpUASOCKTMNEk605IUIcmUCElIJQAztHEYhlI7LMsRYEcpUWtYUWpg42lsmS5FLVtmK1GaM7MFiihIiohQS7J5mMYgkgZKbHAmIIVSURVRIqLrilNyE5KQkFRqaWlBSC0bUhEKAU6cKDCWQ0qbqBIgsnmYxrSLVLpSo2RLZIVKKULOlJQtp5YKjG1KFCRhhwVIESEpRIpQkcBCBKGIEiWdziw1pECyCbAkp0AB0jiOitJ1nbFMlNJ3VSGDQkKEakRIEjW6cRyliBCAVETUEhGB7HQToFCpAXaaCHBEKaWSmdmytVJ7iuyG1dWKMLaZhrGWLgKna9QoJTMxgmmaFGHAFAkpJFGslNSmFgIhSSCBIQjCchBpOwhFhEqppYYxdolqt7GZdOnKrO8JFKWEVMJWa1ZgGyxjJ9KU2UUJFWRDhIQQpVZZETFl4iwREdFaK0UtW4JEV4siLJWQSdt2IiFhg0oJCEm2FBjamCqKGiSCdDpptGG9xrYTuaikSTdZJm3jVIhQYkk2RQqVxAZB4hLR1ZpGlgJSCk+tDeu1gpCap1AgxrE5W2tJUmpFrrWCQBI4FdGVEioKJGyLIlBQSokSCFKtJXKpJaQ2jdPUMh1Wy5ymFqFMhEtXM9MhGaESCsm25CilRAA4IiRo0ySp1JpjU2hsk92cdrr2tUZpbWqZJUoU2YRlGRIjCTsUNiFlJjYBJtMSkiECp5unLKXUrkjFOIiAyROmtUTIkiIUyIntpig4S5TMNO66DmMnSAhRoohQURTkIAISCYHCON1sS4ZK5pQpXKMYCIGytQiBs6WxQplZapRSFJJCUmaaxDKOUmfzvpba9X3X9dkmTPnUT/8kRbgZOW23LKWoRKYzs40jCmykgClbKIgIYacFEER0JUy6SQJFRHNzYpwtp9aiWAIChDMFQSlRS5VIIxESKhFCGVhIiszmKY0jSkQBG2qt09Raa06iqLU0LaICaVpOLadaaimRaWdDsoiQFLVGGz21KRQhCZBMki6lKGRn2qEApx2hEiWiIJnMzNZQDchxaJIE2TzlFETKiiANnrKl00Y4SSMgiHEYhnGKKls2bZomp8fJihIkCskGFIpSFBHGsgiVWtyaJQlQqUKICEQoEFiShbEzJTkzQhEhlXRLN1LIAYoQ1FpVK25RCriNDSORmVLYqVAtNWqpXRXC2BlChEEmIacpASOFEstSOBNRokYIAhOhNJmNzNKVLoqRasEpESoBhCJoUwuViMjWDF0pIqY2TWMKKCLBhiQkFWERiQNZlpAtFUkChaTAbtMUGMJ2KAwREEJySyKEoxQ7RSDnNEWEEKFKZ3lqk6xQRCCHQoDkEqXUGpIkt8kQKsA0TtiScmoWpZQoVQI3IBRIxkJ2GmETEnI6G8glimEaR4EinBkKg50ITCkS1biAQ4qQAlsgACmCICQjnFFCkhMR6bSFaJk5ZbpJITCOCEVIRKkBqJQoRCiKQmCcUUqpFRBKsFBiEaCIaZxaTpIECkk0TbZKSCEwKcuQCCESKRRqzjZNbi41pEBgailAKLI1S5kG24zjhFxLbS3JTJx2ROBcj6OdRgWSKEHaIImcGqIoLFmOWgK1dFcKJcistUYojdM2dpOkoJYiwI5aFWRaEQJLpRQjGwlFRAlscNohtdYy00IKICLSqRKZiZz2NLbaRVeqbaDWIhWlLck2WSJECJCwI0KCKJhSCmAsILARZXKTAjPlmJldLaFoLUFShIhaMG1qElEqVkrgcWyWS4lQAOkEsmWUAq2qAtM0IiAz0y0R4Ey3bK2lhCgSzSmbMCakzEzbTsBSkVJ0pagUK2xjgwWJ7UQisciWIUWEQIRENkuqJRSRrRkrlAYCoSJBa61EKSVsSKcN2C5FKiUkyekMCam1VmqohCQZlDaUKCUMSWbLiJLNGAnLoRIRElEipChhpzNBCGTbUrFzaq2UUqKGZGGcdqad6TSZKZcoEBIhSchu2QjVUiQ5jeWW4FAQwpnpUguyAalIYGeqyHZrLrJKQSgka2yNzIjaplSVhOx0JhaA7ARlTrZARiXCtFqL7WEYIUqEQYRK5NQMBoVCYcl2hEmmdCjsbG4oSpQoRYo0Smc2CaenYSAkFKBSTCokSaAIRUQErRkVRUhStBxyTEWUErZsG0lGCmEIBZLENDWBiqYpm1tItpwpAWElUpVEtJYYyHGYMluUqIoGgEJ2SAQiSDsiQhKyHBQ7p9aGcYhQjRoR6YwoUUKKCClKNpytRlhkc+IgQjjBBFhSANhOOxAipFpKlOK0VJBDUWuxABUVy9M0jEMLKCFFKEotgWUjHBHOTNKJIVQwNlNmtsmySiFKgbFNWEUybpluVi2BI2oEESVCVuA2ZQIlIo0UmdOUzQaskDApm5attZZTMzYImpHc0tglIkoBIgK7tTZlZptUSglKrRGAJAEm5Ug7SYXSjWAcBmNMOrH7WqOUUmqJAINUFIAkRUCS6cxmoRLKtELCrTVVASEhmRRASEgKRdqJBUVK0VoO44CkUqpCkoMiGRBFRZJMyyYUISJCka0ZQmEpUMhpZ2s1igNB7QoEUYSxRRgHoYIzFQqBlK2hiECKWouEA2SQG6FAdnOUUiNAoAhB1CLSENiZDYEon/KJHx8RQgYwdpSQqVGiRKklFIRknJaUODJxGAIRilApaplFJSJspETRlYgSEiFFBJYzAUQptdYSKomxAdsANGRbUkSN2nUKyQARSoyiSEhgZ6ulD4VkKaIWWhJE1NYmKVpr4zQZAZC2Sim2JCNI0m6Z0zSJlAohpYESxRiFjO1QKCIkACmkEOPUCqhGKCIiARSolIKwXBSgUgpOEAYnEhGlqOt6IxtEESgg29QiELIVhaA4jJFRKbWGwEhFQgJFZLMFUhRJXGYZIYRRKbXUghVCBkKWRCiIqKVGCWxBiRK2A5WwKaG0Q4hCQbhGac1jmyzbnqZGutSOTEIlIskiFKEgx4mIEJKQwNgOpVugUAEZQIKwWo5OI5UoEhC0lmSpRaFQWHZm4lpqKNINinGoK0UisBWKkBShAKlEKYEVVRG69bbbhvV6Y7FJ0KZEKIgISdmsIKLgSFt2KjuXViKklEzabs4gVJSZxghDSJKQJAXFxUEImZQVJRSyMS4hRXhqNrZL1KgBIAlKFKQEGbAiaihqEWQmkkogowAJnC6lCLekgEoBpBBy5tQmIkoUEHZIAEhSKKKEhG0kmShgRSiiRCkmM4mIUorTEQGWJNsGO1sCUSqyrBA4ADuRSyhKzWyZk00XnUpxOkJSKRER4bQUEU5TShSpObOlAkCERCkhhRQRkWYaR6EoERESmKhVpHFfqzGCoJYaqNmttUBSAUeolAAkZbYSQnJLhzU509it2W6CNLJVio2E5dbGEgoVVICIMEgEBVxKIEmESrphRyizKZFkgUVQiFKLnZkuUolQEYTkNLXUvu9qV1umsZBRBJZKCMhmCRsFIdKKWqJWnJJUlIBtGStqBJLoao0SRaq1xzbmssxEyBbKzAQSReQ0TeOQppYSpWBKEYQKRaEoaZcIhEoAQXS1VxikUKaBEsrMiIgSNrUUK6KEpJZZSmRLO0knyJkmRICNSVDD2dKKGkGoRJ1yjCIhwIAtCQmcaUOETBTJzlo7MCaihAJI7GajCIWQSpFQAZeIUjsREWoGC7uREQU3m0yHIieP41hqSNgIyShozqBEicw2TS0iABlK1Fol2W4tBV3fRYQkJyS2S8gguUFRRIQsAikwUUqUEpIIA7ZFgAUyCNTcMMjZMtN2ZmIIFUkSEcVkOjHGoWiZsru+llLBSCUKYEvCLQVIIaQQKGTIBqZEWChUogDI2EliO5uFsTNBEaWWYgBCUWtt2VpOkmQUUpUiRKRbKByKCEWAJEBCgEKlFBDKTFvKqUmKEoKoJaQSYCMrQwqTNgJjGaMi2TibM1Gkc2oNO1CEWsuUZSOkUECoi4JCNlCiFIEUJdrY7DQIWiYgI9Sy5diilFKUIrBxEE5bITIinEZ2y1BIklCEnbZNYisikG2BQCqWnWlAkklSyLKNpEYGyFFqqV0lZCRZqGWzEymiAMalFidRUPPgVgRSBKQDK8Jjm8hSqiJqqYrALrWPUBpJwhKtGWep3TRNthWyLTBIAUwtbYORQgRFRSUKQaCQau2jFINwRJQIg0IKFIFdFUhYoQBBNpM5tdakkC0KBkVAc7apRa1SRFcBbCKihFu21qKUEESEJIdFLSWiKGQpW7OskJCdIqQyjiNCkiFBTixbiJAyM6DWEsLQ2gQIptZIai0SY2uKogC5RDjTuBSFIiJMTq0JohYpcIaKpGEaIqUokiRKFAlBRGBsIlCEQlilCGRDygDqIoCWtihRQMjYafddRTXTRbI9TlNXiqF86id/cigilDY4okoRtYJDMigCW6CqiELzehqnacocQYpQhLEkhRSSlSaEomQmNpIUtg2SjG0bASizkdkQ4FCx03ZrLXAmJiNKKZFJNkc4VGwQQYkikyJUpAiDW1MQIWdOLSMiSoTIJAKZxGmn3bAza+26WiUBaacdESCMSYk0ESWkNk12ZhobFBGlK7V2BJlNUkiSTEpFERGKKOCWtokiQZRaSheS5UBRIwCIWoqKihQVGwgV5NYsrBIII2xJUUPWlA0QSEg8k1EEYMnOdAspm+1MU0pEjVAoqHIi4ykbzoQSmjIxwqUUlTCWJKwAsMhszpSJqKWLUorkiMAgg52hIsGUlhQSQqZlNieyjQiTKnLaTsmEpFJqkRSSooQ8pdNOu0itOVt2tZYoEZpaI4mCRIC4TAKMJGQcYGNNbQANw7i7u7t9/PjmxsLOKDVCtkrRNKahqiS0NtCskBNCEbSpuTWsUmuhGCsARSBjExEms7Up06QbkoUlpQhC0jQOilJrkWlhgYiIADJbpBKnLdGVymVumSAVQrZrKZKCSJqxrRAlZNScQsDUmtME6RbUGhK0zFAQIYHstGWbtCOwBa1NLiUQzYDDMnbaGEtyplFYBhskpwE8NlPSTNOkcNqyShTbLW2rlFprGBMWEVJEYNsmkCQrIoycaanUQgSm64sUgIQCDEKBCEUAUQuZTpcoSE5nJqhElFow6VZKqX2tIcsIETaSI2qtnaS+FmrYmZOjUGo02zaKCCHZdvM0tdr3BHY6p2ma0hkRqmotSwSyIKIIRYRCNLvIiAQcVpQSKsihsN2cOWW2JiEkUCluHqepqFg4p6BISrtIDoSELIeqMRDYgAWSZLtEcVpBVViAAiVATi0xBiAgTaaNgYgIQFEiatfXWktIpVhgRw0yLIFLBIqkOZW2kAIiMtNJKAQRoajCgCQiZItI5zQMtetns34YRkO6lVIl2QCSJAnJNpQQ4EyFuq6LUoDmlLAipECGdGIkbCJK1HAoW0pSUWY2O3AUlRIRyswEUKlgGUhDJlEVqpItoojWEhMlwBFRa7VDJWRbGREgEFjCiMyuloiikFBriWVbVkRIAmMD4FpEqEiYWirS1Fo6wUalhCSEJCxAAoVkI4UApBoFSSUwNhIlIhSAbSwVMBEVkG0MRC0R0TKFZIMVJUIhtcxQUUgh29N6zMwSBWE5QlLIVqlKI2EyLXuyS4SIKCHCshSZGSFZwzRla05sExFFzgiIEA7JClFFpkoEASA1pwBbRNoIRYQiTe1KierWEkNkJkJFmOaUBRYhSbKlru9LKWmiREgRYZkQCpuokXao1K6WWmvEMI3ICQi7gRQIWW4tAyyBQ1GCFEJRC2kpJGdDyFhSQGuYBrKU2VKSEAJHEUZFUgCSIpRSSBZpAgjL0dywFdGmJlQ6iQBUSteVUBgXCwGSqDWkICJQqITkljZ2emwREUUiEFGq7Qhq19dSIsJIuDWXotacmbYjcFqBCNvGoSKIUoKQUMhO26XWANuZqRIlitOUEgqFcCIwCBSZSUQQxjaCiHCS8piNxHIpJWqUCORSwrjUWlUarqWEAmVmImfLlMMoZDcbhVrLzOY0EsIABoGRai0FOYKWKeRMXFQpYbu1MRNFIDlzmlrXd7UWEEJRlFhCki0pQlNmQNd1kqQApqm1qYUCIZFpp5GKInE2RzBOjUwUIROSkJQtFYGUUBSJIeWw0+DMbJYzIgBLdiqiq0UK04zAUlgKoCKR2cZpai2lKJ/x6Z8sKUlZoSDkqaVbGhRuTlKgEAYshYyxQrVUS6EgLWQsh4IoIYRpngBKCAiKokRRFGxIpFBxprAiIEDjNLSWAY4InAmSDEYhKYyzNbBCduaUEUUB9jiOEUURTlpmLVFrLaUg0mQ2Yzcr6GrX1VprUSmBJCxCkWQ6pYIIgOhrl85sk40CgY3dIiRCpmVTYoxTKtggWtrYtiERiiBqJ4dpiGxJWgiBiozlopKygiKnnelsY0SIIGRnNkcoAFsRSqVTCOyURFEABtsRBFUhiZYOSQHCmUCzMifbLVNECAsp0kSUKAGSXUpnZ2bKkiJbi0ARJYoiJLXWbEk4GdvU2lBLIWUaVkRIJNRSSi1CEWHL2UQgFIooQi0zJEFiIcBkiYKlQNhpFdVaJjuwiVqLmwhhG7I1KbCczmwqytbGNjktAmln59jGfCEAgQNBYqWnTBOEE0mSpFKLSglkp9OOUoRCtm2QBUKlBAhbBECKEAAKSShtIcl2YgiTEqxX64gIyYmVJrqIzFQU7FKKcbaMEjKSbKcdgAkpIsDZEiRssJsNcmZWlajRDOmptagFZCMcisx0S0IKkUYyFjiVniSihiLSCZYwAvCERUQobAeEJAkMqRCiL9VSy2zpEpRSJAHYSCZJsDCEwoCKilFzK6VEKBQi7RRhZzancaZxiRJRwZIi7JaTm0FCIUOJYjKTkEwIGymAADtbZkYoSqBwOoRKYNGcOEqUKNg2EVIIe70eECVUas3WIpQp24roas2W4zCqiKRlEpHYadsRYciWkhUREQjb2BHFWLbt6KqItFvaNtDVSrRsZCJZihIKhJ0JghDpzFQgFS5LIxCutRNhu9mZzbaEpFCtpUaERFEkBFKRCKCUohIhEZKc9jhOYaedzlCoRGuTc4qo6WzTlGRfa3Rlam7jNLWxK11IxpJqrRThFEo3Ec42jpMiSihUZDccodr1wkIGizY1g0NVIWGQwnYQQLYmKFHA6QScntokSZJNlKgRpLNlkjYFhSBClMyWRlAjSi1CkGkD6SwqEYRILEVzyzFVopQiBThtbAEoW5PCECDJSdpOI7mlMQBOOyIkFLKx3TIxUYKQrEwbKSiKdE5TC6KWStiQzYSciQ1SyCCMZWcAEUWBFYAACIWUsjPtLLUTSShsLEm1K6XWaZyclCKkTEsgZTYnBJLIjGBqWUqJEhElCIOMwRijwJkhKSRToioIFYlsKUjb2Wy7WaGu6xQKqURtGDdDFIxCwsrWnOnMKads2XIqpSALkCRCCkmSEkREAdrUFFFrWGGyRJSoKCKE7CQicpqcLgqJiILJ1mqopZtboQB2Ttlyaq21opKtSYoSbi59iNLapFAthYigiVK6zrKbDaFQKZJlJRbIsoKIKNhAKRFCpEFRwuBECiSFgmiZGKdFZprMCEFpbUQKS+FQKEqlKGQbnC2naZymyaFSBIrEKIIIIaXTmbajCKlURSmhYjAGC9IuJRSSJTkbkrKl3SBKKQAREVFLaW0KiNLVCHDKhVBYKmls2wlk2jnVWkopmJYNI6mlDaECCdkyQyolJEUEso2kAARORQkr0yCVklMGtiEUCklFJUKkLNM8tWyZRaWWKtFaCxUkLAmBARQAEAGBcDqQRURFSdpgU2tFtJYICey0mzPTtgnVUgJFqQq1bCSUsGlpyMw2DZOCQEgkiYuiRKiE29TsUGSbuvksoojAdmbLFCLkBGdmsyRFREgSQiBTlAhnuklRoCWmIQUkkuzmqGGYxmlqE44SRInyKZ/8SdkmqUiBESg0TVMoQkqQHaWUCOxMlxJRS1dLV/sSctppA9jpNo62hQBLWCVqkSUFMkK2bUCys7UJUgQ4M51NlFJLhERYDiGwjYwAY7I1SlWIdCKFSCRZilIUKrKTKBgJgSRQOC1JAeCwiECtNTuDElVShChIJWyczWAnopZSa1eiSAChkm6NDHAIgACQEAq5ZZI4Si1RZDttT5MCVLANziQUwog0lwU2UWtRCUkoJNu2EdjYUBQijZ2EFBEhQdrGaZxZoqpEQIKkKApkkwDOaRKlIEWpXVGEmyIcUUrRlJ7G0bZtQTqRpVAQKiqlZbNteRwzW+tqBWOMBIlRCQiEJIiQhBHNiiAk23Y2R4QB3KZpzCSJkI0toW5WsS21zGytFBmHIkIRamnbIUw6KREKJGxbCilKrbUvRX2tpRTkKMp0a4kAWygCqCVKrVgRJSRFyLZTKgZlKmRHEQZRBMaJbbK51OJszowi0sYqhTQoIgzGbk4cpYakEFJrSVCiBKQBcsrMBmDS2UUJqTmdBtLGbmnhiOI00DKRagmhKOGkRIkSGBEqLqULQYCKW05tSqeQpLQTF8K4lCglhJyOEEKWBbaihEIlQipSiUBRSpRSJCFh11rsZoOzhKLUAIvWjDPT2IoAMifbhINQSKKELGUzblNaSBEJkopsKRQqkoSdbtnc3EBBWIQFRImisMiWzmaMc5paBKJgUkaBLUiIIic52WSUkNXcaq2YdBOBQS5SKQUYhzGnLFFKiSgVt2GaZrPeDk/DlA6RU6YtO6FNLUxEMZZCEsYYVCRUShRnswlUSkk3SYrASEQoqAjLlpwGEdQIcUXaYEUYRUgWksARRVFCUkTatVSUzU0magkJK7FQKXIa4WYhnJkGtak1HKhEKaW0aZJCpYq0UUQXhYhA0zga1RIKbGOFZHBrpoCFRKYkU6tKdMMw1NqVEiXKer0mIbCpISdplwgJ22lCkpSkcTZLQhLh1mxUwnaEpHA6c0IRYsositqFJEskKs50a00ljKepOdOmhEqpVkRA85QpqU1TS0sRoQi11rI5rAgmZ0iKsC2TGMCWKLWQ2Vo6UYmiSBwhrDTOZqKEFEG6tURGigBFUSCMoxQr3YysxLaAgJAaIRnbDgEhOQ22ZUlFAZqmCRSlFBVkG7eWZKbtVIQgnWoYIqJEtRySiKk1twZpJKKUUrrAstM2RoGTkBROCwtcao1SIKUICUGSmZZCUlBKqSUiChARgjYOQirhZmCami0ppjaColSFgjC2hCVAYE3T5MzEbZpUSgnZRBhJgF2iJM1OEMiiKFrL1prk1hLcppZ2UQFaa1ilKFTSuGVCKaXUWiJCKJDDck4tCIQoCEMbx0wsSyHJ2UKBCGEbMQxjDdVSS4mWCZaQVKrcyMyWSeBsMi2zZSIJ0pZVuqJSlCiUU0qAjCMi22Qcoam1zCkUJaqEbaBlRsgmbbdsU9ooZASGknbaDguFglBRCUWJSIxlMsIJzgyplGI7IjAGWxAEdhoCiHDamaqBMWmr64pC09imbDKSEGmwo0TLaRwbKKIgt9bSTQrbCrqoxlggoDnbNNkOg5CIomzKqSUZCoFxiRq1tHRXQlFRkrYUIYXsDJUS4aR2ARGhbG5tSiiKUsNJKUE6s9VaulpKqTUKl9UoFk6HZGcttUZkozlDBiVWKCLIdDoinC5d7bouSlmPU2tjLVUqgI2kWkq2jFIigjSkAXASpUiZLZvdsjldSwmJKKASoYhMY0eEkyZnS+RCQbRmiRKllJpOt6wRRNd3pXRdUZRP+5RPVAQJGBkAhQJsW4GdOAgpIooSZyYIjJ04bYsSiiiJS8imZXalSLIsBQJUIoyyNURBQpKwLJwAiaXAGNlEBGAnUYQwpRYhFQkLgStKZ0sbJEFaEiiKHK01O41LRNRaIqJUAYognNmw7ERIhVAoE4MkZ2IiVEoJ1XRm4jZNiWQpDBhbQrIzE9yyCSRJUhTIIiFCAikioiTIjiIpsrmUKCEjhYxsMiGktBNB2p4SIUsiQrad2CadbSoIO42wJQmBSmBNTk+JUIRBQVG4OU0UldpFiRCGCIEVQco5CQROI4IiBXY6QdgiIGUDtatOS1Ko1pJIAlEliqRAZCaWbMsKlVICIaVbKEREUZRSo9RSIgIsQJYiW0uyr33f97awkxQCRVGJKCVA2IAiqmSFs4UiSm05TuMIjohsFqAQYBNRiBolQtncnJIBm0xP01RCJjNTQSZJCkepISFaeppG2VFkW6h01ek0BCWKRMuGLVRL1FojCuDM2vfYghJFSCKxwc4oIm0wLkEGgVSKTK1BhEKIy6woUWopMU0tAmxJUcIC43BXutV6nW2qpZ47d+7Spd1Z6WvfqUROTVYtJaJgksREREKgoqKQbQnVIhSoBCJaGhKwIY0UJbJlpp1ZSxFFAgsb3BKwoqhYkpBJUZHTdqZxWKHAaSRpnCYFglBRWKiNtmxSVsvmZmxESImFMjOKQgEohNyaa6nCAIqQIkLIQKYk1NyMQiWaW6jUCNI2CkotUiQglSgSSKUUy9mMEOFMyYpSUEQptVhZIjxNFghFhIox4EybpEHghiTCSkzXKxOsHCcFRkU1pMRBpJ3ZQtg0t8yUAAFgIkiSdGZiN4SNJUkqobRtsqUMchowIqREERFSI1s6SgmBrRIKImoIpJaTpJCyETVqKVI05zi2CIUiQjYKKQSemsGBJEWoZTpTIVEUJJQSIUUJkEqUKMaeTCiEQqRTSCBIR5SIECCFJAUBIGHkNLaxCJXwRK2KWp0GwhBOSyKEVDNpmVGilEBqmZCAUEiSsBWyUxHZEgsISV0nuyXYkkrIGBMRKJQYR8FJZlMpMpmtTakwpkRYirDtFFIEl4lMLAKAzIYptToUEigiZCRJZEtCioKZMsMgnJYUpTiNXFTAobCdLRNERBQJm2xWFEeSTlIhbNtuCWqtRURfuyhhyJZCmS1bKpQ2oCBUMg0ZISlKhKJmZsspW0YJWouIUgqmRKTd2lSiDMPYsglRRFqAhIhCkVDgBBWVCCEKKISJEghwpt2abQG2IiQpJJW0QW1qTiMwkghwK1GilGxtmlooaleMIxShKKVEAKVGrQVJRkJSc6Mp7ZzSgJS4hEpU5NamCEVECMsREVJEARQKNE6jTa0dSqEItbRCIkyikLBlO7FQLaUIS5ZKDRvASCFhlSpFhARTSzIVkgKrdkUqEAhMGydM1Op0a23KrCFDLQUIITtNIZAAIVmG5rQFBmVaOEKKkASSoZBpyBKRzjZllILV2pRpRKWmMhySikJRxrEBKtQoiWXZLS23xFaRbIuIyDSoCKxsrdmSpykVhIpJVKIqJEtulFCUwE6E3YxEpt1ahNKZadt2ZmaJGiWytcmtSCo1W0sbIjNDVim2cUZRlBJRMt0SwLi5gQIwQrUWlSi1RgmMlE4jQsqWkhIERiUKQRAJbi0QtZLZ3JypUJQSESVialNOpkQUlVJIkpxGT26ya5RSq6TWUliBDS2dlgSOUsJCIIUC7JbGJARuiYJSulIs7LRdPv3TP1XgIBSkbUqJEmqZSJJqKUUlnVNmSLYlBEhplYgIAkUpQkDpSqiC0xaks2XDKNSaPSUQIcAhg0EgUUqEInGEnFYQEYqQJIwEdkoiIjCZCSYUhGpgJDJzGsYIgWutyLWWKJ1EiRKyjENCmROUEJJICxJjDMi2WzYbIYnMBpJJUaRSigUkETIOQkoZ1MbRshwJmKihiHQKyTRnji2d6QyVUIQkRYZkp7O1MaIIY9LKNhkbES6UCLU2IWzS6UykiNKyIQknlkooJKXd3GQBSGGoQdrpEJJKrVHChkTIYNMyrcRRa41SkIqkEM4Ep5xpqCELN5dSjFtmqZKBABtKRNpOIwtlpsEoQpkGLIGLwpBuaSRAbg2RBksCOUqUqAg7kyaHUNq2SwQmg5CAtEVLhMJOHNjgKJrGnLJ1NXCks6VLkSyDwSAhZJMt0ylcuxoqoai1KEooCDndstm2kVxLrbUolKYGGBQSIGeTQiXGNjkdJVDIZLplC6NSICWa3dKKUhGidFW4JX3pLbDSrkVGCc6WmaVE4tYcohQZZUsIJKQiGduWGIfh7LmzpXbzxUZOOZv1GzubtdaiMC41UoRUQlg404SEbLtlCiIKZGvNzmnKaZoUZDrT2XKyo5DNTiMHcsE2km1wlBoyopQCUqIgooQghJXT2DIJKUSoREzZZEeE7dbSprllZolSJKKWkCSkWisqmS1KEDgJlCZqlNLZjgjJU2tIoVAoCBSGxEUVZ8OBQooSCiFFKSDbSIEShEClq1GEnU7SJWJqrZaCJAUy2JmgUkopwgoBAhtnthLKlrKjVGxwWJYSpMBIwmESlDQBARCWFZBuDUVRqbUDTdNkHBFghTDC0+TMSZZK2M40shSUKFHcWialBFAVhDLBIJdSpEinpFJqkZozM6XA2VrrSliYgOYk29TVTihbNlkWxiKUiiK5dCUz29SwIqSQVCIUhdacaUBSZgopJKlE2GpuYdIEKqU4M01mtnRmSuCUigSgopCESi2S7FZqzdbGaWqZESGFCASACFGi1BKGbOlwm5JsKoFkCEUIoijIZgspopQSkGDXWjLTpkYkLlEQUQQRoTQRka1BoAgBQkZRIywpopQSUkRNDJlpRRRFhBQFSZDZ0q6lYBtMcyPdIoQiW0unE6ejBJC27VI6ILOpRoQk45AUtSiiFIZhKiWcBmXLiBACY5cSpa8lwtDUnBlIJZCkAIQQOEIQQiGR2bANmbZdoghbKEISEgKYMtOtqyVKjZBRSF0UFSkiHIgoUkREIJyJpCi2m1trKYgoUaMoat9ly2maUHS1tMzMyc3phim1YhBGOJEiQiLtKEUohFSmNiFFqZKQMGkIhFsa01orpZZaFCGp62sQJjMpJWqtEDKEQkpwkrYCEuRSS6mVTKtIZLpNU9pRIiSnjQIVCVkKCyBKlAgRpciW3SQhZTZMLWVqDbkUtUyQIpzpTEmZrSgIURRIknBQbFSotcM4QrZUCMIkWVQykAiDsWg5ZborlSjplIQIKRQCIiKKrFJLieJsCgGlBAZFSFEC25nGpRQBCkkRitLVEhEqoRLVOCKglCq3tCjS1LLUKol0ywxwUZUVIckNhRAIo8AmCQm5WUVyKVUKDIGiRAoZk7VUKTLHaRolKdTXDsmZyGnJ2KRxpiTbKD252QopZNOkMNnG9TA6XFRaZkQpEQ0ERSJCkuRQGIekQkRIGKJELVXgNDhtoxAKgnDashLbpZaiWkqJUhJna1LYOJ1QazFKu4gIEWLKRjptEWBombUGQhYYMpucrXzqJ3+SbNLG2ZrktLOlnVWhECBJUkQgYSAi5GxOS0wtbTLT2SzkMInd7LAUxZlpB2Q6BCGwVLBD6gijqBFSKRKSkCJbk4pkEGAIFYmQbAWo1lCq1FKqM226riBFhFBLZ2sl1OxpnFo2Z5umFiUs0s2ZIJRtagZnCiWGLBEliu0SUshpFE7AOBWFgluGqtPGXe3ApAhqFEWJIhtwhHKappZEKCJq6UoIFAGWNLUJOaA5la5dT6ioABEy2A6IKHYqlKjUKiRRI6KUGsKKUEQpJRDglhmhGiUUDknhSLVsLaOUCLWp2VlKB850GpRYgsyMKEiZ2aYmqZRaahUCR1eKsQIIUInMRiiQQThxay1KnabJWEimRIkIu0WUUkrLJDMikNqUQgpJBoho49SmyVgKRbhBEU6DLEMAEiA5jW032ZObI2qUKBE4Jk8lFLUUReKcpr7rLIEVdkKhlNqmMduESpEshEJRSk1ItXC0loJSoihKKSWKSsjGqEiE01IYt8wIAmVmGqGqIkIhhAVYSBGEnc50RAhjBAiFnKCAtC3RWiOxJFEsigSkhEIM0ziOo4TTtYRtIFsCoUjbaHNjo+/nfS1d389mPcYtkWVNrYWNwkZKKUopTjvd3MBQJBsFkkOhdLZExiZKhOQEGUGiEm6WFKFszZkSNKY2GQKBMEjgUCAl1K7WqKEICRxRaldDApVaq1CJqFUYS6K1hChRBBEWABGKKNmIqiCyNbeWYChSELZt45ZIEbLANkCtYSTUmkPRsklpgx21hrO1plCJyJZOKyTJdi01jRCS7BKB1aZRpVhCMbXmNNgtsUoppZSIEiWCcJI0zDgMNJcSlkoNSS1TpBShsMG2EmcptUQhImRbmVkVUUtIUomQTYRKhJ2ihBAyKEoAlk0EKoV0I52M4xjhWnvszBYKSYARAMJudpEiAkIYws4SQiKU0EmEMrOogKWwM9MSQEShKFDBqDjd7EIkWUoJacoc1uvadSZtR6iWTjUCWhphVEqUKGBnIkUpFkJCEVKUUDgzxDQ1KfpaJQFCDrfMbE1IEYQiYhonhUREsG6tqpaiEgIscIBLhNCUU0jORJSQCTuHcVBEV8qUjbRQZkpEFDIxtZa+7zHG0zQZG2VrtRQECGdim6IiZ3NyWVc7k5KEMlMCExGZVggRqVCUErXWopLQ1TAWIRkQIeFmjIIoBZim1pprKRERYUUBIpQ0TNf1KnJzc9omo9RiIG0ntiSbNrVSQxEYSUAo0omJoojIabIiiMw0FiJzygYG1RqZbZpaV0pEpOzEKN2EMIEkpIKAyNam1rC62iECbKJEpiNKrbWEkNOBrVCNQGG7KKJEKCOqwU6aQxESoFIQJQqitall5tSmNoYIFQwkuHYdWNbUxmxNohkpIhBkZssUlgS0zEA4jUsNG1AAEQAkOMk2uXZV0FpO06RQqUUETmynA5CEQ0VyS5eoQJGAbKkqSS2zKzWkNH2tCrVpas4SJSJKqRI2MlGjm/WFmkKiTZOiFIUwopSYWoKFDNBQlK5UlcQICblEMEyTs7WWXS0AiogAWhpUFM2OEgYBuGVLt2wYq4SEnUZV0XJSRESNUoqEZRKIUoXS7vo6jVOOrXRdV4JCLbUZURRhExHCU2vZmkpx2liKEhGSqroorWWNqqrWUul0RqioGJBCilKNwqiGUBRly9YynUVErUIRjGOLKKUIMERYYNtWZjpVcCkVgdOZoSghhUCh4pwSnCkJIrORBtskxkKALSS7uZHY6ZSELCJKiMyWdoooXclsU2uBiRBWhEyatE0GiihdKaqBU0SJaAZbkqWIQC6f/qmfbCcoSo0SUjjdnF0tKCScTG1ShBwWiUlnm9KE5CgSTksypjVjEuMgIoTtxBgSJAWSIiAjSjqjCAgEarYwhGSFjAMh0hYSnprTaWfzFJYVtnGCSgljTK1FqKVDCpU2NdykYttOJ4YARSklsmG5lkogpBCWcUhRqm0TkBKAbRWphGyEbZShsAyKIllRiu0ikDIzbaGQIoIgkG0jQFZm2pRSFIAUws5MY1uSSiCVUBAUhJAwcjZbBgk5UllUEIhiIbdpkmUyAhmJkKZmSCcq0aYpm0stdjpTgRFOhJ2ZidNJhCLkzIiSUwPSRjaUUgictMxQCKbM1rKUWmoXTim6WlTCgCJKQGRLwkFY0VpDAgMKhSLQOE5AKYWIkKMUVRkCYQiFiolao7WGVFSwHSkraigqLS1HFCFCThskIooi0omc6aKIKKSnbFKUErYzE6RAErabFTLYSKQzW05tJBUljLKlbcCZSXR9lYJQQSoK5HApCoUQDaSIAliqpbRs6cQ22ExtqgpkG9shSSGpdCEiW0MSsiIiWjZJpVSFZCGilMThiBBSaymoXSlRI2jZsjUknBJEiVAoLIVskUlRNCi11pAIQwmaXYAoEooiAk9RSqkhSYYSgXBTqX3XEWqZGJkpmxQqSBEhGTtLhEPZmnEoIhSKTKfTaUUoIFHIGFIiVMKZRARGoYiwwSQOSXbYSJbUWjN2mlCIEhERIGNgbKMQdmujnQlFkZm2BYLWWkQowiZbZmsKRZRaYmotM6UgnWlJpYQCQiGMDYpSam2t1QhhRCBKRBSVMM7MkEEgbEkSmUlE1AhjkBOplJLIJkSpRcZGIWAY1kmGLAUB0DKdmZmZaVBIkoJMNbeu60JqORlKlYSNQk4LjEXUWi0iQkQE2Ug3SGc2txq19F16AqRSiiJCYCntqnCJSCeqNTLTJkK2MylFUYpCIVHkTOOIaG5CUkQoImwiZDRNY0vSKZwG29kyWyiKAkmSbUFImUAzws1YESRRIqoCqdQiqQTN4BJd1JCkTBuEsZBbExCKWmXSzmaFSshEiUjbaUgUDdcama2olNpB2A3UphZF2RIZZDdjrCgFuShKLQCmuU1ji1A6bZcISiCjyNbaOE3TaIdKFEVEuLmRmVkqUYpUFGpuUthktoiIKNgmRcGGBFQiigABESqqtQg1XBxRA2iZWIpQhJWgEELGAYpAODFExNRatpz1vSEzE4OztUwSd7UiIUWEQGArcLNJBF3fCWFJIWwkgV0KKiEwoLSEyJZFEREKAQZkiJAkAenWxmZZyAnOUoqjOB1Sc8tpIkpIzhZRCJVSoxSTbZqiFJwF2U6npL6fRVTcrOaGTUjYCaGKsAEj22RzSxep1GIr0yWkkFMosSJEOqFGAG5GilKDktlUokQAQopALlESBREIIQXYSRQBlk26pYOiUHRkKiAjim0JotQaNcmIEjJgZGdRIUlPamlDYrm10QCkHUVtaiGEpmxFJVTAdoYq2JmtTZkgI7XWACkNto2xm6dSSkvINMZkphS1Ro0SJSSJkpnDNDoJi2BqYwQIrJYt086sUaKEW7Y2dV1NKFEUMayHwJh0QwFkZqk1JCAiIsLpUorThlBIslsagQKpU9iZSAC222RRShFpI0UpCooCQWuZmVGKgpBKKRHFIpsNtUQoQhAhkUniUCldGLlNpZQkbQsMAonWMkoRsqilgiXSBERRy5Tpal+iGEcpEZLCJoq6UhW0qRlnGimkdLapKaKWCAmkCEm225SKUkqxIa0I7HSGAlw+7VM+ubW0rSAUQogSAQISRwgAW6pStknIEUUooqulKEpRCEUtESIQmRl2hGwiAqmEUEgE2Aamccw2tZbg1to4TZktoqgIy0aSSgFHhMBgLGiZAISKnJ6mRqZbAoZpSokoilLTKZNCoZBqKSpRFJRCQxKiSDmlQkaBImpOoyP6UiRKCRChEDYYZ9pIRUJSqQWDiEBRpqlly4a7KIpQCKl0IYnETiRnEgKHZDsiREgENACFbIyVWCIkIyJaS5kIRUQUpDCKoqqQYnLDiiKbUqtChtYsUMiNQKrFrYkIQI5Q2gis1qYQ4GxQFKpRKKWISLd0EpIUFhY4FOA2TQqiBKJIFoGjqCUBiiKMyMwpJymHcZKEcGvOtB3RFbmUIpUE7CgqpStgLEIASCIMCAsScJqQKFEkgSIU0jQ1284sgUkbEWEbY0xmOlRqrQnCti2LwESRsaRsKdk2lmWaLaCUkJFxAUAiSkREKouAEEQgFUW01iRCYeFmKw3GAjJRQRmKiCpJgQgJbCuLIiKMkW1LKGQsKQSyE2MVuhKGUkIKnIDlQCGpljC2kZ0Ig4Rakq3ZaUMapAjB1NI2xiIkZFuB0mS2Nk2CUsOyLBGhQAEkDkqUyMxxHITIpETX9UVSUUQtimZHyEiBJFAJYTU3bDsNYCiZBstClsM4DaSRJAlJWCUCnFMqQGrZgFKrEEg4VLoSU+Y4jaRDwhFBSAYcpQRyphFuzswQCpHIDimdTtfaAbadOU1NIlGJABRBpiEiMoGM0NRaOFoaRakhRWYTZKOAiWxpN5eIiGnKEhLCShIgIqA14RZgC49W2DiRaHYbxpa2LTvTNiUQ4WygkIrqlK1NU1EYlSjGmIhChIyQJBAQIZJpHA12w7Rs4zBhZ0qSKjJtorWGFHImDjBKWy4UhSANJRS1iAhBEFElhYWxpDCWnbKBpLWGUK2lTROEQoHAQkLGEUXIdmvZnDYlwkgC0omdmAShCGU20s0pMMayU7ZKhAJns40VIUUESKXUEDKGzCRUJUWRTXFRQShqicBuzUUVOUo4c2opUUqJWjFAKVVias7W7ARFjVCJKLWrZI5jiyJSigjJdokSIqJQVEsXITIRoHQTUihUhCDTVgROTJRSSkXKTBsgRESRAhyUxMZOSoSEsVuGSso2IakoFODWElNLkQIBCuFMKyUURaLUsDEkLooSsiKnseu62lVnSgLbJgKcliRJXdeZQJJkO6JGwQ5FZJswTmU2IUNIETIqBRNF2Jl2RAEcyIQlhWVbxiGlbRNy7WpQCIExtiVAsrAtkaRTYBCKCEHLNo2jodQiiFIjikmQAJAUpciQdiEiohSnM1MCiTRBqJo02A4FIQBZIkoA6+VhRIkoNkKlFjLTWSIUkaRkJIxxEKQjQqFaai3V0NxKlACklinSCowkjN0oBYNtK3NKHApkkOVpbNM0lRJAZmIo1NKBQsJkTq2lFBKhIB1RainisnSNotq5Nadr7RQYMHLaRFFEcbqUUJSxjW4ZtcOJiRIht5ZANhswSOkkHbVgDJlEhCJKRLa0E8mEwqGuhFq2iOhKIIUkC5JQCCSDsW0niiihEoEwTggwgENhsA0ytggpSkCx0zgiJLAsOx0hwM0KakQpEbVkempTLaWLUrtCAzAYN1wpRulmo5DB0DIjIltDoJAtEaql1BIFZRqFpKAQFHFZhBvYiiilSg6ppadpxDhkKxRRAlshZ5MkKVtC2ijCNjaifPqnfYqqAEkRIYtASKBQSCCbUIFEAglhgwCbRisRkwkIRfMkRVdqlGKhEHZIFrWEMUZSSApZUSOQFJJUVFQUSNigdGYaIYEUKiVsQKWUvlRJ2M5EtHQtIYUzhdLGVgkiiiRUSpVCDgI7QQA2gjRFMpalUKVE2IgwLZsRMkIqaq0hEFhuTjlbw0iRmHSpEYoJRwkSTJocp+ZmCxtMElGEwOC0jRNKRO2KcShUokYYwM7MTDfXvoZCoYiiwKY1G8ASwpKM7ZQNZEsjQTrTWaIoZLvUqhKtpXGJyGwypdYpHTWKpFCopJ1OpDZOLRsSJCGQIqWqolqqUgIcklsig4lQyzQIBUK0ySVkqZNaCJAkSZIgRciKQhJBs23ZObWc2oQROBsK4XRGRFE4bdtC4bQkZwZyCEtGIrCNVGSbJEKKKCI9uSEhZFxKiSipKNiSEJiIUBASkAmykANBCBQSzkywUDY7AJFyGClAaUMKISQiYpxGcBCpEKkoQIlQyFJVdYQARQk5SbeIAiBhICIErlERIpy2DVIII1ApIRGJCumQ0rbJzChh7ExQumGFMEhCUnpqU7GmTAzgbLYUQgikKLVEkHbawphSSmutjSNQu6pSSkRVNDcbSUYS5plkK4rlTDtTAJGZoHSGaEbKtG2nPU6jU4CQM5tTkE4kKYBAIRS1FCHEZZINdtQiy7iWQEIqUVBKNeRsGUEoIgoRgkwjau1CauM4TpNCoRA2oVBRIGxwGgJkTAYkqqU2N4kSUUsxDkeCFBFhaG1MI1RQRJSQwSFBRCjUpuZMBZIUahgLUBAACEo/Q2BUakSU0ikIqZSiKOkk3HVdlNrcsk3GAqedNg1FiCQFEE2mkZ5AUUMKJKS+61REQlAjbFo2UGtpWxERYVvk1BwEaZAzkQJJYFprSUuRrY1TRggJSYpMS2BsQkil1CBcokZEFGGVCJAFsmyEUBRjhEoJh0lBAsal1MnZMoWbLdRai5AV2ApZkh2SFCSlVIdpWMZWBDKWbQsnFIUkgwxRSkguETattbTtlCRIp0IlJBQlSqmWIiTjzOaUhYgISSFFCdt2Ck1jJsy6zolto2ytOeVw0Nc6jWMCadtgkq4rkparpZsRAdjNjiKphJBo2UQIt3TaocA4oNlp41qKrEaDqFESI8nO5iEnKYpKy9bsrtRQaS0jJAAJaqmqRelhHG2ukMEOhYRNBCgkyBymQThKOEkaJgEjE6VgJEUECHBmm8aWjghJ2VKBM4UVoVpDYSMAWqbkULFt2U3ZGlgRtkPKbFO2QElOLUspQipqrWXathQRshUREWGBwRYoqoBwKCglCLAk7CkznYJpnHCoRMhOg0IhIctICGdmUym11JZTa5MiIsIgohTZTmcQisCeshGKKM6MUoXGlulWVJAkHKbZtiTLso0TYwcKyYFMSNSACFRKLV10pVKqQFKESnQo2zQRYWeEaqnpZpsIBemMKFGkiFoKME2tTaNKUQnJEWETJUoEUqAoATgNECI9tAEUISGkUkpIIIOwUK1FIJRGOCKkSNOcyiylRhCllFpUCIWzpcEIGWcap1NRRMuWjgjhlinJiT1FVAQiJEVEhBR2A0VQa5Ca3GRaZi01ipxICA1jA4pKlEgbkc7WWjqdgBI7MYkiQkmWUkWxp3DUEiVKKXJKZEvXUqOoRJEC07IVhYqcSTpCbm2aUhipZVuv15ItlShRS0RprU3jGCVKLVJ0NdK2EwOKkChEiHRgAEmROZEun/4pn1hKLaUY5zSNrSEkEZJp2UQgkEI4MWnTnDVUotoGZ2YbJwNYRC1hhEw6VCyihCzLaXAiGaOoJWotUo0iURTCYVJRQhBFoZCwpzYibCFHUUQAMtgU1VJqVwMh1a5ERJvGKAWUrUVEKVVBtgRsO203QBFBgAJZaQgJkyY9tWlqLW0btZwMpVSBhAGR2JkRgQKTrUlRhFAxttPIWSQbCWdGiVCllrBUZNsmSSaQMM6cWosS2ZoB2ZORIsKZUYsz007nMIwR0aZhmiYBVjqdyDhJW0JghFMlQrLAEs7MNAEgZBS16yRN4+Rm1SrRstnklApFRESRs9kyCIxASAiUbsahiFBIQDoNIYFSlhUhRYRAwrg1REiS0vY0tTRYoWmc0mlSEoFAIiRKyWmaWuKIGlJByWWtpQyohC3VCCmcNi2TEiVKOK2wVCS1TDcjkEopiEy3nEJg1doZogQCJFAEUnOSzTgiLKZhmqaxGSkjSokAhtYQQrZt20gqyAgkhBQqJSoBRkiEcBpsGwyAHCEIaKFq2xgjsMhsUkgBhGhplAqVUkopxhIGQwhLtktIUGqRFAgURUhRItNAKTWEpVKKhVtKwk6QVEtEqZIUsgFBYkgSkw2kWkotkgIjgW0DKATGwpmWSCSnm22jIlG7iFJUipqBUqI5BSUKQiBTSijCILAURU63nFQC2WkVudnNyJJkEgMKCbXWokSlhCIgUYQilJLTUWopJUpxGiUGXLqCwnZXK1LLrCFUJBlLxpKIWkECA/bUGmSUGlKmnSbUldraWEoIS6ESlk3WUpuTUFeqsac0LlGJKJIkIUXYLUo4CUEoopQSUQSOKLIzjZMIixKBFIRtMIrMFFIJ7Km1NIGxK0FRhGSpCLtERQpFRCiEXFWjgCOiIEXgoFBsQgipyCZkoFQhCUWBwEk6EXJgk64lppYlqhRRVCRAhaKIqOnRKoFCoJAEbmmgRtSuSoECHBEglYIBIiKiOts0tRIhCEkIA0SRCTJbJghblIhAxliEIWQQsiTCsjNrCYQNeGqJiRJOgxUFOTPtDKmEIqJla2OLWhSR6Vqi1oIY29SaPY0Nt9Ykz+dzKRDpREo3JxHY4LRtu9QSqgqVwAgTERFVIakgRxRFuGWmSxeShKVAJCmRBshMBaGS09halq7YTmw5Ikp0Jm1qlFSCAGeLUmqpQSCyoaSrxWEbAIEkhZTANE02pdZMt2lKFBGA04AiZFq2QKC0lRa2KQgUEUmLUFGRBJBO59QyQUIRpQhsILEA0i5FUiBCVBVLCKfJls5SQ1KJAqQpoagRocwsJUotODKnnNKi1BqBVMgEIbANoFoLZDqzZQK4FIEwNoCkiIIURZKUGAssWksJyS1zGidE1/c20zQqous6twQpwqbh1jKzBUVSIRBpt0xBOts4mogSstMIYSESkzizZcoKIGQkERGElCQW4FSEQpnOHIFSK9gIm0yLUmpUBYGkENCasSMiJFQy085MSzLOliKEbYhAlCgq4WyKqBERxWQoBGBUQkgEYZokICIwCBQlIMJCgN2VCIUV4Exj2ylVKexsbUqoESiyZZQCOYEkiSZCwmkjqQQAIIVt7MSZBkS0ZtSEkAHbklpOUigUCHAgOyLcPE2DFEWKUrpS2tTW66H0lcRYkpACSYpQSCFLJQQqESoEIcmycaZRGkEgteZpmiIiSgjWyzWiRAEbIQuMo0TXd7X0gZ2exmlKYxMSigAyG82WUQmBDah86qd+UoSyIZwAdFEkCUlkpoUsIYmEElEKCJAEEiAjRSkFCEkRYEUAkkKywIDCqBShiBJgsG2nAAmUTrthSoQUthHObOmQBBFRo0qynZnplFEpAWmXEtk8TiMKDBARadvOTDfbGE8tE4RDBXAQAssQkHabxqm1CJWoERFSRCkRgISkqlBEhGoJhewsUQiypbHt5qZQKEotmFJCRVIoSgTKtJCdraXAGCQyc5omG2diwJIiwnaoKGQsyVNrbZJdS4miUqsiBEhmklRCKrVERCklZEsC4YbkRHYrUUugKE5CYec0tmwZpXSlIOHADYhQRClFLS1QiaJIW9g2cokQGAkAbJBQSBQhYQOKEHY6QoAzS+lqKLOlRImQnLYNRERViVpKCRJFCLIlQe26UgJCTmOJUFFQFAiEmzMtME4ToVpKOosCSDvszFQJqYScLVUiQtMwKqLrStpCmc3ONjVshFCNIEqJsMiWQqWoSKKUGkLT1No0RoQSwkKBTAopJASKUJJF2IooAmSVCNymzGwRYbdSOqFsU6IIQgIFGNKepiyBrZaTFFGKWwqVEulMOyCzZRorTIRQRCki3WzIlrWWolIUBKEwxpaiRCACIqLU6LoSEW5Op0S2bJnZGmATJUqIiMwWUi3FidNTa4lrrWARCCEUxhEqJWyHpRByhGxIJKOQraJACENEhKJ21Rg7JJPCQsYh1SjNEhY0G4EkSCPs5tZaFJWoikjbypZGYWemkWoU262NUgmZlGVAhlCokmmpSKUUyWObMF3fZbq1FhKyEAJDthKlSAgskyEB2RySSo1SApy2FCJKtTMUXanraXJaUglFFERrIwpRaqmlyFJEYEuWimxJIDstZLJZhLDTSTrBWWtXSyBqiYgikAqQEARgLKMIAtLZMiICtbTd0srWEKSFu1IjigMUIezMBMt4PQxRugATsm1KRKYjBCJCKCJUcEs7o1QbIRVN02RFAOCQ02TDRAkhgiRpCJUSdrbJLZskTDqdVhARUqgGJrMhImTJ2UjVvtrGoISQ1JpNJpYkZNvZEApFLZKclmQ7So0ISCOlh2l0GiFFKVFKF4rWGqJGjVLcpnGaBMiestaKBHR9V6LL1ggwRSUkm4gA2UqotSDZlsBCAkeR7VoCE0GUwHKmSkQUcCCVkKCRJIAzW0pS1FoiSokQTpAzAaGIaNlKhG2MnbalCKRCm9K2Ql1XADfbGVEEJaLUsAUNR53VEiHZduCWmZlRFFGETIKMIqKrYTNmq6WAIuRs2VJIgZ0kgEoIokgKQAqZTEoJsE0UMdHcJAlNrYEDEQGUGiJCRISlCFpzpoOIEhGynZkShKQoKmAAJMlpYYGdmTYuihDYsrEAIjINBtVaFEJyOrOVWhVRIlo2jJCRICSnJWpXSykQmUa4GSQsCSCbbdtRSrbJCWnjKAVo2dI5m81UJFxqARLCENRaSq0gk6RtCQlkG6fJNJbTQCnhVLohJEUpRZFpZ0oRoZaWHREhiUAGVJBCUYKQlc4IRZQSBWxMOk2EsqXJ5sSJSpSIqFZi0lYgRYSlwCYsypTjNI3Zsiu1lAKEgginRUiapmlqhsRWFNMCgbOlRS0FSQgpM/tSI6KUQkhQVJtbEFjIQKgSSLazZYqIKAI3lyiSSBREICTAJA7CAlGjEiEJUEhgiIjWWkihklNLmtPGw3p0TlF7WSaNbFombgqlMxvYCElmaq1FhMxytc4pNzc3ahQLQGATIEkKzDS1aZpKiS5KhmTZaUCBDUSpQi0t2VA+/VM/0ZkYTCkREVECh0kMNlCiyEYgQkWliLANCMbWShQJC4xKOJ1TG6cpJKC1llODBlFCGIGCzMyWQolBYHBRCZjaBBggQYZAtetkSUKBBDbY2DhbOqdM0sZpulJMhrCiKwUjstRqSGfgEkWhokIRZpom7FBYTZQaUWstfQ+UUJQIwuBMSZlSCAEhQYJTJSLC2UotESWzGRVhI8lOkq7rA2caycaZUYpwV2pEFKRSakSUUkMEUoQUYAhhi5BsQLVE7WVHKSWCwHZfSiLSUkC2qUXIyM6WVkgijdNCJSJqDTxOTQYYs83mfYmIUgKpKIhSwpnYRIQUUkQYOxsqRjJSWAGSEkSE0wI7o5SwkGWkiIjmFIBqLYhpSkslIgw4KKWWUmtECYWB1igRCoWas0SJUETx1DACXFXslg6FihOcIJWKbWVRydbINAil0wYRCuEIKRRGKHGJgBDGlsK42VEigNA0ZZsmmVq7qii1RCkYhSKUmYmjFEWNIBSZichsKIgIbAkpKNPYuEwhDJlOhSJKiRJE2CnRsJADCZCQFCFHlLRtS7blNiWCTEM6oiDbjgCMFLVgsuWUqQiJKJ2EpLRVAAkwAPY4tday1hKlYAyEMVKRZADbliQFESVEOu20Ma1l1AiEQNU0SZZs40QRpUpYSFLIlhQRykyBUZQgCAUGoxKSyEw3SYpaI5yJikAlipRORYQKQiaKQmFcSkQUKUKBAeXUWqbJNrWiWoRDIbVMMo1atlqKIowlMltOLXMCt6EZC2VaQhAlsqXTti0kl9JFqQopAmdRWBpbixKllJwaWAIhgxSEWwO3NDkVFRVFFDttIOysURAytgSoWCqgUjITbEtGCkUI7EaEkBRcIWFhSkiSDUFE2Da0ZnApQqF0BtiKAoCRMQBCUpQAARgjbCSJKDUku03ZJLklEqi1BJcShYgQJkIQwpkobEOzIiJUShGElLYBrAhjQmoiRGZiKBK1yCixbdIEEUUIWxFtai0Z1gOiq10UIZUSIEVkmwxItLSJCDLH1hQKREQhpkwbIJvTTlIoFAhhIYVK1JCwmy1TSygKCGQhyQoZlSihiAhJkGZqLVtLmQzhlmk5QrWWiOKplRIh0lmjKIIMu2GQs6UTFDiRSjibgVLDFtjpEoWQQrV0kjHIkiwJyQZ1tcMZtRJBa82WJEIlgDZNbZpqVwTgcZyas6hEDZEWNm7NLVXDzemMKEIWhlKqwM6pNUnGwkLNRiEotUSJnKY0ta9FaunEkkISCiFkE6UIEKGwbTlqcWPKybZQRCCHpBLONBaBGyhNkeSIAEUNkEAhKRSloJCxXKJIUUKyAaRSgijOBEmKolI7ISRJbk1yiZAppeLMTGGiyGqtAaFASMpmlEZuWWoBbIMjsFMKyUBIlCLJRjIAUWtBLrVElFprUdi2mdZrCKEI2SKICIElnG62M5XCgCIwSQYRXYQEElIAKgopJNJGiMjW7ARk1S4admutEYFTJiVKLdi2SxSTiMzEtJZ2RsgoSghJYYNUikJFilJCKuBMUBjLjiKabSKKpLE10lamwbhNiRUKRWYzGIAuiiNAQSA7DS5FNpkt0wW11kSkQgKcNpJAskCKNk1FKn2VbQGkmlMOh4oBRUREkHbLqZaotbOUmdna1KYaNRSWJYsAFNiAUchpQIQEpJFTUciGwJIjIgSZGVFq1CgFkqRl1r4rpUQICcAgJ2pObOF0gktEYqFMh+SIQJkuIaLIKUK1hKJ82qd+ShoRDrVpcjYQYMhpAmrtSkgh20ImSafTTiGgtWa71C4ESKhlKshMhIqECUkBNoFsu6UzU4rSVUlOE8gupSTOdFc7ZFk1gszEpcgo3dI4sQ2SqLVTkVBIDpVSSilpwCA7I8LYKKQILIeKpFAYk85MRCklapnGsdZikABP09Qywc60cdqZkkICZDJNCDuz2UAYpwVgI0WEFIAUQMt0NlsRAkKUrpMjpBYOSleqpCkTLAdyc7OJCNuSJCFKKW4tDVLA1DKCiAiVtNPOtEpkAqSpUUqJ1iYpIuRIG0TLlBMJXGuVsJ1pSyFJAplMIUhIpzMBICJMtpYOCYpkZIwpISOMbQlbCeAgFCKVTjcyG0KyjSFJSQhAyEyYZgHCoBpRpCkTg1AoSrESAFBITmeUKLVKiiKZCAGNRjrCESVpipBFGGSLEDZyVyvITguFQlGiRAgLuZRwOiFCzWmnsO3WGsZJ7WopJQSWCoBxUbHJTKeRnIlcSgFsgxSCiBAF0rbSFmQSEaEISYRtZIyKMC1brRURRJSSmUURktNk2gAlakjNJjMF2E6hrlRF4GwtwdnSdkQ4UzImIpxWoIi0jYPARAQKkbJqraUUSXYGYQRWSBESESED2I7aYdshWaqSA4MREULFmQkhycrMCAGZZGuQmWm71LBlGxMhFSCc2bBCU2sCKTIzTY1ASjcISqQZxymdAqtFLV2ttZRSQoVpSskRAaEQcrasXSVEI0IoEisUKhQRwkQIkEQIIQU4pCgCoiidOdGcCmiAIwSkM1umhW3hlglRAtHalCGMWxoyExShIIyBtCHTSIAFgkwsFQVBRECOwyiFIhQSRITt1lKIsBG2MbZNhABJpYQUmSlJwpIAspQaCiTJIZVSbRGEUyXcspGWZCuEQqFSKumQHDgzFJJA1KiltNZs22nJmSBhsO2WLe02JkFYpdYgJIRkFFIJwJmZTRESSCFJJcJSyZYUWqZbEyGRzhJFEtBaRgRpFCU0pYsctUZIhEFy7WpEURXp5iYbEEImLYMsFUVElBKBsJ1IdikF1ZwmK0lKKSHSrQgUJJYxSBHqolJCihIRtSCqunQKIZmMKJQiGWTn1MbmtDHYSlm2bSEiZCuUiSIyE5twTllKiSo3p21nIjmJUETfVUI2bnZOJSIiJAuFAgxChlCJzBRRaoV0oihBZHO6Re1CUgRWayNCEYWQGNs0tawhRRQJFYXcmqLUEhElyJYuXS2l5EQ6bWMiIp0OIUIFcGbaUWQ7omQaWq1FKhLGxcoQSCAilRFRQoAD25go0VoiIRsbZyIs1LLJSEZhCYSIUoIACxTCEEKAsFQESKEoeALZjqgSScMmCoDttOVQhNQgEMK2UyFJai1tt9YMYSSDpAiBrAhbKaeRIazUehxsIqQiKSDtqKFxbJnO1ppdSomQCEKhaJmyFEojIZS4RkUCIoRJLIVxtiltEkpIUjptsGFqk43AkG0khCBp2UqIEhG1hCGkkCICRbENRrJTKLMBiTPT2cBWpFMRpZRSIhR2GisCp5CKbEeUiAgphIHEEqRTYEU4W0tLSIZw85DNZNf1jswpJYFkO+SWaaOcWtZahVo2CEMoImhtigjbJiMK6SmbkVBECEJyOooiim2BJHBEwVAQUhir1BJR3NJ2KJBCmUmmhUpXZYxBEYGwkApS33e1FKVt2zIoZBEWEsIgyRbgdKiUIivA6YyQojibUNQIZLJ82qd8cmutOUuoKIwN4HQaRRc0EJhpmqRI59QmEZJCiohu1kWEzZSWDIogona1KALbqmHASLWLTGMUKqWWUmiECJENFMZOGyMpCKuRKMB2lCgqRUJpAmzLokTBaUlOSaqlGENEVS015HAxNkQJWVFUFIqQnC0VRKlRA1sqYCSZaWrpLKEoJSIAQoiQEJIIENmMKBERYckQoUKJoogSwXq9jhKZKWUmoIiwc5qaM1uznekUkTlNznEaBDLRFVLNFrRsImqNli6lYAvZaRBRStjZbDuLotRaQgKETS2BPGVmthKlRlhRQhKSkEIRIZlxaq01SNutTa2NkrAU4WylKIiIEhHZrBKgKAVbEAoFaUpRqKSbnZKcmYnwOE4RmtrktJ0RQXEojEotmS5SRExjm6ZRRaGICGEwWGCDkJXZiGIjFJLtKFFU0jaIaM22wyYiE0MoJJFyywhK6SBBjigCk5kQEbIwyDLYLcCJJUWREYpSioRRhIylEpGZlmmEUBSFQUZIsmpXZVQCOyIwTrccM4F0Ag2rTWlZilpku0RIBDmlbUdRUQhhh6JGTbfWsk2JXCJUAqkoLJCjlBChIkmllCgtjV1LpYi0cZSATAshaOk2pUIRUhEOnM0NZ6aM7QbIqAiUuCV2QtqutQNkhOyUwsLYrQlJSESAAU0to8iGzCmniiIKEZJbNkWEQHI6rCgRaGpThAC3nFraWYpkikqA7bRJC1LGZEuhCFqbBEWoqo0JRClWZEuZ6NSyOcnWDKXUrhapTtMEzswiIUlFgVJOlxpRFCoUws4UkQFSZNrGKFvDNhQhSdDS03pSiVq6kFQiSnFzrdVODEhpi6KwQiQqCto0WaohkDPtNG4NOyUBtGzZSo1QjENLZ4koJbIlsijjNA3DSoqiKnBLZytRoqg5i6WQBIJkHEe3lpm2QS2bZJtmF8gkaW4Yg+wUIEm0lpktohQJY6mNo6WiEgUjt2maMhQhIZMEMkzZIqKErAipq1UKO9vU0g5IPLbR6UwAQylyZssWobQRgQSUyJbhQFIoSlFELaoqmY5QmxJsPLUWotbeWBE2doaF01gGIiSD7YhAkrAppYAiQoGbi0jUhsmBk5CNZZVask0gO3GkUyIiBM22bbVszeDMaWqSbRQREa2lwUosbOOCVGqJEiUkFUVEkGmy1jplSpHOnKZ0qqiLyGYVgYBQWK01lB7GsUpRSpvSzVNOkkrtQAkkCCGnQ6iU1hIctZYi2ZaN3KbmjKCWqpCbkSXalKXUGoWCkxq1zjpJEFKkUxClRqiZdILSFCCEVCNKjRJVgTORAiGw0+k0Uu1iysTO9DRO4KmlM6MWgyxEKCIiWzYnuKrgNEzT1KZpmkaFSpQIkU4TopQyttamFqU4HUEpNadsbW0H4Yhq3MapZcvJkJlcJsgpm9MikJ02CmQyFOCIKLWGFBGKKDVCVThbphMjEVG7roSUOFQjaqithykUNLdsXe2KZJkkUY0QhMLYxiYzp3REkYhQqVVGURQCDKEwEAo502CJTLdpXK/HiMh0ZkooQiZULGGEANtCpZQokS2lCClUSkQmxgEQoQibGqQthJw2rlIaN0ooFRHY0BLU2jS1VhRpO6UwxqFQiQghoEZB0eyICJPYuERJZ2stLSCzOZtACre0USiKIqSQW4JCsm0AbCTVEjZ9rc2GrKVma86spRMowhgoUWmtkaWUvtQ0QDOIkEoEtkIg25KwFDJW0uw2NUmlRiiiVMk5NoeiRJSIKM7MltM0AXYD3Fo6JUWEIe1aS0TYzqSEmu3WEEGUUhEkKEtXsdvUnC4likTImUilBFa6lU/7pE9s4TChMJLCaUkRyjR2RBi3NIqiiAgJIWyTmchM2bADRVFXqxSZznSEUQg5JAE0Z0455VQjLHKaCCE3JwawE0UEYWGbbC1looaEoSABVSIIWjNgGwkhgZDkKSWVkC3bk1s2pLSRZYPCbhYluhClFpuWzc4ogkD0tUrUUkCZaTtCbcpxHDKd2QxFktwyDVLYGVaU6EKZmtoUKqVGppmylJgy062WKhQRpRRhhaIEdmbDRIlQjaKqsCwUJbLZblFKkVomtlGJwJhsbVqvJyWqpZQiYSe4RrGUOSmiEEiCqTVZxq01GWzZCbVWyFpqrUUqAaKAiQiIUkKRJkKgZmMHRgSSAjKiAM5EUshW2i1blIiIUotCVSWkKJWwLFANYTARMsiYdDMK0hIpybZo49gyC5JKKUVklNLSbRqKSksbh0IyZCgUai1LyCGFwlCKI91wczrBRWEzTRMmJEC2neM02oZw2qJl5tQkgW0skMg2tbQzRKiUCFeBMUI2RQFuOaWdmRKSEAKFbDAKORMinYmDCHkYpkwrZIMQkqw0inS2NuKQjAF1NUrpENnSArKUUmon3IxN8wSSwI5SBC1zapl2oFBIEpLcGiWi1ioIRxRlOiQRxl0taQSGbGkcRAnSIAwCKZonhCIUskGACAkLtZZ2AlHUpuZMrDZlBrUWgwUNQYkiyaiJEkWlZJvSltScODOdSdotJ6koREQJWvM0TUWyszkxYVEi7WlsBIHSLlK2yWQmOEtE7fsaYWdrbRzX0+golChITrdpxJFMTgOYzJTd0s5GQqiUwEREyyZFlKhR0rTWAAFyWKWUdGZmoJCMhR2qpUSJkEopsgiXKAKLEFKRIqC1hlNCJZwWESVClkrawiWqSoAKkRBBCEWJUkIosqWQaomWdhqByWytgYgiFUVEjZrOKFEIQ4BCrbXMKUo4M1NRS0QRiiiBZBomac6u1tIVISEiJJsQFJXmdKYiSpEiAoFLrbVUKVpr2VrpqhSmRVQrRQ0wqYgakVgookiSUYTTSIGAiJAB14hELU0ASBiAgqIEElgobZNCIakUS5JaTrIDJQ6kIhJCzoigtVSgkAlhulASQQ2VUhRVARYR4MRCNtky3TBRlFmkiFBERGgaJzCJ7VIjFCTYJp1OAzbGIJls04QEAhQqoUClllKKHWCTKGTbJC5RTBoTkc4QVmBJYFkO27aEiaiSldCyFUWEMLJsZzoIi5AiVEoxOJsUEbWUqLWmExRFQJFEKUUSraWzOTNUFQ4JKEXZyNaQ3ZxgLJAimyWHAlsoSsiOCNsloqhEqaWEUC1VoUJI2GQ2TFObpowQinQaIiTLUKNDZDqkbIkIVEolmMbJRmBj2am+60qp2aaQgDCKkp7SrqW2bE6DDSGAFGTWriA501KUEsKAiCihmKZhGMfa1VKFipBCCCxJhIQNApWIKCGMMcZ21hIhQApKrZkpOUqBLKVKihIYFYSEShGNiSYckqISckJSujq1bDmBZaKEJCPZCSFJIIFDoSIaqSxFNk4rJLBUREQEjJ7StkG4uXRkStCULVupKl0FnHamoURRREhRa6AI2VhIEmHbWJLdkAIZEAJFMSkjqSulFEUoVFCRLEWphTTITizhKCqltGZIRUiy0xGZOU2jW0olSmRrFqUEIYwk27aNkNuUoAhhhFu2aWzNLaKoRCiEW2aUkJQtMzNb62czCuHATK1l2ljOtCOiRJSItIFQRATI6WxTy7RdohTJYBuQstQSgBxS2unsasWAQ4oSqkURLdMBCTaQ2VpmSOWTP+WTZFSDCDkTY0dESwcOdZKnZnAtRcLpiECUKBAmAYUKRZJNm1prDVIhSVjYYUUJYxIVFSnTmBIFCUgkWyVsR0RRUUAECkIlQIENSCJJ2yRGYMmZtYQloCqaU5EGoXGa1sPQptZ1xc1EATenWwLYdirklsK2MdhpB2Q2o8QyrbU25dDGbBmKUkJSpiVhpBASCZFqpC0hEBI0tXGwHLVKKgSQ2YxCJKhEwDSlJCBwlKIIpFBECCQTCkl2jq1VRZQwLad0JpLCfd+VUtKNiDalc1LENGbUUGNyC6MICUNIENM0pq0IKVqbSnSWARsDJUkCWWTLqaWESth2y0ZGBNmcNsrmtLEJpBAqIQVS1BpWSCZTRBSkEsJ2tmaEUshYUihCgJImm1KKJFWciWutBpPGxs4kUVSTpAnJgIoiwS1NA4LIdEgCOaKGlaFSSnE6nRFFRWlKlCRD4XQppZYiyUmEFUSUEiIUIUCSIaQoFRKpSES05myTQkI2UokiiBK1lOLMEgEkilBRELIoITlLqTYqCqLUYjtBEbaHbM7WWkOqXYAklRI2OI0AsCQbmlu2kMapZUtoJEIRBdmZtiUiSkS0zFIlldqVqEXCaQUpBIoSESXCJoQtgUIqiohMR4QIGyFsm4jiZpPYTtcSIjCNFgopMKpFRkSSXdfVGpiIKCjdkNKpDOSQs2XLVmstCqE0XV8RoNJVkDMlnAaVErVUQIoSRVHSDimkiAhhWQZFhNK4WVBqxSZoadza1EJ0XYdTIVtICqTSdV0QLRNbERFRo4BRSJQSttvkIoNSggSMA5XaIWUmkG6CKDK01oqEBRgDkEgpwFKRwjbQjJVCUWoYaCoRURAgN0cJlaJsEaEIW8YRJWoh0yQKOwVOcDaT2RRKuwgkKQSiEAQqKokxUQILEVGMSSuopaAEAUYK1RJpc5lFGoVCKAmpSo7ADZAiDXKRLEsKFSBtFEhS0pRkKIiIkFBOSUgoSikIY5k0QgiQiAgb46hFGBtTShikEhF2SqVEtDYpIiIwskHgsKyUlZAQCqQ+qkJpd120bNM0ScJqbZxaqyFJKkWKdMqZ6cRFKlFFZDpCUdQyEaBSa0iJC2FQiKRlIjvTyJnONNhEYACEQrKitSkUpRQMNghASMo2teZaa5FUQiHbgG0RtYbTRhItW7aMLpSUUiwSywjhNAqBSoQsLLBKKSUiimQlctqZrTVFkchMZ+K0waSddoSytcRFIrBxEIRAsqIibAuB7AwsFBGZ6TQRtkGIiJhauqVKKRGQaVdF1GjpYVi3bG5NUuKqWks41VqzqEWKqF2JUkIMw2iBcWYIokZRKRWVCGM5p7BqV0Ky1KapJTUqgqqu9jJTa621iAiFFF1XUJFtspSuZZIAQglOJGyG9Xq5PJLKrOtRyWyI1hJQUSEyp3FspZZaS7ZMA7SW2IYAFCQNuxkICTtt2SqBITNCIgwts7U2tQkMCqSisNI5eVKTQgoDXelqV0utkSQJRAkJYSmIEFjGhEIRREgyOLMoLBKDQJnGThskDARRSgE5k0yiphuSIgQqJUBSphREREQIxnEMKUpJAEuqEVhGBXC2zFKqhJEkFIoICRMlBChFRC2SSldySgQQCkGUgpGFKKUohFMSGJhaQ9RSBOASIeRsikAiMyEsFUmSgmw2UQMr2xQRpRTbgaIUWRGyPU0Tou+7EBjZmVZgSaiUoiJAEREFQJQaAGlkm1ILCmQThbDcpgYYhyJKEZKilHCa1izZaUWNGiVCKp/2qZ9UImzIVKlBUThbllIiAgkZEyFJSHZiSxGlCJfSgTARiijg1iYUpVRJMumMUhRy5tSIUF+7UqJNo0EKKwXYCkkiCm5pprFN0xQRJYQUkDao5YRCTqfcGliSQSqSQ4EcitaIKOuj1cHhAc5aaq0dYUzUYhsyE4iQbKY2pYFUlEwXBSGjlikwZGabEuVsNqu1RkSUIhukkECy0yUikyQFpEIgMl1qKaXablMzihoqYciW2Vq2yelSQ4qIIpVSQ0gGYdOyhVQismVaJRRFaU9TSkQpUaNGjVJsZ0u3TKdEphEgQJDpCKSCAZkmopZozRHU2tltnKacUkKhiFJKAKgoJBlFIDdHUaCQmo0IESVkLNVSWmvT1CSVKKFI7JbZGgqJiCKEQkihiNJac9KyYZUucCjASIEEGJMZpSoUUpsypJYk2dVK2ImDEmFsJ8YygMGym9MoIpwYZ40q01pbjwOm62ZRw2MjKCoKalcjKlhFEaWUGpIlAygCREgijIpI0camUEiAQESSwlEklxDA1CZBREyZOJFKBCDSCYpSSpQSVtQiEJbkBCOhUqpCJeQCKABaJgYhhQIQSSOdjlKwkVs6M2tfhRNH1KjCWJKN0w1QZpJGACpRFGmAtGTbKGQotUQUp7NNblZIIkIIQFKm7UREBCjTma1l1tJFCbCCHJuESohQlJyasSRQgu1aSnTCai3tJkWNOjmxaylOZWaEaq3ONCkps0mUUiUpIkogsKWC7RA4otZanE4nCNEyS1dqFCQQIqKW2pWoUUNEm1IiQhIQKs6WxlIYJCFUokiYNK1NyEItUwkKSUCpFUCJFAqBwEK2sVKIiEjjlmkiRJK25MSttcwmS1apUaJYiqgyrU3TOIEsh6RApWAht6nZlpBCyDaWhEoYORSohlomVikBDOuhtdZaUwTC2LiUSjpxV0qUIiQVpJCmTFkAkkqxE1SLDKQkbIZpbC1LCZvmdKIIULaJBIXAuE3T5CkUtcgQRKnFjdoFVmZmJlgRAJm2FTgiiDQhhaLZbkZE1NYaCtLIESXJIBQ2IbCRJASS08ikMQiQSDsUQirCpBMBQtgOZBsLkVZXKyinbNkMxkLjeqCodqXUcBIlSpS0BcZASCgyM6dW+9J1HWiaMnEtoRIRJYpCchpUa1GEFAI7ESgELe2cWqZbRhQVaq0GLClKBJDNEYootRaMZEWJqKUGdqbTVhKh1mwnIihmCglTVIQTjAvF4WkYW7ZQECHZttNTTmkh0hNYjnRrIlszlFIjQiApShVhLAOKQIrMKdOhkjgCUIlIJ4BRQsi2QKSRE+OWFsgYRwmVKIRFJpJlRFhqUytRANu1lq6rdkoiBMjOzBoyRKBSQ4qoBtmJyTRkIlIqkOksEaVElAiRmZjMFiohnElYKpCZlpw2EKEStc66iCAngxRRJOG0SthKt6qClc7WWjqdlBJ914EybRGS7dZatpZG6dpXWxKZbmQJtWw5TW1KhYSaE+zEdhpJ6SZFqVGjSIqIdDYnIFNCUkhFAts4UInAWARyOoJSayaZabtERCmhQA5Jtmq4mcCYzPUwjGPDBmopoAiFZAirOfvagSSlcxpbBBCZk5DMMI1pB1BApRZQSFKEQBEhbDsQEMqk76sTwliZGUWh0rJhB1KRTSmSuiiaWtqWikKhyExApYSUOG3jUJGdpMCyIkoUKUIyysxSa4RAkGnbQNoexzGbJUmKEFBKSXlcj822bbvWAIVKYEGodLUTZJtaphXYEM5MG1QCDEQpchoZu7WptVaQFAnZphJdrUUSOKF8+qd+SkiZMoQUJdrUBCoBEgmhIKIYO9NyqBCmeRjHdEOEAjvJTJcSpYSB1qbMGlVRIKcpnROKKCXTkxMiAoNtG9lEwRMqTrecZNdaQZlpDCAwJaKUkiDbETISCEWRyFRrKdIIZall1vdSlAAVhW2G1Rqrn9UoXdfXdEYIRYkoNUJKoTSmiLSnaSKz1DrrOopC2KHANgKCMOlSSzrTlChtmhQoKgakkEUa41pLEOCikCil1FqjlAhJIiilYDudbZpac1oSAYTlGmFUImxKlFIKJlTAWOlm2yYkW2QiQSpKjUDKtDMRrbXEtdRau1ILVmaLIFQdVkgGZDKNkKqKlc6WTqdbRg0brFKkKCRjZo1ikXaEBISAbCYkRa1hCWhYrU1TC0l2piWcTSKiWkIOCSFj207jUICliFIlq5QQrbVpaCrqah+KaZrGcaQoHIgSWE4L6LoqxTCMaRwg25p1XamllkDRWiObIiQMaUtyWqLlZC6zIwTKZlu4hWQIBWRC2JlWkZuNLQKMW6YzAUUYpwEFnlprLUVgW1EIk2mciRREZkMCFKVIKrKxnUKCFKEoURQqsq0gIkSUIixEiVpqhJRTa2ND1FqKQlGyNdsqVSjdQhGlYGQAGyGkzGaRtHFKsE1mC6xSFDVzklQUkoSaE1tCyEhupRRQ1GLAKSmbTUiBEEZ2ZtrGOEWUwOA0LZsnEX2tKYQEhsxmEMqpGaLUKEUGY0lytnRzcwIhokQJSZKAQNQSadwSKCEUU05upB2KCDU3SbKntHGJyGa7eUqD7cRhGQMy6TZNmZkRUUqU2oXCykwDEYExabAdSBE2gYxBCNXiTDcDpSiNIkqtYEyJgp02CgekEYLElVCERC1FKo2mhrPZTmOnsZIkI1RLJyEBJomQSslMTClVIUOJMIQopSoC43TablOTpnGcpskCMIQi3YyQyJZ2CXAACBsJ2xGliwppGzAOCSFFqZpawx6nKeQSUUrJ9JSTm7u+a1OO0wTpBKwImZAmp4gaxdhkqDhby+y6aiM1KexURCimqRUVyajYKSmKsDPdsjkoUtpCETjdmmsUFdkOsGzAyswSJVTSGREqhISdOU1TI11KkYQkFDWmcVISCmQyJ7eQogQSzekUIFQjEASALEkRbqkSkoBAUZUQUmuTbUKkQwJKSFKaErV2xVBQGiuFwGCJWiomsylCVnND8uSWTTJGAkUEacAlBGrNdkpOk60JrCQlkBRdiSjTOFkgibAExoZQkbGQTMuUZVtgO7OhcKYDoVICARRJpZAZilJLJplTEApFUQgp7AZRuwoySBkKFZVSpCATCZCy1j6KLIMlVEq2HKepgBSlFgygUMtMNyFJIGFbLRvYJkpElIiSSpsQESVUSikmnE43jCKmbJJapiICIdkmsYQRlK6UrnNrdioiQrIVoSJPGVihKCXElK10RShKiSIpiJDdWlNIEYFCTqMSCkUpxiFJalMq5LRBUWotJUJIksBSLQQlokRRRMm0AQpON0eEccNhCWVmZhNSyFCK5CDTIYwEWCYzI0JJupFIoMjWUEjOZtsKQH1fI4pxttamaT2M42pduiqphKySbcpsUSNKLUJIqiiiqJYSoUyLjCiWItRayiCQnC4RITItyExsI7csXckkszkzwihkIiIzp5zG9UgmiggJbNnYzQDKTCFQkQhEGMtKEShCCDtbthJFCrI1FIlwghRRSumLbWO31gy2Mx1Ro9QiFOk0CGMkKYSdYDubCaLWAEMQinCmydr3EXLa6ZZpKUARIUlSRKmS1JytpVD5lE/5RAjJkrDdHF2ZMrHtxAoRdISxMU4i1KbWsrVMmShFyM7MFoqoYYPdjJ2lq8jOLBFRa0iZmZlBlBJIRSIUIAXQJpdQiehqF6UABjIBk6GI0gVYwlCoqgpEKKJNgy2c2VrXd0VBqJQSEbVW22mXUBsznbV2tZR0i0KgllNIIdlOI2hmas0yaadLVYlKkQ1GskSaUkpEhCKkJKHUIhuFaumQIg0gSIRKKTUKVgOlSw2AkJATGzuzNWOjhGwpOaLKAhskakRmtpZ2S2yEbeGcbEcpgrQlVEqEMEVFQoq0h3GstbNdI6KWcTWM04iYprHr54qQAklIxuDmlq1GmZwtW0glQlGjIMKykpYNu5TADiJKEVYJbEmBikpEEIRplrMlqIQUltvUSolSKkUhCYtQKSLAxoJsdmuOMOl0tiYFkp0tWykF3FpLZ1drRDHOTJuisKk1bHJqSZZQkdIKKUqJCOzMFCQqIWMbRYRNKaRbZokI1RBC6QSwmxMBYKcpQag0ZxvHsY1RanEYgJAgJAtJKqGQ0kYoomUrUSzcJlSm1jKbWyLZGQ4V1VKdzRZyIOxMZ0sgbRJJtmXblBJpMlu2yVBLKaVmWkJRI2SAhIIgU7hEQWBsZwDKbJIMdjodUYRLhExmGkoEZDaihC1n2raU6XQrpYtQQ4JSIlQCMJmZdkiSnTizRI0IG4VaS4Vac7Y0ThvcdZ1U2jQJJ4SIkBSSsAnVUkgnAjDZsk2TQ3YCiiLZiSKMWpvIdCCLiJCKiiJayxKKEti2JGEnklwUiiilGGqtoTCU0iFnMzaAghAQJbBKKCIENqWUQI2UpRBGEZAAGNOmSVItYTCWZBuhEM2G0hURYIVDwm4thQFLCkwiRQk7SYwRxmE3NKvVisRhpmmcsuGIKCgTYwtq7UonWRGKEiWKQmHbRoRCIZTZMgIUtZQiYUvhbFJx5jglzethKDVCgW2ws+v6kMAtQbTWAKMIhYpKBAQ1iiKqnXKJEthpu9nOUgRSkRDGWLUGSDhwIhWcgCIknJZKKJAk2V6tlpmGtI0loyDTRhKAgho17UwjKdRaYkoAkc12llBrpkiiTVMibEOUQMhECaGWmZk4u+hKrYmyjVO2qaVMRGApBBYhoYhAdqYTVKMSstM4DCqkjVsDGWMbKFGiRNpp225tQlFrwUJCFMmWM1smaUkRJd3aZKHJU1GJUGOCKBGhMAhJkhRRQgFkthJVIm27pYGoXSml1FoFU0tMFAWKrvQRETU92a6SFM0tiK4UlQBLyrSdIUslBOm0hYUiRJAtjULCliKi1BoRYTuxLBROG4cQhVAgIQIR4Cg1ncaBkAStGQiwbQEibacUSEVRSslMIQWlFNuZDSMiJAN2jXA6W3NLi2xNQkFRoYRbghQKoSjIZGJZWUqUUiyDsIFSojU3Z0SUKFObsCmB7eYSQiGQJCSUnkJIktSVGhGWhEotNaqKABlIm1qrAEUpJSJsI4UAOQRIIXlsU1HYVhBRcGa2aWqlhBRSJBkl0pYiFGncWhogQVgGyRghZGMmg4RQkhFRSrFdVEotlNKVYqsEmEwT0caRUK21RICyNbulXWsNkVhRI5DACEUptjApk86WdoaKJKcxYAgFEmNrtiKI0DC0bEOptUSBUkpBsieIgChRa1FIEgpJQIkilNmgyFKVkKRQYCguURSyBaQdipDAtp0QLrUAJSJCmS5IpUSEIgBJIUXIljMTh6UQMhLpZocCEzX60imIVJIyhDA4Mo1cakkscKPWiFITAxFBYnAmEFHKp3ziJzhTIVtdKRak2zQKSQrJmRQEaSIiSkk7WypUihQ1JJBFKKLEOI7TOAVSRIQkSFpriWqEFXbaLl2VCIVxG6dMRwkgQhERUTITC9nZTJSuCIKC1JyZLZ2ZLl0JBSHsTAsTURUIwE4RNUIRigCLoDCb9V3tJLU2DesRh2WwFBCGIhERUGqNUvtZVRQh7FCEaFOTSikSQiFSEZ6y5SQFkqRpGpymEKUICMCSJKF0ZmtYnqYJk2kuC5MoIrI1mxIoggjJsiNCyPY0NQJZEQGJ5JYQJUpEZEs3aldCytGpLDW60hF0Xa2lWEREwDhltkkREgG11HTDLqUGheJQGAQRBJIiaolQRMhEwc3IKBSqUQxpS5aIEtk05IhREdncZCSBBKoRKQslKiGVQpKZKkWk05IsJJWIKa1aSkRVnXKSFFIoVEIoIuy01JdOoZZZS9fVYoQdoZZp2VYoJCmiYMuGNJmZTjKiRCnFlsDG2OnWGrKiZE4tE9nNEoootRLYdgobRdoYRUilq9Vya1OgUqqCBiVibBNpZ6ZTDmQpJHVRCAlKSCVqVwRpmqcShSQzBaFQBJKNUNQIM2W2TEmWAmWmbaEoFTCkWynR9dXGzmxTZhoKkbQIgabWprHVLiRaJkg2QGbUUqLUUpHGcayllFrSQKjg1DCsgyIRpZQICUUI4ZTCgC0FgG0kISnbhCSFRdpulkQITIQUgihVRZkpy0U0K8JWRJQSkx3pUmJqLWk1SpSQKCVsIkqglJUM04QdIpOIwGQ6IjBRIhQKFAI5E1k4rVIkQy2CbM5sUrFTRIRCIsBWlBARpUQoIrNlm1pakiRJxqVERAiKSssGsrM1K0xmREjKTGSnMWRiEwpJCNNsSRFRSgiBFThtOzNrFBNOt8yg1K44nekSIgI5kEKZxmqt1VpslVBQogROWw1jikLFSgykQSpky1CEokSdzTpF2Jmo1ChE4tYyTHRRSoGiwKAAK1Ap0XBm2k67KJAFLTNzxBGhiLASpBDCRqASpQTIxiZqBUUJpVtaCglnSkI0O8zqaNlyilKMyNZaG6exq30tpdQuFKVocmtjFilKEIrMRBARCEctYULGUihCttOZxtkQkghJkiypRK2llFokRWCyBCVq4lJDkA1jgxQKisJupEqtAtIgwEYBTqGpmbS6gpPQOIwSAkAKCWwATNLcimrUcDrdpnEqKpYk2WRLkCXbwqGIGl0pSIAUIUlCalOmmxQ1wjjTUaLWQqBQUUDUWmsoaikhRKancUSJgnRIBgEmSlABYZWuKBRR7JyyRSmlCGRwy3GacmwtkyiWBELgzIRAEm4WmbajhFQk4ZRCEekmIj0a0yzVUiSRxmlJSOCQQlIptmspNtM0CiHZjpCkzCx9iBoRgnQqIoRtZxumKaKqCBkUCnBISAKDoBSV0tmWhC0kwqJEoGJbEhARzRYGF4WFRERElFAQMjhtuxQ122lJbUopJAjZzWlJmQZkjEEhSSGRLSmqJRLXUo2nNpF0JWzbmZNrKSCFwJJIiCi1CGzbBtkIh8OywlO6ICFjN6sgFWdGlBKBKIoopStFRLYmh0pIESVskS1KTG0MyaaUWiK6WV/7DmdESYMdpZYQxqRcIEnslMKC5sQWNUpzAihKVzBpItSwBAoZRQkpSglEGKRAlBJJiDQI2aZ0NYhpHG2XWmotOBTO1kBdjSmNE7CxEqlGRUrSbq25hAAJoea0EwQCK0LCRlFCiSVQSApjAGQcUpRI27Zty0VFEdHXkMjEEALGNiFkGZeqEgEiE0dI0dVAdjpzcrY0WFEiJFM+49M+RYFVp3GASGebWkQoQkbCipxMqCqMFXI6SpQopXSlFEXYnoaxREkQIaFSIgRkNkSoZJtsBArZ1JBQEMDYplqqIlAIIaY2OW0ZBXattZbqdDpzSmOhIklkZpumnJqEFIZAqmSDkFDgRGCQoGUW1YjiTCyT2VooaqlBqNQQhoSqkABLiKIijJUYokCkmy1Ea2nkoGWz5bTtzNamVmsg3NKZma6lAzc3mowJFyJqRETm5DRS1CgRthMDNaplWZKa005jmwhJUgjhRBhbRTaSsRVFAemxTS3tlpNbqGQ6CMuBDCWiltrXHsBhN+OIEkRThkOFKNFaRoQiSkROKTmTcRpBESqlhMrURkQpRZJClrLZck4pgWRITzYFolSTEkLZMmRJiZ0pkdmgIKY2RQQWIFEkSWkLSpRUuE1SiZBCJYoI4WEcMq2C09M0NbvvqgoGKQQRiEBgJEJRSiEiMIpMSikmW5uMkSWVUp2TRTgQESVqlAiFJIElKVRKZGtCtdQoEQFplVJrscnMUKCGVSIMRioqpUaUiJCwnLYIiGZP0ziObTabCU1tooYsAAlnSLWrAkJRIkBSKQVAjiglioVAEEhWRIQ8TRkKgZ3GpVQsY7eMUNTOaVCRUrRGVIpKWmGPOWa6drUoMKWUkATGte9KiWlqEUQJW3aikN1sMm0UGNKuNUopEYEgyZYStZYSIRRS7SrGTimczkyDAIyZWguRU7Oz1N5GKGqttWCnkcjMvu9VCoaUZEoR7mqRJBWVUq3mRijtNk45TZQSRVJkIoEAyU0RzmytWQQRNWyciZEQSme2FiE7wSATrbUoBYxzamnbloIUxm4tJBuVaqSgULAjotRIk5mBIsJiHIfMVAhCAgkpJBmVsKlFEVJYVkQx6bSCKOHMzCaFQgbsiMhMoHa9IG0suwmlnaQbpaugtGWPbQo0OY0gszWEQTinFqUU1egiQlEiFEC6KURz2tGFAMtYUEsXNYwyU0aKiECKCJuIopCnaWqTQ0WBiCKbzIQsEYDdsqWDUBgFCZJinMbMFhG1dIBKtHFSqO9q1BIRgQgpQ8VS2BlBmmzZ2hhRohRZU05RStpK0g5JUUqolFK7jgQkyAa2cZpsLY1NKTUUFtjT1IxLp672MqXiSekmhcDS2BpOI4HCICkMXa2qNWwZY+HadxFFCmOSKVMKAYFUBMItbZAUIQw4M0kUgMJuZEQJIQnInBJJNkZRAtKlFEkG07pS02CRTkvKUmsEwzBMCZmAkawApAhs21h2QqqUMJII1HJqLYVKUTZsQihVu4hahGopiCBsK9RaUhUhSWDZzalA0jhNQpAGFAJJgAzSNE7TNHW1lAiIzKllmhBCNo6QwEIKSKBEIJUSETWdOTXbKcke2xRSWoWIiEaGg1JUVFQaJrOlnRkRCIlxPUBiUKgQlkLDMJRaQoFMQqhG1NIZSzIhSBucToNsAzC1ETtKKbW2NoGmaRqHkZAkYwlwa4nblMg5jWlbipxGGUlpSyolIFQjFMJIdkapQkIUd10XkjOlMA4QQpFu0zSJwFlrlcJ2SBHVtBIlnc2NdNTemVNryFCS7GvNTFoaQmE7M0FIUUraXa0RuMkkISKwQ5qcVcUiW0oCGUhnNnBOmc4ope+qRKbHaQJ3tUtnRM2WaStEBLYhTYlSomYmkE4nxs4kCCudYINSxk4kRRRJSKUIk06Ep6YIlXDm1Nq0HqecaqmEM8HZpkZKEbgJKcK2pBBOEoNBAZJIFJIKeGopsHNqLooItczWJjlUQiIzM1tVKbWC0wa3lk5DiMzQrNTRSZoSbiazK7UUSRLScv8CRMsp00VSFBUN67ErJbFtIQulKaUEWC0zQiG1TFuSyTQqfVHSMiGKckpjFEKhQBakE+PMlEJCYKGEII1sEBKyU5ZtilyipI0IIjPT6cyoFTNOQzYkhZzpUksookiluGXDBdkKudkYk5gIZVqm1GLbCDtJ26GICNsK5ZQSBKSmNmVmUdS+gtJuOWFAGIWEI0rLJinTgQiwkNvYqKWCTTojopaanjKJUCha5tiGcCk1ogRWywaSsBNUoihoY6PENE211BJyy1SUojY2QYPAiBSlKclmFwVialNRmLRdoqu1DONYulrQOE2SZvMZyTSOE1kihDKbLOSQppxq6dbrYRjHvpuVTiCVkO2WRghRSmiyA9vZ9bNpatnGli6o9jVbZmZEpLEciijylA67yTgAUWtnnJkYSeM0FhWLAINxtuaklKIQ0jRNNaIUrYcxVCIkyVKYKTM9Od3X3iJqCQFyOjPTZJu6rkvsqZVaIBTO5tay67rWpnQKRSkBEA7LbpnT1IoiSmCX0rVsmVkiWjaIiMwEUEgSkjMxAgssyU4iZAxhkNvQXEMqEZmTjSUxTU2SQFWyMrPUEiotW1eipaBJxbhIabdstVSkzJY2mU5qLcatOQQhZxKlhoTGqZWAEiTDOEaUkDOz67vWoKWDUiKnTCBTYUUJRJGS1lIRJjFph6JEtGwhNRtbJYok1GxshELhSFKItEMBabI1nESJkCTAmYlFGIdIuyhaa4oopbapmQxkEsJOS5KCaLZzkmS767vWMqemEBARQkmCMIYSshNJprVMU0JGmRNGAtVQi9JDSzusBONQ5DSplhqRBmjT6JDsTEepZEYtNWLMhq1SGRukFc1TX3uJaWqSSA/TkEaKvta0I1RKMRqHoZaYWrNdSrTmUhSqprnZEnIosIlwJjgiMA6FUSghUGtNJYo0NRegME2tjakiYRCmlIiIsbVhuezn8xrFQTZbLsZF2VJICCmdgZoTWwpDhCRKqUqam41CzpYtU4RCCDJK59ZUFIq0sZsnZRgDxiKiCItspe+cbmNTBEGpNYSnTJxTEi5REqZpkiQpIoRxZE4WJQoqcjaSpJRw2gBpnFNGBNgKjEKS7KxR7Wy2jEo4k0xLgO1SSoSmqUUppE06RVCg2W1qUSu4tawRYxuxaleLwmCnSqjl1FJFRdVulChRsqVbUpAip4aQIt1whNwygRJhkXZgrIhCME2ThAhJ2M0ZIhwuCoUtuynk5swGrn3vhoI0IbeGnZIkSBpZokTVuJ6K5LCNIKKilHGEm9NNWFElhYTsya21xKUUwFhmHEeiiJSQhSJKuLWxtagljKQoVdCyBU7AJWrYiR0RmQnCVgQSbgAWwhZhGVmOpJE4IiJiyhYKMqfWjEsUwAYSR9JqqS3TuJQIAkhSDtsSgEJYgnQiMHaGglCanFoUdbXLzExLGE/jVGshQgjbkC1ba6VWBSS0VFec0zC2KAqVIkUUhJ0tMxCE5RLRsrlldEUSLU0401IIG0kSkqZxAqIrMpmEcmwTVikhNIzDOGVfazebhTIbRs5GRAkJIUAtJwCMbQdCJgrZHCXSlh3RtZymnPraS2TmemxdIAUK2yJLqetpDBXZ6SxRLISFDKVEJjhbuqulYTWP2SSViFBBxk6njA0RYJUIIEllNqLIRki4GXKKCEUM6yFCXd9ZgVtOBimEjANapkIa29iauxqlVOTWLEsyCvDUspYApy0kCZtQIdbTgCkqLVvXd5LAQJsaRVhCBuckKaI600ogHBYSFkpJmrJFKBA401GLmxVIkZmSMMitNRyIzAaUIhtwJlFKiZCU6XEagmLStkAqUSOnVkoIEaTJTEEpxXbLVqJ2XWkt3bJ82qd9koJszkxKkXCzBCVwGgNIRWFJdsuMIkym7QRspxPJadvjNCFEpB0RIJPYwlKZ2jiOTVKJIBRSJiYVEQShqY0YBa0NmQQm5DS4KAySJKXt1tIpRd/XWktElFJKRJQqIaQipa3AmWk3ooJDgTKnzFKLoqgoFAJbQkhINoAUmZONJJUqFIUS1RJYRqivXUSJUEiSJCSViK4rNumkeXTraomIiCglSgQhFOASMjJZS+1KMbTm1rLWKgCCoogQ2UhnQUYhSRERoSI5sXEAQaCWOLPrehthG0lRVKIiCbV0hGqNiEKEoE3N2IJMGSkiosklglpLKS0T1M/6ru9shUJWZhqKAlfTUAoZZFQiQk4s11IktWxIIgxdFMBp27VUIcgEhUBtahEhFQSyFILMZhSEQqFA2J6mqUbU2kWUUHGAIYRFqCsVqZaiIkNm2pkJThTYUWqJECCJQG4NhQQK0hYoQnYKkmkcMx2hUITUnMa25Wx2umVmKQFEaBxTotbidDZna9kSK8mI0qbBQohwIANTs1JghdIWSF0pEaXWQmKnFKGQEECk0rYiaA0rPRmFQsjYiAQxtoaFrCjGoAhJAZawcAMoUoQA29kSRSlFWFIgkyJUwwYUKont1lpKCgQYm4wotVbMOE1uGSVsS0QUzDQ1FRVFmkZiptYU1AhHYJxpm2aHbDlTcpQgsQlpcmYbjUI4EBE1SkSUwAiiBGSJUNRSFKFxnAJUSldqywSKFEUhZBFFRiUiIkJRImTApCJKhFF6ChUwigiEsJtbiTBym4CICIWNUEigqU0K0VIRMg4B6STJ1hzIJoRElBAliFIVDsmotTGkyQ5Taqmllq44nc5QqBCSMbaiIBQliIkmW5JRKFpzZislSgkbOS1J0VoDlZAkQJLBojUTqqUQkS0VSJKESRRRTAupRIlQROn6TiG3VkJpcCIyExDGpLOWGgpEOsEgIBTOTCgRUYokKUKKiCCiyBLOIFwyQqGwm5O0oUUURbETuZZOiGxJQgTYhJTTNI5Dc9aIKNHSOCVJtsOgUrAldX0JZKdQ2jZTGy3CiggLy55AiYptRWBam0JSOCSQcYRCkghR+1lXa0RIQkaSDUQJhUIhKW0BmVJYRmAjCalEDUmShAARIcC2RTgzJUKhiFCAFFGilnBKTguhFBJ2CEDKqSkEYNsohCgKW44k05Bp2UQY2yq1WIiwbTdnijBgF4WR0802LhFSQRSplGpniSilKyUUMbVWSlAIhMBESKF0SkSUbLYyW8tpzOZSKgLbJHaEJdlGhEJCEBGINjUJBbZU5JatJbh2XYmwLaESVQVRS1GJooIkG9s4iCRlGdJgQliSQqg5ZRFCBFJIaSPbtpFsAsCZZCYIAw4ZLNMgStiupUYoCBkE8tQy25RNEVG6aFMzKUIiFCISS1YpkK01WXZKIVu11FpksBOLooiAKAEyns/62lVwSzJbRCmh1pqVaSvwlAShAAUhSRAlJKVtCFCpCpEJhAJJJkJRaqhEESiz2fS1lFIIgZ3NZGtOZ+26NjUnUUJy2k6QREI4W2LhJNMKyQrsCGdLQwinRtxFCUlhKaLIKSRBa9lsTES4yZkKCdpkIAiFJNeuKxGSEEK2o0RECCUpqZYqCWeJSkiCtMlSSiml1kCybbdMIiIiwpIgkBVAKSViag0jhGS7lOKUIEqUCCVpj1MLyViBbWybCBHRstEUVaVEUYlSwEGJWmoUDDaoTVMpUUsZpyYctfZdFxHIFhZBpBuJs0lRu+LmKGGYxpZu5VM/6RMzLQIUIdvIKuG0iBIh2SYiFBZCiigYBZKlUIRQOm0rIlsqggJkhAQIDFFam7BKKaXKUkjT1CRIpQ1u2WqIiGwNq9aqEMYgkcjZQgCNRppU1FJKAFJIcpBOTISMSEoRBqMiEaULLEtBGNuQaSeSAWTSmbZaNqDUoggpIiJCKmHbdkg2SIkNsoyMJWW6hKSwVEoJsjVqrdjGmQYBCmQUISOKIgyQoSi11FIksBTCtNZapnDizFZqkXDS0okD2caohKIIJ5moBFGEkJDUGn0tVmS2IGzsxJmZtpHAoUByZpQgw3Ibm1C27LtOUWVaa0BmGkdgO+WQUJQogVygeXIrilKKRKbTDindMLWvEcW2pVCEsCIgImym1iJK4MyUAhsRKgopCMKkFLaxa+kIqZQI2STGdtqkE0Qh0mnkNDYGSYIkUOKWGaWInFqGwumWLaIUyTKWwMnkBg6hKEhYikJma63ZpchpRFGJEkDmBDKyXaSoJUpEjVCAIwrCRkSUkOSgqkgIJZmZglK7EkzOCNUISRIWUozjKBSEWybUrkKEcGZm1lKB5gxAkkAqRaESEW1qOY2IbM7EZC01IhCYCI1TCzlKsTPTSLZLVVEBgxUBILJNMqUrgTITu0QBpU1ryEGRkGTccmhOIVvpFhSUQUia2hSEpJa2NI0jzogwKQmKcQRGUilF0zQ5E4WcNkhh0lbI6UxLJBagCEpEpJulGsXCUhpsBxJtSoAgWwtCpVAUilJC0DJLBIEU4CmzAIqIkCJgymYUgZ0JYSxLRgJjRYRRASQyo6ukSRNBuihKDdsQgCgWTtsIiuRAUUpXnAhHCSKUShAoSqlRS+AMhbgsSoiWaSOkEkqajbENlqJGWKqlI2jZMtN2SH1XFYE8TY1UiaJARAmVEpkG2tjWwxoSh50moxRZXCGiKkpkEgoFUQo401jCEUIhCSeWJEVISEFY4HTL1jJDEQqhdI7ZnKkQSCqZU0RkswFbCHBmhNLObM0URdcVVDOnbFlqpN1aNjdZCBvA6UxLApWIzElJqcXGAnBrURSlk51yRICczSYTY+OCDGnAEIHsVAklhhpBIBRCCiRokoQSR6iUmk5DLTWCbM0gZOGWLbOWEiUE4zRlukSkjTVNrZQiWyGgZWIiikmpGNIOkUaEpCSzZWZmZogS0Wwr3Zw4IrCjSASmhEF2SkjyhIqkQNhuTiEpgiSKQIoIGRlLxdhuokSRiBAmSglJklo6p1FE11cjwtiGiGJaa4lsaK0JGVSiRMGyEwMkmc2Y5iRtt5YWilB0XQkhIRvJAJnpUJGSFkiKbE0KSUoTSIQsZOwEWQSZaZcQVgkphAOcU1MQgadMbOQ0toJCRBG2CEXIKSmzSQhJshxSWoJaSz/rEc6ENIoAY3C2EgHk1JzuulnXlSjR2pioRMlszSkLqdZSSiklBJiIKNHZOU6TkhQC5FLChnSaNmWJgt2X2qSxjYWgBC2lCEkIZFCo1mq7uRkVqZSiIoyCTJwpYSkUdiqqFKWUKGE7bZMgEkJC2CicKUXXVScts4SQJAeYkCJKIBTK1uwU2LIkW1JrXo9DlMAupWBlNiQwgkKNIpWWbUqHokRIslMKARDCElaEjIWsiMBO20YKleiQsTAqmlpObSylKGi2MyPCzoQaMg4cIUWVUVFICimwiZBRuhlHCay0Q4GFHRHYbm5upRQgsRAEskwzwooiYQAp6LpaagmESCwbBXiaGoawIkopkiY3N6cTqUSUT/u0Ty4KQ6mEZGynLQUOBeGQErAUAhVlNoVsi0Dh1owUEaV0XZWELQQqCoMdUYvwlBkouhpRhKbWMhOhULMlRUSJghSIEiWKFDilmFoWWdI4paGiUkuCpYCWSaJAxqQwCGNAxhjAiDa1xCER4TRgZwpMhKQASyoR4KJibBRSkkIh2uRpHB2KCPA0jlJIIaUs7Np1LdvRaunmEsURJUKgUERJZyCgNUsRigwKWJLI5iilRrTJSUaESbdUDSAUtXQRJAoJnHakLQlKRJRIjI1xNqSu6zGYacqoUUqJUIkSJVobcSZ2UqKEJMCSELJB2LRsxrXrBOlElhVRIhRIipYuEVIJ2bZCQplJojSSoqRbG1ut/TiNxjKJIygKQEaECk6P0xRWrWVsTaKWQlGmMxMkhYQUkqKolppyiQCmaXDLbKlQCRmcdmIhhImIEmESG8KyQQIBZNoiBIRkbFvQ0tkSYWeGSvMkRYmgCKdNrSWiVFWViJAzJRlCUWsnQoIoAiQsBXJIctq4lII9Ti1KiVKwmhKFM93c9WELECDZSQjUWpvGsZRIAFwQAQZhW5gWEYVwWhGllloCBTjTCBspMu1s05RRiu2QUgTCRAkpIiKxEJKTBECKCEXICbKiRARuaUUIomUrtmrt+j7C4ziFJOGmWgqKnFriEFJR4MSgEChCpUStpXZ9KeGUbURmCqlK2LblUrrMnKYpIhCEAIUEklQihBOTUTtFtmmyrSBUTQtDADLKbJKEbBKsxAZCBRSgCKnYBgO2JUARYSMpIiTZKCBkO5trX8OaPCkxKUW2pEQRSEgSU9oQCFtgQGkTUWotEUopLMCN1qYogRXCkpsplJAotqZxjCIIJOG0cURYIhDGhpAUQsgtbRyhzMyWRrUEoVoqEdmMLBUFKACFMtOBbRByoJbOzFoLEdiK0nJoU4bVnCWKbURIIEWUiNIFCjBICGGnJDvd0raklplphUJCUjBlKhUlIiJKAC1bqIRiahOmlChdzczWGpJU+q7285ltiXSWUhVKu5ToSicpnQaFbNVaIkKyDVKppUZp2QxgbFEiiAgMiYShRlEECpCFFGBDIIlSQgqEsbEAJAnb2GkrrGyZGLtFlAhhgKk1SWCFQECUyLSdslQcitLVWkqzJStkM3lyEgqF25gKpRO71IoVQiFSUUMRzjRYgG1nuu9rLVWERbapNSsCIlAibIJslhRCRDqdaTlKiIKxmyRJ4jLbNiCIogSw5QhB2EmUruuQ3DKhlFJKkWQcUbBBJYqEDWkbySU0ZY7D5DaBEEUCyZgspUSEWyY4k0yZljY2zSnAaTcyU0USkhSBkCKiWExtEiBJpCwp0xFRVBQCg51WjcxsLRVRaw0pIgzIEZG2bICoAUSR1KamUClVJgTGBmyMURRJQhIgAmyjqbUSYRwRCeAQEpnObMglouEpB48tlem0BcqcsqWKqpRJKJAUgSSkItLGzdgWlFJCNCwVDJDZ7MRCtGlyAzmiSBrHMbPZxhlR0gYjSRGSDFKIqTWhrvZChEIhycpQRIkSRVKmFVGigASKKrLUko1SaoSKApyZxqUIxdQaOBQlSlc7hey0CcmW010pCVNOmamigtKkwNhpZFuWI4qEbVuScWKbUkoIpxVy83pcT20sEZKcrrUIKaWQFKEC2DYYpJCIUtxs05ytNYMk1ZACqUYpJcAYY4XSnqYpbQWlxDhObWql1CgydhonNpKFjZ0tM1SQUGRmGAMhLMmGEqWWCEU6QWm3aaq1YMqnfdqnIEu0JBNQKNxSYafAZKJAAQY5c8rmNDahCAGSbUKyFYhAUoQkYSPkxMhSqKikE1xUVBQKpyUiAtxyaulaSy1lmsZhPWbS2uQ2KbqICOFM1VAICIgIhINoaQFRLEtkTm1qk9MpFEIm7UIhVCOiACqlCClIIyhREcIQKgIHOFsaSbVWhRKwgHRKiogSAqSCkACE0iCKJNGcpYQgIiJKtmzZACmELSRkueDWpiknGsJGOCIQzinT0QUOyS3dWmIbSok0EUWkG0i1dmAhEABuzlpCIluWCGdOrRm62gVypIgoZb1eh4KQIUoowI4IqTQyJ9uJ7DQg5DBWLYGwSZoTwEnzFLUghW1bEVaGAgFyThBIBmzCuFhEkSJsIogoBHKJILNFSCFQhDJTFqIoptbSJm1cS5VCoVABKywLAS4lkCSQ0kQECBESinQW2USpEtHALa0iqUYYjCUJQlEiEGCBkE3UaM1kIkUIo4gokogSLbNNYzoFipJucjibgZDtcZrApKKGTCFKqRFhIluT6GoFW8iSlJmlRC01W0apfS12tqnZRBARSIEoKjWMSxSVsJ3TZCgRXdcJIxSUKLajFISNhKIIRWCjdNRapGEaFaHMzASckqSIEqVEGEoU0kmGIp2SJOQCWAYUKrVka4gaXRAmMUhSRERE2LYtZHDLEAChIiGyZWtNhKS+lrRJl9oFYGEkpkyEFLJNBgWnbBMRWBHYJmrYNlISJZCcJgqZsoRsWyAsdRHYli2FBEKEij3KpMlMwKZECZCUEIggCAMhCWeLUmRZhJS2JHCbRqMoUVQVKEpXSilqra1X65AiSssJlGlAIltDhDS1KRFyc4LslAQS2A4FaSlappVBTNlwpmUQztas0teun3UEoci006VQrAwVRIhs6Qxw2pkSfdcl2K0rVRE5TZLtzCRqOBnHKaSWk0pkIwQhMFZmGjITUkEmNkgtJ6kYJEottXSGbM3pAHAIm4jSWpORHCVqqVFLCaXJTKEIhTAi29TspESEsJuK7BCk02kCoTAIYBqbcYkiKRPAzlqrIkpEOp0JkhwqhojAzUmpkVMrEVGLICTbbs5wgNPpzDSSASPItERrKalEsRMLIoKWLkXgKQ0oE6QIu2GBai0iVBBRpKm1EoEkKCUEbWrgQIoSIaGIQKEgSkghoKiWKBRFtCkVUUsYIbBtE6olJFA40yBTapHCTkUUyZYiJNlJCQOZrY1taAqXWiJKRKTSU4ZUa2drGidCpRSJzKm1CSmQ06WUsAhKKUQgRUgOpLTBacuSJBkiwhFFELUY52RsRUhSKBQIkMgIaqlCwzRmpsFYCrAiIsJGtjOxMzFRQyhIENhtagYFBpkpEwgEWUpRhCTShlC0bLYlIJCnsUmRNs6pTYWYMtNZQlOmQZKEQbaiClQURMt0Zo1Su3BETuM0tVpCKuBQkcLGNjCth2FqMi1t29kUAcJZSy0CBSGM7ZBKqQps2jQVSUVAa+l0KCSwqVGkKVPYdmbWrsMGgUsIlKY5a+1AzoYUEUC6RShbSigUUZQokJTNoZBEESDhNIDsxM5QSZAyxTQZu5TIdGtNKjIRqqWUWhUkhBRRSinZMmRFmVqzEdRSDMbplAgJQG7ZQiGTWCIiABfCKgqkxGlnaxJCtXahmDJDESGVSON0REggCQUYwMZVRUUtW2tNEFFKiSAEgRpOI9tS2pJCSKGIUDgJIkoo5Ewg7YgghAkpszktIoqcgowIg6VCYANRokSxoo1TS0cJ4YgaUSyXT/vkTwQ7ldkAKShIMkiAwChDwqQdJWoUQFJESIooNQqhaRjsRMbGTJOzNUO2TJBUimwRCFpaISFJ4jIbUyQZhYA2TgBkidL1czB2SCjCAiICkzgURUil2YqQAmez7RaKrutCUOSk9tUhCTLTQkiBjRSEQsIiDJIEQuDWJkklQop0hpS2nBFFFnKUWiLSRkhFUoRKlBLFJClACFOjIFqmFFHUhrHZgVsaLJS2impUtyRco0xpoVJqKBRSCCKcaUKUWouq08iGUqSowqA2jYoAVAqZIWGciUJIRREhE7XIGsextexKpyKMAjeDAVvZRqQSSAIhSsh2KCAJhclMT0QXIDuLVWu1c3ILglBOU6k1iBKSIk1whVoaMiIiIiQLkA0JMti2CJBEy2ytgaUwArBLLaV0iHQ6BVYQUUJqdq1FisQRgSlFRQWwHaVUEdCsSjQMwqmqIAQEmRDCqIRKaZlKlwipNLtEActARGATUinFydRGO9vU3DKiRi3ODORQFJUogcARxVBKDYUCTARRgsy0IgREFFktRyyFSimKcEuVxCWwInBmJlZRpAiqcGtpnJk0U1VrNenMZiJCilKKhDGpKBhlpuQ0GBWBhCIUERImAiGwjWxjDCIoCskCCxPYtiJAGEOJkB2KJBUqIZXIhp2ZNmkjZIydGJR2QQ1KKdM4RqldVyGcDpW+rwqNw+hI7MyMKBGSaWmQQp5as2spEaVUtWa3hACBI6KogCxXhUpgC2yEM1OQTmwjYSuKlHZmI+U0zigyGEkyhAJwphWlFIWEsBGtNaejVJCzlRKBWjozbaE0LiXa5GmasFbroahYmc2tTYYaEUURXSgMAluCYhMhEUgi2xRRIpQmQmmHAQskAZkNY7ci1VozE9MyhSwys6UFhmlqzcZECZuUpailWiFZUZCmbIWI0kmWSlTV2k05OVMRgRLbYKbWQopSAowwArAza9cBMkISbm5tUgg7SkQpxlNL0hHFyHKaiCIkyWlJtUbL5pZ2wyHZoEI2G9nOZtslSkQIhCwDRtCkSOfUppZZuwrFtky6TVOTSGdEbTmGw9iWkCVhRWBLsnOaWrO7ElI4TWaUKIrEUpQaUoSiRIlAgaxhHIwlWmtdX4MQSJFYApAUIUkYBRAmU3hM5GwtIkLhtKLUvkOWQCGTNgIkO1sCERJhlNjZuKxlc1oQUWqtmVbIdsvEjogSASBsnCg0takoMhM7RJGmli0nrFqKIpQUKZsVst2mRmbpSo0ChIpBEdgtW4lqUshmmsaQIgoClVJVokoYOxMUCinsVCmGIGopjoggCIRN2jm1tHFEhEpEFEwpUWsVUUKSFCGRmav12i0jVGsRtNYQEQpFZms5takJiFAgS0E2I4qK5NZSGIl0a1YoSmAjC9mW1NWOy0qJUjuFgDCWhBPIRhFpREhTNqCrtYhxbA6AEE5bmeaK2pXadYJaa+1qUYkSTiRFjYiiKJkTJgREiKhFIjMjVErJtOVQkQSepimh1hIKLONQ2KAIpEKJQoSbEUJRI0JYEbKd2RQlJCtkbJx2OJtTDRyScGvUosxszc2TU12NKBLIspAVgSJkgFIipFIlyTZYBImEcViWu64mhI2IWkPhzIgotQvJslTARUGJdKbTSYlIUgmWUShwkiohrNrX2lVnRoQkp2WJBIwzHQpCgZBsCqCiQMi4dn0pYTOO67QJyLQzugqOCKFSSoQioiiMFI4oQGZTlBIhSSp2WlFK6Wpp6Wkc00QJSQJIG5OkSwQRsp2TISJqKRElwKh8+qd+MoZ0KRElIiRkRUghYUoookqEZKmWQAEGZ7plM7KYpvFo7xBRarUQUQKLrnQtm3FE0DCZLQFBSABI0GxwiSopSghlutba1S5KKaVkm0B2MzIktiwFkjDIXJaWZBIgsV1rIQKMDVJm2EgW6SyShKEoQE5PmTm1kCIi02CADEkijLGRJFQiFCZtSoRKQWaynQplppMIKUK14JZTQxghhyghTOlCSJLTaROiIcsSNFJGCpcopQS2CBUkYVBElCgYRygiDG4EjNOIbYHJ1qRsaUCS004rsImQjZNSImppY0aotSlbs92y1RIqJZvBNUopNVDaThNqLWsJo1AxJJQaoDaNOTVqdP1sWA1tSBVJDiJqZFpSqCiUzZYTkS1UTeaUAGmncUpggUEoAGxhoVqLAhTgCEWUTONsLdMZEaUUW2BRbAtLst1aa2DZ6a4L281JImnKlBU1AoUk2ZkggEyBFLiN0xgRigIpKZ04EU4rAohSEaRtxmFQlH7WdbUIqUSiNk0ChYxFhJBRhFBgIwOSkCIUmqbWcsq0EhUhkGzShgAkSkSpNVSSbDaAPI1Tpm2cSajWGpCNlnbLrkbA5AwCVIpsYYNsNxxWpiGnlpJIG5UogLBCBhIkK2WTZJuyJVEihCRBGtkQUksrAowRyrSdLVu2VqJAuDWFAqTAaRSmuWHbLn2niJwmkwqJpEQbW2IBCkEphURFUpQIIcttbArGYWitYRmkTFuWAVkSpmUjEztNVyuBFJbdUgrJINvOBEFGCKEIRRWSs2XaGIQxoSKwEYCEWraQSglsm1JK2hESjiJJUgDZcj2ua5Su1qhRIhQRUQwRxYhmh3NKpChBOBSSQbZapu2IiFJKqKWB6CJUS1FRRBTVCAgVE1NL2zhthwLbTjcroqCGS0iSCIVrKbV06RRWOiLAEZFGJmpgpmmSIiIUKgqFJAHpFNQoJaSQIVRUhJEiEJJkUaZsma1ElYgI0lGL5FBp2SQ5M00h0wlOVLCRItrUJBOBBDZJYlC4KEopAoVKFIRDtVRJ2aZQIImIKIGFJELKbOOUJFGLHJkTiaqcGaESRcjpFCEZj8MkiEKoQBBGoEhM2hCEySgB2AkREREREdmQPKzGltnVWkoYlwhJitKVGgQC4WYpAkctKjWsBINBON0UUaKYHIfJWCQ2csuUjUpr09SmbK3UGjUk0dK2yTRAlACc0NJYimbbKUXLxISQhCMi5FSpkkoUYdvOxNit2VEiQk6rADidLUMRRQoJACEJm+aJRulKiZhaCksiEQkKhIScaYOIUiOIzKYwAmQb09xkVKKIiLCQQURRUQEMFjImnS4RIhSqtUYUhCQkySgUCmGnVPquhIpFpktEhCKKApCCWroSpFMQREIpBQVOhSTZjlJCRVJgBAoZCRubzJQptbObbZCkTAjVUmoUzJApS7JwieKUAhrrYT2rnUoR2IQUpZDkNBlKkSKwjFubZEWEJESERCiwExQlagTImS3barUex7HWLqqEDKGC3WhCNhFglSIJGxGlhBMJY0mS7BQKYwSoFDAYKCX6WksEhO2W2TJDEhIYS1EiLJypUrLZ2dJSSMI2dgoJkLAiikLCFqQiCrRMmiOICDtltWwhhAy2CUlIQpnNClomEIQbiCBwGhGACEClROISgUlb2AbRGibDtNYkuWXLjChCEipFxiZAEYCnjBBBpiOq7TRSFLA1NUoYIopCAqlGichwGloKiYgip1AQpBUgSYBQBGAhUz790z8ZwlgKW3ZD0FKlhDCoRC3VYhwnOzPVcjKk7ebMDEmkU11f+9kiFDXCptZSozS3KKXWzsZpKVQUoVKrYEqHbBAWilKcmUZRwk6QUITNalpHRCllmiaJUiJUlTYuUTJTRBQFIiSUmVHCdkiZqYiQjKc2ZRARckgyGOXUJLU2rtfr0lUhBCjJUqrAUEo4bVxKhzS2iWbI1lLSlClnEOpDlkpgKIGMTWuiEEQUUCYtTTqdrSEZSkQYnBmhKEFBCiS3zGzZVEo0a2qTZNsgABESzaVWgyBtgUJRkYqKCpoyS5QoBTkUpmVLTDox2VpmC9XSxTRNiqi1i1KF7ASiCCxhBc60E3KaWjZJCMmgzMRM2WyiKKJM09gyu66WohKdIrBtohSZxMJd34FJFGqt4VQQEapFIRtIRS0K2WM2OW1qqVM2JyGkQpLpzAZ0pRpnOtOZaWcJJZ5aiwgwUBQlInFOU2sOCQApZJl0y4S0hWRTJEVEqaZlZokSIUM6Q5FuoSIxZXM6VKLgTEOpRaEqRSiNbdmZjhrCU7OxMSYkQrISO3Max9VqHUUlorUsUboaCQpxWdoRChRFFlWRIVmSkdxaqQVTIhyqhYhCKFs6nQYbbLBlQEkSEsgWZEjCEinX2qVTyLbwOE2ZTRFSGacB3HU1061NDgxRalcDCIVgclOUgOaUUYSNMQIZgxQRUUpXq8KZCYESFSG7IYUCEOQ0TW5YWHZO0xQRUoBUotZOwrhEiSgmjSNkMzWnW6iUGrIEpJFsZ5umqQlMIIUkxZSTDZZsMJCJsG2LsCyVWkoJqQRKDApHKRFFpXQRMWXLTIJSwsYoFNEVHJYRKiUARYmIUqOGUtjIoagl6qwLhYVCtXal1lJCaZSZRlYpskI2as3pDMl2lDqrFcfkpE2llqIwlsIhLLCTUkopRSJCRGSbLJUSNtgRpWFBlAjUnFKkKZiQ05YUpA2EQpKzIVpm4ghVFaM0SLUEFKBlRgSQ2YRAxopIpwDJmLTDtRQjGUrYpAkEql2NkEIKRRTsBEVky8yMUNd3QiCFWnMJKcIp2yIi1JpR4sBWYDmNLRQlRCCU2aKotdZai1DpaonANhAREojMBlKIVFiKkDCqpS/9lM1uEFFk01oTlJAki9bSma1ZoSgRqpKtDJUo0VoTIqKqpB1RpmFMjI2EwyLbBFGiIATOlCwFUraMKMZTS2eCkAphlC0zKWAUEX03KyVkRDgElFIB3BQREQGSCJkkJWyQVEolotYKaq2ZJhXTMFGKnYClQJkpqUiWg5AMsltCQCYmpVKKjNMWUWqEqnFrLRA4lRAWpUQpEVFUIrOVUjA4sZCKyjS1CEkYyYkCiFIw6WxjU4lEANjOiBAaWiPpaim1RilOS4pSiphaNtPXIilUSq2gdMM2jlpsWkvZICTZyK05SjEWKlFF2k5LgGQ725SWZEGEkkwLUUrJ1oZpKqFECiIKETidhLCUbgqFsBWlKAJla1bI2dINkXaAJYlmJylkLMvGSplQWACZFmptsmm4TWOtpURFblNThKQQpSvhsEw6sZvBoVCBZpNONWepIalNLdOllFKKopjMTKkQkhShzBSemtP0tVMtmDZNqRYqEaEokqaWWMYKSNKkm9MGhSUkcspaqzNzykbaGCQMylREoMy0nWljtwZShKCUglBICoRUnGSmQlFChghhO7PZ2EFIoZJ2qCIUEoSErVDaaTudOWFLKrUEqERESVtCEYWSJDYRJaJljm0CUGC7NUgua5mZE3JQJBO4OXEoEF0Ut6klXVdD0WxBZgrZCZQIRdhM0yREgK2DvQuS3Cab1poUtVZIiFKKZacz085SSqbBrSWiq31BY062hSJkhMBGsi0JjAGrRI52INvpEpHZEpJ0OlQCEzXdAHAptUZZDesABdmIoohQ1KlNnUKFccoIxiH7eQW1qZUQxrIc6aylIKSw3doUEippisicWjqi2IlkKIFTgGRLYZBaa8A0DhBd39mWAEWUYRolCdwsEYFKsRGOqOnmTEkJmBJkyqQUsseptWxdKUIEpVYnNrYjQAKnkzRgAyCKhIrE2AaIcEQ4oVOdID05HQohiSjRnLJLqWlP06CUSwQgSNk5jOuxTYWKW+n6GjKBMkoNAQFOW3YUTVOGRCmZUzgIpmkKRa1da1OCQM0uKkVCgYys9JQNcEZEpmut2dLCdpGQLBU0jGMpxbRMCactORQ26QxFCJBCQxuViihWYkSRLGG75VSjm7KBZqUmblOWWTCxGtallAhFlIjizGbX0GTLqAiLtOWQcmoUMlNEcyvR1RJSsXNyUzoEME3ZcoootZbMVJTMFJSopmXLUgqluCVKkkwicEgpFWXLbGk5kETatYSiGEtBMk5jjZhAtFBRFNKmhYplrNZaRKQzhJGNc0oIq3Y1yXCkJ6ciZGSIkCThTENEuDXjzHREKGS7NYcMKqWmMgBomZkOhUKCli2i2NmmVktnmq1SJMU0TZKkiEARmYkxaQujUCnRWpNkgxAK0bBSzmYRChuLgpAzyUyFioSYjHBEkDizudVaI9WUWNGFjJtbNmdGKVIAq2FFy9LVvquZtNZK1AhS5DilZSZRSgkkjAAhKSAxQtCmTKeIqNGaS0SoqNhJc4ukYZFRqhQghDAGLMuiZSOxKBFgJyqhhCAxU1ILrbVMZ9auy0yFpBJ4mCY7Z/O5MseWQIkiOVMlSCMyiTYNluVSa8G0TGU2XGqHQVZm2nVWlZFuCDdbNgQBDhWcLXMYx1JrIUotzja0rFGsbNNUahcIkdmytdlsnmZqU4TIRJJKyM0ORWuJjSklLMZxqrVYkPR9aS0xhEgnIGQJSwVlpkkoOA04ncrqyFAYyxFFUTMnsACiTWPtOqeRbdkNhJTZsKARtSrSCZIw2A4JFGFRMlvaWApJajlhSyFDQZKiyCBly6lNRSWq2tQiAhkL5Ew7EwdqWAmBDFbtOsKypymjaEor01JRmdpYFFHDluUgpjZhl1IUAca0lsJEsRM7iHQzVpRaApPZ0qGwQCgzjdrUkKPIqagS6mrX0qSt5pQEOELZlE7knJqlGpHOUBgMRSGpZUaIZHJTUKOu10OIqKVEGccxpOgqtgyWAxmDwk6ZRhJRkpRByky3LF11GkG6lLCiTWPaoYhQ2qVUjLM5VKO0zFCkW7a0XFQB5AjZGNo0tpZFpZtVLETLnKaxlFJLB56yOVMGZEWEC2XyNKwnifl8JmjZUGS2GqWRTkUoHFOOpdaAKdPpbJNKdFEjaJBTEmBUCqaN60QRIVAJmUwrVCMSA7KJggUJsnNqzWOLvpRSMiklbLs1RQCiTDmmXaSoNfDUsgBRxnHdWsNY6ru+lECaprFGTaczUUzTKKhdlWWZiEg5XCxL6QYoAiMwCLWcjKoi8ThMpUYIO2pXJE1ja54kbJVSSCKYWpvGcTZftGyZGVKJUMi2MYSEonhqSCFZzpaAQYBws3EQBCDjYVhVldrNUq1NrUZExJTgSS6EkKrchBsSLS1cVVo4JCNnQ9BQIKKRsmwkS2qtYdUShEIapyY5VEwqApM4p0kqCkClhE1rE1OqhlBz2tCSQo3OpKLYKCBRyGk7FSpRREw5lhIk2UBGGNuZLZFqKTjsyUkTRTIZqiYDRSlCjfTUrNKFGplpbCCCqSWm9p2naZoMWbuKguby6Z/6yWBE2qXU2vV9V0SZ2pQ5GYwIhIhSVIyFai2KIJgysYyjKKIgk6RTtiRjzNRaayksyExjpHQj1JcopZNQiday5SS7lhoRwzRilxKygFICooSEFOGWQrbBhkKYtCJbKyotWylhwE6sCIlQJITItJ2SJCIUCkmgzMTNBLIkOewWtVoRJUKhIk/NLVUipBIho6Lal4jKZZm0nApOA4QESltQJCcJOKWM0tUIogASkkO0zCAs06SqUoqkEhGKltlyAhUVpxUYYVQEWaLUUu1MUoq0ac1g204nihA2xmo5lRK11lk/m89nigBMStH1HeQ0jgG2szULKZypiFIkRQFJEbXWEiEwJluLIKJIIeHUlC0zESUqktMRpUQQgiYiTZSoITvTKUNECJDSRIAUctqkokYJp2wDIZVSFbKbJGEjTIQSO9OKKCqlRAQ4VHHmNNk2RoRoZFjpDCOVIkQSESFMqJQiHCGMAJEFMIlK15VSa4lauxJFUtohJCGnARmHigSZJmxLBNFyqLWTAhxEKSFFlDCEXErNdObUbIlAuAinGzZyEIANWAIhWxEC4xpdqTKEFRJUy+CQIqQQmSZKicRgEZCAMSJQ7SuhKCGFM20FJMqWaeOUHKWSwq1EVSDLIiIKUgmn0xmSEUZSqLaphZDCWCUENEcpJUKAVAMbCGiKKluSQSAoUSRsRwKECEmBDQIztQlUIwhst7GlW9dViZBQdF3p+5mozW3Wd6UUQ0TM57OuK0GkXEpgJCNCYSltCkWVpBQyIoRK1IgQEi3tbG6pCADLpkgO0xI5m9s0WZKIUESEJGE7SaUSbAeoKBQISbVWRUhCCNsOqe9nzpymKRSIxJ6cngx2IgKFIlQEqRSKUiSFit1wBiICcDK2ieZMR1CiSLWIUEkltpFKCRw1UlYEmVGi1IJVgtYaZmpNpSBnWrYA1NKSJOGcWiMIpCJJilBAMrUxIpxgjFGEACAxFhLCIAlAKEJ2hkqUUiOIggginZ6aQJJACoGFEgRy1AjCCaKUUiMcomVrqVKkgCZFKECWLYkwWUoJDAIJ2SaNwrZbGtkOybIcCoxAIQlaJkBCBJ5UuhJgUYQzM1NgT5m0lk4pbIsstUMBFioSJQJlpvAwDGACTEhANqcs0TJlKSRCpciJIaI1E45Suq5GKSU6hUvEOIwRIZzObEYYpMjmls3OUlRqBTlTEZJqLYGQW2YJIamoFMnCIJVaS5SWKChdDVSiICFsSqi1CYuCVDxNrWVINpKbsRvQMJkWAMK4REQNCEUBT9MaQrjRhDIbdq3FWMJCTkdBkOkU2GA8TePYWoSCaC2bp1q7MEi2KaoRUYplcNd1falIGIVCRVJiEaUoCIUVBMU4QhEqoVKimXGchEpX3NwyayklIu1sWWvX1Q6ws6ullGLbaRxRQ7YBkIRlWkQpJUrX5zTZiZBCRaAI2jR1XUXh1pwJRBSw7dr1XVcjSgikkGQIBViUUK1djdLsKMVQIggJLBuwDApFBOaK1jIiJJyWREgRRXKAs9EKgiglikIRCisCJBEKcEgpZKIWbFmScUZUZGQ1pVOGJEkQyogiKTMFIOMoFackTEsIZSZGoaiKCCdOEIIoEYRCznS2sEpXnTZEKXYKla4KT+NIqESUUlAkBkwTsgTGkrABFCJlp4RtY0rU6IjAhIhaau2iKJvtJDNKCCQ50yQoIlprwzgAwgQo2tRaNlkRgSIEIJWoKoqQjAWYhjFTa5lpucjj1ASgUlRKJ0jLLbOl7ZAcEsZWqHzqp34iDkOJKLUAgnEaLTsdESGcSQTZMltfq1EaO9uYppWIiLAN2Bko0zaSIuQERYkSCuRSa+06QFBqQIQCSQg5FFFqFNqYQFe66AKEZaEQQlY6BQ4EigjH5CYUkq2WU1EQymZLNkJGmZbB2G5tQgARxVhCdrMzkRQSFrIRTqEIlRJSSUNIMsZk2iVCBMK2hexMpFJKsYUwCkJKoykdYUUtpXYlUoRkA9hOJynTgiCMAwA50xK2jcIKGcARUeTWDBhjK0TSWnNrVrpNKLIlQlLLtE2mMUYlZNIoJKmWrtTAOI1ClAghSdiAnJmSTJuajcnWWmamiQhFKIQIoSjppnRmQgRkGjlQZhrJoZCM03a2liEpAlwopRYrawjLtnCUSro1Z7aiWmuZpqaQG0kGYRsRKoEiSoliEQrw1JqRihSK0ikECkSJnJqCNk2KCJS2JbcGIEFKNQrpnLK1YUChUm3bGcI2hG3E1NKZkiSlbbvIilII40wUDgkFxipFIm0MNqkSChmlnW5CbpRSVEqEwAq1lk4XRQok7IiIkCJshG0pIoqkguTEUGQhEAKD7UwURm6TJLAlBVIppSKciSJQy2abzOhqjQApHEhRADCQNhgJPLXmtEICsJMSZcrJkwlCROlw2gSR2HaRWmZmc9qWBBHY2BjjbIkwmASVUhDZAJAQSiQk2ymFJABbUUqEQkLGIKVtpzJMWlNrxm7N2A6TBSCQSqkR4LATO5ujSGCVCDLthgWAaC0tYycoAlNqEWRmNreWEVZUCXBrbi0zbWOjiBIAzpYYF9lIEjYh0gCSZCKKsw3jaFNCSGGwE0JE1JxaS6LIaeNMIwQiWo4RanYpBVBEQRKWIgLhZoWMMjMzjYskSMu27BKFUJJuGQqjKCEARcjNEUQpilJCxiUwOLEpilprqb2CNqWEijAIwIGQMhOQAhm35rAdUgjAOMjmKFGi2EiyWxvTXBaKKOCpOYRKwR5bRihAqs0tQm4JOCIMAkmyM6EUqYFtEgFuTpdasC1sS1IISZCJMdDSIVQiUIScQGIlKVuhGsVCipCgRKiEjJGMapQQESqqUaQiEJBpTAgDzkxL1FIQNkG1myVJmVM4Si0gSQhJspsNKHCmFGHslk5sAahNKZEIZ0QBZIdkKCWihFRQRBip1ioLy2RrWUpYKsh2KFKAS61h0pYzQgFpN2dIkuRMsnSd0wplOiSHRIGEKCVUIiL6UlQLQNgJUUKSIm3nBDhVSiSmYYyIKFFClgAhhTAGgVQUpUTUUlSKAIiotQspoDlLFElVIZS23RQ1IoDMlrIMRRHClgJw5tgaxs50C4UUUQKVEpJCAEihIllSSrVUKVRCAuyWzpaSppbJBJraJAlE5tQaiq6GFSJBYKMSRWaaJhFRS61FCtzSYKQADKWU0pUwLRPAaZVSCmqhKLVGhGWIGqVE2ChEpo2xnZLTgC2FJAFh2ZlRSpSwkdOBDXaoiIhQGtviMkmYJJVSoBJ24mbn5Cgyai0zJyNamzIFBoSsCBkJSWBHKcIRRQpEEOmMEki1hEOhkEqQRgrlNIFBYU9WKDPJUJi0gb6UMdNkiSJbUQgVqUTNlplNUUgSCZy2nZlIIYGioJCdEkU1QpaztZZZalckEuFQZHPUwLKdpEBE6arTdgZFoUyDULNdohAKBRgKomUTokhJ2hASpBBRQoARJC6llCiGNNkyQqUWcKK+q13X2bJlZ/mUT/okOVumIkLCtJwSapSotUSkAYpKKlvLErW1TDeMREQIuq5rbWrNtRRCGEVEARQlhNMgK0JRlEZEVJvMnNzsbK1lm6KUrqtTSztLqVEYpzaNkwtVEREKIaY2ZSbYCVJISFbKslOgCJwNzboq09LpBhAyKYUz0wincxwGQXSdQogQBgECMlQQmHQKJUnaUEuRSolIEM5MbKejlhKRWJJNZkJGCUNYpShUJey0CWRny7RbYhQSCIJASABYRCmhUmpXau3AgRBSRBTCIFDaIQjZFpbCSaklopaQBaRcokTUki0Ftls27IgoCqymFAEQOG2pRBRFLdFEICLAthEiEBERRBRhgbCFp7QiZEUXCmzaOI3ZIgKcmQqgRCFNoCAUihJJkjiilILkbKV02TxkK5IiCNdawbaiRESRbKIEijJmC8lSZlOQljMVIVRQRKioTRNCEigIkIQky25WGMK4tVSQLdMupVKCzEzb7rqSYBusEpKn1kqJqF0pyjRYJUIyREQpIZROp5BLyNDSIalIFnZKgQKP06QI1QCHlJm2QQpFKG3LAUggg9IgRchKbFl2pslUkXFIhLDSKYlQFAIiCrKkQoAzE4ggmz211jIkm5ZJEKXYxipdiLATMG7ZpAgABXKIzDSZrqWqRg0ITXYIgACMsW0TEWSiolBiyUYipCQUChUpQiAhKRsCCzslbAIbimqUEiFJoZImgogAOWkt7QayCcjAzvRkApjGsbUJhCJzKiUs2SgEShwRBU1MIdrYpsxaShQFIrGzlKoI4YhSSkgyYBtqKRFVAmPbtkRIgCQFchAFtWwghyKF7Wxp2Wkh24oQmpwlJMmEhBTpzJYRRQEtUyaxHAqMJGemJ6lIChWEbdkpIiLVQkIyBssSQBirFMBOQ6goIAInFsLOWrvmVqI0uwS1FlAQFhHKNM5GKtxaJrYtBJZkU0tRKEqQBoRTGZIIYwkDxlhRRJIYm8RK5ziNshVFWEWSJKSQJDkoKiEcEREl3ZzGIKMootnTNAJCiBIilFMLQ6hhW4SEmy0UkqRMIlRqtROMokhSYCekLRtjrAhQiWKICAWl1CISMsEgaKQTJIUCgxSBCIRcaJkBUQIVFaGotYYUQdSuRJFcSi1dTdLpkAxODCGVWgJUSoSbM1MyBFHqOE4KdV0nGQMWEbVAZrNCiDaOxkFIwhZKZ8sMRZTibEKgaZps2wSAp0wgSkmTU8NWFETLJstOiWwZJUqp2CFJgZx2QYogbSIzoeBsbcp0AnImzixRFAHGIiQTUXG2lmnjjFBa6bQzwIBUVRySMW6ZkF3UbFPUmm4kpYTE1FpmhhjH0bKRWzNWFNutNRkjCYVDEQqjzCylZrOz2SAhhQSupebUxnGScCMCC4iWk6dUhCIiiCiSq0pmM4kEDkkKbCQSFAESrWVibAVtsjMVhEISNIlaSoloUya2LHOZwgaEMlOQaafTzTjTzsw0QgqJlpKczdgqga2IUtSaSxSVwFIJIey0IZJ05jAMUxtDYctOp1UKhKQSWMpmyBIhhQAsopRio8ARVbIUAYookgRERBTZRQGJQul0c9d1wsqIUFrNU2tp2U0WEdXpMUdnllJrhBACBQIslYBsk+0aYWwis4GLhIQsUlGM02CVEooIAQrJRgqj1jLHqTn7GiDbCEARzbabsU0bpyiKKDKQKpVsti2VCFJERAkhlQDshp1OpJDG9VBqLUVpRaAozpRlpaHUrqgocMuWrUQggIhAIKWtEiGA8umf+imSbCSBDSShUJSQ0yYdJQyAEko4W4kqIcnQMoHEUSQpjOVaq40ElkoRjpCNcbapRFgEKkXODMImImqpthWSFCIzAdI1ChEgEkKZBqEIstSCFBGhEHIoatRSbBcpok7TOE6DkyjqasXYJtTVQggbAzZgCwKarYhINTsUJUo6Gw6ULRUKR5qQLDunqbVpnEAtp9m8Bxu3lrWC5GYbFSlCkiCdQpYDQAA2piiilFIVKnLYmdPUjKQIecoknS4RCW5ZwArhbC0inLatEiVCpUSJorCRTQT21Fxq7UpJHBESAVECSxGJrSwOZEsSgG2BpYRMQxQ5ohjLiiJAFJM24Oa03ZqRQSWYpslJRJistROoFAxAWBLNlt1ongQQxnKAc2pCCGOZWkso7FQJEYFMpjMQERGR2RJkwtkyI6JEsd3GVmpJHIBtLMlpO0spEUEaWYTtUishQdpRCnJzhlQIAgAIqZSSbbJDws2ZLjWATEcICXBSu2KRbulEiogosiRsXLoIiqR0YjsQUaIgnOlMK4QBRZGxbbeQjGqERU5TJqUqoiRNKEBEywkFgoQCFlBqUUQACVCCNCUkiQAb2YmK0lImEWmXIhHIObbJUxAkIJUoCqCWsIVUIoCIiKDUIklSWGnkhiIzo6grxVKRUEQQtUQt2EGgCJGtKSQkEBEKRBAlSvNUhEopISdFRVIpJbNN00SEokgh2ZmJUWArUESUEqUoIsAGRxTVEoqQQqFSSjozyWwRmHSzbIXSToONiCJKwZQa2EgqETaKKMXpdEaUiMh0uhnSDoXTEVWyapFEIgWSSKsELqUQwkxjUwkpMJJs204ZExGZGaGQLJOOCEUEIkqNgtyaMaUWJEVI0fcVImoRDgEIIcnUUiLkNCaKQlJIliQVhWQ7IkopYUgrkKQoITkhEzJKgbCd2dJWOslpaqXWUME5TWm3qTVFCUpgI1tRIqy0DTJIFlhFUonEzowogrE5QiSSopZSqkSJADCShNJumU6DJUUUuwGGdBYFUGpRFNlIoYgCDkmZZDaksKaW4D7CktMlwiFJkkKSwga7lFCE7bSdGWBBKCIiAuxEgYI2tJwSCRInIQMindPYJJCc2ZyZjUxFlFJAxrZrDdCUU7YsEXbLZoKIIpiyMWWpRYpEVWQSQaYVUioTcEQ41FEwgpAxJiQgCEVENuwGGICQWqZxTgYcFClKYCwiAiRUas1sgKJghaQQTkMpRaJl2spsrSFZIhTghCgRoUycRkREy0xcIiLUWisRUatEWFFCKGVBiVpqlFKihN2mySqEhA2hAkKWCdsSktwyaSWqyGyEouFsbWqtRKCYWmvT1JUSURFIIQKlgjTOKAVTuiIoUSPCxmRRTJmtjYCzgSSnTYkIJWlcS0Gy5JYR0ZodLoqIiBISNlOm01FKETZIEsaSQMZuzXIpXa01SuSQjZRRBAYQJUER2Gm7pSQk1xIpy4ARAtlOLKH1ehXSlDlNY2YqsFN21/UCZE+JncaZpZSWU7Z0NkkKYWGKSAgJVLqKyNZKVEXBlm1sk9nGKcmmUoVDohRFSCBJIctSiFBECENipyNoVhGWBM42tb4rhIQclhQ1BAoVQlKEkFQIJCkUQpJAtq10mkwgSiiKTWvNWBECFMaCzAwVG5O1qyoFDDFNU2YKpjbKKUEtIRR9SCDjTINLCAVQSgFJQgKBcBtbw8o2OaVw2haFyMyWKSlKCYWglBJFrSVKjACUJNhSVzspkswppxyxFCEYhlFyIuESkXaEhMpnfPongUoo082pdGYqZNxaS2dIoZIYgwyM05RuQs4mJETI6Vq6IhJCErIwzmySIkpIGCfA1NzXsAx2qpRSSxChIFuzKRGZFiqlSqEoEShkCNKpWkupVUVOhXDDGAWyQk5npmGchmlqtdQIIaUdEWApaigNKl0pCtmJVBBYETWiOSVFrRHY9tSQcERXpEg3nFBqKc5WuiKUmRGBJYXkTEoEESFIpkzsTIdCISXGWCXCElKEFJGtudlyZitdrRHCRq1lmxJ7nJqdoVCp6cRCYWcEUgicihJCEoiWLZ1CtRBRGukpTWKbQALZaWcojLCxw4paSonWsqWjRAiRKGyMQ4GQ1Tw57cyGFUFSImpUwGAbu5ZaapEi3WoEkuRQwZ5aMxBA2ipFmYns5pZJECpALUUq4EzbpNOZpZZsDZW+lnFqduu6EkSUkm2SVWq1EhS2s6UJESohoQDS7rpqJwabgqcEhGxL4JAoKgRIYIVQcSZIyOm0u1IEziSbFEEgJDxlm6apuahGUGoBCQwyGEkOQFgYcMpC2TJtSaVERNgmUJTaVZtADtkJEi5RhYyFEuyUotRK2M2SbMARMY1tGAbjULTJThMSZFqlyCgkagiEE8tdLVK01sARJUoQQgJP04Rdai0Fq9hZImqtIEmttXEYpmxplwgLASZtTJQSRTRAziSzmQhnIklIisy0EAJLAhQBkmRQhELIRQUpjUwoMy2FsSJyajaSFBEREsKGsAgK4AhJhFEBSxGKiFBMYzMupYZimEaJSqiWUEgexylCItItm6OEpGYjkMJumXYLRddVKUiiBgKDLEUISwq1qQlFUZQik7ZAiggFWJBOpSwpSomiAiiAkAhFYoSdLVspNUpM05RJ33cYgkwiRMuWDQBBRtTWprQyJ4XalFil1sQmJWE7TcrOYZxQZGYESKHIhrDlUCm10tqUqSAUKQSgrqslBBQBArCnNqkU7MwJYxDIRASAkKQKCVgEJUNFsoMSRVKzq4QA2Q1CUrZmO2oUBbiUMAo7Wxpbsh2hkIAIRUTLhiOdgYyLFLWms2UrUpRiU4oUBTtbw2nZIFmKKLLttEKlRqkFFCVKyNCmTDJtTJJRi42kKCVEECCVCBSlhjCaxlEREUEQQaiEip2ZZLMw2EmiCDtxGoFVSpSiCGQrSrONIwqgCGcCYRWVUsNSiExjFKU5ZcCBxmkKFUW0NtnUrkYtYSlUSikRUSItgZBCADQnFkpTooti2WkbZ4KwJTKzZatdIIliIynTEihKKG1jOyUVhaQ0zgQRCiJKOFNFdtZSQrItk2lFYIqEBFJREJKKQriUgiWRIFCpEVFLAWVONk4iAAQlIqKUEiHJAmEUihBShBQ4LSkBg4yJKKVEUSm1JIEzQgqFpVAppShQATsbEIqwS+kCpd2mBFkuURFuiloCZRslSUojZ4RCsgKl01PLUlQiXIiobs0QRUUFOZtFKmRLyjAEKqEAO7NhQAoh1dKVUvq+K1FrCUlSiRK2E9daFThlLMi0jQyyFSGiRIQMIoBaS+BaewGSCmnbjgjStgUFRSm2FVEIYdtE4ChFYAAJkSlIU7K12lVJkHaGClKDMDLYIElYaYsQko2bogqcObZmXEqoYGdYQGIURQEYg0uUKAqVAGSpgAVRZIhE5DQ2kwoF2IpSFCWi1FoKgW2cTloTEpICqLULIUkRzpTITElIKqqlllojVFXSiVNRJCRhWmtpF0XLlq2VKMbTNClUVIhwa6VWZ07jkFCjllJDsshsUWohShEQqGU6XT7tkz/J2FY6s1lBKZHpNGFjgSycbuOIiAggQiCFIookQgB2c4Y0NTtBDtVsTREAGGRQECWkwJ6ai8KRRNQoAEJmnMbMVqI6cCYhpeyW6WwGlRIASbrZbm6GbE3GMIxDVzvLEdF3felKRJGiTa0rIdEybcByRi0RRbZbZpEUMomNZYHdsrVUhGoUSXJma9kURbhEIWpRUSiiyGRmV4ohWyulCOeUkrJNmUSQUxoBkhzI2FThUkiDCFq2GsW2iLFNpBsOyRByoYTCskAlFMiCcNqQWJlJE4ooIcKRWApLESKxLGepNUKSIQQCRJtaSyuIKEUREqGQhKQAnA0oJdJWCRkkwCZQyOksJaQQEkiqXQ1FZgsCAmwkEREqUULCETUCpyNCCjChqioyse2oERElFBFyqtSu6xQRckIJlVKcbi3tjIjoOrfMZgkTpYQko2wJgBXKljZCtoQkhRQR2CCJUAkVCgm2DUVhWTiNjCOdlCJCVigCBUKJojjAlCKJiEJma9mcRUWSlU4LFCFssK3EuESJoqpAQZKkFKUEDoWA1poURRElEIABO2mkCRWJzIgQNKdJ28YRUUoAqiVKhMgEIyGJZpMKKcK4r9Um08YGmxIBREhGoRIhSITTLZubQi1bG5szVSKi1BKSShShdDOQbq1JatlsmzTCZOLWjIUCExEWAQLkNEIiTAIYOxOwiBIyjOMISLTMnDLJkHKamiep4mxJm1rUEGS6pRFRC85pSpwSCtlIdLWLrpAoNK+dCyS2jaKE0wpauk3NiUmljEmbZ6qlRISsCDdnEA5CgZFtbKdSAiRZlmSXCMCWZaGQShQJiUTIGCCKMGnSmUrZWKnEshPRMtPNSSmKGq1N2VIYicTZpMg2ThMBKoqCgiktuzUXSEgnUmYTEMo0CGcaBSZFZGtSKHASUigkgQ0tExRRJYEtRZEkII1sKSKUOKIQLkVCOCBlRYkgxmwlQkQgAeBmMJJQjZimbLSoXV8LcmvZMsFEkbEiRDMiZIzTdkvbyBISsiICiAjbCoycKVBEs50OBUCzSlHglO0oISvtzETUKE6MBaFwS8t934WLlRHhZkUhIrNJKiHZtkpEKVFLrxB2JCksY6WzRNQaUiRZRFG1sS251mKpKBKlrUB4ai3Q1KbMzGyEBM2TU2BJKkFRBFUVUCm2I1xLKaWUWoSVUmDAQmkL1DLtVlDikDIzm2sNK0QgAZYEiK5UFFFKlFKkiEp6nAYbFAAGGSghpxUhFYtAyCVqs9s4JbaztRaKCIGbDZ5yatMkRenK1BpQQgphbC5LLOMgIgAiQhIWshQhSTJElAjZRiGUcqZBCJOYEkUiFEi2JDtxNlvgUAgkQqESOTUQUrYpp6k5lZhEUUoFRykROIrsCKmUrtToojhKiLAUQhZhZbYoJSgmQmDSWaKoCOPMTAPCaSJCgIgopJszVGopmYnBpLO1BBkLFOpqlYgoNcJCUpSwPQwD6YhSVBWoJYFQqaX2pZYaEU5AiLRJ11pxDsOIFVJrLdMIcIQkRajWGn3FtgFPrSkCy601u02tucmSgchsmSnhJN0wpKe00ypBkpnNDSwpM+3ESFiKkKgSdqaRqFGIUIYBS0SEnFpPQ7aMohJFgCQZlVBAFhUCAcZYUgikIAgBRaEg08aZaRwCKzOjRIQMKFobSDCgiMiWFraLSlAwbtkyFRrHMZMISSHZmSgIpnFqbepqX0qppbg5oqgoMCin5mxRa4RqrZISB0TIdpRAYNuJJVE+5ZM/MTNtlxK1zrpaiwqiq0URVBlEgGutpVTkEiVKKZIlOaWQIoQihISaM+QISZBGQmQ6nYqICKE2tZYZwulMOxNkI5O4ZSsREdHSQJSQAogoipAkhWSTSAKp1ggDWGkkoZBaWqFsGTVKKVE0tQZRSyC7YYEAbBNpSyblzARCsmjOqWVXCmkpbAy19EVqtp3g1loRtVYkCeNMhwy0zIhQIShkSkVQo0RASCoKZUsTYROQ2I4oKogAEBGKUgLVWnApFaPmVqJYuGVrU7a0MiKELMKBbCkUCiFJIp2tIUWiKAgbNxRhSQjLsiQRwzRO0ySLQFIEFoEiiiRsSwASWEIqEQqFFFZAZkqKEsWYlLHEMI1kqhQHCWHbmIigpVvLEhERNtM4AhaGUgPj1iAQRpLdGkYCFArIdLaWwqXrJTmtICIkopYgMrNlS6dxZkZERFFR4CgFM7amKBFSIGNny8RkS0RElFqjlqoQQlFLsVNSiSoBEbIlhDNDqrUqqnEaQFYEkotklM2ADaBMKQjkkEKSQoi0ZQxOpVsgQnZil1IUJVtmpqGEUEQpbgmEAqmUIiFFCUklIqQQyISwHRF2I7GdkkAKIZOZkpxOJ4pSSyEkhZCdQShIOySDsK3MZlSiqNaQjErITkUISUWhKEUlQkIqEZkWlFJCpKmlGmcmopSattMBmU3IWIpAibMZLJHZMhtQSy2lKEq2lFS7rpTSMmkQtl0UpeuCoCikEsVYCGfaCKOIIoiupBvGRhLCDmFLIYECKUKKUkqUYquEQRIJJYiokJMdNKKQZLYaJSRJNqC0I2SIKEIKMokQAXYQQhRFBAq3FLYppSABmYoAqBG1diViHKZ06/sZdk5TUEotEkFIIYJSChYklCgRpZ9Vi6IQkWYap2xZapTa2c1SRCkhS7VIIQAEFBVFIXA6lVhIikClFBHFLZuzKJCMraiKImHSlIgoBYiIUqplO0EY44QSctJyiggb26SRUKioKIxDpN2ylehqkU2mp2lCtkGBkLCwM50Rgd0yJWqpQs0ZlkKN5mScGkIghd1wEIqIKIHsTEuCTI/jGBGKcJq0BDClZYdoSSmlSEIhpZNmRRiTtlMSdktDKKQSIESArXRDhNRaRlAibCNFRIkqA4lUItyswDBOYxsniZBAIdIupQAlSpTAYdJOSwJQpjOTkJ0YhGoJgUGRYRJnOogomJaNloSAKTMUSIpIW0EQOAEpIiRjSSFJMiE5E4QUJSpFsp0iSJoTSyEpQpIEGIeQIkKKKFEApEzbws4xLdUSLVt6qlFALQ1YlmUxteZMgiBQyTZltrQlG5WQFJJVwqQREpFEYKuAkaKrxaHiSNluEWppQdQawiFJrTVZDgWgsNPpdDMJxSREqcpsrWXalsKKCEUAtqexoTBJkiQqJUTItp1RQqKlMxNTamAIhUqpJe2CEoicpsx0UVhERIQUMsKeMoVKqbXrBEKW3DKdLbNlShhnSyRB1Ci1TFOTnBgg6GrnRmIMgbNhhZy2pJYADtcoKipS2iIUALbsFEIqwjid2EKlK4UY2hAoiixJSALsjKKWTdhSEFbKESXSLiVqFEsBaUIlikK0dIRsJKUTKCoqZRyG5iSNiFpLCaXTKUeSWISECDuR3DIlkgghSaFQlZx2NrfEmZhaSqLWUqKoKIpFTgl2kmSbjBwRkpASl1KdzrRJsCpCKgoHihIyDoVxBF2tgSRFCZPptG1FiMxMkFGJGsVGEgQgyc22SymlVIxUAEXo8NJ5oyhhJ2khdYVm5BRO00AIkCHAkgy2BWSjdKZVlWEcJTkJpbpKI52hMGkUCEiStBQCAgMJQtA8ldKB5DRhZwgUJtvkWgvYztYcSLU6HbJKybSwINOWpRC01qJEoGEcnEq3WmpEiQ43QE47k5CCbC1RLRERWOkEZ0tEKKIE4LTTJhVFkqBltnSNEkopUIg0si3TaNkAahckBkGzhWUZR4lpnEqtUYozJdmWsQyWSmYjFAQSrQ3TiBRRIlRCVqFlZitdpSWSQRJGojlDxZkOlDLZWkMURcvWpqaiUCeBJNzaFCoSmTZpU0pgDK1NJYqKQkUhDGnbCmHWw4Cym81J44xSjUMB2GmFWyIE6QaCwFbItjMJ0dIiKFHl5imbUCkC2ZYdpQAtk3SSpVYZO1vaokSRkGmZ2Vo3m5XQOE0RJRRkNre0FLilIRAYwm4G2xKhgiQ5LZROCSJwggiFZdLIBqlIsjOsxM2WVYpSyWB1EWhsU4liUqpujVApVcqcWjpC2Sww6ehqZDY7ipyBnC2NaxQAYRBCIWciYTuJyKkRdFFbTpmWJMlpCYMNcolSangiM9NWWFFk2047FA7nZDtLhDGE5CCStGCyQwBpCSyVSLdsWWpxZmuOqqIagSHTgCSnJWxjJIxDJSIUTC2VtGxC3axX0KaWLYEImlUCGwQm06XKSbamiGxWlcAAko2xFCJbSkqylCIrs6kESYLAZCgym9MgSSXCMGULSQpQMo3rodTa9Z3TIkIytp3piJoea+mkTEtpSyYzjVEoULaWQiAiI0mAkJw2jhKAE4JSaqSnNikCC7lllghEJgKBMQYZSghL5DS1tG08q31it4xajLEVAbh5mprkWmvDnlqU4maFkBIHEiQZimwtIiwJnLZaqGLSadtWLXISJYAk3SyRpEqRxGSJZshmSUiBkBQh2zjkTFshS9HaJEkqgrQVtJY5TV3fk55yKoqoXWabshVJqVQqKpDTWEpBkkAlW4OUAizJUqBpmjJbrV2ppTWbDJMYFAQwTkOpIQmrRLRMbGp4TMDhQJmkm6h9VyQNbZIRIpwti0rLVgpEEdE8FZVSwpAt2zQpYpqmKNHVziZCToMtYTc3OcAAtqQEOyUJSeFsCFtgJElCLZsEENbk1pWaoTZMzla7CsKoFrfMbBGRzlpKlJLpTDsbl0WJokhoUys1MAiSls2kCISs5qlEzZYRkSbbKKn2XYmSrbWWADhtYZVSSiXTYGOnBKiWAKxIpyyMA0+ToiK7pYISapazZWatXRq3RE4TIkJCCREhAWRLIRVht6mlM0rJzFI6k54yaiEhAEg3p9LRVcHk1pWutSyiGZxRwpk2KgJFkA231tIRqipNKSlbk4RKhEgkCFrLCIkCmWk7MYaQat9lm0BAZgKKYqdA6WbXrgzDKKFSc5qIkBF2RIGWDRWcUlHYaTsJhdSGplok7Mg2KRQKoGVGUZGkwM5sUeqUzZkRpZaKSaXsnNIlhN2gopSEbWeTCoFbS0sC05yCvu9aa9lsKYIAi0BEOO1CQW5OW5LQlJPTipACXERChHKyRCnF9jhOhEoNEkUIGSCxothWTo4aIdIhJzhtwNiGTEIkIBUk2XYayaDMtG2iSMZSlBByZpsaUtQoKJWkwJl2M4Wuq7acFljgTFtCUKIO4xghKFGEjQ1QAqdTCmGytRKyyJbGUigUKm6pwLLTpVZgGlq6YSOVCKS0I0qQKJy0bHaTIkoUKY3tzCZCRZLaZJOlVjIzk0AIgwgFydhGqXS1pNt6ve76PghFcWuSE4eK5fLpn/opUSJQAMgSttMtXRS1FMmAQpKEpTCZrbXmNk22FIqQm5OUKUWWlBhkI2zstC2pNU/T2FVZRQphiZAcgbFdawGlWykVwnJRR7hEwQKjQEq7RFAsY1vgQGApbEsCFLZBUelqRRFBqBgUaUMoQIRKFAKDEAZFISgqkkIim1VUogorVBQENkVYtlHILQ2yVISMQ3KtpUSXNrhly5YRNWopEaiAbds5jq21jBARMoSyTSAI2VObWjqihEKBFNgCZFvZGhHIhrSFp6m1lpCJnC3b1LJFRIlChCLAUtQolt1su5SIKEjGoSilACoFhMBWBKEIcFCEkEkhqUQNkASysTNbM4pSZNJZVUKyZWebmiGnCcuZhJwuKs1NJooiIlRKCSkUKAIICUXaESUU6SkbUSKsiBISkCCBDcqpCcs0N1uAkKBEKAqkapQooACkTJROZRFXSCpViTFRQhai2a0ltqRsaWWolBISLTNAUUpEs21LRYoIRSlyy2xOR4REtiwFUC0hF4fb1GwSV4VCAIHTYEvGRVgOwAa7WaSIxDZdLZSwMRiEwFKQHts0ZRM4E5HGmYZAhoR0CmrUCEUJ21ObpBBEKRhnSjhxWKZEkSSwKBGlVKGQTYAjCAKcmUDUaC2RSoTJAAKSKaeECLsxtgkbkQa3KMUthRRSKKJkpm0gZCFJbomRBJYk2YEiImKa0jhCTpn0lJOnbClJEbZACINxOkMlAoVlqagrPSYn4zaMYxQhORtgO1sztm3bYVoiRQmJ1TiUUrootseW43pdgDSiKJCzJQq7SQpjaDYIMCkAgZECS6VljsMYpSiwE9tIilprUbRM41IDSuBGFJ4pSoSwkY2ilFJKpG0yoBSBshk5ototsyG1cZrGJmHhzIhwtuYGlFIUUUoxRhGoSJnOzHTLzFICYRxRAplsmZlGKF1CSBCGbGlsLCxCKKpChQACUWrICkmlRAARCLLWnpBsbCCKSi3OtGmZzpTpur7ru5CAQELgNk0RVYpSVUpxEqUiC1qyXq1LlObMbBgTQEHW1FoD2TY4J1IRQVBKoGKr5cSUisBu2aYpoxaFQpGZ2RrGNpJxicjWpilVLJjSbh4zFVZKESEkSoQtgFCAbdIWblaEpFCoBHbLtAmFQKXKNI9CoZBIJxmSEYoQIsiWDQtKCYxbAlEi7RIFEyUiwFGKQMjYpXaIomLbtiUMcqgookZxgpBUoxqXKAZREmdOsuxEEgIsK4StKKWEBJYCjCIk7IwIBXJQqKXYtGlKW9hAZjPZmohSSyA7SwiEXEvYKChEa83OUKgWpgSmaYiIbJlOLKCWiiTb6WbSWWoIRUhCUCilFFtFTNkyU0gI2+mWI0ghRQkZZbYkIkSbpqlNIkqYEGCplGJLIqKms0ghpdM4FCEldssISUICh5TNNi0zRImSbpnNpoRq7XAWYYWg2YDTAUIgQ5QIbIuiACNAlpVImXa61AiF0xZFEUUoagkbgUStJbGQVDJTqNluBmVmBDYtm0CldLViGi0koYiQRNjN4zRGlJCKAimxAVsK3FpazQ4rgsyWE6Y5W5uQTNSIls12iRI13DJUEosoCkICg4xCUpQIhExIiFIqsB6Goq5U2SSSiCgCkwEpOdPpUkprllAoIiJCGLANsp2Z4VAhooAlmURKjGUcUqgoaGlhiGwNIHAzUlGhRGaDRNhWiFCEJCWEGVsroYhIHBISqE2DQkxurREqihKl1M5p5zRlAgpAkqKrAiHktKdsmelQQeVTPvmTCCRBqEjQMp2JMjNTSCEBpLNESNgGkIqAkIio0zSVKBay0pk4CooiIUUoFNjGxhBqrYUCJMkYExFgYwhJyGnn1CJUatemsTkl1VqFsCWkkm5GBiUW2Ok0VgR2ZrYp5ahdDRFRxjYKIOQIKWqJAFRCU5umcSSVbkJIoSI5jVvDUqQcUig0jqMxBiPJGCQRNUI4yTZFlIgSQU5NJWqpipLTJBGl2IRAQQRpAoVAICvb1JBKKbKNuogIZaakImXagB2ltDZFCbeUZDsx6ZBBEoAoJSKgJXKm1cYxSrGNKAoLIWyctktXkNuYUxtkRCAkRZSiICWc1jCNbZpKKYQy0xIJeBonbAVCCOzmxLYtu5QotQARKrWGIkIllHama4QBEslYJkKS0qSzSKUWO1vLUgu4OaNgC5mG3YjiNlmRtkIKAc5Wu9oyEUYKSSEpyVqrQshRFCoKSQpIW0aKUAg1Gk4nJKVGhNJuSSCwQRFCEWG7IBSQMrYzM51O0m3KRNRanY5SZRoTBimkiJBkWyoKQJYzm1Aa2wYZoyRLFBVsQhIRGJN2KZLCNrJUAKdNoogoAJGKiAgEuKu1RE3n1FqmhU2IkCSFnaBSSqkF09xQkAaBai0KZWtpQWuZstLYlhRRSoSAhBKyW0sRDgtFFLeWzYgIbIJQlNbSNkKAwAzjJEJBKUGSBqFSAAQ2SZQoCgQ2GGSnUPRRFJJKBJKCkCIQSqdUSwmEU8LRdZKHYbJbmsPDw9bcdX1E2EnmlFNEiVKmNjllK2oRkBbCklBIQVFQFFEsK0IU27UoSnG6ZcpEjZCCsLETqYScaaBItsOlFCcGSXZKUbtiJ1CK3FAASLYBB6EatpCliFJDQm7ZSimlRAJ22kghG+WEhEFRal8lSUayCUXiUEhkZikRyMghSRGKUpQKiFpkASohZKuEFDFlw2Ta2QK3qZVQKVUlsG0JhMABhEIhEVEUAA5kEwJJipCltCXRZDtCstIURSlqZppGLEKttUxLUWqJAlZEgNM4M5NSVGtt2QS1FkVVWJaCWmoa0pgSESVCkXZzk6NEOJvBYDLTUoRUSgAGKaIUFUmAbVpLAkVgScrWLNcoJSohGSkys7XMbBGBbbATFKFSIyJKhEkRZEoqtdRaQTRTjLCFHFEMloVMRsi2na01mVIjSjFurYFKKSEJRWCBQ7glJSQMgSghUMuWWECIUEilhCQVjVOzM0pERJRSS5h0y9YySi2KiFBBItOSbQEC4zSllGZPbcKWiKgRESEhrMzEBoiwE0JYiohAkW7ZjMAYFJGtZdq2ZUzLrCWcytYUUUoxiCBtIFAqlU6HHCpORwQRAkcUhUvBTaVEBEiiYSeE5VAoRGI3Z0KmikhlS0lRhC3TmmWMM1uOrXYFZKEEIYQxGSFsKaRAlBJIQoqIUCnVobCliFCpxaRtRQ1jkEjTWlONGgqVbA27JWAgiBJh284gFChFlUxriY1Ua9gYl6iY5iQBQlG66pbTNJaqIGoJwHaoGAOKCAUAjggjIaQSaulMR0SUYhsREulSwg3J2VriNApCTFNrLUNWCONmABsQKooESKOQwCYVkdncWhQFAlprbmlJgGxgynEaJaJEhEpERIQMCmlqkBNRao1QUbENmMBpA5JCstPGjggngNNyUxRJspxtypRUaiSQDoVqHB4cALX2CgkkoYgSQdiIYmdOTrJEsS1FZkuoUWVa2kZQS5FqBARBOFtrzcK2iKT1XVdqtVNEiUKbVAJsKCVqLUURofLpn/ZJSjIng4yTEpgoXc2G7RLh1pyyjRQKgeRsqISk6EIRZDrASEpEIkwUTy1KqbWGAlyiU5VMKSWdaYfCmTYhCdkGRwkAUQhCksdhTBOSJEItsScBJiSJNjWcESUz3VqUgsACogTG0ForqGWGlMoAEJCZhmwJUWrUUgiB7BZRMt3skJszIhRk2olQZlNELUVE0qTAlpUGQaiNbVgPCkAkJcIh25kZITkIBApJQthpICXUdVWi2QoUJU1gImwyU1JEgCxkxnEyRMGZqjVCSIgSRQWZjChFkoRqrbVUhYKiCGMyIRVFkiQAEYQUpQaE08ZE4NacRVKE01GClAphbMCllAayUoSkkO20I2Rn6SoiFC1dixRqzRDIJaRa0haWg8S2bWS31tKlhFCznS5dzalFBJAtsUIoQhIgQYlClCgGCTeDI2IaWzgUpBMZ3CaDFSWIlhMlhJy2oghFTWe2lIoopVOJIgcSsqJIVoALsiSFmlOgdHNijMOhEqVUTASBnEgiLIVQKWGE7RRB2iEpBIEBInCCiFCEZIxsK2STObXWFApERGZmNmdGFyWKBFItUUq0lpIgFEFzilAJ0ZzYCESJQJFOp1ubWk5pYySVUgQtXbsapQicFgIlyJYiAodIBGkykxBpS5IwTocCZdQqKVRqCaTEEVFKWEiEqoI2tcwJq5QwkrEQUggshQJQiSLU0khFgZVuUQoGRVFYEjiFkCSJopAcVmKQBGrTBFnUdX2pXd91XUQISZRSiQjZDUStpZTI1iRSBEGQphahEBIggWRZrjUURbIIyZlGtJaJnekAKRQKCZFOHFGLFBKmOZ1ZSrHIxDgUDpnWJrdxClFqMcLKbKWUrnQEwzjYCKIEkFMzLqWUCGybCEkqJSKiIAVFpdklIhSllnTaNgRqackkpRRJsqIWhQgBEpkOKSQFshCZNjZIpZQSESVCChthKRTIzlCJSNMyATttKSJNEZJsK5QpyKCooAihkCRZmlrm1JIUKiJKSEQE0jRMhKRoLU1iKwiBwplYteskSulKjZBUuxpBiYjABpAghSxaNkldqYrAilAmdiJNThGCiBpShDKxAQApyGZbKCJK6aJIokQQCrtlS7uUUkIo7DTuSkWSSWMUUgImJAlsB5iIiAinwdmMVWtRCAunJSBKCQnbhpAg086WWJJsgpZkTlIoAquRmCg1QkXFOJAV2ZoUITVcAAWXDeMYRSKIKCWwkaVomc0ORZQwzmnKVLYpFAhBQYoicZlESmpO2UQJMU6jVJCkUkKSENiAIowlYWOlLVNKKbVGlMw0tlyjYkqJkBRC5JRTZonALrUIRSngCI3DaGdzkglBOiRhGyfQAEGJMMpM21ECRZSQAhGSIGU5VAKlVExGRHNLWwlhSUa1REQA05QGAmxPtpEIEaUqlJmllFAgR0RmM9iJFIqQFKXUCIRkDCCMBYowgKXAaSOV0ikcLZsThWop6TThbAi7ZaZDmRkJYhqbSpQoCFEUMmpTM0YqJSRaazZRlFOmU8KSRycuNULFJMjpzMREUUsLTEiKkBRIESQqkiIiJKMqWYpwkJm2MWk3pxvCU0tFyFgh4URVgZpdkEPpDCJptXaZGLAzna0ppIiQQmqZGCQMQklriSUZy6IEQlGkEgDYEAoJQhGlRI0IZ9oOKY0gsyXqogosGyIUqsittTY1i2kasyVBiaoIKaqi2TYtGzZGoYiwcQBgSleztRJRShEep6SlIUo43dJgHBJSGGGTlE/9lE8uJWwEDolEEg6V0pcSBZGZiRFCTgEZARIoDHK2NEI4iSiKhrsoyMM4tampKNOr5SqzKUJEKUHatkogRYRCQGvpdBS1ZhlFtJZuLhGqRSYzEQGl1JCCkKIZgaSICIWkUiIkRQChELLporS0szmiRAC2LYPtLBFd15WQVFAIZ7PENE0ohYqKAQOUWipBhFuTFLWSGGfasm2lS+1atswWpYKwEbIiJLAh5NYEYOSikggyFKHSWhunoU2pdJSQrBIhhWTZlsA2ILu5RQSACYUUpFtraWPSJpuRQoEAgdPGUxsDUaqNZEWRmVpKpZQopShkJ3KNgp3OcZgUlgJcSi2BFBQZmwg7FFIKbFC6YSSiKGTZmcY5ZgNJIiRLAhQYIgoklowiSsFCCmxjgywibWyQjW2VUETLKZAUIWwaiZFQRMs0zswoKAIMAtKNdCkBTiio4YhQQAROBaBSJCFAUiiCUCiUU2KQjQJPLcnJkk0pQYSkiBI1BLUUKWzZiZCDgoRMFLllZoaCNFACRCmlRChUShEAmVaJCGUSUuYEBSIkiooiLAoSZKBURITSZDYbQBAoFLbTLVsrUUqtkqSwQQ5LQESJQAQQSJIURRERBnCaUAQKAaFQBGmDRGuTahRknG2KqCkrSVIgA0hkWgqR2CpRULPTTUgQtdRaEQIiimQSG6tlk6KWLjOdDWe2FLZk4YaE05INIKlFFElIgATpsWWJCsIpFCpdX0qpJVSjILc2QQjAQDoVIYUkO52WUARIso3HRI4oCDBYIRBOLAvJkmoI1FoDC0WRbRswkiQJEMIgqUYAnhKTOWW2EgVIOUpXag0CjJ2tSbgohzZNUykhRVGkjVBUKYQl1QgiIooEDhVFFIWEIopDQjhbcwgisjWQaSBapi1ZKhIJtoUlSlRLmQZKRO1rCXW1qpTWmu20JYElSVIEadtOlyBCRrIBoXRKalNKipAEETIAEkJSIMmZKJSZtqRIpwjI1rKEEOQEUWpgo8hmy1Jk5nq9HsdxGlti0DiMQpKx0tlaYtdaEE7blFrBCtkiM2qJUFHUWmWhjAiQnZJqlYRBEKjUqghJ6XTLhrGRotZSwmlLoSilSBERNq0lEEI1sCIkSMCeWpOkiAghO7Fd+yoppyYF4aCWIsluzsyEoiIBbpmKaNNkU0uNCBlFSIpSbGejFMZhWg+DnbXrSgkZBcbYpashMj2OAyDbECJbMw7LJqIUhUxEIEKyMoqcLRSWCkJIETIYgV0UKCRPU5MoKgq62iHbSJJkI5CKkCJKKVJQCEUAnYuKpaIiRUREBAoCrNpV0rYdhMJyKEopmQaDAiLkUKbtREiKkMFJy8SWJCSplCpI204Z24rAoTAQUWwARBBphHEgBAFCTlo2k1GK7DQRUonWpsyUMyTAyHY4QkzNraWERbZWSpEE2IKUJGEjRQ2cGKMoISCdkloakGRMRDr7UqIU0uM0YdxMJFI2FNRabUhbicFuachaKiITQBGkIaJElDK1hhJkgylRkEEJEQopSlAIAhlkG6NQKBRFQkTa2FEEFhICJa2WElFCKIQotVOoCIOFoE1Tc4tSQnKiGk7ACmOEVUpiJZkZJYDMVLFQQO1qayYUoVBMOQXRWuY0SSUzEZIExlJIkolSQmFBm4gQKFRrLSFjk0K2A5qbjS0VaqjUzpJSXYmWzZnNhJCJiFBEjcycWpOQVaOoCJAdFBVJBdIiCCGREiKihABEpnGI8qmf9PFp1xpEkUnIlgStGSzRxqZQLVW2086p1kJGepKdEMbNpYTklp7GJlFKiSjNDkXXFWe21pAiSgiCbE0RtashqURIkgCbUgOFwIQgbdu1llAJIYRwWop0ZrOLc2qlBshpo9IVW8ZIrU1GEjgNFqXWKgFOjCMIopRo2IllZ5pMNxuLbC0oKiiiCBdBlBoqkAalcUsk7BJQkBVBKbUrRRFB1BAFA2QoiEJQVaKEEBYKGwlJmKkNU2agrq9RqnFLQzpBbk0lPIxja4NUS41auxoRJUBpZJANIUUpJZRJWMYt7cwxW2a2zKpoEukIlShOwGDbJaI5SZRpsFEIpIhQhAIj0exMCyIiQi0TkIokpEBRBFaQNvbUWpQoUbAVISmkKMI4U4FUsI0zHaXI2ClhC2lyczMCpyJKSIGsEBKZiSIi0s6WThMmQQgiSiAkiUCyRBQJKTOLpKi1ChQRgpyaI2hEkaUI5MB2c5QihJ05WUICg9ItooSotVoKlQhFFDtb5tSaMUHakM4MRZppHAFKhOXANpItQZQgbcAmRFphoSTkbLYkFUE2mzSYKM6spURgA5KxFCoKR9QSSkxaIQxFoYiQZCxjRUihEjhLLTWKhCQsSYCd2AawJEmy7VBREUgSEIiisJmm1tJRQnaWJEEBgU0pSLJRhASyXJAikBUCIQkBQhGysA1IFIWCTNsOJJFQQkUBGRGSDCUinRDCJcI2SBKE03ZKJhSodgUpW8spFZDGEUGSBCJACiQhBIAkbEeWCCkSEbIzUxIqhbRBJXJszkShUoKQggAJBA4FNhICMjOxEMICoQRPzbiUiCiIEqXWCsaW5LAThQA3p3PWz6IWbIexJLCxQSBEZhaRaZyi2NgGh4TdMtvUBOl0tgiFFKUYEwJlOrO1zIBSixwNWmvOjCKjUiIkwLbJaZxACshMU0oBT9OUzRJpO7CR0wjASAhKBAITUWxP2dwsCacxMpZJ7BKllEASQaRCxiKiRGu2mxQ1ymRDyipdVyIwrU1dLaXWkCTSBhVkUyJq3wcYhBQhOyFk7CglAixDwJSNTCCNQWCMla1lEiUiitNgiVJkm0ykUqubMygRwlEKdilFERLOtJ0twdgAFrLTQiGEsFGUKIFBdgJORRAlMJk4HaVEqESNLhRdKRGllCgmDRFKNzItShTJWJaLotZS0DQNaUcUjE2mI9ScJaogpKk1koZlAAuFpDJlAweggsCSBAhsDFLiAGS1zGyZmSWkKKUUIQuFIEGSpBC0TEpEUVFYCixj205AKmRiIqQIWjan04oIqeWkiBqBidA0TWk3p4SkWjtL2TJxVSAJwBEhEQoEIiQLnFKAS6nIdkQXERKKEliZTZLAUMNOqahGkQRKGgY7ooSilBIFQjXKNDY7FSUzwaBUhtSSwKWUCNFasy1hA7VEGjubUbOVdsEkGUmGwK21tBXhtAoi5AxUaiFpJDaUCAWldkXgEmRiW46oAmSTRhhJdgZECAWhWtQmsrVSSojMjJAEaQBnLdVCFkkpigiBnVObiooiZIydxqkobgkBzkyFahQUshURKgqRDoJSAimQFKXIRhIiCEmSTURIFJdSZSdpRWBLkgJB0loDN1tyRAgpwlgQpdi2XaKEIkGhnBK7ZWabbJcaQXU6bbIlKlFAJlEBGzCSao0SIUVRlBJpq0SJYpxpkSiQUESJQCqyVQRBJq1NRJQSthXUiIgIFQUlSrMFEQoi01hRQqJ82qd+CggkSzJ2RIAkSBtLgkCUUoHmzLSCUIlSKATC7rouMwVgO1vLdJZaSyld6ZAMRYpaohQIQkIYFCEQYNulCxESkkoJC2dD1FLTiR2lJBZKN4WwQbaxFCIoEThUCIUgShgTkqI5a5SQEsbVOopKCYzTUYpk20qQJDKd6VqilkgSUxQQiCIALIuopSgUTFMDiBIpCaNpmgAhCk6ncbZszSjscFi2mYbRgVtaKhEllMh2QCk1SoQiQEKAyZYRVpSikCQhZJytSUQpYAmFnBlRSoQzkaKEFM6GokS1XUK11myNMJLNNE7GoiiYmrM1hCNKBDYSECEyUi4RUgAtLVEisKKEpHQrpQQKSSrYLSdBYiU4k5RKKRERNk4LSU4UxjKWQrJzmiyDSoRNiK5WOzERMhGhUgMr07WWoohSSEcouhLGNkIStopqhCIMliCRMZZUiqRQ2ImVmZaLIpVBkkhFomUqhEkZLJXWmkCAJCSIEjZklhAS2E5MQIRCBYiIiDJNDWfagrBcLEVRYAiQbDInIDGSDBGyRIIkulKaGaepFkklM5sTW5IJJNs2EQLcsjmRbKdtLCkiQkC2Fi0nkWnblgRgcNo0EyE7W2sYSZKciYSRJCxJkk1rDSyFrRIBlgAk2VJIEekMBWS2tNNGEpA4pFILkCYTASFZiUGkW6YEDoowzlTINlJEDcJCCoRQhKbJTmQ3Z6ZbmxCgIrraEYSKAEXLqbWUsTLtqTUEkOmQIkqNGhE4nU5aSGklWShpu6WxMgECoZxaukUEVmKFlMY2HqeplChRBAiwikRINprGqe8KEihNLSWkUotCRVFLKIQNxmqt5TRJFayQW2ZmiFqrDTZGUKI6bbBtCJVQkkISAits5KklTNO0XC5tuq4KCYVUSlWEnVKxW0SAMIQiItuUU6azlMDqSmDbGKY2jUPruq5EqbVkY5oaMshYoVCRpLSRFKEgDJZDJSRZGIcKuLUUIlAi0RLskCLCoCi0lHCCJaRQOhURKgAhMHaU0kUtVaWU2s+6rghAiCIZY1wIopaatqFESDhTIYggZKeNwrblqqAUp40FkpoBB2GnkTG2MTaAShAqAto0hYgIWyZp6cCZCgVCAWTLYVhPYyszhYqgdlW2ZZtSamujHQg325aICEFOSRCSishMsihCcktwa5mZxaRBHlYjslBrDdGXrswqGYnX60E4ui4EEW7NUiGiRqklFM5MJ3YtxUVBANM0lQjElE2JQgopCoCxE4VCzrTJNgmmbNhSAFIoJNktLckCgRUFoUyh5ol0pqeWJRRRJNmpIKSWzmwosqWxM9Mt7CiFRKE0EQITdFFBBmScsiICCIUiMJlI1FojCnI2u6EaIWGiBGQoAKdby2xTRAgsKSRCNQpYMoCQI0AhACSAaWqSwLWUKLVli1IClRJKJmeERIBR9DWMMxuSmyGxbJcqEZlNYhony4AzoiCqSUkliozN1BqSwXYpUUKhKLUERCmRqMh2jRpFzZmthYpAUle7CJwI0i4iUxFEUZQKEhgkFBFEKWHAICkEsrOlJdXaK2RbCsAgAgwYY4FKhAyQzlKKhNMtM9MlZNvCmc5MURTYdk5TdqVYljE0cKYhFDUKKEmboiLR0s056zpMKNIgSgmFJKVTAtycRSUikrRdSgHZBlnYrZRwRIlQAVRUQlIoFCBIG2HsJgE1oihEqKAgJ0eJbG5u2DWKQaUU4eaUJSJCdhqlgUyaJwFGkgCiuSUII0Kh1eHulE1QqBNNLaMUS0pcyckhLOXYIuwIO2UUhXSUgDDNyC0VCtRyROGWEopiO0JGYbsUpadsJSKktI1FOOy0sCgRQri5OW2XqC1TgQxKbBwRMeVkXEuH7PTUMkBSLUEptBynqUQlyMzElYjQ2CanIpzpzKyzzs2GEjJISHKCwbYTHFFUip0yiCknZdSuplMiG5Ih3Fo6VQIbRWaaVENFgaKW1WoliFJLBIqQWmYJOXOYJqRaCwQmCraKSOzEtiJCKOS0W07OCIkCTQobxDQNTmZ9b6kgkJXT1GxQYglHKRCQLR0wNSsIScJWKkPhlpbdsk3NUGvtap2yBUGhqIBaawLVCCmdbZgys9QOp6GWkpBpBTLZWokiaWijW5ZSS1Ua2+FQiEBSm6aICBXL2VyCtCxyapARcioiHNYkQomdTVKUQqYxISWZjhLOtChRVMI2TqecNiiMIoST9NSVfmwNsq+1JWSmJGzbmaaEnLY9RdSiSCFjkW5yKCxHugFpnNmVSAsREU4IsEEqBRoJgIxLCJPL1VrEYj4TsjxNk0FSUWkk2RLIjCiCdEpSVMmGKg3jGCgV0ILSnJkOiBAB1pRNVgSKYqdRZhMuUYUQiQuyKSUalsKZ2FEK9jhODgIwEiSWjLEtQsqkRKC0HVFDZKaMFMaIiLBxpiGzmQjSlopERFFm2uDMpNZoLRtWukhERQ6UzpBUgnTDxaQIBcE0TK21vuukMIlRhN1aMwJFkRCZJmlkKSHTWkqAIEspCjmdCXJmGi26frLttF1ESqTtFDKYDETUnKbSB4THdDinlqKrlQRSodYUBRlFGaexREgibYGE0yizlSiZRCDhtFTGNgr3Xd+ypQlF2EmTopmiINxakg7UbEQtIcKy7TY1leiiqNRsU9q1ds6WmYkyEyQaAiMJlZBaprPZjohSSmYat8mloFKgKSpp2zYyQGbWLjItBdBspRVRakxTUwjbhkynFC5dFWQabFMkIgzYmMTGZCpCCmWmiRo2mAgh3IwIKc3UxlqrYJqaIaRQWGA37JYCg6xalGAcCmMRtUY2O5MiISlS0JrtWsKSYEq7jZmRmbUrOFGUEJBpbOTWkGw7Sg2FAhtAAlsKTDqNcWCPbRSutceecioRKCKCJJmwQjFlk4gQRLZEgGW1bEBLIPsaUbuwUpBGFpE4SQ/TJNUalVDgjJRDshNjMtOZVkhppIgQGCsipMRutl1KETG1AYWkEK1ZkgQwtclJrSVCmSkVSWBjKQBkJZlYjcSiq31zSqI5lWGkaM4iWSJNCabJwkao5SSpRElboQIJtlEURcqeGgSZiR3UKODMtB1RwSKSJmTAgIUooiUR0zTWEoqOTOM2ZemCdJSKUCYhW5lTMyWU6apwKJ3ZskoqpdlkghwUJGFjQcso1W5ppwkpc6pRmumipABJCjxNTSFAwkkUYaUTMAaHCmAEJk0IyNYERGBHKbS0jOTWmm3bLUstpfYlmJKcxggplEmY5pQI1cZUo6RxJvbUGtD1XVE0N1ktmyIgyJZOpxQYFMKyPas1RbqJcGuUoDmhhDJdSyA53dxESFKAI5RpCZozM0uEISQDToiUlUQJITvTFthuUwNbqiWwEApsJJGUUpqbDZgUeHIrEUKKEAzj2EVMrUUEJcIAhiglxNQM2aYsRbX2Uxtby74Wqwin082AasioKFu2aRRRug7braWopZLZSIiQkiyUVMtGCZnArTXXWiLKNA1OsBVSURA2IIpJMjNtZ5bSiUwcUdxalILAJWm2w7ZjHNf9vJfIxHYEQXXJnCwpW8uWUUqUIE2ofMqnfVK2xEpnZoZkIBNJkiBAkgoGKWpUlWitrddrSXYzFDSsVi2N6GqHQ1U2CADCWIBtGRxRkmzZQiGkJGQhA5lTy9YyAkFIUrZpEkQURQiMpagRzVmjSBEAtjOiuqVtpGxNUEoURWYqBIEoJVApIZIo1KhOZ1pIQsKmlBCyQhEYEBGkC6ESThsiimwp7GZRS0jRpoxSSxGmlqJSogRGtZvaGFLpaiiW65WZsGvfSSFFCYFQtmkKG4SBlELQ7IA0U5v6rtombdt2KaEAqTUDzsQomKZJRKkRURXFdmaCh2EqRQZkGxkicIKEhKVSa5VKCUkRIaeNIwohZyqbSokobsbgiCoFJSJhGienawlJCJtQmIwoXe0MoEAShMBOh0KQzgScmKm1UqhRFAFpFKVERJEa6cy0A1GDVEhI2LYzE6h9JyudZE7TNA2jQsiSQyFSCqOgjFOLICKm1sICtzZltrRLFAUqCIXCmVNrQMI4jnbWiCgVZ6ZL18kqVUSNiJBsphxB6WZbUk5pcGsYw5RNoS5KhDJba1NriVColJpO7K4UcKiUKAiDUEgKBOPUFEUh4yBsA10JRalRjBo5U4laa1dKBJZpTtfa1dJFGAMCU5TNErQWChtkp6OoIImcsmWmXEIRUUqttUSEghoKwoRAUiI7iRIlMAZZaUdIkmyHANJgO7ElMKolVOwWKgogSglAqJaStoAgFBZKWXamQVIoELYMzpRkNymEpWKBTagqFMJIUigkVBAYIYBG1CiKYZqEBc42WTKSSu1k0mmilAhoTifYhEVJWyCplKpSMjOCiOLEciiM00YAMpaxS6mtNUkIgzMtK4qwmyQnBGrNY5syUZKkDSYBRUQoAoUEyLZDlWKaBUZSa1OzA0KSiMApBUU1upJOmmshCCEFU0uMoIRsZ7pSqgIJk20ElVJMtikFlACTTRERkaYoWptaa7JVVKKUKG65XK8lQpEiVJwpm5Akp3EqQijAIUkYt7SQpLStbBMiCNWoUTIJqUS0lgRp11LBIaBECNyyRShQ2iVKSDgyp+ZMO0LZmiRJbm0ykE6ZpIFcaykChJ22M6WIELhlZlPpSlBQ5tTAEkEgLgtsAFlSRJQoBGAkUC01JEVgTLOQlC3TFsLGWNhI6moBSq2SgLSNEZlM04RcVSThDAIhRcssQRCAFIqQVEsghUoU1aiSSgkSOzElpCISTO1KSCRpC6mAZKNMldJyQqql1ijYk1vA1Oy0JAyCdJQSUtohpdPpnCaCiKhdyUZmpgisqBFByKaUQAVCkpCllikppAhhFIoqJHDUrkZgsrUoERHY4KAgoQwis0UJpUESxiiUSQi71BpC0tTGMds0NUMpFdtOSZlZSrEcqNYiVSkFpVbbkrBBoQBJmdnSDhxSTiMK2xKGaRzdGjKmdtWZ09Rkp2mZdoJUQumcTMhyKCDTuDU7ES1BSGGnLYkpU6iWKkkiVGxnprOlCUmlRKmSsIF0FmSwUUQpBVFUQsp0KdUKO0MhQnJXa+1CUYSAImqp6XRaSJKigJtTjiggSyExTU0QoYgIFTwlkgJoU7OnIBTC1FIUmqYJqKUEgDOzhFRCSBGl1q7rZZBqrUDaslSKWwMAIWEXlJJKtomgK1VgOaJIhCJKSBJqrY3jKBGqtRRDkkWlRGmmjWNmhqWQRCbC49RyzCilRBE4TYkSpWXaJKKNY5swEm1yhGxqBFFCUoQAU4oSWsuIkHEQEmYYBgslCuEkNJ/N0i5RWsu0hUmP6zVCQd9XEQhZkiEIh5WZZLPUd30pwqGApHzqJ36CobioEApCRZGSIkKS1GhSZFoIIMiWVUFEtkQoSq0xNc8Xc4SkUgQBtm2jwLaNipy0bE6nHYpsto2w04lEpiUrEIE05WSilmitASEJ2QYTBVvYUtoREVHdMltLu9aqkIVsbCQUAkxERRm1CGwLFIAwQkjYzkxnZpMCHCJwYkIkFm1KnBghRWAioplaioTtbFm6gnHaRCFr15USUsnWIqhRVQrgBLAdhRKllKqQnQhJIQECCORxnGSAiMjMNqVCbimp1k4RLacSgYjSORwKY9LNLorWEtN1XbYWoVIKIihIgpSnccppQupqVa0hNRwRSGRmGiGRdg0lNq4lAFu2BaVWiygFbFsqUSSCQDUCEjJTEUosQsJYhGXZzc1JZqI2NexEgYoKQkiSChjjNo4hJW6tSQpFOg1C6YYEhBWl2AakQEqjoIjRSFlLUYRSyIoISSGTAS2NLWRAUoSIdCtR+q5H4UzbKqVKiQMZAGe2dCmlRqQd2KjWQIoIQ0hFshHRyJYJtlxLRyLAzmk0UghKupFECSSStDEWSkJRJEmApYhAzrTtElFKZDZQpg1KjGtgCyGJxKBQRGC3TAjnZMuZUgE7QUgCSpSgWEnKcihCkWlBhGyDbYekNHLCNI0lokRRUShkRYmISqhNzQCZCKilhIqFpIgQwm5ky4alUFiyJamUAEnN4Cy1KiQoCgvSUWqUyJZRBAgpkYSxJCEhCTsihGycLp2ssDMkBIrMNK5RVErAlGkl2aBELW6uXa21yIEbKKJQgpaZLgKitYYslM4akZmZLhKSE0VRKEopwjaOUBAUlRKl1FCUUEiKolIUCsIlSkRQVErpSi1dERbRlJIUihpAAgaEU1KUmJzZRkmhgmyQwnZOaQwySreiqkDYEAoUJQowZTOWbYUUxlGilBIRrbm1iUQ1QMIGoARWhMNBZo6tFUUpxVBEhBLSWSJAkmstUiBNrSkQISmTCClkBE5wMyIISEuSJCxkhDBhIaVbm5oiSqmgUksakiiYdFoRhSBkka1laylIS7JwJkGUIgnJyK252QGALQVQa7GFW5qokWk3E5A0EyIkRYhAFopShAwRIZxkttbalC0lhUpRNKebm7OWcJEISSFas2QhJAXTOJYSToVEGEuK0kWJKglbiiClitOSsCEUCEFIIWW2Zpw5TpOkWqrxOLaWOWXDIrMZOS1Ckpna2NK1KEqRkT22NrYxHKUrYRQRBRTpJoUQEaRTtk1L1YhaI+R0hJBCQChku7UMOUoImSajcGYT1RjcMhMXBTCOk9O1VOzMbHaJ4mxtSiQrbZcoRbJKlMhsaUeEm6UoEQIikLEktcmyI1RKANmaFCGiBAplGqQwnqZEKoII204jhIBEQraJIgWoRnGKUEiS7LRRYLCRBGCDpVKqaM4EWciQOclRuzDUCKk4p1DJtDMRRRGlA2zSia0odqI0KiFwJuFsrRlCIdEyMx1BKBCK6CKQxpxCFiEsRaaHcYgIISlKiYBUECnTcJGiRJRQEiFEDckRJSxKREiKANvZmlVEay3TThQmi0qmp2zCkmxUQnLioBACMu1sklSUmZkt3ZQoLMJOmwBCCoVUokZRjmPLNrWUouu6xNmaQtjNdksLRFF0XS+5ZSOiCEqQbm2yXEqJUqJEUWBsA8Kh2sKCECBEa1lqhBQlqkqtRSqINNiSMXbaTpPZTNgtW0tntpZO28a1FOESRRGJpZAjna1NJQAFThw1SqmlFlLIyLZsI9OYcur6GiooUGKnU5bl8imf8omACnJEjYCGPWUpkVNrrRmwImqESI+tTeNYag0xTVO2bNnccraYlRANJNstbTeptGxutqil4Jja4JaWQlIEyKTAFACMiSh2yLYQwpnQ9Z2KnFYURVAIiyIBlp0gKyVUQgQ4JBGTpzTCYKSQnK21LBEhZRoshZ2ItAMjoEQUiUCWyLSkdGtNKO2uKzbIjcxsSFhWBpHZiBIEIEVmIwBC0VrmOEVf+34mQeJ0ZoYIhZCiCCG1TKW4TJIFpBwSTquUiIgIgkARUUoxptmywMik7EzbqZBCIJQQCEytBaRQiZBE4MzaVRtaEoqQE+wQErYQJaKUzpkACFsq3M9WKaUWAZlGVBVChIQEICBtEiSEQUjgUCAVhYrBzpYJRCmQmc2ywWkwNiE5JCIiQs5EEYquqygIKROF3YhSFXaCEEImGyhTEbKcIAdyyE6sUgKplqh9n/Y0jREqURShdNd3YNsBQgo5rQAslHY6JdkuUqiC0pYExkRE2gZFlAhnKqJECcmtRanY6TTIIUAQto2wUYTt1hwouiIJKW07JQkU0aaxKwFFwTiOU8sIqZC4lJLNUxurSpIGRTgzolgZiihCQmCrRracphFcu74oEmwXxZQtp6YQEqEShSIyDbIiYnIT4cwIgQhlGjsiyIhirFAgVEoXoWTMIYyEjSRKCGxHhAo4Kcp0tsmFUBAqCJyZUkQoSri5kVKRLZSZ4IiQhIQISZLAdoKzWQBRCgaTU0aRkbMRUSMkAelJChqlFsDpEIoYxwmRdkSIjFCAbacSc5kQIayQIgpFSBJhkpRAIclhKUIFGsbCTmdDgISiCErUItlpiZYtJ5NWCWcWRablMEaSM23LtRaIQHYEUAhCUiCiYJBKFInMBELFgCVRSrGdOJ1OhBTK1pSUWiMinRHhZgdFipAklKCWhsSUiGzNeDbrQ9HSEcKkszkxEmmsIO2WOG2KlHatJSLSeJqaHSWEyOaAlJ2SjEKyCBSBCorAgLuuKoSdmYkVgLCdLjWKYmpNyLhGkUIhQWarpXZdZ3tqkzMzs5aIGkiCNBgBKMcx7VpLgFBrmVPaLoEkm0DgsKwAksxpkiIISVwWpVgWilq6EirClhURkiSATCvouj5MYgy4lKoSYCBCAtvGgkxaJhhCuLVWSgAyTiywM8lsrbVaSpSwcFqi1ogIyS1bKZKilBIRJrMRNUKYiCIRNaIZ27VUJIfAIdWoEooo0jhORgG1KKLaKDNtp9MZEQruZycKpW0DTiQTITBoGich42nMdEatIjNtqDVQNLuUAIxlFGFwTpIg3FoURETI4HTINjYKRShqkUJmai2dhhJSCeGUCjJkmmwKkIQQsghsT26kBUR0EUDaEUIKEyUUEVG6WglkbJuUokRJrAghg7CiOJtBJYTG9dhaU5R0JmBPbhFFwdSacK0lM9OWaK3ZgEqppUY2VFBgU0ooSkSglCKiCCwFTJltyhrRMjFICoWkKBGBlC0F6cBTiWJUBRIQisRgLIJ0Ykwqik3LBkQUIKTmlLHU1w5ESMo2jWlKqYqIxCKnFEhgJyBEIIQjopRCiRwzM4UiaorAIHDLFlIzJCFFFIlAUzpUsmXLjFIklVJKrc02BsJOhG1FjSilSsLYaWM3EZIVhXA4KAIRdiqKaEYCW1IythG7q1WSFdhIQgqJQBm162uttROKEqUUoTa2NKXrAjLdsimQJKlEMYCjFEm1RkQ4M0lQZst0KFBGlKpCKDOLZEcAhN3Kp33qJ9lEhCRZEREEEZnTkFOAokQoJJM2iiilhAqKQETpSjFWRGtODGQ63YQCMrNErbWadCZRSlEtXYSiFJQ4BIIIlVJwpiy72UqiFpVwEgFIhAJkmlMOAtvQ2pTZAgVyoohpnCzs5smku65LOaeMUtNTay2KjOwMIp2ZxpnpiIJJGzIiKKUgiZbNVoSSzHSUoghIT252jRIRUrQ2ZaaEFCbHYQAFRA0bZEQhCGVzQqkBKCTAGCOwKaEIhdOkXSIMdqulqpQAyWnbRJEIk61lI4vCaaN0ZmYosCMCYTtK6UuxEKQz05JsWbTWSGrX1ShRC5JNtqYIm2lsiqhRkKdswziGIkRCURiDoxRhG4kkQ1FrMTgTJzbItt1KlFKVJlsTdKU2QyayALtEZGbamfSzLigtMyKcITmiCiFFRMglughFBAoV2XZayAaskEgUkqJUwLYTZcskc2p2ay0kS20YMq3QNGUURYQb4zg6s5RSSqQTYcnJOI1SRAnS6WbbUcjERIRwlBimEVyiYEmSAiwpscA2yFiolFDIIAARKtLUmiQwFpJQRMhWFIVbaxGB7UwjA0osJ1GKJWQbpJAiShA5ZZRIFEVRI6IowmkABGRrRGAkQtFakySIUpGnNLSigjBpIMm0TMpKmlOIEkrLZKZKRC3pJuPWkCSZacrm5q5WhZATwE5U5CRE2kVhbCOZRhpJiWk0HMZphQROZ7ZxmjKbrQghkyQGlwiJbG2cMoAImSnTmDRCSGHbwkhRNE0NnA1wLR3YBmyjQAq72dSuAtkynZnO1qSiEikJKZCIqCrFylCRIiKaM1uGJBXVsJHVMltOsmopJseWJYrAKCQUJSJRy2YI1NxsFIGdtrEwzbanls0ZFJAbUzZJhGRhKaBEEMhAQhC1KyEBEKWE7ak1QeJMEyDcMggZikoUkIIocnM6gyh9kSSU6eYpWyLCElIphggkyWFaUYgwtiW7mZBUgsxsU4LT2IQEpUQCZpgm7K7UUiNKaa1BShKgdHMEkhzFzYCdECkwETFNUxG11FJKa57aJJROY4EUKooQkjEKSU4lGZIBy5btaZgikAJZUqk1asFWKUZSlBJ0cnNLmxyH0c1RwiazZSYGRJpwRNhCipBbQmQ2OQwRSvA0pZVTlq6QGTVCpbnJKKQIOwO5gS1ApHFSokw5Al3pjDMzRKibWiKrREQAoVJr1FpRSNjYKalEV0qAJKKUiLAxZDaKQiXTAQaFopRSZGlYD6UrTmyHiqTEmQ07M0sENhGoOBtKmea0k8zWEgNks6SiMEQAwgqkotZaKSUiatchcGJLSEVRpAiBFUKlhOwUgTOn1kgiSimRGAc4M20rsCSkMECKoEQxOWVDntU+cZtapqc2KQLZFgUIZ8u0cdqGNCGRGJcIya0ZG7CEJUgcCkPLNIIkFREoFMrW7GZbiiiRIYGIiAIkztYMNQKphBRF6QbIIIVwACFFlIgCadOmsURgRUQoAGSICEICh0gTEeCErlaEsQ04oki2DQYjI5zghkIIQyhbtmyWRVitTS2bwZkNSTUEhNpkQSlFgSJKAAK60qGgEIopk9ZACMBQq0wEznSUUkIQrWXYiqBISAIi3ZpNmpBM4lI72UCSpZSIWK3Xma2WWktEhJuTKQiViBLZ7DbJKl00E2jKdLMkRZRSMh0hiaklGIUkmSAI4bQVASYzSy1pg4vU0k66Wo0jncjZKJFgqFFCIdwyVUqApFLCSZuaEFgRmVYJITshWnMpgQMbqdZAkmVQ2NBsKRSRGNu4fPqnfHJIoYiCJVtyOiAlUAkAN0I1CqRCgVprgIISihCKNjVAgDPtUkoppaVJRxEip0zT1ai1E4QEbnYJSRElAIztiDAKFBEEcpRQa87M5oYkSDtUANvZmpPaVSmaHRFgS9hYzS3dIkqRmjNwqEQptRQhwziN0zR1tSNqCAMiFMYkEonBJcLpFFLYxo4wlqRSa4ligWitjdOEkVwICXVFCMl2lFKiNLu1rCXAWDalBChbs8A4EVIQitYcISlsBBGF1rJEEBIippbpyamQSkhRohScLTNUI8KoZQphC2rtsRNKFDvTiVOKtGVwKggUyEGmnRZEiSjCzmxtHLvaRS1umc2ZUxpbTksyCWpDTm1qbkondmZKIU2tgRSEFAqEMUg4naV0NgRpQkQJ5Bo1QigiJDJxIQhHCAGBDGEs5MxxGHASkhTBODUhQKE0SWJnZrYEulpCNQIbpx2qUSLK1JqQkZSS+q4rES2bGwhhW6WIEjQbjEDOtCEiahEKRWsOREAghDIzQRERiiIkbEcJknSCgNbGEiVKAJKATAskyEynQKBSyGwtp2ykUAPZTicRcipqkZEgcDNZuiqnoJaaRmDJ2UyzyWyKCJOOqY0gQTfros5qlIho05TNfV8iassJiyJaIwBny3GcTKulZuY0TeM0BkSEUEhpCVIWESoENgBWYNVSaykoIiwQdgKEg2jZECE5sVwjMnGz5IgwpHHahiAiZGU6ghIdCiFZxpZJJECB07aECBWBHMLpTGcoSg3sdJaIZstkyAk2UCKQAgiyTbVWV0KSkJGFQIoIgQKskC1NrWGHSokip1uzZFtGQopMAgGWnImlEsM42g5BtlJq2mCkkIqitalNTZJBoSiBkVBQooSULVumlS0NDklR3DIzQwgZtwmF3RIJJIgIFUhKFIlmR5RSIyIikEumJckIRUREgC1kAVKASgmFalFrIMs4jXEgUQpSkaSicKStKCUiSpSIqWWUaFNGCdkhVYUCEcahCEXSQDKEhIwkyzF5IokInLZl21gRUbBtS5KUZC29RLply5Y5teZ0kSSVIqQSBStK4GYrAilC0VqzrAwBzmwt7aKoXQgVRUQEKKQiA043JtyVUASQljMRdmZLQTrHsQEK4+JsRiEh7MQowtkSRxSEELII4ak1oYgige3WFCVK1FrshChFljInO4MupJRBAS0bNiGwHIh0Smo4QChUsJFFhISIolorznGYSi05tmE9hCRCADScmQhBMYoSEci28BhRQM0pVEqxigIMZAStTUQIQiUi7ElRMltESEUKBR6TkFFEYJdawAgkhI0UkkVIUkRImYkUCsDpdGZmlCIAYxWVJAMpZCMJkGQhkOx0RJHcWtYIAGywLchsJKUoQqGws2VGkSJEyLZRECgzWzZbgVGUGtlMGoiIKFVRbEsEYRmMnZkqEQogagVDiSCKIuRMJxGyjTNqdKWL0JSttSy1RBSTdhqQsmFnRARKpIiIwI5QgCQkN08tZcBgUFcqAmOphEyIlpmtTa1lyywRNQqKsCOKiloaUWsNlKgIu6UIBQi7mXEasFVrZmKcKanUUkpRCKI5BSGRznRrDUJOidL1CE+NUDolokSgUqoUKjjtzIiQwNEy29TsVmuHVBTZGtbUJqSqcAKkMDIEYCcuEhGZEwQiSuBwtpAUxS1VNLUmZIQsBzVCKgphKSKEM9N2CtINAIuQHCB5GMcpPeu6kMY2ZkuVUqNAAjU02SEiirDsoBhjSpAmAikgJIEhhGzbSSIJsCmf/imfpAhjN7CnaZpy8pQRUWsBpUlcFIa0nWlTFQShCEVmy5ZRIiLa1IxxRIRE4lIKkC1LKUhuICTGYZQiIGqNIoh0CgMQCGwrs9nGuIQMkmgtiFJrhNIZioZDhIplpzMnEZmtlBLSrOujhE2DANuJCygIQmicRpuu74TAITllWwqT6QwUqMmCMER0NbBCIckgK5WkkWwL1b6TaVgKEQis9GS7Tc0txza6oVIyGzQI7NambNnVThHDtA4C42xIUqgIq2Ubp1FWiRIRtUSRIiIUKpLCNDkQRRGlTNNUSiklDBhJ6RynMYokZUtBqRUhhGitpQ1kOpAkiZZNAhREOqfWIkogYztDpYRCThQYY4gSUUoglRARpYBsl1JKLWlPkyMkQQklSWIhy+k0SBJWiUinFYFbc0tDc1pRsmUgFbVM3Npo0xoEkgBAIqbWjEJgJ8Z2GlQiIipRItwybZIMhULNLbOFSkSTIqJIYYEhwvbUpihRS3VrFhGRmVhgRQQEMiZBpBsiTEpSGAS1hKVQgCUZSxL3E9hSCAkg0hZEhG2pAIBNtlZLVUghLCICCSRkocTYrZSqMEjWlAmEZLtlTsOY6VoKIJU0EZIoBHLte0zmZLCtiK5WRGvZpklSBIoaUTCCKBFSREihiBqdhVPqiiIEKYSw7CYBsohSVBS2CIJMJ6K1qWUJiTCupZSIKbOWAOF0YhogBSbCEEr6rhOAVLCEnZnGUokaaexWu56wM8A2ysycIiKklk6rBCKi1loqsqWQmjPsUmuJIsh0UTS3CNUSEYIoihJVgZECWZIQTksxTS2zBVn7roSa5TZNKCJCCoHCNkBQIrK1Zpda5JymKUBRUGQmpkSNKJmZ2dqUtaslOgkFpUSEZBK6UlqiAIWsECUKIaeTdBKlhJzNIYwRJUrtAiPZYES6lBIolaESgXFmCkUJQgoZ7MwkjAKVIlsSEcLrcWjD1NWZAqcJiooiRCBHKKzWMoRCEYGVJHbLBMmOKCGNHmkyNrRs2EhC2LbBMq1l1KgqKtF3VTWwxilr30WQLW0rFCoKbEpYCiBC2JhSCpIhCOzmBhZCUUoITdmksJCK1Vqm7VJriZA0TdPUJhFRQ6iULrCbp2zgrqsRUSIiwiRQS0jVOFCptUaJKhucIUWtKuprN7WpFEVUSIyRnchygJMkUyWiBAK7YUlKWxZFwg7jElIoIrDB2abWDKmIiAABNriFcOK0hCQJEZnZMksIJGgtsSw7IhRRJAlsG9vOiBIRzVaRJafsTCQFtu1a+wgJAocUXa2lBzkTu7nlNIEUZLNMhkm31kA1IkpBCE2tyWCMs6XBzkxKEXZEKVFaSwkkABwkQTZAIixatig1xNSabZWQIjNrFOyiqKFSAgU4UMssChVFRI2iiFIjShWKWtIGVULCxrZErdUyYKczCTBKpmkiLEnQWqsRIMuBSkQQQlEjInJqRqJIKQkFKEK1VGdGhCBqUUgOC0xRqES25ogiJCFJONOTLZMJhAo2kkJjm9o4NLuWkEKhaWqttahFEXaGIxRJwyGhkBS167oSRDgzpVJKrQUjFDVs3JrtnBqo7ztBZsqWQooIIqIQKhEiUSBL2HJKAkmSCpLClkqUdIakiJaWHREIEQhnKkpA2tkcIaSQJZUo4DY1AIuwJBLCKJwNVIqMBUQIEMikSwknOIEIlVKw05mmlgqJCWGMbYSQAnvKhkqEkECEJBWFUFGAWxojjKK11sbJSFKI5hRYEVKUIomECJMyDglCYYGJAGNAFpQINzdbYExQPv3TPoVs4zhGDUQhIjoHEiBLwiEplJONa60hGZfSKQJlTs506UogK0MCSzYKq7lFutQSJUJRIiKUiUqUUtKZU2u2jMm0IqogM0uJiGI7s0UURYQIK+0SxWFnc0q4SDgsO1GEAUVAVzuTQdTaSyBKRDpFSECxbKgRUUq2NFYJI0iFogRQotQSKWgZpRrslEIgyRCSirIlEYAgSgkw2KAwDoWdoSKJiNp3QjVUoyiEMUiKEiWKSoTIqUmhEEYKBVJkGyMKAQg5MZBObIwzs2UgBYqCmNpkErdQVVEhkJuRkANZIkoxzmxSiRIKZBF24rQhpIigiJSdUUtXq0XaESGilCACK4qwHK5RI4STUEgRcjqETbYMIUVmQ4KwUxKo68LNUzaVWkooKFEklUCIkLNFFEXITNPgTEnIOWXLREFEHyqlZJI2VoMSKihKRISQUhYKRylpV5FC0JWAsG07M/u+j4iIMNHcaFZEmiKaLVNLjYiEGmHbtqRSAiEFEjaYQhChkMKtZctSSilq6Wkc7cx0y+ZmY6GuhIKiIgKRmWkUhBwUBFIESBhshSIipMQRKqXYYFqbStQpsyBCCSAbACcKgqoiYRsERJEssCC6WkrBSDmuhtZa2racick0hXk/w04bEyGJhFprLdUGsJAoKsglQqbUCIUzwZIIVQoyEJS0M1OotZbOkIAImZShAJFkyCicLlLUKkUhUpCpiKiFkAgAI2NSJbKlIaQSRgWRbhA1QoFCmRaKEsjgiBKoTUlYCSHJspATGQPZstQIlLZUcsoIRRTABtmZbi1JGdvOROTUhEopkiBbpqCWkAIp05IyDUaKiEIgbGqpUQvYqdZaYBUBsixUVKKUGjhtF1XjTARAyCgiZARSwc6GmVqUKKUq5IQkAwgrEaFCREQEUEJEqdWZzSmDiSgqkWkZCVpGFAs7JUmkCYWdsnFERJQwMq1ERCmCbA0bNI4DZO2qFDbYDddSMFFrc4Jby4hSahEYOyEICZMJsogkQxJBkZBJEuMaJYQNdkREFMBpsBGZmQaIEiUC2TYMw3qaxpak7UzsnNq4XiuKwkWllALI7rouSikRxi0z06UWG2PZaYCIUkqVhCXJBjudTmxKkUqppVLkdBQBEGAZEEJRIsJSEHYrtUSUdAqHSinCWCIhcHNXFaVLnJnYwiGEnAaEjWwIhcIQFrJAEkGmAUUAkoSQCGWz7a50CTZ97VCUErWUUEQII0kqDinTAkzKTnCA7QgpAmScU0MQkoSxcYKc2HapVSVQBGlkwBIuEWmczXaUkKyQQdggg7EcQUsIZCEgEK2lSaIUFQlFKARkpkQ6MymlhCLCgZqbLYNKzUw3l1DUmm4qEiWCtBSWNI6ttVZCJDWKhaVAiqilWICCCAWAFCErFArJ6YQSIUVmIocEMplkLbUQFJUo6QaWhCmSIW3bgEJSCKdTBgUR2caWWaLUbi7TWmKplnS6ZbMxLScV5US6lYgoUaIGSlKSbQtaYmFHBLJTighRJKmEENg4jS0bLJVQuGUjAze7tVa7TiINAqkI40wrQjgzbUijsJzZFLVIiAg1Ummn07adrZkksbNERAnb2RpGYVIGINtghIiIIkUptkpIIQU5JVjIUBQiuq6IkC1JqIQSqaVqJ2jZsjkikCQBoRKSbSMMQgqBRU5JxDROYxtlgTJTTlSwI4oibNKEkBQlAhClqwK3bGRfuxIlp1ZC2dzGVCcnrY0pQsWeAKcJjMCSEaFQYUqTmdmMaqh82id/YiLb6cxmhUyGaRikZLJzapKilBJhAzZh7GwGFKUoIjJUSildF1JEYKKA5YiIIjvTlm3AtQRpKVTCLUFCoDZNYxu7rkvTpqxFtXQRRIlMNzeJaZqmobVpdDZFlXCQzaVEKYFcSsEYZ3rKFqF0yihUVKO6GSwApyKQag0pQOCIChrHYRrHEmFpapNRkYycmXbUmm0ilUqEEtuJQ44opShbIiSEIuRsihISBLivlQg7jdJNCKwIFOBsLWoRERKAKFEkSSqllIhSK+lpykyHMJRaIkIREUo7FApFCQEoW6KCFJKEUARFkdDG1jJLqbWUCEkFya1JEUWKwEQptVQ7W7YohUAIyZmhQDidTiQphEI0o5AQmePYSCtKKRqmQVEkShQJYRKFaqhhAEVmYockKQpYIMlQWmYtkZlpFckhgYlSSoRsl9pJihIlonQlsLFCQhFKE1KtNaJIgVsS4Fp7lRIIq9RSSgFCSqEGwk6pwgQqtVg43dKCEoEQSEhCIUQkBikoCtltcrapWVkIFxVFy3Q6ikLFxUpKLWm5NQtJiTMtUSSk1hKwUxaKCCnCGEtFEcVIkrHCKiWEIhQh5JxyGhVCiiilaJhaQq0yDmQIBWGpKEKGTEskDYcqMgBubkKllMxEWIGtCDfbGRHCoHRmm0AKRCA5sxnslhmAopZoTsBpArCxTbaxlK50tUQAiqoQtiSEiFoqRQm1RKiup7FERETaSJKkkEAGG5wqpQhj7LAyjBSSo1QUpdSIKiFFCtuBLCDJQGkpCEWAWmuABMJJIGQnCFCCswmAZqfBWBIuEShMlloySSeWAMmQObWWRYoiY0VJ205FTNPkRropJCERoVCAhAiEMYBCzrQRalOz02AcpZBYCokQyIrIjFpssJ1SUe0qBhyWCRWcFgI3S2TaCpVSLDCqRYJMQgGTjS1FCMM0NeFSiyIadLWWrsNu2YoKYMt2IoVs245SAXA6jQSZlqSIEmERonadMRAqJUKS04QiVKMgC6lEZjPOJFtrmWGVrrRsoYiQbZMkEqULKRQ4bQyqobQxdkpWhCSlapToi51puq5GKSChllNELSWyZVpCEUWhkKSQZFxKqESJYmy3bA2yZZaoEVFKhCxJEpDTRCAXG4kSQYTtIGzkpijCaQslliTJRERY8tQEKjXdkCREAKWrUhjbtg1haM6IUoRCcqiQaSAkI6FaikKATToVVAWhzAYAEVIRTmOQJJuUS4QiiiJtpYWSlGRQqW5WoAgCbEk22BatTUlGlGwJIYQtRbYhjUK11hKSFKUYSxClTVOUEhECBEQpUkhCREhyWAARwliupXMmRRFFKErYLqFsmSZwiYrSkOkI1VIU4UyQIjBOIxUiikggDW6ZzogoKkRaYQwBiQRkczqdRqgEDshQIEUJRCiiRIqWzQ1FFWmTSZtSorWGDQ6FImRUwiJSyCpCyrSMkW2cgKQIOaUgs4HBJaKEsBWlq4WE9JRNIVkKKUpEGLCjRFeqsTGSnZlSUKskjWND6UxLBoMBY2MSZdqhUNTa1a6EMQhQRJQQCDlteWoJ2FiqXUknzRIRwhramImwFRGyKVVpJCkEbpklAmQMwilJxagE2K6ly0CSLeQSYUPQ1U4RsjMzsbGkbG10Ag4HoVCEhNLUkAWmZQIh2UiUEoqCQrIQyeQpEFBqqaUAJaAUsARgcGaSGEu1FihRRTqE7ZBEWCApNE7NZCmdWmuii7BBSGGkZoWEgCJArbkISoQUCkopn/Ipn5jNEYpQKQW7drVECELKcI6TFCCCEFNr2FEiJKGWGZJtg4ydBiMMso2xjMKZcssppzZNWKWrGGRAgJStqaiUUkoFsk2tNZKURWSmsBAC1HWl9r0IAiOwbQmJUjunDRKlK6WEW7Y02CnjULEzs3W1SJFuNGyrRIkoihJCOQ4jqEYlVBWhYrAzSg1RSjFMOQXYiqLESqsUgkzsrKVLu6BEpYTtlhaEa8tRhXGaJElRSglCIJBRyCZCaadTJnMSMiBaeprGTCTLdlFBxs0JighJoMDpDKESWPYU0jSNmdmV0owhJ5caXY1AjawKpxVIkS2FMlFxREknRshuOVkqIiVlZmYCpZaCDBEhUEQIMm2FVKqiVGWqVEmtNchM7AzJydCSNJmKqAoFSLIzSWe2QVEFFiFsRY2IAgbZEyhKZLNs2xiTraEAh4QUJgFLRQLaNE7T2HV1SrdpaMNoY2XzhI3kNOkUxUKgtKUoAhAYKwKhqbVSa4kyZhZITHOzJUnOBBW3FhF96dRFthaodNVSSBKkay2ZZGZiQFJIXS0RQtGmjFJQTlPKCFuJKVEiBI4obZpatqIIFFESAxiEk5bNVqkFMNmVWqO0RkhIUggiiu3MyaQiQmRmmzKq7BZEP+trKSE5M20RgaTizMQIQ0qBSikSKkUiQrYtY8AiIiTREkQglSo7TVWxKJRSIiKMnc6chCKUdima1mPLBAplapluctSu2C6hUAhaptuEIlOSSlVEpDNN15dQGEVIUmuT0xGkM6eUBAiVghRBQWRrJWQxTZOzhShFJUqNanKiKUpICnJsmS5R0mkTKpIikCIUzY4QBFhSEKaBBHa2lgqFMBJYVMmQ2ZCjRlHFNgqsKM0pMu1xnMZxQgoV8NSaIUIR6vouImRPrZVSJAlatpamTTYQCqZsQWbL5rQ9tVSohjLJbM5E6qKEBA6VbDYpi8yGDXZmItKWZEM6bQeRtiywbWwVlVIU0Yxs4xpFklCttZZqGwmhdHNmTlFKmkxnM8bONHZmMwVQFGFla8hStdOohIjwOKmUWotlt4zQNGTKoZiao4hCtiwKQk5FULqqKEWhICRM7WqtXSlSyGkgimrtFaWGbEopCjsRlBJGQjJp4wTszDTYLcG2QxUkMayH9TQUhaLYmZnZstTqVNQoUULYGEu0HI1D0ZzZUqEopaDMRLJtEI4IC7cWpatRgMwM3Fo6JymilogSEc50Zmams4QiZCMkYRwlQgIkcZkzkTIzIrpSVIpQSCFNYzYyVMiUJHBzOsmMEkgKASBsyaGC02lAKhGEQhGAhBR2pi2QbJBIJ6aUEgojMJJNBGEhC1kyCBlnS5K0TTqtwFMaO03YqSglCjRCkhinRrNCESpRLdtpcDpC2AYMkEAmAplEoXEabQJFiQSACTpEIR0qIRs5MxASgRBCie2oBdMysdJp4zTOEiUUptmUUsClhA2hiCKBRIjLEsKZKBSSAogI05wKahRJIEUJWRAREm2aWqZCUSIIQqRLRFGRcKO1Kd0ChURIYEs2EaRLRCkljZ2SnMpMhWQ5JxsrSwmI1pocyK21EJZaNiEnbRrdWimdSsGZNs4atZagiHQppZZoLYlAiKglsjWLElFKSUtSm6aIqKWzCMvCAowbqEYtpdjGSIJsLZUuJaKETWuUUJQSCtsqJSRDOmsUQaZby5BbtjRRAgQQkWNrTiCktBFG5CRFy0xcKYJ0Ri02RRER2azWEiyFQooQlmpRaylZKYAISchOZ8tQKEQUZwYm1JeqUqapgRSuESLSGQLTEgtAURSybTtw+dRP/sSiiCJQBETIZDMIExElSo1ITHpqrUSxrbAibLJliSJFa81QohgKAmwyjdNFoQjjQii62kdRJhKSlBZh0VoiQkGQrYGFIIUkBIpCSFJYtkUhwCBjSqmKYjKnphpuRhEoTYRKKXJIdF1pbkpFFZbtQhAgJBBTa+thXbval1mddUAUhCwAQUiWhVvLhCillho1goiuk0RmpClVQctWVHA6SFvFgQgBbWpOE8hGJEA6rRKqkVNKOJtKhG0rARubUE5TlJh1nUopEa21zPSUbRqlgMyW2K05iBJBgAPjcDbbdjpkbEVVKBMnmbYTIxEKDGEclrM1Q+CW6aTWigBqqaUrEkFJEkKS3WwgrERKZSZuzVgIESKiTuMYIZVCcVUxbplSkWhOJRRNrZGWQhF22hlRCBeEiBBgWyFsBUZFMowtu66UEqQjIkohVKK4MU1jc5MDhBGoCIVEKSUISXaW2hFEhHG2JocCSbKMkZTZTCkFO6K0qYEjioyKQC0nJSohGYhSVBBFRVM2STQkyYlKREFIrjWY7MBOJFkRwkiyLUtBs8mwTCJpGqfWmgqZjlDibA0TpRiwo0QmpUREKMC2sQ3ZWkpEKBQWAkMgSSmCUvtSaw0iSgnZDoMl2W2a0jZZagkVlRAqOOWcmnEpIQWoSlwWKiaH9YAkKTMVBdymySIiQEkSai2xk8SKomyZZFf7CDmNHaGWrU2tdkWSobUEhUqmG1lUW5tKUEqBmKbRNgTpiDBWgi0EOB0R2RxRIrCFPLVmO6Kk03aEkEJRSrFbc0pSSnZmy+Ypp4AoEaWGgEQCCSFHqW6tlMi0rChhsAmRKXCoRISRnYpCIIVwUYlS0pnGthQSdpYokgxRJGMyW0ru+16SaQ1hjGQ5TAocEUVBFJMhhIoUUYhQAnZrUSqOzDZlBgqJIoWyOUkyVaqzURQKwHbaQoKITgGWaoTIlumxRI0oorWUwJm1BCCRbQIiwgZsZ7rZRC2CiIpUag0axlhRnI2ECGeSLhGZbZomRZSQUCgAGQqS7CQiFOkWtRSFQk4bF0lRk2xjtmwRUaLgFBEiUS3VAqct5GbLGVEVyqm11pDdVKTmZmGrtZY0Z0ZEGkIyErKQpJDlTIoUpdYApFKKsnk9TgShgAbYZDYEiqLAiqghQVEgka3ZRAmMAmebppbZAENEQZbJTEQJoYrdJiOXEJIRYMAybm0qEemWadLDMK3Xq4gQoVCpNRStjUgRkXbIBhsrwwGUKNlSssGZDoGlkISNooQiAhlAKYedqASSlLYTDE6g1lIUSLZRlFqilJQDJKUNRESUMA6FpMyWRhLZbCSVUkspxlJIRjiNEQ6VKCE0ZUMSjlrb1Fq2bImiRIlSpMBgLAtDlFKdnlpLu5QIQiKdtmsXEcVOJyEUAhRFIqSUZWVaISkkHJYFlBCJ5FpqOqOUUEQJIyTZIAxyKTWktEst2JmS03azhdINCdu2ia6g6NJpowCMkAKw00osoVAYKeQQQlJzS7JEkKGglBLIME1NQgSQJJORMhuAHIEIIgRBIIFKKUWyMDgnqSZZLEs5TWlHqZLTnrJVhUoBFHImdqbTqZAwskAUBxhA0FojZKsURURmTplFEShCtXaWSLc2DeNou3ZdiYgoikinm1pOghRSpN0yQ0jCLYhSS0SYLCWkkpPtDAVBjVKs5oyICCUOqZSuYEtYQCESgwXObFMrKjZJltpJcroEmOYWUhDZstQKxhI2CkUEUUICsDMQsmRLUsGW0k5nJBMhEekEioIAOxzGkrDLp33qp0gQKopMgxRSyE4kQCEibEfULmRB2A0spBKBwjgiBKWWANsGO2sJRS0SAVJE1FojFArJFkEktux0V2uJaJ6moUlZSidBRKmlRLTWau3kTDttCSBqaeMkhYQIFCVKiGwZJSS3tGwhp1MWZNq2cSa2bSMQAk922lFkZ0JRYBugpUmuaG2yC6RUui6cYEjJTpyZxiiiBIkzsRSampUpItMCSXaWUqvUEnBmI4txhJS0sCyDEiQUNCONbQw0TROm1o4SNSLtEjVCVkREVTG0NoEjZDIbuGWooK52BoUshUh7apMhJJMlAiLdMluUECIdgZGEkaHvClKmsaNEaxakkCGUrU0JWAJFuo3rEQDZthtSKIxLRKkVm0bUSFOESiEzVChEqpYapUQoIkJCKgpbzkynFaUUICSMQk6jktkQMoZhWCdIESIoxi0nEbXWWmuEIgKDQCGFCIkEQShCYBuQaikCC4ydzYkthcnW8nB5IKmUCraxs5Q6talElFIiIgBjkO3WMm2sorSBxGAnLZMSuJFC2JmJwLSIiCgSSMLpLLUoaE4JRREhqdYyDWNEGJwZEYooEdgQpURrkwHJREgKYUwWRXPKLl2HnW0sEaXUNqWcRNi2yWwIHEhRVEotiuamlgaLCGUSCqFxnJxZakUBFmQmSCiKUCDbqYggkG2XWqaxgYWELOFszTXC2CiCUgoJodayqJjElqwo4LRDIVkqhCRla0UxuWWbnCZCxgGSJDtDkogQllQkiwjshsJEBIFEOqFlwwBtmiJABexMqQQqJVo2Wygi5ISQTAgUISFaOkJCEQgJBIqIApYiwmSm0iCVgu3MKAqFgtbSaSJqiRKllNp1ZcqspShCAqdTmFAoLElJcyKFlKgEXcTUMkpBkgSKUFUNYZG4TS1M1/d2km5TI8iWibFBtp1NEUVFiigRFIUKRKggR4kAhSIUAlQCs16vpjElS4EQYWM7QuPYjKWoUaKGkJ0IZURICgmkiFAJIHACilJKSBOmOUokSLYJBVJmc6YIGzszE9FFLbVKHodBUtdX49am1rDSJgIbjCVoaYqMIhQEgvQUUaIo0zLZHHIJglAIIgIZRYho2RwEql01SWYogK50ChFkKkJdrVY6ZRAgGQc4XUoBGxOWAUQ4EHbKOUWppRYpMCHSbunEgggUJTAWOFvaUhByRAEJMhPAxiqlImQbCSvCmDQyKqRN2iBIIYdKQolQKHFYmY5SMjNxSJhQAUJhKRQiQqKUUsLYSZIyxsYoulqwCEUwtsxstRRQwWlhK6IorMg22c4EGyKskEqpUcK2TLNrVIUUiqgRAdgoAnk9jJnZl4JCIUE/m0WtEgjbLVuUYkAIFUHIEESJQCBlS4WwWqZNKZFupXTYJp1IAVKSclGxjI0UUUgTlsI4VCKMCqnEtiWcSQQhN2NLtikKhdxSpBUlAsBEBLaRnCkiKqRtGQCRNsLNhEqpIIQAWcjp1prtiMjJAgUIpDRkWihKLYqQkQOJxFFqV4odxrKjhKSWmS0lopZwKISdWKbUYrDcdyVqxXbLzKy1KxHOHKeJlHGbWjpBloVCQohAGSpphyIiShTB2JqTQFEjkI3wMDXbk1spXVc7MEayzTCNdosIQJZFCJWQ5cxMMhMMaq1lUiMISikGSU4TLlGiBCYijMAtLbARuIAJRZQoUQkUSlvOTJdSJJDGnEirlLQlt7RbOrABSgmpYBIbhaQozjY2KY1QSJAOK0OllBrGuESk05mZRopSiiLJ8umf+klSMQZnpp1pooQTCds2zikzIyilJraJGgBOIJlIR0Rma262syVFOWVEISjItrGE01Om0kSVnLRM3NJJqSEFNkKKiGIyoihwykLCmU4UyKGKG0KEBFFCIDw5p9ZKrZblNCQylm3TstUISTJRIkJCloRsEzhTUSQwRtg0ZybOKIEKZISIIgxSONOmKQJTJEONYmjZMARRAsDGJBYikEIisUmpQCgMStu2kpAkZUtCshTUroSi1BoqKCTTWmvptOQoESWkIAxIRlGq3KRAUSRFEaKUYjtbYlkgVYWERCMLTK1hWwpBYFNCKqUoEoQiSqCoAg3jkE5ZQEhpE65RDVg4FbWrEREqoYggEhOq0VGUrTU3KXDWWm2wVQJARK1Gkpw5ThMGCWEbKEiBCUkREVGkEpEWpZQQmbYzM2elQ25uUnS1CmwQktKJRBAIMEgQSBEikdIGLGezsC0JqUZRhEAKZ2Z61s9qKeC0hS36rra0bCSn0ykpSmRziYoQiCgK7My0EOq6WlVVYhqn1poiJEAoJIfkdGaGFCERsqIrJarAbjal60Kl5VQUpNOJUURmEwZJCmrItrvSEUzNEkKZBiHXKAmtjdM4TM4S0ZwhmZQkueuqU8ICZEoFQEFYRnZ6ysmoRNieMt3SuEQoIqKEZCxECGc6IsBMbQoJhZRAS7dsIRmwbSsCSaJEiVCStZQoNYLMlCQJUChQay2dUaJEMVZVWKVEaw5jkc40EQGRZHq0LVtRCIIQWBZhJQgotZZShZCmaYgopUYoShcITITSiUMhJSohyZnGpZTWpnEcFYHTRkApocBc5nTLZhspkQQlQgqJiGJUSyUcCmMyE8tE7dIWKKJltpwk2pQgB5IjStrZEphMKFqmMyUB6WZLUqaiSGAbSAs5AKtl4qylWqQdUhQ5rQLNKWOnbRskUESNSNHGSUSJAIVYHa0cqiWmzGEYnFlrSLJcFIi0w9HcZEgTBiGcVggIUERadioiVBRgAcaCKMrMolCVjUxUqWADEZJC4GwupRDhbEDUYlspQrISowRsAEkYSSUqoZCkkJROy6WPEjXBIhQR2JZkE0GEsAhAAKK11qamogjIyGxFIamNLYpCykxsMhyespUS2TKzZUvhTDdTQISFRYmQirNFFY4aEVJLZ6YUMmlTVGuNCDszjaSIEpQISSGphAQCwnbtSkQoFFFVgAjJxulSZCNRpJbGLhERihIt04pSBIRke2pTEOlMZxBgkCECN9sGJwiihOSgkE47WwqVUESVhN2SdCJLsp1TTs0Cy5IiIopUlGmBhKGECGGD0gnNhkDpzLQzShdRJKepNUIl3TDZ2mTjxHJmgJGxDUoZBS0ToyLAKE2RQ+FMQq0lglBgyXZagnSDIowQ4TYlIadNGjkTEsBOrJZRCxayDZZCaZOyCJROWYqICBVETOMAkgKcLd3SAcZWRJnGKdOl1AgwgCAhbSRJRWGMkSilgDIto1JDCsnYIqQwCgVRJCDTAiBKVYSz2SZEmohAaWebSgSWM4nAFJR2y1YiSsggpIgSUUIqUSjCNiWCggySEwWKKEWWwmlFiCihEM7mZpNSjdLVLiJqDWOMHGkLQlFLjVCUIgm5TQ5JIYKIIoWCqbWptVIiSgkhCSwk3GwkJcYKtXFcrwcZDHJrNpSQbWdalFICEbQ0kmQcYJothRUSUikFIdtJtgSwjTGlVGRDrV2RowZOm4giMELptMNOGbep2UhYpJ2ZMuVTPukTHYmJWjA4hGVa5jSOzY6IiAJgi0AECNvCVkSgxFIAGEkllIqCkJw0N9JRSmsJDoUCKeXABiQpTCmSbUkG2SYkQUrKGpG2EEUVEW4msIQzQTJgCxmhIiWkLQTGREhSKTUxpKJEBEQ6QZJaNgHC6YhaQmk7c2otIiylU0FElV0ipnFyaxEVEgOWZADbBpOJnVhIUtQSUpQIBUYhoWbXUnEKh4pkhAEnIaS0s02IkJw2ClCEZDeGcZJwMrYmqSokmptARJGyWaU4GzZJpts0ZlJrhJSkFCWkCJVwc45WlKgFVEIJoagRBkxzs5PMhIhAtKlJCpUyE6mpTSVKKaVNU2uTikKlq7VEoAjIBjizSRjn1BQmqpsFKgUJk4Azp7QzUOJ04rQdMGWjpe0oykxIRQROOwAkY1NKRJQaJaJYNoCdzShFSM5MO7NJ2JKkiACnM1FaJQRgla61KbN1XV9CipCUNlIosNNERN93SG42lBDNtVZntmzObJmYUoqTkJAEISlAai2naQpRa3WDQGKcRomur4EiAhlsCwFEKYAkAkyUMMo2gkICRwSySmCam0nSKiVKICRNU0rGhjSUEoKWDQiFFNkmYyi1qzIKSGyXWmrpW2uQILAisrVaSi0lnc1NhEopihJqtjNlEZSoishpQgoRKEkS7Ailm+waHbLlUEihUIhaurGNdhohnE0qEjUixwQ1Z05NEQoZOx1gO21sKaSoVThCqAS2ZaRC2KRblCA9TW1qDikNOEo4XUtRhAFRokiR2aIKIxRdRKkRIQMxDYOiYhMySlKhTCMHNWnj2EKKKEHJliDZFqXUzGa7KEoUFRFFSNgRElIITBIR0jSMU2tYEZrSJRRSRGBLxZnTNEUppSpK2M5msERIbhlVzsRCGVGcjpAAZ2tphIQVERGUqM1NEVEkKKVIEgIjYaZstCQgqrCdLRuWCnZit3RrEzhKhYYiaoUsklQU8uRaK1LLdDYiIhQRGAsiMDgxmcauXQ1JUiBJIRmQZUkSAbIsBKjQRktBJrjWcJLGZIlONgqbGl0pYSEiAkw4wJKEEiNlJpkSipCzGbAUAdkSVCRDpt0yFHa2aSy1lBJOT1PDWJYjQlMbRTibJFDLjCIsEAJj2c1RAkcJ1S6iVEQQyEFQKCUiyjQMbZqidIIoZCZyRJSizBZFQbHtTEFEcdjN2BJTc3oKhayWdqbJqU01aq09IKkg7JbZMm1nGqurYUlSiUKhNdNMqCowxqGIiFLKlJMi0nQFocnNTtvOZmNsUVVEFMKSZESJajWphEIhpyOilioCp41CIhElqrBtAHuaJptaqgE8TVNrTifgdJoaYZFJqVFLsZNAaBqbSTuxS+kiAsDuakUW0drkTKTENhgJRC2SpMQobcsFRSlCRZqcY0tsDEmpBUJBc5IGlZABu5ZKIYWwokxjUzWOAk5HCUlSTG20m5vTliHCdokKAmemSglF0kQooqC0ERGyc2pZQqXWaWxgJJkIJGVaZFhglUAqERGhkOyWLdPYQmSqhBBgK0mTRmnSjdaaMxQISTIgAIgStuyUMSgwESKiZGaKCEVIRYRkRaiUopAzBXZmy8x0Omox5JRNdKVaETgz29SsqKVKVkRrjUxZ62FwJsJ26UotVTiNbKedgAVpQpF2UYBBEZSo0ICI8NRETE5BEJOnEIZSKiKESpFkocxSCjYI5MRGIdm1lKJChFtGLaUoUyaBkFAoEDYa2xQRUatbUwmnIQjXGumURBqBhN2mdFpRAjKdUERECEuSZFM+9ZM/CaUyTHOiotKVGrIzSpUoEiGwFOpqtja5ydFaS1ICy6RwLSGkCEXnTJGUII0z3ULhdLNrlFBM09iyGQlsg4qUaduZaTsiIuS0JOSpNRuJoCICSSBJUUoYnC2NFBEBNNlTSgpJCpCQZUUIhSQrQSLTGItaIlQiorURq3QRgEKYUECUCoog0zalMk6NEElmsxSmNRspIiQUErV0aUcJ21gSkpAkCIUCZ1pIQm5WqEQYoyillIhQKGTslul0OkIQwkDpokQXwunmpighYQiyZcuElKNlQhFpFEFEBGBKDaeE0rZtmaCLKuw0yJmtNQO2Tba0CJUoskVQotjpRkRIJYoCGdVaai1FkW6ZTDmtluu+6xQyUmY2G4E9OQKVoKFAoYgQTK0JSSITEaVISiwUESqSCpaKwgI1204AAhpggySU2NmcOFAiowKSkAOMUIkiyTJSiWjZsqXTRnKaVERfSprMlq1JIQGGqEUR1SIQSKUA2FbYzuYIlVIQQUHK1giQSpEdmakAK0rBTlo6I2opFVRKsYJMp5EkBKUoVCOQJLtlQpFymlKBkI0kISCkli1UVSIo2dzaaBMCyWBTQiJappMIUcKgoCgIQgVlIdJpW7WQk+1aqkJOQpHOKNWkM51GIRuFRMumiAjVUkpEtkZEiQJKNzJr10UpmNYSRRRJSIFRhKxaq0pElFqrUFUQVTQbECKNnUGRFBBIGEVmmpSEKREoQtGmydkiikAS4jKFlE5QjUBkaxGKUBCGdEa6ZQpHUVptHEC1q7VUbLe07WyllGkaJdVagrDTTkEQDmhppyJqKREy1AjLAlCJEHIQIVEqOEjD2IzBaWMLQEh2Q5ICrIgIAS1TshQloEQhQIooUqk1FJmJqBEqJQIhwI5sDVApdsMGIlxqjQgSJNO60qXVppQdJQRRFBEiokgETiBbOh2hWroQSIFAOKWi2vVRJdeopesUOF26InDabooSkg1qmRkRsiQTgZ2hqoIkQTJmKyoRkeEgQhEFk0IAlrESk5lGqqWGIk2SboAVIKXTThvbUktLmBB2c2amFCEJpmk0YRurdFVApkBFmMkTk1BOmZmJwiKNsY1CiDa2Wd/VvitRM1uzSwnbQqV0YSOFHKVYkiKCtFTBIRxRsUEqhAKyTcaOEqUU222aIkIR4KiBlZmEQjjb1NLQqRJ2Oi17ysSZSJJKRFFEoFKwIchmJ0Rrk2USghKBlSYKpFpLT2kshDCZTgwYsFyjVJWWaeF0ZjozSpWEVUJph0QIWS5IErYEIdK0NtVakcOkabiAigjVEkXFYUxms9X1nURINiEBQpIiSinU0kdBSKUAARbZXEtECEoEEVEk0JTZlWJjImklSokA4wArQiiNCBXS6UyVEqHALmppZ4qQolaBJJWgNQshAhkrCIVtkIwkGUmlVjInpkKJKEjNE6arFYEEkhRRIjLAaQRYkoxxLSXTglIkBagUYWEjhQSkW0S0BLAipCjVYCcKbBuTThVBKJAlbFstp5ZZo9ZSsDPTmRC11ihRorRpmrIJIuS0ImxU1NWuRCAVWQqFnHYmCJzNzkwATdmQBABIKiGVUp1pO0xmwwhLgsi0RClFihDGOC2BELZrhFSczimnbBFFJZwZIVAJSSGBbTsiooQkWQmgKGHZmYEsFUWpVQiopSIkQdZSFLIQgUyCSGeRHYGAEFYIO5NSEEGQzUUREZIiQpKDcMggjy1rCaEQtpQ5teZQwJRZIkotAhROd12tURQiAgDblE//tE8O1ZRtBBIRxYQUwDRNUYoUObUps0RkZiAFaaMIByKkllaESuAQza0lFGS5lIgIhRQqESanbDYREVJEGCANiiAdpUQoMyMUKEKZVgQQkrEkAAs3FCFKqUKJZFprJts01VKNsIFSisM5TTaSjZCcONs0tRIRCqGECFpzukUUy4oSRaGopUYRkpDkQthIFIWDEqV0FUlFERJIESFb4zTYtDZ5asbpTBPI6WYb0unMtBGmGQulndNk23Y63bIEU7qfdQCouUkoSjgyJykUEcLGpmUrBKAITC0RpRAKla6rkqbmYRxNgKLI6ZaTJGMmI6SKnJnNnsaplCAdUihKKSESSAgFzswIotRaI8zYWgAKJ7UWm8zW0qFQCEBSRI3SdSGVCIiKbaccSMKBsIOigqRQhCRJJTBRrCTtWgrItrGNsEIqctoIG4FdOoFCIQU4jaGNU+1KQUaAQkVqWK2pSDbIGAFq2UqpiadpFFGiIueUQKlBRKBs05RpnNkwiogQQFiEkCJKjZCkjKjYreWUk6SiQISkCIztUBhamxBgt0QgBTJuzRKAMxOFhI2lIFTSNikJBWnbRUWhCEXIIQxO1VprMUpnTpmZilAonULKJGSMnbbTFlL0tQoEslpr2ZpCBiFsk0iBMj2NY2uTEFJIRumWIIWwEVJRKDS2zJYUimQp3aSC5czmzDY1Q9pkQIkgIp0CS1NOSLZrV0OBJBQhS6QlhUrXVyXGmUbGMhZKHNKUtl1KCZCR1JVaapRSFOHJCLCErUCKQGEb7OZ0Tq2BSgAQ0RJnC0m1OptCGCFqIGQMtksU2xJEEbJtADcQEMJTa5SQJSBbDsMkZ60lm40FokhGllVKCJwWpkRE1NqJcE5WSC6lQMF2ThHRTBFGToNwi4qotoX7Oo+qIAyYtIGqyFR6yrQBWVFKqa01MBahIkDZrBIRMQ5jIokSIWQAlNhNEWlapmyjiKDhTFsSkhAQppESThvAURQRStuZSGBLkzNSkmzbDiJUQhCWAui6imSlUNoWAYpAThtQqrWMolKEIjNJMCoKFaCIEoVQqUWS0zixoCmqIiLkRFapJUIYoHQ1IIRUJAXKNKKUIguwBTZ2OoQiBC0TQARCSHK2YjU3rHQDRYRsSZjEJYpKlFCUQGqZgRQSIshmpSGiKyUUIUmAZWWiUkOWQooSJpFLqSbaNGLbbtjpEhGBImZ9D7RswhCJnYkcETYhFCUUxhKZliRJomVGKBSl1BoFsoRKKViS0whbcmbLpgjAzjQCySo1TMOSgAShbC6lRoSQcShCETWELJcIqURR1K6UEE5KKDOdmLRCEhBAqRWHZCEsO22FSDsxuJRao6YtZBDYjii2LUtRFLXWSKdl7Ja2IWgZJSyBwICdRTJCBoRay3TalgQupSSQJI0shCDBEFFKqEStRZKUbm5umVECTAgr0woBEpIisNWcEbVEsbAtKRQ4bQwRERLpZkIGmSsEFtFokmrpEDmljSSkbNkyFUoju5vNbGdzKUWSMabUkMIyJopKCYUgwOM4NjdAEooiFIEwlIKIbE2AcVJrJ0mikRZCLTOboxTbaSiUUJRw2jIWzpYtImoEIAXYBmcEIEG2sSWBCRGywESQBjtCARgEaWPhKFWhnFqCJDuFsk1VJSVjUkhOO61AIcJkhAILZ7aWaSmCSHCCFKWA7GytYZEgnBYoDAVse8rMtITlFGQmWRQqRbZFiWJndGqtZSKDnXKa8kmf9HHjOGKXIqlaiEI4p2w5kUgIIgJ7aqMUCKnUUrtSkZ2OCIFBJkJImSlJAlAJIRvkEhWDLYUi3GwsSaJEMS6lKASa2mSrIBQSpRQJQ4Iyp7FJVhThdLbm1lqg2lURkpGwM227lJqtYdlq2YRKrVhRJIFBATYQLiWM0kl6almKZMacBGlyHCWAcWqJMwEHEV0J5HQtxWlJiIhaJUPXKVtiIko6bQhZSLInY1mKIkAKAoiQSlQVpGzNkKaUEoRRSEUyAU7btkGADDJWRESxW0R0tYsIUJICk4CdMpIcCgW2Qq1l3/WlUyKcUUqbWoS6WqMUB0ilFEmZnsapeRRIammimMx0a2lPREhCSLJp06QoQgDCzRFSiUxKRBSFMZai5QSGSKchatgmApy4JQUI2uSIsLCNZDdDEYqIKNkys0WEhCEkm1CEQrZlg52IQmnYFuFsqdA4tXRzOkqJCEQpxcbp2tc2jFGKQmCFwBFVpCerBshTGkvCmlpKSBFRQMYllJnr9RpHRAgPw4Ciqx0l7ERgR4mQgMyUJJRppIgAO1OlIJG27YgIImJqk7OlE0UpRch2pu0WpZSIBjRnOIRKlCi11Gwt2yQrnWkXBIGQaghAKO2QolQQkJlTa5lJCRGWLSlKFA3DaBACS6pdrbWWrgikMAZkFQUR4KJIgW0p2xSK2lVskJ2GQCCJzLRTdptw4Mw2NodKCUyJgizClkJR1NKZE6iUiFKMbKdtE0UBKhU7SQwtW06ZEKRdalciErCdNm5uIdlgqSgEiaVsTlKoKLARlAjbzlqLQ0plS+MoMmTamRGSaimSwk5BLZ0CRYDd0k6SolCEnSmKQhGgCJCKSpK2SkTioISUzVEis2Vm1OqWAiKMbZwNRRtbY5TDoitlag3hzMyGISiliyKZzLSSDIUw4JBsI1QCVKKULjCyFeHMcUxnQ4BsS5RSx2nIbLUUlQqAEQrZaROKzJZYSEYCoVAEQYkqudiOKKrFKACVUqVQRGTDUEsEERGeJpQRynRmIozTCJAyUwTCaQADBkUpESIxRIkIJcgCi4iiVAhKlLSxEBEhJEkRKOxJCoRtSSALRTgpRbWWnKbWMlQUgY3AkuSkMWVSQlLYFCmitLSEEEgITKZMyopSSo2QLbtla1ECSCyFAEgnCXaRHEDINiiJKBGOKNlaphuWLRWFJBSlKzVqId3S2VpEIY1dapUCZFIhKYDmxDaupYbCzlIiohjcTEJxQqiAQoqQAIedRKB0WgVbUhgjZWISk1ML2UZIUFSQJLc0toow2RKIEpnZ2iQbwJYKtm2ESFINhLksp0wj7KQZQTrJzAQ7MzPJbBJOZ2aSOFVrSKFQUVjGEiAFQCk1BIDsZoUsASEjyZaQggI2idXkYifGtiQpMrMEEWEkRYQUYRNgEolAAhMhhBSttfU4kllrFWqZklAAORFYQiqhMLRpStuioigiQ7ZxmyYkSxJ2FoWKyMRutiQhkYQUYQzIsmQDUBQlIhSl2I10RKAICaESgcZpcmZESCFBSnJEQdHa1NLZWmbKqrW4WQEoKJIkAdkyakkMlFIItZymaSoKRUiESiklihILakRakiJimjJbM4S6ENhSAE4MEiq11iIxDGNEtW1TS0EKnHYIQkKZOdHc0iFaZjZFgFsabCsC2yisbFPKKlVOYzsoURzKdClRimwbSq1JOl0kK9NEEBTbmdPUmiBCNrXW5iYUJYqitZTcxszMGjUiQiECbGFZFgZZlMx0ZoSQggihvd2z2QzZdV2mso1d32XaIFBIhJzraQqp1tIysZtNUqMgmluJqqCNLWopodaabUlph8JSkE5FCUJtmiRVKVXSk6e0BCqV1hyolGIAlERR2ukchxG7dl2pQaIShmwts2UyTVOJ0tViAEsh0caczWfNbVytVUrtSk5tmFpfK0gERXITYWiZUoAlCdJ2TmNmqbUQLadCWBJQ5JYSrSURIUnIWMpsRgGQIoiwHcLN1JCNSRNFbkmETDoVAchO26YWGbeGhCJwjlOrtQKBCKTIqSFhp7JGHcexn83JaUrAsm2LcFiiTRkRUshYxtiYKaI6nXaN6hhxAaIU5JyyjVOKiFJLtClVaJk1iiRsC0OOqRJRyOYwU7rWiAicU6aQIkIah7GNY511oTAAEq3R1zBMOZEYMARuSNS+OhtE2hEFu03jODXJRaWbdaFIOxQt2zROk7MroagllM60u9LZltMlcmoJNYRNRJhhGksJItqUQJHSJqVCOjG11kyHVGqk3aYWIYRco7i1TFuAiIicsjnDKn1gpVMo3ZBIQsXhnFopYSxCpjmjCEIwjZPdopaI2qZmpxQKlQgJOxNotgwStCmjqK99msmDLKlkNoSQQFKDaZxKqNYuFI1pvRqUjq703cy4TZPTVgYlsTKjdhG0RrYxRa21UAhySsJFsR7GzGm+mGciBZkGBZl2utRigxsIVEpkS2EijEm3bEZhooQjCoDGcUSOUoLITMukhQiMMjNACpSKImOQlJi0zdSmaRzn/VwlINMowNi0NoUiIgylhkxrZI6hkk4i3FyCUooVtGyeIkIOQs1ToVjIiZALYSc4M4iMzKlBkSxJ2MYIKSLCOaGqYRhBfS0RsmTT2lRqlUlaUDMzs4WIKC0zpETTsJJqqSWKcmoJCskgZGxqF05AmW4e5FAUnLaRIoqQhbCIJDMbzrRqibRzmvrZTCqmkUonCBGSRGt2NiTjUiIodrZstm1CZcopW9a+FskJiKIQmXZOoQrOdOmKnU5FUWazVSKygVIllEolprUmXEpVABKkE1MULsVOjxNRS3ic0jJJ1xWpGBuKc2xZSkgxTZMUksZxLRSlIiQExtM4RSkCEQSgUIAzbSyFMMTUxhC1VtvjMElRqjKdLS0HMqpdJTNlWSoRwo0oWq0H25iu60otbWwhEC0bWA5qFMU0jQGUKrANQDibcYmSznFstUap0ZpDZDZRrdYmI3e1Q3K6ZROUGqJka6XGerUyms3nbRpba9M0FdWu71BEsdOtOUJgYJpyaiN2iapQiUCKCKzmDEinG1QprVCaCCKCVLq11lpORTVKiZBQOqOUkIyZnG4OSYEzm6MKBEAETklYqak1OyOKgtYyIqIQhMW4HjObaglkCCkiosSwWo/DNNuYFylt43BYmAyMItNIgQwRYVIG0SZnTkgRQsJEFFmNhp2ZYSVIDgWBTXN2tTrJNpVS0nR9N4xTtqlGsRCKCJyZ2aaMrgqcKbk1EyFlLR3Idkh2TrIaCuFMEwhocicRlWxpT5mBi4pKuDVKZHO6kVm7HmOpCENraTeVUCptIEKlxjCMTpcISzUCKTOBzIailCIrs6UtIBzROVvLCZdZjWaaG0ZibNnVGpCZCtlGQdowtbFGkcIiQp4yagXbtpMoFWVYTVFK8+SW09SQaqmlltamiMh0CIJxSDsROPt+ZpsrWqYboVIKBJnNTlum66pCbm6kEZl2Om1UalTVoY0YhUop2MIikmbXCIObLRMKpJDHtFsrNYbl0DLnG/NaumEYui6mxK2VKIREtkQ4J6tGTlOpJRSGzBYqUTUOE3g2W5AecsgpsVVrGIKiIDStGyWDAE3Z3LLWoog2tZQLilJCaradVQVpysmNKVuREE4IlyjIwLgea99BlAggQpmNFKHMSY7SRWvNRgq7lc/41E8ptZZaShRkIamUrkSQzRgLiQgpIiIkQKHAICs0jhOIdJsSLAAheUqkgMxWoggpwthJkKZIXFamaRJph0wIBU4LpRsO7GkcapQopaWbM90iShCZLUoJFEVdNwOTCRGSAtXI1lq2RNiZlkpXIiXJhmwN0hEKV3UKTdM0TiNGNYqi1CIQZHPX1ZaTIiKqEGAnUgin044oJeS0WyMCo1AJKQrYU4tSEUJp0hlIgRQCZ7MEAU2UFDWiTS0EESEJSUYEpSAVAEkiENM4SbYdku0QUbsITemIiBoFUEAaokamkYQlJClCREiWWpswzhzGEbvre0nCAhkJiAhjCWdSCkGRQiHnVErBoISIUgLbam5RoutnmSk7aoDc0jKERdQoERE1FKVTlJopZTZcFVa6GShEcxvbJIVFtkwaibFU+lpRBgC2Q5JActp2iSLRpja1VChKlarsWkqUkk5MVEiDSgRgN2Qn6URCclohm5Ba5jQ1t8mpdAMJE2QmCQIEklSKsFEANkBmJrKZpkkmJCkyyXQpCIENbWqyMo1RqEYBt3QJhUqzbWeSU1O61moMkgKQLUkQEVOOThdK6eo0NrthIgRMmRES1K63basGDoVCYEzaUCQjkVIEkZkhFMLYFo6IIiGnXUrpSlFEa42QQoWwE4iIKOEQKIipTZIiUCgiDGSqBEghmdKViDCWlAmilkKSOCzjKFFKiRq2pSglotRAhKoqgQSAMRQF4TSZrZZSasE2AnASkS1VijCZEOlMJ8jYCaEIFQIVRCm1lBpFERGKUmTJOCRDm1JS39WIyDQgkGKaUjZWZpNk2RYRuKUtJxG1FCCxkIQQGEVIKYtiyNaiK0UVBDZQIixFRFEEBhlEEES0qYVUIxRBRLq1KVsmclGxE7Bobcp0rV1rLZBlW7alEqHMLIqW2ZXa1eqiEEFIymygEiVqKSWmsTUjp0CKCGXapEoUFQBbIGRJICmN7TBIgnTmlDYlwpIza4kiOUmQnZnNLlEUykzsiJAUoZYOCaS0bTtL9KWEIhQyVkJITiFF2CkFeBrHaRxL6TKbRCnFSLKQUamdADKitKmFFIpMT+OYmU6rKNtUuiJ7nJoFuKiUWh1ZVOxsYONpMhhCkjIzVQIRCmEiQkUijRAFUewE2YkhIjMzG1KUEorESF0pUcLpYVz3pZvNF2MbwaFoLREGSCHbXam174Wap4iQwpCeMjOManRdDRkJkGSnULbMbIKIiui7SBQ4SrUzW8uWpRRFqISwU9M02SBJgdNIwrYxASnIqU1AV6O4pGzbGGRTS4BIQyqkKLXrutplTm7ZnCRRUIRUpkywaYqiEE4UThMREqKlFRKBhDJJ0iiiFJxDG3GUWtKWVSKKCoag2XYWlNmAUookybaR0i4hyZlpBC5RFQIEgDGGCKUjDDaEw4GkIiCEEwJqLVFCiubMTCddV7u+l6pCJrENBFi2AawIg6QCRERfuoiIKCgFLTEpKxSBHKQzswWKWrNNhohSSjFMrUkiCs6IUhTphkKgKJkOZ7NVVKISCkXa4ziVUESALYUxNGfLHNvozAhJUSIM4JBsG7c2yRJEKEqNUCimaRynSRalWC4uRiDj1hp2hEC2xzaFyKQEUarTAJZp2ShFIWVSAhvLmZQa2E4UUZBBYQgA25YiVJStKQg0pQOiyJJtgzNVqskIKYJkas2ZIJWI0DS1cRhqqc0pO0optQQh2empJWSSmWDXrgiihBSJcUaEI7AtZUtsZAQSilowjnAohJzpJO2um0VEgEKSAaeTbNMURSEiikJCLScpyqd96idDttachEJBy0YaJGHAxoQUEYqQZFJS13V2DuM06/tSAhwlJNJIkiilhmJsk40FktPjMNZaQkWyJIxJgq72NlEkkUlmS2ebGgFK41qqiNGjGjahADcaVu06cCCFLRQFyVCjJhYqXcWOKAoUJQBssBNFTp5ajtOIXKR0U4QSowhaM8ICFBGhECCQopQI5FAEkDZQakGKIKLQpIJbGhKEDQpJipCl1looJNIWlkIRknFalBIRBTRNU8MBCiG3ZpCRnSUU0NLIUhG2UBSBjdIG0hGltRFFEIYSapklAoUTSSUKITkxwJRNKn3fRRS3RJrSGGS3TEPIJmqJKChby3QLpKgIjCSQbbeMqCUKSqcTR6klopQoqoRyGgFDCEp0qontRAooIYgIKdTN+r50FOGQXCKMhIqi62piWzYhIaXTiRR2llptB5ElCglRomAnKQLJdmtNUEoBFTmNIkKRLds0jmMrBZBKyGo52Q5ERChUFQpFyOG0QQYFJkKgbFM6M+20pFKL09M0uWVEEBEl7ASX0JQNqaslSknbmZZqLZl2GqwoCmEgFQopUZJKUYSd6VAQhJSZTlSi1hoq2FLYiZlaC9F1fUjpzGaKjWpUlRIhGyBEmigqpYuIcWrYxsM4laJSa0hCY2aYYRydjtCUrbVEYE9piqKUEgEREigzo8hpRTjBdra0ioSUNkY40+lUCUxItpsz01HDIFRKASTZmS0z29RaSBFgI4UiFM60HdEpQjhKCSnTkJk0Z+CUnSlTa7GMHaXDblNSkEFhGTkUEpCZCRJCcrq1RqIQcpTIqWVaBYykiDIOQxQhGRRCyGQaE6Ug1VIBgyBbEzJuUwKGUjpwtlYisFOWARWFRNqlBDaWbey0W2slSgmBLGG1nIC0iyilGje3ljid2UoJELZKBHI2p60MiiFq1FJqDZCMFcglitOhogA50wlVoDCKgqeMUiwpbaeBJLO1zFICsAEys6UlDdNUS5VQCUmA7VAowtgw5TSsh6oA2tTsDIUko3AoKBElomVKApUSERFiGhuSIuxszYoSIZMk4Kk1HAohFRWHnVmkhslUCKcIhSIEoYhpPa5Wq6hRapEUFPCUlpBthHBm1CqLNHaEonQgSc6WzVGCEJnZHF1VKp0RRQJh45YqqqW2nMJCLlFqrSGyZcucskVEKAKIooja9bVGOksUp5unnFxKiai2S4kokgI3rCgxZZM9Ta2rFSFJRDNuU0RRUGshSpAi+tmsRKBME3YW2tjaNJoIyWFAaRsFNoSqSgkBGAFp2yigEZomS0QUlXBLQ0VIERERQISCYhwKBcM4jeNolcwJWyoRspGUaSdSE9FIWjMIJCKilhCSwLaJCCksOVtEUUTX1yglFGBQSMIKbJWiNk7GoRKFUKQzTYgISSVtIBS1hhXCpXYiwTLGoQC3JkAKB047myJqqNmtNYVKFKE2TgajUjVNDRCWIkw6JcsCG4cFTkvYTmxFSBhsO50gUSIUNYSxbVlRO5GAcaZLqJSSaYXCmCai1gKKKKTAMtGFUKlFViklcNrZpigRJSIKiqqSOJ0lCrKnFDJSSJBpRIkACU2ZgtrXiAiQiYgpW1GpJcRlCmQwuNRaFJlWOEIRhQRQRImoNZBKiWwZRVJkZsogIJ1goXRrmdhIDgkhBE4bhyRQFACT2SQFAoSwsYqYmkl3XVUttglqCaFMSkTtKiAnJtMRApxOIyVWKbWUCEEoFFI4M0rpuqoSnrJ2xYmwQ9kyk4BaY/JUVFAAQpZqCZBKIR0RYxunYUondqiks5SiUoFmg6VAKp/yyZ+YNpblCIlIN8siWpsiohAKJbRpwp7a5DQmM8MoKLVKEUIK25kNBDZkTk4UUUpYzqTWqjARU0tPTYUota9hhBxB2hgUJaJEqREOVVUMEbNZX0qRLNV0IxHCaXtsY5syIoxwumVITozdxm7WBwLsxJYUEV2tKNo0BTFNQ4moXZFKpluanAiFJHBza1MoUiBjnA05W6IAK0QSJbANgexMQaYhFBJYigiQZIRbNtdaLEQoIjPtZiilGoXCTkGEAClIMNM0EsrWSi02LTNCsqXIzBoV5zS1dIIExrZBdrplKuVADgU4s5lsrWVLBDgzne5qjRLCaUIIR1FawhEFBbiUQjC1JoKQQUpJJlqbbEWRw7LTSarrCpbT2YyzkeM4prNNres7pHA0TxinsWupky0hVQI7railliJsRcE2qQjb2FHUprRwk+0iSUIISZIAW5KEHcWFSpDZ3BoglVpLOtMKqaIUCmx1JUrt0xmIsCJkgaUAoxBgg42wCNlEEaZlm1p2pZYShAJFKZJrrSphMEZCigjbmS5RIwgCKQohDBIp52QgFEkGMkgRgcCBJAuglDAG2Rm1CNktWxIEUgkrJNVSIopCpKMGgLEzbUIgSCNDIAIRdpNkUXASgjSZmVNrGGNkOyIiAimn1uy+9EbObNmyNZnMlCRJhEOE3YgAKSSkCCEphJ1pJNmZFihkS0EQxpJbtpxaOgnVCKC5YQREMc5MO+0MlYhQKCJARIQTK2qESu1q2mmMSxRJxqVEibDcppbTZKdgalPLtEkgsTOzFVeHMVFUiASwCEtRsLPWWmoXoRLK1khZCGxMhpTpZkegQCFB2kQIkEIBlKiJjbO1CAEIYRTYjWwtwUjY6YwijEpkplsjSkREhBQEtmRFCFsKW7gpwq21dOKIEBjXKColQtkwGBs7bUwIbIw1DiPOWjuFQgIcEpLVMEYKYdtRVGqEQoYIiVI7hVD2/SzTbllqtNZCNoEUgdOyagkkAwIKGHDm2KYSFdwyQ1jKKTOR3JIiopQI2Q6kUtwmN0eVU11XowamRFEhm6OUUkpRpI0NWCkioQCgCBVFFDKDiK6mqUVRijFShJBxiHSRs6UpCkKQqAgUkS2zNUNISDaSAacFUigigkAuIZuwTEtLlBLZJjKRVASAMtMmpDCWbVLUCAmkiEg53USUWkFuRhKUWqec5Gg5YSsiSgmEZTuFjEzatrKlcaigxIqQgqCkc8oGVhRJISFnSyIyHSUUIQGWShC1L7IQgCVgIkMSoQjZtRZLNjhBhPquq10pCuNsjpCEICIi1KZMtxpdlGJSKBUiEZkQAiEyU5JE2orsSqcoOTbAYpqmqTUUFmE7k4haKsIGe5pSglCNaqglFLKxZRJUqlpLTEuXUktEykpQRsiWlBSpkRFCEiXCpmXLIARQpKghMpuxppxaphSAgKJSikKZzSmFailtagbJmaQtJCilpCdJiEDGhCJIExARxljYkghFyKAEQSiztUzkWiqKbJlusq0Ag4VCUSIQ4zC1abKzlBKSukKEQqFARMiJVCQj3IQySnGzbYGhlIgIJMCAEiJbiwiIlg3ApKQEWVHcMluTSoQQQqVEyzTuFCna5IiopY5tJAmFZSBtyGwpqdEyUyFCIkKkjRQlbAI1ZxqcRAFlNtsRQWYgUBrViFApIWg2EmA3iUQlVKJGCaHMFGGIotYashAwZZOghFsiigoSmYQtkVlLjZAiFBJglVrblCglpbO1VqJEDTdKLXa6eRiWJAgh5PJpn/ZJpLq+1q46LRGEVAzGsq1IZ2YKGQkklVpKhEuUKJKUtmnYmX03o4BlEhSKUmspAYQUIYAkqqIIiUZr0ziOQpJCASgEEFiUqDaNbNMkBSKbCSRJJYqkSNLQRaXUItIuKs2YJG2QNI6T0wSSxtZybA5hR61RSokokhFAtq4vRm4utWbLzBal1FpDtGxBKIRF4MyxTagICgEoZINw2kTSQoECA0YhWxK2IoLIRCQgQ0QtBeRMOzMzITOjlhKKULY0lBIRBQE2hISZWmY2N1mOkLCkokgJu5QIlaglVCQFhgApFAqhKMKKiFK6rtTSlXS2TNlp11oNAikilCYEGcIkiCDAqDgNjii1lARJxpKypY1CrTWTICGglC5KIW0gwBElVBQljLI1jO0ItXGyGxJgBFaEpMwMFKUq5aCItCNQCUHtKonk9XpACiKkNJIkBCAkVEKkQolQy5ZCkk1XaykdIrM57bQTgohQVIRsQk4rSlS1ll2JqOE0wqIqFAqVEIZMG0ctARGUEgYRgZDCTtJJwzWkKJYzLckplbCzpS0kyRFFihAYRQjbZBDpbE5wUDJbJgQlKqJEYJcIm5aTW07TlDY2JTASsvCkKDIRQhSwydawkTINSMY0W1AKIJSlVAQOBYZxXNXSqSCcLQmQMtNWLdVBiGwNUCmFSBGKEjJuY1NEKFSLM0uEQpk2ydQsbJdSRKQtqe96BUKOkISUtrChq51RttamaZxaTs0IO5sdklSKnDJumVJgDNkmC1LZWlRFhEoRilJKFOwatRSaW6YJlRLOhgo4okQUwE4MlqR0kpmJ04oSMqBSipTGzpBKqYlqKVPLolAIm2AcJoSkqhIiVFGkbZy4lIotBDitQqBSSkpCBG6tpbsSCJAySxSwIrAQYKGIsG3A7rqu1pKTbVRCSFYUwJmZ2VpmQEglwsY5NSOLUERJt2wuElHCSUQtEqiGFIoIhCSFnbZDMo6MqU2tZakFC1tR7AQB4NKViBAyxsK2VKKohFtKarZCoQKKkErJzMyx9p3ToFJCCiCdGBCgkCilRJQgQQBGUaOWIsU0ZbZ0IKwomU0RfdcFYQshZy0lokZQogCkZDKzGSEbkWM20rYRUSSFJEKSpGJnCKMSMgoJSQLTMoWAbJmZhLpSJIUianUmxiKdSuwETQ3bUaIgQijdSAOEQYoQiWUpaldAQgoZIUIRJnG6gZ0NaWoJxllLpBVh1dqVEhFOt7RQiVJKSaeINM4GIZxIWEYhSzIqkkotxSCRrWVaJqJYBkWJtESTZUinEoJCsVyiRikGFM7MpGUDaomMyJahEgF2GoFkyyE5KSWkwJkNQUTJzGxNklsLIQnCToOiOJscDhUFhVIjogRqTjBOowLDNGC6rozr1qZJUu1KgkmaFSIKKciIWqUEt4l0RGnZ7AQXVSGFkJwep+bEok2JVIpsADIlSRJRIghn2s4ApBJRJNsGnDllZkYEApRT2kiyUSgUzrSIEphA6/VAKEo407bTpZSIcDYVmZAiQooSKtihSNIIIamUWops1YiWGYEklZBTUuZkKzGZEZF25hQho2yWyNYwBJgIObEUipYZoVKKAAsZRWBbKMHZALCdEMaoFNsWkLaFopRSQlYCrWGIgFYoKiGVQhgjWssC2RwRCoFKiERSKWVso9KllChVIYVo6TQoRbYWCiBK4BQqRQmlhKDZmSkhZIFtK6RpSrLVqE5LRESEkCKKM1tmSC1b2s4EKSIUEZFumQZqjehqRCENBk3j1DIzjYkokoDyqZ/0SYRLFMN6WGMZxjZky6524DZNEVFrFxA1ikopESrNKSBCwlYUBwqJzDQ2IaLUCEUIBemUsmVIQEjYtkTaRZJEJgQhRURmyso0mMwSRUFrLVsaDE4DKlIElqDr+wDjUCjCECUAEeOQQKkhM5kiNTcyS+lUNQ2jQkIo0mmCbNkSSaG0a4laa5q0CxAhIZQT4FK6olCYCAlDRKBQSCid2VqUEkUopjZlGoMdUaNIYQBFiaISoNZymqbWspRSQm1KSaUrbk4pBCKn5tYwSGCLENOYKnSlKyWajZFCCEmgqDgRigAUQi4KAkml1oho2WxAtkFCGCkkbIrCckRgwHa2bHbaLiVqSJQocjZJXNZas6kRCdkySgQRIZUSkgGcrUVoatM0jtmsEGQm2VIKsJTNCJCkokAEYKNQ6aoiTEJGlMwspQKCQlhq09jsCEqUCIk0sp321JpQlEAOKbOBFSJtXCIs28o0tFI625lpExEgnJaNJQjVEPY0JXLaQplZS0TUlmnsBDuxEDhqVURrTVCkiJCkCCRJBUKyjUknGBNVQVFYaYDwNE1OG8CSkAJl2jIAJYLWrOISFWjpzBSWCjgzjSwF1K4LBSYUKnKKtCqSpGLTnDKZ2dU+qlQKVkQUhaWArp+XUtJWkHaAJFkqOC2FpIgAhaRAIWUacJYIlYgAy860sJGRMbScpqmUMEhRSm1TCkG2lkWBopQiyWbKJqkqmi0opdjGWIoChLFxSKWWiCgRYAwhNxdF1Ag5bSBbEhGlYkVEoAQ7M93NOhNgSyXkhGYHUUpRQJKZco1IKFKznZlTQjoZ25gtSykREAW5RoBCMhZEUEqAFLIdkgQm5ckTCok2TgoHRaKlhUNBSIQtywWkGgVUSgFkEwLCQZGiFGRCoei6LiLa1KSoJabWnJRauq6KMM42DlMjVQqZjhJRSlEY4wT1fR8lkjQ4U5KQyVQIAAS2cEiJ09hZSpQowzgWBUHLTCcCg4lSJAkglZaEIDMUEhFIKES6lKJSZEqIy9J2OkqJiBIlWxKWZVmGUCiSlATIRmRzOkG2p9ZIR1FVaa1FlEAq4WxGmU0oQgoUUUoIHGBay2wQTUXr1SiwCEGUDqHAtGmaxsmilgo4IeTMiCBwEuEkJEeIUFhJAjQ71CksMhPUGioKCeM0ElYUGZcgFIpiQCT21LqutqlN00Q6IqIGz6QoChWwDNg2AodKhBUKJAGBVCIMwmkbFQfOVqpsJFRKKRGOKAIDkkEELVMwTiMOK6WQbaeikzCEBFJCAHZzlBIS9jSNwzDWErKaM8laipVtaijd0rYJt0mhEmWaJimgoQhqBEJREAKD7EaUkMBSaU6gRK21ZKbsqEVyKFo2LKMiyTgUYDeslomJUkBIXa1TmyLU1SoUtlEmpO2WTjuRDIGQCINKSCGp2G1yU9oIO9MU1VIjqF0pKiGmqSlCipaTFJAisrXad5lNSCGkKDXkbFZEhJwtM1EgIA0KhYSEFASybScKokQpIUMUKRShbGNzSEKmtZYhlVqilnGcMl1CmZlORShKZkusTFCEhFAJSSotMzByUUgqUewMFclpp1wVmchEKUUoZGdIEZIChYKQbCQhZ9qZiQ21lJa2DYpSIlRV0ilACpgywZLSjlBX+qlNilIkSFCNglxKaTYROY1E2BnYIhSlRGZms7qICDunaQLZGSFjIbs1I1RKTSxLuKUVCqkUpR1FYZBqBCHjGgVFkrUUkEKgNjVBLTVbtmkSwlKoSBGdcdrYIKwCRrWWUiLTQIS6WksNlRIhKcqnfuon48yWbWrT2FTUpra3d6nv+1o6BSIUNQoKYdUSiTMzk7DcEmEhSSrNaYFdghIViBJtskmbIhBS2M7M1pJ0iVL6EqWEZCgYCZgybYdw2jhtLEkKKei6SubUspYSoZBs2jRN4xAK0kObAgVyEEWK6Psq1ZQLRqqlJMLOnIoiRNQKdqp2ElKJUlRKKREqIZQtJZUokjItQEiKCAslJg1OS8IInDaOUCklUMuWU7MxLUoppaTT6VCAQzFlG8eptbHrughKLSgUIg20qYWsCFmGZk9TC1G7ThEhRUTISE4LIStKqeGWzQBjG2VLalOLKiUtnck0NQzE1EZBy+ZsWBBRiAihokiap2YhYTO1ZpNJCYpKGkREsdTGlk4yhQJFiUzXUhWYAGfLCEmRxi1LV2VKKaUEEvbUmkJBqAgCKSKEEBhP09SabUgalkmMMhtOhNPNliJbTjlluna9REq2bSORmESSkMlmGaRQKbWGlJmhgjOkCNkIai2KkARG2BaRU5ZQQihKrZk5Dc1BV4utlq2lhZOUpAjbbg3jlunMhuUQbZoiCqQcNmMbA1khiQRQyE4ICUkCoZYTSBGiOHOapq7vQAIhBRFFRGYjqUVpT+OIVKIoZKIEQRrItJEMASk8Ts2pUsJYNgGO0oV4FkWooDFTMI6rcIQCGzsiIooUdsvMqAWr5aSIWiLTtiNCKshuNilimsaWEzhKtcTUMo0UJdJZSpGFUODMTAjVoswMyaa11kVBsiBTklyaW1EoShSwa6kRgQUkdtqoKIyiqEgUFdUoUVSiRpEEwoYSEREymeA2jq0oMnMaxwiVUkEoMu3MQFbIxooSCLATQgqplK7rxmEiM2QpjDOd2USUUJp0SiqqhAKpFLdWSpER2IRUSrERtqWQ0xLGQaQV4TYl6VJqKbXUkJU2zsmZjZBCYdFaa61J0dUytalNCQ7JzmGcSo2AZjsbEaWrQQQyiEwoJQQJkmQpJDAB6SQzhVUEGqcmkWmckiQg7MlYISICJVZaUi0RCLKlKFJIKUMUSRGhiGohSRFgKWwrCgTZaqkh0paxUgQRtpuNkCIC2YpozWkDIcBRSuCpNSnGnAjVUiKUJrMVRSmVQA4Lk1GqMZKsaZoiHFGcRFf7rtQoUkxtaqQMgaSQgpicKBQKhcQ0jtkyooSqc2zNma21LAogokQtIaWNBIqikEJkQ8ooNYpwpokiSWknLiEZKzKzlIgi45BKrU4wEWEh24BAYQlboRJqDUVEKEoppQhlTkZgRTgFFEWUSBMRbXK2rKUYWjZZ6YxSa4Qt2yhKKW5WhFtGiVAIxnGMCNuBrIwoNiaLwqQhVGUjobAz2xQRmQ4UEVFrjYgS/awvtWuZLZsikJxZIijKtA0CWQQgbNSySdTSASVkGygKRQlQicwEh1SK7MjW0ggRDkXaMioKTEQoENlakgYUpcrOiCKp1CKUk5M0WUotEYklyVaRUGsTqHQRJSKKsBMAKUARNUIiVBVpo1pIh0CBmFqzIW2Q7VAhiAAkSUIKRSCDwHaE3JAUJaKUtNuYmAhFCUBEKTKA5YiQFGQDhSiouU1jk6mlgDOzRrFRkVQybWcgRRSRRlGIiBLCTifZz3qBkKWwSolm0khIwi6lixC27dZcS4kSCAERJYpsRUiKUIScRpQIhQJNbcpsCEIQEYqIVJaIIhFhDG45RlQF2VJQuy5bG4bRRiqhsJxTm9y6Utw8jk0QCitFCCQZqWVEmBQqUWymccopM1vaNKKWTAtBpCKQagQEAuXYLMKM2YISJZpblBIKikoEVmtDswWlVEkBkzObCUiXCEuhIFKUQFIxrXzap3wi1jSMUaL2Xe1qV7qImM1mCEWUUiRlS0nCDtwyp0wZnBhFrR227JYtIqKWULGYppbZkCQAN1omEEUlwpKEjZ0SEXK6lEjI5sQKKRREw6QUkgDVEkLplFyi2LQ2RQQmbTc3MkIR4WxFBYoCUum0E9TSBmfalsKKUott2yVCEgFGisQhWlq2g1BBtGxA1JACKdPjOMlGuKUMpTg9jVPSikJR0g0hQiWEIyKiSm7ZEAYRUYRwywhFlAjZTOtxaq0rxVJEZFoYZaiUUksJLstsEaXrujRtbOM4lq7IIBC1lhAhioKogFtDcihbC4VKOFNBSCVqEFJRgJMoyJKszClViqBlZrpGiVAttblNU5ucRQKJQCCphEJCiKlNUUJBOrO1UKQdpRQRpdgtalckC0klatSuSMhkZnOtpbU2DuuIqhqBJBna2MY2dbWmDbTWRDgiFCVKFGwUUUJVxaYglaKQySgRkm2BhXGolBppK8ippRNZklCKlmmMgJABUnRRVGVbCmPbWCWopbMRkbi1tJtKCUkQRMtMbCgRRhJFSglhpa0SAS1bQxFSCREBqqUqjGVjJxCl1FKjBkkpMpZsW6FsjhIQCiIkUaJEkVRqCVAJbERKsmktm0ECOZtwgjOxAQeZBikkZKdxUJwJltSyZVoqIGQIC7dUhEKyWya2ICJkMgFjQmGlpLSdKqHmLKWUqJJqBKWUUvquA1QEZCaiRBEmKVUGt3SzcVdqlJKthZSAXWoIxtac2aYsIdUAppzSjoiIAsJGIMapGZMIOUzaRqHMnKYppCidSJCCIgFOq6jr+ojibIZpGq2ICIWdVhEgIQMREV0tpdRxmBSZmQah5sQOlXSznXZEOC0p0+nERhJBYIuwooCNpYgQGISUzlBIwk4Yx0GSAsC2EPY0tXFcR3SQzmyZdkYJJJnadbPZzMiZFrV2pfYhZeI2kYGwM0pkks1tSorCGEUoAqQoYDW3EI6SZBARskQ65Ro1U45WCEqEuoAIYRLXGtPUUjjTbjY4VCglMm1aRAFnyyhCytZsFJZUZESoKBQiTcuMEm6OUCBgamMQlqTI1kIqEWCMcYSilAAcIjFITkctKGQsZ2smyHRLyyTNqVBEsclstZQkhZJGKhSllpbZ167ry9RaZrZsslMIZTYkKSSanWkJnIaoxRgCmNqULSVJRUKhElJUyYVAIQBhcsqWWSJIgyWiyDhUI0qIBNLRRUBraWe64KkoWlJCGGRCbsa2AQeRuGVrk50TbhDIQiFNTmTjYVgnFEUpRUURRUghA+kSsk2JzCxRwLaFGxmSInDYE0YKJEmlFJWSOamoRpmmyVBqQbIpERa0lNSmabVcdV1fIqZxarYBFBhs22kLIUmB25TIJYpEay3TUQIQSmcoMBFKqbVUBE5AwiAUppFKq1RhKTC2gVIqdiAhKciMUgJJgCJKLWotyRSgki1LkUrFqVAtFdQykUoobaQIKbBxJhHObENm0HW9YBybsKTWWsuMCGdGAAokCWVEERqnMZulyJa2JcCKaOPkdBSVUpGKZWVraWg5YUWRbTtRgG2bkFRrJaIUSQEQMhYCbEuAkUERIQlI26aUaDinNoyT0gnGFhLIJqWw7LTtaZpsQyrCrRGEqtMRapktsyuBQoFKCSudbcpsSYkSQRBWMyFApEU0MiIkTS3TDgnITLAkm4iofZXItJ2BaldrFJVwZimhkFsiMp2ZtlVKphERhcD21MbEJUSKQCrplIEksZ2tIVqmMyenM22DJdKtlj5qsR3pRM7W3GoUhQhJaiaiRBUILAXCtlBEQbRsNuXTP+1TCCkwKpIzFdF1FRsTRiGEFJmZtqzMpBQyUQRYKsZyyiLa2DJdSpEicClFIpBxqZ1ECJCiIgQoIlAEVpRAYNnZlVpVkW2P66HvO6cJ2R6HMe00tiBtkJxZS6mlqiOoEZF2a21q0zRNaQPTNBRF6QqoAJLTU2uBa5QogYDAllGtorV0mxrCpqsVk3JRkXFmZkuMHYFCkkotUijIRu1KoJRrKRLT2AxdlChFsqK0lmElCgFkS2OFFOFsmQkutXa1Wi5RImSQCqhNU8tWaldqdXrKVrrapgm7lDqfzQApbGRhbLuBbYwdEVIoVEqVnVOLEoGy5ZgNUUsJYnKzU8bQpixdEaSRZHsc16XrJCilGEkkKmBLGAeBgWxTllICWS6hTIyFwlCEwQrUnJi0W2sh7Da1ZpNkUGottXZ2kk6MUajUUrsuIiSyuZZSIqSwFUJSBBEBgFFJHAJFICmcHluzHEYKiXTWEoDTlCJUooQkAhylYGWm7LG1nJqCIqFIW+mWmdNECQmFjKWQwAipFEEJtXQtpUSRJGhTI1QJRZSoEeFMKaIUCRPpFLJTAkJSjSJFtmYnyM0RoAhCEaFiIAAibdRartdjFJyJFFJOTSCp1jJOLWoEBeHMqTUAFKWUKKGw7NGSgGypLkQoInMqtUbENDWb2hUBNnami5VAknappUSNUCgiwiZKBEEARATpTHc12pSlFES2phBW2BattcBClKhRAhsLqZaQQsVOimoU42wpqU0ZJYTTliQoJbpaWzZJCiklYwHGNrYg3dVaSjF2GiFASM6GBARkmiIhAa3ZdpQSaJomZEMXpZSwLaRCEGlAaQtKiSkzM7sSKGopUUo6a6mlaGqTUEQNlfQUpUrUElFCRGZmtloreBwappawbaeJUEDaqQgBpnRFilJDIls607hlRq0lZIgSEpJKSAop7AlFiQpSESqZmZktm7NFULsKjqJwpHC6OUMqkqVsDTvtlulMiBK1lBIBqSmzZcuplRJRaolIOaeWmXZiCSeAIoQUUi0VRVFERImwsdMAIWVOWUrFZBJS1IJCyDY4W1MEJgKkNk5VYcsBuEZpdgRyIFCIbM4oIcKEEJh0NltElNaSkI1tp8E5NRsKTpVSFCEJEimiRMgpg5KUhSWQMrO1BObzWSklnSXKNI2ldrJQawkkdq0daZVqQeJspGtXoxSEW7ONo2W2acK0nAy1VAERkruuAyQ7XfuazbadlkCYzJZOMhNQFISTlq2WWA/riFpK9ZTjONqt1FJKTK0VKUoJZ9QoKooQsidbOGe1AohaChFTNkkm22QyJZUaNSJBELVgEEgWTkqtacuEqkIglNOYEbI1tWEaJ1CtXYSkki1DVqnY2Vo6x3EylkSQdpEAO1HYDgkLISmdhlKiRG12hGwHACqSDWpTSkE4ELYipJBQhCFUIpBAZHMgAClxtjQWBEGESSTbmY6IkE0gMidUEmUbSUrXhYgIGwVOhFQESlxL2M6MkNNOJ1C6qKWOw9BooYDoSimlEpistRun5tYsBTLOltM49f2slJjcZJcoklTCY9auRA2pILU22o4IWVNOJUI10u5LQWrj1FoTApdSolTZkhA2bmmRNopAmR6nUShCgN3SkFmjWlLKmaWUKLVERIRErQWYhtGGBEVIkkOBCGRBJiAcdpRSIsbW0m0cpyLZzmyJoxY7u9JFlFI7kTlNijCOoohq4XQpEZkNELaACKWJULaUkFRrBYdAwhJOjLPWDuTMIInArZQCGEeiGjhIK6LWggq4RCjCxmSCRCBsCBV10SmopYtanEpnUUHKdISkEiWyJSCYWqZbQZgwtdR0MwaIyNbSSUtb5ZM/+ROwAHCbEgKctKnl1CaFFOG0hMC25RIlQlK4ZUgqoZDTniYpII0ipHRLJxkhiMQAuDUcCDsTUaLWrmLszJZtagogLSEUBSUSTklOSpHBppQSoapOgWQRzZnZcEiWwumI6OfzGgUFskAl3GyMQrZRV7va15YZCkEopJBCOCEQcoCQlRJOybYzsxlCUSJQTFPDjqilyFYRtjOzdp0lTK1VZsp0WiEbZ0q0lgoHsuRMEbZRhAIkAWAkpikjlC2dliJqyAhNZIAkmbSFVZSTLUqUdEYQKg7StlMlnJZEZmsplGkRUcvUWrYmASApVKMY2xBWhrEUIQmiiMSiKmrXSYFSDgu31kwo7UBZIlSUziBA2Aq11iTbRiVkIgJJRIRFiWKrKKJEyywBRLqFhDS1FiVKlFDYgCMis0UJRKASkiLTrSXS1JqihGjZMm3bxs6oEYo2TrYsCJVSEqWJEhgBYGdiRJFtO7N04UypFKmUmq255dimQFEjIkhAtkuRG0IEgWyDgIhAOQxjm6Y0RUStmaRTBkXaCktFkgySsC0JgHDaoVBAupSSocyWBjsCESFILEhjR5WtWis4nYqiEqSmKTFSlCpZiFprSBAKFEpbkiUgWyOoqiGamy27tSQkhbpSEQosCEUQEYiIkCKztea0SSAlGUcgFTszMz1BEEgBLqVIgW0hKwqmpO2Wdk5J2qVEkiSpVFpF2XBm7YuTKJQIJ5kYMEDaEbKZhinJKJGthUBlGqcaKlUpOY1wWhhwJopSQqCgGaUVpZRIqFFVIpAxOEoJSQKHhdPhINRasx0lIEyGorXJNjYSpBAi01KtkjMJRQjAxjlNzabUCAmQVEpEDUlgIaRMKwKFIFQUSLKQZaOINo3GiogIkERIKkUOSQY57QA3p7Ah5Cmz72o6jUvta9TJzSOqjOOoKLS0M0ohZVDRNLYiGZdSSlE6LSSEhEsNg2QREVEi0mkoYSskFxUgIO2ptZCMFdhkGmNaKaU1DMgShNxcqkRM44BRgmRksrVWooKbMyL6UhyKiDYNJQoBUKIgFQLZJltLp21hKaKWiDJNAzhAopRiEUQpoRAopNZam6YoRQ4F09QiwB5zKhSFsIUUEshkEpIMoajhbCWKiAjJSmegKIFtCFlEOkFytGylhqLaiawgSuAIqbVGIMA2IAGKkCSQnE5ARcqwXEspUSxnayVUo0qyFBGS7HRzdFFLscKAkZRTo5QSRYEEhEEhG0JphCOLBGkFhYKtEhHV9jQ1SRIkhpYJrgrbBYHd0nKJCIFUREs7MyJqrV3tLItwpt1QFOHmqMUWztrNaimAW6JI3JcaEaBpaoACASgiIAKBkUIFiJCQbVRUQkGRACJIyyTK1mRb6WRqTVBKpUhQQkKZzbYlsHEt1SYzEXZmZjql4rQzhTPTUkQxBmrtBNmmKSdhO7soljAKwDaCkLIxjmOIGlU4W0pSKBQktXYhSi2t5TBOiuhKJehqZxJn33UJrSVpFRk5LSzLATYoQRG1FtKAFCZLKNE0jTZd1yFaepomqRDCWUotCgXYgkxHFMkGOwW19oRCCLd0kaRwWIhElhBSmJTBCpVSTGARKlJEZNpgbEtSKAwhlRKZmTaoSLbkbC2NMVFKRAFaa8bCUhSUgRMk22Cno4QUU2uSoigQClsGwCgzW0tJDddau66LEiAV5dimbFKUUiMAR4QVcoIyHdAyMQIkp0PRaAWnSBshBA4p0y0nO9vUkI1CoVCAJIUMpShKNTS7RAmFbCkilEZB+ZRP/MQoUgijCABRokBmEiiT1pqhlBIRYJBthUoUAiHSCCmm1oxBUYohCuGQQphUKG0ZC7CNQ6WUYpN2ZoY0TWMpVchtilJDMU0TNqiWLslMwqZGKEopjiTVcIDTSAoJpTNtSa25tTEUEUURbh7GdUItYRMRlrGEAjcsZNycCISkEgUJhEJIQkVSUKKqSMopkcEoSqilhVum7SgF7Gw2kobWlKYADpVaozWHKLW3bVtRTGbLkICotUSxwG5TSgCKkLCNBGmkUK01M1ubwCWKIeTMtFIKnAbsCCSFFBE0p40iZBQqkpDUdx0oIoBQ2CBJhKK1BJUiFIhSKggsCSeAikLANE1SYBcpCIVCRYKQm1N0USNKy5QEGENKhQCpEI6spWRmNguMkAhJCKZxXaJEraUUoXRmWhARErZt2bYzc5IoKqUGKEpxIhvZaSAsi5CEJLvZTgmMpzS0NmaqhEIhlABCUSIkFBGS7ShIEbUGSiMhJDJNhLCBEsXYzlJLIFsmRaldtQkJJJy2W5YSYJCbJQg1Y6exFNgWFZkoRc05DVNBkhDYaQOWkShRS40S4ziGsEkIheyUJUVVEMaCKAqVkCGlAEpUADsCIhQhSSGhTABCUYvTEUF6HKYSpUgQtosKShGZDRvZRmEssK20cRIqtQNsgaUo0uQkmwFZKghntmwhRWCJzFBxYqdqDQfZmo2wQRKYyDY5rZBtWcIGSRZFBVuKkKIqiDSRpJBCcjMqYUvIkiSVqBREZpNl2+Tk5ibJtdRQsewUMhhFy6mNoyLGcaqSimwTCiQ5jQIpTGKBpBynFiUgDYKIALAsk5TQsB4VKrVzJqIomrOWEiVsZyahEgWlM1tLAoEiEkqppdTWWglBYNuWlGlnlho2hiqabXtYD1NOIto0hSSTTjeSqUCJrkZIihKhQIRsi0zVIEnSCAjCrZUalhAiQmEpM4UFEdURYQEpij3aoGlq2EZuTjtKYNsORWYKnJ6mBKWzRIAVYdk4ImQkARElooiWSabApolQBFhCCoHTRDWOiJCELEqJUGk5RSmhIARgt3RglagqKIdhykyVUmotJYBxHLETd7UrtYQkRXMGiihRo0RYGJwEQCASK1AoImxKFIVqKSIAhAWy7VJqiMx0WiVwWGmwk2YEKARSplU0rAdMWiUCKRPkkLANaQtUinBzw0hySrKg73qVgu101OI0GBMKEJBphbqolpVWCSlQ2kg4jUCEpNCULaeMGiC75ZQSEQGqXQUySbmGEgmmyS0TEhGUUktI45jZxhBS4EgMYCtKV7sqmhMTUWwHUinT1AKiKDNFhGlOUK2ykYRtrCBQiWpncxYpImxjJLXMlk0CopaiKBHRlaKIIkWEnVPLUgqSpIggIkIStidnUZDZnMMwuk0qRUIRAYQy0+kwAuNsYJdSpTJms7NGBayQpECWbaDUKgTUUikKlJmtNWPSLR1BqVUSIqSpjVhd16ftNE4iQhICZ9qABLg5gsyUJKm1DJwIUaQ2NUlRFFI6cYJzaonBaWNjJYBU5CkFUjgx6XRmZtLNe9t2loiWmWRzAhEINaekEgU1KPYkRXNmglNACRHpLCWKIopaukQQIZAigpae2hSolqqinJqKhvValp3ghAgRCkFKIUNIxpIwRUqICIJibIMlgYAgpch0upVaSFq2Skk3RVEpzSkrhFGEWpuAWiMUigiEiCIREcW2JKedjgIOk9iSIpRAZilCka05SkGZBtuZLYEoctIyMQoJRVH59E/9pFAIOUFIihKSDKUUlSKIQCpgIUKgCECAbQGKAEtA1/elBFJmc4MCFtgykjEGrFIUBWEneGqNRFLtCpYFdjoNNrZsGwMqISkslQLZWjqTTETpqhA4jBSyJFpaIlRKQCB5mjIUpQRIKsiSVqulglBVYBSyjSIyLYsipSMCSRIISUoUdqYzM6OUrpYEzJSZrdWuUwiQo1Ray5wSORQlipVyIEUI5EyskCICUSTVKnuaGmBnrVFLn25d1yGRBgsl6XQoJKQghZAiAEW2poi0gxCAAIGh2VJELSqKiABJihKoOe0UMsrW0kQEknBEALZRtimjRtd1dtq0loRDQsbUUgyWVCTJ2aQiYRTYKORQSLIBB8rWJAxpQgDT1EIqXZeeTCoKScsEqdR0phORaRlJCoEyM9MKg4RKBDgTywJBOkuVFBihiCi1yFhIESVIcJau2NgWlFIE6RSKUkoJCBLj1hKBFKVkJiAggvSUTVJRsRCRRqFpygghAaGIiFAgogQ2QShATtKAEaWWNBJFxQFWyxRyEKVk2ulQlFpKKSISKbBBBGEhW0LIIWHbpAmEooRIAiErJACTOKZpsomi1jxNQy1dKQpF4lCAbKu4qtrGXo0DThWFSCEkN9XSmnEiKYowkpBNibDIbJmOiJJKwK1GOHFYGElWyhHF2SIUpRIIITA2CqSCnU6KimTALTMlRVEpBRtJAkkqhOwsUaKEFLZVFMTUmiQiDLalKBGkUg6kCCNPbVLLTEIJpE2EItOSDXaKQpgIp4uKqrGQCNfStUw71RySpdrVgEwLFCEAjIxNhJFwQlCiuLWxTTVK2q0lgdOYlCIwynSEhYSwJWVSai0EQbZURC2RmYowFqESJXBipTOhRCgAFVCbUqIoogYmiMkNJHCIhAICEUQjbSmQqbNeEYCTqY3YCCellAhs24nAnjKz2TYioiAUgeUgFBEh4ZRxZguVwESQNDcRhCIkqZZSFC1thCTTWgOiSCHZQAgASWoRRYpSCkXZUIQUzW7T2ForpUiBZKcIRbg1p4tkRUgETsCUiAinnVgtStQShCTARkaQJTqVMBgXyRgb5DRgDBhFICkzQxJSFAnbpdZsLkXYRmSWUiXaOElBEl0pJUBR5JZd3ynkBBmRSQS2QZbALVMRNYrJbLZTimzpdKC00yDbajmWKKhmTtM0lVIiSroJl1LSOY1TiUglaZNIgoiSLUPRWpvaVKMoInGoKMgpp2xdrSJUyMkqqrUY2VlLTJm1REiJZGwUjogSVaEknel0yyaplCqkolIi05IiZOcwTUpRUIlACmQsSpQSQShkJBTYzkTYThsgDWG1TGdLSQCkTWaCBCJqrQmCdGu2jEkDUrbmdEgqqipp24RUIgCFgkAhMqKolBo1bWNJ0zjVWiRNrbVsQK01aiWMESALkiYTEshupZSIGNuUOUUJsJ3T1BBCloVKrbWUzOZ02tmSEkWRTqdrFEs2FrZaThJClgiEsKQoaMpxnKaCQM4MonY1CFtBCEQgoyCtcJQihUAiQoSMIhQRKNqU6XS6LyXTyLJUwukigETIpCMKOC2cGIWypXGNiNpVSsskE0woFMaAEEaKdMqUKCpB2EkpRWBbIYgIAWnZLccsXZGQAgPqaqEIka1xRUKEIiwFdH2PnTidToUpJUotBhUhKRTQWks7Qq01hYWkAsa0nFRCqESk0y3TzpYKhcJ2RAlEhCJqKSoCMtNpCQSYiDSBcEpKJ3KNkBSKwOVTP+UTZSnCEW5NoFJDypZCEUBEkZJ0ZrZpGjE2U5tCEaWCwQZBhGzZrU0tp8SWMGkUKoBCwiUqggQoUstGZinFUEpgS0IIMrNE1K6WEjllpmspkqwAyzFOI7ioqEQo0nYzoRKBbahdKVGQmh0RbtRa66wIJYQQaulSKgpPrdkRRhEKYSVWyhg7LSmkbGl5GprkiJBUasG2XYQlZ1MUhAg3RwnbtiOKRJRAOJ3ZJOU0RRQqRYGEkLFTqE1tmqYSilICgZESbCsiVGtXE0OLCBTGBFFkuzmFsJ0OKY1AEdgIKWoUA3YoQrLtdDoxma21JgJF8yRnRJBO06YJmyKlFFFKYJyAwCUCAhyKUEhEUSiIcLY0mY4iFYVCKioSJgRKZKfTEZKNQkZSRICICAkbWVFKKG0lJXCaiFSSjqKcUmBRFVFK1MDYlkg7W0NEFKGWaYONyEwCpIJKCQeBSJUSIREBMjSnbEXJtHOihtMSCIUkgZwuqnajhJCNsxkIAyGlW40qCQxWLYoIkUlmkiLAWFkiCClxs90kShRFZGvOFrWLQAmolCIplVKoKLMBhghlttZaZoooQUQpJVpLYyGQhA1pg+RMh0ISxk6FLCQXhSIQMkKOCEi7qKSdbpmIVlRLqVMm0EWxcApbEioKhwKEHSEUUiA7M6eWcpEQRJFSiloChAhJEgmOUkuRpIIopUJiDAgkGyRay1BXakQggSIKgE3IzgjZjlpo2dxmpRKRmbWWKOFmsikQGNyydjWKQhHKZmpEugVFyEERUYqCEoUgnSIAu4koXZFL1AKEwkJ2KJKcnOCuVoNJgBByLaVEkSwApwmyNZFOp90iioWKZqVELS3tbDUqOFvLllIYCVKSipyQpdTMJE0UETUEWA4ibYSQokAjIQRIrqVQFVJEUQmJUBhKCCxJCpCRhSCz5diiVqcFKhFSiFo7GYVDwhjcSIwUoFCUEhARCmW2kMOhEs4EqbhIlgQRkim1GLpaQ8igAEqRs0WEsAERUSQhUKhIVilhLEKBRLbMlthA5mgJcHMUGTLTmaUU42xZS7HAUxoshUqUQCkyUyqlFhFFYbu1qY2tlFJKCRWTGJwgS5kgubnZ0zTZDgkRICmxwFJrCa4RrXnKlnYptQgICVnNCakSEbIVCiGFQkprmibjiEBCJC5RoggkqatF4Ey3LF2NCInMTECqUdKupUQtIlAKRWhKh7O11tIREhhFRAk5M4qMa+mEm7MQhIUVJUJYUjo1eQqkkG3SEBGBLWjZMp0tnYkkSSBJkm2ErFAkJoIAbAQOhZ2SQkgxTTlNWftCUymRQVVMU5YaESVtLCODQpmZ01S7DiMRKEIK0oAdVmIgoUiACBMlbNvINoCdRmBCEQqwQuBxyiAN2WwrShUYq6jr5qWEjD05s6VrKaXrBCRpJ1TJwrahlholppZTa9jYEIRshAhkgEyyJVKpNRSBJIEUkLRMyUJdrTLjOJUSQKkdgpKBokQYlS4icEoKgY2ETERrgyJKqakMKSIUDMN6mMaoxXappURxMwqFANt2YkVXA9uIiIgISimSIgAJ2QqBZLuUqszWLJsQNmEBSEbQqdBV4bTBUevUxhJlag2jUEtUJBQoaokQgRMnEWFcSk0UQdrORGCcWWu0ltmMMjMzU04jrJQ9WSFsG8vZ2jSNOY2l6/q+lzW0UVJBhHPC2RRIMupqJwIyomAhYxOSVMQ0tTRARAmBJKkIh2SokQa71EJ6GqdSaimqtTO2kClyYlSEomhqaSNKqhGlfNqnfTJ2cxYMELLTCWEAFALbtgIg06UEhN2iFIzdptZs1VISjeMgVCNKrVFDloRUigTYThPYKRWKhKKNU2KEUDoxxthyIGwjl1ItolYJBbZbs+TSlaqIWjDZ0plgSVEqElglhEhjkyqlRClO0qYlyCGZ2hWToTA5DSOJwzSXrkok2Agjpw14ypQjIiIMbgkIAeASNUoJaWpNWEFrLSJqLSUiIrBxEGRaElgph8jMtA12lEKJrtbadZi0E9coTiuICEmQMqFiSRIpQIBJWzhKh5CEMqdUVAUoQhgkOZ1TS9LpzJZpOWvtSg0UtqsjamApVGrpSkHFNkIIyGk0QukpFTJkZolQKG3SRsEVWUoxpgFu2ey0IqKGhNR3s0BTNgVuBiJCUuakNAqQRbEVgSJCigIokZR2iWpQoFAogJbZMltLjBQRSBHIsjItIZcoICRZrY2ttVAJgVwiFGGyORUxrYdMiwwpwZkqIUnIU2IJQJmJrKTUGiFF1FIyTUhGEQKTCAgsO2UlWSKiFqdDKhFRak5TYoQkwNCmJlslZOeUhCOKnaNHUaxs6VJKmCghCVMiiFJKMU61UBAhywZZFiFsEjsFUYRBkqKETMt0qABOJBkkyzKZJqzMFlbULkJRVCJC0dKAkIpkpydSimInRc5EKmGLgLRq1IksCpxpS6AwEgRq2dwsNSOFMnGmnU6XCNkEEREhm9ZamKiFtDHYyjCUCHCCCEoN1uPYphZdxQhjO20ZFFHAUigURDqdCSoKO0MRRVFLmGYbaEREKCQhY4tACbjlOLau1lDYqSgKlBLIQpQSkrBoTufUmiQogrRriSg1W7MoRVIQEgoJixCAbYlstjFOh0SAs5QwNqSb00aSJNlNIAUSNs4SEYVmR8hGoBICjDNLKRY2ASmUVkghkEUpqiVySgVIpcQ0tRKSAJCilFC0zJyyeYIIGYPpumJbURShTDuntFtGldPgEmErpAgpopSKJKRQtrQxFhgMUboIyeHMdNYoiTMbVmZ6aha2wEiZbtNolG4Ip6okFWiYiFKkkAhncxRJtHROjUARJZACQnZLnKMhbYRQKSUUtkMIGQuBnCioJSLCpKRaayhUVIiUhAtBhESIWgtEmhIqUtpp2Y3WKAoFSBKZdptaOpsB5zhNzgSVEhBuGWkKQYQQQQCyKKWUKKEwjlBIiig1bGe6SCCs9JTJNKwtla62cZrs2XxWooSQi5VIQq1ltuZEIqJEKSFhJEJySyxEKABnUhxIChAh7FBpmW1qxiUi04ntlFGoZUYUoYBSagmhkECSaFiALFyKQHbWCEoJyziwbWxByIWIotLNosQ0DQRScIUUKoWIGiGQsDMTiAKopSFLLUUBSLRMLAnbISmEiSJFZFrYUikUSaUUlNnG1nLKEqV0XYQCRYTtcRqBWguEINOyQ8Z2YqeglBpRyIaiREQpEISEjQRp59QMJjIbskKhyIZC2GkIbIMUsi0LC5AUQUSRQraTUgRktlCU0kWU1to4Nax0G6c2DOvVag1IcrNxRETBmbICNRtlqEgCBTizpWWrxDSNGEVEKNPZWigQSCE5CGuyPaESEWGIElKAs7lNkxS1llJLiGGYyExkZwRYUUpVWAokF2gKFJFpSdg2UUrXRSld2hEFAKfdxkkRUYvTJWpgmyQB22FFKVNrU2ZVyZYtM9s0tcxsUbsStooEqVoVERJ2gEqJkDJTJg1IUoSiRARICoFBqBSFnaSRJYUiM2tXsdJpLARqONIlQiGkQrEcMiigfNqnfFKKMFBKV0AgkdgKoWKnbaBEASQJbCIiogBA2jUUIYxN13dSCBSRAjsUEdGyZTOkwc5AEiiMQwFWBEmUYqfTUYjStZbOrKVgMlMSlluGRIAtRRBpGyMZSEUEJAgjHBEiCEBKD9Og5lKrAiGEoKhEAZUgpmyhsABnglNSKRWEwTaqJWQyDXZLhfpap8yptYgSBiwpioQSAtVaJGVaEgWgRETUUmQ7pzQupUQAISTZ6YSWmbYIYyBbZmZr00SiopBtmaQpQiFQRIBUFCEMBCIiFGHbqLUGjigI7IiiUImgVBkwiTNrlaK2NkmhKCEZZzY7IRUKiQiMIgBwKEoJLLdEALazTQhFZLPdJlKKolCVM20XQDJumdgtmxOFwHKolKgKCUAiBQ7ALqU0MlSkYjcyJckYZbaWdubUJqeFQsq0BRFhKVRUjHFO45hOKQxOWmu2bDttRUCJMApF1CilZNpGEjZSy2YJJBtlRABCLiYlKCVsUICNC4Et0shpZJDsNiUl0h6nicwoAYpQREghCVRKlBLIhJwuJVq6ZdZSsmXmZBQIaFNDdLXaCNvO0aUUSUiFkCJKyWwChRSllJKJCp4cxYRCJZvTGRERsi3hFLaxFIZQpAiUThkjsG1JkiLCGIKCkrRLyMKtAVFqKEotESoRQoQiamZKighJCmwTGqaxKBDCaWdz2lELpkbBKiHbiFIL6ZYZERg3O4kAFCGBCpmyE7Far7O562qmm1sQCEkIEaUo7cxs6cwmBQKplNKmSQKjUJEsMl1qFAmUdkQYp4kIBZYRoCgRoQQEttNJSpSQFJJsS7IsiCiWsUPYKkUSksAJTkqEwUaySimlqBTkGoWIQkiYdAKUUsgmKRsRSjsIg0lJUOVEcjOBVJDcckpDtqkJoxBK23JEMRSF7UyDSkgKDAFgkAK7ZUo2ky0iShTbaZUABeDWMJYwNYoRaafTBpUQkhQRgJ1IiSRAslNRQoQlka1lOp0RalOTKLUCISXYrqWWCIh0QnRVtXQlIkoBFYkSNlGwUUhIJkoFJCGC4nSU6jSy5RqhWopKRMhkWCCRznSWkC0FGBXTJIFCcigkERQJAjtBBsC2FIp04gxJIUy2Bs6IbO66apNpEc1JohJBOFFR13UhAdhRiypqskGeWisqKkSUGuHEslCoKJSZ2dISbi2dLWtXSnRph6iloChFXe3kALK1JK1wOig1hBQlCGGFNKVzanamjUqEQsp0hCLCVkQpJZLMqZWAUF8rIaESkW5plwiiOBOBFcVSGCuqhJ0RIRGqbiZUu04WQknaWFHkzGbjCIEUFAIj2dM0lVpCArU0LYuUNk5MSDbCUCRjBJIlYSEDaaKEpIhSSomIbA0l1FICZMBpFAQBCiKUTDl0dUaY9NRapgPSjiIpSggAB8VEkhGllFBERCAyLREl0lamhaFESAQRVUHUIkSkCNyc2SQ5HSW6WrNNipBEGggJu2W2ZpMhZcsopYRArSUoFHZz2rjlWGpXaylRur72te9qR1FrrZaiCAiESrRsmAhZEols0VpLHIpAUQKVaZzGcTCuXQEiwihMir52kklDSBIocDrdQiqhbEnEsFoDXemiFmERAQgUTgxWG6dEUhThiIJUSijCUrYmEyUwpZRQqJQSVSJbRi22FRFoai3TpRQpaim1VMvDerDc97MoxaJYSGAcITdbFpc1J2kIm2zZddWQmaWEIW0nQCmFiGyTnS1NqEQNRTpLlDY140CyjDPTqVKFIqS0JYkCzmx2lE/7lE+SQhIhQ04tSiklEFIAtkUoJIXliFIKaSQrIopARQKanW5pC9IpMA6DZGgtVRSlCNVSTIAzIey0TalyCrtlNidWiWJbAXZzm6bWpqnU0qYWIdVwsxTOTLvUEqXYICiRzpyaJNWQ1FoLUSLSmdgGGSQJlJkRAURUFakAAjtb6TshRVEEUBSEFLZRFLvZCmRJwoKICo3MTKOI0qkgZU5Tm1TCeGqtZQpCUgSZDZQNuZQiCSTJMpktjRXCQlLmlEmEnG6ZNWqEQRLYsqQQIVkoShhHhARSKQVMJiBjiFBrzaESYXBLRYlCa2k7FBFFoXRakpS01rK1LLV0tcNyGgU2gFQVikBhexrHli1KCISjhJsRQDqrai3FQQ6ZuOu6xG1qkqWQqFEJOR0REVFKEbKdOJDtlplOhFBItIwCYGQhKdOZzXbf9aXWUooiFCEbu0ShEIo0aQDkIFSilFKKSg2kUkIRAklOlxAhIZBKuGXzFFJERIkiSDVaRJRag7AJ0bJNrYlIT4CQLIrCYYVJTImiEBICQWsGk6UUFYmQyJatJSJK2GqZTofUGknWiAAVlVLCBhEqJWxsjDFG1Ag0Ta1NrXYBtg1SUS01QmnJaZNuoNba2FqNUgKkzMxMVLCb0yZCgaPWItJNisw0FpSwSsEZJUhShMMhk8aVSggJGCdLCSCFFApLJcIQkp3TOJaIGlUKO4WwwBGykCWTNEU0W1KJUESaUoskpMSlhCQgFJJQsbNEKELJ1KZQRFFEiSitpe3MDAkloUIYg0pEKJxGtJYglaJENWgts9WItKaWEqIoEColprFZoABLclILtdTMlBCKCEu2RSCEEVJp2aZxUo2IwJQoaUdESBKEQM4sUewAWQg5MyIQrTUEVmZDyEQEERG2YpqGYRhqVEuyoBUFCmHLhSoyokIrUTMnFCWKwlIJKUIkONdjBkZFgC3JNihCktLGRipRkIQIgii1hGSnQFGjREhECNkCSi12A1QKYDuhtSyEpdYSOwg7M1uEmluRLGdrtXRRSmsjbrVWCMmWSBSykEi776pCLdOJscAyoBJkYjIFqESERDS71C5zas2lFAUKgTOzhAgJoZRlsDyODVNKQSQEIopJFLgZIWVLMhUFgY2ZcsIGScpMjADRWrOFJEmS3bARNgKkbC2KShQkpCgBEgaBSglnKiilSDFla1NDBicZChOyLYwVyqnVWkupKiVAEbUWoVJLpmt0BNmmlunMUkqRShFFKICpTWmXCAmsEBGKUgEJGyAUijAms2GwUgqVUiU5rYhaapIkSXM6JCGbxILWsoSMRKTsTEHDgRCtpURE2EYEiqjCmSailrCN025IpEutGEIyaZdaBIZMm5zsUgpBIEVIEUUCQAIUIWemXSKwmtPGMI2j5SgRIkrJzHTKISyQVEoNhbGRFCFFrVGihASWFLJJN0VIkZkqETA126lQZraWIlMUSRECGUXI2DZGoYJNhKKWkEIqXYUAhEIygCWljRSKkKY2tWy1lkwQEUW4ZUqKiEB97bquq10tURQlSlFErTWEQxhESAZZQCFMNgMqBLIMUq1FCuTWmkQt1baiCCxKCUIhZQNARAjbMA5jiRqlIDIb9tSmqIFRkRQSBpJsbZwGSSVKRATKNoaKA4yQhIxCiiJEONMtU0nUCEVETG2SlZlTpoiuq6UUO4tKV6sDpBJVcilRI1pr6XQaYzvTmLTTVmbpQpmEai2IYbUqEVNLIVkInFgKAYioEVHAlkMRUbI1QrIpwlkiailWiSjIWE5HgGxHkjo62HVasiLa2FprtaulhI2FW3ODoJQAptZkGbdsrbUaNUK1q+OUIUepYCfOCYQU0EzXl5aEbUhbAsiWisAgYwTTNElRatgIYZJ0OopD1SJUIoQ9TCNJlECWQ4HQ2JrTEdTSY1u2baciQnLazhSeDJQupEI2pJbpdK0dpBSGNmXSesVkK5TpQFEi01E0DiM4VChIEVaSOWV0paCxNTu7UhNsByKUraWBJkIiVKOQ6XEca9TmjFCELNowQnSzmomkbCkJGhYhklrqMA0SQi1TihARZRyn2pXMtCgKifUwKlQQhGQFypI0ECGypRQhTzmMbbHokXKysVC6GRcVA6QTsKJIaqQcoQxF2khOO0yzkCSLqhjaVKIoyHQhklSgxFIUZUtJsozSiQghlLKcmYEMtOZao7WUJDttY4EIKTJaThmhQnUJu4XDbopwEpG2jCEUKhHTNCHATpUaQUxtREUic3QKHFGnNoUopUqyHVHSmS0RkkoNN2egya21sQ1SzPveCtlTtswMlVKKgtZSRpXWTHPpquzmVJI2RoVQwdmyiVBRGjIhkN1AGbXIgTC2LYQtgdySEBAlQGHbiMyWrdQiRMsJZKLYFLIpormRREgRQorA2G7ZigSBjEHIWMpMsBTOTKcQISnkTDsUyE4TEmVqQ0SEijFWCQi5ZZuaamQ2oKgiN6csRYCdBkKKEthEQZBp28ZAa5Nz1vWBMsipZeLM2hWFWsui0sgQtm2FQGRLERQE09gUUSTbBEBmlAJ2MyUAbEqEFC2no+Wy1r6rgUUg1LJFBAZDkVuTQiAJyTZGQWaSUARgZKhlHNc0d7POSUBzYtkGCNzcd50BrIjMdGbLLFFapoJaixOwouDMZpNGAcZOLDuzqESJbOkALAfgwC2jRFAcGY5xHCVFEFGcpmhcjyGrdLVENlsJQihtyZjE8jSOtXZd7QjG9YQsBZB2Cdkgh6GUCLk5cS0xTs2tlRqtZUiEICLCBlLE1EaM8GTPak27NQsigjBJGnBEZFLCOFQAYdu0bAphYSmMUKr2JU1rLTNtlxAKkcM0pemi1NKhtFGRkyK1zGGcuipFxaSniBjHUZQoApGpCAArAhSEaSjCTttIdrZxUlCiD9mlCMgcp1ZCFm5GSIHTAsBuieSwSl8xQJtynIYI1do506jUkJmc03ootUYUAaAQtiIAbIMzpYgqN0BTG+2spUNkmwzYKhUpTPMEEag5AysKdjpJ165T0TQ6cyqlhCKdUoTdcIBKILUklK3ZU4tQqXVqzbiWqlAbp8xmo6KICGTT7JAAJwrbAFIY20RIduJAEBScFraQldnGcYyoJSICA4pszU5FEaRwayQWtdSIaG1CcqYiJITs1hJMKREh257sUEhJczOKqbVa1HW9k3EaiiK6QmJbISmczUg4MxXFNEGmg+pIkkzXLloaHFHITDAuLgSAZVpaCqm1hlRqxYakUUqxnbakBGerpaSdSQSZjiBUkmxTk1QkS9hRSmtNYhgnWVFVoggZWk61FEJuGQqHZDvd7BplzCmMJCQZgtaaUShCajlNLe0sEQpEqV3Fbs21RtpuqVKLGMcJuZZqnLhSHbi1zDSAFBIIEhQCOVNgO0p1tsyMiGwNBU6i1KJsqZCTJNNWWqGiMCKYxknCaSlCQigCg9xa2oBLV0MSkdlsJEoE1tRGVU1DtmzGXa1CtksJpxVKWyhEEoHTBpypCDsVgRG0lgoVqdkKAdMw1a6zm6FNrdSYxkQuUSIKzijhtBUhSQhn2jhtIBQAwpmhkCKdWM0ZAguRmbUU2zgVZbJLIMlO7LGZ1krfCdycdolCgC2pfMonfUJmAyTJJDbYKUmmtZYWclGxiRKAsKL0s1kpZcpEdCVEKARktgRPbWrNpnZFRGtjthTCiSSU2capYZciFBhjBRElbYFKRESUsORUFJWITLc2AaUoomSiMNAyM11QKdHcxhxLqS3T6TAJzcayydYIFCEDArAoSMLOTIRCJYIIBSSSLWQJbKcdCtvZkKSQwEpbErYDqyCEmNoEgANJYYMUISeZJrObdwplWgipZaqUotLaVCSB02mIcDK5ke5qbZkRpeuLFJYASZkpjCNKRBAoFG6JMASRSoRtKQyyjbO570oKDDizqURRCFEUESgisBF2UJEkAwhbSCFsqYZEQWicWgl1fQ1jp0OhQiIBZBqyNTdnenJzuuFQEKg1Wyk7s5mQPY0TaWc2O0IREaFSVKgKBdFkIQEmnRKIBBAQkqS0ZaczmxRI2JIRgpRCIUGDsI0iwnY6syXYJoQkt5ZJGIUiou+7Wmq2BFkUKUqxnZkl5JZgJ7UUZJuIkEFSDUqUKGkjIdlWKBBCkiQgaoRj8hSohJBCEgK3lERIpVYnrSU2UglA09QQUQKkIKIIAcaBIkqpxZmZLbMBYEmtTS0bItOItAMIlQhsA3KUWrtCNhCyLQlJNJvW1V5iHEfSyCGNmaAoiihSFCkiACGFnFmilFJCihpYBqeF0rYxlqJEBKGihJAUJUrUUlTCLSWBJGciRSlkIiBk0o1QFElSYskIN0qxVBLLOMAqNVqb0h6HsbWphEoplqZxyJa169xsIlsLBZKM5Qg5UQRkKEQ4cGuJQyJkZ0TB2AEikAlJIYqE7KYomJZNMkg4oU2tdqVlYpCkEkWyDCFJIpBKRKm1gBQBjlA2smUoCISkkIiI1tI4QumUpIh0GpUSER2kAZEmSpCkHcjOZoeEKV11GhwRUkQ4SilRMltmFoWhTVOitE2jOXGohAqBVCBtQgI5W3M6KUUlqgAJqZZArIepKCQ3O4qcBiuilGJRYMJSRC3QgggZHFEjmJpzahKSIiSihCi1qkiqUdIJkSZQs3GjhNA0tSBqV0IFI9TXElGECLXWghIdaWfLNiXCGNNAaTsVISlCCIynKSVjBAhJkiBJT1m7LkKI0teAlkl6apNptXallCgFFYVBtosiSlEE9npYt2xOLNPc2ui0AgtkO9s0KSKKSq3YNqpR1ElyupQCJu1MRQiIEFKApYiIYizoSlUEQsLYCpzNWAqUbSJdpARbCGc6PWaLiIiYsmHXqCiIQBKUqCEsl9qDbYQkIiR7SgeSmJxAmLQroVIssGqEirBBEoRscIIAGWeWEBgIsAgpjBARcpSIKIEh5LSD2gUQFiWihGyTIGcaohYbC9nCckhCWIZQyM0gSUlrLSUhwmmcmaGwqKXUWiTSTVAi7HRKGGNnIIWy2aRDrbXWPOXY9x1iHEZLERKkLYPclUoU26UUQph0wygCG0XX1UzbWSKcaQVGkg3YxrYwklBIKCRFFEKgGhElIqJERJQiKUIUCZucErmqprFCytYysyVEFGemlSS2bS5TqEQB0jlOk4RkKdJ2a3amHUihiHBaEQHNTqezNVtQohbUppbYuEQpURShKKqFUEQkIpuh1BoRUVVdStTmsbUk3TIzWwalFFnYCnWlYNuohtPTlIZaSmsJihKCzDSOqBIGp0NKZ4SkSHKaphJdraU5c0pFgCKiKFRUa1dUpESKKJaKLDlbjuPUmiMUilJrJhZ2tpYRooi05SIRUYpCIWhOBU5KDSetjXZiMilRSq1tHKPUWkMqpSgUgO3yqZ/0iYScFpYiagkjaGlkyaWUQC0nOysykkIYyNZam2opKOQ0OFNELQWiRJRSirQexjS1hCyKIhQYowiwFLLUlRIFFIoQMkII2yLsFHKm7WanqNEBdpYo6bTU1xK1Q2SjFJEJCiSFEJlRFFFLjVDNbNPYFBFRJAIys9lCRQI53MYmO2VJEAAGXKOkLZPOEgEyKQfZBJIUgUJApiIi1NKShALACJChKyGRzSiFnBayE8BGRISdoVDYSZHW44qQLTvTIJRYkZkKiYiQ7ZyIKhvbBCIoiihSVJUoyhwTaulKhORsKEIhmxIKKUKhSFk4kwiBZUXElA1BOoqMpYKoJaIW45wcNUJks01iDLYzp2xtmmyXqCjAYKWcrqUYZbbWTCNKyaSEnBlFtaulVkmKIoyElU6D0yVKiJASQjgh5XSpCsrUmonMKVtGhESpIYeEbZFSyCHhCKFaVGtJ260N6wllRFGVLJxGNhESAiQ53TLBaUvIggzJwo5sE4hwEOBsaRNSNheBCYQEWCFJYkoDEbRMWciSpIBEAQgipFCUcKZEOhUlIjLTQhIGIxtQyJkts9ZordlW0KaWLVHYgBJCYbuWUEREYCQ5bRKQBWRakjOzERGZAFHCAkmGIAiQSthOIwSWAjtQ2giBpaC01kKhEkKgZuU0tcwSAiEikIWkIjlBBiTSCiIibSnMlM3ODJGQtoLIkhgsRWIpTIZKKCxDEISVshCSzDBMtlTCmRGllMAmFCq1RJpwqhSSEFFUIixamwAhi8wMlSgRVACDQ3bUCJRutg0SKmErW4sozpxaKgSKElGqAqGIyNZKKUDBLZlak+xUKZIiFJIMEaUUOUUppSiiSEhSkG0SsnMYBqf7+VyWIjLTiWSEpLSNDWSWUogoCCnTSKWUElEEdkqhKFHcbKeTkCSlABQlQiEF0bAQ4ERBqEAM41hKsY0IME4TCgnZaRRRVZExRJQiZQAikI1JkuYJMNh2NhMhSbKsqa1thwJh27ZDzgypRDSnExUkIylzHDNK1AiFxtZwloi0S5QQU2sIgR0KFDWncZoaclWASgmw3TJDgYi0bQzTNGGiRIkaIgQKcIkSXZWKSKIomdrkTFQMXVQVGRdFYCeZE1IoUokVRSGVWkuNgAgawuCmiBLFtolw2rLlzFILjeZJyGRImdnsiFDYttOEFI6QIpyZSViSp0xnA0B2WoQUoUy7ZZJRakhJIkmKUmoJIZM2EZIAhWUnRDLZZKCWDYekECIIAlBIRMhNGQhDullyywiiRCgsIYFKRFEpiqjhycalRO3nKJyOUiMkigXGzlJLqQWnhWwMMi6SjEuU5kREdBgFtYRRa1mipI1sIknJORkSSUWgiLCNkUpAS5DsjJBUJDDgiA5ACpUIKUrUGipJs1EgIltahIiIUCFtqSsSASaJIHHadgaYwM2SCIFtEaUKM4zTarkUlK4rMshuieUSIQkI2xGkiSBTmW0cpyjCToedYEVEgEpIESVChhC2LZwTFpaKapQkgRDZMlurpVjYREgRLdMtS60gAbakUguWW0bV1OzMaZqwUEQgokRIBcBOiCAiShFU1DI9TmM2Ew6DGKcppCghSQpEy5bZaukiQpIcoQghyWRIabd0krKmqQnXrqLADgmMnLhEgTQmSVI4SickAepqN40DsqwowqAspYQiJCkUtshmKcKmlEywJ7cIK4rTyGGnMyBUsjVbKiVCRoYQKkWy7YgChKQirCglVCWDagmVqEgCAGVmlEi7fOqnfZKwFLV2gETSjLpSjEG1r6XEejU0WtfNWpvsZkUoSglQKbUEJjJbZgoDCiSRTrCzixp9tXBKYppaRChKKAiCAOEJJwKkUpwGQCFc5DRCKOzWWmtjlAASZXPIVqSbm7su5BiHhlM1sA0KIcASCCHkiOqQyCkNEpaVgexMCAlFhJBtk6BQuMhuRNRSjLO5RLGIIiRssK2QQCCQIICQFMgYoagAtgicoVCJUAlJqqWoWGAZpMhmIqMEUYpKrVEiEE6pIAisWiJCIiHdJADbQioFWxIIYciklCihIJBaZsikGk2SnQ0kB+H0OI79fI7JtGVJGCSBId0iIjMzsyAFpRQD2HYRCTahIAmhiChVcqZbokrf9+k0DYQEGJUiiXSWUiNwolLCUgS4TS0BXEtElQiLzGajQmstsVAiyeBsWWrBCkkKgLCNbdvNTrJEEUhhO4xDEhGRaRmVECqlIFqmnS09TS1zktT1VWBbUYQIATViau76UkpJKzNtlwhL4HREEAp7apnCimJliZBIS6iEQpIkSaWEcFoQigibcLY0tiXbxhkKQtgRQWAQshQS6VBxZto5TaWWUqpptsJOZ60VQpKQ5FICAjmiIDkzyShyc5SQhEinbClqKRS1IS2XIgmn7YxSwiJw2EZFQWBbRllKMcgQBoUhZJyZCkGIJMKthUKlplumyTZNU2sppAqQBsi0IgqBIsDCTikcOJ3pbGnRMkspFplYhMCAQopQqVFrQVFqNQQRERHKlkKUIjyOYzptoohEcto2oQIWliKwnSlJCuGGsbMpikKtNSBkI4XaZIVrFANYxplG2bKrnSGdbul0SCXCpC3JYya0bB6n0c1I0zjZLhGKkIWcjbRBpUYtRchpG9JdV0vtTCLZdqqWcKaFM5M0FqFASBFAJmMbBDZpRwmCUEytkUYqNQTgKEUiM0NhpjZJoQgrFKXazSZtSTZWs4mIkIB0kxQqSQuKalEICIEBWRGk7WyWZBESUtqZGRFWKASe2lRKLYoIKYJkas0iIhSRzaFIN5VwREBmRshCYLBJHKUUlaSRSjeSxBGRSJAmhC2nQ6JEKJyZtKKwKIpMpxPUsrVpArnZToJMO5uTUrsoqlEiyFQUhJrIlhEKFYVJSyIiItLOsUWEFCWKJCKw0pNNiZrYcrbW2hS1AIhQhJTOaWqko5SIrkiKIizHNDXbxm0aJVnIMplGQsJpcChQSlKEIkKBHUW2QkIRgayIyDRQFEgtm2VJAlnNrtCciiBCmExjDE5UkC2RSDFNo50OlQinhRAYFSFsRUgSoVDYzRAREkC6YauEDbYTCGeTIkopUVrL5qxRo5Q2TSJKkRQOYRQR2DI2CGVOky3kQAoFKDAySETBEKEoCpVa+xLFcsvWpgmBwQkCG5EtitJ2EiVKRASl1JCIkDGOUIOcJiMFmIgCFEEtdkqli0g5bYEkkJBbIvX9TMJWFNvCAakSsoEIWjZMpiUpiAjscZyc0ziOIkJyks5SAilljEAUFWFjKUoUiQiFsaLWrtophEKhIDLtll1XI4qktHHakqKAapUinWRGlFJLkA2Bs2XaEjYREdFZmcaZIbVm0gowNYIQiq4rNi2bEKjl1MYWXUihkLFtApzZmDIlQ9QapSshjJ0QAlpLozSyiBAYMCJqrYJ0CiJK5tSmsdYStUYUOxVhu7U2tUwnKNMyCoaptWm0M2qVNbXWxjFKKaU402nVjhACY2c2iu10ypnNaaEIJWQ2kDNtQoDACdhRZJBtI6yQMsunfvIngySgAbZr7UIhqTkBTGvTMI2zMleQmQpFBMapiMhmGWdKRSWwJGcau5SCVGunoE0ZBqFQZkqUEiCFkCAFRI1SEpENAYpSooRSVk4tAyHGaTJRxJQpKQJFNLdpGIwksCAjotRSSokQCjDGU47TpFAtJY1bs7NICoWkECZCEQpJEZKNbcAiFFGEHBGqpUqhgm03GwspRArZEIKCM1smEUqMIwJomYEUkZm2ohgJ2yhAyCBkUgrktEvUUkqJiCIgugg0tcmJQpnCLYQBLIpsRQFHLRHRyJCcnqbWnM6cnIEktWwkgEUh0g0QgE1Ylk2iolCoCDuTCKQgCSkiWmtOq4QzW3MoIgSgkCQJSUWlllJqGyeJEiolutrbZKblIEopilAgCcIGPLYGEpmGICKmNoVKiULENLXMFhGhgggi7SgSQshIUWotUSwCIYGnNjkdJYB0umUtJUo1KWOCoJSiIoGNFJmJrVpwKoUsKSKiyFSQRClykJkyCnW1s+R0tiap1M7Yti1oQGJZxqGIKE6AIgmVEkhIQsiyQGBCCa1ltqYSUUopBYFNFHAgAVIQBJAyJWQ7aiklgNLVGkUhkhJCgQhCAdhp2zaYKIGNQDiRJEtFAom0nVn7TpBTZpsISSgCLEKycSnh0SoRBM4hm2ypgksoTctU4gCIELaJEkqnDSGSCJEpRe0qibNFCTlaazyTS0QpouDENkVdFFAtUlCipLOgKCGwWykVCygSomVT1BBdKROJTSgkAGQZ22SUGqFpGMBu2VKlRIkCaRuRmdgNSBOECrIcrbUIlShRItOZgIuCQA5j2S0zM7NZopQSwm5SKEKlVAkwMplTtjZFqVJINqohlQAhIxlLqhFURahEMcHkya2WiIg02EgFYSJUa4lasJsxrqUGQAhnyzCpzGwRVaJlyqGWUzZEV7oIHCGnbYMgAlRCJSKbCItSaI4IZwpFRNSQZFtCKiWiJchJtjGNIiSETBQFNthCiEROB3LYUBQqYdukhBSBkBQBwpkkclgSTqcnoSgFCFEiopac3DJDkmRbQg7kljJNmBJdrW1qiIgIIt0wKlFL4bL0VKLWriOFEoEkgEyLICJwa81OW0REFMJqrTUj2ekEmiUrShDZmm3kELawk+z6jrSdU2tIOHHUWhRKN7moEKUI2U2SVEpERDG2LRE1SkhhA5BOk1JEVDvdUqXUUjoFwqZ0nQinjaKUEiWKgHGa7ASFBGmEBBBRioQICUCCzDTgLKVIilDaIAkUoEaT7CRQ1AJp09VSSh3HSSYlORMJTTnK2BFBRCgiQgnZJilkkCQJQowt7RSKUkAlJCmdRaEI20CJEgpkp7FLKYqIiCiSVFVLCRsFoWhTAlKA3XAhCIzBRgEALU0YS7Q02ACKkCQUEUISINuKkEGuVMmkFcpGI3FEKEqR1JxKShQbt7Sxs0RJXGuRJKQSRaq1GmcaKFFKlQ24OYuKbZsIRZGI0tVaapqu66IUpBKhWgMiItMKuVmAQiWUBFKQzhJRahimaaI17Fpr2iEkSWrjOLaGwpjLIgJA2MYNW0WllL7rVMgEtcwIMGlSRASWSYPWw1ii1BpIElGkCCelFmeO0zS1CZkoNRQROVolMMalSA5jG0xXS40wCGwaWSMiggBLkpxTmnCEQiXThBXIatmkcAJZur6ZcZpoVpGsUqoznQanCaQotVTCNs5mi6Kuliil1NqV4kwiZNeCiCghCTuztZxKiVBpU4tahOyUQhHDetWaS5SQUIAlBaJEguWiWgqWyqd9yieGhZzNIghhDCYBAU5MRK1dZKailCggnCAFETIYQ4uoAokoIQoylqE5nW2yQ5IUga0SgXEmJqQopShaZjhBUQQSTNNkexqnnLL0tUYJlb7rEcJCRqRrBAphADlKkQjJBiOEEwVIcpQIFUnptBWlREQpnQzpbGlIJyKN7CJZUoQzFYFQyGAn4AQpJCThBoAgM4tKaw1ToygKKEKSIlCUsFprkpQYWUiSANIWmUjCKCKQnbaTdAZKt8mgCMkgmm1TVZ1u0zRlhohSMHaGIhQYCXCoBKHAyGRmlhIABtJQSgkV7FB0tQw5FVRqYNtEhCSEnJQisDPt1hrKbGm7RIBlSc40OFuGlC2bJ2RFFTG21tpUIkoUMHIQzsw0AmcoFCq1BDWz5TRlc4mopSCA1hpJlFIgMViolhIlwumQIoSNAQKbNqVtSSgUZFJCigBIJ2kTOI1MWMiA04rALookbbpSCGEihJN0s2kWYIASYYzTilIkyU7bkCBEhACjCImQENiYTIPtzAgZSaSNVSTktCNKLTUUEbRMcFgqiqhWlgiDbBGCybSp0cg0cinVFlCCiGhGUimRxmlbkhWFMGm3bNmk6PvOVgRFQQRAZqYDWubUpiglpEApFYWTRAJbCAmkcZzcrIiQGkQE6YJUiowwzYoIcT+RmWRmI5VuiJAsZKkUSYAI1YiQKE6mNgmXKEY4WzqQqqqKhEVRSGETEbaRLWVLBSgIhUoBKbJ5vVyrKpPMVkrtaikREYXEpaRda0SUYWyyjRSBFFJgSWkhq0QpUaKEQhEhkZQSVkbUEkIYuqgQkiKiOQ1CtjNbCSEIJRahwJl2BopaMTZRAIiIdDqNMl0iBFNrZLMCW6EoYXKcEjcIlSgRIiQ7kVyigFWiSEiSEpcotfZFIDmbREQkhCIkR5SCqDlltmy2HIEpGCkRIWmaGnJaIRShiJwyAjvaOI7TqFDX9WQ2txLCGUWttbYe0kTI2abM2lWBsCJCRYBwJkJSKEqECTKRaSTGgIgIkSYky1JEFDLHqQkiQGSDQIoiJI1tGtZjLaXr+swkU0KBk+aMUIkCzZlGIVmlKlRkUkRApjFYKqpRZE2tRSmlREQA05SZhpRCOFsGKCIzW2uIKIGUk21lthC1BNBaApKEbdVaSxQ7pVAgwjJpoYhAap6AKCqlElJmayQOQhJWlNKVEqFMQ0ZAYrDAxgoBxraztZwyJdWQTUilBophPTgzohoyp9bcxqYAqYQQbZgwUUKSBQphkATpEsXQxla7CoEcUSSVCGhRK0JSIQhIKQKlIaQSBatEBLKJwECStm2BJMlGOMdpmqbJdiklMZlpS44SNuAaNTECYwgCLBWRJBZ9rVFiyvRklUAIZaA0ThRuLVu2ZoISAoVCgSSkAEJTm4SkQCpRwBnIAtsgDM4MRS0KSZKdXQknkjM9jqMzJZdSSkS2tF1KWMpsziTCZIiIkJRpICjIaQOlFrkkrbVJjggjBBHKBLcoBbDJNhmXUkOSmKbJsq3AmGxu2WQ5KFEUBXJqbZwashOjCBUkCSPh1pxplOmIGrYk25m0KdPuSokaEXKSTiHShIpUa4lQhIyi1lBpmbYxODNdI6RQZrYkSDsiCNNcIhAopbCi1JK2ImxHRBhFqSVaS09jraXULgSEm6NURI2S2WxCYSc4ooPMzAApSkREtJbGfd8jSqGopEy2iFJKKSpRXCJq1IgwKGjpKSdJToGxbCKi6yoRoailSAqVdJumqatdLdF1XYSiBAbZtkqAbQKwkNOKUPnUT/nk2oUCkEopEW2ayBZRoigTtxalSIGUkxElhCBJMBISNtguUe00kkS2aXJzEzgzooYASXJzKRAh2bYzgczMNgEORSgIRRinKZCSnV2tUYtBNONQLTUkCTAKohRFKLFEkrakdEaRJZM2EZE2pB0RGMhUSGASCYHAIbmUiKjpxABOI7ulsVtrmUHJNmVmQi1lag3oooBVIlBaQhFhWggjDFAkC0JutiS5NYMJhEIgghBIsu3WpLAMwm52GwcHfa1ItnEGpLDTZNQo6mQEtrKlRAQpg7qulghJinAaqLWQRFfAWJIsIhSBwUZSRGSzVBT2lBEYSAiDlRIupZNUwq3ZIAk7W05tjCgKsjWHSu3UyDa1NhlLEleEALlGLbXYKEgbgHQ6okShRrFDRYJSaxQPwzSNk0oJsEk3BJQAA5mJoyhKgGWiC1lkEyqlZGbazja1aRrHqKWWYghkORRRwnZI6VRIphQlFGlKiwYypBsGRam1EOM02A4VQJJMNltIAbJRNlAJTWlITJKAFIScCEUpdmZiLBmVzOxqiQgj2W3KUrpSikkFNgIskTYRUaIgBCadjqggZ7ZpQiXTKOUUZGJnlFCEEmcKKSRLgW3JQTQnQgrbzkzcd52lAEIgZyPCZC0hgSgRIJuQa1cIlSglAIQdEVgKO10ijKUSYQiQBQZRXEuhYTdAkoqcFqESoYDInDLTUIosBaAICUsKSQ0rJYEMbpmBFcXNUcByppDtUNhM47huYyhKKIiuFgfT1KapIWoptRZSzS3kiBCSjBRFIlQKziDCIpxOABvAqZCMQgJJEAJLKAE7ZU2tZTZZEUIKRUSEooQUJUqxAGU2FUFJMlA6WzoUyGmnDYoSIUkhhdOKIhmTToOEsE3LBsKZiYSiZDYbK0kLjAKXrhZFYjmJyGaEDekISUREZrOEXaIip5xTwwDOqZlSilum0hbYNiZKkQREREiJaXYyTkNRdF1nDDbQbHAoyBRRqjPTKQuAEC6lEMpEYBylYCSFQeTk2hUJScaYUmotRUVuiYkoYBSSFBQVnFJECalgCJUQAJLJtOWcmoFAIGQBYFDWEgqt1+tpGrtau65CKCQbA9jCKAJRopOwjSmlyNipsCRCoZK2QihqUaKum4Ftg1qbECCpREgKDKQoxoJsma21qSkoCgQGKRDG4VqKogNaTi1TIojmlthWlGLI1pTCRqq1gFqmbQkpIgIBklAJWSHSESFCEiIEUtAybVCStjCttaIikW1qU5umyTaEJZmIItxwtmYRCIB02sg2stEwTAoEqqU4gFJKlGh2LQULm3QpQhEyJkogbIdxCYWxUjib0pnGzZbTgKRQMXabgFIKJiQgpFJLRDRQqOs6QrbAisAWEthYdiZSkdxsMA5FZktbQIBCESVUSjVOO4iWUHACCoWKIyJKZHpsk00poZDTKiHw1MacjIBShLnMCtmMU0ITcjKOo0gntgmAqTUJSaRbTrXrgWnK1iYgoZSiUhBpS+q7WkpYGJzO1mSJ6Lra1bAzanFrrWXLbFOmiBoiSsGW7cyUsNxFIWIapwiFwgkSERFhkCRicnM2pzNTArlIQooSpYRizDZNU0AppZagYTy1lBwSkp3KlJBkHA4VhbCV2UpXiIKsKMLNWUMRahgVhdJMbexKtdImW4soUYqxE4VaGhwRqIQkJyA8tRZRiAiHAyyU05TCMlIUyQk2sizCTk3ZgFCknU5MidLSJUqJyAQRihKFRCHbUUImRJSwXT75kz8BhdPZrBBCkqIoZEMaMK61RAgBCJx2KIQkCSQSRTQ3N0l2JoootOau72uttas2IggElKKktUyJNHJrCcz6mUmnCKZpzHSRGg1nrTUUNKftVEREKN2ypW1kEgUiJAN2KtRaC4VRibBTCiwUoBohJMkAbpnprFHkICIQRQaabavIzSoSGNu2JCICShFCiVGodIFCCEm201Ei06EwIeHMzIxSFKKlodZqhK0gHFKQOAJo05RygK0osiGAUkqJ2okrJEklMJZkaimhglsa2wqkyJymTGEkhNvUUBSHIqJI0VqTpJCklpnZMFNzQNQiNLWWzrRxOiKEE6SQWst0o5SiKlkqisi07UAOlYgoRXbiogoMwxroa6caciBnZqbTWUqRZIENspOUZSmQQmogLGEUUpsaJgpOUQjZABgigsukgGgt2zQFGEhTSlFxUUBEES4RXe1otk0ghY0kpBKCNBKgEJFuNrYzM+1CWKpSRGBbmZkh2USEbUtRAjuQZTBRokio5ehMhEpJU0stEQpjKMWZshERFVnCKZt0m9KYCCRshYRpdubUmiMqEaF0yyglJ6uWqAqTNjJQSxRVhywlGQqEM9PNWBGtTXZGqSAjbCuDQlJKVYQiopQgMKHIBFvhUEEKZGeEsCQrClIgwi2NJFSKhDDpxLYQgLgiIiJKhBSKCGmysaQwDoFwtsQKYRQKVUGJkpngWoJQSIhQSBhUwhkBVjhTYalIFpEJggihUsu86/vaRUTpii3SErYVUSIMgtYmVADjTAsB09QkS7JCkW3KNk1CRmmDBCjARrJaa5MzQhIhtcRBraVGiVotlQhJoXBmG5tCRSEVZwtFKHAG4RBYIgTSNDlK1FKksNM2kuQSJaKApWjDlG5FFWwgTURILRNZJj0VVYUSSkiKdE4tkwxFrRUhO1uzEpQQUUKypYIs7EwbIiJCoRol0um0ImRj1VqidhEahwmopSQuVAqlCKlELVGQpJKJiktEEWnhJDMiMILJjgiFooQS5FKKQtmasxmAqU0KOa0AqSpSymwqYecwjpKQMFFKLUWUUnFzFKEoQirCLXNqU1EQmqYpbSlQSEpns0uEwqUURShChC0FXTeznZkIESgs1xKSVGRj21IpqhEtnc4oxSZKkQLZKAiFsjkCmzaOrU1d7TKbVAxVCFmWJEkinZmOUETNzFKKSpEkCEUEmfZkQiWEhCxCFKqUmWlElCi11lqjhGVM2pIkKV1qVQiiKIxKUFQAKVRUogaGIEgbI6xCIQJA6cxsKtgoJJVaq5DdjJFKgNXcIgJbEpKQ0TispzZJCkm2FRGS5ExjSdPUqrBENoJuVnFAilK6mKZWSzECGRvLAgIhGduUiFKLJQHQWkoRpWRmLaGQm02m3dokRSgkFZCEydZSOJsFBM2lK0xGVsjYDRJHCIDMdDYLSVNrhgiNbcKuURHYXVdDpZSarQEKETLKbEYhSkRKJKVUFWEQzqYISVKEjIVUS601LGxCIYpKILAAnIpSI9KGJJ24qEgIgLQzJxOJQ9HaNE4jqJ/1CskiJBUMiihhAJdSZLXWQkFRIMw4TgFSlWJqLTMjIooclBRpIuTMTOwoXbZmskQNhGgmQjYWRaV2Xdd3AoMtYeNSalFg29kaUUIEiSJKyCKz9bWTSpuanUGVApOZ0zRJgZMUIBmRCRElou9qS+OUBBnCKCQFJDYWklprCcUlmbI5SgSROXXdTDWyZbOR3JqhVNlhUqDo7JRkExLQ2mgztQmMQTll1hIWpVTjqTXVEiq2y6d+8ida7qJGCSFPrTkjQgi7OUstEZFTNhIbShSNreEspYsoAmeWWhWRaXBfKiVatlBp2SRjshlbyuZ0ZkRBObVUNkWRFKUY0i1xNgOiIFv2ZEWpXSFNhORSigvZLOdkl1pEIDttCUtSRJFQ1BB2ZrooBLZT6ZYAISAzQYLMlrYQYck5gbBTIQiJorDUWiuKqNUmnaEgjBBRSsmRxHZrLYdpjBJCgME4pKhgGYLIECbJcIYiIlq2nNqYk6epNWc2oSi1dkUIKSRQCLAzEWCTmWkjHBESDiRl2iA5IHGVcOQ0SQqFpGwpkS0hpVDgTGeGSomiQCEJZzZozuKw3HKKUMvM1iRlJiW62pHpcJsSiCKwUAkBtRRnprOUPgyBQAqDLIMkRZHJ5nSzpMmUKLUExUYqkqJqmlLOMRNApJEiStg4W4mAkCVUIxKHokTJzGlqSmc2Q5QSKEqg5DIbcKlFEpJFIEGUaLadpKbWSq1Rq7O1aQqBwO66mUQjg0CR06TACUSUIoEzW5qUFKUIBLXWEuFmZJWQipAFzkClRtooyQYiQiFPCSHRsrVpEgok1FpzWgEgSVLiEhWBXSIiqtOWS4RMc8PUUkB2G4cpnREqpUSEk8sMbukaUWtfCNvTNBqHKqI5S42QQ2EyW6YzMwnVWkrp7MxmO6NEOiGEbEuYbFPDhALZSTobTSoyiECG1kZZwiVIIls60iakiEC2LZN2KcWZrbkYAkmKaNMURYAFgGynDYBTDmSDp5SyqKjUIOwEFMIe2kQawmRza1MaSok2NSBKtGyZE1KNQJIURRElnXZiQBGKCCmilCBatighEyEL0qFwTkilRC2RtmQpoghABglqjSk9jiOQdukrKI2wsSSFWjY7STItO+VQSNRasGyHsRMsQgShzJSiqqBIWtpBNGdIpZaiaFMbpwmwMQiyZTqFo5YOUSMNbhFVCiyUOFpr2caolczERl1Iiqgh1FraLaSuFqEARSFCAquUitNQSzSPJJJCEaXYiSihEEalhhRYEglChBCkS61CkrDHqaWJKCEpIiQCWSQRUhShhJAzPawHm3k/K10VTJMzp0wrwGpOhMB2umHbLlGiRDqRcJKqtYCdlIhM59RQYLI1CwGEjYISxTZuESoqgCRJw3oYhpXAJhREKCSFIgJJOY6jJxOGiGAY27Be9f2s1GqME6IUIRpuUw7jukSRsR0lQChKicx0S5sk7USl1iKwjIUkQAAlIiJKqTWqpDY1py3JCkkKg8CitcmZGIRkUDMKgbNZYKlECEVIEQhFCbtNLYpst2ZHFIXkUIlSLIeilOKGhYiIKFEI5ZSyCMiMKCHZSJRSWstsaREl7ESUqJYkiCgR05RTtr5UFVpzjXBAOg0mhEOZUzZP2Wrp+q4HbBtj2y4lVAqZAkkYiWmapta62smyLJSZU2tRu8TOTLuWqsDCLe1MqKViSa2lndnXEhHD2FpmjRCSnC2jFlpLUUoBG9mGNFBCYNRFlBJCUoIyG1BVFZYCIyBK2qESgSRJEihpkJSu2rZTilJorU3D1Pd9lHDm1CbbUQpOGUtgUAlFlAiB7VZKiYgoYTskYzBmbJPkNEKlhlAJRYmoxbadUtRSSq3GLdt81tfaI9kURyqnsbU2IZVSo4RzwmDWw3qapq7rpVJkUAA4Alvp5nTpCpeFSEASoaIAY5N2G1vL1iIiARvI5vSoUGazVErBzpaZIwCKEiVCuNRiiBIyaUcEwunEQSiKwkApIWRhW1Ak7MkuoZbNaZxIgqghCYyiq5Uo4zAoUaBQRLSWpRZJEhEBEgpiaq1NmdmyZYSyJYlx+fRP+WREOrM5szkiSERimSilSA3bBqbWJIVwWopSwm4CQplpASlbtaRTyAm2FLbBpURmCpUIMCjsTCzLZGYtkS0zHVURpRaJcJpQRAhZSAYslGSODhUJW4EUWIFCRChCoWJhOxTIFUEoJKR0y5QgiRK2AiCMa9cVFQxBgC2sQCjAWFGKLec0jSOolpJpodIVIQkJRShUopZaxRVJGlsKhISkIkUU22GISDcRCoVQCQUlSomicJqpTbbSuE22LUC1FIemyYEk2yo1FMI4nbjWGlHSKSRJpUQIjGRRJDkoyMVKoZSNrMQepykgSrEzoKsRNYRIB1EUIMmhWktRASgKZGcCoqiQIaFMZ2u11ihhNxEoDBEFuUQoQk4kBKaU4oKnBBSJVKTRU3EgmrPUEhK2kBQmS6mlFElSKJzgTGTbAenMbFKUrlYpIhJjp0M2gYzAKO2AWvuWk9OJSREht8SlFE/NCRE2pRSBJIeLiVJKhKKoSAhaJthpE0SUkGzSLZBQJumcpsT0tVpIchoZYxspokiScLplK6F0kFOarlaHcCqKQtkyG+kspTpdREsjE3KSzihFUlericwUKgpLEVIpRkojhaQSUUIqJUKhonC4tSlKCYWEW2ut2QgU4ebmhhWKGmHnNE7Z0rh2HQAC0gZKraGwUcjO1hpJRIAC7FSESoQkQci2beEIqUQt1YLMtCElRQmpAK01EJJRhNo0EYoIjKCl29QMgpYWtm27kaVUJEnIQkSIwJZUSkFkZrZUSDiiGCEBdoZqlBCSJNmpdJZSa0QC2IBtp22LEgLsRCI9ZQuJkCDTLdPNThyU0lWFLUoU2cakcIkqbGQ3wC0Viqgt05mGiIhSwEVFoYioUSy3ljalRC295JYTzkDJpIgIRYTQ1MZxHMEQIWEnWaOalKVQ2iIUUaK0zDY1sG2HnDm2EVOKooQUCiJKLSVkVBKHIkKSgtqcCqXJzCgqEeDMybYDHLZtpGJsHKUAkiS1lg5KFOzmyRDCJEmaWorkNrXmxJYdUUBTG0WoWFbtaolorakop7RdVBEh1VIlZDUndlFEUaApUxakEICQIkqRDSB3tSuljsMwMZVSQ2EnYprGkBRFIVulKEISQumGaK2hAGe2UmpmM66llFpCSqdCoWjT0LJJZJJTo0RXq0wq+q7OarVTQhIARoooQPMUCKllYmc604qMqDk1ImyXUqSQM42xE0RmWiJNKETagRJP05iZmS0oxlHDLa2MqMbj1JxWKIrAOSaZhsx0ZnPLTMAYYyiKbKkSWFPLtEtQaikiDRFyhgSIiBIhWXaSThIwwradUQohwMYmuoAoEban1mopknJqGItQARep4SAiotkWOO0spQhsDLWrStKZmREqRSAkOyOK7ExHCUkOAa21vtZSi22BglANOSKKVIja1SglLBC41lJLzWyASrEQMiD3fTernVHLyabWGooSJZOwS4SxpGxpE8JWtinB0Fpm2iSWsc0VblNDIQSgNjWEFJICpWkkBlFKTJlYbhmlSChCgFRCUlGEQoEjQhIAztZsZzpCoQKy0zYGZFwUCUUgFdWQDAYyQ0UKySpFwkQpalMzksBYKoqEEhFSOjOzdDVUkaNErZ0sZCwbAVba4EwnGQTIZEgisjWwwcoSXUiZTrIvvYWMEVglohThUsIyAEaKEiWKJQBkpxQqXbRMXKKMrUWUEFgph2mZ2bIltQQpyIguohCQSUREZGsqxelsGSVsKYK05YhSQkhRu5CMI4oQIqIEYaVNCWwLRUQpxZPTzTiC8umf9smClokzosNumRExjqNtIJAMWFKNQGrTQJJAGtsA2EmCZRAgqoIAotaqMAobhCQJp6WotSgURUBIglBIkkJpm3RTUEoJnCZEZk4NZyYGhyIklSIIQiUI2YCxwNlSkqSQUkKB7FQpKjUQCEkhkFQsF5wtU5jLhG0DJMamVRWrZYZELWEJsBGGiLAiMg0KPLYJVKpwqBTAzTYtG4CEDLbBtiQcilJrVzqkUkpIOXkcR0mlFDtB6cSEAqfTNSKKSi1drUJOhZTOUgrIGALZFmRERQCBpky7gexEIp2JRFEBRyhKARtqVMukECEhlVApyubJrSqEQM4kpSKnFRgJSxJC2JalUkoEUApCQZRSVEiTU6u1lFoCbCNnS0UhMQgJQArCQoQiCEtKlyJFYMCZlCDJNk2YFAIJhUqttqeWARZOh0RibDmbMYriTCdpSgSCTEVEqdiNLBG1FqkgainpxCjUsEw6p9YwlFJCighFiQgV42xTqAQQQoSlkMCBUFFx4EZzho1wGicIsFEJCRFd14Fl2ShkGwQWOIgSklqbMAZnKiCJiJRba5Cl1ChRailRipxpZ0ZIEmlFEARFqLkBpZaIKrJNLdM1QgLAGnNSKjphopTMbFOWWiUhYYsIYdvYmWnjtO0knYqQFFFAAkwQhLPhbJYUJUBRItOSM22k6PvemSDCTmdzKTUikG1HhNNSkDQym5UZkmTboXAy5SSVvoakqWW2tGwhyExQCdkGKaKLkCJtRJEiSjZHUSlFMpLBzgDZUSKkEqXWwGHnkK0TRMFUqbWWWFZEKbXaQIaECFRqZGtpS4RJY1wUFsJph4SESWcU2QhHqZJslQCKAtuAcDZMK0WK4pya7YSQUKZlrOZGZnO61g4RIalMnoqiK7W1jJBRtkYgkenMFlFN1iiAJEChWqptpyMiRNpOmQxA2LIkYWcgTCmRSdoYCFkRihIQmNLVzAQFpNMtCWwbQoEUESVKImxCgaMUKRLbiSEopWQjczIpFTJFSBiHZAtsiFDUKtFaMyKkJEImiVqwQiJQGGdaCFmBCWykGlLtigpSFCtlW4qopYCNsjlEYkA43bKFoqsV4WYJSSKilFpCihLRMltmthaom/UytoWQiUJOpCCHbLKx7JRKprO1EqWUYgSSGMeRiKoCCCmiKBQoiiSbli0UpYZbZjpbixIRcnpYj7YJZKsUKUxipmlsThIMKErpSsGWwshp21JIKEopiojMjAgICSHjGpIicypR+74rURJLqlESsAkZJNu0NtmOCKBKEZIiohgLRIkARVEosC3IdJIRkYGhIKN0CxUJhOVsk1taTlMVCYiAEqBIJ1jQ0jYG25k5YQlBS6JIhESpxUQqu6iGzIZoON0sQToTnG5BQBiyOd2wa61CCg3r0XZUFUUKklJLCaVdLEqxjaOUolCAipAUYdOmhiwFSBJ2lNrVyJYtKYEiWku7ZVoIUgos23azrQicmSlFKaHAKRmFcRDqoqoilUwMEuM4tZaSVAM7FAQ4W2ZRUYmcWjqjhKQSJUqBNKRbgCVFoJQCcsqUJDGMYxTlZAoYFWMkkKKEAIPsJCIU1XIXdcwJWyVUomWrIZFI2YyNItMmFYpSa4lM20lCoUQfoXRCGLfWnJk2FlKRDCVCESVKpgWB7JyyZRJEKmUSy+l01A5ws5WAsQwhWcYyJu1mJFGkNjUkiRChiFKKZLdQAU/TOA2TauAUUoQwcqhiYwcxOUtE1IhSAhBRulAUlfLpn/4pQMtEKqVEFAWWaInCTlACMgQQkhyESxQ7WyaZlkIluohShKY2RVQpiAiBBIKw0gaMIeS0bSQhIkLCKFRKDWlys5GkVDotQYBB4IhSS40QlopkpVHYidMh2bQ2TZkhhZRpk1IoAFobG5QSnnLKrBFWSDYKISnTmQlClFIiwhJOkI2xpBJRFC6yjVWKQLYl4RBu2SwhZTapOh0FEIGMkDMLatkCIdIuESoChyLJ1qY2JQIcEbWWCEmBVKMggUOaWqtdR2IwZNppCSEpFLgRQaggCScOisLZDBFRBJhQACFRhDROQ2sZEShwM2qtNU9OsrmUIEJEYmzLLRMHMkWSQEliA0gIEQjsQM0JthmnIW2VyJbNSIRESIpxHGutids0GaIEoBJurdk2EpYI7KaQUGZiO0RIioKMS+kkIgLJzhIxtdZasyRzRcts0+RmlahdyZbZphK11NJaSjIWMqmIWorElJltcjY7nAZsSNu2DUbUUgxKq0hgp21FSAJsigoRSAphokiSFHaGAoQwilBm2qmICGFUkFFE2mApAoNKkboSKdKtTZmpiC6KQpLGqbWcMk0aSQisTAUJJJadzmYHoQiF7eZGEpJQay3TyBEREVGKM62oEVEkikQgS7UWFAoMJcJKo5AUpBGSQCWKJFAoAsANhXHaTrfWkADJETFMY7YchzGdUUJEy8lpqaTTzV03k9wSydgRhZAzkxQqROk7ieiKkEChUmtVSLRU5oQcpXZFiTEWtEzbYYSTzJyyCULFpEoYI0gbt0yarcC2VEso5KTlBK6ESnFrTZYEgVRKCEqoGQuszLQcpdiUENgAjggb2WmAEIqwXaIIjLGzpfE0TYAkpMBpMm1nAhFKhmlyNkREaePYWipIwnZRKbV2tQtF7fvMCSmk5qwlSu0EEVGihCKTkFFRmpAiJKEiIWrLITMlORCWBJJUSolQtgyhKMIOY6lISEghIoQDISNUwpmyhZpNZoIQYDuxp7QopUghbAhJRZhsRlRVIculllqKZUXYDUMo01FCJWSnTWYmzUkQKeTMHE0BA0hFQGtTNpcIopBW0KYEA11XSwlsuZQa0zRFiZBaGqdDpJ0pkXbLBogwCEWoOUEtk0wpJGxP4wSuXQWyJaVAlhLGJOPYiIzShRQqBEWhEmNr0zgagcAyXa0qpa81w07sTAxSKQHYIQlay5AUUUopUpSqKNmaW6bTdulqECFIJ4SilGKpTUM6awkUCBLk6GopRQqFIopCNhEBUpDThBBMLcEIFEaW7cQghbAsRyACpxElSiDbKgppSopkEwJJQlEUIcjMCCFNY7OzqNTaYZJGKkIyjVYcmUkorZAMQIQMmYKMEiUqYJNKWaWUkGoJlRIRMrZtcLbEbmGStAXYzsywStE4pW1FKCRhLKdKQcYRJdK2wSZNFCFltkwB0jiOkBEKCWEnVssMAnBmRERQVCJA2AnUWiDAKgKBcLaWUen6LjOd1CJjEBCo1ALK1iICSaJlA0WJMBgCmhUKq7mBogQm7VJKZtogMGAk4xLFdk4tSkBmQxEBRJGNcCYyyJkmMREKorkFsoxLiSglsrUopURMLUtEhCIUERFVIsdpcgaRKMcpFBEVFZHGoVCEiEgIpY0kSKcsoLUpFBEKo1AoMlMiBChzkgIVO5HAUYozIyKkZlcFiiiBSmaDRFLImIYUUSPTkkkaTURERAkyUbRsRjYKla6GaNNkIdGmaRzGydnXGiItt5YBlmmY1iCMUwpJ2aa0o4QQwrh8+qd+UsvM1kIlShohakQpRShJSRFSiUCWg1BRlMg0MoQUQpIlRQQRJbAkwJaUaUkyYIWQSCTbRo7AklJIRAgj0hZFkkBFIQUhYRwRUSIUCkIaplYikDKTTENEABKlREhCEaEQJp1OsI1CioihjVVRokzTlJmSFCVkIEqJwAYJRRRI7MRpU7oSoWanU6BQkShqUzM2GRGhMJRQKFpmhKIUC9lCUUoUtWw5JaKUWkpRBNhWuo1DC4UCSZRSSwSRmXaWWhRytmaHaq2BIFTsKSWlRDPGLbNN2UREkLaw7SSKUmTLKFGiYFuyHRGShGzXiNp12C1bqKgoUMskVLpSS2AyM0IStrI5KlFrKDIB04ykkAFFCRUpcaYVIqN5EgLU0umA2nXYrbllczNIcmspKUK25QArhGVQuCBUhCJinMZQCEKSURegWgpEo2FjAyoRoNQ0NZUoJbDtoLqoKkTaUq3VEEIRwkKAIduU6eKglJbNmSoRKKHWaM0KhehKdWab0lgRtp2JIoSkxNmsAGxgahFhbJPTlM4oEbUoSgmMbGpERMiOKEbNtlNSlFpLGDdnpmsUFHJOppSIEoqClJlRokSptUoKRbpNbRzbZEdmi1JKCZBpoaLAJrBtBbZtSNdSSKMotaTtTNWQaWmBqpyZGIwdikI0jE1imbSxm1VUQkglIiKQbELFWMY4bUXUCEuZriXAUvSzWkrntN1sR6myQ2GF5JZZAIVUUMtMUKAQqtWGzCAAI2TZoEYLUAlBISylLSmiBCBFRIj0hOVsoUgSOyIAMpEApx0qEhK0Nk5pY5IUqIQthapJE0UhbLeWhEqoZTpToVoKpoTSxhZEKKJIstOkibTtLCrN2bIJtWRcryOilOJMJClkS9GUlYgSsqKEwqVUEUVSUEsp0ZVSSiidghKFIqftJGpgiShVQmBA2Wxnk2rmRERIzXZrCiCdbi2lkMjMiLAj2ySRaaTmJklgyc7J2ZUCgUin06VWBVNrzgRjR5QoslRLhBW1YAhkIaMQNiCCUIhEkkREEDJ2tswkHRFSgAELpQEBkhOwpNoVbGM7rYgA03ISwgYiokapfbXdnFVCUSKAlg1FttYylTYKRWsNSRFuaQPYEApUIkDZptYaFiaEpOYUUWrJTFu1hBQqkZlpnNRScmqWSiiEmxERgd1soJTSdZ1zilJUAttgpyKyZYQiotkRCon00KZSip3NigDbQkWZpNN26WopVaFMYxspIkSUqpAkFIAUTku2bYkkMyFF2C2BllNmVRhbCimb06kokrDTk1CppZSwwOlmCZNgRZEEbpnCoTAKOXGEkOxsLe0mBbJtoCgUQqolDBI2gGSFnJ5ai4haahQJqUgSJiLcMgEIyxKmVEUoFOlME5JtibQkSxGgWrBlEYETJRahZssSMlZICFAEQikCsLFbKiJCshSypRpBtDalkcLYEplOcAY0ZUBrDblEAbdMGaSIAqSbQBE22KFADoUcEtmcTilqqZkpUFEoVIqd2AgbhLDtBCwAYxGSFNhjZlGiSiYGmwhEIIXSBtsmIlvDKIQsRxQi1IzsCAmljEOhTNvGDimnhiQp0xEBODPTCqEwHsfRbYpaa60qFKvUiCIkpZPMxJmJJCepKCKgSUXhTDuTEKEgCICiUrtaSomQjdMiUGKkiFDiUICiKAipWQK5TcJEiUBGESpRSzhTCCRZIUVRRGt2ZqBau4hiEIQCM2U6s9lR1M3ms74rURopZBuMUUhBOrGzEaW01lpr2JIU0bIJl0/+xE9o06RQrbUohnEahkESLo1JjlIkRSgiRKKqIIywW1KrwjTcWpq0FTjTNjgxLSdnCimMIlQFKhESICqCZsLhyDam5XRIJRCyCYVDSAnCEZHG2Wg4VEJGAgySsNMRIQUiBJIxmBAowFBCUQI7oti209lKLYAzE0KAhRICkDEqJRARUuCMKIEoAcg2ZHMpCikTEYgSkc6IKqmEMk06E4QkiEwbd7UKWRSICKGcstRSa5QoiDCWMm2FIkDZUihCmWkTKJAVuKWFEMYEEgRWKEqRiAiknKaQSilpozQGGxUkyXZIoRoRliECItTSoailhkqEWmstbaeIiFIgkWRspBJCgU1EISIUCNwMyiAsB6q1M0jiMtsqYYyJEl2ttdZaQqY5M9N2lChRcUoyRBTJNshhFKEogaaWzpRkK3OipY0dCtsEqIgStRQsoigsq0QRynAtajjHSYRJml2iljJOw3o1dl2NWkpEKLCjFGRFqSGFnC2NMdDcSim1FDkkUQTkZGSB02ChxMJplwgbKdIoJ0UBkWkyIgwtJxKFhDDCmWk7osikjUkhCEVIQpk5TVN0NRRgpxGYqJ1t21FCshWBhFBggDY2kxZFQUgKQhFqZIQEUrFMy7TJjFqESik2OU0KZRqRrUlIjqjY0zhlZi0106ksUQDbIokIY1FCmBCA7ZBKraVUo9ZSME2TUNf1ElNr2KWrAREqUQU4wRDONCrIdmttmlrX9bZtk5lGBgURiIJURQIpClgRTrdsSkml1FL7rpZiCIVCsm0jCXW11CgKQsLYqJRaAxVAwrZE2oSwpAAHAWDLsm2BDRIBCcrWkGxaZikBYDszDZBOO2UpU7NaSxelCEUoQi2dzhrFKDOzpewSXamKiJQjiiGESZmIaJlkc2abGiolbKdVaYlA4Ww2BaUTqKXUUpoznM2OhAikKDWKigzhNCIi0tjYWSIg7CRcorhZCNItW2sBEk4bR4QiImrLZkwaKUrYaVBINCel4PTUmiBKycRYipQCRWADai0NQkLGpEuEkXG2FiHVKFEBgzObHbZKDRwlnC4lmp1TKyGAbFO2UorThmkaMjPTrbW0s2UpVQXbxkJOY7d0SKXWqkg5SpQIQ2stkCIQpZQgooQQIiIiytSmiFJCLbMWgZyECBUp0p7GISKKSmZrTilCIiQDpMk2TVNGKcLNWWttLW2Kotk1okbNdMhGAKaNzbSQQK1l4FCJCAwoqpACgBKl1s6ZkgzFQYi0MwWEbLCNVFSKohSnQ1FLBSkiSoQUJcJBqEbYtNZsE8JGQhFSZsPC2IRCkjNtIiRbISwckLbsrKUkAKWUopjalNm60qmQ6QLNlCgIBXK0bG7ObDgokiSnUXO6JWDkZgOQ4zi1SRFAQEQxlqIIEWljSyUiSimlFE8NKWo0m0RYCjslQQhHqaBQRAmnHQ4JENFsmVJLyLadNgRRakEhBAUy00hOVFRrKZKihBQoSoCc2dqkEjUCKWltsrBqKTVaZiiAiCilhCJKQXKmRCjcbCNE2Ma2wHZrrZQoEVKRLEUEkiJUVAw0I0hKV2spJWQEIBGE3TJLdIRJpADSrsgQIkoIKCItq9QA59goJQpOSonmxAYpwXbaoapI3FqbcgqVUkIRbsYpigRgZFkWAikUOJ0OSRGSJKZsbZpCchrUWqpEqCDSNkALFUnD2JwWACqlRtgyLUqNEBGEsjVDBKgWyU5nS1EiAMuQXe2jFomIcGYp0dWZAJTObNlaCpfSQeJUVIiqcIBzGluUAEmSJAJUPuWTPi5qraWmjWS7BFIoVCR1IcIGEKRlO9MSJQITCnVRIhIKAjKdDSCksU1Od6UqcIIsyc5stq0IyJYmbcukCZEhRUSC0xKkhUAhSCFkWpuilkAqIRRya6lQWlIqqpwYEWkVbDkTiQgyISTAQpKIEqXWdLOVmYKIwEYiEwUGcCYImbRCMkaypSLR2mQjRSm9ZGOhCLWcZCRMGgQKC4GdQq61KmTbrRmDsmWUiBBWprGbE4NcIiSEIqRQEK0lkkLG2BZ2C5coCkWUSCcglVJiGpvIQIaQFBqHUSAJK4TlqAXT0kA6sxlca1GRk2yJJJCFBJaEFHJ0NTPTDlVIIYVBoUCS5MB2gVBnpyQCxDhORQJCODNKxcaupWuZrbUoESXk6LqudDUUGAlDKUUSqGVi1RIIBGDhdKYTZxq5lCLJmZioRalSVKNKEiAV1EgJISeBjBTKtLBloVApNbpaZSfpNCVCYacNOCgKOZ3QRSk1SBsBDoWJCGMQIiDTtpBFSbdMSxERxiZkO23ZmbYVUUshBUzTVEIRkWZqk+1SQtAysw2hQoBtQAqopQgSA6EowkKoRo0QCmhBpAwGgoiulFICoehKDdTalOlaakilFAGZxkFIUUs4nel0qyUiImUntRZFyHJm1CrR0iWUtoiWmWNr2XJKCSPJJSohICKwEBFVuGXL1rJZECUsgiglUGAkRURmQ2rTFES2TEwmUjqFogTKomJZBAZZQiHSCjnJtBQBbi1BaQQRpZANlJmIEAhsGRSkXWqxFUXNSUSU4nQ6WzqdRWGytSwqpYRbglUq4SCQVRQRtuUgVItAdqaNJEkYy8KZISKKIFSLpAiLrnQmZRQyIp04QooQCpxKG4UA40CQRAjZRgiFIk1zKmRnNtdaW07Dal37ars1l1JVJGMjISmdgFTTrUgRAfaUlrquJoQCIREhFCEJpMhMW7XE1KZMogswyBChkEIlSoTkdGZLiFowaWfLkLCkgmhpmRJhCaGQnWGrkE1IpUQEXVdBwpIaVimZKSmiSIGxW2aGJLCtUkoNKRQCFOF0Zota087WEDm51AKkW6m1dl2RgFJCpSizOaUSoVKkUmoUBRLGabJlFEUEqLllgrCNZOc0TlhITKkatVSF0g4UtVrYtGzZUpLtUHEQKkkq02AAZbaIKFEiZFtSRMlpwijU3MIminOSFBHZpkyVWmopEaEQWEJRFFIoFCHSdrplC6llMwg7BJaEiTAQpYbkqREqoUAgkc60A1slArulRahObXCaEtgiECWqFXYCEli2CSTZKQGEZFKErRAqhMK0QrGwPU1T2iaEhG3cUpIiIiQpSkQEETincQIUIRIikwiVUJRIOzAhgVtTjRJFUkgWIiCxDZlNIaAEQpJsW9RSJRXJRiFwy5YN0XApQUg5ZWtTc1MEGciZ09QmhYrCIpAQl0nCbtlqCUUJIaGIsBKcxm7YWEaQZFEpEUKy00hBCaAoxtVaihJBBJCZApuptSAigohSwpZIpyUJZUsniqhRWjYMIUBBqCDaNCkopSgUGCwJISkgVBNLoJzGKRMnKi61TNNYalGJTEMoROJwmAhlWgVSgghJRQEgiUARAZmJ1KYWilIEErYxLhGtZShwwwJlawpFFGPbGEmYxJnpRBGlhE2UCGSctlsKp9XVogihpEWohJykMhROW6LZzmwphRACSemUSQkhgClTSZSiiMxsmaEotYLTJjOBbDal64QMNgVFhOXMbFZA19VSChJJkpbLp3/KJ9darGjOaZoUEVEkIgqBrKlNOU2l1kxHwY4I0g1LJYxJZWthopYoBTy1RrhEUahEsZBJu00tnZlOt4gSUikRRDO4pVMgRdRIZ04tTSgMViKHlGFnEBmliDAYZ2sowBFIEVFCTGNrzlqrCmm7EaGAzAyhVGJhA0jYNqnMVmqttQjZCBIkFFKJnHIa1oYSJUGSsazMDAUQRaEQ6VCmZUcpmaAUYOwY2ziNLUpRJqWILIEismXLlORMO41kwIpIEwoFpIBsOU2jogg1stYSEXbDipAsRWlkUVGJ1iagdLVGaZkSEaVli4giNZN2rTUkQxTZApFpbCMkycJWpiVFKIBAIltDVpRSJIVBkgx2a6lQKBIy05kyKGwjISQkyZZUazGWAlS6kpMjigIj0hEqtSgKISAsRGtJIER6alZmy4wIsI0lAZJKKbJtN2dmLb1CiohQUUFgCGfm1FqmwVGKVLJlBIoooWxOQ6hEIMxlwqhNrWWWEpJKBCTIckhRipwUyVIEdjqHYc1lVRE1kLAigkDINmBnqQULu9ZCSE4pSqlpSURUFSgRYKMicI0yjqOdRRUZhIQxYNeuhCJtgRQ0S26kpEBSZrPloCQuUUoUoJFVksKSnc1ON5IoAVAC0TIhahSEipxkG21hQzizqEQFA8p0BEilhGqHHRGKwAZHRClVIqRQWMhWlIhQyJlpS8p0KaXrSkRFGVEgEwPgbJnpNo42EdFwKWG71l5SVRBSaJrSGEmShDHgyUilFgS25dam1lo2R62lRJRq45YWEbLcWmKiKhRIsqdpsjPtcNiepnG9GqaxCdeiUjsnhlIipMRGJVRLQBgHMhIqpQQpQiWilBKdpIB0SxpQSgkpIqLUElKUCEuBMVKEFK1NmdQisBMJIghlki3bNC6Xy8QRoRSAMyQnyBGlqETUUqTg0t5eTi2kUqpxhGxnNktdLUaWhaLUEKVWhQAFGKTMRlqRHm0yogjSTiY7E8tcphKCWiMkhaQoNCQbMJad1ChStKmFlNmGYVCpknEIh4JCZmIiSiYOt9bsFFapxk7bmS0VBSmnSUSpJUqHPbVxmlooFDbCRCgUGBKL1XJteTZbSBKWokQtRSCVElFKlJAUKiUUMU0DRCmlRlGEACnl1sg2pehLNcJJlBqyVcIRRSqSpSAEzmzNrrWAbUsogswIRYnoopQiBaZWharDNWr0vcw0tXSTSikhqZSSLcE4Ml1q1Chp0paxKArVEhE1AoEkws7WspaiEm4JZOB01CBJI7k1C4NtISHSVsq2ggghRZSGBVPLNjUCZ7aWU5synbiUkm4QkorC6SmbnLWEIFszKDFRSihkACzZEFIqJaEoYFkEYWUQ4FJLiTBEKQI7E0VRIJAh07YEpYQhyVoqhYDShQgJLDCWII1KVAWSQmnnNIUgwiZt20IIHMatZdrCpVSEJSkUEkQopBSCcWotW5SIKDIy4NbsaapdV2qnkFtaUkhIERECKcK4lILJlsIOhCmBLZT21JpEa02l2J5yksI4QoqgZSnR7IiiLgTZpiQx4CihCGNZdpZaFUJECRnAEDVKhESU8JiWZINttWylhlAQKTA4JOwEpVtmRilCoAgrUIRNZkoAJFHCma5UleZmVGsVQgmKKNjTMAmXrjqdiYI00GpUuhIEItPCEeEkIlQjJCQJpCA6hUEiSjUGbNItSggUIanUgi0IFLWYwIlDALSWIVRqAjYCBHamse0oRRKZllq2QJYlRYmIKKWUWrM1O6dsZBIxtTa2aZomAKl2XS2BEwA5WzMmpahFpEuJTMCyQ6gUofIpn/pJrTXAaaFSa42iKApsO1OSFDUK2LZCAVO6TQ0jTAnAECUyM0yJMI4gorRsQUQpFgEWXZS0bUeAhA3IQioqEXIqnSUica0FYYOFhN1yakkN2WRrrU2tZWarJaSY2jgNA1EjBLTMsDItO4pURCoB2WnbQgRKpQhhIkSmLYRIR6kl5FRLC9VaSi22yCSkhiKwBaWEVGymbK1lRGTmNE0tkwSi1C5qBCq1CAgkwLamqZUoEjgdmqZpGAdDKaUUCcZpsi0kObpaotgNFCadsic7naVUFdFMZgJORSECp8FpAmxZQNqIEiWnJsAkHtZLKUpXx2GUrFApJSLaOExTlhqhiMDITgiphMjMNDKApMyUAFomUCRFYOzWsrWpFUXLzJyQJIWDcERJWy2TzMwSkkMhA5JbjsMaK93G5q5GJi0nHJJtaldCYSwpipzCKUjAKEKlpHOaxjZkRJQaSJhMm6ylhsBAgpGKwm4tQS6SEFBrxbiljWwr+66YMqxXCRgQmbYjoqi0bHbaBoeiRFFEIcY2SQUsycg5tWnqag2FIjIdESVC6WZjIgIJ7CTb1KaptSmiCAmlaTn1tY+IVJZSikpUZUvBrJ+RTqcBu9mZzU6nQaVES0vCpFu2tJ3p1iYn2YwkOafM1qRQhJyWooQS7CgVbFuotUYIsFVDYzZEjdIMSttOhBVRQlgRAY5SaqmllLSxSi2kW6YzSduWRJGcY2uQbm2cGgYxTcPUskbNZkytNRQqAakQgBSUzLFEDQVhpaOWCEIVexqnYT2UUlpm1CKT6TZNJgLVrkatOBUFpyxLCoXUpkRWCALbNkE2Z06WQgqVkLpau650fUUlW1MQEVNLt4l01IKVE40USpzTSETfVcCQToydlm2mNsmOqCgjarNJEzizTakIK8NEiRBJYocDRYSmnLCFuq6UEEQtIYOdAlxKhZicOTWFW+Y4rfs6Ozw6uuOOu47vHN/e2JycrbUaRUU2tRSFkIpCEaTHacIOxTCMrTVj5DaNrblEVZCmlLAIJIRVokYprWVmSoRkjDFp23aUgt0ynYTI1iycGUVR+67rqopJO6MUwqJO00BERERIQMqo9l1OLVtKIcICydmiBCJbE850FHV9h5XIdhQFYRA0koyui652Uxva2CIKItO2M42JEgXSxhBBOhMkSEU4GyhERJHAmbakWordJCkiSrEQiJSKJLtJAkpoyjSMwyipKBKPwyAFyOmwo8qJIdukWuUWEeEopUQtAjCmOSWFVCKMooaQcUQpUgSkp2kUGBnbdjZZUYQCYxRYEolK1EARJYpKSGHbZCEiwsWlBNKUrZYiEIKQkKJEaa05CFGi1FqkMBQpSrQ2DeMkO0qVMFIJ7MQGDBKZCWRTiKS1yekQSJbc0i1tMpsIFRlC0dqEQCqlFjQ5Q5IVwtg400KlFJNyMQLhzMx0hopCrbWIMM5MkVNL29lamlJCQTZKRETBkrJE2JmkUGa21rK1dJaQLURELVHsBBBFISkz7bSjhEotESFoLZGKQgpBZhqDhYwlZWsEUiAJ2TaSKIoI2SAKigiZ0lVJraWg1potS9ep0MZsrdXadaqWSAxRYpymAEzLKdM4qwIpokQpXSmZObUJCxk7GwRdraVWt2ZjElMiImRorZl0UkoJgQgUUSICyc5Su4jAEaWErAhPti1JUaY2jcNQur4q0i5FTlCAW0tQkezMdGutIELOlukoIWlqzaZEsdPOlimiFKUdCiRFBAgBEbLBZGaAFM42TVOUIiSnpMwEAyJL7RDCkgRpS1JEqJRanc1mykmhqmJbUEpASJnGmRIG4UwCSSqllKjYmSmbCIOBdJQiN0VgJEqttkFSIE2tIQuVT/+UT3ICKCilCKWbQYSEnaXWUktrU2s0TyIUeGrDOCLXEqGwnWmJKDVCUYoAArm1lpm1Vmyg77uoJTMtsLM14wiVWkJFRYBhmiYpIopJkMBuKQU2yKSJqAqkqF1pUyslEqmEkElJioKdMnbaJFEj7dYmTChKhAIIcAhJmbJtp02tspFIKz0JRRRDELIjIiIQaWdmkhEFAbazlOJMIYRANYQz3cbRhhBYUo06TmOEpChFESVKlUotJSIwBK21aZokolQEColMSwJblopFATecTSVQUKNGyUywASMcpahIkt2MWroIg+UopfZVVpQSBDZYEbKlYrcgaldCykyD01gqNpLUxgnJtDQhKRQRwioKAhlwtkyXUmutIWELNWcaZJqMnJMJbAsnDsspRQBgGyFbcmIEUEJRJEkKbLckhElnqYXACc6+dpJJJyhII0SQWE7b6Wwto0iqmS2sKGEQNspEwsgtM7PlJElFWFIJhMA2WUtMtqDULmWPLTNljMCGEpHKTAdq05RkVaGUGrUUCAqR6ZCwHQrJuNmYkFpmEEAmErWGoUREFJCVNqUUu4HALW1SIFVnS1SCGhGlMzaOiIhCOsGZCEwEopSqEhEKMi2i1JCmbK2l7RIlQhAyiW1nOkoooigUtGbI2vVI0EIFW6XU2oGzNYOd4zQ5U9I0jZkZAgU4cNSKwrYwCSqmRYRQKUUhoyBqqZLSLXMEGTudSYnAYGSV2klK2bZFjcBhmiVnpl1nfVc7FDlNUxtUaxEREaXKGSoSFEkIYWdL00oEKUQgEFhREV1UyREqURAlCiEFAgyRNUrUIlWB7aiqEaDMJlRKSMXpaWptatkmQ0SAlKRdawmi1CIis2U2g20pmpsIm8yUQiWihkJI2OmUMRg53NeeEpkOBYEk8DS1vtZEZOu6PmpZrVcnjx3f2NpOT1LpQiicSOnJLVO4ZSNtUoBkYztE13clKqjWGkWChgWykFvLCCNayyiEhSSBlElIGCttgSVJSlit1xGqtWJJSKGiiABkptacCXS12pmTkQWlhlsKJEUtzmytyYRkW4o2NWO7uXmaErvWggjLEYHSjlIkt8zMJkXpokZXoiSEXPte2JlTswQSNkJRcBpaawoZbKkoQkiBooSkopLZhnEN1FIlpJhas41K7UqNilNIRCmSFKGQkIb1GkfXlUy3llFkkMhmDNCcwoCiGKwsiBI1wnJmSoCLw2SCwTYonVIIkcYmwpgEkZklSmvZWpMkiRB2hGxLhIKQhJ1GwqFAoADSCMAts6BSSkQ4U4GNwpkpS0WBjMB2ImVLSulKCbAh23rKgFKL7XQagUqNQLZBU06SSq2KwFbITklOTObUGg4AhTS1yVKJSFsSITenUygCSRgniUMCg9rUFFEiimTo+864lpq2W6qICOPW7LBUaqmllMlTRaqlKBAhsEwmliSsUiRlphQRERESFlLBCYoIhRQyKCRjhGjpEDYkhAIQMiBhQmnSLiEUEqFAGJAiQIoIyaE6TYObFWERVpJFxU6ySUE4opQI0lFDCGFna57aFESEABS1RITSttMEgRMbbANCiiACRQkRTmc6hULYgAiTBmwisG1HEQZFOruullpW69U0TbV2CkUAAoXCUokSUtf3yK01CIRbiqCqqiBHKFQUstuUibNEOBOTmZKihHFLhCKi1GgtW7YISSohkJ2WpcAtUWZzWgogigAZpEwHZJpwiS4ElguhqhJtakhObGMUOCXZ6a7vQnLmOI6Wuq4nRKrIER0CIYhQa209rFtrtRRLLVsRiQpRPu3TPqVIASIi5NZQhORAtiJktWzZ0mQoJGVmRAlFP6+Ums12CpEKqWUjJGSc06QShZJC2BYhLOcUqNaKRHqaWhq3lk5n1hKAMwmURsLU0tVapzElau1CCCfZlRolShQgQKUGhIKQ7AzciIjMBKSKrQhBhJxOCTswilCoIKlEwciySQlbUikBYIeUoFKwLZQqkqKAISCj1GwpK7pSIxTqagdMbXIqSgmBwna6BSJKhEDIQlEoUSJEqEQBEKWWouhKxWS2ECFNzmwuNWopKCIkYRRSqKQsKY2EpAg5W6adjqjIkmoUUNqlVJGYWoqxnVEjCBTTOLbMCJWoLe1spdYICUIqoQSL1iaMQiUUCpDtkAJN0ySFRUghRenSDgWhEkVSIIPdWrYIYZdSuqjpJgI7wU5JpRQpsiVJIIEiUNg5jZNCpVYDJhRG4BIRNSxIFBGlyADNU4kahC0VZGVmlFoEyEIRaWMLSZZkrMRYUWpXi4oCMhNqKcYR0Xd9a56mqZYISSVqrVFKhEpERC1FoQjJmQbbiKqYMqep1VrTttM2IEXa2ELORBEKOxURIZtsTVLUkiZpskKy05KQCISEFCGN01BCRcUC2zgUEcrW1sMaKKULFKVYRIQUiHGcLEpIVnMjVUpky4gCxoCQ7JQoEYEI2c5EIUG2BopSLOQEpkyS1iYQ6VKrIKVSwmhqTVgqIGcqZCvtkCTJEbXWUltmZgtUumIcRNpBOG0TgU2p1Zkp7MTKbNMwCbWWrTVMSHaWUkBIIk2iUksppVrYtJYUp5O0kHE6w1JIijZNbgJLASBqrSFhhFomuCVTmwIyc5qGTJQqUZJG2oHE2FobR5VSSgCZaSi1qkQoJErUkCIAFBIC7GYZa8oxiNoXKbAB7KhRkJ2tOXMKhU3a2ZqCSqQJhRQEBaUBBFGjRBDqui4UfSmllNZaRC0FG0MUOWWnBZYgE5OGWopDVVFqDYWkNjV7IuVQjQKADaGwSSdQUHMrCku2QxFRFAEGUJQIIFuWUARI2XKYJjKN3CZFgcCZ2bro0nY6SSmiFBuQSkQoW8s02LhER0CQtlBRIGHX0tkpCQlI0iikzJRUaxXKJNvUsJ1pQti0abIlgIQIIJNauuiiFAkBok0No4hQOEllEjixai2lSFLakroSWCJaTkYoooSEE2zCouBURC0hhVQkpECZiZ1taiZDJQFyygyBBIpSBNksOaIaI5EJiZGkkIrCRcWKUkogTVMDhBChkLCxM7PZxrSWJRRRMm2MikQiISFMutm2nOkaBYzBRClIODFtsslSaoQyE4gI7ObsopRQCqcllRKlVkuSau1KKRGEig0QoVJKRBFkOm0JJ5KiRCkVyNYSBOkMCQWW0hFFSEIGeRyHzJSiq0EgRSmRmbWWEsW2aulqhczmNJ6aSpQI2W3KCJzOljYRyFKolpo4W4MIAZJBKqWTDW7pKMgRgRMJRDanADlTkJl22pYcUoiWLVQotsFWBBAhRdjYjpAkKTLd3GxklShSyBhIZ2YobJeQShhCUgmg1r6WCrIJERFIU2a6kU43SRHRMmvUiKAox5bNIQSCCNkIMlMokO10KmTLEAJkIxuRNmkBCmdLW1VCEShCWHYmGORQOGk5iiKctCIUIZHZ5IIUighJIdHVLrNhQAQhTJAIqUQau+U4WiIIVGsFR6Ao0zSpRIliyQAZpWCQ0wYJhWS5KKCkG2A7s2GVWkqUWiIJC6VNSsrMEIgwKkTUCGFTQMYREpTWxnEc3Nx11QglwlZmmnQSiq52mQaXKBEKCSif8smfIBESkrGBgJRsJLCz2VFqCUkEQiKiqEQosBVRFIowaVKSTUCm066lKwGSQrYD2Tm21qaJEAJFqbKdmaRLCVCUYtIJkoVAWBSUUiAMUpQS6cxMZFQiSmuTbbKFIqS0u1prqQohhOSstUpKGzunSSFJma01lyKiSCDZaZBpmCSDnCYpADBp4yJFUUoYgDR2mJQV0SksGQsiIiJUZCNsjAIrikKltdYyadmyRZS0bSxIEDahQKRxpiUJSzWqVEoEIBkJQoHtbA1jp0BIEelMI0NElGjNklEgCSO7YbMaBhmjGiVKKESETa0VG6xQRLHtsMCQLWVqlNp1IZE2INu2nTYmahECIgrK1mwbLGQsVEqUUiQhlSiZQhlRJEBJAjKOUBhDRClShCBbAymiqxWTrWWmImRncyNxOBuyIkIoShQFFTKdDoWxFCWELAuiRtqkVIRRFCGJ2nU2hrAamZmWwgKMo5a05Mxs2bKUYhAh5JCAzGZHCQnbUYSkVILdImQJVEJRIsEtBZmkjFyjIqZpQkg4DSA503YU1RqWAachSi0hKXCCqFFLCUJumUZQShEaxhHoa4koyMZOIReqsYxEtiQcBEHaKhLpzASRtiUJDdOU2UJcEQqwZSBCZE4mJBuJiCJSEUGUIhlCkoIoJQQ2lpATlFaJUKldcctmI5WgtRzXa7AFECUIhVRKCUmSJGdmYjlMhDLdWgNqraqKKJIkSRhISi2lhORsbp5CIcDObC0TOw1FRZ2dQgohEiJqhAQIYwvZCgGBpRBKoijS2M3plEVkNolmMMJpt5YqIWFjO0pFZrKxIrooGXI2Q40SKhERpQAlotnGKoE1ZcNhWVIhbCPVWqMWLGOTCknKkOxMpBCBUxGQ0zhObcRBBJ4iiqTgspQqESUzFSqlSBaqs5lQpm1PmTaTs0QownJXS2aOU5IZRSWCKJKJ0qZREUUBLZOWCZnZFCERUssJEyXsCJsSgOwpnUmJ0qYxk1pL2irCEkISAiVtbG0cJylKrUJIFm6jkRRdVEJSRMiBjUmJZgvVEuSUVimllBinNo6jJMCZJYqzCYgCqcCQWCCEISxw2oYQkqBGUUTLyUb2NGWpBXDSWptam7K1sSVNhXSWKAicIJt0S6IrYRA0Z7oJZct0hiMKUkBiIYFayyJFKdi2sI1KkV1aNuMQmS6lRi0gQyiQpUDGYAS1dAqHIkJRopTitNNdrVOb0nYCKkVSSMIWljFKt3BYBBEKSUamRQmUJoRattamUCA7KaWEQiGICEWJNk1TZkgRUapCIaexJMkg7MRYFhiDnQgh0mnbGQoVlyiScBIuEVE60sZIlpVQwJIQUkilYAmmbAIiSkRmtjZilYi0pGJSERERCmMFFkjYU2soAo1tNA5FlDJNk41E2krAFuMwKhQRiLSxS3QRshEgC4xlMFELRiVshaQip2UhYdturWWbFIRKV4okKVo2OwEi7FRIAmiZzU1BrUWKUCFQKm2BjQPZmTlNU9pCOaUiSolQgSilIKUTNylsJU1RKeAIBaESQQijIEOBQmFnRFgAbZrSKUUghZqBBGVadtogZCmCghyhiIocwo4IFCIlFSudsh0SAYQSREgiWiYmStjZ0kLYKgowBjUcpShpaZwEIjJtp0ytnUgnpZRQYNsqUVQkpFKCaLacxsWBFBFCUaKlp3GEDClRyNg1QsiGQAps20533QyjkBSIEkWilCIgwGSmabJs1VpKLQ5ZLhGKIqvRZJdP+6RPQpLUWoKRgmhuOU0GWSqCFCGy2WkHYSmkbG1qiW0ShJEkCTkUCBJwgiBbkwBNU5OczaFSFJJCpZQoEmEbyaFIjFBEV4olwM4oJWo4W6YVkmUjexzGNk3GhVKiKGJqU4IzBREREQq5ZZSYWloOaXI6IQiTdmtNJYSBEE4kqQiwIZNsDmG1TMkIWxEF3FqWEoooEQaEAIRoLW0AAyBAMupKcFmmp2nsulpqTYu07cwUAHaGRchpySFFCRqNLKVYmS1ba05MykGEhLFCgigRoXTaZCYRXS1p7CZJIcGU6UyQ04qofY1SJEkEISKzlRLNDilKyZatNUUUxdQcoZCiFmRJU2aEQrJdagmFimSi1ILAmZZcaxVOEVJzOp3YlqSIQAQikIpJSZiIEpC2LRXkooixTaRr39UIEAUhKSJEME2T7RBRIicjgdOZWBKW7VIiIaRQSSEE2M5EVSLlAGxs27ZdSxDR2lRLDQslVzjIRIooiiglPGXLKW2ySUpwTkHYgG2KytBGzHw2i1IwEkQ4iIYKtZYIOV37KhQKBEYCKKWUUgE7nTgBKZADmg2SrCgFCcBgjENYArU2TcPUzfqu641tC6GQbNzGbHIIG0MpXQmkIkOQVkTYSrdM25QaoYIUiloqUVq2kORQhFEgRQROXKTmxEikjKJNJlVDlhAtja1Mm+aMiJCmsY3DoKIaFYWdmS61i5CtWmtRUeAGspEEqIhSi0oF2y619F0HYdxay5aCcZxCNUoQzmTKlqYqjEJWRIli3LKVKBK4hQqFqCUiQmpusiRN0zBlhqLUattpSSGMI4qqIhSEVAMjCamEnEilBoRx2IRIhwDbiaSQJCKwbWwrBJIiwJmGqY0hyWRzBFHDUypiakmoKAhls20JgxAhOZFsQabTaQk7m7FROErQPE5jkihUomWTSikKRYQUIiEkAsCpICIENaLWGgohDCDJQViWnOnMUkopQSluJNjOzGwuESJaZjpFyFaptUSUQKqlUEuRo5Q2pclSa5TqRKEAC9IqMqoRbZwiIiRCiogSZNpKW2BFSERATi0jCBWDREQgYQlQOjW51VJKyFIfXZRIW4TtUkMKmSAsQLazNQtQIzEhtUywJJyKaG0qtZQIO1OuJaQoJZAUIUc2h8IAFiBAIUWtIVkG5JBkt8xUSFJERCk1qkmkUkpiABMiM40zPQ5DqVVoHKcIKSJKFZ5aAkIII5y2065FU0sFGdgi0yJCpXbZrACIolBJMlsjCEmhdGZaoQjZiYRAIalEOMEuAUalRBTjUEQNp+10OiIAO6QsEUQJ55SWhJ02zbZtJGFHhDMzM4oCVAIrQkilFhIwIEUoMjFWCACHmUi3tNOSVKIoRGsNIkJFgTFgk47ACglnq6WWUqOEnSAJoKhEwaiYpOWEJWS35kxFKFyolg04SSHCUgmcJcIgFIGbWzZCEaWEpEgSIFOYKNhGyE5FKDNt2y5RJFoaOU02F5UoBXtqTYBDkp1CkgC3TCiBRZumTKY2AihERCFQZkYJQCKimIYISSCHoqiI5mytdhVIHAYERkIRoIgkw7JsE3KC5VBYkiTAlohaRIBLFJNgEwEIQYnidHMagFBYhMRlaYTBhIWaM52KsHNqkyJCJbEkSZlWCtEyi0jszLRbQxZCIEXaWCFaJgZkWVioRMhK0i0pQpLkUBcdONM4mzPJrnSArZZTNgRp24kUgLEznUUBuCWgiIhSSlEIBLTWsKVQqIRaS0wtNYqcRti2KZ/6KZ8UUtqSIyKiYmNSLqVGEUgKSFKGQBEBzrRbi7AUhiglooDBgcZpzExJ2VLY6ZCQFCpRCGotIYUUtYCDUChSpQaW7RBRaihaJukIGQXClpTpEM0giRynZiU2IkrYnlorERGlTSMpQwRGrdlOCUipRKiUkjZS1JItszUyTUQRkkKBiogoUfuiqF3UUtIKCYA04KxRnZYChEwoYZoaVlRBTNOE3ZUStSsRtlu2okiylqoAifR6WJdSQkhElFJKRBFECVkCg4ISkXa2FChkkOwEWZIQyFJOTaEgSolaKynLSpcSLY0Bd6UqFArkUgq2M9MtrXQjExwqwohai5WYiJBkE6WUEoKWLVsL1VBMrUUoLLCkhAilbaclKSKUCbYlGYOcoSiFlnZrBJk5tiYpBLhllhK2nQ3kbGkj7HQ6cctWHIqIgGyZCpWuBgoSy9jYbZpEIIUiJJE5JU7bCmEym6ICStuacgQUEsrWIEVIgQSJwhgXSaWUzGYopYSETRSAzIiIKEBL25ZimpokOTOzlIqc6cw02JlTNlIRSHZawp7GqWUCpQpHSAbAzohiGxusFCFIGwBhJMiWxgRYIQEC21FKRGBnptMRJd1CVdhWKUQJKQKwEFEindmahAwyUUqJqpBFIEUtAjInUFBUqFGxp5zAUoBCYRsshRGZklSQBHZrNYpKiVqAMIGap6mlQALABubzGUgiIiJksI1sC1xCBicRkS2nbMIlqqRpHIdhRZJpSyWidkUBKRsyA5mIQCUyE6yIICRKFAUtydZCiJLgZkE6wSXK1JpwEOmWbWq2AeM0ioggMhNhIwmbiCIp7bCQBAaJlm6ZShILWjanhYWwMhNhHMjZMjNKKGS31txaiyJESLVWFQUlcY4joouSAQlSoCSdlqJ2kS0NXa1CCgWyQlLYCDVKhJBwc8tGy2YIhbGdCbXWUGS2bGlkCRsyVLpaTTSnbEMpBRSSLJQlQpJElJCkEjVKiRIRk5PmBpmJrQgJRQkrIjIdIckCbEdIynTLViIklVIiJCmQDWQoutoJMBEAQVgoMxQSoCAUytYsY4CkdaUGUWpFTDbpUKQdiJDstMFRailRa0k7QgSCYhILMo2x3IZREtCyyWBPtuyuFqFaatoCY4kSHXY2Jw4icyohmxIyQghFYMuJsayWzXatRdCmhokSWOm0HSJq6UohFFIpxSKnqZSg2ZDZApVaMJKAMadaK5BJYIugGEJySxVqrWkLjWOCu1KaEQpFSEbZWq1dtsxsoQiDSBuwpVAoQpYUKraxW6ZtJEUJZTaMPWXKnarDYZUSYEWUiDQKi5AsKLVDIeygKAxCyEBmIyJKEQmqpWBHKQa3RJKEKBJSjmlwuoQsWWRL2RQpqtNulmitAbScMnFi2RkKS12ppStyhBShUCjCaYVCNXNyZhRF1FKKSWoRkAinATlTIWeO41giIoQEMimMlZkSJUpIxkKlFNtVxRGykSQZCywkkS4lJFkAiK7rgrBcVKY2ARhFlBpFpUhKmhtChKLUUpxJkM3ODEgIbAksiAibsC2FcNpOiVAICYRAaZEpyS1bS6ESARIuJUIlnWRGhBRYEhjwmE1GEZlNESEJ05SkIiIi22TbpNGUqXRriVEpMtM0ZaOESiklhCAzW1JSFGzbJUqpRaK1xGnbspvtTNOySUW2s0kRIQNSw25Zu1JUQ1gS2HamsUFWVypS4mmcQEDagARWCmyDUgTpgDQKwqTTBokknZYVgc3k7GtnyQ1wGsB2hMqnfPInAlIgnOm0cIaFbLs5IgxpKwSUiBKBQZIptdp2ApYgZMsmm6c2hqJ0tdYiyVgoAkLFilJbpoUTJ8kkKwUSkLZNmpwatiEzizC2Bc5MKchWSzgNitrN53ODM5FKjVAJoRASGCOruRVJElYpUbsKYFSiL3XKli0VBYEcFNuSbBtDhkoJNdtpRRFYKhEKbLc2GSLAYAmRTRIWhTCWHQU7W1MIu6W7WpSaWqM5ivq+jwgMCoQiLGwD0zg65ExUC0qnmyNCIkrIYTLTraWKJBXJToIU2dKywK1NrZXSyTbpxFhIRSW6aRqwjRQSCgkrLTITJAQk6WzTiBQh3ISaM5slgRWEFCqUCCltyZ5yckMhHMKWsIVCUikhSVJktqk1t0RyqoSQI0JEAAKDlU6VKBGSrBCWwmkLnJlGEEgY2zZpO2rYlkIypuWkkBwIIgxTa+kWUkjGFIJQqNYuJFApFSGiq9FaWw8j6VrCsgTSsBqzjaXU1qZmFCKtEjKtZYgimVBgu0iJIpQARESSysxM0rXvpMjMcRpDQRoJLKBZgW1FTOMwTlMppa8zAmyLaRhsFLIopUgkxq5dZFoQpZQoxiVq6SIzJUCFoiqnLdu0NolQRESBcEAaVKJEIKok24AkpCRpBpPZ0qVEiciQCDPaOLPZgOwIKQSSIsCm1BJRZCQkRUQEQsYKCRIVRe1LX/ooAQgELdMGLAsQMkh2GkibRCVMgkJVok2tFGEpaldr7arTCrsJHCCUWKFAaUPYGVLpqmQi0s7WbIdKKXJmRMEApRZJlg02AiICUETgtEIgnBFKO0IkpYRCbhkoaomIcWqZLSJKKXIYR5HN1CZhQyiiFKES1ZlTutTour6ULiRbxlIIjAjZhJRO7AgJTdncEqmrnQOg1FIjWktCQSQtQkYK7JQIAilKKOTMqSWyM4uKFEgG7BJhKdskFYolSqmCTJLMqaUzEEIhEKQTkYTskCzJokS0aXLaZHPWiGEcp3E0OLMQgEA4bUkRgXCmCbcGhEIhEUkihSKkyW7jGFGjBlJiWcZ2EhEAARgMINvGMihqrdgm03ZrNp4mMKESJapkIYCIKgyJM8EJVkSk7HQpBXvKJokI2xEIqYShSFGLVGzbmUYSl9lGiogQCk1tKgrjlumURKlFJRQRWFKmm1trLdDUWtfNBLYxxgW1bLZLlMxmKFGVSeBEUeR0YhJJFlLaIkrIbqFwOiJSxg7JOFQkZRoigDApCeHJBglCkTYiagmTdhNBRESJ0tpke5paKFrm1FqptZQSKiFwZtrOKKHALQ0yhCShCMWUU7YmFQBkq3nCNDtCBjfbLlHSaRsTEqnaBxmNlElniahdpxBGEUWFUCBkDAgZCyFFBAEh0gYkZ4IdJVrLdIJKKXYiSajINhGkFSGw3bJJAjKztRQCC0lhAmxnpru+B6ZxKKVEKQAiklIKISOhUooTIEIoJEkgSYpQa00YSUDLVEgRAc1JC0kJMg7LOVlOWxHKzNZSRDoBKYAQipDIKQlHlLTDchKlBDS7RkFYlFLCJMaIKFEInJ5asx0yQkUhRSmlVIcEhhLFQCNKBEwtowQCq0QRZBrAGOwspUSRIYKWObVUhHEY7CglM6NQomCrlFIjm0uJFFNLo1KLJFCEaukSZ2uWCpGJRFeqQmnXCEkhpZ1OkCWlILGFAGcjIN1ak2Q5IiSQMkk7rHAqopRaIiSBFNTAqESUIiQ7nZnpiAiRQKYQlqRSA8h0EYmxFQphA44iUPn0T/1kSxJSyEqSUEBEiShTmwwSxhFFVtQAZVogCRuQhARypgKlo0RRjRKSMlOlNLdpbLYEFiYzs42tSBSl7cwosk1KssA4QlFLUURE2hElhKFIIELY1KhdF5IiMJCYiFDINqCIiBLgsJxERAgpbTuFFIRouKiWWqOEFAKQ04TTatOUiZ0GGwGWBa2BcppaZikFJJGiRgAgZBUVBYqIKA7jZuwkqSUiIoOISKJERJHTRSVJjLN5EjTbSUYAck4JWNilFiKwFRFS2tM0ygoVywJFTec0jkLINsaBLNdSFSIiAFQCUhaAFLWUUJFIaDlla82AFCEr7VrCBpRugBCSTOJaomGBpTa1iILslrXUEkoQloptnGAhRTjTToxCCiR1taCQAlAptsCSAlBEREQAtZQgoivOzHSUADBSBEIqEVErKE220WDbETXCAidSIDIxiiLIbFIoAjvTti1qKc0NSFuKKCVKSJKiSCjsbFaEgnCbQhGlCBwgREQppZCNNo2GiFCUAm2aSpQoBQA3u0QhVAwQUVLZRam1E6RUIiIKIZtSSle7dLObE5VIXEqNKAhZgUiDx5YR1NpJYUiMLWNLkslSS0hC2TIQgJAQQhiKcFpBqDQ3CRGKUCjCopYaaStCUQQgskVgY6lGFYSKnQZAJZzZsrV0CEkumZOnnDJJ5zSOU8sShVCAMUBEOkFCYCNkp6OEQXJYKGSnjVBgDIRUa7RMhaLUWkuppXbVBtOcESHJyJKwDFK2jFCazObmcWptWI9TK6GIIkVi44iIUJTITMtSlRAoAmyrFClCoRpFWBEKFBERSAC2itJu2dyanTKlVkmlq8iBwLWUUnuLzJQihEIRkilRbYyxsUoptRSFbErIUmbLJMIGIQspUDhTABbRnC1dFCpgGSRwQoQARQlJdqZbRClRbNKutRAhJ6Io2jSlKCrOxCiKlC3TLR1RStRSIkISNmAEtEyabSNJQYBROFOSVEpfC4Ts2nUWzqYIKbJlqWEn6WZHSBE26YbCMiBINxvS0UUp1bYQToNQ1OJMSGNFOBtOVEhHiVprRDQ3UWopzdmaQypdHxEFpTRlA5DAQJOy5TRNTkopERElAiWUCKSisF2ESkRUFJIVMgoVkyDjEiWKRWlTM0SEBApBZtogtUyg1hpFQkUilGmn7QxVlYiIWsOSJQURUUsh5HTU4rTJIqKUzMnpqEVQSlFBUcPZQtWiIlAU2SbcsBworVKCy5x2OipyaWQhKKSNUQnbNhIRai0BOSAVKgqHhmEwLl0ppTixXVCUQFhIAcrmItWuk4IQcto4WyZIVkRkNiIkYU+ZXSmS0mS2KJGZ0zhJEahlKnACaZOZNogSQYTsya3UKqegpSU1MlCpQUQUiVDIImoEJIoSpZSIiAjbtRZCbWrDMGRziRKBbdslFFHSLipESEpSoVKLM23hlEByaw5KhCSFgAREVRBho0BIknGmJRRFOJ05ZYJMw4EI20SUiFAIkIrCclEBApPZjNMJ4UigtSaBZNH3XZRiJ3ZiGYlpsgKJUooxVbZamyQkYULhoCgcYFEUxjJClksJRYmYrCJF6YpJLJQkRBSVEm45ZQNLIQFubVKELGdKZKZNRIkIIVLgUiSEFKVKKh2KQhqkKhLbisBka7WUWgvYtqKYBKJUQBERrqVT6WSXWoUswJIU0ZWaLRV2QhChtDMbUhLCpZRxGLFVSoCkUCmVRFElFLVIYTBZVErtQNlyskNIRQKMgvRqWE5jdn3FiCq7drWUYhCCSBkTUkSxVT7lkz8RpIgSYREGYxEKSeCQpFBEBFJYbq25JXJRSTKbVRSEwpjMhCghVVDBuDWD0plZa6RTNtRMK4haAoFqKbUUFMIts9YS0UUglEbpcZrsBkFgk9miFFu1lBIBZBpMKELjNDlduypwZnrK5gjJMinJaadbmyjRqa6GsQgCoVpDIZCwUEs7M90kRQmwJEqJCDmRMk1EKZ1tHBFI0aYWUqioCEikzEyiqEQnpc00NUARISlUa5UTyWAbRYRAIVOKcSAAi6JaSlW0dIrWMoBQRIFEUUooRLrZtgW1q6VUJEQtBVRKmVqzrTQh7NYShAAVFdOMW7MgJIkSJRSZ2doUXQ1J1jiOEbWUUkrBUlGlWCgUUpuySE7bBmVrma01K1RLCWEIxZhTa62UUmuNiIiopQ+QbHBmZpOlELYCdYUpHSohRGaTLcuQyiBq6dJIMp7GqdZOYREhSaGqIGxbCgKcmaVE1FJrCUIKI7eMkKLYbm5CAc0ORMihAsbNNtiWKIquROkKLVOUWkrIQkZS2uM4OImiElVSlFIUgEIKgHRiIhSSbUEt1aRMSyuiqNgmiIhsWaOoFlpGkaJKhEKolhIRArANoSglQNGVCJw2VeHAZhrH1lpElUIqyE631kotoRIl3BqEMgHElC3TLds0NpXoIkCyImQISVGxpynJVChbqigzISOKbUBSKV2UcLNtSVgWkU6nmzBABKV2pTjTBrCRkO0AS6AoUUsQsi0b0dzGYap9J+FMS4EIAQZJNE/TRBCUKac2NeRaO4m0nQY7M7paFCFPBqUURQpF1NqVGhFRghAmICGbkUPRpoYoEUEYbBMIOeVMsKTWmiKKSjpLiVBgjGUJA1FKrV1EsVtrjWScWtq1FCS3jFCUWgotjbGVSkhwOrGRmhNFKYLINIaWEXJiHKWCnc0AJLhlthYhFTnTdlWxmIYp5YiCEoRtKDWQJEopRAjVKAZnjm3CDlW72ZYiUDqdlFJCkXamp2wIhFO1huzoSumiTamiWhWEitIhW6KGFKFCUURgq7UpnaSihLHTEDZJCiJKKQGS7TRoGEdQCYlAtrNlKoIkQtlcSyhKSC1TIVslFCFhBNhppGb3pXRRLdKNbC3JbHK25iIUFcnZbEdElEKmJOPMJkWmSy2GkEDCCimJKFGjTZmkADcUpcY0Noq6WpHCgqAQiihdSIlbZldLRIF0urXmliolQoooEZIz3VpLp52CEgJEdF2NCEziQAgpLEuRrYGLSoCiBJROWGmcmY6QVRRWibDI1lqb0tRSAtuUGiigiSglQpKFHIrEmAgRUQpBOD21KacWUbqu1tIJCZJMI2OFbEuZTaiUAGOnnS2zpRFCmYpqMkoXRpiCHCGEBVKxCCJqKaVIIAeRBhyKzMRIIZzpTNcucsoxU4oI1VohIB2EgRB2YtJJAhGBpjZNY5OilDBqwzi1LCWiFIHQ1DICI0ISAkKCrna1dIlL7UqEcSYBKQoykmTC6VKU2UjbGNuutWSm0y1biJDGKSMUpYARtKSqRJVpbtM4KqVQKQqFwqFqZ5KIIGoNAjJqBCohbAc43aa0UyERGCmiSCFDZkoKI1tShKRAKEAhG5RusqdparaMgGyGbJktmxBu2QQIbKVo2bKls9YOq5SSGFkqgvQkRY1KkSGzOe1s6qJGkaJBVzsk0lKVsIkQzVFUIgCwIRDYJiKyTVFq33ekMx2iqKgEOABZESRRi1FAtjZl1tJFjbCa7ak1pyxnEwKnM6KWEuN6UqiUEqVIuGFIJ9BayylLrdlyHNcOioqiFClqCEgjtSlrVyIUpRZBBCZtoRS4tZbCpQS2cfmMT/ukUBEGW5IwshMLUIgoQYAxzVlRQo1QRGIhZyIrSptSKGpkZiklCHC6SaqlKCJKJXOamiIQQFcLyFhIoZY4M7OlEyvdpmkKFUmlhm0hlULLiCilZLq1VCAjqaXtFJaFKMiQ2dINokYQSpkkcSiiRJiISBOSUZQSJazAxoSUcgmFVLuur7WUcCozQ1LICSHCskuEpKRBCGe6uSHSmXZREKUomp1uUmCHZLuUUmq0TFlJtjHTiRyK5gYCNWckKCKEooQiytQauKooICLkzNZa1lIEQlFCBpsQk9O2W0iGUgpIUoQwgae0QopAUqbTUzYEFjiKanS2o0o2CpzZSDdZpWAbmxIChSRIMp1OCkLpDAUhqUQIBNhOCBQSUpHGaco2RUQ6TZKaWgpHFCJCitCUlhUlsFtLSUgQljMpUYqwECIbNkUE2UBZsBUgQJKMQoSKStotW2YiRykIRZSuBiTuuqqQgnCJEnZiA1EKzq7WTCQRDkWmEzvd1WLABkkSjiglJJzZFAopna21llmiqCgUbWpGkjOzGdsSpdQuSkSESJOZ6QSFwEhSFAEoMyUUQTYjhALB1CaF+r60ltkaCBCyM6LUiMStNTzhKEUoIlSimJymdDbLmWSmiAhFqChI22Cls7m5pU2bpkyDE2fSMmsUgJAzUwonRZnGWUopUSy6rkSopYWiqFQ5jRSKlnLLrqtSkZCkCDslYatEtpZTQ1IESWuZ6ShhOzPlTKS0pKLSppxaK1H60qdbiVJrB4CdKKRIEaWEKEkazWq1Daj2CouIrijTVshShAQkZGsoSpGsBAWhkLBtOySEQplpg5S2jKTWWmaSTmfLjKJQKSWwDcYRUWrtaoQisw3rgRJKk6QtCMjM1rJEdLVPm2yGGkUEmARRahERJWzbGQpFkVRK5JQKQIkzTUsbirI5cwqi1ihRBM04bRNyZtrIZJuam5vBUaM1SwEpFbAzJYlonpwUhaWiALJZJBC1kulmRYAzFUVtakqHFLW25pxcagilKSWwE7AtY6UzStQaoRpFQhQKYZVaS7YsXQ2QamZLI0WJQCXCNiCEkCVZpUpyNhtaa4AkJDeblJSRQkKEQlKEIiIiokSEbbcsXS21OJvtKNXpUBA2hEIiE2SbTKsowpnIqQgpbDkTSGcQtoUVgVyQIpyJZDdagzDGEBGySi0h5IBMKyIisBElQlFAgZs9tSaRbkpSSJLdpmYckLYASKdsOyCdIJUiO51umZlubYxQM7UUqRgym9NItsiGwwIRQiEk4SglUBBgQm2aaun6vqDAbWwtyVoKdsupOd2YpikiahcWsjASoQBLUSOMDZlZpeaWmVFKKWEpmx3YmdkkSVJ6zMnNkoBaioQkuxXJCokSVY50CySQSBDYSeKWIYB04pCMiRBpFBHINiKJoOv6rgbNLuFM0RQ1kLFtScN6tG00TmNrmS3bNNkqoclTKV2JaJkSpKMQUUFSlAjAVoScLqUgIVprTitKhAgBEZTosEoXOIRVCiCRaUNrrbWWTklRgigVFCICMtNVoVItO42ptXdOiSQyU6BSaoSbJzsCwJYxIZtsLZGETOIaNYAQilJqUYkuImqRiwoBkC0F0YWQjSIk2jSlp1BgQC0zFKUWY4HTkqIoIoJiBFlUAuGmkGQREqUEtm2plBJCThkiAoMkIkS21pwoQ5F2GAsbANtymBJFMOUUEaWGTMssUpQoJSTZVoAioesKaBzGCCmEMW62wDZpKUoJBCbTNcps1qed45RkSEZAV0s/64siFBlqrQGZKblEiVJqKbWUZoSIKJ/6KZ9sUhImcEs7DYogsceWtkRibDLTCkJF4EJQwiKi2GQmzlAppWDbaYNtiRC2wHIXXemLQBYlZEtC2C7QnECJUkrYaSi1KyEpCBWFsUKKAITSTZYp0zRkTqUUUaKGIO2EUICAJIMQiohmhyQiurATu3S1RJGUaU8TgjRYirRLV6RwZmLsKKGibGlBJlYKuxWFFAQ2pUQpXRQJShQJnM3NzRJRIiIiKs5sHqcpW06ZMgS1FBFpG5yJXKNGSCFJaZcottbrVe1ntRasWgsmbSRJCRFBWFYpJSIokl26iuSWFGFk0lkiVLu0axRDIAdCEqSiGEVRKFCUElJIQlZzq6WPEiWqJYEg7WyTFAbsUAC1VoxCpRRJpVYJyZIC0k0gyQasKBFMw5Qtay12GmqpzkwSpyRMlIITZNtJCTCgGhiBpjYlDhSlkISUTU2IlFQiCClCYBvhNEahoDhbUSlF49SAKIQDJEA5pYUCgbANsigh7IYxQhESttJuU4uiTFSillCJYRgVRSUwdmIpHBFBINVaQwpEqATYpdZaogFmmpoKIGdK4DQAthNnS9sSggak5Mw0ti2MbdkoohbbIQOEFaCwW2uAoyizTS1DAUgiIkqJEiohJ6GIErWUWu00CTgh5Gxtcu1KiaJQTllDUWpEyLLoSpRSEU47U8KiEGnbKiFHhCThBCMooVJKYhtZNi1by4x0hkJuDdtCtUSKQkSxEwmFIqLvOoUkSwqFiwDLYSGw02A7jUKSUOK07ZQMTC2xhAWZ4EzLthOMRGYiZNJNSBEhpd1amoaR1ForpRAhSQqnAyNsZ9pGQlGBKBEwTQ0JuUQkSMZYzimtmHVdZqZbjZJOY+zaFUI2IBSKEMpsYEXgtEUQ0FqzXWsf4ETIwo2oUUIKKDVKhDCazXqkUsIIbDsChWy3Mcc2WOoisqVx2qWUCEUEEiEjUIkARVTAOCRFSAKVUmrfkW62naGwbbI1K4hQythtnBoZCkSUyGlKqUYpJQRSRA3SgGoRYCyRVjgUUSIUtdQQU6btMKSiCMtOhTLT6YiQZOQEHMKEjKUSRQLL2TKRSKuWSGetnVCzZUJCFgoJHFZazlQIGyJt8NRsHArbARHKtFtzqJSaTkgRkooKthVFCKVtJBsJbFOiRC1IykSImJxtTCMpJCOVCAW2jO3AmcYGnFNGFAdgEQlIMlGiEpYQmTaknZkKlYhMsDAJJgMpooSSkFIhJCGJCCAym5zGqBgCpW0j7MzWElxKlcBELU6nFYqoJYipTRGKGpJrV2upLd3a1LLZJBZWKEmE7BJByIRsAMskckS01oCQ3DIzsUA1hCNJG4VKKTZp1xLNtiebiGhOwE5BRBgrFFEhTZFk3DK7WqNGKVGipCAVcqmFdJq0bbslqqUrSIBMqVVkM5adaTsUyKUUpFCppci0bJBOkJAUsi1RFIRbZgkpSoQzkVRCxoqQ3Zxd1yPJaZNkKREKIJMpJ6USl1JCAa6lc7aWVgQmSpGEHAqBQbJNKVFKKKRQpksI5CCnVkqUWo2xiwJkDII0klRrzcxsLUotiBDpUkRESDKZKQUCCxEKCScRglCEpJBMWq61AtgqpSpQWMYCJ2QmIpvTtrEzbUwj0xKapqk5IzCttVQBiAAr7SilltLaZFslpAAMwiTGLbNlArUEiIiIIkiydr0ESIFCIWELlVoMOBGZkC61lFKFFM607RKKILHtaZpaehjXbRoFtaslinE6M3Eb7RQQklCEk9Zaa0aKUED5tE/5pEBNmLRQOnFXSss0VpSIMC0QRkJgErsrxaGpTTIlCqQAFWeLErbtFKiEmxXhdGaWUkutgtYy0+kpW4YiBAJFa1lKKaUgOyOQ3TIzIhSgiFJatnGYhAna1IyULTMRpXRRmMYGIhRFRVIQhBQICxuMpK6rpDBIdoKF0jaohHEjM53ZAAEhEkIlAgdChKqypaQiopQ02aZsTVJEWAKQnCbSTbXWomJQyGnTWmsqERHRstQqqURp2Vq2gsBRahDNabCdto2zIbpaWxo7W0oqJdwSuUZnO9PZmpElp6MIIltTFIHJaWoKCdIJCNwchaJCQChKcdq2SoytCRKEpmlEgbFaLSUUCk8tmxuZIJvMyQmiRHFmywaYzDal0wIbF8K2CAHOLLWUUgSGiKIo2KUrgATW1KYuShQZWyHJTgyilJKmOSVFlBARoSgRgU1IkkCWFDjdiJBAoUxHUYkaVcK2Erd0towSIsbWpjaqRLZmIyGEoQBSqBCWkKLQpiaICFoiSikoWjbZaTDgUqvAuNQqJJVSlLbTNqWGSggUCiIhGyGa7bBciiyplBJRopQASzQrqFEREEiS7FSEFLWW5jasR0StxelMHEhq04SKSEVFFEVKbgYji4gSRZIxYWdEZLrZrY2BQGkLlRKl1hJRikCKIJ1k6TpBREw0tYzSYWdzZtqNlipVuNkBCqqKQ0oZFIIoNUop0zgFpoTStkUQKippiUSSZDscKkI1AkmGUgJKicgk04gKihDYaYQQCYBJR6kRcrZsU601SmcBLlHsKVO2ARnLaUoRKsYCSbaKkCqkiJAiIkLZrFJqDYGNcYSiKNOgEqJIRNgqoQQRCpRSiVpkCRQFY6g1olScmUQNGSETSE4DCmxLIFomUCSjkEsULIQwNgI7oUaJEgicUQoGkIQNktRaI7Mh2VIAbkxtiCi1FjsQtrFr16uUCIUiZBEBxoFqLSEsSQChQCgk1NIhYaBJ0RJAUsvsaqcIoGWSKG3jiMC1qzWqFAqEiDApYZM4GimHit0MrWWSSIroup5gmpokSMtCioIyFC0zM0uNIBAhKahRhCgRIRSSUYDb2KLWcGAnDSkznY4oFFojSUkhgGmabAuMyNbSEURUMzkppTNpoxCZ2ZCoUaIWEKK1tJypdANKKFsmqYiwwM321KZsnnJqTbblUHFEc3OzgogSisBYJmVFCIMzVCMiinGxLJV0tkwpQmBMykyZIUUJwKSg1KpSQlKYtBGkCAWAnYlLibQkCVm2XUqRMx0EEApJQjG2Ua2VUoSRbNIZRSWqFMatNeMqGQOlFKdtJ1EigiBCknEIRSBnNhpOi5AJSaEkUQksKU2dVSE5WzOmRCmdFEFaUiklgrTslAKDiIhMECCnDcJIAtuTnVNzWmpROymaG7ZUELWrChUqcjaDokQ6u9LVEl1XkUKqtZMAFGG7OQnZRKhEkLbdWksbOSJKRJSwwTKOKqICpQQKJcLI2QBHCYwVAkvZmkQtFSkipMhsto1LKLNly/RkYxxRIgJjEgKpRgRCOBuS07WWWnqFnJmtRRFSiV4yhMlMO42TKCKxMttkYyNBZqYzsYHWmp1SSCgkASBLQmAwUtgWISlCCtwyMSAnxlY6bZcISUiKkJXZUDqdLUsJKaJIFGzbLR01iiLtccpSQ8IiEFKUAEoEGAgFkgFSCkAoW8uWVAUhAgtZISEBCoM6RQQ2CNlAAhACSZKQFBGllIiCokqqocRpY+MgVBQRiuJ0cwpwSlJIonz6p3wSAhOSFEFElGwNU6KUGhHFWKYURS22bSKkWmlpOwJDS5dSkFDaSJKIKDbItRQjnECmh3EopSICFCGcEsZGoBKWImmZ4zhkS0ClhGJq2drkKQmViEzXroQiatSuIqUtYxQlsjUSBIiQIoQzLWxJUmam29QSJwhQLSEsO9PpEiUiSFqbsrVADctOu9TiNBJ2ZrOJKG7Z3KSwhCHktCTs1lqNqF0nmSCN04ZhvS6l9l0XESqRKTtDauMEKrWUKC1zmlq2ZruUEioRtExJoRJKg8nWMjOjCCIkMDhqCdRyiighSQiV0DhN2bLUIgVSS5wJjlKQwG60NmVaElBUMpsbOKMUkiiKCDdLIgSQRFRFiEhP05Syo4sSxWkpVAIDYIwECkKRToEQSoMwUkCEwKCQ0m6ZChVVB+M4uTVnAl3poxSwKDlOzqYITAhCmHRDAZCJUAjnNE7Z3Gg2yG4JKjWCyHSglpPk2nVCdg7DmnSJgIhQREFWCCsINzclaTBkS8ZxMLKRQJFuBZXo7IaFUES6GQWKWrgsTQkym62QMnNqDSBBVo1Ama21dESEUOTUnC2VglKLFBGRmUlihaQI4QjhkCxQKCShxDhBzqyhltRSSkSC0qWrstKZmSKcmZnYhITsFpBGCgUBWApEphEBCJfSlRKt5TCOIRdFS0sM4ziNE6ESNbribKSEiFQy5dQySVspCSEi0xFEFNs2tatRBBJk2qaWQjqxaW3KzLErXdICWQqRmeCQjW0F2CZAEpRSUITDWAaQMFJItk3piuQ2ZWaGXEpVoUQptbTWMptQKYoIoEQNnGlkg20DuEQxMtgtcVi2hQqyVEI2BpyIGmGRICWGTClCbm5YSJktiiKKHLUrtlGThQGMc2pIRSUzI0qthWZJBomIAqSBxFIopFC0NlpBNhROWxakm9NO20RQSlEpUlguqlEUUSIUkqJEBKBkag2M5GZkRVhgt+ZSpCgyaTIzIpxurYEBEATYbqQRpQYpu0lRIqRQSKFCGI3TNI3D1KYgCIRkSWpTy0yTNWommS0CJFkS2dKoVuEkQgQCVKRmm8yWtesUilCzQciZBoQUwpAppJCwbeQoEQQWJGC7Ta1EUQiLkCAiolZhKUqRkIpkLGShAIOQQYEMmZPBOBAgXEqRArtlKuTWiLBTpnSlL32UqCWQcSm1RCBLIqIIFCKEpIiWaVsGkSSZkgzgzDZNEwY7VBCShNI2KVRKGGGD+lqaHSoSBDlOBGFZtNYkYxWIUh1EKBRgJMByOBzYKREOgyRFILdxCkJSKOwGCkKS7VCJqILE2QytSKBQsRMwkFlKKSrqapSwm6VQoIiIUBABRsgUycYk2Iow2Jm2HAgjIZUoklEJ29M0JolBDjAIjO0sEW5NUim1jVNzgoDMFioRIWhtMEo3bMvZ7BIhYdIpooQSZya2AAujEJZxoholSgmT6YiIkGDKqbWsIVIKbEsCEGlnOjNLqERNWUYhwJlpBHKmDUzZIqIqbE9TM2RaTigqlmVTpMA2zhydOKdMOTOtiFSOwxQRAhTYrY1YKkQUOyH6rkZEsxXIINvO5qKCwlhCCqedBtvgBiWKSDIbJlRqDSRngyhVtowEMiVkRYQIIkoJIQBFCWwISRGIUgQogGJSWJadTkTYGaAI20pDEJBCFsUgYWNcSqF5ag2aJacjgiSdIYkUwtEyjaNErV2gTDvtdCYhbEpXSkRIEuls2UzWKH0/q6Ua0raloghhpkwFATaSUERISCFJQPnkT/3kUBSQFCiNcJsmhVRiHKY2jSrF9mQ73bKVEpLszOYoRciWs0kKDHKz5OiKJExzSkKEI6uEc8paMIQEasbZZMAlSoRk0pgsKqXvA6Jomlprk0IqpZYiqbWpqzPjWopQZnOikGQpQqGQ3XIaIYgQkC61lFpynJwGQgoUkjEWGCRFQAIQBSwkq0V0diIChCRLARSElHapJZBABdKSsG2HglBrViGQFDLOLKXUWozSLXEESk2ZBLO+kyKdMoqopZaIkFQkIxEhk6FiZVBMtimxTTMRiihFYIxJOyIwbWrpViJUok2T7ZBqKI0kkMKZRICFJCEFmHSUUmrYREQJRShlRWCR6XAgYZtaawlKX9VIN5mIMJYUUSIiwAqcSApsBCo1TGaSGGzllApLESGhIkDp1loGSuwEbMhskCFKV0NFEaRtMhsokALbRWEr3ZqzlkhbQaiGSBAAmSaiqyWi2omtiBJFUVSiRCgCZ6ZzalNOtiyrNRS1ds4sEhE1QkVRqsAJAaQbhNo0ISwXQhER2IBkkIUKmjLdmsFGEiIkp1UKmHRXSijSnnLKKd0UtchCaSlAkrGQ7Uy3NlVF6apQy2ZnWMImaq22MAIgsykiBCgiFALSWEQptZaIwFFKqbVkNqUoCAxjS2GFpZK2hIhpGAWldFFLYqezZSllNptHCRA2RYbMHFvmlCEiQshQoqTb1LIQCiVJYtuA08LOKEEgqZaQAhQSIRGKkMlsrRmMRHpsI0IKCbdszRHKbGlFRMrOxNSuk5kyW2YYCQjjUktEdba0nTYWABElFDYO59Raa5lOZ8smKSh2jm2yWy2VTCnSBhHONCCFZVAoELaRlUhKyHSbRoiIkGjNTofCmbanbCICKURIBAoQduZUJErYqSjCmVlKUSgAFCEnhBBKMpuiSESJGrWWiAhsoNQSpapImS0n0qol5ZACCMsBmDQuEcbOtKdsLiVkMHazyUyLzLQdEa1NCmwrVEoFIyKilLBxGhlwWqHaV2ylUwDYzgRFRNqemiIkSi2ShCKUtsJd19tICBLCtoqdAmOhEInJDEWEEsvIEjaJI9MCAemWbZpalIgSOU4ZJM60hErUUhFuGREqckuFIkpESTkzW2uSShTszCYVG2MCGgJQLUVFgI0TbBRINpZJOyhSKdHGZiGrdNGV3ji6gIgIZ6YtCZCUHtuUrTUkSeC+dlJwhT0O6yndRaldzcn9rIuQIjylhbGKZLBAEWFjwAa3KTMTVCUHOCICyNbSLlEmISwroRCNxKSTBoUghFVKKWCcDaQUYUkJuBk3U0tRCOxsSMaYUopUkNJp2emQAAyhkCyHJFVIREJIKoSECBXIlul0lBoqZI7jZNSmSRGI1rLlBApEkW2nLfpSCdnYWaMLoSAiQF3tLAmQJCJUCEskJhPJYCC7vg+kCGfLNFim1GIkyCnTDRQlDM7MdMolqoTAQUgRARrGyc5SCsg4PaVDtmU3QiqhiEDFQrZF2tlaKUURhKaWRqUWm2kaKApVY6FaSpSqUKCpNdsRHcW2bTsR8tQSuq4zzilbtqKikFNu09Cm2qm1DBMqRRiXWtpqTKilSlZGlHA24wjVUkJECYQUEQKclIgkZSxKFApOTeOkiEpYtixjWQAyBoUEYVpIAY7IcYoaoQBCJULpBBcibUkOnI6iiIiQTQin08ZgAicZkjPTDkoJbEsSIZBQaMrWpgSrFIQiZdKElJluqZATiwgyUyFAlpFbA4RqrSLSObWxZRYJjC25pQEMkpBCtp1NpSiCTDLLZ3zaJ0uhJG03q2CTwulsLSKKIqKATGZaSVdrlIIFkkhJzlILCEkgKW0MUthBsaKIBFqWUkIxtYzAhKRaIhQSkhwA6cRZokpgKCom012toSoDKkUYwq21zBRShBSlRNqhCNHSrU0mIkq2KaQIJNlWBBChUmqtxaRCBEIhBUp5mlpXAhQRJYqx05Kwp9aQS9dFSGA3S0XFWFGMMIYoNaQ0XR+k0k0WSWvNUKJEhEJgWSCaKWGyli4CG4XsKEXmsqqcMixLYJAkELhEjVqkiNLVKtuyLWyDwhhsrAwUs07paZwiAilbRkRriSxDOhRuiYgSXQ2hqCFkh7GdEcWWFCXAJiSQlVYIBZQiZDuT6IptmkspBplmh4RwTs1gFEWWZEsOShQ7FS7RKUIQCkVIQqql1lpCVSFwYmysKCGF005b4LQpimQKRZRwc+IcG0g1uojadTWKFEJYdtoZRbZbm1pLQYQUwWUhAS2nGiUlWQrNu16KEhLYsh0KcKldERbFoQgAKUp0tUiBZacUMoZsDeGWklJypu2u67taI2wkJFQipAhhlKZKtdZQJGlbJdyQnbakMAQtm9MRRaEISWqTpYgShpYOOXGbJkeDCBVjjERIkmyDaimKoIEz07ZlbKRARFTkQtTagTC2sVvL0pW+6y3kJqm1rKV2XWfbtjORSq0iWqbSta9GGIVC4cDNEuAoKgRSc0qSwCiiRJnGrLVGyAmyopIZoXRzs7EkGxChGiVARUIKlRoi2jQhJCFCCkWAC4XACWRSu1KjCCXZWsuW6fRkqUiEaLbwNDZCpUQpURSldjVCEiKiFMm2pFICUBARBjutbFPDKYSIEoUytbG1LFEEEKWUiBAGRwQQJQxVUSIAUJSSdsggGSSV2qY2jkNEwYAUytZCiihYrY2GECoRKiWKZSxnWgEyljDYKdSm5rQiFC5RAtKEAlsFW4CNnIlUikSgxKUrUjFIaq1hI9JEKKIoi4STlhlSKKKG06GQohAEESVsWwiwRC1d6UqpFcA2WbsOsAlUui7TKgaR4GyZpVYnYzZsGztRKAqWwcjRigpJks0GUAmsUsImlMJ2REmnTQgs2RhAdku6KAkSRuv10KZWSgQyEiqhUkpRNGdYCrCRlCbAElCiRCFTpXRdSEVSlJBAxgJUsAOoNUqpztZaazllIsm2sAUYlFhICoGNW8uQM5tTUl/7UmpKocw0SakRkq1QlAhApQQijSDkbOlUFGynFAARUgRYiLBUAEOJKJIo2SYwEpBtymZFYHCzVIi0p2zZrJBQa5lKZAwOIsm0gxKZFkRIUhBEGimCNEgKIUnYxm6tZVrGgIRsk0o5TIQwISmEBGSiEgpClCgSiohS7AQjJQ4iIkKBFUVSqEapRchyRJGURrZKlK4qrRoKtWmwFQqLUhUUItIKaWoNpRRGFoEk1dJFFIUAgiCiqCslULaMkJEAkW1MLBCASSmKyBrFCZKMiiBQylYpkkKBLAEEAkqgiJDcWqYCaldLBLiWCmpjQ1FKgUw7iBpFAqBWTNQQCpXaVdttGFtOafV9F1GVTJlRCmFb2RolSkRiN6kLtwxJCgFWYhGSSwRRBOnMlihCsj1OU5tSOIIa1aHWHOBgGseWDqlNLULpJiIUiYwx4JxSkiIgiMAydtqZIiRFqRHIhZBxJiDkIhEyRJSWiQiLCBGlhCJQSkUWyHYpBTtQOpWhiqG11sYGKRQlQhYREVIkDtxaM3S1lq6T5HRrGZIiJNlQRFOEIkqtJWBy4kQiCSErnUjlUz/lk8GWJAUyxok9jdMwDvP5vHadSZFFtZRomRIOYScWEUUgEREhoRIKGUJRUCMpgkyQISQrSslsXddjnC4hI9sESpodChkpJjdBiZK4llJLNTZWRERRyM6IaJnGUavMOI0hVMJpi1AtpQhsjEupkx0E6XQCgrQlKYpSDhkjhEoVEdlSJZwJAUZASEC0liXC2EgI5GkyrrXKFBXjzCxIWCGp4GzZWjZZLkE2O5txcxQhbGEUTFNaAglwZlqCRssGGIgoCgjcWjrJWmqJEkII28JuREQRFjiKIjoMSZoSEaXiRCohOzG2oxbMJJcIG2SVCAKMCAXpKScyBSaMJCRSKiWCMBYhlJlIpCIiIkqUtIEIRGnTlC0jQjhqkTBCDOsREwVcIBVky5aNdHOzyDZNLRUSUtSQnEaeWkbIdrrJiogogRDFwTTZdhQcKiWwLUlqLbFVAhGSM51GZBJSlGJsg0EGpR0SIohSizHCeGrZpiaIGoqwaVOWUiQpZCRJCru1lrUU47QlDIoInM4okRZKUTKztUyaVGottgmytVKCCFprObYp6UuEnBYggU0KFEUlaDhdokQN7KmloUaUWoECdpsSCRNd7SBKSABEqa1lRAFDRFFIU7aptYiiiAg5rapSIpslJZQIAMnGIFEippyEUOAoImrBnnICYRQhqWWTLBGlhAJnJqoRhDACEEqIQiZRiu2IsJ02sltalAiIUCayE6IURURRINJZS0nbIRERgXBispSQAiOnE4ImF9PSk5utkGySZhAKKUpI9H0nTAmaE9uUolKrJFGMSrFTLds0tVApRZmpIhuDrJCMpBCEiiJKrVIAobBxZoSQUJbQlBayUZEcYIORAqTMxIQ8TjmNA0HX1YhYrY+yaTafB7JTUQBLbcyk1VqFWhsdihDCYBMSYJrTTjtCkopCRVUSOWXUgokatpy2U1IoFCjCzkIBqxQgE9syRGCAWqpJjI2xTfMUkkICZ4YicYQMtavghiQUZGILmXQmQpgQLZ2ZKjG2SQJ7HFopJW0psFpObWpdV90ySVBESIqIUiICUYwNpLNlRFGJKOF0y8TGWJQoJSKqDCqlRKQbpmXaDqGITCuVTKGIrgDOLDVK6SJkm5CKbKOQTSiiSJIcERgiZKsEckKYKEVgEYaQsBSlFKGWiRChIkFEVVFIpVSMbEIlikqM0yBFQMO1lFBYmKxRJMaWlqOEnbZtG1pmURSpYWxF2IgIgVGh1lJrZ2drKQIMCjCOKGArMlMRNs1TLYUIiVAxLiWCIEJOOySHopSQokQBgiihUqoIiRJRS1EENsJ2ZhYFGGOydgWRtuxMGwcYRSikIitomdikiZCQAmSytSZFVyuAKLXYYEvYwlJAs4psxnHEALZt42gts9ktFZKRLEXLlnagzMyWtUQpgVQUQGsp0pmJCxEKyMzMTKA5hSMinTi6WiiRJrMBRqFoOU1Tm6aspRRFRCBJiiCiSFIocESUEradthCSaJkYoQjZWbtao05tIF37risdkdmwM22VEOBEgEqRcQhjY0WEotTwlBGhAsamZbOjdhFRIkCipQKlWjZnK6UayyolSolMIzJdIpL01DJzShQEUKIqDBIqBXuamgRICkvGUYqwMwvqSkUmAixCCkA0hYJo2RSKCCEFmYkthFRriSghlRJACsCJSkbUQigAJSlITKZBESHZwgawLTltO6RaSmIRRAa1RESJKIFKBK2lDYDd2tSmLFG6KI1MrEw7o0SEIiJKpEGmZZFAQMtmO51SlCiKsNPCBrl8yqd8UomQcHoYRnApFRFFESVKSLITyziKEELOzHSJkk6nQ7LdMls2HKVEAeQ0gYBsDoUkSZLTqYjMVmstkrHtkGyXUiKEMc42iVK6AlKotTEhWxMQYZJ0Jgq60hUis5mstWIZS2GnbYFCpZYQkkqQBjuilCgqYZyJnEk6UZLZwBFda01CIFCEpCgBFAVGRdncpiZJYpqmiJKtZZsyjRRhqRIMY1PatjFWrUUhT1YpCClCCDBCEkXFAS2zTeM0lloiRLphnFKEoqhYFgkqpQimNgGYbBkhQlJgSbKzlIocQgSitSntAihqLSEhEREKoGUj7WwtGyBo2UButh0lDEIRBWe2tJskZ9rZMm2yTUihElBKyWw2zpa4RI2QnUBUimrLJtSyTVObhrGvXekqVnrMdFhWCBmHFCaRAAlIElMkRSkR09SMSwRKRUGAMp1uYXV9F4RCrTUZZCXNDVtIknFaETIoFFFtlxIiZEdXjAQtMzNLLUnKGsbRUGtEqSQt061JipDENE4tk3SJkrTMjFptcEYJIWRnhoogakHIRJQokW7ZsjmVRNVqtUIUabIFUpFEZjaXKCqSiVBCm3JqTUgChFJWSpktKFGiNaOWCQYhKd2crlGStE1ijJxp22QqJCEipFJCJdo4YUIxTa0oFDhBilC2LMJBUNrUFEiutQoadk5p3CilKEJAukQI0uTUQuFQCGdmThEFkdlCUsiWAlozcktQBAoBMjatja1ZUki1SCqGqU3p7GqXTomQJIxsyyApJCQpIiIi086ppUPIBVyKIAwymXRdBSEFRUWkUUSEJKm0NjkRWaNwWUtjEy5RFeFMBTINjAWSJAGSjAM5SbUSGE2eulIUgYUznQoXKsHUpja1KLKFnWQokCOi1hKlOGmtSdGVGkXGmSmF061NmYntxFCic2ZOaXBmLUGAMcLYKdmNNk0mnU5bUgQRJRxuLWlIIozbNCpKRBnHUUEUBdVkLcUCZ4jSdWAh21Gi1KJQUEpIUYRUlLZtKYSy5TRNUiLllJkN0VraUlG2xEYiHTXCkpytiRiG9TROtdQokihSimyZ2SLKrO9b5rCeiiyRCRbYJoKu9gpItzFt42zpUBRqZpNkU1CbJouu64tAcmbLFqXUUhJHlK7rwxgrBHJm2k4LZabtAIQJgYqCgIRAZDqdQcGJZKeITCMKaglCVmtTZoNQhCKwnNmmlJx2GJUoipRKSA4kib50QGsNK53ObHZXIiKkAEopJrO51iq5pUM4QkkpoQg7HdSoCJoRES5RSlFLF0khQFIJCQwlIqKoRChSCqEagVpryEQEKl0tCqckSoSi2KQtAQaMHIRJO6EoVCQiagHbcoIxGRERKqUoQvI0NHASIgoqXZFC2aY0nqIU7JBUFBHYiHGasiVWQRiHS0RatotkkKTAJiAUlkOKEmTaCc60FDJTTqS6WhIiopbS2pQQJTBIhUhMACFJISEjwZhNTbWqZU5Tm4bJaUSbWkQQoSCQUIsMIp22JWHZuCWhiACc2YzsJJFIg0pXsjUjp9PpVMt0Oklsh0KqpWBnS4VqrUhtakJGRl2pUapI49YSSCMUIqSu60qUBGEspFprSqEoJQASY4RbCwUIkzlhEoUiJLvZlCKHolRhGQW1KxElitqUmWmyjZOk1tKAFAFSgahF2JIUYNsRhVQauwFdraWEMaCIAJu0bdwSE6FMK9MIG4lmCSEjKYA2DAQSadsAEbSpZbqlawhFiaKCE0RRUZAto4QUIYhSQonBKlUg20Kl2hY40+m0gVprilDYzSZJjLAlpGxpOxSSyqd/yie3TJpbtojo+1lEzZa2+9o7W0twTtkwQlPLKOpKpxIS2VradqJiMoSN3WyAya1IIMgSxZljjqEq0aYJKaIYt7SQZUWR1KbWpimKjExiSqm0VCk4SSysrNGlMxS11JZTOp3UvrNJknSUSCeKkJFCas2yW1pOFEKS0pnpEmEsh+TMbM6IMBmhQAlIEZE4FJg2TRG1RkQJhew0Mqp919eqQFHS6QQZIxQRxqV2IZqdSeYELlEwQlOmhIWwnUFJ0jZpRSmK5ixSKRUQAtIZKshRVCIAkGSHiQIIIoRdShFkGjAWSCpREtsOGUUUKV0iLJcoITnkpghscmpgFckK1DJtK2SIoogwdKViQDjTSI5SogQYu2VGKcWamGw3Z5QISqOVKIjWEjKg1IKJEm1qtfYRtpGEs5SOULY0yJQiT9hJKQAyOCSQQmmHZVrmhEIUS81TSHY2u5Yus8kqtRDYKRUk0hEhyTiQwXY6JWXLbE1Qo0YJORotRKiEAEy2bBGBBM7MzAwUEQo5jUQ6yRolFCanaQqCEABIAqfttNOlK12tEJIiSkhTuo1jJhERRVIgT63ZdmISo2LSETKKCASohAJJxlgpmQxDV2sgO+xmeZoaSRRla6EQjNOYShGZLkXjlK1NdjpRCNGaESHSdmabWtJEKVGmNkWJYRxzHO3o+iLUbKESMlIgnM7JaYNxtnQL1VJCJXIyxSWKEwlnks6cpskpIoSK3SBr6VA4XYpCoDCmOZEwEsYiiMwUhMIYEyVqidbaOExISGCTEJL62lMcEUg2OAkkIgKnIYwFwi2RnNkyMYqQIt2kANUSZLZmRIQwdkSEnaEAQoEJhSRACisjldh2iaili5BthCBUMpuzEaWGiuo4DaRrqVK4pbBKkW23tGspFNvKyREBnrKVEn03swSupaqARUhQahHKbBYypUbtulBIzmYkhUoJjFDibFOGAJCKMKGCaK1h19opimQpMlMiItxs0kAmgFwUKCSlPK6H5tZFtS3bprWxllJqV0KQSGEsVRVIKRRGIl26WkpRYJtQkWazedfViIhSjHNqEZIiFKVGKdXp2klRjNOZZClRSgFqUZuaFSgjZAIhaCTYFggZo5CIUqO1NEQU28O4rhFSQRhHyEIGaJmttbRBUarBIkpgZKHMRICwLQhhSWCR2ULFdqYVFIWVzZJNgJHc2oQdEaWUbG2SZREUKTMt24QiSmRrtlUkgxwGgkCJcSggIwqyrcwppFJqBJJaay0n0qWWNjVwKQECbCBTyjRYItMhEbTMAAHglrZlWk7DOGYSSCFMszMz0ybtlJOQUGamTLZpbBGRmbVUnEYhTVNrieyur5lpe5rS6Wwtm0ERUUtNGs6WHqfJpErICSWQIZ2tpUlJUAhKKVECybISQs4Eiyg1FJCuXReFdEaE05nZjIJpcmbraieRmQiwLKC1hnAmdkh2KqSIKhlCAikUkp0yhJzZnJWIEirC6rpaag0cRJSotcpSEESUEgUUuBkwgpatma5Gpo0LSpPONk3jNLqlVEDOljSbUKiE0lECK1trzlCRnNlERCkRKiGH3VJiakk67VCEMCqlSDG1SWBo2RAYgTMN0zhZMhI0GxuBjRRRSsjGtk1EiEgnmVHCkiSBMw2SulKkkGU5FJIkQQikSKO0BBJOhKB2BYPkTCBRZotQG6cpjWS3zJYSUCIQaRNAYhEhI1lCpciWcJoIQdRw2opaC07birAbkI2WY06JFCqEZAQgFZGZVi3FmZIUhEqbxmwOyHBCCaLUkAKN09oQCgkUgUotZAsVSREylE/9lE8CZ7YoAXImJMZpZ2umlpACJyUiQiIiIgKMCEWA7RIKIYhajQVISqJKChBykrXUtGWiKGoVztYyXWuUUjGJhcBAEBRV1VI05QiASlUoQgVssmWWEiadRCkBLVsmQoCKbLIZyRDCWLZKsUkm20bCKYGzWViIiNLVMMYtEygRCrXWDo8OyCxdKbU42+QmhSiyFbilJWdmc0iKMGBFSFImJkutoZCIEtmaIpxpU0opKpCZbplYCVVRayWM0+mWLhEUAYklKZ1AYhFSSI3MRgm5NSucmel0S6eNQkKZjlIkgiBtgRMHQhFKJAiwo5ZSaxGKGiUwiZFDIggpM0stoghbNgQWilBECctpRKi0NpWuyFYEBqi1VygsRLYWpZRSSqlGScPOTIUyAUWo1M6Z6ZQUuNSKQmFLYUqNbAlRFLYxUhC2Q4QwuE1jG8coUaMLS4ERkG5MShs5M7FVK2ASJMmAIrMJlVJLCYKpuY1rFFVFESEZEsKoRLaplmqQStQSSIEhUKbJbOmIMMghsCABKYoCt2w5lVIkUExttF0UCkE6jSiSIhQh3KYhU1FViCgl1EURhhCSInCzEJHYNiab0ykRJaSIUNd1NEvqZr2QJAOgKF3tIoTdWhO2II1NKBSgEGlN44hBFgUcihLh1gipFKC1tO3MhFIKcoREAcZpJOlnXYmY0tglXKNEKaEilG4liiVFhIJCVQQhEVFLhI2QQgbD2FoUobAdpSjCllsTSCFw0toIilJEGnVdxWRLCUV0USkg3DxNU6iUTk5CUUoBIUAGt/SUto1Ig0JRS6AAIwVSkam1U5QigpDkECEBMkk6bXlqzXZXomVaBtUi1ZqIaUoIFUvImZSICIVCUZy2HRGSrEQSZcqpqEhyYhQKhYxbS2dGhKJY2ZrtxI4SJSIUILu1bBHFGBskBajUiFKFnERoyjZNTUKSLAtn1lJqVSbTNEUpBOnMKaUwrUSV1aap2TQrUBQRlmRJthEuUUCgUiqBWxKlSCBPuAgbK4pQINkOhclAWG5JKBAgBXiamg2olmLInJAyPbapRKm1s01Apk1rjRQ4IgyWa9SQaoQUaUIBuBkJiRJKKbBtUaB0nVtmy0zbKFOSgSRbRkhEGkwJRCBLUaIAzkwcKhI4IQSJZWc6WwItm7EUUUqJyHS2zLTsJEXgnFDIKKKUWkqRLLUpW2sCgXFmi1IiJJuIUisWcomSJKaUECiUaZzNDsl2a2m7lAjJilrk5mEaQVNmttZaGiBLhEJYshsChyLdUGCa0zbOJLpaayklikmgdhWwU1Y6pZJtckIgVLoiFYQU6WYQYQmaFLWEcUSUiFAkzjQCKCUUCitNLUXEOE6Zre9npRTJEAICCLdMj1AlO1OCEMDUogSKKOGUbSKKijGpKRumFJUIqdpNoAg7FVEkhyS1NrWWpZSpJTC2luNoVLuqCDfbhACDjBCSJKkIFCoRkoQkKbOlMJAYBBYKSoTcPBERmU43DEZCiq52hsw2DoNBitoVIRV1fS0qKhE1CqQdFELGRUFEKZVGy1RIVmLS6cx0KARdVwCnIxA0EqhSqaU1IlRKAVpmGpUoBEKWIKUSMWXrSqFEutkWUBQqFtkcJSCyNdlpi7BdFURYSGmrlIKskEARdipTURQJEZA2yEgSUiiwZaIUWUSpJSJJiIhSatJCISLJIBwBki25pW2RqbQjwFgy2abMDEkQCtXoFRSJyNamYUrSmYi0W2Zmpu1MJEmgzIwSQradDkXUQgJkpiQ7s03T1NyaAqFSwhFkIkkCWmY6y6d98ieqRFAREWG3cWolgshhal0pKtUtp5ZdKU5HUUSQLS2lo1QAAyad2SwKgaK1KZ1SsSzF1MYoNQg7I4qx7WxNgCi12HZaIGEnRK01Wyu1YKQSAUJICkvgkEkUkuWIaRwOV8sS0dXSQAhkWSS4tQYOFUUJyYBDQhJSkdysIEqpXZHD2Sy3yYIoxdY4DlJ0Xe36LtTJWWoVgcBROiK6xIhsSYnalUxLQljYlowD4WbbUSIiJOOIECGBaglFrSUiIhQ1WrY2pp1d3ykE2C5ESE5ltrQRIVkIq4Ul2c3pNrWptTRWZtruSjilMNgNCSJkpbDtTEkt03YQRAjV0JSGxAHIGEmBlU5nWjgTAjMOo52172rpJFLpBBEhQlhGsrGjhGzkNo6QadIJShJjpyxJQpIgwVGLTWYCKsUtbTsV0ugmEyWEDOkWCEhbosy6TLfWFFIJkG0pDAFIRolDCoWkUISwAcCkp6lFBEnIiKnlNIwiVUqtRSGFEgOBSlcVChXbgKR0ZiYgRZQyjmOpFRlTaimlEiitKgDJmSRRSomSmXaWUiNKy3GaWkTUWikBkCBCgSJq1FJDIm1ZBFIg29hS2I4IEuNSQ5R0KhQonc5MJ1FCGqZJNjIKQZQoCpDJkIiQiVIUKlJrDSkiWhsQXdcDJrMlBUOUsIxTSBJQaymKli1tSZjWrCilUxARATZuaduZmdkEtXayUAjApCMCO8lQQUxtcKZKlAg3RylAibCnbElIQqJlQxbhsFTtJoiQQSrpxDa2peJwpJ3O5iwlSoRFpkNItnFrISwCldo5TbjWEqUQcjakbK2RoRDNGSgFsmyyNSlsLNNo2E5JXa2ZtpGiTQ1JKclN4IyQUIRUIjPBQtkaERIWAiEnuCEhJQBCUQJ7GNaBull1AhSVkCAksjXbY5skRxQRESgibWx7cmKjUBSFnJMJFCUiMEiCUmu2BKWzlIiIQokIpGxpI9Swya5EClCJQJIhaFNKCkByaxIqEoqIULRs6ZxwlRS1lEAGYWfaEEhE0tJZJEvYmNZSEsoQ2Tw5uyhRSi3VTgCR6WxG0UW0zJZNRePYmlMQEUJEIBOoCJOiRgGwo4RxZoZKRAAG40wQEioxjdPUmkI1qgs1SpppHBEgBbRsmRKhANukUWYKUsaKEAGUUkGCMcdAKpKiFGqtUoSi1K6EUEi2wRmluGVLKySJUksgi1BEhIplARgp09PUSi0qAcLYJlRCIgwliiTSliSZgERCEigUKhFhJABjOSQcKrWCiptTlFBRSEgCSVAUREQIC6XTTiksl1JKCZCzOVVCmSbAUsh2V6tRa5NEtiZFpkutJYpE7auICAHZrLBCSCVEZikFO7Ek5MxQUEoBh8IAFJVwsQyKCGMZ4UzAJgFJwoEcYOGspUQpmS0UgG05UhjXWosUCpVoU4tSZv0Cka0lmXZzQ8psIUWpJYoBp1sm6ZSK0p6mSZJAEgqFDTgTO7O1bKCIKLQpTYZCEVHCjXTWWkuUUjTr+lor4IZEdEWpEFNm7aqdgBSACKcdKUUtgd2yAZlYFoRESJZlVLI53UhqLTYhLNEaKrKFa4RCQSk1bAMCxDiMmZmtqYQUOBARkVNDOBOUMI0jGFBEy2ZbEQ7csmWGQZJUVICMhFJkopIGpZvsUmoKIQVIKqUoAEkhRZFChQiBFBEqyLKyRrFCEJJRy6lllggJRBtbqV2pgTNKRSRKHAQqKkJh25kRwgBSRImIkJXZgFBM02ir9rXWmjZyV7p0ZrOFFBEhIkopXYAkKzEinXaApPKpn/pJsixFUaBMT+OkWksUoYiIkDFChHA6kYxQYtIJrqUi2baiiw4JpVxKBBZWSGljS45SJBlnIoNQqYGAkMZxiqLa9UIqjMPkTCmkzDSSFOkM4WZLiJZp3NWapJtLFKMqRQS4KKRSa0kjJwoFaSRHiSghSYDkdCk1BBLCxnYppYRAkkJRao0osgTp1hpJjkNLj3Kks5SixFBqgKAJQuFMQkU1pEybDAKIUpx2pmlYkkRJ29mAIKY2talRSq0FqUggISMEyMqiiBIybWqZGTVkJw4ElFpLVyQk9f1cRZBOOwkJrAhnCkpEFIFMmpSCiMxsLZVpAmEsSRESKCSVEkKZlgQpAZIxbRxTEDUiAux0idJyymwQsls60zJWlKLWsiApJAlFiYgSEYqIkJHENE4SiGkYFEWhAIU8NSlKKYiICEIRdmJC4TRuFrXWrnRgg7BCmQ6pliJFUUFIsm3bIpCsJNs0JY5QKQXLckioSBJM02QbLCg1QLIkRERRhEhbgWXSLSWi1JDsLLXYGE+tqZQiOVMRRYFkpkwiAhBq6TaNraFwjS7dEgmHZNutZZo0chpQKZDORFjgTEnGNplWpaqgoghnGqJEKUEUZSaQ2JZNCCwALJOSQAJaS0Xpu06AIqIKEE6EJLK1UmtYKhFEKRGlYixs1SqsaRhd1Hd9EM5MI1FqkUIIjBW1CiY3N5vmtEpASNiAW2sQCkFgo6gR2ZxtCoWR3bBqV5CcQoIoJQiRqSgCwioRCiAkAATOpIQUEdI0Ts7JJmppkxsNK0optRNISCoKB61NWISqik22BjiTwEakoY0tapEsgoKIUEhhexpb7YqtqY3YSArJbpmyHCoRstIZhAJJzc1pqUQRiUESJhQlopSIKCBJEapdhyklUAGXKJLGaSi1w0ihCLCIQMIliqJkOt1CwgjbMkalhKTAaSkUAhtAobAEzWmbUJA2hlJUSgEhQko3KYwJooQkhM3UmkoICck4aDlKpYgMSCvIhlsiIdwcQZQiSQipKCJi8ohdSglFtja1FhGlFikkl4h02nQl3FKFTAtKrTLTuFaJokACWmZrIynsTNeQQpkuRRDglgYCWWAHSmWJ2vU1M92yixKFUIBaayKjllprREzDmE5JKgVoacgSZcpUiaIgLIcKZDqbQ87MzCglFJgQchAIEWQ6MJQIhMaxTW2qNRQBloQhok2TM1ubnJ7GyQrsbFPfdYBNyzaOo02oqEgAilBrTUFENDfZEYHARhKKUgpCnloLBYWw0pk5tSltSqioINkZpUpBNodozenEmZZQCayIqCVAhIQtEBBulkCKEkEgMhM7SmSTcAoSsEqRA6WSDHBKEQpAIUmZjohQpBBgkwlg2akQVmabcgpZCnBOmUIh5GnKAKlEqBRZEQQYaM5QRIRUsJsNFiikhuUIlQjbUSJqzTblNEUpFAUCZ0tF1BJNgBQqodY8eaI5FHaqSJQiKZSZIUlFICJCEYFSKKIIFJJp6cQCsAOBIlozsmRjEKJlBpLCTpPYlsCt5bAe+lrTNkQtRYHABKpdDYUUNgg7MREQQTqR8NQyqkLCkoKQMVgKu9kKqTlD1K5TLSVKBJhQmBZRJOEMRVd7gJBQZrMsScZgHBJSa20cGwWahA05tsxs00QECDxNNk0RQsiZrbUWIYVaaxhFac5AUXB6apMsJIylUITcjEAoFAmS+q4aTy0thZTZQlGiEEaqNUopElEKIopKKVFKOnNqUWvX1cwWKoootSrkBElhGZWopUiSpBKKELIJkwIEJkpEYMonf+InlkBinFpmhsFCrqVaCMCSao0oMpGZRUWhiLDkZkUIgSIKGDJbpjOKWsvSFRswclCNiXBroJDSdnOEAIEk40ychsTUWiUyrYgSAQgApyQhipQtSSJCqO+6risKIZEghYiiUEjKTGeKAomVIsSUVmbiUgKptZZ2kSIiIkKFMBImVAKaM20VOZ2ZdisREcUhOeVARBAOCYxtCVtFai0VSApF1CiltEwQIlu2lqWQU5uyScrWmqeIQqiWiChuEEhyGpk0gJCVLS0QcuSUY5uyTbXrikpUuZGZtRSU2QBCCAwhZba0IxRRnKRTBiQUJUqEQkgKhRCKkBPJlgFElCJQIEWUGpJQAhGlFElugKZpCikiEheQgpAUtRYQ0JWQinFLR6hEmMQATiOwkIVKCdvgoii1RoQkFWWmbJDCESFJIYEQmVKEghI5peVQtDZlGmRcFC3SttMG45AKogBCUaNK2G7ZgFJqLUEESSkSgUGEBE4nJkJpoihKraWABVJIgbATQgYjqKW0sSEXFZyNTKdQRBhns8iopRAlAkkIUyJsG1uEwka1hEoNybJtCRFFkoZxDCFJwolSRBQpiiScihIy2KkkXUtBRjUkJ5awJEeUEiVxUUhEFCnSKYUkKUqNWmrtqhAiFMg2shGAA0xrWaIag4sUIWMI25KkQApJSFWCnNo0ZcsRFEWl1CK1KWutAcZRVErF6TQ4SWNUSo1SaokQxrJdImxFoCKMIAWJjVBItrPZoAjZki1Caq2lM0oXRW2chmmsRKmByZYGBVIgQ2ISMBERpbZmRShws2VRI6QSgQxCQiogIgITJRRSqKudQqGQopRIS4FxNiukCAInxtnSplQJW5LCpCKkEHaSzmkawbV22OAoJWCa2jAMEoG6vgOVEiG1lunmNBEQIZBthRRVbUqKIkotAZY9pclEziktSxEYSSFAESWUDeMSslAaY6koMiOEJAkRTkuBHSVqFLDJxFKQVkS6kUQUECYkQJZk2wgwEUi2gZwyIhQhqTXXWrtaQNhtzHEcSyklAgmpCBsFUSJCJWqppShARs6RpJSCiBJCJhpNRpLtEFiCTNsufc2WJQSaWosoUSsgK7GxJKEowpaoUSTsDBW7gSQoURUUbBuF1GwkgXEt1U7bUQsIk2mFQpjEEFFUkaKoK4USMiZJJEWUCDAgMFBrRBRZBnApQUoQKpbCTuhqaXYIrCSDEkWWqootQRQZEWRrQaQMRKioYhpGFGSTORlJsm0IhJSZziwRkpyARUhuzW6WFEQtNUpIAoSxoLUpCUIRqg4HUWvJ1tJEBG44VEJJRkSEycwUkrABZZswthQlaicJu9klQmCns7lZAmPstCEsQxTVWjDGdiIUEYFCtotCwiAinSYCGTtx2gAG2ZZAqqWAi0opNaKG1TIFzowQKlWEJElFfa2ZWaJkM2AQKGRcSgFDkNiAAUUI2QlpCBSlQ4RlpyAUNjjTkI0orU0hlSjGbmlAkFlKbZnGzpYJKEqUEs5cj+M0DVKEUIRKSEgBknBaCqmkkQCkwMZGQBQFUtf1fd9HhFI4p2ZJYEVE4JZpAiKEUMjOdAYKEVGilFKEiag4FUo7iChK07J1XXFQCCkym5tDNpHTmOkkkbJRiyCQgWx2ZtrpzEnNCUiSBISilBIUK4GQokTaINLYIlSAsBs2xlgOsJOIElFC2M5mMqOEFJl2pmUUbplkKZHNUzOkjW1JoQC3yVFCETJCBPdz+ZRP/kQ7nZ4yBVGLUHSlyEEgt6kBiggEypwUiJAdkm0yFWrTlMpaQiqOkIUQON2UpG1HkRA2UpGhNE9jm6QgbcCUEoSmcZzGEanWrkRJUaJObWitKQQCBGkrAqMS2RIpM9OOCHBzS9t2RLTWwCgsy44IS3JmUksY3LKUAFGiKizLpA2EJMKZidMG16i2BSpVUCK6WjFC4zgM4zokIJ1pQwhhFNGwkBCBoBmgSFGLUYQUJUERkkqJrnalK7axhBGZaSdQolAinTYgbHApVTalOCekiDDp5pAUUUpxkm0MlehrhIhIY2dEQWRrzkwQyIAFlhSBkQEkYewkSoBUbEuEQ5KF0zaSbSIAbMBAKV1zCjkTZBEhCdtS2M0U7LRDSIFdolhuLdNUhRQKZxpTSgGplkBuDYSxbJM2dtSQkUobR0KZzQIC55itUqKIKGFMlihSBAEognCJImMoyEQURYTtaZoys0ZXIoydLaIKqxQBJqKQxmRaEnY6sYQVYZugtRZSZipKSJCJgalNNcKkLEVgkMg0Gah0XRGSIgKTzohipySBAGQbo8DOqTUQEsZ2RAGilIgQIYGQACM7ZayQpJZNJYpKKQULORQtEydFUkjgjChRStTibImnbIEkJNsoSmKUEWEnJiAFJrOBJUnGWOqi1q5MmdOUUqqEUNohjCWVCJlhHGuNrusjQiqEW3O2qfY1VKJEm7LlJEIhTLa01HdVlmWkUJlaM5QShEhwkjZpR9KCKFU2U6adgSRlNhPCEBImkEHL5WFIte9CxXbLZiEip8k2LkJVAcpsyBGlRgghCVCUUhRyJljCEHaidJMUUZDDoYAkBQYREWAMOGAasxQJIUpRqQVimsa0awnbXVcCTdOU6SgFe5xyHIciKSRk5zC2EKWU6Gq2lAgJPKyHTGrXIxEElBLYLScpIiJtAbYzUZQSBMpULQVZGVGNTCaupYAyxxJhQYLIdBQhBaB0QjrTxqUULJBAFDAWgCRLIWQZhETSQgVjUSSEDWmQnYZaSoiU2tRympCkSGdI9mSQVKOzIHOYplJK2pggUimjAkQIpBBAhEB2tmkShCIk7FJqiTK1acrsSrGptQq11giVKFO2EEYSoDCKkuB0kiWipW1bUghwIiSpiCCcNLcShWZJoChCga0ICSlKCUJqObUspQhlJpnGRJBpY2McCkUIbOxURJSSSU4tSkiOiIhOgKKUQNiWJEmhtHBzSoWxZaRtgUMSwjZJIkmgVILtUktRuGWzo4SiKK2Qm6OoRHHICOMQKYWnqU2eggiBJFkKh4QlkWkpIpyycGsKMEBrkzMt1SIpbKIWG5QBgTKbM8GKUmtFpG0LKCWE2zRFKRGIsCiKUsIlCkpnFEWELEgkhAjZNhght0wTCIptu2UmZCgkjBGyFGQzkE4MRpJTVgtFtoYUQYRARmSzE0lSRDizYSh2tpyQSymSDLajSA6T09hKCSC6CBUhQ5oSQahg4cRhNVKiRAWRKdTXGiWwWjbZksJRu4gozS2g1OpmhSIKtsTUJpxyqV0xSmcBCNuZTSUiokSRkNxahpQ5JVZiEzaSbYrDSrK5YUlEBHZEOBOpj6IaabeWCkUIo1JKVBvbRbICXEpIIUKCtHGgUkqgDFXJJoq6vm+ZJUqJCGSbkAgkIeSwLaVda40SIUUpNgUsFJKJEuDW3HXVVraJyzIbSARIspGzASFEpFOi1GIhkKSIorAkLFGiSmqtBVFLtJYqRFRkG1GQZRQRAcZAiIbtQJbLJ3/Sx0YpUSJMZqYBl1CmFHI6rcy0aSTOWru0FELRWiKyNdt2ZhpLKEISESUiDB2FiBDjNGFUQnJOpthNEhEoAikkQkgCRRSFyDQmazC1LKqlBhGBACtDUUqJiDZN6SylGIXSqZCMkAjJskBJyjYqJSSFoDWbRCFLEMiBDQIbKVTSLbMFQioqLUeICKGQRAiBQEpbAjBRokRECRmQLRXJeGqTE6HMpsCZEG0a05bJ5r7WCAkh2pjjOEiKWtwSYxwRREiSbQu5dlUREIRodhAEkkDCgkSSwi1tTFrIzRKgqBEKQFGEAYTtzDQo3dLO5lApShShUsJYIGGMlNlkI0uyjaJIiUUA4Chq0yRAYUXIQZQozVmitGyy06Szq9VJKqPIxqZKKUeQkyMgJKuWarvRWqaxBc0oQlINpVpmhFTKNEyKIhERQI2iiJDSVqCQTMtmkEK2TZSwbJJSZJOZWEaSSpQSnpoDLDtBCZkWKJR2NgtD2JawwhgSK20pSi0lqhQKWpuyOfGsdlLYESGVYnuappbuoqjWMJluIBFRokRrbjkBsizhzJYRwjaWAjJKgEMBLiVAhDBFYUjbzkylExQKgROBJMuWUaSb3VAUg8Itp0xBZmYilRoBbq0BxplOGs0CwJmlFCsC2aRt0qmoZZomJYSkGKcpswmVKC0RSAHYSMo0woFUQJIzgSylkGokdigSZEuRuBRBgFFpUwuEnW6lhBBgK50tm02NiChUtTHtJNTV4pCdGEPUYjcDZKZxK5TS98ICSRFhO0kRtglImrKUkuk2tb6riVMWERGhSJxutkMyshmzkS2iQNQaRdFyag1KBJLcTNhuSYQkY3AoHJBELTKgEiUIiygCEguQIpAUitJV21FKZo6tRbjrulBkc2Y2Z2amLdT3XYmQjDNKyTTOZpM2dmaoAJQig5BAVSLTIiSyTUhK0pnZUCgkYpqmlmlUUES01iSBppaYWiqAW9IMkkB2ZmsgFYxCYbu1JpWICBFFY2sKYQkZpw0orSg408YqtRCICBLJ6RJRSmnO1qbW0mQtNUoY21ZRSLYFFgqRFkIhQ0gRSBFCxQaMgSy1lhLZMjMxUxtlaikSoeJA2NgWMmBnqBhKFNu2pQhFy9bVGqLZgLMpCpJKRCgKTociotjNiTHC09SSrpaIICJbTjnaNrRMECJCgNwUpU2TIVQiSpRw0sguqkqxm5MkJUmhIBRTttbS6SilRNjObH0/Ex5bRkjIkoCICCJQRCAkZ1IipAhJEUFKIVQKkKSSEhElyIwIWQqFAuESIhqECMlpt2apTc1QhETabmmQZCQjKVM4SU/ONo7DMJYI25TiVKklAhFCocjWjGsJTHO2aRinySjstErUiGIldiYYhJsJhQSM0wRElHRmm5xIUpGd2dImoqiE7HFMoNQoESrhpIRUSilFQiItY1K2SwmZJJ2TIqZpytZKKQqQIkpBkEYlIhStZdolNI0TETgtyOZU11U7bTkUErZLKSqAnQqcypaSsC1JTM6CkszEuOs6ashSkRPLtdZSw9gtp2nCgEvXq4QzQwowlBKSZADbsqepZcsoxTamKAyyVEtEsTIc0zC0dBBRCkQpgXDLoU2iNCdpcAKNUmrLVFJqONO2JJwSobCUmWkDCCJEGICICEVIxrZDJQUiFCQtm50RZZqmJFSUTpuQQgoJAFnQ0ibTEiEZZyYQAklIhgCSy4wwUQqQBhkk09KGIibbU4NMQEo7FKV0dkscEpZbRgkF2JkZJWSrhOQ2tRQ1RAhF+YxP+9Rai1MKuto5bVxLAaZhEkooQV8rCDuhgpGzGYciQShK19WIUlo2W24tMbJCCQoZFdWuFiQDSbMzW4S6GjatNdUeMtOGEiVKSFUCaHaJUFE2ZRslKSQinQbSKQsVSwUQkm07JYUENtmmjFIiooRspxOwGlYt1TiRnTk5AqnYRggIlVJA0zi0dIlQCEzIhuZ0pk26FjlVainBeho8NUoJDFEkIooKQCiCEnVqaRtFtqnvulILMhKADSICYVKkoqjIYBsImFraLSJaS+woxSC564qR01HL1FKAIoKc0iKklk43SDlBkhA0q0SEkIxLRCiypYVCUUpIoDZNBmEkKSSMhUkUwlZICFkKyKIwJnAjwZkoaqkSU7ZSFFEym61M16paO5xWiSI5xqk5EyEis9VSWzpKpK1QSEIRgT21JCSBnZMNkqdpCiACg6ilCI1tErR0kUBOU6KWqohsDYgIMAgzDk2V2tVQ2Ii0lXY6BbWrap4yyYbTkrAMIWgqtUSkFEY2YRpIpDOtEGCyRqGoKIwkLFrLYT2SrXa1KzUxmbYRkmoJQGAnEbOuH3KKpJQSJUqtEqEi0hkSVUENgZuRWlLAkqRSpCjDMNVaahTjUNgp4SCbSReFkBSYqbVSiyQgIBDYTtvhCDlRLVFqCUuBI9xsRbbWWivIYpqmEl2pkS1LLZM9DYNNDVGKM2sJuyGlWzZna4SwowgTJQSYbC1bWoaopTTbpithNOXY1RqlSgBhFEq3JEGlRBJ2w5YkHCUkEVFMkpIK0bI5M9KldsbYRIRKUak1QBEhHKULSRERkhRGIacjopQQZCPdMF3XTa21sdkoVGoYZ7MUUoFUqEZ1KIcR2+BMlVqKsJGFWmsWirBRKEKlVAAhKbM1O7GAyEBBZJqUwiEN4zQNY621q6W1lK0IpauKFJZwhsImQiVKjWIwmbYNCTJWUUjCiiiyAWOn06mIdLZpMrLtRHIQCtVaQLJL1CiKKEVRiyS1lgCSpEwiFEXYKaKEUgY7MRFSkax0U6goohQJtyTAUkhSS7KNCimkwERIEEKlhm1nFoUiSJmmUkJRjEKKwI4SgqllKAKjAEKaWpNRSFFMCikUKqUEyOkSGE/ZJGVmLcUQIkwttZRiTETaEVFqVwhECGRFtRwIYztzIq2ivusNTmNERkSIzJTAypZ2qgiJZgdFVfI4tHTWrpM8jZOtUoobEiVkEOpKycxhHCNK7aK4KAxIQTiAiDZN2VwihCQnmZljG8OqXa1dsd3aBJr1XWtpu5ZQOJsjFIqQbCycRtikLadAJQiytULY2M22FHICCQK7NbdQKJRTyliOtFHaYONQlBJAJiKDUC3OpJQIyYBCTly6WiPABVGKQiEoIWdLcmoIBWkXgoLTzlSUUqpKgBQupaB0c5pSqkWmo5YqKSKiCIzbNGUzEbO+1q4T0GRcu04K2UDUKIopJ+OIICxLCsg2jOo6GZtapYg2tcRO2TgTRe06nNkyjey0LYRALbNIQKaj1HRz2lIAEcZYYMB2lFrkcZgUJkFgWwhhFGrZIiJCWJJrRGtZo5h0ZikRUVqbhrGBSi1RIu1SpChCaXtsSKUWMg1W4MxMlVqrQuCADJSBFECJaCRpjGrIUjCNLQrG2awiKUqApSi2QSUiMwmVII2dKNwySslMS4EIqorCgOxxnMC1lkxbALaLwpKskIQsW9QIQgphIiKQM20UJuRsFCGG1VoRpSgzjVMUCUOoKEpXo0SN4nQCoaKwjRy1RCmeWmYaKYzJTKfbNDmIKICkImVOU2shTGTL9IQpUVQC25mWQgUzDENECMBSlE/71E+upbRxMtRaFYqICIEiCjjbZNT1fUtDSmrNkoMCCKOIUJtGEAYwKFxLlcCEAAxFoZAko0CZ2VorpURU1VKk1qYQktqU0zRhIcZpbNn60kkYZTZDKSUiADIVgRHIVi0hKYpttxaKKLICW1ZUSYEkJEKQCQgEdiCICAokadtMbSoRJcII21KNEhF2OpEloQgDxs6iUkqRQoQUUUsoCGHbaWdLl4gQUgVjLIuotViBkgQhlHZICklRSkmEnS1xlC7cEsBudraMEIoIMk2QE4hSi2xJMjjb1KKoSCDZJYpKaU5JApCDwEbZmhSh0sjEJaJEyKRRRJHGaUBRSxEySEqnwQlBUahEKDAt7UzCoYKxm+1SItuIo9SqKLSmEHZEhEKQOESgaZoU6kpBkohSFbJdaldLlZjGlpkRkWlwREQEuDlxltqFQAFESGCDU8gCocAmpKIgBFmjItIZUbJly9aVKKU6DRrHoZRSSkRE33UpudkgOdRlpkLFSidgLGhOt1QERSRIzrSbCCnHaZrGCQFktpZtebREihrZMopCJSLcWiZRVaMkzsxQpJ2ZXangNkyJSy1BTC0RmCiBCEVAZmJLJHJOaeMEsrm1TLcagZRTixCSQrZlKIEdES3TzlIqTlAENplpiFqcOY4jKrVWhWyDcXFrmRmhiIJAUkSJAlZAkhC4diVCKiGHsQKpFhESECVKqQIFIDBpSREQRZCthZzpiLAIUWtvIzsiEJnZWmamDWmkkNNWhBRSUQQip5aoFOGw03YpnSLccnKzVaJgWwbalCUKoZAUssEWsqIgJGwkhRAhKcjWotQapbXRbnJEKWGEJKaWIZVanNnSElgWdraWSZK2bbCJWmRLIYWCiIJxphOySaEQFEKQoYiQFBIts9RCKU5DZtpOKWyoESadyIIUUijI1iRJoZBxKLDAQi6EAzmhRKTtdCmyXUoRgMG11pAUxUbgTEvKREJEkRUCcNQawjZ2hKzAxi6lCGwckpTOUoqdJQqSjCHTwkkWlZDIFqXWWhUiJbK1RK41nIQQIGy3NqFSFLaRbbll1EJ6mFpgKZCcLZNQOG1LMmQQUQuNlo1sBkLGQChAJcIgyKkNY4tOJOv14MxaaihIN1s4SgghMltESduiRu36LiKyTQZsCxunW0uFpMAZIXBEhzHUCLBKKQWVkm3Cam0sEYpQAJJkUCApVCQJICjICI3T6KSWKpCKSRGQacIKBXbLDGSEHVJENFuo2a1NERUhgLCdpDPIdFhCZkqMQ5E2aUVYgJAgEZmILFEECcKy7bQpilICIJsIIUSUgi3bEpCJhCKwCSRZlChYgpZGEZBOSsjgCAmBjLO1lm6KYis9teZaaxEiFColsqVNV4qRhEFYKOVsDSilCiEUBWFEGhmF01O2UqJESUuBpBIVnM0RISEHEULIU05OFJIEzmkiZGeJUkrYChEljBARJUIRBTy1KUqIMA6ERGZL2ykUIUIySDVCRLqBhCKKwyBJLdPZnIBCsh1REWkjRCGcBtnZ3BxSLVVIAQQktpsbGV0NIgV2tkxZEplyUQ1j0kQEBGo4ghyTcKhkGmemmzNbk8hmO0VIAtyaZSy7hRQREUoiM0MqUdMpRUgkKKzMlETatZYISWHbzohAyrSdAkmJhUsUh2RLCiIibEdEKYV0ZiptRwlKqVGUU4tSMDJYhDGhsFwimt2y1QggItJNJk2xLKMIyYlpsgx97RRRApkpM9vUMltrpZRaigIhKdKZ6SiFkISdiFpqlIgQElA+9VM+cZomOzMtESUCSbKQbAHqakUiU1KtVUFrVsjZ0mS2GqESQIlCWAkKTJsysykCqSCFwOkUEAJLihKh0IRCEVKEpAhFKSrCCepqL+QIMq3sSkdR2iXCjkxncVGJEhICtzQGlRJBCVkSUoScAGm3bK1NEsgCKbAlQAAGGxIFBnAmokSJkCSSKSeCIikUYAnbkNiZCMmk0pmZItJ2M5JkA3azhZFKAHKmUxFAgDG2jQNslAiIUoKICkJOqFFKidrVkJozWwokRYQEQqBaJFGopSJh244otchOW0ICIhAIW5lNpKSIIoKQoZaikE3LxESEZRK7yUoTOGoXwk5jSZKlUIRbI1QUKhElpLCMaTmGqkImCnYAWBKGyOYIGU3TJDkUBGRiYzfc2lhUVCRFRJCWhAIISQpJJUJRQkLCTDmBsISkkIgSraVtI4sQhoIsSVGiEOGWOGspCkFEiAiaWuY0jbPF3HaIGgUpSnFmRFmuh2kYDCVwItugiIgCgIBSokQJHLW2KdvUNuazrnYtm7AiooRx1FKiTM42TREhBMZGTlNq7UotwhKyCMgoBdvOoTWbUiKdEAhsbEdEkVtGRJQgTShby2y2ACkCopa0M7Olaw1JTqdTCIVwTjaOiCgRpUzjOA6DrQiFHCGE7SAym0BSNqddooBRlAhFkcJkSCBIgyWhWkpms+0kVDKnRIKEkGopaScOFDYRpMdpatMgRWstMyXaNClCCgkkEbYCpVNKbGxAkjE2OKLaCCSFwjhqFIUJI9lRgoiQ0p6GcWpNYCdCwkhCKBxAKd00TdnSGCKipEzLtBHNNimEQrZUaleiSChSlmVQ2A5F19USAQgDCSDB1BohRQjZmXa2aRqmUovBTqkIEQqbCMky2VxrVRTSBmioGEpEIIOjIAlLCocCYxQKkBShEBBFGIMiZCFJKrXIYdk4MxFFkioCRRg7nUayM4ztlimElAZPtmupQkjCIUIqtStypgDs1lpzK5JBUikl02PL1sYgFKHIUmrLLKXYtGlQKZb72oFtaokGIYkwVlCiSKqlRKkZBFiqJRB2KkxiJAkJyExFOBGA08ps6Ta1DAmYWpaIWjtkQKAoaSOHhMjWsIqitQYRAkAqUTIzjQQoImwhqUaAsCQbIzlJFLIMbmnSOaWbLUsREVELCeGIkEKQY0s7qiLCbk6BUwgTiijDNEoIAVKxQIJsIFCpJSRQFNsYO0VIITJCRpmTTOAIRRFWKKQiuYailszMdISEIDHImUQglagFLAlbioiwqKVYcrOlEgIyjdIOk5JUJIQzFOnE1FoVUSRnjm0MQsKSkJpbGoDEtKmljaOUKCXCELKzlGKT2QIZqYQNInPKpJYALGOytdp1AiAQTinwFKUYJKlQS5UkxdRGT42IgCSdJhRRwKXE1CaihLFNWhEAhIKIWrsKMikVLHBEpBvI2WxK7QqROFDiUkqJAiQO1DKLirFtQtmmUmozUrY2iRAYQqiUrhZkOYJMcKYIQ2tTjZiGERSK0oUUmQmCCLk1AVGilC5wa1kiokRrk9JRiqHlJAucRqaW0jIxpQSSjW0kpBKlFCmiRFVRaxmSsaDUCkxtqioNQ2QaEkQQEiCFM1NIOCkhBUSUKCHa1CICoxAGMlvaKIxBAdlapjOkCLeWQsY2UUIAymzYXZ2FNGUKK2ogBaFAJbM5DXImjpYTdoqiYoQTJBBCREgoWyIhZWtpi+LWMo3cRVf7ohAmLdOcrbUmKSTENEzj1EpIEZIwtssnfuLH4pjNF8aZKZRktmzT1MYmSpQgZCOIkDPTONOZ6ZzGqdYaERhZGWCyNUWUWiQMQAEkUFqCzMxMAWKcxmmaVEImQ9mSllFLiZLZQH3XRYgit0w5FOBxmMZx3WycQiE5PdnYUyZyiaIiKdLNtq10ZrNIQ0TYNkgFFEWBFLIlSSVKSIoIAeDmFIqIaZqEbZlMW0iSjQ2ACCudMqpBRLaWOZVaIkJIdpSopRoliRMiipwySZQQIiyMkzQOKVOtTUCKiAjIzFICY1NCUYptIULYERGlCIFlmmVaV2pEZHMEFrYRjnBiT05PziqFwpDZLBUCBWHZISGQhLKlbCKAokg7jUoJQcjYYDsnG0sRETbGoUCROcm2AhQCBSBkMoUAW1ZEpDOKZIJQjYgSwpYUCiE5m1CmQRKCTBwEUUoNATaRrSnCdmaGhIQh5MyIsDEmyUxZCEW0caIWGZMqAiskqbW0HaFMsrV0S7fS1WxGLrW3sbBBhITU97Ou1IiIUowBFCHSjlAoDLYTSilF0c1qlJJkmzJKKSXkELYiQi1TUkTYwlYQUUIhGTGhYiTRWrNtkFpmCEvgTCsQBBAREkFYqtAg3KbWpgkopYtAUSTS6SSgRDGUCEmKKCUkRUSEEFEUBLi1ZqSQnVGVjXS2NqWdaQCjUEilBCKdksAtG5kGFEYCAVKbJhQRUqlBWmS2zExcohJKNykkEYEiMTiiiyANoiu11EoaUUqNIkzLCQxylIhIwigkbETUGgjZVgSqNQAFOJ0SUURzOlvatqSIkjhbgozBQGKsJAnZSTqilFpKLVJgZ3PLCYSJGkLGtShTpG2aFOFQIeR0OoEkZalIiggChyRFrTVUsk2SQp3AGClbA0LhNJmllIgQ2FYptUSpJdNgS6EoRSYIGSsdIiIgHG5po4gwqURCCIQdJSJUQsIoMjMz3SZVBQWM1WwJQwk5ZKeDkFAxDbCNAAkpCCLJBJkEQCGhliAnbmObspWIGjWVbiBQqEQQKuFs05QKdaWLkNM2U2tYpVbboYgISQoJIEw6iRCBkHDLJKFIBjAGRURRAROGImwhmKbMNkVEqTUUbWolAlEiJECSatc5JwUYtwScIiwJSzQUTtwy7SSBokjbTklRFFEwCYFSzkxwlAiBlUA6nQS11ighUUqVZGODJallM9jNFna2TBLJbWoN0ySVwOlsmRiloGUaaC26UhUWrWW2KSFKZMuQSgkTFoLMJGRJKhJggSUwKBNaRlGUkFCpJSRFSColEIGbE4eE1dxKlIiCLBk7ImyFkARECChRIyIiEts4EzNlgg2hMBZRS5QaxqUWKUK2LSmqIqQIpxRIKhJgU0pxEemWTUkpJTMVRhEhWZZsYydpKFEJIgoQUdyaASukTNLNNpJs1QgVZCEnOCEEAYgoxdjORCFHqSVCwk43Ew4JCQXQxintElFrFUYySVohRbi1WvuoIUoqQdnS05RBSAFORykRgRSKqAFSUVVHpCFtoHa1RMmcFBEKRESIElJLRyBpyhbC0FpTYMt2YsmhMBKKkCCzlahIChlqhMyUtpM0IqSQjCOKkECSM02oRGBsKSSVUqJIIWGVKOB0OoUMzpRkATZkcyllHIexWQpFgGwTgVVrlUhomYKc0uBEwgoZSoSEMJKJEpLA4K7rCMmALWGnna1FhFRsZ5tKRKYzU5JCwlIgFIXMBBHjNIJqVAUlAgkZhUUtteuKRU4pheVsaRQqESRky6mNbWpd1wmP4yTSUD7lkz+p64qiKAJI2+nMtJGkUImwHUGEUCSUKCEpSoRKV0PFRdmaQBHONCkUpWSjSEaZttNpMCYicmqKCIWkvlQjIFsLMDYSxtgIpVNSayatoDVCDgVOp1Tk9NBGTERka0EQ4TROS621KRuZEqCIMFJEpxK1OK0SLZ2ZQIRsO223acqIiFIkqUSgtIVKhJCkKIEEJJbBjoIQUiiqQhIgiAgklbAtBEa2EQJLRNQiJTZI4QTJJkLYJQoEihBGNqVGqFhkJjjdbIRKrRTJTGnSKHBGFERmTlMroUwNw9rp2pWIEgpFLRKBbRtZpUgShUC2ILCnnNJu02RFKUrLpEVIzgSDAoNlW1kkZyJsIkKys4liURQ1YnIGMY1jlJKZ2BI2aQuyGTRNE0GogA1Y2F1XW2a2BJUqSQVNU3Z9FcrMEiGpTZMgIoDMlBAKSSUiokQgAoUUFZDlkLCNsdNGRAQgkEiQhKHImQElalXJ1kJISic2IWebWgsRkgIk204EAiPZUQoCGSNAtNaMZeyMiFJLqDo8TQ1bokQRRGgch6mNtXal1Mw0tuV0BEgt0yCIWrCEnGksSUQIlwgVhXJKShSFRCm11FCJWmrUgrGdTqVwRimlhAJCIREytslsREgFO1til1JLDUmSbBThTErUiNqVUDTSLUupEiiQ0ri55SgropQScpOKpUy3NoYg1KYJEVJEIDudTlJtmrraWcgGtdb6rgvRWiIESEIJSCVCOKFQTAaoBJkKqpSgSkSVbWEAohRaRlRny9bSlFCoWGABdgZEia52Xe1wS1CEQoUA7HRawooIRBnGCSihkIxriVCppYIxaSMyTTpCiuK0k0zs7IpsqZRQZGsJaaPAiaRQtkxZMuAgJMtIAjujhFScqZAUrU1pZ3MpkiIi3DLTwliSGoBJtzbZBBKCRqlSGFCQSQhIkMLI2QiCokJQJCFJhCJbRgSQJEQghDCUkBzKzAjV2gWiyCYUbWpkUyhNs91GCVGS7Lqu1KoozkTKJEIhgUFScWuZNpBphcKASWM5SpDGzmZns8KZBhuRpLPZARYkyKKEsCRX02xDRGDjdIQiotRSS0UCTFqKEhElsRNsO7EElqSiQApMa6lQqX2UKFEoKUdXSyjSBmxaaxGltTa1sVM0m6BEICAoAhsbIiKihGQDhIowAlyiUCwiJEWUUgAQOO1QhFxUaxWERWupIJAJbECKkGoEEkJRA2dzLcUBhJQBECFFREiS3BJUikJKRdhGESqlOMlpcgoltkmZlpYs4wRjkmaVQiDAGGXLzExhYyxjjFCRFOBQKMo0TWlntlB0XRdCERYyBBEVjLEiIkAR4fSU2bJlOggFtgkVRVq0RDImyWySsJECSZQoUASS01lUDW1cW8gQAtttaq1ElCiUCCIkY5vWHCIThRQBUSNqKS3BqVAh0p7GwQAOImpMUwthq9FKlFKK7fU4VomIQFiSLEqErBynJIsopRASEiFJUoSlMEiQKRuTmU7ASKVEOm1LJQTIIMg0IltTCKkrBbBtEYQE2KSbp5YKRZFQREEinenMJlCpmS0zSxFSVUkDZBonMLWGkBQVVBpgQoFIZ4nAmnKcWkYpigKemrtaopQSQrLdWk5tDCmICCIi5FKjOUnVGoLEisAOADKzlJAkC4EzpBKF9DgNTlRiGMZxnFQiFMM4tWwRkiKQhUJRS2aLCIqESikCZKdCERFu2dxCxWQtJaIaR41My5YiwEAokexpaoa0p2mc9Z2ihBQRRHSlzmd9BOthbM6qDlQ+/VM+GWkaJ2cLRcgRkc6u6yKKaiklnLINBuVkQoHAJYohQoJpHDNcFdgmSpHSSJkOhbDTUUJEFEqtmRkhKUyWWmpXgZCi1pAwhilbYmFFkLay1iqFIEqJUqXouoosFbcWoVIqJkqUEpIzbVmKogJEKbYJZ2YJiJI5jdOAVRW2M1MEKO3EOEtXJEeUCJFgAinCbrVWkMAgO5MItSSKqgpWOlUEsm1b1uQ2rNeAFSVKV4sFFlgoAQspcDoBySBLKioRETFNUy2VkBtTa3ZKoOhq5TIhSZlpkB211Fok7AQkZTpElDDYkiihzKZSAlrLKBEFLEzLBCnI1ppzvVq1aZrN5l3tkLANbUpwqRWFMBIGlRJhIlszCElIkZmlUykFMFaUojAOISmiYAFCAHbapBXYmS0lpSehsU3OZitqFEVICqVTtiJslwghKaxwohAhIUQCyK3RjBCJCnaUgt2SoghhuwAKSZmJkALb2FBKCCQhLChCDlVsydi2nW02WyAys025XK1qFIVathIlFCC35pYqUaMqJCtUJCGMIjROE3YQigJWEYTTlkVEKG1sERKhUERrrdZaVJ0tW0aAVUqRiCgmhUopzmzjWGsJAkkS2InTKkFmigiBQhABtMw2NZAEiU2RHHImQiRIEQDpzCyKKAUcUbooMq01pK7U1jKktGtXgiCQQigiFHI6jUJKS6olUBGOkEGlBGRatqLgLLWLkJ0SKEKSZDtxCZUoabeWpRTZLZtViiKVNQq1yMIYl1JDFKRAKthC2NjpjJBKKaVEFLCx0+mMEn1XQQJC2BEFCETLyVmiSNjqag1pam3KUWRINkihoojWpqlNgCGEUViEIiIzQ0qMpxKh0uEETE6Z4YyITGdOaQtAyhxbRomKCCmxXWsttYhIWsuUQhjAioAIkOVpGhGSJCJKCchMHEQppUbY2RKlFMgkWURm2hJEKdjTlBFShKTmdBosBWAslK1hRQRSGjdHUUtzWSAgSgEMzrQTRYkCTtsmooAihCMilM1FSG4TUk5TS4tQiMDyNIzNWWspUWvX1QgpwFIgFCpSkZqtBIm0apQQJgErikVRCBRStjFtESqyDZSQITOdObUUGLtRFNnSOFSEkWwUhEAhSYgIATiiZLbMFhJEyyZHZgtFlIhSsFtmoGzNoRKShBG0liAEqCshSTDlJKlEETjIZiGwSsiSwqCiUNSuKBSSJEWAoUTUEkSJnFIlFIGJiChFIjPTZCZYkJkRUoRxWDYAIdu2szUjlciWLS0wDiHJtjONkiQN4JAoEdkSIQmQwtCy2ZZtg2UnEAqZwISwbAPZLBFRSEOWUp0WSIoSabu1tMHOzMxsqUBCODF2QUgKGdeuRi3OzJZ21hoRkSbCcpAexzGiUEKBFFJioSIghI0iM0VKgbEJhaK0tJCUaSMFUgmwrRJkplsTcghnRCkqYxsjpAiBAWHC2YwkaikREko3J8ghLFEgnbYtO83UlV4RRCBIsDMsBYndpjRpbEUB7DalQ1FK2JDKnFo6JIWkEhFTTjllRLFB6QSsjNqVAIpqFJqNIlQk49YSpHDaALYg01FUEFItpWWmE+j6LiQJQ5FUa1iSQlFChLKlJCELZ5YSpVSsdFMYSyhtkCBzkqSIvu8j1DJt2Y2mkG2nE0eRBCohATaGqCEnLdNgUCikKVvaEZRSWktwKepKCUU6SwShcKQzxxQiQiAr5VBggZvd3GqpEm7pUI1omRiEFLUWFIGwBaUERpKkWkopNYyFkGRZyJZC0dUatRRRPvVTPjGzKd3AbSJKBAqBMhtS2EjOVNCyhRQSkGnENI2ZiVGJGqVElZwgotRiDI6ICEmSomWTINWytda6WiyKio2xVBSElXLLJhyESqQg6OpM2VpLOw1SlKISYcCUUiKCIJ3ZpjQkhNqUIZUSpRbjCGQhlSgYI0BEqUWhKGFbIVJW2ipElWy3liJVZGyDJJXMdJscYROhUiuY5ubWMqlVBJKkbGkj3Hfz0tUAhBxtGp1WEYQisrUSpKO1BpRSalQJgTEiImzSiZskRamlgIHMjFKsxArJSosicLSWGBEChRQRKiUKpJwoxtaKghBOCREYhYgAO3HYmUF0tbRmCUK1BKaUAEqEAqcTJGE7nekIYQkTESLTLRsRmSkrRGspkZnZGhEFAVNOikCUUD/rssnZIooUUYqCUAlCoSLZNmQbp6nNZrPmtGlTm6amQEogRFGkyGYys01RiroqEEpnAklL263UiimlqFbZmU7SKchQQZQIJtJOOyKcWVVCgZ3OzMxsJaLWLkogAlKKWrquUwiotaYz3dJSqEaxs6WR7bStKIJspjnlEpIwIsGJVEoxOQwjdlerJUFIkhNBCjcc2BRETg1JGEsRSLZrFEU4PbVxHKfWmp1IgaSIkJBCTgXIajZuzZKQPYwjIDSNrWWLqBbgiLBAQgIyFYERsm0RzZk0FDaALchsLSLA6WzTBI4SpRTASEocESFJSIpstlRLqAbOIBSyBS5R0ikpImxCgVwi3BwlbJcolgEMZE6ZdibCaaeNnQkgNDklk7IdkomcJtuhIpqJkGyFRAir5aRACCAIyRLYtrCIUsNWja5GmQC3rusCmZSRyMzEmQlpLJADHAopIjob8DCNIQmlrczJWRDYNhAqCrpSo9QoKMKASVv21KZaKzZ2lL6GieIEGWMREcZTa7aVUEKERJSIEgk4WzaZlq5RJNLKbE4DNirKZmcTBqmoEMjZEgUkIWeqFGFJQpkUESWKghBFnjLdIgjCclFEyBJ2sSKkCJBtnC5yI+0iUaOoRi2Wa6jWKtWWzW5YQk6nE0BqrTmbkKTEQgRCYaLIpCKCACQghKs0pYWAiCgRNkIRAkyaEHZaJopKrYJ0ttYEkoxqrcaIkHAKIhxEy2w5lYiIwGQbE1vZ1Wo3SVgShCKUmbXrMdlaM0LGQjhRYGdmLZ1KtKklxigxbjgIRLaWzShsCxUC0kjCSWYaMIqwjRBIoaJSIqS0bWNjlaKI0tRCEVFAYCmEnYlQRCiAxIEBjEGSTCaGUIQkQkG2NrVmKyIs2S6KUiJKyUyMIpwtIqIUSZKbMzOiCIUzAUO21hiFMKVItbfcWnNaKkWaMt2aFLWr2DYIWpZaQFGjqpZScRqCktmcCUVFYUuhiJAaiVRCJJlpE0UKsBCKiFqKoiHSpUoEhJkEUYqnBGMRFDCSQKq1ZNpOAZlRopFuVqiUIsm2URchYTsQkM0ypdRSkCLtCCmhRMuGm5AiEKAQQILkQFJka5ZJAEWJKFNOaboqRclEUoRK1BJSBDYgLERIUumiKzXdnFgohEQ6cdoqEQJIMw5j33U2pURIOTWVEiJtHBFqaRKJUsIOhaQopYakTKelCBERRhJYCIkSRYQzCQWBomWGLEmEnRGlqBhKKeCQkIDMjFBz2gRuzkxMhgrQplRRREQRUi3FRiBFlOii1NqVUtMNu9ZeUoSAlg1AbmOajKgKulqxJCFEQ5EkzQpFKSUqoBBFoQBlWkZCkg0BmQqVElFKidqmyVihbM0mirJlKGpU2y2nZsqnfdonl6iQRqWGAMKZyBFhcLNwlCIJSRLgZoQBGyOp77uIIGwFthQh21aEhNMGZGOncVqUkGqEIjPTiHQmmFBrLaSIQkFSVTgZx4HLpCg1xGWOdBqLCAV2SBE1JAlQSEIqkgJskQYbQVrhUkoUZdp2ZjotuYRKlBIgGm5tshVRpjYK2a6lQ7YTRZFqhCUswDRbXd/XWnJqYFs4FSVCmIgAY5CBhFBIAiNLkW6BImSc2HZLZ2uChDZN2RKpRLSWLRtIkghbAmQpsMgcp0w77GYjEC3b2JozVSBlUaIUSRICAixJQZoQoUJRV0qJgKhdTbM6OhrWo4UoNhLNWRQW4zSRhkwsCspm167Dbtlq7dIZiYpEEIQkMQzjlFOJIIoxzjARFaQoUULIcmARikBEVVEkpB0R45QClVCCkUARISzhlqiEFIhSailRSrGxm0JImMSYEsUYjMLNSCqlCkl22hlRpmFqmhRRS8nJ6QZK22nAIhQKkYxtwpYi2xQRskJERGbDmEAJhgCFFBGYsbUxG+laCgpDUaCwM9tkKSJyauCuqyHVUsGJFcKOCLeWppZSaydJmAiCNJmpIgicEdFac0k7wKXWWjoFpDOCbMMwtnEiZFkRJVT7DizC2GQonFahK5UwxhYkzhJRoxhDSmrTJEkK2yFCEQoFbWotp7BsKdTsrkQpNSIs3EA0T0qIMI4I40xHkcA4CGeLEkKAEQbbTqfTaZzNrRGiGWdLWlGEo2VrzUiS7cQYAy0TSSWQZYFsWxaS3Zw2EU7LTqURILIZI2VzU7bWpIgSTiPVUmycLSl9FymnLRwK2xZYte+kIpIEESpROymSBgqCEHItapmkQ9HVAkpSQURBFSwiitJuOTlTkCBsA6SbpBC1RJRCppGNRE7NgJEpXcUWWAKEJJUoiXPK5iwRpRRnGgwRKioIG8tBKGiZaUcpElO2iAIIJIKikISNMYJMl2gtZUeEJ1uWihRJesqo1YHTUYIQAjcIRBrSCgEpFUGUGlLImBRkUdSujxIBUUpmy2xCpKd0RKjKU8oIagkVpRGBsG0sYTOMo0VEyBAEStnpxBKWZUWNJAMIgQ2BokRELbWARBJkS9sqYZNkS2xKiVoLKoScGVEVhUyVSCvblNlUihSZCXYzoXAoQkEAFiRRJIVwyMYY59QmFCFkSRhnNjAY06ZxzEkZESFhRSkRkkLYIRlhOzNUWmtCTssqtZYaOU4qsh0C0VpzQgRIJQKhIkkliohSS6mSFEgKBVLIEVIUhNNulqgRUSRCAiEpQtggmSihiLQDYUNIGaq1BMKQkGShK6UgO+lKBWOQTBKlKkopkpwGt5YRpau9TTJGFBu7GewUiloUIdvZLACHQUQUUAkk2zatJVapxXLA1FpmRkg13ISTIpoV4UyVUkoJaRpbqcXGmXZCyTZhOa0aIJIIBYEoJYRKRERIERFRAtu2SgQQJUKtOTMtIoLmKEWAAjONY5smRRGqtdjCDSkIRYkQtnFmSoIotQhUIxQKA2layySFLGQRUmITUZzNRpLNMAyZhixRkLLZdu0rIkKKCmmoXS2l2AiiFGHLpRSpmMzW2jSRmXIQDgSgli3dBEjYSBCJs7WIIMJ2F6EgEdgmQlEKZswmK4SdIhQRCIUkFZy2M0pIEooaGIUMbs2gQCgiRIANCEFEIFq2KAHCbuk2NkTXzxS0KQUuwkYhKSJKBKGQVMJurbUoEVIg22AiDMYRQUQ2K0KBDU7CnrLUDqciMm1AAZgEYZVP/9RPcmsmailSRMhWCUFkm7JlqChUikKCACRl2m4oailRhdWcnqY2GTtKgMdpSoyBFkREiRAGUAQtTUiR2SIwOA1CypYQpUioqGQ2EYh0AyWOqJIzHYrJo4iiMKBMGyttC9KKKAqhKBFSc05jK1FQ5kQUZdo4VKapOTPtKF3f9eM4LVcrRUR04CnTbYpSokgKRdhpVIqyNZvE2ZpJAtlECMjMnJwYg0NKKUISthNoKEKAHai15rSBdKlFCiQ5ohASAiJCtZYoJRQYYwVFBdwykSLkls2TUKmlteZ0lJBku7UsJcIStExbIqWSSmEkO22DI2oo0g0somXaaTBUhUTpetulhlBIIbm15hY2lCglFCog1VIj1LKljQgVlQgFOHMiguY6q33tola3NJlTUymSpMjWSEcIaZpyGFY5NcM4TgrJighnRoRKpCenkZxIlkREjUhbBBKtgS1s11KyOZ2ZWUoJSYJQKKIUp6ep1aJSYmgp6GrFEqhIiCQhKqEClFDpSkgAcomAElIpZUpPw4jkzJZNiJAdtRSMAkWYbG2SZKmWKBFBWNgUKYmuRJRIqwZFtbmBIgrWlIkcBAorczJEiGy2gWyTkcKaptbVGgi7hFqmSSlCKiUCmk2CXKI4U4pSalE4c2qjQq1lUWDSLSIkJCBMKiHURYkIFEigkBTK1iJias0mpAjVWhUCE6UrXYRKLRGhUETYapk55djGGipRETizRE7NziiRmRGSNI1D7ToDyHZRgBUhxZQZCkkyttUVnJga1ZA2kqGvtUQxRBQAMau9hVtrrQVFJSBDRSFQiZAAl1IjIsMyJcJWa62qmMQKkJRTqjiNMyWMDM1WpiIUcjPCuEQRgEOKUltrXVczE1mASScQCtsYhRQiSbcgMCqBitLZJiclRESN6pAgQnbKYLCFWuJ0S4sEkiy1q6XYIAvVWiNKZmKnM20s0naLUiUhYyFArbUI2YpQa83ZFDWzZXMpIdPSIYdiGluC5FLkRLZNiaKQWtoIt8mIUKSbyRIhFYmiSBunLEVgEZKCNlEC20lRgJxpiAgnU5uwml2CTBKnmy3kUkqzu65KIp1pIEpMmaX0IjORjEmD6bqSzUURpSJCkWRbj7ajRClFkJnZskZIACKQokRmkwQp0oQQINym1tokQiKkiMiWU5tCIUBEKGp1s0StPZKE0yFQACUCpaIUqWGRqFhZJVuAk4iQFFYpBRERNpmOUmoECIVKkYkaUTQOU2sNQNmmzHSppYSyjVGjRkxTExA4FJJMYqxQEZIUUSICqQShcCo9gZ0tW0qkbdIAbkkEpVTbxi0zRESptUhkOptNijAhGxQlIsIgTIKsiAjZJjONJEmtZUgSSYZCisRYdhOhKEUyTQAIMrOUEhHGSWJjJLCTAKczM0sIgSIikGRKCTIBoUxHIAIZW6KIaUonmQm05hAEZEYpCkB2AsbYxogoYexM1dLVGiWIwAYRsq0IN5NWkY2UwDiODQfKnNIISIxLRClhq0RxTuth8JSlKygUgbOoILeWCkUoyShKW+B04lqKAyGwbaeztZwaOEoppSgQYQy2rRJtylAolK3ZRJWhK3VqGah0XSnCAE7bzYQwpkQgCTuTRKXkZDshIUIxuQUqXR8hIctOJEJFYmpurRkLVMJpZJAki6IIqSiQgZYpiFIR2exMnM1ZQhFqLRVRajjtJGqEqltiZ6Yh7FoqJYSQDU63nLI5Sgi1yaCIElJU1VpKhDGWbeRsU04JjqLMhiWEIpsz3dVimKaGqTVKrbaxIiQhSByiTc2ZToBSFBGSWnNIUQLc2giUWuwsn/opn2iRmZIiQmgcx6SVqJgoEXicJpvW0gLIBJEtJZUIKWxsJxBEFMjMbFOLCIKIkq0hSVgqKhFMraVbkVpaqBSVCAA7apENMqQngYOQnAhsoqhNWUoQcktJdiqQCjhFZhZUaiUcEcgKgcgUKJQY4TSgUoxKjYjIliWIEsOwKqV2Xd/apFAJRVRkpTJzmiaF7CRRhORQEMrWpACctslgGieLvsY0ZShqKS2TNMIpY8klSpTIbFNrhq6rBOPUJCSBobScQDhlRxSM7cypRAFautQaIbBtBaHSMjNbiFqLQkEIIUsRoYRaApTOzAzCEkaJFBFRQpJsB4WATJKoEpo8lVpK6fq+CjJTQY2OoLWMUkuVaEhCgSRhWnObmqRSIiKw7QRnJnYQoOZ0SzvlKKWoBAIwdjoioqj2fdQqWyEhyMyMKFFKBNggCUJ2hgKFFRGhIJvTKcmoTS2zKaIQCgyJZWRJzglB1DBBSCAAk5lYECUkRSAqsgRgCcBCxmEyDUHIUSRAlChRSlFECWhYwjYGZRgHsgROKyRJdiJjQCalsBAUKTOxQwhZdrZSakQ4rQiLCJE0p6wkFVJICiIys02TcVWRFKVkWraFpGwGKwI8TiOK2nWGAELIhQABkiSJCAWAMo1AoczRto1xqNRaQSYBJONQKVGaW+ZEOluWKEitTTJRS1c7KUxGVEotkoRUakghT2kAGWHZpI0tSZLsUKhEiYiipBWiRlEobVoSKkSELEkCINNWMjmztdqVWnqTWABuCekJZIxp4wghIQVS2hTZqSgK2QAREth2c+mqIjJHWVGKJIyVEcU2boAzrUBWiWJZDii1EyjCkM5siRDYkoSUaeRAwrYRKoEUVpKhkBRWiaIIIiIUKhFkNgCitRYKEUkW4aS5RdQISUYRBTVUSylhJCxEhESJKpHOUmopxXIoohSMoKpQAmwyDchCtiQERGZDBtxIASYIiUAl3BIASzZCSHLioCggwJLTLsgInCYihNPptDNF2JbkTJNRIpAxxqaWqghsTKlFilKKpNamltM4jqRttTaoBFYpRUVKG6yUZBM1AjntoE0NZ0uXUktU04gIKdOZTiOHZeGikCJbU4lSSoQSK8ImBEiSnQaam5vTkowFhojS1WKTzlAImRYIhQIR2ZIAI9IQQESE0jY2lhQRikAqEYqIKCUCk06Lruucbq2BIiRFsxWBJIgobh7bFCgibGyHoikNUeR0a83JmJNpgiCkopCwTWYGRBSM3YySzMlgRSjC2Zpto5AIyVGUTZYl2SgQEozjBDaoRKgQJkFWhBCZLVNgp5sVbi2NQ0IC2QCGWmcwZRIiSqQjJJsoAZYiABWbbC0ipFKDTAMGCGErIRSSAQySulolSVFqF2FTQkoiwq0Zp0pxTuPYoiooEUFmlILdxkkqpchTSxB2pgRCqZRDytZa2liKKgxRiqKUCJvMKaJgi1QoWxIREV2JEEIoFDhNSFIQhJRERECUKLWCwyRgJJBxKEQoLBtQFElCgURiGTtCIEmhqKVEqEgpMm0sSbZDQRjSKQnTMqc2AYhSAhlCpkRVQRQEak6BnS41ImqbpmmaZHd9DymHQkQIMFEkywCkW2YqRFqKKNGmaT1OYHBE2GRmtlZCKHBTSFGFkaUCLdMllAjTsgml05ktXUqpEZIsl5Dt1iYDVuLWWnSlK31EgFRUSwkkqiXJECFLas2tTTUqIZtskxySUBZVKUDDOApKVw2kIwpBpqMQtSIHUUuICLApn/ZJn1RKRUIITVOb0uMw1FpULIXQlM1OgZAzkUuptRZAIaeiWKJTsRQglSilKAhqhOzEMunmZjunNkURli2UNYoBQpDZIhQRgbBBKMDGJSqAEFJBKpLTGLthkghAUBQqYVuESSwjILOVUtIOAhGEIWTStRSV6EsXJcZhUil91xmVEoFUhKNElBLNNllqLQIjGUI4IsChkAWKIqGIiBpCEaWU0lpma6A0bZpUIySb1hqodrWrnVBItm1JGFv2lHZ2paZkO3Ebp+a0KbXWKJCGQOM0lVIjAiRTSxVhbFKSiObWxoakBEUoRDjoQukcxnGaxlBNcppaKCRsW1gSwqmopXTOzGwy2XJqzRhCkixAEWGBkEEKArq+QxJqJG5OOWhjQypVAIkKEVUibYU8TS0zFM1ZVCRoLbMBXddFhCKK1DLBRrKiqJQiiyhJa+METicYWwjbkpBElKISKASBCMAtKZICGZSgEJm2DbItI2QzOUWC07Yhs03NQiadTkcUoUxnS5UCAVYonU6a3dqUmUKGqFFKF5IzkQIRlgpgkyQGnC2HYV2iRhfOBEkijEOgiFC0HCWDSBCKiJAopYSIJAvIQVBKJYwssGUcUQDZSdqWonZdBEIGKezJicOBBIkVQhKWbAMgMlMZQGaSUg2MnTaSIINAYLepFZV0DuNUazFJQo2iyGy2QqHAU7NdSyENsg2ASpTMNGkTVVKhyAZITNogE1HAISDAaeM0RBRIpx0EgbATCKlEaVMmLiFjCLfMZiLkVIQFyLZba5kh1ShRwmkRwlECFRQSUpQI2xGBATIzRCREcbZMsjkUUYtbS09BqIQRzoiwc2ojRipCpXYRwmmjIKICJiVFRIkAR4m0aymZRjYSykxjIXBrtNYiREQ6wZkupWambZzplg1JOTUUAifIEQEhHIq0szVZCGwyiYiINo1IkiIKESVUoiCVGlI4sY0TuTXa1PpZbyV2iU4R2VooEG1sSBiFhNKZzUCJCDy2yenmJqmWihUFGYOQRGtGrjWwCYVUSk2nE2QliiInIDROTc7mFBrHqahAdLOCSlEBiyiSIQWyUk4rVKJkpjEIO0oRgQ1SSGnbCoVCASG35hQhRdRaa61pC7WcSgiFcVGJkAiMwVKJmJwBpYSdYGMsyEy3bGkb7JSJCMkGDKiUQLKdOdkWUYKICjYSZLa0CzZMLaWIkNPYtetqKRGhwAYbsF0iFKVGMZfJJYII2Zgg0gkgCUhsMihFkmzAEUWSUCOLiuy0a6coNRSSpzSJRC1dRASkAZcQJtNqRlEKtiNCRIkwtg0KqURFgPq+hopFlIIBS4AsglARSKE2Dk7AUQpEkS1aa6EIQsJWV0KKJG3SRrKxbVvIdqjazYRlbIWEpmnKlqVGYppCaQRgJAEC24ooEVFKOmUcSgi7hNJpqUQ1SFYpoJBRATvJbE5LKKKUElEkWwTOdAgpwHJEqbWrkgRpYwgZg0GBphxthYpCtozdsFtIDkqpmc5MSQphRxRhzNSaMkEtW0gmhBuAu1ojlOm00o5QtslJRCFkG4TTtoKQhEIqtUSEkADVKBiEEocUiihhBJZDoWmaptb6vhcYCYSKZEQ4WxvHlk4wGGSoESoyHsdJokYlZLt01Zm1FkU4E0eoICNolBoRIUgJDJAWRCmhiKpSS7YcxrF2xVY2t+ZSS4TcbGcIUNpSSZwtjSJsEyEJW5ktExWBwJnZWkLYOY3jNLUIbNut6yuUMLYJCSdZo7PbNE5IETLYSCqf/EmfAIrilplpRaklai2lhhwRhVAtpUQ1CFQKdmaKKCqZDSSUbiolJGNsnOPYbGdr2bKUqF0nu2UGqrUqIqKGpNoB2bIWUCAiamYzTqdtKRBY2ISCiFKCkmROrZSQNLYpsZtLlCjF0FoTYbKNzVIJjN2sCNtIEQpJEQl2SspmM2XLaZoiCsKtRVQwiUpEKMlMB8KqtWTz1Gxny7QdEhEpW0TIkoQsTETYGDsTERGlqoSwnGlcSwkpJIcMtRYpQjIKpCgyFJVa3BqodKVGRUSAwpmZQtRSAq2HMXPqui6BEOnWJlQjJFtSiUJIkREhiWxTc2YqRMthGoFaSy2RmRjjQImkLKW2cUpaUDKz1GIUilICIYiwrWGabFsqwhYhWRISEBERtSiRVEpBgY2dIEFip+VMKxQRqkU2iiQzHREKGZQYj9NUSgjSRoCaU1JISNhSCKmUsI1KqbVgBQmQrRkLpACkkDS1NCAFpLFSEZIMtpGEhCRNLbuulIi00xYIhSilS2cEIKftLBG2xmHsakk3CUOtNaJQXFRKkFLLySgkNxNWhDNLKUWlZTOEQoGnLKWmWxrSQERJt2lqEUwtI6IUlaghooTtCJkkkVCUqCUcXCYhgRAK2SFBqEJKwpF2CBXJAZktE6IERs0tW6YtCTtlGyi1WDJGVtKyYZcSmUZgIsrUJstSV6ukAmAsVRUbmwCTwzDaTai1JEgbaMY0KBEKKUopKhaRKOQ0WBJINUBFNQFomVFKRJGESBMhQURVmKR0tZRo9pRTVZ1y6koXgiII2RSVUmupEk4jRQCRmWkHIkCSlc5AKgIyGyhCFjinsSGpCBuQBDnhkEKCSKdbWnJ6GsfWXAjVQkuT2IQMBE4iwnbiHDMxqShFoUxnyzZNU2vZsuWULUMyYMme2lS70tVKZu2qVFobI0IR2JmOIBSC1qZSijMtBbJlTDNyUCwkIdyEUwqLIIztDLBKSCGJQAgbIUI1pAgpsKNEINo0QkSRHQoFIiilhNRaCivCOBBSswtFkmoAMimMQbUW45atlM6yiNoXWePkbFNRiVLsHKdmgQxIEYqpTbWrfddJkiKkIGwQmQmAQwUloBDNLVuUUqJGEBCl2o5wRJhonpCiKNA0DSIiEAJaa86WptZoU5ZSA2ObnMaGVBQOIqSQWzozM0MVKRRSEAoRpQjZjlIiAjIT20BEyWbb4AiJiBJIYNtOT5ktTaYVLVu2JgmEqaXKRiLTkuyxTUKttUxKJ0UBlCZK7apsrMmttVZK1FJtl1JqLUiynbZtpySFMz05s7lEUIQkQgrhbC4RhMg0IDttXBSUEAJTok3TNKVERFWATZK2bIPtsJGa3XJqY6u1RJFN2rKEbON0epomo1IiSlEoc5KjSKHSplSU2lVMYuQSIct2CAmLbBPYAKkI2ZlZSogAT1OLkBTONBmlBEQo3UgrImpxZikVhd2yNUXpanFroG42S5M5RShKzUwnoQCXEmnZGaFSSpQyZYZkk1NKzhZRhSKdEWGjCMlTNklECGzbRIRCEcqWWFHBtGzr9WBPICNJ6UY6ohiaMyyFDFEkSoqIiAgpIpAiIrpaFAHhlnaGJAohg8Apk6UUSglRojQ8tZQwQOAkqEVIQkJRAJzOxK2lrBKZWYq62pcS0zQFRkobCQhkgzMzkfquk9WmISFKkFlLiVIFCqHAWWunEACOCKm0HKdhRGA5kEJ2lBoSEBFSlBph2ZlmGodQiVoklxJOg0qUKOEEYdkkQEIIQEREOrENpUhSegqpdlFqkaQAYxsJqF0Xija1zCy1CtmZaWfm1BwSTFMKSUIun/YpnxQlGsgpSyWKQkWyCDKbMAghQiFhSVLJ1lKOCPCUrdRq01pDkJRSQuq7LiIUmAiMwhAlIqJNk4RVcLqlSohQME0N0oRxUSQgA0GhUEuRJGjZprG11kqUKFFLCSLdpmmUgjSS7GlsSISwWmsGhYoCMu3MNA5bESG1bGlHRCnFNuAIcNqhUCinHIYxpFLqNI1W1AgCp6PWIpUoIQFuTVEKIsKZ4GwtcRQkAVIQyrQiJLBKVZo0IkGZqQKQaYnABrAgW0rquk5CElZmCiFnJhFTa22ckEotzgnJWFKNaFBQKYWQ5NbcMiNibFmKIqKqJG5tmnVdKaWl044oYVEiQlIRONNGiiilRJQSINlpOTMiMl1KRTib5FJqV6s95ZQGMqdhBIgopSDGaaxRkbNZIUQtRSqS0mlbxgCykVRLJCrIICkiQsU4cVEYFJGZtgURNcLYCCMJFTnBGYTd0mlkUUqxmdpYSrFtU2sxMg4kOUpIUgnZCkUJ284UmKi1KEncdUVRJmctYWtqTc7SdRKlhqRSCpZQ1AhMEKoGEk9TKaVEJUnJ2A1Qy4aNopboau9stijK1hDpdFoBDslERIQiUICNsiU2AShbDm3ASACkkyxEWrYlpMh0iZACu02ZtkQKOyXZRJRaatrCloCIELJTiigqEhI4cJTARlFqmIhQKZF2y8mWFCJRRIn0JCsCFKkESg0psmUt1YCwVUIYCUVEUSgURQYFpmVr06RwNkIkok2ABWnCzXSliwgJMlUkQg6TaacdUSWcLqUg2ZMARQkFJkoJNQzOyZIokqOEogQiQphACgKZnMbMnEopdtrYKSLtIllqzaVEREilFiCmacIgSikyUzYLKUqNEpE2Jm0wloKQbAvVEkYRUoQCTzYmVEqJUqIoFKWGI+QkihC4JTIlIqIgGReFjHFEQEFGKiVAisAGHAQRITutaNMUJWQIqcitBUjCYKJESIDBrbUpgShRIkpE4mkaiCDTGJNJiSrAKgGhUIDsBKKoRkmjCCe1FiIy0y0lGdrUjEMVZBMqXY1xakVyeppaQOlqlBIIEaESBVCEoqoIMkI2KN0ynSqRzcJWgA0RcqaipJ0tW8soRYGkbDYupShKZrZszgyFAHASpSgCMAYjSTgtIrNZ1FJRtJaSjZwt06QIgRHptBWBbdImMrO5SSpRZWfSclJElAI4U0VOpGohy06MIVsrQhKyJUmlSFaUKBERjDm1lkiiCLlZcik1SrRMtRYRDk9jczMiISCi1BJYUgRyuCgksEPKiBIhQiGJiABAWJnNYCsxUYpQRJrMtDEmQradQFdrawkUIrGETMoyEYoIQ2Y60842ZilVJTLd3Jw2zZnjOLVMqUhZaxdSy2xO0oCBoEQ4HMh2yCKEgMyUJCkkKSJqLSVCkowIIiKkzCQdXREhCOHEGMh0mlLCkGkjZVoRoKKWbukQadym1gyEFJadicGYDAtKdIYaAXbaIEVYFITslLARqUKmqwQowhgRYCMJNE1TlBIqxq2lZEV0tZSIUGQCCkARppTizMSKKBERUSIA7NYSnG2yws5MYxNRJIsoKlGyJXJElIgIyc5mUISiBJJQZkZUJ2BLuLVmZ9oggSNiGta2owQAbq1ZCinTToNDgV1KiSi1lIjigExEpkopmRlSiFILhHOqpSgC25Ig24TU9Z2KgFAYnLTWSkTadkoqUabMNmVRKAq2IKIqaC1FOq1AJdbrAdNFVYmQcQSKULZmKzMLMjIupQqCMo0JLlGiq4qS04hcVGy3bCGiSCUQJYokSaWUEgWTgIRdPvXTPkkQtlRVg0yFSkTazkTYAKUGKLNJpZSwQRRAAEUREZkukp1ECIMJFEXNBAKjEhGKKZttm1KIkBUhENkcipAiKBHNLiWcZLbERbLkbCSJJUWppYSbjaWopRjJppRaZClqhCNUImQko1C2tFEQUZCjlCCyNXBIEVFKAQRSCQxW1MxszlqKiqZp7LrO2VRUSxc4naIkCaFQUdhpUiZxUaRVIoRQRBRhJOyCmm07p7TbOEytJUZGgCScViklSgkFsiJKKQFpagiRTtslFCUEIVRKjYKQCsZ2EJbdGiFwTuk00HddRERRKCKKpFpK13elVqemcUQEIkIW4GytpcE2ziiFCJK0Sy0I4YiioNTalVJqkUq2ZjlNohBpR0REWC4KUJumKKqlErKQopSQZFOkKBVnoiIXFctumVOTbIyRhJtxLRVkO4TMNE22SwkQAgu1oGBsYxGEJEuyEBg5CAECMNgNiAjZoFCEIiQLpzOz1NrVapwtZRTYTG1SujWnXKRSq522sWazCjIGOT1NDaMImiUnMhJpI0FDJZ0OZBFRnDnliB1VigLgnHV9KIgoJZCEsGspLds0TW6NCMmhUqpCEY4SEQoDkpPmRjqdEYEs20glBBHRmCRFlGzZxtb1naS0s41OhaRQWCYlOVSKsFvamCgkiUOBKCogkFFAhEqIEhic49QsIoqdgUARSEXCShRFiggLUMssoaLAbm1KJ4GdsqMUGTAIGlEk2VYgSxCBUWZrthNFIWjZIkIStjHYziAiqp1uiW0HMnI0TESVJDJTLqVEUYlwGtlQjBWIEhFRChgiVEsnRSlgh8JkiZACCSFna5NxqVVgOzOLoqsFRQiLUkopJSwFUpQSoVBRqBBIgRCRbiWK7RKllFBEREGSyWwRgRwlJBkCGaddoiJUioSxhKSQGpmZUoRsReDMtB1RWxvTGZiIEiGTzSpRVBppG0mQbqQttdZKjSCMm1MGYt7PEEBrU7YmYRscEUZgZ6atUkI0HMnQRtkO3JqbESHSLiVCsjOiRKhIiZ3OTCAiFAGOCGMhpJZpu5QgMxsKyRqncVoPKUWEsGWVCJyZUhRJKqHI1iS6rkYpbk6nEaKGQM0ZRiq1hENOaldCQUgKIBNBywQQESVKCBinqFXI6WkaateDFaWWAqqEKrKi1IhIT84mF0mtTZlZ+opcS2ckKKWCATuFSkGWsRQRiiilFkRR1FpCoQinTWstJZWoKFBGCeSoEVHIDJNgKBHjNAkRhArOUgoonRGiaBhGi4KMS9SuxtRGoChKKQiBjVsrpZYSgKe0XAKhEiWiqIRsp7HJTOfUJkwpIsJOhyBotoioEYHkNmUKKUrUrmbLaRprLUVRa41aakQphZCQbUs1QpIsQpJs20nLsU0RYYlUkkIWOLHSxjZWqKjYQi2bndkyWyahWkoojNLGJiKbUXQ1IhQOBCSEpNIVTPNUo9jOlrWLUmuEkFCkU1az3TJCQajIkK3ZgEMhgUByGhskTCmZ2aYksB0RUimSDXhsI83GJKWECEkKlSg2tRZLtRSVEMYmJGh2KJIk087MNMpsEq3lMI3hbJAtLYQk2ji2TIWAtO1MpxAqppUoIUIh4dbAhnRLZ5hpaq21zCxdjVApEUQoCKaxORNTalUaQygE6UZCqESUJJ2Zhq6UUmqmZWyP45i2jKC11hIbjPA05TSNtStFgYXTUKTmlkktkjSOLWSEW2IrpChuLTFApgIRrU0gOTJz1neUkLGRFCEkp4sEUgQiooYwtMypDREhgQmFhFTtxEQNkmyZ6RDgiBIK7NYapoSiyKZ82qd8cmtNJQQgsNO2oWUSEYBCJCEjSUICpABaa05HBBLOTIP6WjIzkwA7CZyZLSUyUyLTXVdDQiEJSZiISCMRcuK0sZ21FhOAITMFmNL1tUSpxTaQieSoYbJBSIFEBBAlQqASYVJSUdiOiBIRCqw0gFAaybZaJlK2RJ5adqW0lrJrKYhQQSgxILfRtqIGivRUJCKK5EaUiNA0ZakxtZZ2CVAgJAkZpIii1hqolKhdINUSKBBIBUFYIIgoCqF0a1NrUCLA02QFqAgUoZBtpBpVsqFEZFrIYGSMFaWEYhxHIUVx2jJJFJEyViikNOMwjNOoKCUKkmSBokw5CpBCsl0ibGNJcrapGbK1HMbRU5rEjghZUQogK3HIihACmcwpp6khYbK1KBFI0NwMxkGx08aQLZGQ01hCiBSRwnZIBCCjaRwVCiJKOLGQnK21lqoKlBAIQ8jprnYmsaVoma21UEVWyERECGdzqSVEa20aBilUiorIlIKIUhWKqnBEtrQBu2VL1whEpm1KFInmlmlhpCTBtVQKyjBWRC0VJyEUUUoC6VqqogiFQjKEgHBESZuWOKOrgZyJyDRGUeyGlJlAVwLABqKUQCqlWApQGMtYhFRLl84aRdBaAykQtrFQRLZWIjAJYCehiAiUJYRFyG7TlBicQgqFSjqncUKadzPIkASqwpra5MxMB0aKiExwAlECMU1TOkOBhRNBIKRSwjYKSWAQQkiyCScSknEtJSLaNIZKlBAolE6FbEKk07ZUHXYaSLlEZGtph8KZrU1uToQNGAHpzGY7pzaVEooSKsLpzEQSNhGSCLWWzpSkCKmENLWplBoKJIUiZCATUVRSkEZuUzOWZCMphCEgAQyJBHJrOTWESmAkCdVaQ0VSOo2L5DYhyWSmDaBAqGUG1BJECcjEpBtRyHSJWmuNEkBrmW6l1HQKQuFMjAgUskKUKCgznUmJAkQJQgI3RS1RS1goMhNBkrakEuFsbUqEMkutRQERoQgpOjC2JQmkCNmOCEMY4xIVQ2baaYeEFHJERbKIUIkw4JymVmtXawkFkJk5TUWlK5GWycxmuZRiCyUISDIkhWzANYIILFkKhDJbmqI0YRI7TSmlECFKaMzWMiUppBIoAhNFWKVESCEpWkvJbk7AhKSQjQAUEoTcJBEKSxGBFIDTCkmKEgWRLQWGzEyr5ZRpKGn3XReVzBRhkGQklHaUENGyWQhqqQpbDtU0ONOZmdi1CNRaglUi005LiginSSvAtmTSaUkSpKPIMGU6U0gUR2J3fSeVbC1NKTWkNOBSQmCnJIUDEVH7LkoJqaVbToEUASoKLElRAjBSIEWEnExtTKuWaK0pQERUkFtr06goAZnpbBGSJAAphMAOIp1pl5Ckru9CQjKeWitRiiLtUiQVDCEMkgQCGNZDUYmIiIgiEoztMMZFMrRpKiWEkBWyPY0tRERRkQAkmVCoSBIRsgiwEwg7FWQaQ0gJKqVGF0VRwECJiBKA3dqUGDvb2Fq6BMZGdlOKwGmFIsImQlLUWqLUcEjCVgQGjB1RFCWkiHASEbXWojDpJLFbroex1q4UIZFYCin6UkuNKG4NopEGKbpaSinjNIooERYCUVTk5qJinM0hCQmQMiUp3SR1fV9rNUCWqCUCjElnUZRSS+laNmcqBFJUoBQlTOPklhEBMkSUiHCbHKq1Z2rrcSoREQW5lsB0fW+7ZZuGMTOjBmATpSIiAtmmFNl2phSSFBGORoZEqCjGabQokpEiSlGUggqZRIJEdH2niJbNzeXTP+WTFQK3NLaN7QhJtYTTNjJyMwpFYAikQmY6FUA0W1GytZZtmtJOJwiVcDNGEYiigplaU1AkKdKNzObMtDGgQApJCSpgKUJkIFvCoQKoBIDd2lSiKBQR2cDZplEKhQAUskWAbZcaGIxxlCKMhMAupQiZNEUkdiklQpm2M0qUUhTVpK0ItebSlZDa1IgopZgUCoVQphEiwDJ22ggSJIzTLirGmVlrFQpFlFprqVFRQNpMUysKh7ERIRkkT9BywhQFIRy1VGOZKNFakyAVIQJSpRQkmSRFRFhQa4kS6XRaKlEDLCmKTGBKRJRIMqQuau1KCLAz0wgrApMJUgARBmdrbjJpIJ2EZIzoa6dQZhIRoZwyQhFhW9LUpmkapykJBUKAokRRNNI2khCgQKXUElKUUm0LSUjCQESVp0aRImZdr1LsjAipCIMcHsbRZFdCCqUslCBbsm0nomWWKKEQKCTJgJ2tSYEJASCLAElRinA4FAghhSSbtGVHLaXWzJzaKAW2aREhEUSUSGetNRRKkCTjMK1EjYgUdqbdqUSUsLAJEnuaksxs0zQlyIqQzeQspYZKyCpFMA5TOpEMzoYkCYlACkRrmdmwxjYBmdmmSVKAMbZEy0RRagkURYRsilQiDOM0YkcUFBISCkmyBcKZmZJMQ4oSRQXJ2bBKCEkRoZicraXSCsAKRRQjhACplBKS05KkwEKOiHQCoChFYCWSICQkGwFOS0hSiZAkZ8ukRkgYSygIwmmHIkpRKGRbQSgEIIlQAStCkgRSlJBxOiLkUGBnRJVkyGmyiVJIAIoCnKRbyyylCkCB0xlRIoTCTuy0DYoiRUS0bJYiQgqLNo4hWqYRAJIcJYIoEZlplG5SRNDSylQJRZUISKcQlGZH0TRNNFNQ0uwIlShRSxqnQRYkIhWKCCkQoWit2akIibQhSo0ASUgmVaIEOBSRzlAgCwjZiUWhRCmIEmADIAWyJBtnKgJQqREhiZBAEUkD2Zl2iWqBCYWdpZR0GiSsUIQgJIdwKgo2l8mYxI5S+1kfpUiSwjZpldrVztIwDKvVqqu172YlYpzGbC2i4iYiSggRRIQUgJ0SzjRS4NaMRApFqREqEZYz01JRKTUybbsoFGEknBa2ZaWIKNJqvZZcaoeUdlGUEipBEhEIKRxycwTGIBuQJJDTuIXCuDkVIQVqQViECJFGKA0yNpDOzJQAooYExjaCxCYzcUatAFAUzVgOBViUwFFqlOLWWqbDEdW2yZyytanUWkqRBLQpjSPCqAiIZgtFAESo1Go7pFILKatJYduZgDNlT9MoKUqpUQzYaSxCQio1sA2BkCHcKCWiAIpSkGxnc5FQOJsUUYutKIWQLEqUUKjYRmFSQg5KBMokM7NlCRkrBEQBBxjbtnGJkJQtW3OUKCW4rLVm21YpgQKlojgzJKKUCCEhiShhYeNm46m1KKVG2ImUCUqp2OnMWlRKMbKJCIEiSkSpXaNltlCEIiHHpsBSa02SwFBKiSgAaYEjSq0YSTbYUYvdWqaijMPY2hillloko4ioEm0aIwTYBoSHNmZLh2zXUqMEsgHCWFgRIUWEwKTTIZUoiLRrKVhWisAmFGBJCOwkapGiZcMutQtbQaJaZCQkyUY4FERRKLPV0hkkRykSoWjO1rKEVEKJ7W7W1eiiBFIRJjLTpkhESEUhy5KQ0ilFOm1HiVKKJBGlFLAFkE6gRIAS1xKKIiGpSgg7MaFQiUAhESpRSezJIIeRZVDLKTMjVD790z45SnG6ZUrUqAoZQDbGUhRrnAYjQcsmsBHGilAASFBKqRFdLZJkSi0lpFJCYWyninCUiKJotgEURZI8tcwWEVIAmSmMJTkzQTVK4igF4VCOU8sp06XUTI/jmNOkiK7WWqswoBLYtiWVCAsMlgUIp+20hAUJhN0MTiOFBLZQ13eZmJZOWbUElkRIRoEAQYSEpjZl2kIhnIoQkhinplAthcvszNbsrKWkbYgokgQtW2Y6sVNFQQghZDdbYCSDJYSQsRsAFIWdzZSIhCmzEAhhLguFFCGJoAbNkkoJMFaJyEwnVmIg0w5JVvS1RJFkFFKUiKgiFAKHUBRnphMRRKYdqqohUIlAQWtgE1KE06GQJASslmvsWvtSS9d1Xd9FRCZFIZFOhQsRpUhYCsKW5MSySgljkBTO1jIxIZVSkZVAZGsSIYGwa4laqkoNoItwRCiTbC2iKOS0FBYhUYK0RCCTTmc2BMgiFKUUY6RslogIhUWks40t3UIFSXbLROpq5yRxRMiBRKBkas3pRhpLSqdtKSLCuE1NuJSiCOwxW61F2JktPU1TRJFUSxCSpFBBwiISQqCIUmqJdGI7KSVKLUrbFtH1XajaGSVCIoozIRURJQAJRaQzbCnAJWqUALVMoERIEhhHqJTqzBKRdpLOlEhTIkyAcDZn2IQiBM7JFgrllJhaw5KQCEVINDtbk43kzJAUIQU4kEJd1wM24NZaV2sYFIbMDKnZUkQop+a0gtbSKEKlFBuBEUZRArJNETK0HKEUmSCklNxynAabkGrXSYp0SxtqkQjJEYGEEwVOG0KlyGSmpeK0QhFRSgQgYUuqXWd7mlqmQchIotiZbTIOJBRW2iF1XZ92KGRCIQiVCK+nwQTYdkRECVtqGbWUKM6W2QCnEZkZJSQgSlclAVEjLMsktQQAGYTliAKhABMSxs6IimSHhMixGVBUBTgxhimb7KKw7LQl7GwGghBQhBNLKHAUiWJRgtLVbC6l2CaJkLO1bG1sJF3XIZEgyCTT6UZma1IgGQlCSBEhW0IkhsCE7LQVpdhGQTYssHBrGahli4ja1b72IbWcMjOIWookImoJ0kkrisxMEyE72jSkwQbANhiCGgUJ2yCTGKyIiCghIcBIBiHsDJMhUipRoguskCTZ6Qini0hbkklPjnDaWIbMJiScduaUdoQSyxKSLBWZWgsKBc6cxmYSAEmexlaiKIqKhESRQEgQRcgYGMcpbAcgCTJtqwQ2IUWQNplGKYVBkqIURYlQa00QUU1GCYTw1CZBKYHU2hRRSkRzc7bWchonQ9d1IaIUEa1ZkhEGUES6kVlKFwJjESgzLZRM2SKKJEIkdma6EC1bEKUrSF0JQpJLFIGxEZhMQ7a0XWqI4LIIZaadgE2KWmpE5JTpDCmdbUoCRTgdoVJKKaWUAlFqSDVCUUoEiiIEtKk5qKVKajlJUhBRkICiwBZEUVgJrbWIEhClZmvZsvadk9amCEUp2IAz0wbLbolsRUiOCJVCswGopStRCbBBSKVGjZKZCCxnSzIILouIkMeWtUStZWpZa0SEbUnGUqmlSGEhk3aRZEctshSqXQ/uSihiGidCQjaYEooSIhSWwUStQnYaBQJnpkJtSkJSay2zpXFmEuFMI0I5OVuTaC2b06YEbUrsKAIw2YyEiAgJbJpLV4uUmVYqItO2c2pRouu61tIArhFC2DZCpUpRSy0F2SpR1MktMxsJECaTdEaJKErbLSNUSkWywWBJSIqQVCWTRgalLWEhO91CClGilk/95E+SJCi1hIoFpmVmTs0ZohAEtgGJ2s1KCTkJNTcRCKGWE3ZmprGRNLWGKSWMcdZSpQgMRCnjsJaEUw6S0VNOGREISSUibTtBSqJGy8xszgQpXboiB9lUwjamlE5hQ4kygYRgGqe0S6mZLW2VMGQaO0UgkZRSSrFtqFFB0zRGCYSRhUoUFSehUmqxbIxTKqaJsICESCcQoYgoku0SYWS71Aq2rVCJohKkSymS04nJdLqBbEdYilprKYEAbKfTNgI7nWCEbSxQZtqpEpjMlNymhlxrtLQNlopCBUg7QoBRSE4yLZGJ5Yhws2VbQjWKQZnNGcZ2tqYSEZLcnEYlQsYiMyWV0lkUFQlJKG211kqNEjUCtzQZJZI0BgNd34UkEJJwghyBRVEQZKYC27ZLhN3IBINMygITCAGSQhrbNKwGZDslRYnWMj2lKbUmlm0rMzMTSYqIkGzbSNhJZuY0JZJRCQygCEA405KAEkUGkAyEQpIUtkUqkCEExoK0KKFQGJNGuNBaRgg7s0kqUUopKjGNY5umkFSKUGYihdRaZgOsKF0tUYokVEIkKJkyLZobxrJNFDkhwZQaNTqsBCzCTiPblopFAEJEIIcUCmJqSWKcrU3ZSgnS2Vo6sSw7M0pFatNE5pQNIlu6ZQQg21Gi1hKWUK2FzLRDpXY9ynQ6FQGBsd1ERAk7nZZSKhERoqWdjqo2teYMQgqbyySQNGVrrY1twinCclcCkVNDEREYh0qEZSkCE7JBgmx2iSh9LVEUVXK2VEiEjERE1FqMMy0gShEGWwoAO7EzXUsBJIck1dam1lKZpSikbFbI2DkFkSBDiQi6UiU5yWbkWoqloghK0iIslNiZLdPZbE852SBUQo4Sga0IlSCdNISMbclIWBGSSshC4zhBRihbppuMBRFujiANMijTbllr2BGSTeJMFMgKWQopSimSTGKbUEiQJIQxUolCJiiEIVtLW7YBWeFxSqQISKcDM2WzEzsCJIWCIklFhJxZQoCDCBQlRKhA2pIsFCVsVJV2SJIUUinTlCIikMBumUIRERHNCYDSTigqVtoYAIWwhaIo7cyWCRjRWhNIKIrdjGQjlSpQEEYKYZxOgRGygcxmJJOAsZyS7DR2WpIwRsIAdjoQTpVCCVq2lhTJSRSFlDZIESUkSZRSbMsJck6SshkALCCczTQIY4mIEiEgnU5jYxMKFZSlKJBwGgW162t0DmwkW4GtUESZWpvGkaCoRJGItEOSokRk2umkSUEaOzEqsikqKuAoBWMUIacVUUJRS4QyHRES6RSSMCD1XWcjRUQY2U0mItK4NeSudlEiM8ERUSJK7SDBXd8rlGOb2pjNkjItSZKEVGxjQ1UJORUhyXYpIYWQiiIURbYlqQhQCZvoopROkgQpBWAbO9vYWk7YaVvYBgdQQmmk1tLOQJSQHBGZFkQtUVRUErc2GUoJSQgISQoQaRl3igljl1IRdma6REgYmk1mRExtymy1FLBkKSIiTRSEQG1qmakChKSptUxKKbV0U07DOESUUrpSwokIhSRkIQiB3axAKhal1HS2bCjsDJBKYqFA2RqRRJFkRLOdUmCZhATVItvNrrUURRSVCBtJElEKkpsVwg6IItsOlaColFIgBGnbSBAYSxGhsJK0jSR7cislWnM4LZEZRS3JTMkktciSmy1KKSVK2sLZWsskFGiaMg0WgaC1hlqUEiqI1jJCEWHb2C1Dkc6xTQKLQNM4TjlFVEW0NgGBLIMMiipRPuWTPiEzjbBLAM5MRdQohEil7EyVAkTIzpbNVhChwAgkSgkUhigqpVpubawlwJlpg9xaliiKaJkAokZRSKLUUmvpatdaEmCnjaOUUJGTaRxDYUm2agnRbIeUGIoUJRSKYGp2a4AklZBktylTKLjMpC3JtqGGnGnjbC0dISlARYpQyywonU5bzsyiYoyxcXqaEpw2OKQS4Wxp2dlagpAIldoFOO1MRZRSEKGSraVVJAERAkUpihLFxplOy3aoRBCBKVGEIwJkYyi1SkjK1kRBAlQUyESbRhQSbs0YkAzYBiTSDVso7RAhGQMhpZ2tQWa6tSTkxGBjG+NM4RLRshlKV2jYiTBkToZSQ4ps6XTX1bQlEBEFI8lQogQF2UahNNi2S4QTi2ytJRFVKBMJkBURtdSSzVGiK8UpQ0gKNadb2kgiFBGptFVDUfsiBQLSLZMSJUqxEiukzAwJkJBUalciJDVnqIAERZgoIaRsTVK6GduABBKhUBEICxEKRUzZSkSpRRFStHFsuNbOrUVEURClllpLxR7bUJI0lrpSDWk7M7OVCAQ4oigEAtlWoijY2GCFUIRkG1uZaRAlwoCc2WxbzmSaxtbGUIkaObVpmmoJpGyZThJJESHSSZRSFEVqma01QBEliqKUEDgT5BpdFKdlXKKkXbsKcqaBoEQkgiTUxiYQQVBKVIUTJEOJACkCAomw00mOrRVF1CilhIQwJlEhGxYlAhQqpcgipBKFlk5HCRlEM4EFmVMqaGlnNhsLopScsrVGNkmKsJ2mkZhSIp1jy2zpTIUQJAqF1Uxzc4JUFCYihGUZUCgKpoREWAirTRNECaUNhMJIECVCinCUKpFOIeHmkEU406FodqmlKGxHRMvsameyZQORmZkyIRlJxUQEBQGQEkFRUGqRwgYC0o2QkFFgi5IQgSQUphnsNK4RJpEEUqSbrHTaSAJqBEAaCFFLabiUyNZQCUCEQpKkUGS6RigiAMkYEHa6RImoOBNntlpKCJpFEAJsWwgCSWFQKBQCWYkDk8Z22rYzwZIUIp0mQpJwJsZKp21DyIlFIDCSs6VKpC3AtpAphFERaUUQJSTZhNTVKoVNhBVqbUpSWArhlrbdMkOyQWDlNKWtUEQpJRSy7TREhIhACqEiwHIQipAkAhUFrdk2EEXODGSUrSGX2oWI0tmOEqUUSYDtkKRaSokSIISiGuzEkpR2QYbWUo51G20JKsU4bUFrkxTCCjk9jZOxrUqoBGAbM6UDDJIUkZlItZS0sUstktxADgURpC0H0Zy1VAIRipDdMg0gCcC2pNYmWUiZadOc4Fo6SuAstUiBjYmQIRM7o8gpiWlqdiNKiVAEgCIABW4CRYlAUjrTKclYBrAJY7tEyJqmKZtVSqBQoBAIwLYQoHTati0Ukq0wTmdrNopQKQJELRU0TRMOIDNbphME1jSuS0QpNe1QGEkG28ppjFK6UsdsoZAiAme2dFUhBGo5oWI3KSRKRCgCprSEUxKtpQiFhBOqihS2JUREwSTNiK7rBEZF2Gk7QioRKrQmRWutTSnJJrPZErRMjEMkTqIoM1EIKT1No6RsiXCJANuZxjSbNCGMhTPTwjYuUSIEql2RkIRkoxIyNhYkFgnCMkagGooSQNLccmpZo7iAI1uWEgbkKAWUOZUIEIAUKoooURRyywgZWnNRRJAim0tYoWwJrl0XpUOynePUd9WSkzaNYEVYBkdUBQqBkCOqyBKammuE0zaEMk0mcvm0T/nkUgUgIdIOVEopXamlRBUAcrqEJKZpdNppqiJCQhKKEjVqJK6qjZaTu9JHrW4YRwlRszU7kwQkYVQLtoXSioiIcZpsSi0hgVFIyiRCEQEg1SiKIoBAGVEiaGlaQwKnXYqkEhEKSELhsGyDQhGyAmeoIGVagCgRERFRIiQFaZMhRQkVZWvGyIDBRkKSJIRMKdUCSxIIibAA7GniCoUkGQHgwqyECYOELQWy0jlOQyjAQiKQZCICEhWphBwSUrZWSgVLUkSppSgkJ1JQSkhBYoRQICTjNEYRgkwZSghAIEIlQm1KwqXUtEsphgiVUgOQFXK6OQkiJAIUobRDAkIhZOMkaiBJdktDlGqnRCjciKJxmtrUIopxy8TmsiknN0vuSocwKUmhkFBIlqCUWmKaMuWQkJwZUUopXa0lSilhRVgRECUkk6QyFBEKolQ7aZiUQiESGQWYbCmBJGRZ6cSZNsLUUlu2lhkEkK2FikJSoCjCBiwJhN3V0mwhSW4ep8mJySBUAoyRlJlTpm1bUWSws2UjmyKyWXYpXSnCzkxHCBSgEqF0KlRKjYhQCKexrRI1+uiKVNzSBiGFoISilFApEemUkQQgIckQpXZhO22HSoko1VgEUqm1lqIIYQlb2F1Xo9Y0XVdq6UqJ1iilYKcdJbCnTGEpkDInSxIhiaAUZ4uIWgpRQrRMDIGaFUWBW6tdLbUUkXbL9OSkBUWB0wgggiilRGC11iyAZpeqKFVuUzpUnCnSie2IiKghZXNzZsvWpqhRorbMNjYFUkSoNeOMWrquYrUpoxQjMBCSpFKEXUpkyySLHFQVpwnsIjlAbZoQCkIBICKKpCRtFIaSbk7baZSZdoaiRtjq+yIbhTAokDMzbWdRCJUSIhpNoFKiBLacFNmAnDhco0phKDIqRnaWUhUyFmEsISQp3bCEMjOiGJyJyZZJAjbCIEIFJImQhAxYCuN04rQtlQhJUtgOYVshhCTAdpSopUg4LYEip9ZaUwnj0Wk7bRC2HDahsvYkABmyNUIlZIuwVEw6FQpJSApN40ioqCBAza2GQgVQiMR2lMAyUyld2pIl2UKSQUSEcURBQgopJBskhBQRamloWCCg1krSsHMqEYpQKBRpI0lIkoTltJ0mSgjRsgnSAEK2gRIKCQVYQmBn7buIYogITKlRa7UNICwCjAU2MlKoRETIAjIbYFNCEm1qKQESTiwXq5Gl1CSdTlmSJBAQpcg2FEWtJSKszIakZmgtagG3qdVQqJYip9MpJMKYADDObLYxzRkhLDDOzEyDLAxIgohSsiUm3dJZSkwthVXCxq01u7UsEU5DSlGIdJumdMsIjZnCKlGjlNplTlNrbVxHiUwDEQGyUxGZOU4jihKR2TIzSkzTKAUgkSLtkASEaGkSI0k4bZyZRlFrEXIEaRWZnLIhBKFIG9Qy7TSOCIWwsk1AlNKyIbraK1AobTuzJRG1hlRCcqYBCRukCKejCHtqTTKoTZNARSqB3YxJhCSMbQvb6QAkGSTVEhHCalNLZ1GNWmxna0bNmdOUiRFurRElmlNFEQHIihKhEjX62mGns5QCVkRICqEoUlrJVKKUUpxIsm2nHKVGIZqbMhSBDLYlUCnCETXsyS2nlrgvnQRSaw3ITOEICacJkdBag1CIGmETCkkiM50ZtYQigXSNIhUFpRQpMhsSdrYJUbpKIjsxkwOpRlomu66GJAWRkaTTNgqQ3ZozVAjRsrVpMZ9LgZRO21EqkMYtURhCYQAbOymf+smf4GZCtVbSKBShzMTpzDQQilAgSbJVuxoRtltroIiiQra0sk2JUCIpIgQqIlGodMUtMzNUJQjVUoXTpjltOw0gcJSStiQpsCVKSAgbg5zJlJNsQMiJnYTdIKIQljKdTmdGRIliu5SCAEcpIaQASXLLqFFKh8gpcSKQWk4BRCkRgSgqERBuLUrBhBQRUWSKBEiYKEUqCkUgk0QJC0OJosDOKRNFrWJyighBSoEAg5pdIgBFiSLjNjVEIQhFBG6ZbpmQRhjbJarAzghBSKI5oYSaMoQsjFCasY1IkoRsyxmlQzgzVCCgSZa6CEqpoZBKCQkbS0U2JQRCEVXYaaftFqVIVsjGTiIECknKtKKEadlwgFtOIOyIqFUiSikCOyXhUFCiNrcIkQEO3Gxs43GcwLYzMwiJTDtbjbCFUYE0SEXZEsCe0rVEZiORsC2c4LSkWgKFSlENO0utNq01u9lRu2pwtlAoUEh2OkuJTGxTikBoGkdCEpJshCSB3dzsNk2YrisqEYQCJEAiW0KiKKohNdu2Q2Eh1VLTtNYicApFRIBkohThls3JNDVk25kYO51ON5cqJFqmHEJEhDIzbXCbWtpOl1qCqqJQRAQKpzObKFGjKESkWzrBIUXIdqaF0wlECRTObOMY6kw6M4TBU4q0hQ2JIyJsShRbMqUUm5ajJKmYdGsRQciZERERgMAqJWjNgAwQpQASaVRkG1wUSGnLRqql2E6SVBohKSQTERGKKFEUIdtYoVpLiFr6EGObZGpRrR3QmiX3s1nfdUatZa1FECKxpKgFUxRTThEhSSEi7JRxupTapmY3hWopUSs4othuLZ0pkAAFoSDTmQ2pRMFGYVsiSlhhEygiMlSEIyRAkqJERBjjUERXipClKGrNToxBVZHCJkKW0lMpKiq2ASeW3SyptQlsKySkqJBky1JLicjMokKJCGp0SHKmmezMBjYKSYIISZIiSghLgC1kDFSRgSwEKdGaShgpVIrSzSZKkYrtLqJlOum6KBEQgJXFNGdElBJEcTqilIhsllRqkQwgwiARAZYCWRRFYEIFEWBMRA1lZiYRipCEIEqEAhCkHaXYie1MQSNba4FUyJaZWUuJUhChiBDYIYkaNSKcUkVSKaUrtXZdRJC2jQAkhcIySWvOlhagWmvaw7Aa00VCcjoEBNCmJFJ2mpCmnIIghCUFAkRIkG4q4XTLJimKWnO6uU1EKbWESgk1Z0iqFRylRJQiJzhdJEIyklSKhBwKlVLBKZisoiAgpSJJeMqUQsV2SgoVCyEwaYwTEADGssnWbKfdsrnZdilVUEqxMBkKlSCdLVUipOYkrZBUFFY6ilCJiIiYnE7XUksNyFJCKoAzx3Fo4yQUKonJTKftqKVEYEqUUoqEiRolShgLSSgiWxMqpSeUmbKNW1qEJISMkyRrFBGQslWopaZNo5SS6RJC2MaOKCUKEEKKEoooBKQjwjZgC+fUMlsTKEKopYFSwpITY8npBnYaqSu1KmpXSq1AtrQCHFFCRSjdQGAbsIJQgcQkqhG2Q0qIAha4tYYIKVGzSYxrCTAE4VAAEYKAVISdrWUJyDQKCUm4OSOotRQVR8hkS5Sl1CilFDltXEohwJQokiJUazUGWubUmpsNBUWEkcJF0bCsdBrSjii1dIBEhGwKjlJLlHQ6nSaz2Z6mlJOICKU9tTa2SUDapKQSAco0NqGIsDxmhl0gagkFwtgtiYIdRc4MyaFCkSwpoqDANAArLEfL5myZRFVIIakIo1BRKCif8kmfSCAwTG2SyGxTSyfpdGaEAgElQqE2puRaSmbalBKAmxNrcteVnDJFiWKMhUzIbfKURCk1IpS2sKCZnBpBKdUIZ0RECUnOKZPWRiPJaQJUI4RCIoSiUKKb2iQUtYiSoBBgUGC7SChsh8IYk8aWhAwi06qR41RKONM52aSRSSyBIrNNrcmKWhAKMK1NSFGK0uls2XBaURUSlqFlc6Ztq4SQbQjbIiLU0oRDBewk0xEKRbqFigIsBXZIABHFpNMkCqaWhi76WkNRoiizWZZCESDbdkqROAhQgiBlyUJRqCVQqMg2dkQgYVobhUQYpIgIbC4LQpKxhWCamgi5ZdoYu3ZdCKFMCxEKhBQR4zBma6FQkUBSZkqKUK1FUUKyFUKSEEQUSZLszBJlmsZxmowFtkEK2cKWsC1UhCQUhJPESltkKCKEaS2LlCFnRsQ0pkgUkkotmNZSEcglopRicDZslVJrLRFOGylBIpNSSoSbM7PvZzUCIStJQZhaSjqnaQRLYVxCJboSjqjpRkQApHEbm2WjUNSuoAiidqVGTVEcCmW6qzUB5zSNkiJCAQ2TgCSaBQS4Cbm1NJIA2QiBpQiyOaScbFxrB7axM9tkOyKQcSDstIlQZhpKBNY0tSgI2YoSEcVWoAjZzmbbCtsAoWjTiKjRWc6pdbXUrnNiZ0iSW9q4lCCxEzIT49YsEyEISTYocTOS3FqLEqKUIkkSaZcoAoqMwG5Og2k4otQSSCWQorWpZTotESnLEaHARjJJCaUwwkRE1DK1SaSRpAhIjeNkt1qq3RJojhKCsU2ZGV3PNKXTtqxSaoQspLANUokSIQkkICKC1hK5lmp7zFEKp6sCpFCJiMDpbC41hCFDgSShxNlEAGAgIUKAjE067TQRGEmywCDbmEDpKZtQiTK1JpBUIixsy5RSJOxECpTpUChKFCERFEUoJidyURhnJjJRQqolFCFkW0JSqIQggQZRIlBma1M6ikBhLEiDo5RpmJpdogjIxCqlqkYNRRRITHNOY+u6vkRERAin056mIdMIsCScLd2maWpNETVqVSBjgW2DbddS0wkoIqS0IxQKSEAKUFpRkMLpdJNTCqkYjEpEKUWEhGDKZltGEZaUtjMIS1KUQrgi2w0AZbaWqVChIAEKg0KUUmpfg0i3GlWitfTUIiiKKScLpzOncRhLKSrhdMtJRIRwpo0QmYlwKFQqNliINFJIshxERChkK4pQRIiIEs4EUthWSKGIQNFycmuypzYFJDhtQLZB1KgECINsyyKmqbWpOYhS3JpCgRyCVKhEMYBLqaXWdDOedzOEoNaadoQkYRPCKUk13OhqLVFrVyUhYxwhFZyZDZxJSFGkCFTAbZokoXDL0tVaa5QQKIqFG4AilHYQSIEgRSDbSEXFZClVUEK1lHS21mpXQ4qKLBsHRdGSrhZbgKJIkpRp5IhSS1VgWxG1dKVgp+0oQZAm05GohFAXVYFtgURXCirYU2uhKCWacTahdLMlhdKgWgJJJSLC6UxHBDgUpUQgwzSOSEVRa0SEDEZRnFOmBAokCQlJkiRFREREiVIjIhQK0JRZitwIIYyK1GzbEiDbspPMltnahCIQEUCm3VriCNlERFFk2s5EpQSi1ILJTBGSZRmnUVEtKqVmy5ZpJ6h0RUQU1VKArnahsIyRgiKlMcPU2jRGhNOzWVdKVSkRanaEMh0hp2UUESFJUrHtTINERDEpB8JYESJAzpSUtt2KCjCOo0kRko1KiChFTG2KCIliqRYZKRQOCZDkzKk1EYqIUPn0T/vkCCG5ZaYjKspQLVVOIiIiJElCIhPRWqZbqEQJSdjGwkZdqVaKWkKgdCNEM1GcibJENbaxna1J0bBsCSBQpjEhgSSiRC1FKkJRCshpSxKZBpUSWMjG09TslLBdQpIEFgEtJyJAiigRIaEQykw7Q8qGxNQy7dJ1RZKIEhGVdDozjZCUyJlYbUoJRMscxjEUipBQyDjtbAi6WqOEkDCAUlIpIUESpUsnpCgRErIoCmTsdDotEIpabMB2Wg5FKEqo5YRtOyQLkJAzkxQuUSMcFIdF1BDFsiICA6GMCJHYUpEMtm1CmSllWFNOMpazTeM0RdTEtkOKCKWihi1CtZSIYiGQ1LIpVKJkOkSm3UwoQgiQ7VCUokQAuI3NZGZiIoQMgY2AYnC666pKRASSbMDY6VqrsVszkrAJSaFAkE4hpMjMzIxSZSKEFIFUUEBKYVtg0sk0tdZaZpZaI6qwTLNpmXaEFLIppQs5oigCOSJsCJcoEpOJiJZujX7WKWRbIhQJU0ughmyGccJWCVmlBsY2iYttt6mFUBSbUiJKCVAUiaAYhBogh4pCCoWIKFFK4jRdV0sphkwklVDaU2tRIopKhCRsg5Ci1BqKyMxQGFOQUYlxnDInIylUhFxVonYhywnCmQm2HBEqpYQEnqZmW1KUKimzRaiW2tKQlkIhIkKBJBtaZjaHStcVScgijFtm0krUEmUap9ZSUlEkmWljmxBgqYRKSIkFY5u6vsqYzMkykpCdZDaJoBBOgw1OMhSZmXZmw6o1FEVkTmBFkZDNNA5TTiVCgcEpgxCKbIkJaDgzS+1qLbajSonlUkqtCortZqSQXGuVAkkqijApRWBkKVREKnG62UzZaqmZrZlAItLNItMSBqkURUiKCOFkauM4TkCNiOhKkW0SRaEoEIlpZESJtCIcUoQabq2BSgQKSYhsTYpCTG00TQ4hGURraQjbUkQEBmEy0wjJNqBQQQ7L2AYpQBJhLCQrFAIk24LMtBtERJEiamRL5FAgbIEaWUupEREqEVPiTEOJKKVEFItpmqZxbJNLUGvX1y5tsEIGY4zTpRQAnE4oJWQQAjW3UCgKku0it2aglpItrYgIIUAhhG3soWWVUAlQSAH2ODaworg1jJNGy1RmOk2m7YiSmULpVorSBKQThEGE1LLVLkqpkpyJOkSNEhFFESVCiijgCJlQSJZCOC25pQCDU5g0BEJQFIlJRYQNBDgCSXaKUICELaRmwKalszUnWKXIjhKKUiMkQpIIhRQKRSjURYkokiVQEQStZagAUUSSmZjWGlbfd4BKRBRBKWHAaZSZOC2RBkMUhQJwKCKUdmaGw84SElIJp6epZbZmBwQGbMBRonQlIoKwHBE5TSVCQba0bVwUEUAJZKm1lCNEGoxFSIqCEEqnUFG0zJYpLIRCkgBJRTK2nc1KLImo4ZaZKSkkIYdkbLCxEWmCsIgSFpgoIYIIRQgBCrDshAiQwpk1CkIK1QpkZmutEJaDaNNkO6JmNttRSimlFEmRBjO1qeUYlFKLTSklVEIyUilFKqUYZ1omSiCkwJRQpqPKBsst7QAiQIQjSphwpiQoGBUBbk63li5IJQR2ZtpCUgCotRZWYovMlJUyEFYYAzaScO0KkhNhG0kRtUgI280NyDGTtCWsoPbdNGViHMhCJUSUoohSSokoEopagmKnsa2pjaFSQy0thExKQWY6rYgoEbhNiSJCQBBgW6UUYBxHO0U47ZYUbEdItWBjIgJhVEuNEGEn5dM+9ZNkC6lELZVMKKUGVtdFAukpE4lsaUNiSZKilBB2opAQYhhHAciCtCLcWtSQlG0CSoQEws5Mt8xSIkpRhIRFtiy1WBFFJUIqlsB2KnNqbRiGCEUpkJJsCAsFshUhUISQWiaiK12mCSndWgqQ04mdzgil1dVaKioBLqWEaE7ASdKEIoIgIgCcNlNrws0uirQlQiEJkCRJkozliA4grQgpMlMWshOkdAoUxXaEEoRNutmykKSiyEzb6RaWARMRCgvcMltThEVEKRF2NjKiRAlEJpaDAIwkSYGxUGicxpaOgsEtJUUJEJkojBBE2IlBIiWylKIgm0OKWpwmJEUYA04kZ9oWEsXOxEVSKQGWnJmNtCUShWSJKQGDFNBsbJxpwjlFKW0cS41QTFOLEkIIZAwqpVAUaRKnnS3TrqoRkSYkm4hIp00JKbCdtu0gIiSFswUoApja6JSUUgSFcNrOxM3OEqWUCiiEjBVFQLZ0NnCmsRUhlM7MxA4E2E4nVmujoNQqEUil1BIoQqWUYlFUFLZRkgAOiXBEhGST4RIVG4woIQwCmDKdGRHGObmUUAgBcjYBCknZHEJRFGEspBIRCglTSoQinXaSNKcksFCJImErILGdTiHSdjqdALJFZiY0J0RERAnSAoUIWZqmoZFVJTMJgZEUETWCIgmplBqBVJozCIGkaWwGIVWVKIpomQjSUkgxNSPbzsSZNl1XFQWlmyMKVchYAEEoVCLtIgATOINI2YmEIFA6s2XtaiMzDVZgq/Z9URGpKFgKLDItRchJSlFKSGE7c5rG1twUYaetdLbWhIVRuLk5bduTUGtNUYxLVEmhcKBMJ1FKYllgMECJEIlLSFEkAZlNEkIocYhaqyKm1hQOwqQUBowTZFRLUVFBLhIqCGeSjqpSqzMlQIiIQlBK2LIsQwSAEtuSFCWEbWjZDEIBTpAkWWqZLdNWFJUIjJ2llFBRCdDYJkklSmYqQhEhKRRhEDIqhLFsp91alggipnGabJOAwBC1SnZzOkuUrqu2VUqEMImzpZ1hpS1Ro1gimy1AdnMaNzchCYENkFCkiBAQESUwJgVtmoC0hUtEQhsHlRowjZORQkCpAhkDghAlKsWSQKUUybaFDMaSsMY2kTm1tG0QERGKgmRSJoqAiEDGzkwIFSntzEwr5LQzI0JSI22XqA7hRJHOxGCF7JYWtgXglnZGlTORnLadOJ1AKRElkBWldp1kY4WMCQHGEoGQDGQKZQqotaBwGhwljDMTJLmUQIHTMnYgp5OUBDRjMtOGEpEgKFFUVEqA2mSQhA2BBKKWIiktyyGFakQ4cWZmk4oihIyzNUjD1FDIqVKLIFQIB3KSWI6xDW7NCoVatoiQlHZmktRa7RzG0el0llIBuyGViMTZmgQEIqISZFpgKaJYZCYYwIw5lqilK4GIQMYGYaNwOBTIbkZgSg0pkCJAMq6FZmwUAGQDgki5RAAgCadRlFCUaC1ximwtFZSotdZQNCwlEpLtlhMowEUktm1FCGOjIgEhUkCEo0S6GddajDJdogg7JBxFBBEhhCRFCUlSEShKmBBEBIqW2aYxnVi1VmHbJuUSweTmdImQikJGbkatJbZDgXPKFIBpLTGyiCgqEbUUHHZObQoRJUC2nZl2iHGcwLV2mEzLSJJAqrWmZVCiKDVCITdHkRACSQqwTdSqCFC2KQ12y9Yy+65HQpKKLbCap2xFRaG0jQLAmem09nbPFUXLZrKoABERJdbjJAwqpbRxQirFdmQa21JE1FJaa3aWEgJL0zgpSq1hWyhbKgIyQc1RSmtpGs217xOAIoOmNoUKsltGqaWLbG6tyajI6ZYpSSE1G5pTIeyisIIgpyZkGct2rSVCBhLbCmzAU2tpR6ioimxpBIAkIkI4naSSdIlKQUmzbVeJEpmtTalQKTWQRMscxxFUSggiqsNOyzhcCNuUUHNinC3tNCJCUqgorCbcWhCKaDmJwFaRwGlCbmksBSFsUhTTbEFC4JYWJYpbqouqMrYJgkyr4SilQrZm0rUrCtm0TJpROuREoaLS2giqtWbLRgvCKNtUSgkp0wQyza6KlCRINzcRJTRNTShqpBMkLFGiiyDTmWmpEM1N2CBkTERrLTMLgRxRAKyWresrtlPpSaXQMm2HZIckZJx2LaVNzYZAkIjm0gWJnYqiwEm6hcJpREhSSdItowoHAZk2Tttph4IInI6IhHRKKiIzQkLZ7EBRStqyM5MSHiYHJQLJVoiQxtYUDooUmSkwYIPd0iFwqd3UmtJRAmOyRMmEMGkkwEmEEUgkLY0sAEJhSWCUrUWJiACmYbCQQlJXS6anNhYVopBNpbRpJErgBgG2ZcbWaglFtClLCJTY6SghSQDhnBoZKtmaAidRSg1ZasM0Zau1k0haEIBRjUhbEuBMIzsFSXUONUritCWVUsI0JSYUttMNiKjGbk3ElK0oVAI5J0tgI6Ud0DIjasiIKAUbM7WGrVraNCnV9Z1p09gUJYpAEcGUDhChkjm1tGyVkNRsT63rOgNuUEIyztYskRlRAAVpso12qIp0jZLpqbVSQsgySCDJ4HSbJkwpcilVMU6TyVqrLOOW7mtJm7QD0qjUGtna1FqEjIQiIlDLCZNytgzJGEWEbJNyuKBMq+AkJEWgaG3CBgJUJBUnpjmtCLCNBUnYGUIuKi3TmQKECEAlZIyRsFtLYaRQgMc22YRdul6meSql2EgRIaQ2TpLSmbZwlKoIbLdJ1OZWQylP4ySkCCkAiRBOVCIzFRKyjXBLG6k4p4SuFjstcZkTBaIArbUISUi0lq21TJeIiKJCTq3Ummk5LZUIIwkDNgo8ZdJalohSi51uVglFsVtrzc0q1OjGNkmEglBOLRPJYFCJ0sgaRdI0NWcqKKWTlE7n1CZqF0LGoZKQbbLpakWAQ5paZmYIRQXAtm2EVasM5GTLCKIEyK1NmQGJlZSuSqQBShEGK217miYyp1prOg0hyTKAJUGEiFLs5qaoDOspimoUh0PhyVRlNltKVBBMadtCKIuiNcY2hKnzvkYdhiECSdkyASRUoigyHSKlyExQqcpmgUVODUWttWWToiCDoo3NFdZTK0WKID0MUwn18z4U0zQ5bSmIEJZtictCEs5srUWotURRSpnaJLtEkaLlhEkTEQpjFRXI1TBFpahktkxKF4XSMiOIKLaFTKZTxIQ1TaXUZjIb2UrtIpBKS0vIRDAZZwsFttOl64RtNaYiOSUpsYQiaE7cWgspikjSKCgRCaRNykpbxoGQQkEYt6kRSJKFQgEyjXRGKcgymMkpgwEkKQjVKadpmmT3s962LdNCBamghsk0bs1dVxVKU8WUbtNUFQ3bSCjUJmdOoYgoKmDSLlIpJd1ycspBKFy6bhomJ4RCGJzNFlhWkoQLBUAIDK1liUAhGSmnFrU6LWyICKdB0NJEKa01UJBEkQlFy7HZJQohmm2nKGBnlJJ2QJRq0plpFQloWGmpNk9tGkvpMjMASSWqoqWjkGlkORRgbAQWBmcTROkkZ1oS9jSNIggkoEDKMi6lGAcqn/pJnwAqXSlRIiLtzDTRlSgRoSphZ6goSoTsFOpKqTUkyRjStpFQFEFz4hTR2uRMqYSEbFBIIcsYKUSmwUkpXSkWDjI9TU0Yo1BaU5tKqaWEPWWKcGtZS1dqgA2yASkAgURmGhVJAZJNZk6NWqKgiAAUERKJomAXqZRiW7IIEzix0ggrZMBEBDI4m20QkDiQI0IKBdhOK0JORZUExtmmCUVmNqchFCGJmJzKDKFQSICwkQSALMkSLYkg3cZpalNECFRKhGoUS85UhEUQCTXUpmanQBFpkynL4RAmFLZRYAiihNxsWXaJIilbS1NqKZKdLVumsaVAwpRaZMAtW8uMkEoIR0glAjktIUUokOzEsts0NQtQa81AJkRXakgRkXZmZmbUEiIzkYSNZFQiFCE5QURETpnZbEDGgtr3RYFw8zRNpXYhQlEkJAmVIgljOaeGmKaWbRQCZUsCSaoqigAr7BQEJQI7wq25KUISuGXLbM6MGtitpUJd6aQAIwqkJCRJWAIyQlYYAIuudl0JEbXWKNHckJJWauRo5JDsVBEUoTShQICmqTUbKKUKO60SBYOcKRUJQZQQzsxxmiKKBFK2BnI2Q0hgqSBCMsq0hCOiRImICGS3JEK4tcRIYahRVELYgGmZzjTGVoQIOwVpYQPImTRPoYiInKZSKnJi5EimaZja0JprKYpwa1KEQmIapswESpSIgJQliAjLKKKUzAwJO010QTqnacJdqaUERK2hInBzZMuuKzItUxhsQmAFdoBCbnbLAEXUomxpA04bnOlQUZEz04mkiBo1s2EEKlFKlCJZzZNQKbVEOFMopCYgsSIMcra0MQoJSZIsRXOThImQhU2EjMIqXclM22ObbKsE9jQmQYlSImycLSSbJDPdcsQhuU3NTkVERJQAbGdrNoQUMhAhGyUKMkVBcjaQQkIJdrqlbUkSgEkpCGNFrU53tZZSCRotKIDBrVkBKZGiTRkYRS0VDJnNSQYQ0ZpDqqVEBEhSKWFkGri11qYpBZZxTk0hFQROK0JOJxFFWEgRmTZJJrKMpSiBndlKKRGAVWqEcsqGsUuUzMSJKRHGthAhpa0AKz1FKSUCA4oSJSJNSNM4mSYihGW3rLWLEukmIkQgY0lulixFiCgF5EQlikoUIaKUiMCElOnMZhFSokCJEdPUIiRZUgB2JkVIwoABhaoi7WnMCEVEVwp4mhKAEmQpXQlRjBUqNaRSwNGVSqgohCSFndiJiRCKxJ5SiCIbpw0EoUIoSsginXYoIqjRRV8FJBFlyiYVRelqwZluKBQR2AKjQCGhbM6WltJWUSiclrCbAzenUcgtRRSVUKldUYRbOp2CdCDIZjstKQq2nMa0lgaIiKLiWoqQjIqEnJk4SqEoENh2y6Zwjaogm6UIO41JKSxPbbKtEiVqKEoEKEIlorWmEqUUp9NEWChKgIHM5rQiDMKEjEGZpBBIrTXhTInMAEm1dC0nSbXEOE0hZSZJS+wstQokECEZjJxtagmUUiLAYXvy5MwckwBbCoQcJtM2lhxSFFBJW5DNtXZ21ggLZxrbVolQ2J6GcWxjSFgphvUosnZdRNRaWpsyE7koUAQQkZnYgBGgKAWN04StREVFYYyoJRQlyXAoIkIoIgJpmsYoJUSmTWLAdioE2M0IZwoyEwIkbEIRIQUQEsahkJ1pgUqptQPXKEiWlUqbJgSSJdkhFCGIUMgJUYpbtmySBWlnU9JqlJaJ0i4y2MgGwNg2SSKFEgJWw5RkjZJhTDqzkXL5tE/5xKiFVEREka3MVgo2JsAiVWoJIWc6W6YbIRHNOYyjcVdqSHYigEAyaSJARRHYIihg3ByltGkKQYls2aYspaAYhnUpRZgQppRwiEyR2ETBGJtmVEspESQKprG1NkUpiJBKCYQIhEJuOJtFCUWpbRqRJGGQQmC3qakobTcrJMAGoghZRGbiVEiCxjQ1i2FcTWNTFLtJqrUEbi0JScKWwplGJAqmluCwpJApNQyZSYpAKohsaSyUJAZITIt0gjNtZ+27EgUopSBsbCsdJSwCAKGISKdKKVEUctpSKQJZAE5na60ldimViJBFGCSkUBEE2aKUUmspNaRSqyKcTRjUmhXgjKgREQqBFDa2S61FMU7TNI6ttam1zMQuUSQJ0tmViqgRiUqVFER0JUAShpYNE0hRjEFBQkRIASpRQqFxTADSRImQkCRFqbWELARpMM3ObMYGQSYBtauhANsZtSokApOZSQpbZDYQIFy6DhGWamSzUAkBzpRK1wWKNk3gbAluadJAGkNRGAmVEtiUqApQwwKRVmAhBYooDgI5qBEm0wgHAkdEFGFqRCkFGZyZEcWSWxqiIApCqLWWaanWkEERtiVJRTbGCGcoQhERQAgjbCHIYT0qVCMUws5skoRKBCKb25SQkiKilAACRQgJCQOJJFDIzRg7bakQqEQJlVIjQhC11hLFOLOFSqYzEwgpSiCBEyHJCkngbFgRigiCEkUK0s2EZQRCYAU4bWOmTJdSkGS3tN1sZIMTZ2tTNgWKEpLTmCjCsgm7SUXCWSRFBAjZ2VqTVKKOw+jMULUcUcIFGbJlgg2CUEREOi2HwrYihJuzRDHgjFBRUWhszS0VBRGWqjLbuB7sJkUtVREgiRJVNpJThGut6TZNGUFf+xCIYT2M09jVzpBphbAnp6dmJyYiMAikorCkcBibwGkUKlGihDFg25YiJHC6GSFLIbdmIUGDUgIbokTYLS0iQFJESIFxOrMRUSUXyRYQwjbCDskmm9POtO1SayAAS4WICul0SpLHnKSIEpJthBBIIWEs7CStiK5UiamlkwAgyYgoUTJToXSbMsG2sCUJSQ6UOWW6RrGVzogioQgZY6dRlAhQ1CKFZKNauggMU2uChMQRkbYkAKMg0wROchoVIm23lg0rneDadSEhnOAmCeGkRFi2EUhYaq1NY4uIKMUosyFHFEnpnKZJkhTYCRbGJLXUKGESSYQkQCFSBJiQKKEQdijsbNhgIwAisAEjZAEIUGLAmRGltam1Bo6IbFlEdFVRVIpsG9uSQhjllM0GR6kRAhepZZvaFKLUguXMUJSICCglhIUIQqSdmU4pUgoJZFxKjVDLFKQTXCIElt0sFBLYKTsdqgqc4IiQENFAKqVEOgUhpaUICUQAlnBQFBiDoxSQQIoSAQYJZSY2AgKwJblGiRLZWpooCoQIJDlUFCCppQGkEraBCBHhdEgREV0RjhIAVikxNbdsdiJsQqAwObVRFiIsKRBBCDITrIgoJWQEUlGRSkiYtBN3XWC1bJlpg11KiZDB9jRNrU2ldA61NgGlq6HIBCy5TTgThbMpJDNOiSQFbtmaJWeWUm1HBRuTUkhEITMTkyBLCLuRrv1MUmZrzYCi4gzJ4EQUlEYC21NrpQhLRbYVpTnT2VrWKCohBdgGOUppmdnSIojEIo0ym4IIBUocIiIsRRSF7KaIUoooKkGo2FFrZstMgSSEcSkRKiYVxVZmQymilkKRs5VSbDIT1FoCIcqnfeqnRoQxmIDm0pWgTFNLpwIpAk3ZwpKV2TLJqRk7M02pIcnWOE4BEcWIohKK0pUAO7FBNgokjEo0II2IGgHDsDYESBERlk3SiCiSppYhpBJBSxdFYlCUSBuQFFFLBM7WUorMdBKlCJoTUyKM0yChALCR0mBCBlkWsh1dRCmZlqLlJCtKETG1qUSUrgpJIUUUiSghW9kaRcIYC0mZObWxtVGqpSiilK4rXUEUAlRKiSrM1KYSBSwpIiQyQYQiZYEkoHaloGaTOY7N2aKrbkZCwkSECNOMSu2KpIIhIgIZITttpy0CO0spQiohySHSZCIgQrTWEJkNqKWA3JyQmbZLEBGhKqXtKZsIwi0nqRKiGKNQSDZFUWpFKrUYRQmhqbVmlxAuZLNkHBI4FCFhUpIzSgi3RCBAIlM1lIpARUFEVUg2gAokCBIEYmqTnZkJKCKsFlkipEAChCSB7LQzIRQqJaRpSgKBBUi2LRBkRFVonKZpGgNKCSWZFooSEUIRRYEiijGQ2TKztRQKCYXlbJmm0TwlqBRRNAxjV0JRREiYkBKMcmouRcZOp4UzE6GxjQhDZtYSUqTTmZKiFBVhkEoJEuMiEYoohtZaRAjSrYRspxGOiJaZrdVSFJGZgHGUUksVQjbOBmSpJaKUWokIKe20EbIkhQpgJ1bLqXZVEaUUy6UUA3ZCEKqlhJpTBhtEIIEkScLIdo0CtJxQGGxnZmZKwgZyMiVqLWnTMnGEhKaWaZcSoSilpLNECRWFSNs2zpalhFRChGqJaGk5iZADJeBQpByOCElApgFnFtUkRdgutUSotYnAmVgpZWtumZklotSqCAVOS5GZCKGqasktm1MKLEJtGqWoXZWxm6FNTQpFkVAo5CAUESFJKCScnrIh9bVCEuF0KJo9TZOkGjUzLUoUGcuSsk2SIhQK52QUITuNIiQRhIpEpLOUKCVEICSkUMhpSbYRwzBIilKlyDYpIhRFxTidEYpSACOgtQZu6aKIWjKNHFFtu1mSajhJt1KKcJTouj5qkWUnAiDAUpQIS0USkC2dVti2bHAoEAYybSRZON2ydV1Xu2oFaYUAQ6lhRwiHIgSUEFKp1ZIsRUQphCSMMpOWzYlTAYKEkHAQkDZR5HRibBNtaiVUSieQlXIoWiZ2BBEaW1MJY1mWJBTIso0CW5iIKCGFbUOJCm7TOJkQIYUUyHaESomIUkrBTk82JiUZt6m1aUhTa0FyywZFRESmAUvCIOyGcxoVJVTQJKnWTlIYiUxP41QinJm4hBIJZyMzI6RSkJ20aUqylipFWrKNhYGQhCyHigGwM51uaVxLVUhECIqYbKwIhRqOKAq3pIQym5MoRSGkCEkEtpSZyJmARSBqrQFTyyhFMgrbiaNIQkgREtlsWYSKutrJTrtIWESJkEIhSaFQSBBg20YhG5HZsIRNhFAowCIkOdOAQSFBay0khWRh7ETYOBwKkigqXS0lEEoTJSKEWmu2JUgEoShRJSAikEXYRqb0XSBJQSRGoEBECSGVcKiWUMg5YUUpEQXl1DKdKlFKcTozMzOBRAXbDWQy086+76PWzEbaZFGUCGUqJCmopaggy5JMkaglSEsEkYTdJCFFSFEECkI402kJRdTaSWSCHC5ItRRnc0uC0lVhJ9gQClECVGU7IhSKolAhk5Ak2ZbBKGgNlCA7W5pMY9s0G0RCUUiBUiRJChFkSyw7gZyylEBhNyGnkUJ2OgjAIo3dbCKitVZKRERODQVYIlRqLVh2Q7WGopYoSlM+5VM+kSnHnEimcVIoSgFaJukuqiJyauM42CpRIiJE6aOUritFVeEApmkstUoBTmebMu2qcC04nUi0NCYk3Lpa29TGcVK4K11zGrpSFdFwNmdrmZmZAAoUXdeDDdVySAK7IZnMhm3slJ0YpDZNCoEEEUWiNduWkEJQS7HtNJndrFctJQJkExEYNxchISJqiGhtymwREYpSau0rylCUGi2VNIUyyUyHwc2ZmWmmcZr1XUQBShHgtCJCAUqyTelmhUORLbOlZUWUro+ktQYOojmrigVWyFGKg0gnJm2aLEAhKYyFEzvJbM5Mk21UlFqKFECppZSqkEI4FZDYbk4pnI4gSknbUxuniYiQHAiXWm2nW0tqAWLKFCiKJCQphQThqJ1CNcJRCjidmQ0T0nqcJCGEWhtbpm2nESBFSDS7EMa2p7GVCKC1FCiKDJKKIqKUwGFSCpvMqeESFdktS4miSJOttdaKim0hWenEjqgAFmlCJUpIkiRlooiuVrAtbBSEnVn7vkhOwhE1IjqQRaklna21UotMS7ulZCkymySTbqnAKXKy1VojG8hgOVtrk9PNVkQ0u7VmNxwYERHFjnSmqSUM2MhYSCWEsBFCttNSUQiFyHRmSiAMtkNBqCginFZmay1tpVOJSthuLRfzuVA63dISEpJsmySLSoo2tVo7pDDjOE7ZsCOULVVKFKeJCIwUtSuhEEzTNAxDUSArAqUzQ0USIgFEKCSl0w0Iy0oU6QwLXKJCNlMUkqQYp2lqY6gIbKuEpDQtm1ApIWxTSpBCtGySGgkKQChCoVq7KGBsW5KQQHLLkBRgubVpymwtJAARtWYaWyWihC1jKYQoKoARoVDpqtNTNlnYQK1FUTAp09JQoki2sQiDQVYobVpGLbVUCZCdTpLMdAlZkhMZiaRGqbWOLQGMglJriKg1hE1IpRaEbUWJEuAEQyhkRShbKokIS1GKUEsjl6gRBZkITAinHRZKu4RCkUZIShTYEZGeJIEEjXS6CGdGRJRai5Bs2w4kFKHECmRaNgDCuBCZLSIQzsSFCBkVIjAiKKUo5DRACGERCEAKBQkSgQw4okQtIKaWWDjTEQpJAIoITNpCEqASJbDlTGNnyyRliGiZAaGwjWnZwkEtIaTIqU3TpIhaSsihUmoJKW0LIZSkSymgKMXOkCKKJEhRJE2tgTKb0ykEpFo2t1ZrTblNzaJTaTbpiCCiTVNrqRqQtlGEpCgikgyilFBEV3sFglQWAmGDjSBba5mZdoKwQVGEBIqQFFJIsiQRCkVIssEGIlT7GpYUQlFUpK7rFCUCMLabx2mywS6lSCGnQVLKRWFJqJQApS3hlpMTFAg7W8vMbA5QBMZuEQGSLBWIaRqzTaX0ISTZtrOWolCmgRKKKFPLzDQYybaktCQV4UCWERjSmUahQIQk2ZYC4XREZGama4QiGqRTppQCjiglYmxNUglJRco2tiQx6ZSi67uQJE1OcEQgTZNxGkslW7bWQpG27bCiRGspCUIiM5GlSNtKHCqAStRSw2lkqZRSnBYKCSIkwM4IGUhnywZFZZqmlkiUUjAR5OQUdgZERERRSAbJzqJQlACFIqKU4jTYilorQpJC0XdBlNoFiUIRUWjp5hZWBIqYphYRBVrL5mYndqZbEqEoNYLMtFxqxW6JRNSuRsiyrRAIEahIEhAqOBGOCEUYgTFSSCginTVCKpIohKPUKKUoFKoJEqWEFCFFSIAxGKcxiRVCkgg7JWUmyM5MRykKrBBIKqVgG6uUWiKzIZVahMZpmtoYUQBDhCSVKGQKyqd/0idPtL52tRTcMrGd2bAicECmwyJKjYiQhCRFSIRI0pNNLV1IKiHAAkImItMykmxHCWFFUdCaUdbaFdSydVFLKVJktpya5Vpq7SpFk5OculpzmsZszmZwuiVRIgyBCJXAEGS6qESNUirYU6qo1EI6p5GUbVpKam6Z7mY1FAlOm3SmnZnZWgMaxiYcUUMEgWwxDON6WAvjMHaCVEtEFNt2IkQJmHLqVSWZRGWaBinATtuyyGyZlKpSKw6TgghhbBcphdNRCtB1ncJCuEWUqBFSZpYIFRVKZpMQSmdRZDbjzEQWQYCQkQiVxLUUEYYAVGRJFoRKBBFCBWVEEW7OnFotpZbSMmUhtckKm8BEKGoEZEsj0hEFYZx2EZayZUhIbjRb0DL7rpYoFk4jSkSNErWGjSKoKFtzZo7jkKLvewukUsIwjpOCkLAlZUss21a25gCHsk1RqzNTuLnhrtaQjGUoCkJFwkCCwoFUSks705BTAxMRUhQJWqZsooQI0RIV19oh260QIdlZS1WQLacca+0kEChFlBJRS1WhhvDUmkKl1lKKUAm1tLPNZnOMPU1TC0gDmZmlFEl2a1NmtpCAUqQoEeqiWJCZmQrZSLIR4DSBXWqEipLWxtayRERElLAAsCTVElWxbpNQSEGUWto0OV26GiVkbNvYtulKLbUIQrKdboYARZQoSCWUKZyS7Oy6TmIaG6AaMkZIxpludmsNOxRIpUSREhBSkU2RXIRyakiSpRDYRtRSAUIRJacWRbaL3aZ0upQSIUOmjTG1K0h2ChSlhIhQSBFYQCbpJhVB5mgTJSJKCFsCEFAkFSkUSFKAsUQmiL6UbM1OkLGdKlEijFtrtgmVUmxLhATOltgqASRgAiQiwqTBaSkiZAikIAgj2bJSdgPI1iSViFAhogRyREFgKKX2XZeyJIFJBUEFk0qnM0uEkJFCIRDGaePEUhBEc8tMKSKcTmciCUGUUgCHag2JTAmjtMlEGNTa1MYkiFJkKUpmtmxRIlQkGTIbUglJalBDUWq2qQRICNtuTZJssKRC2BJEKbINkzOEM6OUolAESBEhpZsksBy1dqVEa0nasixFRCii4gSMM5sIyYDADrc2ZmJoaTeMMBIOoRLRbONSCjhAUibCVkSolIrdWiqQwiKbq0Ih2xiKSonWmlSESdt22gIIRSklSpWMsV2CiFJKITRNU8s2q5USxTKkHUIKREGSQAjSmFIkpCKF5MAJypbYRATYIIOMnZYwRJRSejLTLaKE3TKdTRgCWaWWqCGBjLNlFKnIkKQUOG2ogeU2GYUKoEKRMIogkEhDZpToVBQKFCJKxSZbswW1lBoBEJIlCRJFSBGBomUzCJAkJxSFikotCqUtEVEikIwEICmEKKVWKa1SC7YUkgI5W0uIwEbKqQFRijMV4UyTOaVBNaRAQhFICVBrdVpQwqBAblaEnRE1nRFRoyJqVxWRnpyqJdqUtZZQIGwiwoCzORVhkI1Cdim11qogW4tSsIZhyNZKKbIVxZmJMW1KEODMiFICG+eEils6s3SRYzOUGjKJcWKXEhbO5pRCZMrCEBjcGomkiFCpchoFiJC0HkZJtSs0IQGZmZmSnM04p2w0GpAiopRaawhJIU1TswiF06q1BBIRErKdmZlpW6aWqsC2gkyDQyVCOGUs2yCcmAQ3CEVAZtpCLVQkOV1KyDQ1GlFLqLRMmqMUFUiUWMbOZqQI5FBEFIkwCViUUmxQosCWAoBsbbLNZRFhQETIzXaCmy0r3SSFqqVAdsM0nGlJ5VM+6RPSLSJERChBIRGqCGxs29RSQkWBZVkGWSCTMlKJsOVAU7MgSkSEk3EaMOBxnLCiFIUTtXEiRKplZqIiwdhGLIUUEmo4rK52EcV4yqxRSimKIglJoKJQlFJCKCIQtgObwC1tSSikTA/DWGrIKl1B5JjGdlqCFBiXKCWKiRIkyC6lOkJ2oinHElFKyakBERGlRFEhHHbmuB7TU62dmwmDDbWf9bMZMrawFK1lGpWQE1SKIqqEcFqEIkIKTBrLYFRKFQJJkhSElEZqrSFKiShVJVCAmwmRSRunUopTdoPoSnGotXFqzZmttXSCwWGZhFCEZCQisImCVIqKIqWqmBJjQrRGuKiEQiEVycFlSkoNIdCUUyCD7ZAiSi1SSIEotYuIMAlRiopCtQLOKbOlLWUtnYxCtSs1OjvdiJCTaZzSLrWGmNLOZoOQFBEhFFXYBlIKp2uJ2tdSahQVxdTa1FpXqyIUsi0pQgluKds4UK1FJWqEpJbk1BSqUVCbpsQkaQcYLElF4zRJUpFcJASWuqiERNgpKKpGzilEpkUgGUuKiAhhVMIYu6iWWkqIJLGiBEosUESSiigKQojMSQQGrCilBGBnhKRwZpQwUpBOWVHDkhuZbRwnmShIAaioRqm1GJWi9TAgCKRADgVGhIRCthQinSAECpHGmRaSyIxiqTRbUEtkw7YhFDYKubXWkFRUlNlaRhDIEliWwKQt7FpLSEQAaQsiopRw2k4pQlFriRqZEopSSxFSqChiapNTtRQBNpAtIUooQooIRWJnumW6GdUIpxtERCiUWCrGKCIkSyLklk4DyBEVgVMRKsWkokiSiVIUyqRNTVFqlBIS0fVdCaUzGypRVCgOokRRsRQghBQ0qxRhTGuTDbZCEcVGMkQJWWFbIVCzEwOSbAyyCKcJBdlwSVwoUZROO6OolhoqISKE3QBbCkzglJBsKyRhDPbUbEUUy8pM2W1CqhGKyDS2iVIiQolCAUQJpJBNKGgtbYpKgEUobIwLoQgZE7QsJaRoLaXidLpZCoUkUMpklihMTjenJTlNlFpCCguB24Sxo9SQ1NwCEmUbhWst4zRJSAJBAHa2pBRlM4GIRsuWUihCooRKdHYa7EnCieQSIdSXvknGCqPITIWwWxpboYgQYWfSArW000KITAfF4DSgKJmWrVA6gaCEKKWgQCGRbQohiqFESblIRgrZRJBJc5JJZmJkm1JCKE2EMrNl2qkSUSSHaeFIWyqzvkoBKiUISUaSIkq0bEI2YCdht2yKsHOcWqgQkDYAmdlaU+A0rVlya4SihNKldl3fEQFImlqTCEgTpZi0QZqGqdQOjAWKUgWtpW0VFQWgkBQKFBKOUnBiohQQEsppbNi1BAiHuEy0dJGKlEkEsiwym2xC4JYWkZkJgZIs0eHMtGShzAQwlpVItGw2KoQCMG1KZ7rZrWU6M5tNKaWUCIhSEW5GONPpWiKR04BCRaCCU1IhIsJTItdSJmczmMAWNUrUEqWEhJSkIoRAJWopAUaScE4tnc0tm4GW3azHgOwMikVOLoooBWhj2hCUUghK1yHAmLQT1Vq6Wm0P4yTSECEbpxUKaGQoIgII2UmqTVOWotaUtEJEhEWmm1FgE0W1VtvYNcKi1go2zilbSwFBy1ZKSdvObAZINxpJRFgSAgnsTMjMWoqQMxMibBMlkLAJpqkVyxLhNo6tpQotW04uwiKbnc0l2tiMSikR2ApSESgU0bK5ZTbbGYqUwSFl2mBnm5qdUaOWjmxpGwUC7IxSatRsU5GQckrLkAJJ5VM/9RMDpZ3NKZcotZRSYhrTmbWWiNqylVJDSjOOI1hIJSRjqYQCG4NBUra0iCiSMYa0ptZqKbXrWiakpCjhbHZ2XScisaBNrZQiMU1Ty0ZmKaVGtGykS0QzZCOiFBmcxqSzpW0LR6khFQsp7ZCjFNLJRGjWd5JKqXZGRKiAIEWUolAAhMJSCXCUYiiS08M0FkmKYWz9rK9dzWx2QkQNTzmMw3o9zeezWrvEmbhlLZ1MCbUp08LYrlUQarZMOCcDwjYRchqlolAUhKRSIoqcliKnZhOS0xnYaWeNIoRBThuDbRtQSKKUghQi05kphS2EAMnGkNmQErc2kVapzpZp3DASROlqBaWzRKSTIFRQIGMSy0jYRIgiN4+tFQucKCIURtiSZFNCIISgZdoJEkjgVmqHnWmklCXVUggysZukbFaJrpYSxQApFCERmUkiRSkVG9wylVKEDYlAliJERFUobNtGqAhDc2stIpBRKSXSdjK1lq0ZRSkRcpKZApBEpoFQcVqSSmDGYZycVaWooszEShs7bdJTphGKALClUCgzJUUUSHBEiRJRhEWoRkGoRESJkESgGjWF7UBpSoRKSCEEKamWYuTMMZtCmUlmSCoFhVDLTCyksIkIAaBmI0lkugSWpCJsK6fJkkUpNUItm3G2DClE2iFFCIgooWgtFVXYzREitZ6GWqvdMokoklGJUIkCCtUoBWNkO1tLZ3MKFCKlIjApFAFICqWdmWnbma01XEsXkqQgUyWciaNIVikqEYa0p3FClBrORFEUiAAcpRZbEmnSrUR0tSbgZmPAgIVUZCTJECWQSZBBGGfaWaNmNmyQpZBQwU5btuUIxrGt1mPUqCrGpERYSEGSmURgJBeFIixLsh0Kh0JgWnOUiAhnSqVNY0RRWE4lY5sUkWkFJUpmA6tUyEwLKeyWpSs1IiSEsRSmOQ22iVICSWEoyNgIW1LiQMiFsAhCIqI4RDoUUYQEdqqEEIqIUmQSRJBNUpSIWiWmnDCEChJK28KZCZkZOEqRZBlLEKVAjtNUQ0gqkTZIYVkEAhM2Em4tm9MZUYxtO7NlK7VYkHJKgIwwtjPkIAiELAsUpaAka62IIFCxjECSiNKRTUVSpGRcFZOnIBQhCJXWWikRUQg5LTltRVEpQDojQqU4jTKEQwGIbJMIYGpjXzuKgBA5tcx0GhEqXV8jqskAwCZCIIRbsxU1QioRUYpCIKeBEgJJihLgbKQzTWaqRAlFVJsIkRgDNgorrVCRUERIoWbbqVCKEiWkzFSUqiKpK6V0JYiCUqWWiChCNq1ly7TJ1qZpioiQFAIlDjRly5RbtpxqXxVCAhkLnLbTBoFC6bQDpxF2y4hSSgja1CSkkFFUbCmcLUppmW5GDkUau02JsJ2BosYwTraj1CilhGqJGsV2hBURko1EmCihICxLrbVpmroSiiAhQSUEAiRcSrFCYIgSJSoRbs6cjAylFBR2SooIlRDhyQgsAghkheQIkc0IIRGJMLZJFIqQ00WS1HKSCAUYcGJaKaWrPZlRgyjTMEQEkiACCUXYliJqMZZBzsmJsaUoUWqtEWGn7bRDEDKymy3JSFEky3Io0k67OQtlNu8DRQlJCCFscNQSSYZAJElCWJkmFFPLzAaESqmllFIinBNIlgCJQInD4SgRgMHOZs/7rpYapWROaUuEwsitYaIGjeZMWcIms5kUSIFBsqGNiiJACFuIYlkKwdSm1kapOCglpIpbm6Zaa5SuFEEIRSmllFAgYxEECsmGCBER2JYEKjUyDZQIcPmMT/uUUKHItFCEIp2tZUQpXZGJiIhw2jZOG+NQGGMQIkLYdpq0RJQSgJ1pRdSu1FJrKaWEnXaTqgK5qESJTsIiW4K7rqIIldrVqihRUqRbpmspiCqlcDY3B9RZZzJzKqqlKFQy3aZJESFK7SS1cWrZQlFVmzNtrNYagGxblorArWVzBkGAERi72aRCXS22ptZMdqVzJrYNgdMJtdR+VjENapQIhAgJ1uPUcqpdUcgtFUTgJIUSixphJNlOJxHKtNNFIak5yYxQkqUWm9Ymi6qiohqdZZyE0iYTqUhFalCQImRatoSulCglJIUASULYNoLWJmFFNdAmG4WAiGgtAaEpsxAmi0q6tTbZBtUIIUCS7bRLKREKIIytAElSWkVygqwoJjOTxDgbKhGipcCZRi4RSIAMkK1FqNYKlqJERERrLTPTJq0otu3WWkpEhJChlJAENooSzjZNrWWLCJBRV0pzTlMLVCKQaqnGYGRkUZoz21Rr19UuM1tLnFFKqKTTNrLSmUSolCphOwiIqKRpOaEIqZZSSoGCs3a1qLTmUiIIAowCJyEUNVwMArcc2uRmZCHstMhMZ4kaIUlCaZcow3porZWizASiRGKnIySpq2GHQjYSOKUCVqirJZOiQGGajRJJmW1qk1CtHVK2lNNumSmjIjIiABVFlJCKRUQoSoChRCBhZ2am29SmzK4WRC1Vws5M5zSV2kUIuzkJsGvfCywyLZAVNWqJlok1JagVRTqH9dha1lqiFImu9hHFOU3TSLohMh0Cy6HiNJmpUETJTEkCJ21qIQmM0mm3ElFDisBAWCZJpyRJiadxcgRIZIkqTEKQE4QiBAJayzaOzS6lSMItQXapCjBM44gDW0EJQCJKmABbCpOAQMhyRMmWGEUpEQZnyoBKpbUGFEWppUiOkBUqSJYiiVARxrazpYQi5FQo0xFFhE3LbNmEADAS6WxGRgEZIRvscRpDMmCHFFEsG4VklE6lmlsgRcFWWgKwUkaWSQGZKmGjUsi0rcQh0o5IJ0XhqF2JUGvNppQSgRQKShQEVrZJtRSVliabJCTIUmpmuqVpmNZSIhRgGwUQERESKO0IIZOkEcaqXVEJGyIkRQlJJaLUDpkMBaEisF1DUmRroChClCgt2zgltjBgSKglVEpVkdIASCGMXFRCkWRmlghnOiIkIgS1FJsku24GymZwtnTQWkaUqJV0S9sZEbYbLtJk1xKhKBERklOlKCKnNtkhOVPKqJ3A2NgpK2up4AhJZHPzJIOE7AnJALakUooBjGSMCQVEgCQjiSskjePQmomIUhRCBsZxLH0tESGhCLnUGqFsLc00DUK23ShFpXZdLW2yMxVFIVmWnZboShclahEYSVJEkEZCkZmFoBQhbNu1FCnSzbaNEHJExdhNkizJqCjIVJSIiKIwDQvb4cBOWmaUiFJs1IWdNrXrFIRK7bpCQYGwTOLAqXRKjigRIdNaw9kyA6VdShdKLEWQ2YAkFGGmliaFo4RlIEqRrQgpCAKVEi0zp6aQgHBEkEQUywJCMghMggQqbm5uSJkJigikkImww05ZUrHdclQ6TQkpApPNbRyJQKm0SVm1VEkgRQRKjIlQoJaJBTnZskPFzkxPzjZNodJay5YKRUDaQcA4tWkag6hdUdKabeOstQdKUZSYhtFGpSiCEDYQglJlWTJG4HSzQi2brHGcQF1XI8Kmq1FqWQ9TBIAkZyosqZRaS1eilK4j00ZYpWSmokSEcSTNdjNkOg3ZUoLmiIKz2bXru4hxaoJsaWeESqhlA7XMCClinCajNg3ZplKLDdihQBEh2ZYU5VM/5ZOMa5GiirBbaxk1gjAJcjokQgohIqJEgXQCmMSW1CyFS5QIpRyEIiBBtRSwQ0FpOUk1ikCyQxBYSAZLZRpGhQCFopaWxlkiIsIUYSfGEVFKoZAtsYNASrdMMluUUkKJ2zQJpkysUkKhkCCkxCJCSEIlckqbQEDabWppIhSEReAgpFBQimpUCUWAhVqmjEJ9V0OVYtnpbOkSRVJzStRaAaEoAZJUaohQKEJRSmamLUK1hJQCBMYGQwCBxqnJBEghlHaOExF2AukWKoJQNGxnc7MdpqXJ5ghhyJymdMqutViWKCWKOklRJIEUUSKQCjaSQnZiN1KNlGWMhaKEUBrhiCIMxtiAMxECRchp20ioTa0lKYcEEEXCNplOZ0QQERZ2y5zaNKUtg0U0p6BEIIxlpzOiSCHUciJdSo1Qa4mADEJBjSqZRKEUSCUkhcIYKRSSBNi2QraNIZBxBKV0EUiy3WxZ6WYsRQmBVEJIpaTbNCaJIUJSBMbYNmAbuzWQ5KllV7qWBmxkEyG7GYHCU8sShZBEV7pMp60InKCudoRtKwIswnYIY6MSQShEhAhlpgRS2pmTiHSGqkkJgS07pzYZZBOKCAAp3YpqQo6j8ayfRYlSqmqQCBtjQIltZ7ZMSyAZO5vN1BpS33WlKyGVWt2MkUqCm5FCwhFIRSQq2JlYKlVRSiBs2XS1m7JlG2sUSxEUlVprLaXWgm272ZkOySIiokQpIQVyZubkdGuZECEJIgLZRiJKdeaUkxyWhYDMpsDOTJdaSolsLVsKIqK1ZtswtVFRStQoAEoRNmBFKcJSTK1FLQFRQgonUSJKkTHuus4JCkVOCSDJdkSUUgCwFNlSIiXb2Sah2vUyKTdbDnBE2CmRrU3Z0pQSbs02EoBxlFJkwCmFWzNpa/KULQlhSRhHKViKiFpKCQJZThu3lmn3/azIklC0NrUpaw0IOxURYhqblTgnZzYrItMRAXLaIiREGqdrBCgiooYsA86u9qSREZK6UiMinTZCxmljBBGBActObKOglGIbkJStCZVSrAAjdbWYiAAQGDsznUVFodamKAUZg2WMLREW1jhOjXTanqSiECBkRaaBiIgoEVU2plRK6RDOBNVSZEJho4gQSEJCkiCzZaal6EpIcqZU5DSUUJSCQiJbSye2FCGFipROpmzprBE2kkLFJCZKmHRCAMLOtG1BREQNp6dsgdIpUImCEilCKC1JpIESMiKz9JVmRRBqLUFkplsmhnRGgAEMCrI1S+BSiiJkhnFs2dIZFIXCSicmZItA2TKd4CCiqkgKIsIoM6OEQWREKVGACKbMiCLIzNaSFOGWLaKoFmGckhRI2C6lGGOiFCEwyIK0bVDtOmwiirCJACltRKC0pzZFBEYhZIyc2BJBSMIeJ6OMKIkzp0RIyhZhsLAUNgrhBpICk5l2BkSUZoekUpyTnVIQKipRyMxM0ywBGsfRNri10SITKQkp1EAm0wrsxKCIkAU4SiiiKLpaFMIWRJQQgCRb2CE7MR7bmJmySikRYYWnJlFKOITJKUHZnKK1KaJGCJNY2GlEraWUiFpymtIprECEM2upEVJgW6VgK0pEyEpEZlc7O1UClVLDaUstx7BsO1uiCEkRQbZsraWzqJSIUmRbkjMz06FSSlEgwCXCzkxBTpmllCiBJNRai1BX+pYORSmRGIgqkIgIpQkRISkQwoAzFTVKRIm0wRFhcGsymbZTlFLCUkhCIkwKY6nQMkuJrnalFEnGTmoUoLVMOyRE+dRP+rgoVVEssG2rKqwowm7pCBkDabJNoJCsIBEKAsA4XUIRIsKtpR1CEX0/c8sxG2krQbUUTEiZtlUiQqQpEli1BGHb4MlJcxq7OSMC0kkpYRVQyxYCiYhsmZmZTSKiZGYoIgRERK0hCSnTIRGBpFCEFFFLn61FUa2llmo3CdshJIo0GTszm0oJhNTcsqXJUImiriu2pmkEJNGghGQInEiCooCwXVRatmmaUEjK1hqQBmc6jIKQMG6t1MAoJAvIzHGaopRSiohGy2woIgSAIELCTiG7qzUzS0SUKBEqVYATsAIUISmwMzNKqCDCchBSGAsplLabjclUVZQaIZkogYWww25ShDGOkBQBSEVKJIyMI0Jp5zShYhG2cKYjVEqEApTOoqglQhGK5lRQVBGSZAESgaaWOJ0oJCtqQWpMkRAqConEslBYYKWNokiAJFlIxWHLIJnMtA0GbEFmlhq2WjoiIgIzTpOdMiVKZpMiojS3kErphMzUxkxnkVRUa8FMbSIiIgSZiUIS2FFoGSG7AcbGJSphTAQtbVvFhRoRzQ1bQihKwQ0zTZ6mKWwkMBARpRYhwBgbI4QFJj1Oo9OlhhzGtmUR0abRmYIQU5q0Qtkm2zVq6Qo2oVBVIEJSoKRlywQJcJQuJBuIzCaFwDhFthYRwkgSQlHCGChBjaJSwDIuzilVwlAMODMRSArl1DJdS1EJ0lEiShFK22RrU2a2dMsWUgJ2REQEZBqTglApFamUiFoqOIpKicyUlJhsmZJCEeCWKail2IQCgZ2JLeyoUSKaHbWKENRaI5TpTAtLUaKoK7UWhaepFYWMActOSYrAliRpai1AUkskV5W0kQStJRAisdMRxa1FLdiS3JJwqJBWQEjGOFMWTroQwmk7SmApFCUkpJBwsxsKFUlgWRHFzmwZKkEoQiIkDJaFpCi1lBpBKCRNzSEBdmYarIgQoBJhR0JBISOhJOW0QkLZbJHpkCwTkLblTJy2kSQFuGVmELLTbUISltTaFFFCgG07M1FIkqSwyGySZFGkiBrFsnCNYpAQISltKYyyZddVQKGIUqJYChSSbbc2pbGjSkSJAEkBYAiTDXBmRKSbhJFJgFAoIkIhp4dxbNkUKrVKmqaGQWAVRUIoSKsEKJCKnJIyXUpRBE6DQxEhUDolnLRsAbV2khKE0804FJkehsEiVIlwGqMA2zZWgm3CAU5LRRF2C4BAKQUYYdyySYHCmSXkRNjpqWWJGkUhSRGSokgOCUAEICWkkcBERIlIW2Jq0zgMSEhGiZEVkZm1VlmlFCRb2UYUkgROG0cIJUiEZECWIpzZlWJiaq0ImWamacq0SazMEUlIkm2LiKghII2EjKRxaqGIUDarSBIirJQzrRC4lBCacEgYCCRFrIfBbZKKwAlYCilRKIpxUUFg7JRCJQKiFjKRkIDI1pIIEVEiQtFaSxyhbG5txArJbiBZtiUkAUZEFAkRinEagkgSyUCE0kLOtG0biYiQJNrUotYAsEKCULSWCoVUalGUiChVpQROiSg1HFFLRCBFKKA5Sym2s7UoCpWoRca4qEoqpUoS4cwSoVBIlrAiwpmSulpAFkXqasEgpS2c6a4rEWp2LcUYqZaqiOV6rZZOFJRaVIpB4llMdBHIaadd0JTpTIKQsIsqspPSVZyASpRSp5zGcYpQ2iTOnKbRNqASEUE6QQoJSyGMhWqRFBFRolhumSizJYpSoqhIJDYWkqUibCFFuGU2R9EwThEqNRBpByCBy6d9+qcUqWW6TW2aiFIjpmawUxEguzlBQhBFWGRmTmADUErlfsIKiUDIGsb1lKMSMGi5Wjuz1Jot06ggFTudaTutWsKZ6VS6ybKEwLVUsEpVABQVhbFkVEqgzJYtFVFVHUQUhMHYDgmBRQllGlJBQWmlM1uLKCGBkrSRotYCGGGFEilKcSZgUyPS2aZUKYEyZec0NpMRYVxCQk4nGURETG0yRoTC2E5BQEKRLAmVUmxsEpO2IEpQINo0Ta2VqhIBgJAIFUWtJaClVaKWSmFqDhSloDQKIiKcFrZTRESRFKUgZWstLakobCQsKBSFjQEbp6RsIyFFraXYztZCxVJIzixFiOYEgUopLVtCREhKez0M6Qyp1Ki1IgoRNdIqiABHiFDkZOSImNoIjlJIiAippVsbE5EtAQNWKaGwJBFEiVCpkkyYxKgUbDe3zMyGkCQJYSyRuNlgTzm2hlyi1FIsABElQiiEQtM02VlkXBRSKVhCEbKRlXabmsmptVCUWrBtZTYUXVcjSkRJSdDGqZSCCJTONLV0xgIgW0ZEtjRIISS7ZXNaEUISkmxapkSUEiWcRIQzRSgKKHEobLdsmQkEgohSagk7JDfjdO2KkCWLrhSVrpYwtNYiSkREjZbZMgUopza1bFNOoEAK2VlKbxBkZkQgIsLGmVJEhJ0RUWo1tGmyESJorbnlmC2nKdPp5lTLhjMURmmMbWzIrKU4AhyKkIigOTNtYVMEwq5d19WauE2thkqJsTVsRWRrDYRKEFGjFJNjOlumnbivNa1SVEI4QaSNbSIkkS0zW2ZGFEJCEaWWIqE0AjszW0vSpYRCQtka4CSdKipRiiKiOK0AyHSUatLZIgqSMwVIzmytSdEyIwIgiSgSzSlT+0qm7YhAkiSJzNENEyEFpRaVwACIJCGiKIQCDLLtUCgUyFBKRAGTJgJJQAinG1aEQhhhc5nAIhBECSLkpISEk8RBiUBSKWEpJBICY1u2kRUKQEiqpYqSJJIEJdwaojmRMpuzRcGOCKcFtiICKaSopaiWIlDItkRr2VprCcak1ForhCIMtltmgQaSIpSZIWEZSxFSSLanaYoSLRNobkEUyZadIImWmaQITESxLGHLKJ3ZMoCU3WwZOdN2ks5G0qZmu4SwFWErBFZUCYVwiHRrY4nOsm1FGEKKkB2GbE2OqNFFRSjAkohQYlLNDTtKKVEiEtumBFZIRJQpm5BACOwQtsmIMBImmbIZQjKyVEIiFBqHllgRtiULAzhDUgnAFkJIKEJCRYGdmRFCAUYUYmpTqR1CoRDZLFRKsbEzsbHTSIBCAgyEySgB0bIpVIjMJNyaLFuqUWwilILMcWy2u1og0qSdNjjtUCiipUtUCUlOt2x2okBWSIgE02SaiRBEhBAyiaJQJEg3mjMdIUUAKhEhiaIgQljI2M7WmtMUORNFFBVFLVVhNadUIpoTcNLaJIWUaZWIUooKRFiUoihSqNaulEIJ2UEUCWEcCgdyGAdICoWqnIbM1mwJY7dmnFFLZrOJCOxMVGSotZaIEkVBKGRQpB0lnMYNiFBEDSFQiVAQwhYFCScEIRRVYQk1G0SJSJCQwmpSKDSOE1BCUxpIHKFainEo0g1cayUEKgoJm8BRiqKEopRCurWxTVn6UkuxE7lNk1FAhBRFSpfoa2+AyGzCaQK1zAiJiMAAKgURLVvaEQqFIoTAToORAwlZJl1KiJimZjlwUUQpWLVWCQNkYqdDUWqYFAzjJAmpZTMZilor0tTaNE1SZqPWKKUrn/6pn4LCzQQ4VCSHZKdtAwoREYRAoSBam5ABQykRpSgEhgiBikARTjLb2FpRKaUgCaKUWmuJcDqqIqJNY/OUSZQaciZYiqIIRelqMXbLoAABoZimyXZEQAzjGCFFSHRdDVUpbUJSFDLHcTIZyFKJ0tpk26a1bK1FCWW2lgpJEpGeIJqbM2stQnaiEBI0WxAhpzNTUWa1S2U6hbqu1FIJYYtQKFuTgCg1iorJotJwWIqwMYpS0tgNrBACFIqIGkXgli2i4CwKlSrhJG1h24iqQiidYQg8NYWQECRgACEJg4oCmxLCnqYmIQgFEU5bth2WpNZSTtu1VEKhKFGLSogE0JhNTifGthMFkkAhMU2jbIWMJJNSSKHMLCEUSIYAo7AoILXWEBFqBlsgMBkgyekgahcQpZRaIlRKKdka0NIRMhZIkcJTcyhsSyCJUoRBCimbMy1nSwcgIUeUEjUUlpzNssAC59RaSysUCpUiSTLGUEqVUhHp1lpGoZZqG6SIqCI9tqxdCUvIWJBO46hFzeDWUmlFCCKKJCkkGUqUEIaQjAIVyQKczRGSXbtSoqQtWWJsE5gIbCXIUarTmUhY4OwiokRmK6pFRClJIkqItErBxtSIKFIEimmcZOxMu0QRgGRRok1NUKJGyOl0SlJETs04IHHYRiVKlEAKhUKmYVsqEbabG4ra1yCiRJQiFBH25KRWKSKKkhAupWDZipCxMUZSABRhKQIkimQ7aieMCYWMjVuqBlaStNYyIewpk1qEUUSJyMxQjaDZpUhQuhKSDZKFghpVIjOnzGlqpZZQJFlUohYwEpKdTgxgiEARUq3OyTRQSBESNo6IrhYECBQhAKKWWkqxMxNCiHRmktlozhSBIgSJARBYgBQAkdlkq6tFIhMslGmhht0AIgLITIm+dEYKlVIUSkAAaYSaM0ARtpwtTRGJhadEdim11CpkO0LhQDa0zHEcyAyJKiGDpFIiosgoaokQGFpLgUAo7RIFwMbRspVapBIiImwys0jpsC1hI8lWV8KKzLSzlFoUFlFLgcRIQiGMw2EREmACkKRQYtmKIDRlOltXamstIYxJI0UobMCIBIEBpMQYsFtmtq4vteskSUosp0yUKKWiMEhEaGptuVzVrpZas00p2U6nHCmc2ESJbJlTtpywiVIkyOYsUbquOGm0bJYkGWELMKo1gmJsG8lGkkoIYYgoIWSsCLe0MhWlRhgLOQJhqSvFpkilEIRQSze3ImottmxUQ5QIJcJkujkVCgUGZJCiqKgoSpUwITBERJQIBaYoMlNBqQW7ZYYg1ewSIYl0lCJBoUQoSRs70y1TELVLN4GFIEpJO7PJSiwopRjIjKghaq122ti2E7vWCmBlpsIRUaPgaGRraVsykhSyIxShTHALFbfWkIxCpZbS1ZCE05mNzBa10hJ7ygkDppTaVaF01lJkTy0VITG2ZhwRkgqys6UFDjlBFlGiSIRCUUClBHZr6bTCCiFapqfJgsnGJFHCYEw2SZm2admcE4QCRSByyobbNIEpAaKljY2dpQTCCNJTK6ViJwgBBiwipmkCCRDYtiWcKcmtqSid2aglooRRZgZKmqxSawlht5ZRQzY2GEXLDNlmHCdQKCQEFmnTsut6RURYoSSRlJFQIxRK2y3BoXDIRkKE08aymhOnCAUGrAgwLV0khVoDXKNI0dVSa6daZCQpsHFCIdNtaKXUZhucLTNDEbUgFBKSNEyjQJKQigJsbAuXWiMklaKIUnKcGs1pp0vUrusDNbt86id/YuakUFgqkgEDKIQjIiKAdEoSMolkXEqBkCRkpxSQKMhMaNNkJ3YRJWoUYWy6UiIiIUKlFIxNKVXIZIlqOYQkZdrpCE/TNE2EiqK1ZjudmXZrUUuUEHJrEUUSBSeZ1FqcObW0VCRCgpZNuKVlZyYQChWVqHaGcMgtp5wEAotASMZIzmytla6GNLXJdlHUEk5QYIMUIRChECCiFIVKkZptibRthLgsVCIIlB6nSUghRWRrYxuxhSS11sBU2dmSkAUqCoqk5pbZckrbCZkpEMZSBLYxCThxDUkexmkY1kVFQqFQSIBAEVEIZCPbRkgRAYBb2sJ22lFLZKoUiQhwSCBLQWJajYICQiJKYEOKiFIkuWWzCxAURcsGIcmAVFUCohZDtlQECpwKknQ2oRpMLW1jKWRngIRQplubQiq19l0dpqGqRJFCUaqMFMZkqkgSMsZ2RJSoKtgpUFgpI9LYRthd10UJO5tdipy2NE0DibCiYDnUlYpQqKiUUrBKVyW1ZpXIltPUIijRh2hOKYDSlXROdleKJGGjWorTBglJJZDC6agBjhKhUJEsixIqKrJkZdrZau0sEKVGUZRSIiQiUJqWGSVCgZDttFIIQES6pbNN2bJN01SKFIEiIkotIUJRui5KFLFer6UosmWDpEw7iSKI5ikUSALVAqiE07ZLiTTYTgtqqX2JUFEkLrWGJIOsJEFIQhKGiLAzswmHqhBQixoZwkZ4ak3IthKc05R2k0oqnZZCwmlJabslKFRKQarOKUFWmzJCitJ3RSqAkCEU2LVUCUktbQwuilKKpCkzQqVEqCBA6WwtS0ioRNQIC7ds6WxZa3HS7MwMISKxEBARzbaJUIQynQYDKUAqEaGQQgKQyJa4YRSEQlFCQADIQZFAliIUgDMtlYgSRShtRSkBKOUQIHDainB6GqZSQ0UQrTUsBEZSEC3TZKBSqsIgG4MThSyytWxJSCmVIAmREIgkJMkRApyZ2QQRYTmTzARLEooAKYpCEVFsT22qtUR0JoHMlNuUhkyQFKBQ1GqnFAgwdikFJAlJJXCCSUWRQlGEAmdawm5IKIqcpdZaa5TadbWUKrBkWRQVi8iptdaEsmUETlSilhIqBEIKhcEg1dpFhKSQSu1qFEvGJaqKbI3DapyyRi01ZBRGYdtySJIUJWBsLTOLS0jGKACBZEkQkmtUlEJIIYdsI1S7GlKmW07ODClTYCyEQpmTKFIgyQ6hFAYkiIg06Sapq6VEmbIFISUUgRQRcho5JNuy0s5sjghJQUTYaVCC5MyIgm1J0FpGVKSQMo1TitIFmYSQIgIbEZDIbkKlxjiNERGhxFUlapQaOWE7QjhFGHCWvkgRERKhSFSkdCJFSFJmSxunikSEIm1CRTQsCCK4LAKDZGNjEhRYoSgRKKKQBgEqdKUTjNPUMm0DtVQrwgo5pIgyZTZPJFJkc4hSq8CQUCTbcloKQkFEkZS2oBSBhrFJwhkRiiABWrpGpYScCmzaNJWglM4IZ1QVVQmMFJkWMgZaJnJRIVNyZgLg1ppwa5aJWlo2m1IgBbYxYLepAcahsByKbImQmNo0tYYNgKSQkUhbESUCK1AthWRqbcp0upaKk5AsDKjU0jKzpQFbSEbhljlOmS2VCikiVMj01KZsCUJqtrGcEWFwJpJtgaQogRWgAqa1LJA2aeNSSkSEGKdxGsexNbIpApSkAMtIctpgZ5ZSikIoTWsNo8DpUlRLBzJMzUg1aoliSUVOKaRgmqY0tda+diVKlLCcmHT51E/9pJCUbq0RkhmmUVBKsZSZRiStTREdSqNSQlKJCghUsFVqKEtUqahERClARCEQBjktmYg2pYXAdqYjkCSwAJG2MW42ZERAZhJFUiAsahQZg+TS9c42TRaWI90yE5A9Zeu6WksoAgsUIZDtrtZSailhUSJCTNlaS0+TVLK1iKJQm5KqEuHMbEmEbSGgKEqthikTY08AzjZNQJESsjWDAXvKli1lDLV0EWFAkBbOtG1CEaVEYGdOoVJKEYqIIBSBLasEKgWkCOwpm53TNIGJUhCA3FLOBggrZCMUpRhl5jROme66rtSilE1UBWFboILTpCRKjcAKOXFrilIjbCOCABmnQYoSIUGkmwJlIVSjlhJpCwy2o0TfldZoOUmSwJFuDYNth8LpKCEp3UJFISVAKZFWNkeJWgsOG5BkgdMUtWkSUhQpZCwAN6mo2W4pnHabJhmVENiSVRSUkBQBtoQtDApsZwP1s4olKWGaJnBEtd2VKKUaDKESEZktxwmpSATTmMYYm8yxRGnjJLnr+pAyM00IrBIBEYDKME2ZaTdJCinUJmdmZkYUkMnMDAsBdmaEQMaAcUTJpAQipmxuqVIUIcs24RAJQSjIlumEaNkMighs23abptKViKKIEgGAS+lwZGZUSkRm9n1XS3FEpi2RtNZKUZRaikNhrBAStiJoEJaxLZzObE43SWk3NzkowrYFREhESEKZKVsibWxlppENtmkQthSZaRxIJYZhspokSUEAJESEhNVwCEW05slTrbVEGEfUsFUFbk4RtRbb2bJNU2ujUBTZRBQhQdpBqEQoWloAYZHZBFJgKxRIAiNpGqd0drWCMp3gbCXC9jQ2sKKGwHZKtFAgYaVTJqRm1RpYaYskIkIRgYRcSzWyMUayLdk4W2vNoZAkVEpIJYREghSQmU0qQtM4YduWomXKOG1RSpWEwQ6IGsIqZcxGTlKUKArsNEQEiLAiWjahUmrfVUWBRDJEBFEwChJFBOmWDRSlhgKjUBSVEkEgDM6WzVGipd0mQkEBSkCRJCghl9K1tOUSEVHINCgCOwjVGhEK2VkUdk6ttdYsIkLCadslQjLIkqRSCjBOY1UpfcHCmWkMKETa6TSUKCoCQlG6WhQKFIUEW8E4ZTpDka0N0ySRBicCWypR1IaWTlCppZRit9YAS6QVCClUwOmUCYVChmlqma2UWmshlJMlTEjOTIPsUispgwKcLScbReQEoLDTipCVdnNzZuI0SCFNrSFCJmTc2uRMRSlRs7XWUkURsomAiBIBhMIgOZ0CRYmizJYopwQCpEg1EVGL7TY1hRQRRaQNZIsoikLDpgijTBvcshnSIYEVESpdDSRsFJJsyEYIKeQ0IUqtgQRgEBgBipDToRKhaWjGBiyRRElSth0lFIoIgRSkHWAbpIISm3RinEJgN6dt7ChVIu1xHAW11oiCnK0hY7WW6bSN5WyTXUJRim1ntmksptSOkFAtNYKIIoWdQkjNScuIUIRxSG2csFVUooBJy+r6ipRGkqSQZBQRFIVERFEpBaehlhIRJUoEjoiIREVCIj0MLTGZiloiSimSCAzORihCEVFKRAhFiXBKhWxZFArllIoIAUhYgECCbNk8Zcp2upVShCkhKyFbgokoRVIAzgYMU3OaUESEArtGJHY2QgqKAKUtE1EklRAqCtmtlBKK1gAIKZ22SoBIrGytCahyYjuklq1ltpZAKdGVYgkr7RCl1CghqZRARsq0sSSwKCQOQqEIZ+KstTYnIkIU3DKzBTZg3CzkAGTjTFoGpXzqp3wSRkWYqdluIlTCdpEUUYoyQa5FQrYkpHACbp48Wbg1NzchN9sJqjVCgIxsUnaqZTNZVSwiFCopT+splYVIskRIMjYZpUrCiiIiQqFSSKcdRQrZUSBtyMxElBBWRDVGilIy02lLEqUIq0QtXYkaQhhJ6QQUzkRB1FoURbZwa1EKkkmBIkqUiAAyGcdxGAa71VJtQhG1hrHAJBZIlKhRapEUJYSlCOFUUmqJiGyZLUutRSAIlVJrV0BTpjMjQiHslo0IksTONC4RpUSNWmuHnNkk9V2nUjJbqVWlSIFAadyVKqSQRHRdKEBTG2wUESEkjLDliCiQEW1qU5tsdTUIAMzU2jhNbgkqEYoiaC0lKSKKQrIz08jZMkKClJ0kdroU4UhbJQJsnJlITqEpm5MSIiRj0ZprRKkhhaecZKUJYQOEhKRo2UhTQhYg2SApIjLd7BoFAlmhiJBQFBW1qQmjkNWySaoR49QMiohaIiKCxKQjVGvFmbZKkaiqCkrpikiQqFENLRtOR2SbSlRF2ClJURNPrWEXKe0aoRpCOKdxikKJQCGkUrKlRURIwrRsRtPUpnGstTRCNEqRlE5nJiIUsk06A0O01qY2kTYmiRI1qm0MRpAGu3RFEiHbaUeolr6WAJcIYxGZmW6SsLMZUNSQETmlIEoJkS2xU0U4VNJkmyJCeMpEYCW2CZVSIiJsFC6KWksUpQFXKRMJVYmIEgpJhcyQqCEXFImxpSiSJOPWsvZVhMgoBavUICLdFFEUCiRCBamEIgKDbKlERA3bStmkXSJwTi1lVCVHlNIyG1CEokQASKVEa1M6pSglsMdxJIQhokRBSGHsJDNtFErbZEihUAmg4YIMwzSiKCEMkjORDbadWWoYlSIUJMYGERGSAkUgQkISbUxjTEKJyEyTUkiyWzZPLZEDjW1SlBCGUjsL225pk7ZCXVdbm1prrbUoUUrJtMGZZEpYGEKSIlCmTUohhRKCEgUpQmmVGiIAZ4Kd2Ak4aSZCBWWbiCgScinFaBynzBalSDIROENFQiihKFIREsrMWotwm9I2uGUCoTBGwhLYkjCSBETXB2HZprWsNRRCUSLSLbOVKNDalK2lFM5sThQlSpQICVGkUosUJYpCkgJStsnWoiA0jo2cagkJcGvUiIhoaYFCCiCihqTadQLL09BUMgk1WalQlMg21VpswBAJ2G6tpXf3dkOCyNaiRAgjN6ezREnItHEttTULSUhEBAKDVCIoqlEUgSCNjQSOEqGIiJzSBqnUrpbS3Jar9WzWl1Jlmp2tOXkmCeS0UqUWhWRhl6IECakCaUoghY0hIgROSyGEhLBtHEVS2FAIS5LTUSRFI2VUQsIWilLCSGGsiJAQYTAOhaSUpQhpygaSZEhnoIRSioprqREhQoFskJwESeIiUUp12lgoQm1KJ4iQIKII07K1acIoCjidkqKUiCIppwmrlNr1NTMVgZN0lBIlgNrVkNbrQSYiVAuSMbYjAskymU7bmVOolFIQgJOQLCGkiBLjlMIpY0VELQUpW0pqyjY2y6UU0yJRCewSkbYsFQlJgSAzMUaSSnSlRhSUCmGDIWQrAge2JIUiwJE4lGlJSEQUB12tUiQYwgzT6GylBCCEyZxMlFq7WkMhgcBQSqAIuaWKSkRRKRJYokZFRC0KZTpKEZ5GS1Ipfa0p1VJCYRyBJFIkUcIYu9SQlJkCYwshByVKVzqFJDud6drVrpZQrRFG2dJBKRFIIUNOLSKSkBQhSUKKEqGWDYSVmQ4FIQG0NoJEZCYgyUiAsQwiLblEMSCXT/2kTyQEEgZFFAXOzCRqSGC11jCSpLCbQlO29ARUhbGh1FIjnBhPORmw0omTCDdP04iZzfradVgCsHGJGiErAhcV24RauqBSSpRAIHWlWGptjKi1BArSmUQJQIooxRIEuLWspSDJqVJKLUXUKBgDcmtNGcgipmmcxqnWGqUIImrf1cQNaimhcBKluGXiGqXU0lozTrlKoQhRSslsJYpxsyOKRIkqESogCTsjyMTZotSWLW2hli3dQur6LqImDpimiTSSnGm7ZYScOG2QRPOYzZkRAWE35BoFYSQkUFGETICLCikFrbmWKLUWhd3SbRymUqpKhDHONFhRaqlOUvY4SRGl1FpFtHFqBifNtZuVEiVKSNkmI5MysqQwraUjBIqQJEUJBUWYkLrSIQhhSi21VOQ2pWTV6KIQbmk3FBJka82ptBQEImqtESFI2y0NXddHRAQyhBSEomXKntpUonS1RqklVKOkbaJEgEB2EgQFM4xDiTCqNSLUWhNy2okNtqJIytZApGWQMtNOiVBx2ChCSOkMMMo2OAGmnDBFgVOKKEWSZVCbkghslSihUMmpGduKECAFoVCUKKGIEuBQUETaSUQYENkaSanhtFSyTQmz2imwo9bAAFNzywYqXQ9p0UXBzpaKUkoISTQbu6UhijxNE6jUqsTOCOU0jW2cpoaotQZCUkRmjsNoIylEidraREqB0mMbhUJRiiLCUoSEiJAKSWZLuzmdntrUWioEcjY7o4QIhSQVCWegGtEkiWYHFHVRFKViHEREV6ssREi2JGpXM5tbQ8IKhTHpNrXWUgVEKEoplotCwpYky6CIoI0iQhZC2DhdVSPU0m4poQi3zEwgp4YEkW5CtRZn2nS1COEMyaarXa21jWOEABERYZx2jSKpREQp4GFsnpoCCkrhbE6JUgo2tiIgSQPCSCBQqQUrs6XTLdOZ2aRAKSIiSinjMEaR7IhSa1drINVahEChKKVEyCnJmZ6ydbVGCRQBRjhRaW1q2WwgkWQQCpGOCJM22Ro2cqmlRsnWFDKJIoooIWjThIqTdAtKhASlFIUUiohM0wwGNSywnbIsJBBpSVFLKQFgg8ZhBRaBmKap1lprIQ0ISik1Ik1zykQERASttdbc9V3tuqLIZqFaheS0IRAR05SBM9M0N9suEbYiwFgUUWuXmaESpYRkEGRmklIURUSxDQoMgS2hKLUWhbBLKbaMpqk1GqiEsFs2oKtltpgX1dpFKf16tR7bWEqJUkKRzmxNoWI1GVtABFK6FaLUUktVCNTIQCVCUkSRnYlNiGEYTeJSa5Fw2kntCwluQ2vRsnQ9shuAIUSJIGjZQJmtlIosRDK1NrUxAiFFIINCiiIRmZMUEZIkyYlqFIWEmxESikAI1a5GRKZbWhCSRABGimmcFLJRKQE2FiEFshQRIUoUCdKZDSzJshDSNI4kEbUUTWmBiAChqU0CICKMIEuJEoWiWsIIoxIhKRQKZwLZWikVIZVSClIJcEoFMI6QFCKwAo9jS6waXS0iFMiUUmQTak7SpZYgjGUEU0vJpQSAZTc7iyKiIEnKbE5jEAKHlRECJCmkRqJoLSWIAmkTUpvG1pAoUTBSKaV0UZAzHVFMikLaNkgl5EzAzqlNbZqmaZxatuy6guR0iWLstAKcxrV2pavTOA3DECpdH6V0zkxwptMGwOFsmXZrqRLObFMSLrWGJJWWWQQI2+mQIkpEZKaVIclKGzcCrGlsITloVinCYIMy02QIKUIqKJ02UoaqJEOhRIlQMW52BDgg7cAgy2pyFUZBKAK3cZoU1NqXIimEbbfWQFVE7SRBTlNidV21jaGoi5AiaUhAqUHL8mmf+imCzJycIUVIRJQSATYAlgpQomSmopQSYdsRUtQapUQoIkRkIjmiAFEUUWxJViiQZBG1FmiZuR5HN0N6akmLWoloYyuhvu8VkZm2nE2WpbSxJUlqrWVaWAKwCFIOMEA6IqZsWCixJLWWU7bMNo0TaUJFQVhWlJjaRLrOOoVsZAsyHSGJ1rJEBcuWCk7hYpqtoNY+lW5EkZNSS4BlwAowNDsNLY1RiRDYmURoGhtGEaTTGaI111IiCmQpFSCEZRyBIhCGWqIrxREhTOC0EwWitZY2mS0NVhqcTqdLrUVqOTVcShEiiIgQDokgLayQE4JKRBGgiICUI4pCICJqQETAlM2kJYGh9iWg2QEBgsy01FpmSzttt5Z2giIiJGNsQunmVNd1glAx2HYmRClCiigIKboSRnZaihJYziSADJWQoNRSAFBrGVBUk5zGsUiOGNYDpAghCk5LSjtzVJRSQpKk1jLTQJSChGw7M9OpKCHVCON0hpTpTFpO4IiCrUxFlK7rJJVQCKmWLoLmrBHqgszWpkxsOx2Krq+ypqGlk5BQURja1IpQDRsJcERERGaSmem0AWQZMBIim4WjBEYKSUVh2bYhsAFsXBShsAippUOachAREnY6jZ05tZYtEUlmNqmYxAFgAxKZGRHI0zB0Xdd1tURkNoGilE5uzYrMJkXXlQbOdNJ1xek2tWEYxnHsa42ITEtqLUXKBbK1bFMLRRpnRmBFqdWkIRTpFihKCWjZJMkOFdu2wYrIdLamKJnNaYeAsFJNAuS0IooCsFMoirK5tUmSIZBCIZVSsFq21hp2ZpNCRZLSWWqJUpxkNkUIT+M0tWYcKDMha9dN0wBEKZIUGJWQIUqU0klumRERBYVQGEAYQFIpElEUkiQiFFFsT9M0TaMTiZYWmVZXShRFAEonQYlSImqJKCHbKSlRIOFECpV0AjYImu3MzJYJEspMhUKhCNuhAs7MxNlsW1CikAZCWGQay+mWiXFmukkhKVTSCSgkRVEogkxMWiEInElzk205swZpY0+tIUlqam5uU0NEBIkkJEmWlGRmOhUFSyVKFIXsbJ6cgBGYqbVpHBXKbJJqRDpt0pYiRIkCaWfLhp1YYKcUEQLXElIBgwQRkiKzSRG1A2wZosiJJGNDRLTWQqFQSNiJA1DKAalSQsq0s9kBSDgznQUhgaJEqSVCKkV2iQI2LWp0tZYSTqvINpYUJoXAROmktGRHKYRt27Q2dhE2OC0kZTqdtZSpTSa6UpFDkW5GXSjTpFq2AHW1RJHCtL52mQlCsgkhCZHZ0iEMtNZKiaLIdGYDnIkzIowjAlkIaG42ITINUmhYr1ubpEg3K4KwLSwJME6MbWwsJBAIhCTZSYoAkc0tMxNnOlyiYDI9DIPSU2uZ2fW9AsuynICNW062IkKgoqKIqCrYKQlFYGPb2RpEKXIEBkkSMmCnkGVQM56aW0qltcl2jRjbBNl1tURptoqzZbZJlNba1FqnmrQp04ntqBUARZExWEQoooRcEXYzqlFqrZIk0sYKaJkAGCMiswkQQCCn3bJ0fdfVliOAJLCNAIEgMYLVaoUotTrT0FrDREREqV3tIqJUSZiIINOgEsihiCgSMhEqpdaus9OmOatCEdjpLKUIJEWIbCUiotQaksIyOFvfVyIKwkK2k1DLLCWEWgMMECUbOCWCsCSTLbG7vjcJksCBPAzjmFMpRaJlQyrQWhKJJENETs1uQKcCdghbJQKcFshuNpKkMApBZDacoRJVpFVCBLatKBERgDNRhLDktNNRFBFO25RP/dRPtLFdS4FInK0RkgoiEKgUKZRp5NYyolAiYGxTay2wLLAThSXIUEgYu0SYzJZGUlGRMzO9Xq2FopZMg4sCM41DOmupq9UqWyulhJSZiHQrKBQIhGzbEbLCziKl7bQzEaWWlolToUynjZqt1lqJMJbkbGCnAQehEhFOsLK1lhkRxumU1TJNttaQTLZmWy0bFjgUBkHaXVelOrqFSduZJqWwAZUoEqLYgGyrICkiShRhIYRCQlK2xGmUJUqaUuUUAskYgwIUEcpMY4xkaNMkEVEU1Ta27VBQlE47W8siRSCFERK201JECYVoFtiWCqE0bilFtgkhA41UKSHF1DIiStRQOEFI4XQzJcLZVAooAFklBIkzG6FaKmTLlJ02UkhRAsg0omVGiSBUFFFKKVECJ0im5ZROJ86UUMiWbREoCTkz7ZAiSq0dMs6IElFkbBPYdoHEcogSEVG6rkrC2FZIAK5dZyeJ7SKhKqeNneYyBYEkELaELeMoBRvARiUkkEHIKGwEyM5QRISxUpYTIsKZmZaQAKJWZ4YY1iOBpEwJJLU2heQ0YElSlOJsNqWWUkpEwTjtHKd0kUoEkhOUpElFJ6ZsJOnmJMHYTruWqkAhIUpESKkI1VqlsDMUkkVYTFMzxnRdH6VMw5QQiCh25mRJEdRai4rTzja5yQSamhUChBQlQopSayklIiqiZSsKlVCJkAyIUAlsK524pYUkRZLZWmIQNINwEkVSJSTENI2SQFFCCjWDoqtRyZbGTkmZkOnWUgqF7IZCtm1je2pTFpUoCoQkhIggG4gSEaWEQora1bSCVBSUTjlEYhGBbRF2Zrq1tC1CIhQCJIHtopCUuEQgRSkqIYrJkJDSJp3pCAFSCDIdIUqEhCVJkgiQgZAsSyGlLQFKoczmRhOitclpAyJKQWRriW0sh1QiWtp2aymoXY1S3DJErdXIRBAKhUQ4SmktFYooJUrUGiWcJFmEQtgBhlAkYGMMpRSEs/W1GiPJWIRKAEgEECVqrXYaAYLERViWUERRIErIJm2jrquhgowlGZO4RkGipUEgIiLASHZmkhClmAayjSVh25IQyrRLKVIYoYhaldlaI1trk42dUSohtxYKlSIARSmKyGYbZ5OKbaSQgExnQhChbGmlVCSQM5MMRSCcDRRRQIFERKhlCkJImIBUKTJTm2SrlAigCEAGcGtWhGVbJUIIHBEqQYQgIkJEKTZMptCaVSgqpZYoBRsRku1MSwjbTtktIwS4JTaSJIVsrIQIqUQYJIVJUczUEiSphpoBFCohp9PZdV3Uki2BnNIiQgJLOTntnHKaJpXITElpG0sqtUoKaPY0jm6pkJ04aglEa4mz1CpF15VSqiHHREgiUlGCkBSi1ELiTMukbKdNuhThaJ5KhEWJarBTIGhT5tQyM0IqBcttMpnpEsWiZZYiKFEKxs3N6eZs2ZxgS4GiFIVyaq0l2YBai3GgdIYiQiolULq1No1jC6l2nTMtMApFCMktiZBtG0SmotiJwiHIKdPpkCEk1RJpp11rkWRnG6dMooTkqKWUQKoRgqihCNlSGAAZowgBiZ3GOI2EbUkoSsk2GYMkhYpznLIpiiQbWbUUSkQUQwAUyxhkqWSzZUNL20QUnCAAMiQrApcSMlK1zNQQKUIBJC6BQpIkATWiRMm0JNJWGEephZiyZWbUopSKELJaTtPUcCoCacpGCNuKrhZJU2tApkuEQnYIW5ZkGVsmKkrSLhGZGVKSUggmt6lNksqnfOInprOWKKVGKYAiCghnOp2ZlkIKQUgREUVtTMlRCkKQU9pumVNrighhM7m5GUlRMhOpq9W20yCJGiEkhSKQcmrjOJZaFdrb25vNutrPMhugUFGNrmQ2oYB0hmQCHAo7I0pEBwYltJZRopRKprOFSpQC1FJLLaUURcgykozVMi2lLZEtQ4WQQAQKyU5AtdbMlnaNEGG5q70lk7IiAoQQkW42ESpRQrKdU0MCW7azlJAIailqLRERQUiSrBBpnJOd4KlZSSlVTglFiIiQhCRwSAShkuZw75LRrJ8VlQgHSAKFnAlyRCmlkjZCiCJjgR1RSgmDIghly3GaIiycackQkpAUGCRsMhNDIIOMAhtbaYWM2pQO3CwopQRFqn1fSxRsBzYRINkSElIIHBGSlBASMsZNITsChjZluiiGaTQupUgClRJCFiRkS2fUGkWZDUkIZNmGUFHUUm2waylpObOoGKdbQEKbUiShNk3pJkVEdH2RhEDgkCzJRlaJUEghsJ1RahSREArVkG1na7ZRCKKERYkaEQqVUhCtpUIlQiGnI0KAJMU0NWxMGpOhorAsWwpKLUIRAcq0na012/2syynBUbBbayQoQgKTyoiCsVFUK9vYUlkUpdQIWWATgRQqNEcQUbEVigjbtqWotRLqoqgEppZSamdo2bAjQshyCBSlFEkWdtoKRZRqGUWYUksURYSKSkRmQthpESgBXEvJtAJZSSZECRGZJrENSIqIQpGMaa1halfSjMNkrBBQS5VxUCQLkNPZUiEUIZdSnRAuodIVgxQhWUhI4Qwklai1RMSUGZBgO5uFQ2E7IlQiUAgrJKwoUcjWcoQiE8hOG4UAQyiQ5Uja2JrTKoV0c0YENkKK1qbMNHYmUoSmbLWUWoslGQUlSpTOTpvM1pyBCCmE0w07kSSViIgAR4TTrZlAimIpQlI6u1KakVUjWrZsjogm1ygSmU1RJCQUam7ZElnCiSQRloUkhaSQwpkWshNwQgjc0pnNRjQEEemULQkFBIEcyEEQAMKCqKEopEOQtkAhInBiJ8atNYnMNJailAiU2aZMhKRQqVGQkDAKO4WIkC3bpUSUUEpQokSUxDVksAnTsmGlcaYz07RpUObRer1aLgGjru+SJG2bUCkKokRECexxHCJkZ5ooUikBlLABSxEiokjCql0ERRERJUJKQxqVCGeC7MmSrSRlGSLCWFKoTC3trFGQJLKlSaHmieZSI1u2zAhlc+ISoRqYsCY3qdgGT9kU2JYcEaWIiIBpGj01opiUZLvZKhEETkmldFFCkkyUSHBmmtoFECrUcLYESbaRsClgSUQUtza17GadUC0FK6RsKSRhARKAW2sIKUrIrQ3rsZQSKqWLbG0cpmaHBBCqXUgxZZtaFmS7dF1XK3JYkjKnaWqlKCIwEhGKUCgkiDC4YTlKcVpyWopwCCMUsm1JOKcxSw2FkIRCsq0Iodr10ZWiCNFsjFDKYNVQEkW1dMiyS5RMZ2ZEkdSyrccxSghGOxSyEWAg7WxZSpQoUmCnnU5jkG2DpChhExICRGuUqJIVhYgSVoQkCallZmulVAsAg5zOTIdKlMBuNqiUwNE8YUkiQqAAlBIJMhkqEoGNUbi1zGwlOgUFWTiVLSkUyRZySwu5eWpTZtrO1giJorDTwzi4uZaIKJCJsjUFtdbEOU5Tm4TTSmdEqETLxCkwDoQCotYwCsnGst26UltrtiIUkmGapkyHTAizHgbLUglsG2MsI6nUUkK2AiHSLkJoajllszOoJmWjMGQ6GyogGZcIsjgA0+hKhyif/mmfHKVGKTJpp11MRBCBAYQtIlRKQURETi1F6UqRwiHJwnIoaldCJTMVklRKcUvjiCihbM6cFEKBSZGtqSjAqYAoRVKN0s/7eT9Lt2xNoVILyNkyLcXUptZsZ2aGUKoZlShBUagIE0IGO0pRRKZDLhFpQsaSQqIoVALIyYKQJNJJRKcwnlozKaJ0JYokldKRDnCEQs2NzGwoVFRMSkgIhKQgHIo0CGFFYHA6nQKn7Wa7OUo4mXK0KKVkpm1RhnFMJMlhWVEUUUmP2bACW6EIkBQlhErXlSiCFFWFWqqlzGY7p7SzRHGRbaESIdlECbWcDIFApjmpJVA1REgRRBhBBkgBaadwA7CxHArSODNKQYAlCkIYpBIBOAQmM0G0hqJExWnboki2o0QoWptam0IhhSQ5ptaa7dZKLbWUiFIjsCQiJJXalUA26bQVkoFAzcZIxkAbRiRFgYaFJNtOC0lpI4MCrCilZGZELREqEQpntpayosggwFK4RLESowghCSyJzMS2AVRKkUAKYWyLLKUEMUxjpmpIYBKDQtgi0+BSSoFMR6irPRAKFUUoarFdazUCC4BSqnAppWWTIo2tEopShNNEUSZCKrKzZTOuUd0coZBslwgphIG0syU4JIXW68G2nVGkKFMbl0frsaWdkkIap6kUAYEIgaWICJPYiEilLFRCaQsJGSScZOY0NWdmOp3IRaEgRJSwHSWEMhuyLCOVyJZkRpSQogCKwDaSwTjQOK1ba7XUElFqFwIDkpiygUJBREVSZIg0WFEiJCSBjRIoCgRQay3S1NKYzMwUKqUkLhFAuimklNPNmZlFKhEIkBTOViLUFacJSoQwIp3GkBG1ROCspVDUpnSmoqTTNlihiLAkSRAYFWciZEFIIuy0RChARiVinKZpmoxbEiKnNrUWURBA6Wo6BSFZWVSiBMaEsKpAXQ0iQqpd59bSqrUi7AZEqbUERIQApxspJJQYg+QkW7Y2KSIUKYOjKEpkEgSKrlYpiuT0NI1GmIhAImwkwEytRaFENbiRzsSKCMjMKIFwkwJFhEqznS6lU6AkRZua0pLAYIdaa7LTRkJOGyNZgqSEJAEWUhEIIQEI1SKMna0ZooQIhUqom89USt/V2ndtnIB0KgkVkwJQZk6tSYJArlFxRkTLdKbTUQRyZihCKIoE6ZbNboRIImoEUiSGIEhcca212bajqEQRYNeu2hbCJJYwQiiiqAytZctZX6UQKl3Fwk5cgFBRpAkEDkhwa9kSaFNLrFoiCsJ2SNmmiGJjXEtYDkVrUylhktTYxhpShA2QraUtDEJCQGDA6VSEISJsCytKZqZTCkIRcrpNmW62o1SViBK1lKl5ymk+nylKNqZpGsZ1LTUkIiIopZMtSoi0S4kSRQo7wQhJgrSNW3NEYIBMZ0vbQpkJicFpAyBqhEChROlsLcGEnIBLqRJTZrbETmco7JYtUwaiBLi1NrVWFCqCUEgWQgTy2KziEiIiCqEIqSuVkGxjEZKdliIUCiU2ZLpGFALJRiiKSRACUSAbkIlUIgwlIqyWrWULqZYoXYVwttaydqEogYxDEJra5HRXO0S2DFRCiABjKwJJAtsOKUJ2AqXWUCE9TkOEhBIiikSUQBKUUhWR2UoU5DZN6motAYqIKNGmSRHZGqZEIdSy1SKhIhHYslOKUoNm41qKpOYMCQUWAhTKIDITqZSKJIUkgIgISpFBqJSIUopCoWy2LAdQay0RUVRKV2pBBaexLQXOhsKQGLuvVaGWjohQgJEkSWpTi4ioxaQUETISkkr5tE/5RNstm52AjESSNpJKCdVakBS2MVNrSc66XjCMk8IWOEuUUKRMGqVtJREFgSglhMhEAoVo2boaUgkpSiehUCldiIjouwrCam1CEQTCaZxRmNIhSteFJEojA0Ils6Wxokh2IpVShVOQdlgl7EwkCxnsBJPNtQ9ETlORSqmSJIhwZkQQssGSBExtstNYlhzYUVRKVWjK5rSN05IUZGuZTRGYUkoaMtPOtByTLSRkuUilFOx0ttawJdWiiBKhUmooIrBlO7PZUiACSSYk2yb7vpMAhSp22pKQ3UwBUyIUqlUBxpjmFCA5GwoDSpBCUgk5pzTGJhNcIyi15RRRszVFyAhL0bKViCIpQlGwbcKoBECiICJs29itTc2ZqiUIBYoSsgxYEsLNIbVs6WZZltNRpBDpIqkrpShULJxpFMLYBhoqCk2tBa6lg0TKdOIipIhQywwTKtASm5DkTCGnMemMAnZItXQRsp3N62GIKEKQETVCCmHZTiMcKiYzEwPYbq3ZVolSQhFFktxyciJrPQyWQrJbKV1EZCZGQESJCFBEgFUgHUFrlBDhTNuyMt1aWq0oFCVCEYFzbK4RiZVgOyTsdC2llpK2sYwU2KCuK25p2ZAtJSICSQk2IUWRFMIZyKWUqTUyQYIIFKXrOkltSkGEotaIaFNObbAlyMzWplIiW5ZSICKEnNkwJcJBtpbplunW0u5KldSmBlIpoXBDctoiSlU6p3WLGlFCksK2s7V0Jspp7Ls+QghMrV1Xu5ZJIkm2YWoOopZIt5wSKdMyhtIVbEWUCJvM5kRBGlktMwpK0pYAMg2UEhFys7AtJQ1P4zi1qZTIltM0RqlpR5SIQA5FlBAyFlFKpO10RC0RKkrbaSG3TLuW0lrDjhoRRSikxNkyQiCFMAQhkDIzIpCDiCKstCVKhESNQEzTSKiUGhHgkIoCgd0SjEJG2SabopCQlEjCzYg2jVg1iFKzJdmkUCiiKKQiWcJI2RwlbNsQdNHbaScQEa01ZUg2rlEB4dYyaomIUpS2ADlCMpl2phRBOOS0QhIWUliyJTsUCikQKhGJp2kShAQupZRSotYSJYqcCoHAYaWsqKVQLFVJEQplNpuwFMpsQq01KRCAjA1hW7XKiggUUUrpalejSJJtZJJ0RIQCPKUhxzZ1fVejNE9OqwbptJ1poRCE7GbLiq7YdubUGlgEYBITURyEFIHTwopQRBARUVTAaVpmCYWUbga7oagRCDswzla7KpUigd0M05RJys5QMRZhQBIhIt1aOlFIUUsAIhDpqTUpbDvTloRU7JzGiaocs7VUlFp7O0uEATdwUBASisCOkI0UtYZMRLScQApstzZiK0LYcomQQFGw03KUIhS1q5Kcmc6+77quj0LLDACcmWlJiSNCIWcaZ0pSKCwiip2ttZBUSpFU5LTlzFSIkBQRglAEqEiSnE6nkEMkUdSVjiBUokiqiFqKpWytlAIiREKmKAiJWktEwZRQS0uWyuQxoigip6mla5Su641bpslhNRpKFALstCIKpCwFMhJCCiTZrbnJChUkBaBMS4Rpzja1kAFDtlajUCTkTDKbEyMEDimx0y0BR5RSSo5TkqUWJBILokQ6agkBFBVCATmlAqcjACEgSgnMOIxKl1rCOEKyMmlWkXA2iiilqhRJzmaUmZJKjYhieWrZMiNKZoIkCAFSKEI43QKVWqPWgsDZWpTi1gyE7MxsmIgiZJK0FKQyE7ANGANFRQqFuq7ipihRiqQAkjFTFmTLrKWzs5RaShGSApSZXddZIbJESFZEKSUiAiEFOIWn5gy5fMonfWJiJtdapchskqHgzMCmZRZFZgoDGMCCtEyJmk6SKGFnaylDFEx6IiQp00I4wJJaJkZFtVSjzCwRGAnbUeSWR+tlkRQKB1hCIUAlQAWsIFEpISICKZ1TTqWUQCmDAkXI2AghRVjYmRlRZKcNIJKUVSAiohQpI0oURZEnGyuUrdngdNqYQKjWMFYgFWFsoCgSF4lQZhaJUpwugQVOLEUpEkGma0ghEkUJhUo43cah62eoCKzoostsdrOFrQAkIaQIsEKJZYFtjA2SoE1Dk3AK4bRCJYrJREhOMrNNk6GEEAUUpRARIYSNQrKNVYRKrZRo0+jWCIUkCUGAZDtCbiCTxhklKKVEkSTAxk5bCEKVtPraOds0pURQrYwIrGkcW2vUqFEDSUWBBZKdadJICkrLyWAjOdPpnKapNddaIkK4CafTTpNOtxTquoIlgUIRNkKSSsgmbUkIhUKKKM7MTAsRIKDrirOB7ASRbs5pam4NyEw3t8xai61A0UVRNDekQHa2lmkCKVQCUEiShCSi1LTttBMhFEECRgqJdBNYON0yEwR2igA7jbAtFXDtqlA6QaUUA6g5JZFZSnFmqTVUJJOiqEbBkmTAUassSZRwEEBmRpGEHDVCJWoptetrLbUUsBRTNlCtBSQTOE0pUUoNZVFVlJCQHMZkumWKVAkh4y5KlBKqpQQhQ1pRFFIIQ9pC2Fg5utSICEmym5GUEmlwqNiZdmbWWkrUdLZxTLuWimgtsbuuc4h0OpFCIJUqm2zGUpC2UCiwEQJJIpImVLsuVJubBApFhCRBCAVkZkao1GrINHbiEqXUGgE2yLZCdkohBGC3TJJSipCAUBjjiIhSQOnMdLZMZykViAgrRAAOyVhgG1DIcpjMKFGiRokowhGlKIokZxpLkRAgVCISMrOEFAphq+Vkp2FcDyJRgBSkKUVIBqMwzlQE6cy0ZMBGETYqpRSJiGIUQkSEsJ3U0qU9DGuV0rIVhUoEMmrT2LJlc0QoLCKKkAAppqmVoEQRyqmBASvJxJBpE6H1ep1tKiWMp3EEi5BshWRQOmuJUroIRURzChGAcIJapmQU2AQRgUy6ZWIUQQZuoQKADM4c22SDacIt5YhaJKac7IDmdC2lKBTYak4RzkRRau1qTSdpRYRCRYJsTUiBpBKBJFRCpVYRttuUpQaiRDFyJsKZNmk7E4SEIoRNRBXppOXoZgohpEiIUDpXw5pUFNvO5lAgSyhCBgxyOqepn82CSLecXCKaLRQKQopQaBonRClRaqfE0PW11ECEJJyWUCYSTktIwsaqpagUN+y0iBSSFZ4cJUqtUgARNSKkECLCYKUcEhgRIEEt1c6cLIXkTCSIsBygUiRaZkjY2MhyZE5O1RKSnM2SJNuhUrriTCHZliIiQkmmLWdzSoRKrcVKWSVKRAgIWjNOhYNSawcgVYWddqJQSIRECGdThBJCtqoiIrBbmwxdX5GypXAo0mkapdASyRhJgRFJKWCaHaHW0iitEhFdsbMoQHZTEl0XIo0JIWxVoZDVMrNNFkoQSCEoFSeoRnFaERGIEgUhmodplKJGsRAYIEKA0m1sLQjZzThdo5YCqgqMLXBmczoLJLJRIUQ2Rwk7yAQP04SpgVQRERFW2gIhQUhpnJl2KSEVSdmasZCIllNERUiEIqLgxJHZQJbTtjNKwW5tbJmSQON6GIeh1KIQDuNsOTUXkc2SW7NNGJWIIk8tikpUicyUUQjlOE1dKZltGluUYnvKCSQxTRNYhBltlVAm5dM+5ZNqCcsAElhRZINkkIOwM21FZGatpdYKEUVSQRmESmSmRSiKVIowzQiICCltCcCSDKRUMrONrbXJME5TLQXSxHK1HMfW9zMQYIyNZANgmlAiWQKplCilTsPYmrtZh2UckmoBuSUQ2JDOiFAExri1FCiKcBClqwqBprTCEMJTNgGoljAy6YgSISkiQoGiRFguCqEIOSIUtpFCMkJIoWAap6i1hKSotSBLUjBNtptFBNlSUq1dlMhsmRkFpNZaYkEpkXYm6RYKstmkbTsiJBKwhZCxVMkUanJIwpacCKctaEoBkjFCiRBSIDLTTpUSSCERtQtJ03okXWoRiloiAtSm1lqrpUqRNJBCkhSlhEJys50ppzHK1mqNNLRMPIyDIUKQDUSQNi41QCVCkqGEIhQIKKoRkG7ZpBKAsCCdzVFKCYSMrQiFjEqIBEotUjgUMpLIzESWFIqWTSLTpUSmQ7VGZMpYki1IYUKZqZAkG2PbRsKKio1AOK0oOI0FmS4lSkSzMYDSBgFRUnJL4zSBMSadRupKteQ0uEQgFFKESpUlAXS1gEwLoagmbQspQpKzuVkhgSRBCUnKBFRKpCUhKSQpEBGOiIgQEQWp4FQEhIokRQiQIopQlFqMPE0tHQjF1KaiiFBLB0CmVBBSy8lGtQAKSUAItzYGoQhMhFRKrTUiFCGcrTkdUokwOI0UIUkoUq1EkSLbVIqiBLbARiVKBHLLBlZEjeJQTtmgkAkms6UlYwkRCtlWyEYqbk6aM6c2FcmYCKG0FYoIFVpzs7PZ4aoopXYR0zhZFiBZLqVKYKZhUqhEsVwjolRsSViAwm1KEFa6SRKkE0DF2FgiimwIJFqjtUlCVSIEqgrJQCBQpkMRSqw0ZOKQ0hKCRoSQJJUS0FqznemWma1ZRJQM55SYUouwrSRBRqWWIBRFdnQVYSeEVGxHYDROkzPttFQiLOEMCSQDCWQ6QggEmZaQpYiSoVJLwakIG1Da4zTV0kmUrshqTjc7iSoRkC0NRkiBHTWkSFmlgBQhZKnWqlCJLjMzE8gpm7OoKCSjUmwDOGwHALbblC2bbJWQwtkU4UxjSXYO0xQlSoRtlcBkJnKoiyhSOjMIsIpKhAwiFNOUEVatxraAUFFOLbNIpRQpEpMJRClclm2yXUpXIhRRSoTC4NaMANIoShQp0s5MUMucptGiloiQImpEa7YoJWyAUorJEoEDIZWQjTMpNaZpQhG1RCjtiJCUcramKCVCpZauWLTJKthIqiWmNiqi1ootRYDBiXEEQdg4DXIojIRxukkRKrZbZtoRonnM0SBF11XbpilCiiKBjCOEZZE2aSnC4UwJhCLSLSKQ25SWS4lQSVIq2IJau1DYTmeoCJAwpesUFiQpFZAk2zZWCxUwUrbEJClwZkS0Ntmu0UVoai2nbGnjtIFmgyPAiqJs2dyEp2aBSgSR2QCQweGwonCZQk7U3ESZ9Z1FtqaIWmuIru9K6SMCIATIiSPCypwMIIQUhMmQJGWzSJBxNietREhRVCQlLaRSusxmjJFKSFFLDdlYyEZhiEKUCmlbYVEEBAinTGaCjAWyM91QFEmWSiAFIGWzioqNonRFFEIipLAsJElRgNp1Tk/TGquU6myKUBEN4yg4RZGCtEXgZmML46mVLkRYiqjZJkUpIalMbQpCgVBzRkRRkSARgYRNVFm1lFqjlFK6WkslZDkiMHZKAQhJgVIRBVlIAoEzjVEJoKWdGLfmzEy3EkWSTGa2NiqKFBBIRMGtfPqnfVKULhRgTEjGdmKMgzBM4yRACNKSMbRMGhK2wW1qtQQqAsQwjhEqpUoAhlprCKcjotTSMkstAkJ2llApRVElSSpRulKRbUMANokDRSEiIsKEBIIk08YSkhQIScKy7bQUKlV2iNackNOULZEiSmutlCCKRIJEIHBRZFqSAIVUQi6K0tWiEFe4RGBl89TGlk5TixS11ihR0laVGhGRTkklwjC1aRqnUmqmZUqtpcTUJre0s4TSslIKi3CRU0V9qUYRUUupoChOlxIoao0gcFoCC6uETJQwVigIiZCioKgllEm2KSSFAFC2lrYhQlHkltiSZQSgUuUkp6llKqQohlAAuNWur11pLXNsUhhqLVbIHqdpGMcI2QiFohZFCQyZUYtSXa1RlI2ICCKxbSFF2LYRAZAtUdopgFCkmxGkjayIoghMy1ZKiRLNODMzS5ScGpIIkW2yIVQiwsZgk80tWxARAiwFUoBo6RJRSpAQYIUEtjGCTNNycrqrpZSCLKKERjc5pRoKu1mqEZlM0xRFJapKKIqc2ELphuRmRSKJQLYUCi4LhcO2nA6FBC2n1jC1VIWwoQgkOSHAGJeu0IyUTqenNqXdGqWGpNYS1FqTLSkhM0G2VKKWSOxsoNaMUyGMRBDOlAS4NUIqIdOcEXJmrRWkQISi1hooSKOQkEQ609laSJlZS6ei2nWlxNQayZRNRObkCKCUkp5aEkWKQloREZLkxG4hlSiZjGOTAGwXOcGZpUYtvVSmTGxswn0/CwSUEiW6EuHWLNvGBk3TFKFAgswWpYSkUkuESimKCEUpJIYgCCItJyEhYydRAnBaJp0tHSVKKQpKqSJkW860sQKnpUAiXKJEiYiCZBwiLTsFQJQCtpFUu1KioFCATbZMAYFDIYUEJiJC0dICoSgRIRBJw9nSbjhKEREhCVSilrBgammXWmSlM51OR5RaSzarRJEUgSQbh5BzAmyVUESxIB2EYMrJVtd1CGMpglA4006XUqgRyAgwIgKRabuN44iRSt8VgaSQSNkZRV1fMWmXKCWqJBGBLDuzlFpqdWtSKEJELSVqcWamS6mlhkpRBJnGmSaNLQEhCSPsCNkuoczZfBYKJ6WGpGx2GlnqCpJE0GzbElJICinARiFBKkPKVIoa4Uxw7focmySnbUIutYsosjPkbGGpKCyFs7Uck1pKhEKZKTmiGIMwrSVQaxdAACouVIVUuk4QVtQiyXbLBEotEGRKBRwlMFObulrBibBLiFCpvd3S2VoWhWVZUQIk26jWGnI2ImopIbm1tEHh1uymiBIlutJaEypRWrNpUggiBEIYWmtpu7kUIQFRCiLbVFVrV0tEZtooIsAoQogoIcXUJkAom5FVBKRcrHEa7Oxrjz22ySYiohacNkJRIkQbm4MgLJpbJlFCymlsQIkiSUXKkJ1KWeM4SZKkKKVGEMgR1c5QRIRC4DS1RClhS0EpNRwETqNwphShcDNCxhRnm9pUFBEllWpFBYNCbm52tjZNrZvVTgUDEYowKbK5Tc1YKrKRRFiW3CRnZjZFQAJSIIUUJULFIBQhhdyECEi3acqIUkqECiGnRShCIqKkbaOIdGZrxpKQsBAgipwuUYyVLrXkNLXWgGlsCiIiCFUShbBCAgxMU3OmG40MCSGQhOwkW4sIktbGNFKJEhFSKBREBGCVGpBtchHGUWpVMU2o1jKMTaiWklOzPU5Ta9l1hYgSgbEtq42jIrra2VYoQrXUUkoUWSIxmc6WAJF2ZsMlIiJAmZ7GAcIwTU1IRWmwZSghY4CspQK1qxFKW0IgFKWUUoOwLFEEYLt88id+YtoRtGY7IyLTEaXRRCTC2dIKRRRF1BIGEhUZ2xiEibBdQhEBKsIGu5SKCGHTnIIoJRNaEzIO6GoXpQhJbm0qoSgFbIUxIDAUSRGBbEeoSGlLAqcNFkiSaokY2uhMyQjhsI2kkFykCCVZFaWvXRQCbHBOLiFFGBJnSyPjKpAzndmmlgGqYWEr0zitDJWuq2DbAQ47UYQMJTBAay2iKkH0XR8lBBYKpOi6DoUUpVYkEdkyoNQStcrFELJD2WhkIAIQdmtNkkVEDSGJCGyBVIpC4HQjI4pMJirYxihKlIgIY5UIMAg340xFl8o2tWlKO+0W0VkZjigSJMiZacJk2qSylk4lDEhKBJIkEVEgIqYpWyYghKQSBianHBGIbM2ZpRYwEmDSmSpFSQSYUmQ7mwVOpSdFJRMhiFqMpchsGIEk43RKEliGKCUkGbslVrYWIYVFNcYinU4hOxXKluASgWiZ6XQ62xSqXddhRSkqEmEsAQpJlFKKgoQABLJQEM2NTGFqcXpqQ9/1XdRQOEJWmja1orCAjIgoIgUII2iZYIxQCds0Ew4p7VrCYLllFkREkYxKSLXI7mqJKIm7IqMgHAa1TJqFohjjUE4tQgqZVkqNEs60nZlIzU0KCyXTNLVMt0wngcmWbVgPCEltai1TQqKomDRCCEeUIjVnRGCDsjVwRFg5rodSApCzpdNNBKREa2lSaXCiTJWikCIEpBwKSoQEglJCxs6Uw+EShcx0iwhFCGycrZQihQDRdQXJAqEopYZxsRTOzCkzc8K2lM5aQhERMspMG0lRCtgtI2Rku0YlaK1BRIjA6YiKCIUBRaAIMAUUpWWzXQChQISxMzMdCqGuBpJREZmoaEojhTBkemojRhGttZZZSy2lmubM1qZMAOxSOwlBAibtTJN2OluzjRFCNtQoEVFLUZEcElO2WiIiMJkTWIpQRAgAOdOBAkvZXLtiG2Q3G4NEa+l0RORk2yBAti2MglCJUmwgp6lJARaBM7NhG9lWUWturUWEjWqUghAoxNQmqTgdUVDKTotMFSFJEtRaMi2worllOorIbG5IEcVSEVGqnZOzTU0oFApaZjaXIiGFwAKnQQoVlWanHRFKDCrRMiOoCuMxE6sWQdgGlxJRarMFhMhEgUzaoYiQgoLTURQSYNOcYDuREHYGKIRpU8tIJUQUkABLZBo7Qkg4sQ1ACTnTICJbTjkVyUJSREQ4kwj62jUb2zYQEKVEkZOcpsSBMhIiigSSuq5EdCC7KZFUathubZJKKcVgDBiDikoppdZCyKZWYQElapNtC2c65a7WkHBikOzMlkJICmxLrlGiSg6TUmCmaUpb0NVOUmAoEuAiNavlRGbaEVFKDUlOG0VIYKKETWbLpEREF22cFBGhQqQTjEJCEaFABEIRIlRLlYQITzkpMydZhGjNwpJEKaGiApRaS1UJO6siSkSJTCQFhGIcW4RLVGQr3NJmIp2Z2SIKIoJMQqQRGGQkIkoQRuBSpbRRhIyHYQBnSwwCjJS4KOxMOwjZEgbjUJGcrSVUSRFRqm1woBJSSHYD2yFFCZUoCAlFYtRMhENdacMUoWwJLqWUqNM0tWmMUkstQs2TLCIUcrpIERGlqIQzDVHCmVPL1qa0wSAgDRAhm4iiKCFJKrWmrRQhuyXuak1TZUvOAORsLRNqVwVpg20Z28bOlqESRdkSWk62nW6O6KOUvmDAEhHFmSJqVwiBnA6IGmBkISmiK8KKIFOSSoSlCJABERKQiTGofMonf2JBRpmjk1JL15VQsbHTNEklSpRAymYL2xESAKUWiTZl7YocDntKyKjhRgQh2RgZ7EyrRBinWa/XUVRqUYlAFjYgRdSIYRwzW+lKIDJFRCkhpbETFEVYlkpQVCMiCCQFtouUmeM0hkqtXXNKMogoNaIE9pQZKqooaU43ZzYJCzdLpN0VhYojSgGLUCiihLNhMLUUlYJCSGacJkkO05iymXQmkqQqRQnbLScBItPG6cRSCMi0RMiZGchBKVFU0ilnBFiAwnJImMAWtoRUQoAhooCxU57GBpZkEZJSYAmJiCo0tEmiRESJohCSIiSwQYGMnQopVBRRqp1WRITBmQl2ZmZLJKTSsoVNRIgps2WLEFiK0nUE2VykiIIklCRpy1FKDckCCEWIJLFEuoVCRTIGSTZFYUlSFGFKlCiBJRSKkCxCIRMRAMLOdJZSIyQRYON0reGQIkJIHXKRkWxP0wgqURSqUaMoImwys0TBlFoUAimEAUKBQIoIhUJMObU2hRQlWlpGEsj21CakQoAMtVZB1CLJGBnR9VWEFAZLdsoSInFEBBCZaWeESylBmVoTEKUUYbAJgdNZJBtnRoSIbJluQggS46KQAFQClJhMKSIKzqAAgkzGYTLgDJWQaomWtpuRJDuRsGtUIgLZ2VqTUA3SRhFRIjLtNEg1ckpJFqQjQkWVQOr6UlTBjayl1hqyW7qUDmWb0nZESKWotZwQarTWsBUhI0mKkBRhkgQbuY3jahg8ZZSIkNOZOWYWhUTLVEgK2ZmutSMkjBW1ZLrl5EQpQIpaopRiYeNMAGHbmQYjSRGqpSQWQgpJoVIKAoOMHSVECAAEITe31mopBKIqJFuKUqKWaAYTku1MN6dMURiFoigURJSIsNxalhIiCUXgxBgSK90IKYqACJzCISFHKBS1llpq6UpRgQibiFpCQbaMkMGtRZSWaSsk21KUUERMbkK1K7KKSi0latRQa+6ipEkTEYSEa9E0tWkaLUcUhBQRSLglKDGgkBQyCgEqgVCUbJ6m1pWCldkyyWxGJcJ22s7WmrFVREsg5czMdLYmRQHbNBOKEHZRKaXYEJIDaNlwUynOHMdJEIRxa62U0uw2jVFqCSFlNklIkuy0AoMdIRRjm0qI5nQqlM2Yrq+ko4RkI6dbGmynE5zZWtpSgJtTICkUUqSoodYSKFGEwIoIjGU8tixFtqc2tqnJVoQjJLepISSq1MicnHZIJjOJEqUUCUmSkEzikEqJiAiVCEoUFYWk5kxboAhkJLcmjB1UsESoAAbsiWzZBJJLFCnSFJVUkoKUhWTcbEOJkNTSYBVJCJw2Jkm7JaAINedqOUTQlS7lAIuQbAwSQVBCoIhiFCEFzpYJNs5sJgJKqcY2IkpIimmaQKUU2xaYtCWVUhBCkrpSFCVJQagCAknCdtg2zrSVorTmaZoUUSOQIpTpKCUCkJwtDTFOE5mlBmRIqtUAGQqTQhTGYVRQagfYCAjTHKJ2NUKkiVKKLEqEJExEoIhQhJwtoaVRZjZZSG1qNl1Xp2wyKqVEdFFqN1MoM7GbUxTcgGzO1qQoyBEhmZQUAZakzMwEWQohIKR0s5CNqNF1tcjZsiWESKfTpZQSwghZUlBKIaWQDWnbCQhJ4EJELTUCLKOiTEsRMObkdISRJCw5M92kUGYahVUk7LRUSi1RihQ4Bc1gRVcgQkICCJPOli1zyiaapQjGoREuEg6MIkpEI+UoUcAWJUpzki4KCQPGtinICLfJliAUCFmWCWE7HUVtbGnAoQDKp33aJ0Up4DZlpiNCUtqZjqJQRC0hGYON3BoGaWotIiJKBGPLBJAUBkm2GmmHlWlHlCIporUGYNo4pei6mRTZMm2JlokoUcbWMh246/ooIBk5ExMihQ1GCoGTaRrTGTUyjW0nJhOFagkUQs5UQGbLyenmJMmpTVOLKK2ZohAJJBJOIjS1hnEoLCOVKDWk0lpLZ1TsCIXbiIRtRVcqyJalSDKbm5GFCKUTQMrG1EawUKmSMcIpBVEgrBYWyPZqtZraVEpNJyAApRuCzGa6Wm3SBmy3nLAigrQFdomIUkREyUwybafCKCKQC1KJsElnREjKJLO1qSGXKNnStkq1E0UIoZAMskMBiCCICIMzESack+1EdpKWlKkIotSQGg5bKgpsZE9WYrKVElKkm6BGKaWLYJpadCVCYdkowmmniTCUEliSLLfWFLKRsXPKhlX6vpZaFaq1KKZxbE4QEYaiUJBJhLBBUiCLUESUcNq2cbMzLayIElUlgFAJRdotLbk1d6VYai2RiwQRIRRgIYoiJEKSkQRGIWxQZstMElBEMSphJ+kUgTPdQCETArKZoES0pCjSdnMgRADCKECKQK21oY0yUcIYsFEJIUfmlJZDQUginSiUJLhNTlSElJnNTajWohJRisDYEipdUagIMNPkWkvpqnDaUpQStrCxp0yBUMtEYKvElC2iZGuYCJkMApGtWdDcMltSapGRMKqKUqukECpyKjMtjLFqLZi023pMyW7ZbCQ5FAig66oiWkun0y5RTba0FCVKSM2SURGZLVspdRqnCCKKIiJwkJPBxrbTxsgQQoBtIxFks02EVFQiLIPalBgLyWApcGbadqaJEJQomS6lGLexRQkJJCE72zQ5JMjMzIaJUCklwpkmlTlZEYrEtVQkN09tEtRSu9pTEAULGshubXSGnIAipAgpEruhANuCpOFsU7acphG7dhWFBNBImShFCotQODOdhmw5tCYnEZmTU6kWslAtpUQh6tRGKaQotcoCIqK1FE4RNrh2fSmiyCYxmaWvNSp2FAFTG6WQUFFRyMpEkpOIKBEG20kzQEqSopSikMFQohicNkiASQQYIKIEIpptRYkSLTOdWF0paakltcppGwXIyjY1O7taQ0qQHNRpGg2haFNKRC1kWiCJSNLNbhmllFojhEIWCgkr3CYhhWotUgiDIyQFtu0oBSAKBQzOUjvIbIlRhEJq2RpAlMgk3bDAAqSQEIEwKrWvFdzGjJAUza0r0ZJsUymSlXazw4CbAUcUoaghxThNdkunQUFOhoyIMJKwE0vRMjMdIUlRQg4iMm15yjFQREm7gLoqI5MNJONm4wxJ0pRtXK2HYb3Y2ESMU0MqpUpEFMCIwE6hiIioEpKwLSIiFFIIRSEUISkKIZxpKRwEIOHMiFAoogASNiCKsk1ShMJYIm3bUjhs2wIiZNLYoFIkEagZyV0tmU0UR4mICCWOgiygtSQNWOAUYE1tojWV0tWaSYQVclqhKKGIhsNBqI1TmxI7M4EIOS00ZWLXEqAoChWCcESNCBWVlrYtsGUBSTrQlMauJVCIoKAiI0Bhm3QLBYRhGls6BUEQcrbMTNtpsBSgKGBwjutxNp/ZKhFd39vphgt97Vu2tB0Ct8kthygRUcG1CxIDCmRn2qHiiBoKjBQtHQVUQzLGtNYksmXLJBxU2UZRqgQIAW5TI5DTUFXSma2RVhAKS5IUlFIoRSinDClqLbUSIIzsJC2FAgsR6cxsmCkTSQEGc1kKIRGRkxvNws4gVIIkZUkqEThtnFKUT/3kT8Gkjem7LkrxlC2nUgNUaokIp5FCkmSy1CrkUMs2tUbLKEVIkK0FssgkQAjC6SSRAyuiTdnaqBKhEhFkMzbCTuc0jS0pitpFlC6T1pIk7cyWtmQrkOyUc5wmUMu0DVJBChIHEZLCRgILIUdEICHCUUoQYVxLKFRrjZAzbUeE5FJqTk1Sa621FiXcslnhNA6VNjlbm9qYprWptZz1nUEguytBkUUpXYniwImwFFIIY3W1qtZMS1aUIAgkLAIhEUqPtkCO7Etn0expGJsdyHIILIVKlPTYhmnKVKZCKIJIQDQnxpB2jWgtBUVRoliJPY5ja6MUpYaxyapwKFuTIoJstrJNky1sQLKxVAkiIqLILl01RNQIsmVEdH0fQVeqFKWUUgSaWhuHATtKAaVTCkXgLCoRilpsFEICWdmawy6ltjEbKZwtjUspUkzThBCWyHS2CQXYUGqNKOkMKwKQQgqm1mqU0kUIk4owFi5RsImQEESUAMCZzelUcwsraie5FNJ2UkoYS2RrNqWEVMgGRIQki0BIQiaLCrhIoAhIUAaRGNGmnNoUCiHjkBKUlmSQwGQmKCQJIFRCgbNltjY5s3aVEEIhIwBUqpLElFpDUSQiSkQpIUlRZJFYUYqyZdoBSM1pIbvUgnNqWUsptWIAZwNJJWQEGUmzQJpaiwhsiCghFBEKShSThpAUmqbRtqSu653pbEaKCIUkg03axSIUUaLKkyPUWjpTNSRaa5lOu4SiRCnhxLiWksZuCiliXI/CRRGlqJQSUaIgICwLSimEmNxFRCkmDRFIoSTJNk5GpYShTU0oSqmKFCIMsiJQoCgCJSjsFBYYk6iGrKlNoWIA2ynARERraWQlBG61VEkIJ0XK1pqz1GK7ZQpLRSVkR6kRxqV2kVjYScNyWkQootRSJGV6PaxDRSFCU2sAuNYuJCdItasFG7paay2ZU2YGigiFnJYVRcKZIjAKqUSX2bDBkrAJZVrZShTbpUY4mtKZljGykEtURwhlpp2SROlqJSiEBKE2jhIocmpplyhqNk6wqQpJTmdrE61XVSltnLq+ohoRETG1lp6EVFRrBYtQUUQpiohSFKGIiKklLROHUMh2a2uhiCKypdMZEVHCWA5LzoYdUUqUkFvaTtXSlQBFCUI4i0qIKKVEWLZBUWpxZlFREcZYFqQRKEkshERXa0QxwhlFigIZoRKdhABHOrNlSEIERsbYSYakTLtIZBoRilJLlMC01iyXErWEbWMBEaWWUpQS2aSIKBLObJmIUmpIbZpEsW0s0yxBgKI0G4QVoBJOZDfAKjVkt4bCpCSphIVTEYFJt1ICRDZjREQoVKSIkMJYkqAo0mRmksYBQCldBAIroiuL+dyyQJaQM3NKK6ViZzbLFgFOLAXpDCkTKUmZiCIBynCoQCNBDkIlbIKQNE5jsSIUkrEDshmVUkoU42EanYlQYJTT1OwilwiVCIeKHDjdWouIUBRVodacTgkJN0vYErZpLU2GHJKRndkyyShdV4okq0EEkI6CrWkc3XBRgUS2ESUKECUkpjbZKBRRQoiCaNMURUApRXKtRaUAggjZRtiOkBQKlaIQCoVCYCANFBWkqU2kVeXWCHWlCKbMaWrYtetkmjMiQrTMacg664SbKCFMSOtxaMOkQERIcrGbnaq1luJsESWbW9rZ2jhNLTF2hsLGuESUkJCihIwFYKOIEpIiFCqKSNtFJaozbaczp4kaJOmIMIBdukKRkqm1CEWUEFFqSIhQqChMRKiEVBRZqCrhlm4NhQJBFEWEREQJYmqTJNuKqCpg4dYmIYlaOnCbErlEAcAQtm0klU/9pE+wHFKUqLXD2HabSnS1CDRlShEBYORMjBCBbFomLrUWFbDTwhBFmMvkkEqppNuUiSNUS1dqLUQISyFJqrUC4zCBZvOZVOwmyVAjSqmNyURECMKSMAHYGVUlIgQUSZlTX2pmCtcSiuKC03ZiKRQKKbAjVGt1WhJKWQng1hpWJUqtoDZOrTUEmbIltWy1VIlSSi01wopQREjj2OS0MKq1FIXT0zhKGEdE2pIACYVCalMjUag5s6VQASMRktqUOC0VwpKbhZGwLZcordkCtFoujw4PUelnfZsSVEqUEhLppKUiJLBsRXFENRaR2aYpcUatJYKQjKS0CNNs1HVdP5sFcjK1CdvO1hKcTKGIiJZWIJPpKIBwRpQIOQ3qakllNrs5aeN6UEgEUk6TQahIXVcU0aYUUgjLJEkoFGQ6cyohoigUIQeS0q1EDMPU2gSESteVtEFyGkoJFJ5ychvHqbXs68zk1JrBmYmLAgKsElEkSZZhcsvMzGZT+1osG0l2okJrLVsoFJFTZmulCwg3p5skKRSQRoqQkRCBWxrSRMhCEZKwSRmXUF+7hknLBikUIdnOBjIStGzNdmaS6alETVyi9PN+as2ZcgCBhLMlFgpDjQBZTK1FhEoRdrMtBUmrUWxKCKQIWSGVrmbaDbCCKB0AOA2SAAVySIqiSLuWUmoNRRBRwwCywRZCDsIYpCiYUovNME4RiggkW84sKpBWCVFrwQzr0VIpEaWSyKFSINOtjc0Kt5a2jZBRhFDYjigRYZG4IISkiEAmQSpRcRIOVdtumc21Rtq2A1EjJIVwtmyIglCEhCBcJCkwoMyGJKJUiYKZppY4QuCiQAobKySEkKTWEqXTJUBCiFCA0iCoUZFt28iEIIUsGUcUgcBOokQoTAopFQUo0zSmJ5pqV7quAyKKkEI5tUwjokjIRpIiQpFphYKiAJw2QlKEBBIlKoGxLUSpJSJEwZZCEkZBaxlFoei6rpSSmVFLRNQunAZAUmRmKQGWgzAYLEUp4bSkCJWQFQZlgtPGTqfdsKKITKJIgAWk05OT6Loaai1tSShMWo6QLGwbBFEiSjEpjJFKhKKWiEjbIMmZEWGR04hVuz5AxZk4okRIihJpApUIqYQjRRjjUCklbGMbCxoISomIQBGSjWhCUUJYKuDMDAWSMwVYJcKAItsEVgkbheyULSQV2wFWKBAgy6AMKW0pAhkyLSEiSgEJIgiF07YiiqRxXOeUSQuUdhAlwjaBQFHAU04RRSLtWmqpMhaWsRRFBQA3JJVaEmPsVDJ5qrWLCJUIVbcpMyFAgRUSkTjEaj1gl1oy02mEFBKWIkoXJUqkRWYoimIcJnApJTMzTVFEsZsISU5PrYFIjznJVoTBaTkUEjjTzpbOHLEklRKKImNacyqiRE1ZjkbaEpZqTmNrTWSbGooSUUukVaM0ZxfKDOxMQ0u5KNK2ISNEiswJAEKRmRGSSkiZzXZAlFJqddrO1tJ233UFRS1F0RIhW1QJERQVQiKmsaXHGlGjEkpwGgiFcYSiRKazNdsAliAbaVthEyKitJYkoXBQuxpEuoEybSMcpQiDBMikp9ZMq9HVroQjAVRCUYpCfe3S5JTptKUIFSIim51TWkCSblYoSrWRQhWhUK1RjSOVImTA6XFsTiuIiFp6pBIByI5QhJwmQliKkDAKiQjhdIlSSkmP09RCiigOF0kKFeWUhlo7SbKcOFstRYVQwbYTKy1na24oCiFRFM0ZuGWO0wgIqYQUbggiSrYmiFIslwhs25WYnCGaMY4ISJABCIwkKBGEy6d86idLRClOQwYRJdKKgihOtzaBFKTtdImYplQQOK1SI0pxGmFb2JYzLYGiFIEUUiiUNkgEATIoyRoVhTHCuOu6ftZBumW2tF1KiSgCZysRWJiUhZFKkW2sGuGIkGQjQVg4maaxGVoGkgphZ0YtRWFAlgJZ0BJhmVKwCanZtVTLSF3fd7O+RCEC5Ja1L0IGWdM0SaoRKspsLYkoMutpAIGxnRlRAjIJuTXXLmQkZzrlUAgJNSfGtoqkEASldqWUMo2TrVKKhKRaQlFCERHCUUup/Xwx70oBCEEo7GaFI7paSHuaRmdKkWBsUCikUqsiSBCAjeSiqhpOJFBkZu07odJ1nYSEXFSdOQzTlBNIUtrZUrIUCkly0twoysmtTV0pUWrpqpBFRAjJRqhUJNNay5BAAiQh4UymaZCiq1WAhcCSkJSZIdfalZBDAeCiYlklRPHUppwkRUTf1UbLbKIg3ByiRDRnTlMobE9jG8Y1zlorRC01CjjSRrLTmdkyIqKrQuk2Ta12JSJsUxQSkJlYgA1IAiGkUpAiZAWpUkLCE+nsaolSLEeAECJkY0inwBGBLYKQVEooUSmAAFRrDSsxTikUSruWSKcMEShJbAuwTQKZTqcCOQDLGJXASEQEVrYWAuHJdkoGlRpRaqhYThtnhAgFWUqH2zROiZFCEnZmy7RwpsnMVISc2CVKc1ZFiYJlEogIwM3gqbVpTMJdLRKASjGZmSIkO0nSmQg7JJUgEEVKZ6aEhA0CA3YqJdk2tYvWUoGgZRNSqJYQIhSAsA1IEiFJVsucWksTOFRsECbsJkhLwgZaSyuUk0NRIhzRsk0tgVAIpmzOLLWQIEkRComWTZakQKWrUeRmFBFKpMB2KaVlKgiEJKvUgkEKhYSxEc50hkrXVxHZbNutRQlF5DQagwLcQHIamjEiGwoA28JRiltrLW1jExER2E4UiIKbCAoKhZSkUMvWpkmSUMtmO0QonG6tRYSkdBoHAJnpdMNBgFq2UJgEiGJnBKiEYpya7a7raulqCRflOJZanCmc2CZCokieWkpySymilASypUyaCFprTkUUyak2jVKJIhHGGCfgLooUFm6NEARCkm0gpBIKRVAocjrJIlkWRAQIScZ2kmBJIRmjABHOzFKLjRQRMti0bOMw1r7KpJut5sS20njKNEqnLLCkzDQWhIoDQRQJgUllhAhBtlEKQhakosotQyVKsU2CbBiGgUxDQl86wGAZZ5KyJBFEKqK2Nikko1Ao2mTbCiIgbUmSQqiYVMh4HFYRAQowBoVkCEGJNrVMt0yUIIOkWhUKrLRrjVICohTJKCLtNk3NWWtp2YCQkmzjVCJKFJyZGIoUEVGjRImioDRlELUEwjZOC2NbpBEhRSmhwFNLExFEFJS0bDahEqFQIEsF20gmaoRCUpuanSKihkKJIdNqLTEYKSKUrUXYCIylsBSllJBAEk5US62VDDszHSFCESWhTZMtRSFSBQzObJRaa0QJoJVSjVXCzYCkKCEis9kWigCotUqhAMJYkjIDhwpYIoqskB3IOBHOlpYNKiWEEo/TOA3N4VJLoZQgjSECJKdLFNtJGhSSBEgRpUhMbiEUqgQYRd93oYKRTMOihBwqAYrMFopSi4hSoxRF1KgFm3AQaWe6kW6ZtlDaEpjEJBECkajKmUokqShwjRpREGFaWoVCNNymKWpEFIEkCNIWcpJWSAoRzVNOzdhpLIlSCwTKbA0RoVTiNGSoC0UpbjlMU2sZRaJECSXpzEQKgVARUoBtJGHKp3/KJ0apQs7Mlha2o6i1BBsUEZJTEYFQKIRCqAgkKYREWgFSWBQFJh0CEOBUCqlGSM40SAhkiXQgY5BkCKcURjjTINxAkom0EQIDKBCSIkACBwIhFKUIkAKHlJSICGwAiXBmiiATnJkAkgGrlEAhJMmZRCjkNqEQdstUYmVCOgERIRSZFkImAmzSLTFRKgqTTlRCQAR2pmwbhRQQkgRORcFyOgSKEFYhm1QigAyCKgFpMJC2iAgFsq0IoZCcaQMq4TQygIqkAKQgkS1hGQvZzcKgTMwVmbYznW62hGxQFBGBEZYUJUIyLgpZKITsTCMZE4RCohBCqYyUQiZBJqJExQaFiSgAQqFsCU6ROZVSFMUtWzYbkyIkCxmFSqkFokhgI0LhMEhpCykiSoQVtoUUUVGUQjqNSEqxjJmyYdVSFbLIhgXOtCWEiFAoghCZLRsRESVsbJfAwmnbgEqIQI4Ik05LkIoQiSQCWWkCCAHYtkhJ2EiSkU1ECElGARECkEoUSTIWBuR0KkE4UxJCUcBSIAkjFAVh7DQyYEeSISEZhZFsy0aRIYwkEJi0MIoClmVsQCFJMhmQiRsOQUjpRpKWUCiiYJAEigClDZIkDLYNBpymyCKIEkQpSITdjAmVUjCZk4uidMVp4whFSBEWoVBEIEUYSQogIlDUcGbLxFbKsm0I0ywkgkhPmITMjJCEJCSwi0KUKF1XTCA3ZygEhogqEYFENrCNo6hEOKR0lBAhCWMRlk1EiRokSCJQSgFCBqapZZuEVEJpnEi2UUhCRSGMAZxuMkSQbqDAOCwgEdBosgRCbqkICAlwOhEopeJ0JpGZciiwRRgSGyJkg1QQiiiSlK1ZAsuAk3RaApWiMICxTDqFwEaEitKSKqQQSpCQwrZCQiqSlEkgSTZF4CBTYSISAGdThNM2ClmSjWQcxrZtgUoUIcsSFhhjgREYWRkRIgQJBjIlRQQKlBgJoZYNA5ZDUtLSACYxkpBsbNtGESEjsI1QjUhbEaGChFCaCGxF2HZKzgw7E5ACpS3JUkhIckpYimKanWkJSRhjRUiA3awiMsABFthSCIUkUUK2ALCRp0y3iIKRjF1qDQUhYZCACBAh205HDTkNaSOBMjOzZabAFphQJoiQsjWnJErpSolSC3bDAkCoRCBhwDKlVCOgq2GFWxIChwIQRmRzZmKEQ0BICskik4hSa4nARIQNTggXRQhTjEuJkI2KEKAISYRJhSKkKFgm04ooIZw4PWUSwhmBVCAzLSFkSSUiiiRbhAjJNBMhSRYhZBFCApskFCHSUgQoQiVkbGPJUEIYZNKgAIXkiMBGikIJYWSSzNYi5EwMSCooQDgVEQFgqzm7KKVEJiIAkxAhJAEBkkBJtikhpQppG6llE4EQIEUtbUqwJEUppUZElVSrbUl2YlApISKws7m5KZFK7YKQWmvpQoRqSIhQKVGak0zkxC0lIJBJg9MmpLQNpSs4IiglWmu2gQAkg6BEwQkgIQyEIrAFbpnTlFGi1M62kwxnpm0pooaQFMKgEiGM5QicBCCwIwBsAIRsEwJJJQoqRZaMJNlpI0lRakQiTDrBAURR2KRUkAIhhCVSsoUlEuPgHwFFXEOOGW05egAAAABJRU5ErkJggg==', revised_prompt=None, url=None)], output_format='png', quality='medium', size='1024x1024', usage=Usage(input_tokens=7, input_tokens_details=UsageInputTokensDetails(image_tokens=0, text_tokens=7), output_tokens=1056, total_tokens=1063, output_tokens_details=UsageOutputTokensDetails(image_tokens=1056, text_tokens=0)))