ImagesResponse(created=1780384763, background='opaque', data=[Image(b64_json='iVBORw0KGgoAAAANSUhEUgAABAAAAAQACAIAAADwf7zUAABxZmNhQlgAAHFmanVtYgAAAB5qdW1kYzJwYQARABCAAACqADibcQNjMnBhAAAAcUBqdW1iAAAAR2p1bWRjMm1hABEAEIAAAKoAOJtxA3VybjpjMnBhOjM2MWUyNzBlLTg5ZDktNGFiNS1iMWM4LWQyNGUwMjQ0YzkyNgAAACEcanVtYgAAAClqdW1kYzJhcwARABCAAACqADibcQNjMnBhLmFzc2VydGlvbnMAAAAJ0Wp1bWIAAAA7anVtZEDLDDK7ikidpwsq1vR/Q2kTYzJwYS5pY29uAAAAABhjMnNoZ7R0MMNfiR34vMTfsuqA4AAAABdiZmRiAGltYWdlL3N2Zyt4bWwAAAAJd2JpZGI8c3ZnIHdpZHRoPSI3MTYiIGhlaWdodD0iNzE2IiB2aWV3Qm94PSIwIDAgNzE2IDcxNiIgZmlsbD0ibm9uZSIgeG1sbnM9Imh0dHA6Ly93d3cudzMub3JnLzIwMDAvc3ZnIj4KPHBhdGggZD0iTTUwOC43NDkgMzE3LjM5OUM1MTYuNzc3IDI4Ny4zMTQgNTA4Ljk5MSAyNTMuODg0IDQ4NS4zODkgMjMwLjI4MkM0NjEuNzg4IDIwNi42ODEgNDI4LjM2IDE5OC44OTUgMzk4LjI3MyAyMDYuOTIzQzM3Ni4yMzEgMTg0LjkyOCAzNDMuMzkgMTc0Ljk1NiAzMTEuMTQ4IDE4My41OTZDMjc4LjkwNiAxOTIuMjM0IDI1NS40NSAyMTcuMjkyIDI0Ny4zNiAyNDcuMzYxQzIxNy4yOTEgMjU1LjQ1MSAxOTIuMjMzIDI3OC45MSAxODMuNTk1IDMxMS4xNDlDMTc0Ljk1NyAzNDMuMzkxIDE4NC45MjcgMzc2LjIzMiAyMDYuOTI0IDM5OC4yNzRDMTk4Ljg5NiA0MjguMzU5IDIwNi42ODMgNDYxLjc4OSAyMzAuMjg0IDQ4NS4zOTFDMjUzLjg4NSA1MDguOTkyIDI4Ny4zMTMgNTE2Ljc3OSAzMTcuNDAxIDUwOC43NUMzMzkuNDQyIDUzMC43NDUgMzcyLjI4NiA1NDAuNzE3IDQwNC41MjUgNTMyLjA3OUM0MzYuNzY3IDUyMy40NDEgNDYwLjIyMyA0OTguMzg0IDQ2OC4zMTMgNDY4LjMxNUM0OTguMzgzIDQ2MC4yMjQgNTIzLjQ0IDQzNi43NjYgNTMyLjA3OCA0MDQuNTI2QzU0MC43MTYgMzcyLjI4NSA1MzAuNzQ3IDMzOS40NDMgNTA4Ljc0OSAzMTcuNDAyVjMxNy4zOTlaTTQ3MC44OTkgMjQ0Ljc3NkM0ODYuODkyIDI2MC43NyA0OTMuNDg4IDI4Mi42MDEgNDkwLjY4NyAzMDMuNDEyTDQxNS41NzcgMjYwLjA0NkM0MTIuNDExIDI1OC4yMTggNDA4LjUwOSAyNTguMjE4IDQwNS4zNDUgMjYwLjA0NkwzMTcuNDAxIDMxMC44MlYyNzcuNTI2QzMxNy40MDEgMjc1LjE5MSAzMTguNjUyIDI3My4wMDUgMzIwLjY3NiAyNzEuODM3TDM4Ny42NDQgMjMzLjE3NEM0MTQuMTc4IDIxOC4zNTMgNDQ4LjM0NiAyMjIuMjIzIDQ3MC45MDEgMjQ0Ljc3Nkg0NzAuODk5Wk0zNTcuODM3IDMxMS4xNDRMMzk4LjI3NSAzMzQuNDkxVjM4MS4xODVMMzU3LjgzNyA0MDQuNTMyTDMxNy4zOTggMzgxLjE4NVYzMzQuNDkxTDM1Ny44MzcgMzExLjE0NFpNMjY0Ljc3NiAyNjkuNjkzQzI2NS4yMDcgMjM5LjMwNSAyODUuNjQ0IDIxMS42NDkgMzE2LjQ1MyAyMDMuMzkzQzMzOC4zIDE5Ny41NCAzNjAuNTA1IDIwMi43NDQgMzc3LjEyNyAyMTUuNTczTDMwMi4wMTQgMjU4LjkzN0MyOTguODQ4IDI2MC43NjQgMjk2Ljg5OCAyNjQuMTQ0IDI5Ni44OTggMjY3Ljc5OFYzNjkuMzQ2TDI2OC4wNjUgMzUyLjY5OUMyNjYuMDQzIDM1MS41MzEgMjY0Ljc3NiAzNDkuMzUzIDI2NC43NzYgMzQ3LjAxN1YyNjkuNjkxVjI2OS42OTNaTTIwMy4zOTEgMzE2LjQ1NEMyMDkuMjQ0IDI5NC42MDggMjI0Ljg1NCAyNzcuOTc4IDI0NC4yNzYgMjY5Ljk5OVYzNTYuNzNDMjQ0LjI3NiAzNjAuMzg0IDI0Ni4yMjYgMzYzLjc2MyAyNDkuMzkyIDM2NS41OTFMMzM3LjMzNyA0MTYuMzY1TDMwOC41MDMgNDMzLjAxM0MzMDYuNDgxIDQzNC4xODEgMzAzLjk2MSA0MzQuMTg4IDMwMS45MzkgNDMzLjAyTDIzNC45NzEgMzk0LjM1N0MyMDguODY4IDM3OC43ODkgMTk1LjEzOCAzNDcuMjYxIDIwMy4zOTEgMzE2LjQ1NFpNMjQ0Ljc3NSA0NzAuOUMyMjguNzgxIDQ1NC45MDYgMjIyLjE4NiA0MzMuMDc1IDIyNC45ODYgNDEyLjI2NEwzMDAuMDk2IDQ1NS42M0MzMDMuMjYzIDQ1Ny40NTcgMzA3LjE2NCA0NTcuNDU3IDMxMC4zMjggNDU1LjYzTDM5OC4yNzMgNDA0Ljg1NlY0MzguMTQ5QzM5OC4yNzMgNDQwLjQ4NSAzOTcuMDIyIDQ0Mi42NzEgMzk0Ljk5NyA0NDMuODM5TDMyOC4wMjkgNDgyLjUwMkMzMDEuNDk1IDQ5Ny4zMjIgMjY3LjMyNyA0OTMuNDUyIDI0NC43NzIgNDcwLjlIMjQ0Ljc3NVpNNDUwLjg5NyA0NDUuOTgyQzQ1MC40NjYgNDc2LjM3MSA0MzAuMDI5IDUwNC4wMjcgMzk5LjIyIDUxMi4yODNDMzc3LjM3MyA1MTguMTM2IDM1NS4xNjggNTEyLjkzMiAzMzguNTQ3IDUwMC4xMDJMNDEzLjY1OSA0NTYuNzM4QzQxNi44MjYgNDU0LjkxMSA0MTguNzc1IDQ1MS41MzIgNDE4Ljc3NSA0NDcuODc3VjM0Ni4zMjlMNDQ3LjYwOSAzNjIuOTc3QzQ0OS42MzEgMzY0LjE0NSA0NTAuODk3IDM2Ni4zMjMgNDUwLjg5NyAzNjguNjU5VjQ0NS45ODVWNDQ1Ljk4MlpNNTEyLjI4MiAzOTkuMjIxQzUwNi40MjkgNDIxLjA2OCA0OTAuODE5IDQzNy42OTcgNDcxLjM5NyA0NDUuNjc2VjM1OC45NDZDNDcxLjM5NyAzNTUuMjkyIDQ2OS40NDggMzUxLjkxMiA0NjYuMjgxIDM1MC4wODVMMzc4LjMzNiAyOTkuMzExTDQwNy4xNyAyODIuNjYzQzQwOS4xOTIgMjgxLjQ5NSA0MTEuNzEyIDI4MS40ODcgNDEzLjczNCAyODIuNjU1TDQ4MC43MDIgMzIxLjMxOEM1MDYuODA1IDMzNi44ODcgNTIwLjUzNiAzNjguNDE1IDUxMi4yODIgMzk5LjIyMVoiIGZpbGw9ImJsYWNrIi8+Cjwvc3ZnPgoAAAFFanVtYgAAAEFqdW1kY2JvcgARABCAAACqADibcRNjMnBhLmFjdGlvbnMudjIAAAAAGGMyc2hVkZwwQpCj/0ETajIaioc6AAAA/GNib3KhZ2FjdGlvbnOCpGZhY3Rpb25sYzJwYS5jcmVhdGVkZHdoZW7AdDIwMjYtMDYtMDJUMDA6MDA6MDBabXNvZnR3YXJlQWdlbnSiZG5hbWVpZ3B0LWltYWdlZ3ZlcnNpb25ncHJlLTIuMHFkaWdpdGFsU291cmNlVHlwZXhGaHR0cDovL2N2LmlwdGMub3JnL25ld3Njb2Rlcy9kaWdpdGFsc291cmNldHlwZS90cmFpbmVkQWxnb3JpdGhtaWNNZWRpYaJmYWN0aW9ubmMycGEuY29udmVydGVkZHdoZW7AdDIwMjYtMDYtMDJUMDA6MDA6MDBaAAAVEmp1bWIAAABJanVtZGNib3IAEQAQgAAAqgA4m3ETYzJwYS5jZXJ0aWZpY2F0ZS1zdGF0dXMAAAAAGGMyc2gKYVoJQ0YXBwyhgSN0bgbcAAAUwWNib3KhaG9jc3BWYWxzgnkKdE1JSUgwd29CQUtDQ0I4d3dnZ2ZJQmdrckJnRUZCUWN3QVFFRWdnZTVNSUlIdFRDQjZhSVdCQlJqOHhHaVhnN056Y1VRVXJrLzg5TTFabTNJZmhnUE1qQXlOakEyTURFeU1UVTJNak5hTUlHWU1JR1ZNRWt3Q1FZRkt3NERBaG9GQUFRVTM0STNVMTVUMkRPeDRBUTlKRFh4ZGViaENoa0VGRGs5RUVmY2w0K3ZpSHROY3hnZHplWHVwS1VxQWhBTHBmenBEbkNNOGdXQU1lNUVIR1J6Z0FBWUR6SXdNall3TmpBeE1qRTFOakl6V3FBUkdBOHlNREkyTURZd09ESXhOVFl5TWxxaElqQWdNQjRHQ1NzR0FRVUZCekFCQmdRUkdBOHlNREUyTURZd016SXhOVFl5TTFxaEl6QWhNQjhHQ1NzR0FRVUZCekFCQWdRU0JCRE1BWEFKSmlhNnJ3Q3RMK2hKejBDa01BMEdDU3FHU0liM0RRRUJDd1VBQTRJQmdRQ3FOczBId0c4V2VvQlZoUUNoSU1uQldxZUNmM3Jwd3BFV2ZDc0xvc010OWtNSXpkMmlaQnB0VlhGSmdNV3RnRy90Mzl2bmhuUTA1MUMxd09VUGFCWWRyQ3cyektkNWtGZ2Y0cXJocWtsejZadDhGS2s1dlpCUTBUMnFUYWFOQ3U3MmZCSjliQTVoTy93cnpTaS9iaWNDbHNFcyttUVBkeVhTMklHUEJwMmFlc28zMm1HWDhINWVZZkdkN3F0MEE5ZmxWaFo1Yk4yNFFTbS9xVTcwUWlhY2RZRTRDcUhWZmZkcE5uOXp3VzhnaWt0RGtubFVvUldKNTlpNzRlZzVCamd3emRLQXMySWN4b0NYU01ad092c295QVh5RTlMYThyOXMyNHlWeWxadXlmME42amI1M0lGdEFjTm5ieG55em1HR3ZGOTVrc2tZMzhXODRWQWQxZGc4VjN2NVFmK0ZoQ2xCR0JkYmQ2TlJaSmppM2h1SzVMMjM1bUZPNDJydXgyQ0hkMmpxRjd2QXdvNms2SUNoT0hCbWdSQlRqRXF4UFNXSkQ1NWx6MDVVRnF3djBhbFUvL09DcFFaeHA2VjVia2ZYZDhoN2gwekFKMnB5eEloQUhMWUNvYkp1V3lYSThuZkRITHo4SjdOVm12dEFnREpFcWpMVFZCRnlVZmpJSXlDZ2dnVXhNSUlGTFRDQ0JTa3dnZ01Sb0FNQ0FRSUNFQzhKRHB2b3hFZ2FxRVZOMFdjcllSNHdEUVlKS29aSWh2Y05BUUVMQlFBd1NqRWhNQjhHQTFVRUF3d1lVMU5NTG1OdmJTQkRNbEJCSUVsRFFTQlNNU0F5TURJMU1SZ3dGZ1lEVlFRS0RBOVRVMHdnUTI5eWNHOXlZWFJwYjI0eEN6QUpCZ05WQkFZVEFsVlRNQjRYRFRJMk1ERXdNakl4TWpVd05Wb1hEVEkzTURFd01qSXhNalV3TkZvd1RURUxNQWtHQTFVRUJoTUNWVk14RVRBUEJnTlZCQW9NQ0ZOVFRDQkRiM0p3TVNzd0tRWURWUVFERENKVFUwd3VZMjl0SUVNeVVFRWdTVU5CSUZJeElFOURVMUFnVW1WemNHOXVaR1Z5TUlJQm9qQU5CZ2txaGtpRzl3MEJBUUVGQUFPQ0FZOEFNSUlCaWdLQ0FZRUF4ZWY0bWNuNTVTM1BhSGZwYVpGUTNLbVJFbHhQd0t2Um1TbmpsdG41V2ZjYlpvQ0tIcGFlS3F1bWh2bGthMWE0VHBERTZnd3NSRnVWQzNCY2lVdThuT2VWUWZoV0FBM1RJQ1pVYmowU3hyT2Z0blJhK050cm5sQm9rSjBjM0ZxUW1BNnBpMFBlZ3AyZUdjOTZZT3NJaTYrYmp5a2ZIYmdPaGdsSHJRSlZXMTRLaityTWl2VnRKQTBaT09oNis4SEMwTzBESy9YbmtYRG5lcm5VR29hZmx4TTBFbWh6NEo4Uk1tQ3Z4cXAwUnZDMU1HYnk2M3J3cW9CRWVFT2Z5cXRpOGRLM1RERlNwaVJFL1NQV010SjV3ZHFzTEdiczZJaVNRNFFSTDIwc2xaT0JQUEdKckFFbmk5UkowMnRpeG1ncUtLYklIQmx6cFIxc0M0THBiTlN3Q3NvZDg2Y2xiRm5DdUxLZkZISnVOT0lWR3hzTm8zZ0RPek1BY1NYS3JhVUJ1Y2xidHhoRFRxTFRXNEw4WkY1ME8zdkVPdTlUcTViNzdZTnhuSFk4bjhKdUEyM3NXV1R2SHdNNXF3ejZFSXlmUVArNVBMRUl6RThEMzAwbE5LL01YYmxDaFdzMlc1cmhNSFBYOHZjLzRKM01oOUc1a3MrRDFNUmNadnNlclFYeEFnTUJBQUdqZ1ljd2dZUXdEQVlEVlIwVEFRSC9CQUl3QURBZkJnTlZIU01FR0RBV2dCUTVQUkJIM0plUHI0aDdUWE1ZSGMzbDdxU2xLakFQQmdrckJnRUZCUWN3QVFVRUFnVUFNQk1HQTFVZEpRUU1NQW9HQ0NzR0FRVUZCd01KTUIwR0ExVWREZ1FXQkJSajh4R2lYZzdOemNVUVVyay84OU0xWm0zSWZqQU9CZ05WSFE4QkFmOEVCQU1DQjRBd0RRWUpLb1pJaHZjTkFRRUxCUUFEZ2dJQkFIY0ZCK3k2SnpqNHpQVnNDeGtWUGlqVXN3clBkL1dHYUh4MWcrVkp4R2o2dzJhOTBuQjMvRXdtaVBjd1MxUWZaTTZSZkFDdnQxcTE1S3FabjRjMjZXQ2NzQ0tPdmVZVS84RTFHOWhrWDZ6Ukd6N2hRSW1vR015SjU2QXlaclV1RjcveE9VMGEvV3h6dnZZQU5uRGoxVjk1MmRaeXdUSk05SVdwSFVLNFJvS0FNOFZvTExzUzVmd3lub2xmbjlEK240dHJYQVJlZEo5UUcvRUZLUmtWbkZES0FzUlcrUGdKcFhoM0ViUGtrWXJseWlxMjRiTEZzU0c5b29XR09LT3N1RG9DT1FBUFh0WXhGTGIrdWpxcW9McndVMDd5OHlwUDJHU0ZnaFI1V3R4UGY0dlVVOEk5ZXNDMnByMkVLdXNZTk95U012c0F0V25qWHhvNnNaTlJ5VmhTbUpYUU5oNnZtdDFrYW9ZTFhtTlp0SUpPcDRyOHJmZERPVU54VVVuYng4ZENrY3BnUmE5RFcybjhTaEU4TWZaOE93K0FuUlhBVzE3d3FCVWdKUVgxN1VYOFJoeitlN24yVFN4QkpLUmdyNlB6NitPNDlYR0R5RW05a0JjLzZOaVJqalJZTm9iZjFjNjJKY1dUV2ZkendUTUJGUHN3YjR5NUJlazkwbnRvUGpiMitleDRLdnV4K3ZCQ2RESHVtdGdiU0c0WXNmaWUwQ3ZKeEkvN1BIclB4K1FmMHFkcUhjTXowOWJCeXJYb0lwTk1ybDgwanU5cGU5dDh6R1gxTWJSVmlWV0NUc2h1eWNQYlQ1RzdYdGRGVTFRZWZXaE05MXdDMmluZHRYWXNOZzk2aXhGSGpPMWo0S09yTk5rYXhiQkZ1YnFjNXFWeUJOMjJ1Q0hla01kbnkKNE1JSUhvd29CQUtDQ0I1d3dnZ2VZQmdrckJnRUZCUWN3QVFFRWdnZUpNSUlIaFRDQng2SVdCQlRNdmhUNTlQTmc5K2dXb2d3ZGpOV25rSE5YNFJnUE1qQXlOakEyTURFeU1UVTJNak5hTUhjd2RUQk5NQWtHQlNzT0F3SWFCUUFFRkthaUt0REhIckRSY0dvUGQ4Vnp5YU1yMTNGb0JCVDhLa3AxT29ENm1XT1Q4SE5YN0w2VHNIM0Rld0lVSnl0anlNd2RUUzJiaEZGeWJQU2NYakpScnQ2QUFCZ1BNakF5TmpBMk1ERXlNVFUyTWpOYW9CRVlEekl3TWpZd05qQTRNakUxTmpJeVdxRWpNQ0V3SHdZSkt3WUJCUVVITUFFQ0JCSUVFSmZmamJNdDFGSU85cEVnbzg2WExyUXdEUVlKS29aSWh2Y05BUUVMQlFBRGdnR0JBQm9nZFd5S0hzUXk0MDNaQzBQUStGTFBYNTFjVnBLTTkvMHZKSG1MUWxWRG02TTEzUVFSb09RYlJTcEt0RU8vQmNob1hkTE1IeStETDVYd3U5R3JOSmdSdHV5MzIzZUxNREdtL3VKb1pZc20xK255eGNQTjdVV2E0Zlhkd3ZQNTJCWWtBNnJXL3YzSUxVT3B3aHVZR3JIOGFLdnJ4c0prK1JGQTVHdU5IMm1zeTNrL1kvR0tkMmJKRUdMdk5DNkUxL0FmSTFKSFhadjlSQlNRSnBjcUtoOWo1UDM2ZVFGeUkyNWxGWE5TYm53ck9GbjF4WGZZK3pBb2Q5czVwTUx5WURFQkZFYUhQVVJiZ0tpWHAxNm96WVBteFNxNG9YeVZObWlaVWFjQi9LNXI3eGVDUllLTjJaN2RDaEM5ZlE1SXhOc0ZtUG5lMWRObFErUlg1OVVDbFpsd3JwYlhXRkl5NmZpT1d2a0dPN3g3b3gzekdzRVd6RXFPUDR4T2kzdkZVOGJZZm1PSGlyVW9GWFFIcks4TlVRMk4walg5YnF2dyt2czhmMzJubWx5bUttSG5VWHpKUldPdDZJbU1zTHQxNEdhQjc3MG9PYmE0V0RIR21ya3NtVnN0M0t0UE9hbzBRNWNucjJtcGwwcVV0bi9HWDBCbHEwWlZ5SXYxUXVkNDlhQ0NCU013Z2dVZk1JSUZHekNDQXdPZ0F3SUJBZ0lRWGZqNzJsa1U4YWFkR0M4aGRGTkpxekFOQmdrcWhraUc5dzBCQVFzRkFEQlBNU1l3SkFZRFZRUUREQjFUVTB3dVkyOXRJRU15VUVFZ1VsTkJJRkp2YjNRZ1EwRWdNakF5TlRFWU1CWUdBMVVFQ2d3UFUxTk1JRU52Y25CdmNtRjBhVzl1TVFzd0NRWURWUVFHRXdKVlV6QWVGdzB5TmpBME1UWXhOREl6TVROYUZ3MHlOekEwTVRZeE5ESXpNVEphTUVveEN6QUpCZ05WQkFZVEFsVlRNUkV3RHdZRFZRUUtEQWhUVTB3Z1EyOXljREVvTUNZR0ExVUVBd3dmVTFOTUxtTnZiUzFETWxCQkxWSnZiM1F0TWpBeU5TMVNVMEVnTFNCaU16Q0NBYUl3RFFZSktvWklodmNOQVFFQkJRQURnZ0dQQURDQ0FZb0NnZ0dCQU1ENlBYRWxTMk5mek01R09MYUYzNEJHUTExb0tsazNwTlBYRjZTRWN3eURoRzJyaDdDeG1xM0k5ejVvanA5TitSc0pMeExDUks4M2o3VzZJRHJJZTRjYU9BbURVYXFaTHhHU1B1UUJ4WENsRnN3YUhkMXQxV2hzdFkyVUxuZTlhTXkzeVh1ZmdwWE4zc0lwb1l5Yk5vVUJkR1VBcTNINm5tbFUrbUl1eVJndjd0TTNrcjRkUGc2eElHTzhWQ1A3a29QUXcweXlxVEJnR2h2V2w3TTV1OFdzVldyYWphOEU3SEhhcEc0eVdJcnUvUTJLYjR4OFdKdkJIMU9YQ3VPS1VCS3V6elpTQnVSdExRV0QrME1OY0ZYMWIvWGM1dk51cmZ5UjM3Zko1MFBWdnFMdTlTaDFOcWpqNDZGMG5ZdjNuZDd1aExuUmJZb0lxN0FtN3ZKSlhmYjVoL2ZwUVBSb040MVVWQ29DYllDSWZVL3ZPNFYvU01CNDI4YWoyTzgzWUxURDFOTlpzRzRhZ25sdjNjbHowektTdGN1MEtaeFBhV3Y4NDRaWXduTWpPQTlKTnJNVndPUVJUeHR1eU13QURsSmZFUWppMjMrdEZpOEc3VEJqaWFiOXpya2FwTVl5SklIdG1VQ3FTYWNqclV5cmc4dGYzUTk4ak0wblUyUEpsd0lEQVFBQm8zZ3dkakFmQmdOVkhTTUVHREFXZ0JUOEtrcDFPb0Q2bVdPVDhITlg3TDZUc0gzRGV6QVBCZ2tyQmdFRkJRY3dBUVVFQWdVQU1CTUdBMVVkSlFRTU1Bb0dDQ3NHQVFVRkJ3TUpNQjBHQTFVZERnUVdCQlRNdmhUNTlQTmc5K2dXb2d3ZGpOV25rSE5YNFRBT0JnTlZIUThCQWY4RUJBTUNCNEF3RFFZSktvWklodmNOQVFFTEJRQURnZ0lCQUdReWIvcDhKb09KVzdZVExtaHRUdDJyT3pNZ2xMYnFBcWN1eGFlcnhzbDhkOGNpU3lTV2FzU3BtK21YRTNVcHNiL1Q4RUkrQyt0a1ZLNFlleUlXVDh3T1VzL3FlWWgvVVA3UjBiRzhRUzIrSmZTNHlsT3pEMVFXcDNLcElhZzlNeURUY3AyK3VXSm9oWjFucVR1ZGhqNVZTVFJKYVpCQ2JQUmJQT21hbFl3czE0b0pmU0dXcmd1eitkcG5UZnhQbjhyL0hoTGVZRHNCN1p1NGs1VWIxb1p2ZElmZ2h2enpMMHFyVGN2c3RVS3hTSjlTd3EyS3ZIelVtank2K3VGS2hzenRCTjhrSE1ZRGV3M3ZFWHJNMThKbVRZejJMRjdYa2JqWVJWZXVLWVlZaDYwL2NWWnRhQUJVR2h6Zk5WV2FxQWU4STB2K2ZuQkFwbzE0NUZFODVpMUU5U205UzREcm1qdUJFNTBCeVZtOEVMWXpwVEdWQTcvVHZaMlpXTUhwUmhZbVE5TFluT21BZ1lQOWtmQXdnaVdlbmZxZ0k5R2VqQ0xMSmZIK2NOZzZCZ0J2RGpaYVgzWk0xVjZMSzM2eEVob1lhckUzTDcxOUlzV3NSbGg1cVEvaFlvNkhJbi82LzR2YmdIVG9pL3h2Z1RUbDNhVjhNN282ODZnV2sxcXA5Wkd1cVNweGovdFlkWFI1b1dxT2ZjVVA0RnVCYjNxdllsdkVrTElaUVFZMkp0UHRWZHdsVFg5RU1OdkNaV253dVByZ1lKNzEvWFlWeWRaS2ZWZzRMaTZmc1BRWDM4dkNHRzhiN2VlYTFVMmNQRUJHQktHUkpObU85VjQ1aktiQjlBdFdkYU80b2x1eDV6RHVqQW9JZkd0YlJRbTNFbktuckRiMWRlcnBvT1B1AAAAw2p1bWIAAABAanVtZGNib3IAEQAQgAAAqgA4m3ETYzJwYS5oYXNoLmRhdGEAAAAAGGMyc2jQxBuJiIG308MX6cv9bsinAAAAe2Nib3KlamV4Y2x1c2lvbnOBomVzdGFydBghZmxlbmd0aBlxcmRuYW1lbmp1bWJmIG1hbmlmZXN0Y2FsZ2ZzaGEyNTZkaGFzaFggpN07wtif4NaiZc9qg45PVqb1npHZtT5fcDtsvVfzi99jcGFkSAAAAAAAAAAAAAADGmp1bWIAAAAnanVtZGMyY2wAEQAQgAAAqgA4m3EDYzJwYS5jbGFpbS52MgAAAALrY2JvcqZqaW5zdGFuY2VJRHgseG1wOmlpZDo5Y2IzYmMyNy1hM2Y3LTRkYjQtYjZlMi05NDBiZmJkYmRkZGN0Y2xhaW1fZ2VuZXJhdG9yX2luZm+kZG5hbWV4GE9wZW5BSSBNZWRpYSBTZXJ2aWNlIEFQSWRpY29uomN1cmx4JHNlbGYjanVtYmY9YzJwYS5hc3NlcnRpb25zL2MycGEuaWNvbmRoYXNoWCCAki83D6NOWSOTgjBXFQg/912iADiQiXu6ci0D18q3cndvcmcuY29udGVudGF1dGguYzJwYV9yc2YwLjc5LjJrc3BlY1ZlcnNpb25lMi4yLjBpc2lnbmF0dXJleE1zZWxmI2p1bWJmPS9jMnBhL3VybjpjMnBhOjM2MWUyNzBlLTg5ZDktNGFiNS1iMWM4LWQyNGUwMjQ0YzkyNi9jMnBhLnNpZ25hdHVyZXJjcmVhdGVkX2Fzc2VydGlvbnOEomN1cmx4JHNlbGYjanVtYmY9YzJwYS5hc3NlcnRpb25zL2MycGEuaWNvbmRoYXNoWCCAki83D6NOWSOTgjBXFQg/912iADiQiXu6ci0D18q3cqJjdXJseCpzZWxmI2p1bWJmPWMycGEuYXNzZXJ0aW9ucy9jMnBhLmFjdGlvbnMudjJkaGFzaFggrq9G0/ewh2Di6gEAeb6vn2xNXWzGizkAcJOvLUl6w2yiY3VybHgyc2VsZiNqdW1iZj1jMnBhLmFzc2VydGlvbnMvYzJwYS5jZXJ0aWZpY2F0ZS1zdGF0dXNkaGFzaFggKFujhDP5T8SvJ9lwdlqb8I/e6fSxDA1ZiMRrGKDHhmaiY3VybHgpc2VsZiNqdW1iZj1jMnBhLmFzc2VydGlvbnMvYzJwYS5oYXNoLmRhdGFkaGFzaFggpCzpSSxG0Eqkve8F326lmhlKY4yyLrMSRQaNedyASTRoZGM6dGl0bGVpaW1hZ2UucG5nY2FsZ2ZzaGEyNTYAAEy7anVtYgAAAChqdW1kYzJjcwARABCAAACqADibcQNjMnBhLnNpZ25hdHVyZQAAAEyLY2JvctKEWQvoogE4JBghglkFiDCCBYQwggNsoAMCAQICEAul/OkOcIzyBYAx7kQcZHMwDQYJKoZIhvcNAQELBQAwSjEhMB8GA1UEAwwYU1NMLmNvbSBDMlBBIElDQSBSMSAyMDI1MRgwFgYDVQQKDA9TU0wgQ29ycG9yYXRpb24xCzAJBgNVBAYTAlVTMB4XDTI2MDQyMjE1NTEwNVoXDTI3MDQyMzE1NTEwNFowRzELMAkGA1UEBhMCVVMxGTAXBgNVBAoMEE9wZW5BSSBPcENvLCBMTEMxHTAbBgNVBAMMFE9wZW5BSSBNZWRpYSBTZXJ2aWNlMIIBIjANBgkqhkiG9w0BAQEFAAOCAQ8AMIIBCgKCAQEAnbpqFExNApfqgYm2FtG+XlhOEwNyoZnfaRRxfOUhI9OBH6I1nEyjEko8724rv+ZkrteES2kkWmPP6nYKkLJl23wBPI3h/sEFM3evJ947IDq0D2OHmBvNTZwav7R/MxFEqlQwN0a4B/2aeUQLc1dVowNjEXwdEt2sWC/meq7epZjDE5NOSPBa+OB8pJJL1Wy6ysIFKsiSvnXUlGe1Vw2qapptMDAs11VhjGrSU7YAeB1eRUOeTpKjA4Dxr1vRsuv+ixnvFrrXNwmVq2QtmcmHmvgcvy7Q52OAlhqaeaA3kzajNclIySyYYwXpRJs1Hqy5CKdTbB2caHPICh45zAZJ8wIDAQABo4IBZzCCAWMwDAYDVR0TAQH/BAIwADAfBgNVHSMEGDAWgBQ5PRBH3JePr4h7TXMYHc3l7qSlKjBvBggrBgEFBQcBAQRjMGEwOQYIKwYBBQUHMAKGLWh0dHA6Ly9jcnQtYzJwYS5zc2wuY29tL1NTTC5jb20tQzJQQS1JLVIxLmNlcjAkBggrBgEFBQcwAYYYaHR0cDovL29jc3AtYzJwYS5zc2wuY29tMBcGA1UdIAQQMA4wDAYKKwYBBAGD6F4BATApBgNVHSUEIjAgBggrBgEFBQcDBAYIKwYBBQUHAyQGCisGAQQBg+heAgEwHQYDVR0OBBYEFPOdEE3UDcudcvhGCnYYR6UbaE90MA4GA1UdDwEB/wQEAwIGwDAZBgkrBgEEAYPoXgMEDAYKKwYBBAGD6F4DCjAzBgkrBgEEAYPoXgQEJgwkMDE5YmM0MDMtNWNkNy03NjY5LWFmZTYtZmRiMTcxNzdkNDI4MA0GCSqGSIb3DQEBCwUAA4ICAQCCOJdsZR+hNwAb8fntGnS61aZbHjX1Z2wazytmaUDN9fzSclbfypUo6vhmGN5CQz34BXigaB4oGYmtte5//PUy0oy4X+dsgG7rW3yXWzDnEw8uQrgDxnCa/v4gCaw1RtWgCIxJRYDDupIfVccEWhWdb9Lr2Hmbljq8RBKQNAUVNH30QaUzly8ubFFSCm09SbAVy8eGWBEHzNzuni7pxgc5uDNcINoS7gBXM1QucChKJSlPknwu0voc3WcueuhQeDlRuoM62oh+kCOQkvViWJrlwqhzhp7F2HHp7xhcZHuR7g83L3aYeFZk529C0RB9kgG8hRZqb20ZZIXY/yKW7bnvstBcGgWEfWhdNVtLscVpSBZ5BuZojqDEYZg6TPjAJHnlpmjg7xn91pDWLi1BDGR1EFZfk5S2oZyKAho8tsDobfPFQ+d2LGgXpPLmy4uIlRboEXsVKnIkgRA9IcZjbS8lgKOZW6oppf1H6uH3a+UE+1tQJm0roYJdMfXdYqh8MgPcTMelLHIwUIBXkwaC4uius6cIf69ZNK4Qcu8qna54rOIz7FO1yZnSKKgqN6FOq/zMflibJ21F4bQqB5wEvQUwV6ExLiAuyeLIEFTboZIWT74kNZj+LwVp3Bu4TePeBy8a6Gz1wYri0/5yd9MTqCvUV5euDAsGh9gABAG+k7YSiVkGUzCCBk8wggQ3oAMCAQICFCcrY8jMHU0tm4RRcmz0nF4yUa7eMA0GCSqGSIb3DQEBCwUAME8xJjAkBgNVBAMMHVNTTC5jb20gQzJQQSBSU0EgUm9vdCBDQSAyMDI1MRgwFgYDVQQKDA9TU0wgQ29ycG9yYXRpb24xCzAJBgNVBAYTAlVTMB4XDTI1MTIyMjE4MTczMFoXDTMwMTIyMTE4MTczMFowSjEhMB8GA1UEAwwYU1NMLmNvbSBDMlBBIElDQSBSMSAyMDI1MRgwFgYDVQQKDA9TU0wgQ29ycG9yYXRpb24xCzAJBgNVBAYTAlVTMIICIjANBgkqhkiG9w0BAQEFAAOCAg8AMIICCgKCAgEAyzq0zbicyxYpVrh5px74a/b52I9yw6aYExqtAypB2mEeLkcIUr0edFG+XQTseoK2wPv6D+gnpYvo/mLzDGDxA19IGspzAX9zleQZTm7MTno13lgR4deCF9zSFkdDd5vfSBmIeZ+jOaRZTl7gTgtHl/J1Qtd2PbZ/pCLc7QfGbx/UckaM1lHHtbd68pP5IyfVgAISUHWKcKBo6ee8hCh8nCrqKanAL/7JdhEZRlWwL2PqfZ70FbBEpEDeQDZcRIpUa1dI/7sRb6TV6o7CHtd82LzOab+gHwBNk0U7mS550s8Bnp8pu0bZFHhjMJYzUZxek2365TRKWHizKWxdfLh1G5U8mXche9i0SuvazccICtYEyaLerpeztlGW2pKbw7K7UMT+tqRMA5VdLZJqT2Ll4Cr3aaAbnATVuZMA2tG7Xg4IDk8Ixguv+SlM0MkE7OvzsnFQe3YnaJH5UIi4dzXYzaHh19Mp50rGh1RZJMJnsm0HCTXbus4YuEal4AuL2uGnn2rOYBbSEBLE98HeGXN5VeBwtO/qzMf+dhyJTmYKaYgtEO3DRqIq5H+M1BKcV0YtWBhi1cqo+n74wtlhahbLNV2gk6OyZagv7e+Y5/x+ukj0qqFx/JOvf+qnThhziGnVQsD5hJKFTxDLVLM9OvjdKWURecpDnpa4h1iWIe/RkXsCAwEAAaOCASYwggEiMBIGA1UdEwEB/wQIMAYBAf8CAQAwDgYDVR0PAQH/BAQDAgEGMCkGA1UdJQQiMCAGCCsGAQUFBwMEBggrBgEFBQcDJAYKKwYBBAGD6F4CATAdBgNVHQ4EFgQUOT0QR9yXj6+Ie01zGB3N5e6kpSowFwYDVR0gBBAwDjAMBgorBgEEAYPoXgEBMB8GA1UdIwQYMBaAFPwqSnU6gPqZY5Pwc1fsvpOwfcN7MHgGCCsGAQUFBwEBBGwwajAkBggrBgEFBQcwAYYYaHR0cDovL29jc3AtYzJwYS5zc2wuY29tMEIGCCsGAQUFBzAChjZodHRwOi8vY3J0LWMycGEuc3NsLmNvbS9TU0wuY29tLUMyUEEtUm9vdC0yMDI1LVJTQS5jZXIwDQYJKoZIhvcNAQELBQADggIBAM42+j7vD5Y2LY6vEVVm/3t/AysNAGtW9cutHr0qga2lptBNoz4Uk+STEQxp1eSMqG7mN1QIFuIlnOxlZig8Mz2iGpqiu81nZErnvnQhBKFuw6smxDss2lW5/UdOBOCNeJs3g8R0O8VHYe9tQXKk211DU8mWTuUd4AQ636jdLtGvWJfW5/RfBHIjPGvPC705AasGjJOoj6cPdlk+4QSS9ffZ+0ZiBatubtSIRqCzLypqX6VO2vjU/MzZozypd0UbCsH5mLk5y8yhccAqghJx0+T2JeJRIW3WFd/kU41vSn0Xjl7AugzVDnd5IYF6zu33HB2bjrayikJWnY9rQSoO/muci+4aoyjPX/Pp0GQe1u7CiUsY65LP9a/CJwVNuJGhNyWZ5v2A3PS8xzd7vrQBLWdY8C/nw7OLceVEA3owtqWydT5bI34701SmOrnHzA4cMxXVajV6gXZ/L/5X2mn4DD4/71SPAYt7RsNjnvof7cR/L3CEK/ZWgvSnyyTXbF4kezq9qVg7GBFps5yP0nB0/4tuJrvDq0XHUwWWnEe1xkarXvX8iIsZaKM1D+V8apVltavruf+6uOCbSkeyzuwVL4kCfRXur5wMTcTJzgH1Mj2P9yY0C/4ii3rt+V5eZ19RFFvbJFb70Vmht94WmmYJttGGLvoHfX6VeZtEZnw2hfb1o2dzaWdUc3QyoWl0c3RUb2tlbnOBoWN2YWxZFIswghSHBgkqhkiG9w0BBwKgghR4MIIUdAIBATEPMA0GCWCGSAFlAwQCAQUAMIGHBgsqhkiG9w0BCRABBKB4BHYwdAIBAQYKKwYBBAGDvzABATAxMA0GCWCGSAFlAwQCAQUABCDTjmBU9xPqRj3N5S7rBMiBfc417RyOGBEwB+udXzFAjwIJANGjhm7/drAIGBYyMDI2MDYwMjA3MTkyMi4yMDE0MjhaMAOAAQECCF/yLVMb4oTAoIIQZjCCBPYwggNeoAMCAQICFGHbRigyioyNSga3v/5g4wJsP3G3MA0GCSqGSIb3DQEBCwUAMHsxCzAJBgNVBAYTAlVTMQswCQYDVQQIDAJDQTEWMBQGA1UEBwwNU2FuIEZyYW5jaXNjbzEZMBcGA1UECgwQT3BlbkFJIE9wQ28sIExMQzEMMAoGA1UECwwDVFNBMR4wHAYDVQQDDBVPcGVuQUkgVFNBIElzc3VpbmcgQ0EwHhcNMjYwNDA4MTc0NjI2WhcNMzcwNzA5MTc0NjI2WjB1MQswCQYDVQQGEwJVUzELMAkGA1UECAwCQ0ExFjAUBgNVBAcMDVNhbiBGcmFuY2lzY28xGTAXBgNVBAoMEE9wZW5BSSBPcENvLCBMTEMxDDAKBgNVBAsMA1RTQTEYMBYGA1UEAwwPT3BlbkFJIFRTQSBMZWFmMIIBojANBgkqhkiG9w0BAQEFAAOCAY8AMIIBigKCAYEA6srFrZT98P0nn8d4p2EEyv8OKWEq+6GIzV+oopedDokvi5HIH7ywlpA9CBxVgsGWjjZqFa2JaeiQ2yxEMoOoCs135TXo7qhkW/644I6d5wIgoSjDNd2nEDfpIvcJTZeatIRzwC58qVBHKKC08Gkf8LCHKXpZ/g8UFDVC+dlpUhdKIDfyaMwP8S23gpYgG0sRDkYSXD2kFIa4S0VmOKJOTSfKlbp1DMxOh2qfdMMgFQUBJF8NxH5crv4d8x8Lle0Akd889YabKhJeDtYPHNDdyfoNyE3DyYRaGEks5DhzGmBSuEzuxvO3ttjdaqnOILpd1sRcNRBk8gMjEVM/Yo5lBRFdcCvUyWsJgUVS6BpX7VpGXdpddpwleRBog1GkmIR1kXKYVf/Y40Nise1pZydBvMWP8moHK4NJ6OEtGDQOuzkHr2e9tJUeyAKyvUVnzXIBiJRfVUsGLK2v7aX0JK93Az6DimRRj5GMDDmWS7A9rvoEmaE+GIw98L4XNqEu9WO1AgMBAAGjeDB2MAwGA1UdEwEB/wQCMAAwDgYDVR0PAQH/BAQDAgbAMBYGA1UdJQEB/wQMMAoGCCsGAQUFBwMIMB0GA1UdDgQWBBSkJ1SCooqAez3Fhs0/cNnCg5lReDAfBgNVHSMEGDAWgBTyFPCwxxdUPSNDhdzKc9BygD24qDANBgkqhkiG9w0BAQsFAAOCAYEAIPskT0HAwLyYsjISIBCNIJlINRJPxEZWfqc+P7alI/kqSD7gUZ0fRUB4wbuDTpNQyZsnlmjfTc7y9hzSeavv6sEf2j/1mFkI5nDNifTuR4uqy+z/jH4U4UbYkeacuB7kNEb/YdJ4+H04OeNS7RtfZuhzwAByO+Soq46GGyqjNyH5O997XFTYTMdqKkt/z0N0YAWAc6PJ0Xevh6n9tbGEam6/iCrOmqGaq6KegkgHDDfFAmNRl9tSfG8eZ8lpCELVz/X7rRtei5Di4Ah5PC4bE4NqnqXoJUGPhRAB7eQYwaA6jf6dUlAa74fe4WTNVfkhIN+2Ke+fJ27RujRGq0oiT+diFXfdRSPdYS3CMSmPxLl+eQIGq7RX1MHszx0G4Vx7ZUmwGetNq6THJ0BOprS1j898w7RDp3bTXjBj7qgXrjUodGSrWjXjWy86Pk4KYdYwTUOb/04uxiG5PjosIBlXMHVqjmRLotAJ0RbXoGcmQW1n+ANwdrglJlb5kSYnw0tJMIIFfjCCA2agAwIBAgIUBI0EysbFC8XaGbC88U4RlaXqvBkwDQYJKoZIhvcNAQELBQAweDELMAkGA1UEBhMCVVMxCzAJBgNVBAgMAkNBMRYwFAYDVQQHDA1TYW4gRnJhbmNpc2NvMRkwFwYDVQQKDBBPcGVuQUkgT3BDbywgTExDMQwwCgYDVQQLDANUU0ExGzAZBgNVBAMMEk9wZW5BSSBUU0EgUm9vdCBDQTAgFw0yNjA0MDgxNzQ2MjZaGA8yMTI2MDQwOTE3NDYyNlowezELMAkGA1UEBhMCVVMxCzAJBgNVBAgMAkNBMRYwFAYDVQQHDA1TYW4gRnJhbmNpc2NvMRkwFwYDVQQKDBBPcGVuQUkgT3BDbywgTExDMQwwCgYDVQQLDANUU0ExHjAcBgNVBAMMFU9wZW5BSSBUU0EgSXNzdWluZyBDQTCCAaIwDQYJKoZIhvcNAQEBBQADggGPADCCAYoCggGBAIm81LniyKELvmG73jxkZn6nvpxtENOpMAcmPAT04GsgOd+VNO2pomUISNs3hjKDjswKSqDA8zRsoMCYzSufpfTLfNkPJt5+yU2i72Nbkeb2WajSAfpO+dk4K1oOzWBamIGYqNdTxuMZ1i5IrENXCemU8kf5bEWKFWC3964vXqI1ToU4hWmfNJ3QTdhDPc00bfxjk/zTcLtK6Hboak5mSaDt/PgYvu+aF7eod6zvtzjMudQqM8R2D9ZAEXfL/sddFy1A096LPMAY1kAUQZnLlD8sfQBrUvyeylC3CUdFFeEFI1X6sU9vVJiV9H26+GjhIhx63IqRQ4sVti4SQ7FiHKC+yiSOLu+/pNFN6Lg/Mc8mPcUAUOry2SQgZO3Vc54ucHiq3lY8BfnUgKLora/2+6ijXMtoq0TbMHfyxDR0a1Vtxof78jI8nnEORRP37FAP+/7WBDEmu9DETWHiQtuvwytuXysZG+bisO+NXETNH8BzfY+i6b1tgrwlZYQIMGntFQIDAQABo3sweTASBgNVHRMBAf8ECDAGAQH/AgEAMA4GA1UdDwEB/wQEAwIBBjATBgNVHSUEDDAKBggrBgEFBQcDCDAdBgNVHQ4EFgQU8hTwsMcXVD0jQ4XcynPQcoA9uKgwHwYDVR0jBBgwFoAUWMJAoDxHdiuo5m6okZaOlsi32eQwDQYJKoZIhvcNAQELBQADggIBAJLsN1zebOtk2q6hEQkwcq7ccgj1O7wPej3WxuEv9oMzfegfV0AYTkyZqmvUmdkUi9tr1kz4ytBZM9OhoDhcI4hEJPuH4faTBie8oe1MX2dd/zWrMdLsexHUQEM3T8KEG5y6ZMgPsKIdfpo2+OHQgrNQQ7LgVb2AlMhZUk5KdN5dx0VYm7f6MKo73Ee81S4suTgYYyx5WrfdVa09Qt+IA8/xaP5zANRat94kApeRwOdn/tymCvOlRhGzURx/Es+Nr1/jGMi4QMa94/nWS3HQZF3lZMJLwF530T3HW54Vz3v9lJTnAUsIUdr7ZPSrEfA1lPH2vn4rDt2ymj1Q3VDDlmSObasMc58oBjsEd9CX7W9FT7EzLl9G64O2qWEfvNeCrviAb8LjaRUw5m18OkSSKwaYLa/cNMG+pSpI54fI3jgMtQQMM8rjhFBw8bIeS96NT/aRGdxfhfrx5tHXyqfutJ/2IXgpgfDjcFh3ARCGpDpLl4NG6NrCanbJqRLLIRwPRb5lsaCGLoC8WUtNm0MfbbTXhOD88NXIYZANQ44Tap3D8SE8hF0G/jvW2CM5RQtfHXEN+jL9oICVRLVPAOXDdP3iTodyhvTwUQGHHgi91LUrNWwGEJKkO2tqnbr9wDsHnHbCDNUYOX9J2uOUHD5QCGrXTOKJYZ3v68/Fw0BucHo4MIIF5jCCA86gAwIBAgIUE1A7bImM8CQDMyyP90+O+32C7BswDQYJKoZIhvcNAQELBQAweDELMAkGA1UEBhMCVVMxCzAJBgNVBAgMAkNBMRYwFAYDVQQHDA1TYW4gRnJhbmNpc2NvMRkwFwYDVQQKDBBPcGVuQUkgT3BDbywgTExDMQwwCgYDVQQLDANUU0ExGzAZBgNVBAMMEk9wZW5BSSBUU0EgUm9vdCBDQTAgFw0yNjA0MDgxNzQ2MjVaGA8yMTI2MDQwOTE3NDYyNVoweDELMAkGA1UEBhMCVVMxCzAJBgNVBAgMAkNBMRYwFAYDVQQHDA1TYW4gRnJhbmNpc2NvMRkwFwYDVQQKDBBPcGVuQUkgT3BDbywgTExDMQwwCgYDVQQLDANUU0ExGzAZBgNVBAMMEk9wZW5BSSBUU0EgUm9vdCBDQTCCAiIwDQYJKoZIhvcNAQEBBQADggIPADCCAgoCggIBAPaS6dIUuq2e4RqsdahWG9iqsbNqkl+WefWStxQtJPi/wBqvYL7Bms15mtxsmv42msGYFqQ/5CyduqWlUHOzCsL5GvPESS94vdLsvOc/9JvRGg/yoGGiLIklylEGERf5JRCc0sYv9InEQRIO/iYe0201zey7NWBAqIVRvvbukJjxKtidehBratku2WPz5RRcKcWGIsGKHGjN6zieqVCWWyND+zj/Qnw7OqFRLyXJSNwx/1By7vB8oXfNGG+BYfM/v27o0huxpgg25Gsy+/53qF6bXN3dMZBMjmX/FoHLQc4oMVPKGEPOSARufdZkFrMpEOS0Ljq3VFpyVlfzqGp9Hu/mYR/dZcgOSAlJmTJ08AqizN2TAFOsI72ChSCx777tHaF3AO46RjOinuyv6QYxZrRmb7KJk6B+lQ4PIc5B+F7wjunNucDVM1140NAnMc9QMHJzHR7aasLAk8+t3A9kh/b7CE6IdvU+7/+SLJl3Lgv2BtyYtp0JAzr99BoJx49fWul+SA0JK7UeioMbBPJbFTwsEAOvkaKdQbdSaNENERoZv7DA2k9gve4pqu2HjXFcKIyNiKMlFGNF2AX8e2GPbEZUOxhcybCCr4PIsSM/HJ8aW+6i11S1KlOuu4XbpvqXnuyEiXLzekDJFraFWEdb8SRhOaJM3tjGqCLynr9bTCzLAgMBAAGjZjBkMBIGA1UdEwEB/wQIMAYBAf8CAQEwDgYDVR0PAQH/BAQDAgEGMB0GA1UdDgQWBBRYwkCgPEd2K6jmbqiRlo6WyLfZ5DAfBgNVHSMEGDAWgBRYwkCgPEd2K6jmbqiRlo6WyLfZ5DANBgkqhkiG9w0BAQsFAAOCAgEAWPiBkQyY8mxh/siGHdZbhB2m1r64pl0MXUnLuKEpzS2duFj58ISJPTz4b9VqH7QqolWS8GeBmV61VAz7mkaA4wJRAFPADgPBiFfe74JVfuP0fRjrDyb8g/8hqMGs3tsbk6sZzdAwdhg6k53OqmcDDTkaLoB0323wfhN2L+nqUEGLOD1s5eA+7i/bZFQ2XhG+YkW20SG0gDyMGOvanNZKqdVUZVtr0Vh+wEmH6+tLX5IMO5TXmob2oVnOR/A4rMOwfwN0ZNHAUjuhsXsoa+EOaZf4AhgMKBc7J/+upBCe92XLoPTqub2UzkTimLEKSGjuVakhpWCP/srWfdF7hiCcDvOoeNDG2kAuyIEFC1xiqCrB+1bnGHkHjhGv7OXb03D+RsxjqGTxPOmvpWS8Xr+FCC0esM7judOkEddSu3CLhp37Lr8K9tJVKyNCK0Nc7KGCYT/Pce2w95fp5MvCPPysd7e23CDBTOmJsg+yL3/DfpJknAi1hN7Mlv2JsEu1Q33S6a2G/RnZLZ+9AO7AtEdWI3xIFZEOTg9niSB7YgjByV5V8fYGxlEjV2/vh74UIEZ5vpQCscggKJ2ViogmVQVmUu8Yf9lLuqhaFOnCLK2fC8NcQvOh9SdkeXGMClqe/bn5RXkHcB7hagO1N5aOWP1Fv1QljIMDPQ/ZJjMj0Fh3prgxggNoMIIDZAIBATCBkzB7MQswCQYDVQQGEwJVUzELMAkGA1UECAwCQ0ExFjAUBgNVBAcMDVNhbiBGcmFuY2lzY28xGTAXBgNVBAoMEE9wZW5BSSBPcENvLCBMTEMxDDAKBgNVBAsMA1RTQTEeMBwGA1UEAwwVT3BlbkFJIFRTQSBJc3N1aW5nIENBAhRh20YoMoqMjUoGt7/+YOMCbD9xtzANBglghkgBZQMEAgEFAKCCASUwGgYJKoZIhvcNAQkDMQ0GCyqGSIb3DQEJEAEEMC8GCSqGSIb3DQEJBDEiBCCUnHZIR3whXnPr202AheT0VqLd8ETloP5vfYignx+YqDCB1QYLKoZIhvcNAQkQAi8xgcUwgcIwgb8wgbwEIL1PubKQTIE2Z4hu70Hhbf4E2SIHnb9bkkrQosRgRiJ6MIGXMH+kfTB7MQswCQYDVQQGEwJVUzELMAkGA1UECAwCQ0ExFjAUBgNVBAcMDVNhbiBGcmFuY2lzY28xGTAXBgNVBAoMEE9wZW5BSSBPcENvLCBMTEMxDDAKBgNVBAsMA1RTQTEeMBwGA1UEAwwVT3BlbkFJIFRTQSBJc3N1aW5nIENBAhRh20YoMoqMjUoGt7/+YOMCbD9xtzANBgkqhkiG9w0BAQsFAASCAYDObHMFoyMrOXaQsW5oY2Val7Umz6c+4CYmcM3fjTeZquBn4bYf0vV0+uWDzxOBhrj6JlTZKJASIiQ3UsGvrm2584cUxvh3J8EFMegYlA6+XE/jniiqKK1QVoS3D0ZEh/v8b1kT0G5DKe4PAdEbEIElYDJR90Qzb5BQJzJ29A3cxQm8MZj5n2A2DxAasZm0n5QIqdGPgLaUySQHeHVrmzce92M8mqZz99cJ9PF5S9o9MjudxdYnU5dbTo10JFN65dJh2R3Hwrn1ArGeTw2rqkvWTmILcWtMOeqrBNI0sVpejAUGLqLYrwSCqla1UkumiUofvDRT/Tgqi7GtI+/FWBSbb7VTzBj4S10h/HxkV2RZ09XiA+AUPoUX3+Hnq+VvWWSI1eXxFjrg7NiEwv15akTtTECQ8wFFS3rx7ro0yMkSlXyCFA+y65jYU7C8kBKGFmBbUx42HKnBG5Q0r3bHxTSMfIvGA4vNlguZbDYQgaHnwH8pXLaJNP1hJxHioL6gaCVlclZhbHOhaG9jc3BWYWxzgVkH1zCCB9MKAQCgggfMMIIHyAYJKwYBBQUHMAEBBIIHuTCCB7UwgemiFgQUY/MRol4Ozc3FEFK5P/PTNWZtyH4YDzIwMjYwNjAxMjE1NjIzWjCBmDCBlTBJMAkGBSsOAwIaBQAEFN+CN1NeU9gzseAEPSQ18XXm4QoZBBQ5PRBH3JePr4h7TXMYHc3l7qSlKgIQC6X86Q5wjPIFgDHuRBxkc4AAGA8yMDI2MDYwMTIxNTYyM1qgERgPMjAyNjA2MDgyMTU2MjJaoSIwIDAeBgkrBgEFBQcwAQYEERgPMjAxNjA2MDMyMTU2MjNaoSMwITAfBgkrBgEFBQcwAQIEEgQQzAFwCSYmuq8ArS/oSc9ApDANBgkqhkiG9w0BAQsFAAOCAYEAqjbNB8BvFnqAVYUAoSDJwVqngn966cKRFnwrC6LDLfZDCM3domQabVVxSYDFrYBv7d/b54Z0NOdQtcDlD2gWHawsNsyneZBYH+Kq4apJc+mbfBSpOb2QUNE9qk2mjQru9nwSfWwOYTv8K80ov24nApbBLPpkD3cl0tiBjwadmnrKN9phl/B+XmHxne6rdAPX5VYWeWzduEEpv6lO9EImnHWBOAqh1X33aTZ/c8FvIIpLQ5J5VKEViefYu+HoOQY4MM3SgLNiHMaAl0jGcDr7KMgF8hPS2vK/bNuMlcpWbsn9Deo2+dyBbQHDZ28Z8s5hhrxfeZLJGN/FvOFQHdXYPFd7+UH/hYQpQRgXW3ejUWSY4t4biuS9t+ZhTuNq7sdgh3do6he7wMKOpOiAoThwZoEQU4xKsT0liQ+eZc9OVBasL9GpVP/zgqUGcaeleW5H13fIe4dMwCdqcsSIQBy2AqGyblslyPJ3wxy8/CezVZr7QIAyRKoy01QRclH4yCMgoIIFMTCCBS0wggUpMIIDEaADAgECAhAvCQ6b6MRIGqhFTdFnK2EeMA0GCSqGSIb3DQEBCwUAMEoxITAfBgNVBAMMGFNTTC5jb20gQzJQQSBJQ0EgUjEgMjAyNTEYMBYGA1UECgwPU1NMIENvcnBvcmF0aW9uMQswCQYDVQQGEwJVUzAeFw0yNjAxMDIyMTI1MDVaFw0yNzAxMDIyMTI1MDRaME0xCzAJBgNVBAYTAlVTMREwDwYDVQQKDAhTU0wgQ29ycDErMCkGA1UEAwwiU1NMLmNvbSBDMlBBIElDQSBSMSBPQ1NQIFJlc3BvbmRlcjCCAaIwDQYJKoZIhvcNAQEBBQADggGPADCCAYoCggGBAMXn+JnJ+eUtz2h36WmRUNypkRJcT8Cr0Zkp45bZ+Vn3G2aAih6Wniqrpob5ZGtWuE6QxOoMLERblQtwXIlLvJznlUH4VgAN0yAmVG49Esazn7Z0Wvjba55QaJCdHNxakJgOqYtD3oKdnhnPemDrCIuvm48pHx24DoYJR60CVVteCo/qzIr1bSQNGTjoevvBwtDtAyv155Fw53q51BqGn5cTNBJoc+CfETJgr8aqdEbwtTBm8ut68KqARHhDn8qrYvHSt0wxUqYkRP0j1jLSecHarCxm7OiIkkOEES9tLJWTgTzxiawBJ4vUSdNrYsZoKiimyBwZc6UdbAuC6WzUsArKHfOnJWxZwriynxRybjTiFRsbDaN4AzszAHElyq2lAbnJW7cYQ06i01uC/GRedDt7xDrvU6uW++2DcZx2PJ/CbgNt7Flk7x8DOasM+hCMn0D/uTyxCMxPA99NJTSvzF25QoVrNlua4TBz1/L3P+CdzIfRuZLPg9TEXGb7Hq0F8QIDAQABo4GHMIGEMAwGA1UdEwEB/wQCMAAwHwYDVR0jBBgwFoAUOT0QR9yXj6+Ie01zGB3N5e6kpSowDwYJKwYBBQUHMAEFBAIFADATBgNVHSUEDDAKBggrBgEFBQcDCTAdBgNVHQ4EFgQUY/MRol4Ozc3FEFK5P/PTNWZtyH4wDgYDVR0PAQH/BAQDAgeAMA0GCSqGSIb3DQEBCwUAA4ICAQB3BQfsuic4+Mz1bAsZFT4o1LMKz3f1hmh8dYPlScRo+sNmvdJwd/xMJoj3MEtUH2TOkXwAr7dateSqmZ+HNulgnLAijr3mFP/BNRvYZF+s0Rs+4UCJqBjMieegMma1Lhe/8TlNGv1sc772ADZw49VfednWcsEyTPSFqR1CuEaCgDPFaCy7EuX8Mp6JX5/Q/p+La1wEXnSfUBvxBSkZFZxQygLEVvj4CaV4dxGz5JGK5coqtuGyxbEhvaKFhjijrLg6AjkAD17WMRS2/ro6qqC68FNO8vMqT9hkhYIUeVrcT3+L1FPCPXrAtqa9hCrrGDTskjL7ALVp418aOrGTUclYUpiV0DYer5rdZGqGC15jWbSCTqeK/K33QzlDcVFJ28fHQpHKYEWvQ1tp/EoRPDH2fDsPgJ0VwFte8KgVICUF9e1F/EYc/nu59k0sQSSkYK+j8+vjuPVxg8hJvZAXP+jYkY40WDaG39XOtiXFk1n3c8EzART7MG+MuQXpPdJ7aD429vnseCr7sfrwQnQx7prYG0huGLH4ntArycSP+zx6z8fkH9Knah3DM9PWwcq16CKTTK5fNI7vaXvbfMxl9TG0VYlVgk7IbsnD20+Ru17XRVNUHn1oTPdcAtop3bV2LDYPeosRR4ztY+CjqzTZGsWwRbm6nOalcgTdtrgh3pDHZ2NwYWRZIvgAAAAAAAAAAAAAAAAAAAAAAAAAAAAAAAAAAAAAAAAAAAAAAAAAAAAAAAAAAAAAAAAAAAAAAAAAAAAAAAAAAAAAAAAAAAAAAAAAAAAAAAAAAAAAAAAAAAAAAAAAAAAAAAAAAAAAAAAAAAAAAAAAAAAAAAAAAAAAAAAAAAAAAAAAAAAAAAAAAAAAAAAAAAAAAAAAAAAAAAAAAAAAAAAAAAAAAAAAAAAAAAAAAAAAAAAAAAAAAAAAAAAAAAAAAAAAAAAAAAAAAAAAAAAAAAAAAAAAAAAAAAAAAAAAAAAAAAAAAAAAAAAAAAAAAAAAAAAAAAAAAAAAAAAAAAAAAAAAAAAAAAAAAAAAAAAAAAAAAAAAAAAAAAAAAAAAAAAAAAAAAAAAAAAAAAAAAAAAAAAAAAAAAAAAAAAAAAAAAAAAAAAAAAAAAAAAAAAAAAAAAAAAAAAAAAAAAAAAAAAAAAAAAAAAAAAAAAAAAAAAAAAAAAAAAAAAAAAAAAAAAAAAAAAAAAAAAAAAAAAAAAAAAAAAAAAAAAAAAAAAAAAAAAAAAAAAAAAAAAAAAAAAAAAAAAAAAAAAAAAAAAAAAAAAAAAAAAAAAAAAAAAAAAAAAAAAAAAAAAAAAAAAAAAAAAAAAAAAAAAAAAAAAAAAAAAAAAAAAAAAAAAAAAAAAAAAAAAAAAAAAAAAAAAAAAAAAAAAAAAAAAAAAAAAAAAAAAAAAAAAAAAAAAAAAAAAAAAAAAAAAAAAAAAAAAAAAAAAAAAAAAAAAAAAAAAAAAAAAAAAAAAAAAAAAAAAAAAAAAAAAAAAAAAAAAAAAAAAAAAAAAAAAAAAAAAAAAAAAAAAAAAAAAAAAAAAAAAAAAAAAAAAAAAAAAAAAAAAAAAAAAAAAAAAAAAAAAAAAAAAAAAAAAAAAAAAAAAAAAAAAAAAAAAAAAAAAAAAAAAAAAAAAAAAAAAAAAAAAAAAAAAAAAAAAAAAAAAAAAAAAAAAAAAAAAAAAAAAAAAAAAAAAAAAAAAAAAAAAAAAAAAAAAAAAAAAAAAAAAAAAAAAAAAAAAAAAAAAAAAAAAAAAAAAAAAAAAAAAAAAAAAAAAAAAAAAAAAAAAAAAAAAAAAAAAAAAAAAAAAAAAAAAAAAAAAAAAAAAAAAAAAAAAAAAAAAAAAAAAAAAAAAAAAAAAAAAAAAAAAAAAAAAAAAAAAAAAAAAAAAAAAAAAAAAAAAAAAAAAAAAAAAAAAAAAAAAAAAAAAAAAAAAAAAAAAAAAAAAAAAAAAAAAAAAAAAAAAAAAAAAAAAAAAAAAAAAAAAAAAAAAAAAAAAAAAAAAAAAAAAAAAAAAAAAAAAAAAAAAAAAAAAAAAAAAAAAAAAAAAAAAAAAAAAAAAAAAAAAAAAAAAAAAAAAAAAAAAAAAAAAAAAAAAAAAAAAAAAAAAAAAAAAAAAAAAAAAAAAAAAAAAAAAAAAAAAAAAAAAAAAAAAAAAAAAAAAAAAAAAAAAAAAAAAAAAAAAAAAAAAAAAAAAAAAAAAAAAAAAAAAAAAAAAAAAAAAAAAAAAAAAAAAAAAAAAAAAAAAAAAAAAAAAAAAAAAAAAAAAAAAAAAAAAAAAAAAAAAAAAAAAAAAAAAAAAAAAAAAAAAAAAAAAAAAAAAAAAAAAAAAAAAAAAAAAAAAAAAAAAAAAAAAAAAAAAAAAAAAAAAAAAAAAAAAAAAAAAAAAAAAAAAAAAAAAAAAAAAAAAAAAAAAAAAAAAAAAAAAAAAAAAAAAAAAAAAAAAAAAAAAAAAAAAAAAAAAAAAAAAAAAAAAAAAAAAAAAAAAAAAAAAAAAAAAAAAAAAAAAAAAAAAAAAAAAAAAAAAAAAAAAAAAAAAAAAAAAAAAAAAAAAAAAAAAAAAAAAAAAAAAAAAAAAAAAAAAAAAAAAAAAAAAAAAAAAAAAAAAAAAAAAAAAAAAAAAAAAAAAAAAAAAAAAAAAAAAAAAAAAAAAAAAAAAAAAAAAAAAAAAAAAAAAAAAAAAAAAAAAAAAAAAAAAAAAAAAAAAAAAAAAAAAAAAAAAAAAAAAAAAAAAAAAAAAAAAAAAAAAAAAAAAAAAAAAAAAAAAAAAAAAAAAAAAAAAAAAAAAAAAAAAAAAAAAAAAAAAAAAAAAAAAAAAAAAAAAAAAAAAAAAAAAAAAAAAAAAAAAAAAAAAAAAAAAAAAAAAAAAAAAAAAAAAAAAAAAAAAAAAAAAAAAAAAAAAAAAAAAAAAAAAAAAAAAAAAAAAAAAAAAAAAAAAAAAAAAAAAAAAAAAAAAAAAAAAAAAAAAAAAAAAAAAAAAAAAAAAAAAAAAAAAAAAAAAAAAAAAAAAAAAAAAAAAAAAAAAAAAAAAAAAAAAAAAAAAAAAAAAAAAAAAAAAAAAAAAAAAAAAAAAAAAAAAAAAAAAAAAAAAAAAAAAAAAAAAAAAAAAAAAAAAAAAAAAAAAAAAAAAAAAAAAAAAAAAAAAAAAAAAAAAAAAAAAAAAAAAAAAAAAAAAAAAAAAAAAAAAAAAAAAAAAAAAAAAAAAAAAAAAAAAAAAAAAAAAAAAAAAAAAAAAAAAAAAAAAAAAAAAAAAAAAAAAAAAAAAAAAAAAAAAAAAAAAAAAAAAAAAAAAAAAAAAAAAAAAAAAAAAAAAAAAAAAAAAAAAAAAAAAAAAAAAAAAAAAAAAAAAAAAAAAAAAAAAAAAAAAAAAAAAAAAAAAAAAAAAAAAAAAAAAAAAAAAAAAAAAAAAAAAAAAAAAAAAAAAAAAAAAAAAAAAAAAAAAAAAAAAAAAAAAAAAAAAAAAAAAAAAAAAAAAAAAAAAAAAAAAAAAAAAAAAAAAAAAAAAAAAAAAAAAAAAAAAAAAAAAAAAAAAAAAAAAAAAAAAAAAAAAAAAAAAAAAAAAAAAAAAAAAAAAAAAAAAAAAAAAAAAAAAAAAAAAAAAAAAAAAAAAAAAAAAAAAAAAAAAAAAAAAAAAAAAAAAAAAAAAAAAAAAAAAAAAAAAAAAAAAAAAAAAAAAAAAAAAAAAAAAAAAAAAAAAAAAAAAAAAAAAAAAAAAAAAAAAAAAAAAAAAAAAAAAAAAAAAAAAAAAAAAAAAAAAAAAAAAAAAAAAAAAAAAAAAAAAAAAAAAAAAAAAAAAAAAAAAAAAAAAAAAAAAAAAAAAAAAAAAAAAAAAAAAAAAAAAAAAAAAAAAAAAAAAAAAAAAAAAAAAAAAAAAAAAAAAAAAAAAAAAAAAAAAAAAAAAAAAAAAAAAAAAAAAAAAAAAAAAAAAAAAAAAAAAAAAAAAAAAAAAAAAAAAAAAAAAAAAAAAAAAAAAAAAAAAAAAAAAAAAAAAAAAAAAAAAAAAAAAAAAAAAAAAAAAAAAAAAAAAAAAAAAAAAAAAAAAAAAAAAAAAAAAAAAAAAAAAAAAAAAAAAAAAAAAAAAAAAAAAAAAAAAAAAAAAAAAAAAAAAAAAAAAAAAAAAAAAAAAAAAAAAAAAAAAAAAAAAAAAAAAAAAAAAAAAAAAAAAAAAAAAAAAAAAAAAAAAAAAAAAAAAAAAAAAAAAAAAAAAAAAAAAAAAAAAAAAAAAAAAAAAAAAAAAAAAAAAAAAAAAAAAAAAAAAAAAAAAAAAAAAAAAAAAAAAAAAAAAAAAAAAAAAAAAAAAAAAAAAAAAAAAAAAAAAAAAAAAAAAAAAAAAAAAAAAAAAAAAAAAAAAAAAAAAAAAAAAAAAAAAAAAAAAAAAAAAAAAAAAAAAAAAAAAAAAAAAAAAAAAAAAAAAAAAAAAAAAAAAAAAAAAAAAAAAAAAAAAAAAAAAAAAAAAAAAAAAAAAAAAAAAAAAAAAAAAAAAAAAAAAAAAAAAAAAAAAAAAAAAAAAAAAAAAAAAAAAAAAAAAAAAAAAAAAAAAAAAAAAAAAAAAAAAAAAAAAAAAAAAAAAAAAAAAAAAAAAAAAAAAAAAAAAAAAAAAAAAAAAAAAAAAAAAAAAAAAAAAAAAAAAAAAAAAAAAAAAAAAAAAAAAAAAAAAAAAAAAAAAAAAAAAAAAAAAAAAAAAAAAAAAAAAAAAAAAAAAAAAAAAAAAAAAAAAAAAAAAAAAAAAAAAAAAAAAAAAAAAAAAAAAAAAAAAAAAAAAAAAAAAAAAAAAAAAAAAAAAAAAAAAAAAAAAAAAAAAAAAAAAAAAAAAAAAAAAAAAAAAAAAAAAAAAAAAAAAAAAAAAAAAAAAAAAAAAAAAAAAAAAAAAAAAAAAAAAAAAAAAAAAAAAAAAAAAAAAAAAAAAAAAAAAAAAAAAAAAAAAAAAAAAAAAAAAAAAAAAAAAAAAAAAAAAAAAAAAAAAAAAAAAAAAAAAAAAAAAAAAAAAAAAAAAAAAAAAAAAAAAAAAAAAAAAAAAAAAAAAAAAAAAAAAAAAAAAAAAAAAAAAAAAAAAAAAAAAAAAAAAAAAAAAAAAAAAAAAAAAAAAAAAAAAAAAAAAAAAAAAAAAAAAAAAAAAAAAAAAAAAAAAAAAAAAAAAAAAAAAAAAAAAAAAAAAAAAAAAAAAAAAAAAAAAAAAAAAAAAAAAAAAAAAAAAAAAAAAAAAAAAAAAAAAAAAAAAAAAAAAAAAAAAAAAAAAAAAAAAAAAAAAAAAAAAAAAAAAAAAAAAAAAAAAAAAAAAAAAAAAAAAAAAAAAAAAAAAAAAAAAAAAAAAAAAAAAAAAAAAAAAAAAAAAAAAAAAAAAAAAAAAAAAAAAAAAAAAAAAAAAAAAAAAAAAAAAAAAAAAAAAAAAAAAAAAAAAAAAAAAAAAAAAAAAAAAAAAAAAAAAAAAAAAAAAAAAAAAAAAAAAAAAAAAAAAAAAAAAAAAAAAAAAAAAAAAAAAAAAAAAAAAAAAAAAAAAAAAAAAAAAAAAAAAAAAAAAAAAAAAAAAAAAAAAAAAAAAAAAAAAAAAAAAAAAAAAAAAAAAAAAAAAAAAAAAAAAAAAAAAAAAAAAAAAAAAAAAAAAAAAAAAAAAAAAAAAAAAAAAAAAAAAAAAAAAAAAAAAAAAAAAAAAAAAAAAAAAAAAAAAAAAAAAAAAAAAAAAAAAAAAAAAAAAAAAAAAAAAAAAAAAAAAAAAAAAAAAAAAAAAAAAAAAAAAAAAAAAAAAAAAAAAAAAAAAAAAAAAAAAAAAAAAAAAAAAAAAAAAAAAAAAAAAAAAAAAAAAAAAAAAAAAAAAAAAAAAAAAAAAAAAAAAAAAAAAAAAAAAAAAAAAAAAAAAAAAAAAAAAAAAAAAAAAAAAAAAAAAAAAAAAAAAAAAAAAAAAAAAAAAAAAAAAAAAAAAAAAAAAAAAAAAAAAAAAAAAAAAAAAAAAAAAAAAAAAAAAAAAAAAAAAAAAAAAAAAAAAAAAAAAAAAAAAAAAAAAAAAAAAAAAAAAAAAAAAAAAAAAAAAAAAAAAAAAAAAAAAAAAAAAAAAAAAAAAAAAAAAAAAAAAAAAAAAAAAAAAAAAAAAAAAAAAAAAAAAAAAAAAAAAAAAAAAAAAAAAAAAAAAAAAAAAAAAAAAAAAAAAAAAAAAAAAAAAAAAAAAAAAAAAAAAAAAAAAAAAAAAAAAAAAAAAAAAAAAAAAAAAAAAAAAAAAAAAAAAAAAAAAAAAAAAAAAAAAAAAAAAAAAAAAAAAAAAAAAAAAAAAAAAAAAAAAAAAAAAAAAAAAAAAAAAAAAAAAAAAAAAAAAAAAAAAAAAAAAAAAAAAAAAAAAAAAAAAAAAAAAAAAAAAAAAAAAAAAAAAAAAAAAAAAAAAAAAAAAAAAAAAAAAAAAAAAAAAAAAAAAAAAAAAAAAAAAAAAAAAAAAAAAAAAAAAAAAAAAAAAAAAAAAAAAAAAAAAAAAAAAAAAAAAAAAAAAAAAAAAAAAAAAAAAAAAAAAAAAAAAAAAAAAAAAAAAAAAAAAAAAAAAAAAAAAAAAAAAAAAAAAAAAAAAAAAAAAAAAAAAAAAAAAAAAAAAAAAAAAAAAAAAAAAAAAAAAAAAAAAAAAAAAAAAAAAAAAAAAAAAAAAAAAAAAAAAAAAAAAAAAAAAAAAAAAAAAAAAAAAAAAAAAAAAAAAAAAAAAAAAAAAAAAAAAAAAAAAAAAAAAAAAAAAAAAAAAAAAAAAAAAAAAAAAAAAAAAAAAAAAAAAAAAAAAAAAAAAAAAAAAAAAAAAAAAAAAAAAAAAAAAAAAAAAAAAAAAAAAAAAAAAAAAAAAAAAAAAAAAAAAAAAAAAAAAAAAAAAAAAAAAAAAAAAAAAAAAAAAAAAAAAAAAAAAAAAAAAAAAAAAAAAAAAAAAAAAAAAAAAAAAAAAAAAAAAAAAAAAAAAAAAAAAAAAAAAAAAAAAAAAAAAAAAAAAAAAAAAAAAAAAAAAAAAAAAAAAAAAAAAAAAAAAAAAAAAAAAAAAAAAAAAAAAAAAAAAAAAAAAAAAAAAAAAAAAAAAAAAAAAAAAAAAAAAAAAAAAAAAAAAAAAAAAAAAAAAAAAAAAAAAAAAAAAAAAAAAAAAAAAAAAAAAAAAAAAAAAAAAAAAAAAAAAAAAAAAAAAAAAAAAAAAAAAAAAAAAAAAAAAAAAAAAAAAAAAAAAAAAAAAAAAAAAAAAAAAAAAAAAAAAAAAAAAAAAAAAAAAAAAAAAAAAAAAAAAAAAAAAAAAAAAAAAAAAAAAAAAAAAAAAAAAAAAAAAAAAAAAAAAAAAAAAAAAAAAAAAAAAAAAAAAAAAAAAAAAAAAAAAAAAAAAAAAAAAAAAAAAAAAAAAAAAAAAAAAAAAAAAAAAAAAAAAAAAAAAAAAAAAAAAAAAAAAAAAAAAAAAAAAAAAAAAAAAAAAAAAAAAAAAAAAAAAAAAAAAAAAAAAAAAAAAAAAAAAAAAAAAAAAAAAAAAAAAAAAAAAAAAAAAAAAAAAAAAAAAAAAAAAAAAAAAAAAAAAAAAAAAAAAAAAAAAAAAAAAAAAAAAAAAAAAAAAAAAAAAAAAAAAAAAAAAAAAAAAAAAAAAAAAAAAAAAAAAAAAAAAAAAAAAAAAAAAAAAAAAAAAAAAAAAAAAAAAAAAAAAAAAAAAAAAAAAAAAAAAAAAAAAAAAAAAAAAAAAAAAAAAAAAAAAAAAAAAAAAAAAAAAAAAAAAAAAAAAAAAAAAAAAAAAAAAAAAAAAAAAAAAAAAAAAAAAAAAAAAAAAAAAAAAAAAAAAAAAAAAAAAAAAAAAAAAAAAAAAAAAAAAAAAAAAAAAAAAAAAAAAAAAAAAAAAAAAAAAAAAAAAAAAAAAAAAAAAAAAAAAAAAAAAAAAAAAAAAAAAAAAAAAAAAAAAAAAAAAAAAAAAAAAAAAAAAAAAAAAAAAAAAAAAAAAAAAAAAAAAAAAAAAAAAAAAAAAAAAAAAAAAAAAAAAAAAAAAAAAAAAAAAAAAAAAAAAAAAAAAAAAAAAAAAAAAAAAAAAAAAAAAAAAAAAAAAAAAAAAAAAAAAAAAAAAAAAAAAAAAAAAAAAAAAAAAAAAAAAAAAAAAAAAAAAAAAAAAAAAAAAAAAAAAAAAAAAAAAAAAAAAAAAAAAAAAAAAAAAAAAAAAAAAAAAAAAAAAAAAAAAAAAAAAAAAAAAAAAAAAAAAAAAAAAAAAAAAAAAAAAAAAAAAAAAAAAAAAAAAAAAAAAAAAAAAAAAAAAAAAAAAAAAAAAAAAAAAAAAAAAAAAAAAAAAAAAAAAAAAAAAAAAAAAAAAAAAAAAAAAAAAAAAAAAAAAAAAAAAAAAAAAAAAAAAAAAAAAAAAAAAAAAAAAAAAAAAAAAAAAAAAAAAAAAAAAAAAAAAAAAAAAAAAAAAAAAAAAAAAAAAAAAAAAAAAAAAAAAAAAAAAAAAAAAAAAAAAAAAAAAAAAAAAAAAAAAAAAAAAAAAAAAAAAAAAAAAAAAAAAAAAAAAAAAAAAAAAAAAAAAAAAAAAAAAAAAAAAAAAAAAAAAAAAAAAAAAAAAAAAAAAAAAAAAAAAAAAAAAAAAAAAAAAAAAAAAAAAAAAAAAAAAAAAAAAAAAAAAAAAAAAAAAAAAAAAAAAAAAAAAAAAAAAAAAAAAAAAAAAAAAAAAAAAAAAAAAAAAAAAAAAAAAAAAAAAAAAAAAAAAAAAAAAAAAAAAAAAAAAAAAAAAAAAAAAAAAAAAAAAAAAAAAAAAAAAAAAAAAAAAAAAAAAAAAAAAAAAAAAAAAAAAAAAAAAAAAAAAAAAAAAAAAAAAAAAAAAAAAAAAAAAAAAAAAAAAAAAAAAAAAAAAAAAAAAAAAAAAAAAAAAAAAAAAAAAAAAAAAAAAAAAAAAAAAAAAAAAAAAAAAAAAAAAAAAAAAAAAAAAAAAAAAAAAAAAAAAAAAAAAAAAAAAAAAAAAAAAAAAAAAAAAAAAAAAAAAAAAAAAAAAAAAAAAAAAAAAAAAAAAAAAAAAAAAAAAAAAAAAAAAAAAAAAAAAAAAAAAAAAAAAAAAAAAAAAAAAAAAAAAAAAAAAAAAAAAAAAAAAAAAAAAAAAAAAAAAAAAAAAAAAAAAAAAAAAAAAAAAAAAAAAAAAAAAAAAAAAAAAAAAAAAAAAAAAAAAAAAAAAAAAAAAAAAAAAAAAAAAAAAAAAAAAAAAAAAAAAAAAAAAAAAAAAAAAAAAAAAAAAAAAAAAAAAAAAAAAAAAAAAAAAAAAAAAAAAAAAAAAAAAAAAAAAAAAAAAAAAAAAAAAAAAAAAAAAAAAAAAAAAAAAAAAAAAAAAAAAAAAAAAAAAAAAAAAAAAAAAAAAAAAAAAAAAAAAAAAAAAAAAAAAAAAAAAAAAAAAAAAAAAAAAAAAAAAAAAAAAAAAAAAAAAAAAAAAAAAAAAAAAAAAAAAAAAAAAAAAAAAAAAAAAAAAAAAAAAAAAAAAAAAAAAAAAAAAAAAAAAAAAAAAAAAAAAAAAAAAAAAAAAAAAAAAAAAAAAAAAAAAAAAAAAAAAAAAAAAAAAAAAAAAAAAAAAAAAAAAAAAAAAAAAAAAAAAAAAAAAAAAAAAAAAAAAAAAAAAAAAAAAAAAAAAAAAAAAAAAAAAAAAAAAAAAAAAAAAAAAAAAAAAAAAAAAAAAAAAAAAAAAAAAAAAAAAAAAAAAAAAAAAAAAAAAAAAAAAAAAAAAAAAAAAAAAAAAAAAAAAAAAAAAAAAAAAAAAAAAAAAAAAAAAAAAAAAAAAAAAAAAAAAAAAAAAAAAAAAAAAAAAAAAAAAAAAAAAAAAAAAAAAAAAAAAAAAAAAAAAAAAAAAAAAAAAAAAAAAAAAAAAAAAAAAAAAAAAAAAAAAAAAAAAAAAAAAAAAAAAAAAAAAAAAAAAAAAAAAAAAAAAAAAAAAAAAAAAAAAAAAAAAAAAAAAAAAAAAAAAAAAAAAAAAAAAAAAAAAAAAAAAAAAAAAAAAAAAAAAAAAAAAAAAAAAAAAAAAAAAAAAAAAAAAAAAAAAAAAAAAAAAAAAAAAAAAAAAAAAAAAAAAAAAAAAAAAAAAAAAAAAAAAAAAAAAAAAAAAAAAAAAAAAAAAAAAAAAAAAAAAAAAAAAAAAAAAAAAAAAAAAAAAAAAAAAAAAAAAAAAAAAAAAAAAAAAAAAAAAAAAAAAAAAAAAAAAAAAAAAAAAAAAAAAAAAAAAAAAAAAAAAAAAAAAAAAAAAAAAAAAAAAAAAAAAAAAAAAAAAAAAAAAAAAAAAAAAAAAAAAAAAAAAAAAAAAAAAAAAAAAAAAAAAAAAAAAAAAAAAAAAAAAAAAAAAAAAAAAAAAAAAAAAAAAAAAAAAAAAAAAAAAAAAAAAAAAAAAAAAAAAAAAAAAAAAAAAAAAAAAAAAAAAAAAAAAAAAAAAAAAAAAAAAAAAAAAAAAAAAAAAAAAAAAAAAAAAAAAAAAAAAAAAAAAAAAAAAAAAAAAAAAAAAAAAAAAAAAAAAAAAAAAAAAAAAAAAAAAAAAAAAAAAAAAAAAAAAAAAAAAAAAAAAAAAAAAAAAAAAAAAAAAAAAAAAAAAAAAAAAAAAAAAAAAAAAAAAAAAAAAAAAAAAAAAAAAAAAAAAAAAAAAAAAAAAAAAAAAAAAAAAAAAAAAAAAAAAAAAAAAAAAAAAAAAAAAAAAAAAAAAAAAAAAAAAAAAAAAAAAAAAAAAAAAAAAAAAAAAAAAAAAAAAAAAAAAAAAAAAAAAAAAAAAAAAAAAAAAAAAAAAAAAAAAAAAAAAAAAAAAAAAAAAAAAAAAAAAAAAAAAAAAAAAAAAAAAAAAAAAAAAAAAAAAAAAAAAAAAAAAAAAAAAAAAAAAAAAAAAAAAAAAAAAAAAAAAAAAAAAAAAAAAAAAAAAAAAAAAAAAAAAAAAAAAAAAAAAAAAAAAAAAAAAAAAAAAAAAAAAAAAAAAAAAAAAAAAAAAAAAAAAAAAAAAAAAAAAAAAAAAAAAAAAAAAAAAAAAAAAAAAAAAAAAAAAAAAAAAAAAAAAAAAAAAAAAAAAAAAAAAAAAAAAAAAAAAAAAAAAAAAAAAAAAAAAAAAAAAAAAAAAAAAAAAAAAAAAAAAAAAAAAAAAAAAAAAAAAAAAAAAAAAAAAAAAAAAAAAAAAAAAAAAAAAAAAAAAAAAAAAAAAAAAAAAAAAAAAAAAAAAAAAAAAAAAAAAAAAAAAAAAAAAAAAAAAAAAAAAAAAAAAAAAAAAAAAAAAAAAAAAAAAAAAAAAAAAAAAAAAAAAAAAAAAAAAAAAAAAAAAAAAAAAAAAAAAAAAAAAAAAAAAAAAAAAAAAAAAAAAAAAAAAAAAAAAAAAAAAAAAAAAAAAAAAAAAAAAAAAAAAAAAAAAAAAAAAAAAAAAAAAAAAAAAAAAAAAAAAAAAAAAAAAAAAAAAAAAAAAAAAAAAAAAAAAAAAAAAAAAAAAAAAAAAAAAAAAAAAAAAAAAAAAAAAAAAAAAAAAAAAAAAAAAAAAAAAAAAAAAAAAAAAAAAAAAAAAAAAAAAAAAAAAAAAAAAAAAAAAAAAAAAAAAAAAAAAAAAAAAAAAAAAAAAAAAAAAAAAAAAAAAAAAAAAAAAAAAAAAAAAAAAAAAAAAAAAAAAAAAAAAAAAAAAAAAAAAAAAAAAAAAAAAAAAAAAAAAAAAAAAAAAAAAAAAAAAAAAAAAAAAAAAAAAAAAAAAAAAAAAAAAAAAAAAAAAAAAAAAAAAAAAAAAAAAAAAAAAAAAAAAAAAAAAAAAAAAAAAAAAAAAAAAAAAAAAAAAAAAAAAAAAAAAAAAAAAAAAAAAAAAAAAAAAAAAAAAAAAAAAAAAAAAAAAAAAAAAAAAAAAAAAAAAAAAAAAAAAAAAAAAAAAAAAAAAAAAAAAAAAAAAAAAAAAAAAAAAAAAAAAAAAAAAAAAAAAAAAAAAAAAAAAAAAAAAAAAAAAAAAAAAAAAAAAAAAAAAAAAAAAAAAAAAAAAAAAAAAAAAAAAAAAAAAAAAAAAAAAAAAAAAAAAAAAAAAAAAAAAAAAAAAAAAAAAAAAAAAAAAAAAAAAAAAAAAAAAAAAAAAAAAAAAAAAAAAAAAAAAAAAAAAAAAAAAAAAAAAAAAAAAAAAAAAAAAAAAAAAAAAAAAAAAAAAAAAAAAAAAAAAAAAAAAAAAAAAAAAAAAAAAAAAAAAAAAAAAAAAAAAAAAAAAAAAAAAAAAAAAAAAAAAAAAAAAAAAAAAAAAAAAAAAAAAAAAAAAAAAAAAAAAAAAAAAAAAAAAAAAAAAAAAAAAAAAAAAAAAAAAAAAAAAAAAAAAAAAAAAAAAAAAAAAAAAAAAAAAAAAAAAAAAAAAAAAAAAAAAAAAAAAAAAAAAAAAAAAAAAAAAAAAAAAAAAAAAAAAAAAAAAAAAAAAAAAAAAAAAAAAAAAAAAAAAAAAAAAAAAAAAAAAAAAAAAAAAAAAAAAAAAAAAAAAAAAAAAAAAAAAAAAAAAAAAAAAAAAAAAAAAAAAAAAAAAAAAAAAAAAAAAAAAAAAAAAAAAAAAAAAAAAAAAAAAAAAAAAAAAAAAAAAAAAAAAAAAAAAAAAAAAAAAAAAAAAAAAAAAAAAAAAAAAAAAAAAAAAAAAAAAAAAAAAAAAAAAAAAAAAAAAAAAAAAAAAAAAAAAAAAAAAAAAAAAAAAAAAAAAAAAAAAAAAAAAAAAAAAD2WQEAkbakzQrxsMWAfnMXyCHIqgTjXkJ2yBSqgdntlE43smLRzWvrTrhayZwZTla3ThvLe9E7Vg3ZcevAm+yIE8YZJ/LB9Zpaxzg82KMvDLZWlVk/72GlNMazSy+fU3hiO7Ktya3jcoXGeN3neWyZm8Cmlx7JdN1kIASyLhmV/WvbrCJR0d85b3DLu6jG32sIr5ozpSP/inUG9G3sF1n15pV6hhhAdDBC2DdLPbhT/QQ9NCV/WGBvV1R0tQIPhmIn0zHElhBOHdqp4syaWXXZO+e3OnriJyPSMFdYWOjNPd54+hb0gLnTNFuGSZeXMcvEuVIFcOsHqdgBDU75CCQSr6pu7WcABPcAGDdgSURBVHgB7cADoCRZlsbx/3fujcjMp3JLY65t27Zt27Zt27ZtaYyelkqvnjIzIu75drdqeqaHO2vVrz79H/60K7W1cWpZu86ZaUnq+pLJsB5mfRmGppKL2aZbKlBonFpIGchgp6UipazWxuy6OoyDW85mM5UYpzHTNUpEZFKrWmsoSonVMFQgYprGiK6WQNGyFWGqs/V9ndLTOJXA9jC1WS0oxmFEns8Xy/UKu+/7Nk7gWqqDNjSqSpSu60OxHlYFWTENg2uQrSVdqV1XWzo95eRSisC41mop5DGTMbt5FyrDONmNKRXq+25qtHEY2tj3fRBjmySi1BqanJ4cJdyy72rLXE9DV7qQKBGSHUXCrQnSoCmbW9qUqP28tCnBKZE5TanS1bBRutmUUsJMU9a+ONnf25svFn1XmpvM1KZaamuuRSq1tVY6TethnMZZP5913XoclqujGp2hq7XWzoAnkErXpiGiRCltajijdAqcnsZGSEEpVRnpaZhaVRRFhpEKMU6DFTUKsqWcWtQiF2hJligREWhsTVFw2iKz1GKRUxNSOJubp1DBzVaEVEtSip3QMqsotUqMq9GhWmrSaJlJ7SObp6mp0EUkZOLWCElky4hwSKhImVlKcSqdrY0KsKfRCvVdB5rIWisp1LIhJNGmtECelV41prHhppAzVftAmU3OBMDOrp9lJnZGKFtrUxpJkooCyZmAREIRbtjGLl0HzYhsCjXb09TcFBURFORMlyjOiE4kLVuJAEDCDtVSx3GKEspMOaeUHV1tYypsorV1KV2t1a05XKBlWjENU+bYdR0RhYASYspGukQoQtBoLQEXiFrSOQ2jk9KVruvBrXka15aqlC0pKlGdObVWSpXkTEkRtbmpSo6WDVNLDQUlpmmys0iUoDUU69VQatCSEgplS2Oy2TGf9cMwWO67fpoyQCGwVCzZKUMEMOVUo2RrUkm3YZhqkUIhmVA2lZLT1PezlLMZt2bXUoapRWjez93aar3qum5q2XKSs5t1UqFlKkUURZrWJkVky4goQXMW6uTWMmVFMAxjrZrNNmy3bCoFXErnaZpsSSKd6rouIqbm1tY2QQSahJRCCdjYBiUqOCUpMSaKaNnVromwTdpW0jRN4xDICFkOFCEhVEJTphRRKMXjWGpBMYyjUhRFEKVkKm3ZyDSXrku3iNLGySFJckqS7fTYWlT1pRuG0RCidN00jSSlVrlNRthJYwqVqFFUpJimqdRwys6Dg73V0erEiRMlNExTVzuj2lUJmtfTqKTWOmHS/Wzm1lpOVijU1c40mtIpj5lktmkaoyin1lKzxQYKZzMRIVo2N6DWGmCnQ9M0KlVqFNWx2SQ2UPtOUhuGWitiTEq0ojo2l2BsUy2dFBFya8CUaTIUJnJqUZCUrYHsRnOpnURmOoqnlm5RC5mh0pwKldp5aukEt8y+nzmtUCAjZwvbUexmVCTIyRQrSSlUQijHodlCJeSg1s7GmethFKp9IZGYxlb7rmVKSMpsVcUSpKxpSokoARkK47ENNKlWgQinI0hJBDJYpplQkdKJZNtJgLEzieKi0tpUotJVcqJBqNTqbNOUqpqm5jZFCaVk1CFKtqZSbVo2Qa0lQk5nSykQwpkk6cmlSmK9WrU21b7W2pXakW5uOTZqKCWJCKbmoigFkNUaUSglMhsJuE1TlMhMp9PqargE2YJoGLtlC6ub9W2cWk5VEX03TYNMZq6HoetK38/Jlk4RKduqim7Wt8w2tmFcRykg2dnSclhdVw3r9Volun7mNjiC5vU4KmJWO0WMbZh3C0Ljet2EWwOcre/6Wus0tfV6DRmldl1VY8oRU/qSrQ3raWNzsV6N47iqtZ/PZ2NrpYQtm3SWoNRSqOtxTTZFN+Y472ZTa+tx3UUpXZXkli3TEImxai1SlCp5ytbGCTGtx9nmZhdCTGNz5jhM6mpr47zvI2JqkyFtt+y6mduUNqGcRlDXz7Nl81RVxmmKolqKTZJFdWrTOE41AjlqqVHaNJXajdPgZNZ109Ss5pbdfKNEadPUPJWIKXMahq7vSaWnbABW1to7x2mapA4sqLUvNdrUpjbZilDKNUpXy9RatimKwnVoq0uX9mfz2Ua/MU3Talhvbi0W843Do8OudlHKerVcLZeL+bxbzNqQEQHKHI02FpvZxvWwjgiVOqxXgq6bIRSVnFbDOiRLXenSmemu1mG9bkmtZRoGk11fW+bUsoQW3SIK7B/uDa0tZouWOU4DbmYKMY2j8Ob2znxjNqymaRgoMUzj8vCoDWPXdzmtndnVGeBx6rra1Y5COjfmi+2t7aPValiPhdpFSXscx2EYsrm1XB8tlci5HqdMb21uB3F4dJTjdLi/n821aG9/L8dWSxFZ+76Wzs5SaoTsNo1joFJrLTHvZ7PNuSLOX7w4DEPta42CtFouV6ujnHL30sX16mhzezNCfTfvZ33t6mKxaOM0DdlyIiJBkhXr9fLw8Ag7PWW2NqXdQpGyQ6WWkBMr3bKNbYxQ33V9rdOUJZTZSqjWMk7DME5Ftes6k8vDg3EaglQJSsmc0ppyasMYoVqjn5X5bDHrOxPOpoiIEnKJrqu1L30ArTlivrHoSk1PGxuz2axDymls49Barlbrru8WGzNnwymKWzs8OJqmyZaIrutrjVJq7WtERDhqR9RskylDm9bDunZ9KXVq05TO0QJCfe3b2KZszUZSUPoyDqMy+42+dL2TzCTqNLZSYxyHYVxnenW03tvdlRW1jMPU1ailq6UmAB6ztaZOmYKpTc1MJWoQpXah4mksQQ275dSmNrVpakkTRrRpGtoYoZwyW4tCV2q2qU1tmiZ10XfzrvbIlsMECkUpZWyt5WilM2tE38/7RVf7ks6pjYFIQkzDVMKlhITljcV8a3MzagzjmJ5qnZUoU8sSam1sbWq2USPHsUkybpkl7SZEV4ucOU22s01JSrT0NIx26bpuHFer1dEwDK1hW6FpHI+OjhKrRC1lNtsIRZRuNp8rok3DNDYDzszEGttILSiwS6iNObVJqSgRXacwcrasiijdNIwkraXsUvtQaatVERARXVd7K6ZpvR7WxTl5nNo4jGuLnHKY1s42ouVq7aR2PUJWtjYO6/TUpgkzZVp0tUYtIWRJCkWptetqqYEyKEA2gySVrkDWULYch8TYWq5XUYU14RJFlkyJ6Os8iqPUMSfsiFJIF4Y2DlN2XS1iGleIwHZWFSlqCYXIlrRE2dymFjVsailR65htHKc2jSpFVq21j1IInKthUJB2m9q867rajcM4teFwdXjp0q4MkG06XC1tZn1fSpVKmiHHrpZZ6SSyjXZrU7MzhFGb3KbWsjWHAqe76ErXA63ZzmlIWaGghGwDCreWrWW6RAGikDmWWrrSl1JLKV0/M47MiZyGsU0jYZJMGx8e7C+PVkdHy2kamjNUiopqtT1O49HRQUujyLSNJImgiAhltWTSRAlZpZQIRyl9LUJjyxIlM6lFhUpVROm6qY1Gpajru1prRLhEiSCKk4hau4o9TqMBWpuyWmG6vts+tr2xMQfGaWzZFMhTiLFNrY0u4aCIWd+3aWhODM2ttcDKmKYhaRDGjpgtNkrMovSLzY3mltM0DOuAUiJqdLX2tQs8tKE5ZXfRz+ZzKVo2RXad+tp1fQ3CdoPSdbV0bRzGwaV0QiWqJ+MgE5haG6c2Dqs2tK52O5tbNZjaFIGntJzpYVp3s1prSUxOs3k/n/cy09SAvp/1tcemxKyfq0TtZgFtnCKCUmqo7zv3JbNhB9TaR3RBqJYStZY+CKEJW1bEME3jlBARXdfNIqKvNVLTlFGrSoSZzfrZbFZVcmwtkW1DjShByM5pyiCmqe3t7k05kVlrBznl6KKiYqeg1lr6eSCT62mU6Pu+dB1kpyil1q7WUiwrQhEhggK4eRrHNASd6qzr+jrrSid7yMmJ0y1RUTer81pLLbYjCStqKJTZpqmlx67Urou+dl0tJh2qBCjMOK4F3Wy+0S9m8z5hGqcMnAkqkp12q1KYUCBCYVxK13Wz6LpSRImiKF0/2kBOI1OrVSFKKV03b3gax0DjOK6nteRu1o3jerleT1OzCJc+ajefrdfrcRhm866UGkRfohYt10uS0nfUcrQ6OlweRpppSkuWRKjUUvtZLzyupmmanC1KzGsnHKFxSpU6W8zGaVgOR6XrZjVqCdW8dGl3aGsI442tedd1mztbs37eDAjLNhi32WyWY1uuRuNxmMY2pZOWs3nflwirm81L6aYxpzaV0LyfTU6jWopVjg4Op6kNq1UtpZQ6TOvlcnl0tFwt16qlq11GFrIrJc16PfT9rO96TwnKcVBoY2Mjm6fJoTKs1+M0WQrFbDGfz+fDehrG1pU6TmPLqRTSzfZ6ucLq+1oKfenm85lDw7C0mc3n2G0c2zSW0qFYL4e+zkBRwiLQfN4tFhulqNau1Dq1VS1FpFF0RSIzIyg12jDmOE3TNKwHkr5uzDbni9nGYrGY9bOt7Z1jp05sbM5pXq6XxdGVvgT7+3vnz50bMxf9YrHY2Nja2Nxc1NK3yaPH0W6NYZiiRERdrdZ7e5eMaePRaj0r1ei+u+6dhqErNaexlLLY2lxszNfTenN7a2Nza7UeprG5sTHfaEH52I/8ICvm89liMc+WpLe2t5ZHq8wstS7mixplGIfMFlGWq0OTmTl6KKr9bNbVPnOqIUqRNA7DsFx3/ayf9WObDveP0p7Nuig1Ssz6PjMNfd/VWlLM54tSikREWSxmoUi7djMFEbGxublcrqpiY2t7PYytDUEQapm160yUGn1X1KLRnEq7uZ08fnKxsWGydt00rqfWtne2TUnn5ubGerUe1uu+74ri0v4l27PFbHNjYxqn9NR1Pek2tWG9jihd3ws7XWq17YnWJvCwGlOOKJlk5sbGoka3d7A3rtez+SyndNAvZtPU2jiV2qWzRGmZrWGQOFqupnFabCxE4phvbGBWw2pqWUpM4zQ1d7WWUkIxTeN6WIHTiijOqUQZ2xRR+66rUaY2Xbp0aT2Mfd8j+n42Dus2jbXrlQ0UtZRSp7bu+9ms9mmXqq6vSOM4ZU4Triqzvp+GYXlwKKnrq1CtZWxDqXU2m5euc3q9HhQsFvNQgDOTCKxpnGqJWquSQOM0rJarWV/7fhahcTXWLmrt1qt1qX0pGqfJZNf1xhjb0zTWUjMTSaV2pUbt5HQ2KYi6Xq9q7UtotR5m83lX+nFcT22a97OIWC6Pat93RUVlOUyZbTabVdWulqk1hULRd1UWorXMZNb1qcjmKZ2iSNlca53NZpbtNo3NopROKrVELVUlppwu7l6UiRIKiUgnzkxHKbXrJKEoIRFIta9tnKYcZ7OulnmbMkpNJ9PUzxcCpMw266tKtDGtGMcJXGtFWo1r7FK7ohIKAqMSUUodW6tdV0stRSohqWXWWqRSIoZhSJugtYYshRRKqJWWpYZKtY1J57Baj8MwtTZOU+2rRe1qy9bGCZhai9qhVEREbTlF6SKEJVxKRNDS0zQpvFqupilnXdeyRe26KEnW0jk9mVCkk1JbTrYJFZVpGG138y6ItLKNzTDhEtnG5tb388zsui4iotSu6xJHFBAioss2dd2sZVPm5Fwvh2ma5n2ZcgoopQePw6rUHhQRUzrbYEeNqFGilma3cYoAZ5TiKbOlFF2tUZVJ7YqKIlRUuq5z82zR9bN+annxwrmudP1slpm1VGdOKFRqrbYjImoZh3EYh67OZrONKSeJ2vddX2s3m6YpqiIYp5ymYTFfRJT10WqCblbH1bRcre3WWhLqah/CdmutZQNEmCSNIvoOY0UJJQ1TVEyuh/X6aFX7UmufIAHRddUmG+lWos7nM1QiaAlOKVprtS9tGlfrcVb7ru9TVgiVbKmKQxFRQna2KUPFpEKKCKi1rteDcFGRZHsaJwd912WmoCVSRokapVh13pfCNLX1ekCWalEdh/W6ZRQVRURIEbWUKLP5PELr1YDV5FJqXytEqBoPbcrJ0fezWd/VfpjG1lpIUmlOnKXWvtRpGodhnC9mcihqLVWhtKecuuhKlHEaSqnIbRr7xcJuq/W6lFKilFrGaYIQDMO6OGpRm1xrjOOq5dTV2kUfRdjGObYS0c2qVBSU0LReL9frInW167rS19r1Mxu3PFweOVNSpqepSUKhYDab2a21ZpMtCc3nMyeAQjViymZ7vVxFRJRSSh2ztWwU1Sh2TDkiJZrGMUqtXTeOo0jsbG3yJCKKm127CDoVZSY5ZfMwDWQSUMJuCJkiKTRNYzerQrZqCaIGZd0GESEUUUuxJUWNGFYrldKVGkWttUzPZn3tu6Oj5TQNoRBRazE5tWmcGkIR4zSBQ1KEHF3R0IxtZxSV2qOGiyxLSmpf0l6v17WrSpOE7AhltkygTakStetzaqv1upYoBJSDw8MoBUc6Z7NOUbpSJU3NtUYohmkaW07jYDkzPdnYTkw368b1WiEpxmFcbMz6fib74Gg5TU0RtQtnTs4+amZTlK2NjYi6OliFpFDf97OuB46Wy/39S61lKaES0ziWWkt0/WweJZbLw2kcSi1d1H5jITw1164uFlu1I1sDSqmCKZuDWddJWg9rVFubAo9jw97e3JnP+mFYHy2XUrSpZTZJVaVEubh7KdQtNuYO1ut1P+sybWO5WrXvc5ra2EpfutqbFtIwtmFYb2xuzmf90eHhcrWuXXd0cNR3XaajqutnJApP0yTFer1ero42F1uL+byU0tWur2U9TjiNF4vF8vBoGIawVMo4jIGnaZQK5NSmWd/NZt3U2qzv2zQtl8vZvJv386Plfol+sbEYhtGwsZhHKaHS9fXo8NAI6ehouZgvpjYeHR1sbm5FreOwHqZp1s+svHTxwnq52tzemC9my/UwK13pYrk8yimXq3UbJxSz+bzv+tLVdJvGVrpuczEH1quVIxaL+cUL56ecNjY3+q6IMgzrWd9vbm+thvXBwV6tsV6NnaJfzA4ODo+ODq+7/sbjx0/Oun65OrJta7k6ioh0W61WW5sbGIuCal92dw8unDt3+sRJSkzDWGfd4dFh2hsbcyfL9TKnnPc9dhunza3N1eFyamOJKnI2W6yOjspHf9gHbW1vKC1UaiQexjEzRZnGNfKFC7vZplLK1KZxHDc2FouNuYfcPzhcr9dFUkSbpjaOB/uH63Hoa53N5i3bar2stQQ2zPq+RMHZModxKFFatuXhUWsptLFYYNbDZOfU2ubmhjNXy1UppbVxzASbPDo8siilIDkVZNSShOVhPWSbIoAg29133zOsV5sbG8M4pQkUIUUc7B2UKFMba9fZXNq7RKjvumlqAbN+I2C1XqdRkLJbrlarUutiNhunAanrOiKQFvPNUqJ2xamDw4N+1vezvnbdej0qIhzpnPV92qbN+3nX11pLqERE380O9veXw2o2m0dEs7NNk6cSIduptPt+FopxHNIx6/vMTLuvlYhsHsdR1K5wuFzWrqYzp7a1vbW9tR2KqbXD1TIiIspqWJdS54uF7IiYWlut1t28i4ij/aNxmmwbJJw4naifdbN+Nuv7qeV6tS5RSumW69X+wUGRIGsp0zRFlL6vtZ91XR3W0+SsfQe0bLP5YhpaqcVWKSw2Nheb80CYOpuNw9CMALDUdXUchyiBou+6+XxT6ZYuJXYvXixVmYogok7jCNnPZ12JTKZsmS5REUpltq4oVCS6Wo2h1BKJW7a0+9JBTHIonOAoJTKbCn3XF6t0HdmIEJ7WY8uIiFqLm5unqtrcgDa2TM8XC+GWzW2SpFJQICvChvRs1itYrdcdWo9Ta9NiPleRYdaVUuswjAoiOmQnEQWotXZ9X/uuq12EHOpqV0uttZvGaT2usKIUpHEc+64vEZbJaKQzZ7N+mhpQS2DVrioUpTiVLWuN1poyS9dJIRwqSQpCPlweRonNzUWpfRvHGgpFdF2JEhGzvu/7vkTXWhuGsXSl72d9LQrZbk5Pre+79XrV9/1isbBptpQgRcienHa2bG3K9JQtpToOgxSh0vW1Odvk2hUiAiKiSH0/Q5l2X3tFYKZxak6Fu9JlpuTa9+PYuhp9P4tSpQip7+cheXSUohJRumE1KtTXOoxrMmotte8yW2bWiM35DAUQkmBqSVEppdaupaEdHh2N69WsXyTTMK2lqLWsh1EmndtbW/PFvO9nItJszOelRE5TZjYztaE1b25sla7aaWhQVRVykilRUdRSnRhLEbWUrouWpVbJJaLWrkRVCYHlaZpE6Wezru+Kouv6bNDskFtms6ErdRjH9XoZEVFrV/raBQ5FLYWx5az2pS9d7buuixLT1IAIjUmVSq2Kks21lH4+DwJRAlCbRqhRpVKdliIzSykpWssiImJqSUQbx7GNtXRSjG3su342m0XENIzpNk6tjWOCJDVGN7cWilq6ELbXw6oqJJVao4QUrWUbp2EcZXWLmZRk6fq+6/thHIdpLHKd9bXEermcplElSq1dV50iE4haSukzp9V6HMZVqCi61bDquqpSQ7RxWA+jjcJhDeNUSmXK5WrV9d2sn9lMbcpxqqUoPAxjZsvMVVv3XR/IIijjtDparbBVNLUpahSKgmlsOYzNGM/6me3Do+VqvSqlbGwshnFwerZYRITNOI3N2XWFUt1ynFotXe36NjVJgZQgpbO1bC2jBHZI4zA6HUIRtXRSJI5SIxDR9R0yNnItXZp0RilFRdBaszW1cRhWhr52Y2sK1TqjqkQptcspDQ5lmyJqRGluirKY9xGR2SKi72dEqaHSdeOwGsYRTKirs9p3Tmc6isZxzHGkOfoSUSMklTDRFayulOhChFA6IyLdHGEjOSKKSk4jUQA7MWptuV66uZQisGmeWrovNe1xGKzArdQeT1036+os+tJaUkoppa+dhSNqidayFE1tzGlKa5qayb5UKbtubjui1FKmYVQVTetpqsHUJmdTqaWUdB4eHjiiEoZhGGqt3awPRa21tcREF5m0nBQFPOXUxlZrXfS9FNPU2tSmYUxysVh0JQ6PlrP5vFMQgYmI0sU0Ji33DvaPDg+3trZUaoiGh/Vo2N87sJjN+nk/U5Qoms1mzW25XK5Wy7Dmi8XmzmYpNaI6yMxMj9MgokitjdkMZWrNUxvG1nfd9rGdYZrWR0ez+XxjvhAcHR2p1IhYj9NyuZp1XT/rapQkW1pI4QiidOCuq7XrCjWCbFm7sLy3f7BeD0W1n3W16wjNu25KR7jvuildZp2dR6vBLSMCyelhPcwWi43FZo7j0fIIysZ8oVBro1RkqwTSbDabxmkYByHbfdeDh/WoIIjMDBG1trEZdV2HiK6b1quNzYXts2fPdvPZiWPHz188j3N7c+NouYTY3NochnUmm9ubq9VaKrNaS62gWoqiHq2O9vb20u77uRTLw8PVctjY2DAutSMip0HSbNaXWg8PDi6cuzBOUzpXy8OI6PtZ1NrGyanFYla7/vDg6PDw4Mw1Z44fO7Farymuqs154viJ2vVpz2ezYRqWyxUlThw/lpPHnPqu60rp53MFKMuHfsB77V68NJvNEIYS0bLVWjc2NhJEzPuu9DOcEXWaxszc6OdDa33fR1HDbt7d25vN5v2sP3FsZ2NjaxiHaRy7vi9RpSgl3FI1suXUWldrVyNKmc3me/v7zVOojOM0DKt+Nmtjjjl6csqtTZvbW30p63FSRN93Xe0Sr9eDc7IgkXI+m6/HdWsZtdQooahdrV2NWg8Pl33Xq8Q4DF1XhvVYZ92sn4WYhmFjsbXoe0Wsj1Zja8M4RBCh9bDc2To273pCIBKTtZbWchxbKSjKcn04taaoXVfSmc6+66aWEVGjdrOu1H6axnGYxmE02aZcLpettagBmi9ms/nMzaXrMCJzUpppasJ9vyginZNTodIV21EC3PdzQBGhGMcxok4tBX3f991snCZnRlGpXVHta1FEDlOma99ntlprrbUN67F59+IF8ObGYt5v2IxtKlIbRlDX14ODw2EYkUsVzYmLyqzv+tnMqSkzBFCwVae2dptARIBq34Fmi75GlQxlHKeD5ZHwrJ+t10MREQWihJzYDkUtdRhX69U6onRdnaZxHNddvwAsSg0QppROsjK7rtTaSbi5zGqRUloOy2Fos8WiOadxKF0HtGkas6mUnKY2ZhSpSqTtYRyxjYBsVimyp3RV6Wd9FLq+KzWmYcrMaUpErbWWGIdhPa0X/QaKQpQSRLTWRJQIO9fj6ITWiKgRaY9Tc7aumxWi4WyOEl3tnE0UiWkapJBKCdk5DCub2nVpl1qL6piTkyiltWkcJkkpe8qUc2zZRqfb1KKrmZGZtdQ0bo5QjRiHSQWjTDmbA+zVMGDm8/nW5mbX9aVWJ601mzqrXde3Ztk2dgzjKDNfzNs0YWfz2MY2jqvVuqu167tMur6TwmQXPfI0jLjWrgqPY2ttBE3T2C3ms9oprShR1PWzcRiHcZIisCJaNlCaQCZIZzbkKHLLCCnq1Fqmp5xKaGoeh8FyWN1s1nXFRBRFibGtSeqsTzcRLemCqWXtqmSTCmXLrq/jOEhRur4r0YYGYTyOa1Br09SaIpbL5d6l/b4viu5oddD13cZikS1Xq1GS06XUaRqyZSYSitja3i6qE1NfYlqng9YaQqVDiFyv1iFKRKk10+ASJSKyJZIihDKz1hIR6/W6n89LhHGUCMV6nJbrVYRrUYRKLUBfq6TWxtZyPp93UdN0KpNzXK+MI2I9DILF5nZzWy8HQlFCOBQ2iqJ04n62QEzjKooSVquVkHAiWlME2SJK7Wo25zQpChGtjV1XKYGEjen6rtQyDW0Yh65UIrKlITNLKaXv2zTJdlERkoxmXd/N+3EaUc5mC6E2jaWvUYtNVwLCNmgch6llKepmfU6yUEREXNq/dHR4dGznGGbIoUZJa5rGNKVE7RclaunKOI59qbUroSi1tmlqber6XhJpZ4ka4L6buZRsUwQRXYkgZBQ1QuSUw3o9tHExW9QaqFuvV9F1IgKN45TOKdNOIZXY3NwoXVFoXA5mLLUrXVdq19e+tWmcWlf6rutARSXwNGbf19LVImophnEYMluptUakm0pIqrW21lrL0vWKEjibDIISpWWrUSQQJaKom/WdQiUY19NiMVcpkiTZLl23mM3X46p5rNGXEk5qrbWqRJFo0ziMU9/3VbJlI4QhhAMxTgMJoKqqyEwrwjmsV6tx7GpZzDeW42oYxn4+72sNlQgr1IygdHVqo1siUClFoVAoHFjYXa2Jh2HMRumjKDITRYOuq11fp2FcD+sate8rYmzr2s/m/QzRpsw0IoLiinBz7TpKbU6Pk1BmTm3C6kq1bej7XuGIqlCaaZpqSCUyHcF8NhMlbSGFxmFM3EXd2tiab8yO9g5LV2azuTMVBopp4mD/UHLtOqGhDeN67GZdP59ltkzXbtbVQi3Z0q25RF8742xTSNOY4zT1tUt89r579y7tX3vtNX3f7+8drMdh1s26vubUuhJ11s+62TgNoFJiak3NEVG72pxJzrtFOiMYxxaK+WzW933L0USNqlAppU3TYmMjPe3tHyzXq4IaGYoOjen1sKpdZyhRiLKxuTGbz9vYxmE0nm/MSI1TS08lCrCYb9QuFNFaTm2cplSwsbXZVYXKOE0lSj+bKYBobWpus9InbtPY9bNZ39cardFyrCVkX7x0qZSytb0tMU6TrK4rwzBO09Qyu9r1XVmtlts7O4o4OjxcbMzniw3bmRlRSinjNE3TVLuQopvPhuWyqPbzxflz5za3No9vb6+Hcf/w4NixE91sPk5DmqKSUxtyKNY0tn7edV2/GtaSLHddmc/m4zDWvna1G8dhaq3rahvHbG0+X0ytzftZvzHfvXDh0t6lqPXEieMbi80x29bGRle71Wp9eHAwjGPXaXl4cHi0Wizm1545M5vN7rzrzqkNs9lmCXXdTG7NI5RayjS1YZrasG6Zdd4f3zl+eHC4XK+K4r5z5+b9vHzwB7wnmVvbxxKP4+CWSDZTG7vSDcNgmuxL+wd21q4XVkSpZbFYHO4flFJsZ/r48e1SarOXy2VOrS9dqd3+/l7XlYjS7DZMWH3f164eHh70s37WzZImqU3jarnq+9kwDrN5P4yDKDUCCVNq7bsaZr6xUYgomvXzruv6flajKDQMK49ZuuLRxulYzOaSgBJlHIdQzBZzKSR1tTcN0aZWauln/Xw+q30N6s7Oplt0XcnWFBpbq7VsbWytV8v9g30h42w5tcw2HRwcFsrO9jbKULUShxRKj21azHunDw72t7a3u74bxqmUuh7WIdXajcO6dr0syMyspdiazRe1aj2sjfuuZk4RpdQ6juM0DJktQq1l1FIUljKnUorC9lRKLYrmXA9DLbXv55mZ2RQRUuk7lTDO1vq+z9bG0TiRateHEepmdT7fiNpP42qaBkVxNrttzudEmZxFtdaIrkrgjKI2tWweWmuZmUSUUorMMA6emjGm1EjkNkoqivV6cKirMY1TlKi1ltINw1KKiLAcMEyjIiS55XxjMyJslSjT1Ozsui4KaVDIEaFSojV3Xe+p7e/vQgQuRFGAFGBPnooKSqmoylOSapkqlgDlOKVzGNclSjpLiVJra+N6mKb1kEmUsGnpgkI6ONifpunY9rYzR49d36dVSwhJCikVIjOz6zrLJSKkaRrHaQiViJJOSyhlDcPQcupqgVpqkZlymlpDogRJCUXppBQqJUqtJSQ7k9p1EdHPuoLT6mpX+yqFW05tSItMTCkKRfNUSldrgbRMw9lk3FIRtXZTtjYMilDiiDa1qTlbq7UCzQ0LpZ1d17f0ME6lKEpRNgRSH3UY10DX9dSIiIjS2nS0XofpZ/NSa5qun837ecuxn83b1FbrZZKGGjFms40pETm1ltl1NUpZD6tpmiixmC1atsS1VJwR0LLUOrbWxiaIUopKNk/DCM0wrCfIvp8v1+txHPuuSEq3bA0zjZOdqWzNtettuq6uh2FqU4iQaglE388yHSr9Rq8pkadpErWWin3p4IBU388kZ2vNVqkb83mTJLqoq9V6uTzKpJsXRcEOlDhEDtNk+r4rtVMpEtPYSom0ESG1TEtdrQTCbZosSolO3dgmt2bbmV2dSWoto5ZixpbTOGLms3kpZWpTZhunIVuuVkdjNlm17/u+r0QiKUqpteucaauUiCgOTdNUasU5TllKhz0O46x2CW0akYrUla7J69UK6LoeXBWSSlHLJocUpcgKW9OwLOr2jw4PDw6PbW91s741l1JrrSUq1tRsU0qVXWunMJDNxtN6lXbf90UVWK3XU2utWaE2tb7vuq5vScsJ2JjPrMhhHMeh1DqOQx9dtkxnqaWrhdLVCFVlcxG11lJKprEE4zgRktTVmSK72k3TODnDDql2fU5tvV6VUhfzmdNTZi0lcUtmXReKKKXvq+xZP2/Z0m1zY9EyQfN5rxpudstxvU57e2cnoqxWK1pOmMnpnM1rrbMhx1q6Nk1dVxOcLaE5jZwupUZVZtr0tRvHablcllI3NzdLVyUyndkMUk3cpqFEpHGS0xQRiadxQnRdxVoPK9u174rKrK+YaRqLJISzZZvGqdmC5oyofSm2E0oURbiqBNM0pT3rZ7V2drY2VRUbm1rq1BrOjc3NNk3jNHRdZ9LGONOkLTy1RsuWntKhGqX2fRtG02p00ziO02A8q71E6bpZrSZKRN/14FApEeBhWE2e+lrHYVxPo5IocmZrjbBUEHKZcrIEzqlly652koQyJ9t97WvXtcxirBzWU611GpvwxnwxTWPaslTDaUI1ikqEYrU8lFy7voRatnEaT5zYgVguj3JqSUadZZumsc36WrtZqbXvutJ3AsmAYb5YRCk0xrZWqI2jTcI4TNGFbZxRSt/1LaeNrc2NjcUwjlIMq+WwWs3mC5OGvlTkcRydrU3TOAwmFaWUGsFquV4PQ4nS9zM7pzYdHB7tnDhu1MZBhVo7k+th6Pp+c76QlM21K/PZzHh//6CN49b2dld7oZxG7KmNq6NVy0nSMEzdrLY2Xbq0J5gvFl3X7e3vjevR0jSOXe2jaN7Pa5TlcrW7u9vaOKzW6+W662eGUjsyrdja2Oz7GagxOrW5udF13XI92p7PuhKdCs5sTuHZfJbpaZq6WYH05Ear0bU27R/uzWYzuw3jVKOspvWs6xHDer25uTWbLew2rMdxGnNq2zs7G/P5ahzbNG4sFv2iXy/XtXZyrtbLseV8NiulrlercWwRdN1sPusltdbm8wWKrtTm1vV9iZimcXW0nqYWodVyNQ7r+WxhYnNjo6/z2tVSYxzGvqv33HPvEx73xHnXnTx+ou9nh6tDt7axubVej+M0TMOU6XEYlR7bMI05m8/Gadzf3+/6fnNzaxjXt95268Wz5xIuXLgQoRMnj0/DNLWhfOxHfNB8sWhtGoehKzM7V8ulUCmx2FikWxvb5taxzY1FV7r5op9vzFZH6+VqJbvUDrOxMZ9vbtuttRzWoyK6rq7HwXbfdSiwNhbzcZps94v5NIylhNKr9bCztV2jOzpazvou+i6n7Lu+RMGYHIbxaHlUS9daOzw87Lv+YLnc39vvap+tZcvSldVyKdPN5k4iwqJE2Lka16QWs9kwjKXExsZGQo06tdbatJjPsYdxKKVMQ7u0fyBomQ6NU843FlO6hsARoVJQDMshIra3t5HaOC02NvrFzOk2DiqKUnJqtap2AVqtVqtx3XU9qNTa9bUvfb+Ybcw3um42ZRPQmkvJdI1o6WG9JKLl1JU+ShnHwcipYblWaL6YRyktyalN0yginUVBFDtrKUTtS61dBQ9t6kqt0tSyn3WlVKXHYSSQUWi+2CglNhaLWtSmNkzDZNzG1WpVu9L3s5YZpdSuW66GogCplFqKG8MwqBDRR6m11KlNJWo/m9VSS1ezTaS62YyQp2xTG9sEQYkoiihVEbXr+j4inE63rquhMC6VebfRlcg2UYrVnGF7mAap9H2FmNyCGqEp062VWpbLo3Fa990sIkrtNzYXfb8waVS6ElFbuit9hICudm1KT5Olvtau6yNKZkpSqESnEkDf9dM4tWxd1xlN0xi1dF3Xz7qimJwSm4uNrp83eRjGYRjTWUoITTm1RqnqazUErlHHnKAVFSIkRahWnJnpkJCclFLBntKkE6B2tUY3jMtQsXNajxCKUkSiUMxmM0vkiJWmdmW2mJHRcgop7b52lGJZYJqidLWT3SYXRbNLKX1X1XVTTk7n1AxQkixdCReVqCUENlKptWC1KVUUjhIKI5VSOymG1RJFHyVdwADNhtamGl3XzyI8Tq61zObzsU1OEtsNiQlQ7WalFJv0SCO66rTtcRgk9V1vGzMNU7ZmbGfUMuvmzVMtZWNj0fWzaZhWq1UEDWoJm64rEV1rGaFaeyHVIspqWLUxIV1KV2qNUmq1c71c7V/ajRKz+SKKSt+3cRqHoZTo+y4bpZSQZl1fZv24HCLoSt91fT+rrXmasp/1gjFbpEopzV4tl303k5ySUrXU1Xpo01RLTI35rC+1uCXYqLnlRIkCLgpQ7QJ7GIaxtbQDImIYxzQRMZvPajezXWrIMY5tag1Ra53P5yhIt3Qbh4iiCJVaavT9rOu6bNNyNZQo0UVzDkfrqU0ORUSJYptQRFGGahXGxpSutsxaStd1k93ahCEpJaycpjaMgxR9rS29Xg+1K9F103qIiNp3mXnx4vlSyubmztTa1IZpaFZ0tShca21TRlFIzQlO52w2x0wt7bQYh0FVEEW162sXRbVAOI1Ua8l0ttbWw2Jzs+97OWZ9R9T0JFFr7yTsYT205oiQZDxlKjW1qUSdd8UWJmrU0kVVa+nWau3GcV1KrSrNLUJCq3HpzM3NzVpKP5vbPlwukTHTOM3mMzAIiBKH+wc2JWIcx2ma1sM4jMO8nwmN44SIKFFK7aqbLMCdImoXNdo4oZAxSrciIiKiNKdbc0uLiAiFokg45cwopeuKnZlTKFq2Ng3jeowoUUIRYDeiq+lsU5OUrUVhWE+Eau1KVCL6WVeiDNM0DgPGzhpktnFqETLCDZDJKSOi9qWWDsuync3ZMotUS4lSuq5PIqRpHIX62oUUUgrbqiUUzoayRleq0m11uLK8nlqOY1e7WnophzaFiai1sp4mMtvUhmlq4xilINVaADtnXdfSJaLr+6llVztjqUiykV1qdZSiKLXaTk/N9F1XgnHMKCBh1SjC0ziWKKWvOTVJCrnRWsNZa9+c2Rp2KbVGGA6Xh0WlwWq5rKXO+t5pWiOidLXre7d2dHhgtVk/G9aDM2ezhYpWy2WtNVuz6Es3jYOKFrM+21SjdOpq3005tmkap2k+nzP5aLWczxe1ltrPIsLGmREa1+v1MJaI+cZi1verYRhW68Vi0c16RckcF/NFqWUYJ7ep9n2Obbla931X+/mwXsuRpFtmoFCIlIPSl3pwdFRrCcU4jraOjo5K14V0tFz1tYuIjY1F183HcTQuJbpaE7VxsBy1lFJQdlFIDvb304k4ceLEaj0sj/Y3trcCr9drpCgVGMcpSrgxrAcJt6xRu65zGqm1dmlvr9RuPp85DTZt1m8Yr1erqWUpZWNjI0q0bJks5oval2nMiJjP5shtnNKW6Wq1GNbrWruDg8NSa9f3rY1OZWu1dop6eHjUd2Vra/Po4DChK7FaDyGGacIxm/WSRPR9h3V0dFhVKOpn8/l83tdZN+siVGvtay3d7HB1hNONlkYUceLEKYv1+miY2s72znK1NNq7dGlYrW+68cZ+Nhunsc5mw3q9ubnp0DS2Yb3su1ntymy2uPaaa0ottOHU6dMUkZRaptHl4z/6w4vKNAxONrcXwNHhURTt7Jxobdzb3bOYd71qDOMwLFdEXWxsdFEOjg43NjbTmS2j0/LgcJqG1nJ7sWVyf3+/tQlCiikn2xKllmG9BHVdb1geLcfW+lJL7UOqNTY3N8eUPB4tlyXqYmPWpiSl4mmYStfLbRhHgrYea1drKQdHy362USIys3bdbLFRS6Sp0jBNaRYbG+Dz5y+ANjYW2do4DhCl60pETq61RinDMNRaZ/2MQIrh8KjZbh6ndSllY7awrFokBdH3femKMj3lelz3/bwr3dSaIqZxCtxMX2qm1+M6opQStnPK5hzWK0Pf9y0tqBHqYmpTqIsupqmVUN/34zCOrRGEVLu+1pq462rXlTZlhkspIbXW+jIvNdo0TNPUMovCBpEtCdrYQmXMltiZUeT0lLler8ZhKF1XShnbVKJTETDr5wTDOJRSQ8pxiq7aRBQAldIVLNslghKiRCiKpmnKTKFaa6mRzZKG1roatXYlNKxHsEoZx0HYlHGasmU4hjZWVLtuGMZhmJbLdV/7Rb/RPNWiWvoota9da22cBoVq6cCZbWzZ2hSlA1SkoERNMU2tlIpUIgxkppsgzbQeKOq6ntA4jnZ23WyxWLQp062Urq+dg8ODg4Tad+F0JrhGFRK01kopdTYfs9FcSvWUUQQkyWREieL01KaISnNzkqiLUrpqRZRpmIaplVDtZ4pa+zK1nHKa2jiNbWpTiZjX2TAN69VaoXGc0lpsLNo4jW3EKrUrIYlpGCan5TaSU67bqk2OUmrtFFqtjjCzWlqSOU3Zmp1uRUUhI1CE2tASh7Qe1tTAVsN4PQ5SJMgqVcZd6WpfxvXaKKqm5tXR0dRyPl+U0klRuwoJ2DnmlM0R0fWzvnYTFkZqmaTAEqXWiNIyQyolMCVU1Bk3GxBRu1prV2oBWptAi9lsmEaV0sYWRbV0JXRwsAp5GodsOd9YlFLszMmzvpNimKau60ot6VYjUJvGrF0pXR+o62qp3TAM0zSZVmvf1U6KEgWnnX3tHSLx1GpfSymKWijJaKnWaiihcZpK6Ys0TKOsflYb5DRZms1nG1ub0zQN49T13dSm5tZ3nUpIUUqZpslJDRTFzhparYeoNYramOmRUmvUnFrpuxJ1vV7hWMx628OwDqmWsD3l1JUotetnfWt5tDwqfa2lTOm+67q+K6UoojXaOKxbKyEViqKEVsPQdd18trBxSTtKqV2phERAphUh0gRFBavltBrWXdfN53MJKKWor10KDCWUSBrHCTyfz1pr6/Wqn2/MtzZKyEiWQl2UcZqmKWuUlpPTzRjjXK/XJUIRtZY0836mUuxWKFFANWrBtDaplL4W28aZypYK1doRiJCy62Zjy5xGhaLWWjtkTKBai6e0kAJSEaWWzJYGnFOOwxBRutoplLj2XURM45Rp0lYErNeDm5uz1lJrtSEshZCCbNguJcZhai1r7bqiqN2s7+xYrVYlVEuXU1MNEsljyyCcqkXRdcM41tpFjWlqhhqdCjmZcIlaa+26kmmsiBCM2YQFY8tsTWiaxpatK0XRRSmlyAJ7as1tUnTzeYdZrtazriuh5dHKzhCZmWlFVyqlhCLckIlaSu2MszURUSLHlkEoEitpZhrHcT12tSu1tGw1Iu1hve5qVUSbGsghqUjOqQHTOEzjWGuNIjAghUAlbJVSaldaayql1jquR9FMTOuRIEpXQ6pRImymsRUxn81LaHf/Uu3qot+YcrCJGrXUYb0Ku85mbhMmLbJNbWpt7OocWE+jpFAxCqlGGaeRQtfVNqYiSqdham2aullXiGFar5dDLVG7GTC25qmV2odiWB3V2s0XM5VYr8cpGyXcUqHoumlcQ2RDhZCmnIbVNLWhq10UkQzjEKH5bGOcpq7rhZbj2M/6sMZpmqZRRL8xr7OOlq1NypYBEmIYpyiln3U5ZVdnoWg5bS42iRyGodY+iNHT4eGB0qWrs64/XK4C9fMZTev10vLm5nY/q7VWS1WlllIUUxsR/WyGNLZWSyld2d6Yl1JrrVImLPrFely3adzc2e66eZum9Xolaq3drHbz+ZzJh6t115fadZtbG4LadZubG1jr9brr62o19F036/vD5f7epf3ZbIbU0jgTI2RS2ljMFJDe2d6OUodh3do0my1atoP9Syoxq72Es7mlFaVoYz4fhrGEUh7XgyL6buZsrSVS382nNq5X61LLbN5hSu0XG4thHIdhTUSUKCoqMU2t1q6fzVvLCI3DNA3rft6vj5bL9dp4nJrxrOtrqUfLQ7t1s1mUenBwBJrNZ5kJ2c82ApCwtza3zpw5Xftuc7ZYrtfzxbzr5l1Xt7a3NjY2p9baOG1ubM7nfSld1FJCR8uj1vLE8RPr9dF6NZZa54t5rX02xvWwmHfpKL3KJ33shy6Xq/2D/eMndkrUbC3RfDGfz+fTOIytzWrX7KPlUS2dap11vfHR4dHUWmbOZvPMHJbrra2t2ebG0eHRar2ahmlza1Nomsb55qKNgxSz+TzTwzjO5/00Tiqqta9d7GxuKyJJmhXRRVUtbcq+qwo5WQ/red/PNxchikrX931XZ/N5a1PtZ1E0X8zGYSS1sZjv7+9L6kqnUmb9LN1KhNLL9apEKbXrujo1t9ZqjWyysoi+n0mKopzGTON2tFrP57PZYu6MNk4T9KXUWvcPjpzr2WKjjYNDXS3rYQpxuFy2NrhlKV3to/azqjqO4872znw+27u0Nw7rUmrtOuyoUaMcHh2O09jP5sMwdqWUUtow9l0XRKYULBYbtZSpZYlIs16vcsy+7yGbW5um5dGy62eKHMdRKuEyn80gLK+WS0zp6jg1QdRakEqttQscSdq2LWVSS8y6rpSiVGJB6fqWXq0HFTbmc1C2BNeoNtOUXS0Q45S1q21q09SiKC0RpWhsObVRVu1qpkoEUq2ldjXJIIbWyDbrughJRETDYSmYWqul9F2ttaqUTuEI8DCNtetq6UxO2YrCmci11lnfhzSu105Syja1aSql1C4SNU9uiQLVWhRdN+s6CsvlKscU9LOO1DhO6UkKhYpUaheKaVwLFUUoGm5jTm1SKRHRxpZTjtM6olquXbdeD06rSEkpIdyVmrTmjJAiutJHLels2RxyUqtq1GEc2jhFiVktEV26YaJUFaKUWV9FqV0tVW4tSqhEWrXEej201rJlSFItJcacJM26GWEVuaUUfdcZMsf1aiwl+trRQjVKlW27CaVc1UUpZMxns1q62lXVMCoqkiVschzGNmS2TGazDhXIAv2sr7V2Ql2kKSqCaUqh+aKvdTblJJWQ3XCoSsA0jVIpUewsNQhhR62hQjBOU4goVWARUqCwpnGdjrQzLdR13fpwKUrpOrthZl1HjZxGrGlss435lK211nUlIoRoXq/XQZkvFl3pSoTDU7bVqnUlnISi1r6rNQrZGs5SZuDWIDP6Dmpr6aT0EVEUgDMzbEO2qdklSukiCZy1ln7eYzfbTeM0ZGu11hDjMIVimhp2qdVWS4Nr6dIAXde5pUhUelUrQf2sb06g1hKlTOPUsgnZHlsrpXRdnYZhalPLLGg2W8gqCmezwiabcU45bs03aq3jMHX9TDVKlKJaSmfnNGWgGiXtlg1LRbO+k5jaFKW2bIhaCoqu1CiiKOyWTnma1jZ9qUjG4Fq6JNerQaHFrO9rb8ipZbCx2MAMbQipuUmlq51x5tQas37epiZYr9fjMKpEa20axvU4peiiS6ebowgsFQmglggpalWYZFivJ7k5C1Fr33Vd19VxmNyytQm5lNpyGlbrUEYUzDhNs9nCOa2HNdB3nc16XNduVqOAxmEsURTU2s/6bm//UmtT7ftZPytRIrC0PhoiJCnNsF6N0yjou67WEir9bB4lFIE9tjFbllJac2arpcdRwooIYWx7Globs++qSshtuVo6A08gGaftqH2ptWCMg1L7ztnaOIKjRKdSyky1rFdDkUrtchxX43pjsZHkOI1BKDq7oUAqfVdLtUJRZAeMYzPOlrUrXekkuY1tal1XahdFXcup63uVKBHN49RGSVGilILsdAmFyOZhXDtduxlqghJqLSOzdjFNk+Wu66ehtbH1s17SepgiYz7rSxGp1sZxnPpajKVQlHQTESVUotY+BNI4DLUWRQwta+n7vh/bUKNroaribGPLqFFUWnqahiillIgSmAzG9Xocxr7OVGVAGEnuSjfmVOVpyiTs7Lquq1VdWa3WgfrZLBRjNrKVruv62eHR/rAeur4PBTZQalcisPvS11oS+q6fprGfzcdhPSxXXa1RSza3luv1YHtsTXgaW5QY25jTNOs6m9qVxWLR104iJ9dahmF9sH/kcN/14ch0LZrGHMaxhEunqWUQmWkjRCinFvKsnztTXcz7We0qNpkQfV+nYUrnrJvt7e1P4yiVYZoiAiRC8vbOdq01c1ouVyXCuOsX66PVcr3saum6flqPhJ0e2ySYb/TDer1arpDmfdeaxzZla1CyNTtrCVvZHOHlemhtnMapny9qeD0Mi435rJ8vl8vM7GezcK7Hcb1ad/N5qWVYj7YEEa61wy6EFcjjMNZap2k6PDzsu9lyeTRMYyiWy8PVclBgyDa1MWtf+tlsyqkrXVe69TjsXro4rocotUiYfj5bj0NfqqSQ+q5irdbrEKtpnM/6Wjspur5HJeTmlAHPu5kKy9Xy8OAQUbs+pGnKooiInLLvu8PVejWsFrPFxubWMA6L+WZrk+SW2bK5TWNr6/VyGAaVenB0uFquQkSJra3NKGUcxmmcxmmazbpxGPcO9mbzeVeLoHz0h39IplfLw83FVtLaMPaLWd93ZO7vH1XFbDZPZ991p06dXPQzBavVqrV28tjJxebCrWW61lANTQYN63WU6OfzqDVqDalGrV2tUYZxlNR3s8Tr1crkxnyjZTt//nytMQy5Wq3qrBwcLhfzzorler25sTnvZ+upFSi1Ozo6XK9XtevXq+XUptrPhmFNer1aUyJzWg1Dtpxaq6EItRyZkq7b3tnKRvOkxFCDacps02w+MxrH5syjw4N+1ktltV4Gqn3nKadxpKjKjlJK0Fo/32xtGNbNTqf7vpbSDeMoe765Oatlag2nYL1aSQRlGAYXiUgzX3Qts41NEX3piNLGFhElurT7rq+1NieIwjiNVX2dd7TMKRuTM4dx6Luujy7lrpRxHFdDm89nKqyHAamUUNT5fD7re5pbZgSoqJRsra89USS2dk6U8Di1Wjrb49imNqWZz+Y1wi0p6rtZV0sts/U4GqlGqNQaFjJdLeM0tSmLCEWpKhGl62qokZi+9pKmNklgajcbxyYsg4gSRjZSCFuapjHTIbmoZeboLIrMTLeW2SaDUK1986hSiqRQo62PhuWwVqh2nROFMBF9ZhvWa6zW2tTGUmrgZufUJHV9HxGZHnKMUrqurodxWo9WSJqcxdH1M0pQlE7AqJQy6+fL1WEJ+n42jmPtuqpw5mw2q3UWRRatmXREIHJq62EqtZQaWBazUikFI2mYJuxF31O7wCGV0vVdrbUKxinBXalQkETJTLv1XRdCighJUQoWtdZaYpzGQCICSi22Mqcg+r6f9/OAIcdAaTtT0XWzKkpEnc1mdV4V0Voq1FqC+r4bh/U0jX2dlS7SmsahkaVWWiJ1/azr+mkYhxxFrNerYT22bElGCUUnsGUyolpSWqVmZtRaawcep0mEbADbEIqIqF1pUw7jECoYaxrHhhU1yExnieija9I0rhPPZhWrmdLVhoQlrcfVuB5qKZKwnDlO42xjQw63VGCnTXWdxnX0nYhJrSii1C6qyCnbsF6LqKWk05OTrLWrXR2H9dQmrIjIdNQClXQ366NWsoUKEaGQNU1tvTySymI+L1FUNe9mhCwwhGotpZTWXILSdXbWEqA2TWkyp9YcduLMXK/Xs9m89rVNOU6TiK7OpjZh5v3MyTiNXddlGpGZSTqZIEIlOkqUGqTqvGDZSFFUrBinFmQpxRaS8Wq9Xq1XOU01ClGm1jIRztaiRATdfAasVus2jlGKItJZS19KlcJYqNaiglsDzeadhc2wXq3H1tWuhIZprApKySkVlCKFbJcoyIQUsVquJ9z3NUJSzOfzjX5jyjFbi1qEcZSIacppnJxNCkkRkSaizLrOonYVNOYIrqUOwxoUUUSDEoqoZTabDeNQIkot4zTWqKWEkyYzZdSC5JxoLl1trY3rYZjGjcWiRk8RTllRS1e6rtT9o4PaddMwhMrm5oZRKVFrP7ShgBVtHPrFfNHPJTtZzDdqV6dhFJQIRWAROI0sLIWCKRGupWDPZ/PmNk0t7URtnBq2MzPbMI4tu66rXW8sRWtThDZmfZRIPE5tWK67flajNk991xNYgWwTUTNby9Z1Xd/PpzZJ9LULKaep2dM0JC61ZjKNbm3MnHKcSglJ09DInC0WEeFppDBNLdvUzWYhsk2ZkTlGBFJLihRdLVEVJYpwTq0Zau27rhAM6wEZkzkN04hkT9M0Kcqsq1HLej22aQyR5DSOtau1BoRRqPRdb3u1HJBBmTms1hFkWlIplVKKI6qkSBNQimZd7xI5TYroSmnjZMJiebRURN93EdHcpJJpT0kSVbUrSKGoXWeA1iZ3s77UItXFYmNsU6kKVAjEalyXqJGOULrVUonoum4+m03jMDX6rt/cnGNnej6b2SCViIgAr1er5XrV7BLl4GBfUpTa9Z1MkWrXZ05Hq9V6vZ7P5l0NVGpXp3GyXboC0cZJ0PUdaDmsPTWHIoViNl9kMg3DarVcLlfr9TJU+m5m2jQ1FEXq5t2wHCV1tV7avbR/eNTP59kM9LXDOVtsQIK6fjYMQ+1KDWyN07i/dxhisbE15hhFbczZrCc5f/FC6erW5iZkROm7xXw2K7UKd7XrZ7Naa8s2rFfDNLRxSnC6m/Wz2Xy1XE3jMJvP2zitx3WNaC2bXYpKKBuWbDvH0pWcchrb8RMnFovNWd9PmV3tZvN5c0aUnHIaxrRL33WlLpfro9VRV0tabRqjllnX11KH9cqwWq3GaepqX2os+t6KoHR9V7sKTW4RpZv343oaW+u7bn00bGxvltq1qUmaMsdhnS33Dvc3Fxubi42c2jAOq2HY29vb2Nia2pjNNboo6mfzNk3DejCxsZj1pUhszLbWw/r8hd15V0+dPpHpo9XR5nyxs7MjheS9vQMU5eM/8kP6vqu1zhazaZqmzK5fMOXh8mh9dHRxd3c5DNubG9H343q86447Gt7aWEj0fZ2mthrXs65vzmG1HqesXQmplrpYbPa1kLFeLy2mYTw8Oqq1m81mq9UycRvG+WJjtV7dcded69XqmmuvjaqcWk5ttTyazealdG0cFKVGCZGysk2To6irfZtaibK1tVWqhnWbb86KSjp3trb72ezo8KjOu5bNzV0/A2Z9T6gSB0dHtZRGDsMaRboV0TJrV4apRVEE837WLeZHR4fr1ar0IrqudOM4llrKrO+67uDgYBhWbZqmNpXSdV0tRW1ia7GlonFYS4FZrVbraSxRale3N7azTftHe6V0fendrCBxuslGWq/H1sYoXa0dIiKUXq/XJvsSk7P2dT6bYU1TK7X0iz4brbVZP5Po++pkHMbZvJ+mCbMe1sZJFlVFBUuMEwoLhilzGi1KiRpVpbRplDSOg1SEx2l0Rle7KB0oBCVacylRazeth/U4CGU2ScZRi1yytWkcTeKCiRp9PyNCjnFYtWmc9TNFUShqp2xEgAN381lOOa6nWkuUOo3jME4KC1MrJkpE0DJNllBQMj21UZTl0dHe3qXFYrG1uTWlQ6WWOo0TGJxTc8hORI0ypUNSUa0dhSCiVgx21/ch0i5Bm9o0jt18EcXjeopSS5Raa3oqJWwlkxSKqKXrax2noc77UgK5mWlYq7VSY8oMFYqiqpYyDI1pcnqihZyQORVF6YqR3WxQlL5HbRqHcZzIJtGkWkMQEW7uaoECObaxRO37frVaT23sakeyXg9jNmeLrgspc8rWiAiV1epoNay72Qw8DRNSCUqpw3pwpsk2Tm2cokRV39rYxrEUMhOKSpRaQ6QzrFr7ZkclVIw9TVEKIDSbz2ezRdf1pXZSgiRUwgkQNZCcjlCoIERIEhFRhBCJjYkqu5Qo85nEsByQFKXr+lJKiJAAQs42jFMbJiIgIqgR3awzGtaT3eqsV9QIjHD2s86Qcqgaiyil2JRautr1XQc0jyDLNWprntJ11kWtLVumI5RgWqGk5GahKCVt5FqLYGzZ1TI1L5dHbZqMnc6gK8WYlsthiKSW4syotSv9ehxam9QVt7ZejdM4EIXwOKxby1JLP6uUyJallL52q8NVhFWLTK01IiRKibRria7vizROk3FXe6RSIyIMpLEdEpHNaUuYaM3OBiUkQs4sKvPZrJauZZvGaVarIiJcVKKUomqn7VAghvXgpHTFpgsc0drU1c7B1CYpDAWac2Ox0ddutV63Ns0WCwVuRFdl3LKEbGFKCUs5TaX2/ayPKF0p89kiUD/v+jpbjcthPXRdV2d9aymnaiGCzLQVaqZlW9S+dJFTZk4gk6ujJdDVgqmznsxhnGqttRQCiWEcLRgnp+aLRXNTicViToicJK2Wg23JJmfzWVe6WmuS2dKAyKmZNIoStcR6mDYWG/181lozqqUKSyFswpkoMp1kP5sRSHJmM1EwZGtdraVEV4tCELXUWgqwWq/6rletadUahTKMQy11aq2EZrNZqSVKgNo4JE4cEFGnnFbrYT7rt7a3kza05snTNGJH7bpSgDFHpyMka8xhWI0iI2I2m7epZWulCKvW2WI2m9o0jmMpMY7T2BoRpatd15eo43rITEUkrqG+lLVbuPZ9SCiiRoQkIpN0hp1tynSpnXMap1EIk20QRESoItcoKWoUhaaxoTLr+1k/a5k5TVNroECr1QrRdd3YJsx8PnemIrp+btk2Yr5Y4JymFgFI2DiKatdHdJmjFKULRYytmSzR5TSN41QVtZtlTtMwRiml1nRGhENOCsrMqU19vzGf9YvFTq0lShmGdRuHlh6GwaGuxjQ12U2NVChUQ3hcrTPBkZjIYRzrbDbrZ6IkqaTWMk7jODZgWI1R6ftF4r6fdV1fS6UgopZKuEadz+ZgZEyRWnOUIjPrK6J0dRpHKxbzxWq1nNq0WGyEIDRNU4ONjY3a1XGcNjc35huLaZwQpdRaOitaG/f2L0Wppa/HNrdKrV1XwetxKjVCGsap7/qAsY1Vdcppajmbzbqu1jqbdcV2rQVHiTJMY2vT9vZOoOjKer0ehqGfdbV2bRyH9Tif9WmwF4vNzJZum5tbJMOwXq6WIXddh5imqY2tuZWoTteuU4qqYmyrdNibW1u1ltUwZGYpqhFR1aY2jMO4XEdXdra2s03Ys63Zopv1s9l8sZh1XdQuWyuh1TC0VN93Fy/t1VoWi/nBwQHhccw2DbXWYVgN62E1DNM0eRrXqzUisw3TtNhYLObzKaecJiS7RZRxGja2tqJovRzAs3622NqsUaY2OjNKmc8Wq/VyGNY7x49vzufrcb1ejyox5VRLB3nf2XOL+Qxrd/dSSF3fLw+XFy9dXC5XG/NF+biP+tD1sJ7N5pltf//gwtkLUSyVvitbOzttmiyHYn10eHB0uF6tptYA8NHRehjXTEloMZshtje3owhrtT5crdar1ZFEN5+1lqVEqFtsbrRxuLS339U635gv5ovmpOVisYhaZEeJtBebGyG1aYyIYT1MbSoKsKJ2s14RIebzOWg9LMepdV3pap9tms3mblNLz7pOYprGWqqCS5curYf1rO9LLU5qH+OQrY2LxbxGpygREbXUKKRb5jBOpDcWW11fbdWIEsXkOE7z2WwaxjZlP+tLKYvFfJrGljnrZsB6Wq9W6xzH6Lral9p1fekSai216/f29wSFIpXZfFaIQodQqOu6qQ0tsyjW44iddpSSU+Y0OSJUcsqWbWNj3vczSW1odpYaKqV0dbk8QrGYzft+RqhN0zgMmSmV0neSbIRqhLGICE8tE7rox2HoatR+bqciun6WiSNKKSVk7EQRbllKsTQOQ0RIxZWiiIgSJXG62YiSrdVOhqm1iJJTazmOw7qpdKWSNhlSRFe7rnkK1HX9lGOb2qyfzbo65VRLmdfZ5EnWNLVSS1GVSu06bES6jVPralXEfLExW8ytqKUocLpElK7m1ErX9bUaBVIUKRwoiZDtlq2bzUSuVuuoiihdjSkzxGI+q/2sZU7Nkmot2ESppQpqqdM0GhFqbRrHad7PMnMcRwFWqTVqyWxCxlVFJQq2Ua3OlFRKzTFdKYrmVBIRqRC0zJw8ZSu1C5WQLISI6Psu7eVqtV6PbZpUoitlaGubruskuTkUOKfmUiA1Zdbo5cx0rSFKy2nWz2stLRMnQa0lSidJIbdcjssuau271rJNKamIzBymqa81Sl9rhzOT1iajqbVskyyns7X0pKi1VlzsVCkSwzi6pUopBEKilJAiFA5JaVOKLHKaUPQlCADZTiuilFJqZ9o0TYooimEcJVSi1iqFIkpRpi1n8/rwsPa19rPMsXZdKcV2lNLSMmYyyDRbRVKsh9FpgSJs23ZCuNbZbNbXUksXUWtXiw2egoium3d1GLO5CdlWhCgRZRqHNjbJrWVE6fpSutp3RXicxikZVquJrFHKrCultpwimaY2jEMtZTarQml1tUrqaulmc9s1ai2dijINGV236GeAaVGwPU7j1NzG1pzj1KZx7GazCFmEBCJprY3jGKXUrgzDOE5T31WZqDGbzaccQGA7gWFcK7y5WBgcGVFACjnd2jRlonBmLaXO+hBYsqe0SEWJAq3hEkXFELFar2t0k6dpGo1ms1522rV2RbLo+h6YcmqNzJwvZqp1Giey1a6X1MgcUxFtahGln80SMhM5pEzbrXZ9qUFakkqdpmakEk6P4yTT1zoOidyyTdOkUkoos7XWxmGMiFq6sTVnEoGwXaIIDePYL/oSxXLXdZ0iokyZEWpTI6KUqBFtynGaDBvzxXq9ai0lD8NUFDalBiZBIWHbQSldBY3TOKxbWJOHWqptJUlOLSMCNI1j0vrSJc2hYmVmRDfraqkVMmpXUO1rlM5OQTPp5qTrZwXVWtfLobWJzNlsXrt+Gkfhvu9ba1NmV0MUCuN6nC8WXe3Sapk1IkotpUzTOLU2tUlS389KLekmGwW4lj5KDVFLDOvx6GgZJaKWaZowoTKO0zisay+pNFIoImofSLJrXxTK1hARpZQo0U3TNIxDqEgBtiAVVUURigaJV8tlFKYpJaiRY6u1dLOZ3ZwZtYpItwi3ll3f2RPN/WxWVJCdlgKlIEqtpQKtJYkhFKQByNr1tQZB7TqHp2lSKm3bs1mPhCgqhlKDkKBGGcZxaoMUk9v6aFW6rta6Xg84S+mAlq1ldrVGjf1L+wr1s3k6ayml1NVqPQ1DV/tSCs5a+2mcWk7ZXLtSu06hbjaTXWqdzWaQ05RRIqJMbcps3WxWu4o9tlaRIqKWkA6XR81pcpqmo6ND0MZiESW6rnPzaj0Mw9DaFNJ81s37eZQyDENOU6kdYCfQpqnrSz+b1xKFSMXR4WHXlxIlW+v7eeaYza1NU7YaJaGWkiYiSqnDONSuqlTSYEQpdT5fCDtbiVqiDMM4tWl5cDiOQ629IqZpGFYrVBYbi66b1a72fQfOZDGbIw2rdWbWvqtd6bp+mlrXdS0zCopYj+uNjS27pTUOQ1djuVoO62m2mMtM5LgaZvN5jYoVNUrEejUiZWvjOChKuglbHB4etTYuNjaPbW0v5nOFLl3aa9OwubWZNtDStVaZCNU6Ozw82txcLBZb4zgJSt/l1IZpqlV9v7BzebCsfSkljg4PDperNuVs1o9tWq3WB3v7AZs725cuXRzW087W1uARy7gr5fy5s0Q5ffqMMoeW62FAns/nwzgcHR7NZovtza1aS/nID3n/1sZu1o1tCtT1XVCNE0XEse2tjY3NULRmJWeuvQZyXA8bG1uBx3EahvW9d99NiSCam1BXa9d1wzTVWrJBZt/NNzY2FI6I9XoImM/61Wo9TVOV5ot5lFgvB9LzxUbf9zRjai19NytS6bphvZ5aLjYWHtswrA21FKSj1WpWu9L1q+WhcRvbxd29GjGf92NrOU4AUomwKFHW62HW9y3VlxqlIh8dHYUCZRszSokSfe1XyyWZW5sbwzBO0xQ1uq4ahuXY1TpM02xWUZHY2d5RxDROpXakD/b3xmlUVGFJUnTdbBrTmbWLo6MjocXmAjKCNOlpai0Ufd+1MUOaL+YhbCSytVLrvOsJ1VJaa9OwTrfMFsGUk1CtvTMLarirUbtubENbDVHqfLFZS+ln/dimYRzcEowiYZjWkYpaSkhoORzZUcSY2c9mtZToKiGJWvtQmabWphalqkTA1NKZ/bwPR2vZWkMqElaNElVGttJZTNSyWq2Mt7e3+66fcmoQEQJB6aKNaUi3qTWJjfksLZMtmbJ1tU9IJ6KNzWGj5XK1Hteh6GtXaymlpGUjS4EtZ+u6mULNznSS837mTKQSVYHTpdYotbVs0+S0iiKKFLXrh2FIuyt9a1NLdyVKiYhqA3S1yzZOLYGoZRrHIPrZzE47nXRdkdSyZaPruijdOA7j2Eo4SsnW0lNmllIEqNk0MgIRU0uJNk0yIUqpXV8jpFKZfLReO00Iy5mLzY1SKtgRXZ31s1nLqU1T7UqpHaEailL66LrSqUTpatd3zpimVZoqEQoCLFRKLQhxeHR0tD4a1qvZbF67WK9G4VpqlGIyx6bStam1KUtfsTOzRgULlS5KKeth2N8/KLX2fS9yzMkkjpwaIhS174RCShjHyYAtsGhT5tRKKRERJSStV6vVMBaYzeellmFcOxXFkqiljel0iaoikG2jaZyQSkTKpXYlnKNLraTXw7qUrigatm2nVLCxCUqioOUUoUymqdVSSu0MmUyesmW2JjNm61VbZok6NVuN9Gw2w8KpWmutER7HcbUeZvN+1tdQpInAqTZNs1nf1a50UVSCiKpM164Q0pT9rK99HdaD5Oiiq6WojNPUpkxyGqdhnFpm16lNebRe5zjWWm1ApYZCUdR1fbbW9bWWktlKiZbZWkNBpGzsWkrpapVCxYnDCjOZWnOa+r43Xq/WIEqUKBHFpFOj063ZlFpqKK20ixREy6llcyNKKaUIVqu1pFLrsB4t5rVOzky3VFWUWkLhZqSpTVaO66m1adbPSuBmQyEyU6EoMQ5Tppud6SjRd13LdJsiAkuZ63ENmi/mmR6HMSLsnLJh97UGKiXmfRelG8chahHIql1XS9jZz/sSKlH6fqbwcjmY1pXidGtjKOzmBIVkUSdnm0aFppZVEUVBQDSyq12d1TaNza5d7euMQBHDsHQ2lTKu1ganyTRJutYKnnKSrBK1FsAqpQuytSnbNNVZ10WZ3LK5TW0+nyeSM7NNra1X68XmppK0s7VhGFEpcql9jUg7irrSNZpTfdcvh+WwXkeQTTVqlIgopqmWcIBUoKm5hRQRNUIROY6laD0MdouiKb1aHnazvpYyjVPtulKVdrhkOkrUkKSNjc1ZN7MYpsF2VZ9qHmltHKakudlWIkhP0xjq+r6f9XNkYN7P0tiZiYDwNE21dutxPa3HfjarUUN1bINQUS1FRYWINEZORzhbg1iu1mmXWpRuaYs25dSmKCWiEMhYpF2qopYSUWvJxMqiAAt1MWttGqeGNJvNJE/ZutqBc8paS6BSSkRtmdPUWmvTlCpyApYiSpQSSKD5fEYaWdI4Dl0ts35Wag2FSpToZvM+oqS9Xq2H9YBku6WMZl0FpvVQSpU06/rmtj5apl1rl21ar9dVJTOncexm1dnGKTPTLUtUyeth3YaxltqyZXMp0c/6bBytln3tFhsbma5dyfRqWNcoUaJlorQjQsMwmoSYzWa11HUb2zCu16tQTbdSSj/vIUoBVZOZ2XWzvutNlohsCepCTmfL5tYmlwjLJepqWK2HdT+fr46WrbVSu63tnah4aq3lOI3TNHpy6cq4Gsdp7Gd9KRUhRRTVWjcXC1vr9TqzzfqqUmisx1Wb2qyf5TgdHhwijh0/Ubq+i2KYWitFffS11qG1/eV+Ld3R8mi1XPV9j3PWze0chynJ+WyxWPQRBdyyDcNoez7vt7Z3SlSVEJJElKiln3W1lIPD5TgNUSKkxcZiGFbr1XDi2LH5bOPg6JD0fGMhIVUjM03jlJld7TY3N+bzxebWZlfqME7ZWj+bRdRpPajEYjYH+tksFMeO70TEerXc3N7qa2eYzWanT59ZbCymnMonfsyHO7Mr/ebmRgnV2nXz3vY0DBsbGwnL1Wpzc6FaZ11xa/1ssZjPa+2QpjZubGxtLDY2Nze3d3aG9TQMa3Azi8XG5tZWm6Y083lvc3S0XK1WEQ4VIzKn1rquSrEahhLq+l5oGIej1VKldBGrYUDa2tqaxnE260OxGoeur0Xd1Kau9iHN+llXCkFRZHo+n80Xi1JqiVi3SY35YmM2q8MwrJbLtPu+K6XUWrquW69Wy+USxWzWt7FJhIpxtgZqLUvp+llt0zQO0zRMdjqbcUuG1RElbPYu7S9Xq/l81vXdMAzzxcax4zuttXFqssdp7GqVXGo362chWUB2tW/pcRhrN5vNZq211iZEiSrJuEaZzfpQTTsiLGpR1832Lu21zBqlZbrZgjYNbeq7vkR1TtPg9TilPZ/3mFLqMKyH9dR11VYIOxUF0XV1vR6wa1+7rh8zC1FLId1aqyqYqU3jNCF3tViym0KerFAJjdNYu9L1PbiU3tmcbZhajRIBqI1j388DSa79rESYRrYoEaU0pydHX7sIUsgk45RTy4KLYpzWUUN2qJZSJLKlp2k262sppdZ+Nk87M4tEIHS0XLZpilLIHKepSIpSSikqk3NWu1LIMUspQhECYXdd7fo6NYUshVuzcHocB4Vq7VCUKOM0jtMgmFqzWl9nkhQ1k4hYD8M0DZnuamcEmCwqtaul9qXWIJxY2A5QlJaTTTYvj4662isi7SKhEE6LME3TMAlNbmTWUkop2aZpmrpZVyOmYWxQI2qtObVLB/th174DK9Rajq2NrZl0ppxTTrV2oXC4RIG0GKfEhCLxcrmc9f1iY2NWe7tlTvPZBqUELlEtrY9W80UXpUYJoPRd5iSpq7Pala7vcGZrXT+zpzY2A44AFdVSIkLy1Fo25zRBEqpREdh2Ts6C0okBZWYpckQEEMM41K4rEeMwKRQiolONUorwrJ/VruY0dREOau26UpodpRQFouG+9FOOUoRKKbWNk6UoUaJ0s75lyrTGOE1tahQUyvVoudZiAjvJouj6XsHR8nC1XhWVGqVEtUxj9CTSLYBu1itKtqYSgIikIbrarYd1Tq3W2uxArbVpWEeUEE2mJdTS1daam1WKnUVaj6M9zWaLWqNNOYyDsykKKDNzyqIoJUKl66pKYKIWpDFTir7MIkSmSwiNzqqos84OlC2bp1b62tc6pTFSZJsQuW4EJWJaT82tL3U2m6moi25yI23Z2RA5EdGhtMJtmkYjlRKSlElS+w5KjVL70nfV8jS1iGJbkOnMDIjaETXdFKW1ZjGbz6XIbF3f9V2f2K0VID0lEiE5mVp2fY1anE0KgU0QpZauFpWYcpqmNk7Telj2/awvtclKUxS15JTRddM0ZlJrraX0XReKqKU1R8Tm1lZmm1rWULacplHRheRMRFEZp2l5tLTc9fOisLOLWiMscCldjKvBdq19iFo7pHRraBwnlAQlokaVlGk3qYagK9VORSxm3TiuV+t133WllmEcbBnGqYUslRLF2bI1lXBmCbp+LjFN0zgNzWo5CXX9TMFqtQbV6Lq+y2xWlKBhUjlOKqWm1tMwjZPCtXbOHIaVQlGjq1101WnnNK7XgWrpmm07UKlFQSnR1xrBOE6lFhspu9p1XV9LBUsxDRNBlEDk5DZNIabWopSWHtdrLAq1dCVQlFpLLTXQ0IYgSldDopS+7wmKFLUK19qNUwtRrOaWtqQotdbSximqulLHsWFqqcjj2DBRakhjy3GaApW+w8oUtHQjkRinVko1U2sZeL5YYEshqbVmq9ZaahnbtF4NinQ65c3NxWK+UEggY7tUlTqbdV1mQ5rNZyJCEqpdnabMaUISFWWU0vddG1q6zfpZ1JrZJM3m1chmMiWo3VxiGCZQRIGUopSuRJSCk/lssTw6atlKX2stTqZx7Pt+vtgoiiillCgRtsdpcjMiaoezm81LaGpTVwowpTcXG7YpxWP2/Wz/YN8tMxMyaq0RKUqpXcTRatlam6a22JhLdRqnWkqpJc16teq6fnNzY1iPy2FZS1ei1K5kepzabN63Iadpms/61prN1vZ215U2NSIUMV8sZrMZZJTSxvHi7l5YpXTDOHQRpXaldi3bwf5+ZpvN5gpy8tQm2Yv5RtRYrdetefPYVgFE4mE9pFuhDG20c9bPZt1sWg85tdnGTCpylC5S2ljMpzaASu1DKrVGiTZNq3GNCOtoWOXUaq1Ru2lY4xQiM7qwU+DM2nV9Nx/HYWwTziHbrOv6WV9Lt1odbsxnXdf381ntS1drS5eq9TAcLZeLxWIx7w8OD/uuAuPYloeHG1ub0zAcHu6tVmubWhAapnWJMk1jG6b1uB7HsXzMh33wbNYtNrZamw4Pjw4ODyLq9s5O7btpGC9euLh36WA+my0Wi/MXLvzt3/69VLa2todxGIZ11DLv531Xh5Z9na2Ho9U4YTcnrdmutZvN+vUwDsNQa5l1fSl1ajmsl/1sNmabzWe19M4m08g2tuXysI3TYrEBunD+3NFyOZsvpta60hPqSgWwbdsepnG5OhyGcTFf1AhCXdcD4zhaiT1bzEJarpbYGxsbW5s7bWo269WquZWo28d25rN+miaFSylyZLYotWWqRC2lNSuEAlO7ElUWAlBEuCF5vpjXUqMEEUVRilbD1M96QUvXrmZqdXQ4DFPfd55M6WrRNI2l62SOlvvN3tzYMhwdLYdxXUoJIkW6tXF0KGRMKd04riNiY3MzIpbDOE1jLV3tamtDji2JWd+XWky2ltmyORWliNp3peuUadTPejUlgFVjNpsLBao1Wnoch6FNUSLRNE1dLbX2NtM41q6rtYsISUVlmjJKKdI4jiTNKanWaluldOooAHVWFaVNUzZntvUwFhQhpNYccqldupUo2NMwtHFQBMVd34viVIQmW7BYzFXKOGTpihvCZK5bK1FmXX90tFqtl7Oum81nzZ7GqXR9y8nGUjS3zDQTAApMYCMJDWMjJxzDNJaotQSJ0Gw2t9wS3DJTUFRqPysRliNqjchMctrY3IxaFOSUyIqSmRGapqkW1VKnaVKoq2UYp6hla3urjWO2rH0hPes7N49jK7XUiIiCZKeTcRj6+cxGUu2rrDFbECgItTa5pSOKfbQ8ymGabWx0XdeGqSVgm9LXqtKmJtSyhYJQVeSYDhmw+26mEm2aZvPZrJ+XEjlNCV3XpxiHUYEiHOTUmlXkNrVMh5QJTpvWmluLqH0/q6W2qZUopXbOVCiiDutBhRym1dE6IkotDiLDYj2ssOfzBVabptp1RGnZiChRIgK8OlrK9H2XmWNOETFlRoQCZ0oRtQzjNGVGKdnywu6FGt2s68ZxGKepm/V9109Apt1kt2xTyxoVOS2n1+t1t1gUaxpXKqVGF2jMFrXSsrWpq7VESRqli5CdQXRR6qxmmyJqKVH66ma3VkuUUpgMaZPTJCGrZSoxrat9rfVotVK6ZTs8PETMuhngUou8PFoul2uFEIWI2rWcRMw3Zjk1J3XeLWbzWus4jc4sES1BmsZpwmSO0xQqyOv1WBwxK1I6iqwoIWKa2tRGSSFJtHSJaFN6yhLRWlOEJONSFaW2lrb72Wy9Xi+XKymEjGsppVYbiKjZ9zMpW5tQ6XrVUokIiSBJJSpRpSlTigAnrQ21K7N+HrWoxNQm3BSlhMb1aNPVLkFELbU1K7PUgjW1Ke2u1q7rKGGyRLhlTi1ql6GoZV57haZpXK7WR/tH/azv62xqbT6bT21omSQJ8342Tk3hbMY2TRFOkkSR01S7Pltzuu97KYxVSlfqepwSd10Xtdit1q4r1RGK6BRTGyYrxxw9zvpZqUWODHWlpG0yoJ/1QLFMTK0BRXUap2FYC0pXiQLUro5jO1ouFVEigKll7WqNkm41+m7erZZLW6qRuPZ9lJKZ0zAE0c9628N6mMah7zshRfTzmXDLHA1upXQhaCaopSs12pSIrq84KbUWpqkpFEFITk/jWLt57WcqtObWmqIYOz1N62wZpUytqTmzHR0cWnS1a5kWtXSli1nX97WXpFCglhOWQrScWouQm1vL5iSNiFqiqJa+4ULU2qHAdjqiOMItSVuufYckVEqNomwtG0jz2VwK5K6fI8Y2dV1fa9faiIXU2gQqirGNbZxCynTahDINWaJGV7tas9nZMKFiUrSum2eOYEWIWA9D4ECr9TrTJaRSnXYSoXGcxnG9XK6QIiIxisyGNNp9P7MAhWKc0tn6fj6bzcGttWmcnKRbjRoRwzDMZt24HjPbfHOrr2VsWWp0tZNI03Xder0ex3WUbt51Xb9oOY7TWGu/MZ8PwwTZz2eyoqt2mrZerxbzRTfrpnFQdH0fU8uDg4NhWM76mUNHR0chSo1SSt/NpmkSMZ/N0i4Ri43FOI0XL+5KJJYixHK96rpZV+s0jUMbQwW3YRylqH0XkuwE21VdRmKt10PX1X7W221YjYhSYhjWpNfLdUQsFhtW1tJhoywqwDSOq/UybVld7fpFX0rXdaV2felqqeXo6Ki5bSw23bLUWlUODg5KiVnfl1osq5Su77ooB0eHtSsbi63MqdZqQYJYr8f5fN73XZo2Ze26CAlCcXR0sLmxNV8s1uMIHsfBmYpaVDKnZs/ms5D3D47G1aq1th6HcZgW83lEsVvmtF6urGjTdHh4OO/m843FsDrK1Lge2jRFaBrG9ZTZPK5Xi8ViymkY14bZbB6i9P3O1qbRarkWVgmFWqYnl4/4kPddbCyWy9XZ++7r+35jayNKOBlzyrGVvu9rja66eb08Kp2uue6arq8RxVJfyuFqtVqvsI6ODlNsb+/0tRZHkm3M5lZrWczmaUohnY4otc4X876v09imcexrV2uNKM6MiFK66GIx2yi1LOaLBJnFYj5MLaexlOJ0lOi6GkHXd+N6atlmXb8aB6eiRrEys+trs9o4Zno2m4ci3aQy5VhK6bqaSWs5n80UHK2WERWpZZt3PVLL7LtumNZ9P4tSDpeHs262sbmFWa9HwWw+i1LBpZZFPxunUabr+xrdNLWjw0OPU5RuNp+ROKfaVUlEdLOuq/16WDsps85TOzo8kjTrarPGYakSoZyahTPpu97K/aOjQgSYjIiICNU0fS111pVSc5oslVobbm2KUIkqkc6+dgnDclVK1L4fpzEUhqlNXaml1FoKzqC0TNs4M1n0M6BNTaV2RVKptcOYjJDtYVj1s1lrE8LIbqVWiRKqpeBCaVIdh7FlKhjXI7KJNrU6q0SJUkvE1DKirJerqU2Saq2DWwSldEHJTJva93Y6XWqXaXBI0zRlunRdp26Y1utxnFrb2pjXrpvGqfZ9lFBair726SkdLUe1hiLklpg2TVPXd7ZDJM6WZFOpXS2K0oIuShDr1WrKXCxmKlGiSkiM09Raw0zTNNm1rxElWztaLbsoXdeZjCjNpN2macrsa62ltmxCiGxQS43azWYhNWcQpdaWDYWKwoFconR9b1qOGaEakXatxdjybNaP09CGwdB1tev7xWLm9Gqcaqm1K84s1CiKGhEoiIiikmI9rEoUYZu+RpLjuIyorbVpak6nbdSmJhOlYteuj1paa0Mbh9UAUkiiKOwchrGloysybRqnFIFKFELSNE2ZbTHbiFKGYQArJJNWiK7UKLV0tevCSVe6ZkIhnDikQk0oXUUxDkMpXe1qVZlak2JqbRymbFNm2lPf9Qp5GKOLbtZny9V6rahR1MYWIqJKMU6T5Np1mc3TgNQtFl1Xp2lSRN/XvlahKKWU0iRBic45jcOUrbXWuq5TidmsI8p6PagQtbRxxCR0XTUexiH6qsbhellLV2qsV+uWU4nOkZ5Mul8sulLHNsoxnxWryNkSnFtbW13fZZuGaZrGAbkQJpH6WpW5Xg7Is1mvUghKLV3XGbpS2pRtGkoJS0HUTq25tdaXqoDWuq6WGjm1TJtWSi8RUZJMRSmqpcxmfSnFzpC66EpXFCFymJJ0KdH1tau9YRqHloOkUrthGCLcdRu4tbQU69XRNE5d32E3Nxzrtp6GqZRQkZ3rYZzGabGYCw/jWErUOotS05nZur6LQhumCMk5DKOVoQqpUksAWq2XmXRRkpQj0xGEKBREpodhiIjZrOu7ucK1dDaZLVTW6xWmm3WexmGY+toTlmotRcqptXEcQqXvu9VqJanvZ+M4jG3amC9aa6vVYYlSumo8rMd+sYiI1jKtLsrRaqW0RZoSpUTJhpiMh2EstSRys1ATUtTSoSgRUUNS31VDtjEiwNM4zheLrtajo4MSZdYvwGn6rpOiTW0ap6gliqap1SiCNrVSQpCZmVPf9SIUGocRmPXzFNjCkoKATOV8Ns9MO1fDOJt1BU3jVIpABrdmInBObRyn+WxeIpwW9H23Xo9TDlU0t8RTZpFqVyAMUiiIiFprFE0tp0wrAJUiNKwHyKLoFzMREo2mNKHSdapVaaciNIyDIRSZWbtucobCzqlNthWKCKennJye9bNhGKepRairdcpWVJXZ7FnflxpjtqKoXRciSkhESKWEQlEiokQJqdaSaTvJzNaGccjM5pwtNuRU1MnTarnClK70tVuujlp61s+GcbQTq3a1tcmgUgS1dKV2bZowbpbdz2dFXVer7XEcMaWv43ro5n1RrKbBLUPUvmuZUWKchuXRYZTS2pTZStfhHKdWw+OQ63GVLadpTNvk5uZW5rRerrtZFygcOG0PrUWytbk5ZVseLhWllhql1q5rQxtWR13f7R8eLZcH29vbi9nGar3OnHKYulkvxWJjgUmIUiKiRI2iaXKUiChd180XCyK6KAl9LeO4Xg/DxnwetbZ0KEqtzlyu1mObulKKyjiuh3GYdT0tp5Z912GMEnelTtN0dHCwHsbN7e0ONzJCOaXl2WxWSrTMNmXXz2qh66ttWmvWerUahrUUq9Vq0c12jh/b2FgcHR0dLA8W/Xw9rC9durRYbJQomdPR/n4pdTbrM5myZcsm96XLzOY2jSlFgqeMCtYwjaEyn80VUUsH2IgwlK4fh5VpXe0ys3R1c3G8Koap1RJbm9vjMA7DGjybzTJRlNrVvUt76/XyzOkzs3l/6dLBfDabzebDetjcXAzj4MzZoo9SSlcjYlwPXd8fO74TUVerg3EYjOaLfmtjKyKiK7V2wziWj/+ID1qvh+XyaNbPNre35Ob0crUKqH1XIna2t2bzeZTYWCxmXd91M5MOlSiz2byWKmTlcrU6efxETtPF8xfqrK+1Qisqwzi0bF2tiZTZlUoEzlJrLSXRelge7R1GBFBKkWUAjo6OSg2ZrquZTVFKDWdDLlFLLdM0emI277u+l8ipDev1/uH+weF+RDEKeZpa1/WW7Oi62lqbhlGqdk7TME3jOE1H+4fz+QKytbaYLYY2Xrp0aTbruy5yylCpJaZpmqZxalO2nHUlIiK6Wgt2JqvVUtZ8Psc5ZS7XywiCUmedp2lores7RZQo9pTJar0slNLFcLiebSxms5lgNYxd6WaLDXAtfVer3ZKGCriLqhLjOEbtI8o0Tmn3XZ3N+jZ5vVzO+vlyfQSuUaZxmKZpGNbz+byBnKVK6tK4TaXUrtSxDW1IpIgytiwlWmiaBhS19rVUSzUUpWSOw+ASdWpDtoYCmUZGkLlarmqpEvsHB2lvbm21aXJE4BK9ldM4TNNUumI3RZn3PcJTtpZ2CzFNk+2+70HGpdaqcEoRTiz62kmk2ziOkoVr7aMUBCIUpYs2TW1sm/Ouny+Wq+Xu7sW+70rIir7v3TROg2kluiglFGlDhIlaSFFUahURNVSLneBxbKvVspZK0TCs27QOSi21tamUQrqjmGjOWkrfdeEYpxHcl0JonEY5ajfLnIRzaumsUZobma15alPXzSTG1SBBKVjRdZI9OXMsUQkyc8opUGuSs3Y1W0ZXiCiSW8MRteu6WqK01ixHVEMb1lFLVc3MRiOTVGs5TQ2FYJpaKSJqpjPb1Fq2VlySRqYo0RUyI7CzRI1QC4eoqoSCmM3nNaoKSjnCdmOazWZYKKNE7aqdOTWKsKMUZ05TK12VZNzcanQIJteu2Dm1DMlWs6Y21KIoUVQywWxsbYQ0jetaKmlkKadhrF2ppUqqXXVOJaoEdq19UNo0KsKGzKhdJJTa1XBEX7tS6mp1pFS6dX03q9VtGqfMaYxaimKYmKbRNKUhkEvXNTc7S9HyaDmu16JM01RriSjTMC1XSxQ1EEQUhdzG9ZQ5TlHrYrE56zsyI0JoSkcpVRqnaTaf910/JRFlWjeUqmVaDw13pdZSmpui1K4D1VrHNrVs62mMoKiqK6GSLSMKok3jMA4WszqzpKoavdskcODm9XqtUEQYhWnZStRSambmONU+SnRRNQzjNA5BKV0Zpqm5qeXYctb3s1knaUK2RciJoohsPjzYWy+HvuuiRAjJ43po2bq+LxFTa8OwKqh2feaUpkTfMkswtmzD1M9moRindU5phDTru2xOsutmIGdTqbLH1nBaklivhzaOllDUvkQJzDS29bhejxOeZrOZxJSTDJDGbuns+66UvuuLVIdhnNzm/cLYOCJKqbUGqOu6nKZml64KTa15akIEXTdD0Oj7XiGmFjXcWk5Tg9l8JhnT12KytUnC2ARgexrGaVgbI0lRSzTbQqjvypRuYytRxnHMlhuLraQN63FjcyuIErVNGQHpYb2KICq1hGqpUaIEpELD0EoBIiIM0deqUrvqzHQiiXDmYjF3qE1Zo6zWq8yM0kUpoCmnorCVOJIoSmfCNE6LWa9SptYkW9ge12vsMadFv9GVbkrP+n69Wl/c39/c3JjN5sN6cKgrMyKyJZmVUFENhnHtKcusx0QUm9ZSEQgZp2uIiJYpMm0UtXTYRs5cT4NwjdrNekk5ZWabxklItMmtn1WFJmdOTSWiBCjdkIKQhD2MLbPVUuusk9Vaw6kgSiR2SwJnCrBqXxRlWq2FVatIN9euDONUI0rp5Ta1FO77WYlawpTIliGN01hqFdHc2jRarn3XWk6ZtIbIBJhtzKexjcPYzxcmC0XQ0hGlluhnPc0tW4mYhmk2n9laLpfzOhvtCEpEV7vJmvXzvp9JOU2t72dF0dpU57NSu3Eaa6ljG42H5ThO42zWRYnSdSXqMKwtyFgtD2W2do6VWmpXhtV6tuiPb51Y5zCuh5ZtY2MRcms567vJtGkQ0c+7nJrwfF5Bzja1lpmLjUU2huUKmghFrFZr4cXGxqyfOxxE188c9H1NjEo6u3kf0tS8tbHZLeY7O8fIvHRwOJ/PJaac5vNNKZBC6vt5CVbDqnY9KDPTE3atVWgchoPDw3Eap3Hsur6vfSkCLQ8PF5sbXenSmqYcpyacmeDFfKMqpmyZuV6v+r7f3Nx0tr1LuyVqk1fLVWabxqZSnXm0OpzGaT7r+25mfLh/sLG5NatVVdk0jMNs0deuI6du3suEYrGxmMY2TdPOsZ02TtN62NraqX09ODw4OFqF0qCg7/u+X3Sz2ayrrbVxWJ8/dz6tCNkCZ6qoAIHW42Ty8OBw7+JuZpaP+OD367tydHg4n89qV1vaaZRKrYdh3tWj1bBaL4sYxtUdd92pUo5t7KzWq4OjZQn183l0URxdX48OD1fLVT+bGc1msyCmNm1sLNbjmK2dPXtuHHNjezskw3o1rIdpazGfd3MXdX3nVDqjCGeUcObBwWG/6ESkczablVJJK0rLtjw4alMb21RLXa6PWmZRt9ia9X0/jpM6SYoIDHicmjyWKCWi1lJKwdTa1a7UWlubai0Rdd7PZ4vF4d6B4dj2MTsO9g4abdZ3UAqybGfX9xGaxmlq49im+Ww2juPRetX384QkpbJYzEoJiWxJuvRlWo+Hq6WIvu9CYbLUzuQwDNmylKhdVyKiqI1T1JJtGqesCsJIpdYp22w2k+i7WroiFUUZx7GEluuVSimlRoRQ33cQKh2h9WoVpaulRBQwjdKXiNKGAVzCgpYGi5Dtll3XWRpW64ZqKbVUhZrTdtTS125qOaxXs8UspGEcakRE7bsSERHK1gyZiVxQdDVKlKISfWvpdKlFJpVRSpQQEWic1pJshyKnNkxDLaVZ3Sxq6TITiVApxWYch4RCCLdxnHIqtXSzTiqZkE1RtxcbQzYkRUAbx1yulrO+KyWmNln0UaOGFLbXq6WNlS2zjVPaQI2QpaJhGGSiVBG2W2ttatPUSl+jxDiMJUKKKcfl0VGt3Ww+X60HZ9Zuth6WIQXKzIRaSy11NY1F6rquSLbHHGTVrjYcipZuTNmMUIgkQhB2K6XWvlsPaztnfd9ak2VbzlAowqaWIqQIIjy1cUoV+uijRq3VWBL2ehhX69ViNq+1jG1azOaq4VQ/m0tQur7rJZUqwEk3K0br1SpKj6il62bd1CbJXZ0R2bJFdCVqrV2bRkIo2jS2KUtRVytSktmm1WrV1aJS7ayl1BqllFIjisZpchpMo+tL19WgimjOaWwKBR7aaGdIVrZs2XBrpZtFkVtiT+PU9bXvZ1NLK2tfS+kD1TojchgGQiUYx8nZomBsW4HQarU+Wh6GAjwO43K5ns9nXV+HYRVR5rMZlNqFAVRUccucFrP55JymoZsvhKapdTXkXA/rcWr9rC9RW8vAESW6km0ch0GhotpAtXS1QLbmWnoV5KoihYTalKEoJUSgANUok2lTEnS1s4ogSkUhIt1KqKggWrZMJHVd7WpMY9oTgRRKQoFM1GzNilJFqkij27RaR1dqqZlpUVA2t0ykkDxl1/e1lDZNKlWlBJRSlGlnG5ulWlRKac4oMZ/NSunGaey6bj6fu7VSopE5tdlsVkqxrYiAWdc7wiYiUk1JRCUoUq11nMappTNLLdmcMOt6qqZptAKQAmGpr12tNcQwtczWdbXvetm2a+1kF3WSLEeUWmNqCXJmja7RxnGw6braWkbIU7Zsq9XQ1TKbzadpco5tcimSRATSMK490XXd1AbsEnVs43K1ynQpxWmgBBEVGail1jpzjiqdzTS1KJrNZ32/qKj2XWZzZuASJZPlemW760IqJYISU2uYGqXWms5pGmWrBNKs70p0bm1K23aCE6KPQEWhYRhLlL6UKds0tqlN1OhnXaYludkIOaLgTIug7zuZcT2kplKqsANJfV+H1TDlNJvPZUrgkJtKV6ecguhqrV0f1CiVYLVcHh4czhfzvu9atq7OQmV5dOiW89k8nQplI5u7eVeiJHLLqTWn57M+jWRKaa1N4xQRBLJKLbX20zTazdDVPiSkQK1N63HsVIiYphGpROn6vlIabWqNdGupGjRDlFCSLY0zokQpJOM0jOsVpUapObUEBVItIdWOlkRMrdXaW87MTLu1qjKbLRJN0yipq10tZTaf226NaZqQa6mtNYqEQtRSu1prreMwTsNggoga0fWd0utxrH1pbQyVKFFrHae0J2OIWrp+voCAtr21lZmlVuRhPSzmm/18Fip9RLYRaM4iCS3HaRwGUTylpa7UcZpolK6UritdFyrVoijdai2qtZ91tVSF0p6mdnh4sDFfqOvG9TAM61KKM8ZpyNamiWkYD48OxmmqpRunVoJxatmIWoGQaqmepuU0FDRfLDJzvVrOutl8Y95aDquh60JSa63ripOuxnocs7VsXq+GKFGigqcpg+hKXY8j6VLKahgkjo4OjZrbOLWiEiHQOAyNVkJFMZv3i8WCzP3DgxrdMIzTNPV9f3C4atO0sbloU+v7bj7fCEXzFKioJB6nKSKGcez6auewHqc2DdNQom5tLvp+5myHB4fTOBw7dqKYDEottcTG5uZi3u8fHInY2t4c18MwTvOulDqT1HV9itr14zDcdvsdRSEVdcV4dXQ0Xyzm/fzw8GC1Wg/TelwPZhqH9f7B0WI+XywW62G1sbGxvblT+85TRkSd1flsvlwd7V26uLHYLIUoZWN7q3zI+727iNV6OHnyZNd1T33qU50+ffJU6bqpZdfNDg4urdbDyZMnp6mtl0Pt+8XGopRutV4Nw2AzLMdu3m3MN/ePDnd2tjc2F2RKcXi0XB4ezhdbma2UEOr72nWzcbVubkVRa9Rax3GUiFIUzGa9QgklapSIUra3dpw2Ptg/bG1CmsaxdrXOZwLVEsG4nhaLjaTZXmxslFqqalhd36Wn5WqYz/rMVJRA0zR2XT9Obb1alVqLYnNzs5vVYTXWrqyHKcdptpg55NZs9/NZJtM0llpLqQHDOCqKQQICqZTadf2sLzlNw3qqBZqHNkUURZQSfTfLtBQlBEqptaw1ai3YSLN+hlkPQ62l6+frcViuDkupKiFTardarlfLo6IgopQQTG2SjTNKycy+ltrNSsio1i5qLYoSMu5qB8rWutpFDU/ZWrPouq6rMwclhKR0iVCtUet6tWz2rFZCBlDtatQqIMo4DThL18uSqF3X9YVUOqdxsimltGkyCilqIY2VdmY6XKLUvgvCbtls3KZRUUspLd3VTkFE7fq+FIZhEJpyEqo1atfl1JBrra2lQrZyajW6wJnTNGVAN++r6mQXsF0iomjWz0IxZXO677qWOUytRmltatNUSi1RSmgcpr52tZZxav2si1Jtuq7vF/O+79PuSpRaxqmZVlSjihShdApm/ay5CS8WG0GjJSVKKVGUbkIK5dRUJUqSmTkNU6ml6/o2jbXr5ByHSRHzxawoUEBIbm5tnGqpbtN6mBSSZGw78TBM6SQiMZlAX/umdGatPXg9DrV2fd+VWlGI7Ls+pFpKrSVKmYbJmVFko8C4EnZ68tAGTxPCUXIcMrPr6zTlNA7jlF2NqDUz+1qilEyTTUhyg9IVIeO2bib7bo6ytdbP+lK61Woph6SxDTYBQJumOusiihTrcW23EsWe+lmH7XSJIlNrV0sdxrWhzmbDeh01aikWbcz1esRZ+k6SSbspApNuoTLru6nZdrY0dLOZEtVorZVSFxuLWmopXdSSmaEoUaTIVMiZTshpTJvIxXwRXWlT1q4LgRSoOUlaemNjERGr1Xrez/u+q7V2s9nUWk5ZZ7OuVuRxHCEwza2UohKE1TQOU2YrpXR9sd3cooRckGtXprFNw0gIo6B0JayxDQDhqTVJ4ej73tmmKaOWaWq2I0ISUoRUoo1jOqNGRERUi2zNYtb1KgGiZdf1883FNOTE1JeKM9O2Jzvd1GxShCDb6CKJNtmZddbNutqmPDg4GIfVxuYmigBJmNJ1du7t7cnU6JszlWoutcwWsza2zCy1ZLNx7bqWdjpEmgiBG9gUhUSJItnZsqGiUsvR0Wqc1n2tqMhWV8OUqFObEoRRAG0Ya1+z5TQ1SlQpSq2ltpxyavP5PGp4yiKZkO0Sbm1cj4mj1JBB0zghd33XMlfrZT+bRYSsUpFznFqptasdIm3LoMw2rIdSS9/V5uxKF0IqinAQVi2qtQ7rVSPbeixFik4KyW6WmJxd6Vyq2zgOQwpQhKSAAE/jYFAobbCd4zRgJieGUloasu+6kLCLIm1wLZEmSilFzZZcS6+qzCmiIpTMat91hfR6WHvK+XwepYxTq7XWrspIJaR+Np+mabAjUETf9Vtbi67rnRFdtbGTiGy0cTJIpFtE5GQDKErU0tW+1r62bEGtXbEzFM5mBU4i2jiVLvrZzLi5OS0FshsBXd8RCBAApmXOFxs16tHR0TAOpXRd1+Nm45bDMGRm1/cRGtroKWs367vacmrT1NVaSglpmnKahtliTmtj5qzvFExjlq7Mun5oo5yZzjaVqIixTSU0jc1qkkqUGkWlKCVcZrMSIWJs2fW9UNd1tSuWaU5co4RiGMZaq8x6PWRmiRK1m8Y25UCmFK21Umrf9VGU1mze174b1uP66Kh2Xal1WA/T2IZxKjWwpcCmK33fKwgiosz63ulhyDasR7VQZHObWpj5bDYR6+VqmEZlHtvZMXZmRBUlhCOLQhER6ro6Xyy6ErUWkUhOD6uhFEWU1rKWMinDlFrTrqUrtQ5tonlqLQJFLJfL9XLVskmln8+MI0rX1RCZpMeoXd/13axHOY3u+z6zjcNQVEtX+lmN2nXRj23oSo2I2nXrYT1NYWepfYRKqbNuNttcoHRSu36xuXHs2DHj1XoF2LYcqoZaSygSIt3P+i4KuJ/Ntja2pzYid2XWldL1HcEwDl3tZhtzTMsWEa1NhwcHpVZJQUgxDevVsN4/OIiIWddNbQo5FLN+Pt9YzOfzNo7DOMwWM4gIz+Ybi/m8r12pdbHYrKXu7l0kqRGKCijiYG93d+/SfDYrpaxXQ6DD1Xpne6efL6ZpKkF5p7d+kwuXLp0+cyJheXj0N3/9t9PUdo4d67oqMY2Dar+1sShdNw3DbD4LKEWJZ92sK10bhtIX0HpY9/1sZ2vn6Gh1uDxqmRIqtetCEeMw1r72fZ+Z6ZymVrpSoh4eHhwuj5zkNNa+RJSDvYOptVnftSkjSmvZWpI41NUOINx3fSl1bGMXRUREbGxu9l0dW2stnSbUWtpJo4jSV9uVoMSwWteuRlFzdrVvadlHh8v1sBZWxHw+n8ZhtVrXrmbmejXUvnZdJ8nOYRqU6vquTWNLm3Z0eNh1/WxW7JhaqkTX9W1qUcjWVsvVfNaXEsM4drWUrpYStUSJMg5jNpfSAaaN2bCD0vW900KllOXRUe27Wa1jrjcWm6v1SraTKCXt1hqScVf6Ujs7h2HMnCRFCWe2zIgQnsbJWGFAUYRQFEVTZsvmJEqpXVFMbSoK477rSu1ALVs6S+3kbM42DpL6jQ2mMbPN+lkUYa+nQYrSdVFKBGn1XZ2mCaNCy1agq10UpqmpqERMwzC1KcSU9F3JqU1tAjvpugBZzilV62q5nKZhHCYRziyl2tiEFCVCMlLUiDKbdUbjsM60BCXcEqnrO0Ws1+vA/WKBkJzN6db3s76flSjOVlSjRlUQAWkr2+QgVGzjsCcTfde3aWpTcxBE7UuJAo4oLTnYvzSsh67rml1r7Uqxm4lxuRrWY6lRa7URSAVSUQARtRQARYSiRoCVMoiQwkzZiLAhXBStGYgoOI3TWYlaytSmKcdQ6fqu1qoowzBM4yhDiRCGQLXrjEKKiKP1arlczvrOpBRRumlsdgItU5lRSq19DTU7CEpESKUrNYLSklqKm4bVcmqTMlfTCjGrfSllmjIinDm1qe/nfVdzSpewoLVSS0QMq0FyEC1bFEmxXC8xCtVSutJlGpviNrXM7Pu+K2W5PBqnYWuxmbhEgBSEutV6leRiMStRVcLp1jLtTAtq30+t1RqlRCbTNNJStYoym8+6WqeWERGhvu8s2apRM5MSEtOwFnRdKRHZbPvocD1OYzeblVJAchCqtXa1m/WdcbapdH0QLdswTCFUo6rLllIgY6LUKKXU8JhtApqcKqEIT1gKBVC72qS+1FKKFON6mHKKUKZJd10FQmUcBjfUFUnGQK21qzW6gGjpGgFka0DpahelTQ0hSoiulijFRuDmlk3Ybs4UEVW2aW5tkmU1kloj8TgOs8WiRGQ6TY1ClNbaMKwEgZodijFzvVo53Xd9qZ1qEaq1BEQptXbOXK7WU2uz+UyyxDi2WpStdbVTKZJqV6dh9NQmRqf6rtbS1dL1tQBVYbVxPaWzllq6UhSlVMnOdLq1JKIWZaYiSDAqSBFRopRxHIsjajhzPa4FmTnmNCthM5vNSt8501BLzLouokw5Ynly38+6roCiRDOy+75rLdPTuB5tapRQUKNEVUSJWktJazWswYJGtmlqU+7uXmxT9rPZrO/TrhIoi6ok1SjR2hiKUmqiNo1IUozDehyHEl3pShVF0fA0DZ7a5NZFr9A0rEuUrnYGkswUoaCoTG2cpjGihGQ7omZmm8aIUosgMieV0qZxGMdA/bx3ujmzufZdWFObJM1mPYWWDqmUItFaKvrWJqF0jtM0TVOttRalmc27EqVNDei6gmSplFpKDOOwHiYSG0lS1K5TrSUC1HVdRBjCQClRoqjWGqVIKBQhkq52pZQoJXBOU7a0UFCjlhrNbZzGZiTVKNkmJOOu1q7rSgT2sJpqlVK23dJKQa0dTnUlVENEiWxZahdFw3ocx7GE+r4XUYtburXJRCnRzfo2tSSHcRzWYy2R6WFYk4lJp0oUBZklakKbBmdStV4OICkQQGaOwzqhRtRa09OwHgxtGltrONo4OlEw5RgqmS3bJKL2JbPN5vNSq8eWTjNJoRLZfHi0DCFF1837Ug1p2jiZ1lobhnFjPlssNjJz/+BgWI3zxSwwpZCyDSgIVZM1Si211B5UayccUaKWcRjGaWzNKqUrdZwmyK52zS1KjG0MR6ml7+bTmKth2c1nRXKqq9HXfjabl1JLLaFYrZbZxtYcJRxyQ6F0LuaLaZyWy3Xf1a4rLWmtLRaL5eEBcj+ftda6vtokbuPUd33p+9Yyam1tdKgrtav9uq2JmJXanBYK9RFJ1q5rnpwehvFoeWRzfOf4arUaxlFFUpBkZgSepqm15Xq9f7BfSlks5iRDm6LEemir5Xo27xaLjVKqydVyHRGbGxvZ8uBwD7Szc3Jjc2MYhtXRsiu1qwUFxm611Eywx2mY9XMrhnEVpZeYWqu1RoRCOU1Ttgvnz6HYmM/Lx3zYB+xsbu3s7Jw9d25ja/OhD3nomWtOjxOrw4Plar0e1hvzRdeX8+fPL1dHx48fOzw8rNEpanqaL2a1r6ES0FqGaM5hXGW6dl3Xd/P5LFAE49Tms76r/cHh4XK5LFGilFKrya7rd7a2Do6OulKztST6UgmNbRrW6xCz2Syk+WweoZyaxLie2tRKMLUMqZ/Vo8MjTNd1mS1b6/o+RNfPu1m3XC+VdbGYL5fLqNH189Vqndn6vs9ss6632sHhar6Yd12XrQmX2mUSgBSidt24XlsSzlTLKYioUaJid33fdXW1GkSGYjbr00LZ1dk4jS2TUERkM4rW2rBeq3ZVMU0jyrTTDhVTNuaLRptyqtE5sq9dum3MFiZWy+XmxmY3m+U0OtT3PWLvYH9aN2VaKUcU1sNQS1drHdvktKCrMSXZmp0RHYpSIggzTdM0DpPsWjth21GiTRO4djOsKZuFbSlo2TIVEcgQgEKl5Dish3WmFKpRS6k1YmxTV4silsO6EF3ts2XUsFOUtJ2exmloU62l1D7QcnkUYnMxd/PYhohIGysz592s64sotdRUYls41aZxcpOIiKi1liLRWqaz1DrrZ8O0CpUSfZKyhvW4XB6WWiVaa4vZTKVMrdVam3MchgYhSRjZGbUKchrT6mpJuw0Toa7WdFMUFclkm0LCTG5SlEqYyVNEmVZTkpKmqdkpFSwV+r4HKaLUcKP0JRTDeiiljm2yWhC1BNY4NkRRJXHQlVK7Wkr0ZUbROE19jWkch2nsapVTqMzqOEw1ImqZRuOM6BBRShBTm7KRbQIktWyZOY5jpmfzxWw2K6Ui2XSlGHVdV7ra0pbn/dxIEaUrNTqkli1UVWMa2zSN0zSmMyRjMkupiCi1q+GkdLVEsdINlQgV2/2sx0VSFCkkaRwH1dqXmkbpCNVaWjaIllM4TEzjUGC9HpbL1WK+Md/caOM4tbZaHiyXQ1e7KKp9H6UIcpqkKLUWZFtSKSFkJ4qu74RKKRIgsuFo46gi42kaZVGkwLiWUrs6utWoEUqUbUpTQvP5POHw4AhcS+m7rk2t0VqyXo2KkJnalM71ei25q7W1NkxjLbWU2tpUixxq42DJIsCSapEiIiQipKglSmZOwwguNeTWoNa+iz6Li+qULdMoat9VhTNR9LVvbk6X0jFNUWspZWotFNHVUmomiUNlmNZCaaZhso1Q5jS2oU3jOJWIEEjTNJVaS9cZgmitlVKdbbVedlEyQkmp1K53NoXmG3NnHi0PS5QojNMoU7oaJeqstz3lFBEoSoRtbJMlysZikdY0TcOw7vu+1s6kShRCckQptdSoErLSTXZ0ncjV1IrU1a61VJEUUgzrVdf1mK7rFFoPY7FLLVBqDUWAyDZMYy0FUUolNK7XOWXpaqkqxDi0ft7Xrp/WQxtHGzAWUq2zWd8JhqmVUiKKk65E1/et5bBep43CGKDErFY7p6nVUsYcM1OKnJoBU2sdxnE2n3Vdp7CkKFVRFF2Rm6HllC1USpFKEaBs09j1VahlSlIootS+CxOBUVGohmWLGiHHahzGXBeVZrepERFRCDvdplYjisJ2V3t7GsdWapFzHHM9rIwyJylW69U0TZNbSCEyKaqllmk1DePUz+ZBRECqdJ3kiDqOI4p534MMEUFgKBGJaimSohbLyhyntFtAKCJKa61EEDENY9qhEoJQGmdGKELr9eBpKqV2NcZhbE65DW1SUEoRQBBRrK7vbVZHR24567paiqQGfT8rqi1dQphxmuwspQ7rdbZRYmqZtplUuxJq4ziMgxB2yxaldl1VSKBSsJtEpo0UU2tOQ9ba14iWrev7CEzMZ32Ts7Wu66axZbp0pY1tmsaI0nVd38+zjRK1lJSxa1fns76odvN+/9LBehymaRrHsTXPuuqqNo2175ys18tpHBeLee3KOEwlgkTSkGtnjsPUxqaiGrE8ONrc3iy1yIk8DuOsK5aas5/1W1vbpe8ODvbX49DVfhxHw9HRsmXOFn3XVWC9HsdhPbVWux4zrY/WwzpKmc1mUxuMZ/PedtrzrqfEOLS+K1NrtXSzftam7GoQEbWUUOlni/mG7aP9/fU4zhbd0cHR7bffPp9vTNN0tDwaxrH0XV/71bCK0KwrJWrm2HA0N4xsM42D8WJro+u6Wvr1ct3NZ7V2+/v7go2NrZDcUtZqvao1lkdHdd6HS991Ldq4XrexYa/Ww7BezmazcZii1Na8d2l3c2ODWpzZWmtjq6XrF6UrvTNr181ms2zZ1257a2s9jOtxWVUgCqpd7Wez5XK1Xq9CkUYo7Wlq62E9ny9UNY1NCDeLqU3DauVMp8dxCMfGzuY4pYqObW/XriwWG11XJK2WK4nZvJ/P5uMw/sMTHnfd6dMbm1vlcz7jE48dP/6kJz+5wanjJze3tmazWdfXNLXMFov5cnlQooQCNFvMM9t8sYjQwcFBm6ZmDcPQPO3sbEUp4zgKzWYbGxsbw3rdpmm1XpdSsQi11rI1lcgpa9fN+66U2nUFGNskSaVszjcMs76UWqdpWsw3jdfD1NzS1FpaWqb2RZTVei2opRtznFq2aWpjK7WLEkeHR20cShFWPyslytFy3XVdLdXOixd3aylRO+NsbM7nxs25f2l/vR43F5ulxjAOXe1LqVMbFKWrtdYOqeu6EtHGKUKzja1536+Xq5bTrHYK5eT1etXVWkpXS9d1dRzGrnS1sh7WRtM45ZRHw6qWru+7JLtSo5b1chkRrSW4lFoiRJKutUpqLZGEo5RpmuyUYj6bbW5szGazYT10NUwdhyG6OquzacyxrUFRo4RqqQpla1EkaLSicHo9DF3tZ4t5G8ZhWPXdrCvdMI1FKJBinIawVASOKMKKcGbX97IODvYOjw4jtLGxKLXLbG5NIYkkCyEVgmbbiZXOzKy1hiIhICIoqiUiotm11KmlTD+bZWYgZ0YNNxQxny/6WtMgIGutzpQkilsa2zkMg+2udC3T9mw2N7larUKKEm2cwBFFRVNLTJ114zBObSpEN+/SOY22W1crgqSUUkrtap9tmqYpSulq36aMQld6OXEoZNxFxdRa+/mi6/pQjVCthQKTZ7N533VWSiR0Xd/1dbUecZKhgiW3CZStDcNUIiKiTSMKVU3j1JViYhqHqU1IrbWuK6354PBwMZvXUjOTopBqrbOuS2mcRkyptZRARJSxjWFLyqRGqbW0YVitho3FrOtKNru5uWGXUltOQKk1JCm6ri9F4zhAARuH1FqGmKapC81mfT/r+n7Wz/pxmIbVMqJEFCtsFKEA01pLm8ha+2wNybRpalVlttkHpU3NJSIKuE05tsyWKiUE2QzNGVKEat/NFot0y2a3NOpqqfO+r32B1hxoHNdjo6815VCJrsNSqGULJEko+nACuR6n2nVRYprGrvZWIGoJI0yEUNCaIhRRIlApRf1sXksnAFRCtWtTsyhRchpXR0ch1VokjOfzea1ViCieGm7jOK3Xy1pnUbtpmICwSi1RQkaKqAGaxilKZJsy29QmyYoSEUEptZS+dApDVzoJocwEWzgTOYgISUrbwtkkqYZpHlupUSkt29HRsu+7xE7XWpFk97MqHFLX9601USQwCoxFlBoBwzS0oUkC0lmIftZn5kTOatdaG6Zpa3MrJMGsn6+OlsM0jet1Jl1XFv3clnGkWmREUSlYtkPu+j5NUbQ0DYJpbJkpoVBLhQhrzFHpYRy6ruCi4rDGYRymoZa6Xq9t27ay1i6KxmlyZoSidOM0DcOYuBBdXwwhCVRLrbWU2kXUrlsuD6fmgDEnBaUWFERURfOkDJVSS3S1T+ewXIIyW5TSz2YCQYkC2KhGG9IkivU4kHS1i1BrDdx1HRHzbl4qtpC6Oje5HlY1atTSyBJRu9qaW8tSQooI5STEfL4BDgVQIjIdpWZOlqTShfpubiRMOFy6WkqNTLt5Nq+1zCWapyiRmethHSGkzCxiGqdpGueLjb7rx3EMRdfPRChiY2M+jUYlojRns7G70k3ZCEWpEI2cpnE+m9XaSSSyqbXkZElC4zRM4xg1Iuq0HlbroetrLTW62tWqiJZNCpxO1xpEmbLhzIazAbX0bWrrcbQ8DINE19capUQZx5ZTS8tOjMJTy/RUVKKUqLXWqrCNILNNbZRkZ9QoUbJZQTebla5OrQmHFKW05rSdjG2cz2ZCLbNNk9NTG6USgZBx11UhapjWplZqaS2NFvO+NZcIpGwGlyiJE3e1S3JcD/1sZghoRqESpZRSSu1LKaUsV8txvU68udia9V2pddbPu1mndChamyI0DgO41r6LYktimJrd+jovtUyt9fNusbExDtPQ2sZiMWUbxlEhSaE65kh6sZgP4zgOUynFjVlfSsSUTRHz+XzezYymNg3j2M+6vu9AtcZ6WK3XY5H6vjORrXXdLE1fqqLkNJWulIhhnBSSNEwDEbXENA6GxWye04gEDMM6M1erFfLpU6dLBGjWzzfnC0URjtIViklEUXWhq31fe5saZblaz7t+uVzjFl1UhULz2axGSViuVkfLo27W9bMZjfWw6lTTOYxjlJLOlrler9ar1ThO8352cHgQpZvPumPHj6t066Oj2kWJ2nJSia7WNraWk0S27PpZLUVRxnFq41CilFJMpp0ta9E0ta7rd3Z2pnFaD0PX911XS5TdixcunDu7sbW5MV+oaD0MmdNsvrG1vTmNbe/SpYjS9936aDW1JoUzQW1sfd8121Oz2NzcqKVubGxEKeU93/ltZM03ZmdOnZbz0v7+ehggBdvbm7N+dt+5s0I7J7bb0FrmfDEf1uPUctb32ailJCncGm2chAiVruv6Oo2DHeCNxQZpWQHj1I5tH4taasGUaRimTAXLo/W875otwNlgfTREjehiGi17Nu8V0bI5XUrtF7NxHGb9fL5YNCWIxDRFWcznkjJznIZxGPv5HGitdaWObcqcai1TaygkhtWqZSasjpbz2Xw+nyMjITKz1jqsB5LNza31ep2ZZCtSw/sH+6QWs36axoSNxTxKmYaWdp11KkVEehqn1sasfW12X2tESOr72Xq1KmK+WJCa0qvVka1+NnMmToXWw3B0eFS62vd9wtRGRFhTyzZO2BEEpXQBGsexm81aG1tr89m8uUl0pSMA3IytEhGSSgTDaj2l5/P5bNZHLcKtpUVRSWdzpm1KKYpQlGLUmqMoIlpmlJKtTa2t10vZfTejBCnVzpljmyLCCUUlWC3X09RqKQoA1QioEZluzijFzVhdrav1smWWUqJGKAy2qSGzXC49TdHFNE0RyEUSEX2ppessxmnKlqXWUiNUpimPjg5qqd1s3qamICKilL7vUUQpYxuzZS1VAaZEzcxSghbNY6Zn/bxlGtIGRSk2tZQoNcmWdstSOkXUrk7ZJIWC9JRjW0+ZTchkKR0JIax0E7SW09j6WU8ytVGKKCjU1zqm530/62etTdmymRAqpSslaliapnEYp1o6IgSl6yJUS1HRNIzNiTWNU7bWMo+OjjAKERKapkkRrTVM7aqKUBRMqRFRap2c4zC2NiBhZNKZpDINrU3TNI3DGBE16moc2zTVUuxsbSoligpRPU7r5Uohlaqu21gsXML20dHhOA6holBETJONhapk01oWomlqrUFkYEXIQqXUvpTEQggiagm1FqXWKFO2UopbtrGVrtToou+d7ehw2aDUYkuEnW0apBoinZYAISG3aTWs3bKWmMicXGtpTuRaSt91UWNoGUjCxtkcpes6pKOjo1IKRvjo6KiNbb45j6i2S2A7SswXG11fSxRFpLHddx0S4yhbEbV0Y5skEuZdFyXGcapFXdc30o1aVaK4eWyjAFFLN5/PVSLTUUobc8wpW5taq6WzW4nArIa1zXw2N+SU8/k8amlTsy2VaRrtmM26bGnATOPkYNHPSimku64vpbhNlArYlNpFceKiKLWzNE1TEF3XA6tpdHp7axtFg1KiRhnGARRWKSUiqkqUGMeMCGDM9ebG5mKxuVwfBTGfL1pObZias7UJE1JmTq1J1KiKMmUrVa01G0tdV52AgiiSQqFCaJqGGh1d0DSbzcZpaM04oyibpmnsS9/IaRhLLV30qmEncqBQlL4HmPJotVyvVot+PrUx062lkxJlWK9Kib6fldJN6Qqlq8jDckoypCknm9V6uR6WzYBrKaWWNk6qta8VkekSBVkUu7XWal9rFNVSFHaO6zWKcRot29HX3s5SNQ2TImoNbCuyNULO1lorJfrZHIgQEBESMuM4LlfL0hVSAqBJNcBOq+sCiiJIS44IRWltWg/reZmrRrY2tTarfakxtVZKtCmn1hBTrkt0s9ms1E4l+jpzMrasVRHFJp0IioDMjFLCytYQphQxtlQQpmVC1lKmbJlpI5Ucx9aas+GILsJqU3Nz15WuK8M4EtF13bhaEqWWULbou4iamSp00Q3DOAzLRb/o5r1zaukpJ6VKLc3GmXhcjlL0s9r33TCOwhElVIZpkjSfzcY2takVVbec2gjuu67UcGvzxaL0XcsmNOv7qNHGUWhs6ZywQ7XWqA5qYDuptaZcHBHCZLblal1KGAGgo9VR1CIJKOpqVS11bM1utZSpuU1r2aXroxRaLtfrnKaIIsWYub25U/sSqqVG6SrWMI4qkmIch6nl5mJTRaWq1BKlgCFKV1pmRMhaHq2QF/ONblZznKTa1W5e65RteXjYzbpS6t7eXqRniwVupZbZ5lzExmLW1f5weXR4eLBej13RfLYYhnG9XHZ9F+pmi3lESbdaS63l6HCVeDGbHS4PV+vVbDYfh6nWurGYZRpnV+o0tdV6CMvpzEmUxWIDcn/vYHNz8/obblgtj+ymkEppOQ3rddd12VpmWu66nqRlKpnaaHu5Wp04dmycxtVyOV9sRJS02zAsVysk0mMbW3PtSk5j2vP5IkIm29imYT2fzRbzeXRlvTw6tnNsyoxSt7e2Vutly9ZFUYTTpZRslqSgtWbFNE7r9QhtGlup0dxKVClaWsI2brX2fddPw8rCSRvHxWIe0YVia2urdnW5Xm9tLMZpWB0NNn3t1ut1ZuvnfS2li854d/diqXU+m03ZEmVrXdcdHOzv7l5Q1JMnTswW/TS28o5v9aabW1s33nTzcrlcD2OoKiLkVBwtj1rara3W69lstp6GSxcvzBcbEqJsbMxrX0sts9ncSWaO09T1sxCHh8uIMgyjmbY2Np30fbW9f3gYJfrZzNKwGsZhiEJOk1QtLTY3ioKWwmnZni/mtmoJlaily5bjOHa1W4/rNo1dP3O6TWOpXZta5jjrZrNZ38w0TtGVxXyRyTRNTs/mM0mHRwe1mxXFxmwepWTL+WLRd92wHhxsbCy6vi9dBx7X49Qm0g3Pun42n62Hddrz+Xy9Hpar1c72ceTVOK5Wq2lqJZSpiSxR532dhnGYpq4vJCWi1CrRkpbGbGxs9V0VhRJu2Zyz+aLru5YZir7rjZ2ezeez2o9Trlar1Wo960opXWab970VETFN03o1BCYoUbI1Ra19txqGUmspFEq2BhhC0dUOMhRJTtPY1b7ruhJlGqeWreuqVBpt3vcRRWEnRAhKrVK6QZSCG7RhrdB8Pp/V3iJbGpVCUWS2UqokSS1zvR4Xi43ZvGttErXrat/1ljLHcZxaGyOqQqvVUVVE7UrIBLjU2sYhW0YtXTePWkxOY4OwMltmy6jhtLHSpatFSlFKycxsrXSlFilKKZUIjCMkSiluWSOQsrUSUtQc1w3NaigKRSWqQpgIQURE8ySi1IgUztZaKiPCYhrGUkKQmTbDOMpSLQTYDoWi5TROA4oopUa0TEmKWkqRoaVL9KWO2RSl1GJniFJrm6ZxmrraTW3K9NbGZpn1AIDddbXvumlqfe1K189mXdd1hrGNRaWfz6MoVCwklVqLLEldrVHa5DZNUSu2inCTQqqldqF0qCthq2UiSomWUzpLFEoEKEgTIohaur7rpmkwbtMwTQ2y67vMnIZRETlNQrN+Vko4SokS0Rl3fdcybZcSmdnSUulqLaKL2tICFUrUUNSuyG5TQ7XWOrVs01j6DgkUtUbRsB6jdkUqJfpa1uOkWvq+R4qCIlpzhEJRShFKO1uWwJTAabpaolbc2piDM1JOnNOUmU5QSM0TDdvpRCoRU2bKqIxtVKioNFxKLSXa1IyiYqet0nWZbVxP09QU0c+7bAlRamRaskqpXTe0cRrGWnsRR+NQ5G7Wi4JSChs343S2YZhKLV3tai1pT9mwokZEUVEtZWyj025pnK1ZnpXOYLmNU40SpTS7tTFUoquZadR1gTVOo1tTRO1rmybbXd+15pAilJk1inBz1hClRBdpCi5RLbXWSshoHNZDpqespVOh63tnU+36rluvBsOs9s1tGsZxHG3XUqJUWRKkFYGopQRW1BqRdkSUKIpqsuWU6dbGZhdFRESNad1UQkWZ7ktV1FprqXWxWHS1TOOEPZ8tyqy2aWrTaEotiq6WENkkTeMUKvP5DKQizGq1LEE/X8w3FlLFSbNDJaSUhYrInMZmW7CYb8xms9l8plLbMEYpkhTR97OiGIdVqX2txelhmtrYmlNRui4sOTNQrf04jtmmKIEYx0bUiBCKEMZkRJSibNM0NUVJskQRkOn0lFlKAeTITETXd61N0zAQUUrIERWZ9ThMbey6XqHVcjlN7hYdLSPKbDGLGtncnKWWftZLQBaVbjZTV8dxIkop0bJ1tcpaD0NU9VEshSmlyKiEShRFrRUnIbdGUa2dpxynKTOnYS1RaldCU7bFbB413ByllIgpW4lQCYxKTMMUYmoZIkqpXY8zp9ZaKt3PuxIliLFNObVhPRiA5oZUo+KsNebzmTHYzcYRkdPU2lCim/V9RGRLS12N0vUm2zRFVyJiGKa+FqQ2TOthxJY9ZbaWXelCKl2ARLRAklQyE1FVqCoRKqEotat9qVFCtQhnpkpxRraWOdlerY6CWCw2okrSbD6P2pHp9DAORUwoM2stNaKfdbKnNk3DVCP6WkxKUc3e4UHX1a52y8MjFOv1YNTGqeu6dOY4lVIUTDl1dVY7YWVrkqc2gWpXsd28Xi2n5o2NjWEcWk6zfjYMwzis12NzyymnWnsFJbp+toCccowSpdZ5nQ3j6mD/cBwnRbFymlpX+9YyIjDrYej6UmuVAphaTmMrgTNKH+M0DcMQYr65mNbDMKwXm1t7e7uHR6udra2iKKW2TJxg46LSdV2bxuV61cbJZDfrDLWrfd8rIzPH9XLK7OZd6UtYbcoSZdbXaZqy0XUlIsZp7EqttVssNlQC6Eoh6mw2t7yYz0uNYTWsVmOp1TRFqaVDJpTNKhGhNo2Lxbyll+tllFKk2XwDpBJd301tCkJCJTK1t78XUTY2N1QK0zRMk8TmxsKeWnPf97ONeVil67uu62azftYf7O+tp+HYseOAopRSWmuZzTZ27WbTMKQ5dnxnnNrB/mH5kA94r2PHjgkNwzilZbf0OIy160qU9ThsbW7PFxuepmPHj5Xa01Iqu5cupTSfzYf1MAxjm6bS9bV2y6Nl6eqs75y5Xq8z1dq4d3Cp1Bql9F2/tbERkjIJtTaqdG3KCM1nXZs8DENEqMgwjSulS43Wpmzj0IZAU3pzMdvYWCxXraua97Ohtb7W1eEBdjoA7DFbIfq+y8zMrKWMUys1SM1msySNpjaWCGeuVqvtre2umy0PDlfrVa0VxXoYZoteqfliUWusV6tSZrNaE6uUUMw3Fl3tSimZrYvSyHFYVxWEhZ3Z0knfd+MwOtvy6KjO+rQzXUutfZ9uESVqyXStNRSgrnSJ2zStx0ERIAVd7TY3NlRjWI8lYmpNERvzTXDfz1AMw0iVFDXKMA5CrbWwVCKTUjrDsB5CnibjjNrVWotinNbZSDunccrsuxqlttakyEzhJNs0VZU2Ta1lBKJUYbmrHVbmVKPvF12ghHTLidrXUkqOLVvra9fPu/V6mBqzrthuzXZrBlQiai21drWf1a42bLvUUgILpYb1IBSlVMt4Np8FIplyKkUhMiNpbZr6Wbdarm2XUiSVWhfzWZtyvVwLALvJrl0toJAS21FUSg8k6iMoAhMhK8gotdSooWls4zSWiCjRbEOm2zhGV7HHYaq1S9uWM2vUmNVaokRFqlGbJ5pLiVpqlIpUSyUkSZLQkC3HCdSmKbPZrUSUqASlK4HSdjpqiVLW65UzS5Q2DM1umc4cxrHrale7dMumUkJR+tpJJSJCMU0tkBCkUKbHcYiIsEsoJytKqX1r03K1iqgGpRDgUoutWmrX1Ygux8k4W7Zh6vueUktxc0plHAaFLZUoXa3jOAG2o/Tz+czgyW6tdJIcipzalM1EF7XW0vezCKZxgqi1RhfTOI1jE1lqmcZRKqWEKOtpTDJK7Wtfa5UURaIYR3PtKnIm43rdlYgSzWkroNSS6dV65dYQyuxn867rFNYUEy0kZwq1lq2NiNLVseXqaFmKZl0XhdayuUVRNoc0TtNsPlvM5m6eRZXVWpPCOY3TFMTYpkzXOrMsWWQjSyFqzZattXEY+1pq17V0idKyya6lq7Wk005ZBqcFY2tCxuPUSi1dqW0cFSq1ptPZQlG6mtkq0exxHPt+lmkLGkHJbFNOXe1bywghTW2USl+L7UwUiUpfe0tjtpD6UodhPY0t0yidOLPWUvt+mKZK2KSdI32tVkm3khl9RCnTemxkMRRFV6pDhXGcSi1Tmy5dulRr6WedLaDru9oVt1ZKiRpuaeEgG5lJDaXHqfWz6nTiKi3XK5uunxkgFWVKIoKIImVLB11XnZnTiByKsTUpS9eNbWptmkYbSpDNOQ41Ypwyncbz+Zwgh5xay9Zms7m6vpQypmnTmGkDRClS2FaU6Erfzxd9P9uYS7FarlubSNtTRMkcG8YZCgPg1hJqqPYhO8cxSo2oCU6vx6FUzeaLYb3uuw5JThurtcmlChMKkKJ0XcUtMzNbUaiEiHGa0q1GTRqXdaWXaJDNsqMLmsdxbCSO0oXM2IYapYg2OYqI8JhtnLquK7V3ZmQgiFKIcCQc7u/3tSu1WpoyW+a8702EormNw1T7rk1tHMc0aQOm4ZjGsdYIousKiIi+n9VajEupIiLCJookZKVMs0KtOdtU+l5R2jhKRJRpGodh6LuueRqHNlvMSy2F6Gf9ej1kjsePH+vqTKpJlojJ2cY2ny9K6ZKspRpFKCnhhmSnSuQ0Ti1bTtkcpXiy0wolwk0lQsLqZzNQ5tjVUvpOWaJG2m0caHR9lC6mAdBqtRpWK1CJqH3vJCHbdLQ86rq+oOYsql1XQdPUShSnS+2w2zQFtJar9arl1NUaRekMDBwdrWrtSrCeWok6TANpKYZpmnfzjcWs5TRNra8lShmOVjHr29QiyqzvgUy6qIL1aigKC6enlra72oVcSldqzGazrvZhq9bV4Wq1Wnez+bzviMgxQ+67XoVCSA5FNtbjemotJNVSS0zO2nVd1NVqqLVuLzZVFDWmqaXdd7NxynEYNjYXm5vbpdSUKxqzIRd1/WK2HNY55WKxmM3mfd+th3EcxzY1nF2dtSlTrkU24zjVGl3fg8eheWyJ+6621hzCmnUdKsMwUNT1ddbPSon5YiExjsPdd93VWh4/cXJYr6ZxiAib2tfD/YMasTFbZMp2KQXn3v5+381CWg2jcwIKMetnpdTaVUTXzTNd+1lmQ+q7fhrGUsp8Nj9cLkOazfthPWxtbiY5LFezxayU2Nvfw97c2jk4uORkGlspMUzjYmNht70LF0vU0neL2ayUGKdJeDZbzLtZ1/frYailbGxtdSqLxaLvumkcyqd+wkce3z6+HlfDOE7jNKuln81qLaZsLBaQh0dHGxsLVQ2rYd7Xg9VqPu+Xy6PAisI0SUJRa3R9N01TVVlsb4aNNFvM1FivVl2ttev6rpaoh8vVcjWESGsx7xSlTdOUTreWU5Q662eXdi+1YTh26sR6GNartSJqmZWuzkpJvFoPOEutUzZwoOVyWfpuatPUxi66YVg30/ezKFEiSqmtJUFDnjLTQQzj5GBYjyEWi83ELVu0nC0W88W8TWMpHaG+66dMGulsTrLVrp8y3ZokDCmKtjc3SUXE1KbletXVbrG5mKY2Tq2fz6LE0WrZ93Namy822zSth6HrakQgZXpcD1IJyQVPSQgRpXSldl23Wg/DOHSlT7fZYtEy25QEU5ssFXG0OqqlisicSu2cLSLmfY9oU9ZOpcRytZQ035i3NG5drWNO09AS11qjhm0USmdmyymTzGlcjbWr/aJPA81WKJsbilq7kNfD2KYRhWqtxJSJQRrbFKLUohrOnKamIEpZrZetTTlZqOs7W9magUyFsmUpJW0kORRlzGFsU1/q2BrC6dV6mWI2n5Wum8bJEFFaNpVC2rirVVEAKzKbRSmBVGoN2ZPTxqHAtqKUGnZTlNp1bs0qgpaJIkJpT0Pru5otW8tEyslJF1FqiQgyE5fQMIyZrZTSz/oSamlbUQOZBqKrfZ3NpMjM1iaVCLQ8OmpkgFOlFKBEcVJCQZUMpU0tPRWVWT8bpmkcx74rJdTSwoZpbDlmqV2Usl5OqexqD04L2a3hnFpzEAqBEDaijdPh6nCyS4mu72tXo1ThnFpEydbsnM1mEdFaa4kNIqSpTcN6VWtZLDbRtF6tWk6IYRi7WktERBCljaOgq7WEpmw5NaRSNLVhGjOKIjSNrbWp4SCbW1FtGLt0tU2tRildRQKMMltmRokildoJtcz1MJQSUepytZyGkcjmlpOnbLWrXT9LN2cWR6PJKGobRxTYtlO4tTTdrGJLZDNSrTVKkYEopcxK9LOZFThrrbXrpjFNjB66qHbaZMt0i666EUFrDqn0XZoqOUS2hMwMuU1pZ6DS11pCRRCgUsPNpdRmF9OcpUREsRAIudnOrutUYhyGUrop3dpUa4+0GtZKBwJqXy3ZLrWWGi0bRl2NomlopQtP2TxlSyEAIkIq5DQV1bRLSEQ6UbHc0spEJULNmVNK5NDWOUVE3/ctW2bWULYMuPe+u4flemtrpy/9fD6vpcv0OK1QHBwckrmzvZMtpzbM6rzUgt2mbNPYkigKCymijsMQVlNzy3RImc3NdnNm9n2nKAEmw5FkV7vadW7TODZKzPq+2YoSpXhsqsWwXA6lhIQbEZSIMI1cHa5qXzOzixJdHyGnI6LUklMrtSTZpkmo1lJLMUzjqJCCUmu2aZomMlsiKTONW2aIsU0RpZQOoCm6mKaptSmiAFJ0XddFP7YpoijUhikiuj76bmakErjYTruIcRhDNAkbCbkrnaRsWYpK6QySpjZltlm/qH1voYYzS1dr7SKi2EQhcxynZpeqWrokIyJKBXW11lostalBttaoUaKM45RyV0qSUbroO2BYrWs/67o6jaOdW/PZONm4lEgLOaKEyCnt7GqnUJtav5jZjojEIhwEDNMo1NWaLVFmA1RrcRThNk4RKtKYY0i1FCUUCTW3UOm7rnZdKIZplBTSehhrlZ3Lo9XR/mEju6iY9epotZ5CmvU9LZ10tct039e+lMmepgkAI3VVitpFKEJCJWZdBbI1OSTVvlNoGkeh2nWhMrap6zqhbAlECYiuC6dXy2WpZdZ1UxuxwXZCCG8sNhSljWsiutqFUES2bNOUUdJtuVo7M2qV2FpsptymnM1qplTC2VTC0NduGsej5VFXq6KGWvSFlsMw1lrrrMehEqVGrTVE1Npam4YpPdWuH8d1yymbLWrt+660nIah2RhqlGEcDpaHXZRu1kVRqYEkiCjNzpy60g/TNKzHvp9JXh0N3azWrsqab2x2pYzjVGrtSpmm7GpXuroe1oU6WyyyTavlunTdYjEfxmEap5aupWtumTmbz7paap15aqXEuB6ztdVyiFA/myUx5TS11nf9lAnK1iR1fT8Nzc75xvxg/+D8xYtjmzbmG10pk310cLAe1vNuXmu3HsejoyOEs62Ww9TGE8dO9H13uFwOwxDU9Xrd1Q7RmoeWtQtJfdfXvrPp+jIMU9/Xvpsl2Rrgcb28tHdpVmbzxazUsj46Ojo4Wiz6xLsXL27ONqKv66PlYrGY9f1qte7nfVf6bI0oEer7LqJcvHA+FM68++47jx0/3ilatjbl/sHB8VMnZe/t70eUcZrGqQFRarax5TRNUy21pac2rYZpNazLx334h1zc3T08ONze2qylLDY3opT1sB7GdZvabD6vio3NzdVqfWn3/GKx7czZfNZ3s34+d7aj1VHfz44dPzasx/V6PZvPU14dLpG6rgZlsTGPUkrftdYu7l5qrXWlQx5aq1UbGxtTS5H9rJvVhVBXo+/reli1bC2zq52CeddP9mp5tJ6meddPbQDPZjM3+trZmc5CzDY32tTW47C9vV1rXR0epcBUBXJr9KUrNaZpQsxn89p1tYRU0mm7j67MZuuj1TBOtetaS7cJYhzHqGU9rKKUWmdubbUa7FZql22iECFQlFpridLVKKqlqGvTNE3Dou9UoutmylwN42K2MZt3rWWtlWS9XktlalPXFcnTlKWUBJprLaEYp/Hg6DCkvu8hQpIh1KYcx6EoiBjHoZQ+iFIkK52LxULScrUax0GOYVoXp0rUUoSyMbSpRkHZpowaIiRly8wmFIr5fFYwisViA9FaC0IAOMdMG9eokOOE5FCoEBFdlNmsFx7blM5QBHK6ny+w25Rd6aKrrTXbCpUokM1ZFCZVhAXObC0nksDdbOaWNYqjTOPUlU6lTqt1IitL1I3NzQgBIqKUYWwSSZYSJCkHUdGE0s2mRO26amm1Wq6WS6fwlMJSiZKTI6i1WnjKaRpRZCYYIaKUUCmQRooICiJKiVIyXboSUZGjBM3T1GrX165m5jSNmZOsiKhRFXG0XGLPF/MSYadKCSQpagU7lR7bNCIZ44zQvFuUrrgh7NCsm0eJftaphO20Sq0laEYmqhSSQhGllMxMk3Jfuwg1spQ6n/XDOKWRsKk1utks7EaL2tnpNIrMnMZhWI+Euq50pUYtXVfdfLQ8IidsO2fzebPlaJ6Wy6GE+r6LIiSsENlaNiui1toSANHVEMVyCXW1DOM4rMbJOZt3GEB2G5uDaZxkE1FKYMZpysnpjIhxWGP3s17EOLUi9fOZbVFKLWl3tUKE6LpaShVW16vlchxCBDI5Naez1NKVTqWMbWrDWLsiKVHmRGLINoJqjZhKv9FXok2jsRu1rwI36qziHMaxCtVahI2dfSkNTeN4cHBUa+27WYkaKCJUNI0t0wayGSLCJp3ORIooJQgVIQKFFKUW1aggZCb6WW88tSyhNkyt5WzeZcPNFEKKiBrFYSWWJHV9X0q0qYEJ1VIttZaWQ8qWkp25WMxEcUo0pCI1nJmZYy19rdXkOLZSVCOmabxw3z2r9frkiVO1r5f29w72D/quzmfzNKv1qvad0DgOs9l8MZurqy1zWK/S9F1XFA3n1FSEjCJUIkpmQ1Ioapdtmqap9rWWYoFlu2Xr+9k4ja0lkrAUR0cHJbo2TSaLqrCdRkFM49QvZtiZ2Xdd3/fDem08X8yzOSQpSu0kZVGN0nWdcYmwVKKWEradBiLK2FqNKjRMK48ZEfP5XMUScik1utlMhXRO4xRRSki1K0U4W/M0rRGllNZymqZSS1c7hTxNOZHY2eaLmVWEVapzKlEJWmtT5jQOTRlR7bRTQShKqVFDoNDUstTi9NTGrlQbFYfUNMl0XR8RmFoiojY3cEQRRpIF9LWTY5yGAJUoUdIep6GWiFKES9TJzWnMehpkVCJqhGqQKl3pa0hdV6dxGqaphIBAU2utTRFRSjdOTTQpxjYRJZ1dV8CroyNMiShdRcqp1a6ATKtdFwaTtiIiFBFgm67rVqtlV7t+Ns/0SOu6GhF9162HsZ/PNjc2WvNyubSNIJQtp+aulsxJpUZEa01JqdViXntVubmU6pzGaZJIQGrT1KYMgsuGYcikdoFcozO5Xq3HcQRtbs7n3Uyh9TBOwyBCBYQNAmwjZBlsZ4TqrI/0lE1QS+n7vrXRihKl1JKT7dbVbjabrVerqbWIkKLv6zTllGPL7FQdEUVd7SOiTeMwTpsb88wcp3G5WtOosy6ilohaYj7fKLOur7WWbmpTmyYJQRSVKFGLceLZfIG0Wq5xYvVdjVKwSilTayrRlZKtmZzNFuv1ehqGEKtxGtZDsagBTrlNE1bzFC5EMYCLy3o9pj3rZhFlbFMtwrJaKGpXp2k6ODisXZnN5ov5PBTr1VFr1FpLqetpnJXZYnODCKdt5ovZaj1cOHehtfH06ZMWU2ul9rWWrnYph0nycP8ooqhELbHY3Or6bm9/P0rt+n5YDy3brO9q13ddN01TJqEAHx4ezRez2nU0q0QtpZba17q7tzcM49bW5my+WK9X4AQJUVbLpWC+2FiujiTXflarVsujacy+r0dHy0br66yNkwqZLkUnTp3s68xtjNqNwzhNYy1FEcvVOkCK2Xye07S/tzdNrZTo+0Xf9VHKwcG+EW1ardfloz/kfdfjFDVm/RwpQ8vlskbfd91qvZ7PFs1NeBjW89msdkUQimyO0LzvVqt1cy7mizZNpfaKQD46PBqmoZbasg3jkI2+77ta+r4GMV8sSu1gWsznOfnC+Qs45rP5wfKgoLFNFse3jq+n9eHB8vjOMYUP9g4n263llJubi5a4ZdSulFKitGxKUbOWOo1jZs43NrquG9bDcjX0pWRma1mj6+bFZrVcRUSExnHsa0fYjWEY19O0uVgkbRiHbB6H9Wo9qpT5Ym5ybG3Wz0upwzjYU2Z2XV+jOBWlTtOUOQlqP+u7WWvD0dHhYjaPUi4d7NHou06lhrVaL0tUgQWWC7XGehi6WhVFJUqUEtWMTjIpEX0/6/o5eJymaZgyrEaEa+2jKzVUutk4rKtkQ1CjZPM4rknqrB/HwdD1XYkyrscoYTdQX7uI0vVdKGxIz2azhNpVSZm2ou97mXE9RCjTTkUIXKIKI9KuhRqz5nRzKSUTqaSn9Xq1Wq2KOqPWxoiIqCGm1vq+Ry6l1ohhGA1OkubmgDZNIiRwlKKtrc02enNnCzSshr7vSo2opWWLCGdma5KmZttCKsrWuq44KUhdkG4tWzYJh4q1ngaTUaJlZmaptdQaKaQImSyOKHJzOoUoQRrTdVWldl1vaFMT2fczipjabD4vUbDdEkUopmFqbUo3Qa1dKTFOzWmVME2q0zT1fZnNNyTslEpXu4mxDVPXdVIQkjS1KYdU0Xo9lJCirA+PFKWfz4dhiCKFsIVAJcyUEaUoGk0mIrAkpDKOK0Uh06W0aeq6bj6bmQCQQmG3NraIsJHUdZ3tzCZUaxTVqY3Z2qKfRdcNq2VrY9RYr1YRpeurbeNhvXZzndVaulqLQ8PUMlMhBdPYUtRSLEWJKFUgRRStV+txPXV9F5R0lkBWtgY2ZJtKN+uLxublam27lBIRXdcpVEoY176Gau1rV2uUaNlsA61Ny+WRUFe1Wq2xS+3aNCGXEjWUmZZB2TIUXemGbJ5aJYgooZZGttWmyc7MdGJ5bG3W1VTYjtIRnqaGqfNSo5umcZxGqYrsuiph2yhgYzEzUlHXRWuZdgrb2ZpNEaWb1RqZ0zg2TFFtTqD23TSMUYoiQuHWSgQBmKTrq6KM09SVSLBdSym1a62pqCicZMsEo2mcakTtu1Ii0DSNkzOidFGHaSBtlLgrNSwbqVitFKQwTjun1tW+72dFGlszY1/6Uup6WMrePna8X8wVhajDejlOw7yfzfo+RQhBtqZQKdV2js2Zs0VfagdSKbUr45hTa33XO21Ru6JSItSVGgFEiGzZ1doaIWpXx2nE2CmpKxWBqKViT9n6+SKKonb9fCG51CBbrTVitjw8NK41Jk9SSDVqURRw6Uprk5u7rqCoqtlyalM6DYWSOQmkgik1wo5S1dVGay1loQA7XSOytUxFUKMjZDyNaRxotVrlOM42Nkstiio7ojg9tamWAPf9opY65hQKhabWSq197W1NwzC1se96ELas9XqIUvrSm1yvhjRRoiu1tSYUpcrOUETIJYRNtoxSopRhXLVxmloLkXabxr6ftdamNhGqUab0OI5jToCxra50RNiKUFU0UaPY2K5RkNOapiGMwRIiQiDbUYozQyVKlZCbzdTGGl2JMo4j4DRCIU+tKYtK6YoSqCWUKESaNo1Tm0oUJyhqdFjDsO66LkqEYjHru9m8RE2miBJRS6i1Nk6tdorm1Tg4PesroYgapZYiZza7lgpuEIqWLbM5AGopirBp09j1fbphq0RECZEGitXGcSI0rIbSd6EyDKsmlQjErO/kohB4GkaTCkXpcmylRo0uUak1oe/qrOvSGtbr1lopAqZpsu0k7WyJ6PvepEDENI21RCldir7rErXBhA6PDruu77u+dKUN47AeSldrCUEjKYHAHsZxmiaJ9Ti1NklBYCOp1orJxFMbPfXzeS11aFMoWmtINVRKVdGUGSrTmJjaV6nYOZ/NSldbNiVphmns+sjmqU3drNbSlVKGcYzQ2KZQtJal1lntLI1JG8ZpHPvFxmJjUaMkSQmnZ4u+qxUx63tnTuPU9zUAu5QIBWhra/P0mWtmXX+0vyx915VaulpqAU1tkErfdYuNRbasfV9rncZpGqfFYlFLjYiNze3VejW27Ltuyikzx/UqarEdUi21tTZOUwlALRvSzrGdruun1o6Wy2kY+342X8wtl4h+MZdUa53NF5njer3uu46Iw8ODlm17Y2sYh7PnztZa+q6/976zR0fL0ldQm6ag2zm2gbRaLhebG/P5vE2prvTdrOtrFK3HsS99SFMbhWpX5otF39XysR/+IVvbGxuLRWuJqKVOY+tnte/7rqsKLY8OW2Ytte8W+4eHl3Yv4lhNa0zfd9F1i8UiW3PErOuGYQiim836Ui1KRK39xsbsaLmKosV8PqzH9WrZcgpLaDmsl0eHG1sbi8XmMA0lakSZdbPmad7NNheLvb39g739o2G5tbG5c+x4KaWrZRpboloix2kYV4SiFJJxGCVtbm4uV6twdH2tKirRnJKkjNKHiT5CJcdRoai1ljq6hei76jBW7UotpdQ6ny+6UhTKyV0pfd8nLopau2w5tWnW94lxRq2Z2bJFaFgPy+WylIiurpfrKNH1XctsLTc3NkpEc0OlSOCW7iIyXWoXoXE9DsMgua+zqMrMUkqU2tqkUhGQUkTfd7XHeWl/H9joZpIdCkgjSaUU0fWzacphmrpa+37m9DAOac/mc9tON7KUUmtt2Yqi1g5pGiekKRtyX8rQ1p7cpmn/YL/rOwW2u76nACqQzq4WFa1Wy4Ojw0xLlFqEateVUpubKCWwsDyuV1F6QlUlcxzWo0jVyKR2XS21RNSuL111pgIcl/Yurtfr9bhqbYooma10s8R21BK16zylPUlykTKkDGlYD2lqLQqFFDVCMatdy5ZGCCukxXweko2CiBKhwMM4SiSZU3azrq/VkrOVKhRFSmEUpSA85jiNpUTaaVPCuMA4jVGj6/tpPY3TIAkTRYHaZGCchq7v5l03jKOIrutkaBBEDYHtbC0Th7tSJAFtHA6Wh4haKyHb2Vo6aylRS8tEWE6TbRrHSYQigDQ1FLWM0+hGy2kcptamljmbz8mMGhF1ysmZtetrlCknBAKFBCWK6mI2i9B6WI/roUTtuqKIrnZRuhrITJNLJaKrXd+mVkrxNJXohNswllr7vkaoRrHCgERaCGhuVSW6IlEUQ1tngqilJKIApZYIotYaNSLUdV2J4kwVdaVLGhYgzGRIhBKc6ynX4xpH1NLVGjC2CUkKG5BE181m875lZpuEa+0JxqlJUbpSUBSJIKJ0ndJpZ7ZQaTlFKcZtnCx7ymmcSpRZ3wvSE/aUObVRqBSForVJCtA0OWpBCqLWamPRd12JOmVa6vtu9CSDHTDkCJJsZ6jUvhhMttZm89k0tvSoUktElKhd11q2aXTLZivdclIXSktBCSzMNLUoUYQUmW7TaFxEUQhcFLVM49Bac0q1CKUBqyu11GEaPGWJKCWmYVgul91sttjcms3mUkSN+cZG3y0wq2FCInHVxmKj1trSZBumab1elZhZatPYWgsVyePQopZaS5tapmuEpMxsrZUoUYttQkFaqirNbb0e+q6UEpSwo4QQ49RqjflsPoxTa2NB6QyEYhyH1qb5bEaotamvXXSRYyt9FwLhya1lysMwtWxgKSyESEovJUjGpcTUpnEaa+kW855UtpatITB2rsc25URmSOtpxNSIaRwllb4rUTKidl1riSTTdf2UbRrGWmutNaKkXCRFOLPUrtYqRYKTWT+TgVSiPopK1GIyx5wySxddKSoxDGPXd7VW4XGcSBNgNxxE6UqJaC0pMes6zDSuLp6/sHN8x2rLYQB1tWvjgDIzZrO+lJqt9V2JCDtbtqhFjq5GTg1RVKBARkSpfbqRjq5ElDa2cZrAErUW4dYmVCJKZutqH1WCqU1Ifa0RkZktKSUyE4XVhmEah3VrLSIkIorN2CZnA4Fll4hpomXLdJQwMY4DIEXLHKdhYzHr62y5PCqlShFdZBrlMEzrcd2mLLWUUhPcJuNQjcBJUUwthUqtrbXSRYlCLUpsz2YzoTaN2dKKzflGN+tkGzfsNJKiOL0aByVdV7uuJxSqziyhaRzX01D7ghMYxlU2K2R7Pu+jFJzr5Qqrm3cRkW2MqF0tTk/Z7IwSs75HHO0fiBKZ+wf7y+Wy6+rG1ta4HqQIStf3pS/LoyW41hIQRMs2joOIruuqVEq3ubUYx/Hw8HCcJkF0RUCUGtF3vcd2NByVUO36bNPR8rCZruvnXU+UWkrX19J1EdRaMGNrfd8b1qtVRJn1i1nXl1Jtchozc2zuu64rJZsNyQggOd3PO1AN5vPF1Ca3NkzTar3e2tqufT+thyhlzGka18M0mehKzdacjlq6fuaWR6tlKSUUJcKZJaLWTopa+37WGwtEpG1rvjHv+n5cj1EiQii6rqqolL4rZXAWSaWWrrTMbtZnG1EUFaDr+6m1aWrTNNRS+m426/vVctnVWVc7YLk6UhS33NvfP9jf29rc7vuuNW9vb4Zib3+/7zpFKaHa94Fn/Xze95kutWxszofVMLY8vrMNjNPUl9L3XYnORmSt9ejoUIp+1o+rcb1al66Wj//ID1apONOJSkQ5trOzXK7X66UUXVcVMU0ZpWZO4zAsFhsbO1tdiVKKUWutloKlUpZHh5mt67qudrXrWxtLLYvFbGo5jENQV8OqTbm9tTW1XA9LW33XRdFstkCalxo1VsujqU1333nXbbfd0dWudHG4Wm5s7WxtbwmGcSiqXe2yTREqiuXUcM66fpxGQgaScRiiRO0qQSkBdubUMp2l1lp7m27W96XDnqbJmV03iy7UUgqpTtNEpkpnt2kaotSuq+M0ZjMQ0PWdUK1d1/VTNlqC2jTUrh+mwW5dmY3jMJvPFvOFiHE9RKkqSjOtJ2RM1HCbaoSi4tZFIeyWhNLOTKycMqSQFHK2+WxDoZyyFE1j2rm5sVm7zs7Dg8PadRGRzYbEoRjGqa8q1BSlSEQ6p5ZyqV1ko+VUFIqYxtb33ZQ5DqvZbB6SMzHjMLVs69XRrPZ11pNpO0KlFIFKiVJIh4iIcRpLqTtbm+5i/+J+7cpsNi9BKbWW2lpDrqUrtQZka1LU0hExmy2mcZKilKpSkGQMmS2kaZra1Iq67e2dWruIWK3WoShRsmXtuihqU8s0liLTKoRUqOpUQxFSNjdniWhkcTFZapQSpVY7x3GotQOUbulSIkqAm92mLLVECLC1Wq9QRMhuEcI5TFNOrdm4hRTIKEqRpKCLfpzG5taXbmqTSilE7YsDGlPLcRydtGx2Tm4Kl1KnqRnLrl2ZzWa1diUEKrWLrqslIook3CICaJKk1houDodKy6QRJbp5h0nbmV1XS4n1OMltY76hCCQh7GG5ql0tpbqhEl2JpI1jRoRANioVKYSZcsphrF3t+jKZ2awvJWRN47pZNRRdLaXvo5ucAaXrcJZQKTXTKoGUScI0jmnP+j5xDdW+KxGr5RpbpZQStiKKFF3tAERX+64vRkKtjZmZjdIVEePYSEWN1dHhwcHhYnMhl5YtM+fzeZTwlFFKROlr17K5uZRaSqldlU0RYmoZqJ/No++w2zSVEiqlOCSpRO0KKJwqiihTy1KjRpUAlVJrFFdlMqthM46DUCnF0+RmlLPapywCeRonY0WtXe36HtzaBEp7cpMIIaKlS41SI6JERIFGNhM1RLGaXMc2ligUgki7QCjG9ViICA3jZLfSdTi6EqV0cmZmCIOzEQoFEKFZ1084CKKYCYtmq0m4OUqppTSQiAiCQG6TanTz+XpcBWxsbuWUVkoip0wrAkSVCMy8mxEl29Syla4WFdWoEcIqilJDSCVCISlkiEAREUq7RDEZUdo0OlEpOJtbKUUQpdiRmenmJoWANuWwXrXmWqtFLbWUEKQlXLpaapCpKEkRbmlaZrOddd7LTG0speJsbRR0pRCShJROT00lgtLIzCZhmfQ0tb7U0nUGZ9auq11XorZppLif9YJSikoRMau9nXbOZzMVkTg9TSOm62Ytm4MSBUkAmqY2TZOz9V0HDNNQS1VRoUZE0rK1Nk2ldqXUbM22TRSpeWxtmsZCdH3fSClKKRgJoVKilDqbLbJN589f6LrZfLEp0ZUuQlFq7fpaS4QiSmvNeBoTS4VpmNyy9F2oOJ3hIkpX0ylnUUAaByWKxmmqEVGrMhMp6bpORV3XK0QSJSLkyc0pRUTUUqoiFArZNm7pcRwWs67WHjDOaYpSTElPpVYUihIBAkUI4xKBXKIrioggpBIhrVbrbC1KUWqa1hFRai0RwzhUWbVMU2vDaCwwTlvCNgYrSoRjbKNQqaVNU5uaUS01Sohwc6kRko2sCI3jlPZs1tdaFZA4W4kotYZopkRZL1cKkwJqrV3fY1qbQLWU2lVBN+uKamtjtrTarJu3Ng3DGkcja+1ms9kwjXZ2JRZbW/OujmPLnLCT3JgtiIgIJ4GQiiKT0kWN2myF+9JNbVquVvP5bDHfyNYs1yihAqRaUKZpms/nUeowDF3Urp+BrQyrRMlsQq1Nq2EqUWotQopQqNQOaz0eZZJOSnicxta66CjRdzVU1qtViL52ECK6WoZxODpYRajOZnJmM5nr9bBaL0Pa3Nqycxxa1ABUcMLkiRQahmHKqdbeIqQMVqtVNo/jIAsRpbObIrp+NqyW4zDW0k2t1RrAsB4UdLWLqEXKnGThXK1W05h9VwmtVoNscFHklNFVyc2qtRccLg8pUaLUKKVGLWV7Y7P0ZWitlooYs/Vdt7m5kW59Nz9x4tjG5obTrflofTCb9S1zyixBphEYYD2NR8sjwdbmdu3rcrWaximi1FIXG/M2TuWjP/wDqyTVrusKsRpWJjOnBl3UMaeQ5vP5arVMe3NjYzFftDZG1wna2KJ2ksBqOWVKGMZpGlbLUruWPjo6Gqe2mM37GutxnM26vuv29w8zp62tzcXGhie3aYoohtVqDZr1MxWe9IQnLTZmp8+cns0XtQsbO9uUFopiM7XWRBtXIkot0zBtbmzVWhruu1nty9H+0Wq1rKWbLea160op62EA262NU1WZMvcP9of1emdre2rT0XIZRqWERGBAhDRNrdQqmIaGsnR1WI/DapimaWwNe71eZrrvOqQoJUQtXa0129TPZ0VlGAeplK5M4+CWpZTa1WmckGrtJzyu1plJQAk7a+1UUEsUJqNGLSVzQHU9LPtaJCHN+rK5vWlAWg2rbN7Y3CDC0NqwWg21RK11vrExubllKSpd50wZRURKRUXFwq2thnWNKruRXanFVo3Wmu2QFHVjcxFRaG0Y1lNrR4cHR4fLUkqB0ZnJbNb1/byUrnZz7OV6VaOLEna0aRrHFtLG5qJQpjaRnmRQ7cNBqJYipTMz0JRj2tnczzrbtfabW4vFxpxQmyaJcWq1q10phCS3BFO6rqsVqRSlXbtaQ8M0psjWWrorISmntJKWlFJL9dTGoc3mfUQZPSixBbJSFJKcRqlKsmV5amOgCKdbKWGDmS/mUriZUhQUR9QAshmlIjrVWV+nljWYcC012xQlSgSNOi9Ot3FCRNRs0zCsCTlQGgeB07YiHFaptURp9pSpREKA1drUdTVC6/XaY5vNZ6WWaZwyM8exSc6GXUOK0nW11GKrlphIA8YtHRlQSrEEcmvj2CQUEKEwYrVeD8Mw73tFSVup5epoGNdtNEoTUaLv56kMFYIo1Zk249hQSs7mKGS6KyWipFvDQrUUmtZt6vuqGoKo0dLjNAqXripbFE3jNE1TNyuhGKYxSrg1bMIlQqE2TVG7qhI1okabsqX7rs42FkVlPSxby4giQVpRal9QREoonU4ihIzDWDZElGjZVkdH6/UgkabrZ7XEanWkVN9VpxERJYoKUYoCWmtjm0p4nDKUXVf29g5rjShhNzfVWmopDcsBnlprmaWrU2ueWo1aaw2plrBTDmRBm1oYQCjT43qMUrpQiBId4WEYaynNOYyTgogSbrZCapmtZcumUmiAVNRaGtIutUQEAVaRMgiFTIKzBVFqIRjTplVFlEKmSsGNzKODQ6ydY9upcnR0EKVM4zQ2JAJsiay167ranOOwHqdErlFARUEppRQhIgIRKIoxzlDYABiFbKbWaumRpZSFZKeb+lkfpbY2jsOYdtdJRETJbIgStZQiCXJcj5mpUopI246QkLK1NjXjiJjcpjbO+rnNrJ/VWmxjLLWphaKoJM6WQaSnUlVKlzhMrV1rOUHpi4I2Zdf3QdTaUSOgJTllRCHcDK2VEg5cFElLFJFOQy3dMK1b4ilNVsqU03pY96WGsF27aK3RWtd1ijK1IWpp44Rq7asyx2EYW6ulRFeMLLu5lFCEsxVFlAgRqmMO2RwlnDm1ScmxkyfmfS1SJhGBDY4auGSglJUlajpVQkRmEsYAk5szMw1qbbTCrWWCJKwatXSBI0oqnQQYT1PD6WRq07BaR0TpSleKSgmkooRayuQ2jetauyKi1L6btWzpxDQ8n81q7VDiMAiXvgoZWrYcKRG2qlxn/ZhTm1xKSU+11L5WFKVGKXXe91FrGxu4qApay1SWEl3pFJrN5ymN61ER3azP1sbWVusVBpRuILCEKFOmPSVFKSlL39VSpahdDWk1rDKNIkU6h/WIatcVCRQ0Y6lEy8y0ZdKZpgjLZhyGvcP9WdcvFrNhHNs4rYdxNay6UrK1Wdd3fZ/TiDSbzTKdzbP5rJQytalEtJZRWK1WmU5lNk/jmDkpC/LRcjmsVutxQNra2tza2ko7W9aui6g4yZzPN2pE6Uof3TCu+25WujKs1pmOiIZzmkoUhcZ0NaWry+VRCfWzWRvHlm5ja2OLUiLKYjaPUuyJUpwTihKBU4rJOQ3rEjXxMA61lFCUGrP5bBgGmVK7aZrcsp/PsCJK6WoNjQ1ote+Ojpbr5brronZ9NkOrXX+wd2i3WsvUUoKICJXSl1qmYTzYO0i8ubWR2cZxwrK0PjqqXUWkRzKIMk7j/v5+19X5YrFer0uESqCoXY1S2ji2KRFdV9Mt0/Oum/V9ehqnNk2rzHQytWFYrjNzPpuLHNq06BfDsF4drXCu1kMtWsw2pjbdfefdXdRTp87s7e22ceq7fr1er9fLrc2dWsJmXE+LWR+li6Ku1nEYbZcPeK/3sDyfL1ar1WpYl1rXyzFp29vH0lMbs+tn47g+OlptLDZrlLTXw1BKcXrv4KDrS6i2HIdx6GpXonS1l9TGsdZuGoflOMxnvRFSX7vZfH50dDSOq42tza7rDvb2p9ZUonR1dXTkptlGN47rWddfe901W1s747g2zsZ6eVSjSFVR2jTUvoZibFOI+WIRKgeHh8O4ms/m43pMt5YGd3XR9f3UpmEYFFFLdagNrl2haLleVmljc6vv+0zTMhW1lMyW6fl8s+uqkZsVitIrBCFKTgOi62a1K0nSRIlmur6S09HRsu9rBMM0LhbzqRlcayc8rbP2XYT6Ojdkm2opq9U6zXzWZWYb1uM0OFvULp3pLBFd6TNzmlopMaxXtasSrdnWlG0c27BcRq19V2qduY1RSkQVns1mIw1TIqZpHKfW1dLVvva1tTbmJBylhGKYGm7jOFkWcrrU0vXzqY0RUUtnHBESwzhikJtdu76UODw8nM9mXS3jME7ZbOHmolmpRNRSMptlyVEjkuU0qKl0MQyJMqLYWFlKZPOUjRK1hiynSxelFqRhbJInp+1M932tXWktW6abc5pqjSiSyNZKlGbjbJnDaui7LmoPkyIycxwnktp1UrapDa0BKmUcVuGofR8he5wSkRFhRMhutktXakTXdUGZWpYIVGsNKaY2ZraIkNRkA4lIm4IVpSGTUgkEBkrUWjCWCijdbFRr13Vd6RRBI93aNE2ZLSfjnFoCBhncRSXUnLVUI9m160pXBf3GghBJJiZr38/7OgyjTen7UmprOQ6jQmn6Ouv7bmxtaq12HWDkzCiRsjNrLVLkNE2pEjHrSpTSnKGIFJHZsI3U1Vqj2GRKKkWMdhtGCdsmZ7OFpIZDKoqoVcE4TlVSMI3Z3IrUdzWnxCgiDDaKWmJsk6eUZFGIqMpxilqdHjOLIgGTYmPeR9fZFIUCY0wjQzTC5GzW19pNzYDtkCynExM1IjRNU2aTYrlcRQhFV2qSIkJSUEo43XJSKa01CaC11gXrcSQTxbBeRyGnHMexVilCEX3t+q5rzZnZ1RJ9JzDKRmYW0fWzkEoUB25OWyWCiFAaIts0Rd91pctMREQJ4WCcpnSK6LsuakxtqqXYGRFRa5RoSYiu9IFkCIci05aLSl+6BNnT2FpOKVdKc5KUXuFCiKqI0pUuM1u6lpJuafdd3zIvXLhYS9SuH6fBk2ezmZMoKhSZUkIhqYzT5AyJ2kVVsT15wgqc2FZVadME6kuYFMVW6UoopmzFkTRM7VSijuuWaqFiJ1BKtDa2liF1XS9bUYc2Ive1ptOoZbapKcIyUjfrS5RpnNo0OaMUEF3t+vmMJlBXu4hikS27WhXh9DhNpRZKuGWppZv1aYciumK7TWPtO0RBEJGWVEq0zGmcpjalwICjVghMEOlEEQ4r7EQxjhNoPu/Wq/XGYhFdnaaJcJuaG/2s6/pOxhAKCJVwTm1K43FqEfRdN0wjiYK+78NS5noYnTnv55PTLWvfTcOoUBCHhwfr1VCj2Ng55VhrBWWmbez1NGZrJJLlkjmisG27ls44I0qU1ppJmRK1hJIMRUAmlkutbomI0DRlc9aopUbDrTXbEUUhoWmaFFFKVYnMDNHalDm50caplDDIIKY25tRqrSquqkIZLoTdmi0YxyZbQkSpocATdhq1qQlCBNF1fZrmJNVymqYp0+txKLX2/Szd+lntaodpbQpF1C6nFO5nfQlNrYXU9V2bJpGl9KVEKBRKZ+ZUSkeNUjUO49Qa42RZxNSmzCylRC02NWQQgNvkxWw2tlFqGxub09imaei7EupyGlUCexqHaWpdUem6KLVNU3ObzbpZP6+llqhTTlhEmdZT8+S0MdbQmrNJsR7WwNRye2tLoHDa89nchWxTX/tu3ndRp3HtidrPVsvlahq6rptWA3iSc5xay+jK1Nrh4f6sm3W1S2fX1VIKzlLL4XKdOW5ubpTagXNKglB0pUgqfSwWGyEiNI3jNLVC15UyNRsTIUsRZGZzv+insXVFXTdbj+txbNN6mNpYare1tWW3/cOjxWJeSiXSLSNCRVNrpdRaaykxm80VArrZrDXWq6GrZXNrp+sqUdxs0fezdGOaVsO668pithjGMVsKt9ZK37X0an3URU9oGtdSbG8f29rcWq3X0zRubMxR2PR9vx6GMdvW5qaV4zBRtFhs1Foyndn6UlfL1TAMtXbT5PTU912pvaSDvYODo8Ou70LUfpatyTp+/Jjss/fdt1wt57N5ywmV+XzeWi7mG7VUwzgOwzignMZp1vdDGy9cvLAx78snf/xHTNPQzzfsVrqyvTEfp+HCuQuLxVzSMA5MbW//ILPVKJNQYRqnrnRS9LOe1DgNm7NNwzhNQE5T1FJKZGat3azr+m7mbK2lSmSbHLG5MSd1/vyF1Xq9s7m12Ji3MQ+XR7WU+Xy+XK+Gdds+vjPf3CQ1TlPfl4iu2TvHd3Ial+t1qd00Dgm162rUyR6HdT+bp4E22V3Xdf1c4WnMaZrW62UttXadLEVEqX3XTWOLUvrZzJCtUSiq0Xe1lKlN69XKk9Ot7+dTa85EAAqt1tN8Y1GiGPd11vddrTXdqspkpqFl83IY5rONOutznFbr9ayWlm45zvrZ1FoJdX1tU9s/PKy1zOYz4a7vS9dF1OhKX/phHGnuF31mG9fr2XyeU0YRmdkshfA0DlMba62KKqQAMa7XpdSuq9PUQgjN+pnBdqhIDNMkqF0/jSMKFc27WqPU2hlKUZtSCmQDCDsihFubaq197WrpSo1aat/PpzaSyvQwjePQSgmEp4xSqDXH1lrratRutlqu9/YOSpTtnQ2jzDFKKUFrU6jYBhQ1hKTMNrWhRJfNFiTL1TpKkROULds0ZiYmsxlK19Vap9aw0s42GrBtSik1NGWSuV4PNWq/6LDTkNRaSt+FKbVT1TCOJUotXdSIIkUhsyu1tanWWlWmzDZ6WK9KLV3pVNKp1fIwotRu1tdO0KYpUhS62kdIpSvSMAyhKF1pbco2CZUa4zgqFCE7+66b7BJghnENdLMuVJBJqrpsHrN1XS1dkSQJNE0DmdlSQd/P7FyvR0Ot0Vp2XaldSWcgktJFqJRSVaIr1WrTkM6WNEVVIKLru5AkQtW2FGmDghymMXMKiFKkmKZxvVrN5l2AQDCfz9KO0iOlWw0oatNUu07IopZuvV4Zz2azEqWU2lrLliVqqbXUOjVHjeiKorSh1VmFmm3qZqUvfWuZLVtriL6brcdpHAbVaidkX/uptRJ0XQ+5GkaghCTa5Fpr1BjXU+26WjshpZtRYLc2DRFVtUzjNLUmGFeDRS1lPYwlou87Y+Oizspaqie3zPV6SaPWGiE3I3VdZHO2KXHa4zhFzc2NzQhFqc1ZFIoYp2zjcLhc1W5WVVJyunbF2RRVdkRIkpmmgQjs1tKZkob1GKjUaJl9PycIZSmxXg9dnUUBKUqM68HZau0dcvOUWWr0tYKiRhCTpyglbaCPSiBEGrnU0lJhRykKpVtLuq4TKLANKKK1dHOJ0lqTXUqZLeazfjZOY6J+vlFKCKmWYb2e7K7vQMvVcpzGvisR1UkpJU0bW61RVMaptUapQtHNKtI4jsv1UaldrSWndLboSxBCtk1iK0rabrbVWpumVkr03Qy71CJUIqSSNo2ope+6KFGEU2lXYpqmtENhCaQSEdFaSgilM0KtTW0aJeGcWutqFyIAM2UjhTChJFtT12GqwjVWR0dGtrNNkts0lVJAi76z1XIqpYTVsBSAnTmOishs/azrSp2cTnU1ItRaCxSlRh8hWsupTYm70qWtAKLv62q9jihR6tSmLjrV0obRgRStNdtRIrM5HQJIG6OqiK7ro+s6QlFqlDpNoxMpSg3cWptKROmqSkzjGLUWMa6HcRgll1oXtTYsqdY+p6YCREQAKEoprWWbWtRSSjeODbl2kdnGcSQz031XSymko6jv+paTpxYlcphUyzS2aRgnOyPns80ojNOU2SRUQgpbKY/rtadmmNpYa5GilCiFEiEnDrullGnJUWtXO0VMOSaM63XXddM0OpvJUpSWlMJResw0tnEc9vYO9o/2Z321NA7r2sV6PdgplYigFCetTaWWfjbLNKiUEpLTtu0MIrpuHIa+n0UURZEhFHbUrpZaeo3jQNDXbhjGbK5d14ZpPUx2lhp9P+8kVBSln3W1drXEOE1SzLu5IkyGIro4ONjvZv1iNh/b4DRyXzsgx6moDtMwm82cWSKMLcIxTm09rGqppe8IkZS+ixqrw6NhGmqtOY2tTbWUxWIxDWMU1WBqU+CDw8N0m816FIHG9ergYF9Q+yJFTmlnRJQiUdarIboihac2tmm5XJdaLcZxaVNKmXVd4nE92Jmmn3W1duA0DUnqu17m8HB/GsbF1lZmW69WJSiqYIjMPNrbb2SJOrWp77r5bJ72NLXMJoWyqcR8Pp+mtlofRen60k1tWB0eQkR0/ayXtVqvnK591/XdNLT5bBYl1kfjYnNea1WJEtGcbZrW69ViPq9dN41TlJjPutV63YYpai3SOK2dyLlaL1er9bgaDOMwWT527LgUfddFKavVUhXMenW06BezeS+T5DhN99x7z6WLu/32wo3Zxnxzsbm3fwlrNusPjw7X65XEcnlkaG3au3RJNWoURalRy8d+xAf3s8Wsr5YCT0NG1O2drXEYSqmr9YB97NjxxXyxGlaBSpQps5YyrteFqlCmS62LjUVIYxsjqoLFbDGMo3HteqCPerRerperjY2N9Wp5uH8kqdY4dmyndBXKMIyzRd91/TS2olJKnfUbfVcFJqJ0AdPYalSnu672dVa6Wkqptev6HtN1fdd1tdZMROlryfQ0TulWaoeVdq2VkOT1MICiEA6S9TRElCglW06rdQonrU1Royu9yaOjpUKllq5GUS0hmynHEkCMU6td9P2iTSO41qqg6/tQEY5SpBinMe2i2i9mEK1N0ziOrXVd33WzElWidJVMySLsnMYppFJKy2nKqXZdG1u2qVklotYuyUyHQiqICDJdVVKqXWnJ1LKrNRuZrZYSOFtbr4eQSt/3paTdRXGQNkQqS4mudjmN0zTZbdbPstmmFEmROYWq0JhtdXS4mM9ns9m8n6+HlaDWUruuRim1UEpEqHk9DVNLoSgqJWopLS2UmWl3EaTGNpUSiphahh2quEGq9LWUdMPUUhNqia7UKKWWiKhFUWvM+r7rZs6Uok2TIkwmSKqzvpaYWlutxmFcb8wWUYtQUUQpBqQagTW2JtmTSikRYTJEutQoqWwtS1dRjNNkWqhYyI4+xjFNupkoqE3jmKQkIhy4pSTssbVhHCxIF5WG0pp1dRjGKVMiJINallraODlbN+urYrJFhIoLpapESAHGBmVL205Kjdp10zSuViuFpvXYMiM0tRzXQ2sJtDaV2pfCNE7ZXEpEKbXWbj4Lu4SiRCGW67VN1/VWtrRCkapdVYQi5v2slJjGMYxkKVJq2UAhLZerKMhqtBql7/sgkEooSlWqZYsqotYS62GyM0wgFUVES9utKKBka82OEM5ayzC0No5J1tp1fS1imMZpHPr5fN51y9UaN9utjX0/N229XOOspZRSlqvVOLQISqmlkEC6MTYUuJQQ2EREZtKSiK6riFJKierMKLWb1XFsiL7rsMexRUTtCulSwyIUyITGoTnd166UMrVR0NXa0oUKbT2uEjuCbElKKrWWvi8SMAxTuoUUoXE9lL4O4zAN47yflVoJW4FUu7ApRK01gtamYT1kWpLlogBNYyJsCPWlEDA1GyIyW1gZZMtwlADkQkiWaukabZqmGqFSPGZE1FKEsaZpHMcxooRKa1NbT1FVS0QEztVqiCi19lHU9V3Usl6NUYpsQiWEhDWtB8t9v7AZ2hoTKgKUlBKin/W2W5tAtXbjNAWxsViIWI3D1Kau1KLS7CgAsoQJ29S+OF1LKaWmrVKGcVgvl1G7LkpiQ9SokqVSO0B2CsmhqBHpVkqptaxWazeXIimcalOLUooi3ZrdRS21mDAmQoRwFEUpUcJRqsPKKcmpTeM4n81sTznVMisl0u5rRwm1dKiUanIaR6erQiWQigqSWzpcS4FUFLc8Wq36bkY4m1vmNLZxPZaIblaBUmpAiq7MnC2slllqYGe6RrFynFoUlajgEtFsQfQlsG1Js37ecprGXK1XtdS+dpl2TqBpGsOlzmdd7aDkNEZQSkhRu1q7Xi2bndmUUmjKibQUViIyWy2lRLFdSiVo2dysFJKdpdRaS9rTOJWuFgXSNI0JtfYt27SeqJr1s66PUouzTW0ch5Gglq6Lmi3HNtboutKVWiJUaznYPRinYTGftczMjFqnqdk57/vZvG+NKEVSBNOU6Qy7zroSUUvpuhmKEkEyDVOUYhLc1bJYzIpq7WqJImu5WlchReZEetb36gpIxlgIEbWmchpG41Jq1/eSpnHqaoecaUGSotSuQ2ptEjHruvV6tZ7WXdeFlGY26/u+CzRNOTQr6LquZS4PDvu+K7Xvuo5wZlserij0tU5T60sBrYd1EKGSblFoputrUUmlUN/FMDWmtIik9DWKxvUkVERr2YVmi82+q/PFvNbeU7ZsCc5cLPrDg4N77rlrsbU5r4tsE6FQGYZ1c5auV1BLzUxPtlMYQkFms+3McRjX0+jWaqld7YioEQpQGcY1ZtbPpjYeHa4aJjWOgyCIKGrTELWeOHWyRkytBdrY2LJzahml1K4o6rzvoyvjMOaUXVdlHGBHLW2a+tkME1WZOY1jP6850s36UkrX1ZASdV1Xuy5EV7uj5fLgYG9W+1IjimopmZZLMiFq35da09mmad7Px/U6x6ag1tIyx6H1fW2pcRi7qFGj62ddV0vpCq6zGcFqeSRimrzR19liIyLcWsvcmG10fXfvvXfuXtq75sy11117ZmOxNQzD4eHh8RPHa+jSxb3ZYjFfzMOab2zM5j3pYRw3NjY354uxTeVjP+IDSy3jekWj6/rlap2eNhYby2E1rqfjx47N5v00NhWidCqlRnQ1ajdrU0ZH1/Wl1mFaj8O6RJ3P5n3XHRweHR4cZk5BdKWOw6BZ7Uo1ubGYr9ZDmn7R9bONWT+zvVotkbrSZ06gfjbr5/NUG6fp8HAZUt9XBZk5TGOa2eYic1qPY1fKNE3TMGKIkGiZIhQF1NXS9/Pa11LV1a45S8gNRGuOKDlOUokakkJSME0tYTaviiiKqCXdSNeuVtW0I8LQMqPIzVFCUYb14CQimrOg0vW1FCPkaTWM01gjIiLJWmubpuXqUKVIaq3NF3NJSZYIMtuUXVeLNLWMYBjWTne1ShUzTVPtK9bUsp/1QkmO0yQyikop4zBN2fraT9N0tD7qa4dkjzYqCJAiUC0lSk5OKLVgO11rQZTa5ZRN6mo1iiIJSSiTXK8bTpQlSo06m8/GNk7TWErXMinqazfZfdcZcmoORcGpKpVSSq1FSmjTBHS1pkERCjtba6UUJ5MHhWxlTuv1chimrqulKEIRpbVJqXGaKJQa2RinCbep2TlFFDmjdEUxtikoUcLNXVdKROlqa62FSwgFYhrHlqkSgSczm/XZMqex2a3Z2UK4CVNrCdkt+3nf9z1yttZ1Pc5pmlRKV0tElWRUawiytQgU0YYJMZv1Njhrjdp1gcFOsNs0hQIzTlMtVaV2sx4iWzNElFktbZomZ4kqnEkERDU43c9K7fpaYpia3TbnC0ooSt93drZs/azvai8Zp7GS9bCaxjEiwAKLYZg8KToZAxHVTkBRhEupTQ5FKd0wrqc2juPobLP5rLXJTuxQDNPQ1Vk/nwunGYYxTS2lNdst3SSVKAoN49iydbWkPLURBVY6c2rdrHNmG0cgokSJ0hVwc/a1FsU05TiOOWWUiCJQFd18ns3ZWonidOK+66PU5mzpEKVUIrDBpo1jm/W1L7OpTVO6BhGMbQzFfNHXUlWVaYmICGwp20RQakk7JHAbp2kYM6Lr5qLVvpewHSUiiiIiREjEMK6L3GBaT1sbGxuLzczEMZ/PS63DMIJrCYRaRil9rUaZll36GlGnHGWHQrZTpCcaVuY0jQ1UuypFGimSdGulVNXwNE2NWkpCiiBQEEFmmlpDpTptu0gRdH3v1trUiHBm6WrUKhAsV8sgaledbpnI/azvSzdlyjTbzbWU6MJERHVr2IQFIaJGS0tC1FJUYpomKUrXlRohakQmUbooam0a19N6vTYtIoqCtIOQbYWU2aJUbFEjsGwraogIlSiByGxjG6chIwTKIkHL7Es0PA2j5Qhjl1JrrWRbTy1K1BJSOIlSrCgRDgMhZbZhGBH9bJ5Oeyo1ioqKCIGc6TRgt1JqhNyylNLPN5xJ0HW9IkoE5MH+kcPzfuZ0yxallCAhx6S4drVEmdoYUWottkhHib7rFG6Zma5SUQlBV0oprU0RZRzXy+Vqc3MDYSlqaeMoCVui67r5fNaVatvZkPpSFVoeLBW1q2UYhqENOWbX96WU0hdnZrZpagSg2pUIoTJN60ymNtl0dVZrrNejlU6QSygzSy2KkJTZirpSSkvApVQJSFl2ElFERAzTGApM81QQeJimAlGqIgJNHktEV4ooOTWLTl2ptUq1q9TSxgyp9l2pJbAUKly6tDesVxubG1FKm7JIUxttRYTBGGkaR6dLKBSl1KAgxmFtSHI272vfhVSqbLKlapB0fTdOU3oqtUhkKqLU2hmKakQpAVJriXPK7IqCcERXYmoj1rzvopYpp6CUGsM4OB2SbZHDelitll3pLJdS5rNFKaWW2tXSdRVitVpO43o262vX5TBNbl3fjWMLSUFErVXjMIZie2srnethXYo2t7ZrKYrIluOw6mpv5bgaa9dFCSErL+7uSY5SgBJlNp9N2cIZpTpbqWUYB1REm6apOHd3d9N2TkdHy672W9sbtc5paRGlC8XGfFb72XK1iqT0sV6PrU39bD621lpbzBcp9bP5rJ91tZZaBEgNt6m1Nrl5vrFQIVt2XScpRD+fhWJqTajr+yili5qZmHFcNzy2VkoghtVYu1pqgagRFsZjI6dBUdvU0u5n3TBOWH3Xd7WolMwWxDRONi1NUGsB3LKUgBbRLTY3+n7WDPZyeZRuJUotfS1MLbNlibJcLQ8ODja2trquk0JShGaLWY1au9r1/WzWl1rms5nMapq6rqullFL7vgsxm8+xW7OKJB2tjjJzc3N7Np/Nu7KxsS3FOLbZbN7PutVqvR6Gra0tT9mcEfR9X2qdhrGf9dOYKZeP/+gPu+P22xRCms36UspyNQzDamO+2dUwyLEa10WxsZg7M4ojZpk5DIObS42c2upozByjKo2bUQ7jiDWb9VObDpdH07ptbMwWs/lqWDtza7GhiHE9EjR7XI+1Vpzr1dqZ6mtO0+pwWbpQktnmXe/mru/6rhunsS/daj3Qsuu7zByncWpTOoVk1dmsFmW2g4PDqNGV0qYRqCVWqyGz1dovFhs1OFyu7Nb1vUo3DZOlrus2FvO+66epCUqUaZxUQlGmnAK1dMtmp+SAiFpKkUAZUWqtiadxHNdDa2NmtjaVOuu6uhrWgs2NzZY5NkeJ+azvun4cBzcXympYj+t1qV0bx6m1rlbZKdkupS81cspSu1ojsRS1FCLbOLVxhKils52GnLK1aZz6ru9rL1S62tfeyTBNRaXOOogc1wlRIt0yLWkYBtu2s2VfQqUIu9GcOTU7q0I4aihUSi21TlMeHBxmOorsjIjEhMchp2EggiJNjlAplZaZCUihiEyGYZzWQ9fNJKeJ2s26CEXX1RoxjVNLB2SmFKgUBTBOY8ucspXaY9br9ThNoVL7iiIIk4AUEbJyHKYozBYL2xIWNCO1lk5nm6Y0cki11IjIbCgKmrDT2VKFKCXTDUfE1KZpypDTbs0RKooSNSXSKsXZxilrV2guJVprd99552w+29jYaC0zU6XD6cxxHGvXl6Cb9aV0wlFLZoSSIk85jEMtEVJrLVtmNkWUEunM1rpZcbZxGEo3i2BcT1GiUqIoIiSM29CkqLUXGRE0KAIIGfe1H8dpmoZwIEUhSuWytHHIgG2sdJtay2laD6uVQn3fl1JDRJRa+xKRNBp9N5OUoqt1nMZsE9Z6WgO1drXGME6SutJJRJRhGKYpZ7NZRCDXKCKMu66LWqdxNU0NR9eViEhrNYyr1UFz62bz+WJjGpKkLmaSJAkiopS6Xq/HaYpai6LvZ31fMp2ZgaIWOSTXKOrCZLgk2D46PCp9DcU0TbXU3d3daT3M5wsX5dhKqRA5TrZDIdWUVaKEBKo1osgutbPcSGcGxWolCgRdaEyJ+WKjZcucsqVwiXBmiTo6W5soYcAqNSzXWddFBQtCcoNQFA1tatNAqTJO+lnX97PVOHRRuq62lqUEVrbEjiICJ7VGLSUzc2qSVFTQlI4qT27ZRARMU0YtJUJCKjLTNFqxXq+ilFk/M5pa9l0tUdo4WhBAlK6UWqeW0zi0bCVKYmVkxDQOmUG2UmPW97VWRHOWWqoi2zS2jFKmNilCVo1yeHh0sH+wtdgstVOU1bAKUUtVLSFlJpYhAkVRlECZmdlqqa1lTomptZvNZ10tqaRJcumi1r6NUynhzHEy4dmsurEaBym60rW0bCHLkDbOlCRpailSEaVEG3PMFlLasu3MZJpay+xqtbNELVFDUpSKpmx913W1jsOI3TLX61WUWmo3tUFE39dQGKIqCAjsaWoRhCTRnEEgj2Nr4xilzGaz0hUVAdiZ2TKdLhFptXGyXaObWouIKCJU+24cxmkaWqZRAKHV0XJordYy67tMxpa1K13pohSl16t1tiy1pjFhRU4DETZ9Pyu1jFNTqI1tmqZSa0SAKdHa5MyIihQqiBIFeblcj9NYooBDwtFaWu5q39pIWqGuFgWr5VBCpetkSS1xX2qUAkpPqHSlZmZA6XrsbCmhKCKnbG1qxlNLpTc2FvP5IkpVIMCOKFG7cT22NknVbVqv133tIlAos03raZgmlXBLoJQuQaWUkEmljlZLKSJKSIqQ1JUSUYxrLYj1ejVOI6ilJWbdfGzpzK6EKFMbFcJuiewoBcBZS5U0jutQlFLX42Bn381mfTdN4zBMpWj/8BBJNaZxEkpYLZcE87435eDgcGpjhEowjeM0tWkYxvX64OgwCEstsVsttY1jmtmsjyiZzeFxmKIE6Vrr5tbWME3L9WpzY7MUDev1uB6iFJVS0P7yyFPr+v7sffdtbm31s9l6WM7ni2PHT5RapmmqtRszA9VZXQ/rtGuUcb0ioi9dm8bS9Qnr5VFED+nWEjtzGCfb876fWgYKRa0dimkc5CilhIoUxpL6rhISqERRcWLlerVGJUpxc9/3pDOboOXkZkmGWroQU6bQ1Iau7wHSzTlN0zhNhQjFlLZRaBzHo8NDZZRaWmtEEKXUklOiJGnT1PXdej3uH+4janSZLkWZid081dKpyHZIZdaBQhqGNQ2FDo8OD4+OEKFYHa3SU8tcD+sSkWgax6lN4CKfP3t+auP21uawWkGgXK3H2byPiN3d3SlzNpt1XTeNw9hGDKnD5ZFK7Uo1GaHy8R/xIQq2Flt93y2XR2k2FnM3R1eiqE1tmKZ5N6+zvkhIq9UwjSPYyNmidhmazbv5fB6UcRwU0Xd97bpAXa0mZ/18MZ8P4wRMdkjNPtg7WmwuJFrLftZ3tVuvhlLKbHNjVvux5Wq93OjnpavjahimoZ/PotQanVRkIS9m8xGHNZ/PQSUUKrUrCglN47gahlpDkJmZDQW4XyyCAK+nwaG+zmTkFqUQjMN4eHi4HtbTONYa/WweIYlxPVZJUZAh5rO5VNJMrUm0KVtmF7W1No3T1Kb5bJbOiDrrF13fIWfzbNajUNHGbN7GccospYgA11mfUxvHaXNz0cjVamVbKhG0aZpaqzUQIU2ZNUrtOilas6Hva6mRGDOb925BUT+bdV2xM2mBEJlu45RqkVZCLSJqKZlZRO1q2pmTFEgmV+PSzaV2JYSMaZPTrXZdRDdNk4BwUdRSiarMTJdaq6Kla+1qFCypWiBNU5NoSZoaGNss5vPaV0PXFZVoY5tyAKapKaKU6GuvUD/vGyadzmwtpIgoEenmzK6UbtaHVKRGy6Gp1ojoapUCpRzTNNn0taeEs7WpBURR4NJ3s34mYsrW2hhSqbU5w9RaiSgqraXJSEslp2a5lBincRynxXyuKBTGccCutWKTrUTJ9Hq9Emqt7Rzbqd1syiFq6VVakpmZjRDpWiMT4770yYhQggwuxNimlq1GQaoqfS3T1JwZJaZxSltyS7dpHKepRLVozV1XsrVMoqiWmumW2doYERASfdfVWcc4jZOj1ojIzHRGIkXYQETYjlL6KG2a1uvBznEYS0StgZSZaSuqigqVoghlZsuspUSNTNledDOEW07ZnAZ3XV+jpqfVMJaivvbNGYoIhtVaRX03K0E2miebZpCzZea0udiYzee1dFEUEW4WbWyJM6RhHEwGYGZdbySyTbZbNkeSzr7vUVktl6QVkuj6Dvvg8KCo1FqmYRSsVssSms8Xwmm3NtlWqGXWWkooQn3XG7U22c42tWakZpPILaUagailFMfYximbbWeCMt1aQ/SzmSLc3KYRg+1sCZke1iN2V2qSEAqQ2tRqCUIVWpsQ0fVMbq2NY1OJQKqlZWtTq11HQCqz2TgzPSmiRpGZsslgGWdOlodhTOd8NhMRClDmBFqvll1Xa63GSc66KkXLbNOkiK7rRLScyBa1Tq1VVLtZmyZJYFIqKIpwSK15HNYlStQiwoQwuJRwtlJqRFkNK8TW5k7LyUpJnlpKpGutRlNrSeu7fpoGj5OV2Uyi0NSaMyFLKZl2yxI15NbARETLFgqVCKilODW1th7WfdcJj9NYu85pRURICoXk0nJUlNliXkJTm3A6PYyjTDohJGXLiOi7Hnsap3QjRBgyMw0t27AakSDm81mNsh7WOY2z2dx4PQxRuiilNaPMqfWz3mmT49TUHCUwpZZhGCWXqBPpdJumCGUaokTpZ/1quYxQlCBbdKUoFKoROeU4DilHlFKIKOOYmW1jsYFoUxIqoUQYcC1FkopqqSJqX/pawiVKiVq6WlvLli2IzJwv5m0a3bKl+64LRTaDI0pfi/HoJAkhRS0hpBKINo4RqrUWRYS6WiNiGMYgulkXGMUwjM6czeY26YazltqyrVZLQKJhA1bg1Wrl1kopJWJYrtJebGyCE8uMmcWKGqSjRKajRhcxTRk1pDJNrZRicjab1Vrd0sjOcZponqZxai2KIqKUUgqlRGvNMDltO7NNrXRdjTCe97PahZOIgh1Sc05tCHWllLFN0zCWrkoYbAyKImRSRfN+lq2Nw0i4K9VklNJac2ZXOxuF5Ghu2RITxGxjrnROTSohohbbB4f7pdb5fLMURahErIYxp7H2fUvINk7TOI1F0dVuHIau62qptevG9bLUGqWO07BarUtEN5ut1quiqKWXnc39vBKl7/rad7ZzzCgxTlOgUvps2aapREyttWwKKVS6UqMi6my+Me9DNdBqtbTpa5nSSLZnfVdKYEcnt5YtIdJZIlrLYRya6bvOiKS1ZjcjIQJl2hmllohSaksnliSFRGZrUyuldF0pUUNyZkKm512feLVaLRaLzBSpkIqE66zvSllPU601SoQ0TtMwjMLDMHV9t7m5WWoIhaAUZ47juLnYqKUfxlVXummcxqn1XbderZerVXErfUUax9GN+XzW9V22ERiHKeRa+6PDA9KLzU1nRle3jh3v++7w6HAx35htzPb29o9Wq1nXK1gt14vFxsZiM936rvT9zCVwdn1ZLDbWq2G2mGXL8nEf/WHbmxsjms26Yd1KoZ8t0rlcHfX9vJ/1y6NV6WsXdf/oIFRK109tRNpcbKgojEItwZm2MxXKlkKlKCKm1mqp0ZU2Noq70tkGuq7WvmNCoVCksxaGsXW1y2zjOM37rtSuTU1SdN2s64ZpWC3XDqZpai1LVw/3D0IqtZvsaUrM1BqJUCkx6ztBtgxJpaaTlrPFYmrjMEzIfZ3N571JkIpyahKhMrWh7xdTy/VqrLVWRemKSokiW9PYBBE41Kaxr5U0QYnaoimRSilFkkJCCq1WqzrrFWW5XLZxBDKzqCAbSZrGgaAomrOWWkrJbJlZpKJuvqgQksYhVaKrYSg1Igjo+kVRmVrLlkbZsoRm85nsTKOIKJnNLUuUiC5EmlJKFIUiok6tldptbiwSD6t1rbWr3ThObfJ81kdEmybbKUKqUezRScOe3NU6tZY5NGe2rKUqSi2lSEliSjVgN0RX+gZhq0SNWkttztYm2Yk85XoYW2stBWSbUgj6WkTYieRMUGZ2fUG0bBEhAuykTVOJEl1BNE/ZyNaIEnIbW6k17bYeo3SYRnZRrFj0PaFhGLKNbkSptYQNcqH081lIUxtLhEopJbquAqV2BXVdLSXGaRK01oiYRRclopRSauJxXM9ms63tzcXG1jCuGszrLLM1CBSlyGS29TCqhm23Vms3m83X69U0TV3pmptoRjJtGlNCGoYBOygU1VJQ6Tqs8NQc6YaKu9pZIaVKRWDnOK3Wo8Khgun7zvaYKZCbg4hSa7Ft2wIJUoFQiTJO4zSuNhcbtasix/UoEQpR3DwOAzVq6TNbI/oaQ0s5RdSuK7U63bKFJAcR6Wa7SiZDKIqbo0YtHQpPHqdR6UYGUbsQrrUIuhKlq0plMtmy00YRzmlqwzAcHexHlL7vu76PCC5rbYpa+1rd1XEYu67IOUzjcrmUI2qHm6RZrbXrat/VOnPmbDbb3NnO9HoaainD2EpRLVWSiJyacZHcEqwIJ6m0XRTA2FqRuq4Xbi1xjjm5udSu1liv184stZvNZtM4AVEiokjqahe19LVGRBunNk0KhmFo2eTSpsFQo9YoiBIFFbkN2bpaJUIRRTTLWWed05gipSGzRCkRoRLKKT0NQ1erbeGIKIppWKtUSS2N0pmKYjKnsaslutKm7KJkc7YpIpxGlklyWg+172oUhbrSUxCldtVu3awoatoQKdKttSxRA7U0AbawXWxqKVEI1M/6OqsRcnNIUUuJUmpIwmS2bA3JLVdtKqWEiqrANUooSq2y2jSOrXV9V0o35lhCaWrtsjW3ySCVdJMdEaWWqTWIfjZrrdnuSpQSKgGgEGkbkaPdUEk3z/oKam1ya6WLKHUaRgKZrnTL9RKn0Di1IIS62ayUKEGpFYUzC3Wc1qv11Ne+6zq3zJxq1GGa7AAbulpL7clEysxQhDRNU2uj3aYxu1paOkLYmVkialcz03aNSmsqgRQhhXJoUxu70pUa62EQ3tjZ8JTjenQti34WBLRmKXC2iJp24lCxbCPHsF4frQ7HYaqlyKp97Utdrdctp67rS9TMFl2QECBPrRUrTem6xXzeWnNrIUlB0JcuisZpAgzjMK7Xw6zvcmqrYR3U1Wppu1a1YTw4PMxsRaVNYyml9FWmTS0kCRS1K7N+lpmhSKVUIJFaa2mXKIYESX3tur4PI6hFyMq0VbtqU6okQhERqrUgTKklCMkoAqRC5jgMLRtNpavdbCYzjlNERKkRkdawHuwkiFBOTTVsg7tZ7bpZRGktW2tC4GZPwzpbFkUp0SkadnPX9UWRTkQbk1oUllVK2d7aTOfh4aEdi/m8m81CUiH6eV8i5Xk/29raIah9JX20Osppmm1s9l3taje1drC3d/z4icVsfnR4GKiUGNZDNqOwArdhHBazeT+fTavVaj30s77OaxCzWefU0f5+qV2UDkcERjm1ft7XvqdA0teZ3dbD0EdXSkTtSulKlMWsPzw8As8Xs1KiK8XprtZG85RTm5BaZomY0iZKFyVCoUBTNmer0YXIbK219TB0pe9qXU9jLaWfzY1DEaV0XT08PBQggcZ1M5Mkok45ZpuQ7Mx0qaUUtWTW9QqN0xQRtZTFYiMUq6MjRUQpbg5FlCg1sMDOrF0nJ6i1rKUWFZUgiNDBwZFK9P0s29R1ne02jSlNwxgq/Wy+tbURUbJNiTc3N0vtxmEch1UQG9ubUaJlesoQMqvl6sy1p/taaer7EkUl+lqrQsv1aj0Mtc6iRGtjm9z3MxG2+77P1srHfNSHtGGanON6TFJEG4cy62gqwZRu4zSbzZ3N6TFzczFruE1TqBweHbVsbunW6qyvJTINjBOluqibWm5uLKZp2t/f7/q+73tkJekoXRFqbTpaHWHJjM4otYTGsdVSutlCkp39vO9qv1wti0JRRJbS1a6Ah9XQzRdSAvO+VzCOU1frODnbMOWUhiQxyoIO1+thver6vuu6ftY7GYdhnEYT0zQN61Xf9Rsb866bSZqmqeuqw8M4tGkEZ7rWoiBxTmO4lFJKlGamqWVOnapCbVpHKX3fL9erUrq+1jalJE/NzhJ1GJaS+vk8nTkluE0NLDFNYz+b930XxJRT7XqFaq3YKGqttZapTeO47rs+rdV6FK3UTkGUCCglatfJoBim0dm6vk6tOVGoRkx41nfgaZimaZDUcmptAskkKbA9TmOVMNM0DdNYaz/ve0mllq6bd7OuTVNas76PABVJQmObxjbN53MhTOJsaasomsnJXaldV9tkka3l4epIqJbOotaws01Zgq6b1VpLdLiNOCJwYhJjW5r3fZSazk6VWkqJErU5SymWJAUKRZIR4cmELDy20tfa1Vq7UkrakgxtzLRr39eui4qiCCuKMTK2kHEhnDlOY7O7roRKktlaplu2UjohMqMPp5tTuCiaPU5Jej2smByltz2M60xXaTbrVTrhvuuLYjmsjEOl5SSpBFJ4kjG2C7Pa42yZtStEKSG7daXU2jmz6/qu9ikiSBtSVjpzonYlQ5K7rouIKCo11stRuJ/1tiJKRMWepoyiopKtGReCTMkKFBEi02EkS5p1VaUsV0twV4qknLLrZrWQ09jStdZSCpnZMpS1lJZNNpDZkpaTsTBRi2xZUSKZxmlstnNKiKhd7ciWVpQyDKOwgxCllNay6yJKyWkS9BuLvp/Z7kqdWlKcKKQoxZmlMGVbHq0IuiillNrVaRymYQpVQhIYbGeWkELT2FqbGvR97fp5tjaOY6mRRsYKSkgiVGrU0hmmaSpRShWZihIiioxr7ebzWd91Sa5Xq4iYzfpmMlupNUoJCZXSlTRpz7paSzgdUqaFSi2ldMLNI+muK6o1SilRkrSYzfpa6pStZZaoSA7CRFHLtLOWCoxtFFEiSqeu9jQb21aRU1GLzJSjnUExSDmbdcM4rQ9XUQtpyIgytYlgPQzjeiy1k9V3HRHZ0kossALsRHZChMBZImqpilDYLQsYWpo2ReBQiWjprtYQU3NmU621dFOO09SE0s3GmTXULeZdlDZNtZZSqh0oo3Z2Op1QSijCtCCEhvU6wopQqYBpRWrQ1c4iVBRqUwvJZETJaWpN2LNZLxjWg816PditdF0XRVENWBa11BLRpilUal9LLTlO05DIwpKAGlKpSMMwhKKGYtY7PQ3DfDGLCGcSooREa2MpxZnprCVUJDNNExG11lJrKdGVaqMaITC1dKV2NsLTOJVS5JhoTkeE0pipNdBsNotSSBO1TdPUWiaLWWeF5FJrOltrWF3XZSZyRHFzkhIOhQSazxYORyqFyRIRkvGU2dVaSmkJBlBIoZCbs00DopRqEWGkcRzHwSWEMeq6CiGpqHZ9LV0372cRpYSas69dlDoOa0KYWd/VEm4pGTybzRSRznFcz+eLvu8zk1JCVSIUwzjWMHCw3EeE1DLHNgVhO5XZclitpTKtB0MDpbtu1rIpZAgVEbWElKkAVEvfdaVWRQiGaZimJtym1ki3Vkpx83pYEaUrtU3N0NUKIQmkKWtXu65O4zSs132/kBjWa6NOpZ/NhnE1DGu5i+IoUUqUKK1NY5uEkEsp3byPYGyj0uv1aliuovYSbcwIOds0jGOmHH3X1a62aer6zlM7PDra2twcpmEY1zsnTqQB97XUbk6O47iahnFzczOiOFMlatdN09SV2vULR0aUaWymhViuhihlNu9LnU3joGZnItXaCWbzmaN6GikBHtbTNI05tQaiyDnlJDFNLSKUzOYzp9PZhrF2RdLUWo1QqJZSS4kSpZZhatgbmxuhGKfBzbUvETWTUlAythHT1Q5n1/d9LVELLiFl5rheZ3o+nyEyU8Rs1k/TNE0TUkRVCVltHJOczzfltlquluvlYj7vun5YDYn7WR/S1HBOEZov5km6EUXT1A4PD52tn/e1dp7Scq29W4tau67KrNervUuXjlarAm3KUkspZWqt62rf9efOnZ3Wo8Pr5XI2m88X89V6bNNUFFHqNE5R6nw+H5fLcRjns7lC47her9YRITEO43y+0NSas3z0h36AaozDcHh4GIrNrc31OB0eHMxmNZOIEiGpTG5dXy0wl3Z3S6ld7Y6OjrpZgcjMxWwGjONUaw9TNlx8eLAsEVG7WkqNYnlcrY1KicxcLZctXVRKN+trtx5WxYooyKXWzDauh9ayn3VjG/b293e2d/q+n1pTMmWT1c9ntYSijFMrUWrXhV1rKQVHZLZOXTfvxjaOq6HOZhvzudO1q23KzDxaLYdxqKXvZrVGTJmlRCIn4FJqCTy1li1KlOhaNqS+66uiluKCs0mkcxjGkLqut7O5hWpXyzBOtUZEWO5KabiW0tVuNQzFdH1POJ1A15WIQOq6GpJMy+xKP5vNxmk8XB5BdrWPEg4P63U2l9oJVsujNqZDIWo/B3DaDNMQqtCGYQxFRCmhUmtEtHFC2exhnIQQwzSUJIqiFmdO4zBNY2Z2s5rpKadQJRQlpmlSenQbhjGTbl5LLdM0NWdfutJ3bq1E1/cVsVqtMSWUjWEa54s5ypYZtQ7TCHIQ1qzrVYRku5aaNmQtpZ/PMjJt0kjNREQtQZRShaNlK1Fauo0tpPUwKQSapgk7otYaymzN/axmmjaVWiDGqUVQQgpa5jSNXd9FhIjM1qapTalA6qZxWq+XOWbLqYFBXSUdgSBb60tMiZxOun5W+x5yTOc0oSiiRGfn1KZMO5UBON3alHaq69IWLqU4SbegGDJbRAlBykbRcEFTV/vZYt6mqUSU0gmmbG1siXEOY4uizCapTU0UIVCNEn0pKpA1Sq09ZE5NKtil72xN4wpCssCilAgpKCWwldkMbWqRhLSe1m455QjRTOIIau1VipujENLUEgrphkWM45itlX7W7GG9Kl01eJpCJVQcrqUAgmEY0xmldrWESlHYlK4q2zQ5AqFml1KgtJymsZViEUVlpJVabJcIS+mstQp5SsKevB7HKNHPulpKNkx2tZaux0mJrq/OtJlyKkRUgVqz3ULFdlHpSqzHQSkh5xQlaOkgiFBECWcWJEUt1c5hbOOwxkQtpZRQBJpow3Jlu5t1uExtsq0IYGpTa62E2jROw7Qex2GYyHQpXV9r1FJqKZHNpBxASLIdEShybECzp8m1hsR6tR5XQ+lr7fpsI6JEVQjCmEIttRkDitaajJUlovTFjVILIGGD3dycWfoOHEW19pIQbZpC0dWu1Gpam1omKQUBTSpOr4apL6XOOjKHcXTaRF/lVNqlhqQoBalEEbLcyMiQNNGE+lkv06aUVKJGxNimEqXU2pVqu7WspQqczc4EcMsWRV2pttswdF2XWOkESUHUKIYpW6RCYUlSSBFShC1jU5AVtGnMTCTbkksJFFElRYmghE1mm8i+7wSttXFqEeFwVSm1KIqd02TCguY2TW2chqI6m/eln9Uoq2EkyJYlSolAKoo2jethCIVUWmY6yRThcLYstc76WU6epilCtsCtTdPUjGs3S4FTyHajARK2mtPYNiSTo4ACnC2jFgFCSdSSjWkaXVShlK7UMkxTF+rmiwKlq0Ux5NSmsUStXW1uhVJLRFEaGZNIU0vjTJNZao3aTeOUOdXoosQ0TMk0ny0UqiW62oUwqCjsEqWUaK21pOt6Midn13UlSgTjMGZz6fui0mwysadpqv281liu1y2pIkLj1BRRu9LcpjGPDg5n89lsNseZLSNUSldKRTmb9/1s1qArxURrk6Hv+mkYc2qSotKcoGlqNot+rlpaayaVHqbsulpKSARRuxpdQRK1q2pTQ3SlYLXMECZdFIrMRrjr5rN5D4ytZTbj2nU2RwcHXVdQUVGUCozTWGuVGadp1vetjdNoe8rMcZrGad3NenC6RRTbU45FZbGYRcR6vY6QHA6ICFiP48ZiUUqsl6t+NiNzWK+HYW28Md+wCs6Gu1qwjg6XmU2h9TCVGrN+NuvnU2Nq06yflxpO1sO6pZqz64pKCRVnG9ooSMmZQovFIqKO0+jmjBSEihT9rC+lNFsgkVatXVhIEcWYYJzG1tq8n0ftTOJIZWZbLZdd7clUyPa6jcv1erGY19rZprllAm7Z9bWUUKnrcZRLV2vUqhJOu00QROAcVsNqdTTmNJ8vamiYmko4FTUiWU9j5uTM1tzP+nFYt9RiNpsmm1yvVuM0zucLBBARGcL0s/kwrdqUXd9l5no1dl1dLBYRMY6jimpXVQNHjtPh/sFiczFfLDJVIo3a1Pb2LqhE6co4TtM0RSlj89bGYmN7exwPLl3aP3bseASHR0ubxbw7WK2Wy2X5qA97/2kY5xuL7c3NxeaijWNz29jYHMcx05K62jW3UGQ2N6LGOE5913d97fvOaJimRTc7ONy/tLcbpe7s7LjlcljLWbuuq2Vcr+ezhcXh3r7RfD4PgCg1ur6bz+c4TdtYbESJrpaWMmz0C6qcjRKyS9QSpNymZjxlE57N5mMzeDbrxzYVRelqZrZ0m8aIIpIIib52RVFKjSjZJovMsStd5hRRi2RaKXWxMae5tXEap25W0yKZ9V0tfam0Zqdba6ujlYoybTttt2ljMa+dxnFNlBJVEqFaa0vLIKUzI2sJIrK1jFJqcUbf1RIlx2nIXCzm4Viv11GLSlmvV7WUEC3bvJ8rNI3jahgqqJRxHFs2O7suaqmz2WyaxqmNpZRpHNs4FUUb22zWVWqSVWGUOaWbiGG5jBKzfh5FtdRa6zC2Yb3MllFqKXU+m7c2YTY3t5qnSJVSFYoSYbVsJQClCYVbUyngiDqrs8xmY0AuXc1swzhi1wiV0tVaJAkpimI9Dm2aCAlF1FKilq7B1Eaau1IhppbOqZZCkaAvdRhHRUSUbC4lagnk1lqJ6OdziXE92ERRrREESKWk3ZWazmEYIgp4mKZZ39daW5umYcROqCUwYxvHcSgRpUQp/azvuq7DRiqK9XoCU2oEkiBKiRDNGRaQaTdHLQZbEdF3XdfVbM32vO9qLaKMwxAy1npa0iACZwnZE850WjhFaBoa0vLwyLCxsTFNwzi1EqXvOxHjMJXaSWEQKrVIxpnG6aIw2cYpk4gIBRGJVSWKcyrRRQgJKIVpapj5xsY0jUfLFbJCbRxxKFRLXQ2r1qZa+zZlSLP5ZqlRhfrOjWEcJUtKy80lSgRCXakIEA7jKKV5kkot1VZXwhEGAbiW3pCtSSpFq3HVxla6jiSVbu760qacxvWsX4RkUUNtmKapbSwWgFKUMrVJtqI06EppbWRy1xehaWyGUkspMevn4zitlqvZos+mriu11mEcKREq6Ta2sasdeBzGbj5rOY3j1M1qax7GqbXBJM2r1bJ0pXZdjmNOE8KtRddFki3VRWtjjs5sUTtJ6dbVLkpXujKNU2s562Zja6Ho+llERKjv512URE4r1Frbv3Rp1tXadbhlZqYjMA6FIkotIcahKW25llIiQliq0VFFUqqcblNrzZgQEZIiFHKTIoK0CyIdgdVqVBKilkLfzdJk2tmCqLVGiTrvo5Q2uZaqUoqiZZZaA7U2zvrqli0nOUJgkEBRCkBaisARYdGcbWxCCtl2NimAYVi3bKGIEm4JKqWESKfTBJjMREzNghI1IoCQEM2UiKillAiFRMuspTTaNLTSlShSiUA2NeRGoBRV1K4IWiaOUoqgdF2ttSrShEhJilCAi4qnNramcBsnO4tKaxMQUWqUZtdS0pSIEmEixDgObZhaZlGUiAhkcmpuLUopXa21Qwzj2NXS9X1IpSvr/aP1sLSbcbaczXqJtAA3T8NapaQbLTObRGZKysnDsA4pItowRimzfl7nFYoz+66vpbRppJSwLDIzaX3fO90ygTa1WgIxtWbUpnQ2oNnzvo9SMyeVipyZgaIUIYEnByAJKULO5XoFrrXDlkrXdYSkaNlam4xL19sexikiWnq5XDpbqWXKtN13dRjH/b2j5tbVvkZpboGiVhQ4x/V6yIyofe2kKKESkVPr+1kt1bifzRQaxxHTzTrSyKXUxKDEbZoiJEXImaaoKiJiyoaRFSXGNomotQqTWUqVIkIlNE2tZbPoSinSNE1WYiG3dHN2fcW2hWjTFIqW2UZXhRRWzvqZgmxNKEqZzXsnpYQnL5dHq+WyRO1rOVotIbBX62FzY6MrnWBj1nXzmcw0TrPaR41xGBWhUIBxSKWrUaOvs5AgkVarpe2I2pzjOM435v28iopUui4ikLqoDaZhBaGA8OZiJ2q3HtaLvtYSUhkn931pjqLc2NiwNQ5ru0WUTCwFZX9/L52CCIGjRAiVErjve2Uejev14VEtpXTVSWZzZImulphykkOmRlVRQIlobVgeLru+r7N+3nel67KlrFpKHwWVbA2p9p1wG6ZGkkasDle167oa63EolGytpbvSTW4R3lxsIQ3jWGstUdbrcT7vWnOmu1ozm5Oun00tSy2162wUynQpmvXzpHVR5ovFYr5Ru+oWwLBe0tz1XdeV1lpXSnOTsqjijFpK1KkNVRV7GIbNrfnOzgmlEw4Ojlar5XpYXbx46cSJU/P5bLVct3HMbGSW8NDW5+49f/fdd58+dbqvXWuZmSplYz6bhql89Ed8cN+VqeX58+cUZbHYODpapr21udl3XRsbKi1zGqduNrOYz/oIHR0dQnSz+fJoOazXWztbitrXLkqZ2thIybV0EZHONk7ZWle7ft53Xd/13bAcuvlM4MyU2jRFUS192l3tW07OHKeplM7pcZiiEBEQ6TYO42I2r0WZ2LQ2AYWadrbW1QJMbRIZqipFRpKklrYzIiTJGrMtl8t538/62dSmliqlQLRpcpHsojIOg3BXiyKwsmXXd+qqZMgqlVKmbLQmFBHGJeqUOYxTZitRo6pEDMPUz/qcchqniBIqEeqipqc2jlh1VmUTam1MhyAkuzU3FF2NKGUap2xtY7FZ+35qE6jr+lrrNLqWMk5TUZHIqS2PjtrUSg0TXdelc5omSREM0xTUvptZKWk26wOEHCFTutL3Xek67CmbUK0V0aZxmJoicB4cHYDmi43ZbNamNgyTIEJSIVOhqQ3DOPVdLRG2ZYSIaMPYpAhCxTZBUUGRzmlqRTVE0kgrikQ2Ajc341KjBKXMsk1CKca2Ji0V0xBSRC0GKcA0l1JVSmsW0TA4JDe31pLsakcom/oaUQqObM2kSo0opVTDMKyixLzro3bRqbUUwtnGKUUEJQrYpoZKKbWWcRrHKauCEtM4pKgKKRSKCCtCQpqVzqG0ySlK9KVDDiuiRCkUSQ0qpu+qIqZ0laKWWrphGgW166aWglKKJEqJEqUriNr1JMOwmrIVldp1pa9TGwW2W2apNSLSbp5olCI7bQR9rSUqLZ3NqWyNENm6rpt1s5S6UnCWCMlFtdZ+Pt9IkW1cHa1aUmoxRFBKNw5jV6L2M5RTNoQoUZQmxLhaERGhvu8jQqoqJVuzs02OiKJIJtvj1Lra1ShRS1/L5LQdaBwGVBaLuYLM5swIprGNw9j1XbZMYSO3tKVSIrqu2jE5lVaJvqsyraVsScNqLeV8cyNUV6t1muV6WVy7eZWiqEaEYRyG2lWwohQpMW4ktXaUqFFrlGFYJXRdLVH72vXzfnW0XC7Xs67PtLLN5vOu1mG9ytakQDahKJgMFUVXS5Ti1lS6UsJQJIsmgL4rs435sB4d6voZzvWwDkrp+pBzalJIRtTaR1FmW6+GccpSSym0bEUlMwlAKqjUrhSVEqIrXRTRLFsRhLquBEoTMh5LFGe2aVK2KZ04krQCJQ6kULYGLrLQ1KZSu67U5TTWqKGiUKmllpCiTWm71ADZiW1FVSgCY3uaWoRqlNaak9rVUopgzJbZ5n1vtF4PQxvm3UwKglk/t1NyVzuhKZszFbVI1GDMIZunlrJES9sogC5KCI1jQwmRas0TrSEUka2ZEjVqRJOLQiotTU7T2GzLOY2tq13putW47mrf9122KVtTaGqtZTNh2y1RFKQQaSBKByCcbXJGSIp01lptp6dQNbZdS9Q6m6YxnSJUNZ9vZLqNE1AibJwtai1Rml0kWRa1FISTKFG66Lu+q7UrXe07jJ2CqU1SdLULKW2McQQWQSkR6SwRXdSmLIqoIQtJmYiI6PqZQZDNdioARekiaGO21lQVpaZzaqNES5faLebzKGpTGrVsbWpCU5vG9Rg1Sq0SBZVahNJjV2rpSo3S9V1XunGajI/vHO+74tamzFSSDmQpnQGlRIixDbV0KoE8DlNr0zROpda+9BGWaFMKVDUMQ4nSlToM62mcau0gStRSA9ki3ZwUhWrB2CkopSZuRvY4JelaS9QYm4VLiclkm5Aiouu6ls2Zs362mga3FrW2cQIZNxIDAoVQRFFREURmK7VKql2d2tR1s/nGHKmvdbFYyBijMi6X65zGyYGGYcppKr3G1Xo1LEvXlSi1dF3fteZxdDhBSC3TzdPYSpQIubVS6zhNhehmc9vjMJKqpewdLUM5m88xkKp1MZuvh9Xq8GC22Ci1T2c6S9+raZzGydnGwSRRnIlzc2PDHvcODk5sH69dXQ3rApkZKrV0FB0t1+PUaimzzfkwTJJqlK7vna2l7VyvVrPZIqfErKZhuV7lNJa+77qqEl3pSu2mccyWUaK1NrVcrVfYta9OTCtd15dKaBiGWkotlVBXuxJFUtSC23K5KoRKSediNpst+rFNwzDM+r5Iw7ie9T0lhEqpi40Z4XC0TMA4ipByamPLiDBqU7Oz62o2jg4OwKWU9TCWEqGIKEWRYQGZaXddX2uUUgg5E8U0rFer9azvFouN2svWrJ8b177b3NwmQqUcHRw+4/bbT58+0fUzW1Fr31dQtqxdKR//kR9Sui5COFqb0igzjcQwTaDa1TY1K/oatXSYbjabsvVdX6NK6rsimPU1aj8Nw2q5osV8PpvNZuthXK/Xtevn87mkljkOQ1GUWkqJcRzGaepqycxQWa+X6+U6aWkhj8MYJaJovV5DzGY95DQ1odIVW4TsBBfKelq3cehnNZ2HB4d97fvZfLVaWZRQM4DdANA0TupiXA7L1brv57VGRBfQWtaullrTCcLRpilKqV3NyalWale6kkPL1izXvkeSMTash7FN2fU1Qn03s5PM1lqpYZM5lVK72iuSUKWOHsE2tlq2aZr6eZ9JTmN0ZT7rsDKntMfVMGWz3XBX+za2UJnN+1rKlE3OWmqpMaxXdlgAGxuL2tWGCzFNzW3K5jFTlK4LcEg1VPt+tVqu16scm7roSh/y0bByyxpRS6l9NaBSI6IGVk4tsSIKMkRRgJNS1UyUkOTA2FOb0rXUru+iFJVSipzp0DCsIzS1aVwNi43FrO/SE1EEipJuTpuGQhEySrW0gXRmVqk1bJOM41hK6aJEDVkRpkFYoWkccmpRok2NAHCmSikSUcAhRdRpGmuJUrsoUaIrQeIiS6XUmk4V7JimMSIyQS61RCltygiFY2pT2vPF3MmYY4noS6euFgUBIaXB2JJKqQoP0xiSi0p0LVsbHbXWSq3duDoa1q3vat91Y2vjNM5rV/paSqegi6ISwzh2pfSzPoWIIiHGcQqpqFhZFF3XdX0fUrY2jS1NM33XRdBsu9mBnC2R0q1Nk6JkptWarVC2MboOVIjalWFYe2oSmXaQdu2rwsp0iVq6UgpISBE5Tbaj77vajeM4rNcBRIzTatbPutpbms+7rvYtp8xsU1uuDvtaiahhRbSpZXPtu4iMiCjFkyeyFIWiGaDWIgKp2AdHR4bZbFZnRSpJtrRUutop1NXATNMkRe1iHKecmkKWnG45ZVqh6Mo0urlNrWUba+lqX2rUnCZ1pdQyrNYt3fW11q5GmcYsUj9fbGwsIsJ27Qo4pFL6WmIYx8yW6WzNZNcHlu3oynq9Xh0tZ/0suq5GR1CiRi2RaecwTBFyZikl2zi1phKlhMQ4jlEjokzThOn7kjao1JDtVGtpU7tq06amIkKeGqjvCsiTLYO6rg+UzW2aEo/TZBs8jRMiIjLTzjZMKSScHlbT5EmAQrVGhFCptVS1NJkWEZHk1LLvu3FqwzhFSOFsDkVz4pQClam1cViFqbO+1BCaMslGyDidTkzDUkSpRRGlq8M4ZGaJ2vedQhhMX2rUul6t7cyWYGpYASnUsqUbcqhktnRGKSVCUmutr33UEhgJMKlEEW1qNhAY48wMMqKadIazjcMwtjHUWdmVMkxTKkMimydqH2qM4xS1hDAq0XW1ZEgSaYeDopAE2E6HSlFOdiCFs+G0mxRdrVObJMlqbVgP66BESGI276ZpbHbtSnPK2WyZCM36vnRh3PU1Sje1qe/n4BzpZ31rrdmiTG2wKKVkNlCmTRpUJaRas2Wmo0ZrTVC7vkZJMptIJNfSRS2h4mxTyzaNKlFLh8iWduaUCmdrUkSJUoowRAnJFqEQ9ji1cRojSldr1Oi6LghEthzGKWpYSSLJ6ZZNEUUlamxuLCya05ktmxNZdsuWs9liNp8pMZFOSW45takrnYCirlRnSymiZpsIKcKNkBLG9VBKdLVONJsaVSFPOY6T2+Qi27L6rlfpIputbFMpxaRE2plZQn3X11IODo4ycz6bp7Irte9m2XKcGs5SiqTS1dp1BH3XldqtlkeLxaI1t2wtJ0dIEUhgZ9SK1HdFUWipUgKGaSwKPE05bszmlmspgjrrZnU2CU/Z911X583ZpglwGMXUhtZGSSHN5rPadW2YEs/6fmrTehy6WRcGq5SIvrY2lSj9fEY6SsHUrsuxNSMmpDZl1/eZTrLrao2CjTXv+3Fqxt1s1poXs36+WJTSDW2Ymts0RYkITS0lR6ltmob16Gyl1IkmoShCrWWUGqIrTPb6aOmcNrY2wgaVUsk2pYf1GtH33TBN0zBEqTlNCLuFsWSoilJL1/VEsXMY105ms3lEjFOzCQW2QlHrNLQ2NYOkUmM9TrUvXT8bh5VEZq4Px1I7Y5xRumkc2+QoIWjZMOlU1GkYTOv6rtYuhBstW9f1i83FarWq/WzR90fL5fJoFbKJYVyPw3i0PLRzNltsbW1ubW+X6KYpx2GdMJstRLQ21q4vMGVubsyvu/6mGp1zki2ZArhEKR/3kR8qqShqLbV2EXRdr6JuNmvD0GA+62tXi2K1WkMcHe0P6zEiEOs2ZZu6rp+mabVel4j5fBFyU/ZdN6WH1frYsWMgQwmGYdzf24tSun42jMsaBeNEaJyGljnfmGczIiK6voPMbJltY9Eriqc0ilDaw3pAKKpCNiXU194laikKJCWtNc9nfalFpqthKyKilGwtpK7rtrY2SimZWWtvZyO7iDZNU8uu1oiIolIjp9amSQqnh/WQjLVUkja1YRwRpZbW2vJolaF57Uqtwtlcaq21pGS7Tc2NOqtunsYhSoSF1JotD+OQ2YKCLKK1aZwmTy2iYFnInm9uhbl0uBfFpatuHqbWpimdFv1sjq1g1vUgoSiqpQiphkrULkqU0pcgppYos7UpCVRLTdttSns9DkVVMlFcIlRKlUzD03qU6GazWspqtRyzVQUKSVPmMIy1REQtXSU1rNaKks4oXUS4NSnm8zkq4RzHFqHWPKzWgVSq0DAOpXZOu7WW7rsZbjm10lUDNIGNStTaSQjVWh1ZVJqdw0QomxGWbDKzdp1snBFlymbTd10XVWEnCDsRrbV0Q4Eys9lAzOZ9V2u2lg3jGqV2NceJiFnfLw8P1+tVraWbdzlRao1QmxomscHZnC1QOp2upUYpEdW4TSlUay1EmmkcVSOEHdM4jNM0jmPtZyqahmmchlIKSUa2NuFQuLUMZMhMLIpaAxm5ZSqpsx5oOY3D1ForERFyupaY2uSWpXZCU8uWWSKQ2oSVYBIputoJSJdQ2uM4LFfLrnYKrYZVG7MoS9Rhyq52EZ1xa+BEcmsNEkmoRBvGbK3r+mbv7x1NbVrM5wRyJJ6mJkcqDw8OopSu1lI6BS1dSsjRaNmyZQbUrislhISDkEjIHGlTnfVpMFGqAEOzcJFay7RV1MZsbRzHwXYtnRHOWkpEKbVGV0PCyCoRXdfVrsjF8tiyQE6tkRuLjVLqMI5ubfKoiK6r49TSHtfDMKz7rm+ZkiSMa52RragutjcS3AhAipBCpeuj6yQ1o0xJUbReT+ujIylqV0uJ1bhuYxNks4I2NDud4UjbtmhZSi19N0yTs/XzPookWqaVtdRQ9LXv+q5lk1SiWESUErJzmhpkKEpEKdEyh3EdUdNtuVwRdsuIiCiEogYuqp2cUlEUo8TNKbmZaRpo6mpJm1qcqZCKxtHzrkYpwzBKblOrtStBBI6SrQEICSKEWmshKeSWtasKJEotEBISEopSi7KBiK6GNI5DS9vu5/OcpjZNpGspXd87PY5TyEiIUDizZaZdawGniFoisTEZESpRSpVAsrO1NiWBMREOlTRCqioqyBG173opWhqlx6YiqSAUpZRSShAqEYpaStioqJTi1oiACAhKrYXM5ol0qWW9HsH9fOa0SoiYWuu6rkZBxpGZ2bKUoggbRalRFBKiBNCaU5IlKLWMwzhO6yidFMiZqVKqYpwSKIpSSylhLBehbJl2rbWUcGamc8rVuLZNKCGdgJGFTKkRipYtSpWUWKZEGdtUuz5KZEuHQzVCXVTVGMb11AhI52w+7/s6tmlWaxRl8zhOgEkspFnfZYBp6a7rcspmhxiGdUJfZlGKbOfUEpQRxcTYhmkaZbquS7mNWUsQqkRLg0oIOU0EVSWzrYcJm3CnAiFH19WEYT1GUEqhRlVJEYISgdbjaGffd2lq1NqV9TC0sfWzuRRTa04rMlQwNGehjY2g7zpbThsCyRnqybEkKhGh9XqVLSNCqJaS2RwBslOlZGttak4T1W3qZ31EN03TbDGfdX2aKKGg2fPad/OKShuHtEjP5/16mHDWMptymnX9YmNDimzpcCgURZBWG4aDw6Ot7c1a63q9LiVqRJvShVpqtman07i1xnpKO2d931obp7EoogQR09SQpCilHB0ekVM333Cbxhyy0UedzecUUsKutVO2dNaum28sZrNZtnEcptr12ZJw13er5arra1e60tf5rO/rPO3l0VIlxmnqayVo2YRK6bq+KyX6fpaZrbW+74+OlkeHR1ubG5NtskZRlSa6vk+19XI5rtcJpZbSV4xtANR3XVdLswFZ42qVVil1GieK+hLZso3Zd5FWrdFFJ6nZEQEGtTZ2XV9rRIkodRrH1bDKNkWynsZSSmabximKaldzysXGou/nbRxLN6tRpnFdazlcHYHPnL4msxlWq6PVesC5GtbjsN7ZOd5FJBnE6Mwpu9phoSgf+1EfirPUaNnGcZzP5l2t0ziNw1hK3/WFFtM4EdHGIVvb2txZDcsS2lzMszXLNWK5Oipd6ftZKTGM46xbEGrTCJJivVpO0xpFv5hP0ziN08bmfJqy1lprN02jgv3Dg2It5gtFcUspQhwdHa2Gddd1Xde7ZbNKuE0toitdBOFsmQ2phhLaME7N837WMEkJgS1Nwxi1A0W4RNRSou+G9VrNs8VmV+o0TrV2guV6UIkakjQOkwLhcZimbBS7uWWb973g6OioZfa1IEpEtuz7ftHPFULl8HA5tXHez1SlFNm62qVb6UpX62oa3SYsnCKcWUr0fY8sVLtqy+nWkhL9bGZSoTaMQ7a+zGqtRpi+dmqNGnLY2dU6TOlGV0NRhmnKyVHUWutqVS2RTJlBZLZSisQ0ThFR+hKUZmcaezafd1GaCWMQjNMkiwihEur7mdE0jbXrp2lC7voOKaIoGIcpkEXKXd93RVPm0AbQYtZPLY2xoyibSxe1ltp1GGeWqCZL7UuNrtTJLe0S1XLX9VKJEhKknVaEipyGRFJEV7rMjFpkRJZSSpRxGhQRpbplSFLYbrKTJDFBpHMam8jJJhW1lBJKr4dWoyQpRVSRnpr7rk5tWq/WRrWrfSlRapRYrdfr9apIXddJysxpbEEYR9epqKCpTdM4RRQhRQimcej7WmudpqmGxpYRsbGxqIWCWuawXiuKnaEwKqG0iRIKB6TBCWTD2JKIIKeWLUEJOGutoWKlIkrpVNSVWmqxjV2jlBJRJDtthZAioiBDRLFMutbaddWhYkIl+jLr5lLUvqtFJkISSNhWlK5ES9waoa4rBUH0XSVUuxqK1prtftbVrpZQRCklSJM20XWlSJCSonYFXKMrlWSYWler5WkaZa2Xq/Wwns1mXe2syDYmKoqqyDDSOI3TOJaopShRLSXtiFJrqbUYRY2u1JymFCVq7dSXrpFYJZwtyay1NruUSJzjmKQLQkVlal4fLRXRWmZrpcY4jgplKFsTdom+mxXcpiZ5mCacfd9F6Uxzy9liNhwdrVaracouous6K0xKWGpTdrO+RGmtRa2lqOs6FYpJqxSoMQ5Da1kk41LD6WkYW6aQUGtTKXXKab0autqrxDRNJcrUEtR1VVGk6LseMbUxM0spzszMWkq3WFRVy26pWqIEU5p00NUgW4S6UpqdrY1DU6fa19p1nqaIUrpSCJylUyYStZZQTJmSooRCmTmsp5Ckgg0pUWrFSHR9R1IUFm2a0hg7MyIyZdvyNA6t0XW1KGotUauRsq2noatdLcUROY2oqJSg1kJLR4QkJ+mJVC1FoXG9bs0hIlRKNTmOQ5RSo5YStXYllCq1r+HoZ12JSKuUiJCktGsJlRAoCuHadbaBrlRCTntqCjUopZCasoVCIWcLlVqEopauFErpal89WVGLZMicapRu1ilko1JbTkalRI3aRV0PYykxZVORLEnZskBrU+1qFxVRovR9FUQpQI2KYsqh1i5K5JRAElw2eaqhru/aZEfYWMxqFyWilKoaQrawFM3p5q7vBNM0WISKTPNkKwQ4nTmmM9WFFMVMqSJHLbUWxDhOmMw2Tc42roZ1lWaLRZumsGpfSbXmWkoQjSbcLJta6zgOCmFUSumqSpUxttOmq52RgoiSmWCVgm1SUTObFEQIWXSl9rUrtWuZmS1C0dVxnEx2tZZa5Si1KpStYWitTROo9F22nKapKBwqUWopZE7j2HWlK3NVCdo42UREV7ugTNMalSDH1qaWeMrMqHVyI0LSrO/6vsOBXEpnt3EcwlmiRsQ0jYaulqPVEQ2VUCagCBwiSbKNq9VSUUpETk1F/awbxpzGaTGbR1UhJOWUaaWnrhaitDbWrutndVgPICFgHIbWJgOldKW0aRymicmUqLX2fRcuY5um1nBGiVpiXI+AJJmi6GYzT2nc0tlaqX0myOM4VJWQIqKv/XIYmFo3m4/rVTZHYWpZ+yJFSBGlhHFZro9mXa3dbBjX2FNrpRYya+2EWptE1K5M2dxwyb6bla6QzuYoZbHYGqfRYxPFirFNzTmN09RaP5uXiPlioy9VhIQFLS/tXwpU+9ms64bVUZaYd4vwlOkSdH2XptQotbQ2zeaLltPBwcGsnymiBIaIUkttbRzHaRyH+azvan+4XGWOmSoR62HqujLru5Qs1VJLsB6HzY2NtPcPD2y6rivR9V092N+fptzYmNfad12dzxYSJWL/cLlerWYbG9nGtKMG6WxT+cSP+jDb09i6rosSsgi1cQyx2NwMM7Wx62ci09HPZ44WKogIWmsggdPz+Wwap6Ojwygx63vsljmbz5fLpZ1RSq21UPq+j9KViIiKPU2T3IymqS3m8ylblKhdTMM4pcPK5tl8vjpar9brvq8RpU2t1tr1oRSQaNHPMnO1XpWIqbVxmhb9bCIjaomKGId1OoVVSmaLKAWhMAzDcpjGrnalk4Wn7LpeAVIpakMzLlGmaQyr77taK/Y0TaWo9l3X9wYpMJQoir7rx3FEms/mzc1WhBSKQqHaZJuyZY2yXB3a6me9pFq6zIajK9Wm6/u+r91s5pycDkWUms6IEiEiIkqtJSJQUxShPjqTU6ZEpqPENAxTa9HFuFzLESXGcXC66+qUzUmpRdCsrnQpu2U3qzZdV2udtWzgEoE0DGMEma4SMLWc2jhbbJQaiqildqWqRInI9DSOUaKUCEopBUmQUyoCkeQ4jUJd34dAqlGiljZOgIVAQbaWOaFSIjITFchsrl1VCVCbpsSYqU0OFdTNZplIimCaWsP9bObWWnOUOpvNQmEBblPaOCcslEYR0fW1JVWldiUihmEcxnF5dISyq32tkc2CUiJKOD2bz7u+KyUI2QC11hybIvr5LM20mqzs53NLtClMYktjm2ooimopk6dxmCJCtWKLiFAp6ss8s1kRItT1876WqlKLIkrJTKVr38uOWlCEhNScXS1dlEyiKu2+dqXWQFFkUQlFKNINANxak2wTkpOIAipdqaWO61VzUkoU9aoq6vp+ykGNlo5SCqgLJ22cJhyoRNqKGqUUO8dMZdauCisiU1HUz2ciooa6SrMza3TAemyzripKtmm9GuyGok1tnFotta8dSLaJhBqohE22yZmttWFYRsRiYwNaoUYpIBfVWpUutRIiAXUlSumilBIRUSRJOY0Nt5bZpklSpseWEmGvh1YiEC1dSpl1vWDKCZRDKyVKrQpFUS1FbiVKqdXYphipSICmcXTLqAE5ja2WEn2F6Lt57XuCaWy1lG4+G9bDcrXc3Nzo6ixtZytdF9KUU+liVmoppUGbGlIpgigqpZYCEnLIRC3ZyDaVWoVtq4vhaGjjUKMoQkmUmKYpZAnjrqtJWlbTOAzdrCtRnC1K7WrXclI68TROObX1MEQptaslOqtIRKmCnAyutRbVJEtEUaSFU7KymARFULqqdGKMVJSWU6UgK3Bz1JKZaXelYgNtmJxY2VoLlSJFKZmGVqOkIVRDrbUotQicThdKrTGmM1uNElEEVpOiRK21RikBitra1KbMNk1tKqWWEooSItNpIqLvqlEtYXBrmekwimwtghLV0jSO4zgWRT/v+342jdPYWo2S6VJrRJlaEy6llK6oubVmZ6ZqLRGyw2RrTSpd10meWgtJYGe2th4HT4iM0oU1TmOQbtnGNk5tNuuRhnGd2TKxqV0vuaMipqmVEo0mou/7lm0cJwRWc45t3ZU+TYQUEbUUEyVC4eaIsBnWa7fsglJrP5tFROC0I0qpNSKcrWUSYNuQdso02xLZrFIIRYRF2mSrEaPdRyiKCkU17TaOpdTlaonU1VqiEKXrS2ZrUzNkOhSOmIYp0yWiq52lEkXCIAnUWsN03cy4RulqbyxcSqcIZ7OpRVPmehjkLLW2zEDCBgA8jKNFKMZxBPra1VKFwZMzwNmy2SQSRD+LUKWlUUvXEhDTNCqKlBGFUCm1RE0oNWqtBjsz6bqwGYexRq2lWCqlYIeiRqErbrluo6cm0aYpk5auRTbpLKU43cbWyBJRu2h2G6ZStBrGGmrJ0eFRWrWrUkSEiATR6qwfV0Omo8QwDCH1/TxBrbXWSi0lgtCsViKmcYhSnESNrkRC2kWRuI1tbNMwtdp183mXE0azrutKXQ/TNE2z+QwTXfHUMluUWlQyW9/PpjYA0zhElLQVqqW2li2bokTROA4t6btZSJlONxrgJKepTa3l5GEYau0Xiw0rLbAyJ6mUGplpE4ETRUhaj0M2W+5raWNbt7GrZcqmRqml5aiM2vV93+XUVuu1haRsU0SJQLXINi2hqiuF9dCINplZN3OmpwnF2DJzNFIoIJSSuqhRutXyYDGfD+vh4GB/sZj3fdd13XwxL6WPGoH6bo5o0xjSOE7jOIxjzmo/tTbr5pkgzbp6cLhMt42NOSpOK2KYptVqpVBRN5/PFhszSUnr66yWMg5T+diP+mBJ69V6GqfazVCRSFO7yObVenW0XJZap2ytTUqGYdzcWLSpHR2t5vNFDVFi1vdjm1bLVandYj4bpja1ad71iii1zmd9Lb3QOAxpAoZhbJlCCBPTNMxni8xpuTzqZzOFIOzWz+azeV8UXdfNZhWi5RQ1srXVat2mNlvMailHhwfraepr6fuZnRCbm5stNYzrWkMK24Fm3cxWZjpYrdc1iqqODg7a1OaLOc0kCqTWpuxqh7weVl3t57OZFLXWvqtpp7OWOt/Y6kqBaGNLO4pq1Glqpa8KdV2ppYQ1DuM0jrX00zhO00i6TS0Us9ms7+fdrHez1YzaNKWzn/c22Zpbs21FlZCcU63dbLawWxunrhYyhnEtlaghu2USAvraDdNQImotDmb9RvRRuq5lrtdrSaWvhtVyqeIafVdicpKpiFCtXW2Z2SaFWsso6kqklcJ2khG11FK7GXiaJsip5XpYYddas7VaKop01q6T1RqNrDVKqUiZ9tQkR8jNpdRSuvVqhRLRWrNUVZGgRFSkELWUzHRzyrYzTZFtFZGBU7WOwzoUUqgEiiJKqLVMt6Ii4TBJtskRXaldKagooihKX0sp2VJhRfHUMrNE9LNORFFI0VoDJelURKm1lhpK0VpOrbU263vLxuEwktygK10EiW1KKVLpSyFinKbMjCjRFZIiZeZ6vSqltGY71c0QqJZQRIkiRThzHAehMqsRgiIpUIRQSC6l2C1NRJA2hBidkzOIEhVwepjGUCiKTWvNpuVERFeKxdTslgYRwokmjzkO6/XY2lSKohalGhkRBdbjEKXk1MYhqQoFWWpEIbqulloztV6tagmHhFpzqVENwWq5ymgixmEdKrN+1rK11qJ2ARIuAlukiRohtZzSHoehqypdJ6LOOjsiSnOul0OdV/A4DC2zEAqkIhGS01FibKOEpGlsOKdkymka2jC1WmtRHVvLca0ozbbpahe11q4KZTqzFaJEKX2NiNYcgUKOcNLNuiBsEQRRorg50ax0UWI9rEpEKXW9XLaWtSuNzMz1clCJjc2NvusOD46mYb21tSlJYRQRFWfLVro+UU5jRBnHwaardT2M0zTUri+l2FagCCFIZ8oQpfbVDdllXqIUqTQsO21USVtSYVgPEQBdF7N+LilqKVFKkS1TSl8lRSnzed93veU2tcy2Wk0lQIpSZn3fd31jai1L6VpmZktUa5WQVSIS0qRVQlGiDcNEK33ntOxpnGxHCRpRCtIwjDapbDRFERFFomRrCpxCRKiUYmQsYj2N6+VQQ9GHjdNOasiZJnKaxmlKZxQBFoXANDeh2vUFGZBaa+lWokQUKQSZRiqlZAKKUGvGObWc2qCk1s6ijeM0tQhKqW1q2Vrf1amNU5ukiCjOKMFqtU7cly5qZCNzHIdBpUi2jGFyZqYnRYBq1K4LFGROziCIKF1B1FJlO7PWrtTSdd04tijOyVS1bKAapTU3pjalM5sJlVJiGloJImJqA9DVLm1ZrbVxmhQAtaslQmGJKDWnab1erZfrTCtIKKE2ZsvsS2m27VJqP6utuY1DdH2NYqVQHwGyHIRxiLRtY0+ZMrVE4kyXErXWiKilKKKWztI0TqVGVzvJRRFdTZymTWvbpYYUmUQJR1HIkmwjItKTEQYpswEi1sMqkm7RlwgiSoTEMLacmkqBnM9mpdSxTSjm81mbhsPlMpOuqpba0rXWWkpIJoOaiZWSo9RaSrY2DAM0KF2t2dp6vXJSu0DR0sujVXOGSpQaUk5tNuujRrYGKrUAk6lV62GYxnG+MQvXKKq1jtOIFSGkUiJKRFQF8/kiR09tnNrUdX2tfZuGKFosNvq+evI4TUGUWhTIpUquxZ5m/Txqnaa1Ilaro7G1rnZubZpaOm2VTkVldXRkXLtumpxTa5OzjcglKs5MStSur4TbMFhu6VK7WV+XR4fjMNZSDw/3a9fNNxZCFAE2koXAXdeN03R0tCy1LjYWQZZSJRWFIpZHh/tHy65oPp8fHB4UsbGxCUQtXe3HcczMlun0rJ81nGOWWiNVut7Olg3RpoaY1VkppZSKMqJIypbdxnxzMW9jDsPQ9V0pRSLksNbjWLvS1UKoq900ZZsmq5Jj6bpZ3zlVayC3cZjsftaD5xsbOYyzvhuGoURfax2niXCaWdcpysXdC7Nu1vWzYRimsfWzXo1SopHDeszMrp+5tczWdaXWDueUrXbd1KaWrSuRCRFd1w3jMK7XXe1ms1m23N7ZqP1sXA/j1LI18DC15dFB+YgPfb9a51EoXU3n1NZuXq2W/Wx2dLSKEtvb2yXCZj6bGc83ZkV1Na5znOaL+XK1roqu77FrKYvFQqUOq9U0TIkPDw66fjabbQzDehqn0lUcpcRqdUhRcaldnc9n2VopsX9pz47Nrc31clW6jpBxiRjGAanvZ805jUNQ0l6Py3Fqs/nCZsypK1FqGaZJYLwe133Xk2om7FK7kFCQk51tal2pJWQTNWo3xzbNonRdm9IEeJhaKLq+qhScrU1jttamWmpztjYJmtzVIkWmI8Kyk5aexklBlEJQaulmdVgNUcpsY1EoLtTage0WKKFE6WpJM05TOkHdrM82TcPY7CSjVCsBodZaLV3mpKJQ4Gz2lMmUSdQSma3UDrCD4kLklDIUYZcITxMl+q6LEm4ep9HQdV1my2zr9VBrKYppapnNacys7yPIVK0lag2xWi8NNWrtCikpSolxmtR3tWIH4bFNSkcJmVLqNE0tp0AqnSSQpHQO0ygFiogARa0Bzqx9VZqQ06WGSjhzHKe+drWUdCuom/W11lJKUQe0NtVaDOPUAlmSSkS25lIKOK0iqRRDlAgpcUikVWgNSZKiFiUK1VpHZ9jGmU241GqSzCnbcrkc2tR3lRoqBYVMYqSudrO+N0iSCFVwcwPVUsdxGsd113VVoYg003ooXa2lJtlahmQQWJ5aZuY0tSi4JYoSkU0KgSS1bJmtJTIOYdXQ1FxKjaitpVuLKBNNmaWrMqiEbGcQpRaFhJQ5TmOt1XJRzOY9IhSkSymlFNklqu1+1puJxtCy7/qN2XzM0dOk2jtpnqKQljGmZSsqUQsGG2wk4ZSiiS6qWk4Qs1lHy34267s+SSlUSmuZLUOBNY0TOFCJYol07WSnrNm8I4UonZoTooiWBpdaQFGkIpNTNmdGhMHhkAIkl1KKFF3tSpguSmDPZp0CjHAm4zQN04AUETWqIARUUCSlVzjsKfqOKW2nvRrXs66rszpN0/JomZRaS8tMp61xGpOcdV0p3dTaer0ORT/vuto7J6Naa05ZQqWbVZVpGqdsQQUgbOMsUWpXp2mc2kTLNOlMG0V0tRbcsuVUu1oUFoklnBkRSLWrmTbObMNqyNZKPxumNg4DpgXGYYRR0CgVqUzZSCmiFLm1iJLNJKUGtTjldFQJgyICC5iypZ3pnKZaatf1mMmTKIpapClb4qKSQiGQM22XiNlsLqm1NCaidkLRpmlqU1GRAjAWJLhNtarUCmCVGhJpS2GnFRERIanYxhZWRO062QFOU4oiJJUogQhCYTkNuJQ6tTGkNON6VWpnjN3VGqUYD+M6x6y1ltA4jg4RoFKiTG1oU5ZajBUqSFVRI9DkRJSQoYRwpD1lGpEuJbpZh8JKSyCVcLaulAhI1m2wKaX0taJQplTSOF2iQ6lS+64oWU9DqWVjPleJdEYoaslURCgKLdfrwaKrXdIQzizU0tVhmBpJpsFk5qRa+lpkIdcSrbnrO7vlBLRMsKdpmqap66tK0NxsRJFKKdNkwzRMUQowTiNutZ+XUO27rnZGokXpSE+2gghBSEJYEbbNlE2OKZusoBBURS2l1kKmJEMRctQo2VrzhFNGJTC172qpE1mkTBNhZ2sNhUASKiVqukXKKLN1Xa2lpD0OLQoRQTZMc4bc1ermMVtEwc7WogAqpUxTG9dj9KWWDghFZoYsyTmqlJZpG9MyG9lFXa3X6/XRvJ+hak+z2k+ZRqms0pRTjUCRlpRpj+sxgtaaZKdrV0oph8ujaWrz+UwqY8tMRzii1CgER+v1cLRcbG5k5jCu16tBIWdLp02EpnFYr9cWfelq0Wo9FEU/mzmz1tJ1fe26Umrtau36OusClSittfVyKSQJEaUmKan0dVituq4rloPWRLgqMt3NqkqkGYdpbDnvZ8M0DlMrEYQVRXg9jFub876fTzmSWWofUZuzK2Eypwk5iL7voys5TqtxyGxRI0ppbZRqCQmKIrpqa1ivStcV5BoR1TlJytYsQUsoKqHOgdMRMeWEJ6PWxqLS9f16tay1Rq3DepkpZ3NIaLVeFZWuFsPUspZKREsr1KZWI4b1sFjMh2FaD8Osn03TKKvWMk7T5BzHte2IGsLJfLZIMY5jlBpSlJCzRN3Y2IggW07TEKX0/UwwZctxsn24PMpU1xcTw3qZ9qzvy8d+xAfVotamcRhbGzNxZO26Znsa5xsbaWdm7cs0jcOwVpQopevqOLY2jFNOtcTU2pRTqZ2k/YODGiC1cexKP5vNh/UwDMvazeazHhnRGrPZ3DnZrqXLbAf7+yplc2PemqZxVFGNfhqGTClCqE1jNrU2llJsum4WteY0NrzoZ9ubWwf7R0dHB1s7x+0Eaqm2abZRkK1NbbQ862ZESIUgTV9LjTJlK6VGKTUiSq1FU2vz+awrMbRpHEYbW8Mwdn0fipxSoTYiMBIqXYlaFrO+4Ro1Kpm2wa4qpXSWh2Eybm04ODiUqZWjo3XpOiS3bJnT2GqVFBGllDoOw97R3rBcbW1vltIpaUSmkbONzfRdJ2nKLCVqV7Gi0DL7UhPSFhIUlWRSlK6WWss4jUQNKVRLlHSGIqSQkGyppWqptc+cWkuk1ogqUTKnsWVOmTmVqCVqLcW2glpqa1MpNYRTXSnZKBE4o5auq21qURRiag3kbEJRuq4rs1rTllQiJIqU2ShRS4DSmeMYpYtwIKDUyLSbo3SlhrNNU6bHrs6ilNYmUIlAqirpCSlbNpoUQpnGjhLZbDIMEilDZoYcERFhZ3OapNGcmdRS6qyPFJYD4zYM827WdV2KnFwUSYRQprnMjMNAS0ACJJzp2nURZRoHQ9/1IU24taZQrSVCtoVLRKlFEAqwIlC4jbaTKcBQFFIpoVo7Z7Zp6ms/uoVwRMsWUPqulFB6as6WQmQTMQ5TDWHS2dWaziSiyOkomoaMWiNorUUJi7FJbinXWkqdQYxjk7BkqShK15VS2tjaOFFiGqboal/q2EZFlFLSaq0FUUoZhmEcWy0lIceUJCJqpJxOEUVUVWdO4xjWNA6lhpAEgtZsSummKaNTLTNQM0W9QiUCaZwSCCntqMV2y6xRS+mmNkWoRFXI1sbmokQZpxQqpQsJGdR1XahMLYdhCAFZrJBWyyNozRGSZKejRqikm1OzUluyHlu2IUI1ypRpNN/Y6ErNbFJ0fTGEorpAsSyFJGeW0tdZhMLpTFNoU8txSrJGENGmybjvClIUOVEgR6FMObXWZv2s1oJVqpozVFRiXI3DOG1sLAJNbTQuQURBEq7q+q6M2dLZ1T6diogQKUkAkkBddZRpzNVqaU8StfYqBbAQUkGWUIhM23YDcLa0FapEs+fzeZiWObaxK12JGm6ZWUrM55tRwi1xpjNK2Oq7Si05jBS6UmsNuThbqVWSU8alKNMCy6GiWjKtCEVIIqUg0yWKwlXVdpQIRyDjrp/ZOQzD1KaI6LsOHBKl2E2WIwQEAVNrZEapgnFsfa1d14ViPYzZsq+ViFq7btanU1ENSkKuUaUSopSaGKGuBCVbAxcVUCml6/pMmt3VKCVaazYlypQt02ljBCpkOnEm05SIGiWhtSylUCIoCpVSagREFNKeWpvP5k5aQmtDG2ezPlTTCRpzrCUQsqKIdGstVGxjR1GNrjnX6yEUs/midn2EpjY6XUqFtDNto65UpAj1/awEtkLRMm2XYEqyuavVmVNOrU0lSilRSy3CUZxupCCNp2bcWlNi2a1NU1OawEZKKVobBSoRpUTthmFoOWZL1eJmJBBu4zSm1Ecdp6lNqJqk1BKqijCqNYpKCDciova1tUa61AI4FMgoWyMZ22Rn7YpqtMldN8uWdlMGEc6c3EqJftbXOkPOJN1KiX4+G9bDMIx97RTGlFKRMLaztagFuSjWw2i7dqWNDdP1ZWptHMdSCyZKVRQiMrO1cRqy7yJUrOj6WkuNrhvX07SeZt1ssbnp5Gi16krd2JhF7W01WpR6tDzYvXhxvtgIchymWrtsXizmRWWapo2NhTNt+n5WurIaWuKun3sycpRSSzlaLkuttZs5W42Z1ZbLZbZWap0tFvPFxjQMy6PDjY3NxcYiM52OUpbTsOh7bJISxWAy6LBL121tLqY2juM0n80L4NKmli0X85mt9XqYdR2IoLWpTRMlNFkhqUQnoYODw2ytn81ns9rVbhwH24WgIAX2MAxtGkpXSq2ZgiRTRTVKay4RigIM43i4PKyldH2fmTRPzWBJpavYUrQ2trF1tatFy2GQIqRxbBGM45hTK7XWWlsbhUspXS0lYpzW4zjZdLPadbXvu3Q6W+m7kPra1zpTIBjGqZt1NUqbxjZNfT8T1FkfofU4DGMjCvZ8vsic1uthPa5A6UTR97WqlJBK6fval1o+7iM/NCJqqV3XY/d93Zhvzfv+6OAw7a6ftWEtPIwjeGfneJumriul1L3d3eii1tp1M8lktmmaplajLLa2l8ujdG5ubE/jOp2z2bwrdWxDGFRqjQgpVGuJUpbLo/O75xezxYmTp2qtkmgM6yFq1ChSsbNNrjX6OisqF3fPyeq7AlGirMZhvV6Xoo3FZulKV0qNbspWQqCpTZZFkeWkdKXvuzGnacpwyyjjMNRap2EqJZLM5mkajlZH0zi1NnW1k2mZEKWoq12bWoSiVMgo6kpFGsc2jZMbmdl1sxJlGtctHeFhmkqpwzjIxibV3OYbs2Hd7KlEtKlRouuKm0MolJl912W2NDvHdvr5RpvGYVrLHtvg0aqxPFq2aUhl2DimKUsRFkhFpRZJtrpSGukxmxupNk1Ouq4Kai3gMQcS7Km1EtF1ne1xGAWJ+jqb9f3UxqoSJSCszNZq3/Xzud0QwzAApSvT1CQkYYbWLHcRpXYKjdM4DVOtRaUWq0Q0I9H1RYq07ezmlWZJOU2JA4naaAKVEgEwTA0nRC01SthTUNLkNLaUgpwmrGwZpYRApKOg1eoom0utdqIIkc5SClY6QciZyjahQMqpFQkJjLEUUu0qtpstnAhq6WvfZzANI4mKWptUVKNEiSnbarlMNVtubjkV1XGa1utV3/WNli1LrZYzs/ZdiYgSpVRJU0tJQIkyjUlklCpngIsiChkUecopm2DKFiqlBMj2OA6160s4M8c2ljAEYEtyVQnZCiuVNBtRIkwYF6mU6KJrbWptbFNza6GSUORM7JxaM1qv12R2XV0NY0XqCklmsym1lpCh62om0zRmZpQoEa1Nhii15QT0s66WLkpIIKYxM6dxGErUUsLpCPXdrHQhhbOlsyulTc2hru9IT9NYazdOo51GtSsBOTm6KKUgQhhKCdutZSgQpZauVqenacx0lDIMo0oYi4iiqQ1AEC3bOA6WkJVEKRGl1NL182xNJWwrIqJ4aulMmYRCDXV913UV7Mxaa+CpjW4oTSEcJZSi77qIIjwOk2RHZGtWGYeGspYCgVBEaxkRXa2lFEpgSyI9tey72s160ibtdGsuhEo6S4TQOE59rcA0DrWrirCFME2pWl1ql2Mm7msftfSlRJSuliRsE6FQZoJrjb72pRRAqGXrateVGqVmc6rZuEROowRBEUOmrBKiBM4S1VKEAmWaojRAcyrbOGbpo9Qum7uuDymVniYsRJQi6jSNQImiKLN5n06Q27Qe19jGXe26MsPpli0Tk25kpEc7LKVbGycwkkvJls5MUoRKpJSZmGxTWqV2EUrjqaHoSh1zcsvoIqIY26lSSg1F2F4NY187ycPYSgmZkCxN4xiKiEhnlKi1K1EynVMb7UK0bFFCuLUmO0oYIUcU4yKplrBway1Dwm4ta+26vjhRiVA406ZEtGwRAMMwEinVljlNU0Q4s5BEtGEKKWpFbRynkOazRQk5nKbliCldX0okjihSNGcUFZWWGaZESOGWDqXTjVk/L7XYJixJUaIUCZuQpCildl21NAxjN6t97ZodhO2GnUzjWCICuaFIhB3pRkRXAoJQUZGVZCiMMrObz0CCUsvUmiFUAqKWrusAyY5SIkqtKEonEVIgpTOqArWhtdZUotYStQBu7mfdlNn1HWnbUWK9XKZdulpUahRbIoFSItPjNFopJKOIEtGcEVVGiiilECimYR211NpTFACuNaJ2JC2z67vSdUqrUGoXZnKWqDa1oK7awgi3zKJSokSJvvb9fFaiDKs1UoniRKHSRYjlei2ieSxR+3mPvb+3H2I+W8wXG12JKbPUOu9ntUaUThE5DcthbNk2N7a6vvNknCVkNObU1SoETOMoy9gqeBqGYb0eFovFrOszW7ZpSpcSUaM1RxFElA6DmTKFFaGI1qYopXad05lZum7ez0qN5mxtGtZrSVvbG5mZ2WpXizQMrdY6m/VYEiJqqdPQJFBkuqs1TWZ2tbTM5haotTaMQ98Vwzi1vpTSRcsc12tQuhlq1ykQmtpUTOkKiZ2qAR6zRUoRoRCRicVs1ofqMKw3t7ZKFHBX+nFqUdSVOg7DarmutZQaThJsT9OItL25YSkbIdUoIRrZRZmmFkEQzc0OhZtj1vcRHB4tQy5UFMvlUVe6jcVsmnKaxuXyqI1ebGzs7Ox0XT+u120iaszm82mY1tNUPv4jP3hqrWWzU7irtdQ6Dutay/b2Tl/qlC1Kl2QlSo39vYNxGFerVQkd2zk+jmONiCgKqWi5Ws1ms64rq2FYzBfzfjY4u76PWpyttZxalloCbEoyjtPR0XK1Wm5tbO8c247oknRG15XalWxt/+golLPFvKvVcijSTREbi41Sa+27UAmp1Jj1s9rF0dHhlK3rOpUotctxaGTXdfO+l2S5dLU1QkKIAs5mSSpyUlRUlNnaMEzDULtSuhqKrusjopbizMysfR3XQy2lZdoutYLsqVmBVELB1BylzGpfa8mp1dqXgAhshWTVGrV2q2GkoKTU2s279XqUou974YlUGpUSAjsptQvH1uai63pQqbWUPltTjQCwbdsmSY3jZKdDw2o5tiyFIIapIXe1a2kC0vt7B+ncWGy2bNmmKLWUcGi9XmP6vp+ylRJRZKMaYQBF5JQK0oAiambLqbVEUqBxGmp0kxMUpbRM29nsbNjraaSlCtnauF6vVusMIjVOU2ZmRIRqrfbYUjLOZjCEChF2CpcopavIwzgpoiLSUYQIRYmQSmbLNjkoUUpRX2cSmUmU4gDstNU8CtUSCIWcblMjXGutEQRdrRGyZZAbRFQVlVKUbky0dNQoRbblIAKUrQ3juos631wgl1DpapusUC2lltJ1PXJrmc6CQmGwnTginCmVqU0tJ1mZiRR9LVHSrStlcoN0Isk2cqmBdHR42M9mXd9hdV2tpZJqbpCzvosoETKyHAhRaymqtYIiSgkpyZxaqaXv+mkasqEqj1PpSkhtyq7rVERz6dR181qritw85dCa66wrLoYowsq0aFFrV7spcxrbbNaHUGDLdoJbi1JspnGQ1PUzSa053aKrLds0TbUr4zAO61WUMt/YEEzTOKVD6kqHVKKUoq5WRYzjOkLYClRqUc1MrFI0jcOUOe9m2JMTqCWymYiuFBBuUeu4HkwJmVDaUUpXqo2kvvZd3zVbyNkyM5sRSQuqQqCu75unor6vNS0zYY+tFQolohRs41KKzNisIqSopZ/1JSLbtFouQ2otg6Jaaq2GNrUIrQ4Pga6UtGst6Wyt2Z7GQSJKl1MjokiiBJqmUaDAprUx7a6bCaUzwJObrFLIGKepTRYqRUlkTi0jpyGhhCZbtu0ualQN44hJUwN1xahls5uRnV0poVJKVyJsVwVVUapwAoqQjdOBjQ0utQtpapZcu06gZMopm8dhPbWMGjZgZ0tnLUFEtiZnOqPU9Wo9Tq3ruq5UJOy0oxQBEKXUripCptTS952k5iZJZpom7FpK7TqMyBJhQNQIcJq+RJJtarWWGl06hSRaNhAoVCLUTC2UWoQkSnTGEhhDV6siSu0wzjZNkwQkkMoIdbVka5QoES0tqdaqwLasUotMyyxdh4goUsznM2PbNiohUbvOaSNFMV4OS7csodp3ktq4LhGodDVKrSnLBESUUroIT41hGMixRK2lRijTU5tySkVEUKMmyK6zmcKoGIdCyFBKkG2cplKqkJtLhPE4jiWilBJVLZ1tKkUlatoBtS8gKYioNVRKpo1LKaEwhKKYKEG6ZWZm0rI5W4NWa9d1c6FUypIiZCHVkpnZWgo1SEeU6CJCfe0UEUXFsqJIhtVymVMrXUUBGKZplAKlk5ZTREiJopt1XakRGsY12aTIzJbUGhFVSKFSuikbtkKkW8ugOFuSfe0oxelaS8A4NZWSk3F2G7OiyJbZPDnbOEWtXTerVaGYxqG1FhGBSkQ2uhoRRVIUrdfDOI5TmyRNrWVrUUrXdyUip0QNxWy2MTmn1TqdU5tQmdfectf1ki05Lcd6WKVbqTWzOUlbcqnVADGN677vZ7O5M4dh3c1mAoUUxkFU2SUiSqyHMa3SlUAtcTaIUoubVdQya1cktXRmm1qikJtKQdn381LL4eHherVKe9bPZ/N+WK0VMa2HaRy7fpG4lBIq2RJkW6FxWiVIjqD23Xp1ZKeiFiEofb9YzKaWpXQROJmmcRpbmlJK5mTT912JMk5ThJXqZn3f9yoRIGlaj33pSu1KSKUQkG3W98vlUYloLRFHhwfjatza2Ybs+r61jFKGcWiTu1KN1sNqGIetzc1ZP0t7GpvblEnUaIkzp9bGYUhs1RJRusjmbK12ndAwDBvzBSWGYaDEfDYbxuno8KDrZ/287/q+n9dsDMO6pSVnuuuqRZta+egP/6BxXEdXpICIiLTbOM3nm9OwPlyuhvW6dKWr3dHR0Wq9st33s2Eauq7f2Nwa1utxmiQVRdfP0raNIlubzxaTWy0lgnE9DMOUDUJdV9brLFUoItRaW6+H7Z0dRTk8Wnqa0q5dcTK0Vrva9zMse2rN0zANw3JjsdX1s2mcBApN4zTrZ1OOQUUKitMYldJaSqUr1Yops02js2HARaV20dIGQ99VlZBaNtJtPpuXUparFUYKlRiHtbGCrhabJGvE1Np6edScBH3pPU111hGexhSyWpSuhLIlwTRl7fvZfOZm4cXGIkqZ2jTvZ4eHhxcvXuq6ftbNSi1pj9PgpHYVe70ejDY3NwMiMEzjKGVE1xWZiBLCaZVC1CKV1qZANWoEQIkIRZQIq3alRKxW61qilNIy5/28K13L1uyIkm1CgTMiIkSoRm32NE2ZGVFQ2LYtGNaDQrWWcRhKqQoR1NJ1s4rstEQ4cEYEuCvhKKHoZl2tZRxbUPquq7UCbWoKIWRJwiqBJWdKgqJQFwUndkJrLafMdIRKBBGIacoMlxoq4cxhtW7ZFvMFkopqFCTREGRayESUACKcDitCSJJKjbSaKUUlCpltGhUo5GzOHMe0kSLJxWwmhQSSwm6TFJCllFqKrTa2dNZuViJUFFGwm1OWjZ0YBa0lOHCmSgRGos76WmoENWq2HIex6/uu9gl913VdZ+OUhLFRKdGGyUYQpSpoY1PSMtPO1oqiZWuNWsOCoESxsBOYVuv1alB4MV+4udYaYFIqtSulFKMgVKNEsTOiAMMwERFVJaJlS9HViiQpTUQh1MYRuav9SMqhkG0REKqipcOldkWRbplEwYmNkIISJbGiRglHDOM6pPlioSCzAS09TWm3bG0aJ4IShZSkyU0lSnTGbZqihgnhWjvkaWqSFAV5WA/ZLLnWrtRSVbtZp7RbggmpaBjGYbWqfWnZbHB2pRqUWUKlq6CcjFvDOTVLUvS1pJw5CQnhrP0sSh2mNUROY9f3NE+tpW08m82qRBEmrTZNrY22LWrtisIY05VSuzKs1xGgWK2X0ZV53zc7p2nMKUeXqlIFUWst1KacxqZCtlSREAI3WyVCVTahaHbaQQRMOQpEUQi1TAPGfVejVqFpGFsmUkFTNuMIAVa6uXQ1IpwZUdLpzNZyGAbLERGCJIIoNapCxelpGicnzbUrtrJNoIioUaZpANXaF7DU0thuaeWs67t5H6Wk7HGMErNZh2VSEsgpRERBisAJwqiUQCFJNcKWurQFpVTE1EbSREBkS0TfdSqapjZNns2qUIma2cZpkJBqYKyWGQVPSQlBqb3t1sZsljxNzWOqFuyiUmtXS52m1pq7KJmttVFyiZLOUiqBkqFNspE9ERHpzGk6PDywVWd9YKDrqxTIKCLoSulms1KrLMYR1dmitnEc29h1FWe2ZqmopJudJUpRqBRDlHAiEREREdLkDJcoESHDNGYVRhKlFFmZOU6jiNKVnHIYhxLhhsKiEG5Ta9MkRS39OI6SDEhWBCgiUGs5DusMgVtmV2uUaGnjhKS1sc0X876rwzTV2hfVaVyvx3UtRcgYaC1DpFGEM5OUJKlNg4lsrZkCREzjlM5auyRTqiUiIjPThpSilhqSQiRIpYSscRiIUIkwpUaDaZzSLn0tJUDNxk4UpUw5eXLtOwUREaXLqU3ZotM0Tmbqa7daD8M4dlFq303rNVKpNT2VqKVoGEdnG4ZVZva1L1GM0qlS7GzDqFKiKJNSopQKmvV9FE2tFcUwrkqZCUctYQ4Pl7WUzY159BU8DmNEEaGIaZrSUzbP57NZ15daMlQiyYhSa19qVFQ2Fou01+shp9bPZhEl3XD0XVeKajebcsJQkD2rvaoqkel0lijDemXc1QJESFZUFcqU42q5NtSo09QCMq1g1s3mi3kpZRjHUDFgpjb1Xd+Xfj2uAZVSS4F0RF+7kBQlFG7UWgKnZGlaT61NUUOZmFk/m3KKUkJFUtTou3nUcnh4NOu6UBmmSRFStKGlLIS8sbmhCFSUuV6PrY1EiJzNegXrYWhTU40SmsZWa8lsXd93pTYaxDQN6/XQdf1sPss2rQ5X81lPV4ZxhMyWUUtEqX2fzZljKErUrqs1yjSOSBJI6ZQ97+usn6+Wy6jRdbUQXd/XWterYZjaYj5TBE5CgUyWT/q4D0PFZj7rhnEMyU5KjOvB8qzvbQ3rdS1lPp+V2m0sNuaLvqVFtHEYmyPCOa6nUfasn7U22V4s5og2NgGZk11K6eddKd00tVojxDiNJcpsNpst5l0pOTlKKaW0llMbE4rc197O1iZRkCPKbDbraj04PCDoum69Hkj3XTeO42q1zJZRKyjDGBQlYpxGUK1Ram3p5dFymMZ+NjPklCUcpSgJaRxHZbapEZQapUTUjqjZxqOjZS3dbN6vlmsnmdM0TV1fa9872d29OKxXpZToSxtbm6Zu1gWaWst02tM4IAkMtYtQTJljy66UhEDzRVeiDsMaWSEyo5Rauyl9dLhfSqndbJiGNk2r9bKNa6PWslQ152o51BoEThWVUmgtLSxHVyK6zFaiKiSp1t5gOyKk0tWulEhcApBU0tQS0VeQHbOua842jGkbd6WWKKGwnZmZaaLvuii1ltLsGkGzpHGcQEKZaSRQDSGSElIUEBCi1IgoQiqKUpXTOCWO1qZZP4uIcRynzFplO7FKpdmZxkV1Pu8VZUorndnSrhFVxZmWaglEKBCr9TpxX4sVpJtNBI0oBex0YtMiOpyA7ZyaTchYKNvU2jQqJMtWFCJAsmjNJYKglsjm1hrEOA2K0nV9SFNOrWXX1cwR09xybF3f912fpFEUZWuhEhFpCylAYVyjRsgtp3FM21NaKpIICUwJJc2W06WWls3OrqvT1MZpLBIREi2bMktX0saJiNJlaxF1wm2csEl3tdotU4eHe+MwLTZmRJnGKe1SajZnmxJHyKSTTNs4si+9IqTABkREyCaztXHEqCqslCOilAhApUqSaJNKhy2rdqWWCmQb0/RdFzWyTaLMui7d2tAEi8VW10VmDsM4DmOmwVNrJIqIoqIqRXOmHSHkCJwGKY0ckJYxmSnkjNJhWmZXKiGlB7caZcrWpuwXs7CmnEKlqxWhiFDp+s5mGoeW2chsTG2stRi5TVGLmzOz9jG1zJaz2ayrJUUbW5uGruuzTeM0lSitTUdHywh3MVMpKkW2VGjpAFOizPqu1GIsYhhHy13pDSXKMI4BpRSc0zRyWSlOp1EANjIp27adTY4IhYIotUSpXZEm25ml1q6rpUQ372molFBECRFRI0qVY5gSGzGNDYGIUCChqSVhERGRLTOdApyZJWqtZZqaUK1dRFEpCbJwCpBam9rU6qzW2pdAAmQ7utrSiuhqGaZpHMdZ1/d9Z+TmvutDMTkrash2RLEdiubmzHRzEpFTpo1kG6drLQTZbLuRmSMQEaSdaStC2CUCaM4SJY0zS41aqm0JFdXSlaBETMk4teZWKMYSOU3pNODIsNMR0fVd33clCoRxm1IhsCERjWEYprRMKWXKJoFduhqURgsUVZk27moNmxAwTDksV9M02unMUkJRItTaYHscl1JELcM0ZDMRYUEYT1OTbbvhCNmUWgwRKlFUpIicWsspQBG2IQM5CIHVPGWmpNrVQqQptUbIuESJgpunTKxaC8pxGkrfV8lJGNUoEvY05TBNhQxFEVE6MrFbS8lFpa+11DJMU2tNEQLV4kyZ5WotebGYKQoiFBIRpVTZrFYrN0tMrbk1h6dpatMUobCwaxRqFJgmR1BKtZCCy6acMlNRAlpzRJSIlm4tSWpX3VK0iFqIxOkWKjWi1tpaSur7PtMAkSUK5JTklIZStFhsIFVELW3KWiKilq6SOa5HwqC+9FGLxDCNERJg7AQH6mazqOGWbVinW1FZr1bjuCI1n8+nnMZhqN1sNu8lj9NYS8WexjaOk8IRCpdSS4ni5qlNtvtaS+nGaWpufelDsVwtbWVrdi7miyi1dlVRFWqtTVMrVTTs7GtxaMosJZyZdtd1XSmZ2dzm/Wxq2Voq6MuMolr7LsowrBVRo9huci2zUqJN0zS1UquICM1mc2w7XaKPmlihgqbmiLCJkBTpBlmqRGnj6GZFjuNUa1HUiICQHBEqRZHZppQKJT1JxfawXk3TNA2DlV3pVEqtlcZyvQwTRVAUiohSSkuCKLUs5nMpLLc2zWazacpxmFqOfd+l01bf1435rE3T0XLZyPmsl+pqdaRkbG1zvtl1VYDouk6KkFTIlnsHu6T6rg5tyqmViDGNXbuuq/0wrCUhTHa167pYr8c2jERpU7PkNpVP+KgPG8chs4VKNvd9LzStx0sHB4vZvJRobrXrQKWUbJ7NZ9PU1stVLWW5OgLt7Gx3pZvaOIxj6TpaTuNUao2IUIxtlDSbddPUsiGy1JBJcXhwNLnVru9L18hSepytTV0tEXXW1WlKu43jWEuNojaOXdd1s25s07huXe0tcHZ9JapbYja3t7K1nFKlFJQ5tTaRiqqIsAGMu9ILxpymnKSAMK211qbRhQgZC0rXlShCIZdSa0jSerWieByG6Mqsr5WYz2d911me1d7pkBS11pCKIVt2tUTpulKncRo95YRKKRFtmkrpAoRqnddQBNmYpjZfLJy09djP+lr60tfMDOOpYU9TK6XYzTZQpNLVUDQnstLjNMruaiGqyPV6AHddPw3jOI0lat+XKH2S6RTR2hS1VlUKWNM0RoKEcz2NYaKWrlScaQU4ZLKWUruSblG7qtJoWBExZmZriUOMOapQpK4UCdvT0GygpV0ipsyWbq1NbQgFoCh910eJcZwiJFBoai1Q7aKWgnMYx6jUOqtdMdkmmyQkqe97RRhaNjstVCKnrLXHnjIhAlLYdKVGjZyyuXW1RsTYXCMiIkKZSaGoTNMEihKe2uH+XtfVrutLiaiVBCkACTysRymQIkqEMIv5rGUaApUabWxpCUlkBLhKiUIuERGKvrTJzixFCIVKFLtltiQyHTVCmtpoqPMqexgmSpRS2jQmlIjMVkrtuk6lhCBKkRC11NLP5LRdSg1FekyrhEBVIRGhEmG39bg8Ojza2Nzoap8to5SudlGDMBOZU0SFQBrGqdaAGmFZOI0x45RuLTMzM+0uanQ106FSItLGkrAkK8GNsU2YqEUoRKldlFJqZGYbU/Jkl9o3MqFIzTmMY6FELaWWQFGi77ra1Qi1zJZNKD2KyIlApZY2tcRBIGRZLo4p00JQai1FFjRaNhlgHEciZrPa0uN6jFBEZFIUISnCbqXUruuiFJKxTV2tnppCUbpu1tWuG8bBdp3NKlqv123KcRra2GbzXpKtrq9CtXSzro8ayCVCKk5PnkpoPuv7fp6Z62EIK0LDMGRmhCQysxT13dwijEJd13W1mnAjM9NZS4kSCClKiVCnLkQQYEsIJY4SzuYpa+0EmZZKhI0VURRuBhTkMDYnUj/vS6hEtSml2q6SJBRgY5zZ0plSzPrewqartdQqp6QUzjaNOWWbzWegKKIRIREuIlRLLbWApQhFtjaOUxNROsjWpimnUmqNUmodVuthGGxni3EaSwQS6VJLAqB0qTUiiuSWpQiiFkmR6Xk/Eya0HieZUopRZmLcpqFNtdQSJTMhHdHc+tqbnHKKUkWYJitKtNYiSpSSzloiQkWhUJp0Ylsl3ZyNIFBLwkSo2X3fL+a9YZpGkIg2TYqIgmywTe36vusiPKWLQopsrTGV0ilkZy212ViSSsTQWk6tn3dddIdH68hWag1kZaiWotbcxjHduqh9rU5PmZmZzU47wtlaIiKKimJy5jRFKZgSMbVmmPezhqWstRI1pGlqqJQaAkgLmiMq2KFsTREiWmu2u1mZ9b1UkEJk2kLGIduKIGLKFhhq3xeFSFRUu9Kmhl1qDx7GURFIJdSmlN0AkFSiqIQslei6UmtHSCi6IhCyyeau64SQJYGr5CSsiBI1FIFAauPY7K72XSlp2uT0KDS1xLJaZgOmYVT1NE6tZVcq4QZKZv2sKxVQAMqcpBjbJIlMT209jF1V1/WhKDUyHSqKYmEjqF3Xphw9lhI0pzyN0+HyaGrpbLK62cLOaWySkGqNcZqwa9dFFMvjOIRKLUKK1OQ2tWmastYopU6wXq7n8z7l5XI9ZUZErbWWanu9HozaNBGslqsLuxdJ106EptZqdMN6CGOzWq1tNydS1/U1oo1T1FgvB6B21XJI2TJqlTRNkzNNjm1sztbaanlQonazDtSyHR6t2nqoXW2tRUSSblMa227NyhxTghKCZkqp3ax3UqMoNLZpGscokUlXu2G9Pjw4KFH6WtPZptE5SWVjsTFl62o/W8ycDbdhGKQSEQm2ZvMaEcB6tbJQKc3O1rquq1GG1ShkZ2spUUqpXem72TCsM1upXelrTu5qjOM05jjr+trPhnEax6FIUbtSinNCmoZpaq2UKLUG6voeYpyGtBfz2Wp1VEvXaBcuXmhTllJXy/XR0bpl62f9OE5bG5t2lI/4kPcZx7a9sxOq0JqzjZO6OuvqrPbL5apNuZjPQFOb2pTQ3HJq43xjMZsvIhQlMulqP1/0WBHM5nPj9XKMIGrtSi8zTRPSarWqpVOpkN2s66NTiWFYrdZDKYrQmK1EhOLo6OBodTSbb/S1q6U7WB65Zdd1w7CcJs8359M0pF1LbdmwaxRqzWyZkyKEkVtrLT1NU4lSaucpFaV2tYbqrLqB6KJIzGc9qNkFNacjaO662ppDdigby9URUGrUMuvn/ayfh2pCa00l+qhDTvPZLKk0O5Gb7VJKiSI5I6NUIXDX9UgWOaVkRN91UaRSEKBZ3zk05oRxyCLsiGp51tUoUUpRSHJrExEhrYehRpcesRTRbLeczfpsHsc1KdtWRISQC0GQmS1rqdgYV7WEzJSloCggUClVSJIi7Ja2cKYjanQVW6rrNqZdiHSqinAkUbv5rOtKH7W2cWqtERElalenKQVCUaK1LDVAbs5MhUopbRwiAsiWSF1XUQCJWjpEib6I1sbVanSbaq21VISd2dJuCTgD1agWJUKlgEpXsGmOWlLpZLI7wkgoTDMOnK5RaU5sq0Rmc8j33H1HV/uNxebkVBQbmdp1pZY2TilqKQpCiihRw5CT000qaRK6WkstEjLTlNM0GlCSsk0j3YwNRAhyakjYJQrhbFn6KoTTyTRNUSMyHFlKqQpU0q1ERNSQZdtI0bJNU2ttakmgqU1OqziiRC0kRgrhbJm1dl03XyzmRUo7QkBrY2uTEwtJWApHRKBSa0AbR+Si0jIjAjmAiEhjotZxOThaiRjG0dkQIJkoxfaUU6eIGtOwHoZpNayKoqvFhHN0hJPMLEVF0dUaJYbVKpu7roJrNysRSCjSTQREEEg4IpCwrQiLotIv5kDLxDa2KSGJosDIdigzFUSplmspEUpTItLOzK6PaRqnlmQmpFNBoFANkCSKIqRsw9TsUkpfS8A4jpk5Xyxq9KWECFDX9wZM7ft0TuOgUqfmkBA43TxluqWC1iYI0REplTQtGzIqUzbZpXbYGXJaEF3N1lrL+XyjlBibaa30IcktIyRwOt2myVU4XaIiANHW65FoTjuzSpac2VqiVKkwhaoEBlEUIWVmy1ZL2EwtSwSOUgqlOpsTbGxFBF4Nw5RZkIgIgUMBVNVxmuyptaYgVAXpNg0NiWyi9n1FYIOxImrgKDFNbZyG+ayvURwpK6rc0tmK5EYoSim2VESQaSxJEoacWtTSWipUa40QtiSbIoZhRO5Kl3a6IRcVpxUFMptLRLYUkkACqURXS1d7lRiH9XpYdbVr6XE9IJFtShu70dWw07aIQFZIkRMEtVTINiUCaK0ZtdZqKMUwTKQVAhnPam9cCSnUdREIF8fkXPTzUso0Tti1U63zriilNrVQkbCcSR+l1jq2yWmKpOKcpmxdRIlauhrFOKTAGV3FGse1LaHa1VCItAWQNpYUwhKhUqpTAQiCIGRC0dqUOZVaRLRsUQpgpa0QDrm5QImgGRRR0q1ECWm9XnXRRUQttfbdOEzDtCazlOi7zlgWIkKSZJUIIVsRgWjN6anU3ulxnNo4RZWiSCkFspqzKSJKqZaNo5Q2DplZSylRogRFEYoo2FG7UiIUpRYbTK3dfGMeDtuSLKY2BVGiRIjAmetxPa3HTI9t6GonlNkoYJfaKz2Ow9iakCJqBMiZaVfJct/PA+EkXUuZzxclou9KN+tU5KR2tdTidLYmVEqZWi4PD7t+Nuvnw7BWqjnbNLbMvutKVEW0NjlbWn3XlaiZraioREigKDGsh2lYT8NgcnN7oyuRLbuus7ReDxYd4Yhao3a1n82mccpsi37WyNVqvZgvjJfrVe1mkAeHR7WWrvYts3adjG0lXdcv5vOpAV7MZgmtjYv5rLWsUUqVnW1qpZRZ3zflrJ9NwzqJrtYcSVyqQrFaDm2aCA3roetKjjkMq76rXelam9LMZ12pGqYWkqDOaomyXq8lsKdpamOzNJv32dowTQGlU04ZtdSotdQgao0atZTAHjwp1Nc6m/dBtExgmMZ+3mOXUvtaWpum9Kzru24WfcWSnbaitDa2aWyNWkSo1lkpBCXd+q4rUVW8f2mvDa2fdbUr05iz2vezWSkREds7m0LTOM7nPYppGsrHfvgH913tZ/M2jobD/cOu62d9F6WWLqY21VDpZ7UopNms72b9MI3jlLOuR8Ksx+no6KiUIselvUtuU+37sU3Zsna1NR8dHU72fL65WMxLqJmuKxFVELWEomWbxrF0tetmyjSqoWGa3HKxMY9SwMqpFJWu2IHthiDkNFGKbWdGKeM0hupiMU+TNtTZrEYJZyMdJcZpLDVKVyWFQlBrRA0BEdkmhUrtqkrpqkKZWWtXSi2STZQopViZ44RVa5Hy8GjZptHQxpHalSIpkinqPNtUS0mnCxF1HJuc3axM0zQOQ993SFJEVEhRluPosUUtEUoE6vu+1pJTOrM1RwGRhsxSa9fF2JzTGBGlqJbOjVKihKSIUkqNlqmIUkpE9F2NCIXSjohSikIRtWWu16taw2SJihQRlkARAUQJmcRISLVUqTabaSKihIb1QGtdX4OQJGShKOBpGrO1cZrGNoQEZDOolGi0bJ6m1pcStbQ2WUytFUUp4VCNsDy1lE3I6XEYG60vM8JOSJeu67pChtPgdEaolDpNKVlRga7rpqkBXakhhWKy09lFl60pJJVsE4EU0RePo1FXakSiokpO2dciabUcT5w4EbW2lhRJxWqZbm62AykEGttEogCrFpmYWhOUUlSU07QaR+yur0Qhp6JO0jSNU2Zfu1nfWSoqRtlaiWocXSmQSV+FnVgoSql9l55ay77WKD00ixJlGFbZ0mhcr6ecokabGpmzbl4K4zRaqnUWJTIhsVpRJGqeovSzvgrStl1LbVNbLo8iYtb34zS0qVnGRqV2BWPRxpZS6YpN6WotpaWLRInFrJdinNZRuq52yIJ+NitF0zQCoahFUUuJCJUodWxjTqkoMgm2ixMxNZdQhsJyqK8lrdYcijZNJjE2JZBUZkUQJTIkOxSEa1SwbEGm5ZRKEZIsOUGU0kUY09Wa2YRKVRsznRSCggg0jmNO2XVdkaZxUtRaQ6WLItDYJkilphydlE5taqv1Wrh0pdbiQBGZbs4ARbFzmsapNRtngi0gAxpuw5h2KAi6rqgSisCGvnbZJre0rRKT081Cw3ro+r6E0u5KL2lsU4jS1cRtmtLuuplJIKITBk2ZtZYoteWUiXMa15PThGoIQaiEolQ3D1PraijCzpxaRpKySNsmAiY1ZylFJWiZ45SRbcyI0s36JMdxNFlrryAUllubjGupJkF0ESpFMWRrYzMmodTAQl3XhRQGCRshyWStfUTYTXY/mwvZLqWimKYmoVrtXK3X47BGKlFLLciYqTWhcRqncSqlqAQWilBRKRFIgQJnyykbokmBm5PZvJfqen3kTKSumxHGFm6ZQpMlR18iI0vUopIyxmmTUUMEYFxnXboN67GvEaUmaTdF1No5rXSpFefYpmwpSjergmxNVsLUsChIQV87UJuanNla19VaunEaaukkYSVAtkywSo1KLbMIrYeh1i5KCKvWnBKhEiGiVkAC2catZWZERFGUYtIggaO1aWyjBCZtrIIkZairtU2TidKVUgKQws5paqFiuSqi60JCgEMiJBVJkrI1211f0rZblBpSywwZhUQpgYlS5EIBq02tq33tYrk8atB1hfDYEmcpNTNbNpBK6bsO2+AIT21yiwjwMI61lGaFnGmnIwoRtdTMFAWZhBA4s0UIKUIqIaMS49hKRNdXrAi6WtZtakMzzjQhgySpZGuqtSudkPHUpqlN2bLrOxuCvu+HYZqGtSIUKjVCGoYhoJRo2SKZb8zblOM4qRanur4k6vtOpSo0jUOm57MuxDgOlrpZDSkbxpkpLBUp+q4kEaQdCmQP06BQiS5qIEUpsrpaNxaLruumliHVUkJRug5cIjLDtFJLKSXT4zgpiFLGdZNUomTLCKHSnLVE5jROreu7rq+t2YYoNcqUbtM4DeN8vuj6WrsubU8ZAaWO43pcrYG0qzRNU5QSAQ2IyVNVqVFbTqHSddHVXiFE1/ct2zRNs24eiojSMiM6ZaqUomI7TNf3ihjHUQopZn0v6tHhISG3HIdpf3lQQxFM2Wy6rhZqy0kqtpyjFK21osjWxjYVFanIGSUIimI1DOMwrtfLre1NXEhcPI1ToURoGqfSldZaExGSgtHUiNqt18M0DcdPHA+p2VHLrJ85cz2OXa3jOCSUj/3wD7Ztsb+3X0stijqrpDLTKHOsXY/z6Gg935hNUxvXOV/0Ya2Wyza1qEUqdiulJK3vu+3tHUtVtevr4eGBFBsbWxHqqlq2cT0Kh+o0DuM0tdbWw9rZFltbNYSZ3CRK1/XdXEVBDdSyOfpMG2rtFKFw389KKekWpa6H0Xbfd11XJK3XAxBFkkUhM8Q4Zu06mzAKprFNbYqgZRvXYxuG9TB0s9litjmMU06ez6scaQnW63Wa2ayvXRRF1NrICNm0TCk2ZrPS9RG1ZRKqpbQpp2mNSpTAwmROtpCqSoRI1660qQ3DWCrj1NbDuq81agQF1TaMaWpXpzGHYUQqhELTNF3a3wtpvpi7ScG8X7S0opaIEqVlTsNk4UQl2pRCpfQqEkzZpilDypaTE2ctXeY0jWMtFUUja5RaI6IOq5WhdtVpRbTWhBS0TAU4waUUUIkoUZyZzqglQNI4rGqolE5yppREIFRr7WddTp6mMaKrRaXWUKGUvs6KvFqt0tnXOmY6LWFEgGwTRHSlqDRnlBoRLRNcS12PY5FCpdSKAUJlamOpNaKWKkVMrRlXwk5HSK6lirCUzrSLClLpwoRSYGXilmqldFtbi9rVBuTE5GG9qqU6sOV0OqdpKrWUKLREKrWzadNYQrJqH+ForU05CdVSa9eFQhG2VBSodJ1bTi0Dd10xsmS7TSlbRZk40yZKqVGzTbQkIeR0G1o6W5tkopSIolApNZtLKMGysc2s67uu5uSEWS1Ra3PK9kTmlFNmawqTmsioMV/Ma3TgaZwiaq0xtWytRURmy0wyoytkBipRTFOUqCUkEeM0Oqk1SumMs2VEWa+Wq/UQXXRdxWqZNplTqepK1/VdSNlaa2m79F2NAjlNzS3X47rWru/7bFYJCTtridoVK3IcEtrUnNlahl273iAzTlOUcGgaRkAgkXYt3eSpi4jaZY7YinAaq6sFG3BLphZFWEhRQEApXe2KhZSkvV6uQlgRxkEpRSaKw6wOV7YFbgaySQUniWtoypF0F6XreikUCmRjHFKUYrPYXMjKlFC6RSmSikJdqbUrQVBCxU5DV7rVajmuh1AIt5bZmqQIaNF13WRnayVAatM0TS2qIiJtY2eKjFoDun6m8OQsqrWrCrlNza3UIiQCE5Iyksk2tjGN2pdSyzitx3GqtdZ5LwK5REzTaHvW9YoqZ6YNzmxJQemcMrvayUYoIiTs0tUaqn2J0q/HQaJE15ytTU7bGYoo4cxhGCwyCYXxlBMh2VFKVyOieGolur6flSjjsB7HQQ4FtfRICkqptevcMjMVRJFzmqaspdRSLbpZ33fVUgKWnVYom4UionSIcRiMI6K1nMaxK9HVbnSTFTUwEREhgr52EVqtB9y6rutKXa6XkqKW1jJCUmBKKUIZgZ2BoNaulEh7mibjUmutvcguSqk1IrJlTikJcrlaykgKeUoDYzayZWapnWoUSQqc6/VUStQqmXEcRXR9V7sqx9Ramq4ESCrGLTOiq6VM4zSOQ1FRKFQCkVlUiAAJohQ7pzYWB0FOGbWEtZpGkMKFiKiSsrVMSqnOTFNUUQrZCY6+k126DpTZSulCJZ3juC61qzUAo8BEkXM1DJlTlAiUoIiohZRKKQqrFASBKLVWGKapZQNqVEt917tIDULTOJWCwGY9jXIpoYxUMuWYzSnXWkpEhKYxnYkDJ6a1HIcxigJCGqeplDAS5BSK6EqRVGpV2mLW9V1XpjY53deK26yfla4bx8GNzCYpilVqHxqmcViu2tS6rhvbsF6v+/msRF0ul+M0KEO0KV0gbdxyGhQlapUjxyyzvu9qoVjUGvPFRpumiFJLKbWqSOlxas6xL13t6zSOXe1aDlGrzWzWd101cXB0tF4NpZSpZUTMZ7PVet1am83mw7hqU84X85a5Xi2R5DBGWfu+6+o0DrV2zVlg3s8gUARk0qbW1TLr+rQLIViulwmzWQ+Ro1VRRLY2tmE+32jptPta1RWRESUikGtE13eK6Ge9sA2UaWpAKT0GKAHp1jJNtqGUvp/34zRN49j1fdf3xRldrbVGkfA05bBeSQVTu7LY2EAxjWNESFGtw9XSRnaSESWKAqZsYJthWEdXimL/aH99sJxvzAO62Qx0dHBYavSzvqt92hFM2VRKgCDkGiWbMydFzOd9V7paYnm0BKaxHR4dDOthatPx4zsbGxur1VGbKJ/wUR+mommaSqktp/nWhqTl0XKx2DAZlDa2kBLcODg6uLS/J0d00dL9YuaWYc0Ws43ZRoTJGKdhPYxOt2zp7PpeBaWnqYkY25gto2qaWldLKTVb9rNZFzWiSsIMw7qKdHrKaRqiK7VWtbQcRGZGUdfNcI4tZ33nbOv1qouY9f0wrA6XK8SsK820aRKuUbva175zTkghZWtgZ0vsMa3Wz+ZgzDSO4zT1XRmbE/qqlsPh4VEtheJpahExTW11dFgiBC1TCMV6tVqv1/N5P+v6NEmGSteVWopJW2PLriuttVK6vu/Glq3ltB6ODg5KP+tKqbWM0+AEVGpErZktW9qolL52FJeoR4dHR3uXtra3URmGodQuihoNXPsatTZyag0pSvR9nVpr09R1pUhTNhAYZHsc1lNLFLV2EaWrRRGZiY1obczJta+Qtm0hYUctbZhAte9lS9HSJYIIqpyMw7r2vVsLoomkldIpQOq6brlc7l66MOv7KFFK7boihZBEm5z2lCmpqESErL7rJAWRdo1SS619iVRjalOT1NqUrREhCLlN0zCsuzrLxnJ1WErX9Z2kpNEUEUUSNE9SYA/jVEIlAhxEOt1aNgQStiSkbAZ7mqYEmXEa01apU2u11kBSSCEQKIpMAyQFmZ6mEYXkqRlSpdSopZbEZKulolAgwIS0HlfTNCoioqStoGUTTpFTi5AkO0tUlOv16Iha6noY2jSWvsNZo4taSil2tinblJlZ+9KXrmUDlRKE2+TVsMpstRYUrQ0iQgqitWk1ru3o5zUismVIFLLR9XXW9VFLcbRsJWTTnKDZfDbZNYqKh2EMBSLNZVH70toEqlENOU1Tthpl3s2dXg7rnKa+67J5HKdaa9d1Y5vW62UppZSQo8lddDVKFLqoimjTui+1NVt2c2LLOTlCNYISXdeN4+DMrvYhT80KSZGNGnJomiYVOSklshkURcM4EgVjpWwHYTKn1hoRNuQUEVIJRYRDWDXb1FoiRSmyal8LchClqxERIWKY1s62sVgoSAd2KZ1bqyWkCKllCrVss1mHStiqkgp2RJTal4hhXE3TVGuRAhSoCYGsZkdEREjM+1nUKF2RQ+GuzhoZEaXv0hJKUrZKYJUarTVJXSmQgogApnESZbFYRJHsxDlJzvU0ZlJrkdUSCQEKlUI6x6ZS+lkXKsYlYpwyoJ91ylA4p5YtVapbI4hgsg19rQply1AQilBXSqg4sYTttKSpZaAoYTInQ06tBcW0NhlhM+W0Xg+zfjbb2GzjMOWkUpXZMqUoEcBqNc4WvXDLZmdLoqqUDjmdJKVW28YpIpAVYJIImXQTMQ5Dm1rtqu2uqwInTqdxy3EYLZAUJYzlUIAEEQqpkbUWY2f2XW/r6OAgaswWc6dzylKLVNs0dn1XVFpLC+EoVXgcWu2KUQkBxqVWkFCthajCaQ/DkJ7cEtOVosL6YIkUtSIsMluRum7W1TJOUxikcRoFlqbW3KxQrV1Ac9YaQlMbZaUN1CjZJhQRYVuKzMw2pTMlBTUKtpGzCUTJcKiqixICSEshEyUUAjKzdNHG1qap1gpkGtswmWlYt9ZkpbOErICWFqGWLShRKmSoSpNdpKg1SqlRq3NSKUjYtXbZmltLheWICGzbJuRpas3uSzH2OA5TmiSzlIqkWooiakQptlVKECUkqeU0DpNKKbVIUpgoCExrEyhKTU8t3XWdJIvaRSllPQyh6LsZVpvGVEaEk2ma7IxaFcVyLbVNbcrW9aWos9NmHEfk2XzhlqtxtZjPZ/0806v1MKt1vjmL2oGUbTWM2aYSpU3NEKGxTfOus70al0AbW+ZUSnGwWg2SbU/j2M06SQpN2VbLcdYViFwPighpOazG9Xo+m9daMjNqGacBmM1nfVeHYRjHVvs+7Km572pETadKzPp5lZxkukSUKMvlcpjG2WwWwdimotL3NWpdDuuj/f3S1dp1pShq52zDNCiitbTVzWrta1EtJSJqrQFaLVer9Xpra1OKo6OVSggwdkzTMLYmFFHSztb6rqu1TpkS/ay3tR6HsGrXlVozm2l2KOTmkDDOZrDbbLGo0UWUzNZsYJqm2tcoIRCusx5AQAqt18MwDLWUUmtI09iGNnTdzGZ5eLAxX2xubbXmUgKIUrO1otLVOrZxGqc2sVwunQ4RpQgST9milvli0caxtSaR2bp+NrVpf/9AqHzcR39I33ezrq+1CtWozpzaaGIc1lF6ChQtZrP1etX3s1pLKbXWMk0576pKabiUODw8wIFkiczVOPZ9t7FYkB7XLWmkQkjUUu2SOUpRa1dK9LN+GIdxaonlHIYhaqeIUNgWOLOlsI2cbcrWxint1eqw67pxPdYope+TnMbWhqErISIzA0lATNma3VozUpTMlLPU0tWKPKzHKEq7qx2APZv3NdycUdSGnKahRLTWlut1KTUgxayfRYlpmmbdrPbdlFOJUqOmyWns+76WUqIztpXT2ForRc1q45h27QvZuq6bbWxUKQ12S3fdrO+6dEbUWktrrqFaIwJbJRQBRTtbx6JEpmezTlZRLdEZUNBQjb7vIiJbs0E2liKnCVBRtqwRpe+6Uo0zLSFsgeTMlmmrn/W1lJZq0yQopdpZoioC09WajSnHbJk4pCgRilCAQ6h2zsRM0zi1VkvMZ3NJh/tHUWrX9wg1laBlTm1q2ewEz+fzWqtN2mnSRghJoaJKjJ6EFdW2naWWWoqDQJRomX3fF6WizGZ9iTJOY5tQYBOSQ7V0IdJeLVdEqbVM02hbRJvGMYdpGGSQ3UZUwKWrITCl71u2iFq7gil1Nnm0k4goklFIqISmNhlwtjStlVJCRFQFtXRVkW7TNJWub9myTREF1EjhtGa1T5w5ymFaia7UUqNgMh0RCnKy7SJRQ9jpGqV2nUVrmdkkopRxGoRm80WtVaSzKEKlgMMhyY4pR6W7WilRikJKu01NUfquTzcTXRQCG0m2pzYN2WrpLBVF6UqVxqm1NoVKidqS1qbMRNDalO5rb09WKYEUIUIlSkms1qRKqEZRME1NKpmZZESpEcM0uGWtXSiXq1XYs3nnKYcps2VXSoS6UnJqQlGKVCOIiExHESbBmfP5TOD05IYV0pRJErVkmxxIalO6TQRd7UmP6yHBJiQc2TLJUjsBkVJRiZAy3drUcqy1Rq1AIEXUCFVBjOO6n/Xz+SKikqkSU2siVaKUmm0ylFosIUV0UxsbLjXAsp2OokzGcTKt1k5mPaxRdCidBiFJ2CUY29halq5GSIoMV0o/623SY7a0KRGtTTm1zJymqatFtdoOotktm53ZJkVgpiltakgR2ZKqQAgsSV3Xpe3MzBa1IGRqRJopJ6XBitKyOZ0to6tdrUQ4DdToSomIEEqnopQIkrRbNghj51T7KmJqk0E2EmEsQa3FTqNSu77rqyJKLSUy23o9lhoRRYSKFKTVWhunAQlbKipRImoUSZnNLaNEiZLZkKUSdtogSdmabUuZbZzGiDLru0yMbYOJUDgi0u772Xw2K0WIvp/VUtOt1moxjS5RJJMg2aDEznSopI3ou85KpRTFmUnScmqJ6Ls+AizTcJQSXelCgW2YpiZorU3DUGddiTpNk3Cd923Mlq2f910tJfoCpajvZul2tFzKGjLDqKjvOlmqpdba9bNsbWrNLWtXMU43G2dEKMLOqJJUoxAe19PRcplWCRBkpLBTARHGmcatqxUis2FlZChQtdPpUksohmlURC0FCTJqwVJYoRoVDOq6Psc2TWNIQYxtwhSRRjht4VLrODTSNtM02q4qEQURLkiZU+LiKF1VREilq25pWpQSwiC773qk1lopRVgS6RBuALWrmS0iSDU3G4GlKIEZh1Xpu1KLQYCIkKSptVoizNRaa1ONIoWqolRaa043A46YlToOrU2tdhVlV7uIQqi11nddKX3UMivdME21RN/NhmmopZSi1lqJ0qaWmTlllKhdhw3yNM26Pp3OLBGr5aqf1WEapilni0Vf+qk15L7v2zSVqAo1uw0NKWpYMazHcRyNutoZl77LNg3rdem6ed+vDldpz/pZa81S39XWxtrVQnE2Ryg9udlqniIKdnPLNgGlBqlhGpulglsDSlTVGFerjcWmRMtsLYfD5eF6abf5bNGGcRxb1Np3dZiGTNIpRallWA9jG2rUEgLW4zBNOV/MIMf1mDl1tSq0Xq9Uai0loSgQFh4zlYrIKcdpXK8Hg0oBk0SJvqs5tb2DPaOu9uOwbm3qu365Xk3j1FrW2kWQrU1thFqLaqkl1PXdOIzr9bqfz47v7GRrY5sUms37aWotM0I2ciMdhZAiCkHatZZS6GZda03BrO+PDo5IlsvDmNWq6GeL2Wwm06ap6/t5X8rHfuSHTOMQqoero+VyVRTjNB4cHkbEvJ/XrmTLNk6KWA2rgK6fb2wspikzJxTZ0mROOQ3rUmutNWrX9bNpXIVKlG6cxq7WiCglSi1taqXrsk3jNIZKutmexjZNYwSFagEs+n6cxvV65cxSCsE4DaWo67pa67Qep2nq53MRNUrfdVFrKREoIvq+31hspAjRdX2pZRxHcO1rKEotIXC21gy170UUNOv65XpYrVa16/pZH8KmoPV6vV6tyqyvXUB0tVco7TClahinqU0TWSPmsxkWQUvZKWmcWtQYhzaOK5u+72qJcZiiME1jV7rZbJZtIg1RujpM07heZZvSjtoZgnCxjSJkRanTNJTSz2ZzKRAR2E6gqOWUaSdJ0uj73s3TOEWoRKdSLCJCSMKZIKHSgSNC6ZaJ7VpLrTWidF0voaAE09gMthVg7GZQqETYKSilmCQtRdQYx9GSREhRusAR0dU+p3G9XpWu29hc1FJlXCSVKCKRZFkRbZwkAGxbUWRcSk2bTEq4JdS+1pYpu5QKZKKQQkUVGNukUiNkPE5jiQiV5nHKbDmVrrSpNVJEV8LGiSKiRIlSS3FmP5uXrrZ0TpNwV/rmbFN2JUSUriIhC9vuamcEKiVslVCzSYMQLVvate/6ria2kTy2Sah2PZnTOCrU9R24RCGhSDZBVS1dsZEQEGHTMtMmM2oNSBxSOCwjmTxaHuGstWRT7UqExmEMYWOIQgJGppvNSwm3yZmIUosCpxVya81TV2fI2RBNUds4DeMoO4HCRj+vdYYbVmZT6YD1sCqllNqTLl1xc6015RC1qxBgCItsjhLRRZg6n9copBUirQhDCdUoESFHV4tKVbY2Tvfce89qtZrPNnHO+rpajxfPn92YLep8tlq3WtWacGutJZZp6cyxqKjICVK2DETQdbVG6UrJbKolkBAoIhDFktTaVPral5KERYAtq+GmJtKZrdQiW2K+mM/7vtYu5WwT9tG4zvUat+XRQY5tGNd2A4GiyGhs6ZYpHFEjghJR7JaZpdQSMaymYRxDatlKLaHS1RpRQIG6vleJlk2lRsFpkVlKG7MNUwDWOA0tW9R+GodhHKTidNfXErW5YRvVolJrSE6SZlum1BIlyGxtGqYJOzPBUSIUIEnjNMqOWm0DQam1dKUqlFK6CSlRiUAQxopwGCkUCESo0KZJ6allumWWEEXL5dKm1gKBKaWUGpKwUWBsQxoiIjPSrZQoRZb6rkOSoioohGpzE1GiqCDjljiBEoXmRpYStiNq2iEhowgVKZMA2c7W1m0oBAZYzBZ9rePUjHNsOEvp0k2o1Foj0imRmWnT2jStW0OVaRxbaxE4PbU263vbmL7vSlfBQChkslmlTtM0tSlKRImoxVYtigjwvO/tnKbJ2Li1NFlVogSZilKizro+Iuu8m5bTpb3dxXxRu7p/6SAz66yLkK31sF6tVouNja6rJYoUqiVKBDFO09TGlg5h3Jpbm2pX+653NmViS6UoFFEiItT1ddbPaqh0JRQRUYtqLVCGYd3Gls6+71trwHo9jNNaKiJK2KAimWEcpSilZKazpZEKqCtlsdiQwNgmANsupdZao5SA9TRN60ESxNQaYKdCOBNKqYAAHFVRwjbpUgBlOj3JIhQqGAi3RK61Uso0TmCsUqoKNsYtx1Ir6fUw1lq7rqanacocp76bOVspFQhEpiSgm/WCzOy6jpCzlVKRkaf1REhdzSGRa6lFZfQQCkJCRhbjOGU2lYJxTtmyKUvI0nocAk3D1Fr2fZ8wDS1KpLN2tU3NbhJOuq6mWa2WKtQas/k8pzafzWoJFOoiFIU6TmO2MUqks9bo+1kJ5dA2tzcJimqdVSe1KwYk27WEuorJTKIWqbUpAIVJK0qNNCGCcLoWFMU59bPZvJ+NY6td6bsupyYRhKBbLMIglVKPjg6nqZWuIoncmG/Urhum1rLVUhQsl6tSYj6blRLjNI2rYTbrFSVbKmIYhr4vtXSZGaVYKjVQtJbTOGVObRzTCJUI4fWwdkLRrM5KV0uRgmFsUdLEbLYoNaY2zWaLWddN09ou29sbzTnvZ7WvjTzaO4CwM5vHNoVjymE+W6hwdHRUFMM09PMN59TFLPFqtTQUlak5syU4PIytVEWUcRhKqfP53NO0t38wTFPX9cM4zvp+vVrX6JIUilo85TQ1O6eplU/46A9ZD8Ph4aFMrV2a2WI+rIb5fF5rKRFdrWNrEl03K1HA4zglnvfzdIvoQkzT6NDm1mIa2zgMNBIvV6tpPfSzzq3VKqM2TaM9m/UYQdd1pWiaxlLLbDaDIrJ5CjS0zDYBiii1I6l9VyKmnMYcS5R+1nc1nB6nKe2xjUCIo9Wy1HBrzc3gyTjXw2rWz+azDbvZnsZp1ndmGtZjm6b18khS7Wc1hFSCUmJYj+v1qBLjNBj3tUYEjagRknPs68xuNhuLhS1AJVobl8u1nbWvLZtbEwaP40goShmnls6uFlCEIIZpGtaDxayvVWVsVi0lSq010+M0ZbpN45QpNLbJtlSmaZiyZRtXQ1uvJ4cMQrV2tRY7V8M6TS3RckJFopYiRVeKSkzjaCi1A8ZxGFtzy1qqqsZxcstxbJJKiQQ3I6LgZiGJlq5Rk5ZpUATRFZDNNLVpGoVsE0SECJTOjBoo2jgeHh3VWhebm21q62koUVqbsk22KMVOUmQqSlc7oNSCwklXi8QwjiUCaVgNVislpBJiGEYVdbV4SmNnZloQURHZKCUIy6UqFJJCpkYtoQSkWhylGEWhn88jpFJKM+GptbG12kXXlXGaxmk02HS1IwMkUaIGTG3ERC2KcJusqCEJRfS1i1Kmsa2HdSkREa1NtiVaJtg2mRGltbG1lKSoNaKhzCTCLUESNiFUQgAM4ygcJRBVxc4opShq6VvmerVUBG7TlF1Xpza1qSGyNYQgcWajMOuqzNSaG9M05OgoEVFLjam1Nk3z+Ry31Wrd9RVimlpmgmtXjMFTaxGBYlxPas5oIkQApZSI0pWuZRuHEZFOoXGcSoka0UxJW0QJt5yMIkoRppQqSQWVkulsY8I0TXXW9SEiohS3vO/s3fN+Pp8v2jQoonZVNYZpKkSJQEgVWWiYpoKiSFLa1SKclkqpiloqZIFSu5DGcUgcKgKFSoQhSpSuhjSMI7iUbmpZFFFKtqkN08HeQctxPp8FMWbLNmazMnOaDvb37j179tSpU91iY2rNgiIlKlFKKYRgykRG5GQVWrOdtdau66zouuhqZ9tpcC3FTNkySpEbqVColi66KNRaW7qEFBERfSlpppxqrdN6NY7pMIlCXa1dndmZ9tQalL6rtfZyCRO1pt3P+9LVbC0hs4H6WhWS3TLBEYoStZZhPSTZpgl71vURkRgpQhGgGqFwtkwDoRIdYOXU3NxCZdZ3QgHTlLPZfDbvx2EYh3XaIpRSEBFja4GtMo4TqBaVUK21mWkcWmul1MCTWzaHRGampWjTNA7j2Kb5Yh6KKFKJEpEShnTf94qwkd1sgUzLKUJRoitdpu2MWiSmcbIoUZzZ3EpEqZ2cRg5aG4ZhQCpR1+thmjKdVYGzZUYptjMpNSSN04RUuhKhkIwspye5SJgsXZdmmsYuQuE2ZaaFmlu2VmpXJEEJ1a4kma2VWkuprY2yMnNcT9Mwbmxt2FquV1E072YtG84ohRKBo9QSpMlmKSwLRaiUUiJAJrFrKZYyp+V6MNTQ5ERSYRyaFF3XIQPT2FTC0IZRha7WUIRssg1TlBBIMVvMI7xcDkVYYTelZosuIqZpKl1fFAR4anZBq/V6GqcoEXKmo9ZApaqUmq2RGVJXa1QEklAAfe36rjOeppa4SElM0ySi9h1Wa5MzQ4ooESWCdJaIKVtEuKUzu1pK7QJJynStXYClUopbay1NW69HmmutlkpXUdgOrBJRunQal1JbThFhO8cpTYkAMMiEFIHJTIzDlVK7CnRdN+U4HA1DNntSKN2m9WTc1c6hrpb10brv+wbjOM4Xs2zZMiWiFKWHYSWrdl3fz2sN53R4tHSm0IVz541ni/kwDFNLW05P43oc1sthmPXz1to0jl0taWotmS2IkEupJoUys9bqZkrta8Uxm/dQxvXatktRqrl1pXSlrzUiorVWI1pmus0WczvX46AQLY1rra1lZrY2lRLGJWo2pz0MY8GLjY1SapTAUFyjjsOQmSGczuai6Lu+7zuVqCVkWrqW6GpXapeZIUVIlJyaikJgSu0UZFpQuy6ilFLTU0QJMAgZpMjWlsujWjtDqdU2UlGkPSvFigiUlmK+sdF1lZxyyn7WT1MLaTGft2wRqrUfh2ExW6RzPaxr7TpV5PRkT5ltVueyj46WCYcHh7WrhlDM+oo1rlfjOM035rP5fJqaxDRN2ZLi1pqDiFI+6sM+KODEiZNd37Vs4zRsbW4tFjMnmW3MdnBwEIEUEbWf90EZhnU/m0eErahMw1hqlNKXWtbD1LKVGl2pUWrXdbVquRylEBERIU3TKEUpdT6fRdRpGqOrOA4P9oVq7VLOcap9t7m1WaK4ZWPqSpdu42rsZ/P5vD9cLodxmPULoVJrF3Vs08HqsA1DwdM0uSWllFAEmRliuTrKbBERQiWKZLmWWrqwXAqpVkuHWR0eTm7Q+r7mlJbm3TwkK6epCSRIMiQhKaI43aaJVLapSF3fhdWyORnGMaRQIdvUpvlsNu/7UB3HcVoP/azrZ7NhuR7bVLo677vZrCci0w2LVqNGraBsLRS1q8jr5aBSSq1Ta7VGKX0XUWuVnVhWOiXVKKXUEFFIaxhGBYAISX3fRRSkUEgFjFWqMl1LOGwjxTAO5NT1ixKlRrQ24UYUp22XLkRkowhRao2IMBQraokoIQGlFJBt1QhH1CqFEUgh2QeHh9mm2azvSlEoSolgGttEE5EQIopEmTIxIqdsXde1ZjujFOOudp5yWA+2E2Z9V2uXbgFRCpKsKKGQ02QO06AQCtulqHa9ENlac05Tpp2TSiiiq9VuAqRsDaLv5iFALScQzRSG1XqcplAptYbkoDlLiS66KMVpFU1TAgoJtebWjIgoLRsKqYQEUihSJhVCinQEMrVUCWfWrqtRQiSUiNr1mcjUvhpqV0JlmsZxGDH9bFa7WZFLKWlHBBKKvtYokS1btkJErW0aW8uuL27CqEaJUkrUrrO9Wq5tCRQliAgcIctoWI/grnZWtNYgZ4tFlK6rJUp1WiGpuHloY1dqidKmLLVIatOYSdQKTOmQVKidQtEmp11KmVq21goqoquVzAgd29mKbg60yV3XzRcLw9Fy2c3KbLYgEBHQstVSI0opxa21zL4rJqapTVOLkNSN0ygppKkNOMepRVciyjSORgGWZSxaNmNaI93kYmWmSSkQpVbSf/+3f/OUJz9xa2uzrz0CsnZdqTEMQy3dzvETm5vzrY0dU0qhTU1E33f9rA/cnG1q6axRi+qYk1QiXGtXa43o2jSVkFGbWmtGMjlOrU1T13fpVCAV7KlNOZlMu1lysx2GiOhLV0rNTEmldLVWIoJiGds4pDBRBEzjsJ5GRdRaCmG7lG7WdzZOI8C1dBYkETGNk5yr1drgpKudoqzHlaRQtHRRQLbWKBHRgZmaZWE7SpQQUWuUEihh1lXVki2zmVBIaU9uJVQiCuESs36GXSKiBiBCoJANEQbsIpVaSu26rubUZCgx6ztFl6QbtRZFyXFEUUJOSYqQwc7WstSiKE5LKl3n1rK1EkWSRYlSS0lPzQ6p1E5Saw5RSyeUzaUIVGvZ2NgQItRFKaXUEqRbTrVUpDaNGJtsmXZEhCO60nIqqNZie7Vc1a6DyJyAKY2z1g48ZSulqlZDm6ZsrqVAZmZImW1Wu8XmJiQwtiy1zObzaRjsKCW62iE5PbaWzZkNt6IaNSKEFTUwNhHFWGkAqe961dKmtFUUCDxmo+t6UGupghTpFIFpTkld7dO2s6sdUliWxmGotciksyhUitPprKXWErLSzuZMRwQRs1qAqaVQyMM0OtNSrYVaCdxaa0gRRTWKigChWkrILQlFOkOUGjXCVq1RoqjI02Qsa8pmqysCLPpZHyUybTUnVazHQVJVtGwRIReRKZWIWoukYb3K1krpbOzWWgMUMQ5j2kVqRiIUNUqpUUo3tqmU6GpxkI2QFbFeT1LaTGPrap3N+xqR2eb9vPQzQbaWcqeaas6czWa1aFwPpfZ9V7OlyTZNtZ9BGnV9bW1aj62U0s9m63GitTrvu242rcfMJlivj9ymnRMnFrN5qJBptLGxIcU0NeTVelgeHSnKOE4yJYJ01FJLaS2nNkIUkZm2ay2170PRmsdhPbbECSg0jOtpaIvFZqanaeq6Mgxja+5q7bqQGKfW2rhcrgxWbsznlLBUShdQammZnjKzDeMwn80W/SKlqU2KkDQMA9ZsPku7dLUr3Wq9tClRsKeWVZWikPpupiAn97WPGm0YJbpSACLUPOZohz2lU85UZGsGZ4JKRJISYxumKe02rEepRKAS4ZhaS7duNpvG8ejgaLlaldp1fV8iMGObhvWwWq5q7eeb8xIFRVe7ZktSKGrpatf1ta/9arXM1rputr29WWqvKEdHB7N+Pozr0tWu9v2sFpc2tVJqP5uXj/uwDzbu+jIMYy01ShUClsO6Vx1yGoe2ublVu7I6XEaNftaPQ6tdtKGVotaapIiuL/XgaF9m1s+i1OasRUaLfl4ilsvlMKy2tjdL7Q8PDhSx6PrVOIxTw8a4Zal1tpiXUsIiQi4RctrSYrE4Wh5O06AofSkp5zgWqfZ9ndUwyHZWtJjPa9+ViPU0FByhkKKW5epoWK5KrSXCZhrH1TTOahe1zPpZ7bpAy+U4rJf9vDs8Wk3DUIui1PWwiqjGDvVdZ0liXLVL+7vTOG0s5uvV2LKVIkmlRJ3Nap0tl8v1alm7vhRh1+j6WTGadX03my1Xq9V63Voa29SuyFLEOI7TOEUp4zgqKIpM11JKiERBKZ0h3bpZ35XOtqRZ30ctQuBxbLZLKSGViAS3SV1pzaAoxZnYlopimtbDOHRRFFG7CgR0XVWtJUpYzowSRbJDmRFhNI4TVilys6SuRptaZlOItKJESJZxlLARdgoByswadT6bOfHY+r4rpUytlagR6rqu62qbkiAkRZnGEdTVUqLgTFulYJEoQhF96TLSjdrV4rBodhT1XYcthDg4OipRatdh0laoRthgt8wpp672NQKiRIkSVgzjmG6l77I1TylwOmpUdVKQTYra16LSMgnXUlMgZRqotUaEnaEgHYqpjetxsFVLGJeIUA2UmUWKKAqcrlEJWraCbAhaIhGKJA0RJd1spULpqQ0JWFFLjVCxigphaxjX4K6Urp91s+rJUUIlWkuFUJEURUQE0dKCaZqUmWkpShQHIfqukCDbSExtKGDFNLbSFZVuMZupltbGli3TJUrXdy0nKRZdH11pU2bLsY2ZTRJhWRFFAtlYdlpVUWtnZDyNKRnCrdkZEbUUKzMTo6JMcswElTDITnuccnO+qKVMOdXaI3lKwbBel1ozrZCUuFFq33VJtnSEJEUNyJAk2tTGMbNNtXQRTK2ViOaMpOu7aZqc7mvv8DTlNA61rxFdy5x3syilJUqXrl57zXXXXnPdhQsX1sMwZZPV9zMFpetqLbUuWsuhtb7vo3TTuLKCtDGodjVQBCpSgK0M48x0upQy5oTJlqWolJKZYZWuOFMS1tSmNg41SulKNiJCOG3SJexQrbW1VkqUWhQRqlWsx1ERoYIoCqedzWYYJ5w1IqIO4zCN6zrvAqapRSmlK27NuNRSoqRzdbROR+miq52xpNamzAwVIDPttKQkW5YqmimRYyYOsF1UILOlm5GI4pbrcYjQxmwRBYhSK4YSIpSTodTqQEYKAik8ZeKuK4GISqRUailOR6GUKooUVpYStlsaSaHWWpQiOd1AsqwshEIG22mLlIqKolZFBZcoiVubClG72TiujRRSemhDZgoZ2jRaVsQwDIKoJVtOmV2preUwTsZOjJ0toas1gBAWgii1VGFbpZQ0dnalOiilRolpTDsDjdMIVpQSRaU4s02TFFFrFCmVUl9L6YrJWmduVihKFxGSBBYytZQoFUnQ7HEaS4RbM45QSC1do/TzvpRq06Ypc4royIkomW0YBttFKrWGCcmSbTshai2ZqSIUbZxWw0oR89m862qmgdIVk84EhNwy5aISKCJq30lKOyeruCjGMXEStYSkgm1nZkYoapFkyMw2ZXTR136i2e5qpyI3pqlJESGkZkOksDOhKAK3hBJd7RNjqaRTNpanloLEtrtao0pRZl0N1UxPbUp7Pp/VWsZxCAXIuNbAQopQa8ZpgVSiTDkVKcdsyupaakzpNo0hzWbz1sZSolSGcWqZUUoVBhsiZFqbMl1KKbVEFBeytdZa7bpxatOYfQ23qaUllMKMbdxYbPazfmdns4+6PFwpokZtngJqqRHRlTpOiZh13dhyGIdxGPpuVkodx2lcD6UrXdfVUoY2RRSDM0vphvUwTqPsKVuze0UpdRrbej0ItalNU1ss5ouNRYkyDCtkO2QWG/OGsVXkzFqqFDlNXT8Dlyiz0o3jqKLFfLYepuVqiV2Kaq0iXBAoVBRRw2mcgkTKHKahlNp3sylb2qVElCBEs0rJzFoDlG5KwKv1+vDgcLGxqKWu1iuRlgoFJEfTtNjY6Ls+W0aQrblZIvAwTF3flRLDeki7n3XTOC5mW1ELrZW+q3236DunW2vNok2167u+iy5mXWc8TRNSJMM0Be5KjaBlStHV0orH9dham8axKzUzZ7N57Wa1lLTdskGgNk2C8okf/+F91zs0rNattX42W63W0zR2tSJK7TY3NmazzlZXyzAMiSTGsSnAbZiGvvaqcbRcdt2slg57mMacpsV8Q0XDNGVOaU/ZokSbJgshE8vVkcw0tdVqGaX081nNSHIam0J2c8MEou+79Xrd1brY2hQa10Pp6mKx2VpzehrW4zTVUtNpt3Ea0mxuzEuJS5cunb94oa+zWdeXWjMbZNRoU9qtq51Eay3TklqbCioluqLou67vpzbadLXUWrNlSLV2zjab9wFd19dSx9Wy9n3f9Qqa7ZYRHlejijY3N4dhLKUSOB0Khz3lNE61LyGcBMJELYpoU5taq6WLUETJqTlkGId11IKj5SQ7M7uuJ7O1sda+1BlkKEwTtURpOFtGlKlN4zBAhEJCYBrIbjjGdNfVKJHNISwF2CY1tjFJReAsJcAOt2zTmHKWvuu7XiqlRKpkTmmFImmZGVFKiXQCmGyZtDZNJARtNDLy1IZSa2sts7m5dMVmHJvtUktrWWppzpDqrG/2OIwtW6dQKGqRyGbV0pcuKk6HIrMJRUQtxcIop7StEl0NhUDZWumqMy1H7ZwupUQp07AmUGqaxiJEASukiKm1cRy6WqOyXq2zZS1lag0sKScrCgJFiRI1CElSFExEIIBxmqKo1KA5wU7Jta+l1pZEUVc7oXQTgRChsJ022BZCKKQSRV0pLVuaUOCWzYkzXSKMsk2tZU5T1FK73pnDuFZQuy4Cm4iCkG3ABkoNiWEY2jR1tS9F05QSESXxahjXq6NaS19n0XW11lIKgTNNWy6PQrG1tRmKKCEUlFpLs9fDuk1jiFpqJqVESJlMbUAYBKWUKCVlY9KGOitKTW1Ku9aulDq4SeqioMj0uB5c6efz1sBZas2WY8vZvK+11NKTGttg7MlTtr502cb1MIRCpZKWyKYQEiZDypY2OGots3lfooBJ2TYOSumKrWEcakQ/7+Tapim62nddRGk2ipSzueW0fWzn2LGddRvbOAzDCHbKzjEtxTg0gauEhFpObZiEM2QjK2qtpeSUUYoUbWoIBRBgJGHIRhq62glFQaVkToRCZVqvh6mpdGBErTWdk93XUrq+jVOzQsge22RnCU0ms836udU8pQMpbDdaF6q1k8JOO2s/C2u1XqOY9T0wTZMza1cxrbUoms1mKhERabt5HMeu60otpJ0pKSQiSE+tRRQF6RZRFMg2SHa2qWUIhMmcplCxGNaDoOu7xEpLkWmDsI0UpYQkqUhCiMhmKW0FWBqG0a2plmzpACkkhaaxZWZYwjIIm2wGQhEKBU53XRHKzKLS9z2mtWlqY0Rp45TO6KoyM5tTJZQgRZTSlyoFVWFNU4O0KV0XpRYUtSK1nCR1tQqVWkupXde3TJypDFSjGCa3KpUIsEIlumFYK6KUkmlJU8sStZZo6YhSiltrNirhnMaxTZm11Km1JKJUZ5ZSUgLc3GhtbEWl1EqtNpIshRjHoUCDiICICEFCoHQO49B1fZQijJiMs2HVWlAJSaHWDAZHRIScDqlEJ9GcERERtUZz5jR1XS/CdilRKKUUSZMzpLE1SWCQ7WlqQNfPMLXrasR6HHCmCamf9bX2TocxpJtxpoWYGlFqKZgAA9gRysQ4s5YwAhRqzVaGKiYzTZIS2A5Dutba1xpdDauUmFpzttJVJ1Ob5vN5SOtx5ebaz6dsnlxKlK6EaXLLVhWZHqcpRHPW2k9tcqZq7aKoCNPP5l0pU5tqVKxhWJeuyB7WA0RXay2axsmZtXZdV44Ol4kX89k0ZmazGdarUiOCcWq2RJRaTY5t6muJrh+nhj2SXVej1KDM530t/dTG1bB2ZkQgj63ZiYlQnfUlFLX0tTM5tdZFjVq6Up0JQtlFWAFZIpDSVrjUUmtVV6dpkiQYpymdfZlJNirdbFitpmmspba0pKJoyiJqrWMbp5YqIdW0x2FVSmlTq30XUadxmtpoR1WZpglAgT1OQ2ZmJhmzvuu62XpYhTzvF+M0rtbrTIeENeUUAeCIUPR9b1nEelo76WpXa3S1lyNqtGxBqJRhvQ7F1KYial9L7bNlP+8FmTYC2jCUrmKrlPlsQfrw8LC1Vkt3ce9SLdH3s9lsdnhw1HczOVpmZtZZV0opXRit1+txbPO+j5DtUmKcpnEca9/3UdbDUIoi1KY2TpMU8/lsmtqUrXzcR31ITi5RIgpuCnIy4b7v1qt1KaWWbm9/P0TtuqPDw/TktHDXd6thNY3M+xoqFrXWzGlqbdbNCNqU2FFK3/ez2azWbhqm0vfzbpY4IroSXVeBrp+Vrjvc3ys1yByHYdbNokQ6S4lsU2suRc1eHS1LRKldtgTa1NJt1s1Kp+ZGy3FqXS1RilvLdFeKpywR/XzeWlsvl6qlEKXEop85c8wJJ9lW63VIte/TKKJEZ7JElK6PUhXR2mg7ahiliVrm8/l6uRxaO7ZzbJpGy55as0st88VGP5u5JZFBCcpyvXLmMIwKb25uhsGKCGNnKuijU9BFVXUpnZCEhAicqdJ1pSu1ZaulixIKtzGjRomaBgy206KEnC2dpCGiqOtrG7O1EaSoTiKi62qlSNGytTZhZzOhkDITRFol3JxOEZiIKLNSVNIes2HXEhBF9LU3GATTOILtIBiGVWvTYj6f1a521Tai1IjSZ3ocJipdVyJKTh6mYd4vFAJN41RE13XhmIZRgSyL1rKLYqCQVmZmS9t2AqKoREJOGREKMlOUlhlSlLA1rFeZllRQSIio0aYUAZAuXTFM41hUSylNGUWR0aZ2dHQwDOu+nxNBKVKMbSpIEdM4ElRFoIho49SmDKhdUURRlZQtI4TAlNIXMWW2aay1lKKppTJtIqSINrVpnBK6WmazGc5pPaYdgYSxG+nEqJYqCK3Wa9y6rodJKjVqyiL62axGtMxaqrpwy5waZCmdgmka3cApUIkSMY3NnopiMppMpHBXauKxtRoash0d7EcUiNYcVYWCaG0axwmsUCCQau1ql6KWUETiElEUVBWVUJFQEHQKubkUpIjQMI62a9dnJtlkZbOVQYy0qlKK0m0Y1rZL6SJse7VaZXo5HBW06Oejs9Y62RG177ooMgCKQliSU1hORy0lSnOmFRIFqVCM7WZV9V3XyBKl9jM7mse0ag03ZbauVpuWrcgqRelMr9er2s+2NjdL7WvpmpTjOE5NUfpZbzw1KzMIlahdjdoppQINSONxmtardZTo+oqKx5ZYEbXUrnSBhDLT2RrpKeUAjLpa+77DtHEqqNSiUFdqthzbFFEyU6HmLJRaOztqMI3jOE19KeM0TcMqoig43N+PEuv1ajFbGMBRi7PZRMhiWk8qqn0/jpOkwCWiRMg5jm0YVrXvZ10vSYquq0iSIiKilBK1VGEFEXI6naEIYTwNY61933eGZjsthZANoQCBJJNRQmJqWUsIjdnCRjEO62nMdItQKV2JSEVm8zSgkB0ROU2SwHJELV2p3awnmXIiEOFM42GaSi0RCpRkQVFLSC0btjNtapSu68AgrFqqQekoUUqJiHGcnC0QkoJSO5OYriuupbVJqNZSao3SRQCltWlqzS1LlBKgUNCaq5T21FqJqP2stWwkCSgCpNrVroabo5aullJiGpvsWjpsKJltamNOjXQJsjkTSTaIsCxaZgShcBrZybA6csNSV2oDyeAo3TQNq6PVOA6F2tWIKICNoNau9sWJRGu2swUFRYmqgiLdxilrV4pqcwui60qmjbCJyDa2dC3RwJlSKF0KtXQYZKcFk1M4SoEmqeHWBlEUwoQ0jtnaoFJVQiqBpmFYj0MKpmZcSkxTQ8aQRgg5J4hSawk5XbpaFIlx1lqwhmEEpja1TCEC47YeiYiQKE6MoiizdVGGoY3jWKL2XfGULXLedeMwNdKjq6SIUktrw9HRqqtVQZRSSimElOM41tp3pSzXy5Zpu7XJU5v1c0Usx/V8tqg12pRtmFSi67psKXu5XmJKlFq6o+VhRFlsbNTSN7KWmG/M3RjWq9lsXvo6LlcNd12/OdsotSOdTlul1mEYpdJtzEOxXq+72s26mW1UALsVhVSagaaoAIgoTpdabGVOTrpZH13NbCFMZrZ+Npt1tbU2rNdputrVeS+lnUG2xHbpur5WT9PUPOurXTKbFPP5TBEqnoYhk63NrQhaayqRbYgopQgi5CCKIEotpYhpmkyWrm/TCNn3veWQMl0i+lk3DeMwjKX2s67P1kyLrkYyrMbG1PdzAiwUCsachBotZEe0adrY2hhbDmObd93YxnEYs6VpuK1XR12tU6rUKiLbqKhdHzVKEluLjcy0GNdDlNJ13TSu+74fh/WUSTqnabZYCJWqcUpnu+/ucyJ3to8j1uu1SrexMR+msdYC6uddX2smJotUPu6jPtgt1+v11FqpnSgKlRqgWru+73AuV6thWJcSodrP+n4+m/fzNjWhzc2tKduwXtdaIyKbURytD+f9LIqWh4fjNI7jGKXItEyFpnHqum6xWBiGYaxd181mStnZz2ctra54ynRubmxkeu/SpfV6vXFsm/TR8qjrZ7WrmZ7aFBG2oqttnLrSIa+H1WJzYxrH1fJIMJvP+n5R+y6wnWnVUlqmbeTJWaJM47BarVfLZZQqqKVKECjCzVFkFHaoENrd3c20cGstFCqUUluioIsytUyarBIaW7ZsJWrpwlKJqLMqS6pIw7gmiKilL4Bbq/PZOE6lSKqYdKZTqLWWLQUR0VpOLbu+hooUjbSbTZGEpJrjhDO6ToqIWkrp+y6QVBqJo3allmqcuJbSMjFCKNo0pVFE1Ci1CxjHsZQiqdm1RFe7BNmldgZPUzq7rotQ2qrhySVoSpmudFEiVNo0tin7riPCoWkcPaVqAYMUFFUntauh6KLUvkxjjm0opSJTq3EIWzhDaraEVJDcMsdpaq3rZ6XIEAWlFSBJtOZ0hlxL14ybS40oUgQoTTZblBJudmuhQJAQalMrWFEVrqVg19r3Xe26GWlCIZUStihRSwmFBBI4FEKGpKFwa56mqF1XCopQASCdTNOQdkQppdpGCCKEszmR5v0sijIbQs4kgebRLVobSi21VNmpUKgqQiVKmXW9oracCqVKklbjsF6NBJEEilpQyNmyhUKKKNGmFgpHNLeudBElSQXTMNXaqXSt5TSMqiFFidqVPqTMZjuntHNsGVKpgWJsk021k4ZCYOypGQSeJoWm1mycnsZRaVXZuDlq6WpXwHJrWauiVjtDBNEyo5SQhEpXIzopa9eFgihd39WuL6VMmSUUUljCmSaEAwGUiOZE1FKS5slRAjJKCEhlNqClA6sExpYUZLNcpJDsmKZBDnDfldJ32SwCZ8vWMkutpZtZ2LmYz0vX97WGiBJSUVBL7WrXsq2HKVCNEG6YxBERQPS1lFJCqZCi4Bxbyjm6RZRQlK5KhCLRNE3htEKUWkIqjYyQ7LQVKMIgWZZKIVNkolLDSHYqsjVFKVKo1FJr6WrfpRMRMA6js5XaZ9hTG8eh1FJLxQjVrg7T0ACV1qa+q33tp9ZaZkCo0EAplNDGCdlE7WalhJOpZQ3Zkc1IpQvZJWqNMk2jVKIoikJFkqGERShKtkYiQsE4TSpBpi1yJLTYWKRzPUw1StiJale7rs8gqArXUkopEdGc4ziAa61yZGvYNrRsbbKdNpITgcFIwqkAY5WYpimdyMM4BUHENLY2TVI4M91KKbV2UkSolG4ch9YypyZUari5lJqtoTRgSoRxZhYVQ1htGpfrVSiilpymxNncRRi1bH1XFcVu4zhFDZyHh4dOl1qGaaRl7WrX1Wytlq7vO0rpu9mUObmFogROFNTayZ5a4iy1lhK4TePUzft+Ns9MyFDYBkeEoUSJrqRp40QQUpr05IRAEUghqmrz1KZmAxrGVSYCoVAYO5VySOPYkmxpSUJSKCCNbTsUCmEM4BKUqJKEQRGU0peuIDkzMxEqEUgEJG79xqJQ3JqdKJypiFqK5FprKUGUlhmqKjGOgyJCZLM9lb6SYbkrUYum1qacaldrlETDajW15nQUpslTG0pEV7txmpBqLaWW1XpdSulqiVJt1JqdqoXm0c0NpK7rsk2iBG45ZpKASsuxRNQaXdd1pVLCUt/3s66zI01rEwERpFPM5rMape/nrbUkG3S11FqzTW0aotRSe3CozPqZoU2tRtcYj5bLsEopFqVUwzAOwzDMum4xW5BOAJfaS5LChoAI4aACVmRr0zgoiqJIDUU/n2V6mqYuChHDej1OrUYXwTQNUvS1RCnDaq1gHFqbpq6rmW45ujlqIGqpUYRcIgqluWEcOQ0DMF9seZzaOGVTSH1XxnGaxqZaIxSyqOM09d2s6/tSmKapNYPb6DaNkkoJKabW+lkHGLdhIMjJEWW+sYgofVclUrIiW6aT9KLvS6luTVaUaslpZ47jFHixWJRaS1Qyo5uN47BeL43m87mk9TjU2keNECqlq32tnQptaMM0RtE4TW6ezWdtyswsoWGYIkqtZbGYla5bLo+I2NrcbK11XdeGaZimEk4zDjmOQ1GkXT72Iz649l1rub+3G6XMF4tsUxtb1BLBlPbUZvNF1ChR5otF7aqTcRpqKf1sNg7rTEepmPV6FVI3q8N6DepKRynI2HZOUyM0n/e2Q2o4JCLcWsvmZGNjNo3TerVeLGZp0k3yMExRYmM+Q0Uwn81m85nC2fJotYxS7Mxp6Gdza2jjNLbJ46iI2WxOYxxHJ7WWogLa2dlxMKzH1jLk2tVSaiklFKWvXelatlIiSsn0NI02FuvVKiJm87nJYT12XZ3NN9o0KmI+n7WpDeNqVjsHw3oopXZd37IhUHSlKmprY4miiBrF8jQOQlhdUa01k2EYjRWU6ExTlK4WFLV2hAnVUkSux7XtqLOQJQyCvquGtHMaShcQdiLVqCpgGiaNVGoZ20SUrhRJimg5iei7asmi1k7Fbq5RjCMCKLUIj+OIPU1Ta2MptdYwjojWxjY2VGqNaZhsSlRHtGlarpZd0Ww+L12RyjSOU5sA1SJpGtN233eYISda2rZs5NYU6rraWq6X61AQAR7a1HVdVbT0NI0latdVQiGZLFGcmU4gopLUWk3aQJSuFBhzEgGSokSUkJ0RtNbW63UpKiUIla7rohqBEaWWojJNrfRBdBExtiylqhQ3sN0mKSQlbrabJ2dECdkogqBQVEukcJusdNJyAkVEUTFumbUUUHOLKM1W1NmsSyeZwzhNw1C7nmyysmWzZ/O+1hIRUaO1RrrWQmJ7aoksiu3VOIzTGFFKhMk2pe3MJrQeV0pq1836mpnTNNauK4UwXd9LtNYmt2kYFYqiCMmAkRVRa5em72rf9ZJbcwS167tSLAkJkGwpjd0yWzY3h2xkHKXUiBQFSteX2oFbjnIgFNHGqU2tRA1JCJWEghRSGCJxRyhEqZJKXwVgwHaUToRClrJNkhUKEQrLTA6RtgjE2CZDqKjIrTVPUWqJ2lrKODNKiRpTM6SkqXlqYymllDK2pihdjXGYWmuSrVJrV0uncFHX2uR0dF0pVaU4bShRi6JNo6VaKpGtOZ0StVQpBKFiclgvW6Pv554mhLBqoXkcB4pKFAMRETlNzZYxznRGiVKitdEOZIWKYlqP2Tyb92FNrY1jdjWwSglJkDa1dulMu+96RKi0NkB0/SyKCCkUUSNBEjRASIEc0QmwETW6xKZFRDonT8OwQlFLOJ1OoCWmOROiBBPOaUJ0tYzjNLUsJUwAbk022SxJSmcmjcyWmS0kVabmTIohYtbPVEqUUktZD+N6uQR3taQQapnTsDaOKHIOw9jaJAkQUWpNmtNd35daat+VrlPISNY0tWyTIpQ2xq2lW5tk5dSQSnR2dn3tuoqoXR8lVEotRYqpNactCxJKaBin1bDqolPEMK3cGlHdWraGoobW42hsKTOb1cahdLXvKijd+llX+z5bkqlahFpLJ7VEazmNU5TS166N0ySRmXaSiqDUkNK4tRqSlJnjNI7jKIhaqwIpasEQCoWhlCJFtmYr3URESFKJEmBwZolo2E4hSaRN5jhiVIpbmmYJEY7ZfBZFaStCOKcMUWrJbBERSFUlqsKgbC0zp2mywmgaB0GppaULGtqUVqlySrJb2imUuKulljq1YRpGkOWudECCjTNr3xUVIkKRjaPlsoQionmikXKbsqt9SJJmdWa3AJUyTa5R+67LVJSCHEQpoeggQ6FCuHR9xU2iKx2BiAiVWkkbI4HSqYhaSumidl3tCqbWslqv1sPYldL3fQmPk0vEOA5RajebhVgPk3Brbblcpi0RUWupkyeZYRhUApAAdX3pahcunnJobdbPoY1Dq30Zhqm1No5jVBUHIRQtWy21tTas1n03G8ZhWg8Kq6hEydZIEwAtM1S6UmyFUClFVimzbl6K5GyZ43osRfO+lxS1Ot3cNvq5w6CgRpRS6zRNtiNUiiyRTjtbKtR1nVAjIQLGcTo6OrSFs6+ziFgfHSEiIkooYr7oa9fZbq1JChCyyHSGs6VUosSU0/LoSGY2n7VpajkN01hCi82tYRiGcdkyRUQpXYS6UixKbW0KTMuj5WpWC9I0Ds1T7fpay+HyqA2DcJoSUfuulNKmhpjPN5y5vb3dz7phvWoth/UwjWOtRRTTQnLapIjm7LvSd7MSATJZpLQPV8uWY1cr2EQ/67uuomhOMqUAY2rXYxmXWkthmlw+9sM/GBxRat8tNhbTOLbWSgETEevVKiK6rrQxQyq1rFfro8OjNrY669o0HRwdurXaVSkk+vmsRLcxmyuYWiuKWruu72upmSmpq/MIpnRO09imvlRKsZFytRqWy0NsKbqur13J5kxtzPtS+2lcpW1peXjkTDtqrfPFPEqpgVteOH9xmsYgpnHY2NgQPnvh/PJwtb2zNY2DJaexsaMoIpxT381MDtOo0ObWRo0qKbMN4yRFqSX60tXqHHPKvusl5v28n/WhmDx2XT8O0/kLF7Y2Nvv5fLlah9SXmYoTSnSYWsswroahhTxNzZHVKn3nNEGptWULCRPSrJ+l82D/UFKpJVtmtoiKGaZpmrKrs9nGnJxatjShwLJKay1bM1bUKDjlJJVumRBE2hZFYehqkYQzWwsC7FAOU9Qyqz1kKcW2M4uiZbqlkMmW7msXtTbnODSDTVerg3EaRUQNhYoEeGq1hqIgR6mBkoSALCqllMyMqqAM0+DmzJzaGAqIDGqpJUqtJU3fVTuNSomggB3RWuv6WkpJu6ggwCq1rQfVWotQYCPRnJm1dAgZRclsAYpiOyKyIVCtXZ0ZFEHL5qnrK0ZFIaVzmqZpNUikHSqI2tVSAgk0eVIUbLestUTpShEOJDkmN4WiRKaHcZCjdBGlEsIZIaC1plLaNElSiVDUWiW1qTnJTEMtxRSFWk5Ys342TW0apgg5bSiliLDc2iikUDqnccRWRFe7KBGilDJOUxubVFQUlHS2dJvGqGETEFHGaXS6Ta2WUktkElJXq9NSydbSjlJIT20ahgEUEYoCtotIhyIKzkam03YgRSgiSogiSMToKIpSFQpwhtXS2aaWzaWgUlrLKEWllBqIZreWNh6n6DoF0zS1YQzUsmWCsDMijO0pZSRMRDRTFWmDEZkZJTDZWtdVIFtCYhTUKGNObWqW+q6rtWttyqlJLlJEnc96y07LmpyZ6XTtZ7Ous3FOoQ5USiALOVsjS2iypYhC2pkoKFGakaKUQgCEFEBEa5ZsIuUoBRGK2axOma1NtokIikCmdFFKCdGmEYTJzIjS1V5Ea9mcXS2ldsgJtQuV2tokhaRpasLNtGxtaoTa1GqtIVmKUCCFsjGNLZ0KRekUeEpCpXYOBFYWFSlwItXSAQcHh/uHR1tbmwqc9LO+lsgpS1GJGl1tLWUy2ziNtXRRYlYrkslGk2pAqNbapZyZQDZLWWopEaIIQUvbzc2TUV8qhZYuEaWUhKJArIc1CpK+r4hhmCyJQO66mexaanNKCgUgLEetAVZkKEKkPQ6DTdd1pZQoUWuVUMh2JCm6UhDjODhNgMKtZUtLbZz6rosIe7TUlVr7uj46mtpUi+xsJoRCpUQokKystZstZqFiKKVGjaKQcLrZJaqbIxQqmc0t55sbUWK9HpA2F/MpM6fRwqlxGrsaJLYjpJChK30JYRUFkjPTjMOYU6pEy8xsdku7OUOllpJTm6a0TVBUogTIpBMFEbJKWFNOEaV2VWEUIVUpSokSQDozmxQKhdQctXalhEkpJLJlpm2ns9YakkxiqagTpuu6NrU2DUYRSNgKSbUMy/UwjaVEibIep9oXEdM4ArOulFpVVGuXZBtWoWjOYViDur66Ral0tQZGlFqFFWU1jqujo4iCtRwP+74vhN1IRxeldODMphI1Oru1BFGjTs4pp6BEKVObckoVAmx3s77ULmxwSC0bUWe1jsNkZ+37kEkjD+uV06V266PDRpaI9TBm86zrSlf7bjabV0m1FPBqver6ftb1SbZhjCgFqRYXl1q6vuZkWyYyPat97WsppSt9LbFeD8N6LFVpD+PQ9TVEc0pkc5Q6jePhelkjaKkoXWg9TlMbQjVtm3FqSctmlQjCuKiMU5OKgmkaMrOUToHTRTRPObV0lr7UWoZxnMaWdjfrateF1Fo6HQRyoZSuTq0RBKXWKF2ZpkTZzfpxvQ6y5Tisx3nfRwgwgO0sfRemtdamTLuWPscpaijKalj3pRqws41Hy6Owu64rUUrUqLEc1q3ZbRyGaRyHru9m3TwqRocHR05KrSVkWlU321y0aQopSuSUaYdiGMdpnFRUS7c8Wq3Wq/l8MV9sCLU2hVT7fr1et6nNZl2bRkWRSJsca+ko4cytza3NjUUtdZpa6UqNEBGVNrb1ONQiRSm1KpSt9X0tpcoBlI/8kPefLxZd323O5vN+trt3qe/7oU3r1VBK9H1fok7jsFoPoWitZbZay2KxmPWzcRr7blZrHdfDOK1ns/k0Tc4cp8mKo6OjaWqz2Wy5OsKupdgM6/U4tlq8WGwO60ERXVdk1VrbNPZ9H6XYzOczt8TULtZTDsOq1m4+m62H9Ti0VJaIft610RgpVsujsQ1937exKchsNq01mVOnTy+XyzS1K4dHR9lytpjbXq+WDlV1U2tBTGnc2tQiarYm1HddWJlTWtPUWjYVldq5tfW4JgFay67UxdZGRJBWRATr5ThNY0Qhx2a1sZXCNKXJIBSlteZM7NbaMLZsWWqJUkgSp91aM6Sb7aIgbGffzaIrXSlOsrXSlVI6ZDLbNHS1KorToZCoFaxxPUrU2teuFpG4itL12ViPQ1erUZsmT2lJilLc0kXR7LSxS1cJIkrX9Z4aci1FCrAz2zD1fV9KByZdosocLpctW993tZsbT+MUIVmekioSikqoFBWV5WqdrXVd7WazWktEyLZTparIQyuljG2KiH7WlajgzCkiutoVhULZJtJkdn1XUBJTayJUZKdUVcJJhLKlTZEkOZ1OSXZid10nQaZtlJlGErQ2hUQEzjalrNrVvuvTLcdREZ6a7KilUjDjuCKiK11zy7GlG0ghhQJlWqhGKVEwgKBNLUopqsbCpZSur7ZDyvSwHqY2lq7UrvaLWSldTmOpXe1qRDgxicJka05cawUsogpHtmm1Wtba9YuFLIGVtdRQtEwKfd+XKFObsk3RlVBESpLNOI1A6Quq0JxZuz6qWuaU2c/mtesmNynSHsYxSq0lJIXCimkc3ZyZUZGCdKmdSkSUEqFaQsXGYWeKkp6MW7Z0I6ndLBxASP1snp6GcR2E3aZpEooIkijq+xpEJtlayxZSKVVRuhK11myJpIjMRhJRLMspySZCEwSOUorU9b2iOu2cppYKoapQqaWWAKZpGqcp2zS2oZSiommYHJrPFrWWyS0k2V3XR0hBCGwrh2HsSlW6idaySFIpCtlYBoQzZZVSJAjR0m4WRKkl5hsL0Lhe14iuRmutjcPYsu+6fjYHe0oKMlHl5paJnbadrU21m/VdnzgzS5S+q5ba1DKNM2qBpGG5tbGoSIEotdZaS6ibzabWlqtViSopZExKIrvalVICbNlOS8o24cyiUrsupzZmKxClBFHEvO/7+cwN1YhUQmBna7gvXdLGYRCe97OoIRQKdUWQjVLo+r701aQShWopuJWoUTsCRFcLEKpdrbaxI5RJjpNE7QqpdGJqqNQoCtA4tiJ1NSSMSimtTZmthFqmM+WcWiqUmW4NhYhMS1gSOECQRgIoomW6SWqZ62ForRVFZitRaykNR0giopRQ6fr5bFaqGN2yhQLIdN+VOpuhEopSI9A0NlkSREEupRjT1LKN4xglIsI4CrWU5Wo1tGFWZ6XQxmkx72rtp2macupq7WqNLjCteVpPBEIqUWuNYJqm9XqQUhEllMa460qJMk0TlqFELbWMw9ohRUH0tRdYKEJQo9bS2Y6IrtYolUwJBOm0o9SW2aZmkNWVkEpXytianIiC0hZECRK7zbqZROlqKFRUS5XsdEBCBJRSFURF4EI4HJKl0nddrb3trqs1SnOO2eRWSiFwMg0NAaXrSqmVKRPXEooAIlAUZzs8PBjHVkush7VCtdZxaigUQqW1JgkC59imEhEqU2sUz/pZjlNzYiwL2Y5QjjmOGV3potptmFpRlIhxyq5Ec7MdEQWGYQSHYrU8qP0sFFNLRXT9XFLtSu37Nk2ttTZMExmK1lrXV1mh2lqz1NeSjalNtXazvhMxTk2idOq7ruuKyXEaE7XM9WrpzIgoUu06g6KI7EonRcphl1JKqS1HS5bamF1XS60qoYhpbLbtRKr9rK817fWwqqGi4maFS0SoTNOE5MxpalFiGsZQVxBIdkSZ9fOu1HEauxKqNdDURpNd15WIcRqG9bov3Wwxb5OnaWzZutoPq+Hg6Gg+n8/mC+SWGZIxZj6fzxezaWpjmyJQMO+6zExn7bsS6mezbNl3s9lspgK1pFNkWw3L5RFSLREq8/ksWyauop/NFov5elyqeb6xoRLpXB2tkItKv7EAxpZhq6hNGUG/WNRSur7WUoydHqYxM4dhZRSlZCoCLGeWUsdpGlbrtBXRprRo07g6OooSR8tDN88W84hSax3HccrJrSVBespJCFr54A94j652OeUwtinHg4P91trO1jYRNrVWG4VK1Xy+Ae76LmrXxmye3JjPZi3bNI07Ozu19m1qpdQI1yj9rOtriVpKKRI4iJDaMI1d7e00yHJ6ymlYDV1f+37RsvXz3na6jcNYShe4dLXWslquaG1jazOHdWaTwp5Il9pFZTFbzOcbXV9THOwfzOeLxWJjynHW96Rm85lCw3qYxpQkO6Hv+qAhCqEaZIkwUlVM2YQkC7pSLI/raTGfg8ZxzAQFuOu6za3t1iaS6ApTtqR2kbiopBjW63RSu7AVJSJq7ZBF1BpCyEDXd4b1OHWldrVGlOhKUUgFGQSaz3rs9WoImSKlsENaLg+n5r7vo9BagzREqaVEaykDWUrJ1rKlQpk5rtcmpVIUxuksXSABlgxMDXkYW9/PaqngWqszx2kiSlWULpSKosyW04QUtUpqbsMwdVFK16kQUGtXVJpzchZHP+9q9DinNo3DmK11s66v/ZijRKFY1NqFyMxMN1tkKDKhuXSBaiigJS4q2VpiSSjsSE8SsjOtKCUkiBJhE+CUpFLc3JwhRZTWWhtHOxOXWoKQSlFY0NowtqmNXZRaoxlEqICjRJHGKRuTbShdVaKIIsU0Ds3pRumiKMByjmOzsuu6lp7GqTkjVCQ7SgSZTnd9NwxtmqYatdmr9VGJUhCoKIZxWK6WEdH1nVKT3QWKwLSpdbWrXR2nQcgSOCJy8nw+77oaOBTjNCkis2VrtoFSa2amXUspKlGkWts4tNZKqSVqrTVqHcYxUNfPMo0opZTSRVEQdoDnXR+1EjU9hbClEhGhBAGUWkKBbGeAnWOb5n0fKPpAtEYRpVSkzBZFoIhQkCNYU7q1hl0j7KQQKpMzCKRSoys1SglKehrHZlBECWxBKIiqoihSJojJLaxSim2nSymtjbXruq4rpWTL1qZaolKNpjZmZjJ1paulq7VbD4NCIuypNRPUEutxQi4qChmIsKMUStcjBaV2KtGZtAPcsgWhiCiBJAkcVmZzIgGZU0vsTInSdeMwFgWO9XrpVBUtp3QjZcBgNxq41q7rSikljVvamW3EThsSwJnpdIYkZDvHVkrUvhcuCksKSQU706pE0EYarUSptXZ9HyXW45g5CeyEqBG1r+AIgeyMKG2cJue860rfZdp2QZObM0utltItE7dxmlKhqBV7NQxAqZ2kbKMpyG1q2K1NRESJZsuQFs7MUAzjyihKkRBq05RuOKfWEMZYma1IJSqh9bAGSimIWrpaersNw2QShdNA2iERITNl1ii1C+MgCEulIqcJKx2llq5k0saJzFJ7hUJd33cq4fTURim6rosIbGe2liljZTZwlIIdURWqpSLGNgkiokQJiQiTdjrTOJ3T2GzXWkutrbVsnqaJUF+7acpxmlpLpKlN0zjUWhQdbsahmFq2NvZdH1EIqeU4JqiflW4+L1EJCEWJ1jAuVX3XdbXHGchQSwnVEKWoZctpUolSQ1GmoU2tCUUIydlaS2MnJaJl1iiEnUSJEn0jUQqkApmmRkhhXEuhqfQduKXBckhubhFh40YISRERJbDsMY1E1/UlIlu2bEBmG1sLyWYaExRRFDhdaomiUkpRTSYTERE1CuEiLJSo1L52RSKkaruvnTOn1hQhAUSRJ4MjCmSmM3G2vaODiJjPN0LhloRkLJLs+96Z6/WadJl1pXRMrWWWCKl1USe3cVyXCOSpjZlNqHalqzMbPNbAVktPwzhNY+JSKmpKhmkcpmEaWlSpVJyrYV2KMsnMIjUyJ0fkweHqYO+gn82KULjva05pp0I4u1JrFEnDNIZVaqSJiFr7iNqmltn6xbyWHrApUbqu1lJLRdBamlweHdbQfLGIEiqlr11QpZQUpYBr7ZCmNoWCwjhNfdeXUlprqLUpo0TturRbG8dxai0Xs1mbpuVqOZvNNhZzt7a3t9eVmG3M+64SHqcWEcA0jvPZ3LBar2TGqdWIKKUrJZvXwwje2NgMvF4PAV3f16LlcgndrK9FWq+nNrUosXP8WBSmRt/Vw+VSSe07WaUERD+bj+M4rNdIi/k8ydXRqqs1SeFu1oEs01RKBEzrEbEe1m4uVaF+sZgrUyVkWw08jm2+MWtDs1rXz1dHR3VWc2zzjUVrOY5NEVO2jdlCEi1ni16KKTOIhgt0XbUpH/9RHwaMrU3jQARu4zBtbGz0tSaQBiRJioipTU7G9dpTG6bBzq7rWpuK6noYuq6UGm0aTQmxHobZbDYs15mJCFz7GaJE7Wo5OjiMGqVWEAjo5vMc08p5P5+GaRon0DitJPrZ3Ngta+2GYczMfjaXHRFCRUqQonSlq3VzvoFCJSLCpo0ti7qu60pXatd3PTmVru9rjehr7dbDACqly2yldkV9qo3DVEuN2klCZCNCijg8OEixubnhlqVGH13LkbQz9i7tqUTXdWkv+rkS5CAo0FAts9ncIjMLZRqHtPvZTNI0tm7Wd6W0bKXU0gVIociUw0HLbEOTs9mllMzsak9gu5R+mlqnoqLEEYUk2xSlYqaWyJkIUolUorjZJfrS1ZALsiSC4rRUZAShIkWS2VpYU3qaBjK7UkupmROA7ZAjDJmutUZIUfq+q7VIOBMr3QxuRFC6vpQYxrG1VhREzPqZQlKQ2bKBaimZ2drU1oNxX4uk1ibZwzRO01S7TuFxnNLgJCi1KIozBVO6lCglwDYgQkCC0q25dAEqEQoSl6jZpnEYyah9CXVjm6IUZBIkBW7pbEQptcqe2uDEblGrFLKlYrdhaKRLlUIhldqVqggVytgmS7O+G6dmGyFZUGMWNSwUbs2UsD1NjcxSA4WgK13LdFjS6mg1jROhEsUI0lGcGbV2pZauQhpwOpuTpHVdNTZRQykNq9EtQ9VOSaEwRIQkOxPjnMaxdr0jMl37rtbqtI3tqLWU4pYTiQ0qpUYIqe9KWjlNpCIKkOmWmeOkgLQz0w1bUW1nazWiq93YWmYqZdx1fam1SEaY1lqttdSacoRKyKGIErVKkiPwOAypkASOGjRPbTg6XElEKbUEGNFFkXCmFYlQ1JBNKcWSMqPEOI7jNIUkCthORZHU3Izb2GotXe1K6SSJaC2jlpDcRFGhZGaYWnrkcRymcSq1dKWUKA61dJKZhCSFSeSiTtVhE2AFFkpsqUREgBiGAUOQOJJpWJcaXd9VxdiGobWIqLUaT8PQ2kREV+s0JVJXqhNnAgRKpXPKJghpPQ6KqKrIEVFKrV1ZLle1L5lurQlqqVamiSjKDPXpwZOsUkKZ2YY25ViIUqsk2yrKNk7ZbGoJmUCTm0RESbMeVq21Wip2OovCKGC9HhCL2bxEadOkiGm1VhcllLYcJTSNU7ZUSIqIECEJU2pJO51IUhG0cWqt2Z6mCTLUORxSEIooEc0updg5Ta2WUmuRilG2yekIdV3vKcERZcomhRRYKiqlTCSZRgE1pFIkgEBRim2ZUiJx1/eeWkSUIKepgeRQkTyNUxtba2PiGsWtqURzRqp0fS11HEZCxcXpiMjMMaeiUqukgi1FGycDINF3vYrc3NpEjXnfhUpmQ8w3FlGKTSmqXXU20k7hbMNQSnT9jCBQTplk6WpXa6gM0+iWSBLYpUQXnR2pdEvLpZSIEohQa9ky7SwKiHRO04DU1TK0KacmESVAUoTIzCg1ybBqieYGVsqIYBwGoVKEogateXIzllQiAoGnbLaD0qYpChG1TZNCUoRshUgs25luniS6vsplvV53NfrSh5jcAgRyJK1NTaEI2QJHkSgRciaZmK6roVivVopSO4sSUssWRTJRlEYOu5VSa99lYxyHcT3YTOOkoJZapTFbjs2kUGaGVEpVyHa2zGlaDmuRINtBjNNaoiudpVBIpdRaxZS5Wg2KiCjGzuz7WddVQtHVEnXK1nU9uJQSEeNqHbVgT1MzbZxa7XomI0Dr5QrafGOzecqxdf181vW1q5ltGMcISUSpQlNLYWeLqDLpdGuKKBHgKJ5Gt0wwgGK5WtFalMiW0cUwDuMwLmZzpMPD/fUwROlamilr7UoUBaXrcpoy3c9mSKvD5TiNIEUQIVmKsB3q+i5EjaqqbDnm2BUdrZbrg8PZxoLmNox9N3PEOE7jsJZC0jilMy3VWpAxXV9mdZ7ZsmXLcZoGk0er9aXd87PFbDHfGFbDOA19XzY2N2vE/sGBDEGASsmpjVNTlFAMw3oYVn3t+q7r+xBxsL8PnvV9lJJtapPX6zFzGscpnV2/iCjOlm5d7btZba3ViNJVu4Ha1DYWi7Hler08trXT17qe1rPZbLUealfni/nh4T7W9va28ZRtPa0ys6+zWmo21xIKrDKsh/IxH/GBfdenPQ1T15dZP1ss5lOb1mOrUUrXh5harod1hHLyMA2l1n4262ezaRqXR0tCUWL/4CAUhja0UkOluLWI2nJEsiJb1lJqVBcNU5v3fSk9mVGjlq4rRapDG92agbCkbt5jj2OTPbXW0ipxtDxUqHkah6nv+67r0jbOlgcHh9mSEnaG1M86VEREIBVJaa/X61LLYjGfpvFofVhL7Wrfz/qxTcIonGMps64rskotLSenFZqaKazHsS91Md8wAh8dHa2WyxJF1avDde1iNu9bo5v3mQ5FqR1WKSXC6VaiCA4O902r0TW5qEiRmTllazmNY0SUEmNrAtRKKfNuFsVJKEpEtJwiiqRIKHSlRFdaugvJjOOoqEVBJqESql1XqsLhdJRauxoScj/rstFyql3NBEkydqklCBVhgZ1Zu5LNRJQI00wAApkQpZSI8NTWbcqWgaLIBKGptUyDM7N2nbEnT+MaE1GilFKwycyoAap9FeGWrWWirirBgNT1nYKICHucpiidW0451dJhUEQUZ5YgcWaWUk0LopTiTHBLFK6ls2SB8ZRRooFw9FFLLRFGEchhJaXYFIVDraXkEGkkRa1CpZANkArgUktIRhJBhKK1tEi7RCm1OHMcJ0HUkKLWUMiZbTIQRZmupZRa22TjrtZM46yl62pn1M/qYjbPzJZT1/e0LKVEaJimNjW3VmqniLSlGMdpGpolsrXMbFZIiuhKVwtSqZGZgWqNiJrT2NKK0ve1KzVKBNguEX3t0ipFUmkeu+icrKeWrZVSwEIKZWYtEaWM0+TWSpWkWmqUiFCJGkUgZ6IIMbYGGSotXUrUUp2eprGUYmcqu9rZTOMoyUVFAchYaaeltIVTKpKEItIQ2XWzKAXckkyH1JzNCKWz2E3QLJGZtkvpJMsa2zSs1yhqrXQFu2UWIanZpZQSYSgRgqKqwuSsiK66pWqppTjbOE22S6nZaE5nolRTyqBSVBSldLWGCUvgEuEknZKUaWNJjm7W1drZtGmsUWvfrY6Wq8PD2nXjejVN08Z84cC2ImrXR5Qo9HWGcppSJIFUbAylRkRByCzX69ls1vc9mS2zRJC0NkJEVyOKLUMttbVJopSuhIhaOxmEpmka21BQ7WrtugItk9bG9dTGMWptLRNHRDbXKBKkUUQJ3KJ0tRTLdkYJSc1ZSzVCOes7IyEUtRQrpjYRKmichkC16yBbNtulVIjMqaudSghnZiGihHBRF5260pdSFDG1EUKyYb1e11prV0Glhm1nK7VGlEwbR0Rmc2td34FKURQF4XTaBSS3nI72945Wy750tVYU63FwNkdEaJqmNrWoQTJOUyml77oS0Vo2u5SaLTG1qy3TaYlaay0l02lFsRS171prrbUooShphyQwSSkiIlRKOCSCqSnUdZ0cdnZ9ZykCCOOu1nFslmazXsR6tWpu89lcJWQbSRkSkC0tk45SUBQglG5pRzjTtRSpSEIYpnEESsgKJFDLrBFd34XkhHC2xBE12tgQtXbTMK3XQzrTJh0RiHTagGupUbqWpiVCaGqTEJKiYIdABZnmrvZGElaotSnbNE1tzJZNUhQVipBQ1JAoUaMURYlS1TKVNgps7CwqBjy5KbO1zNaakZ2e2rBeroeh1q7UWkpYStx3fcusUaPIpEKIqgCE0llL2draiiitWWHhlu5KxY6IzKSUEsXpxoTkNglKRI5uaiWii2JYjwPWxmLD0tgySihE5jTRSKa0U6WEUBKEoPYVU/quRjWOWvrSSS6lSEXOyYTC6VLrxuZ8Paw9OVNIhLNlaxlFbZpqV7tSJaUNWUpf+pJmHNal9l3t1uv1ehyLI8mWmW4REelmdzW6bhYlaummsa3HqZSYWosSRWVqwzSMRBunFiHLEJLmfS+rtUERG5vbhOTmxjSNdna162fzNjVD6bphPY7rodl9X7tulpkR1bh2XV87lHaWWoqi9iE063oRXS3r9WpoQ6hfD+twVinlTLtNKrGYbzjdWh6tV8MwzOYLwd7BQU6tzmfTMM03NhXKnLp5N0xjgNPdrIc8Ojoa1mOJWGxsRi3ZMgR2hGqp3WzWz7qAruuG1TLted9PpJPl8qib9VIsV0OB2XyR4uBgfxyy72aUcGvOmM271WqYdX3tOqcV0abBmV2dtTTQMqf1ONuc4xzXI0Xl4z7qw0qJgG7WSTFmw+nGOI20HNtYo0451ahdPxvGqeu6btaDI3ASEYFKRETpu35aj5TIqaXHWvthvcSl1lJLFyCxv79//vz5RdcrSonapmmc0h6JIJvkWjubbLmeJsxiNu+6mi2btZjPhObzxWw+r6V2fT9NU8Or5VGU0vf96vCIEqV0q9WqtZzNFiUZ22hH13fAejVtbCwILZcrpIhoLaMU5NXqaHl4WLpaZ7OAbBNVfdShmVJldaXOaj/vFyEN42i3UqKU3oBzHFqd1Y359piNTKRxGiXVWpqbZDet1kuQQiUEpaulSKplmkZbteuikKbv+trVaZwQpUS2tp6G1bq1NpRSsGopJJKSxCGplmI3jEMlur4Ww9imWiKidn3NzMwWEZktM8lURJum1lopXVWdWpZQiWIRgNzSIdVaE2W2btYVaWxTyywlSinT1KIUCZAgM0OhdGtTUck2CWG6rguFZVDXd1NmZhqmaSoKB1gRIQmpTZPTyKWWGsUKsKQ2NqxxnEpR1FKIlJ1ZShfRFaGiaRwzW0Rt46RQ6Sqp1iY7046IWgsqzY5MG4uqGD2RWcus62rLlrYzM7PraiatTYGQAGeGsyUSoRJdLYrWWrZmKKWPWkM0OyjpxISUTjtLRKIaIUmBFDRCUDQNbWqJWqCimKbW9aVGXa9XKPpSTWY2lZBQqREyztYMtRQIQunmtJxg4yCkiFAoopa+dlGitXS6zEpXirBTVXLawiYnJwYV1a5GWpmUqOthNayHUqPB1NowDdh2ONzVLkK2062USDtbi1DadgQSLUoppUikQaBwptMRgWLC2ZoNsjNLRLZMN0W0caSUQmm0aZyCUMWTkYpChdYSo4hSCumu1lo7kGXBrOsyDbY8jZNwKVWyUOnCjcSllKQpSljpZlxVEFgxq7LSjjSSUKm11r6UUopay6hqzeM0KUy6REzTFESUyGkyGseJwqybR5SownKmU11E13VRCkYmRLMFJHYiUkgoio3kYRiW67XtNo1u2fez0tdxHG57+tP29i9tbO0M01BL6WedokjqaxXCuDXQNE3OqZRQqaXUUqMNo5tDam7ZmM1n2Wg5zbqKPWbr+lq7mthOMmWilq6W9XotRSl1nKYAJ85mZ6kFqet6QRTZYbeIUrqiWkmpADJGWUqRyHTf9RGVUnLMaRoa1FJrqRFRok7ZnNnSQZSuiIhAEa21cZy6WkuRbRwJEhJBtGkCZK+XK6C1ybjrq0JdKaWrLQELIkq21siudmZaH63BEIGlaNO0Wo+CGiGyqEiR2Hbpaog2TVOmLGfro6jQ2phjZpuWy2Fza1NFtDQoCckiJBF91xtHqdh2hoqCrvbNU6bn8w6JoqIotYuIloldqsZhajkFITLtWmqmA4iCTFK7jpalq6AiQkyZtlWK5Vq7ENitZdhKI0IxjUOgKEUluq6vpbRMTMuUCqW0aZ2GVKbtFlLLVCgoJQTKZolsbRinSgzT2DL7UiUVwrZzmnVzBW42slTBEqIrVWZyi9Jly3Trap11nZwUjesxs2Vz1K6WIlwk43RKgcAgqiMNESU0ric8qRZllkCSpFKqce06yZ4aAenlcCQprVpLhDJB2ZeSJp21RBpbVhpKqc0OqesqUlBSSTpxprvSRQAyUpEoYLfWyHApEUHYTC1LiVJLKcW2Ql2t6cwpEwj1XUk7iNKFpymQo2UaLJUiRYRCQrWrzR7HMZv7rsNqdl9Ka1kCEenWl0pIMExjiTKb9a1NipjWU0K25ihdF0qP0xhS7ftSornVkGSLEqQzXKOUjc05pNA0jRHR165lK6ojzUEbx7T7Wc10G6dQIDtzyqwRqiGi1qilNE8plSglSq1lHMfmhmU3pQgC0sh0XU0TUj/rx9V6nIbSRS3dMLVhajmlwmQOU0qE5DSKcb3KNilqV2OahlSMy8MatXTl8OBwHAfBvJ+P0zSOQ6hE0dimzJRaRIg2ZctU33VkrtbLEmU9rodx7OdzRVkstvq+W62GrlD7GlG72g/Zxmmc9fOu66JECbJliSogmyK6fpYtTeuiSrEcVn3Xl1qWR+u+75rdxqnlZCu6QGptWg9jhCJKtgbUWkvtchwzM2pHZqajdpuL+dRahC3G1bqU0vc9imEah/Uq7X7Wlyh9VyPqsF7PZn30XU5jKFRCpnzCx3wIUqndNA6lK7TE4WBjMa+1ArN+HlGEbCQkTeM472duUmg+XyBZWq9Wm5uLru/tLLUERRGlBIqxTUdHy/lsVrp6uDyapnFjsUGEQUGNbpqmlglE9CUKEdmmaRwRUUtEGFWsiGFqUQNTImTW4+h0LSrqZrMZKqHS9122BHVdjYhpzLGNpXYlurBni3mtJVQxw3qYMrt+FlDLLKKQLlEdjFOr1FKD6GqteESRntIZpUREKSq1a20qtXR9p1pmXY+YxjGiKJyJcxzHFhGKzrT1aohSakSptTmHcTDUKKWbdVURpbUsUYCptb7Ulq211jIh3MZxsuTZbAZ2tlJKyyZcSs3MltM4jlIpNVqb0olCgZDtcRiBUqvdbEopJcJTm8apdAXUWlNYkjPTYGPZTRG1RKbW07qUGsZJqTGNRg3CmVJIRK1d14dsIGpmUy01AjNOk7OVUgKBJWVmQHTduJ6crdbOoEZExa21RMppGqaxqLTWWrau75rb1DKQZVkgJSEjSXJr6zb0XU8IY2dm2lYUhVvLUDg9jYNqV/sqQoXhaA2qfRcK51RLB2rThBGUKJJRlAg5h2kax0EqtVbQNDWbbtGX2ilMYowsqUhSkZhay2xRSgller1el9J1NdLO1kqEIlobSylpQbq1zDBtPQ6Sai2SiJJpgyLc2tRay3Ta0LLJTUgOUIQUJTGkIhSSIqcGRCl2C0nIKD1ZkbQpLUQ4oNYiRbpNw9SmqVYN66F0dcpsOSHCEbWUUiVFCVBXuxJyhJoTY5wpHEVEAWyBkNvQWhsTqaj2nZtDhEophXTaUWtXCqhIDQQVUEREhHJKihxG2IrSYZPplCJKCOGcWnpYD8iGzFQSXYTAsptUWnPmhCyA6GoXoUzZpJohSulrzWyZWaqELIeVuIYzsRFKkEUSXS2ly2xESDLYzaavfYRbc9RO0HCbGqFSalfK2Iac0rhEZGtJYrUpQ1KEM7FLV7tSS8TYUoDCmcBqeXB4sH/q1OmTp06Xoq7rI8p6vU4sR6abR6SWth21lNoZK53Zpmx97bq+G6exqEYREKkpPY6jpGIclOi6WlvLCBlkZ4YjpXCmBVKtBdRai2CcxiiRUyoopYaULUuJrpRMkVmiRkQIJ9maQtGV1jKnKYUyJVrLZpdQIQgCJ3ImRTUUEZk5jaPlIKKEyWkca6lRSrbW3LK1fjbPHIdpBNfSG6bJLZvNNE6lRERky67WqKF0lK4oSi0RkmRMiWkaMV3XRYgSUpAYQm7NuIxtalMrQZr1uMJ0fdne3tnYWJTajct1VIVVulJqiQihzIYcQRAOh8qUbZymWgNiGkYgM92mrsxQ2p6mwSqTpxyzRtgutaKYprHlZBHSOE4tXUtMU3MmJpNhHIZx7GqtpUilZRva1NqkUFhRtF6tpHRLkyrK1ooibSdO11KdzS3TrtGVLob1KpNSKgHGmRZpO1tzZlq4dp0sy6QaWWtBYAIRSsipEUStpZS+dCpaHS2lqJ0U5DRFUald1M7pKVvXz0otNQKbwHYp0dI2YGwp0ooCpKJ0paxXy2Ea3SYr7EQookY1KNOhaT2Y1peuK2XKJmmcpgh1pUxTM+5qZ4Pc1xJRFBFIYGwrImoXYVkmqX3fzWet2XbXdzQ7UxFF4czmKSTLzswEHKVEURCIYRinaSwRhJxumQpFhKIINbeghCIzoxYy01lLqbUbp4lstfalYFP6rivdej2oKKSIWqI0rKIatfYdicMOFZWoAbSpCUJqTisiSt/1iKODo2nK2tVQROlaG2s3S6OWSZZSQ6WWajcVjeO4Xg8VSl8Upau9g2G1nM3mtZYUfVf72Ryw3dxynEJRonO2YRq6UtvUjEuJ2vW1r8KZ2XW1RO1qRNTa1XEcpnQ/60TYidSVvnRdmwaLouhqZ+j7XspxnPrZ3NDGKUq3ubEoUaY2hui62nezbA5BIIO8XK5yGvu+r7Ubp7G1jKi1K12pLadpmEqNKVNTLjY2nK5VbrScatfN5puL2Ww1DMBGv3DBbhF1WK/HcR0RUqiE0TCuc5qEau1KDYyaIzS2aVitSu3HHI4OV/2sKxECRXS1RimJa+0ilK2VUGvZsnWzSlOSXZEi1ut113U5Dev1aHI9TjXsyZNzPussrY5W6/UQvfYv7aW8Od84PDrCrhGjs3z8R3xoSxqexlGhWjrLGEmrcSqEw4qiIFvr+z6Z1uux1DKOabu1NuWEvTGbTVObMrtSbBLVWmqt6+Wqq13f9xEhxdbmxvb2MSCIUoTCbs4URMhuCrqum8ZU0axfONNJqdHslu5rb3Jaj4bZbD7vZ805n210XT9ODdH3faa6WVdLbdmglAgHtZRSwlbLBrIsKe2u60hUKF30tc+WLaeAWjsFU0597VobD/ePCPf9LKfW0i3b2KZxPWL62huHIiKaHRKyVMZpyCZy6qKLErK7btbNulC0lkazbtZyzMx+Nuu6bpqaRJRItzZlnXXZPE2tlFgsZlFrH6V0RaUbx5G0QtiKOg1tykkWCkkhNVuKUus0jEREqXZGCQBCZDNOt6DrqiyBndnsJOXWppZ0XQlpmMaignBL0lGi1oqUzlCRok1TKBSROdnZ0hFF0LIFauOgKCVKc7bmaUrVUlRk1a6WkJmchMjMcRwUSiehEqq1c2Yoppa1lq5Wm4LSjqK0WmuWSxcQ2aY0XXQyUSuyW4pEVWQXXWuttTGlWvsiSXhKwBAqRWpGJWzbLmAysykCyNbaOK3WywjNZgsiigrYoUqgCIojnZbDzpAIITsVotY+VJEznemuqxJuGrO1aSqKWkNRMDbIUxtyou/7WTcbszlTAuhqiShOh6LWDsltKqVAKASuNVTKuB5s15CwiQDbSDWi6+s0pd2kMuWU2do0Od1FKbUayWrg1tIOZLv2pZQ6DEONqLN5V6KWkpkyQLZmbNuZtYYJECFbtdbETimArKXkNI2tdbVGhJMksUqEighCKlEys7VpHKaIiFJUSmZG2BYyRMCwXkvUWsZxtFVq2LTWJGzZ6bSiRFJqFyWkYpGZY5tq6WoNpFLCVpICmzZNxs5szholKJnplhIAmekETy3TDpSZIVRDRFeLQlNOzlZrZ2c211qiRAoZRSoIUAQqJFO2aXKtIVXLOYGMsRAWKl2NCEON2s/7Ki3m8+YcxkGKvpttbm5tbW9FqVLFmQ1KiYhsg9CwGpzUvpRQX2pKbgZl0tVSu6KIUKmdprFZEQoFpZRsOQzrqqJQSIaUpmnM9Gwxj9TUJqUVYWVVGVsD46KIWrrWWptcagEyMyJq7bCHcSyKKGFTQkKWnC2bO0lRTau1z5Zm7EtPEEQEwqWGm5ttpxxFUgSkrHR2UVVLCbvhzJZNUEtPUruu1pJTTuPaSZ2p6zob0rULFNnSAEKUUkpEa221WvVd389mXa1uSJbCOQ3TWnJEcdLV6LuaSSOFZrPOBC2HacwGcgqbhmsUIpy2sVSiGkkKQhJinIbMnHczhaZpGMYhoqI0TGNO4ySSRFGikyFFQIlaa5WEQxEhZTMhi1prLaVNGUUqcqO1iZa2JIdVuipiPayc02I2t3O1XB8eHIU6ZMtRQqFhGIkkKVFqVxWlllJKJylty1NrBZWuVhVFqCBkWzUksjVQlChRxja2ZhnLJUoosmXmmNmWq6GbdRGlRjQzTVMR6aaILorStVaj9bAqoQxomU7JU5sMfe3sBKOQlTkdHOzbzPra0lIUaRgnPIGjVCW2Z7UjPI5jjVpn3TishUrEarXqZl1EWR4dZWYoQmpTI1QiFDGMg8BBawYpbNstZTsUKhG0NmW663pJbu5KFJWJQk7TNEYoJ6dTELWWUpxM2QouUSVKqTLNDSnw2FK4KwUCMCAyJ5WCGcZ1OFRrS6Sc1z5NtklB2iFNLWuJKILSqQzjFMG4nkpXutqP0xihWrtpmsZpNBSVrutmsz5Dw3oax7ErneXmlplOtzFTU43AxkQEkOPozKhFrlEqtlEoImKapmkYJK3Wq2kYoytd7RQREbUrmZltEqq1TtMoSpSarWE7QoiiNk1AiQpWqE0p52zRm8jMUkqpZZrWOblEJVSitGmapimqQ6W1Yd0miL7rJUWtkrJlnXUhnK2r8652tgVDm9yMIp3Dej1N48b2xrybq6tI6WaiNUtMzZkex7Wkvu8jVGq09DSNJVRUJ7tESIzjgGK+2BS2kgyJaRzX47C1sW05SumkkGrfrY8GyxU1jJRjy5xqqavVstTazbphWBeVft61qREahhGnlBd29xbz+YmTJ7K1Kd3NZvN+FhFuWbrZOKz7bo5YHq3GYYiIvuvSFi6f+LEfTuBs3XxG0jJTWWtHkNkUIZXS1WE9tKnVrnZ1JuXgBCsZxtW4HqNosblYrsZxWNe+ApLtNqzWUxu7rtRax2mAiKLZfJHZ1uNUouA0loQElFodcrbWplJK15U2ZebU0kUqJYQMrU1BlK5bDuthGLu+OJGRUKmexrSlyOb1sIqo81m/Xq3H9dh1tbW2Xq+yNRQRpdZ+zMkZnto4TSpRarFFY8rmlqM9rdYATqnMZv00jTlMUiDXOhumYRyH2vfZkCEtlUyasy+1dpVgao2I2WwmYxMlSpTaxTTm1NrqaJ2k083TOE6VolraNJVa+q60NnlsgEJRunAeLlc1ynw+j8CTEwcyjlA/m8nK1gwRKqFSa2ZaLirTmNhRCi3HaaRl388ctKkZl1K6vnNmyywlJGHGoUVE33egJLHqbJYgQzhUohQrZabWMEBYIONSlBFdV6LWNrWQSomQQKVWe5rGiYhaOqSIsF1UopaCWsuuBiiiOLJENcImgCzR1YJKKIKMUoptaFG75klIimZqKeBpbAgQckRZzGaS1+v1elgrSi2l1hCKwHa25sQQKtGLJDONIkrf19lsXvseESGFAJXiUGuTM9PZyChRanF6bA2pn3WGlmm3ILq+j2AaJ6RQlFIo0SZbLhKSokxtmpyz2QyRUyqiloJRKG2DIhSeMmsU1SKEASmilILdMqW6HoeWUym1VLXJ2UYpnCYUtVhEhBwlokS0zK4rKOxRilnt67xPZ6EoiiR1tRDDOGZiU6os2UpnGtKKrigaiW1canFzhIpo1jiup6kpSj/rEDm1CIVKZjMOIluzMyHHKXFUlYiCDMigGqV0JafMtAQKQgG2JEpXSldEpFW7Mq6mcRxKVwhyPWVOUboapQQRNSAIKWqUlpmZgWsptXTGUrFQs0o0XEsoqqFGQZFuYBMlIqKkm1QgsxEUKmFJbulhGJ1joRqRKKIvPVLLlkkJioISbo0oITuTiCglFLWWqTWypXMcJ1qL2hWJ5tpVICR1FWQypIb7vq9d38bRCtRUulo6cOlmCreWCilsNI3ZWis1cFmvV31fa9crVEqdMqdxqLWoxjgOY04lynq5Wi/X8/nMmVObSlQpmxtWqJRaa9eVUqY2BtloRSVqbW4tXSJUKiShokgyokhRCtPoNg2l1iiUKKVWRSlRHKyXa2MUpXYlQpJwSwAiQkroai1Roq9tGo8OjyjR19rVWWuDpNpVFUmemnFagLrSWWqZENnGqbVSqpzTNGVrUUo2T9NUS1drJd1yMpSoLXMap1JrVZnGZicqRa6oFEnI2aaWSbMjNJstxnFsZIlCepymiCilQlMIZWZr0xQEUi0FkVhR+m5Wo9auU4SVtvquQ1JVIUKllkjbmV2tGXZLIcCZiBolQi1bVPWlStFagoqidEURBRFCHlfD8uio1NKsUkvX1a4PuXSzjpQSdSoqIZXQ2AZBKV06QRbFgUirq6WUEEKR2WrXFaqdEYoIKSSW6zVuJUKKWkLO9XoYcgqiFKPouw40ttF27btMiopUGpnT2KZRpSLllIpSFCmKhaSoUYtCzcbO5gj6bhZRimoTreXUhmxZSy1dSdu25cwxp9bNZq2Z5ibcsqt9lOrWhABMQqlSlGwJKiW6rsskpykibKZxku0oCnBGBFGEnWkSY9xsyIQ2jlF64Sil1KhdJ9Rac6Zq13UlSmTLli2KAtIB1FlvZ2ZGlGkaS1drKW0apzbW6KKWEkWBoracSsQ0TgqmtFSEo5RxHLNNmS2zgdOAaqnIUum6Ok5tGkfLgm7WR9ScphLR9f3UJnDtOqWMFZHTuBpX09iImM26Iq1Ww+HhsqtdVI3TWGpnZVe6Uso4TkJdV/v5op/3TroazpycXde31kqti9kip7Y6WhEykxpjjkLpbNM47xbN06VLl2qtG/NFa5lOUEhtaqUU0sv1aFxKGacpREjT2EqU9bDqZ31BU2u1FuMS0ddOEethZVyiRigU+3sH6aaInEZF2A1rc2uzr/2U0zhOU2tdqaWW1iZn2pTC3sF+VzpVxmFCqBmp67v5fF5KQYxtLCVCEUKkKH3fCTcQms9mtZRxWNfajdkwiH7WtSlXq1WEbLfWFou5yWxumUAEEaX0XVGUKLXUKe3M2ayPVL+xmMapZZPI5lJq3/d9P3O20pXNzS2FSlfniw0J7PLxH/UhtdZs1Oj6WYcjoUqYru+7iBplamOmx2mUouu7o+XhOOXmrC8lJJnW1Q7CbhubG9M0DethvpivV8Pu3t6pUyfHqR3sHy3m8xDDMIBx2FlrKaVGCUQtNUJdnQ2rVZuy67paS6bANqTGHEFHy2VrQ9f3KmrTOI7jrHbThNtEaJxaNifZmksoSnWm5X4+q6UbcnTLZk/jFKV0fbQxSy3zMitVq/U6p+z62Ww+S+fR0X46SynjsFbEbNbXvkzDYNOyIWZdjeggIZAww7CaxjFKRJA5hUqdlVo7UOCI0jItMptwE1ih0vWllNrVLsU4jEURJRSsV4PsWntJwzRN41T7vigaiTNKIeTMlpRaFQgrImqBTDdFAKUWoallqX0pZT2sI1yjoOhqF7VbLQ+dWfu+JV0poGlqs3426/vWElRrUSgijOUQVqBkHIeptRKRbbKtGrKLSqlFyG42touKA1GES41aK1IJh2TIdJTS1ZqZNUqUIqlGR5DONNM4ElFrLV3BqVCJSAhbpVSViIIybXApBYdAJTJbQJQiqU3NwtgNYF57QpmZTonaFTcniZGidLXrunTWUKGfMlVkTKFEDzinokC0JCKKQs5sSNHVinBzV2pzs1ysKGHb6cw2ZZOKM5FDMbUpimrUdLNRKbJDhErXd7KdaWyIiJbNUki2ULapRVpRwDXCRSE7M9O1VruNwzpU+r4Ht3FaD2vS2LWrEQpFoGnKUkxEa5k5RS2tTThqraWrGCkMOBXqSg0JBZGhSAiiKLquCkqtAjsLtqilRglgGqd0llKKat/3obASReBaO0nO1qbWMlVKLUEE0HW1RLGIUqKEHFN6OazaeoooJUqJKBFVJdPjMNRaa5Qp0+laRKq1ZrdZV0HjNAnVvquFYZwymygSUcJyKQFhoUKJkESms1GjRN+VosDgdMOlBJYNoXQ6m6RQtKkpTFBU7GzTlFYEirDtzNYyFHa21gyhUCgbdnNESIhxakKlSEFmZkshK8ANsg0OZn0HqChFNkC4pTRMozOLWQ8rm9rNuwpWa5MpEdWttWY7I0rSQJkWrFcrKaKEM0FFpZZothT9fN6VTnZzqkYJrVcDoqvVuES1nGkkp6dxLKWUqCjTpFPpNo0ZJQJFESiihCKYWhvGSSUk0tl1vRzjNBYZ1DJXw1qorzXJNqWVQRE4yGki7HSJkq05M1QgIHNyCdVaI6qNW7aWoVAVKdsIhKTMtFNSKRFREmMU6mqNKI2GTYREtlyPqyDms670NVtTKWTarZYuitJ5sL83rtcpbS7mXT8zkS0TCraEQNQSUm1tLJQSpY2TCXDtur6vtto0lRI1KlWiyGQCqaJQkVVKAQ/jVCOiRhsa2WwkpVOBDaLZ09SMSlQriyJxiCil60IIcNJ1tdQqqZRS+1q6PlOJSaY2OuhLSdSygbJlokyP4zisl4WofV9CtqfWImopEVFtB06n00bNCEOEJJV+NotS3HKcJoW60s1mnYWIkLINnlxnVURrkwuBM1sokGutLbOUggJcIkrtjB2qEU6XCEyJUkoFWraoEZBtms/mXdc3WanSBdby6MhWN5tFjdVyFV3M+t4mWwM3tVqrIkIVqLU6c2oTTsOUmZldqVFKKdHVIhXsnDJK2G4tS5FROi15ylCUiFpLiRISYSeGtl4P0xilllJK7SNqy8lpFEIgnFFrrWWaRk+ufSldrSWmNo5jKyX6vgRVEhHTOLRpEKJIEJYCQa01W2aisKFE55aZLUoppUyZ4zh2xGw+by3Xy5Uxxkl0EUFORI3EfekoqrXaHtbDfHPRprEStZtN2YZpnG9shFkPQ0QUyjCuW8tQSSQ5rGzZcuq6br1apXPRzaZpitrVEunWdbMSkIpaCjGbzYfWaqjW0tq0Wg9FKl03tZzN+tbIbFObSq1dX1tzlbvZbGpJlL6riUsp2VyiTtlyHPvZDHO0HoxmXbdcrWezWRunYRhni9k4DpJq7XDLdLbs+lnX9cMwZA4GZUOxPFrVvkYttZaIUiNcolNXuhjWQ8vs511QWmuExmkS1L6b1utsrdYuJ6+noaiMw1hrTG1cLdeJEWF3/SxbC2Q8TTmfzWaLmafEtNaGYW0oJaQwHtdr7Np1te/buI5SutKvxymEVEzi6PuuZU5twKLQ1Zrp1trYWkh912GXD/uQ9y8lAh0dHLbWtrY2F/NFc8NWhImDo/39/aPZrKOU2nUhTVOb1ZrGxGK2MVvMiXJ4eND1fVf6KYdApXahqCUogVVCkjLElImdbZpyajlNY2Z6ytpVsKT1chW1FMWUOU0tRMtpa2OuKCH1taiUvuuMm91FcaldraX24zQpFLViF4VKmXIKUaVS+oiCRGjW9bPFRq01ssw25wKbzKmvs27WB7YtKaJ0fQ2Vjc1N43EY+tq3NrmlopTSG0pBUfq+z5YBpUSt0UAQUcCH+4dFoZBVTK6GZWQ4yWgeXKOUGkjTOKmoKvquq7MqFSTTnERXW2t2dqVEqaWLEqWqSAzjOu2+KzLDMNRapVBORGTiBCdSTplkV2NqTYqQooQoOKdprF2dLeZpK20xtRYR2MM0tqmVrpQSYINKyNmas00gOytS6cZpLCVE2FbE1FopoVK6rpToU16vVmQrpSiiOTNdxNDSmUTUKIHGNhpJ0JzR2oQx6VCkXaMEaumQkJxNKrancaLgpE2jFCFJOFu6hVFElYyCKH0tEpmSLLlNUbpSokRB0dqESVyidqXaiamlTNPU2jSrHciNWsOZ4zCVUqIWMokIFYTt0nUyCjlbc2KVUnmmlGhWKQ5CUpQOsKdMWmYQfT+zwS61i1JkZbZ0uHkch4hw0rJlc6kK2xERgShRSi2BotRpGsfWulJLFy2z62qJAtHcgqh9H7VktlKqyGnKMVsppUYXEiKhpKJE1DIOw3oaZEuQKGRhu1QBobCzTSMQpTjdMm2TpkSg2vXOTLu1KRQRClG7atxaVpWoFbm1JhXhKGXWVVtJBhGlRISlqaUUgnFcK127WmqNGg3TqH0nFKVYRJWIkKZpiohSS1dqRDQj6LqKPY6JhGgtcYaUDSSUbWrjNIVUa28Rir7rIjS2aRiHQtSuKxFpkw5FRDEZkixnQziCJO02jlJEUPtZLV3UwESRQk5jt2kMqUQxtihSKVoN6y6KSoSKzDQ141JwUvu+hEzKVqnjNGZmiRJySAZlBiGFs5XabSwWwutxFDLqSokSmY4ShYqzlk6QORlCUUsFKPJIMtZahaKrJQrZ0gB96WZdVyJKqbWWKFFLxUytRYTIdCtRFTSrliqsUClVyK0hGZM22MJupusqydRaqIqc2hSlA7JlKVG7GiVsQYaKg1KL0yEHJaIAaUeUWjsFoUI4oasRKmYaxwkIFadqV21HxDRMmFrCSLUWBWHbBiwg2xgKWUkGKqU4XUqo1raexilLLV0txuO0vueOO7Ll8RMni8rYmkIGk62lpDqbdyWgikARxULT1NKtlNJ3tXR9trZeryCbASPXqK21sU2SpMiWEumUIkoVlhQu4zjalBqlliglKIpwOqwIAiTlmIqICEAKVMZxam3KlhZdVyOi1IBKOgLQOI0lChYh0l0pDkVUiRA2QVGNUCgiWzoipDalbYnWbFCE7TaNERGSQiJKCTuHcWptEmzM+4n05L6v2SajUktVjaJ0ytjYzGZd7bv1ehiHoev7gKmNUUqtRShkICQpEMIlsJR2CFAW1dJRIluDkCLduq5X0HVdUZlytKPve/DUpigqCictW+1KlOJMZ5ZaBZmJkRSlCCcEYTKnVFFEsZV2JuCIMqsdoQZTm4CudlaWKFFqm6bm7LuZZFJdFDBTKiJqZKZCVbUEwzSEaaRTtVbb62GVU/Z9h4MQ9tTGcZxqV2vtpRindURdD4NUchpauusrLmSWrgNkNTcppmEchnWpqqVaVsRsvrCQcHpq2ffFKjklNUrpolaJyNja3Lhw8fze3t729ua8m5VaI0KluAVulBjGKafsZl0pgRnber1aG9OoXZ3PNyyWR8ujw4OpZShCDOOISj+fTa0NwzoiIspqvYroNhcbw9CiFEPQOZOiUqqcKUVQa9/k6gipdF0gR1QxTlOJqLVzS9tIHqe0Uc7nG8YtM0Ioum5WFELdYtF3tZ/N2jQeLo+62qtG3/W169bDAJr3HRHTmDZdNy8lUNAySnS1H1YrEpUY10NVsfJouQTbHBzs9V0dPU1t3NzczKmlPKsdaDabKySkkGUVJNturY1Dk4RYD2OJotAwDA5na9PYnJNKJ6h939XuaLUexvWsn5eIYZoksNfTmikN69UqBKG2npxtaEP5uI/8kMV8wzinSbU68/DocL1eA1JEKcvlalivS61d7apq5tj1fT+b9X03DOvWprRUgmxC4zTOZhtpT+t17ft+1h8dHHa1my029g/2Jfq+m8ax1kXIpYuIAFJZFaDD5WENau1NCiQdHew3u5/PulqH9TKT0hXbpRanbbVx6ruuVoKopVaF7dr3SBVUu9aabZsotaslyWkcx2mMiMwcWiu41M6Zoz1NbRzH2hecrU39bDaNwzCsV+vVsFwRiDLrZ5ixDYFEidB6HFqbat/V2pdSSukhh2Fte6LlNEbpIG1mXaVEjRpdmZxpr4ehK6WrteXUWloiE6i11hI2YUUp0dUa0ZJaSwOnJWMllj2ODTKlqU2ZNlI4FBFdV0vaQBtbhGZ939J2ks6Ws35m6+hoWbpSSwREqDXkjFq6UmxPY7MJe8psU2ttwlFLKfNZRAQqXVdqESDahJ2hQkROg4SQIiKKItyyhqa0WysqETHl1EZLwpBulu0akqI194sZSimcmekIXCIcKtHaRLYopauBItNCCqVtU6KCW9rZGunMtLu+U402DcOwLjVKdCA8SUR0UriNk1s6h/UwjtNytQypdF2ASpRasyVy1L5NbbleCoIwdlJKtEzsUE07igRusmwk6GtRFCFC07DuugqKiK6r4zQ5aNM0jmOtBWdz2qqFWkri5owwCMiWpXQKJOxMZ7YGUSIigoSILioRkpxEUe16FXURmQCllkxlG2uppZRShGXoaim1KyWm1kh3pdau4KglonSRUrg1Z2tSdH2fmYoIKUG4lAKyPbWptak1lxJINuM4jq1FkacsIUUIMG3MritSKVGctHGUIkqZpinlgALpNrUG9H3fz+cm3VwULXOaxohSSpRSSWZ9l6Ecx1K6UkOSJIkoJUqshyGKZotFIdItM4EoBRCKiEBGxuksitbSWBgyVOusbzm5JVFKBJGyDC2zOUvXBYEcKirqug4is4UopYSi1tIys7mbVUQzCquUSqiErZC6rotCqEiyLKSo6VZrKFtLR9Q2tWmakCxK7SKCJnU1SmRio1BRmbLJ1K5MkyVHCSIkRYkImRynUUgSUfq+SlQVSmluBaGIUnKcVqtlKbWLYpElogSh1lpCTs0iQjYponRyy2yhCAnAlK7LzPVqBZQSUUJRICWVEioaVutxXNdS1BVJtfalFjtLKSViyqlNU4laSpmmMccxVBxIpatlbKMza1dbNqdqFyWitQwiszUrCiWqQKXUGkpHrRHRptEqNUqbxtV6hdXVPm1hwHZE1K4KTa2F1HVdRJnGQSWELCN58vLo8OKFi5ubm5ub22PLCFNKqZ1RX7sogTNKsTNbA09jM1YwjQ2R6ak1t9ZMV6qkpDllZVpuU9gRgUiYxqmEgAgEmTnlOIxjlKoIpGyTWxJItlOS5cRKjAGnp2kis0aJ0GQHrrUbx2G9WpUatesyLWUtxcI2SSPVRKhU2a6l1r6WUtIZCpUoEYicpnQCEZQSNsaGllObsp8t5DaOLVuTskShpaJkZk5ZowhNOUXIdqaFVAKyRjW0abLd1Q7sTDdwRgnSU2ZOU6kV2zibLdUiSzWKI2iTbdIqtVZNbZoGzxczBK240NKYzCYrKk6k0jxma+M0drUCiaB0pSQGRQgFhMC2bUXUrldElSmRrUWooHQqShHjMOY4KGiZWCFFCNF1vTPHcSLIzOYWKm0apmnsSiVobk66rk5Tq10p1uRme1YXpq2Wk6TWcrlcq6iWvu+7EOvlKrquKkpfDaECyIra2S59H7W0NgmrRDpLKepiXA/drJ91s1Agt5YllbYK6aRllBKCdClhaON4eHTUss0X81q7S5f2uihdV6eh1VqkmC3mXe2w7RzGqe+6Urp0m88WUbQ8WBoaraiImOxxahHRlW49jtmy1rCRSgal9hGaz+dd37dslmdd13V9Zq6HsS81ulgv1xFFVU5ntnGcKJRCrbXv5+kp7VoKcssstbZx6Lt+MZ8dLZezWmtR2v1i1tdZaxPpZkqJKFqvB6e7rpv1s4hilRKhoESk0241SkjjNKWnCWrtai2KjNB6tcqcjh07pijL5eH2zrFpnBS1dmXK7CJQ1K5ma+M4zmfzKZud88XcUx4drqJGN+9qreMwjOM4m3W1VjJK6XBr2Yb1OJv1te+H1VBqTbuNE7h0msbWRtdaRImutKllenNzczGfLTYWzlyvp/JxH/bBy2EdEd2s77v+aP9wtV72XZctiRjHdVj9rDu2cyxUxnFsOSmZ3Ib1ehybQlKEjH1weLS5sdjY2FgdHaUNblNzcyndYjZrLWuNrpuFo59VIxSySqiUDmsYhnEau9mMTCBqCYJwV2uJUkscrpattXk3O1qvQvT9XHJEII1jtmyUEAwta1RopVQp5Gz2erWSQS6lTtMYKrWrR8ulp2HWL8Y25TQJ19qlEmg57e8fQGa6dP2in8up6EvXRY3Wso9KqLUppGwN6Eqd0gqFPKzHruvmiznE1KY2NVkSte9LqNTqxK3VUvE0m82R0gaKatpurSvdkC1b6/u+tTZNWWpprXnKiZzaNOtmKuEERekjFM6cdb0UpURXO2NnIxQKSWkHESG3JKwSfe3HbJIjqq1aa4ZzylrV9bNSi5FbqkQtZXIGlFprrdPUgC6qg2lsgKU2jm5EJVRMllLWqxWolEoQEYapTSUKTkopUZotqZQY22ghCxGin/VtmuwU5JQqESrRlUDgdCtSiaKu1NJLUUuQHnLKTFDYzTlNQ3MK+qiZbm0qCpUAFCVbtjYBRJQoikLmaGPZztZKLbOuU4mQmnGmm4dpqLVGyNgNW6VWIYmWadumlCLsliJKJ6aW4RI1orQ2tUzS4zTVUpOEUIQkEdgRVWgYpoBSKyq1qnRdVwpE1BI1SAhJhFCUKDXTdjptW0GI1lKmTSNSBKFobWpTSjYCDGkrohTZNJrdiqqdmc2gQkSdxql2gTRNbfKEw9lQCKJE2iXCaUlRIkIqUihKZJuc1BoRLqVMrQVgNVotHYqWzSmroRJBsyW3dIjmlplCbWwJkkBRapQwzmx2drWqFiCnyUZBy2ytkQ5QKW1qLVNIpUhRI5rBSDKepqkr3eRUAkUgqUZVqI1N2DBO62GcSsRsthEROLORzjCEEoKIkGxbLaeIiAg7MSlHqCBETtkyCRlZjlAXFRkERUWJ7LHr+lLK1NJTplOhftYFatMkaXm4XK8Ou9ms1FqkKFFCRUG62ZKyKYJ+3jvbNA2li1LLNEyr9TJqxbJbm5pwiZKoTVOJ0nVdZqYziJREtpYRKgqT05hTm/q+K12H5GY7bdyyTdmy1a5GFJsSsrO1MVRK6ZoaiUK1FDBIJWpElDAAaYNqKU63qVFqKbUq0k3QMrNlSM0p0deOdCMllRpV3TRN6ZyGSaUUSioTaM1WswEihIpU+mpbDoMinC1UjCzPolu3cXm0LlWlFJwqCiLTmRkhO+yMKEbYyFAcLirI4zDN5/MzZ072s1lrqZD6vkQNqm1FAJlNQBq5ljK1NNmVziGyOaUgImqtpcY0NVCESNUa0zCMmX3fRRAKSbYiFJSWSbqU6PsZIeEuupat2ULTNE0tS6kiwkzZ+lojiuyurwpksrijRK1RYrkapsz5rHPGlFOtPZJBpUvszNp3CrIZYQm75STLbulMZ6goSgmpFEK1lKlNoVIqbe0oRFemaZqmMSJK7WpXWqbMRE5tEiaUaVKqpbkR6lRQLaUMwwB0faeIEsUI0dpUSteyoUiT2dbj1MYRQEkmUi2llGjjZOGU7HGacERovV7brURketZHrTXTLZuidF1Nq+UUKtM4gaJGTlNmQ0aIME4U2NhpSgEyp3RaJdLNGSqg1XqZrZWuq6UQXUtCJIRCNRCtZcsmFdslonRlPY4tp1J6B5KyNawoRXImbWqZUy1VoWEY+/m873uFMLPadbMeaE6htGuNoMouKhGRcqnVaVo6jZna1JWCFaFQHacpKLbb1FC01kyWoCVFAbSpZSZgZ065ubO9ubGRTURJ53o1KSJKqX0nhbMJFDLUrk7rsev7WmQQOjw6wrm1s1n7+Xw+j1K6UlRiytbP5hJdLeMwZTDrOomC+vncttMR0Vprza1NVer7fmhTpkvUEqKZcGvYVBVUMGM2K8f1kG7zfgZhpsmWojWmadxcLFCU0hfFehyH1VqhUqNGSNHaUCI8tZaufRdSjYjStWlYrwelbdbDeppGRXUyTGuhrnZRYpqmxXxeuq6Uurm9uTparodxY2MxrNYluoiyWq2aW06ZqGVrw4iiqCu1y5yiRC012wTa2twsEUizWTesB5RbG1uzeb9eD6FIp9BsNuv6vhSVUi13XS2lkJ7N+1qr05PbNI04jo6WqlE+4aM/QvLy8Ggax2FYb+5szueb4Nr1dgP1/SxK1KjNDbt2nW3MxmKhUBvHxXze1fnR0eHO8R3sixf2ZvPFYl6HpCtlNl+UrozjlOnaz2QZN9SVYrCylMg0GDuEWzMlgGDez6ZpmKbW9z1WmuVqmcnGYl5UcI5jDsOQ2UooSh3X69rVvo9pHBORblOjlKKMWmut2aaxtVq7WooUs64jQkGpXYmwsKilmOj7WS2ldF0/n23MFsilzvq+21zMhZZHy/WwhigRrbXFYmM229jdvzCsBzvHoZWiaXKJkOm7WdcvatfVvhMlM8c2dV0FtalZKlGMDw8Ou1lXogijElFqKV0IFUSUsFsmUQuZ2axS5JQi5FKiqiiilJK2pK4r0zTZbq2lnC0thySMydbSTkNCoFKKsIQtRdTq9DBMQFVVKNtkW6UoHbXaOaxXUUstYbkocGIKHlt2pRiv1+tmQpIRUq3FDmjpUkoRLZ1tdE4h1ag5tZZT11cZEUmOw4QptZBCLpAtM1OScUQVAhLaZEQtEaKGMp2t1drPZr2lYRqdGV1RqV2pUtQIgiK1lhClxDSNUxvCEbUGjtp1tSu1IoUi21SilC7CNgJElFJrjSIlxtgWtEzZdtokU2s55gQITW5tQpJERAENw1BrTZNtKopaa1craYcwbq2rESqZLlEUUVQMCnCimFrKMik7opgmUERCyxQqpZQiu0zjahhHidLNQrRpyqTve4XGdUtlr9oyiQCBbFprSjITldamYbXObPO+9rWjkM42TW6JiQikEBTl2IT7WgkyHRElKkaUKIFUKKWEg0IohNT3nUDWOEyQUbpSw7hEGEl0XVdK2ACkJayQChBS1NLaVIoiKgiFIoBSimQpjBElCumGA9ler9egkFSLUGabWotSCqiqhKJ0IUUJRXW2cWoqMkCELBXbrTVJXdfXUiKKM51IJYKccpoaQmiaWt8Vopjsa7UKItOYCGQgwwzj2KZmgdWmhgjFOI5uWWpZrZfjMM43Nkt04zhUlVq7TGxjpjaaJtPSpYYpU04gYNbPSy2QikDggCBbqERfKkHBSURIkiR7Oa4TWtqZs/msRCEkkAippQUlKiGSEKVUt7ZaHrYxZ/NZa5OmrLXWvh+n5qn181mJOgxDpiIknOMUEeMwJtl1fRcFMbbRExhBpts0opjN5qvVarleBVG7qsAoFETWWktUixq1tZYtS1dLLdmaTZKY1gzq+y6nYbUeW5tK15VSSmhySuq7sMmpKUqpnYr6UqSwaTnViBpVIUWEI2UyjbHGaShF88Uioh+zEbSpkR6mQUURxZAtxzbV2gWlOXNsEWQyDuuu72f9bN7PM9s0Dm1qoMWsRxhCUfu+lCKFDYpZ16UdiOJxmFKWYraYBbS0MuuslghwLZ0ixmGgtdJVJ6WUWkqqtdFhrTOH5dFqGEBTm7rSdbWzXWthbJMtKKUAzuz7XgqSxDgiSkSRrAiMG0ApBTmik5SNKMoUclGJLvquBiW66tYkQYKFVCvZ2tRCFdTPZxEax1aiFsXYmp0ts9QapabdpnEcM0IRURRTTrhF1FJDUpumWddFFempEZEQbk6764qizPrZMK6naZzPOkm1ViFnqoSnqZv1pUiqDilaUY1SU0kSJULdlFOaGtUyihqgWK1XhIqwspYaUptyGMeptdKVVPalQ6VIilBE15WQagmIcVg7U1FCpVZBqNJ3ndukKAHTOOXoiJBCNma1WpZa5vPN9LReDqUr88V8mrKU0s96p6eWinBmqISkrrZpoitBtKTUMNiYtDSfz2rXtWksJWo3i1IyGyZCUnRdJxlJJdrYImJW+3EaE0IY1dqViJycnoqqYTbrSq2ldl3ftSnblJKwM21smdA4Tm6JPI2NoKqgkIqdzhyHoVJK37VpKlFrLW4JIcV6tUraaliv1ssSWsxmq9WAHTVCBQITXam1ptymDFtV/awrUV1VCRvTavSl67GlGNYjJoKN2SxxTkzjaOFmddHV4pTEerU+ODoYV+uNjY3aRxumYVi1zPTYWkooutVq2XXdrJ+3trY9i2pyWK0VdT6fD+v14cFBkrOYIS9m89bG2WyuEC2tJK0o07hqjY35RoSwQxFBUEqUYRxwEgGMw1BKTONUSq21Wy7X0ziWUlrSMhWxPlo1JqxhWGea9NHRIaivXdRSSjeu1hFRZ51Q+eSP/fBauxJSqbXWrlS3HFurUaaxdV1Xo0wtV+PgJBRWs11KceZ6GJIsUQ+X+7Lmfd/svp9HqevlchzG2s2wgczMnGrXj8PyaLVe9DNJ63EVlFrKMI7IqGROtdZGKqLWerg8WB0elb523ay1dTfrq6POalf6qHW1Wk7DUGuJCGdaHqbW19ImxtZqqdM0ZjZa1lpbayIiSj/rQyVzSmdmRom+zKJUCsN6yOaIUiOmoVFi1s3GaRiGoRJpD+O6TS0g7dlisVgsJDKVuHZ9jUAR0fWzritda01dQYrSEY7Q1Mb1eikxtSmigHMcs2WtBbxej7UWUCalBnK6TeNUa6cKzZmWSokQkohSJTVPUTpZlkMxjuthHEIlSjgTg9TXngLGLS0htcxMcCpcS1dLTG0ap6lEAIFQBpIwOEEOVaTWUkKKru9q7TLdRVEUnAplYtIm033flVpwrlubzWZBmyap1hqRiYSQnUQBSVKppatFMWWb2lSiRCmK0lpr2RBSUVCioDDOZmdLI6xAdtoQEVKRM6NERGnT5MyoRdLUhloKZhiGiFJKlch0GoGhK4WiNKFQCYRJUI0SUnMCChRFqLWsNSw5E9MysSABRZSuBpHpEipRm90FUkWWI6BlSzTvereWYGcbJ5UgopRSQKGodWzTerVMMkIpY/WlQCTplsbT1DATU9DVUpVYAUa0liGVvnOqZZbSd6UoSldrKkOByZxKVETLFhHYxgAWRcVKJ0ZCRC21kVglCg4V1SiKArYzVEOkbRiHAShRWmuI2lVLLuojWrpECZHNUSJbgtOOKFEUMkQoulrHYaRE3/WimEmGolp6MrO1nMbERdH1nZFEZgpJGEcIK9NtGp3phklkQrVEjUqolhIRUVSjQuY0jq1JymZwlC4k4Wav18saBQiEnR6dFKnW2pxjm0ICksnZMu2g62qtkdkiSukquE0tkxKBnM2QCoREqBSF3No0ToauK0ZtGjOz64uT+WK2sbElkU6pEDjT2M42JULKbBFFCiEXaq2djUk7MrGtTAmb1lotHQ7jQKVGRKSddssmRymlRtQopZZ0AulsNha4dFUojAMSZ5taStQubJyTSi1ddXOOEyFLwhESGVGSBJXSNScmolqBDSii2RgrAUlEGIOdqrWIMI5COKbWUDopIUkqUZAsZ7ZstZTaVZyH+/uJo3aBVQpOSc6WrbXMvp9FqU5DgIvDQWspEaXWUqapqdDGNrVpalNERJQSMm54GJpF38+wVkerqDVqiQiZyUlGFNVu1rJhwFNrgig1pFDNbNkm5IhSSlCq0wbhGtH1vZ227NYyS60RkVPWvpOVmS2ncZgoQgoiMZRZ35uc2tT1fdfXKMWkndOUTuPMbOtx2XX9Yj5XhkLNLSJsN+yWlkNBKBRRRNJaS9tVZCKlkailGiRF7do0goHWmpCVmFLCxmnVEChJ5zCMpZRSCkJQap3PF8bYNgg5CEpUITKjRIQktZZ262oppRiKSld7u7V0UWluIkqpkkotXdfbztZCYbtE7fpi47GlVbpuNpu1sS2PjmpEkhKzUpsaeBoy1QBMhLro7OZQUWS2dNZSUDQmEhkUoYgQxuBsUSIUJBERJSKgZdokrU1J9LVmNqcFEbSWBM70lEJjNuFSOsK1K0osh0JFMiqllg4kFeRaqoWkUIxt7GtXVNOT7VoKDSEq63GdUyuSZSizrhrGYZjGEat0nTNRCrVsCoGdUBiGsYRqKa15PSxpql2NErVE0oZhKlY361RqqOCIWqY25ZQqEaVEKcZIteswbcymnM/nXa0iSq0HR4cHu7th97N5gnEtGluSjZBKWa/X0zQIpqEtl0ez2UIRCUAJrYchM0spKQlaS2e2lpYlRSltXA9Ha2x7CpXZvK9dycz1ej2OQ5RaqqLUcWzL9XK5PIqqKPIw9rN5a1Obxlnft2lYHh0tNjekMo7NqNQAGc0Xfd93q+Uwm81USLuE+vlsHKZpGmqU2WLRWrbMLupqXPez6szDg2Xfz0pX3FooxmkMxTgORSFFa1OtJe1hmLq+ShweHDjdzfpFPx+mMZ21lPV6NYxrKbY2NyICGwipFI3rcRzXWxsbfT8Tqn1XalkPI3jWdW1MZ/a1TlOWj//oDxvX08ZisbG1yGzDmBFyurlhdV2nKswwTvP5LNNHy6P5fBaK/YOD1XrVdX2pOnv3uZMnTqxbm8ZJJaoYW+trFxGtjWkj+q63cz0OQdS+HhwdZmM+66d0toajRkjFQQ55dHQoUqWLrvTd3HYbp2E9RIlhvS4limLv0n6NUrtu3nXUAoRk1IZp1vezWT+0YZiGrvbdrGtTU2g+60enybQRQbG8Hge3KVTaNDnU15qmuU1Tq6UAOUyrYWhjS2cztQQqq9XRfLGYpnZwsI+RqKWfb2xAC4qC2vURYDW3EsU4m8C1dv2sb82SBARuppT5fAasV0PX1xIhCSvTpSsk49ScLgFBLTWiyDZItSokhmGFaU5CgYdhrLWWWiKotZKEJAky06UW0lGj1lmEhOyUkUIRCikEZMsUshWhWrJNlKhRiIgoTk/jFCVkI2yaWykFIkzpiqScjFGJzHRYlq3miXTaUaJGQUKOUImIKDhtopaudmMb2zCS6mqZcsyWpaulFluBTREIErdpMupKZKbTpVZJwrV2fddF39kOZMg0WBKBhE0pJZ0lSgmpdDidGVEkwrRpSpKiNk3IrWUgy9iYRAWpEBGWpUAyDqxSVSJCgpRIQbZ0ZkolRRR1XWcbwG5kraW1xEQXEZFJZlNIlgKIUopKSCkoIkoXskphAlnGQRGSsk0kU7ZQdLWWqEjYEcpMTC0VIavUkpl9LaHIzGYKLhE5Tc0ZJYpKPysh1utxatM0ThFEqWFa2MYwDZMzsw3jNLWhSSpVNmlLkohQTjYm6ErX7JYOM04tTSkx63pJiaoiW1MtkmvpGkzjQDpKuAFpnGkKwtM4Tm2qpZBqaScO3HIax3RDKqWkQa6lliIIAAUGCdSa8WSHcY1IE4oxJ9KZmbbdwrXvuzAGqw1TFkWUmm5ubtMUtfS1X4+DM7tuZqlNEwSOCOMwTNMUNuQ4NchQRZBpI7KUkkAKWQGSW+tns6LaPDrV1boax5ymWmqgFK1lUVjuuh4Fcokw4CwKQ2tNUYpIslIUoSghhaQiWhtzKqUEmtqQbUo3LNmyo0YtBRW7tanZCmFTopSo0zi6WKVIApkspXbdDFsRUSqZwzhaGSWKjWOa2pQtSZKgOLJQAmoJinLyOI5Fql2voERX+z6KQpJVukoRKApCzRYhhYOQyOxKQWptssDuaildHyUymcax1K7WrtYSUSUEaSsCCClKCEpXwG0aWzYLiUiSdAS2IOWIQNiIrF0vZLtEhDV6DFNKnc9m4zi2lsIhERGQmSEsD6v1YrHo+z7baGitWQoiSjFgbJNpnJadbWytjREFaNOIVCJwKOQ2NQtpVjtwaykk0Vqzs5RaasnmWsJmytHj1KDvKqFxtS6ldl03TBN2iUihDELGspuJUInI1DCOwokzcxrHEF1XSylyKeGWljJtwGlHZiYQIRxJtpymaaJlrX0tNZV9N6tlltPU1b6oSp4yQQKF+r5GCGkaxpZNpUSpwiGillJqRMgGRylACYyntHHf91iYxAKVUkqs1+v1eokdUEoQIWGD3dw25xvZhr/807+gaGvzWKZba12pKhEKSZm23EXtujrmKMvpnFxC/ayXlC1ba2nCilpDBFFKsVszITlztEOQIEVQax3HaRzHUpl1C+N00ohaVEq2VkvX1QCcTRHOVCCKFWAbhWoJidbaNIyttXGYbJcSKU+toazdTKUApdRaO9uEaumMJbWpTeOAYmhZAgkUtUREJXBisJVuUq1RLLq+sxWhKVOKbG3KZlAtgUCqYezmtMO229ioRbX2TmdSgq6r2Uha3/elq+N6ENH1XYmqYJhWUGoJG5IoISsznYm0mC9ms7nl9TDWrgq7IalNY6YVIWOacal9DTkzm4c2QVOUbtavx/a0Jz1xvR52ju1szBfZ2n333qcQUo1SopvN5yTDOHVdbW0c1qv1MMz6bmNr4+hoZTNfLLINNWqUYruoW49rSV1Xa0RErV2nomE1dH1v59SyqyXCSeklA8RytYpCqLpNLRiHsUZsb+/0tZvsqAxjk72xvTFN0zi0riv9rK+1b21aHa1LrSG6rneExKyfA8hpR42IUCBKa20YpqPhaDGfdaUe7B+UKE4v16tsTYpsU/moD/vA1kYpppZTNkSUGMaxhGpXULbRy+WRQiJL1NVyubW1tV6NmdPW5lZXZriVLihdG4aoJSJqqV1XM5thNptVhbPVWg+PjkA7O9vDOJrcmG8kOQzriEAxWyxMYtWuOzo6itpt72wGJcmCSq0tXWuZsnWla/Y4DIvFbBinqbVaS5TahQyli0yn3JVwSkWttZYptFqthnFd6GpUy9hBIIIgLKnWLiSpKLHkzFICeRwGFIvZrEY1ATlOLRTNTbDY3JqGYXSrUYb1emqtdB3TNLaJ9NiaWkZY0dGaMRGFcGIotYYM7roOY7vru5bNtkqhyKZNrYSQpmkaJ6db33cqaq3Ztts0TZi+r33XhwLo+r61hikRUxumya21WiKitKkJouuKikJjroEadaKRLlEbbs2haK2ls6s1ULplEqFQpE0mJGY9jNM0EaEImb7rWk62luvVuF7P57Pa9dnGTHdRgZYtSkQEpFTsFFbEehimabKMUZWIJMOq/aKfdSnGMbEjpCjCRiJL6QgJIJyttZaAVbqCAWw3OwxChUTO7EqJUqRASIDJbNlSUSSIiECapkkBYpomoSCAUvqJli3tqdl2SgJaElFKlKhF2KiUCNNyNIqMUgsRIShyZqmlixIRza1l9l1XoxNkA1m2kbOl6bqIKE51fcnJbRqmllhSUWQoShTLQSldSBERkxPTd52iuLXmZlRLpDOx06EAtcxSVKIkSAECgyOUCBERUkRXCzFMzc4oXWuTmyKUJluGLEnIOCdHKaUEVSJUg5CsUGQaZ2sTCGy7LzVlmxCh0rI56UJJZtqZaUqoeZrGjBJRqmHKqahGLUUhRzptdaWohD211lSjqo7jSKirXUCJIARSobUMUJB2V4pxpqc2Eapdr6JsjlJCUQQKm6Iyn8/HaRxbM0CEiopL7UB93zU3SRF2w1KEcxxbm2qR0TilAKFURFiFbKWUrkYb2zCsCWqUJEIuVTUKERHF2CaKUMls2bxaHbXmfjZTLQG1FDtto7BcCEnYaSHGaUi7dKWExmmqfZGUmLTJqbWQIwIp2zhNLRRd1zl0dLgch3GxsdGc2VqEpBKKkDDORFZYpdCaIkqU0kUtNWm2opTARNCyma6WpA7LVcvW910pNSK6rtYS4CaVUshmg1y7qginkeQUxSIzIxQZ6VSiKNgoo+uqKs5GAkJp16hIUQJkJ81RSykCSYWwbGcqakQAVhRJkiJsNWcppat9a9lyAs26LkIGFQUB0doEMZvPWsvWWhCZo1vW2tW+m8bJqC+ldFUoIlprrbWQFNF1tfZ9kYfW3Kil1CKVkMKmqITAlFrBSJltGMaNxbxELNerNk5Ra5Ekau1LQRJR2jRlZqkVRWZmupbSdRU8ZfOUw9gimPczFTkzau1KF0VCUqiAKQpotfS1Romww2HJaXel67tqxdRaLVFrmaZxmkZDtobpSomuTm2SVMsMW7bdbClARmqeLLoSQClqkJkNqwgUorWppUW0cbLtzG4262qRPYwTqJRQCafGaaylZCZSRLUdqJaabRqzRcjplq2gEtEylXSzLkqRSqmKWodhyMx5tyh9N67Hw8ODzc2tEydO1lqncTJO08bRQrLAAtOaFVFLWAjl1Fpr6czJtSuqtbURE1UowFE06xeZRISsKCjK1Cana+1am8axKRTSuGpTTiVK19VpalGjdp1xTkZSSFIRUUvKw3oqblE7iKICTjONQz/rVEsgnEihkm2SbEtSFNXa285MN9cuUESWiKzRpVSlqTVnK6VkepqGWkqpJSBtRRTFehhI96XibJk4VIunDFH6rkZtrUVRUFIZUShq45SZ2aZpmkqNWrtxHCxm/WyaxnnfLzY2ANPsmKa2Xq66Eopaam3TVEp0XVe7urHY6Ga95FCpUbAzs5/Nu74Dur4TFJVaakQJYWhT6/t+NutQsdyV2pfu4qVLEXHs+LGiOmWuV+vFbGNjsdl1RSJJzGwxW6/WmSPWMAyzritRao3adbN+tlyuEVKUsKGWSqivNZXOFJRS533t+kiH3Gz3fZ9tUimlVrdmkc0RXk8tpBIlFaVEBF3XtSnHYWw5RSgn+kVXSwmVaZqIQHQlxpxqrX1Xh9V6bON6GPqu62eLqbUchq7rSxfDarUe18N6XMz6TJrb1s6xdDqnKNEmp1w+7qM/pCt1mIapTYFK39cgFLWrTkG6ZdTo+9m8m43TSCZW5jQM662tzdLVKceN2cbB/p6idH2X0zQMq652UUqNsBXBlNN6mrK1UMznc4UC1RpTc1gtW621QBtbiai1W2wsZn0/DuOU2Zce5+HRQa21RjebzSJitR43NhbzxSztWd8PU8txjKi160otq9VRm7IogFAoLGJs47geZ3Veumo8DoMQtdQISrRmpUMlSnXmehj6WltrdpMKoVnfR0RrreuKM3e2t9qUlkpE3/dtyhIlW+u6qIooMaXSntrUpky762cVJkyCaXKbJoKIkGJqLRSZVkTtapvSZFe7UkvLsQ2t9l1EYFLpTEdMwyjLkdM4Am4taonQMKzcLIXk9bAOFRMhojCOzQKplNL3PYFby0YUmuXWpIiqEsXZcJZSIkrU0jJtIoTCstNGUUpXY8osoaiRYwOiVGGAZL4xL6UESlyjopDSjkIAE87WQsU4FIkRNaK1JgvLRlKJmp6mYaw1+tlcCmNjZ9KgImc2q0SITAeqtbplthYKQq1lay2dmZrNIhqUCjhRWrIchhq1RBCSjLGRHAqkUjrSwzig6LrqhjOnKaOUWkpVSCAktUzZmAiJyLQIl+j6LhStjUTMagWwUZBpO6B0Jfo6DpOxQqESiigls7VUCSOypYhpmjClq5KyZbNxllIy0yLAgcAtgdpXO6eplSJJzVmkrutNHi2PyNb1vawAp1CaENgoFKiUCGG7tVZCte+7WiXVrkYUZ3az3iYz0xkRpZRaShdhRWYGKhGKIFIiIqJUhTOddi0VRdgqpUSulqupjaUrNlOb2uRSVWuVCkGRIhSSEUqnyVZqiai1j7Qt2pQloioiopSIEjIShGqpkxsZdqaTqEU0W3bUCKmUEGrDZDkk2QmlFIUkWmsG26VE15dQUSgEKJUemzOl0nW1RGQauZRaaq/IkCIKpdZQRBWuXbW9Xq7ttErtapQQOLONaVEjAjUjUFCo1DBt1i9m85nsqbV0DquxOUstbWpuratdqSWiqIvMzDEl+q4HQmWa0jjMlKm0sWwpptYSJACVqKWWLkqpEbKUrSlKrbXZilKKshmComw5jWMQCtGSiJCCYntqWUopUQCM8TitpdhYLBR1mlpgJy1NtjZNmVlqraUEQsqWrU2ZjlqyTeM04KA4VBpNljBE7YpQukVIUUhMChnSltRFndwkikoitxS0TKAookgQkiLcmtOGUiJUUBoHoVLaNLV0tpaNUmotUYocaq05DZYUEaV00ZU25jRMpdDsoqJaitRyykxslej7WUQZx+louSpotjlvbSKNaNPkbG5ORReaWhZQSCIiHNGXagOUUoBxGlqiiBLKKWtXaulbG7NlraVNU9qZrQ3NJWrXdX3X1Tq1NsG867GbqSX6WqfMbLLT0HUdEiFyykzhErWUkBSldl0nEKTtqUVItiKwwM7sSqkdOBVFVMmEQmGrkZFpxzCOpVbZwzSEonYdIEJyOknbqRolgogSgdXa5EyV0qZJigqJAYXsRBaKEuthHMY2KyVK2AmEouurUWtjmtrVUookjBSllGEc2zieOXNm89i2nMMwlFrTKVFjJpBMCLe0EVGqRIQiSmuTimaljm0sJUKRmRFKEzitNrVSo2UzKAwKlC2nNszmfbjaWbquK9Wk00gmUwQowmkwaBzWbXLXdVGLmpNWup7MdRuRsfq+9l3N1rJllIBwesrmnKbRgVtLiK5WsiGZ1hJshfquR4Q9TG1qzbbTGKdn/axlc9JaK0VScU7pLH1NcmqTcC2dcdQ+PRmHojkDShSKCjFNrUhpEdQo2TJCUep6WK9XY2utZSZZSu36EqU4rVKkGMdpWK8Jz/peUac2hGI9tMyMWjC11uiqoKtVKuMwElFKmXJUIwolyjA2Y2ebhvVwNETfXX/D9bP5fLVaj+Mwn8+3drZK30XUTAgyEwE6ODzo+rrY3Oy6WVeLw+N6GrMpjUKScaZr6QOyWaWsV4fTlOMw7u/toggiilrzMK5LKYbl0WFEDOthsbHoZ/04Tc6sUcZp3ZdeUstcLVeEtjZ3CFbrdddVyGFcSxweHkU4ABQROIdpai1L6dfrlUoRHtajQhakur53I8Ric2OcxohZLRqm9azv+9nctFpL+fiP+JC0Z/NNnIau1lBEaJxaOt2y7+ezvp/1XXPLlv2sPzg82NjcGsYBiiqtNRRRa+1DlHEa2zSNObVxWq2H9OSJ6AqZEYVQa20chxKl1GKIWiVVsb88HKchSnXmer0uXSFlp6rGcRpWR7VWw2oYopTmKacpbYVKlFLKOIxItcQ0TaV0/axOmQKFUMzms652fTefLWbjtF4ul/PZrPaVaZrAmYSdpLNIgKGU2pdqMQ3TrJuVUibnrO8JrVarw4NV1Nr33TQMpdZxHBNKCSeZU7NaG8GobC425hubbRqH1VhKKaFSu2kYUllUsjUsO42HaZIUUUDCEZFOGi1brTVCtSu1RNf1bZimbLNZX6K2TCyls7VhPUWo1H49jV3pikqJUGWaUsJWF6XrStf1aU/TFJTWWpuayIiQ3dW+ltqyKYIi2UUCIYRKKVJIpNNG6iCJCKk5pWhmyqnvZl3XERqHYZpa7Xrw2MZpSAqldirhZlDfVwNQQlJEFKAZ4YgQdmtjy5RrKaWEnU6RKYdCUaRs6dJFlFplK9yyRUQoMrKUGqFSayhCVpNLyTalM50SimIbI4FQY5gmDBGk0yB3KEqk6Upp2aJGCXVdX2pVCOOIqkiTLcm0FbVk5tSmvutCsp1OS7KNBNkyhGrJluM0lqjOzJxMRCgiCBvXUkTapBNcale6KjtCmTaUCNullGwGxmkKqRDrccSutXOoSlG6kLDtrFFshaL0XSEamXaUQMqhpVsQSKUECkI5tWlsUQVqOdqIUKjW3tlaG7FrCUqxwalSSil2EgophChAKEqJomIztWanQumG3ZrtVmpFCoVCCodK7bpaAjxlRomIQoISwNFyihJushupvquhkGg5QbSW2XKYxhrRsKcc2yRFlIgSgrSbHQpZRIScqJYiq9SQZCuEbdm1CyLcEFioeXKSYBuXKLVUk11EFLUpkbKliCbL1AgVOZNCKA73Dlar1Wze11pq7YJAUkhgHJQUkJIiKuEwsqtUQilNU5umJtH1fRedipQkiYXbOLVsjhK160oUpDFHm6qikHCEsk05ZZLGXSm1FkWUUgmKFF0dx1HNte+cuR5GT2M6axRVtWwkmWnI1gS2V+tVV2YqmUSRBIkjIiRykqKf9ZJMTuMwTmNXqkLOnLJFrfOuS2dOTQFWrTVKkSXRphZGEZARNYSFQJLTSZMEIrAFZLaKopScMskI2UiUEiWi2QIpFBKsh3GaBpuIEiUAWcZtauBaSssWkEaAlM21qwHDONiOUkpEEAo5cxiHrq9Q04ntNrXmlhlS6TpZ05Qi2tSG9bKbd0Fp05jCzUJOqRaFjEvUiIhQKBI7HV0tJYZhpVJKiWlqJVRqyWw2UULgcCiKYj2sx2kKh4K+7yMUkACUqIY2jlAUKAROmhS1qzJ2gkKRlhwK3NJQImpRGweZWropp8zECjBTm5rTtZuRIHWlIxoKJk/ZUBZJqpLAckYIqZQSKD0FZMOZyIn7UlN2cyjcnOESJUoJpHQS0zhMrSEyjTOiSC4qUaJ2BYOICInMFJqanROW07ag2VEVUxuF+9kMWLfMdF9nhlJDoSgqJZxhERFd7SPVZGdLm9CsnzuitRal5jQBKgECKSKgZbapORuoK51tlQL2BMWZmdnSKMpsVoJIsitFrpljy8RGCNKOEtPY1lPrShehNg1d10shqdmBSqkRkc6WU+26rpSIcMsy6yzRsjlBAZnOaVJEoKm1lhOljOtBMJ/PLUUoVDKSTGOFImJqzQgM2pwvCMYxIyQiIjATKBmmIVDpSk7Z2lRr7fq5ZAiDirpaCY3D1NrYdz3hTJcoTqtE19WIMM5ss37W9zNU7TauR0sRoSDHhqi1rlfDNA0qMY3DsF4H1BKZjlCJaK0lWUtxy650qZZji1qFU/RdV2o3tSY64WZLZT6r09SWq3Xtu435oqqt18P+3t58Pq9d31obhrHUOqyXKpRSnc2YUJuGcWrDMPR97bous6mUdBJSCeOudOmcpjGQE7tFia70s75HhEoyZaJAKAp99HI23Ka0Pe9nUUo2Sq3Y4ziIsndwIHJjY1O472sp/Tisau3BwzB2tcw3Nkrtaom+m6t4tVqW0oViGIaoxS3LR334B9Wu1tB6mmTXrhvbtFoNNSgRKmFnEsthtX9pr5/NNzY3pja21kqJRT8bW5K4tcyc9X2ptStdP+tq1K6vNiVUas3JUeqs76LQhibY2NzCFk63zAzLRN91USpqtrpSVAC1cVLRxsZWnc3dGlFKyFYgKaJ0q9XROIxdX6WSeBrHwH3fu3k9TlO2vuuH5WpsE1IEUpRQKXWYhmEYutKrgFWrGshQkkQRluwmVGohso1tmqZxWLepla4s5gs7V6t1omkclKo1StfZuVyviiKg67pauzZNwzBGodSaOKRaop/NDNO0iigbGwvbme666pSCWsMm7Yiu62qbxmxJFMjW3NVSay8xtmkaJ0SUKBG11H4+U6gvNbpoWGhsHtbrvp91fZdtnNKSpmn01GpXMaUqotRaFFWFNJlZVMZxGsdJwhJGslCgdLqB026GNrWuFlGQQxGK+axLt/V6bTudCETBpdSIKqVbZhKhGsWCNKVEjaKQaK2VWpRya4RmfVdKVTBN6TTCMLWJKSUShCkxjeN6tR7HoagSYAwKYbXJfd9ht7RxRIBrqVKAW9qeJiPJimwNoSpJbo2QybTXy3XUks1CimpNIoxbaza2I4hSjBGllBrF6SlHrGE9FVz7TlbaUaqCbI4SYNA0TsN6qF0pNUpAlGxT2rKi1KJijFMRtYYNblNziYiiEpEJskRIJQLJptYAIjMxKIQDN9o0KVRLNZrGUZKiILfWMkfVrkTgptrlMK2H0Xi+mGG3nCq1dnNnTq0JEypRu9lMKmGFAjKkZtrQ7GwtpbCdLaOrTks5tOZsti2ytZAUqt0sSiEtAepLjNOU2aRiuQ3NoYiS6VJKqKDMiYhQADJNhK3WWptShRolna1NoBJVdiYtW61doQARkc4CUmROaVVJNXC2dKjYrWVTiIgS1TZtatlIolBrsUJqImwM2AnOzATUpkZEr8ioyKGwPU1Ta9PUcjHru/lcRqVkGiJqCRUJh8dxTGcpNYQgWwNNbfJkh0v0XR/zbm7ZbpJQGIrKlC4hQQhCdo7DlHaNrhTSLaxMG0ctfd97alOmIkRRwc0tJwtBOmupEVKo1FpqdVCiYLdpEg5UigBJQsYiAhwBKSSRgFS6Pqw2tbRrRCBF4CwqpesKDG3MhNC4nkoNIYsIo2jZEIHSKTsiFKEIcGuZzpywm6wogIoUpbPcpjEcpeswabpaMjGEIiLSbs2QEVGii0KCWwOkCFGiSiXsUmuiGqUpcRvbWBRFARkRpZYoJVtOU5ZaqVFrCakoEmfLvtQotZ/3sppH5CC7ru9KWa6OkCJKplVq15W+dFHlZqlZTJnGWLUWQbZcHi3HYYpCrZ1bptO2TLZ0hBM0oRK1KKIU1VpDcjJOTVIpJZ20NBGBCJViO1GNEGGY2igVJBWVKklpr1frKM5hGjL7rrScxmGIiDrrI0obJ6Qopa+15dRaKrw+WgklRlGiYAGlKyKNW8oiFJlJKgOnFbJTAAjZdkiBSq0E0BqlRERIDhUZ4Ro1SlmvhnQu5r1dWqZbQ+F0TpNK6UqXmVObxjYpIqRhGhWkyYnmLJJKidrhNqVB9iSj6ErFzW5ERDLRbCsipCLcxilqCSmzKaoCtyylhHDKUEIRkVZEKKR0y4wSrWUUQkIxtcmtGbXmCFGllGGYxqIoXS2lCCmcLaUi0lOoMg1T13eZzThU7BQRKqUWRRSV0pWQPCkKNplTREjqay0RbWrprKV2tRNNYBtZEc3TNA61zqpCQUQZx6kUzWZzk1NrbjIZKqUrU059rVXd2KaQuq6QHtO1FEJ2lqilBHaNICKgm3V9N5svZm2aMk2mJafDHsYhiJwaUpTiNqWbooRAZPMwjWrNItMlhGI9NkE3n4U6sO1xGodh7GfzGgKHpFpr343D2HBf+yg1QSibVYgIbNDUphp0quO4HqcJ+dzF8+MwbWxsHBwdlBIbi0VzliihmMZpmlrX911XirGY9bP5bEZYlk2RhMdxGsf1vJ/3XRelW62XNbrZfNbamElEWY/rnLIrpZ/Nc5qW6zW02s+JIFMhN9daokaUsLFbnZfNxfbGYh4m0yUKUkQQ7usscSlRIqap2SjUprEN07yvNkkWlSlb+biP/NASdXTLYZra6CnHaVwP48bWRsss0dWoU47OFo6ur+O47rqe5mGautmir+HmidbGSdGlbadtlQCVEv2sW6+HlLu+2Exj9n2dzWctGYZhmqai4sxhGiUtFovmNk5tPptbDMNQI8Y2zmaLSm3ZVMqs7zObUOk6Rak1QP2sn/ULgtUwimhtjIj1OICDmHf9NLb9gwM3R4hmS6CpNdkqdb1cTuM0m80yWzpzMkSUYpocXdcZKUpaR0fLqGVjsdjY2CCYxla62te+dF2I1bia1zrllOmNjS3VKgMe2yS56+usm03jMExT11WIUlSihgKIiFr6lpOCiIJiGsc2NmfWroZZj2ObxlJqrcUJRZnTNE1BqEQJlaqEaRyH9bqfdUFZrVZW9F3B1L6TmbI5M4RR3/XR1SKpVkEEUjk6PEpnLaUUTc21K12tabulUYmYWtoOgWQSU4oUgUhThMlpGttE7aqslq5dLSoqtZbSsqGUapsGJ4SVqBal08bKzNYaLa00KiVAmc5mZLfEDUkSIayCHAoJQ0QppdRqi0yEzDRNwzCEaJNRq6WWUmxHDUKtjRHRz2eRkR6LSqnVoHQttYmuVqmsDg+W61Xfz2otEbLIYWwmHIQgrYwoxhBRitJRSjqLIvpKmhDWMK6dlL5EFEBQIkDGXa1EEWqZImyglSghUumWLRM5RytAyuYIo5iyjWOrKkTUUiUyU7Yt2Wk1T7ZDQoJIuU3TlFPa6QSKZMAu6kvJKZMp0w27NddSu9JNbtmIUkqNiEi7uYUUpYKwW05Ta7LTbi2ztXHKkBQls6VcVYRaWiaKsEooG6UrkkjLqDiRFISanWlEy4yIHMc2TVFq1CKYxpGiWrp0i8CWRJRSFI4oGJNyrRVI6Puu1EBRi2yiKFQk2zaSpAAkiGBqxoBF1FKclsLZKBWjoETYCINsj20yRBTs1hrQdR1Fgqg1UJIY43GaSqmz2ax0BWQcitYmOwUOImrLnIY1VoRK7TCJlYRoBlFK1ChN6dYyRVBKhCOdCpeuL6U4MQaiRFGUDhEtKaVEES593ykKQpKMZUIBmWTLrtau74kIBZJbgjHNJkmRU9ZZ33eznDJDJUSqlEg5aaFOqGWTHaV0tZYa2dImQiohxTi1KRs4VATZrFK6WbVzvVxN0xillihp1VoiVGsniUARsscpSw1nUxJdJ1kSAVKmA02Z2F1XUSk1WtrOkAiDbJzu+r6UCunmCEVUjMhSi8HpaRopVJVmt6lFKbVW5LRby+VqHIZV7WpEGEKUWjGZEwRSV0p0NYJsY5uaIjCl9t2srleraZxmXSdVFWohmzOb7WkaI6qdAiZZOevq1KacptJ1te/60mcyDKs2tfmsT1RKVeBsmUKKUKhISITCjdoVJGw7LGQREJBMLWlZawSRMkYRWLaVOCEkKMHUMiL6rmutlSjz2ay1VIRCs76rpUAOq1WOkyLGnEKKiMWiz7GNbSJEGjlKrSVkRZSWjpBspFIiwEilyp7capR0GkcEZhzG5gy7lhIRAtWiUiSmNiFqmTknIpCSxFiB00TXz2rXRwk7mUgrcHRdFAKZkuOIXEpt09SVDimDMGMz2aKr2SYclg3YCpMa29j3Na0QtesCpVqJ2qY2TWPXdRHYihBmmIaWGVIpEfKs20iRLeWpUKjUUiKKMhVRomRm2kUlao0Sodp1XeBMqTCObRgGgohSa+SUiFJL5nS0XE5tGsYxW+YEkbV2ISlTKuM4AlFKcxNEKbXrjDMzUVhkTtnkUEglIlSiDsOYmf2sD8U0TA6yue+70nVMTJkqUlEpNSchMJJymghKRLOH9TrtIg2rFVFrrUeHB8M4tmkqtZv1nRVky3TUGrXizCmRLKZpLBG1VBRdraXrp6nNZn0/6xMCSwWEPAzDaljZrn0URU7NEVEKob6ftTZlS0XJnAJBjNNYIySlMU0Cab0epxwXs/nm5pYUs74rfV9Q33VRyqxfTOM4joO62tU6jUPLliazJTGOqxp1nKYaUildV+f9rDVKjWyecprPN1Q0DmNmkyS56zuCdGZm1H7elXE9RSUz5/0ip2zZHKUCKmQmlNK7eT1MXdfVWR2GMccWpY7rqdRSQmNrbrTWJMZhPDw6qn1Zr8f01NV+miah8vEf/aHN2cZpsbmYz+e169brtZL5bJYtD/f3MhPR1UrEajXs7u520c0XfbbMnKbJYxu7biZRa+n6jhZTG3PKlpNMiXJwuJ+t9f1sHFee3M07T16tV6WohNIOotYiK52llqJaujINrU2T7al5c2PTtMwc1yMtqTENQ0TYDMMYKMQwDRERJp1d6UBtaLO+h0CeLWaz2SxK19VqCSgoM2ezeUGr1bp0tSt1ai61q31XuhBIRWKaRnKqdUZECRbdrAlobUyKhtUaZ98XYHW0iq4WKii6WquGaRyncTabZxrFOI3j1LCNQoSiZSMQYOMcp9FTRgmgtZZpIABJXS0RWFNrDuwch6mvdb6YtZY5NVMioitdgmFqKbvUKLVGrW2coqjv+kCWShRFEYxja1OrpQzjtF6voitd6SiSo5ToSqQhs9RSSm02uIQiCiKdUokIgKSUgpROt7SUtiK6voQYh7HUGIdxGls/n+OUoqsFW7UwNhdqKS0thcQ0jW7MFvNQmdpIRpTA6VD0nSwkZRojKKWN2VWV0o1Tw60rnazRjohao69dFKQQUihbCtmtKFrLnDJUIkRaoVqL7MSgYpHTer3qum5nZwdSKm2aIkJRDIFRAhBShCJSpSuZDMM6JEVxo3SKCGe2No5umKqiLpw5tUyyRC0KpaMIFZzAtJ7GNk7ZwjRbIMkK4W7WZ2ZEJymzlVIQuCGM5DRgOxRSRC21BBqH0XINAaHoo0iUKDhJN+d6WK3XU62lXyxaS5rLrKu1FCkibI9tlFQiHKRtI4PUxjENTroApChRZ7Naa82plVIQRbFcr0NZa49RRJRqUVUwhOzmjCihlutxLNB1XSnRhja2MWoJlVoj7TaNRn10zc7MsIIIwsqpZYiIiBooIKQi4XS2lJVSoATbACadoL6WaZoODw+ctMlBdv28dDUzDbVWyyJL1Ailm+0SJWQkSV3U1ibjUiqYiL52CtJurWWmjYiQiiK6KocnK+QAlaTZRJSxNYEVBUUtFqSnabRwRBVSdRslObNNrVaVqMOwnjzSnEnYbi2tEEhRoyikkmSRal/TIDk9jWMUdbWCulKggAMSO60gJzuRGKdBUiEIAoGl6jZZcrirtUaRNOYYuBBtGqZpLdPNZijcsmXaGRGtTbISRymlKKKQaVFL5DiN09TXWalBqA0jzq5ERKF0MlM60yVKFLXWokgR62mUUhQpouB0hJDTjqjZstbIqSFqFBTTNGbLrnYqkemQMyWlFNM0tqkB6ZRVSigkZJCz77oGSFJMrUVS+zqb9U7SDZy2QCaxLJCFJ0u2oSikTKebm6WopXSzXiJbTkNGrSazudZilJlOuk61di09ja05NxYbtVRDG9bDsKZlFMmUorQ9ZSklIts4tmEqXbh5bGuTs24mnE6CNo4RQgoFiKCfdRESwqhIgGnZwKWGKNmaTe26YbVOO1tmZtrgGqVlOgm11qY2jbXruq6UKLZriYzizKlNfXQtmyJqqVM6FMjDsE4niHRXSnNGygJTSomqgHFqIUlqbjhVQhFKD9m6KNM4rterWT+fzXpjJ6UUoE1ThFSUYyMySpUdUZREpwBFKSGkophymtLCKOxUkSJCEaU4XSQV5dRKFAtsGewIRSk5AY4IYJoykHDL7Gf9lE3qpEBCuGXX9SVinNKoZZaiUrpay5RWBChbM5KtcFol1JqRZZwGRShCUQKwpxKBarY2jW0+m9Ua69VYo/T9LBS1duk2rYfSdWFPzsw2jlMtXe1rUSiKnTlNEKv1uqpEV7CQa6mUaNkSB6V5ilpli4hS+q6HDJV0y5ZUkTasV+N6XEaJviuW+q4LlYgYVuuxjYv5DOtweZit5TRmeHO2qLVYkmRny6TJxfNu1s/mddYdHOx3pcwXC0PamEAKMhtYJTzR2lRKiUqbpqKofR8hUfYP9ts09t3METVKTimYdR3hnFy6Klum1EDOsRlX1dVqdXh00NW6sbW5Xg/jeuj6+cZivjnbuPOeu4b1amMxn5ylVhHTtM6pqZQalYiwa+lq32XzMKwj5UJmyzbVUgi11jy1zAlUSi1BqEzjNA6t62dVqqVE7dbjsLd/sF4e9V03m/WJuhqGCCYzrdfTauhqLbWkPY5jROm6bhzGtGuJNrWIUqTSlfUwZhvns1kmUXC2o6Pl1uaOgvKxH/3BbRxX6/XGxsbh0eEwDIvZvHa11n6YxlK6jZ2dgDGnrnYhSbHYXGRzrX2ptbWhRu26LnGJauc4tm42CzGuxwgt1ytFMdRaMpktZn1f7rv37Gq12tzcKFEzW9oR0c9mlqdxQnKTQlFKKTGfzzJzuVwrNF/MCXLKqOrqvC8VqbVxtVwatymjRt/1Xd9hEM2GtIWi1LIexmwtIkqtpZSWCUQXCRvzXkVVZT6brVZDLV1XipN02mQmoRrhlqGYWsvMoU3zvutq50xIqFMbL+3vzfoZONOZ9P2sK+HMKLXUEBFFXdTJU6Zba+M0FBG1DOuhVE1j1r6LKGGVWkqEbVCpyjQWaJrWVWGkkBRRoiimaernXe36bFNzgxCWutIVI1rDMunWjFUqpAjVgomQpalNEDUKpcjNJrFJT2QYK505NaDWTvI0tq4rigKQRmSzIGopJUxDzEqNWqZhsrPvekGEIIZhjYlSVGqIBpkZEQan+xpRatSotUrk2FRKFDW7i1IQEph0V7tS1NqErai0Noxj33XUkNTa0EWJWoExEyHUWqrQd71VZCy1aZRUakmcCfbUploKBivt2ldgGhOCsB0IQSkCnJQotauShKfWLOFUKJsV4NbGAYeEFbXUwLanaXKmMBGS0q30NQgbbLe0VCKwpShdUZS+duDWmoF0lDCTFDVKRB1bEzJM2WrtooRACrsBrU1ja7NZb0dRlBItHVEiIIJQm6aiUmotXY1CoZautDaNw9TcRCgUIeGWLaSulBIRIZOZWUqR3MYWUkQIVAswTk3COI3IGjVFoBLRMvtuRqQtoEgSIhJXWVFKCaPMLBER0c16p+2GSillalPmJJWo1coxW0jCU9rGiKnVWhQyFmFnFFUppWwJmZlTthIR0NIWy6PDEmUxX0SJWqLZ2TIzW05FKlSVKFHSjMOoCJs2TqXGfDaTABmKSEslQmGjCIVqrchkEiHccspMEW3KCJUIObMRSHKNAlAkQzgsq0SopUsJE84cx8FQok8kVFUy6fvSxinTpS9RSlE12G6YMR0qUSqC1nLKNgWhUoJEMU5DZlME2YapeWoqUpS0Q9HVrtTiTAtnltDUWlutFBGqoZJgnE5nZk733n3v+uhovtiMWrHDSmcJAQqkQrYSESolIiIstWxtmlDUqF3tHDJE7VRUsIVUIkJyZpumCQdgpyyFomgaGmmjWkqJEkXGRWpOiYiSOIkIlVpMppsUdmZrkpQutbRmpyUJTTkJpSmli1LaNIRqgZxaI4OICAmbdLapgRQxrocprYgIqaioLtdHhSKxHtZtal1fgClbOqeptTaViFJqhIhYLddJdrUgSYFtIavvuubmlqFEpYTGnNrUau0iirFzdEqI4mlqtXaSSYQy5Gzj1AxOGZcopVaMRKi2qTVaiS4k7MROh5RZatCcGElRJJUIqUYXXVTScqYiAdlpT+MUEggztaYStSgoyI6QpeKIUFGNODw42Lu0N+u7qCLCCRFd7WpXS5RSCjhHR4hkalOESu1LyJmtNVBIY5v6rpPktLGdJSSp72ooptawu64KFCqlAo4IlG7DesyWJYrkbFmiKCQRhHPKyc2tCadtur5za5joSqabTSJZkm07BcbZMnGJkIpkSdka6QhFyNiZqoV0ZjpcSs2pYZMJEXKorMephKSSnpRBMA5jlCilTK2BSikKERFuWDhrV0krCqKWiBJRws2pjKittdKVWd918zkRCoZxoLXWpoOjw43FBjIRpZZMQyiiRiDJmtqEVLti2+Cgk46OVknOZnOVwChJt1JqlDIvfXRFilJraw1TS+lKITS1qU1TVyPNYj6rXVmvhzSttWEYosR8NrM9tQbZxmkY1wpm3SxKASNNbRKqtWablMUl2zRF6fpSxzaplFnXI3VRMN18UUsFyzlNqSgSzc22rNaapCiosW5DOLv5rFRla1VFtKOjZfPUdbNhWJ89d+/R4UFE3Tm+3ZVuHJsClY6gU6GKzCiaxtaVarm1rJ2mYcrW+n4+tRyW683NhZW19F3fT8MIDG0YhimnIWBKVCOztXGa9bO+65IspSpEYpFTZmZAlDpMQ2ar/SwyQU73szpOWaJYwi5dH5JzMlG6UqOElERfa9d305TlYz78g6Raun5na2s9DMM0Hts+VruyXK+D6GZdSNOYzuz7fmrTbLGYlw5FP++yta7rM6dxzKIIeT1MwzSUElMbV6vVbL7R933pysa8V6njOGCEhnEcx1Gi1CIiQXIpMqyOlkVRagzDamqt6zqpW62WrTVFyGFh5zQ5WyJUIhRRYmOxmdnGcaqzmc00TTUinU7ms1lrrU0pJKEoOU3DOPS1ltK3nGopyHaMOS1Xq6kNEgq1nJytdiUipMhs4ZJuCASmTelsIZuoNQrlcHnY1WJHrVEjPDklm+achtHOIqmrsiOKnbJxzTR4HNs0jPP5HCklwtPUJCShsl4u2zTO5rNSalBLV6pibG1qk8l+1stKN4rSklRqiUq2BDen3Qxja0dHR1Eip0lkOnEzhEqtte/rOLRMu2X0peBxPY3jgFOhGiGFgsxJIaWmYVJIcmamWy1FkLgAESVqSK1lKKIoMyOUlsBgjCcUUdVa5jhJASZNoIgIpYVTESHZNoFzzIaRotQKbq0ZRYCVuETMuhmK1qbWssw6ocwUgCNKa62UDsj0mFMgmzQ1CsI0O7uutHREUZWSruutyMyoXboZZKLraq3gbGnR9V2bhuVqXaObchAqpWRmaxmSVCOY2oRda4lSWptaZq1VKiG3TJkQ49SiFIdId7VThIBwUQ1IOzPbOIKjFos2NhupSrazRLFNEjWUWBjjbFO2dN9VZ+bUSh9tsskIRLHTzlAppdYabm6Zlp2EKLXLdEglSpRozaWEk5zSEKHMVBRQZoZomYZSKzbQlTplhohQLUW1y9YI2Uw5VUXLzJYgsBxSCxVKKQpCaVuUUkyWqNjNiUWYlgltGgohCdPsQAYJ24YoysycUnKUAuFMSQpF1ABMV6uiy5ZFLObz0nWWowQCG1GiKkqJ2nKcpgmQ1dxqV4vK6CnHRNTSpZRuUbCdU5twCbXWSkhIOE0txfY4jSERCkWoiDQhSTWsNAqBJAROotbIhKYoJUJOt/WkiFqLwrV2pVaFQVOzRJQKlBqg1ibZzeC0srWcsiGw0lklRYxjG3OCkDOjhsJkS0LOZoVqV5Fb4tbAEWWaxmloXd+XUMgSRJEtlX4266JE7dMNKLVTyZaollqLotgtVKNESIgkncy6vna15TSOo0pEKS0zRI5pQERge8qpTVlrhQxFiVJCidvUWpvSlkAKKdNtmoiwM42IzFEIyXIouq6TlTikohKlSJGmdpUIcE5NRNcViXEY0pZsQNF1fS0FOyGillJDITK6KKWWElKUWltOUxsKBbFaLcPZz+ah0tpUa42oCoLoZvOk5ZRkrtfDfNYBIcmYMBOpZMp0y8xMsgkQJdTPZ3YLRUaEAGRKlJCaMxwUeTKKQCpSyJnNDikzp2lKN6TMVkqRMEBKsgQorAiUEaXrOiSbvna1L2ncsoQSLpy9dzUM835Ra0WeWgupkUFYEZIDEc4pVNzcWouIaRjH1hazBXZERJSIaDgisrU2TdkmS7ULUIRK10laD+vS1RJlaqNNKTVtmiXJmjJtl1JIITy19TCVUkrXTeNUpEy3qUVEIISdKUsh6KpsTy0tkUSEs0UU3Grt3FpLZDfjpK8FKSKqlIZEgUo4FBFujihTTq1NNl2tltNu40SpQFdLlHA2u2VmUXR9X0sdxwFkqCVAsrpaWjpbK6VEMLVptTqqkpJpGqfm1lpR1FqO1uucJpBtRZ3GYXKrpSK60tmAMpNsrWW61eiQp6nN+lntSlc6yxbCMlM2odrV1qaWrVJLLcB6tRqmybaU89lcsB6GqKFSCygkxTS1nCa7ZWvTOJaudn2/XA+yZ4uuRF9rbeM0ZtKy6zoscFEttWba6VoDqUQptZpYLVddVyHG1dKSas0p01kUhGqUdJYoBpSyrCgRIUkBXg/janWoUJSC7fTUplo6l2ytRakzqZFtmhSxmC9StHTfd7TsSjdNw9HRcmtr69jOztTa0cFRX+tssehUuq4vhdV6qjXm/WK5WiFmfd/3/Zh2y1JLdF2b2uTJSFFCtjRNIwZZMJsvxmlaLQ9n83lrQ065sbExm/dI63HKbFMbItTS6/Vqe2u7NUrfzWazaRrHNmJDGy2ljVtL06SY2nR0uJzN5jUiuhIRBdJkNqB88sd95ObWVlfK4dGyq2VzYzNbHq3XoSilC5SZKWemsimiRhnGYcqmKMvlMgLwMCZiHMdS6sbmBqZlbsxn834ehaODw9Y8n81LxHo1hGJrZ7tERI1aexvh2vURtU2JPJvNu6hTttrVxXxh5TjkfFZq162noY/aUuN61dVQKW2YjEutmNKV2pU2NSetNcu1dNmy6/radbXWWkrUmmo5jYVS57M2Dutx7LseMhTOzPTm5mZfSptSJYoKQopSqxNFRI1hPdZSa6jrulqLDS6G0peNxQZoPp8v5vMo0ewwURUEoRpdCpVoLbtZN5/NkcBR1NVuuVz2s66fz5bjQLPA2aKUWmu6yYq+TmPr+37IdZta2hGVtJNaIuVpali1Flm1L8VlbC2bu74r0YGTXC/HvkSUEkVTc5umaWpp9321YxrXbRozHdGFZKxaS63hUARFbtM4pSMkm1BgWxml1lprc4bU0gLL2dp6GKZprNEpQiUys8y6rlZEqFiqESXCUEoJFUU45WzT1GS3lhFRS6SpRS0dir7rwKRDMbSx1FpKZzep1FoJydmmFkURlcxaa0RBUUtXCjaZWUrgyJYKl9oppKBNDuGGjeQ2NYm0aq2lRtjDNArbqiGVyLEhSoTQNE3GfdcJaiklSqnFcqjUUlTCiigqFCFFQbKbUNrTeowSXanrKUstxUqa8DBNzhYulltriUtEcyZZ66wIaikS0HAoiJAciijRWsvmUqWIiNJ10fXd1Lwe1kVFEBIqQYSw5XCJkAoGExElopZaa1XBQqJNLUREMSZby4wSIpDBNUqU2nczKewkSRO2akTpsEpBKrXWIgFdqYmN3YhAEqFsKKKGxpZuVtBFZ9HGKdO170OSnJmldLVElBI1MFFKLQGhoogStfS1ZtJaa20qKhExtbG1qYSkkKRAIStk2ylFqaUW2WAHYUcU1RIhFbEeRwURGsZVJqWUNlmOYRzG1mpXJDBY/awTymlEiEx7GqdMRQ1jUrUWO0sUSZBtalFLkSJCjiJZQghaMxg75KghsExm0lIh0SZlSylJWkIYSkRgnG5uWEilBKmpTc2thkqpQo5iubW2Htd9P1vM+intzFqj1L6EIkqt1ZlTa22aogQuCgWlq10366OWEFG69TA0ZymdADTf2FhsboY8DS1zdGZmiqhdRRpWQ1TRWA9rRy14GpuKau1ssqUkSW1q4zCUECFn0oQoUQiFotaaUzM2YWxca9f1nQ02UtrDuAb1/cwG4XRIESWgtdam1nLymHXW2U7S6Zat6/uigtN2V6OrPVLm1BKskASKcNoonZGU6IiIKNlSwmmV4mkiE4nM0lWJWmsp3dgGT01FXTfL1qLUiMixmay1zufz2vcqBUgwaSuzRdSuq6XrQrKloJboZrMSpbVs6TBRYhrTWJJFKbV0VYTdahTb6SxRnEo30kSoqNAJMlOlSplpFEWBlNkiatgRJUqZ2pQt3SbbraVJIUBuw3IcxnG2mHV9taexTS1z1s9q6aaWtUQa3OxAZJvaNAElYrGY1dmstWar1FDEtFpPU2utpTOTvu9LLQmyI0JFIaWd2C0FQqWUqDVzajZOGSSsdFMXXV9BcmuZliXSWUpEhIr6ro9SCbpaoTZZSLbt2vWSW8tSulLKelgJZ1GRuq5GVOM2TupCyPaUk0KhIhwo7cxMUySLKDWzhaKv3dSmcNR5iagBTrfWjBQa2wSe176UChm1pI0IhUpADdT3fen7cWrDONQoXY3S91IM6zVkX/uIolCjicAZKiGlm53T2CRqFNulRqJSotQQZcixraeopetqphGlK1URijaOUhCqAY6QZvM5Cknj2EIRUcgpBYk9tSnBtXYoLIAghvWaoERVqPbdehicLn1foqhE1/eJI1SiTxwlhqEZKQqNyS1KtDYJ9X0noyIg07XUaWqrYbDpok5p5HEYxmkMdVHJJAJnKkpXQ/Y4TqUr3axzy2lqzqnhdBtWq6m1KKXWvk3r2s36WU+2ccqt7Y0QBweH6/UwTbl5fMcJsFqvQ9RaM9P2NA4q6vu+tbZcrto0RqlCgtl8Po2jTZLTsF6Pw7yflxoFdX2vEiVKN+tz8tTGzOYS0zSsD1a1BiU8eWNzoRqkreaclqtVjRiHKaeJUqzsu66rneQ0gexmtLGxmKaGlFOb3DzlNFlB+fiP/BCbYRqmcVwsFpLW4xB2RGe3vp+VomkaW5twFLwehtZarVVoHNfjOIH7vqvzrtbetEAOlSil646WR8ujNUGttZZwul90JUobpskZjoQSmqYM2Znr1arWvnRdempjKpBlSkHr9RQyjlJr10WgTEcppavGQTQ3p4VCtdSIolCZ9bPalUyPbZimhiwjiopVZ7VomIYadTabtZwStZbzvrOVMIwDzaWrrU0kSM5snnKa3BpkqIzpo6MlNuHlallU+q6fpqnrqhXL5bLlVGrXWtau1q4rIaIoPQ5jZspgDDXqOE3TsJ4vNkthXI+ZWUqtNaZmtzYlwzj0ZUZBiqm1aZr6rpZacNpI2dVZkR2i5TCMQl1X0xqGFY5aNWZWdX0toS5qOCm11hJCUUprbRjGUmKxmEfUaX04tjGizvo+JCOJYVghdVEjikRfOxKwQqUonZnZxlyNQ0JRbS3bNNbaNZzZgrBwZhdFAqSJdNpZSsnm5kkRtQsrnBNGpYQkZJyZQlFItB5WB4dHpSsBAaV0rWW6laC1Nk5jSJhhXHe1i1Ja5jROURQhrKJipzFS3/chQbahWR7HcRjWpRSkIiEN4yqhj2o8DU1S1xVL43qYmhWqXT+No9FiMYvobGNLClQUGbhNdpaIKMXgTCnHoTmbINtEqIRK7aBlugS1dHbYttNYUpQiRdcXZZGiiIgqAoRtU0pkMk2TM4HEUVRUpIKtCCxP02q1dk6lq3KkG1iSI0TYlkijsBQKTXZrwzS20kW4rIYBMKq1pCIiSymt5Ti1iCJFy3WJqsAtxylDRAiVNk1tWk/pdJI0yGwhWQ4VKVVKiTDOzGkcUJCOKkw63aaxZV8ihJuNkBBTm2pElGq7REGOCEuKKKG0wxhFRK1lmsZsWWsXtSbCtiXAznSpAlo6m2oJTLMVYAhN49RaE6pRxta6qF3tTa6Go/lsVmrpShcBzUQIiWgkoqiU2pUo4zBEUS19W08EXe2M5UisopAkGbdMYYVKqI2pohIRobFNtdaur3KRPGWzXFSqCkqBIKKsVsts1F5BSLKIhCBCUaRSi1RVpZiGpqDv+xKRDdlEybRzAkKllIhajGWIWK+HbNnN+lKKROlqqCTTNIwqpTnHMe0MheToCmIaxtrXiIhQJlJEhO3l4WG2BraUmV0tlEinbKkkRCmlFNkmo6h2vew25pQjdnRB1HFcuzUiSIBSBIpQKIQys5RSay0RFJTpqUUJ4yhFItPZJqcNzqy1a5lFJQGii8jWppYRkXabGs5Sa1dK2thEhJ0IbJROyAjJtnJ1tFqtV/OuAzLd1y6dtetnsz6bl0cHWF3fS2ppRSlRpjZlNilKiUxN6yGdEQXLzohaqlC4peQS1ZJbU+nBEaXlJMu4gqIUlRKCKJJkB4HGzHEaBbJKyDhK7WopUcyULaPWKJGZxn0tkrKlW5J0XWfZ2SwVqZSiUsf1uuVUcESJUja2tueLRUg5TsvlSpTFYlFqASyFlK1BTjmVqF3f933vTCyZcRyMu64LMCmFcUQAUWoEtgultQY43Ww5a1QRCmoptfbY4zQGpXbVQooQoFDpu05RjIUNMkHaAksloUgQAZaU7ruSzWObgogaXd8HBmNHlGyJ5bQxTpWYpjGkqCUkp1qbsmUpXctWIkpElBCOwFOCrCQ9Ts3NYEQUtdZQSGBFlNLVpFlUlTaNzSgIB0EphQi3RrZa66zvIwKhCBRyWpFCBghFZqrQnDRbQeDEntI2Zb1aBfR9L1iv1hZ9LQYInFHqarWKEpXSlG6Zzans+z7BOBTGRQVlqKiETOIoUUtHkC0Nklq2WgrQpqnWbmotW6td3/XdOLVpat2sCxQRUSMzpWjpGlG6rpSopcuWGILMHMchimrpIjTl1He9pJZj19dQtGwyaZVap2mKUJFbupRwY7le4txabNhMw6pEcZCtKSKkzcXGfL4Y18txzNrXrnSimJyGYW9/fxjH48dObG1uRqmtTUMb9/cPai2z+Wxcro6WR7WrXT9fHS1Xw6rvS9/1ilDIzlqLwNJ6tQyENJ8vhmE4PDioJUIRpTjd2li7IkqArdIFokYfJUopmWkEao2xTRuLRa39ar2OUvt+1nd9uqUbSe26WmvXlWlqkELrcTUOQ+1qN+9K1PJxH/MRbRjGqc37+TTlpUu72VxrX2Zda9M0TAralIGmaVCU9XpZa19KuLUaIengYH8aW993Klqtl0WllsiWQjhDWmzMZ4vFtJ6SBFrLZmoppIc21lJn84XTwzSiYmcopCBo2VardQg7s0SgKCXbMEzqamDa1GbzeYQyU7iNKUVXo5lhGkpoOQxtyqglM93AUigEqlJr2WrUzJzG1TRlX/upTeM02VlQ1JAis7V0ZiJkpIhSS62lRGIRXSijTC1nXV+7GdLY0sl6tdw7OoiIWT8TGts0jZPTEoa+dOM0ZqP0Xa0l29TGVrtZ3xUTpatSKSWmzL70qESor0FR7aozu1JrLVHr5Ba2iPV6lW1EBUAytMwIgUNRagRFiWlRNKsdISxJEIlLlSLWw9DVsjmfq8bUMk3f1SLWw1RKtNYK6rrZ1KacxqBkNhUiQGVqOY0ZQRC1hqKUqlpqLSWi9jUy07iWim3C2JngzLTCouUkKSQndkqEous7MEVtnHAq5MwiTWMbx/V8tmGBYprGvq9jSzdU1KaMErV0JRRd58Y4DVGUU07ZohRFJCmiFJGJyXSKEoCi1Flf7TCUGtOUKLvaRQRym1rX9W4ehtFS4ECSM2lTkwS0nFprDlq2ghU1ndPYQNmawxEVUUoktl262tfq1GoYsGvtEeAQUYqizPoqhYIaXanFzky3bMZktpbgKKVNQ2bWrnOS2RQlIghyasaS0o4SXe1q12M7LSndQgIQoIiIqLLTDlgOA6aWgi1lqV2EszXbEBGhdOI2TTbG0zS5WRGlllJr1CozTi1KSFGj2IkdJRDZWkKpBTO1LAqLnFqpUUqodG6ZqNRSIENTm3JsSBFhZxpDKNrkqU0lAgu7ZXrMbA0sFBEELd3X0vW924RBgdOWFBEKZCmQAjsy3ZwBQjKWJBkyHXJELV0EUVQI1VpDWAE4cJuSzNElSimyhZR2iRIqZmryuB7W66Gf9bV0aeFEkWmBRTanmaZJVtd1gbJlCQlBIhRRIqLUUoptOyKU2QAiu66PUsFpR1FRpBFCLhGYqY0tHbWWUJumzIxSSpQo4aArnUHGTlu2I1RKmc9nihjGQZZhHNbDMJZSgrCjlii1yi4RBmems9ZaSolSVSBp2ZxZVBwuXVeilBIKsjmKQrFarRAREUQQUapqIbO1pKiUMkyjVPtasjlKOOSWIMt912EsdSEoppUoEMVK20onUSJCtrqqqRGhrtSImHIa1qu0Jc9KX7syZWttGtdjUWAUjhKZlqRSQgEuEZmZLbuuhKI5I1SiYAWl6yuoTS2zgaZpzHFMbKL2tSu11jKOY40CzmmUkGK1Wmdrq2FobZrPZlFCEEalkqY4m0lZaRTK1jKdTiuwLWhTLodlG7OWKLVMLZUiUGulm3W1AGnXWiNCUcDZMptms7DldBFEmbJ5ShVCSmwnqS56QhGqEXZO4zS2qdRakKSQaC2J5XK5tbU1my3GYRrGNc5matSImIYRiFIUjONEOCIkIgqS7ZaezfsSYROldrU4nc3pLKWUUrNN0zR1/ayUggxIRaQzASIUas42TIRqDezJqcxxmMA1OmRCaYZpbNOQqdIVNze3GjKBrYCIYVhLYZy2p6mUkhCEahhKCeNsKIpFay4lugipEnamabWEaleKM5GUk6ecioqKpnGapqGWagx4yhKFyBStjUFp0zisJ0GtXa1yCkkEIsc2tSm60tUCrNskikREidq1cQgcpWRrLV1qraXKlNqXiDaM0UVCZk45zrqudj2KsY0RMev6aWrTNNRSIjjcOxiGVV+76HrJJDm1BkXhZmcGIIyVbqSSQC3TtihIxtO49pR9V0utEQoRpbY2YSKiKBQURUSHsN2mZqnv+1prRLWYxinE2KZZLbJa5jiMBikipzEpXVdKLbJKLTVC0dVaSnHm1LK1CYSzn83c2vlz941j29zcJGhTiyg5ZSnqauckpGkc9vcvFbGYzaVoOQU+ODhE2phvnDh5qp/1R0fLfjaXEfR9Lxha29jc7CLW46q16ejoqESdzzfcmiGiTDm6ecospWxubJda0lPX9QChTNxyHEakzcWWQg1Lrv181s0kEoZhaOlZ19ttPltszGfTOKqoqx3EbNbZuVouV+sxhKScstQyjU0R0zRN49R3db7YrKXYlI//iA/p+q6U7vDooLVpc2u772vLNi3XSFFUo05tQKpdTdPP5l1XIzQ1l1K6bm4RpWxubx3tH6LY3toRsifsru/7RVcUh0dHU5tArbXa9eM49v2sK8VCYtZ1jnBrpVSpFHmaWt+XrptFLUKU6GtnrFBatVBLb4GoXQVNw9jSXd8ROtg/SOViNm+ZHnMcJ0zp62w2D2nM1TRRQy1zXI2lRnMOwzCuByKK5MwMl9pFKZJqxNTGcRpFlK6bd72bsYnEzDfnZdYX0XXdYrGI2o05VJXZxkLEfDZfLBbZJihuTbWQ6bRF33dRSq39NE22pzZKUWsZM3FESIHttp5QSNmmaWxjhIIaJUqUnKZEnVBEy3H/4q6l2pUanapaa0KZnjJns64okJHGll0pqpF2IAKbaWrYNeqUU07T1FrLjBI1oiikMk5D1DqOw3oYaq2ttdVynUYhIjLdWpNSkiKiFAihUkNgE2EXGdwcRaE65SgUtUQtIUKSA2etpSt1alO2LKVTFLIlVtoRipjGbJ5KrV2tfd9HBHZmAiVqpjOnooAotSgiFKVEthahiNKylYiIgEQSRtGm5lBEiRBWRImIKFV2CSkkla7UHMb1NAi1zBphu4S6WSfHMLVu1oGH9YApRabIQmRzOktEqCSOEk53pSI7XVApBRULEVFobXISRZlNklQLArVM0hIt004b205naym3lqWoKFq61AhKFCKqVCTJZLZsGaXvimoUoghCEUVRSloKYUDZmiJqlQFJqBRKqZJQUYRUjGxHSAg5aim1CIqiRCGUJBYgyEwk5K7rikopAZGZtSutuU1JZonidA2pVJwmgCkbOZVa+r6TyHSgacoo0c06bETpu64oWxrGnKRwNhuTKpKEVGqFzMxaatf1xq05ipxEEIpSSzptR2hqozBFnlrLRiiiRImulja11qZ+1kklnZC2VAIMTOPYMkstYWdzZpYos65i2a1NrYYiAjKiYO8f7AXMNzcltTYBlKjIdqAoWg3DenlIrRS35igqpayG8ehob0pqFGfinKYpce0iSiiz9LWLmkYWEQCZU8tsCjFNo0VzWx0NtSuBwklIJWqJArVGUSlRW2bLRildlJYTSkWVmVrLNkEpCkARpdSptSglhFtTKPHUppwybZu0JZBatoDa14goUUstIYGc2dJOCwh3tZYoU5umNhJyelgPXVf7vlbVnMaWjrBQ1F7YSEFRhIqtginFpDOHqUFTkSJsQNmmcWg5TaWWQImlqLVO4wQGyZGRWC2zq3VqUzfrbCAVEVFqF047M1trbbI962ZRKhElamvNziSj4MmZk02mu1pFqJQSXSkBYKZmSdiIiAgVFaQoXTertXRVitZaRCCcRGSUmrYkKYJQRGtjic5yjZL26mglSaGu71E0p+zEAQ11pUQtmdjGiSGkiLRbG1sSItMtU0DLKVupNUSoGqbWSh9TtnEYqVVRai3YoqhEZo45NWs2m3e12qa1yQ7bEZGgoKAotXS2pZKZoVDUELV0QNoQEpiIggBam4yDiFrITLuUGnIanIoyjVO21myQjBSZKaLvK45hGgMQw9Swu1pDcjoiZGrpIiJUWk5tarXr0m5Tq11XVMASKErISBGKiChFJUqJUImY2lQjAjIz26QopasyCEUpUkQosVKKsbUoESXcktBs1g/rwXatxWmHuq4XuV5NhBPAoHSOU9ZSWrYSqNScBuNAmdRaSTmMpaBIjrA0TkNIUTubGkpFBIoQkphaS2et/Xy+4XRmhqJIoK6vU8tpHLJ5GNbdrO+7rkZkRMtW5t2866fWJCJoma21iFApOUzr9TpqVGQkKdsQNRazWRBI0zS1nCKqcZSQIm1LgXLKzKmEbBrOqQVJ1CCdbRgbYCeKFF1XZ4t5iRrBahhRVGitDdPYpqllSyQk2ekQNUqtIaNQ389sahf9YqbmYZpajm1iNq/TZJNW27u0lzn1izkwTm0YBqNjx7fmi81SS1VpzSkLmUx71s9W6/WwHPq+A4xrN9s/OOhqrX1fSwnFcrXs+/ls3ufoaRpxqAAyuT5cRZRxnGyXvtaodrapyTnrZ0LOJKKU2tpUa007FK2NtsdhSFFr7bvOZBvb/v6lvq+Ljc3mNo5D2ooYx7FlWyzmtfZTawXW41Q+/qM/dErjzMz5Yt6VUmsfoWFs843ZYrE5TcNqWGey6OdujOOAmx0RUCI99V2/sbmwPbYmp6yIaicwDlORVMp6NZKOoNauqjS32lUIhKRMLLquT7eIUmqdsk2tCWb9rDnbakhIpxS1i4gu3WqolDJM4zBO6axd7Wodh+HoaFkiaj9HRCkKaqlVMazXUUpRTG3KbIaEvp91Xd91YadEV/taa0vaNKyWq5buuzJhWfONTdDRepl21/Wr1SoiQr2mHNNujNNke71elVpm/axlm896idV6bJ5qlFLDyEkpgUCCNq4HQn2pzU2Krq/YLVtOLqWoRtfXru8j1JylVOFQyZbj2AQlaropiltbbC5mtSckxdSmguy0iZCsqTVnQmZLWxIGp53ZdTWiJPS1RtV6vW6t1QgXORlby9ZKlGEYaHSzPiilq11fVVXUmcyklk4hSUEkGSXCammV0tdqVIhSq1VCnqaGIiKcmTZkhEopicKkklCJgqexTUAtXQhQhGopQkhBgcw0dj+bEZKzm/WC6LoSZKqNEzBNo7GkIEqtUki21VrDFkREKRJKjI1CsqIgTZlC2FOmSpSIvnYKuaWFokSJCEIYSZKIqKVEOt2aJKfSJoiIrhSEInKciCi1ZmsSktxSUKKWrqbJ1hKVECFnI2kkDuRpTHBXu1pLs7ta5ej6rqWjlFJrtqGLmSMFkK1NLa0gIiVJQso2iYhSmpFsFJINEshGWElCZrOFXKJACiJKlDAuJYzAzVmkKBFdVyOiFCctm0Q2Mpwtu1qT5ikdMigjShnbWGsXUcZpsCXSqJTINtk2JUJYmPQUEaVGrVXS1JrkGiUnO7Pr+lJVrIhiKRSSQkRUIcttagSt5TSNCnC0bDalBo20jW0kEssGIcJSKW0asIUSRy2WpnGQaqkxTQaHakI6A2xKiYgwaZiyTa0VRUSps5qJcZSYLzY2NjdznMZpIhyiRJEKOFuWiDZNntp8YyFiHIdauhJda4ObFWJqDpdS7WarRCgQ0dKK2rIhqoRIMK2vXcOZ7vramsc29KXPaUoUQd/3JWI1rltDCkO6lVq6WggBOJSsxjFCs1kfUREKFRUhJInWpqlNJYrTCnV9H4rWmuVs2dqIotQSxrKiKAhVnK0RouHMKSJCSnA67a5EKELqSnXmclh3XVf7KjS1hMxMnDYlYmrZstValc50ZgtFqSGitQZWeJpay7EZCdUIiu2pZdcFoVk/q7WolFpDMLWp72a1lmEcpuaIyEy3JLEZp2nKViKajQhsZxunlo3mEqEIm6il7/qotUQtJdLGkyIktfSsqyiElG5uELUUWZYU0XJq0xilK6ValpQ2aSAC4dZaOmofpZRSythaG1o/7/t+MZt149haG2ezWVCmtLAkkjZNUqzHkcyQICRLCCKKhIIIOaKUkDMi0m6tOR2lczagqAr3XU+RLJLa1XGc1utl7Usp3TBNqPRdDRVFlFIAkRGByEzjAhHFnowUoQg3Ry1dKSgi3CZnZkiZVkQQUxszs6t1yjYNo9NGLceWGSVCQQAGFSkFRoBblA5nKQUgAEmK6FTUsKzRQ0BImVNrWUoF164roTCFwOnArWUKmUYUhQqKUKiUcZwUUWvNdAQqoUbC1FpOTRF2umWJ6PpOKKLUWob12umu7xRIAjkBl4iQqGVW+/V6EJrNZmkZF2sap5buul4hZ5ZQiT6Kh7G1nGrpnR6GdURX+upMB7Wr4zSNwyAVlShRZrOur33ibIaWmU4w0atSaunURdeV2WymiGEc2zRlZlh1NlutltPUaj93NqEoJaS+6zJb6WvXzYRROhU1au3GabRRhEJCrSURUQBst2kapxa11NoR6iLWq9U0uXRSKI2zZWv9fDaOkzORRViutesi2jSVeVfVZWbaRVGr7LBp2dyyq7Xr+pSndZPcz2fzxTxHH62Xw7Du+1ktXa0zaC2nRdeDxmkI1TaNoNam2tVQF12XhHFENKt2dRrGsQ0isPvF3G7TlLVWp7vZ/MSx423KKSeFZJe+KwqbtI3nfXXz6uiozmez2Uyh6ELU5mlYD42sdZZuy+XRsB66rqu1lFKztVoq4XEYpswo0fXdsBpVwD46Wu4fHGxsbMz6WV9KnfXjMM76PptrqX3fRQQ2pbRxKh/z4R/SsrWpRYmu77JN6/UaxWw2G9bLYT10XQ+M49B1ldA4DovF5mxz5iFLiWzZ2tjXGYocx/U01loltykz3fW9FOMwRVHXzbrapyeJbta3Ke0WBFbUItRIkhBdVwGnnS4K21GLQk6P09TXWSkaVsPYxq52CNKU6CKakNzPZ0Fka4v5vO9n4KBGVyJUS29yana2GqWbdWk5mzP62WzWz7INLXM2q8M09V2dzXpnRu1m8wVTS7eQ5rPask1jWqWrVSXG1XIcR9O66CTSHB4cTNO46BdSDKtltpywrEwbIirytB6nZuyuVhWZUksgMqfMlkm2sXZ9G6dsGVFKqYBx2tM4dqXrZjXd2tgyPV/M54vNUsuwWo9j6/puHFstpdYuohAKKSJqX0vUUkh7GCYVd9E7Dc7WTCpK7WqpXS2R1jith2EtysZ8XkqUvqslSiml1lprG6dSCFS6UoqmaSJROJuFDJlNkiRMqTUEMGXDFBERNoFAqNiacsQS6mpBBCXtrnaKGMepRgls1NUu8TgNhAoRtahIFsKNwS2IwMIpao1a63q9NlYtbZrAYBF2M1ZELZHplikRoVqqnSVKCSAkQqql1FKDoKo1p41dSkxtypahkpCt1drV2tmOEFKJiL6UkIi+K85MWwklQG1qmS61GBG4iXApIYRUIgimsZUSpZY2ZboZlSKi2BOWm4OIghPZJYrJUirhaRhtSyFFKWpWjk63bFlKTXsYR7ep1iKpqBg73XUVsk2Tgky3nJyutUYJyGxtahN4mhpTy7RIAGdrrUSxM3Go2tnVCkI4Wy3Vza25lOi6TiHn1MYWUSKE3XV9EWNrQCmldrUrHXbawpjalUAJbZqmcSylSHJrUiCQM9OQLadpkBQhKYDEGELZXIpKqU5JLiEJWUlLE6FShGiZJkvpalUm4ziSTieWooRCSSlFIBFEFHVdB6lstkOl1Gg2tk1mCwVytlaiRGTLya41TAknqZQCY4SYWuv6DtzsfrEx63spkDIbmSrq+44s2SZFV2u1S2YLYxjGFVatnfA0NaLM5zOTTqlGSLgpo5boZrNSQ1HbOO7v7dVSS+1yarYjPAxjtuxKzZYCi5wa4RCJc0hI29M0ZTbCXS3pSaKWPkpJpzOdiehns1CJokiK5AihzCwhE26TJez1agDm/UxFsi/t7qplV7qQopQSkaFxmkClhFCUTnhqiZ2yRFFnJkSEmhOotZaIUDGshzXQRUUqpcz7vqs107QJq9bSWgraNE5TC2LKxFTKRJvGZlOilFpKRLOHYej6HtGVWkrJliFly5Bqqc05uQWldl2ppTmdWWAaxqPVGk9p9X0/tianIwSSRjdnChSaxmkcB2dKISmnqWVOUxPhDCGUaVrLzEklMFGq0yVivljUUqY2TVP2s76rvSIIFHJiSMAo3EWhyGkrQ1gmaleKAUpXa6ZLRCkxTXa2EqXWGMdRitl8ZuVqvc7MUM1sLopSu1K7vgvJZtb3yCAUUQSWYmy2DaUUiVSUqEVRLUopnqbJOev6dE7jgAq0qSUgqZZIZzplpVuUUCinKbNF7Uotfe0JWmu2SomQhvU6Ql03azTSCoVkR+akiHGanBMAKqVgO41UoouIgCnBDUuyo2SmM7EUlCgUt5ZTm9yawbQopUhOpjZmOhIUwDSNKoKotXYlxmGKrjrbOIw2s8Vs1s8si2obEZIiSlRJiBIoJClCCto4NU+GvusilG0CjS0hIWpXc2qK6Lqu9l22qe/qbNaN6zaNUy0hhTMl932P1Zyro6Ux2BC1mpzGUSpSaa1hovRhxmmE0vUFRVCm1oBaSteVrvbYbZooWLWrvTObRxChQK1NR8ulkr6rpWgapxq1qzUTiFprROnns1LKarlya1L0fVdKUeY0tmEcu76rfT8OY7YpCiVqqepqbWms2XxWXJubs0UJmWwZNqoqihKkG03WMK3GaWqtlVKlzKnNZvON2VyhaVwPOSpznCZgGttsPtvZ3h7HaT1M89k8SpCZra2Xa4dCBWe2tphvyFlrLSWcMp4vFoDt1kwR0jQNodpaG6chVPpZj8jmcZqG9Tjf2JymgRazWV+iALWrszIbp7FNrVm19KVomnI9HE1TSiwPl7N+1s1mRbFcr0MudFGi6+rx48e7vl+t1sM41DqbdX0pXWtTSIIxJymq1NpYPurDP6gGm1tbijKsh2nKbtaVKKv1EqKrEdI4Dtlayzau1ls7m7UrbWiJh3Hd2tRai9o5p3vvvXe1XJ255oyQM5G60klkNlDXdSanabKZplwuj4qi9n2tHdawWh8sj2a1q7NueXS0Xg/CxoqiiIjIKSMQyjZNLU2WqA6yZa2l1G4c27hctta62pOMObk1G6KYqQ2tm1XjccoSVJWu743bNEmRZLaMQpQqYrlapXM+nxV1SJlITnBrpYSin1rWrizms2mchmEdpZv3sxJFNVyopR4dHS2Xy27e2xqnNpv3NNfa9V2tXe/IAhKS+sWcCGw7bdwGU7puHgGgIKJEkLadmUZFZMsspdiM41Qiau0Usm1iGAbjvusiFFG6vhMCT2OzkIoC0OSJ5hoVMaxXUdWVbhgn4dp1xiJqCUzX9fPZrDlVSoTkkACGcZ1JEUm25nGckFQCRGAnmThDpdYyjdPURhEIDChqIDKzlCKFaAmRVqi1Jsk2KEJEtHESilrGabIVCrCqSNtAYjlUS8nW3JockiLU0tmyob7rMEEIT2Mz6ZSCWrooJcGNUgrCqDmz2dkmkEmyqBCCsAwWbplFRaE2paQoUWppY0qolHTaGSpIskotFjm1cRgTRDhzGoc2jEQGKqoKpta62imiFJVS7JbNU2tOR6h0RYoSMqQnN3ddN7iVkDOnTOxSi6xxnIAI5CJACMkgIZVSQ9goopSIWkmHZNNyrFEswEFNEixJRV3UULRs49g8TqvVYRTV2k3TlC3TXq+HNk4KIAAwuJRSLEc4bYxdSnVkm9KUqBjLmtpoT7XrW2ttGkvtulokEhTU0qmGrSRLKU4rpKiSbDdcI8bmKNFFHaex67q+77JZUmutTQ21oFgoAtOmCTtxjWJnm6ZSSu06A1gKSaESpTMZouu7KEWKzClxlLCptVJKy6mEME43N0AoighsahdhVASOElHK0fLo4Ohoow8g3QgVhYJMu5lwTjm1JtR1XVQJ2jgaCymwiOhmfUgRtRhay3SrtUPU6EsNy9MwdX3X2ji15lQyeXJRQWrZVGpghJzOpJQShSBUShSKSPd939JTG7MREQBWrVWmpZFCQWhqrSi6WtMZJiGEpCjKdGtTLdWEMlVKGttOJZYisFFXqhQUMFFUo49gGqcs0fWdM5GkUFGgtFpma5PttCMiagkUiMBESOkA0paE3bIRYEcp0RVxmZTZmk1EFEmaxkmhxWKj1i6hhoqKQm1qfT+rpSSIiBIQ2UaVmKYxImopU2a2hhJE8WK+kNXSpRYBoFoy6btaatTop5wk4ViPqxK1drVl89SilBJBuvRdIRTUUkspReFCUQHXWkoglVI0TU2h2XzmJFOyiaqIcRwzHbXIMkhKUhQFJYokFaESEYrou66U4kQq4NYmtSxdMW7TaDuTdJYQliTSUai1jEMjU1BrRJSIaGPDKcXUmjMNJUIlLJBtFZWuVCRni8AWMlbLxFlLAdmtFGVmGtkN21n7ftaVZjubiRJdiWhpnBG1lIgacoEUKrUWQcvmBrYCkJOIkCJKcyMVyK0BpZSA1kYnFEhqX522KCLtbJYgbWWicVxHqJaSjWkaiyJqlai1VlXCaZBqrbUWAOd6GLqI0nXDsE6pln4aV07GaUjnfDYjaKPHcchM7Mw2rYdU1lqr6tAmIUW0zGwZESgKUfqacmbLyQSFKCXStDZlTiVklAZkBc4pW4iu60uUzGyZ4zAUCYFdS6ldF1I6PRlF5phtrF11y5YTVtfXWde15hJRSjXNqNYuaihKy2xTM8Y5jcM0JaJ2s4gQ1K621qZpKtJqHJ2usy5zqrVGCVBUbA3rVdSKNI0N0dUuCJWopUcoNJ/P3YiI9TAM61FFRWWcmgo1Qioo+r4vUUpX7Wkcmp3R1SlzWC+jllk3E4Gz9l0ptevrNI6Wp5ZtHEClxnK5ItjZOV67flgPkLPFxv7upWFqpZT5bBbS0dHRfGMxrseWLTPX4wpRS42o07hej0NRtGzTNIVxy1LVzfthaNnGllMbc5zGzc2N2pXMtrHYql05XK1XR0tbwqXEfL6IiL5fSFiZLbGiaJpaEbP53PY4tq7rbCzZOY1jpqOUohKKNiUqKi6ljq21aYxS+q6CQOWTPuEjutqv1+vWBgtl6/qulhqm1FpLvXj+fGvjiVPXCLq+i4hhaBa1VqmUGsPYMltRUYlTp8+UqMM4SiyX63FaE0WhSI/TuB7GxXwmMYyDVCS6WV9UjlZHEcLOpARTm6LW+WwWpSCBsbuuqNZZV9rUhnHdGl1XulqGcYpSAnAqZClE1BIqw2o9DENfasvmTBDgbNgRRc5pmsahSepKTOQwuJYoodU4lCilVONpGJvdsgmlgQi51qKQWw7TZLuLkmFDm5pMga7v5vOFpHEaJRlmXVf70nJKOxSUOrbx6OCwdhVytRr6ft5VZUZUlZBttwSVIhN2VpWImm2AqFGjRptaSCo1SpDYzkxB1/dRSjoVcnMDMu0WUbKNORmjRkSoxJit62qpna0IyWC1cSyBopZaS6kRBVmp1polm6lN09iiSBFuymy2+64DR9QaRRG2pykVSNGytalFVUQZh9Hp0lfsbBkKgjTT2KKUiDBW6UMIoka2zLSCtCuhotYmQ1dKm3KaptL3pYbTiRCg0tWIQMJpJyJqCQlJCtRK7YJQKbXElCljMOlEJlt2RWkhEG5JplRsZxvdMlEtfe2L0+nsus4mhKQpG06EYBrHqY1RIlBmDuMkCIUkwoqQSilVlFprSrRWioLIlpIQJJZDESEpwJnpbBElxJS4JRZFOSVBUTWZmVObShQVJSnhdJSopbQppQAhy1IIIGRhUpbBmQKFE4UKlo3llm7jFJ1qrZnuS+36jlDCOE6ttVqjny2CUMGJi0qULGqtFZGEbclutlSkEpE4TeApqREoIiSR4GxpLAC5tDaWiBIdGJVSJdwync1oaq3rapSCiZDNOA2FMEDWro8IAJOZJaQILBVJMgEEETjTRYENKYUUfakRdZomQFBrJA6VdMtsrTUnLVvLKaKWCJUqKccp06VEQkJRKQrcpnFo6/Xe/n6Nrp/NjELhNLZKkSjIpORSixMnQK0dQoVAY5tyyq5262EtoxpFAHJECTev10M/67quX69WWKWWNgyoqIjAiUARSFNrIZUowzSRJqyQpFABxmmqURUlanFmgqBlRq19VyJKiSilTC1ba7VWE6BpSmeLUjOTJITx0MZaqxRu6VBXwqFMS6ESgaWQkITUpibRlS6qotY0MjkNFiFBM0LCLqq1lIigKKSu64mgJdCVMGAiFCql1JAEUzaSxCWqs0mBjWNqk6JGqcM0jsPadpSCLFGijjmNw5RtUlpS1OK0pIiwaa1JUWsF3Ci1BCVCUhq1NHZX+yiaz2ZRpNZK7RTphoI2pm07iSJJRSU6FZfSlRJSgEOl1FDILTNJ2ZJpJlAYg4NQQI7ThEr0fZ/OsWWUopBThiAS0yzbzqhV0jiuA0kC3FxmXZTiNlmWumkcTSu1swAriKjTMLbMWio1pK52ZWqtTYPdRJWMndkUyNGyFQUtQ1ZEa8O4HhRhJ5bIzDZNWVWilmyZaamUEq1NKItqLRXc0s2WJaaIrisREaEotcohtbTaNJUotVaHaFZRoIbb6Aj6vrM1DKvMrF2NIhwRRTXa1BwSgC0NyxXC0JVOwWq9GqcpSpXdppRCliRJlkCAJZoTyDQqJUQgUpYpXVcVtiMUoSk9TuNs1teutjGnTOOcUoWcGhHZ0lBLhyiSSiBhN1NKqbUSDgu7qDoEmZBtSrsrVUSUUmtBWi3XHqdau1JK2uM42pRQc2KVvqulllDUSktFLSFEKaXWXkKltGaUgYaWmWmlWxKgiIhsbRxbiej7bhzHKFFLrIdhmkZa62c9dpK1dlGKTKL1eoxSMTYKRYTB9pRtNpvXrsNNQgoSdyJ9tDzIVIRCKqXYHqdpGAbbEm42JhlzdLaIMG7DNEytTWMggi5qP6u19lE1Duu+71tr+/v7kmvt2jghNubzrogobRr72te+W62GKN3O1jGcy9Vqsbno57NQKbWCBTm1Zvd9j9zVPlO2DW2cZl2HlJkqJSKkWmuR1XWdSpSINo6hIjGuR6SuljY1hWbdrE2ehmHKcViP47g0ilqnaUISKoXZYlFqjzxO0+FqWWuJUARToiDtTNeuw1lKrNbr2WyOctbPEq+OVukM1fKRH/YBRap9bc2Z3tjccubRaqVSNjbmq/Vw/ty56Pqt+XydU61diVivV1U1uqhValBiY97PZvOiUiOWy8NpGjNdCiq1RlfwmG7TlG6LjQ2IUjSfLWrXT+N0uDoqUt/3s9nMzpzczRdFas4iS7IDkZk5jS0jQlWlm/WBQSVKRHjyOA2hKKVEdLO+nxjHYYiI2nclwtiRdo7DqOaoBZiyhaKWksbNwzSkFSVU63y2KKWvJSaTbZyaFUQpBZpbqV2I5hzXgzO7eREgCTfbVokym/WhsJkteiPB4XI5rtchSu1CciKDrNKFFSUwhpwaQqhlCpzhbC2iFBHR2hSAlJmGiFBgZ5QiKTMldaVzSDaJ5RDZMnGtpWVaaYQySrVTqjW0HoZ01q46NE6jLUWUUgXjaj1MU611GNetTXLUGrWUErV0JSQHyLP5HNOmUYRK6UpRiVIj0+nJRBGldthp11kNZGdETNOUzSFq6aKqlCpjiEKbGpJptdaIaqeqZIMzIkxE1K6rpVBKKaHG2KZaa1EkSZImopZS3OzMKBRCRFd7FbBt4RQhHCFRJEcppfaQCbUU0OipqigUFkVCtZZMN1u41C6z4ai1IDsthUVmE1GiSjG1Edx3s66rUcJ2Jbq+2LIy005HSFJmc8jJ1CaLwCACUo2UiNp1pY+qli1ElChRSylVQRU2liJKLbUUFJkgIUpEGoUzW7ZMqRAt2ziONISjlChkZksUpdZSVAmQ020c1nbWUiWVKFF7sK2udLO+n836UmqJYkgbTNoQlmyVsDNbSrLAiioZQa3Vpu+qhSwpmjPblBaA3ZqTRhpFy2anW9qkMxQqFehKCam1NC4RrRmotZS+BBEE4SlbQRGllIiowoCFYFivp5xQ1FpwczrtEkF6cnPLNo2GbtZJkZnjNNpjKdF3czvb1BA1QhGBnB6n1nWFKHaG3Aw4nYt+UeRz993XdfOtneNubRjGqKVEkapFRKhEMSm3YcigK5GYtOxxbHa2TEeQJhCCSNs4G84WKGrYZI6KWiOi1FqVrdlFssJd7TPTaZWICEVIwgRBks4gQKWWUpBptjIzbdyVQgQJopYqyQZZJtPjNBl3XadQlHCoqzUkWrpIpkZIQYRaG6fR0OwpWwD2NI7pnG9sECERQqkx7Wma2hRRiOhqX7sqAbRMSZlNCkObJjujhkCSIpwuRcZTZjpLrbIBbItaSpRCSBEh0mm3lgpBICQKyja1kBZ9X6KmW0QBla6UKJb6rpvNZrbbOJY+cDQclWlqtotUVKZpEqiUg/29BElS7bouXNKT5VK7UlSkrtRmMqcIYdIep9Y89aU0aNmkEFaoUqJECclhmUywFSoREaGwXBR22hGyIgCJiFIiEjudbrUURdiOolILdo4NkSZQ31dwoFICEEG2ltn3s1or2SQhFKKpRI0uEJnNdi0Fq1RN45Qtp8x1ToYuekiBSlEUSW1KydM4ZWYpBai1RkSmS4nmbKYoQiolUGA77dCU05StZYPiTOQIAU5aTmNLiRLClK6WKE5nyyiqXVeiNiyTRhE1QhGilBJTNqfljBoiJAlFBCiKIiLbRBTjWqoKpJAb5rJaY5za1MYoIdT1Xd932abMBOeU4Yyivu/tXK6HgrquK7UEpDTruq6vJQpyTlMUycqc0o5Saq12G1tWaRICMKgqAKejlFpry1EKt2zTGKV0fReExGpcu7UotdQiJJqIUktO09HRYWuus1qIxKGUIUln389K18lurQmpq0ojCaRwYrdEhYiIKDXkzByGqdYSKs42WSXU9XVq7vt+e2czmzObyXEcyWzYmVEjVKZhql0nSDsUEbEaVvNZZ8u2sLOpqO/7UNd1te9ra23Khpkyw6Sdbaq1KMqs78dhyExbNohpNZRCTm15dCRUuhqK1XqtQCpVFSRLUUNVipZNqOs74XFsrTkUtZb10SrVRGTmfDbvu67llC3HaRzWrZvNAOM0w3KtiID1uF7MN0tEplVKutUombl3eLCxWJRSpmlIZ+27ls1J1/eilFpn/Vyh1saj1XJe56EakpWtTW0cFrMFUomYxiGSruunNrglMN+Y11IyxzZNsoZhvTw67Ofz2WxWPuZDP3CYxlpq3/fObNkWmxt2DqvVODWP02w2Wyxmh6vl0f5hSK219XqYb8y7rgzrwaLvexFHR4fnL56T6Lt+tphNYxuGdRc1YbJJq0al1igEpXSClq1llpCiRhSg73qF5GmcmqepdLXW3pmNhpUm5BrRImpVqT14GifBRBYV1ZBiuVyO09qZG5ubXdebNBJka1JMQza3CJUomS4RKICIUkspIUVky8xcD0tMUYkaXSl91xcFCqGWbRjHqLVGNa1289ZyGgZRMr0eVsM0YBt3tUtcFNM4JDnr55JUStTSlU4IU7rS9wUzjNM0DpZKlNqXKEFERNTadV0XKKcRldp1Kkq7KxFdIWVTSrEdJaoUJVq2aT2UiNr1RBAEqInQrOsUEVFUoo3TYj63lemwM1tLAkcpiqhB4uVyjbPv+pbTNGFnrSWhtdGZIBA4FC1byyYrCq21TDudORUUURRIUpEkIYlQhAQ2ClG7guRMQ6YjSWcpMipRalckQqU1T9PU1y7lccquK0S0aXIaOXNyYhuoJQy2u1KMLWzJTlHkbNhgRynYzdRSJLU2KaJI62GdjVqKSbdWVAipiLSzZTZJRSQgQmXKyWSJLsDOoipJskopVVLBkkJFYaVRke305PTYWtpdraCWKcfUplCUWmspaddSCBkHIRiGobVRiigdJmmtNRUw2TJKFEVmckVLgaLilEhnhBQRKEpp03R0tKKUbtbZzswaRaVICFKAMdkyFF3fZ/M0jrXrCEFIMomtkNNTpmU7ZSWJXUpEKUqcCYoamNLV6piaCbfW3IxEy1KrldMwRiklqu1hPSL6bhahqU1kZuDwNE44S9/Nus6WcERp2YwjinNKU4pychpHhkMRNQI0ToOVmCiBrWBqKVyjk9s4TbaLSnM2Z3E0t3FsgWqtYKWJiKhdrRJtSuOIKCVauk1pIbt0NafM1kqtlmZdKVHTRppvzOfzRXTKNMipxLIjJCS7JSUEKkRDrU2QpesCZSIIRd/PDLarIiKC6EoxlC6aQco0UiAVGUxEEJITlwAjnFlCgmlqBLXKppYaERJ25gQi05go0dfeYlwPEtnaOE2C2oWINo0KJHW1KkpCZmtTq7UiWjbSpRZJALZKuGWbpqiBoYEUtUSppRQ30jllFlEixtYiMQQRJWpUoaQpVKODcEtDSKolVFprmYmdTkKoug0RXVdLTpm2nc6MUkRktgDkbBkR89pFDdxaIz2VUkMootaa2JlIEZQopRTTQqVNw9HyMLPN5htBJC0ntzY6RUiy3RQc7B1cuHBua2NLIZMhIalEKAolpIho9jRNXakoxmGccqSlXaLWopAscOC0ijChohIlFKWgGooAQ9qhijMz2zSZDIVK4LSRgpDT2EJ2OjPQanl44dKFEjHreme2TEpxk3MqUZCGYZ2ZUSq4tRa14JxGt8yQLBeViCiKbG1KE5FTW69XLV1KjYhSaq2FdLO7WiWR6rrSpmxtkqP2ZVgPpZSWLapkLIqUdsuc1aqIS3uXUiYtoosSUTNTEa2N4Zo5qkSNgqKWUmvXlYrVskUoSknw1NJEeJymzFZqwZmZzmzTNOtmfderhE3U6GqHIqcxM6UiZWtWRCmKEp6Qs9kF1VrAhMZxYsoodZoG4zZOq/UqUNf3tRSk2pUIrcepQJ11pdRsk60aRcR6GGWmaTIJjNM0Tlkjoqtkm4YmcLoIY2dOw0iodj2ZtkvEME7ANCbyfD5PO9s0TOOsm/V9l2nZSJlpHJIiltPocQohRSlIMTWP04To+5mnSaXUGiKwm1uJEhFOCBWFndFFUWnTaKtE6WddlFoiJps2OQgUoQjSzsz5YhFoGKeu62qtRTGshimnWottSZIjhEIqCnVRopbMNk7NVkAJIgpRIBVRBHaUKFLUoiiBQgVnRCmK1poUzU0gaWOxsdhcDOO6q3WxmC+Xy2F1RNeDFxuLiHJwsG85SECy0TROrTU7p7GVWiMqhD1FFMSYuV4fDcMksbGxsJJ0KaXrSj/vpvV4cHhYuyrnsB4siChRSim2FaFSyZCi7zrJSSw2FhQk2jS1tMCZpQYqpYtpHENlsVjMZjPSy9XRrPYUScqxJSbCtsTu7iXbEmSq67oSObXyqZ/wkV2dKUooppbN06ybORMjU/satbjZOEKz+Ry8tdiYdbP1OGTLTKvlMI7jOJKutWY2EbXWoU39bFai9l3t+77USmiaptVq3SbXrhPU0tWuk1trk3Hte2dbLwdJtrpawzG2ab0e2jTNui6iG6dJ4TZZAphyLKFSuxJRVKRwOkottUYEeDWMkmvUzFZcrFZrWa8Hhbtuls7M1jK7vp/185bpqc0Ws9ZajplpK7FKCUljm1rLOiuCUHR9Z6l0JRTg5oSIoO/6rtaQWnOELE/jmHYJzWrXdd0wDdM4dTWmaUxca9fGqXZdpqWoUcAtm0ypVYRlK93aZLquhsKNUlB0TDm1KUrk1ISjlNV6HRFCmVlKTTmHqZSopZrEVimyomCxHoZaSykF6PranFFK13XCMsM4DcM466u6vkZE6bpZiQiB8NhatklRZUuB5ERB2hDDOAQyTrcSgZRTZgMRVnPDKqW0bOC+1JbpRIFByDao1FJrZ2fLLKJNTVK2nFpbzOaKyGlqUk6NIO1SCnab2jC1bFOmcDa3zIxQRGnjBFaEMWAhZ7YWUSMQytYSMM2tlNJ1NWAa0zZFwk7W60lCUWqpiDalRMvMlq1NUQLkTKRaAikkSVjpTLJNHnNKt6lNrdF3sxIREX0tUkQoahfyZLqqiLCd2SKECRRVVjibwEiSnGkZhwrKdEtTSrGdNjIKY9zGcVI4oqBSsWotonTVIGepHTjdUClRcMtstt1SdpSQMQbXvqaRM51uU1EZc5zGHMapdrXWcFOtpdTIlpKyWaAoUaoEmZNTeGqTCJCCKMp0OkuUkCJKKRXAWWqtNQAHpEuNSpEopSokQuHWmsH2NI5SIAuVGuvlILmrHciZ0ziM09QyhWoJbCxM1/e1lJbT3v5e4BK1lJBVS4lSFRFB33dBbdmMI7qIiFCmpxxtd1FQCJUIQwgnhJDHcSxRSu3aMGWO3Wy2MV+k1JojCg0K0zi2bH0tQWTaTLXOS5Qkp3HdpjbrOsyYKSxUS1EoxylKLbVM46QIBchSqYrMDEUpxbJbKxQFQY2uQIKEahRJCeM0Duu17K7vVUqtZT2Odiul1FoVQbbal1I6gmkcnC4lUsZEFEWx01JrKdF1XWbLNpWolrra2cpsETVKCE3ZgFoqSGAIlYhomV2pkDZgZ47DGKUg1VJcAqilRCgzx2kS0XV9OnMaCRWIUqIU0tmayUxH1BDZsrWWmSpSFIVby2maIlQU2dIirGEYpzammTJrlAgykUJEhKZsmVhSKJDFNE7TOLVsEsM4QZnNZoTHoUnq+llXi01f+lIjkr29vfV6fezEsSgVaFOjRI2iCOOQpjZN05TTlJkhKarsUspiPoNAjqg2TkdERKQz3eR0OkoVidMEsqGGpsyQ02qZtVRQa1M2I9JWEKUklIiI0qa2GoZwzLpZ1LBUosh2JrhBay1Uaj8TznQt1cZ2m6ZAJSIzM7OqQBunCVFLnaZxebTs+tp1M5G19jYtm1HfVVsJtVRM11eF0kkJZ67XqxKlKyVbtpaC1rJGtPQ0jrVECZWoJUoUyYKJZtVIu0QlSiAsgaUps2WDDEWtNUmnVSMiSi2kaNkKgYbWale7+TxsQ2ut2bUUp50WWbpZwNSmWru0szVCOJ1SYHscp1qj6/vmaRonrMwGpXSl1EAkjhAop9Z1JbM5MxQglNhTm3JoUaSuk0o2T+O662dVZZjSTpUiU/uak6d0G6eGu1IsZzaVUmsHSWY/65GcU8PY6joRrY3DepSotZA5piVKlAhlYqeT0vXkCHRd2G5Tw3Y6w33tsSKU2G0SiiJk0iTrYUi3+WJeok6tVZWIIiECKKUcrY6m9WDT166lJSLCKYeHo1UtAYQCRVBaJlZXyzRNisCGECgizTiNU7ZxPbZGKXUax34260pZT1NrGUB6PU6WIxS1IMb1OkREt1qv7VZn/Xo1DOtV6WqNKikipmlsY1NYybzvM5jG9TilogIRITmIUmuptXadVKZpdGsFWrpN42I+i1r7rgM53fWzvuumqSXM54t0DNMgRVUsV8vS9Vubm+txqKUUSTIhQd93bWrTekrj5lpValGp47olk1umW4mSrUWNcb28dLA/62eUenS4V2q3tb2pCKXWwypK2dzarn2JWjdmi9UwTOuhfPzHfEREaa2NbZIEspXpUmvf11r7YTWm2NreLJKilFKixmpYr9dHi43FOKxW61WpZb6xmM3nLbOv3dFqWWrZ2tyMqKESooGbo0TX92Q6WMw7tza2iSRRa+lUKFpmFCKKIdOQiZ2UEqXUTE859nWuiNVq2ZWYTIkSEcM0kSDm81mNMk1rE+M4juPY1x5Arn0Jla6bT8NgvLm1mZkSaSJEGmettbUUJNPUsus6O6PW0hWD084WpYDaMK7WKzkyU4q+n9WotWocB1A/m9nYBizVWtfTtDw6iiiKOk4ZpXRdD9hGIIoiAhXWY4sIpzNttzalW0apJQI0rNetraP0rY2Hy6MIRZR0s9SXGKfJDRVJKrVO0zgMQz+b2V6v11FK2JOzlCrUpqmUGrVMrbk1qeJUyM2NNo3Ter3uZ/NaYrVeS5QoZKKSSYRKN8OOCAXgKCpRJEABtYQkMogoIZWoVbannGyHNGVO01hLRRDClkLE1CaJCIGytWFcO6UgLYkoERQpCkq5TS3J6lprSSNDKBTpjChRQqlxGqfWapRSqwhCEVLIKWMSVYpq2uM0VUWpYUNRUNKt60qtffOEFVFMK11XQwSWWptqkdOKiAg5ikJFLZ1OKRSamp0tFBK1qDVaGyJqhEJWKRJCmaRbToOikklKQuCUFAQgWRHUroaqpNZaKLpS+66XFBaCEOlG2i3tEKUWRWS61k4mnUgSKoGJkEqppZQo0zSRGV1RBM1GEaqlgpqbMqOUzJZTMyaJWkrpioSVmaWESiEdCgjJGNJRC06TWFKUWksJUKlV6Si1Rsl0yxZBKUVRyIasEkXRnDhLCZUoUSTsRCHCwraDErTJzlZqBdxaTokySq21Q245DcPUdV3X9RbA1FqaKAVnRGTzNK67WTfr50RkS5WioiKVUqQw2drUMnFOw2AokqxSO9A4DhHUrtqWcWZXwlaRSkRmm6ZptVqVri5mnUeMaqh0NYqwVOTWFJFmnMYQmdncQKV0iKkNQrWvEqqlZa7bVBVEDMNQUNf32VIiSmRmcwKAnUig6MSUCdmyTVOUIMJT1tp1XR+BFQXZzpZRapQCTjKdzRmIIKfsu86oKBSk5TalLBCmqKoilyi19s6mCEeques6qSIkIkJBEoIoYVtSSI6QISzCYIgSbolUUC2VIFsbpklIoVJiapluAissO3OamkTXVZUiQQD2lFFKiSIhKVt2pev7GUIEuEQgTJIZpXS1lOhMSiYklNmmll2tQuA2NUk2Ibqu7/uutUyn7IiigMy0QmFyHKZ1rkLaObEzXywiSkhO7LQUIi0rc2oJtXSgUJEsqZY+C7KbLdSmJiFjIVkq47qN45A5RSkRxemQUIxtmob1vF90sy4iQthudjEqUUuo1MCiWAo05lSkE8d3okZmK6W2dDpLCZUSUqmlRClyc0YptZR0Cyi1I2Rn6fqCmiA6u/X9vNaSmatxmnVd6boW6iLS0Nx1ndJRaikxtYyIUkqphYyu74TG1mZ9FypTmyxFiRJqma1Ntdba922axqm1zAhLgQLJpkTUUp05TaNC4GkasYtk25SisKWqGiFJitZGImRayxrRpmxttIUThVtza33fJyC6Uk0qSq1VgFBRRCklMrO1LKUWdQSZBFKJft7Pum6djSllWqbknNIkEels49SVfmxjTjmbzwjVWqPWILramZxa1i5ACgvVEuM4tmbJsqMWLpOi67pxWEcJp1umiIRaq+2W6Uzsrnal1pDszKR0IUsydqiUosxpdbScWitdKdRpmoiYpmlqU+1q19Xa1Wkah2ENlFIQmJCGcYoStVZgnMY2tVAk6WyYIpp9uLfX9bP5fNEy2zQ6JxGqclPX12xZaklwGhnbSko4sVubmkrpumprysmZXS0iulktCNSGcTVNImvtLLc20lxqEMrWpKxRS0glVusjtxalIg/DlJn9vKv9YjGr5+47/7jH/51KHD92vM7mtterIxFRO+FutpjPN2tX7ZyGVmsnGmAcNebzjTY2FQ2rYRytGohxWDtTEaXErO8zJ6Sultp1rakUhbRerUqphORo9jhMpRChlpA5TlPt+4gyTlNXSy21Zev6WK+Gg8O9vuugdLN539Xz584eHhzt7Bzr+1mbWtf3LafN7a1aymq5OjpaoihRKCof9eEf4CRKTNPUdZ2E7XFcG7r5LNu0Wi/TlhnGNp/34P29vTZl6Yqblsuj+Xzedf04rLuuy3HsZzPVGiER6/U6iob1mJ4glNkv5q01QTPD2ELUrgpFRJJdF9latuxq38977MnuS+36WqK4UGstqlEpEXZDpQ1jI6uKFC0TYmrjMK6l0nc17WzZzTpscCgaLafJlVrrlB6HoUQNwGTLrq8qWg0Dob7rAcium0lkehobJOpKUSiy0JWu77ppasO4rrUiY7XWSi0REVFKlNay60rLyVMbp7ErXTfbqDVIopZhNUArpc/MbI5aSqmzvpZS0rTWpAAjlehKidamNk5d3/d9HYextSmilhBIZBqp1D4inak2jSFKqcB6WJe+zvt+wpCGQDUqBTuzZdQopbZsOWWU6Lqu1Nl81kmRbhERpU7D2lFqRLphA2BEKXLKmSmwUCuqpXZRSqkoQqRRyxaSM4NI3MaxL7V2vZ0tW5sySo0im6KiEplTOg01ihQg28M4RpRpHFqmZUTfzaLILbM1o1IM0c/6EiVqsZzTVCilKxFCai0lbAuiVMIkUaI5JVmoUKKGwsogFGHbzVFLLSWi1hIt3ZoRgUopRElaAGS6yREoSkREZg7jYOi6KkslSkSmS621VEXUUrEmwGQ2Z3bREWEpJDnAUQIHuKWzNWeGnMZ2RISqySkzPdVShYyLCqgKRS0RRkU4MM5mQtmczmxpDJZKKcUtKdGVEoqptcwMRcLk5lTpQmhomW1SCUqJCEWUWhW1dkozTmOUErWkc2pTiU4inZaiFGSghEKRdgklTjvTEQqFLRAhWU5KhKG1xLTWIgoSilIDhexpGi2UkmSaCYhZLY1Yj+vZbIYxtm2VrquzWU+Qk7GkiFBIOU2ZrUSUrvalJ5TZJKGcRjuQIluO0yjU1UpoHEeRoKGNpUaVJjcpFIEzJWGbzFQpYOMSqqUsDw4uXdqLPrrZzErZwzSFwq2lRUgIZFvC6SDmfdfSQClVxDiOTpUaEdEySxQgA9l2qkS2ycaZqSwgopRqocxxahIFtXQtkdgmatQahsAZwllr30Vp6WmcZDszJ5DBhRKlOFuDosjWmlsXRaFQ2FhuTQiMQE4bIlDIFjQ7wCk7hUCSi4qEcYlA2CQgh7FtnIEUNaqiSColQIRqyBQsY5tQNOzMNGGlTVJrJ0UJJQohYmqTIqKEzJSNCMsm+r7vux6wI7HbRERxUCBl0XUdCoxEiYpzymytdd1MQWCVagBN4yg1RwhFuJSuKOZ972ScMttEyIZspRShaRqJ6Gs3n/VRqgInaUoH6cwUoiDUWpMNEQoQylAxLlGlks6UScvYKl3ImY0pR5ISRNeVgpLMbLantJuKQBKExjGDQBrWQ9fVKAECh8LORJ0KkK2phJyKcMtSoigaYKKoJdEVmqY2LjY2o+vbONZSQOPYFKpdHTPdaG4R4XDLZIKibFm6mtn62qfTLVMis9Sa6czsu87ZptZKiJbjOKRRYJBVuyJpymGaWpQyZbOTEqXWWqpFGilJt5aWMVNm4ohwUEpnt6m1UgvIEMhJyxYlai1GtdQIpRuiRg2FJJvMpihhS0TUcVhHqSXCrS2HtTNrCdcoEdOU0zi64cyudEgIFZUoto1BUYRN0LKVUvvaO3M2m0VXZY3TkOnZbBZFXe2TLBERpWHSXa2llKENkkqExDi1QIEgJEcpEkTMuq41WwkqURSEQsQ0DbXUlqkgonZV2JJKLeMwOt1aYs9mcyAza5Raajpr1NpVYL1aZxIRdhpjrBiHdUTMNzdaNmd2/UylRhTZEer6Pi3ZUSMsJGMSnCGIyHREKSUUsrPvulpqYlmKkq0N0xhoa3uzlHJ0cGRZpZQopUTYpfR2Tq11XTdfzGezud2cSCGp1FoiL128eGnv0pnrr91ZbKyHdVqzeWcCRUFRi93aODS3ll5PY4kY1uuxTQpVIhSrYViv1gotFrNaOzU35zSNpUSUGNZrZ9Zu1kVp6VLVhqFN45Tp5lI7t4koXVeGsU3rQRGLxaLUaicmglq6UiPtiLJer8ZhNB5z2txYzOYL0GIxX2xs7l44f+nSXr/oWoJp2bJlOomyWCz6WssnfNSH97MZ0ji11qbFbJHKbMz7LqLs7x1MbVrMF7WUCNIi7GwbGxtdNxvHdd91tetrKS3bermKUicz67qI0qZxGppqtNa6ri9RhmFaHS2H9VGJvqslisYx+1qjRGtTVysqk1tRmc/m4JZpctZ1IsZsRW5tVCgiMM2NlETpAhSKWopzwtRSulmfmW3Krq+zri+1DMNku9SarQmFaa2VKLWUtFu6EMgCOfuuTOk2TYDlGnUax2mcutlsvphN45RuXe2MUeu6GVKJkDF0fYci0wosCSMyARaL7X5jjk1EiLE17Np14zCuVqtaC5BGxnamuy5KKbXrMHbDOWbrZ7NaO6Fag3QjQyqlSIoafdc5hSg1EK25dp2cUsy7WeI2TBG1r90wTpnZq8u0LJm0SlHUIkg3DGJqjUYpvZwJXdR0EsU4UC1VCilUHCoRUUJJQQiMkYoClTaNFlKUvsN0naRwFImWidV1tatFEBSH3RqOwF3tSq1takmrpYZVCigkiiIUAY2c2hQqpasebRIooWxZpBK1yaXUEpF2tikUEk47s7UsJYSdRg4iFIpIHBElyjiOw7SOqApJGsd1a62U2nUloCUR4XQtYdNaRlQg3QQKrddTKIpKG0dJREFEqa1N4Si1Grcc29gkai2oRIlsLQJjQykl0yIV2JaUlkNVESrp1nJqUBW1di3dWpZSMomKCVpO0xQRUqAQiMxGDVFUJJtsriUIQhEhg52kQyVKZLo4ullHc+I+un7WIYWjRJHE1NLZ1W7KnMZh1vVdrU4QoJCiKJBwKHCmlXZIBjuncXKbuq6qRAS1FHBmGrs5pBJhYcBSCBCQLRW2q0pmujntUmrtqnFBXde11oZxaG0iSjhrqdmUbWqkAkTt+zZOyFH6zAyp7+vUmu2uVEWkx5wAlwBFcyuqlOhrydam5qIgXbpaS82WLVNi3aaQoqsBzUk62yiYb2xcPH/haU968my+OHZsp1nDemzjSKluU+lrHzWVghqlNUdXStRMqyibpzZlDlKYLLULA0QQ6krROEwAJkqVjaJERC1SkRjH9Xo9RqioEpRSSq3jOE7jZEnCDUluzXaUaG4yCiJKiIhIFEIlmpukGsW4hGxqVxS9YRqmbNn1ncQwDFEKIkJkCpqn9WqFs5RinNmQBIqQPIwtFNM4RRQhZ9aIhBoluq6qEMgGBxgSFzAhU5CqZCvoSpcyUkgKClKVrJYURTqncbBVojibSsikKKa5uRGhdLMbeGpZpK7v3DyOY+YUCtNoKEAOqaslkaRSytBaZioYh1WbRpuuVrecWislmj1NzbbCkoqVJjG2ItwyW0Okbbs5u1JMTmnShnCUUMNuqVIg2zSpMJt1tdZsmW1KUyIiSWdfKsVtasZuWRSqEbUKmwCKip1RZNHGVrsuW5uaiexK2J7a1NVauy4IpNamTEcUpHEashlJEU4rAqk5yZa2iZDa1BxRREiCaWykCFTUdX0hSolmOxO7DZMzS0FIQYFSutVq2c/69Th6mGbzGUbKiGKUiU2UbjHvu9kGyhxTUqldRGSaREGJEDij1mhTK0EmyAEgcNQCJWSMkBRhUOlK19Vqya2VGqVEayMoorNbZgYxtUkWkNlaaxLKsDIUCQJHOCewQjVqLaXWqlSirtYSpFtVRC1d10kYT1NzMq4HQ0QptciBKEIlhNLOyTYlaoSIEqVk0KuEbMBZu6oIQVUNqeH1chnEYr5h2ZmGbC2NFH1X09nWQygI2UBzKSVK6boSJbOFAskCA44oCnWKcZwI1RJtMmKCopjcxnGMCItSXLouIkTUrgNDzGeLvputhyHTpZawLMZhnTbSNI0Nz7oZRTgEKlH7zsk0NSzCRWW5Puy62vezbLTWEFJEidLVWktLchiP1qu+62rfdbPOw7gehkDL5VHLad71EOthHKeplJrZaolay2qc9g8Oju0cu/66m/p+plKxh/WYYypYj+safRSN46BQrX2NMk5ja1MpMe8XKjGtp24+W8zntVRF7aOsx1UQbUoobWjL5bKUihRIAWaaxlK7+Wwx5BhodA7DutZZ7WtO2TxNY8tsVWWYRhu3VAmap6l1XQ+sh6FI6yGV7vu+7+dJW6/XYE2T5NVqvbG5EVFKlHlfD/YOs7l83Ed+iLHtUCml7u1fGofW9TVUsJE3NzajdLXW+WI+DOscJ1DfzUx2tUqRBieU2vW1Bk1NCVLU+XweUSychGS3dM7mG6WWrivTOK2Wg03pyjSmQhFarwaVyGzZMpmcZGYUiSiltFQtNTPTre97pFKjlK6NYyklLSel1q7WiBinKRTzrluPo9Fs1kftWptCMZvNgiAkC4UiulpwrlersU2160oppUTt50hSlCgJJboSGqdxyswkTDrJSLCzK11zk7Hs5tpVpJxaklGiltLaVLoqayKVDlXbAttRXKLvZ11RJJbUaCUqjsxWa0mTU45MOU2l1q7EcrkkrS7CYdz1MyfZUkFrbRzHNk219lFChIKiILRaDhERtXiyMVgKIQqGqlL66rSbI4rCWLUrUQo47S6qaqTtTKcjSqklc3Ia5KTZUUJBjTplZpvkkGScVkilVORaSqiM6XG9UlWts5aDFFNrLRs4irI57YYjKm4kgn7WS7SWERKysMm001W11FrEOI6Bat+pyGlD1NLGJhlkg1E4okQRwiEhpy2FwkYSsqeUBCAE2ZQ5BbLJ1kBASyMynTmkCSkkkKQSMWWb1mOUWMx6laJQ1/eZ2dpYSme3cViPU6azTQ25SA4VxzgNEREIGySQiBBZao0SkpTNKsrMqWWUUiSTLXE2gaAUCSElIBRFcptGQKWGZFlGpQRIksgpAUQ6SaKERUQpIdNENFIIRQThUKgrVVJLp8nMQF1XAw1TmjSWIp0WOHCzpFoiVEJuTDlhlVpVQgQ4M6XqNlEIip0ExtlcS531vUQ6jYQkEZKz63okRdRanJlTUy2S0gmlq6WUKjCym+0qTc01IqTmSSHhNiVyqbManaQ2TZmOUiPkqQWBCBhyauPkTFT6WiOiZbbWRDQ3OaLUYkuEla0Zl1JCJfrixOnZfL69NVdX3IykUopsFcklakSYHKdJAemIAE8TYxuCoqiBSi1d1w3jMI1TqVVRSpQSWq1XiK7rROAstdiJNE05DkMpdT6fWbTWsCW1qUVx13WBpmmKWrCcmTSnJKOQwLYIIaIUBSVKJDm1KRQWJiLIMa0stUQUwM7SFRF2EkSRCCEicpoiItNCUTBMIxHgjBqSJNktra5UlVIUzS4ZhJsTE7XWIFOqIUiydl2JyFAAECgEFAms9TDg1s/61WqYxqHrekLYighFhEstJiMKWIQkhUijwG5tmlqWUqJEILAR6Qal1MwUKUXmxJS1q2EiilRqqdRQMI2T0lEEpVZBcThCU0usrharKUooWsucUgoAqZSwKQpCbWyttRKqtVuv15Yjqii2FZLCTpRNxklEy+aWUUpEUVGUyAk7lWkMWOHMHNNOSZJQ2s4EOdOOCDS5KaKUWkoRKMCRLUMqtWSjtQaQmY3S1QjZUwmCiIg0JaLreklRq6IYnM0QBiSJUK1FROJwVVGKbCOolGJUJJUCEqTV912NuloeTTlFDTcczmZIqSBaNkmlFMtd7YQ8jdlMCTsBRUF2ayUIRS0FCVsloghnmjaO6YxSprEZV3XNjYadhgghg2wUUUNWTNlEWM42kbRpLKW2dGstQkQRjMMa2xFpVKJGgcBkWsGs71si0XU1VIZxrFFa2mkrEJnpHFUDHBCKNo5JmgAUkZnTOE5tilCCbKTSldp12FaUiGEYo1iKaRrtjChAlJAsnM3jal36MutnNsJRSihCECVAQhFWRCmlhEpIKiFDgWypKAE2tfRpj8NAM6hEENgJctDGqdZKZhOzrptaijaZUmitpRsWioJaeFivuxINtzblRNfVqtJIUFeqagzjOK4Hlail1FJrLaWUcLRM1bKYb5YarWVQSw1SLcfWxmmcalfn8zlYYnOxUbt+OaxapqwiNZUiR0SU2s+6rutLqajINi6U0pf5fC6xOloth3FzvnCwWq2KwqK1VFBKCJBn83ktyswA1RoqAkUI24qiQIqQHIr5fB7R5TQoIu31allKWSzm05DDMJSq2awzzPq+dl1rU6hYDOtVKR1ie2urny1aszOFuq6b2rRcraZpiojycR/1YVNrfdd1XYenqWWRu9KthtU0DbPZRnPmNEYUpBLR9d1qNQ7jUEpHRJuy1JKNo+XBfGOjlK45PU2Wuogy61bLdVdKrdWQ6VLrrOtMRIk2NewIMF3tMrPWzmSJELIQIWmaBkWdcmzNSELDsJrGses6GrbSWSLSWC5RVCIkhZx0fSklxml0NhE5tb5UTKgMOdnuupmEFBGl1pDVdV1X+2E9tGmsqqq1htLONkaUqDVUkLsoFJmoJSpq2ZxTYvA4tdaym3VCbUrVKAjJgJmmFKSwM6RSa5RaaleCKdNSKSUkXBR2umVmuq/VQLrWDtJWji2FSnS1RldlTHNLIEKSWraImp5qLUFJtWZFuHRdCARp25ISo3BYuLU2DKNkCCMhKWQZK2LMiUyskEoUFXJKt0wBJYrBQE6qJRLSadzcbPe1AErhNG6N1qauK7NuFnhsns96ZxuGcRzHUCm1EwK7pRXNE46cmjGEhSAiTDNELSZDSqdtlVqr1JwWBikiQpEtx2nELjWCIpFpGkaAyWx2psK16yfbbWqOUNS+Eyk7kaHUgMg2EcbKcUiUrUkV0cZUiSLJWLaotZYIBSXK2KZpnGpXIyIzQ0pnRHSlpIlCqcVSUQlhFALJSjelmkJpFCCFgmCa2nzW913vdJuahKQooVJACjAGMHZzSmBFIZunqSkkRZLGkkoJKDibM0KBwdM0jsMgRVeqJFWE04xtUmJcIlqbMkdKlKjjuM4cS3Qqxa1RZCNIwk6nJSkAcIoQCCXYSSIhbAXk5FRagZIokmiJnSEhObOiKbO1FCgkqU0NUjCOU42udiFLJSwXCVBIEU4jQLYxJaJ23TSOwzCoUxun9WrVdR2B3dJKuSD1tRjjdEqKCJUIlVJE0TS0zCkQ4MwpW2utq11IBlugWd9vnTjR9wtPSk9BlEq4OFubGkGtnZuTDGpr2fczQEW19qUqSi0RpasSbRqbmxQh0k5na60rtXQ12+SIgmzGcQTPZv1sPgOTIMYpTau1ROmKwtlaZtqlRiEwSBKGGtEm2xk1EmeDMOlwoCgqStstWyYESjsCgUqERCIpapECPE4NZzOh6Oa9BESNgizR7Fnfl+iihO3MjFpDZWxjZqoIBLR0VwrSNI4CQVphS8rM1tqwHpIsUZEiArweBtsqETi6Out6KcCtZWYTJUo4SbvlWKIijGpX3ViNQ2ut9qWfzwPGbC2bsSRZRq01FDJKVCNUVErXl8xsrdVaqso0ja1NRVFrQDHGHptpSQlnRtQSpfQduJQS0nocQlZUodayTZlkUdTaRxdEKLOUYqfTGONaIyLCkgrYaUPfV5BtjMhMG2ynFHgYBxsFIpozFJhaSildlFBGFDnTSZTInGyjktlE1C5oTo+11NqVaWyCvu8MJQqO5inTEVVEKUW1BCBhSEcwTdM0TW6pWmoJpMyMEuv12tMUpRum0em+71tmRC1FDcuZ6QzXiFo7UqCIAGpXySYnUomatltGFEVElNYyZbcsin42E7RsCRGltWanW4rMJEKZtHFMq++r05b7fjaNQ2bW2hFYQRonpaLmFMjZQIHtZqKolBK1VqGEsAlBZpoQbkFZTVNrre9qtilRLTGOg5BqcbZsU0MqCkUoahREtnQjPVVFk6ZxqrUrJUhKQdI45Wq1iihd7YwjSlEZ22RsJ1KtXT/rqkqbpmYrgiCNW4tSECFqKTZRNKVNShGKiMh0iZhaq6WWiKllZguVCGU2g2oUqcnZXGoRjOPQdTVKIE2tuU0BCnFZhLAlJGqtskqtikImoRKFIKcWpda+dzZPtpIIB6WUaWxRbDIn29MwtGkaGq6lDuOkUNo5tcw07uqsqwUpnYJaa9q1q84c1kNf69RyGAdZpatdnVM1n3Ukhvl8vlqvjpaHIGyVkFHQmsdxHMchM0oNMiVFlFo1TiMEimzTsF52s1lfK7WAE7lN2bJNmdkOj5ZdLbaiqNRumsZpGLCtsDNKZLpGrX1t0zSOA8Wzvjs8PDpcHs67GWJzvllK2NlahlSjRBS7Da0t5hutjdPUxvU45bTYWIDLx37EB2Ons01tnFJS388UpbVWat/Vrk1tPY7DetnGcRgGrMzJIrrSRdfVzulaiopaZlGVyLRx4mxtmrLUCraFKbUGmpzTOEmaLea1VIeQjQNFiYjI1sYxi7KWThGGvlaFsrkE0RWn18N6tTqMqLWq1D4hQhGyNQxTrTUjmcjWWrZCWJZk2xGOzJaZqRq2bZMehnU3m4W0Wq5X62Wmp2mc2hRRBZmpqCEjFMgyzqGl3EUcjUO2LCVqV5sTO+2IIFxrGGVr0dUihNKWYxjX49C6WkpXlUzTOI5TiFo6BHhqaUOJiAiFqojATUTaUQqiOFQKzrG1LkrUaE7SoBp9hKbWhIxX4xildKXHKYNkUSQH0zh6alFqTpNTLaeudg23bACkASwhS4roIhRTTm4NSGRbgRAmROaUzbXWUqskKGQ2OayoMm4TxvbUld4wTEONqhJ2KqLrOuMQtSuSJk/FiigEbk5nrSFFZgpApZZsbmNThCKKZCwztMzWXIiEUEgCRTerJbqahsxsSRARXa0tHVbtqiFKLUGEBJme2iijQLUKywqFQooSinTWUmvfl672ESnJbRrHFLPFLBtTm1pma2kAJAmVUkrXIdLuu1pqTRupllIohuaGBGBDOBQKnBaZViGoZFOElOkwlAhJpVa7lVKMlbKbpwSDJEWUEkVRJEcpimI7nRFFCkkosQSSShRFZAqVEjJM2WQFMdltPYyeMNkw2c36ee3GaTg4OHKJza3NIsYxCyoRkoQBGwmp2hlRJKdtqUSEIopkMkI2lszYxlpL9L0TKVQjW2stVSIQCqRpGhUhW0WSTEgB1D7a1HBKkW5OKCWnls5SJClNDTtKOErVuBrGYQgp5Rq19DWIKEVByzTO1qRQLbUURYSUIoja9W1q6/VaNYIoRU1FBLirZXISjqgEXdSWhFDgxBARUQqlRJSulqm11bhezBaC1iZEjSqIQBEhRYlxaDgROKSQorVsOdVSZ/NexNRaV6tCUoQiJEUpRVNrU2YpNciW2CI8rEeUCcVRuhJSkkLTONmNCCunKUE4jd1MCIVIAoJeneUiRSlpZ6bAzaVWkCKGcZiGtYxBpRRCpQSsp2kax9p3ITJVSqRzzNHG4HQxCsZpLFFqKbYT4yyl2m5tqrVEqYjMTIztJEJSiEwjiFICIkqbWim1hLDsdGYonJQIRJpxGMYp+66UUrKN05S1Rq21lmqhJCSQ09gRUgQYQYTHSaGuqwacbTKo1FLwNKaCIFqbmoiInNLGzr7vI5TNEaGwp1SEcbacpmboasnJETZZo0apzZOgrx1ICLlltnRrI1apNSKyNUtylK4UBYpAyFBqiShBEA6hUmtXughNYyoctSiCIjvILEUoQ2GgtZZW1DZOmVlK1FIIQUEqEbVWg4haUETinKY2ZUTYHqYxczLONDhKpE1GrXVqU9RSSmDTrKJ0tnHqug5Jpva92zRlI3FrpdZhHDI935jLaq2VIsAGDEqpRDHQ7HRrLaRMCLrajdPYpiYY2zRNTRJoHNaKKLUzYEultbHUWmsNhUQtNSIsyUGQmGmyjIuEm7M1261lFIFApZZu1mdLiQgVFYpaUoioDpVQlKjDejlNqZBKxSkVTOnKsBrGYdxcbGI3W3a6OaJEiSKFSik2NqVGiJwSUqUTKiHLpYZAyLYg3bqohFrLIqrKNI0WoYgaEaW1RolAKkUAGnNoppaCLYE0Tg1syNbSiROFnG2abCRKFIOEUoBKOA1WqbXUUso0TuthqFFr35dSpjGnbII2JkKlSGFwa1NrgaJIqLWplNLVWA9DrV3X1zZN62HooxvWq2GaAnWlqoRUSC9mvaSkoVKKqmJsWVQjkARCOY5TlNr3tRRZtHFKyUkpdTabpdWGYZiaYZhaiQCvl+vWxlnfd31to0vEmJNxLSUnz2f9bDZrtgQYYhxb39fFbG6jiFLr/v4h6UU3Q8pMT20Yh/Uw9X2dLxYE2Zrs1WodkqXVsO5LV7o+SpQQ5Go1LOYbG7M+VMYxu1q3NjaP1stGEpFuRA3oZrMMT2NGiTorLZnGoe/7EgGlRCmf8DEfRpTW3HLq+xmWscx8Ppv183EcsCLUMqMUk63lrJ9vb22WUtMZNZI0ns03IqQIyXYOwzANY0TtShHOZonZfJ5uLV3AtLRLSKXLcUQERaFMZ+bUxq7WMuun1txcI6LWbB7Wy9r1tVScLZPGlFPp+lIip6wRSDLY2ab1ahinMaQ0tXSldpjJk5pr13XdbBgGi2wupWRjNa0iGYbV/uHB1sZm7crUUiqGzBaollB0tDaNLYQb62ENynSolBrYTonAnqZJIVTaOMqutXRlhowizGw+K5BkF8WQJCICOzIn25QooVKqAiFLsto0RZSisC1Rao0aQZApecK0LFHTuDXVCNsmlE4Bs9o3TzmlyVSEkApumVlKraUmZMvaVdXaRYmIdMspS1eKgih4MgQQwq6172pFIJeIKEEKBGo5RVcETiJs4dZSDkVRISxJWFHSWaKEFFHsZtyVGWJqzdhpOWs/60oBl76GZYOz1hIRRjk1FSUuIVmE3GxSskmmpiJbhoiSTImx7WxGQtQI2TY0JyGM3KZhmloD1xpSCEopgSyniWIbMlWiSFaUKFVhWYqIkBSl1Nq1aUy71lpDaQtKjYIdIbFej5lTrR2SM4dhmMYJKaTMFlGFE3DWEpBtSkSJkmmwRCmdVHNaJxmlqIQzp5aB0i4RlhyEStRwKqpKFJzpjKgGWisRVSE5bU8t01FKlAAP40i2fjYHt2xkSiolMieV2tdigoJbRg0rBAElCm6y1m2Ycqy1hzAIEyHJLQ2IAhERRCmBJGgN4cycMrs+prFluoKkxGBbdsqUrrbW7CQoVCtJS5IpRaCIEtKUk0IRRQFBa61GidLZTXaikAjkzCSKSq21lOhKKTUimIxbVYciSUWEVKK0pLVJDRXJWOq72pcOgIiOoJQamXjKUNRaadnIkIZpQJr1vSIiRKOUwJmAPY1TKUV2ZmYSIvE0pZWVALdsblaUElGEipBr6SICPKwH00qANY4DIVDLtN3cqoSUoHSJKKVgR5SiopDACGcpmlqb2oQzpIiizGlyLUWSFKEwko2Z0plQwAhjpABKiVIL2cZxUtLP5hESUg1nG8exjVPUGgQFN9fSNbc2tFpqjWIwBssSInBrrWWp4UxJEBEhHCWcXg1LGrUrXTeLoNRi01pKRITlftZHhI1tTNSotUNEIAmR0rzW0veCcUpnSqEgFBHFuLmVErUWRSlRJYFIJFSoUaPW1lpmurnOZqUEITw6s0ZXapE15dTaVLsSUWupUSJzcqbN5EQuqmlntlpqKFKOWiXVvpM0jqOwnav1MroihZu7UsGYrutay2EcwFEUCAOesAxFpUTaEaVGsQyKKkikUko4aheknRkhBcXFVtpRooQUYJcaGKlGBKGQW0tQRFgepjGbs02lq6FoTrtlZlFEKdmECYnidEZ0RSEsBTjtiNLVziKg1EpgWxHZrFApkXbfdbWEWw5jIwSGVEihGmGRaUFE1FoklVKy0doYQU7YGcjpNk2SSmAiotQiVDIFplBQJlOObUq3qbUm0dWuFmFNdkBCCUyoREAUOSU7ilzURx3G0SIkh4TcWmaTGMYhIkophGTVUJ11cnGRsMEwm/dd34/jSoSdKAI7jRAOwpKsdLaxGXNZGydL8/msqlpEyCC7Ri21drVLe1ivkCSlE1NraTm1adyYzVVKm5rlKEHUWkqA7UIoZHkaB6dVqsSYGah2ZRzGtGupYKQoxekppwKWgMBRwkFO49imWioiIpLmzChVVUiyLbmlmVprkoqqIjJb3/dSadm6GhFda2ONWmqdpkkR/WyuQBhr1ndd7cc2BSFJAuj6mngcW7rJGMLM5v045mq1qlEzXaJElOhLRFHS3DJNM8r5xqKU2s87otjhUGupItlFgdSVUvvOicLjanJm33U2ckkZG+hq19xKqf18lm0ahlG19LXPzNLV0nW1hBtAN5vVLiTJKl0pIZzZpkRtmsqsjsPqaLXc2tqczxfjOGbLiNrPZthtGiK6ftZ7GhUlFFKpJbqudn23HiZJfe3Kx33kh4YUUGqdzftSSpta6co0jdM0GSmi1NhYbLRMESXK3uFRKEoYhXPKTGzsUFmt1s4stXZ1FqV0tVsPa/Bs1mczeFiuLQuidK1NUxLZhnFwy8XGoqhYjihCfdeFNLUmybRxnGhpMYyD033Xz2a19r2QoE2OgltiWZSuCEWJWru+65ys1gehmHKMADthGtdT5rzrFcVtsikqte+mHEqUza2tUiOidl1Xag3JMs3g5iRUFFFCST/vgdIVzDSNkUTUrutKLYQCFZXWpohSqsZxTFBAejabRde1aXK6TU0iSiUbqNSqlsbZ7CnTLaSp5TQMXVdLKTZJC0opZUonrdZqo6TregmTgTIzW6t9J0IhRDYHUonAYE+thCK6lGQLR6hEdKWaHKe1m0oJrCghowhsFJkpkJyZzQ4VlSAtJCSpFLcpM1uJiiRsQxDNU0tF1L4rtaNlU3alm5whj1OjZdQuAinIacqUikQaZ5NL14WIcWpARDQnUFVCAYytZbYoAQEKClEUipBQZsq2I5CiFDNMLaoC2a61U2hcDwo1N7vZAY6oMlKYdGaUEJrGaWgNUhElCrJMGkS6pTOE05kNEzXaNC1Xyy5qlMhpsiVpGto4rUtEKdFycvPUWptaqSEUESVqkqEgENHS2bIUORMshOSWmc3SNLaCJLVskrCciYQdtkI1ytQmjOwGQlGklBUBSGmcmWRiybZouV6vmzOnJmXf11CNIqfbkJK7UkupAenMnJBJlxKS0uq6jnSbWpQwrTgsFYVCpgmMIoqkls22RDqbjZFNKKBlG4YBQGpjOlsp1eFs2UUh1MYpFKUW2605VCSctLQ9ZRGTIii1Aq2N0zCWUkoRUja3NhUVO5HaOClUSjdNU5RSI1p6NS6HofWzGqXIoQDTpgEJRTebR9FqGGuNKCXT0RWMnFLBSSkBRnYb20Qq+kJLQ6lhlC0toyrRWqulq6W2aRqmqatFgU2UAGNUNI0JOU0pOSJapor6mBkjaG5tREiltWlq6ebaVwlJJaoUSUqpKEhFxTQyIyI92UY0t6KSzlk/i65gSq1RFFFKQVEUjqjpiQRbprVJWKWUKFEiM0PhNABRaqld1+z1ONRSo9bWWmbOFvOuKyHlmKVTmyZhqSgUJaKESmRLlRIlpqmlW4lik0ZQarSxTZkBids4KiQYx3WaYT2UUkuUKSeFQiGBcz2O2aa+70s3k2hjpp1uTkJSCWdOYyuldF0nMJIQwq1ltkQ4ohDplhIY0hFSFHtytogSEUSJ4mx2tqm1pgR1fc2mnCYpSqkSmIiwkQiVIGSDQjUCpK7WUEzNAWBn1ijTmMv1sq99X3vkrusUBRXJaWNXCUBylBrCzsw2jdk8jpNbi1Lc3NooMzV3pSAS52hEo8my1dqU0NUSpYSiTW3KlMFumtKZ6WzZWqs1jDNznBqeau1rLTjTqrV0tUMRESXItAMmo6gRIQ1TIgJJEZAp3FyjK73kYRiL5EwVcJAOAqk5SyCFQ1XhtCSkTDtbQo1iuY0NpUSbpmnMWhQRJmpfpOii1L4zdiahomqy1lIUQHoClQgjRInALaWUZbK1rutqV2zSZGYmXReSnJazTRNGteSULVuJIiEV2c2SndCXTp1CQZJuYYwjopaulILbMDSkGrXWmi0Td6W0ljZdV21PU4YgaM2QJapCtrGMsexWSgVa5mq1lqi1C1CRKKbRiIg0bWq1RimlTa1UIZG0Ng3r9TCM4zhgGLObdVHUlU6hsY1MzRJTm28sppYtsyjGcXBCRA3RjEjnuB7Glou+dzK1EQii7zpsCYydGAVd6UspokyZ2K21AuM0KqlRnLZcS8lsEV3paptGZ3NIUlFkOnMqtdYS2RpQSs1MWiYG2dRaM1kP6wJGQOn6QG0cx3G0IahdXY/D1KZSSmuTTKmaxhFTS7g1k3YBq0QpWq+WbcqxjdM0Lja3VGlTkwixGsb1OMz7eVd7R8jKlrV2ARSKynq1XI1jIWqtkK1lLd2875wehsHpqCJTETiyuUaJWlprDaTY2Fj0fTdO7XD/oNSuFKapJS61ZEsrW4Jtp+yE8gkf+5G1K7WUzJzG1twiVEu3HoZxnLpSwZIiKs5SQqWTDEJSarlaCvrFoo3TME3jsMqWXd93oVJqlGIIotnpjIiptVK7iMhsNWpm2q4qFHVdZ9kYWB8O47gehyG6suh7WyVUalWNcbWK0nXzvrVUc+lrTlNr06yfT9lauoTb1ExGAbJNaacjaulUIkJtyqIStSpUkkxniVnXOZudQdlYLBSaxnE1jFL0s75GtDFT6mY1bWcqFKVaYFmQCZIjRO2K0ynXUp2Z6UR2YrdJfelEHK5WtRSscRxtpxM7IihRVKKUdAvCWHKabFOptdYqMU1pGRSlODNzVCq6cEuKUDoFFlLISOkkM5uk2gUqIcbWppbNLqV2fZ+ttdZKREtymgjl1FpzN+vCmqZWIqZszgwJyaQBNI1TKTHrOrdcDyNS6VTAKm0aIqpbKtQg5EIXVavVCkwyZZvcimotMQ6jQjattdp3ILu1tCL6rguKna0lci01k8TTNCJFRESRgFAEmVOzcdjpLLXUWqOERJtGQTebSbSpRZXA6dJ1EWp2jYKcSe06QETf91GKbUikopgypVDEOA1Cs9nc6YZLKav1KsmuVAknbcppmlq2UkqUqnS2jL6UiNYyinLKsY2y+llNK6dWap11ZT5fBBrWg+UoxU6sohqhNjXJ6qozQZlGDNNk0ZWqiITWxlq6UqoiQMJIKBQlIiKU2Dk5M6LIAkfgbBAlAjBCwgUcQS1dLZFk39c25TgMQiCHgxp9ac5hPaRda4EYc8qkEJJcQiEIhYQcAqwUChVUAOSpGaclGWc6qX0XtYREFClUSq1VopTa16oSQQhSyLKylAJWSLiWQglsizZlHyWxLIPsaZokORmmKUq1c5wmhUKSSmKn0w1chCnpLKpRIggRJXCE3KYxSyn9xkz2NKVyKrWOw9imVktNO1QV2CoAihJGxm2aAtK2nUmNatxGR6AIJxI1QiWCKKUgN6uESg0SADstPCkikEkIBbbthFSts643MllKVS1FkmQ7iFIkRzrTBkJWhEEhKULRpjw6Oupnsyh9OBSiZaZKlFKLAUsqOFtLRLZWS8VpSYCUzmmYbJdSnM5MorhNbRq7qKWrgZyOEjUKgJzCKCUJ2oRl4TbZgErIJo3CpZSIQERRUJoz3SKihKJ0XVem9DROfVfa1Axd37WWaYuCs2UahIy6UjJbm0bjNrVSahDjOGZLZyu1ZsuICAnbNihUwW2aEkgSRy0lwjZBlJjGCalQRqcz25Rym6Y2rteKmKZRlH5WImopoQgAu5Q6tmkaW6mywYqiUgVgqdZ0c6adKFumHOojiFlXE2VmiQA3j2mVCAVEERGSQFEUaq1lOrognW0qRU6sYhygCBOZmSRp7HEcx3G01JfiCOGxtTZNzmxt6rqSU3S1SNAoNSDApdQwrbmogG0gQzXtli1U7CylSCiiKFo2RXFLYZWQnbYKgIwyVYoMTuNQQUGgUGYCUpWihGrtkNuUrTVF1FIj5LQzRyemm/c26db1Xe37UNAsSYJQNqeTTIVq7XGux6GNY5Qwql0niJAkrAgpBTJElCjFbUpLKIpKlMROpNI8OikCIaJWiSgRhEoUScakRUnneljXUinhBKmExnEYW4JLKEqVPIwjaSkiApmQM7PZdlHtaqBSu2J7apNCLVtmC0qU0loLGRxdBZqnNjYiFrOOpFAVZI6tNUK1lJbpsZVSIZVuOY1TKjTfmNdSW5umcapdj314tKxdhKJERco2uFFrKRFp1VoyM2oRTNM0juNsPu+6aruvnZ0KEbhRSkjFOCRCtOxqxW5utdRhHHJs0VXI1qaoHWlDKepql+M0jFOJ2vfd1No4Tl3XZ6ZNa6MNKWemXaP0XVcoU07DsO5LJaKGotTV6nCaWtdXwNCrFpVkDGpREcp0mmEc05ltamlJNlObWma2llP2fb9YLFKuMXOmydYaRK0dKEqQQJOizmqgaWp2ltr1XRWhrniaVst113W1KyKmnFZHR+M0tqm1tJPFxqxEpwggUD/rIZ15sH8wtWk+m5USzQSqXSc0teYmYZNRunEcQyqf8NEfmqk2Ts0g+lIjiqSu1trV2pc2jq01QxuniCqopXSzms0ZIY+hEqFsk0XXz+aLWdjDOIaZptHC2M5aurRSpiXCoailRgmV6KJEDOPQxpYgGNs4TdNydVSkUrtSazrGaW2opc5mVdLBwWHmJLNarqIrtavDMFIIlSlbTpNUQrW1UVLfzYhwtiAiimrM+q6N03K9kmpfCgqi2lBU+k6OcWrTOAC17zJprZWCFDl5ai2IdMO0NkhyZia1FEpkumVmy2zNEZ4m7MQIZCsVEWhq0zCuQ4q+1FqDguz01MZsLQQYUVRba8Mw9bO+6/spmyJqKSVKiWiZiojaZWuZGZJTzVMpkROlixIexymbZ7OZSkSqZUo4s0TUqAa72SBH1K7rIsLGRrQSVRBdjRLZMtskRUS1vT5a2a12fQklcssoEWGMFTkMVgRBYWquVTJIKASU2tUythZ2SFFLjYoA1VBit7RtYjbvQ5E4cDqrpBKZU2smqFEiomWSqVIUisAiCIdqrbXUyS2nKSRFVYTEOLY2jVIlVKIowpNxtsxpakigqoiuKkoIKQDb4BIFQiGFZEUUIQk7h3Hy1FD0tY8SlhWlKyVCOKKWru+cKSuigjOzltrViqLUIsIQpUSUqbXVONjuuz6igCM0ZcvWutmsU83MzIwSstJ0pUgKy7SpZRddUxaEVUoAJZTpbGlwa0RRkHZzC2yyIWMisCXRbKdkFLVGmlCMk8dpna1FrapqLYVlZEJKO+1aSkgqJYrcEqMiya1l6TqkKiVYVoQzc8rEzla62kXnbGO6FAWAsUupJoukKEglirrwlFNrQHOTiQgEtlQUAtvOzL7WiGoBduY4NYlSQqVktsxUEc1SRKhh5Fqiq50UXe0ahZyyZallPl8ocERRpDEmrRqRHrM5m1OlKlwUksjWhEoppRRJDoRCglJKKKpCUq0ioihozhIyEeSYbZwGEaWrCQJQKcUNyS1TEaHo+lIUljOdrUUgKzPTGSVCHYGokouERLIex2EYWssQUoWIIKRxbCFQNBtSwdSmvuuLhIBEIEUE6bRBpUqiRBRoOFQJsk3TlBih2velKxARgdN4GseWni1mpAxqzUEbRwlR5Mx0hUxH6WuthpYWBts4W5RSoyZky1ICIkKOQlIioqirVURIpUSpXelKZrNz1vcKtWmSVEvpZl2pdRomZAwKkS2t0GzWGxSBXayxjaWUUpQRUgFPbSyl5pQtJ9sYLLuljQSgkN2a+64M4+DMEqW1phKz2QyLIFTSbq1FLdmanSrRpoboakeodhVZFMFkMTVbESEEEkKhoq4U1TqNwziOCYkjsS2kiKKIKmfaFhjZKdWuK5Zsq9SQokiQdkQUhU2RoquhCCIiVKRSsMc2TcNYaylRjCRLpfadopQSSM4pVFQ0TVOttXYFoSglIu0SIRWcmChVEQq1llPLUopCibpapiaRzWksNLkJRZR0qtSuVKusVqsSURRIU5tQumXgUuo0Ta21UqJGwbYIKaQilRrZskanGqFwNsJRilszQtgEUoTJNjaMQoSKijEw2dlarSWipBxQuiil5NQa4dbApZbmRkvVgLSiq3VqU1FBIKnEME0iIyJxidL1JaRpakTM5rPl4bKNY60lbdu1lIhQKELj2Nxa6Sqh1ow9TQ251MiWKp7NFrVEZnPazZnZlai1KqK1qWX2fR+lSDmNU41aalmvl04br1aHUnTd7O6779w9e2772LFa6thGp4XmG4uuFBz9rAOmbOPYZJcokkuptdZhbJlTqAgTRFdtO1taEaolau1CBVqJOlvMSA+tLZeHbq3WWalFVpRAYVxMCzlpOYVEgMMlAq+Xa0qpEU5q17XWMJb6rjb76PBgGlutpe/qlG1YLuXo+opECIVFy5yyZY6l1tmsy0zbtltqYzGfz+bD1MZhqF2NWmqppWCMqKWEFKJ2vbNJ6mdz8Gq1KiKF8Hy+WI9joTQYx6aIiJCw1c1KLdVYKuthlTkN0+hGRGnZFvNF7bsadblaRkQ/79fDKqemImeWvtvY2Ki1dn1nK9tUS1EpjkRB5vLwyG45ZY1QLaHSMm3bYLepjW2y6btZFCUqH/cRH3q4PEx7sZiVEsZjG9froatd6YqTWsqsn2VOQxtL1/V9tx6HcT10Xd8V2VG7Lm3bw2o96/r5bH5p79Lh4eFsc7MoDBFh6GoXCoVqrc2phOaQuhpjtvU40lIliiIQEbNZ18/mJToHSrJNMt1sVlVW4zqnJimt2pda67zvnXJOhQJZS8GKULap1lJKFXR9n61RyjAOHofVej1O46yflVqb025Tm0rRfDZzA5OepJgvZhExTENXa6l1XK/X07qLEl1dr5YlXftZmNJ3pYQkgaKUrjPq+k6mllL7rtQ+SpmGZhwloivjellLLV1Ho9ROJSSVIpmhTUEghYTouq7WTsE0jgCUbGOJksYwjS1kgihFSKEaJSKa02NG1CmpVeC2TgVEGVdD7WsJEUq7TRNOLEWoqOU0DZOkUqoxVq1dFQpshEqJCFEIonYVZBy1VJX1emjpEFLtSiUkRVG0cVIpJSKESkgORQ0RJUWhTjkJGUulRKHQWisShGltbEiLWdfMerWSCnIftfSdndmaya4LO5pdI0qtRQpJktNyjNMkbIlmwrVWK2kgijS1MbGkGjVKRKYVEsA0NCsVjMM4DGM/7yOitZEkhJ22a9U0ZY1Sa12tVxEqwTCsa+1LLUmiEiGrOLOUImFTa9f3FYXTaSMHoEiy2X2J2vWhmKapZbp5miZJpZRpaqVIJXJqtatdV1PuoiTKNpXa4RYiJUnGbrRMAHsaR2eTVKIICxKVqCFN09DSESqltpyK6EqM47BcL7tSndhZUClRu66oSrIQFJXSlb6f1Rpph0opdVwP62lQNNLD1GopEcWtIZEWkAYrVCJyahEiwriIorBxpkoNhZ1FISmklkYUlNkS16iBVKIo1uthmqZaunRGRCkVuQS2FJGenC2kKFW2iL7vJakrXZ1FBKHiEqUSAmTZkwgVSRrGUQRyJiZba4oqNyuwu9r3XTgpghKyFaESRbVlQtaora3TxioRpS9ByDS3lolt1JxuWUohW2tg7GajUBCWASlKhEzUkCOdKNLOdF+70nfYClpjHFY5TogIYTJNoGbjGjVqRY5gmiZCIXDMaq8IoULYzol1m6Raa1ejgGyXWiRJcsspaS2jRqiLLopCpXa1dl0fgTPDoU7OKTEtVdSVrk1TtomAiFJKLVWGQomu1hhbq30VMri1zCapK1UBCSUqJUIUZJVScRuHSaKrJRSQw9RKRNRotiRMmxqCEkKZ09Rs0s21dFFrCNtdLbV2gtYmSYgoEVFq1yuYmqdhRBQBmqYpBIpuNu9KnabWpikz3RwhuznlQl9rraEouNnu+q5EkUJElCIwViqiyFgRJbraO7MQUjhp2ZyZbSKMbWE77VKKFEpLSKKlSiklIsKt2alSnCnAnqYBRVQViXCEWsvMNuu6UkpriW3UPPW1IyTj4hynWkuUSLAbaWdmayVKrR1ddKVCV7tIpzKnKUupJbo2rsf1ZGeUIkJWOscp2zTWiG5WM1umx2koEVNma2NXO5laaxRN0yhhkNSpOtzXrqimWzYXeXIblkcRJSDJTIdUSgWPU0qUKMMwAl3ftxxtRUiKhGnMECqFREIREYVkGFa1VhGya60ENBtKrVNObWqldnaOYwu59n2pXWaSVinj2AQYp5MsUfp+luPUMvu+D6Lv+tp14zhMYyqc2XICZTY7MepqRCk2Nn3XZXMmNTSbL0LOZiKQnRhhl9JFQFJLoVil4HQiRdQuhE1KoUhMZkQppWYmCSFbCKVbthLR9XUaJuS+79fjCO67rrVJERuzrTLrhmFidJl3mQYllFLGcRSUiKh1GodslK7Mus7kODRDKRWwLBGllJBKyWzOLCW6rm/OcZpKib2LF5bLdT+bdX2fEMpEllerdcO11kAqoign5zgqAihd13W9bWebpkYop1aKsPDUz+Zd12fmMI5tnFxUujqNa1td6ciGs+/6CGXzYrEg25STaikoTQmtximnaTbvwTmlmdzSjmEa29QU0XV9pOqsikhnVzqpDG3Y6Pr5YjtJtWzZnFlL6buu67tiubhQnE3YuOVYVGe1L123mM8iYmxTtikzSUtIZRjWzpz3i0bLadrY2JQDZWauhzVQurJerou8GqbSKfru6OAwpcV8gQkFUkQoQgpJXdcFSrJK5RM/7iNnXb+Yb9RaxrHVGqHa1VitVm0Y0w1ruV7OFovtza1paq01kcM4CdKutUOqisDL9dqp9biOiFr62lVJoTKOUyFKF8YyXd+X0lVhmIYhLZO1lq72tZRSi9CwXI32Yj6LUiJCqlFUSslpmlqbWlPEfDaTVBS1hB1OT1NCi+hKBALFelxPU6qUzNZaa0YhJemmKLOuj1IJV0WaApbblI3MljVKqV1XynocQxRVEHKkZvMesTpcRRFRnOmWrWWNGKZWSyfAKSphSsV2a2BJ834WEdM0RcRsNi+luGgcVkUlumitDUMrJSSVUkMkZFoAyMWGzJapQAhJQjgJN6eb0xbjOGVOdkrgJkSESgCttTQlwtDVihOVUqtxjSJpeXQUVaV2JRSBkcQ4TUgRFWwHdt/1lHDm5AaEItPNWRwQpSid09TsrLVGKaXWAGc6HRKZ05RS6bqKGadRuNQiCQEBsg1Op1EYIiyArlanUi4hpzObqIoCuR4mGVlgYDJOTAYM49imKSKEKOpKl7jUgsC4oYioEYHtzKxdkaLliKPWvoRAIUG2lsioKCAixNRaOmd9L0Uo2jQN42SyliqKs6Wkls2pCEWUWiDHaZqmxLaxDCJRSCBKFEUASjmdJVRK39WScksXClhRwdOUma2WiFK72jWnrKKopRi3aXJmRADpJpVSu1Ijjc1qWEdEKZEtS6jrOnJ0JqU4PSxX66N13/e166JErb2ipJ1koCIUSnKcGm6iNDdwqJhMu0RnSo1qJTZpoNnZjIhSZKmEE0l2qquhYqNwpiQDIKkQhIrCQhElRSEkoQBAKnSllhoopQDl1KYcsmWbxiBqRGtEDRQR0XVdlMDRcmrTKCJKpMlskghlWhF91yuitVZUBJJyGtKutWCVWgkpNE3TelijgoSsUiM0TGO2tCU7TYmIEqVWTLbWMhGlVBBuJoRLqV1XSu1UhJFUBFJOkxPCTijKxOR6nEpR18+ljIjMliQqZLbWUIlSI4oU0Cz6rpYo6iLkcWqBhmGwkEpzUxGQLaecsllFIUUQEhJ2phA5tWwNCWUtpdRqGdSmqXmKghMUtUAQqGWjtSjRlxoRhGpXiwLj1mwnzilxNsKZQiFjRygNiaLUPlTDzXYmyJCAm1spwmrNEsDUpjZNTtutSIoiK6GLWrqCNes72+kMaRrHNAJbmQlqadtFICFqlGlsZJOEjGU7MyOin9WudBaIkEpEqZ1wKRg5W5tac0bIVmZ2XS+FGylq7aWQStSQAixCKKfW1a7WLm3TiiNxYlnjNNmUWrpSQyIwtKkp6LvOZC1FsBpHSX3XSUq3oY2hUmsRamRrdnqamp2KTjJAAQuTznEcQ0gxtTa1TFOCqbnUWotMRJRSQg4DuE1TyxThTOfUPE3TJKKfddlSUumitWxtKkTaaeqsIob1yolUnJY0tAFjt0oNKUqppY7TFFGcdrhQogRySxK6UlSppYZUarXllpaihC0JQUS05pBqjeZJuLWs0SmUrZVSIqK1qU12kVRqV2utaaachGrXWRgjSnQyiigBSCBkCTuzgYdxHKe1iL6raWc6SkQoM8Fuo6G10Zmlq7WWKGVYrxV0pSK1qWW2CKWTzCgBbsOUdigEkoRaaxJRI1u2bEhuTaStUjoFgYSaXTpaOqfRUpSStj0lqqE2TSGXrjcWymzTlDgiqLVGBDnNNza2t7Zaa10tkqJEV6pNZvOUpavTejkrXXRRUdSutUnNhr7va1ftJqnUCCRLETgzc5pGJwpN02RHF6WqDOM60MbmZimlrQejUkpmK1Ei5GZoUkxTCtVaat8psRLIHDMzUFc7wiSHh0dGpaiWAoqiErVKEUGQLRVlalPatmutETEOw3o9RNQgiqKNo6LM+n49jrV2pZb1MA7roc662WxWVCQN6xUWQWuTm52ufY1SpqlFqRSGYRWl1H7WzXoyFbFerRqupaQ9jmNihXLMtKNWO5utkJNxHANKV00p4dlsYWfzVFRr102tSUC60dJk62qd2jQM61pLjXqwt39weLCzfax2vZFCXTezm4pt19ptzBYHy8Oj5TpKKR//0R8qRYnIzNVqKWRUVA4O9o1q6UvROAxBCFarJUnXdd28rxGKKCWmcVgNw9jGjY2N2tfV0Wq+2Ch9HVfrUoqV2FFKm5qQwYakuRlPbVoul0Ib803VAq2WrrWpTVlKjQinjU2rtY7DcLRc9V1Xay2ldLVDONNSmxKm1holZvPOJnOqpTqzdBFRDMM4kK5Vpe+FopQISTIqEpJCbfKYU4kytHEaxmma7OaWbrZkT5ioEZRhHJD6jVlRndrYWutKRRpzGIYR4XTpVCnZptZakpJMdl0nhBRRSI/T2Pd9tjaMI3iasojZbBZBa9mmDDy1ht1aKzVKiUR9V4lobYyQQiKG5QpEBCiEpDY1lZqtGc8X8yCQc/LYxr5GKJAMTkoXoChFpuUEzPp5LWHspJZiGIfRdhRysiqQUQo4s0mSisCyHaXKzsQohBQqpaSTdNKmZkI0r6ehja32HbadFtmaQomULhGlqxighCLUWpPo+z5KRJRsOU0jgKSoBDhLVDmji5ZNElKbmgIZamltSqh9p1q70tsZCpI2NTsllSJRSFsIo2JnqESnGhGlZGZrmRC1KNWyObMooDgdUilVtgMUkmp00ZcSgSLslmmcSaQJtak5MxRdXyOiq6V2ZZomIalITttGkixhkKRMj8NaRCkAq+UyuhAxTWNzdrUq22qYmicFipKZmakotZaISLuUHtIIYVSE7VAUlRK11DJlDuOohiJqV2fzRRQhlRpSUUhYElLKRRGSm4Y2TtNUSsEOotSCFREhKaLrqggUESUCyGZ3EVObnCmF1WQi5JYCSxFhJFxrSec0jolLDTcDTttWhAIyFcIiwma1Xo/DGLhltiYrcfRdTxGQmc6sXSEZhzGdoVBIIdk1sAWR4yhUaiS09RC1hDS1qSUKSpQopWUroUxnGhOK2vchULTWsrVpbIFr303TYKNSBNkyTbZUpKyWadyVTkGU6myWigSUIkJBaZ6cdF3XWg7jGFItgVSkKAUjO4lpmorU186iRO26roaEsNMBUoQlZdqSgmaKSu2wlcIep5ZuifpZnfV9BFKkW6Zxi4oIgSRDKUWq6cypQbZpwpJKCSkEZFqlIA2teZpMKKIUhQJ7vV6PU0qhwCgiQkKIABRFUsuGFEVkBBWwkwCTZIRQCYXMOE1CaewmhTHpzIAMRag4PI2t9jVbm8YGqrXYSKoRU04hjGSnXWqRaE6AUESUrhTkiMzmlrXvQnWaptaa3RRRShdgopaaoTa21hq2DThKlcIpFUrI6bQDQCHVvsNM01C6qtA0TcZSOKO1qZToa2+IEiXCTqLilgZRJBBCUTFOlxJRu7BbGqvUqpAzm00aOyAUUcMphYScWUoIjdOIKESUcDaZiFJLQaWNo0ypVSrgbNmmhi1RSoAkpqmBSikYUAoSS13paldV3MapRBiESu1Ksa2kBRUJKRTDNNiUUtrUMiEAJNUaVsguEkFElVwQCtm2I7CJolpLgENdrSoSQWLLIcmSpJAKeJpGmxo10kliQmqtYZUIjHMyRW7UKFEgohQjgVtzc0vb7kop0fVdVYlpnFob07ZzGkbjcWqlqOu7Ukqo0EAIl9IldiYmcaRR2Ng5tRymoZRQxDSOpRRDlDC4TeCIECAJTWnJtdSQpkzn5JRbRglJJWqRW9qtqQSo1lqIYb2e2lii1q7ilrhEQRqnQUYRCTlNU05dROk72SnkLAWilFLGYbIjukgUJbAUqhE5ZaYjYkpHSDYRRtN6UCkRZRxXfddJkXgxm9XaWSjUTFdKKSFUSpEV2BFRa2ZaWWtxqnkqUSXZai3ns1kQU5uiREh9X1MKwlglSlC62nUVyyZK6Ws3TkNmSso2LVfrWgtyGyd1JUqttSu1WoldogJ9X6OUtKdpLFGmqZUoXddHlKhlHEYShVpzicgpFXJqtVyS2CkB1KjDMKBoLaMoiFL6oliv16th7YlsLUrUvo9S7UaolFqjGo3rMZWL+TzHNmZKkly70nVdZkaNUPR1No3rWuvOzk7UOqxXtVRFuLVaClnGcXBLRUxt9NTwVD7hoz5C8nK9EkgAktLZd/3G5mYJGc3m/TS19Xo96zsrxzYVqsn1etXGoZvNlCIiW+tK2drZUkSbGtBaK6XMFvPV6rBNjlKQnBNMy9XaeHOxUWo1mc0i05qmKe3adaWAPUxTKGRaa5Ozq91sPiu1SpqmZlohDJ6aRa21RBnX4zSOQESdb/SteRjGeT9bzGe11JyMJJHpnKZxnCIiSj9NY2uTs9VaSq00KxQR6aylllpIZ2Oaptp1YU0tFXS1i4hmN7vv+lKDRpG6vtaIzNacBXVdqbVDrJZrTEsb2245tUwpSulam6ZhICxUapEtKUqRinNSRFdn4GnKEhiFZDNN07heR0Q6S4kSEbIUUcNELcrMWqtS0zRid7NazGRsZ7ZpGImoocw0ZDOm68JRbE1Dk1BEZiqi1oqbJBAUJKWRSi122kE2QUQBO7PUWqNEBHicxuYWRI2IiCmzTU0RtVbnBAGUKIrSppzaIJTObM1YESVKyqAIueXQBk8taqioTU12qNiEiFJkDesVkiJsIkxUt6lE6fq+li7b5JymNhmbNk5TqbXveitMGkuSSmYbc+pqdWOaJksCIBSlhBARhKWQIqGWyPTh6shE15WiUMiZUya2aoQiSrhNTkfItkTpuyAyE2emcLZmcIQilGk5p0xJCinCTkOJoihTZnOGVUukPY2t6ztJNibdXCIyoRChkJxZS9jZ2pROtwyp7/u0Dc5MrFKcznGKLvpSDYJhGgWgNmXapVRbpQZoXE+TW621L10oEBKZTQ5JyBDGQqoK5JBNSDVKZjpzmlrpQggFaQnbpEtVKBqQbrZJJaECikJObnaAkCJABaVt7DSSShciQkKl67quZmqcRkHX1cnOlulE7koVkZNrFcgisyWOrkSp0zgN4xgqlk2RHKoA4My0nSlQLbXrRA7rVU6TFcKSalcUQUPCadtpT9PUd50ULZ1u2VKldF0laTlNY5qspRRKkkTIGRFdX6eptZalRkQgqxRZwooQiUGBJLAQRrJNpmVnwyaEkZTp5pwv5hEiPbmN49imMVSqSo0qTBQT2RKnrYiQQUKWopQA45zaFIoGNbradxGBlXKbppBlqbmZElSFIaecnAp1paiWkBQYwk4Htm3jbG5tKorWbKeVRSrRYaVdaylRjKeJllPfdxGlOYsUJaQqZctETsvO1lq2JmsYh5Z0tShCAjO1qUSRo7m1NtVaI2Q7FJmOKJlTmlIKllujRFGkMhRINFyQMQbGaViv1tla19fS1dam6kgaSCVK0DLSKRmplhJRkNKtTS4l7FwPaylqBKRludRSooTNOI6K6LqutTa1sShappsJcJNV+0oEmbZCEaKUGqFpWKMSURShUqMrRYGyRJeZ0ziplICu72uUllOpNaKmXEKWpmlsTpUSETaKKApVRUSUEEURRJAuUSJKcysl3Kb1euhqjSKTYTWypbvSRS2hIgJQsrHoE9yabdt2RleKw2SJig2kyDRWCVqjRpEE2BgJCUmupSIlNoSC1DRNKsWiixq1pl0QgcyUCY4SKuHWIoqCqRlnpkNkUmpx2pkAtrHSyCgIhHNq3XwWEWlw4lSJaZqANgxjy4hiqUSttbacpmlyNtXa1y6d05QhAmXabhG1lgiUbVKJrvZjm0jbGaWGoEGhRBWoVmdDKjVsp6kRTk/TZLvvZxECDF3tSinGIE+MOYE9qZTo+i6njK4TqCiiYEUtpZTD1cq4zKrMarWcxiGiCFmkM9PdvNpAVkmotWy2REQoCtmKZGNTBKESJVurtetKGaZxalPtSldnUaK1bNMIQjLpzKmNU7ZsJim4NSCnNtboaleQsZClsJ1kiYgaTnvKdGstZzUSt8npTGeODSdSkdIqIk2bptl8VkvFTimkqJ1zkoQTHFGncRyn6XD/sE3jfL5YzGeq0dok0lKJYgxqrc3mfSkhgTQNQz+f9V2/XK0ys4SMsEPYGap9V13A9F037+dW2NmylVKMArqIKSeSru9KLQFgSRa1VIRb7h8cYqZxMLTWNje3ovSX9naXR8u+qzViGKfVsDw63E9Ta0zjmMRicy6ifOLHfHipXeJxNXZ9V7uu1lpKFxG4rdfriGJs52Kx6Lq+jS0hPWW6ecp04hpeLBat5TRNocBSVY1ydHSIUCvr5WqxMZ93PSEppOhqHYcxopZS62wmOydwU4mcWtdVhVCEXGuISLtS+tqlGZZLZ0qJuigCpVrX9WQmOFNdCLVsUcp6PVht1s9sOdNiGNZS1BIKpylRuq5O4ySpdJ0syFK7rpaudqWUiGI508M4KbPWrnal1CKpKhpTTg5FnfUBkkrXFZXmNg2jM2s3G1tGUU4WlqLlOI2jRKmd3cZhkiwoXRVlHEcBERFhOTMRoQqZzVEDKJJxS7oISi0qUYiopWiaGqaWLmSICLVxWo/Llq3UGlJDbpPTyF3XdTWMIuQkagErVCJoGYEinImotUSN1lpBUasgooREIGucBjKjFggFsiFKVETL5nQtVVatEappywiXqCVCJdqUpZZSa2YDMBSZaNPYplZKsVIonFNzyww8tdbXvus6KbO51pLYihAlFFElF5Wo4QlEay1zCiRBMk6TpFIKqSi177oQ09Ray1JLiZKmteY2ZSaQWFJIgVIwNeNaitMtG5DjRIlSukyHjCTstGVBICCKBK0ZMes6rCmnEkq3JGSDpSoMSIpAUe2WrdkW0dUCIqldlciW875XhAwYoxCpllNVjVIUkWnSIQkLVItEpoEipZAohRLVgKdpPQlqjb6vzbjZzmYLKUBhO8exFKUVpZSinHIYRxSzvleoRC0qDpUIlXCmhJ1Og3JqLaeiQLYcihQRpURIYRGKTCfNiaKUorSdLjWECJWgOZDIpsCE25RuEcJElK6vXdcFslIqESqKlkkbHTHv+4gyjaMiFIooIWVmttZEy1TKuITc3KapllIiCCmpRQqmYd1I7IhQqNRCZhsn5HGw3Qx9P3NiXCICur4nwnZ0BSFLBUUEqlEFmaSztYadotZqGNswLAdFLQo7o8Q0TlOOXdeTlkokyUSUrtRxmmSEQqEiLCRhTKbHaT22KcBGBLhlk9R3fbbMluvVKlurfR+llBpTmzIzIjAmiTAoyVBrk1t2pTMax9EQpZQSguZU5jSNCgQQzmyZUSJQKZEgy0JRJEUpEZJZD6OzKcLZ0mk7W5tyDIVCxlFKEOApJ+OoIplaK1HtCYgI2eAoVRZhUIkg1TIjkBRSQ6WUflZLyAZDeFxP/XzWbOwSkqpEikK0qYFTkgkpMbgrvZWYCJUopUYgZ5tsaCRJSlFUbHKamiihQLWrmdmyZbYapZbS2pS2M9PO1hpZkhKl1tqyNbtEKGLKzDYFgVxLN7U2DUNVsWJqLSRCTjWPIgKN44gURULGJUpEwaDmdGZiGZdScWaakNtEmJYNg2w30s0yoK7raikSxmlUJFEiENlINzLDGaWWWlo2tymidN1MOMlxGkJBRJuaoNTilmQ2WwJIYrU6clqqtaslqt1Mk8IgKadpGkZshSSBQjRyWI+TrVCUghJVldKmqU1TREHGbmQQgRAydktKBG1qpUSNsCzLkbadhIhSolaVKKWUCGNKyHJQIiyX2nW1YttkprESFUKRzlpqP5u5uYVLLbVWheRUiYjiTKCoEMo2Sip9F8HYchrGEoq+b20cx7VSta+1xLgeFNHVCIWEIgAXikspQnSlIpAgpjbVWmut2Bjw1DJkTJLZ0iS46/ra1QncTIlF37epLVfLvs5qkdSVCNu11rYeDg+PcApnaxERqsO4aq3NFxuZzsw2maCW3jghwggZ3KwQQq2UzqZlU2iaWgSlVNyIEqGWzUjO9Th6ailam7Jl19W0QX1fpgR7PuvTuR7GUkSyWq9UaleqxDi1zFa7vtSulNKK3Fit1wZna7IcrbUSGtsUUbpZbzuilAggm0MVPExjCU3NJUqiWqLvur7rZvN5G6fmySad4zCoRKnFqbENs65XBFYpBaJElCLIafI0rhWazRdA5lRKH50VtWUqYl77oU2lRETx2AjVCEK2lstlmybhiALuamfT3EDr1aqWUrtqsJGYzxaWjo4OnT55/FizWhtLVw/2Lq3X0+bWZunKNE21qKsdzvIRH/oBiEAy/Ww+jCNOScv1OkARrbXlwZGi9l0dx8m41iIHoqt9qWUapkz6eVeKxjHHcWot5/O+kcNq2NjaFOpmc5yHqyX2bN6XWqdpmoYhosiOoPadQuM4zmcLVRWVTA/DUEpRrYJhHGrXRy3TNKxXQzefdbVma0i4WaWW4lCI2lXVXrhNzWnjWd8ryurocJhy1ve1hIjMNqynYRgUIam1JjGfz1RkU2vNZqNZ7VNMw2hcu1r7vkTYjKvhaHkgFTmIUgKMJZXoorbWxvUQdKVWk9g0r6epryVKQJnNZl0tqEQocQkkatSoJVAoat/JzrHJdmba2SZJUco4DERxprLV2quEwIquhC3btXSSpjZKhDS1qbXmnLAkjdPY1dqaI9R388xpSrDsLKUSchoVh0ARgRQKgtaap7QotWJjp1PILZ0utagEkluLCOMIZWYbW5QSIopKlLTb1EhRSq1R+zpO6cxaIp3ZsnZVgKm19F1fok4taYRCpcpOuytVUmaWUkoUKWxnZtqknVaUNNlSAERIZtb1qHQRlmSpSMZklKKQEYkC226ZQiEsSUKhQG0aWkZWBYEbhBUhI5RCuOu7vqut2c5MECGFiqVaItPT2EoQRBYpJOMEJFIlJBGUUiOEwIGNKKrjNLSWtaslwsjOzEy3KUcSImrQbIAgJ6LQ1Q6pTZMUCEKWiiJxRCklSlRkt4xaaWMam1CUEoogoWXtIijGtVaaHZRaQpHI04RQqSEUFZlQrdFajjYJbihKqUhgh4xriShdMmU6EKFSShDghqsiQsjj1Ib10KDWaqMgVEopUeRkGNa2Z32vUmRsRy0lusRhQWJNbWKyQoFtTdMYEbWrJG0cW2aptUgJCqZhWg9TZEtcFBbTeliOQ2arUUsppSvOHKfRKYkonSqhqKWoBMjOsU0Kzebz2lUVMBYBCVNr6RZCKsIibEjSCbaQwAQRUqnFeGqOECbCoaDUbJk5RZQqla5mtnHKUmotJZ1tGqPUKMVuU3ORbdJECYog3JqidqVKhrCiK0rU2lBq7Wd913Vd30k2RETUrosA4SylYGy6vrQ2TmNGDRVN05jOWrrM1qYmIESqFBFMQyOQhai1SpEGLMlpZ0rOBNGXGqXWUgHjCEXIqa7WUqqMJEkRypaSIKZxNAiHKrg5i4pElLBEpjNLlKhdLSJKLbXUgqcogWVSKFRKhFuqBKCIUNhZFKVEJhHRWquhUit2KBANk5QSU5taS6kAlmvUElGjRJSulFlfZdLZdf1sNk9nNmdmUSECyOYps0QoAqOIgqIrtXQuOHE6SrFTKUWpNRQFWmYTEREWXRdd32ebUmSzW1OU9XoQLqXYKJ2Wwm4JEaEokW7Zsihsu7WIUmoJypit1BohGxE1gigKKRCSrFSRSATNSVJqFEq62UTUUss0NdUIUWoQhUxZXd/hqLXU2mXmNA5TpnBXSyl1ebCvKBuzWTfrI5SZrWUpNaGWSLtNUylRSgARMkiRxnaNrpRQZtq1VpGtudaqUnIanCIN2Ew5uLWUEGlqSCVUSsvMljVKKBBAm5rkIk2tTVOLUEildqWUQCA7Wxoj6LouncQUrhBTmxR0UcaplYhaOolQtNYg+r7aMblFkZulqAqhhK6UWd+jtFOldH0fJTLblNnNZhEhaHZOjQiJUso4DQhbBinItEnTFRElM5NMk23MlpJCRREiINNSSGmFnc5s6Wlv96CrHbVkmzCIECVjPSw3Nrc2tzZwa1P0XW1pRelqcVoCkUntag21lm1sUiGdRJUy5GaghJwGN9zXznI6Son1aghF31UUWCVEUKN2XdfVrkYo1GzJNWqzx3GUZaftUCml1BKS5ECUUqZpHIe1rFk/QxQIRSnqQrX22MN6VWrZWCyEpmlqbTLq+3k/76ZxatlQRNdlm7BL7TCSbU/jiFVqlYCoXSc05DSux1JLDY3DiD2f906vx3WmS42udN1svl4eZrrvZ7O+a+MAtYSyNeNxPUgRdobJxGQzxW3KUnB6mNZpIjSOY1GMw1hLRO3Wy/V81i82NklK1dFqyeR+Mdvc3Ap7NU6zvp/P5ovFrOv6cT3UWmtX7Wyeysd/zIfTcrVclq7rZ3VcrcepTdNo27bwNE2zxWIxm40t3ZrtqbVSgmw4E2rEcr2OiGmYum42ny/W66NpyFrKxsaWk/WwXMzmKNbrodYaQZvSuOtq7YpKTM7h6Gi5XoNqKcvlqo3DNDUFXe2ncUQqUZ2toIRSI2o/tam1VoNMZJqzIIUi5JZd6VRUohBIoSIpIkISitIJwriUApIAC4fqeliP6zHCigJu4wgYOVSjlKKIWE/jOLWgdF2ncImAmNqYhrSx7allrYHUWgtJIYASoRohJw0jcpyMI4ooiUutXa0tsVNGpZa+0ExIpXS1IslkJlC6kq3hlgBuLe2UNOs7IodhbFMrtUzDUGupdVZrb0CESulKRKDMdDqdIt3VKmEUxs5pmgwRQrSpyVaJKBXbME2DUxGRbhG11DJNTTbIEWmDgMxWa9/Cbk2SRJSwWnNmywgZRVHiQIoSQcvW7Bql1FqKWmZIpash0tmmKWoJaRpbs0laSDa2M2onJNu2UbNKFMluzloqJTI9ZQuRznEagRC2WmsqgLO50brohLtaI4qxImqpBje6vgPbRqUrhVCiUqSQUuM0ShERokVUlZrTqBIRyrSKau1q7TMbptaKQAFg48xEIexmr4dRIqQp020qJWyBIpBBQtAcJWqJKDUIixKqXS8ThZYOEV1kOseUlWnbErbBERjcUpKwFF1faqi5tdVQu6ISiYuiFFE7Ty1K1G5mp6GUwtQazGa1hNrUImKapooiSBCJyJa2lVkiULQ2DcNQShFCkm0yJLuBo1QFSguclhUVJKfTzkxjFAoMQlFCCgDbzS0NbnY4U0KqpZokoitdkjaZrdmziKg1W3PLqbXWWulqqESNWopRV2tXe8vGnly6iBJRi6SQBM5QRGsOqZaICHApJdMCpyOKQopIp5vDnuxaikUoFJkmM50ZjgjVWRcFRSklJNUoKiFkpZLEtZSu64FO1aSzKSJb5pQKlVoTk01EqdVWaw03230tpas1ilDaU1sL2YhnChWFQuGQ06FoOUZU5EzbJl0iUCiiFEkhokQtRQHjODqpfZ11fS2l1MipJSnCotaSkFPL1kBYrU2lr0FkTkVSEYA05QR03ayWiCgKp50mSpAZURVCgFWjlpLZ2jhMmW7pGtmarZBaJqJEF0KhbGQ2AylJEm1IhaLIaUXBibNGNQYU2GrOUqKUIkuyreY0LtLYptYmrGkYTGbmNI6EagkUAYkbIE2ZmVNEtNZac4mIEhGlFCWotSiBo0hAkmE5CMrUxqpQLaQipFDUSjZSUUrtertN01SiBkpUQhGBBMqpqZawIqpKttZQ1FIQiMy0TZKSrcQpSg1lG9vkNEh21AIZEokthJMiRY0SxZkRkTQ77ZaZiiJ5GMcoUSKAaZxyylqrqkRIQrRxGsbRzlJClkmIcRpD1K5X0JqnsaEsUinVmaQx3axOjWkchSJKGuza1Sgh21JEwWm7lN6tZWuYUus4tZRrLdk8Zpv1s0CSS1SDDKB09NUtTULYGSXcsrVmXGrvTCTIdLapgW2ytQhC4YiadWyjPWVadqIStrGNoisVqbnl5KQVqShMApnNJoKcWu1Ka16tV8WU2vWzfj0MQcwWs2G9btlqVIediZTNkkQBsllOm3QrNWxEG5sjooKiSC6lqpRAxgocyta6ruv6+dTGbK1E7bsuA9K1VAnsYRxLLa1ZtdZSbEftCWb9rO/6NrkpUQSshgkamaUUoZBKUamxe2lXuJZuGFcJpQZYppZiXKSu66Zs0zRJcpqg7zeSLKWQDOMwTGNLgGmcMu1pUlBCyLPZrHZdayNSy8zWFKWUGNbrzMyk67oIpkzhUmomKqV2FRnbdsup6zpbSKWEFNPUJGVmodRax3EYhnU2G6XcdV1XOisC1UKJTlZXO6FhHLrad7Wux7Uzs1lonMZxarWUTJdSnBmBFMvVapqGWqsI0oro+holSu272gMIT5Y8W8yBcRgjJEWmQ7SWUWpIy+VRqTWoq3Hd2tSXMl9sYQ/T0M/7aWpA35XJLoGEFBJAUS2f+NEfHjXW4ySMaeRiNqdEV2sm62HsutJ3c4J0g6yzWpFCza5d6UsZW8tsG7NFyzTkNNWuH3PKqZW+OKdpyn7W1Ygy60spbul0KYFiGMYaBbwepz7KbD6bxmkY12kUUaNE6OjosDVvbGwIhmkMEdRpGqF1XbWLiiCrSraMCCnSGVHBoIgSUWU7VUoplUyHImqpKl3XtZYhq0QpNclpGEspEcXJelg7HV21PY1jZraphWqIWT/v512UIsmS0+PYELUWhWzVrnZdbdPYnKEopUrUKIoyDis7S+lKKSkV1FApTK2BJZopVZDTOHnyJCunsKLWrlYKbg4pQmSmA6g1MImRI0KSHKUUk+PUIsps3gNuk6JkthDZMpujqyKiRtf1zS3HRBI2wihERhQKHUEohEEACaIrNUViGYPAgewI1VqlEjXs9DC1RFKUkEIKoWxpHETSZCIUpWBZClCUiJimaVitSleFlqshnUTYRJFUppwMwlE0TulQV2Jcr0H9rJO6LkKKMadQadkMzkQ2yLITq9RSokwtM1tRiRIg24ootSgIhXEAskI5tVCgQJYkQtAy29QUIdkAktXN+ohobWqGJKHWKCUUsmnZUBSUtiCNIkJRFM0oMzOVjlKMSykRJT1hl1JVi4TdZl2fbkPLWrtSa6kFIwVyy0zbtlRwYitIuwTN4Jzc3BAxTUOp1dYwDekW+NLuxUsXL2xsbKEYp6FEoZbW0kbGMlItxURLp8egGFqm0sZd3yU63NvL5hp92rajFhvcLCRKqYpo2SK0Hpbr1bply0zJmZ5y7OsMuU1TiYgSSDUKYmpTUfS1a9mmccKM09haG4cBldoVkxElVFUCp3GU6mxJtqmFiFq6rtS+k2JqLUopNUrta4k662oUjJ2qRaGQRBhHjVBprdkoAivdQsLNEKU4VKKAsqUkkyjsZlMiJJotXEItHQhUpCASS6QTu00ZpZSIUkIQVuJMlShSVIUVgnSrXSdpnEaD5VBkTq2NUomQTSgUZHocxyhRSgEaaXscpwjVruY0kU5IN6cxOMhMNDmlcGYbpyjYhpSKhEoRKKSIUmJsLRS1C1ltaikLklDE2KZaaonO2dbDukT0XWdBtlJqjRhzdLMiMGMbURQVu7VpMpaUmYGzOZ2lhs00NdMChQI0tTGnVkoEiiKuyIwSElNmZms5SVGiCgKSTDttKJKiQAhkJxJRwG2agsx0VQzT0CYrJKdUFAUztdFJP+tCoa4EGNeuB6+HSVKYTJVax2FUUS215bRcr4QznZm1kAZLoqVbjm2c7HRm7TvkEhUhKQSlZDaj0kUoImhJTg2nAwlFVEXpest93/VdZxKyTWmplBinqU2tNU/jetbPooQz5Wz2NAyyUSkqSBiBSmktUzZpXCLWw5A2kmnOpsBiGqYUipACALKBHKXWiOa2HtZudjYpRBtay5Z9V0upBG5paTGbuWVz2kCEjGPKlh6zudZCFdBaU2bpanOGQp2qo7XWWhuHyWpKiVIKo3O9XklRuioRRCklJLdWouLMlgqNbYoSEiQiWstsqaJSSinFUimh6OSGEFIEKUQpJaJAAkSEArm5CUrtBFNrUWrItRRQiYgITJumEnS1cwQmwIoaiihHR4eTW1e7sbV0IymhWmo3mwM5NSlqLVGKW8uMWiMM4aKKWtqlFkUBywKiqCvV4GwiKEHmmK3UCHVCktNuOWbmOE44a61CJaL2vZSJsN1atpxvbpRQ2qWr05QRQjKU0oU0DqOnYRjHKXM2n0eQmSryxN7+pfm8n/WdFSUiopNAUao8pWUpQrICpyRJJmmeMo0Ry+U6p3XX1W42q7XaSAGaWnMqIoJCoVNt2aY2TdPUd/3m1sY0TRHRbI+t9NV4XI+Zre+7ULRmp+0MhbBNLXU1DjhrrVBMhoqURaq1dqUGpDEghyDKOE5TDlE6cLZWo1oUNI5NVZQiO0oJEUUh22lFP5vLUSNUVIqkgjSla+3A2VqbJkRrjpAJO6Oq1np0tBqGoc762XwmkNTX0i0WmDZO/cYiM1Nq07RcL5XNYLdSOtttaioChtaGYSJcPvJDP2BcD7WvmxsbNsv1snZdKMaxSfS1C6IWObV/aXe1WnelM5IiVNo01TIrpQQyKlGHNmHVrttcLKY2DsNkW6E0ilKjjMNQSolQtjxaLvt5P5vN1qv1rK+1rzm4m3V91/ezWU6T7YjS9bPFYm7b9jhNbT10fdfV3pktQSol5IioQxskVALL2aJE1/e0jOKWXg+rWkvt+mFYD6ujacpSC7LsEp3E1JpQ33dd31tOuyuUviPUxowIlRqlAJImp6RSAipOSpQCzRF1GkfbXRSVWksxZKKCpPUwtClLrbVWhUPhnKZxLEIqEcXZVstVEGBRIsK41q7reoui2lprmSEhWjq6IrtNWWuHouu6ojJNY5QoUdJer1bpVruutZYtXRS14Mws4KhdrX2J0tqEszVKjVAYQ6ulK1LiKDJuLRFtagpqqZlZkCMkTdNUa4miJHMyzlo625nGSVHXdRGykaKl7Syl9LWCooQcppXS2dlaKxFIpSAUNcZhNHS1tGxVEaXIKGopCiJQiYIcUi0xjFOolFpaS8mYaVyDQuFC4KJaSmnTBBmqs1mdJiN1tUA4MmxFRChbppsypmkch3FK05KiaRwjSqnKzDaN0zhaUQxRaq3GnhTKMqu2BU6mNkZEBG5OPLUMFKWUEq21KCohEeBaq41EqbV2vWCiVUV0vZ2SZrM5UbCdWaK3tV6v25QlBGq2FDgdoimEJNyMu66KoiBUFAiRdoCdU4taV+PKY4so4zgtj5YJi82NdAhFKU4ys6ullJJJVW3TZGUJhUpAiRKhBCFZTg/riVC3qLSss75EIEUIlOnoalhuU7ZpvR4zs0aEqkK2DVJEFCtKKCgERcX46GgJms3nwzDQCDG2sdQ66zqFnZ6mVkqUiIDMxDYOBbAexpaTiLFN6/UkU7tOtpP0iKO1NrUJXGvFSAals0QZ16OEoU0OQWSmLbJNlpzOcZrGZrcIOR21kK1NTcLZiCCFs3SdbKKUUlpOVhYVoCV2lq5kU3M6rQhCWHaWWgXNDWRhaRyHUPTdrNQICgGKWrvWWkvXqAhFRFUtXbYGOJMkpNKVOu9IWShUoqsFIQdRVUs0O6AWKaKUEhGShAiRDOMgVErYkJMt41K6EOM4lSgUpnFqw2hwtlpLV+s0NnApJVtObYRAyvTUJkm1dG45tLGEhFu2Nk04alVEdQlLRUpnREFar1fTNPXzfhomIvr5rEYtJYBxbKqR2Vprwi0dRiGPLarSNFqbplqihECCaRiRoqiWWgI7BVE7ZxJEhCIipBCQmZJL6RRRKKUKZ6ISATmNGbXrirJh3HURlK72xqVqWE3TMGSbpmkq/cxkqV3Xd8N6AEpEy9YysWqpSNkSMMi2PC7XbWrj1Nbrwc7SRy3VqZZJWiVk55TTOEglImwTppkkp1RVhIMaNUoJUDYHjMv11Ka+n/WLWVFNTyWKs1lZooD62iNLUVBEtJYOu2kYxpC6rgeNw9p2KSXTtQQKQ0SpXVVElMgpU9TadV3Jlm2aQkW1dMQwTQldKaEQ2Vqzm6RaOzundFERUSSHRISKhELpBE/T+ujoaL1cdX1fCuPUJIoioigUlmqEFF0hyWmKWgASisIaxslupUTtakQIBWEpQqGQsMHU0jmbhNMIDFKUsNNOQoVQjRIxTKNM33Uq1TC1qdlpS0hRFBhBc8MA6+XR1DJKgLp+JhQSIfDUiFBrrXRFoTa1nLKWEr0KQURrbplSIT0MA6Gqmm5j5qz2Uco4DEDXd5ZbtqpAkdOErQin2ziFSi2lRCBNbZpykgAym1Gd9YvNDWNPXi5Xh3sHXddNpFtDlBJR6EotXVf73pndvA8XoNQyjiOQppaulBpRS4HJVmTLaWqIKJG4i1JrNONM2y0nm652UUKodKXv5zVqmhJSRDqz2XJVJVQjhjZ2Xe27GhGCo6Oh1hJSSEjAZDbms9L3U7ZpGJtTpZQSR8MRyMF6WheFyWn05mJucj0MJvp+ZnIc1pm0HDOzlhoKklprJtM4dH03m89bG3NqXd/VWVdKHcYh030/i1Jby2lopatBTNMge3KuVqvD/cNuNutqdWvDOASR5DRNFhFRuqB5aq2qpnMYp1Kiljqrtaszk+PYbI/TVLquUx3bNE1jF3U26yOq7FCJrk7TsH+w18a2ubEoinEY5v28fOxHfUjXd11XatcZMj2OY60lIhYbCylXwzozh6lla1vHtkMRYpxay7HUKjPl1Oyu1FKCTKT1eoxCs7paNxaLtCVqxOHhchxWQLrNFjPbEeHMcRprrXZpbrJVouu7IllSqEQkPjpa1Rp91wNdV5NsU6t9rbVv0zC1KUoognQoohSJaRyzpVFLcOtrH0XDalCQjVJKrTG1sZYOPI1TRKk1pAJ2ZimllK4UZZpQkbJlkdxQ0ayrEeEpp5ZRS2abxlZLBdeuOltzKqJla1PWiNJ3LQmi1kjnZMahgadxrLWLEhER0jS2cWq11FqKSomIKafWXLvappZQInA7OjoqUeps1qbmpHYlJ2otUTSOU8usikxnWiXmtS9dZyNFKVFVVEqEiNLVkIqdOBWFIEAlWmYQlCKR6ZYGmrOqUoSRIlCUkGzAFsKekhIqJSKKg6ISko3diFJrRXamW0ujEtilhAKnESVKa20c1xHhbMM0hWiZEbXrulq7qJJDJIEcRLRpoqiWqigJgaSopaSbjZVjs5yldn0UA07VMHS1l4IShXBLiqc2eZqi1CglM8GSDBEBjiil1lq7iCBp2WgpRa1dqUWSbUHUGtgRUmTzMIyEi2opJaIInASkspZunMacJoNtpDY6CmDSiBK1dOHWIiKEke2ikGitOa1CEQGEo9RALZtbIx0iSrRsgSZb4aAbs6VdSwlryqZQrX2zhbpaqzTr+xLR1djc3JrPF7X2USIUzdjqSikUlQghKZ2yIyTjNjlKKDJHIwJQndXA2YhSIpQJwmnIiKi1unlsDbSYLeqs1uhq3yUZKkLpVmvX19JscAmth/XUphrF4ZzSdp2Xru9DUYIo0aY2tZYtu1qNpmwRRZIgVCgKW5KiBF4tV9M4KIrBco1ewm6l1K5WRQzDACqli4hpmiKKIN0EddZh5TSVGtOQzkxTCrVUkFvr+hrIaYVAEdhK3NUuirLZzpDGNrb1JIlAQYkKtlOKwCkwza21LGDASgxIJSJCUkSSAifZGlIYSYSETbbVlHapNWDKFlGi0JUOy85pnNItamSS2RDYRgiFoAgRZMt0giynLaLWMM5MECaqqmJqKTlq5NTSrrWWEl1XErWplYi+dhkNVbuBSi0i7HQYU2rXKZCj1KDMui4KRsZhZKdJMuyIWK1W07iuURVRi4qqilvi5iiqUaxwc3oiopRKyHbUqiBMa5lAy9aypaNErbVEtEw3K2QEdppMHIbmKdOhsN2VkNRFOFtzswqZmQgHlFqCCq3ZOWWEJLfmEqWrodp1tZZaQmVsUynVdo0iFcttzJBSUolxGNMORE6pCEJhpDZNKtHVSkubqLKsdGYOLT1NQxsDRRSUpdTmjFD0XZgoFYXSBkChUJR5qaVO0xRAIBlkZyikgtP2NE3TOCpUSpEU4DQhEaWEkApCbhbZmiUht8mCtD2mQplZikqtocg0NYJIu++6KFGjqkRmNlyjKpBKrR1Y6XEax2kqpUaEATFO47gebWrta1f7WV+7YgUTinBrqgU05SQVk25KIFRrIaSiWgqYdCIMqLUpMxVIANmyOZ1EKAGEEDKKiBIl2zRN2dqEhaLWWI+j0/18hiUraglLcqajhtPAMKxaOBKi9F1pma212vVdLaUUnKQn42xFkkst1fY0Tniqsz5CbfI0JShCCrK1zKylRBRkmzDOCUVrKVNrndI5Zd93mUmoZTOuUS01j6WWqFWlYOfUiNKpDEObpqFGDXsa2uQMRRun2cas7+chjdOIQRBqU7PbMAyzfmaR0wQqNaIUSSolhELDOKYzUHN2tZTaZfM0jOlYzHqnM1Ngoiu1lNKau1ntSudGSs4mEZQopRTVKFNOy+WRMFbXdYKxtYgwlFKMh2GUqF0XskrU0DhMw7hW1Xw2A7cxjdp67GczpL6fNTc7owRJlIgQBqtElBK11FAIUkZMbZqyFULSNLUph0xHLWROU6u19F3fsrVp7Gpf+yoRjtJ1UQBhy+r6brVajuMUXUTpS4nadYWwokSxm0WNMuv7vqurYRzGcWzTOKyHNuU0RSm1dqFIskZkUErU0g/TOE2TzTSNfSmKElHWbWLKWrvyiR/3kX2JaZxUAmeJMo2jgr7vx2FYj2OJ6Oe9Sizm8yiR4zTZCs1nfZRYD6vzFy7M54vNzfk0tTHbYj4PIdTVEkWWBF3pW0vRiBJF2RpQBFEymxQlSrNNTlOWEGBRu67UcMby6KhN02JzHgSKaWqZltT1HS1btqm1olJkU0BFIdTSIiQUpau9QsMwtJaLxVzSar2WQYHdMg0lZJOttWmIWhPaOEYJWVEiSrSWtYRKZMv1ej2NY5RSa0RhmlprU99342pUCUUBAgl1XYkoKDJHQtkMKhGi2Yno+lkpRYqWqaDv+ghFVBHZWu26Wiqk0+v1sp/P0hJRSodNpqRSCigzBUCmS5Gx5YiQEpFTJg2HSkgF0i0TmcQJERGBEyIiW1oRIkXLJoeCqtKYSlTbYCSTtmQsEstM0xRCURTCtgGQhmlwa6EaEeFoRpUI2XISJSyP41RKRKh5UiCH2ziMU6k1aqRt22ZqwzRlm1IRJVxLESbUxlGZmdncsk0KAQJQLZ1BIm1w2qRaa9GFMqIUCmnXqDYRodA4TiVChUBdV1OqUtTAdtpktoxa+tpFKKIgsBN7apNR2C2nYcDUWmut2ZoCK0opAhRktmmaskUUReCWZEQtJcbmnJpK2GDSzgakCBTgcZoKIiKFSqm1x7ka184WUVCUUpyexgkUotYqyGlC6mtHUZvGyfQ1QmrZFNF3c8Q4tNqXxOujdT/vSp1JCpRkRExOt1aiZKYhs0GUUkbbnrJluoGypVAJZUbmmLYUEq1NmZmm67sw4CIiImpfo6pEKVVIEaXIDUUolMaZJo2Mu65XKNukUjINKDS2NCikKBFRayd5HKbWxhKBoslKFCql60ohiK7WrnZRIkpERIkQSQah0DiOmYkkLGFlrRUHzVFqqIQSOxQKCdlZStd3nSBCOTVFoahBiWJLoVB0XckmRMvMTBs7Sy0QtdRSqkSNmrYNBkRmEFO2cWoqIhOFsrWWJSrBuFpPrWFKEZZqkSSM1bK11gy1FIhQRCjt1pptp7uuC8uOtJtsQ2Y2lxJOZ0uTipItQQYpcppKiCjYEaHEMg47p8yqUMQ4jCXUdb0KyopzGMfaF6tkcykoIqQAhSRhIEKKWqapQRAxtSkdtXYRCCBbyyIyUxKqpdYapbWmGiVqWoKQVWLKqUiGcRhVo0YnETXIXK0HYHNzM4qm1mqpCtVSM8cp062RlFqwbYfUWqqoSKQVqBQ7o4qJJKMIhVPKZrvWqhJOqyhKODMzuzobx3VrTUSUElFrVyOKJGyBsyUuJUqJ2tXoetkBkkoppZTVsM7MKjVnRJfOAv1sPmW2aUJ0UYlo05iZfVdr1yFBOjNhHCaFqjS1lI3cplRxNkeUKKq1A7VpQgS1tQQShySwkZS2MdlM1BqUEiUk1RoW2bJIpVYrahGWkCJIC5UIRSBN4zpqrbVmZnOW6GoNQHhcjxJp2tQiYt73QWALkjQ46WtXa023cRxLiRIFkDD0tYsaoRICgdKo76obTkeQSUSUUJFSntZTokAYSaWWzGzOIoXkVO0qiaUIYeOMiKm1cCiQIKRQjXBSu4pFGIegdCXQZEqRbQUQUSKItDOnUroogkASLqWW0tUQGKK11jJpbRqbatd1ZRyHZkuqfS80TFNmZptKKV2tYZxEX7o6a262u1kXJZotW1EUUsS4HkpXhKepGZUoQGZKiFB0tZaQilTrrOtqQUerI8kK2RBqbqWUUkqpAR6mSWBbUlFMU2tt7LsOxTCsc5qQhbpaS0hWg0oolC1TWsxmfde5+XB5GNLG5jydw3olVKJGjdqHbbestUxu43qYaCGJaG2EJFVqSee4nmpXQzgMMi6lYIekCHJSFKCWamlYD1FLLaUoolYJqdRaa1drKbUWEMmU4zhmLepqMRGKAIjERTIZoeVq1VorpSjqOI3raej7HhjW69p1EMK1lGbRppZWCVmZibyexuXBcpymxWJDUdycYjGfS5rahKgqma21iaArXanFwThNtdSiaiWWUK3R9YvZbGacOa2GdSklFHa2nKaWIaJGrXWxsSXRJoNmXd+c5RM+6kOJOo7rWquJdPb9DLRards0rlfD1taWW5umVms9PDyazebGtvtZH6FpalG7jb4fpra/tw+5fex4iTq2KZ2KOk2j7bSXq+VyeRRR+n42DsM4DRGz2aybWkaUCLmlFIRKiXGcWsuImKYps7WWCgiHSnMbhpUUi/kss62ODlar9WKxYdmKTNs0NxEKVCqyjEI0O7Nb9CEJtWy11FJCqgFdDUWdnOMwRERXuyTHcYjalYhSiiQInERgxtbIVCmllJZ0fYchVPtaokQUyzRbSDG1qQgmK4KQnIqur3WYWo2qQqhaTmfLVARpBwjLRK0hokhhu++KHF0tUaNNg5NaSyYl1LKp1ChBS4m0S4n1ajWOgxOwk5AKYRkVJGeiEJpyAqFIm5YKGYdUUChqF5Ja5jSlpFJqSJlTaxmlIAUqIUJCBnBI09TcmksUEURKRWFSNUoJIYxzyrSitHFqOZooIdJItZtlMgyrqCUcdgNKARWs9fpIhRKVUiI0rNfTeiylUwlnAjYlhFSQSvGUUzZnU60Rai0td7UKZ2bmNE2tFIkYp6GNU0RIgZky0y41QjFNLVumna2VWmrtWmuEQnLLdGvpKbOWKFEiCkWllr6GoozTNI1NEcJRatgKRUTf932UFGSLUiWRuKXJNk3jNJKJpLDTUaNICW0ao3aBsrVxGEpQu440pcz6WemKEwKJKEpQiqKopYTG1sap2SmjErJC4TY1Z3qyTGq5Wo2tldoTytGEaqlRS5vcskkFKUIYIlSijaMQEV3pIiJKGEPUGqUUEUE4wW7OKIFk3DIBQRIGsLOFIgjLJWIYRkMJTVNLqLVWAueUjggp3NxydDMQRQoyWylRI5qFpyldSlgmkWQjZSgS1zorUVJgC2c2KSKKSiFpdlGUEiViahTFNDk9OoSxcJLZWlql9n0HKrVgt5ysCNEysWSMIggpFFCSDFFKlRQSpSCMSwRyS7dsU2s2pQROJCKKlM5IVCUJZBy1BB7H5swSUUpHp4ISsAmQokQtkXaEkASE3DJbs1upXdQSKhJhKSiKKEJRSxURNQIys0REKYGnTDIjouUUFGSpqNhN0UWgqaWkrnZC2DbgKJqmbDkWKU1r2fXFxDRNY5uilK6r2GlnZpWmNrYpTQIy2ZqELUklorXsa3Rl5gIRTkdXbJMNlRoxrCcrwUiFcBhTFekch6lN06yftcwwUaIUtam1KaWAqF1FtGzYpZQoCqKlFUSpOMdhkOowrI9Wyy5KKUWlE0bChAoSUmYmqrWgEIpAEVE75Gk9GRQqtWQaXEq1ENHVItNyApWuk0JyuuUwWm7TVKpKhKJYRAnENGTUCFApfdfV6LK1bKlSEIGcrUaJUls2O23s1tI5Za2lljoO0zSOJmd9TyhNQEQoqmwTdiu1oKhdzWxGnaJNjlrIFErSECrOHMep63qk5qZShBRYEWQpgUQytrESJUhTanHmNDUHSrechGwnTONkAktFQOlKpsfWcmzdrFMIVLvqJIrssJJG7apUIgIpp0lhqRAKRNE0TsM4ZWYISRbIOJGUgowopQtwtowapDKbQYTdUKAIhbOFZak5MVGopWs5We5VFcXjlGRgpzM9jpMKNSrpUqIQLTOgAVBqWOmGsZ0y3bwvUaIrUjjTiq6rXYmpTevVUEtXaxVSqGVOZBeltcnOUgrNIaWddi2lVKXJaeq7PpNSo0QoBM60VNJJm7CNnImV9jSuQIvFonadJTvbZHVFSTrHYXRz7TpL03qELKWQdPNe9jiNpeuLtF6vs7VQJG0cW8vELrUqQmCMM9OL+bzr+mGYxmECSkRmuqUiVCJbYookRUSEABkUBSC9WGxEqc42Tq3rO2eOYyuhUurUWuJSqqd00epoObXs+tKXrjmn9ZjNfdeVKBTbyimztX5WQ3UcB6dBq9VqGkcjkRElagXZzuZZ19da2zSGoi9VVteXWnuTZJsyS9RpHJfLo5DSrU2tlBq1FEVzs3PezyJwRC2llEg8rIe+64FpbKQzp9bSThFKnJRaatcJI6KWWjrsaWomc5xqN4tSkIVKxLzbKF0cHh7llCWi9DWCtBHl4z/6w+2MUtxyatnGKaKEiKJ+tuirStdnyxC1lnRK1aRI0DS2jc35xnw+jEPLtL25sVW7Ynk5rCKz1G51tIxSVOhq16asfa1dV2uxbRGlgkst0+RxGmrtoaEYhnXt+wiODpezfjabzVwkK6LKbs21q6Fo09RaRmix2LARDtWQa61kCg3jahwmnJmNCEin3CYFpZbazfquTlObxkFRuq7rSomi2nV25tQiynw+x7RsJWLCdutKLbXra40aILe0Rylms1mUiiwiSWdKsj2OQ6Bs0+RUMO9nLVubUlUy0feZzZ5k0RKHcEunkyCTaVpjhIf1WkIKi5CELZWulFKFUwbVUtKNUGYaQhG1tpaldPP5rNRauxoRKYdUpIaLkEoowJJsp127TkKKUipFU2s0R1HtuqKMCKw2Za3VzemUQhJga9bPDBjLpZaQTChKV6K5kQgJk7ihkILWWnOTI5BwhCjVbZzsrtR5t1CHXKNEUYmQQlKUUiFFRGgcRiv7rqu1ooIi2xQSEZJMthwVBavru7Cas0YV0XLKJHCmZUcJglCU2uGW6TY1O2vpCY3jWEotJWpfI8o4DFNrUomIJBNBCtVSSyklQoREJukJotQiEDhJJ1apJSLGHLNZIjPBhCQZQmqtAV102NTiluCIYhElhGSGccRWRKml1i5QG6dsGTBlIxNFY3ITuEhpYwcRckQBSzRP2KV0oVCEpSilK53tUoowkFh2EOKykO0QEpl2qBARMbXWpikzJUvqSg0F2AJBuqsdkkEYpFCEW7acMqImnjyZyGzL5VHSSq3GNSJUMhCEouu7UmLyJFBErSUUTmxKVBQyCtXaFUWmbadBRImiaFOzUyVobZoaCQgkCTzlJFlSKWHSaeQ2Ta21UqvkzMRAgkrI6VIC3JxtakWKWpHsTCvkKFUoQkmbpskNSGEXeZqc2ZUuomS2Ng7TOHX9rK+d8DROBsnODIWiyLYtuZQ6ZSZTKUGJEpqyVXXpVOaUQ1GJEiFhIVRinEYyS63DsFqtVkbz2VwmPUWJaRwP9g7SWboOQJSuOnNqKRRSkdbDKpvTqiVMRAkhyCmzlogSQsIRUkSIZkcpFhEqyFIgGRWwbAspFK4KlVpllVKiRjb3fVdKDMvVMA1dV6KUYXU0LtdRwC61qobTJeTJ6VZUJjvbZEcp0aYpUO26gFJqyKnAkixUajUtJztoLe1UUS0laomQ7VpKURAKRwKyg1JrtmZnjZpOkYhApYTtCKXkbOmGaZmlqFIEDoASXY2wM7OVUCkVyClVFBHZmvF6GKbMUrqisOQ2gUPFNqivfUQAKjUnl6JQpbiWEqFau8CTW+IIgULRMHIoIgJhlG5CJSi16/tOodbG9WrdWpvN5qDWRkURZDLlKBRFoBoSAjVPU2ttGsHj2FprVQXJtGxTyxQgsiXZ0k0qoWiZtXb2FApnWpmOzKZURAARoQgbcIQA22kDJQI7Wybu+66rHWa1Xrm5dmXWzdMOchpdanRdbS3txIzZMH0/C0VrY5rWJpxRu64GiEyVwJYUirQDTLQxkyZCRkWZrUSkbdGVKtFaZlBDQumUit2cmS2tiNDklInSIdkZkjPTTmdEjNOEspQSoYgyDlMbm4sEpZZaC5JCxYzTVEqNKtlpWqPO+llXpNLcbEsRUcDjNGEiRFoKCnYTUVRwq6UiHOqippuTCIXUdUWU5epobC3d+tpF0TRNY2u179IuCqenlrWWIAiXWkoppasFRbBarRFd15VanEaBsYmotktXgYhaapBM04jUd7NpWBsUoSghTTlhur6Ikq1NU2ZrXReSWkPYqail1jJObbVapulqlUiUOToZ1kPgvu8zcxrHUAUrI0rUEpKdU6JaajpVQsatTa0ppAhlSFoul+BZPzOZRhHjMHZdV0oVOY5jlCigiGlqcg7TGCWOVutZ36sUk21qiduYglJCEW0Yai2z+YxEBRVNw9R1PTiQSogQduY4juth7Grt+jqMk926rmYa4ZaIiAJWURBjy2kYohRJzglFm7KvFUUbB0xETG1MANeuomyZoViv1sMwzuez8lEf8UGQtXbr5VoqtSuShYhSiyDGcd11fY3Scqq16/sum5JpGqe+dqX20zQtl+utjc2opbU8OjyQao2oXTcOYymlW/RK97UvIYGD2nWlCLQ8OqylRoTd0q6lKBSyiRrRJGdTidJ1tcQwTm1Yl67r6ywKLbM5+37WdV2bJkRmki5dgAJKLW1sEHU2q1EAi5a2G1YosqVtoeiqoGVrExGyLeyIEgGeWksnCrUUBbnW0pyllBoREeuxIVd1rbU2jC2bs01Tq12VQJp1dTWsQF2toeJCZsu0QCHbzixRpnTXlRpdutVagRoVCbxer4koEVKUqKWroZja1FrDaTubLGw7qaU6CEWEQoGRDGFaiZItEUpSDpNItg3OUqvTLR3CicKYqU2kJSBKREvcWooQtdbJSWYplfTUErmUELKoEYZ0a9MEKMJpoIQIrZeraZq6WV9LdWYtilIilDgIpxWalw5pNusN47guUShR5ExnpkJRgmQam5yllEyn1XJqLUtROsJpI3AiIWELXGsXYhqnUFiOqCUChVtLZy1VwaSMFrNZL2k9jgpmXa8gJCkQJKVgMo0zSaMIKbHTxsJurbU2jZMUJUqoNE/ZJpy2LTxMw7rVUO06JFsgh9UcJQKlCbmUqohMy0QtJQIpQlKUUIRKqWlkm3QzQgpn1q4HhtWagi2kGiWCUsiUlC1tESWkiKhTG3OY+vm8n3cktdTaVxucTjtT4UwjZ0uhrnatpTMDQWZmyGmqIkJpIStqaw3sdOlqKTVbBqEawi1TCgxyLbW1MZtDHoYRBKl0iQoyuKWKhKViuRBCkhBTQ0bQnEKEaolsKUlC4ZZJukSJiER2OrOoRFWtXdQik6QNadsQbWqZaees71Ck6fqqEHKJIKKUAKY2GUullqIokqbWlElEKSHJzZmTok6t2a1KoxMiUBBWNLuWMERUBTU67GaXiCgRyAYUJZypkO2uduREqnZ9KSUzbUKyEwDJUgk7W3MEOYEtFaTmMaLrahXCmZKgNU9tzHRfOwIniGlqmYkzSoe8Hoday6yvIJsITS2dLqEUObVMR9R0tpxCkTY5FTC0nEJFEtjNkiBwK1EihO1MCkXKsa3W69msL5SQotYaNZ27Fy9curTbdbOur0TYZMuoVQWnsEtIKgKVMG1yFhXVUiQI28VYqVK7Ek6aGymhUkqNapTONo5Ty6iBaemkyRilqVEiRDK1rF3p+65NbZxschzXJBGaWjYbImRZKjJM0+SWTpqtNIoowkrcTFFBAdQip4VqX2WyNRV1UWtXFEXOiFK6AlKiWrAUxrKpXZ/ZDg+XrbVau1ILToXsrESBKbONE05wpiNKqRViHAZFKKJ0tZberbWpEQgNq1W2LCUkZeY0pZ1Ta61lVUTtSGdrdosSMm2amqeudkZS6SIy3ZxdqVOznQp1URs2OBW2ItJTqcUkFCRFkkJKq5YISzWilMzWWkrR1Rq42a1l33fTZKcjyMyUa+0zlW3KhHCJEEIqpbaWCkqEVPpaFJHZooQUpCQpws0JCoFLqSIRNYqkdNqEwpCZ6ZQlFKXKrZRqW/Z6PdgutYZqaxNqQiWUSGiaBmwpopSIMq5H4YiYssmSFKFKSXDLKZVtbLZqLYphGKZpjBK1djYK3BxB7aqgDZNCpStd6aViZ0QppdgYSWRmJqUo0+M4RgmhdAuhWiKiqnZRcBpHrYoiFCSl2lkCRZiYz3qhrpthT20qCtKllL7rm3MYx67Wvu/HYTg82h+G9dbmVtfPyNb1c4u0Z7V2fd+G9Xq9KqGulOXqyM2qAWCnHKGudM02OF0iWpucCGMn6mqvIgQtMydkWbPZTIrmDEmope1Wa+27OuY0jtl3vQQt16s1Zr6x0droZslTy1KK8Xw+A8Y2dV0tUUB910UNt2zOomq1KEXpTI3DukRXikrYaUOpRaHMVC1FgdR1pZvNSLc2GkXUAAVdKU1uU5v13TSl3fq+StGytQSIoKUj6mKxWK+GyVMtXUjrYRzGdUA367tSjdOOKCoap2kcx1pr1/ee2sHhYShKRF+qzbAeulJVZGUtXfnoD/8gpaJGrTGbzWqt0zRGlPWwGseplm4YhtYmO5frlRRAjRKKpLlEG4eIqKVKcrZSClajKapNZiJFKevVsF4PRCAzZstUlKpQqZ6acd/PCDmzFGUDMrO1KUOQciqgq9FagmqJlo1sdkRBpmWGQpLDytJappK0asz7WdQY27RerWvUKMpmQigIpqmFWtfPp3HK1myXWkstUomoRljr1Wo2nwk5oeDMqbXMdMtG9rVXiZzSbtPUnK3UYjSNU6AQEcUSKn1fFSXdMotMdCEsKRRElCjY4ziVPkrtTMupldJ1fVihlGotKs2kHSE3ZTYLUlGKWzMTLSO6qKoKp50QKhFCU2uKImnKqUaNorAUQTYi7GwtVZStKWjpNo0lCiGmiYiIAGPbKQQupUSpkopK5pS2IGWwIuy0yak1Z0RXQpIEESpRWvN6XIPm895OFFIEoSi1BLW01kCEhqlVlTYOQ5u6viezYVkqkdmchIIShBQhhcOkgFqriOYWhagVaFOLCOxxGsM0u7VJgCSwBdmykZSu1FKzudYatUqRbaqlOFGUgsY2yS6lpN0yVRSqIRCZzpYRkgpBlEqiGkVFRSGMpMCO0oUjnQoUQUhWAGmcigCIGsJW7aqzRRTVQmbagSQJZaaiyGpudpZaaqmWW7aIrhRNU8uWXa0hpdO4tRRFXZmmZlwVVghht7HV2qtELdU2IRsMIp1TS5vS1xC1VBVNUxuGVUtP4zCNY+07tehnfSndeppqLVBprYHdQpLC2CClHHZmukRJoyitNWOQJJutjUWUqhJRSgkiOilVImpxc5smQtlakorSVaJWo5bpbBFShJ0OBySEwNRakS2RaSwRKhFypoVMBCARtRRCokQRESEiVCIyqVEQmQkKLMktLU9Tg5RUo4xTE+prTTNNY0sHipCEStDSGJWoqqWGLBGlhiIiIkQoQgoJRa21RDqNVQp4mlwULZszVYog7YiSLZ0ZYVFSmAhFy2nKKQKDStRCUYkSSK0lEbV0Nl0tpZbAql1XSikFg11q2KFQZqu1dqV2Xd+cbk0lcEMBKhGkjUoNmcxMk9mMFAV0dLhs0xih9TBFya7rJZqbCKGxtdamKrXWhvUwThlFbZq6vpdpOQUqpQ7DGF3d2NyyTSpNOoui1GJca9fVbmyTrNrViJItFdiym2ooYtb1qGTmNE0R0c36kEqN1qZhmqpiylSCnGmMmwUBmRMiIhBtSlSyZYZLKSLHsU05dfOZM2uEJJUS0jQ1u4WqadM0dV0RkoQQtDaWUktXILFUS4lSSgXZTlyi2lqt10GxmKbBSalFUhq3BGVrObWuxNhyyklS7WtFKIAcx5buujKuh+WwzJZtHKWIrtaQM4dxSHtWqkqxTYCi1h5wKbN5F4qWrU0ZoVpKlFA2lVprqbVKMY1Zaom+TFPLMUuJru+jhKIrIUK11CSxozhKF6FMO+2g1trV6pCsRhYiJKNAEUJYlFJFYCJcuw6wKKLUrkZF0ZwGlaLMKMVkUEotsoq6UiNbWkSAiSgKTVMTmrIFYdvYtoSRAuwSUUqVNI5DQumKkaBExbYlwMZSyMZYEkUlau1rKVVCEXJOJnMKqUQgbNWuty03QqXUlpMSBUTUqC3BWaKUiOiiK9VpWrbMhL7rnW4twYRq7YoisxFRSpE9ZSrIzBKBBZY9tdaMnRZkRhRwKLK1KZN0CUWJaWpjy1JrLZHm4NJ+FG3MF9gGozYOmUw5jdNop4xIEbXvI7weJkhJhRjGSeFSu34+a5nGdg7rMaepdLWNYwpjWUCabJPTNuASqrWoKIlsY4TCkgTUrqhEUSlFtouKAiJAfd9HqWNLrNLVsY3zro+IKRM7TY5TkJObkKesXVFIRKbX45htclXfhTOWq2UXZdbNhmHIZJrGWquFp5xtzqBIsiQsB13MuxlRsA1GoIiAUFGjuRlzdLQsNfq+rwoFTqc9m/UiHJJBIci0M2uJWdc1mieXohIxtTYOQ1dq13fDONQS80UvRULaEiJr6ZxTIJUqICS76/vSVUshiEhTa4ki4/JJH/0RKrFaHtWub+M4jlOoRFGms+VsVsdxbG6160WUEuv1uvZFUss2rMej1YGIvpsvh7WbZn1Xu34cW+Y4Ta2fzfquG8dGporIaRxb7TrZU7Ypp652pQbEMKy7Wo1lnEkokMlSa4lSanFRV2uJOgzrKZsaU2shFQWSFdF3fdeH5GwJJaJESGFaa5ljmzK72oUi7VLUxqmrXYFpnGzGcVBXoq8Yp40zW4ioRbirc0xrUwFHDVSirqb1ejmUIoVsr8axltL1HTYoAoRNiXBmhEHZmgR4alOg+axrzZIkOd0yhWxFhCQphFprEdH3vQBlISOqbWOnIyKilBKTUqnSVwlMS7c2qtRsk4tKFLcEC9mZmSXKlDm1wUnt+lILuJaSSRECI4mQUJFAgESq1oiwU4rMBiqhcWpTm6JUGadNCqfTEBJyiVKiJGS2cRzb1IpK6QuQ46iQUWK3qdYgsS0i21QKXV9XQ5umkQyTQgpCQUgECKWzRRSp5DRFlZADYYyliAhqc9ZSZ10Z2xRRa4mIUFGJYinbNNmlRNd1XVemoY3j6AItTSpKtpzaVEuheGpWWqESUpSiUFHaMumWmSVCERIYoxJFWBEgyRGBUUSU0miykXKYHKGQbSkklRoCp1UUhEkRQKIoYSFymppbllowQi2sBNTGMVAUxnE6ODzs+lpKNUkCBGrZ3Nx1EaUYdbWmm1t2s0UUTeO4Xq0b2Zc+Jzc3TIJbtpYFRSkRGqaRTCK6rhuG9Wq1ms1mSUYpTrfMgqJoaFMRKsUKK21J4BLFoVpLzTSgcC1VkkKyFFKJGgXVbM1ZIoQQai1rKJVhyRCiJUGhhhD0tdiYiNCUSWJUVBWISAyUUmspaTcSZzYjRSgRokSkRGaEal/bOAqFoo1Op0HIIexShEot4Yg2jaFI6LpqTGYpQVoIskiSkFvLqU1hFApqKYIwyqkNw0pRSygUUDJbYlGd0zhOkpyaxjGEg5YtFBFKG1rUGlIUOYtEQi0RiqKIUozaNBFghmGYJtc+CjVKREQJKaLWoiilSAqCbKkSlkNgsKMWmUTKTFEUte9DynTX1aglAlo0N0XpahEiqCqlRGKFagkgSi21QMF2kQyi1poirKhVJAiR2dqUpShKN5svThw/0XXzKBGqUdRwLaW1lEVEyFE0tWYnJWalEEHakhRVynTaXVemNoUiutKFHIFzPY5ureu7iKh9qVFAKlFrKbUCUQrOaZqmlrVEqYpS+tpFREJXSki1zhSIUImIADntoEZFSlxq11oTVxhCQa0VJIWwEW5kRoiEIKdpnCZIBTmp5RjRKRiGdaZKlaRQpKLW0tc+ImRZKkUm0tmyObMlRaWb913tu9ms62dgKbBCSsU0DVKU0hGS3VqLEhEdZFSBi0rtOuFxnJyiSMQ4TSbns14KCURXqslsjirbq2EsERiLNmVEqBaRabt5mkZFtNaKQunJk1TsLF1RFCnSGZJEVEWEkKVpPSQmDEEQRqW0NiJFVExKgTOTwKFpSmEnJhPbpFu6zfpZyIhSCo7msUohhSKRnZhsmS27KEa2cTY5QqUUS5mTImQQoihUI7AE4zgiSinZLJfadbVEa2m7qzVbUmPWdahTIBUFpRSJKcdSSoJbi5AdmVOUUIlCKbVEKW7ZxkkhQZphHBFCpVTccmrYqoFFuGXLKRXuasVAlNA4tRqlpUMESAGiqhBRccrpbDmb9YpYjy3dCtHwlIm9Xi1r6SglQfKU7XD/qOtq1/eyUg3RzfpZmbWWR0eHEaXrKiGSrvbraV0Us/m8tWk9jX0t89nMAtukSnU2UMi2atfZhESBlmnRGqGulNr1kGkybdycznROUYpQS0t25rheVtVSlVItxdD1s6hlGiZDN+uLVGqdla6WulwetqlF7Qi1KXPKftarhJpLV0sp69VShBTpHKepKDJdakVSaBqniSmilFJluSXpaWpikuowDK0ltglnWpRQtpSEYmoTihIqpU6t5dRqVyURql2R3fVdP19gohQpxrENq2VXSl/71Xo9jqva9TlNkJnN9mw+L7VLplJqG6epTVNr0zDYhKJ84sd8aBCLjVmbcnV01M9ntUQ2263Zhr5bdKXLbBEKonb9ar2cpmljtnCoqJq2HtZ912/vbCYap+Zx2NjYkORpKrUfx6Hv513tEpXCbDarfSeVEnU9TF1fsSa3EjGNKUXpK0Ttulq6ruuytXFKMtfDWGvXleJsFn3fOS2V1lrXRRdlmsZhPWRmrTVKSEraME59P+v7roQM6exrX6NzIKnUbmwjJnFISoUctYTKNLXMnMaJiAAFy+XRlNnXWhQoa5TNzQUEpqvR931rWUonFRWX0ocEgHEYIYUCq6tdBC1zHKexpZCzJdl3famKKLIt+q4fpnEY1sWKEOEgmhNFjQgrwqXUcVinmNU+BHJOTUXpbNkyp1o7j40SXVdL6SIiQkbr5TpKlNqXUiS3cUIlVBVuSS1RapfpiBLCZCldRBjsnMZxtV7XKFGCdLNLjRKd2xQ1Iip2OguFIIQIAozTzmzNLdts1ne1A6aWoZI5hgCH+iQjFCKiRKk5ZRO1RNfX2hUgbCkyLbmgyUlLlRIKhwNFBA5Ig5tJokQU3LI1l1JqKU4XRUSJoJSCKUW1q5LGaZqmlli4liIUoKpSKmDI5nRKYWy3UMlEyMJJ33UtLWepdZwmsKCrXYjMlpluJjKNMWOqqEZFti0yIkpYKs5Mt4hAKIrENCXKkJzpltkSad2mikotmIrSTk8Kuq53K+MwllJrFEJujlJrKTiwVWqp4eZxHFpr4zSVrnYlWsu07ZSiZZNSaBxG2hQlai0RUgkntmggRYlZP6uli1qilHSGoq+lZbNp41hq52y2c3JOA6KIHKdhnKacxmksKrUoogBTG6siSjRnLX3UMrXJOBRRiltr2RRRa19rNzmFI8ImM22wWuaUxpltKhGlRCkdgQ1KwdSapBBTGwLVKoUExm6GFHZSa1Ehp1aiRIQj3MZSikROk+1Z1w/TuF6vpchpnKZWonZdnVoLSYSkiAJGKDQME5mZzGbzKNVkIKzEIdKZppRiG9FaaznVKJlNUWsNu7VpMJ7P5yXqMI1CtRSJEiUsozY1glJLjZLYLYc2FUUpKqVEhk1Xa53VcBirSAo3tzYB4NZSpdCgOIeUIkqEYmot2xRRnFYpfemmlsN61aYpImwIaFKQOUVQomstyUybBIVbI2Ixm1FLIMmZWaMkWVRKKThTznTXlxJRas0GgUJRYxralMbNVSUoxDiOJCrRsimbi6ZxbNMoaxynpLXMkJS20plRi9PZMlubWkrCHsfRob50RGQ2CCyTaQfKTDslRCgKVraGIySbaRyyuZQotUYEztZcirqoAXajUInJDVuqVTYWQhiVEi1bIIydpRTEcrlSqCiIQI6i2s0iGKecz2dd1w3jRKYIIlummxUQZLOzhWgmwNma06ZEsd2mIQpd6UvtIFVKJuOUtURXu/WwdFPte5FRQmgcx2kcQi61dpQosVqPe7u705TzjQXQxmnKVhSLjUXUmsM0DmMpRVGMSmicpku7F8F9P4uQk65qmNp6vZRKKAgiYpoaAjuKTLSWIU/ZaDRniUinlTZFSkzzxJSTQ1gUouXkzBIlM8FSYCyTKCQEjG0qha5UoVpKRJBumatxwu5qR7ioKIRR7UIkBtWuYGe2Qkmc6YjS1ZI4UIkApLCdJEk6EYmzNWciRdTa1RDjNNmZKYJ0RqlY47Dqa1+6ikSmIjITgxsCYzuFQBERMY5jrV1fy3IYulIVkiWplEinsAkFiiIgE6mUGgWi2MYgotZZN6OgiBJKRZRiclytVaKrPTin1i9mXd9Pdk5jX2ddV026ZUT0Xdf3M4mpDZlEqOs641IiQtkMiAAMtqMEUKRSiuQ2tTZNCQUkZVo1ijS11ved062lwmlqDbfWWmuZmFo6y4iudlObWptETK0Jy8znMzdbgoxQI0OqXVdKl2RrNg6UmdkmOzObIiJUaglFyzxaLjc2FpjVallKlAiTKiGIomxtapOiZks3o5BUaqmlCFo2ZfR935VZEKPHQsxmvU06o5au1MyUVPuu72rIpNbroXS1TU0lBM2tn82HcViv19H3XelWwzCt1kHIjtq1cWjONo6CrpYpLRwRbZqESo1pXM9mi1oLaNaVcWwH+4eSatcN6/Xmxnxn59g0tTDlkz72I4ZpnFozLVQsRFDCzogSiq4rKCNKdAUIMQ6rUDffWLScWmat3bhedX3NtEoU1OyuK0ZRi8K1RjqH9Rgoagzr9TjmYj4vpSjSaaOqUkqZhinCtfS1CkdzZqadTpschrHvutr10ziSjlJAhEqpobJaLidn6RRRhCHGNjiJUIlC5jjachGtIWXtum7WRQkpimrXl1CpUcZMj1PtOylLdAq3qXWzrkQB1dIRwq6ljlMLacrmNhEFKe2+VrsVlbRbjkJdKZaMo5Q2jbL7rhuGIUqtKrZLKaUURdQo1BJoGodxGGrpshnsAGhTJmAJ2dMwtagBQkiQztYybVIqEq2liFpLRKmShTNbWhkOSjhKCSlFtpbZai1RNY6DUCmd7WmcJEepCdhOI5POTJUyX8wtbAOYUkqUsFOoFGFUAjuNpKJiKz2pFiHcSq1S2C5RipimqZSu1GKYWsMORSkhN0tKV5USBYhaIkLQWjY3m2kau9pFKSVUogiljJHABqvEbNYJGUUtmRYkIrATHCrpyabWmuDRXVdqLaRaNkVIlAgpZDylQrUWCSOnp3TXd0G0cRrbiEGOKJSYpqnWKkdK2ZqC6KqRKOBpGkuJqNXKrnRFMazXU2sRtRQ1W2Bku9ZwgjMTAyidTquor12JSMjWEkdRRJVKVW2eopS+76OqUo2iYItCjRKEMbhGraUqokh2ZqZCipAkIYVQy0ldrVERmOXyiDSSJNnDNJXazReznBppAZadRCmlemo2CjlBGaV0XbFkTyoxjZOkrq/rYRrbGqJGHZ2tTSWKQlObakSJqiDJcRxba1FLVYzj2KbWdV2maxcQmSnZmaWodp1ERLQpSxEiJBOZVqAIJzZpe2pCxhFFYSRSU44RxWlCEOO0VmKcJKjre4UUpU2TcSlFkJlRa4lipCqFFEK2PU0tIsBItZau64QlGZKGbct2KaWGBA2wMSqlSjIuwqAopRSFcY2CcDZFNDNlCylqBNGytZwCtZaZjUiIxJlOO0qttbSpNZOZwi2zuUkBUUvJNCVyzHRTBMiyE8Q4TbajFmNnBqX2RaHE2ZxJBOlMq0qGzCYTJSIwhEIlokQ2pnGySGw3SZLaOE2tZZsgAOMagWQD1BJjGybUFdrosbVauygRyDht4670pZRxnKKoqPT9QjBMIxkKQMvVCrdSa0gRCkIRIuTWWkYUJJlSSoTSNKdA2EhVJaqlolCJbNM4jMO07mcziGytNXc1olSk1TCuh6Gr81rDqYiSnixKlMQAslSyuVSNU0sadptaiiBsJKKEXCRsRYAIhWQpShclummcLCOFbIWhTWPgUgJCIFm2c2qZESVqyWxTuosoNSQsDGmilFpCJqe0KbVGiVorcrPXw9j33Wyx2c96OVF0pUYtUcKQ2aZptFRKVQE8TkMtdT7fiBJujihRItMhVYoTnBC1qxVPU3O41q4qDIqoUTINrZRSo9rZpintiFpLhKqqs1lE7arxNLYoBWSlE3AgB0hTZi2VxGkjpxWUUqJEwzm2IjCtOaLYibFM2ul0y+YQObaGkY1KhAhjnBiTUjgUVpumzFZLxZKIrtSoYKcisC1Ra9TahxwRU2ZOo6PICINKiZAyPU2jStSuM1EDRShdI6glhKBlRtTS1bENaSSFVEonyyKKQEalCGgtVRShiFpKlAgHpEQ6kRxRnQ2FbQqYlk0hcI6TIQIHoZJ213e1dBFlmkYbKbqua1NO01SjoBjbVLsSRVJBdLUmKLNNaSlxKFSjjVOpZTbrjQBQJl03t7OEWqZILEUptYRkZ6lRSqdQ5qSMRLLtyakITW3KdIjWnM6pDaGwaZnrYQhF3/d2EKq1ZlIqpSsiag2CnDLb2EWnWiI0m826brYeh66vNUpQFNFaJgZn4MxSau2itWyttbGVIkLOqfZ9Fev1erlaIvquTONku9TSd71UJJqzpRFuNl7MZpOzTdPGvA8pM2stRVhS0LJNbVIzERFkyiVqUS21hCSi1CjRWpaofV9bNiFgGNeK0tVaSqkKRwyr1TBMiPLRH/YBw2oZpZv3CxUtDw+n5llXbSvCUEI2KqUvXRSExrEl7mb9crWW23w2U+0M47BOZ9/VbjZHHsahdn3B4zhZqhFUJrcgFNlaw42WGaXWGhFd12W4TS2IKb0ej0qUrp/ZLtJ8c1GiQK6HQdms4mx21r5GlNbG/YPDvuu60iPcMrrSRxe1BKSd2aJEV0otMU3TOE0BmYkpRdM0iRBIUimli4jIRoRDtWXaRETz2PW9k6lNVsrOllLUWki7OT250TyawBm1KxE1yoSDBKaWFq219TQWRdSAnPUzi6PD5dQahqCr3ThNUWRlV7pQAM6UFCLQlBmiK11rLYjad84E2jimDVYpBQSldApZUnq9niCjRohQIWRUIgyY2gUUmgEpnIlcSokoRWrT2MaJEuCI6EoZ29jWU+k7t8xsNl2NljgThNSVWkqRwyWFLUsRYCFFqbW15kRimMaopdbizCQ9NicKqQiVcb029LM+c2ptkpVtShtUpAQnpesUatM0ZrZsCgkgLKY2SWoTCkKyKCEb2aWUCBHRMqepKYICzqKopUCMOeWUpZQk3dIAOZF91ylknHa61RKyFZYIYVu1RJRsre9qiSDC2aZpRBFAUcFSkaxSAtpok3aCooQkjBRCY5uKQ7XINlKAMyJKV0OKCJXIbJ4yBaJGoNCUzYmtiJAgZCPSaSgKY+PW0kmSyCWi4XFsmTllS08h9fNZGwZDKbUroSiA3TIptWAr6GdzAQaw7cxMHEREqTWn1txqrZLsTNP3VYq2HkKq/SxKlFpKFNxyImqttbapNbtECLdpVKkhObMopJAppWuttWx9rULTOEbpRYZKqYVSQhESjZbj2MaIyKklZGYnla6rpUaEw6SlIFQUUYsQyLZKYMMkFUUuj46as5TSUIlQCOzMElUKLIrm80WN0rJBhmqNSGObkJ0laqYBWZIgpmzZWo2QikkJ2UQYtWGMCFtON2VmhkCR0xiOKExTSywVFBCZ6anZdLUrpdgpQKkotYSMImSQJEqEBJaEpwZSKQGK0rIRzsyqyLRFCBSyVaNGqbWWrgasl6uIKH01FsLgNC0CFQUBVghEUV+7UIkaiMwEWptam3BKEaXWWp2mUKI6Ewiw1XCJGqJl1tpJKmCFjW1ny3SpRSEUJVRKJ6mUKKWYKKG0MdBAURQwpTOzSI5IJGjTlDZSBH3fKTxOowi3TGfUUqITzpZSIIxllRJOLM260kxERC0REVECEdQuaqm2CYxCRREKQsWZpIWiyGiaJk+tNUrQdV0psrECSxVStCSUblLUWlGEhFQiai1CjgAiwoo2NUdAs5HdMolaotSuQ2ptipBAJexGktlKRK0BSjszDXYzKlGAUMlptF1r1BIJmalSSEeVTRuGqbVSSi0lE0y2BPe1d3ocp1IDIylCKqVEaXK2nNpUogO62omiAAhFs7FDRSXSKbep2XaRokQUucluLRs4KKWGgqAUFUKSpjZ0pZM0rYfookQZx9FppFo6O4GIKKWUUqY2gbtaowQoM8eWQIBsFKqlSCVUag0JLBERRpKyZYhMZzZFUSgz01NX+nSO4+RsdrYpndmVSkhFbcwS1K6305kRJTFO1Vqi2FlK1/ddyybVIkXE1KbadTJjaxLdrJJIgd2mKTOFTCJs2pQhJGEys0RIAYCmYZimqZZQyDinlpm1K/28SxzpZkqJcT2u16NCKeMspZMoks3UhjHTbrbTVhpTulJrR9qmRIlSjDHNGaAi467WCGW6SLVWFDZd6SUDIVnGwp7GqZQSJQqBIqSoZVivp3FVoyul6/racjKqtYtSjDNTJSQsdaWIKESpoVAttfZ9BGMbawQh2ZZKhCJwtok2NaPa1VJKlGrRWmvpiiyMQZmJqUU1SokiIWIah3GyMFFI0paMSqnFzYZSajpVSt/Pu76M6yHbaIeIvu+aXUIIgUSbJlv9rAeQRRQFNFAztRTjdGutSSoK42FssltOtkvE1Mb1egxF2rOuVzBOoyhEa63tHRzWiK5G+diP/FCVOqsFuatdKXU2m0XtCDnoa2ckByLbtF6tS1dn3Qycpq8lokvcqagQRKalqCE3lusVk4+Wy9ayhASlllnUNEHs7+8dHB5kOKS+1iCIaNPU2hSljJnTMJYaoZhaa1ObzxalIGRLKgnCpattnDCIUopKgJwNqeu6Juc4RamESq1RQhZyYBRd7cZpSJP2armKCKczXFCU4uZhWsuutU8nAmIcpyLVGkCOLW1VhCRJEUVBNCcpiagREVIhRLrritM2tUS21txkCzVTS7E1TYMIstW+r0FEtHTLVmqHPU42DUXtZiJLRKkVM02TqgQRlFJSRJSuVomI6GaztBEBFiXkKFXhdMvWlUpETq3WkEpECZBCpUxtyuZaakSVZDyMk4q6WqVQlGE9XLp0aZzWfe1CtgLRWsvWkJwZodKFEdjpbFlqFW7pzLGUkJjGCVBRS3eltmkam7O1WruIUBGtOSBDRVHKmE0NK7MRJaRaiqJE7Tuh1lpOLZ0kihIlZOc0tSm7Lkot2K1NbZpApLu+2rJtM6zXYJnWIE2opXGSKjWmcWrZrJAUEUaRAMbZ7KkZochpwnIoohZVCaDva4JbRgiHcILsorBJEZJbG9ukUoBSQlHthJSF7ESKGgVwOBRFQQiFJAMtjUupkkoJFGSmQWEZZ3MqotSKNA4DzlJqKTFNrWVr0zS1ad7Po4ahiNJ1XamkUCkumZNRqWrZJEVIaD6fl1JUAruWrtnZrKAohEotmamIMFMmRCkBZLYihWljTjlhEQhEtMSo6/pZV4xqjRpIEVFCYUUohKNWY6JEkaEomj2MU7YmQRQVRQSiZZumcXKjqfYVBZJbI5XpaRpNthEyBVKtVVK01rIlIkSEiGIw7mo3TRNtKl3X1V6hNjbZoqgUJAVSlFBK2HaCQ6EIbKESIASlq6V2pRbCtFSRI7BtGbfMWoqitDZJigIFEa2N49iwSpQoIrpxmrK1WmsJiaglapRSi90aKUtR2pROZ7PTFGU6SomQ7WlsCiSaPeu7WkoinOA2ZSmFQDhKRBRhKYhwS5VAUYyltIWLamvj1KZaqkKWOnV2rsdxaJPtUkJomqbMhJRKGCKAKFUR2SZJtRbSCpyQWWadpZBqKQabkIyMZdWuhsIkhERmIkNEJIkzMy15vV5LlFK6WqP0mdn1tZaCXWstJdo0YklkNkWxTXpqmZmCiKg1pIJJO4jWxjZNpUghp6NGN+uyEaGudomzgdISViEUIZMmx6HZuGFKKVgmUXRdVUQhbNdSuvm81JqNnKYiYWzSzSIQaQKbNo22ZUUtNnbKCElyjjWi72cKtZYTFkSNbNQu+lJaG6fmcVhPY3MaFRt7UhRQKCVZCsnZFBUATW2y0+mxNUyNUChFSIVIpq6bdSXGaRzHqdYymy9AqYyoYGEQELXYTjdMV6uzRaGoqISzNbvZblmEpADhKEXSMK7d3PUdVrbmbFEr0DIli4IixDAOiUE4aleKimoJQCXdILtaVSLbZCtbKpFUSym1grBlmZTpu1q6ziYUXe0UksLIaYXa1LJhXKIcrZbYKmqZXalRamYzMpmtCWOaJhElhNScreU0TYgSQXpsExBmtV4VhQNaTq2ls0StNYwSVuu1Mltza5OkWuo0pdsYpSiELaJlAm2ajEspyE4LIqKRtmWmnBQC1QLENE2GNG1qsob1GrLUbsoJJ4quq6KUEi1bGmQgUK0VlRAS/bxviWkJtesITS3dUhCJiqAEihBinCYySymlFsiQp6kZ19rZmc5Mp6dau9p16bZeLW1HFEWkwTllAm30er2ez2cSWJCdwi0zs6u1lm5oY2vZpkZRV7tpymlcoy6nqXZRori1lolinKaun9UuLNJK0lNTRK1lypSJUozdnG6lVCK62Wwch4YLdValUu1UROnLNE5TZlGUGmESB5raaNwypZhaKsJtqhHGYxvHYbJo2YbVME6tn3XL5bpNY44mou/7+Xze9z1AkYxb67qudJ2Tls2ZwzD2/Ww+nw3DtFytI2LW1fXYIhGgzJa2C9H1fWutfMLHflgNJR7HUaJ2vYTtkGg2mc3pFMpsdjqzqiowjG0ah/XGbGOYxtL1q+W6VkIlneM0jesVQZH62ayUks3OVJRxGkspUdx3s+3NLdvjmGUWbZrW66GLSlio6/sIxnEKEBrH1bCeogR2lOi6rqslkNXS2GRrglJKKmqJcZqyOTPHaQRKRLY2TNPUphLdrO+TZqJWTdNYS5GIKBFK5zSOq2EtS0RXS9f3SG0aZFRKQIkIlQiymWAaR4UyM8laSu37qEWOzATaNDmnUqqCrtYopdYqQqFaOimyZbap6/oSQozDurVUCRCEcLORa5QIZWbaEUqptTGh1CoxjlNm2nRdEdGwMrHSlkGSxGXZWpKllECkx2mKUJRwMo5jtuz6PoTlCAEIZ3NmjZpAqK/FUi2167uIElLpuq4UJNslRESJcGNqk6eMWhxBy4ZLRKgSIVRCCpFZa5nadLRadxGlBlKtBcJIcrODUEQNKSJQSFFLISYs4fTURmd2s1qjq6WWsO1MS5rN56VUqkIl01EjFNmMFHJrrbXJuJYqQUTgzIx0C0oNFLgR0XddkIoIlXQOw4AVtYDA/WyW5DAONEtEDWOsbI6orY2IUgsKWgpJAk9tQpZKy1YURNgIbIcCVKJCRgkEaUvZ0jYKME3CisChMAG4lAB1JRwqpYJFhFQi0h6HNRFdV4MAh8h0iVpqMciiqKpEjczmtEnLXddJQbZMSijBDSAUk9OZEFFUS2daS4ekKFUllWTra5GULbM1B3aUiiWnI0KoZebUaq21dMYKtXFqFliU5sxplNzSiIgqkAghq3Yhp0W2FhElNLVsbagKRcnWUNZSS4nEopbiTLfMzGw5uFkl7AwJcAhLoVpKZkL0CqNhGnNK1YiIdBvXYygUUUo0Z5vGnCbsls5M7JY2UsiZOWXUyETO0tWigjPTBoVCxc1jayZlKcJSBVvpVrquKFQgsSmldrPOzmE9FJjNF0XRWmvZ0gkZiqk521QijB3IAsChmqSKulKlGMYh06XUiFK7brUapmGtEsZC2Laj1BIhSSoKZWuKyGa35qCWijROLZ2KaI066xQKwo6JJiM873qkNjaLtENRitJGEQh7HIbWWl+rbQkcKLNlRIkaBVK0aczWEHZrmQ6FpIgIoSxRaim1dpKmcUqzHtYk6WzjZKi11lpLjTaMNkBE1K5CCGW2ElGi2um0yShRowC11ERgwoTsRmI7SrXTZhiGcblqIAmpDaPl1ppEa9lyKiUsBbIQQiITSwFIQlYKKYWQioqd0zBOthRRI2o4U9CXDoGV6akN4zAk1IjMFimkiFJCoUg0ZfOU6gIDtJYoAyYsd5h0yipd13dWdMO4ai1JB6EaXSkgO4OI0Hq1tKLv+9ZScum6qLXW8DSlJZwN0opoUyqIqKWG7Wkcu1qTZreI2tVK0FoaSqh2naG1LLVrbVIpocDZ3GoptXZjji2ppZQIpyWjiMLU0qjWUkqppWJMFjw1T9Nkp6B2xZnDuLKNSWdEOBWlZLbA6WyZOU1RAyTRWsMyntqEUYlAyFOO09gARMtERDCux6mNNapFrZ0UIdVSFUrSSQ2AUHW2Sa7qFxuzicyplegiVGrUKDYNZ0tnUy2SJIVxICDtTEKyJYGztZYZgVSilHEcp2xFoRK1VnCaSKezlCg1QkVRuq5mc0iIdNYaOEy2Zk+NiGkch3FoUwuJoEQtoVJm8/ms2bXUgNZSWCaiRpRAEaWrxSKntNymFsh2iIhobtN6HaWjoFCbRqGIMoytliBKLbEexkyTiqK+64ZxlF2ijMNQalGJNk5OQkUy0NVaRGuZzlL7psmObJPt1to4TSbHdFdKidLcoJRaEMKEmrMoSqFlYsBpKMIISUaRbSpRi9ScgYrq/sFe7Wot1dhOi1KKbeOxNU+tdiVKqV1xk9Wc7vrZrOvtSSpRS2vj5MyGW67Xy3k/L7KkELYnM6tdthQ5q3P1pRYBkmrta1dFjuO4Xq8VAnVdcbqlleAstZv3ndOEhnGspas13Fo2931/eHhQapkvZlYUqav9YnMhaRrH8okf+6Hr1XoaB0Udh2kapwjZymzDcp1SVyKkVKLoa51am9rQ9TMh0uPYJJWQURRhRSmzvpum1nVdP1vUfhZSs0vRehincbXYmM9qHYbWlYI4f+HCsDrqSo9Ktuz6TiFStURzOnM27x0lW3O2KFV27eowjOM4SspkNuumqQ2r9Xw+j1KmcSgRCkUtJWqUqKXm1LI1Wk4tLaKrrWWQoDY1FApQYEshRS3R9V1EtPQ4jPYUUfpaS6nDNJHZmETUAlGGYRSqtWSTQBLIbcrMqY2yolQ7MzNKHacJS0XYgQSopFNSN5tNwzROU1dLqdVJqYqIUkqNUIRKgRYqJBIKFSGFTJtaa1PaoYgQAhtJISScY7MgipBBtau2hxxDUaJERMuJlEoJFBEqMU5Tjs04FKV2Xa3NDdsJ6a7vutpnGpEtFdRSBc2WmaY2MQUREUitTZZslVIjyHSolFKRm1sttWVz5myx0XVdrTWNceaElBPOhiAINLZxaq6ShQhJmSkRUex0JkHU2lrLZgd910sKI6ftQsnMiAKZDshEYSmE1ZWiEgZCNSoKMhVRSxHKkFTk1pyYUlSiRLgvM0RYUnSzLkoRGARR1NqoqOCpZQhKpJP02CanayktGdYDKKA5MQplEqWUIptsCTm2xK41kAJJNGeolBAi0xGSQ0RmKrBxS0npjJBhvR4yh6ISKpNbtqzdrNYiKZ3KjMAW2C3blLhN2abm2bwvKsY2EkjOTGOYhglcuhoK21NLhLEgSsmWxopiW8qpZZGjq7X2UVSi1q7W2rU2QhSFJXDLtCmhTE/ZsBUEIVkUyHEc5bRJXGoNKzNtVCIiPGVrLrWUKARTm7BKiVBRMUii9l3tO6FaKrg5S62ZOQxDcyuE5aOjZY5DqVVmcpOYzeYUtTFbc+mriMnNU2aSLVFGhJ2KkKLWIuGWJiHstAmVZiSB7Eaj5WS762pR2IRwprFquLlEiaocXUrUWiARZBOMbcAYK6LlYJcgwFGii15dkbFTJbqukyRUS8hS0Npkq0SUIhXZmoYpW+u6rpYaJYZxzHTXdxjJdjI1tzZllqJa+sxmiAjhqU1d14dUIwShkCRZptSiCFu27alEIZFCCtJRwhCSpFpqZkNRVbKlFbUWmXE90hLCZN/3ckQtIIHT2NkybdUSUhsnQymy1NXa1S4iIoQASE8tHZLAYLCTlCKKVCKiKGSrKMqsLxG2jadxrCUCjWMrpfZ9n87WJkUI6mzWdV2IiFpqtDatV4PTqqqlU0gNSUi1lGwNVPoOpzMB29jT1Gqp63EchlWgFLO+kmG3EjXTkgArhaIWpxMCl9obLNukEywFYrVaIdowyuq6WmsJ1DKnoZUatetUouu7Io3NJZBqLQUyapHdMkFKmqcSZZymxXwhRYRq7ZRhJ5bNlFMmIQ9tyrFFV0oUBVdkS5zTMKZcFQ7liJ1FNLtgRckxI2ywHSGZIBBObMZxnKaWylJrrZHpolJqKbVIQsrMdIKkyObSlaIotSqCRhSViGmYQlG7Cm45uUmBHArVWoNAacJ2CErJNM4oJUkh4dYamdi1VEVIKiWESheSapSpDUgEJYozM1spXdrpls5sWbtq21OrtSoiJEnNkC1EV0qUrq8lG0HYlkopgZhaa81V1L6rtdbS9V2PgmxCLVsptZQYWwuUOEp0fV9qQGCQgAiNmenGmBmQytZCka3ZBjBd13VdLVEgbDutcFc70q0ZKUS2ZgWyrOYpp6mWGlFID6uVSun7bmzppEa0zEy6WmyPwzi1adZ3UYqdgSKUYhqGaZr6Wdd1FUUbp9ay1A7w1EzY2Mxm3bgea1dzmIbWat+VKNmSzFntbNeuD5xjqpS+1NLVRpLYJklnlFKkbC0iMJKG9dhoXa2l6yTn1NIIFBJCDkqS09AUajkhCaSIUgJFjcyWY8pW0TS21hqhCCmiwNDaOLR0AoI2ZSmxsbFBJiFQiWLaMK4VBej7vouiruAchjWom83cTLrUzvLB4WFV1K6z04mC1tpyvTY4AmjjkJnNYIdUS1Vo1s8JTVNWlbRbm0SoRKDysR/5oREqfd1cbGY27MXWxnpYt5a1L32tdqZdo2R6NaxxltJJdZymUoqCYVz3/axl9l0nYrletXTm1JVa+05yDs3Q1zrlaBQRKEw7Ojqa7AKl9rP53M5xbH1Xa+2ilGm9iqhSFBVj1EJFCFmKcViXEt1s0dVSoqSz77rouja1nJJS+n6R49jaNO97Sc1tmqbo+m7WSyqFbJlpkCKKNAytRBARUGqtfS+czZaRUUiaMkmnjKJNWUs1MQzjrOuiSlbpujZNxm6pqMay+r4gjeNok21qUyYWONMGsi8V0aaxq11zq6X2fR9BRNiUEqiE7GRqrYtOppFYJUIRrbXWMsICRbENilJKhFSczszVeo3ou4pKibAJlWlsIZUi49YmWbWWUiKdOaWQm6nMulkpMWUDR1SBTcpBUQ0pQ9HSYZpNpp0gK6dham0sUWyiRl+LSiiiZctpFGqZJUpRVVFOrUQpUTIn205jOwEpHIoIl6gJ47BGEJEtFbITZa2dkIVgmqaiGkXNbb0chjbajiiG1nKc1utpii66UpuNKKjraonSnIRLBAZCVW4QqqXYtDYpVWpNt9amWTcrXbQ2WVFKOFviqJGJbVvYESUiMrMrIcJKUCmlSE6A2ndhIjCqXUQpSisIRZEEaUKMQ0MEVlEoQgW5RLUzsVQk26QN4GbZBmctFZgSCYGdQZSul5xTs6KWsCMChQAIKVtLyxFhIFxLkapFttbcaimScmoRipCwFUhFQoCdDaMoqZZJCWVzVwsyptSKNI5jUJCBzEYKG5jaGFHIFJSutqlN01CjlKiGzIjSoEg2TJnT2AjZzqlFlBI1JKmULmylpxJqQwNF7SIgZbcSBYGtKOl0S4W6Wc3M1rKUKBHCUljCntIRJaKUUmmpUD+fBZJEyHaU6Pta1GHSNFrf9aRxRCiVzowoUow5tmmQonRRHElmZi1dhLCGNoUiuprpIGRUFGJqDRO1ZstpmqyIAKcUiUMKIp1pBMaSsBtNSFIQILAljCBtsIOoxemcMkQptfSBhSVa13UiCLfJpoFQ2BkqXZUUGGcS1KgtmxJFgBJJdrPxNLVSQghMUVFptFpKOpEwbllrLbViT82qxRhniaqoki2AqF0ESIqokkmlVEIKSdOQpUjS1FprLUrUUkOanCVCpUgIpdRao2UoCKc9jq25dbXLtNMKSYoSCsi0s7X01LpuFhHT1EqJQIrAGSVCUaPMZjOczS6llJCIvp9FDVKlCKk5JYQIxtUgM+u7ljauEUBrObWUJGwcpaqWGkURSYsI25kZ0KbMbEngnPVdV3qTNq21kCBsEK21Ng219M500JeabmObbEeJUms6u1pLhKLIHqcGGYpSKhLpNk2TUyGSaZpq10eJaZrILKW2No1TKyUgx2GapnUttZ/1khSKIKJOo21LUkTLSSlHKG0SRSNzbDZRotRC5nK1UsQ0Tuv1up/Ni2LM1teu1NrsQgGmll2ppavjOEgCZ2YaKWophARdDVuoZQPclboeJsuz2TykYZgys3RRS4mIaRqjqlBaNhKFaldkt2kACRUFpvZd13WtZeLZrA80jkPLrKUTYTI9BSHkbDilUkqJCJCSiBCOqNkSKKUgSdhurSGMUCqUmcM4Bp5as7OUYii1hAhFM5mTFaWESEqFlrRSqhSyW2YpRWlKIXPKFCADNqFEYQNSglAptYYiSJqy67qulFJLOrFVigCcJqDUKCqIzGytKUotkelmF6ESY2ul1FqKW6tdJaqzdSVKP4sAlXTW2kW4lDIO09DWNWo360MSOjpaZWY/n2e2WmsEY7ZZ7aOEpIhQhO31elVq6ftumoapDX2dlRrjNEaUUguin/Vd37WpDetxNutxjtPoRt91XemyubXWclrM5xERVYipTUoQUYIwqLUcx7H0tZQyrNezxVx2iaoQhmZERMnW2tQUUUoXBaNaRFEhhindxpbuSldqyZYOgbtSu35u0iYK+3uHR4eH8/kMsrW2Xq4SC0eUQGRmyzaN45T9rK+1Smp2ZoZlRTojFFFyvS6ldrNeCsk5NdUoXRdERJ2mMd36WZ9Tk0Kh9XJV+6588sd9xKyfhwqgiCgRpcpMU6tdjYjWpq72KrEeVmSbdd2UPjpaKpj1XSl1sdhShAUqbRramLVErXVq0/JwFaGI2vWd5SC6WtqUq6MlCgWzvtuYLza2NkqJ9Xo52XbDEiKi62pEKaWQTOPQnK2lE0ldV1VrJ7WpNbeu9t2sn1rLqXV9r5Cd62Fo2Wrp0tmmtJj1XY2w3KbERJSiqKU4ECJUSqRt0ZUYWzqzdKXWGiqZLbFkqZSIKCpdxc5pqrMuaicbSQJjUeRQlBp2gYay6/uIKhxS1OrMltN81lNiHKaj5bJNQy21q8WZq/WQaYQVnsb1epyyhXEoimwyXYrANpLSTRGldsW4RFEIjW2MCNtOY0epBBhJLZvCKqUowG1qLbPUCpqyTW2KotLPyAZqzsyURAnS6SZCIhsgksQhtdZKjdr3Ml1XFGWcWqkRJbBUo0b1ZDkh7ASH6LuaaTtV5PQ0TMMwlFpDlBJRwkaolKoQLY1J1RK1FjtDMbV0ZpQIQYSjOFs6S+mDnKaptRyndS0BZWqT0l3tImqptNakqKWUrkwtnS6SQwVJMpYTZBJbBYk2tSBK15OaphYSAkWS2Syn01IaRTCMrZRCrdiy0zY5Tq1li1KCaDmVWvu+trSI2tcoIaJ0FZvWFDLNpuu6UouTcRpsnBMQKEkhLNOUWAKELLBUIqRQ2HS1IgmVUhQB2ImdQhFECKRIKyJqDUmhUrtOQDakrlQgbYxQihIRASiKImTjNIVCOKklkIZpiKC1Zly7YocsFY055TC1zNLVrkTtupxSpaQtiQRcSq19D0KQOU1NUCNMEW7ZSBNElCglihRqSY1QgACRVonSFaNxHKdMlZjGqbWplFBEIiltlESptchOWyUKYpqmIkXpbAPObNmKSkQ0JCEsqZaKIkJRQqRKkYRTkImdpdRS5LFNUwO6WqRI2wlF6cxMTK1RIgSSKWoTmZYUEUlLuyimcZjGaT7r+9qXWhtZFBYBxgEoWqYUSk+ZRspGFAVuTggpShQVTGY6myRCiYSTDBWhxKTHNpQMghRdqYSmdKklp2xTc7irfTO1hCJkpZJk3aYQpYQIwpJKKSbb1BRhUyRJtlVky0bQd12JmEjjKlBEFCHZ2WhOCSeSLEQWaUrbLSKcwo0QhBSJaY4irJyaZTlDEBFEjWoSWYQ9GZWqtJ0OKVNpS4hodqnRxvHw8LCr1enMRAiiVIVETq0pmVpmc5QaRUJJTi0rkdmcALLSWboaJTLTSZQgaldrX8uYWSJq7YKsUS1MixQRmekkCqQtPGWbxhJFRaVUBZkuJbralSonCtVaTKKohSjd1FqbmkJSF4VpariNLYUTObNESGEr21RLkT1MYxiHIkqppbVmJxHIYBQhYTsotZau62stpaQRRgpBg0IoSulUou87ZypUalWmpNamaT2VYGrZcqpRuxLZKKVElaRSFFFKxDgN6/UUUulK2rIUEmRatUSoTVO6RSiiWCEUeJymYRgzx1L7GgEYR0SEjGzGcSgqocChsEBSTul07bsSQdhpK7I1WlolIlpLk6QpONPGzVFrCU0tbRQKlQiN4wDUruu6WdRSag1YD4NpXe2MgFpLlEKzATJbWprN+lL7UAmRdlGshvXUJjma03aa1dFRRCiilFKiEBJGQgBTS0zX1xIdYmoTppaCaC1LLaEwaUsQfYgYxzEthaLUrlZAyNBaS2daEUhCYRSRRCdiymZn1/VIJTS1aZqmvtZSAilKlVOoqzVbay2dsrEzm/u+V4SlIsY2yZRaDFjpjIhSC8JufelrjamNNlGLkzFTqNYaoWloqhmqdiZgRVgooqQdLlHk5ggRBScy9jSNrWUpXWaGSqk1StiUCKxhGgJIj+m+igjBOE4CwgYwlp0KFWxJRkQ2Hy7XXYn5xoKkVGFLmi8Wdo7rtYSRNGXLNo39Yra12M5s49CWy2XU0nc9KKRhHIqilO7o6LDr+vl8FoDd0qXWEiXbVPpu3ndDUmt0Xbce1kSUopwAhWIYx77W2nXDsB7WQykRUaRIu3z8R3/o4eF6uT6Uo9aaxpmzxWIch9l8Xkodh3Zp/1LUUhSL+eYwDKX281ntan94sN+mqdaI9LAex3G1WGzM5rMSwrJaV8qEFrNuyqGNlCI3Z8vMqdSuX2y0YZQEPn/+Yi3dvM7rrN9czJtprWVmOqdxIh21Eyw2Fv28d04qpSjGNkzOcVwvl0u3VksptZZShMdpCsVssaEAlM6udBI5Ngx2UbRswzS5TfuHh7V0gSjqSreexnGYIlKlZmvZsmGZUAhl2pkinAnMNzZsD6s1RX2txm5pRS11am1Yr7uuK6U2Z05Z+tKah/XKLU0rtZYS69Vg2qxWQlEKYhgHw6zWaRjHcZ1Iyr7WvuvaNBlKLYpAcjq62keRqF3nNk3NkoM6DaNCoUJxjQq0aZKQJNxaYgwRamNG11XFOE3GszoLVEJVdcqWObWpdbM5mDZFhBMVWss2tFqlAGdrGdQIkW2aUoVwLX3UIjJaG9vUpCKZCJNKIxFKyJahMnmKiAiVWrtSjW1LcirbFLWXna3V2rfM9NTXmQSWJFCJ0tpkM6s1s6GopZauzLp+c2Oj5RRRFCKzX/R96RxibMOUIQzY4zgGGGeDEmokKWSEyXSNmtCyKQI8jKuIIChSm9ycoVCJUkKSM4OigtNVSjmEW5vaFHYzRdH1YSNpbFM6S6grvRStraek1tJaWhlRKZIUpThbqEhMTtsOBZJKrQULOWSktEUgOTNQkukkM8EtFRGSoghlA7c2tsQYSxhaa60pIkqRRDqdUboIWibO0nXNLcK2MCHl2LIZIVEVwzAApStRoos6DOM0tvU4FJUSJXMstQShKF3f2za0qRHUUrJllJo2kqRsqVAogBJhMBRFlNp1tdTapimNwDZ2KKZsGLcmQqVTSnINtdZCwk68HgdJXa1FpeFIIykUEWk5m0SpnXHXdcIEUVRKyKWEWyigr6VGFTS31pJQpp1yOpCiSIoIRZBpYzKKAtKZ2aZp6mZdqBgwEUQpYVo2FSkJhdyiBEVh8IjoIjJbtsycMse+VIVsSukyrSiWRIaKQtjYpSinXA7rvu9It9YMtUROrrXUrkbUWmIYR9sICSmQMW2aWrZaoygyFRLGmekWtdTaOzMCp6eWyF0UhKdJKlFK1BJ2Om0RUYukokAqiBIqUdswOtzXLm1P0zi2WkpIEm5pWonaSEjBlJnOqKHGMI12RhRhkI0zsSPCmSpShJwgYylaa61NCIVqFFu1RCZY2ZK0hIVIIqqKcbGjlmGcEs+7Pp1pS8WB3USx5cxGFoVD2DZuTaJEIZBq1LDJzFq6UEFRSghLErIVgeypZYRL7Q3ZnM60pailYGMZd7VX1Xo92C5dV6WW2TIhjDOzRHFrEeq6WUTU2kmZrTnpZrOuyFPWrifoFBalFCFwlJLZohRw2l3flxK11Nr1AuyIKLXKxpQS2bJ0nY2b5103tJSUOY6rFiWiFptSBDhbrV2RMidDUXHLqF0/79fDOtMARKnFUleqaqE5szVEm5pdVWpXSwkRFkBEpA2UKAWmNkUURbTMzAYMbVofrEzO5huHe/tTm/pZX6JkGqilOCcRU6bJrusV2DlOKUkRJqMUjGUhu01tKqW4tZZTRCdBhkQo+r5DMQ5T6WqJQCJbOqNIjmlq0zRNwyqiAFizfjZN05RNIFtSwxDYza5RioTTAklJU4ai1FJK7bsqmIaJbKX2iGkYnC6lKCJbk6gliqqK5FBRtsxsaaMiEYIIlG2axml0a621cCjktOVSqp3j2BAGoES0aVwNo1GtXVciU25Ty1ajRgRWhFq2NrUoKlEtFUQVxDiN4zih6GopNaY2OlvX9X03j/AwDrZr10coiAhKLQ5KqaGSbaJ58pTpxFJE2HhWuq7vW44kiTM9tkm4q6WNQzZjU0qpXd+X1rI504Q8m83GYTLR9X3fzcZxkI1zuV5GqXbWrhjPul6pKdtsXlvDTiKqYspWVCzGYVBE13eChEAWUaIQmWNrbbZYYMZpDIHlKRvO0avVqlRKlMPDg3Ga5ouNUopEhKJ2pVJLSadKdWstW9fXruv7WlfrI9XouzoM68kpVLqaHqcxlR7WIyIcEYIooaTJzekpx8wsXZ0v5sbjOKKsUcrHfPiHdH23mC0iStpTm/q+D8lyKKZxbJmz+WxWu/liEV2ZxqEoRIzTaliPBoyKNuaLMVsNtfTy4DDR5mIxDGPflWbGYWzTYLNeD+CQalfDjNOwXo33nT27e+HiieMna9ePw5IIBbJKqSTjMErYLWpV2o5hGj2lqmqp69VSKvPZrCulGdml60qUlq5dVZHblJanMe2+1AmrBJnRVcE4jrV0tSuz+dzYk2tXJLVh6OpMUUJEqJSYbAiZ1lot4SBtrFmNsU1TaxiQDZQS1cooEaVKhOSWLVuxpjblNEVfcrKdCiQFUomikEqpJRS1LzgCImI262vtIjSNzQI0DS0zSygUfddZ2ISFZDFNaaXJiBIlBFJIql2RZBShTNdSa41QZDjkqLWqkG2cRtWiEulsbQwiIkqlqLZM4YZllYgSSmjNgUotEbKMg4Akimw5U43SRZsarVFDiRIUXV/tbM2tpWRSfS0qhVSqEVKqpTNbX/uuk2FoU2arEaQmt2maWmu1VIkknR7b4JTTXe1tWk6oIIuStoQopZTWMnNajWNJEXbzBIISIQfhGuEQRhbYEEVBgWwtFYoSEsMwZmtTyygRUim1hMbWBEKWjANlklOLUiwJldptLBYRoQCzWq2GYQzFbLZIMuVxmFprQpJslVCoCHJqza61kyQD6SQUCNsURdhpQ2ZmZshCzSk06/pGhkSIkKTmpKWqRJispRaJdLpFKZkYbNrU0kkQRGvNaYWGcXImhFBECZWpNULGtmuNvb291lpfK2acRkBRSlWJ0khDEClCUoQsgaWuFKmAJWFny1AoAElYmqZWSmBMQEbUpA3D2PVd7TtPuVqNKioRWOlsmV1fIqLZzoxaQ8VJFMnk1Ep0pk3jVErBoaJaq+SiCBXLQWSzStgq2CqlyFKObRgb2EKS5SpJOE2oTaMiSpUdZGvGSXRlvV5jSildrSIyLVNrKaGppaCEpAiJVCZRIMLYzZbdTEspSunqPC7tnt+/tLextUEpOU0RkTlhGwlShFxKUZSWtlBEOIiUIhTZWtSQlPY0jW6OWjCKYmeEMFJMboEUEQqbKCGDnQiwE9kphCTslk2KhJDc2nq97rq+lFIUIUHJaVItIeU0ZTpKbTk51TKncZo81VLTatOkUIScRlKEnH3XI0soZehKEaUUWWGnRHS162rLViMkQSBNnkjXWhQRUpQaInEthcx0RpGKRKhEibAVgSRkC1CN0pUuakWMbco2YkrtiopbtpYlIhQF1dqHlM6IUksxAoqUNs5AilJC2Zwpwm2akI2QsjUUIRmEbWPXrjjUhmZMKKKoRIAdfVdspmnK1oyzZeAmYyOt2yiEVKM4QlBrUVFIhMIBmYndWtq4RJEtgaSIYoZsraWQMzOnzJY4HBHklGMOIhRISrw8XE5tmvWLblZb2pPBJto4DsMQRaVGm6wIh1pmAEZSrbWqqJaiwLKIiKmlodQCclpSqaU12c5U2ioEUWpp2aZpUtSuq0rZDUNKop/PNje3yBymse9nXdeXKOthnS1JN1NqFEW25sShnFIkoYhIo3SGwimbKNhgG6RaSolQ0DKdTREAdo1qnK1NY5umqaudbVmW2zQhSEqtgmlqERGhhJAM4ziEXLqulGJs59RGUVCAo0RRpZBTs1xqKV1fuxIok9p3Jp0Zkiwiuq7YTNPUshkJQiEhAcLpVCmSVUstXe1nHZIgooSdza1l39Ua1W5Fdb7YKEU0d11NKFGwIKMWKWQTckujGgVkO91oSqdbTm3sSxc1DJlNCpsaJaoqZRwaoaIiERHpHIfJraEYx2m1Xvb9HMjmWvGUaRJyGof1Ku15P5NKG1YtXUstXVVE2p4owmkJO9NTTpluoBpKlDmVErWrR6vlOI6z+byWYnAzYpymqU2zbpYkqVnfRymEQV3XIbACHK4qSYqs/Ywgp+no8KjWLg3Orutay/U0CPezXuFxPWVrU5u6WkvRepimqSG6rhPYdFFrLZlTm1qp1aZlRgksSg2p2TWiq6U15dRK15Va0y612NQSVRElpIozoqDIqWW2KNFHIURz+dgP/5Bu1rfEOHCacT1O02R7GBuWIrq+i9JN47A6Ojo8WpcIhUr0G1sbXS3DOGEN05R2iToNo+X5vGuTaymmSJQomdF3HVKbplKiq3UaByi2u9DWsa2t7e0osb88Cqrk5epoypSMrRKZo3HabVxP0xRRatRhWtdaQqVE7WczMAqYxvU45diVTlXj0OwWUYyyTVFqBJlpsqiU0nVd3ZjNopNUsjWFMKrRz2etNYQzcUgoSrph0lm7WktE0dhSdul6bItay2zeDVMbVkdkhIykEHZEtHTpajfrS6lOt3Hqur5EtNZKLciWcazW65xaV7tuNosI22SbWqZCzlqqnYIoReGpTcN6iBJTm2RFiXTWqLXvSlTkNiXGYBlCMAxDa824REG4OZMSUfrOaSvDgbBzmsYoMZvNjo5WaQO1dpiptRIlahmGdYq+7yMKJEQglSh9JwcYkEJgR2MspWIh1xrIrUFmhK0oRahISKSNTYSErFJrI6fmEiWsUktRmcbBCaXaJpRTszWbdSjSqSAznSZlMt1qlFrC0HC2qU3pJGqptUSJGigiSkQt2RKjENgSSGpYBqeNM913naD2HaaEpCLCTpATEyVinDLI2nVtGu0mZByKCKKrto8Oj9arQTVqia7vVco4DNgR4ZBwpksghcFiHKdSO2EwCIgQlCiAAk/NJFGLrHQr3cxSjkOpXZRCopBNSKTbOJioJaSotdQaitJaM1lrqYrERTG2yZkl6jS1YVw7XWvX2lRq7WqVcJDplq1GRCgUETFNbWqTCpngLKXUiNr1juIkZBQhTZkyAoJQUMJp2+kJhA2ZUyokBenMpihRSogows5sbhlSa26tiey6UkpNO0Jtaigw4NZaYjtLJUoBsrl2JU0pkWbK0alMR8iY9JQ5ZUKrfW+mqWUJldqT2TJrlVtO44SSzKk1G6FSa6JKIKXTEsZkhGpVV3sFrVmhWgPADOOYSSkCMq0oUTS1EZWQwLKxh6kN42po02w26+r8YHd3d2+3r7NuNguKaglFlHA2lVLxODWi2m5TK1GjhCRagksJUInqBmBnc+v6Ouu65pZOWQ4sxmGsNWyhqF0FJ5YkWxFugEPYzqakAZTAriUSZzOR2Tw5UQQeszmbjaRSikRECLWWiWuUWjqc63GwQmCBiYgo4ZRCsjJTBZBCUkSolEiZJFTGYW2HQhLZWhCKIqEIictsELIZ29TVUkuf2do0ohCCnFrmNJFWhG3bJrGLlGmTIsCTp1pLKZ0i7AQrSKihUmubBowiapWTEsXYzmzpoIYyKVEUljAApUSaghSRrUUpRcXYGKlItrNNCtVSxzZmm/rZrFMhVLpeEZkt0zQUQSZEukUA4WwJq/W6lIhSk2wNZ5MUUhS1ZJzWhRoVI6fbNJUSiiiKzFSNEqU53TJKVIVxthzaWIq6roLa1GotCrVsXdd1fVcUreU0TaUrMqUos01Tq6UgtWxkAgoCKYpocthSKV2pkixw1lqDxIkBRDgzWzNINCdWKdVYdkh2y2xSnc2q0+kUNjZRCoAiMk1Bdpsmu9RaiiKkUgIsFUONDsuihoqKUZSCc2qupbaWU5tCICxynIxL19mepqnU0pVauhoR0zSNw2i1NFFKZpJErYHGYV1q10eXzmGcQrbDuKq0liBkCQBFRDiNs6VLrQJZUQPVNk2ZLtI4jm7NQsLZRKhga2rTtF6ls9YZhVJCisyGiVIkTU5JUco0rKMWo5BM2jSPqBRkOSKEFLKztSksyyViyinTUSSEbGtso4hSCzZGUaKUrusMbRqQEIRqlJZNUYdhOU5NSWtTFILo+g4TJdQVrBqKoq6v/WxeVJKstURVLbVEBclMQ9a+DOt1o4WK3SJK7WIas9SqGuN6GIahRGkTCi1mC8Osn4/jkM5auymbTNf1gJUhmhOncSlRKM2ZdpsawhIEJIaIotIyW2u4RUSmVUqR+q6LUkpR19fZYj6b9TgCSaSzZZumUUREAG4tIvrZJp4w2ZxtqrXWroIyp4iaLSXNZ7O+79xaIqdby7QiikQtXYSytYQS4VCqdFHWbSif/HEf1XcFA0IqJeypiChda9Ni0WMiyWmYcirqShdd16nEOI3r9arve0Uhk1BfexTO7BeLnMYLFy91XVEwZTpda9fV0s9miJymiBKllIhSymyx2NzcsiMiatd1XZeZmepqdKVKpZ/VrvY2whGdotRZ19W6XC9r7SQ1N4wUIa3W62Eaa621RkvLTNMkEx00Ste5NVlOwFFqkuuhZTYk0uv12oACky2dLrWrNcapjcNQu37e91EKKErNltM4qJQaxbQaIYWkNoy2okgUKSQFEaWoKFAJaLY8m826WVWGQljCLRnauDw4JFvtS4mYMluzpFCZzXqDTd93tavgNjRwVzuaJ0+JbDtTUolwujltl1JwClmM6zYNw3wxz7QUpdQp27BeIQqMbQpqqRElbDKzhlAZ1yPgyQ5HRESJUEgiSkhRQ86U01FLkoWIIO3ALaf10f5qvSpRFxsLnNmSElMmthFWqSE0tWyt5ZSlllpKRIkQEqGpjZ6Yz2eKXK/XpQZSrVUhSVVlmAbZUTulHLIdKhEhWZYUUcp6mLCLoqW7WkpXTASKUGut2aGiKDagwLZL6SRlepgmSSgjOkzLlukSgSi1AyPZTjuKCCKqaFEipBJRSmec2QQRpUQZx+Hw6DDJjfmim81x5DROaUlp1SIRNqVUlQiRmUHUGokzs0bYglAXVWqZreXUWlHUWoFSu67WbK3lZIsQGIxxZjohal9LKVE15ZSJbSNbEZES6Sil1gJyokxFqbMuiFKKJEJCnmxaiVL6UqIWNI5L7I3FvO+6WmpERFRKSWcB2ZQCKkVSpBlyEkQp2LYlUyKigEoJ20ihSFOkCNlqrbWWLVO4lmporUVE7btaZuCQpnGUSeTMGiW66inX43pq2ZUOKDUUQiGFybBKgG2QqroSYUm1lEAk09SilKhqmYYSNWE9rEiVWoVKUUgts+uKJFmKpihSkA6EBEo73WpEc07NmZnpvhapTG3MdN8ViZwygqgFyxaGQESVaqnjNJRSNrc2u35WamcBSALZkI2QCUFmFsmybQRkTqmIlgZHCSlKKKKESmvZ0oK0QTKlKyUCjEBgprElrkUQtShKtSUJW6EoIQusUvuuli7aZHUhQuCwUqXW1qaWliJtQSlFwincJOGWtpxSlFKyNSkUMhak0kZRQ2S2Nk2ZhnC2qU21xjRlCUVEAshBCUTJnIgSEYpIe8wMCWjNyM2epmnKyUlEBLLSidAwTQrXWt2ydBEKSTa2Q5FpO0MBtsAYZ8vMZpUiFCVQSClNbRKUWquUgBCSClAVgswMFXXFSXOSVi1VESVoNi1UCCmJEhaViFmVArtEpBMDQTinFkUGJYoiAwLbLhECMkuVIlBEoIjMSanaV6kIZMZx7GpNjCilBrIVUSJKKULy2FQ077qwxmHKNKLWDsgpiVCERBsnBzk5nVGKHF1f0hIA/WwOOUwtiqqKpHGcbBT0paYxiohSYjJCoWJnmxqBCTtrqYgaUVTSaWfLllbX9dkmlahdbekI1dqXGiSZBpeulKjGpXZdVwyEKCWkaWohZVrYAtKJFLaNCdGasZ05tdamNjnC6kqU2tUKCEqoZZtaq12XrQG19rUW5DaOxgrS2dUeLJFtCoJaAlkIUDqdLSMUUUspztZyiqiFsNvh/kGESy1taiQ4VYoUtRYkpTNUhErFzjShvutqKUxJRBumYRias0SxEbKRmNoUlK6rU2tHyyNJpXbOVImcLNsgKce0myIggHG1mpq7vsetpWqJQFFCeJxa7UqUGoHQMCwvXdovJRb9HJyTFSrS1FSrau2mNkYpThdJUhRyakIWOY3OaNmELYpqhBJLFpFy7WqJGKYpFBLDOIkIFUsl5CSzWaWEkiwRUYvTxuv1uqt9BG6ESi1h07Jlk0SgUiPtzBaiRqklFCWg1p4kW0Ypfe2m1qLWvutaczrns66oG1pmm6ZpKrWGSmY6m0J910lkyxLdbD5rrS3XR8PQIooiSxQbZ4tC33VHR8siFOFsIkqprdlTlq6bxmlqY1dr7arNOAyWD5fL1TAe2zlWa7QJ3JCytfJxH/1hq+UKIjXhjKhdVycTISmy0dokKH3X11kppet6OzOZhjFblhKlRtqz+SyilC6czbAeh1qjRJ3NZ5NzGoakTZPdmmr0tY+uk8JJlC6dUSQ0tckZCofKfDHrShmGSUHXdcM4ZRJR+nnf17IaRgIhpKKQ1expGjOzdv1s1ne1a+uWbl2ttUQmoWJnV2IcW9eVTA/DunSlENM4TtPU137yuFytZ/08orhlVyObax+kWrYIAORQxZmtjc0KK0Kl4Cy1KtvhwWGzF4u+izIxFqKUiEIbm93GNrkRtdaoUuTUhpbTNBlTws4o9HVeSrh5bBn2rO9KV9KaxsmkiFqqyWE1qpZSopbayCilqyVEKChhZ8ssKgRhG6apiaihUmtEkIkIySYzsSymcUo3KSKimAjZtGmcLealRKklQpZqFIJxmEqpNtO0hhJFlm1AmWNLY0/TyDQdHR0iNhabpZZhHIZpFSqllJBwRoSzKaKWapvMrqsJnjJKqEq2M6MUSWNLT0QpopRCS8skJtvYmkBg21AppY8i2W6Z2VoAUmtNilqLHEW2NGUWKUEBJqfJYUmhUkpE0TSOmK5WUFFElTMLtNac1K621tywHYpQRQoRiogCtDaVUqKUiKCUWss4DuthnM82djYXqJC0nGqUrlYkMIoaETWE05aULVUUKiGkAiSkWzhS9mRsY7csXSTUWgo4BZJQyphUBKCptdp1XQnkbG0a09kalFDpAmynjaBEVVBUXFxK1BIGg502hUgySgmUmW0aM8eDw0PSs/lcUaKqDa2lWzZBCttFiijjOPa1gGXLQmRzZlOUgHQTTlFLQSqolAIYKSSJbJZKrelUKTVKVIlwG9KOEhDplDO6UhQtU4Wc8DTWrhJGIYUhp2maMkVX+6klqATZnEnXdaEYx0klShdd1NamNo5S7WpVkHbfdaVGy7RVSk1niWIn0pgtW3a1KzXALYFUhJFTxs4MuZTSlULgdKCENk1pCMkFEiFQUS2l1q7ZNqXWrY2t+WITmGhVtU0tTdf3SBiVkDMkKRIrqbVKatkihN1a6/tqFJIiWqazlVqVkZkqLkSJIIqQk+Ymy4LMZidWiYIyM6qi1AiFZKMIkSSG0sWsVtsINRwUCQWyYJomRKikG5mz2az0YVO7UrtapBI1bUluU0S0zMRtzBqKUrN5vZ5qVdd32axQRC1RSpFDAUhRSpsy5IhAhKKE0pmZTkdIEYBERBTVCElRSygiSsiephGjiPVy2YaRElhJzmpXap2maRyaimy31lAKo2KDUxEB09SItMlsRAlJAdla5jQ1t5Y0S5AqRYo2jmNOAZIsbNJumYCFghJdGilVKtY0jcaKmq01p6fmRLUEUq0OMidbiqK0FIJxmrI1SYqC3MYkYhqnUkrm1MYRKdNERKi1Ke2+VlAK40DZWmumCxIpmqe0Z/2sRNgepymdfddNYxuHwbgrpZZiZ5smiSglM0OUrkvn6mg5DeN8NotSLdtEyOl0jsO6lkgxLEeno6rUQI5SQzIuUUotrWWJoiDlojBkWqG+70MEkoRJZ2st7QAVRUROiXM26520NglqFEnraWVTuy4zcUMFqau11NpaYhLGYey6DoVTAql0XS2hNIJUdLVXUVCqBKEamU0utUYiSREV3KamUJsy7drVrlRCRSGCUIlSu2iNNjWgZYMopcxns8l5sL8vRen6EiVKRhQEznQmgApqMI2DIkIqESoFCJimTABKKRFqrQmXIkMoopQkZVprpat9V3PKbM0iZbeGUSmlVskRRbilS41a6jhNrWUpChWJBEGUCBWS1towDinm83mphVSjjcNgQrQoUSNKDWUpXWnZ3NzSOaVCUtA8TutpHN0mRelKGVrLlhB2y+au1swp7Vq7gmqpyNnS5KzrmjOkWV9DpZQuIpIWlJYZIsn1el1rRTZyNpnSBaAwUbI1N5cqcDaP42BnZiat67r1ap2ZtSpCtZbGuihwaTkNq1VEiShhlVqH1erocNnXudXG9WjJEKXiTLcSKrUcHa1KSAqTs26miMPDA0URoSiIQNM0NVFEyzZNk6J0Xddam5rt1sa2sbHR991qtV6vV21qpLuuK5/wMR8uaZqmaZpm8w3Der3sa0dXavTDuLKJWts4RoSdpmWmM1u2vquKTqifdeN6ql2ZxrQdilqrokzTWGqZd/Oun9lZu1pKYDVna4nc9bNSYsyxixpRx6kRbsPQSDJXR0fTMBIFNzvbNCkiiHEaj/YPQ2U2W9ipiCjyNC7X62zTfLZQlHGckqylWDFNk0opoTY1lTBtmhq4li5KrTWwpmy1KKhd180WfVVkZmbDIIGiRFeKU+CWTVHS2ZyCWkLg5tbaarW0vbGYq9Sj1VoN1dKmqZauZVsPA81S1K5gWjYLSW6a2jCrfe16OUpBqES0NrVsirparbtSWk45WUXZpnFYE5p1vURzq7XrapfN2MYQRQE0N0lF1fY0jbVE6WpI0zSqlBql1CqIKCrhZuNMB0iqXddatmkCSu1qraWrmbYJqbVmUDGSW4K7Es3ZxlS4RA2lUAkkYXdlVrqajcARnUoVTQkQJbIRBUWNcJQCYGxnNilymFpz3/eInIYosqJ2YWsaB0kIp6PWYqlGCiWlq5mJDRGSoZ/NSi1tbKWIUtI2SLSpRUQtIYIQorUUpAETxVPLbKBaSyCwJIcKEQWk1lJB1K5ElFJsT21CCLfm1dEySi0lWqawk0xPbVzM5io1pzZNI8iQmQkFYVsIuQFpBOmG7aKqoDmFSikIDFLfV0QpXahmplEiSGQF0QsLpy3jNo61FkvT2OwUYFRUS6eQM9uUtQsTxm6pAiYUEkZki9A4tpZTKbXWAtmmVkSojMMYiig1IsY22YoagKFYRBAiPWVLrFK6riak00hSa21sk6QSQboZt2zZQkERdilR+1JLHxGSSNIZJtMhJlsoopQIy5ICNTyuh1qi9l3X11JrTs1JqepUWmabmjBBSIHSTNNkt9p3IAXYJYpKjKtpaq2rUUtBCrvW0jJtQpqyAQrZcrIe1m0ao9SATHd9p9A0NOSiEjai1g6nFaGIKMhtGNJIuKVAIdmtTVIpERGMqdoVFAf7R5nu+lkYlZJuAjCWpFJKqWEoEUWASt87W5taqXUiaxRQthymMaRS5DQGYSlKRYBbTrV0pYsA46JIJGdEqYgIGxUJiQSlcEvSYxswpdTW3KamEMh2qRU71KkoFEBEyF5Pk7EQllVwtjR26WoUrVdD6WuNCghCRaEoQkgUCqEi2S2QgwAkDDhzckhRcsrM1pKCAESU2pcSEUFIRCklouWkiMzM5iiqUQnUPKyXCf2sbzmW6KMrxiIkShWo1GIcUQlk0ZpUwJktVKQSQiFnZmryVAmFTEaUUBhLMQ7jMA591xeEQsJ2ZkYNkW7OdNcVO9s4hsK2M1HpipBzatM4UWLedwmkS4DDNNljThGynZOJqH0fkkEEOUmKkE0GOCJK35eI6pzaOCJFCTukTGemSwRWkSEUEkSpBBEiJVFrTbfWGg7CpfYBUyZFnjLTs37m5tamiKi1U4RKSOHWalf6ftaGYT0OsqUumULRd50UNkVkZliSjDKbZQg1S5TaKbBpmeN6sKQSU2vpVhSyh/XU1yJpnEbjCA3jOE2TS0HpFNm62klqLQnJRIkSxc5sTG2sUfp+FiE7FapdsSkCh2ktM9tYo4ZkSYHlMDk6yVJrkKCIIBndyIwaJWoE43qw3NeqUoCWKIqchLJNmVm7Ch6GAbLUbjbrS41hGKbWMISEcmqZns96p6fWMrMrXa3RMmUshBIFllAo0+mJVJSa2UKhIDNrRJSqtKVsjhI1igpAqX3gaZpIIkpEAKXWWkvpag3amKWT08K1dKXUcVw3Z0TUEpuLTZI2TdGVaWpgITlJT+PU1QqOKAHIR0dHXVdqrcIGUKklSl0P68ODIzwt5osoxenWRqeNsk2ZLVsbprHWEhGG9TQ6KV1FMUytTZOk2vVicibgTDsX83kosk0pKVTrjHTaZPa1OL1arUrpso3DMNSujyBBzZDRlRKRmYaudIWYpsmeIkop6mZ9qWUYhtXRUTpL30WiEl1fSy3gaXIEtXQB4L6f912YSNPVOptvjGNObSgKiBBdV0vpcKqUWmsbJ9siJLq+77qutck4okTEop9bElk+6iM+aHtzpyu1dn10cXDpcBpbv1goXSKiFre2Wi3HNpTaj9PkxDbBNE79bJZtGoahZZumnPX9lC2iqCKH5G42H4Z1VU3FMA4RtUSHszXGaQzHbD5bT9PBwV7X91iEwyYioniYDH3f176sV0ONrnY1pHTaKrV0sz6CaZy6WlQ0NQeqoeX6yG41iuRxGI9WR9M4zrqZzNhaV0qaYRiAEqVlphtBjRqlSlgahyGzITWnIkoE0FqLWktElFpKHcZVV2sIpIgiIKKZYbXq+3md9SWJLgoap1aqppZuk6GrJUqdWsuWJei6zrJxIIMjiy2V0nXGwzR20dWurNsYRRuLLYURziylhOQ0aBpa6YqnJjRM03q96kqtpU5QQm4pTCGilq7WKJYAjAI3qcgRkY5aIlRDKkGQaZxGta85pTPBQtDSERERRSIiQkVidLb1GCGkWitWKMASy+Vh2t1sw5oUXVe7EsrGMI5RQ+qiOFvLliicREQp4RBmyjGdBUUXreU4jggsZFlRuhqlFpWuD5RuQaASJUhnNiJKFERrrQRFoRBpiGzZldqmlpkSadmuJUBAKVIEzcJ2GoAipYRwI1uCSi02GBkkYUKAs9lSFElEdFFA0zQpiiDJEsV2phMUUbtiPI5TKSVU0ikJQaTTNnIqCgi5tYlEQd8XmUxHYGKamkrUEmmnJ5IIRURmBpHpiCillKJsLiqlRGaz1XU9NkaB7WlK4yAy080NaLaQwmaaJpAicEPuolq0aSy1FIXtcRgISlednpK+VEm1lECJIUIoJElWhKQYxtEta601SsMhlQgTESAJKYoAcDod2G2aLKfblFmiQy5RYlaLY7leTeNgDFKJNk1FUWpxKoIICRKAICxqRC01Sikqpa+gJCNKKdUGCtlUpFLcnG2qXSm1wyZtGZRQ5CgFUJQwyAYyCZQmyuRWiWlq6SlUSl+ilkiMMh0hIUxzWhFFEBGFIFtO2QSOwEYR2Zpda7SxNVrpKlabLDsUQMtJQhIOSS2JGo4SRipgKUIqUbCnTDfXLsK12Y5MUSTZwhCr1XKcxq7UiJLNlskstVNIIRWRxmmTtic7J0mldM7WsGwVCdlkThHF5Ho12FNXioWbS0TSnBkKY8Bu2VKZky2wIptDihqIEiWh5VSIUmU0jUOUYtJNRHhqjQg73YyxS9RAxoIaNUqNiBJRIixPrQEKGYRKhLGgJV2UUiqyxWw2K7V20XddVRSCYT1a0dcCRClRipqdhIqFJBRRREREZDZJyEaQThQBnuxQdNFFV9w8TkOJ6LvegUK2TM5qDwgiiFIVqBRFtNESwiqByZbr1VrhrtZaeynaNIZKKRrHSaLrOiSjlg3szFAoEBmlJlmiKoiIohJVKrFeLScmUYBCOAikkIRxGKQoMnIyZWvZZIHsnKZWS5RSkOy0KbUiYaZsQN/X5szJtatd7RvNmTWiOZ2upViOiNr1pe8EaYcK5HoYARNGIeyGKnaIdLbmKNRSnR6nkZb9rK9RwSChTE/T0M37TB8dLbvaNWdrk1T7UkGW+9IRAY4iDIoiNTyuh+YEun4WXbEBuq5E6XBLU7ooLs4ESolsBiWA0ilFXzuLnFJVRYHcplZKrSVK7YBMy04ToallEbaxUKiWADuzubWGooaAsWWOI6hEtCnxRI1pzLFNkhQqXQ2RToioJTNrKaXvnJmtQbSpYbquk9ymjFIk96UzZGvjNLm1UkMU7FJqUcG0nJZHS4JQZE5FIgLjNEGUKCoGVEotU07jONXaBaCYxlFQ+mrbULpOeGMxp5awbE1tBLqujyjR1fmst5UNnMKgiJjSUSRERKk1IkCZjiglou9qa45QKJKsfTeuh7T7rppo4zjheV+Daklg3NW+ljq1NG6TIUMVFDKqSCVimMbV0Wq+mPX9TEV935Xa1VIPjg425rOIMk5TGAW1FGCcpghqlCiBmaZxWK+tnM9mUUrX911fl+sBVEqVkMM046524ziuVqtSOmig0tXAXXQqJUKUKKVOI61NoahR5GxQawVmfV9qGcbJ2TY2Nrq+A6IE6fKRH/L+IYZxDAVBG5vkLsJyay3slElK7Wddb2G7li4K69XRMI5drSql1jqfz/pSxskYilqbQF2ts1KHnNo0FtHVLjOnNpbSRaBZKVFyHEvp+75v6YiSzq72CmVgiFpatszW106SrVJrqVGkgMmOKInamJmt9l3X9UiBu9oTkhRS33WLxQInotROJQoRilJVaidrGKb5vCo0Otu0NkmUvnYqhIOIHNO4lJotszk6KUJEKVFq5yCbQ6Urms065Gxka7XWsU1Cte9sq1SbbtbPap+ByVr75bBqY87n827WTdMQyIo2jrUUSEXtuo6uFMjm5vRok8ahSBsRKrO+TlPaDkliWo/qQpJzqLVzOkpnEITc0shIJpthmlQkotmBUdRaUGCTDG1URCm1uSVgEc6IGhHIznTLKUG1ho1EqSXEOI6ZzsxpygSVWMw3uq5OmbbCrTWmaXKmiEZKUaNXoHBiJIXGYZzGIaLMul6lZHOtpetqpnOacpz6ritdGduUzRFgEtWudLVKjG3soqiUltnaAJ7StgklIULFKg5CCiTZpZSWZLZShKqCghoWLlHrvEPKlmSWqA47Myi2JUBSONOyMyMkyahE1IjJLVvWWgNlGlwiEiLoSi21VhWh0hVJEsaSpWijLWZRSt/XWiSN09haK6VEiUxBSyyDCCFjKUJQsK3EUkQEEU4TCiMLFaVsKFEQjbQBCgLX2jlba5TiEjVqRBQR4LRDuDWpRAnj9XrpnFrLbG5AMJvNnbTMUmchTW6mECFUIqTAtNZUapHSOF26WoJQUShQc9rYlii1OExaBgGJvB4HmksptkNYUYQMIU8TktA0jghL89ncKD1Ika215hqSlK2lKRGKGrUkiS0COSTJIZEtlS0t7OZpHMARhcwpW0sJkx5bCysEIBlJpXZRMm2otdSIaZpaTqV0JRSE7DEnZ0pMYwPUqUatNYKiErVWpdNZu4IjnEFYGVHskDXfmAshaqk2rU0EKIxAEhZEAcsBzaRCBGEUwk5blkJGVisl2tQ6RZRoLQ2EhtW65dTNujZlKULYql2RZIPd2uR0qTUzp3EYhimdklGl2bivHZRhWpPUroZpmfbY0kpFERFhqZS+68exRQmVQNTa4VyvJpy1L2nZxoAs3NycziwYShTZGSFjY3C2VBfO5kZU2SisUIlIpZ1GrU3Y2RoQEdmaglRgSxEEZNpIsiVNk+0staoo025ZIoyGYbQzWxqTKrUgS46AzAZCpNNkZi2hKDUC0+wSEpRaWsv1sJr1s9r1xracabcSXWs5ToMsFSFns7IN6wllVKLUlradOIpERIkARGaqRFe6roQomVkkRdSuSrSWsjAhNTe3ZkVEkEw5SVGiTtNYHH0/KzWa00mNAIZxXK1WBCpdtskta9erIIiIUsvYpkzXUsapRVFXu3QCNYqFTJSKbRvR1V7hJKZhoESNMrYcpzGtLkI1yMzMNk4EciiYpkYSNdIpqYsSQcuWLZHaNA3jVKKUotr3NoSkCIGoXem6GemptczW1drViFK7rkbITkTaUUASlBIhJQkGsLuuDzQOK8SUGIpIchzHNjVBYiKl0tKESctuuEaNWnJquJXoImjTlOlaaJQ2jIm7rjMMq/U4TVIoFFGATINLrW0YnZSZulIUcqYzu9pvbGwQEaE0RVKolqi1jyJspDRkSrKcU4aQiiFKKSWilFo6SSadbRrHBJxp1RIRpbkFajm1lhCZkxtd383qrHZlnJpl0DRmy6mWKkU6DWlHhDOzmZBxqSWwCMnTONVaa1EmRdlaprM5Tc5nC5tpmuazWUK2JgyKglMlqF3t+l6hCBExDkOm+1oRFl3to5TaddM0Nk9BiYhu1hPkMKnE1mKjJev1YZSabSpdF4rWJuSqIBjHEZNu4zCaFthuNvN5H6VmGyQ1t6BAttaIklMSCsUwDAikbFM2HxwdOSeIVDPUEunMbDUqwlPDOO2WXV9k1lMLeVyPY5vm83mt3Wo9DOvVYJdS+q60yaRb2m4RMbVBqO9n0VVlprMoVsO61jKNbWxjjrler7NZQfnUT/hYIWQJp4VmiwVWqd3UpvV6nM/mi/kiitKe96VlArIhaqmLzc3SVdnD0FSqcGbWUmwLR2o9Tker5bzra9eX2k3TGJSu1pSiRcsMXGpnt2x2mzJiWI+llLCap5AWG5tVYTxO48H+QZtG22Nmkl3UhBoRNWSVUhXKqSWqpQOi1ihRS2Q2C0VR0NqEs7WcmvuupqccJ6mMY6NNteuwZaUaWZrdhokKKTxZVhBS2ul0IiglFAEtM22lHYoUMl2pCtrUapSAUjQsV+M0logSka0FJKRbOkupfVda5uFqLU+NMusr0nocau0k5TSVElLU2gma3TL72o05Se662prB/WxWowhZYROIoI1rZyuKWjSuB0ltAjn6TghcSgkFIiJW67VQ6cp6ve67ruuqIqpK6QqKaNnGCVxrsUVROjM9m3W169qUq+XRNIxRiyKyOUJdrbX2kqfmvpbVOE3T1PV9P+uiRCGmNnalRClYtMmAMiSsrkYa7AicGUV2SMYRpUQpnhqhCEoUgy1jO23ZGRCQzXU+KzCNk3CJAq2oZCqt5pYtgVIVsqE1j9NEa4TbZHBUuTkCpxOiIKvllHZXqyIURaSihI0hZJuWCklySnKoTDk5s0aX2aIElGkcp3FEiSJs21gREREREg5oEEJSNjszFFGLJNJumtrkNM6IElUSw3qMCMhpmnDLsSnK1OzMiLDsqU3jlHYtNaJIKAO7q+EQlgQRtZS001kUdqKcbMF81qctXELDMB0dHHRdraWzcHOpfSml1BpRbK+HtSzICKKWqWWzTQaRbuBSSik1W2sjKkJSgNV1tdRKIgkcCkUkIAXRdVUhp0MxZRZJJTCZLlLtughUa9/1JYqFyDamQjWKSkVka1JIGqaxTaOd2dwywZm2s9aaaUWEYpoGN4qUti3bLXM2m5FThFTLermyqV3NNiUOy22asjlday1dtOZxGvt+VqIiC2Vrzdl1M4yKSo02TG0copQItWnKtGXLhRpFtg1yEFHkKYxFFc1TOoJEtRQhFF0fTtKObC09jOuAbEREjaKCE0KtZa211EKCaZk1Ysq06fo+Mz1lP+u7ritRhzbZlCi1lGkcgNoXMrMZBbakWuus65xu6VJK7WoUtcwIZTpE1KoIlSh0ETaupYaKaZk5tqnWKsJJtkZQKLWvUYpxSBER0jiNdipcotQoLhFRsqVQsw2hUAkF2GR0XZUjSRFR65RJ8zCMFrXUli1UFLghqytVUrY0Ni612omJqEerw+XyKJ2160oUGxySEpNuuJaqqF0tsts0gZ0oIoiQSpSQ+25myVNbtzEi+lrbNE4tu6hTS9td17nllBNJ39W+n02eppYRpdTS0sYRgSI9GUm1RBFOcFqyiVnX165Ordl2pmSVYjWbKVs6O0qETJZaAKQgCLJlieppopQSBWcthRKSQCXkNvVdr1BzdrWrfY2INk4KKQgHECohGWOEI0qItKwsUVqbhvWKUN/1hHFgMluAEkeQrZRQRCgiCoFbOqLWWkpkOoRKB6Dsu7lJEdGVNk3YNYqKSkQEmRmhtDNbiHSGSoSUQm7OgvrZrLUmVLt6eHg4DkOUGhFCbWgNz0pNJGwpxwbKnLquIOc0HR6tZ/Nao0SRG+PYJCAy0+lhNUoKAiXgcWrZEC2nWkpmWw+DpL7rLIXU2jSNU9dXCTv70qmEW2vOUksRmXa61FpqGccmValY0ZUaXc20RK1VQaZrV2v0DpOutSulZlpRChI4FNaUE4oIapTMcViPGS4qCaJkm2qtpRak2oVcmpoyiDRWpkuZdXMrDelpbCYdJWXZxjglmVBQJNVaQG4tcERMmRGBZFyihMLEOA6K6PuZE5NFiq7m1MbVkQHLbml3fRddn5ltHEtEKHJyiClbtihFNtM0DtOayek0khS1FEWOLaIKj22IErX2BF2poRiGId36UhQFZ5Sum8+6KF1Xwc6sJUopU7bl0dE4DsOwpgk5m/u+J4Q867qAlo3maRpqlK7vFNH1874ERulMzWoXdXa0XkYpCiFlZq0iSraWOc37DUGtdTKlIMIKOzNbm2I9rbJN/byv3ay1HNo4m88RbhklkiTtKEpnSztrrbXrJk9tGssnfPSHjeMUUWqpq/UwjlNrU2v2NERXZrPO4mi9UtpmuVq1qQlayzrrZrOOxjBOonRdlbQeJkxRROnccrVeD+t119VSamstTQhnNqfTpSudYpia5VAtKkQRWQp9qSYjSt+XaT1N06Qay6NlCW3vbNWuK6GoSjsoUUo2SoRpmCgqUadpUF8k2jiJiKg1CmIcJpyELEqodF0tpdSabhIENUpa4FpntYRKKEhnF9GkKiJKRM1pFEqDjOWQmyWZLJJKRGjKKdPTNNmUUp0pRcvJmYGyTYLSdX0pbRo8jW7taHW0Wg8bs1ntZnYqQpJaRI1Sams5TGsRXde3zFBktmlsJSLkbEw51agWoBKhUAkUISKh1oLUcqIECeFZVyPkNACBUEQJjcNU+1pLTNlCUUodh2HKKYgoMbU2tTFqdQqZzGZnZjbLDOMwDMN8MZ/N5yWkEpk5jBO2US2SIqepm3WkS5HNOE22oxSnE2daUUqUTNdaa604o5Y2tbE1UrWEiDHHUESJlomlCEttHEG2a9TaVaenNrWWUaOoTG2axklE9OG0hZ0KlVLsHHOQo3QlKMa2a+lAmVlUwZkZIUW01jARKqUqqlBmhhQSKLouRWstUIJxRCgICUCqEVMOqkVItEy3lth2ttbspJaiAhElQgzDNLUJrIjMppBCOaWQauAsJYwNpdaimKZxWA/IwuM4SaKEUIliEqABTlIIY7c02SZnRqkYZbOESFsYEwoDposSJYDmBraNW7Y2my36xRxHKaVGhFEJ0UqUrutUVEqxnVMi1YgSgUgyW5ZSEXZGEFE8TaGC3LIBEWpOp5FAAtuIbHY2RahKZFBCtMwpp7S7iMnUEiUCKaCljUFFUCKnls5+1kft0i5S1KqqGkUQEaUvSiEQUaLUPrBKKUWzbhYSokaBsIzp+6pSaq1RokbXdyUl0uMwSqq1T7JELQpkCNuTLTOrvYpIYUcttetETE4nSCVKEApJoSilhElMwyHV0jntJpzZXKIYQghJIQk8TSgQKrVTkJbJNqSVOLPZmSUiimxhKwoinSHZFhhnOtNFINmuKCIUmqY2Tm2+mFlerdfgrptFlQI3+q6CMW4KgZAUinFsU7ZOIiJUAdLjNEWUrusyE9umiNbsYilsI2VrLVuIWosUbbKbo5Y2pZCKbFAqHSEBLkWigEqVkFSC1rBsK1RCSIFq35WQEwJhKaIIW6KEI7pMN4+eWil1NuvDAoxRGEua9b0zk8SJMABWIFq6lJAZxzGKUh7XQ5QilGlsqZRSkCQripQtWxgUCZmZLaNEV0pE2KlQiSoIJFs2EZnNEFFk9X0XNabBIRTK1lpSFBGldNVTS6v0JcdM6BSTrASsEiWiSqmABGzSliSDaNPUWlLkdE7ZdRWHjEJSZMtxWNsoisjWMtPg0pX1MDhdoggRUinCmQkSJDgniFQWRXObxsQuJbpaRditSK15mkZZqpEt01lKlzlGIGM7gAihUruQ3Nw8zbt5iVDDUjo9GUnKyQLGcUJWRBQJjg4O11NbLPradSE1WpsmRYzjECohMluUyGy19LV0LdtqtVrMZypaLtdTG2vfz7t5FJWCG5Czflb7ElHalK01SaVWZ7aEtOSiolJqBBGllq52inBrUsxmvXMahikUUUspZcrMliVKBLZqiRCtTZlNKi2nNrTEQUgqCru1YRyn0XZmw+lsY06KCGlcT61NCoydCEfXlYggSlFXilQymyXCQTXOcVItXa1taKXUvtbGNKzWilJrF1KppZYecsrJCAlcu85JtilCRcV4HFtzJllLVUiOWmI1DtlaP+u7WqZsmTlOo1Rbm5qbTYliZ53NZl03Tk2koOu6btZh4ZEaUikyisBd7VXKNE2ZGaXbWMyHYYiutmmSNFvMWua0HqPEsF6LGKdBzhK1ny1K17vZmWSWgq1xHGopipqttWF0a7P5opRaayhKDWW6RJQSnrAsY6ftCEmqEem0U0Xz2Xw1rARUZZtmXTdZImutESVUpEDq57MoxSazrcepn8/70gnXqLNZ39VqCalGTNPQpqmLOrXJ2WpX3ZozZ7Us1yPOxWJRok451a5GRPn4j/rQEiWddi6PjrrZfDGbm0xTa3XSptZFdTCO43q1KrUvndJky2EcL1y6qPR8Y3F0dGSjEnY67Gxp+m7m4vlsgUs6Z6UvXeckyaiRLdOJaC2liBpRcaZRFEWZSdMwtJYN6BS11tl80ddONaY2yRFmtR6GYSyVKN00TekWKuC0axRF2M1pB4mG1bplK7XUvhaKCBlnSgzrEZVSK0TmhCIkoyKtx4Epa99L2BhkG2wDJeo4ji3HIDJdSmm2m0manVOrJUrtwFO2gFCU0pWQw6EA2+Q0qPatjcMw1CglSomKs9QSpZaQM6ecpmkY10MtpXSFTEhZUeus7zNDclE48NTGcd1wF2XKxGS6K9HVbhzXw9AUsgkFFnZriZjGKZRRpCzIICmKSqYzM7PJckiplpNUaimtZSqxa+m6WppTZCmVErO+L1Fs11KjdCItzfteRGJFYCan0NSsEhESmsbR2WrXmcwp2zg0GlEAo1o6nHbWvge72biWKisEeBpb6UqpJSSFWstxWguNHp2qEW1qtussCiXBpkQ4VCJKdCWilAi69BQRiogSMkSWWhHORJhwUmqJqAhnDm0wrrVSCpnTNAE1lBYFbKlExJTpzKKiEImsEBCttYiotU7ZcnLUrlOkmnG2Ng4TEV3XGcuOUkCmIVm4NUNE2NgtVNI5ZYZkVLuu77oSFYUCSUICJ1FFSiUkichsKEqJCLWWaUqUsFNpEyEUQJRiyMyIIHO1HEKxWCyi1GythpqRJCsFUmstonS10rAsIp1RVGu1hQhJKKK2bK21fj4LhZ2EnIxTa9NYItJubTICg9uUiFoChYoKYTsz05SQUERERImIiDa1aZpsoqpGpwjjNrWqiFoyW04tonSlGmyn0whFQbZtAwY1ErBJpFCEBHI6p2lqUytRLTAtE+U0JSJUo5ZSQiARwqI1l1Jkt9a6rpfc0sLZPGVzS4uWriUMgSzSKJ1Km1JKZnO6qCCVgKIQUZxJa81SKUINy0nzVEvUUqNEtjSNiNambE0lStc5BRlR3DKdZEsjqUSVouUUKkUFGeF0jXDa4VpqOoUjaiklUEQIUBiMwZmAo4SL3cjmCASZiQxRqxQBKFxqdcs2tahRa5hobQqkiK5WiXTalkKBG0kCQq1l0qIEpoiEUNgiXGuVaNPQEmRn2g5JtUYpAjARCmVaCoJ0juOkKE5qjWblNCQAmVaUru+b01BUEjuz1rDVnG4JxWqZBkcEJrAU0zSO0xgRtdS0BaUrgpYtVBptGKdSqmnjOIYipBI1gpYgl5CxFTUim1smSHbL7GZdhEyG1NVeRSHCmpiAIqRSalEUJMbmcIkSkkEtJ2VYChMUlVpry3SmUIBqyJZFoYQSh4moxlO2TI/joFJqlVMFGU/ZSpEVLb2YdVGLBJlp+q5OmTm0UohS027j2C9mJSJqmWhRFCWcbq2VKApltmyTkxRtGsC11jQRESVqKaSdNLfWXGu1sVRCNgqKuinHqaWVoRIhAmdOqVoCMY5jLSqlA0+tqbC1udV3XY4ts4EwEWqZkopBIqKgyZlutueznijZ2rQaVNXXLhTGoKildF3tamttmtKCEiUiSkSU1iZEidLkUMnMaRxznIhwG6Fkm2wiYprGtATgUvsSCY7SlxKZObRGY8xWozo9tpY5tilLiZTHaULCHsdpHId0IQiillJKaW1yqKuzQEBEKVECKbABKWpzsy0FCSROFAZFKFxKzSmbJ6yqoiBKKEIoova1RgE0jCN2hJqTpESQObVWSg3JUKqcSZoaXemnNi2Pll2ttXahyDZla4XSzerYJkybGlBLtEbSsIQN49i6EqDRU05WVwrRWgP6ea8QkDllMg6jCKNhGmqpAMqIUrous62XwzhOUXBOmZRaW3pcT7O+G8dxymExn3WzWRDCfdfVrrbMaZzqrIpYj2uZCGofbh6nBp7atF6tV+t1WElmy9rVtGpXSu1yHAIpSsssdpTS0k6Pwyhn7fpxtS7IoRI1ag1F1BLh9dEy7flsRpJEtoZo2TBpd/3Mdt/XQGObSi21FLcsn/AxH2HkbP181nd93/XOVkqpXYxTG9crIEqQWWu3sbUFWaLr+84tQ8y6+fbOMYI2jW1qtVaFJOWYKYdUuipJoihSNGfXhRRp1BUlClS6vnaWI11KuOU4DZCtOexSImoYTS0FiaepZRtK6do0jcMqFKWrmc0tZawspbbWakSNMo3T2BoGMQxD15Ua1Q0ra1exphyzZZSiiBqqpRjaOBVRakyZTHR9V0KJ2jhKkbZFLaWUShhUSyUdJYKY2iBVB11flVYp2KWUEiLAdH0XpYREKcMwjOsVilk/o9S+zkqpadJZamfRpjZOE5hmJwXVviMTyRZEQJTSPLYGiMDNzRlEFFpmRBiTqMjpyZNHExE10gZZrlGQp5ZYLRvZjCOi1KJwCUxYVEUTOPu+L6U4MwBQhISkUCl96Wuf2Vo2p0PUrorEZDq6EqVmJpmqEVH7EkCU0kUBFFG7Ts6WWRRGtIZYrQeJWjt14XGyAiGh0klu2TxRai1RJI9jy8xpnNbrZdf1tXa1hEopJVIuUUutYSSFZCeGYiEswpnObLVUT9loRSVKyWyIzHS2EoqICFAx9tikiKKAKdOZxooQEHK2TKQQhGSnVCSBEabYWfrSlU4SokgWgSLI5iiUGirFmVIQKIqnJhWcIUUpGNtGQESUUESptQph1tMgjFRKjQhJCkUtgDDIdikClSpJIIgIDFI4DQiVopZu44QNLlEkUZSZdpaumxJwa03FaYOUoaLmzHSEJLAgmu2cDAYUmZltsrOqNFshFKVghKldlRQlhEupzcYupZZSMt1aS5sS2aZMSlGNSgC0TNt2SgG2W1qBp2FAqn1XSm2Z0zSiSKdthUIRAchym1rtKgq3lq050zaKlpOdkqap2ZYxWGqtkU0RObX1MJQohEsEwmkM0tSylAjJkTjsycTUJjkcRCjTRZIAg0otCjlzbNM0jBIKYUE206YpW4taIqI1g6IqCLDTThMO1dJF2rSGiSiBatdHkZsUyB7aYAhEAEXKbBlVEUQpYIsoQaaS0tWWExQCpYydSTqqRJnaKEtS5iSV2kmOCEWUEOAGXe27WW9jZ8sUqBaIMGMbSpRSeztBUUJyiYKYhpaZEiGFSmZGjYgiZZQStYSlkG3SIIWkMMaZNm6KGiFLKGyDQ5KiTW2aJkSVJE1jpiekvitRuxDZ3NUaKs5U0HVdqb2cDpEpRRBgQ0QpNaQiMqIqFAqHUMoIRQk7hCXVUhREROmqbBHpLKWSWaJEVBVKFDuzta7rnA5JJYzDOU1T0iJUahdSmxyF2kU6WptaTrhEKI2UIqYcybRCYSetpfFqddRam806zDg5VDMz3VrzOA6llpAUBRsnUjYPw1iq+q6DcDZJXemiFCkMJWqU2pViaFMjBSlFqVUSKCTLilpqiYioQRZnAyIqIEVElCi11gi1dMsstdZasjlKUQiphGrt7GzZWpqIvpthJ1YJNzsIonRltR7bNAal1BoRIkqJlq2UKFFLqHaz2hU5Mt3XbjHfQGrZUKkhp+zsZ30thZCN05ZtsrUSMZv1Ldt6NbQ21dr1tQtEUZuaTERJY2y71iojm1JqKc4kMu1pGrBrrcM4pqi1irA8TKNzapl21lJCYYig1h6H3cCZOBO5RKlF2VJBX3q6qKVIUUqEFBEh1dKRretqdMWp5qk111L6Wd9aKsjwNDTcHGpjM1E6CUqt4TJNaxFd19VSwEXFME1j5lSiQ2puUmQ62xRRogABtKlNw0AQqJYaUrNLpUSNiNYmWeM4DcO61s5TZiYRUtRaSinjNIaKQpai1HGahnHo62yxOc+xtRxL1xVbgbPlhErQUqVIgWJso+2udvNZP43TuB6avbGxMYyrYZrms8W864iopZRSGi0nd6WWruQ0IJJAQlGkKCpRxnEsUqmlTZOdaVTCk4+GZVEgrY6WKtTat2yhMHa6WSU0X2yENOZkE4WudigChnEotS9d16ZpnMZhNTioXdeGYcqp1t4RJehqJ+TQOA6rYY1cVFtmKSVKWMy6HnASUbq+lujGNvVd7btZczo9trFNI1A+4WM+fByGaRxrrZgIbLp+No1DphVlNluAgig1ChDCETWkKLWbz2ellGE5dH1fatRaSq0hpWiZJahdLbUPaG7jOAksjatJEsg0UBQhVuthvR5q11sap5TUKVRKrVUGLLm5KYpQyyyKNJsb88V87qS1VmqZsjkpRZoy+jplG6YGzGfzruuLFA51VdBMkK1lLUUKoXnXU4REAEpnoGxNtXa1rMfRtkopKGpB2ChKa+76LltrJLaRDOFauhLhiIBhHN0oBblkpjAROU05DVLU0tW+Ri1FAR6noZZao0hMrQUhHFFqrVO2xXze1a6lpei7aiyMYhpHO1VKEYroZ10pxUi4rxUiSXBm62pvG1FKZHpqrVId0ZWaObWWkkotaUSSgEoUKTLHFvLUiqJ0vUUJYabMCCU5ZWa2abKEjKRSO0vZxvWU05RTm0IBClKWLWRJ2ZCdJCIkp6eWIdVap2maskXE1FoXlSAn2whnOiSc62HoagcpSBwKFYVK39dSulqjRMlMLJPTerQTQKFMK8JBlRstM4RCxY5ahcY2talJAre0nZkOhaiTE2ctISGp1BIKSdhIKqJZUrY2DlMpoQgnEq2llaUWCKGc2tQaRJQSNYpomYpSSjGESomSEMa2FArRbAhFZtZSCbVMcMgQUSSkUEi2W8taatTSmoEoEY60A0VV2rZDUqnOFFKUAIJqKSRJ9mSXiIjIbGl3fU+Es6mooOVyuR6Hvs7kbG2KKCWCiK4UFUIFwDa0zJYtQiVIE6UosRJTa1drtOZsgxAGG4Rco0QpAoUUQcuulCgFIUuy7VB0UaPKJptVNLUGcmaptdZaam2tYSKQVEqRJQCcYEB9rQK3xCadSMamRHHY6WbXWkqUhrGx5cx0N+uiRIkSJSR1fR9gEJI9TQkRUSRaI+So1ZltykYLRZRSVCQrImoNGUVIIClKkLbSrTUpSgmjsIkikznKobCSzDGdTjlToYhSaokoEVFCreU0NdUgIm3n2KZWS5VpTiyna1dqRInqbMM4CpVahKY2ZcvMHMexZc4X8xoFWC7XdosoAatxNQ4TgSFCmEzX2uNAdjanVSoAyjaVILENltPISponOYhADkBIxSAQjG1skyVUpAhQKMBQohYZQGCBK5cVKbO15holaq21SHKSziKMuCIxdmtRKrbtEsVWUUkEmXYo7Gw5tUYpytZaZokKAhNBLSEiwlCiIGEKlBIYmaglSshOXEqptUxtatOUrWVaEBEGcJuaopautGlKW1EicDqdNpmJUVBrJwkJK42w09kc8jANOVnhvvQKyMhobUJyiWIV1CDbekTualdrF5JKZLY2jgpFFLvV2rfWikirecqpOdOZs9k8akzjkI6u73Fbrtc5NZOKEtLUppYuRS3HNNjNWVVaOjGyAjdP49SXfhxWU2tTaxEikQV2OjrZGoZ1SBhZyCEZBVJXhadxmlrWkIhsaZuITpHpVLapjS37UmvtSg1FgEuEsZFQgAUtIwLU2igJA1lqJ9nNYMsKrVfDlC1KzTYJKUoE2M2UqFNraRbzuUo3trFNbcrJEdgmASmUnqapq1USQDpKmXXzNqWgdBVUa4lawDIR0fV9tUrXSVItmZlJEG1qzQ6pq9Vu69Xa2braORRompoUtZTMKXNShCKkkGQJCAVKp9JZSrTJmVMttaqjWEVkRlQJp9MEYdowDmBFjOMoY0mSpBxbkhGB1NVik5ltaoEIWk4RqqXWWtMpRe271qZM7JTCSqT1OFapq72DbA0hyjguMz2NU2tZur6rNHsaxy6i9J1by0ycfVdrsDw4Wi1X0ZVZP4uuE2E7gjQikNJuY0s7JIXlUkvUriZJapxGN9tBy9p1pXZ2qiinrCIzk6R5f7UqRV3f4VDIJgpBDOPoxnzR1dIltrFbm6YoXZRoLSPUdX2UWkoJok0ZNbpapnHEDKtVjRolMidMV0rt+77GNE6h6GfVY6p0pQYlMOEoRbKbXUpfgsyMWhHr5cp213fZ2nq57vs6TROmlMj0erU6OjgqXZSP/8gPBfezWbpJ4Uxq6UocHh6th7XTpS997emUk8fWulmfLYVrqeMwDuM4ZZuGYZjWUlQiIpy5Wq6lKLWfpmyZESXHKbqysbEY18M4DBY1IiLSLVsWFLUo3aap73pZtRJRWxvXwxCo0VTq1myBhFMEuEgqUWpNyDa5hJyl74piuVplm2SXWmalukQtihLNzjbaqgoMctf1za2Ng2rklNlMpkKBhcZstqVQUEutpagUwjllKKSoUSVP4yQik5CxWhowyCpdQbSpCaJWO0OltanlBJKZLfrVep0tS9dNU5uGnC36rnbILVtXap11ktdtKKbUMmW2NlVFBC1RRDqFRXS1SkSUUJFpUytRSoTsNFObhjYGiiBKrV1RqKt1bNmy1VAgULOjRpi0W5vSzWZqo6glhD1la1MLSUJWZtaofVdzsjNLKa3ZTquN4xAJIkK1ljBJdAUjQsOwnqYpVFGqxDhNbZgIYdmt1CoF2GkgcK2lNWdmrVVRFDWKZDdaLX3X9U5aDlFqV2prk0FWw62RbsZdVwUIRCAimqegWM5pIlOhxKASBVIgkabW2kUYyapdZ7m15patpZ2K4kyTToh0WkXZHArsWmvtulLD6ZAyU1IJYWyXiGyTMQ2MIiIIJBXbbZrG1sAqERK2BIpaomWTlVgW2brSIU0ms0kA63GYpqmW2vV9a83ZwkQtYxtDYaWbsOyW6VqrYD0OzU2WogzT0MYpSpFwuoSIUAgMEUU4s3nKCVNLLV1MmYn6vg9FRDhVFAZwc0YgiUSFKEVCFuFSiqS0a+lKkVTStu2ABGxhe8wpW3ZdL2huzsy0IkoXIgACJWkkEKFSSqhECdlya6WUru9SCDJznMYSRQhRag1Jge2xTRCl7zFtXE/OWooi0kgqUbAUrhFG2bKoKCLH0bZCItwaKC27RakRoUhjuaB0Stmac5xalZDcshRN2SKK7MRtmixERCgzM9NplYgiBC0tApVa+64at/Xoqlq6TJt0ZokCynRR2M6pRQ1Z2ZogndMwTW3qZz0IXEuNWouKbQmQSum6LkrJBKdUcE5TqyWkIhiHcWpjqbWqlr6GFDWkYlRKJJmZtRbbzmlqQE7jkG7G05hDm4qilBqimWJayzZOSJjAIBCEbEUglRIKddFFBCnBNE0SRdh2Q+EoRYRxqcIYZzokS62lpNYy3ZxZa5XdnNhRSim1lK4EREhqtpxRS8vmRuC0VSIkqUSUkDLTOGrYKByShBOw3YoqSptMptaQRYQikdukEs7MsSEUFYxKZkN0UVMOKacmKaSiKLVMrQFRQ0QbB6nUPkJykrbbFKXaHsYBK6QSoYh01uhUSEuhUmsNtWnoohuGYbla9X036/rM1mxCtpTuapciSkFgxnFNUFWiVlmLzUWE2jARUUpE0TRMbcqopeuKMVLLrKV0XVejSgEK2ShJLNLGdpKUWppTilo6pBIlnSaNsrm1JlFqLRESUQIotaZTiZ3pLJIVwpnZ9V1IiIigeWqNJDqhQjhSlVQNoEhCSIlby5atRCA5OTzY2720K0kKhUspKjUzV+sVzYEUCDkntwyFwW6ldH3flRqIaRwTz/pao6RlZQ6NdBRKKWmszAlFSgW5SaGIUksUScNywJQI4yg1asnMbBmSRERRkK1BSgpimAbhKCVBxrZKFCkIh7NZEUGM01RrLbW4tUxHKSEFUq1tHFprkhRRooBw1Fqmacw2yXR9mGjj2CAipjaNY0OWogSKGrakWipWyzGnFhHNnlqTBZRSIoJw2hFiwm7ZspRSu5Ako6KokiqorUfhsLqudqXrumo0TpNa62d9RBnHoY+udt2Eirj77rue8qQn7Rw7NpvPUXTRSUxTI2LRdcbD0bJ2vSK60mFPU5t1fYku3ZRS9dQmUFSkwMZpKKqBo4YUciqilKilemrjNM37fpqm9WrouoIURERkZkRpbbRday/n8vAop+zmfdfVNo2ZLqW0nMKgaNm2NjailsxcD+tSopSQQpltaqULkO3J0zCupMgpx2Hs+q6r3XpKt6yzEggrs+EUAbYyJ485pu0UYDLkUrsIgcpHf8QHO1vXzaQotQxtcsujo8Ou6zfmCwulCLdpbDnlSCjkbCk7h3EtaZomULachqGb9SplGqfJbbGxUUttwzpzpEgQxDCsatd1s3ktKl3JzHHdZEqtVZGiKiJkWablmK3ZLl0R4eZS5Uxjy1MbE2wODw89TV3pCZeQW1MUy13p0zjUpnRLFY1jC8kkNtiGIFSmsaEopaB0JhG179y8Wg8qtZaqzHGYIpTZlKzHKZ3CQnYzqrMaRC0KRZSQAJxYxmS2rhYiohTbtZT1sB6HdSl1msZxmto4djW62tuUKIoopYxTOl1qqbVmerl/mFCjS7e+VKFpyuZGurWJqLUqobUmbHtqKZFtdJSWrbWGmNWulBKlYJySVCKcbXILlIpSpaTv+lJDqNRAUkhGQqXUCBCSQRaCzFpqRG2tNbKrJSKUtGnav3QwTtN8vqiSFBGy7NSE+xCltmyh6LuSGAGKUiNKKATOVNRaRarUQIVQX6tKpF0DRUQoSpdtcmZiSS0TZxvblFOzaTm1qSu1RAFD1NqrlmyehjFqZBtbsz1lSrKSpKVpUys1aqlOO7OZEjRcQmmXKAlOiAiFkNNWDkMzqhRFqJYCguYmQtCaEVJQFIqpjZmt1GIzecIGiXCAs5RoZhxXIkoXmdgeW5OkKIADJc5M2xgoqEgNSCKiRJlyAicOFCXamK25RjjlTIKQ0lYUbFBXIqJIgFOKCNvZ0rJbQyFCYKhFKbdxms3mXT+zidrVEmAL2U3OzKlNMqBSihSkp3REAEgRCkWmszUFkpCytTQhlRIlikxITk1tUlFVMbRsaSQiBGHbSUJIIdkoII1wpq3MjCiSs6UULTPSpesQNgJjgja09NR1Xam0aZyy1VpLhLCd4zQWYUIKoXEcxnGgSALJmLTtbI2izJbNtdYSISBtsnYFOYgM0VqUWkOUcOY4ta5EKdFamgikUBRstUwFtUQJYVFKjTq1iUw7syURJTSlW8taaiklSrWZphEZcrUeAaQIIkpESIRKFLVxysgaJRsKQuE0Ui01pHS2NpGutRAsFovZrEcSbuSsW3RdgFpr0zQGRSVCciZpJJVQukEURWhsKStK6boqEVFwAzJbRCCE6qzUUgkBwzSCu65MUw7jOltT1FJLhDJzapPkUvsQmZlBOkmilmmaJKUdEDVstanZSEgKlUwjpOpGREQNgSTAOJykiaAoHM2NUJQqKSTV6CIUBdvGtkQXNSIAOzHNDmHj1ixKCGQgHSUQJKSj1iBkMtMkpkgqRQqJUEQp6WzZnAlIQRrn1FqEUKQzUCgkEyKNIiJKSKV6nGyVqCrRWmtTCylKtdOtLQ8Pi2Jrc9uh1to0TBFl1kWJMjmFpBACxmkQ9LWfclwt19my9l1zs4hS3No4jqXGxuZmhNbDaFsQhAILO0spETG2qbVp1nW1dpIUpXRVKBRd7UqRQhjbUti0NmHP5rPadShac5QAp00mgG1TuyJCQhElAsLNkC0dJbrakQ4pREsfrdckEWHIbHYDd7XDsjPdSikGpK3NzQKpALDbNEWUrsY4rds4qRQRQOkC1Jwhau1AiadpKiVQhIo9YVuWo3RVilAIJ9mMWpvsMJYw0zCkUyJCiYOQaNPUpmlqGVFq14fIlhFRapWYptGK2WJWS8EmotZS6iyKnAbZNhJkTmGVvoBUihpTG8ElVGsXoRodctoRShskSSUkt0wyx6mVEl3XAaWUCGqE5YD1OEYJIshUCREqUaUSoVoimFoiB9GmqWUm2Xdd7boiZQKKIiBMgkAdMhEac0qIWkOAMwnU1ei7brVeLQ/2FvNFiXLfffedO3/hppsfdPzEqWFYtZZ917c2ZpuQJCJK7boS0fWl6+rUbBK5GWxHVEVEiMgcpylby6ihKNBshmE6Wh1GrX3thFrLkKc2hiK6WqNQailRogzTuDxadrXbWCz62WKcpmGaunkvrKiBkmeKUqGV2kWp4zC2bK25i9rcxpbNLbo6qzNo69V6nKY2TaXUUjsVlVLHlmQi2VhqrbVpRNHP+mlqWLN5rwzjxby3yJZpzWd97YqT8nEf9aGlVgVdqWnWq6XTkmvXpSxFlJDlDFu1C4xKCSlCpdR+1lWVfj6vXe1mXT/biGwu0UWNUrpSKBEEadUCsVoupQgJZBylq7UiwtgZKobMFG7T1NrUwKaW0tfZ1Ib1cjWNU+mrxOHBYa2lRAGiBJItSdM4GpUofVdSCpM5RQjSzaXrZIb1mEYyltNdV0pRRFHpW5tE1FqHcWjjOF/Ma4kEaJamzCiCrFEJpEhFYBtnOsmgRCcRkkqJElIBJQmZooto6VBsbWypiECor13t+xSyLdnp5pySkiVqZnPSldqapxyQBGObxjb2fU9EZpZQgppbZimFUCGQnFn7KmmcJlrWrsv0MI0K2tTAEVVRa5FCWKGoXTFya5ZROC1FKZ2kEA6BokRYyBGlZWZLqyStqExpZ9qpQomuqyolVutVZjqQFVXTlNEVOeQMRQRyAWVmBBFFuLUG6qosKailsygEsluT1FobWwOcbjnZMtnXzmRLh8LOWqBEiK7vhRppo7Bt42maVMJGqJRu1vdEQSE0jGM6o5QIYVpOshAgZyohFKG+6xQqilIkO0qpUbquEAEIpzPTUpGQM7EAHBFubX24XI9DBBDOnM06SYY2OVuLoiAyXWotpeAGAVYpAYqQUESNCJVSZFNrEBEis8kiUEKNoiKrpSULRylSJK2UAJUowiWIEl3XW87m2pUSpWXaKUUomhOhiFKrnDZCJUra6VRELWHLZEQoShDpDBRFoWIpIOUapbkJSdhumdgWUkgYg3FmZpQileYpajWmhBKFpBKScUihaOOUnqKUomqyYYCEQChKFyKKbNtIIiiAFFFs2ygoJUhPmZnuuj5bTpNrXyslpTQGEko4YcpUjmMLldmsR6XrIhOFMHXW9XWGDFFrjOM4TpOcpVQS1YgSTrAjIqJGiWwm25SJQ2nkWisUhSIEUUK2nJRSBBJuebRcHR7sz+bzxcYGZmpDqJZaqkq6haLvOohpmmqIoKo4CCJKIR1RWk6SMokoCCkiAhiGIYpaJlbL1toUERGVYog2Okk3LEcJoWkau66qhlApioggJMZxEFKJzEbS16i1r0VCqoIyTSMhAVG7UhJCESoRcuZyNZCJ1MaptRZRpchMbLdsU+u6GhG2IWQEtltrEUJpkELGntIuVV2tSG1qJQKFZNIuFCJKZLo5MQ4FJUJtaFFDkpux3RJJqGUSGGpXa6lBqJikTVPL7LuetNOZRpRSbKNIt2aLogjbqqq1SJE5pV1LR2DLpBOCiBIRpCNUokRXqmJyRokSpYSm1mzXrkYUg1GEjGRnyHZrDadKUeaUkzMjSgmE7r377qOjwxPHjtfZbBjWIZUaOaFSCEhPTmcKlRq19lFCoZaeVkOUAk4rp1aIUmqRKAVitV46E7vrekVBZEqgUqLENI452rYiI2oJRShbptMGuTWbDIXSJbBJMltLO6cGKdFssBwGLJWQVApGwigUkW5TZki1hsGZCCkyc3Q6LSmkcWqhwEpnLdGmcRjGrpZSu/m8x4zZ3Jy4SOmstYtaSylRS4k+upKyXLBrlCg1cWaLqDXCRgIhSRDRRfE0pbFkQm4UkxGSagmFPLWpTf2sn88WtqfWIoRBoFIiImR5GidCJaQStrCiRBA4hcIoorUp01MbnZlOORHZPJJuU9qBao3WUkRzJqoRKpFTrleD5KrOnogoUcdxaqMz3NW+1lprUFSjCAykx3GyW42S6SgqKnbLnKRICDHlhBVEcyoUipaJFVGTTKczu9JJuCinJgmUOaUhiQDoam8cku0pEe3OO28/2D84duqEImb94vrrziwW27g5GVtLrBqG9XqQ6Wez1tp6PRHKliKntKWiQkQJZWsQEbhlRBRFKaWWsp4GcGvDOE6CTGNHgdC0WtfaZXpYLwl10Y9trKVGKf28b+mpjYLZbN71/TROWOkUEM6W0zRE1KIYWxunKRSzeR/hbHRd6Wqxo2VzOrMBXVf7vmvDGArDOKUUtZZa+xJq2QiV6HBm0txW63WpmvfzKS1SlnEtEVHTWT7hYz9CCjmyZebUjILFfKOgKVunKKWWUtOTM4ui1N6a0llKnxCm1CCiRKm1xyyXoyAl0WzJsiHoa53NekppQ0s3iVKqZCFJEw2i6ysohKKWUrr5rOs65EqptTNEKbXWtENRS531XdfNUURE11VJzenMqCUUKRfJgHO1WjvUlz7bUGpErcaL2bwq1uOQ2aZmKUpovVxPmeksEd18IWmaJnCtnRTOLETXzWrfG7ulDOm0EweUKOPUBOmcpuyiRAS4tUlgUxUts62Hri9talNzqESpRTFOraX7vhZ3ESKwNLVxXE1TttpHSECUisNEyylK5DTZrqpTm0qpwOHBoSLqrEzD2PVzTMuptQl7ajm1sS9VERGFiJBKFRnGmRkRLbNNhsTKacpsgK3MaRwdoVoim9MTlgKIUku2pqDWKmka127qStfPu9rVtMc25ORQjSIpJMuyHaLUbhrH5lZqKYroqnDawzBJLiGruDWQQpkpKTNLFIiQQjGNQ9TougqBUmBTSi2lJOTQau1sK1Rrh93sSEUtfe3GcXBzN+sKUCIR2WSVGlFKsadmiai1lhKh0hWShoULESWmNiFLsrEFqFa1th7HCIVKqQGSRJRSI+TMUOjg4MDBxsZmlFCUkCJKlGonUkEoBCpRo7SWRrVUIFCppTU7AUKKEhHVNEVM05g2EgWao0aOLdM1yHTLVkopCougRJDOaRyxHQWR2aZhUrhIzRRFKTKqUq0lFBFyy6l5HMaIiCiASRvAaWdCFKLlRKIgVC0rmXK0qaUAIWSFwiSKGtVOSbYl2aCICLthUeSWbWq1FEXYWUpXQmBCTDllU6iUAAURtiJCDFPDLVRQSBI2hEVICuRsmS1BAHYpXdRA9uRai3DUKsc4rsf1OopKlKIoQUuilr4Wh6ZxAESshrWcthBubWojVq1d35UoVaCqXHvdhpBEGJdasdMAESEF4RKBAjdFIGjppEQAEaRYjwOK2cZ8MdtUKLPZUbsqnC1bphBO1SIRAgJskpYYcCnVZCii1lJDqERI4DZl1toZCbK5r0VR7IyQJ7I1VIoUpQpLwmRrDQJqhKTWGknLFn3X107OKGXed7aOVkfj0CSKqmpkm9xca1XAZBe11qScWlOUWV8jqjO7eVdqkJRaAlqbLIpKSKX2UaNNbWpTlNLVrpSgRGs4m1FEIQhI03U9yM4kq0Oh5uaWUkTBCFuSkIQkO0PGQpBpuZRCGkJyS2emDbItyGFqIsFYUSIiIiIikARF0Xe9RNrOZgMyIKGQaOlxmgQKRMEoJAXIONs0NYeI6EISkTgbtdQ2Dq05IjKV01C7fjbrcphKKUTY05iptHAtKtZ6PLq4e96KkydPpLNBTllKZ5KWiAh1UVtrRSq1okyTUw7rsUT0s772nUJSTNNkUaJKWLSxRXSlK7UrRRqGobWp1JrOaWxdidJ1CgVMzVOb0i0UFplJlJCELKJIlImpIKnUCJUiY7sQXa2GqQ2SSlcBt8RYOG2TTmUaQgFRazFkyxp11velIEWgkBAt2zSNUcswDsN6PZ8tbCaP45SBVSLQlNl1XZQQKrUEUSPIbK2FpChjay0zIHMSAUpbkjMzIkJIoehqkRiHlCkRKTyNU5umYQiidLXUatPGScVRqkxzllJWq1UU9f2iBpQqq2WKMKkAk1O21oiIUlrSlYodkm2plFqiyESVsNLuuy6IKQkREdM4jMMYxJSJHCXAKLKl3fpaa9dJiqCUMg2TTYTa2BDDMNjMZrOoncC2BNI4juM0zWc9UpoSVqlki6hSa21CypwiIkrNtEIKsmWEBF1IRGZDaVuohCC6rkhltTw6PDra3t4+fvz4bD7PNiq0vbkTndbjmDkx5ZSt72YKtWnquipARInWRiJq9OASIWRnGzK6Emg5jW6NUmuoTc3DMI5DlJhvbHRdbzSbL2rUUkuO02xj0eDg0l6UUmtn4Wwi+nkHmqa2Xq6nbHJzYrJEiVqwQ9XO9Wo1ja3ray2lqzUUVaSj6zpJ45TTOGabnDnr51GKM+fdjDI3rqXrupjNZmQujw4Ddf0cM05DVdQaXd/VUqp6YwVSGYaxRK2lrlbrNk3lEz/6w7Pl3t5eKWW+sQhRVUtXsOfzGdYwjMhSSXkcWwmZEi6ZKamr/Tg1o1KiTS2n0WTX99i2a9cl6bRRVzpEiBIqXVdLFWppsgmc2dcCmtoaU/uCNbUh25RZIqK5Aa0NoKk15zibzabMzDa1UYpxHIf1qu/7rp9FlK7W1rLW0vUzpBJ0XV8KTchym1aroeFSahSRVhQJIGqAhGvphVubQlGijuOISt91yOMwKbJNFiq1Wh7Gqev6btabtLPUIgeZyTRO2UU4KBG11Ckz2zS1tlyux2zz2SJCkhylKzXENI1jG4goUTBBUZWtMF3to1SQ7b52/bwjnWY+m5mUStcXp6l0tRZK7bpxWLc25JRCied9381mUJCnlrjZpCkl3ChVKsVCWCpAqbXrOkzLJjlEqSUzW8tQCYVKqbVKNiALYUeJCFprTo+tDdOadOn62veZ2bKFFaVr5JRZSmQ2QUSJEOlhHJG7UvrFgrSkzLQkmKYpItLONhLRlSKHg6JCGtFas5UY3Owcm3GEkiZLKJ0yUYN0OiMqZKgoNAwrJS7hbBhBKBSoyGnLIEE245bGYFLIUBRJEwJhYwVSKaWUQOkUUghbikYTOA30XRV1GgepKrBTEkJpAENIimmaKAqUrREK5NYsh5xGUqanTKFQiSgyUkSolBK11FrSllMqgrRrCcTUGolAtZZSpmEYp6k5Q2FRFCYxODOTUsKRZLbMnNJZogRKsouiEuFiJaYomu2WhEopURSSnS1dSnFrOTnt1rLUCFXZBG1qzWlcopQSpYuQgLTdJikUUUooItskKWRbIakURelKSREEskOSbNuOCHCUCIWxUw5nOkKSbENKUSJQRFVfSrYUIGU2kihqTuG+m0eArRphnJYkqWViuq7KxkREc9pkNhUFGsaGIUKQAdmkUmoJYmpTAh6NShRBpltmSCU6hXPSNA0hRZXthBBKooh0urWpYWopONKtgIqiCMJOUsaZqUShEhFREMJSAGBPVu0kT2MKpVMmhFGEbTU3maC0nIzcspRKMI2toLRdKATp2nWZ0zg2ZCCMgnGcklQIk7iW0tWaIJPNtSuldrYFLVspUVScBjDg0nUImymnUqpKDGObprGUrvRdm8ZsU1FVKKdUhLEUbRqRQsXOTAiVUrJlFEXUQCkkIsISJKnMZjuQQUjCyJanwZZDwkSRlG40T62RGRFCpI2LihwWXa1RAqczpzZFyOmk2UKQiSKC1prtzIyIUATGjiilq5kNKRTGCImcbE1uQk2KKCWIWgOR6QSJ2byrpY7jGsuSQkXFKIwFoVrLerU6PFqevvaa48dORS1F0ZXSGraSaRyHKB2EShirhNA0jFGjqzXTXd9FQOkKkFaUglA22zZQSpWQyLTtErX2Vc1IEQGEVOssJeeEAhVEFNUIpyEzk1QE2VpELbWoBFCKSFlIIaxQLVXYJpvtlCFKutUStfal1HHKEIY2NUDyMIyyFGFsuZQSoS6qDWkEpZagTZNUwDVK7ausKLWWaFMb1oPxOI0tXUpVKbZtR5Raqm2FjLNNgjFTUyoi0zRLYVIRtVaT2dLZhmEMxXw+g1ColCLcwC2zZe2KVDOnWqphmtrUJpzICmFAmRldqSVaWiVERijtWmutFdJJX/tSVVQCoyhRTItQqVV2KZ2bCVPCzhJVEaXU1iYjh4xDSIX0OA7GXampDMl2dKXvegmc62HKqdUaNrWWlg4IRU5Zus6tGctRu67U6qQo2tTGHLq+F2otM12iRJTmzGmMiNU41lqj1MxmJDtbU5Tjx48ltHGYpna4v7dcriWVGtmY2mipRpUEKqXYNhKxWq0FkkNqbYqQcWvTMAyIWmLWz2spLVtLohC11lKdIBWVEkEkhFvru66UKH0/7+djm7qoNihLBFBrVZC2otSo47gepzEoiuhqLSWMat913UyySqmlGNlGjMOk1mrXqcoGRa3FxNi8sZgryvLwMFv2XUUCSVG6mKZpWC4RKtFFtKmtxrUi3Nymltmm1gqUWe/m8vEf+WHjNIS8sb0VMAxTP5sLLYflOLUoZZwGJcjZJimI6GtVCbBMinG9jCgmhFJ0tdZamnFOreU0TaVEKbV5atOk6IwjlMbCrfVd13JarUanS9eRPlyuh9W6lnB6GLJEdH1tbSwlpNqVUDCsxuiiSM2UKCXUsik0n/WhmLBQZgqERURfsyUQUVs2EX3fK6J5alM66ErNNo3jWLu+hkotEUKCAJtQ0BU1EFg4qSVKKRHIAtdaatfbbpkoJNVapinJLLWTc50NZU4ZJUothGazXqStzGwt+1kfsH9w2FrrZzOFFNF1M2eiVJSoUgROE1FC0FpGqPazUAiBMV3tSoRxZiMCo1KjRJRaS5UlWja3qXVdV0ooEJZomUiCEgGkKUWKyNZKRBQRxUlOravVJMZySG5MbVQGIadtdV11YkVXar/oSu37rpPVdZWUQhS7OYQUkaKEFAa7lYiiolqVjNNoJ7JQOltOCpFgR4lsbqRQiZicRmBFSAKHo5/Nuq4iBZICuSgmZ5SS6WmcStdJEtkyp8yu9l2pIaWzlC66yHRAtsyk1JjGhqi1lFIBIUlupihUnBlys1NNESFJYAil7WxAgBRG89lsPpuplGxTS3e1CqEI5ARlIgUR1UqnI0KS7RqVMCGwkO20ATC2kZy1K9iSkogQpUiKkBQEEUBkNielKKIicmrrYchM7BJdFBWVhJwmW7UrETHm6HSUqF2NAAmcraWQQ0GbUiFFlAgiDGROOZGQqSgS2BkutQQKMJralLZx1FosSWC3BmpTG9uYdolSIlA4JyNkOQhNLTFdKelsLcGJcQRYREQUgWQspy2HMt0mWQpCkbadRSUCCJvEQutxLUVXK9jpNHILFYI2eZqmdHpqmFoDHFFqV1EpXcGupXS1D5VkqrV2XY2I1XoQRrVUZcvmJAlUS+fmpCFJQthYmYmA0DQ1SYK025Sli5wgMDRnKVVSZosSETVqBJGZmQiHQjI1QqXreimMbLtNUbs2TVNm34VxywkoIjNBFuM0NZMtVSJCGCkscErUEs2WHBRjKUzaVqgrHaFQEGrDqJBMMyGr1qS1yS0nQSlVkkFhcE6ZaUVYmc0qkuRsWF3fh9yaSZdQX7tSiyQTpashVAI8rIcSIaKWqpBC4EgSKwgVu7W0M1trUUpfaqbTqEgWIlTa1NK2XFGTECXCDllhW1ghVLsaUmIbMksp4KrigluO2aaxZWtpSyiVziiKqMJCpdYSxVhOYUUppYRUo4BaTtOUmVkjiGJcVKOGHBEYTy1lO1W6IMEpkzDkZCOnUTaXGqEoJWqpIVbjOtu4sdgpUrqBTFFARBARAU4sqXRdF4E8js1SV8s0TV2tljOt1MRUSlXRsB4s2jiS2Xe9wCBTS621TFObnKVIApMCqxSVqHJ6Gi2cnsYpaokamOZEpO3MUGnT1NIRWAin3UwEiGxpG4wofQ0UCgtkwTSOEaWUghyloJpOskXIYGemJUUNu62HoetrP583p6xSQgpCTpobtu3J2Sb3s76WGqWkPU0TUldrqSGctlBzymEcUaKGIiyiCCyXCAtZ4cxSop/Pa9HY3LKt1uuQgpAgKqG+m7U2hsIikyg4s5ZaSodSqTZOJVzrrJk2jX0No3FYB1JoaplOZy6H9TROgCVhIFtLp6RpmtImopQSRdmmSinElJOCININO1sqZLKUWkuEIp05NYVkrcalGiki7NYUUUonclqPpRaVQEHLtAw2gFScbjlNrQXhCLcERy0VxmytTdHVWjtF9LVTIc00jiUilFNLKYZhfbB/QGhze6vrZ0kWxXpYhaKfL1QihEKZKUinnYJSA8DKbKX0pYQAUSIyE7BdSpQIK1obCwWplDCSEGlbUrOzZa21OdNZumpJkpPMnNoEkogafS2hGIdJcgm1aRqnVlAtTMM0Tq21KWqZhtZyKrWzp6bYWCxsGUXEbNZHBJmp0to0TVPUMoxT4pBs1qtlRHS1mjaO06ybraepeZz3cyI8DfPFnGS1XqlIdvm4j/7wUkrUPqzGNI6ZrdmupSOdmfN+npmZ2dWuRo2IaRptalQJYEoXojGWiIKMp7SM0621ogh5GIdxPUZf+xrrcS072wTNzSZt0lMppdSullqK9g/2Q2zvbJucxtFuoFoisxXVCEAUFVUpFREKlbqxmGcyTmMoUCNVxDCNLZNm4XEcA2GHIgJQlJj1865U1XBzKqKolpJmGAcnEVKpUpZSx8xhPfbzWV8LRKBUTlOzHaVgT2MzCSEbFFJXCuBQ4mxt1s9USk4pxWzWd6VLO2GcJppLF0Q1OZstutpNwzisV7WW1lq2rEXjaCGVrihaZpJBCGXa0HJKgwSRVubYWkjYtlsgRQjS2ca0qKWUqCE13JJQJZCRhaQSrY1Tm8JhWabUTkVkgnJqxqgICEsCqYSEIto0lShd11kqoVp6pzMdUtRi3Jpxy0xJ2drUpghFaByHWrpaa7aGMzNVw81YipiGMdO19pLsNELGjZCFk1oUUUiESulMNqzMlEvUxOMwKJRJtqnrimxhRZGKs4UkIUkhKBHYpJPAxqQUwzh0ERQpIhSlRKnV2KkIGxrZppbNyG42QqiYFLIUJQoYW7ZKTNMERIlai50K0mkj2biUopBba5MjCERIEianTFGiTK1N07orHaFQpCdFCYnLQgI8tTaMNkhIUqSTdEQoZDLsyQ3UdaXr+q4rRTUiSokh05lRS7Y2jhlS7bqQJJWgRpFKZhbFZBRIKIqEbSRkN1RVSlGR3TIhXUuJUtIYhyQopdSIiGg2CCQxrMfVeq1Sa4mWhsTUKGObZFQCLCsxtpAxtjEKO7EkSRFSGhBkZiYex3FqrWUzYQyESmZOrYVKc8upZaaiSKpdtTMTSWNLoVJrCEvdrJTaGUuBRLpECSm6Egoi2tQMJUIhMo1rlIhwEqXUGlEKge3WpijFBql2FRNQoghblAhH1CiKCBkw5NSk0vWdrKm1llOpUkZzSlFsYwW160ORLY1LKFSnsa1Wq/msXw9jCZXSyW7OoESE1WrXQYBpttt8YwMkqXYdWFKtxQjszIjizFKKUKZLqaVEREQom8dpImqtdZqGqaXtSqG4YCIwmQZKqcNyIKRQlIiokkpEiPUwtin7ribKNqKoNUpXjSOiKFpO2SYjoamNtfYR0UjCNSqJ5EAlhDSNzSazZcsoFRSKUgTCjlJaTlM2kIFQKeEEVEqUUppbRKkSoVLK1FraQsZAy6kZZ67H0WjWzUopdtZaate3HKfBEmOObT2pC2dT6TIzag2VKBaRToXSIGNH7drUgK6vKGSnTdLaJOxsaTtUSh2nybjvZ0XFTiNhQsLZWmuZbeq6ru/nTkMggZobCoVqIVQiArAdUSbnNGU6JTWyja2U0nUdprXmdGvN2SK6IhDYCkVRS5eiUFkP6+XyKBR91ykUCrcMySGnnU21BgFG1K7kJKRaJEWbWkRRkaFECIFCBSQFCOypKYqCEqVE13IaxjEkO8dpmMZWaldKUURmCmottYakbK2Urrlh0tlaE6p9X9E0THXWRUihzHQ2p9Mt5a7UUoqkGkEUu3lKiK7vaJ7SmSlJ1uQJU0qJUoQChCzZdiYCE6QiAtKyPbWpEHYrtWRKzlo6iqdxrCoqERFOZ3NERAmMFIAhgmEYyCZVT9PFCxenadpYLMbW3BoSk0slSokIm0RhohZFdZum1vq+KyFSBvAwja01QsIgBZmOKF0/K0EmLaeWGUTt+lqiK1UlQmUcJ8kmsGvtS60hAcM4ki5dlGC1WmbLrnZJa0k372tXJYFLqUEkmTaolgqBAdsKXKq60qUUImp4yuhU62wx34hSuhLjMFzc3Z3P5v3GJsQ0jEKl1kbK6qIKsDJbSBiCUgqKUsMJYOd6tXQWIHNyaxNWRDa3NioirOXqyFI6JQ3rYZqy7+ZRqqdJEdDSnlqzXEqnyYlKH13ta6kiptZW61U36zO9HNZ91Np3Xdetx2Eapr7UrnbNrrXLtJWldE6PLWvph2E9DMNsVhfdolRVImlOHx7uL+YbtZajoyO3rP1smqZSgkycUWpLCEIREaWjfPxHf3iUqKUMw1BK6UolaG3s+n69HoZx3c9mOBWlhuiiTY2o2Zrt1kwgFCVqFBdJUaKQzdDVqgg725TTlN0s+n6eZrlcqmUjQxUi00JRou+7zDYOqyiln8/62rc2tXSppU1tvVrWWiFajplpM02TW5baZbOEkzaO4zhGlK5Ut5bOsQ0eMooiotSaLRWBPDVnZtSYdXOmZmRQqOtrOFum5WmcgNl8hnBzpnOa7FZqzczMZhnIlrb7ritF07B2qqtVAFaEE4JaaqalqKVYuKUDKTLJzBJRau1qCcXYbGctZRrHsY0QfRd910klDZqQAhtP6b6roiRer4d539vIlAhsyxGhIoHtUkqUAga6qMYRJaSkSaWWWmofZLaWLVVCwkbGzqgVTDpK2JnI2UBd3xfRWhqZTBw47TZMtUTLCYVNa9k8ZVoOMNCyZcsoXe3K1JJwX3uK3MiUAttYEaXrSigym0TAOLXM1tW+lmh2LQXR1T6ihBUlWmaJAqaERGZzo+GCxmnMbIKxNex0k0opNZ3GJSLtrnSqxelMlwIKOyOKG1GiRMFUBRFOPGWIMSenszmzGUhH1BBgETXCMpAtcbY0JkIiFBFRDFObsEotTifOlqRdVCgRQsIYr4dB6dJVwLZlQAiyZcvJCImg1K5ARA2b5iYbRWa2bJbJVJGTnAaS0pcohXQoJjfhvl8EKlEbtNaSVBI1yGzpEhHIIDmkdDZIS7KhhIoCIopswEJFoRKlFFBOLaLYNLJIpWqashAKAIVAVubkEpGFGiWkrpa+qyolxynTpUZESIFFKCwVTVPLZrARKKIoMhuSbYZpCqwIu2EiSt/3UMC1qEaRohaBx2lCkghcalEISFsRpXRd39WuZMuu62oJSwqRzjSyFEUF2WlFtHEap0mBmw1tynSTNE5TmhKBnM5AQZlaI0ko6hQuESTGpZQ0gCJk1SihkJxTs8LZ0qkgopQqGdvjlFObchqlKF0npUFJlICGaRZhZ0NAtpbNiUkcLioqEeM02Q5FSArXWksUO0Vgj9M0TQOWImxFRGstovS1Ik2tTashM4XG1ob1uoS6vloEwsZRuxIqUzailloiInNqbuBaO0BQQiiEW1pQS6QhWyalIhURrU22m1s2R1RBZqulqxEtDRlEmyaVIpUoilDiacraqahElFIj7WwtihAhGWeqlOhrBwoRgCLCSK1NUhDCILcps1lSRJQaJYowMlLIXS0KdxGl66fWaC2taRpbNqlIxjG5ySlhUpC4Ney0DdRao4Slth4bU40SsqU2ji6UEjhUlDbjFKUiSQDOCaIEjoh0lIJJHDWkaEaAw9jZxmkKFMJWa4k8m89augiQW6qUGmrOdEbENBlltqxdFUZR+1JLqbWWqJBG2TLT2GmDa6211Km1MBZjm2jOli2zllJLgbCwcSZI2NBaw1FKRAlZjRRIQSjkdFPIhhCGll0pky3oah+SUe27EMbZMnPK5sw2pUlKrQqmccrMrtTad7WbRRFElFJQplUIlcy0jFRQKRWYxrFNU2YLpCI1FFbQWpvGdSm1lFJqhCIUWAqTrdltnJwNRSCHbIxTVpYIz/q+m/VSQYqwkXFJhpzciFolhCzZVi3OSShK2JnNoFk3p3gcR9ul1DrrPLZhbFHLfDFLNE1T2CjGcT22qeu6kCxCEaHE6SYoEZIiQgpERLE1jRN2iZimRqaRgtpVZECUTDyl3fpZLzFliygKQJJqkHJE6btaSxVBEAqEjIBUQI2Y2phJ33cAmZnNSoykkHJqY44hQW0e+76bzeallmxtahNue5d2M3X82DFC2cY2TQrN+t4mKFGKJaSQJmcppZaQaC3dmu1ADWqtUSNCpXRR6ryvgcxIYhtaa+77rpYuQrV2tUQUjSSZdo4tu34eUUops37WpJCRo5SIgqLrihtRwop5P+s3FrZbtqrIBoVQtKkBElLturJaDcOwLiJN19VuNreZ2tjchOyMWrpao8Qwjs1szBfN2dXZOAyWVYpbE+r7PoqyUT72Iz9sGtbgGpVgHCcbKbLlelh2fbeYz1NRQkMbh/WIs3RdoChVUnN2JTLJNq3X6wjVKC1tHMQ4rNbjVGudzxYK5dgCT9n6+UxIiq7rFETU0pdsuGEjT1Ys5t0wNBX13ayUMuXYlz5qISXZIiSwVFdHq6hhu7XsagdZakFIYaNQKZFORYQ0DGPfdX0/T2WJavtoWCVEpOxpauMwIrqu62tfa7GVrVnKJJ1d7WyF6GonSYnJYT3UEka2UXiaHISKiGkanSmQTLapIdOgSCDhZvddbykiMt1am8Z1iai11lJKXyCm1qZp7OezrvZTm9rUVLqQMg0g1ZAiLESmMEiAoolQV2pEERhsI6mQNgAqgVTGad1aW4+jMZKhgEqRlW6tNUsSpDOzRHR9xTkNo6KEVCQgShdEm5qbhzYN47rrqoynjFJLDUwARMvW1VIUbWxtcu2i1ILBloBwkE6ZxGlLMomEJAGSqbWObczWsrl5Qkiy3NfOJptNoigYGIZ1ROn6rshRyjhNRYpKRCkq62m0KaHMTKY2tlICYwAbY5BkWy4Kk0ZdFyBFBNSupk2olhqlZjaMSomQAGPRRUXKTJUiBUpsRUjhzObsokhRSgRYlKjg1kY5EFFUohNWRCkFyJaJ+tohT8NQuioFNiKnbG0SCBk7UxJpQyk1W7NVSimlOJ3ZolS3VEh4bGOUgt1aS1ty6XrbzqYoCguIIjyO4zi2IkkKqURJ7GyZWUsJCUiaHLRpnJoUJSKQIErQ5JIRUWvXWsu0saIEjDmqZcMyqlFUI0CBiKhyCEpXsaYcFWRryHSFdOkK4JZCXd+haOM4McmqpVORrJBKLcIRBRiHUZLBmbWUUKQlueu7iEpL2yIyJ0OtdZrGqY2yawQKaGmBI0IKyzm1tEWUUkp0tauWVqt1TmPpur7vkYfWPI1pAnWdCBUVlCVKiZqksEowNWNICzttr1cTooSidrIwoSBIOyQURYqIBKVRCE2tAaQUymkY1gNyX3tVSXI6ImqJWksNpZVtQjIuilCYyNaA0gWWlC2zRBUYsDMzWyrCxtkilAoVioRduk6KnFqU2nUdQYBK2K4RZCqE3cax9n2t0VqbWsNuLY2xIyIlpVUkmKYGSGDJJEDraq8gFBGdndM0IMmyLdFIWVFiHFq2Sah2tdRiZ06ZbooiUJSQQg4JEUUlqlFIKNRyGAZDlSZPOU6GDNeoEeFmRNoRteuqCCIwEQVQmhAoIvquI1Rrp3BVRRElSA1jK6V2XQWAzARKqVVhrIRKNodK1EISNZzpdMiTbbJKRYFCdpTIIIjMtloNRsJVne2CbDUPUZQtQur6Xmg1jJmjKLXUTNIZURQQkJZVuzoNw9Sy7/uiaGSU4pYG2xGolkAmMEi1llJqqPS1gMZpCNGSdJZSa61RFEFrHttUJAlFceY0NQGiVNUoJWqzyZRxWJBpmSAEgsw0YVOQMXbLVkrJqY3rUYHAKIpC0bJJhKSIYlQLSaWm05m2Mx0h04LAnnIKVGuFcLZMAJu0wH3XWdgA2cbVaqUotUaJWosOl0dtmkrpwelUBDaBFEU4hBVRCdsZtdbShTBA2JRQOrMxTOtaws5MR4SglLBNoiJntJz62qlGTpm0zY3Nze1NDEHt+r5W7HEabVSiFI3jlFMrpWCX0nW1jpmYWiqKEopSQ9hp23YNJditTU0Rte/IpJHhnHJq49SmCFmqtXZ9n+katdRYrdd2lqIo1S0jFBEqJYhxHFTpShdRMlubJkWxPI0jRorWxnSOmbJaJqiEMCRTJm4mbI3jQFK6zuT+/sFyGI4dOz5fbEytQYRCUUpoPa6LyNa6vm/TlGmTtRSDFK21KKq1tMzS1dJ1RQoCoUCUzCxd3zJrrYSC5ozoSqajlBJlGKfWplk3a9N0sH9p1s9m80WNGMZRzSaFZFmaphGjcO0KGBEq47Buw6Cu1q4WacpWok60NhnZMLVpWg9SEOrqrOD1MKzWo2xK1IhSagSKKpjGVvoakLYzRWmtmSRUSmR6GNflYz/yg2spza41WsupjV3Xl1ITb25ulRI5tTZOU5tKlEoZ3QoqtRCyXUtN0YbRNbraSSxXR5NzVjqjaZy6rs7ns8wchvU0DaXvSqkSKBBS5NQsG4WzlCiz0trUhklYok2tZcPuap9joziKJueU7mczonS1UzBNBvdd15U6Ods4ZBosRYTStDaCqiKtiCi1Ikul5VRLF1FJIUA4QLWrNm1qxpkuJWottdbaFQVFkVK2SUYRk1EoFFJERDpt166Tc5iyFrV0CBTZsjXXCCkgQ0VduOU0TmnJKEJW1JqohEoU7OXhcjWuA8ZhjK4Kai0o7FZK2ARlylajoMhMUSIiSlFg4zBEhJqxiUDROTNNke0YWw7DuitRa3VThKRoOebYErfJEl3X2SjURaHIzaULqaAsUQyNBGGhrF3X1drVru9nNrZLiVBJZDIikORMGMcJWzVqqXYz7roOKccRFBEmM7PUUlQDGRmAWqvDbUohZEypVaINUwkSSShCchpbXdfVvtZaIYRNdn0vyyEjmRKyJANhO6FTKEpIyFIR2ZqlYmiZJVRnsxrVbqV0EtjTNImotZRSaim2AxEVGavUQIEgNU3jsFq3dFVN4eYpR5UaJUqJzCQzaoXMdESJUFd6yc2WJIDEBroaiQxd7bI1k0WB3JWCZNmTGlZElCocknGptXRlmnKYBrckXEImsiWmlAophWQnJSpkpksppVQJsCVMyLWrXVRLoKmNUhhBOgV289TaOA0R0ZWSGAkZBTiNkOWQSsTUGtBapqeIalqJolqknCZny1qqwrYRJQJrzLGNWbpaa1RVCaex0hmlRIkQoaJUlCoUChVSJmmtEdHGyagWAQpFV0NytkShAAFICGMbZ7ZmyaV0KiVwGhRtnEg7BG4thbpaI5AIRUhTayVKv5iF1KaWLbtuVkoxQMhyUFRUgoiui0zG9WApVListXS2Uku2kYgSiqhRorWWLcERVZKhKijCCDdnBLZbS7e0jSREWBK4q12EnLKEaZmWgKowNJANMm4tFZSoxVKRcUhINkMblQ1FlKi1CyFVBV3XpRFYZJq0ULpJlKi2x3HMlkTUWkhJ2LSxSVGLpAJRawmwAUrfd7V3ZmaWvpZQhIpqkm5pZ2YaE1GiC5EgAAVM6fQUUYQQoWhOTI0KCGUmcss2DOtsVoSddk7ZJJJU1Fo742xJhCVloAagYidOiBKR4TY2ISmcLbqoKi1biRJdDVwiICKopWQapCAIC0HLLApMSJZLiVJiGtqwPCx97Wtp6WxkGlFK7WqRAqLUyJYqoSiA3GxHiVpK1IIcyLKcTpxZ+n42n5XSTePY3GpUBbYxkrEUJSKcdtG8n41TKyXm80W21tyqCgFCVktPY4uQIJ0408Z2oZSayqOjo2xTidKVWkqUCEXJbDml7dr1EQIUBBKEVLsuLTszm1SihHFBKsq0QQoH4JymEkEwTU0iokoap9Go72pm2lZERJGIEtmanYREZE7GpRQRyDYRbgYYcywqJaoicLZ0hObdTBW3plKKKiGcAJTa933tFMrMZsZhmlrrSiiKStRSWzK1qZZQlBJCRSSSUGZKpD22ETeFFLi5dAoUpVOEFJgIRQSggkwg21HCmWQaO1WLsDOJUkzalFK7KJmTU2G6eRe1tkycESB1JULCbjmRaWhtyjEzE1RLRARRwJ6SUNd12VKo1r52tSiEp9aG9dpEKUUipzTKjPQUUUopLXNYD0oDkkqpxplGrqG2bi2ofefMaZpK38/qrEQoKKWUWkrUUru+q6p1GlbTNIaiRCBKKRGazWbzvh/GhkotTOn1ch212tlQLTUipmkyLhFOg4RbS1mSUu5LSXu1WhPuus7pYbWcnIKQSoliJkepCoUzcaqrQk73XT9OjdBsNhuHYbVc4zZlE46IdJJpcBI1nEgoulAggWyMJKJUMrO1KCXAiYr6mFnqugqkDZr1fTfvI3MYp3G9GtbTYjYLotQoJcI6OjzsaoeIUF97RC2V1LBel4/96A8NdbVAlEyXWrvoCAnVUts4ttaE2jSWru9nPWAFSDjtCBUFhVq6ftZntmG17md9rbWWKH2VSrpJIehnGxKhokDWrOsdoaAoMBHRptam5kSokTWqSohA1K5vbQgJNE4tVLp511qrKs0tavRdp4jVepVTK1JYihjW69V6FbirfS2luUWJTEuyY2otSim1a8Moy2SNWrtqnJktnZ760kuEiqV0ujWnM43bNCUiujqrfe1KRCgAotTSRSklW1O4RkcQaEpnOqexdl3X16idbUsCQyk1ZIVq39dahA1BRAkVRCBBlqilVNItM6QSRVZj6kofpBShKLUYhwpOi5xSQUQlm5Aj3Fq21ve9HYACIZVSa1FEa2MpVahIpYTtUqtSU5tqKZKmcZqylaitNYxCyCFl89iGQDWKSiFt3BqES5QoRVLm5JZAqVXCptZSu64oLI3jFFbLRMxnfYnaEmMRIVFCQV+LpSg1m4EoIaRAUpTSWoqCaW20JDNOU4mwUpZBACkVkCAkg4JQIVRqiSKpuKWh0RRFUgncMPRdB7RxTGdXq7O1JrtNLQ1JCiRJRjVbo6gUqTG2CRDOtIpsS9HVYsktTbplpt0yolNqygkQJQ2ZAnDapAMJGUBRZILMGiVKgCMCADnIRGRElFIiFMhgWwYkwqSnpiBKJ8uZOEVktogSgQi3KUqUqISE3XBJwE4apXaZWCAbhVVLkYqd2TJKlBBpQ61dSNOUmVahlipBGpypCJVapnGSFLWQqn0NwjiIsbVhvQb3fY89thbWMKXCRSFTaymKlrYTXEtFITGNbRpbFHW1NiMnkg2TLYdoUzPZdV0gbEVUlTalyVq61qZhGEIRkmxUnJl2VyNKjVLaME5tGoax1gAkcJSIqTUVSukmN6fTk1Ffa+lqkVozoFCJqLWLYMqWTlnIxkJAphE1JAksJIgotVZndrVKpZFkpiVRSolS7MRWUSjSTSVKCVRkN7K1FqXr+84oW1MUpxUloth2pkKIogA7kCmodF0ppblhR1FOqRoRxXZIQv18JpPWbNarFBWKAjmnLBERkoSxszmxW2ZLR1BK2IoSnYqJls0tp6mhjIiIqhBGBRSBTLqhSCUtp76bpQgkgck2ZTLmWLpOzpAiZKwIpY3AJYoiulpCsm1cCJUgsk3NYKMQqZaOkG2IbC1bqzVqqZLbNIVUa6cgApCIKNhGpRQhaGALlxIE0zQl9F3nYFyv2pQRQrSpNStzstx11SbT2VJBKTVKANM0ga2C2jAOOEoURUGWkCSiFEklsCTE2CbR1EyAFaXUWqTITFUys2VKVaWUKFLk1KxWIiwragkpiqC1TBTO1lJJRLUwmS1bawYJlYoBYy+Htcx6HJFAdrZsRaGIQNO0lkpCCWHGYd3aNDWXUmZdJ8kGXGu1nZmEaqmhMC4KQ7pNLYWQgMxWu0pmUFQUVVikS9dFURsmRfSzTgRChBCZFpkgQgKVWqOUoqIiC1khNScgMU055VRLUcXpaZoilI71OBRJFJS2pmxIzizFmJxo2YBZ3/ddJ4WkUgI5bUHUCqSR00E2IEtEtmxkRA0UIUAFRTEqCgUlSq1FRBpjgaI4nXIpYRN9RAhIR2vjMI5jTjVKV/sItWmKUkottqVSS9gSJBRFs8ZxNGBKDRGSUtn3fURgwlBCxDiOds5mMyeJa6mBTKYdpdRSJVprhhIlRMOeqJIiWrY2TuPU+r5YGtdj6Wqt1dkyc2oTwbzvStf1XW32OA6l1qoKOaXcUhIhcpomhzTruiwaVkNrbXNrs0SnbCql4dbacnmUOfVdX6LIGMZxbDkJmpGikEfrda0laqSd49TVDrxar1D2/Xy9XlHCmdPYnDlklr7rSknjbCpVsB4m4RKackx7sbFRoma2KHU2m0eUUCSMy0FRkEJCMawHoQi11hSRLRGlhELAOE3Z3HW9G83No2vfla6gYntqU9/ViOI2pBUwZXOb+kWfJFabRgKnVJUtW7ZpbE6ii4gytKl83Ed9uE2G+tK1aaqldn1Xo4DWq/WYreuKHU3uZyWitHHquk4glVpLRGnjWlFajm0cmltEV2o4ITCIkkFXakQHbm0yqlEnnG10S0VprSGEwVGjK52Kp3Fsznk3s8ai2kcpVZMZx7Erfdd3ziyEA2fUUJQKtpj1tXRdmyZIqdQSKrWb9XaqoehSVqAINyuUU0NEla2W2abJ6VpqN+/Dxbg5Sy22gmjjNAxjiZLgnGrfhSPTbi7S1DLTEcKexmbLUGoJoo2TnbNZr1JsgaKE8TSMTkUgAWBCCskWomU6s5bouq6rXUSUGmkPw2RSIlQyWxAKT1M2MiRnmmzjUGonRXMKAZLTdCWCSFFL52xtmuzsaomobmkpp7F0tZYusVDLRqrlVEsXpWRriqi1w+lEERGRaew0MoKW0zROjdbXTspxbDm1qU3gTOHEECUihKIrNCetTU0lat+VUjyNU2ue2phTKZHT1HICsBUha2pNUomIEgGtpSICVMJyOkNdKaW1RkqhiCiljMM0jiPSrOsJ7Cg1WstsLSilRGvZxolwEKWqNStNKNOlBuTUXOSokiXk1sbW0pBON6elUoJau9ZagkJKN9ymBoRYj0ObxlDpZl0oLEtEqbUrKsXplllqSefYJgVFxQBqraWzlipJRXbKsmSnHOqqlLamYUgrFECEBFJEcba0EymiKIQiUNRaQpaqhGQcUSxKlFCRQRghBbKyTTZJoojWMt0E6bRdQygwzS7EOA3pLFEIOXM5DLN+FrUYO6daOshxTKGoJbNNU4YVUVQVZprSuHR1mto4DoaulNlsJtGmtCxZIClCOFuzorScPGWoqqjZ2VotJYqkKgVORaldLZCyCCRbuDmToJS+ZTYnZAmFyjSNwqVG1/cKZRrc1R6hkNOW5ah9FxQIBSVkS2EclCguJWiZmVMglZha4iy1ZHqaxnSWUrJ5HAeHZKZpQjhbKIIYpwmp1GhTgglFRK1VFMttGm1KUEqESkRgN2PI1hTquxlYOE2olChRQ+kogRUREql04tYyXUqkiYhsKalEqArT3JxEUSalVjKbCWGpiKm1tCElySadMi0TIUwWlSQz062pajbrgxAg7e8frlfL+XzmTIJSagmVrpcdpdh2tkwAk0WdCiJNRBSFbFqbQpJKKZGiUy0RUlBCOBShSBBBICkAQqE2NTsjlM2AQ7VEUEpE6aJG7bvOCbh0JaKQBrdxyqCrnRRjm0JRS53agCm1lhISQm4tAdmpWrrlatWy1VozjWwIlWyOiEy31vqul2SoCjsNkmk0N7dmW5mlK3I0u0iE3JzOQqRSDjunKVumc8pMQyiEMtOZtodxzDbgAE1TK7V0pWCP0zS1oe/61Thky0ClREQN7KCoKKQoyNhOcmqZ4MjWooAtgsAYKJJq7WpYYGopRSFBTpMLxHxWo1SnjRGzfp4gFUHXFSCbTWZzRC0hC0mgUpQmkDMNglo6iTEnpHTiYrkErU1tcpQoJTBpCzJbtkkCa2pjV2pClECyW2JDm6aWk23kQEVyZpFKrTWKIrIBAVNO2c37CGXa2YyjFFlIObVhGhBA7XqVcCiwE4JaiiPkVqMoyHROU7p1pVeJzOapAaVWpFJLGzPd+n5GEIqEcRoULhFStKkN49rG05RuoZJpUNQScraUopSixGgap5atdn2gtKvUMpFFwYxtatNYSxclJE/pIimiq13tqg1ycwpKiRJRSiGVWNDGNrUpahS6zDa1Zui7qlIwU2vpMYSDaWo1oivKtCTAZF9qUQzDIKFSBKVUmWFoniani8owjZJCkW7GzuZmE1GKcVEZ24iZJtttyhSacpqmnHWzWmuaKCVzUgmkEqWUkm3qu24+W5SqbM4pEZkt5RJRSozD1BUpSo1qZUTMZn3flQglXg1r7MV8YXtcDyXUdX2mI1TrDCEkIqdhvV7XKCmICCGJgKTUQGVsbdb3bWqtTbWvMmNrRepLBzo8PIpauq4rtUQBl3FcE6ql2h5zsFW6atT33ZSM2Tr1U5uiRk5peVwPxTFNY5uGWd9nm1q2WVfLJ3/sR/ddtbNlyrEeVlKYDISyqzHvFyNTF6XvZ8N6LVNKdbZhHIf1uoSxMh1g05Wu1rIeVmSmW2tZSzWexslOq0WpNWJyw05HyOmcprHv+5CECGRHKUISslfDuF6tWhuOjkaFutJFqditWSqtZe2K7alNhQBqKaE6jkMbW993UauJkDIlUWads4VkZLlEHcZ1SCIQiK50DSvoFFRlZssWUaIoIjKNXbvSlaJSZGxwIk0t2zSWrpDIViizhYSwnVLXlYjSpqm1qXkqUYgSdiqFMrN5UlTsqU2tNYRJTKgYAQ3XIiAUAglLgigh1JwyKJwNVKOkqTVsIzdnECiMhmnquyIJnC0pCoUaiCglhBRtyiQhncxnVRG1K5jWRoWKwiZChLIlChmEikLFckTNtMl06fqSVhsHldKVQExTk5naaAjVdDpZrY5KqCt9ZhuztWmc2kS61r7UgpRTy8xQVQm3piI127IoNWqJiGrbmWQqIoJQYJcaUYpFAEnizBZRhZ0WRkrZJqeWTkUppYsaJcgECBEqNgGlVgA8JZc5aomCFDZJlihCxm4NKUqEQqLUIpWcRlm2I0oJ2crMkEMlgqhFpFRQOCenSykClSAoDkXBnqZJGQpwZjNFReCC06iEkN0mk1JESMYE4MyQLJzYVsHGjWaHFCFQKVGjNHIch8wsilIKwTS0zKl2nQlwrSVKtDQQtZRSJQNOVATYlFLcWjqF+q4qAsgpFapRhmmYMqOUgnBaTqeMFBIWaimVrha37LoONAxDKaXWzolQKeEkwTgU2IlLFDKdGVLirtRSNAyjnWm11pKMqKWKtHFzOo1BiiJsRQGaXaLUvlOE06211loppUQkxggMpYQkYzKnllJEhBByQGvTlAmWI2otCmSMTUQUVGqtpWTLli2kGiUiAFtRQkVQai2Y1jKdsggKgXC2hGwNNK5b81SiNBI7SrEBjEOxXi1bupZCKHPCSMWilmIQlAjCikJjGFf9bIa9Wi1xRu2waUSJKFVIpkRImqYmsuESoZAowmMb+24WUcZxzHStBcuZNqFQiHQoECWKIXGtpdZeEi2HcXRSuhoERRiHZ3UGTOM0jkMJGQXhgDQKZAsAy9hk1BCWbdMykd3c0tjpVJQIGQciCiazRdSur+GYcspMOSjChNKKkCxhBLZrqSrRxklCCkLKYrWIYsjWbAhqgGpRRA2hkLpa7czMvnaldnYa0xpRalWgTGem0+M4SUJMrZWIWmvUggqhLipBy5TclRqlyFggtTbJUhdBKaVTFCMwwgCpKBFhcLZauyjRTE4jIkoFxjZKBWhOpL52UWu2LCqTx3FsUYgSgaKU2bwrKpmttclka60o+n7elZJj1trNZjPLtkopmR7Wa4VLdNitTZZn/Yaw8TQMq3Hou96Z0zQJRS2Zk+20ZRnbjoiIQigkRUghVKTEbXIplNKFaFMaQhghQsJGVqlFoYgoJSKcjiKlbKKUItbD2DKjlqKQBLIMIGRKrSUi3Wo3i1KnnEQJIalELbVGUGpXSiml67s+iCgSbtMUIUme0pIz2zTZZCbhtHJqUSMibKIQqhGiiHSzbZcIZyYooAlVUK3FmaWEFKq1KiIiFJf29sZx6GpVRCgMzc22ydr1OY3DsK4VRW88rZsiu1k/DgOOvq8mMx12c9oSBlpL404lSpCUWo0xJlFYLqUIgYWQ0hm189gmZ7ax1lpVA1rmsFqZWvtQKaVEV/valfUwtPVStau1k0gzjVPz1JIS6vt5KWVorRb1XQ9uaZMREeE0RVH7Wallaq10tahYpetL6WopXaiEZECZ4xQR4ai1G9arw+Wy1pJWyxyGVVHtuio8tiyo1opjysmmK2WaWihA49RAAiGbdJaui1qyNdIRZVivsjXb0zQerg7bMKrENA79fCZrGlvaJYKIwILJVoSikNh0tZNqa6NDIfVdiVqNcpqAllMtxVBDpdQS0aZsOc3qTFXKDFU7Q44oRvPFLLqu70pXu1CxExC1fOLHfoQkgwgVpta6WpU0Rtu1m3VdbcMUIihpI4ZpxJipRETX166zs5RaakCUWnoVitqUEq2lHeM0yBkKoWw5TFNFdqulWllLnXXzsU2mkR7HYWpTtqy1Ck82LYdxsLPv+vnGvBSlQY4oVnoiIkA1yjRNUxtDUlcXi3lfa2YTYEeR8DiOtpslKQhHiKilJE4cEsQ4rmwbStEwjCVKOqf1kNPUzWa1lChFpQpNzqQpROYwLInSdbW1bJkYO2uphDCBnK1Nrn1nHI7SlzaZUK0VFIWudKFoZETUKIiImtlaOqTJSctSi1OAgyBKqQhLLZsbqlGioKi1V0jZkizRlYgSoSiN5taESpSQiuSIWsL21FpEMVYpKiXkGqVG2NS+VzhbOlRKpAFKLbZwtskoUZQSEV2IotL1xekEyK52kprddR1Sm5JaSijBdmtTSFFiMe+j61fro9Zy1nVd6WqtLpJUSjhR1aybqSBkO6yJNBZkGiRksmUDhaRSwC0b0JWixFBKMRh3XUmE03gcUoEzU57381JiatM4jLaiFAunbVQCrHQabEkqURTgiFJql25VUWqZUpmTQ7UWo5xSRVEijKL0XVf6GioWtomiEBAqOFEI0s2OUsLpCKlISBTC2C0TOUqVQiUihG1I3NUSiszEhCry1DLtUgIpQFYCpEGEZIgSkWmwikJKt3EY02kopVPVsBqnaSil1lrcWuK+q0GBtN2VDtwyjQOkCEVmlgC79F3fd6052+TM9TRkUme9sFBXi0KJndRaSpQUtYas1jI9SUGUorCbRSnVmcM0WIkUQUQIalFEFRBqzUkTiigRyvSUzSoqkA6aI3JqpE2GUBQAsqgoSolo2do4ELWLiskpW7ZQlFoFzRmS7bQgbTc3SgkcJRKyNWOVOo1jZpbSlxoSUtjOtI2UipJ2hMDZspRKDdugIkpUk5FIGGNJshyKUkq21pxddF1XTEiOUETBtGxGNUoJO23TWvZ9rV2R5JZtGhQRUpTI1qaWoSgRUSLb5EQhCacdIrEzhKKElM6EdAMTktXVLkLFxcrWWhubQiXKehxqLRElIgxWBoEiogicKOTWale7rpvGKUoxbWqOolqrQm1qkkhse5pGN6xSiuwpk0QFudkKFUkopahRMAlCNgasUqOWIhEUSRZuLeUahSBQKCRAgRShIFuzbdEykZVJFEm11nQ6W0tHRFerpMyWJqTMVihTTm5NCgUtp0YLVEpVhNNpl4goAkiGaRRWFGcbp6lIte+L1EjZJYoiVCLNNKxba7OuS+NsEV2JMLZtZ5QIRFAiioqC1lpmWpSopZYopZTqdLp10XVdJ5RARF974yh1VjtUwH3ta9cBbZpaa+PYBBFRVSJqKgUpr5ZDnXW1lFSQmtpQS2mZbRpQlCLbreXUhkxRVF1SqaqiShhF5tR33dSyjWOpvU3LVEgKcGtTw7UvpUS4urWWWaIETK2BIa3ItGynaqfWkAhJgZ2tuZTi1lDU0kXFzRG1TQPQla45DcJpuzWJjflcUSQQMkihSDtBQJQaSqenlGSFaVFUFJNbm6ZaCzgUSFNr2G1sBuPMhh0UUaIStUaUomo5IshsmaXURpvGSXLL9NRqV9vYxmlEIRUFCoyn9djUutpFLWRLybaKLPpaFaVEBRNRS1UoSoRkO+1u1pUSRSWKSu1aG4lQyLiNI9B1fbNlgEwyUUERkqbMdIKIkG2noKu1TaOdKoGdmX0pteugdd2sr3VsY4no5/2UtqdZqRLjZOzmDLufzaIW2dM4yTaKUkNqmbWUqBrH0S0TW1mJ5jxarYsKiiCkAjizr7PWGmTX9SDcZEeJ1hogZEww6zpFrFerNjVE3xWnBaXWEvXo8ADnvJ81s16uhmEspdYa0dWWLafWdb1ES+U0tZxmGwvBNIyNBE0tS0i1bizmXSl97UspR6shcDefOd0pFBLuupJGuNYCcjaVUqIYVsO6qESICAHItkSUggWkDYoStVYCCbCspAV0tUdGRBTsTGdmY5SDlipRPv6jP2zKSUTX9W7ZWiu162qZpqYo2MMwYh+uVsO4DpVpHJfDUVdq3/VdX8dxrVRfa5ZoU5o2TQ1MesqMiCghuYvaL2bIThpZFSbX67VFlBqlOKdpnLBqCeQkS5SIUhRCipjNZ7XvZ7M59jimUNfPStE4NjtrjSgFaG3M1qRiZymR2dbTqFCU0lrLzNV62RpdraV0AK2V2knGjlJLLZnNdu26EmWYxlpnVkatoOaUkGh2TlNLSokAKcCldH3fuSlzDBVsCAlnOmltMtSu1FIJ2e6iI4haCjG1qUTU0jUzDUOoqIShRISlUDfrwiyXawlKtHFcr4eIKLWKCJytdV2lqZSoJXBOzUGAAbs1R0gRKqFauzEbTlImbWFKqcjTONkWdjok1ZqZEbSWbWq2AZuISDtb60pVkW23VFEtxU5HFAKBnTYiQl1fu1ozbRtTaqmlhFRKQQJUauCcstSuKzWd09Bq6UrRNE7ZXGpJoo1TkiL6WSVp6XEYMjOiRES2VBSEU6ksQERm1loNrWWtpUaM2bIlrSlKm1qjzWqnUoSilFDkmOv1ukR0XQ0pnVJEGqxSMjMzo9RSiuVxGAtFIdtRa61dZnMzzhIlpHFa26jRPAmVEpQIacpGOmrQaNmajSwkRWZDWUoXEc40BIoaTigUQkQUbAtCErKxm0IYlVpLKaUQOJuIUqqwomRLQkURJQDsiKJIBYCRFJmZ6Rp1nKYSCgVYkqJEhNPZMmlSoBKSCphsmZklChHYUYgSDgVC4ZZpohZMrbWEJNnGTqJESESUCClzPbRhHFu2UOlqX0RiqQgMopUopdQoXWstsxUVOkmSCCJEKWEbsHHLKKWADBEojO0kiFIlRZRSoqBSA7BJtza1zJZYptRSuy5KEM6WEmmmaRIkwrbookSpagiP0yhUIlpmQV3XRQQJSlCoSG5JBOM0YWc6M0tU2dhIKpGkjSPsdKYklYiQkqm1aRxL7UpXUCmhqBFR29QiIhS1CMlWcwahcCnV4JQkSmlpFE6P41S7ICLb1GxP7vouSZJSS1c6Qp7SErYiWo5hlahShFRLVUJxGkQa5KOjpXCtJUoXkBAqEjYlKFJazla7zrJTDhlHhIkodFEJMrNNI0IREbQImmvtSomQouvCRNSWDqEI4XRiRyiVUoSIUCjcJoISxWDbIkybWtp2I0VES2emItI5TaOkiKIIrAjZznSm5ZQ0umFFrbV2YFvOJitKSSciSSdRi0za2RwRdk7pKDgxFgCGrhZFwQ0r7Sg1JIeUKLRej81TKSUntzZ1tYtaxmlClCghp8nM1ppRlHCzIlRoU7Z0VBcKErilQ2pOMhUFYWSnIoQzmxQSCIUiytTaNIytjWksz+d9QSoRNWQyOTpaeZxKiUzXKilqV0pUwYTbBHJYYFJdVajErPS1hIoh1OHMlqWUbDmbz4RayygFSbIki6IiECFpmqY2tagRpTitQCoykgw4M5WkrFQqFaWESi1hNTtUbCttyWl1XclM48xmt1JqKbV0laC1RmbamRm1RihbTi2lMEpPOZlQqWrjKEUEpIdhWq2OSu1ALZ1tclJKRFfCQkQpUaK1prCiCxGUzCbbgqDWrkjZcr1eJ9Toau0imFoDd6VT0FqWiGw5TmOhqMg2TqxsWWuV1fe9M5uniBpQikSoENLYWlHIslAoM9NtbBkKCIEUU5scIWNcahdSKepqN02ttSyltNaMu1pQZCPbZFuqKgF2MrWxja2rNZtLKcaZqERYpS+1FJAUmS1J2YoKktKWyShRa4eiRkQpiVtrNWI9DKvlspSSWBaZddaHipTNzpa1lGkaKVFLWa7W43rV2gQqtZQSkkLR1S6d47h25mzez2azqKV2Nds0QRGKcCaodp2UJWpXi0rYJoUgU1KSkao1jIxkZVCiE2BFLbWrZA7DiCi1zBfzUkpXZtmmKVvLableF5U0JYSitQmp77taoyURETVmi7lbrpcrlBFFBAXbioBGBChzjNQ4rp2exmkaWz+bSWrhnNK2lbX0VV06p5a171GUj/+ojxxXU+1qiSJFrZ2I1lqSKNzamJNNrRERUdX1fafa9/0wrfb3DopqhFerYZzWpfQtnc5pHCmazeZdFFEcKqVmawhJSEieplq62lXb2caoXYkiOXNqDbeMor7vjFprUbVYbE4ts7XWJksRKCSXcVy5JXKUGiiitCmjhKRxHNpIyMNqNawHMlOMk/uudrO5SnFmGtuN7LoeyyZKqUSZlbFNHlrtS06OUIkQ0Vq25kyXKhHGkFWl1KoIbIWMulqandMUJQAHKPralVJaa2RrmSoCWmttmuzMtEJtmjKzdhFSoJZtGkaRtqKUrhYUNUriHAdFKVHcpslpEBBRaifUsglFCdBqvSIkFMIIC2dRRUZumZIUKhGohIgIhZwtASkU2LYTy6QIsLO1USihREjRsgFCRlxmtxLR1U4KKYAEp1ubag0pnDll1oiQkDMNqdL3XU3nNA3r9ap0nXBOWWadUMgSqJA5tVZKNLdhvZ7PZn3XhxjHsdYijCwUpYaKwLZbQ1YpLcmxRSm2o5ZApdZSuyIhhJJmU0pRF0VQAiQ7IhCWJJUISKtMw3h0sD+M61K6rp8pbBspaimoyU6r1IAMFKVGTTGNQxBdCSNP05RTpkMITW0SlNq1llIIZ6gGiiIk0jYBUraWky0LMo1ThKzmVkuVyEy3BiCFQ6XihsLOkAJa2radRUWla9PYphZSRNSulL4rlFIjSTK7vhOaphGMbAWWSeOwmhOsKKVGiEwbpEhna83NdosSgSlka601cGsNqRSFQiEbhZ1YUphGFKIGsjPTmbag1l6llggBgFGQLW0rhDNKCcIowLYimjNb2o6QVEKhiFqiRGAEKkGoTZnZDCLs5nStVVJiEZk5Tk0JFKVFRi1OLBeVUookioSnzBJRSrXoS3HENLUQESXtAlNORZTaubXMrF3XlchQicBCUUMiMrNKmW0cJtsRRcLYKctKO22m1kxiGyxFiWjNpYhQABGgJKepTevBUl+7EOC0JUUJQRub3UxEhG1IIVSKiFCUGiVaGgdKFG4tDRHCids0KtTXWmrfhma573vh1jAO2VhIwo1SQxah2azL1oCwIsjmElIptrCdlkrfdynJdmYURZSIUkOEsjWjWiXJLaeWdoLcrNCUiQnJaYiqmHICSi12pl0iMu1sEQEJKpJthSBKCBlENkkSBkm2QqpRQiE8DuPRuJI1m89yaoDtErWrtUQAmXQloha3LLUEkZmtTbYctNYiokQURcqButqN0+SWibGxJdVSSwFUSxnGNqyXIUWJlg6QJKkWRZRSq0q4udldjYgaRQanJVRKjdKVToWQUmBnpuRQUUSmjTPT6SSxo1RDCBU12zibbQhKqOu6lo1QUEKWSi0FGdPXLiKmNloqfS3ROxvOqdGmSaLWGhJouVxF0HddZiMoQhGtJc0RpetKNrfWSkTpAqMoEWEMoQikUERIERGSSqnh1HoYqkrpytRGqMJKOQRG6iIQ2TKilK4LsK2QUJtaNtvOaZyy1dqFlHaJopCd0zgKum4WkhQK5TSlWyklW2vOGqXUEhFCaWZ952yGCE1taulaS9rTNDkzJIpopJEkNA5ja1ONbjaf2SmDSigIFJAZUaZxrF0HLgqnpLAyJKnIltRays4kQpPTaUWZ1lPm1NVOEbKHcWrOvu9rrTKZk+3adeNqma3VWktIIWE3ptZMgkJMUyMQ0caBQBEJtatk1tKpAkGqdqU52zglriWkaLSILkKZXo/rvvZdjWEY23pIJIWdEqFI23aUKEXZjLM5UZRaClEiKNF1M4OME7uZLLWbprTpurBda1drl24RpZTAnsYhpVC0lump1FpKlZVmmqa+69JubapdiVIkJKJUw3q9HjPJVkuhFoxEKmvtIoqnCYUySykRKjUU2IzjYDuijuNEyCYCC5s2teVyiaLre6TWWonoak0zDc0tZ7OuRChxkG7Lw5WCWkP2lFkipII9TTmNg1FXu4hwCmWUyDbZUYqi64bVGDVqV3JK1boxXzSyfNLHfZQqtQYwjpPCdlsuB0klymw+q6UKRa1OO706Ojp3/lztun7Wlyhd35Woy9VqmiYrg6ylq12nqMNqVJBQpcx0aBrbNE4SJYTKbDZXKAHRl+rMaWotm1BrmXapYRhXSxtUhEuEbUVIJd0y3ZXaaGmKWC6XbWpm6muNKNM0CgQHB4ch1b4PNJv1pZunMts0tAximkYby24ex0ZmiiDaOHWzviVSEMo2JRSYzXs7FTVgGAaj5mmaXKK2bKVEjUqEE8KhmmSJEmga1+M0hdTMtB5A4ZimVkqIQNSuABIQte+B9Xq1Xi2j1CgqUUxGKBS1FiskcDYyiCilRokQbolrhIXbFKFsFEVfuwRns92mFJZUowCSCIWKCrbTLY3CisiWFgopVEupXRTVTI/jlJmGYbmOWvtSSw2JaWyqCnCAFKVGRIRatiRJyJQoUSLCprUsIcM0ZY1AStut2S6lG1ubprFEiVKCsBM8Ta21JgGolIKEuvnczjZMY05kmrCCUEFpJzmOTUEpnUq0aapRulqJcKYxTtkOy2FP4ziG6PveUpta2rKyNdUSQomlCNkhIamUKLUrpdYS0zS2qZUSteukSBMEIhSySq0KTWPDravVZmzjNGWtpesq1jAO0zDVWmspIElCbmkpFM3OaWomCAmsUqKUyHRrrZQKRlAKzrG1YT2kXUrIkXaItEsEYCeSU2DbCrCnKYUlRe2KitMSpauYKZNMyYaIWqIEEWKcpnGcIqLUaM1TGztJ0WWbmm3oSi21rNdLiqBkm4oKACq1gEoptsNYSAFkUmqRokREkTLSzuYSMevnzdmmqbUmqTlJlxpkc6CUyUym1ogUJapqLbbBEVFKLSUUZNpGGel0NhSBmhmnMSgKikBF4VpqVzukJMc2OS2JsEJRwibCQYkip9OZLRXhzGmYCCnV9X1AG6cpKSE3r9Yrk33fj22KiK6b1dqBswGJohZlIDyNQ6KIEiUiAtuKUNSiWrqE9Xo9DaOxokQEIhSN1saWrTkMEllLkUgbSg2Vgq1au2xTqWHTsimi1q5GpbhEyNhka06jsA3CqDgIu7V0y9ZJwDQMxrWELWDW9bXvc0xqbW0QOCSbhCiSIwqFsU2ypBCyZGdmqoYoIbCjRNQQ0abJ2UrpSmgaW8tUhJ3TNE3DpBK20omkCEnGRWGTbUq3ya61llKFVZQtW5tChXAEESETknFCCRWFMGJcTypKM2UrpXalpts0TV2NUgqQmW4WjihRorVWuq5EcWYUISUZUoScSlkiFAqVqCUkqxRJBZESJhQmpmmQIiJKRETUCCScThMKyZml1BI1AjksK9QarU2BnGmckxUhJISbjUqEApSyVJLMZnKKKDU6lTCQ1FpCZBrc1RBIDOthWI+lRjgSByql4iylq6WUUlqOhlJqOtfjUFWjo4Zs2dnGqWUTpLNNo1GNoghnI913ncW4HsZxKrXrakXIatmilBIVSDcIZw5tqhGFsHAmwnZmw4oSmCJFSFYoSl9l2jRFoCiIUEQoLIBw4lqqsKQ0wzhIVFUVImrpu64Il8QFlVISh2Q7SofCzlJCsFovs8Vs3vf9LI2hRpEiyYjqzHEYpehmvVsqSu06J3aLWkRkNuPWsuWEVLoy6+ddraqexklVUrFMurVGhBWB+24mgUICWxClQkbENE2WrZAQwnK2cZrGaZh1s77vnEaMzVUBOQ4NEUhSV8Ihp7uui4iWnsbJTkQttdYAUyQUIpGbI6IoSolpSNOm0dBms3kpnVuux3Vfe5WSzqKAAGdmTq2EhmFo46C+drWkwZS+TmMDIwGtTZlpUKiv81pqukWNNmVm6/u+Zcs2la4LVU8taoQi04qCLOS0CQNE2m7uZ7XUUkttLYdh1VoznvWdVKZhrYi+dunWprGULhsh166rRYiUQgoxTaNblohxGKNGRBhjEF3t3DwOI8l8PpM8tVYiQloeHTGlasnWuq6f93NoIDerlgitVoNphtamdKaRUJSuyKGI4szazYDWpkwLMsHuuzpOg00/642nNtauK110KqujladWZzMV1b5TRLZWPvbDP+RoeUS6NTePncowjbNZv7nYsJMopVRCERIBzszDo2Ut7rpOUfvaO0pxzBazGgWXhGG9VmTXz5RIgLK1UopxZgP6fiYlULpSSzWaWhvHcXKGKVFms37WzRCttWwZpSqotUYEUUIlkU2EHGTLaT24tWEcbW9sbESEUYmCvR6n2vcbi83S1VL7UvqIMFlUI0p0UaCoZmtTtq52zsw2lVmJEthja10taY9TKxFIKCLCrY2tZbZAQtGV2tfWbIiiEsU4pFLDk7NlKTHlVGvpaq0RFl3UUqOUUqJkZjq70kdBCkOINk2lluhqqTUUrU1TImFaa63reoXblKWWUKioRFHIzVEEkW0ahilqKaBajDMzFFEKaJzWtkWMTpyy7HQaO53TOIZKV7tSiiKmqTndpjasRkuzrkqBHVEVdF0naRrHZkuupZaukyW5DZNxhFpza4ncMkutoZI2aYUCIBxZoqiUtBNHlFIjVGZ9V7tOUmsjRipRCDlTs76TPU7NQUFOtzSihIoEIm0QTpDUlQgVQWYiWZktnelmJKRshjQyilJCkmnZIkottYSkkkZBhCGQIqil1L6PiGTCapnZplI6tWy2yYgAYxDImZnOrqvG0ziO44Rd+y5KJQhF6bqu9ianaSpRIqTALVVEM6JGWBgCRVckFWwURRCQhXA2o1KLTO17SW5TRAiQSqlOC0oogxJy2hjLLRsOBeCWEhKkkaY2QnS1lFLa1ISjFkyUqH0NIt3a2BSl62sQoHEca5UUmK7rikKhqIVQRFQVRWAn4AyE1NzG9dDVrk1TCakUSWA7a+m7vtYiZwCKUAhInK25ZXPa2SkItxHIaRjH1kqptVQUCtmZo620U4XmBCgBCJVSZl0JRcu0VEvJdHNGFCPSpUQtXYlQWBQ7cZQaESLJKSc3BaEyuc1qLSXstFRKQWSmhYJSepWyXg5tGru+k3BKBZkQDXtomXY6M2sptVYR0zQ6XWqNUIhSigBLUUqHk0Cy3SzZRNokWA7IrKUGopZpamHVWlubhCQCainquxCZNikVRGZLRFiK5sycaoRUnA5p1nWKgrHpuuoMwzSNqoX01Kauq9kSRXFIIABJYE8IMgGbDIcCRXhKROYkSSpRFMSUo1CpvUoIoKUtFKW0bFIEbnbf9bUL0kK1FqKkW8umFGBARJT05HSpVQqhiBqhhJyaQiXCkGCnaZh0ykSJKOG0rCgBYUxCVSml1jpNk0KSMCITtZw8oSILT61ERERmw4RUak1SqrVKpk2utSBnJnJfqxEmSsm0ilrDppQoqrWWWS2EMC2bIkrp7ObMzByGUYQjhSTSOY0ZRTUKuE1Ts0Nykq011PUlSlVEjkNmQ4GEbVvIRKlFUoRq1FBEqUjIoZLZWrbmlhOZbWrTOExRSkSES7ZsrQkB2VqZ9c6chrGWGlXrcVyvxlJK19eIMk5tGIeum0WUcRhKidp1JaJlgksppUS2lpmlFIWy0bJFqASGiEBgpxOUclcLMLZWu2oUoZCwIkIRtoUiQtCmNo0jIiJq7SS3lpmtKJrVPHmYHEojpyynEwq2M0oXESUibQiM02BJAsuksaOU+ax3y7FNpetKSDaKWqO1qTmlklOb2iSpllAIEVlaQpFsJwqkkCLdpCKhCMw0DaYpioQUY5tqqREhws5EESVFiahFilpCCCfFVpTV6ujo6ChQytM0EtHVjpAzkYqIrpSoUUMmodRSItJZSu1qaa0JEyUiyDa2sVAIYSwSk0iOoE1JibCnbJkTUlcjp1Zq3/e9otqtFLWptWyldhLZmqKqq0h9N1e2lJ0tagWytYiQpFJq6Uopgii9gohiWpsmm75WhdwmIrrSdV21nS2nHFvLbJNMP+tAwzBERBFTZqikhYgaRaEoWC0dspuN2uQaQVdARUUR2abM1tLTOA7T0KYWXTg1TVOavu9FtGxdN8Nped73pUYaKWzLZWwTzaWWKOXocH8aW9/PVCSrn89ntUtliYgItzRZovSzvkhTG5xpY+w2IY/TIEKpo9W6dqV0tUZVcUsrLVM+4WM/QqKb90VKORRtyq7rFUHaU07TaLKrkdhTm8/748dOzOZzpxWCGoIaonZ913W9cyqlluiilPU4dn0fJUIFqZQ6m/VSEUgcHi6RMG4N6PuuqpY+kFpLQn3fkR6bu76TpOhaTrIiokapNVIKU6RUApsbG2XWz2pXakVKDBGKxWKjhNrUxjbZGYEdpZZpytYmQWYTUYoiZIXDQWDGaayK2WwmSXLXVcG4HgySokSJGkUlCrJSUgzDGts5ZWuoBKSxEpWQVDoRU2uyVSNbRlewx9aypWpXogRCnsZhnFqtsy6qhDPHcSJciGzN0qwrzhBWdApkBNOUsh0oLYhSSomEEgU30rUUiXSWCCKcVikIS9M4jm2q3Swguj4zQSVIW9g4M60mImopSBF9raX0xsO4dsuiaDginJ7cxrHZ1FrtGKeRtKR0K1FUCp6aiZBCCBqGCE3jWFAp0Ua6vkSE5TZltlREyymiGkUUlRinVqSuVhRYUVxCUqVEKIDmFqWE1NWiWm1jIwtlZmuJAlpVjRKZKal2fVdrZrOtUksUGylL7TITmkFomqYklWo409mmoAAlVEpYAFK0KaNgg0yEndlcpFpinEZbXa2lRJTIKU2LUrpaWxttMl1UjJyt4YJUgwgpbJzZnDiDQJKUIAmRsqBEUREIS4FUmjONoWUDmq2gRAlCoWzNmbUrJtKOoq6rEaVlay2xIiIkKZCQFDUzsaWIWgxtalGQJJSyJGESQ9d1ZA6ZbRplIj3lpJDBSY0wSuFMpFBgSl9rlLTSKWSDLUicmQFpR5DQhhGEQpZKqBQpIgJ5mJpNrTXtcVwjtymJ5pSkWoqiBBIhZ0g2dlqyE4ScmUgtWwikQJLAbopQlKJwSzuTKC609TQMa9BsNuv6PtOZmdOYmdmmtEuor7PAaZdQ6TuIqU3ZptY8tWFqWUqACJVaIqRanS3BbiKiapzGzIwSXdcponQRKsiKECJkFFIokKecutrZWWpNNI6DWyul1i7SThsXKxVh2zZOKKUESKEotZaIUkJyawkSSE4igiClwEgtLdymDIVzihJWBCGhEsiZBqUshwtFYey0JCSkEIhQiJCIIrlYtg1SmASkEqSQaym1qwJBuqFUlNYs2bKglK7WrkSZhlGdZJUIGxQqpYRsI5AAW8LNJo1QhAhqKYqIUEQgELiUsDONEBGhIjGOU1dqOg1VxbbTCrBDMkginUYQhTRgO5EyNbUpCmRYSCHJsjNDigAjqdRSSqTTNgrw1NKZkqIQFIl01BK1FttgI5ISKrNaRUsTKqUITWMLUUrpomIlaVCUTEJJRCAku9l2tr72KsUIsuWUziogMy0BCoWhdKWWImnKTLeWmUnXlYhaQ4oqlShqUzZniVpqpLOrXWYbx9aVTgGBjEKyjDFIRSR0NTIxBpdSJEERMnZmiQIBBhmN02iylNpyqqWLiGbcEnlqOY7rvpSIUHi5HMZs876zIZ1CEaUUCUNXCnJmYkqpKsU0hUQthZxawyLbOI1tKqLUYnscp+Zpak1E6cL2NLWEoggzTJNwomkcUfR9tRxRutplpqemQKGQW8thGAiFopSiEEiB3IgSYhyniDLrezsnt041QhGBlHbz2NUuRBRJxc2ZtpBzwiixu77v+xrEerUOYeHMqTURoZLpcRycGaW0NtoKsAGIImMToRIFWS7RFaebwTlNUylVspMoEaUYQgVcS0hq6dYakhQlAqJNI1BLDMNgoislIsg2tWlqrShKlDY1u4VKmlKEs41tHMeoJZ3ZsrUspcjYUqld7aJGGETLNqxXkx2KiKqQpK52Lds4TqV0XVebVSRJU05FtTmHcWjpKIQDoQAotWRCtmlKUC0FUAkRNWqpVWBnFHW1WjKutSCVUN93UbtsVpBTm8YxqmqplksJ7FKi1lqkxLYgp5bZHKUktk2oZUMKQYLKfDZTxDSNLVsJrVfD2CZgPp9LxhTFMAzpJpfyqZ/wMbXray2ldl3UcWwtW6ml2RRR5MxhPWJsTePY7FJroVBrEMPUUi4oc2qZ0zQilVqVWWddVyJbC4VKyWzTOEGGakSkbbmogFtSI6DUKqsWldKVzJaN2nchtWmC4tba1CgRYmots01Da9NUu9rVLhRSmXLKaWrpcZqQMzO6rkRAKKKtRyIiKpD2NKzbONa+b61FjVr6zDbr+hBtnJLEIBkrIhQyUUvtamaUEnZiSxqnVpAipvXQyIhih6RpHFtmiQjCIkLOJsmZlkWUUqMUGzuF3LIELaQk7a7vopZpnJxWRNTSRRe1SrRpWq6GdKu1I10UKjGNI1YU3EBICgpkmq6UqEWSpJZWyriWKLUqMwphRY2wkpSiSNmmUjvn1FoaSnQqUWtXagkJReZkowBnc9auKyWUZHOINraq6GZ92jll33V1Vto09bMOaJkRUUuXzrSLRECScikddpumxMqcJuN0y+aUIiQgLbdsraWzNdo0ARHCiohSSxvbOI1Oz/quq11rmelxPZYoCmWjlChR+9oThIjSWZKUTgmlrUgQiMSe0mQGKKoUSJlJkpiEUO1rlJhac7ZZ6UaDqCEbRZEQ4cxsDWfLiVLViiolioraNJl02onTiSRqKWlQ1q5LcDYpZIgEORPShCKSXB4tJeEEhFRKSCJwKrCzNeMESpTWmjLDKMBqzYAkA6VEglAUULNt2ylAihA2biolQsN6NbWGhDOnMbMpCkhmvVoL+m4u0VpL2yacRZ0FVkQ46boSpUTI4MS0bK61lMCZU06CCCEZCVTDk51JKJACt1wPa6TFbJ6yEsBktjaM09Z8XmrXcmptqopMTTlU1W7e26yPVs5WSig0ZZvWI24OTVObxkklqqRSwpFCKEKEyBzG0WlCaYdJGxMRhYhCm9rUWi21RKRzGsbJaWeUWguKIIiIbM121/UhuWXLNB6nydn6rjcoCZEm7TY1ktp1fReyat/X2mVm4jDT1ETWqDaQUnRRSqiUqqCWXhFdrZicWlX0tbM8rcfoau27UkMqbRwlItSao0KzSdsSJMNqLeGIiIIIhbFRoHSmbYgiEVHCsoxSikgbNSEsoVqRI5VFnYNxHAUECstAWJEtI5xTiwjkzHQ6xDTlNIyzviul2FObGnIj2zQad7WvtchurdmebDcpkMK0iKilGrXWokgoikSEkEWiKI4sUZWZSUQ4bUS6lAiFs43jYLdQUVQA4SntTDdQiCSwAUvIfdcBrbm1VkpElDaNWCbHYQqkcERpra2Whwr13bxlm9pkJ05bUghHiAiJUMnMqU1BOAhjgR1RSu1AbWrIs9ksJBILEuSIUiJaOlvWCJtszXJEkQJsmbSsCEpVG5nWQ8spQkJEhKokQMJOtwS3RKX2tTOEVEuUEkTJ1oAqIrq+K5abXVUdcrYItWxRuxpR5ExnWpIi+lpbm8ZxraihYrdsLeWQSEnCiUqEsBRCbhPOyVhEsxEK3CCNCEFDpQR1Gkdh7MxpNYxuOU1TEooASe6iOIpsi1JKQGJMlAhJUlqSIwqZYUqJWmNqbZrGIkQYOV372nf9NE0ts+u6GkUhUlObmt2XQEobEYpSIqKWEkEIgkJREZQi1NqYVij6bla6ki2dKcmZBSXh1qZpLLVGFDuBSJqbLaNhXBVJDtGCQigUSWLN+goax3UXXaldKWWcWi11vrmBlJmlllk/N9k8hVRrmVqOqzUqciNKiGE9ZE62RGKcCfSzblwN4zDO+yokyVCjXw2ro4Ojvq9917m11tx3XZumKXO+mPddJ4xwc5nVGp2KokgmSqklEhfXWqM5i0omYWbzfhrbME4opGjThJimqbWspSARZJtCEUUl6npYlVBEWU9jLWU+W5SIbHl0dNTVnlppuVquS6mzvk/nNA45ZVQFwq5dyaSEWmYtxXZmk5JSa9dB1lnnFJbkzClqrVVdN6u1tpYkzkkq47AqtaR1tDzqSrce1hNsb26V2rVp6mddy2yTo2i2sYiu8zQhQkKRQ5OcU0MB5LhWqBlZtS+2uq6QUtJ1/dHhclivd3Z2kFsbpWjTYCiSUfm4j/6IYRrXy5WihGIYV0hdrbWUzAxMADa2Stf3NaIoHIpSHUpPtscJO6WIKLXEsJ5GTzUqME0TEsbNSatllm4GbKS+lK52kqZxKFWt2Ylpfa2KOk7rIkmhiFI0TVOtpe9nsrO1kGb9LMXUJtmoNiwK2dbrsdTouj7TNrWWhLBUa0TINCd21KISECVqX7v1OLSWpdRhHBMv+rm6SijHJkeJYpEJUtdpag1oLdOEXGofUUxGKX3ts7WWOeu6vptFqCURqqVOOWFJAFGLFAQSbWoIBCYcSda+RgTpdCaOCElRSvPkREFz1tJ1fU2arZzaME19DakaK5SZwDg1hUKapimNRRtHituULbOGUMjGysZqWE/TVGuIQIZEoSjANI4BtXRg2xGF9JRZa0WOKDVKZmbaSkWA1qtVy3QmqHR1mqZsmUSmyUQQIqKqRInWWpQSCtmELHdRQ1KEQRFBMZnZIkrfdQEWHSql1hJd35UoYKeSyZklQlWhMDKAEfZkI9xACUJ2w5kuCoWKMAqkwM1gVFqmclLpSq0qjOtpHNahEoGKooRCRaVI0zAuV+soAXZmiZpWKSESNI2jpBqVUAjCOCJCdmauh7Hre4ykgAg1O1srEUAQkjARZCOdoSIinchKp7VcLts4dbO+dp3tlm5tKkWKrmVz86zvhBBKDCqSKaGRBkQJJJkpRzlqlJaTQmFFREQJyWnsZixkpqlFiRrKZpuiKKUr4VJLm1pmcyQQClDpqtOlK0iZWUtxRLbEbm0ahqmWaOlw1FLGNk2tTWMDBSI0jU2AnU6wFOkMacoMlb4r3awbV4OxQpmexrHlVGopVUVFULqIEColipGMlCoFJNHGZlRKRNQSRKldEVHlRAzrdebU1U6KaRqRJLBrLSa6Ui3bKZG2FKVGjSKU2KYrXVd75FKrbBDILcdhdFp4nCbhGjHvO9VO2OlsU7NN1ihBsZLM1lKKICi0tFq6qEggS6WICEkt7ZDA6UwTdKVL20JdEB7XzeEwQESEApPNsi1FRGvZWsu0JKSwVAIkZVWlWCqBjLO11qYiCSFymkiilFJqc5aicNhIKkXZsJuKpAhUoijsTNRZjqAo0s2Q0OxpHIVKCcttGsdhrBs1xzYOo0KYHBtu03pMKCUUJUoBkYmofQ1AlgrK1Xo1DYOIrtZS6noc2jQ6Alqp4Ykxp1JKiWhpk5lGDbAtEV3XRVWtbRqzZWZOboooCtnDMNU+pAhJdsucxhZRSw2TlgKiFkSSIjKN3UyIru+7vpcUIYWwMt13fVc7CYUsBbJdIiIiM6c2jsMgSVYQKkytyUQoohhUwCTZRUSETUq2MYoioxBYkiWn085MZNl2TtmA2s1qVyWViJaTrUbKBqFE0UVp8rBa2tRu3lpO41qK6OSM2oXJGl1EpLFHwFGKQyEFNhE15HEYZUqttRakKBER2dqwHpyWpBLIoSIwZJtsl1JqyBZGQQlFLaSdIKbWjDElQjC2QYaIUmoo+q6LwCaEiKhRS+C0qBGZzjRpSgDTME6t9V0FjdPY2tSySUVoaiNpagSMU+u6UqNGKSZr6QVpKW03Qn3fY7ccnYzT2KaMEibd0mC71JBpmUkjiSgKSRhwNgwGoNgphYpsyCTAdnOpZWzN6SgRSKW2NgmpxDiMoExaS0J2tkSSJCAIRyAwcpEzIRRd6VNyZkQIKZDCOORau1IkBRFRopFkSmFMUe26iLAohRrYJNnVTpASOdWoTa6WAqeah5yaIkLKYBqbkNPppog2Zct1qVWQbWqMSCW6cRwVCkmKlhklNudzwXpcLzY3SOxJ9jBMR4cHq9W61hLSOA5d1wFERFWJQqjgrpZao2VObcIiai21qEaJEkUK21ZKERKAIEOi6zogx9baKDSOY2bDgIzb2MZxgCy1l2iTVYqnnFp2fRelk61QRODEkkjbdo7ObLaCzJSEpCgxjKsSUUpgZl1fFF3fTVNDBEpku9SuRFGo1DKsp1pn/aw0Z42CJFw++iM+OEJOSglQ4loKEX3f5TSt1+M0jLVG182LqLM+VFJqUshRgmaizkpNUUuUUqJWe2wtwbaBWjpgbGOJWmqQqFQ7s6VqdLVztpZEiWkaSylETMOQaUnro7VDfT9LFCRRwkGJNqYiZrNZKTGM0zROpSgUXdfVeW+r9tF1c6m0qbUpo5RsabJNadKmlFpqqbWIUFUtslK1TC1J97MN5GxtPutBTS0UwgplZlGFFq2qRCiwrQJZIroo6/V6PayqpNohoOBmIQNObFyiDyE0tTZNY5TadTXAAiQUkDaWRNQaYhhGZ4MIKKX2tZOilJJJm4aopavR0hRJoiUoJBUEabvZZCiihBGZEdH1PTCNQ0pdiVpqKLraRQEIFduSQpHOiFK60lq2nBAlonYdgCQL5eTMbEWKKFHCdlhCUURoHCYku4Uiuko6nYhSSksbnDm1CaxARiEUmU2o63oVY0eUTJeI1CSXNKWrOFHBk4XtbCmCWnKanNiGVqILxTCNTjuiBJk2rSVuU+JSornZihBEthynoZQSEfakUrpabS8PD9erNUFfStSiolCl0dpgJ1VOIkqJEFG64rSdhBCYWqulCEF4SiLdnDnZIHWlj6JQ4DAO0XBLuSVylErBxlYVpeuEW2uYWuus72sJK2qtaSs9ZVMyZTonHKUUKTJbkoEQqlFL17JlSzKlEgpIFH3fAW6NkMFpy6GS2VprtRYhLIW6Wp1YjlqjlAjlOB0cHqxWawU5USIoBVuhkKwoQiWsKGJqQ2uZTluzWbWtULZsbQpFRKTblC5FtERWUWaGAyVWpt0y5BLd1FrL7PqZwmMbaYqiTEdEqDbSVpEiBG7jJFG7WbbmRFLUWoukAooIZBxyQhhJiqiSTNqa9T2QmWk7LVnCSZumbBk1+n5GRJMLUUuJvqZbZADDlDlO0YVCQgYDgYjoaomudmXKFEAIS6WUICwz2WRGDctuFqiUzDSUCAm3dMrp9CQDJGknNk7jGlLENLb0JCKKprGFZFsy4FAYiczEdLVIcrrWUmqVANmJZdymkUYpUWqNglGtIYWtaZxUlNOEiBKBVJS2ke1QcUsAO20URTLKTJKUQ4QKYCeycQ5taq3OejXGaTR0tSs1aq2170tfAIGbCUiLsAnksFIC7DZmlKizSopwG6fWMkUpNYjJk5tLKQoym9MCHHZGyFCgubll2qESpUQtXQlLTkFiObN2tTnTbpNLtSg2Ei2zKKJGEGmX0JQWglSolJJpISNFFiFF0lqm0DRNU3OJElKUKFEyHaV0XVdLmZxFpYQAy1VlHKciYZdSSlfTQEYQhMkcp2bX2sk5tlaqShQUEeF0s6WIiFKKAsltbM0WITFNwzQM2RoIM7UmhVvWEklObSyl1hqSihjHyc4oxXZ6shAEql1tbWotI2pIAcM0WdS+tGyhAFDi0px910mBbYHCeGrjNIwpalSVkN2yYasUpaY2lVpK15EgsEsNpFo60iZL7aJEqVKpESgKkNkaAoTSyJSuK0URUhqQBFgA2LV2pRYrybCNHQFIonR1mtJplUg7Wzo8DpOkTNmjiVoi08glSkSsh6FNrXaVjOW4GoYJPOv6qIGcaUQzEiBZqg6LQCIkIFtL48ixTbWUWqpCCkkOhMIWbqASEVIJIZcIT25km1yjQpvGSSiKSimZnqZRRU4T6vveUoCiWCq1lmA9TNkyQpMzoLUWERHhTISlAjkhFZVSau36MrUM0XV9y/Q4ZbZMpVumS4k0U5tkO2lkqWWachxHnCC5uUSzmFqppURA9v3MBmc/n9UoCEVE1DYN4zB1dVa6Mnpy88bGRt/P0o4otRTbdotQqpiGla1FCSNQ33WlRESUEim1abTtTExrk1Olllk/m1qO6zWFEgVoaeRZ10UpKGzbaadKiSgkiaOqwJQZBkXf1a6fOac2NQN2NmfLru/HaVyv17NZN5vNxpbZstba2pTNs65M2QLVvhuH9TCladk8Zaslulot2a4Rq3GdLR3uSrRMEa1NmPLxH/MRfdf33axlm6YRW8K2M3OahnEahqkrHbItKbCnaZIADcv1NA5RVGqApja1Njot1b7WoorJzNL1tYSRTJp0y2yl1ghyYhgH0v18DhChULYJq0Q0tWEaF/N5KSVzUigbpZSowjFNbTWuJRHMaj/v+nEahmGstdZShUrXlSgh24pQZpNItyil1q7WMg5TS9eutnQbxkxoFlG60ndlsqfWZBkVkQJslG5tGqXO4cBRCiHhzFZLl9K4HrH7xSzHbGmcUVQVqURRIpzgNrkJRCDVUlomAgV2wuRsOYUCBU6sxEUlIiJo6YbJRM5pUikhtbSh1upMIIoSolRsQLUrAahEBIUCyLadmc1JnXelq6WUEmUydkYJoXSS2C4l0lZaqi0bTtvOZlxqGcZmZ1ihcBBQa19nnaFEiVKx09nXPkoUx9CGbJl2X8s0Tio2IkMFwTS2bK61JGknAhS1FNXmlGyQIkpIaTIzhZBIq9YoIYDSzfooISuKTAMJKSIzlSBFKKTZfBElstkGK0IAVilKoxBWCEUZhyGiLDY2Q6AI1WQirSLLESVqKYooBdu2SSHZLVMhSZJFKAKcCNuhUmpibEyELKebE0l2C0U6nSnCTjsTjC1qKYoIFQyilMCknSBca0jFSQa4ZUsFEgZFKQrUMsmWpaulVGdrzaWLILI5aUEQtEyljUNhpaIgR4lai9F6mgR9V6FkjoqCacliPt/Y2YwIyaaYxNitqEoGgnBr0zTVriulYBsLNVu4dh0kqOsrlp1ElNLVWlWLCISdBpWS2aJUiRAK4VC41M62VBWW07hEjVDCNE0JijAJxkRBiuYmOTObM0LjME5tClQiuloiSmuecrJdS6dQSIgUUoBbZnMKIkSqtaaQoE3NaZPZ2jSN6awlQrIUkqDUkEoJUnZrNiVK1/cFFMUyzciCWrtaOmdOzpCCwLQ2SaGIxMYCUgQ2JWqJQGq2WmYJWkaUWd87TQh7mjKzRYTBREhGkjKnLmrUahtE4LRChpBsppYWpcrgRIpQGKwGZDanS1dsq8Q0jW1Km9pVhaaptUxJgURYlhRSgjOlkDCUrquhKJUCQS01JKOuVkVpbcrMaZo2NzZLjXGYGq0qLIUignEaQKWrUUqEutqVrqqRJAkEAltIhCKKQiIzM53NpSiKagkQ0tRatsT0XYkSJUJSJs5mTRFlciOptQZRpFKjqFhON2zhRBEBCEpXZGpXs9HGKWpIatlaTk6iBKFpHJ3UrgvJFjJpC2OjrpYuwlGytYKkEgqhlhMYazWMQCmlTc0yGeBQUQDuak0zjWNERJQSKlFQay1LREiU4vQ4TuPUSqjUWK9Xq+UqSoRKKUURtsNunrraldLZRo4ostLZWkunbZuI2tWOkFEtMUxjMzVK5iRFlOijt92mVqLLlgfLo1JKLbXWQnhsY2uepgErFKnooiiEs9lVpdTINk3jhFSiSDY4U1ETZxIlFIpSi2QsIluLqDgVkUmbJhJFZDagRFhkempZShdRJGTAUYoEVqgIECrhzFpLRMlMcAQqai2xSwnDNA4iaz8rUTKzKkqpIeEchiFTfd+lXUr0pYtaogRyGye5RlEYIoTBMpZIpx0oQjk1hYA2JRAlZBQItZa1FJtuVltmKSpdN2XLsSGSxJQSZRZuWC6lABZFxZnGKsg2FGipCNIZgY2kcRqBrlRFlAjbRHHmMIyyLDmnaRwtSo1wtEw3S7Q2OtOynbUUuymqyWmcJBein/W1ds3NLWfzLlRLdChqgWRqDUzghj0mFArSMK7T6qMOw+BGrRGlyur6GkWgcRic6cRkiWJ7WB/VqEhDaxE1IkrEOE3TONlWUUQM61GBUK1dm5pCCtkpaM5SK8a2JEyptbVs2QCp1q7WKEA3q5l2S1JTG22EE0dEZk5TixJRinGpURSlhlOUUJHEtFo3tRKqXRExTaPtdIzjlDhKuGWpHSadoeJstrquzmZVSJCmRoTCuHzCx3xUsZuQmc36Wrspc9bPMnOa2ubmhkJdXyGmbLZVaxe1SA1Mm1yKFV3FCgGSmNoYUUuNcZpqiYISJLXWsk0pOkVEsd3aOGVr2fquU6EkiXNqUum60sYJ1fm8b5nT2JrtKUsnhXAidbVGcURELSplajkM63GYao2Us2XaLbOGElnMFwulWpsiUEaSU2skJC1HEQ33fVHEehzVskS01sZxbM4iZUMwrsdhHGddV2uNUtKJRAjCTruBur4WzaIoghIlM9fj1MaxREgiKLXKtLQUfd9lSwBjEYpaokS4gYgAwDaqtbY22kQJT5m2KQJKePK4XisoUY0FIDdna80Q6rsqMI4SBhLLmNrVtJyWGach01GV09iyBSVq1CLbQum0iQJWKYpaa+3a1DIzItIpRKjWirAsiTa1dF87IaetBEWAyEylJEeUImwVlVrDdiP7WmvfAUg1ChFOkzZWEI6IUmoNqSVYJYpxMy3TmcISKiFbmeM0llIkhSJqwWBqKUZA7WuJIkkhyDa1KNH1s1pKIgF2y3QqKiGX6EpRRGnZQhKEotauL32UkgZjKWXsNLWrqJRQEc0STltCFumQagmJNmVOre86IiRwKkpEhCKCzCQiSoRCGClbhl1KBSFZ2E0IKUqUwCmViKJSSpEyBZlOuRSV0pU2TuOYYIcCJKIUhBCgEKgWmailq6VmTpbTOJtQKSUUCMlO164o06gLdbW0zNKXKrUp7QwFNsIonTWiOW0bj23qalcisrnUKqQgStRSx2E9jmPfzWS1ZuyiUEhpAkluTrKWihwqxoooChWhKKGwMjNKzGpniCgSrbWoRQqTckQUMElrLZMQU7ZISWp2hEotKIwihMzYQLWrJYIgiECWlYouqooRdnNmtlDInrBAYmjuu66UmpnT1EqJKBKQOIyErGYiJBUxtTa5ubVSiyIiSlcqpKFGcZGwRBpjpSNEooiIMIBK4CCil43IJN2idKVAqJZaorQ2AX03J21nRHEb2zRJogRWy8lSkcBON6eEVLoaCpzGdiLSGW0cnQmRNqKUEhEQAqCEMJIURESJolAjhUqUUiKIWqtCWAIwUBSWqqrtdBLIArfWWk6rw6PEmUzY2VCJ2iETGoeJhkJhphxxJA3LSBBBhEIapkF26Xo7QxESpchCNg4FKm6TE4WlUERODbDd2mQslVqKJzensXDUWqIQnjKdzUYRJK21WsPNq2FdanVaJRQEYcBZoiLhiNCYrZSotUZEhMZx3UhJKJ0p0zLbNI3jNGXDSUj21FAlndM49KUqEIQixZhThFSKVACRSFKxjWmtGWxntlq6UoTBrgoRBlG6qlq70nWKACFZ1JCCtCOQStpgowCkcZz60hlaS2MpWmtuTZQIZVoqTk85ZTbVUmtpzjCz+ZwinNma7Sk9q10/70NFQUhSZDNpBVZkcynqaqcCLQ2llFIUqBAhhvUgQzCNY6YlnLYclkIRmtpkXGrFkTRARCOrCCmIVNpWSApnIkcUC6XX67XByTCuUUSJMBB2KtTVWrqulhqKaVxP42SlbYSIWkvpSiBE1JAdERBOxtYsuiiJQcUyYVyi2A5EFGBqrdSu6zpJEQqF7WzORDgiJGO1nKYp5XSmIrJlpjY25hFBc0RIsqOUIpS0WmuJUlQynU4bO1WK0zZgCUml64RCRBeAMUQoFIoaERJFoTDjNCbGOU1tGkbJm/PN9Xq5Wq9qV0qUUqpxV6oDDCFDBBFlmjLc3FrLlAihCBHr1VHtZs5crcfaKVQyW06TUe0im1u2WivO9Xq9HoZ0YkqpdmKMS+1KhE0pFXtqo5Gdq3EkEXZzKdHN5oGGacypRZSi2mhuOetnto1DkZkKqUS2lB0hMktXSynDakCSKKqlklAUhFARZLpN45SuQCgz7XQSfbFpU9ZShLKlovRdFxHjlCVUuiIiIhZ9BXXRER7W0zSMteu62tW+ZqaEpza1VEQ6p9bKx330hxucZLZ0FsLN0zTNNxZRpKhSFEd0RSHMer2qtSQis+vqvNaEbC0zUznrZ13fr5arqU0lQhG1K+thHMZ1V7sa1aaqKgIpQkVRavWYLSeVmFq21vqup2AllH5WQM5szRHh1kqtKDJxa4SilBJlHMdsY0SZz3opW3MtVVHCajlhWmtdLVjkNE6TiADVCFXbErPZrHQlRBDDOHoaa9cVlVIKOBSKYqXs0nezrm9uEcVmGoeICJXALTPTpYStKKq1jOOUU2vZ3KbadbWvTmebjEpEayMCnLhEUUCTikIlSrSpuTlxhIjInAJla0i1dhGBKCHbURQhVEoUyUXFEpKEM0tRVUxtSlNUopQ2jSoKDIoS0zCmW40uW8vMlhmqs1rW67G1yXJVFUxTBg4Vp1HUEjQjJXbLeT+LKMJRhAgiM8epRZQiJThbKIZhbVRKiRKllr5WqSSEsMDYZLr0Xa11HEaFJIHaOA7TUEqtpUO4NYWcmZmlqKVbtjDZMopq1ytCdqYtZ/M0jG3KqbVSIuypJRLpErKVTuwiDethmqau1HQO41ikUktrU7ZWu+L01ExYKYVQJAqJILNlm4oCJwYppFIqSJh0kiZCZGuKgIhwKNIYR8h2qaXrZ+BpaopSIgwSyC0tVFSigMKJbVAUBGBhN2QrokQhQsE0Tk5LKkWZjghFQYkhmZy0rDVqqWlCuElyqGCQIgIk4VBgp6UoJUqpEcWtja1BFimdEYUIlA2macrJASKmbDYRRSUiatpulkJSJqVELaXUkjYQkDYohGo4s0SJULpRqEVGdrYpJUUUk7iVKLWrzYkoRGIynZlupXbOHKcBoivVeJzGaZiiIkUpRVItwhiMAymEcFBCxqGIKIicpsxWai2lAm5pQBhaa5kNSUYRkqbEmbIQhq6rERIx70qttZQq2ZDDSFFIaZCDEBBhG2zI1rKlVCM6TGKVYjenHREJgATIWJbINEKBFJKAYZpCFiIiIjLbar3OzECZDQzqu06SnSZq4AgJqXRdBRSCzMmAhFsObYqIKAqU2UKl1KKo6ZZYonalSBEBkCAyDUSEUHPDlIgp7XSIUFiknW0CCTenpEKMUzqnkNJAAhLNth2SFMM0ObwxW0QpmIgYptEe57N5BGMb2mgVujozBgxdrZBItg3G0zhFicAtm41CBOvlYU5KYxIjUUpXIiJKa2OSCYWoXa21KoqZbNkUBWBsZ4fGaQpFVytgp1QASUWaprHraq0VY7IoovYCBSUkKyJMcxPYDWeLCBEgy5kJTMNapUYpQSiiiKKS6dqVKJ2IKIGRFEQJtWnKliqKUsCZWaUx0y0jVEoAEGCDokQJ26UWKWud1VqEgKpaAoCITA3D0Ny6UiSBBApKqQHNCeAsJZQepoFm1TrrOkWks7VmMqKGAlPEbN43txybIWrtSu1rjVKcbnKOuR5Gy6WUqMUoILNNUysRQBSphAqiGNdS057aGCWIcOY0ZbZJqARIsmZ9Z6KIWmuNsBVF2GGkSFISiY0Etu2cpnQKMhPU1Q48tTarna2mJJ3OCEWtNQrJcnU0jVNRqbUoFJRaKxF2CknZxgxJkE5BRKmIEs2GtJVugggAlSgBaeNaQuBGrYVSkLFtakTDrTXbWFID2S4KpBIRpUxttFW7gjW1IUJYgdNpW7JwKd00jqRLUCLG1kBSgJGmcay1CoHcjIhaQiZVSkSpIpSO6GopSOBSapTS13J0eLharWeLedRSolR1SJISt6kV1XCWKM05rNfNxq6lRl+drIfV1FRr1L7DrqVEUcsWpSqoXW8yQNKUdrpEDZWuRldLQjpDoVCOjdC861XLOAxFmi82upBElDrmCK6lRGgcRkRfqjvVEq1ls0PC1BIocspaagoyQ0VVmbYxxgZCjOOYzjZNXe1CEqqdIjrIWkqz3VBkKbUrHSFnkxSlEz46OmxTdn3JzGxpG7tGjOk2ThYllG1SUe36llmU4JwcoSlbNrdp6qKUT/74jwrJ6WEYEkyGKKXW0oU1TOM4jQqV2tWIljkOq9rNJk85GpM5tWyhUAlhUAnNuz46CTCS7GymloJSQe37YRzaOJRSVEpmWi61jyitNSclVKg2EiaEI2qtUSTLlooEbuthPQyzxTysYRwwLbNQolZLVXU9TbQUcrNCFuGk1hSlVEKhorDTtSuGaZhsaj+rilq6Uiu4ZUrq+q6UQpJuobAxKSJbQ1GiNKxMSq2KQEniaG7TOJUabnR9rbVmc6iU2kGGJBXbaYUQiHC4DUkEpFAUudkRXa2hcBpca0lnUSklTKYzopaQ0gpbZDY7URSFqvraIU3TlDZ2a9ly6qMjIqqmqckYR1dkOQhL8pQ5jGspatfXWonA2Sx7MkgggaREEiFBKA0mDBFSlFJEplOhTFuScEuCkDAKBaQbIWUaWfQl5KAlIQx2a01SUEqUqGRaWCFMtoYoRZJKKdla6YsQTgkwUu3qNI0m7XSq0STVvislWlqtNafTdkuyK7NSyjRObRopUcQ0trG5r1EihnEMh2pgS2pTc2g2mx0d7P3tX/x515Vjp06POWUjFKIoaJlIsjITbLlEKSVEaZkm29REqbWIkLBbWhJFkU4jGylLLQopJZSebHe1TK21NkUpMiYB2yDJklSiRCDllM3GilChZDbLEZKkUmyTmUiyRGaO09imSZKVIkg3EiJtp0MRQWa2Nk1tUtSIElhE5tTGSaKb1a6fWTIZquv1OgLS2SYrLA/DGBGllK5WKUA1NLb01AgVJBRRohTVks1yEzUigAA7S6GLGrViRaiWkpnYWCmbRKWvHQUlpdYUblMtPSFMoKJQyIpxGJDlMA4hikQpNQik5oTJiSlyUsKQxk4RrU3TOJZSIpTZbNs4E8V8PkeAW7OEJMuTk3REQZrssErUbGlnRAGlLUiDFaG+6002N0nOdDO2JVqz25StRulqcYRgak1uinDatqC1hgRgCwuiFAVVgQSESkh2OKyQaVIoHaWAnXY2VEKRaZmoKhQ7w5Eis4HsJFRLcct0q6X2taQF2DamtebJiaIklAjJbcqQpJBkcGIbuzFNrTkTlNmkLKWrXc3W7ESESokSoRKqURWlRsxmc+NxnGqUADBRstlTEu5rpwi3acoWCKUbibtaLGWbSkQtalO25lqLimhIiq72sxoISSVKFIwEdpQiU2uNKGMbp2Fda42Ivu9KLQgy0yq12llqiaghp227RpS+SOGW1IAwlAgbKzGZDSQFIp1Tm0B93zunUmoELVsbpyhRoiR0XUWhUERNZ5sacqkFY1mScWuWlCiKnIBKCBUhy6GIrhSFVMIiaOkiRQRyaw2UmRYlilApRSWaPbXWRUhEoUQNlVAgVIioVXKpaQvbxlh0ChV1XSUiswnVrtTS1xoYhQTTlK1lywaqVbYsT61NrYVVIlqbonRdUSJBLSFpas3pUqssY4wslC3b5Oy6vpQqSRFgOxVFERECTS1LUUSdpjEzFZJDRbaNMx1RSicZZwMbN3BSRAKWTDfrTZZSLFprklTCU3Nmm5JACkulRtf3ocAx5uRpIiJqJ0U2l1KskCldrVFTFontJEKEAKdyyiknK0JKCyyVoY3OBllKIRTNKsqpeRqjdiZL1wUlpIRaq7rapjYOg0JYCNkQSQNA0zhmZkqgvoRUTbMQIcDZ7AJjtloqCAgpRBpnGjtTgKAQEXbS2rgeu67UEukU0S1qV8tqNRRFKWWaJmd2fW+bjCgRJXDUrosabqaQzmmcWsvZvJ/PZmEECa1liZBCMExjjSLF5OZstUQ/7wNFCaKEXUvUrpuyRdF6PbQ2KSKCUruudK215uxnnRyyQJJKFNuqJRS229imaZp1PdjpUoqKUIFGFOEpMzJqF4iwpmlIHCp91yE7AqkURYSEopQoOU0JiRRI2ISihEupFqFo07g6WkHp572iFBUXaFYRJtNYfa3RhTOzNXX18Oiw1G5jscDNqPRd+fiP/iiLGkW1zGfzxEpqrcujJaKrVaq1FAVDm4LS1652lWlqOAqojuM4m81qiVLKOAyr1aAaoXCSbiZqX/ramSSVLVs6M4dxnM17Z2TLKCFFYKejhkoRRETCOIxS1AhqwSIUUEohvBqm1qZKGXDf94Kjo6MhpxIRRPPYhiGlCDU3RUQEUimhZguZyYnUppbg5mmajGqJKVsgQtM0mZSwJZuIULQpTfZdFxGNjAgUxgoJ2UkwjVkCTC1FCoVQuDGlI8DKZkCAopaotbq19dgwBDhtoiKFAklgpBBIQFAsokRmy5Y4JSUZUTJp2VSKJBIZAhCmliKRZCEoki1FOm13tbedblXhglC2LFG7WR+1gmmZUteVIFKU0km0acIRRRAS2VKmNU8to0iSHVNmGhIHYfd9F1GVzgQZIwJJojlbS4Wi9CYbLawpx1JCKgoihCQFIduSIgLbth04MaAoJac2TokCY6cUIdVSu75DCqJEQLRskhWlRGTLsU2ZdF2dpilCUWtXqptM1lCdzQxFodCsn1kexxFRUKllvTx43D/83azfOH3tNU6KNNFUkqS1Vio1SrY2Ta2rXemKHJMTT0IShCICKclMSgSi2eM4IRVhCzENbkzOlFRLB2RrmURE6aqQwpm01hC2igIgM2oRRMggTI0uahRUumpZApVQKcVYUiklFArJlFJSjoaKVJQt7YbCjghhhal95xBkmqBYlChdqbYjImo4rYhMWjoiSglwKLKNraXlIIwCZ1JqTG1qzlBYBnCgiAiLCBI5DSQyTsCW1FpLUopMQlZERHFLFFGU09TcikqRFEIgMOnMNAaydhVQiVBBtCkjqBEJpVbh9dDaNAWSArepNYJQ6buSQLrUjoB0VysiIiIKyja5OUnhlDFRIgBFKLKEMq2Ilg0yFLULZ2uWJBqlVAKEAClKCLVMGUU4cabJrlTbGJUaETYWXS2FKjCe2igUUSTZlCi1q7bHti5RmpMJVaWRQEzj1LIVRZRSiFJCXQ2FUAPJQagEOKIqmdqUzogCEYEo0UUQRkGolBK1htK4TdkyaifkbM22Wo2IqIASyyqh0lUF4TRpB7VGkRylhhQhROlCtWJn2mnjUqstNwvXri9Rm3E2B8qMEBljpkJdKSEl9PPOljNDBrlZUj/rSilpBNOUuIWKcDPpJAQCp9uwGltroZBAgYNECKVApWBFgENSKWGwBEJZSrXJBFlhWUKShaKAJROSLJOTPZ/NUCgkqZSiUmqpkgpRapWcmTZRIiiQzQ6uyEwkyaESZDaMHaViSagoSRQKYxlqFCJynIxlFCGRtGmcmicn2Vq2jFDUIoWSJiNP0xSiKIwCOS0hacwpUqWfyVgic1yPIdWuF0JGRRESFNUopQ+MCCy3aWojVhQiKhFFmloDRxRCZKhGqbWUMM5pSltiSrtNhlk3sw0IFFFKlBJCodJIZwsV5BwnSxHR3JRElEAOuTUCRWnjlNDVrut6e0woEW7ZnF3XkZ5aFgGKoIsildZSAgmoiqk1hCLSGSFJMipFSciNFGnhbFNmZEpKE12gqCpFYbWpZd9F2qVWlE4iAiW2FQFFpYXJ1pod6voiBEiqIUcJFZtxHNvUkKZsOY5CRAnIRAqwShERylJqFGWzRZQopdg4kdx1XSllbFMgKVpLkx0Cpimn1lRqUNITaaiEo3S11MnTOA59Nyulq4ooDOOYFs6uBC1TzfY0tmQqodJ1fS1YWF1fSom+9kJHqyW209iWSwTgqTVbJgoRpSgkDcM6SpXINF1MY6OlomRrpUQtFaK5KdvYJgzGgU3UaC3tpihyGk9Ts+hrbc5MK4qC6EqkWmaUmq2t1+sI1a5zs53NFCKKjIOglFKrQm3KTBtNY8s2AaTb1EwKZZsEUcLZZrNOKoeHh7O+m837bCqdaFahRI0I46i0zKlNLYcps4aG9WjS9jhljVq6Uj7hIz9cirGNJDXCctQotQ7TWGtXa41QOodxHNcjJrqioqklqK+dSVldqZnOzOac1U7IRBRFCeRQLbUowtlUoo3jOAxd15coKmQ6RGstuhIRblkiWubUplJLV0rtAkWbGpDNTttuOYW0mM2I0oZVjVK7DhQKk1FivR5M9F3YZHNXwm3KpLXp6GgpkAI8rgeFulIVir7WUpG6IqTl0REQKtM0ORuS7YhSauSUpfRpS2ApW3MKORNjnK1FBBJSyySY1pMhisMMw0BgExFurqWmM1GARK1RVUxCJdNWlMAiIGXbTpUCbtk8EVGilGlskhxgSSoqEQopcWZrzaUGQqo1pBIiSi3OaVyNihiG5TAMgcZsskuZqZQIWoocc2qNKKFMEtdSQhK4ZTpRkJmkJNmTG+mWLTNriVJqKSpBTglMzRFKp0REAaZsEYEoVGdObWxTixKlFNur1ZA5hdRHidIRma21KY0IgUpUp02LKESYBKax1Soi3CwRUTBja7JqRO06xDCOzqy1CrVMiVpKKOxEIJVSLSSBicAuCkqJLmxaay2zqzVqrFbLaZw2t7auu/nmiJrDFKUGLi6lFLdESgk5FEakLbdM2yW6Uju7GWW2aWoqBRM4nYIakooiM51kAUIlBKEiUIRCzsyQQiXdBEgFEQjSKVlWZmbapFSSnKaGbSgRDUURimlKNROUKFHLNE02CjlBlBIhOeWQktrVGlFriVozpxyztWmcpvl8HlHBtqdpwqpdAUWJUru+FkWNUoQhyJatSbQ2TsPaZEh26YpMCBsiVILMLCFFzZZkM2GanE7a1KJELSWIqU1ySiVUMm23aZpmXU9IyTRNLVspRcaIhLSkUkspdZwmktaanCDCpfYIW22aSo1ausAKSUrc1ZrTlGRRqaWWUpqzOKKEQoEkYWOcOU2TCiIsC1yK5HFcRyq6qlDaOU521q46HZIUIlXkcBAlChAhKSKMwDKZ2aSwUUQiKYpo0zSOa+OiYpGZkkqpAYQkQAStZU6t67tIp02AwWQDEVFqrVGKZKVGTwLLIIQNEs5MSZgMSSKEm1trCgmMLUrItp2gGgWFRZjaRahEUaBQQUIOQhFB1IpMgnNyy1oKpmVmOhPbYzZBqI7rYRhT8qyfW2BLhKKUQE6nnRESxaSQCoEsWQhoklRqNaSzIMsABqdK6WoJBSFFwa4RgAIyLfWzWd/3iuIQU5umMUoYYzULEjsnT625tTQisZLEMgGJLckWBkHaIijTNNmUUBrAbRynKRTYtetCITNO4zSOpURmm6aWLeWsXSeUIZFBxRKldiE0ThNutRZnOh0REXZSVIhQJgQQdihCRkRElCChZVEZ29RFjagRlFJInA7H5IZzGsdpmrKF07UWy84mCaJNU+1rAanaU5taqJRaJaLUTLCVObVxGiZFYJFELREiSqmllmoIlVqKJEUkliCVbkUhSWAZCtiJndh9NyNCznTKEp7SLbPZBUKhEjUCMyUwhaIomltEZKiCSnFLFex0o5Rwa621IGoppVZhCKoyJ6dLVGBsrYaMECBnWgk4p2lKIGRwiS6hudWoIaW9Xq/GNpWolqQggjR2YjJRIHV1ltmyWaiUyGxCBiDNNI4RYUAKKaIIIYGntLMhbEeUqFFEKSVCiiglpKhdbY1SI6KWUGst0wTNcptqrXY0T6WGVJAErU22awkinKlSiBKS7JymCJUoNihrLSpVHpdHh3t7F7u+q7N+mrIrfWYbh6HIGRFRIqJlCxGqOWUqxzGbx1JrF7VNNq0No9WkrnYREYqKkUIRpXa1Ro3O5mi1GtajbdsGlfDk5fJoGIZaSp11JarTw7j2lCrVynE9RS2zvlNmiZJuwGxWszG2Nk2T7VJqVS1d1FIyPazHcRxrFzKIvtZa67geMl37rk3Tpd1Ls342n/fNaqt1RHHLTI/j6GwbG4uum1maxrG1qUadhjGdBEBrjNMwjsNiY2PW95Y0tWE9lIiIIA2JyTb1fSC1aWrDWFW6ed9TWmaEur4DlU/62I/s5n0bp2EcVUstBRewVEpfPeVEa2OzXEoNBSGhYRxJlwi3LLVTaHm07Lp+ebRsmfPF3DmVWkutUJpacUkzTqOtEqXUmM3nmdnaGCotPazWJSIUpqEYxvXy6KhQWmYCthRRKmRT5phSmc/mpVZhKTAhCRvcDJrNZn3fl1LlRIquhgpBiYJonrraI6zWRVe6CokBIoKQnShq16mE0zZTttJVnLaNFLISDAbJKUUoSo0oJUrUqIoAARFRFC4w2TgUhIrCmeM0RSGdxl1XhaYpW7qrBSypTWOGapQ2tpSNp6kVYmqD0GzWIbVpUqhEcU4hE1GJBNvOZiNhy5YCI7BMRLTmyS0cpev6fj6bLQKbkAhZUbADpwiUShKlEhOU6OjIqRmXWjJzvR6nbDU6F4cZc4ymUEi0JJ2GWksghSJCASBJUpSQlNmyJSVKqaA2TbWo63tgalNzkmlku6uCsBNZ5JQJKISCllGj1g7hlkSpUaY2OhtCRZnNVl+i9tVIUZSpUNd3mU2hWmeBkGRqFNVi57ieopYakCgUivVqNY6joiBqqcdOnt7a2EzcWiosim1sQjakoxSpAAhZUaKrlQhwEEKZWWvJbNM41KhgqdRuZhvkTOHa9aXWlinAFi61KgKwIG1qqYSwlJnpRKVIQURRKKKWCGVrU2sCN6vUWiUiWwuFbXCptbWWUytdyallZmtjpmrtSoRbUkoJIkpiMtfrYRjGEmXWz2qtSJbHcUi7RBGKiKm1bBklZHJyTi1KRETtamsth9ZwiahdjwhFOiOqohZhM02T0yEpokQQ2LQU6a4rRirhtCSVAigk4ZYtmxTjNGGXGkK1VIfcQLKIqCQKulprrQBIQahWIclCBiEhQlIpIVkR49gyWyk1SjVNjigRUpo0EoqCMBgXokSQmJQ9TeM0Wl2pioggjbFoY05Ti66roQShbDZpISzUcsq0EkJdhAIjAYHStRRjZAghKTIdoaqQInG2li1DKEopIgIwciIRVAWSCoHdWkrCSjG1VhURkc3IITKdLZFLjVIqQKJSa63NHtfL1XpIWzYgCQBPbUSWISJEGmMsZ2uZJkvX2cIGTdmEbMuUWgyQKtHVaK25tShFpcuc1qtVYqKEJqlHmZljs7CQRS0dkqKAs6WkqkDR2igRRUKZia1anK0UGQwRYedyGNxSkiBqCQVWy5aZtZYSxU5bbZoiAhQRJaJIrTWsUkuNUCmlBKHWclivFNF11S1xopDSYGMyVCRPrSHShIgSisjmlikpII0zEZnNmbV26Wyt1VqGYaJIzTKWwRJIKsqpqUQQJQrYGMuynThtZ4IxtlEpU5uEBFOmSqldB4parFQSRVhNDVIKpyOim/WhzEwJKUIRRhGKqIrmTDJbJgK3bEKhCMk2EshkKTVKKKKojNM0TkOJqLWE1ZwmQxG15DTJKn3FqVICp00iiCqidKGpIVlCBimdmWkLclyPLlKoWBlkGtmGiFo7oZYtW0s0DUPapGvUqKEozQkqXdRaAUJIsiNKZpZSpKghgEBSV3vTSGazWcsWCuQkTaiEELZl284kKKUXAhsnma21bLYV4cxpGGtfIaZpLBHIoUjU2lBLraUkKARq01QCO0JFkkzafd8BOEsEUCWiWNiIkBjHaZzGQFFKhDLTUEqpJWy7uZbANsjKlpClVre0okaMbYwIEuxSI+2IGh3ZrCglqvDR0eF6NdZQ6WpO4FSNNmZr0zi2fjYLkfbUmoiuluXh0Wq5LKW0liTGVtpp2agLIZlQyGY9rGvpnEzjMGVKtrE9m8+7vgYS0XddJlGj1hiHcZjGkIRKX0tEkRIXxdgmZ+tmi1K0Xk2KSGe2tjGfB2G30pVs2XBImZMEEZ6aIUqUUhWqaBhGZ25sbpZaVuOEWypC2C2ilpAVAqHVel0kFCFlm5xWDUy6pW1sJ9Y0TekmFVcpc2yTrUAqkFoPq2E9qarruqoSJWotESFKy1Y+4WM+outqRG3ZapRu1oGnbG0aRev62bAep5z6blZCoGkaBU5HqJSYsoGH9XoYVvPFIjNLV0tXxzGz5dTS2WioCmMZiIiudqWU9bhqzYooRd1spgjM5Jx1nULZHKVELc42ja1EwcrWMptty+kcW9otQsPU2jSmjBAGl9IphO0AJxSCGl10QWYQikgnqVK7dEaNYTTYZpomp0uUtO3W97MksUqtMpJKCRVly2lssqKWUjsaY06Z0zRO05QUAUK2ZeqskLKtqER0CtcSUkilVKRIopSUwQDIqJQY07Ij6jQ1SYIQElhRStTapmmcJkWEimWkkIB0a60ZMBEhSZKQADfbQsO0LipRKqTtEqIWFNMwJqq1SJSIUmqSJQMpSokSVYGytRQg2cjuag2p1tJ1XUSUqLUUKzJtElSLVKpClqEYQhLIVkRrTpoiCiWKLeGspau1CNqEs0G4JSKiNlu4lhpFogiXCCFjVAQGCSwJ27X0petM2pDOiAiRlmlWCRQByOpqNWmIEs0ZwiaVNYJQy+aWEUJELTWKwbIiGhJky5SLw25N1BKZuR6GUlRqJ9Lplq2WIordbKftTIcLkSCi1ACVKFZio5CzRLGxKUFrdqICjsyWtoGIII3kkIzBFopaweCptVKrVLJl13WlVFVJEkzTiB1CIUKyxmlt1EUxmtpkqa81asVZVVVpaJraMKyyZRcQql1RVNtpp01zlGpobUrb09hwV4vtqU0JtZRSZDOMQ62lr52ihBRdVQhHFAsbZZusEiEkhbOhdBQJ0q61gxyncZqmWquKIpCpXSRRVBSSqX2NUi3AQhEKGLOVQJIi3JoUxummGpgp00RVtDZhatcJT9lsWkuhCHXdHBuZNCjJKUdShG2ljAlFEVGKKIgoRSFnTtMoFIoAmwipRo0goisFhWhGxjRnZktKCaeDUBSTzVZKJcBtmmxTIhSItEkpbFRKpCUnUpSQnRARIhTCAmODoqq1NI5STIYkhIigRlFEpoe2dgKUiFKKkC0pbKebE4A0qHY1SkTpaq0lSoQycxonRO06CdtATtlyGlpr06RaAiloaTltosQwrFtOpVRIp5FEKmoCqOui1Dqb951KupXoIIf1YGdESAJaS2ciPOUwrYVr7Ztb5lQjRLGddmsTqEaJkEvBTjsCp+2IUgBFgJDdpswWJVAhM5EzsaPQMoUiZJE4SqmlWKQ9ZdqOkJPalVA023YJSNJubQgiStgOqZaiEmFLUil22goUEXaOw7p21dbYmkRE1FpKqekWQbONQ1UFIWfDUUoRQg0is0WpQDplmrMoIJFDGqcJCEV0xRZ2rSEUUma2qRkUgiwqUaLYkkqJqoJK13URkWMbpsmolIKAJITIxnw+C4XIzGx2hCLUWtrZ9wsHbZoC4cxsAkWRhchMZAs7M01RpBUhRTOtjZNdQqV0IZqxDeHM0Z6GsbUWESVUS0fAZInEmECZlqSC00XYjNMg5zBN6YxSFYpQKZFWoNYaSBFCJrM5utJFnXIc1oNFEOkWloKcUiFJ62GotdSu0pTTOA6jpNp3nrLZKtHXWQmVgAiBonSlRo2WrU0t7VoCVLpiJxAUioRpSSkRAU43EdnSqBQREqyHoU3rWvsoNZ3NrUYdszmzlFKQQmmHrIQSIdnZMmWrhHHYLQIASRGhEqGAlAotASNqFJWYxqGlIoTsRlPKTmPnNE1RNJ8v+rqQ1ciuVkUBprHN5p3l1tqsm8ltGicUKsz6WZFLV0uNiAgpKMM4jsMaua89IGUoSlem1sZhrF3pZ32NYrKUkEIqU5tSDtHVvnbdNLZSo+t6QgqnnUlf+iawsVobW06ZDoiIlq2fzSMCUNE4TaSKRC0YN09u0zSEpFCmE2c2SV3p0w4cFEHpuhKBiFJwG4fR4RoRtZNQuO/ndVaLIp3r9bjRzbpZT9rYJkStnXOKKMosNWyP40hRKSHszFA03KbJaVsq0LJ85Ed8UJtSoQiVWm2G9TCNoyJKVClAfdeVUsHjOE0t00jM53MEBueYU+lmtetm3ayrXXMWKRQS6WYRxaRLKRFRwIVpaunsaq1d9F1XIlSjlFivVkJ1VvvalVIljdkKOJQ0VCKi1hIKmUpQRBNYUWqdlaJxShU5cxqm6GpVDG0KoZDApBFhWyUKodJFmzJKFbRsgrBK12WQOeVEdIUgs4UKErYVRWEbtyhVCmPLJaLvOwhkqQQ2UlhIEaGIUKmlqBAEAmQpSEyALSilCggFgSTRlQoe26AgUO1qdFVomsY2jipRa+1Lp7CQgaTZIYQjaq2BQ5JIlSq5tSyltMz1MKpKEBRLLVuEQrjZlrPhLKW3nUlEQa59VxXLYZjWK1sQxsO4bumu60oNSZ7a0bjqSqdShuWRRRDpLLWWgog2takN05RFYBJLKHBLsAInFl0ppoVlAjlKhGJsLaBETOMESjnTwoFADpwKp2qR1JrtJpVSJBlMAuFQZJtaK6WmM4JUZFoSku1AiGlqbZxQRI0aNRSkbSQl1NKVUmuttUShOCAtMHZLBwina60gAlLgUCBsN5M5JQhJCgxCCkWtUhQAMhMBTguVEIKUQlLUEtLUpjZlqVElUgiUiDYlgpAksEIi0tjNzhJVoTY1jORsmS0dAoxDJUQoLFTCma1NEaVGQOKAGHPCypym1kooomabotY2Ds0OiSRLdBEKMqeWU6m9Qs10pXa1RgR2E2RzMrU2uVmqUWQTisB2Om0wCikiADO1tlwtI2o/60rUCCGRcjbbJUIWUEpXSghHRO2KoqhlOhVqU3Ozo0h2y0xnNkhFJZCgCexETjvblJa7WlG0ls6UAqilK6VYdkuQRGtNSJIsQlNrbWrpFlExqVZqEYqIUCEiJCBF4oASXalRJJNEOG2rhCPCco1SFIbaF0JFATaJHSrpTJKklEKS01hLLaVEDSCzISRqV6QQ2LYbTZNTYFNqhJWZkhQyTOMkiNo5s9TOIqeWU7Oz1IqilGLszOaptYwISZnN6a6rREjKzMxUAZADu0REKaFomaZJgGqh1lqjggBngiJKV4QzE0FrmdnGcRzbNOu7MCHSMKVKaaYopNJaroehZau1K6VgG6ZpzEZmm8YWUSLIyTkpuiIBRFGmo0QUgcJqbthOHColZl1BKELhTCOFiiKcSlKWFBGEKiGcSBhsSdmcrRHIKUVIXVdFZOJ0iJYolAasUoynloIIiWiZRCgTUImWTVJIFpK6rpZSIoqxpOYWllTAxVFqlFKwLCNKSChtPFlVGJCdOEopUWxbIkLCmbWrWDiBEgVDCDyNI2RXZ5lp06Zsbo6IUi2TtiTIdLbsSxmzYTuxs6+9okh00RumaZqmJilKyalJIiRNZJFomSZLrZKdcqgroVJCBRsQIGTZiRCSotSKsVO2iqwsUUoEQiUEoFJKKRERhElUiyBJKWTZToEZh7GUWkOl1r6v6ZzWDaenDEkho3SO45RTpq0AAuXqaGg51lqaM9OrYV1qIE1t6kotEdmM1HKqpfZdj9sEfa1YztacUomoShs7HajUviCVAKmoRNgAAoxDCpGyDEzNaUqEStS+k91aSzPrZrXrashWtlQwTSOhKgiFinAiMGQQiTMRznQ2Rw2RwzCVEuCWGcSUCQYCpcFEiXGcCiIUCiBNISQCGWqpi/nMKkWhGoooUUsRQFBKN03jNE61dmkZ97O+K13UDlz7vqWXy5UzS4lsE6irPRHOxNS+w4zTVGtVlIiwBSaKnethBcrWREQ4m0vppmzgWrppaIpQWkGtVaXk1MZx7Pt5qZFtsgLAINSVHKc2TbUrUYqnNo1jqdH3fUiUGmKasrl1UUqpRhSXqNEV7MSSaI4ihdKupe9qF+Hm7KIrpSBKqSEpXWaVlG1FKBQqUzaI2lWkTCcEBvddjwpCKoLWsnZFadtNLh/94R88jWM362tEZpJGTgyqJZrbMLZSC85mB8z6vpSIAMltkmpmRikbs8XUJoXGnHJCgXEXHSCcyTg2O6cpj9ZHmZ7NZpmjopRaW3o9rMkml/VqmTnWfiYjouWEY7aYYUIRoVpLUYQUIRUUnRRpkxkRKVWFQhhQKUUBLVXDk1fjWlaJKHVWJASKkKQSUi2l1k4isRQFgSKEVQJFwVYoJ4Ntq0qKyZNtRQQgGSSFChBFkiQh3JJAYCQShRsRxc5xaraLAoEjpDaNciHSSGAhFXCJalulBBhKyBFuLdsUUpp0w6iWiFBoGMeIEFIRkg0CyWkVRUSJIkWUKCVympot5ATRdRERUlGR00KqklTQNA37e/uCvu9KjVJqV/tZ3wU0E5bxuB5q30tMY+u73hBSqUVW4nQGNeTMzMywjEPFEhFBsSIUpRQb46ll4lAQUSTVmKYstYpMGNYri9p3tp2O0NSy1BLQpmaoXbGdU9qZVii6Wi2cuGWtNWoRDiIiDHIaIAiZjIhQZKbT1BBRothAsykloGRgY2Q7JCLsrKWm7LRpEVUibRubWpXCqQgkWrMk2S2bM0MCnNnALRGtJVBKCcL2OLbaFUmg1pzOkBzFGFCEEiJqjVJKSJRwkq3VEtPUxjEjhHNqkxSllLFNsmrR1KZpal2NKBUr29SGMVSiqzViatnaZIyyTY3MdM76GqXuH+xN41C7WUiKIhWFSUeNUKAgCQnUpqnUEqFpaLWPnBxBKcVWJlURpZpmZITltNK2pWjZgChdQLZWai2lZjZLMrUvEUXhIKZEpKG1th6mWsIqZEtRVJwehmka10UxtTa2sXalTa6lShRFphOrqFBVYxynCNVaIIQmt1JUSi0hi8zmTEK1rzhkai0imlImhCEg+gghTEvRlEGkVEqJzARJIYFKZjqdgtF2JpYiJKvULojANpBJiAhSkowVIRUZy1AcipBqkAYkppxyakaGEGlUAiFJeGqjAVRKRIlaC3i9XkWpEq1RQ9mSAMmoRIW07bRCxpBRuxAoakUoWwuUmWF3/cw5tXTfdyoah1FGwiZzKhEkhkQKwC0tQCjUWiul9n0ttQNsIqKqaya6PqSpTaCQxmmYpqlE7WtJZ1ei62YS2BFRusCutfZ9T4REhBSSZZBUUNQaRNrDNBbhiAjl1MBERBQwYAtSiszEtHFAihLOTLJGoHC4Ja1NoUCZ2VAYlDZudqYjiAgkZ6rIU3ZdZ1shgSSpJDgzpMwG1FqqKhAlShHIptZSIkgItbGlM2rklGmHwmlLUmCQhRXVIHOFSsFZoxhCIYWsUkt0AbINighkZzPO5uaspSpQCCcCKxvjOLg1h0KW1EwtpZ/3GJtsbWpjlCJrHFYujhK2aheYKJKKpFBks+RaS2YmKSuCiAApQiDUWipKRNjpKVOUWktIVhVTy3SaYjfIUCAiKKULFYVba3aTlLYkcIlCKIqCmDJLKaHA7uZd181MOl2iSJpaa62VUqJGujG1lu672nezEmrZimo/6yIiFKalFaFSu7Bay9miV1HLJinTs/lsXI8Hh4cYlZDcyEARBTLTQPPkNCEETiFZmRmlQtqkJ4EUEgpKqQLkrlZFaeOUTkmzUhUlaVObEjLbNI5IXe0aSBBqza0ZWRaBQlGilE5W6UpIw9ikVrsZTtLZWqNVqF2nUvAkwjjTpZYaiighVDTra0umHJWZrRFSRIYyLQRK0lZXu37Wp7PrZ5KwS5QIuYbslk7nNI7VRAmbWT/v+z7R1JrbRCq6cDoUXVfSlrHTdldLS7exFQgFgcEtIzSuBkmlrwoDreU4jRERiDB215U2Zaa7rtZSQdlaay1NLaVEtTNKOIhSIrBwSwNiPpuNaTJLKc5srWWbxtEFpjYZlVKddhPR2tRCAdF1dWjTuB6KonbR8LRqyFEDbCehUNRayEwnzloLxNHyaBrHWe3GqbU21b52taiZoghN01Q+5eM/ppboui4hpwm7m8+DEIqQE8jSdS0bRg5LbjaQlFIIMjNKndoURShCSpyTBOM41a4qwGQbSWrXlyi1lqIqws7WMoTMNLrl6GS9XM3mixTNWUspkoUUkgRTG+RI2jQ1m/nGPKe2Xq+7rmtTI1M1SIKIilCTQ9FFmUghSetxlVBqtKkpKFFxllrHNgEtndNUohh3XbEkbKgRUQppu0UN7EBRwi0xtdTJk9tEltZaQq0BciZSm0ZbOBVRiJaeppGglqJQhEotKhFSFLU2TS0VCGopmYmJwHYIp9MZlkqRImnTenRmrSXNNE5drZKcadvpWqNlyhFCCFA6aeGgUFSc0zRNRNgZCCwotYpi2XbLnIahlK4o1uvVlOlMBbONWYkapXRdV0pMLVtmtlZntdY6ubmloESU2ufUkhRk0tqENKt9dKVIquFEAbalGqUEU2ttmiJComUqXaMokCDCaUm1i9LVsBrZWgNkORwKkipGJ87SVUFmCqKWNk0tW9fVUJEwJsItGy1Klzk5bZzOUkqNEqEiTa21qTU7pAiYsOxmwKbl5CTtikotJapQIAg5EU6kCAkF2abWWlo1lBkhZTRbss0wjFOOESWKsCJCIZEQIYVCRa2Ndna1l2xcS9RSSwlsRUTQRW1kSDVKWoEy3cYpWyqkEuA2jihm/azWYltGBRMykiKi4YqiK1HCSCIzQ4GIiFKLyai1QKk1SFqaMutmJUoo7DYNGYEkMg1F0VqTXUstEVNrzkaJHBuodL2cXalEiQIOO4UlKdRaG9oUIFEjopRaS+3Kar2eWkaQLadpFGRLJ1GitQa2XWvFNg5JTpClYbmMUJTouk4SqJRaxJStTRNIESQYy86Moq5WSsEgppYRJWDKqQ0TEQnTNPVRqTFNa0zpOqHmLKUUhaSwyDw82Nu9uLtaH83ncxEIleJmyTZ9V4SxQhSp0SKiSJLSFk6nGwRtPY4tRZJJyGbKrBG11MypRFFkICHsqIUoIpxurbk1FaoqclFVEA6Dk5CcOU2tlGInVhc1aigUkNh2QSVClJyG1lJS31cRxsqwWzpDlNIBIanEOE21lFK7aUq3lDy2JimZ0iBht5ZRiyScspWoVgm3FhFYNopSUEKEKpVIOwKHsAUZYpiaRClVJbJlKCIiIBQKZbqUGlElOdMRAmdGRES01kgIp3MaJ0kqETBltmmopSuK1lq2jCgREoK0JSSkEkVqtpOIopAssBS1lNLVEtWZoGaHCjicVnRdcRMikKUQTiKihBQBtJy6KKUUsCUJKdJtvR5LiVAxmWbKKUpRKFRDClFKiSh2y5ycVqhlSkK0cbIzIqIAkpBEaBzH5iYpikyQZLq1CadNtiZHc5J0tUQpSJ6mdNYSiOY2jVMppat92rKFADsjAknhUvoosowRCqmItKOULqqKAiSnHSEppBBkJtmMIwKnTMu2Xq8lSumUznBVJRSSSUoIyW7ZpBIKkRipSGptnDIVEWhqzdlqqSUCZyYhEuc0IXVdiVqrlPY0TWlHLSQh1a6vXU9rkmudSRlRow/MejWoEFELohDqSg2aa1czp3E9jsPQmkpUSAyypdbGUmKapkAYRQGDbEeJEh1FbWw5DU4pJAnATiOpRCmltGwtIdXapKAqnG6tRS1y1FrSrJercRj6ri9RWmtJzrt513ettTalMGkyu64DteaQpFqKhjYqLUWttYuuGAsAI6l2XRBO11kPbpmlREDLybYlINNTTnIRGtsolS5qa812KcppQGU+qy0N2IpSiqI5pTBq01QlQtlaV2dRQ8hqERUh0UWoBAS4TSMmotJyPazdXDtNTaWWomhJlIhShEqpCrXMvuu6WsdxgEBMrZVQP59lZrZJRGtT39WI0qZUuKVll9opQMLY5DSN66HhokIQEZiudukmKSJayxIKFULzeT+NU2JgvVxJrqXKjGOTGKdpHNeZqAhrnFJMVnRR19MIiiillFrqeljbTlKols5BqDiz1lqjYHJ0ZutLKbW2cSqf8PEf2dU6jqPdFEGUkItCQZTicF96RE4t7VC0qZkWUWazfmptahOIUFExlFpFOF272JjNSq2Bm+lq6bqudF2N6GZdRBnbVGuppRDRdZ2KQhBRa9fNu9LV4rDdd53FNDVsm1Bp2UqU6Do5CNlpqCW62qXTYj7rsyk9RXS1qxiZpBWi6/sSkc4SpRCTs6iUwtiM3cZJKhGUKGnbxiqlkNkaCFDiWosUiii12nJm7WYRas22FXJmKDITVEtVBITbaIpFKFo20mlwGilUa/WUti3Gaaq1L7UrJRKTLjVQtHHMdO26sFQCu3lKE4q+6yUZNU9RQiixrdlspgjbhGwrkArQxhYByZCtU7WtUKmdFJJst5yKSLNaLsdxrVJqwTCuxwhJ0XVdXzqirIdB0JLVakVSuio7DWnsUqpwRNdwjlMaFZVQiS4CixJlGMf1eqhdZ9LNEUil5YSJCKdtokStXSgkIXJqIWotQWQmzqJSSxRVSeAIpTSMY6h0tbMVQCkhyU43OSyHZOPMsU0hSWpOWVG7wAZDqFgITJYopVZsKzON01gSSFAkipRqnsZhJFxKceDEUq2BFMIRCsmUiFBRKJ1FMlZE7aIvnUQ6TdYoXT9rw+RwiVJKMTidBLYiWks7a6kYSgQG0s5MKcBTDgbCMqV2REREiQCXGkg5NkJdV1umnYjS1VI60mmXKLIUOB1SqQWMJYQtaJluOaVbZpTS9b2EFNiTk3TtqqV0YkqNqNF3fXM2Z6iCnQYQIEWRyCmJbC0zXRRA7WoQma6lRFeBNrahDcN63dW+n/XY4ziVErYtai2ZCWrOqooxAieRbZyyZWbfdQoJoUIBowgF2axaQh7HEVFLTHZRtNaQhIUCFGputXaE5GzpEM1u05i4NUooSqBQ0uRMZ5vGaViv15f2L3nKzY2t2teglFCUWmpItrWeBsIlShKkawmpINo0RRTj1lqUGgUpSIwQqlFAEcJIJartZqcdKpJkOw2KUO1qUWlGIDJtZ1oSREQtdZhGnJkCLAoSatlskzlNSaiW4lIDSik2kCJcUbqoSjQ7MxMpSqBpmsY24RaloALGlNKFVGuptVjqVCIE1U6sEoGUbqFQhN2mYZ2OEhGllFIg7EmSRDozHUWilFIUyA5FqXUc25StRF2PwzRMta82rbUpM5BCmIhArJfj2Na4lhLjONZaw5IipFK7Wguipe1EIJGOEiIiUCgTQZFKlSXAUyKZtJHJzEaGHFFCQm52SF3tbGODo1RDMhWplE5WmrQBywFutJbTNCVNEhBCUuakRBGk0w0bXGtXukg7kECSothktmyTXEofGFuZE5RSotnjMAqZUkVLQza76zqZaRwUamNrbiIsR8TUWk45Tg2I2s37WkuRmFqqFEkkU5sQoShRaikmLBVFZtqZprl5mqIWSWApMicQuKiUGmnbRMjp5kxRimy5paSIkEKBpxynSRYyZpxG4Vlfay1QmpsNztYypJBA4zRBhASGYpm0UERka5nKluM0kmSbutoJmlupUWoHmabUaGnSAqEkpza15pyGKKXUgtymEUmm6/q0lsPKmYvFTLUrtYYoaDZflK5jbKq1zkogpClHWxG1yCEJ1VqiloBAChQRIpBpgZwOKWpkZhszapEUEREhMbVJtkU/66PWsY2lllntVEpOmVAibBIHNkguARK2ldkQpFtRiaKxTU4UGJVSQmqmtQlFSxcIa8ok7YhaCs0mISOqIroaBafIVJAqsR4GIYkp7ZbjNGROkiAUsp1phSJUogimNggZY4VJ+/DoyC37vlMJWxhnKgJZ0PWzllOtnSEiQxqnEVxCw7C2LTTmGAoZt6yzvuu7QoTUjEVRjC3HYai1A0typqDrO1DLqZRuatM4TigCopSw1EUbpyKJUHRSllJKV0Mh23gWvSTnpK6LUrBKJfpCm5yedbWRETFNY6BpnLpZN6udACsiSqnjMLQ2tUw5Sq1V7vqKwlAj0p7a2Pdd6WubpmGYyid99EcamZxWAwocnlp0as1Am7IE0zS1NkUppdQapZRSa51arlcrJ/PZPGShftZ7zMmpiGJcivDR8jCzRelqjRKxWq+mqdUSmVZIaByndLaWso1KqHazyQki007UCUWpSUt71vcqAVmijjmN66ErUbu+ZbNbRCgip8ycVFS7kmOO02hLURzUUmrUZoOlCCWEbbcEu6irBRMlImJqEymLCEXENI2QpBpGgTRNY5taV2uttbXWsmF3sxkwtclkWqVCsxSWc0LBlM32NE020RWhbM1OO0WEZLPoO7c2jFPmJEeUyGyGUsPOlKc2koQCp4oUgQ0KyQYjI1FKMRaSEIGkonEYu34+tSnb1PU1oooSwgmkyZaJqAWkedfPajc1QjFfzLraSRQVO0O5XK2aG5Kk0pVS6uHBYZvabDELCZBChQCkKKXWGhGWSU852W7jWGr0XVcVdggTJWqJiATkiDDKNjZZVigEBimcdrOKulkndemMII2DAKclKMqpWRYYYWwI3AyKUKZLidr1rU2BSqkqSUIahBIbA1G6cDrtTAuFZblIpdQE20ISbrYbilqrW9rNNmAkIRSodhXCYUgslQiwXEtf+8hGZrZMGQmHbNcSzeZZ7CRtg1q2cRyLSqnFraWNhNRaylFqkVRqVdikUCgkSQUztYEUlNZGpLAUoaQ5x2lsbaIoqApDKJRGokaUWtNpRy0lqmxJihBSktiBo5aIgk1aIawgEOM4ylFnpSALlRKilBAZVbbXw5iZpXYqYQhJRKlSCVIiW0vwfDavXThtpEJX+lBEia50ttMuES7hbCVqSBF22iKQRURJGcCUWksIK4qEh2G01Nda++o0kpBJNVlJFBlsUAlZyFFqSWcoohQBWKWE3LJla7UUcOLFxtbOsRM7W9u170vUtMc2pTMiImrL1qYmhyLSjoi0SolhHDOzlmq7TVlqrbUrESpRumIoCgKJTINKKQg7bZAktTZOU/adQtWSJIk2NRsQUEKlllAkjqgKKSRrHIcpMyRQRGkt01NVEAoctSKPw2SUrYkopSI3Z46TFBFEqbUoIdtYojMpSWCpRIAz7bRE6WprzbhEyUBOWyWKRZEUpbUEd6VGkSHdSilShEKohEREKKIoVGtfa8UmJKSQIgSlVjJLKV0tKqWELBUi01MbBSUkRamllmrRnC2zr51UEAoEigIGY0in3WyF7IxSQcJSTDkismW6SYCwI4pCdhq7YTkUoKgqpcotglQpKLM5reJCANlaYoWsFOpq36mWImPbiBRSILAVATRbVkgqcrOhlJBtkEJdEeSYU052Kso0thJRoloJyFYJixqldj2iGTJqFyolZRtJXdQJl4i+64vCdhKkMlsgIWM7cakRCjW31qYgopRpnBK6UqRoLVMGSGwrAnAztDFT0JWuuZWoSCLDJSRC6RaSijJbRJmyRYjEJAIwxdmaWyYSJGlKrYjMNIkawpYCGWOLCI2ttTYqs9RSutJ1fSlVshEJ8tTSMo50AqUEts3YsipLqV3XhWKaWoQIOSeFQqpdt7mxALVpQuHJKUqhNSSVUjJTlkpEkjZg286oVUURBaBEJpkZ0tTasB4s0nRdRO2rsJCNLShRxhwzCUUtXe0r9jCMEaES09SQSpS+6+RmS0XjOJZSQpHpbGNzliil1LQQabepZTgU6VZKabYzAbJ1tWAt10uVUkvNluM4tkxAKZUaYaTWnHaUaG0qKddSS1EUQ8up74uiTlOms0qTU0gIITTllOm+r1JJECqlLo+OMrPUPk3X1a6WhmsUCkbgUkJFbnY6onSlmHBOabpasaKUUnpoRiWiRhytVhEqoWEYo3RyW47r2axvzQqVElQJsk2gUCm1Lvq+m82QMDYSyiRKS0sph8LOmHI6PFoCpasKgaaWdkZEqUWSM2d9h9WmsZQytrErJU2bpiidSkmnZex0U6hEGIZhAkep2RqFEgVF3/eyj1Zro3SWj//Yj6yhxEV1Nu+kVNhWFO8fHHjKrp9JpaVDkePYcNQaoWmYhEsfbZoKRSGw3bq+zmqdnNM4KWgTtVZnRilAy2zZwEZ91GEaVst1UZRaolQk49amQkQIKF3tagyrFSUWszlQ5FBtTkglrbXa9cjZaNMUMA2jutp1XY6TM7uutyxpNuvC4cz1OKIopeB0utlIIhRUK5vTtGlUOk2bxuhCEbIVgTXl5NE1ZFprFBGBLRWFVed9oSCTFMm4jZNQKVUKPCkipNrVvu8kSIeEbBNUlDaS18O4PDoax3XfzWeLWWZrths2mFKKjYhShDS1plJQWoRUSrGQHaGpZSZBqJDpwDm6kREKTBTQcrlaDYellBKMaaC1hl27rq99V7vErTWFnBYkbT2sW2u1drXva5SIrpbAVmiahnE9LuaLqLUSwzi5tShKZykhikAUSZnOnBSl66oIlShdZBokJBGhUjunx3ENMZ/NFHI6VCxFiXQqJNSmydlKLSHZlg2KECAEnkZbBMo2mexns1pk40wJQhhQZkZQJCmQENlaplFIiGjZ1DKilFISl1LS2VqmEztKZCZCIYkSoQhRkFGUKIDAqeYmWY31MKLs6ixRtmlqLVtiKNQoDTmbM0sUSdlyGodSiyJQFCmIUERxaylFVIEErWWNEEaWnbazeUJSmmEcSUoXEbIsNOaI6WofJTAKokhNpXTY4zCMY2s5tZYlotTikMQ4NqdLrTJd30lCoSRUjFHUrkzOaRiRulqAKT1Orau164vMelh3XV9LySlbm2RlOlSixDi1vqslQsY2Icw4TsayCQIlmWmymSglCJE4yWyUQmsGbEUBWc5paqgvfdd3UtRSZUnUEknmmOtxXSK62pdSS+3kxKAytUm4Kz0RgJxpyFwPQyklFJIiVEutpdoAEhGhCOwSETXs6LrS1X7Wz0tXjadsBGoeWstxUil9KbWWWkrShCQ5M7MJWapdYOSUCEUGOU7DMBbFMKzHaaxRiyLllo0kJOMAQ1e7CEtFgQKpholSppwga+3SbpmZ4zhMIUWE7OYpFH1fDYUY2xihWjuFEImcTUREgFXCtiRHCREqKoFUIto0tWlCYTmbSbI1RUGOKJltbBMWyNjGOCwLlDIRkkNBOAipFAlBRMFK3NpUJGQL7GkYga4W4wShUoMGUgmyOUVmAoEilM0JpZRSStfPFJENFTkzRKhWldV6CQlyZi3FZMvMzJautRjaNEUJ4YjIlorA7rseExG2M5uglCJIZ1UBg0upNlHcmsdpRJGZbZpQRImWSaKKTVdnLUejWvqoas2pCTOOU2utKLraC+FU6WQ3u1NNWXatlRLpdEuFBCo1LCeSu66XAxpg09fSlU6hCKFQ2lLgbFOIWsFSqpRaVJrHlq4RpdZSBF6PQxHgqU01Sq0RUUhamywpwm0ax1ZL4GkcWoa6UhWutZPlTIWmNqUbDsnrYRjX0ziup2mSVGpn5zSOOTZDCKGGMxtJhAOFotRqLAJJGCSHaUoRBIqICGXLUNTaSRIOVbBB2KarNRRl1tXaB2TLaZrGqcmJQsaeWktnOg2BkQgkiFpVyASnQAq7tWZQBJRSaz06PNrb2w03rH4xb81taqVW29OUUaBly1QtCCcKWUSSrYUiFOMwDONgKEXdrKtRSy3TNGVrtdSu1OV6OU6tLxVFmwaVIsBp3KYxIkREyGm3MUKGRmPKlPu+l0o67YyotY+CVuMQbqESKFvKzmyhWiPAtiUiSmZOU0Pqask2JQnquwrKzCKyoSCkIkVoyma777rWXGrp+5maS3RRCzgUCTlNQiiDEiFPLaJANW52ZnZVq9W667rZfD6NI/bYsk3NbqV2kbIsog0tcwQDFjQrSinh9NQabqrquq5EjOM0TEOkW5uMZn1XSozThD2f9yKiljZMwzCU2hdCpdg5tUylWwrXUo3b1JyCLBGhSOc0juvlCuiiqgQtW1rCrVFcVWrtp3E9rKfFbD62tlwfqURRUUQ/64dpdMsiR6hGGYdhf2+/ltlsY6PWiilFY2vr1XrW92Mb7CxRCEwzkrJ8wkd/CJCtTa21aWrT2JUuag1FtrQ8m/XCza2b9cM0ila7DhGodp1KZGugTFpOoii9nkZQyFNaKHMinJOdLiJQ2nJYlKISJUoVmWmQIiJKjVgPw5StRmTL9TCWLiCG9XpKZ2utTSZK10052Z5aC0XtCmA7QmkppKKIUDK15nTaLafM1tXObqNbhCKKpBCKiBAwTdM0tShlNuu7fl5Cbk5bIkoBGkQpWKGstRJlHIYIdbUCzS0zBaUWKdLNZNf3MlNLN4xCAhRhKYhxHCVKLQYyoURQaulqX0pMLadxlNXNOtJdXxUKAciWVKPUGnIoPbVUSEjIQiKQ3drY0ml5Pusj6jiNJiRam6KU+WJWa5d2REQoSpQS4SJFZjYrpCJN09haRmhqFqpdX0JWBFYEONuUVqm162rLyU5njtlKKUVFCmhJhkmncVUptUolMeGwSi3pqU1jRI0opKEZalcLkdO0Wg84I5S20yXU0tmydjUiWmshpcCUUEQhQlCqioqciYxLlNrPjAwtk6lZECkRClwQCoSEIqK5ZTpKCRxRDOMwRkSEpimnNtUoUUqmEVIEEbViLLfWasQwDsvletYVorY2SnJaIYVKVMBtMgqwrBI5tmbbaSssokjCVkgmpFojoiQOSUQ60xkRociWLupqsXNqRsaeJkpfixjHqbUhKEQIm4gQCjKLaLZtWk5TJs42GYqKQioqKl2tSK2NTiQCEzFOrUREKbQ2ybO+jwgbDNkiQlKjuWXtOpRtMkQ6sxlw8zANVtQSmbkeBzlqX2RNUysliiLbFAIUIUCSIkREiVJ6kbaLwnZGlgjSaUcUSVFCcpqIEiVsI7CQMqdEiGxEUd93EV0pslE4CJCEnKXvAk3Zppzc7MAKSVGilHDLFIEmM6sR0TVTAhsl6oobaRBOJwmaWluvlmGVKpvWUnKi1lIlQlXYNliSiFoKOJPS1XFo6QwzTlPaIaXdlRIqzenWaq0g45AMtdTE4zRky4xQGtHsCGM7VSJESZnJUaJhACmkUisOw+Spr7XUAlJIhHOSSqnKlq2NMqV0Eri1ySoFPI6tTYOgRJRaaimlFGdL6GsnwplRahe1dMV2RHia2tQIRe0iIhQkDqYxWzZhgQjbKhgHON2wolRKswmFlK2lKRGQduQ0jeOgolI7ZJodIVpKbgmINAKHIsIiEkgUIUiMVaJYYRERgQpSSKGioiJEUQhFVGemLERJKQJJUSJCgcAyBllCRICjOWtElJjGyRCAJGSnjTOTaRzGrna1hjNbG0mXWoBauxDDMJlW+07GIlvaDWxLASYzDREhQbaQHAoFEUlGRER1jikRbi3b1NqUhAqZuE0uJRTVmcjIhAQSXddbtLFZDopCzUlDNRCBIiJF19Xm9OSopZSSCVXzrrccjlqrojhdIiLC09RyLARFRQqpdGXWz+xs66FNo0r0ESpRIiSkiBJON2NbQRvTtKJQCTIIZyMKJkopCCEFBEK1FtXARq5REttWKEJOt0zZzamIrtaudi0zbSkKUoSkKAKb6PquLzVKFEWbppRtRBSCKOSEiiKc0/Lo6GB/L/rZ5vZWjeJEziiRHiVKdE41N1JdLSjknKYJFUwjnakSJQpW81TVqwRhG0zaCeN6lKxSo5aiWkIWTtu2oki1ltXhMmkR0XCJEDFlw4Yi21ItMbUp100hSU5ht8wIFJKiluhqUZRsVpHSwzTVon7WdxHDOBWYzxe1q2S2qZkiMnN0k03U0kWAVMq4Xh3s75aos76fcioRoiCBiaihWvuoYdLJOE6rcVVVuq5GKetx2L20v7O9uVhseGpJhmIax2EcokRRiSjr8Sjd+r7ru35q2aZWaqhEa20x6/v5vERpzc0Z0NxorZ91tXSlVMutZVHtZ900pkVfSkuiRkRECdttmgLP5otpauM4EMgk7vseFJKdmdl3nbquRCldRCmFAgYrVEs35iixXB6N67Hv+onsu25jsZA5Wh45syqIYrvWThFJtjb1tVfBVkijJ0+ufV/78IRK6bpSUJqWVrh8wsd9ZFFxm6Zpymy1nxPkRK2177oJBUrSppYucV/6goZpjACrqYWi1Ggts7VSqpXr1dDP512tmS6lRCmBIkSUfjZTLUye3GoRqriNU4tQUQTGIrORzW3e96XWUEQXRaWNY5ta84ii1q7WyDZN09SSUsJJkrJqqWlam8jYWCyMp5yEMqcuulKjlE5FbWzCJWqN2jKH9VFEARmilCgliiJUanVmks4k1NUqRZVqKaa1MZFqlDSRJJmZzqZERSVq1JAVKhS5ZTojpAiHnVmkUqthHMcIRSmhMNSI5qxdX6K6BDnZqSiCKEWUbFNrlorkNNFVkBMCNSQiIqRM27Ykyc6IUmpBRcJYUtSoqrUWQU4TKKJGiVKqTCPTuR7GaRhVout6QUvXUrvagS0iomUCJQROq+tUiKFNw2qNVLpSaykqSDaZUxva5CZRoqoKQqZNozMNljI9joOMIoyjREgkw7ie2oQpNYqKSqhI0FoSBmdrmbZCzohAFs5MJGBqbWqtlui62TCN43odOGoIpRVSIANGdiicaVO6kk7bIWFHhGqhZbopLIogoPYlFK01EaEwCUHYmW4tam3jtBqWXdcJTy1DKlGcSIpQipxadKU4IsJmGFctW9d1tVRLKENCQpTatbSnxM5sEVjIImTTcMhFEmQSBbAUtUREpNNmVmfdvFOUaWphq0Sh2C1UsAhN4zQMQxARRaFaikKhokARObVxbIoopURUk9hCTppTGQpnSuREluiiRGa2RoiuFhzpycqqWmqZpsmmltKVGjWSmKax60qN0uwIlSjNnqZm1M1qUYCBlk1BoGZs0m45AUUCpR1Fza1EBAXsqakGxhhboUaLiFKUVgnVErZba4lR4CZFttZac0QlHGotMzNKKQoVl6ggkEKlShJ2OjNzmgZZaSvAyiTsRgNFyC1btlL62vdTmxD9fC4zDEMmESWqMMZRokSRgsCkLYVqCaUQpFVUaimhWquBzJS62kOO4xRSUUUOkQ1FSAiFwjZyEISyTZOTls0uEREBFAkFCtEsnFbU5uaWOU0tcxhHRZECOy3VcDORabdspUQpFVpKtQukdGJLpdYStUg055QZVpRwGgxqTlDtCigwKFtiJy6WReJsiXBTKFQkYwmHsVDfdQTj1Nya3UwohKVwqNYqW4gSIUUmkhWyFBHY2RooM2WBwVFUaxc1IiTJmaA0DmXLUmSnhFQwOAkI55gKgiJouERRqLWMAIlQtkSutRrSGaiUEhBFQmAFcipKLYUgW87ms4g6DethHEqtETEOY9/3tVYTUxsiSkitNduSpvVgK0IYRWnZnHR9iVKaM6Su1gS3lsaZJZRWCaTSphyHtWlRJAWE7TTOCRS14gQZSikQ0zCkmyII4yAwEiREREItIYWbVQK5KOwsgaLKHsYWpYh0uKWL0gaillK62qYpc7KiRNi5Xq1kShAlJomWzpzaFECojWMttdRiSyYUACSEihRVQihbBhhjIsJg42aDpHRrrRUp09M02W6tNRtUapGUSIGwqmop0zhGqCtFYGtq0zCuh3EqEaXWUBhauiu1mQi1nLLlxsZi1s/ms3k36zJBmShqFAoSTitzyjaNU7ooUUQVSYlo0+RwqX1IUQnVzNHGLaNGV+s0tWEcZPVdHxGQSqmoREyZbZqihCRQmyZFSJGZjQS3NkmKiAgQQGZLu3ZdUKJEQliqBamU2qaxpSWlLQgRqiHJnlpTqNbO4OaE0gVkKaX0s0azrSIR6cYEbvfcfXfLdmxne8wkUxF2CtLGlK5M0zgMKbmf9V2ptS+K0oahTVM36+f9DOywrFI74WmYZv3MQU6joVPXzWar9Xq9XJdaau0ys9SIUkhNbSRdStSo4zhZzU0HB/tSdqVTFEWUrtiNpPa1ACrr5ZLQvJu1bJmt2W5NptYSpbeyRLHt5qP1MrOhKEUVtcw2NjtLH6XW2nUlytDGSEqNNrWWzbjUruvqlNlaKlCEPUWt0zhISKpdD7LTCaIoQF3X4TxYHUzDEKrGRirqu658/Ed+2NRaN+sFRoXIlqUr4zgdrZalRO06S0LQ2tBKFBXG9dBaInL0fNanAAmihNSVKCGvx7ZeHiVszGcWmenMUqJ2NdNJq7XvaslknKauCJNWIae07AiVUlqmW4rSpqlNk7qY1z5qRJSIyNacqn2NqmzNOEotfWfhbF3XpXOaJkyNkGqUQMps2TKqcASU2k2tZdL1nWXSXdc3N2eLiObJqUwT1FpDpZQotWSzFAa3KRUlRAlbtQaWbUXYCmErFOmWCUkpDOMYJWrpStRhXGfLiKJSApCmcUQKSRHCCpVQ1E5mai2E7VCBlASRmSJpmU63pqqpjVPLsQ1CxmpWCeQSESptGNfDUGoUC6LUMk3jar3OzKJK0FozpMAhLDACAivUnNMwlq6L0LReA7ISEFh2tvWIAlFr7WopUWuJxOM01giLokARAcZQq1pL0oYoNUIt00mtgQGCsJwkUokapZRSx6kViUzbOI0IhVRrld1sk2nZTNOE3aZsOdmutZPI1oah1VpAEl0tJWpIKoHJTLspAqm1JitCFjQTOC2p1JKpEColQm1sQhG01mw7wQkqtQC1Rqml72dRa+aUjVqLSmCnJXC2WkpIBgVYSCU6RYGUcdIy061NrUSRQLZdaonSORuAwga3ElVRExMYGwElKiRZoisRkmhjW49rBaWUbE0lovZESooSKkhCEkkRqGXDCE1tSrKLKphy7UapVchySLXTNGZ6tBURSE4LI0UpYMtBOEEuUWyXUOm7bJktVSJgalNXiixCzrRbUZQSTtuZaWcqFKUqExSyUChUSokAjCBtt5ZJQ6E0JSTbZGYoSpRaqihgILHtaRimqbXWwBGR4FSSY5tC6kpfAxMKYdkhT3ZRkIlCmTkMQzM1IkpICCNJUAJBgsCOiFKjhNycpkTYGaGuq1FKThMIZ8vmzKQFIgrONrXaVyJsqxTskEJhaWxTQYgIlYhxarhFlBC2EUWBiIh0TuNYS3EEClkoa61dLYRCxUIRNSpymhpFkoJsKYXCmUSpoYCUSilF0DyCDFFKiWrlMIy0FhHZ3MYRZFwiDM50IhyK5lyt1xIRRVBrRZqGAdzVapNQFeoipIgIKYj0lJm202lbKYqAdCtRhQ0tLbKUknapEdI0WliBiADE1CYFJSKbQekmSEuyFLazpVGJaK2N0yRoTqcDYWOpRDqFVLCUaRLZRIicWhMY2yBElFpKdBECj1Mr0EwQmc7W0paJEkKWaqnpllPWUkrpGs1pFCJKRAmphCRDhJbLVUilVGeCopaIEqUoVEoIIso0TM4pGygFzmzpEkSJzIYQJRupJkUpNQgDjqTJJHQlhGyQmkcbyQY7SWz62TzCrU2KUmqJCKfT2ZoVMs4pp8z1sGqZihhbk1MFQxunGmHbVtSSdqbVjAgrpHEcEa1NbZr6jXkosuXk1oYp5bDSGSWqahRFrVEKYBwKSWEyydZUAdlggQJP44RCsoWsKaeIrtZq05UuDbgqkDNDsjLHcRQqUcZpMk4704nHaZrGqStRa98ys2UJKZxNE824TQmqXSm10kU0NTenkiwKpNaapBpdhGotUUKSaim1k0lnWhgBRQJLNQpByymbE5qzhPp+VmuHyCRpSqkQCc5SOkmY0tVSo02NdASGQjXg5gADkqSIlMNYlFJsjIUUArK1tEspkKYAmS2dzdnGVlQjUFUp1em9w32JjcUClWG9higRzZPNYt5PLac2bm/v5JjDsE5TSsmW2VKRmGE14hY1aq0E09TGcRjauNhY9LWisGXkNE4pulnf1erJy9U6opSudKqTx8x0CFMjpmbbMlMbbUWEs03T1HW1Za7W61K7vusVxdnSSRroaj9NbRgGN2FAwzg6qBFFpfQ1M6fWQgGZmVObhnGspdZSsRJqreM0lKLWTHPKbcoA4VpLrSWi1ChCCglF0NeZFC1TUdqUzlSEyJZTtuy6akzDpJXTNHalkwrZVCJbeqJElE/8mI/IbKWUtFqbJrfFfNHVbhjXFov5hjDEmJOb+76bcmrTFLNOgkYEmalQV1RKRwo5KpkGSzHrq52ZOY0NMLRhAnddLzxOUxR5PY3j4Ci1FNtRwwo7i0pzZhvHqdnpIloisrVxHEutqgVpVqss0Gw2i4hMt9bInLIlWfu+ixqltjaBpVitVpkutZAGQjF5VE7T1No4juNk3JUuSoFoY0tnm9Ztyq7vhduYmZnZUg7JRcWEFBFAthSKWiIQNgo0jkM6wVHLOI3jMBTVCJARJYJQLUXGIjOn1vraS9hkOltLI6lEGEuSLJSZzhYlsjWiGJqRouv6rkRLC9moqJbaknEapBjbsBpWfde3bHYaT1PWUK01MZKRM0upISGXWq2kmcvSCITA1KhRHeq6zpmZzWmbvuui9l0tCq2HIdMqpYRMBECkJ0rFLZ2SnCiI2oWSBqIoHFIUZxK4mchaZyESSFqbcIsoU0MoalQVsBXORCqEbUzpSonA1H7W1SqRkyXNZl0UtWa5KaqVdmYjaSVCKrYAj5PIWjspFGBsJFmqkJkqKqW2NKKrXYRsIAFJpatATtkUNYrkqlpqCYUIZNsm0y4RSOM4hUQgqYtACCWWXKKs16tpbKWUrlbDOI1KIYzThErtIigKCbu1KAVLliRwNkdfSFpOoZptUqiWaiNJkkIkThNRokbEOKxt1VoVhXStJRQq0deqUkwOq3U6u9pJgoQiFZNp1wgInIFUa1hDG5RWBCGDm0sphBBYdqYnKUpf1kfLKNVht6YIoyihKNM4KgohpFpqpsdpKl3YEUVEYIcCKApLlZpkhEyLUkuRDKGWU5RAzobd0um0IrBnfY+EXKNDhGQ5DGBFKUEo7ExHROYoRemqQGQmNhJFoaJSSq21QYRCpRTlmGCHRUTR1HK9WtVUN+/tTCtqV6IAtksoE2yjYlxKIewJ5zS2bK4lSoggokSUdNJSUUpEqKTAjhBhItyICAscpUTaaXddHxFuk+VSaylhexobajZBRBGWA6A141RErUUqtZbadYFtlwhJQlIYz2pHhExOU6aBkGrtRJQarbWIEhEYSU5TSi0hMlRq10XIKBzraQD1tUek0zhCsmwQkBiPbT1OXe1qialNCsnGpFqptSgUSB1kNotokEwKRdTMlqSS2ndBCFqbMpOILkrtSpuyVDWyNUsphSVnqhSMQhIpl6hRYxqz1IgoEQEZoaglM5uzlAJgKwRuU8ucolbhqU1tbLWEpKm1WjFyyyTblJkNBZDN4Np12VKJapRS1utls/uul4LMzKYIIUWUEoEIQsKJTNqW0y6Zk1tCECoRpbXMHEUITdMEKJTZggD6vsOIkHA6aqkRFrajFpyo1CglImopKsgRFbtZXa1CmYlpNhFKlxKlVMlOh6LrZnaCaldq6e1s2aIosSynJduKoJau7yt2Zks0TWOouE2WVcLTRAClBKp1GqaxjZlNSCFJhUhJxsKyrChFgBCJMEpnhBQl0hQVlJmlVDkpMqmQkZCdDoWi6yoKgyBkRZTSlYhaS1e7UjtymoamkEpXFFNrpEMRJWpfJWRoNCeiqESEStjOpNTAQhrb6OauVsk5ZXNGKBtWqoSsUAQBRlKEbTkjalGNUBScLiXkiKJmZ5pQqQUEaSNTIlRCKhFRuiITJYbVOkqU0iUJOA1JUopkYbc02bpSJ7u5VVVCcloRMLUmovQhUaM6jRPhluPUFJCZmcKKiiVytljUrsvMed9lqNQugmyuJUIlcY5ZilRrRAmpNZdSZDs97+ZOZNtka+AJao1sjFMDd7XWUksUB7SM6Ggt0yGXUmuJqGUaJ2dTFIVbc991U3M/m/VdTWg5Cdm0aWqZ6dYyZ/2szLv1ellqhy05061lKYEK2WpfprF1tS9dKShEmXWZU2uTVFpOIKfTYGc2HCkHRSVKSF2ZppZTK7V4auM0oFCoK6FSaglQlK7ve0IClchsEhE1M4OoVV0/syLbhKJNWT7xYz6qdjVbloiIUrtq0dqUqa6UKGUapihBSlKdzdbrlRx9xDRNi3kPObSxlj5KdTpEBM0uqJTa19rS0zR23Sw91ai2Dw8PJfquW62WBweHIc1nMylqjVBNZe1qhZbNCSIopVJLV2tElFqLohARQVFHttpXO5pHFXLyOK2LKFH6Wm3l1EoNO6eWEepqSYfkiFpKLaEJF0dzyi5dJ8uFGsW4tSlbk9R1s66r4JwynYRKKYGGaaqKKEURzSYTspQiMY0pFZPTOA7DWlBL7aJmtq7UOuskgYRRkDRPoQhUImpE1FCCwtmG9aCIrhYAoyg5pYrkHLPNZrOiSJimURARXS0oulmtKqYVRa1VETVKhGqUvnTGgRBAiai1LxGgGiolpMjMdGbLIKJELQXJqNbSdRVQiaqiroxjFilb2k1RJEopmW1cr6NEEC1bKbVEtKm1zJZT13ezrh/HARxRoGFKBDhBgD1NkzORWmsKgWhOkpYhl9p1pUap0GqttSstc2qZbYpSLNUaoYIUJRQiVGspME1JcdRKEgoJ2wglCa1NdpbSlaLMDDHllAlIETUCQxTsYjdsEJHOEiHTbEkhGSJUa2/bMhlyglEYjIi0UymHZFq2UqvtaRzTLWrXR2SEnJIzs5YawTi2CGZdr1KdbWoNIUWJCgqp1GJQaBomFUklW8MORUJmgiXLYTJCKgXT3FRqpkPYZLaWWWuRjOlqiVIiII1CoVoiSm1tbFNTRK3FEc6siuhqCbWWglI7SCRDFBk5W6ldKUFmRLEgWygiQiGBFLWErVpKhIQsRdRSSkTIRkSpMgA2RqIoTEMhIYVbphNDunQRKBROGYowCojShQgV5HEY0u66TvbUXGuttYQiSigCgVWKQlCUTllElFICZaYUJZRWa5npCPVdL9RaayZAkOnMhoIARWRMmW2cWhux6DTr59kyW6bTmcJYxgS11FJKRGRraSuiljqMYxERVRLgEDSZllZIUkiZLVuWWkJBZpRSSmlO0UTJbE6jFGSSZBigudkWEcqIDlmIlEGS7RqlNZwqIUlJylIUu2UmkhDILcdxSjyf9d1sFiWqJCmlUotM2jhVVLsirKJZ6YnAaYyRFApJSKAk1dIip2xuRaVGVRRH1ih9V1taIWGjftbZcppSSLecailRo5Ro05hj62rBtJYt05ldLW1KCyREX2oKORSEokSEihQhbJMqRaEIRCisKIiQVGvYOG2FsJNhmrpSIiRJCqyisLK1jChkTlNTRClFCLvWKkkRUnFaokYZWzpbVzuDIWoRauMkopRSokqZNs6Quq4LYUXUCJxpSYpqWprWUnZEIHe1RAnbzXYmsqVxGGoppZRSAsmkLIHwlK2UUkuxlU63lIhSaxGOEnLaOKi1xDhOOEPFODMtd6UXbuna1eYxGyWilihdCblEYJG2sWljZrM1oSgStEBjGkhUImqRFH3t7r7nztXyaLGYl9J3paslrDDZxsEta98XlwRBa4bmiCKwDFFChEF4mlKQTkWElUIKSQiZzGwtXayU5WyZrY3DhFxLlRwqigip63pFoGzjZIMZbQXTNEUoIiI0OSNUSkUplWmapIioodLaMLWhqCgCJxZKMkk3WqlVlCkTZ+06t0y7q10J2Rm1CLkZEZQpXUJd1yGN04RwNhuVYjKnVrpOBk+oQrZGhIxaGwPkiFIkDg4PJNVSmp3TZFnEej0M41C7GhGlRIliiIiIGkEXgWUypza1qas1VKZxam1y82pYq0ZX+toVIaTZbGZo01qlhAKT2UTErAsXK2tEZiNUSsE2qODm1prTgUqUUkva62EYppbpaWqJayldrYFXqzWKUsJQSjUehzFE11WEFKXU0vXTehRuTkOtnUVmzvouWyu1K1EQTgx97dbDkG5Rat/13WwGbVyv57MNFSAcEUEpNYq6rkI4aW2qtda+by3HcbCjRJi0iailELVG6STn1NRFV7thPayHoTVLDOMQoa7rpMg2ZWapndskITQMq2lstdbEIdeuV6hNk0oZ1+v1OCmUU+u6GZii8rEf/WFYhmEYU551s2xGJapba9PYkLt+pqIQkoqiq3WVbRxWETXTWLVWQZtG1cDKloTGsa3Xg4IgpmkkVWf91KZIUwql1IhpGjKppVBKrT2a2tiyZRNSh+xMRagEOKJgt6TvesJY2GNOOY1NzWPLpKslM3EoQIxtAhWVqTXSSK0hudZZlAhhieb0VGtXur6rFVGiRCnDapymqXRdV6OUsGKaWss0TivkKDVEiUjjJABRSjHKNo3TJBHCCVEWG4sotGy1dFFKWIqQmMZMGZRTS3tyA3W1Xw/D1CaVUKg5u64iZWul1DatM7NEiVKmZkUg2pRdqSUKCuyWLShRAkMJTClRFM62HIYIYREupZTSSWmDFFVplSitTW3KLkoUCCmxhAhjSaiUAGca1MZ1olrkRFIJqRQJGydRIiJCYFnUKNM4Gkka16210ZaKME5nS4QkOxVdKbLdMovDzsmJAmOpSBHFeBqn5jYM4zCss02l1hJyAmSUcFIim9s42mkkBRGS3JKAVBK1RmsZBCWwhBUUlAo7gSiKosxMFAAYi5BAdrrUij1MExayBYScmZMIhJ1ERJSkkcYKhaJIVgS2M0mQaJZcSk1nIRQF2zAMw9SmrutqLQ45m6LWUiQiQsKQrTkbUsolSiY4FdgyLdtkIymiZLZMQgaUSIQSsE2oq6U52zSplFo7bBuVCMl4as7WsiVSjaKuIxOnasHC6bTlKIXU1JpbRqkSESVqtDGHHKtCYpwmRRBq6XRKErJVa7Q2SaEIGUhMZvZ9R3qYJuGISNvGCZQaKl3vtMG2naVElBIhIQKhxJKjlBIGpDBIKlGAlmmIEpbBraWFmXLKUmqUEkTaMjlNFGEmtxIFgdPOWkpEoDBZhEqnlutp7SSKhGzLTtKtTW3K5tnGvK/d1MaxTRJSRAhFhDA2kiMKzUnaDql2PVJIKjLGZE5GJUqKqnBzc2tTJimVWko2I4yxkEoJYZUSyGkrQwppPTaJWqpQqArbdpJtakkRpYSRTZRQKG2B0xFyBFhGTgthiFJUa82W47DONKGcplAY5+SW6dZAppQiEpOyWjOkotQSBmSIkBUlU1YaFRVVSW5D62ad0DANma4RzU2EACRwtmlsEnKosF4NoK7OEOkpFCq0sSUmo5QSZphG0ioRUexmsG03IrpajFEJgRQKJEmZKWmYpuFoFRUpbFobLWb9bGrpli0zwoqwLYmWFmH1XaWEBBAKQUilFCmiqEaFBkKyEFLQ2hSlzuZ9tkynrWmaQjXE1OwwxmlBRLEooYhCy7FNtqPWrpRaOiDtkFGko9awCaLrOmNwSA5lswnJKAJERBRVOZFcVJpbylNrOEVMmZJr7aecMlupdVa7EEfr9TSuu65XU5ICS+nEhYIVTiOFBA4BVXjKdGaKWmtEsZxJgVJr6co0DbWfbyw2S+kbGZJNG5tDtXa1doqwE9uSkEQaUCjSjZaIzJQkqZTS0iZDynFMO6JYlrAhs0gFUQgVwp6aopSok9LTNGWCM411cHi4PDiofa0RIbJllIrCdtdFr2pM2tKUll1UKF4NY5uylEI2EYYaQYSJEhERiCilKDIlbBSFzFyvh4JUojUP4yC5lhoREuM4ZWshSi02AicEJWLMcWyOkJCESjGWpSikkNONKIUopcgORSCkUiQK2dKWAWVLMElmU6hlDuMoEYraV1nGEaFS2ji21iJq7TpDVwsWEaEiN0zKiqhdN4u+tWkYmyUpwEjYUUtRyWytWYraVTAKYBpHB4t5j22p77psloJSahTJNpSgtcw0FiFFqVFVkkzcMosotSgiplyvV0hTy1kphGRSYaNCtkxblorAzjZMrZSwMwKZiAgpM223liphVEs1joJTVVG7rus64xoRpdiZmU5KUYmQyJZtHPqum817Zzo1jRPkcr32NM36WQinp2zDMOwfHNRa+q6fpsRu07RcrftSZrNZCWG3bFFqiSpRPv6jPkw1Nueb4zRI0fUzlTJNo6DULkqJEkE0W2hqzUo73YyZWiNCpTiduJRaiqZxam0qtSsqlrtaSwmp1L4ixmmKUvu+hALR1xmiOUmmNpSoloZhqFG7WXU6IkophNrUVuv1OE1hLEeUEkpcpZYZlBKdRNTiNLJUKVGiFCnlgtKmZQKhgo0NUmROUq21tjaO65HwfD4v0mq9FCw2N7HG1kIREa1NFn2N0nUtGccxiMyWTqe7UiJiGsbmrLVToIhSQkEolsPY2lS6kg275TSOU1OoSCUiQgpFhBRNOQ7jOAzzviciREVOJGxNrdkOlcTGmZnNElFkE5kqYYOYcpJKZmIc6eZxPayHdak1qsgSEdlMCDszMSrhzKm1WiNKVSlG6ZbGJqKIbOl0OluUAgAStdR0OFuUiokSEcVpJCIELRspByUC0pkRGtfjen0062Z930XEMKxBtXaOmPcd2C1LraGIEiFqLU6CJMKZjXSmYBqHNrnrekVEKUK2nc3GzW0cTJIgRSm2c5oQFoRKlVsTWA4EBqLUgHSzHVFKLVJky8QqBUVggzNtR5RAdgNJkpRTZjYppEBElIhoU1p2I92iSKG0nc3pUlRqbW3CzpACJ9kSg0QQiqSp0fczwzispua+q1GqMw0hT063jIi0Q2G7tVSJbC0UJSJKUQQKKZ1YSEWSAhEqARXSqEQxhEBERLM9ZZQiNA5jyykClSil2EJNJlTtxGlorUlSRC0BsrKWms6cmhQmhYQURbirtU1tHEaAJHOSwEobXBQIGwtLJTS1bJld3ytimtqwXqvQlWKR2cBS2JZQrZ4mSmAAhVtLjGEcW5umbC6lBDLUonEc+9pJjGPrSq21y2nEOFSIUFFRqEjKbM4WAgpKWwGk0s0mc2rplo5AlHEaaxcY4XQah6KUmHWzlkM4SlecSUQQUoCjFKwkAdsEQopqjCKkCFm0yW5ZuiIKBifYoFJlknQy6wqoTWOtXWaTAFrLzAYRRXaKiqLUruW4Wo9dqXaCjJFKiYkEFDKSEI6IqblNI5ZlO2UUgZyiUtSVkAOlc3W0Wq+X835eawU52zRNKopSSql2StRS0621tMAgWxEgCat0ZWrObFEISSEbKWqUMZttYyeZY7YkQoEznZlIkkSpRRGeXLoSQkWJutpFREtH1FAQZE5pIylUpMxpygxFKbKiUCwQXQk7x3GSQyKzmRSepmnKSbXklGObImqtkaSQnU63bLWvzhRSkZujq33XjeM0DmtspFROUwMCpnQJl9qVUkRIiqCt07JEjmkyCHDUAimVVANyalMbS61TywhKKVBKLYhSquxaI5HSmaTB1CqplCKVonA2DKJmjoqIIJuzNUXUrkTIxgZjjN2mBNfShWQ7oijCLaUoUZpTCjAZddaVrkaUkFC0qSG7NURESCFJEaWGWw5tLCJKF6KWWmoppYTCURJTYnOxubl1LChJm4aBCIdwRkQpkWmJcUhEiQLpZiICsJ0mUpLTqupKjVJN1hqWWrPdSKuUUkOSc1IJaoSKRI3azfqAllMbx3HKACm6GrXUNk4q7qJTLV3tLEftnG1srVAUMg6VDAJFCTubiKLSdQqhCBVhZKeIDMLO1hpWKUWKDEUQCqdbNkqRRLSuVjmihhQtm6QSUkSUkqRxRACm0ZRttOlKQSJbqJRCiaIK9thcS+m6LnNKZylh243Sl76bhVSiTC1bTiXUdb1JbIey5TgMQdf1FVKlpJxTK7VGqaESoczMlsMwKYgadnNCwc0ts6gYTUqEp4wSXRSVaGOLiMx0anNjEYGC1XIdXdTopjbUqKXrCiVKWGoNhYpAtNEEYaeZWhvHkSKaEYTWq4Gg6zsnwzSO49R1dTZfDOthNptHKdM0TeNUSvS1czrFop9btKk1p20A1Ped0dRa13UKCZNquO9rpMdplCyXIF1EUSgkKcLpacpxHMfVutQOaG1qrZVSFouNTEjXvh4e7LeWxer7LkpkRrYxVPq+G6cRaTGb1VqnaQIiqF1Xam3OcDSajEoByid+1EeULsbmrhY3D8NKLdfr9TS1eT8rfcmmqU2BMPbU1blpEaWqKGqJEoDwlEXRnC0tA+CMrmabiNJ1nULORIoQRtEJR6jWOusq0jCMtVbViFJr7UIYIpQ4p6ylBrQ2LRYbERqGdXOWKDZ2A0kAinBmm5olmYApJ6FaShoQtFoqpeQ0OTNtnCESk0zT1HVVUWwQtZtj22DVIom0u9IVVQpFIVIRtZZS1MZhHKcQtqZsRcVpG0uyIMkU0XUdMAzrMVstHaAIFCq1lqKoOU3jNC425l3tWsuu1lpKRAkiMRFFxZKCEsWeutpLoQgnCEXFHoZ1qJQIt0zbxtOkEqV2Xd9F9KRLLTJR5BaSkLKlIpyZput6e7JtCCJMCVnk1LK5RCpqgEKYgrBwazaAJYxiomEiZGeUCGsaJ0SpXU7Gns26KGXWL0rt1suj82fvKd1ssbkxDuOU2YZpPa5t19IZS8WJRK3VqLmBZKKU2s+ialZnUaO1RBhHqYndWrqp1lKKRag4m63a1bAUtLEZSt+FaZkROLHIloKuVCAEppSwjUVOoMzJRI0aEWmnqV0tERFCJNHVSIkpMRGASaKqREgF09qEZWciSVObIkqN2pqbm4zdbGfipJZaarUVgqg1QlLLJiEVWTZdX4MaCJQ5qZQSEVIUhAxYCjtVasgoFOFQJbBDUBSKklOzLamUEAWnsCTLoKIapdj2lJIjSlAQdqNEUUnSLcEiFCiVnrCLIkFkrRXStglJiFBIqMjGCsKCWoqiZrpECLeWNhGqJSKitTau192s60pnacrJmdhElBIGbEmZmZmkszmk5mxj1hrpVKhIhiRRlIhpnKak62s2TzmmrShVMWUTYefUmnNSUEqBIOSGWyuhdI7j5LRUohTZGGHjaWqhsI0dUadp6vpe8pSASqkpSCPAiqA5SkQoalGEJytE4EynBem2Xg/T1GpXggBH2EaolsAZ0NVSuoIkY8mJigI5yUycXa3GOeWUYyjAIQoRpahEGwe3JBIkSU4ITHNKwjLZmEJRuyoj1KbMNglFLUoykyg2XR99P0eAVaNGZ+xGlAgVFbmlYJqy5Ti2qZZSa0+21mwcoZAAgRxplI4i3IA2ToiuFrlMOWZ61s8BFBJkylJRkULFathd12OcDaOQW5YuAqWdrSmilOi7LkEiIqapraexDWnlOE6kJUXUWmK9PEpnrcWQEChU+ghkTIlSVVCUUjIpXS21q0GoENTalwrpYZqmYey6rmVK7modpykTMtMmiVKcJsLZ0tjuZl0oqMiSUC01ypSNUI1QrSWi63q3JlyiONzGRHQR49RK6bACGhYIk0lQS4fBFmFngPG0nhIi1JzjNNZSmr0eVmFsxpZFUqnYUpDZWkIK2dRSDBMZirAiSoRbpmy3lpJANnKoE4QDexqn5snNDgWKKF3X11LGNqUhk5ChhGg21K6TYv/wYLVc9fNZiSrC6WxNUYjInGRHKQKD0woyhSjROyegi2owrai2KSVKLbX0ilJLNSY9DJOlrnZhpa0ILFQgMicwJYpCUYxbTqWv8/mG8dHRcrk8Kqq1RJumdEZXImp68tTIRArJ6WytK6VE4FIrTovaSIFKFBWkbNncjEl1pSBhlVApkWmaFJFk2kCRJNpkiUyHato5jbbXwyhF7fvWpmEYat8JpVMRkqY0ScsJWxEosqURCANJupaKvJ7GWmI2m6UgnUkpERGttVJK2g2UuHkcxxrdfN7VrpiYxqGWrutLNqt5nEZBF91qvVqv1l1XRdguAhA0HCjDbZiyufSaxtHYRFW4UQJQRA1j3DKncSil1FLTGSoiaolS69SmHNtivqEobZqCkEqEuijjMGUb+37ez7pau2lqyKXWdEql6zunp2lI1Hd1nKZpytmsL6FMV1VJrdnZ5vMFxGq9tq0IZyoiUGISO4exlYiimKbWpqmNkxV9US21dBVoU8spa60bGxvYh6ulxGw277tZrV3pQgZjJYpaSym1n80CTW3M1Hq9drauVEI5teY2DGOtfelLhDxN5RM/7mOwBSgUkUStEaWkM+UShWxSRMXGdgncnI3MtFspEUXDOCijVEmKiNr1aU+tlVKMIIdhymaCAopqNey0W0vjUjsURZTS2VkiJMZxtO1s2ZhyrFHmizkK1KbMzKxRbaY2RVdrqOt6FFKGOgdVpetKmmkYJUUpTkUXoIiwcZuICClRthZRu76rRatxGNdTa+OszCLcpqllRlBqbVNmtlJKywnIllMbx2lSEKVma8MwNrmvXVe62pWWk0xRRAkgIYhQYOGp1q6rHaFQqSWmqQmsBlGjQCDZgMZhbGmF7IyQQs4JKCEIRZQS0zRiSkglbNxc+yoiKhEF0qioo8NQCDslQCkgS1cjyDS2RUERmlprzQUswkqsdEi1KyVqFGFJOG1bJVRkOxTYEnI4WzerIJtAq/Wwf3CQbVrM5zXU2mSplmLFOKwP9vfuvffs1sZ8Y2s7pylKbXZXou97wZQJmqbBaYPtqipIqFEUiiihcNpJCYydliIUUUpBEcgYjBHYCoFatrSDiFIgFRWDME47aldLzcypTcKl9hLYBppqLbWvxqSxwSEZgYpwVLVMO4JwsZ20SKnIdkiBIgIJExKWRQlNrYksVaBaO5VSSt91xcZCpdQarWXLtDNNEYZQFKlhZJtpara7KKpyMmViG2RHBKJlRgSotWaE05lWSDYWynQo7HRmawlI0ExRhLMxtQbYGACjWekSj+NoORQSzpxac2ZrBpClApTaqwqnS5SIaWzgWiNKFUSikKI4M9NRlFZrrY1T7Uqopt3GccoMqXY1x0lIEgbbNDfbVoRNmJRtj9PkdO07DKjWms7MVAmSdIJqVSQqIUvOTNJZS2kt7ZZ2OiFKVJNTtihKbEDR9V2tnYIIlVJKkEItk+xn81ojcYnizIggwC61dqVOrWWmbZxpgRUhwGRrza3UEkQ2Ay3ToOhqEaiRmRYB4TaNU0YoSsn0OE3ZIKJERITMlGlcVCJo6VA4W2sNRynGKKKqTOO4GteEutqV0ikU1CjYFMlOICKQyGwta+2RxjYAECUIVQWZLYoUMY5talPUWqM0NxEpZl2HlC0RESVqKaV2XcWuUcZskiOqUQlJytbAAkcIoWK7jRMRJSIkSaXWEgEZESG1dEgqctM4Da2lGyqBbRXATiTZUYuIiBISbiAByM2ZGSW6omEYI9R1HVa2yTA5QxGKBKcloxQRElYIS8ZI47BWUBXplpDNIct1ypbTWEqRJJnaq9FMLSUUxkUFMtPYqpFTS0xiW4oi4QBLEiEjRYBNrTG1jBIlSkRpnrLl2BKRTqcJSXLLlpktS9R0GoNlpnFMqS9VtRRQKaWoixq15NQIFAESEI6IEDZja11fSwlHYIcECS4qFNrUpHBORFF6GNc5NSSwApCKFCHASLXrZl0XUzoUBpI0wDi1QlhJk0KIqU3ZXGrdWCxCUhSDImrpSCMnESVKV0AiJCAzJ0nZLCFJoUzbOYzrrnSBiIDMTEURdrp2pUaZptYya2gcJ3CpJaJEqRFlauNyuYwoXdfRPOYwrFZtysV8Pu+6ZpfS1a4oCXtqrSWtJXIt3f7BwbgeZ4sZzS2ntIUURXJmYklRItLG1K4rUtpKT9moqtG3luk0LSyFhBUlFM1NihKShNMiaqml67oatQr6rkq0qSUuIRShlCQAg2XVrpTSIYBpHC1qKZktp1ZrdRRaw7RptO0otdZaanqS7aR0otnKbICyTU5HBCIULnJrpXQRDMO662Zd37U2JTlNYyml62aZKVEUY8vZvIpYrVc1aigUNh7bNOtmbq1lk6IUhYOQHM7JyTQNCmqpLZugm80gs7XmlpkFIWwrikK2jQUlIkqxc5omB1Wyou+KRbpNQ1ONUmsOU9TadR0tSy2C1fqo6/quq2BJbRpLKUQptWKiRESUrthZShmnMdNdVyO6llOEWk61dkjpNqzHWkpfOwddqcakkxjbWKLUriOz2aJ13XwcB0Vg+q7WvmvjdLhaVUXfz2otaTxMDsonfuxHlNJlMg2DA4m+n5WIWqOvPdBS4FBxm0op4zSVUIkytck5lb4vEcMwWCjC6ZAIFZVSNZvPa605TVNrtZSWDtQ81ajDOCpduq5EmTy1aey6vtYyZcsp7SaoXV9Kja4EUijTYxtaSzs3Njb70k0tMQFTZtrTMLTMCBUrShAqpcONEhFdN+tqqRJtSslSKaVEKW1srU21VgGi6ypJc2ZLQETUCIrtzClKjaKigjSMw6zvh/X64OigL7WvvUABKrXKTqamUkIowiAUtYSYcopSSykStZZQWARuNsik3QgwTrdpsBRRcEI0zNRShAqgCJvMhqKLKLUaOZu6AAsRkWmjrpaUQwoHgUIlqkopliKUNMtCppSqWp3ZWhJRSgnJYppaI6NUcKJsExFEQNqWJEAymW5OHDY4JZimEQnINtVaa62lVONaagQ5NaG+r13X96WWiIhAVFG6GopGKJMClK4r2bJGaeFsSbqlW7Z0FkjbtJwMUUpEAZsIRESVouUEIWe2JFQiIooMEgLAtNbITLtNDind0oRshCghLIUECKFQTJklAnAiWYpM05qDKBGKpKEgASFJSAqVzFYjEFJEgG1cStRaMVM245atlJjGyU5FqUXZEiNMSHg1jEWqJcapDeMEGRGZSVpBRIAnO6BEOG0RJQJlYme2zJzsxNgNUaODtHC2ls0oUEK2lrYCg022SV3pape0sY3AOI3DMEWJGrXUUJTEIIVkTMgZAmQbAxF2lFBIEUaBsRrp9DROtkOolAKhyGy1VNtHq2Vzm8+6WotcahdEkKIQQYkuSo0I7BBSlFojokZRCLdmF4WDUCkho2w5jENXIxAoWyZNEYBbm1prmRGlloJlO7oSUWhJYLLWIqKolBolIiiqTC2dSYSM3aKESoUAYWWbWmYthfSUlkSEWyKVWkzKsm0TJeTiQigkSkRXqooAKWopZDqbQlNrdotSSilTjsNq6vpSIoxBRBqKpFCAIwApnKlCUOxsLadp6kqU2gkpSq0xtZymsZROAkui0TBSTG2apikCoYiw3ZicigCEAITSKYhasrWcWtRwNk8tW9auSgG42Wq1VFuEnGSaUJWMJU3ZnKgUsFtDlChRSxfVGBM13CaniVoK02iyqZSiGKbJzaEoXZdtSiuKEIYSUoSbIZGRRAHSrbVsHkuJUruu6yBkmlEBO1woOB0lSildQImiUmoXJWxsT61JEnQqiKOjw3G9jlq6EmNrYEsClWKRTV0NBWGZVFC7ElGMTAa0dJvSZLamEEahCA3jCEQp2ZrDU3psA43SFVLZsmXDOIlCKSWkKFWKcNp2JqEoRRESUpQIpKIA245aZBGRttO1dkKgKDLOZglbKsIEBIAgW7bMVITQOE4hl6glaoRSSrvWAhIUBVFKBApFqEQUgSfbrVmOKJZDGJUIsKi1Fkw63dzP+1K61pzNEaXWKFHTtjNKCYWzYUUUFWEQ4YJdVJBSjYyENo6lq0KrYchxSmNRoiNtMkJ2m1pThCPcWoQybVtBKXWaJkPfd12tLXMcxogyW2xQVEuHQiKktE1M09T3paszgyLAteu6rh/b1NrkTEXYZE5StZAwKRVBLYUi7BJBGmwzTVMpERbKrnTNjOtVS3elKhRF2Zx2IETpKumWrUQ4EaX0pZZIM60Hi2yuRSU6o9amiIgQKrWUKNHGqQGhUntFyEY4UEQpBZM0UInaprG51RqI9TjaWWu1DSI9eYoSEk5qFy3H0vebiznSNLVSopRAAocxmlqG6Gd9ywwopYSKGxQVCqHWDHR911orpUSUkG0EIiQSWk5Ta5JqX2uZNU9CRLhlVEXENDUkJ+l0OiKMhjYVFUIYpJwyHFEiQhExjpOEAtVauzJN03q9AqzIbIEkVCvY49TP+sxsOUythaOUIKldTTszjVtLTFRJjlJsgojCahqzTW2aIgKcLRUpa5pGhWrXJ7lerTdnM0uZbWzNLYuIKN2iDxTWRAuX8okf91HYjaZwptowlFqlqH2XTS1b11WJNowtW9d16YzaQytdV6NIqMRsNisIZ2YSCqIUMu0pKbLUdV0UyTSRzbXUiIhSaq1RSrbMbOMwTNOECBFRonaC1WpZpX4272udhqk5A0WESmnZTNa+S6dby8yWaauLUvoyjOPh4bIglVIiDG0c18MSRZTilhER0tTSzaUUhZzZIIq6WT8rFWRn1KKQsQ1EttayzWazzEkqQlFCJchJUWrfZ052m3LCtExwibAshKNlE2BsgCTInLJJQoqQFOM4Tq31/TwiQBFRuyKRjVJqFFRKKCSQgigR6ZRVa2nkNI2AIBRRRcaUE26l6yRlIkkKpxFCxnYqwppwIEyGsC3RRY0amGwuhVoKJkJpj60VqQARUk5pp0MBiiiKKJT0tFquogZG0qzr54v5rJ+JaJm11K7v2jA2FTHVKFvHj81mfZSaatno+lmoZDqnQRGl1D6cKBACKyBKRJiUbSJKBFJmlqgKASIwU2slIkJIEUVFEVUCACKkkJszrZDtZgeqtRiwJaNSSrQpM60IUMuWzRHCGaFSS2Y2p7FKRJVQCFmNlGQMQhjCOJRTpmwCEyXSCBeViFAoneM4ieiqpuZxHFDUALApNWqEathqbSpKVCBbm2SloTVK1K4LhSEkoSjF2GmFKliUEsA4jtPUVERESARSAZwZpRTJIYUiopQwWaKQjaBGLbWTbFMUraU9dbUrpUpSASLCNJe+9DWMkpKZmU1SBBGRSYRIS06EKSUsMl1qROmhgTAZlBLpNk1TRHT9DCvbJJV0Biq1ZMrOEERE0NxsSCdEja7ENDbb0ZUiMkUgLFuKUgpIEW1KEaUrwsakwYEiqLWAkI2aW5tS6dr1ERpzymYnE83GLQ0llCrL5dKpUso0jlJYrFero6NlRI1aQoqIEjIOqYYUgdxMKVFLtZxDGksyKUpmOrOWQhQQIacVUaJEMLXM1qLUvlZKIVO4JSUiVKZpRFFLDSnkbC6lIDITsoRKV2utSLYF0zhOOdVabIyilIKGKbsSESWdEUURMgpCBctY0KZpamOEApKUoihEJC1btjZ1fR9RMjMzo9BaZsuEwJLGcZzGMQQRSCRRoiCnSymYqTWJqCXttEmP4zilQ2FnQpgSBUlQQrXr+74LyXIoQqWEMrE9ZROUKGkkqcrOdJaotVREtkkEkTgiVEpELRKhAjYgjcNkCOV6PU7TpBKEa0RmUkMSziilRAGKIpUChYISoTZNIZXSqUZBilIiprSEFNmcyq4qSlVYROlqIVzkRomIgIiqwCGELJsIk82OUqQoUWrISS3Klq0l1USEIoRQ2gGlVEfIrNdDtoZRIRSZU9qhApnpbM2ZtYRKhCyEIkq01pIMBchQo2BFEKF0pp02uCiiRJSIiMw0LhGCtG27ZS01bZXoVAS1hBSgUqOAQgplZlEoFESUaC2RUyhqCWVmuoVKqRqHCU8YYSdIKnJCkZ22anTTtJZKLWWaptZSodp1EaVEAStoQ2JNNDe6UmpXu1IFKQcRhRClVoiW2XVdKaWfzVtOOaFSA6/HdahGhNOlSipFETUaKavvC0K4lCilA9JNSZQIRUSsV2u3yVKKQgkztqGhCAFhRYSLIxSlOFOKCEmhUE7OHJsdyCGmHLK1cZAISVIobMI5uQVVARTJFEWU1pzZEgfu+9k0jS2nvtQAk8ZS59ZUCoFEyZgYPU0qJSQpnApUS0mnSoREDSlqrcqMGtiHB0eLxQbQ2jROo1A/m5scx2FqU993QBSypZ21dtM02RklRFEATDllZq21TWNENdl1VaWM4xi1RKnYinBr09SCQGQ6IgRRQlG7LgzZXPooJY72D7t+VmspXam1tmnKNoVkUUqNIklYoRIFNyIi3aZsCkUIkOQUZDYypzY1t6y1TkPLaRJer4cUXV+xiuhKFzWGYZ1TSkQoFKWLltlao2GylKoqMtNRS0wtSykR5eDgUFLX9zlNE+TU+q6fz+bGiUkrWLdJpnz8R32YbbJFlK7rmtVVRQQplC2b7VqK5LGZTCBbOlutPZpUulDkmAoiCATp1lSKzXocSyk1wjC1bFPruhohS1HCdsvWmgWlq63lehhqKX03L7XmMIxtEjWKpmlcD4Nq9H1Xu14llDS3moWqaZqidLXUrpRaiyJsxjaZjBohQqVlG9frqU1dnXVdTQPG2Vo2Z0hOK9TSbcqQVGKaJgUlKjYoqkIapzEzFVFLxUxtJMqi76WiUERg19KhCNzG0UnLbG7GzoZb13eBVCVTS53aNE6TIorCThPKjBJSSIQiSiGNiRqYiEinkihyE6LRGDMj29TGljIYlaoItwaZ6VBRibBzatlaKTGOY0gKCY3j0FpGBLaEiMSBMq0iW23KlmMQpevBQl0tXVeEWk6KwNQopchQikqpmVO2LKLUOl8saim1dK21hChKJQ2R62Fq6RK0aTg42p/380TjNJWolFpwy3RahGRsVKJoymmyu1JMadmksILMEkVFoYgQIaGIYidqTqZspZRQ2A5FiZJYETLjOOXUmtNQTNQiu9QCigiJtEWUkEqAMG5TRKldp6C1JqlNWatCIbk1K8KZSGBCRSEkCSgK42w2U1VFKAiUgBKYpgRCIbkWhbogalcjAikNNragtXRS5CglkBUhUkKkXSIUNdtolKRsEUDpOlJJiyitkWStJWrpS5WKlcUhSUKhaUrLpYZAAkCCmFpLUaNGCSc4TXR9iVJtSldsWptCUSJa2nZi7CKVWu1mG6LlhFQUIaUJjBQlogRSrTVQtkkh29jZWtRSS5l180KIsN2yFRWFBOBpnFqbqhinJiKK7HSb2pQEImqt4Da1KBKIIFSqMhNDAKkAe8omq3QdVjfro0gSCMnNAE5EOslU0jxNLcdxPa4HybXvZv1cRThDrhGtJcVd7TKbpH7W1a5PNwGKWa0RkTBly6lBQpQim8Y0jS0UIYwtLBSEFaUAmVlqraWAaokoVWRrlGIso9p1CrCdGJyjjFGpUUuJEhGBo5RKyylFOoSNbYFCoggCEyFPipCiloJdJEt2llIUBbK1tAhCKKKAQ5GybUklSi2l1CpIWyIUgXKahBElSkQJIiIQptVSoIScEEUtc8oRK0qM6wGY9bMoXWuDTagoJLmWqhDyNI2ttVAgSzG1sU3ZWsM2zswSJWr1NBqKAgWZxgGttbG1CLoozVlQRMlMQy0RipaZU4sIJNLL5brvymzeTUNrmXLYiOzn867WqU2ZSXEh1sPQxqnWEFIUCYWAtEvUllMbRuMoWNRSQmVWu2lKwiIsIk1IxumpjWkblxqyUpS+kBmUIiLC2GacMoPWJiAISXa6pdOhiKLVap1tLLUrIWxLpRanbYpI27hGQUonRSEF1U6MIpwmHbWWCBEI4ygxrNbjlJIyp5xcutLSZKpEURGkERBgYxQYBxE1bKNomRCQzTm11qYJybIIy1ItNYrACrnUmpnZLFKOFLV2pURCKBS00aFWSlGolGpZoSjFUzOupZbSdTWkUICzNbK1UmuUaFOqK5KcMm1qrZSCcLa0pSilGCkhqFFr7YSz5TAMfdcDFrVUZzanFFjQ2jhCqV2tLqqRU2stSy0tp0iiBAhFoDCllMlTa9nV0tVeEtLkwena9Yg2tlqi1NKyOUk320GJIoRNEQpFiIzEziFN1BqSZFnTNJjsaldKjZBC2do0TsOwNtToQqSoUWwkWQSMbSTd7EyBSqjWGgrJoplSu4KFKETz5JZtGlPKZrep77o2TE47cxqmZndRbMIQkkqRWqYIDGJqqVJCbpk2k5N07SrSer0epykbUh6tlyEkC5VQ6bpSq0opIijZspQopTrbOLU2JaKP0kzXddh2drXYyrRE1M6TJQ/jGlOiKrCtolIlBKoUy6VUG9LjNLm1EiVqselqdZtoGaVSisfJou96YGwtIAKJ2ndCy6OjlllUlISiloqswEntiqLMaoc8TtM4jhuLWVgOqqSIKNhIElKQiYfW9V35hI/5yFAglVoLtVSHSjans9YqhZ1tmqKUWkoA8nq5wi6lOEmns6VkxmkY1us2rodWSokSfS0OCUuRwi41AAhng5zGQaKWgMCufalRSy2zWbWVtExLHob1wf5BF1FrN00OsqDmZuSiNo5MLUJSGFylkDP70teultoBbmncz/pSKySScRCWZIeQQhHYrWW2FrUIRUEpASFZaUfpZn1fIzKzTS1EEiLt7PtOlGEarOhnvcj1MLXMWkvf11rqNKyzpVHfzVojQgq1YVIE2EgAEopKRLRmyIbt5jRY4HTLFkQTALgEbWwWJbqUC1G62tWCwnZrTYQkRAkJZTo9ldplZro5M1RAFhGlKCBCkpUBzuj6EoIsCtXI1qb1UGoYIU1tyIlaA5UoIkVggzNTpShTyK2lU5nTMAwmgwiFCi1pOSFjjeNyf+9g1i8UCkVRndqwd+mghAkZO43TSoWwCkQtOFtmKVEg5a4WScgYREQtRW0cp7HN+plCbuAUAIk9NVDaaSuiqxWcmV3UMScQACbJNpUSpfbCIdlGCqlEtJZ2tqmt16sIRUQaSAAbUBRZRpIIY7e0lYFNlFpCkmRwmyAilK2FCkYSERAR2OkQUIqKIu2W2XIiW6ldUaFYcrYRu+9mESGpoMmWs0YnwkqwmyEzTdqeiqSIUgJJEI7mSVaNup7WwzCEIhSQrbmlIboaaYAIWqalEIJSO9mKKFHaOLU21VoNpQRSG6cpW0R0UWwEtXYgMFIaY4gQgO02ZZIlimFsrRKKSNsmJPA0TckUEtkUYXA6pwaOUKhrbk7bhmgtrRRRS4dsJ4ooBZTNdstmWVGkkNMOguLMoU1diSg1ag3LwkmbJkLTOIZKV+s4NRHdvKYJqZZqW6XUiJZpu5YSpSLVKLKLkKLr+9p1kG3KMIRCkXiamnCnoiglnLaQHF3fhWhjSxFGUSSBp3EMZBOS7XGcAEGUStAadutKF0E2jCMsiVDadjZLRkqs5gklxDAO4Nl8Bko326FicmptbFNEATIdhYiSOcmyE2NCASnDLEo37yJKOp0CpmmMUESJCEpJ25nZXGopEWmj6LtqKW1bpZPkWmqmx7G1aVSUGjFl2jmrsyhRogiQIxSyFV2tESgEUkRBTcaapoHEopTSmpMmR4hSiqRau5ZtapaIGtkMIBMBZDpJG6cREeF0WLYTIhShUkuNYqGglOLUcrmMUD/vcQJpxnEcW4KLKhLNrU219kjCkjJtLLdxmppTUWyTKqUows5MEwqFJNIGFUW4ZZsmK0AOisWin8vOnFomiq5UCduW2zDU2vVdlWLKlJtFdCVKIRmmMVRKUWZGhORaq0LOjNJFaBrHUkqppYSCSgmAJKUIpVvtqxOcCoSHaRSg0kcttUrCWWstpSgkQiEiJGxnpqTShaxmlEQJkNNADTkhRGJn15cARxSKjZQtaZkYRTinlg51CkIWQQlZwgUsGUrUKDGtx2Eaa9crw7IiQqgINK3XrTkzaxe1q11XKqEIDLLJNrUQUhGJVEK1VDlarof1mFKNmHLKsUWN2vVEAELG0zghobAthW2hYRzHNpUoiiBca1V6yKnWvpQiqZSQZIGjK1WhCWNCqqWmLTONo7HNOLUopdZi08iAqFWoFLXJxqCW0zQMNNSXGtXONiUlQkAtBPYwrhXdrK+Z6VCN0vVVKtiGGiXNNEyWZSolczIWlBKllik9rJbDmIZSSo6NUC1lGMaptWmaZNVaau32D/anNi4W8/nGYnIbVsuuq12dqRYMQgU3oWytkdn1XRdVNSSYspZIU7uadi0BbrSIyExLyqizrrVWI0CBSylEkYxCFBs505nZopQaRY6ptcwpM4dhUETfF5XS2hiwbllKDZHZVEtQWkMKYGpNQa1dZk45zWfzqY01atdHEOM4rof11KY6n89nfbaUSgTDenBL27Xv5RzHVkJpT61F6bqumkTYKE0wDUOza9SUu4icWqm162sqpzGjFqmQ2XBrY1FkoohSSvnkj/voqLTmlhNQShmnaRzHqFUgu2UOQ2uZNSBisZjN+plV0i2ditL3XRDrw6Npan3X1b6bLxbGUkSp6SmnzLQz01IQitZayCW6KGF7HIeEWvtSSinhKac2ghTRpnGaxvl8Y2NzIzPtHKdJRUattbAkRQlZOKfWakRIbjYehsFyCSWKoigFu5RSgkxw2o4opa+1dFVKu9SoEbUEikCSWqbtKRu4SAoZStQps9TAzsxZ19u0cT2OzVKbpjZNRVItZDaidmVeFwowLaeDvT2VUkpMrZUSUWtB6RSYJiTI5pAkyUQUOVvLUus0taJiT5lZSmkwrVelr7WUrpSIIMBWqBKjM+RSakREdMIOhEhntja1UImqiAgphKJAGqEARYlijEGlKyDbRkjjOLY2SrVUpIKRSbvZSoBSA6exbRrN2aZRoVAIZzobERk1ulIj1C/mW1vbpZbMpFRCwzB2VaX0JSKKFFFKHSe3llFUS4eRKBGkhml0o3QlsdIJnqaIkDRNk+2u7yNo2ZozSpHINlFKa83OKKUrBSKdUYosO2WpBoCsqCVInFNGiShqYxvXI2HZzlDQxmFKFwKBXVSiVtsBCJwR4XSgsY0RRQoUpXbObJnjOIFKpbWcWlMUk4JSK1bmJBVJpJ2JBAkKBaohRTCOzfZ6NTjV953sTBwWRNSoYSzc2tQyoxQVtXRIDQlspnHMRFg4kYVba/as6yLCpqjUrkhkThESZWpTtuxqiZBT6allFknSlJOQSqCYpslJ19dKiRIOBUlEBCUUqQyRiIwilZJpk23KnCbVvsLYxoioXXEmIDertKkhBTHZmZOdoZBQKUHJHEstpZRMyyhCZFHJQk7j1CZQsSayTUMpRUQCKCKE5JJq4ZCVdu2qAOxMiyKVUnOauk6lVNu176RCS6BQu1lfS4GQNKwHbFBmNk9SEAqpRAVnZst0tmlqNpLAoRKqBCKQMpudipDdshlapuSiMJqmqZZSS0mnSrRxshuBcVcrktNRwgK7pd2QotYOJ8aZLZvtKVuRasxKqZJr6ZDGNkl0UaMvQhIlIkKldMjYmWk7uh4JLAxpOyoqApUSThyESAIUJUApPLbM1vfVkFgYcmqWkGieaCkisUSaNrbalYiwW5Qq5Ti0KEQtbiClpQgBCMmZhslJa13Xdd1M0tTasF4LlRJdFyiiKEoJk84IS0FiElMUUWtElAgJKUopFm2cooZbjm2yKCgVboxtXUqVCnbIte9q7WSOlkdOlwigRpRaUOApaplvbAimNkmlFBllS5KxDU7N+s4myYKAlg2FjCTVImc6WzPQ3AqIkORMSrQc1usldqiksCUjEVEipaJSip1TZsuUSle7nNxaiomItCUQmYSVJiRZThtHlJaZUwMbCafchYqKRUiZOWVaWaK2MdNWSGFbOU2l66KEkAwKO0mLkNxaSiqla+lSwiJtyZlNCkoI1VJqKUCbsnTdrHYUtZYAgSDdPGVL1VpME0TtchzGaYqIiLBkXFAjp7FNJAm2CiVK1xVQtsypDW3Cbk43bCdGstN2iChdSLXvQiHUWjOEIkqkIySctlFI6soscdohQpGZQK21pYtUIqZxHLN1kopCESUy0wjAtKlla5QS0pQ5tSls5DY1txY12tQIlRo5ZsNdqUS4NZy2phzdbFlSiUjbkTTVKEWM4xCllohsKWHbjtmic3NrTRHpJkkqhAIkxvUwTVOUUkooQuGIICmlRJUkQqWEIoRt2jSg6PoqqFGQLGqpNVQiUvRdTdvOvp+hcGvh0vddqSVJO6c2lVqkIJ2tYStCkklSLRMTUVC0HJFqCUlddLXWCLWpRS0VkFo6p2k9jeM4FEWUkpnCzU2Fvp9FKYpoiZRd30WUybYzRJTOzS1b7WqRBG7Z0l2dTa1ljrUE0NUyjRm1KCJbQ7TWSik0MkH0fVdq6bpeVjZUQgqLCIGy5TCs1+tVg3k/n81mBYxqKemp1HBiJMmealFQHSKbhKK4MQxD38+jK9g4p5ZFXelKy8ycyid//Edngh0qzRmi2QpFyGZqrU2t1FJKiYhpGg/3D4FSgiKa7SkzFExtKqVELd1sFiqQTqRiJySK5oxS+q4bp2Fcj7N+piKbbNmau1pyaiGlcr1eRyldN8OpEqFSu5LNrTVFFJVaSigc0XXRdT1gKd3GqZWQQ9M0hYQUKhGBW2sep0kyEWG1bJkmAkuolJiyJU0uSBSN6/U4tqhhGzG1VqMrXWnT1FqTGNvoROBsyOthnWbez1QKSSkqXY0QYOiopYvVMDYneL0ea1frrAtK1KChIpnEMhahGKcpgqglUCk4SkS0bArN+h6iKIzbNA5D9l0nhSSTgFNOK8JOjKJIMq1NrkV2juNYaun7vpSa2WxbZKZQUShIm7SRZZLE2bxeLVN0XTWM4yBFCZxhMpsBg23JtjBgBND1XVdK6boIgVDYJjAKSRF2tuZSyjROTUmCHZWNxYYiIDNVgAgyFVFCU+bYpogaEcgpASWEbSmiFjG2aRhXbkQtIVpiq9Yi07KV6EoNTIgSXeJxGmXVUhxuzQqVCBTCEUVRsiVyZkvI1iSHlCaERd/3EUUh49bsCNkKYSNQpFtEYLeWpaiWApJzmAZPWapKqdnaNE1ArTVKcVo2RUYSkpCxJjdZJRQRUk5OLLAQIrpisJw2BqJ0alObplWmsbFLqRGqoZYpYSFFSklCKBDRcioRXT+vQXMmSAThcDYDNWoUiTBOFCFMIENma9mkKKVkSyCz1W6mLrBqaBxba5MoIVJgsBNLUUTaiBIyEkgKIj25kUqlSEWo2UpTimi2gFqKSgkplev12M/mEZpaQwbVUlKelutxaKXWUmUUkkRXe0kRlBKZrUjZ2jSOtUhBRCk10uBstltKwk0KEKUISQUnEnbLhpBMynZAdIVUKWUa2zS1qBEuhmkaLSLCdhqpJZRacRCp5pRDIXsc0p5UilQiFJJMjbDJnErU6KrSoVLnfYQUxWknBBFRIjIt3FrLnOxSw61lukWJWqsk26GIEsOwtlVnXRvHcRi60pUatkJSUV87Z4sISdlaZtYoEcV2QNQKJmWUQ0tbkLivNdOSQmRasqdUKdQiu7VsrRV1CmGQJAmBmts0tVBERC3FbSqlYlpmiboaB9vKSFIhkMk2TTakCUoU25mNUGaTHdI4jiFJZGbLjJCkhJxac4owUpSgTc1Shsi0M1VKSMI1RMpy6WpXCvY4jVKi0loTLl3nzIiICE+2Haq1q1FLKZ1CRUwtQUXFdstEmS0IT1M2ssasVHW1FhXbFEiDSglZTa4oZadUIJ3pCGwT1NK31s6evedgb6/rZvPFJs5sk0KNlK0io8yWaWRRShE4W1Ollo6WpZZSupZTiWKUbhFhsrXWl05FTjfaMI1tHLGUmc3IRaFSkHLKQFFKlBIh7GmajCnFNmlFpFOkoWViGzttY6ckRZjE4cwotZaqUIDB9jSOk7PrypTplpYFktzcpoxSZvMuipxpqZSCkQInEkDiIJMS0Xd9hISQFCoKi5ymZvd9VxSKIgyJIYpNiVCJiMA4E1GCqSVuEcVOk13tIiJxAELWOA12qyop1yghSbRpEi5RUdRSS61dXyNEM6iIUgpGEuGqYjMM65xalCKUbqX2tdSptRzHEjWVmIgoUVQiM50uFUmCaZrGqTmz1p4IFU1tmsZcbM6N16uxn/UKpaecPE2TIiIKCBlaUazXa4jlapWZfd870yInyzSyRLTWhvWQmbXGMDRaltqh6Pqui14SQqVUIiGdlkJh28S8n81mPdCmyXI3q615PQzro9XewUFXuq7rWk5jm0optSsR1QSy7ah91xWbzLSbmx2yPU5NEaWU2pXMKFKbWtJIppaKUkpkZt93LRsOsKTmbGOz5HSUCCQLZJNuzqmWPgo5ZisupZQaObVhnIynacp0G1eUUlWmsSkUIUVELUMbotB385DSWDlmtmnAhmYiJDf6WdfN+kBFETWG9YhcVLLZEQBkjSKHg4gc1+PYRifCdoZK6cNEGzNKxZ6mXMw3WmttauUTPu4jS4lM97NZLSVKFEWJUBTc2tRKxKyfRTCM0/po2TxkmzKzSEQNNEwj9my2qLWr3ayv3ThOCYpwNkUBo1JLLabBNI0RpXZ1mqbmLFFrlVQj6Ps+s61W61k/L9JyvY5aaukyna0piKiGWktiT00KQ2tTrQEFp6SUGZNSQyIoKiEyLQgrTWuutRNIRETIgMANK1GEQeq6mrYEhIJSSilBupRiexjGvuuLwlBLPw0jqJ/PMgDP5zObYT0WRZSgyJmtTdTSla6b1dYmnF3pUoltu5QCRKiUCqq166O0luPUZJVSlHY2EiFjy4IStc6qTcrgUooTO91obQwpoiCQ3TxMQ9qhqBHT1MCttZzcsmFHLYHSTqcdwjhtp1NOkG1KyChVu65IbcpSC1JgTMuUVGu1GafBuERpY4uIdArbFBUgcTZj7FSCFFGmqQE1uhoKCReZNNPYIlCE2yQwdsu0w45S7BT0Xd/VSDuNQoEUMQ0jUtfVGqWUgnFSIhD2VKOUUiBKhGXjiEKJUiKnZpzGWCIchJ3UUqY2tXTX9SH13WwC0qV0ERLYUpGERMg22UxYyJkYI0pUFRMp2y2nbDkpiqQ2TSb7flZrF7XImFREm1JyOhXhFJm11ohiW0J2s/AkRynRdfMijW1wqtYuVEoNcE52k6RpmmqdKbCbCNWiJEpVUBSl1AgHNQIiApVQy9aaawSOlmNOGVEUEUVEhCOK1FBQSlEtoZKtZWbUImjOCNWua5nhNo4toe8KKlEKNpIi7Oy6DrKNWWopxNSm9Xo9DCtJpStFmpxtnGaLfj2Mxl0tpasgY4pKKcaFyJbDOM5qV0s4M3GolChRAiCos37ezSKCpNQotSYtW0qymFq6NduyFFhYzsmKKCoCipyJldlsbLcpp2ndWpqs0UUpCrdGCEUYgAjSIEpIKgpam+xGOq2ulgi5uUiSWg5tnNR3HpudUUoUOTOiqlAoU46koq+KwFkCKRrNkNOEA6lIbi0iFEIWJEREiYjQNKVpNbpSevA0TJkuEenMKfu+4nBagnBX6jQOy9UyUSHalC0TJ4pSiiKSlk5bpQRpitxIXEIRstulvYvTOEYpJQqERKmlZebYHMZg11pNRi0hkEpElJimHNbLUqOrRYFN2lNOcoBLVdf3mZ7GsS9d0jCKwGR6msaiKF0UQoqcjFQloqu1RImILkI4QRHKNAakoJg0zowSreU4jHaC045Sa9elsIlEQSYlBKo1WmYYB4ZMZ8vSqe971QgbYaecbZqiFIWm1to0RimRmBYZKgooJbquby3VBSYk280OFBE4SynGgaNENheKIbqu66rTtOy6WTebLxZzmxJFISc1yphTiVJCrZnMEDVCMHrCRcgpBX3XkcYYpSY5utply4iQsB2lFESUWd9HDQpRSqZbNknFUlFCsS2cLROhvutq1H7ek26tVdWonUymBVFLKIBaA5xkoFJKREE0GnYUcrJJp7pSFCHTnBKyxnEU9LNO0NywsYxt97VLSCeiqChCYspJyJldV6OEk2xTs7Fr7WspwhRVCUlSiYqQUQQoWyNoadNQrV2N6EJC4GKnqkoUwE7bUtg5DKOCKKU5sVUU0bU2QZZaImWnopgWhJGKCJWQVKxE7ij9rEfYBpVQZpYopZYmlDlObsNIkG2UXGsptYsopBGCoqi1BpJkU0uNWiAiCigqEcXNqexrrX0NHCGhNE4r2FxsLBaLWsLGOLMlU0QJNI4j0sZiDiwPjxRRuxqlFMlqza2GStcjWrY2TU6khIhQczMkIScoiGFctzEnt6pYbCzCznSgru+dtgC3acLZxuHwaDmsVou+K92s6/thuR7bOO9mptVSQUWZiuXREtK4llqC1oYoZRqnaZokatdFRCRJFkIlwIAgoqRbqbXUOg2TyYhOir7vppbZpq7vI4pNrZJqthxyDdqYz0vUyWOnIqm1DJA0TU1SVUzpvqv9fBEwjC0KKiUopKOEk4h0RhRJauPYxiGiRKirXVHJyY5QKfP5ohmF5rP5MLVM1xIhCW1szA8OD3Ma+74rn/AxHzFN7kqZxnG9HsZpKrWWqFNOmNJXcDpLkRHBYjY3Wq+OgFJqCQVIcsSs6zCKALdsZEapRDjBzXYLy8z6vnTVZEuKStRqO8epdl3aze77GW7T1EoX6SylFomCoqiE7MS0llbaEuN6wJQSUVRrrdFZspuIRsOWFBIoariRbqFomZlNtqWWYAhFRF9rSm4JdmappdbShilbC4oikjS4OTOjSC7drOu6LoKppVvKkpSZpYZpmWBqLREFGVG7LtNSsVAzkhQygCcDpRSFKEIWsghQlGZLrqUjws3pbC1DUqhNzUKgKGAibFpr0YUzS5Qo4dYMpRSIlAW1FOMIdbW3De5q31oKl1pUVSIUYStK6fpedhD9rItSszVFLQWZWsqEMicFoShS2k5KRJQwtGxOR5Suq7WrdrbWTHa1lwBkwEgBLoFQMtrTNLbWBLWGap2mnKYWEbWrpVTbzgmFzHI9tKmVKIpwy8ysfVdqQYHktJ1JggTZrFKQQm5jy2kqERGl7yInZablEp1CSo055tSiqKWcrZTS1YqYPDlTyDQRDsmutYCQpFpKlFpAsjCEkIqEwplgUJJRa4lozUhVoQggiLS7UiZnUVmPo01XSolqObGbx3FobaSUGpqmbJmlyuQ0NrfsSi01VCSYxlHQzftSVGpfa+mj29+7tFwdzuuslMhsASAAexoHU/qua20ch0kCBWAbnM4oHWAbJxI2oiicTifKYWi2q0SppUSmQ5IyVUtQammTM1sJ2c6WzhxzQg6rOSOUbgFFrFYr7L7vVcNTptx3sxKRaYFUMluNkAu2UE5JURc1atg2lmXscBgjBEhSOpGaUTYTQq1NYXASgdxFUSlSyEhRQhGys7WWLcdhHUWKkFGhlIose2qWac5QAYXcsBxECRElpJAcjmYHZEQNSZHTZLl2HWIaW5tapCa7SorIbJQoimxurTlzcjoxbtNoRURks2Eah8wWob6rUasU6SYiM52WiCiKAhaoiy5KtkwySkjhTEpEKdOwVihKnVoLyjhNFvPaq2pyRgQ4bSIkRYYkhbJlc3NLSCJam2yrFjJDVWCAVEQQklVUo0oxTdNs3mc6DCUycxrHtG3brU1piChEdWsRJWDK1nW9p9amZkCEim1QqSFIG3BaJUoEkoKWWBSFghJF0KbmtESp1TJ2oClA6md9LXUY1xJ9nbfWxmkMIhQo3Tx5yokiUYsgk1BJNzcDCgVYkdlSkm3wlAgpFBKRmW1qhGpXjWqtEaCQLEWbJnCpZZyczjaNQrWvSJJbS0uSEBEBaSiWsYTxxnxRotpYlkLYWEgRmdlatjZNqJaqEuPoWhXE6IlMo3EcVSJK8dQiwgEYUgoShSRk1VIQUsFEZmtunuzEqiGT4zhOE4RLFIXSKQqhaRrTRkQEJiQQApWogcHIgYTc2hQRMkGJGtmY2gB0tSICEFIpipatNSMiiiShtNOJJTmAUNpKqwRQFBTShnC2iSSppViybTtKZDYQRNKEbEeEIgBBV4qlCCDIHKfJImScaVvCrlGIADcaDuw2tilbutWoIaZsptVSxzaulmvZJSrBarXK5lCxHcImIkolMxPCWfoujSQJhUJFCKgloo9paNM4yULKzK6vQamlRtT0lFYpESEFEiHZluz0MIwNd9FJkdmIkNQaFIVK11dZSWI1MgBToiqgKXr1tZdiWA2q6vqu1g5hnBMhWeGWmKhRooJr15WQIsaxhZA0tgwshaSudrXEYnPedT0oapQSmOaWuFTV6LAsSVlDqh3GmUkrKrWU9bCyLbAowd6l3cOjo1JiMZtZKopSiqWo6tWlp2FYO60oJQS0NkVEiTKMa2dEVR/VRVUdJZ1erVfTOPW11r5P22p97buuK11MrUUtfVeNahSkCOxouKvdehyEnA65dJ1pzY5Q13dd7YJsbSDCMtBFGbK1zI3FItPRlRrdehjGHFGDcLp5rH3XlTqOQ5tca2RzqVFrv1ovsyWm1q587Ed9BJ5KKWMba5R+NhNkJnY6s3lqk03f9aXrBTkNtdbZbF5qZ1JBAUptbbRZr4ejo2WN6GcbBJkOAhkL6Ls+IoxC4UzbSCGioL4TtDZ1XSc0ZEaUUDgTMM60RFFxuqVXw2C3qNHVGlSHDSXqNI1Tm0KBSjerJQIrDXbmJKv0RaX0XUfgNIFFYBW5NeNQdeQ0tWlqqmXW9bInN6koUIRTBH3fAZgSxWrTlC2bs7Vpai0T11Jw2iq1OjOnVvoKyql1tdZasRtTlKoIZ4IUoVJKEZBTkyNJSXZO2WwXEaWUWmsgaG1at1akWjthoaIiRYDxNE6ttZCEiKhdLSXA2VJBjVprp7BQlKJgmqY0pjW7liqptSwlgjAJIIFFTG1q2SJUSnW2yZSIUJQIhO1AKkKSUCmBSaQwDskWLTM97/vS99M4gZxQJSJCIEUVFoSilKJiRZUAkGvfSZKUU2uZimjO1qaCat8JMnNoQym1CAMgiFAJGeGEkCBxOu2Ui0qtdZpaa2NREFFrRERmm8YxIsAhovQlMu3WMqcpSg2FITMLGDW7KEKhEKAoJSQZKQKgtYyikIoCiVQRCcXq+85iGjPtUsLOoU2kSwlKFFG6zlIJhWhTy2zpLF0NlGbWz0BtmqZpTFIRLZud03q8tHsBUDZCVZEKaGfvu2d/73BzZ2sap8mISJqbI3CUzFYU05RTTrUWRThtEpWuVoVysmUZpMyEwB7ahENBrSVKSSszsSNCONN2llqxW5uiFBVlGiwV4XHKIErImWljau2iFIgIQmVqk5BFRESQCTgIRYlaS5ED49ay60OKaZyGYSilOnOaJpVOnuyiUKaBdJumNk2jmxWhUOkqCNOV4ojMTGcppZQiZCmdUkQU5FK7rnSAImoJSohitwx1URXR2tCSGlGAiNaGnGwDESVKlFJKKcUocIZIlRqtNTL72dyhrtSur7i0HG1hITtduxolADJRhIoiJMuKElEKluRM0g0Dak63TBtIN00pMtSP47qJEKVGhCyKwmYYJ1kEJUqUqBFSdLPONq1FCSlCNmCVEqWWUNjpBBpRnW0Ym0QtXdfNIkRQIgyl69ycuCpUahSlcxrGaWxTTtgh0pIVVaXUxE5HRFeLSo2QsSRJ6am17LpSa4+NUI1CgEIIDcMq06UUgY1ESCqR2TJba2OUGgKEIB0RjqSBDZawiShUWnPatjOnqJ0UwlGraoRtaRobylKKIoyxMyiKdMvWkEKkjWot4UjbzkQOK6LaRkgqihDrccxskpSkJ1Ct1W0ax4lmS1AUSAiXAEqJMLRxwERX+hJROyvHoSHXUnDWEgmWJVqmgFCNkEpIaSIotSsR4zQFKJhaqijQNE2hAGeoOGzbTJkYROakWtJTpmooolhhURRdHzUqTkfYmdky02NmTihqhGXAOJMQirApEgpwOmUiJKmRNs40KVWVENGmaZqaHVGZmqdxlCkRUYrlaRyyoYJKLSVIT2NTIUQ2R4lQtFQoVSKIWiJKbc5pWKvWiGgNyQo5JYlApZbQNE6BVUuIcCCM7JQEWJJUSrFxNmPbXelmsy6dU2tdVaGj1pZjthaO2s1aGzOnvu9LjbTWw9o5qYSQW7NDJWwP0+RJUYoUpFUqIqRhtZ7a1JXaz2fONmVmm0zWWmpfQdhUCcaWYeFsNgGEZWdGBIrMrNGVWlQUksGZNoFRZBuncVItbRydCcpI0pm23EWdMtfrIXA362oURclsLbNECGU2J1GU05TZbIQcuKWkkNJWonDSIGotKn2pZZzSBqektEtEV4tSUpS+CzmTIMhUFYkUUerkVmsXAnsax2ze3Njc3N7Y2twupUqmq9laGyZZpavTNI5ji6iz+WwYp9amUkqpVabBrO+KJIn06IlU1AhJRVFqrSWnKZOuFodRtGGqXZ0y3VqzMVEis7Vx6KI6HTVK7RTKtBNbfVftHIe2GlYtrURB33VWadMkXLpCkVvr+tqyFWKaMhRRyzisV8up7+t6GIKofWfZKMR6GGrXd7U0t/JJH/dRXe3G1rC7xUKKbDms1xGSQhAoIiKkEFM7Wi+7CJUCtGlszetpkhCd7dqHoNSu6ztCEZrGNgyDQqUvzmxonIY2TVG6Eqq1S9wSmam1KAFaLtc1St+XzISQGgRJhCil66ubW5tKRF96RQrSKUetkRPTsG5ShGpoGqZpagQBkqKEFCFNOSmFXKOWrlZVIC3bEQIkKVQVKpqa3VotNWoRbq2JmM16SSZLjXGYVsMqTdTIqQn1fd/VOqxXQrO+k9QyEaGIEsowjDlmc609zsx0UQRRSma29DiNUUqAAZOesCJActqmTdlELaFQ2rUUjGVna2lbuIVK6QqU9OTJKspGa5PTEjnlalgrVEoxCpSttXTIioCWzdhtnCTSGUgKCutxSDtUsuU0jQpFRHMLIhRuthxgubUGEjQokm2nCdJYAJmtZZZaSwlJgRpgY0cJmSihiMz0lBGlTVMtUUtBkdnGNkSEwEnfd6phkIrUhmECnAAikDIdklEpoYJbrodVy9aVWrs+IuwcpykzUwRCgWRcS6dSFMVFRWogo4goJaLUrkaUcRqbXWqVPE3NzhKlZba05LScmcaWJARQS6BAjFOGVEpI4STlUCRtHLOUKKH1MHal1lKyOTNtOxOsqG5ZQrYJ911v5zCNNl3fRSmttVCoRi3dfLExuWny1CZIMts0bR3bWWxstGlazDuVAJlmotYQlopEiUJEIEKhkA0l3SyFFDUw4ziCpQihQEJU7CgqiqlNXVeyYSeoRJdpWiqUqJQQKqUowk47QyXxODbbq2EoRf187mxRIltLRNoRgDORsUpXndmyFUVEIDvBHofRzlqKFCDJQgCZKgoVoEYFGaEsyCBQhCOytWkas7l0RRYipymTKEKWSi0FkJyt4SLJWBGllFBQFApIQiKwMhOotZRScCbNkDnJEFGQZSHM1Mau6/p+1sY2TtNEq6qKgIxSQyVKKG2lVClRq2qpzsw0opaC3dJKqwTgZiJUIU3gNJJBKs7MzECUwA4VlTDZdRWEiQiFgGaTztYooSQgSnEmKCLSGbYFkjMjSi21n3Vd38sgRURRoKi1K1HSDSEiVJLmltMwUpSZodJ1XYSMS+mICCglQpFpoebmsUkQSCFUaokoiIhShCQ7kVN2ogg3l77rok7ZAKFh3aZpDJVaJSRBc8sWEVClbC3HaSyKbtYnkdn6WvtZT0ipUkuUIgCETQBhSg2nE0qtEkCEwAKZyYRtXKLYFpIUUWqpgJ1pLJCxsmUtJapUagkpoiudSjRnCUVEyM6WzVKRZWynPbm1KNGmnKZpcqtRShQnESWkZpwuKrKiCnAjonRdtEw7u9qViCmnnKaIQkQgI2UqIIQksNNpAkk4baQQhCIiatfVGjk1yVGiRCdsq7l1pZZaSZeudrVHKOQEqRSBAktyJoGNSFtIATbTNA3jUErU2kUpUaNEUcR6NYSI2nVRoyslFCHbGCellFq7YtKk3XVFaBpGi1BJE4GNMlRABbFeLsc2dVFtg9MORYQIOV1rkdPpKU1my5wyIwIZVEtpzYoIqbUUJkogoZZNhHM0ms1npRQKbkgYkNfrEUVXK1bLDENEkUqIqCoKSWFSCpdSFG52YCchMtuwWtXZTFIbW3OrUaOgqCjGaXI2pRwqYQhZqpIjCLfWEiks1ygUYcsSSjeSKVsppRRMdF0hUUBiK4WkQMZpAbUopCmb7cw2TRNGQiFDSBExtkyydMXNtqOUrqtJkyKqSte5CWyBEEFm2i1bmzKKZJqdaQvZU2s2pShNiXAwTdlas7Ov1WYaJkvrcd31pe/niOV6FaHadSChUkrUkKPr+n5WWk4hDcNYavSzmQSWgrSXR0dTZoi0I1SipFMpC8lCtLTcxjblWGsx5JRuLYVgmhqZKkF6mMYQXalTTl1Xs00tMyKIrLV0pRuzOY2NEFVq67EpilQwzgzV0tVxWncRi415KYFzdCuSra6E01Pi1kIRXW3jWD7p4z5aUpsm7IBpaq21KCVKONts1kVXsrVpmuw0XixmdgzTyi0J5HA2UWsfpe+7OpPATtrqaB2SSrT1qFBEDVO6WpwRpXbR0iClZaKUgKm1zBao6/ppWqdVa81sSqUdtbaWYUeptat9VyBQhJR2c5YIhUpXpVDL1trUJqmUiNr1tjNRqDlXRyvkUivCrSlCQgrs2pVAaWoppRTbxkgqCtwIRQaKotactFAEBvWzrqiEVfqS0ForUWvfOXM9rCDDOEiVbFNLhwijqC2nUqLvZmpubcIpg8LD2OzSRYTCoUIoQjXbBHI4DKQxVlFMmbZBpBEoalFXuxAS4zgZF0VEAbvEOI3TegjUdzPJJmotTkcJGVtRBIpSFCGikaBaOmEgRLaxlG4268lcr0dJtVbJTgthppbOjFKKImlCiipMESanydCVImwCnImzSYETpJCsYVwLqUZEgABJkNOUmVNEHyEgSgkDOJ3OrvalMLYmK/A4jZmZdpESt2ZJhjY1SRFkemqD012pCikNCQpFKSVKOO2ppVyjWC4Rllqb3FIG20HXdZLSk03pSohM29jOHAW1diFhhSJt29gkUTDOlgoCRYlpnOxWaokosto0JEaKgMz1esh033UEOKOESslMQUSUWvq+luicCQ5CtXRdX7tytFyTre/71lo3m29sbDI1KxSVNLIbRlFKRBGUGkUh7JZWSLKsUCnqVIxKFFLpVqOLAjbClrMhQ0gAKKKUCCkUijYNaUopJC1TCkiUIpBKUVUZ21CkcWptGGvXqRQIN9vMF4takCilwwZPrY3DMLYWRW6ZNOc0jNN8PotSUJRQhIwhjBVSRlQ5otYSCsJFJWrNbEhFjNM0trFGVYTSgRSaxjFbllqdqUaEDNnSEUAmtBQKM7mFISKIUiuQTkmldqUW7HGaptZqFEwpFdRyzMkBMpiIGoppHKfMGqXUIsAoaJ7a2CTXblZLSExjk3Oys40QEhaSVEKIdMohAnJqmSmpdl2NTqJ0NVTSU4lSohBq4ziMY9/3wjZAm1opRdBwVEUUjCIoYRxySm45ZCqdNsi2FLWGFJmZbZKopQ7jKCxkpRyWp3EtSYradX3fRXRRArsZoRJSKIRKDdkghSBJK7pSczJQINO2KcrJzXY2oRK11hqhzBTYNoRkaJ6KFLUEaplJU9Q2NiL6WqIEkK1JqqW4ZU5TRJHklkBIIqapCUKBJLllRhQicCpEOggpROBMCJpVZJWCIrIxDANhIYlMh8iW09gUqn3tut7OoGBlS9sREVEQkiSGacwpEaXryNac0zCViOY8OjwIqZSY9V0Gw3odAWgaBtMUpXRShiKkZsvpKZvSRIlCjilRaimlk2RZOEKTVUMR1W7OJtWui4jqzOZWqkIlgSQzp2yZZGu2BVFLhELKJIocBbeWma2VoihyemqZICTFNNm0li6SQogkRZYotesiAqOkZWstQ1FKlBJRFRSVcOY4tnk/kzS1ZtxyIiklStRmS1FCYJwIHJJDJd1ac5TadTNH0EancDpp2ZwZEbV0LZNAphWypYpCJcfWPNUIC1LCNhGSCKlEpC0xTlMXtfadFG0ahUtXC0StVWW9XqUNCqLra6k1QlKoVsmEJCWWiQikbGlsOzMB1QjJ5NQm7FrqrO9zyrRridY8TVO6FYVwdBEqyHYbxtbaVEqEwqQpQbRsbRqdsqBlm5qlEqEodioEbpnYXe2iAHamQrailDZNOSVErbV0fV87Q4lwyIlxhLroKColSE9DcyaBVEB21to5cxpWtkqJUjrhqF0JGQOrYUWiIpKQbIdwyGNmttqF7WwWjRBQSkdE2LbX68FEV7scWyqXy6WVstPN1jiMtXR9V1OaWpvaJEshm/W4LhFd3zc3OdPOMVOqFJySxpxIR+mmTDfXrgokKmpgZ5RapDqf4VQoW5taC+i6uZVOAjClRilRFNOUmRnhKVsphWZIg0qEwngc1q259n2g9TAFRF9wRFdpDSNStWRr2Vw+4aM/DOxM25meyFk/K6WUEqX2JJJAEWpt8pRTa25TiVr7WcF2gja2NxEhiUg3qXS1W6+OsjVCpZSuq0QIQsrmaZoiQpkNIylCUCSnMV1fhUrtur4oAjvtiAi5ZVuvB4X7vhuHYT2OzmbT3GRFiZBUiqSWjaTrKpTWplqLIVtDZGaNGl0ppdotE0RIJtMGSdGyyTiiteZ0FNlgMCVKZrYco4hGRE07irCxmjNqCUWbptKVqDENw8HyyM111kXpaS1pXam11lBJtxKhqKINUzY32aEotayGQaKvM0PiIEAShiS7UhXKlrZrrSgiQhEyKgqFnRGBIpNszWSokHZk7XuBoHaz2tV0ChUhhYQJgRQmawljp9o0ZDoMNkihIKIUwpiErquKwM5MOwjb1FJKqLVMZ9oKSSCc2aYpos6iSyxJIafDaUWpJUIRIYQIyaIoWmskIDtF1BpQcGJhnDmNo0EYIkK2nC1q1H5mEJbDToNbEgpUahjRkpAI0opQhCHTIUUVeGqjbdu1lhKlgA12timTEFb0XQXSDiEFGAVuKIKwKSWMJZxp20rSQrUo0063VMgOREEep1ZKbZnTNEaUKZubZ/08ojRnV6qDtBSOqOEY2yjo+k7I6WzNctoRJSLsSYhAilILTkOoUotCktfr0emImPV9OkkjcEg2QkQIAJVSnCgkYxlbpUTgtG0pJKlINo3mVhSCUooNslsmdLXWWptTtEyPU7PTgLPWbspJptbaddXOkGpXZAgRqhFObIIoUVRUAxE1SoSmaQrVWmojBaVWmYDEctSuCiWOUNphJ0gEKEIRspDtkFRKrTUCKcJOizZOmRMghVDDw7AapxSZUyKXUkyGIDMhwFjYmU4QkDm5Tc1W2lFqaxlFgYiQbOSI0hWQnaWo6+d9V5qbc6qll0RKMoTC2G6SZBtSqlFKCZE4qbWENLVWIoTCIoJS7KxdzWyZqZABI6m1DOno6Cjt2hU3FNgZJSKidiWdORpJRa05W0oIkSlRpJZjZkMKiaA4hmkcVqspW9TAatMUtSCROCBpmTVq19XWWmZGjQ61liZDSLYBlVKmcWwti0IhmxCTLTGrvZVTZi0R1rgenVOJmjaZIKFSS8uMkO1Sa0Tk1EotQU2ScImuKJKMEKiItGqt4JZIGaUztHFsrdWiTGMrSqlhnM5sTmcoJLKlM02msivd2KapTbWUUJRak5YtpRKFHNO2SikCSIVEZiuKNk5jjlELNiA0tinTQsiZWSJsVKqbuxJBtqlNOUWpUsrR5FCJEm1qoFKKJAAhJMJCRQrZjNNQFEjOzHSj9X0XUTNbhCpKlM5pWJNIilKakSiKbIkMRY7MhnBriFI77HQqomU6HYqkKUopxZmZTqcyJ9SpjNPYplYUEREREYBCAXZLkighZJSpaVxLESWyJVOWWorUWrMRTK01J1bUEG5TGkjSLRRE8ZRRFCFFZNq4WKXENLVpmmx3JbpSIyAjPaEotbqlpS7K2MbWWqm11BqoCGWk2tQmJZJsQ0aUEiKKs01TAwgpAkKhAGxbrU3OtLFVu6illlKi1JAEJSIUQ5tkWms0nNkygaJSiqZhihKlRBunJGd9XyKGYQpFQleilppkSKXUUiRLKJutBuTUWjpKqbVEKVFiGkeEspUSaRJHqV1EBFFqJplZijDTOBkDduuiRg1Dy4yISHezUkuHou+7KJ1EczoJ2WkyFQQRRekEjFtmZnZd13fdNIzjel1nHVhRM52Nri8SBUqtrWVXatd1aZOQ09RScj/ra6mGoqKIQun63qYr1aXM5l0QQ5sEpRabiDATaTsiNE1tGkdMZsrUvreUY07ZokRRBJJb7QJiXA+gbONk1VCp1ZktWy211F5ylNDUMhOQaeF536PoZp0k2wYsACbVCEUbp67v1uvluB4jSmtjH6V21ZmGvutntbbUsF6GokZFSUucUCI0TSkgmNcFtGkckEKKKKWoWC1dPvHjPhIY1oNxrZ1CBTVPlA7nehyMS4lSayhsSonWptV6kluSJbrS96WUzFQyTmNOKZqxJZUSUEoFsk3DOOY0WQTKsRFS1HAKAk+tobAdokEJOXFmSDalhgwQEApgtR6xFeF0KZWIAKGcmiVn62ezUmpUSGxj11pL6Sz3XS1RI9RaTtlK6SKUU05TkwghKVtmc4TkiFoq0chApcgW0JWujdN6dSRFVYw5BRjkLLXWUhOHIkqBWrt+VnuJREUFWaAoYxsjQlYaQl3pChBhexjXszqrfTeOgzOHaVouj7rZTLhlswVEKaWUUgsYJFmyaqcoAaodahhFhFRUKDFNzUlERJS+q8A0jWlFCQM2wrgUtfQwDKWUKLSWElFLS6cnWZaNMAEgAuG0syVpK8LU2oHSTNMYUkhRKjIJcinVVQWBcppayyhRIpDdmoG0C7WWGlURRiAFoTJ5FFEiWmsAwnaJMrUmUUoJEaGiIqnUonTpSinFtpyGGqFSiopKoAhFV0NRkEVM05DOGpGtJbYJKUrnbKQTpmmyrCgKUCk1QJCZRAgyLaczmxSIUFgAskJqOUWpoWhtjFpEpFwVDkgXFUEtJaRpmqZpnM1nmJBEpFotNWrUjMmjLNmQImSc2WxJtkmHFDUUcgK4Wah0tfRVqVJK1CiKsaUzBaVIpcPZmsPZMjMzUoqAsKe0sbFaa621aZpq7Yo0tQkpSkQpsoLItMJSOFuUipAtySikGgHgJKIqAEmllAShHHOYBkl96bp576R0YQpIAGkwshxRMlNRWroWhUWoK6WUSpQiAdiWkEMl7WmautpHhBQhyEByki0VKiGbzFSEQrJAKsVAyzEzHLUriogS2caxNScRpe+6EJZCRCmKaE6lJRGyIiSFoVjUIgnbAZIVAoWIqIhpGJypCFCEMptxRFEEcptcAmrFOaXTFlaolBim1nVRuy7tdJumsdYapWabQhEhy1ItSqmElK21lkgiMVKWWgzpLFG72jmbUwpK6Z3NVlG0zAhCYJCrKoFEKBQBIaKAFGm3lpkWIdsQUaSotSsRmVYaGxVhEROtSM5wKEqAQjJgSUpyGqZSigOnZQlqlKKgqDkFRUEoiiJK1NLsKRsCTEIoW0oGWmttnKKUUoudNQSgIG2pyFNTFEJuLYf1uuv7qAV7GCYCSVNmay1qkdQmpmmotUYg1Gylo4QIIWO1BqEAlVqK7WFckzbq+k6hoCAkTVNTaNZ1pZb1ajWOUy1dreEkuiDBVgmn3XK5HrFmfQU3Z445TmPXdaXrMPONeVcCKBEqtUTISoAksG0TRZkIgQLVUqJEZksDGeokTS0xLbPlVBQIJ7YDQhERllq2EupnfXNmWhiKUC1RaqmlllIRCtsKRa2RLZ2mqC+VCLeMiLSLonQFIp1CpXYlJEVzJpSolskcxrWJrqsFRSgVdksSkIQindlahBTFZLYsEaXrnM4gIhDZrCCESgnUsjVSEaEotYImEyAh1PW1lIosRdrDeqCoqqTT2WxZciYw62raU0vbAI6wHRGhNqVkbJzYSWZaiuaUkygC24RqBCZl7Km1dEqBbdsiIuxWVJCcEKpBKSXtUClRhtbGcQgpFDaZaSlb2lmilK5KkZ4yETEsl1NLSRFRokzjMAxDrbVEzaS1qdYuxNgmVEqolopMY8zB6YioEdkaQEQbpmmcFot5tpaZlAhpSrdpymmSQyGTOTmhlBqKtMf1BJlpm5ZT33VR+mma1sMaqCVqrX3tUknLcRyaW4lCOko4iaBEbXZr03w2q7WmMUhu02S51k5BZvZ9T1o4M8FdV/uohtay72p0RcSs7+bzzahq6eiKMLYialenaeyKVApIUTOzTQPQzfqudhKttWxp1HddiNU4eJxq1zdUijCQUUqJkmOmcxjWoFBE8TiMRmQeHR7M54tSuujr8uhw79Jea+nM1WqdbrXGej2EKF0n58Xdi6GIrmRLRam1ZDbVCGitJayXq6jqum5ytikjCqJ84sd8VMpSzLpOEFFq7TLdsrlNRIC7UoVlqVCK3NzGCQOqfVfkvYNDppZoamO2aTafD9N6HFNFimhtFBElIBRWKqShTUa1RJqISgkM4WG9rrVGiYjAmQmCtO3MaRim+WxWu4pUSqldV2utXYkoASllc5IRMa7H5hRSikKbspSw6CISN7copbUcxzGglFKiIGVmLbLVWpqMQq1dlEgbHCEUmIhS5Gw5jOPQ2qzvXaGpr3XW91NONCIihHCNrnYSoRrTZMuhUCkYhdJWBLQguq60luthLLVIEqp9J9yy1dLbKcW876N2ETEOLbNFqJSSzdmaybSdClBmIjIx4zhaKtFJEITCtmxFGIxtwiKEJEDKTBFFSmOS6EqU2awv1Mktkq7vaLYNCdieGjiyTZlWUEtRhITtiChdDStNKRHIYhwaUi2BZGw7JCTsxMbZMtPYLS0LXKpqKW4NZZsMihI4iShFfe1US2QaokSaTEdEmjY1IexSKtI4jMa164oAZGOFbJNuAiAUJYpKQeSEiovC2bBVKlJB6koguZiUwA4ppVDYChRFpXRVmjLTGSYimjOdza5RFCEgKaUIRQgrVJDHsSmIUkstNBPqah8lIpR2RGRLy1KUIkfYDQXOlols++hoBdRSjGRjh4LWxsypjU4iYsrJKchpapJK3ylxuqgYKBaSQiHbljG2gqDYKKdW+77vipXjMJKUWpAQNlaWUouUKKfBmQ5qqZiGW0sk262lFRKKEBISWNTQOA5Ta4pAgYJMRUQJp4STVCACW6VItLE1pxQKGZgygmmaWnMpEQoFbWrjOEJGkYqyORTCLRtBUVhq0zQNU5RSQiqBZDdwlFpCUSMiBDZRopROUteXWrtGhuWQkrQVkhOFneMwIIkoRc5M52QHlK7UWrBs2xKapnFsUylVUq2lZTa7KkqtNm1ylFCoRETUEIkb4JTCU1MpNbphPWRrpVZJ2abMNEE4pXFcZ2u2jWxqV0uEJYRUpMDuuy5KGcZxGqba166vRTFlIykluloBW+DM1nA2g2x7aqOzL0URTrcpoyikEnKoqJSuqyXSbtM4uSGi1FKU2UwGpdRiMluqKAzQstWu2uTUBKV2GJUqm3BEJJrGCUWpxQBSUS2RTWTKhBQUlSpUimpUUDpLLaVUhIVtksStpSyVQrapZbZMQxAuCEOEJE3TpFSpJYJmy05cSidiHEdFrV2NUhASRUVFxiBZUmuTp2mashUiSalKSUJItltTrRHRd12t0XWdiGG9UlEtPTRJraXEuB5qV/pZV4qcxiZUa2fbrUlRu97SOKUyJOwW4WyClCJK2Nh2NpFGAkkoIkopVWAT4NamMTOnUrqu1lIrpsmlBGIcJzKlUEgQNZDIphKKUoRCkgBBpt2yIWwFoVJqUaZqCVlQapFKy0kK5NYSOSCdJUoEsu1QqOs7RUCzJbJlirCULbEjEA5UayV9cHgoaTabR5FAmZajhlPCaZozFHIQ1FpRSAQISY5aFbKdpghFiVAtXRTZBiOVGthSoCoSKSQE5GocqghFyoEwmU4yVMFTy3Eco9auFkUBy6EaIbmlUMsJo1KrSjpLqOs6ExHRSGxZAJJEREmcrc36vvZ9YgUhJEWEoSgIjdMwDmNARIytjcO61ko6cyqllFqhdF1Bgam1AG4TQQhJmNWwdKPrS60lszUhKVTTiVVqARmwLGdLoNSg1q5I0Fq2bIIQCiHVEhGBUQmhqBJRSo1Smt2mplAttZQwHtZDW41RY0pP47rvZ6WWcWqlUktt6cxsLWtUSwaDUlGULZfrpdOldpKmcVJXu6r1ME2Z2JmOCAdOK+hLp1Iyc8qJEFNOY5umlrbkolK6qqJZ35faSdg5mVKKs03p2hUsQek0DeM0jiUiG41pWA2FZiJKjNM4jUMbh8O9Xaf7bqYama0o3HIaxxpxtF6VIhOz+cwY0fezZnJqs75HUkhBrWVsU0BEcUiin/VTehobKQGSneVTP/5jZ7M5tNZIUbvOzkBRS9/1EZFtLKUqytHh/rAcovayIWaLOeFpvR6HqUQtfVdq9N2slH5KF4oi+lJFKCm1dl3tozO5nqYoJUqNorG5Rhjn5KhBtjYZJCS7RAGcU0Qg2U5JhNMlSq01m9M5jpOCrusITeOACYFUomQaUkTtqsHj1ISMpyZkPI3rUmrX1UynM53ZMiSFhHBIEQqZ1pozM5GsYGoahkER834OkEhAqOvTHoahtUxB83oashERrU2llq5UqaxWR9M0hV2j9F1HFGdKjMM6ShiQaq3Ols3OjBIqZT6f2W6tFSkUKtRShd1MhKKWUoWzmcgopUQR6RYSCDvDgszWpDKNAyii1Fol0gmoSFZRsdNBqEzTKNN3XctmZy2VkBACIu2IqF0RUmZzRkRfe2OkCDnToutqYmUm1KhIXVdCilC2zHSoRpFtlSilq0UowBEhFUWAMUC6tWbLtRRLOAqSmdxsgYmwUVqSW4KFEhtbBJraVFRKV6Ypp9akKCVQlBIG20VGxcKZclEgaNMUpZYQFtgYS9huzmzTFBFRIyzjEspM7FJrqYX0OIzGiuhnvSTalEkpRSpRQDJJs4pITW0qpZYazpQVpSQuEmLKzNGqgT0OYym16zpFEfLUUsIW2NVuXT+PWjLx1JpbS6eoXS0UO4GiItHSIZWuFkpaQJIBUggh4QyFTDojBI5SAowVmtLTMNSI0lVJETGOGcpQwSRZFFHrNLXFbKEunC4hQmGcRKBMN8ZpnMYRZxsnqSDcsFyi1BJOVIJknFprU9RaUGabWjpTuNSa2do0TVPrak1n4ky3TOxA2RJFREiA09gWspVym6YahQikNqaDErLVprG1hJxa4pRKiRJRBSROEIgaNaSQ7FSEcJIlZMutqYYTSYJSStrj1KTMNBClFlFKUVURaWe2PiKiILXWQpHpYbXO1hSWoqVDImhTw+qKWmZrKZACsmVL3JUSEa1lS7fMgBKKLKWWUordZAi1KXFWVZwWzmxtCoOihlS6EGA5rJaToxSQiFoLthvGIUeUaZoEteskbDJomSHVWmutEaHwNIwts++7rvZtmmopEJJqqc223bLVrpQImymzloKzjQ2nSjgzanQ1Ak2ZtiQJlwjkaRzX01hUIkSmpIiY0ihLKLpKkyNDKqWUWrlMkiyCIMAGezLOqRkhd9FHYWrjuF53Xd91XWaW2gnZ2abMzCg1gtaaiK7KzrYeJ7euq4oisG271toyna2W0nV9rSXJrkatVbKwSsXYKTNNYzoUSixEI2pMU2utdV0JhyNrlGlytilKVcQ4TtO0JqSU5UJELdM4juOgEJIoKsioBpmZWYjSdUGUkBFCSSAFlsCEVIgaoZKtRa2QLQkrkVtK1K4XHtuYbWqmU02UuGCTaU+ttdamqRmXUsJpXEqRM9MoSoQBQqh0ESinpih2o1lFKgHYxihUSgmBM1vaU0TUWkFtGhUyBNTaGQwlymwxK1EjbIxVIiycCBI7p4RaOoSbp9acTUghQATkMLY2TlJaCgiFgqJASiwbQpItlLUUIBQR0RIyo9S+q7JUIiIyU6LWqlDIMqWoqz1uoTDOKe2MUhBFmHAmAYAUKjU0tomphcowDOmstYSiZdpG1AjjbC6lSAoi0ypIEdI0jp5cZ7V2tZbS1wIiUAQBpha1qY1tqrUovR7XKCJCKs12ZpTS950oQWQ2O4uqiizXUKnVtN2Lu+C+drWEal8imFpmyyQz+77ratdkt4yQVCBaa85UifVq7eZaQyAsM7llmnSpnU3atRaphESpw7iuJSJKyylKyWlqY3NRCUWUrq8CJ8M41L6rUYDa1YjI1jJtZY2u1mIi061NtQu5TC0jgpaZrdgmay20aZqy1ogIEZk5jS1blhrrYTTuazeMQ7ZJUKJk5mp51FpT1NqFndNqtKei7mh1UEqpqC9dqV3t53Uxk6JGadO4Wg+C2WzWL2az+WzWz2spObnre4scsy9lvrVpcprGvpvJStRFZIRQV3uitLTs1rKb97XEsF7JLp/wcR9pMw0tQv1sDp7GMclKUDWNzelxHKdplBlz6vq+9rVEmBzWh8Mwzeez7e2d2tVpSkNEtClVs/aLiFIiHIHcprRyyiTTIETaU7MiJCuV0bKhiAI26WyZ2UqpXd9LWCoR6TZMYynKRIUaGsZJRqXQmhWEcsqW2fVVCklRw0JJggCnVMY2LA+PitTPZmkrCsgtIWvXl1IVBdGySVKQScsUloocjuz7eV97RMvsuh6r5RQRLZtpQS0FUY4OlunW911zkEZCypa0pq4gSYoSw2okKFGlKEURCgUhRSAbecxhGqaptXEMiVpCIam1rLWmnNOE3Wy7ySYKqDVKVVcikKLYWaIrtUStaSsCe5omIUXUCKkg25YiQoGzgYw0tYYBk7Q24IiCTamliyJoZInouk6QIBwR4IgQZFqK1iZFSMaS1HCbGqlSQqUwGYWdmUYRUiZRooQM2Vq2ZowtAtHGUdB1tZFFRUFEQEgYcBpnNoWilDZlZrMFLiUiwqQUpYqWtm3b6RQRkkIqpdqZbralKnlM7HRmiQqesrnZmVFVoggyKSWmqR0ulyRdX5xuzlJias3ZArJ5mqZmVKKr1QoFTpzNDQlUQmCnXUqRFFKSkkKRbjkBZLo5KaEGxlKRwCql67p+1isigHCEQqVBEVJEyJYUpa9pQrQ2ja3ZLmAlkiQRCoGnqdlOnOkIWW7jQChCpI1lVEpImSRIlpTNhGoUi5CilKTRbDvQ1BJjKUJIUWsAKmBQCVS60tVQiVCUsJEUJQq0tCLSdmvpTAkDhCSFA0lFIVS7voS6rosaabpaS+0ktfQwDoJSiyRa2lYEkkB219VQWHQqKkil1hKltDbiRNjYVkBRVyrQMtfr9eRWS4VGCiRAUaSIWoqSnMYmFEVFpatVpRZDlKrSpjSOEkGEQlHGaXDLWgMFMiEA4UxE5pTNUYKIUCmKDNVSUYRUS5FKSxu3ad133azvbLU2gCN6Q1Rlc2YDW067K6VlOzg8rLXru1oiCInAnpzK1pwhi5japDRSFNUoUaJEQTJWlFJCsigSrU1QjFUKkC0RpYTTtmpf7SbJibOZzKmJEiqZ4zSloO96h5ytlNIgJCeTWxud05C2ooRCSixF9FGIkm62m6lh1U4lAlbrpe0oVeTUMrOFCplSlaTiiFoipLDpuqqIUNRaQXaCJEpoalNIJUpElV36rlRl4swaJBqmNaGiMk0tncY4UbGnaXIUSZ1KhCQixDBNLZvT9kSN1qYgotTW2tTGcOA0hsycJLpa0plpbEiiCgxdUTfri2opJcG4loICXEqptWIUsiil1hLZ7KBKicHCJaJE58BplYgQRpKsKAHObHKNIMk2TqVGidIyGykim6VAKiVkpyTbqZxa2hHqSi0RaUqEUEQZ2wRgT63Z6WZJrbk5u+iAoU04hRCZjlIUhcwEhTIlirGkKFFLKbW0KQVYJm3JiSwpLaBEOMJpG8BYoCgKqVlBtiwRtVZMZgJIbq2UoighpUGSZMhpaq0pShRkSwqVzDZlQ+GWbi1KlKgm12Nzm5ypghRgkVCiRlqWM9s0ZSicHjKzTXYaBM0ZSBHGSTpb2lFr7btSopawla0pFKWQtghK5mRnlAJuSRunNrXWspaQFKGEkEKhrqrUvpZAlBJmNa5DUbuaWDDrZlJp0yiLoqBIdWqj7dJ1AIpsU5umcZqMSLJN8/k8IiAklxJIaZJo01C6InR4dDQOQ63VMLZxvTpSxKyfEUFrUWRkqe86QUSIHKep1tLVSqhNU1SBCyoKy21IFXLKru9DYXBrzeTUXCxTaxcRY2vTOISUKgGZFkSUoFAoUaBMw1C6GvI4jQS1VONhmkrUOu9JpmykoxRnQ6qllqhRopYotYCCwAzTUCMstWldSx+llFq7rqrEeljXAihK1NrXvlY61LJl6bpFP29TawAKldJ1pUjCzRalylZmohiHEdn2arUqXV9UI2oUJZlTq1WhGiVkr6cxSi0f/1EfJssSYGez044SisjRKdfocLZs88Wi67omAuE0U7YopfTdTNLhajmO46KfRe0mj9PQbCssSYSdIm1qdJLaNNWuRNTSV2HVAJVwUZQaKBTFWLVEVIXHaVivR4lSipxEkCkCuZROIex0S9vpritpSlGptdQ+ncN6yGmqfQ+WQMzmMxJwvzkPJKQSxqVErV2SOTWLWmKapghh262fdTimNjSnAOc4TZJqVyS1aWw2KJAUpYSiUui7WmvJdC1FgZBEZgKhErVAuhmlpFKKZRAREkZgOezm4nAQKl2VQsJmGoY2tSgFnE4JCIUy7ZYqRFUBh1o6s0WEhYJpGrNNJUpmtqlFUVerFNM0TVNGKKRpGlPquipJkFNmG1UqShHGEOm0MzOdia1SLGGns00NoRKVmLLJmMy0AoElQI2EUkvXVQmLnJqTlpPtCGyLyMzWppYtpVpKLTWVpNKuXcG0tGzSmQ2DKBFOZCnAEUWSghiG1bBal1KIiFBEbVPDAhk7s3YdQRsnyULDOGS2UgJII2E7IkoppStSDciWSKV0drrZgQ1uEa61n6aGKBGSbLds09hKEVaIqNHa1MbJtsGFUESRcba0JAth22kDqLVRBqnrIiKEjButhJCIUiKIEJKUmbXUiJAUKgq1TCHbs1lne1ivSdtpZ0SptRABEkjGSmeJsI2zKCBqrZlEqO9mQIQsqkp0hQicltK2rZCMYZqaZE+aptFWiiJFKZkNu9YSCkK1CpTpbtZHGBskVGsVaWMbu3S1KqLUUiJEtrRVFF3fRym1yk3NrdbOdrbJIZsQaZsWoa52teswVTVEy5SQqrMZl9qXUqZpbJ4UERFRJNcpG7YhoqTTdoRqlDRuUzrX6/W0XiOkQNEAUpJKVQjchmkchmGcppxyarXWdMOSaE4jQHZrU1p9302t9VGISLuLiFoys4Ra5jgOSEjhBAkkKRSEgpYtnQDpCHWldl2XZhyHlpkmpIiwFQUcISylmxOFa+lKqNmGtFtrzW1cD0kGhSjZ2uHqaLVaIkUUSVJYhCECcpqmaWygUkq2tJukWqvtUkstXaYz2zgMU5tKKSU0juskS9Raq4oEEZW0wxJOS6UrUhTj5pQdEVaQDlBgJFRrjC1l1642O1urfS/Z6ZZTay5RaleMx/WE3JU6jKNCRUxTCkWREJZtRdRas2VrY9Su7zsRbTLKiBJdRIRAik4ls5ksXZc5tXGKErVUK1ubPE3NKXBiEwqJCElq2Vqm7MycWhvHFhEl1Fp2fZetlVpLVyHW46C0ImqttBymFhIlStdJ2VoTSIpSQzgVkqJKmjKn1pLWlU4hB0KCtKeptdZkpRO8f3DYIIo8jc3phmzhbEYONLRpmlqpqrWbpoYzSicZ3NdOwqlSjK2ulKiGzCmnhpyoqJicpqYAS7IiSpRpmtbj6ClbZiMhTJZSSwmyZXo9rEKl7zpFIEhQ2qiUIinITDnszNZaywAVUaNKJjPVcsIGY1TUWiOtogglBKohg6VSSigiIjPtBGdailrCDmTSUZAKrSkEkkMCwgZIUqpOS2FapmstKjEOo9tICaZUhAhDGjsjyKkFCpWc2ugWoUCEo3S1VKDWUrtI7JYep6FNtVQJt7SwwukQtRTDNE20RMKSFEhQitJM01BCXTeLUpFzSuyGw4oCaGxNqLVpGiaJUmpXitPjOCZNRU76WoytHIcpnYGANqVIomxszLO1ybm9tVVrHdoEIERIVSYiS5TMbG7TsE4nETmOQkpKV2vtAyuUSUQoPbZJNZTYWNnXPseWLVMKur6vrblNo2qNICdcUFRnRggrW3Z9FV0tJSKSzJzGYer6rtRSI7K1cZqEmqZsaRiHdcupRLTmxF3pJNJZKelUZnQ1p2lqk0qtEc1ODEQ6ShmGiaB2HUKimy1m836xWCA5E6mU0jy5tXk/J2QCt/WwTrecTI1Z36tEKUVSqZHOlmOoQHFBUpTa2rhcD1XUUtbDKqS+9qolM5PmbFFqrZ1KAZNtzCwRwuXjPuYjnWmPlGI7QjVKKQoFAtN1UVVNi4h0RiCEbdR1XeKilISDUC1VJZzZ9bMQU6PrupbTaj1IIt3NSt/PVCKi1L4rUUCFELRUVHVRaompNTtrVLmthxE7VELRWhLuonMEcss0SEQpU2u1lMDDmEpK14WiRiTTcrkuUu06RFEkyKCoNaQgZTdPGchpSZmeprGWWqNLT1IgULWNiBK11FIDNE4TQZHGbLZLKSUi04jMdDZaqITt1lrpKhSVcKbtWmqttZTAaraNoSiwCYGxp2wypUaoVEVUhUpfuyi0KbNl7TthowghglpCICKwcUjZprQNLckavZ12s20AFIpSS6m2wQZnI8hs62EoEaXrbKSQJEUpYTCUCIv0pAyHPdnIhmyZEJAokJR2m7KUiCiBFMKSBCiihCJk7MxIqQg5FCVkRWupUsK2iVpC4czW2tTSputqKaVlIyOdSWvNRaV2VYpUCkUpJktUhWwPw1qhru8jSijsbJkRqn1nZFNr0NrYMkoZ2+R0V6sUoEgUqiXsNMgBLZ3GEWHsTOPWxmkaQxGlZMsQgSxFrSWillq60nez+bxE6ZpzGidnlloVpZQIsDOdECHSCTmOI4AkokQxqVCUKkWEQICkUAVI46Qos2XLFCTItjNT0jS1zKx1ZhwKrNr3Xe2kMBbUUiMUpdi2pQjkiC5KWFlCERAROAGCkE1VlZwmW5OptUYIJDshxyQcUWqJUgKkCGSFgqLALY1bZmZ2taTJ9Dg2hQqaplQIROCWDktSFFCUyJwIopRs2ca0WiJZUxsTBZZduhrW0AZn1lmHlU5jA7KNQkXCmIad6ZbNDVDLnHKitVpridIyFQjVUtMahmFqY9pS9H1PI6UaCrmUSggg06moUWshCKmUogiyTdnccpwSsgihJG3nlM6WAEgNsR6GNk1Ro6jUGkGNkBOHZDXbOSEB4zjKBpVaaolMVutVm6bMFrXraqeIcZzWq8MS0XW1ATisVIqYz+Yts41TtgwVnOthBM9mfdSoEYkChyRhZ4qIcGuZSaGNrY120HdV2M6EWjvbJEVBURunTCRKjS66TA/TqKhhRVFEzZZGXObmdNpNEaHIzCAopZRaIqKSBJJKycxpmkqpzTmOzTmVErVUIjwmUqkVKTMz6boiBzBlU4mWbRomZBHGLds4TMgRkdna5FKCtG1ELR12iHGcWtM4DgaD7XCM49jsEFFqCcYpKXRRSymgUgKhKJCSMhUYhOm7vuu62ldZEaWUmKYp032pJgO6bl6ql8MwTk12MwWVruLAIJUIRZE0TVOt0abmtIVMTmlRikKRLdvUMptEKdHcApWIqY05TTViTLs5Ck7SpBMpIRRd3xWVtNswOSgEDjDYoVojqCEZlwg8DeNUVPr5vOuqsEGFvp+BW2aEktaG0VBq1KKAkKpElDCU0kWollAURWI7nTmMYyFUAGU248xsbWrgdLP7vo/AVq0lIcDNmZ5a2i4RqEghRQAhK5yJCDkTsCQUkAYBKGk5TQQ1OklWSEQoTQkpwjizhSJqILqIKJEQEiSp0nc1QkWFoES2Nk5jm1opHSKxIoxDKhFRakTgNJiW2UqEsZtslxpRKxYiMyV1tdZaHYIoRW1qU5um1rpSLNrYEmqtXa1d303OIjlpmX3flRIZhMOSTUgq6monAtkg5GxIOHIarOJsMqVGLSVKjOMoCRGWFNhOFMrM1trURitKF83TOI6g1to0Tl1XZ7NZKaXrulK7EkVBdKV2xc1jTjVKV2u2cbJr6SQigqBltmkU0dVoObkEwnag9Wq9noZF17dxxJZEiVJKhAQKDePYpuz7fraYpz2u1k5HKRuLmWo3jlNABEIRYawatYSktIVqV3BI4WzNUkSthRIy09S6rlhk5jCO4YgQRoqWE9CVTkXTNDJ5PQxpagmi2FlCRNiazftSCyUyM1tSSwllEhKWJAmpOFtXKgJTu44gIjIBOTOKJK+GseuKIsjWJqfTlmSgfOInfNTUmlFXiySnhA12dF0dxmZ7aKObo5ZpbBBdrUS0qUHramkoTVdLV8t6nDItqe9mCpxktkwkpFAtUmk5DetWSkhytjalceaksFQoOBnGsesq9nK5Wi+XXdd3s1lr02p5BOpmM4nMpCVCRClBa5L6fgZOgdPO5pSpEYpSoqu1EEonIKeN7RDj1FIplWanXSIwqZRciOY0EDCmlAqmMRG11ObMKW2mcYxQVzqViIiiUkoBU6UsuEkhBK6KcZrAUCKkWowAASJCkqIUMm1la4gSXeaUdjYnGaFsatMoUWuNCDAQqpLHaYTsuxoljN1IZ0QNSQQCZTaXOoMQliihiGiZZKtSSHa2qZVaSy20BEiriyDW01AdyEQJRVhRVdSVElEVEZKMa0TX12y2TVJqjQgZRUxjyzZFRERBkmxLkhOiqXRALT0R2EqwKVEiAhu3nIah1VL6rmazyRrFULqiRrrVrghlpjNLqchCIZUIm652i42NUirZAKdDUUo1dNh4mnJsrShKiXFq4PlshsJkFEqtKMahESqhqSWmlioFIkqJkNOUCIVlm1IqUikhPE1ToigFojXLdlqllFIihDMUtpwmJLJELUVpQpKkoq4Wh7Bl26JQojhblFKiINnOTIswWArJWE0OSBRdqaUUhSWIkEGtqCshcJpSSzrBGGwVbIuIErbJnFrDyJqmli0ty4FymoaUSoRMqUXGskSmp9YgVSICRZFkt5yaUCgQU2sKIKbW1FJRaC0zUfa1V42WKUlCJQw2zjQWMs2mRinSME3jNEStNeqUU7asUVomqHadIcw4tVBECZRYCkpU29MwRJSoIWQsYSuzYSIEjlKjRqYNJWLKhtwywbXUrtZ+1s36WanVZClhKwSS3SS1dBeKiFJrjYgSpZSu691ysiMUwipgRRTJzihlylRaNabJkmqoqEYJiuwUlFpLqVICESHCzqouamdSUCgZ4IxSSnRCNm6TnZJq15coOEspKhqGcWoZAhRFiiil2lZoPp9F6cIqESrCEKXrZyFJZRwnUJSSbWzNtarUWqSpTavlGqilJC0kQm4ZKgoiQiGZzNbVWS2FKMKZaRKnStRSLGVrTtdaCEnFBlMCFckRQajYk1sGsoXcplGlhGRlFx1C4IgABYUSNdxaaw2nrCS7rutLHduUrZUoKEWtIaNaiiQDQUSUGq25ZbbmKKolkBSAHAL3tYsSYKC1qdLVrjpTYUpElFLUptYyQ2AShyRVVTG5ybWqqKSN1XJar9a167uuttFTm0KqXddVEYXJCqlGKTVKkYwNqPStTUiSIwKJZimkwBramK3NZrO+68dhcLrUUqJ2fUWlFtWu62rn4nROwwRkmyJUSo2IaRoQtfSEWxuyed1y1nU1yuQEZIXsBKufdRKlVEmtpUVRGKdNWiUiai2B6WZdqMucpjG7LpDSrWUKW8JpiBJuaVFqyEowdLUIStRSSwkhRYRMZtqALLfMqU3gWrqu7xVkZmtNUkRJpd1USqhM2WyrqwJLQiITQqQJAmGMKIQBQhG1VITtEtVuJQpCjhAkzS2dJQpBtsmiRIClKCArnSUibUlCadvGIAlnc2vNRIniSIVntc9sXSmZHB4eRkQtxXZrHqe1IuaLedQiiIgSMeXktCAiMsNTujUX2aq1y5ZMGSVKRK0lG6AoGKZ0EFGlGhARZHNEZDqVtfaINjWhCDtlT5RSa6lR3BJUFIiICJQtx3EshhJFYdxaiwiVECEcXSdK2pmJo6haDK0VIQlJRI1OqkUlZdyI4paSutpF6VartTK7vktHrcrMbJYENKdCbZpwm6bB2YKYprG1SRE2ZKYtyTDreyJaa0W4kS1ribFNpIUSt6kZz7quljJMU9fVWmJ0GkTpZrWLmpnDNPS1wzmshzFTLbFUBHQ1utpntkxPmTWKSrFUSuds4zCtxzHXY/M0DOu+qyVinCYpkJ0ohGVlLSWdUYI0KpLUVSFnhiNbG6cRWkStRRRCUT7p4z+mRun64hSodhUwlFCzJQmjKKVkTmnXKAqUINqYSamF9XKV6VKqM91cu65lK7VAjuuptSy1RhXGZmqDnSIyM0qJGoFaS0kRYWsYh1CU0g3Duk3TbGNeanGmbaxZ14U8tiaFlJkiRKZFGpvWJqe6GlFqhEqpCoWK3ewUwm4ta+ktI6SCXbteknAthVCo2JKCEEDadipFiVIzE09RuqCUGna21hQ1ImRHqc5MMWVGRu1Va5mcoZCCQEgq6SaJhmVnA5UoQGsORDgklVpUFICMQmEsNLWpZaIIheQ0yNi2jaUSUks7pXAgRAgUbUohUNcVQjJgUIlIpKRhIpqzTa1GdaaQQhHIUlFRpNs0NUnINgqFTJQipUlnKVEiDLadLiUsxjZOrSFqKBVFck7DMGJqKQBKJ87mZuPmKWxqsRxJVKVzyhahSEpXS63ZLFEUliQSARZBCXlyCnlqU46lVIWaM4RCzkw7s7Vmk5n2NFmRLQ2yuy4s59RsQCVkLAlC6VpVKKthnVOLrhRFc8OWEEUBdu0Co4hsOQ1DqRWUrUkRMLURI2Q8ZXNLZGyVQIQAISmCUCiiBKGgCo+rdUQpXbQ2hcCanEIRRc5sjlpEMxEhKRBARIkSchBGEYqWVsMgbDsTIUkh5ZS2IyJbDsMoXEoJeZoypFCACZHZWnNmKVLU1qZQlCgBkhARxW5IMrUripBlZ2YKIsrUshQJpnEgakBAlGKn7RLRl04K27KnbBKBIkpEcWZEYE1T1qIS4cB2TmmYzfqQJNWqhFIik3Fa165GKBCSUGZmaypRS1UUhUopyCA7JBCSSlQkhWg2DgS0abJTjlq7EkqsBIxT4LTJKBFRMOBSorW0cKORbWrOlMJ2jaIS2RwYu0ZFiiilVtkOVYeKZJfaOTy15pY2RUUqEhElooaxwERQS8HCcmRYEbV2NYioRAiFrChhDMYC46JQKIwhSRshCZfShTRlsy0CvF4PXa0RMWULWWmTEYFUQrV2tYRtRTiZzftSIycbWpvsBCICCKJlujWFgKglhE0tXUpKRYkpJ0yRVGqBtGWDLdlmcmut1moJwmRXa+kiFKXUWoplIWBqjWmsfV9LmdywQ5qmlggyopZSbaZpSmeUUvu+dpoSsrXWWmaEJEWpdo7rZUg1aokoXS/ZmTWKIoKIKhEKRZRQRGhoY2vZlz5KyQZpRWC7pUI1qiHdPGTpShABTW5TUxTINpogpHQT0fd9KWGiqwUL4ZYyreXUmgFFtqH2teu6bOkpFZG4diWiSG4to0ZXS2sts6UdESVCUdLZWis17KS5i041QlJUtyxB2pkZVtcXFG1oiixRnc1g2zhKSRWQCtPUlstV5lRrtKmtVqtpHAW161ARlt2cbq2UbmrTeli3zBql1PDktEMuqkkWKe1auyiliJZKJhGlxNSydhWDs+s6262lIrJNEWG7Ta1NbT6f11qc2TKd2YZJoYjiqQWSjBVFXYRgmqacMkpkIuhrh5Rp45CMsSNCcmu2XUqEiqQ2ZnoMlclTm9JYKsglqqRhGkkkiOhqpai1CVQVk7NQooTwMA7YpRYua21ar5alShk4TZCN2im0Xq2cni1mCJxtynEYai0l+giKsKJEKTUKoQgpJSzViBKB7BRBM61NKgUxDYOJQCXCctpFcrqWSGfpZkVq2dwMaVS6goNw6WoXNboYh8k4RdSoZRZFKeR0Oro66/rSFZs2NiKMPE0OSQYJ3MauFqHMLKVgC4HBOY6SSw1kUERxjqthKLWLCLeh1q6UKF0NlSIkjatRci01EETpi01L+r7ruxkorZzG0Q5UQm6ZCRbZjFpOxpJIZabl5jYrVVJ0RYqcMhRIziylBBRCpRDIomQpVVE8tWFY2epK7Wa9FATj1BxRjCJKKXZOrRVJVV10QYOw3c1m2KXWCFCJEIrAQCjGJIexTVPtS1Epskrpui6iJjmNWWvpSoxpNZfalY/7mA+XQtLyaDm6bczn0zRN06jSD8OS1iBCKFRDXelTTG2sqHQdAnvWz0ofbUpwRDGtm3XYrSXENE04u1rGxtQmUYAodTbvsUxEqLVstFJrEI2chrErtXQydItZV2u2LCEpFhuLftatVmOOU993ijKs1tlSpZQIJ80pFFVBSAKDQiY0DWPLFkFrFoqIcWiZlrCjq4UgFNFV0sjYUdQyQ1JXQFWhUEFON2cb005li6ilhKC1SSFJrbUSJdNmKqotnc5aKk6rSsXZwJluzmLSqYgSISCQ7JQgJCkyM4rAJksUoWkaJfrahWg2WArTnBYqERItE8CASLeWJiGIqCWMQrRsEuECDstYqAgpaqiUUmqNUGsuUe0mS4psGUVAoNJJxpKCbLhlkWopYFAREqHSxlGqYImu6wQqkelxHIFaim23PDw4zDYhZRtzcq3FjrBdwpkGEbV00ZUS1W4tM0qNqCpSOtOllqAIogQ4W6pgBzRJaoigBCYUloxkI3Vdl/I4ThGKruLA1BJIJbCJKFDa1EKi1JDHYZwyZ7VThISQ05IlYQlFCUVEBMGUE1AiIjROmVOrtXS1OD0Oo2QUlqoKYkrbDUhatimiJJkto8jI2RSqpcvMcWwRUVTSqQDIbCrFmSBJdtpIIRiHqXRhO7N5su0kww6VFHYL0aZmUiWExnFKt2kcQiUiMFNzraWWmjkpIiWlJZVuXouSAATG6RQhhK0otZRAkmynU4qIqLUDicTZEmEhnCHZokjU2lUHApWCiCiemsC0bE2lKyE7gSkdqKhgsjWL9FSiAyEV1LKNY6slFFXCzmyWkKqkkKEg3MY2IUG2bBmhiKIwEdO6tTYisk0Ci7S7UiOKZMPUmkmsaWqSbEcIhJWYtBSAC7REmqZhapONIrDBRDGoSKFsKTKd4zgownYSXS3DODoppUhFoYicWiotaWgT2QIhGSKoNVpqaqNtQU6TQbVGIQ2SoJaKSGeStXZdrTgkJw5US0kkMbUkXWtRRI2STkEQk1MJNZwWRKlRSpumdJJG7mqFsBySTERIEVJrbm2yXaoynZlTm4RAdqpIDtOEZNeuKoqxE2cDKEXNobCyOS26CAO2FEpTIkJCksBIykxCkJkt07IAhY2g62qm06kaoZAgc2oNKFJrzVbUIofIaUqjUkop4VJkI5AkgUS2dGYDQmWchiKVKIiEorDbOK4FtowxyHbmJHURNchstuyWOY5jV8qs6+10Gpw2bsZAmtpHEAbJh0fLcRwWs16KtIsKKCKm1hC1RN/N7Zym1nLqFCmtxwFLgkAqZI7TUEotEdkUxRa11BASERERDlVCpcjYbmTtOoXWq6VRqYWUhO1pWg2rlcAWMlbpu5zG1WpZ+tp3nZ12g+hrZxinKdQiqiJUw5MIAkWpmS0nlyIrIJ3NKSpuCU48LNe1BjC1FCKbrdJFV6sA22jW96WrAWMzmRFRajGSbVkRUtiWpKAl09RUKFFMOrOUki1tFFKEp2arRGQyjYMzISScaWeU0tyyObpSSkSJWvvEzpTVd50ktzQWUVQjIqpsAVEQqrXrSmesWrpSM6fm7GdzW6NTgHBSidrVUgNCEs6grMd1Js0mM9Np26pSKWHcWlMEksw0TeM01a50pYzDYJMoJGFAtZQobk6nUxFyZrMFpQQWcpRCRN/1ObUURZVQtmzOEiWkUqtCMmBQqaVkNCY3R0QojEt0UUpEeHJmi6gRkc0KFUXLjCi17zxNtUDo6OBg7+LZPup8cyMxxs3ZMoolSWHI1tKTVIrjaFg61c/61pqdRSHUsoWwycyu67q+K0VImUhEyM5pGo0hkENF4SjFJkqpXSUCFArL49QU0fVVyM1ja4RLiSjVDUrIVpQaodDYJnCaNk1GfekkTdkkQqUrRSGGFlGjdP2sj64KqRbZwzhAFoXt5sxMiz5qkSyVriu1tjYWSYrMaZzWpZSuFqPWMhCofPLHfoxlJYhZN1dhGJoiakERSKUEZpwmi4jI1khQkYA0GNu4ue/rMKz29w+6OotS0qg11dr1VVEjiFCAoZSgZZSQjIEsVEVERGZLt6gl1DktyZkpQNgZZGvGs74z1UZBqREEplQVFRVINZozp6kZW0iSou96A4qu7wV2mqy1L52m1pyWirO1lsIKZUMAmobJmbUWwMpAMhaZ6QyFcLFTJRQFBCVkRUQtCKNaK2SohmxIu4SiBBkOhSJEomxTlKooOU0KKcrYxjaN0VURmSkiPaESpUQJSUJIhAMlLlEiIo2SWostRQpBqBQVPE1RamsjhJDABJDZJBJaNpmIWroaITcyUqUEtGxja9GVUMlsUAQIUICVFioyKEKK5rQ9NWdOUUrfVUk2drFNuu9r181VSjoz23q1Snuxsehql2kVSSgKSWYWBUFLKwiMFDUqchHZ1uPYWqtRHKSp0UmUUmrtlEwtFSKiRJBuUyKXUClFUgSlq9hCpXRRIttoO0oXJaLENE1YpoWdUjinaWryYjaLqNBaawphSWrZ2jSqlBLCIVxrl6ZEqZ3kIKhdLSrDlFMbVUvtutpXEUCE0g5ViTYZSeDJIAnsUjpVpnFsLbtaulkZp8nOruvB4zTYlpBApTmdGCcWkpRyuESJTBMqUQiHFaVGhFSQaoQJRNfVKEUKJJMFSukISulkbNuKUkoAhARAZrOECBTpKaSEbJnNyEL9rKMp3ZyZOFQLWJQSxjalqNYuwoBFSKUTCUYRaTxZUomSnhy0zFAYJRly7SrpaZr6ro+ibA05UwQRBSxkkxha7foIZZvGNrmlIYJaAmQoUSKUVghIuUSpEQVqBFJElGanHJZaWnYqStSuZiokY+RM2jRGCWwnQqVGEGlJqVIFRPS1iyLhbLlaryxKCaKU0DC0UPazGUKm73vJCSZCOHE2pFIKFhF2ZmtQcAq62iFSCoGUSdhdrRExDhNSKKY2yjiTgo1KF8IhkRAhl6i1q60Z2wIRtZQoSYoQ2FlLbeN6mKYoNTNzaplpZ5RQhCSkbNPY7MyIUkqtXUkgjTRNo3FXq1Fi0oRRKAqZrY2W0s7WaokopZQCslIU28agEiRu04jVnG1oSF1XQSU0ZZMEyrFJpOxpjFJmXYdorQVhN6hRVCMiSpQgVASKKIJSapGAMClkOzPbOErqas2W2ZzZSqkKpnEotXZ9l5lOU5RjA1SjlMC0nOyopUZQaydIp01ElRnGdem6WkuaCDWyRo2QUShsZyNwohKludFSAqmUMAARlNqVIJGnKTNVkMJmGifSfdeFSrMFEiakKFFVIKNNUyMihBU1FEFmZibZWmti3tVQWR2tDN2so3log1RKjWEcQV3fzWZdLTVptXTT2NJtY7GhiHEcJc26WQqyoShRu1IUpZQCSJKCEDht2yBJmTG1ESlCIqaccsooJUqE5LRqATLTpjktVUWp1RiTVmbrulJq70zLUWpBgAG7tRSKiBrFWELSNE7GtdYI3FpiIaSpjVFqV+rURoUkDFJNu0TUUkS0bKFwmygRUUqtmKlNEqUWhGlOSlBUogQUgIpMIVJE1KihVBSFQiZKKbWM61E1QmFIOzMjokYxRi1UbINDFpGQUxuzBdFaS6eiSFFrhwJn6YIUcleKQyDsEliIEC0boUCkW2ZGRE4tgrTHcRTRlSIpcxKUrkrCLI+OZCxaa5koUKkE2TJRqdH3NSJsp61QV1VUh3Gcpla6sjo6bK1F5JQN6/Bg7/y5e8+evW+cVqXMutk8CjJ0ES0IdSET43ocp6wRLsLUWmpXmzNb2iAynU6ns2X0XQ2hkC0hona1FFma1YpinMbMacyc9bXUKilKAckJCdGmKZ0YiKjhtFSKGafRRNJky0QUCzJRlRyEJJXS1Sqnzbgem0cUjcyW0zTiBmqZgZfLtdKzfpayTVUoUJIeo+urQrKQ7TaOtUQ2GWrXlRKZTdhIonziJ3wcLROLMBRF389kIgrOUkooVBRRbEjS6cyuRMvsuloimh2EQhElTZFm8xlI8nqYikAlpK6bhYpkyTXqMI22EOPQkMHjONkGotQISWHnNLZSJCQjojVaTiW6li2dXaiUHru5ZdLVrtZoNs2qUaJGjTAYpxN3pUqBs42ttSlFX7uIkFEEmTlNUaqTNo3NiSillpAcSLWrIdqYJkottXQKTEBiLIeilmJETm2yQm2cZEm0xE4bQ5gokU5ZKgo0ZRvGMSSFSEMYJwq5tamNU+0q6daylMiWxoZClBLONGRrmWRrUWsJrYcxW3OgEGkpVIRKhIRbOmrJHCSKCpiglFKiWJSozZ5aczqzJSkkLFNKKSrOrCWM7Ja2EJmZwhQpzTSmZCHBrJ+VEEU0HJLVstkZBM4oJTMTh2VFqTGbL2rX2dlyUmIREWCVECFCobAMQZRagXFYt5xId10XETaYaVwnSSInws5sDQiUIm2cUpGIUoSmcczmkBBVIQXQ3EoUkCRwjhm1jsM4jGMtpat9hGTZbWyJKFEIYylUIiCkzHRIYEm2x2lSayrF9tRGOfq+hDS11lqrJUilHFJEFBzC4VBEjTY2ICSJaZycJoKktQSKorUpFCFFKUJubVgNma10pZqowrTWStRSIiSgdF2JMmXiJAq2cTYyJ8siaiGKSkgKi2kabCJkqdaIKHZGqbZlp0kyQn3Xlxot2ziMBiHLbZoy3XWd3dbj0DJrV7vaSTWzpVNShKLWUAFQZFpgcNLG0ZaL3aZhnAKiFCJtlYhaK1FKqEZVFEnNEoDHYSRVaimhbM0tp2mKiK4WVFob3XLKVhTR1SKggJAiIgJnOhMjFUiRRDETiQLbgKwSilJB2MMwTFOqqJ/Ni2JqLachcUhIq/XK2Wb9rNba1RpRDBIBEqi0abKppcia2oRdogC1r25GlpxWm1ItQyGJkKSIOisxwTRMTiskSDtNRDgTUVQDlRISaZwtWysREq3llKOIlk1QFSZkUjizlmp7miakiEI2I6GQWjK1IUrXlZLO5iwliookqZQIIxmhkDJzNQwKuq6rXYlwa56GMWqd9VWlkk3U1qZ0ekqDUOCISGPoa1EIZEXmmLjWroQMbRwwpStSiQhJYaIqJTlbktlkpjblmHXWl1KLpFKcHsdRUkiQpRZJoLRROO3MiJrOnCZXBVouVzmNWLUgiZZT4pBE6bqkBer6Ok1tatmViuzmftaDMl272pVuGqcpm5CdIkrX5TQ5Xbo+sERUzWqPmcZWI6L2heL0OA5RSimROUat2QC31iJdanVRKUXIISGFWjqd0zC2RBJGotYaoShRaxkz5VaiNFs2oIgiCZVancO4XkdE6aJNzkygtSTcl5rpg+VRRGxsbNieWuu6LiIAUNd3QZCBQEyZUdTP5gakbM1pu0FEhOxmlxrGxkjYzY1EUQIpSpFMCyglhEqUCIWqOvW1jwg7FdF1BQmMiIiQbAmjEOnMqbUoRTixmwt2CGyyTa01d7WEwpqcqhFRqiVjULaW0+R0RDhEc+0LMnaJEiUiMQ4hUUqMYyvCTiEpIFvLlAOwZVlgMrPOuhJRomCmNsrGHtoYUUqNaT1M01oKQe2LrWxZ+1JLydbSVAEGImrtSkREUWutlkqRIpwYlwhJdjOqXcFyTnZGhLExqGUKMKFIp1sLyWDT1VJLbTlNY3ZdKaG0QkoynSWidtXGdma2KdNTkqGQXUolc2quNZRBkYycktLGKVyitsyWTaFeXXTC1FqBrlRgf3evVOE8e/b89s72zvbxaRqGbNVYCIZpHKeGs5aCIDIiIoqgtQbp8Hq5ysyuK5jSlb520+RUDsMwTYOqlG5pob70itKyoZh1lRSWbQhJUozDqE5dKc5stsK2UAKgqbUScsuWVimybNda5CwRUWq2BLAjAiKKQtHGqaogHPSzxTSOraUmL1eHfT+rXW/jlqUrBWFWq9UwrkpXx8G0tl6vLl3cNcwXm86WdoOAUksgoHzix32kQoqQKH1HpltKEZJBimlsIdXShYwYxynCEfVodXCwOhQRKqAopbUGzOczRcnMNmYUGhFBV7tpmkqNqbVhnDJzmhqi72opVQVsFYFxK8ggQxCo1jpNU9Taz+o0jCWiW/SC1to4JkwJ89nM9mq9DIISIY8t3ew0UihsAy1zHNdAKMZpiCRFtgmF8DhNKupr1/UdkiSbbM3Q9YW0JGdmS4VrVyXbdjqKVCNSpasSJQqgCJNTyyqZMJOQQsJRK2ln2q61z5yEJYFFtGxItZQ2teasRJQSUdJJkVuupjWmi7DIlpPtbJlZSpSudhEKCYRsapRaiwKnRIJDRZLbZHBLq5oUMm62W5YuMEoRCtxaRhTbtevSbjlJQVGbGs11ViOi2TmNJiJIoxAGmKaptYbCIqdsrZUuZJxuOdWu2m1YDchRJGRJdhtHQ1AmJ5YgVGotyLYlqYQNTmfaJAoponRRFYoIORMMbWoEJXrkKKUrRV3B6SRbTtPYWksjNLUsNQIpwlKOjYIcGGOFEFKoqLhYrZv1QtPUCIAQoYiwIwqRdilF1Ta1lsw2TRPYaYCIHKfWmuRSa6BmsqUiIFo2SKx0plsbJ6eJIsmeIKY2jetWa4miUmqpkbYSUGsJ7mohFArbDtVSuq5iMt3NZqEicOKQRBAmyZQkICKilLClEsWZbbJNKNo4TeOAI4qcVsiNzKxdjZDIlk2KGiEicbYJiCihKtJppJAk0imidrUgYJomCaencUwIpEKbGm6KaG0im9MWbmOCIkJF1VELGXYrgVAJIYycLVRLqIRQKAKIEqXUUqoUxrV2KrSpjeM0TWPt+lqLLAthJ5lW2LYClYIkowhFEdgmQlZCTmlSUaKUCBFMw9h3M7sN62XL1pWu7/tSSpSoUdINVGoZx2FqKSkiAhBpBVYNWaXWKEGCElG6rkaZpjHTpC1K7aZs2FFrSFhgSy2zSIqCFJC2SNstLSw5bdKOAEIgKSIt4aJS+y5USqkRpDPTYRwWkuR0oExP2cZhKKVEFLKBlE5huwRdmUmM4xjCCJAkZGEkXEtnM45DlA4sotQKsp1pSUghWlKKwLZLKSCcUrFUIhQQIYECKyQBUqCWE5LSWWyDkCJbSyhSrbV2UaKEIpV2hqKUEippp7OvPTC1aRiHWrupTeM0lVKCyLRTdtJa7btSIlOWFJRSwU4kMr1aLmt0CElIUYscLdPZbNu0qaWaTKmllkooQq21Ugqy00VlyoZTKm2aoiutNZyEVKozpVJLlaVCrUHEMA2SCIIIRQGi2IzjurXsutrPOmeCKRSVzBRMU5JTKUGJNNg1auki0+mMyJZCKgqppJtEUelqKQpLEiSlRigk1a5ERNQoikBAy2xu2JIiolOdMnFiSilIikBSSAKULZ0ZpRQEJjGWBFI4oroZIYkgIpyWXCShaRrTrVBNTi0FRcWm2XaCapBWFAkiim1PrdFKqULTNKVblCK5pSPISY0MQShCJUqUACvkiCBqLVIo5CQhQrJaJgK5qtpuOWVzFKIIVEptrWGHSAvsoKgjJEjnODZn2kRElB7s1tIOEaViT23KRshumQI0TuOwGqbMEFFCIRRqAFKJLsBuGTJWpuwJashEUdBak3EJSVFKTm1oA3KJAoktl4hIouuqhW1JEgJAkOmi2tU6jK1NA7IisKJEELM6K7U4MG4tQxI0pxChICLUsk1TUphaAiAkhN0URZKdXam1m83ms52d7ZOnzpw8c2b7+AmVMK6lt7FInOm+dKWvEZF2oWBnJrhlRlHnaDn1pYval1JapptNRhQ5m7NEQQVHKRG1ZLrUTqWM63X0XSndOK26UoDm1tK0VNQoSFKJbOmWpVRhyzVCKI1kklqrJEVJUSKkEBERYxsAm1qrQs0OZS2zdHpy39VaOzJLKSVYrUe3gSQikENqzbWUKERIpS7m8zrfsEc725QhapRQRNCmqXz8R38EEV0p2NnsTOzJ03K5iohSq53ZTEEoaulKLQoVjcMwrobS1xAlaukAA0WdFa2NUUops1LV1ZrQpmlq6ZYlwlFLOEqNUmQ1ZyndrOtB09S6Ultmc4YZ29SmVmsV2KaWvq85NSSsqY2l6yXXWgMJVFVUCbkZJSVqFIWiRIkCiighKVRqQeoihnHCjZDHZguRtIgSEW0aTSGspDmLAjMxRXSgaJkh0lGjEBKKCGSQLEkRte9LCTtrLREV0hak03YqanpqbSLV9/OoJTOjBBLOEKWWKBERdtoohDTvZrP53EbZiCihCGVzrV1XuzQtW6l9FGemIwK1qVkO5GxC6ip2X7uUMSYjik2mFZLUppQcUYyAEMM4kZ6y0ZqQ0xFRa9Suc7q1JhERRMmchCIiisZpOloeZWuhSDUUsmvtJEkqURTRdzWQJGcKt9ZaZq29MxFd7TAE2TzlZBC01qwEEjuzFGp0CAWSTETISe2illpKybTdnI4ohjChcCJhspm+ltLVWgoCsrXWsnWll0gnWITCtqOESigzVICECEIFUhSkgJa2MwIyIqKoZmvrYQwpSgh1fddyKqGoVfaQzdlKKbVWOYdxssk2GRcVSqAoEqFSSi3VQZvG0pUSfZEiIgGbiHROY1MJKZytpWuUrq+SHArhJDNRTG1oaciWzbai2NgiwE7bdi1lNa77rkSEje3mLLWDUITt9ORmSbbGYcCqXZfONrVpGqdxArpSTaaxCCkkA1apRYrM5kyBiqJ2mTjTkojMFFFrsWktkbFKrU5IK2pXCiCFpJYgY5qd4xRRJI/DQCgiooQULTNbEupKiQicWG1qpdZ+1kdENmeO2UwEZmpDc9YoOCIijCODyBzTxkSEoESXMqkU2KkspdaIvq8tp3GcikqpMU0JLhEh+tqVWmVPU0oISygDuTVDZovWpoTMqSul72atTV0tJsZpyMSS7FCJgFBEtGlKN0WQ2A0shQKMSJcSilKKQpnKbER0RSBFzczWWoRCkiTJblhp1sMARMgJKEogZaazRY0SkcZuKqV03TROUaJEQRERmNayrx0RUaKrYas1hyQcEdmaQrWraYtQ0Jx2iwhwZkYtXYmQxnEqJUIlqkAonaSbogg1p2yFJDU3JBshJEAKmkkDBFVBqJQqmNLTNLllrbUrtXYlncMwFIUQwjRnSCmUmUDpAgCXWrpZr1BEjSLSohi7Tdi1qNbaMhUupbTWbAIkTdN6vR5CUUpMrZWohEqUWjpFtDY1Wlc6p5szioZhmqaplBJFUUqErJBUSqkRpVQJS0VqkuxSSl87kDMTjETajqgySEjIsqJ0YactCJEJzohSoxK0bJ4yAWErAhGEnW0aJuyoITQMY2ut1NKVkhREkUqJlnZrSBEx5ZQtSwmJyS1QcwNKiVCEotQiy8pMcLachmG01JWCClIpRQWlnWQ2AIFkXCgKTdOQU6KQZJvEwlZmCwUhCSEBEsg4Sg1BkQ2oK8UwTaPBaeza9yWq5BTZWnPWUu1pHMeIUEjYSQRSTNPaiZBwKaWlcxqTFEpo2cZxyMyuq6WUkMCtTUImZRPR12JnZraWwJTNmaWWUIEsxsiZChQhRQmlW1BUYxoGaCJS6SRM4nEcs6WClpZEmkShTCSis1JJRkRYESFicpMpEWlDiFRGrQXCpuVkW2CcCXYpqqWk2zQ2BdOUClRLCFCgtMJWREhp2zm1yVNK1FptZzqnLCVqV0HTMJrsasGgoLW0a981pxJL2FPLMSeMU+q7jdmCiMx0upSa9tSmgFCpXdfVTiFsIaIgbHB2tUNMU5um1nWlqyWb1+NA82xWa9e3cYqQggDENExja6Uqx2m5XtaIzJRVuw5imsZMd7VaRIQUniwoUU1ms92mbBGl64rMlE3Cdra0U0UKMlMyDsttmqZpGsapRkQpocjMkGrXqTgipKi1D8nkmKgkVj+f912voohqAHe1n/cd0jik5ZZJIMo4TZjyCR/zUaSnsY05lVKsmPV1Gpuh1IhQKaFQa9N6GHELlWGawERsbe/U0tnpbDZQsGoX07Qex+z7TuGc3Fp2JSCmaSy11uiiU5vaalgXRZTSpgk7WyKvh7VFKCQSF5TOfj5z+vDwqPZdjdqcEBEutdSomdmmxFlqhUA5TVObWle7ftZJ0TIzgYaiK9HSw3olKVSiRNcXRWktZ7Ouq10j23qcMiNKV7taq+xhGuwsXYlScJHTWKWEIp3jOEQJVJxphd2yeZqaPUXU1qbWmoh0ilKKWsvEEUWQaWOwhEwpRbakaWrrYVApXSlWgI0jSihqCTuzTZNdIrpaVQoSKGnro+U0TLV2OZHZolYkS85WokQJkGwDChElqoJaC0BSamQaZ6iWGgJFSICi1BJS1KhCqjVCZXJO4xgC1VoDCjgUERKBHKh0tZYaUGuXUFCJIGiZtmtUhaSwiVIiau1rKZHZFKo1aj+3W7phSTG1ibRDXdeFlKYQljHDtFZKUQjknKZURGZahAqynZZKjYhQIUqtpY+wrBKlyW1KQKZ2tZTAtEwUEkqBCloNq3FqCgDbEGBDrX06x6mlG7ZKCGU22xZ21qiKsE261NrVqihOZ2soIoJsDddSIwgcoYhSagkIyXaRSilSlFrdWtoKTZ6yNamUCExElIgIMG2cKFKEDc5S6tSmTEooW2tMNTqFcChCKGQh7NZUglCZxvVsMVeWcVpFlFL6UKiQibMFlYLtYRrDRCnObM2q6mpXawfYJhxIiqgBKFSiGk3jMLSstaoUhFDIpVQVmYwotatQcpqm1gJ3Xe36Hjkzs01IaUW4RkW23XAbR6x+NpvauBpH2wDpzBzH9dimxWw2jtN6vUYRUZAj1JXITHuCsFNSUWSmTOk6InIcp5ymqSUphWyp4JSk4oKICHmcmq2uFAc2bcoStZvNQ3JrDmXLcRpL7cY2rdfDYrEoUYiQhBwqJYRlrK5CHh0e2q61G8eRREWKUqNEVWtGGVEUIXtqU1HpSkdR4nCULohwNkWppRaEkIogJJVi09qUpI2CoqIgs2VrUCZPbmllrTVKEUqnkWTbGdFFLV3nlkYopmGdclf7iFBEkY+Gtd1q7RQSamZqU0SUkFEoSi2lVGGSdIYCZKhRQiEFUzMCCJVSVYubjXFITGMrtWSmpza1KaJIdiNKlSS5ZdqERFgUSaVWAuzMNrWWrSGXqDYt004MIqJIKMrURqMoJaSioCgzp3FyGoQ9jONytSoulMgcW0tFqNaI4sxSqogIOT220WkrUThdSpnNZgqFAqy0IizGaaSlIpoBl4iIYrsU1ahERNLSRSEV5GxkupRIOy1jLIVkG4XkTEyJKEUGAkkRBSHcsk1tiqgRstMgK0LANE6IkEMlnTIqRSiTRpMiTWZbDesSKqVLyNZCdF2HaU4pMts0TqQlbEcpiighKRSWCzVCOWWux5FGLTIGKUqolBIRAdjGWLRsOB1RFGApQsp0REhQSihCUUqkwFZABAAoJEkRaSdZQ45QWlKUEqWQGqcGmrJFiRJFhLOR1K7aWYqkQhoiAmckDRQR2FEiQq25YSlxlAiVaFOjZUSUUsc2tpYJmIhSasnmqU2SJE3jmGmBImoJoYiIoI0TRREFUgoyVShRhmEw2ddeXRHR913f9bP5TDaEpKKS8jSl3KIERSEBhEoUpBJBBAKSIEgUacb1upZKIadpSkchorQ2tZZYEfSlKMJ4mlobhhIlSnVIAmeJUroqQnKUAo4Im2Eau9opakiSolRnOiil5NRWw4BUIxRd2jgdIbt2pYtCcykFW7JKKUiluE3rccKyw3KUGiKglhIFEeDMdKZlSXbDHoaVJImc8mh5MKzXY2tAP5s1vF4tWxIBCkPL5paYKBFEykFEKbWr2ZrMmFNOTYqizp7cEnCORoQAg20jbBQggYPlcpVutXTNU5sELqWk7QQnEbUEUUm1TEldrWk77YZDUUIRoUAEpFUkbKedDam1Ng7j2KYa1aIUdV2VY8phGFZR+vLJn/AxoHGaaulm89qm5nSU0tUiIslsDmmc2jSNw9jIJjS1IVQWi/l6tTSqpRgyW6hlGmMhFUzIQ5sUCkW2plJUlM3DenRSu1JLMQzrIWph8nq1IkJSrRVMlAjViHFKbLdEZKYsiwLNWWoVGDVPspqz2Tj7vpc1TWuQWwNNUxuGISK6rtaolgGEW5aullozMxylL06cGSWQA6illCJJqLVxmpoNwkw52ZlS1K5KRU5bKsp0KKLEMKwCAa21rhZF4JSkUrtaI6KU4gjbFiXKlM22bKBGIMmMU5YStRS3HKcpM7OlbbvZlFA6nam0bYpCYailSgrhlhipEACNLLWu10ObWu2qcGvNyDik0ndBpDIiICJkqRhCYZpbNCncmrNNtls6JIFUsCNCAhXRImopXRRZFiFMtmlqDmXzlE2KTBRqrUUtCFpG7UqJdCiiECVCIjNLlKKIGkEYlVIgSoFa1ZIioTEnhDMVAkshEREhFAWFLBvsNIEstXSUCIUSOwOplExPbZQkIVEkAUWTG3YtRaXYCdU5OYlSQuQ0ZWYJYYynlhKyTOIoXYkICRHpiVKKCoEiakSzbaKUWrtAaSQhTeMwpUNKVEoYybYhokQxliVEUYkopZgMBeBQ4pZZi0KSikLT0FQARS01isBNUVQUkoAokqJ5xIJMUxSttSkddpQgVFXBDieWhFRLlKjIKqGg1g6EW+mrTVCIwEhyS5JaizMxCkUJKUGkEVEoBJbStk1GEUJylFkUtZa2WxvH1oTBUcMg5Ewn3bwvpRSVrkZEjYgksUuJUNTaZbY2tQhFiCgBU8u0MVEiLJsIlShR5LRtk0moqFAk2U4yEKglSLUKIVMjULRxMllLraUzowOpGJwmFNIwrFtrtesVuNmyEJKiILCFutpNbXKzaQqVIkXtuq7vqxQlQiilriu19jgFJt2y4JQMnjKdUUrAZLeW5BSlKOzmls32MDThUjskoWyTStd3BSBUotZSMh0hmWyTcO1nSo/jIAEiKCKbwTUCiwAby5NLVBVs8DROY0hd32XaQijTJWpzkg0CEocwZERJ0doUGEEpZNo5tWZbpFNRFBKYtOVQiVARDUvklOlmu6tVuOESgZmmkUYjI6IrXXNi29maW2vOjIIBCxRRSqGUqpAQRAkB0VUZZ7ZxoKgWTWOK7LqulKiKYZymNpEmQCVCbWrOlIhSuoipZVqyo9aWzekIRYRUFMppyqlZdLVzWhGhkGJqLd0QImlubQqJyExwKwjcMkuNrvYSCCdJttYs1QgrmNycJZRoGkdFRImI0nXFVmZDpZRQLbiU8DRNoai11CgARAlKFKVKLbV2UYubbZUIRQzj2s01yno9rNfr2XxeIhwAImxLctpOrPU4RqJCREQJUrUrJUKSbSQspzNbA2cTpauRdkSE1FobpzEUoEDp1rJZKpJJ46DYGZCAirHtMEIR4QQBUqi1KZ19LVFKKYERBpqJErVUKWxHqVFFy4nWRQUnrqVGqUjjNIYUpcqOGkExVqh2pZSStp2tOSJKWFFInHY2VMAlSq1da621VkpRFKPEoUhaNtcSEUWmNZdSolQpolRwS0mEIiVJteujRAmNwzoKtXagKVN2tnSmIkLRpqmWLmpBSJIE2bLVLjAtjcm0baSuK6WvQTGkpzalpyFqiUgpSkRINpmupRqcrZbqligIF4tSaldwtjbV2tVSnI4STrfMEiVqldKWRFdr7bo22XaExmkcplZKCWlqLaKqFECOzJYGSDdFhbCKcGYO4xhFItbD0bAeF4t57fq+9pTouljM5o7S1W7Wz0sEBkWJElH62aIiZ6pEKVFqF7UUIopKraWUxFHkbKHoZzPCQiodpFEpxbZMrQW5lh7Zzui6vnbj1Gots25W+y6IaRq6UhUahyHHqev6xayvXSdZwmRrOU3raRqnTEl2CzRliixRE0tSrZnGcoIoUSWRRhQJKaTW2jgMQl1Xyid+zEcpokQUhUJOT+MYIUtAKIZh3dLgzfli1lWKQmqN2Xxm5fLwMIK+66a0naV2IXVd15rX6xUoShcERLbJIiJAiKjRzzrQOI6SIqJGKV2JWvtaFaWUKFFW6yWSFOnWdX3XlSSH9boZSev1YGeNLmGaphxbqdH1s1pKrTVCUzrtWjqVsO1srbVaFF2PlI0Sioj1euhqNw3T1EaJiFJqBdwSsKRQF0XyahxycmZ2nUJyUmslSgnZVglBm1oouq4WVUVOYypEKRiiRJGxTVBCshpWZgallrDslKQSUbsaUZy2ESDLCAHpLBFRSkgmhWyhLKV23SwicKulKiCdmZYoQaaJzEkmUHpyy9J3GKFSihur9bIrVTWGYZSEc5xaEA5CSjudMklm2oltOaUAWjoU6TZlCwkCEZFtMsaSRMustQsCHFLYCFkJJeSWwzTJEJI9jUOpJac2jqMgam0NnAqFwMZjNpUSQiaFqkopEUhESKAQ2OvVlExddFExMeVUojbaOA7IRQVIp6QokWlnSmGF7KAQSpyZEYEpXSkqGBSIvvZd1yUZoAgRaQqqtfZ9hzQMo7OVKDhtt5zaNCEyU0SJQOFMTBGK4kwFklq6SFgqtXQERcphnBA1Ajy1LBEqoZYQEXLSnKV0SiVEqNQiyQKTdoliKwKpkKhAKc50pmlFtTmncYxSaq0CIEqppUoySIIMFQkpnFkUpdQows5ENo5hdTSOY0SpURKmHHOaao2QDCGplFqAaAlYSCXcWk5ppECliGxjE8IpC8h0WBK1dNGpr31EaW62iqLW0tUuarhlZk5uIUUJWRERERRsC81mc0VgSoDJzMyMCNLTlMJRCrId4zCCFVFCXekiAlxqOG0j3EVRjUipyHIm2SYpalcVmnIqFBNgspUaWNmmzKxdV2pgTS1DUWt1OMc2jgN2hBQReGpjV7qIaBO1hqFNrbUJG2lcDQZCWJk2iiCtIghlg6BEzWaUgmZko8C2XfuugEREhKVQlCrSjhIlonSlWG6tIZdSW6ZRKcVgWyGVKCVQ9LVKmrLVWoFxPUZRiSIASlBrH1K21lo2u0akDa5dzUwRTkcNUKYFmU2o1CJFKbWY5qaIkNwm292say1FRAmVwMrMKMI4rSjG09QklVKQZFvphMSiRBEoCAlSUQKljASBbByhEkXUdEsToVrCaUtVIYVhsVh00amUrqvLYd3SxjgIS6HwOEzTONZSiAgB6rveitXREbTSdbUrUGpIRUVRSiFTURXIksFp6GptmXaCTKbTQhE2CmG75TRMiNJ1RWE701YETC0T+loVETZFASqlFHWlk0JCiqKSZppa4FKKIZCFIaLUIgelVITTwqWWqFWK1rKNYwnVvgO1ltlGKfraEaq1oyiQFBkmhUEhCXBOq/V60c9LrXKmExMUwmSbpglRJMshS4FRyLZwSA4CYRMIpmnK1pCEszVDSBACE6VQIjJTJsFuJWo6bbCNFJQoElIV2IlCdmKB3bAIYzACRQgFUORmkyVqLRUxTS1bAkKhsI0cpZNtt1KrCAM4aiiCUC211AK0bDYlIhTprCEbTKnVLRWhGlGi5RRRAUVO6yFJKYRqLXYb29jaJMiG6qyrJROy1VKczsx0ZsuhTTmNiFBgQkiBAisisGutEcq0QrVUmSiRljBph6tC0WXmxd3dvutni9k0tczW2pTpCFrmlA4puopxs+1QsU0Im8haakSJGsIqNT2p1Bqa1qMtZ4NiLLvr+mEcM7PWIkUgZ5taKyUKMQyjm2tRa+OUWWsJFBG1ltVyTHLWz9OZzmkYx2FKU0udzztFTNOULUtRKRGKzKZCa81udtj21ExzCjxOY4RqdCplHMeAKVtImS0ziyJqETaKwM5MCxSlqCBhh1SKcK5X68wsfaeoU0uCrq8trSjTOE6tyepnfVVHOmpE6aa2xip936ZWamlTQxEip9EmWxOOCAs5FTG1KSIyM4ISXTfrgfIxH/VhXYka0bBMRBFSjXGYQqpd16YWcqioi2EcaykIgXNarta1RK2dQpnZ2uRMp6OWlmNXe9uttVILIalIJbqICGcGERGKsKhRTGvOUmqEQipFNlJARhS3HLN1tSgKSem6WivpKFFLBZOWMpNSNE3NoRDr9dBa62u13BqhMNRaizSOk1tGuNSazpwSy8qAzGw5RVFXKkSUELYBWjPNkOlMIkKl1lJLhDDYIKC5ATUq5JgJRlFLmCxRArUGTBGyDOHM1tLhtLAgjXJqmVlrnbK5NQWlFEstm0wppda+KzW6cGLc1Q7UWlut13YTtfY1GwYVlVIVhoAWtZRax2HoStf1PeQ4tYjoutIyp2FKT7M6Vygky6Siks2SkEpIJSJKrVWlREgRUUIKiMTpxBkRCOz1NLVxjHCohCQIBSFJDkkKySASlG5VVZCmjYNKKaWkmbJJkm2ICBEqkiWEImDKnIZRRRGRmcYKgaRAShuylgqEIo0gojhCuKjYmZlNVhqpU0SNiIgAKLWE5NZUawFwa2mpFAFuretqm5pzUt9hZ3OpUglJFMbVlG2az3vVitJTNjtqBHIiWRLhbEZOITC2TVgoolJUoFiT00mgruum1qaWEURVEM0paJazlVojEhxFpVShltlalhKZBkEKgwQg0uk2tQaKCIsSEaVIQpKwpEwiUGBPLTNdSykRU6YQdstM40y3RtE0pRRd7VRLa5NkgSEUTJkkUhoskUGAbEseWwKJnZYxZGsJwDhOxqksRFSV6EotVmtTkkTgYBjWcjhtN5t0k2mt2Q1ToozDNE1T19UU2ZrkNBUIESFURHTRxpxa1qpSihUIIXB6ymxYUaQIRUhyEiEnUsnWkIoiSrRpmsax1K6A00TUUqecjOezee1qy8QRRYQyTQYicdoSEdEyZSsSB1FUwZ7GplJqFENrLa1pHNNZSgkopRKAI4pCQgjskEyQ2VoLIRWkGjJAYJWuRJR0jtNoy7IQmAxsJEOxSlHLJquWKCohMglQCSNwhDDr9aBQCdkIRe1qrcA4tVDpSyFkA0pMosCiEKWoqBghTdMUESolM6dsdiul60q1EJRaxrFlTqUUCAlJUgmp1BARgUJdqWCEIkoUJjuiBBEAThBKGUcpNUqUwJRSsG0jWjanAafXw5SZpURIaTsdtUYEdik1cIRkpmkqEbVGKbWNo4mur6WolNr3fabtFiFFiJBwy0Syx2lwOtNAhKJUMEJSOkuRkXFXqlRI21JQuq6L0pwlFBGZLVubMqc2VqnULkI1CmEnihBy8zhOgE26tdac6WzIJWqtXWInSDalRISmZhI7Sq3CzcqcJFAIECqqqs0WzrQiVEtXo6Xb2FTCjYKqUAlJCgRY0zQRKlFCtCQzMV3tWuaYrUaRZBwUJIlSSonidGvp5lJVajVkWlLpOoGiSCEpiFrLlJOnjFqA1pzOWoukTKcdCkkmQYCIiJLZ0pRSFCHI1oQIy4ScCBlJmAhly5Y0pmzNyTRNzTgjQLLAHqcmp41NV2uJgkQoQl3tQ0E6oljk5NKVICCdljSOk6Su1oZtK8JpZyJLJRQplCCm1sZp3capq3O3htV1XRQ5nDlNU1oRClCEQtH3/ThO0zT185nBGREIE1FqzWyl1r7rhvXQ7IiCvR7G9CRjZ62dQuChtbN337vYnG/MN8ZhbDnJqrVGlJaN1tJZa4EyTYNE6Wu2tC0Rqigy02SJ2lob26QIUOakKlmNrKXUUhSys0YtoYCWaTudtUZUVUWTSlEbJ1BVsZ0to5Su1K5WQ7NBkmwgW7b1MAB9P7NyGrPr+zZNh8vlOI42RQEIRVdtQsrMNmWJkEpmG6ex62c1itNQ7LSNMyemHJG6Oqu1CNVS7DZlmkSeRg3jGsvZVGqES5FQpWRO4zimXVTsSVJ0dZxWZEjO1lRqQKlVUY4Oj7LZbbQVIdXIxHZrThsRimmaVkfLvp9FxNQGp8snfPRHSnayWq/T6TCGVKlRuwomXbooEeMwQkYJoJZunEZnlFpL7WpXnQ00jhMK7OVyVUspJawotdgKhSqFkpMhx2wYQVc6hYb1OscWtWKlM61xaPbUdT3ConZ911dnAopSa5VTJYoiQVJXuzqrdmZLIUJFUWqtXZ2mKUREZLa+n6mEQKUYtWmapowiaBD9bI6SlCgghwQts9SAsFxKtciWJaLWGlJLg40tpGhuSpVSgGFqbWp9P+u6zumQFARSKSgEbkgupWbSptF2V2vLBq6dCCtKKNKpCCkkhmGglFrVWptaKsKttczEIcbWwoRCVVGKM5EjQjIpm0CldnImSIWqoi49TVOrUaBEsUrUvliZUzannTRFCUKkFaEII9vYkkpXKwIRklwjImqpxekpWykqpcqhElFCJUIRIZxYEZIC4SQzgdp1tZR0QszmnYSkKBFEQiBJkIqwwSaULY1bc60lFK01jBQEyOBaOkWptWRaBEJBUUxtKKUKtzQK2QqJoEoQJUzYYFtWqiqcthQlaqmg1ppQktM4ZDqiZGaEbGQZT9OYaUJRQqULoVAoQrJJEM60pIiIKNlsWYSkNrXWUkgi07ZbtpBKUcPZWuKiUEQT0awIlEW11kiKbZANJoF0m7JERFGAVCUJFDJ0XZfZWqbtQLbsxNiutZJMLZ0pqdZqpTFSZgsVlQI4E2eUUmsfESVUuppktkxn1/dubtkQSEjCoNJXRSiEyAR7GMfWWo0gaEmEKCoRisBkDuMwRQklBtlKTZ4shZTpNk4OaldtJBeFQoqStkyUgtTVkjaZEZKDItslomUDR4SJGipdQdGcsrGlyHSbXGofNdqUoEAmx2lYD4OtrkRzgmutipLN09QiIkoBO9NWVNmkLUVrk9O1FkyOU5RSCpFMbcTUGnZmOhyldrWGCCmwrCyhRDXqfN47DXS1qqpajXSG05KiyKKlbdstIkrXgdMZAciQ2ZzZ9Z0J2zJRAqcR0NwihAEUxSgElkMAtnEUyWrZgpiczgTXKFEkotYqeRzHzNbV2tVSakGRLSNkYxwqkptda7EAooREhBCZObVJihpCwmRaopRARGgcRtu1qwEtm6IgTJBJRCnFpuUEigCFAEp0QsIqpRK01pytIeyIyHRzK6p22i4RaWcbBVNmKZFpy9lam8ZEzgRZtDRGwWq1kqPvSz+bhSKbS61GbRplxayqhMGp1kbbgJPWRoewbUJYgQqA5bSLwBIRJXFURalS5JTpBjJB5jC1WkophVCaEsV2m5ozW06ZNllki8y0DRKklHbtpFLJlo1a+1LVptZas9OJyKgRKHFrTThqCanruohIkjShrnaSM1trbi3tLKGUo0gRzrRTuKWnNq1XqynbfDYrtdhumdkmk04LoJQohGzIJKwSU2s23axrmcNqHVFqX3NqtZRaOoFxyCVCIcIlamZCE7WIZne1pMNubUqFsMMySFItOBGSIkop4bRJpFKiJUpjy7aBKKG0jWxntja1tItKrWEUKgGlFkUM0xAiokhhuyUCI9JpNzdLOU3TNNlElBJFItOZzaKoilTIzaWEkJCkyRlRohPNAnDpIiIOD/azTbPFXCqYnIwUhELGGEQtJbqwBaRxNtVSSkREEePUWmtd6RzI1K6ThNOmZRpFjVC0qZVa5vO6sbWF3NKz+bzWAhraOE1T6bpZ6VNOj3JpZDhba0CzIxnGdZtGwETXdW0cM10kEDZWCJWYMhElqiKMUzQrCqUoJxUi086p1r6rHUVO22ptjFJKCaSIEMhE6bp533UVsFWjq131NKlEoGEclFOh1FpKVyOKcQmAaZxUQhHDNBVB1DYOtVQUw7DuZzOF0paEAggp5RJht0bm2NrUFEi1q4JSanFmVwumjS1KRFQR05h9V1Q0DS3J1qa05rNOoVr7KBqnydlqhCK6We3rrPYV7HSg0sWs6zPTRFfrOI05TfP5IoL1ah1Ryid+wkeXUtMOy5BtIpGi9LXWDpPTNE1pMev72Ww2tnG9XEct83mfUKtqlDa1cRxqrdF1fddFjTamw1KBru+LM8nsu5mdbk0GMp2KsOypdbO+1FKiqihqjQg8RQkgVEJ2yykdki3cpJja5GYHLVPIuEQJovRdSM2KgLBSFmqKkopqu2WLKEUxjkNVdH3ndBsTmopzcmaqKMmqyEyFsKbMghWBkSTouh7InEgjyQZLkW6WnBmKWlWiYIQtiwCBM5tQKcopx5aBIxRdLaWGKJSohYmWLRABoMBJZpZaailYApn1et3GqXQd4JYRihqClk0WERKIULE85pRtxOr7PoLWUqCiLjoHzS1K1NJlS1utNaCUIFTAcmuWpGJMgUwPwyBjMQ7TOE0hgRPVGjY2soqi1ACQijSOU0vXWts0tal1tUhC0NIiQgZQFHnKqTVQUbFROEq0nGzJqJBpFOkMVLtqg2jZbJcSEbW1JgBP0zAMzU6VLApnS1yiw6lSSkQoIhSlFEHg9LCeyCYj0gJ5nFpiQY3S0m0cJIUUFlGQ0i2i4DTkNKZdSo0ooFKqc/KUpVa7ja1NzSUIhZ0tG5m2aykk6awhlSqllSDbAIailqn0lOmxqRQhyFJKmsxMZ2Yb1wOYzDZlKPoapRRFlBJYmRnCONNRrIh0C9VSQEEYMqKqCDwMObWxlIJADpSJCNtRIkARwgl930eJNraWWUooyAZk33VFxRi75UQ6SkFEiJYtJylkwGGpRtf1CmFaTuAuqkJFpfZFVt/1pRalWzYTdVY0ZZoo0ZVau05yOmUUkkKoGeEoagnOEkqptcmmixJIUibOjKglAmwUilpKgKG1nKYmqe+6KAqURnbLRATR9X2pBUm4RMXGtoyFmyRoEbWpFSIixmEKUSQpaM2hKJLw2KapSdTaYY1tIlMlrLATgTVN09TSaXCJmDLTEySKUEk5M52JUICpjlICLJUoIbk1pxsiIgyyShduuFnKiJLKbLbItNIq1FJLCFOK7FIqoNaG1hoqUSMz22QrA4WCQLaiIkgP49RyKqVKysz1NMiUGpEqkiIAG0JB2OmWYxtDUUqRtR6GzcWi67thmJbrZSm1n/WClkQUSchFwkzT1LKlcTqQAqVtm3QDKWpxpk06s7VwqIYzQemMKFUxTlNrU4mSzW2amhsRtRTCijKfzxUBCJcoUWuJUoJsHK0OD/ePulpn8w4i3UwrtRfK5qaWU0q2W6lFKSkC1VKQnbJMZFf7CIVUSuTUpnEKmfQ0TlJEBEROaRTptAOFSDKiAm0aS61dDaNS69SSJNVkIFBKJTORatcHUUuJKKVERIhSay1RsEoU5BKZzoiopUTtQoGdttNRwq0lEQYJMw6jrBoBICQ5m4q6qKWGQooSyM7MVA1PGUUihrEB81mPIyIUUWrYASFkqRYF0bKlErBVcam1RmRaIsm029CmzCiAioXUsjktBWJqU5qQEkqEk7QCl74LFeeUlkKBSDtES1nJJESaWgoiAidSqEytWS7CuKg4Jwih2te+VimIwCCIEE6FcEQtJUanbWFJXVetNo5jLTXHKeW+72d9l9laa+kJKUSpIqc2jSH1dWZ7aomY3GiZ2do4pbOUWqIW1Ww5rFfRhYhSa5ENihCZpqAiIKZxUIlAbbJFFNkpFChbDsNU+1oUNibTVhKSUNd3fa0opnFSUEsJlSQyU4oqKdTa5Cagq8WQY5YoUUKSrVqCQl9nzmlq6VAU0i4lQmrOkErR0MYIhZSZaQcCZTbb2LWoRGlQQo1cr1dSILdEJaQAZ8u001NXO1SGcSg1hNowZU4lSolo2dbrIaJ2NabmEgqV2pWumwVq2C0VUaNMnpyEVEsoArKfzYBxGjNdgqk1TKkz4dqVEhqmKdsYUXGq1GlqpUTf922aaM6g77sotWVGOI3dJtyV4uZpWkepRZ2dIkotKhXbmdmSlv2sWCg9efLkYb3EcpFUIgqiL8U47ej6KLSWtdau1vKpH/+xitJyms3mKgU862e1q8CwHobVuuuqpNba1FpmIjNOXe1C1a0VqY05juPh4SHSrJ8Jiiq4dl3XdSpk85QWtGE0blMzjG0S1FqjBKXKZGaEpilxyhm1RKnjOI1tKl0lQXbDQimwG7XvwEXFksfJihIRpcoE4TDNaSKKCliC9DSNUwmlMu2Qpsx0i1CJDkWd9bXr2jiViEBJ60pHZkvXLrBaTm2cBCpCTFM2G2xTagE7EYqiWopNpjMdNVraCWTLHKex1FJKbW0SRCkFJenWbCOmloqQFCWwSxQUHps6lYgpHbJKldzaJJVSVGoICbXWMBgLyeM4ODMUyky71r7Ums1tai0tOVwJBShtI3m9HsZxQq6ldGUWNSY3UlEwOB0qLmptWq/WiAiRGRGz2UwqOQ0Go67KMGVa0aZ0KrOlk+ZpHNOOWgy2FBAlFBgJEGRLCCsUIDFhkkCJo5RSlHYhkCOKYMpGZmtpHIRlEmdOU4tS+lqNMSiMI1Qi1uOQrUWUbI2wM6dmKYjiTCIUmlpz5no5tjZFkaRaSmazVLtOoUyXopaZ01SClsbu+lkEchIKUSLGMe2UAjkUJUoUShSFsqFaQpJAjOtBEbUWJ1glhIgShlBIQahERKlgpyVBhEmwo1QZIopCIuw0DaoEUyaJDEIYh6JNrag4qASiNZwNqZRaqsZhaq2VEioloChKibQCKQJJcpuStCIKNBssBY3MzMxMCCSFitMNh1DIlu02WW5ISEQpUSAFUaJELSpIkqKUTEuKCLlMbUxnLSVbWgqUmaB0RikohjZlKhRjTvYUUVIRzlqrke0SYSNAUKKEau0KTNky1dqUmYEAOy1N2cIgOZSt2QlR+lqIKCUK09icTY4IVMKZsi0HEeF0WJ7Wk4NZ7VWKJKIExhKGACMUql2v4OhgX9J8a6OWLuyWUyiMc5oU1K4rXcEaxjGTTE/TWKIYuzUpulrTdtpJFAESstrUjCNKjZKZkiQBQgipyKRJWjiiRISwABEqkW6ZDWjT6CRKlUJmmtrUpoiotSKSMICNbWdmidqcMjY2UxtLqBmcSdrOlrIUqYhMG5eo2RIxDmPf1672pKc2TdPk1mwpHAoCZyqiZct0lBJSlCIZ0zIDRQQRgswkwZ7aGCoRIZGtRUhJdH2pSpJ0lJLOyQZqVKMopQYGt8QACAhnipiyKVhszBazOXZm1lqFFLEeBslVNYIoRYpAUTs7BcZ2qGRQikopEbWTY3JGRNd1UeWUybRqSBERgZTYVoQarU1ZahVyEFFKdNg2tYQCI1kUlVKLigIyJeeUhKIWWYjWJttTTkaEsVbLVWaWUiTJ2FlLkYpJQUQtpUq2lW2ywCKAMGRmJiXCAovQNE5uWaK0lq0124qIUrqudqWmGacBq0SUqAKRhEoUJAKMpFDUKLWrzTlODdH1tYsOhZVd13ddXQ/rlpMiaqmZk40kUIABbGOwp7RqhCyHhMFpJ62E0nbLTJmkxDROtt28Xq36flZqWQ+rrnalyAgYp6FEQcIpRbZmE1IpBWiTI7Kvs1BNZbECj9lAJVRLn5nDerUe1l2tXa3ZcrJLqJaSbYqI1tp6tQbVWlvmMLYaRC1MY6ZrV0spOTWV0pXSaGEWGxtd3x8cHbZhKrUiBKGYWppEBM7Moui6npDtUpXNzS4lhmntzNmst2lkTlOAupI2AakEtySotev7/mhYH+xdgjqf98M0kUSNWTeLEm6ZOdlZuuqWmTmNYyguXriYU+tnizrrailOQqIWsE1EKCKnNHYoFKWE09lapmsXqJBGQVqhEiFF6avTBZHObBERJbquL1FBq3GwExinyXLteoOtKGG762uJkJjNe1vNLSKkSmZrk6IoFZ1q6dswUkJFrbmWyAjhKEVShDC4FUWqFUWNMqVbm6QCDKu1pPls3tymaQpFEVO2kKJUBKiWkJz21FqUGjUIAlka12tkm5AsZbJcLY+OluMwRi1ELTXccrU8wi6lrIeVhRR2kp51XT+bpV0+5qM/bLVcTuMUfa2BIkqJ9bDOBNuZXTfrZhXC2bI1R/SLuRStjVMbW2sEmOjqvOtrlKlBIRSSQtQorSlx11Ubt2zOGrXvO5WK03aNGKdxvRqEJBQxtSYRKA3ZMkORhlLCdpISWCGyJQInYduNyYnTFiVKKJoTMggwllCttbWG3ZWOCDlLFIVqKURp45TZuq40O4jMhDBZQrXUli1QKVW1hiJxUSk1AOOizk5DKYBaphRpQk6DcbYoxTZWjYKzORVBFINMS2NCEREqBTszkWqtdloEOKmKTGcbKWXWz0MIIqoUmVOzS4kgVCKTUJGidDWdCiGv12MNRakyCrlNiSBRoSCi6/pa1ZcapaMos5FWiRLFNsY4klAxrdRaohCqpZYSRW7gZtK160KlpUvasoqjRJGJiFq7UmvX2cZNqCjsJCFku5SKnaJTaZlECdtkUTV2plRLhGQ3T9kM4FJrjVpqkCm7RCGYWuv7rpTSAClKRATOJDMVIZzIESFkZyBhQShCihJpCfWzWVeKpXQTilKLlKQzx9YCSUoDGUVdVxON69EoREtQligoh+UYRV3Xq8TYJpnSla4UHMM0KCIUCmFnpm1bxmkKiihAZhqXiCknORBFQQRBkdKqpUSEBFJiHBEu6tbTOltGLULIqCA8ufThtC2H3FpEqEgWQopawgYUIaSI4rACFIpIZ0IpMkpnKEoRCjszqbVmEthJo5WIEjVUAQWCKEFoGpsUXSenkRM7DVBsY8iWsi0nkOk0JUith1WNUmd9NjcIk85sRrKz67p01tIplGNDDoWbIxRRJFRCCCwhZBibJUsyjggkRch0tTMmVErFTFOLiqIj0zIE8tSaTUhOG6ZsOSVFUSpka4RShGVDQLaGrRLOJCSrq13pilRIHx0dKRSUWkJRbFtRooQiSqm1hIozCfW1dl1XuyowhBRRUKYto1BIsiiiRmYLU2sXgSMCmcwkSkSt4zgObRIpFFFqCYWIyNYyGyo4QbYBldp1tUasVqvW2mzWRRTVyHTmGCFAIhSqAcKyXEvFTFOWUgStTW6SFKGpjVMDVGqUiGlq4zRIdH1BzkwcXd9lZk5ZAgiFimktIyJNKdH3vRHYKQuFpmxSqVGnnNJWcS0VVEoBt0wkmwhFgC2YppaZJaKrtZSQwySoTW2cxmmaZDtEOp3TNEw5FUfX1xo1IZ2GTJeqUB2WqxCWpcAYYzU3RWRr2ZpKFBVCRoJ0pnMchogoURPIVrsuRMssXRdSOmuU2lUwNiGnLReVCBkDiGEabElElZEhUHPL5hLhnKYpszU7c8pu3gPT1GgpKVvb398nymK+QBDCpG2nbHCpxSbJKVMRiFKC9OQMBRClqBBIkqRsLaKWUoWjFDvAoVpRdNWNaZwU6vraWhvaWEoppUjC5jKniZAEBudkRKggWrYuSonqTONQUYTt1rKEUkjIZGI3Y0mgEkoAS0iBUYRAUUsJ2y5IkhwIuaXTret7221qJWotBYOVZETta0yZrSUm5FJLKCannSGp1JABRNQiKUoxmlqbxoGgiyKFPA1TQ1FLKbW0TOTWUvK8n5Vax3GqoL5zExG1drUrpfTjMNLcxLhep127aOvx6HBpmC36hrCNg7RUoihUamdciqRIu6iYdEuSlhmlpJFdAiLSDaJESDG1seVYSokIiTZO2FJ0tatdacOIpECKAg0EKhEUQJLCpZZLF3aP1st+1s/nczsgI2rIobCtCGFJUUuRJFA1TZS+dqXrs03juDa2XUttU6YpJcIRVdiSIgoCZLeWZLa+78AtpyBqqemcpkFSREmRUyoim6dxaOvWpjFJUFeq7fVqrUKtdZzGaT1MUwva2JzjFKVGUZta1KJQy6YSbZqykWRrWboaKJ0RaUfXVUktXbsIRUQNhd1aWkBRQSrUKKXUomIcpfR9hzNKR3gaJymS1pVaVI3nG4t+Ngs5J2OjiCKFaa6l1lptopbWchqH8vEf+WGl1H7WO9swTKV2ilKiRoCEjFuppRahxCWUtfRTG4c2dbUb3WZ13s+6UooixjYBUZTpEjFO02gniUF0fa19VyNQ1KpSYhgmZ0ZUcK1dKbWWiBqSpqmN41hq1No5G4lIlVoJgVWsRFlqBSOVKC3bNCRSKYEoEYlIQrKyTSnJ2bquiyhGEaEiKRBgRRTnkJNBqVJEiERFJm2Mp3GsXScJuzmzNYStltQSgUtE2i2b0yhKidKVbDlNzUZQotYatfbN0zAMEaWWzqSglhIlikJRcBLhzNaapEyHZJO27cw2jMNyta61xzllTtO4HsbMVCkhhSJqSFIQtXY1SFproZqZ4zg2HCEy05JkyU47u1qQSi1SZGvDMOHJRhEiWqaEQjlNU5sQUkSJKAqFxZSZdonitIpLdJMTt7RDUkSE7Iig1GJsp22iQ+AEVCBlWYGkcKQTkAWZScsWESUKOJ22TaYpckhCYIWi1syWoYioJQKP04RVa2Da1GzZmemuFpUiYmpTpiOCUKYyM8lSQnJIXV9LROLWGgnhoBiSJrpQ1q5rmaGUuhIFPE1TlK4rNURzCklIGnMinRBCJp2GQC2zTZMiSgTGlmSslqNKKErLZkhnUdgmHQpCEBGByMRutrBVZNzsGkUhpyWmqUVRKISp4ZY5ZQQQrWVmK1FqKQaFBJKMx7Fljs7mdEQBEShDkU4HCmQ5x4bAKACVElFKqUVKQYJCQdQuIkgbZylB0tycLWwQCgBcIgAcRUrjbKWUKEUq9hRRSldrFIVKFIUQOU1RUJTGVImAcRpr15cu3FJFKDJTEaWEbGQUkqZhRLIAj+vBdu1qKTWdTgkjh0qQUyJnlCIRUYQTF4okiYCoUUolnBhRVKKrJaSMNo2l1ohuGodxGGsttksppZbW0k2ZU7NRWBmyk1rLOI7T1Oqsb4mnlJTYMgjc7K50xshCJUoo0mlwJpJKAGMbMxM7ES0NgKCoEJqmsYQcJkky3apK39WoBbCdzmwZtQrbDkUtgSKgtWlqDRwlaldrKaFIp5FSLRtWRAkVQe1CgEi7r11IRETU9JSmlEipFEqolg4I1VKLJEWxqqeWziAkW3Rdl3ab2jBOpdZaSlFELUWkbafTQdQStqPINmERJQoqUiKLkjmVKEVMdlFJxzQNzVQpuhpRuyilr6UU2xKi1BJR+9oVpFCEIkFBKR0tkymii1qyZd/NRKggsx7WaYxAEZG4KASKQMrWbAQtLScKlahRjEMiCplEYMimQAJJThKX6GqNwFgGPLYxpLSdLaKUKM4JJEQwTmNmKyqlK+txAGqJtLuuc1KKFLIxOZvPNxYbIZNgoxCeZEk2RbRmsrXmqhoqBEnm1CSiSMK2FWDIiK5GpFsSUVBERAhZFiohSyoREaFQIAdRQliByGScBlslmIySpEVERGnjNLWplJJuSdpELYVip0K164JQEKVEqJSQSpRSQplM45DpWiuYJIWkWqKlh2Et09UupBKBIkLdbCZobcrMru8UMU2tTYldS4E6rVdp5rNZpiEVAYlVohA0N1sJ2TIiZI/jkLbErFaVikGyFKEAtza2CUeR+n4epaIgVEtNt+apixhzotmQrUWJIIjoZ11LQBs7i77rulJrCTlsjDoqTiuihNNSiFAApBEgW4RKgEJSgGW1bJnNZCgiQlEycxqmlDY35qXWkJy2FFJVqNBaZmZmZjqzjeNAtnSU0GJjXkqNEkUxtqZQUSASFFEIpHFqQC1FSEGpkW7GJcrY1uuhRaiWGiVISxmq0IwkbGWmsGWnI0CYlIoUbUpjSWlqKW7NmQqNwzCsx/WwLKWolNZaNqebTNSwwY4opVSJlg6VWgNUa03bOBQRUWttDSFjTNd19pRErVXKKVuJ0tUSURJHkJATU444ZTlTlu3WMt1kA4pwehpX4zjJliil72ofhdlsXiKyTUfLtaBfzEuppSgorU1ImRkRwGpYSy6f9AkfW7oaBacN2bKrpaudhK1A6/Xglmm3ZpShGqI1lNl1dT2MYff9DDyMQ8ucdfNSopFK166THRlNFpRQjW4Y1uvlapjaNE2lqJYKKaKUvnZKrIgSRSRGKrbb1OzW0pIiFCXkhIgotlvL1lxKkYkSoUgcIdDUJjuRRRRkN6eHzIgagaWAhFprWOO4VlExmTmOY9f1BKBS6tRapg04bYPb2Fq2EupKh4ylkLClUqozLZUSUYvsTEeUiFCIoiCaxzZlNs/63k7M1JoEjmkaIyQ0TZMUgeyMiOaUMyKKStpuOY5jhGoJEeM0lVJqLbWU1lqEnGGyIMNqtR6HVUQIK5NQiIiikLNJ1K6UCJyhki3HNjlbc8vWpDDklNM0thyKIsS6jW0YESVKrUWWwS0zmywpaikRRYEzZZUIOyVNUxoDSKTHsQmKJAyy7TQhHNmakAM3ZyahiJjsaRpC0dVqQC5RMcZFFZS0qY02UqTV2kRrESWiAupKLSVbjtMUuHazHKfmSZZC2OmMkFA6JddaQK2lCENmy5YqIZVShIhQTtiTUVdqhNIGRxcRkVOqKiKkwDKg6LpSawfCWUqnkKEooLU0JBZCZOYUqgaZbBkQUTJbZotai4RUuxKEijChaG1SRC0FEJFpZE/jcj3MZz0lsmWJUJRAtqdsUbA1ZbMbcliSAEROlsI2bqBQIQxKZwkMqJBOXEqxlZk4EJmOKE5nS4sSJbFSOC2VrmJBYqQwKK2iREIqaq1lo9QiIVyiCoQiIlSlzGYV4ZhyqqU0ZzZLslNEKaUrnaG1nNpUZJucDESpoZBAOC2iRLSc2pSZqYKTEjGb9RHFLYdhnW6oYFQgAqenRI4IFCFhNztCNEepyKEgLaJ2pURp05ipqESRVIQJhRzRqYRKwRqGo5AilG2aplajpiXjkKQIdaUqXKIoZEsoItqUsl3cpsw0VimBZAiUtowkWk5tLJToSmZiohSU2azC2HJajemUZBERoJYJ2A5JpaSzlFJCaclBCBEqEUrjdFdrqSWd2KGIKLXW1qYiRS2lVol0hqKUmnaESxSJiFAQIUmYKmylsVNpdeqiRijB2RSWSpRQKGQUITmnKFFrR5BurTUwiiIhCKZxREgRJiIUYRunsVEQFOGcprRdVe1pskuUGuGQhJDsTFpma1lroCoyFHJEYEfIKqHU5KlNzjZJJWoNMvE0jVHK1LKWMut6lRDUWqc2JgpI0mkZCkWyFJJwyxREREiZGVFlWVFKyMJGpMENRygMSApsC6J2XdfVUuxmXGsn2ZkyERW5RrFdS+1mM5WYpgm5tYwImVJrrR3O1XqdCUW2HQorStgyZE42dkpJBOmxtRK1RkFuU7plcxZF1FpqmcZJlBLRnCUUIdNaSysUEYEUKIRKKXa2qUVIlsJSOFtXihVAy0lICNtuWKUWgtbcxhFQKRIghSDbmC0TGxElZIC0sUupAAiyRkEkyG72rOtMZqNljuMgqYac6aR2EUS2cWxTLYUQTslWdF1XagEyUxERYVOKZLd0CWE3qRaRTG2ymc1mgpaJHVEiSoTGaRqn0alAUSIQok0t7JRzTFkqJayxtRJRuloUUSJUotZsI6GqLsfWsklRoqaaLCJtnDjb1LLvO8E0jq2lZeyIIhFRutKhMrURUWpXSs2WqNSuK6U4s7m1qXWzqlLG9ZAoFM40ssC2SWcoQmAyZGfaoAh3tVeEFBGShQiVbK1Eac60IyREyOlmFxU7nVh2SqKLKKUATSmwE1SiNJucLBsiCgURgJ0RUSIApaVSo9QaYzbJEcVGUqld6WtfqhWZGaV2XR+1G8dxbGNfZ5CKCNlBiV6FEgGRwzhMU4CgTaMiSiklBFgRopYKElG6qtCwGsexYSQZF6mrPekhx9ZSinRGVVUdp3HKzDaO00Q6FBGSlJlJw05JJTCBIGspTi+XR053fZeZUrSW875X1PLJH/cxyG0aFWXWdcYURTAMEzhqaa3VUmvftWkahrHreskhRSnYIVkYhnGM1mazOSE7olQy0k2lRpVSSC0zs2UaqZRS+lJLjRJGkopkp6C1No1NRaRLjTa2YRy7xSwsSQCSHCVyxNjYpRSL1jzreinI1jKRBMgRpZZKEXZCiXC2cRhpGVEQUUq2Nk5jiai1k4pKBMoGONvkNKKLgjCUUKl9ibCTCKEI1SiGsY0Kgui6iuV02kg4JXLyMA01qgFbXdQoU5umsWU2kMDCSek6nK1NpUREiSjIxgbcQiUiFMy6PmrFiaLropY6TW2cJktFYTkUaec0RnSzRQ9hnDDrZiXCRjBOia0SyCFJwooQSFKtpdQiiE5FFclSH13takSoVgEJIEFIEYEIZWuWQ6EIQcMSioiIGmErBRCSAZEtAYMhsJsVkmURUauQCriWWlXGbJktpwRCwpISgZEiiFIi5HEYS1WJSpBpCZAQJUqVZIWgICtxqpZqJElIgCJqBBJSRBsm1SilRgQIh1TSDVNLBdukM+WCZKSwiQhAVW2cLNJyNhnJJUI4kHHaigjCTqNSkGrX11qKbSEVRdQSVNWimJyttRLRWnOzBVYpgZ3GmS2HxCXqOLb1et33fSkREVgqoVA2lyiSMKUoFFEqxZIkOT21qaiWUi1KraWUKEoLpFBOI04EFlhGyDlGCYQkoGGZKFVIUSJCCtzslikUIRFElNp3BlsRZLoEtp1ugLHJbJlTpqx0kgZBYhwoncaCdJa+dlFW4zpg1nVTM2C5tYxQLcUtA1lZaods1IWmqZWiWmvUyNZUwqhEKCKwQWALbFRCFhFlHMdpHELFsm0pBHZmNgtPNtmmaZrGaWq1FBVJkaRNFSphso1jm6ZSCqFhWHddV7uOqaUsqes6SW7NAOmIAhG1Zcu0amRzjdL3tdSatrCsdNpEkRBSjaKq0nWYtCWVUtImVBBOl+i7rkQtikRySiFo2Ty1UInQ2LIISTJAKSHEZVGVjcyspdq2hUxmrUXSOE7pdGKMZRpXqBAJhCJKxUhK0ikyDVKkJ9uZtrMQXa3YtLYep2nKWqtFrTUUmHGcpmm0FBKSoGW2bGHVUhzCFkQUQygiKmRRnaZhyixRJSxKlL6roOJAAtu2AdsuUeQpZSgKYUsYR6mlK56y5dRallpqDahuadPaMO/nJcKoZasRUdTG5sxhakVShAQqQYTBVgQiQi3TzbUrRESolJCKSRWFAkEQkNh2SCVCKqWUEjhzGkdLpUY2l6hRIkrk1DIzIUqUEqVEQWCk1lpOrZQYW07jYFumFk3ObCmqSdvCTkvUWuRI4WwRpZZagihFDtys6GtNO+RsjNMUNVTIcaJEOjMtnM5QRMiOzHRLADRliijhTGQj9V3XWma2Wmuhtpym1motfa05pbHTEVFr5zQYPA5jKFpr4zA0uZbiBLJlQ0ghFJJCRZFOFM4pUNQKwo4iZ5YSCgUFbECllkirlNr1XYScEVBrccQ0DG1qXd+ViNYMaeQ0QUSNokqADaXUkEpEgrMpaqkVu8nZ0s75rHOoRC+5ZZMKQbamdJIoSteV0NRahKqKaci1llJKOqdxmNqoKBEx5URTLRU8Ti2cUmRmV7soZcoGlK6GgqCgJO2MKLZRYLDBoXDama05QrULWdM0rsfmpHZRa21tIluULkKhIpAUKhuLWY1umsbaRSpaOqCUWqNTOE1ktpYpkZboSqcIN0+t1SiKEBEBRkEXVSVChMJmGkdQKSWqcmqZSSmCEgXU7FKCyYAi5FAYF5MEtUQtnVCtXS1SIezWXLsym81KCZymSXaboitKR4koNTPIKSQCNyOKotnCUUpzs0k7FIJpHFWU6b6bubXlcmWylBIljBG1VjItjVMrJbqumvCUUUqtUVVwq6XUUpCyZVGd2pTNUdWVzplBZLZxGFvmar2KoJ/PkOazTcg2jlEKcvmEj/nILgqmZTpbROlKWa/Xq+UqirooLRHZ2rgeRkXZWMzTtExaOiIi2jgN45jjunSz+Xw+ZZvGqdZunNaeUlVd7UMUNLYxjKWIWCw2anhYjy2nrnSA3eRKMA2teepqiVJqKRG11IgoUQLTpgZWRJsS2+nSldlsBrSp0bJ0BWQcAFIURdjNNiBFKWotI9R1HSGMgrGNnlo368IkGXKawCgyp1JKKbUrgcLOlnZL5YSKmxUuilJiGqdpmtxSEaUrZLbWMlPW1Bp2SG2cSteF5HQtXWabWktTQyCbkCRFYBtKy4ZBIGF1paDSPEqxmC8ST+OgIGoNaRyb7NqVgKhFipYt07UrpSsF2W5TSlKJKaeQFcVpglAFWmvgKBKUGqVWo5xalCKrFClCOGpRlChFzvV6NWXO+lntS9jGdsvmNk2SohasVBYJqZQQNkKSc8oGIak57Sy1K6V0NaKEpTSlFAlIWRTRXKIkbrawpSIMtZa00661E1gGchrtVISi5JQTrU3NblFCNgpM2l0wpVQcUWopKLNlBJIgcZhMO1Cp1aYI2yAybZxZooTCnhJscjIqEoqQkE1EKTWzuSVSupVSbIVCES1zalNINqLV6GxIAxJjGw02JSJKFRBByC2diUBKmlCESo3W2tRGlcCARXS1zuezCA1js92mUVgSskq01lqmpGmaZLDHNrk1mYhau7BzbKMybTxlZoIzjTOhTU5nQolQFClKKSA7S62hIpytRSnOhoTIITOJriobYj2sbUJMY1utVoFms7kzM5uiuDW3KTNbm5xSqEaQRJFtQEZRMlstpZRCUSDbmY5SFOF0qSFUay2loKCESSC6EpLQlGlnmgi5ecykNaDWGiVsQF1XRYRCwZQOUaOUWoiIKGEaKUkGyaCIFDa11JbpbLUrJSooWzPUbiYJYwNIdtqodCJtyYk9tTQJEXa2JtzSlFJKKaVGLUUYhVVymghlumUGCkGEglAYZ7ZM40azTY2StiQrI6QSSg3TMI4jzlKKLBs7FSUiQE7nlFFEkUmK0s5pbJlq6vsaSBF22na6RLWYWrZpslVrQWRrzoSQJIwiM6f1hB2hllMgFU0tPU0RhRKtUYqLqqShtWE1ZEvVWkuNoqIglaQBBBhnZmZ2XRGSRUQt4aS5YaIIY1tkm5KgZVNmqdUYotQiZ0uHnM6EUNhNko1D2RKpRMlE0jQ1TNpVGIyi1NIVoUDR1a4rwzDi6Ge9hNOoTNmaWz/rS8jNCnW1ylgCRRGiqhDhqTVPdkRESNPYJJAw2bJlk50tQSFJTHYbJ6w2jutxBXS1w2FaprFKLZba2EqUKCHUmqdstahE2M6xETiTtFRqLQra2No4dLVGaJyylgoOKUrJzGEckUrUWmRpmibjYRgsE5HZQCkUqqUiWrpGhICoKk7bZNo0SUC6ySjb1CbbpRSFbEBTS0+t1FpLJBGRXVfs4nCbWtpd7aJGm0ZQRB3GdShUSu1qja6WaicQUUQaCSd2Ot1AOAQEOWYju9IlstTVYoOlEiKlQESEM5FJbKdQRA5tGFvLUUQptU1Tm1rtioCUgmEY0o5QiUBRSwEItdawFalahOREpUQIRQ1EIAU2QLMlSQoRUcC2HRjJDEeHWP28d2tS7Wc1KEVF4XRmAygRpVYCZLfMbLUWETkltoqwMp051a4LuU3TMI21FoUgszVbIYynaax91886t6SZiChdsZs9tamgKIGYnLZrKZRSQjJgp6KWrgvbmZ7ahO1stRaE0shRq1tLO51AI522E4WKMz1OUxvXyFGijc04VGxLUaJGKZnTNGUQYxtpQ6nFSMgyoiiihhugEOM0erLscWotW1Ftw9jaNLXsSpUCxzBNmc04QkkjJSkzS5TSFbeMKLVWW0UxZZvaVErUWm1UOtzGaZIUqJvViNrGqZSIiGEYFIQ0m3dR+2k9TG4lIsCh5dGR030/KxHCUWu6Baq1OD2sx2ytltLN+mEcp3HqZ7O+6221nKLrQiVbki4f/zEfGUVjm9q6Ra0liFLTGRKQWJFtHFtrwgERUTARKmG3No1AqE5tKkGpfaadtl0iFNGc2KXUcZyG9VC7HrcE5zSMiUlcoppsSYky5qgSXZl1tWZradsgokRXqkOZDRMlWk7ZmolOYYgoQkObpKhdh7OZZsIGZIyEsEGJoqiUaqcNSjciIqISnqZMO0qUqq7rZTlC2KZlOtXa0NpohEpmy3TUIiDU1WJZKk43OxSSFGAsuq7vZr1CpG1LTjtqKVEshahdrX2ndHP2tQPaOEQp4BARNW0BUbuilBCySlemYVSEW6oQpdopSmtT7UprLUrITkvFKjVKZJuUUqlVUinYCgky7XQpZcpsQ1KiBNPUkNKpKKVUANPaSJI5rYZRzaWGwFJm5uQ6KzJRamutZUJGqCudM9MOIkI2kF2pkkIiArAzrYhCOCJCGLIhRShKCYlxmrpaaldDpUQxKoFtIYUyWwjMajWWUubzeS0xkdhFIUloaq2UCEWbxlApEW1o09RqkRWGbI4QEbKSdHNEISzJICGVtIVLiVJKo0lRIkqUJKukTtnsVHpyIrDdlU4lFKqlRAlDoswGUgmSbCm5uQVK59SakyiKKJJSLVuO0xTGOEpIilJr7VBk5jQ1QaBSaimBFLj2PWbMnMahRESJiJKZ6bTpomTImTll5ogi3ZyUUmvtkpzWo8Kzrs8gLHCbpr7vVIpbIqKUwFGLAQiFsZMISSg0TaPtxNhupCcFQaTttBWAVIzJjBp97cY2TcMokS0TooYslYiicWrpSQrB1AZlWC4qtUQ6a4QUNpktgmmamlMo00hRorUW8jgldlGZWlstV1MONTpVe7IVQhFqmZBSYEfEOE1Ol1oUIVxLldSmFqKrnYqCkEk3SqgZYRvbqNbSdb0UiaDZqlEUYRkTocxmPJttzOfV1NYm2Wm3qSlCJUpIioiSbjlOpe8UJnFiS6JNI0JBa03IgBQRmShwGrtERIRRYprBpauhIsnWMBzhsGxTaqlRW1h2lCIEibO1lul04urmdEoKlagC2cKm1FoioozTehxbValdDRE1hMJpBUgSAttJ4nQiLLuoqMqoIIXTtYuiAFIeh3E9rCMUpdQuWkNASJJBskESKoqMKGROcpEjqp1GJcJmHEYpLGyTGSXSLrWUUm0LBwUEHsbRzr7rImqm2zRiZ3Ptaql1HFaScLON1bLZKSlKKELE5BZGwoHJCLUpVVQiUGRmRJGiDcPYRoiWqVBAZoK4LANZyHYiFFgoPU2DLavZZEtDqeGWdo7DaFklaqmldiEZO9O2nSWKINMZlFRCayOZdnFahOW0q0rtCtjImaUE4FChTDnWWo1tI03TZGlW+yiRpNPTNCBN09SGMdsURO26GmEyrBpVMqFsam3KIArOTLeWrqWUEopAlFJCxQIMCoXVwhBKJ3Zas1otYVtRI0qpyNksrBDOxWyOwA6ViGIIkenEIIVEWAhN01RKMekgCCSJlk1IuDVsT2nJig5hnK2FatoKCYNtFJRanA1USkFgVEQzoZZTmyZQLZ0UrU1gpKlNJYrDETWkTI/T5EwkwTil25TpKAFSKIQcDiKK7RKapiSpXbRp2DvYv3TxUth1Pq9FRG3jNLYBFZpbTrUrUUMCRS0Vk7JKkVMyYKRQpiWJsMlsyLX2abtZAqlGGVtLmNVZLYxTmzIj1Hel5Ti2DEkhOUDOlmkraq3jeoiI0tVpGEJhlJkGgtL1Nqoiw7KRMPY4jeFSu2IDWUuH0+mI0to0jlPXVfAwTkHUvpYaCNttaqZhMhtuVlEyjVOptfa97WypiCknWcjr9aqUWvve2Uqpk9NGQYkwCklF0ziVUmvX1egI1QiEMVhWm5rVhIwhIyLAlgWZNq01Wtau1toh3NzcbJTUUkopzVlUyHRSSrXbNIyNRksjoNQaXRW2ijMl20ayc8rsopSuzvu+67rMBs50UTGOxJHlUz7+o6KWnFrpona9IZ1uLqWUiJxaIUqtGJtSq8TQpojoSkm3zJzPFvO+roex1K7Wmo71chlmvrk577spwer6Ok5TZnZdLaXIuX94MI3TfGM+r3OHW2u1lBJhXFWjMLVxtVy5tZSdU9f1bZwE/WxuWRbOKLXre4nMbC3XbSxy6YqSKCXdSilIQlPLzBQOCatlizSKcZpMy2ZoJnGCWk7ZRhmSqU1Ta4ISsRqGUOlqRESpXa2dQ2EUco7Lo6Xk2s3GKSMYhnUbpm42Qw6V2tVaSmsJDmyylII8Ta2GSkSmkyxRhNPKbOGSNBS1RibYQbRs6VQoSpUdCgdCraXtKJG2bBspg1ApkgC3HFtLu9iGVJSiqWUopASBZJdSKQgJchrSzkw7MV3p7GwtcSZgYUBdrVECI2KaptaapFo7JxC1VDmxS61OD+O6tay1ChtKlHSWECo1lNmm0QqQlOmUSrEdIUkRkenJkygSNpYxtURCa4ltqU2t1NLVKslkhEI1W5aivusTZ7qqFIXtGrVlK6VTRGJQLbXWIokoOTmzYWVaoVpK2spEIaGQIhTCzrRxrUVRwgwtQyGbgieP44BdStRasmVmswmRaZxFRUUlCsJOIylKjWlq47Aex6nr+9pVAy2lCBk7SqkEpSBn2lOqEKXU2gVyuEQM45StlQjjwEWlZaqUImSLIqBQiJbuZ30/mznJsdW+drUDp0ERtdiyKTVUulJLKcWNkLCypSCdJW2RWMZurTkUyNgI27Zxjq0potYSAuj6XrZxROlmvc1qvQ4gvBrHMK7RlQKSsORhRHT9vAQKlVpsMsdhPYCiBEk6S8gNRKCEUtTVbmptGicsCRWNbcq0hKSuqzVqolIUISyn25S1q5JaNuGu1HRzy4jIbKSb7ea0hYEQLR3gEm6ttSaplCKFIpzpSDlKLdhOy25OmkuJ2vV2tslure9nUYqbI1SiiwjbTqJWKaLriuSMQIlDEESRFNmc6aKIqAWNbZxyKhYIhYQToVprdBFSS6ogIqemiL7vVaKUEsZ2hGoUANIEUUqpEcr0erU0lFBRrTVaglRKIbMURYlxGterNVC6GiVCYdMyCfpSao0INSwEllQjLJFuk+2MUoQSB7KBaDmFopTSdV3tZyGZDGlsLRDgdIRKlFJKP+uz5dHySOq6UhTCnqapZetqD27OCEqtoYgoWAIpIuRmY2NJ1CBRlK7rWjbLRaV0pdboaicrbSlVa4gotas1oUSolDAEEaVEjJnYQjiSls0ROG3TMgFLXSkhTVPD2CAMtcRkuzWkIrV0jeIQU06t1dpFUUQtURTR3NTccFEoikK1q3KhhCShqTVwy9acwzhGUbYJUSOQbLdprDVKEZk2pVRFZMvSR1EQbi3dUuFu1g3jFHgam0SoCuyMIOimNpaIrqslaoZr6fq+jxItPU1NIRWlU5nNiRSAjaJELTXAJJiQUNSQjUFhrEyiLyEpgpYRNoEnEwBFTrfWaqkR1ZiQLQzhglRUJUs5TUQUFWNDpciEFFERpCOilOIGdkhSDG3MzFKilNKylSjZWiCkAKcRhBBuiCSKsRQmVYLJRIQCQKUrRARCpjlzakZSSrJDVggRRWpq2JmZLUtXS8hBWCCjqqKkuRUFWCIaU3pre6Otl+cvXpjP5vN+1pyttdYcJWrpQiEZy3ZrjqJsBmxKVIm0owSJ7YhABnel1lIhhmEZUqGETQk7hSKU2Qq0bNmaIVW7GpJa5mSHQdHaVGsURem69TiMy3U/m6lonMaQMlMIU0q0aQJKqQLbFuBaVWsYFbCcqEQNSSIiPLlE1y9mncJSZiLIdJucLkVRilNBlq5XxDCssfq+OiGyK3XKsahkoiiSazdzutauBNmy1i5KZDalSi39bCYxDEMRY2vjNOQ4EaVlM67RUZTZ0llV6mwWpazX667rSy2RGX1nMw7T2AZbXS2eZLl2nTOXy9XYpigS4bRppdS+lCh9REzjKAInUEhFKaVTUCIkTW2K0KyvJcp6XLep1a4roQRamuZ0+cSP/+gcp77vS9+3bAWm9VTCpcSYTZmlEyWAhCjR1S7TJSIp4Nam1iZM1Fprl60N46ASUSOn1jKTVkKEyBaUrtYpJ6l0pUYtApVC2rhl5pQO3BrImYbalRJFKnKxIFRLacOU2UotRTFMo9MR0XWlqKhQ1IkiGQWS0gZn1oiWSSahMJh0QgYlM5ubMz15GicFRbJUSwWlXVzMNKyHruuCGMZRpYSQ3Nxkl4hM5HREVZRShewk7GZjO21ZTOO0HkfZoaoIIEoptS8BEvI4TOmsKo0MZKmUwDZCUUtN4alNraUtQLKlElFKEaV2sqVSa0eojZOdXemmdMuxRAVlUoqchNyy5ZS11qll8yQp07JRWA4pFAnCQsbKNtlFEgKHiBKKsI0YhjFblq6LEHYoCNuWioJpzGwtI/paFEEgsGnNgYlIu6u1liJIy27TOOGMUpGyNYTTpUSpRSYICYMzoUQJZ9oZQoSVUYqI9GRcSkHCllW6INVyMpZUoljKNklBhCBbTm0qUQgFqn0tEWMbndPUCIFCOEJGgKDZgWyGYWoeigqhiFApZKpKFLBRZk7TpBKhKCXSiUJWIARkkcg2tLErta8FFBJWtrRtO8lMO6SACIFFF5JqiNYSOUrkOE7TlFYtRYoU47guCilaGmwMgUxLhSQZIzp1FkY4VUqEBEISQYQQkW4tLVFLEQWhKGQ2WyIUJp1WhIRRjbBtR6k1IkotSFIgcpqmtKCUIqVAUfpZX6PUUuxUdHazqaVmNkfUKGmXkIokkR4ypRRhjHBaNYpKpm1HKbVEtsl26WoRUGRqrVJxpqIoIoxKBKGw8dSmoqilCCekM5OuFjARaZdSa4SFjWmkTGY6hDF2FNmepkmhUgqpKMLY4GzOcFGxVMZpWi1X6cRgOyJCEaV2xcrWwHR9FxF25pQIB9M4ZKZNIWSDSi1RVKQpUyYoUUvfdZg0dmJFCRGGNo7Nxsay3XWdcI1qGKapSKolW2ampMAIBKZldrWUUqY2TuNUSshya2PLYVhDYmXmbDYTllRKta1wumAjGblNaduEaC0RpVSFgFpqRMGoIAVya+kxI6LUoqAoJmeAIiIiRHMSVNU2TUSUCDcHER01qiLGqYU063uLoCRtGpsAGTsUCrXMWsOAHZRSZFQkipzO1my7qURgZ5sUIIVwoiBCTqOQiCgFtWmSUXia0jhQLdVCKiFFiEyFaula5jS25mZb4a7WGjUhsyFhbIdUSxWkHSUiCjibooSFQBHYtZbaVSdBoMlJlAopIKIvRVFq1BLKRFLtOuOwCHdd16Yc2lQkRZQqmWlqKl1ODaQSzhQdblFKOmlZuq50petqUUk5pFBBlBpdqV3IhG2kroTRNEwRilIiSgmRCpXSlVqLKLZJI6dkkigYBSiQ3RpSNksootSqopxwKGwR07RWlFJqy7TbuBoUgQiCUmw7FBBhEQ6R2VqzstQOCYyd6RIYqWDTnLIgo5QuKpbxNE4q0ZdoLROHhCVUJDspUSQThJ2ZOG1JAJm1VJUQQQhFV6pxIAWhQqZtYxSE3FIRtYtQsSWcaUmZtBwRbokUUbA8TdM0Ra3zrq+z2epoPetn3XzebDfm85nTApXSxqm1KVSjkklIoUhSgC0IwqF00tJOhTIhACdTpSaZ4RARpdSQrShCYxsjoqslIuxWo/M01Qh1tZQClFottaGVWvpakNJeD1Mbx1pqKNJTNrfMTGqJUqoSYau0sQ3rNTQUUbs+otTa2mS7hEZbITlW01qhlq2vXS1do0nUMiuKqFKJcEFqzhBSzZycMm7DqFDUIk/T0OyMWmoJJ4DF1FqJqlqG1VC6wGDGaWxTK6VEKenmlhFFpfSlI6hRFWHAliIiQpHNAtKIcZhKLag0j25ZQqiEAkVfO0VxWkVdqUbIbi1wiaDEOAzDaohQy2lYjy0zJBUwq2GShFSK2timacwpLedk4/LRH/7Bexd362zeldKaUdjNzZl2apqmMVsfUUs/tTas1yqlpJtUcJJtymmcKNH3fYnacqJ08xKZnqaMWto0tXQopBIlWmYt0dUqFYMUIbVpIgIrSpE8ZWbSdV2JOo2NUFdiyqnvu6haDQN27WrLXK+HCPXdjLCNIiIqmSZtC7U2kSQpEUVdVx12SpBFglKLIpSpUF/7iFCJqoqilqJaaqkhVIMEu/SzlmMb23zWt6m5tag1pFo7i2wNonaFKApZIhMFwi7grqs4p3FARQEIg8g2KUKKGhUbUbvqzGmanG5uIqJomlqNkCKzZWslJEUoSgnLVVURTq+GtdtkG2y7KwURslRqrRJgSTixpwnIWns7QenEqIQiJIUUpQgUUUtVBCHZtRasdIYCUVSMI1Si1FpqV0mjaJlOCCJwk3EUVcWUGURIlqKoKBAgSSoYtXSxalViCRmnLSGE0jiNUKi1nNzsjAApswUl7dbszKilRljYBnKapsxauyDSnnJar9elhARy2gJFgI0Ltc4iorQ2KkqJSKenlAxGklDIzXYiwko7WxLuSq2lJEnKTlBIKQ/j5NZqEaVURURpUxIqCCAkgChdceY0TXYrpeBMW2FUJASldLZqkU2RFJGtNSc4m00CzoxaSnSQiEDDOE7TWEtNKkqnbaqiKBwhsJBVaqEUm1JkkFMRoYgQACYxE4qptWwZNeyMUgKlM1RKqW1q09iQa6khARG1tZbOElFrcXM60+m0pBKSJJOiKJKsESXq5KmlZ11tadullNZaLTG5ZY6hmg2JtIflCmnW98YtHUgyRkgFmSkzTYiuVKMpp1CJiAjjEEhqOAgMQpSCXKJENCdmmrIEmQZKrdgKoUIaZ8vmbBCEZBSl1m7W9UZTa11EqGQ2G2yDUK3FQo4kaUSRkPDUsBsWQgiKjMJRamYbVus2NTkxTopCEXKqBKGWaaciJKVTNSDszJaAIhAWKAGnMSqyqBER0ewACUNAaw5hMDm1JkEApVaV0pUSNtmmEqGIsY3DepVuUiHUlaKQEVaElKTtTJxOO5xT1lr6rqRES5ViW1JIiogSTgtFCTnTWMgGt8kRUhQ5IgSWCZUgGlMzYRspglDXFRkbAqkYZ2tO59QMiigRzS0UqgqFW07jKFUVDG0Y7ZSx04BRISLGsbXMkBJKKbXUaRpX67FGZ+FMm+YpMxWyWa+GdHZdNU6rjWsj27V2tRScU0vIvnZd10UpmbSWmQ1FAamUEoogsG1lqIso4zThlAhFRAmwVEuVQgrjdERBKN3GaepKLV1pE7WEybSRiLSJiiSscRprhPE0jkVBrW5ZAqQSgRjGSaGiMAYRRYrWxkzsFJLCYDcRhmYbG2opRaVlG9tUFIqwETRP4zQJimKaGiJCCoUCmKaWbgoKMiiiUDIbUGpkM7YCKUqUNDYllHZrkwApbYHA2Ok2jkA2FKK12lcsgyDAcptSwooiRZSIEEhEFIyxwthIJSJUhzZmppBJ4zQChUqtJQqoKkqUKAoURUhRSmuQE2nwOI7r9bp0MWVzujltkwhnc4nizIiiKIGamyQZZE922MZtkly6GcrmlGiWqrc2t2vXZ2uBLIfCzsljUaRVSy0lbHA6FKEgWssECWdiQjJkiMZqGAJKVzX56OgQla7WqTVnGiuKiqIIgym1D8JYSFV2hHC6RJhQZuJAKhUoBcE0Ti41hLBQRK2dohSbhjMtgyilSGpTC6Qiuy2HISKi1Fqj1JpTw1n7TlamW2vDMEzDetb3qiEohIO0JVQUUCJWR0d2CmqttXYmQmQaU2s1OHAaxXzWKwBNU07TGFGIKLV2XTfrqwlPWWopoVRrYwtF4jZM09RCgd3SfV/GZpzdfIYtrMxSau17NwuiVhUVFYJpmhSBchoGWxEChnGa1ULRNI1FEbWWgIgaxWgahqmNfa1RS7Gm1ohQoUYBOyif/Akf3ffzWd9nepqaM0NM07gaxtrXrlQpLUqJvs4SMzWKEVHC6Ta1UmtX+8w2uSnUdX3LaZimEqXUohCiEFFEZmaGaOkkVSMQoVDUEqXralfGaailZBroZ0VRMhs2FIL1ao0ppZNomaUoapE8rT15MjjtTJfAmQanAiPbIUIdoQh1UdIW6roZeFq36FSQFVKQmaCINk5Ttho1amRzqbVECayIbDlMQ1f6rqvZ2nrM1saivltUqaSslqBSa6lRSy1VU8uwhaKqRKfw1DKidKUO0xSl1lIUqJZAjcTONHaNUmpNt2kYowQKQVSFSlBtg7PZzjaNw9Qyp4jSWhvHqZt1pZSWHqfsalUU7DY1RUHC0XWl1OJsUnZd5ykTR0QJhaJlIgtHKYSGYbATFQmAdEIUKQpGEYqQCJVGAuksoVB185StQJQStUjYbp5Ww1BUikrazszMYRiHYVRz1Np1XSGmzMTYEVLUUHpyc7PxlCpRCUsRJRxJixJCUQjRbCCyhNQys02KIiEkAdmmVhVWOMmWdotQqNi2ZMjMkDLtTFklwgiwHSVs2jSmqaUaRwkrCxFR0tM0NjPlZInad4CbjoalFFEKKDMzHQqLCJFGzja1Nma21uhKVTC1dERrLgYJCRShEiVKxc6plQhLnmwbjCPtEqWr1VK2jAiMQrXUlnY6JJMhKFFLNQRSqEQXxTLGRkmSkHbaEoGFDSZKdF0NhUoNlVKCBCmCaWrgUkqUEqV6aukstbTMKAWr5ZRptyYiiqJEhOx0I0oESpicQdgJlFrDNBtU+xluihohkQYlUUtXK1JIIEtODBElSlGADcKyaZklSnNzYiRJihCSEFNrzVbBadRIahQVyRAhhSIyE5pR5tRaQyGCVNSopSJJVoSh62o4hMeplYiQAAMCh3BzYkeh6/qu70qUCGUbo9RSY0zjFqVISAphIxSSSjibQoAiJGGP45jOUkpECZUA0i2bQsIRQRAGFIEklCWKCAI7QUjjNBVJEZmpUmoUJDckFRWncU42Vi1FEQolxu76ftb32ZyNiGJRQkZpt7QxcpQwhiCEBApFlFIk46JiMY1Dy4YB5zgZSdRSENmsKBHYLkUmwFNr6ea0MwkyUwgygih1GqdsrZaKUyEjO6OUUgJRSlUIkiRKyczmrLOqxAkhwMgYEyWKwiHSmVOaYVzXiIjSpimn7GcdTokQmQ6VJKtKKdF1vWqQEjgUUUotJrOlQbjWjoiQ+lrdUoWQqoqDglQiRACodMXOzMRIhjDpbIYItZYtG6kpR5hySsuZbbUaDCaTNJZUoiK1dFWEIlsbVmu3rH0Ximbb1Kgq0bK1YWzpEjUkgoiYxhai6zpLrSVgAdhJhDOnNtmWJFNqCDXStpFpRMgWSJGtOYkIJEkRIUi3zEmo1i4UikIiSTKKkAA7046oRZHgTJxEadOkUI1SI0AAJm2UIRUJKd1S1Kh2tpYyyDYlSu0KNhFWkgaphIWxp4yIKAWIKMihUJExILtEJbI1nI4C2HappSiStIko6UxP2dJYyGlABCIsyWRYSAhLGoeBwqzrMmiTS6kmC3JEREREGjtKjVDUUhppCJWoBam1TLkQk9N2RJQogijR3JRYyjEt2XZrUthgGi6hKNHXCqolaukgp5ymofV9X7pC5tSmTKtIEs0kSBIqIE/jNE1uOdlECWPZkCpMUwsToVr7Unswkp1VJUqNkByWsLFt11prrV2tto1LCDNNU8uMouKCgrSlfjYLrMz1NKKYzWdHq3UpJSJaNkktW0SEJEtgkW1qmd18FqqTm6GU4syGS+3JBJVahVXIKdMOyUApfVfTiUFYkWTX9RTJytbWwzpK7UoFIyiBs6VrVUS0sZU+pimb3c968Gq9Mtgms3lq6SpKUVCiKAqG9XoYh6F2s1oqYDO5zfpZEVM6oNSYzzusNg7j0Cj0XalRLXJqpdTyKZ/wcaUW0kYKiKghS50iSum6OquzMXO1XtnM+j5KKUVp910XqnYO4zqcY2vTsG7Ni9ksJbess1pKl+mu70LRWmuZFOXkcZoC9dGDx3FENJNtHMeJJEqNCDIbmZkREAVyGodxHPu+L6Wu10OarkaJ2mxCEVFDgpYpnM5sk6UQpZZSqhvQnNRSLcZhGMexlOKcVKNGsSMAS0WllFLCzkyihKSUCyIYxxE5yRzHzJQ0jaPxrO9rVUuDlSRpt2xTmhKECunWWvOEw0JJ5lQUqlG7zs5xGt3cpslQrFJrV3tC2BGlICddX5CJ6BSgVCMip4yqEmFUQiTdrJcUgZBhHKcQisiccpqillIiHJBFETVMSCHLYFNrlWKapqkNtdSIsBmHESwk0dIRCoWhlCKppW0wFm1sWJKkSMhpUkSRJqczQ1FLDZVhPbi12lXhzGZFUSqq5NIV4zZN6awRUolCoABEyjUKRoKAQKaWAk4ju0ZXujqlZdtpQAaVkCKihO0pm1Bfa0ZESOnmxAogQoQV5CRDhABJwdQsZACFZDOO61JqKdFaEioOcMuchimqutI5myQUSUoIlVJq14WVokREwYmdUyaZUWrLlpNrF6XvQaXUoAb0s1kJNTdJZKZwttaaQ6XUUKSbQYY2IRkBLbNIthW11hK1IMtEQapRwoTdbKQwthOL0DRNOKcpMyfbzUkRU8rYqZClvitOS87JIaZsQs6stZZSVAtApkk3Kai1yAGtlFJLLV2HJCQCsG2siCiSokTNlm2aUJWYMksghAdnlKISYZUSJZ2162vtkNLua61FtgV9LWm3KbOlRFQ5M9PCNoJSisFuWBHCtogoUilFuIRIVCLAMrWWkMCWCoFDihol2+RCjSIhuUEbpnSCCMhmU0JZcDpzMg6kULaEBCGwhZ1tuT4Cd6VGFKdrLeBslKDWAkilFEmSVBTNzS0l1VJrRFFka7YRUigEICkikAJJdrZMkEGShBTGEQGOIpvMZk8RBQWhtIVtMu205JY5DUMtvZ2G0nWkEyTXvi+FNhkhgCwKFM5USBJp7Gkc047Q1FLWMK2bHVFIUKKSbhCWjdyYstWuSnVYrRMXKaIonDCM65aedT1EIEXk2MhEsu3mLIRKRAkJsqikURDSOIxjy9JFVxQqThsiqFFLCbIVFUrISUhJRNRSpmnIVNdVEIrS1RKySqZLrV1XgWwZEaXWKkkCWw6VsHBOrTkVwsKWhDOnNiaqCoxxKEwGpJmyZUuSnFq6lVprlHS2NjoTws6pTdkaUgnkAmlq19daa5HtmPczG6AUZU7OLDXcsmUbp3E9rkrUru8jkKLUcDpbKtTVgmyIiIhiXGo4okRERJRSo5aIqU2KUhTpRhoZSWbK5gxJEZIV4MCoRkihcBS5Oe0SaiRJGkWUUgwG20jNjtCUmU5DFyUKjdZak6KEcmpRIlRaJhKiRqgqknQKSq22W2uBLDsdyJKxFLV2mUYoszVNbVJRLUUhEqqKQpJtZwKBQhER2dzsUBhlNiEoKvKUTluRU0KWUmwXRemKUJSIUK21lCgqpZOiIkoRllDLZtFFTSgpFZUIQplZQrV2AbV2Vk5TU0QJkdRSZVo6kKEoJmdrTaGqYnlqzaQzJabW0pYcKLqiUI0gAicpO0sUk10pmW25Xmfz5sYinZnUWmrpIYNoLY2lIKqURSGF01FUQ20cTaZTChzrYd2msV/MZZxSUEvUUmyaHEHmNE6T0woiQkihUBgDSGmmabKpKkTBTmcmQhJuraWVLhGl7512Jun1sFTIyK2lIdOoTa3rZl03K4r1sHZzjRKBFaIgJZlTi1JaTtM4STE2d7X2fZVQGpyTJTkT42xpK02EM7uokhsmqVGiqLUpFG2clutlV2elRrYpost0QOmrrCgBUUqptYyNnEZJJqJURN91/Wwu2Zl2i1pDGqeJdD/rIKax1b43ajRDa0QR1tSyFJWP++gPb61NrVmJDY6otdaun1Hs9DgNJSJU2zhGKbXEOLX1mBHquj5bprN2M4mpjUf7h+rqxmKDoq5WEyYjyWTKJiFFyhGlhJypUgJlZiDbEaXU4ta6rq9dGYexjdn1vYhSuxJqLWvErKsNIBUCpFK7UiOUAmdmVyPTNm4WlNpVMTnTDgkhqbWW2WopFiLa2MBGiFLCmePUjEspoRolSom0c7JB0qz2mSkrqoZxktz3vcGpiBK12IAkSE9jA6IUnKIaF9TcZEVXMlvBSRuGsbVUqChU1DJbjqAS0SDHMWqXmdglqnFrrWWrIaBEqESUUruuTS1KraVaSAEWRATEMAyG2s1qhKG1ZhwKDJIijIGiaG7gbMhCYVwKpXSSwIEiorklGahlBpraBOoiJDIzQqUEaBrGUlS6Oo2jcSkh07JFKSFFUamlpYsopa81IiIQMEyTikIlsNMRSjRNzemIUoogjKZptJ1iWI9TGyOkAKghy4oig20ZR0TIduYwTi2n2WyOJBOlK0Hpau26CCFCZFrCJqwSToGbQiVUapXoao1S2zRiogTZkCQhVBDhlkiZGRFyg+hqV6ogSqgglQgpG0bpDEXfdcLIzS2ICJBKlOaUhEK2rXEaJY3DVFAptbW07URQS0kJLDS2rLWWWqcxS1EtRVJIXakRESrNltIoJEI0YylCWGJqLXBEVaHUrphhGqfWainNqZa2nZHZIAVIYBRCRgK3ZhkyMairBWhTQyohhSrhICxj40CkokrENAzprF3fdaWIqU2tTenMpEaptUaR7GzTMI4VOSSciUSqZGtp19rZObWx1opBnqYmXLu+r8WFTMtuLcEtEyTkdBGEJNJAZqZTKoGUma2lW7Mo4VqqxXpae2wmlqtls/saUhCICGeiIjlEtsxs6RpFUu1qrYFLKVJgZ05uaaxxHCFr7SOKRKbJllNLlJkWJSqSABuclqQQSLabXUJGCjAts9YqyGzpFBgZsiUOhRSB5HRERFTbac+7uRXjNJokEYpaJEUJsHGgtKMoJNzc5DBOUWop2ZozIQqGiFIzx3Ga+q6iQAopigJst6l1JVpzSF1fIYxpU4muOQuqtUbUEnRdZ1wkCIuWrajWUtKGKHKbRpUilLSIKgnL4XCEAiuKnLZNcaTW47Rer0pEV6uTcRzX6xWm1IgIgIiI4szWnK2phIJa+1CUCEJtmiLkTLuVKNkmO4uqhJ3GmW1MlxLZnOkgUSRZVGazLkoFjIWihhNhokYJhVrL1lqUTqJl2gpQSKYokLClcESEBJkZUbvaqZSxjYpSKKWo1i4iIKXibNM0udFsQOkRV6EotVYpatRSI0qdpqlEiRKlq7KSJKldkaJ2nTCmtcycnFkkJEIAMo00VsqoVpJxGkuo1Io0ThMQKgoBFDllmslxbIJSiyQInDQb2wjVErKFDNhRi5uzpUHYpkGtVcUhhWrmBDWk1qZxnICIUiKiiMQJUEopIlsaOTIIyYZsrZYQJWRZppGgIuW0bm1qUqQTKKW2zNYmFKWUqqKgFGW2tIEQVko1CkqhiKqIwHIzJVpLkbZSKrIQYMCUrqu1JhEukhNhJZnpnJoU0akBzdmakeyGM11KnXJKU7ra1mNrY60dkGnZRKmSJSdRS6DadznZGFkKCGsiI7PZTmjpcblWoe962ygEKjJq2ZTCECpYKpmpKLWWkDLdmEKSShHpPDpalig1YmqTpMw2Ta1EEcqpgRLb2dWuhHJKhSKKcWuTUAmVKCmHia5IMrYoUpTSpolgmsZa+9l8ltM0TaNtRYzrIa0uSlerIyBDalOrXR2GVZJODLUWI6YpIhBtHNuUpUSJyCZErdFFl8710ZCtERElbKMAo+hCq2GIEAqJ9TBMY3Z9lURQoxjcplk/q7WCJFkgur4PSAfFRTGNa8BuWC5imnJqtVSVsFsQoNqVrhYST4zTupRwa0dHK0XYY1HpamfIqZWuqxFG5RM/5sNwSmHjpJQuIqbR47iS3bLRHIra1doVQlhkay0lyDq10Wg+67tuli1Xq3VghSJwMrnVWp05DUOUiFIQBYGytam1EhElhpZSGjmz9p0UYKX6vlOJcTmWkEWUqFGiFKI4U6J0fU6NkmRkc2amKYooNYpIWRlRo4TtWosIZ2t2VZRSIySVCEUExRElFI1UUU721EqpitqyjeNYoqYZx6mUEhF2m8/mXZ2BUyqEJDlKCUnGHqdSSqkF27YinCmVKkl2UEqHXLtarMmWakSptdQSkjKT9DS1UEQtbmlRS1Vg4ZYqJQJF1FJBSQ7LdWtNzho1irJN09RqX0NBBNaUE8msn5UShJrb1NI5ZcY4DZnZMpElpHC6RMlshCQiBIGdIAdyqdVOLDtzylKVzTUglOmQWrYIlYhSwpZkQMaSwa2VUqIW2TIIJJPZbCtK2BkB0HJKEqsZ05QIFUVESdJkqNRasY27UK1dRJWtiJa4jaV0oADLQs1tGFuE+m6uIBwStVbbIBUEoaJQKDAqKBSlKhQqIRSFItlghYZxKpKkaRhLRBNuWWpVqrUmlVILOBRd3xECxqlJgQgJM2YLOVQUmW0yStktoiCUWGADhEBRa1WpNVSk0nfNHtZrFRukqLVGVVCjxDQMsmvXl6IoJd1ybGlLAY7Q5CmsUAkFigBFCINtlSJUSxdqWCiklEVXO1qu24RdIgKV2knKKW1CQtgJRCmiEFFUbORIYUv22FobWwSBElprkqIUkNPZMmXbfdcRwsgxjWtQV6rDzU3EMI1tyvU4IHWlJEiSJHAKZURkSyzIdEbUWgpQS0St2dJkohJEhCQBIbKhUAlPU5uylkCOEiGQ2tQCiGjDmKZ2YVMd0XW1yA08GUrtwiLTKOwxm3E2cJJEDUnplo30FLVbr6dxXHd9BWpXiqLWOqXbNIGcDVS6PkLOJNNYRU6mNmLVEhFCatOUJEYiIrCwSSRjWxhDhFS7UkpEqLW0nenMKRROT20gUdiZlIhUMyVcoiLCZLpGN5vPwSJKqbYyW4kopUZfasSUOU2jFCqBXCKAqTWkkHBmGoeqLAJFX4qiFNmSKSWA1lLKWgqlGtvptEooSDew7ZBKVyTNup4oQaStoFBM2kZZVEvp7ESEnPZ6GgSoLJeHXe1nG3NnrodRmZRoiSAiLNqYUxtSBFMmUhQ0tiEUhNqUsgJKKK0SYSci0Wq1Tiel5tSytXE9KmzZiYqriuVaq9OZTqcKUpDZdZ2QRIlijK0giJAUklSKKCWKQlIJIYkuahBRQlFU1FpiF6AiZHtaT8PYShcBzTlNU1e7WovSpZQUtdTFfF5qNSlEIBUEYmrT1CbbmVYESalFUmYCUnR917K11kqU1pqbVaLUYstyOKKolhIqtts0EZIQoLBdIgRK21hEhKQoJYpomVapkik1bE+ZUUpfaykVUhBRBCQqkrCRopRKYCOFJAmbWrtQWCEFIqSQ0mkToVqKgJAaAKUglSBbZqaRDU5FgAmFZGGIIIqwTSsuDiLCrWWmwNaYLZtLKYqCnWnSQTQliq6UqY05JSAZFSnG1pwtnV0JnHZLKceWmaolAjdaZinCUggkUhFSONNyKSUibJNJRF+7KMJSqPZdIaapKSKiKC2FTcuGCIqQnTiKYnKzFWSJaHJEV0tRCRRCCmpXbTU7p6aK1Aknbs0RJFZLpQ1RSyhaG/u+n836FBCCRrbWMOmMIKRSSq1VipCQmkm3zHQ2RxhHjb72CnVFToPkUGAEFlmidn1XFIJaay2liK6fAVFK19VpHDNVa4CMpCilmsRWiWmconYKCZvoJKIARREhJxa0TDu62nIMBU6VAHclGpAoSinKZLVaLeazjcV8HNu4Hvu+bzlZqrWGwjSp2G5ThrCE5JagKIFSKuksoAiTQQGmYZyyYSxymoZh3VpTc+n6tCNKqTVbGheVUmIYx5Bq7dswlU/4uI+K0teuFoVCpY9ITW1YTytb875TdOO4nqahq709SU6rhlBpTuRKRU6EqDX6WQei1CCmacSMw7Aahr6rtZbMLKVka4kjgsB2SKV0skspXZRSIhsZDsU4tmGaSilpAvV9Z9xyapMTd1Faa5koGKYxsyF1835qjSRCteuilpSdWUoxbZqawFLLlqIvnaVQdNEhI9sKIkoptSpsZ8s2jWMpJWrpJEoo3KZsmS0zotSuVgExjAMRtRSnpVBEm9rUpqi1i9oycSJNU4JKUaBpGlVrS5MuEX0/E8IZtQtJgB2lYLpakQwFENgRVcKZdmZLS5JrjWZJSmdCIVC2oaVbOkOqfQVP2ZRJRFc7Sa1N4MR9dFECicyoEVEiolPFBisQCEqp2aacGiLTpQsRtesiZBtFiYJCSAoikiQVRZKiiMRGKKQonYMi2VoPg9UUIYEySnF6aiZdurAJE10XQctpymmchqqwLWFQRKldlFojrBiG0a1FFMhSYsoUImSQCZVQRBQLmxDNLZOQsqVK2E7bTqdKrXaGQ5GJ3CzLZDqnMds01q6XaNmmqeU4Ra0RBVuK2pcQ2HYaPLU2UUp0JZy2vV5PtEmqUeTmTCMqQY2iOrUkW3S1RMnmTJPNcqgkjihIpJFKlBqldF2UcFpSigglFlEVU7aptbCM022aspGSotY2TkbgNk1Ri3GmQU5HuLWWiUAlQtQISQ5AXddFqZIUYWe2KXGAIiIiioREAipCEWHjKBWwGwZJBVnpFJJlsk2T5FJLRCDlepzaWLsuSqldJ+HERa1Nw2qoXZSoIUGAMKHINiqiEHZbDSsymxnHYb1aq0iKsY1AKaVElCgSgdbDmoguqqpsipTN4FKrrSgIMomI2nVdLaBSAwUQtXRdtUQASicNFRmiBgiDsF1LjVqkiBJtUmtjc9Zap7EptOgXCtm2VGoXEYBEsyX6vjeZBsnpUjuliei6GbIdBkLF0XJCWaOKSGWp1elhHKN0RYK0CBUsKYSFIzRNOU1DKRFQa+fMZksZKhG2HaUiY6QoXQG3NuG0QshStja1VJB2RJVNKCQ3I0kRUk6JUETagWwpLVGjqCgNTkw6wxFdEFFKZDZak0K2BMhyWBGRaYk2TgldlOjCeJpMGxVRS41apswSJM4kbdtOd7WCMV3fm5hak5tq2VjMIwJhrHS6ka5dV7u+li7EaLtlVzs7Qq1GVQRYpWAniCBbG8dSa40AS5raFFFCZEs7S+3HabRR4HQpIWsYxzYNpZSWbRqnbC0kJIUy0yZbylatYVmRmYAgbey0VZQtW2uSu65XVEFL01KBgcxpmgw11JXiIsvCrbUaEVLLsWU6nc3CTpKkETXs6AuKagwOlDJJ6avTmWmyEJZUqCqYCBVF4ihShCJSJi0hIuQSQcgtS5GRIkqUEqESUYpwm6yiGoUCdkvcWoQIuTWjNIhSi7ETBdmaBKi5uRmhEiJqV0p0dmvTSAQiiFoLcmaWUkspkhTRcJQQEbIbwzRK1IgoJSKcVkRXikMAadklapSS6VBImROJFCoUk9lSoBJKE5BGQioSUEoQAqKUQtgpW8nkLKGu61u2tEqJlm2axgiV2hXJODPtLIo0TmoNR8jYBCQqpRRhZ5SAEESUkGwcFBWJxMIWSH3pokQqaS6lhtR1nRSSJdVSAqmWkGmJs5RSQ7bGabRzMdsoXTiJUHPzZOxQTOn0NOt6KaZpnM/mtXa2SwmLUEhK0m7ZcpwyilBktogC1KKptVoihJvTrlFNyppswLZtBYKWGcg5pSXCOEJYBLXru65PexqnaUq7oYKwXWclSuToUJEkSbakFFCopdYOuRk7nS1KoNLPa4nIqSmidlXWOA2OEs7aVUmgCBVEKbLHaUrRlyoFktOtTS0zIsAtm4hQmGlqU6AomqYmJSibEaV0iXMa00QNmono+r5Nk0qZzWauEdEtFn2UiKJxapmposV8EcQ4rppdPuGjPkJFSg9tmqbBSfQlQEQJgFIjs8lRqrJhm+ZSVErXciwqte9KLVMbo5SNza2um4NUFBKO9FRL7bpuHFtrU1dnCa25qCJlsyQVpQ2t1rIe29SmUmqYsbVaYzbvJJUSUxvbZNvjNEaE7DRJm/UdppZSooRKa60gkCGxJKXc3LKZEKq1llJbtlKKICQnxiansXWlqkhQSxnW02q1nHe9SikKoclThEzU0knIVunW6+V6nEpl1s+GYVRRREF4ysPloVBfOhVst+auqy0tZWY2G4VEEAZJEplpCzLbpBIqBTyOU4iudoY0EUyTWxvc0nZEqKiWThFp2jTZWWotES1TqM6qVGqt/XwWijZZEg4JG0J9V0E1ulS2yciZbi0BSelsdiaSanQKTdM0TENfuqjhtKSIADkTcGZLGzutKHJmNmdLAypRCGGZVIQjyWzN47BSieKws5SSTdM0BVFq1FLSJo2KbdtphwiVkFfrtQxFvQqhdJuyOdPZkoyIEiXlkDJTEVFKhAJFhOx0k8l0KUUCEREy2bI5szVFCWjNOJsVIuVIKSKkxLV0ElGq7Wkc+tmidqW1KTNLKWm3zFoCRWaObSo1IsrUWnqyVbuIUrsaik7KxA5lZhvXwqUroWiZU7rrai01I3JsxiVqy0kRIUIyKqXIbmlEKKZxkFUi7JbY6agBthBBSJklQgpJUZRINkhSm8ZQlK6WiBSya+1KhG0BIhvICjJtbJAdtQsVI0S2DIWxkCJaklOLEiG1qaVbRNTaCaWNUQRBGuNSai0BKFRKaZmZLrVECWfLZockFVRKqbVTkSLASAGSSq0hjbmemmspRUVFRX2p0XWdRFgKhUNmyiQTR2sOoRKh4pbrYZAiigxVkdBaM7Zb2kEYR1FCa81pYymKopZOUREhWQZaNilsdbWWIqGcpnRGiVoKEdmyFPo6M57SmV7uH5W+jwjZpdYwxtM0ZUuhiFJClRhbE45SZCkkp4CiKEUK2xEgZdoQEbUUEiHArVGRYxgGLKRsU1FE7YQykxokIJhMgIzDwgmttVweHYWi7+Z2IjJzHKcagQgCp4NQCEetshop09XOqLUGSCq12K2oy6BNU9pd12c622TZiohiRNqWIhzGFsW01nIaxylbKWUcR2dGxNBalSDt6PoqomWjYYlEAc3GRaX2FYPdwC27ogQcIZVaQjUiFFEkSok0odZardVGtmkY4cxpvZ5kjNPUUmpVG6cyq7XrIiJKkNHPekXJ5lKj1CrIVKmF9DBNESHRWit9XyOi1MzWMkvIEjaUpBkrSgnZbtO0GtbZPLbROdlEjVJKKIdhiKglhNs0NWdTCeMikkzcdbOuq5PbMIxuOZ/145TTNKbz6GDpdNf1iGGcFFR1patOSkihopLN0ziCIgLIqU3jZFxLiVpLFKHWmiIkhABF5NRIRyltymls5IRKLRWlDYqIUqVpGiNKDZKgWaAitwQiwqavJUqRlU4QbjKmgDEtM1RLqcZtaKECuLnUyJbjNETUiFpLhErILWQTyE5nFsnIrbXJzQmmUqhRA4VQKSVzslX7ipHCdmtjrdWZ4zSVWkrUJAVS6WooapSopcjErGtjo6hGTNkkQlqvBqRSio1JFMYNd6UCBC0dIhQRISkiQgWSkEytnZGd0ziGiiAhTEsr6Epnaz2NQlFCIXBmmiwqloxLlHRK1K6TLDtNiVDENA1FCrFeLg0hEJKGYT0Mq+aWU5MKIdKz2Swi2pQRhiAhmiwrp2xOShRJmY5ap3HthExsSdihEFLVYjarJdrYpmlKt65W47RlmulKqbWmJxuHs7VxGLuuSlFCWLKnqS2XK0jjHCdIxDiMy+U6SMjadbUWJ7VGKWqZ02qAiJAjIiKiODROk1T6rms5juuxllpCmQ4opbY2BZEiFEg2VkoFqagkwmTLxBEax5ESpdTAxkTx1CIi00iKGIZ1raWfdVNrXa2l1lqiqGROkqIL27XUUmtIy9Va0sZ8rihRohZL0dW+OeWMEjbjMK1W61CoqzVKmyaXHMcJqXziJ3wkaUNXu2G9HsdJKKIYr9cDoWxtGls3q7an1sZxsKeQpGq3yQ4oXZctW8sijdMwtlEqKHBmIkXfd6VGKSGwFETpqsJFkcIJFgoRs9msdtGmVASSnTYQMm0aaym1diIS1+gI1dIhtWkqUVRrFGcqFHZmuItSS59u62mqpZQig90EJovVckwTAhmrTaRbVZQAWI/rNrqf9RJSoUQo7Gwts2XtaqlFYpoyKlG7CKUTBW4oJE3TVGs1ZKZMlFJrV0pMzmwuKqWEzTgM0zSpFLKtVuthGKexmSylRinTOJEuRVNO2ZqCWmqtkZBGEREilTm1ybNSEoRKKZJMyrKlAGdQFCiCTMu1lFKKINMtW6ldUGqRFEJdV2RhGUdELZLVyMzJZKG6KFCoQjqb3UJFEZkuIaDhEFFqKIQU0bKBJWSwwUqlM4IopSgIKUIqkmWStI2tKMYkUcEI911XSm0NaOqqUGaLCKdzGEstpYQIRYkgokyZbRplZWYCTklRw86IUCiIydASNE2TnTm51CInskE4cxIFWQqFQSFZkAZHKbN+Vmpks6AokEBtmkAg4yAQNcIYq5bOhGRZKiBPbarQdTMCCDuAWmutnaC15mbJdiLI6LoKNlJIIQnbASanMSMQykyl+lmvIBS1llqqpOYUYYCUorWmiBoRUaZhSlmO6IqIEAibiIhaMm23ErXU0loKlBiCorBNywkpQk43pxTGnkZFYMsuUVQCCUcIBVjGQhERWBIESWsNHCEp3BizdbVEKW6JFFEoatNkq5RAACYBZBqlRolI25lRyqzvayk2FhhLRLRpFEyk3KKUroRDmYmCTEURrSU1JIVxEFJRicwJYyzbzREKMbZMp0DgkASJM0VEUMKJhNMG52RbFGoURaSdbhIkRJRSIjxlU2jKEYqaKaWWgjy15mBYr0vtikrDAqlMmdlapIdxAtcoikhcRFXBQtkys2UpkY6AGiWKwJmpCKenNrTWBChCUUunICQRxrZtMsmpRah2JXGbGtDPumwZEUSAIyKkbM7MUINQlJYNCGkaRuMoVTC2qaooXBSSWmstU5QIkZk2tjG2Ikp0KLGCiFq7UqTSlRolJGcaW1JQMOM0ODOqjNJTF0UlRBrkyJajW1e7vvYtm51ShGSK3aZsMpMbtmGa2tSmYhBSpO1M1RKqKKfWLMlISoeCTKRwsxEySUg5DTallChV4EzCmYBq6aLUWotAob520zRlpkARigiQKKWGQgrbpdRu1tlC2JaE6GrXlaoQEZmTQUUlwEQppRSsGmF7mkaBMYp0ygrJ6Vq7rq8QzgaUrrh5bJMhFKV2USKdLRuyIgA7QRC2A2cmyLYUgmYHECFZoXQKohSFVIqQ0zKKaJ6mKQU2RSI0tSSTwI2cmkJGrTXbKmCJACQXFYXAJULKzKy1Smo5SkSU1iwshCwVCQkpsk0GUZFtZeZ6GsLKbNlarX2EFGTLaT22li2NUgS4lCCNbZW0ac12KWFo09SmUSoOtzZhjCSth1FJiepsgWyjCInmcZpsJOFmEyFRkEIp1SRt+tpJmqapTa2UEhFGiJCiFiCiyIytNdsthVum3IRqrQBW5oQpJTLTchAKGZyJaWmaFdRSxnHdplZqSbdQkciWQoQi+tqpKAyttdZaV4thahOmtUm1yiYIRS0lari5Zat9ndXZNE2KKFFKV91aolLDbqBMpzNKgB3KbG1qtatGma2EVCKdpPt+FpKdXVedFDGN43J1IDHr+hJyy6aWJClH7Welqz3GliFqkBhFRGYKopSu1Na8Xq5btq6r6bQZ16txHDc3NyOUma05M52eWpZQkQgk4ZRUrLFljhMglSQzW9/XUA3JTkK1VCkgo4RMGIe6Urq+d8uUPdkkOI1wRz1aL/valVozU3aNYkXLyW7ZWnVxtExHDYWWq3UUzeZ9lABC0XJszUFNXD7l4z5W2CBUa6eQbUWEUZRaijNbZi29ZKenaZSKohi6bhYRSDbZhpw8kdmy1FK6Pt2mYYqCUZuaUUTY1EClZmslglJkJNWuq7U4E2WbkCTJTlHSOQ2DcKKu61J4mqKEiksU5Gkc0yginIjLLJUQkrGbG3btiiglRJJkqCjkNMmUaZATyYndVEo2hx211ogoRZKKnALhltMUXY2ITBciKLi1lJyl1FBBEk6nGhSBIiIiTBunqZRSiCiKErUUKaKLrlYRUhCupZTonKgIuev6tMZpNO5qHxGGnFqE+r6TPeXkdIlQRJQopSQmPY3Ndq0hlJTEBSkTSRGlFCfOqU1gl1pRTlPaGSFLESAkRcgWoo1T2rX2pRY5054yZStqUVACCAVBRAnLaWezaW4RUUq0DBWFCiVERClCDgVSCCuUQoLMLBFRFJIUoWg0WYoSJewcx6kroRJ917dhPDo6LLVIEaVGkEKWsbHA2YLo+mIkEyrUSkuAEiTDtHa2iBLBNE0iat91pbSWilJqoGIctWba2bJlA7CMsyGFIkRLAKlEjQwC1RJphmmdU9YIKRIKUaJQ7LRF1CAxZJui1KJAESWUjlKQ5LQiPcoRpatVtlRoaUlRSpKZxs7WJiemKGpXa61GKhGS3ZwNq3nKJETX9aBxHKUIEZAmlVxWu9La5MzJNmlTa0gahmEYRhVm/axEqbVCWorAtkyavutKKVOb2pRRwrYkkIEIhWwpiJBCENAyMSmEZIEtkVJIigKZ2apCIcDpUEjOdJpaVCJaG1fLoShsSDe71go4DSpRTSvIAhOBSolQBG6E1HVd1E4hobTDlK4rCDG1lhmKKIpSairbMHa1Iyp2mFpLlDJNDZBCCCmCTIdEiQhq12XLcRojguYotZSwslhIgkxjonSSRJYSEk7JEiqllr5WiYhxuZ6mKSQRtdbM0cbZCCmCtAVBLUFEFAUlTY5DswXDNEWEEdM0ZaqEnSSIUkrUEhEREaVGVYlK0DKdRFWSU5tsd6V0s1ntOkzmZCg1FIFTwk475aKCSTtxCYXDkotK1OLWjEsoiGEYiIzoIqLl2NIhRVUoWjbSYBGEghCYKKVEDdkKhdRMCBQCSVMScuK0S6mlFEwoLExaklUiFOFsXVSFQLVUOwWlaGoNo4i0MUS0NlaFAkRECCKK0JRTiRIKkaBxWCPPZrPWmnFEATltDLJAEYTdMFgKKRQlJIHHYTC0TDAGlM5aKmSma+2cLSEi0mmyKGqtgGUp0hkGARbRWpMUEhk11NykAEDjuB6Hoat9hNxahEqp2CmrCFuolKpSAhLZGaCQ7EZO46ikoJQLERFdqSFNrZVSQjFNLT3V0gvXojQgEHYpHSERJQLJJml2i4LU5zhNbUpPOAw2zRmgErbTZNrOEkIBGts4tYai1HBmCIXSVgbB2JozS+kjVERzZhop3ewE22SCQJaEFKFaakRRRAQkJjGIVJbSKQxI4WyZlFJkgSOIUoUiIhSKWmoRGobVuB5LV7oS2TIziyIq4zjaWWrNgMyptdYm41pLUZ2ygUqJlqmQFGkXhYWiGjc3rFoCN1kKioqKSIAIFUk1nKpFRC1geWojGNumlBDKNiVZxXqcpvWaoEYkaeTMEkgxTYNFLbEeBuOuq4guIii1K0ittVICBRJOh2zXkCHbZEXf9yEN44haVTFM2bAcyjZFhHE2lxpuyhwz6WqJUsKWIqIISsTYGpKs9XooJdItKG5tvR7cxtbaNE7jONTSzRcdxJStdsVNbRprib50zW1K3AZAItMtpxoVldamKKXUmsZkKaVESbeiKNHP+s4hT5ZACqFSutrVrq6HUShsEykjRwkiFFFLZGbLDEpEpJ1QSpQSzhzHUSptmrK1iKKIsY05TSFZtJxQjOPg5oYzs6ulZU7jqJBKyMo2Ot2mnMg04zQpKBFKlyi1VNuZKZVaS6jImtpUPvHjPjIiWktELbWooHBOkmZdDbKZCKIgqsiWrdSqCFCthUw8uXkcxzZNtvuuKyUQNkhFEbUaZCLU2pQykM5SOrfJIENEieLM9XrMbMZp11oi0g3bjtKVGkVurWUS5DS2zFIqgCDdsqUJUSLcGkRDrbkEUQponMaoiqhjmwJRhImIlq4hFNPUhmkEdbVObRxW6zqblVIjoqWzueUYkktIKCCVU6oWRcnEygiFSonAJqJGdWTfzWpXMlMlpFJLqbUbpmmapq72EVUFEVGK3STVUmuUVBo7UwqR6Syl1NpJcuZ6nKY21YhMSldMRJQIpBI4rbRxWhaKErZwE6hAuDUr5MyWnqYJXEpBdkqFKEUwZebUQiWKMjMExlgRco5tKlHSKURIAkKhKS3J6VSisGywHRBEV6sxUGsIbCSEFGFBWiKN1XAgSdFaA4ioJZwoVEoppWRLyUS1ASWepiyliKKQInLKCGxq1MyppUutQmQCpe+KNGUTlqPlZITU12LbuNYiCVNq2OBUCAokaeMIpbEppSCnZJzZWkuJ5majbEZTm2rXdbWXrahd38mkG1ImoYxSI5S221S6WlTG1tyaCCuRMEZkilCRAkNRraUMw1qKCLVxatlCISGIWkNh21aIUGSbWmvZyNYU4SmlKLU0J05sRSQWFJW0Sfe1SyAlIQNSaFyPpRQTIdmpCCtzajJIpBOTztbSDVMjSglBaykRIt1sakiKbNkyZaJUk7JKLZKdGCSctrPlhCk1FNVmmkbJpdQkETUUUVpaUolS+y6kxJkGW9QopdZpGhMplElXS6m15RSACiJK1FIzm52AMyUkrddDlIhaiuxMBa2lW6YzM53TehpkU4RtVGuRLQHOBEE6FKUUTGtjGpVSuyKkKOlsrU1TG6YBMazWURSFbEYRCmCaMgpAVRmmyZljuhai9LUEKEQp3TiNAoHTrbXFbFZKsY0DbJIoAlV1pdaoU5sIZLdsOWYUFKWUrkRIMpYgq2S3zHQJSVFCJtSSKF0pUkzZsjVFFAXpUjsRZCaSCGSIKKUEIqJIUoRsqQhNiYJQRJRaCsLpdNZaapS0oxSwiNpVQjRSmTmVWphyPQ5pqygUiHAgSXJS+66WrithsJAUIVuhEAZRirBEa2rjEFURMY1uZBARxWRRKSqE25Qo+n6GyGScpsxWSgmQQhGC6GrtOpuIIEKkVEshMwWlVIUyXaxShSJJQlIURbachpHM2ikJt2YrQhGhKCrYntqEhBSSbUxmphTIU47TWKPWruTUWiIhkB0lkI2oyvRwtBzGddcXWh4cLGd93y8WKEt04HFsxkIiag1CodKabQIpEMrMbEYupVCCZrAzbVOiRESEhVuzsFvaiqIQNiKzFVVJ6amWQoKsLEmKQMZIEVGmNikUUUKApVIUITkciggJpTMihYpkCRsFaUsqcmsBEVECQxKQlkhLALKQBYgiRAlh40RylAJYBCTKbAVKLaSb3XVlypzGsQQqGGQhd7UiTdMYob6rLZ0ta0St/ZTNdq1VhUw7SVgPq5zczbpQRI0iCcAoQhBRIizViCgB4dZaNtkiokglpNJySqvJmnJsrRTVUlQiCARyDZWuSrIxErItBdlUSlGxkEMRXVejFEVRej2s0xSxHgajUoszu75D5Dghr9drm4hwOmoxYbtEIWpXIjOncWiNUqMqxqnlNPVdpyo3S2EcktOSQ0oopaSzdCUoxrKQagRRxmEwyKFCTunM2tW2HkqJaWxjm6ySOZZSZrN5E9lSNBXhKNFZMpJkVEJTpuzaVUURKESodjVU2jQl7rtaSqSzqCokEV0dlkPzpBKQSFjZpnFcT+Mooa4PYUWohGRlJtM0ldKVUNToaqWqRkEahymn1rIJZZuMu74vAlOirId1jXA6QqTHcZJb33XdrB/WLWRJQGtNEVamLVFrV0KCYWi11BJBkUFgrIjMRA1cPv6jPyKlQNMwQUYtMooi21RE2C0npCKmsbXJkKCu7wIvV6vV0apN03w2K/2MiKKICBQ4SilRo7WsUaKLcZxkjETY6WYVhRS1yG5pY4FCtdZau5BCgVDITilssrVml1Jn/UwWttNRwtjpqAU8jJMUUQKnlBF1aq1NTZINSSkinW6l9KVIUkSJEoEUmvVdEEiKSJvJhBSyrQCiiLFNJYoi0g3LZEQpUSI64cQtWwmFmFrDTEkpKlERIdrUxnEKA3I4gak1ZY2uZZM0tjFb9rO5UMsstXZdZ6KoqNiE3Gws2Xa2UsLOiBCQ2EZN1FCJGiWCwI1my+BikBBRqxRBCNtJKQopVFTUmo1lQC0zM0mHZOc4jZmtqx1uKZVSigJyak12LZFu2QwOAqi1RgnjcZowISVIWNmaJU3ZCjKKokJOkxVRa5EzpyQkhWWkdNooYhpby6wlxmlyZldrP++rQhAqpgVuKZNRBHK2bG2anOkIRSBynKaptcy0s+9qqV1mDsOgoERtOLMRspmmsWXKYJotrFJChF1KtZPMUruuRpTSWvOURZ3D2Zwta1dKUKLYGaW01sY2dbWAM6WCFKRbEg5HSgpCkVKAJYGjhISdbcJOmShMzRFF9tiaQgIiSpQSNZnGcSpIRbLs1kwtXQnVWqPrZK3Xq2zZdTUnG2XL1iaVElKUQigiCioKh1fLFYYgiqKWrpZszVPLpGUKQKgoZHtsoxNFUCQi8TRmKVKJNjkKEcUmM5MMYaWTEmBNU4KKPDXbBosoUaJUpadslCglIkoaTNRSS6RdFKUWpOYmhCQKaeNaehUwEUV2FE0tsRWBpVCEmjMnJ80IEVGwjWtXLSBASJlpIFjuH45t7LtZ388wSWIhISFK6aLImTZtzJyGlrmeJuEaxbbtJENhgESUiFKiUG2cU5SICBFWZiaKEMYK1ygqpZRCCKnrZiXIzBIVpVFA7XqJdLZ0Ou1WS6DADoWCQkSpkgJKLVGLjDpsk0YA4GlqJmutpQgrTZFLrVFKa1PLjChYkhERoBBgRSFUBQoBJBbONARYTHYIbKDUogjStjObsFS4zKZNU6lFyC1btggJpmHKKKWEFJktFCFNbUqc2YZpCCsiMgmaJOywAlSDxMItTdbS2TRPUlGSZNcVJOHWstaCcLOkWddHME6t67uQbEsCtWxySxyKzEZmV2pz2pSIzBbIyG7OLCVKEVK2zOZSQkIRpdTmtOlqF5IEEISxDAZJJhS1dBJTy7T7roZIsmUrUVRkonSlqCDcWiNLBFJi2TViuV4N07S9tdN3dRyGmM/6WlvaCKdKKVFASLV209SMCSkiokZEYrdWSimlRFSEQlE642yWbWIaVtOYpUaNMo5NuJQSAkLQpgxyyua0LcnOTDLTOSVSRERErRVsJIm0SoQCcLiWKoSYsoXA4XQIlSqE0og0TkV0JUzYnsYJZ5QaKgopRMpQalFIUZxubjVCok2TQKE0IRQhgVVKTSdWqUUCR05T2qV0ibM1CyHSrU1g40DpjFptaFlKJXBzhksNJeCu70oUip2KhEIaoNSaU2JJtqJGEGGnW9pEF6WGLDtFESaxkGk5JRG45YQtKW2jEpFIhqLaV0GaElIJrCjuug5imqbMHMYps9Gc8nwxD4VsUCmdWwNFxNia0Hw2VymttYKiEiXcjMjJdmInWo+rNo4RtdRo41SiszyMgxq1KyaypSHTkmVTwrYViFKq7Ga7Zd+VLkpmK30XKFsjFIpuVub9vHZ9KVG6WYgi5ZhSCanru1JKa5NxiaoSYVDY2bKVkJCEFJnT1CabEhElxnGsUVuSbQxpcgJRSkStNbJla1NIUUpKJaKWkDMzW8tsztayTTY1Ypomp5FyauM0yBmESkhQSi01naQbDUWbWqYUpYYkBULUrjMWDoVQTmPLFkVtbNsbG32dQ5OjZbbJuE2exvU6W0MKCbJNkzKJUj7hYz/CE+tpVKjUSlI6hUrUMOQ0gVCLqC1zbK3Wotr1tSItV+uuK7XW9Xpoznk/67o+W8NIsuRM1KapOXOamlurfQ1Hc8MYhCDkmFrL1iIUEbUEKnaO4yhJRaTklKTASVHpZ11ikpSRMj0NEyVr6ZE8NZXouy5KwRRkUYpq7SCBUrpaQ4QKxjSDFBERgYTGHLPlrO9CRSWiYFNCKkWhbFZmgi1AFUlRkRXhnCYw0FpaIGVLFZfSjeM4TaMU0zj2fd/PZm2asrUoRQCutRaBZej7DjSsR5O169IehyGdppSopUZOOeVUS6iGMokQAbhlU0ql1mhTK6UYcjIwm/cRMY6jDPZ6NaAkShhESIhpmIBaCgZDUY0ihUXiCGV6almi1K5rmeBQkQpyOiNqSLZQFnWllszEKMLONk1dP4sozrRpU2tuqEhECZolTTbZAqxQicQSNQIJ3KZJzZbJht3P+nRTKEpFMsZpnM1WCNJZIiwE09gUdF0XEVhg2yWEoohsOQyr1jKkruudti3jTINQF5Vaasg0CIFbGhQgpuZa1CzciFoiEFFCob7rQm6TU0TIUxpkLGXLli2Qm51Zo5uYIo2juWUD0VoTCCnCuGWOwzA5ndnsrkREtEzsEqGQ0NQmZ9pE0Gyk9Xp9tD7qal+LjGxCZNq4RBcRYGMJ20UFyGxFMU25Wh0pJEprQy2llK61sbWMQA5DrbVIloVUAlNKqVFVo0i1hKSWGSgiZKIoFEC2VkrXlWLblmWpgNs0ISKKsxVJEZKkkLAFLhFSEHaiULYchymwxTR5GkdPLVNdFxFyOrPVUkop0zhgJKXTzSEkYTsNGqcphJsNOU5RqDHruuLMTHBma0EpUUqxkBT9vO+jS9zaFIRNhARRawhIZ8jNEKVEhJxRaimRrSmioiglTKmlKGS6bq7A2WotUNIJlBJB4BQhkc2ZU0QNkNWyTW0axrErlVAbm0SEQC7IJUIYpGwtpMxMZ2tTqWrTaLJ0XZTATFNiSsQ4TDhF2FJRIJOm2nY2KBinEbIjkJRYliwrW0apQqVESBKybRGyIiSlcUvkgFKipbMlmFDYlkCSEODMRC4KI+yIUJScsrnVUkoN2ULT1ATjNKDo+65SUAqN07o1QsqpRVcSJBDZEqmWAhjX2pUSaQqhkNNGChLRmpHlCKLUcRicRjRbyGYcx3EauxJQwMYRUaKEok1pHCGnkVDIUi0SraWKSq2gbFObpqiBShAEiiguoycJG5KIUkpprTU7WxojtUwlGOxuNuuis1oQpQb2ODbLwq017NYypH4+q1GFLBTRl5pOrMxGMCtVpahEF5E5TdOkqFFKTi2nqZZSFIqwAYXsTFCtXShEm6ac2jS1MUrp+rkzh3GqtZTahQpkmmma0llLVyKQQYmUGaUWyeBAloUURWq2naCWmdlKKUpPrSXhbELGQmmkzGbIIKJEay0IlSq5TU0lkFEgl4gwq3HdhqnUqlAopmkap7FEBTmzZSrUly5xSFIgBZAZiiQzXUREGIBKUVFRACDAmSIiCggQUnHtOjdkIiKnFl3pS48InCnnhKSIbA0iUukWXTHkNGVmFBmUSk+hKCo26QYqRYEiwhEhFUWJ4paZDlVFCGxjgwLcppaOiGlqmdmyBZJJZ7YkowSzrnehqOv6TohmikoJS+DSzboSCYRkTdPUMlFk4myKcFGJUkrYTcTGYlG60tJkllpMTOMoRVdrs6NEiRiHdS01badJSiEbVWrZWsuQEkthcOY4Dki1FItaKi2n9dTakC2t6Lpuwi2bKXZKpeuKTWa2xFCjZJtsR+mQ0m5OVMIgCduSXGqxm4m+1szmMUMReJxyGodSutl8QZWsEgExThNFEWptqqX2i0WJYqJlm8b0lOv1WlI/66a0rBJhAJeoU2YbRuyuryGVGpmEXbpSun4a1rIjipsVZDYyZ6VXqSQT0zRNLd2XrtSIUu1s01Rns65WlQgJC1GilE/+uI8ptUgsZvM2TUlG7ZiaAgujqBGEFNOUmbmxscCRaYydoVJEKWFLtcz6bmptbFOp4eapZVd7TTnkWihKF8KSUxR1JYgw2aYhECEUEcpmY7WmCKFsViCI0kmkCJVsbZgGYDbrs6XbBBZhZ0F11mVONgo8OZWSQqHAOCTCpZTEw3ogXbqa2aZxNLZJu0ZIMbXW2tTP+1DJ1hwKShvG5jafL6J0dmKrdF1omtzalC2n1oSilkwLd92sVjkpCtuekigtm3AoKGRmLV0pZZymzIQAC0mkm6GWTtK4XI/DGBEmhYBai6KgUhTGUokIZ2tOohQRpaabxNSam9XVvutstzaVUmxP41hr19W+tZSIUsAtG6hEJCEyTK0FMQzrqtrPulLC6a7romi9WuEoUoalgJLTSCiiCCE3NxEqlFCaWvpaBeFMy05qiTQYIeTWso1jRFEtpDMnpwW2FEyZtdQ668OhgqLLnKbmUqIrkdOUVilqDbBKOE1apQhJEJr1s5AIwmQjAoQUpXSSpnHCdH0JaXLrIkpXW1p2qRG1kJlYRIhSapRCyKaWiBI0AhNRoigIBRBCFPB6HNxGYBwHoJ/NQIKuhBTpjCKXcE4WoQBjR6kKt3QIgxAibZkgJIUYpslupXQhAqVzHFvLKVQVmloLgd3alC2jRHVMtiRZkkpEkiUKKCLSBoWi2aFw5jgOpShCQNfP7RynoUQtEUCtnd1aplRAsg0qobBSCNBqGGmuNZBKiSjRWmtTBlKRSsEIubVmsG0rJBGKFASh0lqLEJJDQhE4yZYK1qvVsF7bWWq0Zsld6QgyXUpRKZIckB5bM65dB0LUUiJKI7PlMI0FlSgIIEpnmNpkNLUMOaKATLOx05mttWkYCdo0RUilKALCpOw2tXQqFBGBJdW+L1HSOB2lRCkOTcM4tiEiCE3jKMXktFyiV5BpSV3XuSWIsBGin82jKjNTBJINTV20cRyGsZv1JQqyTbrJgac2TW1qQioqETag9TiGSq29kuYJ03CJsG2yqmQ0oVqLRJjm1loLqZZoskzLxLJwcxAqalOLECC7tZY4IiJictqUKAA0iKJQhBwRIUlJqTVKMQaLgjy15nSJioxRqBY5s7VWa0W0KRFCkzMgkXBEUZUlRYQY18M0jf28d7pNTVEsCYeEcKbTrU04wVGrSNuJgvQ0taSWisgpgXQbp1ZLKVLpqoRxVaUrhYIMxkYSIKKE7YhiJNRyQkgqJSKkiMwmCqAI2RTl1OQguEzGITlTkUKVSKFwjUDqZx0wDuthtYoqUZCn1rDJlEKUls12KKbM0pUSZcohWwuVqArCuJYwITyNo+x0m6ZJFOMqNeM2TW61FHWR2SRJSiFJomVmE2G3rF3t+x5o4ygRtZaIYRqmcZIoqNY+alWRIkpoGNaZjihRlLhEsd3aVEuAbJdSSg2n2zghtXRIXUTUGqHmxCIUihBGkiAQyGm7pSIUIQtwJtbYWjjtqF2JiGmapnHqao0iwZQNJyqlFtK2SiinZnJo09RSJgQh27SGZVGiK0UEiUtE1EJIBogiSZkWypxK3zU7pzaLYsnplm2aRkWUKCFaM7JFKTWECBwm3SiqwoaIghPnNE6S02kBrURECUzayF2tKiGQPE1NCpVQQKJSahekDVWVEukMqUbtZzVqKURrk8lsLd1am7JZkM2hopCKMls20mm77/sijdMgYadUulKFiqLWWqJky2Ki6y2k7GufdstmpxWIiKil2FgupRplm0DOlNR1VUiKCNyctoJSK4aprdaraVqN41hLzGdzMApFiVB0pZYyZYY0tixBpSqEUIiWmZl2OEoQpUo2UimGiEK6dqVEl7hAdNVOy1FK3/WtTdkyVGrXZ2tja5muAoVCCmzZU9/V2vVdDaD0XVFtTmEpkmZTothJ0Xy2sBNbDrJZRqUExjkmbbRUozRsihSllrGN0zDVUlWihEpXIDIdKn3XTdNYSlFqykkKFOUTP+4jEkp0xm0cFc71tB5XpJCKQiTYbWo5tWnq+g23Ke1SS61lmsZsdF3t5osuytTStGlqSkoUG8ulBKoRBRITihCllFqq09itZTefhcKtSUo3JMtdqWlP0yjUphEsRHMoohqXEGNrkIqikFFmKgJwprETB0E47WxStNZamiQK07pN01SKopauVodqrTVKZiqilFitV+M4zvuZitbrMW2yjVOzVGqVHaViSggha2oT2VBRFGzsUjtFZFomItJpZbOrFKVGSFatNaK0lm3KGopana05wbV0fdcrFEWlhonSFwi3KRMVCYyF0i61KAqZJksJEyadiWRTaqm15NjGcSxSlMg0QrIiQkgylmprLWpt2UJgWZI0TdN6vYpS+65rCeFaastUymFFVaYh5FBNU2o4W0vcMiIknAQowibbmGBbJUSppZQSw9QkatSoXZIeMgrjmKXraj8TlgIgLQmRU6bbOE4mu1IptWUTRoKIwKmQSildrS1btixdsT1NkzObLSi1ZjoiEC5gR4lSSiaZqSi1lBCWUYSYxoasVGsgRYi0IkqUzJxaqkQp0dJYKkq7qDibI0qECLfW3FprYdVSo5SoNd3a1IgoQAlZtRaCUAkJpwhQpomQSshd7UqtUYQiWwuplmj21Oj6qKWTJKmUUktn6Lo+okSNcHUh07ajANHaIFDImQgIQ6CIgtxJQCld2pme1R4ZJDkiQmQ6nUJSSU9yoshpwhbGMtnGBo5SkZxOGiMUohYsuakExiDJcq0dspAC46KSLds0RQlFYGdLEUKEUVSVblYzIVVrjailCwVCobQlNLURRS21RpEiikQgDEE4m9KldApLUWqNcE4tU7VKQQOMEBJABCYzu66LKLaDYlsCZ2smbBCk05kp26SzRrVIuxTlNKUNdloRraUzS62l4DQJRbZtlyjjMJWuKmqbxlL6wOthICm1lBKl1ohoU2ut1VpLLWFSki20XB4SEHVy2tTaWdgOpFJqrUDKBSKKbFCEpKpIKABksyM6nK1lUURX3HKc2pRZawHSrl0FWjahqbUo0dIlVKKkcJtQ1BIkdgKZmemWkxRdrUJEGlobS5QSRZEtbbuvtdSaxlhCEUCJEl2x5GxIyjSKsC1CsrBFYFnObF3Xj+PUyBqElWSoWG5TAoIpiYhaQlHtDMByREQABJlpu0SpNVQCVGrJaUoTQVf7Epqm1rJlqu+6EhFFJTDRcnQjwqXWTNtuOFs60xBSrdVYAY1hmhQoJNUIwBJSSNHV6hJRIyRMRDCOSY7ro/29g1JDKTtbNgVSaW4hRSmKUBCS04JQsZjGYWoZESajBNaUbVqvbUt2FCwwEbWEJLCkQiiKQVZmU6hQmltXaq3Vco2opQNbrrWWrtqZk1ubIqKrFWhOmsGBCDsV4Sg1FG5uoi+1WXZiR6mlRLMRQkCUiFpF2tBUakREVJXSO6dsqXApNUzLLCWkcLqRyM7EjlK62qmUqBWijY1gPpsraDlNUypqCUnKTCTJltKQLtGVTiCbcRyb1HVFkiII5ZR2IikUqYmUiFo90TxNrWEiCgmyajE2iIgSpVY7caCMqEIIAXJamVMpRUVCtiIklDiKpEAinVZXu5ZubZI0tYwIiZQlIkI4M7EkEG4pu3RdCaWdbopQYJRtmtqEsTxlKypFxYX1euVU1/e2na1olnKptZau1CiSkEJYThunsa0gwUBEm6aIsG2ptcSutWKhxGrOKEVERLSpka5dmaaUIlsiwEQUBaEIRYh0qUW1lKhdiYgCk0KCkBrJlJba1LraFylqETGsly6qpZumUVFKLQkykhQqCtvOJkWKgEZOwyQFEiZKzPqZ8Hq1QijCzqk1sCKMay1Ta9MwAhaZSCEpoXTVpBAiTd/NJIxtO11KZGvDOECqhIg2DYaWGRHT2DJTUu1mUk5tkolCLZrSbRqtkNRaE55tzMbW1uujzEw7iiRBlo/5iA87OjwoteCcxlZKRAgRtRZpsnNM4WFqCs0WG4qIPlRk21JXStd1U+bUmnFrVkhE13elFmHbTkdRa1M6I0pXqyKiRqiEShRFRJsGk1GEZWSrjzq1qbU2n/WSpGIQWaIvpTgzMwGcKGrUKFFK7UpnNWcjQkSptS9FUmtTZmstJUUJsKTEXS0qkY1pHMf1hFwUVoZKRAyrIfqulNJaKlKoq52QQiLAbRoBBVH6ECpFVOE0fdeXroTVsNNSEBIqiiqVWlQiKGMbnSBaa6XWWus0rYdhLFGw7DS2I1vLbBGhKIGa29RGESoqBJYFLTOtICIEyEq3TKCUqgCQkDGUqtrPSilIIJWwJGkY1qCui2zYWbuiQI1Gm9o0q7OuVkgHmFLkQolOAelkwiKEaM2AQlhTjqRRIAKQWxqcU4aIghyTGy0VlFoCZbZMq6j01c1hI4GxVUSoDaMLwrXGrJ9PbSJbqFKjTSkyFALVEigxQVdmEYHUWmvZai1RS2uNJBSSaEbI2IqIgDGzTc1YKLOJiKISkSoRuLU2JbaE0XocuhJShKJNLZlkRYSh2XZrk0sXRtkcpZQSlpQ0Z5smQ19rS4cikzZNIqxsTlJpopZaq9I4FSqlYiJCIhPsoFgNZS19hEKBXUtFYBuFAqwSAWCaLcm0NmGIiBBSENhNGaCAIC2JWkqJ0tympERJOxSKQC6llFolS0ARCNk2Mi2illIymyLIbNk8WpWiyMRgGxROEGSNSqjUwJFtcpOKIkI1QkG6tQQriBKSMCohmIbRmbXv+i7SKZVASUnaNI2yQkIYwnLaQsh2EVEiSodbQq01SmlTsym1KCIUnZR2Ztrp1qKECIlSu9LVrtSIkpnDOGZOteskFJJEehqbpIgotYJq1K6rQWCFsITVdX3ama5F6cDpzDQyCjDjNEVEiZCwc7Ver1brru9KKVObpjYENbNFLbXWNk6TWxdVtdjZMvuu62rn1sZppVBXu9amLgoqLZ3Z+qjImbJTEbWEpWkcS1GJ0oxSrY21RETJNIkEQmkhZEmCZoNlKyKCUEkJO1sDSghorTW3UEQUsBSZk9OqJdA0ToZSSjrb1JxZStSuQ9gtpKhFRJFaJkkpIQBq17XMcHSzMg7TNLVaq91ymghJRShK1KqizkS2zJwyHYquq12pYMtypDPdkGy7NQUlCk6JkKLWEjXb1MYEFNHGKRR2okhso1C2aczRLTOV2YgARyiKJGVSilpzay4RihCWlVOLWvragWw70ziTwLVWqbRspCUN62G5PBjGcT2OU2td7be2t0Us2xroay2lc2stm+yIUktpJC2Np0wht1yv19mm2lUhwzS1iEJEcyt11ncVHKXUWqexNWcpoYixjUK2JUKImKYJUEiQqWmaFAoJKKW0TI+NcK21RDWZ4GyYGqWZzFZrF4rMDJg8qdH1lZDALZub06EoEYqCFKHMdDpKUVFE2MhONxBQa7WZ2iQgZCOplk5GJURkpC0JWZClRpRwa0kpElIptdZKOmXZ2ZCMImp0nYrK5BZIitoFKBRy4sS0lq1NIixkwoDBljAlaumKsNMyRmFZ2NQSmTYORYlI57geokTpKjakjTNBDkcIGSsialdK9CLsxJlSVZRS01NOjSieJiOVAtGmoWVDhIIQRGYDZ6NlA7CcDatlEpr3fS1VUlc7mSldStS+BiFFKsNSaJzGlk0CwsakSCNoUgBVpblhokREkbReD1FK13elVIVybHZKpRZJJSIsd10XURClqGXLzFJrmzKhhNzw1Iho02SzmC/KrLvj9mc8/SlP3t7YnG9uj1O2ltYkI0Jd2AaiBLgrVUTaUaI1yxm1w01WKZGZrbl0EXIqcmxRpAjSQ04epkaKiFIiQhEkhq6U2tVszUY4k66vnQoKMGJqk1KAbVDLqWWrJUjbTQo3R0SpJSLaOGB1tU7jOCu9pVnpVMpqvZJcShWJwtmyOUrpat+ytTG7WZHr1KxC3y8QhRJBa80Z5RM+5iM3NjdqVBQKpTNKjapQsS1BuLUsfe1L7erMpIDWSlBKZIICNaigKceIolpLqKjUWiQdLY9qaDabR4REqeGQp9acJts0ZjYbW6Bai21w7WqJEqVYatNEutQilZajnEgqoVIlRZRxGC0LogSmlG69XI3T1PddqTXblC0JBeoW84gQSYbSSGGlHbVEkSRFCYqKnJ7siBAFHNG1KRG1hkpXIDPXwxhQSldLTTwNo2qYDKnratqttZxaBMgmZRwoOpPTOKVbc7bWlFiUkO1palGKsYSkiJBsOydHRFcjsVAgC6yQUMOOUoSlEkKUZtvNqJQONxEGgahCxk5jKSSkIlmhcE7T1GqpES4RAGADztbSKQEUSrZMW0QRJUrz5EQmW5LNOKJ2tUM4XWqVyMxQRESpBZQ2OCcRxpQSTtnNRirOVEStVZljmwTOCSJK2Fjp1LBeSUSJbM0mulJQtqlBKCxFEWBMM7JNqRESuEYN5LRxmyZkKWp0AFItXWLnJIPUciql1ijT1NqUrQ1IirBTUWyP0yS7lOJ0FAxpK0Ko5eS0m1tmCUWJEooopZShjeMwpg1Za5EEAtsJYTmglpIos3VdrVHHNqapNSIKEhgURD/rKEFSpXGaMltLZ6YDpyNEZtQoJcBRopSqkBOKokamIgxqLZNWpK50Cc4kFIgkSgRu09Ta1HVFSEhRJCHLIdkZiBClBGAcUUSoEFItYSzRd0URrblllgBwmggpCEUJoXGacJZa7UTUUkuJaWo2EUStsiHANtkypMQQJYoUIoSkgMxpkkqpFdFaIy0RJUK40XJKYUiYpgkcCtlpK9SmVqoUxXJmhiTJzcJRQor1ehVSIpzpdFK6vutqZuJ0I0VrU9fVErXRSkS25tYm4dYcQWSJKEU0HDgNWctMRa1NURVRJJUSkgBQ1BCqXa2lc1ogomWmXQIpkIsjaU631iJq13cOA7YiSu36iEibQkgRtGwGIorCkuypTYFq7ZpbRCgkCRWc62FIZV86AkkISbUUwM4SFVAI2RBYFhFgCaUIQsWZGIUkMBZph9QyS5SonVtDilAtNe1pbIJSOjskQ9hOG7vUGigxCYUSBSNc+6oogXE4EJ5yyFQpJQp2tnFyZjpLCUXBtokwdraMqOl0IjDYRBRFtHFsbqV0ChmwVaKUCkxTK3LtqyigkCYnqIQiIluziYiIUgJJ0zDWGl2tmSMICacUUkooitKQtXRSOJQ5yR7bqMzWGlC76PouoiulhJBCU7q577uopbnZ7kq1PA4jJFHbNNCy62rLLBGGvvbOHMbRSYS7rodSlKFq2QrM2JrsrosSMTTb2ZUwSmeojG3MTKa0pYKkQCmcUEqOY4awpRJVUmCXKFFlyMzWUmCwbVuodjWieEqEQk63nCRsCRVJeByndOtKX6K0tNDUpkxqKV3XIbcpQZLbmCVUuopzPY4R0c+61lJORaSbE6E2tURSgoAokj01R0gKIHEXBTlNS4QUCuEsLUehaT2uh9EQElKUUNqZBM0WkpVJraqlCE1tnDJLhFFzA0FCONMAam7ZmolQyGljqKUqFICFsJtNNoeskN1aumAkgpaexglQFEEtBUVmZrYgQMhpe5xUuuhUSyGNEFFrSbtNTUUoMnNqGbXOZp1K4DA4M1QM0zhObaqlt1uSQKYEhlqKEEpL09CGcSx9p1BrrStChXRm1qgREaWU0DQlcokIUGZTgtOSZAm3tO2GpRrGEYHkiJCz+ejo8OlPf+rY8sw118262kw4StdFlGmaLAUKsNzGybh2M5A9SZrVfhhzamsrpFBgWxS3ySblrvQKlQiF3BJF19XSVU85tbGUgvHUsjUpIkopNUqxiYgSspCLlLajdBK1RFGtXXUyTRNWqZHOqKWrJVS6WqLI0Nq4Htel1oLaOJVSNueLKNW4tVQpG7O5pWkcEWRB7mrpSpc4p1TQWnPLUlQ+4WM+Iro6TVNmm80Ws9kcBEHYZt73NrKlKLUbxzFq5DgN41RKQWW5Wjo0q33pikBRu1pInJkQUrZxWI3drCsR4zQ61cZs05DOKGCXUtOKkEqptWttMiol0lm6IqKNU5SIWkKBM22DUxJXRKASxUq5YSVTm0KKLrqulzQNpng+nwNKbDLTRqVE0TQ1oa4r3awPk6a1qbUWEbUrYc1mXUh2pmlTE6SzFimK3braWTllczO2QkGUEk631pBkoSKhlCGNcJpsrZSIiFJCJQQCK0x2JRSKUkqtVoQCZLkosBNJoUCWRIky2eHi1qaWpUZIdoawwa4RikgbC9zIEoAyldlQSFK6ZZuyOaldRJSIWqI6DQJ1tdRap/Q4DKIS5NTACGMpIkEqtUbIopSuRqhGaxbuSlEUZWuZLdOtSZRCTrQcQ0VBV2pESeNsApUQCtkqJWqRCCFE2JnptGlJLV0EJSJKQGbaCKIrNeQUbthTtkyXkEKtJaVE2JmNCWNHiYgSDpXAaUJBpqUagbBDOLNlK1GcKiWEjEvIZCNntZPUMm1KCUEpysROEVGjRFFRjSKU2YjwZJS1qxEqdFZGhFBCCYVKhKF0tRKyaCmRNQJomZIipMwpGyjSjZzcSKuUCKJIlmTjqaVMqYWGQThNINJRSikCjJBDERISpnZ9KLCKorVxaCMmSpQoRDjd2thaShLGmjxlTlBatnSCoihsO2vUKDUzFbKjRHE2J6VEUYkSYJtAFs4kLUlFOTUFLbNNthtJ18+Kw3bD4zjIBkuUIhSGligQcrZm2pQqlFoDKUKAwnbaCtLZmklLVAJFOpvd1Q5ryhah1tLpEiVKlV26agVFNeR02hIKZcPBvBaCbJkAHschp9bNOkXBdnq1Wk6ZOC0XVaEk20SJQMKuNZyZmRERaGppU6OgAIgUERFd7adsmU2KiJJOSKAoQqGiaco2TaVWiUBYpAmrRFGUUjKzlqIIp41DRYIabZqaqVGQkrRxS5WQZTntlmNmK7UTMpZUaiiiZctsUQNTIlqaICKkQJktpzYZShClRIkps5RwZpsmSdkaQRhJgswWqLU0UmJsAS3tlo5ARcZC6WYraUhdqUBiiSglJIfkKBFuuTxatWxSKKC5RolajCKKsQRya840UgRFhSBKiABFCcx6HGzNZr3kCGxESEIIASWqBGQppapEwbYhWyqlIoxzWg0DUleL7XGcnJhMO9s0DMPkVoSTIad0GgtIkD3l1FJBROm7btZvVBXhdEOgUvsuQlKQKqWUWlrLw/1Lq+Wqiz4KEdF1s5bual+6EiGIKMXOcRr7bt6VGKeG3YRbEy6ldH0JxdRaRYmx05SICISlGkW2SyjwZAvZKWfLxJZRCYk2NUPUsLGJQpi0oysRCilJO9POzIjoagW1bLX0EVhpsBiHMVuGIrMhg1pOQhKZOU0tpK52Y07ZskSNCCDJUFQV21HCjmkckYQklVBKoIJqjSTHcZJCEaVAYgkkU0qV1FpLcMtau1oimWrtFElEV8o4jkhSAKVEJiWsqpw8TlM6m7OWqKXWGjWKAEIFp5EMpRSVKKBQiUIIateXQKV0EdiKUkopdoIxgWwv14PTEfS1QwFERC3FuGWrtStRVKXEJgQK0thSWCkEzjTS1KZM+lpqF5mTTVGESikxjEO6pU2mJKGu6zIzk1pqKKXiaYgSUYqJEqFQ1MDKlhJEzbGlU+CcbFSUZpqGGiGqAhRgucgYisIkFExEKUWlFKMStXYxTlNEbG9tnTp1uuvm29vbCI/j2KZ+No9Sm5ss4bFlm3KYhhqRNkJSqFhgp5AzIto0TsMUUahRu05SThMoFCpVgZzDNIYQJSSFpBCBMqLUrsMCd10BhqkxtZwayEhpFSmqKm5psqu1kdM4tmxtnNo4TWNDpC1lZiJ1UVRKnXVSaen1colzGMYiFcVqWE/jVLsSlkkV2bhNEVqPa5Ju0YVUPu6jPzysWqqIJEFAKO3qnEIap9EQQYmCWa/H5WpVa60luq53ECql1iCMStcJtZxaSwmFVKNGEbJsq01jutVam4FQlNLVrpSpNZnalZwmRdRaa0RQW07pVlTTdkNBiS66YhxAIGJqU9cVZCQlJof1OJvPutoJjdNoMlSAbLlarZpHKZx2EKFSSpo2TtM0NmNbodaopdqkrKggpEDRlSillEC0nEqUKOH0erUutfSzGaZUWQKiRBGUkJykFKWWorAQDuGoVRKKCDmJUhQRkSYzw6ESSmdmhJAscmrGISFqVxWRtGyOICLGcRQIpbNEDWikQMhu0UVEFYBs4TGhq6UojI2lcLorRRFGpkGE3DItl1pDBUlCuGWrpaZlVGpJDESUEmotFdHSCNvIgEljBOmxtZYTFsoSRSHSpavYmUmABJJAEoqQIwKmzFBgZRsD1VpqVxWRrWWznUSoRJSQ1JqDjFKQAimiOaehTW2UHcImJ0pQalEttsmUBAJJMlmIKGqAcUQpoZChdrUopmmKWpQoSkjNCS5RRNg5jQ3oZ7MpE9SGwVZ0BdyckmutiogopVacLdPOnHBrUUuUqLWObXRmiYrTNJAUmbapUabM1lqmMhsSNEytvRSttYji9LqNOWWtRUSAi2RaphC2ZexMkBRRQqVES+MERymZjYLsYZowXd9HFCvkNMqcAAUhbCFlI4SiFIVsmylTBKHMUSphMokqSQhFoGJZKLO1TMzYWpQotWTDcihaM3ItXVRlNqqSJE24RKHIrRkh2elsQCnFRUWoBM6wLDKzmVJLmyabiCDtNjlUau36rkRMbSqhiBjTpUZRUVGoUuRsmRaKiBAtXWvpux6QbbvrS1rZkoiuRLODqF2VinDgySjoagUVVYUBp52NIkHXVRTLozXhfrHIJjN2pZaIli2dEUWWcQQgESWEVGu05pCiRJQQEcJQSsm05DStTRFRSpcYI5QocBqLoiKRrbWWJVRqNaxXy1KKagQls9n0XVdKh0gcIVt9KVPLaRzWwxjIichQjSikIwrhNk3TlOAAlSpk20ZICgmETelKVztDpjM9ZXOmJMu1VkDIWChEpkWoRGvGLaJLp92cRAlJISWRY6KMiBKMrUV4NpvRGKchSi0hHOCWDYiQEzDgzIgQVikiIaQAR0QtHbQ0zswpo0ZEKVFIt9ZACgmn0xLNw7iGKF2UWjEYMCYUhDA2gGU3iyIcLhmRreXUMltXu1qrQplEqRGyNA3j2LJURZWhlDJNOY1DP5tJsgGcGUWKUJmVEn1Xu9ojIkqJqH2x5cxau1I6BZbArTVhBwpFqHZ9KUXE1Aag1q65TatREbXWYRiXy7FNY1VQq6xMWqZElBpCAdh213XT1AKVGkq5pcJd6VpmOouKnUQIt8yIIJ3ONjXkWnvkKAUpCAxOhWRFCUWJGkiKIEFWqJSu5ZSZThOUUkqUIFqb1qu1nW6e2uiWEVJEhEIBaZRuIiTcbDIKWJmJkGJq07BeR5TSFacBSRIRUUsNKTOH9cotZ7NZ1K5EGKR0YsKemrOUElFsIUeUtKdxlCilItkp1JWqiFJLGowzcUbICuOW6UwRFkFYCslSrdV2CSJKrbWEMhugUlpaUGsFshmyJaV0XQ1JwzBljiWiWZbTDoEctQja5LRsT5kNl1JAbhZElSykUgPLgAJyGqepjVYApSgzW2uVihwipJBKV2opIiYn6cmttVZqrV1p2bIZ2c2SoE3TKKmvsymNqBFEGDInyU7alJlpOHb82NbW9tTacrXGrt2sm3XYbTIY40wVhTXr+5xaZkKR3KapObvSgSMKEWqZQamli0g05VijJjlOY4mSxklmSiVCJUxKYRS1qxBTG50eh2maJjstOQQuXQFnawjZ4ziup6FEyJIzSkSEia4rzjw43JdU60yKqDGNw3p5NOR6miZF1CqJJJzNprmVqLNFX0udphzGIYioJacspXS1tJblEz76IzInByFNLYXTiSMCVYVqa5ljG9rY1VJLabRaSql1GJuCUruuVEutTQoZJKcdUpixja01KVQUpUaJNCXqbNYLICMCaGMbx1HKoqqQQmkXaWyTkCgtRyErpTB2myRhFIETIg0GXEpEVBQRmto0jENmqqjUTs6QpmlsLUuJEpIk1SgKe3Iala7WqNM04qy1lKKwppxaywgJSpSikHEyjpOCNrWWDaLvu1KLbRS2nZbUlS4xNnYppdbOuIQsrILTzlKqSUols+u7omq7ZQOkmKYRO0qxLYtwRMmWU5uEnIYQgCMKChJjTERYCBk1t2lKnCG1bBEh5EzJkgwCiBqEW3NIYSFns4dxkEIBBlO7qipBRLHpu7Bp6XFYS5RSmw1ZasHGKiGjnBoALqUAU2sytYSiBoEThIRNJghIpVpKAuwWCkSRVOTWWmbXlzRkZksbSzgU1K4WhadMT9HVgiiqXc2k5dTGqaggJ0QpkqPWrlRJpJGQrZSxJEct4ZCzKUpEkDgnjE3mCCqhUiJqtTSNkyBKSZytpV1nfZGc2NMwTZBdKXYCJUKlZuY0jkojJBkVmQgFakQwDuuD/f1+MZMCFCqlBCHZLdt6uSyllL6bxqGIWmaCUEC21mxC2CZbKRXbdkRkGk8yREjYCZRQZmam3aRilPY4DNM0TUNLtxplNp9RiqQiR9cVgcJuw3qAIAjCpNMRdhJRkmytKVSiTFOTsMM02aGChGUskozJDailk5pUbEt0pYsa2KkUKEJym5qsWlCEDaGWbRqHMLUvtVRAIWe21kpBES0RgLOlUNeVrnaItDNbX3uBW8u0EQhbuEihwM40rWGiBBFF8pR2oigl3FpLQQuiKEKQTFNz0s9qiQhoBrkUAhGhxELINhJRZEUNQ8t0thK11IKzlFJUhjZmWpJMk3NqSRORSiEHmekpkaKUULRsmVkiJNfatXRzA3W1i4ItslEqkC2NpYITCUVXi43tZocjhXCoYEuEkMgpJaSiIIrSdlqhrp+pGFDUEqRBArepRUTf9TVqFIFBwqk0Ac5GBKGw0yhCEYHU11JqSCHhzKhRa4moSToTkzikKCVxGCIklVJLKa21cRqxSyktJ0ONrtYaeJgGlei6HqdBgRNJEAhFCVkoakeIREgRJaSIiBLBNIyTHdLUpr7rSy3jNGVOEaWUUii2HZIVNYSEIiJKWBiDjSICuet7OSmqlIRZ39XSqYRzst11/azvajejeWxTQESE1FqzW+1KqEzOIAI1t6lN2IRFKZLBmKTWqKVLN2zjKF0pmlpm5pRZask22RQFZmTsSh8lhEvMRErR2jCux65WipSyHKUGZOY4DaHSz2cFGUqtAGmymShW7SqSkIJSi1A6FWTLNo5R+1q7ljmuB6ejFhFtapLsHMYxImpfZDJTCGhuoSilE1KVbRmZkGpXIgJHyG2ahCJCAqGIBLfmJHFm67qulpI2KDMVwiqSwraEkgxCUe0GjiiSs7lNU+1DUFRqLW2cmiwhR5RIE0UbG1uhsCcg7UDjNDmJWmqpQEEIQ1GkM92kcOJsQ3OtNaIohJmmxNnGplKKStpumVNKbtnItAirOXOcohYFilKBUiSmqdkqoqo4lG3MqeFECBCSKGSbIGqtJSJKkYmIGoFpTlkia+0k3NJIdnQlRDPjNJZQlFJrqaWkHFFwltr3XbXx1KaWAZkJYQgVhzMTy0GNEl0ohR1VkZralLg4QuFszUTtSpRpHKY21q72XfXUWmsRxcLToKhRZCvToqToaukXG4pwaxZkllKIKCVKLdM0Ra0SUWt6cqKISKsWShGUUOm7bG0ax9aMEpeuC6mQtpvtrtZm26lsRHUyjUNraWdEJTNJsk05RYlau9pVRShBaSttbEFVVQlam6apm3fT1MA1ZKvWfj7rDKJNQ8Ntyqm41K6rhaBELdM4NrLrukXfl64vCuNsUzgcUQWkorg5yfLJH/fRU0vsKBWLQl+7plRLWxESTmfgvp9BRCm1i6IwzuYaM4XGaZJDwmkloFrCRDqFVQXYDlWS2odqSbvUIkWYokgMhCKdU5vWw9g8dV3f7NYm4750JWIy43qdmZlON0k2JYqEbZVSCEwUQmpTU4mulr702JltcubU+vlsMV+EZCSbUCazvpYSYZuspaiI1JQtahUGYbcpTaYshZ01opbOQTbXqFGVTdjIgYRUoqUNrU2hCkw5OVOSjXBFiY2Uxlhkc8sM2XaJgiRHlBIKY+yudpJMkkgSYWUoooiIWkrils1CaSctGySOiBI1INowRZSIKAGSQPbkjAhhK0JqmcpG1KJwJrjWIteWLUB4mhJla1lKldSmdGQhCAxK2WCrhHFIiFJLKBJkoihUQmFRBIpaSkiYdBIqETU6o5apIggBBKQN4VAtCgLbUUp0JYgIWmslQnLatp24ueWkiMzMlrUEBREAZI2KNWab2mipqGAMCEWEpRBOUxQoTVGJKKVMzjY1lRBCUSKytWyj0xEFHEghgcHgZsi+76c2DqtV7WqJOq5WbZoIcHZ9X0sfsggFTo/TqKiYoY1dmYGdTjdBlBAe1quI0tXSl7oeBgddiSkzEBHgCNWulK6LCEEUhCxhsKKEkJuFa9dHKTlNhqIiLKkQzmZ5Gsc0XVejVNuRStHGcWxZipwahkGhIAyQIbWWbZzs7GolGVuTVGqppaaniGLJLVubotZsU04ZQZQSQihqSJqahZBtFKqUKKXUjrSdmUzZwlJRkWg+f+78NE2LrS2hYRydHsdpMeubBSqhUmspgWIYBkO2JkqEJFEiUMspTYkiZBspQCHj5hTYIEinkITCynFsgWxnGqhdbcKZaQgVqYGIrkSDaZhsFCo1QiXdPDmzSaHinNJtkilRolYTaWPa2KY2SlGrpCiUoY2eHKGQMjMiZJCRo0SaYRpaZle7xFgCmZCiCAdYUiiwLRmKLAU4hFSE1+tBuF/MBFghNU9IRbUZYSIwarZKV1RK6bpZlJBjbGNOY5QOZWQkCNWuqyUIpd1aAyLkBk6VIicCZFMigFCUTs5MVEWbmoEEY3Aba+mmNrm5VrklclerxDRlCSnC2drUIiJCmQlSgBnSJSIiQqqli4hSixQRSIGNrRLKUCQuVgJFmIiQseyWSC4RKKIqm4f1WkFESEUBEcVIyKq1j1pJY2daIIVbS1FLsWWDUCgUJYolJkuKUksJFK1N62lqOYWj1BJFXVelKJQpp2EcutIBlnIcS+1CpZZqwkpgmlpIQLaW2SBK7cKZLSUhkxmleGpEKV2vtFSQc7LAIOe4Xk/NpRZZUSJKlRtSiRqK2WKj68o0tCilVFWFaS0xtjNKCdOcIgQtEymKprGtx7HrSq0hSKSgRm2tTa11pdau6/uqUBsbArDdWrbJtas1ouUUFIUkObNNKYXsJEG2SymKEKXWEpKzIdVaaqkRUbpq7CRwI2W1TAdd7SNiGgdJpVZhIaNai6WA2XxWS0eSkvCYoxtyJmROTtdapRjHcRwnBRIS4RBS2GnbpStOZCOVUkqpNs60VSJKCdMwtt2yRJS+oOhrxbRpKiVKVzLVWvZdH1XYU5sCYcAgS24ORanF2EnSnEJEKaFqQWamhQwRkqKUKiwyooxTy8y+m9Wu0qwSs24GjMMK6EpVKVEiJ5copUgSBpBdSnE2CUWkU4oSUpRSimSni+QkneCQClWhUkpIaWfLrhZqKYpEUaKvJcR6mmqpfa1EsSFktzChjjBRnC0jSAeKEq3RWks3UFdKKHJqiXPKWmcRQjIeVmuh2awnAAncHEUR1S0z3NdeJgGIUpw5ZutKidLltM5MCOdUuwo5jKNpNUq2NFaUiNJHqV20qbWppV1rpUjphD5q6QrgJNN9X/uutmmaptbNur4r62EcpzEUiKIyn88XG3Pk1TCCo/SBW2sqitrhqWUblqtsOd+YZbaWGUntwpLC5ZM+4aP7rsMRsiJCMXlictSwbSfJcljWUmspKdo0uaEEt0zVSjNKCLvlNLXMyTihBJkI19plAiiUaSObkICIIuGQpIgSpWQbh/U45VCofV/bOGHPZjNCtpwJLorSVRJZtUSUAJHU2tk5jEMQhoiopeTUbCIyk4Kb1RW5sR4GyUBzYiMy23o1HhwdYvd9L4WtKK5RpzYZ166kCROlZrZmq6hEqbWUrpBqrdmNtDERGGcLyUnpomULS4EsZLAd2ICxIpxu46QopYQziQA7HFFsl1KiRGtTQgmFZNLZbEWETZtSJERE1CiGKMWZ/XxeSomiElXOUguitcFWCTV7bJOMBZlRCriUirIoui5q7QHhlDPTSUtHUKKM09TVClmi1OjSSERI2KKUipU5lahGZIaclqcpaulKTSdGIQHQ3EgIAYpigywTEYZsExHgaZxqqRFKT1gQtUZEtGYCUmCVgtUyM1OmQaBxHG13XY3oFCazrbOl7WzT0CYDUSQJiaSoRDjBmQggbXA2pChAqESNcBAS0zga0tRSIkJSRJhgmqIoFF2ttesVZZoyorgwTS0i+m4mVBTNzVKUyESihCKilNrVvlSctjNCECUipa7Uvu/snNq0Xq+jdn3fFZwoc1KUrtacMogS4RKy0oZMO0oINRtQKWSbpkmKWtQkIkJQSi0lQqFSuhJVmdgIg1frdSq7WksIlYiYWtZQoL5fhJyZyESpUWvtZFtgpuaWWSJsR1GJSLdxbJJqCKmUYkNaYGcpoRASkp12tjZF1JAMpRSpJNQi291i0XfzzCRda2eyltqcbk0RmWSadC1VglDpSolAyjQYO0KSUg4VcKZbS6xSo0R1KFsSUaIgnFObUuAAiFJqV9uU6cS23PW9rRCKICJbm6YhSpFtSmBCERElSkgI03ARlAII3JptO2utRWGAUCggQpKQMJa6WnGUKKBpmkLqu85IzetxjcJCIlSsKRMUziRwIqxSJMlgESJFEAgUUSBtRwmhEiWEigS1FCPhUiqotTElknE9oKilZGspCUsSKhFOORs4SpECN0shjIpKiShRWmutJWSJmKZmt650VrFNKIAIOQgFciCKnVglFCrptl4PtosKotQopVMECGO7RJRZF2YYp1CoBondbNWugGwrkyKMsLNJJeUABTYRUWshbQEosRRCKCIkGSszbVtjTpA1CqLZzkRhpRQBioINdF1XQpk5tqlNQ2vZ9bXW6hzXwzCMQ42oXYlSFZLBOU2ttanWMp/PpcCWRBClD6QgjeRpnNJZah8RpRQkSeCWlgPSVqZDQnS1R624RJiJKVvmWEppk6NoNpujyKllaxFFIUGmFQ4V2VNraQc0p03UMutq2lObpsxSXKJaNpj0lJh+1tlIQpRQiUKQLSW6WhVAOJ0kRgpQlCglSLe0SsFuOUUpkE4yJyQJkE1ElFCUkJSZU2uZjqhdjbRV7AlIVKKoKBQqIQKhljmNg6KUUixncxun9bCO2nVdhzPDsp2WrSAcpYtsuBDSOE2Ba60R1UlzllIVxiAhB0qIGtmc2UotoUBEURRJmlq2cXImctd3EG1a2yohi8xMMnCUoiAi0pRSI3BiCTkkSRIBU5vWrQWUUo1tOxNJkqGNY5QapUiAMxNIexyb7VrCmcvVcj0NpUQJTS3HaSy1SAICkCNKazhby5xaK6WzM9MFgbquw2Qba+0AIErN1uxWSs1smbabM4UkSdRas7VxGvuuSgGMLbFn/RzkbCCApEQ4lCZbMwEIGjKZaUwJoUgbMY4pSaFaIzOTjChuzGazUooBFFFsSoSztfSsdqUUO5FkBzhMupROzmEasbuurJaraZpKRK1dV7upjVOjRik1WrZMIxRRa3S1ixKyMi3stJ1TZq0lomJn5tRaLQU8DOM4jqEwlrRer5OM0rl5WK+HlhuL+Ww+G9YtGl1XWtKGaRibCl2pRGROpVRFyGmX8okf91E2RqVGs505rleZWfoOXEKTJ6drF1FKGxolRGtkpURXpkxZUUJSMzm5n1VPmbJA4XGaopSu1ggJAigmlU5DSEkalQiFMlGom/Vd6UqNBOOudhElM9s4CWopUaMobEdIinQDJa5ddSNtO0sJ2S7K1to0YkoUaqm19F0/juv1ah21o0atXY1QqCGbrpaIWrtaSpGoJaaW2aYSoaAKG6prrYEzwUYh2YAsRCkylWiyM+1UEenWWpRSorRMAlCmJSwiSoloLVP0fYfd0vI0NSuz1CpjmNrkdK01IsacxqmVKKWWiBiHMbOVUlVCZIRKCdslwrZbS9stFUIybo2IAGVmIWrXCYgi27ZMlDJla1NTKXZrSQ1K9ISLAJDkRrqUDhJkQM3NSBEBhjRAgWZIUyKaMyJqKbbSxiSpKB4bpURES0grSGdIknJs49S6vpOUmVEjkKJky6mN2RyBaSC7YSSKqsKhUEhFNpmt1Bq1FIWNSkQpzhYlur5TgggFJiEiCKSQ1VpmNielRC2BM3ERpRRPHoYhFWSmXUqpJRSRmaBSYmotyVp6oeYEdV0XIZBbk0q2lFRKsUI4BcllKrWzjSgBEaUUp6LWWsrYGpmEhmF98cKFfjYLSgQlKjC2YRjGra1NRRnHMUIuYsp02o6oElK0tJ0lQrUkCJVSrLCzIBQYhQBQEJbUmjMVkdD3fUQJu5au1AgVyVLUrqLMlGoBuTlqKdJqHJy27GZEKUWhNmW2lKqdEYEIiotynMARYVuUEiEgPWUTSDIUSQWpuDXZ0ZW+6/uul4SsKF0ptStpsGvtJNo0GmdOXVcchOUk8TROmVlLUcjGJkLGQCicRiAjkWlLADJJKjMVwhEiJEE6JQnAJG5ZilAAbcqIqKVa0dooBMqcUIlaQoEQqPRdraGCaabUqLUoipBsYwBnRE1nCEtqE1GkKB1yOFvUEhGttWyOKF1XSoSRJISQRY0QcjawJIQQCtsq2ezWHAU718t1OoMqyc7m1lrKGJUihOSpZWstIrIluJaiEFFChmJntgmFqiSlCRUEUoQiSq1haGmc2FFKOqdpknDzME61ElEEEVEkCkIWilJLDYeECQmsbJNtS9M0dbWLWqZxcqYCSkQUASIblkkjGWyHonTFU7MTQJF2KFCEQCKCTEOUIimzBSVKKVXYihKlyk6MnenoolMdp5Y4Sqm1i0BSIWotKYtADXDDoMAtM2RTuw48DOPUDKkotXSYEBZjG1ubJKLWiDq1JgAZQlGKpmwhWTGNQ1D62SyUaQiFQlGFMz15bFOTJFH7GqVMq7VKLbVG0ThMY1tXuiRLFILl0aEzS19EtJxAmS2dUoRCoVILorW0HSVKhKR0wypRFQqVUqKNOU5j7bq+1IiwoUQoFApLUt8VQmksoyDTKAJjUETJKdNTKVWh1jICqYzZpOhKjVKQMx2SFHbLNg3jGBECitw8tqmUWmpNu4S6rkOJAmtqkxwRai1DRCnjMEmemjG19FGczVi2haUSpSgkSlRBYFq2qFFLp5Ax6SSzNUdIEiIdgSLcpnGaFAEK4SglitNtmqKWrutkhdRochQVqiTl1LBKiUzTsrWcWgMLqZSQSKuUkCyMhMBFiiJPk6RSiuTaVUy2DFFK2DkMo+2gKNTXLkoocShqnVbjNLUotdYSUUoUZwqi1FBMbQqpocypRq1BaykFMLUmCWiZSGlaGw1taKUr/axvwwQZpYzT1DIjlOlMR0RAazYmJCeGwMoSMbWWzaWWqKW1FkWywMqEKKGI2pca4bRLAJqmhBaSInJK5FqqVCWihAwgQKI1RGaSKRUFmaRbZtZShCSam+2uq13tStXYphrRzxZ2WgUIEQXSOKTMdERgTVNr0wTKnLATJel0UZE8eWpTzvteXSyXK0nz+TyiqEjp5XrsovT9DKmluy7kzMyUga7vpWyjo9D3izatgaISJdIplG7lkz7+o7GzpTMh+nlfSw1FOmWRkqLrOjfbhigR3Wzu9JTTNE7IfT/rapetlYiuryWKagRGyOr6Wvsqa2qJoYsatXR1GFopgaDZOFsTwk5JJkUQbRxrhCIyW2YCkCAbG4VqrQlYpURIzjRGttNoGsaWWUudxtGmdPXo4GjKqc662tVQMU1BoGmaiBDylBsbm33ft9ZaS9sJ0zhaRIQso5SzuZZKkUe31mqEFMMwOt31PSYUqmrjuBrWXd9HhERIUavkEhLOpKsFEQo3xmm0Wy3FNqjW4sRS7fs2ZmOSwlNTrUXhEm0YPaUUcqZbrSVqqVEMxkQESNGmli1LLZ4ys2VDKKClS0gBotZeBUlyNGfLpihkTmObpkSJsQESF0LCwvZ6GEARWo5TkCoKAaTBntqE6GrvTBVLUqZDWBLOTFxK1CpRoGViUpRaI+0QpRRjrKiSSqkqISkKamlDiRinHIZlFNXay54mahc1irFbk4yQSpVKrTmOrWWUUAgUitKVUICiq4Vo2Urf0WxbQU455aikdiWKikrU0rJhsDIbYpgmkUKllFKCCEXJqTW7Ta1GRKkIhfA0TmM6JdxaJl2RydaahMgonVEJEuzETNNIia52bUpkhWymbK2NpdQoZRxH7Pl8Y97PIjQ1kKVicBocEYcH+2019ItZRJAtmxutqkSJEmrOkiqKohpFLRuJIiQA260loZBqrRFBKELTekpnGJWS6damRsvWkELRDKQknOlWFAlFiohwlK5EkNnCtGwpl1JqV0spAiFBOt2yOVVjGiecjWwtS4QkF4VRRERpmbSsfV9UHGDVonQO68FkqVVg2zYmVLpOU3PLVqIkjOPQpimdESoqMatkSdKt0ZpNRHRdFWSmJGdmuNSulnDabl3Xg5wpRRRN42SiFjnd9b3AUlUk6SlDhCi1g1YiFFFKac1BymEhCeQcp2wRnpr7iFrqNE5ShEREKFJEFGSZUgp2piEjJBULRZBkWlbpSu06YBozc8rWalQrC0q3dFoIMgkkYRuCbLZKrTiEU6qlUwipTS1FKcUADoVNptMJVNEyjSMiSghQ1FJkJ4mI0GThBDIteWoOCcvKyOZQrZ1xm5qgq32E1qs1VonapiHTBDRaa06XKEJmsilFclAi7VKqWzrTYKdN4hpVER01hZDTChSdndkadjYrUTWEKCFKDdt2g6hRwh6GEWMnthwSpchJYjkIB5JzbM1uUapKGDsNEcIg25Ik2QgoOU2raS27lIoixJQtUJumllNXa6lhI6cipKi1yLKppetqn4b0MI21VmDKqShsai2ERdRSTAqMlCYsU9Q5UqmI0pUYpkkwjCsSRUQhELKRuiil66symVqTskYZhnGaRuOWlCgR0do4tQxFcyqiqNYIQqTDpfQVhUJhTy3JqUQHnrIRgQgrG6bZRko3p3GStGlqELhEp8DNhIWwgCh0igbO1sYmSVJRSGA3t2zZsFtKDtUkw6aUNowStatTtjZlRKEp3WQkASE5FIa0RZRS+zrremQnLSfZkgyKKAogW0MuFCJqiaAYZ4IsyClt930fUSSTmTZYoVJqZk4tFapSOqdsliKilkIo7SC6WlWKTHpqrUWNQgCE7CYTETaIiCgR6ZRCJLYklSJFTo1QKICGAyFFoFKdzmy2u1pKLdGFFDKEIqIq6MJ2LV0366QoEUZAoGlq0zQpMlSiRCjSbk47FZQI2yWCKMVkpiKKonRFok1tyslkUVFElGgtQ5JK1/U2mVlKQTKUUnJyhMKask3TVEpIiLCIUIhSe0tRSiAFU9rjKEUpBTKEai1RQrR0WChBObmRbWqhiOJQQZQQUdwaiWnT2FCmmca1FJi0A9IqUbuui1pyyskZ0He9cZuy1AqOkKK0bMN6LVFrt1wuDVFKVwTVnhAENSSISk60NtXSIaax1dpFKaXILZAEziylSwVyiToOKxAyEaCchtJ1bm1so0RXuq720ziWT/y4j07UF7lRamC7pYrIHFYrSIXaMExtwtl3oVLbNA3rlSIUUbvS9XMJDBIKoZRorcmhWqMYUQq20zhtJIMUuDmnbDlFlFJKywknEV0pgSxQhAASSimBWlqSAKMInLYUmlo2Z+lqKR04M6NUZdpGLrXO53MZoJ/NZAxtytmsEwJURFpGoczWcirQoBSFFKJEUUSUUlXJnFqLCMvNmUkRLSdFFGFo09RaEg6VUEGRbUqrRIBaa9OUEdHsUCR0fTFyZo0yZY7jFHKagFpq8zSNWUqUUp0WuE221ZVaaxpACuFSquSW6WaJtCXJKCSFZdsRsiFca8WgiBKkAEISOEpaUWpR13URShQhg0wGSFKBxDllI6IrKrXLEFNO4zRlAqgEAqmgVBqEHICkUmpLtzaGuogYp0mSURRaZhCK6kwg06WUKNGy2VYEhLAiVEpgIrrSyWEctRSU2TJTgRMLoUaTQbIlSbKnVKi1phCEhCQ7Q9F1ZRwnKRQlpxGUkK0lyAgZk6gWmRDGJQppiSi93JCzeWytqyHFNA1pY4WQokSYJmGypadxUhHg5jZNkiIUAc7WWi2dBCCElJnjaoyOWnsRXY2+XxAKkbIkSbV2tSuWMft7e7u751vGvO8zIlOo2UQEWKUEUil2mGzZSqkEOEtEupWuFikIRGZrUwqMpnGMYBin1iYVlehKKTiSZjwOA1C6IpStESGQFCJTESFFSwwRRYoSKirgbK2lrQwVSQrZCCxyYmqjjIuKIZQYIjORwDbZWiiI2N/bOzo66ruu1GIcDgmF0mkiSSEhCSlKjWyTrSS7iAiljZzZIhS1RgTG2C1rqYpqJenMrLWEAmxJRaGCSt+VqCUzMw1EhBShMB6HASIzMzMiIoqdrU3j0CiECGIYhnSWKKGaboQiYpxGIEqRmGh9FKBlhhxdSZBcojqc4zSO0zhNzSmpRCUURZmOMJmNjFICWTFNQy1RagmFUDqdRpY8pYVDQigKDRUVwliiqzUUIkCCzAQKUWpVibE1tVQE4LRNhKy0hXESIoqCiCIbZCHkiIAYx1ECERFd10cJj00lagmHxnFKspZKyLYByNZsG7fWECGAkKJIIEkS4VIqQnZTAwNSpimykEK17yOUclUVqMjOdGJlGjudU8soIaSQTYajBKi5KSldp2ScWjqRVbtit0zZTk9tKkSU4pza2OyMUkk7E4hSau2crWWTVFRKjcyU1Hd9ibA8Ds2tRSkREQLCuE1NOGoQtRaVEhFFkqQEGcmtWZJgmprCacJhWmsZ4a5UFVlqU2tT62qVIrORkiKSbMMwTImlqLVELaBsU5SuNUdQaqldLeokJIUisGwHIdrUMlvtagkiyInWBqO0W+Y4rkK1RiklnK2lq8qU47AebJcSEVWynOmQBbaI0pHNQbEQKWWbaimhEqCuhIRLtjGzqQjjdOm6iCDTlp2olVJLidZymqZQ2EkQXZ3VGSVaywgy3TJrX4rCDYVBCstVIdUAZcu0Q4EEam1CUqDAaQyWcUIplcxhNRARRcJpDDIGmahBemoZpdiJLSSFbcg0aZyTJCFhVCwXhSIAQhFKyNbSUuAElM4xW46T5ZBC4XA2h4SJUkKl1BKhKbOWmihtCbccczIpM7UJKCXAUzYJJ1FCCjszM50RfSmBAtHGNkyDTYnSdTOn1+PQlS5KyZxUQmgYx9ZalBLCVmutlJj1sxKdOpUS4zhFKCJKV5BoLbNJBEEgqSudUCmKUmiNFBESIZAaLVuzXWoFZbZSSlphj+N6mCahcUxCXY0oURQIpHCJwjQ1lRJmaq25haLvO6mIxOF0SLWvzpyGqZQItF4PlotiWg/G4HE9pFvLLFFKBKIrNWo1aVjMZoEgsBN1UUymc1yPRl3ReprGaSRdZz22xDhNG/NZ1NpS1qQoGGfLbKq1oCmbklLU2igVKfquK7UC63HIKcsnfNxHB5SuRikRMU3TcrWcmrtakqkoJA3rdbglTHiaRtKKohKlFFGmsU3jFF0E0VpObVgvlypRSycshbCdJQDbZNoKpzGSKColIqpKBGXKIVQiNGWrUVpmtjQYd7UqwjaAApxhkLFwIE9NEmSJUkuVFKWoKlQUkZlgh4QELaeuziIKZESdWrOzRB3b2JpL30UppRQ7W8uptWlqmKgRwhI0HFHlTKQUoVK62jLdsrXWMmvEvO8ExhEK0dpkqLVLuaWKSSdyKZ1pGJUopSiU2YrCScuG6fqu1ApSOA0pKfq+SgWnAuNMRyhbs7HTEEgYkSQW0NUSUQNAyC1bV4qk1sZ0ypZkp0FF2FYIFCHJSYkwrgqjdNbSTdNQYT5bJEW0WiuKKFFr13c1p8xMzNjS2SJCgZ2hiJDdVuthalMoIEqJWkJUQgR2GkVIEpKkdJIIZ5sSSOc4EdF3nSEz083YJqdJEaWWWqstbCAhSilRXWxHhCStx7WNEkGStlUiUJJFERE2FAVFRghZktOlqK994qk1Z0apxraiqETU0nW1RqiopNv+wYEza4munxUxtcxxlEopdVwPUxtns07WehxbTuDWnJlSMVlK6brq9NgmE0VEVwqRTuRsmXY67Smbo3YWOWatJcdcjctxWC82N48fO64SdkZRSF1XpbBTSBGB3No4jS1bRCkRCpzOtBKqbAmmbLbBJm3NZrPows1ONWdOU+mqjJPMKaFGSGqtYZcobm3CEiEhhyTI1mxCiiKbMRtCxkLgdJQotTanTK1dtpymKSgGiUIJqRnchGwLZTqb+1q7vg8JZ3P23cximkah2awfVkM6a4lau1LDVkQEhgApmqhY0VUaLV1LDUFIktwyLQVOkCSFWsuudgkwTVMbhiZZCotaiiJam9K5GoYoHXK2rF3XMts0tZbGLdMZISWOUIRsFBKAAqmEnInDImRsHKUUpJBb4BQxZrbMKpVSuy5KrSEZZCdNKgpFKSoSysxau1CkFAg8TQ2pq6VESMVumS5VocjMWqOlIWVQMQkgKQQuNUISLiLV1aLRU6AohYQSSrdsxhFFAM50ThNSibCNImoNZBQRocBMbUxa7Wq4GJssETUqQkGtRdJ6tUy7lk4RQiElEggRYVtSCcnU0rVs6cbY0iiKRIkunTm1kGycNk4hyJYtMyRDhDIzyVIqBiOBLUVESTtKkWjZxjbaDnW1FqedCAhqhERENItQFBlla+PUIggCCAUo7X7WSxEqiGyZdqbBlmsplsdsdiptYzeIkKPWoghFVGXKzkxnZolCgI3cbLc0jlpLKJuXq3VmFgk8ny0kWpuE7JymdQahEqJ0Xa21pXNqzS61dl3fzWotiqg5WsUOSKVtW1Ewzcocx2kSkaZNbZhGiEAtmxSl9hFI1VJOI1KExnFaLVe1qOt6pFIVUUNSxbaQlNiWFUUIUQiVikVRICTJoFJLoJCMFRFFUkStgVvLKCHI1jA1Su1qBLItxmkc12tBRKdAkkKZbq01p6SIUouyZbZUCIBEQkIKUaJkKlumG0gCUUtY5DSVKLVWzNia01FqiaJQIMtGJUoRY2tyWmFbFkQUOd2y2VjIzmyJ3XKa0jmWUj05pCjCCBRKoySxTaklIiDcEplQoFJLs+VSQmDjbGkbKAVUZTsQCpHgFHY2E9QSmbRsUaJEqDiQ7XTray0RiWsXkqaWtUYUoZBp4GxWFCyFpPVqKLVE1KTJkZlkZpgUWEYAVkSmo4QiwNlymppCo7NNkz1JgULWOIyJC6WUsAQuEREM62GcWt/N+r6LiBBRw1PKtmltamRObcwpooDAEUW1hJVKESVKlIhSAEypVaFsbs21KzVizIaiq1U1IlRKGVYTaapA2dKZXSlROpNYEdQa2SanrZxazmd97eduqaDUrpYKRhJZSjdlG8Z1V2ez2axNKei6WSggE9UakoxqVJXSPHl0y7ZeDxGUT/r4jy5FoNW4HrOVErKjln7W9XVWu8jMiAIaxyEUXekldX3fd30m4ziMbXISJWxyGifSpiu1m3VOFMJKXFxMjs1djVKitTa1LDUiIqKQCWGRtqwgpmk04HRKQiJKuGWzS1SFJRUVBW6Zbs0tCmmNwyjJFrJChqIwIaUJNUdE6arHjFrSzYLmNk1Ra+3DzbXErO+JkLEz0wpFKaHAHnJqY9ZShEMKqdZaJSBELQWEsehqoVQQ2CoqsV4OVVJEZtaiUsOiRG0tw0QU24IoUVQz06SKSgRJ5kQSnaSwE7JEVYDTUld7JBS1lswcWwur1OJkak0Z6sPObERIXRGM4xhRMjNpLR2BjTARVoaKyXRiRciZ2TLbJLCQCKMgJ7quJ/A0jmOObaq1U0tLkluiQCGgZXO666oV43odEWBFCJUSEmmnkQgpWyYuQaKQMCQhFGHC2JbJlg0jq2UWldp1oULYSKEkAJxIRJQSJSrhMJKiiKaQSlGUklhQIzKzja2Wimk5KSIUUSIVYabWSikhEk9Tw7YzokQoSkk7ZIs25eRmZ+2qEYoozOpMQWu2E6g1cKhGjepEoa7v+1lXVAgs11DXdePU2jRGxDhNYStKRAARJU2JUERRgFKUiEI4bJNutXQbm5uz+ULS1ByZLZuTKMWZhGWlmxPIWiOitGzjlDhtRShxprJNblOJEqUoBIHcWgtFrVVVrY1tmmotEaEgImoqoqRTpqslapcmkVCSCVhRIjPtCbBkqSslorR0ZpMUETYYO2sttUQUSVFrsdWmychKZ6u1IyJCgFvrZ918Pi8lQKBsWbpO9jgNXJaZhCJCwTQ2hTC2osgSZhimWgSKorTbNKSppVgC2RaWpAinM1uzhZxpu02TnRKCWitytpbpEqWrpa8VKLXUUkhQRpQSRVIp1L4rLs2tRAnJCYRClmkmhFVVcErRpkSlkU6VyAZRS1dKlKilIJVS3ZpTdtoex9HOUpTpCBky3ZwSmHTLJIOiAiKwAYdqKFDISYRbs0MlUrYNgAOpCGczU0vbwkihSgjbtkBRhGxwSthODBaoqLUJotZw2m7GxtjT1JxEKEpJIyFFS7fMGtXOdItSQCoqpUqkTSbCEomdioJkO0nbXelUixSQVZ1pTqbmiSZQICmkcDRPq+XKuJZiVEohgmwgAisCQITAToNsgJCkkKQIABI7IqbW2jSVUkrIdiiyJYVaiyWFHCpSBBbOhJwmtxxBNRTRlVK62mO31rJlSLWf2YzTaBOhtO10Wg7ZSYK6WqdpnFrrupnsaWrZWu1qlLA9TUPLtIWi6yqKnJpqjUCUdMNWRKhaGCKKjGkREdLUJHnKaRynnLAsudZO0tgmlKX2TqXHJNvUMH1fbKJEXztFRInMVAjJzlJKhFpr88UClYiUipFzCopBuJSCIlRqLSWKm5Ejwp5AxgBpg0TLFCEbPE1NUigiCpDQWjoNUqmlFqch2tSmcSAdtdSuE4Da1ByIQk5IDpxkZmYrtZaqNrZ0YooiHYh0tpxIogbCViklkzHHEoVa2tjsLLXUEmFFDWFUTJKZdomiWkQgQJkNpBAwTZPTUUuoYBdFFOwopUSAKRGSVOUGousKRLYWKJ0RYWc4UGYa06Y2TaNC0+RSFBGAiFpKkayolCgBai1rSFGKLEo6MxNsQ8jOqTEOg4r72UZi0jU6CaQSBTO1KVvWElFUS0nAqVKMQUhIJlqb2jgJImJqLZ2yppymRshRyjAM43pEgdN2INVSpYgiG9lIoVICVEvBBhRlbGOh9LM+UCoDMplaazhKRBQ7bZWI0tWuBBFCpJI2jaPdpqmpqzVimNbDcuzmfY06OUtRSFbUUkqtKigVUUqp0zjVWS2qNqULqbRsUYL0alxna04jScKE6Pp+am1cr/u+62o1ZJswKpFWc+uii1oEJk0hwBDqooM2DlM376MwDm0cxyKg9n1xunz8R39kc1qRLWlezLsoVU3CwzgJla6IHBvz+XxjcztRV2t0QcoCFUHpqizbFn3p+lmX2ElEccvWkmxJJCaY9XNsQ62hWjLbuBoTp5sk7CmNsKSglBohlRBhu7UJqF1J6GqnzHGcFCYBgq52oVDXdc6cMkspbtmcYKdL6QgBRWU1jc4MRSkREoZCochYYXBrdjpVaym1YjIpXZiAVmpJCwViykzbtoVCMk0ZEpIUKLO5K4Wk5VhrTygUTiKTKAKLWoptQ6KAKBEhFCWilJKJhQpCCgmAtEAKSCRCwlhq49jsrtZSKiIzVUOGdDotVYEiopRasrU2OLoyL73tsTVBrQFyOlRwZmsO4SRCIqCUiny0f3Bp90L0NaJMmdkSMG2aJjttlQgwhrQQonQlJ4/TQFCkGrXrOxlwtmzZIogIm5YtKAWB0wkohIhSSgTOiGJhq9Qw1Br9rJeVOLFQCeXkaRqLiuWQnERIYGeUsB21RK1YGDIpQdoIkbZQREQJQG5pIwcRtRrACkKKqKWGooSwnenmdHNE4NbSNaLUmfC6tWytq12ttU1tyjEUtXaGqbVaKlLp+q52QVDAyjalqRQgUYSEMyUyQm4pKF0HKnazkZRkGlO7ooicpkyTLSFJ20XFTlqknS2bW6klopauuOUwrNNZa1ej4mxtytYsulKQptYC0tmakywRBUmkopZqZGehpMgI7AQUwog2TtOwVglFqRFFoQisKKVNTQIVWku3ruulkDS2KdsUEVJkZqkzOy0ilM3IUSJb2pnZSikGtyRkLDPmlJlTTukGiqh2ZraIWiKU2VozKQoCCJQYJ05biIheYpomYUUYZzbS2SyM1aZmXEu1bej6roYQRV3f1ZBaSyeESw0R6cl2EAaFjHCEVGrYcuLIIBzhllMbcZZajDEtjQjJtjNbSwU1qkJK2ca4JQIDzubWxmFqkkLFGIAwDqkgKwNZOLNGkaLWcOY4jLYLUilRZWzStnHi2nVdLbIzTQinW4LTCqlIiq6N64S+r0LIgBMVkSmipW2XWmQB6bQJlShqY2utpbNEjYhsrYRqiYgCCmVEJZCNUSnYgSQ51TyGCJWWU40SioASUfo6jEMoMNOUbllLQU1E33eJh2Hsale6IiilWFEjFGE8tamUGiFF1FoVqOXUMiLTSEIxZQbGOFuppUYVShAqRbIlW4zDmJmtoYhSYhxHYwIpwgESkGrZSqmJcppshLO5tal0fekqQg5EREDUiChFtUQgSSVkT9PkZoUAlVCYZouptVDUrnqappz62azW0qYx07XrZl1vt1q7AOQogoKborSxTW0spYi0VWspUktnS0UpEdM0lRCoSNFVUKmdInCbprSz67tQcVipUko/6yQlKhEmMbVUQJkpBxFFEQGOqKXE1IwxOU5TlLAJhCQISURr4ziNwzDk1CyJrKW3mMZpytayiQATodAwTOM4KZyilmI3WlqKUClh21NrnpTq+q7re1shp6nSOAyhqH3nJG0Z3FRE0loWwiEnaRO4Ta21IkWEs6GIiMxsTskkIaqKRVe6UkuJank1rA2ldAk5ZWaLWpwgQIRb5jS1EiWKQLWrkigESltRIiSREoCdIGtok9O1C9JGkKiAMVEDRNogHAI0TWMpBYxNOG1FtMzMiQihzFSUUmUi3QgVUBREiQK0NgrX0tn22EopKrRsadstM0MFpRS1FKennGy62mVmSkUIMhsgUhERBWWUqKXa1BpRwokhTVe7ri9CxoVABdIulqNERZTItMDS1FqpNRQqwk4T0mocJUkmXUp0taQphVprKXVqk1uCIQVRio1kLJOCiFIjluu1RKm1RHVrSWbizJYuNTB1VruuR27pKlpSI7oStsZxsG1hU8NSCE1TjtPaJkpnO0LDNBGEyjCubZeuoMipGWc6FNiSbcZhzOZQKMo0jsK19qmspaRdPu5jPiKIWqOLLoq6KKV0Vmbzen2UGHNwsG7jNOtnEQUnVss2tSyAXGpR0rJJgoxSSj8jM7OZjAgwCrdE6moXodZay1ZLKVHGcRQoFBERIVwiSinYQCm1lOK05UK0tOyIgmnZppyas6sVRY5ZurBJWxHTNGW2bMaoSriUKiKKnIxtIqdQRJEi5EKQmW3KtGtXRJiUUZESJOMa6vp+XB0N62HW95gIY4UASi1pIbDDSlEUdmvNKAgrHbXitKklCGxCkqIIqYAlSgBCSEWSnSUCEdB11elMR0jR4QSkMExTWw2DJJHj1DIzStSIUNjNDUmZGYpao9lykyQpBEIEAdnSLiXk0rJJlAgUiTElSikF7HTp5JaXLpyTdOzYcRx46heLrhRBlCIkERFIoSCIiK726ZQcRV10REiR5DRNUWoJRS1SiQhn0lxqSbfW0ukgQiEkka2ZUmopEUWWQhKQ6cSBS6kREnKOlkoNSTLpVITTTo/DmM5QiJSkIG0EliRHAKWU6Eo4srUpW4laSyFkUyNEGJUoCGdiohRQKVG7ruuqnZnUUK0lpJYNctZ3KtEyZSEZd9GpREuDSonAKoHtzHFYp1OqjQypVIXCqZDTFlLtsk3ZMrOhkq1JKKK1jBJRYpwmUUotEZ1CkkJRSrWdZK1dlCCz1NLSJaUQBlEjImQJG1EiVMKYTEtFpes6gZDDbi6lSlGrsFAEWRSIkGqERSCVKBFRSyCTSBEhMzmFSpEUxiWiljK2qWWrJYpK1CKFmyWlWw6tNUexiFoKCkRYpdYIZeY4TIhSomWGInFXujARilojpVAJTelSqizJtXSESoTI0vVdqQKhVEu767paa2uZmciYiJBo2VRDFkWYWgq2LSSCaWoGsESb2nJ5OA6Tkzrro8Q0TOCiGMcRZY0oUZJMUxRRNLm5ZUS4JSoRgAVRFIr1NDmTiF4VvBpHO0PhdAkhkakSUuAspSiIiCglFIAiQIqIUFFxgB1IimxOXKJEqU7jZlRriQhSmS1zkgWSFIq0SomIoogAlRjX65QjSlhECNIOSREIrHSzGyiEsYgoigggIowNXa0h2el02oCkUFiWIkIhFGE7amAIigpRhKY2SVFKmaY2ttbXIqlNGRLO5klF05DZmglZkoGcmpClaVwbbJBKlFIjM3GkJye2Q4GilhIhSFAISgC27XQ2LNKZnlpTlKJAJOprRxF22uAcLTmiDOOQbayzTpJCctpRglKrIqISBKAimksIRWYrtfa1G8d1JlGiiw5MWgVZhogQarZwoZSuFmkcmxPn5GRYj5lT13Vd10Wp4GxMmaWU1sbWErCzK7WbzQyKkJR24q6vRUo3WyqKUInSWgs5xNSaW1oSgVxKkC6hKCWnqaVrLYJpbBGllEjnOGVfOsQ4NQmINo3Z0k4BKaBGTK0ZQiHASto4tmxTZoK6ritRhITS0zSNVeq6olKcmWNTaNF3oQKElHapXYmiUK21RKgoM0F910myscFpnHYpFWhtkhTCIEWpBTRlC5UISVlLr1BrUzYLHFEkoQAiuihd3xOhIqfT2aYpM9O2XUoVKMBOJ45aihFkF9WAqCVaa0URqsOwognUshnXUhVWCpwp4ZZNmQSk0xZ2qhRJQg7JRlIpQUSNqpCQIjKdrSGV0tng1pzgIkrtI8LNcpvSIQk5WzrVBlDf91E6ModxJDwNQ8vsZr0bwjVK6WupFdxaDuOgpHZVElIJybFar0mXWkqptXQK2jgpVbpaSgnKlJm2IrouSi0h2ZqmgZQ9YQKQiqXapd2yCeHmzJZtmpqkkJBqKdlahGpU2wZj2yRTazZkKiICEQpIiiIigGmcIlRKpNzGSVFLjdbStmxUSkQpJaxhHJ0ahrVCRSVb2i0CRcUOhYQsiQLr9VBLNc6WfddJam0qNWZ1FlE8ZaiUWkhKidYypxYl+r63U5Q2jVFKlGJaF6W1Ng6DSpnV6sSZ5RM/9iMrYUGbxpbjuBqHAWfLZkUpxYb0fHPD+OjoKGqptUxTTkNDrl3fFQ0tp6kFxYVxGrpSFLFcHU1TdrWLUqTS2uh0rX1my/SUkyghmVaiYLU2dbUzzpYoiqK1JiEibUhkGwsMUptSWKh04cypTUoLDeshp6yzSjqCru9rVKk0t2yTwCVaTl0tDmxjT9OYmSBn2kSJWms2t6lZhEgokBEhMhGylR5taq1AoIguwulEYbsrgSIzIyRCqBRsZ/M0jCiFEkUhM9uUCEUEYOFEFJUks7VmOwmESrYp013XiSwKRJSqEmG1nIBARKBaQs20bNPUaoko0TItlVJtrddDy2Y7s2XatjOnJHBEGHKcUCUTEaVip1tarWU6w+Hm9Xrdlbq5vRMKjCJKLW4Jqn1XIpy0aTISFKmUmMZJQS1dlChRkKf1ECrNSUQXVVHSU2YmKrVkplEpxQIsaRyHTKIgLElRMhuYiHEYQhGlC+FkHKZ0q7OZJ5ssJWrpRJumHMZBoVoi0ypkRomicDayTVaUAmmTJYptY0xXitPissQF0oZQtHGacqzRRahICGA9jgGlFCmShKhRFZEkLUtXIyqUdGZOXT+rEbZJT9OEFTVsmkH0NYxIHBSpoVDYbuNYahgCRSmSJbWpTW1CBjkzyWxZA0KEKiXDbhkRUWTbRs0IsGSiYKeECFRKoHDLltTa1drZiVxrh4JAQYlaShQVCWOn7TTOdI1SaidhU2sYnOlUKZKUaQSJhFSMFYqIaZqGYQhF3/WlhluOU1NIMqgrRagJSRLCUqldsZnGqbVmRdfVTC/ms7RD6mpNGNaDUHRlmibCESWNMCEnBmwoEkBEgJwGOxMgm0pBDkSpqiETtdQIIztba8JRKtBaZstsTWlURbaJ2ayvXXS17yJUSmZGjVDYtrEUYBMRbpNQ7fqudAYCoYhaSikRmYhEqlLLKW3SyCphudYaRc1urdVaIkoocLZmYyCdbZqQTHNzS9uEZCCNCEWt1bi1hgW0lpmutQSysQKMhCxLdgLOUkq2XA1LUWqU5iZnZuZkhZqNU1JEADIEUu27TiHStp3Z2iRF6YoIAUlmSlFLGGVrkhRARHjMySZUogZSES2zq8W2AU/DOOHI1gxRInMyEUgOhWQQtRTs5pQchKVi0hiDMSUkhUO0RhRkcEiZVkQtYSlsu5VSWks3UyglhnENisBQVJzu+65EGM1qbXbmOIypcIRQFNUSEUEpRWCsCOxAJsb1ME0NOWoAIJzIq+VymIaIrtZwEqWGSCtCJSKdipBKgJ2T1ZUSXYnoJNeuK7VO07SephKBRYTtgkSUwjRNUUpEEJJwwwKnUhExDGur1FpKKWlPOTkdRaaErRJd6aKrgSIKgKgqU7OdJSwCZ2tOu+XU1aJSpqnRWoLJ1iwotUQEyhIlitrUcEZRiYLkdIS6vpfU9X3t+mmami2572ddLUgJpHAiIdXaRS3YpYaIzAwBCtRaMy4RkrBbS4SdWAhUalcEtqOItBWQmcaEVEpIAkjVrsjYpkQpEVJILuHJ4zS01tzsxNjG2Fj2bDYPaWpZIkqJbNnculolMi1AkpCKsCRE5iSFQqVEiRA2SqcshYkSgWpXIKIAlqUAslGigGwihLLZzdlFEIoIhTKzELUv2ZpR33dYmQ5JzgkbxmGMVO1D0vJoWK/X/WxWapE9Tk3Q9fNsOY5jV/taQ8TkhhUiFG42CNUu3FIRhYLIdOlLCCyToGEaVQLFNI2Tm6xaQgBhyKQUSUVFdphsmaXWiMicsMls2RSKUqsCZ0RtrZEutcucLKIqoma2nLKWQgQ4QpJEgKYc027OKIEFRAnbRHSlQ1VCJjOFVMo4jk5K6VL22KY2tWmU1Pf91KahtWmcJAKiC0WUWmqUacr1sKwRINtRws5paLXrmnM9DiGVWmqtzqwlxmxElCI7hzaENY7DrHaz+by1yZnGCUK1VglB+eSP/ehGGiSRntoERTBO2XfdfLaIotrNStE0TVHU125MoygRCkmyirPVoqjRl5JpEZLG9RhFtZ+31rIlblJESCJK6Wq11LDTmUQIKQKnV8NAuBQ1ZzaXGgqVUgGiyJ7GqXS166ogFKhk2plRS6ld6WstqlENtkspU7ZpHKuqaiEzAqyIwA7UWpYSQImotUxtyjY5XWsttQQyIjMRrdl0JUrtULopnaFoaeMqxmEEjFtrIbV0kKX2ooGbnRAqmSmBcWuZBqWQVCJst0yD5TRktjZFKV0t2WwmSbYzXVRcgsxsNkSRkJBFLaXvqhuQchCa1d4o24BDIiNDUbpaa4dtsoYiOpE405RaMi1aRJEASYQIopQoUUopKopAop/NLRGRzZkNTFDQ1NrYmtKELNLZpgQkYUmQXk+Tp6ZaweCQELYlRZSiMJQSXSmgxCFJKiUUkZmU6GonsMhmZLtFyArnZPFMMuna97VoatHa6NZqV53YicNklAgkZBzhYRhtd92stWkaR9uSMFGEEFIIK4pzSuR0clmS2XIap3EcMSJUVEpxS4RCbcpsiVRUgKjhtEKkW2ZmogIQQAjCUWrU6AVAIYjibEKhkrjUThghhZ2tTYjCZdnmi1mttTVbLoQh5UjXvkZUTNQQEJRaA7XW7CZFUQhjOeSWlhERAElKAqZpDCmTEA4hO5tdIN2yJVEDjJ2mtQkotWRmtlGlUxTJIAmkMJmJZRIrrOiKnbZxYkdROEoUi6YsRKmd7LRUCEmmeYSoRcV1mqZSytgmSVGK0zZRokZ4aooihdrkiFprBMYBUZx2KFJhOxQllApn1r4rUYRKyAinVJxudlE4na0REYrmVqXoKriU0vdVpZSiUmpE4ExQyoGsJCMioiLLSmdRpJEUERGhUBA4ZatENo9tVKjrKoSEaokoJYoihEHgdLMJKUqgcJrIQFLpawUyjcOQbQpF1NrGcZoaQUQQOAmIUhAQJZy2IGotcgoyIyrhoU3jNBVFidLs1qaotYSk0lrLpHaFUtwSO1RKlFIKpBQKSc5GS0se29SmJhmiRkTtUq6lRFGp1a05SSxLgU02F4rIzMxsabCQI2RjmPWzzGm9Wi8WM/A0TqC+dqWLWqttKaKUkLDsTFxCtVRLwpA2UUJSjYgIAVKJiFCCW0tMInvMplCJUiSVIhAqRSWiOTGSogQSWIoIZTrb1JprrSrhxDmBpmGyXSJspa1SS4lSyczWUoBtZzZP05Qmgq6WUooxzQm1SlI6LSQb0jbCrdYOHKGiUmtEqavVME3DbDYHT+MUktwAVIdh6KJEqW4tswlFRERYjMNYu5kzTQo5s0Tpahcq2GkjEEpHKbJwAjk5KqUrtqSSmV1fFBRVoNnOplIksEuU6LtORSEkUZFLjUzLUWrJtJ2qKqWWUiJCmUkzBJRaSylOh4okRfR9SVukSgGTGsaxSCq1yM1q02QLpBoKjEzWCESUghup0tWIUERaBavUaRqjlK7vIMdpaq0RkiwUpdSoSRpCAUqnnYRC4QBTIrpabCskSYqWLUIRocCNDIgSuNkmgQiFIoWg1FJKFEWKkJo9TVNmA0rp0k1JrTKUUBoIkY0spYAinNjZAKEakZBOKQRE1FpEtKm1aQpKrSHJWEQECDxFhIqKCsrFfF5rncYJJDJCtRZkZ7aWniYUwDSOOFBM2UIG0q2UGhHjNEwt5/M+oqplhsBtSuS+m+N0o5ZSIwQNk07jbK25lKi1SkiAutqVonGY0tn1XUhpSwJKrREKyXJmE5rGVqKUCEPUWms404Ygm9M5Tq3UShK1kB7W6whFlHRKEpFtKrUg3JAooZYZJSS3aYwSJWqtUWs4PYxjiZCNmSCnyQm2M8dhHMdRoa7vokaosxvgluv1SlBrTWcKAFsRgTGK0pU6uUmldlXy4dGRTd/N5n3NpClLRGaWj/+EjypRu66vpWROJbRYzEsU0qFCSBFRo02t1ih11saxTVOtpUQ4kEobJ6Sum9l2qVEELU2IolpKmdqYrZVaFSoRCmfKzlAJWxYtpehqjdJFlKglW9ZS+9pHicwUshQRJcKZEZLUlWJCgSyFatdFhG1ZQg6P49QSWTklULsuJMM4TsMwZLpIKUpXutK1luksXRVOVEuJGtmaiosUpZYII2cbW3PL0ve1hohhGCSilFB0836aJnBEMUGmFLbTCcrmbK1G6bpydHiUrc3ms2aXorDcWkS13VorEXaOw2goJWqpRhgHiaVYT4NB6alNrbVaqp0RMgglCEqJUoqiiFQUZ1JK14VRkUrtSgnbbm6tSaXrK1C7iqRUrVFql063DIhSS+2IkJTpcRpbaxC1zlBgGyQIiqqIBmQa9bWqaFqPmdnVAk5nZkZEJtmm0kVXarYmRASmqAhJlplay+bWstRSSxEY3AyOKNg5JYVMcArS2Vq6pXEgKVTcl5qSTJuyTVOtUboCuJmI0imIqTVARAmlaa1VFYoyMyTTWks77RBhIBAlajjTSSO72tl2c5QwiemillosyExnmxqy3BJLSqJlc2uhkMK0iFprMYaWE3KTRFEXtWWmLTFli8CQbhEKqbXmZkVkJm7NhuxmfZQqYpxSjq4vdo5jQ6qhKBWY2kjL1poTWSabs5QuVBQCoWKSlpKwnC2bsbElSQJJAjCAW05Ta22KKIoSRW5J0nISDMPozFJqCUlqLdvUEC1TpkQoFBJythzb1M9mRQWnSrUdEU6ZXA8DZER12m4RESgIpGEYnFGiRC1RlC2tLNEpIEG0nHA6M2pVKO1SSpQgW0vblFpDBWMIwtiSbKQQJtxGTMu0CRXJhEqUNMK1FgsZU6JEy1Sj6/qQsjUIRDqb7WxTZielWg4ZtZRSbNvNiXGpOLFJsigCnDbgTFtVfelst2aKikotoSjZ0iikYRgjSu1q7QJF5jhNGSVKKUUiTEhW2mlHlL7vcmrj1FTUl1pKRcrWRFNEqQGyIQ0RhTZhJyiCaUpadrXWGgnD2IRnfdfXWXPaDpUSoYgiIXWlTK2BIwIZFFEIkiyhiCppGMdsjgC3TKetCGcTVSKE7VBBihDhUCm1liCknJxyRMEJIKZxQiq1DuO0XK9Lib52Q6ZIEyGlcKaNTSm1SIGwm12iKIKUSMAgKxMJwOnMDEWJcDpKgFqmsaeUpBpSEYoIoqRTZKhkTuM4oAqJYtb1gdLObFgqTG0CKaKEohRBkTIKULtaawkzDkNUhRSl1K6TpASptZaeRElLIszUUlCi9LWKGNZrZxLCykxDjahdraUqokSJUoFxHNKEcKjUAJXaS2o51VLBUUpEWJ6mVIRkQi0zpFoK0jhOq6NDixox5WQTJSwiSkjZsFuE0sopowYUskWollKkWjtwhAiVELi1KcAuUSNKIXOaJoSkImVazlQUJCRF0rAQUTAUlDZOg6zMTE/NhBQRSWstnVlKBMrMAJXwlERYkZZwhnNKQxsd4SAyU0HX9zKZntqUzqLIJFRUIiLSKUMEuERVFCFK7YuarVCEsiUiM40LTJnYmKi1KARSkUxiJwosnMYRJYi0Mxsms00tZ7Xvu5lzmqYmsqVCZNpYykxqKZCCccqcJkkR0ca2Xq+TFkSpdZomj5OgTRNBlF7hllO21pXizGEcu9qV0ilC0rgeo5RSu9ZScq0FRybjNLXmvs6ilgghikqpXZJ2czZQUUREV7uG29iiRgg7TQm5qhvbemruazWUCNKrcRiHseuqUJQotWCD3DKbx2y11gjkSNLOAFEkWptUSpFAknDgVqKqho3TtZYo0ZrTrl2ntFvaTMPQRelmpZaugWUcrY0RpdbI1lqzbVFCKkFraai1llrTmsYxWyu1GAhVSkS0JAGy1J4QYbnUKNFHSKXUvlRna60hahQUpXRRu5zaNA5KGtmGHMeREoCztalFYT0M05SY+byvXc2khKTSWtIon/hxH1VU5YagFDmSBJdaVKtAUSXLcgjJuEgBw3pE1K4z7qNLnE635sxMkamI0lXB1DIiutqZnFprrWFN01RKAUDRRctmMCJTCiBCEZF2GyaJGpGtyShKUWk5ZTMF0ghnU4Tx2CZsF9Wo09RKV/pSTda+y8yckiCQSePadcJSiYiWkyFKiVJxpsnMHCdAkkLjmNM0Wi4lQuG0jUImC0RIEdPUprF1UaLIlgoRxS0xkLWUWmc1wiBUaqm1b1MzgCOKOnBSaokIRWIARaajYEsSopQSyFghS7UU42EYnI5aosTUppwS0TJLBBL21EbZUaKU0kybxlCQGSWillKLUGujk6LaZEMEgpbZWgtJKpKFMy0hy3LfFUVBRCkYhUrpCDCl1L4vRNiMwxCo1JJS13VtTKTalSgRMCWSatfJpCdnZsGZETG2DClbQ0SU1prTk1uo2K2WLnG2Bg6kGsY1ws3pdKhEKKJEJ7CxwDaQJmrKtUTtOgw2OMlGFqJ2faklJ4ekCIRQ6WopZLY2TYKQDCGFIlsDYytkJ1IpVSVaawphQAqJIEpRCRVkp+VMu5TIdFcC5JZIwioRIdkNwKWoqJi0kSUiImw3tyhRaiiwkYKIUITDdktHCMmEoYhSarZsblEkhVtaTrKgKKFS7Gxjs4kIO1UUCkiQlbZVim2w3drkrnYKZaNEWMaErBLZUhEqMY1pWUKlRClpWqZEKUoTEVEkhVsSKlERmRmEhJ0IUEHGtjKbUCDZKoxjm6ZxyuZsmFKkKNjOnForqrWvwtM4tRxLVGdpnkotQhhFJGRrsjIdXaWlsUJI6XRLYRoqciaoK52EFGkjsBRglyJL2UTBOYUkhKhdj3OaprRrhGotiqJOopZKdDjHcYoQBqnWaoWTRCrUKBFMiZ0GpwUlwlIYlShF4zhJAWQ2sCRJUoRIK6ccxrVwV7o2ZZLTmEpFVSmBIbOUgjFZ+y4kp+3mdIJUQpGZU5sQUSxjZGfUQNGmqa9FNYJiHFBLLaWMU8s2Kjzre6HWRkzaUzo9TtOEKLU6aS1JhxW1KgJSSXTquhpRkUDOREqskEQpQpraBAbZTjkU2TzmWKQonVBgFFFLiUIo7K6WfjZTFERImTYpwIytBUQJZFsEEaFSgBJCpTUDRNQqW0VRaskkcxJSxDAMmBolahhnNiUoJEsKhAxFBSBNLRFRaimlhGqXbZSidjWiYpUi2VNmTtN6vU4IGShRaAzTOpO+n0WtJUJBa2lnUCgolS1xqpRsLSKkqFUQiNZaUS11VgIplFjIynBORDiiICAiopQSoRq1ZVPIJGmVwNQa2BClKltraYlAaSBoFrYiREQpJWyUrrUYOxPZ6dZyGsfJDiKEhIlaS6J0IglJtKklNpI8TU3OUoognc1NgEIRtiOg1BKSFCpTTm1oY2ttykbL5tpFUCICHKUWKLUoFOmWRNDGbOEuis16vcpmlbAJXGoJorkpqV0VKCIzQTghogRmHJvtrquE+lJaZshRItOgCNnONgHZWghL2dKkiGmaZBwKlEYighJVIZQ5iUChbJazmaKQmdxaazhrV9OQWftSIlprgVRCUZrNmLaDUAjIltjONk6ToUYkDlG7vtbO2TJbrV2U0pxTazUKgN0SKTJzHCYpwKRr12U2aLVUy8M0OMM4IkrRfD6jSKjraokqEUWekqJQpCdFZGstsyVRItDktFGA0yGn+xpEhBWl4pSiRkzpbCMiHNHVkDIRRC1yEGpuQiG1dDozUwqFbBBhbIiQhDAZEYBzalOTKSUyGyVmfW8RJYwyW0Co4BRSqETBRkSEMsdpgHA4FIqCDZnZWpso0JQQkKGuq9M4Det1rbUrQSo9RUTfd7XrneQ0JW6mltp3nUo0Zxel1FrnfRE5ZXPO+27WzZCBrhaXEukSUfuulpLp9bDOdBRFhJ3lkz76owRjuoSE0s6pNTdqCWtyU1JqTM4cm8igNFtEnfWlFKxMVKOUQjrdSu27Wo2bXSKAUkzE1NJOSSWiRJGcbqEakpBBQsbYokSElBCqCgeSws5mikSAZYwzaqm1NidpRYkIQSklbZwlSrMNJWrLJmSnoHZdEMaWIoqQSqklTGZrpYRKKaHM1iaXEm1q2aYpW5GcgkynhKQoXZRSas1snsbmLCotk3BfagnZmmiSQoFo2abWVJBE5jCObZxUiyQ7wG0cQdGVrqtSCdzIIAIpnM6gREQQURShEhWQDIoozoYVtQRqrUmSHKE0kqJEa83Nk1shmkwSIWynh2FcD0MppZSSrdmutQtoTikkO2mGnFww7krxxGSXErbTtnG2GkqRIGm1XBc039iMEi2zFoGSFqJlYjKZhnU372Wa0qlmi4gEBWQpBVulkM0IEUTpokZNMm1sS1EQijAOhyNU60xSAHhqk9OllAglSAFIxmqttcxERbJRphUR2FgGZcvMSVFqra1lm1xqRO0E0JyS0hJARCkh1XTKCoGICCERCiFjFLJUIgISRQ0RQOJsmThbi1JKKVJplnPCDOuh5VS7PixKIIeEpHCJamSnbSlqFIRRZstMqZQoCuRMSCOAUkq1srUsKlIopCghhABJIQvXqJacWUtVVa1VKspmO0EmupJ2ptMtopQIEM0tU6BQhG1JqiWKAoMpUURQSkghTdmmaQyiOQMBXe1MDlMrRqUqIm1EiRIlptZUSkQZx5E0Iq0StRSVUClhEYoQmDa1KTMiQl03K6XUWqqQBXYbR0UpNaKGksQISZkts4GiFAUYoYhAoGiQbQqFEJCkwSYwiZ2KYhTGdpKAnaV0pUZQWmvpTDIIMrMZhGQcioi0LbmNY6mdrMyMEhGqXQ1knC0F4zg50yhqyG42aeMilQhnm7KFXEpXisaxDcM6Aks5TYoAbEsCE6JQibG1YZxKlNrVCBRyy+bE7rtOpbacSoRCJGTLNJJtJETUUInl4VHmVKKUqClNbWi2QgWihkq4pRTZ0lg4M1MpqVgG2zVKKTXtNoxWk4oyS2BSCDQMo2WyWRJM42gTNQRRaojMJstgS8VCtdaiMo6tlFJrREQ6W3NEpBOrlFpKtJaSJES2qRmciaAoQgHTOEUQpdiZGKwIRUgGSinOBpRSIiS7NdJJse3MCYdQrdWZmUkmRdM4YbpQRJGMSSEUYMmZfQkVZUsUQESpXQ1pskuEBBDIYdJSCBpTQQoRxdlQ4BaKWjsVhZ12y5ym0aRCIqZxnY0oka0N01hriRpRipBQ2oJSSmvNptQObFsqBFFqFzVblqgSWRB0XRUIglivBzPJYVl2Eq1Ndkox6/qQopRMO7PWzsLOGsXYacttdAghsEJTZnMTslHKAWA3G2FbDsi0ndB1pURg1VIQxoBlmajhdGttnJKcotSIKAQSMkTflVprKZWWaSuiQgaQUBARRYp0pg1WlFIkYdo0jondnAkhAZYkCwkFNgZhJIPSCbVWIUOIImVrCZk5jSNyEE6XGiWi6zpqGLABHEpHJVRCMWWzM4pKKW4pCElBw6WGpHSGopY+IkqNrusUUqld10FrUzNRqkopgNMKutIRJnFrSLWrUcKZIRlntnGcatRhvV4dDZJDihJd17sxDKNkp5pbay3T0zRNbeq6LqILkSakWsKJisIpKjaKSEeUruuL1JyZjShRI6IgR9SulNayTRMgoSo3WpsyU6hGkU2CcGaptbVmZ0Rk0FqzVUq0TLdUyGacWleDEm1spIf10FqrXQWEWyZRwF0/i6jItpszovR9NTlNjlAtUUolnOk2rIGoEUSUkBVdkey0A4k2tdp1iiJp1lVRmlPQ2iQcpZRamaZ0E6pVAJlu42RvzHoVISTllImUCaSzjQ17GieBsAFJlPLxH/tRrblNIyGb1qa+lhYRhIiwVES6SKV0UWpzttZqjVoLjmxTEcISECUKTicq6vvOzetxqqV2NVobTdQStVRFSewURS0TZVFJIXlqJlSKFOFEcmZrdjrTCAgVSjPOjFIMbZyiFLmZqCWkYqftUgqiyCJAY05tHBVSRCgMpah2vbBbGotQIoEFiYtx1BBGBBGKiEi5KAhKlGyTslmOKGAUtlPgrKVItGYVuaVJREDS3GxbBIWI0vW1dpXEmYoADDjlAFsUiQin0ynUchKt1g5pmlq2VqLUKISdRmFcA5CwSimqBpoR6QxjRY1A5NRwG6epTc2iqERRqcrMlAQJ0zSVqLXr7VRgVEJudjpKdbIeVqXrowS2A9IUPNlureU0rKNGVztnM3RlZlpRMWrTKKmU0tIlSo6TiK6WqEUmnaWEaoczagEROG1MhCVhGZBRyCJkQIhwWBEhMFKmQQY7ZSmoUST1fY8ZhindiqSQIoggNUxDG4dSqhSZzSZKVBUEBoWEsVPZptZMRBRVBQqJgIiwEApFSI1UCIQkKSSZlCWSTGemabZUFKoxq1WluDWTZERVpknXElOmCAicToNtKyTLRgoF2YgwttPZxsyc3HLKUovTLSecinCzSpRaSatKSTrBtjAKlVKdCekQSIhGmwYiIiKiRCme0gBupCAUQbRsiCgFSxBAKbVUBUmWWo0lShTA6ZatSGkbl4jWspRAofRoIsjWZNtIESVqlFIjova1qIu+dhRBlgiiCEpEKWHUsiGVIiKqZFiv17alELadLYsihZJsLkUREmBBSAqIEjYqURQphDInUUKl1DK1No1jZgJCUUooiBBOZ8uGkagqKbtpGoeWaZvMzKxdVah2XallGqdhGDGlq7KMIorw1FwCJy0TycZyKKSw1NUqhAREKUKoyNmygYQsgmhtsl1rH6BanbZbJgpbYSdWKcU2ytJVOdMAraWcpZQo4XSbspQuSmS2qWV0UUsFS6IUT9M0TC2zK6XOZ2m3aSTpuy5UbUcpxahGLcpmoO9npSskJaJhjAS2YFit1+NQSldDUUpKmYQCk9m6rkurRhBFtgEsKKWTbVDI5DAMnlotRaVO05gmIjIb6VKrsG2TfVejVLBbpi2RaQdkm7KVKGRktslpu3SlhGwJRxRJ4FIqUUI2UimyMxPbkRaZCGxqFMgkQ0VBa22apq7WqFWopaeWmVlCUQoIWld71S5bc7q1NJ7NZqVEayNOqUzT6OaoJQgcCknCRC0igICWdrYxU4GdNlEkleZWpYgOZ0TpuurArRm6ro8oWDin1jxN6SQ0Nbu5VIapyUYiM0pESEEIy22YMjNRKUWSkSNCESG3bJklotYSCgWhKF0H6bRClMAeVuupTcMwlVpLyCZqdLUSAQ4FVraGiJBKKbLBiVuzUlJm2laRFE5LTjSNQ2a6IaMCpindElmEIrquWhIKqeGiwHJmyghZliRly1IDhQLSFrWrAJlYJYqd09RkTZk4saVATK1h931XSsWZzaUTyOlAtdaoBadBUaY2TVOWTsMwtilDiii4OTVNbWrNqWxuzV2NWiOtUkpXunQDRRUNDHJrkyUTOLGQaolSu1TKYbu1JquGWk6tZcollJmZFtnVmmCnrdbG5hal9l0RZDpKtGlqU4sgcRsnZJXadTWdLT1Nw3q5GttUIqJURxSkkCK60kehZQpM4IwSESp1ViJU5JZGEYFkeb0eWjZIbBXVUm1AdhpKlDQyCCkU7ko4s9mQAFKREkOUojZmZosaxm6pAEdUlQgiwG6TVXCjRFdKa56cMdFyapNrrZCr1RhBJqWTrWxTrUVEOtOFdOKWtp0ZigiR0NUuCCsXdRY1glCRm52NqKVodXQ0jmOUiK4YaDmRbWq178flevdoz02174QN63HdpsnScrUcx5UJKVu2aZoQglKqSqTtzFCUT/vkj+9qZ7dsTV2ZpjaMYw1FFNsKlVoz2zhNUSLbJHBmlGqEW5pSq0S2FKGiaUrLmQ4YxnEY1303L6UQZZrGTKJEa6mIkIQxpVQUkkoUqeC0ZSPcsuWQ6SyKomJlTplyG4fVelm7GulmJEkF26jWsE0mCoJsEIKQjNTVXiWQ3LKULirTkFO6hhJZhNymNk3uanFLiQhCGluz6GoptRBhtxKl2S3tZjszsypqrbJAdkRQpNm8V4lpPRFqzbXWICyVWkKImM16Sc6cMmspEQUJO50O3NzaJEEAQqW1lFVradmmcZhaIrquy5ZFoYhQpFFaERBh0tkyEwIUBYyUbqV0EbItVYmoAWQTobBVwknmaEPLzIwSEZFGMoqIsLM1alUpKqqACuEytZZTM3RdjVrtzJaGKEGEUBjbtZZSaq1lmsaovRTNk+2cbLJ0NUxyhUNMmW4tQiViai0z7RSCgpxGFqBIgbGCKV1xIyPkTMuYzHQgNE5TqWXe94pIp1ApUpBTC9WuryZbsxQCJMst2zSNbikAh8IiFJiMECiVshSZOI2QkFQoUSRhS87W0qJEOCUoQrVEEBG1lClzHIckQ0WRrXnW9bXrnTA1MEECEYGQpYhQ1FIkC5xGKAApLEEo6EpXqlqmpVoCG1QUKQsZCwtFBHKRiBjWY2tZpGYXKZ1TZhelRERgchqbRIkSIhQWLds4tVpKRAEUpRYpQsgirMRuEyGMwFBUaq0KlRAIDJaKyVLCIFxqjQgJqSBnIpOhgLRDEQoAY2yjCAnSDtVSsjURrU1tGhMkIwIBDoqRlHIUgQyhUCjb5JZSRIRhmIZCRInMFkEEadstFEXKEGmVEiVCkknSiUISjiiq0zimnJ7C9N2s1ABsSghnGkhFqdGpyOkociYyCByoZUaoRDgkSUpZqoBs1xKgzJEIjJ3I03pE1L6vEUImQxFR3FC4RF8kIAJbwhElIsBgO9NYdKXaTG3CgiySI0IqJUIFh5UkklSj1k4R2awIp0Pq+tpatmlsLWutUkhhcpqm5qYoUkRoHMZMRxFErVW1FKLrSopsmXaAUHM256x2kijGNkiaWhvXayCKsIxFTJklqHVmuwQlSmaCJ2sax6IoEYVKkK1NOWU2hSQpKFEyQSUiIIdxkmO+mGWqTWmaRRCZmW1SlJwmI4miYpjG1qCWahyZJToFUarAtgI5cEL0XR+1urmNU5SoVaVWkuXqcBpbdFXpKFFqlRxRZJqzMRWV1to4jBGl1CJF5kQoFAAqUgZY2GkLUgpBqVW1yqkSimJ7moYoERG2JUpUgkCCtNs0OiKIEgXa0Bpp27il1ZViYSMwcjJM6zS11MRCEeFspdSIwA6Jomw5tglI20zj0CR3XY/tZsM0NYmQ0u5qCYVtZ7OlUoqilIiIUmpmtpxEsUhniSKTtixBSEniaJ6maexqNSLSBiOopWRmSxdFqQERkm1BwwpCJexMA2k7mxSlFJrHcURIQuHMKbOrkS0xIZVaAxAlZBShzCRCkrLZkhShEkHIRhESaSME2aZauhJd7SJKKRFpEgh7ysystZRAskonkdjT1MjWElFRGtsJrWW2LBFdLRgkYMoJE2Eh04iiCCc4o0StxZA55WSLNiVJepqGMWqpEQhJOAS2S62zWY/U9bOu78BEgWjjGLXUvu+7mUElwgZCCtTINraj5WqcxlorzlKqnc6pRI1Q2k4LTLNtu5QoiiRL1JwymUrUojCkHEGEiqpk21HK2EYbIYtu1iNySkStBdEyo4SsiJCFKLVIyuaIQCGpdl3pakjpiVSpRaW0bIEnZ8i1q0JO5zSFquSWdhI1JAlkK7Ddd0VRnBlBiQAk2yoRbm6tIUpoPQ7jOGCHSigkJdnVznZXy9HRclyvNjbnVhSFJDtLVBLcutr3fRVylL7UWrpSotYuW2stSym1qHzcx3yYTbMEmFAoKFFLqY2UQbRMQWabcirRoYhQm6ZxHC3C2BHSlOM4jiVqrSUwwq3V2lk5jGMoJKqE5GxRarZs2dKkJ0wQKTJbtpQUJSIkRSmUKEhJwwiplBJFpeu7LkpkJimVKCXAFjbGLbPUGpBOk073/azUGiaxsaLYnsYJZZTadRVoU2uZhLI17ChqLY2daYhScmzZxq52U7aCaonMLKWGnEallBpA5hSS08ujo4NLl7o6my8Wbu5KlyHSpUjCdkRFtt3Xzs60S0hQu1JU7GzpUmoJyWFamBIapqm1VkopBQFRIiSFFJBKmhMVt0kyqGXWAAJFqQVbUimBopRSSkQprTUgapBtyiylOqcoJRS2wSiEnSlVyIiIiNqXUHFiO91sYUxLqKWU0rVs09RK7UpomgannNlIUERIZMuoUbtiZ5tajYIiJJnmyWlhkG1aQkSJzDY1Y5PZMiOIqOM0SkRghyIwCUytNWNLjihIUFtORcV2TlMoailTTtmabBNtaqWUvq9tasMw1qKu74yStHFrtXYRpe/7vustprGVEhEhI4VCWK2NASUQWOF05gS4OTONMUURKgrZTgOqKlOb0sZumeFIgQUupYxjW0+rWkrUAhKWyGytpdymlkoiojWTE4oQKlGjlIgSUUpFFpF2VZFCgIQSUlKJgsJkOoK0w26tNRthRXRdp3BOaZAMMtiedb3ATtVSIKR0oiBC8jROEYFwNqEQmTZSSvLU0qQUItOU0jW3zMQFASAHoVqczRAK23YmzZhpQgKDC0EIyIadbhk1mpOkhEoUC+MS0XedQlJEKSYiJIWKbIuwHVKNaG42qkWEQAKICGAaJ4iICCFLwsgAhGQMIaVRjaJQpmstEVFKLVGFFIAIOdNKp6dmyV3XdbVr2XACCiFCgQiVkDKtUC1VCmynFEhqLSWV0NSmTGopNm4pVLoaERWVUi1kG0sgnI5aVIvTzYaUSpRIEyqSppwkKbEdwkbCTlulKAKEE4VbA2WJUrtOoo2DcShwq7WDYoGliAhhuxGhTKZpkiypuSlCSISFhIISBRKrtZatlVqlaNNUQihkLGTGcShFpZSpZRcRpQiwCfW1llrS2ca1VAwmikpm4oZVu+LMaZoiAlulFFUFZKIQRKiWYoBW1dWuTNPYpsm2HLWEQxAKSGRKUUSJKJZTLqrTNFlECVIRKCQpx0agKF2t6WzTNLUsXSAAp4dhbdz3ncwwjAp1dWZniGwT4Wk9CkkqJaKUEoGkKGRCgGUyadNUSim1hqIGtgIUShvbLVHajlBmTlMrRSpFJm23RCG54SpKKaVEqX0pGMsqpdbaGWy31rJlkexUicV8HhHjMJYSIbWWEZGmtdGSCGNlllJUyGZJ0ckZbs1qta9913d9J2itlVIUypYR0dwyG8itGSnkTHCtPXZIpRQbQLi1FhGh6PqidNf1tVTAmZKkcMvmNqxGlLX2pUZmIuOW2UQEAqdNSFIp4XSJqlJst+ZSa1Fgj9M6okQtCQEqASq1RISQFRGBVAJQy8SOglEAlkIKlJbC0NpYShdVnlK11CgJOQ5pAkdXUkiU0kUJEsm1dM0Nu7UJaJlTZiiiqKtdKR04IgjJQtHaWEsEkaRQS4S7vspKN0C2CIQkhQgSSpTFYtamnIax1kiUTkSRMKRbJrh21ahEpHO9HmrXlVpJSLdmY5Pj1FqORbWWsF0UKiGwQ9gmMyOUxm5Tc4lQOnGU0hrFEIAiREimhBSRCWSmM7UeR6FaK6UEam0C+lrtTDsUkMVSFAUtUygoU2vgGgEKScJjNqEWpYZQKdHVOk4ZQS391CbCpJsdpWSqVmrfiRAGSqkR0dVZ6aoyp6lJpWWbhrGWLnPKbGObMsf5bI41DusiSi05DpMcRSYgM8d0drWbzxdd7ZarI8RiPrfDblFr3/VdV4XANthRJDknO11KIWW5fPSHf8jUxsVsnmrD0PpZ7WofiuYRyyXaMI3DUEtszOd2ICOam4UIYwMCeVxPY8u+1hIxDiOmRJ1t9NPQcmhRopRiBw0g3ZCjSYGkrvaorVfrkEopkkJq05SZmSQZDmObrusUUUu1M+2iMmXD1BpGishszcaA+lqkmMYWtYain/VtauPUSJtsU6OGFKWUCCEyM1sT0dXa3AgRMS5Xtev7rmstsyVkRE1aa7bV1VJKNRZCkdPkNmZrkBFM2Z7+lCffd9e9p667ZtbPGs2Jc5JQVKcJRag529hUio1JqSaJHaU4rYhaCvY4jShKjdbIHIMSXSmlK9GN43IaE8lplSDk1pyZtkKlICRKLRUgFCHbTocC1DLtxBLqaslMTIQyU1IQXa0qNXFOLUotJWy3MVUIKy1nGhLLam7j6K5E7XpDm0aQ3Zx5uFyVWiKUzVZKypGUBTlhZ6iUrtRa0kxtihAmopSCSkGqtYANxe5ms64UQrYCsjUpgFIKTqec6XAoSi1QcNYoJWopBWdzOsgp024ta1dKV92ytVai1FrtJLPUDikUU2ZAiSi1YFRKSBGRU4sCQEQtgSScTkWRIAIDqRKKwNlahnGoVCloY0YX2ZrtKJGZnrL0hXRrk5y170tEZrapTW3qStd1fbbWWhKaxsnpiCIpSWNnjtMUEdhOIwlZVgiUrbm1dNq2EdkMiVHUUiOcBkBILZvsokINO0spUhnGdWYGoYKaLEXgIJtkN6dUVOQpRdg4s5aCFBQrQUIhWwpFaw0bMg0QIaHMCWcUsqVQRHhqw5Qlwtksj1NLSWiaptZaV6sUivDUsjVCpZSI0rIFERIKKdyakB0KtWY34wTJVgQYK0KKsEnTWlNRRJFxgKlRVJTNZKpIEMiKbFOjKa0oJdSmJqFSIi0pjRDIMnZzK6FStV6PbZpKrUFgFG4tDQrllJmOCCShnCxhOVuTFAqVGNuYY1OVKOBxGmtUo4goUmZLGwHquzpNbcppGAbjKCEiVAjcUkVOp5MkVEy2lrSxlplbTuMYKrUrCBAYgyIbCkFkZrYxSpUiShhjpmkyLqVIUUspUSJwZmsDEbKnNqYdoXR2tUTpQsJIUWtM02Q7ySAiyjg2cCldEYrgmdR3nU1mYketpXYRjghFRIAKNAiVanIaG1KpdRjGHIfSdV1XaxSCbDmMU0RIUaLUCCRPjZBt0iq0lsZSLVVjpiQjbEUBpmmsKrYpDoUUzdmykVkVlkMuURUhkSZzksMCEyEo2Zpzaq3V0tnpRFJItdaIrtQoiq5UwiRTJlJkqDCNre/62ve1KJEESXOLCNMERrVElArgjKgIA9hWhEJFSCqKEDQMhJUKZY7TNI7rKFEVUoCmNqVTiohiZaBSqyXZOAFqiYhZ3xVK0gylFKnIgEEtG+koxU4UmQnqa1ciFJJxZmu2FRKYtNPNKRWUNh6z1AJpZ4psk1QkQEGoBEjKbNmcAZlu2WwUMm6p5kFRIsJYuJkQpVZMaxPNKEAtZWemDSoUFaTACMCZiFqLs6UbyAmhUNCaokQwrsdxarV2BE7jdBKKbMaOWqXAZAnbgogIFBGhCIUiAEQ2283JNE211tp1EQqrtWaMsZwToAhJKqWQam2QQVGQgoiQkK2wFCoOlUyXWjKdzfakVO1qZpaoraVDtdQaKrWUqDi6WqKUoIiIWlpzayOp0gWoZWZmS4P6ri+1OG03QZTARqTTcleqpKKICBV1tS+11lqxLCwi5HSza5QoAZHZSoSFpBDY6kotNQqtZWspoShpt6mFIkqElG1C7mpXa5fONo42UaqwgaCUzjBNI0YR05StjUpjpwUCMpshUBRJtCkJQiLd15kC26RVwklmUyCi2aSR0lFDKJ0Gpw2AUYzroXRVYhyH1qZa+1oKTiJLxNTclSilyHia2pjYmPmidt1suV62YbQ16zrLwzgZaikJ4zi2nGrtpnHAxhrHgYjMjBK11vLpn/gJfd9LGoepdl2pXTpba6ESKEljHNjqahQ7ZU9tmkIRpQaOoNZuGkaHZrO+1mJYHS0nZ3TCYdJIEcg5jZRSSklRS40IR4qIEhEKldJ1huZRKCWRVsph0nLXzYrUWqaNM1QiLBwRJi3bMKWCWkqEFDXtbA1IJ24tM4Si5Jio9LWEIBRSm6YpqbXUrg8hKUq0qaUdRYpwy2wtM0sX2TKoERqnYRynUjOilNohB2omm2s3q1EKceLkye1jxyzRgFZKjVpkr4cBEApFaxYqgVQymwFINweyFGqttfS87+1o5LzvqSItYdymBukokChkB6Gi2hVQS0yWEpKSDJMop2kYGoHt5ma71oiINKXrAyBKKaXUTDc5EKalVVQKTqdTDgN27aqglIgoUgQZtSsRzrQdJRQhFeSu6yIiwqV2XS1RCKkZ26rR1bABC7eWERVABAWMsR0KCSkiAslY4KArnaqyNVtCUlgW6mpvhd0yAU9OnOthbbeu60upKVdFKV2t1cZtcqFlFkopNZ1OE5QSKUrtItQyx3GcxoGIkEpXhZHAJJkNFEpRolZhIctBtLQgcVEBr8fRuCgkTW0SzOZzydmihNrUonZdKWkU4aArhVIzp9YaptQuQhEqpUYpRl3U5gmplk5Sy2aUJC5TthoRURTKTIdq7QjhNrXJtkJyOCQbIFBCUd93tlvLUDRPas1JdEXSOAx2S6dS3axDAAJgHFupslFRVYVsUxaViIIZxxZECVFUa1ciotQaERkUtWkShRBWlFJKTDbZalelmNLTlEWOCJnaVwm5EB6GsTn7rosohLBKlSJkxmxgiKiyU5g0QbOjhFCSCEmKMDhJWlHFk4kSgGy3ZkTte5tpmkIls2GXroYiIkICSRQiRWYiGwvSbplKsGwhSikl1FqzFKW4NRQlQpICY5xTa4iQAkWtJaSQMWBLEYpwTi0ziiKUQDOEw6GikJHJcRwV0dUaCkt2CqUzHFEotdbaqZDpqU2IrtSxjdOYXV9qrUZTZkTtuqoodto2CUiSQlJmc2ISU2vBpEFk2ni1XK3W61q6iLAd0dWuBrJUIhRRpDROt9ayZa01JNttSoWQaykmsKdxCqmUmso2Wip9V0qNcT2VUNRCZvNUVBUIcEaUkLpask22VPDklENKW1VRqpKQkNo0tcxaaiimnECihFRrRbJBioiiUkukcxrHUsO4ZZI2nqZmUiqKELSWRoJ0Zms2BF2pUcLplhO2VCgCO6PrOglFWLKzRkQtjnBSVAiciqJSQhElonQlTRtGi6mNTkcRhLHlWjuT0zgFiq4UAsnGTqwSkZmGUsKiqHalThBJlCAIhQKplBpTy3EcQ1FqF0KpKIEt2TZYGMJ4GNs0jRBd7VqbpmGKWlpLk5lTRKdoOEotdkJKJYqcIclCIgBFMVJNZxSVUGYCxhFVoKh97Vu2KNH3XTojLKJNo5tq36Wzdp0iSglJisDYiVVD2QDX2tVaSimlxJRJqNSCAhyhAGOphYpKSGGDJMmS7FKiZZuyhRQ1AjKzZRPq+9kwrIb1etb1UcvUchqHKFFrEKWUUIRM2mCkNk0QCEzajgiBFRGCiABbdF0XEYIoNdMgIYQkM2Vzc4LAmQbXiKlNaUpXwoFku3maxmYbuZYKcqYiVBTE1Ka+6zLtBGyRidOWp2xYmS1qiZBEqNRajbNlKYWAtEJ2tilVFCpd7aMUsEMR0deeAMmidh1mtVqGqLXama2VCJUqiAhJChWp66pKFCoBIaVUShFGpI3BJWpXKzIRXaktU0Qp1dhtSrdQQRYRtTjTNihbtmyhKKXKNpQaLRPbME0joa52LVspYQXKiJCLSkjIhKI5i6LUUAjj1tyyeYSoReM02dhtmFpEsbPZs1kXodJ10zDuH+x3XTefLYZhPU5D1ILDHqN2bs3GqehVy6z0pTW3nAyyVJSRQS1dSCUzp2Fcr4copXa11kIpy+W61jKbz5xZ+woqH/dRH2ZbQBQy18NQoipTlXTW0vXdrJt1Sa6WS0VxGpWun5Xoaq1I49imYcxsJaJEwW5T67qu6ysOBIlF2Dm1lq2PksqikpYKodqmqbVJEV0pZVZqFkUAtXbCUtRZT6btvusBRLap9jWitHQtXbOLIqc2DUOppdTqdGZGKCRFiMzMcWoiFEJEUVdLw9PYZKUyJ0KOKBKr5XIah76fBaXr+hoVAY5SRHQqhELRF7VxHNaDHHZmayWKS4kuVKtE7bu62JgtFm3KGuEgSnVO2XJqLaCWOkyjFF0tQxuwIoqdtVZnpqmlgKZpBGrtJCT1XVciMEgyrSWi67saIQkciijFtih2kg6VUDgTuyhsSpRSCmlLIdVSI8JGAS0tkATClHDLIiKkwFNOrWXLoNSupj25BZJIU0qQqRJBAKBSapFKRKklQiVqlFpKkT21zCmdRgZotEySdNruSo0gSsh2tkwMJSSYpjQtbTcryXQtMmpja+lSotZaQlJkZo2Q3DI95TBNw3rd1Rq11tILGTKTiBLRWstspVQcdppMN0HaELSMqNM0ZmulFEkWmGxNRW5IBNHahIlApbTW0hlR2jSNQ+u6bpzW6TRI2JbpSkiROBCFLgoRZEMRXRdCCkTLqaCUilivh2ma5otZiQKQbpltarWrsrEkQoFdopYagSIowqa1yaKvVfY4DNM0KWl2RAiBSyApSigVNdICScK0qU1TStF1nVBms11qj207IkIRITvbOEWtfS0RIoG0hSEAQQaULmSlExNSuknhwGOLWrquB5cIA8JW7TooRkqXolJqLbWWAKFSio2iRClFEunWmiQpyLRTzhq1lCKFVJqzKAxkhqJlw5RSbDdnSJKLahQwOEEypUoobbASpxVWEKUENSTbzY4oAuOWGQiBoigkRZR0G6exlFJKiSi2R2dXq7AUNWJqzW6Sjo5WoL7vSq0y6QzZ6WlqchRFrSUzWzbLtdRxnEgybbLv6zgM0zQu+rmqAsmKWnCUPkK0aYoo2VrKOGxnyxIRiholVFLGMZv1pRRIGydRcXOStdQoIZADYRKnExXllIKIqpDtqQ1Tm0QM41hL6fpZRBBRS2HKxNF1ajlNrUEfaibTESFsKbOphCJCMU2jMVIUlSiWLSIkyGxpR6mJZZVaMwUIWqZEqV2SbWrpUASi1qrQOGSp0VoqpBIRkTCNY4SA9XpFZpRSopQojbQIwtmGYT2NU3NK6mddjULIKErM+h7shplCFahdX2qQxiCViHnfJ3YytSmdEVG6ghWK6EMKAbJMjQC31qYxWxsjUBQ5o0banpxu0zQN63HyVKM4BRkqtdSQwOM0YUeRiNYy7daaMUkpdRyHZpeggSiQNQKTOEoISQoicCYYSbWrJSJCijJOo0IiTJbaoTKu105mXdeckWlUQrV2mS0NqEQEynSppaggwpGZrblNk4sCFRUUyEilhCRlAjZE1BIhobBzGkdFiaLMwDiJIqHMAWlWOklJ1uiQMX3fBRqGVam9gqAisK2QglTfd6VUcJiptdamUmpRp6pICdlNUk45tRFCkrCNsZsVwqpR7HRm6Tokp01Kwk4rCEnN2aZ0tiYHEkzTkKIoIHCTKCHkcKiGEkUgRYFGy0wbgV1qLbWqiGRMZ5skt2kEUG1uQqVUmeZUerSLSinFkGlJUmRz30WNki2jCEBRQm2csrUuZBvTdb2zjTnl1LBNSNToQoGURqE2UQJH5OR0Zma2DBUL2eOY2TLJbO3w6HBW+1JKJplW1Np1LVuJqFEmW2ADTjSOE8nUpjZNRZVIT81FIpyZ6VoLzlQU3KacxoEioZDkbLaaVRinJihFwrYzM1DtqhQ4a1Hta1ExCaVN0zQMtS9FpQhnFuT0mC1bGmezinIax3G0iVBAKEpXImpRAQkksFGUCNnjNIUUUQh1pWvkMEyzroYgmyLC6ma9MsdpWrespdQas36uElNrbRpzctf3zsxMbLdsaTtLlKil1IItaWOxyKHZ2fd9jZLQdd04jOWTPvFjFdHSLVstEbjUolpCZVyPzoZFSJJQKGpXEWFHKc0EkDbu+i5KDXk9TEDtCkSUQmulqyEnOEln3/ehyHSbJpojZLkEUSKN06pK45YC7Km1aRhrLaE6TMPU0s6uRqg4M52gli2zIfV9ddLaBGrpsChRI5BKERF93wnAUhhPw4iopTNG1FpDQdCmZkty1LDTTttFRSWKpCK3qdRO2YapbS4WUUrDJaKvkc5pmqoKhG07BZannIrCLcc2TeM4rYdmg8hWaomoma1ERATOTIRKKB0IjErpus40FNgtm50hSWGnnaVUCydg4UwTRSTZLEVQIlo2EwqyZUSULkoptoEokeMERBQ7QwKyGQlbqJmcmgLsls1QagCJq4TBSJA5tAbKzDa1KESEcTanyWy2ZBQ0p82s71SKG0Kli652pUbLbGNToMDNKthEIRDQWhIRESGphItDciLJoRC1qwAms41ThhIxtaagK1G6rqtdiQrpZL1ejdNUo5SukjKOiFJUShdRbLc2RRThMZsToOVUKKqRY4sota9pC0G2ljaCiJIAzU2lxDRN4BIxjU1R+75XqEQptSpkOyKihKwU09CmaQRKhO3mVARJFEIlQiUkSSJtlOM0YkfI2YhC0KZstjMVJUSITNltmqYoEQqjUgKplFCttatgpBIFKZ0kyLKdY+JORTVam4pU+w5kMK5EdAVFUBJPTrJNbQpUa4koTqUTYZBsPE2tOWsptpAVxenMtFtrY9pd10/ZpmxtygicFioljLBKyBiphKZpEiSecsq0rAiRZDYipCglsrW0baMSNYhwTkmzVUAlsgXhiFAIJyFFuLW0I0QjcSkFyWkrQZktM6MA2IQwQIKcjlCpxTZEKeGW2VqJIAQOSaBQrZ0U6QyVUsPGzRbDMLQ2giLqbNZ1pUpERGbathlbtmmqXUVOWygiakQppYTc0m5FJaRhGIb1WLoaxDQ1hUpoGqcoEl2EcAMZC0ARgQpyREB0ERFKaGk7BZlNhEKiCBuRNiKU2bK5lKKQlIqiIqcjAmM7qmZdX2pVKHBrWUJTtqklbUJKLNslBC2bwjLYpdZSIlviLLWLEFZQLEoUAc3N2XUV1ExmCosQZMuWttOZUeo0DIQUREhRgGkYTZYSESWErKjhTCEpsk2ZjhK11CgyJk1SamBnoiglwk4Si6KqomxuU5MiSVsIYUWJELhlK4ootExjoUw7W6BaemGVKJC2hBoqUUqZWsO01lobUYQdpSJnqrUWtUQUT5MdXd/VEpJs0ulMcGsuNWrp8TSOoxQRGJVSikC4pUSolALZJjsisEgjai0UpS1F7UuEwJmWwyS2bYRRtuy6IilxiTK1SSoKT8OYcihsR0TpKs7EkoCotUSks7UGKihKRbZdIybIqUVVRJgwjOOIhADSOU1TEBGhoq4EEZk2RgqrgSQBoarizKOjowsXdsmcz+cOAQJEWFhSCmVmmybbioiI2nVRyzi21kZDREnalMjuarFtI5HgNMY52a5dh+hKLSHS6SylKiIKimhTWkg4CQQSRNSCVCKdDQIZZaZFAJJl47AgpmzOLCWKlJYUQUkncildLSFKUZn31cmUrZSQOnKaWgui6yqJ0wrSllS7mmQ6c2oGidYyVFRKrT0RlkKRblGqpwautUPOyQ0r1FrDpqXlrusiqgqgiEDYLaGUMrUxpIjIaZxaKpBCRYLmlLJNGRGhaFNLZ3FRke1s6dbARAGViJRqqZkt3UKhIighmtMgVKKGaJ6wopRaq6LYCDsJhUGlRHhqaRIjQJHZxnUr4VpUatBkW6GpTcM41K4npxodMrKshBo1ilo2AEeUsJRtwpRSpjbmlPONmRTNTSmFE+xWux5TFKVWZzPKKVW1Xq1DUWtHG/vaRelbjjYiFRER4zAFLl3f9f3h4b6N7ZCQiqKbz/tS5Xa4WjJNGWTLzBaKsU3loz7qQ+XW1R4ySqcg7FJrZoIsxnG0s6+9SSLCJo3C2aZpcmtRopaatDbl1LLvKlFAEQrhtBStTaV0gqmNte8jVEK2UglWqKjUUuxszXJTqRIQhLFr7bpakdfDurVxWE8q4Za27dayKRSEIWonQAKEDw4PxnGspQ7jMLap7zoyW07ZnNmkIFyjRMg4pIiKM5trVyTGYZAUVZkZoFCotDZla80JYbcopEJyZKIgyjisnYRKkW2Ma60lIlRa2qQwpnbV6YlRKhERJYQjSikFNA7rkLq+y5aSSu0i5JbNSYIzJ0+ZIqIwDAMmaiHdsslShETXddmsiFKKCIuIiJBRmky3lMJ2Ti0FiaOETGJJmU1SV3pIEFYpgWQ57YiK3KwSpdQq0ZxpT1PLzL6fQdqEilBitzQtokogBG4t7ShBBG4KCRHOZnDUKCXa1DIxtl2iRK3juG5jK0WSodRQrTUkVIyFiSJnRJkykYuiYURVZ4haaxdBtDZJSsBZSyk1SilEyBByquUoKceGUOmcSK5d7aJEFNutTaBSsMHZlw6URhCyQth915da2jSls9QuatQotVRsZ9ZaJJJ0IkWUAEisFo5SSgmlbaeiFCHJoAijUgJsW5SW2FMmCpWIWsJYyCAllgNJ6Wyt9aVTCIwkYxMRaUBCAjtJMptCSJnOzIgwGaGIgMicIqJEGNuWXEoBnKNdFBG1RkSbMtVqKWRKUUqZpmG5XAZRalFmlCITUdOTAMWUkzIMGtNSlCJwkCiCdBrZLZDtcWzOrBFBJBGFzGxu2VpRREjIRqAASSrFTlumZWa2zKy1KKSICBlXhdPjtEYhkZmtNQNGSHI2jCMUpUpqbWpJIEJg4YhQiZzSdqAp00GJEkGbbGSrlAiFM7M5aSWqoKCWbWyt62qJUEQpVRIKT9ncgii11ogSERESCAmJkCRZmqZJoBLNmcatRZQxp6llN+vCnto42cVWqJRau04op1SgCAmyrYdhHNaExmmashUnUYpElFIKbhFCTOPUWkZRegpKqcVK26hUqaiM4wColBoloihKtqYIp22ilFJqhBBRao2qSExEZHMEtZu1nNbrARwClSjhzCSLJAQ2njLJLFERbpOdbjllRoSKbCOXUtOTIVQJKZVu0zBN01T6WmuJKNmczuaMiFIKwlBq7WqvkHBzTq2VULply4hSS9RaQpGZmc1hmWw5ZiuSBEV9VIvmJkfUcKq11pozG6jru1DnTIeKcMqZFm1qFgphT9laayZrrf1sVqIo1KY2DhO0GkWm1GojZen6CIhQaL1aT+NoJCkiSgSUKCUiapSoEY6JVkuRyLQkLIJQRITN5NFOgU0bJ+NSwk4Elt2IUoqwJNJpWZQIainQaC5dV2tBkNGySakofe1AXe1It5alhIQhycAqCtxaItdacxqX62Up1aAooRimMTO7CEeUUksUUC1VUqan1jxNWKX2ESbVdVVR5Zb2MIwHBwfrYXny+ElHYhXFmNPUJhVQAImzpZHtruuQZBICIAyBglIiSihKbU5hUJEkFQlFEUSsV6txGlGxHFH6WkoUIgJZdssSUUtRqHmqNbpaKCIBh0IiM1umUqNHoESNkBSgCAyhUAmns00JNUIREURErUGEI0RGKVIIJ7JTQUYAOLuuZqahljJN6ZaJ06ZUnMZkm6ZUOEpNLDlQa62rXS3FhGQg7a7WEjGmSdK2UwoFRTVKTM3gQijU1S4C0GI+T8ipAaVU2+PULLqun3IKFLWUMKI1p3OcXEvUWhG1llKKzNQmUZGdlhwIZ8sspRi31kqUiLBdoma6FCKqhHGEulpr7XCiyDZJgMepubV+3keJotqmqbUWIaMSqhEOWmZrlsnWZNfalVBEaZMliuTMkKKUcRrb1NIu0U3jmC0dkghIiFAqs02ZmTk1T13UWmtrbT2uZv2cWkuUkPcPDnGW0oXUxvFouexmsy5CqNSiEl2ptrO5tYwSKhrWbWqjrXRGRK29rCiUT/34j86WESFFKTGM43oYyYmoEZKIUooUtU5TZkuFLI3TFFIppZlSpFJsZzYFoehrDYRUIgzg1lyLnNlaK1FsC1GJIjdFRApsW3hstogoaq1N01QVXS1Jpm086xbdvJdb2pJq30XUEkrZLU2WWiWVIpv18sjNtauyVUpRAClFqERXSyGxpBBJ1MBOZxRFKFDLbG4GTykJEISIrgsi3ZxSFLcsilK7bFkwpahglM2SQBiFgMBpl1CpNYqiRN/1ta/ObG5W4KxdJ0woSkEAhKTMdJtatmacCSFnRg1aQpSuCo1tMu66XsggSDcpImTTPAEhMlNIhZAUnia3aSCz62pIw9hymlSEopSwMg1GBey0gVIKGAjJmRElPdkCRaGWCEVrrXYVMbrRHLV0XSeIWoQaTicGRFrCUsuWKeRCgGWm1iSJjFJt244IIQCIcDpKRNrDMNqt67saFTyspyJFLREaxzEkVclM02gbSagomlsoSomIYie2AckGPI0Dkkp0tUq4eRwHyyVKZhvWAxCKiHCaCDmbsxQpOkUkNshGgXASKqXWEpramOlSSjozLSmRjE22FqVEV6QwAdRSDemkecrJiRSSsBShUFdq19UIwhFRSi2YiCJFlABjGefUJFmKiKJQhI0xJqcpTQRSKEQoraqwKFFLqchYKsKQBiLCSdQapWQaCRGlRkgiVDIzMyNUa29Zkm0LKfoSUpkyJU+ZIjNNeNb1rXkc131XkUqtchqLiLBTpZQQdqIAJKVUotKpSLbTDkUtnYrkkpl2RpEQsgQo05IKGoZBotZQiXTKxemxTcKKUiVLJRRS5mQMFNWokpANSptMGyOJosCyUNLcSpQopJ1TWtgIp1NyRGRm4giVKOM0pR2lRokIdeoURUVumTQsiWwZUZIWKpPaNIxItXa2W0slCUrGaSq1KJhy6kutXVf7rljNrUhpFBqHMVtansYEqjTl1CZKCMiWmS6lllIk11JLSCqkVBxEgg3QWrMcUbJNpXSlVOzMTDsUNlGjtUQoArdsmbazGZUagJ0IHHJO2UCSJEWJBEFrU5takWrXRyidrU3OjFIDQJCAsclpMqQiUNRaokYQIUUUsCAU4ACMpAhKaNbPgHEckIQMIUWEswmVKLaFbeWUYIlstjBOY2dRGDsVUSIibWd2XRcRgUUowulpHKPUGgEKOUotggjjWmtEiECZTmGjgiRZynS2cWopHFFQqLWUwVJITM1djVAppSuiNSPJtGmKKApFBBIQoZBAFphpbK21QFbk1EoNUEi1FhDpJN1IWVapxc5xnJAUyuZaQkUYipw4s0bJzHG9biCFonZ9wUKhQkQUopnaFdsKOTNbi6iZk22SKEWlujWjrlQVTa25OSJshIVLiVpKKV1E2AZKLSphSCeQ6alNmChFApMk9pRG9H23mM1r15UotasOxmGMiK5USUJpT25CEc50ptMpAkl4am1qrUS4aJpa5ghEFGzANDciFBFjG9s4RamlRGY2Z4lAZZomByVUQKWUWiJwqrXJhBS22zRJhIqdNUJduHkcB9sRJXNqU8NGChEKhWwiDMpMAfIwjTYymc6WpZbMdMuogaJEiCSqIqZpEpai5UQoSgkF2WrMMMtxAJfShyiKUktLtyktLNvZ1QrhzAhFlFKKxTQNtkvXlwhklVJLFAmIEpnZptZwUZVway2zdrWEMrOUKmyjokg1G6uEsFEqioKwohTsyfY01S4KMbZGMmWzkUIix2xuETWkhhECJ61Nwzhla32tiXNoikAyloRB6mpXunBjnEaEQiEh11IVIss0TabVvs+WIGxDZk7j5ExHhFHXl1IAhUsU49ZaLYEcRHRdkYZpHIZ1oL6rICegWsuUw+poXWd9F7EeR0VRc0sisDFO3EVNexqm2ayWUiCmnBRRVMKtNUdECdW+m/cbXd9LZcoRq3zaJ34cKSfGpUgqJcJQFc6M2pWQao0o62Hd2lhLCTS20UmNIjBEFERE6aIfxqG1NmarqhbGIaloai2z9bNFiSJoBqkQUmSbsmU2I/quK6U4wTlO43C0THmaphyzdlVOZ3a1llorilq7rocEhYISgYyczbhG7bpOQqDS1a62zMxWo0SpCiGIANo0OY1TdqYVEhERpVa3nMZRUi2FRkIGBdW+C0WUqLVkcz+rXddHV8fWkhRI6vuKZDcS7HRDOFOAsUk7AqclCQmpyI0UTJm2YGwtx9GWZEmlq5ICBaqlRMRqvY6IKDVbllJLhDESkkkDSPLUmhtdqCEEWAShoIQUCgQurU0tp1o6RbRpak4Sg2lY4OYGiBBEqUWSaOlszaIrtRQV1dba2KaQbJytlhoKyWlnUjupASoRSATNTcbZZFRqKTKkGxAlaulCIRAqpURRNhMRKuDWpnGcWqYUXamE055ybGmZZpMORbYkHAohp6JoWA9FipBt4WxOCFKKaRoVKgpwiYgI2wjsWjpFgKOWruuiFoJMT+NoESq1lpbGU5vy6PCo1oqxBUZgm5zGbE5JKh2ZmSlQjVKKQqEgE1mSk3S2qYVRURIRKhESRJAtpwlRorTM9ThktlCJEplWQSEnhLKhiBAghQDSqiEFmIiqiK6QRoIoEjgQKKJl85hNoRpdhFQoklGEZRSl1AhUuy6n1qYGjlCUEoppmtrUJEoQpXZdX2uxkTEOh0LZTKZVlFlrb2GTdkioBJiALKFE6SnQOA4yNUqJkEJ2E9ESVGpxZuaYluRmpmmUQAVyGicJFFGilk4RTgcKWdJ6NdaulFJkYxFOjCQUpZQCJo3BzTiRFJQSRZpMRAjZzVJRgERzqO9KQtQSJWxnIlGiWJmZWGCcUoCQBSUinW2cMluptXRFEVFiamOOU6k1ahmHVZtaKaXUAqyHtUQJZXObWqm1n3WhAIUKgAmp1tLVGpRhGiKUBmfpSqgKj+PY3Pqur7W0zBKhUjJbqcWpZpOOiMABkpCcKFSKEoSQiuyQkimbm0uAAgKRU4YESifgZmPsbFmkVCMJhey0I4gStXalhu1MhxRRBBSZTCErE5sIuq4DnNmmsZba0umplhoREQhN0+QkQlEiImotIoZpsikRUpQCKm5tGJsCG9uKIjlN15XWbLtGraWLUEtHBEQUIUsRkqLUoqlla85sQESlTXYaIqQSKpEtBUoyU2GFpjZlyxKhEJKksEpRRKmlFEejtTYCpdZa6tQaxlJE2JQIp8dxgECqXVf7iuV0kSw5bVFCKNIZ4a7WJJ02NggQchDYBiJKLSVxrdVJ4qIQpmXKNpgAJONhGFqbIgK3RLO+t3M9jrhhSpTJ6czWmu1skClZUstMW0WlFDdKiYiQ3DLtLKUggSWVKJg0pVYy29QUgDHTOBqXqOASpdTAjlAmuGVLyfPZrO/6CDVFichMOwNl5tTSOKR0I11VhDJbowVCbtnaZOSQVITJbFBKKRItm1GNmFoDg2XN5vO+n0UEJhQIpDY1Z4YCRYSmqU3rQaWm087adTItx5QkhGyLQDibIrquTi1Xy1VEiaBNU05WECWkwCRTazlOE+lSC3abVqvlKmopfR+l1KogpDCUsKwmp5uN7aIoighlJrKDvnbz2czk1JqzjcPozMROyHSjdp3kNiWiRCgkQ0RErbUKGzM1AwhQhLMN41gUqgWyK11UgTDZnK2tVqt+3uNMlMZkKbV2s4iQLIIIy0o5p6m1UEFyswJJBolAiCiBp2bVWkIRJWSm1hLXUtIeVsNkS3JmhEKB05mlRlGshvVwuIwuVEqBZk9txDKOEvPZPNB6GBUhUrVIMu76gj22Kac0GQUTTivou14qzS3dSpRQhSTx1EpXay2JlDl4mpq6WrpSo5ScGhLQ16501dmkru9mpUTLRCC1TOyQulJrP7NCxknLEYfk1poJmjHlEz7qIyaPtca4njKz1ojaCYCxZZUysyArae66WkpJZYkuSimFqTVJTiMAFA6iuZSaNKwaVSHbRUWilIqN6GrBdjqdLbOWWroIRa1VCpzZHFG7WdfXblyPq/UqShEMw5B2REnjzICWCSW6UkvIRljCKFRL1NoplBgZu0Sk01NaLg6VwDgzimwQrTUb221qQhHVrSmE7XR0EWacRiRFCSvJNIGaE5OeoPT9rEgTYbepTQo529TSJFKb3KasNSQRpVCilmwZEUK2q0JimNallBJhO0Qt1Soh1VLTbp6w7GiepBiGtVHflUwklVIgQzVCRRVZdkRJOyKCsB0KqUSNGmETtUSJQAgKRSHJuEaEVJCKSpSiACNJUQoiELYVEZJxTplpyExLyjQQqioaxwkk3NWaxjlFBDgUMpmepslSUdgGMMZSiSJZDbXWopRAiWspigKehoZy3s+jBlJm2hRVKSQJFTtqEbYiJIFCTob1Ot2mliHVWi1HSCWGYSxSCBTpRLKdmbV0te+6rrZpnMYJK2qEJFsKi9p1tYYsY0Q6063v5xGyW6jUonEa5YguDG4pUkIREYHdWgsRUck2jSlBoHQEteukUktElHRmOlums/R9CQ3j1MYp3YAoVWZqE5kqRc4pW1dLLRGlRJEdLRtNxgoBNUqUimRDGlGKElrL5jaOTaiUIgxqOWWz0opAIESRc0pnTuM4ZU4lClKRShTsnCZJUTrbbRyNjWopJRS1k1A4orbMtFVKSILWpjSllJCw7SYkZ6ZaWoRISghatpxaKBy01koohAlsSZkpiChhRUjORrYpI1T7Ok0T6SwSMuqKCCkCCHBiOxRAKbKxE6uGUFFxUIjSl+KoOCNCUjqDQAiBEC2NHZIkO3F2XZfOnBwiVEqNaWwmi4qElU61cZxaywxFy0RIyEmpMZvNAy2PlsMwBsVusqY2RJRSCmnkbA2EFRLCWHaESulKjSgRCkkYcNd1CtKtq2FHSAjSk+1sxsqIQIhwmyanUS01SFQAglAIOxQ2smyXqLWLabJpEZGtGfd9l62BZrNZlMgEAY5SIgIJEUVRCiAhCch0iVAEEkASEa05igoootYaUSK0GgeSqFWe1uuhtVb76qaWbZomQ993UkzTlNmsILNGKMJ2VagwjFO2VqOolBIF5zCOilJCiIIQY05hRShxgCTbTpcIYVmICNXa1VIzm+2IADIzFOlEioiWObVWSmCVKEjpDJWiEFLIzlq6rlQV2UihUrvSWZnpUHS12G62wtM0ZWatQoqiEiqlU0CQUzOOQFGyJc5aO5UY15OKaukkISkdBRFgTAQgYdsKIkqoEEocyBKSFCWilIKopcxmsyjhFlFCVssmFBHpbK1VhVQcZE6EFdVu2ZrRrJsB0zColBJlPTW3KVRKCaYsUUup0zgaAXbKNijCaFoPU7ooQCFskI2ERRgQbWoS0zQdHB2GqbVO09BGR9GwHnOa5vN5qSUI0upiGqf0JCJCygjLyq52XVelyJaSSqiUwHaWeV+IcJtUa0EOQsV4nCZM1FJKOBNUSgUMsqepNadMRGBCYUwaS2AsBbagdLVERWROIvq+M4yZArApCtI21AhsRSgi2zCsx6iS6tSy2FUlStemaRpHq0SEIQg311qm1tbroURJt6k1iVKili6ztdaclghVwJGhEgUDVimqKutxvV6v+r4HiSwJARnrNmYiN1DSnNgpyNZsRyltakVBSLi1NiVFUoRQlAgxji2kiLAtCKm1JiUqKKJEGpOhUCgUtYZUpnECcDhbV2u2bJ5sd13Xd13UItN1/Ww2m9rQWhMyMY5TYkFOXq+WR6tVP5t1pRqKhCIg3aLWbDlOgx3zxaxB2BYR6roZEmk7nW2SqtVwoUQRMA1jpksEIVvRFRFTjrV2NWJSTq1t9LOu9q1lNquoKyVKLaWUWpwW1IiIcLp2fY3qTBtKV6vG1sbVSoWoNZ1TmxQqESHVvoepfMLHfnQtEaUvVQXGljk1KTCSkURQAjsiotZpWEUUJJWIKCVkRWaWrmTLKIpUE6UWiKqK3KbmtEo1GRERkekpMxS1dJJUFFhEa219tAQ3O1QUFCJKRJTEnRR9F1KpMYxjy9amZoVNZpZayDZO6XSt1TQyW7PtKKVGqbUWoqgYooQNQnbaNoBKZHpqOZt3ToCQkGuttVQ72zg6DWmCdDoVRIRxm8ZxmqKWNF3pIkIKMsFVlVK6Wto0lShuWHQlopZAUUrUktOU6aIgaJkhE2rjKKnUKrK1ZjlEy2ZRpCiBogS19BHRWisRihCSBelEYsrRLSHKrBOZzXbaRiVKGufUxmlqniICjCQFiVBE1Fow6WaMCTRlZrOiKNyGdCEIhSLC0nocxnEKhRRdqVaUkAiEm0sJYeO029RaNhsJ210pEWEsRSlhJ2IcpxCZLiUy0zkZAiFP2dToaiDsJnXIisgxFYquFBDF2TBRikKAW1p2WtJo04xCqNQaJeQAR1aHi4pqEURElFCEFBEyzqmNbcI4M5NSIx12hq2IUEmnrBpd2rUUHBK2Sim2l8thNutL7SRyyoaLAiAzonqa0imiTW1qUy01nZaJTomFZFCg1pptRSnCBHapte86iIhQYBOlFjGMk0zpe4FNOslEEVWhIsmpEJZyyuaGhdMSKUIFIUy65dRyWK3GYVVrjVoyGaahjc24YU9p226hWmonkS3T7rp+bEOtRVGy5TQ2KSDSTozAtNZKVdfNbGU2lVJLjdCwXk/TVGuxDSXAIWcD97WqqKiEYrVaIdUuSEWJhJBCIYFIG1OipFvLLCVKqTUKUljZJqSokZO7LlKQERIYEVEASZJATpxGKiEhDKJESGEbWRThTEpRUZFsMwzDOI59qdlyHLOUIpMOt4wIS0huDklS1BIRcqgoQhGl9lUJEaCQooQUdrbWDKXW2hWsqQ2llL6rUlHQd/NSpAgiWpsajiSnRDUKrTkzM7OWolBCBDllNnezRRQZG0mhUCBFsXPMhqJlE6hIoYB0KiKMIkoIS4FCkoztRrrR3DxO05RNqO/n4zS15hJSKc4chrWtEgW7RE3SidMWoNZamyaciloi3LLlJIVCEVEjGhLYGMIhHBEhUNhka06XEooiEVAk1ZCKE+Su9hERERIOD+OUU9auq1GjRIloJEQNIQFIrTVPrbVWux6U2aapYYCxteXRUamlq12pVYp0ZmsGRK21RLRMmVIwBRwCheRSilFrE0ZSpoEp7WbLaQWoSIYAQmSpxSKdElhRQlGiVCEyp6RNLYogxzZFqNIT9mSHArJNLbNGKUWSnAmSlM5sGSEiAgWyjREiJDy1JtUQUmRraQNF4Sg5jZlZSi1RpjY6p1JqqTUza6mlq6XWcVgPY2vjFJKiSIBqUYQIsI3cRilqqRFhJNIwOasiSrGNiVqEsjG0sZZaIiJCqKVtC5coiaHV2tlkJunWWihKjXEacdZSnY2g73oppqmFlLYnlyizrpNIXGqRIoxVIqJNo0SppY2ToQQoxjYOwxDU0lWFsqWMDDgkKTKdtrBlpVMCFYe6IqAgudlRalEQyKJQFFFESkHawzhERKnVUFSiqJTSdR3ZopRQSNH3dVit1uOy1m4xn0WtikJm1BIlwFGKEWjKETuKu6gpT9OEKKUgl6hd7XCO42DAYEoNKzOthgKVmMZRDlVlTuv12lMr804I1Jy2ZU/TJKMIFQURoFJLrZiAltPh4WEppZToolCiRpSuAlIAIGcmLlFaa6216GpIzXR9J2iZIiNKKYVEJZzYSKQpJSxntpxymhqtgWSP4yCp1NqmqWVTCVkRNDchQkKK2NxYdLPemRIY1U4ZlgulZcvMUottSbV0rY1BREg4SgGFKKUIdbVEqLWc2tScXZToamvZFVmS3FqLEoqSg2ezGajZ6cyx1a7W2jdP6/VyGFqOLrVa7B0cdrV2fW1tEkQEylm/kXi9Xkcps76bpiyldl2vro7jJJNJ+YSP/ciu75SaWpYaJRR26aqxopQofV9VSmYa4xzGUVbX9zkOkqKrwzCGiFozUxS7NYNdFapMrSVGITUhSYqCaW0qUpSSTpDcsk2tTcvVEZMpUbpip7PVro9CrSVKKVFsKBVnJqWUUgJImlRUKyKkzGardF2tlRColEgztnGaxpZEUERDElWRpK2IKLXUkFRDRkxTU3FXu2GcMqfa1XFaT82lRIk+QqqF1Nha6UpXZqUoMxUFWSjJtCKk9DhNLbPUvlaFQhGZTSVKlMRtche11JIN2YoqMhMLKW1A4YzSBdFaM65RbCE1T9PUuq5GqTidoihtRck2Od0yE8/qPEIKEaFQqRGOcWo5jUjGXZ1ZBBFBKCzsdBpJEraFJGc2Wo3idGZGUTbbyEgqEX2tiiglbMkiVLuKDZQSgI0kcNf3tiVJMY6TIGpBtlUishl5amkjRS3FZBddlGjTAEEpIEFrDmFFQNqSutLZGqcx3RQSQjKtTVNagG1B6aKvfek7pTNxyJkKagRSibCBxAopVOycpoEoglJLlBIRRYFSiAjbzmwtVQAbRLZMoEQo1NqUOQFCUiiiKLBaS5uulubMqalGlCgRtQ8cmYmtIO1pakApIYVC2MvVWs7SF4sSAQhKRFoRZczRmbV2tUSz7aaUikIKIWiZpQDYaQNpt1KqINNRikJhoRgz57VEqS096zpFKSUCpbEzUEREURJ9KRHKdJKYVMOUUjIbuKhELcJTTtlSKCemcVRRRC3FNlECcBJFIkotNSTZYSel1kCZObWplmKlU6UrOWWmMRG2sSGE7UxwlOLMaT2WWqJ2mQZMDuMkqZZOEU6mcUIgtylr1IgCyJ7agBQQtYRkSSGVwmXpJDObJaeR1NJNaUNQStRSFZqmLLUoihSZaTuEMBEEUUoIQkqN09Cm1tUa0jCsVWqtMbURW5JbGgNd15VSwygwKjVq1MSyDAinQkxj1hKUEiEhkpBKrcgtDYqQ3cZh7PuqEkLZWjpLlKJIkgQ5SgCgKCUUoSLbSIERshMkBGlELaVlDtPQ167vZ7O+hkrXV9KEulpBLZtMtlSUvu8UspBpbm1sYEUUKVu2lggRU07ZsqudbYXlsNN2lHAy5VhqjaJpbFJ0fVeiG8YxVAhLGNkupSq4QqRV7ATSklRr1C5kJuc0TjallFJCESYxCqWz1GqUzS1Hp6MUyTht19JFAeo4DlO2ErKRkaqxbaRQGGTZKSkAOTNlIkIKhRKKbGjZJJWIGiVtoUAglXAaFAoFQUShBK1NhLLlOK3liFKU6USFCElIBeeUVolaCmRmtlSEFSGhkBzT1CKiRJky09iWPaVlVCJKRASCVMOZaeXqaChdKbWLEEFmSiVp2VopnWQ3D9NUcKnVAEihIhEonE6nQrV0Cc5Mp0UppbUUlCKHhBOJQOQ0AaWUKEVF09iS7LsqlRDGCbV2RQzDGtPP+lI722HUlUAZKl0X1thGKVRVCCmi65oz07UrUWqJkuHWpnGcIlSjI5CUGFNqyTaBSy0gT6laqoIISjiRNEzjerWOGqV2pUgOcCklSmDLUUrJtEKlFKeb3ZUaEbZBUQiVLmrty9RaTpNCnohaIpQmswnhxJqm4fDgEOdsPo/aSRlRVapMyxSgUPE0tWlqEBKIkBQRUUqNvp+F1OzVal2iRCmudFGmsaVdoqQbqKhGyHhKd9HVWa8UWAjRMm3AKoEkKKWUWkqQU4taFJomC2pXUIzTlOlaItCUzmYwOJ1kEmGTmX2tIpKJJI1QKUVRAprTTgNKKF0tgVrLgiJKKaESbq2lFLV2amNbD+tau1qrbUuhqLWrERFRSvSzWVEklolSSkhFgiiloIiIWtvUSsQ0Da251CLFaj0WieI2OY0UtrM5CqHSKdR1NjIpCbdMT3RRwQ4FSmc6511HSFCklkZFodKXvtZhbOvlYdf3Mk2QvnRwMCzH6AOrKmSmaWw5lajZcrVcJ62otpzKJ3z0RxBlmkZZ/aybmkdPEZWIEjXdWiqzZbacjJgv5obVaoUppbQ2ZWYtMU2t76sbmVmkNjaTLV1rp5AkUF/7dKZHKSTV0mW2MNM0pLNN2fVd189UAilMyi1xy9ZaWqVGRA2UTreMUCkVyThUWpsC1RoiRClFmYkR2abmdGtTa82mBAqhUmsRTNlao4TGbIELxTImndM4dtEpdLB3yeluNo8oVvSl9rN+ciuKzCayRGmtjcvVbLFYHR0dHCyjKFSwja2kMaxWKpRSAyJkWxnTNEWJCFnO1oiANJaiRO1rlUpEkGQmUtf1LadxGFqzits4gbpSE0ymCbVSSiAVeXLKVbV0JbO1HNs0qYSQ01ObhGrX1VqCqmKsaZpASQMJoTBNRIQkl1pLFNIoaqlRNKzbehiLVLsgM5GzqQREZmZOTqezlhIlWsupNbDtiDDUWlG0cd11M4oyW6Y8jRKlKzRHlAhJysxsGSGsbB7GYVa7CBkCMkCWiQhMTpMBCEXXlUxLSidIBVlRKKUolVKNsFNVNQCl085xshQhQLVoymbsZLVcrtarWvvSdSUUtRiw0y4RhtYmyYqiwMZJrVVEZqazRo2+5tgkOVtRsbPZXSm2LQERZZqGNnk264MaNQqEQqWQbm2SCEXSIgowZaullFLalFGwlc4SxZIEdokwObTJrUmFApbSRhEhwi2NMWBSiaOWTDunqTVnKiAdUSKKRZGmbMjZXLsqcGsEUQtE0BJatjQqETCOEyFJbm6ZpZYIKXAjSsXNzo2tLRHDOLiZUGZrU8tshGa1EqEoUZSWEJlppdu0HiU5Da61WkUYMEStbRzHNoUiAhSB7aCqRrHTWDailIIzQmArQ9hWy4hIZw1JHC6X6/WqRK1dRaTtJMDpqTVjTCkRXY0I8LCeSomIKnBrqISQShQU2OCUJDA5tawlisiWgIwz1+tVs2vXI43rETIUmZl2CTWjdESZxjHtkBJ1tS+1DOOU02TFNKzGcZQQtGlA9KWzUEhhFHZGlDZNxokDgWyHoqAxm6KUiMzmTITShpCCKAGmZRpHRKYFYINUJKc9TWNCkUotIgyJ2zRmSwpSFAUipFJqLaWr3YQFERIEKrWOUyOnqDWkftbV0rm1TKJQazdNidXskCOi1LCShlSAUqswblLUrpYobgkBDmFMY5zW09hKLWnnNDUIg225uCo0DhNyiSqwUDooLRty7WrfdRFCoaCrRRK2SsxnfSmaMmmTSulqjeiNbaJIIWEUmW2aJjshEJkJBEIqUaTADlxKLRLIgqYpx3CMbcrWGplTC5UaAQpFdDGNXq7WEm3KUiQJFIAgFIqIYpOttTbV2vW1m8bWsim6EokRQCiiZcvWLEGLqDVKlEi3iCi1KKJIWABySBFBkmQpJaRhGGZd6fp5tkEqgVrLNjVwraXrZqCWkyJKjaIilK0JdV2HnbakCNnCDoVkp5tROqJIdtpTNrcSEaUIQmrZ+lqlSKwoCBIpp+ZM176zUDqKWtqZEhIkKqpRnc2SpIiwW2vTlJOSTBMOQlLgKKEiUradSE4jqKV3iUAqqqXYQCsRWI2G01IXRZIUmU1RJLWxpVQKimJnTi1t7BqRtNYsgURiGyEigtZSodpXwbgemltIrY1p2jSM0zgNa6OgRkSbsjm7UiZaNJxyNJpLRO06jIRKANmmUmutvURrzQmS5FKKTERXSiEwSHa6jSNhlSIs6LsubRujTNcoXanYJaJGSTdDLbW1acykWRG1llq6rq9ulhS1lCjNkK1NUyii1BJFpWTL2pVaamvTlBlEy+a0IhSahmFoo+1QKBSlRIShOSPkUqRQKVFCKpZrEeB013VdrRFFgQSZXdcpInMy0VpTEKVIgRwqIZykaGQbmoTA2C0J+q4HZ7PChchstBYKm3TLlhHRyGmaBIRChFQUyEJRJDy1KaOUIlBXSzbSrS8V3PcVa2wpe77Y6Od9a0k6E4n5fKapgeaLua3Wxnk/r6UoQiEZAqfLx3/sR4ZwKqqIijONHGCgKLq+a9MwTZOVtXZIbWqQEaUUjVPm1KIWQS39an0gKbGg6ztEKTUQQRCUCNFSJiNEerJNktnchmGaz+cgSxEKRYSczZnNicmpSaIAGErpai2Waq0UZKSSOQlqDduEikQobUlAjVo6mQCKyjSOTmpEV6pKGYelUO27QBbgUjoHQQlibGMttdRSS4doVlFkZhsmSkEehjFKLBaL9TitV6t5P+vm3TSNJoQiVPp5F3KqZYbCDglV1ahF4cyk1VKyIUmO2hUUbRqnqdUahCSnc2qtK2XKth7WpXaz2QwKuESEHCoQrTVAktCE+1IMrVkgS1FWyyOLrnYKptFphwiVCARAiVqipsccpqhFGFecObUpLbv2nRSmRbjr+oiY2tTGEQtFSK1NtRYR2SaQJdkRpZZaFBZhIbulbboiW0lzk1S7Wdf1wzSVGqGSNElRCqY5gVokBSSSnRGUqOM0rqextSZR+xLIbkKgKKWrVQGWSZKppZUllJlIyJkZkg0hMu3MNCSKNjVPLl2X0wQuoCihsCxoKAIntYQiZCJCKMyUWUKIlo2gRidkZ61FkrFFLV3tqp0ipShFhohoMLWGWyllbM0QtXa1YrfWsk3NWUspUTKbUSklooBLRK0lQp6miEIpTmMPwygRkm0VQqEIyQ6N41BUJTkoJURkNpsSihK2044SmTmNY42C1Fo6W0RpnqY2daWLWiMMYQNRIkoJpFDUrpYoxq01RZSuaza4rzVqLVEklGpupZQoEQoCSFJRu2RsU062x6HWKkXLVkKz+VylSO5qD/I0UlRKRQ5UuopNRFXBGK/XS4VkpmnIdECUEhHpFElz5kjpughKSIhwkGnbDtUohaKIkErtMjNzCkXXdRFCITFlmzKLXWe1hjKnlqqSVEoNLJtAlkLKdCAHoRBKW4hQS0dRRBRJlJAVIVJEqdVJywkAr4exlhJdyXFqTrI50wYDqNRaAjS1hhUBRipTm5BsWptUVEol0y2RQgJly2mcTGJBKyVCRRIAKITkTCchl6iWRciBZaVtTCkVqfYlm+REYCGGNhaV2nURcholFhEmq2rIzsxm0o1WIiJKlIJUax8qrTXJpVZCrTlKKJAi5cyUim1hiyuMnA4padgqOJtTttWJlO2oVXaUEgrkiJCxiJAiSi2hIAg8TKlwZo7DGBTJWLWTHMM0uk2lyOlszUhBpkqEKOl0y1JrLVXCkltrrYVKURC2rYhAq2EoiojIzGw0ZwAwTa2rxbi1JJCZnEKEnGlIZ3PaREgQECVCERGlhiLa1EKK2mMkiiJKEbKREESkWiQuJdIOkCJCoTCgiCimOR2qJQoCgnRmAoUAsLHTDTOMa4iktdEKhmGIqhJlnFprk0rpZn3X9ZGOiHEa3JTOYWw1StTSsmFAEXRdVZQIZWbaxhElQi1TQdd1VigECEOUWshmAmeOw9imIiFHqTWiTa21Rmgcp3TWKBGRzaUWocktFBFhmKZpGicUtQQRU5vkDBdCCiBwA5UaTmqo1AIgSYpAwsamtQQn1KhdDSObKAqqncbONNhgSaCCs0REKcN6IIlwm9yc0zQBtQqHQFI2AyqqKpamaexqZxvqbGPezxahiBrZMlsrtThJgSQySsWqEVKkjR0lalSF0rRpmDKxIlQihGyDVaNGJSWIElKUiMxRVjoEyRSKUFFQu2Jstyg1QlNmjWiZmSmiiCSxgTRTjljOHIa17a50KhJgopMbzqYIsG3SdValKCUyDbQ2YdcoRNSuyEyZak1RVSGZxgFwJrCehnEYpBKK0nWlistChUyFEia7lpCqityc4MzmtD2No1CBRmvNRcZRaieBhBQRWGObSEUtUUrpIkRClNLGBgamabIywNAyo6qEIrrWJk+T0pkZtYYbqLU2TWPtZiKwu9p3866tm0Il1KbJsLW5WbqyGoZpmg7297qI2vfDMBiCmHIsKsLlEz76w8ZpGpv7ropsk+10piSno4tMwF3Xldq3cXJLyaSSbNME1FprDSTsaZyC0vW9imotIgCnQ2Hs1lrLbBMOy7ad2cah1FprCauUohpCjexqF5SIEJQSwknUUBoJpAgg2tRCJRSSDG4eh8FWyxZRwIJQlZiyKSgRihJiypZyVztJmSmardKVQNma3SQByBG19p0iCCmKsKQooVramLhNw5ht2lhs1tplTrV0KWZdH6WMbeprpyKbWddJZcimUERRyJkqigikBLDBuNQqLEi3YRwjhCKiKJQtu66rXWe7Rpn1s1JKtikiFFqv10IhS4IiWqZtq9CpCA/T1OyQSimlRImikGo4EykUU5umlqVUicQiVFSjGhQ0Z7OFCIqKAjd3tUZ0ki2FotRCopBQiYhapmlKU0vYWaKamHICRTgdmROC1iAiIiJQlICinBLjkJMSJZy2jbouDLaNsJ1ASNgIBYCMDVPL5tbVzs60Q5JJNxVKlFqKrJYtFG5tHMdSS0QRhApSUUytRRQHtoVll64vtaAQRERrmTmJihCRU4sSUkSRZGeznXaJUmqRkCRJUjZP0zSOY5talOL0lE2KWmuoU+B0kQxOT9kClYh0SxOg0hW5lGIMypwiijMzMyKm1mi2SokCidTVrkSZJpeIKMVpQzqRnbaTiFqKsQBJDpFIJcKZSRZFlMBSUalFkgFUQCpE5DilE5VShCBUu4olAcbYGSJqDWhThmQZS2hyMy5RSylCSRKCiC4kTeNE4jYlRAlIS9EVKcgspRAxjdM4jUK1VEJkdl2nkNLpJtHSpZSIUCCMIyJETG10epqmsbVhvdrfuzSh+WxjcoYiWypViopkSaK1rKUKSQY5ogARdrZsTmNKV6RwempGGYHdMlOKdOIMKTGShFRqiZBA4FDUKklRikmDikKaEpy11LRtS0zOWd/1s3kNNZvWCHe1qpSuL7UWqdSuFkWUUkqRRCgzx2FQWARpRVSFyZat6zspmp3ZpnGCJERKUe0MBYVM1xKgdKqUiDDIKQtSgQI3Z5sUoaKIsloerod1lADcaJkKBXIIMbU0Jk2acGJP05Q5jFOIruujlJymcRxbZilhRZI5tmyJsoTkQDBhCKlIDoPa0BxNYFRCQJsmoISactVGZXazuZSyEnddlQQookS0TNkSRmkLQ4QsCXBm1CIJt0xJlEBRaqmKms5SFCpTa5KIXK/XpZau1mlq09SKIlurtSIUklBRjQqs16soFck2UhRsmRaldCWwFLKRFFG6vpZCTmlQYKcza1dst3EERY1QCcAklkqEpmnIdEpCq2mdbYyuWspMZ0YNE87McOAotYQMwi1bm2wnskIhsDNTgSIyM52CiCilkxQgRWttHCdkN9falRINh6NESDiNaOM0TROir726iCCM7SjFdoQIIeWUSUbUUoSUaSm6UhThTDsBjIRMSwe2bdkg1LJJkp1pyMxWu1Jr3/cVbKJG0HBmrZX01DKEImopXTcrBTdPLdN2NqFS1CY3uYsiRJTMlnY4QkaapkYzQrIUtgtyRGaGiNKZ5iQkB25GgEMKhewpm7EUphlKFAlCYSnCSqxQTG52RtSu61pOoBJCqqXUrnZdrxo2pgk5qaUQUSSANBGInKa0ZUeNnDwMa2jTlLV0JSKKnJpaM1ZEsdJtalOEQjUibKcnESIbDkWUGhGlRGaOUxvWU4QjQkhIpCVa1lkXimGcMhvCtm1nhiJK1K6CEhuP42gJIRFBlCi1w2QaIp3OVqLW2hFWs4UssEXIaSmhKJ05ta7vqiooimynM1tOLVsSUkKbWlerbBAgSIlM1TKu1uPUVIrcotYoJUpEVHWKECmhZoRUwJQa81lv0sZSQIAikNvU7JymnKYsJWrtbNo0yZRS0q1NLWqpCtsR4cyxTYVIMqJQitDYhi4iapna1BqSjSKULWXPFvNhGI8OV+BSI1RMSpRP+aSPFTZCsqUg7NLVvtYEYbcEz7ou3VbrYT7vSldlG0oUnDalCzJKiVKroJbapmzj1FqLUrJl84StKJhhHGqoRCFCpE3XFyJUSsEIQJmllpaT7VJUakUiAuFMG1ApRBSDsWByQuu6OXI6QYHblBECj9loOJMofWEcp2xZS+m6zrhls1Vqta3QNLVM7JbpUmso0k3OrutrlHFq2RQRObXaldrVo+XRernsur6rZRxbpkvFxqEQclmv1hERtRqDQqqlmExnEEbTNDpbmq7UiIBMu2WG1HV9qdUtFQBd181mM9KSZn0nRWZOw2Rca5WEPTYLRVVO6VDtay0FNLm1qTmzllJrtCmjhCGINrUaXamRdjpDgbBxJpJxqIuQTJGilAjZHqdENqQTIiSRIUUEwm42tUStnU0Uh6qFmaacZEsFqSuldl2mkSiqUVpOw9SyuYRUglApIbLZ6ZQ8DWOmo5aikGwQRqFQ6UqNQpgmp0JRSkSUcRjGaZRtyDRQI5BaNoUiVEqXnmRX1VRKwjLNzQr1pSu1HB0e1VolIUtEFKPMzMwSAiEISVIEJqKsx7FlRpEzMlMIuZQ6jGPL7PquRk01ZyKmqfV1FjVaa9kySpSIltlyDNWIEsrJabuUqLXgkhC2sVsb03KKqEU5ZUIUbFomGEmh0kVRmMy0m5sbaeSIAIydKSkkZEWUWu2cpqllU5RQIWgtM5thGkeF+9ksImyhJCk1CkUgIBNj0ihbgvquU5SWzcUBECLTFgVbSMWtNSPhWT8raJqmKGEy+lIcdo5tolGiYmdmlDKuh9YmSSolQkZRItOkDeM0tOau7wKiFDmas5YQ4WwqBYXAzqk5m0vEbN6HcDpCKLMqx6nUrisVcEggRSklPQ3D6JZImQ5hXEsZhiGnpiKFFKU5c2oRJWo0W6HEsqOWUmTbSAVCOEBCERjTbGmaUjhKqSVaUoJQVYBl2pTUohIRtYuIkDByWIDtLKUUFTunllFCpAghIkxmS6MSUUsHhlSgWvqul2jTFCUUGtMY0tihiBpKp7ETy0FOk02oKmRrnCZZJUprLU2RFDUCSaFoOWJFCSna2FIZjrSzOUopUjoTJEGGYlxPgijKCdxsJ57GCQhJUrpFRESxHJLTzVNQCYNqjbTHcVCEiFJKG8ZpajWi67opcWsREQqwMyG6rmbS2gTOzNbSRgIpFI6oyDiTiGK3tIuiOUulqBDK5gjV0gUa26REJTIz22Rcak23lg2EFFFIt0wpioiIqLXrAsh0iVJrb2w703ZGkRSYIBzCCSqqEcqR5WrV3EqEjWlSZKaIWjSNY6YRwl3XOdN2F1Whli1bQ4FbRAimqYWURmCc4xglutrXiCgFQ8i200ASzjGsmHWlqKhQSxAq0XfVzVGiKAwlat/VqGV9tFqvhtLVbC1KLbVTuES0cRqz1b6PkLOBnJlTU8hQJCmcZDanSwkkRC0VyEybbHaJCFnqShcinePUikqjhWlOZ5tag1Zrl7bxOEzpzFBEGIoUEaXrSwByZmKchlICWZCFbE0BONMmu1oUyvQ4TplZaqjI6SglJJCghAilW7YkJ6uUUiIISQEOpHRmm0KlllApRZEo5F6VAEko0yFFCaE2pZRGQsIAJltGiQJOSqkU2a0WOWlusih2ptOIohJdOBmnAdF3864WAuG0WhvalDKl09Sm1lrXzfq+F55yGsbR6X4+w7ZRCQGZzsTOJFASUYrAsiLa1LK1UEQU5FCpJUopERGldF3XdR3IJgRyjtnVWmuBUMiJ7XFqUgokSaFacmrYlkWoSIA8TYlTgFyIqLV2tdQSBTkkbE9tCAQgsjXbtashCTKzZTMuKiWZMmuptSsRJYJMws5srTkhFKhNrdmpcGtD0BFeL4fWpq4WQmmHaOmImM/nXVfHcej7rp/1sqfJ9pCZBdUaoTJO4/LoCGVXe0U0N2zbU45unqYhbSmUUfsO7JaGWruu77MELRERgqhdUdaolE/++I+p0UmCrLV0UQmw0pRSQ9hu4+TMdBRRSm3NmS1KrV2HQySQrTldaym1JkzjiFFfnemILoSoNdqUduu6PoOuRESUWiSl7UyDG6XrFKUNQxunTFo2HLSUAifOqCIky3aJIhUwkp0EXelLRLOxwOA0gtpVrBIymjJLlHk3U0Q6gyghhVarFShEBCAkoalNQqAotes7ySVqtmlK11JKUUTX94talAiczohiexomhUxiFBFgVKVsmU45JJrttKSQBFFLEJaNQ2EREaHSckoTErZhvV7LRnUax+YWBUVFlKgE6YwIJDtLVwsqtcvmbKmIvu8ghvWQtkmBx9amVkqISGeJqrAiRJumRmZElFKcaUWJgKylSjKOCIEwctRiCjhKxRhHFJ6lQYlApVQbWipUuxqlYEctUYLMHNvkdLqUiFpCka21qQ3jOA5j7ee1lPU4pTMkFKUWwHaEbMCAVBSBMhQSIWVrEVWyIQQ10sKJXUvBOF1KtAQRptSYsgVKZ7ap67tSitMhhYptmShCipCIqbkEIIUkEQoAZ8sIuq5PTGbLhLCbE4W6UhQqihIlpBCIqhAA2aZMQiq1U9qyIvrSmRBkZpJuqYi0o3ZRIiRQolpLKCJqSHaKcNqmFBKwJCKwpVCJUmrBOLPUEqop3BLJbm3KYZxK1K7rbQcIWwRSgBERJSCxopZaqiIUIbtZKmSbbGNFiRLhtCGEJRssS6XGNE2ttdqV1lxrYBlMyylJZxtzyKgxjmNOTVLgxDk1hJ2l1NJFLaW1hlJB2rXUgJbZxmFskyIEtm1FxJBT6WpIgqg1pFK0tbUTUcdhqFFQyXG01Km6FMvCKmHbIk0oMg1OZ9TSlWq5Za6OjpomIMDGmW0cRbNjnMacHFFqEYQhW7Yp0ymVMDmNY5tww1IUCeNsU62l73o7RCIbnAjsCNJERME5jlMabLBCmS1btmmyDMrMoogSEQWBCMtCQd9XKXKabJdaa9QI5dSmcVJRiZiGwcYSEDVwgFC6JRGtja2lRN9VRSkRXa3OnLJBWlKJrpaIEqVkOpsIu1FC6QRUFFK2BJe+RkQhooZNS5spSgVajhGlhCQioqjUrtoM63U2910FZabsUruu1qm1bA2EXWqVCEVEIGVmRGRmhNo4jdNYRKbHMSMyCEiMcEgGwM02iFJCSFLtKopxHFbrdUgtXRSlltay5RQRpRTjUqpbIkuRhswoRVJICFt2juPYWgMsSUQpSK01MhWSPIxjtiylKIRpTpwJOBNQlFAUpRNYzGalVGNZEgbw5FQw7/rWJhy1q1EkhZVhpZ3pUERQaweapgmEUVHUkKJEVZAosymbUZumKVsQpShCaYpqKYVwm1JSBCFZUUqoFIKisD1ly8xSSt91pRSLkENFIQMgHApnGgsSS1FKhER6nEZwibCM05bCciRumRHqSqTJNhICImpXZNttMtQoRUpna5nZQqGoCgLX2ayoOD2MA06nW5tKKSlqdArViL6r4zSOQytYFEHLNK61pgMnNrZCUQoWdrY2ZqulICJkq02TFdma5Fr7EFIgokQphUAligpkdMUpcgopA9KyIwJI0VoLk3iaUqirIaqEJZuWY0uHShQxZdqSxtWQ2WpXPbXWKEEtPXKbJlC69V0XpRBgxmmSLUfpSillHDMQQS0Yr4ZxGifSCbUWoEZ0XWdKy5bTFF3X91UCEpRpjI1ERFhMUyM8qz1gIWhptwYKkSS2m2tXo5RMCxu3qWVmYKRpSkMJgQyK6EqxInNMCIVENiMkSi0lapvGqY1tQkWZWUsFdbVHdksVFZXmCUdzC0lEZlNAEFKUsKSiTNMyaiRM4zpbOtvRckXSl5imZpUaGocpPS4Wm10tq/WQU4tSAZojCoViDK1lpud9URRM1DJmgiVaG9fDkLgrxSqKiBAOlOPY1sN6HNYqUaK2bKBSqqHWcGvTmNHVWT9DJNSuC1w+5eM+SrUEZDpEksMwqGhYj7WWWgMUpZTaqbiUGKfJrSHZropaCihCFuv1WqHSdTlNtashdbXY6kopXUfz1JzZSu1qV2zIHNvYxol0ZgJCpZZSSykxtYwSpe9rLQoniYxJW6W0ySbtHMYmGVFKUbPDiGEcBKKVKLV2tkOSI1tT1KIopQipRGtjG4mioY3Lw2WgrnZCiSMiokaAUQSlhFkP62EYFWqTa1fCTNm6ruu70lrLpERVUVerVIZxbSMpaokIO5FDJZunTIqiljYMtmspikDK1lo2TI0SJWhWCRthQES25sz1ar1aD5Kn1pwtoiuAjUziliqlTVOJWiKcHskisI2rhGiZ2VooZrM5BeyIaDlhEM5UEqWAE5dScmpjjl1Ec9opkGThdJGkyLTtIiGcBkWolJimltlCYVCEZJNOjC0KykzsNqaxWxpK7buu1loR4zQMw3IcB4xNyF0/Q6q1FAVYtgWNKUejAmlaa9lajWpnm1qEJAmkgOz6rkRgJEXXBTHm5Myu9qVgO7NNUyulEKXWYiBboK7vRICBqbmEpAIUxTQNoCTDRISMBSqlqJYOqU2tlkIAtqm1YCfOtCJqjWwZpQoMCmVr4zg2Zy3R1Y5CTplOjN0ym1QyUYQEqChKrYjWpojiNk04ICQIByFAmQgramCbCEkhnDZIpcgBttO4KyUULTPb1Pe19jVwolpKa6miWnphJ1FLqEs34bTTma2hwJmZIsC1VElOVAMFKTtrlOiiqBZQKSBjIsIpPK6H1jJCIsdpQHKbpmnK9LyvqhWjIkkghe0wKUWJIihSa4kVJZCcLSJq1wW2RSEIQrVUFGBQ1/e173BbDauunzdny7GWEqWUcJsyopCEkIoxoEhZQQRRuqgCl/Wwns3mfde19Hp1ZLu1nEwtNckcJ8sQEoIQpRSCbE0GSRIRCpqzqjizRCmlWLYzaiVzGIZpGruugpsnOWqNaWptmkIgtzaN44QpJaaWxUSpws22HV3FBAgslyjgTCeZDUVEqE0NXJBqhIqTWqLUUrtOKdOQFGRDBTciqKVCiGytSbLCzkKNIAgRtiGRsUVEUZTObWpTi1IVypyanUZpZxIhMtNdKaXUli1tbAfZpiAokW2apslQ+4oJaGmLkCy1KbO1KESEohREKUEIooTTSBEFZZQIyjiNEZZqTplkiVAEIqSIIIqwIVQiZKWNW1OJGqWULiJBEQUcBJBIIqRQZHO6daUrtUrOzKiRzSWKFGnXUqSoteIkM0LOTByhohLIaUMXlSAAFApEoJASyzhTQdcvaldqrYpomTJS1FKKKsE4JaI5SSKiKGwyqbXUWkQQhEKBJDB2KKLUCE2tkc1OE6m06UoXNUoUReCQrChuThMlRJETSyUEzc7WnCCXGhFFpU4elcrMBDIxEUrZRraJriuKwC5RVaNllghFaZmlBBHYKEpIIKv2RaUwNUsoiogS09jW46qWruv6iNLNatf16/VKqNZaSrXTpi81zTiNTs9mfa3FzhA4VAjCnqaWk7OWUNROIiAdTS1btsmZpSuZBgEiQS0d0HedFMPUWpuqFEU4VAgglM3YQaAAB0VSRJ2GIbN1XacIAdiEQpadLpIRToVCzsxxGrM5QrXW1WrtzH7WtTHHHEstLd1otqVIN3Uq0SUJmnKcnEUFaxhW0zCqFCDtqJFubhlSnXWFPtu0HiZB19VaS0hqQiKCEC2naS2V2lVQSK0lOECSWzqx5GzZLJHkNI7ZWokoEVKkmaacpimzhUqpHWRmRu1qKYgIolSJllOpXa1VEREqJQwYQS0VZSYEtesKOAp4GAbbXQ2JZocU0timUI0gpNZSkpxtammihECEVMY2pVNgQ6aCKCXA6a7WtARdP6Oo1NrVrmWzqF0XEeM0Je5LR5HQOK6cGYpMpxEoaCZxZotSPI5AXzuRpXZuHqe2Xh6Nw3reL6Igq5v1xWoGC5Et533fzWZtGIcpQ1FqcWaNgpJEKLOVj/vID29TA6kAYTwM47ybm7Rwc7MVkW5tmIIYndildoXSnAqIMKq1KhAl07SkME6t1EJIZJsyp6Zw6UqtVSoRJuSWCqzS1UoaKfE4DkpBa+m+dIicUrKtWkutvadJUj+bhTSNY2uTLJqjSgrZOWapJSJCAW6Z4BIkZJuiRqgm45S5XA/K1vWlNSvcz+a1qxZOR1S7SdH1XZsmT5OD5XrVpqnv57VEtjbm1NKClm0Yp5xalCilSrTWalel6ACFEDiTElJEQJSq0DQ2lIpiSxI4pBLVyGkHwlgWRYHTYENRXzpFqV0tXZVUilQqKQsFWF2tWaJNbcqRljYgAjuiKIK0S6jUMrbWWiuVbGo55pR2EhSFQVEkpjYVqZSZMyFkjMgMSQQRZMtszc2AybSV2G1qJaLUIkiYhqG1rBEqRRYCsiXC2ZptoIsaVVJpOWHILKXMukXpooSkglOKqJHpaZpQELhlRISQStRoLUOShAMp20RI2exIIDEIGRDGQsjTehzHnDDTULpaothhMjPTCcJJqAQmCEkEhaB0tUYBYZobpiVgRXFL3IRqLRGypaJpamCF7IgAaK2JkACm1iSV0kNKiihOrCQxjNM0rKeu7wTYkiJKRNiZLUM1pGka3Rw10rQ2ZUMlioujGZxubTKSVYpstcxSu4DMtGnjmIYISZmutZZac5rSLiHbKirUKhwlDXYJSZqac5qaUyizhRQRkiICSDvJQACkkwzLjojmtNMJIhTZWmZKARQVQrXUruuBEtH1XSk9pmV2paQ6cpIkAjsUMtPUCCJkLCskSaEQNKMSpZSQwpHOnJK0sZ3GNnLUvtZQqJTa2TlNFpQQSF2NKLbIdNqAbeG0EYFCfVe7vnMSEd1sFhGtZT/r+65ElFBJPLUpIqJUIkrSWpNAlFKkAJxZuyoALLcpMxNH6UqRSulAEYKQZJFpAaDAKjVCoZQ8pWqoRIGptWlqJaIoJKXSky1LERaSquzMKRNLKrUYMlspRRJRgkBtHHMah4iIUKb7WqRoUyqU6WkaFcVtlMp8MXNigck2UmqJEkV2pl1CSAajllMbWy1VqfSkUotkEzWColJE2lJRLdUmMYKmiCihWkpEWDgTBRZuiihCFJRuzYEcVkYoCKdrrQpKlFr7UpRQahclpqlFCaRQMZnNkozlqF2JCLAzJqfs2tUS1bRQpH10eKSIiICwMxM7ZQ1tcGM274yn1kCyAETX9wFRS40SEsQ4NQW1dNiFiFojQoGRREgJiYokSVH6Usaxja2VUqRaSjglGTuTUmsECOy0kWuUUAgrZENIEaUIBLJdghIlM2vfe2oKRSjtzCRRlAjLhIqKyLCypUMupThbTpmZyCXCUtqSnBkgRYQUUqJQkdJudqCIKilKRAlwtoxaQzK05tV6NbVWImxKqREhEnDS2oSZ2pjNLiHsRpIRtStFVpqpNRG1q33tE5E5Ta21qXbdbL4hWmskRGhqk1RKkSQHpTC1bMO6hppzahPZSpRaixAlQKGSgqAU2YooYHAtlcC2cK0doHCbpghFqSFFiVpq2phpHFsbEoRCatncSLU2NpMlKiWyNbeEjIhxmCTVWglB1FqmKcnWWmtkLTVKqEStNaQpWwjSSrqun6YmC5VONaKgRiJRJQlFOFW6KFELliThhlGdd5Ee2+jMrpTSdaUok9pVgnEcW2vZWolSSldLsUSmLbAwiCjgxNiS+sWsq52bLYlACkWUGoCcmYBFCaC0qTkbGAuJCCyF+q4vNaaprYblNDVsVUWEmzLdWgbFdsuGnTRPrqXW2kEKkZm2VPqutrSNJCUKIQnIFCIAIjFWKbV0KMJOZGetfe06spVaShetGam1KUmhUmqOrU3DYrYIxXK5zKlhAo1tJBUBEBHZWnMmKlI6cEoydF1fFBSW6/WYMZuVaRxbWhFdP9/YnKuoq11XiyMMrU1OyRgr3dwioqvRxsm4fNxHfljpgoiQMpMkW0YnooiIImOM3UCGbtaDhPpaVMo0jmkKTNlq7WpRKUWB0xFBiWxumRgVRelkSpSpTePUIjEqCrAIdUXI2dYt0y0oCKkkU6b7rotSZEOTSoi0JUXUEAojZWuZTSqlCyFFyXRriVNRBDgsS0qJJKFKte/kUMSs741zbLWWUmsbBmNQlIKcSYCVXdeXqN2st3G67/pSomULRdQoUaLIlpUhhcIlAgml3VoSYRxRVMzklKOUWmtEOFMRpRRMa5PsCBSdZKeBhDC2u66PErZLVRednaGAzNacqSh9rchuaYEtCjahvuvGcWitqdSIUNSuxtQSZURBCkqpEaVKTC2xipAkFQkHgdJpKWRFUUFYkmSV2qY2jZMkEE5UkBVVEeFAdrrUsB0RyNgGhVSqUNd1pURCaw3bOFSiRBBpd7VDUiGkNrXWUlFKEArZpXQqZMuotZSKbUAA2SZFCBlLpbUJpxSS5RzGAbuqNLdpmmpXZ11NgmbXYrcc3c86Kab1OmqHgogSIUISmYiCGpZAgpAEGdiJI0NFIRStTc6MKLLBEaUUZXPLViIUKlGmNrXWuq4rtWRmEM2ttQFQrTUihJ1SkBlRVCNCoXDLTAs3Wo2iUmqUUGRrOGsU5ObMNKGwIoJQUTENA7ZRQEgKSSFJYVKmqExTtmxSCNxAhCqkIkgTrqUUlSmnUkqEbJdQRFGJbM6WtosUEQ6Uck6ZyEo7gkxwggODLUopUYqCzEZGqVFKqVEI2Z6mMbOVWktgKCEblQip4ckNq0RY2ChKlJAiW7bWSqk1CpJCzmweKSoRkZnGqEZEkYRCkqbWqlCpWBQJOxHNmQgMoRANkRm1SJrGsU1EiVK7WoqsKKFCjSilK1GnaXJLRCmyrSpUag2hdHMiRRTVEo2CAbBRMVOJqN0scKYzXbsqkSYkEJkt1XclIqaWsgURCkulSgJKKQoyna2l1XedIKEU0QQk6eYiiBIKQIQiQsps09Q8OUoEUjAOUynhkJ1OEyJdIyJUawWaW7Z0TpZCIo2CoEQ400SEaoSQIkqtmQlEqaEIRSI7Q6pRwAokEpMOZNF1HQqhkIxbUkqJABVZKduZSe1qRFGkGxalhNNRmLLZKiFCRqTDjohsTgOZ2Zrb1KagRNCmTKkIpACQsyUGZ2rMcRynrlaVQAoxrFd2RHGJiChCk50tu64iFCJROGolbdGmSaW0NspSkRsWMo0JwmS2jCjgorDIafLUXApgNzeiSBFymxJnRsjZhmEASaGIUCQ2CEVUnJayTdmaanFma5MiiiIiFJIAA83pqTUnThEqkZnZprSzZUBEyJ6ctltmqaWqhkAFZRDdrItSyWyZxhgXlSgREgoypwkiRNqhUmpnyKl1NaYGZJQiaG1qmbXrFGptynSEolaFnC2nTKUtlSCntJ1MHoVKCSmQW2a2aTaf913vls1ZawlJkiJqKaEytPU4Tp5ynEYhB7TEjq4roUStpUBSyrZns3mKcT1ERKmVdGKQJAShdIoAuloUkW7ZHBIRtiGcBkoVkJnGWFEwaq1lTplZVAkpcRARpQQWmRiTpesiQhElSjq7Wkopy/URRC19umVzKYpSIkrtAtH1dWpeHi1TdF1vUo5SSymRyTRNpdRSikrp+wKQOU1ZSqirsiOUuERRqKVBRSUiohSjcVgTQQDOdMoRgZN0P5thEekkGyp0fefWUkRR7SuUKKq1BJTSlyJJhKapTdNQaxXYCRgycxqnNq1LlChVEiqY5uY0pFCS2FJxTl3XpVmtV06XUi0gW2vrcbCzRtgqfV9rjONkRe2qhAwRQISiRLbWbEWQSoyMZVRqDZTZoqjWDqfTJWRJUQ1tmmqptSpbG4apdl0UMqldTNOUmX3XF0UpYTFldqVGrcN6XSK2Njc2FvOgELWAS40oATYhUKyHNo3riDLrOkLppASSVEot0zgKlY//mI+QIgjbgtJXBcujde26gsapFaKUUku1M0oZx3VEWNGytdamcQhRajeNjUSiZbapGQvRMp2YUlSjSJmk3ZwEHqeBNPLUJuSILgKFegmkEgX1XZQIyHFYH+ztr46G2vclagRSyEQtiBI1IkpXMiWpqqI2TqMhUDpzSoWlmLKFVcKAUIniICerGIqs5iwhJGysFGQWiooiQk21hrDJzCy1qJQpJxRGQVh2I0ot0rjO1ChoTgWZSaigYRpLhFQazmlqzZkpNA2js3VdLbVDRClSmcYhM2uJWmtX+9FT5jSOzWStilJaZk5Ta1NrmRiQsVGohKKrKIzbNJVQlC6cbWxdCUsI45ymiIItlNlKRC1dytiyokQaBxJRIhQhWc50SNmmRKWUBElIQaRTQjKgdLaspUQoW0YJi9ZSKEoRAiSN02QREbaH9dBa2lMtVSELFFGqsaSQWrNq6aKohsGtTc2trXPKUpWZdiNMkm1SKWRKqGAFmbWrgtamNrZSOuyxjS0zosw3NmrpE5AVUSWlCGHnlCqRmdkmMtMOMKgY09KkJQE1BFEU6ZbYSXSloGEas6VlnBHVoWlKk26t1hJd8QQhUEQNOVOSbStkC1wipJJ26apAEbVWGs2TLUJ2Oh0RtXRTDpkGl1LSiailONMQoFLBZJtyckaEGhO27Ta2UmuNCk5nKRXbyKCgRNSuT6ci0i4qkHZOLeV0iRKhtHEtJWWw0woP42inCAdM6QoOSErI4ExFCdVSMjHYqRKC1kYSB5482cM4tqkpFLUoGdarTJeugwCKAgQZilIiW9ooZCdEFE3OThUZFFGNsYlSQ1IFCTKbhILWPOXUxiYTUaILrBJKgOZJxuBxanaGlGnbXQ0I47Rnfaf0OE2N7EpJGKd0puWWrXRRFE6lM5stg8ZpcCNKBAZPY8tsUcNQUBSMnJHO1qZ01q7ra03L09jNZlE0tamEolQkMkuUKDUhokgirUAhNxu60hG0sQGQbhmSokQURVVaAuQgFC2zpdOpZDbralcSYyQhFYUkklKiFE2ZwzAt10Mbp74rihI1REikU1CiCNIt25RTsxQlpMh0m4YotdZS+uJmnAAKZ47ZBIEAFRmVCNUaZDpVJIchnCmXCAlMiVIDosq0zNayRoHITKOqopBCNXoFtiGdjlKcE1aIqF1X+xIqJYjalapSpmnCqVptnBm1liiBZrPZbDYvEQFOKZj3tdRZ7XoJZ3YlVJRTy9ZKN5Mi2+Q0gKLUgkWEnRARxcGwXrlUZWsNSYgSJZ1ytMwMlxIlCpYFJiRCtpuzRE1SiigRpdgAta+FkLAASpRSApAJGcrUxtaabDkSMjPT43qKolCMbbJxZoSMwF1Xo6tC62lytohSo0iSs9nA1HJcD9g5TWNrErUWoTZO6SylREQmQKPZoIiikMKy1Jy1qqu9DcINA4YEMiJqqaWUkDJpORWVUousaWrjuJKyKtwmgqm1aWr21Pe9KJnT2LJE2G29Goep9bNZKTU9tak5LRTSbL7AtlNRIGx7akApfVQZlEC6ZdQAcmpj5jROpdSuLyIi1Fo2UOJgalMbm4RlpRSAVeuszmotidvQQkollgwCk5khSldbm8hUBOlxaoKoUUrNcWpt7GqoRqjYJtvyYD15ql2nqNkys9UuMlsbjRjXQ5smQ1ciSpBRgslkaxJ9rZbHaUpnQDMtEzDpNtk2qirp1oZJQnYpoZBtIwVu6WwmKBGhEAIXgezMdEQgZzY3lb5KSCWQnTk1iaZQZsthaq79TC2drZYIouXYWpbSYRP0XY2InBqZObWolFINARbFWAqhqGm7NZQtU3bXzyOKQp2KFM2ZOESo2NQSIIuQluv1er1WdAUU4cxI1VlZrVa0VrouQqFAzim7qLXvhaPIKISzRVEtnSFKKREtmxJq6WqJKELCoFL76EopJVApYUetEbUnuq7vUJRShFqb2jhO2fpa0jlOUxT3fR9R3CasEF3UWhiWR+OwjlpA5ZM+7qNAiogiqXZ9lUMqfa2hqDWGoU05GrJ5nAZbEcKM4xihKKq1Sp5am7KVUmwyp2ZqiVIrUCJKrZYAqbRxioiuigS5FqEgSgGbUCT00ZWIKLJp2c6fvfdg96C1KaJsLjaaWjYy7fTk7GsNFTudIXlqU5umzKaIKrkBpitBnXKskiQCEDKQLUsXOErFiWlpk45SQ1CkNM60DbVGKFpL27XrnZ5a1lK7UgKBWo7OXK/X2aY6r1NzXztQtglHF6EiN6Ir2VKKWT+DtJGE1DLBpdSWTtPa6CTdCAXhyDZNqERR13Vd7S2LSCSi1AJECBwRKl0aEmGSGkEtAaWWMdNyiWLTWiNUFUlkppVRqyQ5UtTaKUIYO00AKUJSCIhQKaVICqUzW6DoilO1U6gUBTBOQxIQoVCUrpRSIqKq4MzMTFs4QjUkK8PYipJTKpBKOosQ2AopsQDUpiFti1JKKbXUYjGs10EptQJFJSImxqm5KzUinHhq62l1uHdpuTzo57Pa910pIIuiaK05bdtphVFJZ62BggCTdqaxogYm02BLJRS1BNiZtkWbMkqUopxa2umUqKUrtZZSRAQURaldKEBWhkJCwdRaV6PUzkIqkqPUAEnpxAChkJS0aDgUMIzT2MaulCRNkVuoNKfdQgVjiZattailBE7apFAS1Khd7Wxna0ghAZmWVGs15DjZRgEOBUoRhGycGSpplG45ttamllEVCqGpZUQtUXAihaLhQF0taYRDiig1BLIoIiIyMzNKCDCECgLI1kpVV3oVDev1MIxp+q4LRZtGJEyUMJRSogpTXdIpLApQa0XplLGMhBQ0Q5ZSx2zTeumgqGtuNJyOGlIY0jlOk2wpSq2WE7BLLRZpByhqhCJcKZZsT9lqFBemKds4ligRJdtUS7FpbSoRQATAuBybXGqniJaZdu0KSEEaC1kSBNM4YmrUKDWCZmoEtpCEJAKjqJ2KZEIQpB0mLdullJaJsB2lIgeli8iA1lpOWNkyAjIAnIYSgaBEKIb10Fpr04QIZOw0IidHRJQiVKq6bu5wjpNCUjhdujqN03o9RJRpmiRJ2EhGCokQlihTm1rLUgp2o9XSFallWiitwNkEjkJma5SqUjqEHQoyM0pEkGmwbYVq16VberJdJSwLZYLGNnmamh2luI22BCJCkjLT4YIyW5umoXkyHsdhGIapjTRNbbDTSaYz2zCM6ZSMNA7DMK4N0zSm3VpO49TSgUtgM02pUAm1bCZMZrPtKAoVhQpBRNqyJCFjJEnO5igdIiRFdKUYSUEmUkDLViMiSjrTBmTGaUpnIEXYtilS4kT2ZKvWWkpp2UoppZTMdE4lSiml1qogSoSKFIpoUwspIpSOUsClFBEts7WspThzooVtUUtxtmGahABQm5rtkAmyWUUBmGmaWjYJSSVKicCSJCmiTNnkDKEIA3K2xK4lHJi0VbuwITMUpesgpjah0tWCY2xj2l0tKKZMstWuLyEpnEbRdV2d9UU1cWsZUsvJkmCaXCIiuEyhsIQz1EEb10OEoAmaU5KkzFRLVcl22knpSqcuwmmTOJtJIwGSijBTm0KqJWxnZpQA2mSnQ0GUUE7ZRESUYVqNbYqocozjWuFQV7ooUSMiVEqJiEhFaxMmFBTZ7lSiRBKSHHJiyFSUghmmgYwoJcehlKi11q4qCk7SYDuQWzZRoghCEiZAoSidQoHSBpWoUaqMM+1QidqV1lJQa8E4G1a26ejw0HKNMgxTKX0paq1FCESEZJfouz5UxnEgKbWCQsWldqVECWBqk+SuzByqIZXAJpEICaKUUvuamQoiwiZCkkJhOyIynQYMODNUur6G1KYWIZUSUSRRai0KS6FsaWgtW4440tlysiQLxTSOKlGAEigUzLqZpOV6LUXp6jRMpRS3BiYiCTKRJIER4zAa1EUXHWKcplAAiKKQIqeccipRp8x0q1GGaT0NU9fV6Er5xI/58Glq3awITa211rBLDdKWHOq7oigBSdYSVSEVk47oS9SukzVNY7MrUUoQKiWihhSSbJzOTCs9JQKrRIFsU1NRhNIZSWsNAYRUZzUcFy6cG1Zj1/dtGPvZbHNrcz6fd30vyaa1aZjGrtZxHMARJd3GsSGVKMNqVRSJCJWudtE5mu1a65Qt7VpKKFpmRNRSh3EdWeyWjUCSWmtpulpCptZwtta62ax2nU2SEEiSjCSFIrFMOp2OrtZaQyK9Wh1KLl1pbRyHpiBKwanIEsWNrpQIqYYgSTIymzCQLUPq5/PMHIaxRkERESUCkVMjpYKxoNQqRAggTZuMWqaKLdHGlsZMOZENgRXhUCQuME6T5IiSmZJxpsU0jdOEXUqXcrYJyZktW0SENE3ptO0pLUJhSU5JKCKioEBGVqhEhJQkxtnalOksilq7UopSEy6SEDiCqaVKoSVCUmZKckihNk5ALVWq0ZWIiBKyc/TEhGjNpSsIUrKjhISCdCMhkGO+udX3XWvZWnpqmekiOz1NY2ullogSRSWKIiKKRKZxqhAlmqVMSREKRcDYpsw2ZXNzKYoaQlIIQtFFjSpjiJZZIhShkO2WYxubQiFluioUYAUyWUqImNpk6GoXpYiwnK0Zla5gjeNUQgrRFKV2XbEzk5D6fo6YplZqsT0OQ60RKNMmSwlSqjQIqes7YBzXiYnA2JktwVEEziQCT0SHiOaRKCFlZqYVIVQibLKRThBkINUaAZahSIpIN9sU1RpC6/VKOZWItKfWIIdhjEClZFpFgq6WbjYDT+OYJqoW3cyyW045la4UDIHARlhKgaLUmJpxFsKgsAhC2BFFipaNkGw7i6oU4zRBlEqJgtINnK01JVFLKDMJUSNqrSGVggE0jisnIU1uEMIOFZU2jVOb5v0sqjAymS2RJCDAkM6u70IkgEpEhITsdFCiUxBOuxGykQzI4NZsO6NEGqHMtBNUFBIqxZm2gZClImHIdESEJJUSEMqWU7ZpmkLUWlGkm0wUQUC2KUtIQaZNlhIlqkPOzJYKdX0XUpQaGAKEmcYJoigoBGptmtyqatd3tURL11pAQgqBSbJNzjZNTSJCIkpE2lMmzaXW1tp6mMZhXaS+nwNFIgppK2XkjFosckoUGClQZJsS11JrVyXa1CxQuGUGFmQO06RSWzKOwzCO63FqLac2TdNoKF3f1V6l6/t+Np/PZhvzzc3ZbN71836+QUQ3m5VSuvmi66pxs7pSW7ZsTWZqbRrXQNQOe5zGhmstU5umcZJdagW1NkpRSlSFpWwuIWqJJJXjemytCdTVGjVkSW2aSFFo0wgygDIbJjMNEZKEyTbVqGkkh4rdMp2yM1tmiSi1yk4nQg6CiAgVlCGiVEmZLZDwepyiuJaKsF1KsQEkAwqRhAJJkiKwbEcpEWGc6WmcFFGii6KQwKDWJqejSrYz7UyQCNGczhaK0tWwGs5pynG0HDUUBRMKcJSSxrjZtdYiSUiRuDmVlFJQjaB0JaI6PY6D7cwJyc50iqi1GjAREQqEszWHDCrYiJCmcbAhVLu+iy7lNrba9dhTaxZSROlsTLaWyE6BIdITiSJNBJaQVCIyiRJVanZRQTgnIjIdoVK6lnY2RJsmRFf7rotMO6Go6/tSayZmAow9TUWlq52QVAJHUS1FWJKdARJFMbaxyNiZLSKaXUstUSSUsjC2QZ6mFlFUcFoUlSI8tiaIGiKmcbAduOtrJrZTOQxjiE61ZSMdfZWZWstMS1NrfZ0V1Smz6zpFIRvGcoKbI6JlE4E05ZANRZQqT4kgcz2Oq9W6ROn7Gc6WbZrGaRqjRIlqi8DpbKQzTNoRMmBKiXRGKRJTm3Jqiii1RJRSikRztmaJltmmyTgUTk/ZpmkqtQS0ZrvllJnuSkFGlCilRES05q6WUmvSbLpaDcXq+9KaD5eH2KEKLlEcCNVa0x7GkQkpogSlRtqWlTVqGoFCWKVWbCJsZ3OttdQOU9OyPA6jTSl94hRhxjYVYppyVmddrUmL0SXCkiKKSkxNkpAK0yBhF6WoRWmFrQBciuxskJOgecxSFIop1dJdibSy5WpYR1CYzUrp+97J/v6lqeXGRkSUYydP2sYZpazW6ygFBVWz0oNthnFc1EJEMHVd71Q378Zxqq5Ra1U3utE8Kz1kiQLOzIjoSkz2OA1FJZW11mFcEl0lCHtytiYVmXWbwkzrcd2WKsoMMUBNJxKWhdOSSp3NFyVKaVOWEMpZNzOOUDOSatcFoNLSq7YKokXxlFFK19V0TuMUoVJDDjyoRGZr0xCmkdksCak0T61FZHFVMtkVVHBDVbajRLNDyKQNJSJatiKsGioRBTItxjW1dFLUXiYlUKZxS7KWrhSjKCpjobWptTaMw7x3BEaldGNOAZDh6lBrU9olUYmu69zcGGU7c/SkpiRRREQXYVRqGE9tamkFUZRTpDMiyMQ2lQiRDSo0TAnbUaMZWiaZmW5Z+0hHTpMUtrCB0vXkJMIKUl3XLTZmOWHlMI6ZLkVTeso2c1EpU2u1RqEo3KaccpKi1holYqqODJXMCKcFCtvNjVIUtURhHC2Kak6Z4aid0iFsD6uhlGg5jjku+k2wWkuKm51uraWzlC5CLVsojZVGgZqdbp5EoFKqrDGbc7J7cABWLZ1LIrfMNJCZmnLM9WS5TWEcEWkIU+hr75CHMSe3aUSqpRq6bqYipafMbCqlqO+yZZvGUiPtDAe9aW6oEtI0uWWb1Xnpw25SjJlMratlzHF0K67g5gbYmsaMwCGnp3HKNMnoJHy0PKxRZrNZ8zQMOd+YFSyMhCCZmhV13te0a42xNeSuFnBTdCFnM2GT6ZBKtRsohSAbTY1aC1ITylaLCqUlkF03K6VmG0PMumhpO+1istYyU2S2lmmHQkWyaFMqlCmaM7I1R81MAYHHdISRaym4JJlDI7CdrZUSNerYhqSv0GqVRSGaG5MJOaDaYKfGsDJbAyWllCBIt2KiZmutZd+rFo3NzuYEnNEgZGc60yFJhQjhQI0pHW2aSpQMcEoRRFf7EgEYhyKdGKRxHLM5smRm7SqtmKZQRM2QZMmtZZJy1toFOWWrilILWDJ2yhGax4LAaUKlVtsocppaG0NFUVRKUNAUoVA0Z2ZGlL6qMYEa7qpSXZJ2QluPGVMLiUyDg5wsGoWuhNPNTONgCCIznaV28/V01NaDe9sehlZLcWgx3+nnXdTOSCqlxNSMFLKNImSSLFKzw2otQ2QqlOqqJFWBidLNmFlREAI7MxO3Aec0Tev1OkLTOB4t126tq10GHqdSIrqqEMpxyrTCLSfVeTHppqi1hJBqLU63dEQNNds4SqmZjqBEoTCux0wqgQAr6OazotJagwhBKXY2Q7ijShqHEaMapNLNckhGirCRydbSVpUyap2yaSouDgk3p7PWInX2JGOB04DCdpSY1d7pFjDRd32WUQJsO4KWMq2rxQg8ZTpzaq12NVSJSE/pLFGcRqEkTYYkZaPvlKVgZWuSSpEzoBQV12CcJJHuStfauJpaF5luXdSokW4oIgJDYkNQuxKyKJMNjloDZ1Nr2XfzxFYhExFdwXQqioJdWqpU2jRMLUSpnVSjCHUM2SCnFmGbUlWiIx1SWtM04RKdRLES41J6SaJNqUKnOqhFKZK7EBFhQqWrXVcrmbVWKWyLyJyEM5lonhxyLSUKTk3TEMJRhmkUKoVShKNNU8i0Sd2i1tq8bDn2pWZztkmillqIKOFm1YKnEkqcYRuUmL7WaZqwQ0JRStQSpDIHOST1fYkoE01IgZLWUomKIlgsNkuJqY2iDeOy7xZ9100tnZRQc06tObP23aLv7enoaDnzws2KGpKsCPpaDWnX2q2ncVgNXdcjTCYW0TxlW3elJEWhJFfroSudobWUUoEghd0KUbp+msZENUqSaec0GsvVzVRyaJlTRKcIJGdmoSOjhK3MZtupZjc3KMN6vVqtFpsbi43NHKdxHGe1UzTVqqhRiqdJvarCkyeZJErXz0rUWC1Xfelm80Vrky1JXa3TNJWIDHkaSq2IabWSXbo+pRzHGkilMwlIOetnmT5aHhSiXyzKNDZPnlpEjagglH0twzRN41j6EHW1mmpXbWdOdpmm1qZJElJXuyDWbexmvRBNQ+TURgmEbVCt1SaXq/Uwbnc9ONt0eHg0ten4sZ2WtGnoaicxTqQzQiEohGe1xDAsNxaLoTUn2GVWLUxLq+v7qjLRpjaIGMfWWnZ91/f9NI2r1bLWris10NDGvpspZKLr+1IKphDqYxhWpXOlkKynkfVYgmCWOUWpEQjRSBxB6aKNGZIomSnlNLVhGrqIcIxjzubzlKbV2IIIpJCVNtNUSpl1s7EN2bIWEdEGu0z9fOGclst1EV3ft5xwFmqRxmlSSFGwo+uck7N5EkpaVQ2pqA1SREQ0EEAqM2u1J1QkFG6T5WZFVKEkSxQ5E6cpXUVkUjSqdso2OVvLiJLCmbN+MbaJzKid3aacSkSzg8iCleEgCDpM2qHO1R6RUC0lNOWUKeckqQiFhERSIqwwrap2EpGteRqz1lLkJIK0AzXnOI611BJFRNdpmibLgVG0NpZSnExOhVSDlpokFxjwWEtXSldLN2VGhDNd6GofEWkUlUyBTDZPHjvVKAVkhRSAbcBpnCai1rDsBMtEI2pBGoahOWv0RQ26EIjmaG6UKCoo3ZyRpKap1RJYiT0OpXZdnY3TsFoPNUov3Byh1so0NoPkdGqaur4HpnEsUShqwzSuWy1RS3EzquqLpJyMgqqwMiJCaRAJpTCbLVpOY1vLoTBQkKpCpZTa0uHmbDnZxi2nQBFVRAmgpUNJSwvTSu2rmbKFkd2SQWOhi9oVIm3CJVRrN4yrcRj6riuo1l4wtqZQAaFVa0yZQIRtdX0lG9RqUQkJu9kKRZFxEqWECNOCSNnOiGgORdo5DW2yasmRrgahdKe0nSI2trZybNnWrbmrUjgy1CnHJF360nJMomUa0xJKiXDQ1U7S5KmL2twSz7rOmSrRqTPYqdYhlw5UIkLZ4eaY1dA4TXUKq9QIMJKxnFbQ5CCpeGpukW7C2JMW/UJgUoCjyq49zpa2wzgk1VJSNsjOpihR1LkziSNtpTNdIlVqCZWicRpJRMnWnElkKbWElFYtUloYZZtsoqiUmMb1cj10XTfregSEPQ1DhhS10rBoUxMu4Ua2qakEdmut72eWiABAkemuLmZbbtNqWJNZu862SmgK41nfF9Uc16Nzas2ouZmIolDB6WaiTdmiFqk0N5whGjKgmHLSqFq7Et18c167hRSAmylqU5tyGtfD7bc/9bZbn3H3fWenYTg8XO9e2m3j+mi5PDw4NAzDNI3jMCxtO2luUUram5sbm4uNvu+3traPHT9+8w3X3XDj9Y98xCN2jh3v+kWpC1W6yXVjo0YkQVvn2NbLpULpyZmgaUxntKkpiqIrkcY0l1o6qjGJRNrT2GYziHA60ip0fScxTaNStVYB4GyUiOiA1lrLZjcnoaKIarBSU1IQIYVJGqXIYBQOCTS1ybZQWFED9a1NOU4OCaUt0Vqm1yVKIxVhF2Wzc5xa7foaUlGbMjOhFVXIzJbZ0iUkqVohUqbJksBYSRQUjoiIiOYWzS3HiFq7gp322ByyLWxEqLpkymO2UjpHokaJoqK52rAax6i1NtGmoUQpKiFlTm2cIsLGbtNkB6ZNk2elhkrLJKcGsnC2aYpSSqk5OSNKwZOjRFUZ21hKlOhKEQZbrUmadSVbtpxApGplJKe0ySgFhaBliyiUEiET0zRZIqsju1KK3DIjhIIw5DRl7UqCnZBGMU2tTc6MrhT65jGxiuxsmVNmjcLU0hmuLkSyHic7XRlHam21Kx5LZqNW0oKoAWQamxoloolhmByupWYObl3XdTaapnEYu9ncNraTgSZkHFKpnVFrzXYoxmlqkyMsuxlwm6YAirBKJ6mEsk1TVxUR4ziWUiVNbaqqi8VmiHEc51UtWymlr7PQaEfmhEuJ6PpZ31VJzS2krqvZtF6trHRRF7U1SpRS1JwoWzZa1lq7WpfDGmKipRPLIUluLUUtXQmFIGqW5lZyTEpRRE4ZRbhMY5MAGWNNnmopodq87md9V+qwWpUIRTiB2FosBENbB5HThCmlTMuRolo7KQTzfjZNZBulkEKoZZumNk1tamMptasUQiouSZGaM10tSqmlFmA9rj22IoLo5vPMBtXKcZxK3+TMxnzeN7fVcl266Lv5NE3paVb6li1UyRynSVLtO7dsU04xDeM6aimlm9JFZMbYxn7W9V2ksTEZaD7rF7O5xWo9Cc3nC6HakxPjOISqwc6EiOjKbMLZMqJM2YqiTRNAy7ENXT8rpVQJqTpEJWylJ9x16WzNUggyE9zXvjljUikBkiJzsh0l7TasMjYXG1tbexd3XTh24lS2tlqvIgNJmWMSTpcurKLayClHu+XoUMZALOowDWGyY1qPmS7YWVQB4VZKL3sch5aTMynFNuFCLWLZUm79fF6iy2x9N6tdTOOwOlqVrmxtLZwQzY2pjZa6CIqnaaVU7ftAThShcE62M90cioiWDZUQjmrTaGObimSDMzMsp63MdKqv0NIhZ6mSShelEVOOmVNVBbVGEY0pQkHLIWvXK5xOzOSmlIqilOydQ3OOUXoT43Qkhe2+70iPTskYgsngYmMnmapFimwZtQbOJgo0O1uUamQyGzidJZEKLR1uJYpbc5usSIm0oqkWT0bCJlQVzhzHKUoNRUtntiiqwWRaylhQalEpactJKFSAnDLHsQlwV0sp3dRWgQjZnqYJmdb6rtZSUO2rh2lqORVFkUqtTlpz6cJWZnPmSFYViTQSUZRENkcIh0sKlZJCgVVLmxIjRZoSnSPVsFwdoeJmalSiOaecopTlapVZu1oVKgpV7IB0erVeAm4mXAjDMAwRRbUmlkGljZODkjG1kQyVWruuljpl4giRCNwsWTBFlBrFU3gaHQU5nFIJaNNkp8U4rCXNZxtTevIkRVcFSgwo1TxFqXbaSAnFbUqilAaltbCsNklKE5iWCk02TmwBzaXrM1tmplBEGLsNY9aukJ6apzZKxNHgnIIaorXm9KRVbTWF3do0Aa21oY21FqfMlFJVyRwF0XUJaWoFAmVOTYSwSiEzwVYJmSzFUO0U6qIIbKdbHzE6MocapJk8RYJqdFWDVBTU5WoltUGuMSsROZlqsMASkWkLMDJRIlvaBOmWU0aVFJ1sTZOiQhqKUGBLjpZTFJWIMd1F1NJJhGJqLVOSnWRimlQlt6SW0pWK1FqLUmmepjFK9I4MsqVQprNNpetQixCJowhKKTWK7Qi1JBqOnJqnqdVSIsIAlrDBNE8IktbWVd2sdC5hyGky2FNRFxFuHpkk2tQcqrXM5pvdbMPNKtFaSxqT93cv/N3f/vXf/v3jn/jEJ952661PeupT7r7rnuXRej2u0lwmMC8ygblCYIXm/SzTJ04ev+H6M2euuebBNz/kUY951GMe86iXf5lXPH7yZMzrYjYPwq0Ze1wfrQ4plZZdFcrWlNOa0DxmKNSm0dM0OSeszCygWhQRU2sFsnkaM4oVVQmQiCxNxtlapi2RESaVNFsioiaulFLrarUecpo5o1RkKVqmmyJIpFA62+AoitJB5jQpStd3ZA7DaNkpIuymcCnVaLRJCDkBCLoSKBJoTdFJtJwiahS3MZ3OTEGp1TmGasts2UrXKfCUE1atXdTS13E9ODOY3NeiMo0pZaZC0uSkEbWqZGvG6WxucpRC38c4TINzsxZKyWGSonaRbkUxTqNNsZzGY8suuiiBSmmtRYSc6eYkiJZTUZhwSKmpTW0aa+3sNgxImSZbJu4Lsu2IkJWZ4UZmqusl3FAQDgqZ6SRNThPhEhUbMUzDtJ662bzWktlQk6pUlLRmkRRRKFmzTqRUFUUyacax9RFdpKSxZVdKFGxoGtaHtetrmS825FSz532XWRUhTTWqIZNmI4oYpkkQtY7DsgGpjGy2Jzsg5ZwUtDa2lhFSLQlSaMrWptIprXQqSsRkRyNrxkQKK0q4G8d1jp48GGfDXe1qSTcaUw5QnRm49vOudFZGGpfwlCkzRSvRR6UTklApzoyUCRBSm1rt+i5KuklYSDGbLdxyGMbolUmI1hoZpQRpi9ZaKV2BUkhjp+xSSvRlmIbiLKVGFai1MU2JKLW01iYPhVJKJd2VWrveTMvletH1UZA63LDHNiGpypNt1tOytWmmuRmHbD2zUInizMnplpQaUiBaa7N+1pytTSpdv7GIqWtTc/GszHX3bU/anM+HYcBSUURpbUIqXTdNY1Htujq1HMahEIqwcnW0ilIW83mbRttSKbVM4yRRa9fcikIlsuV6fdRGB+oXs1q7aVp3tWvZhmHoZvMaas1Oj+NqtVz2/XzrxE4OaVo6PDUqtdQpU4jMUhExjCMRVXXKFNF1sV6v+m4mvB7Xq3FdsmzsbGVza63rSi01sY1gmsaIYgAFYXI9rkKl77rJkxxSTOO6dr1wswqRbVhP47henTh2cvQ0rkeFc2I260ZnNodpBjHrinGJMgxTy6xdRJLYoq/9elxHCdC4HqLWUjxO1CjpKVCUaru50YRQUaAI2SVEc9qtqz3O1qYMCanlcr2yyuZiIzOTzOZaVUpNtWw5DkMk/XwOZGYtPdKwWtmWKH2VGLPRMqIEONRGWq7m/QLUWosaJUobMzVJpe/7cZjsTBCKEjQcTS0Pjo4Ws4VCCUVSrW1otWCKlW6pEOrkoWVGUUSHwm1q01RqWEF6nAYcXdc7UtTM5qlRSw05kdJ2KCyyTdNqyIjFfBZSc7ZxUilR1FpayFmjTnYJkRLAqKhtysnuSlEpmOZWCbsZ1VKa7XShJi2VpfYyNDsMpI2V0HKqUUiXAunRWehU3XJKKRppRxdKZ8sqqZY0ObWWqkW11ik973u3cb2eoqqf90pCaijkyUk6JBEms6VMiq7WtIb1WkGJQEVypiNQlHFaV1VCBa2nyTiAwI0pLTJQc876aikzpjbUEuthEq59Lzq5ZcsoauPYpuZQiYIcona9Ito0Tm2KEkVlArcJIxUbmOTasvX9bJxWOLqutjY2qyrS4KmrVaWI0nLKaSwlUkVMOCzc3NqwWq1Jb2xslkqU2pqbrEyrCGdKhWgqpbScVEupnaZxHKdGdqHS9dOUloXc7JBgallQhJDSWUImoeDEhmplhKaxtWxdrZJCGsfJcrY1qfl8obCIdMPFEiRpCKk1cLqUDnlKYxdV5zSOq/nGVjaSyVNDUolcNwl1tYbsaG45TgocjlKDQmsZkiyHLTujRNjTNIbCJTw5izuKlRVQtTSs1lG12NxsLckkpAQn0uQpXEpVm1KlFgVinEY7a9TWxinpa0jR0pCldJlpu3ZFDodJ0hbpNDWUgbKoSNFyaukQTiNFyCREKOyMUqY2hUXgTCAhUAmljVAUmamN4zDNZjMpcKqoNZMAqlI6kRDO5hZRQtHaiBUlpMCT7YjacgQ1p1pEwSFb4bYeJ2BWOtVZ6cp8tkmttEyn5fWweupTnvq3f/WXv/orv/6UJz/x6c94+tmLB1NrZPJcJClKKQp1pQgUUQqZtjNUELYlBTKyjdyapZYTEdHa1DKnzGwG8wARyjQwn/Uv/uhHv8KrvvIrv/IrvMkbvcnpM9c6IlLpdBtzWk3TsFwN6QmzsbFVVSzbXq/XIWrpUuQ0YVRiXK+7fhaSncZTOhS1lOZmCEfLyc6IEioqkZ48ZWaW6EoXWFEkezkMkjPVd51CmGlcG0UtzoxSimNsEzikruumsTlcVVpOaStqiPVqndlmfa+I1pKiUBQp7bQlaq1uiYyVGJM5ZbNlHAQ4h3ECr9erjcXG2IZp9KyflyInLV3E2Iauq06vhyHk0vVFJQhFgIkytqE01VrHbJnrTByhsY1kP5vVruY4pVtQa+0mT85WQs5QBNnaOKY9TWNI/WwWRTll9POpTYjATmQmZxOzUhWgYjSul9ksqWVrU9au9F3X0kWU0mNnuLVRzf2sz6CNU0RXFFNa0Nwg3dyVbiKFSdeuOq0o2VpL97OZ1MahWS6KKOGpESErlYqSbUonVumqyJwyczIhZwRyTHatNaA5hZBCJAoip3TJWe2nlus2zWq1orUxpwQiJEVrY0S1yExnSxtcKRR1pSPINiUxTkONWoqmqbWW875vskzAlBMT3aLLlpl2G6GollK6zJzGo72D5anTJ9t6AmF3szJN0zS17Y3tZo/TOgijWiOiKNTGqZaCYsoxR4js+hkt0y61ihzHyZaEiOZ1a66ln8361bQe12PX9zUKmVM2txZdwcp0kZrchrHUTiaKSsTkTFuotSayq5WInLJl6/vZOE5kixotyTbVqOtpHWg+mzc5h4xClBiGqU1D3/ctM9N910fEOE21lGxtallqtJZyijAuRYpaa5XJYBxHT9n1XQTTlNMwllLSbThazbYXi36eznHMbKNK0X23Pbnr6jCMtetKLc5EyqkNUyu1lqISXcsWoFKcOY5Da632fY1Yr9c1ikpRkSambLUrduDWWkaEPaUiFP2sa2ObhnE+78YpAznCbVSJWsq0ntbj0PWln83TChjapObowpNKR6ikQjkJTZnNTcaUGlIpbVhFnYVYj4OgK5XQME3CilKjOBsKSdM0TZ5CpZRS5LFlLUVSUYw5hTrhaRr7vkNqYyPCOOS+9v1im4KNnSkXFay0hB2dnGDkoNg5ZSs1nEhyNpUSJjOxLYLqsKdUSKQJk4GaHQlVdqDEgS1so2pcJIwCnA2VzCZECdLCKKEINSOStAKTWGlHqfYkqqUgIQhnimyWIgIDkKnItCKUFiCwW1ExpLKkGhmqlsEgrGxDqLMIlFI4HakMh9KpBCFVlDhBBhkHYadEGhBOO6JYUqaAEJlISUC6WSUgoAmczSpBMYhEsm2PJUqCIFORpiIVY8BOjCyHsCJsJSnbkpyiCKE0DkJ2BkqnZAApbDubS5AGSc6mWmigYiVGtqkKAyINJqUKFsYGiUQ1c8TT/oWLpau11Mw2ZYYEzsyIgnJYDgpH6WrXt3Eap6HvZsiZaVNq7UqZplytDhP1fV9Kt7G5FV1nGypIxoBTMtiClCNlga0SOA1SgO0MqTURFpKxlULhaDgsS+C0JYTAgCCgmYaCRpRIJwhF2OmGisI0DBGACCkNJAaMJHBmWpkqxUIGEhWEM4twBInTjrAUxoI2SQUh09yiFAEWaUdaBSeOEKBUhjE2RIYDSBOSw26WDIGNQkwjCoWwHSLDStkIIacV4Uwi7BDNhGSBGe1Sok45SWEchBIVZ8pFMthgVOSGyQiyQREQaUu2ZRw4LYeDCCCwAxKcpjhSQJsODs47oytd2mRLJyigySWKwM4gVuPgbPPZrGVrzSXU7MCldCIUam1SEVFDCGMN4yhU+y6cUzMQQkSSEm3KRutqr7RqkWQbJzCOE4rAtkuUljmOQ41SuhoRaU3TAC5dLWCFDemxTRKgkCO69ISKM4uwcSYipKlZIYUKRZ3dQrRxGrM5CmNzKdHXRT9fqF9YlNYyffHS+d/89d/43d/9g7/827/667/4q+VqjYTNZSUoJbpuVmuEaglZSKWGxpalhBFgZ2stonRdCUjUchzXLUq0yRgJFSQJpGowTZJQUSg0TSMOu405DutxXA0NAwgMENI115x+6Zd86Td/q7d4rdd8jUc+8jG1L7igqa2W0zit1ofjOHZ1UTtN6VpqJ6XdsoU0TNM4rEuts35WooxtypalllqrGq1kWG1KZ7MQUFQcFpkmKIq0aylI4zSUqNlaUTgicxzWU4mIWiRCMiU9BbJxpopaNixJgUopmblcL6WYzWZAtgT1s5KNllOpnW0359SiqkQM49TN54v5hqPiVHTpFGkEIWFMGsBSoMTFGLVsbigwCstQSzgbkkJpCzBgRdjNBLIxrSBKASOrpVNZjGVnlRxhyW1yUwRGYIAIWc5BVMtIMtgOULEtgLAzZGOnopCoUBx2s5RpCmq2caFAJJMUSlmWnLaAEEjYKSkhjKSWIKsoUjIOpyNoZI6KgiChQIINlmRbDhcBzpQAYTsUEsZ2CZxYBuMiIIxFNtcgwSRChIsjJbtZYRy2VaTJWVREJiBsS4ASqpMsGcZgEiLslCQwciayjSKEIWRaTlE6Ybs5pSKMp1F9bze3RvShwJPl5d7FaT3VWRUaxpG0UYio4ZalFpUyrtdQAgN2Wkxtqqq165pdQMF6PQxjq7X0fY9kt9YSso05m/dpBaQdES1TMLlVUBTsUiKlbLRhgBY1yGLSTjtr1xWVYRxCRQKchNuIZGM7ZBHqitOYkAhqlGbTTGtNSUSoSG62k6JSQmNOJSKIcVxHsF6uo6u1VBSW3ZqQ7nzq46JIpYZUiNp1wzSux3HRz0tozBbW6KkrVVHcGmCnI8IEEZ3GYbLo+24Yxkx3tUxT67taS7GZ2qgqrHEciyJKV8LZGN0kRJGJIsuyFDXd2jR1XS9IM3kslFq61bTqSge0cUAqpaQzWxp1pUiK6HAbcrJbp3nzhFNRMieZ0ndOZ2sGRZRSprGVQolKZI45Tq0UqRSncJqWk6MozcbG1nxr67d/6zfcNN+YlVIzWyZphwI5G6HMFIEQOJ2lRFFpaYMkMie7rddERK1GjJP62kkjTUlRSSWGyarFWCHJbWpBWMZK080rzVakHSQopzFT3WJWSEfJnHCY1iZLRMbkoahMbpEoVIrSNUJAZosS6SYHCARtHEYrKVKj1tJSkhQRtmuRW07pkJojKKU2MptrjUBDm4KCNI5jCSWWZbtKICKQp8xSKtjZSkSzMSFJMm5TSrJwuobW09ipK30dhpXHVmshKqESWo+t2JOzyFInmi2TtdZS1KZpHCaVYilCNiJL1DSZLSKkkMo0rTAQkghVFZnRU0R1EI0M3FqAJeykJVRV2zZJc1KKSukjR5dSImyHpSCtYVzXWmWPOSnVdZ1bm1pz5LkLuzsbi9d9gzdeH+xN2WrU9WppyZmllhLCnpoPdnep9fixbSnSbtm60iHJHj31Zday1VolxmGc8PbGsXMX7vvzv/jLEydOzzZmy6OlFLVEm0aIccpSFKFSg0ZzYkAKJSkDYKFsUxKlRICFM9NCmVbJtFujRIQjSmsUSTIAAsZsxUQNoZZZS2ltUg2hgJYhmpEgQ0pbeJoMtXY4HUzr0TWUwtM0jUJSlTJq16lQ5JZjpjBWRAnU3Jwg0u5LpOUipZOWTYpERZlTa8J93wuMosQ4tHSGFDWKiq0gW5oSApNC49RkKzAFZ4RsyTllQ+SUtru+2EZRozogpxKVkMCTTUJNT2lMZmKnUBQrSqHYmUikpHAQNiVzSicK5aRSWrNEUaRQVNldjSQOL106Wh6+wiu+4nXXnNnfOwALIpja4KZahUqUmm7OJN0yp3EMqcz6QJmESDdJgnFqtasCKUKRtt1aa33tVTROjWwtkZjN+kw3p9MiQ9WhANlTS5UQsilB2m2aVErmNI6t67qiCEVzm9pUAYWRSulqmZqzDcN6iqpAtXZjG0uRXJCLomUDIuowDRGldiWiYrI15PUwOVvfL+aLRTffSKzmg8NLf/s3f/uzP/tTv/4bv/Xkpz794ODIaTAQQT+bbS42S0gqUYrdkHJyy6k1K5yW0iajFqVSmY0oRHS1lCjUqFNOq+VKYDcUCZmW6bpiK0G2ZBECh0kBBgrFiggCUDa3Nh0eHY7j4AQEdH156Zd4idd4zdd4vdd+nVd5tVfZOX481EvtcH8/PWabaFb0Zqi1j1JzmtyaydV63c8XXa3DeixdRNSQjXEgr9frvnSlxJjNUypUSrHk1kJqmSWKJBuTLe02RqnjOM36DliPQ61VoIhQEW5ubiITJaUAQuDMbK11tUeapgFRVaOvbplt6urMsiXSmW2cxq6LxdY1R4d7v/ubv+Ua28ePB/Jk5K6Upsgcx3GqpYCFSlRCCDLBzcgtQ9UhhSEisk2Tp4iu4LEZsutqaxnI4aKKvR6GEiWFTCkVJZnZUrLUjW2MKK0NokQhFK05aV03b9mqRVXatqUS4UKl0qaptSmi8zSW0lEiiOaRtCMErWXITlQkorUsobQjsAOy1mIXlNgJ2CGyNUUX0FpTyKSk1lxq0ABS2aZmHFFwa01Ro48uAzmtUE7rsQmrFJkIYTKtEBipNQd0XWmJnc5GLUwe2zSf9dM0pVMqNdRSUXC6FEVUO0GiJTWdeDJFUzosKWCcpgiphHAKNytJubhTNZCooMmDG11XlShiGMbMMS2USkuFWiKlWvpZ5/TR4d5stuhKd3B4cHiw99qv9VqLjfne7kHfldYaoa70zVNI0+RhGBabC09t8tRFP7bWskXYVl+qzCTLRGDjTEchsxS1TCmilHEY+r5iZWaEnF4PgxRdKSmFsMlsQFdLtjaShZK0iNqmQYCkpJQyTY6igPU0laqAaWjRdX3fDes1OKI6c8w2L10LsEvUcVqP41SjdjVUOrutxnFWZyJtao1xmsg8ODqc9f2sn7XM9bjuo5tvLto06d7bnhQREOthhb3Y2LTtZNbPxhxyyn42H6dxmqa+9gR2ujmdXS22HapRxnEqpbY2hYAy5thHjYhkam0qpYbKsF53tUcyaas5QxgCl6638DQR1VMzrl3JxEAmJYp0tFz3s1ooOY2lVgjJpKPvm3NcL0vp7cx0hGTqrNPE6JZttLGJEiUKuNQ6jeM4tb6vWBG0xGSzK1Kpwquj5ZTjrJ815/GTp2pdPPLhD3/qM+4oOKQmai02LS1Z2ClLgDNLKS0zIiSUEBhjhEAOh0kD6Yhway1KBUc6cSo6qxUKJARKW0x2uCFlRgAlp6mrncFuKYCiQAjlNDlCIJFIdtrCDtHAjho2LoqG1UglFqECNkaKtJHdhCYpMESRLUnQbNzsKCHbFqAwlqxUY1JWBTgNSYRsULZ0rdWtESFLgCBRNRQpQWncmhU1SpNlCyfCiRVFrWFlGMAoANnGslMBhJwU5ZQZhMINlHK4REzNMhHYpCS7CACr2SjlSFEQARCOKE5jI2hYVkhkJiJwgl1KJDiSBjYCZCOIKM50WoENYSeZOZ/PL567t+9mF8/fN5v3mS1CbZyQSi04nNN6PfSzRakRJUgbSThtO7OldbQ8nM/6vp+nc5qm42eu/4Hv+rb3eN8PUYka4UwbSQqnE4cQohTJShulHQpnSjKWSUEmBkAAGEqAhWR7cgYKlJDZBKUCUaK42YExIIfJbBkBFGwkOSlB2qEi3EhlhNycziiB3VJdhCTbiTMNILK1EmGIopxQEa2ZELJcRBNCJJQsiikdCiwwdmJAlsMFOVGnbCnLkpSyUGAnLVQFwk2RHpUKQwGDjGWJTEWxbROWCs5EMbUpaqHZkeECyM5QEVGqm6dsCJLohJUGN1DiCCHhVhxOB0ygAEq2ySbMRGKkKDUKGnJU1B/4ru98p3d5l8O9C1NrNQILGYhSMycpwhAxTqNzAkWUCEFERDqnNmGHabYiSkTmVEtnqbWJlOVaorXWMrtSQYSEiVLstLM1RaiUTE/jutYuIpDdJJEYp1MoW2vZ2mKxSMs5GXA2U6KoFNLOllZXA4XksY1KpY0ilAasEOlMqxZlCiQ1E/ONjW62kLppGs/ed9/v/Oav/+zP/dxv/+4fnjt7bmwjIGkxm9Wu7yLqrC8q62ltg3FIZBuRUoRxlFJKTFNrOWGkUIABsjXVEhFKCIOwjbJlieLInBJQklWiuQVkRICSlAVAhjrZFNXQOE1pBOCu7zNdSjk4Ojg6OOJ+t9xw4yu9yiu/0Ru/3pu88ZvccNODMNnG5dGl9XJJxKz0UYQtlfW0DqmvtRFkpt11tbV0puSWuV4N8415qaW1tFGaEgIJp1qOIiKK7MTObE6QyFAYJIUinSUiapnGKd36fu42YRNBsytY4zR6bNFXGsi1VKS0had0LWpJKGqNTI6O9mb9YvP4mV/+hZ95s7d6e9kAknFAqV22MRQJMg1CloLMFGGKSlMa4YwSINIlwkRzFruZzJRAlCKpgEnZaewmK6PIxlgJQABhbCiQTktKIpRYCYqQkSZb2SiFbBG1lNKcJM6WKAo22CGTcpgWklQjp2YTgZ1pRSDLwqgoQgAU2pAWJSKndCQWUgRuTE7hiJBlIaHATXaqBMJTqhQwOCRna4ouYmipNHIpRdmaVYKpGVxVVWWrZdpNUnNGRkgUaEpnESln2rYkIUs4jSJCdjpLCVCSWE6hDEMoUDodtKQYTJasdAROIxuKFfJoSwEGsimElbIUamOLEAGotYZF4PTTnvL4hzz4Ybc//WnzedeyRa3z2jfTz2ubvF6vai2gQEQEGqd1WrOulq4bx7GNk4oCoUgyiNZaYk8NabGxmIaREm29Xo/jfDEPNI5T7QoK4WxT2hGldn22RuBs4zBFKV2tY5tmpTpzuVrW2pcIIgQJBG21Xo/jfD5Pu1ONGsM0tqkJSo0cW/Q1ojaPHlvteuMopRnZQFdjapZzHFZuNImWpZau64bVuuU0W2xEqEqKWqtCOWsyAIqi5XqloNSwE7vUIJDdnDLONg62skY3sJ4mQ8plygwNXanI6SnTaYRDNNHGZVf7KOFMQdfVbIzjOtRSGoexr1KmJWWUcEsmZ0+J0GI2s5imYZrGWSkKShTLtcS0HqfJRSB3pUaN1sZpnCKq3USFafIU7ggyUVJqD2Mmco6ZQqoRTa21Wii1llpC0dd+PU61zEzsH+yDm0g7FOM0kZLAniACMqUqRbZmqU0TAKKZKwSKaNmAULHkHJuheQgzEirSNA4A0dIohJGdloxtgw0SeD0NAEAIu9EwElgw2YQgZdkGEcYWtsdMxOQGCIFBTmVIJuzJkARpAKVt05LnFORoYwgiSCvBzQKJbM1GgRS2qfLoKIFtnFMjKETaghwMCRZQFFbLllMzBqRA6ZRCU8tCGE8YJNuSEHKgBlM2GiEGhKXqTCcikyRpgMFGEZ6aAZQQyjSASEMDpUrUKaecLCFHQpCNB2gAJTRlc2ITkDyHzIYlkc0OxeS+r6shV+vBUnTRaC0zooBmi7lwy8mZUcu8zHKaMiOzlHAipRO3KUuEs837vqishwGnQtmYb2wihRswtQYo8IiCCJCdGqfJzRYhKZuDTAh1UZzZEstV0YTTCoFbOpskhyIk4allDWqJsbUcsdrkpqCjAJlpt2ZKxNQSRiHbCnnMwJ7UsAEhAGxaazWUmVO2JoXtkMAgI2TAamOmQlOGSKdtoPFMElgmnTmqdV1RY2hNIGGTSbMiiFHpBBmJzERgAGAAgFKVaaMgPDQDohTRaOkIEkeS4ZjCTsukp2EC1GhMAEDDpeY0OFMCiXRaUrhlYiELECEyLbd0CDvAEWlH0lTEhEoJ7KllX5XKcYoicDYXCkIR2RqCljgTNyQ3nFIJlQgyJ0mSC5ggLFSk5hRhYspWSq21I3OachgHob7U0ndubZjS2UpBJaaW2VoXRaiGBmitSZHThGoNCUGoBhTbNuM0hgIZRaiSKSAt4YhOQQml3XBaRK0lp6YSsqeWDXf9PDAtpxxK7XZOXGsCuHjfuZ/52R/9xV/4lT/64z+6855zABARp645nUMrXVUy5ZTN6/XQWkaJErJEa0SUcJMkcgI3N2drpYSRIBOFBRKATGKlACRRcJto0VAJSRhlBsXKzEiDEgucRtByclitSGFiGsfaVxzDOJUIt5zV+fzURuY0jsPh4fK2u+667Sd+4sd+4ieO72y/6Zu82bu9xzu/5mu+5ubWyc2dktNy98L5kiVCQUaJvuuHYXBOtdY2jiLlmLLZGbX081lLa3KAJRXZSZSqstYqW5PSphQrKnahNLKoDtMI3tjYyERDNk8K0ZAiW4ZKo5G2M6bi4hwzotRSCASW3Iywo8purSWKnFopqO/61iaJpoJt6GqdpgmgMI4jomUKEcbYpBsAarhFFpNkoJZ2S9uTWheRLScQSCq1jOPUTATORoJCUigzsxlFwYkjwjRcGg2ES8kmOyFaNpBk7IYAOxXB1KQyjtM4TkAUycI5pTFAA8kC4dYSMqTM1iYuM1La2KQobTQ1ytQaiaRsDZwTErZCIEglZDaBFVJqkmVBtEzLSg8NhIwDEqWkTEtIGtukkJunsNKS1p40mRAJJTw1QVNLldpoznSiaC0LkTbYxsoSxdhtSoXTmQkOhW2rkajUNk0SEUFmZEEN0MTICFJYEU6nATBmAhABKbk5FEwJtslGyIGMbQC3IRVbO4sIpjGMRrJEOG25RFGE04pQiLRU+q7U0rVsU7bZrDcGtWzhUCngIlJyZk6TIoRWaSkyM0rfz8ItG63WTuk2DVCUzpYeWpQaEcaJutqNU+uIWrrlarWxsSkgkBjHKVOzftac03rIkn2ZFdXoSghgndPcpbUJSu26WqKNDXnWl3E5OptK38OajFqjlI1Fv1oejePYq6pGrnO9PJzNFtVSDbWpqSvVnqZWI4bWZGa1z8xxmgKJmKYBRSAVanTr9bpUTW0yqrUYl6JmmHChlCrJ41otsmGYlbrOHMcpHKWUIEgmjyo0EkrXd601kJSjx5wIuZQ6OaMp7JYZhKKmiGyraSyokQpm81qrslVDOp0BmW2KCPXK1vUpFJ5ymppLmowopVTjSAA5ikwNyDYRXVeESimk3ZJYbG5q99KZU6eGaZCjdtXpEpE2lkIhZaaxAKvhSCdpiBKZRJEsQZuacYnSSKVLiUTZElEiZKnXOEwhCdnNGVFEpLJMmbVTtswmRUIJ2YRpIGykxBjkomjOilIR9tRcS0xufe3IbJkts6ik7ClVJZHpUkpRaZmBIZrTztp3bm6tSZYLQZRw2k6QbbdUKCJsFHK2ZockQuE0Japz6roqxXocycyW0fXgNg5WjapIIuSg0E0enenM2oWINqXt0tVpaiWwU1FkxrEpNJv1kJmBcGuJi9Qmp7OrJbOpq9M0kTYBSYjJpRYFTpOa3AQRElItrU00VOhKl9mmNoaqwolQFLtlMZNTtaRVlC6lGJIkSWWxLAHgqAUrcDPTMNTSdYW7772vD0XtUam1dzZKgIM2TBNIYDsbEaW1bLmeFLXWtNfrZSiin9Wuq12xiamZ1qa0Gxjn8ePHNjY2j5bLUqqNsEpkYo8lahpPU+n6Qk7g9NQmKLOuOGIah0yXEAqCkNxoHrO5lCIV243mRl9LplTknEqJKVOm62duravd2KZpHFSKjOWiSOSpISErFFGmNgkBU2vFRAmkcZok1SitJdB3Jd3sAraMhbFb1E7ITpFQs42TXYmYdcZhO3NoY4kKcpu6fp7KaZginI0SERHjOEmhQonITAulckpVpEAZUYtRRHMWq3kyRTjEMDUKRaW1JoQARxQF2QwpFduZiRyKru+nsU1tEmBLUYuQMjMtnslOR5Vd8FijIqbJRBbCRCkyzgSUbeq7/sKl8+N6OnHyhE1IFJUomCmnkFxsq5TS3No0FRXLbZpG5aybWV6t16XUCKUlWairnTPDak6y1VojSq2RU3OqlAK2KZJqTadRYNVSSoAlzfsZDkQpRUKKNo5tylpEUEqt1cM4gaN2HqYWLZstdRUpwqQbzbVW09ykGlEUUW1kskzOXB7s9YvN2WyxubjW4eWw/IPf+Z1v+5Zv/fXf/I0LF/e5bN71O8eP175ka8NqpHhqLVq2lg4FqBgRURqZQUkUoWyK6KpattamUkuopLNEhGzbEJXMhAiBDWqt4SkTZ1OtkUagiFCA3SkShE1I2GlF0iJEKJwQ1Fqc7rpoiTOncLqVrFW1zLvFbLO5jetxGNa7e/s/9GM/8sM/8WMPv+XGt3jLt/roj/uoG2582IkzN+a4PNy/tMo2VxwdLe3sahmHATNOY5QaReNgtez6rmWb2lBrV6hWQ2HnmEmq1CoFaanaaYPc106GaSxRnDinUVnStlWjtRE7s41TK5KKJmVbrYdpnM82ZLVsOWXUaiEnCEml6zJJ2jRGKYgS1Yrtra1aVEo5efKaYVwjlVBOthIUqrhR5EYEisi05IhQKFuWGpleDWsaiK5WZ6JSitLIWClsY8hpUkSoglN2a33tJpjGSaGuRC11eXgY3Syq5JjGtaJIbRqz9oXEoFSjqdRSRKORNaI1ZrO+hoapjeM6E1ortahERAlYt6mIrnTj1BBtmmqEVDIo2BZhGdsNYTsdksmWTaVT2iCSiIAS0SwgW0ZBMDVHIBXZiWUrapsmyNL3zhxbdgGSjBVCCjJdgpaZTjlCqNQGytamVmpRRBtTsgLbJWpzljDUqbUip2W3iGplNkKGYltSFLLllFNXSi2RkzJcUNpOl76rEcM4SKXgYWwwheqUVigcRMolo4XIhjFR5IksERG1HC0P9i7tu/TQbKLMtD5SKYCbM9ycCpwY3HJqFnRdZ3s1rFqbZGW0ydRQWA6cU5UoOBHK1qilKPq+D6AoWwvRnF3Xl6BVFWpxDtPYpmm9Wm1ub0aUUoqINq7amJOzqzXT4zh2fcUKl0AZqrUnMhQ0SGpXUvY4Edra2kzh0U63aSRjNa5mLMZ1c8uJ9HrIdGYrpcSsBOq7WYmKUMTGfOE0opZSI2orTelMS+r6Ppw5ZWIrA3WlTtks1YgSJVtzEFFCJFmIIisiStHQJlybmxuBU0WM2SZ7NpsV1XWbulKarBJHR6s2jRuLzSQBWX0/c2sND8MaUKllBpQi1tOQ6fl8MQvJTrQ62D9cr7e2NrvZrJaONoHbBEqS0oVbympja+kaIallzjcWEVotj1rLLpwRIlXKlOnWVChiGsdaamutNUd0ipAoNUhNY5vGVkuQMU2D5SnHiFocQ5ucRBUGwtlaRJGzyW0ytLQsUqmU3VqWElNrmY7wuJ4aWWsXUsnapnGUQmRiJkZL1NpnTtnCZKC0DajJUoTdsIwNpZScsuUkYiXLQmBnIxRDjmNmkWRNjDk1I0YQGVnGak14qqVAZCOzCbnlhEoYpja0UEghMU2NQMITkpyUEtM0CbILTWMLlBq9rl3nbC0Hi67WcVgXp50mIqZpaGHUdWRpPiKZ3JxqmaGYpimgRCXb0XqqJQIrlM6SmsbJTiJEjOOITPSTM/E4rkqqULKlMyXbJGnnOI5dVyxaI+SG1ACitVR6tBvrXJNWSAKy9AWFM0Vij9lEGE/TVFSiho2ziZYuinC2KR2ldH0dk1KiQbahqzMXpmyZE65Tjn3XSWrjcLheHR4dLfp5N+9bS0ztOxtHkQJTS3U/cxoJaM22FQTVNaVSag8crdbR9emcplGEcLi1RubYVaapKSJzaiYz04lwm1Y5KmpAm6ZmkEqnyUQq3exIXCtjTraBYWokZEhkphzjNC5XRyHV0qt2OU5kRqlqOXmCFCVt7FJL1PDkDKu55RSlTK05paLWpmxpHKGhgZ05lYjEssnmoK0HBTa2pDUCM0aWYWjZMKWUacjJy1KKHWYdoWwTqVrCwTSNWLhlc5aC0mNGFymTSMZKjc12hJyTw6E2rjIULsE0TTbroAinKTWY0lgBDdMIyAQR2caMCDtbc9JK7TKr3Jw0jziyTYQjeo1NOVoxecpsqmKdrQupTBOJlaY4G43mkQxHBFLa02oqdVJEc2vNs5hFCSE3WssIEVE6aBElMjOi1hIJ0ZoUhKZpwkYUB1K2NqVw6/rqpmGacphqnZUSaReHFO5KyFw2tNGEmJyupQYmFKHoC8LJNI6ZSVEpnQylTGkJ221MdSVqtCmdOY5rt5SxW7qTE7NqYyRRu50TJ7r5DGn/0vlv+45v+6Zv/OanPu0ZXLa5sbG9vTWO64SpTblq0zSOU9OkWsIlgkikyDYSkS0SXChRo7WWznBEBBHTOM0khJuj0ELZUlKmMqk1KDib7BKa0iGjUogE3EhbICOEJJyh8DRRAqIKWwZIF9SAwCnZQi1TCtNs4YxS3FRn6vrNTTZbmw4Oj570tNu+4qu/7mu+9pve4i3e5BM+/qNf6VVfe/PEItzWh3se97tanXR9l621ZjerRD/ro0RMqBZKxUg4SbuNkyLApXQRak5nGkeQkpBEjVARdmZW5CDTgKQij+OE01HDblMz0ZcugikzkG1ns4BorYXo+hklEGRtdlE0p5pzyqm5hKYcxzbQNNBs1agKT07IHK1SworWbBtnZhDgqDVbc3q+mK3Ww3o1lFKkMScQ2aRiLJM0qxaEaC3d0uCxTU47E2tKnNNEq9M4NYSyTbWXM4icBjuslhZysTPHZih9Nw4tp1Y6TascnaSRHWW0NTYpkWjZAtTGcUSM6ZYuFdZtwqXrhnEinZnhcCDLIkAqssY2YOEGoVAhJjcUgTLtJG0FOEuJlrayS6ZsSmcOiFpqazlNg6USShRpolCVzszM1opKtsEgmyQ9obAzZJLWMjVVxSTZQ+ARh2USuUhjG5FEBqmIcTKObFMqpyKp5MhYQs3pVp3rNFKNHNKScIAJj2OWSFktJ8JKh6KZWcc4ZQQp05RTE1RJUQiF3XX9QJIQbq2VEip1HAcpHHJmKVWmtWkYxq6rtZZpaFE1TQ1FpSowyJgpM0tXSa+nNRB9RWo0Rd91EaWslkfT1GZ9H6W0Nkapm1ub05SlEqrjOKxXq1JntatRSp31lrM1ZXFxia7M3dZt0jSrnbrIKaexpRMyUms3yK72k5vl9Tg53XJYHay3t7bmpWvDerU6ynSUGFfjfHPR1TKR03oqUUpUiodprNHaahwoXRHplDSMQ0RJNyXKaJ5KqRFRVaQooXBJp2sBd7WGSqYtRVHX1ZJF4amZyYiQSI851ahIfS3NxihDpcz7EtHZQ3pKi9baNCnU1T6kKFVWsyfSdq1FzmHI2pWQIKMUS84GaYdllMKl1ghlwWOmCSlqRCkms01d6YpKygQ4KSUiwmTJEhVK7UKWyDZNWexmFQ3rwc42NaetHNrgbFEIlVIEGElg2UADO9NRTGJP2YoiFClLtiNE2hbpTKJ0XcgmFEq1tKUiOQBBESbb2NKQpdZQMdnSoGaiObPJMpRapmnK1oJ01MhwGCtEqQXUWlNriUot2QKlSgjZijZldSCpy5YqUNyptEyHQ0XkNLbMjKIoZBosChABhIrTLSIIh8mQjCRKtRndAofUmmv0iaPU0lXZ4zhYrqpjG3JsqnIGJGlHZjpqNJrTJdQIubWGQi4xtoyQ0q0Nbu5ms5bN6aie1p6KnKMtyxIyOIutLrCBiBK2ZNuWbMkqfSTkKFWXEk5FKWnCzaHMyalQZHRSdqrZIFIWSaoqCOMSRYk8jU2wGlagvu+naaDhCDeQ5n0vFCZVatHmYkO11NqFc8xxymy4qzUb6Qyi72ctJxvLbiOy06iTALraAQopHYpApdY2TTY1IoubUYSQ01M6hJNSi2viME1Ra1daS0vZbDuRAgQoRVe6ZHIzkhCypSCSVBCqRSKQm6LYTVLDUjiNM0rFLdPT1KIUkZNSRFrCKpaRJAW2osi0BHuaxtIVjEuEQ8XNBKQQ4JaKYpImAAOlK2TMu35srU1TM7VKRCm9uli1dRRbIZOTCRIyXaScyEhFDVJRQpToMtvUJkIlQrZTgQwlopYYbLfEGSUAKzHFkRQFoKm1WkpXy0gCQm4TaUWUCGdMoa5ERGSSSlo6sKZQ7xLj1EJICSFbqkXu1O1zUFKlziVyWhfUdRvp7EoZcsw2SSUDBX03F46IKILJCRhnJgpFqUitTS0zIiKCcObklCJsF0qjWbY9jqNLJJYiMkORmc0tiDalSCtMJqkSglqiOd3INhnSXtS+dn1rEzl1Xa0q6/XQEsmkJLCypaIjx9aa0ProqJ8vuug2do6p9hJPe9ITvuCLvuiHfviHl+sRqNL21k70MZtttGmaUAGkaRybHYqoIUQqRDgbKkXZ5GyChjMTwJHOUGAFGptrcSNzdFEIixApKWlMSErAlCgKspFqIhJkZRtVi5LJGSIkMgKjaK1FyqQKQBFRw2njCDWnEmQhK3NM2+CWhJtCUjm2c2xq42q1Hofhp37m5372Z37uFV/5FT7pEz7hLd/2HeY7J+tscfHCfX2JoplqpYxYCiqBaivJ1JonKZoTMY0TQRdhknS6YaEspaYVTK01Y9XqzKPVUYQiCsmUU1dr7fscJkWEoouaOSJXIma9aSG6rosa62GUCZja1IZhaGNXuiLVGoouM1XlkAjAOKRCZFWkDM6MqAXSkFSbAMsmUES0RDI5FcmhUrs5LFdLK2uUyRTZAruUkkmGaykRZWqttRZBa+lSJbpSWraQKEVllqQsG5XiBiatUhTCUZADoWithYpSTUmJQlnTcsraF1KZLVsSgEKiBsk0plFIs0ipurkh4ZxaiZgynVBUayXbZEDGmRmUVHaqjsh0s5VyWMKWcSnFdhQ5SlFrLTJSKqhhXGSsUrsAg5OkRLFwQyWcVpEQ2NmsICxLzlCJwHaUEoAsY9JWLcU5RZSA1uhKZzcnKsXgnCIcEalAYBBqTpoKw5hyRq1pMltXOocyPWWTUJR0KpBxANhtnHJqrQtyagQUSZpMOuy0M7rC0IZx2JjPpVJLVYnWJifCocg2DW7gjfmCIpnowDk2k+uMqas1JREymdM4epjWThVJoShVRLZWFW6TVEpVehrXTSVqF0Fp07KoOm0zW2zXGk5LuTGf0VKhYZzwpK7ziKVMJw5n2vY0tVa7KoWwpxzGQZIzBYt+bmctGocVKlHVd7Na6zANrXlYr1arZihRnE5nRJRaKxGr9TCLEl3XIUJumdmaPaNrblhCY5tqaGq5XI8U9bXLYUraLKoCRC3Vzev1uut7ZRTaSCsupZ+FY93GsU1IXe0gpeg6mWJHeqyqjszJCVNmX7oaNaoMOTUyMxQRpZSp5TRO62lY9LPNxdbYxtpXp8Cm2URAky07SNIZAQpQjhl4mtqKVKG4GrI1y84A9bW3yGwR8pRRIlOZSShblggJRxaiOQsyASBaCzMVZBGSMxMsQLZlRxVDuJGyC2oRRZJIq1bSmQ3RUuGpJbX0UYWdLaWwoYWVXdRpGiMUZnSTTUimOBRGkShEKfIkKRTFxuGQkCxlEkEQ0YWNZIcVfSmBHWaQLIdN0FAYcEZRZiI0pUVQVbvZzOOUTkOAQk5DRsiuCJlaNTYyU3IonBaTostMe8Bqbq0RNUoURZfTkG0UIgiHukjjdFglMlGbWpQadidaM2mnHCDLjiiuRdFaTh4noDUrXFRhKtG1DORGkklXcDEpRUFDthqyQqRkRZQIpVGqVCRnc0Rmc1CagPRkS2RaEVFKeHJmazmVrpMEclpSKZ3JTIeq3HJqzDqDSolayEkEYsypKyVT3TyqCqFJzPo+081JpoQUmJCIkjhcJiYlFJGkU4o2rYEiRWhoDlkhiWlqhNJhpySc2YgooKgqtctpaG5pTbKMolQ0ycUGJmeJ2hVlWtjQDFNKtim1NpoUoVpCVk45SWGMAjvShCDMJLKU2jKbJ1oEElJxmiI5U1EC2amEsEIhbNxQIwMFTlmEEA4xNaUVCcWecKYVpSNa1L5TqJgWDWxCwdBypgCGodUaSCqyW6mlKFo2FSIk2wokO4ecQrJRISIU0CLQ5CZIQm0kqOpVlC2bHSYlYRmQJePMCFmWWyqUAjeaak8/FgUSwk6aM1IRnSgqCQFJFkT0Vc7ByTQAiULGTlvRBQJPpq91skubSIRKRMuWTjmgpNs0DsMw1lJK7aK2otKcpUg4M2k5TlPtaolwhAFU0RTVaUMphXRmy2zGst2plmoSEVSJ1loOEwFQcDefubUa0Zoz106PbarOmEVUmIxKOqfWFK5dJ8vRg1fDqhU2to9Hv8ip/eav/+JXfc3X/dIv/0omQFdjsb01r30mQ5va0dKebFqJKtW+U0spMht2ggq23LIYiqUwkGkFJoRwNmPjIJwmorRpNFZRKYTK2KbMBNFSkkRETK2BQ0VSoZjEtOZQBhI0kFs61cgpicjMIkkCRHGks6UjICVbaZuElANFJ6Wd2UTQmtDO1o6Z1svV4XL1R3/8Z2/9du/4Kq/86l/+hZ/zqq/92qevvXlY7w4HRyo9AtSGkYhSlONkpZFQKdGy1b50tZtacyoCWQ4yaXZgEUOOQqULKKnA1Fqdlm2IZosaYUmyG1gURThdjNbjGHZXqm2kLqvLVBESkiNsT23MMeabilkQhILEqGCKSLdQLZG2WynKJMjMNpYIVKPI2Fkc6ZTD4zDM+pk7jzk1BNnSmY4oQVjYOU3uepeIpoalEm2agBIlnbVU4T5Ka4K0QLKtoKSQ0kZI4VBYJbr0NDV3pZau2CZT4dYywFLUqmyG4kLIQXOLwBIuclqS5JRDIZWuxhQqhkRRUSlKt5xSkcUxpeWplm6cRkqpYIFQszGBsdrYsKFNCRkSCjU3NeMailCmFM1u6VAAiggM4cARFbuFyCRNhNA4jYFUZEKWJOTMxDjTVrPlEMVqUBKbMIoiCAOCRHK4SCqzyDZZboa0a9Rgyuxrny3tRBGmOaPIDZypMutmk5szkbNl4k6Qw9HhMhbOxOEaBZSAyLHZYZqjFCIz7QyCgMkZBoNmtVrF6WZCkhzRzWcxZpvXDcEwDNM0zbsiorXMCihCRd0wrKdpnNW5okzTQFWSKKSwJ2cnydaYUyi6CJUaNirWJJj3M4UEXaUlihCacprNN7LEOA6eWi2FGs6G6LraRb8altlisZinPCtzyePkyOj7rvQ1p7ZeD0UhSm3prisRZRiGrna1dBOTnH2pVAUq0Q1tFMJCLZ0lA2c/r+OoYRxqdqWGgmmcMjOnlhGCrvaAc2zhvs5CmZMliooi0lZUtxaSSmQzyoDFbEFgNI7GzbjWWiPsFhadKl2Ow9Sydn1R5oTCRKG1TPd9tWQyPbahRYRqiSgip2ZjoE1Za41CTpk2MGXWqIZMcmot08Gi9q5F6YiYEig2oUKJNq5DnT0Nk8JW2GRCKFDNMKlCtSdkRTFZa5iSmSQEGGzLnnKamkIliGyCUmqSktNWUU4NpLBKLbXMqjKTSYrMzGhFRVY2G5CIiGlKSRE1w6QzTRHNCEvplIStUrKljdza1FBYlKqWhpBTLS2pyJ6wUdiWFCUimVrLbIoowoIESKMGSlmEkgiaAqy0TQvK2CY3F0XDIhQeh0ZtOdpBNikIRZSKW7hYaStCxq01G1CZ9U5PTAUVBXJLpjaRqYiWLSJwI2GSasuIZEJocglRypT0zozEkTQgrZCnRjCFeqdbm5BoSchM0xQRUmZzGEKdSik4p2masutLlNqctcwU6XRGIE0tpzYWB3aUIpWWLe0IIqcijMZpjCg1GHPEntZWrza0cRzpOstFSogSSllOjJGEUkpLMkIRBZHNIZWuQwi3RgxTJiIyp0yXEmE1ArJIUQvZpmnKyaXWAi2ntOSk1jAYY1qayaVLEpQtMVGL7CSNQyqhFtDslm3K0iUAiUWRjEVEFzhb4rRBmURgJMmZVgRYSFHSk9uUqm5JEKUQwdRac8EuYUOkW2QmEIEIBSVkojWiCJwNTBfFshXp9DgejSsiSgA2gZ1Gztp3kTk6OxeFmh3BemwQ0bvUmtna1ACZjCDTkopt1QhHesRCCBla2rJU6PtOKcPYGjgopRaNU7MoskVEZgYupTqnUirOKCEbFOGgJImVlppDUCsgMY6jIYh0Ww0rCzlL1EiriCwKERRVgjZNzqSUqF0fJSRkUo0UZJI5tZa1lG7WA25tIpvkqZVSSxcyUoSi1aYxVWhTq12XKZzNWUSZ9elWiXSmUg6rFZGo9LVNbbVaW9pcLNJtWq9RlFLsxA40roemhgAUbG4fr91mBn/xB7/3mZ//ub/8y78OACdPHpPVVCI8TjatgGkWQcGexsFBuKikIqZhKoEnJFIiokiJSSIiHBnGxkqnRBRhkMMmStqZbplyCNkWRBEIgZXpsFpLpaOvUnRRk7SNkCJs44hwUjrJoYiICCEro9GcqFqqUdJRNY6jCKMps4sqIUWIliZgzMErSbPZrPaLbMP+weEf/fHvv9rrvt5rvtarfdPXfv2jX/Klat1aHlw0bm2QIWLMFuFMJCto6RIx5jiO49TG1ixUqoQkyU7TsskQpgm5m/VhYdZtwrbVooGj64xbRhopQgERYJRTtqI+apISii4kisKMbh4dUYZ1Q82RNQJralPtYpyYUl1ockplPWUBnJ5MSYFQWgAtATtJIIuKYL1etZakzSCFrEw73MIYInE6A1EQITUbh7BTlsekk2xV3IQVahbZwOmpRVQp3QgFakh2yNls2W3KDJQa24TV1w7RADN5zObSFdlpZAMpBwY5ojVHVRiHQLgpiyKdUhRHC3ozBcilTUQtmVjCGRQXMo2JWsf1WgGlZCNME8UNhVsjnIrWTKp0kWOGwJkNGVstLUGQU4ZpSYRKYCMijWw5U1KEW8q2BEplQQ6wbAJsSgFDRgkAYxU1W1gtiJQkRxQGl6mto8yQcbQ2JS44FYGzEc5SSzPNLawJCRUhNEyJ1fezBuAaXelq80RmkmkDpdYSxZkRTJMdcqad2YiAqCFFhN2mqQWUrmtTk2tfgrTDfcwgVAo2AgMuKoaI2s9KrUUw2oUaBSWlhFukpzYYkS0nhla6UEilRpmKp2lym2j0s5nAttsYCknDaqg1Spk1DxHFshRRdLgeuo1cdJsKtTat16Og67oiuRShaTWkPZ/NcvI0DXUY1wGpZsmieRynMVRV7MzWkim7WXHzehoWs1m36NqULTPToVLmpY3TsB5KlkKZLRZBEZkpe7JJIRSiNUlOlNNYS23pRLJXw9h3lKoxAwg57TBAuuGSQplCE6YRRXP1hHIas7mbV7fEqYiZ1FozCTUbllNiaiqKiChTNiM5U4Gk5qwhS2GrCCyIUEpSTE5bhLO1Wus4TSWiluIk+nlzWqoRQumMCICktZamBumGBM4cw0WB3RS42SFJ2HY6JdGVSFIKFzUsKSzCbSJRSIqoME6jAMvF2YywMlWcCDtEc2YDm0I4iHQrAcZkRNhWIEcjaZOkEqRlpzRNqQhUipAtikoJjAmqi2TZY+YoBzlNwrgZFYSzJVGE3IxIOZSpUp3NTJFKIo0zo9RSVVJJGoBsUFJpRGIRYAs7UdgtohQ0MUZgk54slSiI1lqUIBupqFU4SpnaJKlEEE5kGyTRwrNSE9SaIQgTiiikbStKuJmgtZQEoBBE0CVGQkQK26ESGKIIqDVI2xm1QGk5ko7A6RAqKUXSQMKhwBHzPptdshLpHAdCUfsIZ5smoa7WRs6ibzJJNteInKapuZSSrZW+UwtMlEgnBhKU9jhOfVdF7YozmyWJUI3INCmyJXhqozIjIsKuak5bNToULUejUkrziIlS7VwN6xJVWIoiEte+y6mtx3WtfUg5pbMhutpFVCLdaB5lRShEtsxSMlMQNUgjIQpSELWCpza6OboaEQbhxEoZT9OkEkWRpKCEWgpcRCqiyE1SpuTWgBzdaJIjQiEyTCsqrUITdilqtmwVKStmHEbTWppwzSp5ahlIxVCxo5Re0bKNU3OmQhDZkshMecooxZaKIASZTUWB7JYOkaWGmyXcPNmEqsiWU2sKkLFrVzJbS4VCocyGbUWE0qK1hrO5VmdmCaZMUVSL7BolnaEOEaHZbL5ardqUlb7UcI7YXe2GcYiIvu/S6SkNpaqNljybzcah2ZOIEE3u6eyJrpe1Wi8LtVS72GMCUpS+y6axjVWlFNyUbRSRSgo1ZrVqvR7bmES0MadsKq4RUcs0tNJ1bcppnGxms46qqm4YBiXbx070ix2kv/rrv/j4j/6o3/r9P3Rz7evxneMS4zA5p1rlJtxCbqZEKaHWmg1BIRxKJ+lSFRFYU5sipFC2lrYUpDMIqRnbRDojsEXLDMkY0UVnnG0yRJFtU2xLMo4astyykYxTiZKASlerxNgmQA4Lk0Wi4Gans4CbWyk1aFn6wEoyQVGTtKXmSU2ABNSIRkZXQE5Pdijn8/lic0PWhYvnfu93/vBlX/kVPvxDPuTTPuOzTxy/NqfV8ugwV6tpyr4v42TVkm0ECzdrGlp6wFlrLbXW0DRNUrEzRCnCYadlkghl0MZpGkdJtUYJmUI6QkgoMtuUSaNErV2ZUrRpnVlCimqnyWlMQmFUKYpuVgOFJat2NQIToVLVGlmiAC1zchMRVYAikIxThoIdFRJJNiZTGJpSjio14cxw5NSwM51OcipRrLRpmVGKCjKjc8yRYRKQMu7rzI5pGiRJMU0TYVuJ3SYpJErILkqPOSpUFA4Xpy2JhpFxgKIQLimQbQuQmulKbU7amBZGKIJxkBm70kO2luCWIxBdkVQj3MrgYUp3XZ333TCNHieFWmtRq8DOqkiQnSBMhE2OkygUhnEKFIAFbpbCNIwjUxE4SwBqLUGlyAhobiRqkyNCkdmwo4ZlEshMZxtKqVLBpCwDMigNTjsjo0UoTGaqhFrzMKylGpGllrBFSWezZZpUTKewncrqUmoMU5FATVC6LmSRfT+juLRZy2xTAirqy6zrY2ptGKZapBI0q0jIziBby2FyDln6InkaB9lpJ2otIwJBpkFFkZlNCEstp1nXE7rnrrvtdsN1Nwy2XJqGNrZSOlSitxoqyhFAISnHaU1Si0RE6QQgeWppFRPFdmZGiZjPnFNO9LVTm4RXq3VoKLUvRX1Xjg6Pai2U0oZpatmX0pLhaJnZ+trFrJ/1i0UttYuQyZZd7Y3HcXAyjsNqdaSoljzRDApE2goIIhHKsbWxKcBktimTaCISh6LrOyBwywysUEqgEgCWoivTmM4spUZEa06r6zqVqsg2TOM4oQgi09OYFqS7vuvmgTH2ZE/NYEspt4bU97Pal1A0smFFjVKtbLbTQCiakZQqiBBgpIiQaNlCgihdRV2glul00zS5uaVCQiqSkBQUA0bIhIRElFL7DgkURCgoypatZSpq15daFMJCBQXGdhvToCxIXSmlqJawbNvY2bJZQigQ2Qppq6CQFEopW8M4G6WUKLWEShgkS8UFhUU020hBEKXUUkJETs0kUomwadhuzszW1JAiikgJSJBsE2FENKdtB6Rtt5YJKPFk4wglFBWlszXb2SAtk61JYau5ZWuZrTkzjZDstGULG0Imp6mBQ2Ba2okiCMuZkC2dGGEhhG0rFI5CTKZlMzQnlsKBEZDGaStClBJBFIMRNlVRI0Qk2C6y3VprrbVM2eM0DNMQism2KVEkJaolIqpUkUg3tyTSDbmNk0Kh2uyuq6Vq3VatpULNoihq6dQ5LEmlgNfDsFqvhmEYpzFxGyfjCEpURTSjpM4q4GxOCJqxpCglBEYqCiSFooSiKjy6ZYIB1RKWM5udkhQoImopoVJKjRqilCJkRURkczpLqW5tGEcDFshg7MQJCNRatuYpcxoGiSjV6XQ6sZUt29iS1s/6rptFF10pitpajlNKUpSiQIQkubWUIRRFVVFKKQonVma2nBIcEhJ2JmkMSUKAQiAjTUlLD21o05Ru0GwjzfpaKRZtzMy0Wk7pzMzMqSXOdGbippREZpJOZ6adttM4MzMzZUJEzRSy7WxWKMAkOEymHTFfzLq+M0xTay0zyeYpW8vMTKA5G0mkSVK1RFdriWIkbLLUvqIoURTjNE7jZDtbVlUBmQGesjmdntyGcVCKyS1TslO1lhIl0yUUUexm7JZp4xIlTBZKVJVaMCYE6aQ5nX2ttS+zbgP5aLmaWiNth93GqWUbFVIRAVBKDZX14WFOkzMlpbNWBcVTDsuV0Ilrb+o3jt17313v8a7v8HIv94q/+Tt/QHL82LFrTl0jky0VhSgWEREqpBBpuzXApCxCgUkIkCRBYGc6DYpSQpACO1uqgOQEOWXbSJk4VEtRhyQsJKGIGiHCsjDhEI6iElWSAgVAhGottYRbEg5JIRQkWCZpaSQlmaBsXk/raZpymjKb0gGqYTO1bNmcbkAqjXHUEgpQM+PYhnHYPnZ8Y3vR1vlVX/31D7rl5h/8ge+klMX28W6rw229OqqlgmezucSUTeGNjcV8Npv1s37Wh1gPk6JkOrMJSaXWWkrBBqvIbWrOxaybzeYR1Q4FUSRLJEFi0kEYt2xFqt2sqGZLZwaqteu7WhQSNukstSqqAdmt5ZjDODamTAJJSColohSVUEiKlolkU4TIAFGABrbHlm1s2UY3bKfB1K4DWpuMSimllJZkNisUUboQONWMEKqhggIR0UUEoUyMLStCUBQqYQgrhBDZJjcZmUy1TFRKRGKmRkrKqFFLzbBtZWa2IJBkpmklVEqHZZyRU8sIanQtc2wpt0giFCVAnnKapuYmRdCyeT1OwzBlynbINSIUbqkSJUJCUXCmLRGlErg5DLKdjVREFClCRSqBFCBFWqQzna3Zbs7EbkhIIQPGiQgUUUstQdRSUElnZks30tgyGGThiCgqthK3aRqnEdOVzklrLVu2bK0hUnJRSAROomUahYoDnDLYpC3JUyUstWkYhza1KXPKljWiKoY2DNMwjc05NRotJaxATG0aplaiBqhQS2QjM10joto5taGWqKWs1+tpmjJdoosaUaqdTpq9OlpPOUXtRicicyIppYtChKu62teIEqWWCOOxTVFiNpsVlWEYyZZ2a02hWmsttZYuJAtDm1pOGTjXq9Ww6uedpQtnzx4d7YtoUytRyYYbuLWRYNZ3kotKqaUildBqvXZEcbbW+k7Yq6Ohn2vWL8Y6ZTOKbhahaNOYLWstTpWwHVJ2fVf6qlLb2LK1UkMUhWYRzenWxqFBy/RQcla7IIY2FVdFm/XB5JRKCLdm5Mz0WllLValOtxyGYVlrL2w5HdM49RGlVjIFzc0Kt4xOdvE0YYyLY8okyUgUgqKaDNlSBFgKFF1Es5vBspLmTIPdIYdzRF0qgWbcrEAlEmzTEMZK2zaA1DLJVKgGIky21iIipOqYAqDUwLaNbFmQ4UCSmnOcJpxd15WoU7Ypm2yEJEtyWkgSAbRMYSMiFFmyONI47cjWglAJomWCMlKJQSIISFOi2GAJO23SBVI4E2QJbAGUGqBGCxWKSXc1FGSGVJgsF4KwSBOexjWKyY5U2BJAympYI2ArhIpkVEJOGylI3OwwIUoE5NRKBJMlZUtJpdRwujUctmk5RSArKUGizGaIUEhTm0Ii1YZVqcWgUIaKInHYqWISJY1WVRU0wk6wMxBR5HQ4jdNFAsKk3VIFGdupTEqHIpxTpiJE2uFmhyJtUijTES4RKbK1HBVSVciOEpDTiCSKSismJQOEur4HahRCLTPHqWUrZVTBRMLUEoBAKGUwqWyJiSoMzkxns9TVKqLkBJZwwzQjbFnOTCQJbCKUJqRMwMZOIBo2oChki4IlIUmeWsPYJYoKshoEApVSimLdppbZlcQgMtGUI8PUMjMnTRFRSzgiFM6WlkoxcnMoKJQobWJsIwiZlomMawkR2JJUigQCWQEtWzjTmS0UoCjyVLKBUhE2YWrpHNmmTFyMom+M0ziiKLhNmXZY6bSyiyDCqChazcw0kCYtR5QgUZUyMy0rs2WTQoEgLIsIIdtJVzunE9tW4LSVpRSpKsdMEWE3hSzGccqWES4KgUR0FXCo1LA1DEOp1QFS4mEcbBsPbSxE6aNla1NTGORsLUJmnFJKKfq+yzZlG0G45RiAqiKUmc6UZCPJcimVbNlsjyJCwpjInBLcaEml2JJaV7sokemMKAG25b7vnd5fHdHaqetuVJlNbf2Fn/O5n/05n9csySdOHiuljGMerpYR4XTtK1O2ZnUibJBVaoRgSlSEwLYT00AiU5Eo7OaWpUAE2NkSRVFkhHISgnSIJnBEqEjKKSNUu9qy2QrZBjvdkFEhDao12pTZEoXEMA69ukzbtilEkgGKUJCZAJZwk7qITKtBgEJ4yqakdsVyhJQiNLUWEISdLSfJKKZxqrV0/Xy1OqpRZseOH6729/eP3v093/+7vvt7vu97vve6G2/pZ9PexbNjZjQPObax1S7GcSp9rbWfchJhN2xnhoLSZ2uZY5MiAkmA5STSpZ+FlASJgjEnN1sCp+lK1NJZ6Ua6RSmlY70uw7DuSulnsxKF1biaxhJmFljOJhMKBAaEi5SJ3RxSrV0QbZpMpJJmhRQlpwkbBSGDm1MpShSNU/RdUYnWRhGYKAEiJAxBppvAKVRkGYORKKXIntwCSWrTNLl1NRrIlFqyNcnFpIBsk5CbQViAk3Q6AiQbFGAUtpJs0+RGKktUy0WalG1CbYgiJFCkWmuqsqQkzIQjBKhhTaSwIxQRSSWncQAcURE0HE6nkROToK6UCeRm5CSdSIFswNkSwjQ1J5QSzakopJyZkiBxA6HMVDgUFgLSpavZmLL1pUoalWRGSMYpBSkCge2GS4RsANkYRSHTiaoA2U4DBBNpW0YKQDjtcENFwtSWRym6WUd6nLJ0kpSQ06QoiWsE0OzWPI3rxLOukxiHkQgyAUm1lq7UKafMDJUyrwbbmVNECVWsEuq6Gl2RSubUGpSG1HV980TxNddcG7WL9DSNpdZS+3FoEK3Zah5TRaXvREY6gVTz1NpEaJimUkq21vW1drNpHMjJmaEIM43rnFqJAgxjmymKmW1s1qjjuG6Z3axm5nCwrH3tSxmnoajN5zM1J6pCcjiiKEKRuHbdyKQwtNqpaENytoY68Hoci6JTpJwqBkcpkgzZ7CxFtdYps0Ap1ZPW4zANQ9d3IZimjAIZonmybbdhyn7WF0XaEaJTGyaSVJYihdxiWA9RughpMplRorVxmpjNZqUUimgYsmVI6QzUUpCEAhSyFZgSkVURjZbOGsXpLC7BME6YqMW0dKtFAZObU0S2TCAZpeKWKoRkEEypCMtIEhg7m6Gq0JyRLacmyDQ1yFJDRKBmp5HDgCWcSqVUpGZbioIMyI5Sstl2lZrkdDpLhEqYxIEM2AUIRZIliklatmaVooDWskWI1qxIuRjEpFotFXmcJtkyLkVuCElApiOxkgiTtkMphSMTGCdFBOGSLSc5SBEkJsGTsMA4p4yiIBRCJTMjgHCmI7FshRQ1QkwKICSLiKJO4GxNktSwwk4kqWVGEaUEDqJVe0qwZVlCCjntxG4qxRJOWYFMks50REglJ1npqY2aSpTSdWqeoKVLpG2FAqUzQbaxFBEKQQk35dRaTEWlOe10kulSUAByRFGkHUICC5qFQxHRa64Ip2utbZoiEEUhWjMCuhKEaWFnjulQ7btpPQ3TULJGKWCmBEqJNhm55STkwMhtihoYJYkrkdkUSLKkROEpqVVytGx2QlFmw4GswGSCEjITAjKkKCEbm8yJDBe6ohYlcrLDQIoCUwP1XYc05VRKlKjphpFKiSYxtdYyhVtLC6lIKmLdUlKYTJBLFJKhDZkZtUZmQkYpJpUKRWgaXRzqAmc6MRiFCBVUStiETaldOI3JsJCzeRzHkCRKEShEIhIKlIiItk5KdEXOQomA1loKUYi0s6g6mi0h7GlakxQFgaKmGy0dReEiZXN6Wg0IqIWwiBLCBaQSYdLNKAJZLdNFsi0RJB6nTAU404TdUlHGYbQzoBEEtWgYJ6e7UjMUILFercZp2JgvbLCmcQw5Sjg1TesIImLWz5u9Xo8QEVG7SkSOGUWotHGw1XXFTgmEs9UuVOYCaBC42epqsbJNJltEjMPQJqJSStcywV3pl3nYKY7dcL0Vv/4rv/KBH/IhT3/604ETJ44Lr1ZD30vYthyK0oYhQbLbYIeFQmln2kZCQoQLNbPlBJEQGSVUSsE47WzZLEWNoMjp1lwisKLYWTItpVJNluSGSUO2nNICoVKDzDZNpRSpSFDcmgvGsj2sJ+MoQbL2aDeyOKwsxg5HFKxwjplpFCFFCEVElGmaMEU13QBBQQhCQcFSIbNZFthN2KjZ25tbsy739i/9+m/+7k0Petg3fuVXvO+Hf/j2qWva0eFY1sN63fVdKNo0TtMa6tRGal9K7cU4tYgMR6abM9A0tRpd82SyiXGaNKyBTGpXuuiCMjEVhdVqKSqkshDMYjga27CedbOi1oQibHLKyQ0ZOxzIY44mxynTCjlMCkeEW5OsUGEcJmwwUGuVQp5UIm03Ky1RpIwIue/6qJnpEhGaDdNkMijWFERLyxhZFhg0YRtZISnAkxvpFo5MItxM15EpRDbbLVMKpGYjigKBFCEkmYhiMi0JSUjOTCZcLNmtdl2RWqaJUivImbaKInNyVElOYBIiojajIEmaUyJVa40ytQRbynSgiHC2RsqKiK4WTJvCblObkEqW5smlBEorZYEJRYbcGg2HwlhRSEpIEohUYEVXI6ZpnDLDlko6JYmCJqw2TioStkLOEsWBULFBLVMWMpZJCIUMEaFQyxwmjAkJFAqFcaRVJGFVOREkJhURZI6TXDoVcAnVKlNCaqVkS4+tFTDj1LqqVIQzag1ER2tT4hKllKrIFpRaMeO4lopCso2dFGkY15Wu6/sa0axpauPUOhQqKkQrtZQoMbYhUygkDetxGIf5YtF1xW6KMGqtDcO662pX+9V65Sln866vdRrHaWomGSempszEEUUhmyhVSenqNKwUGnP0lMe2t2vXDdNYRE5NNWazzriUitt6HOZlUUqMq3UNbOesdqEyTVPpqgFTSkTUaXKtrbVpHFvpui76IKKEpWxjG6GoBAAOHBGqJQy0HFsSpUglgr7rakc4G1Obwur6fprGbFObmkqRWQ0r0Hw+BwhqKYogsaml1s0NStCSIJMSBZw4p6mlBZIknCIIK7paS2TLKBGOKHK6lJja1HcVKV2CKSJUmEaLZqctr0dK1K6LiGlskoVTEiDkYhsVDHJIiIJaa1FKKCRMgHAaxmxOo6g2Ec4pIaKWKGZKO0SUkq2Bm/GUpcgtwjS5tUYJG0y2NLhNLtUpYSkIEwqHnQYg7HQalDRNVYFqBiWww6iUwE43qBE07KRNrZQwWWtE103rUZ6sCJWQUBFjS5vM1kw6gWglBenEEZmWSAXFFtFaZoliEqkQSJZLDRuE00mGQulkMkWJhZwtpLRLlBLOZmTnOI4KhQrCWFZiyy0tAjlUJFSUtqemAFtWRNhOpxNDlCiqClqbpEhaOLKlhTMJqSAKtpvtyOaWLdMomQyEJCJEMxaSihShqSVNzqYStUQmGJKMDMmZRKSzKlKuUppAltWaLElpYwSNpoQgTZVJJ5ZpqI1NQSk0W6JEsbKUWoqB1iajJIFQqGoas0a0BEXYNjTsVLhGj93aFJSICORCQMt0S0WEIp2ys4Sm1pSVQLjZMgrIzCyFQnG6ZTqtkHGkM0Ki1F4wtQmSxA4gW2vZDH1XM6UkZZMlAmc6FaUIQ2sNZ3FpUSQ5PQFI0DLn/SydbZpKREJmOptELRUpW0Yw5VQaiMzmDMgSMipRW6YzJztAKCRK4GAcJGc2RwkJk9nW67Hvy3xrY7lcTmOjYKUIXIztNJAZERbNGanoA5PpzLRlDA5VwrKVQUE2jQw1kjQhxNQyUMjphIgI7GGajEqoZRNNklFmC2YRBbAtM2VrUyshRRRCNfoym6bJUlWJWmNsE6ioCzk1jANk3/cKDdMkVGuASqiFWpaptWIgIhSlCyi1KNTGVlS6UsaWtRYrcsr1sJrPZoSLambLJAJZJqtKVGUbmxOEhDVOUxtbKV2xxmnI9bDSavv4qdnm9u7uhY/+0I/8nh/5AZLNRT/b2MrMcWz9rAuV1iZnNqau9lbQEhUjywGKQmamwZMpSZSSmbJEgCSSLASJsCWsdAZuBI3IxM40ChmwbSGH5HQqw0rLUjhMYmMABTIYkU6lA9uYZktklCLAxm5JktmI0miWi9JRS1ptGjClVkVMbSoKi64rxlOms4FqYgGoNZeQEocctRZny5YR1WKanBNFcfrkqdV6ODg4+KCP+uhf+s1f+9Zv+faT11yjodrh1toEJBSQHCpIOIlaA7eWBB1VaD2OExOyrBqiL7aMm12ap8hsLUopNTJV5NZy8qiu99TCMm0cl4qyWCymqU3TNLU2jVM/7/tSWraWDlWhGkKSwk4SCSJIO6dhnS0zEEqaWpnIMJ51PUXTMLZsYSZnNDmiGcBTDjRQuklFbpjmScbIpihsl4imltmCCAfIWGbKhpFSuEhkFrCctoQxbrZCwk43ZEVNI1NgsiUCBTSRUzobEVKrRHYx62fjNKYz0oYa4SKsdDPCjhK2JWyFUS1ILVqNOrWWY2ocx7ACRcgyI6g5Q5DUWoAS0VpCIjJzPpu3MuVYbEtSOJttRyldqS0tiWZqBMLOllHCRGbaDkdA0hQqLRSBkYgowhIYBS2bkEGKxFjYVpIhQQTpJElBUoOUmUxM2YIWKs50ZFBDBY8ZMlFLbVMTKaEgndMERYhw2pJEJKVM47rGLCQV21UBqJ/VQk1PdqjlOjNUuk5TayVKiGlqU1vJKDQMidxToxZhpbEJOVOlNDy1KeVZ39VSV+M6h6H2vSBJp5CQx5ZTazI1ytRam1y6kHNsQ0ggRETQS6VM05TNUVVLP03T1KaqKKWmG0lrY1GUbjaMy2FYQ2wvNrJLRazWq3Gcuq5P2jw6Ry4PD927n83X47Ae1gVlG+rkVEMqGS3JHJsSwcbWJi4YSyaiKDOnaZwvelIyYwhnEIIoJZ2ZbWyTXLtuVnutVqtso1VUokLKQXR9HVcrF6dNqEYf0SRJUbouMjJtHCqJ2jSViFKCzChda1PaQOAIpFKlzBRWgJQtk4ajdEVgSxFug02zpcg0SVMauU0KBXLLNg6IiFJrZKaQLGdGiWym1IgopcigRKGWKZGWQghjEARqpLBCdkiyUkmJcAAgARJTTqTlRAFODBIgpSQMJYxMa5bTRMsWCClbk6QoznRiEpFClsByYjUcKhQihKvIlMl0ejSBpBKBUTZCEbXllJmzbraztbWf+1OzcNpRigJlQWMopBIqUQApW2aDEgIk1NSCIJKmCNkJihAEshIUyCE1pUSE3IyLlJmYRCGiOXMyyJloUlTJSiWTEWBDREtjgFDYiZQtgwhISVYjAyxhFBRJkmrQMkqNUjy1lo2QINOkA0VPG42A1iYolFJQCSyElHZiZxMkUCKzJi6AotQiAibVKESbWjapKIJINRFpSijCmTlN1hQhKSTZzdkwSEExqEhSG1tmKmjZnIl7B7UW42mc3OhmfbaJsFC2JpS4EEmzHCUiQs7JlCK5TNloKGyUmWFZRkzNCXZWh2QL20o1wDgdJaIrmW5tCqJEiJKyTC3KCAEq2JNNy1ktKqIFzgRJypwy3VxqpElPVooAIjRNZBJKFNky7SK1TKWNFQJA2DgbLlFGpmlcF5UitSJFZCIaijTYxkVKAlslEnKyymTCCLm1DMkBTZITgUJAtiZbpe+itH4x62q/Xq7GNDVCKIppdpumCi2bHC6SbEOm5UBNRTVKRB2HKTWphUKSLVISkhVYUaKEzZSTk4axUSLScloim5EMCiLcUlEVoUxKKeCQ1XUVNzcni9ks0DhO2K2NXtmZfS1ubi1bThGl77faNDpdJCIUkW7roUXpZt0spJZjyxal1q56HLNlIbJNViaJQgrsdCpkXAiFPDG1ITL6btbZxsaUWlAE09QsLzYWBwdHmCpa1Lo52zx+RtKv/9LPvOt7vO/Z8xf62s22ZrX2aU/jNJvNMyesqDXHsUQFG1mSsBOTkaSCzFBxDVoj05bCTkNEmCyWArdMpSiki5SJSQpJ2AlyNhmVItmyMolACSLkBk5FKVYmbkq3NrWMqKU1HEal5NQSQpGi4GyWinBRiVptuyWRKSVJSiYQoUx3FTmmKRVKUBFtynTXdRLOpoQI21KxrYBMWy2zlJiyhXK0W5uqu67UE8d3dvf2f/pnfuE3f+cRP/L9P/CGb/pmW11/eLA/jEsVh2KcBrAnp3JK01rW6GpkgsASAnfdTJh0LTOyNakLl1LAEkLT1CJEVHJdFMPY5DZbzGwf7R9QiCitTSDJEhGhiGzT1BqJW0OEs5ZSSh2mJUYRIVrKzrBViiDlnBzFdpvapKaWWUtnsrQUNDyu17VUQm6ZbUq0mMXURlEiApFp2QTRSDukoEatCrvRchqGqXZFLsbYlmQbyUkU2lRLxVIIsjXs5pTcBCmlDTKSsiUEdiqCkMSUdGJqTUJSNktGKlGnNuYEQgEAbo0ISTYp5JZEKQoiWqaURVVSyxQFJelEtdQSJe1hbABSQapBRGSITBupSlnUcBCYAIdcIluLIihRYswMQoaQ7WmaFDgNiqClZdFaM0SUGs4Myc2UkJzpsLq+G8fRkXIxtpCFbDNNWURXa0JHRcLGYWPZnuwyToMUZCbpRKJGhDuREZEo5XSDEJVmTzlprVJl9zUg0pSQnW2agJZtmsZ+NifVWguFoqAyjcM0rvt+3tVAVaVkNoETia6rwzQNw1C7IqsoohbLIdlERJsmnCJamxQKuaA6m2d6WK+LlHTTOPWlzDY3PLVhmlRrX9TGbNMIqqWUrkREycz1OnFEiVIkTdMq2yRUu76rXdrj1GrBCNH1JTRbr1a1K4Y2pmaez/pxnIZhmDJrUAjl1NrY+q7LUGtZSnR1vh5WmdmpSupnpY2ZdqB0ttYKQR+kMEiGBmq5aoNq7RQq1YYgbGrNlsYtJ2O7yM50iFrL1LK1rDUyRDZjWUwTxkyN4lTVOE2tTQ0xm/WglgmmSCgzg2YQEpJKm0aPkyUAnJlR5PDkDELKBIhGa+PUWqtdRzaHSilStDZhFApPtCkdbs0AcloYS8bRyGIhlG6AbZMBoaAIUYK0ZZmUQhImW0tTpMA5WSGJhoKQkNWUNGUg20JCDYQoEpJNZrYkSigQYLBxZtqlFMlBgGw7STckLEJO2xYJAkIl2wQURXO2MYniYU1VjjnmGEWBpBAShggsqUUENVs6hG1bFjIWclCSDMlIiJYUYWdLSyFQba3hBJUokltzCZoTGzlUVEtVr64oM+2xjTk2RagqkDMjJJUIWsvMLFEkkIqtQrhaqqAaTuzm1mwbAxIKqYVkmTGJQu06t2aQIXAQKApOQBnQbDJbhgAJCeQskjGmNaOGJQyUwFKJMLaItIoSO1MVRaldLeWwRAEPWCWKEZLdcE5ZSpHCkV3tiqapNdNq9EWaJkcUQhIQKgFZIoxtLGw7LShFRAlPti0VYnLL1rrSgZFsgiwSQqmcJiSLxCoWbulSUchTtmkyWMayUwThUipTZqaEqqJlyxynMVA6SRskFAhZhiAdkpEUaU+tgSQ7s4EUXchMpCQLAXJANsHENK6bitJRQiZtGWyRzlCxs0FATg2noyuFGNuEG1ThdEYoimWAlmnLZF+LiOY0GaGu1DKbYVZHS9WYRYfSME2jbYm+j76bDeOYObnZppSSpJKUuxJ9nSUZ1RiMMBESntKyJKgqigjbKpIRIoqNm0tXQl3LZjsEpUTapkRAtGlCEiA85jSNMeulvrlVY1yqMhma3SYL2xHRpGmcSsvS9YTGzKISXUwtx/U0rsfZXGNk7cJWlZyZrdlpU7uudLRpdIqwG6WWruu6vsuWBwdHfd9FV2upIAVuwolcogRgRSnraV0925j3bcrVOG1ubJbFznC0+uiP/Yhv/pZvBzYXi9rP8CS1bOqKpmlUVMm2a60KmptHW+lQSLadIWEoIuQmNEkC3Gw5k1IoKraxEkpKCEWpHdlSiUJRAiNwAISK3UyGq41CsqzWGnaGpChpRwmV4tamnKSIEk4AKQwkmZPtWsFCkkQagara5IjZbDaOI45AyDbzjcU0jMvVqpSiJqRQROB0QZajRLZmEksoZdmhcNrpGrXZXde1qTUcKsdPHPc47e7uvcVbvd0Xfv5nf+wnffLG9glPo6KkUxFdlMHONmKGcehjRimlsl6vJXV9p7Ds5pZJFzEmpQahbDk5Q+o6OWnjJEZUIlRRU5vGMWqNUuxsUytRhUybzTvZ4zilVaOMU1NRIlTSSmjNtURxNlG6KtymqZQA5EzktFRMaw3DlE3G4JZRQiWam1GEIvrMZkkU41BgYyskk4GNTRQBtpBtkGjUmRThlmNm2I0IZ0Eu1c0UG+XUsBM7iQhkNxtqUSlFpbRxtOj6XtlcAtPcpnS4GTtBYWzc2jgNzXJRNcIJKjWcjG40KQCmcVTgiEJYOWULgwDZKmAyU6vJVYEtyUnKPWrTOGUDCuH0hGoEkK05KrahRHFO2aywVDHNE1Yt0TLdJqOicKilA9k5ZmKK5MxsSLKEGy7YiVubLIeKJ7dM4RJBlKlNTOmIaWoCag0bKZuJxG5piVIDM7kJCdmtWelJILuUMqG0kYB0i+jsdGtpaunGNk1j67pSuoIBR61dRBS1KUtUJxnuuiokqZ/1NoGmaWjp2nUuOa3NONqqUbBsK8JTswKgZRuG1TR0XVckoxIhFCVVNLah1Oiic7qlp8xShoRhGt1av1iUGj2zdLPJYZqaS1FGTK3VEEmNvpHDsOpKhEqJannyWKRaurSnptDoUOL5YiPtaWh1XiO6vnZHy6OKohQporiUEtO6KVs3q+thPQ7DNCU11XUlwzYkxNQmBBHONG2aWnUBF0WZz4exjeu15rOAMVsnUaJ2NQrDNGS2TOOxlQC31pyFsNvUpui6XrUbx9FCUhcFRUjN45QuXVGEwARu4IgiaCT2RMit1BIq6dbcDLL62o1uOUxGoYgoQSIiAinTpdbSVexpykwLO1qpMU3TsFwpwkSogBBK1xKtWVJENKcBW4EobWqGWsIlSIdV0JSTIRRWCJCSCVSERHNKCiKdNeQipVWiUzS1tNMuRgIQkpimJoUKipAkwAhouKhGhLEJCsLOBOxaCmBh20XYpNIprEJrrXS1r73E3uGR7LTVrCBEmzwxhQLJlqqnqU1t7LsiiBIhUiUAm3COLl2kiSxcJsmB0yViQmRzqaSztQh1KkYpl4hEIUmJiIgSYTENY0QIikI1gCKlszmDosyWlgHs1gi3hsLIWLZLkK0ZTy3lkhSVptamlGxok1XU9dWkJAtBlIpcMNhJy5RgwlKNEHKmJSHb0FCxkS03I1tArTUdTlC25pBRYNQsEBE1LOFsppZQiJYpkS0lY1lShqRSW2tFZdZVY5sxUxF9qVDGNkbITkmlFmBqmTnZDmQsudlAJjVQjcAtjZCKM0EtFRGzEs1tWCfOkGy7EVaESleVHtsUkiJIUllLDQXgTAdGwiKQJEtuoy2DSgkQONO1VhHOMRVGciNFAEmC1Fp2tRiTChV7alNTKQqTRIQKYJwJBVnKsSkgm6KqkGmbKCHblmiMbjXDZJGi2lmjTJl2FhUFVTG0Ng1T6aUIyIjIzGmYpmnKKcHzee8u2jAmrdRoY0rKNmnWd31dLVumZcCBUgmkc5zGRlNzkqKkAStkSQF2y4ZxqbLUnHapJSLGaZKoitLJI27NIoyiIHka0i1KSbcows0wDqOhm6Wbh3UrJRymWSZxiSIFCmWW0tmsx7GGhAhjOVsoNrYXtfZtmpwRHaEyjiMKAlq2bMoMRUQhUAEVOaRsmdM4ScxLrf3MLTMtqaE2Zt+RSjcbPDmLk1wN65Mnr8vF7Kn/8Hfv+p7v+pd/+feBto4dq0XjNIVinLI4ouucLpA0YcocT2E1OVQy7Qg5kYWhZKaFkWQgp1YiiJLZmi1KREiyRU4mCkEiGSxcooxtQnYqigBQZuY0liKciiARKapUKFLmvN+Iwmq1zjQ0NzdcSoDSNpkGIi3cVKJNLcmwIqQSOIdhkEDKlhKjWxmnvu+HcTKmuGaZnNlaRNTSDeOY02RsSxgFU2YIWwg0tTTYLiUshaKNY3Tl2PFjl3YvfeKnfPrv/sEf/tzP/Nz82Mlh7/zYpq6fTWMytdGtlpDUWkaMEV3UmtlKDTmGcTWMY+0rpe/VXORGBuMwkFahRJCa0tiViCq5Tq2Rni3m6/U63TQ5aiQKAUW0sFIojFE2ObFMlghgbJTCvOuAo7G1bCBspGwZ1SZslwgRzilKcZUNxgacJE5JNCMrlJmtNRHOLKXYxi0TUexGiXRCzOeRDVRkp6MvpZGl2cggkWEazmxuiigqGUkgizB22m4ubi0tgZqBlmkLo4AEokRIbfLUplK7Em42JBkGyEiwsENIarYTTAkIScXkMLpW2UgySLR0pDMENgCGMVOgzMRRqpBl44gQ1W1ULTiCoGpsLZCdEZGE00VyyKWUkK0AJ5bTgEspadOaanXaFgYlQjAMY5SaAlECqSogFRIlbKaWNapaSwwhCSltgWRBoi6KaSCrZksyE/XOAOyuzpPMTIpkQnWappDX06BQ7UKCjNrPcmrGtavplKJ2ZRzG9bDq+z5KLLqZCbWppZFqiZAywx6mVFUpXXXalTal04osUUY5I+Z9b7CzVhUVQCVK1Gkaa+lq7Z3T2KXHaZhaV2qVJmk5DLOuK6W2MREEhSKZUC1dQWCplaLM1roolHEco6/zbt711aYxtWwKsk1uUoAKoXGdCX3Xby5KHae13E3ZsFOqXVUttqLErF/0PbZFNo8qYUcmtesFoJxaS9PcdWV0Q6GILuwowtTQmFM2OdMpq5biZotSaoSkgiKxG2nSLdeDgmyOWiJKy8lECKFsLaesfR+GKk8F7FRjIo1VZKu01iiKKH0NhIQUDJly3xWDzDhOUapQKUKRbSpRp9Zq7RTklDiArtY2JRK25X42A4FKlEybTIfTEhEhZFxCKWRLSrLZVS5RbFpmV6NlTm0dChEKbFDJbM6xRMHIUlVOLUohQlPaORmUTlSVVikRtTpbCqGWjUSCAEhTSm1ktiZrmiZCJaJNzYGxCCZnca1VqZxMa7V2XYmultUwtWlUoAgJySXCNLtISCIim7EiZGPhZksRmVgRckRxaw2FwAI85tRF7WrNzH4WmZHTCFFKkWiWWwNUotjGIUUpmTmO09QyCm2yoYQiIlRaBM2hKBE5ZWLZihhbs6dZ32Om1mRqLVO21myDCKvOSolg9JiTrBLF4VrClqC1MVuCkxaKpNkqKLBTxiWKDaRKpTWwQjYOe0S2JEEUKclMk03gFkhgOUKqXSiw0q6p9ThuzvpsoXRrTSEpqjWlaxcRtbmFPRlLU7YoEYgGYpxSxV2JcZoyG9LUDHQiG1JRJdDUchqz6zrJSaoZVKI4sRuluLW0ZY+4tVEhIEqVLApOwzRNbi4RY8uCowSNcRgVihpBcZsACNuCEj2eVArYCYBsjACZLLUXbuNE2LhQEquAIjIRYU/Y2ZSOrtTaZUurAZRwTgKClimCQihUOk+NQAKIkInIllKzlSmpRrENJImNnHJYzU3WrOtLjXRmyjhwhmlON2A1jCpFdpQotYPRmUZHh0tEhCLCBpAVmChKhrYupWQ6nQqkEgIlJWSZRFLicImwaOuJieijlBBKZ04WuMiNjEQiW6bkNJkTbiZDRZs7W2Ds6AqQSZtGLGMRJYrV2pTGkrpSW5scvWjDunW9ioPqosAORWa20U1t1nWteWrZomTL9XKl0GIRoV64telgvZp1s9ms297ZShIUpbPGNrb0pHQttGyArVCbLxbrce2Wp6+5Kbr+O7/1mz/kIz5yGMb5xnxzcyuHhqKopNOJupCiFDJxigg8ujkRUtpgYZXaxnWptVS10ZlNlgsFUQumZSqhyOmxTVXKnAgiMBkKRYSZJmdOkjCJMRKNlMIBYppaCAdd32O5tTZ4tpjPFvNhWDtbECYsJFDISAA4FLYzotpGyJFuWBJWtNaQhK1SSoRyuTpqY1+7bhgGKVQIZybG5BSlQDoJstlhlxrGaRtHFMhMW6YEzuV63XedG1I5dfLE/tHBz//8L73aq7zir/36b8yPXcPRbpva1CZwKRGlzmpnA9na2o5aCi0nZ2utRqlIQhHTMEWJEszrLJ2ZlhVSlCrU3FpKIAubKLWUqU1d16uordfTOHW1qHZy62qhZYYJpY2L7JAV4czWvBrHqiAQTG0qCkohUtQqTdFMpikVSU6XqnFs2F2tzSBCJe2WCMIuJYyctq2INqUw4LDdJBR0MWslc5pGEyJcU0ZECTfalNgKIZUoQg5CRYAJKbFA2G6AEEJWYkg7umB0KkpxTG0iSEtOBUEAdoaEapua1brSjdm6Wqf1lJklIhVhjLvSq04tWylIBaWJAhbIsjKNJCmAzCaRkkDCgEspUxsTMRnclCVKJW03u4taIxw5TK05ZSWW1LKBkdLuojQMilKytYgqnGlHEQkuJYwDkpSFnKmcRlCpVbaVMgkYQAUnYVK0TBnjBmDCsgIyIhClDFMqSkYLua2TLmstaWVOzjZZXd/XWrJlupUISgiGYailRshT9qVOEVw2tRS4KT11tbOcrbV0dF2QmdnG1ndVpilNTmPWrvR9J8KKcb2utdTSTdOEPE1TzU5RJZbLo3Fa165XFDIzXGZdtDpNbRqnzHV0te+rJ1NoiTOLaumqpGzNyq7r+r4rteSUlIJztR5IT+lZV0vtWrNRUdCppFyE3dwkhcAi24RwkZsjAjFNE0Kks03N45htGJlscDbsElFnXV+6fta7FAIwovY1lavVMI1T4mxuLds4tpbG2aaAooINCqKqqqjU2kUvIanra4kaJpNiByolSun6vpdTCo9ptxqiaFwPNqXIgAySCGlqw3K5HpZrIILqCIqAYhBkSHaSlFJt0gaJQAqQiolSq8FpW8bIKpoMFCAzM9Mm3UwjTBEwOqdpaq1lay1tYayIyc6WoZIWYYWKZDcpSukd0ZwosyXS2JqbjRUhkFRqUCJwgtPZMjMVlFIICEVEX0uJmspIlwiJiCJku9mZKQfCco6ZLbEptq30OE37h4fr1UqkHHI2sDNNWsYKMJlOZ7qFJEmWbWMbNzy1bBM2JexmJ7KNUihSOWVrLWlpAintZprH6GpElBKKiAgQyJblEhRKlCoJY6Kl1ZpJJE9NIUgiSihUsG2DADuHlrakEpKQIrANKhFSKeHMkARka43MJMJg0plucrq5WQICJSmBgZQUVYpQqDZqkUJKBUSEaiCE1NIp40wkpeXWDFGEUThqdeJILJVw8zQ0dVFqncZpWK+gTa3ZTieYBClqkVAQJjFYEQILgBIRJWTbWJlEpyhMOWVrzZjMdGKHUGamnRQJanQ1ai1dZtIinVPLTNqUzS3tGpKV05QmokYEFNMiSo1KkM7WsuXUjCTZmVNmK1I0SKeboLWWrVnOpNZASDIE1FolxpYhJKKUGsV2m0ZbESE5cRoSJzlNasLIKam1RCpVQl0JRTgtHAoMYFIppgQXlRrFiS1E1BCBQ1ZBqGRLk6VUIiyyjVM2p4qElC1bZkLadgYQAZikhBTGQm5OGwkQqZAzsCJkJIgS4HR6VJQC2aaGw85pmjJbYqGQSxTbIgicURCRJjPIRi1dLV1aBhQqQoBDpUQkbmPK6cwQ0zQM4yg7VKY2TuPkEkKZObURERFpt7GN4zQMwzROQQa2iChGzmkaR0xfi0KgKBGUKJE5tbQ9tTaphBSqgRRF3awPqev6k9fcPDR/2Id90Pt90IcMw7hzbPvY5rFpHB0mG4WIqF0Hai0zW+aEopbI1Ji2spQSUk7Zpgmy1FpKCQQkSTEtp2yZ2bKRSSikkEJYlFIiwjZJ2p4ysWm2hFQiQnazXSgKKyWV2ayPogLTlNlagqqytdXyaBhGSxYoKFEQYCcQ1FBIKqWUokwLywZk5ACM5XSSnqY2Oh2OVGJnTsM4jG1KrJAyk/Q0qWWRshFEM7Zbk1BEZObknNywc7JTJWLC6cyWaW1vHquUP/yzv3jxl3rJW5/6hI2tk/18Q6G+q91s3to0Ta2GsDC167puVkupJfrZPGqgELRpmqaxTWNrEMbuo0aVM5wQWWoVaq0pJIJmEf1sXksIR6i5RYkIEjuJGlLYLQBaa80iDRFRSpvGcZqEnO5qV2opUi1FkYRCJSIiZBWFmnMaJkFXO4scaa1lNmQZnDJOZGhM2cIutZZSJIFEBLWrdcxpGse0JJwecmwJpCiqBUhntgRTZDJbknIaEISVzZk0q5RQV3BYQDodQcMlKjBOk0E26WwNpIhSIqLYsicrDSqq0jgOUpRaImqYTGjYGZ26rkNyNifCpiHLSoMCjLOZFkWJpKnllM4pbWyQJOxmjFNOqVoqCgPZ3JrlUJQqG+PMtOXMkIwKKiJqjeiAFFGqhJEhnWQm4JjS2dLp0nUlIu1EtEhEgiPJNrZsaSEoJSgRoSgWxU5nA2QiCIUzETWrXGbzuh5Wy4PD9XLVJsbmGqVEzTQKqbSWEooQ2LZIJVV93ynJ1gJ1Xa19iahTNttOt9YKhFSidLW0aRymdY5JqaWvoTqN49FquV4eqlCirIb1crk0IcW4HtuwLqVEKdOYbWohKUoopvUwrNcbs750XebUpmlaT8MwjOPUpjEbDjtzPQyNaRpycpvGXB0OKjWiKEk8TK0vJUqZpsFFpavR1aIuZt04TtM4TeNoqSqimOz7ohAepmY5x+ZaW5tay1Tb3Noa10NrTeFszajlaFNrqKgvPZAjk7K4mBaWapQoYRuLSBwKKWrtW9rKaZ2lyiqZY6l9urVxRCUgKAq3lpIIpnTIIWW2zEyR2ewsXSFHJJu0TWKFCpnpxOFcrVMxjAq5lpZTVzs3FMg0TTnSVWVzUcjOzHC4uUVmgzRQwkQg2jAqMUpPmRlRpCwi1bCMKpF2kSVMwCRHZrYklFHCiQXpKMJqSWAhwsIhMGm1NpUSBRHI4ZYqBSmQbduZabKo4ikzIwLLdjoHURVqbs5AoZjUZBWhwFHSyWWlynagoDhQRE5TGlVMuLVGhpNSDBGRzW62sos6NTmkWkhLUpjMdBBYwm7ONhKAjUIY2ZmTwYmZcCGkEsVpZJRWLc2ZU4sakiYndjYbExmEIoAIhUpro4hSlek2IQKnHYSCriUijROH0wgooZRl27hlcwpNzW4OWqgkBI1SAxna1BQuNZwGI6nIhkzCJmoJgnSzE+SwDWDZqI2pItINSwpjpMCZbjAvFNIhwOFsMiRRFI4WYcZxagG2pzaVOiOQZbdQUURmRjBMoxRRKmkJFE6KApimadb1DXJKdUEiM7UWFgqnEXJaEc5QdXHapBqtlCKMI6IEDK3JNlkUiUirlsxMO0qUwES2ZiVELSrR5zRGJU1rI05QKVXB1BoE4MQiaQYiqhmnlGWlKA6QbAcYR41oMnZaEU7baUpRBacTlaiRwpluIkoJBC1JNTszjVQVDSNQqJE0R9CaokyZYSPSOTWjQmYUldpXxTCsJqu1VBCKZuxmchhH52SpIkkqYefYWqIaBrmhMAEJuCokbE3ObIkdRKE22RFp3JrDKqqqoCmnKmyFATuzOUM0B2kVAQoa2ChUcKq1bMqW09TIvna11rGl0928VhhbqhQpKg0RimJNOU3TGFER2LXWcVy3KSkmoqs1itbTqrVM7KaulsV8XkoQwrIyogRdtmmVWULGyLWUyawzMylgwzCUUhT1aDWU2u8cO3Owd+n1X+91/uTP/wY4eea0J9bjAIBKV9U8tHUtMhiT2I7IloHTmZayuJSYEowQcmttSizXqGBK4IYKJiIIsBLAtgjbYJocAMZRS7UNOFOEcQQhTQ6URkY4rOa0VSQLEFMbnRLOtERrDUcpshBSEYiGIZ0lhIRcJJO2QLITgUtEiCmbIjDjMJDKcDRLILJEOA0tQm4KSRGR05ilFAk3K6yJWSlI2VqUKtWpNRRmSpdITp4+cWnv0tOffttjX/yl/uLPf//RL/FKC6aD/b1Zqd1sPo7j4FZUSgTp5XBoq1Q5Wa1WXa0RYcnplEWiRCWNpkyyuWmglowIl1pLVdAmj22IrFlbSLWLdEwtZ6ULaZwmDISjGJeIWrqxjUWBREjNmU1SiYhSQNnGtGm2J4EcUzZhFM500s+6CI3DRDUNSQCZaStqplWcQQigCEtpCwiDErc2KildkSJzMiYjUeakUJSIYJoyAjkaDgF2gjIVqTZNTQrCZPHUUIRkSyrZlMq+SukkiwtSCaOUndlSYRsSRwQt2zRMs9mMce1AqthYjsz0NLUISRZYAoxN0ECJnDkJEcKtEERJkpYSFpke14NJKRRVtu0pDRMyDqcnNxDpUkoqEyIzapCkA7uRgQJoTk8IIBMkp5HD4bBbKqjIomXLbKUUnM3IWbI4uMytTYpaCUfIiCar2SUUFs6Gw2SWlk0yqNW07NQ05NTGvnffz2qdWy4R45TpFoTtcRxq10lKpzJaa9nclZK4hKIrbZqm1hBC2JSoUVCSkW7TuJItpHBf50m4JdDVkErfLzJHZ6td6UpN6Wh9iBmGqZbY3t6cWjOEsChRWw7DtHJG7efpXA2DpL7WkBylKJLmbFLUErVbkD4cjnJFQEQ3n89b71qK005HWi2zq1IyKQLUYVq6FsUE4FrKOLZag+apTbOuZLaJpmRaTc4kglI8Tcag5pbrsaW6nkCTKRGZuR7WXd/XOhM5DZOk0kUO4zSlglqL8HoYjHv1aVCkaVNO2brQZLeWpXbIEi1dRGuTItK2wHZKESmH6nxeUMgZUqi4+Wg1BsN8YzGb7UxjK0UokGhuzsRd30XEsJ7GHKIJYSVYECXCNpljsx0lkprKgpI0WKghIYmItLENlsc2lagYRYCkEoFNlY1IhAvKEInDOKd0rcXp5iwRoc5tVIkotUjN6bQRRiWc6SSi2M5GFtfaOW0oRca2sRoO5MxJUcK1yFPLJpdQ2pZkRFAcaQWZJMYRJQLcMnFVyWIgFUVEkAMBCkoUU4Rt27aFJrsIFJDGgfqIyS1NMQ7JgQAUQboqALtlkkiWSDWnk1BAg5zGTBQKhNVoYamEpOg0TpjMSZgiN6hRjGRHBNhCKSGBQXIzkmQkEUVTa0Zk6arllApOSnEoKCjJTJVSCDVPYSFBI5RQC0FMbq01W7WEbRDYqE2TIzrXKZuQC7VEZIzZ2tSKBCWnVBmbszhsWZQo09imqZUSksb1qqvz0lVLEYVMQ+LmjESKEuFcO8KkLSRkK9MpwKiEsoUgTZBGNk4UKQvXKI1MhImQFFWlpbI1oOW66+duraikm5AiipSkDXZE1ChGprXWVFQg03gCSilyJtEmG9cadmArJAJLiq7UzGaRUyuhTAeKonTWjGYDoap0yiS2BYjMLEXGaQOSFaG0nWlCTarIxdEyERKBokhmnHJqWUIQai59BdGSElVBa4nDdijTaulOlNrjZmemcQiVroQcIqWgoSKEnVZILdPuSmcblM3YZdZ7yqk1h8OyjYIQpSiNJ6fdHLWAMzMUAkxAhkqEnZlhgy08ZkYIKSRJpDClVOTmVFAIy9OYTqIUNy9z6qKrtWSbhmHsuq6U0tUy5cQUXQ2Vmm7jao2NmciwVAJljb7OqV2ZxhzHoatdKXXKlm0sKiYFALjSLaeV07VOEoGa01D6Oq1yNY2VmC82ZxvH7rnrjpd4yZc5d/7cYtZvbe9ka5ZQenTpRDo9gSZPJTrZgBUSblOzSxeFmKZsbnJEpyRboxanEmNZxiB1mQ6BsADTDBBgYTIzQrYRTodshDMzkywKUSXCrZmcpgxhCZcIQjWitUZz2g0bB4EVAiEFNhK2TMvmTFu160NJRBLZmshQUZSWrZQiihgzHbJxs+usgNyMLSnTthQlpDaNk1utnVAUWXZiExFdFZJtVSF5aoEhpQhFNhO5tbW9JZ8/f+EVX/UNfv+3f/UlX/YVd1zX41FxUMPOoEg0py3T5FpqiRKKmDIFKpKVOdXa11KnHFGEmKYc24RrqX2RAtrUpmkcx8keOs/7rjApKG4epzVRIm2jJBIbBUg4LNuuLhMK4+JEas3YSFLzqFRISXZRFaSzUq0k1JKEopJhG9lRSw05xNgS1xKSsqVkWzgbFBdryoaiKDDGKFRcJiUm3WiU0kURTVGUNoGMQCFLTtxQlBIoShsmQxSi68hszclE0tJSlhKyk4womTJyZkQCUBRpQlKCbUsYhQDLxSIi0pmJFKAQiLRgalPf1UShIAAysk0uQY1oEkKZzaa59jXwME0RJRQmrOZmB9nGQIgokhxIsolQZLQiuQGOghtpiyKSCJGJHCmHQkgERYFtKWSME4C0FGncskQopdKFncpw2A1sDE6DhEIyhESaliIbzcCYQ9d3c81SjlpKrdM4ZRChcEGGEHbSdd3kdHOUGIdJGJUUkU5nTpNqlNKHinPAGZLD4RJuTqKrJcJI0DItZrVmqOXoMWuptVbJ07CKrvYhO+2wYtZXYGytTUNIXa3ZqBEu1CxNVokSGFWyObtSQWNO89ohxpxqBKJEzWzjalRX10cTir7vJhTQxtaUBUHtui7daFmdzkD2MI7RlWE5OKm1RCmh0tmTPI1TWXQ9djqiGEpXZMb1MLUxmtIRMqJNTWkAZ8usKhRIogjIbJlRSpRClALYrURNWsC8zgzOhuRMIiR3XQd4nBzqVNKe2qSirtRCaeTUphrVJA5CUxuMrWjNolkaM2tIKAWZnlqWsF2K5vQKAaRL7RUYSxgswM6MUDTUIQKoRAurKd0CRcgIO9MY2qgiRZCOogQsBAYBJBkKg5sFAiCikA3T1JAilGnTMm1QwVY4EwOG0tWwMzNKtdymMRW1iFJysrAhSs1s2VopVaF0yhaOEhBumUEoDEgAQVBVsw2oEMYFOwOlM0hLknoip5ZIdms4GyGRJaIr1SE3WUYBRGYGBAVS4UyslhO1FIiiTHJKRdoS0FU5JLdEZDhAImvUZpMl3XAqFa0o1JoFISliXmom0zQ1siAACSuiIAuVopxApFub6IqxQkYFHFbmlArkTIECRxRDy4kMC5KMzMxSAinTzaMtUFUFY1obQ9WZqIRtoUyHimulRh9tlRmEip2IiCgKCUnCzUng4nEaMz2OUyljHwsVO5ttKKFaCpMdqVHZzRdFEs4EWaWg4paGUmI2mxVpmLLvumzjME5AQoQqgd1sj44++q5MTeM4tSqBFEBXaxvHtGspUdWmKVspkm1AwqbRbLBkisK4WOs2kWm3WrouiotHt+akudRSSvGUwoBkwC2xk4ggoirw5OZWFKqd5ZxS2KK1qZSKIlvaqVAgS8bOxEaBM1FImWk3YxRBqbUgArXmrlbjNmUqrRpQogimnCwVB0G2lDRMY2tDHyUjsJ3GJkqELeXU3DIi5CZqNtIqotQqZyYKwEiZ9tQsTZkFERIqESaGcfQ0IitKiVpquDkDMkuUlg6lpHQowZYUUmYWyekAI0t2AiU1TRPKohqzGq0dTkOtMe9ny3FaHhxpY2GXcRpbtlLK1KauzkSZL4qtpKmFCpYgg5qe2jhE7VRUSgmr62Jqk1tOGt1cShjZRsjU2jmc2UDDMGATdKVabZqw0pM3trfrfOOv/uKPX/8N3uDCxYPF1sai71erIYoEhKKQU1JMghAhAbIzSqQlCFooUHWuhnHqSshVppQAYyFj20Jhp4SQhVtGQEgIywUBaYGEqM1TgiRnoight0w1XLK1REWyJIBQGLtNLTNTzRJWEFGICFPIaZwmSRFIuERQnVOpXcqZQnamnIjMFlGjRJJ2yhlSBIISwtggl1IkoSQnA+CimHBmmlpq2igj5MkTGYaQkKfW3KJ0IVpr4OhL2iFCceLUyYvnL7z6q73mn/3pHz/2JV9KhaOjvXAlSpvWxpa6rtrV2HixWHjykGNf+q7WKKVNUYqmbJmt1rCi72c1a05pPLrJAEKLxUamp3HIkAkJdYzDEFGjdqSNZ31nicQ0Y9s2zSmpdJFpu6WUuKgWoARWlJjalFBUnCmVEuGpJSqSIkKW7QzJigoJlp1p1BQVUnLt+pbNaUmCtDEtG5YiIJ2uoUJpZGA3QmQG2SAhKLbDToFCYUdU4eh7QukWpiEpwyJENqKGmgFHThirGBKFHCrOSUTKKDyOQ9rprDgBu6CCCMmEBBIyNm6ZKjQRlqvVSMCOiOZmR0jpRKUP1Aki3QKFFFKzw4ForYWMFTXcPDkjAgFu2UKS5QBhIgqZCVaEIaFEUZOKwGCgTSk5qkyBhDTUWmycDQtMUBopOZ2MEQqqOmLylMk0JUiiWBFdF0WZuDnBpdS+m0UfHh1FJjMnRpVSSpUThxUSThMKeoULSTprX2htnKZMqUQoJDVPbco2jURUqZv1qI5tyjRqcgrZmckwtigax5HWoputV+vZvEdlrki3YRw0w/bQIkqAMVHCJt2iaJhalEJYGAhV1cq0yqbW3NXORW4ZNUp2EKUo1EVEFA8xKqwSRd00DJZq7YTbMA6jMlsoqithpFIiIso6AlG6LrOV2rk1miPUqYxtHNbDxsYChxIhd52FbamV2qtlKd2Ac2qYUmsat6lNk4OOIJTTlDBNZpz6jimn1jJqRVapAiQBdkgWbZokEMVGyky3VASSZcttaJoJE0pTSu0WtcvmWouxPSVks0uxXKKoxtiGAIVqjTTIhCVnTpnUUknTXLtiM00twkYUCdKJStLCxc0KRcjF0ZAz04WCM1tatSiaJqcVAuXUDCkRRkTUyRMJkYhpmhRSkVPZhlAkyCaq1EQpEcbTOFXVCGVjGqeIkrZpmTXkxIxZ51EcTcpsrU0KyUSRFDgkpshIRw0bYxU5mRhrK0mKKBHNLWpVgtWYwkbFijYNaakQyiwhFKWENdnFViEn7CaUIBAyCAwZxlEkmbSdtlLUKBaBrWAaE9F1XQRk2rKSBJBkO9PTNOaUIUKRAJqy2YqQkS3bMSXIYREhOxXFNik520AGssKtRURiISGDZdyaqaVDTDlFqFCaLKnUGjKKcRyLpBAuVmJCOEo6kUsUQ8EtgkxVT9jrIXOSSpJFFMlWWMi11CjF9tRiUedZPU3rEvNau9amqU02IQkUTJNUaEw5Zt9XqTqF0ibbZLthSU6PY2sNk2CnQpFIyj5q1LoeluM4Ottm6UVt7ai1qag4nJ7kgrBQOtMCKODaz7KNTpodEU47mxSllFC0bKOaiChgtXQUGXUZJjNaNmcOMhmhbDkBYKyI4lr7WuuwWmfLCCWNaNmMopRQc4mu1BpF49p24iACDMIWocAuGGfLNpXSRVFOzXZmM0hSqGVKIXAKmSIFbWqSInA6jUK11GyTM9NmalNORSGws7VEaUuSQqJktogSklBX6zgN0zSFaa0hSgkiIqlRVCgqSabtnNIZoVAYnOGJyYkREajIzcYKpSKCCBtMhELZmFridEKJlKY2TFPr+poi7HUmmVE7h+azjq2NUnpkt1EKYYhxHGvX1xqtZa6bRO16gzNBNDC2lTnmFCXa5JCSnNZNEVW1r9HsllOza4SddVaLurGNbbVU7RezGWg1DKIdP3Em+sXP/vxPvtVbvB2ws71Ru74l4Fq6JBFtRMJ2KQVCGHuSQ5ItmQhZbqaMRbUPFEgl0NDGoqhFRG3ToMCyUE5OmQTUJltZolhWChElUgjkCaMoklGRkNWIbFBsoigVVbaFs2WjqFihsNOSohRMmyaq0ulMjIWdk6koiprL2KZQSJZJImlKo2JMIikgVUohuaJlawJLY2tFCiKj0nJsLRSlr56cWAFppaTIbPY4Zql9se1wVVUU0gIrsqWCZlqbuqKtrc2Dg8OXe+VXftxf/dWDHvloxaqtl1IgG3WlwzYtImQSUlaabAbbERrGSVBKL+zmqMqUiotiauPgLKq1q6BS3XXzoIxtQNVkE+CwR6ecGUJCEYq+VtuTE5HpQFHIFgQ4mpsjoJiUJWhThsOSnCpVkmxZLdOYFEqVaDlhDIpKm0AlmBLS6SZkuU1Zaw3ZgrSN0pJDtmQrDa2pFIUi3FJyWLZDToyFLYWshAhFBB410SSyOSJUItP2FA5EkbJaWeXEgbGMi5myAaZRi2SL0lq2qVEk1ajKZstpAyhJkgSL6pZpIJKEAqV2ZRon5zQhKBEG2XZkUKm0NIGwCJWq9aDSSeRkVRVjCytxLUGmIe1CFEUjBQ3RmltzVGilyGmDVCBTiXEaMpO0AxFEKB2GtI1dQkA6TULpqaVLZRuHUJXTRJUSkaqlX+W6ZEDUUp2ZQ6IqbIpU2jQCzmjOQIKUnamwsssAqVAiZEWup0ykVqMbpjGnMaVSqnGzyzSN4zhOU6VGdEkjQ1IpYZsopTT1tapbrkanpFhNwzhOpQR4ap7aSo3FxrzrepPjMNhJMrWppLuutKTZUmNKhfq+lsgMxuVytR7m840S3ZRtXE9l1htPY5ZaW8thPfRdL1RCUtQaRJGNIidqgCwE0jAM2LNuVrs6joMyx8xAKpqGEVFKIcREOo2nsYERRLRpknBmVTgcpZIWGKKWEqVlKtNiXI92WuooYYY2zKToK4lJLAptaJTATOOEBKaUyDFtFLXWkOy0M7rSl641txxVJqE2TdhtopRSoovMKSfbBbmL1pqTJAthZDyuVirqZjUzMzMVdta+SMjglhaZXaku2CoBEWlZlpAIwsp0lA4bhEqxW1NinA7ksKOgxIkVCnsqCpPOcNp2UcUYS0VFalYJ2ZmamIQoBWjZggiFhTNLKemWadnKpEYm2RqREBE4SQhkS9iQ6RKBEU4jBx5xJFmEiaml0yUpXWk5eaDJNWlqrQENIkqJEMaZUzakyVIiANuUCCNk2xaRqiFXB6ESyC2nEiUUYKcTB1FgsqepiQRZtMSZJdQgLMtTS0irynbmemzYtSsluhIFbMt2INvIJrHstFUiEmc6s5VaXQpuTkeEULOLcLOiWomhOWYdzpgmlVKkhkmXGk7CRuQ01a63UoSYIkriAGexW4kq04bBMkZhwJNtIBsRbpZx5DSgFmWGVaJSm8mpTdmoXS0SijaNbUplRJQgRG3ZZI2tQUaJKvW1s0GSM3NMk8M4To1AJTw6i3NqWF0pRM2WR8OBUa1dFKaWJMg2fe3SLd2QEBFFGGnKViNCNKRQUUEgEEqHsDW2FsV97ZzNIFnIJHI6AxkXh8MWVZFpt5b2NE0OSinGIKJlptRT0tlse8qWBtciRWSbRADGtp2STBpCIqQMgjLlhI0URGaLgBJySzJcSKQQiQMUnlAgUIiUABUCSRFORICLlFGAQBahKLUM4ziMw9imEKLIEEVEtqxdKUQ6WzZkpxWlhFDBmZkyrU1AEBYJtmupzrRQLTNinMbWGripNlqhpC0lttKKKJERESFPE85aapSYxqSQ6XlXKbbrNKaidAqFsnkcsshRAtTaJCtqwW6SIEJptTZN4xQ1qrpJbm3cnG/ZjJkip7FJ4Wkap0GlzmZ9zXI0jV3tulqP1utZ1WL72lbmP/FD3/9O7/YewLGt7VICK9tUutqyFZXWJgVYRExuIRmZDEUpatgtJfe1W3vIdKAotsKkQ3IYQ+Q0hQKFndgmFUWJnQRCEqGwsS2TrUnhiKgWtlGQJkqtmpoNqChHR6QABJIFBoWKw1ZAYhQyKhFjpnFIaYApMxyQOInAWCZbqEQBlNlslVJaWkBVpENKFwVERLY0YApurWVTFCE5kpaJG+BmilsUkTWKooRbYiICjDMC3DBkKFvUbpzGLspiMV+uVq/waq/613/1lzfe/LCj/QttWJWoiiq3yRJyumVmNkAUi5aZzaEIE7XUwjiRdjYsBQXCqKogj2MrpQh3fZ+tKQLssc2igxhbCzdCnprksGVzWQWbkMdxikARImrIjpCsnBoCRRVpuYuS6bRxtqmFBIGNDIxjKzUkImSlFQo5M1vKjGPraxW0zCknKQKHSYzJQFZYFERp2cKEIm2JJGVlNqQSEeCAxM2oDdOkEhJCGKQoiiKlm5VuESVxJBRwIEtRpZYgF8kOSNlNCinUITlNkE4VuUlRnGM6hENqiZkkWhKkooomIluW0o3N4UDOlJWtTTWqIxFdCdvZRDjANUK0bEI5WoJoQEG2bGxLttyytampOpCJ0hXbyK1ZkiSRNkUFubVEWUKkUEzZwkRUOWVFhDOpglLsxG00HsMUIkoUnNM0WoXMyJSUObRJeJrGojqOLTzmrJMURVCRnS2kUotNmya3zCm7TiJMlq5GehonVKDhrmWu10MX0XddUTe29fLoMMcStSu1qEYJMmPK1nUdRbTM1iJKRDiz6yrOCDldFPP5giTHde1rVESgaVy1KCErSilh0lillNamAofDuhRKVxWhdJSyWCxCikBRh2HQOLqvktMAcmnZSo1MT8PYWvRd19wyQVlJpjbl5H4u233MpRyHwfbQxsQlqu1sU5Raa8E5DuNkopYSGqeGIyxVDcOY9rzvHdGyhZimNrQ27/pu1nk1jFOrXa1dBw2wKbUqWzoZphIhhdUYCyG3lglFtRSnFOm0RI2QmDJtZ1JKaW6OCNWQbCykmKZJoVA4gkSm1OJsyFJRSBHTNESUUitYNpRSCpBJCWQbTIZCERilYErHOKWwwqDW0nZESNjIBiScIo2kUAJJVwtUyW1yOi1oriUQhColWyqICIVtSUhGUZpTIcjWJDlJZ4RKKW2asLCQJzudNWXITDWrECUcMBoAp1MUJAlJiRUSbhZpAqMQLeSWSRvHlpCaSKyGiVBQXRwlWho7M23AakJplbAIUghkjHA2p1KSUq0kFBlAhFo6QiFwqFJxZiKRYAMqwqqhdMoZUVqazCZHiQ5a2o4px6CWUGaKQA0A5WQFmakoiSNCEc7WMrsaUxZFEhKuFkAtznQDMhEtk2xJISklIjJbKaXRECS19iGGRrjZAbilAqtUYWnKlukIRQ0RYJVAhigFHCJamxTCZWxJS5t0Frq+m7tmV7uxNezazSJGRY0AIp0iFIrWImraTqIGAjvTbllrTaHAIJPhsQ1yIGqt2Zw2RATCrdmpUmtmtpalOIuURbISYFgNtlWi2UgRRThby0apCpNUY0BYdjbjdFq1RjHINoQjCtiEZaVpRsPQQoSUeGwpqYQU4Wy0kSiKsD1mU6YiSDub05QmlcBpSY4oITkbJtNYkkvIUoku2zRNLRuz0pde63GUiFo8TSGNY4uQVChyy8xmwgabkCQpCp4yS5WdRrKSxEgChKZxkFRrxYraEcZky2l0KYVGyyZnlA6RVkAa2QqjqsyUyIbk9EQWKRRhkoZQFDndXFVq7UpEpkspitDUxnGM2nVdmVBVhayljuM4Ha2Pjg5DzOazUrv1uByn7OddpsdpiCi1L1UdTMPodOszSqioqph0iFK6LC44SVEWi02AUBubQMLTNCpLLaXWsbUkjfp5tx6mdFvsXOMy+5kf/cF3evf3Bk4eOzaF1uNQa9d33ZBNaQljOWQZlFg4UgrZCE0tscQwroUxVqKqzMxGCQGQNANWjcjMbE1RQooqp4oU2JDObI6qaUpjIoRLVAVttN1ktzY6kUxmOqVwphRKIWW6BQGAhTONQYLMpqJQuLgoKCFnWuksKlEibAtbkhWKEq1lJiVAhpZJTGHZQKPUktlslVDLtC3CZLFVwgYsaNkIhBXFRgIQtizLCcKmOWspiafW+lozp6lNMpvzHpUL5/de5VVf/WlPetLG5vFlO7uexpnq0WpVa+n7Wctme9bPx2kAR4QtZ5YuWnoax5Y1ApXArkCpEoVAgfA0DoO7Lqap2SmUzgn3tYbB1REYRSFFVUMts+FoSDRSQipYARaSptYioithXNJOslBUpGxTM26ZVvSdWmocplIEziaFgqAZGhmTHDhqlUiUCZJs2w2DBBRLMozZAnU1cgpEYtm2RSm1uE3CbjgkPJFhoyghcGYSJSQB6cSJFZhiA26ZRQUIhRTpCDWiZjqwohgKtlHQlWILp5smTRVB2gFWCBSliSiKyU1RSg1RZChEYkUCEGptSkXYaYfTBouiKDVaayRUl1KdSSYRzlQIyDamqaWUkB0tm2Wauq6qFKQ2jC3Tzai4WNiOiGw2bhGdhDA0AQQkRmEpHFJiDJSQzTiMCpUIMBGOUtxw8ZQhEyjkKIKuq1V1Ggenm6Zil9q11kqpUzZBCdmt9FWThrHVaITa1Kw2etLk2nW1dtMwKR2zkIRaZmt2kH2NiJI2KgrPZkWqElQPjJJtJVOpvdyc6uZ9mFIDM6NOziohOxUlSg2lx2xp5zRiup6+69ItkJqzNeRMR+kk2jhNzSpRSwmpqLSSXUZGpq2IHMe0WrZURtZpmoSLarXd9VVRMpvIxhjqoI1TqyVq1FIrKCPSqQYq3Ty8HroaRdF1XZKtOXDXd4ViZbVGO0qtNTKz5TBO0ZqjRFFEVRJky0xUNuaL1loz2VqpYZRqoQiTxbUUt0SOKFNm11XT7OhKZE4pGbcpFdQSgSZSRImCGk4iAkC1FJzZBKp9keRsEcVQalVAWkUBLR1B4kC1lindlCKjhLFUpmHsa03LtqzmxBgjZctSg9TUWhQ5E0VEyJZUQip1ysxct2yESpSGlVbQiFIhjd1SJrFNdEVZSxjcKOGWEiVKhLI5DRAlSEcEUimhKBNTEZm2lZnRFRk70ymQmZxqLSSpyNnPu3E1TG2qpeQ02aioq3Wa0jm10aWGRYhMOx2OaZoyycxSai2iRBubFCjblKpBI2mKItkmItIIi8gwmSqhTGcr0mQzNZGSopaiUmssV0MpAkkFWiZkJioQiswWUWqpGRZTTomBnCaBUYqiADdFpLOEALfMKKWYCE+ks0Q4SkiWMluOU+k7RTibolQY2ySIsPGUY6EQZKZNiUKV3ca0hBVVsqiKorBoTYVsKIoKdLVX0Xq9yuZMlYhpmmoXZHONRLVTG6ZhnLra9dFHiea0acZpRQAohLGcEyFnpu2guUmknEkposQ4jk2WydbsVAljrEyjLFEt2a3ZNZTGxmRIGEkR0aYJNLUmRVFEhIWNkYQzqWKSPSGcELWGWjqbVUOKbJOglILBarIg+lqSzIY8pWxntlpr13USgFpObSRK2iVqyC0zhERrDUwJKRQQESNjazB1pajgBjKlehizRlgSJqXS2hCErFq6tA3gSKUbmWA7SkWSE+zMlLDTqXQrJRRVgUqUhp0ihO10qESZWqONiui6WmtNa5pGEQDpCAHDMChCJZShGp6mBIxzQkFSwhmQDYGxrMwsqoTMMDVnU4QJq6WxEtstp2lI3EKqfYliZ4jMcVhPrWu1Rt3oT8znYFNDOet7pojmiWxTU/U4hTRiR4TQlM2o1CoYh2nKsZSuRBEtKKv1EGHV2px9rSDUu29FpeE2TTIt2/b21jQ5+rrT7VD7H/2B73rXd39f4NTJk2Obcpy62oWE1BMZNLm4pISTyZZFKCEopUuTQWBJxiBnliJQlG7KKW0SgUEoiigR6VYiQtM0RYSK2thaqERx2kKEyFJKhK1wtkwZJw6uyEwiELJbKQVCQVqloCKSsbWIEoEbVpriNjUrIkRYkp12tmYJGXvILAokgdONDEwRRaRQRAlngh1VxQlgINMSbhlRaimGUCArI7BKCBxIQlKoZZvGJhsBoKIuuhbNbZxaLdFs4a6rhtH0Xe12tu644543fpM3/o3f/t2N42fGC+fGtu67mHKy+pAyiaCv3TCNaUpXo+WYzS1LVwQtKcFkRxAyEKrOplJqnbdpypZSZjaiyMi0cXIIFWcz2t8/MG2aSssGlkUkJgiKnIhsSd/1do6TZYwtG0opScuc2tQICXVdJ9GapzZGhENBSGG3NJZEGBeUOFuWGhEUyhTCWUvJNGkXsmGhkESBloqAtGp49DC1GqEaESKhGJRGkICzFLUGEZCZUUqoRJua5CkJUOBmJBOQbRxrVzMnKUKE1ARGUtRKm7JNSE4LWVmikLRMDIHBbkBEpFGEyEwFTsjBpQhJMklaUYsU2SZJ4RzGoRaV+aKUOo0NOVPQZJUSiRCl1GwNRVVEhDNTKFxUZI9T5jhFhEJCqpIElkq2lolC1OJME4RIhWxISzgnFC4lWmamJQmXwJBTqkoRtNayVUXapdSisCNsPNUuTHO6RNgZVkNqriWwCs6xRVdr6YAIlCZKSBK2czW2iBnZbFXNmAsQ2Vyibm1ujMOkqFFoY0tnOKY2Opqn5oQ0QTfrq+o0jlO2EhElSuCpOShdn+N4uFqFpii1m/VSTDkpVKw6m9cIRwzjUGuZbc7aOAlltuJIcpoamUkqS1+LapdpQSOnnNxco6rWSBe3rlbJpaqqpjNs1sPYxsmZUfpSY5gmJ/1sVkuPNE3TOE2l1hJ1atMwrMdhcmYbc0o3pSS7oQjCJKgZmZZNQTerXde31rJNpRRLLVMBZmrpqU0tp5xKUEqAS4QzCUdXuqiY1Xpok1er1TCO6/VqGnIcp3FYT60hpCCwcxjGYRoz062p0NWqWiXAJtOpqNEFOFtrU8uWkrookoyc9pQiAtmEJMAI5ASmNmGmMZHSLgqFLUJCRthWRDanWygEpXSlKkKEMpnGNg4DU6u1dLUWiiQZY5pqVci2002h0pUoYTxNE0YYhZKiwDS7ZWsg0ZUoCIWbC5IEkkiJKG7ptJ0mCSmLUIjikEOh1qYp7AZRStdJqBZKSNFAkqSuj67WgjJN2kUtPdmSooiwcU4TJMYmSoSihIgQlhShUkoJEC0zm6dmO1PGzlRItdSImlK21lpOzSJbgjHZGiYpNSLSzTJRJGEj44haS6kgISnSJClBRASlCBUkRZGMcSMEgBDYLafJUyZyywjLOJnchCJCpYAstaQ502nb2GrYpYSQkhIUlSiFImfiJKilBrT0OI3r9XqaTFJChSw1ZBuHAjmn1tISmVDkkIGAlsjYmZONccu2HsdxHDNpbmQrpYY6SWFHFJEKAc4GkYnSJUpIpUZXK9nU0iGJlip9KSoIYxWyJXJrCZRaImTcshmStNPZ0nZria0QkRb21JxJhKQQlsNJS6cTjHGaNk1uKVCJcAnVOlNELcUGp6BGlUS6tUmYEsitNWxMhGxPk9vYLHddV1Bma1NO0+hmt2lyA0pBxjK0bDYm3NpUS5mmab0aFQGlGacTgyCszMxSOykkiEAhQriNrU2tllIiVBSKUIBbazib7eaENKWUrvQpKd1sS0HYDkWgKCVMlBqSBAoR6VSJEiVBKtQoUkTBkXKSCEtOg7ECqQFSEVEiovazjY1FKbVNOaxWbT20nNo0jeMwrIYpW0uvl0fDNHWlp+TYWojZvLcZ1sv1amgJaUwxRq3lMI0WXfRRI4iWGLquEjUhooSkEBgigRQKo67rM52Z87oos8UPf9/3veu7vy9w+vRpK2opSAIUU2aTwGEnBEZheTJ2MymotZQIka21zAwoJQjchNRIkKxSQ10BASIyJyOQjGQpSAEKB5RSSkSJqF0VIaqnZgdhTESo1hJSiSgYCaKEDRhboJBSaZcgApzqopSiyCglVLDtJFMlRKAI4SBEicAmW6MZ11L6+azrOqXsJiSlCqGQUxJOE0QgOWRoZK21KCQ7bdk4pymdUmbamU6yGUOodFVS5uRM47RrFKngJgIsFISC2WyxmM9+83f+8BM+5qNo42JzsT4civouesYpolMphmbcmKZJpglbUQrCMI3jarWehmEY2jRlSyuI0kku8mKjL7UTAilt6Od9iaqIUkPIphRJKEiTphYoJUrMZvNFNwtJpShwGhQhSc3NzZk2DiMpSqlRIiSDVGuByGxkSiBs2bilsZAlVCxNE04yoGVrmdkkHHZaTkGkwQkYWw5lWkFfa3QVopSiqHKA7YaEUFGmIiiSTQo7W8uGUYQN6UShGqUUYSMAknQiKRQYZ06Tx9G2FCDkJBVy4sguimqIwJYiIiAUAtkEbvbYpnTatk2CQhG11K5WUChq13dd16z1MCxXSwUIAQ7biQRRgrQi5ot5rTFOY1PaTZIiiFBIQWa6NSOgtWxTa9nSFjiNFRGkMxsIlSgK2YGLFUiKiFpqKXIyZsOhEsaSkYKQTMgGCbsQuJucVo06q7M5paPURddHeJoabkSJKrcmKVs2u+86O1sbcNpE381qTeOWUhBEobU2tjFq1DovUVprSGG3YTJumW4uCNE8DeNQo4TVspUoNuM4TVMO07Rejdhd181ns9ms77qKp2yTRVCNHLLUcmp2prtSu64O0wikPGVTlNJXUna2bOkmXCJay5D6Wd9FDQU4otrFTifNTlTtlJnsaRhmvUt0NVxKtDRky2lYj7NZn1nW4xBRFJYsamsDmlXVBki4Aa2NpXSJM5ub5rPeqVKjRHFaJZyBnOvJUl8KEonThErXCafdnJGRbrZVS18Lyr7009ham1RDbqma6cyxlBqK5hYlIqK1jBKtWUpBSmlKlK7rSik5tUSWa4nWUibFNI4RhQjZESUzgVAQWg+Dm6WKo00NKH0t0rheDxpLSBKJFKTApYhEtcuWmalwrZ0nTMtCy6ZJDnW1CCSTRkIC0zKxZaxS7AxEISAtbJxpE1FKFSZUzShkqSjGaSJcVDJpbSUVSRG0wAZLAkKlIQVqSnA6sGhMtK5UQUJLAlpLaGAkUZxOHKVEUS1lmCZPk6qMBOnM5ojITCRCAEJGQghHA5BCkm1jSGwSJHtsWaNEweAsXWmZBoGxrNYsZQRSlKiZSdioZWuW5BJFQi0JEEo7aZmWA4yFEM50ohqE1ZSWCtgtrSSr1LJlyxGFZQJFCMtQirAJPMmyna3RJleFZNkOTQ0zhoWwrZCNmdJOyDYJulKjhE0DN6svmMyGvR7H2nWzvrcdYpoSO6SJFoSUYEWkLVxruNFwhHNy10UojVVKS0hlm8hUV4qUVrPaOCL6MsOm0LI5HVJza6PTLqVAZHMgJ0Kh6PtuyubmJG1IG4wCR6nYbtgtJFTkJOQk3RS1duGMKScURFRna04LOSTTFKVEtGlskwdMJlBrzUS0NqZFWCVEhpxpS8IolNNo09VZKaXZ09gkpI4SzRSiFpmY3NScEpIIhSAzEwwmnSRGJltmoYJTYNulRBpsgVSECSRlZmZrKWRFUVPiKOoctqep0ezOoCCRhJmaaum6LtOSrTQy6lQSOwpSabZQKoQQaRQEMs5sCFyQA0PpiluC0xaAcAq1qY1t7ZaZU9fVjmg0uVRF4HRSImxkKyKopVu11TCsiVh0nSKyJRClqJZpGNrUTHRdhANNJWRnFCmxs4ixTYoSQorMLLUwafLUz2br1bC5ue1+49d+5eff7T3fCzhx4qQNcpgStZHKJknGGInMKVMSKOQpqaE2tSOOioK0oWWjdNEsFEUIT0moFGWaMJKhtabAgmQiS1SUEUWqEkSQSbZhskQ6FZ1ck1QLk07LU6m14CFNG1VKSCTNrUYtomUKJ4TDzShIYyuKRDqJoGFBOkqkm5ESKUImIp1hag2sYZza1AKXCEW05hB2s8NutkPRWpYIJjcyUmNLIAhJhZjckFprjshppBAIoyhRwjYSadvYQZg0TYo0mYRAWVSmadre2Zna+S//6m+4+eYHf8THfuyxE5nTuqvder3KXEUwjU5ROpGBHEStalM2k21qrc36WemqM0MycqZCnnJo2aUpMY1jm7J0CuTmqBERRqWmFKUEqdqXWoQDq8pItsdsRICn5uahEKUWkAhgYzHPqQ3jkHYt2Nkyw0WZGSq1ZCOkRHKzFJLTNqUUjJUEU5umybWo4TY5lA5CBJFhZ1qSAjs9NWcoMA4pRDoZiUCy01hIJk04CISkoMiZKlVpLE9AsVMBEiWcThOqaVtktsHuIoJiWmIbBCGnbCOTkM2IGjWzxWRLqICVIJEWhlqCzFAkwkbYTeBkctoEAiR1JVrmZKvrAlmOUDY8NRcJ2YmZptamyZm1m4WUmS0TYxtUQggMknBCiaKKmyNty1iYRiqt7GKuINJNcuZkE4LEIkItVRQKoGVrmQW1tCIhLBO4kyLdQkGOY1ZJ6kq13EYbMoqczmjZaimlNFwBGaK21NTGrnaldKIZpds0DXYXiighC7cIWhuHNZCETXb9DFvK3pqi9LJDObZS+74W1dg/OHDQ1V7IQUiLrY1xPTZMRrNkK1qEnG3CkG40mamNw1i6Ump1pkfKLGS6GTaIWkpOjXRXqzCiCZocXQmDcspsk6F0fa19V1wymtRHKdM0TZk9HbaLqzrNoquVycKQtcwIs55GFLRxSsBSGiJsTaaWCspsSLUTKbdWS0RGa1PaoZCQiAgpPHVDmwruujI1y0hCMbaB9dTVmnaNmgXkUkuoCmWmSkRUkghMYIMNIaZhUlEpxc2WnU5lSyeNFFW1dC2NMqIgQhpb8zREKTUCPE1TmloiFKl0JpKck3EEmZZwSzlUwJYUYSmAUGs5jbTmGlgRYOyIEJnNxtksRZSCkxQCAtluKZFOq0RRJM60Qmog2yCZ1oYsRVE8tQkchsg2tSmzq4oopZY2NGyLhuWGMhNbBE5FxSQUmSmbJJIackQUOWktLbVMyJDCihJTyzCugZHVnBECItQUYZAxxiAbbEAtEVgYIXmyUYRUUJNibNOULUKlFkV0pQhZ6WxpShEIAbTMGsXKbIzTVKLU2pkEt2yhiFJCSjdkGSOw3YiwlZ5KqpTSAtxAoAAV3IjSOZttT6SyRqRBLgiQZGFaQYpIOWzsTEdIppFqTOEwkkg1plAFVclANAIBpAnL2JaQyKw1okQbx1prS5zZcJVCRbJTqAjlOJSiWvosKtmsLkvLNlECt2kYs02mU1ejTRCTEwVuTqLGNI1gAwYRpSQ47cSklaEgLIoAnNBakpZIlGkFCkV0Es0ObEkhspWICUjLQGsQoa7UKdOZKiHjdCklnVgoW9IyE9cmFHa2ySilqL2y2aGARlOJcCKFiiC6zkRrra0btopwLma9I4b1uut6Y7eRli7CIGeObjFfzDxOq2mMWjCJS4RKjZZu6UoUtSnttBUFkmwkKaLWDucwjtgocNJsI4UIBM5SAjOOo4QcqmGphBqUCDtNKN1oYU0hG9lICnAmBGEZQ6YURjSaUuDAzbXrSJqd2ZozkJClaRgU6urMZbr7rnuHYbzxpptm/Wwc16X2RvZUiSmtaYyUamltIl37btb1tdTlehnRdV21s00NRe0iMaZl2o5SolRyKqWmbRqUiJBkO53RFKV2tDaMNSL6xd/97V+9xVu8DcGxnZ0UnhpBItluVojAVpqMJoQEqhEuEZNNYmdzCJVScFgSTYRDcmamXVUjGJmKVWuMU3NLURRBOGzbslItKJg2Ts0TiSJIAUrSrTlDE4QUEaVlggJMFAIp1QLZacLOBKEEyXIoIu0CQsg0SaRznDIIKUwiEtlAE8JgWo4tM5BrkLZVimyjErgloRBWgEwiSWkiDCZRlaRqpwM5raDv5rUrbXLzJOc4tlBI4TQixIQEAU0psFPIVmZOOZw8fvrs2fs+6uM/4XVe87Ue+7Ivu9w9Wg3rrvY5tgnP1RPp5vTkFqiM2YS6rhubuup+1oXUolQJe92GaIpSwiRTjZ4a0zTaxQhHKTHl1KZRGYZMIw/jsI2wWjakiBjHFZml60NIku0gcVG4JRFpLKXtaYrFvE2N1iZaSDGlanQRbp6yGSsiRETNdIiUnWSzCMIpBdS+c5g0yAVSmBQCZ1KK0pKQmi2nFCXKOLUSoSAcrqG0ZcioHc7MbM0h2tQUkoRsJAWWPNmR2cBRhHGITGdOogYJXVethEJaSkVExJSjFLadk11bk8jEqQgwKcuipaccSdTJrUUpgKyE1pohQnZmS0SUrorWmhEOhbouspRxPdkJEojwlJlNCos0Q5sC2TYOSSoKO21EuEYvO4jmhsCWAlmlqZRsQlaEQ5Emamstp1ZL1K5ms6V0ZrYgkLHHbBGlGntKMA47c8qcoswn5KkJXEpOzUY2rTlMiSoRtJFSJWF3pq2GpaeU6OfzaUiTUUqpRdByCtVpmmotpZu7ja1NtUREbVOLktnS2awopbTMPFo2t1rq3v7R5uZmFxHUNmZCyESUxjCOfa2qJadMZWuKUHR9mxLTaNkaTtVSaj9NQxuzFDkzW1PtIsg2tSnHaZpallr6GjbChMmMWnPM1Xpda5nPF0g1VBNnoyoiSkZ6mFyrUSTZpihFEY0WUds4gSPKmqF2Xdf1w3p0jrWrpPFEhJwlik0okiyu4zSO0xBS1/XNFopSSpTVuAq3WlVqpVkUpwMyim0KXalja1LInqYhIko3LxHYblYpoXCbEmXLEsU4FFEjHOqQsEnb6YNhWUOz2axGZ+PMtCWlldkiqqAonA3ZjqwFZ8iZmHQ6ulqkqSURBVE74cQlBJBKT5OzRGkuziylAMYqIUs2BLICHGmnKRE1gFBKgZO0jcmMGgaTzQiVUkyjhJ2ZqYgJqwgpmyHVHF11pqFEjQhJIRUV2zgltZZgQJKTpLmFSgSA3DLTqoRqLTUnNRJbVpGs0lraLduUFqiWAJKU7HQUCRUFSknpJlU7BWmjlIRkLLCkkKdmhdwEtevaiLJFqI2TkxrUrnfLETtbKRHRC1o2IYq66FPZciLk5uYWJaKUzMw2RkQojG1HKBRpJ1jZRdd1dSJpidMoM1FIqiVK1TSF0+nEWARGAWRmy0aSTlSiKizVYmdkpkGWbUm2EaSVoRqldH1tmdMw5aSMpgIWmWFBiLBdah9Ba209ji1du05SZIYCyWkLWipKidLS9lRrpQZJ1JI5kYhIpgJIYTmLo+UIJQslI1vLEEFEjTampJBCIiLCadxaRoJqIYqGqQ3LwxpdqXUc1iHVWkopCW4tk0wTJo2VmSolcJMlRS05trSilEDN6TZJoULLSY4k1QJSUldKa9l11a04mxQqNbMVHBFtmowjokRNLJRuhiCxAYWMbYapFTVna1VeNbpQCbBCNTswTuyJJKhRbKspwm4ZJZrb1FqlRhRnTkRgRXhK2hSllowJZ7qLQtE0ZUSUWjKb0wpK6RSMU+Y4ObIjZEqA5OYxJ0NXi1M5ZZPk0pWSdmaqREuEwzhNkEhpTJQoRqSTRo5Tq0UhKBEo1WSciW0H4Vmdz7putR5qrYFXq2GsbdbP5Eh7PazLbB4Fmaklis2NmdByuWpTq7MOWC1Xafq+q13xlGmVUMtEyChKyyZhU4Qym0GWlCFylGqIxfbJvd2Lr/Zar7Yep82trTa5qqnKdiYoFSWiNJpJkSUjagUjS6FEIhWJlakwlgRSlHBLgTNbOu3WWlrVmqamoKpM4ZYpJ7ZtQURpoxWjXKQECNVa0xlNrTVDURi7ufSKUJuQG1LUAHAKnKjKaRRhibQUEYBNkQAUTEII59RMRM3SdaWV0aOdkgrFuDlpaTuQSpFJJDmkTCNkIkICS5JpDtnYxlYoHDgbJiUwGRRJpYbtluM0taLo+x7JrTWZ5gQVlDJWFgUt01Ci1VKcOWo6ffr0fefOv8Vbv9XfPf4ftk+euXT+PgLwNI3Zl0RTtpzc1Oy0Wyk1W1O47+ZOD9lMSzrjTDlsMorcik1R1NoVqZSYMqeW6WwtmVqQkqQQmoZhnFoRAlsKhfquRCZRqKXY6UxKQ5GTV+2odjWkxK21kEqpZMtxckS0kmBStsFOKOmGnSizGSSFKCppjBUIJbQpVS2X0gVpsBUikwALimg2ZNReOSVWAyG7kREC5DRytiJs4eaMEl16CtKUUtVazZZF0SKNjRVFluVAmSkLHNbUJgAhC1ugUt2mbFZptYabEkvgNBgDQWTDmZGW5ExDBLIShaSIdGvpWgpkm4wAO9LJsHYJJKRqN9sIhSJq4mwZkiSnhQJZstNpW9gREYET27aRhYxJSxGGULrlNLUkpBpRopBuk6Xsutoa2RzE1DKKSCJUQlax5RQpRZiws+WU45RyjbJerjJzNp+pdMJuRrKUOSGkyEwpS3S1tuaxTbler5w5Nc9697Ufp8F2a4NBEbVkLdVTM4oiJk9jDuOqdt1s1hUY1zlNTXhow+HhfljdvK99GVd2GxRdG1v0mvddpmmpKEoiaC2tBowtS4kooSiBs00CglICSMk5SbGeJmkqlDaNeJo8K6UzzdBFReAUynRmoqj2lDbgUHOqlMXmJmBcogxtLKXYjMOI1NVqZ1vnNE1KU2fzeT8OuGVzK9Suki0zs699s6dhaLRSSqm1ja2W0tVumCbnpBq1lpwSU0qRnbZNqZUcDQBo3s9sFM0ObFom6SSbg8jSmtWmEROaQAg3J5NQKRqHSaEaJSKcOY5Dqb0zUxlWqFqpUoqEkUizXg+Z7vuuK2U9ZaJpnGLW2zRSSlygpYVdSrRMKR0i5eYUwdTskGbzeRunYRhKiVCJEiG1ljbYXVSklhmSFCBI3CRFESBJYFEimp1GJFiGbLZqiSg1syWhkJ2KUktka5nZWk45BUQE0GyJEsXg5symiFIr2ZyAEaWUdA7jOE0JloIQJFZFpSs2WJ5GINMUhYtJSQq11kJhsNMOe5KikRJYloRlCTW1yKBIzU3BNFLLfNaPGjEUJx6TmMZAbti2SadQOrE0ZRZNOSEVSKWnZillhYKSOUWp2bDd3KSOYpqV0ElCjpGpRCDCpWG3VFFOOFNIJeQkUQmgNdsTyGQpRShBoRCZpBQECCmdgEIts6hGFGeOOUEiq6hECEsQJZWFlMBAmqKg73pESKMz0pKMW2ZrQ5rFvMz6+TCM47C2UYkSgYzU2oQzVBQlhJVJkhEdEX0NDa1VA2mQgbTVWmZLBUIlguhaTrLAbXJIpdRMMluo2C5Ss8gppNYyW8qhkEI1OmycIiJcI6YKIEiZdIIyQ0KSFCblgExaWgJLhckoE49unnLqo0eqCmOEALtNqWIopStkgMdpsMLTNLnVWsnMMK3VUkCKgBTKYBrH1lpVCFJG2DJWGhMp9RFpQ7OtIE2oRLFi1YZMh0IRkmoURSiKM3NqKoquSsVeIxeKIxukjV2i4EwsK90shUOQADaWA6dtokqQLQol6jQ1RwYiQ8rISDIdJFgSahAqopv3oqzXy6PD/e1jO6euPVNVVtN6NpuV6EuJKExjLubzbtaXKG2axiFVoHk1Duv1crHYNp6mKWqpqBTGYapdwUxTKigKARLgRildy2kchtr3ISIq0JqRF8dOrzNf9/Ve+2B3ubGYY8qsq2jKSVELphSZzAycQlFDkqEEaaClrZSlUEQ0I9stozgbrSWkpZBqqLUkHbWWUt2scJTI1txcailFTqPIaSIVxSakonTLJmNDcVf6zGaTkdkadjgzkcAtUVS5OclIVEqVcrIVIWU2opRCaw6wW0SRDKHqqhIlMEmSiAzCtkUpMlGKZSHcMFbaKpKw00JOW3ZXe6lOw2g3IiIC3JwkoXC0TElVge3lapVT2q5djVCJsGhNkRjSKcs2drpFqHbFdrZstCIBGdRSnnHn3e/3fu/zwz/8o8eOn9q/dN5FszKLGh6nGqVudKFI26rZLIgoUSLHnNpUS5RacWY0malFkR3KcaIGuHQ109gphaKUOqlhT9OUqIaIWtQoSktOJ1M2Imt0EW45kZbUJiukQBakJEymCUwTilIiim0DIEWEsNOZaWM123S1S9KNDJmMkO2Wxo5iXNIZKWxLtUZrlgwiIlCbGqk2jUFpmcZG1ZJl3OxGK44okc1WmpApXXgsw7iOSFEwOCGqoiVh21MChMFWhtUUNVTslHAjW1KiZBuyORREyKmikiIId9DstEWoRtemDGdLSg0k204iBIBLqa2NaUezyWwyhJRuQBqnSmkGRUjhzBCSjNvYwJKasosuiqb1aBERIQzZUkRiYxEOF7sZ42ypolCxU6TT45S1K1FLtjZNY2aGnI0olFLA7nCjZUaNKCWw5GEYAopiWB7ZKl0ppbQcpzb12dkgBG5TGlCp4dZaTiZmob72AxKuJYhqr1umlNOYEahGJtM0ZotSNLWpWJ1KiSrG4ihWjk1yqZI6nH2t8/m81LpaLsfV2M+76i4zNU0lFCFbLUdwWAq11tJ0XRVGoRLZWoKglAqOQpvSICGirx0IeRGzWktrJposIWc2o2C+WOBMNzeHk4C03ZxtmtbDMAyeGrZQqZHTOA6raWoyKiVKdXhjNq+1b27NDWzUd7MSOBUqtsZptNMQVVFqkfquJ2LKlm1qxqZT1FqUTk/NlCglatpJSqVIiMxMJrfMtGEa1uvVlK0pAGOFs0SpNTIZ2+TMcZpW47iexnFsSJmtJV1Xa9+XKNOwQllVMo3cd11XK0VTTq2lbUXUrncyNUqUyIwIQTFKatd1tRja1KZsmVkkEQJZhDJbS4oik2E9jMOAjMnMNk2tOdOWI1CRsE2mW2uZU2IiosimZWI5cXrM5nQBCROEpIhQ6atxthZGkTijRCkRUSAjFISttEuNeTerpQ8FliJKqRGlIBQKSZQSqqV2Xai0HLOlWxNSgqQiqS+KKKWUIhElMIklFCJROp05NUOATWuptC1J4TDYIEqStoxDRSYKUzI5s7U2haqkzOYph7GZ5kQKicyGsdNimiYnSk+JRZSKQo1aCiEhZworCAqkUxiFMcN6WK9WAaWUrval1i5KFAnSTShCIaRobcqWaYpcS41SFcUYFFJIaacTk26QBmQJkBTI2VpzW4/DepgiJClti7QD5ZgIZ5KNzGlYT+tRUonibIGYlZatZYKdyDkMY5taV7uu6xspIQnjlo6QZGcaHDiQDDjTbUrAspyAM1OhJieNQERLtyktI2y35pS7Wd/3M2eb2pgYnHabxpZpBEIYY2HsNk1Ta9nIlp5aCjBT8zQ1RBDGDVsYVEogKQIQRKTbNI2CTJNWAZEtJVpma9nSbcqpOUJFlZBSyTS1EakP9bM6n81r7bALpUiZymw5tcycWoNI3NUuap0yndSCSphsbpmpiCK5hCnFKoq0ZdJJTpiICAlRaim1ptPT5GZE4Nbaer10Tl2pfdeHSmChsKwEpMAO0XVVfWC7tdaa7WwtJJBJnJNTDqFSI1OZIJxKU0ttY8tsyGlLOFsaNTePNUJoSqNuSBfKYjbvuypoQzqZd7NSass2tSlqpL1cr3HOFotao6WFatRSO6cCbNxayxEjsJunFqj0JWoQAdHGUaarNZyIfnPT8NEf9P5/8Zd/18/qxmJRalTnlKPtEiHBlIBsEUqpCEViZ6Zba6OzOS2Txs04TUZVJm0aszXbgYGUIiQ5QgoZWktnBiq1K6GgihCllBJyGqflRLadtosqMeU0tAG772pEsUQI2bS0IWkJKlFAGCQHadyc0KZGc6GIACSIMIQJIN2myU5FiLCcgJGETKrhcZiaE5zpcRxaTi0zSbeWU3NagB1dVSlFErilM6WIUFGVkDMz2+ScWglFiYhwaD0Ow7BqU3O6VAnlZNsQNaSQbLDTIdsK3Mbp+KljtSs//RO/8C1f/42OvvYbRTaZkw0hYcapObOLUiKyZcvWpgkpFEalhIoMaStbJrJTlgCN47rlFEGNTorWJk/NTqOilnYpooQkQSkRIDnTkzPT2VqzWxqBLaRiN1qzpFBkZk6kHRGSJYtMZ0QIopSIWkqRIyJCMs7Ebp5Gp1MpRJJuiuJwEBFKkZlOTCIUIZhyxJhM02TJiFrCkuxSopYoLtiZDkUtfS0limyjjOiksLGwZTLtEqRkUkkJBQ6pi7AyW4bD2RQhRVGEABAqgpQQMpYhkCRKiZBBLp2i61Qj7VqrJOckKRSZGUX9rEpAhGqUKEKhqtrVqKWUGkbCgXAzJLIdiIhSikoUCyxQiZCEE5CBdMs2YSADLJVSikKSkxzHCJVSI+TisaXTESFFZo5T4iQNjlJnpdYobs6pZabDhmkawPPZPGq1AwJp1s/mi1mUIpnMljlNTaFai6dsbuEoipZTttYV9f0Mq3kqRCStteYpona1Q2AUxWmpUKPJiCg1+kKoKIYpbUqJyRPEbD4LRZRutV6OY5ZSaB7bZJuUsVOkVItgsTnrui4b2HbKKoppGFprErWLNqVClFBSS+1qV2sEArVmGyeKAAgrU5blErVEtRwWKmHnOA2K0tWiCNVoUw7jSFoqijKfd33fl1La1KKUKIGMc1itLWazWYliwnLtOyLGcXRrfd8HNdvUTAStNZJZP+9n/dTamE3CUcYp023K1lqSrZk2TVJIkW5tzBQEtetq39VQqUWSDOmWqVCJ2vddX6uilFDfdV0pthRRo2ttHKYJu0QtXQ0rooREa9maW2ZmIsIR6kqd933f1whKqVG6iA6UkqGth2kcIUoVmUmCEjuTiEyHlE6CEoGTEl3pkAinhZtI3JxuzsQ4E5rdWtKyRESEKMWkm3FrzS0DKSoudgKl1FqqiBAoUmGs0s/6DiKdqDSnsIIkW0tnC5ySipCjRlU0JzgiMBjcihShrsxUi0qkM5HTOaUZp5yyNRuhCELgbM1uiTMlUNSClDYiJIgwoUhP2ZqzjdOYVpEQIc3m81k/U2hok5NSInBrU1GpXQ3ZhsCkAKESXd+FQqEQiBIIp9M5RQkb56QoCQhFqMrCOUlINTChsDHZPE6j3aKUophahpEksOQECUnYKVthy5A0T25pIxwC2c4kJUVUokiUCJvmRlOgUpSZzpZTOtOAsMk0smppzkwm3FoaK0opoaapja1NCmpX+34uc3i0Ojg8nDJrNytRSGOhsEFqU1NYQko5pSSU6alNIalYRbKATBdJCjcjl5CVbpBKZ6YjyDFXq8HSrOtLLcagABmSCElSGhszZSJhdSGHDGk3Zy10pYSKUyLkVBqcLZ3Z2oQoFGWz7TSZCkeNUJnVThFtaq21Igm1zKDV2gmwrJzGAdz1HZLQfDGvXSUpfVF0JjE4waFAynRrDchpai1FcctMZJWui1oMuJlsMkqRCBARihJESIlJg7raE0JSDSuyTaUEipDSza2lQ85szVOz00nKTokoCEmSHWRaIGG3lrYLSnuaphwzMu2GZLmLkokkS9kcKGFyC3tM54iI2Wxea52G9TSOiYZpnKbBkOlpGsYc29ja1NIoSleKbUXU2q+HQWQ61229Xq8SalfcvB6HrnS1dmlay7GNzanmbE3Q9zVqkWNoU2tNJVw3vv8Hv/ebv+N7iljM5w1HxAStWaK11twamdkoQqFKtLSbZCE7oJSuRJFEYIJsDiIiukCl1hpRZAtUwJJU2jhmTgggHdkyCiKGcRjbZFooiKLMEIooESWKFB21GdKRBSnTkpRgIYna1VpLNUo7G0ZKcsw2TWSbnAWVgkXDSQPSzszWptZymCZsIpACKUIutSiCcWw5ZcuJZgQBgB2lOiVUIkqtRRERreU0TTlNIbkUJNWiCGxQglJEiYiQoxRFDdSyuWWoQBEQiuhKDWOcJgnJStsOhYIiEYQU49F6Z2trzOnjP/GT7rjtGYuNnS76Wmdja4lDuJGt2TlNmW4Nt2zZEjmbx3GchnW2VEREUSkmMyeQMyKiTW5jm9qUypZtnKY2NewI2wKcgIJSIsAKSeGkjVMbDdQaIWGcthMwRo4oYIQKkrI1W1itZTYyM6HZdqaTAJBsG0/GRITCE+M0ODIURUWmecBUKSIsMLYF2TIbUWvtZ7IKSCUkEiWqga104smpdEQosMBM45TOrgvVsE1zSJQQCIpEYgA3G4FxOp1TGxHYVUWy7UwbJDkz7YgSiimndHpKsJ120iyT2YqUdmtjRNRS02laRCFDFDA0QQiiyCZssI0tO23cWqbdMo2FZDdH1FJRtGkah6Y0EFJVYLfmNk2WSg1UDYbMliRIAREtLVtEidKVQLatoETpohCWFCGRlCAdJSCncfRkIRMogKKiaNM45TBMbmFhotSoRSgiaulCjK1lc5MlmnOcmjNwrlaraZqi1iTHYeqjhEprzemiwBlR5ht9X7scW/PU9V0JubmbdX3fpRHhjPXR/vLwaLlel8psNrenaZqmnKLE1Dy0JiSp1lKqWjqnzCnbNNZSa+2yTXYqZGPnuJ6mNogyjdNqGFobW442KjFN09Fq1cJIbZymaWgNp4dpWC9Xh6vDKTMUtUgtiVpq6SQaXq/X4yq3tnaG1kCNFoRLAbKlM6dlc1UtHWaaxpyaZqHQejmogHFzX2fqwlOqhB3hNmUT7krX3LK1rnZO7JJuSpqzlGpZEbOuGIZhSuesryPpTMC2Sg3ZLRMblE5bmS1ojXAJWaVOiWh2ptV3XVMosRmnNZJqpNP2hGiTTam1lrQZxyxEyqWGacN61Vq2HEqpxgCK1iZJpetqwVajISGKiFpsIrApJdxUw05auu+7GoqQxXq5bs4qUEs702GiCEVmllJL1dSiWoSjRo7NMjlZEZBonAaVGqMVkkykMlq2o4MlEaSj1moZCc9KP7VxNTYVIkqJSBunIShWtswpW0nVvlOoznpaMtnpIBC2W2ZtEVHdEimKWtqNokjckihIQg5kqakJlSgO286cmrOWYjunVE5jKCLCznHKkKJ4miRsqZQOUE7jVLpamtNJGhER0zAlrdY6ZdoZKpOt0aTrvEMxtTGnVgq1dI0mE5DNaQuLtAqR0VWQbFsKpjaVKKV4GlvpwGGwHFEECSUg3KaMCAMGMqdWahDhTAslqRZSRLRM7LQx0RXl1LDTqn2tBkmyUSGihEo2R6ldcWnRaJgiTYGNHCGRUYqilIjQMI5OGdINRZFb1mCCdNS+I5GcqWZEzPrZOAytjXaXLZtbqESo1q5No+1ai8FSKIuURC2axkaq0dJZRDNuTaFAGcIiPKVBEaEqoGRFliyiSinLhGJoTYqwI2iYFiZrH4VibMI0bFGdCVhgpZFbiBpqqh7HjOijm2goailDtlCAQlURMk2ahnEaJyRKtDaRUaIohGmZycQUs3lvp6CfzZ2tZbMJkSawUk2ttcxsJYqRVBQOSgRTy3QK47Kehr72NWJoUyETGRTFLQXNDQdRLAdBoeVUawmLTEJTjkWl1GIrPKFOQFqRcpUMIm1JAUSAW0pqtjMVCKsIkWlBMxSY2jC1iJgyZXU1iJjGKcSs2hHhIrAzcQnJNiq1Q3Zrpaq1bNNUSnR9R2hqltTXLkMBdgpJZZpa0kqpRBgVVUd4nFLa2Dr1pL/7q4/6iI8Gdk7s4EJTBCZRwUCSQKp0EQWRjQaZWSIiipicxiGVdEqEsWTbDSKcTdASOaOUNjVElGqHCp7SQcWpgplyTEuQ2YSwKbWUaNM0ZUYpCqwMK5NSJeeUMk1EqSUSQpKIIFtAdNhkSwtRpCRtWyqBppwKxWGwDVKKGkRf1DyOo00tBZFJS4fkkKzoIpoiAtSySZQS2RopQkRk2spsKVGKZIMzCWScOZmQCMkmuhoiG5aU2ZhKVCJUrBpjG9xQUGvNRtpFGKAlDqmr0aZMOxVF5cTxnYu7e+/zPu/5K7/xm7Ot7Qvnzm5vbw/D0ZCtRC0RmSArhYmiGmrZSg2lm10hM1EIQm5ESSsSILLGTM7lweFiMdtYbKxXA9CpNtyVSo3iQOSUUtRaWzhbs1yLEotw2DmZArZtq5SQorVJBtRyCooNgkKx7AwXMFgE8tSmWkpmihKi2Z5GORVSyM2tTRJd6VtLCgKDJKWTjBJRwi3TI8IOYaF02gRCCgkTQcvESSOnZjApyW5FyqC1DIoaUSJbGllRQi0dEtkyVKK0TBGqoQRZitYcESFnZjqDMo2DQ4KWjgiF7GzTFHItHaJNzWaaMkJRxGRbUmvNLdNWyBkGyGbhJDMjRKAITZlWrTWd2QB7mnBkm8YWdkYJIQKlLcDZgERFxnbLSXJRKaW0zMQhgYybkyhKRmdXSrplOhSqLlkwEHaOw5g0SUJ9V9frVHje9+S0mlZqEaVEFGrn9DRNnlrXd05nm6IWOVtrJaLrqpNpmkzWvtQoUaLrqbUAvbqI1tzaNJSiWgrOqbVQIYvSUSIzW5ugDtNyMboNObZ1vyiLjfnqSGPLWV+zNUUpoQjN+h7RsgnZliKdcrQ2jeuJUrp5r1RrY0RXqjJtY4dKY4xxWlVcFxuCcRr6bqGIru8rlsswLouKStQS69akmM2rIqqiZUbay6PD1WoNJj2OQ6Cu9KtpjZvCoUohmo0E2UbV0teelsM4dLXr+15SiG5WS6k2KVSSKZu9Wq7cxkIpUQpytlBEKZNznKb1+qhNYzfraleilq4rYQ3DgKf06MxEUQRkm1qblOlsU2t2BlFCVcIORRumYVwDLe02YvfzWVe6cRhL1FKK8GyxQIAkRyhKqBRZ0zSFsAlRu4KytQzqNE0hgsjMsAlCEbUXQWsZlsBoAqpUpGIjQbpNrTmxmhzITsJpT22ypyiRmVbtZ31XS4SQnDm1bFMzJmnZpsluWEo7IZyEIixKTq25jePY0kFkZk6pQsiWpjYktDa1lpMz0xJVJUSSEYFpLZOMKMKVUO08tWmaIrEtpFBEGKE0ygSsUC0hIk10IkSoFBlaTpltJN0SC9TAaZLmJDOhlLpYzOaLjRpRCWceDqtsSUtIpxS0NrapteZpGto0jdnGaSICM00TgcKEBUVRa3RRVFT6apjGgVSJGlGMlZaYpslQSkQik3JREWAsqdAyccNZVUotQQHRWogSYQir1IKx07JQSFEKIo2TsPvSRwhkTCZQSpRSa61KJ+CQSpvGqY0KSQosFVqzW6mhsI0CUi2zqakJoRAFFWEyUyq17+ezmWpBFmm7iClzapOwojRnw2qk6bs6m/cRQUa6mWaTTkVEOFGUiFKJCExGc8ptcrqESomiWZ1FKW6JjWQbSciGTJACALvrVCIIJRZJa+mUVAhPzSFBgRKKGjgyXUqtUZjcMhMjRDjBti2VRHKJolJr2BNTqaoRgpCthoi+1FJDCgDSGCMyLWG7lOi6rtYIhwrTOE1jm1pDVsEGlOka2B7alC2ztULUUiQBorbWhmHChERI4MY4DevVOp1W0JAQTAaopUogy7LcdVFLFZIFIEQJwulsExBE6UqESulUVaI4QlURCFIGm8kYrBCWFUUyInFOESXMNA7jsM7MiChFNUqJmPVdLRHROaJ2XUQttQQax2xuglIiSiiiRO2iKyVq6SRlawKwat9ThZ3NnkqJWTerdZbNImstobCzdrOtnTPOfK/3f5+LFy+dOHls1i8opLJEiVDpggAEmECSNI2jk1CEgqS1NWlBy1FO2zllJhIKIVomGUQXptZao3R9X0ufokhBRK1Y6cBkpih9p9LVljmMDSQpMxtOALLZzTaW004o4RIRIpNMyyYEhEqJCEJJ1kQQTilKRC2B7BARBSetpZxOl4hQmcY2tclyiSBUawkpcTpxBsoprbAzmYwz3Wi2pnS2NOq6kIRTEVCbcxwbtgNTSBAqas50Zjpb2o4SkhRqbm0YJidpEtwkkSJEy9aaDJmZLkU2Y45p1ypoQZn3s9/4nT/4rm/85qnOjx07tV4eSREh5yRcFFUlupppmjOlkISEYcppaiNuLZtUuqiOaMM4TSNW13cqWq6O9g/3MpuIJIeclMq0oLXmqUXItKSFUJhEJbpSbWQRVSVtY2qpRUWBnSphHI60UQtQBoRRKTVKTaesGkWi2UbG6YZduq7OZrWfhwqKqbU2kS1tZBTCtnOi2W5tyswkjYpKoAgZbIDMxFYIElQiJDBWOrPUWksJyUKJIqSEcNIkO0uRUBERQahQ0pPkrutDykxbNialmFpmGiJCEbVGSFU2cigihMIk4LSlWgKANDIBEDG1hmnZpmwtE6NAilJq1FJLraUqFSUoIUlEBKGwZACKkAqIgBQUHJCgKFFrhCJTJaTEznRijG0jCQVSZjprCUWolFCkJ7vU2quUbFlrUSa2JFDLFOGGJFI5Ti2bqJhAtUSJOu9nEW7ZMjOnNo5DRAkpW06ZpVSSNo5Tm5odqE2tmdr1KiUIyV3pSoShm3WouE3rqSlkNIwDpSzmG+M0UogSzS6lzLc2+r7PTFFKYJHZMIaudhElRUiZ0+ponbS+n/V9FxSMVITbMK2nqdSg0NWu77oSVaVKdqYd2RotRYSKwl03k6JGXQ+DMOlxGANatkximEZjnE4rAkpBiQtRa48jyDZMQxudTnvKnKY2TVPLZrdMe5qGYbQlRUQE9LVAtEyw06lwhKQps2ViB9HGsdROpUMirSTdgnA4cxpaK1FruE1tXI/ORgkmJ06TOUlFtFAttZRaM1uppZRCUXpKcrlcOidCdhaFAeHWnBScKYW6GlJYdF2RQopSa9f3wtM0tmy11tL1jmKBwCiQUkEToQgFoaRlTsM0uLUS4cSotalN49QmpQm1nFar1Tius02ldhHFuIgStaiUWhMQJco0TTmMyG1KyCiqJcAt01ZmZqKiWkIgFBFYiWqQDXWllGJoOVmkLbVSS6k1SsVkS1siGgoLY0lFXVcIxtaWwyrb5EwiDMhWUYQjM9O0zEyyEIWiEiFUo9ZSokYtBTIdCiBkRShKLV3UqnStdWNjazbvu1o3djYWGxshZU7NjqhRhGWIkJBK1FpmXVdChCY3N7puVqPL5sTGQUjYGDCkoBnstJFEKqJgbLlKlVqKSihqyLZzaomzMTknXKNGSLIkhSCT0QCRDYjWcpzG5manRTrtnM0W0VVCJYRKIuEEbJOtTW4KhQpC2ZxuBhCYCIdsnCDb8jSls01ONzcDEQU73Zxp0vbUWpgaxSGgKYQUBUwaqTVPngKl29HBQctW+gKSShSFCGQrlDhbNjLTmLTdkkxqRC2llEppoQIQIm0yiKhBKC1kw9TSmYoy67uIIpjSNmnspKAQrbkqokZXsTLbNE1TtpYthXMyKYlwhFRCzZmTk4ZF6Wo1buOYzc2kyGQa0i2VtDa0ZlApVUIWptSIEEJ2ZsOohBKjKCVQjq1NLqVKKAJwJnazAQoWbpPBJJJlk5ZFsQ1ky5QhFFKRbUOJiCgWttvUnClClFoKzpZTZpKWSBK7ZaZzbNO4Gsd0WmrZnEKZtkIRYZrdUqRBFhF0ihA4JURATNOYbag1VKKvs772MZuV0mXLqTkzS1ihzMypZcqZthUh7FSJKKUgRymlyAgHKioFUAXjdGsexyFzEtS+CLWWFtM01b4j+NRP/IS/+Iu/W2wuau0ghtUg7LDTnlICAQhI2jjaFspsAoqCggS2ScBOt8xmjD21yZlRVIq7rkoiaHbLyS1Npm0D2M1gcLY0tWhWu1nfRddZLW07S4TTdptyytZIJBQoQgiFnSEhTeM0jWO6JdmcFpGlREhRIkK40XBjkpRGRaWGopYaEVFLCNtpK3G21nKanDREKVEdlpRtbFM6JQKZlIJSQiFFNiQpFE5Dk4UMFhLNItJGAkw6s9mZMoqCQ0StJUybMjNtYRnLEMWK0nW19rXUzJZtLCiEU63ZJTY3ZyQf9+mfNh3t1cViGEc5gkjTGpmeppYtS42oNUqUUkpICjtboijTREgSppEes2XLrpQ2rodx2FwspLJeraGFSkQ4jK1EpSrCIvE0tmmanABtaga7TW0UKBGOCJSJ2zjJYVT7rnQlCqFinNkQitJycptkkmZbETIhSDcEpjVJJSwUEbVUVVrYcgJSIKkUulq6WjsEkiRsyxBCAsiQJDLTdgRWkMYJoUKNEgpJIKIITKAUFFkII1mlOJubTYpSoja3zCkt3BRRSpEUpQASOIxx5DRFlNbcMnGUKKV02dIWaRSl1FAJKApn2qgEJTqVoiCBtCMgnYGj1BJ1apOTMNmaQgpZRChw2g4paM05tQgUZLZmE1kU2OmElEOlppVJywkZy07LkizAQhGqUSJKEGS21lqb0jm05qhRO6yoRcKyianZbom7Uud9FSzXS7esXUSNolpq7WotXbWVzojI1sim4tmsU4nW3NrUcppaurX1uI6iWmdRSsukFKRsLpLROA3ZsutqLbO+6/pZ7/DUpoja8LBet3EMqZaiAHBztkwnkp2AJkOCShRM4giRSUA68ThNoWjpcTWuh9U0TYjada3lcr0SMYzjOE0NYyMUxTIiaqUUhSMiJBQia1HUfpGgWkCzrhtiaNNY6YTHaXSUbtZLMY1jLbXrOrDJydnVnlJyGpTZpindolRKZCJlCQn1W/N1y2lal652UZozyVAJ1RIRvaY2tWwticipTZKAsGxZkdOUbvPZLCLWY5vGSaFaujCU0sJqNjkOU9SoqrSUSkDpZ61lYJVIJJDUMqPEBDmOUQstbU+eovUILMnT1KbWmpXTOlSEpCTLNDZBZgo1XFRtI0cGRc2ZmQQqEUJ2LZ0RcqYlIvquJ217Igp2KREq0zhNUwsRslWKcK2JFVG7lEOK9GQTFiEZt7SEHSZDAsuyLBTOcbIpFiUKJXPABctuGYBqlCQzqeGUK8akndNEUWnKnCaXEkHamQoVY9kQ0pQUWYRpLZ22sFuGRCEcCgVGMmmIkJslImKasrU2TuOwWpNZVFwcUULKzAiFSroJRcghTTLYTSpuWVT6WZS+DqsWFGgJLadMSQopRJl30zClbVNEOprXJXpHBrKiQGutJEJpFCIVUqrlmKXigjNBUSLTRCiLiu1G0JfaprbOsWaxkJEURYuN2dFyhZXYaZSB0nK2KCgERAmFyIQIBZmJbZMtFCEZnJlOdaWGMjNxrdVGhIqhhDROU7a00zXSpuFCESrFMoRwRQF2q3UWUZypUF+7Nk1TG4sqtu10g2IjnJlEyIFEqLNkZ7ZsKSL6qIU2tExTA9lG6VIQYLpSsnkYhiw1MyVhS9GHDNmsIikiaW7RQhFuTVVtmiJCIqJmsyshJW5TiwghYTzZBUJEQMPONqxbywSIWoJxPY4eu1pKKZJaTiICOZPMwUQIY9KiFiHl5MyUJKUiaJMVQKmB5EmgglpEjlNXoklyoMCt5RQRtgVS1BotHch2y6nr+ghwhLIRhDLTjCUqEnKUAsIibNzVkolpTto0uESo0IxGhJxW4CjKFCZqhIqam5PWDAAoTLbMMl/0qjErbZiaIyaSFrWEZAxSZjNpl1pxaXYDw7het1r7vmYa2Q7JpQunZZXQ5ERERFN6aqPHiFZLTxS7DePY9fPoN3/jV37hK7/6axTd5mJjmhinZYlqa2rZlepwS+OmCNmZCUiy7AaaKpUobo0oJckpU1kjmhUScrgAtrORbQSNk0jbGVKqh8xpzAQpJBGOgg1h2uRWEzUhF1VByoEynXKBUEWALeU0okhC6aklTkWNcCmgIDGOkJ1Ac6tSy1DYKZS1drbdphBZlANk1BDYUmvYqIakItnRcEhEVUGQqSjCwjZhN7kZSdh2yk6iSBkhZZ0SKgU1N0ORoq+ZU3OGFCWUdqhIrSUmCq3ZyM5AUdTaGFElLGGIiidQjcjMzLKztbm3u/dBH/jB3/M933Ps+Mn9w4NZLcFkFYFCma1EZKadtLBVS5EC5Xo9ZWtdnWXS2hQqXVdqdFMO66OjdDm+s+3Io9VQa6faiRJW2o5kSAdkylFLaTZOQApEhOzARiFlpmk2KOSwc6oKh0icZNhGCueUCSFsKQwYCq1liHAoEpQtWyOzqUQt8mQ1IQpgCJRZ+hIl2piZLiGMpcymyEZEKCiSCLUxgZzUcpKotasFXJyZdkQUkbhNitZS0WgRmGyTFJJwM5lRalYy00CLqG5N1TYCS9HN5ClbTgrSLUUNF0c6ZUpE2sYCcLYBAmzUlWqVkJwyzV0U1dZwTkmzSpjErY2IKKEICSduLZ1YDiil2JkNS4KQIbOlHamIkrjZJcLOzJEoIUKo1JaNyMyQaaRNRKRTGW0asSJkO9uEATGlQralSLs4pIBMNxX1da7Q5CSYRadSp2Hl9RizKCqUiKgZ0zhOfe2iFCfT0GoELVQIhQsyCmU2oRoaprRMwxZ2K45aNmKBPY7rEsXNdqZDRJQaeJqm1FSjV5UUmU2hNAKZ1TQyoSpQKCzl5NKXcWyZLSIiJGhSV6vAQUShBLZAIro6q53qvDndEgmBHVHSzVYR1A7JRGtDKSUiFBEKpmkCEyHFxmJzWI9Tupv3papERBFBs+fzeSldRJ3N5lHqrNSudl3fRy2olJCQc2qpKafJaaMpoXQU1SLFNLVhPUR4HKfMFhIY08ZxHKf1sCYCINx3Xe370nVCmYSoJQKihkOycjW1qRkhulJLXy21NjW3WVeDGMchm1ubFALs5myeslQJZ5vsLFGn1sZxkEx4GtYtk9ZCEVEiCsYBCEVER5RKAZtMp5UKlSiBmu1saWxFaNZ1ihBgO1vLTGFLadLOnNo05SjIzEzIHO2wI0qkISgh0o0gSpEhIlRkyMwm14iQPLnvapFwGMYpSy01iklThE0qZNNyShIbWRFYSYakwNk8pXGoRsjOqY3Yki0boTAKSBWsbJ6mKXNqzZnZpkazbWcmQGvNtMw2mkTIKkVja9NqHKap4WFYD8MogxSAyWxy2lguVhTcpmmY7NbaNLpFKMeptZZuxjbNQGa2aZpaZjZnoEColNKXCNc2ToBUAhK7uSWZbna2JkXaQhGABCgkS6GQM6NIRdPUJNVSay01ShaM0wmQPlqu1sPQ3DCQTrdszgkBiiig1lqOzU4wlsGSIkCCqTVQJjlNQqgiRNhkpvHU0s5pyoCu60opISErCJHpMds0gT1ktmzNU+m6ripKV7sZVsvJQqWEhG2aHfbUMIEiRIKdKRto0Fpr9pSTc6LRnFEUEbbdSFsoIhC2o5BTG8YBbCcGbNNa2ulEYIWkJGWQcjLYpqhEjVKLRCm1REghhRQ2TnKaxtbSqShdrRGlNXui1lJqKYqIXlIjp2Ech9FJttbsZqPicMtmjKKokBZEUdQglFIoS8hTE1EUYakroZha2hZYoYgIMsdxJDPBEajIZKbDObbRbqFwy3HMqU3GtUZVlIggFJIUJWRJQsYKa0qDS4nS1752RRVsN4xSaUhURSikCFqbxnEqDhFSSCEFltsUEqOzhJsysb0clsM0lFK62mGncQncprHZreu6UkImHF3XQdp2eso2tpymESPRPNr2NLapOdRF7fp57apMG8YaEQn2xtbxNg4f8lEfmbA1n09TkyczKVQCMltrTrCRIgKBUGArIMKihAoyOMAgFKqKohKKSIMoISNJIEulqNZaSnFEgBtEKV2tpShUa6klQOM4Ttnc3MYplQnpJFQjUIlapLAB45zG5jZZgXCO6VakWksJZIIukJ3GbbJbmqihBiI9kU6IdDMtcbPaumU2y0iKCAwWjswSqIQi3FqiIGW3ltPQckpsO8nJrbVEoYgotSoiIopKa0pDFdFyHMc2SVJQSpROtRQZp91sWyKbwZZApUQJioJQa20ac5rGdHq0opbACTm1tIyDxcasqHz/D/zQX/3VX9V+oyMhF4tFiWJhRrIheXJLy7RsQxvHaT0MY0R0fZdumcM0DuPUSqkK2kSirguLiFpLDbCbZFAaKSRMCmrt0sZuiQDJCakgjDGWTE62nbQWEdPUhimdJm2yUmtXS0gIKSgRRUWIdJKBnVCLElI0O7PhdGu4KNRVzWYdqjQyPU65HqdhGIZpEC6UCDU3gS1PI04jEYDJ9BSFri+SJIVKhCyLzJyGNo3DGKmMihRFQqJIOBtpBVlixDIQgWqJoFSRU2Y2iRKSBSBkRbooSIwFNiYBAU5JiogoIQnSWSNCwpmJTCi6IkIoSCMnHqdpGCZnFsLNoOZMJxAEUkRgGWPb5JTOlDAWdlJUSle6rlPpnEbUKBLgog6pgE2QIQnlNLXJU5umqRlQlBKlSEXptGVJptHIBpIQZXLLdKBSulKKoGUityHJDJWWoxsyMtM0oYyC5H5Wo1RZmZJQlBKRLcdstVS3zDaVolIraRJFLV0fEVIFpVXCEXJmNjLVmq3MsbVxoLklpVTj1XLZVkMUhSQh1NoUESJKlNr3EaXUjlJVqjMtVApRuyhpZWapXV+7RpLuIsZxWC/X2RyiRmSSrRkhKZS2HdPUojktqirk2Ma0a9SxZdd3836WUxtXwzQ6p5QpksE2cmBnDsMwDlPaJaLromWOq6UVKHHInjIRJWI9jjkMCEnpNoyJnKgZo6igiFKkqKUrpUgyClGjWLLc1c6EoU3NLUePY47qChKSTLbmzIgS0SVOpzOFA8lk2laUUmop0YcChaQI5BQZBJZFV/va167rohYnoSIFpdgJTRJK20IFpIJIN0lCaRdJcprVuM5sUkSJaZqyjUxjmnQiTEmnLJVQKWCLIqsEpCJC0cZpnFrto3aRjvSUzYoQQGC3zNZspdOEFDhVZFLZmnEpUpRSQqV0tZZa0wCi1Ki1Rk6ZmaRAFqGIEtjgEoUAK6FlZmZrDcnZptYUpZuVUvtSS42iWoHMbMZuLQVWUURXSxFSCDTraqnR1yhR1uthbJPlzIYIqYSk3qSTls0E1FJrRKlRwqyHaWxjiNZSRBW2CUopKsXpKVPGRLOnNmYRgkBEKjPTloQzS6irRVLSikK1KgTZnDhRQUkyThMpgZvbOE1tMoSKsI0QZBLDal2kIlmEkGwjCAVJZkMSplBE2s4EgnBOGAe1FDujmFIxZMtmFcZpMmnnNAxO224tx2HIzNbSY2bLMCFh5AnclWKo9IU6jm09LNfr5TQN4zTllIFst8xpsoJa+8A4SikRlVKBlm52SCmFkMjG0KZsTRKgCAIEUmstc8okm7vZrKt9mEwDtseWdgphuyFZkk1gKRTKxJ7Smc3YQRFKS5LdEIhEUpHAsjOk0tdu1lEjotoep4aSkDKmbJZKCRFMKIgiEZmJkZ05Jc4kiCglJIOTlriGShiSrCA5aZmpKNiSTEhRKrWUErVEgSDJ9NjcGlaU0hECAyVKiZjcjBWRrTmdU7ZsU5taazmNk1MAtAlPWUqptZYotdaIqgiwaW5TtpaJJzcTyGSUQG6tSXY21VJLGabRbWptKrWUEtnaNA6tNdKZ9jSpSVEjCEklZt08Akr0sy5qcUoR827el4KKhEU2r9crqRY5UikLk7RsKMgcx/Xm1vGptc/93M966pOeNuvrbDETdolSewBFRIxTNhpIku2WmVMKag0DjlqKSmCls42TBNEkERTUpjS23dI400QpilKiKkQp4EYqouu6rnYmbE0tBVE0tZbpiFCpKhJgt2mCAGezyFLDzsyMAhmllCDssIUkBUWmNBoY4ZZSo9Qi0kUGUXv1XbU8jRNWF7WIqIqiKAGkWyMBJCIMYxtbthRkpt1aplOBRNpYihpRJdk4ShSZRIpQqWqZzRkEIVpmSznalG623bCFwpba1JoncI2wAuEESbYcKIUFFNJpWyGVGgp1ka21xvbxHeDzPvfzExY7J9fjNDWiQLZpNCp2qgiUuJn10bBerXNy13V915sYx6kZk7RpGqe+xtbGVtf305TLw9UwDMMwgqFYCIetQKh0XYQtHCohm2kax3Fobo0E2SkpVGsJRSSUUF+rQsaoSC41opTMZkkREomEErvllENRCEanE7thFwVELZ3UJFzCScgE4BIRREgRIWlUTm0CokhSrT0qok1taEODLNFHKbN+Pp8vQsqWrSUmVNK4JYZCLS4looQVKlFridpZBhUhu7XMNJNbGmxFSradTC2nNiYKLMmlNLfmtB1CEYkAiyi1lCICbAUKQ2tM45RKVWSmqRGq0RUJSDtQUZRSosikZYel6LteopGRLckoURR2CghTaokQciJF13dCopRSo+D0mGm7UKIrXdDcCKPSDLZN1KgliEAprBCCKXGoSEgAQpJca8Fq4zRNQzam9bQex2FaTtNYuq6WGMeElLEcNYicxvHo4LCWTrWMbQzTWgsZjDOij1IKCskGHCqQiTObc3S2EkVqKVSKiSlZrdaN7Po6n88l7AQSaqGvNUpIUlTSrWVOjVDtSp11hKIEUEoVhBUi7CLZrJbL5epomgZsSXYatzYN67G1RAlNgEIRpUqS0qSEPY2ZWeUiqUQhumlytlYigqhdmabp4GjdVU9ee5AMdRrXUzHroZXCvO+PVuucWhcbTS0zx2mi5eQR0XW9pa7WVLpljlPrK1NzZtfXaWhVXZTSWmuNKETXBWrCTog2TU1DiR65pWqJdEOplIVEcUTpQmqZJWRIQHRdiLJaH7XmxWIDO4LJrUTUbpYtJVpmFNUoIJnoa+ZkZRBRgkAtiFASxaYZVQDSRk1IqJGKIDMngS0pM5FCEaW1lk5wCXp1WVtaniaClo4oUmZCoGYFUWqaltkVObPJtUS42K1NDlEkXBqtmCK1ApahVNkxuZHUruBshMKAERahKF1OExYmKCHbU8tuahNJBIRRKKNlc3rK1pVa+2LslqSFnaiEQsVKmpS0gjIIy1WRBVqzFCqJ3NIWuCVCrU2ZjGol0o6QLeEMRSlqkxoZIUihNBKRqKi1BELFSmMaCkUJCxKcUCOKW2u2SABZuLXEE1gKQKZlRpBCOJ1GkuSwLEQEJkcTzpyCUKFEaXKhRGmZmqaGZVoQDrKl1MlqESREKZkpIkoJEuNmFApFEFIztZbWFAE0ky1dnZM1IzKbQpiw7VIqziBCUUK160GlxjS0bBNRukITslMSGCOEBCAXTDY3pUIhkEF2ynZIUUqJ0txsnJNVQMJIIQnJKgqn083TJCi12kxTA5KsiiglUcspwkLYNlZIDTCJJSBCNmSbQMgeWhIuqsiGaUzJtRTjzIYTpQiRCCEJRbFba2MO2QEQeGpDoUNWlkJTqEYXRiIjE3nKLCqhWootbKCNkyJL39Uo66nJdgSeQtGm0Y5SisGJVAIMU2uCYlkFITndMm0sZGcpUiklShANh4lSIpia29jKrM/MbBMmbZUQxWqgIrVMQAFoyiYlliJUlFOTheRMQ4QldVFaS09IrURnpwiVKkfUOp/1EYFq11U3R20gt0y1Urt0kyhZFE5nWGlnSxXSJW08SWEcpc5KjFOGBU6MUioKcswskdmyue/i4GjpzDrrn/bUJ3/Jl34FsFhstDZKuKUtMDgRcjYrrCarCTuECbDCYTsTxmFscl8LwhnIthGlYJeo5OSWLgLLtAQp8FSIdAPLfbolzVCcExFEiSg1WsvMqUStpUxMaY/TZLJEOBGYkFISPUx2pCSDRMuUnSInUlFCpYaTQCYzEztKpBWSsEWmJ7fAfbdQrePYLGiKCALZLbM1Qh1qNSLTUzpM1xXVkphsSCIdblNGqlSLElLLDGyH3XLM2pXqblKzDVYhW7pllRQhlGRiWVKIkNLJ1KaiiKgqGa6ATS2lZdqupdrpbFhFjONUuy5q+flf/IU/+aPffuVXfb0qhtWSUJRSCOFAVE8tM90V1c2NNk0iW5tsAlRqeAQnMU0T0qwv4Ui7OckWJUwIk5linHKYsgobCDn7rrZpWo1jlKoSIoXSjlAalCFJMdnr9Tib9+OYQZaQ09OUdtoSjgiwx2wgRMhGtapNMioKgoKIEgINwxRymgGqlJmIWitCij7C8rAeMrOUsBWQBVmZ0Wi1qJbZ1NqwWtFbpUuMrEwhSilEMwggUyFDRBiHgpJJlHRiZTpkSZYyM6ErVbhlsUxrKqWUko3MLCp9N2ttwEAX0JCzIWxSYGNMErJpadluqigCQ7Z0SwNSsTKEEieJZcBTSpIiCtgTrY8aEU1TOCRJRTilUgMowqTTyShjS6SwoiDnME4tR2fNIBROQiGlLZVI41BICNwky5VINVvFJmWFjJWzvoOY3FRcFOk2m/V9V9YjzvXUwJqaa8f+/jo9zWcb2drYpqODo83Njag1VKZsahMFRJpMd11PZLbWptFS1/dIbRxlqapYSUpEyF2J0DhNCkqEotiufRehcWqtZT/vp9HDsCylU1cLrIEp05NlRJuytVZqVZRxHDW2EqXvilNSTtM4rNcRpZTSaE4Ws5kihvXQxnXp+q6PbJKi2TkNiVRLkaoz2+TWJhWVWic3RdQ+nGrjMJ/Vrp+5TRPuZp0zIxiHKYQUaZVSalSRw3IqfdeXjr6voWkaM913JYgkLasWI4WSqKjOaiNKKQ6kFhGteWijoUTJRJBUUDhymoZptC3VrhZEZkYpVg7rIUoEmpyRAiUhpxQRTmeU4sY0rtX3NWKYJqaGkApWVLWpjdMQEZHVygKZ0FprrUQoikqRqm1MtoZLwIRJEsCBIVTFlJKkbJlASC0TezUOIalZtZRSW2u2bQy05qIgbOQEt2y2sw0lZrUrbciptSIRRVKINK2lUJQAgTERZJNbIkvKtESRJoxNm7K1qU22I8IOK1obW8taSq3VVuZkbLLUOuvnbXSbphA2gCSc2E4MoWK55RRRVKNNLacBUISEDcqIcMs2Ze2r7daySBE4iVLcDCkksiXImJyMEiKUIoyddmuUQMiyk4iu64dhbStxKTVCYIcDCWUzRaUUSaCws9lMEJKECqmoEm6tRKTtEAkIO2pgu010IQK5CJNRa6fIZMqWDds4FaUEzQSemmXLThNVAKaoJE0ikNNJk8OZLS1QICltu01TiQiyEYggwtmEotCyoVKKkozoSoft2nWS1stVqSUgjUCSg4gA22RSoiu1epq6rtgexqFGVRSTElEKKSstWraImi2xVULYkkhkRdAyuhqmtZSJIlFKiVpDdFMW0lPLdMqWwkgKESErApFkswJEWOlINbKmIpxWOBQGbNuZKavUMGRrpXMoMpuglkIyjiMgAxrXQ4RsG4pCxQk1o0RAZBSUGFQinM0mMlvBNs0JzmZli1JBpogsAQq7mabo0pNCFVIpSwERbi54omXQRzEWxm3KBkpMTsra3KKGULqphARTAxWRLlEyFC1znKaopYti22njMJFhWzJGIZlQpCVLIYTbZNdaamYrBfA0tYgoUW2cdtF83peowzCO4xClQLFSCqqAcWqkDLkeS2RXuzYNJlsLyWk7W53NGLscVq1lIZzUUggZ1VIz6bqyfew08Ekf8wnjOB7f2Z7PF9M0YhmSnMam4ihFIUk2DhUVRGtp3NJCpCfZ65Z2X6LW3m5Gyoaq0pMlpVuEZIwnFDQjJEJFBWc4x6mNSCFhgDaOLbN0VYRIFEq3mAjRUhgFWCIxxigzAeGcElRKUai0ME3pkISM1Gx5zIlmCYtpmrAjau2KIoSx0ozTUKOWEtPUwE47FBFV4UzTIsJQRVqZDZAgMxSCZpTUUDoyE6NQjdKa7ebM0ndFpbkJFKpR3do4NYISpdRoY1OJzjQbK2RbRKg1IoSdWFwmIWHbmRNosnoopVcY5+kTp+47e98nfMKn/s7v/e5i+9ThpQuSsEM02zgoXdCgKBQhexgmBdFFhOYRh8MEGUhFMmmmdK0EtZv1geXmSJsSktxJKjFNzXaIcRxt11KQhLHshFaij6I2TpYVJWpVs03gdKJwZstBUpQi4UQRXVFmI4ioRcLNAuE0oSAyLWGmKAVBZjW1RFMYI9xImoNSSz+bjcMKUUKZdkuVwmUKaq3ZcoIpEw80q6iWapTO1tK4U0lnc9rOiVCompTsEDKOjCYUEZE0mpUkjq7MFVObhnRVFGhWa83OfjYbJ5FJgVBkOiJQc+aUIGHV4mZwLaXhMCmFgszWpsRBgFWLMqeWISkkFU9D4ohorWFkSgSQzmwWgcg0SpKMiAijNo4owDllYpwgFUjaNBHMag9yuqUFISQBWCFMGKVNOgrOVijr1lTCVVo7pyaVWmelVGWmJhSaFKXW2o/jqiFlK9FFZKGu16uuq6UvLcd518fWljoVAwlpu7VGEkFRWNkyp9ZCGlvL5brvuygVW6i5uWGyq2WufhxH5+Qkuj4qnpxTS2NhZ3HJXLdsUhR1Eyg9kjiK3XCUGkGbJiXgbPRVKl1OExkRmoa1PXZ9J5VsU6I+St/VsTXb05TOlJpChc45dV0vskYpfa1DnTwmpqu1lAqMq2XU2s26nBpy7atE7Wer1aqNUzerpRTn1NUORZuGfj6ritGWmCajYjG27NSGYSgqfa2jXSLstl6P/XzWxmE5jl3XC5GAnXIxSBhFLUXOJkWRHU7XCAVkhpRktuy6TjVydGCZFEwtLSm6vmLnNIbKbNGHYxpGnBKlVJSZHscM01FEWGkTpSrdSlaE3MYxJ6vYtYBUqijJpGZZAoFlEIkUloQiqnMaR6soQWZyKoJkZCIdJUqUNk5WMTjTRW4QFEUjkTNbp27EUljkOESpQratxEoXOR1hJxa0lhElIFu2KJ1sZ4aUToPSSWZmlM4GRwkZT7bbZDskW1IsZvOVl+PgKV0jUspmKWyMbTnSzTZDG7sk5CacqUZIBqCUyHAQEcWZXa2IiOJ0GwewSifSKaz0FBFRNBlaChR2OqFEGacpaiAFsj0O62wZlVK6UIBbZk62KEBVIabWbGoIQSCKFCFySqQacqbxlE634pLOiEBhT7YcEQrbOFtzM4FUBXJONUo6bU3DmBlSlCqFWjbbNUKS04lxGjG5aYyqaTKMtmuNqJXmyW3eLaQQQjG1oSgcKUsQwogEmQhQtgmgFuHWppapdKGqaMoIFKhlAiFKpQ1pRiIyhbOUqohaNLpMdmRuLGbrrqwOl2mEu1ImpzObQA1D1NJyAimhWC5RHNCytYZwpkpEWOm0RdjOxG4qipCCbCmFyEyHiFpKljEatlsKkJAIGacdKsgtM6JEVZvSYVBESHXyBAoJkKQiySYyM91oihIpUJAZKhjkNk0KRZR01lnFGsaphEqURiNNOor6WsZGrV0i5SQzZWJCEaUCOU1tas2tFkXflRTpYRyNBakSgUJq0ewpx6IotTiNJEmm1GjTlAklrJgyVWpfIhQo3WRnktkonSSRRoAVAplsLWsphiQwKERGhMNtGo5W666OfdfnjMginJ7sLKWmyRyjRE5DLTURNnKIiGI85dim7Pq+1tJaTtNUS21tGqfBjlo0jk3KaVIJIsqEogQqKvNf/6Wf/8lf/KVSpBrYQpObVEh3pUiynVJRIGPbga2iTOMJSahILlHJ0nUS49imNpboonmiyVYUJGcaR3S2ibDdsmWmFMhRiopIo1AhW5bAiPSUGRG1lEw3T0GUKEh22lguro0x0wogMm0pFDaRqVoyo4TSLlJmOgrOKlzUMg2EaAYbgGaHiFJsxjaFRFgIkCSQRNE0tqm1ElFrV6vaxJRjsdMmCEIoaklPHaU1T24dVRHkWGstSVFYbpnYQMrNbXIrhDMzI6JmtinTSZQcCeFsxgg3u2VGBABOS5JFm7KUUnAbR6HMsNqslHnX/9Gf/tlv/savv8EbvWl0MY7DrJshx5Blo8fkZEUYj+vBTCiQSdIpNJvPWhsyXBRjKjwVSa6RLTNbaGEVS6hElNK1BJAd5NRaqVUSkbajVOE2mZYj2UWNEtmanUXVFQWlBJYziQCXUshAzmw5Tl3f2YmLBPaYTVCiUEqbptamUmprWUpEUZuacERJWUWYqaWsbFOLlu77WkrppnFqCFkKbDmCxLTW0q6ldrUb24iENNGKKs0mBRlIUQhnVnlqjalJCmpTYqWJwHa2ZjtCRLRMWo4IRS3V07Ty1NWqvnfmNI4RLqVLt9bAEUV2Al0p6Zxa1ightZbZmkIY2QmZqYg+Io2dibI5IrCbHUzRVRI701ZQI5oZpylqABZhTAKINq2tmiVCJVtGUZQSMllKiWzNJmqVaZlhSaqlpEA4QaYyTRklU8JIoJBJZ1dLLdFGl1oUFWfLdTrTllHJoGSbVss07rt+Nq/TNLaUQieOnxrHYb0cq8qyrWvX1+hymqYcu75XxuRWazQbZ3FQIlTBJWI9DM3RqTS3JFqzZBk7E6acoETIUiYqQUqFIo3racih1G5z3lvYWaIk7rsSlMxmqyrGNrWWtetqKHHCsDwSUUuA54uZJONs2dK1MK7Xg9us6wAmJloOLWqppbhl85goioSoRNd3gjZOmenMDDe31jJUIkqO0zCObZoEXd9h3FKllK7iHKc2jFPDRcgehgHU930JrVYrtyw1VKoyh2kKqdRAtkyI0DhNy9Uaq/a1jZMN8jQO62HdsskOKQjZSWaSVlpOokoq43qYpnGaRkRASLUQEbVGCdnYKSvtYRrspgjh1jCOdAKlRtdN2do4NrcxhzYlEaEStUjKcF86cDFRCIUk1RBCUWpXIiTSSbZGhiyiVtUomdmylSgRiVJp7Bxby4xSFBESQjhCtVQ7SUvV9jBOrSW27EQSlBqlFNWoJWTANgYIIWjZnJYk21JImWmMTFGNIpVSq0wJSimldLRECJkihbMdHR6thqGlJVpLgUQUqYQzk3TaMqKUapmIWqqiWA1BQARERECMw2BbQebUplQhk5ZACxVCUqaUmdlciAiBEkUpRcXCKDMRRCikKKrhFsMwtja1bLIpBFhg0pYIOTNbJna2zJZOt5zSnjKnqaVJsqgGAcYGGyFKBAYjRZQatpzGiUMlW2KI6GZ9iSJlTna6KIQyrWySnZm2sCIo4USiVM1ms1KL5aYsUUDZPHlC1FJUS6013RKDRKl9r0Ai7NZSmJbrcT1NLQqZOU4t01gGZIwgcKFEiSSzJTTAkMmUNvYwDOvh4Gg5rNYWEbQ2DTllm7JNaefU2phktkw7szFNkyePbco2GbDamOO4HterNjhbtnEC9/2s1hIlCgLa1GxnJhYCEREqITsUCKcRza21yQAootQiBBYFhRSBWkvZpdQoEnbLBOQE4YhCUEI1orWcpmlsntpkRZpSS1cqEUAtteuKJEk22IqIohSJg7A9TeM0Ta2pBFEKomWOw9A8RSkhp2VTkHCttdaChEBhEpAJoCCHgiKFbGwJlKRb85TptFsoRDhlWimlllpLON0m08DgcJIQCEiwbYzAmWaamgyU2WxWSqScrTnHlh5bClQUgUJO2zhROhRAm9owDMN6yLGVkBS2x3GwW9QoKqFagmFKPHYRtRK1mkhP6/XRYmNnmlaf+imf6mwnT5yppY5tGsY1RMvW0laAWqZtZwKYdAPX6LpSRciSQhGBopZsuVytMnPWzyOwjIUEkiSFpAiwcSa2rZCd05SKcJItaZlYJaKWWjo7o1BKtWyn0rZVigCTzaFCpG2FRATGSGFJ4FQ2lHIaO+20nS0MSKj0XTfrZn1X6qzrO9ltmuRsJpCQbWeSSqexLCUtG0lXay0V7JxIQhGqgAyW0xKZTY7MDKmgYZpaayWKE7JZpqVJJJk2jplRay0qCoXVpqm15sRhHLIxwoowACEVgSTCYJM4la21tBNa2KST1TTsnDru9Bd/4Zd4mja3jq+W62xtGIemaVqv2zhNrQ3D0LJFEapd36dzyikzW2uGEp1Som7OepU+rbGNSTOZUyJPLSOU2CZzSlu1llmNUiIUBKUIeWqtpUlFSBhQJGpmPY7T0NyctltOdlfqrJ/VWpNJBhxR0k6RrdlOZ0RIZWqTcNd1pVSbCBElW2st25RtmjLTyC1lFBgiStfF1NrUGgC2nU4lRCu1pr0eR+Ou64SxKYSiK1XYdpQoUWW7oTSAo9ZZUbXVnEYAqNkKGUCWMEHKyrQzadlE1LAsS6jZJqJEGpWIKgVIabtE2iLaMI3jJJQy6VIK2M22FUpoOWZmtiapEAjSAQYpiyTJVrMjokjKtBCSAiGDKHWuiDY2o/l8FlK6OROUti1FONOkIAU4JeGIUorclFMSOJ1ESA4ZOxRBkbO11hDUrsPQVCTbCV2pCpdaU5qmya1Nq2Ea2rBaT62VIkWUqtm8L7UK22lcSydrPQ7DarVer6bVenm0nLI5sWxTos76Gca4lPA0FjmQJCmI6LtZdAWR2cgshESJiFIoUoRCisCoVNuKkKtCJUotSrtlCxlcuw7IzL7rIiKxSim1gNbDqrWxSLWUYRrGNmE5sVxLLSXSKRGlS8K4pjyNozPn89m6jYfL5WzKjc1FV7vWDCDWq7XNfGMhW4Ua/TiuFRGqoGka2zT18+LWxilVSkSUroY1pdOutVOtbRoMpUSUro3rcT3WGrXrSmgSrTWgizLWCtnN+tls0dq4HsYSEaHJkyVh2yaLC6GW2TSJKH1gqaJGGilEuuWUtgFNbQJq1HSTYsx0NkOJghEYujpLTbbcHKUYTS3TzZ7kkpkoKAE2CMkGsDORyClJmrMQkw1WkW0BCJOE5FC0bBlZ7JCasbJEGKkos9lpZNsEuCgIjGqJiFAIB3JmtmawqFGUdipCoUyrRRRQmGZHCUAWEXZ6asN6pVJAIUXIqmmjrJJVpszMFi6qKaspnRmhhFC0CKWjq2BZkghsnJlOEaXOTMuWzU0I0rYBY2TnOBElbMsqEaUr2RI7ncZCdiqilMAGRylEcU6kEYaQA9SFJtmOCKfBERWRSSmKqMPUPLVaQ2CM05SudijGaVQ6apGi1pI2LgSZOFUrrXnMUQ67OYmIhknjFrVadnMt0XVda20cIRyWhcBOu0YoInGERAEraSVK1EpmqDBmLWFMNssYpoxalZLlpOVU5rIlOyLSrKexKih9qYUxHTGvs/VqZTKTlpNUMo3S0NJTNsuZkpNUImyrtRFjSpgc1wMyEZIApR0lwiRWUQVQVaUrUvM0yWGkIrDdpkklUDQ3lZh1xc1ARKSNEIqqbCkzOSNkyNZqiVAISXIBowThluBsTVIptRYN0ySMw2GmNqZLVJrHliFFJqhIY1rKUAFSEQgVQ8vREUUlZYPsqmJPUTrbbi61qlTZRm2acnLp6jANOWWJDmxbMLXJiLRK9N1sVDibp9aE7RpCFTIisDMVEqKZbM2kRYniBjickHaJYpCMjIRkTSKV4SgliK4vw2rIdDEZLlElWlqSIU0QaRtZxjYqtS76LWBqo6UQRtiAUWISIrtaZY0eI4MA3Nz62ocCiOJsRoginLiU0rLBFNJ6GALVeYeskKK41J//mZ/8s7/5u9l8Dg51aOy6mVsaO5RtMlGKIorBTq4IOQirRFWS2ZzR2lRrtcjW+q6PqOBxHNNRopQI5CbXqMM4kY6IWiLTzZYoobG1YjlRGAeZNlKBwBi1cUpTIyiRmZG2k3BmYkepOJ2WonRkOhTGJhW4GaMiJzYSSUJIKF1KMS7R0oAdzoYimy2DbYWbLWiZXcgmra6IqKHJ0abBhAI7gYbJlMLThCJCLTMKpfQ5jtM0KQpuTheIUkWRHAobRSakLWMmwiKYmixwOqsqYIFkZymBAmdrWQ1dCSsUTqOCTVoi7dKYxql25Xf+4A//9I//8BVf/TU2FotpGPt5PwzrYRxns7kURTgBd7WkVEawJWxnZhSaWxfOJrUkjVmPYz/r+lIDKSKVJWWlE5RpOQEyKKGSNGHIljVKKtO4TbIBTI1IPI5jRCB3AJHpllO2VAWp6zvJw2pMOe1OQZSWk6woUUphJDMt1SjNiVuUMBSFyZaWLGqUUhS1dmZUM0FmU0SRISQIImUcocAjtKmV4uhKJiQZCsthWekMS9gyOGrQaJk5NZUIZCPJwph0ukUpkmrElElQmoRsmbSoUYuU2eQkI7ETlErGcXBmICNhhFIowJkgI7I1WYqQM50RFeFJChHFmUIqUdItp5ZqmUiBZNt2FCGn3aTqElGKwFOOQFd62etpAisNEVEkt4aUKHCDcGbiZAqUhlBkAiUinaESeCIDFGaybQeTXamlklNKgQhkGROlTExtytIVtymtUkLqpmx2OjpMwJRtPQzYtXbjOFhqbYoxojRQqV1ESaUnZbrWqLWPiDZ58hSJc3RGKZGiSKUUIbVM222ShFCzI1u2aTWUWksEydQGMsDpJpWotMyRjIhMN1qmBZOnCRdFV/uIKjyMYzPzro8Sw7iOqEVy6bKN6SgVILPU1jIiIurYmhTz+azrZs3G6mddm9o4rG07GYchVGqnCCBAEtMwuDHrZ5aGzGlaV81mfQ0xTWOmuyi1K+N6zDZGVJlsUy39ajoqGZ5y7QmV+WymQsJ81tNwGk22JdJN7kiVCEtFpKUqlcixYdW+yKQyJ6Qi5ZQjCEWRmogiCztUobWcUmooQkQJN08tldl1ddZvjNMwTg5RYJIjIcnmkIO0W4lKIVuCIuR0ppM0ECmEsiWFSJs0okRVEC0dAYAKFWggGcuWQjbZTBQCskmKUnA0JykHmZYTk2HSFiRhm7CbwIAsSqalTECA7TCpJBQOwG5NEVNmtVRrSRqRAQoyjU1zFoUkFAEqpCJEHWm2AwzGOTVAqEhRagnGpOVUFARBRCnZppSwLEK2iFQpdXIyOaQIRYadCCOcrSGTtD6CYrskto1I06asnVyIBqCQJzsMyJkuIRXZVSgkBSnCEWGQJEWtdkM5tQxFKYVMPDmUGchtarWWrnRubqRQoFQIgzJTmYAEAcY0E+AShRoGuRBqnuTSWrOzU+eWxpGZQSWcwtnVrutKG5MpFQqksFpmCud6HDbn82kcl0fLeddFKaV0rpbTciikQEpRQxhAQjIiJ+MkIlEIIrBSjnStZcrWnKV0wkIOY4oinUQKIwVYUUsxqlJXCqZNU7oZoQikUlobi0up3bqtvV4pQkg4yUKJEq1NAU7XGipKJ0TSwp5QrcVubhASpD2NrZuFJYVkmVQqSs3WUpmoFElhp0QqQs12a5lkB1GVLRUqKkC64WhMliFyaNOYOCeCqTmczSFUotSGM+1au67vhnFwQzWKmKZJUqiaViISA+DmGKdRFJSZKJAUEWn3kmGaJk8taxQzkTiiFqWKKspsCLI11UIorMxMQJrVPjuPbcAS2AnRWqtRjIJMu2XaTaiUIhsY2hikTahkWiZJIAgwoVCnkKRcmUhRo9BL/WwmWA9TVcmcuq4LldYmWyVK13UqdblcjsOqlk7TVLp+UTTfOdWm9umf/tmIY9vb63EqanJOSLaQRJSK01EsORsqIdvImW2aWkaUWosC25nqusA1a2tOtTFCJWqRJVkijY0ckCLtli2QW7MiREFggkwkU2SUTgtsOfuun7I502m7Tc0RilLccppcu7SNlE6lSsi2bSnIxEKWSSyQhALbaURqarYznSpddKU2mmon206BBCWxLNxaGCNPObr1tYQiVZqncCCyIYGFWrNKpI1QKEAhiAAcVWpjy0qTwLZkkS0bBjNSahUqXRglDacbk6aIAk4cKI2dJhGOiGZQKf2Uo8BRZEeJSo5Ty2k8tn3s/MUL3/at3/aKr/ZaG9sn1keHtdMEXi/H9Wq2tVUVmU47jVpLUoEirJTTLSRaFqJN0xQR3awvfWnGISRhEiqkjYSNWyapsCkIFCE7C5m2JaUdoJCwm12CDGUmAGq5th1ERNQoU2uYNtGcXam1lmaEnc3Cybo13KRwtmG9kqhdiVJAsrFdlA6cmKk1r5YgOyQLYytKZiPBFqpdAcbWHFFrEcps2TJN1BDZWjoJRRpJxrIUllRQKmQs0ummWkJR2zhMlkQ6nYRISLkg02SkKAoEDiudbmmchEpAukQhIpwokCKEsyUG4RrF4JbONDLgRKUU0uQ02Y5aWmuBjEgrJIMwITlMkyxjkxAqfTcNU5tcavS1tCRyNFKQ2aJKCisTAQYyLYsIpFqKUQiD005BemqpUiPtTGfDQgnGcqAodRzHEuGCmyEI92WWpWU2RUzNQSiUJlwUThsIlVJDZFVpTbV2MZ8llpnSEgqVqOnBzrSFpjYliWnOcT2oxGa/mEY7FKXkNA1tqlnSaVxrN7WxTRkBQLOFyWyOAo7Whq6rtfadPY5DJs2tK6XWaieWwyJKCfDUchyHUkqJmKapREzTMDj7Mq+lmITARFGUoERpOa6WR4E3NjZqFwHjuF6vVipRa+lns83tLSEAQg6FsrXVejVNLl3pZn04yCy19rVGqW1oyFHo+1lzjm2tUvq+70oXJUq4r10t3ZRTa2MRitKmHIehUBUax/VqHI1r1ABwyFJEiRTZbBRSUcXZ0tM4rVfDNA2ZY8sEgsBq0yQkOVPk5GyyVDHClAg3txwj5MxpnNbT4Jy6rkqy6EpJW1FLVSY2zTFNEwklFNHSRuBQhAiVCBlCQiatiKqqcEiOELZtGYObcCFUQFZYgITcRYRCkiQhWZazGTe7NU+0NLZBTkiPQEtnppDA0FqDlAGFHBJkkqVEKSUUCREYtdaGcWrTOE2paZJsExEhRKgUKXKcMpGz1BDZxmnKybYzgUwbl1ptD9PoaQqHERHRFUVaqqWWKkxamSQ5tjYO0ziM4zg5pySNWptkaMLN2YpjnFqOLd0yE0tGJoqMyUwyM9MWYWfmNGWSbm1KoyhuzmwC2x6nsU3rYV1QkELZsk1uTtrUbBtagsNCITsIOnWlFMLgqbWWGMvZcrVaTVProjhbm6ykq10tJWzIEgqlTbYMKFGQQVgKYZnsaqV0LZ0NC6dptLQiSu1KEYBzuVyth1XXd/18rijZWrY2NRekQKFQRGAJOZttspEtQyKKoCpQZDbAbWpOJDmEQooI4QDTMhsyqEQNopmWOY5jG6bJkImNECqh0hUkMpVyMg6jkgQ7wS2dU04tW9oKQWYSAZoyW44SJopIJw4iwOkMQTBNbb1atdYAcEubjFLSlqSoIiRlGjttpFICijF22tiiOJ1J5iQoqgGlRJToah9uY06hgmiYTKIoSlGRwIiw3NXSdzMpVIRyvV6vh3UjiWiNdKbJnBJMgoE0mQ1QqESpfRFuSiFboRIhlG4mRNAgx8luRCiiKEDTOLZxDAvkBEgamaZht7QzAxTVILCTzGyTA6BNU6aTtEVLtwxUkDBSZpZS0i6KlCTZpAloUwNjBUgRESJDRTatlQiHFDbOKUz3Mz/70//w+CeUrk5T62o1qJa+6xVOLDuESgkJOQiypQ1YEpJw5uSWk9vUIpiGNrShhEIxtjaOY3MDAcpMJ5adQjUEJmnpUImQkZ22U3KxcSmlRjizSJNzzKl0VcHUEluKUgIJIxUFrTkopQRSKjJbywQMTjswbmkhAqBECCmwPI5TG7OlCUXpaumilE6UkA0IVCiSAlWV2s2ixNSayclpOyIKkVNOLS1blgTVmBQhwjm1cVxP02QcJYJMU0IhIzCQzhYqRaUQUQoG2S1LjXCAkBJl5tQm0lxhZEopEaXZBMYRJXHmZCVuLcl0UEupNbrv/9Efv+1p/1D7WTKN4yhHRJ+orYeptSmn5nGaprGNAlEg5FJUa+1KVxyNCUWJEqEQUcQ0Dm4GbImS5opIFdVQIBAECIuwokTXVylqqO97CUM4E0VErUWSJESoKBShqWXa2HZTqJQyZWbLaRyNAyUJdpLZZGynkQiVkMbWxmmEiJAUpUQJtSmdKacNgJTpkNNumZNbm5rcMpsyJZXahQoigiDSkkRE2gSApeY2pVs2i6hRakVRux7b5vixY9vHj9caAqcB204rANlKyMzMRCQZCokIWSqlKKKWDoWzAU6cLRODcYQUsmRjRUSJKGHGNk1tBAulAVrLaZymbLIUsrAIITlCJknVkEpgtcw2NjKxaYxTm9qAEWEjhSVFmLQBR0RzBkURUQpOCeFG2ggys42TIrEVYKcyGzZRQqFSilRkg8dpWi6XUaPrZqAotdROikIoCLkoaqlQxmEYhmEcx6ooRBMREaV0pbrZ6ZpqbTo6OpymVqOvpRaKbdtOK12jLjY3a+3Srl3Xl5pjG1sWRbNrX/uuhiyplFKidH1HiYAa0de+q1Uk6ZzsNLifzWazrq9dlArKzHTDwjmux/VqLKgrXSA7ac0NEBbhKCVCbWrjNOY0hZMknQzDcHB42LJNrQFGNqQJgaJE3/fG69UwDKtpbBSiFBUltGaJWutivtnNOpzGoQBNmW1qogR2JkGOHseplGg5OamlS6ew7cnT1EbbpetrrURJsklujtqXKCEVQyjbNE0NkSCy9mU266UyTTmOQzTa1KZxmHJqOY0TrU3jlNM4dV2tpZMM2bIN4xCKrtbadbWUgFJ7XI6WyzZOmGEaM4cgCAwFcsppGDCZrbWGKF2NUEQXUYIoJUIgRRXCBSFDhLBSwtiWSxoiRBG4SSggHM1plOk2TY0UCFeJWm2kCAURIZzYQJGiRJHUbCBACigoJIFsUMhqTmxFCZTpzHQaEpDdEKZEUYSCEoTCU0vZZsycplYUUUuNLkpYhEqNElJOaVyiqNRai4rcWpvalC5RFXIiiIiCbLUcQ4TCojWUSI6oCkm0ZiQHBiNbIAIUDkp0RaWWiiIiAqEgUNSQkEWENI5j5pSZ4GyZJIAVJYhijIlASbNxMxhNbWq4j1JrWec0rceWSVFrkyMQmCglShhay7G1UCGEiNpFrZPttCVFlSICCdK2cUO2W4RbAwSZOTmnkEooKkUlWyMUEbZKjdLXWZ0tZnOwsxlqqbUWia6fYQlEBBIyBgEIiXAirFaDQmnZglAEAhwhA4aIqBFRi6RQibCY3OxGptMOu7Wp5eicpoYUpdRSo5Q0FCnsloRqLVJIwlIownaLICgRhWxuKSsEqlFB4QQS7DSQhgiBVGVARITIJokS2M0tLUMUgV1UQiqldiVMtkQlFEEY0sLICkmKAqWUUvpauj5CCpdSqgKXnBqZChlW67WdpcS4HodhwKq16/tqOyLkaFNLZ6BSgggSp9NkJtkkTW3KbFGjr7MSIUnCzinTmS0zMyUiaomSqNmZDZM2aD2MFpacqeKIAkEEKqXUUhSlRAmBTNrIw7hu03paT62NU5vsjAhoLlINK1QkhdJISKRJh8nWxmEqKl3fNWctCmmYhiLVGrZbTkcHB5ha+77O+jKbprY4fmJq7Su+8suBY1tbiGlcI1oaMh0iImSUtid7zEZauLWk2ZJRlChVqXSTsLORAhTCIUIhhe2WRhAKBY5aC5QwSIAKoMBQFaWIEsVuraXdbKddUFEZhmEcxghFhHBEKQQYrIjABCKQwgqVUIALEJGZmcbGyDJOJ1JE2KRtZ9f1JchpRITCUmvpIGoJRdpuLn1RCbAkSUqcOU1jaw0ToaqQKRmEakhgJ7YkC2SVgpWZLS2pdjVKpwhCJqCUrvSzbjafz7peEXa29DRODpAUdKWUoqBg24kC22A7nRHImtrYnEKZdsqo2YqaNHUsNhbDeviBH/hx1M3nm4RqrfNZN+9nEJkWdNHVKCVKqTWK3FqaiFoiZJFQo+s6RXW21ux0qZ0DTIQipJBlgQsKBCHJ5JRkOh2gCJBNKTXsbM1ORQlDpoQUgCTJEhZyJJ5yIqJT10hnS6dBKkhuFqlAipRVAtOax3EY1oNaogALjENBCQWllKillGJciAg5I6RqhQO7TZIqCCJtkyikyGwCHAVRJEMoZEm2CxEREolKia6rESVKOTo6GqeUsaWozWmUOAjbAidtmqacaJCmGQk5BJaNsUggE4loUiiiVHURBRk3OxU2kBmlIGVzZkQhQkKhKKUERXKoROJsbbKNUVp2S0tYJSIiW2tON4/TOAzDNDVEqaq11Fqn1to0piVQlLBKVzIBhURiZ6YDCINqqaXUoBBRUZQiwiRSCGcmUjihpZHAJYrIcRrGaUDIciAx2pmtZUOpUOaEkHI9juN67Sit5XoaZSJUughJok2T7FBYlFKjlBKl1IggRKnFVghMOsNEEVKJ2vV9S6tGXyNKEQEgEWGYsjU7SmR6HNZDm8iU1cZpXK2SlCDCdhqwlKB+1s0XfandMOV6HBGzUtyy5aSIrquYdAZhWuu6arO/fzisVhGl2V10Xd+lLQd4GIbm7GZdP+tRqRHZsmXrSpSo2E5PqwFatlyvxnQaK0rLJrsL2VqPw9QaStuK6ErpuiqFk8wsikoZh6lNTS1JyMyElqlGjumMFEQVocgp00iltbTpuq7ruiKTanKGS601SolaQqFSSihKy5zahIpkJxFRSlFIgWWpyhQVOYwJlYg0abtNJaROUYsiWrqlQ0gibZPZMm3hZjdoBknklK3Zdksby66l1FkpBYGMSZvMacrJIQWhYpyttUw3J86W2DSDnAZkJJWuAAIDIKlKRoklCxtPzTmlbZMmlWmROEqESo1aJEWptYtQy2Y7yWzZmtu0ztYIR9TMtLNlsyhSkplZJJFRVErtZ/2s73A6s6WzIZWcmqdsbaQ5JEJ2logSKqVGkWoIO9ScJiSiQFGUwMoEW5IKQKbtlJXy2CZnSrKdpMAIW1Fq7UqNiFJLGMBtSoIaRUStxSZzsokSimIDSFEiZl2tUWiJop/NqqNZRmCJiEzbyipFkQLcsKPUUoqEs43jSLqNU5I4hTORwjjdxmZnSgVLVc4ksS2FW2sCS4KUkmmcpIwsJWp0gY3lBBwhRUxtatM4rder5VIWblZGSLIcoUjZISdOpjShgIRaIlTAMiGP0zgNY2vNzqilOKQAkykjRURkGoAkbRrgbGChrpYiYVpOEUXWlFNrCZYThyU3UimpJQaBVLoiUUopQUoqkhRCDjnBRFGpFSy7lFKEwSkSIiVMjsjphLRaGpl0elKCU1ZEVxQhyWS2qY0mMTlOgUIlGxHqaildKEKBTNrIOOWw7GwR9tSmKbuuC4Gyhrq+lr4KFRFVCuw0GNUockxTttacNhKABMpEkuV0psdpcjYhGQkFckpZFbWULqoiimvtoko1ShHpBopQqVWIcDYTlKpMT9Ngu/YVMQ6DiL6LkMhsSXObbFoC/bxvmbWUxXyTYMzBpqtFirGNbh7aNA7jlK1EdH2noKuVHIc2zEuldH/5J7//R3/4Z0Jd14Oi67Ezs42TcEiKioyzaUSSFaWUUjHplja2swEgK6Qo0ZUIhEJVVRFKh0pRIAWRbkk2pAoqIiKillq6olIUCCshcYbdMolSiCi1K7WSlkIis6XcPCEb0ilwhDBStiYySnS1C1WHwolwukSlRCmCIAlhCyHF1vbmse2NKGWcWmvOzNaaiBpFyAGQzpwYp2kYx7RLLVJgVCRhIRMEgYtDQtSIxCSFkKIrfShaZraUQhYNm4KKwlNGIQTklG2YxswRIoSkQOnMsdlpUDhUCNmTsRB2ZtbaBXYqM4GQSgRIJkhFmQZvbm+L+Nqv+4bl0eF8sdNSrU1jZteX2WLe1VKiEFFClkDOnFrLnKY2TjQkERLQaJmAEocyMRbgtGVESMXpTCdMzqk5p9aaDc1uU5vahDPtZhOl1k6lULAChbEzlSAZatRuVmsUUhEiaGNLLKUwadsWJYoUEkJujlCUYuzi6Lq+76VombamNuU4SdFsQYSiVssAskIqtZsVRNKQjURTWoqQ1JxuaduWHGDZaadDEkpbBktugmkc7RyH9f7BwergoKVNc06BmpPEmTaIGur7WVGdPJFG2EJhHHJRZGugEjUipFCnElGiUmRSLlgWCKwWFvSl62oXVUhIKRC11ihBFDtTiSNCQTibM4F0kuDmxBAKSVhtaiRBGGMys6BmS0Y4nTKJ5Da1cWilr1JgsBI5Cqg5h2ls0zS2xDIupVpGxSmnS+1qV0pXa8RisRFVaUSIIslYUqmz4nDL9dSyuesKpaslQhEhiIozWxsnQq2lTYlSarG9vzoc29hapj2O0zhOTiduEBEhjdM0tQZSKVilFJxTa1NOnqaWrIdhnKYSql0X0DzViMV8PpvP+nkvBampMWazFDVClgpp4VJL9KXWzvY4TCYiQpLJbLaKjVPTMA7DOkAuFRUpu65ubm7M5/PSVbUsUlYB2RJcSqQRpqWkKCqlm6bR0OwoEaqTR5UANdvOdGFqkqtKCxRFsltrrUWU2sV6tY6IUqqVEUSUtIUy03ZC2AbJkkNlaE2yqtPGRIBArUZpWZxMU4MoXdc8HB4cHT+2E11tUzidOGq0MTNbS9nuIiYEKiWmltO0TlP7Ok1D4L6fbcUGqJTS1S4kKWrXp+2mIFSckBlWOtPIIu2QMYmJkDObi0JFbraRSacUNjRSYCfNzRZSCCQBUxsFCditTaWE7YmMycZIY04kJQSR2cBRitMJkiQMsiClEk7VCIFJq3QhBdPYrBAtm7EQz2QQIpuRUyERKgXXvmQKcpoaJZxOW7VLoLUSUbpgai2bmxXCthUlbISnnAw4CRph4dZsWRYUMYEyjUVRZKYlhYAIhUmTmCiFsKdpGu1K13VtauAoYcKeWrqNY4FSu4iQAilpkhIgnUKJIsKlhB3pFhG2Q2rGoFCUmJwOd1mUIFTCmWS2hEhZGCmwMzOkltmGETuESnFjkm1s25awFSHszDQE4SDdZKSghHOieD2OEoow1BqOmNrUWnNmqVXITiXj1CSsJIRKKMZsokZUGwSClCSKaqFNWUpIJccWEVZOmZKwBQ4FEYFxOluzjLBqwc607DQI2RFhe2wwjqWEJEkNl1rdpgwFkhShZhsXwjIOuUmRLUvI9tSyUxmnUVGc2ZwCowDjBLdJUYFMm6nZmlRCisCZbcqki0gykxJKu6iUWtxamhAtp1DUWu1o2ZyJXQrpzOYISompjdOaUkvIskTJyEhTwi1bjoqopSKmaczJXQmF2pQwRfSlFKWtEGptkiSBbLAcRGupyMwEFJYLaQJMdFVkQrOVVoQkKVDLzAjJatmyTZQyjRiDLDy51khbGSgx0zhiStShjRUhu1mCCEmtya21bEBrretmKhHOiJplBCUI5wSaEkqNaT063E39yKQo6UypRKdaQFh1czuTr/yarzW5c+xYy7TTk1WipBCtNZUoEggHhIXkEBTlSGa6RlhJTjmBnapR8DQ1tbScXQ0nRo705EwLpMDQUmFKOtXXLrripHmaMm1UQhBGqhGyrTaNLatNukRJkrRSmW0SoQBHRLZpTPoIyc2pZheF3DINAepKy1ap49hMphQUAWlhJ6ujcRpbBJmjQiIIFanhkspaihPZuCgUQpQuBDYGC9OQgyJw2gUrIkjZTqUzCKIxNdOHkO10y2YrpBomEqap5WSwVARpZcuui5AmyWmFhIo82RYSICFny3TUPnKddptGpJYNJHKyI5nsxWy2saj3nTv7+7/7m2/0xm8xmy9W61VxDCN1ZpXq1nIca+1L2MYoalVitTZOqYIysmvZkuyoIUXF7hSQGAKihDBCkFIo7YB0DRpuLVQzJ4USZWu1lnnfJ9mGljSpZGvIUSSFECG3HKfJaRXlNKYdBEGhWum0QJLtbA1ZipQNIYJiO2lhRQ3GJIAgqbVmmya7D6mFC54y05al5iGwM505RXQ2pZKtOe1CobZMcEtKdBMts0nqIizbTJklFBGGbIktqSiQw84GRbIlRy3OjAIo7Vplq43ZUA2lMwQoapFCOWFblm1DEMKe3JCE0hk4nUkpaqIqRDOk00YAmU5PgRAtU4pS1Xd9OldDC8kmgILBTFBMo4QyihBuuDTSbpkRAnAgRyhKjENLt7FlQLawbDtEMdAygYhoxgGZTTiiQJEkAW7DkCjUkoJxUkTXd9kSAMmeponIiG5eFEVO+uIitXRRqIJUwopSS+wf7I9lmPcboSI5EjJVO6wogihdTRNEVUyabEkhKaBls1tmaaZGZ9m4L12S0zhhpuZpGkupTrJlaxlhkERmdn3FYacUJZzGmV2phNfDeLQ6mo3zjY3ZbNEr+wgPU0OSbHscM6RSVXNqY46ohKKW6PqZIcdszhKSwAK1aWjOrp+Nw9Ay+/m8n81sD22YVmM4Sq1TsFyt+75bbGy0nFrLKjUotUzOkpr1XdTSpiknEwoVQsWl0RAySF3XJ0jIuDUCRZUinK1lm4iQIoASpbVGISrD0XR4dGk+X2xubs5n867rStdly5YZBNmm1oqkqLJEjnYttYbG5sxWIoQCj+N6NJKi1hxbNiuKahWIxHicHCFKYuNCpJAziFS25q529lSCKAVF5kQjZKmIhGI8tSmiFEQokUlMKbIl3IykgFIDYopGIkKgokApRWZzTumuKkJ22ERIINtQIzBpFZElwEYmHXJmOhMpSdtOrChGFqqlJlaaIKJKkDaJRILJdJRy+vSp5XJ5/vxFRUTI6aZpOhojEHYRKl2RnTmlCGNEKLBMIjw5nbUUE9iBSomcmiAlpgkisSBCEkhVneU2jjm6lNJ1ZOY4jgKB05Jq35fWpmyYcRxqCUAJIYzsdIqwBMbONqFC0JylFKencS0FIbWpHQ5WKCQ5omRaDgfQsjWVAAAJRMNIEVgFUkgkUkIt1WlSDiSlpAg5KAaZqoiUso0hWhq3iJKZUcPphBJRoksmbFDKU2vgacza19IXmRCFwFObDDgsK1sLqF0tUSieppZQIpxkpnHf9SENmWGlsouuZWtuIWWiKLIMYGqpU0tJCkG6BaEiLsvJEQqgKFTMCETXeZ2jWyWiRrbWcAmTbraA1paeJBkXRSmAnA0pSi3IbumGIp0kRRBFUonMkZQUchSLmm6mK4UQzkwjSomIklPLTIWwVUokCZ4ScGKlUBRht8lIbZqiChsrSTcLFFUiSiHTzmzYnkTN9NAyHaWYTLJGacZJesKUEkrSE6AIJyIRmUQqKqLYLaempCqQokRiZ7aWYCkiapumrJYNZCsiW4uGO08oZKmTp2kahr5GosyIqlpKidKcq/UwTtO860IluqJwKWUcW67WUTS10TaSQgD2NE5RA0nKIEqNqlpKSWc6uzpDdP3s3Nl7fvVXfhW0sbEYxsl2KJyZSZQiBYmVNlYaSCw8JXJmK1FCUlCjm4YhFbKbW1iGEqJpas02UhsyCti2ZBur0CieWkYpXY0o62kYx6GZIoVtrIggc0ykiKJ0m0ZHlESBhd1KVCsFigjCUZmawy0VUnMEkhRIUTDZpjSZzZE1CkhSphVyluVqSbrWzs1uLlLi1pqjKKJlS5lQiErBCpNG0OwiUZCJ6EunYT1NLVWoFBU5aWnshMiMUnrVtI0zXaWGBSoKRVEMbVKqVkmRLQUghXJqGepqlTDCbT21iIgoBGppUWpMOTINQgJKkSPdVMJJSBGRcHi0nM03Dlfjj/7Qj7zxm75FoN7RPLlobK2o5eRSOpUoWSYmRtJTURUhMpRyRFXt+5wycAqnhd0aBZIMTePoaFCLSogsQWuKIIOwQoHciqSqYo/ThGiKkvZkwlmDKMomFdJNLSxHLTlO4zjWUojSlzrmlJmE2zgpQkVGEbIRKBQE0Dw5HSqNKRROJNvCbRwoXVTl1DKzFRcHYTmAwBlRwCaLUAk7jUsBl0ZDEgiZDCAKzpat63vkJFvLbK2WohAOYxEoG44QJmrF6SRKyCSy2ziqBKVEX0st3XoYxjaWWpzZ3EIFkbYjnWBq9FO6MTGlJIVD1U6lm0jIlpmJpSJBBG6JcUiKrg+MneM0tmZnQ0VSqdESkSicNhQpiqSatmHKBmAyCdxy7Po+QhZ2gjoVcGsTUi1FYmoJMigsaohSw0uc5DQaT9NYq4yypdBUCbIN2c1okjHGDQM2LUstdAYZNVrXdS3bNI2GoLSpWa4FMmazOaAgbcxs1pXSWSKkSVRFFJyZbT1NIWznNJa+WsUgexpHQn2tw5TDsN5YbHS1O9jfG8ap6zrQMAy1FISSobXSOZunqdVihSTAdo4tY7J79bWWvnZjmXKcstrT1ORpStRFyWb1ZVZnbVxJqpJL1BxHKVJar4eiWC2HbhaqM2jT2GxqlDGx0yZbeppWU3NmKSGpdlWKeV2M6yHbNNgRAsZsIU1ptxxFeO6xOZHdd10pJTOnbDlMrq2bLUpoHFsfSqlGaWROSOHMLmoJtZxCsmIax4i0sV2iRNei9rV2U2u2FTFNY2tJttHu6qxGhoplEeOU4bTrZAl3paatMCq19FM2Gq2tTWltmNK05qA1GylK2pIkTdOg0nVFU7qlnZIwjpBNmiLalEAomjNsrJCQAoxwAhFBY5qscFC6TqB0tqFB2s0qs74ksm27CFGltIiAKJ6MMI7EEGCDcGZSQDIYFLItqVCcJM2UCCmSdBKAoHloqUCtWYGICCmmqZHNWHabpojadxXklgamphIklAiUmdNkjEQqO9XEzgQFxS2TBCjqokxTTtnApKOvoTIlotmFbEZjS2eTSglHFJQRRTLkNGbUUmvJTGQgm41FkYGoXeSUsrOlUa1FkqFNaSxLKCjGgRJD6UpM2VJSlAiTnlqTHchShEJFEkiSsRPcQGEh2YmEmCZ3EVGUbmkTFJWWhKyQo3lSOKWspZZwOAiyZUQgh8hpHCZ3fS2lNjvH0VbpJQtj3M17bLdJEUbYBoVA2CpEKqVxmqY2YZAEUYrUbG3NNzY2N5ar1ThMlpms3nKGo5RqpghhsllBIErYBlSkVgTNDixSpWTSlEpQ5ugoHoe1M8GNdCMkcDbbLqW4NUcpkWkxtSlapSBARdHa1CIiak4TLSUiwhjnlE2EhdOlSFBLGXPCmdlMyNlAztYCt7TDmc0GNZpSKOUgIiKzZbYSXToVbrgAhiATOyiSMLi1bE2lGKQUAmfaUyMUtOZmx9QSKQQIIZSS0yHSKRwqUzYQxU5SItlabGQ6sZM2jEnaSJGZyJJsPDUhAglFMXY2O7NNFrV0EA33oaCkUTLkVKsV0ZWCc5qmblZqRGY2HGiSRYAU2M2tWUqyWCpdVMKaWpJMNJVI53q5KmXc3DnZiG/+1m/c2z88fny7jUkaaNlKSEUmlTl6sjqEHSIdkqTERUWVUIRwINdaZU/kNNlBV4TJkEyEWiayrRpda2PKQhi3VNQaDNOYbdXaREYpODEiE7kliQO5ZZQolAlbzjS41hm2bds1akTkZAXT1PquByOyjaUoXMYcw2EBEprVGfLUWptaqYFVQlKh0KYp2xSljq2VqAUiaG3K1kqtraVDDuSEQIzDYJOl1JAjoooEsKegILeWxqWWNjbbUxKeSgTGiSChKKKGIJuzZE5NIEc6k5QURZU6jZOM1SJ6srVsilBIShuTRnKQzQ6KQkosEVamQwpEKJyZbdHPZf/CL/7y7u59x4+fmoa1Wojw1KL2qhmijS0zu66Mslyiq9M4pF1Kn82exnBMY4sIK4GgErWWQsCURAmXkNLGRESG3VA0DJZBMlLQJsvpxKWlwx1hpRXOdCB1Qi0nqURELTUiulpr11mM6+bMWvq6KONkeyoRECaR2jhRstKFNLlNoiQq6ud1bOmWoUg8jVOt1W62EksiKJJtlaKoboOaFKq1tsxsLUVrrQRy2lIoMyVKhFRbZjptt2mEqCWgCCOFHSXG1mQkUSMEiclMnJaQZWcaI0UZPNpWSoFtZ9pQIrApNuQ0RcNWswMRtp1T1BJSbbZT2EDJcMFQRMhpbNkJGBumFqV2s3nm1BotLWxHLUo5DaY5VSQKbXQ6JEoJO7GEcWa2sdkpSbUIMlMRVrScbCORIBzpDBIjyZBFSTqiYFMiJOOUomNqmZh0V8Mu9uSQErCsxMIylpBqiYja0o3m5taskpKiVpzZknCzaFO4ZiAglSXBGNsqJaZsoZwagayUrOxqF1GL2mC3bJmKKGFCqvOZx2lcj/PZPGurKgi3DIWRp7Hr+6lNw3pdSkWltXEKyJzN580mU3TD6mDMaWNjs+vr2JoTGEIFUbO1vu8dEVKmx/VQ+k7Bar2ep0pXIiRRupLrth5GSZuLuaVpHIdhnM/nfVdtWk7CKrTGsFr1s1pUwTkZuUQx2bJN04QIhZvdGtHJxTFhZWu25JzSmdChiK6anBKhFESEQp4SZZsARUQ297Vzn5kZKcu21BxRKBWPza0o0p7GcTab1Vqczmyyaok0OU2hkplOd6UYspGeao1pGFq2yFQm2HbLZmeptUSRMikSCkpgC4UiyJZpMsFROkFgSEqQCCGVIDMaGbYUoQCjNg0iQraKpqnZgZwuzqkZyUahhCxSOjxZkVhCFMnONAnhUEiAMRECTW4iS2q0AoFMC1FUDGS2KVNEEelJGRBRlLhaojlDkfbFi5dq15XaJelEFiWwkG0pExlHZquqpUqhsBya2ojBFrKiNZOtTWm1ok7Vs9o1zJSWIGtfsMZxctolSZyWUCdSqEYZRUKHsrWW2G5IBZpIWpuwm9MKAYRIJEoJ0NSyVoloU2uZmVkCRygTbEwTIAk0TU0iJRGQlCoMCE/pkFRwZqFSXKyoImSyTZQIZEnVmZCZ2FGKkQEsUCjT4zhGUVc6UWBUmUKRtrNJxbJbU+0oGUSJKmcSxmkgLBEgRYTSAJnOVAQ2EaWEzDA2W6FycHQ0rAeHhRTKllaUip0CpxUqJTKzuZUUGCVZFeDWqTqdTjtlN2dRGbOhNGGToqrYSOrn894cHR1FSBHObG4lSiArLbWWISnklsbTNBXZTuMSRYoITZk5OmgoVHA4oKultczEyK1RSqiVUrEpAgNSCWFnmCmtDDqkLLWTA0spRSsZbZpwISU1EMa4FlIVZzpJAxFhKxCzTklziyhG2RoYapI4bSd0USSmacBEVwMZyU4oUrNUq6aprUcgrYiIEFJmw46oCidGhLGytSy12sq0AKczTUg1qbUU2dMwWGpkqV3X94Ta2AK11iZnHVCoqtRSWjbSEdXV4zhkqnS1SkhIxTHloCSaHMwXGy2z7xeXLp79ru/43rRrV1MWhJWSomQ6s9lIAodFES4tUxglVkYURQLOHJqg9p0mIjIsI+GWiaJGSApbwqRliBIhqTlLkRQ5TjYRJSTARZJdiqRs6UzAyE6p1szJDVxqdKWkM8cmjJACJiScw7Dq+26cJk9EX0tHdVWqlFm6TVNrOaXBRpI1tVZr7WqJUgbkqCoNFxRp2bJduwqSnCLQ5CYrFKAICWeSTk9DFBkrwlamsrWIcCZFJTE0rJaGokhwOuRsJpxmWGVUkWFjMhsiIwpBVGVLOdo0ZssIGWVr4SJ5sgpuJAhZUErFmZlpRxSBI5QNge2c5vPZfRcu/PzP/eK7v8d7NzyOw3xjnipJKyXalJlEeJxamyYobg27dr3A5Hq16mo1pvQBuFopkEI4gpCLJCBt5LRMClmE3ZxMJeTMSSgTRRFGckQJJwlSKTYhGTfsbOOkEiW61TB0mWDSIbm1ru9aG1uKoEhMai1LRJsampBKqYiQcmqjcMOkCOwQmRkEcgQIoTQWOJnWESVLsy1FrYxtcoJT1CgS2B4zI+m6EoqUsQVSABFCjizrHHFGs0xDEfaUExBABDhSISdhpVpLaxptJDvIDEgbEbIhwjhaptrYwFEkughng6ISMlJMIgzCIqy0VQyQoMBA2kaBJdzm88VyBW1ya4RUnJbtGnXKKTNri8lDQCnFWNlcCo4oAbJJZ0gWmVbIwq2pkDZ2WEQSKhJSRNRCEyhMuFphJ6BMG2qnqdGm0YDdoi/KdNjp5owY22h71vXObDkqZEXLZsDq60yhzNbaZDtqWKWPmpCZIa+HlYMu+jStjUEtJYCopVCGcUynQDYEMDkNfd9nuuLaz50pEcZdR7bJoyhItXRmchAqmWllhEutfT8rUdarozY1ahTVcEOoeb6YlzaGlM21dsNqPbWsJcistVQUbo6uoEYhSllslPWgaVxn6+qsCI9jmqiodDUxVum7eSlRSjZSXh0uo9b5rC99SMJWCVlDjotFn4ppGEOiRBtb01RLSRuPLVOKqJ1bZrNKOJ2tDSYwilBkyxwbUt/16Zzc+jp3yUzbuZ6mrnTdbNba1PVVipySSqEgWuumNtoGooSzjWNGIFkqaQ3jCsesL9OYrU2KmYoxJUqUKHbm1OHmACHXWsHOLFKzc5qwLaKoqLNbUc0QbaTQ11lrDYlEyEnDEkhTM1IYTJMrSpNOESKRwlEKGEmopZMgKOlMMEEKUDBNrZYq4TQywuESYaOkAcpQZ9ljTkmTQhipypPSiUuSwgoVoyILQLiWaJnTOEYJRYQCZ3N6WpM4JEUpYXAzAbalQFLUKkvCmYlREArTKIWUnHIQ1Mp6JEqT1TJb2rgqFAFht4hQyNgkISlqKQ5q1DbWYVi3NmBhBGlFhCM8Nk9JECVCap5w5GSERERxa4GUWGmaHCUiswmQnHbIJA4F4Cgl3ULZbBpyRglwhmorlrFCkiRpalO2FhEqdEVEZDpbU4QN6YhAaatEpDMtTGKaG9RihSNqRyQtmwOVrnqcnI60oJmcJnUqLpQYxzU4rJwaTmeiEC3tEkXFohhhtTbZDmk9rvOoRSmKUqtCMbXMbERp00iiCq0gAUy0IAgiVCLHCUQhnTk5ikBd7THOqZYujclipVGxG86czWbj1E3DCBm1akpJQq4Fu8lJVpxSV/pZqavVQRCOcNola1Qjl1AjFI4QrbnV1pUqTSVbk3BOESEpUcggKYBsphAKMlXT1pRIGQWnTfZ1nm5G6SwUQygyJxMtM0pRlDa1UDHNUggnmdk50hmEimalH6eGEjKklg5JKEqJaYqCQkZVAXZLJ9a0PFgqpFCoiBYulmsoSwiiRCo0GdywMkmEAluhCKYWpVJqVwp21E7ZsjhK1KhNOeUkFKVkZpGqQqBS7Da1lERgyHSJritukNkKEVEiXNQ1N5XoVFONTDf9zu/91tOe/oyNjYWtbC2EjeTMBEeIiDZNQiKAxAIjKDk1lJKyAWlsl5wamSE5M9MFCXC6IawSUvE0YUWRJUkl5DQiikxgNY+homKaASURkiTJrRlBI6QkbVBrTRKgCCCnKVsTLrUrQbasUTXXNIzTNK3HYVgNYJAxz0vCBmrE9tYWqKsMmbVUYzkwmZioUSwzKW1B1D6w3TIdApyUQFE6O22XUkwaZEAmlbasqCrhaWzOREo7VVQjjIXSBIQ9GmdWZ5ImYnJGSqUgh0kXF8koDEU0obSxwEKku1qRcmwmISBrV6KrXYll8NM//XPv/h7v3c02xuUqp0TGpY2TrFLDqWFcC7qugmvXB2SjRpSNLUwNu0QbW1PL1sDTONmMY8tUpkIRBczYWlGEbKdSUUIGlCVpWAVRJFdFKnGmJUUpzuY2iYiinExHX2uUenR4MA6qpURYUUVbr1uaUiLHjFqjRjrtLIpQlCgOy9mgQcmMKEGNwKMzkD2lawmD0yIziQgrxmk9KzXUGbdMMISCYqUtEgWoWAphUsaZTY4QKEoip8kWVkOT3ZeuhtMtIhRuY4sIRQlFcwMUgtKF0w1KS4MR6UxU5AhhMjPTOKm1WFaESNt2osy0PbVWZEIGGVsK2QIiLCtxYBscpUQ6l6u1Mg0IbCWNSUZSiSA9ueEgJEkiCdmInFoYSgmVNIFQeqLlWEoXiZ1ICiBCmqYJos7CjuaARos2MmkopWuZpDFNCVYpMrUURcFZQk6VeUiamjKncZq6rhBFU05OIbtJihLphlVKLbW6NbXWIgLVCIpyUFXp+7oex6CUCKkMw7p0EqESIZyW1NzWyxURRUGgUCGo6aZMt7RCfTfPbJkNpTMitB7XitL1s/VyDLnv+jaNqdbSLVuXmdVRgsY4TpTo62wYx3E9lr7UUkDNUxA1Q6ujZdSQiFqKShunfr7Y3OxX+4fL9bp0UbtZOLt+Ro1htR7Hsfa9rVpKm7K5SbHYmLcp09lHVT/L1lqOfZ3BYKTMaVxna918VuxMd12f9rBaZ8vZYhalRITxOE0RmvWzdI5TqypRIxSTpxztYkMI4QRELZ0UUkYUu2Wz5KENG/08J1sIKyKiTFMGSrDTlkFkWG5ZquRirFLM2EWfEilZREiRUimSHBHObJmKkBQUq2XKTk/OOjpNC4SEHVObWrZCkUAlcwrJhpbGJWRbtRRjSdkyI6QSJafWaKjUEnYbhyZTojNpgyxIGSvILqpUrTGRbTI9JfM+SrRxshNpyikiIgKc6SwKFIaQIdVoKAKlQwhEay2sSQ2jFCpSMwh3UVzI1mipWhKcKQgVY9sRahCm2UqSVoSzRCjpyJQyFYSCSKmTQRZpTEYUCYg2DokUKJ1JSBRhT9OUrUm1r3UqQctGK1FLVGrDdjbsUiKbLcsWIBvcMrK0aJkOuZGYzIwQllFmQ5LARMg2KQRScRhq4BDpxAWUOCxFRGR6yklTIqRooqSMPU4qBUU6UbGctgiBs4WCzHSGKF2NkO20lZZCCpRCToMVYZyoBCViSFpOXUYmxgYbAIdJEWK0cUY6I5TpqWWoRJRwMq9dKeth1VqZ1EiMc2qgUkoUjeMUjqiyDJIUUQJcNA5pjxBdFwap1sIwjbIQkoqjqWVmlyWVrU3LVWKnTLZaSlNqylJKrdXO1pom0g7SiRQleklpT+OQ4HRzllJNSzfSEQG5Wh9FV6KUlqlAKXC2TCcukrKlSacilGQBZ9SqaWqtDTGFAqFhWAuEwM0piZwQZMsiTxMiSgQ4owgDNOyJdMsWLsjFJcJy50gIMkIqnqZRUhrZkYzOEthGWVQdhMiJiZY0uQFTQGp0RloQIZsSkiLJzDR0JUAoCi5pRyigTRa1dioyJu1mI4XCmrBbRpSaCKY2iBJFrU0qCBRddRvTdjoji4qTQFJjGlbDYrNXzZ/7hV9BbG1vt6lJOA2eWgZWYAihiMymQiZgZAmMgwgSG0kRRgWkDDmtUEBL166UUtbrkUxZtUtERClSmmkaiKKQbSGZzJHEmlqTJJO25UDIWaKkbRFkKTWcpAfGjdnCUEtJJ2EyBGkXlcPV4Xq5AiTZ6rrY3Ng4efLYmdOnb77xlo3Njc3t7QgdHh0tDw92dy9d3L14971n93YvHC7XF/f2gAJbx46plmEcZKdL7WMcKRHDOChk5GGMPopLs6SQbAVkInJSRFjITjKzKAhkdX3XMrOlPYG7KM6coBgrpRAkFtmsWjpIT1NKEZKIdEgSaWwTKgokZUZEOjInIGmtqbmlM1wQgLMRpY1ZKsu2rl3P4dFv/uavHexd2Ng8lvPDiJKZKpEtp2mSS9dXBskWRhEwTpOCWiumZY5OJqebVKwGisBWrWHaMI0lJDtqDYHsJpXIyZKFbCtpdiiknBq0JKLlmI6uVpMm3Wi0kGopKsz6+dBaiRIlQoW0kdPGAKmUp2mSZAsXimupaU+tlYhwwJRJ6Yqc49gsSsMonMJ2KNMIFArbJUo2O5NoOFvLsERBLqGWchojKYIklQLAniYbKYtDZmrZz/pwa+OU2Wwh9V0RsW5LIYtsFgCJZdtEBERY6TQKqdZK2sYYRRTJIWHkNk6qERjJLV3DlKhJhhSB0yZFRekMMMqAlhIWpBuoTeOULkLIEpZMonFqUjggI0oY3MY0FoWimpbSLq1JETSTQWRxp0pEYk9WDdIERhGyPUxTesLpCckRWEytQSBUGq4RBbKUEtKUTQoFoCgduJZ05tjGrqs5NUisUkuNaBOZBhpW0sZUKGpM4zg0zRd9KPquT7KlJRkAZ0PKsQ2eaimllJYtolQ0lVGtuS9dqZltPU1CduuiuIhQm3KaplIFMbUsIIeTaJ51oE6KcRydY1f6jNZSxdkmhEop62nsaw2pkW1iGlrf167vPEUd11OJWCzmw3osUWvpxzbYU5usTjM6ifRkM4xDTiYdKkpQy4mpNTu7Gt1sI2I5jLlmQFEyW2ZT67q+TWM2d91cIY/TNI2opCdRaz+Xx2E1KNb9bFZUQIoyOXOaulpLrYCqyTp5alOjCqnlBEhhphph1ZBSkbY0hcowtGkaSy01IqKUUpwJCqnresh0kmlF7Tso0zhG0HUlW5syQ5FqbTTNtQvh2lVbZCMqmWmArpCWlJPdLI2JRGulRIMAQaGk3ZXSMotkFJIDEpCBzEwRJhVBGjIznc6QMmwTEVGKcJtIsrgAJgOUxcI5IUl2IomuGiktqdnFRYEzowQRkW2a7GKppNM4DChCCTlNQSCEoxQp7IxaJMsxtabQmHQutY8pExvsloQElkNKkG3ABgtZFDE12w1USgi1KU0rXaEr4JyyaRIEYdPaGBFht8mEogCSsXMc03bIrqWqrhkCsO2mhLCRihWlBJkJqRJhZWZGBCIcklRKxDhNikBgB2S6VKXB4BKiRcMqooUMghJh2bKRTaaLaDbZwkwi7FKLnJC2jJSZBmfUqKWTCYedTmwyUZFbtjYNwzRfLJxMzi5qGIrlSBxRiqTQOE6T3cJTm7I1R6iUiAKUUgCp2TQyXFSUIGHT3CQUKkWZIEUpqOAgp6gFa2xTSKXKhCIkcBAORSDjcRyNulpaZkRYIdvkOErI8tRSEk5QqWEDysw2NuFaapumsQ2daqMZI9VaxykdAS6lS7flemUZSpAlQlFaa4bWWiDbKImiJkWQSjlERFjKTLeMikKyqMppMmmDQQhMwRlRSpUNzc0pK0IphRSKyS6Wi8LCymxKOwRElEySVJJyRCBlaxnKlgqawyQyFDumNvalqpAtM8Q4NSukCLWWgTOjkXYDQBKhzkGZWmZGKVJICEIRvXNqIiIC2QaTOISsyS1Ua4mWspotwiEVlZCUuR5HQklTUUdXa7WEp2kanZbU7CLVKM2eVmPDUWLMVhpTttn85PJw9SM/+COYiJhIZzpNUKJgDFI2FAhsXKPLkp6cTomuVInWDBkRtoxrKTLNDSkIFUqtfVenqSWUCEGJmDLTJhSuCExIKWczECVapoKQnEo142oRxSBJdtqpKVQiFC3Xw5DZWish1Rpd1+3v765WAwAsFv1Lv9RLv9zLvuRLvfjLvPhLvvjDHvqw7e3jql1XREgS0NJ2KhTSOEy7e7t3PP3pP/dzP/XTP/vzf//3j7906RIw62fzxWzWd8M4lCjjNBq6Wm0PmTm5dIGphVJKZhvHTDuE25Sp2hXAVmJMIQCw8ZRCQYmIqGShOLM5UxEpwiGVIruMbjhxJRURgRSyiVRzZgvC4LFNAogSNuFMO0EtG03YEWFnLSClXWo3X/QXd/d/67d/683e7K3SCFpmgebWFAVw1FpLhMB28xSQhFuiIgRK7FQUlVJsT61JRISIWgIby4kgMxGeUCjIKY2jdlFDOaUsFWQBECazNYm0a1eiqWVTsVTWw7Ae1qiEUAhncwtKywS6WRduU+Y0NeESxU6Q3XC2RFItxa21aUQYy0yZKiVEZkYREW5Zi2wnCKVahG05sZ1BpVmK6Owx7dJXt5ZOjEkjkyE1m2wtnaKEMrOUmkHLFhbkOCoUiiqszCYnBDidmRHhpKihiCKSdNhZok45kVIxqXSqqQQu/TRNoFCgkJwimq3AcjrTESGUaSmdoABEhgSSlAmi2ERYoXRi2xFKo5xUatdXRI7TKCQVgqKgUOyWqYhIWkHGSFINY7WmWouKlYDkRIiIAhKoFIe7rqulTFO2aay1iqi1wzlOabeum2FltkInOXPCql2Xcp9VUZyDW8qMzVUF5TRlVJVgHFtOq77vStfXXgzrcVzjGRLp1hIQatmcDjTiWqJEsdNQIkIBnpgK2ZqGcQhF13VBNByZzSFnSEEtVaFYrYdZ39teDUMJlcJ6XEeJUksaEaVIqDmLUd+ptSHHvpv1s86tDa2phghrqgmzrroh1JyBFHUacxyGrq/9vM/J0zCu1kPI3XzR1UAyZBJFcqmqishpLcq8K2k329KsmyWO0HI11RK1BpJDmlpmDkPrayCUKl2UiFq6Zve1jm1CtsKS0+M0tKmVWoGWY7QaJSQ5nZOjC1vDNAYtCkayulKXw2GgopIgt6lZcms2SCIjQlaJgl0AJNuldFIQAcTkqY0pOytVw3qQGDNrodRiQlazhUyUUNSgudkRSKpRkpSjVJHZQIEoGDBJlCApEc02k5tqDVA63YgabolcVBsugcmWpFsXkWDbhpBKAUfYDYBIUUVmZmsZnTpKqX3m1NxMRoIiSnNaBWRSKkrnNLXAoULaCJQgp0KynU4cJWrtPKzBRFGzINMmUXEak0pSkLaiYBRWRCCYUqGIghFNEgbjNHYoMA6FIkTLJgU0iVCoyEkEU3ORMjMU4FSrgaMoLSI15ZRSlK6W2uU0TlN2fW3jNIkaAQoJpFCUglRsT047DIBpzaQVAhIiwqbZESWnpJAkDQSSDOmR7ELUEincZAVKKVRbawosZMtRhO1MRyfJUaqzqQSIgFCOtGmKIKCNwxSIEC1UTEyZRUVBaxlWlCgRpJ1GKefYBkClQyqOLBld7a3WcspWIkRIAJKmYVhnK6XgbC0EpUREzSRtOyMkIFtLq5AKZ7bMUkvaONMoLTttkKRQaUwKkQUIZyJZabdstdSISClbusPNzY7S0iJbSCZSDgpuJI5mUaIKW0JhUiFRshkrQlHKNKbHRkUoM0NELaoiNbmFpRAoIkS0NrbWlBZZS48QzvCs63OyW/YdzkBWKtNRCumkNSd2cYCm1lSwlSMlTETX1cRKsE1RWKiULsQwjrIty6XlVAjXahzIJiIyEzlQWlKxM2rUKE4Ts4n0ZBXbSGqkm6Oo2FLIAkctKl2NjvA4DjmOWV1KEWo5OaIPKWRQlK7rCWpUZxuNTKBaa+1imhoRM+GGIsIZIaRS5SZKdq5Ry1/88e/vHxxubPTTlGS2liarSwpwyBGhJN0k2bgYIxCyQYGbMyFMggTjODohcINoidtRG8uICJV02hFFnoxQopCQ5RQYKe1ozlKCZkAiCCFkk0G0TIEk0hkTiAhwRJTA6f39/aPlCjhz/PjrveHrveu7vutrvsZrbO4cjyhBEEDLacjWMu2WTquE7HSCJ1T72bXXXHvNmete5uVe6TM+94vP3nnbt3z7t3/rt3/bXXfdtx7Wy265sbUdJWS3McGYqFIytKGLGhHplmkntUbpqlsbWwZBpRhntsymzKm15qiqEVNLG4kSJaJMQ4LcxowiA+kMS6WEE9OkENGcxQqFZdKZTcgtJRGkCVSkFnTZN5oBUaISuCW2CHlq09DVbk37hV/45Td7i7dW1bBeRylQwk1FUthpO+W+9m2YHK59Tec0TdlaVHW1o00tW/QVqtOtJURRGGNEUAVKVWVGKW6t2QZMjRISWBEWISKUzVLUqAUniQILIZxpjy1p2FJOk6MQEMjOqkhPrU0RUVAzdlJqy2AcZUKVgpAco1RDwhEa2xiUQEitNZRSVXHadjpRKUpLochQRBTTsIRbDjgEYTcjFCUym00QChUh0ZxhCAEGi65WQzbl1BzNCpE0uXbBJAkassJYFtnsZuRQsZk8OhG00QokbCdRShSKnbKRmltrgEuEXEooVRDpJiGpkWFVRRKJyQkIyYZSJWemE5TYaQc4aigwTk8GkyY6RTplgAjZTowz03ZRQYkzbRBKhQyhYqdlbGwgMxGrcTVnXmoVstKOcRpLqNSYprFWN1qgUhjGqTim1hQlIkpfptZyclcrUto52bawrWlsBZXZPJ2eWimFKEURJVqbbJuUERlRpnCO2deulGiT25QWUzaJZtmqtV+v107UFdvTOKQVITFF7bDXq+VsMXM4SsmInBpuqJvaKClKycxS1JJ0YmRWbjE4ws6wm13HbLV0XanT2EzUPmS5tVZnPZmZWaOUotWQ0dKmRKBuJlprpchZHCmJZjfXUrqua621KdMtFFKRnIksnCn3XYciW3NmS9euziLUda01nF3XmRIRLdMt1znJ7maLpEXzMA3TMFHw1EqRai1ElBrSmKPllg2LZsdkdZqmhqKq1hqlZGZObjlla13fS3KSOJQRBaeN3USEYnJrbRJBGmfUMi8RayQHMe9nNWLW1Sh1GsdSqrCk0nXOJkBk8TRNpZQokek2jikToYguwBWpSILJOaudSozj6DT0SKHAObUmycpaClItinCK4iKylKjEpKasBJmUElLackFSoUqyRyilULpKSGaaLEebpnQrfVfRaLeWGEluKYWdKQmIyNZKkNmiSBnNLbNZMYuCLaullCmRCRIIQ5BOpQhnA6cpJgnbgVGJojCkJ6fDogSilIpzaimslJXrzEzXGhGBRyKcBiJCLWtXS6mldjlNvUXpmu2ioia6KSZQrR1kmtp1pQh6MpFrqbYBp9s0WU5TS8EkmXYRGFcJBTQRiojibDYuKoooNBlcpCk966qNiVpkAZRSQm5ZASICjKMU0hhnAkhItiOqQkZtymzMF4sSYeRsFs5WIozTGVKm7BZRK5HOElUkRekpx8lQIiSytWwts1GKsiXFotRSVFLpltikUQFJssk22aEu+q63GNdT8yiVTINEkG60qqhRZDVSESXCymwSVjjR2KYQtdaGcxobKkUqIeNsCjkbWEgKIoynYQxKlFDIQDozo5Z510/O1qaQjOazzplTa6GCW/Q4SlBKFDykUtTACkUUFxV7lCNUSsFUHCGpTJOyZqaxFAopcZQoilIZZCPLOU1RovRdwS1CjoIDWjYUCGXWKO6yloog1FkuACmFhaKrxTiaozCr3Ti2CJUoCrVsUoQK9hSTGlSyIUWarswgW04qtbpSWyOKnCKMCkbR13FcR1VMtEy5NWeYcIye6kSpFWG7iNYSByBZEZnZaLYVmsYpYT6rEZVQG7L0XZLpyQlRixyhSE/ZFptbrbUf+NGfBLr5AlratdbWGhZuJSoh7NYmECisNk1pVVkhIWe2bBgVtZZRFWIcW4mCHVFCZBttMjOEooQ1TpktQ1KotVYViZspERGRDrLhVCkK0raRpCCTzLRwJiHbCpEiTDa6Kml5dHR4tBJ6hVd4uQ/70A9913d7167MCTId4fXB/jSuW7ZMIjQMA86+77GSdJJ239c0w3pFuqsd0C02rr35wZ/1OZ//WZ/9+d/6jd/wBV/0Rbfdeedw8cLW9sa83+iKs2WaEiWqxnFMpUcTHtajIkKKCIGItJlSRQZDTlNE1BqKCoSyTS2DsHJKFYpDFEsFTc7MjCJQdFWZKdzSzY2MKClToijSEBgFIieHGgpUuuJ0Nmfa0WhKuyul4day1K6Wag5//dd+JVv23Wx5eDivc8ktHYFChiCLqlualqkp09lUovYKYQQRtcoKUKHvOoVrrZvzzUMOSimBWjZJJkKRuEoqURS2p0whggg5TTgK4EIxCQEINzv6qlJynBSKiNrSmTZdV1p6atOs9i1TtiKa1XUWIamWzjikTHclUhJRqqUwYIfCgSw7B6cI06IZSSCFnRHCLVOpVkqMQ1quUYUt220YW4mCDUiKli0oIhRFxTmCC7Lt1gJHCTlSyqSWzuQwZqkRypYKJEU4JUVEYjJFYiGHijORJJWQhFs0JdhutRSI1popNRRkRCkRCWFFGOR0V8pkIkaIKCpGIjEWktuEbQdFpTginCbslEo4W2ZKFtmVThEJFGMrLWWUio1kMJIBGYcLmWCnWrp2tZsXUpIbBtIGCp2iiNp1TjdguVrWUufzhVtrbaK1Umc263HsSgWYJtdwKErMZl2mCZF2NqmUUtOeGKN0pavjODBNE1bSL2ZRI7MBTjU8rob5xrwqWiEinEZIYdowjOkmRRclca21q7VhWqKY9R0wthGjUto0tnRrrQTTOInoZ5v2mJRI01prqVmRqKUHMrNrLdO2a9eByBaqUhmnJmUhasxmJbRercajsZ/10zCM6b52XS2iuNCSEJsbi3Fypk1br9fz2aJEh7J2s+apkSFaa6thPZvPu1qTBq1EtEzbUaiq62GoXRVlbK14sGRnthZVmem0org1J3JGY3JLcjbvW7q1SdSuFMCZzS5RIlpLZyhKRNCmRkRfi1uWCNt2U5RZN8eTFC1NRI3IzHEaO6mlJk8eJ+ZbmZYnE54m1VpEjc5KEW1a7x3tj62dv3DJmCsE5tkkDBhAwhaY5yDJNgQkz6LAyXMQGEBgng+BeRFJss1lCrquzHNRasVkmkKIZndS1NpyapkypVOokilAylTUPnOassnu532b2jiORKAMou/7gPU4Oq0SSkXgFLITp9CkCKA5MaiomCQUbWrQ0imjiKYsVjgtnJlplVpC69VYOhmN6+XBaiJVQiSOKkYmqYSKJNrYImLpfacBSQRSDdMYRM02KQKTRMpyU9SwFM7MbEkIK8KACDBWa1mK04hAKCVhmq0U2bKUQKiIpLUpJFMMahjXEk1k0slNBlar9Xo1dl1v7LRCRJTIiFK7zp5aCxNykYozTVJKLWCmnIBau8zMjAjhiC6kGFeDTSZRojmrZIezZTqKpkgaSK01QhHOZqOQokSaqY3TOHV9tVMSbZKi1GrknJSZ2VCkk0Q1ohQI3IxAhUgmS2ObyOz7ijQNFiZQKa1NoShRCKCVKFNOhkbK6kuEyoXz54axAULGPJCEDSBkrMDJ85AwYJ6TwLxQAvN8BCTPJDBIss1lIkwKDIpwJoCQMVKFyRDG4AilLXOFeTYFTmphSjBClgEMILDAABI2Eco0ABzuXUIhT86+m4m1HGJqGXRdn200SidSm0Znq9FBtGz2pCxJTpP6rqjR2jRNQbhNhiiRckyTDU76xdbB3t73ft8PICK1nsaudqVEFLWxKUpzFhdDRJSorTWEbWc2IFFERAkrJTtLibSaWwnAEbUE49QwpSgi0hC05hDNDoGVzWNNHF3Xu00tmyQVkcVpSy1TiMwkShRFeGoKEcqkRqFETuM0jpubi4vnzw/D9NhH3vxFX/ilb/Y2bxdRNOXq8MI4rlbLIUTtuwjJdrO62WKxMU7rpAnZWbp+3sU0pVuLokDpbNN6tTxUOrpu5/SZ9/uwD3vvD3i/r//qr/r0z/qcg4OjldbHTx4LSubYpmmCLgIkyFCpdWo5TY0iWa21RgqrBSAoUZAiCvLYJllWOl3Vq6hlC4kI4ZbZ1Zrplik5xxYFT1ioKCIIooWCaZpKCTsQrU2llogytjEzPE3GRVLF6XRzmr6GySgOVRzSnXfcd/7cXafPXN/aubTwBEmGUXRW7YMyToPTKpKsTkFFeEpHRkSI9bgOWRGXLpzPlnuHB3uHh2AAgXk+JARpQAo7CZGOiHRinpeQMQ8gECT3kyqknQCgwMn9BOY5KAjUsMAGWGxulAhDKMZp7EpQBF2JHDOLg7Ctrg+nxxy70rWpyZIotYxjG8ah60oGpI0lpiSdQUzZStelLcIJpBOnKfRdJ9RayzS27VLCpUBmZra0EwUos2VahVCQiQLbciBEibJ/aW81DLUUZ6u1WDINikxmplXkJEuptGwm7QhjRQkBxkqpKMJpDIEENolRhpVOHJNTjlCmiRBIsq0QmVIA2ClJZCIj0WxJMpYOObJbKdUx5lAMh/uXbDZms0w3huYspSpUo1gOUWo/TkNXOtvjuJ51PQGpUphaTkOrfXFiEbbTAIGV2H3Xy0zTFIoWBOrmM9uro6WkKCUilBnzLkLORA7CRWojolBr7zYpW1o5rMZS1HV9QEZTWrVM6yHHMWootL25uZ6a1cIlISRpTFRRFmQXS4YIhaZxUomu9s4c1mADGaqlyJqarQhRQ5AtVJJsrVFqp1ZqV0Itm1uL0qlomLJGlaZxoKZCOQ6ufXGbaElTdnT0KlVIiloVEZkOWVFaS4ca9pQlEqnZJEJNmZNKEQZa7WJat/UwhKIUVTqi4KnO5nY2J46cpqgSeIIgbBSJoyhSmZYEKuSYqVIsgmhTAzWGUB9F4dKckJFBnQlHYBdnTqIPItSyqdZhXJVu/uhHPPLCxb3trZkj2rqpllq6zJSdFmqKajcZFbI5k3TWUOlm2UZnRFFrU0GW0i61llKUbcJtGrroosoZgEJTTkVBs6WpDZjSFTeiaF77KZ0S2SKEwvZ6tSqlRAgVt1ElIqrcpqSgUrvZrM4Xixp6wpOfOmWr6ggLSbKzoiTDIZAdUo1OUtqZ7mZle+PYOI77l/aS1vVVEWCwbaelLLPZNI5Ta33fy2mAEmWyo1ZlMwhjy7RQKdJkyKmRWGBZkoiQnUAEYOQKUw4tKRrW03r/MDPTxp4AULQQoBwaIhTOTI9EqWSCgjYYRq6IJhS2pWxjsRo2DZCJKqecGWhsdBIl3dJgaC3sDFoKmapoiFBOLSKam6htGJUoapLCdlrIniwyS40MlBDUWktJt4YcpUYoc1KJaRyaG+law84kqxWhNG0aMwoyzRQ1u0gukuSkEJZq1wEK24jiQDJIUtpBgZaZaUcaiTBuRqEaxaXUcRjSRiFnQ9i0FhFOVKINzTQJkFuOrUUpCU5FVbaGcbPkKCWiWhrbUXVERjoF2BNgikJ2oKhlmpozM1ktV7Yf/KCbH3TTLWfP3Ts1d4GjBoxuISlok60It4RQtJwiSh/VwThNokVUT80RtYStqHLKZChaTm1KoVC4UEuVbbuoG9oq0/O+mmiZwlbk1Cwk1RIIEWObMkWOCYoSinRmy1ICUopsDYVbk0qUyGFVuj7dopapZSFsJy5RSy3ONrYWaewMutKHM4Uoq9WRQ7PSIbc0JsFu4zSFw5ldH/P5xvJoNWm9sbnpNtgK5TB58lhaF4ta7L3DwyJm/RxsuyBqF1JL11qLu+amLAGtTeM4IlTUWpumBmPXzWqpok1T6/qZqX/5F38+DOtQRCmRVtBaE1KJEsrRCmdakB4TIkEqIYSztUxQItuBSgm3zASIKJlpBAK1BLeGnRiFiIgA466rabuQbcQYIxkp1DJDLlHAEGSzyYQIe6p0CmzsVmtp6XvvvreofN5nf/qnfebnQOZwdLhajeuV05vbO303X61XmSlj1HUhUpTFbGNqk21yEoxjK0GiAJSttVJr33FwcBSpS+func8Ws63tj/6ET3rbt3+Hj/iIj/j5X/zlc+cunDi+gxUw5eSYpdOZTNHVMpvVtIMYp3HMDGfUTkGbjBRCKm0aE2yVKhympTNHR1FAgiQCIeQwEbUxZtJ1nYjmVkukmTSFA8vGmVFEqbWUqKW1yWE7k0BJ1GiTVKLiaWqohIqhlq2Nzb3Dg1/55V9/9/d4n8Vs3qax9LPSdW5GiCKPkyeFKEQjyaJaS6zHcWqtUxWa0jjTgTl18tiDb7mxtXby5OnD5bIL9Yt+HFuagqeWpRagudFaWrX2khQiM4SxomRmZso0Uo4SsRxWtVYyiXBOpXQlikJdqSnjaMORiak1RFcClMjZRjsQITkku7VsjiJFEHTqWpskgSfn8e0TT3zik/Z2944d35k8pm2ptQyNrTWpECYdJSRNbkEIaglbipimKU0EsmwDkloaUogQqdaaAltqGJskNOXQhq7IQijdmglVFXtKOzObS18xmNY85VDVU2wYp0l2BFIpKnu7lybnYjZbT6Ok1tqUKOScJExEuKXStNaEDaBsAtngFELKmKIpmw1IkkMlpCkbk0OBlSYlgFTLBCTZRoiCMkSKmOyI1hqiRMGZWaQmKxPERJYMk1HL0XKVbTxaL7vSSXJEKNLYyAzDFHLtK4oc2zhmFAL60imUjSknj7Q2lVIymNqUjS4ptWChnGzZUUtXaimRE+tpFQQStluCu1qJmDKdOWmiyZnYpdQURBRslRItFLancWi2ikpDJZRd4jCEasguziRNoWUxBlqbaqmlhEG2k7G1cHMEirRzIplKFBFRqQQo7dqmVNDNOo8NKF0FE2Fkp0pXopNomszUxkwyuhARNVtr2YytEpEQWtR+SrAMbok8udVaOyqhed9PY0snUGvJpJTi5iRbIowjapRiQ61FomW6TfZUrCI1UYJQgBKiRMuccAmFZMjAckcZW0sMVSJaG1oDIpyN1rIvXZETbIVcuoKdlkxIfdeVKOMwZU5dneVq6Gfzn/ypH9k9f2lz61jtS5qIaAkymbalEGmiTUNrkwhFpLOrpXYdhNMWzoyIUsqUU1WxisJdKbZVu7Ab6aaQhmFwZgCBFTKSTEapdrOpKpZFqES21tKSoogUZJNClqJNEyBjPF9sjuNwzTWnh/V6MdtAKUlJqDSanFNLlVAUInLy6AETyCOeclgNzmaptabBme5q1+zERq1N2bKrNWpVZkI4R4dodlGRkDPTWRTpFIWWRCWsjHSLolJrwDS1dEPMoqrU1oYmWjLryjCs+758+qd91tu+7dvdc++d4zA5W1equpIw7+Y5jZlpCWyjdJKzrp+yiWJNbumGcUN9jSjdlFNOrZYaIiNEyzb1daO1wVECI0gga6mUIhAh0Zx2ZrZa6zBNQYka4WzgtEhFLahNTXXmNgpsl1Kt5vT5c+cz1HezcRoAnJOZpql2NcBJhEoUT2krS5NLKBrNzlJK6erkbNMwTjnruyjF2aYQtjGQTlJtGnApUa2M0JRkm6IEkyNC2EmpMY1Ziqx0I8JC09hkR1e6WlszGJuWRkCtJe1AljOhZRSpSKqNqVZhEQDjMGZmLdF1naJ4BQVQMOVopOiKrGkciyIixiGX69U45Wd91me+53u/37haTm5Fwiq1b0yBWnMEmZmtSalSbdxsKJBQSigC2jRJkUFXo0w0crKEJdmJc0qIKCFaa4hwSRksrIQSQSWcOFKEwC2zSEjANLWIQJAtiSJlZgk1OSdHkC0jSulCViMym+RAnnJSdqWgQExTKyEQAodzUhCORrMB1MLRFAXAlmwCRSBwtmm9OlxsLNo4gCe3oq6vfZTSWracxvW639oss5rj5EyiSAzjBC6ly1AbbDlKN40tTSlyWlBr2NHc1Gwhop/NC/zwT/zklG02n9mTaLi3W8uplJA7SstMOVK0zJBsgVEgIgpOp8mMEl2NKRO5lJKk3dKOjBBZoKUpIYMMSMJGCkiEwtmsiFTDGKcJyJaughAiFA3LRqBqT1KVbJXD5f7yaL2xMf+5n/7J13mDN8o2rQ4urA4O5xtbWxs7k6dsLe3mLEHfzxzC2VqG3DxNbZRUSwg5UZSINqVrSOlxWE9RZvN5P+ta89hWw4WhdN0tD3nIT/7Mz3/L13/FR33sp17c3Tu+cyy6rk+iFJonCDNO42a/RTAOI6EqQRcRFiVsDBFBSwkEbhkRtmyFksRFJcIg2STOKLXOKgPTNEmRrQUYyHRLlXC4ZSLZtuz0NE6KkAEVkZmepigypBlbI9O1B2u0ZjMOD37hF37+Pd7jvRdbO6vDw9aoUoZC6daMDYFITR7b6F4IRUTfR2uTmwUiQkzLg1d4pdf4m7/+69l8wxJkKZGGZiLkdJQQkowyU6RTSGDhkBqQzYSwMSqBCAO2i9TSIhJEA0FEIEU2zCQpMwVSMWkFOdqKiGyTBShpJH2pxhD2JMsSkinv8W7v9hM/+ZNpK2W3aRpVOqet6EppdrYpIUBSREkjI4nWWmZXo9ZFtpbTqoQgimQlEogStrEQznTQRQWN4+QYB7eqrqtlUoADpQ22ovTU2rU2ZcsotZ/PstmtYeZdN7WmEDBM43ocX+EVX/bHf/hHDg8P77n3no3FbD1OkkORTbXGfKOXNa6n5tbMehw6UfquTenWVNTVWqK0yZaK1Ow2TQmLWW9r3s+WwxKa1JUIi8ClxNHhymTUigEkpx2qpSvT0JxTqBCgSk61n/VFwzi1nMimWnJK5OX+/iMe/tA2HHYqpdS0hSPItJ2dakQQdComXbSoszFbm3LExSArsIw0tamkQrLsMKEcR4EkiVBEqcO4blOWWmpEw6Ku1yvhErM2jU4bQ3FrESVjGttYopaQVd1as227TVObbLroCtj0s75EsZ3O2sc0ITlKUIobJhuabI9jt5jllJnZd9HVrrVhahk4yS5qjei63lIb15S+CkEVmVP2sy7TjcRumYBEKeHM9bTsVUvtJFynOmXLSLuv3eHBQalVoRJd5jSs1n3fEdFS4ziUErP5nLQcUWMap1Kj72MaBkuyJNktQ25pqAqErH7eO3PMpLVxnER0XZ2yhRRRmtM2UKNkqLVJykyFhIwoCiFJEioRJXLKCDcnGX0VEuna1XFEJLUUxdimKVuNWqIoaE4y3dJdGyH394/tHDt27JRwyyi1OCTAsi1DCUisbEMbJ0VEqSGBCEMBkDEYSCQUYE8jUQGjNqxmpddcqG5szIggE2QQIAGgzJY5yUVFKMJOQwhnKAiBnJayGaaplEIE2Vz6rnbTmNOUFGqLEjVJ25Kc2BZ0JdLRcgwpQXK67e1fQopSZIGzpZGFRIRwtNbSLlHU0rKbGxlESwtHV2RSFIpBNmSoJM0Nq2FMZsuIIAiKLBTZGgi3opCUOU4ZL/biL/bIRz/mUY96dCYwKQoKAWBQQmAjAKwUAQC2wTYS6SnUSTLNJggLITDIOYEcJSBJISUEIAAngCAhDAEyFoK0bQERiGfKTAU2JooAjI2c6/UwtFlXp2w01VIUKpRMSo2GIghVQ2bLqUVIqLXW2ohUS4WcTLZcT+NGV20yDXLayq52BCnLOB3CNmDstABBEgEIXCKAKGqTay1YyAiSDLsIMmpBDmTjJDOjlqklaD5z6WriNqXS6Ta1FhFGuGXamJallmxSiXQyGWO72aWWqiilG8dpeXQkE6VulGJjkKC5q71Lk8AdSigoAOdkJxgCpZGi9jWlMMYZFEkSuFgirZjb2E0KbKlmW0Xp7GYUERgincU5qXQ4FW5TOluUGlLfdYoAsAmATIfCmZoX5Jyas5WuIMhwdELYZI45lgiTQelKCZkospyjVUI9NqXiRCZtFQkAG6AlRWA3sotZF8PYVuO+qHISGQpAzqjl5KmTKuHWpimRac2mtbRbqTWnaZimEoW+owhTa5dYqajFCZBOuYzDcmP7OKHf+tXfABaLBQZFukmWok2mNkCShJAsQjI5pbpAwgqF1RBSWJE52sx6ueFMFMgRkYlFFEshpGbbKEVx2s5Sqh0F20IURMRkaIowYYwTBUFkTKHAblbkVEttTMuj9fETx//gd37nMS/xYl4vd89diJK168lcrQ/6bgO3sTWlogqs1NRSdpLNiZnapK6bWgsTkpWhAGrfhfs2rjHTkJmt1m4qXg0r757bPHb6gz/q4x780Ie/+3u/9+6l/e2tDTk6tzClFGOSYRyMh2FQlBoVEETSpDZNxgkRanZISJkZCkREyXTLhggpClDCII/LobVG0No0TZNEpFqj1ohSIptxRGCwW6YFNiJkIgqRTiGJqU2RMipOCMk1Avid3/6d5uy6jd31+X4+a2kcTXgiKkx2FyUi1NGmsHJqKi6lNw0Hdq1dwphDW4+bmwtFRbIRLm6qteVU+woFDHaaGiSUwA0VRWROIQFkIGMCkGxJMpZUChgr1aoFNKkIXFJ1ho1Ny6aUI03peicRNAEutUNmdEaglAJ6RUAa2aXWIrCzdGEXFWObDEoqs6Ul2U2qkqRxGsC2JBWplBrSJIPkMChQFrDtdIYihBNkHKAkbTszFMZGJaJlyzalUVCkUkqbpnEcJXVd3/dda9kmWma6GfddDZXVcg84dfzEjbc8vBQe89iXJADxTE4cFhIABpEQScqt2Y4ioiCBwRCQIBDPwaBGFhIKyCS2DCEnloOCAMC2pQAbZKMwlmVxhTCWoQ2766OjKJ1KlMzWcmytRLHdTC1hJ26TUyikqqLikCyyuaiUGklZLQ8bzOazEqbUTLd039VS6jiObWopnASqpaaNiVBROGiZJFHKOI61ZKKpDRF95mCyK6GgjVlqBXtq89ki3UiVWqepCcDrcVSmSmSbIkqpXRunzJayQl2tduaUyoYNwOR07UsQtYugIGysHMcsatTqbFW1RpuG1dot+9nMYr0aaqnzjRnEyKDBWcCtrZtN1FKKKWFhuZFd9CGNY2u2SsmEtEoEGsfJ6UIbp2lqI+qjdJQIAqlGjGkZOSQZwMMwVhds8DSMtmoXWKGQRLgNU7ZUKCqZjqBq1jwhgW0yM7FAUeRM21JItkqtkFPLlq2jq7Wsh9EJwkamlFqDZitNaNbPRIythaeD/UPw1NZQ2zTUmNlTYkVp40hE7aun1tJqLWqJKFFrZmY2AKSQrGytSGMiUiFJ2ZoiVker5fpw+9ixcBnHcb7oAZzZsLKWzmTt+nGcxvUKJJVaq0oUaZpGy7JsokQ6MidJzpbOqU1dN6vSzqnryEQCMg3C2cah2VFKSH1fASnwqECKqpg8rdfr2tVaSkjpdGo+n62naRrXtdQGhWwNZClbA0AAgohomWrRaJJUxdRUI0xLRIkwGNmoZXM2SQZJEtnGLIEsXKIo6rQe7rjtdrd28b7bM0pRTNOU6dLVUJ2mVS0lkKpkZbZUKJWk5GlKMktXkMZpcHoxW0wtW5vmi7lbG1uLKEVlGkd7kkpXa9JESbKqNCLdaM6CbKNepU1NFQtFwYkTnCkkjxlVIbXmNiVhmQhm/WLIJrvrqkLj2CKitWkYx56+72ZRIFtmQwpcIsaMKNQSrTnHNK2rfdqlRlHYOe/mliyJEEZBNkW17ZwiamtpUpLTIJOhCJFpS7iBJNmOVKlIYZyQ05i4EqV0UYImC2emyJykUqI4J5zT2KLIRnKmMw0BCsU02UyplAMCWWmjTNdaay0tPU0pZWYC+/t7Cu3v3heiTQmKEplT1OLWMl1KMUillqKQmxWM4xTCETk1KezW3ETpuio7bcvZTGZERCnYmSaIUqriaL0Oq0gqYam1VkuJro7r0W2MGrKGYXC472aldOv1YE8lopZqKcmwSq2CsbWAtMdxiqouqlFEyGkb2rgeoxZFTGO2lrVIXQ1oplJKX5xuOWE7sVRLkZyQzfaoqHKIFlGGcczWutmsRESg6EW2lqb16roSEG6MLVWihMapEfSljyg1YoqxGYSlomjyNE0hTZlyAQtlutRGjSh1NQxPfupTgVk3G9arUmqmMygRLs12QCYmDcbKhKCEEivtRCFFZjOpZsnAODW3dFWnYtkK2RE4hZxgmXQmpdgtEem0CSzJ1uSsUTrJJUPV6cSSnCYSB1KtkcbJMKz3Dg93thd/+sd/+IhHPmZY7l26eKFU9bNZjmk7FOthXWqUEsJp1sMEBmpRSxcpFaWUrlZP45hDmVBEUTgzM6NGI3BOOYVKYmVWh2q/t3t21i/e9C3e+u/++q9e6ZVe+e57zh3bOZZFbmO4R2lpGkdLWJlWZEtPmaqq0SEVwJgMioQFKskUlLTTlFDaTc5JeALJtNbANWpihCQbRYZKm0YJHGkL47AMbs1RNLQ0LmEpQrKbFFE9OVzArcGizkAXLx3ce9ttNzz4wdEVYRVh3NLOErNWEoMpJWI+c3rMKdetlKZQF6HaTzn0Edk8Tm21vAiJqsLTNIaiRFUUkHNKHJSWo4ha6zAMma3re4sitZZp1RKlho3dsmVrU0QxKkWZTnBr2dKU2kVEBCYdXW2mTVNYDoQk5TTZLn04MzMiKLXLsSkinW0aI6h1NrVxMd8ss41xGA0lqm3VonQEU3OjKcOhSEBFsrO1pOGQpBIBTNM05WjURUQp6YZlNYNMiZI5OQoFo0wP0yBJRaJEQdQINcstM5siioKQbdtRyqzvA6bJcjqdzbUWcqzR9V23nM1Wq+W5CxesnKbV3Xfd0/ddoFpjGJYytrEUZTbrbYcYJ6MMotGURCmKatttbC2jFuNCUGMcxkK0NvX9TBFtmqbWSsUu5BTC0KbREV10hAwmbQU4W9qSIkIAcbC/39cStYsaqEitiIhOEXIpPdlGDCGnJ0+ldMaZDml02hRFM5NbX6vQODW3plknRxTXWS8TURW2wdmVqgjAkM7qUktZ5xC2W9ZaBLWrzmytSVEUtZTWhCc3E80ALUVOjhqZmXYtjNO6K536mMaG5PSYU45DRCjV1erUsBr6WqLv3HLKLDVmdT5NbXKWKBHhSWm7obDRME1Jhom+lK5kmyYbqCGldHDpYDbvkUhFaD2uYiXVqlA37zI1TdOUraqMmZHZlRkqW5tbk5ttyVFiFh0ZkWODCBRSxDCsJ7JG6bquEK1NQjZgpwuAKXJaJTAmpzETZrOZegWiRmbWqGlHUmoJVYPTKlEVUk4j0JAktbHJciRT1CJQjRiNbUBStlEqyUQElJZjbRElhCFTESFEpqQCljNxiW4ax6qqUKkznGU2b9mcLv2s1iilTmqtjd18w7TWWl8742kYJEUtNA9tKl0tETJtHEqtpUS2SlhaHDu+VWo3TW02q6VUiak1agirhIwkh9WVfr4BsnFOClV1woZaqoFMazG10ZQCq2FYzBeZWYJUrbWM41SsRrY2JVECCUJJKgKnbCOTUvS1r9FN09iyIbdGkYdpBBBTJk6VsBxSQpItsy9ds0O2I9TGnGRHKWppoxSSGWUpApQIHDiTItnZyCBaikxF1NqBnClcuxolatdHjRzH5bgqpVR1U1tHUAql61prmVPUvis18bhadlFnG32mQxE18KK1PDo8aC03N7dKqWNEWEEWucy6cSJCtZb1kGiKZHDr+1klqEBiWV2pLqMtteZAKgWXpEUR6VHDNLK5sSk5qvtunpnT1FymTrKqm7EJlRrZStdn1/VdKVN6yimzKQoS6VJE1IIisNctpRJMTUgqXa3EJEVgPDlUAkVpacm11HGaIkqUggmFAiZsUkSpYNuIsU0FNSRinEZFdFFUa0LLyW2ySheyGW1JQqahTlHcsk1ARgmpmGarK4E0TWOtXSldm5pJkwkRGIHnszmwHI7UsiVTa8DWYgtAKkVd7VpmqaVNEbWok43COWWpxenmjFq7oogCRBT3TNNIRJ/95CbTd91k7FRBVioxhiiuyKGIqApV1dqVroNsY+tm3TRm6aTaS0WyaimASkTJLrGMopai4sDNk1tXaqcikW1yo5bad6VlRihTmajUWTcvCFFjnFoGtmqtMUMtLcBZawcqIRMBmXa2EraiRsl0lE5Q5daK7XEacfZ1TsFYoSlchpZMgjBINlFCoUKINGota4gSmWlnF33DxhFFSCWMy0RA6edN8Zu/+WuG2ebCckQEbkhpFUypokFmM5QaSqRAEU7bICuAkCQhR8h0ITXbSDhNgMGyjEUmuElBUTQ7my2ELMi0hKJYhJBJNzISS4BIWRY0R8WM63Wpde/wICo//mM/+rBHPmZ9dGm5PJhvzj1N0WikkdMtU6Ur0ZWiXkytrddNBbuWkFDgUivgaF10khSllLBJu7VWuijqptZCkuxaCNwmpHE4NFx/00Mf/3f/8IjHvtjZs+e2j2113SwzZaTinIpCVbZSJZTpzDGnklFCBtsOhBAJkaaA2jChgjJUwk7cbNxwqEZItm0bUtRSWouhtZCtEnIao1IshFU65UQonDYOScKE3KRalWENbQy1aRz7rg7j+Gd/8Wdv/ZCHLmbzcRyi9tNqSE8qBRBMrTW3GBy1WCItPEyT0lOM3SwjIjMxihSF6IokZ3RSlMgkmDJr12VrieSoXd93tbn10Uff0WxnFKZxUlhEKWWarIhZ7UPYNnQlEFPL9XIV4U5KK2CCSAdqzlJq13eGzGYKoUCjp1KiSKUWgvW6lRo1+sxmZ+1r7fooVQAIDEJWJoooRACRNspMajAxtjarvQKTaYfUnGEciGJs1LJJKhEOY09TRlqlkLabQlKR7FROTQxjdijTRpgMFSvGTJsaEbVO0zgNa9xMIJyUWqdpJKLrCqiUUsjW2Ohn80Vv4xyj2wjn3uHeNOV8NgvNo8i4D2QbFyqoyFY4p8EhqLWWCNJjtlmddyXW4yo1FiJEnZfSoISzSo5SpiJF1CiKaCbQlOscrShdV2rpmpM22t7cXNS+n9arzLaxMRMdUZxTy/Q0la6iaHZXa5taTq104SSzSSHs1rJEBIJmCWEjbE80j62rxRg7mzOJohKdMlOutQ7D4ExLESpSBtM0zWZ9s7K5RDEYSlfX61Wo6/oytUa6llqipoda+3Qbco3m4WyipgJPmRESUWotYHlcTatxmC8WXV+HdC2aWqO1pqZwpG1PU6Lo+w5pPU2zKLaHcd2XrmSRoshp1xJhOxSzrfl8Np+GcZxWNYKm1bBOT3LJ0cMwZSagEsVqyTiM42pl4QylbdeuhIqUIhSCsCKkrqt9N+v6WYmuyZnpdEgRJT215uaUIsNhoZjNZ/1sViPI7PtZnfVFtUZRMA3jelq35tqVrkaUEgZ5zJQU0QUq0c36mYuLisQ0tXQiYYSwQaV2tXZEadCVWmuxBESE0TS01lo2atR0QiiQulq6UrvSdaXW2kXidMooopQgYsqmIGpJZ6CIMk6T7dp1teucTmWAAknYUSSwFaK1rLXWbjFOGRG11rGNCdkSrCoJpIgYxtWYTjfkUktmG9cr4a7r+64vpUJMOHPqun7e9V0/297aql0VEGGcToASGIe6vtS+1lpl2tg8TcbNwjijTZNh1ncIp9uIBAFpt8RSGEoSxQIyJ9JFWBYoVItq10khBBhEGMZpai2bnVM6HQqMFCKTjBLYq+Uy22QsJc6QShRDa8ZGFijKYr7Y3lh0tRa7RglVmmuUUrsIRRDOUish286WbhEKEWK+uZgv5s7RuLPmNbpSousjFHJOQxvWpbiYKJp1PbZJIVEhQkQTKBR9V2uRoNQoUeSQilUzm6LWWgQ2Eao1ShSLIkpfHFElo36jj6htGo/Wq3FYIvX9vCs1M1MWkB6n5syI6imncSwhnK21NrY2jplpMkolLUqpJSCiKMLOEupqDRU7MV1fIzCXRWCCqLW0ls6UIiKcbZymtGqUErWUoqTZKgIL1dJFLVNOtMk0upamtQkTqEgWZGYaXKQSRMhuXUQtBbew1uv14dHhtGqTM4J5V4DMCZj3CyQVdV3NbCWKMsMZQSaZ2dbrNo7Z2urocD2skBvtaHnU2roUVXVRSh9V8uQMGVwiokSUsC0pIlAJlM1IQGbLcZKiU/WUOQ1KaikRmoYJ29I4rMdp3c+6UgqY5qENrbUQVYWoErgpoBjSoIh02GmnSWE7m61Su76jK10tSBPObIARRmJqOKd02k2khJqBvishVDSr88VsVkstXdd1XYYClRpFUSY3t4gSpUbfKZQtZRcim6ekZbNRRI1CNkFUyamIrlZEy9bGVNDSffRF/PRP/jiwmM/a1Fq2qZkAaFPD2VLYFCS5JSAkCUlShEg7szUj93VGVBvZbRoUDgI8ZeKWzQBOlEjgsKIUSVIEMolDwq3ZYFpmZhqP05ROZJBlgxS01jLrrFuujoAv+rzPef03eLOgTctDuYkcxyGVKY9tkDybzUVkm1rm1LLZEQ5FlFBEyzZM49jGlq1NGShKCSAtRVEZp3FcjtM0SCohE5mZOdkuEcM0Lg/3cnVx5/Q1f/z7vzOfd/uXDmtEyP2sK0VISbo5QkEaSlerCqSntKm1qkg4s7VMJx1hrBIho5DSAKq1hgqy7EBgp+VgzExDhhElpIRQlKISFUViNytUSqmFQgGmqTlpJsNEJAlYTDlubm6DfvcPfz+h6+e1q0ISs7ro6zyd62GN6fsuRXMzRETXzWZ9X/uu1C4krJyaE0UpoRpyOo2iSkqTadI2Kp1wKaWUcFoKRVE6MyOilFpqUTKNU+aU6SgisIRkaG7CgUsXpRZKKSG6GlGaHQpFSdvW1FrLnFoK2RDR9Z2L2tSwIJGiFlA6sRQlRDNARFhq2dKZblLUIlsg2crMdYugliBQBFZmttaKiyRJuLlliehLiQgE0Jy11tp189oHKIpU5CQJKRSEsk3TMIEhhMbWsrUiaikNVkfLcbWWwRFIIaTMHNbjsF5mM3hYT6014Si2mabBaLG1cBdRSi3qatTa1VoFtURL27LdpiFzYmrTlBFRapE9ZsugSFGwRgVu0GzR1a6rfYkaQSnVmZIycaO1zHHKzK70UaK1VtXVblZQ6WZdnfVdR2bt+3k/S7dmkTm1LKpjNqDra41qp5QOC3W1kE4yIjJp0xQKSVMb7EYEoYhSJKQpE8nYmcgR1ZlTZmazp1DgtOm6LnFOIE1Tw0Sh9rXrC9mmKbFms67rZ2E5LJVstt1aU1U/m9daSl9ptGxjttVytV6t5exKp9JNky9cPL+/u+ckDc60IjQ1N6coKMjJOSapUkiH1ATVRSEVBV2JUkvtOkk1nV2Emo6Go9p1UbuImEdMbcCFokxKIClCDkeJWY20p3Fi1VJgRZBuUqSdzpBqLeMwTWHLBexsLXNqE64RKqUUmiXbyZQtQg6khFBEiPV6bNNUSh9FlmhONye1J9PYraVlpUwGkoUKuGEJStBsJ81NUxpJibO1EgVFCbcEKJSWTYDURQDDOEqRgRBORQkiMzHTNM7mC7cpuhohS27ObHKaEC2i2G2yImrmmEkpMs5silAJkO1aCirNmTnJktTSw7BqmaX2TjJzGkehCIVKyya7WU5attVqPaszVYRUOlSATLsNabVspUYQEaTJdK0lFFIop9YSKBEpSqO51a5LN9tITiBt2y6BpWmYqO6iRFday2ma0gY7MxQRpWXipAROOagRKLOFChaQzSJLiZa2jEQC2dfOOHHYzmZBEHRuaTKiEBkRSGkXY7sogFKEYkqrUqJoXtyI2pVZdqpZchzG0qjzue1xmEqNGhJMaSNFrNcDdt/PSpKlDUPbdNZZt141ULapC2qtY0tLEdXRUCgiKMLYqGCmHDJDpZuGlUqn4qCI6LsyRjpzPuti1keJbLaV2Uopwqh0Xbg5p2nKNhGzWtvYQmrTVLoumyBTRSAIB3JriVuqOFvpSvOU60YUBQZJOY6hogAxeaJZmMxmdaVrraEopSRuY9aYqWMYpuYWqZYNVGqIsJI0VlFBtGzD1IokFLXUUk1GEUKoUJyZsoggbI/Z7KkrhQCkEr1C0jhNeIropmQig1JLba2t1qvM1tWuKKSgVFinbZxM09SyuXalRMWyjXBadi3FLq21EkHnHKfJpRS6GhDZWinFbgYRpJutCIMCpUIhcJDZRIlCp661RFJgO2PKZjtr1yvCrRmXCByOQgQGSREtW0gRBYWcRWk0NE/TGMKZ4zRFiYjqVFTVqIjMaRqmrkaJAmQSSFi1CkuYpDkbligOaGOmW0SR2+TwaJgshLBnfd91dbVcW9Ta5XrdUNSqQC2nCWcqSikKSZW0hLuuCtlpQmicmhQSU2tg2UBEP7Whn88zpz/+oz8HSNBki8jISCHkBCaJoshQTqMEkjNNGkUKO0LYmbhM4ZJ4PY4ts6iUWqY2gTOJwCACbEwobRksZ4tARIKxC6XZIWE7JGqpduKKCUWmDbXW0pVptVqvhpd7mZf4+E/8NIXvu/u2gqN002rdMgNAqPTdPEpZT6MzSUY3pFq7hlvLgigRznAIdV0lIjMFKNxARLJaL9dTlBLz+RyX1poChaN0EV0N7e0dHKv1wQ971Hd927e++/u8/8WLuyeOn+hqN6wnISwJmh1kZimFLiJtJXbLpgjJznQikzlCKSqqEbKkNqXTCkURGSKmnErUWtP2aJR2QhgRQiCc6VBmmnTaEW4pg5QlI+U2jaGQM02kiyIUzZ7PZ+C/+eu/DdTVfr1eqxkKVaXEtMxxHBUlm2sUF5XSuU0Ky4SilkBKW6WAhFQibZRtHBW1qz2BFBRCsp3ZVGKaGrLtqbVCKKK1CQmJqHZLp0qIyMyiwDYZlIYs9bWXikpM00hzrZVAqUWoQctGIhO1GFulBDmONokcLPr5iNerdUgR4bGNw5pa7QQQwooiB83qyCTdaBmllFrTTURfNLQmMMiSbEASUjA5wygi7KmlMiNUao0IrNrVli3TSUjZ2qSiQKlUkWwiLAUYOZ2tAZkZFRFSGkibVmpp0+TmBEBFmZSoOY2utbWmKOO4ntbT5sbmOI6l1mzjOGWIiFq6EhZBC0eUaZoULqUII2jpzFpLa7meWoh+NgdHc1i1r1N6WkuiQVdnraVJKCoRRS1bV7uumxViGgeVaEm2hhxVUimUo/WqKyOlrteDZgIP06TMHEZLyIFq6ZKGkKrTUQvpTDsdJqIgq9VsWQRhGVEUjigWQk1NAoMiCpAlRApSFYg2JXKoTMMUJYia41C72lpmpkvtUrXKxrVmmlSE3HJsk+1QSFpszIA2tczBEaXGidOnhfuupB2KlmOoRC2lVLAMdBGRTmdTUUeH0iNd35fSTdNouZZSFKbVnNxt9AfTYWvTxuaC5ihFKLP1fUlniZKpCBtstdba1Pq+drO+msHJNA3Dug2rfjZHqqHWphQm0xnqx3FQLaV0bk126aKW0sYpVKhS5tCajKTWDI7SDG0a0+oCWulqSYiopdZZKSkNw4hcECGiyFgqblNDqKgzOFvXdZKyNUHUCEpOzdlKFVaRABd5crpJkZpKqaVWO1ubalSKqoSjZYtSMeM42M7MaWylBgbURW3ZhilryEIis0Up2ZqTUkqUrrUJ4YY8ZaiUqKlVyyJhhUyqhrAxRoaoJY2nNk0jZNfP51uLYnJSy2lqUyldm8ZxHKSutYyIdErGmLYemu1ailsCZDpKkSaY2jhNU9ol6jRNFjSXQpTqdCnZTERJ23hqk52xbikVRXMzGaHEpEXamBaWg5CcqQhJNo0mkMKKKBaoFDlp3eSRpBSlZJtMqUQtlnCaLKUjSBwOy+txWK5XgInWWubEpCxdG0cyO7mUMraxujZ7PQy9s0Y1LpTRYdu0iEJmTpNKyWmyRKPUkqlhPUrKzJymFZotZrPS5dSmaVIEIrMVaXS6tVoaUYq6DLdxcKhU2pRpp8MZklrzehgXGxsEnly74lS2DAppdTWztTa25tqROdFySmpUEXa6pVmHa7EMSJJRtCmFSo3ImNwUDjmbrdawpLQxIoZpkhVVJWIcR1FamySLkm1aj0OJ6LuO9JhTiaLCOE2QERUgyHSNKsly4MlNo4t0tFpNrdVSFCIVVV2dNbKrXWPMqYASglCEM2tXs7nlEFFaJk5AJFFKca1dmxo4pBSZE1BnxVOOy6VDkLRiNwKbyaqhnFraLQUpqe/7cWjYppZOMtnSOY3jWEtIJYWczpzSme7nnUCWMkohnVNLcNJ69zLjapXQ167UmSGntF1qLynJvqtO1sPQ1VrljFK7DiCbBOkpG84akrCYpnGmmaNFhJ2tNUlSlNIyseyGsGqhtSQzjZ1kKZ2qIhML3PXREoyzNRwKQctWoxBkm0YYxrUcvbuG7MxJwzSFpAJJrQFGYE3DykTfdSmTyKggC+EpE9VabCZnZtoKlUt7B099ytOAGmG7VEIxZco2hpKeiqttARGyW9q2AJHCIu0iS5EOOe0MlVILkNlkJ9QI2zYJRaASEWObFNGVOgzrNALUZIUKgtaaVNSKuuYE2a12XTZHVTprRBc6t7dXSvfNX/+1iN0L96yXh6dOnpRjvZr6xUapXddaZ1EY2+TmiBqV1oJwKVXONjUXFVTrLMnmRHJLky0dQSgynWRXq0Ol1IgqyQ6LoLRp6KK2HOd9d3D+wvHrNt7xXd/79/74D7/xG75tmAaKpmmqXSgip0kR0zgZICCNFaGktVRrjggilC3TBjLtQhnlWakqxZ7GcR0RIYmUwUmUEilUu25sU47NzZMzsFWEpsycUlKNmkxSCOzMIFRCVtCahVMKqdkSzgSe9tSnTB4j4ujocFa60pVpdBtGRWzv7Djd2pSmUiQ3XFxbGzNNZnQ9meBQiaqWlh1Ry7zYuDWFMifE5GJP49g8jP1sVqMQJaCU4inHYUroalEtbgHUKNM0ARljEKGSLUkkWjqcQWichtbc95Iz3dVSpCltZxGWMz3lWKOPUNhTa9m01lC7AkkoullmU3FkVRXgKUmXUC118Niy2UrsyUkLKSHc3GhtdDMBIGRSDom0QjWbB0+hUKalEkzjKElR7AyIEjagCNlOKFGN7RTGOKFkm1qpFUVxGk+tyU7bmaWrxaqlpOQ2AW29Vskp2zBlmTIi7GSKflabW41inBg7reV6DCWlqIWTYb22XEvF2YwUUpHdpsyc2tjKfBYApdEycxqnpqy1ZssQtvFkdQUn8mRJhiga1tPUxlKLEG5WRBRRmlF6nUNrWULNUy1dP+tb09SHM5XNES0zs6VVlCZbm0LRWkZRqG9tCqSCWxtNpaqIUDY3Z2utZdau1lLGcUq3EjGNU60qVRGi4ZCIKds0jUTYLiW7WrO1SYMbSLUWp4koUUphai3TIVUVChZdKYndkipPcrbaldp1U5uGaYpoUpGjORGapsy0M1Sxs2VEQGYQjtZa10lu4zBN69XG1qLM+myO2pf1NJRaat9bUAokbkhtmpxTOiGTIAXu+jqf9aHiaUobktDUxt29vaOjQ2dTlCkxjlJQiXCpERKeVOps1pPRxpYtnSmhGrUUo+YWUu2KIU2tddbNulKCsB1BCdzG9TRNbVJxVyoRkoKwyUxHlFIkLOU0SgqplFAUlQgVRZRSCWXm2Ka0LRerdrV2XZTaRGbaiYXTco7jNLm1lmnJoDY1WaRBhTC2s2HbUkQXXa3g1Wo1DIMzW7olJgOKJaUiStRM1tMEESUIZxoZ4UZrU0gKCcCJFarqbLu5tZw8tJyELON0m6ZhrLXUUkuwXk1tmIyQQrZwa5PTSaZRAM7oalcjKCRWSwVIbWqTp2yWMzOdCbYlRQpZSEWl1qoIAonadbVUSZRiR2YiQrVEsY3BBZvMEFELpo055mBbURwiU8I2iMyW2dJpVERQJLJlugsFgWhtUqifLaKUgNr1RF23DLlICNLrYVivhnEaW+aULUQoIVCU2pXSSbJUiNJ1fanNLZ1SrbWrs5nlnFpza242gbCmKVNZQ7XvonYRak6kbj6rpbRxkmWBjaQoCnVdl1N6TJAJp5ttYTunacpUrV1XZUgcUbsSXW1uKgG0sU1tnGTT2jhi2SRpWYRCRNTSdbXrumI5J9sQBmotoZLZMp2Zfe3JKWCapmEcFMJOKKFSa4miKEJFsoG0hAkVRXRdVyShSK1Xy6Plqp/N5rMZEoSxsWVSzklBAKRbQ067Oadpmjx1fbe9udXNetvN2VobxpUtUCmlm/XRRTpzSkAhFaKGLBwpknQmBZx2plgNK3KSmabM1iJCEcr02KZhNJEoQihCEVKttdZaImothRKKZoynxI5SakTRxOSp2WlLRoBNmoZUJOc0TWPLLBF9V0NYkpSttam1lm3KTGNClFItRUTXdcZuxgmkndlaZlBCtHFSQUHaUWsEihJFUglJoBIhS5RSuq5HolGIUktElcIoiHFq47C27WjOJmNhZ991/bzvu1kpXcptcms2VhSJ5iwqCBVE6WqppUvJOHNqOTlbZgIWz3jGk9fDoJBKN07OzDSYFKV2pSqiylaEcaDECksSURQlQigkJEVAppxOFcANnAlRJIVUimVENpyteUTUUqNElFJqtZEjokpWUSklZBNjG00KNXtqozPTrZYeee/Snq2P+oj3f+lXfs3x6BDY2Nw6OhwPj45K33Wlm6aWzpZtXE9tas7mzCnT2ZCcaplShGTn6JZOCUKGWmopARFRpza1qUXX9V3XlZAYh0FSLXVsg6dspJ1WzDa29s6fjeCzP/2zTp05sbu7uzpcqhir2EjZjCKICCICihyWAZUqu7XRWCEUpUatBRBMmSrIlFpqrVASQMPUsk3D0MBBdCUiIiICGZEpyNbsxKiEoiCnbRRgJ6VaNaIQNkoTKtjNrYTuuvfcE//uH6Q67+dd30WEc4oSFiWilqilK7WQtgliylGolpL2NA7pRGE5m51ZVCIUIWcmrbURAQUSqdQyn89ms5lKrUUqhCFCpTay4WaKkDQMq2EYmicnTkJSkZ2AUMpA9LWrobDtzKlNmQrCMs2GyCSkEnZ6miYbIGmtTbWUkpWW5MRg1yYbGFsSyKzXK6elQCoRpaulKypB2paDKMWkpIiIEnZmjplkpj2ZViPAaYfCIUmSnE3ORDbpNo0ZEhZgmluKSDkzKSohJGGR2Mg1wmBl6Uoomp1GRhbQz/ugK9as66KWqgg0NY9Ty8HNRIkaJaKkVQSWWza3ZjtUaqcooAhqESUUIsiWs9l81vcW4zBI6cyxjSSWuhpFdRzHcZrSIxAC7FCDaZqSjCLbToswZHNmKrOfL2Z1ZlOKMpMI7BKazbr5rK+zWSllGAepdEWAIpTCKFxrb9uZlkp0EX0XXUQxjMM4DgOZUYuEMwW2ZYxKjRKBNY65Xq+H5dGULYqkEMZMY0bIBWdO05huQINsJGljbNFaRokoCNJky5YpRenKrOsJtXHylF3tUAyrteVQCNtgMj1Mw9jG2tcSWDLOJD21McfMUiP6bjUM66OWzSFny6x9X0NtStvTmGlq7WxnEgqjaRzHNjpx2mS21sZ2OKyaVWvtajefz03U+Sy6rutrppQElmQHMuniNg1tvV5ljlGr5XEYkPradbWEQkROSTpq6eY9JUykp2nMXDdFtYvkUiIsgohiu7U2Tq0NYybpXE+Tc+q6Wa11zDRCVpLZsCXcHFYobGdLoEYppXZdLVEaOQ6j0ypdyykVtZRQQDanbVspK6KWSNmWIoyJ6EoRQnI600ahIslOQKU0YVCoObElQpmJKLVWWdm8OjpcrwbSpNKOoogopWuBWxIxtibFbL6gaJgmt+y6PkrBtJzGqeEpSpTA2azINo3juFotrVaCrisBkFE0CSac2dyidKFAppFOiLQRIalIRirG09Ra5jS0qU2R0cw0jVNmIGfKKalQscc2pVtm5jQioopMGWdDjoiIWmsElZAzFREhZ2vZAOPWpszWMtN2a5Mxhph31VYbxmlqmUlruAVOexJhNjcXx3aOLRbzvl90pYqIWptpmRHGqbCkEJZFgLPZmc4WRV2JWTeTjRUqpRQUUUpEeKK1LFFDpTU7IS3TGpnu+q5Gsd2ytWGsoVpqG9fL9Sqzha1CjYiQam2ZHqcQpcpky0lySKXWGp2SKArR2tTGyZnNLZ3gooI0DmNOiXMaVplGJZDsNIWqwECIEo00NDejZmxltikTZU7Tej0u16upNWTAoCIkcFUlyDZN09BaW49rS13f1a7rutpFKSVqqNQSFCSrTa2NU3PI2FIa0iKGcchxcIakWsJONVKIQJqy5TQ10o0SUWsFRDiDdChU5GnKzMSVKtFaujVSIkpXZSciZJzQZISdsmrXl4gxW+aUaQGlIIZpmsYMKUS2qbUxx6lls5R2a6OMktZaw2qJZKK1cZxaRJl3tXSBaVPDSGGy1IhQOpsnkSo1SilRRUQUhSTG9DBNsiXJKIiQcZtaGmxncyNJFCHSqSBbS9Ky7cwWgpCN7Wma2jTZBiRaoqiFksZSKVIoqkRMrRljWYBtzWdzKbJNY45Ty2Fq6cm2AuyQIioupdZaQ4FCf/RHf9bc5rNZyCAIGSlkTWNrmZIdhbTtxIogQzLhhEyrYJBwZrYJUkVOhaOUoijIwjbOBg5jeSIzoeU0TdM4CtnY2dwyW9pBRCkgmRKlUFSiRMnmcWzj1Fqb3Nr+0XJ7e+ezPvNzCrl3eLFaoW6x6GZ9H9HZatlICSwQCkmQbbJpQMr0XVEUg7IFJWqtlK6UhqUoUezsulr6rhRBJGptLBEKZbZCUZEiEtzaOK1LKeN678Tp6z7v0z8Ts1wtwyXt9ZRYlmtV1AAiJGW6CeG0UwQKEbZordmGUgKrTdM0DImViZFSKoiAzJbZpqmNOTlRBHLLZkMIBFFqKTVMCkWUohBM42Rb2G5RJNXMFM6cQgpRajcM41//7Z8rNOtqFkEgUqqljsN0tF4Pw9jGqTFN4yQBkl1qlNIhR0jyNGU6W3qapkxnggCFFNEhh7KgvvaldFOOok1TDqvpcFi2aRQukhNlM7i5pRFFUkQUpJAFAgiksIQKXY0oEQVkJ25ySdJpOyMkBZSW2ZylK6pqaUWFmnKEoCiMJQKIohIVWSWiSCpILdNuxRFW6QIsq0RELUICO6VCRNIUapNtKRRYkkkmIgLJViY4M5usEjEMY+ZkG0QpRXR0835Wa5cNIZtsJGlHlJj1Xd91tXYlIpxgBbYBERIRSlJpQ5Raaq2llq5GUahEXyNCwkWK0nBmklaESqQ9TdM0ZcvG1CSJUKkREmJqlpFC0aaW09SmcRibUNd3fTdzyynbNI7DNEzDKNLNxn3tS63jOIzTVELZ2jAOmU2i9l3tu1rmoZCUzqlNbRyNQtgZJRBROpucqH3X9V2pVQhjsN3aRGDJtqcxM6OESxRF389r1GlqkkstEZSoqcxsgaWS1tSaHLWrTtuqpUytFUWo1n7W11mopnMY17btloMLUUtJWWhqbf/S3jROQuM02FbBVmYWRVqZ7ma9rTFHW4iu77p5h20ThigRIgVZS8kSJWqt3byfzepsynFqU+AAIko/nznTOAppkzm1lDCl1FIkgMxpGNfDNLQh+rKovSAzS1e3j52YL2YlmYapjZNztOykjSllKV2pnYmhDQqIGkHfdaWrHqdGOkLW1MZpGm2ESu0iCqaNCU1dwY6CIlpzs1vLbFNmhtSV4rDCGOEgJCSFaW3KRrYEpAxJUoMQFGOn3eQ2jeM0CpdQLTVF4KDgTNtuzQiViL7vhFpaCqwSdH0fUZxSYOM0cjfr+n6GZGcgSeMwrI6OnADT1KQoXSWqsd2mth5ytOkWs342q31fa5Esq6oQtGGc2uRp7Gf9fDYLk1NrwzBmArX2QxuH9cp27eazfiGViFoESEWzrsMStCmRFMp0SSEuKzhTlqLUUoow2CgycWuSkCMFlg0WSC4hMGRaToxtJzSnnUIlikpIBRdKDNMEtgREAdFytB3RCbJlWjWKhBAoJ09uzZmSwEhOK5QmbQApQhE55TiObrkeRxylFGOTRUVF0zRmS+y0E0OJCEl2kmliPiu17wkaXk+T3SaDHQoiTAP3faeqlixXR1NOdkZIXbTW7BRgoihCTlTIJJ0JzkxrzJYNKbKZzIjSzXo5UNTaF1U5WpvWq7VpRAYlahdRVSi11NIRGCmMFRGlFvAwTXbaaalhbISTaWrYNaJTYOyczRcBtUTf92HJ4eZxGp1ZSylBJhYRYSChgJmGUbirnROctdZsuTxcDtlK6VCElHZrkxuoRg2cpVSFSBREUEsnlXFa7x0erFcDyEFRFIpby3Fat3a0f7RcLYWQgJSk1nXzKNWKFhJhlG5pjVNDKqUSgFNRpCoBmXaCJFDYcpOcDQvUDDa2SJWIgCi1dlPLg8Mjp2d9LaJGnc3n3WwWoGQyoVJElNqVLkyatMEWEYoatXZOt8yQSE0tPbXMljgz2zi6aWptHAYllMCWJBUTJWq2yW6S026AXSOiRK2ljyJpSjI9TeM0TQbjKadhGjOnqWU6UYRKV8u8L1E6ITtL1FCslsN6WLVpBCuiqwVC6alNODMZh2EchzaO2WyTLW1CEVKRpIDoa4f1R3/0B9jzxeY4jkHa2WgREM425mRPlkjSJiSckCUiUJA4SUqEU2BT5FIV6TZiSJyZbtY4TtmyqpauhhSUUIko6daaW9pk2ti4gdLNbQJnWKWoFkMJao3a177vnW20gfd9n3ffPnZ6Wh/0pWRk7aKbbfQbG842DINNRCgiFCWilI6I0tW+66MUBGmb1pptRSCyZWYaKcm0ioxt9V2HpHCJAlEU2NlSRSW6amrX167W0gPrwxUeP/BDP/TmB984jmPXFWNhUIniFjkZuU3N6UChiFpsqVBKtbIgR7SpZWstHQGijbazmdamHG2mIKJERCkhS26tubWWxgqFwLKzloiokkLCzrEJhJCwmpEip5Zk1JAKYKetxWIOPOWJT0vbKcaJyAgpnc7ERVHCtdauzrGHcaqKKMU2SqcycRICiCBxy7FlIyUUtUqW0yrUinKcxtXhahjGdBLZxmloI3LXdbULHE4TLqV2XQ1FTjk1tzaBI0opRUXptC2lENB1fe17ilraylJK7TpJlKi12onour6rpagIDdNoNxWMcVJCqOUENE+muVEjmu1puunG6xZ9P4zj5GYgsTNpRITVnC2b7VpKqbUStgXCLZ2gUiSMMTiFoxQUpZRautqpdDVqCQVGbpM95giUEEph2zidKlgSUexwMrWpNdsYLCFaGsikJVFL7Trhgu1sw2hbUXKaLEeRIIoClVJr35Uo2BFFxk4nDjmtoO868DiNKUlIJe1pmnA6GYbhaL2U1XWdIjKxcaJQKUWBnc0G19qXEiQo7JxaZrZsxkq3qoIbCkIlCnhqLd36Uts4DeM6M63MzJycE8M4Eur7md3S6cxsbWqTFV2tJaqEJIXA6QlUSrE9OcFIpdauK7XvulqGNrSppT21YZrGaRwxJVRCJrNNsts0TsOAFR2ZzW5kipA9taE5VWstJWBqdrbSRa013AKrhFBItdQgpBKUKKWrpWWO4zQOGaFai0pXw3Ve7Dbl1M9ns8VMJQLAETAN03oYFKWotsypNYEU8iAcs65EiYJK7WpH0hoR9CUymcYxihOmdNJE9F3f1R4y00TNqQGlq13tZv08RGutpSWG1qZxGIf12Mb1MDqboY1jy6kWIUVhNutLyJlOt6G1cXQaR5KSoutKV/p+phS4SClay9YaITIjrK7IjOOURoopW8sMqkpJtxwmGyWYUEQE5Dg1BUBr05SQmek0KYztNI4StXRubWyT1NKgQkjRzfqebC2niBIl1qtVy6YQck4uEthTkxGeWiMpUpSQolZoLUmpGFbr5TSOtSst045QrJbr5XDkNJm4TdO6TWOO0zRlKWWxmCmCUAlLArdsfT+LogQLg5tbghxQVBHZsk0Nu5bOCtsYJWkjGdeodVZqqaXruq7rSh9R3BLLKbuBQyWsKUfJgaKWkEIhkNOJ7DS2kXPKcRxpDgI3Kayw024RBWfLhrOq1FJrSIgAMbYGUELQmGwrwiGQrJatZZYapXbr9XrK0VMOq1VOU9dVmTZmZpOVltOWASkCgXJs09SGcRrbME7T1AZyciqTbI4otSt2ZE4gSaQU6vqqEtM0ZWYQMtM0DcPa6VJq7WZdLcURipbZsBESlnEQwmlLsjVN0zQOWIkxXVdKqW1KSVKEwBKOIkGozGYLhSLoal9KUSY2ICnCNgZnYiGnnICJgBBCdilR+16K9IQByEy3cb2W04opjei6HtNsOw1tmtymkGqpXQ0hiRoCowjAigjbacuElIbM1qbM1hUJt2zNWO66UkNSEFGjApGSKnLtyqyfd6UqiAinwLi1yaULRbipq7WUkrhEzPo+apEUCttKR7p2RSoGyW6U0kXtbLeWmWlcS+lm1RYqEV2EBDm1lmkcUggJRUFp5bBeD8tlay4RCDLb1IZxtF1rja7UWl3CtlCpNYqsxK5Rur6KnJzJ1HJq4xihru8jarNDkoQi09OUU8thTNnOlqbWvpaSrZGEVKPMZvOuq4hsk7CkNC3HYRrBRkKlRChwYJzjNDlp6damyaZ0pa+1lFJLV4NQONM4PTVo2bK1zDabb7U2/t3f/QPQ1YJCJSKiKCRVaumqlc04XSghhYQqJaxQVJeiUgx2MzZIKec4pdM4SSAQdhospdPZJBAtm7Et3EoIRSeVqLbcMjMnAgIr27herZlas3AAgbrZbHl0GCU+7IM+yPbqaFWiBBGqbRzdMiMyU4qpZRsnjEqxbCdWFBFhMDmOwzAMoNJVZ5vGaZqmdCKA1jIzM9s0TqGqKASB1tMwjqNt25mtOcPKqY3TQHgY19PyMGr/8R/+kcDB4VGNrpYiMEQp0UVOmQZMQMgOBaV0RQil3JVao2RQSvSzee26UkstEYpEKYcFlpAgIiIM05QRCIWCKAqM0zhzHMfWWmYmnoyCopAgm53NTRBGBYWgkm1jYwE85alPCUfpKyG3zOakTevBuJQSte9q7bpau2Jny6YSOWUztUQURSnIMlUhhSyQZUogtUwIm2lYuxkjyYoaUaKrpchE6RRFUaOIUI2IolLCqZbjOI1Ta2m7paTqqCoq4damcXTaabfMKcepOR0RmIgoJUQgBSEhVLs6W8xrFEmY9Wo9jiNANksgZYzTNGW2pEgJw9hMqVGw061lWtDc3AiVkAnSmS1sh3DWrrOKsBBObISdpECZTRBRMltrFEVQsBWECqigqU02zmgm2wQQtNQ0DG0cyJQsycqWdrpNDWOaEyJrRBCSnG6Z00TKQLYchtbSMuEQZEtnE0LGRLjrOozTkYSUmeM4tpbpbC0zFUEUzWazbrbo+m4260qJdE6tCUxGKaUUqQhhY5wT6TorXdc3u9Qy7+eEM5FIsrW2noaDvcP1eqR5GKeWk0KldBHF2JkytoEph2laY9tWZlEtiqKCMwoRNHLdxmlqdrZpaLQStbVsbWxTy8ywai1Ty6m1EFNr02poOYYiUAnVWjMxAdEyJxpEv5iXOnNmTm3IqaXGYTg6PGytbW5ulYJaRlQURbKczS2bSiWCZhUiCkKhnNp6PXS1StGyhbCy4XFqnsZMaUpBKNIOVBR1zLFSsZqzRHHmRDqbJKmkoblAVKc8TK0GpetithjGcT1MtesEJQoZgYY21NqVvhcuRa0EpgS2x2kIRRdVOE2Ukq21cQRB4AyiryW6EqaVIDNdWrYgaHKJlinJhepCEGGyKGRSJihTW6eRjDNRUUhCmAJejUsmzzej9CXXrbWxlpp2Tpktu3lXogbOTEs1wg2bWgsKSbYANysTVENKJI3T1HCNUC0kQTplt9bCthtRVCJK1/URhHLy5CxRwS2b3Urt+hqOUmRZUxsHU1RyytoVyNUw9qXMNjZhyDCZrQ1TS4Ut+joLNDlLqRFYaq2lM8dkdKkyzmmiVhJEgO0GZAMmWxrDYRE4cTIVNDqjFBVKC9nNScso0fV9SI3mKZvdAFsgi5AQpNIhJTClQ0YiW2ISSXaU6mZras0lioStWgowNkIhqZauZSOpUWwjSUUEFgoiCOMgc/KoUC0hi6KSXbap1L4rQWeFVUKq47Sc5cJKyFJ7Q2CHnJlTpjMcVgj6UtWLbKjLnEirlJAz04nTwiX6iBindY5DqZ3JWktaAgUAjVJq1AiUdqkFPGXaWUsNh9WGcTJtHmGUOU5kKaGobRzNqKjGRdUwjaM6sJpprRW5RLQpluuj7c1tKcZpIJjPZipFMhACy0HglJ2s12NLR2VqLTMjI0rU2hPhNrWp5ZQKRUFSKTE1jGsJ0utxCKQoYMKzxayoHB3sZ2l9nYeDqRnGYYwSIU85hWpIk6VwtgSiKNPIpUSaokiPcpQINxSKKLJSDZhyBNuRbdTUEmebSvTpKY2IKIoSECGBnK2NLlUqqhmGNk0q1dmCkMIANiQtIAhj226WLLSYzQ3piSgWhja1NKFsmdM0lNqHaOO4HgZJQv0iRG3TVEo3talNrfRdSxcFtSs5jaNVU8aKsKwos5A0TROZijqMrXmaO0g3j7VWRRSncWuJ7WwiEwcqESggLdLZ0Tlz7VZLJZypMK21kIpK6bsSpO205RJFcraG1XWOqOlce+hLLaUb2yS56ytEI6eWziSCbFNSqrIlJQ72D+655z6QIFumx1Bn4WZFhgPJkShBCIOcSjKoklARiDFdSymAGbLhLCouSltqklDJlsgWYTXITJvm7KKUrlPIraECJtRaqyArnQQtARvTciJlUvI4rYfxDV731R/8sEfaU8sMmwBP4zRFlFIqfSlRSpJFQWDTbNtqQZVsqF3fpikinMopiRIkdkTYaTc3lRKKcGumqdFkm2magFojxNAmT06NtkpVWw8RsZqG2ZTv9u7v+pmf+3mX9g4W80WqKUICN+FSigUUp1s22UY5ThlSRLFt0imjIkw2p1sQQiVIYyttOwOpRLZmhSwJRW1Tk7BtR8gGFJmJJVmykcJWqICRCth2TiDZaXVEAf7m7/9ybOvazY6ODqNWkUWl9KXUMrbmlsPUSmuOiFJsj+NIutRSanGzMw1NnhohEiqknWNTV0oUuxUimywCateF1KamGvN+huTMySZRBOmx2U5FuBAZRPS1Gprbej0oVEtRYsmZ2MkUpYQyE2e6BPbU3Edt9jiMpUaoTJlVKiG6oqTRAFtOp10TcBiiUm1ZFMh77rwTRe2KIrJZRimK1IyyREUNYlhPtS9SYIVAbo5SyJZT0lUhmt0pJsuZoChlmsZ0IBOBTbhzNMvO1TDZkwQRighoSjvIhiJAESLbOKVqVwqgCJNOwOmW2Ui5uKsxZTdNaymiFFmtZaiV6EotTmW2CBmcWC5RhFNIKlGnaShBH90RSyGTUimFsTVlK10p6mUys9RaHOlpmsYaNkyJFIpSFQ1aTrVEUKIqMtvUQpSIVJtaukS2yTWytRwppWAabd73k7GbEzmj1EASzpwkC6ftycmsq7YY157GLLWZVAR20sYhNO+6fhqnlpmTcFMootCm6Go2uj5q19lZmglJssGRraVaFErpl8vB5GI2C2IancZuNBd1zU0NSaX2Gsd1G7LQEyGlHQktp7RbWhI5NoqkgiFaBIoorU3ONmYoSo0iM42TatSqEhESm4vtlm1oYy0lIob1UMo0L4VaWkuNCImYslXXiCKvpzZleF5nKGyHZFQiZl0dpmm9WqMohdYy05ltnEZFqaUjMqwQ6mfITs/KzCLSmWlcJFvDuA45uj7D2SZFlAiHwBinpbBhtDESKpljp6qQDXItZRzdPHUl+tpnobUsUUKyiwFT++pMZ1puJjMVESqjx2E99V0tBVFsbCJkW1KUjlLsNrUhVBzKoSFbQabTlEaozoqI5hQywjF5dEtFKCJKaTZKJ2GrRE6JFFK6KdTaROasr1I0suEcxqnSz2ZeTVbWflYjQHZGDRGlVLds5DQ1u5WyoTaB2jhBioINFGjZUATGIgCkKghqdExtsgRCbWqpWlsboUwtXSgos9EckkvBTlsYwIoSlpRQcEukbK3WEuqm1jITRhy1lLAT7EaqNUKSbIOdsgQlWrZQKN00mUQUpXBbT6pRSpWKiiym1cpTQQ2pZjVKHERmK0WpPt3sjNJnS+xmR60hRdEwDRP0/azUSvM4DWFHVyQoEcHYCInMQF2tNthdP88Yp5ZOF0eJIJimyaLvZ2lLNmTLYT3ZjaB2fQicznQ2YyTLQYhoUyISyyqEsfE0NYs2tZZZo3SFaXIhShdl7MbW+rAUwsM4bdBQIJBQRDbLBbUwHmtXwyEcpbRspRSHnI6QUemKjI1KkVCkDJJFhDLT2YqCiK3F5tbW1jOWR26ZdmYbpzGz1dLbzYlsKpkJ6aYUoahR7VHRp8eWSaHOesbJBGG3IHEaA7ScsKOWaWjL9WHX1VKK3SxVgr6kM1TkAIOawZnUlsbZpkZESFN6mIauBCpYkiCcpJIQickxkzTRR3FOBjtJNZVwTopOZlivaxRHSat2NShRS1CGcVCpVVmijF5nllJqksW0dMvsshIg0iIIY9vGkqWQ5BqwmgYToQxhwFCjIxpIDqIYhbJNiSNEJjgzU2SOkiLUkihFwqGulEyckyU1mUSSQgJFmhRBMTQntvA4DlIpEeAiRMnMEhSzGsctx9n77r3v/H2AbclymJyaLMfoKCFLirSCDMKCUDZkXADsTKlESIronCOTJVEiRMvWlY5ap/VaIqyisJTNQVjNmKKIAum0saRCENiN4iDSKoIq7MRARERof+8gHO/6bu8V3Ww4PJ9SSOFUqaoax9E4TdRQkSzZTnV9maYY1oO7VEEmVBTqIgxYIYiY2ogzSmgCslAnKfqQUSHsaRprqc2JNaUwKCO6CNRaSlFEm8Z2eOL0je/xnu/19V//DSQRVYUEjO2IkHAawLITM9JCBSdgp6WAcZya2pSNFAUk4Qi1TIQNgdISSKUAxZmQpDIpgUoBh4zdlDhsCywHBkmacsxRUdXaWCJKiWkaVQQ8/el3hkv0xYGT2s1aTjJkKFvaZI7QlVq6WmAcx4bDDjSFnbbtqWFlREAW0g2FbWPbgpCHYYwaXTdTuqFsOUm4JM1jJvR0qTQpIvE4jF3XhyJKTadahpCw1ZyQUSvCdkRBNQTC1tQmyAxFqXamFcKZU4KsrtBynKYiIdyEcA1g0lTpEgcRBTerVLADkgjGzKKCm1UUMq0EdpnNopRie1Sb2giBWzaRWRSYJsKiOJoySJlsCmGEnc2hbJ7aFLWUqCXcWgmFjcKZWRDYKoltZ2u2okTfzcZcA26OIJuTQME0En2OYz+vxbWGVFRUsYdsY7ZwBGVkoqUoKp1IWVREoJapWjTrOxFNre9nzswmlG6SprRpQtM4DoXSzWch2lQipIYcpeCWmCGnMBagMcfIQODWGkWdap2VshAGuaiL1iankcZx6LoaCClKSIxtCnVILSebAknSstbqzGlM2RvzhRVkRpBWa6OqShF2rdWRMlGqW9rZRW14zGEcx5AUkXKRhMBpEAphrOz7zs5MhmEVpSw2+3E9RiklYhhHqwSaxrE5S1SVcMAU4AgRhWAcBlCg1tK1RnS0pi4iikSlTFOSVoSELWS51IhorbVpMkOdzWhEF/P5wsatWVSpYZAUUcjWhmFduq6f9UzKqbm6RB2mQRGzftbG9dm9C7NF38ZWJObzWiLCmXIbW07UKKrjlJJnfUlpcjNukxVRSijTCgUQRcUBCsm1FpM5tak10+SIUmZdN+WYpiu1FIX6UksatQkirYkpM0v0luwW1HTaQm5Tm6ZJKrNZN7XWcgpqKUqwqaWKJHMypWRCKGwbSsQ0TUpIQgUB6QhSCqVbg5IiRRcEzcY5jE2K5iY8Ta1URyhAFFcJnE6nE4WKAnucWql1c2M+TNOwPKpd7xIqCsXGvI452RmlYNuSo5QSJVLMUJ3X1kY7o0ShKrCDUEQBoJXaZWZETLhCc8tJpe+MJyu6qoTM1tJQodmZDexGYqkQtExBRKktmzMTRFXnnKZEibAkKzKFEihFwziJVNdRw2PLplrITCSpIKY2SYYicmxNyqIoUoG0A1kmKrIjwk6bZkoUa7JqlNJ10zDZnqaJcK3dRsyaGw1knBCSIxAaU9lSJZyZLezJicM2EeEJQiKnbF2ppXSQmU6s1rAEGWo0ydmytazBCEWREs5SyjhNtvvSlyh2y8zJ9LPe6cktx0kRpSttkpxd303jFEUtnXZIk1MRJaIrZWotQplGRKnYlrquy5xiSlBLh0m75ZRTq10XRWqJSqplAipR2ri2Ui7NqXGwFVEkpw0IBYHdyK4UZGfKZLM69vYvZbadrZ39/YOwbEopRrWGDQUsKVumJZmqaCin0UhtTBSOSEuMkrNFqBQlLkUYoERHRIkyYVOyBYIkRCrdiK7IMllUpmy2Sw1FKKdmFAUZp3FRoCglWtqilMAYkErBIOMCTo8pkGwJonaF0RKlK3Mtpsnj+qjr+lnXK9RSmZOTEpZUasxmcyTMmG1qzemAqSVNtYbknHIqhAlsws1932E5vNBGwxKCEggSELS0KpmAW0uIKK1BkOnaVTuapmzNjdp3EUVmGsfVtK6lyElEiYobCgUh2tQyM0QJIaEkIuw0zrSoXQWcKamUflyvoqgFtz79KdM4dbUDOZW4EBICaidIJXLBloAgCLVs6SQVUVIiLaJNk4osh8LKInCMHlJdtQE102lKQytS6btsAZI0TZMCoxrFYAyIkBURNCtIgYUJKZ1C62F97Nj227/DOyrbaj3M+opTTc4WtXbNY5uEnCnFNE6WFBHZyYCdRmESt1CRbCukKScsUMssIjNLKTYhY0E0txBdPweK2zCt3SwgSmsjCqESgXDXXzh3/trrt9/tnd/267/hG/YPLm7vnCSVOREolEqnClIIGKdmuaqTc2wJlIjARZG27QLqSgQihLI1lWjTBGA1EZaEsZzGsponE8huNsakiQhnpsAAFDIdkRKIIqlWCUMlnBmwHIZLu+dOXnNdRVMbXTCthkSjlBJKMo2NbZBxKEqJZpzOhiSFSCyrFKel0tdZo7U2Ctktoio8rIdKyXCaWqvtnIZSCgHISiddP8MxTWuhiJDIzHQqVKIi3FpgVNPraWq166RMGxEKZ0uylGrjlvPFvNSS6TETsqhocuIuOoXwFH1g5EBEVBU04qpMXNVFbW3CMi5R1UVmQwGISDebCDKtELLtQBZyIBmkSBNp1SC68DQOIxBVWG5NJQIMNeqkZpxOJVjpxMppslyiy7RCIu20hbIokswGQCQOlVIKgCm0pmoyTRhF1HEaM7NEiEhcigqxniZKqA1yQTZZIkR15kCjOWolJSCEm5sakyhRVUsM6ymtblbA49iEun4Gbqla6pTrNk5jmyKi6zrLFVlEKkvNTNpUS41KG5pxMooIItMqqrU4KTWmqUVVUazHcdDQlS5taJRaXOjKrKuHq/VqebjY3Cpd16Y2kp1KZhtbW/RzBa1l1JCjTZOxsFVKJKLv+nS2TLmVUltrUspRQ40IBUEhJrLWOk7NVq1dS5xkUdCiq6HIaVqPU4RqrcUehrSyOFBXgvV6HaJEVUBMgdTakG1Wi8yYY4G+9s3ZWmt2pzCCqaaVZAaeGq11lXEaZ6Wb9f04jJk5pWXTPHoqlqJEEZkuXd/1TVNR2FmDJCQd7B/efedtZ86cOXnNNWkpBJIQiqpxRCZCNEd0U0s7BG7OaSRUu9nQHNFaS4Aij4kUtdKabZxFQl1EFJSkSmhsaZO23VZtzGk+WxQ0tTGoydhaQwkmgCiVINxScno9DNl1/TCZmIpqgZYpu5/3bm2a2jg2O0uptktfbec0RVds0hMWlK6P9NgmR5Re1W6Ccb2OUCnVVoAEhK10C9OmlEKVYgyJSy3jMCpblhKKri9BrIaR5trVEhUcaGwtVEotq/WU0zTr+nCJAHkas02rSVFqoaFCuiFls8JBNBogVQuh5qbU5IwCoZbpNlnKZtuEa62KGMfRqCikEoVpbAoKMrRsgEEqimZyGq0iCRkpbOR0yBJGUUvBOU3pgBAudhS3zMyuq0aOdKpU5dCkIly7Lm0hiGxNdleL3ORMCxNVahXTl1Kja+uptTFCiuIp04SdLXOcKooIRaAiMFK0+WITJDUFUicSUyIys7kpI0LKkjY55TQ51fU1ndhBICIUgEVf3cDNimxNUoRKFNshTdOEM52Zqa5XRJtaRDTwmCpRomRm13VtSgdtGPuuV41M1xKtZWaWGkhyzmd1msZxHCKiDdlyRBRKgrO1lgKTLYMQzW1Mm1KclH42x2mZkWGaFCqUkIzbNGVRSBZtbLSMrkpVHSRpD+N0eLSqtZQazW2cmiI2u25sLZ1d6aKU1eHSiGiqJRxhcDYjIYLiqSVYlKIwklDLdIYC6Fwzcbgpu6pCaxnjel1qpURfSiSolSjTNCKcTG5VkWmLEhIxtUmU6ISVyGod1bZFKAC3pFBKRc1WS4NIEbZbG2ktI8JkGuRSaw0ZWmaNmhlEQrRUOmupaZvEaTtKJVWkxJm2UxFKT+kAIiPCWNDGFoRCdnNLg7PZgihVTNOURhApSxGKqLiBbewSkqPUgmUnQIloaWPIcQ215VSDru+dTRARLUe1UorcCGhQatQooBR2sxUowkOhuCvE3z/+yYjalXSmW6gCEaGgTc5sEpgWkp2t2Y4SKUlkc+Y4W8yzZZsmRaRbNiNCSpPOWjrssY0oUCYWntIReJxAIRsjTEaotckIEQJHV0qzrWyZpEIYmigmWwNe/MUfO59vtvGIqQ3ZsIHad2qOLrrsQ6gopzQEcmabRstd35FOZ4i0StAaLVtIxhIlIu3WGgqIFjgdQZGnqTVUQqUQikoXNdo0ZWtVJZPaRVUn2tCmWU234SVe+pVuvO7aO+++N2qExKRmSICQSleE01IbSqldKVNzjZAiaUGhiNbSqrUS8tRSKWGyqKj0GTmNU6EaC2fDnlQAooSaQArhRCpBUTRBWpDO1lRCECpRAqQg0pluTtdWZvP5crV66lOffvKa68Y2daUKutIjGdxMGCgKqzE5Q6BaQxTJCsk5TllKuCBialM0UWOY1rJMji37ri81OscwtNVq2c8XKi413Bo1MhNcJJuI4rTCKEIJSEIoyaTlJOPMlsajoqTbOE41QqULZSMzW1c7wOnmoZbamgK6Eq0lIs2YWVRKFLdGM11p04hxa1H7UkhiHIco3ZgNY4zsHG2qSiKJKSdMlIJAzpwsuQgUKIudSdhOlciWJaWSllSCbOFwOkpJEhEqzhYl3GxySkKqJaappRQRKSsEDhWnFaQl4SRCQBuz5drNbWyTVrX2pcRqnWu3jqYobqn0MAwiaq0amsNRY1Y7YGpTuvVdX6JadprALZFDbrZtUiXqmAPpqNgxjS3T867rSjdOzc60FKrRDdMQVlpE1qiIaRyXq/XG5mbtSsvRKYSxnet1CzElNSi1gu10yxBSjNPUWvYlpqnZGQ5n9rUQvXFOza0t08o2trYItdam1qCZ0pVS+pmhZWabapmZIOTWSqlgCMk2GE+jZgWKZAA57TDNo6ZY5Wg8upCt9EUwrNfYlRjGjGhTllpj3nXjNE7TFH0frbUmaiho6cxWorQ2uVkIlDZtGu1+VjVolEtMpKd0UZQuaJlJODOn1qnruy7dJofHXI+DQqXWiDJlDtOIyGma3GoN21Nr2aZxHMdhbAJhao45rY+OHz9+y0MeduzkyVDpahEITVMjSCgKRSSkm4rblNnGbG3MSSXSmrKVCiiiBMVGETZu2XDatRZFmfW1r9VyTplTSwmplAjV5uaphUgZESWmcVwPqxI1qNM0jePQpilbqqh2tZSOoGXWsFIOOW03IlprEkURQd93UkCb1uPUJmrU6BSU2vd11nW1EhElSqiGokWRokYppfZGUaVaDaBSVSJAKJotY5GthRFy5mRqCUCSqto0jm2UIj1m5mhLJDbqSkd6HEeJbLleDdOwGqbJqE1JGCsopXTZPA2DM2vpgSginZk0m6SolL7WajvBCgvCgWywu6i1BOnWppxaiaISKavWEjVQSKGotdbSlS5sWpuMUUpCVbaktKccJZfaVwXGOCKyNZPqlAi5REQpkihR5FpKlUNqmSiJmmCBlFhFtai4qAjsdGab2tjcbOMofY2Q7SCiVgSKxDbNma1hhUEWAeEkPWVOieWMUpR2a+ojVLK1YZxaDs2ZmSgoCGdz4ghCCmVRSVxCwm2a7Ax5msacJqyiqKWQ2dxKjVprQHMzzdCyZdKc69V6mKbJVkRXS0RtziiVRJCZgkAiZKzmDEw6gaoiC2JqDhA2WWsfRXYgOVPCGRJdLVVhPBkZJSRuGEpIpcqWjKOU0nVFaBhXy6NlZrMziFoKCptSSu26rqvdvCslJHLMNA6r1pCKIiJQkYTDWDVKDQUqZGNsA5BKiUJp41RLifmsjc2KUjWrs1pnzW2aMk3UEgqc4ziOw5Qts03jOE7T5GzTtGrTJKy0CFVZtGnKzNbGsU055tTGcWgtW4muRJjmliHSo+3WmlS6WvquzurMirFltgQpoitSSBIw5dTa4MxQWCqldH2nEqGQwQYMmRm1RJS0csps0zQNjUlktmxpUKmdpDGHzGanIqNKlKJqm0wUtXSkEIFKCUzSFNGc2SYjTFCj9rWvSC2bSVSiFEGoIKczhEOhwExj2rZtYyeBFF3pu1nv8J1336Wkq7NsY5SigkIIW80tbYOjBDgNSjubaVmilFojYhonZ7PTrTkxbtlM1K7rari55eSpSe76LggjGRkiQyVJ7KIg1TItFIRkoSJDa1NrGQ4VMiIiutqp1IOjI+C93+O9SlUbV6ouNfp5X2rNtMi07ZYopxynKQxkUURXQmFbEVWyKUVTS9LYElhBgGpE1/W1RAR9qQKS1lqJUiIkS4Fc+1pLdKWrXU8RgpZkNjtToh/WR4vF/PVe7/UhxmGY2ogg29TGZo/TMLVMPI5jJlh22mlhG8skzQiwQgVB2C2bbaaWiQN1UaV0NhLjqFUtkJohsLFtlMbNioLCmSCiYNtpp5ptsExma0AECikCePwT/iFxuIAMSWICogqrZbZs2QpFzakI285sU2vpNEUBCglSiYoEthvTNE00IylUSu263iWK1NUaxokiwJlWRKgWRKi1CZvQ1FqaNk1uxjgzM02IHFqzXfsakOkIoRKmlprpkKxoLcdxHNfro9XRej2kc2pTTpaN3JzOKbNlOklAAMUlTFMoswlHWCJbYnVRM2yPuEkSBRsjAsAphLERIJEookaJUptzHKbm1pfS970iLBRyOtO2WrqNA2QhCtmXGhFRihSZNg0oEVgghUJqVoScBkRYBRwqUUq2Nk2TLNkpl1DIluQoIYVaZraptVQpUUspNRTZmkkmuxkcklxAEaIoWypU+q7O+ojOadFaTuthvV6tptYAQIYwxi27rgRRS9Ta166bz/pSGFfraXItilJLqS3berWapia3xFMbm51jcyYqtZSAruumaRpzUBJdRcXp1ga1LEVRqjNVysZsHs71cik87xdF0cZpmqapTbaB1XqwmyBUIiIihMdhatOEyZBcxmE1jWNmZmuttZSDsGxQLSXU91041uNQotSuKwqJaZyi2iiFSwhnS6LUvpQa6/UwDUONUrtOpQSBwkKFWrsSdWotasg4XbvalZo5KYjaqZTALaJkOCJK7cI2zilV6EopUWtEKUVVijBKJAkJKXMSeBw9tWG9XK2P1uthmMaNzY0mLYfVME22k5Z2S0rUru+JaG2qKti1KwoU6ktXSg1la5MUESVCisQUlVpKSEWUUo1wW4/TOA7TNBEookYo29Cm1kagn/XjNE7j6ITMKBGlpjOCvlZF4MSZU4ZKRGChREUlaDaSQ8ZmbJlpUSJqKVFLV7vIKeWAxBRFFKV9tDoahwFQappam1LRuq4TSM5MiQhJAERkS6AWhSSIWhKPbSpRay2ZDOPYWguVrvaZXq1W2ZTGU8spw6mAIkXgbGOuxyGdkmtESFEgpIKEbAkXGs5sQCaZDVxrraWUKLP5rHQlcITCGVBrV/seMU1TujUr0+mWzZBuTYSSkCxFCLe005alQqm11C6ilhCBEamiIKNERESmWyaJARCiqbVmsFWKaumQMK210SAshSkRgWV3tRQVyDRDjjKWErfMhFpqRJiGSldLKVJIQlEEQq010hYKXCCzpbNNZAMpws1NgRjaNEyZU0qOUru+1H4eSKF0s7HAzbYiNBkrpIKMMOl0y0wbqYYhpQhNdrY25TSNU07NgBnX63FqKEvIclc7yW5Tupl0MqyXtpUook0t7WZPmaWUrqtOnAmoi35eIuTmKcdpylBBlFqFsDOzZdrNbYrSE+G0cmq2A6RSC7aiRETazc2tTa3JAmwym62gpLNNrbURO9PjOI7LEYQkRyCrkc5MhJGkkIBmKxCF5qmlbRXjAGjNdmtTmFJrtJjNuvl8puiztfWwmlq2TLvJRMiim/WlDweWnJm2FLXMFJUgiiqljdM4DMOwHsdRqVojurAEgGyCUNQoBZBDkOlpmsZxShydgFCIaNMkjEPYaZwRUcssSiBI2tRas4xCBIQC1SgqynQ2T+OwXq/HcZKKVKLWrtYoUqBSCNPalDlOY7aGEaAklZlOwCYbGVEUYRMSJihIRJqWmgTCtXalq1gm0y1KqSVqKbV0KAJCigjLU5uUDhuc2YZp7Wmstahx+623GeYb84iQHKQzPWVOg51ckVPLJFVKmS/mpaslSshWM86WLWWUieUi1a52fVdCUjjkRkoihCJCKIoC5ZRTG4qCEhQB4KoShG2kyW2YJlCUIlkqUQxu49R1MQ7jxubidV/7dYVWy1WmjbOlyChkJmkheTw4OhjHAcJShKIGxm6mpbHTreFGqIZsK8jMcRzGbLYJtfQ0TRKWMzNJoQiRtOZMO2nOIGrpaynYYzY70tOU0/LoINHrv/5rQw7DCOG0CTnkTJimYRrdMqPIZmotDZLJdNpOUCqiYDW3dMNhUgDYmQ1LNokaGUi2IQiZhPSUmU6QS8Q0Ta01ohCSiSILbEpIspJMBUUhFaacz3rg7jvvJhVdESJbVUlPzZm2STJbS9RIQgrcMtNjurVpDEklLAlhI0VEiSKFGxFFJULCpdYymy22NjZUAkhLEiCilIqEWgoRIaEopWLaNE1jy0xjJw1KUe36gtJZVfrZrNTiNhqDTLQ2pem6opAUUYqbQFIB0kNElCghoy76LiLTAKlCtikzHZOTbIZMy66lRAkX0UClNWNFyTZmy0mBbadDgXAmYDtFWC1TkLZbIyFKLV0JYY9tSidSrSVqRBSgKZMyTcMwTM4muUhBUahlIls2pI1JZ0tLKn0JJElVIpy0hgpFAXWa0imhWlVLVYmuq1G7IOx0o0QppSjUmlNWAQxu2YZhmIaJCafH9SgjRShLEaUs5vOumw3ZBKXWECbblLXUUmuJiBJTZsFRtNjY6GoXEV3XqdROBWcbW0QJRKhElCghq6jUTqGxjZnOKaWQS0REiGwOTc3L1RpZKKQSdb4xBymKnavlcliv1uvVeljVri7m81r7WoucrSVBa23KVCmzed/NZ7O+77oZltNAJinXUnE4U5SuryFNY5OqAkBhm5aTsVSqCnLaEVIonW0asIFawhhVEWFaTiQmszUijHFmZq0FK41bG8dpHLMQRaooalFrHtoYNbroFNXj1Cack6IQ1OgEs43NcDPFhJ0u2pht03IYVy3dl6gxRxrXwzS1llPtuoqm5iQDGdUiJGeWKKpEKSQthLEEVunc2jiOaexJqrVCkYyBLC2byNr10zRNbZqmqZO6vkOR46SWhq7vcNiNCGdrqflsQbb11GY1HCWc6dJaU6B0aw2nVZGjaGxTEDaSyYyIKSfLjAgIcDRPJFMTkG5OpjGXR8uopbcjqtPWqOilxG4tDdE1TITsTJNphbra2UYILNFSEUTklCIyPU4Doa6UKa0gGsal1lC0cSLUd7VNbWhDmH7eg4ZhTLsQMhHFpE2JUlSTtBOwwTaaPDnlbFMpRkBmJhG2ECbCrZG2IGo0y+kpmyyVakY7IcZmoQItk1KKSlMjW0qkW5u6vhBkcwmNLUNTKaVImcLUWrFbIlmOqU1OqZskKAI0NVfZmTC1CalEmMg22QlNwlEIlJJUKLXG1Fpmc5us0ghrFCGFcbZJKlELmaGSIjNbayGgRJQogbFp01RUkubmUsM2tQuUU0ssEVJmZgg0jS1qMClJE25NISmoOFNQkiHHMGO6lKoSmS3t6Guk02RmttacLhGOUhWlZLZpbPNZjeL1kLXarSXuuk4ZSSulthyJsDACcsystlwLLSmVzOyomZlu2RSBHJkNhZ3GipKtAV2RSSi11HRzjlINFZOZbcxURJFGj5MnT4ndbJJs1Fpay8wJbKnWamlqY2tjjRqitQlKKQEs5tUpk6WUMjUTslQEWKEg01GrbYWrqgVEmyZaShFSy4aZchJRa8XYo1Sji5YGai1ujQyHW2bLBvTdLIqAUooU2EmREE4cGIrxpAbUUqdpxJadzWApVCKdcqgENFQiq50oE6QohXQWRISQhNrkiqUuOkikiD5rq6XaSrc2TZIkObEmK2bzhaT1OKynLLmupTqkEkUFQmCnslBok4dxqFG6rhjXrp/GdaIIYbm51CJwa804m8O2a1clWirbFFIQBmcLFRSBW7a0QaWbmbzzrruBGlpBtpRraipUq3RyGkAKGapL13WlrHM10dyKMMiiBKYILEkh4cx1a5IiBMqmRoOwEgPUvotJoxPTxkYRgQdan5EAOTXbihol0mkVYTeF3MQ0NsxDHvSgmx7y0MxxpG32G0QM65WdXSkORagqEs/7LKVTgGm2xpYiUVGxCQUhJgnZTjtKbZ4MMuM0uIEYG7WrYVNKay2j5WQjcI3SSAFykcOhvk4tk+aWoRKiwiu+4isBq+VyY2NDpUdjQ4AynbJaicC2nOnAToeKyCAkWwAmybQNDoHUMoW6QqYt9V3fcgpF1IiSmRmJIpx4MiWxLKapmVajYEsRoWzNLS3JmVZEhGQb4y5qBOjWO56BvVgslqvVNLZkpSzWpFJsFLWatA1VpblhCKToSgi3ls7MKKXUbElhmhpuXd+11hSk27haSwpVSpEnuyiMLGSpZbMzpMljOGVDZpaogZOUSkSEVMb1mAZRohIgSYooY5tqJoJsXVejBHItVYpSiyREiZKJJZUqZMs5tamVQqkFiGSYJkkRCpmoiQthCZuEzLRDJUlIN5lEkYCELWQrUcERoXSSTmemBKoybq05UyiiSokkZWaE0rW1STiKIJTZmiMKMghIuThCQoQiZQnZNtM0KcKT2jhlidL1CtxAU8qkI2QHURJHc6kFGcU0TGaspQsJhZ2SIqJNjVL7iqdMXPuuukxtaml7qqVGRGYaulpMBTJRCJTTJEXU0mwjTEKb0oUoEV0HJtOlepJCfd+VqNM0pp2tlVCJajc3kFuzve5nC/VyS6w0IjuVIcaxWW0IhbGSnLLUwHm4PIyofd+FCeE2EQ4rWwoHanaESinNmdkyqvDUpgx3pRNMLVXl1sZsXQHXUpSpsY2laKPOhmnKcYpQ11VqQbSpZY6FQokcPU2TKb2kUnsxTq05pFQpIVraqIhS+jaOtkuRg8xUjT56cHNOzdWESQVFRREWJd0iMrNNU+lVIqYxW2u1Rok6qQVSuFBqlP3V+nBvv5a6sbnR9zNJXVdJj9RMN8KMrSWlBJa1HgdEV7uWGqephEpommxlqaUqhvQ0DYoopVRJtQYxTKtsTRSKhHCzqV0XtbMnWRItLUlSV7pxGnPKWou6jpalMo0BY0s5W4QDN5ocihIuoWKDDCGkICKMLYrUd2XKLEXNzqmlJ5AgaUFECTdHYXNzQ1HWy9WoaT6bldKTbpFhRykRMbUMSThUWmatRSidTqJWkbJVCri1KUrpa82W0zg5W5SymG8ErNpUCEWRLUlES0/jFKV0XQGP41hqDSmdJBHKqTUlLQ0KZQJINJm0MuSc7PVqpVKzufRRHekcpqEoulJCNikTUZRQAOw2jeuokag4SnEbmyOqMOSUdk4GLEUpJVRktcyUSNNFLXXKDE9Rok2pIsnpJCfIlsSkdNpExBRZ1BUiSRGkWzYHDteobZpSUQOszMlBSNmmnBoOhzMVGJWM7EoZpnEaW1RHIyLAObVsE0IqgSy7NSMhFUJFhFqbWoJVQkmGlAQGpRGInHLCXe2UGUVqUmut6zrSExZMTtklurEdpbPvOgGKAhbZWkh9rQhbtRaVGtBMtmmauqDWEqXWEK15vV6h6GoBnCYDkALIdJoSgYWam0U2wnZLd6VKGJfSNchppJbAqqGIKbNmTGQIFKUoSqTJRIjIMIgoVTYiHFNORI2aqbRdSzGUCIlM01xKVyKSVJYkIl1ql85hHCKkUlGptZSQVAECWtaoIwzDVGsJ41CJLKW01jpJXZmmNnlKZy1dazmsV6FaZoRKeoxSW5vGaSilBtWyjErUWpUknlorxVNDSinSSQpny1RI6Si164pEy4wi0s3glJHIaapdaZYaJTw2sEsppYgSBqzWmiJKBF04LWFZEQCoJhhhpzMyUGJMy1BCJIpZ14WmMFGjiAhaU3NzCqIojDJTmVlq4lIKmTYKFYXDyiIpp0aJmhqyecrSVzc3tcz0lJRAUaqmQRmEIaDRxiFUQ3U9rM+fOweknS1DoSK5OB0yKJQoSCxj2jTamQZjpxFhUDoLcggr5FLLepxoKUngEs5WXDJwy5AiQpKLNKrRWraIoDlCHtoUKiqIsEoIWUnS2pS1lhIlp+loPAJe7dVevfbd8tKFrvTpDKOIoMMqJUROTkTtqxRFMU0ts63X09RalOKYUEGaWsvWQiIUdrgRUaOjRJvGLIrASQAKyVa0KUkcKWvMUaFaKlYz2EG2HMfVIJnQOE2Ihz3ikTffcO3td91bIqZpMi5RWk6SFESoYTcHKqGpoSBtgcJCTiVTZI+qYnImEU7CBpJULTVVa5nWrcmdatNUVCYP0zQBpRYwpk1TCEUlUdgmTcu0HVNrBDRhh50REg3VAr719tvGHGspQUYI9VFamtYSZ1RJNdItp0YkqjVs4VyPI3aJEJaQiAglQQ4tS07T5NpH6bop22RHbTMXlc5Ok5MduNaqppbNomSMw5DZSqmlEOpCVR0tJyZHqUhkMxGdSpTMpAhbmRGRCmiiSnK61JqtZRtBEC1buKQyEMJN6+YZSFEEEH2NEK2pVKyGyXQUYWOwiRB2k4goLTNqoJCtKI2ErH1Vs3NyGgQIKTO6wKK6tSQDWdDVOraWbq2NQiRRVKNmm5CSUiKtRBLOVEkRjogo4QjZQkjgbGkrSslMt4wqy3I2cBrJRWGpRUghCUCyulKaQ5KdwzQVVLo6jlMbh9liQwr1aYPb1OyUQihsD+PUxql2hRJqUGynpCKpRGbLdBdSYKm1aWqNiW7WQUQoUMtWi0Jd2kIIZ4bCiszWhpFC381rn1AiwqjrYpomyYXS1CJqSR8NQwmpRBfRd3U1jmHmfZ8taym1dGMbEwSSxpxA69WgKFHnbWr7+wfCG5sb45i0xI1a2sQwrMuUtStdmdVQKsdV9l0dp3FYt1oLqNRQKM16dTib9V0p60kTLnZE9P0sFEay00XKcDZV0ZBKkZtpaU1RSroN02SEWym177o2kZmSoxQgmpGiRKyHYRyncZqyJYQbmUBGESpjJs1CojiztSkymbxeDrbHYX24PJyyJQSWs40rFLO+czZBwji1sEoU3MINQ5SuLwrl1FarZeakUCm1K1UqBSyHgigKFGC3liUUoRoqpUi0qVlA1NpJsm3saGHZnqYULhERpXSl1Fq62tW+1mJcSimllBrOzMyuFFCbWrYUJZ0oum6GyUyCUrqu9rWrNTps0tGVKCq1dF1Xug5kHBGUcHOmailSSEonFCORqBi15lC0cRyGEYWszMzmogiFImoptetBMm3KUqqDzNYy3TIwculqlAC3lC2QkbAUrTmFkoQAElkhwCGpoFJUSq3VUXBGEI4IoYiIrusoVSaiWppasxQlHFYppRSsGqFIcJLT1FIhoJQoJUqJ0ikKiFRio0yiCGQyBKVISjmbmzPTAqKAUhmWDKLQlVJcECGayWmiQFjYVimijYkJikxO05TYRA3LbmO6YWG1lm4o5CTdpmnKZuNQF1GFCEuycZpIWo7D6JZG4zgMwzitpzFbAJBAJpkKWVFKF9Am2y1tSW7OcTQSSJAZpZSudLUWlG3KTDCEUYkStUTXoei70s26WiIBspaKm4MoZRjWR8sldilFiU2bJjeShhAGIhQhCzulQKKETYkoRVEQBnALcEhgg1QoYU/piMBgl1LHcWrjoHQETrfMcRzcppYpSyGjJGVh1EglODPXw7Ae11Gidn3f9aGiINQiCp7GYZKJiCnTObWWNtCAvvQqQVGUqEIYMB7GabVeTePYhByKqKUrlCIQUpQqckpn7bvaKSKKSomIIjkkYdrYVsO6TS0sN3dVTo/D4MyQI+ps1hchjJtbIge4ZUi1hCW7TeNUu4rI5ubJcogoofCUNkKR2cDZpmEa2mQkk8M4ZiLbbZoyx2lMG+zMTLuZQhQkxvW4Xi/b1EJR5z2Z4+SWObXRbs7MbA5wRqXO+ipymjKnYRyxS6ilaa4SmChuObUxEF0gpjaGIigWzpQoRC0lrCjRMsnsooOGcm9vf3f3AtDSRs1T5timhtOptE3YoEynYZymaRyAWqqFlZIwTozcCIkonuxmgUULlSj9rENWGokIQtM45TRJyiQiDISKIqWiKBFSEJGQzcahqF0Hbm0qInMCXuEVX550G9cis02tZd/VWovINo1OckpPLSdjT61lNmdzOlS6Ejgk3FJJ6apFKTHr5o4gZKClnZmTWyqAaK2NU3MCWbpSQnbaxmRmQmZO2VbrYRynUqKfz/uu9LVfrw9qnb3Ga7yW0DQNLRsRyFKEJAzCCNK2iOKQSgkVNbtlmsQx5ggUhSWkECoRpWTLaZyap3SLcBuH1bjO1si0FSbAGIUCyyaCUAiVCAKXUkstlKjVpRaVkgkkIJFtBPb39mVDxRIROCGigEFYOCMUpWZaApVSgrTchBHRdaWUhHRO4zRM4zROq/U6GQMJSle62vWlmBR2ttaSZBqmaRxKVa1FoCJEVen6WZGcTpNjk8nMNg0BU6bliNoy0ynLOGpNya1lAjlNA4lCmdN6GEh7GjGNRmvZ3FraVDlCKMdhBCRktcyUHQJDCKTINCDZAeBM3AoRKoI0mBKRzUAJ0qEgAgkVRV+DCJBDYLulmz21ZuPm1hKTmISIliSWmkIliiwnJdRopgnl2MZpnKZmCwwYJ1OjRQSljOMwrFZHw3Ic1iRVQaNNLYJSqpXjMKbJTCQkyyQh1a4GJSISrYd1y8lJyylbyi6hUqMrJRQhD+M6QrYyjIkEnLYCIwmiGOQila7vSi3Yku0cxjYM6/XUSqngcRxANDvdptamUVIhcBaVouJskC1zNQxAKdGmya2pFNnRXJpbSyPby2ElxWJjgRjGQdj2NLZMlxKNtNTVUkRmFpUoVcQ0TKXvZ/MNp6ZplKLvuohiN5Ui1NrkzDQCp2uUEjXTq6OVJztRqKtdiWIhKUqRFHY67ayqabVx7TbJGDecyEkEJUqgIosAsqU9OY2jWkiUtO31egL6+Zx0Y2yrpiKVvopaasK4XhPQXGe1EKv1QCnbx49PEEXDamitlSiKzAZ26aqiSARFUErZmM0lTdMIilLSzmkCldB6GDKz62ddlJZTWioap6m1ttjY6Mx6tYyUSpncZGcCUWrnQI1SQ2BySmOiFpthGIRlOVX7PvDUMskSVTJmcmqagNLXrnYtPWVil1JNZpuEXTOco1NEV4tE2lNrgQlIKe3mlrZalNJhSeM4RSlRIhQOeUogIHOybKsW3BiGYYrInAJ1sy4ntylr1yWWLSi1ZIKNk5CMkI3JYWrrYd31HZCTR9x1nbCzNdN1tRCJMyMqTghlM2ppQoqowtiJcEYoaXJNW9lsSFwsYxlbAoedbVKClIYgpkyJIvVdN7XJdqmRDuPAaWc6Qo2kuStdc2uZ8jS1kKy0QzUKdlCSVNRwTiRZqSpOZNu0FqmJjChQu06KPjxMTrtJVaW0bAqgJFlDSYkIE4HbOLZwUWRrJkOKqJkpGWWhRK+W2GkHuEZJCdJY0bpSMkHZPDW7VyeilATGcWqtzUtVCctGKDNTsnHtStTqbJbG1iKoUYbWSqlRo7UJkc0tmiSBceY0rkdcS+2am8fsuuJKBDk5SiwPD6fWZn0/6zfWsRrWY41URIgKkgBBtrRtuysFhFGogax0CxWlGyjH2vU0TznVCFerlVoz5EmmMeRgmJprdZii2rCMRLbWpIjoa5U8tWZozpiKAtxsl0ChGmrOqU2ygmKcRoEcNaozm8k2OZSZQGpKy5nDMJqs7moFFDVsyixkpmmUlJFJU/R9EMxaTpmJslKdRCkdgihoYIyQxHoapmGM+TzFNLYoxXbLrFHSjrDtiKJIisZmPKEgc7SjlqKopaKMiGmcpmmMiGmK2tVsOQ2jA7uUUgmFYhqaWyMkydasn2FH1MwJbIAsUdL21CiUKBElS84W86lNRQVZDhD2NGVr2fUzAWmnsyhUVZhaE3ZDshE2OK2JpGE3gVHtSohpTBmcEVHpsG0ImajB1Ca3CWtswzg1S8O02ts7AKpiBAi7SC3DVUxjcyikCRWEVFBrSbaqrpaSrYXkwM7JLaJE0TCMLVtXqmoJyZmYTDdbIhtgQYlQFgtZpValLaUdISlSFMkROO1EITszU3abSu3SEaFXesWXFxrGITNrV8ItJIUpotmYiHSzDEQoraqKQiXUWoaxjKUIqWVrjcaQieSECKVFthaUJhfsdDpKKdHVWtxoZNd1EtM4RY2QHCoplRJFERI1laujo9l851GPeASwXK+6rnMCUUq1ptac6VIiaaRJgdIUNSwh210NRRmGYRrHKKFmyybAgSi1tUmEJNXqdctxUokMC6vr7JQCp5ATKeUSXRmHKcJuGbXYynRrlK4UlISwENgK4MLFS20au/l8GMcoBeHWKFFKFBWHcppsBYoq2zlNjZTUdTNDhIQUVGtCkxtEKUaqtapoakObUoS6PoQzp3FCms/6MZjGlushJISkvlZFGKcDnOOQKTIlEwFRSlWBpGXDuGXUgjWNU4TkaC2jhJVMlFpMNDUBbopClAhPLUOhiGaKwiHALSl25LReR6m1lEwjO1PYkOkgFDI2BSuUaSRynFSilDoMI840tXSIzKbmWruWY8umMRARtgncWgKhQnFKbrRsMQ4hO6USKCQysVqNWStNUTNb2iAp7UwLiCihAlNrU2GuiJatliJkuTkzU2RRh2hjtmyRZRgHQ0SRqKX26hIyJ+Su6wA70yqSag1rdAsr3VpSa7/YUNSa48SUMevSCHBmhmUBOU1TYnddVyJGxmmc+r5kpt2kyNZGhlCZMmuJRmttVClRSldra+nEkZCYIqbJEcqWk6ZaSguGcZjNFyHSOa7HnFbdbBaopV1LTExe96VfLo8ODw43tzY2NraahwgpBJLdzWrf9ZmOyjSto5/VKK6FUNfXZtbDyDj2fa0lmtyVor4aOXNqLSJm8w4hYr0eA6ngVIRamiCiOjMKRoHD0aZmpwnnFAUpBCkUSFFKlNAwTE5ULbK2qUnUKEerFXixmAeKvngwak7L2VK1C2GH5EyyNCaPUxu7Ul1jIaUzIqLWvu8iYr1arYdpUarC05gRtMy2nqystQNkQgEoyNYOD1YRlNIJtxzTgV2mnHJysh4HtZymViqzqOmc1mOEatfL2SaaXTJUJMJudqJAajnNu2603UZlNMnp0pVMnIYocop065BKVY7OtFSKpDp4yjaGO6SiiFLAloxkp12ii+pMS1JIdgmFqqUoCrk1p9NDSgpCpQpPLbtOIVGEkKLrZgI3h9TPeqxxGIwjoqWdEUUt6fqYpgkr7Silq16v1MZWulqqaE6766oJyIiwgmmqJdKe2timRhQsIO1pHBURBJ5AOKRqEgIXeUpymLJEEcpsKCRsY6LKDTDOUgQC0lkUktIR4ZyMANwyRVWhFLDsMIqa05jOWrucmkIACCI9CSSFMG5OsqQzM1MAYzaC1lJaFxW3lCLtvhQVtdawA0opIp1WyFYimQyQaBDFoFApJZNskywREqkxqA7ZdppQFx2hdKqWaEiSorUmZ5psFjSnJmODCEopIY2ZRpmWI0gk0DAObZqyFikwkiLIsamoRFWU0pr7rtZit5yaJBQhT8M0yU53XRdRArVsJaKJJEsqiqxQAKRdVJobojVjY0ofTo+Zguhq0iRZYaexRUvHZIVQTJPJtGQ5HLUWIO1SqCgVgIooQWbUkEokmXRVilrMhKJaIZrdnLRsjpCVtjBd3+XkNk2JwbYyHQpgGprIYVgbCVob3Dr39LVEVwON2bJNXTd3a6VWRLPHYT01175ElKlN0zD18y5KSefo1toUpRapTY5SpOKWRggpilAXYcahJVPIUSrWlFNINUqqjG3U1GrXo9L35ehgabVxaBvzLkoYlxKKblqP6TRTUTGUUCOKgoSglMjMcRybm03f9aWEndmSkFA2S2CZlGUcJTLTVikRNaJFLWGjUprTE4SbiQjZSFVds42VNkbK1tKpiK7raimZTWqT7LHVGhKKUFHaJZyZpEHOnFoOw1pTnL3v3GpYF5RuMiDLEeGWkzJKJLYdAoRwUB2SopS0LTkpJZzKNqaIFuEEMtMTIWXaMQlVFQrOhi3JOFsjQoiWKYtAlCjZphxQKQW35ihhg4pKhhJqKMb1MO/7W25+kHJKXLpaIkRka9gqJk1YEKXQij3ZIUAqRZlO7KRUJcWZJmqJ5nBrmWlTO0EUcFenIVPNSkxXOwtgGqdpGodxyHQ369KuwthJSBEKq7UWUmamJ+BlXu4lpWjjOOs7RZnPZ+ujdTOlD6eyZTNCmURROsfRqiEJbNt2iUgndtTaWhNT7XqTTqJEKZ1tTS61lAjjTLdprB1FJUJYY2ZICrI4xzGnliEJJVGqmdyaWzYRCsIyaVeL4OL5s+vV0Xy2MaxXmzvbiqjqWpvalFRIwK01RRZ1QqXHrWZOkiNqutmpLBIKIRUiQ4osUaPIjcCpRssspN13fYo0JUr0MbZpGCfhbjaLkMyUCVNHl1FKxU0psBstoMbMOYalUlBmMzkMLWeKtHDWrrSWDRcCpafMlpRSCk6ir6V4msZsGZmysUFIXe28zqE1lwnN0eDJRFEU2yEJpCjFSlpNUuBAWVEoJCd2K+pqCZNTs20pa6kBbs1yy5bpooig2QoC2U65hIyam6Sgi1Bmy2xR5UANpQnRXAKpoogIAGfDfXSKSNzXMit9NmdmRCDRMq1SHI5SS6kFRSldBKCcMovJHNpIyyglEKUWe8ppNIvqBKfHaTLpdLapRKkRk6KpjeNUa0jVTuRCOL3OhlNR0na2KVtrbZqmUI2wU6IldLXMatiJa7hEREvSOBsRETWIZtqYpYsovdOWoiukp9U6iiRBKCZELTI12+SpTePUcmotpuWwWq62trawZt082zhm9mpja4ky29CmWgvGObUoEUVRsdrUuipwS6vrRE5T66LrahmcQCgMISXgNqVqRCEmCycKRRSsCCTnJCmKqFEUbs3ZqAVFwctsHlvp+9I02RFAtDZVKQRjm8AlwmlqTmOCS+1LkM3TOLRpmM1mJco0ZsA4DlPLUgI3DOoaoVqixtRaTm0cW9cX1QiizKNNjpZ22qlslCKUdvMUrUzjFFG6eRfE1KYoUUK1xDAldtd342o1jFOESilDa0WqtUYpklo20DgOLrWqKpwt01kohaKONBjVCuQ0llIz7cyIUGAjxax04zhN01LIWEQ6sUpESwmy2WAcUTKb7CglnZBObKQoQcCYLbN1pa9RxzaFwkEOjYi+j2GagojQ1FqvSLuUWoJMpGhTkwQGJNVahRpZIiTbHseGc2wJDrpSy2wuBUEg1UprjOMoUUtvO9zGbH1EUVUt0XfZRFQYIqKUajUZR1dISFlEsZozDBAy2TKQiZAzs0RJpEyFaFJBElJOGRECpIISt7REhOhqugGZzZNTRpTWiCgItYia2LZABaw2jtH3KuGWHV3KJVAU26Cu9moqpYugJUiliAhnYkSkFVVpt9ZCylRXq+ncJqdrKVEzrYKmdMvEyGBN0wDu+7lFZkaU1BQWEW4ZViqLquVpbEi2x9aKmM3nWFObCGM5XWuJEl2yHNelRF+70c1pFWNKLbV0LVOkRFoZWVKUTCsiqjBat0mNqBqHddRCqKQdqv1MTS2zAKlSO0kKm7Dd2gSEIm0pIkJ4as3Q2kSymM8iYj2MQpmWsLFVS0wt27qpUGtXihshEqSQoGUGTJmB7ERSQHNza0MKgdMuTaW4pVubSimRavZ6WDkkKCFLrTWBm8EpRBjXUmoXuQIopUBElL4rUpeZObagtFGlRsoYEptSumlaj26lqPTVg4tEZstpIqNFBVBODei70hq11AhFLTT1nWy3aUwQYREVpVGmcxpWUbp0NFBEcTGRoMxxPakE9uZmHwhwphFSqWW9HkLqutqmqbVWq5QWgTROI27T5CjRdzVKTC3TGbh0HUKYCHCOzSZxpMCKiChtSttJA6NaiywxpbNZtEZq7KPrSm05WSqhNk0R0ZXZOI05TRmkLWlR+5SAsNI4m5NQNNtylFJqV7rSxgF09q47sjWFiGhORYSEIIJsUhGoipSEJEUxloQELlEUZLqWEhHrNk7TRI1ONcgxU1CCtBWhUNpRIm2SRkuSJFAKUpPHvs4EEyERAuxACsiITCKnjAgkYGdnc3NnJ2mhOu87Kdw8ZQo8RssxoNYuMF1pqTZN4FpKs6cpS6jUAjhTUssxKVEcpdZqk2naNEUtZEZRKITTuZrGvnQi07aQYrVakq1fzJyZmYoiKadsQRDNTUCGGR/96BfPyJaqpS+lG1brzClNabWUGE11uihMOoEoUUsYTJggm2opTc3N2aJEZpumqRRhMjM9KWQsGVtBjVIjmt0ym1PGZESAs9mJKkKGlhZNIko1liIibCMkptZI7V7cXy5Xx08oulqjWOGp5ZRjthzput5kKYLaWkpWK5CNzEaAUJsakW52NovoOjONw6R5tFaLQkGkzORRrU0xm3eKKSe3VKhElHkfGZiWWaIUTcMk2hS11CiJinKcXGQpcppUag1P0yQEjlo3KmnmJdK0qSmYRacgM6ZUqkXpcEMxtZQJRd91Ks5UUQVnTuvJzUQnWXYT4bBkCVtISGMbJZUgEEE0HCLBHoZ1iUKtLd2m0YpZ1zkw9F2PWQ+jpykopiGmtAKZxkQWhS1NmSIMUxtpALUrNeo0rUk3ZY4psBWRtRY7AexiZbpIhmkch7GFACsURA21lgQKYgyKlEZRQqWoSethdGjW9Y4kaFNGjpTOdlGMY3MmGNN1XdqtTeBxTEX0s8VqtRyHUeESkqzSKd1wKbXUQtLcgqoaY2sRQy2l9p3UO1vLNk5TjVK6jpYEqsY2su1popRs0+ScexaSpSSnloi+KyEZhEvXdaU2N0Ffq4lSjD2O2W3Od0LNTDlFqVGjrD1lhiLbMI2uBVyiKp1CpRZLYxudVqmR2doUVgaKQEil64LSxjalcxymKFHKLKJlcymJG6puOTGg4mnCKCdLpfYyrTVLNI/rYRSCaRhrFDnd6EqkM9skq0JCiVJmEVgtp2mZ3ayz6LqQaS2RMmmttZYlQiXaNHV9UdTMiSknsiiaqNGhtjxah5h1c6KMOWqQQBJRqmJyempBSJLB2dVSSnUoW3ZdP7VpHEe6ilua2neZmsdkI+Q2Ze2iRIiWbq2BaqkKC7m1YRwiSoRSOY1TrYVMg1DpO5mcGlHStHHK1hRCRUWhMk2ZzVGTFrWEi2YxE4xtIpXZAoSMpeJstpvTdqkF1FIRguKgkaQVhDo6BRGKCEiXUjzlNGVrbcxxMdtwNDKjlgi1aUpbAbKNW67b0NUuFOBQwRMEZGuSZKs5I6K4rHONFaFxGsOU6Io0ttaVEoSnVqKkEwBJcguCErQMKS2yJW6B0yCFZGeTAmMKxZkICGcaMiPdpBKCxOCSiWNSKbJJXEqhkUKCGtXZWkspgo4yhbIlIu0whXA2QiSNhpVq0+DahxBYgUmipTNSLZvAKdvpMZujKxiQJCkshWjNzmm1Xvd91yIjuiIRaEyFbCu6zKZSQlLQhmlsbT7vI7q029gU2GnkCLextbGU0nWzqAawWk4mgy4qbcpMS+miaIEBsjVFVDpXHNQoQVHm2BpkJFE8tZQ0jlPUkEIoAsQ0TQXVvtbahXJqTNOgKsDhIqHSxtGREaQFOCxyag4IWRFBhtSyTanSy7ZxrZGmjY0gstQoKpE5Tm0KQ0REQBRFZpYoCLUccwwkIotDoSSKpGhOtTSepsSZzrAmG9sYKyIyQa3WOk3j1JqdSjKEpGlaU8gE0s1ulq1SS6lV6pzkNI5udkjOyU3ToFKMwnaSSYQdEYqgm1eyZZumWjuMiJaUwqzvKBHgjMTpRNH3XWsZUGrQmBrTNE4TfbGZ5BjHdZum+WLhHFsTWAZRS22yh4ZIsJ0kcnXfWhtbAwIlUraIkg2DAiChtTaNo1B0xUKEnUpDgk3KkSSgCISciZ0e3WalYMm2CElWV9SQQlNObRijljZRaoCcWUPgbNnalLZLFAJFczNWgiQpjK2opUQNyqzrHbrvvvsMtURmKgCD0pQgLWOMGgoSZ0s5FLTWIlxqlTQNaytatiaHlRFyJJlTUkAhiWzg1hIABRDRKVpETikpSsk2CkXQ7CJTCrKTKoWiZZsazjGiRAkJ4GVf5uVq6dvRfgmIwFaJgkoJdy5N2XIaJ4X6KCU9ZevKLGp4bCUUUsuJBEXiIELK9DCt+65G9KEpM4UNoZBkO0046bK1rKUWMa6GaRpbX3FmWlFrqeM0hCi1QrZhDMkyjQc99CE7mzt7e5cyHdGcKGpRS9st5WZLdhqLsBQhh2W3RK3r+jZNKAShpBTs5sYkRQnUnJoyi2pU2yGidp4myOa0wShUoiTplpKIUhzNzbQpA7BblFoUihiGoVQF0XVdLbEe16ujI6SuVidRcS0FFtG5uRSyFdsKIUu0bEWhhkJGmZYCWSFKLVFR5qTZbIaKnAkloilaTnKpXZEybacTu00owmolRYQkCUUpEg3F1DIkG8nY0JpttxIVsqhLTVMbw0KazORsmZ0Uzi7qhErnaIFYradZ10ml5SSDwhkROBLAZHNrkyKQIzPSyJnCSRSyEcK0Njmq7FIUtUxtymxEJaI5SwZOlxpuY2s0Bxo8hkNOy5iIwEQQUUKiMSnDEgQoFMIZlgVyrKdRRhI4QKWEbZRpA6AoRIKbs7ZspZaS49BUQsOYJUuEbU+5bOPUxq50tdYopHNaW6irXRRRAtJIYsosyhJVkmA9jShK1WpYYUnqoqhIEqLWgmpEtGw0wtnVUhDQWgspnYLadWqOKJme2lCittbSbtNA1FktTc5hwlIN221sAL1KKb26DE3T0Ea6rvSly4kWExCKoY3jOKi3LFGSNk2rIEoXUGuUEiXNNE05Tl3UKKW11txKlEC2FULSVLpFnaY2jlMpQunMKL0T09wyW1uPw9RNXVelgpFU+hpW81Si1MA2ylrCVnNWe5rScqBpmkqmVKccanQukdmq6jiOnsaxSi2j1sRQUDqpZCYZKsatNcsRwpZAYTVlRDSVIqygyZWIKBDpKbONbYgsXa0RSreImM9nLVuCsnlsLV1rV7oie6J5nQ4SB7SWoSglsDw0CgQkSVp2U5LTeihRmgVEhCIUkeO0dislShQQCoVFyJr3XbOdLRtd7Uqty2mFMrPV6NK27WwlVBRRi7O5jREhooSwMaUonW1oERIIKWi4ZQKK6jYZW6qltua0nWlniei62loOyzWRJWrkVAmKMi1EIKLvuzRgqApFU9oCp1tL210/C5HQchRgqSiQnaVUG9DUppAiihQ2k7OLSqdCmaYpp9GdM50khlBRZNRKrEFGNcIpcILTKAArVYiIlqoR0jhm2M1WEMK2KESQxknatmKqddbcpqmVjBCNVqMqijOjCNGmTCfGIWoh7eYsSEZ2UkJO4XREVdgt06X0NioTCSEilA2wSbu1FCo12tQoUUrIGYqUwZkggyJimoY2tqLINJOoWUQ22c7JmIgpM0spYU1jIxQZOCKcNLs5CdXIRrFBhAnjorBsbCIiiiJzkoRbZE1RS1GolKhd39rU3LqoRi2bTZsGkKKo2ractXaNGkahsbV0BBG1KshxjMokZ3OGa3TDOBSFQm2aEjIz05kJdFG6ft6WR3KWKDKtOZFEc/PoIgw4pCy12GllUal9aU3j6kgKWVOjFk9TWs1JBDZ97UIxtUkZ0UnRmywoSm3I4AS5dl2YKbPvu8ychubIyVlc+lm1cxwmSakUMDmrIieFgDZNSOM4yKhUyJRasxQW2Syi1GJjKFXj0NxSkmAap1TWWp3ObM6USu1qpp3ZUpTicUpcul6ZIai2RDZFRZFYilJqiVL7PsdRKNMQmZl2QASYtOx0uinnXdfSjI2g62allHEabXelCCynna1FVCAnK6JEUSgwFjiHqfQ1bdycOY1TlIJMZrMjkuhUy4zaIMYcc5SLwm5Wia6rU6YyZQTUSDKTqpJG2AYpwIRzbE6iU0kypTCWSZptRUyt5dRKjajFzv2DfXA36w2i2okICaIrtWWzbWyDsSQ1O2y11kI1mVo6ClNLkyVKkYQy7YJUaqlpB62lwXaGSiki3UI2EREK7HQUMU1TKUVlltlSkjIz06OQcLNLCEwG8JjHPBq8XB44PU0ZENGIIqdcJyWmZauE7YanaapRW8q2raGNbi1KLVWYWosJWqulQqAkFSVsG0uhKKGIkjgzcxhHJ7XE5ubmxuYirWlqCtdapmm9Xq5r3+WkKJasWrosU5tUZw+65ea///tLmeN6GEM1SokoU6YyUVEvt8SGosiqkmrTOMqhUqZpmjLnfadGw7SGLQKw7Gx2kVQchFomqRxHZEwgIMMiUDozAVoQQHMjCVlRUBqTbpokjBDjOIbUWpy7cOEWZ6l9OrHIFlVCiGEcjGrXAbOuZoiWQeAcpqaklHCJABWpgOUMqxWVzKSKlMOFElEys7VpHCZwKSUUmZgg7JbOLDWM03ZrqqUWoWhTmgxEkY1bKzWERWQQlOpIEsUwjLajhBCwWk+tTdGVKLQphRM60czodI6zrhcZCABJ1FpEIdzSo1OWlBIllA6nhaPUGtEsFaKWkq5RTI7TVLsqFYZJNSVN6zEClc7TNJagTaAo0bIJl9pla60B1ChR1DKZHBGlxjS52ClPmQGGqDWd2abIzJACkWEDmfbkYhEq0UUpDWAtoFZySkuhNrXMJJ0kkYlMjtNkZ+374iipTOwEbNwmlYqcmciZk1oppbTmrtRMt/VQQrWf1VJbm3IanSYCt9FRcEpqOKiKxCUiKFFrS0/DMIyjwl3ta8QwDOvVStI4NbL1dVYklzAWLahW4CaiVBsZMqY2TC7Rd7VEJQgsybQQBWXYRMgTU9RaTLOzTY0sGaYFyGqtRREC4/A0tZymALVIu9ZaiihOR8lwqavlsg1TN+tDiloKILWxOaepNUXM57NsU5uaIoJo6dIVwm1yWEZ9V5XqQs2aRkvq+z7lIhFyawqplF4axqyK2tqYbrN+VoPMyRFEyRzbNEkOMa6nElbfF9nB1MY2peSQRO2ii1KJmKYWtEzkySqexqk1iopqiGG9FqGgZRNFRYmjRI16sDqMRjefd4SH1nd9X/spW2tjoKlNgijhtO1E1S1lJRibEjRnThlKi4ga2cbWQo7ay9SiNmlyOtel76NEa5lJpiFrqUaZToZQraUoLNVsQ2uJZbDp5100t6lhRQyhqKoISxE5NZMWyrRtAFkKT3bJKSguq9VRqV1XyjBNVagIRamKCLCzrYdBQTpFQHPidITkijKbSy02YQ2ebEWJSIEUONOo1pLNzROBXFAo7HFSCTlsO1NFQGvT1FrX1VCxM9M4XUrtqkyb0mEhtxQ0jDOoiHBxWEaK6IpNjllKRXSqk1KGwI2mqQLytE5EKCylE2dRpG1hQ0OOpAURIYEs2y2NQaNQKFRkCzstFICwoiQ5ZTMqKKJkLaVEEY0GnjKrVEodprGRtZZSwvY0TaPoSpGiTePYpr72Urg5RRRQF0rTxiZJ2ZpKiUBdtUlQCZXAcnEgJ3jCMUVzs8KGIceumxWiMU5WlJimbBnyZGVEJ6VHj22tCEl9V00JA8UinTRRVBXuQ9CmcRxGAim6Mpum0YmKnBlSiBaBCQE0ElKhTKsKORtuU7h1/YZpbUpnokZG6SKTcUoi1TxlU5QadWotAltRnFYEIBUL0jYgZ6NEGllqmUbCUZVZ+1Jac1dw2okijMNOchxHm1qKijJLQNKQokauJ4BaMQhlTjm1zLDTNk0EEuCWUiGKoYRbOkrtSkxtypSETYSmCbBUQjllI1VEy4wCGJkgpJzSJiGmVHhyU6iLilBXp2y1BAHY6ei6UjVOLYdhcEKgUJSiTDNNzdEmRxRK9AqiRLi1KRSAW0usCNvp5pRKOJsckekSEVKDSYoSNSJtgQEcUiZ2CxChLpxpeWqjnS1bqERvHCXsRteX1jKzoWJPoShdrfbYhLO1kYwiqThT2aYSJUq1mye3cE5NgtBqGAMJ5WSw5CjFE6mcz+esW6YdkrHcRSWKE8hmpxxgsCklnJJsR/OUSS2lSEmm29SydCWkaSTJyAK0aUIpFbIJ0o2kdh1ShJtNS6NEsmspFjWQQvZqtQQe/JAHG6UTEVINNWdrQxKlWZGqpU+wxjaRrrUjCJsSWaysrhXLmVGilM7gdBQc4daQ0wChClkKrXkcm0Iyfe3tNplau66UcWiqpai0yW1yN5vVWiHkDDmbFQoPxOyVXv7l/u7v/96mhOy05SzOpohCUcimOU3LxlRaLVGipG08TVkCkxYIY0uz2jU7sxkFYKetTEE6cWY6VEIYCRrpSQ6EmmE0tQVhMkrUorFFTm7VYYxLegq3aYoqTbl/eFCkqmhky5ZT1lrUiUbUjmzgcGl2TIki8QQpZWu1r7ITk5npbFlKOKBEQc1NTlQAgVApZRxHt1HdvFSFwtjZopTmHFur1aCxTXIr0UtyNodSpkEJKZxWrS0HphZRQqUoEtdSQqGigCTchmEcerrSd26ufV+jTG0sNcL9anmUMgopgBKl1livJ5Skw7IisKIApRRPmZqwAlyU66k1gqKQwY2IWmtnUA0pSpSuc0tnm0pXSaVVqoJwgGlTM05SREhtSiSFsJpN5pgpRRSVUqZhypaBXMIOLKAZnECtilCagLRzGgXzxazWMo3jmBQRpaTcUxUzoWzTlBNQSzWuUe2pNdJNUQVy2pjMZnDX9S0bqNZaZNWibKxHUyEVBGEkR5vGBiUzQ5KocqYBe1ivx2ns+76UoihBA6dbpmspreVsMetsT01RJo+1r27NEVNObpnZ5KizilmvVyWi1JLJOA0Kzed9umED0+ixtRxTtcuYsqnrO3UlklmJiPDU2gDhzLYeVqHSzVBfQ0pNmY4SLdAkSePUbOzE7vr5bJM2NDdPMXlK9YVkmIaIEM5McLiOOUUQQqU0Jyk5S+1KSFKghJymYRxrdT+rPTM500SRzbhc0UW1ao1CRgtblBINSWkTBHJKilq6JktASKZGqDpU2pQtWt91pXZkOrOqTNna1GpfUmFnWKWv2MOwsr25uV1KadkKMWVGiW7ez91Wy3UgQpnOaW1gws5SQioRlKhuU8oxoa6UWhwtpwZqKZSKkq1N0xSRtSu1VkFrLUqppeJELkJ2miglkGhj0jJLKTZCOaVrlIwxV6Ha9cKm5Ziexsn2lG3e9cYIGwnBNE1pd31Hw2QmLdNSUWRxGpozhxJRShAOJDFO6RxVunFYRajrulw7M4uilGorMxVEktmmKWt0lUg3Inp1EY5WWnXLRipNIaQCE3KmLdQshQhqiWwOaI4oQEqSkSRBlPA0ZU4tJCBC45Q5tihlNpsNw0BREJnN6WZVpig1jTMjwnhqUzbLzkBpiTZlRislCGVmiTQEkcZ22qVUjLM5IhRATg1BkYwsS1MmUKJikCExcoIUpevK1CRMkTGkrJbNtrESWcM0KpTpvtvIHCklErI1BxJWEVG6KFWhdNoNRwQWU5tI19rVvi8R2NM0ITndzWpVNIydKO02NWhGIaLUbImwE7xej1WjImyG1YqNRVUtEWkP0zAN45RT1/Vdqf1ils4pG1DEbD4XajRlI0rUOkzjuB42N7aixDRMJSphgxCJ0rJDAlojG1JYTGlnlghETkzjEBFyk9RaRpDj1AhhiHEc2pRdiZQkQgFJBti2QpE0NVKWQ4E9jBmBFSXkcLYkQzBNCelQWCIVhJQU7NYaUFAghTNRKSYlQgYCp6llhtcyRYEdypal67tMkSlbTlqDNNRaLCkisqsdEtnGnKYopRRlZrq5OSq1VgApp8kkinQYolSCBKULYaQSUg6rUaFSqzMVQSqxEkztepsISukkZUtKFKUnhRBVgdMiQzVjwsKUiJgH1jROSApQGKYcNaLZTIEUEQWwTEjNIEFrRtlallJqiWypEsg5ytm62ikkY7dMMpPmEhGlJNkayMAwZptGRRHpzOg7GjlNzVOJCghFpU3NmQbbB4eHaSvCMpkqkZPTk4n1eiUgpGZJSK1lAKZESHXe18zMtHGbHGQq7JYpZcuIwNM0lShdraAiXGiZCMuyQ5Em7VrrPGrLBMZxzCpUUy2gK8XpqDEO49DGrtB1s9XUgGuvvcZgSMg2mVq7GqFptJURNUpMw5Ru2VRrrV0HeGoqtYYoJt2MKCHb2M20cXKtHXZrDdPSoYiiMLJDNkYFyc1yTsPQVEpVRHFzRLpEEaWEzWpoyaCMWuow5KLXzbfcDJrGaePY9no12tmcbcpURmSNikLKkNyYxkZOqIgIGcmZ0zRCETgzarVM5qyv60lqidQSt9b1nYKxTZJTRoEgCSERDsK0UBgUYaJEyEgIpWnOgmh2sfpufrAeDeMwAiNjcSAilE6yKltIzRJI2VprqFSrRUSZiSbcpogqlEyYIilKSTspXbgpGQtyZhNpCfpZ30aVEiUinSBUSpQopAVhj4WoNcaphZSthYVialO4ujWHugwRESUIK3GQrrWAJCmMTVWnHmKcppbZ1S5tEbV0CVGj1g6wLckFBEqpmEx7Pu+zZUu3NuVgwiEhjLNhg1qj5ZhTGxG1hJ3ZmqzMjFoiSCBjmlqjBW4ZkEVEV9brhlwVitJag6iyQy1HjdFaC0lKUWzbSSojJGWzwuGwwiGgqCPk1qxQMW5OESWbW8uIiBKCUsItBZkJCAGKCCHJBGkb2SFJUUKqEakUoMCybaaptWHo+66bzdswjeNoKSKyARaRrU1kp7DdskUptMQep+no6CBzo+tqKbVEpMnMEsW4KnKaIkpGMTZSoighKQrSNNLaRNaWUygU1TSFRTibS7ZsThtPOUYJKKXvwtNqWNtdT6ynNrZWSnZdlUaaVWvX90dHq6h1Rt/kHHEIqUpEBTKdTsM0jqUvHTEyttaY3HKyM6KSRqp9aROr5bIrfSaammo1zS1tT819LWlPOSgiCJhKRJSwJbfS9ZGpYBzGlk2jKV1tShU64cl0lj1OKbvrSpRacJSYJDmQQQmCWmchZxvG9dpDzjcCqeVkXCVqFZRSnEYZzqlNtdZM1ZBmXZlKRLilmjJz1vWSQrQ2YTmR5EJXKihbFleKW444ulrTOFumkfraTa2th3E2C6KoM63JVVVtGm2Npus6ecJWEQ5oIhS4KZDTDkcpQpOn1ppVSinOzJYlSnR1ormlpFpqJpIA5Byt6mGcapRQNKUUgTIRTjscQs1ZS5FkcLNNhp2ZU/ZdYI9jmzS2zL7v0olUCIcgm0s/66Yp7WzZMluohsItVx7CxXhqI1FDAky25oZrELKxW5vWq5y8tZ2KbhhHoKt1zNZyslspBYNtKVtr6SBSkZpmtVvMF5LWw5DYmUYlrNKFNE2j7SgliHEaLaIUCVqDiKIaBTFmC2ki3VxLVUiJJGcjClK2FhFVMWAMY5ZaaxeKaKOTyTm6VllYIact2a1FX2spU6ZwJsKBM8MtkyZ1cirIbKRbDknrHFFqy6xFRUqlo5QoQLappUmX4sZUI+RYt1HFNQqQmShkulkn1AyJSmCFHLUGEiKUzQhJbWqWqxQRCEIWgRZ9bWY9TukWfZ1HV7veijaNUSIkhWoU8NQyp4ZRplu6TYqwPU2tqzPZaQWWcClhuUQ2A0VMOdpEoJCNTS1VXRuGyVIohLJNyVTV1SqbdEMRvaxaTEYQcvPkJrmU4vTUWimhEmVKFYggcpqylnSLqKV2dZymzJZu2EVyrUbYpIUtKSRkbFlNYJM0KSJVgIgaUKKMVgmUblBKKTUigki1MmVrbp6mUoKQkcCNUiOkzERhk56mKVCQntpYsqxzFaWWKIhsSmfgRLY92biWwMhM06Qopas5ecoMtShdCckYFJFjg7Rqtky39XoUrqWWGrJREMJtHAyjAimQDNOUJqOEEMZAEkCNCDJp05SkFOPQEIogXUoppUtPfS1GNpmJFJSgEaWUgpwTMjU02tPYYjYrNcKFNohIJ2qllFqq7cFjOkMlAjFr2ZARJaSoqUmA83D/EAgTeKohe8oWCsnT2Pqu77to42gC0bLZRVhSoHHKKJRax3FQqDk8ZVEIRwnEmA1TurCU4zg10hZSRKStYimcTVjCjghatpw8lNpBwzKiuXmiOUsUnAI5gVtuukkwDaPCoZJQbClqzUxF4JY2rVEKCpcInAMuThPOxEqPQWmJvTIKVGvFZEuHJDOlq9w8tKF00XX9hD1NpeujkKMslxqllmkcxmGczefC49iIbA1niywTrbVBUTA7xzZDSNkSY1AoSkc2y5BGjlKyNYJQNtcgFRJRCo2QsJtRRhTnNDmzldp1YggL1eImTdOkCCkUgjSEZMmAEymJEqRcUCJnTlPranRdBZoTWQgJxeg2ZTM6OjoCRIkIOyFRhLN5aqOoTjuQTTpppYgIgk6RtjMzSknhJGqNiMyptTGKgFpqa60ltViUaZxshFtOzqoispkcpuxmXbFwtoj5ogqO1stxGEvfQZWQI1TURXNrbian0bNZp5SF5dbGKJ0UU8tpaoFqF245Tjmbz2Svx3WpXUrOJhWhhNbSNg1FKBSSMyyRqrXmMIGcqSgowDm2Wt3NupbFraVdojicGdESI2maxhW4pbEUtiLtCDInpTKCLCpWKuQ0IlAC6WyUji5KJhFqrSnDBMKt2UjhQkvP+shaAXuSFISSWtRaVUHSar2S6bquSBPOcZIRkZngWgtSJnYilOHISrHTjr6rNkItG1C6EtFN0yg7CpkGhKZpNJSuSKG0itRXHGlN04RtKGEEVnQxr7Ou60oJJCBNiaJQUV0PR4fjOJ8tJBQKkc5OXRRNzoAapdaSzlBEKeM0tXHsZr2EG00NsKSWXfSllhbTNAylqM5mbRgOxnXpuuXRgUJbG1sT2Xfd0KbZfN7VWWvTME2KCAlJoWkYW7aSpXZFrahEZg6rsYsiESJKrdZ6mtp6aXJjvhCUaG3M1FSKMG5typzGkYhaA6xQqKKJVO17q5VSg5hkY4WnMaNqoyzSLiWqmy2E7DHdK0qH0k7Txqmr1elMchqquiiM41ijUyWhdnUmQZZAMIbG9Zp+Vrs6joMUtcR6GKeWxl2ptS8TSYvSFVHmPVNrbRii1L72UWK1WrccSq1F0TIJBQFKtTYmJoqmqU0MoVKK5KoItalGyaQUetVE0UUgRefWbDsz5EzcWlQVFdA0jm1KChJOqwjkCA8TNVUE4WYpgL6WcXJClMCMrcmOqMYaUxEWmQgFlqJ2tTWVEikpE3kcJ4lCjJOjmBYSUkiu0bdxNY5D1NLcKgKa3TwGoZBRoISpTaAogWUDiiAnkuhrTG3yNAbKdK2lRDhda405wzQqnNjOKgsA2zRN9tTGKLKiBEYCkx1qUe3p6PAQVCIAly7koNhOJwKVsFQoXedMmUxjFEhSaBobDfdoEiCpCJXC1NKZTqVDilIahALZFESmyRalKIsqbpJQgiUAAy2xJ0+YVBQjY5EukNUmaukcpe+Cae9gv9YuO2dr62HddX0pJaUapETmlJNQFBmyjbjr+97OcRhcuxJFtZQ0gRwm2zRlulMXUrNlogrJaStlbEsimS0WzhyHse9qX7rWcjm0viuz6DVH4RJdREw5jtPURxcREWoQRqVUlG1arZdkzOazWanOKVuWqCoiFOqMhZKItCRAISlsJo99KaWoTVYlRrqIWruk5dS6WVcipqk5jRQKQ6EYt0wkMtNgR1Q7wVIqai3RYGpZigqBID3haG0x6zMjW4ZAGAgK0doYtWRDtgSitVSrFCmbjYoUETKQDRF2RggBqgFFmZCAMicFVZ1aqkREyWnMSRnZRWeTOeU0SdEXTeNUu1q6UjGEW4sgRGtCAmVmBLJbTkbR1cRTm0AddpJkZrOIlgiCsGxUlA0hidZcq1oTYhobKuGGcRIBAkLFQUzJOA6lllpKywQUSOpyliGsVE45RahGzWqwkIulyNamaSxdV7vIhiIAgijFJltaCDuQ6EudwqatV4OoEiajRYmqYtsRpZNKhCJUq1sbG9lQQClRGYepRIR04eIuYDnTRQVnrbJxSnK60Ty1RrhEFMlOiK7EOOY4HPW1GgnCkjwBRSGRlgmUzpYtCEVRM4GcbZzAjqhAKZUk3XKMUktErVVWiCxqmW7NMpm1drZzmuQmZ1fqTbfcLI8pulISFTOMQyal1igax7FEqV2N4sz05JHRItMR1tRMoiBLugEGu0WpJWIYh8mpVN/3tWTaOU3ZWlvRdb0KKlFgSmF3XSXIKYepAW1q4H7el4gpp1KjK7VMbRgH2pjkDdddl3gcm53NCInElCghxjYVIrrSWjNIqlVkJNksoIQg7AbRRXE224UY16uIGgowoXAhcCIS2Wkkp5W2hNTkYilSyZSJbDvQ5Ik1Nl2JhtqUtaigUIYBXzx/DtQpwJLXmQGAUwpDFGMToAikKKUN06jWRXG4tQm3rs7GHDBCJYrQOAzGs34hpmk9xmbXl5KtDOMySqmlk52tRS2esrWha2VqzVbfCdlpJoNC0ddi1AqKUGSdSrNrNxunqU1NhMOe0uEQ4zRkm1pzdD0TKGogaZymllYm2YRqLYhIIQEEkoMwqVLCnnKaxayUyCaKsNJTRClVhALGlnYWxWK+oLBcLqepqUTIEdGmFiHZihLYYZBU0w03UVNNRDbcbGE1TLPdpqi9Si1yTolROCpYmbYcCqVUwiAbkJQti1SqpnXGrGJlTm5SiSgVyGm0XftedqApJ6yIoABMbcJUlNI4tlpxKuTWbKcNjUgL0hlRZvNSSmktCUIRCifdvG9Tm8ap7zulJkZB39VSyzRO0zSqRl3May1yOExr0zimSglKrVaEgnCnSAnhycaksFvLtPuo2SxSkqA5S2Z0NaLmlCUKShvJSVo0pRr9YnEwrKbluLHVzTc3cmqtZZUyWzjX66FG1/WzqU05NaDOezlgUoQBuuiQPOvrOLQxmyRLEaRryFZD1TllCRQl6jBMEYoSqUBELV2ploZxlNXXkGMcxxxSUi2iiFTLsQ0NqSs9ykKRqK212tUgWnTpDKSCG5lTRFBFo9Qy64odU04RtZ9109CMI2pXytRyHLPrSldmk9J2BF2pw9jW5KybNRyhyc0pketh0qTZXIrIaZxWA7X2tSsqtUbLyEwVAW1qUUSVW0SUOi9tapMTqXYlFFObhnEqpc5qbVNOY6u1qgQtJ2mapogSOO1M0o0Imh24udQa1ZmZ05RyujnpotZ5cUu5RMgkdnNzRkSBVCYqXUTLLAVU2zh0XQkVt1ZKbWRRRsjI6VJErV2WtFGKUmuijKhFwYxpnNYaUsz6zqE2OYuKNQxLlVBIhDGBLCWZFmFahjt1kRpyXSKcsVofFUXfz3DLaSj9QuGWKej7WVhRwy0bNiCXEmNOskBSKZrSpcgOZfOUGSXGlm6T7W7e0zBuCXIKmnFEWKUSDpMNy7aLQqESJdMqkiKMwxCr9bqrXT+LcZpoUmfV4mZs4eaprwuCNo05NSIwSdYspQi7Ka1I7FTSnGOq4DZldrULrJCNk8CqIWTaNDbkjY1Fpp1EUCJoNOe0WqvvSwFKyU6BbWcauzXN+5J1HCZKEiUibJM5TmORIFA6nZERNGRLNqiGWpMiE+HJrbWWiSOD9OTsShkynVlql2RTZjJOrZRaolqRbVqv1wVK30WQVtf1AXZmm7KlSjS3UBQL2UlrgxRWJgY5wUgtMiAzLWhTtpZVQSgyEJK62rWptcwIEUWGgHTDSuwUKqVAa80RFHUCINOZWUs0Z4SIYErZ4zAlGSXSlkW4DY0KKpl2syLATguSDJRTS7lWJEUUINtkOw2qRUFprTUSt3S0EjWjzEoHTBplOdOp0len0zmMY2suhb7OJY/TUZsShF1qlFJVY5qmtLEt0o7J3azrYzZma5luiQiUkE4VVZVsOWVzpqL0NTKnErWbd27NmaUqPGulhcrgtLPJahFFoZrZ0i2tKopKlBq4ZbYxu1lnWwqrOadGKEqtnRNAEcIE0TS5YZrJcYwokg0NlcxEYGMZQjbOxIqQQhOJmqC1SaWT1KastSgoUYoKiilHpAg5LUlRnJkw7+bNpBswq51Kba0hiwg5lY5iHDikTEdBEWM2exqGlAVqbYISNTCSqmqpVfKwnmxHATFNrcgosAXYApXAanaRQ+EICNtNKQSacnI6UqWq6+ZRahunKUdwWsPUai1bW1uZDoTUWotCM3ILdwApA0G25jQFHK01ULZGLTjSlBKZFmmULiKaU1KRFJrGwYTIUioobck2mFVbR6JSFcqWUxvbONZSpVBgaZqmAJVqY2XX9SYV5aG3PESitQRqieYpieYpXKMIM5F9kwiUCjlRwaNxglC1LXUCYYMinAZQphVOO+wsyAHW6FYIRRQpI6MZqaSjho1IiQhNIy4URyOjOBXhdESEKIqUSjBxeGk/0zhTLVsDMjNbU5SQikREkFMr0AKRzQJnk0KBICKkokDGjihRI4dUOjPTpBpT12itTbV2KOyIIEp12plQEJICJcIGqcKoiIDInJrdxiGCErVESJRQm6iFCLmGbVoqidJB5jRlyEnXV9vTNJYStZQ2ttp1Ycm2pkCA2zQS09QkShEI3DwBoK6GWw5T2qKoTZMVNUrfzRO3HG0VgoIkBWEIgeSAtLER4IwaCW1KhQwBGY4ILCJpqJa0lU2QtChhCGgtM60SiFJLLWGFJeBoWEtFbRrXLeatpx+mNVFKh2FqYygASUFkoOIYNXnS0GqtCW2cMGVWSVprrbVau1nfR3EDtTaNYzaiRCkFPLVcr8daVGpxWlLtKs60I5S2QvN+hpVMLdPplMMh5ThkRIJoiohhvaq1MxFFi27udBPOpijTNI1jWyxmUeo4rZzZHMA4ZfNYatczA2cmFmljVQllI1uzKUStpa8x7xcHQyui9jP3bmOzwk6iaHJjcnNEycg2JS2RS9dVRcvRngTTRI1Se7VxaE63hM7ZItTN5yjaNLVsXddFLcVTJqQVUqpElBINao2cLIUKbT2kczabq4Ts5hZENwtSbtlkuUVERSUkhzVmpICxtbDGaZrP521oLVtXuyJa0pWiWrBcpho1W7acIgJP6aLCxmI2NruZUK2BbCQb6KJiQ5SSsqfV2Dy1ZqCtxzZMpYu+67ra4WxO4652XV+z5aQJj+lOwnIfNSQ7ndkaIlOROVlKWg5ji1pL6YrGaSIkS2Kaps41u1C6TWOT+tkMOxUlAiLCmU1SlNLSYqp1lm2aJndVoTJMQ4gIFXXKJgGUUpsJKfoyrkYH45RRqkByc3qcQgEOaiptl6iBWjZPKYRVakhlGoa+7505jOv5fA5h0cY2TlMNKZQto8Q0jVObZLuWojLru1Csh2VbD/3WIrOFLJUIwmU1NikDr5vnDiiGgqZpmsaMEqpFyC2FnFMLkBQmjWWnTa2ltEzJBntqU+lKKWWcWk6ZnqIgImVQV0u6JeprbeN6HFoUJSEQ9F0vsV4POEstUUo6MzOVnoyw7NamlqUUR6mhlrKdbqgUNKl5TAVFhahKU0op9FESCxLXKjsBkWlh2+66GXZzKkrf9QSyx5bRJklTZoQUUVqORo6WuV6tS6kbmxvplJ2tkVgyuRpaLbWfVSfpLKXrVJGnqeEkJFmqBaMu00j9bEZOQ2uzUpyQSTBNKZpKlIIzMhmGse/qNI7juHaUaVCJHIZ1Ld1sYz5NrTVHjRIVaKPLvNh2jm1qqkK1lgBHEkHi2nU0V+Eu1sMYyMXONk6jCKYcp7FQS1W2lGltYnLUWkpxG6NUbCBtkEwpMTlpWUuJCukSEaUETGhqLadBUdLgVClFMao1VJytpQJjLLthooYUpUta5kRGekqgRiEcqLk5lZmttaIZalO2zKnWIlitlqFCicxU0TSNEVEcJF2JZmc2RfSzWWtGUaskpmyMrWWWiFCZpnVrE1HHsQUBZMsoUYzMNLaUO4RKc3aSaj+5tbFFKZKczUnLVFPaBitDRaFSZCtzspsicmrhHDKLmNU6Od0cgSKUzmwRBGUcW5VLKU1tHEYCRVQXO50GzfpuatM0jEgRFDmTsCcs4xBTAyy6GpmBPOu6yS3ToZmkzCyh1lwkbEfLbEWeyJymyQ5qUcuWObWy1UfR7u4uMNrziIAxU8alkM5pUsToVChslY5M2lhCloxLhJACnKkiG5nWEOkWEghHLZEtI1BVNmcSESqRUwOGYYhSaikyETGNjRB2iVCV7bQzJ6RGGkUppYsS0capRESEwiUqztYmIrpuhpPmUiOdOSVWqSEUJZRq6eaWQ9ZaiwQ2hIrtUiJCOWVrLdPQRLGbs5WCMmvtWjaEKJnNVqfI5pZtmgaaS18UkmgtaermBXu1Wk/j2M9qVxfptnXi+Hy+MSxXEKY5JYDoiig1PGbm1Fw6tUlpgkktIiJbqmhq42w2j4jVsKJZEkkURMmWkKFQCaScsk1WIRKVkMjmyRnGmV2pOO10KBKjKLbTmSqSipDJUhxRDM6IUoCD9WGEKJHrlknX13FsLV1xqWXKbOv1bDYTtjE5TbJSJWREKqoz19MQqERtbVIhUn2tY0vTilRLGcahuqzXQ9+XKGSmMqJ02Zql2axPZ5QSEciCaRhJRyWIKScnAG5ySU/RwiVCmnKaBGtKLbITJw7oumIqSXRGwjmb9QkRarbTJqdUNMaWQGtEbUCmUZYoLbONmUrLwzTVKF3fpWnZwGkHuVwfYamUQM1NAJqmViSVaGMjVBQ0O9IobTVJRdFUYhqm5ixd72xYdpYIsmZO4bQ6QtPYoqhZEghFRIlxnNaDN+ZzW0At4eZJGV10fW+3qL2cUfrM5paUqKFMTdNQ+trG1jK7UigKSW7rbF3fSTFliyAU3awrivWwbi2jKBRyRqgUoxpJChyl0GgopjZ1UQqsW+sU6dGmKlK4TViodDXsoFCIMUcJJ10/q7XiFAFEMLZJiU02q5gaapZV+440mbXrlPbUSom0W3MoCU1uHp3TmKlai2hRSpOPDofmNpvPVCtSmzLTKUsUqW70SJkt08VR531ro8csXWnTlLaq2mgiluslVqkl7CBCuFRnKiJC00StnYSz1dKXXpmgaBo1kcVEqVFb7zDNFq5RwjkN66k57VIkouU0jhm4n8+aXUshIqY2WZ4yZWw1UaLUGs3pVctkShMqtlzbNOGwWY+TokWpmfY0KIrsCJpTlHEcVdVJ4zhGqO/mqm25XIdUa3W6jVM/62vtV+v11MZZNytdt16NBmc6PZbJzlq7UExTU04Sfcgl0sZI0XWhkHOyaTl1pVepY0uXUmqtbi2b7Ci11qllzkC1lhKAUKrUGmmqRCltGIyTzKnZlqZxGFJCmto4TsO8n1WV5oaTKLYNwk6pFsU0talNrZtFV3vksNetES3UEQ5AYBMKGFEtMY2DoBnbbRpVghKtWZ0L4RIVk3bRbD5TKNsEkVPmOJa+GDVaRD/fVFE1bT0MtdbIVJRanS44BaRsQzYsGztTooFsR4kgEJZojhoKPEVEqGBkp2wpUpnNKJHT6amFu1Szs1OVpIypjQOSVUrNbBKlVotxnEqJNo2LxcKAaZMj1PfzuhHTlOM0BupqjYhpag1Jbg07g4wotHSQULsuxDiNDtXoFHJrSYhso63EKCTskFOtTS0bNkUhtTYV1cVi1sY2jq3rCmaaxqizIiesjpbTelzMNik404SSwNkcKrWASCOw3YapFEQEckgKAoVCzlCA5WmcnJmZQ8uu1qgFSR7HRrR0lK6fj20a1+sIFHSlWuDmVMIwDKUURUFIxRClOMepjYZsreVUHaYRIUGhNZuYRaRzzPSUEgYhKYrK1BpkKR0iW7PVRRD9NA6GwIoqaWpWWITdJhRY0timGl2tJZVSYBlLITcpogRpN7BTgGlTWgoyZSaVkJSt5ThFiExHdLUURTqBEmEpgmxubbQpfUc6JGdMmYCUzaKoLwrKNLaIqFLLtDIdCIuAiIqmSKMSpYppyEkIQ1ilixQC0pIwqTZltilKoUaZ0qnad4kT1NqUY1e7UoLEaUvRhVJjm0opkiUAEc4MlVTSqKWT0q3Z2UC2nag4Hdi2MxQg0gikqF3YgFvaaYsiIJ2ZTmerXV+iBDLO1pDCKlFNTmPDjlLUYhiHpJXShWwIClAKQbFyakxt7GsXEl3pU6rRMglk2U3EOI5AwDiObUpoEVLpomAHqEaAKRGZYzZbtiIESgxGyuaQLXvM1BRRSi1VoSieBqcJj+MUIcASQkmNMuRYa62ljm2Uac5aY0pLIQljW9bUWrasKrXE1NzSYWaLeel6oKv9bNav1+txnQHglJ3CDbAVBaNGRkPSfFbbxDRlcxYVtyaFIUo4PU3Ntp24qZXaVzsTpZtUJJeoAhVF9pKLSIgo0WqZKVRsp7Mg1ZotkUpEnW8gtWksijNnTi/mi+XRkYIcjY1UFdRKsy2hqLKtUtTSInFREEps1NrUMkC2USC7pTORUUzZApdSCNyaMkrpwK1ly6Z01qJEEpKnxLgEzZKNmluNTthOE0DSRFGo1gpargYgp2zKzCyNUpRpFUVXYswp2zCuu25mLNth0kql3WiJCpJca03cWkM0VBR932VzG8cSUQq1VlCbpqllqUVRMiekeTfDDEk4VQKH3RKXrg9hRU6jRF+qu5JTCqII5IhSiUKadCtRsKRshnSEkCRaemrTYr45DKujo0NRu5qj2wxFqAuQFJktVByO2s+Ex/XknJAQWDYKYXtqUSNk24ogjRJFoXOmUCgNymw2rYU6h7EU4ZwyVQuJc2pJCsimEjZBLQUHTOF0FJeoWbPRBDa1FqGWapmCMZswUCh2i3RRkDQ85dhHKKJGbTlF6aY2ZTbBuG6tjaWEUOIEE1E6EVNrzqkrs+iCzFXLltmViIi0KZWwTU5T2iGZDMqs61tr2dqUTG2qUSLkVMtct6HUWmPW1DpIM00DUVwcKg5HpnEUkVVhkIiQUynTzbpaolDGHBVqid0s+lqlbFPmlM0plOCcoq991FWCp2xuTmU608l8c74odT22YRoMtZai0samrjiKkhDNLXPq6IIyYKZUgN3GBq2WuVJTm4goiGKIEmVqOU6TpHQrikxWq7Hvu0pVUbY2jU3hXgulJ1u45SjVrtTBU1JrrdG5jSMiMSq1Os24HkpEtTVOEygEJcZxrLUTuW6sl0PpysZic5wGu3UR2XJ5dBRRSlGzcJNLujWyqgolKG1ZuJ/NnEmoRmmiOWP0NIyhQGU26xouddbVMrZJEtE5MU2KKbPraoSi1Ai3VNSQZdJUj1OWUkuNWltOLVO2RFeKIjKJakGbUrWUVnIaJ8au61t6ai1wLZ2dDaZx3XVdqOBUAsIWQiG1lqMUVYFJ6EuPYnITkmJcDhS60llBEc7S9YmFIoqVSqMQtoJwa1kiFMU4k1AJWpsmo1CUKCWUaRFFNsnkDJCjFmzskGyjWkOta9nCGDtb67pamBc0TS61s5SZCdPUopZCUDCpolorjEDtYxjTU+u6XjWiZdSYmsNQUgqSUpTOnBRyI7OlaBGBNTmLpFqKoqXJTKnJTFNmllKcbp5CRREIZE/Zcqqlr7VvraFo01RqqapRpCgRYJodEeM4tTZ1pboEanYQJmCCBNQyA0WtICunqRmnxzY1lVKjSNhgY4Rba22abIOiqyaaXVWyJJm19NM4TtNUShXhNnR9XyMUytaArqsYO7FDdHXWMrENgSybgsI5CaPMNFbpukI2ksnOVC1dYxxG2605StZak2larxGlMk0tIlo2ORtjF7NSOoUVcqbkzDGbJXW1yioBma01BaWrmWCVABhblg5aW6+JEIBdI5o95lQyjYoiSk03LCNCUQs4R3lsDXddddq0Qlhytihlak0RRcXZTFHENE0CKUAK2RpbSiq1SsrMtItEkROUJYoUkiVRRKplYlPCQRQBDcJ2ZnPO6iyDUCSTrSjCSJQofRWCoA2thKIojYQkCRDppsx0y6mqdtWZE0GnajKVkrpaSgnZxiTNIk2kg8wsImqHM9uEyWy2Q6WWLt3SzjaV0gUmQpKAtEokNDICKwpyZBqIUiSMaKNbZgRtdEbYGUJSSEQUyYDdpql0ZRwGQ+1qRLEoBVkZNVsLRdRSpAxkAQralCHLEkxMmY5SaiCV5mlsQ0RZ9Aub9dDGYXLYajQsSpUshKKUUtLONg3rAYiiTJkEJaqWrcShICTTLBfNa79ibNlwBlFEA9KKkDRNVhCqdrqhWcEmPWWWkCQEKICwcUvbTpAIMU5TVY3SFzewEzsRihCBnZlgjJ3NbNRaanVqahOrGKd11JnIcZpKkA0kQcum2pOQIE/ZxqOhlCilgBAmkGXZdvPYBlS7UlsJWRLOrKU0AhsIQRCKqJZpaSKC7LrOmc0tx+a0+14es2UpoQhFjOO6TbmZ09bmTu0CCJQ5ZCvdorrluB4USlsSaYBARTaSjB1gSbRpskoYh2ohU2lMRtRQ2JnZ7KylL2GLDMLUCGMFJUq6pd11PTBNEynkUFGmVcGZ2ECqkQFMpSs2YLXEhGofOdWYPNXo+j6kkpm2ohZJY5sqQcitCVxoOdlWaJgyFGYsiogq1FqzW42utdZQiaoSiui6iFLc2jQ1ekcpzUzZ2ti6fhYijUxLt0YtQhIupYSIrseNTqEIZ6Yzm0mpq4VpSkIFbNQMMmROcozj0FprfRvHIVHflebmTDsVOEIYS8KOCOXUSimkXAhUSrSWUzqy4VCEomABArBwVVlPo8laaqc6tZZWjZhMCoExWLUwGawIGiUiwljgWmq2ls1GpUam7GyZckoBVglsguJWZzUbwtOUQIpMq2gax76bWXJqnWNXO0MzyhYBIRU3Ux1RumEanKp9kTSbzbK1cDoKshJb9iSkUDNtahQVh6A51XJS1CDtbK21LBFtmjKbaowtcdYoCIBomihd11ozrhgpori1VNRSQlIXbWyr9arruijRRbUbUjrGacxsdg6rIUr0tXcbrVqjyy6ZppbNhiiRqJRZr1TxkJFka9H1ilKipsnMErWEmmnjqCilVDmmbFK21kiZFNQSCsmOUMuUak6Ti0qUIgIUNVs6p1rLODWFlBqnyS2ztXQZs0mRTpniKtwy3SZUxpwKRIlOvRRppCgqUzNMobDkqQ3jqnYbNds4jmOtpdYOjBQRtvuujtOoLBatZUjZ3MapqwWppbtOvWalhFuWGnKYLKUKpnFoZN9XFI2Mrq/htJz0szo1QgpUS5E9tBaK2hXIdNRuFhElKiWKCJVpmmoEpbSWsiKK5TZ5YioRtpUupTgUCINaSJnNkNNUoqjIkGnsdLb1FDNNmbLTHoahn81as9ukWgoCmrO4KqJ5UhG4RJQSU2uIiNLcXMCanKWGGpOylDLrZ601CZIx062l0dQUJEQYPE1NkZQOtyRqCCWyDRGr1TKilFKas6YkE9HaVEq0zKlNTktySyKMQimptZSYnBOUEjW6ppZJjlNXuyi15SSDOhxAolmdSeN63cJu5NhcS4QykynV4US0tG2rn5eSdd0Gg6EGSEaRESqlujWRDWfLjCglit2UpbVWSikRLbGJKKFQsclawi42Q1urKYhhHBUqpbZpTIha0ri1CEUYFxOCKAVna5OIWnsgxymZVEpEacqwI4TUWkrhzFChGvX2lM5xmoSiFIcKkWaa2timTNuSnC4Rql3nTERQ0g6UhNQyjVvUQtp4bC2spGUbkyylI42g5VQmZZpIZ4Z6qcxmtkvtANITDtTNFrSWrc1Kp4goXq7WbkEXkkBdXwJNbdCUtavTMKzX6+g6pGkYazhUS42cbDcbo1AGWDFNrWFFdDWIGiQtEDhJyAQ5CCQ0jWO6ZTbsKEFIbSpRpjR2KZ0Dp2UrZMtTji2R5ESpiFDBUxgbFWFCkiKdkbITQlIgpykRqOGIAMapFRU3gCRtK4QbYZLMIS0CgcGgIMBWNqUdQcsQjlBxEUWluE2WSxcxdZmtZZGRiBKoBJmZLUeb1lrXdVIqFFWtlaqwmw2kRbZJpXR1No5jAauRyKAoIlWcWSJaYnJWi7IN41giIroSoDBTRLHDbkHUKhrpNISdJkF2qR1ukjJzGNbN9E2mRaml1HRikKNGIcahYUg3Ula27PoOqKW41Gwt01VRFoWkpZWZihK9isZpymygUmycLcfJwqJA1oiW0zANs7YwWAnk1EJEiQljaC2hRE3nNGYthMItLYWUyE7bjhKOiSnAVsFC6TQ42zROChmFEkVXS7ZsmVGiTY6wnaEIvJ5GN4eiRDVGtpVOCSzkTEeJzJxalhpK0m1oU1d7uWW20aNUahRLAklRLEmQuCCLqJ2Ns6mrOA0ROG2nLEsyFEWWKIpSSNVamlMRUYJMJ63llFPU0onEmc1J13eZgKMUGWemJ2QhQkQpskEJTlnRdX3pgNbGoFIsjAxB2jlF7RCtuUgYSUWa0hjsUosUmciWyZSxIRTIiFBgpafMLLWM4+hsUbpaOlvpEUBq0ySRDex0hjA5paMggnQU2VgJsikQMjDm6EwCVOVJSctWSpmyKVFoVmYtcximqWRxVS1FbmlEX3oDZZDCiYPaldaaJIqGcaBR+65ErIcBmhyl1CbVEoCNZE+pEIaSpDKzZRMQhWy2oxbS47AEISlIM7QpM0HKqauzUGZzlGJbchSlM52THCq1r86MWmeo67qWI0TSSLfWMEg2kkLRMqfJKgYMmQ1bxoFps9lceBjGacoSGKorUaQxp7RQjSi42UHNQrMCIRuEitIu0qS0DWGTjcxmN2cmdF1XpJYWamlkS5GUcJSYJiuRhEUYACsIBVKbmmqhDePUVETzehi72kWJkHJ0FKkW2+M4dbUKuTXjKKFS6+QkJ2dIkgRpcCKVkIxNiViPYyhLN0cex0lSqEQVqVrLNDWnNZNatHEaM4PIhk3fzSQBdmvTlDlJSqv2QSgixtXQ9ZGKrpsRwk0RbiExm82mcRrdisPjOIa7blZKtDbN+lmUWK9XbRi6rtaorbZ5109TU0RYR8MqR9cuQmrp1iZD2NlGlVIUU7Ps2pUItWYkSYrAtkEoqRKqUQLUmoWjhu3AtgphKH1f6hhEtpRStfSzOXjMdE6KAESRTEQY8NjG6i5KKfI0NZVSjKr7bjszq+1au5CdrrXWrpdYj62E5t1scBuHwZmGKOGQ8ThORSFlKZparlarxWKj9HWapsyGsmUi2qSIEKWWMEQQEa3VGmmxWo9RYj2sjGbzuVG2qevCSU7NqMqZGnMcx6FE1H7ulrUEmeOYKZdkaISIKIRzbCpFQabIrH2frY3rdXZ1YzE3nqaELKVMBEFVZLa+djm2NmVIdtbohDJbjQCbDAV2w33XZWbYTSinUiU6Y4WcHnNyJivPF3OFjKUo9hStrz12aw5JEbJKQVFQjq11lYiKijGQrYVUSilRIk2FFM0lqkRA2iDSk1tpiaoUUZjGMYIolAyT6SaIgFAE4GzNqI1TG0cgzEgmRjG5iVCRTVq2JTe31hAOjCKbKNH1HdhpJHBrDdtKmkLYxipRpLBznFqbspQotdh2TlGKiJYjiq50Tk+tZWslipSNjAgF2RooBMhuWIYQ0SFsM7VmIqQSck6ZbhG1pcB211eZzBRFQDoCk1Ulw2TnxMLNU5tKRimhYmeK6PsSYbfWdUV4ai1CogC2p2ZkSchTa8pWapUVKEMdSuFmVYUCaNHGYQrUdSp9ZT2MU5NmpXZRlE1NI9mC4sAZtZR0G9erWe1JV5Wu6w20lmMjQo4IMtNFQaklWmYpJUrYijQlRAlJcqiqRlAyxmyKAihbQy4hYGxEYWxNUl96WUMblQBRawlKdG0ax8lRVWUHUUpXummapmlyUko0muyIIKO1tB3FKjUkt2zpUCZBZtf1JWIY16RxpJshhC3LXe1sO+0wSiBbWqQdUaZhXE9jVyoQ0UmKAs6WAAqBawTW1IaiYjkNTKU5lRi1SFpCsRMDORFkOqfmzCkiaqnjOJaIKGppSUJSZzcntmy6KkKZ0zS1LmahUKhTjzyuh9barOujKKc2tWJbRhRwa0C6JX2t9npKVU1pbGxsukLamVK0qdkjajmlFPO+OrN2fYlSIlprw3oAqSsUW5FqSLS0QGkLcpqydkVF0zBF10VquV6FiFJQ6Wo1bWqtCCJKnQ/rdRsnQuGwcxon9dVEUYCE3AKUBMiZEthWhFKZaSJMkmHnlM7MBKdDIkRij3YhqmSscGtGiYRMFjlVwITkgLRdUdphqUZEMLVUlqiSxmnsSm1O0gQIUrWUtJ2ZmSVLdAEUBUTLxFH6UqRsSRupXYSUNiC6rrSppamBIyVCgaJlpjMUESEooWGcEFGi1iopk3TmNGE1sk1TRKkRqQBP2cDGIaXT05Q1Il1LcReTCVO6woSg2USiKLVrnhSxtbUJTIlCAa0ZKcLGZA0iSihbE0qLaHZrrSgAW2EI2pTGHifCUERmqtEA23K0bIrS9306MYmNpQISQhpbkk2qJZDdnKQdBdRoBSmqLIptRxIUwE0q0XKKCCJELUS2DKt02DJyUkJSEcgoQkopmjKMUYkAJJzGJqLImUq3Ng5ZSk7jlI6CIqMWZ9jNkiBqRzO0nGS1tLNlV/uQsthpIUJk5mRFtGwmp6nVUkopSG2abNo4llBYljJlWiEAF5Baa7IUqtLQPI6rWbdIXPvqIEIRxZkuLshJMxGRbtlQSJblUElPmTipVU5lThOTcVBSLZ3pyLSzObGQjIuDKk1Omo2tgHRmiq6WRCSlds1kc5hEJkKUEhYY54h6MhRJpsEoJcApKOSgUNSwcGi26Lqoo6daC2Q2IUIZlBJ1yqnrigIybUzSKArkGsVTNmdRULCx1BWMxmGlKLWUKKUrYSHTd13LVEQUeQ2SamnrKaeMoixhm5DldBaTVmYqwhGhakFOOThKzPrZqGFyFtSyRWLhaWoto6h2M0PLVimTppZpt5C6vm+ZLXMaJgMyk0PVJpOc1rXrC4pZ7SJWw+g2RFc3+kXLHNsoD7XMQjEFqYiGlDgEQsY1SoQmphqdySmTNEEpvQ1uVoSNiBoKaZKVisg2xShC2cagQ6ZJFWGbth6iFCU4s7Sq0myZUmIcx9Yy5oVJNRSKkACQM9POigrR5EKUCNXaWooQaUfQuq6LqEooExGtTbXUUmK9XE/TEKq1lqjV6dZGoscuMGCFolRSDleFam+n7daac6J0aWdr0QUutYSMuyqgTQq1zPS0XB2B5ouFgohOaBwmpwW1lFrsUrtax8wiwk4TipZjkbpanK2Nrl24OceMrspCWUpt45RuskotLZ3Nte+cLad0ySg1m0uRGpmZISYihKIvmmiZbUo7W4iuL3YpMlCi4ClqyXSEa+kilBOZ09SihCNRyHaUqNElShKpUlRozqk5UEJViaIGMaSQpOZmR2YGKDo7h/W672cSU2tdPzdyZgls7EbXaRgIxvU67VoiETbYbYpaIEwiokikDWKaJjlKiVK6aRhtZ2uIEtFaQ5ocUSs2VtQyDms7ay2Jp2mUwChEI9Mtm5tbaxHRdR2BjdMKGVJTqGBIRxTCTtlWupQAhIMoXc0pE1pONbqGW041ghQRxjlNUcJyqDScdqhYiVyKXNWGUUUZojG5lRJRq9INhSiO5rQpEUbKHDyVKAoFhZQEKVVVdenJSFH6iCglUHOTIVM10lZT1KrEUi3R0oTHdUaIIAxdlcjRrbEuYwRSoY04LA+tRbqUUqK4TRFRShQiam3RQtFatikpmHQmyTRm35II0rVUy+A2jqXWtN0y5SAc0LKWMramhCJJ4QiUbQKp1iJbEhhlTkjNDtxSEIEwFpZriYRC2hElInNsLpHRdbO+U2jKcXKG0lbaEWG7KDKz5SiHWw0FICSHMMjpMArV2tlAQjpzyjGqKmqtEZE2qNQAtXFEnnKdLaKohG3XUiJKywnLtPU0KhC16/ooIROlCrdMWcJCLpQsGXJrmJZZKbXWycgGUkROLSk1VEKhMFkqTuFaK6rZxmyTIoDMhtXVKtGVSNnNinBONXqVgtzSbUKZiCgSgQgBtltEARxMbYyMWqszx2kqqJaOcMhtSmPbtkqtkoZpPNg/2Nre6Os8SrjlOA2lVCIym1Jd32UqG0U1S0YKFKFuNuv6zpBOcFfCcqo4JwiURkREtnQgR8goxyQkSbakxDgpYOWUApVSoWWLAFkZibM5QqSBAiCHA6UQOJGIUhRCSEpjE6EUMqrOhJZRIkqZshUXIJ1taiouXa0RthWamnI99LO+RBnGsYZKP3OMAekpE5obOd+YM7YxJ4WiKN0MIdm2c8qmVDqdYBDGpZQoJSIKajm1aYooQEitNUVXZbu1BqkuepucWqaggWOScO0qRorFYg50tU6j04BBacsqxWnUMgWZLa3SwlEiQkqLzAwVKQmRqgIFQKkRrU1OR0TXFeNmSpTiWA+DxiEKUJJMu0jCEFFUhCnKSZFkplwjQuFQJqQiwqHRCaiCbSKdFejCRi2wBSnJmWoKRWCHQhBSCpQk9LVCpDOdNSSJzBR9X1uWNozpVrpZdaadSVFipFJKkYSIqrFNgUmVcJphOFJRF12pFYSppTqc2WyRqqWUiJxalKLQ1JpqmCy12rTWsJDAUYpsBbaKNGULO0pRQRAJSaZrpzGdo6OrCmiRCSmLiIIkZUBOdktCXT/rSj1aHbo5oQipRtgGRChCAZOz5VSILKGk0UJhO0KKolA6Qqiom3Uahxbh1vCkUDqdTaoOWqoNUy1K6CLSloraBHSFEkwZEdGIArX2EWp2Va3z2tJqpoRSU2uKUkpprcN2Fc05NXXhloaWkwBkERGYMCidnlorDnVRoxi3aZAVtaBC2lKSObZaStTillJIEVINEgqSRGapnYSKg0pEtjaNmTiKjWe1U+2UXrd1KARd10XENA1RYjHrW3OoVzY3Jk9p11KiFOaziAI5TpMkQ9TwUIbV2PddqZpa1hKpvkrDONYuahZKKVGGqTlpnlSylBK2VILICJgcTIPxGCo2tdZaa7YswTQJZwIoxymYMmAiCq25lbG4U5S+j2zFMQ1TWnQqhMZx6GonBWBQyEXYRFG0cWg1SsVu00RERERK4WE9qtTUZKt2lRI1gmg2pXSyFGF5HEaJUspmP2vKqQ3R1xI0qevKhHO9rl1nNE3rQozUzGbo+mp7nIasLhQXgGypUiFzmhwK1XEa2uSuL6HI1qJip42o842NtGotStbrdT/rSy3jOE45ekjjUmpmqsRsa3OapqlNiYBUroZRIAkVh9o0QS1qdqGQY7ZsUol0REiZrdWuhCIzIlyipmylEzKjhiyTadVSMwqyYEozZtRWqdPUJjeCNjWSrBFuE7bpSl9qKUVt8jgMRHRRVeRkGiehCUoU5FC2xFN2XTGqlhVpB4Bay2ytFYXbNLVpHLu+D6oDZ65HlxpBFS618zTYCCldRFAjMlNyZia2RGbKRZ3USogJq+KWY+Y4js6MUpBqhA2KGqEINxuaUtMYisV8vrm5eXh4uB5GoOWolKIWOntqzihlPuujaFiPQk3pnKBElDCWwKXKTRYKKMpmCSHIMGnLVmqiBZSoLVs47GankbFbJkZCKJTNaYOULrWLEM5halGKpBAUdSrNOWQCajS3iGg4jAADilAmySjXKIWRdItSigI7aU7XrgAQEhItXaSAYRoz3Zc666uboxRbIsexIS02eqHWWmuMU5YiKfpaWnPmFKV0tQ81t0iaQrR0VSnR3AylSKUYEUxtKtGFsJsUKCLCFtihKkkqlFRbDas0ksIZKk05tXRm7WpBma2lQ5DTCGnjllYNgdKWIiQHloo9TmlnLaUrpdiWyBymKSSlulIFmWmlCTkzsYBKIZU2gElEIjsVpevmtRSEU5ZLVjq35kIZWytR0k12X7tSyjiO0zSWEopaaoYquAshTNZSW8tQRJVt+hAU1ORiuSgAOzPb1EJBVGEyh3EoWdRFLV3tujaMdmYmlFIiajhtm1CXSieGJGqqhCgRMWW2Ycyooag1JKmUJCjk5ClbwQqhmM36NjmzhZStZbYoRYpxbFKU2kutTbgQESnFlEKSptYsLGqUkFpzg3ntLG9vb/ezvnR1HCa31lr0XTWZDWiKoigVE65Ei4IRgEsJ42GYgEKM2TCK2tIBIrlCYEBFbiVatr5Wp1taIpOuFEljm2w6pyLIDAXYraVt2SrZMrNJSjIgQna2pghjR5RSYpomTHMjsRzIqI0WRq7qrczW0pJCUhQJr9ZHKptVncja1cwpQuPUBFEKWCEZqRZoSmzSVijdcrQiW1MXESEp021sVASBVDu3BhiyTTRFX50JSITVcsJBQVJK0zBJ1K7YCGFPbkVhpQSAiU79bA5yytkUZXJThnCoZiSmtSRwJlAoFlGqbNm23ZodBQhlWmARUgmhrk2DoBkZt2nVshQVlMoksg1RSokAcEOAE0kOyXhKd7UrJVra0zS1DAFhIxJQC6xQGDuiiNZahERkNimnlk66WSWjeWqjo6uhQri1FGCsbNnAo6iUKbPrIqKEqHO1TARTRBECEyEVKYrw1NrYWo6tdsWZoSh9ZUyZKV1aRoRJNVm0lhiFMh0ykklF7bqaNoQJsEoU1DKbs49oo7suRJ085dQiYl762s2gtDQQITVnm5A8DKXUAk0oBMhOT2RQCjhDVWWaWoSkAqkCaYWdJlJSKR22kMZBlu1spmUpNSJAgdNk5uR1V/vmNhwMxiWiZYYURIaypd0kRQgbRZVUSohwqTWAcWwougAUtpyKIpPOqYFtqwjEMLbWJmcrfYez1ohSpzalp+LmKDk1myihcFjOnKYmIUWNsrGxlTkRSBrXY6lFBaUUNLdqFKFxUo2+RmNSiQ4ZbHBaCiJlOdvYopSUZQug2Qp3pVBria60Kas7UJuGluOsn4GcXreUUyhRVajTsB4kgQ3CImazmVuO6yFqjS6maRhHMmM1jkXMZrOpMayXihmI9JRja1OoBEiREkDaxaRNyWFytsmazWppgoAk1KZmstTAArlZ6ZgiPShU+tJFkTV6HJsLSkfXSbYtFdfoQ0o7nVMKm1Qzi1kdcGtjKGoJuqhWYJparlpXC+FMR43mxjj1fR/EsB5rX8FIbUrJhsxAxqTT61F9t+i6ULTVahrbrO+odRjHEur7MjWmNgGWo0Tg0hVlZFCqBG2axpyq68jYpimbe9XMhu1mF7XmCErpIrNEcbWHxNmVziXalMM41hpTG92ylqJSgtayyRDqVAYsqZTAilpmCtvrYZzNQ6nooriHwDm1VkISIMvkJPetELjJmNp1dk45ZWYJEb2UhZiKS5tgmgb6KkkTrVd1AasQQ1u15q52pZaIwGpuLZucllS7TpAJRInMtCmlBjgyMwOPNDsTMzmKuhI15qqhzK4rpW6iGHPqSm2e0vI6a1dD0VqKAmPLhkKFdFOGbQmVSNINbCI9qkRk2E3hjFJaS6GUQkq7ZUpItrCNMiFQGzOKJmdrLiolmskanaJUOSGszBS5HgZJMk0tLEUnY+ywkgyyYZKk9D3NZNoIkFom2CEsnFFqRROoRLqZKBHYKU0tS1clPCWKWiDtUGuOUCoUjcyUaNRSTRPCDSJLKBsoQoNGJyJRSFbQxpxyiurWGqEiDWNKKOxmidp1tuWGS04DtcqSjDMjQ7WRmVlLSUuSREQXIRuUohCUUlxAuE1pmcy026RQSEnmMEWpxqHILIoIoQgsj00R2TIkIK0SKlXjlF2JZnDWrhM4G9kcgRNQkQmFhIaWsm1JNDukUkpLsEoRIkAq6SSZyAjN5/Mcp3EaCTCZzc1JZGaEQC50VNtpkpSjC1ECO8MAQiHBNI5934WiOXNoEpQotdqOMmVmiTDYlsLQ0pJL1FJLkazSxpa47+eQrWWWZtuoRGQ2T802tarEOEyYWkuOObapRsjK1pBKrfNanJ5ayk2l2AbVUikio40NaJm1BFGUbhC2DYpalEJpS5mZkW4FbFuBJztB6VJswK2hqtKK8EjaAkVRURmz1VpkRa902lmkJiUGG6UhHSERETmNw+gaVtd1oBzSmVHKrFZLSLWUsTVyCpVa6uQEqSgi7AwztVZKbG1vAZMdgc04NoUbxZMjZAM4ISe6WgJbThQRGGcoDJb7rs+pZaZKRISBZAqRU1dmU6bliLAl28gGI0MjRcE2rTmzldpRHYRwNhtbBjUyp2lqUz9b2DkMwzgOs76TIwiDnTZRChBVbpGWpynTRAhURBMRU0tJitJaU2QpgWi4WAgraSqlWIIkPAwjSBAlcrXuutpHbWIcmt0Id3JLkY6iEtGaVRS1BlPXIjPHzNrXaRqnYajRb87nYJwWIYoKNmkzkVHCTaIZRRQQ2NjYIm1ZFqjENDXCspwePM7rRl/L2i2nnMYBWURgMimlZJ2cgqJI2ZOFLABQmzIiotSqqZZikB1RSkS2TIkcppZAqR1uymw5UisZzQ6DmZwRwhkYoChQ2uM4lVoi1OwcG1IpfRfK1khUFUUJtNbGKcM1uszEFgoJRQTZPI1DCdkIJdkmR0SmHRkKQ6nyOE0hRQ2caQDATOPQlXmppTW3cYoShkDk1ACsiIhKujUkbJlpHCZB1OLWQiCpALRmYSwkVIxLFNthOwFDSDKJXSMys02TnbZVjFVQw9lst1oKxjC1CYWUlgOIaEkEEmO6lGBUG10ikcBGrbWIIpzOcDh60yCMaxdFYXDLzFSnlgZKhHHDTsumBBLgJIQpUVUkrFamqD14mlpI2RKlnV1XnVNapXYSQnZrzqIoUTNbOolSSogiK6HfmHe1jFPmlDXIyetx7PsuoisSobGFEgsSlEJC4zQKlT4smrMIZ3HIRFSBSonRdJOBUgvGTUNr0zTYIHBrE6WgCEWJUN/HRIaR3TKdWVQloqqla1e6bmYsVCNs0oSy63pQSM0ep0lEN+tEZpOQg9YmZYlaACL7vleJiJKezDSNMmE3IYs2NdxUo9YuDa1KJeyWnvf9ajmO69V8vrAzGxK2ulrSBDQnbWwTMqVCy2EMFLX2mapJEBwe7Jco/WJe+45AU3b9zDjHhjRNExAF0rUEUVJpB1gRbhPp1qZpyr7vJiuKKNFHsVU61aRNLdqEMxTZmlBfZ+v1MjTVvi9OQ7ZU0HU1oro5uplra2lPiTTSenUqZLMKyNM0FGrfzU0a9bV3l8PUCgJP2YoqbkKhYlnYlBJZItIpTwVRS2utRi0qlnNMlYgi0ZlJOJOcprQjwiSm5eT0rJ9na0QUS24qOKc2Zcy6qtIgs5UaViodjkSycTa3oqh9NXJOLXPKFvasm6VsmIYpQihsj20ah7GrRapRiifszBRW6WqQpEGhaG5untpUooYEEigd0SmaWzaPE5NRlBDUWieRnjKzRJYoiRSKVEba4FStpjG6FmUjSTCUUhIjOZsIAdla2oFUSokofWnktBr2p32UadeISWYch6LW3Ctq6Sm0ccppIh1VqVJkR6StJAK5NNu473tsgyKAOuuAzOxmfVutFZIl2XJEZ5rtEqV0kS3DEFEU2A4L2SYUwqJluk2tQTCLanIcR5UgCZXGxIRlObM5CBEKooQcYbquH8cp2zRfzNvUMODD/b35fNHNZm4tyVJDWVproVJVIO0SChxRZNuWcUhR+/Sk9CSEUIkQ2G5pO9OKElGCsaEuu+hTUGeRmTnNZn1aRA7DmHaptevqOK6dqqXUEm64IhKXAsPYIqSi4lAN2w2kaFYttETKYRgyKUF0tU0pWRJWKSXkdAvNMseJrKFu1uNcD1mQECVoBKV2ZW3nZKkZ7BAqOOW0BYESj3ZJhN0SKCUwCCQ8ZiuEFSXTnqYkBZJxWIBLqa2NU2shRYlSS5tMUZIpikqmQ0RIqYTMaXKGQiWUIOGWNDUR1Yoc2liYzwoU0wgpldhMbqJl1AgFRLEaGQpLZMtMKYioaVcLMjNDYTVSJUIRyLIcSdpEVBW3aZqmqVOpszoO47jO0smoRKmzOo1TTpOizPpunJozFSUcmUl0UQppp2pARFjpRI6int4tx2mSwtMELiVCiUq2tJuxUFEppUzNVSULmjJckJKW01B67WxtApDpcDrtTuFmlcCOEAI5jU1zSmGc6XRiB1FKRBTbXa1Dm8hUqWFPwxCldN08RSAMheKIUATDOKlETKkSQlNL2pSZSCFJMh5WE1KEQoEkLAkUJUBtcssWsRm177p+WA9tmiJKVUksEyVaa1Egwq2lFEiOUosNToWKihQlaGNrZBSFVKOObWxTm3XdNLQUXe0oUYhszW3CEGVar0JRSk8Jp92m9bhGmnc1SsFqrdWqptoVOd3IZvpZZ8Xxk8cAkxAkpSihSZ5cO0NIrn03TVNrSSRImZaMMaAotNYys4sShWEiomTLCZVSulJay7SRMjNKl05EkKXW5nSzoqAMKkpSSQsiSsFubUrbdldqhJoJKN3cHpaQckaMOSBhxmlAgQBKKVKizvY0tYBawyjHoaWwior6Mk5NrZWoEkkbp6lNre8qpTik1oi0E5JUGsdIK+lsrWUSQTYiSsiZiV1UU4mNNZFtNUVpEVFKLaUohJlrBmpTUwkApyA9tlRERpT1MNVOUSqtNTONk2hCpYYMNRqts0kJIC1URHXJglsbG4WUBEQENiIzcbTmBAPGoMjJI40gSiROJwm4KBoZJUDQ0pTQNDVhRUxtChw1WktwRFQBFWQyszkTQYad2TJVHU2UzGxtihCXtXQIWwZFsTPCzpzGVkoU7EaGSyl9V6fmqY2giKJQTm2axoiOKBZVQqzXQ05T13UEUjhaV3un29SEMSElmS6AbSNZ4ziWUoAkKyXSExnIUGRHZ2U/62yMVfrIls12U0uVomRq6zqbqbVmMODMbNZ8NgNN01RVWma2JkUpajlaBayWRIFATkmt4YhQYGcqJDO1KVtrcozUUlUAI7VxlKKGnFYJReY4pWhjK+QwDrWrXemMbaY21ijTlJPHvnZyl8o2tWlYr8a2tb1BIRSK3pltHCIi3dRst1QCkrMBGVHHcUyY1ZLMJk1qGVEhxnHdptbVPqLVIGj0/bxGKCKkKF3z6OYxx3EYF/NZLXUcppapEuM49LN5uHNObfSUY0SqVFmlVnVRiWlMCUmHR0eLxayoNE3jNNWuC+RsFuM0ZtrOHKeIiFqmaSwUpexUUGsHxZmDSwFCkDZGyoZJTLi50bLEZAKmnBwlJPVdLbW4tQkjSwRFgZpbM4IGRaSDoEMRYxvGaezUIYnM1hCgcZykkGjNZBuHJKgxtskUd6WLEjgb2XC0VgvCIcmRblOm0DCOEQpKRCnSlKNTEjZqGX2vouJwpj3ZYQCR2Xddrd00Dc1ZShSKMKEo3bBapaeISDdFITOnRiWiFDnNOkeZ0kWJMrTmTEUnh8E2QFIgHQpJdmazI0qglMmWmahIKl0IpmlSWIRpSP2sm6YRKRwKhJzOkkGpqqPaOA1Roqtd1EJbj631pabUnLO+azhTCtW+s+10S1BCghRymrSbW7jWgnOaJgALHFIbG1at1ZhUSzunULi1RJ6c42hLpXhqbcooqJSw0y0tsFOSJNutucppoohhmpBKCaqwBJIMxp4sZJRBQBRFzKdxqqHJlqldjySiaQoSYspsLVNuOaEITKhEAUnVGtvoEI5szWSWCBwKkEDplq1NrSmoUaxij56Y6uQIbCmRxokSUiokQDRbqZDJzFYLVQxKiFDUmsPotA0lPUylBASSDUQJnBlRAiCFCuASkc12tqhVLomNZGVmEAkq0cZcrZZSOCLN2Fot/cSQ6a7vbDITyNb6rjQJu5hkcgaybaAQxlKN2kmaMgNFkcAtW2sllAqFO9RAAhWYUDGKIruVUKVacrZsY0aUCBURGVkQNkgoMdOUxtjpqXbdxvb22NZphbDktCCkRKXv2tQKUhTbmS2TqBESYsqsarXUFKSNZZCRCp0ACRFpB1VdZmuewqEoxZmybYVKV8DCERYA62GsFSAUKbI1WYREA8tyWJKT5pzciiSK09FHH70zjac2hapCzZnpUmMamxWiAK0NRJVCEZmJPGUyTp3Y2NwBmqcSfToLsi0CSZDgKRURgW1DEVI0J4ltF+zI5nEcu1lXuzKOjak5FKVrTFNziSKcxpONFXXKzLTTtpky3SKKQl3t0hkhmpsdXRRVk24mwInd1S6nqdY6tem+u+/ZfMR2Ts3OTE8tlVPShUSEWkaErJZGwo2sihyHBgSKUqZmR2tTYisUonYxONuYpZY0CZgIikrLTFy7gj2MQ9fXNraWDbvrKpRYU7oCxekoYXm1noIwgQFKlHQWLBUgosXkiSxTsRygvhRFs92yMSHVCEeoTcggtchIWTRBliqgJag55Wg52bZrpNOgJMkch1qrExMN0o5QlKCpeUKhHCMis9mUKAESrY2tGRBhT84ICSiBhKJka1FiaiiMsJtUAKNSIlRlgCI7OlCUogjLytEZKo5QW7WWqRJRKrhIlOqmcRqwuj6kKkfKJUqZl9YyjDW1bLWWUmIcxqgupcucIGd9r36emc3pbCJCZWppEyVKSFKbpvU01VpLKcihYkklI6qSUXJrpZZautV6FWkFrWWXagWwIVuWkhiNYY0GQ6CcmpAst1ZrlxFKJ4pwGtsATlQQRYEJp3E4LSUNhdMhiCK7tWY1qQQuFAoxTaUUTCptIhQhsmTQEikJqmoqgaIwIVuoSbgB6UZSarWyFDXLxpnCEUqcU1qZrbV0iCAsIoJQtlREFINAKKfJ47COUlQi7alNfVdynJpdasgyiq5O62FqQ4IiArtG55rNEQ6VbK1lSiIsK2rNzFpUVMZxBIl0URgcRAnCnqLr3FKlOlshDEBXQwrJSBMZoJBCwDiNXVqhaRpLSaBGKZBmynEaW+k6ma6vuKlFhiNFiCjZBpozWqI+atfVjMyJYbVWRC3V4SRpsj1lkm2yc5yy6zJbZo5uyVRr7UppXRfZcpyaq5kyp1CkiJza2FEcWdWsKIqsXQ27paejFSVCi5bNTpuWLZS1lAh5as1UarRxDEWpxWY9DEVj3/e2c3KNEqHMNk5DjcCeMrskCqX0y1w1EpcSMevmwzQWlYiqXIsSVbUVSaDE2OlGw85SKuF+3mHW41hK6fpuNp+TzeBMJ+M4SQ5F39U2tpYogiCCtMIRooCKpqyTpRyJsNuYLsgKj1PLKZujmhauQkghMaXltCAtSYVpam7uuooDHIpSirFCEVVSRCU8DnZkFePUSjiTdRsDu0QQs75zZmstojS3rghVaODiTnIzlACrlXTDykxJOHNUhCxFKSVKy7FNRqWrJYrGdU5TK/NeiiQloSxFbRQQlskShb4DSoQh3cJQi1tGVzootcuG1QC3KVNgg7EzjbAhWroISaWWaQo8hatlYwP25CxCLumEEJQSSJmgMScj1RJWFBmwLROKrtSu74sZluvVeh2S5Np1VWWYhohIOySnJBIposoDrU1DNqEwBoxBtmvYfXXDcjrbuqlQo0DBcsuWRNCGgRBOsoRkC8l2oJat67pStR5xtqi1wjhMpYSKQoGZ2jQV1ag0KzRla9MUXQ3VnNrkqaiBkogSUmx3244UQdbE03pMT9PUKNSYSVaU5mzZgnAbbYiQipRJqgSoMZUoIaVMgiIK2dKmhKRQuNaCY3RDpajJbkyYUgsEWCWqlelszeupBM2WaJ7CUg1nhiJgmBpgrJRC6XRmKWHTPEnFzoSuLyUqw1Si2G5tKKoRYTeiTNNgLBULp1VUwOFQCGqUnCLQlJmZZKKi6IKWrQFFXdIgoMJ68IRFTrWE5YKQBLXERKdwQRZuOYUzk0aRmiJCIY3TGCUoyjRK41ICYspWLEVVOJ1AQDPZJqOIQlihwJNbV2ZgZyMzk1qLZUXBBk3Omi2dTk8tIWvtbJypWixIgxVh48xGipRKZoNoOKTMKTMxKcskKcewnqJQSkglkzaNOQ0WEUVSRNiKwHaKEkpUTBY7jZxWthFTZjOj1tDYVDuLnJBl4cw2TqWEUxYioU0T05jq8TQpShgycxrUdUpmswDa5K4rDlGcrakYy7ZJlQJKUqiLIql5QqGIMICzNVB4GsbS11LKNA401VrbGA1CFhEF0hYtWxsnm6hCEqVKXCHVqJgxxxKl1p7QOGYGBUuhgiS3JknWk5/8lIc8/FElvB5Gifm8d+ChRZSQppymNhUUFFVNAxkWkZ7cHH0PLjWwXTxNVBin1lpDwpbtzIiCPI2mm6bMnNJFIRNyenJiK5wpQdRSSlUEQUg2xsZMHtsURUQAGZTaAyLoI8bJzpBMiGh2aw17mqaI6LvOzklRQulUKIyTKRCBsT25KSm1BOFwKNJpZ2sqAZkQZBZFC9FcFLZymhRFyG5RwwZZltMZgEzINonDloojA5jGtCHttHGq9aUaqdGykalAFgpDBKYQmZl2FJjG5maCKTNCSNHVvlSUmZKwZLdQtGnKsUxedzVK32VOniLdkqhdX5wE4GjhTBU3pzIjulK6qE1jNsaxtVq6rpZhbNOUfV8jojVPOVVqLXXKVqRECoZhjIgI1dkscRRJSkIRpDNdUWIClUgSTKg1lxAENkgKcLNzmvpaTVgAoYpsTKpUwFIQYbdMORSBG9gWEeFwGFSwsGipzjalryJIK9XIGiE0tqnvIxyZbpkoFXLa6SlHuykiDAiotTaSNtlubRrb5IwS7ruqEoaItDsyQ45Skd0agadpclYpk8S1aJoa1qyf11nQnJmlhCIaU8sW2acsKdCsL8OUocROsF1CU7ZQX2uMLVWDTEREON2aQ5qiGURGFHIyLqUmQpJrCRkEiSY3iShRFc3ZmktELTVzcmaJKjsiptZElFoxDka7RAmS5ihRoigwEmFlXwp9qRFTmwJco0SEceY4jYpo05iZs653oVBCnWbKltmy9p1aNkmm1FJdU604cLYsi35Bkri1wXZOqZn6iNXY8KqvfVb3dWbncjUQWULj2NyVvp+LDAuFeo3DOI5tsbVR69xlalOr2RqhWit2pt3aKMU0GUpRRAWNLRUlSklSEethlbhEcbrvZhFhtcSiqESgWqozc8qu9rXWYRhKyKiNzUntqkLhImkcx9KVsKZhEtSuRJQIrVeDM6NGgtN2QpB0fW3jZFRrNTmO7mof0aZhyqAzqpUokE5NHkRYblNGUFVRqCSmWFNSsASSE5RRS0Cm09lallKLPLYxiFKCMKmIMp9HjtPQ1qXOlbhN0fcCiorKkKPQOA7jNDmz1E4SokRZD2OILmiNKBGKaZoURCmJZSUpgJimKSdnZulKc3Nzc+MyBW2dpXhs2YbR5DS4n/c5WeGuq5kOVYtuVgJJDNMwjoMVYEfhiuiK2tSySKUWT4bWkpBVZCkIUAnSJRO3FGmMoqIpHdE0hbFCLbO1phKyqKUqmhSi63pntvTyaJnOWd/XElhr4bQKDnKcJrcoGEtyZinFkW5pIsK19tkmO/uui1pay2wTZESxM90MIZUoLi4RyKVTUaQpNXGULlC6yRGKks5AikhcayeDFUKohBBq6rra7LSlsDKyEs50jhM1qqpUlC2dOTlpDnV2cSAmO4fsarTMYb12Zu1q1K5E1FIshZWZ05QW6anvZl0pLdOZXY20MaXWdNp22s6opRaNCiksh2UZKUrpFMlIVpw0GtnSCtsh5GxFcilTTqIUKVsaHNBspe3JKrWmU8igdAOJZmPAtmVJ7rrqZtvRRU4tm4ksEW52NimyTSqUGpl2ywzXrgsFbTIgN2cEoKhds9s0SU5bBEpbfS1DGMBClslsEYVCuEbQEtKQlGKHSZwRKJAoLrbHltPozjZ2piIiIhRTm9w8hYMmsCQ5syVIpYRUAltoaumpuZSQEkkRotmSrMwGoVBJ01pK1BoREgSFkFG2aRqz1CLSCk+ZBlGKAzVlGLe0bRMyaGpNotYyTmOO1CLVhj2lM1utpes7AVLLCbtECJWQ7KbEinST7SQptUtnEF1Xx7Flm7CQVULkNDUiois5tRIRpQhorXY1QnYhcUsXj1ObNSja2twEraehm2ZkS2Q8NYqSCFoaFGayyRbQTEiZyBExNbc2ASJMMk5d7YBmajoKTEZSkFNigCjV1TQbFZUIOUk7FFObrAA705SW6ckGsqlWQARpQvN5vz8Oz7jt1myudUGOpnRdH9Q2G8dpcgppWg9ZSq2hlINaSy3FQJeePLjVWiKUGbO+tGxyupG0CHW1R+BMSDuFHKXaiaJ2UYZhFVLXzSxPLYuo/ayGACPkoujUWU1SpSSpbMaB7QSmzEgSmWlyFZabTaGkJkkRzkxJJeTMbCggrXCEIHA2Z06t1hq1tNayaRbZwKgUsBVRFYYMwjQoEemcWlZJwk2toZCCnLCcmTLCRHEj08itWXIohrYms9TS3Fq2PnohSU0pGwm31iIKKFprDgtDtja1aUwjRbapRJX60lmpTAMtpxybQpJKrV3XGdYHR6kybwWFRBsmm9J30XfKHIbReMqWQ5baZWMcx5BapkJBqcJuOWUJxinX4zgr1aXOZpRSx3FIoESUkpNEZrpEZxjHaVhPU2vdvEJmG61RguZiagiKSSzcTEWtpZytn9fWgElgQBkNSpRmIiy5pBOnrTGipBWkKFiCzGYzFBcrVEKJw5IbLW1nVReVliQuaGpTIIqGkSgZEoVxymwOySXsNJLkGm1trmhQiCZSQTTZwlEkkWmrRIQ0GshCdcjYUheBnZnCEJkZqqUGiUtIJZDTIiAllRItW8tJESVsAoeQkKKImHLMqZSQSpkSt6YqJ5BDppqLIlSRUeCcMiWVKIZxmqJEUcnETocKNAE4XbpiMpMogTNqLZOGcRWS+i7sMMKZbUrX0iFTo42tDctaO0RrWdCUUxBpBEgRJSNlZZsy1c/nqqF0U05trOpCHj2VFkTUErKHaexKhOaS18MIk1tGjXntbNo4qlJLN7ZpWK/DfZYRqcaYpuUYGS0KQR+1wmhqEF0/rkaiUj21LBplotQatZaokAeH+86stetqSeRsaapoLchp1vfTkLUv66HVWtowjqm+K9mmqWXJUjph59CiiyhlajmNrXZuU0hCJacpIko3s6c2jEQhoihkUYSFW8usKtkSUAmknKbWPOvLlEZuY8t0RLScwgolEhmqESr2JAnIVA1aKxR3quMwgSzl1EKlVklKt1BErdnGlnYDssxKUKaWkFMbQAERmsZxWA+l69OutbZmOSBAURsSVrZpmlIRiSkKJASZaSdTjG1cUedCmWNmEyUCISMB4ZyaSg2lnc2NkJBNa1lLGWmAkJ21zNbDumUrXS19rbXAOLZxGtRFuigTSQ6BZJpbTgnGmWmg6+o4UZxWwVIkLipZFECmkdqUdgNJmWksFEopKKHMSbIRyGBku5RSJaSwVQohGs2OUqoKEavVOlEttczlpnFaj+Ngs1Hnimqno05uNMlIFlkUUQqUAtkAolQ77ERR5DQkUZmXLoFMOxqZAKUUCU2JwiVq2m2aMqLvOrUUxTJ2LdWNTKew3dJGdpORYmqZ4yRpvV5HK3Vjka1lG5Fq6cyEZDG1VmtpraFontI2lKq+66OE7SSLumRqrZWukpbm4KFNbT1ECfWdFC0TQ9qRBJ6SxIpaAnIambKFIlt2oUa6pQpByZwM2ZrtdE7DlK2V2TxIphBKWSVKKYKmJssygURAphUyCPpaUzjT6oyLoiXDMCJs2tScU62dlICKbIxKqSrqSpf2uB4wZE7ONrWu1myGhKKitLAzm0JdqY2WY0bXpU0mkNOoRsoRpU1ZiogcJ5Npu9RSSkcbmhwRUSIcU5tAEhYKksSgElLaLcdxGkOlo7RmQamyGVsLglB0xS2nll0XQojJQx99IdJONVBVccg4E4pLlBztiForkHZ0igzbzZQaaZMAKGpggT3ZEiikyGwlpJBN19kWym7W0wyaxqmW2nWRmaAQJqZhjFBKttJNqk6cVogapEsQfZctW7OVtZauL06vhzEEzY0WUWvENKVb1r4rBGmj0nWJM40sM2UrXWchs7O5A+4ciDSOqVAnJwg3W6HEMmpuZbRRJZAynZ6kQAIyWwgixmlyUsFEmBZNkA0EOJCbS1fSGUjB2BqkAWzTmiNa1E6QraWzlg7F1FrfddPUJBWVWovgKU96YhTVWZmGSeQ4jbVgxTS2UnM+nxUFUoiWaSPIzCJK9K00mm1bITdQKBAZBCqulpyTrBJFRW0ajLoIaig1TEPp+sBRNLbMYSh9X0ux25RtGMYSZTGfqVBUoKhK65ZChJPaFcAtiUiaU7hFhC2wCoVapcQtHZkqxc0hkzJABAXn0BrOUipAyzQ41+mIwNgYARMpSZmJMlsLyyolQG1qklAq5YZFESISY0WEJE9rE2GGlia70kuSwBaKrpBumRhJqkUNuwU07JayM5EUJaapZbZZP5tSTo/TWOQxcWZUhbral0ysdAI4XUp00SlwOtNRS2ZCZEuR4NamnFxmRTBb9K0ZkMnMEiXsYVjn1KLroggkRV9iSE/DoFokycqklirSSTrDUYOxWVLY69UQUoliUJGtTJWZmJAiSqWZCDKtaFPLUAgkWVgpB25OERWmls2UAg5ZgobCGcjYpFWKSSeWisCBGxYqCqeHsak5SRCFhsLhzLElUWqJWktiFYWilBCyXUK1FmBqmaJMthydMktvG0gn1Cjh1rIZMqVIaBjS2JmC7EotXYzryRBVJFNLNUcpLW21lq3rSpRoLYXW61GFEtWmFqPARFFfYrUcpmzdvC9QFJQSURpTV/ppmlpr0cmFnBLou9lytSylZEtJNSLTqRbKUEzO9bqV2mqJ1ESzFApCZWwth8lOKSS5tSGnQJOdY3ZdKf2stamtxyhRoitFhZhSLRvgqiiRLdfrATErXT/vhhV0BPKYEgKTxkKkh2GJau1qKSVNS4u1ia6WUmprzVPLakxzOjPbpGRzviilTJnjNEXQdf2sW0zjUENEAGnk5tK1qY1t7Ls+NDNNVjZMq2QSDStMlK7vZxjwhKb1OrqqKA6P05DhzrNaSok6n5UoMQzjalh3tajWaRij66IWy27NdnQKRcupRKRkokYJPNoqtXaRY7pomrKCo9iQRi2nVrpaxGRH6WadrCiaCkUyDjtRqCslPU2DTYRqcbpO4ySmhBalKKbMEtF13TQN07Aq0VGmaYoI1VoltWm0DbazqMpSRB89eBoH213Xr4f18ujIsNn1oQDXroxjG1fr0nWhmtNkZ63FilLKelwHmndz3GSaSDenMq1pmsYytokGylpECUWhZcuGRTqNpSgqpctsbWx916E6jqPN2FoUbEWUrq+1BkSUGlNbHR3Vsi6bm0VM49BGb21tTXaUqNlpXoPSUrUEMDW3dCGmlo2Uah8OdcKWmKaWaRJQFGhGEhEWpfQlkmm0DXaJEgqptTbJZGKPmS4RObllSlJiJLI1t2ylRqHritpUI1qUElESkKNEZBnHMaJEkECzM4lYtwk3IIoiMAgImYxkGkdREM1ZqyqR0zA1x6wXqiErCjFMQ2ZGMkULlDQSJ1GQ3GzsrqtOh4iuZks1mVTUgMXGRmtjZsuWbo4aKhlUhA01MyUpamAXUfqZkBShaNlay7WXgSLU15omnSKwmXVFSIEtEE5FrR3OSZlQAUjT2hQqXReZtlNkJpGiRFc6IWfDKoo663O9zjaGRESbnLivpZQyToOxIwqhQpumBAEG2ciKIBqSpHQDk9M4haWiaWpIXad0lR0qZLZsEVHAtg0icTZbhKJlixqYbE0pqyFJpVSVqIVu9HpqTRljJkDIalCk9LQeW3Sz0trgRu37iMAmZRsUCkI5JUSU6CKYB6bZypxSRbIV1K6WiHBmkRQxjoNS0Vewm9Ipp6egZESdpmHKsdZOaoVAatlkUxVCCsnRVwQRZDqtwAgyMKpyyqioGTsi1Nxyyo4iwjJ2moCIIDrslhlIJTJbSKVGphutmJaEmkogFWzIKWEKorWp1hl2BEHYSRLCTmchZLciDCDIKEq7gCVac5Bg4ZamVRWVLttYS3VLnCnv7GwDVJJECqpxhIxIRYCxhVqnYoRbQhE1ypSSAEsRJdrUaM2EIqIgQYLc0oQiA5GZzqmWqsBAJm6WChhLcskpqTYRLVNSZtoGTy1bawLTbAx/+7gnCi9mW0fNznGaMqex1ohwRM1mBRHFuKoUVTtbM7JpoFJKRFiyCghn2ohCUJTTmNnSEW6F2jI9uc67ojIxuSWlhQoms9WuE5qmMUmcYQJnMxKwf3Rppr7MolACVLTR9YCjhIgsVqbTECWczWmBg4CQLAksStTMiVSiQrZsJYS6rkQzhmost1ROzUUFRadsyjYqKgIypDRFEXZmCpx2wQLAzkmOlENFtcipllUlpmy2bQ3jGiRFKELCbbRrRJTanMowrTVTwFYUhVQQQJSSw9g6t1rrsF6Nw3o2m3dFLjVCNqRUXKKKIlqbWp1vUDAAKGspzqJQkdokKRxRSpv1nYhxuZ5Q7WrtOoZJYVf19O40tTFKiXRzYkVEllKiIK1Wq5Dcda25FGVrky2rRAlyHEe31KzzmK5kZuJaa6FO8tTGiKiljFOTQsUtM00oSohwm1IGIIyzqUSJsEFCITVbRpIRWJRSo0RprZFpFVkZOG1QFGTZte9kZ5swCmQR0SmMsMiMWqoKcmtp0pbS2EBBJaSu25gvbJNWkYwDocTZPI5j1OjqLNuU05QQRFGN4kxLskXQ0Qtc5GlKTBFILqWQE26jAktRHFFqjZbTlI6WQHNUgaJW96UYNUZJtp1NkkSpJaJkttamULSWJWJqTW6EaqnYCVIYuWXto0rN1CihXpDOKRs2ahBdV53N6WxO2Y1aFKUUMCXVpFJ65ThYYSbbXVdlKGVYr3PKrispu1H7bj0M47RaD0NXatfPaqlRlJmlBlHJkCiFjdlsPQytOapX65XQxqxvkZ5s3No0pTW1WotKpxIzFDkWKlKUUItEZKbVdy70rU2hiIgxx65UU7EohFRNHh4su9ptzDdKF5kMw2Bn1IgaDvquG9u4Xq4UMXQRhbGtpVqimjarXe1rtpaiihplmIY2tuhqH326YdtJyxAmUgpJClKKQJSSVjizSi6KiGyjIynhqTlpfcmpISbGruszx0zXsMBSNhtDmSZqKUUtm8HFspFzmmynpRql1Aoap3WTa+0Tt5ycDkWoRBdSTaaIoLmUaM2pnNYDaNb3Xa3NWSIoJaexQa0lm8dpKiVUalFzWkhVLbNNTaGuLygCiuZIwzRN0zifL7paWhICG9lidKNlLaFaKiExtcw0Emi22JDwlI1YLY+mHOezRUTJ1sZhaumuFkW4MTrHYWo5juOs9rOWrXmclZ4i0s0JlIKtbAJjStgq2IqICNMslVJqV51eD62EaAYikhaCUqJNqRItm3FmIhlnpjByc0aTkKTJk+0yKUrXlzK1aViOnnUqUVuZsq1HIkoNFdPIKJGtTaYoJKJUu9mKKNlyGgabSE8ei8OSCduqUiqcGNWo6lUSZ8sWpdhkzcgKTTVKRKg0N6elhFApOQ5yIINMyykgJM+6gjSu191sJkrLlIkSUaKU0kV/sN6TIygwlqJQpB0Rk6ewgbSdOWUDNeeUjjKmFU5KBbqoKTLTmSGMUApT0FSEh2FomX2tfVdtQkGhhUr005hTTo1URIG+75FJiihdN42TnUgRCWE0tWYrinCmkyklFUWAsVU8TmM02mCruVVVlVBEp8hmO0Gz2hOR62GSMZJr1OY2jVlIIGpEGpsSXRfTmGAZhdIZpQuR6WyGyfYEEUSUrsQItVRDkKkgAjkkUZrHzNawczKqpRIxTY1sQqWUJMfWqoOoVZlKTY1aEKUWEKZIlnCKUmqWkFtOHmSkkqFiEgfFoSRbS+wopXYVnA07E9K0KSMisyUEFpEYiKgSo1uJKilSyEI0ZNKUMFBK2GptaplpqoLArU2ZIjJbyWqbzKTgTCuKMpsgnRGqUVpaJQKilNZyvV4pSu1qSFhWZtrNpUabMoqgBCKUbVJRS6ZxstNycUmg0AmVCLLVknYhN7e2UECplKY0llVCTje5qFjQWgogArsA2YjqQqSbUQhQlKChsEq0BEZZrTmqGKeopXSVxjhmTikp03ISUVHKTiNK1AhjnCkQmqbJdimltSlUJZwZpYBuve3J0zhEDXIiooKkZpfagYZpFIqCmpK0aNOYqBIREmXyNI0DVu3K1JrTRIbDuEiOSqLMlq4Lzb1Yez1MyfooSqldl1NmdbrhLN1MkhslidJFjNO6ZZmmNM5xuYp5iVZWw2rWzWu/oRJAkM0FORRd6XC2hlSgtck5pVHXVUS2JoUgjbHcoJRaW2tytpQxzigVlxJkpCwVFRVFmoIBk4oIC2ildiLaMEVRAnKI5tJaky057XFEAcWQERI1kG1ntpZRC1HIJiPZCkzLSSJqLciAAJxSmGwtKUKmhGrX4RJFJmS1lsvlYZqNjRkYGycRKCJbCQ1qcoiIcCM9oSK1MquKaruuxsOLF3c35guxKBGIcZyqu9J1wHq5Li2sWA9DiZjP5kU6Wq26rvaz2ppXw3rRz01OU4tCV2tXuimztpYhQAFuiYGWrsWeJoTSTWmQEKFoIqISGSaKCiKEsTLSTSEZR0Z0YxtlIYyVKAKlHAbbRNCayYgOBZktmySVKKVEtsmlTaNU0wm2Q2pucsFTs1yU6QDs1hqJAZSkJadTlkRLhaz0MK4iIrMBEJCllgimsXlKzSSQIptzWpcaUdTcmKyiSNlIVKlRbMyUVg0RVZLTokRkNqfd2UazvnPm1ByyrUyHSHBIE7WEbVJRa6DWpihlpmi4ZbacsOwsQZoSwjFlQwrJbhGRzmlqs66CjEMFeWpZuuppqrM+KkGZbKtFlHS29ZjOrptFKXaTURcyi/miRGlq05Drcd11XTaDaunHaQBFrZ5GGSmKosyq0uPQoqhIpS9ucmvj5DZNfdfFbGbFTCWmqasVchqmomqpZBnGIe1+1pWuI9uUQNoSTG1SxKybDdMQyKE0gmmaqoAmKgqGKbuQycypj4WrSg0VFcd83pd+Nq3XbVIpjOPa2abMedcrao7NiIj1sEq71qpCaw01NzVaWplZcqp9VSltbBnIECFiakmSJYOuKpjXdFAK2do45eSwqKUIcFjObDQlKZeuhIuV4zRKVpQIiWk9DIGTsCgRHVFKwU0qESWdLSdb2WxcIkJkZq1qK0+MEZIl0YZcbC82HNM4rcc1FrNZZEbXe5psj9O4XA3zvtbatcwguq5TRGsTkkky2jiUbtZ1fSai1bJRu661RrZUAHZOUxaFwyICsE30dd4Y18MQoa52OU0tmxTr9VoRisC0dOaoKBuLzSisxwnnbD6z+zqrnlJ2oWRr2ZqIQgUwyFV10mAuc2Y6nTQMYdtMU0uTdghKlVtrjAyVsFSKDGmnM0SmEAGohEhs0ZVO6YysinTK6vpeeHAbVoPAheJSFC2npEtaTk01QmE7IgImm8Zs3i9XFUargFWjI0gSkiy1lCjUokmZznSaEoEZPHnKKHKTirq+ZsuWSQk3W4mNySlDGqdxbDmfbWA5yNYyXQLVkGobpwiFS1SiKFtrCaxpEMYpKamZEy7pMTO7WrFsKCoUCUym25QOjKrJNhlK6aU6sU4ibONpGt1suUSk3aap1QiT2TCWcj2UWpLmnNqUhnZM2bIokhyHjBKzrs8cTWAFNDcZGVJNwmnUqUSQSEDLhEhH6WzciBJTm8giEUWkgKYMbMhpUkTaBgXCKMBkglKpRjNdV4ZxmlorpYTUMklHxDhNkYgQaYsCIQBHRG2ZzS2iU1FrDYTkFBGlKLEUklPFhWyZbRQWJVuGGqW2linaNJUSgnRYobBT2ZoicLilVUpOKl3SPLWsISSphJCkmNooFaeBCMZEmc0Gi8RBWKrOlBylGpw2WHKb0rZpnpyESigyjYkSCkxxZldCEW0crQikIhOQNqEaVTZOZ3M6haAKDy2LJJVMIwArSlFaoYxacpoEDjmJUkAoVCRkC9xaw5RaQ4EImKbRQyMiMJkNaNo5dgxly8ki0JiJ00RReMqsUUqZnJG25EyphJx2NhlHKNM2kqOUVNJwNqzEEQoTzma3KSMyVELNkiSFs2VRaYBzaoQoYWMuixDGWIFlpUpXamHKYqYacdcd99x3733X33TDNDUKlchSZLfWSim1FKBNrZQYV6OdUWsxSSYZKrKX65XTG16oCGeUooxpXKdLjUpXMlRDhGiufZViXK2mbMVYJHZKxDQO4CidQ+txUGbUogg5m93PFqWrxi0bhGE+nwPL1djPlM0KB0WUiLSbiQjSFk5nWGmULQs1it3SarZIkiyqCnJsTcLNGQJJyKaNk0Iy6bGqVwB22nYWcCIhyW5TS0VgRRQpgWxJCwV2NqLKduKudrYlY0Eai8wsIp0NMCG7OdOWIqxxGqOUrqslnVnW0zRmm3W9a2bLEqHiYtVaTNQSwzpbDiWi1GpsybYbU2vKqRJJrtdj10Xt+pJkFLcp6I5tb3ezuYhxGFMqRYijoxXZIkqKiKi1DOPQuZKAgVpnBU/TFCGy9j1RlM3Lo1Xto5SqUUmO6RKlUACYpuZGikoEJsLOjNI5sbO4OASWEsIoSsnJDuwUAlobZVIZRNrIMlFqa61NWUvpIprIRrYmUWpJY5zjdDRNSFVRItK2nVjOEooS6SwlsuXUsquRKhCKoCUgRStE5no99Z1VCzRPnuTWWpTS9/O0sdMEWLKU6WwtSjjJNqqUbGkSsiVFcrg6sghBc5RiVzszLQXSNDWFSgkFkZkWhGRCNkilRDYjikIgxUQqHSoqIjVmpl0KUilARE5TikC1FOTWUumokQ27NbJY8/lMqOWkEEpPqKhGDC2waQxtrRKkx2mSgigCZ1pSsG5jyey7vtRwc2tTprFHU6tw181iGmoANdq6uZRaQ8i2idW4zFUWqZ/3qrHdH4M8Wh5MrUUbZYFr1eRGZpYiPA6tRlAkq9SCbarakDYuDbeWnUoCASEUOY1JYlfDbN7Vrg7TNGWbiFJLoGFsOFeroatRu1nErA3rcRhrV2rMm5jGVkoxkrNGaXia2jROoSBMRika10bUbjaOgwJkoICBiDAWTkrI8tRcnPZo26QsQanRd91qPXQOEVI0T81ZXRK3dClqOUmQNLeqcDZUSgCWTWtEiS4yW6btbDlJtaMQVilEhko2h2jZkGVhO+RGunkqKhmlStWeghSFzIhiO+35rKu1RmgcPeW61q7YJKHSchzWLUqM01hqlUrtK83ZJkHUbhjWIsC16wBIIadaa+BSMYQlYprGIExgzxaLogIeh6nRau2iVhzTNGBHVEWgxLQ2lK5EiZxSKlHU2gTYVsrV2cgBualUSZlpgcgQbrJDpSgcoZbOVJGs0a00tRKlSFNS3ZVZE20Ys2UEDkVEDbVsbtn1XZhISRqGpS05qaVGGVsrNWpEDozjunbViHR0tTO2E0uOCAI7LYQNEJmGxK4qKJwmJ7uBCDPZKCK6UhWkTdrgtKQ2NdJTmyC6vma2EiqlH8eWDTIJbLquyylRkqpdZKM5Izw1e0rwNK1L7WopaZbLpdBiY+F081oqReEoILeJZhW1bDVKLTHZhIuDiKqSSboVqUZPWrKCMRttSjs0my0WfVdbslyvAkpNEqK0ZbOylGpa39UaKSKFZFU8TiZL19nYbg1PLYogMq1wRJWwPWaGZRGhYmEAw9TGIpXSuU2Kiq2IcZyQosZsPvPazS0sCSemICKUqajy2o1pURfjNLWpKTCJSrFVFASSpSBsE0UhqEAykY4oOTQXLpM6ubl57ChmammrEOqKWlNEuGUpBZSeWktiCqnWzmFPViACwES2qOGUCs1Jm2rtotBGR8jgNilCEUCpBUzBmYmlKCHbTAmqXW+c49Q8lqhumSRJ4lo6ZDerlAAyHAkgSpQ2TVKISDuNbWcCESpRWmZECJUa2dKZ2AoJBRVL4UyVNOlSi9PgKPSzDlNComRLKcCSp3EMy0EptY1yZF86pyeMsBHNEQERxW5MTbWPSNxc4vix7ciY1smGk4xAlBJBEFQBpoYmB7KQgkSSMxvCFKUbrUTQDJQSUjSnJivo5/M2tUw7PGVmTn1X08ppdIKUmbWUyeo6lRKt4UxsaiGNVGuPjIlO4JQiNDUR7O+v/vwv//Qtb36bLBTV0VNM2XezEiWbJRHKqbU2DtOY47CxtVVLHabM5tI5iL5262GwG63UUp2s18sxc9Yya5aITISYGNoYlplq31fACtKmFDnLMAwqpSqcKVP7LqJXoSqLO2atqrZp7PtZuhUnWEE4u1KpjOOYOaYJhRwirdKXznYahTqcntySGuM0hYJGSkXqu65ENTGsR7sBmYGs4uCyJCSiQxZqmXaiyDYZO0JgrFBAFBUFcpGmpKg4M0rJijBdsOeuU+lKSxe5uEsJPOVUFLV2rU040i0bmRZpIcvOYRhrKRHF05SjqY5S0ynlOGaoRFSVmCYUqqoKC8ARyKolRE7TNKCIWvtaItKkHBERDjGfHZ8ycSpUICIsdTVyotSawtn60mFWy2Gx6Gf9vOU0jUMtXV/7YRgjUAQZ2cZhGjNqxS1TRUXF2Vo2QKWUUqd0rUXIrU0mShG2LTxNaVlCaGrZhaxSelVnmxoSTiks0SajEEImyZaZwqWqZcuWBrIlBRFFmZRam4jE2CE3Mh0lJNktjWwLyS4xOe0GROmiVsCmpMY2ElCqJGc6FI5uJhBORQSkPbUmiBp9V6XIbC1biRKljuM4rlfz+UJqhiKpFqURgtaGoBhFoUak7S5otLRbloIU0zBGqHYlWx4dLUstXVQCkikzxNHeQWttsbHQmuhKN5tNw9haRhAKJ12tFWdDoZxsKLULBaXZIam1KSYramQI2zk1R6RdSqiRreW4Hmvf1yihaK31JaSaOGxqGY4mq0UJjzlNCSY0QbTWRY9zuVwVRZ31Icp8I9vojNJFZk5tqkRTRpS0u9A4jrVGV2dDG3PM0nWZU8mCWyZdkVsqPeWoKH0/83pSCUdGrTXUWnO2Wd/jXA3LvnYJOTUFRaXlVIsig3GYSimlhqHW2bodpbPvale65qYQZkqETIw5YaLWCGHGYWitRa2llNlsZntoUx9VLiplmgYmalQr0g3JSZI1o5FkShVUCl2diRzbNLQW8jDMIqJ2JSVJCOyWrZRQVCe1FlqCVagKIgTjOKxXq/nGQiqhkLOZ1lzUkDLdzXoGsEsJlFAlQUZBEbQmg9ymZlxqp1K6ooQUtYRdxymLRgS2pK35fBLCzU631jLUnNQaiYrDIqISHschFGplalONUvvacnJqbOuuzmoNp6fMSCwLFLZbSHQCcpKrSqJU6XrhdEZXq7spJ9Iix3ECuo4pJze6uUutshEqBU9QiQBIZ1hThrEETo8QiBJhy2krgnBmurlZFhQ7FYpWRsZegSl915obFipdiUJLAoNb2kkmOUwKkaRHMmstlOIEGVDm2BIREQm1qxiME5N2KNRsTS3dMMaCzMxpKF2HusTZWnQlp3RmUQlFqrU24k4RkmULgaek66IgIvvooQ3DGhRdmaZpVrs1OWbrogItrYAoGFKmtWxBlIgGtmpXAZOzfuY22aQtRV/K1JqdRSE8qUwaw4RZD+uudn3XZyYKbJtAqhW3dDOG5lEhKBHRIcgWES0bZjafE+HWiCBauhSFJShOp+yWrTU1NWdij5k0pRP1/Qx5GAcZmlLNooTCyrRKsY3U0jjTjqhStGy2aoGmli6hUkuzs40haulWq3VESATIMlKIRpQi02itmUxFBBFyA8HQJkMFAIUzx5b2BIQCbGGZTFsqtS/hOpvGAQFBG6lRUpMbKCKilJapNEQgpwgbPLm1DEUNZaZtAtuybVWVrJaUbYqIQC0zUZggMtNOCVkSZDhbClG6QjNpO+3WVERYCttAKQoJkaVEIVOJQaVEJlYjMJRwiiiBEShKCEPinJJKBQFERrYpI6IEFgFFNEV0clIiJA/rCSwpMyCxalcVJccUWIRVpEluY07ZLPddzWZH2pIDnDkBEQFSBNMIbB7bNpBTFWsRirAsQELOyYgS4TS0dIUS0doEEZJMK4oM7AwHJCgxKMKONjZj233p+1m/Wq1LKVWMdLZbZkBL25aF5BxD4YhIj3aRIkDQiCitTdNKUVUjNhbzvf3DP/qDP3zLt3zbRTdLXOvmOI6NrBFOtySgKqa0nHU260qXdi1dCbWWsgPVWiwUqJQQte8Zx9bcK4gSThQKz9RnZkO2Sy1hOSRKtjGzRdd1JZRM0M1mCucwudFyyjaFevrMbF2J9bguzq6rTqLvhmnsSgRkElHIdCY4aTaKCmkrSnQxc19yan3fB7Jo6Ww5TdPgScIJYFthEAmlpLOWaNmERYlwRNeyFSkzcVgpRZhmuai1NjIFZEu3HEQmUWKaptpVZwOmTFCRVutlUYsaUUofgZRpA3KpIRXJtqeWtHTmNDb1XZRaZhLRnDhCwmpTs8bMLC6qXRQEbZpaZhRlU+YYKs0qpVoqpSiqm9s0lOgqTiG6iamWLu2pOSRDutmKGiWqyGarKDL6mZar0bQaNZ3BlJk2SLblqda6WTemoTWyn88AEAYMyJEJmW1S15eg5tjABgtQy2ZnKVU1KukIZzKhKCp2Oo0xzUkLOUqRlQ2FaldkOWUbFIpUBJOJNC2bS0SGimpU21NOJRRFqLgJNyFjKUgyW4oA28ZAqUUhTbKzSkB0tbUMka62x2zKSV0f9ujW1y5brqdVP5+LABMRIUoUx9RaCQmypT1NUys1IkIKhJxOMkqE3NIhgUuxE1O70qbR7opcai0KZDlUIrMl1NrP5og6xSSTrVHIybIVxWSzhaCNk51NUtIyUaFTaekkaFRl1DKOo50lwsSUTdDV6pZjtGFYRb+opVMIFKHWsgWVOp/3TkAi+k4JxhiSkCwLRE4tqzRNg0WEl8sjOWrXqVSTUaIvXWvNOQ2DulL6xcyZiqjRjdOYLREGE6UqMxLs5kIJecxSOzCeWlqBpGwZM9m5Wq/mXVf73lnqRAKNJCmlmBynda1VqDnlzEyaisAqfRcRAVRhZ2uJ0gkKFUlIOWVbT+v0rFcUatZxGN13fQ1ZIbVmJ4nTnoapXxRPkxXqozlJAnJw9pNU+tpnZqogZbqNQ1c6SXZDfRScnqZ1KbP0SGYpZb6x0XU1k2GailxrITGQLhGRKSltp9OYbM3Zpq6fkTY4FBFd0TQ27BKhKMW2p9YoJWpBmS6RU2ttUO3blK21ElRF7Sphp20pUrWYEIaIUCYVFELCmkZHcR99qZ2b01mojUlE7cp6GsJRo9RSW06K5nQoWmm4RdSu6zIzIaGN06yrJaK1tJEZc1xNrmWmNEJCUTJdQkADTc5wiapiNydJOiKkwM5MlciWUcIpQii6TtPkbFZQqCADEIVpGmVBUBBOK4xtoyImt2wURXosqs0KiUjjWjq7kakQEokK4zSoSBZRRDrVPElyGhCkopRKtlBJN6dKDRkJR4la0rZbNuxWg8wmopGB57WWCBeSEPIkO0O2MY4SxcW20wpBiiCdTjtJZKzAiSlRI9ymxM6WCktB2mEURi09TVPpKnJEEW6ttdZm/byUMrWGW0jNFjlTHcamIKpykEogMimdx/VoKyRJfe0Ebi1CpBtKp5xSoGbLCkCK6KpawjQxFYko6XbsxM40DOP+6MSynKRSIUmBp+YiSAUY7BIYQJKDyJLR1HVzRazH1bQad47vHD9x4q477m5tVC21FhDQsqWzlIKllGRqFBVKCAXIIxlWa+lQ4miMkZVsgMACAkBFEEIZJaLMeoStWmopJVHYmZZI225EhCMKRLRsZENSEXZmItvYEqgE9tRaiUh5ak0qCiKCTCJozSQAAjdbpSqrsYpwlLTA6dLVrtQ0xmnbLVtGDZvWRtPVsGUbJMlpIorNlA6QJGlyhmgWnrAiHIoESAhQX0s6rZDVIAKwE5MZUQgpUErhTCsiMpMiGywJOWUTpYQzldhpTW6aXLoO2ekAhwLwZCyHWp45fW3pSraxZYTwlGM0RgfFApW0SyOx7UDKTIUpqRYRxpFBAC4BVsuUE4OEWiIRUQtivV46PU621Zc6thYhpzMTUGXKKdOlhiQ7w+nEskNy2glSFTCl54vF3v7hH/3RH2PNFpuXds8XaG6anL0isAgFIsysm0cN28vlYV9rxNzZbCgU1QhJMg3Ud7NZ17c2tTRy7eqYLTKslFxUcNo0tzZkMBlaqnTKqY1ukmp0ZJk8aGqJbaHJLY2O1qutra1E0wRQVWezbpqm2s2cSYgIA05PjnCJsCScqUSohdJWyqSLoolhnNTSQlZi20LpzEwwobCcmfY0TUi2TAIIzL/CqkCDOo5DcyYmsewkCpLSTK3JrRShEqVK2VqGcAUHwihCiprN05Rm7GufOMIoIiJNIZ1tai6lRoiWYxunNoXabN67QQMsu2VmayENLZxETGkoSNHGKWZ9wDgYtYiCMnBGJI4SmRajrAiViCldSyFozbIpUshNyRRRJGEFGREQgLFbBrScpqYa1ZEkYCSnI6IlEeGWmS5oGtZI3UxpZEUtJC1accW2RaC0DRZYCoioCapmcg1kUWQ5JNzcskUNCYcgSJOmFGdzw6QUScqhImO3BoRDQsK2pVKjOadx6MrMcssMbKtl5piGbG0cpqOjA1A/mxUV8OSG7ZBaSxXs9Thg931HohASaYJMKycoOdlqtesEbQRcVBJlm0ops74zVkS2RjYUIrvaUSzFXDO7tZxKFJUSEZLA2DaGMFG7lq1NLcJ2DHJrI9hREuzMbE2tpyeCcYxaA01y39VhyGEc57NSIqbMnDIz5cicxmmKUFer5FSWBkBERjYypxYl5rP5MLT1al37CuSU09S6Gkgtm3GUCpqmpkBmaGOoi1IymySkYRprVHddYUQFuwBJJtip1tWaLUup8iSBNes6CFrro4JymkJUNZrd1661HMapZQuzub2dOQ2rtZAVJaeUTEZ0XV+n1gKmKXGpXWRIljOR5RKozAqOzEY6SlGGhFTdxsljRKFZNaIRRc5cD8N8NsdNLlRmqiNDSOkcp7FNzZmR1VhIZESRmKYxAiSh1Xo5ZXazrislwCYzA4UUpVrZWqtdrYqG0ikxpVGWCIWnFiACp3HmRKl1NqvDOEko1KbWMmsp2UzIpUSQwbRq9qQQ2RoKonYl3bJNaeWUJWop0dpoS6qhNPTRWW5uXV9wlZNgHKcoEQpTBIkLmlqT7FYN1JLj6JQFxpGhcEBSIhBEdLM+V+thal2Nvu/kIBuSndmUtogEwG7NjRYKl76mGk1EM8pMp5FatlDUEjGftXEiPLVsaeGIrojJdja5tWYQYWcGhIqVRLi1TCkChdKlq4xumeFI2UkU5MxMhGxDV6oiQtHG7LoiKVOQoFqi1NKy2ZbT2QgltMnOqdY+VCda0qI5ihpSoSvhpCVFOU2tlqpinG1sDssCISMZByFTo06Z6aSB7apMYUtBqC8lLScioRFd7TSup+W4jBKF2jyFyKZaokafTqcFEkKqMSudoraWiFKKwK1lehzW6/W6dl3tikmhcBAUl1aaGwrbuOXKU4muK2WYJsmlRAiMHQQFIWRNbUrStq0o4YiSuXfpkgg3R0RRTbVmRYmimNrk4pCgdKWmk9aQnM7WCI0ta4kompw1mxyUqKVO4wQZpRQVG+NpGkWElGlnpggkIgWTrQlJ1KhNSSJwa63v+9LVcb0CbINq4AgrhEMaM53UrrY2NbuL2pqNQxEhnGk7LUi1aaQUC+GiUC14SstBBDYJxZbCbWw4RUmruFkFQCE0MU5jEiqqJUgCJ9ioEE4SEBSgOPCUU2tCClkap8mZ2Zok1KNEcmZaIp2BbEBGZZom0i6EInEoVKosZ6YhUgShSIUCeRzHppBkOacsRQ4rJNUSMSmDhiJzkmtmkwkF4bFNfZm59tGm0W1Yj12ttdR0SpraZLtGdZI5AUIOn9w50dd6NI6SwzTZTeCJKVQE6QwVpwGC1kQbKAorM0OyjEm7p1CU2QSEpCi1ZDrTVTI4FVWhOk7D0TQViFrSBhQlbexaip0hHJLD5JQUCzmztdYUJaKEwhTgHx7/+Hvuuf3a624wNDtzqqXWUtbTJGMsUJjCNI2odF1PEOAIhT1GiRK1pqdxyhIqMRHYbVgPtdSYBQ5KcbZpsplKyEyChGFYd11fu+KWh6ujIBbzhZE9KVt0XVdkOxQhDdNYo/T9vEZZHx0By9WhYmMY1io1p8SZ6WzZaFK0aWrpKLJxmheVwFwmCAlQUYmqQEKlCzmibG1sbG1uzhZ9qXXez+Ybs34229ra2trempV5P+8X866L+c6xzdIFEzvbmxmshtVrv+brTeul7Xk/c4TTLS1ZoZk600lKp3M0FlFqKdQxE6xSIzS1zJwIFyqotYapNUrElLadVkSJKMIDqZAcIZwowiKdmYSi62YKRZSmJmkWOlytO1RDyswIycAwDi1bqENukyUKkV0vZ9QiogY4UdSSLUnb00CUEh3Klkm22WxuXLsC2FYpzhI5YaPM1hQyEVglIiJSmRCW3TxJJaRAwpOnyAKWpbCik207iSimZbO6aApNTSEjKW1PUm2BbEkymY0kpJQEJo2zNRmTRcpwqBjbuBFRAWi2EMKoDcO0Xg/Z3G13Hm0lEWFlSxU6Sss0Lv0MkW1SKSLsqaBSOwF2mlJqmL72za21iZBLuDmAdJZUCUnjNNGaoutKYBMBtDalCYTAGMnOTJUopUzTNKa7roYyrBQ4h8waQpKVCrAiulJgFESoTc12F9Gap5xKVYSKegu1ZgGsx/U4jZuzrTIv49SGcepnVc6WWbtaQ+v12NpIzLN5ai1CIVl2ipAaSIGchqRCKZ2VhSgRgXEppYRaG8eMKFGkKHUY18jZ3HKKiBp1PpublMeUOoVEKXUaR09jhmvtnMrMonAoSi+3WotNIxOczVGLo2a2UroaFaZSIl2mYWw5pROr77ra1/VqbNNk2dnCnYDmaRy6WlGfwzozjWqWSWOgoq5UpkzsHJtxV2rmOLW1HX2U2nXKLFGpNtSuV1eksDIIWVEDR05Ti9Y8BcXImVHCUWwmZ2YL1ZIogqAouuhQdKUM4xREKZ7sLjQ5BaQnTaT6GnZJT5KwS639TNM4dKUWYshxGrPm5L6PEgkac5paZk6eQoHtVFg1+pgXhKDON1qO2dym0QYpSgmHsN3aNAEohLI1qt0SZEkhp3NqbRpm8w3LxkZqthWlJIGnTEqUqIU0liS3Nij6WlpIdkRgO9XP5m2YJJXatWGSZIgSrbUwY8ucJqAoUml7zCnXDSNwiGy2LDvTaTqB7ARscppCMuGWLpKtqM0Z4Vq71iaCUgKpTc4pkZyZkgShUOnmdblapluhuADCxpKbFUGoIBS1NNPcaCaz1GIDRoHAQWOcsvZytlCM4cyUpoBsOYZTBkqUiM60EjENI6LUwAilW5uyqz2pWe0NyACBKGTKEZVpymwoSlRlti6qJOVkAgXYTkld3wUhC0WhA0lElFI0DGNmFuSWlFLKLN3Wy5VKdqWLGlihVEhSP5tBtmyyxnEsEbX2ibvoUik8WY5RobDdUpnUCBQim5oTZJosq3lqUjpdVJAl11LGcXRLK5x2MaiGAxShScpsbqUGgmYw2JIkAmcmicgpXatJSXuX9i/sXnTmbDZPO6eUEAgiCoFtMg2hcFrIEA51wTQmRDqDdCa1i0IEkHbgJIyAUkprLZCKhLCyTakSoZxa1NKUmSnLxgWpiKmWkukWrRCmNCUNBYQhlGmyNbq+khKuoUycrZSShZwyImqNbE2hhMwmm6hS5tTSWKmx2C0CshMETQKFZEsOVEtRSSxFldLNibFKqmWUagscJSi4ZcMlSkg26WYjUaNLIBuComlsUaplmTSlFkXYtlNRU0m2BoGN2jjZriUkOZFo44TSSXGoJC3HHCgxDk5Ps64vEdM02ShizInMrWPHdk4cP1ouHXZDUULOdFWRPI6OYiBKwRBM0yQsF8goYYuW6SbKmFONCpFugZDb1ICQWmZrrSsR0SFAkKkIqa/F9piNJAhQy5aEJAUGpmYFEnaU0loCpVaSvu/Ond/9xV/65fd5n/ff2NyYlkNfu4iamZKUuGVit4yI0QPTtNjYGIdh1ZZ910+Tx/UYlXkNjEipDq1Ny3VXSlcrKm0cW1pUqZTCOKYl4WZ1tcZsFhGKUqPbkNJEV0iLcFdLlCi01kopSSpivlikZI+r9RGwXA3L1dCVaF6BMpEUQjbFzZYiVEoRoBKLWT22c+z48ePzxWJ7a3Nra/v4ieO167dmMyI2Fhv9fLazs729vb3YWMy6vu+6xbzb2N7e2tyZzeazRb853+zm81nfR+kQEVURwooQkbYgyZBCAqXBSFhgQoCnNuW0LlFUHI5ktEEKBVKm01O45DQpSlTsHG0BCKdd7YyIIERGkRQ0QFOzMVCjGCBbs6xaigQoItIuEUFM41S6DqxERZYDlVLnPcujw9ls3uxxWrmlW7bWqF2ZVykkQsWRtak1e7KLLWyTDbCcU8oKVLsOuTVPU6ZbtZ0GkKeptTaVrspy0poD1S6KZIt0ZjrJTCmYHF0oSNvYVtqBQiZDxQiaQibdMLi1yGwgCyvcpiYqGZZQtgSnQ2mQbYMjmkcZlZDIBtlQLYUcjZEA1sOIiaio2FLQlWhhKOqzZAQiKA6Ms7XWur5fbGy0aWrOkm45pi25IDmwI6IvAbaUDUMJyR7aJKnrOymiktnGqRl3kpVGONOUogAsZ5aITICxtS5EwSiKSoCDUsipTZOINCYIwiRu40gEEkCUWuVGFE1ugnEYWsv5bC5ElGisV+vSdbPZZspGdktTVK0Y29rSVMN4Pt/oS224lM6BUJum5rFSJJdZn+PU2hQ1Iss4DtH3dotSETlMKlFCJUvLSURzs9Mto0q1BgpFs/voxnGwCGTUcrRTEX2vNON6KBGJUxkqLSfTqsvUhmaVGgFCQhUFeHK2JESYmFXbwrOuCtw8rlYT07HNY6OZWkbERNbaNRxk7Tq3JjnThpZZirJhZ4k6aiqJ7am1nNx1gdOGiFCrtSB3fXHT2IZx8qyv0zgoagmDJdXSZUt5cpqiHKYETKCOktGCKIWQImitYboSdDEOEzhbkxXSMK1xWcxnElOmEimGcR1tmvVzx5jZ6qx2ZSYNoWhTC5UokaRFKTVKAWNDGxqRKYVsQiGIDk/jMEktopBpFFHSDWkaJxV3pZZSQs4okoZhrKUYG/ezWSimqU3jIIVJqYaiq8os2SYrQ5VIhXJoY8tCthLjOMmWlG1sk6OGath2oqAZhYOC0m4RXSgAUFEgjw2nHZACQlVq2RxRhIPIdGamjVNRSu3INmbzFFEicSnRlaooYKcBy0UgC9HVIN2waG3MLBC1KDPJVNTW0pmU6LoyTW0cWwk7stYCluXQOGbirhaFwiFBLbNZ52lMSUFHpKDZTgWZzjbWUhTOSDfLLiVsbICWrdRarCgh2SqZU9olSlFkWlD7ghSeagk3bAcVQdiTpymjqtTKlOmsXRdZxnEosogJR8jpoU2tpRQqRKkCQmpSX6ZmSmkN5zSOA2gxm7l69/xuLd3xEydyWK6HaZpahKJ2tdTWxkJRrbITLLsQku2hNVprxm5CxjJRQirWZDsznI2QFNQoacASCTC1xtQkq3RqUxunbI4AQkikI4QyPE0TimzZF4LIyNYy7a7WqU3Z3NeKIp3ICtwCsknF2TJLKV1XW8vMRsOWW0MhRFFrU7aSI0ApNVG6OVspFUVrYxSLaONYS+nUqchpy1NOdhI1hMmQbJy0TKcDEcJZoyTZ3ErUkNNuaRkkk7hEZGZrKYLWmlDt+kxnIwKn29QiokoWKSMipXBmJE0pQFEQAhyEbXVRpJjaJNTAlpRBySltkkZYUUUINTechNyc2GmFSiljTgrVUqZmD1O2KWoVQo5MqchMTsnCReHIabV20NfeQadehbAaLdLNKRvT9V06VkdDBDXcTFFBamkUpVbhQXIbS1lcd+3199xzt1M52cqQVYqnyZKKbdKWpICkq5GOTJOpUgMlthSBrLRLEdHZUyYBRFgYPGVrSg0ZClFVWmt2dTC1hATZECqlkjY2EokEMi4RaZdQpmk50RYbm8Nw6cd/7Iff5/0+AIcLXamJWksFXV9Xy+V6vY5S5vPFrMwHDy095TSuh1p6kc2tL70zs7VSSil1GI5aa0HULlq2zKnrZiVCYEUoAaSwgFKqnNPUFFlKFzm1nGp0U8scmqqnyaHSlIYaxc4c1llnH/yhH3zi1PaZ0zfceP2NLmVjsdhYLGaLvkSpXdfPus2Nze3tY7PZbGf7+Gwxr31vk22U5BYKWVkQKiiNjIsi7ZAAcKYUYCQAYyGAtJWkRNrNSZJqbWxDaxkwtMnpUqO1JnB6amONDjGO62xebM7AoZItaijRmGNpkVOLUjIbKo0mOUItvVqt16ujxcZGX7uiIERzpiADLHWlNmWbWjIpVUqxiaJmZU6172VB2gmWmLK5tWEcKVFFk2pGSEqMpmG9Xo1d35UoNQrUpGUaWRinwSpOZzMmac7EYdKmK4HUMhsuLUvpItRsAxGWlAaKY1KCsBxOZ0QhrBSBgmndUigULQhUQ4Ra4oYihCRjJ1EkRbbWSBlFFFy7mmmF3MBpmSjyZCwpSRG2Q2kXcGtTkzqVkFSilmhTZmRQLHJKJEIgoPQlaTWEc8qsUSNSCtuFaCTYtluTpFqKA5wtwWFlTpNTyEntQtKUBoOUEJQowzREi66v49Ak11Jaa2NLVOazuZPJ0zSioLXEqHQRIdkNIcGUowxyZgrL0XBipSWFuqTZSGCKQkUt7SlVBHI60xGhiCpHVY0yeN3aFKVGSBG2S9BFGadhXA/dfNaHcLRsimrkKVtripAIK9E0TbV0oBolIqZpyiFxOpNW2jSGg04QpJMWXUyTpSi14pjGMVTSONQyQ9l1pdk5NVu1dtM4Di37zq21da7n/aKU8NSGYd31VYRKp1CgZk1tkgPS6UkKTWlqKUFENuPWjOQuemBqhARCKn0PtfTFTW2cxvVgvJgtMqfAtfZTyJm1FOwME2rTJAVmXvroGVsriK6b2liyqBQ7W6NWkUGVSqhFV5FkK6fMaCRNraiWqJljqYHicHU462tX+4hOUbLl1MagIK2nKceplFpqxZOVpXRgh4RqdMAwjdg1oqGcJqfX02CiK6U1t3EERalAJBFB0AaHpYKANCWidLleUbJEcRpo06QopUa2IlXweli3bPPZBtBaGvrSd12dWpuaVShRulpQqcGUGVGacz0sc8ooUbsSchTalA2MpCJlmgIjUwRdjZwcUGogQSSTRN/VxEFYHWlnWi1zsgSOMJACKVviJkVRdedojDnRjARATkbZBLYVSJGtGWRFCZyZbg0p1No0TQZBVZUEklxMk7BRZrplCwnUWpZaUlIYFRUsAGdOOFAJbKkGrSldS4Ddmp02sts4qlOkiAgcimyToZYOtWwSMm5TszMopSon2ykkkLHUxqZS2jSQqaLAU5sMEYFo49TaVKNX5DRl2pGl6woKq8m0qZUSUIdhCgmFwbJaykw1vG4KohhjbPDoqGVWomY12G2axmmYuq62nIZxnFqbz2YB8zpThGAapmyTaldKba0VgiqMTFeL1GWuPLmZUIQiESDVqBW7TKW1kXBUsrmlVRShiEgoJVo2LNsmIoxU+i4A0wzZjAKjCNtWlBIhUNQok7O0qr6EpmZrapkKZ2bX912pg8c2uchGEQhnTkZubZwmlYKEwHRRLGxLBiABEpOZFik5kJ2mpSNKSWxQCTIklYgIeQLcMjEorNEtQqRbNlSppYIxiC7UYMpGiWhTpYgY2hhOi9p1YRIpwBkRXe2IMDhDNgI5bcKypmmMUm0HWJE0pbCnnIJQEYAzW9ZauCxUckqkdObkUkNBUEiPrdVajG1LITdPVhFkOpGFBLZTauMQESERIamNTRH9bJ5TC8kRkgStpW2VKAnI2Vo2oNaIUpsnK7val9o7W2I5Tcz7WRunMtcNN1z313+Fp2xttESgEBGZRAgZ42bCtkqUCEmTS5eZCElVARBurUkqqrYkSi2tTTkREaWvmVOzO0KlOI0yp0YJ5KI6tWalUuAogd3aFFFKtZCbHbaNJXlqkxRdVxXxR3/4p/fdfdvpMzfITUROYyqLI9NJCsnkNKmUftZntq503WZXYITNza1SuvV6FSWsmFqrtUDfWuY49rXO+kVDTqcssLBdkGqQ6bBUizQ55cnpNqW60XYG2QasjJZZS61NzpYFchhe5dVf81Ve/XXAEIBtSUBiITIRUgBgLLJJitrRMmMQ0bJNmZhstluSQjk1lbAhcxxHYBpHk6V2JSJqEbSW47COiK52U2ZIItLpbBmEMa5dly2EcIrsaiklbAdVs5JIZE4T0tiitdbVGlJrztai1gimMVtLqZWu9rVqPisIq2Xz1AwRgCIiFJBKO1NSKIwITY3AtrK1qFEpLQN5GlprzW6l1CqbyJYTNm1qrYzT0KbN7Y1Z7TOiggsZGnKMiNp1Y2tuU1oYZCxSpZZmu2XpOyQ5VLOakMeWkUaBlM21RlMCFtVlKgmZSZSIIkngBGxFFGzhsK3AZJtAcpEjqmH0qAiUCpwUh4JEIZwGh2rGlBgoiq7Oa6nDOGamJGERmbYdRW7OlgqqIu0kAxEKK52SIso0JoAFcjpFjuOoSQpoU6OEcmrGEWVKmamTur6bhraaVn1Xo0a2qFbUKjmEQWiYxuKIWpJUUU9FwurmvchpnJJm25mqMxViKo5WSx2Goeu6Wkq2aZwcmK6TrSyoiXAaCBkXbEnYinC6RCCcbcjsooZwUSiilmxT84SjtXGcphmzru86nM5aYmyOwmw+a5l4bavUKgVuJkoXHTPwNGStPc40Y7Zsk9PqiKg4x8mZrY1TKaWUIlu1iygKprGV2lV1pXbKQRJytglQEXatnVt6ytFZIkJFoXRLWyGk2nWMpCjGdtf3JSJTUeWklDKsBtnRd163FH2pLtTJNcCZmS61gjMtM7TRdq2lJYE2FxvjNK7WI5ZE13WSVKO6n6ZpmAZJ09TEqChIYUWUdEISkdLUXJSgbK10pdRwMuY0jQoAnBMiSilR+7myuU1TVIgqm8iIwGA2NzeilDaOU8tqMrNEiVpJNGXtO9nOjBqhWWuTApKEopI5jWPOumIV5xRS6WqlM26TJxoTUSIcEaX00VrzZJS2RGDLtExhJCuiVudEiiKZZpdahMh06UqpklJZau2CooLJzJBCkdlsUpOoJFOOskqpNVRqkYydLcehUehLkdSmFoop045aSq21ZZLVTpNTa4ZQTK3VWotYDVONEiXGqdlIZGYjBGSbpoxAYAkgU7XGODYkFKVGVIlhmhSAi0qU2qbRppYADIISFWe2hhQI5EyTlrBkwnYYBREFKwrKUkqEMJQQ4czWXGulo41TZk5pkGy3pqCqhANjqCUwU8vi6PrilIQkRShtZdd1GQ2QIgUGJ0QU2SgiwDgQxdPUhvW6q7UrvUKaUpgCBiVWQokuYpyGNZkpIfW1NxrWK/raddUq0KIoiJzGTKsUZU7OqoBA2M7JFmGPU4taZAtKrSpRFS0bxPGTp7sSy2lSyyihUOkUUsuWbXJCgSYZB0ZmapPC7ko1oBKARCTNmVOSBGlrIkopkVNmtqTDdnOoFmU6ZZpbhkOOrq+ZDec4UEKKwJ4yCZVaQnUYx0jGaaolFNhECSgg48QhOZw55TjVWW3pIFKm4UAllKnWSimTs9hGUSshCcAJUq1dTrXRiiNKlzikvpRsaSemIKebEydIWSSmqRWF+hohu6RSIZqiOqJO2UqEwEYRFdkhRWNsYBGKKFUlQpqmlqFSJIrVShdW8TApIORm4zTZ7ExJoRYRmRRliSIxGWemXCGt1pLL0pZAlCKCNOlkbKVWSZOtkJ2JSU9tkiSRQkSt4YzMRAAKYU/TWLsux9aYMlvXz0opEWDcMsM4AlshSwJyUmZTCYVwZldLUW0kmaEgDETEehyVqxI7119zDYLiQhnHaUr1ncAlZBlIO2ynsCe1sHBEBMrMtG0omChBay0pk1uGMMUOPKESyBBRIkKS+hITrTXbknDApJQC20BEiZAUBKKMORJWs6USdRzH0ocUs1m/u3/wfd//vR/3CZ+uqNMwlFI9jRPZKft+oRiieT0OxVG7rk1tNuvdvBxXAUEdcqVwtnSOhhI1iDqTVIqiJdaUkhullIjouqqM5jRtGsco6kpgSUE4CkFEUbSUOqVHNymiSI4hM218lNNgaRwG51S6WUuRzW4RSqeIxEVKGlaJkm1S1CjKdBvXkrpZ74btJHFEIImWpKIU59RVCdXohjYWaT6f0TxMqxrRzecmVbqSTjkIezIKS5JLACQtG85mz/seOyXRZbZIJwkEEllmfY2SbpLGafDUxiCkKMXpnLKvXVeitQY5rIYkZ10PlFJBmc3Y2WqNTIxrrTZTrq0oNdxak0V0UoOIKKoKExgCqVSwE+FUW8w2Q05czOTWWkr0tStRnQ4VAuOWGQiJQpQCJKkkPUEElFIs5zCmXWd9LaFsCbUWIDNL10Wr6YYljA1KWY10FoKCHA5nywkiSVwCORRka2pIKaQWFejsRJlTthAmQ5lON6KgggSmRpmwEhRGok3ZSu2iKrPRcipJ2omC1lpXa6jkmIJQAIkdYrCnpnlXSwFsCKSgJiNRog/SwoBqLQpnSpYzLUuqUYc2kVNRWcxmbZwUws4pS5ShjeO0DtWulDHH1iglSqmZrQnJtXQhEeFsmQblNDbcWaql1Ig6FzmNaTlqB2SkFGknrZbAQk6B3VrLbKFI7GlMg5VkoBJBaJomNyhkOgIRpQbTOI2Tilo2D1n73m5ILV0ULk0tVbsSQChqNrquU5RMcpwyIVRLUUS2jFJKCTfbxlYtzdncbNWWoIjoak23lhY2nsamWWda1y1Wy7E1z+e9RYkoimkaRgBHhESplpS0JgFNrkQU1ahRY5rSck1n7efDeKhGN6s07FaKnDGlp2nCzhKYzAbq+75Gndo0rafalXSqOaKENDXNuhrQ7FIpLiXq1EZPOZ/10zi1HGf9PEqZhhYlSpTUBIJobSpIoeXqSBYl+9lMUeykmSwNxnFFTPPaTcMgBHKbCACnwd2sd6ZkOwKcTdBaKlRVrWaX2bxmZk5jKAQtM22ctdbiiAhZxoAzQyWVgdQJZ6gO07pNU4l+bBltwgiVIlnGGDBmyNbVcAa2TCklQpnZoCuVAFsK1OTSWjMpRHheZuM04mypkMKqnUqEQhJd1yVUS31xy3GYoqipjasxahDRoVAROazWUUugsTWmplL6rtqRCU4HJYorzrSiKFAanAlFkVEQpIyTSKmWApBtoqhkOFLpYWrY866KcCTpQASZZBq5dh2ZmWFPtqvK5DHHKShRwwk0jETLTFQkmSi1htKZadJWkd1oESUzARCRtQuVLtPpqRBAuGSOKdo0RJRsk+0oIRUiMCFkWjYJUcB2IYdaoxSRTidBidqmaSKxah+BklTErJ81O8kanURrrXYlM8f1OkpNS5ZEShGWIDXreguaVUKidoGQ3dKRKMKo0lywJSgllAw52O5KBdkZKNNmChUV27KbsylrrbWU0uZSozFFgkEGt5ZjG7O1UoqIho2nnARRqmVag6JANkXplKJQCKbWhnUSyBakm5uihIoA0s1NME5jUVgxteaWfT+vtbRmZVMUt5zSRuoqKqVkoIhi2ZMxomRJgVKWwdM4KUUESLVgjx7HNtrOUkvtpmFFhB0Gt6aQkRXO0Y4SuEBGKb3cnDImU1I2SwpFZtLssBS11JaTkyjYODEZKrM+ZIHcWprIkuFQymUcxoimKJbHYSqBTTpDJUpxEKVkNpWCSLeiyHGyqX2VatBSSjud2YxdSxpIIWoJ21NrJehqQIzDGNmGYb1asrGxqQpQItJO0zJt97XaRESNvtQYc5yGIbGHqe+FENjkmFbOup5xyKoSak02tGYKBDhU6CLHHKehFEUTJXAWdLRczRb56Ec/HDMOU9/1paQhcwopTYZLCeeEKqQxqQzCQLOFSRRuqUJzgyhRFGORsBQlaFTkaRyJkGmZyEGO0xQRQq21WlRUqBK0NjW7CsCG5mQKGQKFc0IqNSLCcHJn567l8gd+8Ec/+iM/ocw31+sVZpqmWjsLtUa61G4WGoZhzDEUrWVrTaUAqHW1ZtKYUBRCghJuppAoW7MoEerIaTQlwEpnTq1FdF0pUnGOmIYDITx5HIZa+qgRsltrgwm6roRimobVeh2qpkmhNnalUmprObWsEZQSmREqGe4gFS5tmrKFFLZUKg3JOWVzi5BUJbIYl6JoEbJS2TLb1KJjahPG9jS1qA4VnFELOU3TGEAo7daG6hk0WxSVjJTHYUhTopSIdIKhhISdGSV9tDy0NO/ns64fpikza1eiRGvO1qwUNBSO2XxuQJmNUCKcaYmIqbWIKLVA5tRCJYpqKKO0NjZPViiNanqUSzjGcY2i77qW2cax9LUvndFqfeik7+ahoiIDFvY4TVObaqml1L7G2FpOrXTVmcY1qgJngIJiQKVUIoTd0g138rAeAcgSxZmdOmemM6JkNhBkEJZxCEqpUWwbO2wnUxq3ELWWCCG11sIkEgZnEpEoMhsSkTZuDNNkjyXCoSiCZHKmS5RaSqalwCYTyXaOGV0VUWttag1MAjm1kFPQmpBKVbaGigJRXcaSbWqllqI65ZSZZNYISqxWK6dLX9s4qctKSZE4h6aQmlVLQGutL53U2c6EjFJco2bLZteupNVyao2qSDONg63a1UyXKoBALdMKlfSoIls5jhEoRJMq6VQSkmoxCiyVCDmNM92KZJUSiiCTftY1cmotLII2TaDZYp6Tp3akRRGeMmspKU/TaAghmuhKQS2iZGYKj9NETrNaSr8xjZOlhj2NJbrSl2jzaZqG9TpR2LScTDq70iUap2Ysx9gGZ+aRa1eGtqy1FkVmhqK5RaCuy3HICXnybJ7rtVJd7Y8OD2rtS6mJu1pLlGmapmmsUautHKcaBREu6SnTECrKcSpRCI1tCpOmq2UcxilHFTnUWsPOxM4g+r7rarcaljQiqu2WkySKcLZsESVqxVYQIQq5YpnDxmw2m82ytZaEImpYysxilagZtrMI6CKEIptLVUexbU9YkLWW1lqbpii172I9DCFhu0HIkW1yKTIIh5SeSikddRyHUjsiaFYp2AAKC5EhjdkKJUqdskUBdQp7HB1By4azBSiKFMrWpqlJ2MX2NE2lFom0V8tlP5/1fT+1aVwPte9r7Ydx1VoL1dIVIKLU4tZShRIxTW0ahpj1NFIljJDlsCfZIWzZpeucU1dLLV1rrTkllShGuVoCSodCqVIKFkkaNwwCZBIiUyq1aprSGsbBptaYzzbmfXd4uBzb4FSnoChHt3SIKNUtmzNzwnI4VEM4IiSaDVHC1DHb1JocEoISaqBWmqdsY4RCYBTCcmu2I0Kh1iZJfdcVEAIMMkjRxoaMxpyUTVGJKFFSDbvUMqwHRak1pmlKMdlho4pIRiQnGBU1K9uYzr52jWkYxuhKICwrPUmhqJ2crbVsU4mCFBJSZhuHyeGu1swSuCVgFREK02g2pYTBljGSnW6ykzCqIZfo09M4jZ4ySnURmZHRcmqt2Rl9qaWbpimNogaRzWKUpAhlNI/Q3BpGqJQIKacpaonECKdMMUTJkJzNlClVqjMlTXK1SDelMuwMhRRTNqW7vpJKGztJIdUg3aaplK6fdVNrypHoglSJiFCRM52e0qUUF2yhlplIkZkQEVIpNZwowAA5uUGQJSpYKMdmYmoZNCNR3NK4FLsUUiSASBU5AxsnEikFKSW2MShxASWN9ASlhpqMRYHm1trQJkLzbpahbKC0bGJqns0iM0sNgTNDpSs1leujVaYXi1mRbMvhpKhEkZBtlyBNa6p9KC0nQpaC1mwTxoLMJpDkEbfMUITspiFHJGeiImcQKiXatB5bN4tIoqjOO7c0khOwVPsYhxYGGNpUrFgschqwFWoto5SIGNtYskSpZAvUlGomTISypPToRz9K0mq5KrUqInCahkwTpViqfaaDYgwqtXjKzExPIrqiKUNYpICE4irbojUiolkU1wBP40goQtOEkGwLRUKAEcYmapGnljJ2yMPUBF3tQyYEspOR1XjEvOtK/bu/+bvf+93ff+3Xf91paqUGIYPblKnW7LYupcy6TrUCObm1yc22Yu6IKjIIVbUphaRINTc7MgIVSUhRopM9ZauqJYqLwZmpQpSSrRXCcnML1VqrM9uUEkWFomzuSkRmqX0gSVbJbJJsS5BRokWRFAQRsmhkKBxupRXksLIUKRES4aJCUIpaazLZ2igUpY2jM1XUadbVLuTWcpwyp6lnoR4ZCbfMcYou7ICM6LDHqSmColr6eVFrTekSypZutugLkppNIds0ZauKxFXqSnSlJjmuRmOFW5ZZLV1kNrd0FIpUuhhbtmEIFQVSKaWEqsDZQKWIFqmcWmuZmuyeiDJOazWVGZClVqfTntbjsF7PozTlOI7DMJBglVqkUCbO6LoQ02QnlASl2zANxWPpZn2JTMkmbULBehgCE3KKCGWTDWADoZptSlo2yKQWp0spbti0cFdKay2zqcwkSNJGAjuyUowU0XICuWWTRWlT9l1VH25pZ0RBOEW6yRHIoapMApKYPIiIWhrGGeFUgTQRRWZqLUvRNOW4Hrr5Ih1ArVUI1M3mpauepgkHSlupKBFWZma6qyoKG1uGcA7DIEWn3mgaEyYrFAoFIk20TCXZKDOVmNZDcyKX0ikgGaYxQl3fj9N6dIuITgXjcKm1D02teUpZU05hERFR2jiFZNOcxbVGOJsNcmtkG0sBhW2JiEBph0Fy7SqKbOOUo1TUTJHTNpKy5dTG0kVYmW4tBZaRlbSA0dTWzXop29SG9WBbXXT9LBB2FOXUuso4uFnFYTnbiJCi63qbzEYqJYahlJKZUeUspa+Yht2yTa5dl5OHaShSIyGiRNdpSnlslDK0sev7jc3N9WqVYwtVomSxQ22csrhmm5rbYr7IaTxaHdkSGUU5qpRaojgbEdnclxq1Tut14KLikNMGIlBrdk1aZmvptMYSNaZp8jSWrl97ysnqg1BbT2nLGaX285nXy2nKWSmAc1KolhJlPg7rYRpLTUmky6yTKnKb0iQuSWKLwMZuABhatqlFSFPLroZCaWNFUaAUUnFpbZIN4egqgpYtM2xjGqpu49TGKeVQ1FohlanSl0iLrc1NFHZbLtchSlcBZXZdDZWWTbjWailIEZlZaofVMof1uB7HeSmSpAi5q8pMlcgcpzbZDlckSURpdgBTplxKbU6hEnKGNUWoUyFBYWdmM9SuU2haj6VW0golJDlNOWUTZE6JA2OlAXKihDMaJQqK8DBO45TdbCplo5+1XGbSppYem0MKcBCRmU2OUiLDsp1GkpxOEowtJDCtWV1ElDK1BKHMljJWiQhsJ+kpCWNaEzizSTk1lSIJIZHg1OgEJEBtalZ2fcW2VUMWpZYSIaQIMqVIUjgQKUuym5KUZNuASpCOrnRdjYg2pp2Emtu4HsNkIAWKAFdlc4SihHPMhhgjSpScxqHSh1o2ZaaiIEjhtB0EVsuELKXKnlqrtZCSo6u1lNIy004lUkRpzVObaim2jEtELXUaxyntzFAhPE2ZDRuQigi1oTV7pkBTGJXqbIkDt2ky2LaJ0hTRpozSWsqFohrSMDbLlkoo061lhNzINI50q2LKlKLUMk1tvVxHEMFkq7VwepyMjKdxlIIET1FqmHSW2pUgx3SbmkvtK6mWDSymkk5LUqlhgzKk1jRmKxRKphOKoFJcEDI5TFOYWmuJaG4K1YgmM+WULUQpYUkYSyXkArIcpbRsshpWqCKVitJOhFPIJWhJy9bGFjVqkK6EVUTKQoqImngcxlJCULqaOFvLnDpUSx0d2JIQkpw5tVFAUThqRKON63VBGcjM53NFtZTZsqVxUamlWEXhbFPUKF3Ytlsp1SNpR1V0ZRqaZYVSOLM4o4Sbc5oKhZClErYiSijJVAWhiE7RbLU2lAhnC/Gwhz0CMU2tRozjaIWdskutgsRCOFOQRAWT2MYISFsRTktRSuQ0pY3cWtqqImoB7LSsKFFCCKUNgJFLgoC0pFqLM9MmM0pA1EobW+IwTkSWiJYNOScttud7u0ff/O3f9Jqv+9qbx48dXLxQ+hjHpU2ts1rUWrbWatd1tW9tVGFqMY2rru/GcUrWUoTCtsE421RrdTqd2H23aJnr5VFRMcqxtUotilCzMjMwgZ1ESBHJ1Ka+KyambAFRQgLcxslRui4aXctWBESmTYpGENGDooqMYWgmsVU02VG6UEQllJnNciXUVxujTDcY10MttRJqCer6nkQdhKaWAbUrlBq1lHSGp/XY1ChGipBdItTGFiIzc5VDoe+LIrpQNqdTIcxEhmVSkmrd6Aqp9bBe233tVGmZyEI4RCalRCXIaczJlIiSbg2EhA1GSk9BoSgiBI30NOXkJOfzzo1hmFRK7UqRMhtWLcV2qaWLHrdp0jhNUtR+Dpktu1m1hAGDSu1LkI2MLJSu9s4knTWkHNuULWsFxbyftTYNrUWhqGakCTv7WQ8gosCaEBlRiEmpkO1wMRlBWlKxM1vDgYSlcDjStu2ccsqoqrUzZGtJM7V2dfSolklWxSQUIhQKgATcWraWmKiycU5OI+EGKpEtUShwjjkxJVmyZSYwtuY0zmlqtU3j2EoppZYxsxhCpcgKMqdsw7CWI4KWKOhnvVBRaW4phBBCGSgzohiVKGm55dAaciFKKQStAa0oLIZpWB2Npi02NgISahRwa5AmIFwdGYEbhNOrsUGiameCoEhWkUcCo0DI2VBNOazMcUJSlFoAVuux71W6MrUks2VTVGeT6PtZKWUapogopQhaNvWKqON6DXZaUkSxpqmNtfXpdHFO6roSJSIiFj3p1loESThdaijkbJKUWK05+zIvNXJqfTeL4ja5tSkVtMwwci0MwwBRiqZhamnDbDHP9Ogc25TTmMiOqY1VDdewS1eAmjANLbTuu672ytbalKbWrpYIrMktFCVkpycv5r1TCk3ZpFSoq0XUseU0TdZYSqfSQtjNmU0RikppFUFYrpEtDZJMKjqyrYYRspYIlcxMr0up2NlaQPQdmbYjwpltmopU+o7EOZZZR+IER0E2CAUlSSMEaTJCmUEmgbLgqWVCDULSmGtDaymbCHsSUWpp01RqVdCGbKbKttLZ0pCQIUWAU4GbM0M1OsvIokDLbDko6foqRWbWWlXVRUlYrVelK47emWqZCkKFIiKzCfddBWVmyK1legqEqKVQPI6R2aJGlGoDlFqFgNYmS0VFJR14mgpyRBED1FIyp3RA0iglVItbcxMiooC6Ultrw3LYb/stW9pEkJm4lJBLONNNRF9rjRqwGoc2jShUAgGQIYWUUQIkWRE2wmk7HYEyFEFmAkBCZI3IREJSOqdpcqo5ZSzJUM1om2xTLVW1hm0z5lSCdLEthcmWKNNIItxBa61ZdqqWUl0nTbWrgCwRjdbXmpnTOIaqQuBwGWiNrFElWenmxMJpgsloyqnrCkIpqVjKZuyIEpIbVrPDmeqEjZpULWcaGKdRhKLIMp7ahFUKpQQlSinICchVtUQ4J8K2W0vVACKUgWQgk3E1YmqtKEgshbAiQtM4TM2l0NUqorUmoRKSQpJEZopSojhSgZA9rQZTuq5KEbSGrChB2uM0tSmj0JxC2G5tHB0CUWrJzGQKxzTRFymClomLgmpNst2mJhUFQDqMWzYE6eaG3dWqkKgOkxQFIQGBbdsSEq1lttYpQLTMgpBCTC59LRFp55gZgsiWtKRTF31GTG0qUVWkpPY9U3M6AmQsm1DLyZIilVJzBm5Tk2JWq6KQ2dqkYGqTnRU7sV1rtd2cIaVbtoai77qmYoZSaindOK5ll67L0oxkUiqlU8HGlFKEVbqoVZnKNG5tPdWICFkSQpmelJ2bo4Sz5Tg61ZVOoVq69NimZoOb7VK7roTsVITcaLZIl660qdXSpVuEQtx0y4OFrFSU1talIogI24ZEjGOzuyqVgrEt4XCkjNPCFkJWNpAz05RQlGJHy0lSy0koUQGwG6qR2ULRSElItuyMIKdxSvUlotTMzOZSA9uQpqDEmVONQuRmv3HAwU//7M/e/oynP+ghD1O9JGrXzdSmqGF1nVs2GrleD6YVWYqY9f1i0dqkllEAnADZUkQ6o5TiyEg7w04TgYxKlBLGdsNSSIrMaZymQtSuJl6v1qjrZ7OcpmlyV4VqFA3pjqlRpmzTOKl0EWpTiyAiMicImxwzszUmJSVictYoCk3T2AaX6EsJZ6YtJCsqbXJVLTOlLGRUK0gKp8lpDItaimsN4ZwaObXWWt9VRW1tUlqqDbdxJKJICoXstHAiJyGBJrKoYCFlc1cVUZsmk60ls45EUGq1aS0lbDeypqzi2uRGdl0tVtpuLUspJTRO0ziug6ISdjjTSTerHVEqR6ujNF2ZY1s0uaSaklQ/67tWxmw097Wa0tVIQlCLrGip1sbJREQKQkpU1Ne+tWbA2UxQFZNUQqpdjSyMa6eIKW2BotoKkDS2bC2jhoiu1uHoIOlq103TRHo9TCZLdM4GJhAK7AhNmYqIzES11ChIOAXh0myNY5KBZLWUSFuBnMYQiUu6kRm1gJwpFZwWIhIyAVuQoKyUMu+g1G4CyFQoSjjHlp2glCKVrsSUU7NDEVLzVJI2TA4W3Xxqo1N9N5NibFNRFFmUiBinVHHpepRORYTMNE1tahJUVeo4jNiEur5YGoZRNBnsloncWnG4TS2kUiqgUFhDUFrWWiq0MUVKNdPOyaUqp6hRFRC1xji1zKboGy4ZpXbGmW10kyQaOFTxhAGcresqAGUYpmEYZoseh8NJMkV0EUFCtsmSM2ezWemKm1PuFBQpit1am1BRZjMRMevqOI3ObGMSBbfa18TKYHL0MUzjajXUWtLua69QIpy170xX69w5DdM0jlOESi0oTAvF+ugoM/v5LKWgOETz5DEi+q6vXa1tWK+O1mxSS4eyqWSmh1b6UGBrGnO+NRvX0zgOVo0Ip6f1pGIa62ndd33YDTtdu8Al01NrJVSjAg1qVySaG1bfdW2aWrYIzWs/5tRak0IKQ2KSZEy3UElQZkaks7i0nKZxrKXKypxyoqtOyWO62DVkMJmCAIMjIhPb0zSUkJOQSi1YticyGoRkSSDZbkSEnNGVajIHDdPQRa0lxmlyepwmu5WI0pUu+tHjOLWIUGZVMc6W6qrCUXrhQGlnNmxQCeGMqDWqEa057aKQimq2qZQyNodKV4vJaXKaiOJsJtQxtimiEOCwc5imKKUgJGc2NyAAx+RWVHJM0iphJMkAlEJL2aQUOANbksFFkZF2lTxOk1uqSMhBRwdpN4fksJwtp3GZ6rI1UEQ4JSWEijOTotKsWqccAeQ2utRA2EHgnKAIjJuQ1aY0jlAiWVGKSoAMTGOgmEI1MlsjKAqFs6WtIKJzZmtNRRHFKQKaMyWPSKoiQ05hFaorJtMSTCNiMm0YW2u1dzcVFymo1HRmutZwZsvMdIQsmnE2EiEcyGXWVWvKSbXUUt0ys9lGie1pylpslfA0tWxZSoRkKIrEmYmlkAhFhJkiImSnFCXATM2gEhEVJ5mTIiIVUcBSEKVTWpHT5ITIcXSEUNTZgnFNqpQKpCw7DM7JCJVgcirUnJKUiqLm2kUptUzTqKiFlpkRtY9smYlEFIGoNUY3OyP6CJVS3CmzZdrONrVaQoppHKemoghiwtVZa5EDKCVEyZbObEU2zhyGIUpELUxjM4riqTlCIluTgCiElWROOSgVkjOBoqLOEcW2nUlGhkq6RIoS/cjUxglCapGMY2stu66TwEym2AqhWiRMYqdN4mI7PUXpjMZxpKqP0lo2O0pxUCBKybSnKZ0kKkLKNM6gFIXdxnWLwqzv+m6e02SaKGl7aIRCsiQnVFzJNg5Dm0ZEP59FKZkextFm1i9aG9dj9gUUUxudpnTjONmpWtQybVRMg2ytWRkqpZSxNSvTSUrgUGQJmrLNZ7PFxsbhwYEwwrYIy7YIwjiItFMKgNYGo6jhzLSLikjLmZYkhDBYWBTZza1lqcUQVmaCIyJbS0xxcYhCYMxo3NIRZHOLrIEtUBSwohYbSIU6qTk9rId+Pl+vhi//8i/9+m/41uPHT913z91dmW1sznNqpVqlRmRkaW0wShup73oRpVTCKTylUIQIYewiSCM0rAbLs74PScIIDGRKpmWLGkGpYTunZhX3fRcRnlooSh/OzDaJCGOCqeU4Bc2oTZKyKz1FuKQ9jUNLRyBKdIpSImWyNVpzKFOTolhka26OEjEGoEKoOKfWmhRC2AZMiSoIlUZmZmuZbl0p/ayXWa5WiYMIt9acuGCFlCXCSG0a2+TaFaJM0xAKgJI0kMdxUJZQdLUvShPYUkAoEAlhW5MmGkLIVhQDORkiZEk4hKQIJHAhIkIlStDwlKq1t7DHnGqUouJCsSi09DCORfTzfmyNqdm2kVm2oZYSqZyyZc4Wszal3CyUKIKQQEYoKlNTmyaXEAEuUVwhDRnI9jRNCdkmlRpVIlSUSUQlpAhKSJJcHAYRNomyOeWCQGSObkXRdxWytcSASlFFiQtBAZQtwTZka05DNCHRUiUiikRmWqngsjCTCWRBo9kRUQyQcgC20xYhVZm+76RoOYlQQqSTnJpAldl81lpTKZ3Cto0CWmrWyWmUdmCMsyExTYMUIaTSV9vTNK1yFSFFqQpCtAwp+hmkMwlEybRbRpGTZkdzc0YpGrPZEVH7SkSbskh4ai3lpqCqJFYYIHHiltmaM/t+No7rYRhKqX3X1TKTNU5jiZJkoUQppWgapuZ1yyyhoKogEapJTh6iFGdmZmZ0XdTaqTG1KUpFCEiTTNMkAYRIS7XSpsymUkswZCrCjVIi3dwMRKnNGdB11eDaFdLNB0f7pZaN2awrJeazvuuHcTg8uAS1dLWWzp2AEOqiRCBNI2NOlQgr5pvzzc2NvnSQLV2kGlWRrU3r9ahQ6Uq2LF2JrkzTmFNrzlroStfPZlJJAJW+1lKyOVsqNO/7UmtLKagh2zinKe2WLS2N4+BsDiI872f9rAvJcl+7rhbbZIJKlKDklG45Ta21lFFVo0FIJpXNzWM4uqgi2jThjEJIpZSiiFDLJhSlhJRGREQptYoEgqi1KEotXZRShNMhRYRQlLKxWKjWoeUwDTg35vPNxUaJiFIyMoxbwzmN0zBNMkFO65VRURGaMo2BKXN//+BouRxbllK6edfVmmZsU7Z0ZhvHcWzpFJQq25mOUIEuahqCyFDD0zSuxvUwtLFlMo5DS4zGNrW0UWvpsCQ3AlFLs2sJS5kIoxAhmWzphJBNs+2ENmWtUWtfQlFCCpu07XTz1JrTGJuc2gj2mHYp1aAQhOREOHPMKWmtybKdLbu+qihNRAlKiWIZZUQJRdd3XVdtZ5o0BVBXoisBoEg8umVmROmiZLqoiAgTRGttGNYGpTC45USUKCWIwDgRrl1H0Wo1jm20KYEhoqCCHVFLKUoNnqaxTW1CUlGYNk1pqUaJACmRaS1DKVTCEUnmmM2mSCFsOy2pKFRLKKpdFFFKoCmnli0TgUIhSaiolGI8TW2cWrbmqdmqIUjbdo7jBJTSURQKWZJBQqHoSky4tdHNkoRCkZnZskq11lIky5jEBjAKYVpmBtJkJzTbCfS1q11IDgWBEVEgGyq1i8gpWzYUpdS+UirFeMxpGEayGUe4lFBgokSpUeUwpKxwEg1wAkG6AMrWwupK1FoRTufUhtZERKlRC5kts0SJUkutpZQIRURxtEyFIwomW4tSLZAcpUYXUYpKV7q+68lGc1dns67KlrqIcNpuNglFihI4SaetEiRkUxRjy1hAUZa+dlESA12tXaldhPE4jKL1fS2lIIdKX7uQnZadzmkYpamWQjpzQgiViMwcx9EtBa1N09iUbWpTcyKX2ndd11obxymnaZqGqQ0Koka4lVIl9V0tXUgRslFXaqm1q3WxmC3mi672SU5ja5nYCDJwunma2rQe0i61tjZ0/fzVXu2VgClbja4oIgoKAFuhEn0p1VJOmZktkSQraheKyaOnlAmFIGkJRQCkjaxSuiqFJNwAKSxhZWttPWbaSpKiKH3n5irV6LJpHNct00jYCgKnnbbTaoqwmVrb3tqA/I7v+t6nPf0pKt3G5mYpkmy5NbI5QSFUAZXou64rdZzW0zQSKpYgcZTa9T01Qrlej22acmpTGwEpEjvtlgmi1NJFKEoosFxKOKIU1YjalXGcluMQUldqqUVB2kgSzS2Kau2iVHBEsZRpCAlFqaXW6LoiGrJUQiaydbUoapumcEaUUmuJsJ1uNpnNNAhjO522yZamhQRuLduYLdPCdqgIja0Zd6X2XbEA19pFidGe2jiMreXk5pZpCOyW2Olcr8fWGk1RoyCMIISn1pwlSpECByWsQK01y7LGacISACKIlAWe2tjahK0SErTmBHsa27AeJlpfa0RR1azv1BjH0ZlC2XIY1qujw3GYWkKSdmIULgqKDSGVUmoBy0QhSrEhs0QJZEBkJikCp1tO0zRNjchSVKIqQbYkQBJEUZQq2+kkaJnTMNEILMupTJuCCCwRkG6KcLRQIFqmokSgUKk1SnGQzS1ba7RxzHSmsJsTiiioSEQNFMjZWtqtJYCkUKggBbWo1tKVKHYbxgnLakDpqhIiokbXd9F3dkMkk0qJUlRKhBLL6mZ9VzvZ6ZaZmRaUWpwNJCGZgnE6s7XoooQEBlmlRK0Vu6t9V0o6WyYlaq0IpPUwTFO6ZRQVhRQlAmwRqiJqqVUxrsdxPRVTAxtFlFJqKQUZnMqm1txySqm1tKdGa26YrtQSiojS1bRbayVibKNNidJaOi1iNpvNNzYiCKtNTG0apyaXqF1fytQSNVBLO11KCJxuYzM5ZYs6K6UgotQk3aYoMaszRWktFRGONk05ZaD1cnBje3NjYzYLorXmzEoS4eJxnMb1emwelkPtSp2Vru8Wi83FYraY9Uh2yu4iSimZbpm1llk/hymyJUCR0yCVolLmi/l8trAlUUvt+m6cJk9t1vWzWYes5igVhbNFValRulDTlDlN05gTzQa3rIEzW3Nmm1pCZhrc9/18YwHKNg7jtB5XmU0KrGFcj9NoKHWmgnELNzegSBuLxdbOdqiO63Gc1tTqACMiSihUakSRiowIhB0hCBWFSGOKIqQQ2dKgGqUUKQK7ZZAk0DKntK1spKwagd3Rl1Iompyl1Eq4uTWXrhb1wDSM4zhlYxynUFg5jlNrqXTpSi2ldlGjllrttMmpNU8yBgsHIdmWNK3HcRymacyEUghKDdsp6BQRpZZZ7bp+1s/6LkoJwHYrQa2diS66KCXdXABbo53KVBClCpmUEJZFQyoRVUlr2ZzptDNbZk44RWZTkpkZUrY0klCJvutCJYKQEM5GkMZTRoRCIm1UqySFatQSUaQIEbYlcOJswtkmQ+2KJYlQkT3ZmRkhAgJla6a1HNrY2mSSCClCKiW6ri8RYCkiSkgYERFSDRlsY5KQJKUnU2rIAMZS0HV96bqqUFFQQlFVVUoqWxu9bhbplm7GiggVw2RPTdlAlFrTXq/GNo2ZbRwzM91yctoQGtbD4eHBarkapylzHIfBOKSIEshIAttyOhOXcDpbggBlTq1lykUqEUSEQwicpK02tZap4ihIECg0TW0chmlqY2tDG7MlJEiSna0ZlQbpVAkFdlpktiihKNPUxnEchzGnVrAkGaSIrpYAbOXUDJQISQYTJYggqVFIZ07CKgooKVFK6ZQGl1IBG2UiAEKSgFp7BVNrOaWKMtNJdL0wSOAxh2mMWvu+lgiBCQTZUm5pmqQoCkLIALKsVLR0FLmESoWsXe36OlkSxQhlGtxI8DisjVEEaRMNzLBeN2tWu+gqpqWHcWpTji3blMOwHkePreFUKVHCOJNSi0oYR6mz+UY/65Ns2UpFXYlaokTpSkSJGiFKVyZkmslSol8UJCxbVkTpalQ3i1L6npCxpFJKpm0B2Wy7OXOacDPIQpJo4MnQ7JY5CSE5R1HWR4eQL/7YFxOaVuuo0bJh22kDMgmJVFDUYqNwZqKY9yVKFKS+pMl0GkSoGNRk08bRbjk1ZzptyeDMnEbLRAG5eRqncRrSdsuRRKFCV0IRUoSEw9hTy9bINIootiIKlGnIra2N1Wr9qZ/0iajsHDuR9ji1AJOZzZbtiHQCJQpJZmLCiUWUvutKLWE5iNYa5DRNSUbpaqmCHNPIkjMnp2VEoaIopUrR1ahdL8UwTOv1oGTKXK5WbWyyIErBeFy3ErXWjkQliGjpaRynYchsJaJ0VRKhqbX1MOaUCjUVIUGgBhIiopSqGpYKUpDqQqUURUmB1DKnlm1qbWLKyZ6K1Jci4mi5Wi4PDYUSNZAkB1FLkRSo9l3iNrTmqatFeByHlg2LJIoAK1EYmlKSjRR9V9M5tqllRoRKESKQNU7NmQpayzaliizAThQIRNi2ZTuzDeMkiYJa2rQ0BgU1EDJJTnZE3dja6mazbGknAhMFoagqkELFCKDWGqqlRNd3luwESQGUKLWrokqROEVXRBihjCjFCoUARSlyZhunli2zjTakk4RM0i1NKixlJmkUOJSNzFZKrSVKIMKNiNKVCoZ00jJbqtZQ30U4AlAQwijBxgac0zipRCFkpmzYCpWIUropJydFURS25ISWk4CqghvOEopanc1SROnqfNZ3RSKTkEJYgVC0No1jk6BENpcSU2tTTrZlKSUIBRHZTADYLd2c7qJ0fW/cYEoLpFAopFDUrpMi3dKkoNmEnW2YsJ2JKbMuapGkCCLG1gJFRKmFEjgjlDmsx7UUXY0oEdSIsl6tFKXreklOi1RxSC1TVo2SbXJSulr7IpVAKWe21qZSy6Lva1dybMvl0NcqlcTpjFKopTmbk4CkK6XIQC01KKGYMmuU6GqbWjbXUoQlopMRao1MLEXfVZt1m46OjtbrdU7e2t7a2NxEmWrr1Wpvd284GoN0TlO2dZvGYSCEaJkJ2droFtBGh8hxvRZJ0ZRZUIkyjuOUqVDUEGS2sKRwc42+dr2DiFAwjuM0tJwaqbGNlqZsrSVFmdkMcpvaNI6llNliUaK01oxpTSiiqFRUE9qYxrKH9dDGKaKokGMTFFMUirBa1xWrDKul7KgV59gmwhFqLcdxbK0ZUBiNQ1sPI81Cst1ybJNtQoqSGGcpRU0g2U5NTM0ipFKQUtEmZ2vTNGXSddHNu0yP4yBQhK3MJigq6SmnCVpmqihKN02Tm0uNWkK1uFmiq/NZPysl2tSyeaIJRQQQUqjWWsjMtBShMHI6FEMbpYhQZpK2opQopUrOabLkRKbWWVf7GpQqUI3adV3XdU5HYqpBcrPb1NyaLKIaUm4eTSYmW1d7QcuxtbSlUKldrYooCoVKqRFBKbWrtTgyPbUc2ygVETmlydLXWvsISXJaOCJKlPW4bi0FU0sbMMYSEUq3qbVsJKGIKLZbmmzptHCzKKXrC56mSVJXa8u2Xi/bNI3TJKmUKkhEYhFdsbOEutLJKqV2XS+FcOk6SXKxbUgnAmFb0EW4VKdtj20Y24Ss6AKpi4gIFVAptda+dF3gnDKUpYRQ5uTMlg2i1q4WYRkyszmdOY5Ta23W9/NuDgUVpy2yWdhpCIlaa9/VRMN6GqbRTqMQfT+rtTgTwlKVXRg9GnJq6bFELRGWpolM0hYqJSDBZJOThiQVQCGVKIUoRIlaSkeEopC0xjgMzkyjCIRCihCynK1J6rpaunCb1ut1G6Zsmc4IqSihIgW2DZIMbmnlpFSoKghlcwPADUu1drVIEU7b2C6lm8/m88Vcqm5Ta1MEUUtzy5ZTG7NlkZxqtrGdMoqQFLLIbKNt23Y0sJ1KyV3XJSZTIMJGiiqBpLBzmlpE33edhNOlRJGm5kgcclggO93a1JpJpzNNK6FS62yxyGxtHJtVFEiZ2dzGNk1ja80mgf2jZQ5TKSWTnNLOrkQJZU7TMJbSRSlVESpd39fSixLgoO+qUEildiqBSbdpHFumXYQsq5YSmtqUtu1suV6Nq/WqtYlMSRGl1FJrTbwe1qmMUkUJeRwHiMe+2GOI0jLJLF1x2HZXFZJSzmZsCVMUznBL2UNLZ0aJiFJr2FNmdtF1XcG42HKCTZK2RARYgBRFUAiVcIAFuOU0TVVCtltKXdfXWpDAdhobmhWolqglJLpaKNRS+678yI//1G/+2q9Zfe3KNKwpJSJKKWQ6W4kuipI2NRt1XReSM9NEh83kbOk2TY2UotZQlFKLbeMoBcWs6wpBm9KZKMlsU7YJCSunhi1pY3NjtpiXqLWvSRsz7cTypAxnuo1OY0E6s2FFlahRSl9qnVUR0VUjY1Ab18N6yGwulSSbk2ytjdmsqBRBs9fjZBRVUaREkbWIGhMNpAgbIkot6sJWiKiRmc4spUaNYRzGcSqldLWfdTMkHFFpU1utB6eTtOikWmqEKmFQgiFCFVDz5HSbPI1jTg3hzPU4mpQis405pW0cLlGKwnKhq1GLEIBKia7WglRKJTpJUcDNVmaWCIcIuqKuK6XraglBoFBE1EilaW1qVkhd6WvtcGS65dRacxMoJ7d0y0YzyLhWSo1sVmBpyhzb5HBERDgkBSoS4ZQUpRRbNYqlAJyeMsmQQkUE6WlqGIHt5lQrUQMVaNM0trE1EMp0yylq6UMSHSIiIkopimiZmYBCChWphJCtAEsJJlubsrW2lmi0RjYjKDWMkBGUEt3ciCaanek0IQWtOfGYmS1lmqdhmjLHhK7Uvu9rCZRTZiEkAVNmghEogmyZE0hFXYkoJShFklPZGmRrOY4jdi0FqdSuK5HGrQkTEQHIsopV1MhpajIt2zSNrU1dyAiUOAlUWrNNTikRhOSoEVGsUJBCpVLClidaOp1911sMY9qOCFme2pjNk6c2QUYJlZLZxmlEjlpLiXRTTmFoGaESKmJoUyIbRSggMjBWQpvGaRgb2Vq2ZknZcj0sQzGb9dmaUKl9VDmbgszEcrY2TZGazTfSyFJltZ7WY8rM+24+XziUYvIEWfpZV/vERFSVKOqdolgmc5KUptYuShmGoQVd6VRkZTPjMDilQCGlQ4pajNbjINSFat9LSntqrUR12iZKJeRpcno2mxWVsU0VIaZx7IuyiYhsaWJeq6OUiLBbBMpsRMSUUxsYp3VXVGqptchCMbVpaOv5bB7SMGWb6Lo6tay1dN1ivVoOw3o27/u+W6/W66lFkacpa5QoZVZapsA4MaJN6da6vkAIVUl977SRnLKmnA6PjuaLWdfVtJ2ZzaVEKcWi6/tSI2qRFSWnNjU3bKlMw6SQFF0nxDQOJKXWnGrLVqLUKEbklETaAaoqUTPHguQsRLYWEUhkOto0jkZdrZmZTjtr7WutEcpsRTGM61JkkePU3KLUrgSQSbEzVAhbtIakdNQiAjfVKJhS2mokIqKkham1OttEFFmlpMGZxDC1JEOupXZVLSJHRyoq4zQYlygFEofCdkTJTMk0R6022VpE2Jlc1pJSsBLl1EqVLcBpBUlK2QBJjtZcVObdgrChtbRR4KFNuKo4pFLH1oqiBAkJkKo1l2PLVmpEONNkimJbsgrLcVA6IiQP68HJbDEvlkspEIpWIhQtXWtIaqOLAJl0MiVdp1nX2xkhrMyMQFRPk2uZ9918fjwiQrSMlulmF9UaLaWc2khiBUURHq1gShdwkyIU0zRO0xildl03TOPCntYDoKIaGo2ozlTJoEzZohY7LVVFs0xzWCjHyc1RS2sDiq7rQlK4UEJA5DARHqex6zqh1iZSLZsQRdmap8xSQjE501lChLFQtGlyOiKMhUCYlJDsiFJsr8dRaSkUCSpdCVSCIZXroZQgra5KshsEbipRq2SQQpomR2jWzVtmRJOoKiCFqstoC01tslQLirAtW4CVnoIaUqYjAsSUVihCIqyxudawybG11pqy2ha1lohQ2oqcC2TLE+EpSo1CmkinHI7al2yqfQXUGjYwLFet5cbGoo25HJaz2aybd9OUzobKME0FlejIpiIUzjHlqurW1uNot0y7tYFCUEsFxnGqEaEYx1WtvT1N4xil5JRtal3f4wSVrktnpiKEFAq3MbOVUkGllFLC09SknNpyvT6GX+alXpL01MZePS64qYRBJp0mcpyiRESkEVatSbbVEAqoZCJK7ZXZnDkpVCRlNlCtQVRn1igm2pRE2kJ2NilKjVKKna01JCFJ2cI5DnbfRYlojOFIG0WRWzZPlmjjiAJcSr+5eWzYvfAJn/jxf/rnf7l14sTuffdma63lYj5rbtmaHMpQpAyiRBlywqXIObbWWhiFEhfKlFMppS8FcCkywzjgDBkUEVKBtN1sT1OpVWjKUaEoJSwnfRfjlFFqBCqKKFHFhFu6I9A0NqxSpFAttTnHYWglSJns+06FtHNqEaWWqpAJsGVMtsxsLnJWVaFiT6TTVVjhaAVCUlFIrqVOmcNqDepKoBKKFNnGMRtYCuSQjFqbkErUEs5UuvW1qJQA2tQUpThUWjanAUqhNSZadVFRJ1ktcxyHWmpEqbXaaau1sUanEHK2VmpE6aZh9AjVUjQ3RfE0EVK2RC6oYTsiIBXhxOnAEZU0JIRCIlq2dCYGFUqE3KyqQAQIXJ2gFjixoGWS9tRUCnJr6WxyqTVqxuSpjc20lp5ac5JTUwHJmaXWrnbNbqOnlqWWoDicabJJoZCSzIwS0YUSRwtVkRCEk0ZOkpqdLavCimnKdIYCoWIREZHZjNyKgijKLGNrkkJSqZkpkBSKVIZok0Wzm7NAGjDklNMkp4txkoKchmm0a4kStYoxHbX0UUc7o/SlC2jTNE3Z9aW6tDJ1XbdcLZ0utQpnWk2WpezKjMJ6GmTjaZqy1iilb23EKiGFVKKOatiK2WxmG8BSqBIpSWErnJkl3QREnYaWaoqw1aEIj9OEm4lSA6K1iSiZrUjzrmvZRKmlGEVEluxLcXoiPaYwKtls7Gx2dLWkSxUt3bzuSt/X6iwRwm6N9biKOiuhrhZTWmuVcRrHzBGzWGwQbs1RZNtS1/WpTLd536dra9kVppxymNbDstY6ttamtrGx1ZVwiUCmSMXIbZp1fTNurauhqE4DCpUoTqq9HtaLqNTSpmxtChwErbVxGAVE2BERSZvalKaopBNcSq9SFAVaa9OwHlprjkDObLXU+eYiShgNbRqW65BKME1Jia6rOFqiEsBqGDJtt/WwdjaDIiIKCtNSgXMcRodLyI2UnWYy4SIR0XezEnVwa57m876bLZwGASbT2ako5MwSXelqG6f1eiA062ddX6IWCeycMsdpNQzTNMkErYQI4cQpIklMhEqRSklbqfms70pFSKEaXd+VUqUoKoiWrY1DywlUFW4tx8lORJQglKhN2ZpRpF1rdF3f9YE8DkO2DFFrSbeWtJZFIcmgiK7r0gYIDethPU4yCqKWErU50yPylB7GcRjHzGmcmhQ2mUliBeDERbIVpXQqJUqECmkZkLLlurW0S9cLpjZlG5zjOE7TNJKZAgM5jW1Yj25TUdTaZ3oc2zSOyC3ItMIyk6dUGrXWsCWHAqSIbBaoCJlGKWFoRkEEEajE1DIzhTC2ZLKphrpaqaRT0WoJRYDtbG3IKSFNy3S45TThNmW2hOZsk7EnK4iQQkQoipAjShg0tZzGaRoHlVDpum7Wz+YKKxwCMbV0m2zjZuOWEUFoam2cRrep4IiQFIqWLZMSRUikuiJySk9Tm8ZhHFumW/PQpmwTQlIoFCYs1MjSlVJL7UunToopW8hI09TcLFSkbG0YJwACEQHOEhQKbjZSyNGa0yZAIRO4RCB1pXZ9XxSZOY7jOExtHDMTK0RXetA4jOM0TtPU3Eim1tqQOdkmJ09tIl1qlbpKlBKWFYEAZElEkYL0hAhZmSYDJ5bAgJMAmjMiSldRkcJJZmKDASwQ4DGNuyopsk1OO+WkdiUi3DIxwnZibCWkybRotmkR1WIaJ2cDQkpkjAxquJYgNAzrsbVSS1F1ZrYmSXJz2kxjG4a1M1WmRM3TNGbIY7ZsaWWtXSnkNDoboahdiS5K7WvX9V1X1PddLZLD5JhT5lTscRyGcZBsW+TU1KYpSaUFtmelzmbzEhHCSKSx7VoVUVsmmbXUkIZh1bI5s6XT2bLllDWi1lJrafZ6nIZxGobBznk3Q3JIaUXUKJAPe/Rjzpw+MQqitDZmazLGSYpAKEIo0zgJJNrUnKKEyGa7OQhL0zjkNEGCVVQk7KrSldqyERicShoWCpw5tXEY3SwVRRg7Aaei5TiNbViP05gWFIUUEaWUEhVbEWBwa1PmuLHY+Ku//vuv+8ovC7oTx88gFXmYpmk9Oj1NY8spFF3XK2JsTSpRVErvzIiIUtxcJJmuq32taa+HQWnnlKQzp5ZjG6epyVZRLYWkZcucUlaR0pIaGfLUPLUR6GovRzYDiqJAqJRSSpQi2yIShCxCpbm11pwYEiRKqREFAjc5s7WWE3ZE7WoXJULRF/X9jFIQiJY4ZJzTaBwqmc7WkE1iLNkZYYSkafI0Tl2ttXbhFJIohRTNU5JRaz/rKJUo2XIap8wpZQUqxaDAygDJmRYKKKWCLctCUYJQKCzZzQrJZEuJiGxtHNu0Xi6H9XKaxmabCIUaY5sQELacyITTtp1ItdS0IwBCCuEp3SbLLbN5TBsy3bLJoADFlM1yKPpSikKlykbRdbXveluZDbDTCFBSFEDL1saWmZYM62lqLeUWITKtVJoIIoxrqSXCNlCIkGxaawopBAmBwplKakRVBICdmdlkt7G1NglK7UMl1UzLqeFEKlLUaLZCaYNJS0qDbTdEIaKWQEBiSLnZbbVajtPaBjxNU2sTyMg0zOTMHEO2c8pM03VVimFaWZpakk6yhLAUmnIq0XVdB6zW6/XhchjH9TSt1+tEdgspyck5poflemyDZJzZJuxhalMbSQe2nUktUtTmwWQoQCWQALoSkrKlLBxuCTG1hhW2IhJKRFEliCpgnKaWKRWrdKXMN+eIgkqUUqtUStHkVDZFhKJQIuSQpZASyIzSFVkK6CQFEKWvVRmSpqm1yaRtM7U2rAePzkQaU0M2sIKSDNPUdbP5YqMo2jRO45jOYTVMbaqlRAnLUTvbw3p1tFwmpNuU0zhNzUSUftbVUkudjcO0Xq+jqOu7GkVupN3cuq5TqW2asLOl031XLdo0ZqZUIlSjm0rmNKWzlFqCzLRRSMkwDNks1M1mESHjSJIGUkYpimBKq2XKU5vGqatFyeTsQsZ97TI1DkcOr0cEfVebyWmiqihKLdPUSKsoEompWa2NOTUbouvCSemjtTalpURyREihgj2No0IlynJYhTqphQIFUpSqJDQ1KMK23aaWgaPrnetp8rzvNhabwzRmptNdVzNoBqxQjWitOVQMyqQoAHVdnaZ0SxCycS1VCoRN5tRaC0oppZRAsh1R7DZli3REB3bYKKK0zHBSNCuz2tdpbAqXqOooRVO2nCyrlkhw8zSMUaLW6pBJAMmZqsGUOBzOhhO7ZQmsQACtKUqpXRtGOahRTXNRRYrWmqQowo6orVkiyTa2KLUQArdmBUqa3XBpNpSIUjylocDo1pqxIqSikELYakOL2ikUpUS4i3AEAWFwKklFuJaq9Dg011VL11JL1LGtGgokicLUPOXY1ln7rpvN3MipFaIpa9XUOghZhCk17Kllg1rqxnze3OSUVCIsqrrmCZNJY6qlFgLjzEaWEBlAUVXIGNtBTtkyTQgjOVUisJpbm0ZCcuu6rqvVmZj1MEZEoFJDBprTE5KbFNGFmz1lFvXdXCCVUsLUKHVjvhBkm9LzsDOctkClBikg5CEtScIkKVUVhQdCXe0yWptak+0W0WGpSEQEfenWq0FgEFbUMGCsdGLbiQkHgRXT1EJ2gh1dDZG2pDTRkgjbCplESHISFgAtlW1qjaZ0KBwxTUOtXRc1nVO2oNDSVQ6REIqQM23slk5PpZFdLW5u2Ry1KyXtqTUiImQ7WyJ1QZpsDSnHIaJCTs1dkLZsFTFNEtFFiYrH1jK6Mo4jdpSoQZQglSQZEm6tOT2o0UhwFRMhN9o4Ru3Ck8XGYgaKiEmqJZqzjSvb09hSiTIsIZPTkCVKDVBkc9qlRnFXSzUeh4mIGiYiyMzWGqUWkmka+nnf0rPZIlTAbRhrLW0YiVAU7GyYqaC+X0TYIAVupRaFjPuun8b15nzrlV7xFX/uF39Rm46oEiWYbJABsGhkGKkoUyFEBNky0wiHZIOquowESAQpF4XCLUnbU4LTzZml78NtmhCRmRHGIAWluUkKSyopKywXO4NiZQopphxpVhS7ZaYiJW1tba6Xy4//5E977dd+nZd+uVfUan+i9FhRmsJtUNQ0SYoMgaK15nEstYtgTOxECNWYOdLDOE1jKVGizmdz7Mxstt2mFuGK0jaEVEoom6Ir2DVCGcO4zpb9rJNScrZmuiJG25koai3TlKCkqTmdVaWU0qZpzGmchqpoRiVKaJqmIqyADDO1NI5Qa64lVJSJ1SLVsjlKKRSHpeZWJJXIqUUpoRiGdctWioyEigqday3Dej0MOevDxmSJGKdRihLF6VnfRXRRWgsnjEMrRFUAUSTbVIqdTFOTcLEjainpbKs2FNciSli05lIoUcYcx3Xr+k4RaZUSsjzrAyLCUk6tdJ3JUJQQge0wtmt0DexMMiiZ2VrWrlSVpFkCY5coSIGICHDinFANTCZRShUqCqfdjKamUtIpM44ZlWxpsBtgW4CVuNGqJUoQVja5oBBNYSyjdOlKk+WgtTa1EsUkSdqOUqIUxdRa1LAFExTjlJ0ORXSBAwKMjK0IOUAR2aywE+SsJSQpAhtkpyVVcgw3Z2m1VAHQmgOj0prX47DY2ii1iwBkcnKTXGrvzGGaapSgZBtbWnJEZ0dOrUQhXGopruM0lYhQKaVka1nUPJLuu64JJf2sy5aTW4Ta1FCUqACKKdOtDcNYo9Suz2xjjn3XuzmzjZOJkELNFGWbohQckLXvyWZLFVxbm4Sjqk1JRKjYTtzclJ6QbWeSbtFCQRGpKHVsTbW4afJUskaNlMdhQlbUcWpuSXhq6Zal1iI1pz2Ng1ScmRQZ+kWfmdkmRmdRqIytCUrKWAJlRa2NqPSbizpNNkh919kbkhLZ2dqEZBusIKIoohYVabKKqj3JHsZ1dV/6WHSzcVi1REVShOwAlZjVmcHNdss2ldJ1XRehbCYJyjAM4ziaCUVElAglUnVzpodxGIYBiCCCUsK0sU0liq10s5mmluOoiHk/62t10te+dtWyTNrOTLIxRu1K9EUqUZAKMjjdWluvxzZOY47j1BQlSsWZAQqanYmEwG6Z4zjZFNVaaybDsJ6YKEozMZGe2mC6rtYISGfD6WGa3HKaMoKudrVGqX3Xx9RatraahvWwdGvGpZY0Y0u3li1tZ4gIORI1K0QtpXZdQK0CEQgBzWksGdwypwShIqTWJgA3QWsJgIxzcHNKAlua1a7UCCmQ0zhLhCk5peSuq6V2Xe2iFJRCljJdIgBnM3amJANJyBGhCBmFVSKDNMM4TFOrXY3illm62s2qKGBFERFElCKhsIiq0vezUkuSlGqJtFCUQh+SQpKdU4MGNAgTihCAnFNLg0mD3eykTcUl0ZQTxpORnGmck9QSqfZVtUYpU7apDbXr+9k8uipFy5zGyU5DgKHRFCIsbKLWUJHTbpipkUa1lBoFkZNXw9iyIWGblnYTEiFBpFxrLZIaoRqFWotKRFeAnJJMRCgqcsuWjhDYQT/vur6LoNRSailSlKgh2W2aEkMoythaptWaE0kkiG5WAxMpFeRhHDw1tza1wUIuGIQJRZFCUi1SiYajyMrWptaaogiRbZzy6HA1rseIqlKKA1QKlsdxHKb1ME6ldIvFBhgZAM/6btbNIsLNISRFDRWJnKbJti3bKCQbbLfWnJOlzJSZ0rKAKHJRCsByANmUduLWhEupYacTspYSRQ41O8KExqlN04RSYKvWLorIbGNLkBAmJNPSAaWUWkrXlVqKwyINUaPrZ9ikIkSK1sZpbImidLM+8HK1mpqjlJCzTSZDkWlPrQSe3NJFilpKqJToa+26bmo5TYlVSnRd72ytpYStoeV6vUZYEREC0Lzv+1qdkozsdC1RSpRZh2I9DtPUDGkP4zROLY0MMlaJohLGIAotW2tN9qzvu64mRqTpun42n9UoiVKJiopKKBtpt5YmMm2wHaWsh7FEec3XeXWgTQ055bSd2C09YYcUSaiAk2x2iQISUkgRoSLVAColCgA52cZkrodhnCbJTgsTgVVLiVKilKQBbcrMNLKNEapdUSl9t1jMtkpVphrNzhxp45jprqtdV8kooRLFLcepbZ847vS7vtu7r1cHm8fOZJvGaSpdD26UiGqYpilNS7JlZk5tmqaxTZ6GlRVd30ctUxuxkbquAzW3KacI1VqqQtYwjNAyU2TX11KqUIh0s9vUnNmQpDCMLVtSVFqbMlutVTWaM6emUIQyM53jONlAa7aQEKFShJS2Co5QyAhUIiJCynSO0zSNQ8uWQ2tTm6aJtKQmJ01RhJ1pCCJE6atKKCIURulGRkSdLRZdV0AqUSIwzhSyW2s5mTGnKVuma8TGfD7vu9am1pyJkT25YRup1DomOWVAEFEIT3KQAJmtpY08ubmpFKwi5Igafd+VWqPrqooj0q1ElBJQaBTVrnS11Km1bBNWkGSLEMa2BFaEIkqJKmEzTVNLZTqKRScZUKmKQCpSUWS2HJudy9WyZTO2JpwIZ1oSAiwsRYk+arOmbCrKzGKVUCpEYoNTammPY7aG5QSMlGJsObVpnEYjrGxJWBGSGpkJyAHp5jEkMqc2thwBBc6pgZM0BmNFRJSisDGJsthYpUadySERtVbAkKZls73Y2Ojns3Ea29Rms9mszsjWmqVSa+2otpApJRS2JqczS98Zu2GXUmIas7WMUkoJBZBtzKiln82KIqq6rststkp0teu7vquzUiJqqEgmAGp0fUeBJhFdNy8Rh/uX1qvDWgohcKk1VJCtcGYa7C46lSKUmaJk5jiN2FJOU+aUQpktnbXWUistCZQM4whZu6oM5zSOOU1TX2qtNdWcFFlCYZvVsJ4yVTTZw3qcWksPrU3Zso05joOxRSYNohbh2byvtVBCJUAlQoqG7ckmm9fr9TCMTXSzfraYCZUIFMN6WK/XLZXNUUrXdf1ii1JoTcF8o48SrbXWpmnK1XqdTaV2cjgd4zitxzHtVLZpHIZ1RK2l60JG02ScloachnFQaGoTbZr1vRTDOGS2UkotoSSnNJTaldIlHsepteZ0iai1E7RpHFuCau2QkqS4SEYKTdOwHqZpPWZz1FJLlKjYObU2jTUiIBQRqERXSglJmcLGSSAKUOyMoE2ORBAKCUDkMI2ttVBx0Cb1s34+n/WzqF2xaWlkO7taS621r6E6TeO4HrMNbcxApVZSU8vmzGQasjmrghIY0kUREaVGy1RrY7acpnQbp7SpfamliwiTU2uGaWpTmwrMalUJLCeZTtzSQv2si6gqgDPS05RuEWRaCCmbS1XtasqWZFQESqczCdWqiNpyyHEUTlKBEGBDyLZtgQgpU9hqLYVL1KKohRI2IKFMDIltNzCkW2ZLJ1OOCoXCbuASjirh5oZdUkVCmtLZMs1lRooQIYqkEECWCEVEVBtJyKWoKgKMgBJdKZ0KhlBUBRQhlaJaSlcD44wikVGiRj+fz2ut4BKlRCgRwnajZbY2tZxkMF2EFInHaZKi77sw4BLVIghasyilRyhJ0wAxtDFbQgRWYmvKxI4otZYopXYlQBBSRDFGkopUnIytTdM0JRAWIUS0TKdrKaoFRaC0MZmpKOMwHi0P1stlNo+ZVrbJmFKEMo3dMCrFdms5jZPTCpxyKoprKRGy6WrXdWqtjcMQmK7ItNZaa9M0WpCW2zSO2SwKRAk51XJya5JLSKFMZzNSdLWWUKCCRcts09ja5ExPzrQEQS2SwkiYTBsAS2DJUbtaanQKBUrI1tKYiFCJGraNDJCt4VCNEJJsl1pr14dcSqegjdnkAKxstlMUI6czXUut0eeUUSJq1No5NKVLqbITbLtFkWqJvqvhUqIKMlu2bE5UHESEAwUqoYhSaoBJC+xsLZ0lau1LRLUgRxSKSPvwaJWZUQhQ7Rbzja7042q9HlbN2VrmumVSonTzWlRCIlSIWgtymzLdrKy1K+ok1FjM5kGVSmvZ2pSZxm2aIoqtcRwlooRtrCmbQ1KkwTkMq2FcSRI5HBzafq1Xfw1gGNazbh6EKCWk6GyEChElhKXoag3JaYGxQlFkso3rsbU2ZstWu672fQnJjOlpTABH2hGlL6FgbCM2IFNLlBBYbiajFOOWSZqcpjamIVuNoiiSo9SCCJVSu1mpte/6rqt9a2Nf+42t7Sc85Wmf8LEfM4557OS1q2lUhAqli67WrqtSsUmmUko/m9dSbVOIUiWHSoQUgKNEKZ0B43SbsrVMWaESbs1OR0SY5oZBkdmm1rK1qWXXdfPFzAq3zDalKKVIBcCkczKyQCKiRAml25RZQrPZvOu6ZrDDOJGNEZBCRCm1K1KJCGEyFJGoRUaEwkU1p5zGdGbaNpKSTLIvXV+6Esr0NKzHqU3TuF4fOVHEar0aVuucxtZaG51ORQ1pWg9tmrJlDi0NoWlqdhbkaUoYWk5tjKKuFqUCp9xaZmaUiNoT2NmVSiDhbCiKSo6TMx3hQiYtaSnbaReBnZbTmVOCaXZmZrbMlpZVKiHbKmrNk21PtiVMGtJZVEI5TW0cJyunzDFToRzbNE3raRqm0Wl1UUvX1a7vuhohwpZSpVYZiZAQcgYgFRQwjZNNKlpLMwWKUBoy5YSQRKjWAIHBnUTizHEcKCpRQ31ECSmbM1OC9DBOOYETLEmq6TZN49SsllEsEUpLOMdxHKbB2UjTRBEIcNM0ZTjBwKx2Etmy1K7va7GYPE3TlFM6o0RXKyTp2tcItWlyayijqo+CXVVQuEQENrUKAEOptQ7DCMasx2EcRxHZ7MxAYIynnNaZzjZZRAn1fd93vbEblsdx9DSmkwhnOtvYxswmyGx2U5B2y5YqURWgCMBivuix16ulUYRLLVFrlNLXrtZaaolSsLM1lLZbJkpB35XZfN5wa1OVuq6WWqPUWvuoJayikNUyx2ls6ZSEulnXVdVSA4qj67uur1UhlaKI2lVZoQhlS+R5N0Nya+thvV6tcmpShCPbhNTNZrN+1s1mXd91gTPH1uRSQrZVytCyNXJqUvS1G9ZrHKWrZAqFCZOEAuNApXYlhGHMaRhWwrXUrtZ5P5vPZ0HJ5kzSZLpl0loIiIiIrogIRT+flVJKqX1fu9qnnS2RCGp4mob1cjUMK1Jd6aJUYTtFdKWiIGnT5Gy2bUsiYpzaahijRNf3pKfJJULRSU7bNGQBspBUJzdHdLVaykxnJt7o5yVCcknPutL3nZNhNQ7DWEotVTbplKJAoNbasF6vxtXYvFwuE3V9qV3Xd30/n9kM00ja4HTKSApq6VRqBKv1OoeJoFBaG1fLIZsJLNVaZn1fi0KSZMkmUAkZRyCUzkxKKcKttdaSlmNr4zAEJQRBUUQJR2S6TWNmCyjIzqk1AyZtKaRAChSEjeQwIoydmTY4aUnUEuAcW1BMKmpEwbKjomlyTs2JCBtna6bZDbAFtlu2nBxoak2U6EuoWkzZxsxMB46iWmsAie2WFiJJ2xjXtBXYqdZapk2mpSAiImTjFkaSbWcO2aZxrRK1lkohvR4np51uSa1dQNKQZCICCUC0cWo5GkIFC0JRWkRmy2nMRIUas1I6lSDSzY2WzU6DA4OUWSRkT621ydM4ZWZmSLXIyLYlZFslCmCM8ZTZiOgiQJYMEkShRpUi5TAF2UilqzUB0pltaplpZ2vZdbPa912NUO1nHSggHJktpymnnLLZbja4lIoDoDiiw56mVKiWWkofUaJG7WY1ChFCslDpokrsHy7bNNaulqLMsdnDuB6GcXKiaElVCVAYK9LY2QwlhKfECkIqqlJIKpKCcEucmMwUBnCzIh1YoMmjM5MENySEPWWbcgSBpkzbiLE1Z1OUElEUERIpAgQiqCqlC4ozp0zb2bJNmQpqV7FbmyQiim3sUmtIpeuCcEsFUUWopRPVrpTSgWrXz2YzsOwSLlHCIrUe1uMwNbsouq4qSracpklYRJvGnLKWPkKFKDVs26qlU4SwyX62mG9th6INU2YbpyFo826Oo+UkRZGiFpPDMLZsECWqTE6jnZSMvlPBeGrN6a7Wvu9rV1qbMqcppyJVRY1wIFuBjECKGkVSQrNRRuGlX+7lu66uh2E2n0lBkSWTtVZLFFFK2mBbpBGWnCkUlJBq1/X9rNSiKJg2ji2bIdCsr7UUS842tSlNlDJOrTXXKCo1scFpS1IhARsQLXPKCWeUitTXTqWkm8Q4tvWwFqTJKamReP9gv+u7WsrXf8t3/vxP/3BSjm2fWA/rULRhWo1rhLMNw5pmbMmIrutVIltbr4fl8mhqlgVyyk6apSilJC2z2YCmzGyDSiCSVLq1KYIuSpEym5RCIiRH0ayrJQTYbRzHaZjCCgUgoQhM13ezWV9Uau0stTa5tTbllC0icGnZnAlNJaRwZk6T00TUvpaIruuKal/7GjVpyFFUSkERQiEZE5lSFCNBKd28n5cSoGytTVMtFZFINuGc2rReT+OEqIoSjk7OHJbLKac+utKBFM4cxnGYZEopREZEyCGQ2jRlNjtRIQmXcT1M09jXKtHaZJFtyCkz00Nzm7I1SQI7s7VxGhFyCtkap0ynwZltdFghkS4h3NJVgZPWcHNVbeQ0TM6WmW1qblZQQqrKzJxGO4uiEI0spUhMbpmIJEKQOCHTmBJdRhiiqNkhG4QIcCTYqUyClmQaRQREIEWUEgVHKV1ELaVWybLdLBrGhDCUUvqujwgLFF3tQ+lEjiiSQoSsabLTU8vMkXQghWpfRUiJZLJETPY0NUByWqWrtSsipjbVWdd3nZwt003pbOM4Tq2lFQK15nFKZajUtKfWSoRI2c5UKbXUcRydrWWTiCBJt1ZUS4RC3bzv+oqkkAUYiSIJKbpSw9Ha1HW1wDgO6SyUxWIjSpUkKsigUooKzbbd0p5apiJUZRtbioiIGq01qUQEl9keh3EcxubMlil1qlIEatmaqSVkT8M4ZiZBMAzjtB4zM4hait3a2LpS+q6vpSBJcstQqbVmmhJI6VyvV6it1utMO8MJSdLSTK211lraodr3ddZHKDW1sU3TOExTy6l00ZUuEYhMwioqtetq7UrYLSIUrIchWytFtYbN5ETUotJwiWJIIWmySWfLGqWUklhWV2uUfhzHrlaLaZqM+77vaslsBBElUgTANKyMS9RaI9MlIiJKLZYDTW7TlKFaakTRODYgcVeLCNtjm5SRBStNGmzVWiPCzVMbkQRGwhARliXSKdowjJSuZeJotXY0T55q6ZyoK0pPU3PLUpwKi6nlrNYSkuo0tWzZWkaIDJKIOi+9SmRzgYIilCiILqwisjlcVQQpj8PUdQTFTaFaSkg1SjBBurUMKz2FVEo4IVSNVWgtFIScTYqQutIh5+RhmIy72mUJRodQSO5aWiAaSChUnW4lpVIKdkKEmZKiVBTJGWQzxlRrCmWbMiNKCBsbyDRBqRWwsFubFCUUYduZmaigiJJKWZnIpFC0bCIRkuxgTHdElFBz2rJMCUElwNhYpF2IhIKcbpmSgDYluFSKimyDQkyCZmFIOZonudGqutLXlqlGk2XXWoIIkTlN0ySZxuixKzWb2zQC3ayrXWdZCuTqQFgUIp0JXVVIuFnGmAKTKH0tSbZpKLWoFGw3m6hdJ9J2VdiOIOisxERGs+1EEdCcYYei6yQijVPQLBGhtIpAOANRSnN2ptmSUNSujG0ah6NS69bGvNbaWssmAITs5paNyVELTmWmbWOjTBtEqAjGcVTIGUkqbTdRhNKe2hiSFBEKlGRrzaEZxQlEIEKo4jQ4UC1dKZmtZToThcJ2k4ISOU2qEeE2ZhRBWoK00i0nRd+XaWgACsGs71obbWdmREzTVEK19BEh2ZSpTeM0IGFBllCzPbnMBBrcqtWwKAQktSrTpVQykwBaS7lJRfY0NeMSgdVykh1FRpmq4Fq8brZL6SRsh9wSSQUJHGKyVEDZmgARUqMpQyFnhhwRJSglMm2EnG5pFIFiMe+7UiGIlG1sMof18uCgzmf9Yj6Nnqa0VxEyciC5hqZJUUopYSwxZVIKJFHHaXAzJiKaYUoKtfZjG8Lqah0zsUUJSQLT7BIorKgtXYpCXcts47rW+cu+zEv/yZ/+eU4TmbREKHFRYJw2jhDCAAaFi6qlbFOiWRelduvWnNOULY2SKJS+yJGewtCVNrZAEVIRzqnZGDwlgWlWUWsNEWAs5MR2hJ1YLgRu6kq1s+WIhJADzbp5i7FGHD924tz5s+/+nu/353/2mEc95qVX46DMvpsP07pNUxRF1ohATJmhQNBcaikl0oBRYCmyUDIoIYtMOVOidIVJmAjkvgST0pPTRCk1wgaE3WwpopTMidaarRBW1JJOUEq0JqklkqOUzDZNDaglulqMJKXTWCYzJQWKCDuiIGTI1lQiZWVOSjKSLFGM7aylOJuzqZRA6cx0a2kcIYPTNSpF4b4WMC0tubPX45CTZ/PZvOukOqQLjLlubZrVmUOT7UyVrp/NWjanE7dM0lK1jFRKWQ9jiSilKRS11FKdJFNEndoUmVJRKBSuRKKCrVTikFyilIhhmqZhVVQhTVaVULGn9UgERFEUZ5NTEYSrhLDJTKe7rgIt6boq1JiKusyREqEgQm0iIZTpIEpRRABjG2gWTSFZkkMlJdskKlFCyDQMwgkpKS2hUGBHMQ5RItJqam0aonQFULTJopkwRkSJbK2hQBLYlDB2RkREX5wJtjAWliklUl3aKSndmluOtru+9HUmaCgxEApBqAhZztYklS6mdAk5k3TtehUpnUkURalgFLIlpJDCra3W61q7CFnGbsqqGl1pUyqz1FpKlZzpUopCNFprTtcoUUOIcKE53XJEihoqPcM4TUmHrVqqos4X7mrJRnMDlcI4jonVGD1FLW1sBLS2bpZKhISiSGZKk21IZ2uSIkqSTG1QBpZojVIKUpuGKRVQumLUpmmcht5d38/TacIhrPliNkwTKbrANKcbOWW1qQ6XtMexhSwwTSaxx1Y6SVFrDbPoZlM02dlalI55tKHlNFJnoeJqVs0GhdQ80ZTYtYbtKMXrYZzG2nXC45gtm6fs5/NKSGbKLCrgbFlCEy2iqGjMSSTUNo4MZLjvOrLJAkdlPY6CEsXJ5ClKV4Ojo8F4Ppuvh3VrWQrNJRxd6VpOkYpaau0inE7n1GxsQiqleTIRqukWKqq1jVOSim7Wd+thdLp0XXps01RqlUPhaVxnMp/NFLO2XOYEJRowjIZalJnOXK9WtdaiGJRjtm6aulpERyHTRESUrqtGJUq6WanSl5Cdgpyc6YgyjKtwAunMKRRSaY4aUomKNU0Dct9X0zJdghpVfQqmnFp69NC1RqnKjFpkUbupZSSkFQC1K1I0U/sqVCJsi4yQIUhLEWQLyYFVOwWYCOGKbbkxSU104GwOpSSgFI9TTqm0KwIbIZGZpkrRFezWmpGdYYUsqSWoiYItUQKiTM2lq33fjcO6TWkDUnHaspWpCGeThTDgloMtEEUhBVgJVVGim1IlbLlZoVJUSj9M01wlM7EVRUStdWqZZGArFNhuzemp1K5lm6bW9b2jKJTOqJ2ZlDl4iiglIkWbHAEE6QzLYUFCIXGUEgrbdkPhqYnJkixVstnpIEqUlkItM7sAFUmkm1LNzc1QFQTTmAWsljIZlrjMTtvIgJxtchSRQbhlFgmJzAbYU3peS2YrNUS1kCJby2ylKEWmZSZllSmKUts0iFICCYVI2xmOphalK11hzImGjcJuas2M03oQiMsyiep0XwrSMAwlSoRaaxZygm3kwBKZBiOJErJapu1QSpJNIyJII2NZChWHkKOUUguQtjONFV1Ok6luGZQS4cyIYgW2iFA4okCmokgS9jBNCtHaFCValllJiyBHCFqbQoGwSKY2ufQhRcvJSQpNCVFCpqCmUE5OJZWiKgXkOA2imMSZUdXGNmV0Eh5GWy5RSkSJRWO0I2iYqaVDNSKt1sYSRbXInprbOE45df08SmRr6/UgRT+rLds4tYPDo52udn035QQQkZFhYUkapxFnLVGiUIobzqYwlluLWsg2kQjZjaZJrpOQShGQbrY9QsmQpilqD0zjYKnWEo7JYykxjeu+bLzFW7z5n/zpnx8eHViRLbtOTYqpZYAFhCGMnUoIpVSErYgg1+uxrdZVoRJFoXQUEDmlw24qhaIS84IJl6S11iKIKLadk6KWkJ2WJEWEnbIl3FBxa05PQSiiRBGYVizLMi1NuoBCts6cPnn23IU3f4s3f9zjn3rs+Jnz9905my061cxWa1+q7JzSoZaUUHG61CpwYshMO4EuSu1KtswpWza7hSqpWekmMtPILbMgwzSNkrquV5RsDRJVMChbjm0q0TmJqhJFLhJN2Dk1R4BprTmZ2tiVTiXcEmTASCGlShhaa1ZGlCjVLcfW3HKalplIlBIqlIxQOFtmWqjl5KypjJBIoyAcmGlcT6Z2XaeYPI2Noppu4zDMSreYb9hNpZtMDZdSsmW6tSmzZOlLjo2QAal21XZrU9o4u0gjtwxJoeZ0y3ApRYWYlK0hEaW0qXV9bRbZ5FKqxobcFBE10hZNKpHj2KzOXdHQiijYmUSoU0lJIiFlmokQdiqKi8sUOTXXWmql1GgNOazmUEiQEI5CS0XJNpVa0qEQdk5kXxwVY5AEztaswEwtJSmElZlRRBLCJp1BGEXICKcdppUIhTAg59SSCEnGYGNLMth2WgLCBgHOJNMI2SoRhJ2hSFqVMt1aRmlASGG5kWTX9atMYN0mo3RzSwq4mLZaW9D1FQJcuw6YGNs0kXS95LA8ttZaFkTN1lraQlJYLVyd2XW15ZRSyiEZp03I9ji0KhEiQ4WcGiHSJlsqQgLStiNCkWlKqGWmTbYkWrbVet33fR8dhWajtD210Unpao0CammHSWOmhmkRhTYho8jMYRxDSEW1jOPozFoWEZGUvkZrdmaUUud9zRqlZGNqrXa166pbGkopjcmmTW2a1jnFbFYbqTH7ede7DMOYbump1FJUkMdVG4d1188kWRQi5Ewa6hRFwUxq4SSnyYDI1mpXVTo35DaMwzAwm80iotSqCNFlTgq6vqppdKtTm0opbh4YQ+q6ShRN2M7WgmjNMPSlazSlCpoc1lSikCU9hLBxpqLQckq6CIVMTulSa1G0bG3MqGS6lAiEPA7Dej3UWkstLdt6mqqN1QUtm51RCi1bZq21TTkx9bOutcw2kZQuJBVpmjJK7buSLbEX8/lE1tI1TznhaRqsWd9ZOKcaNQqWFGRLyyUk1QxKmojmUHNGKoMaxUAComrmqCWnqTRnaBiGriulKEK2SjWtoMw2NuSWGSFcKxJUSoaiCinbOGSpdRiGEl0aya01IYQiFGClLbVQiVKbnXKbUiqBEtv0pRrSozNVe09tHBu4VNWo6ZYTYxudni3qNK43upNRamAgG06XElIFhxnbYNVSQ8bpFilhFLalNFPLAipCJXHYEm1KrJat7/psqYiuL2Mb29RoxgEyKkVkacatZbaoRZJwiQqkJ0gnvaqKmvsoAlK2BGS2WtTsMJNzGIaEdIbUmgwK0qksigjAHobmbLX3uFpJKrWGHV2Xw9R34VSKiBIKe3Jrhmyk16ASMVFaOooa0zRMbWr9YlZKtMyIUsAirNJ1wDgONk7XEIRbI8Jpk1hyREUKwbx2KWebnDLY0FrUiBCSG0CtArU2pSdZVaIUnLUUUQgJr9dDZtaopXRjm1QiSnGG7WKFwkBEUFokyiiVnMaJ0hfbTqvILZVIjlJaQZnpFI5ShJUtSogiqbWxdp2QUVFvZTpT6WZsSxIRsiVkcpomnCjSjtaIKFHGcWjNkgpFyEKBHQplMyJFoGlsrU2AxyRkahtWkuVxSuazuSKSHDM1tiSDUkpNZEy0nLJ0xaZNEwhFG8YRu5Uq2TYAbuHIkFpLOaI0WrpTRFGhtbSTbK6dsLOYnBg9UUtRMI5HwzBm82zRR/RWSsKULoSmsREqimxNoSgtMpAKlVB6wp6mFrT1OJQSnfsSUWpVZLiGlDlNzloiuhqltrH1s41rbriBKOOUXV+URUVy11pr2SI0tXTLTGvRdRHO5syc0uS0brPtGYo2Noe7rqsullsCSJGZ4BLFZpiG4mLBNBEexxRNpXPnnMBa7S+7+bE3eJ3X/XQ+e3f30unTJ4fRmaHwaBUZyYmVSkkWBdugTCBBFnKoWIBaawFEALYxEUIoFKIl6dZalghCmVlK6ebzaZpaa6TAtS9kqoRbS7v2FQxJktEwtLE1hwyRU6MWUJJCtJZ2X/szp8487da73+e93u0Hf+THT546c3iwX0vfciKkiZysqIpodhtHAmWVkdSm1nIspWKGnFhPgSJKLdUpZIUyyjSMTFZMEZUAkobFxBgSJdJOD7IAS13tSi1unnKym0LZiHASEZMUSCCURZ0UJIoiq01jw6UUlaIitUxCRTJtGh2lq2XKKdx1nSDTRNKcrWUpxbiNY0h9LZQIok1tbFMNpezJRn0tUYptqbi1KcdSFBEmu9KZOjkL0VpTFBF93agbQ619iDFTUYZhbalGLaoZ03g0dF2fONvkDEdWqXb9hGsoM5tF2mTLCTObLRzBNBhKCYxwiLTIMR2SwNGX2VQihCglGykiainSmClQkiYisqUyJxwqUkRVcUUe21hKYUqyKSJTEcpspMXYzbopIzBRbIc1TWNmjuO4KEVOdQU8DKuuzgylSKZlMzWMwyGhCFnFdh3bkDiERY5ZihNLLl2dxmnKRiiiFE0iutq1acqiEEZCqabEUMgkQyGBKEXGmaaZkM1qGINGqV3X1dKGsTlb6WrL1lpTEFFr6QDGhqxUUUiqBdTnNBo5m5EbTVNISqpqym1sU2tA19Vaq0LD1Gop89l8yoZdSk1HpJfjys21FhspSi3Z0ulxago7CnYpOG0SNE4toNaZZbU2jIMIQKIoopbi2nKamgfWOeZ8MZc1TpOglkgF5DhmFJXaqRSS8LRerlLM+7lJGhmt67tsGluTNes6CNQi1HedwXabMu3CRESAWxbkKKTtjK5ipmFIsB01qjpFuCvCKoFCUmterVZd6aKGR2hpMk3mlE41ZRszwaiPGjFkq1Ehpwm7qYShZRYTKCNCRaFhGARdNzs6Oiy1OlmtV7N534Vq37Upw+EeNVVJtUSGGKd0k+Y5TK21zFb6ru/L4eFopaKXugDVWqIxuZSSLT3l2tNmvxF9zZbT2GopUWupkZklSi2S6UpMbVqvc97P0m25XvezHkSatG0BbtNEqSGVQlPpCow4kOwoQpFpbIew0yVwKrMlknHUIDW1ZlAXxTVKW6eqYhxXUi21mzy21YRqqcXpaVp3/WwW2aacEpSYBA8TOEpV2goyM7Og5mk9rEsJSavVMrzRbc4iQoQsY4EV1aE+nGEixxwDRdguJmlR1PddpmrthZGzORASclFITNmstENqZHEbm4kgUHO2iRBTG40Sg0MZXeksj2k7MxVFakDXd6SJEsLCDiAKlapSlBNE2pkq4aCk05kSoUpMbcqiUiQLW04LcmpTSSlMlLAypqlN49rOja2NXBMQUUSYbFNOKTxJlUCKkFQipMzM1iQUHZFNaqvRUk8hIt2cnlo6VCAiDBAyOJ0yU5tGajdXF1WZZpwoJWrM6Pu+y8wlY6cI0WxPk+RsbjRSVYqgNSQpwi3D0TLTLjGFaNOEDY4asjJUSknnlJbDwTg1BSRRi0TLHNuqUIVMc4q0w0wgG4ECbIFDOJsL2CpFmS3HxIpO6RzaRNYuTPU0lVIM2SZJDmVaKGmkcprIyD5kLBRSKYDSUcKTc8qIsEoUT1MWCUWRmlooRlydgUpXpqYAkMXoDJA8DOtQ13X9NLW0iprtCCkCyRgIKUQGmc42tZYRAEq5qAChris4LIdiGkdKFJeWkxGWcdgqUWqJESBEphVEUaYdpYLlgDBOExGTVGUigiSno5ZuhtqXSqcSbZoaFlbLLMV2KASOnNqURhTLJtLWZMKKKFJLRQ1so+YphC2FqSSslquxtfliYUvytB4p1NqXCIhSXWpRugWZziQQRW5pAwhLMQxrnKFie2ytyFIRkNPUJuOu1NbSmoggrShIsrEQ2RI3RYQKctf36+XaAW5KTc7MrH2X4zgxzEwQ0zhGlOhKRVOzM6NAyySVRJWydGHVcLoUZXPXVWdBOAXTOA79bIb8Yi/+Utubi/3DZe3KejXYxlGEJJsaakk6S6lKY1QE2E672IYaspmmyRIALipRcmqNVO2UE3JKQgJLYAoqUZzZ2oRtCQwowrYT2y2bihSEhOS0E9smVCTLzZKloKW6QmuHR0fHto9tzWc/9GM//eAHfdznf+lXbWzODg4ObaI1yaUGxYUaYhwSIyelBELUrhdRRQaZLae0VIKmcCOToqak1GKIEhJ2RM1MbBQhQPbUxjZGqCu9cSGaLIQNnb2emmvXxRS2MSlCKiUkIQmDE5PULkrUpE321LJaUUtablZoHKdQSlWhEtEyFUU4W4uIWgqQiZ0ZNimMa1dolWG5Uiiw084WEUlK0dc6rKdxWtauq6VYma0h3CYiuuiRmj2lZ5axZKUd2ZWq+SyiGNqUzrFkIVgPA3J0vbEgapGiNWVrEs6UIG3nZLmlIyQ7QcbKliDjsbVAFoWwrcbIlNkUEpSIUKciQxeFltM4WVGDRJKcNtnSBUdBKtmmlm1qSYQUmenASfMYclqlBm4oiiQhdVGK2xQKy3IkacjmiOj62sZxmFoJaikCHDmlxdCsaehKtdxwLWWcJovqmIrH1VFXahoXnDJNDiKN00aBFaEpHXKUgnOikSkUMoSzjZNqBDYS6TQq5JSuVgAoqnCCFRG1FDlJPEzDlFGjpIzVBJBOyzm1lo7AUCMUNZhsMjMUCmc67BRMrooIAY0WIw5LEb2YMrGdmChFEkQthCRZkBFykWS3nBzRPDmjlFJlr4ZBCCNIp1EvQkApgUmcOeSUTQorSkQ6ZakqJCRJgcFEBWdCupYqKT211pAnE5ml68apDW2qpdSuQKlqMuvJINk5Ze3KlK1ElNK3HEOSkjBNo1uRPU2rYZzVjlrcprRrLW2cSq2l1pxa6yhRcQ7jVGrBhErQWsuMsBzgMI2CKUVic3MzVNe5BmVL12kYW7ZMKFlk1dpVqXZFSCVDaYcNs/nCObWmEjVzskRmktPaKJwiwrRSw2Mk2UdvW5EpKfFkZ6sugSxFdMq1IilqQ47DoBK19P1iETIURcoCIiIhLcaxldLXLksOw1SiTB6rO0UUshHKtAwoGMYxo/TRjW2axtZ1sV6tuq5G1IiWZnL2FaGWnsYkBqkvtVZ3ObXl1EKhghQFHMop0tnsInU11su1E5ViclqPWZnNN3Z2dlq6lmjp1qaIqLW4FcJTa26tlGpoJnLqSi+pOVtrtYaNc1IEEgYU4ZbYQk0qYEypRaa5JSZCEQimDFxrmYYp7a6r2SJb2i0i1EWJwCA7VUutpVqqRhECAWCDsN1Glw6FQoEwVrOlbCkyohDYaUK1VjDYVomcUqnoCUUlsK0WUcmUQKGoQQ6NEpKdrgrJFCFEa1kqOBVyOlvUCIpKjtOYRRhsk4TCUEIRQigFQs4spaoHSUVYOKmhppCGcRictdRZP0PCCSFlTq30pXOfMdme0m5NJZwNUfqqMSMyXUrQckLM+hnIEAogp4aQLNuyooTITCtqKePopqxV0XXTuF6PY0c3TVOrZVbr6GYTJWw7LQnJdmvpzIgqO1sKUelKJxs7SrRMQyDLbWoR6rp+GscxR4XAbWpJC4qdkgCCCBJPLTsRteaUEempRYQzCWy6UGY2HK06aXapJYSd4GzY7hd1Pp/t7e0VkfI0TlhdB4HTgGFCtKYoU05RJErLFrJcE7dxLKUgAZZq3w3DMJFIkiyUaYVs2yiA5ixiPU3jNBapi2oaJmVnNictuhKWsk2YoqraSpoothRkNqSIsKRSaq1p280WOKJIEkxj6/peKLMFRRmNplLKrJJkplKtZamSSlhjm4i6OZvPNzamcTBOZ04U2hA4XSNEmMwGWBFSQIBJS5JK4FIi6FVE2iaz5Ti5KFAahRAehyHpu8WQOY7jvO+AEpSo4zSMQ9ZZEM7mbFPpSjGhGFrm1GrXlVLaOHZdAVmuXRcRObZ1iDERRExOIaulcZoICAUWUaqxilHYlkuJWLfWrw67jY3Xed3X+dmf+8X12LpZ78lOW7jZEaUWT4CdaUFRiZic2VxCNqXUJI2LghC4TRklpIJs0gbcTBFAFEkxprGVbWptmrLWqKXDJkln8xRR+9JhZSZYilKihds4SQCBVLtsthppCm2aSgS1XNrfXWztHA3nv/jLvmb7+IlP+dTP3DpWVrt7w+h539st7ZaTFEBVKIqxpCKVUpvd7GwO0XVda9nSkiZnNKdDYEWQ2RpSLYVSPQyJLQMRqFYRpcqQ0zSklJYUpbQ2TtlCEZZLbTTSskupUbDtqbWgq7Wqa9O4Wq9rbYSAkIY2Fk8RnbDIftZVl+bMls0pVApRytiajUqQ2ZrTLkK1iJY5NvdFSYlSIogMnK21FqK17PpaS66HscVYSgThVGYjVNJWCWVrDZCI0gGC9bCKMWazvlmZrShKP0vcppZt6mbzqTVaUqQm1IpKmikbdkQ4WhAJKQMtrVpLNgckJaJhtUya1CG3sdUOmqWopbbMqWW2dSGihLFJZys1miHpa09aRaGYWqslbKLUKLXk1LKF0hFuDiiKKAWyRB+lF+lMUNfXkLpSbOMsUao0timtvlSsqbVsWRS2VIuA0RGOKNM4ttZKKTKpFhGgBJoL0chQCZOgIJ2FwGmIkE3LTNuNUJNCwhkKlRLZ0jL2MLVSooqGNVkWUZDTBrKNJgopGXk1jmGCUqJKERFWIrBbS8klOmqZORVWxJiunozTdrbadYnTJhMUtZRasGpn2QlttKIJiJLpzAyFExByV6tRurlla1lKKaW0ZlebkhItp0QRi/lGm8Y2TllwRi1yeiILJcTgZEpj0rW67zvjlknzrM7S2Ya1QxElwzSnGxTCLad0RpRSSkjDMExuROBEArfWjFuS6VrCVvOU6akleBymkCRlJs5SapRonnJKFQVMbtWykMGoxORWXQgYm0pQVDKUDhVZrbXVauq7UIlmaiYTLiExrceUSzhgY2MuRxsTiFIDFbkF0aY2juv1sBa09ORRUBXGaU1tqLWUrnMauzUPU05ORUw5jcNYa5lvzJK2XK6A0vWhEqVMLcdsk3JsCSStRNQ6m1qTmc0XmZnOGlFKFzUMtSv9fKMoSlEgRE5TNjupiq6TM3IcAmNhUpCpDBFRSpTI9DSOZowSbZxW6xVS189qKV3taykqgaL2tZSullJNKQURodrVKLWUmsQ0teYWRV0NMtOpEhSBMolOkkIqJeRpbM32elyvx6mNTjcAlJlpV6IrEVGTHDMxEQXJiYVtQRsa2BaSQqVEjRKWoODM1lpD0ZWuRshqpIRTKEqtKqEiIiI05tSyQabbNE4hSpTWWhuncWptHMZpJBJoLSWQs2VrmdNUCxKS1IW6IIK0nUFYslxDgG1wja5GuBCSWxqbLKWPqJlEKZnNbmkVZON0tsmZKqXrZ5amzMypNVesCEkyrQ2Tmx3jMDgzqkyEpZCwk8QhpYTdcvDUIqK1tjw6Wi2Xgq50UTWtx/WURBkzh3GAsCiRJaLUKgmlBSIQIduZlgJEhIkiEUKRaGptmpqnyc6WDREiTZpCoaWiGGEj1VkftbRs6+VqmjybzWpXIqJEZJHdkhYRaVsmSoQkZaZE7UrX9QqlstS+RKRUuxJRwEURBUm225QtJ0mVUqNEqaVKRsKSSAAYx9Eqs64gydRaQ0EtUSLBLTMzW0NS1CmnKad0a9naOLXWUihUutqSg4PDaRxVAlsREU7SmdnSDScxZWLkUoqIUiNCk52eppaJkFtmTplTKyqzrotSgcCEkcLU2vW14gRUMC5SDRFByVJ7KSQpIlRCSiWpYRixJGqpXTeHlClRihRS7WqNymWJM40cql3tu1JRQODWpqnZquHIlKOEp3TazgiFcFomaSXKbNaVfuYpkSR1fV9rIdCEMi2N0ziOE0HUqgiT4zgM42QhotZICUIh2y2bhBMLmYhSo0gQcbB/6dL5izkOfS1d13f9AjS1NJiiTrILgUisVKky2C6hUmKaJpWYzxahyNa6ruu7mZ05NhVFqaFSapQaitpatjZKJhstPWVrLTPHYRxWaydRotmzKOPhQdR4j3d5V2BcDTUoXYk+jJGq1MA2mcYCSXbKhNJIXbFbgcw0IjMUtRQ7k8Y0pZ1JZqadOJttQooIQWZztpBDlSDCKSdNLmEwUYgSEq25NdMsBchuzSkpSpgShbAycxgHoNYCeer4SUuf+umf9SM/8gOhRVlshJQ0p52NID1KIgIUNVq2DCeEALJNq+UwTpPBxkW1RNf1YSGF7FA6h6mNbXRmrbXWEhGlRLYcx6G10XYRmZ6GAaxSFERRLTWiECq1lKhCDqMwsrO5RSJCSBTjaRyVFur6GrVrkxFOT60VhSWVIpUImUy7tRalqBSMIkotRWGJBiizOZ0iAhGWVahRhNuUklsmpdRSFYE0tnFqTUFRUYSksVmiloCigqDhKLI9tpRcUBRFlKJQRJQwU2abprXsIqaWLTNCbhPCRlGIQGRip9NukxR2JE4QUpRauiBt19qVWmvXlQin5ei6rqgg3HBzRNTZLEpJo1C6NabMTDfIafQ0jRKllhq1hBQqpQSRRpA22aY2ZkvE1BLb6TY1tzSEChKiRKiQzmkaFFFqmaZmsthTmrAdLbPruyiRzTVKTlYohLGk6IrTphmVWiJqkSxFRCklszkz00Iq2GRmRKlVtQaAhIVD4QZGgRSRtm2pligAURQRoTGztcnJNGbSZGovhWTbbq21bBElKn1XVGIcWo5TAJKFnWkyW7YE7DRN0FpmNqdySslIhGxaNmDW9V1XSyjdWmuGEoiYWrZM2/YkRa19AWWCSdOw3Zz9rJToSoRKEOFkYrJco0h2tszWrFpLRFSilmjTOIzjME1p11pFqGg+m8/72lpO0+h0ZtpMmYqoUQKIqCWSGIZxnDJbW7extYmiUmotNUqpXVcipFBGiGFqy+XRsF5O6zSJpBJdrbX2fT+Lro+IUkpX65RNoVJqOrNlqEhFUYhmxXyji1pK6Qq0cXIFZ2YqopYaUik1IsY2OpstRfR9Fwom1xI6Olwaz2aLiHBSuhrOw8OjElG6vnns6iykqakrJRRRIlKrNmDW6/Ws70Mx5STVHDPtrpZai1zAY1o4J2cmAkXX91JAZnOz1SZJ2ayiliNJKRF9kcvYJqcpWeZVhDy2KFXhaaREhyglW5Za5BinkWyCTKQoXTdmW69Xte8Kaka2Q50ii4mIwtQyTSm16zop3KZsjnDLRHIjsxEAbRzXU4v5jESlVpRuy8P11IZQlyKkrmpsg+3al1IKrqUIURwOpnFMpyMiSlDUOYjMRokaClVIWsq0MScGaNlyQCSBbGdODbK1bKkiqZVSMG6ZppOIEiZstxyGKUTQTdmcmUo348RlzAYIja3NSh2L0q5R0wmALSktbOFmO00UcjLZjHNy6wvG2KCWzsy+K22ymZqq3UCZhBKBbSgR9iT6tJ1Ntm1Mw4VKCchszYmVogKZyGmUqRImkkynMQmiOGhTykTpTBvGoVp2GjY351IRJj2N6ylbV0rXVwUQxkJCbi0iRFjGdqZsKeSwJ0WUzHGcQCG6CEWYyJaEC1ItTB6nSTgl2RGyvVyv1qv1fDZbzOZTmwhFKFBktGlqxYEsiQRFkSTMNDWYppZdKSHa5CiRzSKVTG61RHSlT02asiURUWtroyeXWkvU0nVYdgASRHiaEFEKmRmOdJQOHCIpCtKt4NpFTpSIoiJp9CQ5pxRI4GlYNxtsEyIjSihkW1IJnC2duCSSrCQJqRB2IhU5J4GjYHscR0kRGGVmUTG2RBjIFFCik5W2HWkXhRPJ2ayQRAhFiSjVNZ2TSWcIIHMijAR2k0k5WpuiBCo4h2lAloqUKoIY21irgJauFMDZ0ioosykCnM6qsEqUFK0RblZRRIAUlHkNeWpOspQopRB4ShcxQWAn1GnK1trUJuOCguhqMUyjQ0ikVKKM6/UwDW3yOLWNbr7oa8uGEDFODakSxiHXUgttaspGtikiVCKbW6ZSFDKbpFJqZsPquxKlGJUoCmW6gjuNiqLIYBqnTDuzFkGup9EQXVdrVTBObUt6ndd9vc3NjWFs/Tyxo9RSnJNbWlMjnYJmRRCyiMCuJnFgJhwKZ1qQqCpTylZqL7JGgKacaLKmcJ0yAXAmEQVLEbVEm6JEpovDCo3TpKYi0ga1bKEqE1Hc1JUSEdmSacgotZQgWmYQKNOJuea6k+fuu/ju7/reO5vbb/ymb8LYlsvDvpYo3eRpHIau67FTLddESBRoEbXlVEoJ4QhFISeaLQQRgrBMQ6jvC5nIVgknRE6jVSAJpe0xuUxRulrGqaVVa40SJOvVOkooVNTbbsOUNE+4pscxRBR1rhYRpZHpnHV1xAGuZWo4IyS35jQhKSa7YiwiBTYIFckQVFVHycwJG41tKqlEIRUVylRqxXZAF4AMRoVQBEzZsrVShKh9V6XEU46oFDqXiWxGDk/TOA1DnfVhTy2zZS2lzOZYDWqtBacLaZAyp2nK0mrXB5rGKUrJlo5alGlaGzFtytJX2TZ2a3JEIIZhHSpRZrWGRDZZ2HaziBoh0aZMpLCNM42jlFBxTlNmjdqytSnT2abRgaOAQrW1kZyXGoZGlog2ZbFSwsKEotjOTBwOSUhutLCytUxSURKLUDgdoRbYoWjCLY2wbdmZGGSEU1JrrUZpok1TV2oapwWSbMbWwiSEIyKbRU4utVCi13qdOY5THVomIBInkK21NlXVFgQxqsWE1ZxZaldqmaR0RoYhEEEjqyKknLKoqEC61MiEILNFqNlpt9amaajuai1yqMiTS19CYeRskmxPQ3MNSbWr03ocx5aNKEW0UKGEjMm0CyrRJdiecoxJXZ2FAJUIp1qOWLXWAE+ZbYqIEv3oqThVS3GMTkmBImI9DMpEIRMlwDlNUkRoak0EgmJQr0AxQ1O2fmoUYWfzOE44aykNdyW6oiEpNYBsEapdL7vhjIiuBumGQ0EhFLbdWpJFxSUU0TKNZAHGGCucWUvNZnsqpaYdiswWkmqZpqbWRrxeLolSa+1rP4koNWQ3t2wlSu26Llujtak1ckIGJErp7LYeU4rah9MGkr6fhcu6rVtaEVEiPQUFWmYZx6G5bW9uj9mG9djNOpUochtGI7tNbRonk6ioUiXVUkuUNOPYOsfgMT316lsbW0u3xmwmKasi1IaWU4uuRO0KVdDPZtPR0Xq9JkyquY1Zq5NSnRF2NmezpCgxjlMpkWlBpiNKQVObLPVR18PQnPNZH4K+xjiN0zQrILrZrO87BEkTpYbNOKwjOsQ4tpBsOZtCoSJkO+3MhgqNdCu14hydYZNu6XQWIkovnMqIEAE5tdbaZBPqFTVEZrNNesoE1VIsT5lRqKW6tRJldCvRMSNKFwpPDailBERXNI64qUSOGSWyJRESssARckY6x0aYEkqiSxRS2hFtaqAQjkJpZNpTS4NCkohClL4Nw9SI0DhN8gRklHBKpUSkWzaFHLXWiFK7aWwtx8x0umWWUiD60lHCrREgSi2AcN/Pau0PVwfjME7NIXd9n0koVYKAxrzrHJqmCdu0ItlkpNIQKrJbqIYwaWRsKwiUtXQlQnKiCAU4AhMh8JjTOLauq7X2NrQMSTBfLLpaxhyzNdXSMG2KqobSE5LdWqOWogg7wdnIbJJQ2G6emEKlGk+ePHndqK4iQlKRYJoykUKg5kabIAkAWbJGHM01CtbUWlXYmVMioghIqok2JoFQ4jCIUrq+K2PambJVyzgMq2Hsa42Qk6QJNVHsAEKFSJAzmyeGUiIhVBAt3dUwKUPgdMuUw3YoLBllTjnVsSROAJNgESXauHYUodbalK1EtZ04asGOdCOV0OxCKGxPLbECUi6EQtitZSlRKOM4tuZaQxQ7IyKCaUppMplYLcDCSSBFRDpt22TmNGVIXSWFEkopQuGQMOTUldpIg1Cz1VRrD4aENk0Nq+uKCEIgE+kspRBkE2Epo9TT19zQWoYisUtE6zLHVhyGJFGbmh0qKUukk8QStjJH3BTRCKe7riCRRERRVZBJa6MyWjogVLo+shlUSvEwpFPRFepc0TJba12dWznrZ+OwOnHm2ld8uZf6rd/9k+2dzTZM0zQowphMU1QiDEqTYduS1NwkBW42mAijEgg8GaVBcqCWU9QaqqhBJQjFNI42UYqCiFqKpmFq2bpapSol4eLINIpSlNmyydGkglAwja3UsG1VOdNEUbFQaZlCxlq3Y9vbF3d33/ld3vU3f/2XXu6VXiOnaTWuZqWqTbNZ19VqMY2tEKUqW2K31to0hqKfzVFka1a1rHRzSjIU1IIQNaojQyUNJZxYCqt0xcZ4dFOJGl0p0ZpNTuPUUO0qzdmscFEkAFFiGkd7yFYlotZQGaYxDKHS1JyyqmprkyJmpSCFlM0og4pUAkNOIyGwXDItRFCiYDtsplDpum7KERT20MZipyIzDUVhGTNlRkh0papNmsYpSqh0BYhoaadVqkCSKFBC0dpEGkLNlOhKabg1SmEcVx7db85SxjQsO1RDZZpaiUmBKOmkedRUqkoUGSzHVEJWLUkyOd3Ss67SK5szR6lECKexJdLZWukiU0DgEmEkFaDWLnPChGQSC5pQREkRKYksjqi2ZQQFCWQJ2zipNRID1BqtORwZpQ8nBoVs9R3RzVprOU219IJSS2amm6KSABFRoiSyLSUIbFCEnbQUaSMJG9nZ0i4RhkBWJpIptVe2lKcxa6kxV2amRyBKEWQmUKKmFBGZ6cwpRwtM4CilqI7DaBm5OSNCBGZsU5FSDtsq2QwpqLWbppZJraGQuk4qilJLjNMIttUy02nbtrCVSiXgjAi7GZXQashZXzIzW+u6ro1TFqJDlpmwbJIkc2oT3SyCaRgT+r4vitZGR7SWw7TqanGEp8kko6IPwXJYubnUrqiMHmVFqCmEp8xx3fp5X7uSDaoVZLOizEptchvWzuh79V2ZBlprQJtyNp/1/axN0zSOjVQqSpma03ZzKSVptEwnaD2tM2M2K4zR5IDmMaemiLSxQ2EUQahIihLraWjjup/NSWhZukISalKQTSIiambOu7lpiq5ADsOUY4SjhMlpaqHInIjouppTW7ehuktSUomqoGWbENPYz6i1W5QCNNGM2xRVpYvmiBTkNAzONo507jIIReJQnc1qidKmaT2MbWhR69Sm9TTUKOlYL5cuKhF2RLjruza2cZxCiqK0p9YUKlHlbMopcxbZlUBVFNSyIUfULt2yjUnp+17klNM4NAvZxoaUw9koFl2UZmdz1NrPZs6cmj21UorVbSy6qbVGhqoqxQFAZqvgQBAOdVKbnJlRZTsT5zBNrXadTLa0KBEVNSWollgPSVHpRCMzMiU5Ql3tFApFGAMCFVqTFEEb2mSHwpnNFg1UizoXKZNCMBkUACVojMMEjiigopDVFAFIUWSyTRlEV+rkFpAhGYdChRLZxslUycitZWuIGrGxsQHt8HAJJrpqXErkJEugKJar5ShkEjXblK3VbuapDW6ziJZTm5oUiaOodkUo5bAQ2EHIgdJyy5bjGFLXdaEAZwMyS5JFoVrnIdtO2+EgbOMpXFwcKiQYVbCwLLdsEYGzlKKiQFNLMlWitanZQUCRklCtpWV6GqSI2gnmiwXgzJwQUooinBElZDdCOU2jKE2a2mTT1a4WJrLWSLdMbNJToKhRFK4YhwqQ2TxRSiBklxKZxtkm5EZLkGVjpY0yU0FxIVACaSd0UhSSyGxI4WzNJiSFsVRq8TBNCbXUruuHYd0yS4gIqQLFk9MuUXAzzoZkERaSZAmBSgB2tlRX63xjtl6vxzYSIcCkUYSNbXOZmhSS0yYiShd4TIcUIkNuOY7DMBEhRShKCQtINVQUKFtmX0pip7NZykxUo9TqcSolcGJbyMo2jabrO6ejGheFnG0cW9jpJmJyQyVCEUqTWEZpkdPkKltQYsom3JptyxicTbXSEimTbG2+MUPy1IymNgpMyWGAoJZsSLUUalVr6QgpVFxUlS0BG7uUgNYaJSqqKq20GhI4Q2ohVKSsNUppraUTyQWl3BJwWFJrY4ZZZrpBdLOu9DOGEQlwpsyYY7boS1heH+0tNvs3f8s3/63f/ePV8mjRz8eWAsEEFQImUgJHOhWk081RZYqY0i6GUEjZEghiapOKLGXKk3GTFEFmNCWSMLIt42lqiAhNdvGUQRsdoVAS1bakCENmElGADA3jIFxLNcU5oprO9OSWpathQCXKiWM7u5f2X/O1XveP//hPHvvSLxsHF5dHh91sRuaUdjOKlEsrJrOlBISiALg50wBSKG1IIBV2k5UYa2xDRFEqbFRSDReFDbMaBGm7NUs2guYWTemU5JxUZmEjKVRCk7uuFEk54ZpVBUW2MRODihWQYZyKgOZMCClCU7YwUrHU1kOddWDbUYXJTGeiMEVASIQSUJFs96WmnXZmRjgzLamUKEEGOZVSu67PMBa209iCUgrZrOLMLEQpHTNVjzmpKfre0zROg8dwc3Q1VDKRW1EAJSCqR2emVcJNtUQXLZ3j6HApFTkKIiQpXKK3PWVrmShKBSlby0wsW6UqhZWZaWRnKQJl2iZqzWwQ6cQxeQohiVTXV7eWGBQpFRTRMg3pLCpRIoHmKGqZGJO0FDgRxlG6aGOmVQAFmZFqLVtkmMx0GkXYKoGbQ4qo0jRNoChRVFpLpzMjalSYDJklZJU2TW40spaqiDZNLbNIEdFapltrzUV9N0uYliMwtZbpsKLWzMyWUtSuKhMFNFHSqdFIbRrtDCFCphRJMY5jmXU5piSYMp1JDUlgSQ0HiqoQEk6Ukx2oZaPZZDpCNiE5TZFELaWLmpmIvu+wlVlK55TlaRyLo9Yapc5rTNkkRVc7wrYnIipkmwa6Lu3WWpqQpinTLUKSHAqX5qYGobAIl6gy09iaW8vW931WOZ0J4WhKAjURgrAyqiMV4WYXlJIgPaVqKGWTs35WStgQdUpXIZqkqF0UDcPgdLpBcbgrVVHSU5QaIWPjUCmSPYJtt2GahtZvzEHDsMbuu5pu49S6Lrqun0UB6jSOEWUYRqIt5n3U0troRpQoWSlTrR0BJiil1zjlmFOJqKXPnICur9NynVMbcS2l2bblDOMoUkqqpYtOU7Nw9J2s9BSuiSPCiTNLLVFrdROUWsHVNYrmtZ9GJtNVOVsbSU9GVRLKtAqEQt00tnEaaumi09SsiL6qK11mUWkRpZFOiQiE03I2g2fdLEXYxgHZ1KahFk00Muuslii1zo5WR+M0Rqm1i65Wm1qYpsklSoTVMGFFKc60rVKcY1OoBsMk9c2jW6ZbqV2gqCJVFBhZ4zjNulLLfFJmtmlsUo0IO7ERdpGENLUGKVdBKSKCdFY7HTWENCWyE7CRKJlTjqkgSgDZRlstE2RJmZImWnEYpjZVRSBLxopaFU57MoEthaOUqTUxparszDSuqlEKbi3T0zRJipxytDPtEqBwGoigmRIlZKezTS1q6RSpNrVpGqsCJBVLoWjZ1EgsqU1NAmWJimNsa3CNUgq1FpPDuuWUTvouIsPk2FpKNSJKuDUJSgVj0ulM27QEMpOiUJSIcWo0R9TJk0GhcWiZhkhsZUeEa6kJJd2acY6JSlG4DM5awhE0O52SyCiQkW5dP4uobRwziQgrpVpdbGSMo5TqIkWzS+2dEwQYAXJmc0MF5DRKlS4kqzRZAcg2UEIGZZHM5JGmEI7WmsICJbbDQURn0i5Ba+3g8LAEmWkkiIh+3jVrHMdaEYEA2enmhMwWUSQCKQhFBJIyHQgsU4LMXK9XzRYSmRlEijSAnRYGQkVCJqdJgUyzS+0qjG2SFbWWloOPoi4iIp0muqIokeMEaROhxG6eMmuJUGlu2awSatGmFkVRSoBF13W164AoMtAcRc2hgp0hQgKXWlCVPU5ToRCYtJXIknBAk8hMUxWUmKaGiGzYIWopGcIobWEzjVNE2CMZtUdSGhVbSss424jl0aVESOnEGaWWUBq3dGYpYKkv2dJ2jSDUMqdsqK7X6zS0yaX0MLbJ6Vq76MItg67UMuRqmsZaqrI4kwo2ClTsqZS+q2UYhlkppZup6L3e/X0+/TM/9+DgqD8xD4lQOgIbkKNhJFkKoVRTCVsyDnkyYacnC7KWYhSl2i1UVOQ2QUgCArdsoUIAFgY5mxRIzmyiOEpXMrM5lBNWSMiZQUBmRJHsyRJtmpAkTW2SFVXNyrGVUghFTq79iVPHL5y/+Bqv8Vq//3u//pgXf4Xe07ge1BWNk0vgcMuhLGv0KCWQ8DSMDivdrCgR3C8IgSRH2HZmtuZ01IoiadiSsYWopY2TnZRw0qapFPV1gWltmFrmgJmctlOhItUoNYoibOc4SkUFsoMxW5MpXUdp4zBVTClpnEnUlglSFHsSAS0IhVpmyywoSWycUQgV2iTccOYUEUQQKo5wUpFr8ygh2YmL0y0i7CxEZhvGAUWJKKWCbSWZmbXglEmiREaS4Ija9XS1o5Jj2jjHYZpCql1YXakRWYRzmlJZqET0EVNEZpumqRRlCjUb7KoaRTm05la7QpRaIkS21qArUhTnVKIQuLnWqlKmcWrTVLvOzYDDCjLTaZXapmkaxnksau2QWmtjGz2Zzm4pECGICESWzGxBWLKDNimi67qcRjtbc2KnkaZpKrVgTGSOZKRxmyhhR4mAEExtFMrmKJDRlCCyRRGUpqZ0GlAkDiGEisJRIjKcUzpao9ZiSzG1sQ1j9BUMlFJq7RgnEQpJhWQYx1JLV8vUwqRSqWZXKTAplRAOEHLXVzeXQmsEIVIiSiEIiOhB0Cxlyza0qNSugEAlUQ0b2xSP4xizvoamFnZmw5kRpZbaprElfQkHnWri1tqqrYpU54ucMtVqCfXRWpNK13VtyiJhWmuttVnfSzK4uZSIUqJ5ymyeuto529gGTTF5rH3fdTNPdlJKpU8355TphlFNLJOTXVUCybh5Na6qokE63VynKUsoSj+bhapC0zCVEoZSQyFNVjii1s6li+bM5tZarTVztAq0Kd11NYdmpapoxXa2bHbXRwGyla6SGVKmu9LV0oWCsKwqoVDtSptojSjhqSQZWSdnpkFVnT2m7IZK0ehhNdBZhVJimrKrdcQ1uihaD4OkrhTJ6RYtRg9IbmEMCpVa1FKtTW5G7kqZ0s4cx9ZaC4Wnqdauq10EYzYUfa2SJydyVXd4sL+0tze3nB6mqWVWRZ11/WKLNk0NAgpF3dSak1KrpGwNUbsqYspsw5jO2WKukDJpkxQtB09pM6W1HkuRakSJ9eqohmbzuXE6nB6nKe2uzrratWye2pRNQpKKaCKdDSvDRJk1T1KpNRS1RLVordWQENLYhpCkOuUURXYJybadyC0blGRSouIoBdGmCRxdycx0qkSpgaXMUoszJ7I1ulrTeGqJQWQTOG0nEAhoBhyOUiNbFkVmSiqEilubknSqn/UhVuvRLceWOU3zxYY9rd0kVbquVsijo5WF+r43JZSWTSklnSWKCm6JCAtF2ljRdRlZHVFrTi0UKgUUUZw5rqdSZVmSk6mN2Iro+uK125quo5SY2pSOUNSq6IyK7SlHDJjmVmtkIFCg5gwRmWlUa22eZEeEDaalJTIzNclGBbdaopUOp50SDhcYU13IiJysStqTRo0krVh2REDJaRym7GofVaQj5JalRqFktnEYxdT1PYCkTLdGCYJisJNwNjdHkRQop5ZK175E1Ci0lpkNVAnSkkupQthRy6zrx2Ecc5JdFI6QkETScpLUMmmZVkFTtlpjPpsfLo+Eai0G7KISAsmTJ082bk0lokRQWonWkimbCBW7RUTt+mkaMzOkiBo1ppZja2EjYSHTMCpYksSkBFoqnaqKWlsbcxqSUNDAJu1OZEHdDMLpYRwxms2iIGEcpcgYoouwhaXIlrYwEdHapKyllExnZlU4MzFRMhPkbFE1c5my2M1kEMN6LRES0IjAlkrRTNjK1hQRQaYkhCJwkUhUhjZ4yDrra+1s2xkRIiklPeXUykxRaomY3JxQK9MklTaOw3rVz/pUTOOkKKB0FqqdgRvQWoRyzKk1212pKQBJptnZdX1GYE+TVWyUdhgkBS2bJLck7AjjqmjNCtUSq6ktROYYokXmuNZKJ85c+6qv8Iq/8Tu/jzITTTbGThNRKARAZDpppKUIY4+dutaBZWdECCVFkcVCnZ0kigIQAggVaptGKYQMREYUARGtDW1q/WKzlFitltmopabStkoUkW4tbScKFArSCS61s9OttWwSKmq0mJRB5hjRnTh27OKlS6/+Wq/753/8pw97zGOynY/MLMV2ZjOmKSKjFCyRLdM5ZSlAUWSbWktLtZTZvLaWboQ1jcOUrUZX+i7Q1JqdUUrLlDOiypi0sQV0tZgiO7EpNTQVZ2vOBs4spe/qrDrT2dJuLUshskiWVEvp+j6ko/VaaSbW0xBS1/WZDVNKZE6S7IZAKOVpitqpU0m5kq1hUEI4m1uTirEbLkQtTAZZLqULAdmykYGKyHFqFQUylDRkeooIhGmlxDQ1SRLKTAQBIlCqyRqxs6WzZdcVqaxXR/NZTI1QRCl9rdmcdja7NEFggxyWW8uQbJobrYQKBXCO4+gWhKVSlECbRFjCGVFECuwstZTASIDktD0GlIjS9zmNzuZaIBrNRCm207ZCBA7l1PouHN0wDLajhKRsNmptjCiyh2nCKZSOCGVauNawMe672kK2AWdGFABHZkaNIk3TFFVOUwtYzmy2rdA4NcmhIsh0K6mpZTpCoUgcGFJBuIyZ1cIBFCuzUVOeIuYFHBqHJifZFU3jmBREBEkpUQvCmYXS3CJDgqJpaHaq1FDkNE0ta/bUcDZHuBkZIZFtcovaVUlNTOtVa1ZRRymlCtbD4ERgjNWmodUWqqatxnUttdYoPQxTjqYvHqZaq1FrU8vRzV1V1GqlRSklbUREtLSgBEKRSrcIaSLb1MamEipq6/Q4zvpZV/oh19PYJFSYJhcpush0y8SpKK219biqpSDVqDY1hGpGqzUcMSxXfTdreDxcWUxZusBmHDyl5WYNObZau9p3qlnVSWErW3NLGQfRlcw2DVPtqq3q2i2q8Dg1oC9yKW2aJmegcb0a5FoqqtXIBkthuzkj+qpMk9SgOZ1TDm2cat+HZJR26UqUSJOTIRXqyqx0QaqWrCVsIhSJCqQy08ogjGhtSkoNuUwe2zi14hA5WUGhUxCZgEqM05ityTF5HaKodLXP1mazWYlKKRWmafRkdcVoWK0TinBziQJurUlKpNTUxlp6EYRriL5qmrAzMzOjahzGYbWuUWfzvohxZG//0mw22+yOi8hpcmCVWmjp1myareZomRJRlK3hEsLYuJQgiQjSU3OJtNRaQpOkhK5kc+aUSUSRbEoUSinYwzRJsrNEkUqlZTFQSgEcCcqMbJMBZ1MqnSiQpFnXSTbK1qxSo4y4tWZA1NJNbXTI2OmQVMjmJCPCKplWYEetUZJ1rmRKqTAMY6t9KV2ptbSEYYxSJOy0iCgtJ9vGnkQUyLBDYTNNo5NaigpItSjoJtttnIzaZCThNKSNjcOJwrg1SbXWpjZNo+RMU5iydaWW6LKNSEhSWKY1G4VCpKSikLLZmXJEldNRlWObxjT0XUWaMmspCrW0rGw4FMKoQSjTjuhgchZFVDLtIlQ7Z1MUh2mKQIEcgRJKqR5XQEiOyMyQ7Ei3acpsGbU4MRkKsEKhImGEKI0mRZUkpFk3IzWs14qIwAg705JKVwzZRKadtiJbZmuZ2IqCgswUpURmk0IQQWYsZp1C6/VobLtEQWlUpGY3u1apBEiSmwmBs9mRgAJnSEiUWkLFzsQtMxvgoLQpnZNrF1hRlImYTBO9IqVKGcDY6Tbl5KlNY+lmVtLsUgQhZ9pWKDIznVFKjYJsI8lmmqaQkGhZiIbN5JZ936eTCFRqKQq3ybNaqZVMZToTYyeqIsB4klSiK1GJseWU6YSugkoxpBtOG1MjyGx2FQolQrILlsSYjpY1Agkp01M2W7X0ERkK287MdLZWspautin7rpSyiBrZciJrWiWKNE2j7VK6IrVx7QxkcNd1xrSWzmb1Xen7XpSoEQLJLiaHqbWpVcmJbSm6+bxE7UrFJpn1VY7VOJgYMwODpnE1rScTOxvH3u293vM3fuf3lodHm9s74zi1dNfXQC2bQDVyssBpo0AUaDF6khAQQkgB6UwTXalyNKWhtWzTJFxqJeTExTUKIJx2RAEKBXmYhmjFilCTGkkCUyJlGhEqoVC1EyEicmoWEAVUArslxpmWZdpstnH6RJy7uPsyL/+yf/Gnf/6Ix7z4tN49OloKSYBqrUCbGkhyKcU4ogjSiDI1uoioMQ5TZishUaLWXLWmqbQYsmHXUqVwmIzE4YwISZZajjYRSgo4UERRYRzX0deCpimbM2yJaXJzq4quVKsMw0oSME2tdlEU7kKldg0RtrFCATkNU9S+77txrTaOjurAtpvtxJIUilBMasN6vR7XXe3ni16zPpzZ3NpkqCoRypxKqaUTzTllSKUqW7OoUUsNpHE9RZGNJ6kLhZ2tpTIHRXRRMh2CWp3NKDOFur6nKMex1DpMbRiHzcWC2tlSIKIUgMkZ0YVSJboWCEBOE2RGjSqN04QtCxGScbasURy2DURYKq01SQpNk/uZMjPtgCAI59SiFkod25SjEG2cEtNMF5JIR0QJZQGUmUXCZEtJRHG6DRPKUiIinIQkGVAqQ9iKsFGUYhAts7WpREE2EgKlyWxuJRQlJAp4bK1IiuJsSCicE3bas35W2timRNRaSDkxFkSUKrmvHJHhxCU9jblYKJvBfdc5aG1MUBi7pZsnqYRCOY1DU7TS1YjSxlEqobAdAqKf9ULpbOMUKpJVw62Bau2mNmBnZimqUkYxrRBNWVCmSYxDkWm7AULTONQusoFzGidQotZcCQJDKWSzJ1TVMkUG0dyK3c9n07BqZAkZaAkxMbWWJUIloqlpqIqu3yhF4+RhbIG62k3TgNRF7WqoREg5jZKS0inUlcQlFFGokc42DKXW2tXWchwGKJkZRVHDzqmNXTfH6mrNaRClNYNVapGkSEzaZFdL9LM2TamWE4GnNpUaaRUBGscUGMYpQyaiOkxKHtbDME6L+TwwtMlW7WqU0txaNikmtyBqDTtbpqVsObWJbH2tpVRs2eM0WhhbDso4jVObxmyZBkmIiBIRkJraaDIiMlvLwBaYlqvVej2kG5ltWrulQ3bmOLolUumiL6WqDuvp8HD/aHVgFDUCsjmiRD8rhQBLIUrXYVpOaUoJlSJjGk1kuqg5MwErSoKMZJlQbGxu9LOqUhNNwzgsh9YcUi2hUtNM49CmDKl2UVSGYVqvVhjVCBVF1K46RKgosBWKKFNO07CepslGkLaE5cCQoFq6qMUK2a3lME7jNAkVCIUESlRq6UoJ7GkYpqmhkIxAhAKRBiUhN1vYygRJ2AE2CiBUpTDGFlFKjVJFJJkOksRIEYFwZhaXElPmelj3td/c2ohS2pQHRwfjeihdtTE0sk0t5ShVtpsFIdPIRk7pTIwCcGZmtmGcxmxuzYrMydikJApIUYozRUo4MmqBKBRPtLFNYwuoEV3pROQwHBwcDevR9tRyHCcioobbNLaUVShYJaJEIGMiRBMR6sqs71RqGtlTjs2TLBwobduOiAIiIqrkdGDjRDYZpZZSQ0VSoWJAUnGzUTJaVq1u03oYpmHAaXCbrChS19W+70NgWktBKYVCy9ZaSmEhKKVg43RLopW+KxGouDmdUYoxVIGqiGAS6da8Wg9AqZVQZiZpOyQVSTRTalnMZxsbGyXCtpuHYVVrmBiG9dTs1sZxPU2TUnZKplCiRKngqY2tpZNSFSWKgiRp0zQ5U9DcLGgGE6UqROBUkUWxw8VEBFIANijGYTw62J+m7GaLWnpQJKVE2pMzoihCQtDVWvuaqXRrmZ6MsyhCypZTTtmaWxpPLTFgiNZsIykl2UJRwgJRSgk0tXGcMhM7QdnGcRxBXelnXc1sbT20NmWkk6lNmY00RSFBTWdrTVgByoiy2Fh0XZc2aSIsC5eg1lprRwg8TS2nlp5Wq8P1epk0RZRaQEZdqbXruuikUlUFKSuz1i66ECICE1GidFG7IOWI0lkIGYyMM92mlkNLA9jG2dc+Sozj0NZTMqXTZKnR1SKRknDL1vXlaP/SsLr0zu/yjqdOHluuh67ruq52ETIg7DRtaumW2bCFCAwgATjTAQECDI3MTE8TttOZFYVCprXmsUmORmZzenJiJSlQiSiBadkISu3SKBwRhDAlSpi0jZ3OdIQExtghWcrJtkJAlCgKhWJoy1Q5trV9cDS84qu86hP/4W+6+YnZxoaJUMy6DjDGkBhQiYiQQJkNqe8LVRjs5mwtWxvtLKWUUiiSIqIqwi1BtpzZMjNtE0IoLQlo2do0jQmAFFW1RK21FHIcxmxZugiRoeZsbWxOT20Y1uvVUWtZuy5KCdv25EyMc8ppmloj5akZyDTgiCJ5ytac6WaMPE6jM6OUxWxWZ9U1ArJ5GpatNUmSAduZ6qIjSojS1342s7Var9bDenW0ynSpMdltmhpTpjuVrutqUYSqgpDJ1lxwKbVEKFSi1FnnbImj1KgsNhYSq/VqHNehqKWUKIoSUmZDgYCW2ZwtiUyv2wROu+U0pjHjOE3NIIdHN1tFArlh5zSMBgHyMEzjOGVrY6ZpU5uGcRpbk41E4tGlKyXCVRFM2RJaZmZmakxyykxFV4FpamopHLWokE4MEiFb2UwhghpdV/uIMg2DSYNMqWXKdKJAJWQga1f7ritdmZqnaRimsUgU2ZYIWUAoikimcQQ1Urg1J5mBsaAWSW42QFJNZqpGs93c7DTOHIZhmkayNNzaBKGQbEUttRhluo1jys6kBEEaKWVJgQmFikKBkUIgXGovsBtERMWepnFso1CUglRK1FKiqJSi0KKbIRnsoiKDIUFovjGrtRZFa20aW6jMFt2s66OUzJTAWo+DpxalC0JUEVKXYhpGe8ppWh2tV+Nh7bvVOBweXsIhRbgpUAkR09RatlKK7HEYmqco0deaas3ZdSVKzWxMLVBzTuNkW7grpe/KmGmoXVf6WS0BImhkH7XUru/72bxTsB5Gmm0sh8GaxjGzjetJmbZLRE4mW8uc1sMwDlO2gjy2NEVRa5GsiDrrpABFFDXhaEi2S9aglFJq7YqUECJAEsLZxtYkubVpGu0spXR9KRHYU5sQongkBdCap2lyZtpJq6VG1BS1doEzx+apZXOlq1U4m0upEWppt5aZLcdAQraiRtd1gaQCbsM4jdM4rSYyiq0wOe/72tWcWtRSSxcRRtkMhBR9JcKt0QJZVkQUBUWZzVBr7frepctmSf18fvzUqZ1jx1tqSEeJKKXUkCwCyc5au65WhUsJhaLUEgoHomETUQo4TERXZ11XikAGBSLThohIT+NqaFO2zJwaTqRABpUiok05jUNrmS3H1tbrcWpDTtPYGlKtNWVSpZYSRZkEbpNtZwtcFAiFIpCE3NrQpjShooiwUwYUSoObJQtwpp1TZlMJlVpLVySmYSBKKFpmphG2i0MluhpbW/Nu1pWui1pEuITIdNqUUkNh47SddpK2LaMIIEQ2K42VOGWplihycWt4ylBBpc4iNKXDEYWgJC5Ro5SuVIGcsroSJWqJIshsaSd2ECUC0pSgr12nIJTObFO2BDmd2FUQGCGnXWriYViv10Nma3a2lKXMNrVxHI3TrWWz2ziusShM05Aptya76zvSrbVMm6REkJZKrYVIp6TaFZWSzmlqIJRtHEyLGkKIZg/TNAw5DWNrrWWLEl2tdtqGSRFd7do4Tp4UaunMltnSSWvTNIIiQlIgp4WnqQ3jeHB4eHh0lG4oUoE062oXtXkqfVcipqGpliLZkE6lAChRkTITEwjSypxSopQopXS1ChlKKbXUCKmEosgKh2opNfCUk20AsOxSa9f1Xdcbh7Ddsk2ZUnSlKCgRXa1d12XmsB5KIMipNaZstowdRcbpVEhomoZxnDIkJHDmlNM0jtkyQrZqKbWUzFyv1m5GCS2nXK+OVuO6RkSE1ZzYmshpmkipQLMNZJsmiYic0jK2nCZVSg0hWVEQ2CWi1lmUYiCheWpja2PUUlRr9DhynMaprdfrNo2yu66GlJikySpVLYc2SgpJIZl0sxNcFV3XW0zj5NZaTsMwjOMgKCWiuFb1Ubqu7/qu1Ao4DSR2wy2nHJ0qEU53XRdRulJU62Jjg8mL+c67vfO7ANM02Clls9NpRYRslRL9bFZLHyElspFLKSFFjVBYSoRtIXka2jSO45hjmxpGRK0YQa1d1GLbWGkFmR6nKZ1ShKIolDINHFSFChERCiSl3bI123ImtsEhGWdO4JYt04QjZEi3ZiXTfGOxvbl9af/wpV72Ff74D397vjheaoU25URr0zQZqwhTJCtaY8qWdtoGNwspokahRKJM14iudm4qJbpSRaSztSTcpimnJkMYUVS6LjCY1hpBtimnFlFDWICRFCCnHbUg0ijKrOujK7N+UWqfpk05jeOUU5RSi0qpqmUcx2G9DklRchqmlkDaJCkkCBSB7MyptXEYatD3843ZvLSY2pRKlSiliyiGUNTamdayyRkRLd1aYqbWWjaHcZZaqxRdVFXCDtmyS9/33awD16j9rCiK3aZxzMwo4AYC3LKWru9mWNMwTNNkkZ7W45htBAlltpymaZzGcWzZ7Ay5RKjEehxWq3VRmIxQLSVUiorQ1BrGdrrZUCQJZLAbMjhCqNTa1VpoKQhwEJWiUkuRApeiAsiygRQZxV1VIGOFJjfTMDVKKYET2YABZULTNLUpW45js6ckx0aIRADKJFuTEEXIFlBlRCAECVgKRXVYYEi3aZqmyUJpt2lqbZILCszUWkvTEnBRihAF7GyYMe1xHEeCWjpV2jAl7vtOqZYJlFr7fiYpnTQBgaNEZpsaDWc2SVEjSsF4ajZQxpbjeh0lpqkd7O8t10uFpFL7visVKCGVAha0dA7TSMsESWERpRQ5cppySkGIxBHgHMa1baGQSSPXGoVoLcMYZY7CJqdxrLWU0uXUWhtK6bpSLl3cOzhaExE4BaTtUkqUmqg5kzSupa8K223KzJQksHKgIWqtETVCqjVCmLCdDWS7JdMwjutpmtrQmqfRTitoLbOlUwojpOV6ldMUiq6W2lU7jYdhyCnBGRE1pGitZYA9tclOKSKii7I5X0R0VUgRJULp1qba9yWq3QRtmsA4KOoVkzNKLUXN2fUzgJaJpzFDQZtsoZRcogSlJdAODpezvuLItGuCcxxrdFGKonh0eiqE5FJLKSVCU05tOZR5X6NMo22mliKLuihF0ZUo6XQmmBRTNkXUrNRxasKGMEgW6bRb0oWjKGQ3p5W1dNQYh3UmbpSoUkwt2zh1pTSliVL7WY3Jdo41ilAJ1egybTIUTQURpQJtSrIpNbZmPIzrcNRZZ5tQs7pOi64fWqYd5DRNTqsQEVIkKqgWTS0VSEi0TLcsqirSlNPUEKFQlG7WiQrIjlJl3GwyXDPd2lS7vtlFmemopYWw3GwQAqcjohTl1LAnAwQgQiWgTVOmXEtEiWlqpajUKrxcL9vQUJSaKEyGBAQRJYZhsGKKRkpqpMDhiCKUgTNtMDnreptpakmWkCQLCKEoNKc8MamrndPgUgLCgrSlzNFSKGpXJKVbqd0iKnbLqZGgcZpKDRR2a1jprmLLuI0ZUayWSMa2JjuEpJAQtiKEGiOoeRKq2VrLbM3OWrqQEpLWMiVsRBinW7ZUFLfmkJszh3FopdZSW+mKElttaqXvepUJC5qRIkLCRjQiBHJTVIUkmDy5uatlooFcC0GgqMWTcZOxQ3JmcwINalcklWzNLRVRO9nGZLYpE5kE0VpmOqLItl2EbSuixjROO5tb89Pz8+cv2tksRchTmokJRXFGSFYj3SxRXETDWCqhlgKrFNwwthFQppxswsqWFiHbDSgKKWazRdDa5JZZTNQAMrNE1Nq3zGmaSimUEm4EpUbLLGEHFpmGTCRLJDgipnECIjNAUQzYrU21BCrG2QicrREutQQapozKNMLkmEeiaRqlkNSVWoqilDa1qFViSg/DoChRqrAtSkphQyYisdxwpEyzanHDbYqI5jYOU42qjhJVlPSEOskqHcjpzLSNbTRNrUaolD7C6eYW1K7I2EbCReGYJrc2RVBqp2YsIUlGpqQdciRTy2EYai21ligSSluJIgRjm6YplZlJtIw27a7uObN17CM/8qO+/pu+5dy5i6dOniJQJiinSQSRYqYIlE5sBxhAKMKSSJytBZRSsqVJW1FkioiINCpRCCwkKaN56koVZJtQlYjASbaMEAawEgvSFmmIaptEghANh6IIuaUkBbJk55QqkdmEbI/j5LkWs1mtunhp79Ve63X+4k/+5CVf7hWHg0vDsK/a1ynXrc0cUbAyFOkx012tSNM0BjFlSs5stkKSKuGWLSgQFDk9eSTVlb5FAFEkwgmQiSCi9jWSHKemTJFNRaa17GonnMatGcu4lAjSIiNqVEfa6Ww5RUY/n0/Temrrvuv7rkuXWqLUOgyNCEURVg3UaCJBLegyXGS6bvLENKT6wApCFSVEGydwUyuQUxszS6kGTxMRpbBYLGpEilDBliIkV1C2aZqmTDIok2hTcxeRSsiWBttjawypUFf7Rubo0Fi6biOqlZMdtjNbC+eQQijlEjVCJkWmSt91rWVmLuaLrq/TOCXOnCIkJIVzXE1DKaEuAvW1QtiNtEqRQkob20FQYhrXErVWWxatZZvabCZ3LiUACUmSiEBqid0CJYBk2QnGgZodpJElYQEZra1HxMZiW0yr9UimpJAMdkaEijDjlPLoKWvUopgMtiRBhFpaThAKkTbIRtglCuCwbJdQtlKqNAFOg5yeWtYUJGS2tAmwslD6WZ0mMltCAdu2EUVhldamaXLXdYRqLShsG2wDaplkhOx0YDtqLV1XnOv1uk3TbLEZfYye1tk0gSgUh53YzhJtakUlamBhVKRag8xMQ8vJltPYzrSdtJZOJxNRq+Su66ZMpgm5TWk7HLXrmp2tlupa4+LFS4o8fuJ4LWWyIyLQaCPPaqdacK6GcVY6QuPUBEStVTatpVSqnGMrERRNw2gpqIQXi3lrzjTpWdfZam7ZmqTJEomzi0KEA7tlazk1zKQGUVTGqbUxHdk8yRqbFVkokiyHZWeOtNKKlApBOiEj7WJyasM4pnGSZKZbTlMSitJ1fS2KOk6DM7FyasI1IoooOFs6UaRTKEqoqLUhxzFK3ZjNaun6vt9c9F1XjaZVWw9jcxOUUvsyr6VIpAUxtjath3GasCKi77sooVCUonDLIVtaQCgCq5SudqVEVCqoRJQStURmsyeai1VLp8TCOMlsrU05jVO2KUKQmU2K9Xps2XBQKsi0tLNFa21qDRuR2dItPWVryqxFghQt01NLR9pWChepdAWAxFmqCI2teRoFirDT2SKqomSmUrVUhDCSJBLc7JatZbq1nHJs04QUihphiVCUsDOdCCkAy4BErcVJOgGc2KFwyqQsqUVROphaM0TUUlSKIiJKlFokYaQEKUrtIjROU1iz2ax2BYt0RJQQNm5ja9laejw4OBimiWRszVaEE1VVAKsrddZVpCRTaayINLYyGduYmSGpVqWyuSVuYDIyTBTCKdWi6GotXZ9oPYwBXa0pr1ajklJCQZooUUB2rT1RiCKLMEwlqol0pjIhIFA6W5sACXuCEhGkQjKOLmbzvnaViBS1RjYbl1LmXU+EU2QqopZopDLVRYm6Me9xLg/XwzAV1RJRohRiynQ67RKAhab0epgSIwsrXEpRiHRBpVbjiFoKVRkRoNZaZkZBKJSZtGHqaq21Q5gQKjUSU0pfuxIFeZwmbDmwpFJKBaJG19WQmtPNkkTUUo1tNTekWiugEAYUblIRqERYmaNtcKikcaOlMzONIGoxTJlOt2mwKSVQgENFUmKg1gJMY2tTSgpjWU5ZhZJWtjRtapOzKZuVmJwyJ5dSatS+ryGZCCui1NqXUlXKfD6f9X0XESpASH3t+26WVktH0nIa3WpXZv0sap3GyXKo1lJKKZTiTKcBQRdVDmdGqCulq1VQS60hlSiltpzGYXJrkqMG2GPLBLm1bJlKnC0zwaXU+XxWitw0TR5zwiCkKJQi2QbLeKK1NAYVUAi5lq70oVKlEkWSZNkKUBGKbI5SAtuecipSlTKZxhGRbrKkmKZpalMGCo1tbG3MaQq7TeOUE8qMlmGpaMyHPvLhr/xKr2wnbcrJETjddV0UZdM0DeN6nFprrdkJkNiTFIQmnJm2kTARQSkBiCCam5udBmwyW6ZRutmQgKMEgVtDkbi5REgANrZUbKdQmGIjQdiJkNPOTAqlVDlCIkopkbKipKhQaoSjZSu1nDx+PBuv9Mqv+ru//QvzrWMbi+M0areYlcDNZhzGaRxUSokSCsCWJOFwsamlRIlSkALLNDJJZxunYcpslvpaSykIUNpTpmBqU05jkq1lkUqRm9s4pF1LH1FKCWPVKLXWfhaKnFpObRrHNowW2ZJUUY1ap2m1Wi/H9dBaEyqlRlTZpUQJAVGilBqESkRRRijUqShKKepKUShba+lQkYUDk9maDbaEmIbJ6RKKULrZ2c9mtfZdVCEsRCisnNo0Zdau9LOZ0TQOCNlTm7K1CHW1n/Vz2aiEKsLOzKmlQeoliZagImWbGs02TilcVErpuz4J0nJxUqN2fR+UUmpRXa/X6/UwjhNutZTS1VqLUgaQjFMRkWmJopKZtp3pTBGSkcA2BKUGTtPGqQG2QdieWjaTxkiollKLQkhO2UalRIDdLIGSUFEhIkrX99UUQ2spBVhRCgG0yc0WOLNlJiQQaSMFMLZmT46wHEEtJRQtDY4IgyIj04QwRGbDCdQQkFLamSNRVYpNKbXvZkJTtlK72tVpTGeLUqMUUE7ZaDjtVksx2dpkhRBgSZIInEURUaNUp8FCNM/62c7Odi118mRwUiyitGTKFhSsLmLezUGlqyXCRkIIbAiVaVovlyvLaaY2Ra2SILpaS5TJaTckSSVQFel0k1y6gtPTVErM5zNbpcT29vFAwzBN2VqbVsM4rFeZOblJtimKhjKzSKUrOElJklIlaq2pRFaICBHGbZpW6yGZxmFIpyNUKUWzfiYkEVKoGHWl2uQ4tWbbXVWp1W5TTjijRl/6xWzDwpNzotaun8+72tU662pfu8AM67G1ycbZaK1ip7CwMyh2qmWmRJQwIJGp9NTXjsQgtFota6lRCiBJipZj1Kil2kzTOE6t1mrcdT1SemxZSkdPjc2ZKIRNKklNRiXCkcN6JVDEfNYpmKaWzqg1UFGFLChprbU2jrX2IQ05xRQliiOzWcgGuTnDpXQxjc0tCXlsdqtdLVFaG7PZFBJCCpsUTVTsNk5RSjZKUVPr6adpGqexghVuKRWLNAm45ThFKYREpqglFEU4LaQ2jVGqkFEhiBpFoUg8ebAnN03TGKG0PGInijGzoCgdTBGSAqnUbjbrIVpOzmZT+x43bCfYlkKgLroiBcgYG8kmnc2JsUnSDTubG4oQNLfSpEhPaiaIUpCypRzGbWwCJ4RShO0iIWSn05lG2bqukzS0NU4TNUIlsk05TWMtARKJhZzNpotoaTsRgZqbW6MWZ2azSamGGdvURY2ILBYlQyVaRCEip8zWyGYVSCWttQBFhIKIKDK1psNkGoRdVBTCFqSDTKTWMrNJCiSU9jiOEaXr+mgtyWxinKLramEcW8gtgyRU3DzWFrjWksk05TRNKoUooYwSJIwjckQdWwtQUWaDQLZpmcZjG92ASeowyCWKs61XUzerUpDYVkDSkoLtFihbOoSdRgVJEWRGQFOOU4soCikhhElbVuakUpDDRTJ2ZkbU2tUcbbKNI0St5dKlS+fOnkPMNzYcocmJSgEiLYrdSBxQS5VIgVMCCKIpi2QnrUigyKk5CELYaYeEZRUCGMap2emRqAHp1rJlIpohk+aUJBjHMW2krnaSEBa1hFHLJoEkbOwkIkxY2Sy7ZbooFBFdybHZSciTFYpSIso0jg1qrQqJcKanVqJQsDNKpN2cygBEyM2NGp3CiDaNSYJUIlSMs0FESFL0FZBRBKaolJBMWY9LNKp0ztbSahFS6YubcWbWMA5CzkbisaWcKFSdU2ZraUeUru9kr9qY01RKlWhtDEWpgcJQS0eRWkJMtkW/6HFMrdXaFUVrnsZBir6ro92XmqTGVC3M5kXT3sX7tk9f/77v+x5/8qd/tr862trazjbZzS4q0UETziap1FCEs2XIkyOaQmFTggBsp02EMsipQWKn5FrCiUJZFBClGGyBilrLKBI4S+2jtZzcIGSnwGk5kBCXuaVLBKRtg7OoECCaM5KGsS3JLt3MmVNOfenGNtbanTx+/MLu7hu+wVv94s/+9Ou+yZvNzLBeGqmGwp5iGieMKK1NU8tSwriUGgo0Mw1IOwQlMGSup1GZpUS4GMbWcpr6eU8oMiRwtmFyZNTSMvtakZxuSU1UpskqRBUojNNZSgzj5GylqxEyjlAzXVeRW3OtPZAtjcPYGltrZBjCOCLbaEtyWtBkVQxOFKWGhnFMmActmdpUu44IKZxMrSmizgqQk5OMGgYmp4wERpE5SQoKIgtdLVKdyEqN2rlNWUoRcokIg0sFYaWbyehKKFQ9jU0JRYSEwkUOlaClpGmaKCkqadNalhJyKePUSrVxeioRSJZsSxJgQK21JhdTalXAkDIp3JqNuiJotqUiGiGcmW2c+n4KF3GFwA4pQ0bY6URy2rIT2+FsDaEskjLSaWyXlKJGtXx0eDSOg3GtxdiObEOmJYWQSmuT7I353NhStkSOsBEtUyrgtJCKFJZRhkTL5qR04WmaphYhXB0AznCmc6pRateTqOvWw1BoGRGwHkc7u+hqiNqB00lm6artDPfzhbBTNULZmgCRmUkUIxTFmc4ESZKczqqIKNbYWkpRSymlZssoicOZiUMRxYVqLKRimZbjcDRmcV96WyVKLZ1yTFUcLRO5UCLUR5co7VAqQhCVgqbM9bBy7VXUhhZdVWpzZwvK8mg5m/XzbrZarVpmCdl4akOm1EFBFsIpFFJzhkWSbqIoBHJm1L4rZWpjWwsym4iIUosi7RKhUrpsYzaJKVtLWjYCQkUqUd1Swg4JK8iWtkLzfpYwtTFbZq6H9brUKkk4utLX2myTBFIJGyEltetr34HtGKfReDafRy3ONuWY2SI6S1M2UMvMNHLmNI5tGNdTtmE9juM0jqOlUiqBc2otp2kcJ09tHNbT1Fotsygq0ZWuI5BBZFopFZnsulq6uVRHj2PLUjoppjZMramI0DRMiHQmOQ0tc5rGYVxNOU2tTWaKoho1g3Gc2pQNJ80CAouIvu9q1xcFRSpRVJ0utfZ9l2JsU6GUWhtJmqDOZoqKlZ6wLEeRRBE1uogipzEqISCKamu01mqJ0vWgdJPdAHuampSySy2ZzpwiQoTtVAqBIxNjiCigCObzed/PovSlFKFQqERmOiMNJmopyMi4RthJywjVWktX+r6GACQBmVn6ziFUai0hGdrUDC09jGMbJrs5G9ByAoOnaRRWKsgknA0jR8tUS2VKhFSKSimhSIwU2DZCAlQ7kXZL2QoE4DQREVFrCamARYCkoGUoFAjb2VpraREtBTI5DMM0TkQYr9frKVugqU1Ta6FsU8tssh0kqcxsk52AbZOIkCVMZmao1FqihIrIFlHDciYIirONnto01VJqFxSiRvRdlECOlAnVCCndFFEiyAyFVCdnqMz6Wa1FtmWStI2jRI2S2VQiIkJRogdQSCKYYJxW2VotxWRmWgaXKBJJNjsiRDoQkCKUJiISuTmklNxaeopOCmSHIqIKSUq1tCHb4Kk141KK0wpmXSdpGMYozBcbOQ7jam1cFF2d1RKhkC1RFJKiVGe4pUERiVs27AiUzhwzXaRauojadTVqV4pkMifbDgE1akEyXV8jGKcpm0NRao1SZrUGERDSlAkURUg4A4HGqa3HNU4gIPHYsjW3KT1NbZqyDU5LAmyTGSWCWsSsi1pjzGlsYzZ3tVi0Nk1jqoRxOjMTcKaVrbWchtYmezA4oKAAY6uWOpt1GNueshQRGFuKUqyw3UTLaRqnNkw5tChRSg2nUFdqurU2qNmQzW6TpNqVKCUQwlJGqaWEIslmGWVma21ytmEahymC2vW1dFEioqanCJCdSYRCtAyXrna1lr72QSSCLKUPhVRrrW6p1KWD5Wo1MI1dwZoyh3d51/c4fWJrvRpmUYPqCKCoiHCiEgIQmSIKRCmZnqbJFhbGKNPOnNokK2rt+6i1i1KKcSJATmcQpURLN6ewZNJ2Ezgl2ZbkZmxjhwOQZJAgFIhQOEKUKEA2A7KntCQCrCgxToNFgTascsppmhxlc741Tu0N3vQtfvSHfqDMN7vZPCK6KLWU2tX5fC4Vyy0JUaNI0VrLnCg2TC0zU1FKEUFiIKJ23bzMumxtnMaWdqKQSGOk0lWKSqldrWkblRJdqRHOyZ4SUKlCraVbk1DIqIacmoYpM8NO7HStdVb7kDJHp5EaSeA2pWxrHMf1OMrKTEc43cYh0yUKEZm2lU4lEJJq1EAlSl868OQJUWrJbGMO2GpgN7fJ49SanZlNRpZCUoTIdDpRKV0VRvRRI4pUmm1QRLbWcnK61Fnfd6XUNjaS2ndd4HTLNFmkIhJPUxMWcmCasd1MRokq0TLb5HSUGrUUEI5AKJ2QsjWlnTk1klICaK1FhIPWmrGkUkrLNEQpMlGLhWQAMDjt5hIq1QnpBjbgNEjhTBOS0i2TMNhSwZi00ukxR1AgG8BKTymopYQlu5SiGg5Z7mvXRe82tZYtDSqWnAqlPOVkIJtJZCEstxQRJRSlpZUGzESptfYCNWO3aez6AowtM1NRpimX61VKBdkeh2HI0c4kszkkkAoRaiKURYTkTKEMtWnMbMYR9LULdZKmaRqnSQg7MFa6Jc2WSkFyWoQs4XEYx3Ga1sM4jqGYzWfz2kN0pZ/Netuh0nW1VEnK1qZpnZMDdUSNYpFTY5oAIopUo05ya80GT1GjNTITg40gVLu+m80K1YFN01Rrccv1MCzXQ2tjUTgbToUCTUyBsGxLYELRd13f93U27/taIwBna1ObxrFJtZ/VrqY9TdOUY7YMlz4CO90kBSDJbZpyckMuXa2hsFRiymlqbWxTTmlUrNL1tUagWmrUqIpo6WkaRairtvAQIZupZadYj9MwjrWfVTKnrPMailIlALllRBhCqIv1sArKYmOmrrSpZWtlFkzCkynCGIfXR+upMV90XddPRAiwjRy165obymlqHomKsjUAp7NNbdZVUSVF0fJoSWbfbY5tsjNKGDA5ZVc7RVm3Nc4cJxP9rLoATVQ7srUpXUuEaM7M1vV9ZnahccxhHEqtQXW0UqKlZcY2KkwJKaZpiiihUGZrqZAQNqg1ixaVrsxkulJb2GMi2jRN05ANu5QSiFprWm1KlYiGgujKOLYoJUIRIcc0rVfLqdZSoghPLSWb0omxtSRDoZAzQwW5TU0lpADbbqSmNq1GNlUKgKBNbZpSEaVIyCq1OG23ViiUzLSnrLMO46YSMaVlCKWmHLKUAlG72my1yaVgmallSyuTUqOXmhnaKBVVkRAxjBkhASrC6VTUbFNmImx1fcnmwKUIhwstE4SIFFALEiXKNE00ihRdsaSGVEq46zrsEpqaTeICshOJiEgTIYzVsmUmUCJKiaIwCABBiSpPTbRpVJSIsKgOoLWUBcYWTiFEiGaPbT0MmTmrXWauhqmnlMDjVEoQdrqU4sgaxTC1ZntozdMUpQvhkrZTCLeWEYWgny1CGlsjrRAGCpKdMjWwRJPkaRoz02OqoylJh6TSh6fJpLO1yUhRTSoUinGcCqgUsJ2ku1mfxlPr+n7Wz4bDsev7kDKnliBN41S6Cm0apwihyNYkGtlZUchmN9sC20SUKNE8ObFzmiwJSuKwpjRmdBOyDaymwaRtTeNkQrYDEXIoSJeicZqmqXlqdWPela45sSQ1N2fzhEqQZFVRdKW64MmNrFSSlPuuy2xuKarVwA1I4wayrMDp5kkRpcgYS07INjlLdKWb92VqTUgl5CxFTo8tHaoREZJoGJFpBXIopNQ4TVObapGsNjaX7LuuRAS9W05tlBVzlKXrOkXJNjWczUSrlGxWUVEYMlsi0oUoVaBG5tQUmvcz9zMUQKlh2yCVHBtqaUfUiCKsiOZ02hFtampNEX1Xphxb0EVVtYq65bJNY5tK7WqpZXV4fuPY9e/+3u/5FV/xtZeO9jbnm6ScOU2jpRCZxikiSgANecpSlVmmNkUGJBHCoCAQIU1JyNhJRpSImMbJTtuSuq7LabKdiSJxtGyli2jVGoUkC1mWIrONzTVUSnFmsz2ZoETJlkBLd7UYqRrURZ/KdEohTKmTHaVUhZX9vFtsnjx3/sK7vOt77F7c/eAP/VAKHsdhHJla7buQUnI2W2NLFKKNI8ihkJzJsF53XY2IJNo4ZGjWzUy2zEU/N0QE6cRRJCJKhiKK2ujMLEKKmIWaXS3RsuXUSomu1ObWMuddP6gpIkgrRJQgEa01DE6npSAzcdL10c9mIoBhmhAqMOGcSukoDkiME0Ro3i+cbWqt6ypBZqu1mKSp6/pSwpkqJZrtaDgklSpBsyWwFFGUrdkZNUJ1ai0zi2Ta1CgVCJhwgCO6rPbYisJiHG1PUdyVLkw68IQxntyYKIoWFJXS1amNEFFk0bKFiCjOhlRqKaUqlNMEcjoUE5SiUouMc3LmemglioKIUBSPY5IlQgWhUmPKbOMoUXEXxW61q0CbptJ3kpIkSymiZeIcU1IJIeOowTiNLaNEQyQEWaNkZtrGnYr6sNOJsxnVWlVKZiauKIpaUxunpMkRBaK2qRGQ2ShRQiabCcstSqAgTZEMkj1FqZAl1CSgZKkBKqoYpR1Rsrl0QhbRSzm1yUnzwCgkgTWNgxzpNo1EKZmeaDmkCrVG2rUWQmqtpYtkCEfKCrfGNLVsUzfrO5WhjaEo0ji25qmXaqkqOFNRuyhE4JxyQmQmkJmKsLFNy9amHF1r6bt+YkAyMp6yBVYo3dpgFZfaEV2tbTVMpYpOJfpSwh7H5lq7YZoU0dU6TVMbiRqdq5Nai6L0eBzHKNEapUaJfhpHy12UYkWpw2pArmjKcWxToLDcpihCpB0FEWO2SFlqqUU/c+eWVpBTGyfX0lHCuART5jhNNWrtOkG2yQQRQN/3fe2xh3EMNDWX0pKQJhMepyq5SFG7yTmMw6yfRZ2HWK9X2cZVpk3tokQOa0dVV2rLZruW0uyohZSilBqWSWrpVMItp2k0lEZaotguXS0qdpZSpRQWrqE0FtiqJY1JspawayGUssd0IRxjm5brsUolQKXv+1admcK1dKoRikxP03i0XnZdqVHdVSZJIZR2g8CSUsJNpSpDZNrjeiCopRKRpKamGirK0c4kwtlEKAJHiRKhZk/OSpQIEZNSiZyJ7WitZcu+R1EynW6zrkZUuwlBBIxtjJAhW5Mk1FqizOaiLtPk2Fpr05CtzjYWMrhhRDMqEU4wY7YaUlcCd1W2kJ1CjrTTlMCWSgRA6QpWZmZaJeyUQgpSjiRxWBRZiqLI1ppQrUWKlkXhzIxaJYXTpdhWEVkp4SQi3VqWGqGclNlm847KNKZxtjSq0RQyIl1K1Kilq+MwOK1Qs2WB3UiyqBhQoMnODBQmVUJptXEMRe26Wktz1igZziEVri5AYkAKSAMtQci166dpauNoAWGBraA13IxscDagTa2rUmYzRTaM4zgyid4wjamirsiYdK21V0FiGkJ4mibSNmRbtq5U1SCdzjGbbAfORFJrGZKxKArbUrRspKOIiKoYi5WWQQkIIU+ZIUlBGkKiYQtnGkopcipqKJ1Mo4mEwNg5yaVEgNOgkJopUao01Tqtp/3xoI1jKR0CZ0SkkZSZ2BFRgtac0xTRSUJYKIrtdNpSOEJuTmNh280KRVDUpY0dEXPNFKgJwBNEBNPgjGzpbENEETVCzYkdEaUjIoIwdlJqAUoyWaWPnJKikmTYpFo0J05FIZCxbFCRkF3S6WlqmbZqVwqlOQ2hUlAGchLGUUvQKQB7ygxJIWOszFQYuYaQMkGZDSIjRCkhZxoSLGMHop/3IGcObcQGlVKm1tqUfVclpVSkKJVIWREl1XJy6cK2k6m1UIlSMqeiWlVStgWUKC2n1lqo2kkmssSUmUkE2KnAtPWIohSVEihkmSwqTtupIqf7vhvWQ6PlMPV1th6nxdb4SR//Sd/49d+8PFpubm15ZSsUBMU0Mixnc4YxQC0FUWtMozITlVIkZNwmp8FNKGVsrDLvsrXWMkrICuR0ZkZIoaIAJmfNyLCQjYWAxGEnKkilZRqwWzZS6oISwnKChWRJ2G5qhWgkGekEhU0oE9s1ysnjxy/s7n7Ih33ExXPnPukzPjNmOV3YdWFK4ymtLgRKg1Lqipw4MFS38fBgv5vPtze2IxQqODNHmygVCHlqTbJSVGUOWKDWxvU4yKVGscBOU4K0sDIngUuTlZkjdDVas9JKVA01TEZCplMmIkqJYRpI4ZJTplpXS9RimwzcWrM8pkSmSUcJHISL7BaojQ25lOLUlIkdUcZxUrp0tXTdNE2yKMWtUQQ5jamiiOIsFkJF1U6lDekstdZAVvNkpxOC4lZUqEgR5JQ5jeuZ5hQ7iRAKwZRyToSgSs14vVy19KzrisrU0imKk5aSHEKSsBXVbs0Z2ZROt6hFmaBEMGWmUmgqpaiIDFJFgZypaZiytVICGwHFTkRfZbvl5CxRbEoWggBnZsPKQJlRu67vQmo0Z2YGam4RpZjMbJlhIzKtQiAppmkKKBHNFqmgZdo4cmqqERkOaEgixwmFQI0McszaSSWUDgFIpRS10RSQAatlkm2aRneRpRSrdAUnti17culqF5GZ0zipiOYooUSF4urMllOoBFJfpICUbSRjqwgDlkSzSYWIkBzhSE8CiDYlJTp3MtnalOM4ttlsLpRutVZFBUAts7Us0ULRsikKoSJZZEuidLUMwzhlhoolguLqvrm1EmFMKbXLiBJE0txco7OHKbJmDQcqpZCtEVJqyikH9z3jNBm6KAQ4Q9Eyq0J9aRMFVERzOrO5OlQCa2pjiRIhmcP1UKOvtVLkliZbulRFCRupWK3UmMbBLU1JWZbFlBOZUWtXbGQpM8misCQkGI+WY62dpDaNgiiqU44qsehnEdHalNPY2lhKcTaIqCGVo+VqNa4CtXEaVsPYWjpCEVETcMtMEqsAOeZ6tV4uj8gmUFVrrU3TsB7HabLp+35jc7ObLZpJESWKyjCM0zDY2ZoCo6i1RJQ2TuM0DEdjtiwlyCmdQ2vTMCnUdZ2KkNIpsLFcapEg5VJqrf2sK304J7cWVhRJSJRZVyIoRJRZ34FLKaUEJpvB4zhktkmpAGeAbdmluERAwQpbNZCQ1HKaWhAiFMZ20Jpbm9o0uVnSrKtd15daS1SIUHUjcxKOEKLU6GonAtxaWw1rRXSzeelqG6dpHNpkQ6JMMjOcZOJmRDaQSSSsYRy4wilkyVKUCoSj1FJqFwiU6SSFBDRAVQWpTS3dnIgAWnO2DEnUqCUzl6vlNDYLIQkLJwG16x2RbrJtW7kehtZSokihCIw0TW2aGs6i6Bb9YjaXBJQosgy2sWXsdFOSACGMiL50OXlaj21qGKJEhE1CG6ejo0M5ai3pFO5UkSVViVDDlqQIUWp1kGQokKaWZMtmICKilK50tSvg2tWu1gjZrXSlj74v3Xw2Xyz6ohBgGZqdmUlTxGzWgewWQYnSlZjaNI3rNmXSxvU4TkkqpFLr2KacpolGJjgkSaEgLYKkkTWKAnDLzNZaZlUJk0obKyIAoIFDBSJbG92yNUqoCKwmbAtb2BHR8NjGnNLgbEfL1XK16mrnoLXWMqecQGlkJFSiRAkiyTQRRK0KR2GKFIogiiRHqKXHaWyZISJUaldqFyo2U8tsGaWmbRJEAkgFt1BJ2ZklyMmSIqpNhEqpfVdnfd/POsQ4TeM05TRhESVKxaGIULiQU5umNmW2aZrSrbWpNaen9ZQ5ja05p5ZtmIaWLoqIIGlM2JJLjSghFKUGgVEopClznNrU3DKncRynaXLDrU0Ziojilk1TGjvJJlRE2k6nqKWqFoUCRIg0TnsaJxwKAU5DIiKIWmaLvtZOBeycPLU2rkYotdYipVubpjZly6m5tQlnprO1SURrmW1CQXiapqm1Wuqs65AMZBokIZqzlFKjqkolSg3DME7L5SqbZ/PNja2trvaKOoyjyRwOT1537fu813tken10GKVM09TGnKYp0ynLkfY0tnSSU4ZbG7O1KFJIshDCBhKnTAShiIhSi1sKur4rJRBpt2ytZSqQJ9tQpNZSdkQxSACldhEiUELQMtvUJNVSSwEI5ObMbNNoDJkmsTISY3CrETVUapetSSA75RLHdo73Xf+pn/U5H/sRH2G0efykYZyGbPTdjNJNNmROzW1KWoCidCVUIm0BJJIC7KYoUULOacp0CbWpTW7Yprjl5OZG3826rnNISIYQNrbtEkFEVSdFlBJBs9KZglBrbWwDSsuZk+1mpxOotSu1phM5EFatXVXNbCZLrYnV2pitgexmt5yyDTaZObaW6WlsbZxEIimoIRQqSlAoJHKy3VqiQqGWLmrnsBASWAqLkJFCRWbMiVQmIotsBRiDjUtXYjGb2S2xixo5TVOma5QoNeimHMc2tWlKZ6lRuq5BFJWQm1qms5VSMnOapmwN0ohsRrWrVhhLalPaOatdlHCAZVuKrlYuc4bIWmupNUoxTJkRBAKplFIiSo1QqaUUZct0lqDWEtRSwaY1jAhHAQJSMInWcCpQiYRpaqGQSkjG6QYGT9NkU1RkSkR0kdkSUIhSu27W91G70lUVERSplJIoDbaxQiUiIU2CLaA5RJNbF5GyRalpnExTG3GqtHRmtkKpfRFCiLRTSJJFqEYJiFqKRDZnYuSWhKKUqKX2laKcWmajqEQttVONsbVpbJkTRX2N2nVRIuVsxh7Gwc5Sw9MEdloRXVdrLUpaG40iJMLYVmbDOUxTmxzQ9RElcrIiioqiIGSwSyl2prK1ZjfLLTNbc2HtoU0DNpgm7CKZXK9X4zRWldKXGiWx7b6rZVaLQnamS0TUOo7TNI2JDOmhFkVXQ5oyPWUqbTuzKyqhCGzZTrJ20ddZa0miUgj62i02FyrhpETFrMdxzMnj5Da1cU1LhUoExLhaDeOaElLYRHM6c5omk33XCU2ZbcxSiqLUqiKBA836WXR1PQ4ts+sqbglYznEYR4nMLDKySZXoZ7MoYRGpWkqpBdLpzKnZDgk5cxiGdItSSikKKVsXhYjMhso0DdM4BVH7EkVBzBeLUIzD0HLy5MwkCiZBkNlojnStHVItmlqu1uM0TWnbrWUCTgRFwoytIYeidl2oko4SEgYRZFQVG4VUJRvLkFbmFEGU2qZhuVo1JkItp0YLqUTUWvtupgItJUUtUkmpdIpSUAOLJF2jLyWQlGC3nEoBK6wASV3pZ7M+27RaLye3EEqmTEKKkCIUIQmcnoaptdHgzDZNJWqJkCSjkEKGlkmabMatDQisZhIBiiJFSITSRCCZbFO21jJCpYrLQgXRsk1tysmZ6am1TJwlaOlxmgiVUlVKUKSoJRQCGSQiiuVpakeHR7t7e9M42jKOwtSabAd2ptNYFhYWDonShZV29vNZ7atzmlojGyQmSoQicU5pK0VOLd0ckSmyBYzjMDXXUkqE0i3bNI7ZMm2UTilUSiEoYGEpSuBw1FIiQmNObllKraVMnjKnolIiWiYJISlK10UtKp1E7Wb9xmxYT61NfZ3N57NZ31mWAisUBkzLnOyWaWMTEcKTW7ZMkSZtmxJFIoFaZGWmwpObpSIpIjPTk5vbNI1tai0DlVqQkIyxa9QEKUotUSKkqCXbNEzTlGONWqKqFBmRYRySou/7nZ3t2lfZoShRo5ToSqjQ3EgDBsvOAoLMNHY6wiEAFUwDnM32lC6lGAOlhogpJ9kNUJkvZrXr7BQmmaZpbM600zJdLTU02ZlNECHhKAVnuiFKqQKgEhFRSpSIlFujTdNqGMc20tzVWkqJiCmnNk1WKooUwziO0ygyM1ubSGezglKiiDQRpUQRYZVSaylFCgXhKBFICU0t3dwMyChcJMjEzilNRJnX2s/npdq2PQVRS6U426RkHFtQMj0MYxRqV+hCMsgoIiKi6/tSq1varUSJKMYhR1QHIYVCYmrT1CBqKNJpiKKIEFI6ncv1en20UsvWmuxSSpSCVILZbOb0fDafbc5r169WK43+1E/+1ID9/cOu72Z9X6IE4UycluqszvpOEtFhpjHHcQQZsnmapmlq2RKkkEJCERFRM1tmk9TVEGGkEiEpwC4WmWkbhcI4M0sIA4qiNLJSblNKRAkjBC4tm2TLEkZ2QkiyLcDK5lJKraXremyDk0IZprWhm3fz+axG/Zpv+MYP/cAPQN4+eU3fdQ7ANs0J1NpFiYLGcbDTBry9vb25tUXgtASCaRymYRqnxEjGpRQpwCWilChSKV2UUFEtoaA52ziO4yShQCE5U2mF080e1sv1atmmqZYaNaapTa25uaVK1CKVIkkRUaNgo4hQs1smhXQSJaK0lihmXQ1F2p4mAAKp1tLXrtYaJahqrdkupUTX174GYCQZNbuli0KhUgr21MacMtNhWssxx8xJRKWkE0sibaVFSEU4beSxtfU0CJVSSwkMmdPUpqmt1+thGAURGXhWutr3Xd91XYdTtpCiWM6pWdhWKJ0pLEcaAtkmMkknLrVGKQ0KETB5mtzSdgNZCHlqDkXX9bXWosDOxpSWjSMxE0g0j62VCEGGsCeP2RBMrVnCthIUEQEUkFra6ULglBRdKGTINGkiMlVVo5QEZIucrAhh2S1b5jS2JlEiZt2sm/VSCLllG0eMDTiEp8zW3NyyAVOOqBBhU2uNUqbRmWSm5FL72i/c2rQexzasl+vWGpAtx5xSVkGodJFGOG3ZUUqpBZE4M7NZyMk0tnSz7ZbIoGxJpnGppUYRIblE1KhRQ6VmS4MkSo1SGm25Wk5jI2QZiTQGElEjogREQV0tqmVqztaytWGaosj2OI5T5tjaNI3jMGUzltPpFIpSs3laT8M4TVMrpUPOTIFk0KyfzTZnmHRi0hkKOcZpLCWiECpSRlEpJeQg2gT2NLVxHJ2tdl1VKYo2ttFuIMJ2ayNjG4fJnjJbraWrRSJtmgLXkAMsJbXUcZymMds0jVMrRNRaanQbc5XA1FojSkzjGhecwzilTUQJ0m21XEmKiDSBFpsbs76GEOpqrVEnZ2vNINWu71rLTIOIIkdEdN2s7/phWB8cHVBiNuv7fhY1rGitMY6ZiSgRsrONpe/7bpYGSRIK4VBXZ33Xl1rrNLbEUWI+67vaCTU3TEnX2hcYW+tKUApWwaVUZ2KLdEtF1NpFCWciY8hsabKN0zSMI8g5NVxrFyE7JRQhKKWESlf72s+acxpG3BRyIiNK33VKiehqtZmyZWNqLckAStSuRJSWrU0TzWS2KR1M40SodmEF9uRpWA4kKFQLhVrqNIzLo6M2Zqm1K7MKqEaJcLpZIkKllFq7iJgYBTmlc6pd1FJLVx3KqUUpnrK1Bri1ccrE4HAAGGFIJMh0olRR2C2ztWwmCIWmbE47M6AUERKuURSSPTGZnMaW6SIkyQrUlY5w4gkMCFCppe9rKZG2W2vTKEEYWyqyFRTkpCi6LkICi5A8jsMwTESUrkYJcGuNbKBsrZSymM3tnMZBksI2UsjhzJZD2gk0iqQIuaRlqF0VgEI1BJlppmlq2aKZJFviiZzaNB0eHOzv7Q/DkJl2kooAZShKgUwnw2rVpqFElKKuFpFqYB8dHU3TVGstXZEipIiw3FoL1HV9MVJEEAXjNEUlokzD1KZJRImIiFo6BNlwknZTSLIpNQS2TZTadV2tpdSQIpPEziZEKJ3YIfraRVcsRIBCTNM05mRnJFErErIsMjOJKE5aYrdhHMjE2AYVhUzLHFszSEIqXQgpSjbSSViWrMy0m7DJzFZLBUAoRRHRB8hRizNbs207c2pkkrRszZPtiAhsT8N6aNOowG1qiUxXCtikQhQkQM0ZUBCoRqkx6/oZEgG2UO26qLVEtJyEalcg0laJlm455dRa5tSaczLUqLXGvOsCGeSMqFGUSdQIKRInxoYgnJKFQUhBpp2jVWpgrddrJy2n3d1Lh7v7bTIgO0knlqP2Xdf1XR+KxAoiIgKctgBDc7bMKLWhGhFSmybJtZ/VUmtVgAAiFCUKQWazJIrsaZrGNrWxJZQu+q4Xbi3bNGQaU1SmnDLdcrzxwQ963/d+T5v1ctnalDmhbM1uzU6lTWRrkDijBDVsmwzVKCUNNJWIElFLWuD0RMrYdho7hUHYXdd3JTIiIhyERNhjtkxnlijA5BYiaqmlAM4spQQ2mZ6CwEgKJMlI2G6ZmS1NhmjNrWXLcWyTbckOFMVTrg6XITZPHOtL+eZv+663eMu3nFbr+fbpeb9YrlZu47ybYZwAUkiepnFqk4jZfC57Ghs4QtHVhGE9haTQOK7b0JAj3NItUwqFSheZOU7jar1umQBYEQlSQYxTG1bDOK4gaS5RjaZMFWbR9bXYIPqutzO6ErVDCAiwbDsx6dbCjqhFkdmQDcPUoqjUEqVTiYhI0mmFsKRCkul0m6Yxx3EchtaoUdxACJUCCiAczTbYLafREoAptQgmtzZOxkVCk4Ew6WwT0NUSNg1na56M1uvVOAw5jSEh0mOzx2GKUkqptUSNkGlOBIAkRSllGto0TU4Dsp2aSDtJMhsRmTm1JlEANLYpIgrhyXgyWSJKjRKqoamN9pRtnJiiRIgoJjS1bFOmJkmTkQlRSg0rjZLMRFFrDUVCmAgExmFbggQ1O0otUbBIsk3TNEYpDSetm5W+dNlSCpnWmjPBUUooMDbO0dkamWnAIYWjFEW0zGlqDSMTkrNEAEjOJqvR3HDz1FKabEJhT8N6nYlqHcZxvR7cRkWUKF3p1DJQLdHG5pbNkIBMSpIUpeuKIAEEUolaa8nE6eYpsxGhKJhpaqthnY0kotD3s42NWd93YFuWyVYUfRTLJDVK11XkYZoiaokuSRsJCxUFkVMbhxFUImhgZ9pYtqza9SUiCsM4rFfrobX1amVn13WSTcu03TIZW1Oo7zthTzmNLTMz2zS0xCmDSiluTDm1pCKbaZrSGUUpxmFoKLraleq0I/uukJ7W43pYI9fSUQrSOI6ZztacOY3T1FpmtrG1dFCiQAmcmSmpzrpSFIWxTS2z1rroZ3JM46RQpK2ivuujRKmllqpSWmsCpJbNgsAtEzIlSQIoUWTsKZ2RSC5dlFqKVEopUTNznJooJYK00ySGzBE8ZZOzlhKljFMbp8ktnU67ZXNmiTBRay2lTo1pnEoUW9k04SidxJhu0zhOwzSul8NqdXi4GseC18Pq6GhFTqRrjVIqApJEYAuE3EyJKCpuDWS3aZzaMLQ2gjKztWlar4f1urVGgZQlAEKhTCanaRFSRCaZLSKQsBXRMsk0ISSFlK21No7TNLYp09Bca40SwzhO42BbEdGploKFGollCwIHXelmiy5qGaeBQpSSHoeptcxstltrGVZ0XekAFAqpteaWEdgWNgahgpstRY0ikABFiJAwElhOp6GlE0lky0xnjtkyTaiUri9dX2fUAk4IFRlEZmIrSinYbWjDNE5Ke5pIS7JbJnaL6GoJhUK11IqiRJRaS62tYRwlUpKDMAAStjOdfXRdLZGEiqKk1ZxtauM4NucwDFNrUUqhSE6aLWMnUuB04JAzm1tEhLAdUYsUEaXUUEFquDVbSIoiVIzG1qKvmxubXd9nS0dRRFG0ZmNDgt0EU8vDw/29S7vro6NMCW1sbG5sbGZmy5ZT5pRp4xyGYRrH1lrImW7T4CQIg7OFUBDFRbIsmFomrUQoSi1FFUsRnQkgVErt+trVvkhIEjE5AwdFoa6UUoLLFJFpobDASDTLysmSoqvgqeWUzmwt2zQOuxcvHqyOAo/ZxnFaj+M4Ndtd10WtlpEiAjudXNbszGZSAAKQJDXL0FElSggInKWAwHZktpZp0m6KKKWWGlIgYwx2EtjYSoOFUQmFbRp2cxvTtkzaMnamUVBLdLOur4GcLdvUgFJLiVqJaZrG9ZhyRAErIiiyPY3jNOXYSlWp1YAMajiz2UayPQ2TQAicdmZma25TOkGqQhSV2neojMOIm9NTtlDM+lm6rZZHy6NltimKEOHoSteVDicm2zS15pZBCalNOYxj5lhKKSXc7MyICCkiRLSWbSKs2XyOSzpbyxwnEAmilCJJzlpjNuuRrJjGaRoTsDDKTEUktoSVbb0+2svk0z/t0y1d3L0U0U22k1pLKdWQdvMkBbZTYCaShBIFRJVQZ4MphETLdIblgNZatoYUIfCU2c9mpXRhQhEOOxuoVw2FCqAgxyndEtuBW9SuKKJ2NUpEWJ6mdHNEiaBGaWmnhQgJHCjU2jRO9tSaE0u2aX1f+/mMKEzDidNn5rPFz//8L77Ga73GNBx2i2O1dknaJCHaNE3NWUtvRaCuj7TX42QB2aYks0bXz/rSdYE8udFCJdPZ2tTGFhSVacoSERSn3VyizGZ9KX1BqiGrn3XdbFZrryhRonZ1sdjoS52GcWiNqMLONE0oEHam3ciWtiPkkByKGNtkJyTZisF5eLC3OlyGZNo4TCRVISlCCqVbc1MoIkBJG6cxsyVGiVAIVUi3bG6l0CkiwpAYKZCN5MxpyinbkElxVahlprKo0MyEaikVRRHl8Ojw6OhgHEfbtYuudlbYrZSCirNNo22QQhIpEC2KVFQjulpLKQgbOYVFILVEICkkQSKRtauhiBJ9qSKAxM20zMQinEilq3MhO9brZjtEIBytjSZrF0RBElZE3/cRhYiAdKpls6cpjSLCKoFq1xHIaRxFU5taNqnUElIwOcQ0TcM0RRcKYQthMnFLl1RUJLtMmTllZmvZ0qOkrlaJkITcJlu1FEWhBBCE0ylntubJINlEiYpiWA/jsO77vpaCs4RA2Ro4hEM4QOlsmcIUpnGa1mNmgouAQMYZOOwpGxjZgBVRau0jPE1j2kVBKMJTy2wNOyLkzGlytilda9fNZrVE7SslbIeqp6k5JbVs4zhl2s12JllrN5/Pa1ci1JzpLLXWruu7frbYmPW9SolSS5QIlVLtLEW11r52WMM4tCRC/axTxnq1Xi2HYVxHkZCili6ytTYM2XJqbdXW0zDQTAhIyNZqqVWlKgSkmz1OY6ajK9ncPMkpy3ZA19VSunSbMlvL2pWu1CnbhCHTDQtjaTbvuxKKKKU2WxARMtmcyilHp2vf9U4TBZwjhCX1s7miCLcpQdFVp5UkCbbJNkmFonG1HoehlW4+n0lKe2JdSxdyDdJRCvN+kbI9TdlyIiJqaJhGo8gIkREYZ0uotbNtDMLj1KZSeoXCpe9KkyI9ZkMmQ2SGSjoiqiL7EBrG9epoWboKlmitRbHKTJjiZgqJlcnUpkBRFK2WQlqUEoo2WSKxM51WlGLnlIFqlClcQoZwRgkRwzBF2rZNrVFDJmwHEgi1TLe0EETX25mRpHMSxXIYK3EQUqm9I9RyvR5rlBK1RLWd0zRKStIUoRYtRykkpqkhWGd0tVOdMu0opUumNAGGRJmT1QHCLi6JAbvZEi6SW0uEkbBRSKQTKYqdbmRBQQAqljUM64gAWjZACtlp16gR0dzIpiiEok0oHIkj0zYhJMahoQnhlCKt3m2cpHkpfdetcm1bERLNaQS0nBLXvlOCUrBeraLrwlJQLMtTm4iIGhARkRhUqUAUzedztzQZEsmkDFRqOD1MYy0BIlsD4ZysZhQW0zSVWnAGmpV+3rvULic3260JNcnObIBCQi1LdNZw2PaODnJzc/tYDVUXbfQLiNaaokDDJJQo3WxWSm3pbM0gmhVSpKdpanJKJTplo5HZsJ2UKAUEIbASZU6yLdTchuUkJFGkEmGQMq3mZoSUQ1OPDCFDmnnXtTa1NkmdEDbYmaCQUZQIDC01q33tBo2ZSaZDzhRkOkQppWWzi2QaYCCi2impTcYOZQmZaDRltJZAS9QSWloqUbBbNjunqZZiKaLD6UxsUTCSIkqI2pVsU8sspbgZYVlBXzvSzQ0AgkhZChHZEhlcoiChkpltmiRlNuRCuDVsMq00UEpJA6EqBGSmFDijFtvGCqIrAuQSNdPpiUQ1ALuJKjylI7OWYleLbBlGfbWiRHf82PHmjFpaa043TS5ycxsnKUKhSEm2Pbk5MTklYZuoEXKbJtuJwRKW0xMNRShluzkhisACcBuTiKi1DuO662rX1XGapqkl9mTbpauKyKn13Wwch5WX82n5oIc/7EM+4P2/6Vu/bbU6nM1mLalR01mwQ6DoujAtJxwKZ7ooGuAMBTRMSzJR2KYoM22IiDTCBjtDyqll2FglIskmpUuUDISyTQahtESmE0WBMSebkErpmluStYQULd0J1ch0AFGypZROMOnsaiBJ1CgQnlpItqbGarXc2tootfzxn/75S7/YS/3uH/7eNdfedHDp/OHhQd8vXIuanakofenTbZpMukZYQkRBQiIVREQt1f00DZmpKLKjlBK0zNYyImpXnIGcthyZYylVFlKaIlxC1jSOirBQICkiMrOBjadWa42IbA2jIo+U2uPW2lRqDXk9NsmldKX2DUVh1i/SYCNZOWTiVkp4QkFgFFGLM8dpKMSsdhJ2GgmVUqSwszUXZJQiolO01kYyjFRibM1WECVCbkbgKmXastxW61XX96UWRyWzK11slK52EaWoNGWNgu2iEuTYmgxRcDpba7VEKpRJ1Npn1NKmSQlBQtfNpmkCJCeUCKXHKW1qp1qiTQ0TXZE1tebJKWdOokS4JaHiTCkoKQnT0rUr0WQTTZOcmcaBsKPrhaZsbWqTWhc9abAECc5UKF0iQqXllM22iyIi0khSESo5jZPHedebYpkQrdk5NRWEJhPGanJNT4lRKCh2y7QkkBPTMl1mFQMIR5TEUYL0lEPUEK5d2BrHUVZiN9fSz+fVdmsGA6B0Ol0iokhWpgkJYZDHccItLSJLX9MTdktjAgUEsggHoVpLayKzkdOY47CmxLz21N7OzCmQwm7ZkmJnToTkjK4jbbWioDJN2fURaJjSalErLduUApUaFi0Th2Js0zRNglJr3/XjNHg2K6U4k6DWmlbXRTYjOdyyRRGUiADIhkrzKJtiiUrRrNToJXdV1bW5mag1pkyyRUQJ0ZVAzlTQRV8oUSOnHMYhxoHogpLKbK3WDpyZOU10GzhHZwkVy4okaZ48pAkgSstWI/vous1FTq6OUDgzyUyL5iCsnFZj1/dd7SkM6xG7VhlaZkjTlLVkFPWzed/3wziOLYtHOSiR2XCmbdpkqWF5GFutJYprhEVkTONUSolautphp5skjBW4ZbYpnRNmEgaNTaoxpTMzRHSlRsWhkMfBpZv1tdY6DcNsMZsvNmrh3Nn71uv1sWPHFhsb6WhYhG1CtQZGRUil7+Qsco2SpJpCTLalqFFKqBapBMYZITszUQEjRVdKRihbyxYRhIRzaM3Oaeo6wFGjJZaL1MDpWkoqS9fJkkLB5KwRETFNDWUJEaqKDKahYaKEoLUpFa2tp6nVUqJEVCdG2EqZMCbdiMCEisSUEwRSjWooyBEKTS3VHCUKSguZBAEOnBZphSwMUomIiCIS47Qzh9YUKoRKBLQET0RiyYFUao02ji1UIlAEDbIB2dxUbCuIptYyNQ1FyuZxGFtrRQJsMhNSCIVAkKlQWHJatYTkoE2tRnE4bNVObliSaImcJkpk5mSHRSl2BoIE2tTSdssWlChOCjFlU6goSglJq2nVxlbM5IaimNaAJMIYXKhRi6BlmhQhTxHePrY935yXWkt0lpQ5tlGUkEhKKc1N6SiBJAEZpSBFrQpyGmtX3bCxbTJKJ0fDOKdpiBallsDCnjKgBFKBiVTIMggEEoGb29QSSheyHB6n1kUoMQQipBRCkc1FQWuZuEOUUkytteE6VSHIgoyEM7GnNk6RpZt1VjaSNFAUQWRmy+xLEZEMaZCwQ5mSsWXAti1RrClsJAfVZSqeWiulIisASZKoXcmMIkuOkFym1rLRPHVl5kwrKrjIU8ggNWekGx6nFaLrF7VomprtCI/jkPaiX9RaO8p6bGqOAKMIYZWakdPUxjaFrVLChEnRxgwaXRfI0DIDKVAEGWVeKzI5jlnrpJCHaSIVpe+6qaVllXDDkaXrSijTxlMmjagwpoWKPLWRqVKi1JYtW5PU9b2kKSenixRdbcMkKaI6xxQy09Qyp342Vw1GR1GJwNnsAKyQa9cFYREBlgI3t2lqniJKVzvhacrZxqKfzdJeHi23Z1tf8AWf+x3f+33L1bCxteVhQHYmOCeIlDMlm9pX7HGcstgtHSAHxZgibDerlMRpF0SSWHYoJITGaehKVSlyGiMDzTaeWhNE7ZQZIRHTNCnkbCAhyTUKhky3dKG5FamUEqHMdGs2KpKNVAiVrk3rILC7UtfTKhKbvlaHhWezbhjKE59+64u9+Iv9we//wcMf8eI1GKdJqNbanLZbTpKyWThKlexEpRZIHGqeJttpl9K1nErtEVHUyHEaQyhKWKrYZLaWLe2w5ZapNg1ZS7GSYhzYSYO+VITJUiIVzhZRpAArcOJCLW5NQGsTEbWrmWmnrVpKqeFZlAqqEc505tRFzWw5tSx0JUrpwAZSKQCc1VFCmZl26ZSTpQSFwmZqY5SIpiyTsgRGUWcyytbAzS1UMt3I9Hj23nvdphse9DAKw3ooUt/PIkIRLTMVQIQym+1MEyFyHNuU69aYcpz1WWqRuorpqhIbp41DJZ2lK6QFIDmzGbUoBWOH3Vo2UqEwbqiUEBXJOckah0HQpkkzSgEIObMVhUkXkTKOUgtMbZymAcCgmHWBI0rYka3ZRpBpkLMFCjlbLaXWimiryZIiMlsgoZZZSkREaw0UJUjSmc0iI8ISSQiiRAgzji2EiVBmoIyoajmRCUiaKFWtqCoibYEzmxWl9F2dpmmaxqpQSDC1qTV3pUuJTDJbZpQSYhqHaWzzxbz0XWbapoiGAofSjih9X5CmcTQQ0dyCoigqwlgWai2ncUB0pdb5TPY4ZkQEVdbQpiIiKgpMU+IwHqfsao0I0Zx2IIGd0yRFqCHNok9nZiLlNLU2ObPUWmpBUinz0k3ToCRKURFJRGk5tDEldbNZQci2QzRnFyGFs4Vtq0QQMm5TQxbhqbmqFQlGUg6F+tpHDXBUYZMpoCgycpi6wAEWoZZTlG4260tRCdZj67q+lJimNRm1hKIM44RAFVKKTE8tK509BVPDZGsQpQqlZJpKVy0abRqndHM6SnSldl1Xa1e6amkcxnEYuyiLfqZwa0kgkAWhEl0p1W7OiKhdFFSLWsu2miRKraGoqgJsXNo0DcOabF3fi+yCeV+EMBYomCglau2blc2k7YYzI/q+r1FsNclR63y2XI+7+7vTcLhersZhhIymiKhdVZHtWktmjtNUSIlp3ZbDANHVUC3zeR+KxWxuoo2pNrkltkCONk2tZY45rleGKpC6UlHgzIYVXVGNzmlsUWZdrSVaa0Wl1EK6q9XZpnFI5zgOkEjDtBrGVWvGmoZxmAa3TLdMZzoUtRYbJ0WynGkrahRRsmVgmRI1pJyyiMmZpMJSlBBuAkvQpnFyS5UgSDsk2Shst8bUEicC5ERSlCCEE7BBRKldV0pUQpk5ThPKiILU7JbZdXVjPkuUWEah9TBhE05wUya2FJRSiyJbm5qd6RxxNjttTO2LxZjGGSUyNbV1esJuOZIOaVZqKdVSTo6ofalROqdbMxEtaS2duV6Pbb2WMt0AFUWpLXMcJmdTVXEUhUrJ4qKIor6rllprtZTSFWpXa1cUUbooBcU4ZEQoirEQSklOnBA1XUrXz2czK4Zh5daGcchGKcUK5HQroVI06/pAmRZRonS1BG7r0ZYVKio1SpGzDatly6y11r4rUR0GReksBGlSOQzrJGtf+0Wfbq1NCcieMk3XFQSJIUqtNZCmzIBaw9lApetlKSeaSbAVUaOkPU6TW/azDtFalq7Ou1k/mymkiK7Ubt53895ABgogbdttMq2lnSSyswlZanZBAmcCttNtmtbTNNpMUwZlcotS2zi1bCLBzjRqLVdH62wTIk3LlqKvXXNTFCBUyDYM4ziM0FTk8GzWz+bzZBqmMWqtko1kxDRlJqFIWwqVKts4IhQxTeMwrFubIqLWGqHSVWwcUxs9TelmlJmtZTThqWVzuuUEoo0tW9rpbNNIZq2llhoRJoydzZZDobCYWptaE9GVIiHLIlQq1SGklokzQPLUptamgvpSZ30XimxIkXbzBBGlRlEU1TqLiDalIrraBzS7TeM0DRQltkm7lpLp9Xo5rIfoYmNrY2OxUfs+qhyR8jCOyNPYwm7DcufUNR/5Ye+b2Y4O9qPEOIxdVy0hutrVWoScLiVKDSnClFKKwk4LQiJxRo1aC5lEScsggwGiFJUwsR6nnJrtTCsUUSKEAaIUMhEtPWYjkCItO0PYObQBp6QkMl0I49ZsWoQsSkVEWjZp2jRl0jKHzNV62aY22eAkhcb0OE4bG5vbm5vnzu+95Eu+3O//zq+WxbHtE8cJjeNATkdHh+N6bOmuL7WvRQpFtmlaraY2OSkqKlWihEotXXTk1LIhF6KLKpXAzTkN43q1Gltzce06mWlqKnSzniSN22SjqLV0pZRxmjIzE08ZBhjW62kaFLKdIClbIqJoytamsViSMEpl5jS1btZ1dSZRSieooqtFKJXFzmZZRQjVUiMCEjud05gt083OlNN2Jm2a2jhluqorfS10iHFs2JmsV0cHe5cuXtw9PDhsHiPKrHTjOO7t7zpCstNFIYVUmrPRAoUTqWWTVErnzMTFdKVG7WtXQzFNObbJaollT60506EIEZ6GYRpGKaJEhCxFlVSyNcDO2ne1djk1p7uuq6W4NYtQ1Np3tczmi6hVUWWFCuAkiIYoYhyntpbkTEJdNzPhhiGKgmLsTNINUxSl1BoRgUpm5tQoYdymcRqm0hfM2KZMu6hGBEKAbQBREonoStRSu65X5NhaUolIuzkVkoqkrpv1s3nXdaWGFEhAOuWBNJ76rpvPNgLZpI1UokStVSWiqMSYGaWUUhIhalS60nVV6UIxgJ3Z3KbWxnGYWg5Ty+aw01MpUWtIdH0XRQJMCWpfSgkFSJYVMZ/N+34WKMdpWo9RQoSVtmuJ2vW1CtRQZqtSLSXkbJ6mMTNb0iZFUURJ3NpkaRqn9bB2m2oJmXRGjb6fhcLJOI2ks2VEIdza1KZsmcOwbi0zM1sriijhlNNE1K4Daq2lK2Mbp2lozdPUbPd9V2qnUJ1VIRlJNBGE1PCwWk2TS1eiYJjGydmK6PqeEsazrutqAZqztVZKGVvO57OiWC9X02SFpsz1MLqUGl2tRQAZVUC2MYJq42wqJYyN1BnXWcc0pWxnii4KXXUyZUoiothIziyKScrMWjpVGYtIZ5umrquqJRTIntTV2qbmBqXg1neztAEHzlSE29SyEYpC5iQcUZJWQ3aJWp3ppE1Osk0jKjRPOEopEZMyUti2u654bBYb842t+Qa1pFQVrjKtJVIdxnEap25WgjK0MWrpZlVTyzYRYTkUfS3NKbfJqawlYhynEnXyNE5DpetqHUemYd33XVFJZ2ujFCFLpJ20goyikGROlNoplDm11hK3NtmqOKIStDZOE0UhQJZIq0IQk8fMaNGas3YVFztNKgLTTI0oxVNrafUlJrd0ZipwhhpqjGqRYAgwteuY2hQSYpqm2vVdrVNbu0lQa0CxrUgaBiXObKGQSLuARSNpighlhrIZ7EmgWopb2zs4zDZFhBSSZrOulm4YVikwisCqtbY0dkvsRpSWIHe1OG1bjogoxpDNwjm1dDjCgG27ZZZS0hRbimyGpEhSy3S2KGE060tDKPqQFTlNznRmcwvV6po0mhwUqqO1lg5I22AVFRVPk0pIUXGTItREogoBjVQ2KyRnSMjDajVmCzOlo7QixnHsa9fV0jKzuU1qOczmC4dkLE+tFYqiTGS1CsWQLQFFJXNcD6UW0shRqlDziNUwUoRKqVOOhWhjSkKynTmmIwgVlVptp9OTZ/O+lJrrVWYr6nDLzIiqUoax4YlSegtsnDbpKMUGhFVLVVVrLZBQKbU5p2Fs6RJKyU1RpKgwAAbbtdRSjAmwSRNp24AhikIxjZOCxWJjHEbSpZf6TiiiWo2gEKqYmpm0htXIgFGWXFQkO5WYElWybQPCNgnqur6qNjdPTTUKpVZaiUwSe5oISiepIuU4llKkQLIznYog05moqBSgS0mWSpIpk6VERJCJpzbKXSlAXztj21IgOZVMEFKq1ArGmS2nRsg4J6sUQSldQetpjFJKLWQKpKIMM7aWUzQpVAOQUzVo2EzOdBZjU6taIzHNzU45pEKZcgpTuyorW6aaSaTMPDw4ms86Kdxykqrclb61ljFmtqm16aAdO3Hdx3/8p379133r4XJV+5lCmIiYxrVbuKpNGIeiTRNOSjEIBQUjaFiKEjUzo4QMsu0iTZmZjrQiSuSQlKDWMk2JsGXbzlq7iMip2bg1Q9SwG2TagpBwadlk1SpnIWyTrRUVZwIQoK7IMGUrOEoBkJpbqSFVi7BkB24RSF1ft9Dhcvm6r/9GP/xD3/927/RuG5s6GJdtpO96SYJhHPuub+CppY0yFFFFI90yaa3VCIfI2lXn1DChkMIoIu3SyVlqJFFYtTEUJdRac479bJZZItOgAk1CBVskVnGlG8c1uGUKSimS3exEKl0YFQuZKY0noU6R05QRmCi1lL611oxh1vWEnJZpk5Ekt0wotUiK6EsIkG1KzZyCxJ5aIk+TkUwKlQjElKMppVR77KIobbJVleiuv/aWje3NNqVFLYEihQZ7IqpaIkqRI0ooJmeOU0OhkFKi1BqgKNky3TLtbKGoCiKaR9vTNLXMtLtaikKSQiFhZ0tjZYsIO6fRgRJITwU1WmZn3Fp6xFlK4TJXFZNTRt9X5TSl7WzqakcbjSOKrLFNodIyW0uRClECiWjp8JgqIsnMCUqoukNNDYVxUUSjMY4RsqxGqoXUdXWcmnEoSxRVVNxakx1RyWZltpwKJfo2DS7qah3GEejqDNSY1m2qw7p2NNPVvnRqk6ecatR0S4wtm4jaRTblOLqWktU0IURXO1kyGCyFuhKpHmyK00TzJFtFTqcthcZMjExrljzmFMRsNlPLKZtKRROmTdPUxq6bIbUcyBKluE1Re1BEZEa2MUoFhbN5ihZiItOKgkrfZWLRWhpKFGgAIkJGOTXTiOoonlqqtWkiYtb1JWqbRvA0YrKW4pbTMKYzIqSoUadMBfMyN3l0tJYSSQbFermGkOx0dFEipuZhve5dS+0st8ycUhZuYWdmU9outVO25TiWKG1qTUiBFAosO6nRhUpE2sD6aF1qN5/3kxNHtBzHcZLkECKqcsppWK+HdbYMRXE0nNO0GtfTMDndWpok7aD0tYRoSWYxoQJq0zRNU7ZsU9LSzVbDmExUcEQdx3Gchmkcp3HIzHSWiK7r+lpRaS2HoU1Tm0a3KRHZ7JYqqAYkoaiFWmspXYRxWw3r9cqmqBAxTtN83p84eWaxtbmxudFHtUPC1jSmcUiZTSqllK52nnLKVOC0nW1s42pKYyeKrlTLUzbbBIWY9bOuq9FVlWjTNA6jyYjIqbVxIARks2y3TLdpsDPX0zCNa+xOtdaCiaiKQimlU0Cmq9T1s1JDKrWrRWp2qaXUooKNk0w7p3Eap8mREiKdmWmsaDkth/U0Tm45OVHYJjPHRmvOBFBEEUYKhGyJHKf0hApBRKBAKEgrM0NhbMh0m1pLk85sKJUOg2spirCctsEJY2vTMGZip53giEKJhJagcDNonHKaRuyqsBUKSZkoiiWLzJzalNkUEZKk2nUqNaQSEGE7oXalq6WUijKVKGopdsucjEBCpgRyE5ZMtkycUNRJRQVDo2XL9DhNk1trwwQuhWxtGAfsIlECMlumk9A0JUZkywSiWICQlKmjo8NhuWyt9YHJbr7YWGyYnMaRdITSabMehjY1OzFOj23AWUu1QXZka9kyS61dDeNxHLK1nBotM0cmDDUq6cxE6ZbjOEVX5ovFxnwhkRMlKtjNwm6mZYTSbtOYZFQplPI05TSO4AiBOkUpvYqmcSo1IuQks9lJ5Hq9Xh4tV6tlumXmcliPwzS2kXRLnJm0UKkRAEQEQURIFCkkESEZSQokC6lE39daopTMlBxRQqqlpBjGoY0OCmga061FCJFkZrZMOwGFiCgl+llfiHGaMu02uo3jNC3XA9Ksm6sQUVTLej0uV0ubElFLlFBqGsd1Nmxh02QTOCCdOaUsqZSuo6qgKlEyJUjJrbUElGkiona1lpptytYaCQFktnRGoZQoISFns5tByODMzJymDNJ4nMYpJ0WGEIRlRToTl66TWY/Dehraeo0T25npBhThbLay5Tg0e5LUdV1IgWpRndX5rHcbMS3belyN65XQvPZ936/Xq+VyZaLW6kyrNOcwrocpS0SNKM5xvX/6uhu+8PM/B7Ner2f9LFPjNEXtW2ZbjTirIlu6aLG5KLW4NUyECDcyVAqRmZnNgIRD2Mgo3Vqm05nQpmw5tZRxpp3ZWmbadmsKKYhSSg3sTEeUjc2NsMaphVS7YmGD02lsAsjE4NaaSJWCRYMIhQCyRald30WtoUhns406SoiJVvv+xLGdZr3zO7/7937Xt6TLfPMk5Hyx6GopXSmltszWRkJd6aPMJHnKya1NrU2jUU7T1FJOQolaZnNDTrdpaukpEXa6WQARSCWEQplKk61ltja2cb1unigRUWpXutJFUd91UsFOmsIlAiERilJKiWxthHCbWhvBVlBjmqbVejWsD62MSOyqYosJcGOybJppbhluzc50KeHMtAExzfs+SrHVd7XveiJUIqIvXV/7rgRSmc/m88Xm5mJjsTEvXU/mtF6XEidPneq7WbbRTsM0tTY1hIKWCagQfUlP07Tua1eiroblcn2YpkStpURXQ7KzSLKd2dwIMHIglyi2SJeI0tdaiiIMRDjbar2eIGp0pYSiKKJIUnUoBNiWJFUFY46AaUwepykFjYg+08KZaWfpiyRsMoVMJimRkpGDltmmNo0DEURIWGA7M1tD0ddSo0hOJ0kobEVEA5MOFDUkZQ7DMI4TwplgCLvVqLV0KrW1HI6O0lmio2E3wDQp5RYSqE1ZFFlok8exYSw5GcehtWzOcZzWq2HypKKpZcuhZdqM0+RMRRBRImqNWrqIqCVQwBQRNJimEkbU0kkEUUupUYRCtpEJBVaUqFGGYbAtlOk2ka0FFh5bTkMrUbHHaZyyRSl11pdaay10UWvBmVMjNK+dakzTVEpgjZmBoGVi0iizRQnVKKXibMMguRBOg4SELLCslJQNg0LNblNTqO/7rnYKm4lsLYe0BSqhQKLrS9f3rTGM49TGRipkaVwP2VwUmdkyicgQRDpLDcxkt8yQZn1PYDtKhCQotZYotZaWTVZXZ4utzb6vUSMigKilay3bOLpNU5tyaqWGrdls3vUzJ2MbV+v1ehwq6uY1JNooldLXrnRHB8u9vb3VMKRzNY7TMEADKGpOcIZUAmm9XEdEEWlqKSShUrpSRHoaVitjFTUiRNd13axObRzHtW2pgu0oNdo4Gc26+azv+1pRcYQSpK52KpLURVVRJrX2iZqLSySJqColSmupiNli3nedAocItWlMO0rYRCidwzhiVEqo1FJLqRHFdpQotYtSwiGpn88k2mSEFdmgSU6rYZqnAqpMpq+llMg2jW0CO9R1ddbVGjWRSokoqjWTaWxkqpSIkISzdl0lQhEo3dLOKYUpERTE1KbEEe76WlHXldp1tXZJyu5KjVIREQJQJpnZBNhNyrTtbElmBJIybadbeppqKRuzftZX2yGiRK0hogQGB4BJU0JVtXZdDTmnrGg272tViRJFNlOblssjNxcFkLbtNq2dNqZQa4dQRAm1aczWhFo2YwBEyETt+i5kh10UBKUIkmlqLTOillKCkjmN63UQtauBVZAQYTU7x2lAYEqJCMAq0dVao4tQa1m6rpv1tSulFKwGGCNLwjZpR0TtaiklQs0N2yEcUkSEIuxptlhsbmx2tUtoY5ItQq1NrbWUW2KylFJKFAmkiCglVOwMTAgTCskQ2Sah2awKGpkhJCmQZUcAKiKioMCiZWa2zC5U+z4EIjFJhIkSXUGebJDURYQdCkXIova9ojTnmGMmYKyI2rK52TA1t5wsFOq6DiGFaogQisCZTtskjijgacqxjdM0OaeUp2yJp0xw2tjOzDZMq7VUhdrUsrnWYpRSCQmls+VkN3tKKTPb0DKbZGxJpVSQbEQ2WpuwVTRN2RoRdDUEBmdiF5W+60PFQSnFThFddEFtdpvGcZzUKUqksaKoRImIQgmB0igMchSFUUSpEcqcJk/jZNsqsiMUCk8TdgnZbq1N0wQII7Ll2NKZkiIkSRG1RsvMlm095TjVEiWKrCZkC+xGTlEkO1ubsOUGTqfVMhO62pcSUUNhBQUjNTyMQ5sIiwgorU3TtJ7alMZTNqed8/m867sS0aaWmemWOdUoIkFl1rVpOn/+7pLtwz7qY689c3q9XC3XK5SSJUkyUQLjqY1KFYIEqalNrYUlJNLQnGlnM4bAqZYpIGxjG1KlRom0EqOQpKpQZLZpauCiAg6VKFURpcas9uoEoHRSQpIoQhYUZIORpFCmh9VqbGNIAhEtp3Fs2J5wa2ot3ZyWoBSiymE30KnjJxq8z/t98Bd/8ReW2m8e31kdHYVCzW5GRKk1ikrUosltam0cpyil9n0poRJdCQvbslSkUgXYsqRAcmu4ke5qlaLlmJnNajnJGaV2tZaiUktIjcscdmZrzU1yrQrVaWjjOBlaTsM4OHNqKQK3ruvn3bx0RVgTRSKzTSgtq1QRQSayTE7NU5O9Wg3CXT/PaRrHsbWpNTxNMlCytaIotajUKLXWKiS5TS1zSksY4cz1NI6ZEaFZVQlDkhmp0ne1DxUwSTqxJUVR8zQOzZMzwRCez2Ybi01FndxCpRDNHobRpRChKBgjFSKi1L6vddH3ta/r9bBeDgawZRmCcEpRVQg1PNlqmqap0RyUWilKEQ5URAGskCJba1NrauMwAipRapXUlVmUyObmFqWIqFFqV/quiyiynLLDmSKxQDUKgaI0mp0JKNLOxmWyUXMpSOHmcVw7rSiSuq6LUERBRQJHA4UWsz6iUyhKRLi1li0AWjoZxxyG0c4IKPQq6Rzb1FpO49QsKYqillJKKX2toRKlRmmZISG1aWqZtRSClk5jiChEhGxHECIoxXYpNUqUKApbpB0hKyLU9bMoMbVpHIfWGp7a1FqbCPWz2s36qH2UMDbGbum0ISVQtNaaW3GUWkORoiDLRkk4BG1WiiLGyZaUEowtx/WUUyIyPY1TEl0/62Z9QbYhhbJlSdxaOpH6rt9cbMw3FsA0TbKj0ZyWullfIoSnNklezDZqqZARDZFjI11rn5PHNk5tdIg0UEsElEJXqmEch3EcS0TtOiloMgh1tYuuBqUos7lNbZqmYb12a13X2YQCu0atcwWkFPOuTum+72d9DuMYoVRKdValqCqR2SJKTrT1epb91Ca7zbqeGuvVkMPUz/tSotRa1WdObhmlYKLU2hnLdtpROzN0ClGahqIy5rQ6WpVaCTWiqBeUMovIkIvCyqnRJgAZk+PUSORcryYctUZEuKUiUlFkoKmNk0v1bD4L5WqYRk9d14l0uqJ05pQoaglbknCIjAh1GqbR6QhnUqLIOU4jziCiq4KkdVXQu7RxaMO6SSp9l2SSTjlaKV2EbHdRVDrIHDNtdWWmOrQRp0ICpZCczQanJRlKtHFszl4dtThblBJyRNTSWeoiBrcSNVCtxWlR1NPahBMrhAUlSil2ac1ApiPCkjESzSVCjigYpYEmBYlKSMKNUpQqpWHJUljCrcJk40ARAsnYIYhSK5RoaaNQBEonDpGIUqKr3eQyrYeuzhwK224UPNGyEciWJKmLDikipmlyGrdpHKpqVJcw2SnIzHEacpoIhUpapJpUupkKMg0VApHZJCGkQjo9haSQVJyhYjdntmzUkkGMEMiZUVQUrblIRLi1bFlKiKIKzmwtFBhw2jUKZrIX801Jw7RmSJmWzUlETadbtpbgOpshIJye2iii6ztJzmytNdsJ2G2cklK7ElWEc7SkUKhMw8pSG5vk6PpQCBtPow2UCCPZSJYBCUcEQThTzsDOlg2cEQrFNDYpI8o0rltmV4uiypYcotQihe3MUqraSFpRogZWac1Ji1SNkqrNzeMEso0NtooDZ5YomVkjbAcCWrYArHRGSqUrRcg52bSIWmrk1CgRSJ0iYhzG1TAuNua1r9N6sBsZOFPA2Maptey6KqvrOkwQqsKttZzaVApdFyVEV0i3bFMbS42qEmoEpRRwpWZQCEPaOC3XiFRp05jjqFK6WtIpcMMWkoAiKYjExZlFolQzmWIIhe1xapKbUxiDw0EpZZpStkoZm8OtFCHGySUyasgyTY4gEtWudD2ttWGYGhlFRiLbNNXaEYBq7XJqJapbm8bRmQHObJkRRITbZOhrtSNl2UApZdYvEjmnNKlSS1/ndTWulqvDWc76ft6yHB5e3Nw680Vf9Lnv+/4fuj46LMc2hTxN2LV0kJZMNHI9rVszSAlgFLjZBYecSbqRdiaKEiEVN1lCsqmSJWW2bIqopbPUsmGn0i4N257aVFRFtLEd5pGdxcqWNgqLCClRZiJDhJTpEKXvZdbD2mBwNpACso1OgYoY05LTEU3ItiRM6eqpYyd3L138tE//zOXR6nM+9/O3Ti6G/d1MU+hLGcdxwm2aWk4qUUspBJml1iJZwuCW2SKqU55yEgVRMZCZYJSZ6URiQkkIG2SVaC2NSiiTXA0paC1qUYSTJndRRRvb6Cm70gvZGICxrachZ33fzWcRMY4DSUSZ9XPVktM0tWlaNae7vkrRprE5S1FQs/lgWHbdHNVpvS5RS1EqHGrjSMhYKaJJIUNgoOAkHI5wtlKim80iSoMaUbt5ay0ThSNCZsrJtoRxoYsSliMJkdWkh3FCdHVWQtPUUA1FurWxrVbrru9UuoiIqEaZtsE5qdZwZEzK5fJoatPGxkIqbokjaqdgnCaFAMlIKJyuEc1TTlY4A1tWAjW6+bxmztVaa4ls4VTShmks1QYVcpJwYkuROIzTzc606Pq5nbhBsVRVDCBnyyDskFQASxgb01S60qZpGlsEolQiCEROqdYcUQLI9TCWUtxaOgJNU0MuBYAQDkGlqHRp55gUcsoSKhGkFYFKy+xKF2mDsXGmQ4Uo5ISYWsOqRc2WVfsus03ZaEnINJVQuk0plDbO1oxaKcURtZRpHGutzpYkKQRIRqavHRiHW2tQFUS0zFpqKATT2JLBSYSskItCVTWTaRhJ930vNycZdrYQEYHIaSoRYDKdtSu460uUJENyiSg4qSpWS8gp1UwVpWTLth5HmjP7Ouu6bkpTVCljm9LRprUzJ2WUqLVGFURTiwxnm9okKLV0Ee77YRzaMGUhIpyZGDkiulplN1rLFiVUYnTLdYsuZLVxFaUjczmsyClqlKiWcauyhZuTJLFzGix7WK+n2cYsonaBHbImt2IyUyKkbDlN42w+60u/HodSo0ZPiZRD4AZItGlqdl/6CLCbyZxaRjaPGiMJ41AEOVmRdmlTW7bBzlJKKUFzm0YDKspUiSLW4+CJqEVS19UpQ/LUMluLIkUdW6u1ppnNe6KMbcCiOYqypd2IEMWWitzaZDnBVkkbA0JJthzGIaJEkYUkooDHlh2l5VRKjSJCzWM2at8Z05qh1IptyWhsowbVvoSUykyPQ3MP2ZpTLiFa2mpBgFSKLE9TSmmXUrGYrADJBhOlRNE0OVtTUEtxkphpTMg2hULV4zAKJliASEsgTJuakImWY40KKjVKlMQ5TlIBCEKyaE2r5YpQMxEGjGwXpaQOHCqSpDapZbb1CA4V2yFQorDUGopGOlGYJJ0YA6QtJ+E2QShkZ8qBnNlCQQiEJNseVkMWd9koJcIQU8uwVGWjiDa25tZFtUzSPCkEUxvJNlFkRxBWVhXCoZLhcVjnqpUaTtJpkxAqGIKwIsJOCCkispt1kZo8FseYtgPs9DiN2VrMZ057zEmriCqLUrsowzSFWhCqVRABDoETK1s20lM25FB4ylIExmFkuYteEZLdEkrtilBr45TpbFEEtKllN2EsBwIF2dJFxo5QZmYaCWebZCZJJrKlwU6ZCbuZGjVM35XWIiIiIFtm2jLKJLAzs4SwHRFp5dRM2m6iBoDTKQlCCoVCDewJCxQlpiTSGQZEEN18MfMqQ5SorQ3ZDIxD6zqX0kdXZI9tkqMWldL1XRYpx0yrRggTSEpDRBeldJ2cU7qrxdI0NkEtSoqxLWdGifVqVFCjTNOEGoW+9BmahsFqoTAOIopMYFqbJEkqpSjUWlpRzKQkmyCxWjhSE1ECRbZEaSubpdKVknZm1qgRaVu2rZAgQkKE1JWSktLpFnYqNamUSIfktLFtKUrXV2cbprGq1pAnp1FQSqQxHrOpGcLOKFHrHHDLtJBBESEoEa0lkqRaKnKtRZ61TOEIT8MKM+vnspOsvXK1murhe7/XB373d33f7/7BH80Gd7NuGqeu1LFl10kG4XTSQmHZGRSEDeFwSEjKsCLU1XlraaF0KjLHEh2IAEwELcM025ktW0RRRssm0k6QlHYbxqmikF2U6YiQIjNLhKSQ2tQgmwpCCkzf95gxJ+xpSkEtFanKrdGmVO2LALe02xi1qkROuVwdGZ04dfLixYuf/8Vf3Jb7n//lX7k4cWL/7PlUOqsIgiGn0lxnRY5SrFqcntoIEora2S0UFE/DOqK6QJapTYZaQqGcJizklq0EoYpAEp6mSaVEiWxjuhXFalzP6KN0zoZ9tB4t16iUKFGEIywIaZrINqWL0hJBoYAkE4aIKDWnMRNUIuRSpGLalFm7GqFxWpfal8UiuiBdILOhUqPY2YrDObWmlhFS12HSreGimNIhldJHiWk9Ei1qlTAoA7lljuNAUmotXaCYxik9lVqjRKFM5NRGWZZX4xgRcjYyVLoaWxtbRVV2RCE65ZRTo4TTeJxSSLNu1mtmZWstVNJKWsvsKFMb+9msr924XipKkSVMYktKR45DltGTAGdbDyZslRwpXWg1ttqYwJ5YVxVbUXJqzpyYcJQwacBEdKVIyiyQCFozQilABRKFUZCUcKIUchQMUUKZErZbeJpGnBFVITO17KIQqtkaIHlKFyFKRACUiIJiPt9YFMXYxiK1nBqtRI1QyhGaWg7DEIp0CpUICHtKO7LZUWST6dYIqUhq05QtU1lUbVprBZMR8rBet2yz+bxWWmJnmlBEUWsjBkklWrZAKlKEorSpuY1TaxElus6FHB1VtcY0TlObSpSoJUQbhuhE1JBtOxtSiHSUjmykM4gSEmSKSoRMQW72bNHlpHEYJYckYqK11iRKRFdnGTg9TVNERKkzSisZYAAi5ClBfY1aNyZPbZiiYKcgcbYGDeNstetK6abmUMxmdRxbVZfO9TT1fS39PLMBzS6U0hXbQmOO69VqwYb6QLVNE875rBedUGabpqZS6timEqXvujbmehpKYRjXTs/n87QNhjaMFq1Ndb7RlVjnFKXSsitd7co4jnSxqBuCabQCQWYTGtpUS3SKzGl1tOz7TlGKiq0opKXSWlMtMYuNqQwRUUtn2WlphtKEMidPkkJKuWRMxaBSUChCpdbSTGtjM1JEARmvx3HWdRHFpg2ecqq1itJyKiiKMimSiDHkzFJqlIJb2paMM2jTupbOwnI4utpHAcs0CJVemWQi1do5qbWEamuTcFVMLcmcsCdLxl0KKeyp1IqhqGRVCBMdrYEU0jS1liOKvpRSCiY9SSECPLWmVFE2Cq3ZhGP0pKieDGnCyCGscZrCOWY6J7eCLSi1jtMYYSaHZExGI7GbRdpFgXFM2UiBx3EKqYbSGEsRzpaKKJYxCWSzCSDAJTMVRiWIUsLNkHKkAdI4nTlly4mRiCDAJsAhiciUBCHcovYWkCW6cNRZndcuk5YNF6nJjlJqhKLYGbUUh0ptbTKZKCjYFAdBCTUmWt91gVK4tRwz22SnicRhZyaFsDJJCIKk1g4pxGTZnnBmqqiEJGqUqF2SIdk2bvjoaL25IYi+1NpXphC0aXS2iFpUo8r2ZGtKRYmqNo5unmJqLeelis6BqUWOQoSmluM0loiu1GbSLhERkbbBthPCWJKckJIEQRBR7NFGcksXbIWQkKsLsqO5tdE1opaw7DRS7fqWDYskSpGZ0gUXhZypUqraODmtUIlOaBjHcWq1lCglWzYoQlVORXpqmIyIbIkzui5aAbqus2xjp0oZpxUGZJzZpkbXB9KwWq3XqxIl6ixq7WNWSqyHIVtTN0tPcgEFbmGaQ6QFxs4cmWwFfZ2XmKYcpjFMF3NpCly7zuNkXOgSlC0iZGcam8C2KAgsIIRDOEqhTW1yAlFLZpKOgMyWKhjAZIhEWMqpuURIArDCMpRiO/AETpCK7RAuoqlli4xJBBY4YhgnMplJUiYq1dMSFxMUFYJGU2uNItUoQUzKkGyVWsZpaJmVUmqkjWVhUAjU0mmah9pSpdQStJaN1TB1XamlrMdxXC23NreXq9XycHf71PVf9uVf8iqv9loHR/vHuhPCjQiN2UJRMicoNLLghpShmmmMRGtZQhKOQFFqaek2jREVpyiJwzRTpRQRsiRPJFFCzekMKgJHRBC0iRIhMIREFUmbWomSmQqkiBI4IUVBHoYROyJm1EaWClgis0m1Vk8jEdieWhNSkQgaEYLAjON46uSp+86d/aKv+rrzl/a/9hu+aevkqUsXz43T1NoYir4ERa2BW0SJKVvmehzCMZ/PAhK1dIESPSJkhIoKAkiXWsdpdCNxF71C09TUAXIENI+RU9auC8XGLBShopKRTLRWoytFbfI4DWVWoxSlp2kdXdSYldoRGoahdkWKaWqJpzRTQouuC4gozua0orac5Baom80wgSlyGtzSblbFhEJFJWSaJw/r1malKEIUybZKCKJIaaMcG0VTqDQyIYCIUqpqiSCQlVOOmE44nW6llJyUOY0tSCuotUuUOUlltgg3p0iyZgtpqEXGwkSJQIhQTVQQ0zAYRS1RCpkRRcjpYWjQur7WKDYlwoCb1JGTSSDVmJQ4nNGpqFBtIEAATpci1KVNUopQiXC2FoRKMW5tbFMrtVOTIduEVKJIlipY0Owu1QI5wERxS2RJUiAkcEuVgIZNKbKTxAIpsMIpiE4eAdSy4RBTZnUrtWbLCFUprGbn1Cy7lK5UJBJAkkK1BlI2SlESVb1JObouTLQ2EZQIpSBBrSE3QlHqOE2tZS2ldpE5TVNTtBJBMmUrhEQt1RhrmlotjiiJwpKcUowG5zSVqBgH09R6KYFS0lkz7SRdSgWmsREKipQRZKYHQyYuLjnlME5IXe1SkU5FtgmVtKONLT1VlZaU4mKZbEhCxYpa8DgMbur7bppGW8ZDa7WrNVW7vuFsaQwxZVNSu672fSmloIPVUUA/nyvbkENItRbbrTW3VIhsKbq+m6bGSN/3sRVtTK9a6QtTjC1LKaUUTJtGYyVRQg7jIilt20XqS0QJUMvm1iSJCEqmHaAgU+F+NrPJzGIQcqimW2ttUqBCoGmYQoHc3FbDkC1r10VBpYuIccgpp2wZJcZhXB4dppmm1pplQSGnhgMpiohsqQrNfa1R69SaTRsHYRd3Nbq+2o6QUI1YD8MwrKdhZVG7okIpilCzx6FN4zish2GYlK1ElK5KsiIiwi4qJej6Wb+Yz+edHK21FGkbKQJFVUEFISBK1JJNQrXUSE3jaGUI4dKV0vUEIYViNqtRYpxGGlEiSshWUEsNqbVWQl2JKtkWYGy31tLGbjmO09ByytailFIibWeQLhFRSymuXQSEou9npc5qrUEoBBiHqFGcIRGugRSkPTmd6YBMG9OUKFxrLbVQglAmbZo8NackAWMbMc7WmsHGNbq+i77vu25WIqaxtTZlZrggKSgYt2kaA0cJkky3lm6QGcbpEJIsIUJFpigsZaZDhaJSUZAkNkRXE5pBEKVErbUYQiVKHxGSbUUpJUqRGhkK7CmztTZM4zAMhGrflyiZiYSU0zTllCAZ3LKNw5jTZMu2cC2lrz1JtnTzOKWb+1pqPyOdYntjc3tnW7VGiSmdk0sptdbSzUIxtilzMlItQagGON1CilBRIZiQZWfWUImYptZaZstaStf3lqY2FkV0FTROqcDZpAj1haKwnOmETGch7LSIIqlEFMmzrlMUyWEnrn0ttSu1KMiW43pq6yFUioKptalNOdGaxKxGREQtSYQ0tdamKSEUtZRSo9auUKVaI0opRY5QqEpuahGKGlYaG4KCDUxDk2NqSSqHaRyGlpZCCkWgMmVrraGIWksUm2zNzrSKCEWbpjbYmc4UCkrCOE0Kpdt6bJk4lGRbTxFF4amNU2vNYyhay3EYSldErMexjQNEUWC7pZ1JhhVFJVQipJBkO0kwpJ1IbZymYcAqtRMhnJm2JQpFSstRSma2zBql2WSiROmUyIRxHNuYnpoyDF2UWiomW6qEM1tzZutr6fq+RAi1Zjn7vislVKKrfdf1SaxWY+ZoUuFmCydCbtMkh8A4okSUiXS6tWYJSRElIhRtmDxObWppUTSbzQJN2Wa1VsXy4CAzp7GNq/1XfOVX/7iP+ig3locHXelKoIhSS8vRqVJCtVMSpZRaZEcQQlKRBCIkbK+HcVyP2exsyBHCCUaelAIKJYJUlBLI4SillKhSVzvCNmBHKJRJa3YKIZzKkKAIiiIUpZSokWmcmU2SI6YGzlIKDtttGsdh6rpSo4QpqJYaqLVxas3pGsVGeGxte+dYhL71O7/7Hd7+bcZhPH7yuq4rzphslRJRCpYJeWpjy6lEV/suolrYtGlqpIoiIrNMrSmlCDuNsTy55VRrseRsQDbSiTMolkqtBuQyqyqWiFpElbpSaykVGFvLsTkzLVul1Pls3tUu0egpsTMwikJLMI6IkMKeEsBE1uhLKXU+Q1ItloxwGpKmIBwtDUhOE4qoRZKkiCDUMqc2Qamlm9LTMDoVERFFhaLIZhsV9V1fSthM4+SpSSqlpLFsyjQM6SRKX7quViGJGiEJacq0FFJr0zANk1MlJGNUiFJqrQosJElCkrCbnKRr6Vu6eYqiKC5dKbWCSDKdiaTS9SGAotJHqRERKKXWJAurhm07m9MmTOCiWmpf5IYlJbYzAKLUGioRVJVSKmkwGGxjW0WJZKCZdMvmZoMCgcF2qlTVruu7vkYhAAkwQhKlRqldOMZmIAETxsZGKqWEQlJIIWmc2jRNBc0XfUhERA1My3Q6CHDUCCvkUopFWjI2pcjJ5LEZsqFEwlJEP+/d0kFIIiJEklNiy3bYsiAUMpIUUUrpaimllKhurTE1t5SnTNtKShERUZSZq9V6bFPUMrmBm5yepjaO0zpxiVprlWhTtqm1zNaMKUJyS0dVLX3XFaA5u1Lm/QJFYMvNzUSJkmaaclwPU2tRq+VxHJySFKZly2ZDKnMcp6mZqF2d1VpKqbVGaGrjmFOtJWq0NjokEyVqX5HkrKUUhUJSpMPJlGnTd70iohRb3aybz2aYaZxam1RLWKVERSXHcZyGWmc1EJHklO6m0SAXCUcUOQohlAQlsylMa4LShe3l/mHX9xmqpmXWUlsmdilluVphcCwW81qqcxpGk245RZSiatymab6xQdLaRNLahF1KVanKtloNs3k/ZkOsh3VENUVkX7vEtto02e4icEpkm7q+ZmZPyXQq2ziMY/Zd380zHNFVZZsmphy7UluqFslMbWpTo8Ss70CdmdpENkXJqTmnruuaGcd1KZ00DU5SESq1VMn2uo1FVi0WaYqilBIJUrplZmuY7GpnmjNd5QQ3lfBkwtM0TdNYu75ExXa6jRlVEcUicFDm3cLZFIhoniIhJNswZUrGlFAWTS0zs9TSqyJJtUgQiSXXWqYJlQjlNDkCEZaxJDJbqCgiMzc2F23K5fpwmkCOqBaKaDkVK4gQqKDWWobC2IlpoZKJw9lsQbSqUkuhyPbUbJBEUCSk9BQuChkPkwPXrotS0tOUU3py2mrBVPtaaihpQWtjrTNFQXYjnZiQmglbJQhaI0RRdZtcYprGaT12fR2ZyEJYreWYESolMjOkUqvSRQoVAlvNGVJzy3FKWyG3jOpMFMVGTmDKyTbTuBqn2aKPUpo9TWs5JK2GoaiUvkCYqUSoFLdpnBwlgkoYjBLR1U7hbM7W0lNmEZLkzJAsFOTowM3U0klEhBtGU2uZLS2ZhgXZbGXICcpIZYkSiJCFlE43Z0RtwzSRIYzcXPtCFOPVamlRFKVW4wi1llO2zoaqQskYbbKFtFq3EqV0IRWQokROqRARIbmMLQmctogSbiYyQoDsUCKiKCFQxXaz6WezrnahGKdRoa52kkjSTcTYhhIKyOYaNbpwplAoSqfahRtKpjbVUimRU06tldZKN5ulp3FyI6T12NI5L5Uw05R0xtgoQrRkmjJCRRERw3oUKNSa05NTKiUUBU2iVkUEbnabWgqVWkJhGWKaxpq2hbI5EYhpcpSwp6IIR9/XZoAoSkcam9rXtD1NUUpXC4QEoo3TMK5KqUTF49RaJ4zHnNo09VFLV8ZxDEVj0mjbpau1RJs8AaKNzTKYNJVsLXOq0VOotZ88DNn6UjNzWk8RWDEtV4Oi7/tk6LuuRBwdHm52m5/7hV/8/T/8A3fffXbWDypFETlOtZbWbFwiBqQpG2BLxaBMCyJki1CSzigRMoTDToRAON1IZak1W0uSTFGwCBWVxNM0tDZF6Wp0zVMXtdRsYxqDJbBVlS2daVxrZ6dMkmmm1mokAUoT43pKuatdm8ZMhim7qtLXaGQ2SyXKRLbW0lLQkmp3fbe1tdXG6ed+4Zff4A3e+Nd/49dmW6eIS8uD/arZpFaj89QyXQpylQLRcsopm5skUeRMpzMJkdM0UbtOaJomK2alCgGmKNxaKl0UAhUpw5CZtGbJQZUUtesooYgSNasdpSptuStd6cowDIeHB7P5vC9dpFJTLQXRAlBVCcliSrtNUYIUTlFs0hTTzfqcJjImZxe1yeMwKlRjRrq1SVAU6jopckqTmS2i2FM2ZKtEQKgYe7TDZDrKNGQJSaTTTidVHTgzS5QorBtphKSgyM3TOKm0nBLJCSGVKGYcWyj7iKagJOlGo2GFTWYjlDgiapR0Uw3hMBGdKpmtqG+ZDsapTcOQ9ny2aailA2xNzswERURKOWE3hlb6AlZLpCkzapQQ5JhTWFHDDuFxmkqtfXTrtiY9GTcrSDskN6ccSMkwDQS19mokLaSiovDUsiiMHeSUUxkjAikUQxtrqSlbGalmJFMUAIQroXEYirPUkmPLSCUhOSiO+by33Zxe0c07S3ZOpsiWcCs1xvUwZetKRzpkO5tJJy3AXSmldCqapsSpItu0aCWnVcvSalciKmpuiaKrMWUrUe2cpiY5FNPQojik9BiqrY2hUlVVCpnO6LpQhGAap1K7RamSpmEqqoqiaWpWjZhydJtUe5PTNNRuVoqyNWqhwpir5XI2nzkj7VKKJYxKpJnaNO+7UvtsbRzHbC061VqnltmmrpuXrrRpMlkjHFGbccoQUeezcbX2NBJElKjhibQzFaKbzcZhbTuk6GfZ2ji0TNdSomiYpsysUcbV0TBNXe2iqE3uaygKeJgmmdr3q9XaU/ZSndWiEkr3s36+sciYIqLWWlQJEkhQprNW1RrhSGdOKTVFtEbL0ZLUTVNTLQrJUEvXd4lkpVGps/livljs7Gx1dVZqF7VDTJ6M+lKjC0uZnsbWnIBJoQhZzpwsZrPezlJVO0mBkJmyWZpaa9Nkouur+hKKiKoSmalSat+50NV+ttjY2d6us5ppS0ErtdRS+tp1/axBm4ZxGnB2peujjNO0Xq7HYSjRhco4jQ6i61QKiADSUi2llDAGl1pBVXImrUWolIKZ0plNQRBGpYSQZCchyXYmCXbL1sYxW0Z0XXQRoaLaVYptBDXUMptbKhtu6SRl1NUqhQIbcprslpmIsFwUihBGTmXLhGyj18OYLdNJZms4UsQ0tdYmA0iqSCbTbT2O63GJFSVK6WyLlKgKKbratZa0xHIik5ktMxvjuB7aoBQhbLlgsJxSKbO+KyWcECqlYHCkPWUmRNF8Y9533TgMLR2ZmRKsx8kKrJzcaOM0BSXDAaFITevVMI2t2c5mUYSztWkKRDRFASKJKiSilBKhEl03W3QRZZwmoKtdBBRhuTidwzQ5aS2ZMko4M6fW0rTETrcIlxKlBKZN4wR9X0sUcBsnT0gS6mrJzGkaUZaoioI0pSBaoznBFs3YCEghWURUp9MZiFKj1igRRO06ojPKhlDpOyAURRIlSKMSgUJBhFqqU1UgZEAiNY2NJCWVQjohVHBggZ1qws1pt3QTljPTdvPUxnGcErVsrTlrlEBjG2sXte+cBhJP4zi5tWwtc71eDZ5UCEWn2tdSVGstssBAN+tNRBClhAqq6qqi1FJm/UylSxKAKBFdX6VwKuVSqqOUrtRaGw0bh4MQbRzdNE5ThLq+Zmu0KCX6RS+Fp0lS188yUJRuXruuI52JTSlBa2Mbp9aMI0oNhUwmkCbTiQmFpULLRFhyEGHjqTmhhNQpwIGbpYgoKRwoauaEyWwSIaSSSRRUSgjB5Da2MbMZW8p0qNQSptjNkzMz01GqhZThKFHTmHRzph1O6EpXu67ruuiqaiUZxtYwUtqZDeSWta9dPy9SEKVGhEIqXY2iiIhSQgFRI2o/q7WSmTizIQH7u2f7+ezrvuKrgYPDw1JCMDC1lpJJNya1qXlqo21nNlqmE5DtpGVrbpmWPJnm9JRV0fU9IhS1hKLIREREoIIMZGbLaWojUqldrSFJCsJMRCgkISuQgtLVmshmbG2a2tSyU8XGJGRSSykOOwsIhEIRwjaJw0YJyCFFLSUCSigQTmEt5hvzfvP3/uD3XvGVXmH/0oXZ4tjG5rFxWgVC2M3OabSNiHS21pBQ2EADAaWUWkutpUaRwRFRSonoImoJhYIiBUzjZDcJcKMhSoTF1Ca3NuXUplG4pdLUiNJ3wlOmsKRhnDIzIZ21dsM4TcPaIs0wjG1qRDSyuQmHFCrYU7PDkONqHMfR45SZwzS5ZYkyUy2SFMjTNLW0m9OOUsBTG0MqpVeEXI0lKaLULopClFqKImoYRDabCEVRgLHInKpKkmNrXVQhhGHKjBAl3BDquuhqiaKcJopqF4Z1myY3gVAbx6k1bGdmm1prraVtC0XJ5tZaYjtViyPSbRzGab2WVWZ9iYgAqYQQYMk0NbeWzmma2iCpm3U5TtmyQAQS0zi2cXKCSeyUM2WE7bTsVJRaS6VIUaSSpIuKwhJBV7uq6kwLUYpKBGkJjzmVqIpAai0zCRlbJRKQnSSM62EYBkGpBVhPg1NdF3WxKKVYmeNYI6SY1uNqvVKJUkpxNNrUGq15yjatURivxjHHCVSIUGApHYRKRGIyp5xatmzDMEzjuqWVeEqsiKh91FkvFTKnyaWWKGVyrodxmIaGlW6TTdjOzHQqmcYhFEVyATenVSXR2pitKVSglEg3t5bKNrXMrKU4VKICE25TqhSV0tLNLkXhWI0jkpCTNNPU0lIERcomM01u2dImsBxEJjIRXWaSdoKVDpdADojahYLWgNp1mTo8WC4PD6ccu1q7iKhBS7cWpUphuXRFaQVRiiMClSiyaj+b97MS4ZZTDmNriogoBOM4TtPY19LN6mRDpF3TTY1SOo+NqjTj1GoUN4+tdV2vkFRajtM0EUQpXTcf2xRuSMO0DtTXWmqdprFN6cxhtSqzfmu2iFoCNXuapqJoHkQN0dVOETSrFrBw2gqFICKUTZKKlTYiSl/GcZBc1BENEbXEumVrIUqppdPUkqlJ4ci+dMO4Lk1E4hxTs1opsFapEdBatmYkRZFiVus4Dkn2dWYhCvY4rUOBPEwDLVUjQs40WSgqUZE7yOI2ZQJpm1oUGqZWkUIGt8ycMKpFjTGnKNEs1ahNzZPdFB0kpilqDYVUnGmnCdVSTbaWRBTFMI1BUcGmpQuKTpMxlgK5pEEGWlMkEUIgWYjMBEpRWq012xSD5MAgsMAyBEa0lN3G0cYWYeFaZUrLpig1IqRxzKbsatd31ThbJgqnFEGoWBCEQkA6RZBMrTWnZIiWTmdBTQnCNmRzm4ZMulDte2nfEIHJbDYNaTGblegmp1TGnLLRciqhNjpzjKgx621KrSlpbKOmUHR9DXc4x3Fscq3RrFIqwThOLVsttMmKQPYoFboIKKY1BVJmplMUIyvDQpBkNkOtNSyHsuXkjFCtfQqaUZQurUJ6zKylShAmpKQojKephRBMZLPtjFJKFMm2IsrUJiTjFLjZbZrWKTdlWzeQcQrRkELFYTlDHTYhY4lmRxq3NBFBRNi2HZQooVCotVQJKeRsTA1Vh1o6AEgKxTUlRAzjYFyjhEGllhrhaUwjyCnBKZTZoos+6kiCATcczWmEEmAYBglPObVWqjSptSSKpHEaFVObmpujSgqlSgnhBIUKoNI80ZimaT2s590CWK5XdlG40eZddzSNZRqihuz1tIwpyiwI2jRlDqBaClHCU19LIEtuEyE50rYzs2W6dB22RagruNXMRjSXisNKUzrRLLUxa0REl1MbV0MUuuiEhmla9H3pujYxtQEihG2QoSFnIqmW0lqzEJKEU7hktuIcm1LKaTWBSyki2pTT2EpR1ALR9fSlT6ZpmvpSI4LWFCWCNgzTNJbadSFUnOlstVQpClJXoygUabdptNXXmd0EpYtCRCld7TJzWK9p6XDK/awbhsGro7d4x3d6n1/6le/6vu9dH6xiVoqdTLXr0zDZgIUSKKUzOCfSKYdKoSRZiFQqEyAicSeVUEoIzDg2yRElbDkmN4XHaZIVXZRacmrOTGdLkKdxIhQhg+1hHBQKASFoJIIopRRCw7DOdK211BLqPLU2NRTqBNlaG8dRESVKQNpujipTcSMUUrr1s1lIG9uLWOlv/ubvXuYVXuaPfucPz1x/Y4SWy70cEWoQoZYpmmRJERRKSzttmk0rLllaBm7RcmiDk1ICFYOdmRm1ll6QR6vVfD7rur6LMmVrACoKhUApG2E7J1CRmhMcEWlwQ8znc5J0mizRiWytiQSc49QybSlqCWObWky6RJnPu2Ea1m2UERI5tdbVrutnTsARwigKkxVYRqQdJZxpUqoRkyzT3CgBkkUgC6MuAmcNUN9attbIFAoUMNIQtYRkD+NUSu37ltmmiYbHdKGWzpMNEk4LsEoXtuxmbNuooBrFZmytKyWk1iZFpGOamkKAQriKLKWUHkFAugFRK85URvS1KB20EdGmtFFzC0WGaBDN6QZpRbQ2lG4WpeRqKimn1VpK6WZbKIozwzYis3lU1BqBFJmZdsuJqLXWccgSgjCtQApnupCWHDgRma4KSSWgubUE+nmtpeSUUxu6VizGbDMs41BHCZSkI0O1TQPUElJ0wkUlZVQiREgYPOFCOk1gp4qEpqm1NkqlD2XaFnaUAAvbaWdXlVIUF0dXopQQhU6RRkY4UAnjAEA1aNOYWUsfCsQ0ZWKJifTQiAC7ta6ggFAIp7ooUjhKrV0bx2lslqiqteu7KSKIEC6oTa1lUynKaKJ2XbbW2kSiiL5GqWVqY9rOqU1uzqqCXEsUSEc6CySaptYynZSK5GnMWR84p9YKWK7drM7q+ugoqKWrFBdKiKm1ZmNMU5ZSa3O2liFNmYerJVOrfRelZJqQiChU5ZREa9N6WK+HVZObqRFdX0pIkmlpF6u5teYphxw9TdM0TeGklGy0YZzGlqHMSaV0XchejwPNEcJer4dhHNza1CaBUISmqXlqmW0YByel1lJr7WqJWqMqupaZbiTTesxs2KV0bdI4TVNrY2YbR4pKRInSYFg1ZyoiW4ZRmsTRnBmKApNzGqdkKlJC2oGEIDOnlplOGUdTYrKW6PtZ180QQair4HGaxrGN49ScUUqLyAbN2OM0tZa2A9MUMDkxGElFxSJQLSKd2cLGJkKlAhHpdCmlhqKUEiGkQCp2Og2aWpvWk6USRUFgbLJZbi1lBKGIKOA2pVtaoBKli8AWRCmEApAUUaJGFDWDk8wku1qKVIoi5IaygUqtJktErYoIY1FIPKbkGpJUawkV2xbOgBQNEaUEGemqoqJMJzJKt8xMmmwUkkIZkm2biKhRBeMwLIdlmtqVUoqKALUIB6TTYal0GUQtKTvd1X6xWETXqRhK1Jp2qPR9H9JyGt2yDdN6GJpbs5sxVkSpZcpsLWstVqRtp0mBlbYjgrCkGkVS1FprHyFKoJBEkjm2TGdaEDRatqlla0QSbWySCZWuwyBsD+OQDSEpapRSIqKWUtJOMscUtiXCxhaSRKnR0gnTNI7jkJlSyJbtMNjNETICsB2QhkRGZDpNGLAdUokSNnbYhrBAkhQ1LIxLLSWqbIdVlGmnWyaKUmrA1FpXale7rquqNSLa1KYpW2tkc1KCKKUURVCiKqA1T9M0TZbdhKLxTBVIHBHRmeow4RJKMbYxp9amyUqnc5oIZ6aVWJmttZY5hWLW9xGllKoSXR+11KGto0YfNVt2JTItJNdMI7pSybboailFSFFsY6vUzGYywqVYyuYpSpRSHdnaVErUkLJFuEaRoCjF2FqIGmGLdFe7iConyoiQmdwiCDG5ZZtM1OhklRKhwKQZ1+PUJsM0ZTNFykwDqCtdqDRPKlkU2LXUeT9XKemcpkmBiKLIllNrqkRoGqapjZlTptOpTMsRRWiYRtuqWAm0nFar5TBM49iG9XpqObTW2timab1eLY+WiVCMwzROU8uMWmu3iFLd2mq19jhe2j3fo6/66q+47pozy/WyKkAq3dCmzCmzhUrtai1VDpOlUGtFsm2n7ZAs0zIVEUUh0uM4prGd45TjBFhKp0TKAbIwDtrU3JyZUxsUkqh9jVKczS2VgDLtTCmQDFF7ES0NDhkTVi0RErbJxBHgxFgAdqYzjW2HsDJbgp1TJiKzjW3KqfU1ZrP5U59822Ne4qX/5i/+2P3WYnEsSSLkxEhYNiIAqVBKRIRKFYQKQTgNKipECUotgDNbtmkax2GooW7WdaWGTdqgJG07HZY067oSxSJKac0tx0xjFVUVpds4NRFCqqW1qUQUMbaUaj+bz2aLKLVGKRGk29SGcWyaSu2lYqFSSyld7VSKySQyM9s0jlM6W0snIkIqRcZtIhSSAEVRBLYzMsmmxEO2qbU2tWmaPE0h2TmOraUTwM5Wum7SlJkqClO72nWhACmdOU4qzPquqDRPbipS0oZxILPvqiRkUKkREca11q6rpa+lL7WoGNIRIZWqsD1OYxunTAsUGDyu2zhZ2JqmxLRpas6WU2DkEEWVdCopWFhKN0Pf1SJZWWtXS0kEBFFLSB6mIQEjE4LAoova14pFilCEsZwGg1WqIDOBECgDWXJakg3CNCRJpZQs7roapTagTUBJyyZqTq3hEjHv52mnMqRQpNv6aOXJ876TSgkhKQJEUGshLIhSLIEjwi1lFCUiIhRB13e1n9WuqoZQKVFqhFxKjGMbh1QoIrA9ORSz+bx2PUpJ0dWWk5mEi1SiZGvp5ikTlagop5za1CIUpdZaJSIUEYqKQoRKR7pNzc5EEaZonFobp9rVxbwjYmxjLcV2G8eIIoiiGgVomdikVUIqUYpUosQ0jVh2ZrOdpSiKkIZsjdbVAIZhiHCUqKU2ZRtbEF1fS9E4joBEUUSJaZyidCjGaZRE8ZRtHEa3LKHMdGst02Omm6Wu62qUbFMJbS76ftYXaZwGofXUWptqSl0ptiulKJpTSBF4LHQ1lG40Sap9X6Nr4zCsW+2K5Vqi1rkQmSMUpR1dLf1s3vVdM6vVKk1IXd9n5jiOvUp0NXMthcICk24YZFJUIUctpdZqKMWYiOo2pKei2vV1WI8tFBHpBio4i2qpUWhjtjZ1UUqpzmloTUhymdSwGyOTIiICqQqnmlopFXdgTy1lKXBBgix0TWmaFDLIRYqiNqVzqrVr8jiMSkotrjG1KZPoSjjwFA4HUUu2RCakGjUKRaQlB1IU22krnJlKT4EUraUzJUsRUWstObUAotiJSrYhSnHm1NKAFDIiLBdKKQ6FgOaWmS2dypIY1NpEyxZBiiIMRsimCSaCZiEUJdK0sVEVpRSruaUsNcs5tLEXhBWlREitTU5bgSE0tQauiqTZsptaWkYhy1aRiFKC1nA2RYgk3ZRBlE6oa+n1ejXvZSvAYSITiiKRp+ZoNXpQDUUpaZxtRFFLILeccK21udWglE5FU44yJVT7mUsO01RskimnUsus66Y2Jo50Sq05aBmyUSlVas5iUyKtNk2SpikpSIpCppVkqDroSoSMnJaYJteOQApHRInacspMFCJUYsIh3FoxUlWNaTUKhLAj5NSUDjlKGLfWchqa1JcatVrqSwEUMlIJwAZPRIlwNmdL2YoSpbMbkSKdAWqecHQF0s2jI9JOO+1ohgiEm6g2mVmLszUrBHaColSknMYpXTpCpdTqTKcRtZRsIAmPY7aWlouwUVGSZA45AUdtbcCZbWzZclpPLbpeKsXrYVUU4Km0NrhNfettimg5TJlhdV2p3Xzy0BRd7aY2jmOzaqgB4zhlm1RwerUaur6vaJhGD+Q0rkNMqVKX01qtja31fZfTNLVB0S1m/eBs0yhXlZIJHmtfM92mKe3a1WkcAmWJzFzbU5siioRKrIdVJHS0NlKq1zhUS5WZ1muKutqX0tlpLDkEkhxFMbWWZC19cYOIcMI0TFHCKuBpGPtZX2rB0VpmqbUQFKkQZhIEdu2UU66noZt1QUiKKCqRmTl5mqaq2iZqF7bHYXBIlChRcnKmVSaPrbmr3ax2tktfnZY8Ta3UmHV9o03TUPt5Tm3/4PzW8RPf+W3f/qZv/Va7ewc7x7edJokaQhZKQVqaxqlNoQggIjypeVQptajVoikT02xDooggSte5pUkRTjdbMkUlah8Mw5hpyyVqSwKmaSpRu64YnIkUEDXSpBNlTi7GpFSMs6l2RQqXyJa0RIoIjC0FAVZxWCBsRUAIAknKbqK1NsmUUvu+To3ZxqxWnz9/7mVf4VV/5Rd/+rXf8C3nZrXcbxHz2rU2TtNUo6gAwrilStQSU5bWpkiBFE5R+16CEOkkI4qjYZwSbCzm0zQN03rW9SpRTWKJcZxQRAiXzJaZIalYCtukQcWSokQkZoJSjAtRaliaWtLSSZRKtMgI0XJq2UJAKFxLDWLKpNRQuI3DNGazuqoQIRKMI3BKtrCzNUuUUrBaSwRFnmzjSGwbpHCkExwRgjEzilqbItVsWkZIQSZCIdkex3FWeuQprVpC0WxMDWGa7eaJlhMBKMJEwRaZQlGKC5mecgJSQl70fWI5FcVyw1JFLVQspxNoOVUXAGVOlooK09QClygO3BLZhMMWQshErWo5taNhKFFViQwVq4Ar2aQg00WGCCIVpQCZaTtKIKqYRLhFBPLUJqeJIOWaoJBcqluTStoyEcXpKI6owOFqNU7uAqeG1VRrV2udpnWolBIRxUl0U6CW2dfeoWG9dKP2HSidZFKIDEtRSsu0cCaoltJs25AFRRRklbCzNRv1XdSWU5GkqaUUyFPaZChQcRJyZnpy5iRUS81apvW0ruOs7xVhky0hjUMowlNDpYvSNOWYExEtJ0+halooIIRLpvoZpRDYqUQROU3TNNbaRahQmzLtiAhJFUK5dkbr+j6nobUpokQNUGmyQepKURFNo1uJYpjG1nUdVRSGo1WddV3ftam1ln3f127WcmpTU6jWmDKnKSVA6QxFN6tSpF1KkTQ6M1tOra9lNpur9W09DSm7SVGjumXmFFYNkgxFmfUkQbZmp61aa4fQkKMzZ7N5F/PMVkotQUq4NburFVJRyTaOIxK19n0XitambO5qF0WlqO9mR07bRjXqanm02Nqo0a+G1TQNtZuViGamcRynUSHcQZQo6TaMY2ba4PRoTA21TCRM7YotJExWtYmjcdmXbj1lFZJKKSJsS5VsAYribJMxzmGiuNautWYcUbKh0kqtw2qo1REwEaWoF0lzc5uyTXaKMeVSqoqnzFILjolpln1XYkoSh5UGa5xajailRqi1aWqt63ogIpIEMbVsqa5TevIYESGhMMYuKiq0bFAUaq3VWloSIYOw7LRK2FFKUGvJdGYDtXEETeMwqxs1AEMYu01RakHNpoQzc8yoQtjCThw2UEqxaG2crLChRCldLVOb2jSiIogIsC2Hg7AsQKq1WCKVbk4okKhIkWpQimRnJOm0lThTYVsl7FKipFu2GKbmyaYohIVtqNJE0phyLIpaSnNzNqBYxlO2UEE5TVOpodIjRy1lDClaThJqznHKiFnXM9jNFC5TlVIolAmmQNoJOWWL6EMKpnFSBGE5pCiSO7d0hJRKYRjHoU1ZQqXrCI1tlHEKN0FXIlEppbXRdjMI9REqbmm7dDUiShHO0ZmecISitWYySldDmUlkJJkNiECBHGEg06WZlpIoITcynTkoIkJ2cU6ShEKYgGwmW0tSjoKNkEHZyALhvnYGZysooowtW7q0FBVAbmllKyETuKUZxinAIVqTwjIpFymdtNaopSsxAMd2thUkql2dl7nnG06L6sipxkZUVBA5TXYrpZcykwQ75YhOlc4xU+DJU06kbHez3mREsZuoNvZUyzxqWXiSApzjhCCsFlm0pYJz8hjeSlxcUxkbWxColdKRqJZQ8czZMkrp+3kIY2d4mqJYZaZoUKLMBKFC11DJ+ei0auc2Deu1iGEYuq6XPLVWhEI1akiEuuLMVJCNGrTUNI1GoRBM2dKZmVMbS4RqBbWWk6eQnWA7Wzq7bk7HcnnoKWad7MxxrH3f1VJi0TLHsZUSRZpaq6WWriPwlIpQLSGVLKoy6XREUMNjW4/DNIyllBZtzKyli1IV4XSu12/45m/2iR/5YV/6Nd9ATiW6UjoyEbIt2USEbQNOgog6lYwMi1C0lpKdigiFjBGZrRAl6uSWmXbWUgWtZSlSKWZqhiH7vsy6mrakNmWiApRKpEyiEG1qhsSmBZFuLTNwLR0wrYdAlKjCNorATtuWIiyLiCrSUqZtSbKspEQlqKW05iglxox+69r58XvP3/vGb/E23/893/FO7/TeXRd7ly601kKda7pNJkoghUVrI0YlSsaUWRSdamstmRTFw0QUJ7Uq6mycxikbkiZfvHBhcl5z+poUmBIFXIrb2BxBKAxVEIKxDauj5XyxUbtSuiIRhTali5ROUarG1uzWmoGQkwgr5RKyYxqnUkKhkFSqZecUEaVA1GyWbDuSFCHZqSSdBkUnZ6oJZTqkUgPTWpuyRUgqpS8ax6llkIKoVQhn6Xq3NFm72o6WF/b3+nkppS9SLV3LFqHZbIY4OlrmlPPFvJSQ1dXa3EO62TgkhKIk2RKn3dJE1GitqUi2zDAOdq1diVqVmW1sOEeXiIancWxM1Q4BdKVYXaGlbdOV0tfqdK3VJFaZFY+acpSLVISzZWhSrZ6m1jIiK/3kwVIkiSNKrTGOZJsspmkKZGcQdkoIlaISxdka7kpIcrg53ZwlnUKaPCmdVmQCdkvcWi5mW+thBEoUlJYUUUoRKVeSRoNSiqystRMMw9jV4lHT5FIKyG6lRIk6tkw5bKRaiqFNOFtagGAcGmTFtjASR+tVTqO0XUutmelpGttsMbMVzkwjRyVpw9CcUqnYq/W6qzmbzVRCRhE4hYicpqYIxDSOIkt0dkLUWnE0jzJRFFEDOd0yu1JcQ5BpiVpKRHSLMrVZSAmIHBumzOs4TohCNE3TepqmqdbadXNnI6KliRZStmzOzj0lvZ6y1q7WdCaNLDVUa+dsCATJOE42bq2RHbVNaTmShmuUkFOZzZQmEZCtzfqZ0HpceXLL0SbDOa5a02yjq0Q6o8xI16BMOcmtTYTkKKGY2lSI0tU2jp16zZAZ29SmNovqYje62hkPw9rSfFFkzUqHmMZJok2jpK4rUcAahrH26rtZ5jitB9WiEhHF4YKmlGC0c5jSObWpRu+WliCNQym567tsbcoWJRylqzYRUsuWaTLBIZWi5dFRLMosimURIbXMSHXzfhjXZNgep4wStZTV6mhv/+x1195QujqNk50hUC1SDUnCoYJNgCVatrRAYmxjUVdrpD1OI0hkVcn04EFJdCGbdMO0lhEBwk5FRCbpqUStURRtmgxEkVIyKjWjkRmlFiLb1JyVqvCwGgmidKU0TESU0kFms23jILBaa9kyIiIipdp1LRnXI+BASTgiqj0BypYNF2SFGA2ZIdkOyBKksylCFMl0pdJFrmw3OwVTS5SFAk4chqBIVsjZ3Jy2TEqIdIJFiGzpcERgQ6ldyebWaC3bMJQuShQiI6DYdmTYqjFTsXCU6sw2tqwkCnJIByhCtm2RmbZTzWl7sscx010pQxsiSl9nXSmEHCqlgKTsSldECNulmKghOagmodRqGqIqonaW05YCOwOsIoEnHERmtpYmo8yCyKllUhR2gqRIFCIhFGk7UDoUMin1fR/CzvUwCUqpcoeNrSAcQSgkk80K3IQQRQltShVnGhvnlFFKIVBGuE1g2yFQBCDbUk6jbUnYISWJwoGbQ0REZhaVKKWNU5oIpAiJSElR6OhLa+thwCpVzUbqapmGyUZJlCLRdR2QU9pJGqso2zQBD7ruFsPWsZOQSUZWsImE3ilkm6IgTWCwFWBS6QQrQrbB0dfIDMvYdqCum0yJUlpLRdhWpFNFSkECBoFtwJIqIZxpR5aUpJCMa29jKQjASlkOZFIuk1PGkWGQKOoRCGQaSABBtobn28pxmIZVZrMt24iWFGUqp1SpIQ1jC3maMltCiyhI2BHa2Fy0MdvYBsaq2vVdyVi2ocswVompTRAVZ2t932PLmGIpTSnSlLJKiS5CRWpMhsywXUJSoMAupYjV0KZxXUpXKa05M0spZda1xJkqncU0tBo6uLR77Mw1X/DlX/5TP/ezT37a7adPna5dXa0HWosucsqIkBQhRIRaw+kSbiA7bWQ3CUVgOaxMt/TULI/ZmiJKLVLgTHuYxgqlFIQgm4mEcLLOiWaFQllKsXFLBBLpoigKUGJj3FqmEAKQkKIWTUnmEBRjlDY2jZRLyJImZ2sRZICFM5tJUHNXezsz287O9t7e/nu++/utDg7f6wM+6PiJ08ujg7RmKk2l5Yg9MrXMQFObprGVCKyooDCZ6YLTVLKJli4oItKJokbUri9yRAg3jAT0s3m2ifToZiSVwJlWUksJgcnmUjUM49jGEqXWLnCmAVCEJDJT42jVllNGFEkhWSVCBsnOUrooynEac+rrrEROUxvt2veAhE1rKajFTQ5KQGI7pQALZl0nSYLEiW0ngGRMaw6SotZItwhJtMxSnWZSGqFQKcrWpkQmihAFSWotnTZRokRMbXImQhDOtVsEtBxbi6YoYYMQctJyPSUKiiMqWG0Y29Q8TXSidAhQX7xuxTYWtFk3z+xJt5YRFYviQGChKGHkidQkaTFfZJvGNmRzDTUZp4UtYZVQupaSBsh0RDFpp5OhOYSSRsOaL2Ylc8wpp6YuZFojQ9gZ2IoISbXWZAIDUYptXIpUQihbjlJkmxxMqTZMoBJyy6M2yYRViwiRpShUEK6ltkycAqAoJrlNrdYwxo5SkZwZKlMbqsjaJ5alggdl0qZWVVSKFREKKaUgKNgutU6raRyGWgpSqXWaJrepQVVXikPRnOmsUQwKeWyqRc6qalO6ak8ts03NzhWqrhGR2QhETM5SFFGlVCOnKaKUIuNxmiKilGitrdarEsF8Viu2yRaiNUcNlFiQma2U4sw2GWVrTg+m2rkexz6ilohSTIJVS6SaRERXy+BRKCKctBCIlqFoaZtIRIbDkdMwWOpqt1quu1ChrKZ1QaoRUEF97SeyqnR9n7bSSbMNaal0lNqPwzhNAy3pOxGFVksJxXoYvF5rPm/Oqa1DpWUWKWqkySTJkMicxrErNQ1SOBebC1ouV0Mtqn3nlm2ynSH1/ayvfeJsUzoNRVFKYAyldlFqZBsb2YaNjcWwWg9u89pbzgTc165ETDllU98xjm3KpNEya1ea080ypKKGwpnt0sHu1vYxKMYtFcpsTpMtM23b0TTVCEllPu/alJnUqIEsZCQym4qq6jQ1oNTSspFWRJiMmuPURI1QUKNObcqW5JgQMoqur0VykE2B2zCl3Ue1csyW2RTqVEpXSAlaZkRp6WlaC1Sir10m6TZMY2ujVBMrCaHE0RwVWk0GQxFuRqVEJlGcqJG2quQoKcCpCEQEbsiyBKthQEKupQNLjENzg2qQwFIhwJqcSjJLFBW1liQEkbJIPE5Za0StVpMNkgJNhtQoz8IZpdba1ShTThYKppi6ZErUdZ5GF5UIOSekNMjOUkO1plunipwNt1FBUM2UkdEC27ToujY20yzUpqQDSo20NSVE0jIUwlaEkFvGuB6ohSgQuIHBNoEkWuJMpCh1MYvEaTdPzhaOKCVpEmkgnQWmhpst5GxtNY3Oquj6rhloOaWdUQqym5rcl24ch7FNnYui2C2JbtZhQDaZbp5CCglFLUKRLcGBalGpJZ1OSyUzQdgB6qptwLbM2Fo01a6khVJCUmuTI5ks0zLTCRYapgkELqUQaddsrUjZmjEYyWQ2VAo4SmCl6YqmzMzsSvejP/lTT3zqU86ePU+OCsklnUNb9V1P8+iJlIEkcSnF6amNWAoAg6zaqaUKJmriNg4KiWpNThdVBWlPU9Za1q1pmkqEEjpIKbAZWquldF03tVYiIPA0DRMoFA5LUaQpRzsCgU2glkLNklGISBE5tcyIrohmahSCEjVzGobx+LGtT/30z4pSxmEVDuzoazacTreEmlAl4WYVo5xaC6lka3ZEyYYlm2yZ4cx0uKvVSSkK1WyDqtowHa1Wi415RG9oToWctLGN6XFcz2azFJ5aKQUVY4misORsVglr8mTSpuWoiTZNWGTLKXNKlVBLlaillFpq5tGlC5snTv3CL/3Sox/7Eucunj996nQt5WgYOiwIxeRJOKIvYLXWGrIIy21yRGm1ebIdpB3OUCC5OZmSPuxUY5RKFDU7W6rg5ogwzhHUEAVFX8HjOHmwFBGyHVEgbRMlSDfVrgYFR5I0J7LtaF2dQVMWpwVYNhFFxdkykUwxBgrZYGpUEEWlTRNB2p7G0sXJE8d2dy+9zwd/+J133POpn/k58+1T+xfuTRFSqaWN6XDIuECGJBRRjDMTKSSHSaeq3JS0oEhTuoYUbB/fdiohk+hCprVGw1aU6BrT1ABHJK25zTc2jTInk+nJTtk2zhZlVskUEUVmdKNlQ0HWUlSKwjQ3N1pRQGtIKorQiLOlZmoOItxGOW0cALWEI6ZsIkCmFYUzp6kBpVNQwFNrAYS6KFK2pLpQkD1NWWtXQ+N6Dd7ZOaZCUBBSTnJzI7PUur291TJbtmaTDM3IsqXqoGXm1NJTdH2t4SRwAeyuxjBNSiEFSEKgkDKiYFNEUmrJqUIBh8BgZwLpBCO0niZJLScA2zYmVATGzsyWDRcUpZQqlcjJUawItbQjCk5Mo2ECZDJcTEpSlJwaFGVSQgHYsDpaRq0oFQFuskqJIpolpxzIUracVlMAUEOhooJKyZatNUUrpURfpsFVGFRQlBLyaqhdidrJnloTjEklapSpTWDbWFaQaRFFVslshGoJJBsXMjWbzUvX20w5kpRZnUVpObaoYeHRrTTJzSqKUQQmZVRqm8apZXYNYcAQiWKcxlAppeA2tqkrNUpgYzc7ouQ0TZlF4ZCyjMOoToSRZNsep3EcPO9mKQ/DUEqUopb2NJVQ7UpVmRD2bDErtRuOlqXWbj7LlnYbhqmWElFam1oqgqjFmTSXEjm6TROSpGxJhIqK+gipqKjmNLb0NE6CUkk7sxU7wpbAOAigOcIYuTX6rkiUom7WK5umSSWUapmVkGqUdC19psdpVEShm5ROQhpHR2TiqurqcZxEttHZZ0Ttu5oKT9lFTNY4jaWUli0nSheVMraRUlyK0y2IUg3Dat33M8slZKJGMSkBPZmEDApVYkz3pUAkOY0jyKTULLdhCmkYhtJ1C8rYpuKQIN3NZkiBQK0ZM62H5XK9mM96zWlSRClFEc3u5xvXXb+1nsau9rbbNEbITokIDethGIdSo+8XLVOKqCXbVErpSmnGbZqmJlkE6SJFp1IFWLYzorSWEcKpqmkY26jSRYmQXUrUUto0kWG5tUlRi2oGzpQcEpmqpSvRDHLLLLW6OKcWpZMi3NbTVEpUIt0cURwtp4joohszSxdjayolU2CgQQml3XKMqA5LzoZFVVghOYiuMLakpZGlCFlg0jY4U85mSUo3hUrXZ5uUUCNsy4JJTXaEDGEJDICqStKmqVYF0JK05WFy2CGV8EgVzarIzmxTA5UaYE1iFoHbNA7TFIq6WLRpdMtSqyJaTuM40VpEpKbMFupqDbuEPLbmEaOIyExDa61GFZ6cHlsUjW0ax0mom3dMZkq6mjbpUAhjDVOroVKqbds1quUgxpywFWGQPbkpUVHa2bLRnPRRxtaQbU1t8OioVXY6a+3cJoYxw1Ivhe1+VqaWmVkiVEWzpdqVxA6RKQTUGoBk2Uhhm2yJLapCYbeW2C6lRhSnEYJaS0u11qKEE2MnJSKqalilhGIYVplEUdLCQjI5Ta1UBUo77aKQ1KRSwnbLUZYBkJQglHZmE1kUIAvsdGayubE5Zn7/D/7A9/wgOGXZCBsEFphnk7B5JoG5TGDuJzAAAvNAAvO8BOZZCjQkbCFjAAQGIQMyBoF50QksMBAiTUT9uE/4hJ3jp1arI9zs9JgRmnIyDpXMwWMETlJIoUpFpZQK5DiFIooSCjXdWpOCaT2VrrqpeV27Lts0tWmxmLvRNLkEdo0u7WwT6cVi7nQbR2RHwZKtWgJNLREGy26KqK4ZoVClKrKlNE0T2Wp0iadh6qJrOTVlcVkdXHjww17sh77329/1PT7o3PkL11x3ZkuL5fqodh1S1zRKrU2pEEaUUrHTakwSs9JlTZqnZowgSriZUCUaDjdJ6ZTdRafIqTWMJMlOCLWWfd/VWgXI2SzJGMJuhETIOWWGhEpmmsw2SUUCQ+ZyWAWloCZqrdnGBiJJSQW75QQKTcoiMZIdNbOBSxHYxlFKU2M6ec2Zi/ed+/TP+/y9w70v+Yqv3t45tb9/KXMUWg6rea2UAozZnFMttdRwunkkZblkKaW4tSiRFm0c07Xvq2KitSlL7e2MkBpTjqBpam5Za1VAKEJTm9rUur5XyLgNzSCnKIv5bGqttcwcagRgQhGMrZRaoiYtpIhozpAFCpyZmZlEkUpGRNfN1qt1tla6UmuXaaQ2ZUGWMFUxTY2ibDnmWGotJVraE00jTggz1VKJaG6BpBBkc8spxih9LVHHXJdSbU9uNapVpnEdIcTolN1aOqemElFUFAophFVCtluRHNhtskspQQQ2dlcqUYqTWlXAgiyBsFCm3LJEcT9XF6A2NYSiZDhKRyaiJTDhzEyjKSdZIYkYW9YqLNWoDuPMaZyKoCuRadkKISYTTDhSxllKuEGkrOamJoXw1KQchyjVQeBhyk5NdpSQInJMJrVApbkVddbY0ti4TZlAsyU7ExyhiEhHKW5p5zBNWVAXHbLHLH1XFM3NrYW6UsN4ahOItCKKwqIomrOaiM60lk7l1CyFCsUFFSLIbOOUOUXpCok0mTaNLiVTNXJqDgVJyrIC+lk/tRHVCGrpFEqb1prtabKTLrJN/XyRq2G9XvezWSjGqakoWysRRXJmkQj6WVeLpiFLV6Vo09ipTozNLe2gSAqKldGrpjLbelrXUjc2tyLKNE4p9bXDSI7ahdNpsCXJbukoiIQcm+QSNUI4VShdHaZhGiZndn2h1AjAWKXUxG4tsykUKs6cpqnUEsgJzq7WzDQTzmlKu8E02SoqtbZUlSpq4zDZcltNqEaEojFVQla2SbWO0yhT+zrZ68PDWvtaHcVWm9ZTKEw2S1FqKTVq0qZpamO6srGxaWhTIzJqVXhcr8dsHe4iqJ3wODZsZ6rU2isbQ46dY2ouUaCkp5S7vmtThgrQUCmdaG2cImI2m4kYxyG6WkuXOeVkVEoF24pS62KjzOczRbScFFaVIBRRurGNfdfZLZtbpqesXS2lgB3OVXa1hoKiKNGyTeNUCkMmWFJzFiRotGZVInPK1qIrVTUi2tRIoqhNGSFFgKLURG29AiQopSu0lrISRygnBM4cvK7uapToSpBSaZl2U8jZoiikroaimGyNUgNb0SnbmFMoSGUzJCpFFQagpW2TcjisdDimLopqHVfDgGsEqkVBjZaOkFs6SVkplZjVSJxpYxKHnDaWQqa1tNV1BUsKApqdgAhJtj21RilFak7nJBVhh4pCRCOlhjGtTcJyWoIpIVREqmVObaqlK7UaJZRAorVmZ0QQZLqNk81sZrms1qthWHW1n29siGxoaun1RMFCUq0dorWWmTUCyVMKkEh3JRIXabRKlVQVtBwMs9oTmlqmm5sjijJTbjSP6aJQLSVIjet1BlMRUt91FhFlmlpfSqpmm4QT+q6PKChwFpUkhQRYhtKVRJ5CCVLpQy0DWkskpFTYRkgIWcYapzGwCArNrU0uCuMSsmTbicGkigwmoTSnRmcNOULpREURdcoRk0JphwRkolAJtbRwc2ZKJQphtSBSEhIRpRkL7MzMJEKlCjPva1UZpvWsn4VKZotaPDUUoHEcUgSAjZBCymxyRAlIkLGglIKzpZGyWbIVxS41pqE13M9m2E5bCeHW0gZLUVVbTlFkBEqn5BKlpcm0iZCMO4JwtrQgoZBNKia76ChytnFsirDsbEI1+tmiz8xxGE2mJXJvf29WtbV9XEYJoVBRRHNKgROEUwaFmRKihFRzmlpzqeFAAQrnEJJUcMolugBPbYoomW4m0x5bqbWUiFA2ly6qNU0GyJZWKeEIj1OKQoAmMrNFCVmWbTvdprEu5soJHCVKFzGFM0rfRTYsW9M01VJDjKt136/e7l3e9/1/5/e+5Vu/Z+/cueMnT3XqPbaJLLWTW2YaK4go2BNWGuxsjUgnBhARJbJNSIFSisC2sZEh2xAuEqWGBCqKLEWk2zjZrZQuUIJxCLKlKZ1sxrFFhFFXYiLdKKWC7IwwLrJV7BRF4zRhSwWULQFwoRBkZjq7WnrVcRpDAYklSLVMl1pLrfMyP3765O65C1/+Vd9w5513fMd3f8/O8VOr5d7R4V7tChJuXb9gymylFMkkqtE7Mls6oWDINqFCCWebxvUEglK7IsYxoxbLttMms9nRZAuyTc605WlyrYkdJUSJAMkQtRTFmONkO4nMUutkOpRKpUVpaZxRI12UKAqG4gjllK1N49RmfR9RIJByaipRIkgnLqRVFSKEQ7ZbNpxOCKxSOtIqOIGsqulm2QlyqTWRp6nOasnIaWoCp0NkiwgFw2qlWmqttRapCqSSGOwkcafS2mRsixrTOGabulnfheywMxzGihJT5pQK7GyJsikiFFI6UU5KJKeMmTKrirMJQ5Qo4zQgSonWUlEkkDKzRKklMmmecCIJCWxjgYwtitQAA4CBaWxWRtKsIIRNZlMUZSktJ1Ea1FCJsJ1pq5Wo2SbVkJVJ0mSRhCIKw2oAIsJpasqqtWZOraUz+q6v0U3TNLZGyxIRRUgqkUNzo/Qph0pJk8NIKEi7QoIVBXtqgyJUFIlNCFpMarbJNjKVEio9cibNDilbm7LVKqurFU9WLeEGTM5Soi8z7HEYsnZkE2GpiiHJqakWMoejpW0VK9NBKbWWkmRrGUHUMk0tMM0uFaWdRgrJuMnpKJXaLCVpN7kmXg9T4DKvXS1tbAqXUoDMrKVzGzITM00tQqWU1TD2UaIrjE5nDRWVdAPCkdNUVcZotVaiMo4tnEnXdSqMq3VYpVZKhIJAyXK1nM8XRR7HqdaecEEomKYitakN6wFsKJTsokI4xyidg2pqqQpZYXBYlFI6t3Gcmi2Jfj4PM1lYNBThjGnKrpYg5dKmQRFFQUSgqTWEhJFbIz0MUw1sjKw2rseEWkpERMXpaZoiYsoMiVAqPWIpRYlCAUkNeZLkYMqs6ShR3JWIJNuU2bL2tXSdkzatKWXelVIrNqVK4cypUTtKhNxlm1bTKKi1U8moyimbJ0VdbG12tUpKcpya087MijBECZVSUKGNw+DUUEsJq/RdZjbTskEakdHalNBXocCEKKWQUomQs2GYnMpUhCRFt1ruRyml1JaTSk1nREADAbbSKRS1ks60BK0lNCeZGEsOTDaaM4gEMKVGNhwNmyCMUxElSpmKPLaU5AyBFcItjULYVsh2axm1IMupUCAgomDsiTShJFRFw0hF6TRkM25SiaIaYaTMlu47oWhDc1XUyPVYimzINCHbyLaFW8vWCiiI0ncmCtnGNo1d7QHkoqoIZ0OusxngdLr1XS2xyPQ0TZIlZDtcShEpVLq6HkYBMCW10JxO1z6M0wCJ3ZxJRCt0KboSDrXWchxVau2KzHpMnOq6MuvIlJjG5jb1sypMTtitNZUSuBSmNqnUUCQpKUpIpU2T7VqUmGwOhtbIVrquqA7TmJld5Di4ERuQU2JLiAzjCOEsKItpEQqFoLm5oZKqvfA4TRCZGcWKICGxnenMBllLF4qpkC0lDGObFIooktMUO0qdxjFtWktSDtXC4HTLKbqi1iy3KEUKQmq208hOGSglSnPDDtHPNmQLaik2FioRtvoOg0TBU5a+B7f15EKnyKBYaRuphLPJ9KU2Z0tLhEHBfIpUF2p2lGI7nYqCiAhnGge9sSyLSAWhErXiNGEa6ZTCqNYCkU5J0jxztIuiRJCKXkVFJFZmMwKboJQwCqt2vS/t1VlnhJzpLoJgyklGCpDkqN2UWRUlqjPtAi1qGGdLRbUbmUYRkZmZSToiolYh43RiRygiImQjRS3KKacc3WyDiKD2vdOjyEyTnQqNzEaR0oRrLVM2u8vmKVsgVWG6rmQWAVEl5whkc8sM43P33XntjQ/6mq/7+j/6kz//27/5+4P9w8XWYhwdmZktMw3YyiCwk0QBDoem1nCiKCHLcqLATidY1IhobZIMNiBocpBpojkZWosSEUXkNE3GUjojTdTQZCwBuJGdytRamyai1IhmAKmAUcFMLQPAGOSEKMWZKEooUZiIkCQoESrhVMspiiolq6c2RpTD5UFX66mTJy8d7P7Aj/zkU55+6y/8wi8eP3Fmw7RpNQyDIkRiaqmlKJ1BlhItkzB2UdfcLHW12LgSVstMZ2SakjRP1FCJrog2rbM5C4GE0nSlROnGaXQ6IopkgTSOUwRSYE/pkkSRJEFfIkqZxmHK7HpN0zS1Nu86URquJSSVSTgnESq1E3JRVYnWJuMAQq21YkXtkCUkZTiILmrK0ZojgPSYSRBdKZaa0245WaUYFSKLchhbuva12cZOtXGsVV1fcTRNNYqIcVrb7iJUXFQaGsdVa81pbELKJEuJwGJiUgtomaWrbbLbFJHOsB1RS04OuYTtUEl5sm0DpAGZCE3NRaGgtQkQtksECBvbtlXUmu0MNDmx04SaFFNraUJIypaEBM0OZDvEBFOmFAGOQo5dF1A8jUSp0tRSJTJtO3Pqah+hGlXW2EYRtMm1gxZSzPpuyjWrbEJmYmpTmWR5as2pElIppKqlUEjNtuVGLZWSSq08dQ0pSl+wbItUgFDSnCZCUWFys6FCWnaTwhQpujpNbRrHokIRjVoKKiZxCk3Zaqp21ZRcr0lqX9s4Rd85mIbmcYi+hAMcpYStUlarde26rswauLVaq4o8kU4yahUt1ZcARChay67rJntyBlaoyFMSGLds6ZwkolBrjyRQSBkKA1EqTOPUSglF5DRmc6m1BM0TkyzPugq0bNN62Wx3mUNE1K52USPT7oozIadp7MssVDMbmSU8tiy2VGrXQ7RsitJaYgeQmdkiIglBS3eoliKyhqFWRdQa43Jcrg+62azWQDGN4ziNUxtr6RRKT32tER1I2bJl4lo7cLZsmaV2lnLd5Kx9V4ikYdbLZaj0s34chyjq+95gp4FUSEVRSkHKbNmy67qQpjYpitPOVIHMo/V6Vrou5katjYhaomTAsF6vSygh3UpEKbXvY2rZxrHWkpRZ19VSWrZxyhIAmTm2VsTIpCj9rE7jlCaKRGBZtukiqEVg3MZWXKILoFh01ZmlVuzWprG12kWJTiUIR0Q6p3EtUaIqAjObz1u2KCWIlmNrhEQQEUAykhIexlZL1NJ1ffTTvIRmtRszMavVUGfZlz7bNAwNu1efWLahhBSRTlDgVNQaTiGXKEUlFagAiBIVWhugRk4ZOCKWw7qs145SokSJokhay5SEwJnYcglqhFBrDWxj48g0alZElIpsybYnqwRplWJDJrSWyE0hg2WnsTNdSjQ3pdwaRoRKZI7pbNhCIQwSgAgiJDszI4RT2ZKgqKQzpwlFjWK5tWZSdqmzKGotA2ymltlaN58Lj8PU1a7RQrapUZqdKII0OWbpojlJC4VwjWxpuSslneM0tJayK6qlTFOWEghsZ06tacp0y2y19LXrs2VqaplFSjGOWFljCkKGCIkI4ZJO5AC6klPaDRs02pmtRI1a2ziYZlNrAHK2aXIJnIllSe5q35icYWfJLmu2qbXIEFHUxgwM4TQJhQIuUhRRVQQhJkUs5rNhnIZhrRIlcCJBlEzXWhJaNuwoAY5Ok4tQOouURMu0hYgiLLcEla5GoWUat8nGMgngNiZyVW05TmmstGutWFM2r0dVQVOLUY0MK22KmMYGDopLZmKnwVZ6cKYbqxYKR9hGdsNRYhyGQGkQQaIIqWVLskSR3Zqj4QhDZEtRCKTMtFEkacvZUCPTouVErV3t+qJp3dp6GGyXWjLJ1rq+Am5N6XRr2ToFxmkblSwRFiVKWm0ao4QUCmVaDmNFYE/Nziw1MLb6Uptzak3IpNO1lq50k8IFEbRpGpyk08M4dLUootTahaZhJJRK26WUTEeolE7IhUDGMn1XM5ttQtly8lCizro+MxF2ZI7juqlKarWfb9dudbg/2zz+iz/7s4997GP3Dg/6Mutm/ZRrZdau2s5pilCEmksNW46GUgpZwjJGSguD0inCQGbLTEUEkiRnSoABZyILcIhQ52nMbKhEdabcTDjbpCglSqrZyM4UzokMCpaFUETYGcpMYcDYEaGQjZ3jRAgky61lQCkVZ8uUVRARYYuOREUkw9h2dk4eHRz8yZ/+5aMf9Zg//KPff9gjHuN1tQ9btqlNkvAkugi1ScM4NU9hSq1CDtUoCrK1zBal60pRzKZxSmdXe7BTXRdpQ2emgmpfmVi1VZRCLcXZMmUTAdmm5mzN1Kq0a6ib9yLaNLVsKMI5thR2EiolsKSQpmlqhMKR45gRKrUWkXaJolBLKWSRrSFQGTOLJEUmrRmTMsVKBbY1NaGUmDKNCiSSIlBCKkWtXZ3GKQdQKNuYgxtTU61VRK01qtqU2Vpr06rlxsamuoJsUpKhlAKiFAEqXY9bm8apli4za5rm5pY4FLUWKK1SJENmJlHCpfRJRWADzVNkwS61RNUwTm3IUpSeaqkgZFqWWtMt0xkRWBFhJw5kEchYES1TRvaUKcvYIImkUKKUbC2aVapBWCFJitoV2xmhaQLkxCidamljOWpVpsmpUYaxhADJtpEUrqruCh5xmzJlICNKgDEpKRvUKI6aNA9TU5QqWYQwNm6YxLkep1ojUoqgRETBEJJKmaapTZSiBi1lWUlTV2tioWnCTkpVxDSNxSFl6UuObblad6XMStfaNJv12U3jaMu19pmTQ+GYby4CgpI5ZWaacZporURBjOMw5kSLCGVrUUpnl4hhHAKoJVuTAE05AWljd7Uu+o2UcxpcikJKFSndimNM166EarpFKLGcpfaTJ+Oum4WctpSEcsqakZKnsfYzY4FKqVEHry1lS4ECnM4yrte1lH5WO+bNOa6zdlFrHcdpzDHH0fZ8Y97alPZsNk9nFrACmcxhtWrrsXS1dDUzp9aG1cqOrvY55TQMYUeJoIzTNE6jW0ZEZI7jmC2nYVyv10fL9TSMXe1ms3mhOj1NzpZgOxNHUe1ms37elYjQNE7DuFJEhNKQrlCiFpX0ZFJCgZvd3NW+62aKcKantDOQreYWUUuJaRzbNDhRBCJbTlNrU5umRigCQoYStLSz1Vq6Ulo2t0w3uZRSQ4WG7Wkas01BaS1FWgaXiCiEonYdhWzNZhza2MYUpa9dP5OcU5vaNI5DWH3fl9qphETUiCi1FGcLQUSRnBLkNOGsUaMUR4mqUjsVhmGcz7pu1o+tkQkuinDYXq2HNk5ILd3aNLZUKOqMEpluaYgiAXZzcwAhhUIGJMZpTKeqJCFZGMJKW84oUQhFMQoJZ5taCiwsTEuDWmvZMm3ZciExdibNabCdTSZbWna2kIESpZYaRSIa0+SplCglWrqNLQHJKCJCisCiFJWIrgQmICMU4fTYxmkcp2lqbcB0tUyZ2CGFcEtAxZIQoVK6DtrYwKgURSFK6arEOE3YLds0TiWUdso1SldKLX0361WQFQCe2ogIoig8eZzaNLacchqmTCynpZAkE5luU0qKEl03q6WOw6q1SYUooRDYSe1UowRhUCk1hAJcu4Jo2TLTLW2HIkpFLnbtusBuqdoX29mmTKBZisjMIERRKp0hKUtms0VREDLjMKSNw0ISgJSAwxBRioVaG7NlsxGWotZAkm0EkglL2ArSJKGSzpZpl6qQww7LEVEkOYPETttSREi0yWTDmnJSqJQopdRaoyCUZGRgYZWiTIcpivQ4rteJrCQz3do0ZZtGEzgIu03jME7raZhIIrDVEiuCdKbTYewUjNMkEhGhEk47bTcHILllppGmNrolcmt2a8ZTTlMb7ZymMTOd4FZErQUHaTtpzZLStiOIiEARQQNomQgjhSJKqV2pgWxkEaLZZLMcikZmc4liZZItJ2OwW0OUIpFUlahRVKqUQo4oJlJyosxmtZwSkGuUWnsg27h/cHDx4vn10bqWCth0RSVKKSHhdLbM1lpzZhqEVCKdbnbLKVub2noYLRtiVmvX9X0fpEtdt9WwOrj+lgf/zE//eKFcPLowjeuuq1EKinQqCqE2Tc6GcGJsHCFFqV0XocwWCskojNXCuLUUJt2wsUUJC0nCCqmGMM5srUkRtURYLpKNsYhAMsghUKHropTAMoFw5tSm5klCEbjZKaKWUqIIZxob0ezWWhsmkrTTTttyFE1JG8eWGQFSm6ZxXBPklPPNzZ1j2+cu7L30y73Sb//Wr2i+sbl9vHSdHYpSuz6dJApNbcTq+q6rQQT2MIyr9TAsh9aanAnJhLKLGiXcWiOztWwZUUvXpZmmRihKydZoiR1EA5NOR0REkQIUEhHOxE0KFEZAhEKyDRR1NJxNEYFxC8WsKzXUcspsEQKm1gKVKNksa97NogvZkkuoFJWIKFJBRkWOohIq1OhLlHRzmxoZYZSQkmQJIkrXdeCw+66rpcMmi1FmM3ZTwHw2n80Wfa1CwzTSPO836nwmRFACOQkAOUSIAupLHadRoiudIgJZkE2mlCIAZU45IbkogRICQDhxZk5uKlaUAEWUiECyLYXBdtQoICzbBhkFdnMKbBdJRW6ZkyWVripKCkWUWmtRqZ2L086WtkuUULSc7HTatoJSw2S2xpRTa4ISUQhjmSgomUgEEiUkh4pqBKp9p1KQCMjI9JhuLSlKFEUmPU4KIsKBUGYjnWlnhgBaZldEKiIs1VqRW0vbHqd0G8dxyqm10VLtapQCSoftdCIDNvP5LCKWy+U4ti46RWDkTKUkZ0Nd15WulpCFikqmPbWWntrUWkYptQQAcss2NSdudmY2T0ObhsloapMzpQjCaBinNk2Qzqil9rOO0HpYTcOYQEMwTNM0NqypmWZRpCxRuq6WqKv1OOW0Md/sam+yTdmyjc0WtasU+hp1MZM0TmM6i1AoSu27Dik9SRFdlWQ8TVNrObZRdmNaLVdjG0uRiH4x29zZEjFOrUbNNrVxzObMFihKlGkch3GqUbrSEdFatqQUIqLvulJrs3NKBdMwrlfrqTWFXcKt2VOtpdbSlVpKiaphzHEa1sOw3D88Wu63KQ3OFCIzc2xpkErBrJbLsbUILDekgkmsyGhtQtQuEmzPZn3XdUmmx6JqKSJMTm2KiFr72s1rKCc7nSIiI6KrXVXJ5nG9DkXpuloCkEpXaum6bjar0dlNihIyU5sSCWLKlvIwZhvSqVCBmIZJSBFEONNtzEYoaDkM65attXTSnM6EqLUrUUsJ0m0ackpS4zQqSSeRUUpLD8PQANmZoaJS0hrW4zS1sJyZTqe7rrfdWqu19Iu+77sISinCNpBMLVRKia7WiJLTJCdhKwRONwvA4MRJCZmcMhNFRC2llERtmnC2NraxJakEXFHtau1qKSVbTm0AEodkouWkoHZ9N+sTOYxNqVEiFJ4y004kiYiIWrtuVmyUqJSudrWo1LqY9bWrChsbslm2jRSZKZNQGpJKlKJaSkGCUKgpJDJpma15ck7TME1NUKK6pUGScDrtljn1NUqp2VqNKF012DlOjWw5teZpGifbgUqUqFURBiDTgEVzc1pFRapdqV0UFYBEplNERKmlRpQSKqJEqbNhPUjqaldVmtMmkGTLNUqgBm5tPQ7jMLQ2tXFqrRmHAiOJxAFuDkdQ1WpXQ8psIDsxUqhEhLKAaVOzm9MtJzspilrVFZkIyRptBEbh5oY1jdMwrKcxkTERBTwO65YuRQ5JoZBDU06ASQcp0pnZWpvGNhpFsZQ2wlEiakGSVKKUCJWYcsrWIFCECElBhOwsUUsppRbV0nWl62tEQGZmRKl1VmrXdV3XzyhBZjZbtaCIWruiiNZCBoHtNIq+1FrCIcC2AYWIEoGKpCgRFClEupgoQkiKCBF1FkVFpRSVqI6CKdSoUUoBS5bU0kOOKauUkFrmNE19nfWz3klOiYBEEOCCHKKrpWW2bFBDEaaqiCApkohMK4Ukl7DCKiqCIgiy5dgyiiIxzROC0pdSe5PDOOY4KWUpSpSun3fdbDaLYBrHbG11tDrYuzS1lBxRateB0xgbKULYIJUSSPS11r52XS21iyJJgENFmsamYKPvu9JbcqLmXK3H9VFb77/m673Zl37l52niYH8vR6dTLXPKUCFCVQo5sS0iVNLpNilIW4SCiEJmSJZlJKRQCMuZbXISFjgjFCUUESppTzmmp6oSUVtmUCJKI0XBZJumlpBtcpSulJppMylUooTCDYOQrSQtbOxsY2Y2CwURgBxCApxOXGtfVEKJJFtRSwmpEEUqqiXHrIrtna2jg8PXe703+bZv/hrQYrFVEGPiBKdUa1dDgpatpaCFlG7r5VHLLFEcBSODNI7DcrkcW5OdWBgIyS3bMIzDEEQohmGYmiUkt3QCQYSilIiSdjQbZUrpEqpBkqVEqZ2UdlNk0sahZaaIaWxTG61IpwGrTdN6XLU2RZSoJaDve0KSAkAWmWkcETaZ4bQyc2pu2XIkotbeuI1Ta4ntTLCDcT0gIsKQIdXSz2aLxUY/KxFRSieAbM4xM0rtZ/NSIjJXy1Vr62iZreEcp7aeWjpDkWSUUgI7GwIMJaJQkD058ZTTehyczkzSloVMOJWZQAkhucSQntpoIWHb6am1nKYpp8yWbgUplXY6ANuZzkwTtu1MO22ZEkVFCpxkNpqxiWwNAZKCCNkCG2ymnEDjONFaRBeKlq3JISJEZpJGikIU9SUszNQaZCpSSvtwebRaLqeWToeLoU3TNA7ZJlKlhDNaOtNk9P1MxORUFNtyOnOaMkTtOilqDQlnm6bmRiiEqSFFLYVUZkpOJxBhmCRhd7UzoXRrjVCptUirYe3M2pWxZZooMWXUUEQxSkIRdjpzPayVlIi+dlGjtRZEqf2UGSIiZhuzruutjNpFjXEc1usJa2qTM2sJ0sM0iZBaiahRQRZRIUEO09daZzUiJKKUbDllGqNQCMipTePgnNKOGhG1L6Wv81K7WmrUElEwJTrwNJEtszVnC0XX910pBYXU1Vq7LpNxbFNr4WitrZbDNAy1KFTb0CAXs5k6ERGz3tPkzJAN9LOuq7WRwzjILSCZnClRaokiZGAcJwWCGqUNrbUpCkElVGtn2jAMSvqCklpL7btSu9KVNo1uRsLOTEnIpZa+zlDglFRKaW5OnIiSsFoNhwf7LTOCYVi1YVyvB7cWJUpPOrNNNapC4zigDNFshRHpDFdC0zStp/XUWqgq5MyIGKfp4OBwaq1IKROM05ROY0WUPkC1U9fVENlacyqdnsacMltmqhGgCBWVwC1bSxQonFlr7UpnqeXUxgnj5mEcWssogQBam5AkYUeRFGFIg52MwyrEfDG3maZJNUp0UQtFCOxaal/7IhCKKLVgT9OUtsJdiWlqrU0mqEXYJtOZEzagIFQiaiUyM8MinSmBFEEoEjsRzkR9V7sO5CllsmUEEaVEDSJthRG2a6grhTAWQulxmkxGCGEZZ3Mbx3EcRzcjlSiZbWotoggy5Uw3KzS2yc0ZUhQoSaZQCYdLKdFF1ILJbCEh14goESUys2Xra9eVrjWmdDrTztZaQqYUdtjCCoUQUSLURdRSEaFSinLKls3OaRiGYczWnBmKWrtSwqSEIiqluIRKjRpREDlNo5tlhUoIomHb2ZJQqaq1kjhRiVCNKjuMaG7OzInmqU1tbGnXWqJURSiqihSBZEM6M9O0zGbjgtx3M3BrSaiUMM7MsISnbIiIcLq1bOMQorpYSKEgFLXUCOXUaJlO4dKXwGNLSKRMT83T0KQQEpfZAkUpJseGHYqQaqm1llQalSiFsJkmpzMiLGWzTYnad/Oosp1tstXSOLK1NmVrU3O6NWMr0k5LxhChEhJkZqbdmhN1UaoQdkpRS0WoRJGnbOnc2pxv72xJJh2lSpiJNG5KlNmmJkzIwpRsll0EYBMlhElsKzEqKUkqURCmdl3pulL61hKopdSITI/j6OaxTU4jtdbSmUlrE4nllpJwIgRyTlGidHVsObWWblFrRLQ2KSIUyBRFrUgQVkRRjVKlNFNma5lM0zSN44QRddaX2ca860pEKC1PRGCM1JXZfFG6buvEiVOnTluehkk4MVhGErZt2aqokvZqXI/jMEzNzqDUvisqoQBKRJGmKadpUhq5ZdZ+jmK1PKKNH/3hn/BxH/dhY/Pe4T6KKVtRaW5MGRQhQ1EtNaZsTkeUnCapSJZkZxqnI8IiQkREiapAYdSy4WzONBhQhEBubi2RSq3YLadsVoNMQymlRKQ1Tm0ah2ka5rNuMZ8HAkcpyOM4pjNQrbWrJUqRUISFJDKCEiVKCDIUyJLcmoUUBhQWUhQQiiDbZIOiVk6c3AE++EM++rM/8zMlFjunFHVqDZdhvZ7GkVpbttXRepjWU0uTfT9bLDZr10m0NoaczaRbppsiailhFxQ4gb7riNLa1KaJCEBhFUWptXS1RKBMk8psSJTA2C1F2khuClRCouCIiK7rwjlNY+YUtdLSdi1dVTFuU7axFVXZhuhK4Mx02pBOEhlJAjudk5vX63EYhkCE1sujaZzcaDkJgTIFBFbxNLaptRA2w2rV2qQAwnYEihjG1lqzU1hSa5mZLVtLEpVacDHUWmVZKQMR0ZGepiEzS5HlqEUqQjglVRVQTk1WrbXUSjQFIggUBYdMyG7ObLaNnHZmYiWS1WjQ3LACoyglhByEHAohOUHCadeoUthZo0REiZKT05ltoplmTIQbOBMpKAbDhMkGVokiRQSmkW5NRaqBk5YSQC1Bk8iiGIepWiUic7TJ1iBr389m867vQyWbwy0sy7hlZu1qV0pElChSSbAScNpJtmZs7KREQU5bQa211Ao2crMBU9Qp1cZRLmMbI6L2ZRpbjtn1s+hrMZJba2M2Ty2hFk05tdamlnKrUftaa1f72czKUmqEPGVihUxKINdauloVlIiulBrVtttgWREgo9p3i/msoYRmt2Y5hXAoCkK19P181s1KVwO1nFJTLaVQpqkpmc1m/bxv2TKzLyVKKVKalpOMQ1MzrUVh0fdFtbVxzJQirXEcp+WQmVgRBUmSal3M+77ratdtbmzMujpOoyIkMtNEF1XGOBSl66QSoJZZYq6iNiZQFFGKiBQKTS1bs6y+66Y2EbGxmBFqNslisVn7Oo1jKkvtjBttnNqwWkeUrc3tvutnXdf3s1pLlFprlQppqbipzurm5pwoNq1ZhBQKVAV2m3KcsrVsLSJAkkotJTqnqortlqPAuLWWnlrzMDaAdMqkLOQotUSvaRiWyxW0KMLpoGW2YRrW6/VqZaMoRaWqC8mWjAhClhuGUhS1q6VoYmotsyWoRI1Sau1mtSuSioAaEUVOQI2WSVf6fjZDCJOAPKUUziy1m8360tVaa+n62lcRIUlh2pQph4oEbqkoDqFozWm5tWwtKDZOsEnGsU1tRJQato3ICavUAgZsNxpOEyqlCFDLHFtLJ1C7WhTIEVFRSELp1tymccJGghLCYSdy2J7GabUep8kyIUnRMrFba7ZD8pTOFJRaJLWpQRpla+lmnG6Z0ziO63ForYWUWEkpRFhUAiGpjNM0TZOYDJSIkJvtFiBwOiBqqV3t+hIlhJsnm1pKqQUpCv2sQ06yFAUm3TJT2ZXa1Wqkoq7rsuXQxnEa7QYUKSIcYdt2FKkPF7UICROZOU2jxzEbRo6wnJOnKQUBEdHN+qS1nFpLSBwKlyhSgWwt01n7ftb3oZBKqREKkSCEpFIQUhS3zNYCmickkwEtWxi3zKlh240oChoKqdYCGpvHqWHXEhFhCNktc5psjKPEbGPedTMkT5OTEqFaAyQk1SiAEikiiuzJRClRAuEkk1BE0qYpyaillirZ6UzIKZWJcxzdJpKoBYgoUUrtSzZsK6KELGVrbWyyTZNUa5nVmp6MWzbjiFpLDZQtM514HKZxnCBLVJcIyahNw3I1jOOUiUxIECkmPGVrmeA2ZWYLVJAwdpqWCDw5igi5ZbMlj9nITLI5s6UT0tlGcCWMJjeTEilajuMw2k5am5pbZmsAZBHpsC2JoogaKiiE29Scbq211iwUIjSlW2vTNLVxTDUCqVICqOoiSmaSIZWIaOMIppSQohRnG8dxuVpP0zhOU2tNRmRXalWJIhyYNjXhTCYnsm0DksfmJtA4TBYlCUnCxmRrLU06U5GBCiigoIxQ4Jzy8MJ90cUXf8lXv/VbveUwjuO06mqUrkiBnLZburWoYNkZtfa1t8HO0cM02imjUKiEIp3YoSglVNUV1ShOC2S3NuXUiCi11K5XODNzahRHCKVJywWiRq1FUicZgmIi0wanwbX0oRKK6EqnKoUzp8ykFQLj1mwL29i2MxRFJTOnYTKUopDcWro1khoisqUKNnIppZ46caxE+bwv/OKP+rAPVcTmiZP9fGMchmG9GtsYKNsERERrrTUjaldr10kRqraAtJHmXTfreyhkE8p0y5ycfdfVWlVCZGaGIpvb2DLHTCui1BIBKDCAgQjStmwLSaiUKLVWYyO6oqJ0ShCRU9pGSqczS+1UsMip0Zic6cQGu2FSEgq3yenmtBxB9AEiGcdpmobEUlEpttNNJTLBdrZ0RoTdpmYybUWhlpLy1DKEVGot4zS1bKrR9f1iMa9R+1oJCEkREQAoM6ccnG52ukklIqTqZkPKECERGPd9VVekCBxUo6ZG4hyD1rKJAJPgFC41Sq21lNrV0pWoxZkmII1qKGrU0gUCaq0SQoFJAelmUASBJDslCTAWFolJSCCLLSRRS6nqUmAVCZQ4ZZAlmRoqKmlN2YBaigJntGyllDLrcEq1dLW1ZhMSzVEqMlIzLlFKzZbTOAFEsUkwlFJqqZJkl6LmtF2ilBIKUGSzE+EISaLR0mQClifl1HLKsY0tW2aSODNLkcC4JbIrSpI0IhOJUtTSy3GcmomIqMMwHhweLIe17aoiqbUUVqkKOXOaWqbGcVhPK0XU2azrahehEHYtJUqpKn3tJaYcmh1CQRQ53dLDtB7a6DS41r6UmtboMZsJIXVRQyVQax5X49RaMimi1KLExhTbY6aEQkWUEqTlbM5xnJKcWgautdaI1jIz+1k/n8+JqHUmE1Ij2ziNbooA2nqNUso6uQFdp3FSDdeYQZvs+XzW7GEYaVlqFyVNRhGoqRTcIENTy5D6xVwZhPtac/DQRlVlTqthmHfd1EYjlRIRYxtb0vedjVvLVkqUvouWOa5XXe2jI21Sfde7mSIBUUoEcik1YRjWpavjOGS20nU5TpQiAaWvMbWxZZMkq9QirGILtzZODXALBbUjFCqSKY5YLCQ7p2GcFKXru/VqmabWLgg50zmf9WkP61XaITUcpSKmNkkh4QQUpUianKRaNnCNTgWDIZNm11IzJwskqTqdWJ5aS5Bt4XEY0kTUWrsIGWOiFGeWrstMJ6UoSi9kiWSaJltjTpKiFCE7nalaGG3cWmtTC+G0pGlqtSAbYasWQ8lMmaiRSbEz3drINBEhQuFsbd2yV023Uoomga1W1NVZ2IzTOoJ0ZLYQUomibDlNLUoAsoQtMlNTNI0OImO9WitKqVGsorCQsFRK36aRIoUYSU9JFjmbSUcp8yhSpJla1lJQllCquLV1TqS6WhEQThvLmsYx6FSjuQUas0mlmGFYuzXmc1WclFpsJ1lLVwJUQFNmRNgESki7mDDp1kxXBZpGgFKL3JzC1FqncUy5lmKpjVPKuBUVJEFODRmFp7QUCjVS4Uy3ieboii2wIFuGImoorZDwZANyDOsxoURpsp2WQXKxEGLKZikUQaearVmZGa2NUxu76FxpY6rEfNYPwzAOEziTrpaodZxGGYdozkwjnI6GKyKdUhAx67rWpjaNEaVEodSSObXMNiW01qJUyMViY7kapnEcnLWrXd9NLZ1OmhpHhwekIoptI2yB0ZSJRQk7h3EaxjZNeeLkCbutc52ZQODmzNF9rZBEtGlKXFWKYhozPc362dSmzJZyLVXZgnBBQlK2bC3D4eJS+swGRDgRWJONm10irKgRzamW6VREurV1qoRq2DgnZ5qoXQWPDTvTRJRS1SZPmUCU4hIymZmkBiKY7GKrqFJsWks702ArEyPLzhaUKZGiym4QyAGllK5E1DKNLclpnEoWu0UpqNSaFuMwRkTpSkSMU1OULmqbxm7eecq+701MbQSKuqTW0qzSxlHhUqO2SmPypFKi1PWw7konOVtT6RTRFTljHIYIINbL1Wwxj/A0DkcXz20cO/ljP/YTL/NSL/73j39ibNfZfGE1xrRsWYphGC1KhNA4jknaiioQmAjhKSdwiZrGbjic2FYJG1DXd+v10JiYEKAiSss2tNF2KaEIrMxGkWzskLJTodhtmkZb6RahsMY2loII59QQY6YoKlZEoZTImhjENDSbDMKW3DJxqtnYKiWCtK1cDxNELbYJcnLLLKVubW9furT79d/ynU9+2jN+8Id+4OSpM6Eoqy4ys7nrFiqUUnMaIaNAIhvbTFaRVCOyFKUIiiKFDVHCttyaI0oUhPo+7IwgJ9LN6day78rUnG2KWmvpJMhsVgSYCKGwkwjZOTlpRqSiqxHFSTKl1dqUk1Egh7GxnWRkwW6tlVoltykVkdMwyV10RdGmAUU4mluR+lknikWJCIWqSwtsiZysjk5FuESxUxHOVqK3myegFUVzay6lKAk8KfoITeM0riena+dZ16/HgVC1pcg2DTmGyqyfgxLkzNZUo0aZphGFjQI7ZKZpGCdKN0XXSlQASgoZt6YomVNL+lmNElObSJl0SqGIEqEpReaQLaKUUFEoassRJDAibCObJJU1NGSGHFGd2UhBlCILZWlOomEknCVKVOXowWNBiExCEMiiCJS0UAkMZEvshBKBXEp3dHSI1M9m0UWObRzXpXZuLeUAQpgoEerGccDGmdkiIm3nFKU6nbSi0teardW+imZTREpC6WymlMiWAjdPmSVKKYW+w4Ql2dOoUNf3bUzbaYckFWghiopxGxu11hIOF6fdptHTNDndz2eSchyJkqFa1NTLntJFUSptmqKUdEw5zkoPicKtRZEi2rAWGkeMu67LnCxIZ0tLOK1gcjKlTDZlqCB16kZsoJEKSCaPIsjMdClRSwxtQso2DdMw7yCCJD1ZYWc/m4kY2lSiSNHoLBeFW46YiMysKmVeppbjNAHg9biOpNSoi5lKmdJVcler3SSidDVoLchWqaV6Pa6aXQs5Glp0kS0diWQ5h+loHPuu62qxGMepRFGvboooOU1ubaT2UnVmZoPMBs5hGEoJoriNk4hSKsRs0fXdMA5tnGrXUWI277BNmZzYacu2sNymKadJpcxqRzdLkaMpDkUtvXN0ClkCZLegOCkq0QUhGlhKaimtCLfWTEohRbE0jiuhWmtIKeMIeZiacDpIN2ftIpDJqTXJlLCQXKjCbUpFVBhbE5ZKcxMqXamuLTObo4SsKUe7iWplG0dUFKpRW7ZA2FMbGaldpyCkdSZTTkOadClRa2utlIIJIqGWUBREG6dauxDYUaKUYrcSGgwoDKVY2HKm5IiSTWAVTeNEk5VWRASKWkBdujWssbXWQtEiQ3KRIN2as0RxI5E8GYEoIWwBlJBUsEyT0yiqpqkV1/RkZ1EhbRRFIKejlFq6zDGVgUKOKOHEjigTNmbKUhNFDQWYmNRCpJmmaRwmNjYAjGq01oRnsxmKkCk120iCNJKASlFEqKh48uTWSpRSIhNENguMs7UiStSWLZWArCIraEMb29h3vaBNOTlpzDbmESVbS4nEpJszTTSQlcZCQUYUJJt0k0KKoa1JqUkqhEkUas5ISVFDCIskLSwAC1mUUKatKGQaSbJtiFqiTQ0FinGcUPbdvCvRWkNgbLraN2dQVBPhaUq3kEREF9nIllHUWlAICVQihjaNgxFRikottUxja61hExEkEVam63pYtzbVGplgpVGEQqImzkYJHApJdtpWgJWULqSSOTVlLXWa1svlQVdm0zTVrsPGkFmKkdxkpgZBRFXpuqkNsrpZp6b1aqgRTmMhBKRLV0GRkWQQkoUIgZwWbk4RpURmi6YsuDVjLAkJBSJFSJQoWUIIZBOqEVkIZ2YjCihA09TIJtHwLMo4rpU2WrehRKAwU42q2uU4pm1nZkoEbs3NpOjUY9ujKQ66Wi2mltM4Tm2KPmpX1UrLJDMilNlaIgTgiEDK5kzVEoQT5AyV5pzSmaOioBZFComI0Hoc1NzTR+1kxnGoRenJWRRqk1oO6/W677vazRfzWLdxFmUU6+VRZts8dt3v/dHvPuLBjzq3u7uT2c83Gi0ilNjNSddVIFtDzmaFsTAO5FQUsoFbs9Ra1lDibM1FUqhGIai1jgkNAslSZJuUWDhTptaqUDqzqRSwIFTkLG4JGZJUwDk2ChHhTKtEhMBY6STJiqx0mn7Wh9TaZGka1naW0ikiySoZMKFoJQuKiMwUqGhKZ06gM6dPXTo4+JVf+40Xf+xj/uSP//TmBz28b+1oedjXTmFJw3olh0JuBpBUA+QUgGRPjsDFILDS6Vr69DRls4O0IYKiGNuULaOUUt3GHEfVriJLSAimzHSqaZJEqquZU7FtkIuKlOlqk9lqjVRtwxRR6FKGCJWYpgZRSoIy0wZZyDImum4GUNo0WhFCihColEqbWikRpZCmacpWVbpaFDXbmM1RkBShaWq1hG1QlBJgaMNUyK6bt5yaqzNFdHWWOQKhGNokJAI5ulCrbZxMChLc0nYpJZ2HR4d9nZUq280Zze4q1FKmMERUBZdlGkslIkTUiqLWnDKnSQrslk2UWguGlsYWU052KSWKpmGc0qJQKSEQQYwt3aaMIpFpqbWWUdSmLEWSxjFBhEuUTMuy3aZGqHMxtHQEpZQIrYeJqZnMaSqLGlGB1sYolWxtSo9Dm7mU2toUmSgoYAFTmzKtkHBAmoTELZuICNmZU0tTAqOqaqkU5ZRtbKVGa40SXa2NFC6iRk/nZnKaSlSwpKKS2GrrYXRQo3MggkwmAxkJilJT2ZpnsxlYiq6QrTgzalZKqX1Xy7AeHEohJwpFy2ZoqnXMFlIosk1BjMM6oYuadkhNaaJ0UfvSpsluUNxGV1JRQpg2jjVCUYrI1lITLrXIWZttt7S7KI1USqIlUjgYWiKFCpGVTtLUptZa3/fAenRmTpmZbRjW1BKoOOxWZl1NMlsbW4qcyOac0rQpVKVGlsSVNk1ItSJnjs1VgW3CuK/zlgOpCJVSalGqG9tIm0g5W3R9UYl5CSEXRJtG3NLU6Gd9tcYQJWRhE5XWpsxAgSTUMktERJHc0sa1VgmnJRSF1gZPXe1llGkKsojMVogkSyndfF5KbZZyjKoadWptmqaIUmtB2BaOrjrbNEyEFJraKCsCxDhNBjcsQ0YqApBdu76ks7WWSCJUWmt2SsZq09TVGeGcbIsQadOkYholSoSr5t08himNhKxsaRxEKZIqRkJEc0ZkiRIdzaohu3VRKIYYpsmJW6vNKYXCSCXHISWRLRMzhawokSZCpUzDECFnIrCxMjObwQCBUiGA9AShUgCUfT8jczUOkiRCJiU5J43TKiJCohSpQHOLqMIijVxVpchoZJsgSgm3Nk0qRYTITNfK5OZpVEQpSBLRcjLMFxtdKethaNMkdVFiyKF0xZ6CAJJmR2Y2SCtzyqTrazqmNtY6i1CbEozSzVFqV/uqIoHV9V1Xu/WwyubZrGTLCTtpKUnqKBnR95JKLYIRR0KtpXSttXSLiShFKD0JWREiWxvGSbWWKDUYx5ymMYgSgdwAU/qaOQkilHbmFBSHg5Z26UpRmdrUcgpF9D0iW0tJWFJX+oyGpGI3I+F02oEiAjnd2pS2ky4K4DE9b1OmQoLJlh2EQaJllpSTKAqrQY2opSBP2Uir2LjU0oaUKKFxnBSAkNIZLgqJAErVlDnlVEvJtMzklnYJBbSW62GQVEuxE1FqVai1HFZjRHEihdJudk5ASBgVEQpBZgowWBBdMXY2Q0SB1vWdDXI2q6QjTEY4TWtJUKKGw9hSTi1bm6YE2Y4oLRumFFmR02Qc2braTdkYUygNEWRTyIAiQMjglCqCREZdlaTWUiXkCCEwZCbOiM5YdoQsEWpjq4RC4FoKklGtJUK11CHHglVLm6ZSkEpCiei6KmQ7FKWrZNqZ2UqSbXAalVrJRrMV4BZSLTWiMGErM9s4lVqEai2KEDIUAtFkScCU9rgsXV9qV5NpmkqNohiYiqnUCLnUaWqllii1kX1XIZxjS3e2MxOnXUtERISI0Mpjjn03j1pCMa72dnau+aM/+r2XfoVX3js43DAb8/nUppBKN7cmg6Q0zgYSSjdJtCBkOSJktxynpDCNoQiAzKmUAhrWg1CJgpCwsa0o/aw6cxhHS5IiQpkpQzEtIpyQzZZxjUCym2URJlEJEhXZmc2WMUxSIJxkay2zdrWUmjl50mzWQQzjAEhyutRgKlNOQZRSpjZ1VV0WShlXA6pnTp0+ONi7+76Lj3qxF//D3/31l375V699P66WaRlFEBgxtSYrSrEURgJIZxolkxwhSa2ZdCujiKKw7ARbUZudLVsba1FE18oko0CmtbSHCGW61JA0DS26Gm42LRtyKAgFVWWaxmaZKM22W1/7kolMlARMBKEqSyUUTUQEymhyLb3IbKkgUgAYQA4VAiE1W7hEKeSUw7pFDUTm1CSlI1RnXaancbQsiNLXIvpOKimXErJtjW0KhSQUljxNEhGGUBpUoks7LbemUJhGay3BUkK01kotsjKbJUUhcLqlAewiUUuNSFxLnVq29SqNiBoV0XLCasOUIpBqlBKZOD1N09RkuZQiY6VwOpPAE5IkidIVN8B97VdtZTKthhEFpYmi1hzOTBSyVBSKbC1TTaUKcmpZwhKQNuASAAhnk9rYulIX87mk1lqJUks35TQNQ9pd1Fq65pQpJYo6qTS3tEOo0ElRAoeVwljg1pqjjG3sXKMESZuM3DRFdlKWWgPZkW4qBNHSXS1ppinBAqRSOhUFTlnSODSDSwWTiTW1KVvWWTUhIptbupaIWsnmNqWdGcCUk0xEOG1cqnAUbCHThIfBzhad5JBak9RSkYnalCpKQi5RWk5pSi29unEYxhyEsC0kjW6kLcgmSt93mTmNg0rFE6iv1ZmRihKEIqhEeqp9UWMYx9JcZ31zy5GEYlyCLorJTBXVUgJlZtQS2XLM6WgqUdWVOo7jMK5x17o6LzGMxiiyja25YafHzG4266uiZWuZOTTXWmtnMqdGpUQhYpwGN03DSEkXpVuNGrUyjVNSSy21ZCYNS4GMa0Qzw3rl1tzPYjbrapcuQTpUXZ2mqrSSYU1OTSEpao5rh+w2JdPUZl2fMI5jYsIKCQ9jQw6FndM4IYowIRy1gKcp2zTMF7OGq4rBclG1sW2RJnEogFKKIto0ZWtpoqtWgBKXUgmQS53lmLbHYT0199lFVxUl3NKEFCUSxnEsZdaVmLJBRCcNLRRCTQ5EKCfSScvS1arioOU0TBldmdWZs2XtDZhSquScxsGOSBHRKLV2tbTWDFiZDbAdBYeAQkwxZTMo0xEURWsNqUSM4+Axy6z2XT+1NraBplIAkVbXRzaCTAm7QZWhUKTAqQgHBZAjI8MtHeAAGNskO4kwpRYTpZINBX0/m3VdCqctZ04C7AaWFAUkuaXDpZYAOSLwNE221bfW3DJVIiiNJlO6otrZxo5SJEqUlm29Xvddj5g8SaqlhKK1RoQoJco4DjlNRJlFAU2ZJJatJkVRbZGtZYRArY2S5TZRs7U2TaWEQVYppXT9NLVhWNcoEdGap6QWnJlGphBRu+LMJpciSDubFZgSASCVovDUUgSkqKVmohJI8hQiUiinlkAUSVFkN0sKYSkzJREq6aml5apuYpSAmNroRjqjVEKgTNs5ZBbJCLCzJUDmKCErpUBFgURIUo3OznEaAVrLrvSz2qY2tSmhoNqpRnEmpRqnXJCDzCndShQpTGJkDJIyLRshYRNRbKcbbqVUuSlUa42iBGeGiahky7REqCJlTm40xmyOoimnIGgOUAmFSEcJSVNrOSUlikCQQMtmZwoUBTy17GqhKhBBNIwz1bIpkxJRxZRNCADUoZaZILlCYgrKdEQBoiibS0Q2T1MzGTaKrtLUC0JFFWUTAWkopWZrmZMiwkXhdCpUoiCQ08lEygiwac1BpjMlZU6gvu8Faac9TFPfdSpBTrZCxcVC2SabWovAZCQukU6nFDGfz4WmNrip9t16ucxk1vXq5LSTEor5HESOY8taOoc9tjZ4CoZhuUM+5NEv/iu/+Auv/dqvc3R0OO97ZzSytSEqU6MGoUhLAaFCyZYKbNLIJkKUSISxS5QET9kapWYojOy0LYewbZVqY1EiwFNmDYEkwKBsFtnM5KlklFpcIlspAYgEhORsrbWIGiEFTrfWiKihyS2z5UR1SqVUtZYiA2Vmeqq1KKIUWmvNGZmSUBC2s3Z1HNaQ3aw/dvz4pd1Lr/Aqr/PzP/vjb/DGb97N4+hwDzJCcvaL+bAcJ6dImidnV2tImWJylsSmZaAiWYoMilA4TTgA29lqX6OGLWfKqIYsqYjWWssWpRSVztPUsNIRatNkEaVQQpCtpWXZtq0IaswUapYh3JyyjDVNre9qpE1EBM5GYrVpCuU0NUXBThPFmZNcuq7LKTMbpWDkBKZsEZEpiChKpwFbilCOzZC1q+CWbpkKq2lozaZEIduEawmczZQoiFBtOdhFIkpxJtgYq5RojdJF7YqtliZb1LlK5tQAK20LEECKwNk8ZlNECUPaNi5RDcJphFWimKZUGkVItgGctXQGO7FGFC4mS+kMGBXV6Ca3QjQoUaVomcKFItk2jcBIKiGczQ4TATk10qNCEX2BRiPd0oBSmZOQnP1iIUIKKyW1NmWJ0kpmZiIcEaUWNaUtrFJtt3GKiAnZqFRQyyntCKwIQSnZ8OhBQ+26WkKBpXFqtElVAqSIQksjiwiiztxaay0NIaGQo5Q2TumMiFoLzhDTZONi2dRSO3UTy9V66mutpaRd3EykIKeQEZkRcmsOKBFFRUFLt2zGYUrftalhWtqynVFLNWBqFygjY6oTbs2S2jhNNKc9ja1l1/Vd15VSWrYMZ2sN40bWbIkiFG2aIsokF+QKLdrUCAUaJuZ9lChdqSrVbp1jBGdzKWCZKVuO7ruoXZmGVrvwJFrr+95g2xBO2tRaW/dV2Sa5ldpFZHNTKfPZvJZit5atDWObWu3rop+FquSc2jSNbVpnJm6FEqGW03K9miZjogaSgcxhGrNlKdVibMPUBoEtO2f9rM5mYRMQMU7jME6Jg8hsbWgpaCpdLaVGVNlRpAA7p3Q2Y7ut1wPNXemKNKVbG3NqabJNiui6TorAYIFshUspraWc63E9DkNESBhbLe0SmvV9rbWUmKZJU0ZECRHqa4fTLZsb4YhSImigSAjVwNM4rdfrYbV2mtacrl3X9V3tClKzW2vNo1qWUIRMZhPYSVjGCTalj9LVLjpFkWWZwLhEKaUgainUWkREzUwnbpmQSUSEwAaJsFUVACXkaJNNCkWEMZBtOjxarseJKsw0TsKSAGdIRs42Wk0tu1oCITxBNtLpHKeWUxMUi2ZbRUXITmfKKK0oEWnTWgMUsgwxTMPB0cG0HkrUQKRrFFq2abIdStu2awThiKBGjZimNjlLF7aIKF0tIYWUOU1TG9OZGBQ4p2kCIyOBxmEClxJTTpkNka1F8ZRT2lklmtEwDZhaS+06hyyl01Oz2zRNtajUWqOqFORay2w+V1QRCoRbZoiwpub1ehrHVdgRlHCIUkMhtzEiuq7aHqZhWC2nbBClCMlupFOZNjYRgVo2yxjsBExiJXYK+r52tQ8VCJWotQNZZMpWKBRRJNKBAqedtm0gbec0rddtHFXC2ZpTYUmhiFBgLFKZkzKFkRDjalyv1lNOIZUocjgiUDgUIalCc2bm1NKJQgqJUCmz2byUEpSWlpCkUEK62Qrb4JY2wpZTKZwtp2wppzyOUxA2kVaUlLvSdV1XSpekSSPcLBnjUGocpkaLrkoina0JRZQSnYOcWpMI2akIVUUEIQsUESgUUstsky2M3ZqdDpWQDJKdCYIStMlBqYqQndlsQSiqBLglYYUJY0N03cyhabJQCIJs2cY2DoPIWsJurU3j2LAUgEKl1J5AjlIClLRxGJFrKaEgW2IbRZTSqcRqtV6t1i3T6ZaTnW6GQNHVmM0XpcS0npwtQhFhUWpXkVCDbA2UZGvOzJymaRxqaDbbIKONDXBEjm0ch+V6iAhVi5IRDgu2tjYPD45WF86+6mu81q/96i9KurB7cXN7o3aluWEFTilKlBIlahCKUFclDLQUxoYagUqRPE3ZdaWfV0JOG0mBZBssCVC2dHNLYyOMyExlkrZtAKlGmXXVxY1UpggBwoLAVmuOUvqudjVaZramQM2GolJLldOoRGDGqbV0lKIIBS3TLW1HCadbZlFx2i2ncW23qGrTVKy+63Y2N6ZpevM3f7tv/vqvpsTmsdNRDIpSnHJEjciECCmclhREqQFq63GcJktSUQXhdE4tc1LiJrd0tqpaorTWLCBam1pL7FJqLV2pJRRuk52ycUscRX1XS4mAtCHJqaBaikrUqFFqa22cpsxmAykFOII0jTQtM1GUWhWRbs0YCdXaz+Z9V3sUU5tsUdxshcAtW8sstaooc0hnqVFrVS2U0qbMlg6XGkWBlGnhnAy2jbPWEqU4p2wNXAO3dHPmmJZpxiVKV0MEdnpq2YwjCWqBgOgqrdkWcqYn4yTTGICUStJCYZzpUESpQRGknc1hCwUqtcy6rkR4mqZpAqPouq5EzWZZmJymsY1IhABj0q21zClJTy1JNxcpoiTpBFo6rQhFX6PUqoqDzEYpQWJLKlLLBlgKA2RIKhFMipxsY9PGdGbpOmXYTUgKSkzN0zimrXBmjsOwGtfpVBDYmGyAwGkhkVJ0Xe0KtQughEgISiizNTVFYGhgT+nWnG1qma2NIEIRKlHA4+T1ehimacppyiaglEynm9KJsQmMS0RfChFd7Ust6/UwrAdlltIpZCNlZqZbJtlaytPU2jQBNUqShlJLZlNBAJktM9NptXRmWELCXY1aSms5jIPkfjabbSxKjZZtaANS19eUMzNCLR2ldH1XalGotcw2roc1OYWwrVJsdzUyPQ7DahozUxEplXCppZSoERFlVutsXqUY1uPolMPKvf29w+UhIm1BrbXMtRjXY1puLcIq4zhkV3oV7Km1LIppGCe3We2wW47TMKqPbt5riuXB4VpjLTVqRNRZmQWsp5bGVW0aILt+1qaptQlMtlntjaaWqUZE33Uebee0Wk/OEkUqzmlMi8CTQbIdSM4kclbm0zS1caqzLpTTNLUpFRDKnLJRImbzeabtNKXWKBGpMI5CSFZXs6kqndnSbYzaBxqnTLdQSHaTA2E718NUO/VlPjkr9H2/Wq9aa57aVNT3jFOKcLaQStfXWlprUxtTVlRFSLINlNq5ZeJSakVjG9MIkoywVEJyjWoFSS1MzThEXyMhs8lMU5PU1eL0mGNVjFKnoAQ2LYHMNAinFTKQmWNLhKdMZ+0kQsVgZwuFapeGQBK2nbXMbGVOdkIgBUpnoynDkJOj5JSUyHBEeJqyxCzTLTNwhCOMg9A0tlKKMJQInE41gcCZOU2tWcoQNhQxpcFuUUqmMtMWkuz1MHR935Jsre/6KAW5KEhaa6Uq+jqMGUUikpTTlBBJ1KCGjw6WjXE26xsuigglqrWSnqZUUa+ScrYWiigiJAR2ZigcpjULkAClqEWa2lRU66zYZMuWLZRydF3YZcjWx7wrHeF0qNnOYRrlLNGpBG3CppQaVUE6FaVEbdmYsAgAJBHYJtuEhdMmQO5qMbSW2Vpzg1CQWLScQI4MlxL2ZBSNlogQtokSdillmJpzqkSEo0SmMSYlKZWAEgSlOe3ACSgAtSlLLbWLTMtRSllPA6h2XbasbmAzGUslm1FK1YDTsuxMwAZAKN1KiUJp2YxNKRRnNhMhWtqQHjWoFmOnndncMhxhp5xZSxiIUoDStTZN2RSCGIephBKnobW0JJUoCc42tVGQiYRK2LITLKmULnNar1claulCDjqVlgo5mXKSQAU3I2eTItMOuVkm3UqptVdLA9koFEBQanXangqVYqfTyCnIErVIUjpaW4Nm85ltTy2hhHAQYSdWV2OaisMoohQpyJRwo7VWSlfNaBdcSwUA25b6rmtYpYQjitZl6LpZ2uCikm5KW2q2MwODwQrJOZ9vzvrO5NSmrpau79NejmNUuq7zOGWgGukMQ2EaV3VW2zBOw9FrvO7r/8gPfP87vuu73XXXnWeuOdPRYVSLDOkSdWpTpiMUoomQbKclrMhQlSKdONvYiFIKTtkokilDUYpsEUGayZZLlLRriTQETisBOVwiWiZQouRkIiVsY0eETbYWJSw58GQZSoSCisHZEJJCUWodpzFkQFBLHadEbq2FokRxc6anNtZultmcanJRtcaWtVZFLceOHT84Oviwj/z4W2+99fO/5Mu6/vjy8JLlzLFEwTk144wIE1NL2wJJESHh5omhRE15HMeIElGwFSpUt0w32y1zRtB7WqZnDgRO0s1NTQDq+96ZiFJ7cJBSCSUuI1OJWkuFjCiZ2UxXQoqk4SghR5FymkanS1dBbcpSw61FCIhSSq3Y4GwaV4OlgJYRQWaGCBWkKLSJotIyM2UoFjKCiN41unA6cyKFhTLUzbqSbqWUbC6RqBiiq/bU2mgXkKpsT63ZGXIpdZpaowVFXWSmPUEJFSE77QicyBJCDkE4mptM0pwYkkhliGZwc0gU4dYIN0OakCQiQlJrTbaKnE4ynREF4cboFkhJMma2UEkcaHSbRbU0tYnaiZLZ3JIKlm0lBCRRkqiTW5jE2KAiSQKUtptMp6KozgZtaq0lNapN6frAURhXVkwZVSInG49tiqKunwFRkHDIrU3TqChO08mZ49jcsut6MdlKp5sppe9n0zCqQbEoAmTZUUqm3VDJIgzpbNlaWhhRqCG1zGEYVqu1J28f3wiqc5zGlulS1IrDmtJTy67rpimRSpXceRxba0H0tUNuU3G2lmlTLYU8pdMNQOFonlCEQoHTids0lVIjZCi1Ol0iulKizlToxHq9mlqLFqVvOWWRFLWoqDCMQwzu54sSBRyBZKIrEjS3lkaolqBUt5athYphGMdZ3xMxTVO2FiWCyMhOESqZuA0hDnYvOWNj3hvXNF3tKQpoIhOPE5m1p43TahiVLrNZLaFiEcO0HlcDpfTR1xI09X2/GlaSQprWo8Lz+WbR1DIkQEWldBUrc7LTDqRKIbBN5rgeVJxF65Zq7vqCfXQ01aJ+PnP20zjWrnrKyaMT5Fp6Z67bmGtHKX1XW66UQWuNUqvSFEIkKIoyjRqOzEkhu0QkBhGqpWTMJUemhds0ESWiWhmKTI9TK0FVJ2dEjMN6HMKJsKQSamk3l44m2ZaM7EaJWiBNgCIgWhudKCyrlGh2upUoU2t2iygRkoTslmN6RqSMTSk5ZUuH3aaWuCjWk4uwiS46zaY2Zmre94QxQUkn6ZAyJ5NIIWQyMjIy0zZBGkEoNxZb0zSuVtOUWQlXtZywnUZCGSqGEERH2i0RoEqkTVXVrJSJVDpLgMkm41ojSmnNtqfWglDQMMOoUpBAIXVBy3A4CIjGZFJBEKRCSiycCoGzSaXUrrWGEKHIltmmHKexdl3tKg2rAUDKRSoRiMysfSy6rYD1NLQIT2koSKXUUGJclJmkzZQpXGqPyUwVSYoSmYxtiloAKTKnTFmtK7WEWkunM8Ka3LAamaHizEwLKzW2ZhtJIWUzJmpfa0h2y3ROEyHb4BIlQk43U0qxZU+khHPKrnSWMhOw3VpG2kqaWksLFbmpOZ2uXS1Ba1NL912PIW0lIUMJRemmlmH6bjZNo7GQceCimnbLBKSwLYWg9oWWzZlOZTgzc6S5TZNKKVAipsxQOE3QxuZslCCn1TSQWUqRwqSTEgJs2pQKE6UvmlrmNKabnShKRDZb2JZRJCKRs9kts1khCUQokpaNUruuMliKxWJmNA7rnFqzu1Kw7JYt1XWhNtm1Fts2ttxaJqlWKYTGYcjMWT/rap08TZklVfrqRtIsR0SASs3MbAogwtksCNRMqI1uSkBVVqJAatPUsoFKAYGRsSkRUUKShJodBZzpiFAn0ojMFhlICiyZUBSMTSgIIWpfoo2mqXSzWQ25dJXmRmstjZfkvM6Rp2mKGl3tSoSdtpAxY2uWa+lSyiklur4PwOn00XopR+lKhIZhskxxQl/iYLWunWYuzlaiOEpOU9L62Xy9XG723du/y7v+YFu/+3u8//n7zl5//XXj1IZxsj0p1Zpth0rUtKV0UigON2dxlFKnNoRKEs3keowquZlwU5qQjNrUHJHIkbaEQ5paplPIELJUPOUUmYlCJZQR6RGHRGKnrUSEAnIaxrRqkRENg92aXaMQ2G7TWCgUOds0jaUUIxFRQoTbRLhSCOzmTNtVUULOTuFpcjYhTu7snDt/4cu+8uuf8Yw7v/+HfmTr2Im9C/darW5sTJOjKFwiSGscJ+SICGcpxdCyydFk7IioNYKYMmVcjSMTQVeqRSS164VAyLYEMi2bFA4121Pr+xjXY2tTnc2EpRIKSSZbc3jAkkBhoMmRolg4ZRylRBRnc2abMluTpBJKT9MwDS1CCkrfRynptFuaNmZRSE6TVlU4ag03p2RENpcChlJqlMmjEwXhIhEKFDm21bCSopSCsGTbGIUCqZSIcRwEUeS05NoVu7RppHmaGomipbOWiowCBdnCAJQwWIRUoiYNi9C4HiMgateFSs0xHR6HKW1PRDgIh6KUkAxDy4JqjRah0VJURYmaWIMVcpANGwKJTAWemm1LpZTAkgRumZkJaamEssMGW6ZNWbtilAoVRVcBtwRamwiXEtM0WbIIQ5BTmybLBVlFJWrmNIxTp+JQRGCDpchMKG0csyXKIFC00c0jaUVBRI1pbK2NfT+TXFQmvFyv+q7WzlG7yIwSQVhJQJFTFs6W2WrUKAph5MSoRulqdWlVNUqXU9puYwtFRA3UstVQjUptdo7jFCEFMsiOJJUQjhBja1ObPGXpaxEYJQSKrtpgIGpxgwAzqZFOO0LdrI8SbRg9MTpS7kqxip0tU1G6gu3W7CmX6yEV826WpWFHKSXK1MbWWpsySrFaBrWvkTG1TLAVEUhktqllm0wXnTziWiI9jAfjmBubO9KRnaV2KVXL1GCM0a2PuhyHdjQsthaZTFPrQrONTcA4pDY0Qdd1qqFgWA0Wfe1nszmoUNSHTcvJqOsCK0KIcbSVzoaLA3BzS2eNrnlCGVFliiqdw6jU+TyVkMgZoXG1NnSzfhynnDy2sUElpIgSFMVU0i26TlEklxBu4zDVWhW0qTHakaFwYjcopdIyw1IJTW7OipBDYdwyA1lyZkREKc4kame1UltLC+FZP2v2NIySiorSzUxtypZRSymVbA1oSjvkUqrDjVTzeliX6LrapSnVUhdEYsCTmzNbmixFbtnGIdMKJUzZatdFSEaEGVtz1+PJBcZpwq3rZrWWbM0hNVrL1iY5SCyC0mhW2C0cYBupHi0PkYLIHFPOMdOkHRFFpKJlCiFFOtMuCEqEA2XSMtOJYQQ5ZDcpnJaZpilwokBCCbJTkqgSkpO0S8g4W6ImQCqltjaFekkRQUgQpZRaSVxq2GGMnRGKFs1TttaKYmijnV3fR9Cslg3LTmebL/qWTNPkRsvsItLOdK1YGqepBiVqEso2GaGCCFVhiXQpXZVbyYgQQoKuME2ZWGlPmdlaF7WUmgBJLQnGJcKoebSY9Z1Tk6cwotRSScYcImSkAMCynTmOWIQk44jeUaCBotZxmoBxGADjiSlEiWolpACwiCgg0ukJI8gcFcVhjFJZstbidCmtOT0OgUop6cyJJkQaB6AA2xaKGpkNMGkxNSRsrVdjKEg70iBkY6kSU2mTSxVIhSBkGzdbEhARamMjwAhCpeABaC2kkDAEAZlGYZAVWBHNACESQvJElCilOJjGZrvrOhEmo1REaWlUq9okitxyaNkVRa2kh2GMwAk4iIgSobGNkrq+t7ONaWfaOTSbCBVEmgJGVime2hQqSF2UBBV5ynSWLoAcUk2gEqFEaWqAp8EhI7Ll1DICE1EVUQplnCZPk6sUpURpbiCEcRAtLWWpxc6WTRClCDsdpbRpmty6UNrjMJQoxqWWbFNruNgtW2ZQu662NmW6lBC1hF1KtqkrxSVGBpmikpm2QCGXWqLWNrXJQ9D13UxOp+d9l20yCqmZglNarYYSdb7o1weH862dd3n39+m6+Tu+y7vfdfc9p685Q6RTNWo6s7WuFAVKwmrORorwNI1upFMpE8gBpBOjEElKAG2cMjOklAIFcsNKZ5ZSFEGmomCp2HYEGBFyorABhSUQUgkA1LKV6AI5bJBwhqeMGiRTG91cSikRzca0TCFDiarw0OxJVhOFTFsqyoScUAadcBS3bNnqNdeeuXRx70d/4qfufb3X+aVf+eXt0zet9u4Z14NRUYkSCNpgt9Y8qxG1Skq3cZxKuLg0Zym1lDK1aZymGsVjhmJqU4miWuy0iVIknBhqKCEiIiNxo0WJacphHJENzsmglhGl1Oq0PU4TXSlBtpbChnAkWAbcrD7IzLRKgSTAUsqYRoSSDEXX9SinsaEogUnjxEVhY5DsKGQzEYaQFEm2aQphhTAtsxCojc1qmVOm+9ncNNJRShunzFa7GZlgp9MuERFd0sZp6ruKrCAznZatqIWIUjLTTpqlsEJEOAGZEsXVVbXRQlEKxghZSlpm5iSr64qkcCQp0xKTMpKblGOWUmoNGi3tNpVa+1mfrTVkN3Czi0EOhZ1kU63j2CIkYxuUsh2BnXYTmMzENaIrZRA5jOMq8AS4QASurWW2BoHc16rMzAzUWuIpFBEyTOkgohQVy7XZQsZghdQotSLbBkfQ0VPINrU2hSJwmfVSiJzaWKLO51EibMCldJljg3SO41hda+2UWSJQmTKRRKTSolM4+r6vy/WYpqB+1rdsbWogZVs3IhR22kWMaVvpJtVSapCZLlKUUsQ4tghjQRZQlIKHHD1Qau1KyZyQsjlEqTFNbRqmEhVls2oJt0YJGlEyMlombXQEYcmiEC4mFn3fd1ECcEsjAzlhF0XMSpRACBs7U+CWUnTdDNFaU9GszktXx3GEbGOWKKGulgnoF4tsbT0MpdaQqzIioi+zfjZfzOelKxF1cmuWEaK5DdOYY2tuCnV9X8qsq3225uYsDtTXaqEopZRxyiil9lUwjVO2VmiBLEUNhXAptYQ05mi11rK1FhEhMqehZWtTqDg9jWOUInm9WirU9bVXjfA4TgXmi0U/m5FiaoqIIjvlNg3TOI5tai3bNI2VUrsaESIgnImKw7i45ZSj0yqhovXU2tQEEVGjlFLcWrNLEZkBUqRxU3S1itpVSozjME5rsjkbUQyhKLW45bieximVERHOdCYIW06JUG1tyjTOoNTS22TLcRwtSRE12pQtaQ2k2neSSGazPiwIATQ3pmlo4xS1dH0XaLVcraZ1LVURWC6qfe1qVVckMAUCZBcVhUKyPQzDarmaxhGp6+el6yOKkWqUWiw7rZCCUhQ1kJWWYmo5tTGd49hGT1ZmZpKya60CydPY3JyoRkhRa8XGrrUURbNcAlklHIEhFBEREQpJJaqkWkpmTsPkNFKI5oYbCCmQccsmKKWWiOYEl1IDTemAEhUZVLsOZDNNOebQFdWuRkiRkxNTSqGEZeGU+66rXR9QFcZAFEWVSqmlSLI0tpaZBonWhmma3DJKlCIRUUs3m0XpMMpUlMwko4sqRa0R0tQSJaQi1+M4rNdVUVWAUoRas5WWEWotV8PhsF7LKio1SglhjVMDEnVRTaRbGAUoWiNCtu10SIgISelwSxIbQyUk2QkF2zgiIG050nY6E0cpCmW2WmvtqyCIdIYiHLLTCVkkqRCaWmutgbIl6SHT0HWhElObJCsiSthKp0GhqbWGSy3N2aZxnMZJVhpwym4WQTgtSSGpGBMoIkqpUSg1CEs2thO7ZXpyepzWy/WqjU0gIiAC46hVFIu+RkuPw7AeBrAhIkpRIDtbJo6Ecb0epwHR105RMpvkUoqktMep2TbO1oQCgS0inLblqEUKQBFJGmOpq1G6iCIrRASWDUlOLe1sY2bLzEaqK8Ums03j5CSKVEqJsChRIrpaahopSikCG2QyS6kStjDZcpoGBSHVrp91PanW3DyZkJQtjUlPrY3jVIpKlHEas7VhNaTblNM4jVM2QrWv6eno8Cjd+trXElFErQhRHMWmlA7bDUmzyjSth9W6TePeufsyh7d9x3f+qq/8Eouz952d1b5EmWxjKSJKpts0EiolIiIiovalRNKEUnYgRZTilG2FAikUIZWiiHSSGYISSBKldlEiW5MMRglIUUoHmjJLKKKWCECCUEpTZgOkUImqlNvk5uxrX2rXdZ0NIUmSEFObbACDnW65Hlar1ZBpl0xHOjMpNbpanC0xrhbD1FAppSYMY9s5sdN1s9/5vT98uZd9hYtnzy6OXVu6mUpRF1a2nBSFCGRkg4RU+q52XWeFUGZmulD62oFFkSmlgtScmeDMqU2tZXNLhUoUiSi1FFXJjaoSlKLoaieVQCpKZ5sasm3kjAYK2VItFdxaC8k5OYTTolSkjIi+dv2slqoSUfoym826btZF7UqUKNAiIkSppaulRERIZMuxtYZTKpIbDicKUhbDOE7DUEpF4alFKKKUUCndrOsjJERIUUqUUjpnpp1udtJyPSzTjXSJSE/OLNGVUktE7bogCNbDahjGbFN6atlUC2JqXGa31nKyMqgiSik1ettT5jBOSUIQSBJyWKKRZMvMVAuVQC3bOA6ldl2tCtxyGqfMVEQNdbXrulkXlXANmRSolmhNYHJySzds0iFCIicFpqUcRRbrcaK5KyU6YQCNTemiMNQ+FvNFsYpKS1bLJaFZN6ulA9mM0zqnqfRBMZD2lFObmlMgWVFKhN0ybclSQShUZ70ISVFLKZ0zc3JOU+bUd10ppdQo1tSW0zRGjZBkYUM6ydak6syWRsVOMsc2JWoZJYqJoQ3TNEnq+holpiQA59SyjZNRFzWkGqUUkW5EG4eptVKEkOhq38/6Tl2mh/Xq6OAAp5ye2jiMUsiAMePUpOj6voS6rgKtTeOUrWVEoBoqJWrtu1JKoaslEJnORETU2uypDeM0TW0IBaa5pW0AptHTlG1q6/XgTNmSc5qWy2XiqtLNZpJbTii6Mlu38WgYElxqLbWbzzOV6VqqMrOrvZvXY866ubaKM7ugzMJtGsfBzc42KUpXyeloWM36Xkk609m1TkFLhxjHcRybOmkqOHNKS+OUSavzWWvZxqGfVXVJhkp0CRFTNIwTO7Gy5WSHimalZGYiynxzs5TShqZKpRqpdlGiTRPk0bp1pdQoqUQxm5fleoBYzHuj5haCUgNNORlKSBCidnWc2noacaLoIlCYbM3GhswmQg4poxSgOUuBHNPRR5dy3/e1lNZyMtCE0ykVKZElWc7McZxK7Wo4MyNKOhW4YRtIJ9OQ6VBMOUKCai1dVwzVygTAlhLCzmwtVKQ6m+VyNUxtqqVrxqXN5vNQmdoUUhQy3aJ4SnV9qZVh3VpaltMRJUqU0DC2TGoNZGc2ExTJslNRI1OhtBIXCFApdfAUTllIRkXpUgsaNQVSKRiDG1SEQjakGafJmSq1lJKYyYKWtrPrepM4FTVKmdqErRI1Im0AjLKN0+AmBzWgtWY11b6TCsqJnFqTiNIVRdKy0RWQkWSLsCkoS6Q6oUzbmagIdaVznbIlKQjLylBRCaWyNZOlC09kuFJQG8YJnJQgSilYVs5ryJH2OK5LKa1FywykIrdRULpIM05TUSkqhG1P65ESUaIoDIlDtulKdTBMU6mqtbNzWqaqjNfjlJk1JDTrO6CLoATTOFqEFThVKgFESEqLqNXOEmQ2CIiCrEw7RxyEg5BCoWFKpw2BVQJDSyJKFJvMVGtpQpHT1MJCThpZpK5WW8OQEdFI2WnXUtIoyDGRLDIJnLIkUIAipmzZ3DK7UlEJT3SlYVIKJVlUhQwyeGrNEpRwy0mqyJJbWrZLZlNEEC0ajghZNlIoMjAlYmqJ6UohBGlPglJLEFNOSlEikO1S5LRKkW0ZDCkVqRhls9PN07yrLTOtWisQAaI1hzIzwEiAsRSSMxtUyyXDpJS1dDgjMwnjUrrWRjAUYkxFUJGtDBEKaJkGWo6KqKWvRU611hoZFtAyuy6CMrURS0IqgEk3FFJQQmRtbcoJkqhFtTBOCBRUlFgmsMKTW5v6UtVam+xSalXf9eCc0iFnU4nSR0c3ZdIaJaYca621n5Mex2k+n1HL4aWLm1s7H/nRH7+/u/8Zn/O5Z8+dP3X6VK6m6CIku2FHqTgNSlQyRApDlaQSKmQSNpJCIk1RqV20zJZuGNtEwERmy1pCVkQ0O6cpSoSK3bDSCba6EmqpiAC3lpaFnC2LUNDccmotaynr9UqSQjQnztaihAArBTQ7ainYU0vcSleLSytJ2gWDLBVhqJJCQibtpInaJk4c3zrYXz7+CU947Is94i//8q9vvPnBq8PdNk7ppmzgqjJbLEA5TUNit1CXBlm28TgOpQRGhMKCEsqWloynsdmuXenqrLXRUzMC7IxSEghLqipTQk5OFIGihORwpnG45JQRGqfsupo2TpWaLdfrse8rKqWQkwwyKTRlGjtVwk7htFtOEUTtlbYAMu1kogmpFLechrH0IZepjRnkNCYOS0VOioJSVm2qFnhy1ohaa2Y6jexsUKC1bDQsO9ycXTcLRcqSI9SyOV2iUp029rhqqZx13ZQOlRIosRUYUIQJ01qm3EwxRsZEyHY2ai0hjW3quh68Wq5kSilRYpqalEBXunRma9ihUJUIKaekTVOESlS7YRzhxuSpKBQRYEc4S6m2yUSe0iLkFCJCkp2S7WhTiyI7AXWdM9MEoWTVjtow1L5XFEkYlSBpbpHR1oNq7aK0lo1EFEVYJmVMAqKWmppSKkmO67HrqhTNTQ6kaczWmmgt06ZmHccJK2JqLY08pkP9rAe3IV2oERCdemSr5bqhINxXovQ5lsnTNDXSuIsqsEIRoilKSzmkritqOU5ZUsjjMEzDWPtAiqB2szZNmaRyGiZAKqFCQchOp7CTmNq4Wq02NxZFsZ5GR1drh7MlzqkxGglFLc5mXIrsWE/rPjrENE21Frc2JUWKWkLCFkp7mjKdpUSJmrjUPkKS29iiRikl2ziqeBBOmglrFqWpdl1VCSLlToV5Tpk10dhG2th1/TQNXYmQxkZIgZuLKn0tY2uZrTgHFzxMbZJKN+9FycxxmKLUrutqCZwRRSo2ROv6rq2nKXNmzfo6jQ7CkwcP3WwWktNhosq0lhmKOo+pTaEI1ByZLUlJtidnUdS+UwT21JoTIMK1izbl8mjVdbnY2Cii5SR3XS3NbRyzhCIiRNRiZ2vTpFFRZQoyKlFURJIp8DROklQKdmuZbh1lGlarcb2os3U6gkZzS0SUiFJVImDyOE6t62SUScilkhElitzcFKEoZbk+wur6TlFKCaenNoH6vlY3p1WKJCcIg3FOrdRCRrNBtYYIZ1PpomQIRZnWa4uudirGpI1Jog1D20StQcq4qLWWdkkR2C5R6CQliXEbp9r1UepEywnLLae0Gd31JclcW6IoQkw5kYoSKpHphkhFB2AyFHVejQFnpo2tkEMyNhFF0dwyMyWQKMVja9NYZgUyHZEe2yQSSCMDGlsLiNYASoRCUQgzpVDN1oycKiGCMAGClomxS1RHplNpZMmldJGpUsKOUDiMcZsyKzg8TUVIUVCCKGhqIxNINooQkiTszJYSRTlN49iaSpE9TmNXu772bRrTlpME27RMWXLLhD6iRMGeskWEcZKapL7WZsM4DrXrul5SkSLHcVwv68aWQaWAEEGoFE0NZIvEYUqNEm6Z2QISi3BE5CQV2c0Go+hqTFPDLbFtp2utlmnYCZpwAeNpGi0rpZAk19IpprSzCTCZaZBQKBBBIzMznVJVhJxOFLaiczQm2y2zllKqpmksUUop0zSlMlSqSmLkUCjdz/qWmdOYLY1CwmlIcmoZESmUNE1GaqlwEIowzaNNODJcmifbU2sRkQ4y0xN2iSrADhVIsAFaWrZpQE4tIwJZKi0nW6WrNUllM0TI2WwJEbS0bQtnaxHFgCQBIZOCEpFOkoiCFI6RKaKUUiIYxnSjr4rSk2SmCIrkmDzlkBFE10mSmdrU0iFAoSIjCdlpYzlRSEWSbQhQZqtCJVTCZmpjDSy3cYwIQlObQEURImrQnKUVVQdpSq01NFhO2y3BUxLqLKTEoZyUgq50UarIRtZaneCsEeN6Neu6T/nsz+762ad8xqefu+/syZOn0jllQlG6FCXONCIcCCwFSEB6grAlkDBKpzNpIQolPaVNYMC2hO2xtVBka5lZItJtmrJWELIyHaKExilrFBe1abIA3FxCFli11giNU+ImOSSrqIQtC4wASoRsIiISB5hSS05pGSMnEDhtnDaSFMHQTCjUDNL25sZ83p09d+kxj37xv/3rv3zwwx85rQ/2L+3WWVeiFplS2jhOHtswtSkXW7W1JEejqKWNbZrGrutrjWa11kq20lXs5arlNJWuCwunHc05TZNElLApaBwn7Nl8btklsLBkJ045TEjpyQ0hyDZNjexLV0LjZONMghSFKNkmSCCNm6KEW4IICTc3stbqpiwoam+31XLdcui6vpaSoZzSSbqViAzaOJXaz7oY20QIudSorbbMzBS0bIQ0tbSBcVwHpXZdjdLcEtKOUK1despGLZIl0dLJRE5YqERRV2o/m3XOaZrcUs3IyECaGglBI3HQUFhGYLCcWbouokxtalNTRJQwERHgWkojnamgiwqMbcp0V2upygxyCiELG0JumVMJtRZYjsAosOWwUwhAyJmUkKKGnG1KU2SJErLJgKgRiq5UJK/GdU6ZEOmQ5ouNiHBroSioKamF0DgNtXTZShRCIqKNU4INcikkxWRmCndd7bp+mkZnUrqASVM4kbLZ2aapOdMgota+tWlyFqKWGMep0cJKK5QRkW5tygwi7VRLRyRhD9nXzpBJyxQKxazrRg+ZqiLHaWrZ3ISSGIfR6a7rVZTpbK3WSMw0KWI2nznTSSiQLQU1MzFBZstaAmJKGvRRahfDuqFEyikTIqJKdkQIcGZQiMjmzMlWrZ2m1txqdGkCutmMqU2ZkIapGblGlEprNLeq0nV1nGxnZkunTbY2rMZa+1KytUTRlZI5DeuphqoiUKyXR7PFxmY/Wy+Xy/Wyr7Ounw3T5Mjqarm1qURRFLWp62d9X7O5tZzN6jTJ0PddKWGrlhjGqa8qUbKFjUp0JcY2RimlOjMtFDGuxnEYVKi1q+rSxqCcBtt2ZJbiyGxOHEEttSlzbEOjKmrBDmdS6aKHGKdmgiJPk1DaztZcprGROTZHia5WqdjNqXE9ZbRZX0t0pXRTTtlaUZEooak1p/pSyGzhUgqBk4rKrDI242GahHE5Wh1uLhYzytpWxFwFysQkTZl4okZxyES6FUdTy8yudLKSqbhPUUoBOZuiRpjQNE4tstYqSUhOpK52tHXWMG5tUpRxHOeLuds0uTmQJEFGOrNlCMLIIShFwhARmigREcVtylSUQhICqTkVAdhNCpQ5pqDWmmPzlOqKSmtJVaGouLTWTEqlmJZT6WqJkk4cyMaZTRSQbIUipKwo082TQyQgS8WZxpZskchSCGGULmistaDo+t5qOTUnKGqJGl1zwyBV1Io0YdNaRoRNyzSaxmaw5DbNFn0629rUiFJyMiUilFNL1HJ0EhG1FKCNE8qoNSJCXdo5pa1xmgLs7LrOllA60zlNA2YqBbvvuxKBmJVZiWIzDVMKUbK1iDAkGUTpOylKqDWmbM6UsrVcLwfbvbsgwsXGrUUtHkzxrO9LUGqRbBsc0JzOphJWKGjTFCBJJhPMmK1GITRNUxEUYyJFGNymjBK2sbAjQhAZkzJNOLFamyKiRpjImkXClCjCNaJ0nUqMq6G1lLKUElHBSStES5USONNgECFwOiClzJZNoUzb1JABkEEACocK2MKEaCCkWa0KrcdJITXsaUqHkAKJEJkYJEfmlFiiFZXEckimyHbLVLglIRCK8KRaQSWzOZGqZLfWPJWopcqZUhESslQUqiIjc7QxllOSAjcTjgwC7EAIbKehI4qTaUp7aJldnUk2DoUkUDY7p0klJ3XR0iHLNFARkaEa2JE0UNCmKUKZDhFR7OZMKHZKQYRTKHOCEkgZmekqgbJNmFKLEdkmU6xiO5MUVePUOhVXlVKasmWrCsEwpd3Ww1QipCAQIsBO29ky1ZWSZhrW6Sy19mU+rJYZ6sU0tvW5c9unTn78p3zqMC4/87M//8LFC6dPnqYCpJDUxglAISyFS5BGUZyJJiVGMhmOlCRZcrbGZIQMmS4lAjkMItK2KaWUWqdxslpLSgSQdstJEoaAiSBKCYvWMnMqtUZIJWyKcAQQCoOkZgNIOG2QcLbJDkhappRBZBCKTCtEhkinVQhFOksnSUrJ8nrMrutmi8356mB5+OjHPOpnfvon3uBN3mrrRDm8eCEWAX0bR7fsSk9VkBK1xjiqlICIyIg+ojQ7W6oWT+lMgdNE1NqV2mU2SiprnclTsx0oSuns9TiN44CiBiphaM1CkMa2+66HKCXUxuXhYS29qsF9KbPt7ZaNRHZEVJdpGhP1pWZJ2+lWooRCKp0iSWBaT2uxUKA8Wi2nYdze6bogSiFopHB0VQ3LQMPDlLSWWbra9V01tGlqmbai5WoY7exn81m3CJNQanWoojQ5DYJsajnVWm0JhQweplZq7TplC6zWWpq005mFkk4jaG6V2kUkzlRDAQFjpsAiUMtsaUVpOZZWalQVOTNbgkvEhKeWailhOyQRLVsmhIoqKDOdDRQUKWtEhKRAzpaW3bATjO2UIgCsTIQcTBNREisU1oRIN2dzs9PZ3HV94PWwzlLns1m6TVMSKl2nlouNfr0ex7HZESXamJNb7RdA2iE15zSlIpCB2lVntGyZRCmZLVsKq9aQFrUf1qs2TSGBs2Wt0fd92ranbJMnUKUiIUkwYVyjK104nU2raT0Na3W1L/3UMnPoaldrF0VtailBQyXbeLhuUbSYzSwjlVrARTKytB4G3ErUvhYUKRO0zKCgFi6WJKkEUNVFiPTmfGZiGlst1c6EqIzjgLMRtUY2K8hUhCSHMqKSqKPrurZuCfY0tlZrH7WUFqZhpScRDg1jA6KUUmtmq6X2tUPOli407DYlkgqizkLEcNScE9FFEIv5fGOxmdPUppzs9XpFkGm7dOqNl0dHB/v7k6foS4T6rpbSZ9Kabfraz2azrpZSa5vGaRg8tsw2DWN6ynHMhtA4jdM4mhydmRkqjYxS+q6rJVqm7QjSObapZWvZMpsyo0ZXu4g64bYaMx3ZpmkEInCYRCEhyPlsVks/Ztr0fa9S2jRhuq7ruz6kljm1cWqufTdfzGZ9j4szM9s0jkGEAlFL7WpXS6A0qrXWqJktiFr74ph1fVdqDkO2FoGscRiHTKYxp4kiu01tqqWLKHZObaCo60ottZHZ2vbmzubGFqiNbWpTFSWqhA3ZgHE1DsM4TS3HbM1C1MipDdMAhRIkoQAyBUbFbSqqNUpK4ziM0yjJChzZWmY6W0uAWqLWHtRyGqe0CVBEa7Q0zbWUxNM4TmMDt9aksI3UnG4pRxESpAnVWksUAXKNCDvdEls4cxwHJpMtc0o7bYPJZmNJ6UwrSxQhu3lyKBROmiWwM43Jhsk2gie3aZpKqUVFQEZrLZ0tm1RCqgpjG4zdgNZyaqOdmLDSbbUenah2IQ3jNLRhGtvUJofbOAmFlC0dMU0eWxokhQTpnJpNpKK0bIqKwsqJcZpaZpbaZVpRSikRNZttRVSsYbWeWqs1ooQDFQUSEKqqdg7j0NoYUIucJZNQ9LNZF11E1K7WvnPmOLSIaCinhpxTymo2kMY5kQ4D0JqEzDSO4zTZkzNLRILlAANJmqQBzTm1qY2jKLOulhKWE8ZsTheJiFprdAWLEsISRhLpNjknT4QkqKo1cDTbbZraBDIqhUIY11oVIQnjJJvdmkmT0zC2NgWBYmwNUUvFCEsCT21qLcdhmc3NmfbYxnFoxQopShAlJCmcbkathRQRJtuYECkrZIQcgaIrlgzOQCUoUcEtbZoxFggZoebEUUIlSlSpYNuWjZlyGsZhHIdmlBaUrutqZ8dEkiCEmwFhAAO2JkNGUaq6YWyn7bSn1qY2SOr62ayUgsYxp2E9jcs2Tm1q0zQ6IaJ0dcoc12MmUWpEB2R6HIZ0pnBrpilkaxjWw3qIrpQQzlqiiy5bm8axTS2dOSWmmb5UKVs2rNamls0Yla7vAoU062t0JQMFJQqSRXSBbXka25Qts02TIQ0RVq0ogGRECrQaJ2jRlf1z50uOn/5Zn/O5n/3Zks5fOJvOKAWbTKmUrhOB05npJsnONNmIVICkCFXVWkqbpszENDmIUqtUnC2QQ5JC1AgV1YhSOwWh0kVRhKJAs7FJ59imzLQcpXalBIgwVlGbWmbLFHZYRhI4lekkM22FZOx0SzwmBrtNk+SIsBNEGpsIIFsTaTcTas42TW0Ym8c2Zk4bW1vzfjY03uQt3u7nf+pHS98fO31yGts0rWwTrrUrUUpfqwqZUWopXSnRzWalFgBTStSICAmaNev7vusNCvpS2uSgdaXaaRO1ANGphoBaAhVnZiKIEl1Um6mlLEObRqVm/aLrOySbll6uVm6t4ZaZbYyiUivZxpyKKCEp7EAACaVUFFHC2YZxcGPW1cV8XmuHPK5XU7ZsGaVWFbCqiuwkMmtXhVbDsB7G1qZEEdHGhoUYpxahiEhZJQS0RA6w1VorRSGtx2nMySZKkSKiSkVEqEYpAVKCTZApVCRDUSClhcJYtpwt05mtpYxL2J7amNOUSXM6wGrNaSdKU0pXiiRaa5GEws42tTaNkpGnacrWiIiIzDZOzaTdIJUWDoQklODE2FYJlSJsFLOu9rMuiiIsFamARUQEyKEIKZQq66mRaacT2wUkSlFQulkvMY0j6XSiEth2piUHak5bJSIkpdLTNKztxG5tSmeUIrCb5NmsKyXSXq/WbZymqbVM25nN6a70QTgslK21NoakdBunYRxQzOcRCqNaIrO1Nrbmlm2YVqv1ehgnMhPSLl3X1SCdSFGkSGdIUYJsbcyQpSg1prENbYKKIk3SQgGeprYeR7dMkGhpFVTq2IZhGIC0WhuNSu1DoaRNmdmcabXl0eFquULRd72jTNNkIslszSYnj8t1awkmaa2lE2jOlhlSN+smclqvPHrMcb1eT1NLXEqUWgPc0pgkm1smdColxmxI3aw3Wk/r2pWNjU2nW7a+Ky65Wg/jNG1ubnbSejms1kspANulSJAYcbQ6XB0tV8Oq5RTytFqP09rN/WxWupqhUMVSqOtKrXXKKdvU9yVUxnEapmEYpykJRS3R1QqQpGnDGBARamPaCne1m89npeslRRScbZyAWithskVE13ellEIpURUxtZzcgBynNkytTdkSuarUqqmN4ziSRVEaJpEgiJCbIWWam6wImttytWxugqhVVsjbO5td3yukGqVWWxnuamlTQy5Ro3RKWmtcJjudq3EdoVnXRZRMpVubpkyX2uEcp0EyZmpj5mSZBGjjaLdwIJXa9V2VnEO2aXBisjmxa62FQCZQKKJg48QAbWq2bdtWgDxNU5sGp5RE1NLVGrKRiBpRIjOnYcxsgsRgKSa7ZUaU0vW1lMTYzdmSqVmZTqwATSRSIhQyNkURkgTIBkuOJFtCcQnVKG1ykUARtaudpYAmAI+tSM4GSExtHIe1m4OY2jTkZChE6YSMopYQFKnUvpaIWkDTepjGVWZOzQFFxTmhaGMbphHR9bXWEtjRDNF1AWmnTQgUKiH1/aKfdyjCikQlIqIoopZOgMgmsk3jNI7jNLbM2tdQzbG1qeVkh7quCwkyp2xjChQQ0dqE6fra9zVKkeTJuClKFxARmWNO49imnCa7KABJNJrUbNwmjMIqYDtbQwGhQMJRi1AmtgGbolq7qgjIbJ5aykhSyEIKOTKbWqanTDfAcrYpnWObxnTLYVgP63W2JEqUKIpENradLRuWsjG1QaCQjcMKJBE1VIwIUZBUkO3mRDTbzmwTmQ7S2bKJiIhMm4YkUWvUUiJKqKqoBFE6IkhlSkIQgBSASeM2IWwRbs1WaWk7qqLW4oZlIFs2stmYTEg3NwW2Q5JKZrMtKQrVdsFIYBs3LBKHiVqL0gmk3bKRaSWWoC/RzbsoRaUqArdpHMappSenmx3OUlW7TrWWWmopUbt0TuOY2WzXPgLRJtOkcJumcXBaZsrmliVwEF2tfTe1lAnjliUAVFW7LiKwM7NACowdIUpEZpImkvSUU05TJjm2aT3kmGmcGQqnFSWQS4BJK6KLisIIZ1HtSidKV2uSBdkpZ0YcHuwBn/FZn/WFn/d5aXbPX8jMKduIo4QssFVsRBCy04ZAQhGybFMUEVJp06SgRIBDlpRWQ24tpykhkSDtaRxsSoSlzEQtSgGBg2JbIkJTjmM2JIdJORGBpACKJWMbo1JqKRGhkERA2gkNy1iy5WmyjZCQwVKgiMjmRE6hiBI2UkQVmWNrU8vNzc2t7S2K3uYd3vWnf+zHpPn2zvawOlytlh5DppQyjuPoTOi7rtbOibPJxikFlqdMe2ittanUUruOzGmYhqmFnSgznSqlYIZpdNaoVYpMiwyphiW3aRqnASB9tFodHR0eHh62HPu+LyVKdHYOw2pYr1q6ltpARGtW0M9mtVQHigqIdDptnG2cTPZ97ftaa6m1bGxszuezkB1B7WuJWqvTLSclBVnI1Fnf1QrYTTIOYQVlFq1lX/vtre2iyDYFdmtja6FwOj1FgCFi1s9KCdlgmSil1FpqEVggD2Nzc2TgNGRhcgJ2ZtKmMVsziiAl2yVKRBASgEsUo0IEISKztZwUUaRM59SEIqKWYmEbECFEKo2dCnWlRolMRxRho7THls0KJCNRpIhQKALbmUkJ7Kpuc2tTCpna1VICO9O2LZWofa0C57To+1LrOI7jOAlNLZ1GaiSpxXzR9zOH+q4rUdrUCNdCqX3UohTYClKpbKMVXa2lRKld7ftZrcX2OLbmRsSYLTPrrPbzmYxMLUVYIUWEYpqytTaMwzQ0RYnSqYTNNI3r9WjnfD6rEa1N2HYD5+SjwyXZIkKEpKKYLeaSVsuDaRiRS6h0pRKohCil9rNe0jANOYzphtV3EciTFBFyOlUiapVKV4obwzCEClGncbIzQnJKmjwN48pureXUkubWUlHS2bIVLGsax1CJoNSu9p1qJSKwm01WdaVElbqoiiKHh2aVzGkaM+2QULiRmYro+iqzXmVOY9fV+cZMKhVoOUxT1q4bDgfS21s7QxuLZOc4NbcxW5vN5rXE/sHhcrmMvtucbVCC1pxktnEakUr1vOsRoTpOreU0tqnXXGGNrjUiioo8mUJrntUuoozT1NzCETWCkKhBIyVUJOrosSlqMJqiKFHWw5qpzCXkkFTqME1k62pkykYhY6clYU/jkOlZV1Vq9JXWxmzTOJksNYtL1/UtE1LCgNTS2ZAg7MluDSJKRIlhHIfVKKmrfVdLS6OQVEqQmc2lhqBSKQw5kS5VtkGZThwlxmFsyzWiLzVqhyJpQonCzVZOre+6UqqlzCxCCmeWUjKmNrWoWKTbsJym1tyDrRAQhFsrtVIVUmMKdd0MlUgHGJiytbE5qOqapyg9ObkpwlEEkZOBUkpmklLIU0MqKgSgiGJSLSPCOSFbRShpLd1Xp2VJpCJwuGA3m1o0jK1CdkVNltuYFmo0mhGRoQ6cmZJNRSJbCgUIpZBK34VyXA82/azLbE5jCDvtya2ndAW7RQJ2pi2ICEpEqGYpEXYXocypma52CuWUEWUWBdTSUQJpRhRNfdR0ekpFlKpsxpRKSNlay6yKKFWQmVO6qyUhSacBTKQtuq44yWlKLCvdNNolnZkhFCUwplFqqYXmSZS0OzHB1IZw7YpqnU/TOExDUVDU0hHONNBa1p7aZJyTVCQBGRGZVlgRTrfMMEjGAMaoRs2cbJUuoIzDOGWLKFFsE1Y6086WOBUC2yYlrCjqKAiFEuNC4hSUGmNrkUIqUVtriSOkDEJpS1aKEBHKphKRgS1sKYrc1CZHoUgQhKvCKi3BVthSjc6ZLRu2COOIEE2hzAYR2AWPCZSCKTLTlBIKN4nJUgCKtB0qksdsYU1tVFOEMh0TASphbIzV2mQhu0glSliUUIbVnIDbOA6JIgNRkAMsFCpARAROmpDCtjMJVWemW3NOJkoNaRwTXKKqRsGZDoMiSFslShEhHEQUiUYwuRRNcq1VJdwyImrXRZQu1PV1tV5Ow8TGvKqT3FpLrJSKQkWApMAmjexSCyKzldLb0zCOLVsbG9NUStgQGVaVbJNCIAm3MWuJkGyKnA6BSktC6QhKk1HUYmcXUYK9s/dsHz/5SZ/6KdHzSZ/4GefPnz1+7Pg0ZakFZCxjERgbqzFFRkQJqUUaZ2sRddZ34zS2Zok0IbCUKTFllLCQZKx0Zro5Q4oiACtUVJlaUxgLE1FbTi2bFAVZ6UwUYTmQnElRzGb9OE6tNTeXKElKChdVj1OjYruZAqUqW6YsJAmbiMyGEESNIlApHZkNJEobJ3DpF7N+Vl13D3bf/h3f5fu/9/Bd3u39tk9cc/HCPdR5k5GQxvW673rDNIzDNLi12s0U0CYHJYoz3RxSay6VKKW1BpRSVYqcs/nMsjNzSqIFjM6iSEcpkkrgNi6jK6UUaUFrlgE7WzaJ9JQta511XV9KEQRKkrSbVGIch4JKVSlFAiBR1KmNjONEDRXICYcptbRmufVRiEBOq7XJthOFUk0uqZQ063sj2yVCpUQrjYZUZEPLTCmdpCnh5paOrghsT3JXusnZ2oSRKEHLCRSlODXmWKyudLIcqSQUAFZXNKjILo40qexKTSjIYpjWLrWWKLVmy3QLTy1TSKEggtHNOTWKIkItUxZWUbhICqS+ykLG7mpRKBMsBSZlKNEaskupSSsK22mEnZnZxtXhNI1tmqQAy0YqtQgpM3AqcprIrH0P4CghCm0YhylL6UpkrdUEchBO0g23UFAKIlsbxzHIvi+pUHMoiWgthUoNWbaj1j5CITLUVPoSlCiltTXgJNS1liUmShSHnX3XB8psDlfCUqLMtlqu5/PFOE6tZa21RGB1nTJ71Zgy5WzNU3PpqkrkWuM4RaGWDtyEpKilEJiW7rou05lJRFGByZFQUO06I6vlZJeQjNO1RilYKZVxGKfWau1EFEVEqAi7Ta3vu1qiteY0dulq19doSlJtqn1PZjY3rFrUnLQavRRZ0pOzNWp0zSP0Ki4liNW01uQxs4voF70kaEZd16c1TutaRBtzmqauVGoptSJJOlquSyhKqX0ftVuPQ2tlvliIwMo2hUhFGsKlUOvMGFOigGezOgxEDZozm2UhTGuWXKLr1TILopv1s6xT2rZE5pRIUbpSXALT9V1OkyVCpXSSasmhTcM49bW0qdWulq6kijNbyygReHm0QtHPek+ZRkKlqCibKYRKgSkRMa6H0lVMV6szU7azRqlFBlzpybFNOc7KLN1qrWUzFEWF1gJP0zTlONZZl2YaR0WFKpx2CIfStl1KUdpubWyl1FDWWjLJMNlCIGrIhJ2JQ6FaOkXixJ5y8lRdFCWnxJQSAS0IokSIQAaCGKc2jZNDEVUqTpeogVwoEiDCHkrMJEVGm9aFoMCUEBMTkNmKioSFMhWx6Lv5fLE+XA1tbDkaRZggW4xtCqaIKCpWpqk1pmbsQLWUyS3TgSJCEXYyRspkRghnCkVIcnNmIk/ZSumcKYEd0+RMiwbCkBEhUNHUMqSYdznlNE1EKSUymZjAoZCMkZzNzjEnuysRoSSdDVf1zqE1165PBjU7sBOTDmglahed3bK5ZRbhFoZpmhSKajJDstxaRgS2SFFUYzwchmma9zOUzdO8m2cyxWSroDIrRTTL2cYpa41SNTXRXKsEFGkqUSOzjcqIKKEo4czmYqlEqaXrJLfEimKElVJRFenmBIVkYyMF2CYURKaRjaJUlOG0ItuYRPQqEcU1WWfgLjp5TNuJUKmRDakUhZUqkkpOU1ABpxumZZqiFDRHWOmWqVKi1JLJrK9pppw0ASKAbFMThExEThkSJHYtNcLpBGE3XFUi0yRRIJnSESJKSSfpFAA2GIwCG9tdX7GEA9nGTSIiDHQ1MxUFO6BEpKecbOxUo4XVd50Utj2lQhgzSaWG0um0lVPLQkUFVIusoDXIQiFksNPZFIoUwsKKiCJqSyFEIlo2NbV0iVI7Od2aa42oNaRsLfAE2VrDRVAUBChKseWcJBFOu48+w+FwRMUKTeNEFCn6Og+NXXQhTTnhAANkcxQL2RigTaPE1AhkZJrsllNRjV4tHRFVleJhPUYpNUq6KWWlEIGDqppKY9vGhdrapFI9WQLFNDVFieJhWM82tvb2drd3jn3Cx3/qxmzxUR/9CRcuXrzumjPDOCVTLT20lplJKWFPkUoaGFXsNrbShXOaMmU3N6l0EWCck8cSXamIApkTCCFC1eFEkg12yxaJjGVspOZGOlQiZCyTmMSRIuSAhsl0pklHKJudjRDCRMghpkbByM1Gtg1gIsKZgghJEc5xnBSWQ44kLaJEUZ3Gddd3Ma9n5qfOnjv/Hu/9/pf2Dj7owz7y9LW3rA8PqhgjSqlgSozDAC4Stao4iAxVSYrSdRGZtkOYLorT6Zat1SIiWjMtS4nZfNamEUWaLooiAElSq31v280huSuzWjBTNqchchpDQYQEkGS2FAnFajlObs4qYRIVZRqrhEko0YUylekSRAgXl+YknXK42eFQTLQ0NVQUadNs2c2lK7gAzpQAtXRE2FKRkCBbWhhKKaVEy5bpYlwj19PUmpUdvZ2BopScHKX0tSslJJT2ZHojgEw3Cxtjgyy7AW6TIjIiKpmUrq+llZgGD1MW0zKLrSKSKEURnqampESNSBROQ3NWQoA9TZmZXSm2sA1OBWFoibCKkJUY7EQiVFCtdZim9TiUKK21YRxaa9gWEjZCZMuWKGkNuag4rERBtEhPs5ibWI2rHHM+n0cJj5MJRSgYhxG7m82zTdkUIQvXWoyLneSUDmN3pSNKKu2MroQqTrvV2lmSpBo5tjRhNzdF1BJY0zRaUgkpwp6m7LqS5DCOWBuLatWprafmCGw5J5VKS9OKVPp+1s2SHIbBUh91uRpaa/2sShrtwCaCVmqUoja21jJqTJnNWUvIMbUJ0tSmKAXCbWwqshtE3xeBS1isx2kxXwSZzbNZ73RikJzZWouxtVSomZwGbGcSpSsydRxW05SBVcLpqLWWLhORDoU0pt0oUeZ9NdgutctS0lPL1saEVh3FSdcXw6x0JXA6J9daapSpDdFUZzXTFJOus06pJIS7vhPOFKqZk+1SarrZU2vKHMUsPeU0WoroHZT0kM2mlDpNK6e6WlQLJNYwjRC1i0BZlFNToYuyHodJtYs6tYYciqIS0FojNE3NSnswggwHaZvaRUSJGlMzGqdprNFLalOWvtToNY2ZTRGkShUgRThdStrhUEhyphUKcGa2tDNKgVBEOBvRwbpE2iJqLThK0ZhM4xClBJHO2by3EYnU1TK1JNycJQppFKVEy6xR0mkrakfabWoqpRShDMI1LefkbKJgrcYh0Hw2T7dmh0SqkVHCmdN6oG+ZNp7Gab51DFiPEyChCJzpcCoxmAwRjqjQstUoTghEGxu1lDbl0cGhbRW60tuMOSrddaVOMWmSAqyGpGEYMVE0piNCqJRq07J1UVq25hYKK0g3O4hQ6Wu3Zsic3CiYTIVJqag4kJwU0zKZRrvr5hvO1rJFFEmElNXZmqKoZGvrYdpYzMdhTHI+m2dpTsiWrZWITKfttDyM04AHaR4KNE1jdn2FkjmVWksJGyNncy1F0WjZcOY0ptG8m4/TOE2thNIGg4Y2VaublTqrNaphGodhGFS6UmqEsjUpQOlRdj/rIgIcRRCEWk6YWioCFWfLJAI7WrNyQEGpdmsoaoaUFExQAex0MxkucmaGisDTOJZaDbKiyC1lewpVITKJEtlsyyYE0DKnHBXy1CwJiFpIk2RTKQJAtUzjhJADtZYmZFsS2Ua3QECCsOyxtQg50y0JqTlLURAKEU5CBDKespETCme6FEwITLMUtbVWJLpCs9VyMkKhEiUzASxFWGDSGS0kTy0jQBSFYRonqqpKF2WakmJJpjlVqrBKeJyyRJUKNlIGYRlsYDIdMOGgICWQDRJCYFy6wGGZdDZLsrEkU0KKsGltHWVOupQi0Sii1aIopZYyeqxdBJHT1GxMUYQCPLQhqrroWnObxsSFiIjMLLUUqeFQKmBsR+t1P+uLoiBFSRthJSqtuU1Dus1mi9bsaai1JF4tx66rs1lvyJZDjrWEkFVqhIgkZ51qxNDa+mg9m81LjdZcoqgop6ER2NnaVBREywSkiAiyZiozE5dQ19VsdmtSuI1VLA8ubWz5gz74o+qs/7AP+oiz9509dvqEpnQ6W1PnZpUcoCSZiWQrsaNEIGSF5BIm2ziqFCFQKWn6WqSYJpKWrdUopXSQbokIoQih1pqwVKwJBaRFyEFJpTEKk0IlhCUi7fV6rVJUww27USOxUGtNOFUUGRHpxECEHHLayDbZkitsgwgKBckVJdbYplK6lkYO68TJExcvXPyIj/zow4PlJ3ziJ843t6fhiMy+nwHjuCpRVbqCJzdPSShIIyDTNiUCe8LF4FZL13Jq2Tpht1A45JZATlmKSA/TSqb2vSCNm62MCKxpTIK0mlqxalcycVqhaRqgdl1kMkxTiCghyDRqVrhZEVhTa1FkaK2lk6iWDBJdKbhM0zqbDTVFKaUQahGCaNMoqZSSbjll7YqzDcNUSylFYUXUlq2gZgcluhjHqQS1RJTitBQRtJZCtZYStSgmY7dxGCRymFKYkKwoUUoouloBRY7jOk1XuygRuFk5JRGKyJakrchsy9UUNZCUjlL7GpkemXJqYKLJgKOUwIRtlV5htTbRrCJSUUprbhq7KIJmgwlAoNpVTzSa5KJAZGaUYrsvfWqMUlWaUAsAUk0psrnl5NIXUTMth2XQNE6l72pVZmu4tbXHVoSUNoqa06AUkp2yuhItSpsaliSFiRCBUiG3RuKwIVuzqVGiOLOAbTunpizuiNKmwUGo2G5p2a21KKWWrrWGM7p+Nps14ykJja3ZE4RJMlWi1k7QzbvMzk7jIhXVriTSOE0Kz2qniAS1HIZW+0LENDYcglJUapdTIyhStqmWEtEBrQ1SLShLETZ0NYLikMY2tIanbG2cxmEa+/lMaKMrKCbasB7HYYwasiQ1ky1ll1CU6JTUrrVWomZmtimiZJvSRsrWihTNplG7EBbTOKEmUVwk+r4bJ1eZxcYi3Ty6eRpbuhQsUiNtXA/RdR2Rzo7iUBun0kW1p5ZSpnMap8R930V0pKecIkpEG1bj2HJrsSkiIgg7PaXd0iHJWC0nmh0IZZvaOPZ9V10R2XKc1jEFXXGUkLOlbEXtai21GZOoBIjMyS2niRKSFHR9X7qSmSrUXuuVVZVpoVIKTc1tMqHoanHgtDEe5TCQ2ZROStSIYrs1CHJypnGzEipkKCxqFEMhXISxs6io60pUy9PQsCRSLSeiK0WhVCllGNeIErTJY5syytimElFLF50MNqkkjYkiARFZ5xLGmBIlinJoIkhjkGQpatcHZImwws3CTmrXrccRnFAjnEauISdySxGZRBQVSQQgSBULpswIlRpyRCnYETMyp5YtJylKBAHFSF1XW/NsMQupjZNhmppIK2QMUloinVJklC6SXI0rSUhFQhjckpQiLMsiqBGiqlSXcGabWrYpI1CUQgk1C8ic0tl1xTiVXXS2p/UE7voOhZFq0eQQtnGmItNdCddSwFi2RJsazSrCGEdE2k6XqtaiRkSxSeQIIQVJREt7aulSSyGYxhFF1K5NKbcSPXI2RTGBGmlqLdg5tVprRLSWLXFaBXKSKsSUU9qRtGmMru+qNNKQ22QKTtkAspwosDGqwsWelCWkiCIhOwUtI0IKbDeasytFRcaZbWpToFlfx8w2ZulKlGgJ2NMkKQiTZMu0opYSLpmWAlEQEUytRak2OU4qtdaiCCdTDsrs+1mUGIaRVJSinKpqCpJS1VpJJ0S4KLLWvrUGzoIIJKbWMi1apkgpQFYLApNpnClLJcfm6iAiKuSUiHRK0hStNpWuQDRIW52wMM50uCrSRIkgAlqmnAnKRimK0CBFlBLZ0ihCDYGQQ+FGZkMZUXEqMaFige3MBmSzSamLWpK0k8mlKzUiZQijbFaiGulwjlNrCaWUMFGiix7T0m0a082QzqpisiWJQiEV2aM0ny+yTRPNdoEIiwClHaVIIUrUaK15zJYVspvVUEBAUmKm3sLYckit5TCuF/1s8hQoakQVWKRdJBwlEkpRqKXJVMEZJZR22m7psE160lScLU3titsEDmK1XC629QEf8KFd6T74Az7owrmL28e2e48jI6P60qUkh0LhSQ4pppwKAjlprUWETKgkuJlAhETaZIZIRSlWFGezDVImSA6TwopCNmVQJEtRyGyasilkkUKARa21EuO4HsdWAlxMQ4HTJp3YxuFQOAkhREjTNEGkbZIEC1LQhIQdBRRFbcrEZDjtFq6NTDUVnTp1/Pz53U/85E8Z2+pTPuWzo1+05V4UFWVfSlpq00iKLooSBwU8rtelBgoZohSaTUQxdrq1TLkUIZyWKaW6qk1pCAWBwJY9olKiREROOTEFoQgGq6O1BBHCDGPLNpayoYhajZEUBYFEqOQ0kRZIjtq7TY0WpatBy2yWaWoCsmXKTtuE5uAIgRSWSDc3R0hJGlst6TpFlHQKlxpOGJvCQNcXMiWN4zA116BlRi1RItsEpFBA09Syr8VV1YoCqq2t3TDpKYFQGNESWto2TqcpOAzSFKHAid3cXFQoRdi2JJvadc2plLGikKxbE+pmkWmZokjZzZPHaGHAtGy4qDgRLSMwuKGgqLilAWNiTIcIJ0SbWilShCWgFIWKs4Gr7GkaTaAmRRNy4tKaape2WrMjSpRSsNLDODrIS3t7/WyxmM/TmWRE0AkkEJItSV2MQ8uWklomRUghgTKbMHJzopJTRpdFUqlSJKkkSpWbpsBpmKaWuC8Vqzi7WW+cU5umqdau62oz2OCxTZElpGEawZPCzaWWGrTWQBExTi0kQVSiRKhktpYZQqW0NDlZkaK1lrhXF7VUdW2amqOW6iQ9pDW2dQiD5K6fq6iNBrdxqqWMLYbpqESQmXKnggpkkUoUj5nZ1usWqsYlZkQKhzshiWlKiYhM12Sqlscxa7RkHIdaSi3Voo1T6TsgbEJy8zCO4zh6cmuTqmazPsTkDFtJKdGmhtXP+iAotc660nVdF7XvulJDEUXZpnFay1NRXSwWRbFery2wMQ2bFrWUiGEcTEZERBQJhFxrH1GmbGOOraWSqWVrnvVFiigRXYdbOlUK1kSTE9sgqXa1qjSwA8COgIRkvpjP530It2lsDcl2yFGKQzRMYuxIZ7pNzpxam6bMYcoxs5WQKCWqHCpRagkbky3Tqa5zesyW2KGppZ0ShNWsCBVAckSJqkAlJESUSNSap2lSlK7UrnQRAR6nyTYih5ycwzRla7ithzaOA0mhzOazWqtbOlRKiVKQJAjJlBpEEOpL9H2XThNuCRgX1KaW2aIWETJpIJuzZSa2bDG1sbU0JA6pECVCYlqP09QycUghhRpt0pSgUNTSEpzZ0o0x29SmzJymJDOFkpZgNjY3tjc2o4tpykyUbmOTZdnGdmvpsFCAiki1TJGtiak5JzuR3BpubnaolJqexmnAqrXi7Mu8n/VKjzmt16vJxjZkm9o0hdR1s83t7c35Qm7NTcjkMKyncTBM47hcLVtLQ8PZchiHJEFkBuREpkuUKNHaNE2GsLHUnEnm1KYp7QxJQlEwTktTtsm2Q1FVpGnMqTVFSLYznYRs50Q2K6m11NIBLbOUWlTtVktQC1aSgYHW3OzWkkBFaZIkKDUShJxOBE4rbWdagXFzy5ZJFzUo09SGYbTpihwWuGE7baC5JQ1kIwm3zGZjTzZIyNihEFJRjRKl2HJmy5aTEwRqRiUUtdRSeiSkKAWDTVFRKNTPF5tbGyGlrebMllMDGyKqFCAMiSh910coM1siZJtSAkUIWUQpESpCVjB5IkMqJULOljgkpahlhjVOmTjToZKSM9NWhCQbNzc1STghjIzBwhEKRZImpZLNU2uWnS0kIgQIQxSJwAi62tVSHGQ6FFLgdPPUmglQtqllK7XWCLdpas1tqqFaCzk1N0XU2pVSnBYlUDqzTdM0ZWYNRVBq6fq+dp2KSimh2jJbJnYtpXZ9VQ2JkJRRSiGEEOlkSnVFiMTNTmH62llME2PLrnQCGwvCLRstjRWAikSoqnS1ZLrZyCqKUgWrYTW1wQUkQ5310fUqmqZpf/eS2/K93+/9f+Hnfjoi9i/tZ2iuTlY6cYAsaq0EiYUSESVKQU43gqihwJIjAgGteRzHqU3hjOiKSiia3XIaWzqd2TLTlrCl0gVgZDcUIkoA4EhFEEplm1qbsEstMpnNJqRQZCZOA4p0OlGmbZBbs20pImQlVqAooCIhSy4lMqdxauBQWAWFOvoaJKGo3cbJEyeFPu3TPufTP/UTsbZPnERkEHWWokFIRQlKG1kYmYZS6czWSlTZFmGVUqXINChCMkkDkYY0rlGKKjC1MZsVdmabJhVK1MTTMBhMilCIwEV91/WzDgHqSldqV6KqlBIFaJ4cUnGW1mAc11NroRAendPUWo7ZEpyejOSoKomyDYmdQZpUUZQoIQGqEcJOgdE4Duv1MAxrJziiBHjKSVYpnYOptRzb1IbM5nSUIsWY0zRNmc3pWotqHxSKhNJJi1CDdEEgVEqRREqQmWMbZROy01KUkMNyierMyYnIhsGZmFJqUQEQzpQMjkKObWzTlFPLpBARJYocARGBQsog+hI1orUMk62RDoIQIYPSbi1bNieynTZd7YoFlIgoCjRm2jGBUK1VTmeGVPsuuhphsCVyUkShpHOacrU6mrJBGcZhbFMpHcZ2jVqkMcflajlNTYETZzozcXpq00TKToHwOA1pai2iDeOwWq+maYxSDG1sFAk7VEqEYhpbpoFhPQ7DsJ6mbBmmq10/66MoagkJyGwRRcjpQEghohBSaw6XWsrUJrtFCZVaa2+7tdam1qbJkC2H1dqoRIQjoihimKZsKSIUQs1tbGM2G2pEiVprV/u+lg6r72d930eUKB1QHBC1n3V9P05jcytRaykiSq1SuDHlME0tapaIolL7DiUtS0cNRe2TdDpq7WY9EZ6ylNLPZhExjsM4TTlNsqqd4zi2cUJOeWPeOwqZiVuyubGlICTatGrDLKqkiZYTXVfbOCKCGN1yGpXNjUodp2xeBlhlmkYkShfhNk6Sa+kmLNTXOmUrtTYzjQOo72s6M1uoKxXqPDMB2+lmkBnbNEwtpFKKUBrTjDAlisMRkS3BYBxTG6cpu1KnyU4PbWrTVKLYgEsY4yK5BKKQqWJgcgTpyelhqKXrut5yywkSlyBSLZtJRykeWynFOKKTUKYQKm5WUVXNZjtLdJDT1LAnhaaWJsdpyhahEjF6igjjsY3ZjDNqp0IQqpBujiCtSCcN1aCIzIjizFBEkCmRBNmMGyotWzqd2E0YCEpGtuaANmZ0ITKMXU3KSHKj0QAF2BDYBG0kPWFCauMUtUghSjEkUUiF0+HW5DZOg4d0hgQiIhTNqMS8duMwjutxvpiVEjlNQVioCxFumZkRgaLWDruBJyIcNVBMbZAqQeK+K+kaQChbCssRilorZppaCSdSZcFsXSKHodUKmlpTOsFtrKqKkp6UadsJ4Bqdqmur6iWMw8psoZjVzoDUhFBrY9dVT2k5Qk4r6FymnCa7C6krKdyQmMYpc0RKS0BmKIRba/Y0jZl9IyItSV2JKXNsLeyu1EACIuazeQm1TEpJ43FyKUYgIHAglGmwnVZVENiNpgihKHJGyKRTeJpKCRXZSFbIZJEaOU2jSldCU7ZxGNVFqKgQTSJSyEJSiEykQmdaS0UJMqMWYaxSu6gl08qGVWoIjdOU2bpaEREBbo3IbJqcAGGlEzGN01Fro9PG2WqEJXApEYUpCUHgdXZ93djevHRpL9QayJ3CYCKEwEBABkUVkYppbKv11HUGNVI51ejkybQSpeVYomSmcUhpYfpamxinMWpX3FmeUrZlZ0tbKgIgShQrBbZLkScIo1A65VAAQtCgZqZESJIysxnULEVoahmBSEm1dhHhotZK5tiSbK3vquRSSo1ORa21zIZI7MQlsDMTKSSplgCTmdNEyEURVbadrTVqEJJKB9iCFErwRDLlYFJRjMETYJSZdqpEhLIlUi3FprW0XSJyyqghKTPTkTlNUyu1RkSaEmooUIPOksiWDYesElqtJ7eDS7tb21uv+6Zv8Su/9Atv+iZvevHi/tbmYmd742g52I5iksmJKGmMQU5AINsgy2lFCTsBOyAlImyHWyNBQnZCgNNQKI60sdJgsqUKirRBJA4UzoyQ7QlnK7JCBglw2iVUu5LNYEVgTMqCxKhEFZIQgCYACZCkilI5DA25K5Eg5Eja1BRWUSnr1VhmKn136sSx8xd3v/CLv6yN6y/84i+bbx4/3LuQmkooWyZWCbVWI2SMCDIJyEw7KVFr2G7pGqXUmMZmN7doOdnOMDYB6ckOBQTOWorQ6BRJ09hGSIkoJSgZKeQpiez6ipTpzJxyKrVHajmFS0QIKyRHtimnUUVOFCHnNLVQlE522JYhBBlRg3BzGuPM1lqUEjiNpJimsdQaEfN5URSctKmUTmqr9RCKWgqWhHBrWYlWXUvBGnPqy6zrOqaxTa2ErBKeKkwyzVmcU4M0mBKWQSEjsLEUiihEUQfZciqhruvGYe10lEhZaJpaBDhKRKaztcx0EERIU2ZElBptclE4k4iudI0WKSqoFjS6iSLRjBQRtpTZmlwpQpYUOBotJWVmRIQC0aYGBtKZOQUu2ArbtVTjiM6YCNHaYHWFlDw5HGA1JyH3s64otjYXq/X66OCQDUrX2bRMhcNBscXYmrBKBDVNiZJu2SbBxJQtVcPZiCKVvpdtYBwnO4WCGMYRW0ihpNUaSJnObIgSJY1IDGgcJgLZKFRimhI7IoKQjCThJOWABKOAlA2eHIWIIiyFbZgUipCTCJXSuSWSWyKN05R2XzvApnQ9OQ1tKlQFObZml9KVwCB1ta/T2GpIpRtT6bA9ja1NGUVYtZakBJnppNWIEjFktolSi/A4jlEiag1Ftpym5uJaewUtKRFd7eyc2hiQ07imqJY6n89T6rqu9j12RFHgltM0pkpf+yjRMnMaodk5tjath6PV0XoYxjYN63V6VFc3NhZd3xEx6/p+Np/N5l1XaqmlhhuGUDFCTI02TnJCCFproai1ikyQUahN42o1tKm5OdtoI+RMyBLVxqi1Kac2TW0aPY7j2CYMKRlDwtTccoooskOBiEB2OoSxyUxnJhGSLEctKqIrXa01aiDLIJUaYcZxaM0lpGBq45TNpkTYk5uj1CgSNgQKqzWaszG2bNPUWkuFkIZhsFAptetqiWEYh2E9tQTXWlQiwGkhjKX01M/6Rd+Dp0xnZpvSyrG1dGsNkBoKIUWgYtIRmAiHVLsCRKiUSiiBwC3VMk0pgcLYtoOCSkQg20WKwE5Hi4hSZDO2cZiGdEYEJSQltKk50yolqu02TVWlRrUdshUhgY0txmFaD6MIRWfhljk2Mm0UxbhGSCKEpyanEcWZdhNZi7oQUGsJKaAEiTEIicxpHNaqVc2ZilIiidqV0hFKsnSlKNo4DsuVI1VjvRqnKbu+n8023LJBdF2pFURzqbX2s9LXNGNriq7WEhGUOjlsBepLVThAERIFla5ThAiKDek2rKdMk2nS6eaWznGcxnFqraXdpomcsAxFpdaABDd5ykxjZFtCzZktnSGHVGoBVIJSFELIROC0wmkHikQKN3JKKbqu1NKFEOq7qhJBTK2BVBS1RtdFkOlpnCKipookRURErQHgzMlppJCigAnhKTNxc2a0lhGSbbcJIpj3fddVIASy7damqWVOYzpbs2mWgczMKadxGobRzgiHIkopJSSFIA2UUoNikfawnrDTighHAhhPbWyTjNMGW5Zaa26oFMjMRlDsbG3KddrNU9pIVho7DSpBlJjGcRxbpiRFUaiIDFxCilDIU5vGljlKChVCpVQjyza0ZrKqhirgkKI0NyfDMI2TnZ4yl8NqtZxCIeiKyGy2cIliG0tEqESNrlac42SblLM1iVBktky3nNo0lZCldCZWpBvDOGam3dKesrWxJdiSleC03ZrTboqikMDKNFNzywahVEql1lJDiogohMEljIQEworATjwNwzhOETIax2GY1iKDAmpTQ0SUvlSViBIKrdaHw2p1tB5K381mM0+5PjyKYf36b/hGf/NXf7290x8cHuwdHPWzGbRhXJGj051Ua4kSdpsyCUp0lBAkKUm2HE4bTxhcBFJamObJmbYERCBjEishaOOUHl0VqLXWptamjFQWIYlA2C3dEmy7NalIQaQoESVCAppFhkSQRqRNqAqRCJVSJWW2qU1Oq4uWauNg44hSQqEaJUKggguez/rJ6bGhcubUSYIv+Yqv+5AP/pBSyub2sZSWy3XLJJGwLNu4hLKBUKQC222apnQQslMOKZ0QTdlaA6Y2ERbFzjYN4zQahyKKEkqRVMBBloiu9qVEs0FOWrbmdFp2RCFzalMbJ2kCTEoRUaJ0KuFsEF2Z1S5qiXRGqKslal8iJGy3aVyvBuESlZAznS2TCEwzKqWEUESbWsts6SIJYddS5BinaZomoHbRWhum1sYpUQkhNbJNU5vGlFCpfaWUEnSzuSPCkWA77SmHJIVrrcBEhCm1KxF2SiFFa9M0ZZRSut6yJaT0lIRNiIjaRVGEQsaQQgq1tIRQtixBIFSExrFlNqdbYnLIkbRCBmxhhTCgHKdpWmcmaWFh2dlSwm5IJK21dALDlC2diCilxGzeY+MoVSXCKClDa6v1amoTNZQFM07Z3OyYdV3f91L0/SxC0zQqokiZKUffdV03r7XKElEjQkKJsqCoxWJYrldHR8US0VpT0ayb1VojAhlRa0iApaIaTopKKKQIAksZpe9KlNayTQ0lMK6Go/XQnG4pMetrCrsRJNlaZk7rYdWmlMFuSKIrtXZFqM5qVypylWvfZWOaGnI6SQi1qVlNgOi7rpSCouU0TVM6apSoyszWJjKNM2UT0Fq2aUhjZ6nRlzAoiskpJytVo3QRRZmN1tymYRiDYiTT7GlcObOUjmBYr9JtXnsZkhKUEgqXqoioLU1zZCtFKjGsltM4LubzKFV2mzKgqDdNitXRkWpV1KJombWEpRmljRNFKgGgbJm1FI9TtrF2vUTaOY4QtcduTis0NZcaUkzpLhRdyeYEmTReTymXGirhqbmo72ranlpIEbUopkwFIakWhEspytYsu5EFTS1LLV3tnU6PkktE7Ust1U5UlJmFUCQexklNteuAqCXAopZqRTOZCRFRFLRxsilFloJQCYvEbraJSLdWSpVKkVFMbSy1kLEeRpwlqnBRTGTItdSqjkgHpZYaITQNVgfYkiLsjBphrVrLbEQptSuZY5tCpBVCJXKapJJJFI9tqlEEIDUjiSBiahNghXGRogsj200lBCLIVCBCsi0pgZCKMsEwpUokSBJys6NlAWdrriGTU0rOUiqF6tLVYgXTYKozo0oETpUIk842TgqCaLWEnUKBnbVECpPOlCPSDeGUskSHApWQso2rqZVSKkosi3AxLafWmiUy10CbSlcIZZssSVFUEwtK3/WlswQZMpkCt8Rka6Gws0TnYtmCnBg9SEGVUHqs6hREjYQxM3NSVEgRNQpJtpwyW8uiLooiaimylc1WgwgV1Sila20EpmxSKaGcrJpdKRlVUBCR45TOtOn7LpVdRNRZCNtTAqRNTkPLrihDzlQJHAglVMCZDRGiGWEiTNohiSK3qbUJjAlATogoIWUmniqVEpIVhbQiQjFOg1CJgsJTS6BQkN1CsiKxUKSjkDZu4CSKhG2MSSFRCUeBlrYEbkgqhSlTCgmhKLQ2jraz1rDITNVIe7U6RAAyhsyMUoQhSyktWo4pYZOZcnR9DYVAiUuVm1OSp0yJrnZOywbbmTaScTpLBJmhANmKrtAsbLdJFNGM7MBWqKWEqkjbZBIxFVUgm6VSiiNwTtMwMFv0pRvXQ9qtVYUiSuk0TU22Qk7bSEQJiXRmgzRya6ObS4lMhZTOqbW+WNnhBso0TsjMjIhSw82ttYSaJaqkkGRpGCYVddEVRWKnQ6EaNlUiYsrm1kxEUZRoDtuZlu2css4DlahTG6dMwTi1WoqihqnqXCTJIUHaZJYaRBFu2UI4NA6DWsdGRyNKWY857e/1OT76JR/7tKc+9ZVf6dWf+rSnDeP6+LHtnJgy3ZzQpiaIIpzpyGySkDASgEMCZxRMRKZBxnIEQdgZCNIEWJBGQUlNZHRSYqxSimm2lAmogGU7IqKUtB2YjChORbg5cAPSWSgowo6IZoSTxmVOFAgSilCA6YpSXSY4TQDYiirFSBMpcDK2MaTJnDp18tLFvW/9ju/c319+7/d91+b28aP1PS3H6OZ2CmU2dV0m3axzSzdP2bquYoEVZrJSWQgiQplOZ0RXQoqgGZXMpnDY1JrpcVwjzbouk6gG2RRsAtzcSqmQlpohR5VSoysKuRY1nMM01ZCEM0spKrabKJgARWluDC1UmjNxIElTa33pFJHTQKrra5SONiW2jQmFlQRtypFxGqdxNR6V9eZ83tU6DUO2DtOcZNauk03p3FpE1OiypZhKLTItJ0KIlg2aM4lik01T08xM04johCGECLJBUxTnGIoo4ZxatiKpxjA5ZGdTqVMbW1QZiVCUIuOWKRtCocRYhlLBuI2kogqHW7olkovJJNQsAXKRcLExFpmW04oQAQlhcpxaX/pAgNPhiMhA4zR0ZYaE0xNIgYnouzKNFClU3KWTaptITc5omXZGaGtzG3CmjUK2kywRoFSCjAgYnHKUghGolnG9sq0iOYrCgAJnRa41InBiW6kpFCqKKVvLViKKZJNTK7WENUGoKETXMa5DKqVkG1tSSnFOzoaDoA1NCgRJKZE5ltJP0zBO7rpow+hUFCs62mhSLoqopbSpOVvtujRF1CgmW2YbJqMoJC6KQOuxJepqkRiGddRSo89silprZCIi7WkcZ7NefTeOU41qLCszp6n1XZdAZkR00eGmiFpmiGmaQtS+SsWl5LjOSWEsyakoJUrFbs5aOjs9OqJO07Rcr2rpQopSSu1aelytimo/3xindUQhUBK1uABEVGNnTq0xJVWtTa21KISaZiXTrbVSOyER2ZrToYgSgeyWISlwG9crFF2tWWQ707XWmJdpaplZuo7EokRJYxJZlC5qU2Y2OWpUIyIVBAgpZFKuQOmqFOCKsgRCzcZJ1FKwA6SwgFDzMI4iW7NCXakKyBCllowI7HUbq2rXd9MwNk+F0tpoVGRFa0Y2MLVRRAm1lCIjuiQVzGZzhDAKWV1R7Uomai3TXZQ2TSEl1mRCvbrMXA1DP6uhIsjEmeo6ElukQ5FpksnZRcmAdDacTRFTS4Bs4zQEJjsLsEK0hOIEGi5Stshw2BkolUDLJLFcAiBqCQKFx4koUSwbKCFcWmYoIsp6HCPUz2aZCDsthZ1ks4qnzOaQrJj3dZyytQEUJZqhOUJj5qwUh2lOg0vpoy99ZhumCQiyNWrtnW6tla5Iyta6+aybOttuqapwKaGxDVEKUpTeY2tjSh6YaJLp5zMVYQOzbpaenG4tHWMtdciBlEQpNSIETteo05QSwgpJCS6gEmNrq2Fd+y4zQ8JS0JeukTRHhIptSqmA0kT2MZtyyqnVWgK18DhMtSuhIkhZSKBS+qhtmqSIrkzD0DJB2UZQEG4ZSCqKRnRuU9d34zg2Z0xBREiAbUM2E1ZqoknYhAFRVCPGqUVEyC1bupSutJatuVSlhJuVYZxuLWvpJEmyqFK2Ztwyu6gBU2sWEQIN4yAFIKWiSJbDOCMKQVEXMdk5pSKIWvvixOGWicg0OSUO1IRJUiVKIbKlQmlLKCRBgA02skPZTELkNFmymlOWaNloEUVRp2kKoqudUWa2NqGIKAoXRaZxRDiltEs4nc70JAVyuE1qjr6LAnaJkpmTLQjHlClZoqWKG5CtZZtMmYycRiGi0NcuCs3pUbVXoKLaGG3bJCmLMS1sSonoOkFrkwqhAilFrSolcIzTmLjrejsVCpUoBZFjs1PCxsqofRtaTi2KStQpp0mNtCLsJosQQBQke0yoytbUjGWna6mpnFpqPbqrYMuhiFLSJsAkVo2Z5lZO4wgoVGqVCk7sEG5RompeooZtBYVwycg2LdfTtDp56pq//uu/eP3Xe70/+bO/PHfuwrETOy0dpQoBCrupRGATtCTIsBwCYYciNSVFdolI21gBVim1pXFymWVFeGqkglAJAyEZ01SKmu0wydRShIpCIkTKdksX1aoGbRrb1FSlEgoJ2ZlSkNmsCAmD3cgotZZEJXJKSpZSq3IkoWVrtpOoJa0kXaKTs2VrbSqzfhxbdTl9/NSFvYs/9KM/VGp+z/d8z/ap65aHlxJo4zikamWcqgqFkBpZowhauoo22QY3u5SCI8hJyLaijMMYFqLru1BJpdOIUCgsKSKnFulRZNBlQNopdQKFlNnalKWL4up0ullhGbdpSnK0o0QEsqT0kE24BG1wqaEIpbsIF8KrZo/TJGdETU/TlJWxRIlsGLIZokSJgqcph0aqRhDp6Pq+lpppZ0qoVkUEahjR1z6rx2GdzqAkihJ2tDQJkiS5dDVx7SqW02Ays6jDLYtBFkqkWoQnJ824OULgNJp1/ZSZKZGSnHZQatc8he0SIctCcmY2pGIMQZhEYQV2hMKZ2NkcEZMz0lFKFDKNnRJOFBEg0WIyOBXqu34aG1BkhUSFaM0Ma1GjyEZQrJCy1IiwQW6rtaPIdpGScRpK37V0kaKG09MwRYgS6cSe3CIKki0rQ6V24bAaU46IzJzNZrXrJI1TZnNr6yRDUWpRsl6vQ5FpRbOICMsKaso4VGuNKds0TkBXarOLhYnoQtUIK5MIUYpbo8jjlPasdrWrU5umYYLULJyGJnVjG6Zsm6V3gTGdbhpjokTNbEHk2MCKkjXamBa173C2zCkhgloQlaLSkRNSG8YWWWtVYRgmBGbKVAACokYJstE8ATiH9VC6WrpiSOc0jrO+6zYW43I5eYq+KCObx1yVEMKW7HGa+plcopZSaldDtGan+1lXWjesj6iqtSQe19N6tYyg2+hqiKjpmLIVQqUK55CNzGG0SDGrlb4yKUpBkSXCFBVVKxjGrFU16jg0h0R2XZe0aWqSCDmKcMusJSh1tVxpavPFvOI0kUSvacr1OLQ2dfNeri1bpnE2g6cuOhWilJzaNGWpFTVnItnZJquzmqeiHKdhXJdaS4RbGkqtEg5Vlam1dI7jWLuIEtM0EnTuUg01U5wpWZIQ6Qg5i6OU1NSwPKFpmmal2Dhttdr1JT22MaehlFJLdWGapmarRMhyjENrOY3j2PXVRbKcTcb20Nq8W6AGzqmpj1JLTlYVIbIpIjFOSaWr09SG1gIplW7NkC4UmBThbE0VmcwIRahZzU0hKYwnUxwZUspCQqhGybCdrUm4RgGMp1AtCkezbQVW7cgpCKSc1umudlHC49Sc2VWhSJoQgYpay1LautlTA1GK7SK5kE5SUSIIECRBobRxIly74qlF7WxHUSYqKlFappCshkKufRFErX1p07qMrYUCMooqMbXWpmnWzyyls1iOCKXDNTuHAcPYxlBQVVwJj9Moo5Adbi1FROTUQqrRmZim0RBFObZSOzlNpJ1kIazM1lRKqCBhtZhkkjEcquGQI5RZaiklbMCYlokIOSOztVDNxBaCjCSRJSgKlzZOFtIkMU1jtklIIbCiYIPCZCQocSjAiY3ARVVQQjVEqeAoIasBkQaarXTKpAt9V0stIbllCYnamqEJrJyanW7OlIoUChQKkW0amkK1yCZsK4NIpxyQ2KXILYtK6Wdtaq2NLaegKCIqcjRPTtfiEBLOBIPTFMkWJkEwtSlQiZqZUmCnmXKyAoyVrUWUUCREpqXMKXEBSBMRxU4F6RIGOxDSpDaOU5SiaKWWCIcsEJHNLaWgRNgKmhQlYpzGbAZKFKebR2XO5osWUykl7a7vBBGR09TGyaGIGqUjjZAVYsLDMPalUiJQuhlq6YpialOAqCo1bKNpaFaTVUsoSmsNO5VO19rZtu2JKNFytCOqNCkkJ6XGNKXsqjrlJJlQqV1pqSjhHFsLhWREX2c4p+YyjipBmihALT1FTiSJdDY7m93VallWQDMIVEpHUZ+e3Kap1VKc6RDR1VL61fJwzcWtrdN/8Id/+g5v/zY/9TM/d2l3/+Txk9M0NSOn3CmUmc2uEsg4QaJKYybpUEnbcoRas2zSKpIcQdCNObaWEZILBdtIRpLDSqUtT00IEpMSKIoQzilCitLGJCBiWq0NpUjIKJCFFHILVUqTkISByEw5S4QxUsuWzkBJo0UoSrGQZRo1QiWkULaGM92V0oYxg43FRt+V7//BH5nS3/cD3z/fPLHaP7ceRivURkkUrY+G2lW1ligtp1uUElYBKVsTQSIRpXS1YLvlJItaI0LYMU2jkCLAbWooSmRhZmeK4hxbS1wjPDExCUeJKJKYGukW1U6chuhKpHGmqCEnDtMsYcIRoVCgGkWiTcVgWSZKkZyN1pqRbUSJkm5t8shYQhGVzG7eqahlk60obVqb7PrZNOaYU62dcUSs2xAoSkxTa9MYEajULnLKBBuQPZXaK1IEDtmCUKE6xywuFNluOQXFtiUkQCZBUUoUBzlNpaornSIyW5taa5MBhMkEORSE5WY3NyQhDGQaooRUIGkOGyfNCqUoKJ0IAUgKN1tGOJuMwpPHMRNQiZYgE57X2eR0NlKKGtI0jRqniIJdisaxDc2dKCVsH66OPOVmV2ezucQ4jNOYXReldrKtDJWG3QAh5+gWbVa7dLpkRAdZaoVs0+QIYxNOMrN0XVASZ2ZUla5iQsrWml1qUa2mOQ2OEmMb2zRG6Vpr6gshIJzNBBGhKUelEpTpiL6oRJ2ykUSEVJw0NxFurrWqiVKcmU5bUgxDg8lk7fs2jW1qpUShwxSkUpLiXIesICICANEMRSVmtY0NEntoTaZIJao6pikJu7EcBotawrYVJQRiSpeYphaKtDSNzZ7N+iDGGG2HXaPrump7uV477cktW5RSF/0cCgSiTY6I+cZmVClibLlcrxTRzfppakObiNp3/aybm9KGwVNOtDZORMzmi3nXO0ofs1m/qN2s72d91+FMoagisCGlKF2UiK6bJRJVdmuJtZjNaqkqSgLTzxa1q9lSyElrIy2iQRBRaUIyOY2jIkLua2Q0lOM0jm2qXah4GlvLDJUotXQqlsHZMqdMC4ciaiDJOU0p3LKlW61lvjGL2tfalai0NOnJWIQtUKm1qESG0pqmVhXRdbO+k6qSUpRCGFRLN7Zm3NWuTVNOKZimbE5jpmyTkVFiaq0lalVgZcs25dgmJ2NOzZ7P+lq7KgXCtjOnKZO029TsbJmGvu9q6ab10DzW2nXdTFh9Ccm2VPpShI2EsDKz1ipHpiFkpQmHQmQGKtGVGv2sK1HSqRIgUMtWCBmn5SwRmWqtYUWJvqvz2aLWcNq2sIpa2lItPWEbgdNjm6ZhTKxSZAKmdLZszSWgCwLkUortcRrGNk7jmJMpBQfS1By1K1GaU1LX1cSBrEJiYlgPbWxdKdmmnJptm3EasrWiECggSUOmAUdDpIqiq11EEKEMC9s1aul6pIhARCkY7GlqxkUM41hK7boeMbUJyUpBWG2asAk5p4hwNmcGKopsYbmLWR/hNjkdRSKKyGwyJUpXiyIMpc6oQaZbttGqjpQgDRYkYUAUo5ZNUqnFJDIgkS2tTNOctg21lNpVjBQm04RiSmebpFJKH6V0pUytjc211q7ra1FzFqKrXU6e1mPLtHGkSVAptUTNbIYIhaSQoqQTNyzkqgBDIhumbM5s2UKUUqTakqGNrU1RXLu+1qpQiHEc2zRFFKfbNK2HseXUsFMoArepZUvjWkrUYjfb2TLliFJUIkKl1hIhhSACJ0EtJdOZjVRklCIUTjud9tTsBGdIKjHr+qBAphtGKlJYNDtJbJhkLJJmkLCdhCMBCUVEiVIrIfA0jvv7B5cu7U4tSwCUErVUSW0cMydwUY1SutLNulk/m6kGob52NWIc10kWFVRkZbaxNVA/mxeiuU0j4zhN4zSO09QyQnYKalcUmqYURYrMVpAoU+Y4Zq1R+761lDCEla1FFwpNbQoTGNnpqY2l9HYjHKEg3KbMjCIJnGBbtkyEopQoKjaJbbcpna21bNOQDUUtXZiofYkSbczWxq5247A6vHC31H7sx3/qIz/yQ7L53PnzyM2t72aScdpGdkiilFL7UkqZ2oQdRVGKQsWlQSklSqQTmBrYqSyKolIIMEkoSkStCpGZIExmAxIl2OmchISMstmpvq+YNo5ICqkUJCEUMsZSEEQUE5lq2bCBbGkBTjtQIDtJRbECIsARESWilnSO0yAx72ctM0FdtbKUcuLkya6vP/zDP/p27/guKjE7diIt4dpVKGn1s1pC1FBXQuq6KkUoRLUzFCHsdLqr1c12IomohShSIT1FqBRly2EYmrOUMAUbAjw5FdH3MzcaRNSW2B7XY8tmkjAZYYetCIQUlsbWbEotXS19V0uppZZ05ji15mEYxql1pUZm2KUU2hRE35Wu9jhbtjYNbRxMys2ecAqpKK1pJNvYMqc2AnU2CxXCsnMc3KZpGNsw2ZYllJnTMK6Wh8N6PYzrYVy31tJtPQ5TG1JurWWbooYF4UKYaGkZRdgCl76qCAiEKFCk1qZxaEhCLXMaszVHKZLGNtoZIEmIBLuUajsCKW2cThBkuoiQJqcDWQojhbEtEZJAkt1S6UxsSVGilDqtm1oD2jRFSB6diihVtZQyTpOAnAKvjpb7+3uJW7q1Nuu7WmvpalFZH64d6ruZIKc2rVuEun6Os2VL1MApiqOoqCKHMzOJIiKkYtXSS3U9jm3Kvtbadf18Vmpt2cBRmM9ntZspMVYoLWxZQHHJluOUWKGofV+KulpaIqkrXUs7rZDtnAQUhRS1lKLqsKecpjbrF/18kZmk7Ew3iRIlcSZJIehKLX3gLAqcXSl9P+tqV6MWhZvHYXCbao2+diLGaRrbNLVxGlqmSlcbkhSqJfpZP+9nXVKiyC1bGxWl1mjZ3JpMUelq7WsXglJLib7WKHUch/3l0TRObkhEiSrV2hExtuZ0lTAtm4ggc7Ve5TRGlFI6isY2AaHaplZLmfeL2vVj42h1tBrGaT1kG1trFEdUIrqoiihRkFqbJCZPLRMwZLOtItUatUTt+y46Mttkk9laG6dpXNeoRUVOg2rUUsDTNCkkR5ppyqYEpzILcikhiVAKai01StfPKLUohqmRmdmGaXKm5KKCUwgCTNDGzMx+Ni9RbYdKBNgUcsxpajIpKiGlRFe72s8jShQZ01I4PVk4zZQSUQpStsyc7GbnNHkamhOp2FklhTJRqYRsJPelzmpViVpAEupKV7saNcbWpjaiKEW0dMtAfZ0RUmjKHJuN0yk0n/U1CpJTYZFkI5211lJLkZxOsg0jdhTVCEVErRFq9phTRIAUIaBNzU3YNINDUYqEiFK6rvaCaWwNWy5RsG2nG1KUiFJk5ZTZpmwtSmxsLGpX02kgaa1J1D5ktzYad7X0ZVZLjRJCxrYlgBLU2nvKnFJFNkEYEruROdktQVFCcmuZ6cyQmpssVbU2OcLZAqLUiKi1lr4SMWVrDUk2rTUopRSVcCgiIrHd3CYM7roaUgLOzMTGdpJ2OjOnbK21phAWoXntkWVFFAGlzLp56bqiUCm2S9SovU2oIEAUoeZMQumcRiMp3caWUpp0k4SKjHMiW5smO6OGJFvqq01mE25uaaUzcUTIAaQNMjIpVPtiIzKs2kUQU8tsBofkZqfTieQEUYNSSu06QU7j2CZJCFBzpkEYCkLKyc6mCGcbxlFRSkQpVWEUpUSJwEURdjYlSVoRykynEyQZtXRmy5xI0s0JOKecWrOpXacQSSmSFAASqLgEBkKWIwA8ZZrMsdmyQbXWCOwEJCGwE0JCihCEQiohKSICTdOYbYwAQbplG1bj4XKZeLZYlL5KOCfLmVM2Z3MjE2Vr2VKOEko7nSEFABIYydg4x5wMXd/1fa8a4ziO0+jMFK1NxpZrKam07chSi2WcIY/2lB6HcRgmwoCzyYBRRLFNptMjZNeVKDHruxoFjFDaTnAUIblRukrxNI1JI5VOisHjesrMKLRm3GpE1ADLONMmglqrSicKeGqJAAJFFDvTDcg2ZZucRrRpHIfBQVWAMpPMWqJItCbhpKUs05qlbjYv3fzg4gWFv+prvv5LPu9zIXZ39+Z17tpNU+aYRBRVIWPMOLZpmFSLrUy3lkIUhYDEQLgZ55hJMxbk1NJuFomNbSwRCBSWCpJAioiQatSikCSDnVNDoUyAohISyPbUpinb2Fq6ZbNtgXNysyNUQhhMRoSQEEiS3WTZdk5TtpSZmrO1nGxLoa7UACWWpmk4Wi63trZms+5nf+In3uB1X2eaphPXXNt3XWuTZItMIcJRVKJWhYigRNeViDKMwzhNxgRTyykn26VW4ZyczaRKVBubfjZbLBaz0repZTaICGETYbeCFAhC1FIzna1N49imMdOZ4zS1MTMgm3G2KadpncbpIVuo1K4WFZkUIaaWw3o9tClKtTWOk23b45StjQFdlK6rlHCS4S46S+M4yXRB10sREVFLrV0npKAoUFBKhMARwja2CRS1WEzj5KSUohCmiw6CKU3QWrMxIJDENI05ZYnibFNO09DcsmWOY2uZw7iephFFKaUqDApSrbUWKhFRFVGqJdvGJqdxAnelIqZ05qRwlJJQQljT5KCUUlQiCJsQGASqEcWkrUKV5OYwfddFkYIMALnItgERWYJ0dn2f2ZJmoVoUwnJGqQXFNA2rvYP1sJ5tzvvSNTxM09Ra1Nr31TiFQSGlQ4QlNOVES6zJzW2ysFsqoqjWrut67JZu44RbELbtNBhltmTClkQ2W4oYhmmYhmwe23ocR0QQkkD2NLXW2jS0qbUsRUhdF4QSt5Z2Rom0JEXU9ISzREQtKpXAJopybOnWV9VaEF1E7froa6GgIhERMo1MIdmAYz2up5ycLhG19ioRkozHcZrSNrLAVglHFLkgnE1ia3Oz7/vlejW1FhGJM60QxpJoXVfns3nXd0lrrbnZIQlP4+rosLWplKogGyqqEzkNIzjaVPqZUspcj9O8n0MxMZuXcb0uRF+PKchpXK6mWhShJgUFiBKzWdeSlIo0DGtFKVK2dKZCghzkQPaEstly0E85ZqPWUms3ZaLibK1NDUkQyjY5iYKKIrHVxsltIkpXu1BpOWbLUktzjocrRahGX+s0tUy3aWzT2JVZ6SOd4zBERC2Sg74wItIGRQgSFRVFVDlbEmGv7bBbyRKCtCWAkBDFmbXIMOUkFArbFbXAaSKqFEiFcZw8KboIU4qkHtGMBWJsU6bVdc5s60GlRImWObXR6a7vFCWcOTVJadtMbcyWiogIkiglokZHeMjR6qvtaRqQnS1aOLESFSsQoTCROSkKKLAVIWVOCYltG0a3qrADq+UkSraMKH1fx6lmtiKBE0xmi1JkHFO2gmWVcDIyltK1zDZNIKHmLEK4NSNIHGq2aApkEY4kjeQMUIATMCRgg01Vid7pIhk3sijcZJsIY1DFUzZZuGUIR040JyUquEildkU5ZUu3UjqcmRkypUREkozNuJSSthsCmrO6ZSYhmjMTG1VqKy2otVYyW2sKtWylK04wMlM2t0wINIU0NoosO11rTSeTS5TmDFlRullIapljjnUAKRSS7FAp2TyMg4UkgzF2NUAJWWZ01LBCgFEB13RTJhZFmSZTCAUyyeiW06CQVDKnImW2CNVQJqGYxrTSOKLYnqaBkNJFJbM1tVCkIBCAhXLKdMMqJRTChiK7uUkREbYFbtlCIdlSqKiaxDaGtKNEkWQ7MwkQMm0ao1RLIUhbRaHMJFO1ZrOdijAhMC7S2BqKEkgFtbG11jKQZcu2eKYwVinVTmO3YXCJzKThWoqIpFkI0qnm6GogJqO0yMlRSkitNQQSAW7YDoC0A5lACCGnQqWks6iUiFk3wzm2No2jJKdyGjERtRYllAhntuZCS0dEZGuZWWspsQDRKCWoqDlqydaypVxKqZJEAEWKCBfl0dQ8oCgRtSuiZk6ulqJNDRxW0rJllA4pqu0cxxbOSeF0SC1dSwGZNk5ZFDnmRFPUxUYnKdPOdBQUpWBUXZNs2VqGuloVws12pkKKaptQhNOTHeQUkiW3NJJbN68Hl85vbR3/2E//1FPXnPzgD/uIcxfObW8u+o2tcT0qpbCRFNmaaaolpEaDiFDLFkRQU842IhRhrCQzowICG9WIqWXLJicWQhGka9jCdpQiO0oEtMQGSGdVyBI2bm6a5CCQFM4MbEsySRQSWdQScrQ2GfddnaYGmAyikYRlbAwSLZvAQBQJ7OaGInAYB5k2bGxsTePur//Wb7/tW77NT//Czyx2zowX75Un0YeTFsY5NQpFRXY6FUJg0k04opSgUbCL3IzdsqXoFFFCwzCW1lTUnNkmR+kqkkrtkzZRxjZJZOYkF2rXxTglSShaTqlSJBVNOXWlSjHropVKYINNKDMBRI0giiGbVUpImZlkCLdMZTZUQ2lRoxRaRgnSYSuICCMhCSRPrTllJ32UsDIgSpXblG45luhrrVYWGc+nNpYSqjUULUahiDJN64gkQgC0aVJVKCS1tIaxRLGYshUJW3KoutDSXQi3ybTWbElIshIrUMsGdstSOimdU7YaXaFlqbVKU2sep4iI0NSas0UpUKClVBQ2yMowU2YBSW45WVBCeMqGiegiBiA9KnCSOcFiPa2mcai1yykJaqldV+f9DJG0ElVwtDo6OLy0tbWzuTE3EeDMWjqVNGG7RAVwa860FSUyM9uUWSAkirBQwVMapTNTME1Dm7Lre4oCja0xTUWFChIiWyaWQs6INo6uNaL0pKUIaRynKKquRkpHUKPYkTkiSQVPIdWuA2Kyai0yLcY2SqXKU2abWglUKqFARWVizJYQEk7GNhqTZIkSYWeJCJWWuVxPUutrNeAqQKJEplWLSITx1CZPU5nNWk6SIso0DnKJYjv72SxM0koUmTZNlpstopYagmjjOJrsZwucma215vQwjKV63s+daRQl6uZio5aapoREqkahTJmINrZpnKQSqlELhKJ0VaWWKJ0D0+ysKomc7munCBS11lI7g1BEUcZqvRqGlUBkiehrRdN6HFqbFHVqbViucKKIiKglStfVLhSZbb1egyKEDSrRhWKcxjFHEkk2LXM9jav14NQ0Tq1NXdW8r10tyAhCTA4jSstm28E0TQpFiWlqpYtSZkIuUUsvWwp7ImBqq/WwXq7bNE2JshnWw3B0dLQe2jiOEVFqAexmGatNGdD3s34+wwiVUkU0C1QicI7jEMZmHJunqbXMzLQtRymSSpQaYcJ233X9bB4hZCkUUWoptUQpKkzTcHC0P67XNfqopIyoHaUUSViKEqkqVZU0EF1fjHJqbq1lhiRFppWOIChV0UV0Xd93pdaQaS1Nrqf1ar0mLMLZmg04RTA1Z8t1Tq21sAOiFChtGtar9bgecZYSpRTVYjvbNE6JIgCw5HSIQA6a1DLb0NrUxjYZG4FqFKnVGoSIWgKscZqmcUoLu3ZRojQ1sllqLbGjyoQzZOE0FmQmytrXWktXu8DjOA3TMEyZLd2MJSEkBSgz06giKKWUolqqJOxai6qCqCpFctIyWzapoKiK2pW03ZpElCilVEq6gbEswKBhHKfWQiGUaafHccJgkCUrwHaOYITtzGawTSbO5gSw5OIi40KpJRQl0yFkEeHMdDOZ8pSZOSVuTmwpSpQQItLYLVtO0zRlm3I0xpKlCJGh0qbWpokAIlsO0wgIt+a0S63gElFr2J5aS2ep1WKaWmtTc6azlC4iJLWW2VqV7NZakzTr+mJlttp3JdSmZsiUUO2qSg8I0s5MsiF3XRe11lIVjlpr7UrIFlaT66yWWqNEimxumQo1O1sKiVTYuGXD6UylC82QTgWIMEGYDCiqpdSIUCmZuR4GBRDZwAmUqugCiWyYhiZho0RJyyYlxiQWUqYhSpSU2zQ1J6AoXa21hgiLUALjOLU2SQppcuJURHO2liG6rpM0OR2YcBCKUjuVailEiSIYhiGxpWmcluvlarXKnGhuE+kWoVmZgxC1dBEB2NmmkbRs2zVCJYRAw7CaprGlowiDlWkrGykswlNOYxKClJEiJALjqbWwZrUrVmvZmFpOiSMUJUBEyVRmWoxtmqYm09Iw5eCqsnfpnIfp/T7wQ37tl35hZ3tr/3B1dOmSQlEsFWfabcpWovZl5gxwy8EgBag5aXZAiAinbSdpK0rBNm5piwjJIHelyLYzJSSDxyltYBjHqU1RJAFWSFGi1Fq7MLbIRACKiChC6UzIZuFaIyyRCKenlhaCKFUCJGSws3Z933W164iIEG7ZWjptsFFMdqgG1FAUnThxvJTyC7/8Kx/8vu+faOfEmbFRStfPFhGl1ALZxhynqbVpamMzNn2tXT8LokSUUgpBeMzmNCHDNE05NSJmi5mDcZokSq21RMtpGNZTW+c4ogQDEYokW9oIRSmlq7PS16iSoinHVBSJiYyCbUNXO5NTm8ZxmKZpysmeaolSu2KWR0dTm2qtinAoVIhwy5aZU3NaJUJM4zhMg0KSrRxzatM0jaPtUAzrYRxWzoQcx1yvx0S1FJJpbOnETitqKbVObWrjNA2DJimiNQ/jOKzGUruIQCBFyM4ooerWss66LiIki1pKV7uoqrX0teJMaG2IiL6LQArlZLfJEaRDAWHbKGqHJJSZJVT7ToQAkc0iI0KCbJaKlHY601AExRCqImwHIAvl2JJGqKgAKGgmp0y1aZKENE3N2XKachohWmqcWqbBErXvt4+d6vo+HaFq1dlsVku1orVJmVJOakYSTmPSVlpuiJDsxE5PaQcoSgSEQrXr+lJLhGotodISkNOggkpXuq4LNDUXdbNZX0JVlJCg5ZRkRJSuKxGUCNUkUdaukg5hQBJk2raELCsjCTxM0zSNfVcJtdYAuyWTG1ZmtsyWLadpqETf9ZKMS5RauiBMWq61llq62tWuZDa1rAWcbiljp6xQaTgcbgk2uV6vVsMypzWKWT8jQg7VUlRMG8dxGhtBhKb1NI0NRZQunVPmMEwN910PSbapZZKJ6zQNVoGoHW5uuKioOqepgcO4TG2MUgLGaYhQ6WcBhMJCZDrTkTaWNY2Dojjt4qLSmMK1n9dpGlubFKWEUg6FXbuwnOCWaaUzh9ZqFGUmjlIFSBFFIaC1Fiq1kxvrcUrTElVEw2U2n5eoON0yImrX2SSNDLdmKDUUItNyEF1RU5XIaRKkaW2d4xhTKV1XFIa+64H1uE5Ptc6ihKRUncZpHMeIKB2e5JRpZEY/c3qcpsypqHSh9XpYr5ZdN0PItnE6Fev1kK2FZpJqLSpVEA76LiSMgq72SWPC4JQCWyglaimZLaIgwNM0jUOLUMwVEW1qqQB1tShSXc2WDtJuagHDsJqyFRVEw1WRzsgkE0WoqmNsU4E0iJYtVAkr7eYxE4OUacDhUiQ02aVGlQAUTqfb1DJMFKJGmxodoZBknK2VCMuYvlZDG5W2RKAgS3RTN9VSnBmmdLWtp6klqXGdkmvIEbZKLVVlas1tUtels7VU6XELCYlEBTeAUmprkyNC4dSUrSqoalNihBDCaQOhaDJuSABOHIribFHVsqkEdjZDK6U255RJOBxjyy6MjChRDG1SOBxh28oootDGJpvSZZvSjtaG1mqpqpHOdIZUStgh26K5QSojE+SiQi2RU0MmxnEChjb11bEOw+SxqlgukuUoGGzcUBAKxZQuIdnuaoGKbZzpqCVTpNM2xgUI0YRSCjkIRASilGhpJQqySXKEnJJarR0mbbnZkNl3XZuaJBtnRqnYMshpBDZRouv7vnbL1pxqU4NmoSjIpIJALZMIZaaR7TDTOCmYxnFqVmnOtOXM9BQlOgpgyzmlqSUAZMmZJhVVAOmxuVRPFhZySHKpJRNamyIDEQUFWJKdQOKazlKCEFJLlSyKTFmoIFBEINwakE1AJhER6cQVl1kdj9ZHbZ3pftb10UWNaZja1AhN2WpV2HZElCmbEHZODUJyJummQAGZkFOasEVAsy1lNgTWNI5tmhQxX2w6W4lSa+EyO+2UisJdqdhS1KiJowiXdOu6vuU4TkMlZn0/2ZJbSyTs0hVUqhmHKcfRoFCJDtymcRonE6WErCilVGXLKUdSXT8jc5rG1ppaEOSUwqXWdBYiSlHIrY3popySvp+tDy8UnXrt13vjv/izP37jN3jDp95+V9pbW8cUKUCl74rTpkVQouSE0wKTOTrlgiBzEjaGotZa2kXhJGl2Uoozg9J1/TRN2VYkRBHRlFVE0FI5JWEnWNjQDNkycVRKdNmyZSuhzMQoJMmYCNAwDlGLQcm6rWa1w5CWJAmrMckKGKfMNoUihaC5hSMMwlik6YSzoeJxasd3di4d7H3H93x/2t/5Pd97/NSZc+fum9Xa1Yoiai2ZrjXAmWSmE9zVfoJhGKWEaNnIBqrRVTSlm10lpsREoZSC3WxhO8e1VSNUJCEiag5j5tiVDorkEsXhHKdsVhfVxWCsNEFBCkUUZyMTU6OOU2abokRRNGeUImlcr4Wi9qEmhxRgw5STRujrug2hUEJEmGkaJ9P1XQTZmHUzSqhIzciZWUIGUPPkqc1q1zKdIwrAmYog8NTaOJLqFn0G9oSppZCapgmilhLzWqSxpCzJzQ6Tk0lHKA3KoBzbOWb7YNxvraVkHEQpMZkoRMiAhdJykabMGBtKLDdTQo4ozkSBLMvhzJCbnS6hWgowGQqgohBuOFzU0g2glOIQdCFPOZVS+q5X2kFrUynFyBBN6/VyWqnMat/18762nDITchqGKLLT2ZyZwbhOnFGKHVHAWSJca5RQqcpMOwM3ME3uaokIpyUIOQmRiohWiyY3T1lLb5RTC2L05JYbm/NxzMxmCMIhuZRUay0ykiRduzI1px0mIiyjqEXj0FRMxGoYZJfaR5S0s2UoolRaNie2UUItQjWbTZYixUaJQNTSt7FN02AsBabvuhKxHqZC62e9ap08Tasp25RTm1rrXFxdu+g1s7KoJA7ouoUwEdjDeoCMUjw17FI6hdSQ3dpkpYKiOk3j+mgVMJvNh2nKRjfru1nXmsehKbLmlKUoInCRMiBzCpXZbNZySjONLVGRIAGV0tUyjqlkPY5d1K4rWfCYRBAKOpFtGmssHI6ok0dNmYBwm9L9NA3qoqrUIkutTa1NctjZpknFJUJdUdE0ta7UrutTLZurapJuanLXd0Ke0kWFMo5j2rPKej2lWHRzRxtXoyIKNpmoRthuJChpyqg1prEBJZST07bJdMlGiZgw2Cm71NLV4uaR7GvUmJWuhArkRGvjylE60cYkXVDL1qbJXU9OioiC01FUC9PQiOy6mbpGlCKMnGmUgSYUpTmLZSd2ZtoKWQq3NjnJpkAURWuNgI1+NpQmy7hSHWNrU4naMq2g5TSMOY1WZDNIBDmp4lLUbJl0qiREZFVtUErJljmNJp1SzWiaICTkAJOlq9ksgZ2FzPQUtaNEtASnjWwrutInraWhANksnBChSjQ7kVLJhJGL0kgRRAYoIiLCOYGbMjElu9Lb4OyiKIrtHKcItWbZVYVAWaKAyHSYUESIkBx2KqpCbWpDtqpiu6thghKFaJnpxI4oCRISSZSoJkPRJkcEskp4mtIqOGTbpdQGkRJ4AoQNYJocmbJEKRVKKJMAE6G+720XZ+m6IppKa5NNRFWAlUaKiGjZ7AQUEdBaCoxNA2a1qJFuVSKiJREkVjqiBETJlhCamjtVyzk1SigCyGxtsiSyFYISaSNX1dbGpiIcJlVkSlVrwmArWxo7SpHtzMy0FQrZ9kSJzjTjllaUkEtosHDaaUeN6jDNAOlxXLc2tbQzo3bjOIKTJA2kDSG1WjRZjQwJC2UzNKJAVocVnjJJiJwygBKESoSmnHCEIm0pa9cLUaZM5MTFtt1CMTkjJ5UoXadmFOkpswU1ZCNASIAFQthAuigctEwhgRM7LYMyXQBKhA1Y6Wx0tVNMTFPf17BSdjpKFLs5SymhaDHVWlTM2umMKM0JtmwcFLKVKOM4GivCFDeNniQVFQyhrpQxM52zqJSCFVEJcnJr2VqLqqAUFRtjsEqEiahS5oTCjF6vx0laLDZmtaQ9jdMwriMi1EcttpEVpWCCqQ0gInJq1tTFjK46nZmGhFqrSEIopsxCOpnaVKLUoKh4UpowoqA2uZUothX18OCiavewRz7mb5/wpLd8kzf+jd/9/fHiuRMnTpRuFvK4XjtKmxKhiNJlTq1GVZAoslkisVpIAbXWbGYamzIcxnZogojE63GgZRIBzlS4qgNsRKL0KEcCTiyjnHIKC7nr6qRsw5CpiMhMo5ByagSSGpmTQ0FRtMBhIWSAULhSUmRrSUvLYYGiRBBIOCVDV6rkYRjThCMzh/SxrZ3di5e+63t/oPazb/7Wbzl56szehbPDOJYS89mMKFVlyFZMOi1It/VIaJzGkPq+Rl800XJ0c5aIonR6yuZmXKPHbpZElCqrtTFQCLtJUUpRX9raQKmRrbU2IdlqU+siSilkgovCCIw9jQ0aglKAEnK2aWzNmi1m/bxrk1erpZ0dU7OilBJ4gioPgyM9tVnMMlJJyiWKUiEg26SgdH1pQpIaXWe7ICtVSi1d5tQS2jiuxvWsn3V951QU1VKPVquDo4PFxqLrejVPQwLOHDwlriGkedcvV0vDbDZvbWircQoXwiHJ2KFQH+M4rlZH05SlUxCtpaVml6KIjsypTRhlkaEUOVs2mRYUk26pKJZCSJJIQQSC1qyWiSLAZDgQtdRpnECyEzsbQEoR4SJRFDmNXXRNU5QOCkFmylZhPlsM40BDFYeidKbhls6cLClUSxeCIiYzjVO6zfq5Qs3NNoZMg0WREImAlk0GUUqMmW7UqmxDa1lLdLVYfallmqZpbFKEGophaM5mID3RNFH7PqRxaim7SVgRIrNlwyWqM0sIUKFQJidpC2OctdbmGulpaoguamsjRRCtZYClohKlBDnmWEqJtNvYWmaO88WsqLbMcRjW61U/m5cpnM2ZY5uI0s+6GXOYmrONJNQgSjEpooMEWQIrSa3HKTJR6SJmdT4wYKZ0KNJtvVpFiVmJZqlII6phPI5TULvSTZ5q3/fdrJ+mSemU2jQpBDgTK9tElCJns+2udranKRFdKa1FZhuHlrYUIbllKXWY0gilVJzK1oZplJFkSI8qMa7b6HE266GDKaIgUMy6LmpIgclpwnKkadNqmJyl1q50dhaclBLBzELCk0vnHDNVu16k02swcjik1DiuxxKLfqGwHK3lNK1b1iiRjTZNJKUrVlWEJaVdYrk8Kiq1700jrarSnOlsE0Jks4Vq15VSsIdp6EotpYuQM5wtovSzrgrXomzZstQYx6nrikqfmTbOVIQUrU3GwmEjGU92hFqbptFVNdPYpZRMozaN6kuZ7BFHKAjV0qYpFFNLCdzCqNYmRY1MyUgRJXL02DLkQCBXacxSaxEGWiKHAttWEpKaoKUVhGzXvnOzMy1LEVanMnnKVtwyMwkJIgRMHp0JaStCk9NYSDhNCdlWjVnMElqOyAXSVJTZUioIAXSEcFGUUDNyIWjjFCW6WS+M5MmWZJcIJJMSTiCn5kgV1cluOYWrnGS2yRANkBhbVEVoGiYIyRGyjQkZJ0KhYlRCkGlZUiAs7JKZcpnN+iRJC7VsUyapCDCOUNqWGiFLhRKaEhRhE5Ibymw2CkqRk3QLBXYbUyVmfd+msU0tpRJdAUAZEkaKGsUGcC2RzkwrEA4VhyKbXGq0jIjmLIAym1RIDHbLiSjquzorZWptGsd0yppwjaJAkHYpxbZxRJnaGCqIaUpnllIkcpoyUypR5SzZWrq5ZUaxiChg2SajdtlaKhQ4s41TU0ZVUXE2UUJJpkoEAlpOisBSKZpsFCSgZkoUBcU2ovRFrlLgZmFR5n1NRVs1lColGlh2pm0buyAHIuWQ1FmKkEgTtdiNScZ2RimBSStsIDJbiByz1YhSZ5npKlpmEmhKShg8OcIJCMDZ0qbrZ+v1apqGftZHKdM0ZfM8YvQEmIyowDRO4zj13TxqcVOpQWt2FCVpFwN2pjOi9H0fEaTXY04thUtBJhWldMqpGWVrbSpVpMZhbSOpEo1my0FxpCCVOTptSRZ2KtXs8NjGcRq6ro+uRhsChSIzpylLCJiaa9Q2DeM01dKVUuyUBbaSRKhEKWJqEO5KNcrMwFFChJEzpxxr6eQqZctsw0QXktMuwazvV3u7853jv/7bv/c+7/Pe3/c933fx0u7O9k7fz6PWaZqoVSSK4kKxMalwZi2BMh2QOFBOWWvtah2GId0kKQpupVQ7x2kKKbCNcVhmotGiGKJ2NZhSOU1TaxGgKKqlFMlTZhAFJU2qJYpJk6UrmUSomrQBGREWzkQ2sghJKumWsrOUQlDSUzpDsiFKNkcxqDUhaimJi8Ju0zSeOnny0nL/2779O6+/5sxnff4XHD955uDShWwexzEUEVFhbK3lSEY/76fWPGVECVFKke1wSyFLQjCVJrfMUiIQANmyySVC88UcCNSQW045IkponMa+dlFimjJKSOpnfalF2RJFDadEQEunna21xLUWjEXXz8ZpcCpba82KWqIQpUYIiNKm0cpoCsJS1FBBtrO5tSb6rkaUcRyxU9NkcBjaNCXuuipKBCNTpVJpU5vIvnZdrVh2ZnOWWkuZz2bzbkaAMAGkXUunsDyZWA7DOA619namraLMZkWASi00i8x2dHRo03W17+o0NgvLtKT0hRjaSJJYtHFKERKZDRQRjoi0aXJYaUdYaVuZSZFC2JBWQMqZtesyM3FU5ZSlOPpgSXpyOpFqpJvSGaaohDyZbFUyoFp6lVDLzEznIOTIHE0IXKJECWwiJrdaiku6OdVEoMBpOTOxSxcKGAmpdsWQiRuTU1g1nGSjKIxQqVKbxrZuyHYTUUpp04jo+m6aPKzWYJWIKKEooXTayilLhMMoJBg15oDKrKvjOCWt1CLVWpStTdMYqGWGHV1pbq4RBEZyc4ssGZI9ZXPLJoFKrVFLszMRBBi6ft53s2ZHRChKyZbOdK2YGpkGt+aiKRsGBZmSWmu1lFrq6OxE9J0zM9vkENVMVVIEk80QUetso2RmthSLrsuUE8o0NYWiqijblGPWvro1Z4vonTniCKYpa1WJmtlsJ5KYxnXU2ZgNUWpxs+WQnJZluysFRbNDrbUpQEWFMrQpQhEFcObUaJlRKKrR2ZPTWWqPW2vNZCk1ugBIVtO6uHaL6pZTS3BRNlvKtNvYohSUmarRRyE9UUopoVQ6FRC1IEXYOU1jRJGqcIkogUdah1DzxJilL6mSw7hcrea1j4hhHLr5bF56u4zZhnGadWVy2s1WuISKImPQqKkSKiVow7opSglaJhiD3TIltUwFsjPJdGSLsDNbGrJ2ISmsKRNRVEa1gghFhKwoOYxj6eqUWUpM06QSlJjalNkKUaKM49R1pbl1rqVUXMimEm0cnChlT0mUrjQ7kiaCMLZpbrJKCVBaAUhBNsnZnNTa9aVOam1qzZp1JVQaU1HFzmwqwqQzHCG3KYVLRNSadomEaDnlJCSDRUQQUcCWkeUqDWOzHJblMAIDEYqYrILTyqmNOXXRBc4GYdt2ZjZKRWrOiCI5G2ObuojSdRKZijARQpJKkcHZFGWdbRal1h4kYaWbCCtJnNPUz+aQrSXQnFJYbg0QditubVXdGdlZS4BKhBUoM41TuDnlEiVskQ2BAeFsI6ZlupSIUp3NaSyK0m0cWtcRszqZqFFql9PUsoVk22aaptYmO4EQzU2OrutyymyOcJK2Q1PatFRaERFC4GzNwoRQGLdpKqrZWkvLVcWVYjmycyROk9lMIWrtbFAgQaklbWNnyLLwZBWlk8mE0k1jiyiKgqpxZpumyVKJIkrXRZqu1MycMgmrCREJJUmcCA+ynIEUEtFyIoztgiwbgUrUUjOzqdmesuVkUoBUopSWo610c0pYCozSziAghEumCzZOYyzZSITwlI6QDBKGyKAUZ6aRhQqaLCkkFwwylCBKBTJToAhFpCfjqHUxmw9u1VVonKbJ0zSM/WwmxTgMq9UQpYTGvqulK21oY04oSsgmgFJynOZ9nzCNU8gOdbXUUpyZJmlhSyGVGgKlw7awImxXFSOZyelmdQKIlIvDnqxKWmlK35cQYhqzFnez4tk8IEpt4xhSlJItbatlXwqKWoqiOLORSjuKlG7pDIcVkKiGnSXUEqFQpHNcradpyk51prBQ1NIhQkpPttYH+9H164MLi62T3/md3/mwhzz4Mz77c3YvXTp+TEXqahdRM8c2ThZpl1pCyinCVlgBSFZit2a776qKsBAlSMtuTtNa1OISzmYLJGtiUjoiosiJsFFgW7ajhALbOY4jmCRJt4iiCDdSadwaEJIRYGPjBgUkhZsJMgObCKWlbJlkOLIIDE2oTSYcUYqqrRpklZM25uhpa7HdhvXnfuGXzDcXn/ipn7Vz/PjuhXOZYVqtkalSReuoMo5SgrAnJJuWaVIBKgoVRTeXrVVOQpbAoBoFhWyH1DySNDtMZlElNC2H1rLULmQUXY2gNE9WkewJZGssUcIacY2auFAIVzlg1s1bm8achEJWRKmBSSLHMbOp1JZTDpMjFqVrZMtRmOxajtnU2kql9KWfsjltOdOZLcWsRBDDMDRPzakiRFe6EkhFkDhTzilgPpsPberSiCgAEl1XmSayRMTkyWLKZJwI1VKwI9SaKx6Fp2YpFFFItB5GJINRqUWZzbYNiqKWLhDFQUxOBQq6GkbpwjiNk9MjpaSRRGZKUcPN2VKKKJEhY9syMo6CAwtAcptKrdM4TZVenTOVZGvNlomu0LIWWmvjNCmUikAJWFEjSgzDChER2TKzmWaHLFk2RQXJgZ0qMY6jG2k3Z4kopWa2zKYgWyati241DEWUrnd6GNc1ajodLVxMRq0lIku2yW3KEF1XEmRna5Jaa61NEDWaLRFghdzDkrBb5jS16EqNqhpuOWUzLpSuqw1nszxF6YhsU2YzhcSB29Qk1a7aSjtERPGUw7RWSnapNRTINcImc4wo2cZhWEVXC1FqlFIDgCmbUF+rS5fZwsWhbK6hKJUSOUa2MccJKBGpTCehjcXCGNMyna1EtVQCRZlywpaobfTB6rCUGlXgWqrD4zDN6qLrgig5pTERtVQBMIxDrJf9bNHVmjlFV4pLMrWxIXJqfalRw7btJoM7VUNVgWiZoKghu01ZomRkqCraNGZX3XBOVo2ATPV9sZnPFm2ccpqghicrjANbkW2yMtQZ03JqS1pgFGkLT12ULOqKQcM0IIQsl64UiXBmqRs1xjbm5MyICrRxGMYpJPVBINSGcZ2Uoigxm/UgcjIxm81bG1fr9azvy6xqyiTVcLqUQJkurWXJMJ6mluS875HH9VRqkVRKSOFMiQhK2JYEYQlE3826MrVMOdwmRWdUa+1qkGo2KlNmIe0EG4cKlUQRxUgRCqGoBYTk6AqWYWwpKdWg4NbSCXJQhG2BoGXaoQqpKCXU3I5W64iCFGJqE7Qi9X1ns14PEQWcLWvICjIVQKRTliguqjiTqU2WIex1qEqS1KY1UV0sCIVCiBSSSilWeELFGShsorgKrVcDotZqY7JGtbCtqBaCUlS63pmjB1I1RGZEgEy2dC01i9w8r13KTC2hi2LHkFOnMEKO2rWc1GybcK01xxYyNWgyDRypxlT7LscchhahohLFmSpR0imVGplOGYQbhAFbaaApoo9KITPtSEbSlmvXRQmPnloDSSVwFqGIcOk6oHSllMCoSC3dWsO1ILVMN8tYwshkNoM6yXbagRHgWqqsYZqGHI1KUBQoIZCKnaXJKMK2ApIkLUE2q+s6Z1p2a2Akk5PNSGJMQGuUIkIRoCAzW5OKhKfWaJ5SIZyKsI2NHKrpVEoOBZaLaGkQxmSioii12DmlQwARtSulKWxnRlFSIjMlgadhjFBmo2FFKBxgWlogy+nWsgRQFbbTltPCqoaQW9o2RUWWIlBWdUmOQ7PsyQ53tiULkLOJsAFaFMtSiRJd1KjRpmEYx1I6SjjdnDVK9KpR3Iy0WCxKjRIlamnjRKEv3dhaa1lKSBhLTstgbAJjINtkBTaMbepr6SKaNbWRyTGPEhFRhvWQ2VQ6kW2csjVAAqsrHbKLndOUKbS5sWjZwGVehbK1qpA0ZkMUFaNSJJWU5KiVgqacRBTRIO2ioEgoAcs4W6azRMjgdHGbmhSLxeaU07BazrpZKRoDnNToo45TKqIophz3L9yzefzEp3z6Zz3oQbe8z/t+4O6l3a2trRKuGNmQLS2cpqhUDdNUMiSUJImLyZbjcsjalVpiaElzkRppqLUiaJKkEJaKqjo5LZiyOTG1FqcRAmRJLSEIhEs6JUXgZowisiXYHqsKoVARmS0lR+mytdbcVaeZMkXWWqrqpEkoQXbYUCIyJ6dIJ24lIkpP2kSp0TLTw4lT15y9775P/6zPe8xjX+yt3vrt59vHVsvlbNZPQwulrdKVopDVsknRV5oipJTUpFowNI0aCyVQRBmnqZRGs0Uq5Cmihp2B2zRNTVG6EqVnGNUvFkWlTaOiQtpqHjOdzlLCCpzONOmABKmWIkjLdhYpc8rsSl8KzUp7mMYuCnJrU6nVbpZGVMTIJKlQwCqOUtwSlK25upSIkB1mcBCqU2uiTTSsWoIiTUgQBVpL20YxjbabncVyG6Jt2AG0pmlqbZxsR6StUM1sg6dwLSVq7TIzQkazrhulJN2U6SQllESRTMtUBLZNLSVtPKkIlIJSnOnmidZaRilAqeHmdEKEFKUQUUpJNLaxtUlRbbmS42Sii4KtyFAAwzg65XROQ1/nXdeP42AyS0/LIad+yHS2SWNr6bFGr+JaZ6XI6dYyCEWZpslQ0NSmIuSc0lMbi3o0tUxJ3ayLdERImDCkNE1tGoaxjX3tjavqlJltrLWCW7YQKiVcgzEoE1bmsB7HzL6rmVaoRJnVsKO1MVHX1VLD6XEcq9ISNmM2stS+FOXkvq+l1mzZhqm1ls4ICEWEW0ubKCbloio5S6mBJxRCwdAmIRJCaRRZphI1nNhTy8yp9bWPWmi5GqfadfNYWIgQGEpU2bMSCev1qkDpZ3VGm1rX9VOux7HJUbsOleYskiJIt/Vocu2stRNTuDQ072egyVNk0lqUyMxaamxtbblNbWwtWz/r+n6xznUUtWlya0UlRclomf2ssxzrIBzhxHIxCrfAKIxNSpZk22kmSpGlEqFCtpaoOBuqtRRQkVvLqVUFdhqplJqKMrRWo4xTYne1NmxwDjYhMjOj5DjVolrnUkyjFYCczRFGNRQRaQTRFazWBlGjK2S2NqWxmXK1yFmz29BUS+mK04oy7+m6Yky69J2cKgqVNLZVJEqVIjyOzjZNWbrS1ZmnITMcBUxLR2QECCTSYdqUSWZmcUQJEOkEiC4i5WyTXClVSsE0jbYloKVVFakkhWUCT10tLTPHpk6Zsq2qQkEEYZxO08JCEVLLlEUUt6ko0pk2bpaKIsAYk7ZFkRK3lqnEEEQJTJvIHDEoQqioGdpkKYq6rhvbVFwdMki0dLaxhohoLQsRUaAFIZO0ot4CCWcipSdnQqewM2Ww7TTKtFoomh2iUCMmiorD6QCX4kxLQUShZRMC2VlUVbqpjSElOOyWYIXcnMUlYsypZeLMtIhmpxMnDgSSnBEhlKYImzSMjkpUiqtR6ycst2ZUwKBwTnYhjW0F4JySUJFUItMGZQspCVIOBcYuBVEIwNg4UmOxSu0UtOYqi0hH6TuQrRIxumm0lM0h2jDSlyo1OxUhybIaiiggcKKCMxSGYoQoRTkp2wTVkJnpqZY+JdvCmWlFCAVOWqYC2QEWavR9P06TbCQQdpRQlMBSImFaNiUEdhjLTiEwZDpxlXCzkyiSLTkhUqASVVXS1MZMBSolpAC30enmiCI8tgGcLiE7pSBLKWS2NFGCdCgybUxAAhGCTJWQUiWMCeMkHVGyyOnmZExEYkwjFaK5ydIkIm2nS8gqza1IiiIShxFCoshC2Dllqw1BQERmSow5Ooio81pFW7exlpJSiUhnDqOSFLVEX8jCNA3DqvWLWe371XI9TWNfeipumcLYbaTriouzTRNZndOY2SIiCIGkvq/T1NJZo/azkq2JsJshaVXdpEYWq2EyG9Balhq2WjpEZmaj1lBIYEtg2zkpikstjsycppzSfa0KhZV2GgG2RaYlgy2FSikQMU0pjGk5Ra1IIZFSCRW6WqdhbLTo6uH+xfns2Lu+1/u+1Eu9zJu+5ZvdecfdGxszRxe1DOleWGFnTkgKhSxwguii4IYdwtksGyeiEUUlnQaFRDoRZDZUalfHhlpTCVJSIBFTUBB2tnQ6OxUbIWNDpi2QaymJ3RxRolYc4zRERNQSpEJtQiGVTtE0CnuamqogbUVIlkVmVhG1SGlAYdQ8gQBwtmajYTh2fOfS7t47vMM7/vZv/earvOprexw9TSErcOLGRCowRE6pUCa1KGJqLi0RUmC1KZFCRBS3ZmfUooRSUDjopLF0MaVJVEh1QeJsbWpTkUTIibCIKIqQ0BQtCMkOSjNSCTe3abAi5DZOiFKUNtlkqzFlhghFiRiGFiUWsz7tQEJRIkHYuISkmjlNzbW4TZTqQpRSiTIMY4noyyx6SwUJSE1C2ao0oVIiwkxRwkjKDCtbNqCgANtOMoiAhBKRKI3cnHJIHsaxd01bYEDKzC6KwkgyxqF0ItmhEKiQpNMNFcC220SSOTlM1xfUkWkcJdqY6QzU9V0JjeM05SSFm1AEKKJka0mSQMgItxGrKxW51BqhiCIUCgmaphyx+zojCs6WLvKUAqfHNk4RVVYDEZkyLaL0Za6Qc8pmlfDUJuQUITlLibCM62zWZQdqZE5N6UIMU0ZtJVRqNzrtLCrZ0jlSulpK2tjI2WyFHKVEthiGVakh1LLV0teuTNOYDeRsrQZBN3kCwlhyDqXUSAy2p5b2FNFFjTa25qnUGrWAxylRUool2c6MKHIaILKN4IhiE0VqZT0OnbuotTpLlBSB3LK5FSqCEk63oTWsCHK0S6D1sEzJuBhPmU5sh1rLCBEqUbrSKYrT2bLv5q2lcwopnU5Iq0S0TEGUWrpSu06UcVw3chyGYZjStihowmNbD6vVarU2rl1vFTeNrY1tbGkDlZaTzTh5apkJdgmDc2zDepimdrQe2jiqliJkbEmhqKWUVCrqOI1C0fVRooSKBJ7GNrWclWJrmBrYhTTOLFI2kfKUptVauogotQvNimpXm5nGcRzG1lqbpjRgp22jUEREdLWTQqL0CkNrYOPa1b6fByWxwHabptbaOAyycmqCokgnuM5mWOkpjYojsXPMpqQ4bIScGVKUGrUkRqpRSylpr8f1NK4AFUWEpGmaxlyXUgjZzrRtEbOuU8VTWw/DMHnMMZUJ49QmT5mUKKWUkCSRCcZuOWUqE7CxnQoJm0JAlBIlIlqSYQNKG2PLraWRLXCEbGWmKJKjSEV2JgrVQOPQpnVTymlnulkGk1OWKF1XMknSrU3TCI6oBVGKoitRCoRsLBFBrVGqEkuhJKIi0gkKSpSuk2rtI6I5nNn1fa21ZQoUJYRpYdo4TVNzOqFla57sTNKYBLKWWlSiFBnsYRimYT2OwzROU04RAiJKygk5NVuGlERaaRuMyMw2tFRalFIIt5aBS1dViqKUrgvCmav1sFyuxsmEm2hTM1NEhGQVJyEooEzbOO2gRC0i0nI2p9OWyJbOaZhyzEaCASttZymhgiNKKEqpJewsUWpEICAgFH2UUoqRAhlLRZKczmxNiqhFRLbMbFIERYKglABa0sZxmlomE44II5zNYEsYlFJEUeEyNwcmpAjkzEbDwkhCJFIJ1Vr62nW1lKIxJydSFJzp1tqUrU1JkhONzEw5BKWWILCnKS0UEkrccBuHaRzW63Vr0zS19NCc2TIUslICShdSOFMhhQGKkOSQFFFEOJFCilJKVzunCUlRKIqwadOUagEoLCFCJiTZztZaZrMdpYSwZCNIo1KiYDtbNgvSyvUwtKnJJnPMwSVsTa2pGJGtTTmphEIJigqxXg9HR0fZmlvWUrtSjbO1xMYqUbs5BlxqLUUCYxSlq7abbazoulqdZI7ZxpBqrSpFkg0kdimUqCoxtjaObWptWA/DNMg2znS2KVsqZXA6IUKKzhS3zARkYt51RtMwpcnWBOAxG7jru1LCIIREREKJqPN+sZjX2tlyJpZJp0OM45ByWNEy6FfDfltdesmXeZm//eu/ffgjHnF0tD5aLk1Z9HMHrTWAgslsTkgDUocBOwSE02lLoQgFJpPEuNEaaYciSggh01ra4BJVBWRbSZOkWjNTqGFEKu2UDRjLnsYmAoHVkpatuQkp1GBqTSJUpmkSMe/6qDUimhMFwmlLNlJggTNFc0QQQWZrOU5T5tTVvkRMaaETx49Nk9/iLd589+Lt8+2TQ4tpGu2opcdjZjoNOTpDkhiGMXPqCtHXWkujSRZ2KRFRq5ptoitdKQXLmZmtpaH1fd/1M8TkVJQcbUklpvXS00hIJlsrIezW2pAtQjam4aJCVSCmJEqkmZxdKQk5Tdlcu6KqCEkBDOsRWzKSAklJEkUlxsw2JaXWrtZZH25yBDmNbbVercYWoegkqZaSSWtTtmmc1q1ltmZGZ/RdX/qeEoEUMhEhOSSADDc7IqIElGykHAly1HBaAYIEe5zG1ixTi6qiC0GmDSIIQilZqYh0ZmIsSJtEgSKiSISiRIkSrdlOCFsypRbIaRqmsWWqdLWrXYmQCKGqnCYTgUAAlklFLV1RlCg1pDaO43qdOIpKCeOqWkqUWvuulKgZbpnZxhKRRqVGFy2bWwup64sIT2MtpSu11r7v+64GYmoNyKlZWRRGZAOrFiIBBAFdLUVSmTKHcRhXqxwmJS3HaWqY0peuryWKW0aUqbVhHKdphKy1jsOwHsZxPUzT2Ia2nkZInLUUSlhImGZbppS+1FJKIZ3ZsrU2IRFIIeM2pd2c09SmbBkQpqtdV6udh6vVODlCXV/ALSenUFgileBQG1vLFgpsy1gITK7HNmXXd1uz+ayfT5PT6dA4Ji3ns3nAMI2tpaSAltM4TA4iShA5WXIpMY0jaUkRpZTOAjBEtglpHMdpGruutmzjOIad6dqXru+cTqvgEr1RiZjNOjlbG9rUyNaVUrowQUZX+6LoCnauV6thnDJV+7lCwziObSxFCmUSXcXZsq3Xq9VqOazXJroa0zi1NpaQEklpRwpyPQ6ZiRySCJoNgWpXS40oohYU05jDOEl2epySqXUhe8ppmtZD5iTTpka6ZZKJCVFrzUSKvnYqJVtmym7jkG2asKJ0mdmmZuOgZZumdTZjTW0ahzFJoSjYyrSQg2yEQhEjSSiTTIsQqcy+62opzeN6WI1tiFKi6y077ZY2JmkYyyaRcMMiRWutZYZU5BIRqtkmESFlm4SJYnsYh9YakCZc7DSZxpaTnMZxyqQ5I6RwIEK4gR3Rl5DAUxqDpCiBFFWSZKwIW7KESynIzS1CinBhHIcwFBJKlK6EoEZXuyJq3/eldG6YTBGhWsNgeRwbVq19RLXJ1lqbEkcpzc1G2VykiGlaNztg8jgOg1sKatd18x5FQNot3Zx9P68qCCmkACAys0TYgBDGTjuzTVmjEIqoXd91tUaNKKXUrrWmbLWUCDnTaafblJiIKF1V0LAbOTVPU2RVhBUhtWkcp7FE1K6TIpBbwxlRQwGZU2vTNLUmHDUsWmttSlkh2ZraOKzXwzDYqYgSxfY0tWkaDFIikIsFOFAU4VAURSkRUaSCDDTc2uRMTLPTTqdBESiYWktngiHkJCIUWCljWyGZNmVrGYoaEaUgsmVkA0pAytkMzeQ0SZl2y4YzSZBFtjblJBShFC2bnZIjSglFFEsRUbsunbYpRIRVQLIiStRibFobx8zWslkkCcrWgAhJEaJGSJgiyRZgexzGaWyAccOmpTOTMCgE0LKNYOfUsHFmg1Royma5IIQkG0nIwlKGAElFFEigRC8VA0JRbKbJbZpAgYGIkJU55dQA24Fb4kaS3awqipVCbWoCIpSRmc2JRFFEkGlSoRIRNaYp29gU6mZdrV1ESIqgULsim8kOiRJIEaXWCgS45bAe3AYiuhKl1BIFYTmIWmtXSoJxJiWiRAlFEbUUVGk0pxylllJlYSBtHAYkhds0DOvWptYySigqqLXW2qgAAdQSQchkJiCkNEZQawQRUbuuAs0e2ziNbWpTtgQyU6E0ZIssy8Ojo/0LJ0+efuITH/dar/nqU2uHe7s5rnMysoRSkiDsVEgRODIbYZMKSi0RUVRqFMCWjCWJCEkkihKlq21omQCGdMPIxoxja5mabKcgoihkSQqpgNzalCQOTMoYO7NJJVvSkrSbSwnEMI3ObKIICRRSKJFCIkIRKBQIHKUAQUuLdKkR6jItla5GiSilbm7OLu4uX/d13mRYH2xsb7RkuVzarTVKpIJSoqqWWlVqKUG2lk1Op7DBqlWZNsXRlej7Djy1hFSF5uZGIyNCRhKRORl5msIc7B8cLg8jSFnE2FqmnS61ODVOwzRO2UYmpnFsbeqKijFISpvWxjY1T9moUaUgVGutfelqVHWlymYa03aEZAUK1FpmplokbkpqjYh0OieSQik1hnEtW2YaW8uGlbg1mylzlCfJkDm5TePUGrioINwyp8xxMhaTw4FKKVGKM9MtExuqSlRJgVu6ORuZGJcgLLeWzS260vWdGhZOOZuAQCHZObUpR4dqLRFKM05TSyct7clEVZRIexiHsQ05tjQRAoHcDKSbFLYBZwsEFpGtLY+WgVWLFEhOj+sxW1KZTNqmEAgshyMiSi2L2TyiDsN6mIbMbK11nWbzuQKhbNlyCgpWUZQIddFHVQnJJlqb2thsTdMYKKJUqZSarWUmzlnX174jUqUgTTaoREk3iIjoahFqRmg+750uUj+fl66ObfCUQNSKws5sU3RRaxcR4JaTEyuac2rNci1lsqdpslCUdBunNiZR1C96S01QKiWiqCulFiPZSFEiIoiIUiJmXUhyjtOY0wSyFFFK39k2pOhq7We9Sslskp1upu9q13U2Q8v1atlai5BNph3uEHLLbB6nqTlbZkqUWhKmaXI6CkpF3/cl4mi5vHTpYLVaKaJ2VaV0tYRKpkOSW2JIcFFUhSGbVVT7TlI4FKRTMgFRI0rp6mzWd7WGoKhWBer7WakV06Z2uFyvVwNCKmNLuZVau34WpTg95piZKqRIUyMioivdxsa89h0hcKklJMzY2jQNlSDUNNqJIsIEyCgolAJpMCICt3a0Xjc3u7VxtFqb2jBOJktXFSatwtiaIjMT6OfzUmsoNjfmUWt0Mm5pUClVuLV0tmwtke2+K12tCstZqAq3NrW0FOuxZaPUmsm4bnJUlaoQ0ey0wyqllC6iRAk1moh+1qXJKbNNlgOjoDGNY0t3Xen6rpSatrGCnBIpcWazW04TGDtshFVkV6m1yemJlmmTClxsmuU04BIFkGyBIERGtkY63ZIspUhu6RrFIoqqhGiQ6WxjF1H6bppac7NUBKJEZKazRYSnlEmZhnAiORSanLXUrlSlEpMJULpoyCiYprEN6/VqbaVrTC0xAskOgYUyINycIWqohEh1Xa1dP40Nsva9RGCVSEhnraVEV/sakkoxwpYSQqUSSpxjpqcIlShASAKhGhiSNqUJh11LKJCYpjZ5cqbCtau167ouQsI2SmSY2jTlhJDxZFUUxYjMEELYmQ1sARhLpdZSojI1o0YD+q5vLWW5ZRqDbefUppwyhQils6WLCmHbdgPkTKfdBCWUacuBkKRwwU0AQYTsTFKKLkqoIBNFJYqCIEEGN1lGYNuZCkWRbINkNackpTECSS3dshk7bbtNlqJGFCkCAZkSoSxylIBAoVJqiRK1EMlkA0JRSyGwUSiZ0nRd39VOoVAEuATOMKRBShtDQqJAJTPTBNgAraWwEK1NrbVpsiFbZtoCJY5SiEhlZlNGmCSJBJdaai2KEA5kLAKYmpNGej2sxnFMtxICKJrPZyVqSERFTC3BRUqZdC2lL51bTuthbNM0ZSg2FpuLxWbtQpLAabCTopIonVOjK7VGZIjEmVGJUmw3Z5qI4lBmWw/TBFEqiqm1xpSkRWvpbOlMC2itTc5au9ms7/qazeM0GEfpSikOLNzc0k4LU6J0naoIyNZyFO66WqIEEUhSUWTLxJmZmSannGg2JErbMGXKwZRO11JqrYqiiIhiacxpPQ7pLIX1enWwf94uv/Ubv/0e7/muU/ri3qW+m/W1y4blRBGoRJEUZhrTDiSECUUJRYmWGQpjC2e6UUrpuxlOJ9km4yIhZXO2nNpkrKA4cFOoRAQqIqKEMVYoIrraz/p6bHuHIgW1Folaa1ci5am1ls0YkOlKZztbS+NM2YLEFqQNAoODCLDTniYU1L6UqFaaLH3poqKS6cV8c77R/83f/cOHvO8Hl1p2TpypJdKUrvazeYmSk6dpatOUbbQV0UV0WKWoK31EJwuR9mocopbZvC+lCmzL0dzGYbJKFXKVQgpPJlop0fDRtBZEqSUkKSzhQKWEQrXMuq5SisJjm1pm6cJVsqN0tqZp6qLrS2/sNFACQjVCtY6e2tgihAxqrdmt1mJ5WK+m1lJAjOM0rIZsrZ/NZ31nktBqPazXayTVGooaNSIMtoUSuTkzm5udNhVwIrAICDKcmThAEiqBcUssEQpIZ042tlu2nLJlkrLcsnlq2SwUUUqtCjItJyqCiBIljMCidlH6rk8jEVGCBCuU05jZAqSwkZTOpGVrshuJ7RBWaiINJDQgHKWO45RtXI9Tay2nNg1j0qY2SWTS157U+mjptBKPbuEp02Zqbb1aAxExjOv1ajU1DzlOU1sPQ0s7sUyoRDgQmtLZLEkYZHLKyUlztjalqCGgKEp0Kgqnm4tK1/WmjetxciqKooSilr4UFRQ1stH3falFdhARpe/62neYxJ6aUSAR2aahTW1KOwMiInCgru+7UhQRQkGpUoAzVLDX6/V6tcQNi+hm8zlR29QUUUpFteGcskaddaVltubZfK6IaWq2IYvIzGkaSzpphwcHl3Z3xynn/aLWWmRKNHsapzDz2Xy+MRca21Sjdl1fatTaRUioTZmiRJRSQcLOlq1Z4XDIzpazxWK2mKUEzoQSxjlO2BHR7HGabCAODg72l0clolaVkK1xmIbMEjGuhoODo5xatiksIUHUmNZjpPp+FqXm1DKbcJsmcNeXWrrSRQln0nLqSgSBqSohycXOEqVEWa3HlpNCkiXNZn0EUYQyx1F4cka46+ZOJErUcZqG9dDXsrGYl76f2tSa57M5oVq7PooUqGDZJB6m0VOWUhRKaG0qRSplWq9ll1ApRaCoRSKFsoZCISuzCSuiRsgZIZsioaIIwhExq7X2NVRns9J1UWuUUK0CJrfmrBG1llJLVPquU5RipSrS1KbmFEzTOI4ZUWs/N7aQokhJoCghUJvGlm2+MQ+F0yEZ11IEUBGSSlBrIToFCkIFSQkpErcU1FIieguEJCXOzDYNbcrWEgcFQWjKRrpBZrZmY6ecrYCl1ThOrSHaNObUEkNgRyFcSAGJhTNKAm20m8mqUERROEQ404EkktaYZIVimDJK9P2sL7WEpmkcjiYbgSSkIHJqUk6Z2LYjGMYpcypFUHI9tKlJJcCJJEL2mGNr6ZymNk0KtXSNQJYIBSWKiqKALE24ZVMEKiUopXS1kwDZ2A6FpHEYpjZGlK4v834eKq2ls0lRIgxdiVp7j9lMNyuRkZkCCxRdqd28D8mTs0EU0gplkjmlIoJQEWFnURBqOdlTM7KnTBMRQoQAnKBsLVtLWa21RIqQSu06LKfTmbJtkqBEFcjpAFlOWk5TTpmWIkB2omyTG5mJIo1xKV2pFbmECESUKFGrMpwQRChtp8EkZGI1205bFlJNB06bbAZBiKiKEkFmWm5tao1EcmaTmh1O0na6uMjCTZKkEiVCSjlpTkUtpaqG5WxgRZSuBgpMczrTKrUrtqSS0HJKpySVQBaSVKNIqgoLnBlpYUyzsI2hiCiiFKlkM2BSUhTVro+IiOqoQYbAjOvRTpEyRUAIlRBKR1AKIePEkBJRai2FlEqUCKBlixrRlRpVQrIkGzmcaWjNOTUckiWihByttcOjg8P9g9Ym7ILD5DSNQ2ttsum6GjIgqUQBMl1CXV9q7WTZOU1jG4dsqQhVSVJQo8z6rrg4wXK2EtF3nZDDLTNJBSm7NVoWSZIbJoMQCZ7GdbZMZylRSokQwm2apklgXKPWWkupUpVKjZj2L2ble7/n+z7lUz6+Rtndu9DSRSEsHCKQFBHFERiKVCJbG6fBIGwBdLXWKJKJtMMWKJ2ZE6AiScIhBfJk0tFFZoxtksLyMI7jNExTw2rDYGftale7qGpD5pQQhNLpBmBnUARTc9oRAmitjS1btmyZrVSVkG2c2RpOpeSiEqQzk2ZPLVsTUhRP2XC6TTkN47S9tbWY1e/6oR/6tm/65qh1a+vYMKy7rheljdN6GsZxdFJrJ2NZ4RTjNNkZoSiammltaOM4tXE9jdNYSim1ShEARo2Us7mNZGZQVCe7qFx7+pr55pbX09ScmekkJ4XIzNZwJoQtRyiKQqqRFu5Kwc2im3XRBYlDiKFlTtNqPUzDUEtXomRmgBQqxYppbKCu60vtJBQKR5Ri2262MvHkIpXSrddrt4bkQLgiY6nIKQFI1QoZSnUJEBjkcCYRIahFKGSlbUlFMmQKJCnCNqkIdbWUWmTbmIhaQOv1sF6vAWMQcstsTqVkK6KWyMzlaiWnUAgRygiForRGthSUIikUpRBRipESO0pEqQWqMUC2EpIqphaV6GrpaJlM2TxNSRSVqFG6vkaJ2kUQpRQiQnjyNDaU83k/n292tZ/1fRRNbSLVpjZOo+SowWUKShScLSfAhK2QEpQKUUqxHRGO0s26ru+Qsk2ZDTnDJehqnVqrUilFZGZKJkV6GsaxDSZay8kW1K6WUgNJKjVUK+DMaRiaHVKpVYoIlVqidBHFSiEiMCShEqWWUjJzXLdQ6fo+W8tsZMvMIBUhBRK04jKRLe3mKJqmVhRFIREoU+M4hV3FwfJwWK4JhVQE8jiObWrO7EpIttR1XUQYR1K6EHYUGyeWulrTEDG1sbXmpJbazedhhGva2cZesbl9bPI0rMeo6lxa5tjaLHqT6ZRTEaVEFOUwDQzqoiultcmGzGm0RGuJRGicxpatrSa3ocSszEpYxi1z1s8jFdFmfd/Xrk2ZrdWuRCibWw4luq5Wqxacwo1SStKcLbPk6CkTEyUyM4c2rIcotZY6jK01F9HcooUCt7Zu6z5rZiqim3UlyjSM9oSim8+L3FprZF96hYQCT+MoKSJISpR0llpL3+GSbWw5RZsywc1EFSmKsAK7TVODKBUR0pQtBKoEOU1pRaJCRG2N1pqTUBFSUUvsVAsC0Dg1haZsJH3tHJDZsmW2ogghxTSsau1qF5hpGoapdX0fKBsRtOY2jV0tUeo0oijYLUdByq1NMlKThB0RSk2lkx0UaIkDSmGyi5Oodma2kGotbghZCorToUg3J3IQHqcE3JRFgcZhrF1EFLCTTJwTCrBJnIoIB8bZiqIpnQ1LQpOmpFQVdVFjak3ZRLFJU6JMkZ06lZImM4dhHbVDBacotdhERI7rtJPOJSqFnCaKTKlF4+hptY5Sa1cVclpyjk4GShFWxqxWIxUHkS60KZ0Qka2lS6Go2IlxukHUWmqdxkElsBsqpcIoRahKmqYsaunAzemkdaVGxKQINAXOtItJmRCALEJKK4pCRWQmqi0nMxkp03ZXw0pJDufoZrrMKC61sm5gp5EMgIraZApSkUg7RImwcU6gUFi204SiyVhWBJDGthACE0FESMq0MhVBpi1EutnUUlpr2A2Uxq1F4EaEbVshSQAhOW0cMiGB0zaq0LIhVWRaJkSEDa1ltiyqLna6KijFU5tadqV1taZtmzCiyW1qAgTUGs4W6cS2wITUYGpTSRsJJE/pEEUISRG0ZpOh4gjjYhIaKjYyVqq5WZGKCLAUxtkckaXILiFN02QBFOOWdH3XdaXUTDszJ4MjSJwta3RIgDACQlHdxmnKWmuUUlDtKtKYk3Cp1U4sCIUiII0EdiqVEaCUQmhs45RTKWXKKVwpziRK2dzaGKbJzpSKikDZCCqySiqmaaS5lJAiW5vIimrfO+20jBRtGhWuUYKCZDONw9ikhoplJUoslJlSRDCOVslsGSUmt9IsUUKJKZFuhaBUp6NEqLbMxJpaswNCAtTVgDQyObWsTYq9++4+fuq6L/zCL374Qx76fh/4IZcuXTp2fLuPWbZpgoLsnMaUQiIcDlPINAVFaJpAKlGIRDhbDjZFIRVbyEIRSZNKQGYSCCw5FCRgEpACpV1KOsdhKKqr9f7Ump0a1tH1OCdbIECyE0+ldkIiJ0XpnK1mpsOikGQmoFoybVoUKQuFSDdniZAVIUljtjZMoZJTixLZvLW1s1xf+JCP+OjHPPIRr/b6bzKbpmzT1Mblel1q1896wnZG0Xo9llIQmVkCE8A0jrWURe0NQxtbuq/qSpd2dH2XraCpTY0U2FMoaqmQbcq+70FDm0xGdKns6gwp29SaI6KWamWS05RRhDEkFGExrEZllq5PqKpEasopM3E4FMKAUWBam2RJKhGllJbOlhHUWTXkmJ6gOiMrKtE1sTo86EpXZvNxWk2ZJUpEndrYdbNMmu00uDmdWSRlCrooWJMGmwwFcnpkDNMwJsIAqJRqOWodpwmjUKGMNkFARGS2nEZKqbUb25jCU0rUUgM3EQ2am9ycgSJIIt2Kgmx2egqwpECSEK2lLQeZ7ookTUNzGBmIed+mrFHMFGXmBjlF19eIbA1jtFwddnW26PtWLEdihEiQNYEjNkqJaRywS+1VKnaEKmWYphIFMWVrwxSlzGpfo2tudgqp0Kac2uTMLkpI81kPQKRzGEeZqa1FzBY9mU5M1q7aMikV221qiiCcq8RFHonSqdgeVkOmaxe11kilLZGGGkKyEdmaUKDoaomwZNFaCxuEVEwq5rNiRxRlJpmTjZ1GgWSZbBkhdRGtDeMou3QhSQoJaLIFaatGUVmuzpdSN2o/25kN4zRNk9OTWo3ORlEix3TThFyyTS3btJ6srBHNbi2j63KaFGW1XCm0WGxGUbbJEKULZ7acxjZO05CtheiiCtXSgYZxmqZWo/b93KZl9l0/m8+mNuU4RYmu6wTjsMZZu650fdfNImrtuo3ZTNJyNRGZZj0ObllUjaOiKBINpxxdiVJsT22altM4TZNJt4ansTlThSilm9UgcpoyGyZba5ktsQPRmktQ+2IUUUuvlpkq4TKOrU0TVi2dcfOYxtg5paFYCqGqIjG2aRyaRXGo2GRrWfsyq8W0w6Pl7sXd3Uu7UaJ2XVG0lrKiVBkU6bTBFpH21BouIapCEVPL5tYaTrVpnMYBiaImO41zypxykq2wwjk6bQvjlpNRKZrP5t1srgiwQm1qbkQEUbHdkjA1olRhxNTaNDUyM1vLlGmoOgpVUokaEeBpHDNdMJHNUwMaU05pQkqUmWmXKDU6CUkmQ5RSWmJniSKoVWGFwlLtSy0BjpCJACkUlhtBZhMpEsCt5dja5DR2jSKFwC0yKV0pUYVkwLYpCkJhoTARNnbm1EZF7bquFFkgpxXk1JqxailRTMtmSREFmkK162rXdbVIiBIlsKhSlL50Xe0CpVEoKBZuU8vJzbKnbBGWClgiJ1stW6PlOIzjOGYaUUARJWqoSDm1zGzj1JwZUSNKRBmmYXQTNGeoRBSnW6bstBRCTM50YpdaEEjqQrhNbRwny4LWGmacpja1dAaoVKTmVkspJYoEphERIRRyQ4IoQiSWm6c2uWU6EuOkhEIlDXZRKAo22FgGCijtYZxMS6hRat8phCmlBHZmolKK7IggMKSQjRSBZGwAW6JELaVzI5AiiMCEQnIQJWoggZMAyZIUrooiCbBqEdDP+42t7ah1as2iKzWn1sYJGVxkCwW1lGwtWwOjCCFkYTmdVsg4JdGmFioRVUA4KNmwsmVayCiiZY4tpehqKbWoBGAIRY1CxjSZdGtpSVwWiiDbRFpg5zQOyKVEmAgphMlsrQ1ATh6n9ZQpaz2uhjbV2kulNcb1uD5ctiSigppTAIgq5OYpjRNLEbYl2RSVkMipTUmNNnnMBBZ9v72xrVKLQ2REdLMuSoAM0zSOy3VmhiREBAkON9u2lKaGpBJRbaY2ppukcRxzGtMpS5IsT9PRepXONrV0hkxE1/dGNTpCtlumhUhnNhtAkBAqDpIMKYhaHaESwqhYGmi1i9Zaa62UcrB7Nqd8n/f7wJ/9iR+pJS7t7o3DMoNqtXGcxsnNIQuZ9JigrhQgW5M8tWEY1mOOzmabBAwQlrCVmW4QGJxkYmwLIURAlFIiqorCERKy0jl5SGftSt9XQmSW0pUIy4oCxjLUiFqrIiQFCtF1VQrjlhklSle6KoFJt7RTKopSVGrtSgQhqQSCaC1BFi1by3F7e5vkrd7uHe95+lNnWyeIMuSEWl/Vz+aCYZjkrH2vEthRagSZabsrxWS/sai1lykAspnaZJuIlKJEwcoApTMzM5myTVMqSrNpSC6WnW1q45QmYWzjlG5urdRCBLYlScM4ZGYtHaXSKBHDsF4eLRXRdbWWcNE4rsdpgogIoE1NIkrIMU2ttcGRqEQEaWo4IILUODZqKQoVtZZhF0IRtkuJ2lVEozmnElFKMRZu6bGNhqFNUobCNjjb1HJya8gCSUpJ4XTaNWrXd7N+FlGyaWwNMqx0S7dSSpSSzhCy1DKIvusKZCbNU2bLJlNVohRbzhaACKJEjRoqIQXgTEhBy0lGRSFIpjZhRamA0wQtp9ZSKMmhTQGARNRQUKO0NrRxpE2tObNFpiBlUURpbVivl6thlaaUqoaJEgVF1/WlVCJoSmckiSmShCJzGseJyL7ra1/S0XJaD2NLlxJu09HRfgm62QJorWV68mShoDlpWftSarTMlpNbq11Xa0iKMMqWLZ0IwdQ8tlZrJYJ0IYoiFCCktKbWcKTchqmNg5zGiadpmrJlTuthUiHtaczJCYoSpVZkgaWUE024uYGjRkT0fbVbumWq4Uw7m5udeezYsdrV1bAcx1FQQl3fd9FNbRzHKZ0KmTq2YRjWKm7pCHV9nxQnpahE6buZi1TU97PaV1RrqaUU2XVqLqUaEmqUydimpapmXYfAajkJ5TQ0VKuc7kqgGMfWFUpXCDtxTiEPq6Oun/XdrLWxwNbOTi1F0DBYRThbUroiK91sO2V5nKZaOm2UIqZxcFqKrkZK0zh1fa/Sy7Zr5Njc0lGp9tTNOrdGNofbakp5YzafjOUoOS6TIqKmW07NKBulKNSls7WstZQSzQ6pRBDhopzaOE4qdd5FDZxerdYqZWtjoythXIJSuuXyIKKWGuM0GCR3/VzOFLaHYSxi8lBKaZngWkotRTgzowSo1pKttWyWkGopkpw5jVmjqDiS0pU0AYJQmAiRLYmotWvZVuNQW3Sl1sUC2VbXKdM2ETXHKbrCbB6161BXy2rt5szIvvRumS0RlrCThoukwGnLIRtHs0sJJ2ACt2aEBGAkUEmBhYmQcSBsTJsaknJyLZmEiKhJEq61Hz0x2hG1VHXhlhLOltm6rpZZmabEHqb1LPqwhKaENk05xhQ1hD22JmfUWqJGka02tiJNaZRWlKjRVclSNZNMnXVKUdymBGrtSsgKuxUiCzGmRbqRKITc2pSQUyu1L131NCGqlFa25rRqRBXUSdM0DcM4tZa1hmZzSrg1MCJbZtpuLQFqqbWEQ13p1i0zCVIlOpWptUIkBOBwGkmEyTaOq2FUIRxCqqVSWiZWmyYgVCRCRFeDwHYIKFFaTulWageYlFAoZDlTZDqsrnZJBmFcSyfRWnOCjCNbSyeA5CQqUZSjm11CkmTSYKvQqbaWijqOjbADWbYhItQmkhSBPUUUOTFBKFCsx6ELUBQVT+M4TUI5TY4aJRSCJCqFMhHhxM0EkTQaKlGL10fDwJBOsqEgskZYyEops5FEFGcrRQaaLUeRHEIuIlwAR62VVHNjWmetgpyyRaaijERYripyaxLRmmsoUkiORORkiCh2E0mEkhoBANM0hkIRRKQnmVCNosyWzWl3tUi0RlrYBKTJqfa9i7weXYrCThnXrmSO04BKQSJUstnNEkqmKSmlWqmWtGlUja52ckzDWKLWkPsuhnFYD5p1OHNqqfSY/UKVmtNoOwqYuuhLlExnm6JEV0ICt/U4ySBhlS5kjGXZtDZ1XZcmELg5x7HVrvSlc1pFbqSHNrYaNXAqyMjWJGgkrlGHcYxwOhypphTOVqJPJBs8DK1lKzEVSVYUbGWbKMWZ64Nz3ebWG7/V2/3eb/zaq7ze6+7uHW7N+zKft2wodnY2nT5aH7aoJYJpajFF1oYjFFRAxgAmFCpgN5da1VoTNIMic8pmA6EIJxEYnJkW2RQRAoQkRU6p4lqqQcpQEYjEKn2nZGLqat+MpgHUpslVUSJbYtyAlOp8PpumFjHaAW7OSETaMU1ZImotJsNKkFQjTEjOLLNO7Oxc2tt7p/d41z/4vT/sFjseR8+7sXkaV2ACogbZplEqJYIItUaoRKW1nKaQai1ph8gcgoJSkGnLEcURzklRx9YyUwWJcRgqiq7aMpkmc8qciooUkm2GqXVddLW2lkFQMowIqsdhoHZ9lHFYHRzuXTO/oUaZpolwawh3qigisljZUkXGY5tKjS4iyTZBUEtfZGCahhpVTtvz2Ua2drRc1y7kZqKEQrVlttbSUVCY2tXSFaEIAZKnsZUoUStubVItUi0kBpsmKZ2tRRfjNNiGILGGiLCRVEpnnM2SPLEehlprhmRKKc0JpB2O0hUwCreJVEQQFEfKidswSSq1pjNC09gQWNSsFCmGaSAtIAHaNBVJptZQUVVNa5jGkErpxtWQ4zhb9FZMrTnTQba2XiehbE61WZklbm0icXHL5sD21JotcJpaI2qp7kpXbVrLUNRQBjE1OWoXMfWtb6JM09o5CNJ5sLerYdo+dVJRpjbVKGQkMi5Wi+bRSLWWlpQSCqbmbBMYZ5TSxww3p4Vb85BrKSIKZBubpVBMmV1XFbW1yZkyQgpBMU2SpXABYWe21sZZ6R3KKa1RRrVk5tSmKDUmsjmdfd8RpgkpaTlNpZSpDRfPn9s8tnNs+1gf82mcpnGEMu/nSWstI+jrXJCtSaV5CoojjdRcau1qTbUmT5lTtq7veyizRea0Xi/Xq3WNbrHop5xCUptaUJyyiShuTjFNU+JQqETUYtxallr60omcxmGahmlcTsMErkVRimrp+76fLab02NaNjK5auNlyLVG7qCVKqVPzuB5bpiQ7M9o0TaESQVGIKITsbOM4jJlgWpvIKacMkApJEGDV6KLUrqvzPhTOJuc4juFWSqihosQlQmgcpsD9vO/7rlR1fa01IsKAPbXRTqNpaqWUWrtaI8lhmmyXritRFCp91/UzpGG9xpJKZmLAQiUiolRFF9F1pdRaSlhka1ZKEFKtEq01SiSJXSKa8ZTTNLVpmpoDW5YUXcUwNak4VCS7kZbJTESNWqxpmpozQiJArWW2lOx0yk63Zk+TMy0hEJFky5bZbAgZCqioKCRbluycpindSokgQkIARbUWFRW7JS2EjNOAzTSNLRtOp9KKWkuERU6uNSAyKYr5fF66ri997UtV1BIBETFO0zBMLVtraSNQGsJ2YgSBcBCBVAqltHSUkOi6IkUbV1YmlxmDSqFKRaUQEoIpp2xOlRJ2ZuaYOa7Xbcr1OMgWoRJYiLTHKUnbEIKGHRKKTLU2ZWbtSigUkhREqf2s753NJkDpdLa0U6EiTESNcGNqU+Kw0iAXEPaULadQCJlsOWZOSQtZEdlyNQ7YUql9iVCb2jQNpC0mJyApU+mUlXZLmIyyMWVLLDsRNEBFQiErsdMKkIOwLYJs05TY6WZjO9OgiBJRJDAgigqAnThpmTlNmTI2mLQQFCLHnJrtls5SIqJYtiTZESRFkeM4rFaZOU7Tej2u10Om+1JD0ZUaYQklGOxpysyUJENr4FA0ZWbzZDvTmRjJakhYRsJqKVQknIoopQsp7YiAMDm5tTYVFQgpMlPhojBR0wKCQEVShegcymlEypZO0WCitWmaGjnllGmMTbZGttbIlkYAUnEgWY50NCc0Z7Y0MjQcTkxGlFLUdyVqX0oJRXXQ1UynSRpSiSpomUAJKdMWQKhEkcJkWHYqs8y6UotkROmiFJwImohQNtLNIbnVWtTcshGBZFCoi65GLaWWKM3ZrExPidOZrRQpwtM0TZMl42yttQyp1IguutrVWmtfnEZK261JpE0DNGa2HJ0NWUVYrbWGo0TLzJym1lo62ziOo8giGYWiFNVSQ07szGmcwKV2tExna+3o4qW23n+l13qdf/jrv7jhpmsPVuv10aqrXRdxcLBcD+vSd2EroCjtlCXSVkiKkBRCUhQLg4XTKqUoIiKdU2sQAYnsxNkyx0wiJJqcmRhJKpJFSFZCiVBEozmbJXAbx2FcpZ2tZWvTlFObFIKQqghCwjjsNk1Tm8aM0nc9UQCnUlFKcWa6tSnH9eRUV6JWOZGtdKnVKhvzeS3lD//gzz77cz4rFLPtDTJiam7jLGZ9mUWoTROKUgKU0yhJmVNrrU1TawS1dhHFcjZlG0GJpzZm2sa0TE9utUYpERRFKaWUrtoYZ9qZMkJAOhI76UppwzhNQ8EKCqWLWUQktLFN49jMxub2yVNnSu2mTNkluj6iREyZOTaaBCqqpau1q6UIxkQOhbAEXQ3MOExJs6N5UildiagpsLCdza0ltkwXBcmBG2mMRaCQKV2NKKHASlsUNXJKWdhuLd0sSpQoYUJOyxERtZNVuqIILGeDUrpQIEVXSyOHcXKKiLBLLYgpU2Q6GokURMMR0dXS911EkelqV1VCIQlBRoSMnWkJy0pg1vVGkttoN9utL11fS4mCM4LoKyq1dCpRSpnVGempTeBSZGtsY5RYzBaz+Wxq42q9apnr1eE4jUAtIWhmGsaxNYsIuWW2yW5YKU3OcRxNKtOe+q6UiNXyqI1ta/t49P16tcbpZjmszGlSCuHmMZstS3ZObpmttaHruoiCC83pnNLNObXJHjMjSpQoREwm7eYsJYBSVEuxFJIlJ6VGQEhKprEZ23hSqb1KtZNwcxtaa9OkiFprX2o6IWqty9UyVw0TUlGUiBKllhJRxvU0TdM0tQh1fSdYT+M4TjhDocBkRMikE8AKRT/rS41MA5lu01AjimjjZEbbTm/M5v2sFxGUGqEkzDQMU6t13s/phD1O5NRqHzk11VJq9HOTVglUpjb2NSK6saWnEUtl7Lo+IhTRkePQWmattdRoY6uUCDk10TRl0kpRhFTqrJSIaFMjEDGOg6GrEaqemkM1Ip2e2uSIykQq6PsOY8Ce7BIBRnKoRIAznc22u9r34dKVNiXpqXnRh2BsaaeiSJISHI7MVkoUgJCsEBYGcNqBpLCQ2jghokSEWmvOjBoSKEFOT85aqlQg3dCslCirtpyGsfY1bQxOJlSii6phnNRMOmVoU5Z06Tqax2mQopYopglaOpxSa9M0UaN0s17TlJmtZYmAtHPKjBKlFMlRxJRpMqe0AVkGk7bBUSIFzpAy3bIJyTKgUmvJZMomUGhqbRzHElGjtKRkRtdlS2dGIUVOFqgWFSJpBLSgIOXU0kC2hkUqAKRhmtKWinOSM2oUwma9XJdC1/cxtjalnTZkQi0lANtB1EKN2pwtm9vUWosIl6LItGRbGSmCljZKC1lCyAYUga0J1xxL7WyiFNulL0bg1lqbWhScNGctBRUBIhS1K5m0bBWpipAzFTFfLGxRBFJKGCyCKFVEV1pmTq1lDtM4tanv+tIXEzlNZExqSivCpJACg5SZien7XqEcp9GJqCqUatsJ0FqWbrKQ1WQ7QSicSUjpTMsTEYJEdmuWbAcishmykbilQxGJDSEliSIkGzkpGAWiZYIISEISWIFac9pCRWGM1ORSJEKWybRlSVLS3JS0sdlSuEYppZ+mUZIQUpsmZ9auT9vZUpYdgW0ThJVOuwSFMrWJIFCJKgMhRzY3G7spm1UlW5iUZYOCbNMUEWBa2h6dtNaILgoWcmJlc5EIZ1qmNZOlFKng0vdlmgZ5SsU0tFpUKlMi25k2dkapgBQpgFRmm6zOMXWlnzIyW6nF2TIlF9FaYiOyTUHYNtJ6HFtO866b0sKyrDSU2mOnnePUPGFG07lmhKTMTDeJKIFTxJQExkHQplEqJSJqzdbGaXRLS30tzTmt1xGdbRJX1UhRkAnVqG6W5VDfdzKlr6QnK8KBEuEmhSXSFhOpIpqjhFuaRhSCmESNUkWLlo1QVTVQsg2emEJ2EiUMEYyWgUAZJdSy2SlUa29nhp2KQIigK70JWLVhNcXhox/7kn/zF3/5qq/6mk9+6lMUbGwuMNmaSokozgyUKjII28bILY2kkNM4Vaqz4daSzKxRglAlDZaEIFUSlyiBSteF0y0zWyCnTQZuqGamsFukHBGABEIRaYciojkVoSTN1AZJITVEIdOtZUtHZCLahCJKgCFV1FobWZNESC4gFaYxS7RoSknm9JnT99xz7xd83he9+qu8yuu+0ZuX+bj2uuvn2NmcDTdqh4JmW6SzIpGhEoQb67a2M6KCo5TMJmoJKSSpeWqoGkklakRibENYY4muSIiJDBUVRYAjCuOUFjYp0Vo6s1milDLbnBfhHFW6vm6Mw0hrtetq0ZiR05CT1ZXl8mgchs2tnRo5jm0cB3A366PWbBkRwzCJVKiWkuBpaC1rG1Oyo1RaFolsLT3WvpNkMltGAFZUrKmNkFErKqhlpolSSBpZwE0ukpCtZrdMKUrBGYGxMieKpmmMqJmTFFEQXWujnVNKYDLTUQMpWyaWIm1F0MjWSq3OydRMnEZO21PWUiKiOduUZogyA4VE4ECTgKaUUe3mG7NhHLFqpJNxGCzVrs6iWm2axkxqH2mXWrroui4ylW1Yj+vaVytApJBLp9r1NWqIlqmuuE1RYt4VmhtJOKcEKYgS2TKdEiiczZBGERHl+LGT2UYsupItk4yUa9QusqUTSIKIoGADDopNjWgFgmIruhxGFYtOKhGBm5v6WYeklgnpRgsVqiMF2dJ4clBQSFOjkZQSKgqYpgYuKpZRpl0NpWvTqFDXVWc2M7nNVEMegZBCXd+fOHUyUZvSZJRQ6UdPbq2WWsItG1NM2STCCkc/78b12FrKBq+nsRaBp3GYSvU0jTlVlRIKRXSljdM0jU5X5FIrpIpQILKlaofX2VrLGiVKiXG0m7Ol+6yl9Iuu62YiMsgMZxunqauyJJSOUsAOUUuZ0jlm9EWitcRWkTPcKYxLTGOb3HqK3XAKWlOEJQmlW0SMk6NSa2lTk4TkTEvOHMdxTc66rpbou0qq1GJJLVPVbSr9TCZx7atKybSVmZMoOU2ZmqaxixK1j8CZ0fW0lrRZmSmteY8CZwgRrYQza6mAIqZszVNf+1IiM9vUEDllay36GTWnYbSBCLVsaatYtUQU5UTLSaSYKNSmjKLmbJ6kKAUA19phEUqbdMMRnXJyS5DDiAhlw7i5ZbOCroTtWmoGThQZgaKTwVCQIpEiI4txKIhwTrKaVWuESjolIeGsVaTShIyzNSsiRNQoIZzZUu5CVidkbE+ZIdkokEm1bAhCbcpYt0RdVwipMLUmmqSoJYhMFBkqpYRFRElSKCKRkpRK85TjKLJNbjFFKaVEmmEco5YemkK4RAE3ZaG2yGk9hkqpgSSptVSJkDJT6RalKpBtTI5jQ4TCrckZUbMpoFlFJC6lKAIrs2WOWfpAWJkZous6O3NCskIlOjIn0tlay2zZdcW1jHatIQpWyyaFarGtJolARBGyHCEpalUq5TYlbZpq7frNmsnYmqVSBHQhOdTaGBPNquFEUKSUJE+tGfpSAONsMkhRagFlDoBMurlGgUZKSiwoUSRaS2M3UciWiqqcIOWgEAgZk84QJYqiyDlOrYBAgkzSdqqUUKQcGQ5jE1FqLaJEbXYJSUrbTiICG9R1FtmySE3poKibnLOuUjQNU1cVlOapRCnpVkQ2oVKDlkQtBGlKSJZRRCllHNY5NkklqosT2Y5Qp84kpIgoaYfStVZna+lGqFQEkmrpSjp6WkMq82KnS6kkdtd32dKZUUvaETFmA0AyQkFtzVKBAdUohWiiGKWnolCJaZqGcYwoQuOwrl1nqUTYWTpBbTm2sUWE01FU1NGcwziNYyl9KBptSgeEqt2WqyNF6fp+1tVxmsaxZQ5R63zWOyIiFDWddpYSQVSchG2SRlKTlgKI9Nhak0vt6tQaY4saEdgokATRWspRqmwX5JZRaGnhWd+lBVZEQYqoGRTZrId1LUWhrqsE62EqUi3VWJJaq10lUZApRYaqyTaNpdYutMZkpEC2KeFutkFhWB2UHE+fue6v/vLPXv/13uCP//zP18N47ZnTY+Q0jlRNU0aoiFAYnJOVSoBSIu3MBmFnmEa2pABIkGljIQxSKB0REWRma4Rbpm1nlgiDTUittWyNUERAIlSEId2KZqUaI5xWIOOEsK0IZRpEOgRu2ZREWHamXSREKTWwqtI5tRai1j76bKl0hiIbQ05bW1sHB0dv/47v/IynP2Pz5PHZcqVGFkuyXWc1p2mcpggFUoRlrAiigsgpszmKFCqlRJuaM0Ao5Jq1qEVEmzJxiUA2zswSJT0JKaKqy7RNKJzNRIlSSygIMSWCCHC0NoFTkS3JsdGW66O+6+Yxa62Ba9fHTMMwTeNUay3y1CYraxdQbU3TlJkRFXtq2fdVJTKtgiKmnEIREWkTbqkIBaVlArJwYgCyqWbaQISwx3E0IhwqQgoypcRFIkxD6SxRbAmSLKiRhpKTU0MoMhMrKCZse5qiFEmZ2SYHkhwqEciaSFmlVMvZEjIUk1tBaSJiak430qWAOrdMBIQI4RIAKQDLonYlIjLber22ou+qpGxT2ulWombLYbmOUroqQ3OWUMxmYSwjz/oeXKLETCJaa+M0aCqCUkqUaJOFu1Jd7AlEpC1FVAREqWXMVp2mj6jKNFH6KjO1lJAKgCUpuspkFSHViKG1sbUSQp5aG8fWz/rMDBp9zWbJ6cljRARMoubUEmU2Q8ghRRdqpOxmSpFJGklfOgzpdAKZFNFsESWEbZnMKCWEwVLX96FiMl3JQVLibJONRO1LNppRG0uEZXIahTKsjFApyql0veSSrGtXMxhWa2OrGEetCEd0imbb6XFd3deuH4eBltFatnFURF9nIVqbMq2cDHaO6yGbW0vnWLputrFAMU5ZVBK3ljTVUmrf97M5BdOcTUHSoqvRVTe1MRsTNs42TiilolAb2jRNOU5u2dqUxgBGRSBFLRG1kpIVVYEy3bK1ccqpoRAGHOqidrUqdPHs+XvvunO1Wrq1iKhFzeSUiohQLTWiGCtKRAEpBISC6JRNko1aM0zDNA7j6AyiIpAEqCtdUc0IpDaOOU2V0i/mhLCnltPUhjYlNGc2t5bTNHicPE1RS6kRdvOUmQpUIu00skBByWwO5rOu1i4UESGytclT2qQhaTmNLZFrX2qtVaVEjcBTkplTZmtRSld7Q2bDyAUJoQihcIgQmU4FbWx2y9YyDS4RIZzNmR7HaZxAEdWSySJ1tZ/P5l0tKZoZp8lpqaQaEaCigpkybVAoQgTKUkpfaxelqlgKhRSh6IhaClKE5BCEUqYU2ZbDOIQlJ5Kwp2yl1FprKbWfzyJCgT3h7GpXoyhERCiQmplatmxFUaOoQMEyhEGZthVRu1khxmkahzHHCdya7WbblOhqUS0RAsiUMbYKCJcaJQoADlECIBAmPeFJRNKICFQotiwyZRQqtZ93/SwiMplynIaUQiUkBTKMOQ3jOA7j1CbCYU0monR9l5CjSymy5JSCouYBcIHMbjarpbZsbZrSqqVzgB0KialNThNOZ63FUk5ThJAVql0XkNgNQ6FgMltms2hYWCbdMhsYonQhlbBJZ5skoYha8ZSkyShFCJNkhhVBwWS2xE2BZZRyOj1NozBkOEWqRFdL2oQiSgl1JWyJCNHaCG5Kmu10S9Nay+Zsam0apxwTm8ywwxSsNGSmZNs5pRVFwpLCKkUQjtp3fe37vq9VQiJKhZqZ6QjoovZFQuA2DodHo4cpnSC6YjMMgwDRcsrMCKnZ0yRnMUDtJEVzEgAmHWEjIlQjSulKrZUSUaLrSpQSoSil9n3tqu2pTZKMnBMG2U7JchRARBSVUJEKmHG9nlpLZ0T0/bzvetnjOGFq13V9V0sECui6vu+7vutkckrZilAQpZSIEuE2tWzIzoyi2tXMKbNFKA3NaQjlZCcG2+nEgRnd0q6lq6VERCZubRzGDDXlNI6Wa60lAjyOI0JSjhYZCkmSMH3X1aiZbm0yzYlEhJo9TdPYLGSU5NQ8Dqv1eppy8GSpDOv14d7F+dbO7/3+7731m79Zpi+cPR9ylHCqVpVSkMZszVlKSEqnJKfdDCgsnBhKkaIWACe4RIRkKVtmInCmRcvmzFKQqBEhZCMpSpRoBoSUmU4TkomISLdpzKm1sdkGRUiqAptsDVxCtatSSAWyEAQiAmznNGUmttNKIiDldIgSKiqK4pxatvms39xaXNo/+uAP+eCKN4+fGZNpTEUSWg+rMacQCgicmSbQ1KY2EaLratfVIgrKlri4TY2MErZSuGiycTrJqWVmYskGNw/j0KYpnbbx5HSKZOpqp6IpaXbgWmoplaArtSs1qNjDmMbz2tdSTZIYlVKyeWzjfGOxc+x46XpazmrXdb2MaJkZOHOU1NdAKqVELUa11K70pXalhKI4VUMURURItXZd7bqoNWrtqrOlVWsnyKmFTBRwNtOaWzqbjCRnZmtpI0nKxK0ZOZIothARlmoawmQKg1uzQchQJJyWbbs10inTQE7SzbV0khAlAkVEgCRkKWqolqDZ2FBs2bTWAGEh1FZHS1tOZdLNF7PZvESohEqJGrWbRaiU6GazKDG1qQ2TW+tqqaWsxwmAGKaxZaaUjalNdhZVOW3bOAkhSBtw4PTQjGmtTeM0tWbhaWrNpJxO7Ag3ptbGtooqTNKshFIVKdGMW4aFgbRaptNOhxSIoqpSQ5npZmThWjuk1qZpGgPhBEmlNXIai9R1tYDtQFEjIlJkGiuIWiLT0zQSliLtls1mzClbBop0wpgtW47TOE4ex5ZTAxkpQlIQNmOmW5NkK0dHlK52tdZpohbJHB4d2g3nsFplcxCZWWtZzBaGqY3NyKnmKEWShDJTriHZSbqrpUlulK6qUI00UxRLrbVQLVWttWGaMqeI2sYG7vtZSDYNhGwMpZTWGlJRTLKUogi1iVqLwW1SLYjWxnA1mtVOoZwyoiCLiIhsLWR11U5ShKbWpjYJhbOrpURVqssxShi1ab0cllsbW7O+rqeBpOtqLSXENEyqxSWxgsSSBUhhZ5QIqLWOOU3jMDWRLrUAbq2FKNXTNCmiCAnslg4ZyXJ4vVq2KTNb7aoTkq6vJQoGOWqtte9KUdX6aL1ar2rtulnfphQChQqeMmTZEV3tJbccnRi7kU6SGlFKEelUhMhaoosgyQihbhxGMqIaKREiU1KNiJYNCzsUxplOpxBpFTntQqigMnqqgJWywcZORbils9keSWNCCkKSBZmElNmYclREA6dLKHOKUp2EEgKcJlu2oEZnt2lqEQKAEgUsORRTQjK0Bk6MFTVkmQDB1HKsGUVqxqQ6ZKQ6jmsFig43j3ZV4hISxZnZoChbeswAyhQhHKIIGmMqu1qmYRiy9apdV2xla1G6nFqrTUHQSQlK0p6SMIRUVEY3T5KQhRjaWEstVpSCPQ5TBLWoFbrSldqTbb1aTm2qGxtSiUhJrYUic0K15JRUaikeM6c2yrOQSjgUqRrRbMgpp1xNRjJ20uwsmRZhZZFaki1rLZJaTjIR6ktN2yYxLWDKJEk7sUqpGNuKyEwVOYniZpyGjCihkFxqtT0MQ7p1UVsiR1rIpRZCbfK4XlnRphZFtkqESZBbSlKWqQ22qzq7tfV0tD6yebYIMnkuAgvMv0hg7icwV0jYPB8C82wFGgBCYPMcBILkBRKYB5KwAUAgAKajth7GxeaiDdnPKhDZyUoSyHQhEKTs1tKlFIyk2ayXNA0jU2tydWmZihKlZpsyiepsCEpV182kHAZKrTYBzsmldrUkHocpW4sSs9lMMSNbS6ZpjVVrMUrSkylKW1Gc2WiR0TKdKRGlBGXKZrMex752JcKQbsoAy0REdIoQptnTMJVawgZCzjS2bDVLgdXcggipq90wTU4oJG0apzrvjafWiiIUKjhbqNhONwgBJp1FKCO61kYHRlGUUt/alGQtdRzXq/1LG9vHfurnfva93vXdvveHfvjs2Qtnrrkmp6kRQk67uVaZUkiiICUNopYuCuMwWS5FbaJNjaArXQggM93SJgLSo7NESCFUSxDGmUZRimynW5agIGETEiVqzMLOYRxDyszEIUJqiZnkQCA5jaK1JpSZBFGFGNajM2tXEdmaInBGkSiqajnhiJCDqbVQKTC1tpjNl4eHP/yjP/6mb/Im7/bu77mxWKxWh7SS00Q6oipEGnBmRFGULnpL09TclJkBKiVbk1GpRcpsObVSo9m229SiFqTWptZSxkGJrpa+FJXoWkxtSAVyeLQjp2lKWw0iIpDT2YbmroYDpCiOCGpxaxiUMnaqaNb1tauZbWiT7UhsZ06grhaM0xGSasCEK06VzMloVqsUbZqETThbTlnnpQoimmw7VJAIB7JxeppScpRCJiEMJp2oSCE5UjY401mi2AROGgqA6IrcGjaKcEBCWBnpNKQtkc1gI7ekJSgiFM7mUkq6ZXPXVaeN7TShEnJOdmSUUtKpEBNOZAGlyALjlGzbYXW1tKS1iUyFIiKnHFrrona1tmytjSpdLQWyrVubmnvUWmsZUg6jA2ynidKVgiHkFLJKuLllNrtG1BqZE2RrTdQ2ebUeuq6PXthS6aTmhlVL7wmjWmZ2QpumRmZztAQFmQqkBlGixLxmy5apJGNIexyn+XwmRbYp0w76vm+jrRQRIQHZEtOanRNIWMgySYqqkBRhO4lSkQNwkGPClFbUaK0hCXdddeI21lKA1sb5bNH3/bBeT8NEV2tYk1BIBTmKzDRN6vq+kHZmo5Qo0WGAWkMikylbjaIIWmvTWCKiFEtOsjkiyKxAm7J0ZFIiJluROcUwDjKzrgJpqWhqbRqmYVy3bF3fFyuUBqkkabu1VqILudQoWcCtWVhdFcrWSg1F59YarqXY4VKjaBwTIQCX2tXCepiGcZCLlFGimVqjtTQsZpvjNA7DUEu6k0ztu5zaOI4hnTp5zWI+j9JVj2MO09i62azZVpZG7buWHsYmj4hSKhJWy6ZIU9bL9froaLZY1FJKqYkIFdOmllJISfMEGKJIMatqGnLdxlZLzailoAApSi0lMt3X3lE8jRN0UWsNUwkJtzbVqMjpKdPA1MY2tVpqNiuUELZKdFFaplNRo9Y6jpNySkdmU8ZECkWJ6ApuXddlFufQMk3BE5QoRcrMmk4gSsG2ySY5SyEiQjFOY6BEgcNYZA3ZMuM0RC1VFbKlnJnGuISI0tqoKIFybArLUq3jOEWJzMRpKSIknIAjncKJnW5qclWxRGuOqlAQDqKlLew0JU2EmHBCV6LPZPRENhOL+bzUEG7jhCw5VKM2MjNb1GiZtVTsbCaTEkYGwdQy21BnvawqBVH7Loehtdb1fWtNERF2yulSiwAFGJNWRLYp07WIYtI5thRIgZOqIjIlZd/VNIlkmqwxa0UqzjaMDU9SiSKJdLGn0lyKbFrSd7Na6no9UEqp3bhaTW0KRUs7iVqW62WUggQFAEyrpWuuwzAQdF0tURThzDREtFBYUZOUlVVBWJmTqSIzQ2o22QI1W6FEUoTU0jJCDmy7tVJKJWrXT+OYOREirSJQm9aUCk0FEG7ZEsm2pQi1NtqOqJMnphxyfIkXf4mHP+rhy/2jllOOU+mrYD2sE5foQmrNUYJ0qTFNowPSYVHCNghcS6jhIrdUKRFh48yuVoKpNY+2kCQp3Zw2WbsqmNoE2HJmZkbE1FpRqEgurU2Y2aIb1mtUSBwix6CObSxdl3I01ygNLLdxEooSYFC2MRXOrGCIov3dvWM7x8mJNk459eqdOeVYSicYh6HrakurWaVgnK6ljG1ajau+72tXpKh9SdugkLHdhBRurUmWiqiZHlrT1Aj1XaciqQhaa9M0tmlqzr7OnGmTU5MU6pqbJGfm5IioJSgBYGNZdmsGpwhGT9MwSFGkzCYJjCNtYSRsSUV1yinTUUoptZSYxlGSQjRRRZpwM0VyerKjdrMIm2ypiI3ZJuEAnFO6LxGEFSq0lmokqRK165TNISKmcZSxVUIRJdBES7c2NOGDo0tTjtvbO9/1gz90/NTxr/36b77v7L0nT5wMe2oDVgkSUDoRgbOlSlC7IDGSmcaJhGIRCInMbC2jhAhJzVMkaeSJUhxFU7MzwXaxbNuuURPn1LJliQKjujo140zHBCUCM2UGV0i0JBSZTqedIKqjRqHEFK0ZAIWKQzIYYUfQdTUzbaWbRGsp0dfOZufEsd0Ll97v/T/wjd7sLc6cPqXVkWV1ZRabbRiyIXloTcCYNVy7GsIqmVm7DkgnKtaEiVKnacpEaUluOIQoEXItxUatTSGiyFJTiiBinFpEIWJsWUsxeMqEltM0Tev1KETUYoRLKQThzChJGkJyplGUTnbLVjMoam10ZsvWpnRrpe8IU9SaM0HRiBI0qw1jC9WuT7U0RSqlpMLNo1yUQLaWzlJqSTcghARZoyBaS6EUStsuYQIsRbYGUhB2Tk5ZMlEEClkoIrASaEmmBCEgTKLmBq6lk2jGLS1FKRGlTathmEoRgW1jGUO2SQpFiEkYwCFrzFz0oVKBcUobUFej1FpqeNI4jgRGgaUoFMuBxmFMUaOPrkeScxjHcZwITdMoq++qQulso0soui5MmsA2JrO1olpKtceiQIRQ6TCKZqesvvRGtZS0nc5EEV0fMcbkCTvCZIgkZHUmbSSFmMCprgYRah7b6JZRSlUlqB2hgIhSM0ccmW5kiSi2JNtGpRQ3jCVDaW2KKIpwJlImTFNzA5Uyy0wrC2GM3PclKFNOzpSKcMs2tez7UGhqbT2tS9NEgnp7bDaSIkpJTbTMNKWMwxhFUkCrpQZ2i1KKbZoNkGPLWitRSkSIKTOnpijFrTlDpaqom/WKsD21nMZxvabvSolAcoISxzgMiiizbl4Dq/SV9NRaG8duXkPCtkk7Mye1vnSr9ap5qhFRS4mamZkZrU12V4otwjUKbnLmmNmVGhU5HcaBrMQ1U0FKZWqrgOhmUVS7KEXpxK7ROxRy2H1fJijZCM3mi5yyTW45lQJdL4VoChcVJyDbU7awLFbrI7dptuhrLTWqFZmtVxe1tmydOtmNnDIhi9LUTCN5QkGUGgLZmaBszUUl5Kgt24RzmlCTK5rCkQ1QUwvINDKKQidF2kBAV0smoUAmBTgnE1FKSysEuERJLEJK28k0NJWUymSXwEQopjQqIZCACNxIG4MhNI1TMClK5gThEBKoJCkjSqmZ6WhGJUSotSTTJKhQuUyRmQpJWCARRIIUdkYJlWhThmWE07YVJQQ4J9tMLcOhmm52ilCEMiOKhGWDhBShlKORVZICa8opyVp7YDWOMnYjYpgyJ6QGKKiqKiVbm1qzjWnZqqldzbRp09TGaSKppYuu1JAs9XIik0qnQyUzS6lSk0JYpVTFME5F6ZTCUYrw2DJsB1JEKG2jcZwysjCPWosTSQoJgaU2Tc5WSpWiZcthoOtKqaUUJUorVDOmaYwopStArV0pgSW1CBp0URR01ImGKcV25mTCtkklYyoCNRuBwg0pFG2cWi0d4WjKQFKByZYbaUpFYZGtuTlmERE4o3THdrYu7R2slqsuIiWpSAoVSRAVMkDVthKkvvTgaVzVEkBEt14vsT/lUz/lHd/5XXIaWktJTiuchjYW9Q57aikEqJQQxiBEJBkWOO00KlaSFkIIoEaXIGVrCSBsOUeaCRkKZXIWgUQwTVkIJKkJTTZN8kQUnAjVSpu62hu1HEOeLEyUyAwiw1IopzGiGLI1hSAA4YnCuJ4YF9ubq4ODzb5rbZrGddpSKLGNIqxJrTjTjhIKTJqWpg2NwtRajUIIK/DUVCQpJNKIiGKbGtKsd0uEBWTarU1Ipau01pXazDQNQdQSpUgpQjJEK7Uaj8NYS9d13ThN2F3XtbSzpZVjs6LUGgJApAG60DQ5nVJkji2solJLF1GiTNM0DlM362RFkYDiNjaly6zLbATZplqq5XGYau0AOxO62mOm1mRF12VOEXIRqWwuSkWQmeGpuRSVKEUgprE1p6GrVaG+mztzdXDQb/NVX/uN111zw6d/5mfv7u4e2zmOKV3FU5tSioyIIFsppYETnK0EqDgb4UIlwEbFOSWT6EtBoo1JSDY4iuz01CgRKMl0ChGRCGdYioKitak1C6eJcJGQFJEGQJh0SmREGAQWZLrk2CbSJYqxjCRJtoNIUhFYaYcKbolF2El6IqJGVd3emu0fDu/+Lu/4S7/8a1vHTh/uniea1EsqVahXnZxpkALcmhURJULRZE+qRdNEOtMtSkjUqCOTIisl7SmbgiCICGlqrUZ1TiajFEWlTbZDKIojaWphGVxRq6WUWqIUZ7oZpRxWYNs406WTG6nosjVnqnbKJLFQWnJmKtdr1VqTTEcJ7GxZSpWoXVEJZ8sm5JDSiuJsJT3lGMZFKEopcqgAUEqRyOaQwjhdFFmo7hRuDZwqRWohGYPKpEZaKlLaWHaGMCKdmSVCBaexHBTAJWmAjVqCMDUiSowl8CRKUDLTdoSwbEukUxmIliabHYFUQs2AJEhUFM42ZPaQpRakUjS1YRzHKTKk2pVmu9HUCsXNBohaS1c7y9M4RZQINYtsDZdslMrUHMJ0NSZbaZcWRU4RTjtbI6ldXTebVvoaEXZITiYra+0tNcaiWrrScpKDUoOWdlF1kjRLJUJYBrshQlBriWbLrqWzTJuI6PvZNLXVaigFCKRpGiOCNKUoMqSgtJxCUYMoXYtJkpyTW0Qx2aYxMyVKV9KR2dJSWIqWY1c0TTjT5Hq9KlFDXTgayYRKWqWogLMo3RCU6GtZT8NqNXZd6Wuf2LRsTBpztS4RGWrZ+lpNrtfrvs5Kp5ymbG5TKwX1Xa11GobaGrUqnTm59kVTkSZD38+maRqn0XIXRUWkShRqjWQ1rEMKRfT9alg7M4pIkQ27WBOkWy2lRDFAlhIhZU6FkGRnOjG4qmSJLkqVGduEG4oSAtIWLSyhsJpznEbZoXAE9pgtvbbIaaqlRI1hWCtq6ZCUStsEIsI5jeNqmEpVKSVKjG10azWKJNuNKYsX/fzo6Kh2XV9mYSOmbHK2tJtxi6ISHfKU1FAmCtWuuE1pR0RTFklR7ISKPI1DRIFsTeTkND2QsouKZDeGsXUzioISzpZ2ay5Za605Zco1AkVm2qkQRUzpEG6tOQrT0CayELbbmLXLroQUUiiCYUi3RKEEckpJdprMVCgIMsENRSBJAmMKxZIC2Y2pZQlZCqvWOq49tikcNrUU0yDslExQahFIEmo5lVKzpXE2y4nCUu070gZEieKwYRpbKeGWmVhZJ7kwDZPbhHEGEpkZLqU6UWAPY0bmJNVQaa1N47qUWkooCnINgVtLFAoUUew2TaFSuui63m7TMDiEPQ7r9WoVtTanmqbWVBQu4IbcXIpaJuBsioAWCjsTStfhQhBomlomQirKlsmUGVGE3YWKamttGIaQuxqokk4yWwbZQm0cmxSl1FrHYRgYSoQcU2uSGpJUS6dSMkesNiWRUDIV2WTaOBmMZI+JBBNZU46oAdhWLV0t4zC0zFqU6UBRa5Ro05RyUYScSGnAyLjUaK01uyvqoouI1XqZmev12pmQELV2Es5W+17YwmmnFSlDhCw8gWqJKJUIkUNlPJyODvcCFBTCQZg0IugLEwSuIYsAG4oknGAodKJhCYpw4upApCmomQiHbU1hUFVYRGudZtgg5KieolSLyMyuKJ1Kt4hQL1n21CmqCiLcrK5H6ZZFJfquT6M0RcaYEgCz6mmSitWHsI0B95SY9zmO670DOSc0jEMN9TFLrMJsthHQplEhiGyjiIzouxrR4dZakpRSkNImiVJms2pbpqXNpFJsWhuFSmUStgulOZVkup/NQjmNVRElTSlOEufUSilgS7X2gMEtrQmrhDKRVLvIFmSWrlQr04qQBISx05RSkdSyiVCoqEhM00TgdNSCVBXNjkAoA6m0KU0DbFpriUVIYTdFiVCiMBVapltroKlFRO06mWYLjKZpClqJmfHYxlpmEZoGLByWo2WLKLZ377ln59SpT/70Tz997ckP/KAPv7h74djmVkYWSolmV3vKCdVCE0Gum8mJrKV2QTM5NSWO4mwmanSkxzbU0nd9n1Mbp1ZL2BrGqQgkYdpkKaKGcFpdySlxys2SW4taO5TYptkam8OZql1BIItQRMieLFIFRZdtNNguCpuEPgp4OQwR0VtJUwuHE0AyIRFKmptViDorkb/2G7/9Ld/8DR/64R8529o8OjoIpJBK52wkJYIoSgyZTWSUsNOZQLaGVKRAmU57amOollqn1qoAScpMT2Ozu6jDsCq1VFW37EqllsyJkIi0JZRRi6Iox1r6otCULWgtFESA3bK5tcxsNVrpZ20aFRESuE2a2tiXyIKHqda+60ubWlqlqyHlNI7rMYqoXW0a0m1KlwiF7WEYUdZu1pVoZmxjV+usm63X60zC1aB0JhQSt5bqCmbKRiKJNCGQ5Fq7zCZkm0ColJJugUy2TAtJkmpXSiib0ygwMpLcRWmZJdRsSwHNbRozJFORTZNKCacRlK6TbFNKpHG2tNOtr3WcxmEcgdmiR5HZ0hrSwdQVTTkxZamlqmZJhXCO09R3c1W35vUwCmdrNrWESkWpyaUrpEN0XYcibRJL2RrGEaUUO9O0qUkUV9vNEzYTIdtqmekM8NRKKbVUp03WUuUcpxFTqxUahza17EuU2rkxtaySQlMmgzJcCIcbzmxSIcdOfVOSmU12lkqhpF0iIorJUlBgq4gxG0mtQRTkEmWaWlGUOstskiIiSqSbUhGGklNrpKXAq2HouwKlq+EpTdYoUnjKlmsPeEYIW9GEQKrSlE0qVa2PQJHDirDtSmkRkz1TlNqVUmxH10pVa80tM1z7IkQOKkVRaqBQhLqpDHJIbZpaqb2hlgrjMDWiknZrLpFjywg7W8um6GsNy6UCtUbarSVJ4FpqV3sLZ06TS7R0gpCmaYquq7UrCpPT2jSrIKgl1uO6KEJlzKRNomSAstaqnLKlgoKyJXKJEAZKKaUUHLN+ZjuNs7VpcpRaamZ6bKUoiqah2esuCqEoRZIiMj2LTcc4texnG/P5XMHoyYndQkgxTEMG8+gNAuypGdsOm8s8TJOCQg25NRPNmS1V3VCRrBJWyWzNqYhxHCMinUWUKLam9SgpJGPb2TJl3JqK2uQ0IdtullBISMVOTdlCUESzbFKZSXUfXTqtLIpmQAC0YbIyu66X7LQUUdRaM252SEFYETgxbgqSEOmUClGKydKVSMZxIiItAaYQxphAFg4pUwinTUKITOxmEyEgybBKqSin1mSZKYNw2NiKFGEbglATQhaSMkpk5jS1UlBRV4oAANVSS1fd7LTV2oQzI1JRPU1jayKiq84pzJQ5TaMiAs1mC0q4OUqUUsGt4epAadJtHFIwTtNs1neKpiBsF8nOCUOT3bKlJBTGKlJCiaCoesxpmkYnyFJkUkoiCZXApesVLXMYJ+ck1Wa3acxSS8Ss66xALZPJU5lyaqNkIaxSC3iEWZSc0iBZtZTMaUpwTu77Wmu0lmaSS3pS2JPGbLIwJSJEKjrZpglBKSXTUxsJaWoytUZEndoUCiKmNhwcTH23mM3mw2qdw1hqVUgkyMiZCYwT0YUSOaec0qUaka11XQ0qcGnvUrbxYPdCBLadmZZpAA7bU44RERQE2SJCCpIskoSRcLacsnZdjdpyHMcm5ELgdAhLoJCgeZjWEYqgZSgicyoq3WzmaWrZaumQxzZNQ+tmfVjGkiKUmYlBbtPUpqKIKOpwU1Gks7mhSlp2Oi333QI5FDbjNOTYur6LWrAjak5jZosyjwjcsEvgxmRoLSoRBZQ5OENkgwilLaGQDKFSJMW4HlwCchyzKglZMjmOSqciW5LpWkrteuxmCDITqaAUnlKotWzTpBJdLRig73sFaRlMSxe1dNqSspnS5CIAbGTC9hjRcVlXqhXTMDoyBFEEPcXW5MkQri6SwzIgF5ylVopz3QRAmzKKUQ17aEO27GqvkJyllFKiNa+nlShRsImk9L3Q1JqiEAq5dgWlEqeLQDTlxsbi6GBvp+/f/wM/7PTxE2/3Lu9x6fBgc2Pufq6cSlenpgham2pIiuhkKm0KZ5TqNrkWZ5auGHtIyxESXaoVzUqNNDm1SsrOoEi2mxUonUVh08aEFLIIpK6kWyMCDJKJ6EpxKEmlbKwsJh1WtrGV2plWajG0sRECK5urcFRJCtPSlhuBbRlLCiVZFE578qz22q67uxc+5uM/9t3e7T02jm/OZ/M2jpYCN6QIoE1TRLFb0jQFyIBtbMJkihybFIK0o0xNJaK0nEQzana2FNFELTXQ2CZaq9UNihFBTqWEAhQQwzC6Td185pahICLatFqv+n5eajgzgii1r33ak1sdMvpZCrtFKRDC8/kcCJVGlqJa6timacpGq5p5yrE1QnaKoEjpdMo4W6qplF6d7eVyNbZ1KX2U1myDwkDLFrYcQC3FtmlAuFqpDMsRai0zM1CoIJcIQyEiipsJKxQqiYgkm1BEuE2S0iSWiCgoRbRm0oSjgCLTMJGlyWFnQ0WgKUerFEgnUQlFVA8joIlQKhSlhLooEVWMTbUqwtksGdwaKsbZ7NZwlhJdnY3TlC2nacyWNSLN5Km6pJDS9noalNRaKeExWxAR2Cpy0rKFqLXH6UagFG5NUZyJNLWWbSq1AyTSzpbY62yzvi/gKgg7046QlaRsm1RqAiWlECrOpqCRJRjHbHY36+a1G4cxkERIKjUbzkxsK1RrZ0q0ltmi1FKyEWmIAEJSS0AGCARKQ9cVVLweo0QmTkeNrutbayYI1GpGo00jUUUaQrWUaZzGbL1K1KLSRyk56wNyaoqYddVHy8lTLTO3Ro4lqjBkStVZUKsahzG6EFkJj8NUetVSkEpXNxQqwtmsbO66znZr6XS0hCi1Rik5TmlbKl3N1hKplIpa5jCtZ9286ztPbZqaJEVky8nZdz3poWXLtWZddLMcpmKilvQ0Tk3Nq+Wy6/qiphqlFEJBmYbRtqIrpZTAZvQUiirSGSrZPI6tdhHBOOXUpq50pe/dIIJsU6ZKN58tMqbV+qgVSt+BptY8TioREUR0USNCeLlak3SdpIhahWvfOYQUznRktpTDtshWpmnqur5EOp2RdpRQg7Yeayk1iotkEakorZFuKNPZxkmilh7LZNcLh6WulDZ5cpOVprYWOGvIjG0iVWtEFDIlEZJVoyhKktOU09hqV9o4TEYoU81I5DQhEmQn7lAo1jmVSJfKlCqFBGyQ3bCwDZZkCUTUmjao7/s2TZKmKW1sRwR4aq2Wktjj5CgqKqGudsM0kc0RFDmxyXQXRSE3T20SIUXDSoXIkiVtYVxKqbVOQ2sJmSXCth2Ec5psY7dJKXVFUaNnFkXTOGWbkADJKqEIlWJnNAhymtKuYWEVFUkRfd+rFHCJIpEKqYmQJDKbp2ns66zWLhx2CZqQnXaYaE5hGcslqsNujYhSimVaS1GJUQVn13VO0pZxpkRGKUKqUutDkSQKKRUlTFGTFVFKabQ2TUTpZr1bm5ptCwFFqiF1NaemUAm1JgRQowQ4cZuIaG1qVoSMnS41nJqydRQFRgZPmc6uVkm1FGyAUCjsbE5WVkiOTKYyRnTpVbPlrC6JMptCxZLcIgppIoAi0exwa0gtJ+cE6mqFLoQgSjflEBD9XOnExtFUSokirDRho+JwjM1ygKJkUSnUWm0RtQRYoYigjWMplRoRRUnmRKeiYlPcbEedN1K2utrWTYVQySnLTP2sl+R0SxPqrKQJtYgotZRAdnPpq6SQpmyZEXZza+sBuxY5IiKcqTIrG8qptSlLV+W01He95ckTKJCbM10EIexSamZOY6ayr12x01lU2jTJlCi2V+sVhLBaRpQQwzRG7fpSW8vG5ERSs/FElqjy2BJFYIRtRdRCTs3p1pwtQtkwCmxbUZAkgtKGiUBEIAgpLFprElKRsMO2IDPT4CyhjHRm13VFahFTNrm4ZUpRMrJELcJjm2ot6QqWFSUERWTE1CasUoqBVCmhULRi3No0tTYNY98HJqdmREpMCoEyG1FLicyMKrulQ5iWqJQoB5f2Nre33vId3/U3Tp58/Td5i8Oj1VxszrbcUsoSPc70VDBSiGkKArfmTKk0exrHKEWBHQq5Jc3jtFaJQAMOkhC209gRsu2xRY+BbAARCilJCwdpashIUmBs2S2lqFKzLWEwRLGcLSmlqGTJbE2WUZtsjZZIHGEaME0tJ6tQRClh07J1tZtaW0+t7+rmYuNwefQu7/xOv/grv9Y6lkdHSBOoRGTYDiEpqHYinJk4JBuUJoKYGPsSUrSWma2oOCxERqadTRFdrQpQlbM4p8Z6PZSuN27joE5hEcrJpTpzauloo0f6vsuwI+zMTLUkVEsnKQKnZ11HSBFtvSpR5rOaUhunWoqkMSebTGd6HNeY+WxmNGWWIiNwpkMORapIONOlyJ7GKUk3glK6CiITyEwRSpJobepUVHHIYxiLKUpBYNvpZkkEIQkwITJRoBrN6SmjuqNTrVObgHTDNgILZCFSISzJwhAhJwpywsWBExBhLNqENREBRi5SqWWsAUw5EVVgU2fFY5uWzSVqBHYaCRlHEbTW1uPQlagRY8tZ1CgBGEtkKHBBY2t9LVJka23KqlAJiWYJZ7a0SxQbybbTLSKsHFsrGAkRCrlNEjBOY41wqDlVVIjWJlkuwdhSqShFgTw111Lk1toEEUXDuO6ij1qjdJguSkowTcNUSokaFoJxmCy6KBIQQbZxAjTr1dp6PfRd73QKQZWmNqFoaUihcZqEEFFKy8x0idL31c0hULRorWVmozUVZosupy7CM5X01BoRanaJUqRUMK2bJxLbSdgwJbOum8+m9XocpnTLcaq9yzSN07haDTvHtxp4aFFriIGsJSrKHKexhJBE1LDU0tnGhjtQxKzWbAlWQcpA1Eo2i3GYkqylZJukoqJKke3Rq3EkXfpaCXUeVwkgK6SIo8MVHE3D1HWz+UZg59jAfT8LMdllyujCaZSSEosWKq21li5FTtvCmpRVSuxpohRo4ZCJCHUhNIWyDdjGFEXtKLVNyE1VipptyrRxV2OahmYyJdxwF4rQOIyWAk3TENGFiBCTKepqtS3I1mrfObHTGJVZ6aYFrWVTKULgFi4kKYUoRS1L4Da0qS8hItSnUq0lsvCYRIi0a5YIqaUNKm4KQRqnRcpyAaeCqNGmBpLK1FoUFRmMVWvF2EiJ5HDLFthCmarVbgrZoMwkZKIqmxNhIzKnYUQEEbVQCshMIaL0MpKkKVuzZEVIpC3bgCFLraJma5kpRFFxNKUzrSQlCBLVsKwpcUlH17mZyzJomZCohIkSEVW2wq211Th17tymRo0oqNqJqaVDam5MdhAlQpG0cd0cqaJZP4OwcxynUqrkdA5T2pRaSaUSRTojovbd1IbRUxjbUwa4k9IYF4UjPJlQIVIgbLIlokRtdoRwJaRINWdLbIpKyuGWY2vNadUawazvohZZKWPhhlVqHVfrKaf5fGGVYdi3UjIioDmxLUlMBqmEjEIaW9PUFARWRIXmxNn1tUadPCVBo9Y6TZPBmYi0oxAqbplQVIRMIuw0UWvJzGGcxBQlap0VkS1LkSRRVRzOotqykY1SVVSQYWoZZKo0J1ik3JpbodRg3RpEgQhlA6ciSoREEJOdkeEmhxE4JYULmsjWRmcoiCiyQILoeilk5dRsk9lHH7M6rdfpmM36xGotkEmpc0Jx9J2QUCa2m7NTUZRKtDbYKkW1q22aUm5Ti1Is4yiSIgKRaWGoUYRHXFRlUs1BgG3kWvs2TqBSpVow4IgaBTeZFKpdh3B6ai3TfR+l1mwNUyKmwdnWXT8DbJeopoVsRXrMlhK1dpnYPQW3bGSmFbWEWkskyZZAUUqvGsWJAkghZ2umlUAOW87W9cUIC2dXiqOMwypEFCFF0FpDKhTjzDEIo/XQuj66LtbrVoJSQxLWNE3NUy01WxtaRggiVIVamyJU5x1LZ7ZSS1VhpogytUmitZZYROl6pECjR5WadqZrV3IcUURkEI2cmqWiwEaKJpeI0exevHD8xJnXfv03fvzf/sXLvdIrH+wvc5WL7Y22nmKzY7Iaqsp0SLUrbRoyI0SSzpyalVlroWVSIiLtlo5sUtRSo6qNTlKJIsJq6QhqiSlbMyoFQoZCFeOEBWlkNylsBXYRFg1sM6UKgAC3cVKXzVW2IaJKJtuUUBSpnFpKQupU6J3gzLFltqxVSF3p1sMwrZfb29urYfVLv/rrP/5jP/j27/CuXddPw+CgUptaQEbBCKsWJShFtZsdIm1T3Nc+REtHAAFJlhJhWVNDxQIhaJ6KSykFO0UErTVDaSXVSFPKOI7OiGjr1VijpNymyen5fGHUphZFApL1NNgupQtoOUWUUsNofXQ0Zc5nMxtbpQprPa7GodVaa6052cW1dJnOnJIURRHFtnACyuapDWQpFRRgWqgUhCmSLWpRSzWPbSwRUtgOo8xmUyiUKNWWZWwQQKiglJTNzsSe1qnOmrowmc2SFLWWbGkSK50hKUoQqjSmHG1n6boIOxQIW0AQKddIbEOUIMYpKXYCSOE0QQWaEjDTOLiVUmsoJo9pqmopMU5TV0vfz3OayMFYQJRahYuqhdLFOdh22uFZ1wuEsEpJp7FaJm20qNGlE7uEQtXZmmpf1NJuLSVlSwIpTTbXiMkNpCjNzWkVudm2QmObxvU4hjcWmxBFRqFQRHjKDEqEna15alOpIec0ZpsmK1SiICdpFzKdxlKQ2dIRQZEBSXhKVsPQ1S6q3FKUGmGVwI3mtIXkllgSkI0pMwQiooQkKBnGpDPslq2hYkyohkKLzGxtUsitmSxdbdncXPvaUtGsMhMex3G9HlAO67HruzrrnElaSXU6auCmUIhxcgRdxOApM+fzPk0giaiRLXNyGwcUbpO6jmbkvtRGTumQa5SYdcPUxjbWUjLoShibwIzjWEuptQpGqZRaS1cKUVTUZTQTVdGmrJEo0oDTLe2oJVuObZRtBzC1SQpQttagr904DUMbqqpCU06hCumkdLWWXqk2TqWUvu9s0rYkLKlGGbOFyDRSp6BIoK5gD9MqDcigKJIVpa/dFMM0TePYipjNZiqB5dJy8jRMTWMrk0otitGjszRbtptKCRQ5ZUKBiVJxEcbTNEXRhGdRA9xRLKlkplTJBFfFpMRkywJTQCNCOGTUyRMRlihRE8I2iQlHtgnCmVaJpA3NckBkTLRS1JqLIkQ6wbbkdODWEkIK1ZaT7XROrUzN4zSFjKK1UYoQGBsFUZRpB4GGaeVUqV1XqxNnItm2ndmcBmFbCqSICOwYWwQ0W26TG6ZGATszg0gQEbXWQoYKIWeOLRMrMks3C2drTZJlUjjXnkpTihoCRSkFMk1IRU6Go3Wd0XUlG5mOiNZSgsmSa9dJ2C2ieJzW41iiRMu0shMy0pgpNIzrvqCoUQtOjBQIBbk2yhLVtlMGwjgwkzOaM1QiUk5PcokSfamtNZJmM2UNFJ2DNuZqdUjIqqI4jcHphnOySrZESQogJEnC2TA5UXpa8zROEVFKWY9rJzXCdk4jEcW0IhGZZrIioCX25BKRRpJCoQCJCDVnWqVARDRnGxqVojTCUlBQOiSTQigJJyVKRCCgpRC1dDJTa1HLcrWqk2I260U6DFJM05TTGBGZjnlVEsV2SEhFUm3TNKUjK51wKQE2qhJ2c6aIiKnZZDclyMppGlWihISbo1bjlEqVEtKkMURgu3bO0S2t4qKKhSPE5Mw2lZAVXVRFjONEjQK01rAUISlNuEgg24Rq6ZwpYWGjKTOYWovAipxGhYQkgZJJoZJuU4tQKREhob6bMevalDgSlSCiSqW1MVsSpURkyrRsaaqwFArbxqiEs2EwJSRK0hKTQQgZpAhP4zASkSpRSh+EnQ2Z9JTCoaoSkpxOIykiIFuTSpSUyTY1smWLokKolNpyck5TS5wmsVTUWkZAtpZtGIbWXLucsgkJSq0mG2k8TZmtZbaI0ndFKm5ZSpFqFKlCNkrUUgmNmbYjCkKO1ianU6noaqAS+7vnatc/4tEv8YTHP/6lX/Klz13Y7YdaZj1TC5WMHMcWoZRrV4wUgIRCoU6yMkmsbKFAUSohY0l2U2bLKV0862tQNTWJ1mwFkSVkaG2S1dxaoygyMggZUAAiiQxFy0YWTHaSa1EiqSVUsAMmu4TUVEJSoTRnhCEUzRmlFJiyCSvAma2VUuq85qDl+mj72PHdCxfe+33e9y3e/K0Xm8cO28VpGFo0glntnUg5jglWCMvKlg4osz6mUSohptYEKAKm1iIyM9NqTuFQDcJGzuYm2xIRCSKiBtAm1xpg3KKLQleLS6k2pEqniDqOo3Mq/UKouU0tuxBiylRmjYgomblcr7tSSqhZbVwFtXZV6VozpDZlqWVqbbVa9vN5KDBFMlYoW+YwtKJaOpWuFGXmNLVpGks3uTVMKYSiNUUETqmzHIo0pSibs2HsmsJJ0JicJSAtIGpXw2aiSagWTc1EG8coKAuZpVOEINrYkDFY6ZSIKEpBKqK1yc5K52wo7GzrRmQNkLK5hAxgtykxAAUBbZhy0dkiasSkKZsyiMwJiuwcR0dRqAdjulqlyLCa7cDpphAySG1qDmyiOlSAliMOyIjqaRyhdH06sSEAbNVSjSxByxFKlAD6rm+ZasPkUCpDKKc2KUpRF11mesqWLaOWaZyGYax9FyqKEHLaRchCB+uVx6mr3Xw+b1M6p1IiIqQCBtzaOjOi1CiqFQUeS5SwEEDDLScRNSIiLMk0yW2g65hKwc7mpmkcI2rzmC2FSxelRGtktmGacmq1llLKOA4RUUqPlLiNo4tIRVezEabOunEq47AGalekwtBUSxjJJUvX1/l8NgzDuBpc07h0fYQineM4DutVa5MQLT21TAuVEkKZ2TIVYXtqE3atfYlQlD6qFKWUUrpaekFrExClRqiLKH3p+2IzTmNOOV/M+67azSLTi8Vsa2N7Pp9F6XKapjZFlGnKbBNVRiWiRu27ThHZmqdEYaRSui7alE5nppxCbRqHaSihbDFNLaRZvwhHMw7aMIUdRVIoFHQ1iqIEdrY2DVKZ9X2oKCJKbfY0ThgRGFqUUm2vx5EEC0xOsoIgM8nWMluu1qthPaWY2tgyx2nK1gw1OoyzrcfRzirJgGtXDDXU9QVCEBEQXalRok3NU4tSVApytolSnC5RZtFVBWSKsCxKAWFlG6b1cplkpg1RCsQ0JdkUJCKcBjfC6UwnEYqQ7SYpRJoIIqJaThNW1CoVqRIQqqWrtUxjTuNYyFCk3ZoTt9ZaGkVRSKGgolCAwRFqUxuHIdMyoNamTCMhHIFzcgaOUp1umY0MSWS2JER1EPPFYl67cVpNUxMep2kYVsvlEUxVQupqV7vOOZGZ0zTl6JbpEROoudlOEqvvStRqPE3TMExtbA6lm7HkWiKkUNoJlqIEIWc6KF3fFanWoqLSKQR2yza1oWWbzxY1CplOI4UkMWWul6M9IQGZzW5gkhC1RgmMIlOl1FJE11rmmG1qZAiKiKLRauPYd918VsdpWi1XNQQQAULFAIVsUonoBIntFEREV6oRJZySKVG62smWVVSiC0ppFjYRtXaA1TKtzMwoilLCIookUCAhFJJAJUg7s7WQkFvL1kymsezEtlujZcOZpCIEGBQBisAlapcYqURZ9F1ETOvVehyHcWzZMhNI58QYpbglMo4pc5wmMo3U1dKVGgHpdPM0tZzGMXMCTIvEzVGokmWCElqP0zgMaY9jTsM4tWZjFRERxQImt7GoSDGO03oYSDzm1HI9rlUUISWy3QiJaNM0jm0MBQ4ilMrWbGXQWhqFhAQlrJYTBqm1aZymbC1KUdDa5MyWVpAwrtdMrqWolgigQAghlwihWjuiRZFKWGXKkebad11fM51twgaBS1AiSoTIZpNZCLtOtptbpqWiWgJnYst2a6FSSzjTJE5Ip2npRhvHsU2KKFFaZrYmp225IZWqWvoGDfd9H12fzij0pdjO5mE9ZWuhkKLratf1fT8rpQrJqrVDOQ1DtoY9jW2apmlsOYw5pdskXKOUKCQ4p2w1ai3CmS2hiMg0SY0SDnBRRImoJYq6vgOPrUWNWss0joe756699sYnPelxD3nQTQdHR6vlygojRUWyhZgyU5KNZKwSETVqkMiBNCWZDewWCZIUgEupXdeRaq1B2rYkOe3WWmYzCc2OUqSAVMtGIIUlVFWiJAoVhQkrJWwVRe1KKcVOCSRDZkLKxlJEKCpqNOPMTKfUSRElKIXMbC2aZiUMXdVs3h8erj/9sz7LxHy+KDUK7kqZ2gS0KaNICktTa1NLRO1LIRQV7DSm0Zw5DCOXTWNOQwu51A5ay+bM1lqSskIqUqSii66GQMYGS1HCZcqMEtEVZyu1BKW1tFz6XpJCbZrkjFIFktOeaFMbM8fFxmJjc1Olm1qbJmdjGEecfd+XWqbWWpuEpqk5LSlbDsM4TZNtJEoJlShRQoboQk4IK1AA2KCQQ1URDWNNbgg7ERQiIqeUi8A4hCQUEAqZMrVpWg8IO9M4U8JNiJQn01raNmqZhG1yatPUWjYQpVhMw1hK7bpQhFtC1K7rSqSCFkJGpQgVK9wSECandLScmltipH427/tZFyXUdV3to4RAWUppbVweLcdplALcUaG0sU3jQGbLNo6DW7OJqvmst6NNzTiskFEZp7Wk2s9CEIRKEC09tebWkBouNbpuHopSS0hTm5wtqLImO9uEo0TtJLsZOYRdVLquK7W0bNhpT9M0rIdsiQCV2i26rp/N+tk8kyknZ0pRIgKN05SZpZRaao2IrkzjuFoeDqv11DJbtqkJkVGidH1HFBtFiSAQlGlKlUw8DtM0TUUMw2p5sAJLGsbh4PBgHFdtygpdrQUFSGGR5Hq9zJwUmoyLnEg17fUwZOZESqoRQhQ7bTBGntUZyKlhPYw5qNQIpIjAIqJ0ndTSVobU2lC7WvsuJ5OJcTNQ1EmqJUrXlyJqyG7TNLWpFGFhtcxxvZ7GcWotx2xTG9ZrmkNSGskqOaYhoqzH1Wq1bsM4jOM4DhLdrKt9V2sttZjIaFO2UNS+q33X1RrQppYtFSpRaEnRbN51XR+odrOtxQYSCoIxp8CzrlenTIFLLW5OWkOlRNQuYoaraVJ0fRcqMm1KAivaNKYdNQLXqKFAqBSQLYdV1PUdjmEax3GqEaWUQnR1HhIwDMN6NVotJGeUUqrKlHZDikAlSukKCuzmjFIi5PQ0tDQCwggLJGeGSLCkLkDZcmqZLafMNk2YcZqmHK0YRqfTdtKam5OEIDARpZSuRi0likKgKFKUohpSFNGQFcYRJCUKKiUsOx0QJUpUu4XUzXpUAteuFqFSUCqygQ2mtcyc0rLdmnNsw9QajaoSgNJumbbltK3MaUq3FpWqKBQiQrWUQjrHdDqnaWxZHBIGRSiYpsmNloSlSqnVaGhj89SmySAJSaEapSCDZcDOcBAix0zXrhSRU7Y2ZWuZKYeMsXGokGoth2FlWinVza1lpltOCpUoNfpaAmE0TdPURhrNYClzaq1lhoRo6UwTUUoZxunocJVQQpZIozBpOyKwx2lIZzqFIj1MI5iI1rKNLTPBwsgkyJJUIyKcrbUUEpFpOzMkEJBpTKHra9/3tZZ0utmt4ZzG1qaWmeCqrqo0N+QSJaIWSZBYFokQ6XQUQLKwlXYJdVGFMwVqmdiZtpvt1uQUVkjYVibIJuyWSTobQqW3SoKdINtTjiJLLX3pS5Fba+NEjRoKwoiccEYNSSabm1u2tOXWcmzjuJrW09CyRZQMAjk9Zc7ntXY9ltNTtohQiczWSNHUnApFTXsap/VyaG1CVinZxho1FCi6WRe1a2Akqg1mGqdxXE+tuXgks01k2s6pWQggx0wRFiWi1i5qSRyBLJnSdbUWqWAyW0LLrCGp1KootMxpmsYcEyT6bo6M7dZEUKtUQhGl1tqV2pUuUNhSCIFKhHA0t3FcD8vV0dHhNIxyIqaWwq0lkAi5RIlaBTa2EAmZSYmu1oiSbcypCRwlFC01DkO2BHCiSLc2jFPLZpqbp4YdtUaRIkoJFbWxmbSzeUIuJbqur7N+Ppt1tSyH5eHRgZPRNq3ULkqolAgZpubWpimnxNksI+H01CbsBAduYGcm6bQjFRFd1Bq1RO36crQ8GA73jp249g//6I9e4WVfdr1aTeuV7CJKlHRzmrQzJRWDAdwajShSDSEM0FpOOWZrbs5MhWpfaq2tTeM0ZmvplIRCBJJEqMidiqJUlRIRtfRd34FybOlGYmMDUrNSaRQuUYISCDAtUKgQATJkSxsKxoFAmZ6mRC0iBCIiisU0rsd0idIGz2cbQl/5ZV/11Cf/fcy2QkImSo4NmorApUgADinQOI3TNDpzytaczZlTa20iCGFnlNrV6EtfSoWYWmvZ0s2JMZlYZvLkljIYj+PUhjEnUyRFJtMwGlRKhMgWREQh1bIpIpvdGrZSUUuJICIds64vUdQm4YjiAAxgFanUElFA/XwmyWZqY/MEMkJkOqJkMjVatnABCYeKZAROMjPV2ggZUktjYYQUERFgFWVRDSkkhTOzteacxsnZStRuNneDSUWS5CQCKUKh5pxaThkqETJKpXCJcDqbZUgrYnK2Bm4SiqaQoshEEBEgG7CkKBVI2xTcwhGl66JLt7SxJ2fmBJ7ahFRrJ0klSo1aO0gUrTVnS7shhUjblBIRiigqRci2GypFoshSQOQ4YmOiFrBtQ619DYHHcTKusxAa1+tpmNrU0lMJVQUgWSpj5pQNZ7FL7SIicY3azbpQlFIk0yQAOxNnrX1XZ+k2DKtxGIxBU2uJ3Vobp8wsJRSS1XWzLrpSe4VKiYgSoVoClShhp0m3th5HZwspnDRXldqFaildX7vaz/q+m9Xa4VZCEiUoXRddISrOzMSEVLuuSKAuakjDNEa4lGIUyr7WdI7jNK7HoHSl1BI4jLIIq58vFouFrdbGliSqLuFhrKW0pLXRdsyKojDlmA0opQ7DZGVElduYExOKbhxay7WklibHklG7grps0zhOqqWGSBscjlKJMrZRKCJIXJTOsTXIiCh9LxcVdc0tG0yiZo7DlF1UV9XaKXOyay3rdbakKyVrC3VI09iilKIYxzFCfVfTzubS1Zza1FpYk7NE8cTUpoSulChVteSUUovohAy1aj22WlW7mcipSaE2uRRKV3pmihSZ6SihiYRsLYRKlVVqZGbaUWEKlE5HRS7raWrZag1CObUp6UQiScaF0trUWks5gnQLRVeroqQZhlUhVJVuKDKzUIyncXJm1IgoOGupEaE21Np1pWYbpnV2MwXCoSLjloldA0rBSRMy9tQGI5VCa3YoJKwQ0UyQORkwzSqK2pGZLVVi1s0EkwZDKGWBAxm5NRtCqSzRFTvJKAqiYpIokU5hCUABKEKKyJZJkgJsy9kaRUxICol1G7puVmd9a8ZZo0wl+75zOFQKjOPUpmZpalMtxUZIKRVMWoFSCuGpWXbUImi1CxyKNuXUphpKBXaEQmG8Hla1dCUCkiBHqzCOQ5Kl9F2JaXIq+766tdU4drXW0ps2ZQO6rqulV5lECWEToWwJZCJMcRBIgsmtJrZrlBI0RykmQmmZ0lVIRbhlrSUUxsK2I2glnTYEYRGKVEqSwpl22i0xDQKEXJy40DLtTOOQU3YLVaeVxCyUjGOLgqG1hjOUIkpEw1MbcUiWVAinHc3NKqWKcTDRauktC0xzNlApuJGyAOMEGJuzTQrJITJKRa0oRMWAmpucUwaZddYhp1AjW0oFNYiWUwmihSGxJKPAIVJyS4GidLVaMDGWhjWuhpjNo9JaQ5r1HSpkOuzWQl0yqokQTpyzWVXU1hqZoCmnGqKRTkKhcGaWKLWYyuQWAqVViVKLFSZthyMiGnSBoijcpgRjByWbJJdSjJzT6GZc+14oM11UQq25BLanKaOowIRL5rQa1tPURSy2NsepTZ5CIWEVEllhE5GTsVUgM93GseGWmSqlRBjaNJZaIMJjpruuCzS0IQgU6UQBoWjYEWEF9tSgRC0VnKVE5jg5lOMwZGYoUEmaTFpNxq6lK0E2bMaclDHlVBShgq0IgKBkEELWWIqz9CoNtxC2hZxJlCg2tU9POWVzc5Q2jOns+k6hNo6EImJyyooowokDmq1WFHa2jY35crk3Tutrr7/pN37r197sLd789373jxbpjXnvUDhsgIIUNFuArQgLWREZCtuZYeykzPq+lnGcpACmacqWtRYABCqhFBhLIVuWG0SJyGIEUkgTGamIsAzgJBRVOHFpOLMZh8JNBM4sQSJnRoRxJA0EIWVmylOjRotSbMY2KpQRIWWz7Fq1tbW5f3Dw/h/4gb/5O3/Qz3cuXTy72RdV5dRKrSCCcCldBBC4aRwzCm5uqHRhOiLlkiGnaykqpTXLKcnZqLWrsxA2mRlSJjjbNBSJIianwmTBfa0pREKEGKG5BQGRmmQhd7Pe2G5RCrbTODOzRYxek3SlKxXnFFGx0k4nZsqMiFJlm8xaupAIuTWDApyCKihKZzqHceztShFIJbq+ThM4iIywJxAIGSxJJRJ7alNIlMzJWMJkaw5VoxKKKK012yJUAEwauzXVCIqKyFBmtomoUUpzy9awHVFKTK2NrIsK2IkiG3ZaVTIisPBE1nACDisU7pA8tShRSpkmy1lKRWAbpnTB2DT60lueJoUnlRBElKrMBhECZ0YUTGuTlVGiBMaZSrmr3aRJGMvWlM00pYqilJLNZEpM09ipm9qoiAgZU2pzShJCxTRnZmtDZo2IqmyJXLuabiOtt6ToZsJumS2bR5BIC6QoUSEkZ2bXVdRnayBjNyukoq7vSLm0aWpuRF8M9qREUUMaxnVIQs2TKOlWoiuqoUi3EooujGtR188wU7bJjqllZnTdap2Hy8PN2YLS4ZzStnBGlIKn5hKqtfc0tmGkoohxue66FF062zSN2fparKg1iEVbL0VBpeQU2LX2KpE5FlFrZ9JmbG29WtEmUI4jputCEVGLFG6Task2tXEqJYTGcZrG0TmV6GtX+lJLqWmAjdmiRBhHBMjZSq0yNkW1qLNVXEsJTR5bA1rGOE0QXYTtsDOnw+VquTzM5lpCQaPhEl2l5djaNLXE6ZYtpza1bNi1lBolkK3ATFKQLe1ErKdxHFZmai0tp7MNbWpZiqJ0kOMwISLdWpuaPbWkjVObppbptC0XiIjSdV2tpavT0Nbr1Xp5NA0josZssbHRdXUaR2hdkbKNbWyeyLHRFCFJlAmPbs0TMmAzpZuy2W4ZdsNuSQbyfFZrCdsSKiVUIoIoLXMc1xExm82Qg0jaOA3UqH2U2tm0aQRSGtfDODRoThKVEgXaOEklZGySzGwGO1QkTa1ZtOZxHCzUFezl6mi5XomUStq2bYwAA6GWLRwRsggpW2s0nIgcW7q1bKUULBvAiW1EazlOo5wqVpEUhIQVcrirvRwkkkswtSaqVKfRGKmApmnKYYxQRAmRYqLZzmz2JErYLU3aAjs9hR0RtZba1drVKKUoSihqKDRNjQypllLnXV/VIXty19VZ1+M2rscid1EysdVFCBxIpdQSIchEmZluJu2UNZvNQyJbLXXeL4hQuEiC1qbMHLMNrTXbQCZAiEwUbhCK0s/7XtEptFqtslGkGmGyZaqlnQC4RAghOwhHykCNEsr1sNrbP8wGUhAhCUlRQgpPNGcmRAlJLVvIpQpVpEYKyUFBdjozM0mMhOy0iDAaW3OmbWyp6yKGluksUUBRiiRgnCZJFtPUMmMa1m2c1sPSiSKaMtMRXV9LrTG1tdtEkrhNY7axlEANOxvphqNErbXUiIjAQTNQuq6PknZO09gGMqOo1JoJmZBdLYZsiYgI0DCMUKKI1kKl1s5CUEqNIkI5tqlllGjZSNcSgYWVWVRLX2aLrutqtpZpQJmCSo2itJ1pyNayWagoutqVUqUGOJFzzNbG0ZNBpUTtaimdjUJT2qjvO6mESkRMQ3OJvuv6xcykcgoTiGScpsy0wmA3yPQ0rcdhGkAKotTFxsZ81lPIBGQr00SgwIIkS6YzAFABlECE1aZmp5WysaUIN9td7SUZk5gsQVAUIcCqtVMpBZVSm92m1nIKhLEnW6GwU42Grcz0rHbz+cKjbZrbahgNtVRk41JLBEWVoggVCVxqSDFNI1iScbbMbKFULW1qNqXEOA7jODEJoutmXcT+uTs3d47/xq/+5uu/wesul0d7+7uBkPu+RnQRMY7pNIEkbDKTbBNTZtpJGpeuFjkUtesiwlPLbKUWKSKK7TYMmZNKRIhMpBKllh6ytZZTm6bJYzOOkISdVtqWikUobFobp/UwZZIWspytJS0z7XRIIqRUykQUIkqJWe1r1dTIlgqpFCfKbOOIHLUUYrYxrzV+9/f+5Nd++RdjNus2NrINsjDDNDWRraUtAFVKRJQiuxF0HZ5oabkqQulpPbRpnMZxbGMbJon5bFZrB56mZhMqJpEy0xO2ikrXdcIiC4FQNqfdchwnZwsVIWxZzrRlbAQahqFNY2ttctbaqYjEyCaEKElIqrVgpRNht9YwdlJKqMQ0DraRay22E9eu67tFoL6r875XuoFNI9PDhKfWhjbZzkSCyExsYzItE1Ha1KY22EQJKYpq39Vm0onBFBWHJEUAkkIKKgLnOI1TOtOpiMwchrVMKKIoUK21KDLdclTYtpsxiL7vQ5rGZidmyqlhoCgsT+MqwkQzzdSuo+tmrY0tM1RqqSKxc8pxmo7Wy/WwLkGJEkGJ3jlOU5pGI1BEQRbYuDkUiTOTcJGw+q7rZ7MIya3aUUqtJSS3JJtBqJSaabvVrsMuJdwym6OUUso4rQJqLRFRSlEprWXKESEUKpHKNFiSJUkRJZ0kyM12c9QooalNUYptT6Tpui6S1XrVpmkappaZ0QKwmxuWMyOURaVIoVo7pCRDYdGaV+tVm6b1sF4vl9PUMrNYq2G9v7/fsvVRI4xsq0qzWbe1sRldrJZHhweHphmmlipRal0tl/v7e8NqabKbddlExHxr7lKjKEU3nx/b2YnSU4pUopSu60sfkS2loKVlMpvlgMhwUKLWupjPo8ySVAHURhTq6xw8tdGtUSJqV2optZeV6RyNU6WbpnF5tFSoqIxT5jRlm1pmG4eiiBItm0jC0VldGcdhvR7WbQQMtZTaVYVqqQQWnrJ2ddb3hGrf5dSmcepqaa1BdLXS2mq5dMtSqrOBG3ZLRXF48phWSDlOqrWWYuM2ppVWWhjjiYlMUcDTME1twm5QSy1iaBNGIIxzWo8tE4WKcE5tcqbD3Wzez+elVltCRQUpaulLFxG1n3e1w0obSwBM49jGsZbS97Nauyi1lq4vRQ4lpdZ+tqihqNFyzKm1MTOnNk4BfVcVgKf1OA6rlinLk6epqVaVOo3TNI6MjOParakKcDpJ06SwG9mcdqHWWopM2B7dyAgVFUWNvvaz0vVdV7sSUdxyGqdQRKmhaJNbNqVtbEeoRAkHVqGoiMxMNwspJyckILKlidaaaaEQYezMzDZlM1JRqDhpbXJiyGxKKcLOyQ4ztZzG0c6ICLHOyW3sSpSotatd7W0LhV0VYKxMooqQiFJUS6RyvVrvHx6O49jc5BZSguUSoRCUEqq1lCDtoeU4jWmQM7O1VlSihslxGp2TI2xaa+SU2drUEk8tEbXUzGyTQRFqOWZLIuzWcmzjsFwPoxPT0hJ9qSWKbBGZObbRmWmXUlDQwG2kTdloWAahUhQ1Si2iYKEqSdnS2FNKRI0aRYpsTuykCMnA5MkJonbFVihCMY5jyykipCCNkaPUqFGypbOVWqqLokphkZnN2FjCKVmQbcrEJp0hRdQObE85ZdrZJAEVpFIVXam1q11fFQJLgML21MY2JJYKKNMhR62l1FK6UEQoSigcpZQOpDa11TC2nBJTcBqgKCQQ8jiN4zh2XVe7wJRabQIU6UyGlIlQhOWComVLTJKTx3EchxYqXd8bsGf9rHa9grTamFN6mFZtak45rRKlRDNOQip9RRrGYZpGRGIygQRJhBUlIiJI0Zeun/VdV0pgpwROCMA2ntqUJpFxllks5rPF5iJKtKE5RCkIS0VSCNu4NZsEKaJEQAqihiTjNrXMCURziBrFRJLpiCqBW0oBWQKglKKiWelKjUpky6ENrU04FIoiERAKgZxpnEntuogAMA7J9LVGKbZVIlQyMzOnqbWWYxuxlSCiVCIsbEfUrtYItdbW62G1HsZhEpRaawRJtix9V2vXsrWWFhJtGqIoIjJp49TGMVGOTWFMqaqlq11R7UqJ/XP3dn33K7/0y+/8zu8wTuzuXuzqLDOzDemMkBxBpJ2m2ZjAbq3ZUiDSbRzG1Wo1DeuQusWsq53TreU0NWxKZLOTKafJzrTJaZralJCqxZljTukMoYjEbkahohJlam0cWihUIqIoinFElNoFYQwuBoQhZXBmczPKzNYSbEzLkLBVAoVTmTlma0Pb2doBPvIjPjKYtjZ30o2AoKslh5FQkC3HllPzZAMqpYCbsaexjcYSzuz63jJ2MamURFQlbgYgWzYbmShRuwDjlm2UrIiUM9t6PY3TRERrrbVUkaVaSpSw1XW1iJBaIimJiFJLOHNaD5IiNHlqLafMsCmkm02JUooMAUpcSpQAF9UIySKd09TSrU3TNGaAoAQ4woDtNhmJUkIqUWoRUljYbgk2TmMcIYHCQmGns6UVFrKIIoUiw56cGLslaVxElFKjFFCNEooISVJIEUaQaRkyXVRFkWTIliTTem1QkDk6KFEUBopqSTnkWkNdKb3wajWM05hEEEgiIMZpam6hKBFVRSGXkIuqFCVKkUoqpzamM6I2QIoIcLZUhAhb6ckYkzlNLVuzm4GEqU2UEhGKsBtAahzG0lcphEqQLZ2WNbWpZZZSlCgigpCwMp121Ai5NU/TlG0KFEVd6UqJUNSuWCnjKFg5ZXPLnKQwslLWepoIlyhtmoahZTpCY46ZZDocdmKFiCIkG9Il1PW11q52tXadhEpx0TC0TGeaiGzIUbvS0pZK7Yt6WRGlr7NZ19UoKiVq6Waln3VtGu0opUZVhIq6UjS0htxyGqYsJfquU8VOWzm5pZ0Rlts0ksy6vkQVDDlN02S3UmvpEer6vjnX02qc0kxd6SJqZvOUIqfW7Fa7gmK5Wq2nociIrtSu1qbMaaRKUk5TRKl9l5nTmNM629RyRKkGoehrV6uysW6TJEpYlOiEhja11mzZzmZCpRQkAaGImM1ms76PiNFTKbNSOkGb0mqiYAEtpynHUqLrajaLEqEQfV/dpjZlOJJsbUSUWmpfa6211CiolBKl1FJrtYqNbTdP0+TEklDiEqVElKilFGdOtKm19XKFkxJERBCK0teuVpXAsjPtgFprlAK2WzoT7DaO63FcJwk2hEpzG9s4tbScVrYUYTtxiVqohnSGKOG+KyolFJYlCDEBSClJSCq1VgsnOTrtaXTLJglkGrhNnoZp8mSB3ZpbmwjVEigKZGYECKMUSFObMqfoQrKKIkKKIkS2tFRqqSGZVqJWyc1yhEoQ4FJLV7uCuq6LUkPFcqabG8jplDOdma1NaSRCgVVCKNymljZQRGaOE6CociCMokRImRkmiizs7KhRSgmHnWNmMkzTOI6kp7GN6ylzUim1dlO2Nk2lRjerIOTMdFJK6fo6rKdMQ7iNKaKIqBQpUlCiYICudhFhbAFqbi2ntNuUU5tyGDxOxrOuloi0FZSulKpSSynVCDRNbZqGls3N0SgiMQ2wzRRG0dI0JCkRSjfLRGHCWEgK20pFV6RAKqFau/l8XiWhRgJRS9/NhJwOA2GM7MzmlCIUrbUpWwARQkUKCdFaS9tWZmIg0y5Rorh0MVvMSleEMCkFAKVUZOPWmjMh0i7UZreWUild19UuW6ZdFKWUUvsS0dW+1mpsM00tjTMzLTcLyXaUEqFSuhLCRhGttWxZIhSKQDIFJS0nEziMjKPWiJJp0yAyW7ZmcKRwKqMoIgglXg/L9bAe26RQ6UqtRVmMsrUxR6drV2tIEdPYchydtl1KKVGlMLLcWluPYxundBpSOB0REVWlqHa2xzHHcUJEUKOiQlgmM22kInDLaWwNC0mSonal1CIgs6CQpCIJCBWsWoqEnWkHpdauRKgobWNkp41DihKKCMkGCdFyyqmljD2R6czmqbXWRpxOCJMORS21lBJBiZAtUITkNFOmImSwSnRdX/t+3s06BBCKKErs5swJwLYoNbq+L1GNQopMcMMmQbXru1lfolgqUbvalSgh+n4mSyGEkWpkm1LNaZyTsVtOtDZaBeng0nmV8n3f/0Pv8PZv3dJnz92XGJiaiUDkNDkbstKZaRylVkUCSZTATC2nsY3j2NqUNGxj20glZIU9KbouQsiZSFEjooTSCOR0SxdFCWECZ5rAzggQQAnklm4BgogwSIUQIrEQYUykZCOHIkKBbCsdimwZhYggp0QmUi61Pvmpt33LN3ybo1hWKX0/H5ZrBRGdKTSwW2vrcZ1uRBQVmShl0c9KUVWhxGw2kzWOkwgn49jaNDZluiEwgG2VmPVdiSI0jG3dpikd6sAiVIhSQsqcSGdqchvHiUaEpFJqVagrYWeOY9fXiK61TCQpc8ppGtvUWhvbOA3jOE7REaWQIhORuEhCmaYgKTOnqaUTnM7MrKa5eRrTmtIEQco4M0pEFLfJlg2SbZNGcsh2s6VSaqk10SQZZ6YaJp0ex7RNZFoKpbM5kQMTas70FCgUiogqwzRNUxtapu3MKRRRJMmkhGXBRK5bOimKoi5KlcIpIJlUVIrCaeXYBrcpWw7T4Exw5mSySCErop/V2lWKwG2a1qtVTmMtNYoy0zZEKCTnNDFOtSuKIgg5JEybclith7GVUsHDtBqm9TS1cRpRREQgQBGEai2lhAhLSEDziFSiZss2NdtJjuM4NUetXRcIYbK1FCKiWGpONTdP4zSmHZS+nxUV4YiQNI0taiiU0yDVbtZHRFFYLVu2qQlq1FoqAUBmTtmyWYBCUaIqqFGLAttuggiVCKP5fL65tdn1dWpTRKiUErWEciKzWRmzvqvdNLXMNMgOx0a/OVvMu1kvtzaOspy42DahUNempLXJOY5tXOcIpago0m3KMaQQhVpAGJIiPI05JdiNzMnOQgmT03p5uFwOqwh1s3nXd1FKLV0pBdzalKSdJiNq6euUU7aklK7UzJRUIsbVNE5T39eJCZuIcVoH1FqQ7EAoXSL6UtMOUiYilImcmS2nrkSUMgwjWEUm042QSqlUQkUFAbbJbF3tShfTlFG6UiKNQlFlGMfROErJbAqytWFq09QsIqpAyjFbtiw1bNvGjlJr19W+1K7IDhOllECSLELZsBQStGlq49iwp7EtV6thHIIotUZEYzLuSonaAyHSgAWtTZluBuxMTBvHzFYiMArA4zCsh1XLliaKIlRq1K7UUqbUNKUU874H2YRCKiodENHVCCvSaSIUSKXKcvNINnANyQgUSrKNY8scp9ZasxVQa3XmNE3YolSKQZkyImxoKWHLJt0SIZEpMkrFznQpUWqpfa1dpJvDUnHDIErYQGYDRQmpKBylA9wmWnMqnSq19CW6MrW0PauzqJHZlIlCUSJCoRaZtk0bW+I2talNdnM6Uy7quq7rZqFSahclhBVYOXnKzCntZqqKSilRSulKjVJKKX0/67pO0jQ0O0kUKCIQVglKiVAtkhC2gghQIKQQUWrpSsmWwzh0fZ33swiRbklEZGamlSIpNUoUOxVERKg4rWIphAQKQHKSuI1MtiFBdhAlAkkiiu2GhbpZR7i11jJLRCldRLRpSClJ2bZDQYRJ2ykkJLAyEURocrOBzExPDVxKN++6WiqEDSJQqWHjhIjMNk5TGoiiUA1lZmtAMqUNgmyZU5uqCoqiImNcanS162pHJkKhdMrGHtuULZ3ObDhtmj1kBupnfe1kRAJhM03TNI6tJThK1NKJIivHtprWyBEqXZQqFYScbZymTEexTcvmbECNupgtIiIi+loVARE4KM7MbBKzWVdLsT2tx9bGcRyHYZzamG6raRyGdUQAwzhKKdlphZFTzikzJ5o92U5ny9ZaTlLUUiKKsDOEa4kSpXa11CKJ5mFq4zQiSimJMUgkJixRogmhtJ3Z2jS2Nk1jy0aC3JWu9lWUTDe7TW09TnLabtNIprHATpMtMxOSBm1q0zRluuu6ru+d2YyM5LF5aEO2JmnKDJUoJRNCQi0zpymdbZzsLKVAa20ylkEuJSLC6bRTGVFARABtaiGiRmZr6dp3ta9F0VpOw0hQkESmp2FAjggTaduEFKIERSWiVJWqQhA406WGp5ZjKxFtGvfP3SfaD/7gj77/e707sL93KUrXSc5WakkTUYVUFFJIpZa+72QblCAXCZimNg5jNikUilIiIqZswrWblapQUaCoEUEyTa01dypd7VAY2Y6iqEUlIHJMWSolShCRzZbcSGMZZ0SUkGFqrTWamxQqkeSUiQIRKioFKaUJCyCcaUkyMZHM5wvIr/iaLx+P9je3rh+HqWWWGulwZmtT1FJqSUOqRIQhWA/rsaVKlFJSFGJsQ8uUlEqwnZnpJKKSMiIIqUQ0MDaW3KnUUqMWKSx1XdeVKjlqX0r0XZlFJ+W6Dc1OZyZIihhbJiYFrrNapZYtbaNC1IhSuqi1lq5EMZqmqSEScJB2Cjs9ZTN0fV9KgEOqtRKhDEsKYzBSTTszaM12E1ZKaTKNiBpFgQKJMFbQLDeZUJGEJAGWEPKUElLIJSRFKILMNCSJJze3JCMQVolaQoqQyGykE9t22gkoIDKnNg7T0NoUgrAcQFpujpgR0abJ6UzP5rO+ryUi7TGn9XoCdbWPCDswWE6cbZjGaWytNWdGUWspUUoZx2ma2oTblJlpqVktWzojiiTRbEdUG9KZUylSME3DNI1uqYyi2nV9LcU26ZBbOltma4Rq7aRAKqXDtDZla0ApYFqS2TKbZDWy5boN66PVNE2g5snOlCJqUTF2ZlAKMk5PtZR+1llka5mpUHRRuogIRImCaAYakFO2NBg7yXRLIwcKJzlM2ca+77rS28KuUdINsmVrbTC0lnaWCFBrpjCs1kMbm5pRKBxKo0ARrWU2l1IVKEJSCUWRSkgoalnMa9dH7UIRpZYw0zTgrKUoSi2d5dZymsZw1G6mIpuopZTSWqZz1nV9P8MqJSLKlG3WdZubm12tbfI4TcujI6eidE7GcSq1zOczrMmtK6WvXd/N+tpHUaigyLQzbYOF7GkcxxybZcl9qbPZoqudkJutUhWTpyhFiRvDONFcS43inMb1tM6p1dphnAZKRO1qm5qbwdlajRpBWpnOpJTaPJWos1JrCYxsu02jg8RjG6ZxmlTU933tQoFUJE3jMIwTIGQElhQ1Nuez0tVEwDQN05iKFMLYLlFKFBoCy9M0DMPoREKlU5EkbIlpnHJqDpOt1FJLX/viKdOelBElTAhSUxvHaWpJy2zj0NoUjlpLlIjaRZVCkoF0ayASZ2ZmGhlFIUJBkWEaJ5BlWUVFKiVUSpSu9l3J5mlqThvSJhKlVKIURfR9WKQt4TZkNqfDiW1orWUbDUWVgg2mJa01ptZ1JSRsRw5t9NjSiVOYIlEkpHB6kkMN22MTxZnDeiV5aiPpouoMR5QSIQmFIkqpJRQSadsOHFGKkDMjopSIWiKUmVhImc6xOVsRxjQjbE/TOEwThlIiKpIklLXW6KohWxq3ZBjHaWoSCZmTsRMnVsoRUoko6qJUm3Ecp2GMWlGJYJqGlgm2cxzHcRrbaGNAUjerChuciVsDSSLAYNGscDUh3BoEkciohEzKhA1tGkcUVeq6ohLYbZiGsTlTjsw0YHJsaUcQpahIURspZ62l67paqrAkUILtqU3Nxi5O4xDRRURXFCEKAo3jNAwTrZksECWmNFBLL5tskoEStXRRakGOKilIZUuTRChKy8w2NU9Tjjk12yVK1/VtcmbKiiZjIYVKBMJOyCIQXY1a+0DYmQ2SwM1BSGCyqSVTG9OWsFsQNmlq6dxSQpBTy5bTmEpK1Np1JWjT1Fpr6ZSjqvbdfDEvUUDZJrvV2lUpjSScgnC4qNZaSl8UJArhSDIqaaWEyLE5qaWoFFkiE2fLdLplNovAbm3CYAeWkUJFFkkqHaESsts4DJkutUaAwiazZbPtUBCZbnLDbZomodp1oZImp8yxNaDZSSlh4amFHBF915UaVap9LzuzIdVQSFEDSag5M5txthynaRwGQCLl0nWl1HROU5tattawIECgIIqKwkBINE9Ty5Y5TM4WERJYESEi8TSM09RaSxmHxmEcxmkY1q211to4TtkaonZ9SI7IUhoiAadNjSiKIpsosby0K+mbvuM7P/njP36afPH8+VJLja5lK1GRcNpIKl3v5uVyJTTvemNbgIqQALARwpA5yYREmzylna1lujmdMoGk6KpxCNtTm9ZDa5l2hqwokpxZSu1KpBIjSaAEAUIlJOwIF9UiKYpkyS2bTcvJ2SIiCiWICCmiSBaGKY1ms7oxXzz1qbd/73d/N8Xz+XxYrfpuVrtqO8Btwgh1fZRaJGVrbZyyjZFuzWMbprG1sSFJkdkkRQgIWyIKkj21cZqGNsqAi6LW2vW1dKE2Zcs2DtM0IU+Z6VaLQOo6IWyPk9OkM6eQNmaLvu8hndmmqZFtmrJRI0ot/ayLwFMCbjizdnUxm5WutpZDTuPYpqm5ZUQpXaklhrF5akXhydgqsrBTacw4jjWiFEPNtE1Izsgpa4muqwR2QlhOQm6TU45SYtZ1UasisFoaEpMIC4jIiBKlhkSJrquSBJIStzY5UyEJEM2kQqEgDTIoSUSRVIptIWMlblYABHaSbZzGKbquq11Xaii62nV9X6NU1VJkiFpIZ5skohZAKv18DmlcS1dKjVDLybZQqSFADhEKpYdhatMkpUqJUJRShFRK7VCVYpqmcZomZ3NaDTLTKKZpLDWidrXrZv3cyG4EtVZnm6ahqnRd31quh2EYszW3bIjWmpupihLKiFprVyMUERiFM1ujmTQ5ZlqgSFCJTp1QmqhFkqw0U5tytCSbVPMkDInJRtpg3Gg5SCE0TNNyXLcpc3TLMYdRERJkDsO6radMd6WGonbhvrTWSheFWrqOAKiFWquIKIoo2CHN5vPqGMbJwraiKyWKglRzC6nUPqQqg7MJiRTDepl4VvpSY5rGw8P1xtbm3GCaLNd+Xt0yFS0zczKaRkMAEd3U1pSukzKyBc5GEEFRtJaOYiysiMlTiZBoLaNE4mkcStfZ6cyIaI1so4paywn33dzOli0IJJozsivFDTO5iVCEJFpTS1RQkLZNKeGkjS1CLVvLLAqJlkhl1kuW5ExJnRWhCDmzZctpaiVK1Flr62xZSlHDka2ZcLaWTlRUSstUOBwO5dgUtAiPU0t3XY1Q6Ux2LmRmG0d1QihkSaK1EVtE4BCpIrVEUZQj6ax0Qw5yUygbilj083nvdKq1JLrwRETgqWFURcuWiV0VzkZDSADIJpEi05IzLSQxtbHQSWqZtdaUlZE0UiBQ2hJpHEKutSrV7HBYLWRAwdQoiuirMpuwDZIcISdpkZQQdsuJJinaNEG20uc0ITsxKYkIQZIRlXRmAlj9rB/H7Gpka812jjm51FJKZJLpqBC4MWqqUVAKSkhWqqj2tExNEWEjpQ1SKTXxtFphJGiOUrrF3NgGgS1ISk4ts0UJtXBxhKQiwlKnaM4UIkrgdEhSKJstMgHL4zjWKMEsycwG7vqSnoWKIkpARsSQrU2ZEYpS2jhlthLKdGtTTikRIalOUxM2qFQAyYREpMETAW4tyaQoosoZhELNmdn6bhYKo2G9nFqrpXS1n7IhFJJE4MziMASEorW0jTRNSVhCJXJKmGpE7WeZbuPUskkFMiKQ7FQom20rqnIQqFY7h2mspcMGWhulmmRR2Dk1Y0oUySISR3jKDFFQZmstJQkFUhG4tRZAGByCEq21yWMtJeUI5eQ0AkJSiRKIcRxDUWddZ1qSJls6p1qqCRG4RalTa5mW3GGnbcZxigiVUAQoPUVEkoFKrZjMJmLKRqai1lJQllItuhItUFeCgu1szcpxQmQwtUnOTn2pJadoOSkcwhTT0plY5MQUlIiY3JjSNWS1HC2FQrJKCUUpJY2ntCFsO1CUCEU2U1Rrmaap62o4Wo6gzDY6pQjJTlRmPSX6sKMrLZMM1NxaKghHlFKi2VObQp3AzQ1HRLOas0Ktne0iikUEorWMEhI5NZXAjlKEbRFZKCOTW5MhVEohPWabhvWsm0WpISLILCGnraB2XU2Mp9aKVCKsEmZyZmYfdT7rp2masrk1O5OcRrdSSomoKByqTA5rwkwuYYRCme76TigilnvnNo9f84Vf+qXHTx775E/9zPMXzp8+c2Zau4YSR6KiTKm1ElrbnawuvMa2ijIVkaEopYzjZBwhqesKreXYUggcUYtodkRgExFF02RAUkQRzpbjmHIqonZdkSNimrJQAJe0s5mKMi0SJ4oSgd2aasmi2tyyZUgITMuWzQXZkI0IisGE5JzWY511Xi0/7fM+/z0/4APmi62Dg/3Jrl3FOTUrqjNDgkiQBNrc3q6hKTOngVKiL+Ow7Lu+pdvQ1AuJhFAppWULK5XjsFZTtyiAhJBUpvW4nsZZ35VaprG1KY0jY8JtPFKUQlSVLMZpu7WscoRaysghUiFRO5nSFcBpnJaR25SqitJZyswStSQTWSNUikDWsFpNbSpdL0XSnGQqXOzW3BBC49RIu1gRYRKlm2SKmu3JoULILSOQFbKVkWpyhDInQw2lSsuMkELZmrECMjMbUPpa+n4cJ2xFgDObmjIojpRrEZTMlnZrSNnVmi2JYmdRqKhljriAMdBac+BMBZ0K0uC1Gy0pikASpRQgsyGEjaJlOtNON1lVRXicplqqIyZPtdZaYj1NAlS6kFE2uxiVUqSG7ZZZS0iqfc2pZaZMLSWbU9hjKGxsC0mkm6J0fSVtO0KZlXBz60ohNY5TV2PKSRGhqKUoosgUoQopRZqgqRQ321OgKLPMRAakqBGQLWU5UJRoToAkpykzp8klwk1RUJQyMym3VroeochsmsbBziKIToE9tWlSOtc5dhWYhqn2XRdFdikBCpz2OA4l+pKuUbK1NqorMinLSdIyFEWqwUjfz8Ia1uts6UJIWAEEESVCpbU2DkPXdV1EUIox6SmxNhZ9kK1NUxudhlTaaeFpHNvQbATWBJjWmu0cp0nEol8YpnEoEd2sR1qtltkm8DS2NkxTm9K2LalNU8NKZPraGWy62gtKRBDrYRinMYhSIiIyp6m1rvZgHKVo3vdESadxV0tfulDNNtnYIBFSRBdFEnaUYjeBVBxhaDm1luTU2jhNLe2GgRRhckhnKyWGzMPlsuU6k0zkqH3XFQmcipBAEnhqOY4tKFG6WruiGiJbG4cRkCKbMWQKzeczlZiYGrQpx3HMdJFrqX3fd7VrbRrHaVyvstnpsU1taoJxHJbjlKRFjU5SSya3eelms5ntNuXgltnGNhFMmQARISwgM41sACS1SFCRjEQYB8Um8dSmNk7NLZ1yo9nYdhTVrio6GylIO3Nqk3MCVIhSai2UgkqgvkYNQVEphRoqpdDVEtHJtLRtBJYUMqBAkkJGNmm3MXPW11KDqBJhqxZFRKqUCMmJTcREys6cptZyGnI9DkkW2ZgUisypNRMlJEWRmZxRo6sdiiBVCpJtQIqIsBNlqUWlNIOdZsphnNK2ZdJk9l0JVEotCqO00q1lpu2EpCWmTcNkJ5LTs3lfZ7NsaWeSRCBJKMJpklICokRRiWkappZdX6RaS3UgKCGJnIDMbIRsF1yMTIqiaNPU0iZNBCqqYOyu60rpsIWMQ1EkjCe3loqgFFuttZZOMhR2jsMwLNc0i2ISou/7UkuRHCCQSkSzc0obRSny5FRrWEUim9OBcDYngE1YqgnpnNrU2oQNgQgzTlOOrbV02G7ZEjM2p11KAY3TRNCVipRYMkVBTcvp1lpmYprtlomdynQpUfrIRpvGIhmDo3Qt05mtjYnbZJupTRKl9lFL6SsVcBRhyDaNU3Mj3aZJOEoxnsahjdM4jNO0HqZ12ogapZkpE0sApEGWglCki1WiIpEkObaWY2az7VoK0jSNdkKxsYmQSkAkTpu0RC01CINDmc5sdkqRhiTHzOZuMY+Iacxs2VoSUfqZooAwYCyVUkvp64zw1MZsODFE1KJCkK25uUapXRcKMiOwaJnNWbuQYxin5Xo1TVPLbG4YN4cA44jS11LTYGXiTCFESGQCtdQQxrSWmSAS29M0lVJKqXa6pcF2Js0NKUqIaHZgNTXn1FooZrV2fR9dqaWWWpGm5mmcWsPZjGsttXRdLVJEOtNFRVFwZqbl/d370tMnfcqnf/O3foPNufvO1iBqCanUfpoyaYpCqIsSUXNKLIWyJW5FMthZap33/azruy4iotRSQjhLqaWEFU2T09iesk2js7VsUoBrqbXWEjgwrqV2XZfZMjMzS6GLgsOiNTJzbJMUXZR0S5NMbcooNaJEhBRFBZFpmbQlMIENLdMEUtfP+9ot5ovzZy98wzd8LaVub28aDUdL0rNFX6IkKKKUosnjMJaiGmWcWrYmRY3SlyIrImqp0ZWqqLUg27Q2OZk8mSylRpRpzDZNiaOUkBIJl6hRqiFb5pRmcqg1px21lq6WUrBTCkUKRCkxtcltKlFq7brSzWZ9LXWaxvWwbrhCEKWGJGd6muxEqS6iBpJMQ8iUqH0VpTGlsRXCWC4goFZFDSIiDW52QERAjOtxWA/TOAC2M43TxomioGjT1MbRIGEIG7uWgkk7M9XA5JTGNsYmhUqoOmrpwDgdqRLT2NKGwJTiEqWEogQS2HJzhqTWnJnZgFLCRkQtNZ3ZxlCxkJVSM4SkQG5TSnbI6eaMUiGmIRtKsqXdMqS+64oiamkoomTarY2ZyKWW4sB2Y2jjaj1a1NKpBCZUu9KVUkqppYsooECoqOtqtmzTNA05tQQnbplIpahEIUlbpXazGrXWUqKWzClKNWkrkUyNrqiu16vV0dCmaWqjIUMSBEhpsJ20ZivbmJlpqpst2xkRUUtmy6TUYinbVCjGy3Fq0xQgFBEqpfRd1/X9rPalNieWuk6lZvN6NRmDMBOtiVAxppaImrSGxzbJTG1ardfgaZqqSLc2juM4Zsu+FExza86pjYxpO0oZhjaOU4iwsuu6WqooKrVf9GU+r7M+uqqAiIgAI6rU7MPVUZIyRKjWUkqESIVUivquK1JTZmvjMGZrJQoRU8uAqHW2mEdXj5aHU07YtZaudqWWfjartS9dWY/jREpAtvRkUCl9zWwQpdRpmto0CRRlykmiyY4CYU+emHJMWqk1sw0tSxFSyyGnNmVGiZAQpDOzuU3D0KZxTBtAKNJGqrUvUWvpbGdOXS0qJXMKuesqKiK6Xl1fS8iO2lXZ62mcMgmXUp0t7VJLKQIlGtOCvuu7Wa9AkcDY2jiOshb9oqhgj23K1hJqrYoglE4JwXoYkaxs4zCMqzEHTYmnYtmGnLLZzWlUpKhRs01q1BoRnTMVBSCNJBRBKEKyW7ZsiVqCk7QtHKEoEQFYFiFPNk4EGqeJIBRtGpAjRFqqXdd1tdqapjEbYSeWZTdFgrDkBIMUxjKEQn3pu1qjL0SEwppo2UbbGKwgooQI0um0SQBF7UpXIjS6TcMITYUSRNQoAhrNtHFaL9fLNo7jNKWbAKyIUiIz2ziN63VrlCilhGkRnsw4rKdhKOD0MA7T1BSSatRSg5BVAsiJEEZtdESJKC1JbAVmagNOmcyWU1pIpYRaS5MY0lErRI6ZbpkNS4RQqcXOdNaugtIpSVJEQSKpnaIrNUoq0g1LYadSxi4lhBxKUWoZ29Syyc4kc0KSWK/X62FttyJFFEUYJNJWRCpJYztTWCgzsVtOifpZ3/edpVDWUksNVNp6Wo8DJkpR2EgYgSWRRUo3SHtqEzhE1ChRSwlgnCakwEJOOikikrRzHMf1epWtGZy2KXRdX1WqMp02zkzLEaGIzLZarlbDVAgCyXaCFYIMSUJya6PkkJjccnSo1C6EFCKzNQPQ0o0mFKUowjjTpIWQQBKZbXRKKEqbcmot25Rja21Kstbexi1lSwaPw5jNntLZMp1pNwcClygqOKdhPSzXq2zZd7XUAIUslVIKBFanQHI2CSTbMl3po5RSi4kk29Cm9Ug2FEhKd6UmObU2TkMbBwBSEYlR0rLlpAhFyTQQRBS1zGEc0hhCdKWUoihFKBQUI0l2RBTZdoKEadkIuqICTk/ZbEmAnGCEIgDbLXPEidxaOm1nKEopRuM4pbPr+1k/d1Fmy5agiCglDJOd6ehrV7tAONOWMqc2Tq10JSKcZLpZNiFFqX3fd11XS4kIt3EcRmMhhRNSNNFay5zcEuQ06TRHe7ttXH/QB3zIj/7AD5Quzl+8OAxDmsYURSVkt0wn2TKnljgxdkZIEdg5Jdg4061N4zS11lBErZCtTcMw5JSWjbJN05SJgwjAObXJOFS66GvUliPIRnYUqVQpjCOdmQGFEqUSQEjqSs3Mlk0AKYEsVEotEQCCcGu0aZQpkpAJR/R9FXzB533R8uhwvnncOaLIzDY1igsSiTNFGKzmaWqToNZq5zCsUKQdoYiYnNM4CWV6GoeWLafMlrNZv7kxV+SUGYRUMl1LRJTmnMYRNSBCpdaCa+2EpjZaIBOlFJVSnBYCubU20eTMycq0W3M2t3Fy85RppyKkSLeWLZ3ZSLs1K0g5cMuU1PdzSslJEiicaeyQZMBWKVFKNGdimSQtdaVERCml1AK4NSlDpbkh96UrXbUy0+AgJDfbODMjIOhLFwWJqLWLbprGNjURBDYqgEWUUmuppNPONjbSNKlTidZwZg1K1Fq7IBRFEcJCgFSilAjTGMdxmppxELNZJ0eSYJykW7pNTQZb0tRaLdHPZ3Ib18M4DWmN0zRODaK1yU5PkzOn1to0ttamaRxzCkU6ZbpSaulUokTYzkgkS9kmBYVSFKWEoNYemDIpwjhTIkSbGhASJcbJckZ0UeQSNp7sbMN6TFuZ0zSN4yhl3/UBmdl3XT+blYhxnNrUWrNSmTm2KadMJwEgsquzNChRCYVRtubmbFNmjplIIbfMIad0EooIj1aI9NCmYT1EqV2UqJFq6/FgmMboSjfrKKVNNrZKLf2s68ICbDtdo5TaIZW+NgQRCtsUajc3yKASXSl9qRE4h3GdU8t0ba3VqLXrSVsmmVaDa40Siq4rauPUptb1XZmVabmapqmoqs8gQmQmkC1by9IKAaYvfdM0DGPfzU1rOQ3DWpPnG7NmtWHsuupM1bJeD2lmXZGKGI+Ww8Z8Y2oTUilFljKnNpSsXVdpTNOUzlKKnc6mjGxZgzaN1ChRHfRZx7G1zFK74vXB4WFXStd1UQpmbNnGZdf1XVeF3VoGzuz6DhUFgIzx1Calm1HUzJYoxDS664pKjONgqTVJWUtElTNBnrKpOWrpq4Xt5rGNLWopadulFlvTNAI0W+FM1zI51ZqEA7ckKVHWzdW2yGxFodKVUkKYWMwXVghi1m3UTYPHHCfLqkUt23q9jFLC1FkVZIqAlmQDUhg77STJcDhRuFgqhXRakhQqES2nNJYkd11XujKsB9uqUrNbpmltQi6hpEU6QhExTq3UGiIT230NorZhak5LStNENCznZBRKN8YpowoAQYIQtpubaemUAxEFSXYEzaa1DJcoJadpSjvo7MSB3FqThcASi65DgdOJSyFdakzrMZ2FkEyhElNLZ4YC59QyRLMjYhqnpPW1dzjTlALp1oS6quZuGEZE1azWMk0jESInJ6lSI0K5NpE5UYuQ3LK1qTW6flYcY2shKwptctCVcFeyNZtSi9POdLphSJVwm1Zj9q1AQyXIqSUyRVYWlwglaTvsJoWVlmopEbYzW04TUSJqyOM0Jq6l2knKZI1qO7FtJ5IgJHVdb+c4TWppBZCePCkUhtYmcClBw2bKLOFSOkybxvWqKSBCSmwrFEUQNaax2QlsbuzIYAG1SKWUdDNTjlIRMu76KkXmlCQSzigRoTY1TFVtLW1Q1NqFip2ZGVHSliSFcbYWpZYSY2vj5BK2LYdQFE+gluM0glHWUgTjOFrZ9/3YmKYxRJ2V0sKyR6tSauntCBUVL2Zyy2lCRjHr+ohoq6HUMrWWzVFsRQl1s5rNbllqyLLtZsuesCKEFLLdXLvetrFtsKFla4SVpINAga0SCsKR2SRkqSjdVGuIaZpaksqoVXK2DKl2XekqSZtGJy2bG4QJSNOFQpmexklFIigZihzdMiOi1hqK5nRrLRMMRZLksJrTVlcrIipmdLZ0s4U8TWNkoSpSLR2qQBTZAk92m1rtqkJ2k0qNmDJLqRKZmMlNlFZKdUPFITmx6GrXWsv1QJjA2FNziQhQYKczqC6QZCaOCA/pzFZETgoVCoEmu9ZqSXJzypSoUmKvji71i623e+d3+pEab/8u73bp0u6xYzsTMZ/1KIchYWrZlC4SJUrtcANFRLac2oRbloJpOEyUqJKlcRilqBGTHah21bWM0xSKKGSjJaUQUjopuGWb1HLdzWYqoZa2x3GNNe9nTdmmLBHpli0VsuyMEkpPJiIjaY4IHMp0JqksClnuSpECI5SkWi42Noc27e4tf/RHfvC93+cDN7aPT6ujYVwxDqXvQHIm6iK00Y/rKVsqinFrzW6tZUTFzmykhbMZKSIUnXALexIShFBVQWbKJKc2lVIlk1lLR8iZIhJ3taTJbLKGsZVoQY1SZGMkHIVsxbLUhrHWTkHX9bWrEdFaTjlFhJsREh4nRaRb4PVgiapIplDU0jkQHoaxlogSAQXshomoxRqtGkorO9PsTHdl1neZJshsoSJABglaTqKUWltrbUp1pahr05CkIzpFJTJFWkHXFRBjOptKycxQJGqtYYf6UmprqQhFRCiRPblJkqSW7rrqlhQpSuYUXRfZgPV6dGZrbZqGee0QUjg8ZmstWxuc1aYWdaW0zGnM2oUIcJQS2aJ2mQ2XErLIzNZaLaVWEREiKJMTVKIGGHWlG+1SaonScsqWUSFjmJrIWqpSqcQ5Di61piebIFRQRJsmyFBMrblRQ4ooOJ1MdiinFJSuDNM4ZYts0RWPHqbRotYuSpcTwziULNPUnF5sbUxTK6g5mMYSRcZFbZiSjEgnDddOw2RsS1EiVICWjOt1LbUUebKVpEKoU0ohjlZrbGTV8JQ5pFzm3UyWk2ihTnbScmptGkyURTeDWA1L0rP5PFNqmUorS3SqhNVyyGyCPiDmClpL4b7ri5imVlt6HI5CRcG4zFKMSrq1dStd13Xz0mt0lgin+74vXW8323JOxNTWRaEiTzmORkQtXUURtRSr2RpW69KVOusyTa6JKAqq7AYUxTBNCVWa970FEjYosS03Z0FmnKauixpdrQxjWx2t5psEMUyTjAxRAJWuKEoEgUaHVUpJ46mpKmpUdbLtLBIlspFV4ziVGoXIxpSNpNRKZCEkTOkUhKbWMlOZXe0tO1tOJGSCbCilKsAOu+/6iUmOgEBWehrHVFEhFI6M5mxJ9lSbKcdaextj4XR2UkTJzIi+OTcWC0vTNI051VqrYpoGJ1112kWK4igVu9aadk4thZxQmlMR0zRFKQBplCIMoSgRpZY02aZpGksI24Qo0zRNU1qQlhnGqYciqe88NXDUQgIRgTMpAc70Yr5Ir9uUkkORIjNbswSWyFJibJYdKgoTFJXWEpFTRi04m4VdFC0cCiNCrU2GoKBQkdKW2tTUqYRcFapI0zhiu1bV0glPuVwtkUrtailkKoCcmgtRS1FT1CKT2OCGwIBAjuhaywAjInCYli2xJGezSlihpO9KSxJXUSRFsaccssyqiNbsll3fqUYIp7OoRudMnI6AVBSZIV3cRhe1hFSUEE20zK5Ei5xWU3QCQhAaR6QJUywDLSudo1m0waYF0c86SZSS04BKTk0RhBODCWUmptaSKkqGqZViRRR3dqYhm5VTowpnSrKwrRKyMjE26cmKCDM6bRuTIWOSEgVPLWvFVnRF6ZbuohYVKiXqRDOTM8dslmQF4aJID+upVisCUuIKQTplEXJCEDUkuSVWKaEuaDm0hilECWdO4+QaoYiQW4NsqkVRSCsQXo+jbdIRkkKhiCDcRqXTZClIFZBJO21IZXQRJQqNjElmyiaiFHBObowNRS0l0yEskakonpxGopSQw8ppGC1FLSDbkuyEaJlAgG2LSDeihFoCoShumMxm0hYkDmNsFIVME1JITHaO64hSVCRlOuSpNVkqqhQXy0JSCbecMhWKUETIdtOE5QaZCllT5jgOAarVzpZZokgBrSjkkkpSwnazMM4ps+UwjrWmapeZZEYptiClwOAWRClVptlyTumohZZgsBSlRqbtVrooVqYzx6G1MKUEIUk1whIYEqpQy6xR03abhsStdf0MopZeNSmVbDKWWzYR2VrtqqLmOKpIUltPETpar8fVsHXyxFu9wzv/7jXXvtGbv/mlS3snT57EbZyQJk8RKkXhbJIjSWHbVokYhDKJktmypUIqNbETSY6M0hcopThtMgKSjJAoHUICy84EhaDEOE52lhJuSXpjsTnbWKyPDpNs2QSZDixqFgWSFcI1wmEbrChFwdSQ3awiKSDSDVRLndo0tTbvN5aHy8//vC96l3d7j6JobR2UJluKQibTOLoUNZypUualTJnTOIJDBRkkSnQqimmcWmvZmoSLwlH6cKp5CkWrnjIDWku3jGoxiyIzeTISEeE0KjWKy9RGgnHKeVEmEUStnjJo1FJKWGST1bKpBEWViMyJlh5Np8ysIdeSLUuELKr72QznMKkQmHRCWlJJJ7KtKCpACaUku2FnZioknG0SVQjsqWUhELYVJmOaJkUKhKaWqbGAoUYBTZnRTIkIOclQtpaYEpXADRKilJo5tXG0GygkYzdMkyQJItuEaC1tbGGaiUzSQCm2s0Tp5n1UTW0sroJM29nSXYnGFHVWojB5zBEXy5lNzVi1do50s21JQihtNaOIgiyVJjujK04LMIAzE03T1HUFK+1SFI6QFAKcYdvpqbWiokAEOKGqIA+rYbYxR8K2LQQOSXIpRbXMavRjpozVlYiibDQmJ0QOq7VKmXW9JSy5jWSgUkKlYJwZgbEpRLopJ0qKrsjKzIZqKZmjiYgYs9UoQq2laonA05TNmNKVWorTNTR1ddHV2XzWWjYTVYKUGF1KLUXNMdnFU6GoChIzkpGU2su0sVmt2eM4RqgrdRymblYyG6LAaj1EUZTQrOskuTWiRandrC+l9vNeaLk6nMZJJdbj0TCsbdeqLooIuhqRIogi6Gbz2bwvpYSUadJFUaJ0XZn3s8Vso/adlGGKZCskqaSFXSS3HMcxIdvknBLjjIhaSy1VhSiazWdp1sPhcr0ehynlJAkLbIlqnK0Nw7o4gZbu+n5nZ6vre8mSSpRaa6lBYDSl07LUlVJLBJEtx2mUopv3psmhkEqUWtPZpiYLI6SCW9qufW2tjW0kKVFUZXuy1zkh11qxKZYgNWVmJoHAIkJ9rV3p0m7jmK2ZjKSLWrs+SpFCIYUUqpJCJu0sKli2UaRyGMdhPbSWEcrMNjULOSc3pMnOTDJFwWpOCUmii6JaSyBj22Qbp1EyCtkY7JaEVCRsRRFM41Cim/XzWjoUmOYWgdMJasgl0+tpzLRwNqZsdo5tatOYmZIKIgLSSQmFSlVtzdM0lUrXdxJGYJNJCyICKbBxyKApnWpJpmmSE6cNESW6Uka35lREVRExZitR57UXojVnphOoUSAcRJHTUxvb1JyTAkm2sEQ4E9LpripCKZPZMsdpyJa2AwEKbIHBTmUIgUvDq/VqPa6dzRGA8ThNY06tpdMCO6dpJFOiOWuJiEI2SZQCmrK11grKEKlSnEObppZtyql1tchOJssYRRedBG3MKEQpFoFst2FM21OmmyJUSwlltvV6HIfRdgJJuoViGrO1VEihCKKUkCDb1KbW2jSpRBQBQajIpFOtTbhFiYCu6+Z932jpDJUaoVANCRF0UaOULtSyjdMQESoC7EyylhKoZWs5haRQ35U2TZmtREwtcxoNUasysrXWMopKFCEnDkqtRUF6cqtRa63Z2jSNWCEDpRSKcpoQRVVWhEopKuFECkVpmZMntza0sY2tzLpZ1zmbTSmqqhAITIgwUzqhWcM0jNMkU0qVQjJJNkeJiBJRIsqwXk7jFFK6RVBqwUpbBKUoKnKSCOxSSgmlp3QSEUWlFociFCq1lChRQgSyJSyBIwRgoiBIGRyERGA7bEUNRQlrmrJNjQCgyNDsKTNkZBtSXYkQirBbjmMDVGVntmkas6Wi1lprqeHANLc0JqccPaWcbWpE9LXHCkWUKLULRbo5W0Q1Nk4rILMF7mbVmcM4TdPQ1Ey6TZmtZZpEKlFberVer1brcVonzc7AioII3LIpotYIRURnp9MyzW5tGtZjEbX22M0ts0WJgqLIqE3pZpMWUoBVBEzTaJDKvJtZPnfvfYxHr/gar/abv/gLp08fv3DhwnK5FilKRit9sdKkG8Ztapkts5WuVBUpkIoiokTtIJNsOaWsVBunElFCJNPYprRJWqZbiVojkGwZFJJCiDBKowii9IjV8mgYh0xnNjdCMkIpEodNk9JAixBSZnPa2FC6GhQDGGzRxkl2TuN81kWJpz791t/4lV8udZZGkpCHaZgmrIhi3NKjsyVjy5bNyBlpR6q1bG2c1sM0jREipBpRohCKUKlStiSRUjRPrZUSi815OparQyudWq2HbFPIlCJFyzYM63EYZ3XWdTVKOFubMlviNo3Nrdl4Stvj4IB0tExIhUJhMltiZQNTay3qmuzM1qZMSipKJC3TwzCtV+tsCah2BkoFmiWyRigCCZxOFIIcp+bWWhOAVRS1hKpCEUV2NmPXooCcQCqlGEfaEVLYcliALLkYk63lZINLjVLriLEkIYWQHIIIQ8sxaVFDJSSnc5zWYUmRGAAhYeeELVzSKUQz4Xk/i652tbMz21RK7bpZ2m1KnK1lLdWRgBOc2ZpxV/tSFSFwJplOpQgZ4eY2eioRKppyQoqoBBJ9KVE7IymkkqFSYmpNRJSQsHCzppycrVkFSaUUg1SiFEUB2WSznW09tZYkzkklgirZmREqJfrZZt/PFAXZOdlBA5HJOA7ZshSVrioi5CDSzbjOaq017ZYZ2NkwXRcIbMmSJFqbMlujqZau70qQLUm3bBS6rjMC2jRms+1pTIpqV3F4mtowDOOkUO26KT1Nk5tLX/taFSLINGmBW05Tc7YCXekKMU7rKcdQibCIKLUrpe+6We1nCqKUooJs5zCt18OwXk4tjVgfraZxwC3HcRoncCmhUNqSaq2llCjRMqds09Sm9djSLdNjw6UhoBRJKrV2tahE181mfV9LZzy2qXRdjVCAaZZCoChRI0KMk6HUvsz7WZumoNbaz2azKHI6jczQ3Fob18M0pp1Jc2IJnNnGsSmiKyUA3Nq4Xq9MSGHTxoacmdlynKaWDfDUmtvoTCco0zllyyaVKCqlkmpOFZTKTOcEcqO1aRwGEuGQSokSQXqaGk5ZIxKyjRLFuJ4cLrUoqDWw0m4t2zQi1uvx6ODQiq7vJOxWaulqdWuQYw7jlGRGkG2a2pRtJDOsKJHOdJNdJRsJuwGtOe3WpnFqRlFqLV0UOUoUWdQqlSillFJUVEtMra3Xy2G5SghFhEC2Mm2DIklwDs2ZKCRhcpJN1IgIcLOmaSKpIZtUtmzOLKXUqKFwpiJCRYq0ZYtwNpkIWUrL6SndSEREFZHpzGYYphaNrqutTcOwyhxLiagluq6Ukm1K0lM7OjpsmZBtaNM0ZZvSFs4mQkSJQCFgbGNE13VdKRVFTkNzKxERJW36OrkN4zCuhzGnNk05tkbm2FqbmhtyZmIyHc6Wzja52VMmiTNqLdFN09SclmooSpfKsY2tNYkocsv0ZInWhGvXTVNzNplSQ4omiZACkFtmazZOFEExXq7XbRybHTGLrhRVyVggpBIqFEObptZa2hFC2dowTmOSOEvUftZHrbUrigJqLSHa1MbJSpOGBpHW1Fpmw0jYShMlnGTL5mxJSAhD2i2nNrVxGgsBOI2VaaBlrlubpiahElE742Ea2zSmJMixoWx2ABFTtnFq0zjKYZx2pqWIkG1jp41VCoGVRSX66Po+ik2zbJOTwX2ptUYhCjW6EpnjNIVRRJs8DlOO2dxESiWKFOHizKyl72dl1s36Wa19jUqJiIg0pUZXu5YNXIpFURAlpJKt5djWw9CyGfddX4pCte+6UEgSKAITYJwtsUuoSA7bEmVy2lYpkiMki1IilKTAQUBmtjaOU4qotZRSooREy0nQ9b0iptZaZkQQwTStpylTJWprU3Om3RKjllkUUdXsUESNru8Uymk0GV2JCKEQmZlOQ0I6ZVOQoKiUOu9r6brIJJCclu0gmkSAJEU6W2s1aqdSVNrUmg1WlEBja7Yh3TIzMx2ldP2sn3VFkVKJopAdIJG2Fe5qzTZluut6RVE1RW1qzimT1qY2YamUUEi2KM6WrY3rcRqnWrv5fN7Xru8WNbqNWXfx/H0xtZd/jdf6iz/5s2uvPb1/cLAehtVqWWsvOyTVmSXkUkIm7WlqSBFFtiMUFAGiIamqqJQUrU1NdnFEKUZRSiCpjeuWE7JxOIxaTtgkJWq2sU3uutrclut1S0uSgwAhnOlszbZEATAO24CdY5ukKFEQEZHN4zQamUynippZrYftrR3gcz7n8xAb8+1aVYpQYIgopciFKCWi2G2aZHddia4IhjYZZ07DOE1TNjsURaEoigKZ04RJNztNEopQEDZRSpHSIEehmWkYWhvTiRUqtfSgUvsEKVrmOE3Gpa/NTNO4HofWWim25JyGcbAVsp0Z2EaOkG0FCDemzHGYxnF00JohosR8NlvM+ymdHk1GUCKAluM45uQMoiiKopSIEHJCNkgVZJQGB7ZCkowsgyz6vu/mXVc6IpRSFIJ0w+mWNKMAjS1JR4RQWpkOou86SokIJBsFinACyApFVwotW1JL6WqnwHZgoLkVyxElkEIRdo7jkJlSBQlCMU2exmaTznSWooZlG+cwebKLFVUKGZwtnW1qU3Ng0k0KSaESskjbOFFERDgbSSjSCOy0MdmmiVApRRHplCIkhVQjUETMZhtuOYxjpKMq3cDgoiKY1tPh6nAcV6vV0Xo9RukURYBoOeXk2bybdZ1CIcZpGsd1Y4oIok1TKzVKVHNFKFy7ThE4sSyXCEqdMlu6tdHpWgKHhOyWbqZEHxEgXMZxWI1DmxpmzIYdJUKl2a01RESkaa01tZa2SDyOQ5uaqrpaSA3Zsk3Giqi162pXogrsXB4eJa3UiiSrtam2NlWFM1frVT+bubVs1E4tHRGKmmOz6BZdLdEyQSYyMxG4dn1EUTAO06SCmyJyGmvtPLUppyhVME1DVypEujmpoSld1CycXq3XpaullmlqgbK11qaaPdFaG52ULsa1u743zGbdYtaNkynTOExTW0NF6WYcClRUSjeOQ05NHS3VpsRtHCZppig1Mlsb7JymbK0lUtYodlOom9eIQlJrmaZsY9pDKESUUKRTkJGmycKebGfUgqecmt3AEaUrYStbRi21C6dbtq7OoCFFkqRdws1GJYoL8jCO0zjVrgxjKy0FhADQ5LSzlAJyula1jJzaMA41Su26WcxaG7OlQliEolQJFFC6UiIiIxoW93Mo7CaFndnIcLScglJrOJ2thTEyLlJEtNakKF03ZVM2jClIcgNURGbILjWCNiRW13ctsw2DU1EEatlKCTepyERrU9gWoBKCaDkBIREtGi410+M4OWVJQpINThUVFaBIKjENackETN2sF5kmpNVq6LquYAUBA3SEmaTS2thaTOOQchddqUpJ4WIUchaToeIgQilXFWVLsBWldAIRlIxw5kh2KvTVmW5pnJNLFzHr69QRCKziUFHNkjkJN0UBtal1pTgI1GzRcsy0oygMilKEq7NBAdsxDkOZRd/NFZEmZCilCGhkmxTQREFRohFM2XCJIqUJi5zcPJEJQYBC2CG3jIjaddnKMA2yW3NROCe3qkYWzfp+CHJqLSdnA0whVCgqCjwZ2+M4ttFFSk/jSLYWpag5yWxyJGS2pig1QiqpJVBLjRKCNk05TbXv7DYOE1FKkR2YiFqiQLY21r7vJNuya6lJS+TMdIsQokhS4FQQUUMSJATOhOamCYWkbG5tTGVzq3YpZb5R19M6x2YhNOXUdX3U0nJCQiRkTpZoTSEFbkM6siViyka6KtbDhHK2saVQDgMRpdb5xrxNzW52GhsMIXIypZGmREtDQjSDJySknBryNCWywGN2tbdzGJpCRcoUsoHmcRwB1RqBRylCFNwIwrRsCmVLhUIC2RnCtkSVxijVCEyWUkBCkIioETWE0s0QDkK4TS09tii164rQlBmKroYzwFGi2TllKZHGJIqIyMlBhMI0BMKtRRTbLZPMrhYpDBEGCYIwGIMxUgA5UUqjdpJaa9kailKK05nNskAKEVNahVpKKMZhguzms/m8T3sapsyMqiAybUWtYRLFNE2QfT8rUab0MI4hXNzXReR4eHBpNl/fcPOD/uav//qxL/mSF85e2N5e5NC6WWmtjeO6dKVNSCgUBUwUhapp0ziVElDsjBAKcBRoamPWFLKCnFwsFSkJqU2jSTACCthimqZKIZROZ2tppqyzYoedaQcoQoCxpyDSso1QSE0RRdW1lGyZtrKlJ9uF6jQRbUxC0zjMF3PBn/7FXz3u7/76MY99iWF9IItSikMh0q2NEEFMNEUpUVpmTmM2m9aXBRldQdjjlDQiau1LFE/NBqWICOXk6JCitcakEtZsQSZB18/cXKoiNA5ja1PtZyEkS5FYAalsrZZSS+1KAaJWTxmlRI1skmznOI5OapECCxRErsepKkuNWmfOnFqO4wQOCYUUpRbZ66Xb2LqZsiVgg8gpKQJK1FTDtkPKQI40EZBjZm22nLYlXKNTSE2S7KwlpjYlDSuiBDIi7QJ2qCpGB+GwrHSOo/quuozjSFEEdtgSaVpQVEVqnKapZYligeV0Y3ITQKYCRUnT2qQi0aUnUODmpsnUGqEwLafMVktkSgS1KGQjrFSEqPJkE1WkJaVsWyVw5kSLKKUrHjOz2alSa4kpM6eMoggZQ07jWqjWWlSsaDShUGSmbSvktLOWbrIzxyy1NssKSYrSZRun1qa+dnaWWmupYZoSKZ2ZGbW0qZl0utQSVk5JI1tC6XqViJY5jYkIYSsU4NYcxUFI4TaRjgAX7NaanTVKs0lqVyOEs5autdFRMKq1KyVbZtpQu5IpOWqpLUdyMjnr5gQYhFsrUlEdx6GfVdItbUO0aWqUCFXZllENCbsrtVQaDmBsbZqy6/pSOjtTztZQKxGZItTVWkuZpkYyn3f9rIuIEpSodoLdJLlKpRTsNjY5VcJ2FKKUrpSICFEIKRLhdEtNSToUNQxhpzGZbspsabfWUDoZxmEY1shSWU9juhWpqEjFjOMwLJerqY2SJDkn2V1fVTS1FhFdP5vPZzLONo6TTUEtczWsockFZxCKEPLYkNNWGNnNpoBkR1SJpBXRq4SYsklRC6UUhUrXlVJrKVNL4VIlaRynYRiT1lqbpmkYBkSNAhlRJGNSbWpTRPS1E9FFAUBKBdGmMVvO5xuz+Tyw5GyQbtMknOk2jSVUS5/G6a6LWrquVEuhwCZCThG2DE4MiGyGFCJkkIBAKlGcmZmTMj1ObVSUxC09X8xr1wHZWjozp0gTpRSFiVpK1wmaiSgqatlyGlOUWoDmVBKhWhQKZFnN2cByS8ZpPU5Ta2mBlJJtBSYJY6fTuMgCbMu1FEvr9SqVwhHGtinRAUbTNI7T6Ki2hYpCctf1m5uLvp85HbXM6ixqyUyaPbmlm61CRJSCFBYFASAAqU1jcyYxuY3rMZuriRIlIhSEZEoVKATBNLRxaqXUGmq2JtWofTcrJXBGpfa1K2W1Xo3TQKLQfDYvpSbYaRSWkOWImIax7/p5vzCgIBvQRDZAQrVDfYmIdLZs2dJCEUi2nRkCKSCqiJSNMwihKMqW0zRJGQoiQmHRrGxtaus2jRJ9rQRd12/sbEVXpRJRTNp2REgqNYSiEBFoyqmlASsk0nZkLV0/X8y6qqISytFAZmZLO6fMvq9d15eohCAxETVKNW2YBgiVYrtEhErDxgpqDYXCwiKxbTsUkmqRFMbCUqBUCadNQkSSbiS9asvWxilb0hjbqBLZ2rheT9Po9Kzro8Q05jiMmCAyW5saZhin9XI1jitlMrXMZrkEssZxyGkqtWC3aZTTnrJlGpsapSsFUABO0aYps2EpLNKTw7KdOGpg01JGxNTalK2EalEaQLhIUosAu42TJhQRogQhkdlaw8iKECDUPLVpmrK54cljG0NEUdRaQxEhycZGiQjZzpQkiBqlRqldXzukqbVpylDpQpLAkhXYDqKWghRCESVKCCS3tB1GkmwJ20BOiaLUqpAkkCRKSKUIhBvIISGZbFYqZchsTkikJAm6UgSSG+lsXfQlSpsm52BSmVFKUZSu1BIYJDudzVhWpkXU2jljnNqwWjub08WRmW1MtzxcHo3rg1Nnrv+rP/6jhz/0wfv7y5ZjZild1/dd52JIp0wpnaTMyc6udn2pTkzaLcFOYZCEVLMlSWYSstwSYWMpnM1YEcoWCgUlhBxZpBinKdMU4QhZokQQilKlILGKoggLcGBF2LgoRIwts2UqgpBKpptzapNRH13Xz0hvbG8An//5XwCeL7aiKKCU6iktokQhEFIxjG2kNSGFSqkRtcy60lVFRK0tybQcpkkRBRtJEBSwMAXVEhHVmWp4cohSKVFsShfz2ULYzW2ahmHVpimkWe1K1Tjm1AZERMikc2oNu9kWkFIRysxMPGa2VlVo2aYhW2Z6ah7Wk50SRqDRLcdGuuu7Wkq2UQKIIikiZLeQkd0AJACFbQALRWJNU2utQUqhAGeS4zC6tSmbm0iCEoABkI0DcIoIJMBIKMJpK0sp0RUR09jwZAgKiqBEKQYybbfm5gZElFoBIro02VpLGcsqpcz7vutqqbUrXdRKtmweW8uWmHHKzAml0tMwOEnn1KbWRk85tQlCtYRk0zKdCc5stjNzGkY7FZFSjkOmQcZtnGyDbGxQVJVUNqVS4GxtnFraRZRSEiUtatS+i9DkNIoayC0z5SiazWa11hrRlZja1Joj6GrX9X2gzKmNE85sCRldiRpFMmkztCnbGKFAILdsrU3TZOc4DW2aJIFU1Xc1upKmZdqNQHKtYZxppUoXKrHo5xuLhQyJpHRmtmkybgq5TU6nRSmBCmHbzaSR7Ew8DMM0DeBwOqWIaRjH9dpO2yWwmchS+9nGRhddtT2Oo1Rm874UpmQWYaRQa2OI2XxWSjk4OBqmYTHbmDJNtnE06rq+qzNwelTUUsJpyDLro1STXfTZEJNql5DZWmu1FKTalVo6MqfMgDGbMhURoRpF0dKOUNf1SRbVvrftEhUzTVkKTdk8zsos3A9tVLZQBE6ptQRFyEmzS8HCyNHalG3KLgpFIfq+70uHNOYYKrJbay2zthoRQC1SCdu2lGRpEWXKXLfWl4IQkkiQi62cmnNS1GkaUyqhbGM2J1mnjpimNuWUmgnCJjOn5lITM42NUN93Ajs6lwwLjI1rV0NMmYZsU7MKRRGz0iHGcVwN63k3ixLjeiA063soARaenC2nqWVKbgBBWNkablZ0pYzZSFSktGCaWiMDFRVHtLCzGdluYyuzrpbaFOlmOyWyhSQkKRxNzWOzRFpiag4RwThkFEqNoExKuWXSbBEYpyUcIaVQGFu0jJCtKIGEwAiDUWBkhmzZxtaawPaAldRZ35CxIKJItDZGdFIpgaWGZ6GWLiWI0te6nsapTV0NlZptVBZquIFKV41kCdmkk4hwkTFO2eM4qKqLcCYhFzsVpUhhyIbSrY3hcJ8yODNQGgQ5TZCtdMgOC6FwTk04kGRIN1k2tNYKql3tFzOJaRhtjHLKmilZUinVRkZiSgsjaq02yoRQ4BKaHCGiRAi3ltncisKE1aZxzFIiJCIxzSbHlqYUYQwiKRGzbjYeraacLIoCkyCDCIUlYdthWW5tjChCBk3FJZEyE0TNKAEkVsgQUWrXSUxuuGSbCIqiFI0T8mShpE0trajFU04kl4UEyKLgdGZTIMJplNiG1pKwrK6bixymJprs2lUU69WqQT/rBbPZvASrNiokm1JCmnKKcCkhyQBky1Kjq+HohDH9bGY323XWt2mcxqkoijQ5l8ux1moTKqXQpslJSBEl01MbQTWKIBWIdJvIXtXZItSGqWW2KUtXSgQIYTOOTQIHYpimvna1lDEzceYE7ro+SSJoiYiQgmyCTFkUBW7T1AZFJ0JAhG1LgN3SkjCKYBhHUCklIhBOS0LqulmbRmyUiqJ0a1nCbWrZXCuZmU5coirdPDkC1eJMi4DEKgqptZYtg3AmAjOMUzrDkUGUwCRTUUEhkohSSpgWlFptS2ROIkpUaIaudMYjQ6ZMm9o0jOPGYmFpaiZbTi1qFAtSKo7MlmEsyMxQjmspjCUUUSLGcUjnfL6BtVwd5pQ3P/hhf/1Xf/PyL/9KT3jyEzYbm8e2NU6NDNSsDGebUOBit4jqopxSgJHs0NQgm5xYUxtLFIVEuDUjSS2nrlapOFuLDAIym2yFQ4USpUVkjsowRhHQbJKkZWsArTUTgUJu6aRJ6QySbCEMxdki1BrFhSoBGnOQa8rzxcb6cP0Lv/gLZ++66/RNDxqXQzCmsZDVdbOpTZlZo6Zb2qnoarW9GtdtmkqTkJRR1PfzzGw5GYRaSxERMojIzNaylFBim8zoS1pgo2lq6SlKoRSZ1sYIDcPQ1d4VkB3pSfY4TrXUlmlFibCRmVor0fV9tGxCtlEQNHvWz6ZsblCJUN+XqMVJkjitJCjClKhVuBlA6QhPOKRscqTJ1qJEpq3miEB2sxEQIZmiQAzjGHiykUJEmkJEQc7mVBQRCpNTZkgWWKQtCNkmSUGoj27NWoBkGxQBBjGr/cF6UCRGsqWIkqpADRoOnDlCjcDkarUuoW42r6UbPTmNWpvc9yVbjsOUUGpMOQI1+iiRbcxE2IBTWVImcFoSJq2QsNctK9Ra+tpNtrOplFqLHUjZmo1K6WpJsk2ZmbWErdaaWxpFKTYlIlurpUjFaWSnx2F0ohJKaqmI1tJJqX3z1KamWgWkKQpDKbKncQrV6COQFKUWDylwSiUIsk3Nk1O1VptsKUS61miTM7OouiZTDTskVC1nNtstTSm1q0aZaWhtAiSc2XJUV+3MkBJEV+s0DqIokWJ0a01dV0qtOU0R6rt+bOlpMg7ZVVFq33Vhr6cJt9prmrKlgmBjsTHre6AJN6Zsza2NQ9qhQothbDm1tFu2xOlEsi1ZaikkCRsNbWxGisx0ulC6rlgl5JxyGidFJM42ZWZLWyFpyvQUtdauK1GKIhSBnC2BQK1NpZYSJaQSJYIQEUUUEkGpsdjYVKEZhQhHsSGK+r6ayHRmZmappRRFkdOqXd/3pa+IiBI1Sq2z2ayvtXmyHaUowgYcctQCKGLWdZ2iTaNbQwGBw3KEx2k9pVHBWq2OWptkSXSq0zTa6rvZfNYrvB5GnE4jau2kqF2pEdky06VKXZEwmdlKLUWxnsaxtdZaS7ATl6KoIUWUyMwpW1UYnBBq0ziNYxun5smZWFGgVIEgFC1b2lV1ahRhY2dzG8bJ2ZRBKaXU0nU1ypS2KLVM0zSO63STMpJaO5pJoTAmPbYpkErBtl0iSh+IEjXCVcUwDOtxXCvUd10pUQpCpRYqEVGiKpTZMieJxPYkUyhAiQLZ2lgiFZ5st4lU1826flZqZGaj4QxcokSUvp/NZ4tSS6azNYhs9jRNU5umacpWpHEyjYguUWamaZnjepzaaBJkOWSkUGBajqFSKBGhiMXWotYuFRZpe0LOxImcACqlqzVKJWktJRVVhVprJiKYnG1qU1OEQmWabE/jOE3OqTnBbsillFpqSgp5yjZNCWSWUNoJEWHTcMvWpqaIrkaAIBtgSolQa42WJi0BASCMITMxRQrJLac2TeOYmYRDilL6rgYah/V6WEuyvDw6aFiiK10pBeGxWVmjNLvIoSKFkS2wsYlA0zQO45gt06QzVKsqkFNiFHS1mGwt2zS1HJFDCtxEKUStBSLCqDkNCAUlFCVsNzKzBY4IIVltmsZxbK0ZN3O0XB7tH5pUcYPMCZVuNotawbUrdd6N42DT1RrRzWaL4rCKlU57QipdN0NlGqc2TYqguWUKlxqWbGfDVlGZzeYlIt0cdH0XUadxAJKmiCid5YZbtswmpJBKtTAGh5nVak8GZ2JHqbXKbnIAgUMS2JRObmpTQ4kiAifZWms5rNc5ZuCIsN0yp6SEbLJNIUoJRdf1fUSBNHJLZyJJypaCMBEupUaUtEGS2uQpp9YmG8mGtKdpHIcxSqjE2JpNlBhbmzJDkbRskywkkBwJNhPInsY2DVOmnU2yDdCaI6hRIiJxZkoOlbRNqyUIWrZEAemmkKLatGyZzUVtmqY2AYpobm1KG0kt7XSOY6ZTOMnmbLYyXIQI21gOEEiuyA1wy4aM7GlUZC3dNK1WhwebOzt//pd/cstNNx4uD8f1at3G5jY5kWXSBkoJSS1T6RIutUQpSAGlSM6WKAxGhGQz2S2bsxWpOR1SlMiQ5EzJpRTLzowofdRwFQJna4kDhaBZUqkRESokBIoiTJtapBW167uoIZgyMxPUMjMzM1s2VJozM2vEbNHvH6x+5Cd/hLSirdYjuK+dFCrOTHC6mZQpEYQoIgGogTKjZGbp1PUVWkilRJQKRs5pnKYRAGdLKzMzMQ6plNrVUlCkaenWpja1qbmUMuu6vp+VkD1JrqFSSoRQRonaqZaQiIhZVxyJHESCDRERBdtBVaioRHRd7WezIpVCIGPSoUBdG8exNaljmpAUso2QgtIkWZQwUhAJmXZzZqKQIEIlQnLati2l3VJEYjIFklo25+hMK2Sl3ZqBElKoRpHCBpl0G6dhHAJFUbaGXWy3KcepTW21GmrXzbuuVinC2UDGQLoFUaRQkC3T0zRNrbVs0zitx/U4jYgSVUFmIknUEiWiRFfLrHZFctQotUZX+q7L9DiNNqWUCJUo6ayVUshstUglQoqIWqskNzttnFOmUxBkppUuUWqNltmm1uyIiJAlO21USnOO05QAUhESQYhMWmZmq12/uVgASH3fCQ/jME2jFUSJoiiSSI+ySkQGYUUXtdbSFdvgKAXL2SRKLaUUlRhzHIcxLRSm2baTUJooihJRakSkqKXU0qllGzNKkcK02tXaz/p5D5paKsmWmeSUWKQajB6l0tXqzIB+vojoppayCJHU2nddjxwKq9DSJtDUmsLRmhUlukJLrweUzgxyGMZpGKZpvVwfrQ+XKjHrZn3f1dKRqtH3/YyorZnWogTENE44sO1sbRzWY5smm1qiNTe3CKm1KIooTk3TNA7rYZiwa1W20Q0pxmFKZ619jVAICdHGtGSYsikipXE9BAzDynbX9SCZkNo4eGhWbW0aW7YENdxKWOlsrdYuQhFRpcycMtMZUZwWCkRESC1Ht2lsrU0TRgI5SpUdUQipFtUqZFIwTeN6WAfVGW0aSl8Wi+1uNi9dB3JR1K4rUUshQg27lehKLX2U9XKdrdVaJbXMNmVrthswTs5mRXEmOXmaxmHdnAhnI2qRpmmUopQ6traepvliHsG4GtfDOE6TRKjWvg/JApoCRYiQotZZBOmxjS4hHKTU0hBFtRQVtZbIpUSgiOj7vrVpWA9OEYoSs3kfodYaAsCMk0NszOdRtB5G0iViGkcVtZym1hKHi41tSVMTOSXZxtHNyApMGrkYKZFJk1iq4IA+k4iq9HpcKyg1kEVEqYVowikrKSho6b7MulrBhpClgoXpSnUpzVNElK44Lal21dBsZ3MyTYMImxzToCgR0abBSgySLAAjVKJEhO3WclytpszMxK5dNbR0lGJnc3MDHLiWsuj7KEKOGqVEKdF3s9oXpbO1NrXmZtuiFtltnNpyGFbj0KZsmShqP4+IUitkjM1ZJjcnaiEbyzk5EVq3KdNIJYospzNzGMfMLKXUUlqb0o5SS4lAljxlTq21FCqhybZVS0gqKtPUsqURuLVsOTmwSadwS9tWBKRCEGGhLKG+K13XN7fWUla6TZ4AGYVQcbq1lJj1s64rEVFLQcqhTdloCRiFFFHBQC2hiAhFLYVI5zC21pohwWAkhUEgNGXLlpERIqK65TRljmvcBJF0tavz2qZpuTwKabE5y2mVU07T1GiZuVqvPaWCUmqEmz21qY1TTqlM21YCUYsbKkUqWOthNO5niyi1DdlS4MwsYJsIJDLSTaXIrU2jZaDBNC6H1YAjoHS17xZUZ3pqOU7j1FoJClF6LebzrvYGRK0RpYCh2ThpLY3sLNiBM91yalNLlxJdVCciIrBBkHIqVLBTYePmEqXvupZtmKbMqY1OMAZUSokQtJbDOFToau36rpQooVBEhECEhIzt5ixyKDxMy9VyGsfWWok6m2+IYowT5Xo9rtbrWktXupCMulmnIFuLWiJkM7VsbZzGRqadidNp7ClFpC3c972ErVrLfL5Rah2G9dimgL72IRMNIUIktEwga9cppFKsmNxQOnPyVGcb4bJcr1bLw6JWS0zT8nD//GJz84//+I+uPXP84sXdvit9lFkpZFKiRBnXozOztWmc7JTC6SRbtpRqLYpqMlRK6UDZHKIrpZYihQGillK7WruqII2xBHbioQ3DtE5ahAQtJzsJFCVqCZGWhAg7p2yiNFtBs3Nq4zA6HUUhJJUatdQoatlsFVQDyGE9RlTga77y6yLcL45lWunW2vroYH24igi3XK3X2UAxTdM0TDmOikAIpErSpiSbbKlO9tiyjYPNNE3JFBElSpRaZ31kcdp4GFbOnMaxTS3bUKL0pY7r9TSN876ux0GlKnIaG4RkRSlRh2E8XC7dmsecptaai1RqlYtSxqSjRohhtZqGCSuDEMJtmqZxmjJby9rXru+i1ui6KIVS5EQ4BE4jBUS2RiKQI6KUKAghcHqKIpGSOqmUmshyhFSj6/taO9kRGDVnSBEhFZJ0m9KFqCFhO201N9KiTa01t6DJNCc4ogKlVkV14MwI1yjjNDWbRCoCRQBTK+nJKqUQpWY67VJKUR3HqdlK2842FgWKzBallL5EF7ULVbLhFJBYRoqUs7VMdxFdrVbSsk05DIPdiiVQKbIUxQkSISwkiBIlFCBCIctRFKWWeTfr+h6iDeOYLadGOhzZMnMEZxunccQe2xSVEqXr+lnXUSNbBgXFehxbZik1pCCwgqj9rHa9hJ1K2tTa6MxmXCICRUREIOWU2SYnYSTGccw2kNlyisxSo+U0rFerwyM311BLRxTbnkyolDDG2TKxZE+rYVgPw2poOZVag8TNKD05J2XMZn2txW7DMI3rFeQ4jW5TX2spgWSiTTmNq6mNtS8hVuMIcqFGKD2tjoYQUaOQKl3XdW1tSna1z5wSSq0RdVgPGdmVXiGBSpmmyc6gpNswjF3XzWazKZudNuO4togoyGElOXmKga5Wy7KxShFgS9R0i8nIbWhlVkeyJIXSmFQVSITdpnENSFFrVYTDLVsJNZNtai1L1DYNtqMwDdM0DajMumpjqLUkmsY2tqkEoaKutEzZw3oNKUpX6zRk2rWUlAVtbNHL2UTQJjyV2uc0rXPoui5U+74f12uKugA7ILoyjqNbK7VTKOQpTSZqKtFHZ6eQJTszRVM6RYQslVCkqTJBLQXIqdQej3RREkctNWJcDy2zoFJLSU9KhKVpbKFSa027iAwpoIksmdiJFYoQk1yiU5A4kArKsB0lIiJbhnOaUhFW5thqN+tLP7VJwdSmXLuoqKi0kNVI3GymBooalYptgnS6RS1BM5JpTk9KbNlRS1qtpZSRkhSEwyARCiICBUyZDQKwlHYpMdMcKTPtKJVF7bK1EsVCWSxnZi3FygYS4zjVGrWU1lq6RZWg72qmC13X26GQsmWUqJolLZvGaQhCEZ4SU2vJAOSWbUphRZQihCK6iDaBWtfXtNOkmy0yS1fCNJeQo0OuUZjWrcmdSjeLtJEiSaiqQGY6naZEBNjC2HQRpetWqzWZUQmBadMEcg0JmpIpopRa1eyWFumsUSRIN9l2lEpmKaVlOjOjGMIoyAmkgjKMHBGSx7FVKUrBkG2aGlJIttPGmUmNsBuYCFl288TUsqsVEknQRKgYkIokGWdzAkSmjSIUYw4CRFBVjaF0cmttXUNIRdi0nMK1RLUTI3kaW6nRlc5Ts9SyFUlR5ClJTxkRs/lsll2UWE1D13W15IArRNcpIz1M02TcSS3HllkLEwrVcZxKP+sijCIkyS0yJJtwcY2uU8FANqkUSQK5VMJlakMbR1AIhyzcxlCJIhRklqJxaPYUrRpnWlKbmmWZiFnzNLWxqIYCwKqhcWiH66ON+RxFogBFOLFtS12UyVE7g8fW5CglxwmYnDVVukp6GieqKZ5aAlECU5StuTFhy5E0WpZS0i2KcMiAc8pUdhTJrVlqKiWniA7Bar1GZb7oFUEqIggkQgVnFKyabZJqZjZbKl3togoBDgW0htOpEMk0TaAoxdnG9SCpdmW1XCmi1mhTm5ojVKJOYbXooyC1aYJ0MqyN1lL0sy6dbpaJUqRIUE7pdHNXqwObllMmwiVpU5NCIQI3WqRcnEQpm/P5cnl0tL/c2Nohp/XysGVec8PNf/KHf/ZKr/yK956/eGx7M6m1FKeRI8CWSmuWhMAOhSNzyizhzEAJXYlxaumkKcJW4GajbMY2GZCjSgmFjRNJaiDJIhLCDdMMIggEciYhJ2NSK3LtqnNK26QnSgkUhCoCJ8YoakDaWJkC1670s+5pt93xp3/8h6/wSq+airG1ItTXrnaWupjXbFI4bTvdaJA5Dus2ltp3Ioc2MPalymkHzmw5dbV23cyZQNo1IpBLdtGVovV6asNgR5nV2s1aa5NdahVC9GWWOaxXTSp4jBJ9rZSorVYXKwIcQk5LJls6VCJCJFjuak1AuDmbHZZoOUaUUkqptQ1jTllIFZUIMpKULJCitQlwBDS5EYHdWqoQiqk1RQVncy1kOscxQgSyIq1AICtTEkLpNGFPk1WtFBFCCkIi0zKpVKkBatkIOWlpLKXRkM1YitTkRsYkCEMhshi3aURgjNzalC2Uwn3tm8dJrSpKaBhT9qzrHSGsqCDnlE21CJROCaVNS9FyEhlRQzENU8upRDS3nDy1qUbUxaxNU2uTkhSTW2QrpSoCOyTLWGMbo1EiVIoIWVMOdiiN3ClakMlsVoiutQYhlcyVIcSUmXLLtFHQ1x4x5VQiMh0lcBoBKSQRkG4ygLDbNKYUChnU6EpRRLbRGUlDEVFqV2spmW4tqwKi1FqSrGmYhilQkTLbalyXqlpmonXzWW0dUmuNGjOFTek6G8Y20qbWwihCwTQV1HCtFZxptbE5sow4s9QaEVkCZGebHKWX7ExnRle7WmrXFSv6rkT0KqWNE2qSWhuHcWzNiiIbt6ISpYiYcspxrKUqws6cXErUCNvYKjVkO1pr4zRMU1JVS+3rrNZqQRqsIrAxaYdKCVAoah8tx3E5TK2pClNUBOnWlTqb97P5vOuruuqqoGTzarUephyzzft57YvtWqIrxW7pKcLRl67UItIuoSlHtSylw0mmp8HQMsdmSZJKX2rt+q52UTKdgiSbSbepTW3KaZBdVAJMk53pNq4lSldyauM0gl1USlWEI4VCmWnbEQVpykZR1HBmyyailHAE5Gq9Gqe1SSRTStTo5HTfdShAlhu5bk0WEsYlogsya6ndrOsXvUKYKaccJ9uES0SRcpqmaURMbWpDM5ZUaxclSq0qqqXajOOwXq+nTCTABuRszZbCaVJtmqYcnUAIJEkFk83Z0ljQ1VJqxZraKEp04XSJTiJbgqIPXIRqKchRw6als8kNy0Yt7TSQzSKliHCbpoZL30VomhqyQajU4nC2lnYgobRsAqFSasFEKaoRFFt2CkqpUdwy29imsRl1UaKUru9rV90ysxVRSlEJRam1AMaQUtRS1JUgnG3KUUGtxamIUmvNlEzXFZvVuJaaomTa6Wk0QaDJdjOQzc3GAmfLxLVG13UyAKFau4qillpqV0uddZ6wm8mcJrCFCoJsbigIFUXf2zmsB5wgIgLsbNNkshBdV41bjqWWUmqbUihUVEQQoq9dVZXCmenWcjLpzFIKkJCtZaYk5xQKkOwUSE5KhLAiiBBFydRGexKmqvS1lL4qgFDIgZOgdKU1p8lCWBaQtVctxSpumWlBKcVWurWxtdYylelMhFRLRIkSRoBtEaUrhGop/XwRURS0aSQoCiKc7B9cmqap6/oSGsflerWe99183pFEUSYqICnCOFtmJoFq6bq+n3WZ6UmZ6WaRBOPYxmnKJnCarp/PFguHlCqla+kxW0RpLd1aQI2uRmDllDglStCmUfJ81tVSJDW3NjXRwCpRurIxW/SzuUXLZsK01qZpbG2aprGpCEUtUWYVSUTUSoQwaTIlla4ghWlO42YrQiqh4tactpuzZfN6HNuUbWzTNEgRctSoqkTIAguEIloBJ2mXoogIFQmT2TJUEGm1BJqTqY3jNIYotSiUE+MwTtOUNKTWsk10pZvNepCdkIJpbOmEkECZSZq+67roEhVUShAkzSRCIgGFUTrHYWq2Sum6WhUlhEVaKgl22FlcalEaQ61dhLqudqWrXVW69iVwVAUoSjfvS6Wfzfo6y2FaHV68+WEP/53f/72t+calg2VjkkoQwzhGrarFoRIqNUgrVErpSiczTSOhruuj4GyCwLi5gYlSohQpEixDSyvQlK1B1EianVFK7QKXtCURRQB2ZqalkESCQkpI52RHqSWiKJQ4ndhJpt1agiMwtKlZqYJtp7e3toEf+MEfItjaXEzD2EXfdzWjpA2KWmWvhxWmoK7vFEp7bJPToSi1Qwii0kWptSRlahNYESmkANluDoVNZGtjJsXCyHZr45i2JGwVR+1KRGazQVqP0ziuSy1d7UtEFEmCaC1zahGltZZOS+HEqai1RI5NSBGynaiUWiuK1nJqLSQJ3KxQoJRdLGxLFRFI0Zlo09RI5CghCRUgE9JYlpATkVG7GqVOLYEMnJmZYCxsrAiZEooE0gpKKbUKhWVnBpJCJlsaYWxFZGuTx6lNg9IlIhRSlKg1asMt0wSmFFURgFVVEqlEN+vndVFKTWjOiJic6/W6tYaEsjWP6/U0JQaagGC9Xq5XK2cbphayxHpYTdOkErWvXddtLja7vheOEMkkR0RRlFJCISzJtpEzc2yJ09CaTGZmIkwXtXYRfSmltXEYx2nMltM0DZlZ6yyIKbPUWmpnsV6vWnMjs00QfT/v+0UpBYTT6dZyHEcso2xNmVFKRLXkzGEY2tSczrRwKAzKmIZpGqaIQiZCJnEESBHCyjZmKEKNNI4SVT1omjyOY+JMl1IlZRqp5TiN45StRNRSu74vpbaWbRrblI1Waq2zeZEcZLNKqbOeiWkcUCKwaqmlRiklEChCdqZA4cyWZGSO07ge122akJCTZqflfr6Yz+fIydRaTjlJyEyjEVFKlGitSaoKSaXWru8CSLpSpRq11FICAU7lNIFBCdmm1tK4ZYuoKKJQVISac7lar9fr1hI3qOAgSkRxpN3GYZwGss37zqGwaglFISGiq/Nae6mmmFpbr9fTOMiOUmRaa2RMTQ5KqAhkRefmZmdma8buapRQnVVVTTnVKK01hfquSiFI0rYMtaSxAiSVTl1m4lZUo4RqKbU6YxzX0zRmS5y1dhFFEaXrTBSXNrm15sxSi6GN6/W0ViKplM4AksMtZ31f+4oAGVBEBKartaojqF3pIkjbLZAhkSiGbFNEFAEoCKm5YUcUFKCWlgAsp1NBLcW2pL72iFq7WrtQSTfIRJCZGRGlhmQ7JWrXIWVmqJgkXYoiJMU0jeO4irSKFUJWmrQwxtggAjekKABEGKVMahrbtJ7Wy5VxjcDO5mEaCdJer9cmkaLvSsiJm4ui9n2EppycOeWUTlTSjNOYiWxEYkmWcmqeWki11Fo7KxwOAicWoFCpXWZmTtPQVuv1MLY2tZZuU67HtVtmy1plZVCLFEKKbNM0TeM0TtMgWTJ2w21q4zTinNyaLUm1Zra02zS1NE5IF03TOE1j3/d96VtO6URCAWiy0yoRNSTGnFrabbRNgIXoSo0oUbp0cxqQQyhNtkwnMgVEqAQS0eyGEQrZlqTQOE7TmEYlooRKLRGiYXCSzUrLIlRrjSJFyM24lAhFUZEKzdkcNATQnIDk5pRDhTBtGJfrVZvGaRrbepKi1uJCy4aiq0UY0iEL51RLceY4jZkNMoRQBEAp6uu8FmUmLUutXe2FRNSuUnK1XLXWokQJzfpFaywPl+PUpinbtBbRF2UzyNmmoTmzSBJ2ZsuWxjZGMs60k/VqfXS4zJaUqLVGiHS2LF0RRkQoM4PMpE1QRBSKSi1RAjFMU9qoNFslutmsK6UUWdHVzpnpVrsaxi0DnCY1OSPCAInBzVKJUkopgWrUvq+lTtmajZDCxqhGdURmTtOYdpkpam3ZLBBJ64SqW5rMpCWKiOiK7Kk1t2aHRETX0qRnfQ9MLdNNUprWbCCICpgU5NQmnArNZj2SaZJCIbk5C6VUIUIqpYQiEym6WpzpzIgaqgpKrURYmEaatCCQFLVWRTgTIqQQCmW2qY1uKERUlVAURUSolEDFtm1yCqh97Wa9rSiBlEjNLZNJR6tVjZjNNkw4LaglxtUyp8NHPOIxv/zLPyvn0f4hYWiAbDWTNtgGZE2tpawiGqUoFDnZiRNFCVVJXSiIUksUAgtwlBrYNKs1ASjtbE7jsCRECYQkCyRIwASlL6UUp8gQ2BGhEqVESLLAEioRuGROkArJgEqJUCmlA37x53/+8OKlxfbObGM+tTGTHEa31tpUQuAISii62rLVruu6SnicplB0taulU6iWUmoNRRc1SqGRbbKRpJBCdluvxvXRcj2shWtXDW1oSFEKTsuKkmM6raCWiK64tTaN0zjKykjbzVgUUUsoSiMDOYWdqI0TIiGKSijElE4cUTCiCWqp0RXI5hbOkAkIK7ENSQoZN4JaIoxxm9yaAyKiFHWz3hg7Si2SnW5ZaqckaTKtmbTTrTWJ0pUSgRKTaWAa29gmQxQ7SZtMQ6mhCNsqpZSQQ5Qope9mpeslhJEst2zYpXQhgK5gMi2nbXdiXK7GcUwaAVLtum7Wu7Xl0eHUpkxny1oroSY7jcNkZrY2TTlFUUGj2zSu+65fzGfTNK5Xq2yt1NJ1PQQKQ1WRqH2NWhO35sTOLBTVUmp0ilIkwrYkKaIUgfHY1uMwRukkRajWrpaOUNfXxMBisZjPe0HX16i0MS2FBC5FIaWncWzpNEhuU5tytKQaadVQREQpXe1KCcvNU5q0W2tRQkHmZDyBW+tKLSVa5jgMwzjYmaaIiJAira7UpsycRBpK1JDs5glCmTksx8wJpScioiudpQipdKESFGeKtLOvvWaFcCD1qrVi2c6EANOmNmQDojW3NEHgJuXUVsN6mlpXu9pVHH3t5rVr4zi15szlcrU8OLQppXZ1ls3TNJTi0kXYLQ0WpOhms/liriTtEG4JLVu2TETfdaVICqEQEYSUTkW4MbapKmqpU47juA6i72rpesmD0621KdvUpmHKnAqOrqt939W+1A63dZuiVNLN2XVd13eEsk22M5lajpld15faYUKldFGKJIpKV6skT9M4jkwe11O2NjmHccpUVWnTeHDx4uHRCpiah2mc2mgEMeu60s8qkc0R0UWVlEpLptokLhFddHVWbNnuuqooLe2gqgjhnDwhl65COKmlKsKTp0xCtsNgjEmnx0DKbJmtjRiVmrgNObWGbUdaqInSsGRsFQVYUUqps06WzTSMbRptWrrlgFuVSqlShK1Qja52dTafb21u1loAu1ESGSIhQqRBCkuRlqDrupbOKUtX+75Y2KjIdkKtpZYujYgIRUTpOqlYRJHAkDRCEQIkyWAqAdEv+trVbNOwXgUOwigCLIjSd13tCPURitLIqY0tm4SiFEpEjMMkKUSbJgzIJUSRHSWwKLZlVPuK1KYJS+FsnqYJQJBGbo3MFlKptdTa16JQrb1Fa2NrCWq0ZpfoSkRE1AihdGa6ZWvTIBwRReAUEkQtnUQpcrMgW9pRo03OMdfjMIzTRIqUwg6VAFRUlBGKqIHIwJ6mLKXbXGxGKKdpalObEjeFIoqK3BomJCE3R6iUYmd6kpTpNo1tGp3NIRtACNk5VqkoohZFQDhwmmzYpcgy2PY4Nk9pBG5tQkJRFXaO07gaJ1tc4czROKHJYbJEKaWGotYSRSjAraWQcUsnzVmKopRiIiMJ7CQKhDNCESq1Flnplo1pmqbMzDYN4zCN4zBmsxw1YnN7Z1a7yV4NR6HY3t7p+34Yx5yIEjGbSSVCUUKgCEqRheVMJxFBWKjUCmC6GouNedQIRURYQkozDIPtosjMaRzHdC0RxaaRzempTcMwDevJzaUrJdTSpIVL1MxswzqdOU2SiFhPUyhUSto2NWop6motpWRLCNstm7ONOeXUnGO2BlEisFtrikiTmdVEKD0hu4GzlA5RootaUgSllBLR4bQz3ZxtGofMNua4Xq/HcRrbaGjksFqnpzaM4zSObTQuEYZsKSSEqLV2XR+luHm1XGMiaq21FLmpRIkaJSICRUSgEjJuzVLXdVEKko0UNQrZWpvaME1TG4eppSOi6zogm6U2tXGcpmwukhQRgI3BhgiZltlKKNCqjelW+xmhbGRma621ls4g0i1zGtrUpintJNvUxnEgosy6rvaro6PV0cVXevXX+e7v+E7g4vkLdTbv+j5th4ScmeMkCgUrc2zGxtlyzDHblGnLSapIYrKnnKZhcCYKUVCSmFAEMhBRbTInp90yZdJppWxj2+nmCTski2zZ2mQ3IGxjlQAsnMZpO6Rag1RECZFkS+fUppzGcb3YmD/11tt+5Vd+FSKbRo9hhZTpEsqxNdzVXtGR4YmQSqk1akSkM3MahvU0tmlqbRyNa9/VUpsMEVJgJBM1otYuRZ2VUqqbQ6ESTstWUbZsmQZJUoCyNVBXokTXsuWYUzZwGyfbCHBkUwmEQKLZ62FNtjQmVYI0NvaUY6ZIFDLONI6WzkxwSAYUEaVIoeJEgAIJ48wkAxdFUe37XgrCItKZ9tQyc8xocjTRRURfkYAopVhCmSBKkRXQPGXm1DJqrTWKQpIyM51CiMyWUKuKSkTUCMtWCFpzy0kl5LQNDGkoKi41IEaUwmlnIsZpkNPJkNO870upRCLXWuYbi6oSoWwJpmWNUmvNhgolQlGixOFydfbe+5aHRxd3L5w/f95J1IozYZpam1q2bMPk1hSepimdkCUwtqKU6hBSc2semluxQlEUtajWMo1jFJWuEiiV6SqVqmGcxnE0qrXvoldRTsYmPY7DOE0kioKoUfquj1LcbCtbKzWiVkFERKk2YBSSpIhaatfN+/l8segiqrCCEiVqjikTKoAyJ9OyOR0hC7fMJNMRYbeWzUZFs65K6mdd33dR+kYLGTmkUkrItSulqLmNw5Rk15WANozD1GyQpYgofVdrqdOwXq5XQpIic0pNs1m/mC/6qNkcYNo4rUnbY4lSZrPoIjMznS0n21OrgtDQ1sN6LKWfd30pJaepZaYVqVpqQJTo+1ntinHLnKZpHIdpmowIOQBwYlKQTK2hVGbL1rKN47QeRhWVUiAzKSJqiYgxs9km0upKDZehTdPkoWUbxkwDtgslXArk1DI9Wyw2F7O+dphw2qmCaSXkKS1yymmchnEstczmfaml1KhRa8QwLodhLWK+2OjmtZbibMN6OQ2jp9E5ZZhs0zQp1NVqkW4lShE4zdSV4vSYzUkJCWGcpjU3LNwSpLTkYjLTOEREqKpGKVFqLVFLhGpEKaVNGqcpSilScZUjs3lqlg1yTMMq24gqzrCcDZG2S5GYMj1lMrVsFrV0tUTIbiTZ3JxgI4XVpmmaxmxtvRqXq3VrDVTpIqqkipytNSCRnC0zUWktM1vIAZbcEtwmD+s19tbW9tbmVkTJ1oZhas2llPlitrnYwAaAnOzJ2Da2JCs9tRFnoK6UxWJRu9oMRRERKuPUFCxmG+Bs2SCzOV1KEBFRiGjYVnSSnS2zWUEoQJPHzMSAQ4HsbG6EIRSKiGJh7NamaRrHUahKpUbX91VATs01aqmSVKJKpdYO3MZBIs00tbRDUkY2i9qMU6WU2tXS9YFay3GcFAoCokSVCuQ4TKHsF32huDWZ0vWBkKNWCAQqpAu2FDW6LoyjRNfVtKdpGscplRAyKiolKJFugigyzQ0hrGw2dogQEUSIqFGJSCMTXVUtNpnOaRKWhFMlSlcSpChFrU22EwsBttKTs1lKFNSudioAkoApx0xDRFFaBBHKJCcrSldKTs1TltqXUJuaTSkqtciQWUvXd30/62XsFEpny4YiobVmKCUonoZpuVoJZLc2OV36Lluup3GahmE95DShHIah67r5xmKaJmdmTuM40TJKwXbm1CacCkVQitpk4YgaEUDXz+bzWVdKm5pNLaXWWkrNzMwWoYgQqigjpoabh2lqmdnsNHIQIYGyTRG0Kff29u+95+5zZ8+uV0frae1mGXKysFOMFDCSQ3IDrEDGLTNNSzXGsWVzqUF6zFREDYUtOTNlum5eaxEqUSIIRa21L50o0zTWotqpRkeDlmAiFOrrbDGfBaF0QFeizmtX+tKVIKQaECXsaRzHllkihFUUIWBsoz0Z2y3bOI05ubXW2pSKEDVT02QkQk24JYqICKdAFNwyW0T0i1kttdQAZzZPrU0NZ+1nXa21doSsqEVdzEtXWzrb1NWuqGYjzdQme6pSEEVKexjW42oAg/uudrMCUWutJYiSmZ6IiChSSK3VKkXfxrG29q7v9V6f/RmfZjh79j7SmW5tihJpHBE1ABlTokBoai2nhLCQCCtbs0kQ0ZJsaTtqFIUlPBnTnC0VqIQUUQAxNUk41WhpSSpFEaWWQG1sltOkBFgStKlhyQ4FOHNaj8M0TbVUyyacKsWlUyHSWRDwy7/+yzhmtZ+V3q1Nbai1G6c2tixEdJUCdpQwCkXpqkKZrU0Jtt2mHHJqiSQgIIqEmz1NwzSMKqVGhDQrc8A2qLk1Z5Tad10p1bZqKQGUUATOTEWJGkEJKBJSCRm1JLGilNKJnNroVE45DQNEgC1ZpURfailVKsLT1KZxUkqqznBrgNPOBEohChQpLIRFurVURFdrDTV7HKcppzY1t6SVNo2JQ9iepknRRaFKhGw324qATA/TFKE2NU/NaoqqAik5Aymi1FJLjFO2aTQpKFFCISCULac21VLB2ZzZaChzsoUAWiIbTJZQSRVUSw0FliAicmqesp/NQvI4Tc1tap6YpmFqGUUtrYjSdX2ptatRKpNr1MS16Nj2zsbGZu27aRibp2kaTYg0hCQhiFLSnqYpokSEUzUkMU5jmyYy29iKalc6QpJK10eprU1jG6dxyqkJRYSEainqRaYdEVhTm3Cm0qDA6daaVEpXbKY2GZcS/awvEUQJSCfpySkREbYDAkUXBY3TNLUprYbHKVu21poipIgoUSKi1r7XlGnSWWqZxmZbYUImMlEgRSllnCwRUeSoQV9rUWlTU1Htim3jEE7bbZrcmrtaa993AeS0ntow4TSsh2GYWgnZiVWxPbbmqc7nuV6pEFFyGFZHy77Oo5YJNI7jOKmE5dm8xqhsTNlylUn2s3kNKwKRcl9qyjbr9ao1l1B01ZKnhlW7kg0wraVbqEhIIcmZtj1Os1mPbTzvZ7WUaUqnxxwT5ZhY/cxpSlUtvXOYxlZnXd+VMVGotJgQTgiIxJNbkGCncSOitTYM6y5qN+/tHFZTOiMiYBgn02o/KxEmXURSikTYbtNQSjffmNdSFDFNoxwqMTWHolKnmKSopUgC11JLrZkubST6NrWjo6NaY7ZYZHoax1Jr0GrXexymqfV9VxQTmdmcKCQpcWuTokYNtylbZrbMjAgwgFAga2ijMmqUiBIRgSzSncDCwhiHjdMRygQ8tsmoKyVqsT2lM51yRYkkbCJKKNbjmFMrJcU6M52itFKrUIV0m6YpSjerdb0eCJUIq+VgFxWFkae0Rbq5ZUoR2RpISkMNtYz1OGQmkEaKgEaTBBTFyAi4CEUjc2xtGiNKqBIxDiMipMwsqQzbatOEnUGhYCPcmpsRKsz7RVSRjhKhoiKnSNnpabLCTkuSkULMooMAF4IgW8tEQiELTx4ZWnOIKJEUiRDNSTLZEqV2zY1pwjFOQ+1ni42NqY0kfdeJnEY7p6gmIAPITHCNTpFptyacloqCTtM4ZmtTpnExNsLpbJlBTM3EEKq2IJxeD+tsLqVXIDDGyqm5GAiFESaJlpNH2winLSsc2axAIjMjlLZFaUrSwi0BSQinpQKSEU6FIrO5SEmCTNI0euo71VAJFGpTA4QQUQohCaNQkmQ225kyRJiILsqUUw0ilC0tMIkJkMGksk2GiCIhIqRxmuzsui6iZGqkzeezvnYpL5dHjK3rS1cLjqk1NWfY1rReE0WKgoyyjVOb1M8jwo50w0yZ2dpi1qVxyyRqOBSJgNZSEsqWVkZXa1eilLmxFJ2kytTSbZTCadLJ2Hez2hfSE1ObUHURRBSin5cTcVJFtcxgSKGphYrksY1hlbBlRQTY09QcjSjRoEaEIm01RQ2I5qmUUoSAEjmlghJRSsHObAhJQdpGKoWWaolJSSoOdUk6m9O1FilqF+lorTVnIILWknTLUeQsaokoHci2ROTUhCKi1qi1B0+t1VKgyW5tnNKLOi8lptaytYiKM6JEcdhT2ooiqeBWQjRSaQXKmKZxmgiSEiVKSFFn6ak1guZkYnRiG0przU7ZSrXRSH3Xg+xUs512iVCbULOdkoRKqYtSsJLEoCDd2kRI0aZsBwcXNo+f+IxP/+zHP+HxP/JjP3V0dLTY2s5pnW1CIDstYYOmNqKIoqAEzjQkIMm2w5QaUmmZTmdrALYJ2S2IqYVUAiekcQJRChAht8moi0ACJY1gPt/IcVytR9OyKIjWmkOlhG07LAVOG4gWKCOEJBUr5bK53R0cLX/2Z37qq77qq7e3t/Yu3LeehsVsVkqIYgQM6xFcSxVy5oCLVSNcutpjZ0src2xNZHRKa2pWtiiBbStst0y71C5CUWIcR01TCUVEZiYuCkWRbdmkyAQLlSKykZaNShpCkrORjtrjtCUFcj+bYaOSObU29bUPxZRNuISwcAPa1CRqH0QXCikiAmhjRi0tU6UYgBQSJSJxRFE2Y2CcBqRkAgIRojlbUosscILTsktgSBwGW6G0YiJJgeWu9EiZk1uxXSQoCoWipXFK4WwJJQCLMGMoSo3WsuAMgBJkqpNFmVqmHBGtTWObulq7Um1UY74xlzSMY7apxMww0VpmV8JkiSJla1PLVpDJ1tzP5jlO8/k8ZxvO1vVzbybgnDKtiFpkCathpW3VKKVEOlu2Uno7c2oqpdlRo6hM4zqRyRJVIluLKLXUCIEy3KachjE9Zanzfqai5dF6yqnruloDUtGZsUSlFLLV0NRytVzVKBFhk2A7TJRCOuR05jRBJC2mEgVni4hsLXEJj+vRMZUSUSQVOxWRbkbVoEJzLRqGVqOrpbbWhLOUcVwHqEQXNaeRUFFkiam1aRrndZFjNmcpIEqUUmIax2lcq9SiyCDTFGXmOKwjapumkPp+hlMutdYyTm29HiQNw5jTGLNZX/qyrdqVJHIcWnPXzRWkc5pwunS1REyRBZXSTelxuYqIWddLMY4TkRhhAJRja7ZEjVKCFGk82VIpsorcFAVNpZQoZRpHp5PmkKRSw6iks48oxZnGXeklVlNiSE/p2tdaCs4ZvQKgRBfNztGlRBFq6QzLtqwJqgmCkgzUro5tJKh13kWsp7FNrXa1RIzZ5KaoOY3TOJRa2zQ1MHR9jSgtWza3Yme2EK1NDbDCnkZUMgi7TYa0upymqWU3m0eBjNYyonSlRKAoalNEF9XTkM5mFUWdpoEswzQGAJnOZD6f9X2X2abJtGmySzRnqBQ7U8qWwrXE2FJQSsz6/nB5VIoMSCSGxCZbMzaArUxUIwDbtjNN1CgNW80tKNGFneMwyJptzKBgq5TSVY0DglBOaRmruVkI2yJQUjrJuVyucmylK5KMUFPz6FYjIooKbWoisG1PmYAVES5IisxxmloNd4s+cDZLtYS6rkIIXIqHYRzHbtbXrkzDkE12QhQRlKZmh0TUgpWZNUK1OBW1OhMT2BQEinRO46hSLBUcpXYlQ4aCU6FM1VIQktOtUqZ0LWXI1sYpwrXvPEBX+jIzLrWEFEXT1BppIRUr5LCNsiqskjmhJhjHxC1K1BrTlC2bIZ2hlhmJyASEhBuJ3JodTRFdF5hpbAS1VrK1NFhSGo9ZQlNmYCsUJpVYCAjCePRUoiTNUyiEEwhpwuBIWRICYUqptauGNgzDRFSUChCRmbhFlBb0pdQSLZWZnkYuU+C0TLbJUSOiuVmuUYiwnU67RVS75ZTua9QgaS2jKhRN9uQM0mlZFEiVEsjIzsyWrULQGlKtlRIl3NdZtiaKIsZpiAj1sz4opYxjypYSRQl13SLGKRQ2iWupLpnNoZJ4GqcIla6EZEcXSoNtyahIiki3zFQpXena1FQiHDlNJaLrupaJ1KyGq9WUBHJaTVFoVqeudhvzLWM7Fb1N5tQmrCRAyilV6jS1GiVKpxyMx5Z4sjuKPGUEWMqMKLYTJSmplBjHyWmjIlq2zClUJgmmEmVKk842YdlZulIisAslg5aJMluGwiKHiVIVjMNophJd7WeQmdjIKQkZB4WiGhFJCnVRIpRWwS2RkpQjySw1SKEi2Y7RCe5KZ7uNjbAi2npqbrUvlhQqSenmqQxFlMhpshORKStVqERmG9bL6pkChSgRYpoctYScLhTHpDaN41pCwzQRqqUbpxYCKUpRaspGa7WURCFaemM2n8bx8OLu1qnT3/Yd3/GMZ9z+x3/6ZxKbmxvrYSoKUPNYVCAxkgQJgdOmEVVCRraFsrlEiYhpmqY2SiFLElWaSHBrxdXyNKWFUImYcirUWks2pmxB1FoalBLjuHZDAZYSq9VSCGeiiCiE0labiLCdMg6ihaOpBDCspoCz5y790s/+9Du8y3tOCapWmYaRCIKIYDQYKYJxzOZmRFHYQhBFpiowEZm0bNmmUMkwVuAsam0KbKKlZCsAlzpzG9bjMIyt77rFYj5NjckUJiyZZJyGWkrm1EwhJpy06s4YoTaCHBFOpyVKKbYzkxQK2wanS0QKBaTA49gcfS2CgigKQJmZkZlVQkqn0opozXiKvu9qHaeJzAQF4ZBw4GbJihBqTttCBiJsptaE1RfZaoESCJCKSStlpc00KcICVCKyOSqRZcoUDpHNLadaKhFuGCdmyrSBCRdhAV4P68VsTsTQVjWKFArlNKUzVDJbjTC1dl1zK5ZqZzWpYE9TSkKFEtMwtvXU+qG1TCAoilJS6sZpUkQy5TAURZSIqDk1FZWQatcSSCnSqTDIKYUKEJrWDYWhFFWFumg5ScrJxkSO47BaryOyZYtQdbUSWyaiGIZhTeJgXK8jVKLWGm2CEgakbM1ujqilRgknY5taJrWQbtnSUlHULuzMFNH3CsWUDatEEKWlp5Zd6VVke3Lra79eD5OnjW7RPGXSpiEzS61BnTBIwtZEa+PkEDgZbeWk9XoVkujdWmK3iRApKSTVUkkrgygRqkXpCllbehgHW6V1XVeHbGnPFoujtdfD0PWzUkqjUWwwKIlSDK1NQckA7KlZai1VpVQNWTS3zCylc5pwaW6mtVRESFGrs9nNLSyl7DRWREkzTq2f9W6Zct9XoxJqKORszU4VWmu2UVFhypSkVPOYThVqRFq2HSqlRIlMQ4SiNQNd32O3NqWiRimb/WoY09SoOI2dbljT5Boem0rUTop5trFldv2sTWMtBdxam6ZWkKQAi8xsORqXQNFZE1bKVs4WG4Jm1uOwMS9iptKaRznAw3oiphplmEaplL6okXZXZNdpGDJbs7u+Rym7ZVOEFGS6qKdGAZFtSloXHdHJo0sBEcWN5hGAmm0dlNKptG5ym9ok1NWOUJNCNsIERCk5ZRRXlVLLemy1lIgQilKnqbVpmsZJodYcObnWqHUcp3CzU1GcLW0ICRXJjlJQGlmusxKlm4YhAYhaIgK7tQkbQkFRpSgkAXa2yCCI2s1r19lYbkmpnTPTlkspgMClljal7ZZNpShTUSTGYYpooDZOfQlLUw4eXUtJFCFncyaiRM1MmqnO5nQrqdoVJ0kKTGSms0kKkc4uikVbTUNO875ate/qFNnaOI1j1NKXOo1DiUJ6nWsb1ShWUViSs6tlnCY7TZna5Nao1hQlgIocQERzRkglPEYIMU3TZDmnxkylK20aay0RhUa6tTYYSinTNAokQqVlc7ZSislQqEjYjSihiDZNlkB26yKwJhRqaZkgXGrtIob10HCNComKc7I0TZNbpoggpOhKtiSsVNfPh3EqBeOhTXJrrXVl3nez9Wq9nhJ7ai2nVnsEhiqtpqG4dLWOq9GENYTVdfNsDqSIgtIGZBuViGwtUlTa6GlY175AlIjSdUohE+GWLZtFyYhSS5EUmKBMzd1sXoqmaSpVUbpS5JaZBkdUO6OWgiCdilDUIImeHNMJBciWYSfImdM0FvVdYRrTcqQbDTyOg91KKZg2tUyns++6cWqjnemAiFoIRzbbU8uWZgwVIhxZCCJaruxSFWE1E7aiRshuETXb6KTreiIyp5ZZFFGVxq0ZULQpwRi7Rekhx2ZJtdSGSRumaa0SXelUccrZnG62SiAjK5UtoxTjLkpZbEiZzV3fV80aGVJrTgOWoxTZMSkjbU+CkFCoRmuZmbUWReY4jW3dqW+ZoVK6DAdEqjnD6XSWKJnNY6bc1UA4KaG+6xOMC2G7TelMBbIiyIySJizbIUONGJwlcaAgsyVuaYlQlGBqKRy19iWscGZLhzW1VSldH6zHHLLVWjMd0pStdLP1enlw4ez2iTM/+IPf9xIv9fKHhwd910UJOZEiqogQxgoyHdAyQ6EKKAOaIiDCLdNZikooKShozYbJfdfXjW4YVjlm1JLKUqqkbA1obm7ZpozAhTGF7ckpRRElcppqrRi3lMLYmaWK5pZGqJRA6YxGRgYRIIuubm5u7B8e/eXf/O07vps2d7bXR8sIWrMwaUulRhCSc2rNU6jUWuRwuE3NGGSQZdtp7FJricjMJMFFMU0kjmKw06V2AmSrlEovaq3phKy1pLEc6poyBGmQzJitlJCVnopKM2nZDZpKZxLRWk5uTpOZbjWKXFLpTOTERSWi1KqAaZy6WVazbimY0sUt2zQlhITURaRTpD0OY0gqJCEbqWUrJUIlo0FYjkAN27ZrLekUsm2U41SjpJyoolIK9thoQ7rKjVKIiChyc0sgizsV4SZKkgac0zRhR0SaUrsgc0qgUA1yiag4S2STa5TMaVyvQ6HAEYKWzc1FMU4rZ9RKRJSINk0qQcQ0TKUIu0Rx52EaZ/3COWGQFMWmkXMVKEfjyl2ZszA5m3e2pWhOp7tamhNTCILMLKVIEdJ8Y7NNU5KBm908NZxt6rpQamruulJi4czmNqzH7N3VWkoBIYKICFW1nHBmk3Ff++hmrU0tJzmKZKllRnOpTFMrlmqtUZoYx0FEzTJOQ1G1G4paqzMFiLQjSq1qU7NyaI2J2UbfWnbdLELjOCjCmCn6LkotINnRd9nSWA1wqE7ZSnSS083Y0jQNiWuptYQN8jROrdH3naRUMy3oFKUNo50RRf1s1vWdwmn6xXzWz6ycdd2s74tC0XelkqoRYaWtEKjZKUICRS0RCuG0I1ubaHRdV2tJPA1rTw2VvpaQpnFcLlfTONq0NjUQZBqotdqTYL4xq1JmMk2tTdiSakQ2j21ADkqUKF3X11ojaimlRtppY7lFS2U2sJVRiwgRUUIqqhERtdboiiihSEjcxpFmhZEyFRFdXzKTRFIqpjHdxhJRohhmZRZytsmtIbuEQ1G7MJBRouv7iFnaaZlMp1EttZ/NhPvo00bN9rQapxxbZulqLZ1LFEG2Nk3GtRSQ25RE13ez+byUEoSFbdJTG3GWUmoXEBCW20RicLNlC8CJ3AxkNtKlqs5n0XehIilKbW5uLRRQsJ1WiRDIaRuPbhSHSGxntgmIWlpmG6cITTmN0wiUiATbpKVQlFKLBZmhkmmnMpN0NktERCiKZDtbAliZ1FBRVQmlpimtEKCmTLmBneBSohRFZhvG8ejw8OhouR6m1qb10aq1FrUT5NSmYbSNHUY1iFDRYjZTVJVQhCQcXVdQIEXtS+nSzswMZYJkI7BJG5NGoTCl1K52Uboa1YAVRbNZVYkUabU2lahVXZHGYZo8YZAUIQKirzWKRGstl+Ooolo7kyGlM6dMspRSaomIsaVbkyEdkkVrCaWvHSAB8pCZKg6MlS0bUo2IUAinpTBKJ8hpEaVEiU5EyikVhUqV5cwSBRVHRDoVgtYS01q21pwZhEg3so1O5zjahqiShJNClC7aBJDpUlWI1pqn1hp2aVNzNiCKiKh9lUpbtzSlFGA4Wo3r9ThNaU3jkBNRIj1lNssKSXJr2BElc2pTllCKnJowwTSmsUpUFAUQqC+lRqXRPCpyGKeJicAqJRxqQqBaaykqpUatksZpiIAgx8mZY2utpWRnFuEMQ8tsCVGkUAQypqjULsgkwrYxiWTLUheygnSO0yAi02CZCEWE7WnKcRqzOTMlGTkg7SQznSnVIgxpUWSRra3Xyza6lFpqRWTLNrWcpq6WUmI9Dq1NUQo2EHIpIQk73YBQRClWmcaWbjilUkpHJIlsIkAWIASWikKaxvU0Ts2ZzmxElK6GBQlGhajqS1e6kpkoA6UhlLi1hl1UJCkyM21XFZkpp2ma1sPKDSKgKGpEGLfW0inJ8pRjy8wMwKQxkJltai0bBpGJoJQAT621ZluhUsTUmtKmSREqzgR1XSm1llK62ayf1VKi7ypRQiql9l0XtRo1sqUyM1valFockS3T03y+QYlhffCQhz3q+77j24GLe5daWzdrHCZPpNOICBSKYjkskAhwGEQ6W5syndlas1QwFdVSEyO1NDaplBVERLrZTaUInFhKiShGpJUQBMjBNJWICJWolLACLOEpbWQb2jhlayQNC4Qz29Qm2jTb6IEf+dEfbG2sXT8Oq6Kun/ezUqdxGodBkkJCDinVlSqT2ZyZxkZSiSoRsiJEyMYCAgMtM2RJ45ROaldDhEqOmTlhaulKCRuFWuY0jtPQJixki6JSatTSPGU2g0otfRcSnjJba0nYJFBqV1WiRulqRNiMOTmNQF2hWESN0hWiAJJsVwF0fQmHokLiDIk0yFCogoRMmUR0pUaESNJCXa2YaWwZRISK0kYVLBTC6SmnnBrZsmXLaT0N0zShJIkgE8sQisAWhEjn1JrlqihRjDBIYFlSi1LJAErtRUuPOEVbrdc4hd1yPawmt6g17OaGITOVnhLZzjaOLRvENLVSYj6f1VqncQKVqCVKcyaiqGUu1+v1sArLAbCx2JzPNyY3odp1EZ2M0gI7p2HMljaEona23NKGTGSBE2xAtgQIhWybiCqpL7PZfN51tUTUWmXl5GkaM5PMWrpu1vd915VekqBEoEBEKSrKzGEcWjpqJC3TFiF1te9rl1iq2MNqbK2BQIpqSNtu6/WQZKm1qitd50ZrYxSAMaec0s0R4GxTa+M4JS3toE2teSp9V4M2TdiCUurGfKMvPbhGlcKU5qYo882t+WKeMhGzrlvMNvv5bGqtjZPtOk05mVnpQuFQBOtxKiYixmxRqEpUWiZTpBPSKUQU5TSU6EuUbBMlsrXM7FQpBREl0hqGMVRLLQqJiE5jGzJzWK9rX2tU7MTOLLULaWzYSfPRammFWzqz62Vcaykl0qWvHVJiMsdpbNnmfV9L39wA06IUCSfOFiXSamTYEiFaYintzATZkjQOgxRRo9ZoaZuulCQjigEihLGIhMxWG1Qx4cxhGoXqPIBxWkWZESWgCBe3oUk4FMYinYWoNbqu2CEgVPsqBbaglhjHMTF2JukhM0uttev7ypgTCElSV2utXdrKZhE4UxLYEaXrCukoTmmyaZlOg0sAmTZMU3OusRQKB7YSdZKUOJ0SramfdZk4M1sDkx6xLIdCmrJFiS5qqeHMdLZxkjDIjYgIbGcmKlIYCIqUDYtScTJNCQjS2ZprLSq1GqukbVoOGQIs0mmsVBBlmtY5NKGalWCcptaaSjHOnFJ1alPieRUq49TkrFEDZ9BTpqkJCEWRG4RCUslsFAkhJyWGVUvcOW0s1xqOCCOFbAU0G4lEIZE4hFBEqSUiilGbRilUo0jrYSCzRERHtiZCRc5sGXbL5uamoQ1WUe27TkKhHBuZGcZp40xHCSlbtjYWlcSJ0xaohKCpZfMkRQYiIiIiiLRLKRIBU7ZsLrVIEooSZGutKUoRKUUhjcHONjVJRMFpSXImUg6TJJLWGkEEWOEwFoEli2oUcppMSmk5uZEFTNqKkEoU7ARqFEJhla5mghOVzNbszb7v+q6gVU5dV/p+MYzrkCWDp5ymqfVVXVemLCOtyyqRuNQIumnKNjb6zm4CUGaqVNl2s10jSo1CsdVV2X1mJiaUpkDL5sxSip1pSzExiqrmppRm2aY1TaWGKqSdnpIit2zTRETfVaHJwi6lRJSAdEQocVHNxmTXrqu12pnNJaJGxZ5yajkWqRQlMhmYhiLBY0vsUjoKxVInm3Sz0hMD6ybXQFJmRpUJZ6ZRMyHTsO1EIVRKKTWaCZW0p5yqo++rkNNEFEVGRTklIYVschpbaxmidDVKFGoiRfE0NQJUJNOmaWw5dbWTnJmZGYEddoJwGklhnDRAFIVqqdkyTSiii4hSSmS2KceSAkUUObOZUET00jC1riZEujE11SqrqdkSqZAxEZmepjbrqySn+q60TKGokQk2QoqiiBJutHAYHISFQFObBFGrg1C4uXlSF0paGyP6kKMrmU5PxTrYO9hR/1bv8I4f/Yd/8NVf+3XL1WrR1VJr5uQJstXS1dnMTpfSxnFqrdSiUnLKnCYsdSodzupMh2upCmWmJNvONqydmYY2WcImAzlNqERxqgqEjewSYWdOpBOFhHFOJQqiWSBjCSkKbpAFmbDTYEdEAAo5QLc+454nPv5xj33xl8zmNLilJZpdQkJKoUkKWbY9tamohCQJWTgkFNjZMjqpeFwOUum6GMcm7CgikYUaVubYVnaEQDENTYUijWMbpyFUOlVHcZva5K4r2PN+JkJCiky3cer7GqqTR2wLt7RHQFBqscFTKUUWIpiIkGVnm5rCLSHTRcaG1rI5ZaKWtEORcmZiUiIkqCXaZGNJ3axzy5YtXNo0YbK1QsEQ2VJFtjAuUUtXA1m2TYAjRFSXUjCtWSinjGIUlhORjXSJaGkVRUSVMy2ICBSYEGkDkzPUoZza1NcuQk6maczWtre3pXA6MYSCOu+EMxw1pmFcj+OiFMnDaqhRZvNZm8ZsDUSJiJI2eGpTTjkNg2rM+ppGRaBpnCAQwzAIZ4q0IVMmW6o4ZEyOUysi7SjRpobAKkWSSikypE22bEhSQ4yeogWqTe6ilKppWk8TpRZVSRaRxm1YN3d915UarSXZnEWiUFUlyardoo2TDUnX9UnWrFGcY0aNiDAgAiwiZCPTd8UNhGBsGVFKhE1k2FlUCdrUAibo5Da1EkEQjhCtpZtHxlJqRBGOiEBtmmoEAZOI6EqRsw10JVqz2tQkO6MrgkqpdZoSS4qobb1er9bzxbyUKjuTFgiN09gUs66zeivb0JonNxQZssW4GqbMkFQJaC0bk1RCOZt1adwazijR9zN5nGwpur5MLVNJCBxSDY3TlJl9P+tqtx5Gu5Wo6ZxaKsBqLS3sFGQm6XGaaqmE3FpCOBXVSuw0EREg0WjrcXS6VLlUJNuEnU5n13cSU3OEokhoGptxpaoytXRmqUVOIqZsXUYGpfbz6FqbSpQgJjKkEtHGaWoZAQq7ZarUWsM2bWhEYGG3BFulFMnpTFq0zMRACdmOWmtmNtN1RVamnSbIZBjWUlFEIVq6VDJxunQ1gjZOCRhPOU3jNIxRZ0ogSCMM0zRFqXaiKBHUVkpxI0rYCIzHoUEKOYhEpUyenIBAAYGRMnMaJ0kRkQ2yJZQIW0BRkW1RkVO2JduQaok0CRJCUUpIatPkdAk1pwggJUJKVIpRiSLcl37qJzIzKVLf1RYlIiRJRETfz4RUcGatoegKaUVOrU1ZugBP4xSlwoQ15UQSRMPGgQIr1EkQlFQrRgVABEKkwGhq6WQSkuTMBIk0bRxVigOhUIBzalFCpbYpx2kKKSIm05EtE0ctnaqnqU0eW6bkiFJKKbXHXq5XpVSQFTizTaKUGl0EgkyBU1PDEcpUVYpaaxsHnIltJcpsKqWUiKhYlmTc0lCiqBRLZAPkKGFj3IyKbBvCKELIncLpyZYNziLhjkJhmjIi7MyIxDbqoipaZjLJxUYSiiAVpdQOlgBpKyEBJ5aNZrNeIRvjrusVYcau1mwtU9mmaRwgolNaSgurOkoNj2kV0fU120Tm5NbVWS0MQ2aOoYqt6NpkRcnMdOtqp4g2tU4SYSXIOaUJByrCJLV0UdQmlJIzFTlNwSRVo7CSdMOZDReCKM2epqkE4WitEaF0ExKZKVNrgIRwIBm1tGmIKKWUEhGRKLrWcvIUWUIEhUqRREyeCkUgq1DUx/roSNLU96CoCoWDqWVOY0SJUihisgjJKCSCYqedkExQo0ppUTKIbJnOGjVyShqBkXDX9dDa1BS1dJUpnVNObdJQ1DcKdqmCMLRxsqKUaEngCMAQRSKktFEJcpIJ0lM2GVV1tdYomGGYkGoNoXGcSh9OO7OrnTMVDUDplmM6cJumWkomGVlLLVgm5W7WlShTZulrja5mS3Iam2QJiRTG49AUKoakueWUUlMp2VIBk40dcrYIzUo/tTGbhnEqKhENoaS1VhTr5d6iO/2lX/4VP/ezP/3UW2/vY+z7jQkkUlLRMKwjhEQIQ0gOOYlSiVKEZNINVCymcZhadrUSYTc7HY4UNlJIzkRIRChcsk122gkqVghHNRkRMtnSklqTDJJozRIRslUiqiIxrigjZLt0AQllPuvX6/G3f+M3H/PiLzXbnNvZxvQ0Jpp1naWcmj1hai2ZKSIinEkpqDhbkyOitcx0eiyaOU06PbnMVchxLIXoKhGpnNYTJaBEKELCzZ6GaY3CCEVxQrEzQi1bM0IljEMl054aooFI2U5XiVpq7adpvVpPzdSITEdMEV2bMluLkqhM6UCKEiVNEJ4SwHaNKmcoImTLWFK2lBwUCUNEmaY2jaNqsR3IyjY1RdSub242cpQQAlNKSRxSRDQajhAh7CghcNqpVtQpjCUklFObImvUqppqbRxbqX0tUZxpJ84pbZdiGbCdU6NYdFaIsLNEHT06PbahtZzPZg6KA2hpKeVobiGFaEmR1uMQEa1NrVEqRFilhqY2kY6udO5RyAHRFS3X4zRNtdZx8NhaRPRdJ9HXasma4yYpSjizpyTNqE1talkjKGDVEm45tKmUYjcpihQRKTmb062NOTV3lMCpUqKrMU6TsaRpbBhJmS1FlFKjGtm5UTezTW2caq0h3BXcxjapqJYuI6eWmVmglpo2RKYtQpFRgrFESaysjlbBEhIYRe3CU7ZmR0St1QbENLUsJZxeD4NM11ejNmXmepqyRKjItGmkRkYRk9dtOUwjKiG1NmWbQoVSIhBRK2Us6VRnRDqi6/tANhHFaUgr+r6XKYpUINERLWJWohThlkYqES2n1TioZcM9ta91sjONHaFpYpqmvlZF9EWlMKWzTVFKjTJMbcopSaGu1lpqTmm3ftYHZWqTm4kQEyZtuSTu+xnYLY/W6zZOs0VXSoeFHUK1ksZOZ4nAKlJ0KqW4MZCY1hJUowZqdrML4SRK1FKFm3FzoAbZxlK6WmiTbQdYihoOCSY324GcrXnCpEva0zR2fZ9OmWYrjalRAbcJh4JpmhwxryUtkXaLoiBcrYiWDTxlkLTWFFFK2JktU60r1bRQlT2NU4SyTUVCRMhF2KWULiqEo0WJblaHMTFgIpmQcGZrmbUpZFO6IOU2NbWKmjIcloxDnUoCDqfljIgpUy0NmQiBolgRTFMDZv3M2XCC7JSTIhHplEyiUCDJCkvkZOwpU4SCikrUQ6mlbFvIDkQpvaJlqmSm1BzhUmpEpKdMSimmHR6u+qrZfDPQNBlltimFLABaS1dEDY0pZJzZQiVC09RKKRGltTFbzGo0O50kwjhSjVTama2EpIiQ09NkwpljG7MDE5B2SgVRVDAmu64qAjxT2KiNU5u66FyiVEfGOseC5DCJAxGl0JpDFRIlrva4XKqGGghTyEStgIuwSa/HKUIJwgpysm0VFUVONJmciII1TVPtaxGtjU2QEAikEI6CLIdIq2CQIawakSnLCHvMVqiRDlQhVGxaa24tQipBtqpoZMphK5VSdTQDtJwkGQJJgdRa1ij9rFfENDVbpQRiHDICWypypoASlluOUSRVICCpdrOoUlMZswmgQVUpbT0qpihFqebmZpG2bAIVyUiSwS2bHSWMBTa49bW3FCUwzdSompWpGdkT2WVRMWTpZq6l0LLRMqQIpZRTCtmJqX3JxAkYCDHJVVWR6SyUqBrHTKEkcWQqVCbsVmoXJdo0tLCilaghjKZpkFGNzY2FamRjcmpiimZTSo3SW4mIBAWeqF22BkGQOFIg0xQ0K93C0cgknUaZbkJTtiBKVEuhrk2r5jFalSdPak5ajjmVCjiiQIxtlFRLCcXUmqoiwkBmlGJnOpnI6lILITdIE8psVWVsUyOLonShiGwtStAwbq0pFERXuiRpTVKJQNmVTmKYhkkN90g5jYRqrekkU4SVNtM0pV1KsWxHhKZMjDImU4Qzh3EdUpVKF0FEkVGbWuLM1oxUJKpobjm5lJ4SXS83hmE1nLvz+Jmbfuonf+YlX/Zlj1bLzc3twNkyogDpJBUCXBVkTmmTJYKIBFoDqQ9PztZElMDpUpVNBklRAiQps2HSVggwCWRrFlUFAUKWS2ujFEhqttJJRG22RAihKJFuU5psJYoI59QamAjS61k/W63Xv/rrv/HBH/kx/Wx+dHDYlbJuLSgJtLScGYKIyGkiXLs6jlNLV7VMhzIjbEe46+bjNAlm8/nYpmyjSeQ2ji61oOaspWQSJdJtmlqttSsKajpLhF1NOt1KFqQSmCTb0FQVNaK6JTiVJq0SIpIJ18zJiTNLCYIgsDOTsI1U7GY3B84QYVJWLQHMFl2OOU1guggVMgNrakM6EwuzhhAiWzonEVGrbQmFSoSnlqhGILIBrU1TkhFVdkgWgZAKaq2FUFBdqZJrKJ0O7CiWrWyIBlLgaWxNqSRgSpD7rFUNqJARhUAjzFN4TGA+W4zDerRnfa/AqcxmqU1jkaitr11WpdK4m/XAsF4O44SkOu9VkG2XCEpBlF5TWkpgaEDO5rNIpaxaZJdCZrRMoQjnRJJB2EbRRW87sR2KktlSljw5nXahRBSFgqmlcVd7S86MUhBpopau1tZSKKQERXS11ihTm6ZsfTfLzJzGJNUXC5thGkIlJKP5xqJN0zCsS4kIJU7JaZzj1NI5n80iOtmOGkU0GpOnjBLgYRwVdDFLTxYmZYEURKZVhIEoMY+ao7IlTBHFpoTGaeypIqYcWWXt+4bd2tRaSEl0XZddCdNaupkS1XJJSWqoNIfKxmYva2qTooRyGid7LLUObUq3rptLpUDr0okTB2Gi68DDSDipJaextZZdqoRxV6KZKImVLRElKm7OjFBIRJTqHFu2JqD0mdNkOzSOkxij1MmpIafRVCvCGMm4q4WINg1Atgy1cWrYERER2cbEtevTGRJ9kRnHTJoTk7UUMik1uuLMQJbaNEpRimwx5dSmvu8VHqfWhaIIlWytJcIhZUuXUms3tXE9roNSao8y7VDpYlYCcBtTRQ6F5EgnZKYzVEpf3dqUo0qnomiKokJBAEXhiL5qQh7XKSsFKWnWd2o4JDmh62qEWnPLBoqQrFQlR8KESGWbUIkQLVPyhJVBTGnhzKyqSXqyQipRcbMwKReFTbphFORkkeBhpEgSIMBgXKqySbIiZBpqiSKh2AojMhPLQCpCZHO6laiEnZZC2GA5SFnC2bLQpjbWUj05hIVSgTNUrXQmQE2mENmooVCHNTlTll1rN7axtZTU9zOJ1kxzIRSasimiIIJxna21risiRLYcAUMJN6eb7VSRhCwhbIhEEUBMThSGCKBEFEEp1eEAFH3X2zaAFLYLOY7ZasrNGZ53s1KrzTRNU5sioi/dxCgbhdS6qArtr/ZVytYpt6nZRqpdl21MIWc2UZwmpAa9ShRaKqd0ZIIysyWUCEJyywwnytYCMkO0pAnhMDgBZIWVkVOjFIJANE+kulIkImrmNKWi0JppTViUYT00T7V0kkIZyOFMj61N0wCEoZCZzgkrao3w2MZSSiii0Jw4UUiyARdQ7TI64SlTptaKc7VeRe2LENiaprYeV7X2EM7WQOlaC8YYOUpExDQ2qTndNCmkkOxQEamo2Jkt07YVjK0Rkk0pTrdpjEJOLl0tnbAhbZUSsrGk1kztQoTTSUIpXSWzTbRxNEQJDBZWrSVCrZF2tgw5EAQeklICVIQzKKK1cLqWQBhaTmlBVjtqyckSkUykXEIWpBtJiMTGdtCsTLc2lWJMlIjiNraWmWlnhCgOB2GyEVFLidQ0teV6RSl9jWlad7WHNODsu1r6mVPT1EJFMiWqw9CyJa2UDmyTTnCOwzhNJaqC6khCdoRKV5ThsIUnT+NUZnMR03qUFAGlMrVaIoAkp6aKIlojaUFIkTmVoohZqTWdKi6lgIwNmZOdU6asKCUkG8mATUAEFpkuERJAKDCTWyMjiVqCrnlCztZqLXaUsNOWPY2rbJFJxDS01eH+i7/MS3/Cx3zkl33V1x6tD7q6SLcgBKUUYRJkQtksMKqhFGmTRJEcQxtsF5Wudqpyo2mSVaLYBgsMKJ0pl2kYQ5qcJcJpkFAayDTYIiN6l7RDbs5JEREBTrlgXIMpI5ptN0EpJcPTsO5KV7tOKr/+W791cHBpa/PYuJ6qvJgvZKXVxrGWqF2XbtkycUE5ZbaGFFIJWdipoNQ+pJKZLY1q1LENETWC1kbbdo7rodZSah+10GgtCauUIpWMiBinKVSjFvA4DtPUopQuIkopIURrabXa14hYD2PJ0s3r1JS0qYXtkEpYFGMkZKHiUqpMaYMFRRqmZmdiOQA3ouuVa6HRLokTK0vQJhAlSispkAKcNgansUpEYBO1MDa3dNjCBoiooWhuRWEz5lRKKSqZmaIrtZTIlqnW0iSKiEiQFcpMTMgmRLEcRiGaaXajCLAcxUo7yWlQrVFjvVp5SqzNxbyWWTqzjUkTtSuFKEWyqNI4OadJNbquG6E21JVaiko4adMQNchoOUFIEKVGWbd1jaJaPKXNrMwoVpI5NrJkOFRKV0RikJ0t7VBYEcUmKKUWOQNq1ze3VNRQs1ubIGUiKulSatSyPFpK2XddrbWWMrYx0qXrai1tmlRK4GkaQdFFoY7DEDi6mtMEbokwthTYmVmirzVtLGO6WsdxhckcbWqN1pyttTZFVNtOnIlFTBJA7TphO7OlIU2RxmmS3M1mITdna2qtSRFSjcjWhGe1VxRJ4zRFaNbNCUqUcTUM07qrNRO7gStQux4xtimTKAEVMY5tWK/mmxshZVSVmsNIZq2TcUSo5TRlmReBA6UpZTYPp9erlZPoi03Xz9PTOE2QqIZJSaVgml0slTC0bLV2zdGytZY5TBZI4ThaHSjZ2NiKYBrHxGOjExFFQrLNlNnX2tcuTRsnZ9pEjSgxTgzDECoRkVNSHBJQFFmMQ4SKTOaEUcvWl16lU3psGUFfK26yIyqlOBNFayYdKnJiahFFQn3fu6Wl1qYoFacsAoQUpaaFmlXIJqcNLZsUsk1M4xiZJF1fHYIAOzNCtsfJzla6DqmI5oLdxlSJEkECzc3NAnLKMutyypagdOIkc1IKkBwUh2uELVybJ6HadZluU4siBxDOjKhSkyQpbTszM1SMTUpFJj02lxJhsNNNqmEsWildraWNLZ1CkXY4hW1QBHZpNLU24rBUQgEuySSnVFpLBWlQIkoUEyLc3EhDlgDJAalaC5nZJBdFZuY49fNZVVmtjsZ0qepKV0qpZhyH0nVChsyxlJI4UKm1uLWWbtQamClboAhaSyu6KI2cJkdYUolqWqnV6XSb1JSZVulKVXVBQgKH7YRQUQhJVppszmzIUbuu6wTZLEeotcyIyEycEbRJlh0OyVFKkClq0NzN54WQRQCutcjkZEkmoC1m83Ecm006SaedaYiMkKbECmeDkoJsqJQozpYIPEE4IIG0safMIKIrbpadRATNqYxaA4GxUorETgVSRAPbYCna1CJKKSUzSUktiiIKAMW2kErNNK2NmUWBIm3Sk7NGlFLtzGylaGqTICQpsiGFhNMRtUiSEiLAhBSyUSbORK61s0k3T1OEkGpxuthNLi1HZUhS2CZgGKaWTUQpVpZGFqQIUOJpGislsZxdxDQ1u6FoU6AMRRubbTvsFiGlFAS0ZJzWIdWuy9aGaayhKDVTTlI45ATbdgmCPnGbMpWFkBFAGptwNhsnUas8Ta2lUyqlRJ31Jds0TlFKRKynEVJNCuyAFs1SULEtBaGWratVQiptyuamFBASojqQIkI1ZQUWBXWOIjSs1vv7e+mcz+aLrW0RtVft+rGNpdSWLaeGpE7FaiDUpmmYphq11CgRBtpkidKVYhW1cUro+y5bQoPaWmtuUfuaYxBEpLFbU5PLrKsKr9cNmUhD1Np3nWBqEA0F9jS2EJMzp0kl5rVr4ExFmTJDql20qY3TFJKiRCmL+dzo8PAg8Xw2L45xaiFqlDZ6tVx2pUb0dgYookaMdhvG0tcofT/Ten0439z6vC/4ou/9ge8/f+7SxpltTW5jUsOZxkhSBOHIzIQcm4gswspmtWlIt6pKIe3SsO3mEILWGoiogaVCKVilD49T2ColCoIopY1ja6lSa4m0JYflCBTODIWDbLaxMjMlSwUZB7JpNNfSQWRzF3F4ePTUxz3uZV7pVaZx7VDtokSdWmvSlNlhkAVjuuaUKSRJJnEQAWOzPLoUQjWqs6mUcCmKsU02fVcQUUpLF2eljnZEKIttFxmmNtgBjTTpTC7Lli6lgqahNbeiMBrWk5tccpgmhSKjtSZRZ73A2QKp1JbpnCjKNKKvBYWMIkWR02qCBnVqLVGHnMPQFDIWQlGLjEoUOyUywYhoWFbaakKtRM1icETNbECtRaXixhROIWO5NXehcDYwmdkyi3Aayc0UgdSwAHsStSVVkiJkRDHYblMCJj158oSFBIlKZk5t3Nk+FrWMOeaUUVRcE+EIBQW1tLNKrZ9Nw7q11tdK10cNRWlTU6mJcswoRHQ4TZQIo650SXqyW5OUOQk101prrTmiRm9aqigKmc1jOLCkUopN2gZawyblbJNcWlWNoPamGVpOiQtiIkItNUxjcViZ6ZZZFeMwjW3s+w5FRCTUUnCuszV5rhpdsaV0kuPQokZ0gRjH0ZkRWo9DBLXUWvupNU82zGPW2jSM6xJFBRuCvnSBWstm2ykTEc5E8pSEm4OAjGG17mqpKhFqYKvlKClqaW1yRITtiKJSSi2ltbFlo6hSjbMRteAIWRFqmZm01rJNSWvZStFs1kdQZ50o2F3tu743IaMaqDRntsktx3FaD0PzGBFSjG0EA5ktZKVKKaX2tRRDoJzGnIZMN2cjQuHM1XI55djP+tmis3BOIYdYzOf9bKPlpGS2mG9sbMzns+hqZpta2mrT1NrUxsxkGoZGK6WWWsgWdq2lr31rraXHnNo4pVFEg5C6vgsJSLJly0xs7FKj1BIKGZS1643AdiIZRSgiIkCkQAJDU5RSAwJZdim1FGHaZFkJw2pobZymIacsVbXru1qlnIZpPQ5jc6YlR1FEmbLJzdKYrWVOra2Wa9t9KRGlllJLiVqEM1tr0zRNzelMhVRLCCEpSy0QKqq1IAlyagpJhSZJKogQCCQDmQkIR6h5ypakbdyaoEaBDKJGLZJCJaqESZqzUSpVyLRMqUREozmNpFqwCogw4ACHIKJElCLZpO0mhUtpJIBtG0BRa5AgqKXr+1IikAicimiZ05RO2aSboc56UlOmQyUUKsbCUVVmfUSxM3NqrTmJWkxiLCGFSq2Folr6EOmmUCmB7JbKzHRE2C1ToEy7mUwMpFsDF6oILOyc7DbZzXaIIoEjjMmWzqlESBVBEKXWUtKe2tgy29Qk22rT1Jqdbblej9PUzNCaJBQUdX0fko0NoSKVErVUKYxkWmuZYBCWXNScErWrIhouOFQikFRKV0qUoj5qqSiEEbKQHUVKkzQnqKVzmhQCZTI5h/U4ZHNmcxIOonOAFFFLFyWQsJM0k6L0pUQIIFsgqWRLnEYhjW1ypjMn22TDOTUzlVCtVaGxjVNLQrP5rPZB2qavPRZkwSICRXRSkcnW0q2UALeclExuzZnTNLYsEiqWQcbYtEzJRO36UopxRMlACqJCZDZwUZTazftZjZgmJCKqokgOBbbx5GlqLdMoaimKcLrRStQoRdmaG6jUqghwRCjUEVWKGjaJAawIlESJkBKjwG7NNkKlRpUxEaVEV2sF2QhFoBrNlsWEBdHVIhsHoai1RNcXkePY3KSwgJQCIShCCGmk2ekgXAqhiG4WGxuLAmnC6vrZRFutlsvDg2FcpVmNwzhOJqJErSVqtZlysl1LUe26ruv7rpRo6ZaNEKa1wc1CpQQhVPr5rKgCpZYaJduQ2RyZmTRL7moXoWlqDc9nXVeq04paS20tx2m02zTmsB5yGiMi+lpLTbdpmlIpKa1pajlNOU02JaoTKwRppwmFYRzXrTVFGOeU2aZpWLc29bNepaQ9pTOdYCwBWcI5DbPaL/cuzmaLL/6SL5myHR0eSCQZppYSKkUhE2DRLBESkGmnRZuU6kpXa8y6nsxxGt2apGa3ZkWRlLRMT7askENRaxelRkQppbVs05gtCWqIkCCEQ5ltyoaUGCRRJFCpkpStgbtaQgWHFKiUvsSsny3mwG//we81KKWObXCSdoiuq11XhULR2lS7vnZ1o++7vi+1K12nkJSEUA7D1Fqzc5zGRGEVlSmnNk0RGEtRu9r3nUqMOU1TjtNkYWW2xFlKXyNqDUxmtmwRESgUBNkynV1E3/VCYxtLjYg6rNfDsG5uDqczCBLbrU3TNCrTmcYtjaCUKXOcRjtxIyKnyeDWmjNby2HMKSMUQaFICpGWSdJIxqWUEoEaGQIZRKDWWhESbulEIogipmHKdClIgZzNObnWqhJpCwUyMlJINXDm1FBKYEJyigSwkVVKBGAJAzmiQKVGrfONjVK6YVpLms3nyNMwrA6O1uuVEoqmYRimdctxai1tCEepUWb9fDbru1nt+0qRs03TlNn6vrc0tVZqKIo9ZSa0TOO00xEOGtlaZmsKFRUTgeyc2iRnMtkQCluhUgJwkjlFYJHZ7GjN0zQlji4iSlGBQtLGNmXWUvpZn2PuHewNYwtUFWNOLVstRdY0TnaGPIzDMI5SBAXklMIKIWW2CAfCpFspEVEigmQcm4QkgojIZuxCKVGBcTWCFDFM49F6NU1TqKSULSNUI6IvUbuQFrNFP+tIZ6YizNQya9DP5l1XRRR1UrSGnTlOmc1pxLhaT9PUdV2pXddXIiKIdI5tbNmqNJtVYHmwbGOLrtZaZZxGmWTf16KKw8m4Xoc0n82NJ1KK2vdCq9U6Mzfnm12tpdZMr4c1wng9DKvVShI0t0wByrDsJC1yGGU5LdUiRenkMCrqZrMuojRnlGIbZ619iYqcbWpOjAVOnDklZpqm1nKcxpamqCsRcg3NZ/MuwjiMYBzHKTNChUJaINGyTWNbDeupjVPmwdEqM/u+V6IIgTMltfQ0tERFKiq2xjHbkNOYIZW+J3A2YyMFR6vlwf6SiH62iKiqTC1RKf3MKlFLiGF1ZLeun02N1WplT61hG6vryrz2Xd9FRErOHKYh29TGSVKJIrDllkSRokTYSrkoPE5UlTozmjwZxmlMN9DkdEuahZrTou/7ft6FyJaZUyhKrQ41ZzptslkREQWDbQyW5HROmcookoIoDtXSGQ/D5LSEM52Q0+jWWutKUTjdQBgnLS2Fw7ZKiSKHQjWsAEWUzDSyEqewMA7hEllrh50tDaUUjAjJJFNrQl0377u+SEJTa56oCmezLKkvlbAzW8ts47ROSUUaVqPHCbuUIkqohtSa03ZRCGczURUtR+zmDFT7rut6wCajZSZGRaWA1ewIyWFb2KJUsKahDcNkmjOdqShSlSIUtVRFoUQpKqVGCTKlANo4dV23WGwQjpZtHCBLLZAhTcrMRng9rrO1aZpqqcJJKkotUVFERAkSCylUKk5bzkwSQBERJSIUlpBDql0tpXRd1826rlaFS1GUXpCZEn2ps77vS8GuNUJBQAicmdizrkZVpqtqqIqYWsvWAGpxpmRLU2tWKyX6WkoURSkRfdcXleakQdCyYWrphcZhykxZ6RymcTkuI8BlnDKzWUAa19qplogqxThOZKZbiYhSMh0O41JUUK1d13URHRG4yWlPTpdSonZd7YQ9TZCIEJZyasZO4waoRhGgbNOUbe/SpaODw1nUWqvt1tq0HlOWFYFUhnGisZjNSnRSEZE4UMuptclJWs5Mk5lJKpBpzvU4tEzkNk0hqUhgUbuullJKSKxXS+cUpSg6mrG6Wrt5HzVKca1dqcUEhbRyHMapUaIrJZMcPTWi1BIdApW0xnXzMLY25ZhJllq6LnKc2jg4FMWU2FhsXHP6uhMnr93Y3u5ni9V6WC/XQSgzmhxRo0TYlKnlOLWw+25OyClj0mok9pS2IUERRTIRFKystdauzKKTClZLA6I4qAoJyETDNCF1XZicpjEiyJAIWVGFabjRd/PNxbw1T7YsRNf1ktrYnJ7N+lqqM3OasHD2fb+12AxhsutKV0NSN+uPbx+rpYZVpBI1omSbMsdZ19ldm5Iopq2GIzS967u954Nuuf7g4LCWqogxx9ZG4ZYTZswEdUURgY0LFNsRNboqPNlTm5ClIEpElFoVwhaSrcCQuNnjsE43hVu2TKsIm1L6rlOEMx205pyypTMzQhbTep1pyxZuRkSErdLVrhY7QS3bajWojX1Xgd/6zd8rUOeLGsXyOA7r9UAmIdOGcVCUKJJkRZRSIlAKjIwldX0XkqQ2TdmmtBWKUmb9vNQZRFqhaC3b2MCllL4Wu9kwTVaJUHQhSpQaXe27UktV6SyNwzi1qYYsWktSfdfXWkpXSoQgnbYVCkgEXq2HYRgy3dycLkVVJRSypahdV7seoxIIN7eWtUbUcCiighQqJUyGVKKYEHK6tZRQREFplwjhJoNNJFggk57aNI6jIiI0ZZIpFytMk4koYWxHLaWWUqJIMiKilobSJkIhSUhJimxKOxWldEVRgZaZcg7r9XJ/XK8lCtGcIsiCutLVils20lOOSqCQiVRLVyKmNhKYWK6nZsvKcVRQIpC6WiJiHAaTIOw2tnSW0kVUACtwBCHVUmtfu1k1msZGy2Gc3FyiSGEYx3GapmyJMhQkXa0lSu1KkTBtHD01BVFL7UrUMuu6WsMoTO1L1Kpw7bqoEZDTNE3ZbJn1MIxDTtOU6QiXEoCxmzKbpK4vrdFaa8NYS1WUCGXmelx3fa1dH6GiiFCbhsSlKypqU5vaFKiN43pokVmKDBVKrVYxKAmICJNB1L43pTlRKSFFcXNQSilUUQIiTfRFUmujkyhRS0QpUYpEX7tSSpVQ4mnKrsp9ekpnRkYawrZTObUUTRlE6TtnulnFEZDFdu1qhNrU2jBqphpRoisKIqJEZnpqbhmlpBR2KbVh5RSlEsaRU3OppZSWScsiqXRk0zSOmTERNQimacjEhvXSpqDoCimKnVK462fj0dK0vuumaWjTFFEmktLRsrlNbZIip6mlS62lBKlpbKWGulJVpyzZxkAK4RJySNjZshUKIjXkUNV1tRuZAiEN41hCXa2Tc5pMm0ilKWG7RBAqfa+iKFGMkdysElMONbra9VFMiRK16/pQMRkKOVQjLDM5UVEtgUpISRRlqVUNFAq5qrbiUkOZzS0JZe2qouDM1txynKZaKlAiQmVqU4QsIZwZoVDYbq01AjmCIVunUoDANoGRnUhuTreQFMXIagoCZTNytMxsETJyNhIKoQiRJSIzySnTaYzCishmW1I403abUko7QhB0EW4NaRoHsAE7k6kNENRij1JIKEKhQjQ3ERRVCoIcprE5opbqzOgioMG4GiRZntXZMEzG0UWbWnFpNpG2pIgopURRpFsEqACYYVj3faFARgmVLkRgtUxaEkVFiClbJVBQoyDJNjVKc9pOg0gbCBUXSR5bC0l21Ioku5RwyxCUGFrUCEKSpJJjs7IpQkqDs0QRQZtAhkAqEaVI8tQkkZmoqdklhLOBARSWaemIzCYpJEtymCnTgMDgbGBFIQJsOwRpREhpC7fMKCVKNw2DSYyRoqCYoJhRajl00ZcI2xBAppEUJTSikAsA0bIpFKWWKElTROYE4WxtyohIT9k8gUoYRZQcJ3fUoqkxTdl1JVsKmSxEiRC42UVCwnaqq0zZnCUhREuQSEtFYQrp2vUigRKixaQmqaIpDW5OpQxRwmQbmw0C0aFaNbYc20ALajjTUpmKImzjFrUjLUWmkac00Bc5wpNLSEUy2ImdUURDctYSymjNUUkUKJ0qISkUEFObptbEJElRnWOQihA5TM0yBRvcImoaO0tUocxEUlGH0tmyyaa2EkFXxtawjRXhzBxTEWNObupKKbWPEqpSQ6VkpkQDKQghaWwtHCApc/KUUWrLdbZUia6rRA3kcWoihFSiMLT1OEglwJl2s1GtUUUiOQmlnUOLWkrtPIyrtpIt9y1am8a0s7VhmqTSRSiEYhonyQpBHYcxStau71RNIiTZmWlnNksKB1FqwenIlq21iBpFw7AiYyqNdFUFTdMogVvatetKOkpZD0vbUhzsnt06ccN3fNu3vv4bveW5c2dPnjg5jG7NzUOpfcrYtmRFidFNzgSBZWVagW0jIkns0lWa006oOA3YOUkVgZVWAC0tY1NUjJP0hAgpMw0laFbaYEfUkC3shEC2k7ZapmRAWIKgtazRAX/1d3+9OlrNF/Px6MCjWltbMWTrLI8ooi9ddNHGNoxDrVEoaQzYTjAI221sJYoI55iS061l1K6WwG7NtZZxajHZQEhgmyjOth6yUKLIDeGIHrm1JpBKqTIYKWwpiMyMRtfVJPBkQtLklIDoZrMimcakmIXQ1JrlkSyZyvCUKoUUJkqxmwHLsj01g6dCVQRKWURmWooU4zTVUpDDtGyInFyKutKVCKet6jaN4xRGUQNhohA1sjkzW1qikVFKEM0tIozSU4hZ309tas1CUshpZ1hScWaSoQJAArXiTCEIWxGl70IRR4dH4zDOZ/O+6wdIsk30/UwWNhFphjaAmptSxs7WoNYu+prNtqdhJUVfato4a1dz8pRTX2ZgoVLUpmYFqXRGIgVCylKjtTT0tUQxxoDTLSSplHEYnVkooXAzRUUqRdOUQm5TggwzFYKY2pSK6GoX0HKamrtS1XVtymyJFKVI7qKXmbJJCAphT5OjOkqpza21rF0XEVNrVtRayM7N7lS7kg63lsXOFlFL4FoWG5shTW7zvirqOE64qXa1Kp2ZbpnYbi3cF5FOy06TmprbsJqy9fM+x1SNvtYR19rVWR1XY9qB01FLtOaxDa25B5tKYRoy+q5TXQ2rqbWudFgWtdZxXKcDZWvppHa1NEkuEa01XEswpadxDAnFbLEIYsphGtpsPhORyTiMkmazzoSwopZax2kkIiJskpbOUitkCCzLzimzIZmczKKbeRxpEUGmU3ZSam0tc5pqLVKGSoRCoVIk5FCo1M7jNI1jlAiqIgACUqSjKwac6cTR3Fq2EkGhEirF2eTanDlNMFk92UqUdKbDmS5BOt1wwQ6pqxWHlBKBIoqcKERz0tycOB2qAeM4DTHUUKEPq5kQiSMUKlikFM5U5ihjCNkGqZYOkx4ja0KgKLIptc+0yJbTNE44VQq2SUVxa0B0NRICZ5YIE6CIMk2TnTgCu8iWW04ea+1zGi1VVedE0mh2hoJSVcTUSpSAtBUuiiknbKMqqcaQGaiWYhpNociWFKvgRiaBI8Km1DrlFEoZKI7MKJ3CkS7QHDUcqVJp2WihmHAI0i0nCSWjXYWNhdJRoo3NQakViFJaZstpnJzZuq6m7QahUsLZROl6S0W2UKm1Fo3TJJGyFZmTbaG0QyUKSAFWyKRNthQ2tNaVUBCpZhdRFVm6lg61tJqzoCIRbs0yLRvOqNVTyzbV2uGcRiNnKDMRMihbuqiWEqFYDqvWUunJDUhRu34a16hkmpYulFIyx0wQAoNJ0qZJhSiZUxuz61Wj5pQTKQNqVoQjgBDNyImCbHZOqEWUEM0WQUgmCWERpagN2TTaZLNNVDlzUqpZKnKTay1RuxibFADGsts4CZVajERM4zBl62YzKVsaO3GopNs0trQLIZVSknBIRWTpXWtmji1rLUmzMyNqKOVSwsISgbDdnBFYEsVQWraWckzRQtQSWCEmimohHbJbAi2QFJYKBkvCVoQAgiCckkSNGqdOnlm3KVu6tVBE19mZTjnATiRRGFuTnVhIaEwVKWaRadyQQF1UiWzNrZWuWJElhUChzObMVEZaJkspiuj6mZOpZcTURc3MKafMVqICYGw5cjJB13UqxZnZgBZRk6ThbJZpEdWES9YpW1dLBFaVDFRmmWmpm1WhxBRaa5mTVCuWorVWSlWNNjXhiDrrZ27ZlGSaLKpOFDbUvirdMts0hoqIzKaWdjqKyChdREzTKKkvBWlMh0jjqbWgc1dDLbNNLTP6rjgzM0u4UauiRIxKFKE6Tc1kpowbLVtTlIDmKaiqtTidClkoFKjY03q5rLV1/UZQXHCzCpKjBLgEY6pKtodp6KLLKVULodVq2GrD677Bm77ma7zy7/7eH2W6JV0Bqj1BQQWnhZISxoXIVGAnVhAqziSkBkqaWia4Es0owBkqxjK1diFlZu271uy0JeFsiVQkgyUyVWonRSnTOIaURqGQSLtNaZzpElYoJFyiSHbLxgScu+feu+6+9aEPfcQ0Tf2sl2qgvu9V1Dxhp6fMkm3KaXB0LfBkOaJqmnJqrauQtjNqT8vWiCKkrqsKhKd05kjpAjVnFBVKJiqIYo+e5NIyC0ooojmxUyollOmIsN2aoyhbIkc4FfbUhokotZYI2cb0tSMkXKqxjNNka0yt5VRmC2qR3NyAKKVEGYcpZVkWOFsbpSIJewyppQnhQkEl05KFIgLsaOlsbm4th9b1M5XaodYSZ5NCsuXMruudbWgTGWDsxuTMRqiYdAakaqmBsmW6yWGnIkotOSSpqEghACJqRKjUftaXiNUwlaBGqdGpevIYUbq+p6UiCC2Xq5KaLxaEpnEqJaSetKGUUmshiSgmMycjTDoVYars1to4NpWhKMIlsxmUNKVspCiAHJKjqkQgK0dL49QsBSFn0+RiVCrSsJ5UKCpRiq0I0m7ObO5LZynTbcpUU+Z83mfLbA1ny9rVKLVECtSaaw0gsyFsGyeGWiIVNKxUlCBkBJCKqP2sTtnaatXNerI5nThUMgmihkYPR0PzNM7nBallZra0p5y62tkKMkqXEVMboXa1NDvMhGuJKKWoc/rw6GA+W/R9V2qVXKyUVi0zp752KsppHKdpMetFmaZW3dSVQoQUs3nfTRmlEpUc122Noq+lec44Zhpo2YjSFcbR2YaMkm2KCJVipaJkm0REtcm0s6VJqYJETlP2fZBpq0jCxqAanSKmdEANZQS2SSkiSlVx2ilkJbUUpYcc29gcabI1ohS3tAJwttEGd10fxZpiSkN0tbi1qCWiUrOvJZuSjIiImFqbjCQVhNLkMNUuatdlNtLDOCmnbjYroTTjtC4hhWyilAJujahRa5BEjUZmtmxFkTnZLqESndIZjqI2NSuiiJbr9bJEjVKmqSm8nqZZlNLXqY3jlFjUIiyEnemQW0pyInAYCtkMTkeJyGy2gsxsQLbJmRJJAIbmFgorcQipRGbDSjuUJoMOE0WyaolVozlLiVCdcnJKDgNtsjtJIWUmIaF0UwTYjtaaLIUAk63ZIFSjE87JaSKUzlDpakEocxpTopTiJk9j1o6GJkBSCUchR7t2tUgeJ2GFWks5MhyQpmUibMKSbBCKIpwhxmZPU993Ubq2XkVEUajXOAKWa2aS2fU9xNDcxqF2XbaREpQgs7VGqptVUGYz4FSIdNQa8pRNIeTWiFCJyISkROTUhmHEiZSq0VFrRUw5oBIRdoJUQgUczaucXGmIoLTMbGlHBAqDBRIWXemBbG1sA82jm6RSCrBeryOKRDpLBAg5LCuxJYUiMS0tuQbZQoEU2Cm7GSsERIRCmqa0ZdxahkLR3DBOd7UzTiSU0ZySAikiwKCAtHErXY2kJdNqiCjIAAhUI4ZhXWonBZm1CzdwZqIIySQ2RHR9cUNRwiFnlCLTRGtTFJg8tanraql9WLOIICRboqVp2EJRa06WimVDtSkFsk1hUapLV51uKTJbSiUsJLlGsVqbTJRQRJA2ApJ0UqIoinBLu2VKQiFGCLKopmNsrRanjY2iRhFhOYAEDGBbiXHaQgISy2Zyc3NRbZ6GYahRrXBz6SrpdFPQWpOopdQuGpalWnrFNOU4OopKFIuiID25aYzSiwycIkzLdGLskFSiqzUbEiUsgcAhUUItLUWEp9YiVKITmtokG4UhSgiHJUM4wI6pZe2qouTgUvvoXBzpZitba6VEUNAwtlpcojosqTUrqHWOmgwIlbQjFLIBW6FekdgS9jSmokSEoyxqtNHjtEqr7ymly6lJVmVW+lAgOW0k0klRsQiIKMM0gHJqKpSokmpXaGRrUcK2q3A0O0SUAMRUQhC1VMFsPs+c0lMtdbU8mG+e+NRP/uTf/f232r106cTx4+N67UKoFAWhTGwaDUIyVtgJJKWE7cShsBCacrQz1BHQLFNKTGm3CQIAI7BTzSKMoISMsjULgSJCql2VQnhYjk2tYJeanqAoKAjUsoUiVZQNoVAoFouN5fLoz//0Lx7ykEeXvoDm87kb2SYsHGE3E8OUraE6TtnViAgJEGJWOwWNliPVqQggM6OWiAAymySkolCvcZyCKF1p45jNXSiRPcklQqiLSChkUgIjUQmKojmdLXNqKVs1Qk5Rus6iTRlFgRIlmZNL1EBIjRayVWoJzWpOqbQtJEAh281JUktRRDKWKERKVVK0ZkJ2WkUTkhPcKFFKxdl13dgmT23KBgzTVEIWJmmkAKeyNRYbGxHzcW8XbIUx0GwxRStGRYzTiiiZCYCz2cqqAs5sIjJznIYpAbIBASF1DtzacjUUldrXEjFMYzoDkoxSi+jnsyIyM20ULadQQSohp1sKTznYco2u69TS0zQpW0QMxriW6ilbQCElpyeyKKKWCFo67S5KKCy3qTVTijzlMEzzxbyUaNnGaSol+q4k1K5IIj2NQ6kVKFEC1m20ktamZiuLamabpmZboUKXLcf1aOiiNCHZadtTGgy0loBpMsM4ZnPKc0Uqwk2IiixwR2kkzW0ap2lCilqwREbWIkUtWcJmmsZSyryrzc7UNE4uUUMhieqwREtsjJOpRFHpetp6GDc3NhzRhuawrPV6nXbBw9C62SxUKNmrl2otkS3rer2qUfo6a22SZAVC5DC2xF0XpSvhgmnTlE4B9jjZJoIa4ei6vpvSIjNzmqZaat93ESXTbRpnfZ/YraEShUxP03oiUyo17JChCBSZmdOkXvZ6GPtajYGMDBPV2ZStRZGlWiuKobVZX6N0NsNy5UAik1lXWhGQiaVZ7YyzpYSITpkRCoHDojWiKN3VGpJtIFu2NhGlRldRAxoNzUuEVUrkOCX0tdLcVFpOBZDcpnWbWtqZEeq6HtymTKg1pFBAa22asrnrS1f6da7H0WUegtbStGkcuvm8KxqHSUnf91Ej29QotiBthShRShcWQMmwZE9ubWByc8hRqiIwimLLVtIkKbOl0pPTqtXZQlaGhaQgJuPMKEVpO8dpdGtCToASBVIl2jSm5RyLipUSLTOKRJgGkqfWkINKiQ6aIGWBQpZQBlFEWlbaZRrX45SlKDOjtYhKKVYWhQukmRpEa6iEhEUpVbhlhim1JKQzp6YaJYpba9PY9bOQyDZNTaiUKNkGPLn11JaZw1hrQTEOY9/VUuo4Dqv1sFG2IGmZJkq0bF0J21KZIlAGgUkTiiSxosh2TqlShTEYEBbKhsl0ghwKKdItqLUWoaFNESFFyxZCqtmapBplyNbGjNCUE0GNMMUwja2UolpqCqlQADudVq1ej25BsaIFSIgQtjEmTSiIxFObqlSqjCKQHThKgOzMtDKjFilCGEARJVNCEi2zFENIabJNLUpgW4pSMJhaAimtCCI0jXYzma1NY1JKzEoUAihCCoOR7UA2QrV2OTXRQsUWmtrUSPVdlyXBRcilZRoz4oAWhItoLWlrhSLqxCAFuE2WABGhKDBYonnK7PqiCNIuJsO27UxnM06kUFEIRGocG1hKHOM0ObPUqgQCZbZJIWwVibper9PTbLZRqm3A2VqtEQglikjJAgsUUleULZNhah2h8NgyKJk5ZYaMIlDaIct0pUbUCI2thUPFdpboxjZ1RZNpdg2N0NbrEjVxpgMBmRa4hJqJ5oxkPY2TDUkUZzYJJDU3TWnlOKlEhBQ4W05J14tUyBl4amOLWRGBaS1DUkHpxJJSzpa2SykSAtsqpBtJYilIJmeZmrrecihx2C2ICE1NtkxO66bIWmrm1KAoCqG+prNNLUJpu01dKa4V0gZlji1K9NFnKtMKUUJhWSUKItMKVZW0TVPIqRQmpzGjqobGaXQYOVTKvNDc0iZl4aaqtDBtHFq2rpt3HXJzK6XWzCkoqmV9dNQvtt/wjd70ZV78sX/1d4+rtcB8PawdTtktsSUrIlEgYyuDQG7ZlBLyNAGCUGkZKgZFODPlUkJ2hXS2JpFKpZJSIlQmN6GAFhI2hMLp5XJJo5/P5huz9bDGmZk2URRSykChuBk1mwyXiMlj6QtLnvb0pzblrOuzGUKV0rphGqdpDEVmK7V2XR+Z4zAk7qJgTzlGSIEcQGjCRJFtY9kWOba0u1pQNwzr2Xxeuy6ztSmLwgXjnJJQ7SrYdks7W4iChFsikJWkUyHVEtM0TW2SVGoARWryNDVF1BpIZEuaQdDGqZSuC6bIUGkep2nsu06ZgKcxVSOdEUZARS2qLIWBdJIphcLNgGuVKITAgJwGhWpUA3jKJjtQRkhUAsUkulobCUJA2hRVOY1VxTi1ViSXZoUCp4NoWAkeWolQiXE9Vii1AOlGmJBt7L7r+qggK7INfddXxdimlpTM0fbU1mkFpdRpWmXLbt73tY+Qg3EYDChqhILWGpIsbJWITBVFiSYFkU5wKSIirFDBzmmapsl9qaXQmLJFRFGdUDdTBDlNiSNKkaZxammg1IiicZRsT5k5zGfz2lm2bctFJQjVSE8WNEdBUoLsyVlUM0gncgHbKIBaqvG4WtsuXe1wM22cZn3vzBwny9M4dV1fI9I5jKPdZrN5iXAzqTEHpBKUWuQgQiaKlLRpSiTb1tTSzoAGuJEebSdZpmEaOxWJbjaTlGSnbprG1TgIgtjYmJUUylAJ5zSsRwlTm5OpzT0fna1NbTJi3s+FyalNrHGoCGpXbUvYxW6ld2tqWJBpcrKDIEo0Z3HXWoKjaJrGUKQdMmbMEauLkhFOm2wtSwtqWiLkNmWDNlBqLXU1rO2m2pXSwzilx7EFqBQyayk4cmomoxabmFXhli5RcNrqu5rWNA4lilFmrocBsrSu1gI0mrIoShTZWKI1dTGLvrlla1ECXGuxyUyiFLt0lWxCrvZIjaLIqaWCbCbouqrEzklAk0u0bEqam9s0ZYSq6rBet5y6WQnkolpLOrNVm3FsASJSLiZRhBThtG0TThLcJlRMsyEiEJjQrNZETjU3mQiMuoiliVpNy0npljlGqdmQLKFU2mDAbiiI0qyoJZOWiUyq6wJDqTY4M0wa1JWabqahKCWmjLCtlANnM6aViEyHQlbDEbZKCJpbTZsaqlEb6WyWBYUA2YFpMjhzKtEBmSlokDYmQjjHqTW3mkIZtbZ04qKighpRw3ZVZCmy3Kauq1mr7Wka0tOUwqmofR8Qxgr1tbbWjJxu6ZZZAgkZikrTZFtuOYVKZiNlqBFGqCVNRI3SWktHLSLIaWqZs1kNldYyQr06ZzpTiijhTGekjV0jWsthPSjU1ZqmykioFNloCrAblihRM1uxpDJpggwiSl+6sNMTEti2WmYpRUF1ZFgNlLiGGHGxI5yoRE4pZaasEkhubWoZUhSBAmfLUIlSQyVbczpC4KJomZITyXaaErZxUooUFl3nUmrUymoFKMKyIqIrSqcnTNpRPZv1QKaR26QomqZpbFGLpkYpMh5W6ylzVruu9qWUcZxsSlFrGEKaUkVylIgxFC4qUqi4dmQmFhh7cqKITsWtZZumtEFpORNlVZAahtbaEDWKupymUoMksyEJORQSRlEiYhqH9BCqIaZsJTqTUUqJsFPGxOTJ4xS19hHp9GShtCMgInCpPW6ZhBWlhJRtKq7ItZRSaxItR0HSZKUp0HUVReTUWhsnqdDcMJnYCbZwa8qwpsw06YwklUZKtVK7aAzjuiuVUrBAQKgaK5UtE5STYGqtKPpuZjmbpRaBosscgyQix0xLpAoKSonWWramCCw5J7dQqTXkqCpCBOPgacq+FqN0Wl1XIzOndQ7T2HU1anWpNe2ktSZloaSUaRvbROnnnadm29CcyiillkA2GbXaiZ0t02Q2okSJKKjJoZoxZUtbXV8jIkrYJlyjtjZmEqX0tYzjoAiTmRkOCmnalFFaJVIIq4RHkPraDYlXS23ufPRHfcR7vf+HXLy4u729VUNESFYUya1ZKJtVHKi1NKlS5JCIonFEUipt1SoRxrZNZFJr6StTm4AEa1LKADLIIj3hCOwoURR2y0wjWqYkARShBoBJJyo2EV0olGMLhZuNulKBv/m7vytojDIMq6610nVph6IoSGqtteuUrZTIUtp6XLbW1SqV1pqnjAAySo2ooJZTKULKaWqtpbKqlijDKrM1UKbJhltGBApEiVCAWjaakdo0KZSNllPfd7YAySIk9f08cyQhyXROk7GihgThqdkUlG45pkqVGWkes8U0TVNqMylIwJQu4ZQyp1AW9c1FasbT2GxHBApCpdTWmrM5i6psMjPdMqMoHGSmWyNKV6tNuikdqOG+K7Q8ODhqbUwcSBSyTZ5KoOicjigSSmVYRiGJsKKUtAGVwAAm0wkoirAAUUKZRiowemxm1pVMl1CJAqowolKilqpiU9JUFRsSy26qsyo5W45jkq3WUrrAFVS7atuZtfSttUy3NqnrigTO1hBRY167TGym1oqi7/qWWSol6mo5TDnVrpYoloTsSUJWS9cArIjWpjFbSC1zXA21SqWmpxJFqpVsyrFNcpQagTJwS5tSQiJRCTDTNKWmqDUDMiICpzK7WkpEyxzGoUQtKpktbJWurx3qSq3OpEgUYQmbaRhL1JYTWC7Yibtabaczp1HSCDVKKLJAG1yLTHErXU1nZlIUqRaZdok6m/c2znFYr6PWJGkuXSfsqcWs7xeLDQW1RFe6WVdr1FJcu67Wvka0dZvGMZ2UkDVNU6h1XRUVZ47DNE3TOI5DkmMhiqKWEG7ZSNvCNFui2U6HrSqVyDbmNAlKKdEXW2lLJQmBogjLLp5CqiGRoRCapqHR2jSO2SyW6/WwHjwZ1NVSQ1JFAhHFyky1bBHVjja1aRxtCxXF2Kb1co2iZVrOlm5NRiVkXIJEJUDZWkRXutKmNk3TalhHRFFM4zCuJ+dkOYnWppzG2teu1L7W0hXsHHMYRtSawBBQ1PehiPVqPXpdSqmqk10iatRAgLHbVKNSwm2asmGZbG1sU4ooUqrZWEXY6aGN2ISc2aZxPTYy0xmKIBQCRESECFmBIsKWJIWbE6mUElFr7bquhiGNMrBNjShRSOz05LRKRK2lm3UFbINNZjqtcIAlK1KKgGwNcIZRIVK2CGHITAMVnG4WRSUUoaiRJYwzFCFSohQBBkgaMi2tTGSCYZxaa0GUUqMok0BdDTKHcVwtB4JaQlYzKtUm7Vr72WyBIOm7WcAEUWpXK8piIxxuw1RLUcjYbSoKKya31qbEUakEqLWMom5eu65ShCVIk21yUGpXhGmBDF1XDOM0TuO4ngacEbKtTImIogiUUWqUkmTLJhVlCQelSDhIW1KAQi2bFbansa3WK2hdCSwlyZRtEtHVLhQiQrg1O7EIlCRGRi2dJdRajmNO0zS1lDCynS2diYjQlNM4tqm1oqKQbRsQCgVEtMw2TbiVqDVkYbm1MTNTgmw5KQJomTJX5DQa7AyrIWdatnAa1KZxzBG5m9VaapEEdiiEFSqAM6OrEdFaTtOUU4tgvljM+1nKtKmlRdqenBERJVDUUkstXe27WoZpbDnlNBFIVcjGCWC1aRqhZXrMScV933ddL3tsOQxDJkZTS2Q7bdu2s7Vcj6tsRCmr9XJ5tFqvlzSXIpv1OLVmt4acTikT0TSOwzhOIUKRbWxtCppU+qj9vK9dX7qiWi1sD+N0uBqGaZgS4SAAmdZaOts02g5FqSpRS9SIErJNTplTYk20KScrA0kGqxbVgnBmkiYbDTV76mtXZ33piuyWLUKlKBRyhGQyaokoOC1QSJToaqk5eRyHNq0V1FIshmGZ0zhls7PUcEhWicjMloMUIDd3ir7UKCHT3Iqzr7O+zkqNEhQCInC2NDYehtZyCgXhGurrTApnjtM4TlO2LBEhlxBENk9tIClFTmemUgqEM92ypY2zRilRJCsCyHQpxbYByjiuW2YmJaqkUMmWUzYnpZZ+3pcoKGZ1JsXq8GhYD7aHcdXIvfUh4/DO7/aeZ06dWA9DkomxM3E6JzvTabIxcZlIIomQQxZBRGAHwnbUEiEbW05nm1pOthLkVIpwKbKwM4oolBIRpZSIkJoNtfa1K7KnnFo6nZaL5EwnkjBKAx4zPbX0lM50GtCf/9mft2k9m81aSyjpls6Uur52fa11VktQSqajYHIaxmEcydbalE6npZCcHqc2ZLaIamdOraXl4taA0tU2TTm1kFRyas42CqKrBY3Z0hNhZGxKGBGUUg0KlailVkqksytl1s27vk+Ubimiq0VpGTAuilAqwgpF2lNODSEpUYQDmhOY9X3ICgLcMrOZlmlsZ9oYS4BDqqoQzS2b7YSk5ZiJCSJbEqqEm6UIRYjEuK2HYZqmcRosIgoI0aCRtiQpkCTkiBKSPDWTDgW2081urbXJKlFK52ZACkS2FLSWrU2lVlvDamjjAGF7GjOb1+OYzuiofVEJJ6XEbNZLbtM4tSlbS49TG7MZSLcGk4lSW2tpAzajW5smOUOqUUllozWlaNmwTCAKMrZtBSWk0kyU6Pq+L12EaJm477tSioWFkBJJfdc7W2uextE5OUkbaxwnMiGKQshubmlDa9g4sRMkOzNbU9E45TiMs1q7WqZpHMcGioipNaSu76SIqKEYsinczbsohaRNdqaVEl3XgaWQsA0hZAtTokqhVNf3XT+TZEBym7oym3VdCSG1cTw62CsRTEjKyVZGyAmZRwfLYVi3YVSzQsIR4VJqKZ3xOGW6BSVKJTy1DMkYoxoRksGZchpKDNOYzRGazWbjNBmbnFIBU3MJZclAFuPUjCtqaTw5LEpVsTSfzaeWLTMEJhMFwzjUGolq7Zw5ZE5G0zSV4mwRpUbBKkWyUoTVoHQlas0EM06pkkSohFtO4ySpdh1E5igUpc5ERAmijZkmp+z6bmpTG5qCfl5onqZWSlgm01IJRQkUk6cIracch3GxMVutxnGcJDpTZiUIIBRCzdmy2USNaLJLJpJsK9XN5z1eDiu5RFRKqOXYxsQNZrM+p5xMR4ZqOjNBGdYwDpk5K4suwi0lFNHcrJjFXAVnCkoUK0217Wxjm7IZPLWW2ZxJwels7qsEYCHbklQoKlNOTkGjycoEYZwRSGEsJ5IBIt0wKYtCIDKd0WxIHALkgExhXBByZA4E4bBst5xUwZmuYRHCkZMJadaVqdmJIpwCkAoRipFsbaSUiHBLnEa1RolorbXWSo2ImtPgNiEBaQAk2mTR0rOIRstGKaXWmCZB2ilJYEm01rJURZRpGkMl5sURbblarYeur33pIipBtSxjZaYI2yHsCJuCJ6daZjMGla6WWts4kkonyRCtKMacagTjlEIJImlOhTTb3AxjKUIybRqtIETazUqCVObQ2qKUdGaWEupKpG2sIsg0IFXjKASA7CkRNSIh00UhMcqJBbjUKinIsFs6Mwm5RrUzkIWI6IJ0GnC4ONuUDVsos0khU6UpZROQ6ahypmzCQEsDreFMuyHCYawItUaotZwMCLuNYylFEQg7s6VKKEo/m5WudlGcielKmYIpo8hIkWqKlpOHsFRswGnnpFpw2I2EyTFTCgGyTbbJEVVR1FMQpWHILkp0pWVSSifbpWWSDpzpUsM2EKVO04hV+5rZpJj1pbVpNQ7VJVvLqUUpFBWidAXLrQERNUpBeGqNlKUiaGljhQuhUkIStgO70SihDFq2UqKUEorEQxtqLVGLiAiqqg0qpVphJJwStfSyCdkoLRV7VPPIQNKmzKllK1H7klO20TIQkhUhYTtwIivJnLJlFqxSMl0jbBSEiguhIkxiSgQQraUSG2RCbm0YWy2OKDLGUWvILUzzODYIO0vUjY3q5qlNEWqecK+IYktFUqGiwEiaxmyZiEyHokSxQ0wtm5UgrIiikpnCzQQ5RRTIcRqkWmpghCW5tSlbRFVSSyllAWRrKlLEej00T0V9eipRKQoKZsqptZa0qEVRnK2gaRoODna3TlzzAR/8QV/4BV8yDNO8n6/HdV9r2kghlagK2pTKIokiI4ztTCNLpQQtGxg3rABVMJlZuqhEo2EBQriEWmI3sGrXSZ7G1mJCcmY6S4QD0iGEbBRhp6FEcRrb2SSCaDiaFaUKibvuuu9oudza2lJrzCWTnkKG2twi2zClUC2CWXRdGxr2lA0p+s7Nghrd1HKahloAOaMpqQRkhqepRJlyyqnVKFCjTKGIEnYSomVahoQiZ5tCpdQiMG5tDBWjQkqRNk4X1YjR0dcSXRmWIyaVIWWEBWlFRBR7atPQ1161K2PLyfSWEUxTs1MpS0Cbmm1FgSylIGViZRDTONZawsopm6daKhC1lGRsUyRd34ViPQzOjGyEwpIEKakhOZWSrABESO6EW04QOTUVVcU0uYTs1qxQZKZCSmdz6ZBLREkbCAFdqYpSWjqiBNKs69tsPa2mcShSpqe2pjC1Mit9m7KRrbWQIuSoLScVQkUl2pRRo+u6Zodd+k4WqI1DxGyamsSUoxRdDUdMzaJJAZJVZCuwjGottNamUREtW5qu63CmFFajOR2kDc4ISBG2HWa0K5T5PFsjSojWmoqmbDkMETVCKgVobqWUcRym1uYRIqbWsO0sihIF5dgkUUsgNbfV0aqWruu6rs5UlWQ2FeSWKbeWTgjSVstayjSO2RxFKtGXWZHGKUtJzDQNLe2ElrWPGsKephalRgkjlRrp1lp0dZimGhG1oMQz2dM0FqlbzEhCKjVEGA/rCVrtI6Lr2zgk0cahZWZxG4faz7tSl6uVIqROQSY5pdNuqQi1RvOkjFKwVTucrbVSI9PFJMZEhNtkUpltmlIxn3fRxXo1UksJ5eQpWwiDXGqphSAk47DbQESNyJbgzJaTSl+nNhlKRKr2s1lzespSgmeKrvR2S7dSOkKC9FRLF10Zc1JrCjuz60rf98NqPY5jtla72nWdxOAp7S6itZiydaW0iGwNAULRd73sacooMacMLRvW5NqVNrV0luicDYiiiEJ0KlSEBGXStFwe9V2tUVu6VoEo0VqOnkIiwkFbD9H1UiPTFZoHu0TU6GqIyJwk2QlWthbVZMlstiRVSbJoTRERpdYARQBmclMUVRcj26mATCdI6TUp1dpHZmSbbAchSKVNYJAiVAJnjlNzk1QjouDJUpGYWiuUjAqtEWpWSBEIT6niUktmAhhFCKeyn/VTtmFY16h2eJqIWKsFKkXT4GmYsEPVESkzZstWu1ocjmhkkRNKthqKWoVNljpTjhSXWsZxVKGLOrniTLf1sK61ZjYXRVPLqbWm1hRFClkmjQxjm6b0rGRVdcp96d2VGhDgEFMDSZHZEkshSlXzrK+GcRxbIqUI4yqqlRKRYTW7KxEhuQ/JLXFKSnsap1AJAqwogTEORQlJklo2aiBK1xlqRNf3UTIza+2ytYksKm1MgSVJspyOrpOdVq1kpi2p4WIapRaH2xgKSmS2UmSaxTQ2gboKEQQAblOri9LVOo5jNk1uTqoKQZqWabci1XmvqdnZmhpZqBnplDJbJhLgCLXWmts0ihRyVIWKSgSo4JzGaWzTLDp1HcgYkS2bKLUwemxNgRRRo3MRjOOIJal2s3G9LDWi1mEcsrUqTZlldGZiJxm1SApHTpMtiYhiKFVY0E3Zikupve2cWtohSqlWFLdsloJstiMCk621aYyoJbQ6Gmunfr5ZWhmGMaBZiihdDQHFANiepklBp9pyIigUGZUq0zxFlGmalFnrrI0p3KZWIkrXK/DINLUSJYLEoej7mQx2Ot3kwBAStbOTAjZIgAQRpIMiFXe52ZOe1kNXZyg8rUtnWrYxp1wvZj2lhFmNa+wIKUU4HKWKSdmyqEamIlBGlDJTKGjjOAmrVCC60rU2jdPYRRAVE6XOSnVmSJlpQmlLkvp+RmKMlHZ1IdLDhKLrZ5kZCkeTQhjT2ijApVZJvaQ2NWSVEqJNUi1B4GxNKnZGCchudIvQ1JqTUjoVydHXrjWTrWWWUkqNTIOMsC17yijR1a6LoqphaJlZCUpO6WwWMZt3BaaxUSIIWsEW7cM+8AO/+Iu++HD/YPPaRecIiipSTOMUxTS1wDihRGAkQmqmlqKIaRxDYbI1nFPDlTDpwA5jWYDDGMK2hJKMiMljm1yj1ChOsiDLJHYYS5mE7LQhhN2IyJbFSkXSaK10nQpurl1dro7+7u/+7lVf5VWHcezGdaMGilowOC1nI0IQGUlm6UpB6TK1RuLMFISAUKRlHNUzFyRDTuM0WUFBUSRRpLEpMZNT2Zc+xER2EpBpEyrRnOFCkFNmWElLR1fHNkR0kaQzQuOUakTE1JqnESKQQ24NNA1D2iJatjJacqkBjq4zBLLCtblFm6ZSqiVJJTpwOiWL0jLT2YastURXnS3dkKLUKOQ02hJkJtB1XSllHKcxpyhFyOkAkCAxo6006noVSubglqWGotg2zXS4KbATyaLUoimnzICgdlGWkG1QjoSFRalFq9VaxQ7X0iPGbKWoqK8qdKRLeiJKqKSmWuc5DQJSFPe1H4ZxapPCUQrNOZnIEFGrbckyWboSmtoklVorstJpjySTU1MpJSI9NJCgtSRbEFNOgimbIGq0KTPpah/Fbcx0VoWdSXRdHxE5NZWS49hUaleERlqUKKFaS2ZLjCVJRADIzsDR1WwtDU6MlBJSIczkGrWULkppOWW6lJIC0bLVrrNwOMR6HGs/Ax8tD2ud1ZjJKqHWRqS+lNVgZ6uldzF2Ts0KOyVNw3qK4pZRSy2lRMxjth6HTK+WK2V2sxlBmzzJ89k8WzOaxiHbUKJg167E0Ib16qhhOccx2zRWx2y2WRQK1VIjwnZrLRwOT61NU1bU9aWUKBGhgkotEQqhojDNOMAm7ChVoNKp1tKVCJEK0mkDIXBmgghKIEmgEoSIWqOWWd93NTNzwlgGkImIEsgEtGzj2Jpt3KahtXEcx5ZWUZBTItSyDeNoe3Ku1uOUk5OpjUSkR7vVrpZaWzakeV9RqFCis1VEgIVJKbquWAzj6DQRpYTSmMwWpbRpatNo7ClDYVu0MFGjGaCUruu6sbXMxDaUUtItpzGw8dTGaZyQuq4UlSilUiJKZAp1fYSUk1UyIkqNEiqFoLOwLWynJURXu1pqrdVuU7plk4QDDGAQEkVEyOmcsiVBFUDBgjCoKKKEhJ1JYpM5NQ8Ng0mc6dYaKEJIEYVCYAyZU07pZpnEksNQIoqt1lo6QyFXRZRSgwBK0WzWlxLZGjSFwOkkVCUinG1qU0TUUii0bEKZck7NZGbUgGhTTm3VPFm0qQ3jclitjUqtpSthUtmcIcXkYRzHYd11tdbanOtxvZ6O0tRSACm6ENKYLT0qNZvNutqXIoHNNI1Tm8goUVpr4zCOw5ikUZKKqkBRHEa0VHMSgWlpO9vYPNFFYFuUkKXMBDc3hUIl7JaepqaWEdWKhCQwlwmYbDvdwKQz5b6UkEqUUmsRpURRSIGdzWSDEhFWQlgkpLEbdmbixKWl7XSmhMk2TW0aW7ZsbZpGCzWP04SQIhylhAWohgxSpMJTRi0oojArHVjpdAK2sYGgUUOEQiqlmXE1TOPUPI1tBDsNKtG1QCJzatNUo0QN7DamobXJiRsykiXZnqbJuBb1sx7JJCIMqBYiIoosBEAbJ0jbOIVLKaWEhN0Id6WULpKGx6mlE1GmluO4VlC7sFtzS7tNbUqP05iZNSRKrepKn5lCXV9L13d9VyOcsiJbw5mtYWotXa0KSaFSFEE4MwkTkdnCCvq0M9vkaWoTQeaUbQpRShGaWracFJQaCmzsbJ7cphxHF0Ki2VNKxYYAUqSRCCBtnMMwHCyPxtZKF7PN7dpvRC22u74qAKWbTKBALacpbduqUlf7mnjMtlovx2HAGSKdjorcd1VRS604kSOEQrWTouurbCGZKDVAIuWWSbOkxBZFSixF1KIIm6IIKaeptRGn05anTDuHaQTAqiIUdmYSCKLUKMV2hGycSjkiqkotXdeXCFrLcRozFaG0QzLsXdq7eHF3alNIjRY4s63Wq5xcS1cpssdpdEgqkRaOGqGiUkpfbKZsKMb1uo3D9bc85HVf89WMxmno+hnyNLVsrUhtTEWpURoWkmRMClGiZDozbWRsZzZQV/saUaJEhCAKChmEIkinJEIi7GSybYFVUmkjCEkGRYkSCgsUCGwgs5Wopas2QSDbnqZWau27zuZv/vpv7ej7KFH6UkutJFObiChRBQHpNg7TNKYbFqESUeUstShKmzLHEUHiliQtybRbgts4tXGMKKVEZJZSal8LoriLOnka1qswDrk1KWoIZ05Ta1ONohpRStfNatcJnJabnZktjckpBwcRITsFEc5GKRFRaulKrV3tut4ARMioCEFzi6qIKhuVqJ1MOrO1qeU0NoHJzBYhCdvYIZEylFAKQgLZoFpqCZVSu64sFvMaVSWCyEzjRpNx4LSdOU5Tm0gMEWXW97V0QqVG7UpElFL6GkXhRuIiBHYigBKdHW4YlyKsENkI1/l81kUX0aXdnC5gZRst1QgVZDw1S1ECuU1Ts6Mrxm0ymQqmnIZhHaXU2oVCwqEaEWE5srV0RsSU2ey+dInH9WTTpmxTm6bWWgNLkXYzKlGjdF3flRqiRiGzjRmidlUiFBIhTdNkRHMiJIgpsyj6rpOKM6VQdEImVQMyM3Oy7TZmlNL1tYQiVLtaa5/GUPp+Pt/oqoSMcmqrYVmkUCiQQC5RKYS6aLlej21MWprmbBO5HoZpmJardbbEEQURY5uyNabmZuxmMKWEItJp05w1qqLMu77OZ82ZqCiQWjYVtTa5tW4W0RWF0q6e2nJcFdWNnY2obulih3IanUnfd0htalaoiMG1VMQwNYmuq+DWchxbhiNKlM5KJrfeRQq70YKKImmlqyIS1CaFsrU2TbXrSterKDNBbRqn1roatczcHFLpiloO2ab1uuGuzsBddEBXunROOUXBIUypxWMbhomIIFxQcwrR7IKbkYhAdmZOrVFLl9ipfjZTxLAeLVVVozZNtah00VraGDNlZiYtC61NadeoiYHoO6ezWcqQxmmstaooJ1utlE6la9M0rtcZtV/0qGSS2WTa2EK1UFwyCJNTy1DUPiLKOA0RoRKaMmoxtHQqFVILizY1bJrWXvV9r1BXZ4KWUzaQSqFNTsJJlLDdbElBqBjJVstmu0YxlKC1NHKmI0nXvnc6gUkChJ3TuiWupaBSVIVTThMgKySE3Vq6SimXKKEa9uQmRMpMtiIkl1BEKW5tGMaoihKBnKbIUglPSaaAiII1qWkg25ieQt00TSLSqXQtXZqcxlL7NmXmhHPKZtO1kOzJVHDLREZFpJonKYBsY0RXHA2HAlqzFI4IsNwQmQ7ZUVMtWwtJUhtbOsdpLCWoYUWoNFxCNuM0OrN2VVaCXO3maRraaKlly7H185lTzROtrse17b6fiSxFEd2UUxQkpe2WSBbpdGsBCmU6sVSAAqSC1shxGCLCtUZEhKY2ZXrWFWO3ETvTDpsGChVB1Jo5ZZuSIEKSwEoS2yZKFKfSVhAWQWS1c5qacZqQI2qQtiUlGVJRSdqYTYOrZAV9beOYpCSoklQCUIaQaU53fVfIlcbMpDWiOkkrSmiyM+0MlGGhUGS2hmmOiFKqcCLhYRqwaolpGHJq0dXApGrpJCRMJ5kJhbFaupZAUEobRxwytRMUaCRTTiU12TVKtqlEzUzbSNk8tpbT2NVOEaQl11rHCCkkdbMZLtmaatToVMJOauec3KrDmYYoEbUWizYOLa0ozgSKnJOztSiFsIpFoWpKzWZ9Ld2YU1iQCQkRmMgxk5a2kCEUxknWdKM1Z1URkgw2jNMoooSmaWjN89lM6a52Xa0m0xmUnFKiOOTSPGVrJbpSSKglIg1VQa1ylok2TVOtxREqtZqUyUQ9EW4paMiUUkqJSLs5GUMuKMfW5NZaK1HdEhhEtIxQmgyHY0zXEsMw9V1VDamUViSGNoaiqmbNYZimcZrNVVQVFEdzy3EiSikOISkiJEue2oRdakwEbkpTa6Qnm5Jk2IzNNbN2nZtDQimrSZljpgeWVl+Lal8qfQnLzlBOrXZd5tQml6jOIe1SQ6VmDrh/53d511//7T/YPzg4fqxOmUJIBkUALZuTUqKlFZ5aqwnQsgURJTITVKLUWtIep2ytFZmoSkAorRAhUvbULDlUcAaasikn0i4BhEG0NlV1aFIqsawowsJJ2KkIbKSwE0S6KwH83T/8QwYbW8eytVJjmqbm5nQUTSm3zBAJ6doVmzY1GQWWQsVurURRKEQn0g0Ctak1T0URYUUJSLQax7Za992s7zuVCIWmKaOo0KZpHJvCEn3f9+qTlk6FwpKUJkKGKVFYRImSiaIoMxNCTuOMqNgOjI1CVaJIk4UDLBeLdK6XWbqSJQoOMgsyUQs5iUijUK1VBB1MpKdEksNlGicn4LTGKQkLDyMl15JKFzir5KJUVkUzxoGoioipjUxNVWE15zgOEoRapixjG0Ihmp2ThQQisjXAShCRmXY4oqgLDSNqmWqZzlZKJyVSBONkuUSJaq1zGsguSvOgVINOlFqhz2lSSKZEKJXQphHkFHg9rFWotYRDouXkZgoR6rve6WkYEVGrG+CcWpRiZ1cRmTiVqMxmfSjGNmVLqcgYwKWvcrgNSZZCFBUHbsYKRZTmthrXfdcXNGamBWkLE0GGwuTUnC1KlRAWthvpWntMTsZTlHAhJ9mOUBu1GldOzfqCS61NKsGwublhy0RmMky16wXjuLYppXfKbpja92DG0Unf9VYWFQBkcDqdsjOiqGAkt8CZblR1Y2tpsqmGqMWZNfp+Ues4jm1qXe07hZWZtidU7ZJuiTXlejiy6foe0aaxpYpERLaG2uSoODxlkiJSSKUvTGqZpShchW2nIZMopdLGacyhL12atIttE2GVEliKJgSTsyjmW5vTekSaMiOk0DCNoYJoRMhNll36rpfd7HA0ZaXQNbfGpJSISMZ0tqShUKkyqOtKV4f10LLVqFkEzpzWU1FbKVGJqFFz1trkzIYxNWpUHR2tMnNjPrOi1nCIpll0CtJdawNJqUVkS0UUy+vVuiu177ppIls2W+OgkKTEEYooEcKMw5imjS0yiyKiWs5mFUoEeBqHKbOWYjysx1JLqIiMqKYCzS3sEGE3EyoBTKZYUZLEiUqR0lKQ9tRwJpJq6VSmAgDGdlgqGFLRWWCbbFaQqRLzvs+Wk8ccaVMrtdiRgYiuSlGGccANhShAKJAjkN1ymjLHcehdu77PqTkIZ4JCpZE0RFRZFgU5baxpmiRCTNNUS6FY0NKBDevVMJvPSqccmkp0pZQShpYepiFUSyhJUpSILqt6Z7YiskWpuHObpCIJ1NpkOVQTlJAICSRKVbhTRI2QorUpanS10nLKRhIisUJKWxnSlGrZwrJblHA6yFK7KKW26jY5E6moTm4lAmitYYcUtZaoLUdjIyVOkISBMM0tStCkIFtTaenURHPLdIwjKNukqBE4cFpuUXu3JJMk06LVro+isTVaghHjOHS1qkTBWEaSARepZVo4XQtOI4l0o2UpneXMgFRxM9kcOdjqSzdmE46gEEAqZYsoQZIKuuzoJVmSKFMbaA0pIkqUKGUc18hSNKfdTFb1mIkMpAg5UZTar4YhzKyEVeRUBDZ2plWKCOeEFUIShmxRIonOKdexTRjZ6RxNUUUkhpbjVKKb9X1mypOilFqzTSFZNDO1FrL7ToSnVEBiDGkLMq2uInUNRyHtYVzjUIkImcRZasEySQmbELKQSxQADOmWKaKGmqeWRRCR4TY2Q601M0OlOYtCgEOaSgkncmljRglapttssZGEijTvutZKME32KM88tdGWu9LahIwDkkIayXYM0yCv1MRky6SjlEI4NY0DxqJlC4pbS7nVXkJOKzKLPZjINilqSApaOqLUrrM9ThMNqiK6xPJYuq6oChd307jOdSvFJqJERZJUMicJahehaLKaM+yEiGTKSaU03JDsANtIyMW4mbCiuXZVrbWWRUSJGlbL7e3NYT4vCEsyacRs1jtpmbZKqRGJIxFB34cQCtOGHLM5QjZEO9o73Dw9f493fbcP/YiPHNZtmkAg59SilhJajaOghIASAVDJdDhLBJIgQjmZUKanabIJWSrYBoxRiARwk6UwBquUAnY6naIg46G1iBBKZ7ZUlK7r2jSlCBwSkGS2lDIkJFoo1M8WcHD3XXepufR12h8bUzrwlImVtLRTDSu6rkrRSKchglC4kS2zqqhDCiDDpaWLikJTSTKdRSXJ1rJNw8H+4dbmdldrhAmpRD+bSc4EhUJOhEr1NDGNU41omeN61XWljVkiUgaqZDlqSCXbBA3T2oiz1FpKSMgxegxHM6SlcJvoNOUUIJTKaT2VrnTzHrtYdjqzqLOmpiySUXMyTFAUNUDKtIGoImPKBGFSIE9tAtza5CxRa+2C1jKlsEHIyCkLmVRipjaFmgHhhqWQsqVFkdNFwlFnXY1qBLTm1ka5TVNTyFJE6bqYWhvHNSqZrZQSpbOdDTtDcquNoXS1RGmt2YHoS4lSgZAJcsquVgkic2rYUSIirKZmIVEkHNGGccp1LfPVsOpq7fq6Xq1LRFdLwxNNZFdqK13AOA7Z3JWZnAdHR7NZV6KvRZnONkWVVFargTa1dO1rRB9J0sjoKtmY2hRRZt0clEIRCnlKkaqKKMrWnDY2ocz0NKQVku3MlsYKgVtOKl1lyqlJDNOQzsXGRqZlWjaTNaJIjQxBrc6xSFFCdbONLXMipyi1n0kgk1Ht0WSOTcVRe2EFKmV9tEw7hwypdEWq6amUEhETWbqSzjZODvVdyVJqTu7nVSp2Q4HkDAEqzmb1QUA2OWqfnlbDqu86S9jDOJTaRUSotGmKKLbt7GrJzMnusiLkRLWWSNsJU1JUIyQZkwkyKZRYIkqVlGNmyShVKeHalVA0Oyi1dq2NbWqk1jlImvVd7frINmXKlNK12tSkCEmyQ6EsdJBGrqW4hJ1SUFUajZJTGgdEjUycGbWTGacpc6rUWguFsFtSVYhIOafEWaWUqqLRaAYpSmZDWbt+GscI2mTC8zpL5zSllZmttaYopQQWBjSOY5RSJAUtFULCRkSSMiIys2CpZIhQXzqbrii7qU1NRZNSbbCpXVcQJp2epih1GoeEpIXDLaVMo0wiSkGyTZIWsltiMqfEU9TaMkPYytZKlFqrW460UuR0E2G3NmVLp4VLV2SiWBbOpq4IwI5aSgOhkG0sZ4awp9Z3fVdrSGO22lUaOCVRIigwFUkJZI0apWvkaCuljq5UsJVS6XoMnUIb80arVG10JMMwlBJCdoZqCRBhpYAsCtXMFmSaIC2yREknYyo0TY0SqpCOks0uJSJKgKPaKUCk7USRxknaGbWTAxPIBWNJfSnjyGq96hSz+by1VA1LnpoiFJ3tohhzkomodkIgC2WblBkoSxSVqbkUBM4JaKZztMRkRLGKknQSUUvfpqllK1EscJZSCCVJhjMdTNMkUUtp9jSNMYEopdrGrhGSMLJcIgi7IStJO7PNam+htGXsUEQtUbtsLXONkardDFNaqKEgsKc2oQQUBhlBzaYSwJRJJrUjSoRIAiIirHBmlOrG6FFFpZVGYNtNhMJOFLU5IWd9b2S7FLAARUA6M1uLKKVUbNvNLshSKEoU2y3dsjmpoYgClFLSWWuRSoRCmsbRQe3nuEGmROKCszFNY0Q/RdoClWK7ualJEQ0XCQKpCCmyjev1EEWd+lBxIwITzhGVGppaa410iyiCNqWiqKgU2SHT9zUzh2E96/pSC2mwJBGKUEuVolA0m84ZUpYSU8s+KjNP45QkCrexDVq1tVo2R7E8THZEyTap1EBM47oNU0lLWILIpKsh1aY1ovalqlpK1a6iKFJVCAxRgNIj4yCwLbBBFmEpW0pI4URmEaAk0wR2klKIokhyKLONcb3fhslBttbVDjSMg1srtZZQw20YwaV2EgmRYSGH7XEcO2pE6foAbJeoYbdpSlpVqaUO4zB6jFJqxNhymlpX6jBOqAmaHVGk6PtKsF6t27B2KS7Fzja12lWVsGVc7H7WU6uws05tyvXUbx57szd985/66Z8paDW1IoSwpokwEJIstZwsKSWwQZCpUiKkdLbMtJ0QpRQh43QmKpIUgceWQCm0lJ0Y1YiMKSwjIIUlKDVkUmGbTGxPTqEoETFOzZnRFWemMyqOEgi45847k+zqxiqOJqHEGRGOKEnz5GFspQ+bpGUmYCeW5EAokmRCyohSxASCUsqEpmFtqaogdV2FTSs25hvRlWEYmaYSNbOVUmSVGn3tFaQ9DqlwV0LEMI2trWrdaG0qpe+6PsdhcIsWoZhyKLVLmpO+m2VrjeaWQrXUKF0b1sgytetK1wGS01LRrHT7q4M+Zp27zMSZNJpUIEKpli2iFHucIKYqhUgkEpAL4QIoSckYYZk2OjOzRtpTNpONEE5LyM2hQhKyQ5EGEcjZSlRCSsZ0rWGUzq6WKBElnCkAaq0l5BZFCsKZWDHvPKZUDLUWYMypRgGCiBotp2FsXdRSwkzNJIkqZDYbQRhP2TKRMjOdSFBCKv1crVlkimhKp1Qj1DIys/Z911UIIiipxpQutkKZRKnJZGyHItrQYm4h56SADIfV0oq+7ySQJLKls/WlB5LWRZXK5CYDOBtW13c1SstmS0WestSSmXaO41BnXZQKMQ4DYj5bTG0a1utSa9/3WM5WStfJfde3bJ4ysmSmSmnZQtW4DUPSBtPVMk6t67tCjVCEpslTthKhloTa2CSaCRmrDQMhIXBLI8uVNrU2oY6hKWTo57PVcrUa1xGziFIzp9VyGseWOW5tH5eYnIJSQiq1r+vlEUSEoGWTbClqRO0DMbXWxqmbdaq9PbWWUtQoqxxLyDbOtGkO7CSzRaiU4sDNOGRaZolwIBiGdWSlBpIz0qbi5mFsbVyuVsv5fDHreqLDIwFZAiGlW06epjFq1FJrzBQNjMJKhZUlpMbkjIKasqEuQo5hWmFbpZQSta+hhimY6GuVmJoE4zCiKRS1RNTaprEqSq2znKdboLFNEiLc0kyZIPpOzpotx9awVU2o62trnrJZlCpZ6VYUESFwm9T3bUoiIsowjJKiqDWGcei6md2mMVGUUDdb2J7GwdJ8tmFapkFIzrYe11WCcDMlogQhQUTBTE5woFRWApxgZ4ScpQRgtza2LIGdgBR22tnMtGq1Ro1SSrQ00YzXw1SLQCql1vCU2VoWwpraAEUoilEEzc2uxSQTCufUSi0qRaG0a9flZGciUyMcCjCTUSgzs6RqUXpWq0wpZcz1ar3uyVpmEhLU0hEerOKgTG7D0EqZ+q66qe9LtpzGhgwKRTYmPJvVnNTaIJEoqqRo0+Tmvp9J0ZgiopkSSEo3K7JN43qNooQsQsXYrbVhLKUWacipEJYVhSRkp6JEKFSrCNyYcEwjWVSb7TSFiALG0Kh9CWkY16vlctZ3UFTCysktQmCrAJKLYnIDyQBTm4TSGVKpFSxUVJoTEUTKUcO208hYlrEx1CIwFqQVparILaWwm8CQTilqKbbHllWkgrQkMpKmaECtNVtT0jAOBbbISDdQyRgzgSKZLCLDkkBFAaYIR06OiBKBFNLUpmEcSyklYpomJXXWd8XLIasQbWoELW3hqWXtOpS2nI6QTaaddmsDqqEuIien0pkEUpSQQpmpyaUUyaCQk0yc4xS1KFTp0h69jhYRLaK0qZHpIlmKUCkIu+ESXbGdrQlUawFUXJ3OYlQrtkJd1yNUAptCS9EmbAXYmSkjIsKtZYQkQ4Qqwqa1hBa1jOkcR2yHStRQm8Yh0xKqFVklSlc9jWnNZz3GzYv5RktU6OsszbzO1Xcxq6V2tXgYs7o6qCUocmLcmkuEcYkOAQZlNggrwyGJTFBikG0I3EabbEqN09o5TTk5x2lqq+VqeXS0PDo8PDoc1uvDg4ODg8P99bIN09HRwXo5rob1elgfHuxP47ReDftHB6uj/S/5oi9+xIs9du/gXOmLLYrSLcB9CZBUHc1jYkARXZQ2TJJLCaQIGWwXpKJM3LKRwlLIGEC2nekopZac0EyhQGB1tZjmBHsac5qmUtX1fWZzUrquYVpiWmtOVEoxabshx7g87OeLd3vHd/6pn/6Z5Wo531i0aaqlCic2LlESBxicxlaJJLGVSk+qUaOgzBYqcsPplhNRkIokhciWjlIzW2aGAiuFphaSLII2uXTqW1gFwI4I22lbSFJESNnsTIVIhMLOyRPuOoDzF8+14bD2G5ljJ6Ws4iBqqQ2yluZWBQJUopNzcpMMpK0I2Y1s6aKcWmvNtaulMLVhnIZZ16sUZ7qUUsuWNxpSTl2tCek2TZNUjNMtQiG1NkWJUFg5TU1MtZtj1dpJhWyl9PaAVIKpqU2DcGJErXUiM+mKWqZCXd9hWjrTBoyQ5JCi1NKVqAHZWnOmMXI67JZpQRQoNYzJFHbDYVB6ZOi6bjafTVNLMt0yUyERfekITUPLbOmUSgnSyIAxiGoShRSEMKWkiuUoKrVO60wQLhFRq/D6aNXVTgKoEY6qTKDWkmCTU2ueaqmRgKXIaXK1AcgkFCGhWK0H02rti2QYx1ERJcqE3ZzZSokStYRbphCQ0xSl1CJFjcx0KxEqRfJ81hlP63Fqrj0YrCAUAZKKSCtqVwLcctb1bpmthRjbVFVrLUXOvspWOvE0JqhlI203m1CEmFpOU4tAgEm7KprtNFKNMgW23UxosbmJlTQBiJCzTa21TE9TrX0UnFE6lBpWI9ikCkVBWiizrdcj8uZiQdE0TuM4Bupnc9ymMVN2m0K1ZTPqut7TpCJBy2myp9W4uTFPt0pECSdpl6h96SaP62GpqIvF1ji2UlMhNyoByWI+H9YxTmONil26bhiH6GqbpsQthxodTSq5Od+spY5twNRaxnEY26Qhaher1eg2zfp5ViKUksdWikqUdLZGlOgisrlNk0ol0w3cUDS7SoRq6ewsAhXTMptaAdLT1KaudrXvW+bkSUSUgEmKKKH0ug0haqm2Y5rUhZsUdsqT0m2yaxTcxmYVqWWixNPYcBI5iz7b0PqOIDIatHFE1K5m89SmWhSQ4GnMREEYQkoNwyirdiVqsZTTZEi7TTIGSik40xmu2ZrTtRQXTeupYTKz6/taSlfDKhFuiWxnLRGlCtKUUmpIXWlNhEBtapkpKbNFFKlM4zLUd6UoHNnSlCqVMMpswkAU2UQWcGYj7XAo0omK7cAIcNRaPZSuAk7bKdTVKkWqKSJNtiZSihoBDWRZmTkBiq6oZURESBGZdrNbRleHcc2oxBGhKIJsiacBFUlRsk0qUaJg7EQG5PRkoQYVZ3PkqOjGtm7jmKmWQpMiCkFmijHdWuu6CKnWmm2aWg6rdZ8dxDgOELVE1hKhcLQkPYFsSaolnJqSJGe1NDUmCFVhwumUC9BcSpVkEUjBNE52tRizDcvWdQEanYUmNE52GxXRdX2pkc7mFqUUCwfFBaWcmVHCzZlpp9pI6RSBQlFrLa3l2JqyTRA4MwETmSOpCKnIKalY2aap6zqc2C0zbVljprPJVimESghqZk5tonm+uSi1TuthmCawiFrCCaUUlOmxjVFKgWarxqz2raWT1iaZqGGPDTFNRiXCAVJVzTSoiCkzgOIoEQYYGy4VhEmyEllDU0aEIdMS2FEiJ2fmmE2gEjW6iamglLpOEm3KbJOlKCXT2bJEirBbIFvTNKRtg4mQUJIOF2TCCuc0jnQ9bWxS9KW2bEiS1LKNU5SIEpltQpK6bjZNjZQ6qZYYp1DXsmXL2pUSNdITCJtEcjpbayIDEnCb6HtNZChKjRRClmrkaIuklC5qy0lCFpItKIpUFCAUmWPibEmoL122No5TRAnRxtEI4cwmR5aIkJ3TCKzXR10ptdbFYrP0m01Wc6r0BSSbSCieJqKbCp3FlG1ajlO2aRo8teXy4L77zru19TCsVqv9/YOz9921f3g05XR0uD7Y31+ulqujw0v7+weX9hpej9OFs+cPDvdLaO/gELwex2E95tRymqZsLgRdayMGCIVtAxgE5nm813u+zyMe85IUYXW1DMPaQRfFJjNTWSUiutIBgWS5Rk45tbFEiRLObC0nCajS6FTLOqsoxrElLhG1ztMp26bUKqIWZTSa7cSKCIfcWt/19iQTikbLdEgUlGJyo7VWpea07WwtFWS8xuu8eoQOjw63d7amabKbUZIlSkRkmwCpVGycmSohiCimtbFFcbhAM6jKSaKChJCdzSHLgSKEpQhhpSfJzgg7A6XoEjInQKhGmJJOgRSGbC2zRYQkidYopavIcqCAg/2D/b1L/TVb4WhWSKBCsYRcSpVBUaQEMAgFaZUgs3kqpUYoIgoamXBzRrOilFk/t11qSbNeLWvtokaOo6ilUkp4zEzbiZzNbWxZwjBOYyk1AilmG5tFnhpWSq01RaRKIGW6lJLZCqGCs7mrNUUnOVpOgbCQa431sG4tSyBh08ZUZo0662ZtmoSIIAFwGmxLtDEVlBIAFlFNBrSMcIJtZdpu4KIgZEPQldKiZbZQKEJCqrIUbi0xFrbb1CJKinAayemmrK4ioVCo5NQUpNO2AgAVJ4FUcVPpGMecbExRUIDikJTjRK0B5NRUVUshVCOyKRQEziYriGlqdiYqRbWGRRtThkDEmC1yiihRGiCVUoKkjUk0FamoojDCxiXCRIQCN+F0NhNBjqV2gxtp1YpJGzw1y9hyuChQTNOIKbWkAzWhyS0ghJtLV51TdKVIE55aEw6BqTVcaxjkdObYQP181tJjm6rCtZfInIq6KJGmuU3DVGuU2rU2ZWZXe4oLxcNAm1proVJUtuabWRiGobWpdLUQzQkguggilh67nLlGkkXEbN7c5CilZLODdCshopQuGWIYxqPlWlJapZRM1+LabXRd6RHj1OilEYWQ3HLSWKL0XZ9uzZZJe2iTGwrW66mlpeISVpZSnHKA6UqHaDHZMoTIbIBtoTFbDYqCSBwRKIporbnUWkoZxjE0pCgiSqjIo0uptZZSwq1lti7UaM40racjVEJO2jhlutaqNk0to5V0c3NERA1kRYgsql1fxnHK5lI7OTOT9JTJ5FLlULaWdkihSFqJWiOkIKepZWutltqYEuOWrUWpigBLZMvS1TaNrTWVrkaxW3MNW8JumVlqBEFIFrVUYQMiZAcKmpuaiIgYxiGnqeu7Md1FFx2QMulMJ6KoSJKJUrsStZRVjoBAhCxsmVJm0gAImq2cmrNGTRtbQYBFG227dlWSVGa1ay3XbZ1NKpYoEaUUG+xsmTiKE0UUZ8pOiWyFEiUmjFks5sMwtmxIiGxZIizLAmMTQctM16rMFqbWmpKCdAahNJCJIkCeWoPMnOQuWpoWZXt7E3m1XFcFleZGRh+h6FUIRy1OCjihOUNltliEorl5yoSQEAIkgw3ElGOKiK7REoEaVgBV0Iczw5JUSxWZKLK1hBClVrccZRMKlZQUAtK23LBbm1AoSheQzpBKrZkZaBqHni4FOGoRcmtBmfUzRWRiKF1HiwinRBhRokg1SNukA6LWrutWwwokKUkL0s1Uk6RUbdyylKpQm6ai4o5s6Rxam2QTSJrSckZURBiHnEjh1nKKUiRKyCoJsogScpQSLW0h7JYUImpmNhwh0srioGUCzha2angsRQQYRxFSTpnKcFVRNlpmRN2YFcvhokphljlZCoWEJZUSEVgWuLU2SdFaEyG1CAkZKVxrNW7NIHVRyGxDEl0vK0qPUutxtHG22lUs0xS9FHYGADIlInGYiqao0zRGqHY1QkjOFoq0aRKkEwoKu6HicUJej6MEaQduSUKo1hqo1N7OMRt2KBxICjlxc2rItKNTkZjccuzKzKRq6aIoJJxpZyZQHFZUZVIKNs2TM9fTFEV1vvjd3/iVL/nKr9jePhnh1dCODnbP7x14nMbWDtZ769V6GsfxcFiuh2nKTNsTClC2CfNAAkeQyfMhMC9ERjJiQkhSSFbpO2NwV2pRjYKhK/3e/u569A033hRRBNO4RAu7iYIUYmpym1RKRKRTyDgzEaWW1qZhGLtaG7ZdFEUBjhCqRXXMthqOglrmfYAzUyql2s0JTk9umWFaEjULigjsYZ1jtL6LEM2Zqare5NDGUMz6MmVOOcl0fZ3S6enE6esf9YiHPf6JT8lMxGRKUVWdpmzTiEiB7Yg2NZmoCmThRihaWgURRbKUZCnCRpBOo+ZSCtguIbdsYRkKIuSU7UyaG3ZrU2SNqimTTMtSmKQZC4WRULZEKuGWkq3SqZTdvf1LFy6evuZmlZhypPRdUSJltilLZ5nMNirkRFKUgIScGm1Ku9SuRs1sodpLkxqiJUWllBjGcRzaar1s46itElG7bq5wa41MQZQoIUUXyBJBTEYhAYpSItwmxjb0XW3NgQwtMwBkKFHSRMgOLEvOxA1LUqbTWatCFQlNmRJSgBv2armU5XCEVAt2JgoHxW6Z2dVq0zLBFTWELVxrMRqmYVoPioiQpEyRbZjGMYptrChgWiYRInE4CckRykxlkkoaFopS7GzDhCQpVKdpaDkpQkGKcUxEarLCshrqhLFbiRLdrKVLjehqWw+tuRbXkNWlp7TBkakSBdsNlIkigAhyilIdCjts7HSqdpV0DdlubYzoTTajiFo0TW3dchZ91/WrcZUep6ZSCsaGNEUhT7YAWooiuq5muka0UgRkZjbbIbraG2wpoiuqtWtTw0her8eI0teaxpmKQmqiZUtAxVIQU5sonZtxJpKIUkJStsnZSt/PyiyCNuU4Za2KoJm+FIrAntIiMzOzq2wsNsZhfbhczmZzlYITVGvputoyp5yskILQ2FqQpfRJltaKw6Xriob1VIKkTWMjhCNDtLGIru/6ee90y1ajgtKuGWqNlitSfd/ZoDJNU6kdmQikdGaq1mhjG6dmZ5FAbWoRSFKaUuazWes8jeuJsZaOdESMU5OIUNfPx2mMIEqdUTMbEaRBzRFupVS1ZmUKAaivtUiJZJdSSsiZbWqlqLpO2TxmN++ndTYouKt1f+9gPax3trbNJLoaMbUpM7taEsukbbu1tMfZrCeh2dmmqXV9N7asXd/VkmSSIaKrSpqNRMs2ZekiKLVGX/uUchpL4Ojn85YOiWzpdLeYuTXkKCXQlOM0jl1XqeEGES5NuKVrLVgUsFqbIkqVxmwW6axRgXRmtohCUkuk2zROafU1LAWekloDPOWEbdymISdKKcJpt5yQa6nTtA5cFFZErgaylhIRzkSutSNba6kiSU6ap1I0jNM0jUKlLyFJJp3J5CQzotSuIqb1UEtVaEpDODNL88SUU7O8ElgRYDenp4gSYISwm61Si6A1RylAc4bqNDZolseWgBRpq6hGjOtRQacgs6g4KCFJIdEmI8sFZdByLJZDEkQmWiwWCskRQa21j36axmlqKKwgk3BVaSYzjfpaU7hJAaGANmV61ZXOFLshbGNJSjJKdK6YiHBEYSDHDAllaxEyZGsqcqoxhRUKRykRU7bl4aGkCErXj61FyIpAkjLsbKUWHJOnwEonJi3HsFzJZI6KvjWT2QJF1NBqtXR6UoaKgohiUS1KKAtYNSLVcnJDihIqtY7DlJ5qlKwuDstkIpGelArJONOKrnZptzaphAIyLBUwkl1KVUzjNGI1W43ApZBGQl31NCUhAPrZZuKCEoXc0h5T89rWY7ORUxNNpXZhC1uWiap0tpxA0SCMaBg7IgLGiVq7EmUcVpkJWaNEVCDtTDXCnjKzlk4m05mKUFHNlqA2NUQAUdzSEVNmyUxjgwCGaTCO0LDOWd9HicDOlJ24tURSGxKbUuRSakjpFgph9yUiAKetZlSkrBYR8uScRjdaEDYRUaB5GgaIyGyl1jIxDZNqr1I6upyaSpFSKpJsShFSkKnOdjaXiMSyZSJKU6hU4Gd/6Rd/8Zd+gxdKwpKMARuaFF0plkNdLYpSWkpyUUEuJWyXUjJTKiHa1FSKSkRYKoJsiZuJEppaItWoyEg5jTaWsymqcsoowu5KHZyGTIWbQ0i16waplhqlW0/j2KbadbWUJDNTJcKRzja1qFXZEkcU9cV2XzvbmTm1aRzHWkrf9etx3N/by5y2trZWq1VEiVAoUFBLGyYyqVEU07QyEdHLXq3XrbWu1iJPBpV5jUw700xtHLMEihBYYKkq2jge9t3267ze6z7+SU8dp7Er3Tiso3TOzMwki6JEaYmcEeG0kEphakroamltmiacpVYkZJKIcBok2UnaASZtMI0MFTAtojibVcjJUaKqQ6FwTraJANuWMxUSwqTsdNSYJmdkJ0ki1KbptjvvfvijX2o9TrXWIk0jaMg2taZSlel0C1lFkhRuluSakeqqEKRTYsyxlCiqbZpQltqN01SiqDBbbMQiM3MaWukREaW2bNM0eWojKlVIKsg0pDDNGQnp5nFqpVQnwqOza+pqsUlPAav12EWJ2snGzszWRhGl73EkU8tGQ6FSSlBCsixFw6SikoHTLQk7AmjFNbH6jikz02lC2BMiSTNbzIRW61WJ4giyZamZLQjj0vV2Kh21l8DOxNnSFoQA3JpMiUIIHJRsLd2ilBwnSVMzuaYoVG2HpKJaC2Zat6Ch4lAUtTaGAiTc2qDoGBKylqiljNlwsymiNY8MHX0okNqUrQ1QFcz7Tp1as8l0gqIUwrKnzGxtyIap1QqRyE6pZVNEa2kPUaOUMo4TSXTVq5UjpmmYWqNRuqJAzetxNetnERpz7LpeoWkapaIi0uM0RRQbyRHVyE5JVghyGl2qwU4yyOYIsKSiMFlcRiZNlgTFLWtfi8rUJlCpBZPZTBBkG3MMSqlEzKI5nY5anFObJmoACinKYr5RozQ3RE5t3RxSLXUx2yDUWqtdbVOzBU0RtpBbG+0yTVOLqae3HTCb9YerpWqvqk69rEbL9Gp52DLns3kFT9NQSiUyKcrEVpSWzaYTVmnj2Owa89JRpUywIyI1OVW6UktMmVK0No7T1NWOYieSJKKU1qb00JVoLds4hhSlZpsMXS12ZqZLDtOIczYPheycpjYZodqVqjJ5GtcTkaYGLlEnGs3drIbIlmnPN+alq6WUEl1ICRFqGYqqaVznILt0XS3RYJomWaGIoohSa7Eaxjib2zhaLEpMyNmwm5pUnVYBq+EgS5ERQahrbQJaa0KhcFE12VrSIkpEkSJQBtO09pDZlyiaWna14jSUKBGRdmZKLiq1dMM0TMNQFHXWK+TWnEQpYTJEOk2IzGZnS4NsLNUSlpuzOCOKpEyFaCbJnCY3OlXbOSWBYJzGGhGhtAhlphQtXYtKCTuwbZCQHalkyHFe6uZiPrY2rgcXirqIlJSOEkUqdk45TeNUuyqs1OQJwjYiM6Vw4myqBWHnNDmEItwmBXaIKERTQ81OMqPWqDG11kxfiroZw3q5GrpaIiqksSyKiwNlZpM6sKid1ES21vclItbjkEkpSKUWNaBEiUhjWpukEKIGzXYjAqC1KZtquLXWWouIWqrdpmmyQkIqESaQoqpvLUknnlrWqlBR3wkaTakSARQpMQBSlAhLRIlQuOXURhQ1yFQplBo1ujZ5GsdxnLp5SdLGUGqVQmpNIaczW9rYuJa+tZFUCYXK5KzptMkksyhkEgemdElGES2aU0nKblaEhOVsLlWhmjlJSEBmc8gpZTO2uhJRDK1NCDnsDEUEiVs6CBWiaJxUZSOgICkm2+HVauVQIA1EqACudpMCW0Yl7ESk7QYIGUVmMlEDRZfYiirAZkK161yiSNHamKhIqOWUNs6k2inJtZaGpzR2BH1fp9aypWolJ2cqnSmVjAhJU2uhkJhaoja1SYHQ0LIW+ugz19gKeXStqrPeLafMWsJmallKOC0EhDSN0+hWo5YqQKW4tZBkCCSiRmYNMU2Tra5Uh3PAsghHYBzkNEkEKAJX3JyutQ7j2hGKCDszSykRMQ6DW6J64023gI4d29pYbK7HQSZKzWxTazVKLSUDWSZlkNo4RimEBC1NJqjlVEOykhZUo1JMo+GKpzZNUwuy0o1jC5lwJnKiNjUphdwKDpzOlmAswk4Jsk3D5JGpdLX2ndOE1+vBYBtMYRobMiiUto0cCnA4R5cqkQ5knGlFhKY2hZnalE47U6XJiji2vdM8ogLZzypoGlvLSVOM0zitlrWfdV0/NczUZTe1aVytR09i0fezcRpzGPuuL32XRtZ8sTGO4zRNocC0zHFsyONqmPXxmq/2mt/4jd+6PFpubfdRS7bR2CSJnWNOIVKykZQtMxNkMauFqvV6ylRmgiSp4HRIKsUwDWssao1M44BMqYZbS6VMiYKdNJna1eakYScREcXNGKIEzrRCYYgyjqNUimR143pdIsZ1u/Puu1MtRFVpOaWRXUpFskRRdacQEW6tjSkhwk7JJiRETumikplBUURY2ZxtmszMtdZO2RTZWjo95dTPO9LrYVQ247S6blYc6Qw0tSmzRRaLgDDZplk/T5e2Xg8tazaKSilEzJEkT23KVNE0TKXWrhRnprMESgVhyZkpNzeEHFZaOUmVQo02TchCNWrapRRbJg1RwlOmqLWo2OlA69WKpJuVbNlwgUmyURRng0KAUlYjTSbCjipQo8kqXQmVaUqYbDsoEaStADLbFFETieZUKowNQNgkdkQkwkW4hBqtlJLjlKWEFCFFeD2UbtayIalGNJqZ2lhLCUldjz2NmYlClp2KCNLGwzSNjKBaa5eR0zSM666fh2yr2LXrM8ecRnXFTabUKLadns07bLdSK6kcx9FrRyCYxjGKigKaWwicWaK0TDvlcDFNUzZIiQBByOtsMQ61qynXCGzjUoqNwiALGpRU6Ty5NUOjys1VKrW3vR4a0fq+1tIl6WySslmm6yvSNMQ4TVUhYpoaVqNN66HO5qWo4FI9tXQwtpbrZloXNY2zKSKi1KJpbBE1pL7rhnEqXZG8blNxq6W2TI2KEtM4jC1rVe37XK9btmrhsRVFBtGaSp1ylEpILVuq9l0plHUbnCOhTFkO0qhEsahdR0tna+Q0tVBINIwcpna1lG41juO0YjFvtp1FpSqNJNu2gKA5c0SSohS1CWU2KBKuqXTL6CIUklEpIVzAzjZZw7gGb2xszPrZNI6pNjWXUkuUiVVrQWQxRAlFKQW3YZiStijzLLVX4ki5eSz0wlHDpmXmaIsyq3UgohDOFpPHbEShRMW2MxVFklRLSeycpFJLHaf1NHk2Kyq0li3TtptKVxJ7mlpDUgmFSiOnlrYlhJy0NtomnRXsHKdxnIwjikSJsKVio8AphQgJ42yTm4wIFbmBM0EqhhxbI2utU2amhQK7ZbNJG4wjhSRTQ1NmjZJJSOmUpK4wRmPs68zyaliJCEUbM8oEmloLhQSkpFqqUMsJ1DILsgBJqpXJVki1Ou3MqJEtkXBINjJZCi4wiZRElEDVOWRrEUWhnEaJWhQKSrOKQBgJE4EzcKYxVqhAluhKN2WbpiGndFdrdFZkugtFFE+t2K4RKmCjEhpzmKaMrooS1RKJVaQIZxtaM66yFDkOo6ilRHFrkxGlFIBSIiC7UinKAa/XzXSlNFsydi2hopZZjQFhe5qmbtZZYTLRNKznfRchEbXIDmeoCMAYiFKy1dIlNmgiSik15GiJDTQsCcCAPblFiITQNIxCRZHNDleVZitkIZzNztayFGRFKAwQignTcAStubWspeBEJpVYlNohao5jc1OQqTaNTpw4E7AnGs5RDodqlNp1bcppHE1GuPalizK2ljJtwgnhNjmJoqIwCUGYCIEBUMQ4jIhSuiKlJCdRmJKqQplIRZSQJBsrlHZrWS2K7ImWyZRt5pqhQqjMC2FZIawgGlNfe6klKFSkMZucmdEyW1JErV1ro2VnJlaaErjJJltzpqPrujblMLUSSGqZY2sRJaJUFcutjc6kRCGQa9c72zRNEVFKJKRbgCIgXWu2xCFkZ8vJzuIspYSqM41tg2tX1qMp1XhnZxs8ZlMpTEiRCbiWcHrKKVIpkdnSyGl5arUWhZxNRGYTmsbsSnTRNadzyiShKAKVqPS1L8UFjw0IREAGcrHGaCIsh9VwlOJsYIXcaLSKuirAbuMUUZVDDMM605lZFLa6Wmhp04wINElAdFGiTmnSGIyFhALGNilqRKGhKF0ppEspFsVda9n1VYrWmu0gQLWGFht9VyJKqB/bkOlxmmYbs526vRqGaVyLWMw3WuQ0jiVC0c3milqCiICCFJ5GJGqfcPODrwemKds0GhQoo0ZQ3LJFKmUMbjhcbAjC2Yb1JAgkGWQAK2PK5iglJ1uouEjO1loaFexkMgicCWGwIixnImQ5VGyyJdhIeDIlwGlkCIUiRWSaTiViFHfecZcbzpymMUohm0qUUkoRcjNJqjlcnAmSadkQgWQyMwiyEeHEYZwRkpAjSDvbuK41QuHO4HFsTTkvXQ1KN1doGtejx4FVpheLRRd9ZkNgEqZpKqUO41SjBOHwlBlWTllKkZSZLR0CVGpRidLVaRztpoyoJaRxypzGUnswMOZYSqiGM11ckKOkG1lqEUQjsYRbywyQyRiHsUSoxDgMY2ullHFskmqpKSqJQDglWiZJQzVtmqJiBSZJZRBu6czRpEptrRWiOXNKSUHUCAsQpJx2FIkAwEjCTNnq1Io0RhumZqsrRZ3cEpga0zhMbZyVLqRkckYmIimltUQqpVCjjza2SQ2F5GjTFBGtpQyKkBT0UbPUNk3CEhFCKsbUrgSFlO3W2jSObT5f5DSNw5S0eT8vtbbMUmtRtubWWkPhDISsWqtIMgSlAJFQw83Nza2lJWGVeReKGtJkjdlKSJKM5UxaG0SkkxalhGKKcEs0tXSGlE0qQo7AaWQlliSForVhHLKbzWstmZmCbEIKxinBtUgRq+UqFBI4yZzaBCqRESWh1oJojam11lrXddHVHMZpbN28n40qpRfjuFqbimxFVzGuJerWFnYNoHZRok1ttLuqCMY2dn0XVpQgcWRHTFMrqLVxytZ1fRXODClwk4Gu621nphRuRrajRJAtulLBSaGUgqJMLQush3HIdSld6ZSqs35mZKtNY8up1NpFRRrb2KaMiBJFRWBJ49SytajFaexSi2GaJgiscT2q1mpnpixFlOjVlzZOYxumVorszBqlqSnlKBEcHBwcHR6eOXOtJdu1qySpLIowUWu25ibCYRF2a1a40dx6iFqm1iIiWjqZGMGYWhTItkqRYhomIvqutmzTlCVwJipWyylLFCqe5GLLaUqEFYLWMlsDWmvZUoQBaGPWGpSOHCMikDOnli3d9Z2cTmejZQqcBlKYSHA6VBQWuKKGSCNntlCncCjdWmuyIBJluhZyaLaLoqvRzDBMSOmMEi7y5BJKM9pVwgoJgciWSlNCCDkUaUsOZGOMwqLUCsYWWA4HWGnJVipk08bBpqt9iSDC6WzCOQ1LR3TdzE6FUKAmguJ01tJlSwGSc7LIqeHSzTqkCGXzNA6l79zG5gxJuKUDlaImIyEJatdLlnCmEOkMlZSJUqqNuhpjK7UDSk23KFENJQgxjm5tjCw5NQyQptQQssdMYzAtp9bSUa0MFVvTNI1TK0U1utV6wKq11G7WsCAx0NImMVGLSzCljWrJqbVpqqVzpAKaS6RxiFTIUARZIuwUicJCBSQHjCawbSMVCs4cJ0dX7GYs1TTGkogows3DOBZQFLvJIiCVnkQKtZaSIKIqaqgUYLKtzCklSiml68LhisZcrlaz+axSVsNYpK7rpnEAEShpsqGlW5v6rk8rHEQymnDU0s9o44hySrdxUKlFiqBNTUVKkFUiEzuldERkKFSkzMA55oRo2VrmrCiKptaiyhPGtdO0st2iVIVlGhh33cxurU2BKLSk1JLpYRxrqdEVQrYIGaVTUuDEJej6rkYZW3OaAoFxoKYwjFMmqea+71W7KRt2RDhTKEohmwnZUapxc4aiK6XB1FqJqshxGNLq+mLT0krsppTTENFymrKNo6PIajgUIWGanWRRRB8ioqUFMIyTATeFSEqIINMWEgKhzESU2nXRbMKSKjRHKRlU4wwEJiUrnZmOaCqV1oQojdFZVKPru5K0aaClk3Q6Qq2NpXSI1tKE5GkaJZUottPOyDQtXcMNOV1DpZaWwzS16CNKRImcWipqBM7MKRtdrQo121BrMRKuUbsuBIoilday5YgJ1aG1ZkOEpCCIVRtbti6UQZQuMwnN60z2WuM4DTngnB7zmJc6cezYxUuXnClFs7oiIrKlaEnDCsmlOltRiVBLRcUtE6sQlEaWCLBNKVGgpdPNKByTM2kgWRYpOsXU0jaZIlTItLOlJGMZC9tOopgoAidRjJWmhIqVNSIzFaXY7O9dRIFKRJFp6dJ3hEhLEiGSEs2OCBHJ1IaxlkoUlAGEQ9GmqTk7dy6IyMzoupymUkqmszkKmVbRfNEZt+Zaa4KzDeMkMkKllMRuDbVZXZgcxql5DCspwzSqhBogCiKQrXQqp7H0fSk1w6SxQCCKoiinhETCAmPSjiRCQZECJ7IMIm2nwZIsQgphCuHmHMeRJuwope+6dNppRRghK0QitwxoOICwXRWWMSIcFLlNpo3TpIh5DZXEnqYUqESmIwIZsIUKzmypFJAQitRIpoVFtgS6oihFzslOUQqZGVmhNUdYtRYHmVaJxLazZY3IBEDITre0lY6uekoybU/TVFRCEaVIAlpLglKiRnU2WoQYG4milNaaIfpasjbhTEldLaF5y5VITznl1M1mEsU2cioiGuSU6eyiRo1oOhoGnFW160vXdZlOUwhEaxmlpBMbS0TpIlwAk05KreNqTeZ8MR8zp9Y8JmrTxNF63dcyW8yKhJFi3bw83NuCrtaQSomWmS1L123WKjS1aRjWMs1TiUAl5RolOmVKNKfHMYMCdjZFCIsotUy02jpHyWmCpDXVbhynkEotSG1oEWGyOqdQpCNzDBVhqRa1HFs6KS2axhwDaok0abep9V3i4pBVMp1TU0JQZr2X68xW66y5RVVmKqW0IrJNVeGoJWJcLl1q1FJcIIokZFt4aiOOWvqQDG6ZaXA6i2qQdthu2ZxZ1TUsspYqeRhTkRKl1qAkboZao6iWbmpjy1YI4xS1q7XU1tqUU8VQbCmKpUBjymknoXA2t5gyJaXNNJVQlKIQkJ4iSkSPXCAlVZGJiSgmM23ZjRKSVEqZnBLZWim11mitmXQGonlSBuEu+lQKO7FUiqZsiFJqqbW1qWVGFNlrr8OzIpKIzEmSMqrm6iJKS0/TMHkKwkrsAImakuQqObGaAYdCJeQWijDpdJvs6EoFG4lEsp0GEzIRlZCUzuhq3/UhLYepOVFUq02TsBWBujIbcuVChDBpt+akYTIkLGRbrRCWnU5LRUqlXYxsSWFjU1RnfW3TBBEq9oQotWaUZILMnFIl2ihCstMgG0opeHJ6ymEY7CxSiZrObA0ryNbSrUUUVY2tQUplGKdQKQp1gCQZBCQtG1YtJWVMaxkQRZMkCSeqETjTSiUpRWga2ziNpdZ+NosiCBTCUkShltqmmNqIsbPZUVTRamqyu25W1R2tj7JNqMuRvi9SFgoQzkwjOyUcVWqkjSJKtGwSaiIg1dJIpiHRnBBqtgjRTMkokRNTNlrLVK0FBaJQxrFZYduWjUsDOaekdpJwBthWZKYgCraE04lAclrNRBZqSH3pViAQpdSa2WxjTdncskHf97XWnNo0pbquJBFlHCehWks4pnFIT7WrNjmt1fcyISa1mkQE3czppGEJK8LNxs6U1NISChlKVKS0odhuOaWzFAWllOLJLSSTbkUzipyTHaWWNGpTy+z6irEtUJQ2tlqUjVRGiVqgKUUQOAmYWiq6UjJzmtIqtXONCikcgZoj1LJNdsgKZUMkUmaCkBQ407IE2cbWIqKUIjy1JpFyRPS1H9o4jqOsUO1K2MJAoZQ2TVYWVXA2t2mIqEAqlU6MCk5FCTtqBchmOYgkAzUnmEQYR8ssspCytOIgCBtnm5wO0bJJpZkim0aDwCBqmVXMtF5LTiJs5NYmK0Ihk9nGZnBKRbUxrceVnVNmVLKlnc4WUbAtUAi3Nk5TWioRyLRWLFvZmiyFIqoAGQWAmaaGAnJyVlUyJRlhg9JZXNI5DeuQFMjuuz6qVkfrWmLWz5JcrlZu7mY9coIzyWyCIahtmtrYhq50KIraiWOnHvXYR/zxH/15183GNjpbc0Sz0860FArLskCJSUkGKZy41BqpbAbUbEVmEpRSlDQUyDaE5SiV1kIqXRmzyRaKStqyLSJJnEnIColqqUbYnkYXXEppNGO3SFqbVAq1CHywvx/Q1Y5GdBFpSZmM41RqkTHIicNu4FCkPY5DySwliEJrRE0m24PHXh2RESGTClsWloqIEonbNKXU952yd7plWywWoQBb5JjjNCpUShOyHK4KulIbBrp+Lmfakp0is7VxtV6l3ZMRJe1xWrdMUlSyuTE5JVWQsmCURKElUpCtYQQqJk0xKdItQqiEE0hDLZHIzigFRaYBK2pARBsnZENEhzIbIZlEKlGR3eRANrZKIbMoQMN6LMUm+r4PZDy00bRQhWw47IhQiUBATolBitpnNqmrURQVZ7qlLdkq4aaIOisTIlvtZ6XENKWgGErQbJFtykxBmlJKV+s0TU4rrdYsKaSMBGNjmhCZhCSRNogCqNSIRpQgchpdS69iMw1DCze6PuUSkuo0TQ5CRXIakymkkuPQ7K4r6czmGjHrajpltZz2zl0Y08dPHJ/PNqacFAGRU4tQiKCLEm2aogTp5qypKArUnBVWU7Yc+65za1EUNTAoFLTWcCuqbZpKyBKSHWjKaVKJZlqb5Oz6GdlaZtqlKK1ApcQ0TqUUsGBqYLq+hEJSV0trbq3J2SQMUZpbZkspGxFqmeMwlloqYBtnV2cIj2OzsYlA0HKdK0UkQE7jRCl9X0t0yIWQW2aYcLRpPVEVRUODbHbimMYh013XlRIlg0BWs6PWlp7VXqRBinSLWloqcO1LQma2aVKjdorSTy0JjWOCa621lJaQlHBEwayHsbVWa+26Ps3kKTIKQoTlnNo0StRSFCXTdqZda81lqo+gLDYWi8WioOU09BHTNPWzOZkUtTRuKEopntJkcUE1cNZSJCokJotqOjOzlKhRW2RMLdNRqkk3pY1zapl2laQohXGYIkCQ4bSkKSelHQWcJAa7lNp1NdMSainSVoma9jSu005HFAxdqRYoa5RUhlVqtYu66oFSypQtpzHJrnYREc2NBGVrBltZjCNUJ5ozE5xTSuFo0Urp0i2bM21NThTkxBSjQFVeZ1RZqSIywE6nU6EafTrdUhKmqDiwEyuFEGFF5NgsSSKFpDAC7EQmp5aVkkoZW21qOSL1XTcVjVMK2w6oUadsThsyM0otchqgdLVEHK7XhMNd4EZIdLO5YERAJm2cpKB4HKdZR9Qa6lprU5tqjaYoNYojjUrUiZaTZKJkm0hnNiEwti2p2CabSnSlKxEORYlIWmJaKSoRCGMAKYIoEeka1UHtu4ioXZfpyEZ0pMjWKBChVMhBiGyk0i1DtZQyjVkiptaE3FJIJmWFgmyWhQCMQ5E0mnFrpc6ojdHdbDa1SZYx9miI6GotRdPUbNOMgKgRKGTMpFICZ8tEQRq3hBBQVSM8TJPH9Jxp8pATgFu6ZXoamyJam9owKFRK1K6PEuM41ChAZtpkQ7RsUYprrS2bVENk6WluJFBSLoCRSlG4E4GMiRJtSpCAllZIESadQUEyLZuhFdVSwgDUUtPObFIJK7GtbFlU0plAMLapqEQpnhpESBJVaka2LYPTyQSiGEWEjKZmk7VDFoFcFChFyGlnG8cxovRdb9kOYcgxs6gkTK0BAgtEhJ0NUlHIBHtqU6adjVTSKRRkS0lgkVFmEqUGOEURkhoOwkoAhEPZHFW4tdZaU+BwEKrymCEBiZBNgErE2FaiRgiiuWGKSqmlNdku4GxGNuGgKqICdsMYpOQy26UWkUNOxTmNIWfUEgUmrYYhkqISFEFmo2E3KYIsMLSWzlo6o6IytTHbpOhyGsfM2XxeaoF0MrUpIiKxWshRCqE0LSfSimjOsNLZsmXSyKoaJaTAXbZ0WqFSOxSe3JVuUjPRlWittXRmShrbyGhFZJtKP8dxeLC/sdM99rGP+eM/+vOUS4Sn5myutcxqDg4SFCFnqhRsC4Gg2VYJhyGkNk2gomzZDHaRIoRLOCGyqtqOCJBMpxiVzZOzYkUJFM6U1XeEYmqZ2aRoOSVEkE5llCgt0zjTkpxEN4ODs+fPS5rPF+vV0lbtVErQ3NUgwp7amCaLlFFkApUo09QKVoRgSsTkVIkiO4NqpwETpFvYY4piSQGTHFY47Da1CamvdUrnlIRLFONCdWuJQlG7KKVkOj3WmElAKXjy1NqIlVItFZNpKQXjOEUEzmk0sppattam6LLUQJQa4MxUJFiUGjVJXG2XEBSVMOnmZocshVEUZSqFs7U2hYTUmsK2LZzpKC4KlS7dJMJhN1t200SzFUghqZv12dKZma6zUDpRKYEByWmriAhGuyTNCZQIQxRB1qjGNE9tRSluabeiIjslJaV2OYyJJDudtoVVmIYps4RUa6U0TzlOTYQkSAk8JaVTV2trrbVUhCCktKMgZAtnhJQ0nKNRNghH5liZiC6oXWm2WpvIjCpZEaXW6paT6QtpFYhAqAahks6cxilKlFJUPEw5jePYJjdSLbNNrUalYCktO9Ojp4yoJArUGJOu66dxmtarvp/1s24YsTTbmNVpQpHI41CiGmrXz+abKMexSQnR1ZLWsB6b05kRERRkdbVMzenMzDRRpzaWrosS09QweFQEyZRDlJotW2a1FKUSLadO0UyJACKi5ZRuXVexqijNrTeqtU2jJCVd1zmUdqnF4yiKgjZNxl0pIlpOJJRAioiCUd9o0axSe5qbbWdBRHQBqoqs0bIpJNxFpThgyiYiCqGS9jQMtRSXDrdsDWeUIoWlIrdsaaxW1ZXolLEa10UqUYxba1MbBUtnUKKoOZX0fUVajQNTqpaUnC1tJRFplebWZ+8wzr7Oj9YrZ+s2587MdABIclBt200Ik5oU1VakFCXblJkYZ7OtkJPVtOq6rvb9elyn27RupURIkiBLKa01cERYmemIUGW1bsKlVptOBmoptu1M5zBOtagQDU+ZOLquSHUa107XiqSWbXIGzrRRV6tVEC3bej1EijSAUylXYyilQsvMBFkgQyioxWotISFQTB49po1CFtlaywypdJ0z29AIoYhaZALZqFNObtDW64igqJhBzslSkqhKhLBbpqxJhFUUksGAhAWEFAEq0XWe2kBGLSU0DOtpnLp+No7jODXLqEg4nYGNcBCqVQDKNqnWAiG6GhEx6+swpCRnhkJQIsdmt1FBLcW4dMWhli2VilAaiCTtUiLQ1JplS0JRoqg4PbWsETjH1uToawFyIpv7GuFu8piNpkynM0udizrlKIFUVRtThKRKZKazuYbalOlGlL7ra+XwcPR6lJwuhqCknXJIbWzpqc7Dbs0oQmCFnQIZjCVBOFQcEAhiJOV04kyMLQWdurGNhUA4LUVfuwi1KUstUmTLLGmbbBlShmwrTIZtY5qlqi4USDhDzooiSlfqUgikiCKJLqpAKt2MsJDTDRTCpWBjlP2sKLpsCVKUYmWbXGtfy+RkbEiN1Ai1tJxCoYgIWmImucqa2kiUqIqqGmXKNo5NaiEkWa6u1JCK3FprSOnE1L5LW2lB2jUErqW6xdhGdWCnAIecU6gQRS0TI0UQIu10hkIKRarrSmaRw+Q4DIoIldJ105RTTiVUSlVElBJtGFv2tVrqq9IKHOBmwIqI0lqzW7p1IQSR2aJArSUyLBkZZbaoEdlElBKMRgB2ZmupUIOwEJKdMk2ijWMqbYwmCBKHkoZLQilSyri1VDpNBMqWCRFyNiva1Kwgp8mWjUICcpqANc2WJeyWo0qNUFg1JxvLoVABE3IEwh7XK0dMhKaxi67WLhkjCmicmj3ZDaPEuDEpLVUnEl1faxREG1MSIu10kyilSzsiPCXNY7aKSsiKNk6KMApLNTCQRE3nuB4E2FMbFaqlZ2pTG4cxQnI6YVZqSAkR0ZzjOHZdn26IF3/MY0uJ5dHhfL5hK0JSFHDEOGZUQ0TUdAoyG1I2LCQy00naEk5nOpARkLRCKWZ0CwkBai1DjG0yDmQQEQUsnJbTk1tRDQVKZTabCCZLJuQxM20hgcIqKqUC585emLLVeV2t7BwDTQwN1FS7LCopgnAQliIk164EkTjTtmU5LezW1NcuSmvjuF5HKVJIKII25Ii6qKp9qbisx8nZLLvlaFJGJmnKWd9LQioKh0qpdrYpExym5TQ1hSKKDUGh1MU8E5WQZGcppdQyDmNOE05FKbWWvpIeWsMURUtHKWFckAvYk1UMsgXGiSEcCURmSkDBDtwMVspqtiAshdNOT0wRBRSEyMlWpkqkAUcptt3SqA2tdDVUpzYpPaUhRYSUzkSBEsbWAkkQAKoSZpimYZx1s3COzkThBKpqdAWpjWNLAlSClpkyLVsLiiK7vldrOEORkSSz+awomjPJEohwjalNE9hWUTo9NbralZJuxhI1SqabmxQRsRyWlY6ZpFivBpXW99VyZmYj5IiSLdNJK84EjWpFVUHmRFgqOCNIlczsSo2IsTrwsePHjKIrrU0t08o6SUYCyS0z6YumNhWiq3U9ja053YLqJCJKRGZGCZXaEmc2nDSyyYEyUKDWcpymUEpRi6aWAqRsOa3WQCm1luIp7ZzS2abJWVvBmUniouhKmSRhaig1TllqU8MhagSWla2lW2supdTaTa3VCIdqyjmtw4zpEqGIKZuc4a6WOk0TDZm+7yc3SW5NqZBUwumxjV3tQzQ7mqPUpqmPmiJUUNjT0NJ2Zqt1VgRBKWHbqQzCSLi1UgIZt4iotUjVyTRNpXoYp1qj1mLTPJVU9EWDGy26Tm2a9bN53SDbehiSLLWPKemi9F0bxxyG0nelFpCdYUfENKVzjBqNUU2gMacC3XwepTaPOIecSJVC6TrB2MYoxZltyggrwi3HySDsUkqmZdeum9qUzS6kpmIlrkVF0WS3bCggnaQBETY2sjKHUmpYBK01QxchBLSxNQ8rmHV94JbUPtwsmM8WU7acUoVCadPU7IApUakqtU3NLjKGQMaKEiGaMzJgaC0ECkGgJDVN6qgKnCYs3FpXe0eLUkDOllio1OKGnSnbUdqkIiBTIjG1lmnKKEEpOKc0NkKYiLCQkqxRrJymhqi1b60ZCzlxsVsa0iCUjSK3bK1RimpUzRQM02iiLx2CUqc2LVerCPd1hkTaAmWULvEwDX3Xl9JFUUu3nHAplWkckIjoClOULiqKkKtJe8rWEVJEZ1ygZRoysRIVIUWEnTZRik22ySJKIU3aoFo8timbLAgFoU5lgmhON09Tq7WoRGI1QSSZUxNR+gC5TZQy31i01sY2Tm0q7rOlsEwoImq2gQhFCNrUgkjsdOKIKKW0NFgSmeM4zuZziJYjUYuiOE1kccuG6UoRAoXVMhXG2LEa1yWUyiCyNYPANkBKwjZTozhtG6BEaZnNrUbNyChyC7eWdptGTCkVYRSW7SRriZYqIUtMkx1SgyilmobDNoAFLTNVItyaIpBKsdMuZmzNRYWQnbaFUJWkpOu7qjAKwiaCUoozo5aIiJZAWuEmRDK2oajWWS0R4zAqHIrWmhEEiqjqZBPNiV1KsW2B3KaspRASKZEJCiRDpFNKo6ALRosU2Qg5AyEUpXaySWdGlBoGAxHVLdNpQtWyEIKodWwtGqpRrAmCtGSkQhunBtWllICwkBIVd6UrVRCgIqWaMyAFOCQLnLZyapYilAIyoEkuJgOyqUEFJxkpEWnAIXIiCs4pjSiOUDNCWKalSginqkxIQStJs9xapjIoQqpFAenMDKJ5hMgpAdrkotAMN0mZKCilt1tEqJBym5qAiJAQEVWKVAt7dKtR+24ObjnZgLO1bJaKapQmIO0iR0iBQjmRbe2MqBGZZIsISSqCELSWCkiCLLVHeBhLrV30yII1SFbp5BS+5ZYHtZbjetxYOETtSqi0nOxEznTmGJIlJRZO2Q0gc2xEjRLVtDTGUQUUCgI05WSrJXgqpYTABmU2RQkETiszwbax7Ew1EEXRIoMiKdNSs7EFlgvREolSAO47d24YxvmMzExHLcpmYYUyA6nvCpSpTRRsSwoVVTNN09RKkREWcpQSxk4UihahUmhTmihRFBFFxh4UHVU4SnR9Gye3DNU6j5bNRIDTiMy06Upt6RC19G6tWSoREWG6WpoznQUVubVMmDyF6pTuSjfiNKUUOzykN2pVABT1EZMTuVLGbCO2XBIJoTFbSKVW0sgY22mkDLuZEpLC2BiFcCZRC2rCzgxkkSnhRJEtFIQCWWpOZ4KiuZHgqTUnllso7SgBMtgT2ISxJKCNzYbokBXR1Tq1LCREiVDgDJRp7BY2ognsFE5R1UAg7AjLbRynqfWL2gxpo7G1As4mOyIkNTfw5BaOsaGQorTWMCDjEhhny6ytUmrfLQ/XVZLCylq7UKyn9Tg5UpNbOGnu+h4QSMqJTPpOmekkwplKK/A4NRIinJnNCmZdbamJ5ua+7xEUSiFROpWhoCiEKF0pKuhoXAn62iEPYzNZosy6Wcscx9bVQJqmFsVIbp6YBKESIasUrL4wNFBAekIKR6QjSjOZTY6IaAZERE5TlEJmy5ZTa1NWhVVqH26UonTkaJzq6pTTNA4V9XaT6GqM66awpMxs45StASUqraEyjsNq7Y3Njcx0knIpbtNUa511fcts00RSZn2U4rE5My23iYi+72yG9VhKDciWUSvCSanVMknaQKkVky1znJpbRC2ilOrMyc3JZteNybBcDRFzzaIEEcokSkSRsNR1fSicGIqUUxuHMfpSSpetgWpfaGG7n3VApRJuU6rWWa1Zu3G9Xq8vtSm72azvapKtYaZQjQjsqH0bhvFomMKzxaJaLaeIfmxjQNQyToOTUiI9tiFKKSUkojlrV6PrJLXW+hoGpZAi5Mx0dmUWtQhWq1Wpddb3bWotx1JqN6+5Nq2BoouwaymGxBbORjgnK4qsUlHMijLTq9XhxtYWaNb3wzi4qGZpxbSUJZPKACSaM8iccEiM04Qi0yixFDJZuq6rMU3ZUgGlq6219ChToiQ5yZ3DIWdLqGmVEiVlCbLZbSq1SLhZgiBtWyoh6GcBWGSmcSI5slEjpmxRAzIT1IapzfqqaSpBSsM01lCRptb6WhXRplZsGu6QFEFmk4qUxWqOcZgsk9Hc0u66UtGolpmSS5TeWo+DMyNK13WeLJxKtxbhxALJCDJBkWpomhpCopRCiRyF6brIljhtMA5lUiWRgewEJWY0skRrrZNqlAZRQgqoNGcbVUV0ZLq1zCxltrXZt5ykTGw7M+UMhaeJiAhaJKgg4XGYMp0BppnNjfk0TRUsyyEpMyU3LEk2SBEYG2eLUpIpkxIlQg7ZKcvCIiBtgyQ700g0ZaGKjCKBMWkTKlZjShm31kxSAkiFcXPmNFFDEc12YmWU4qjKDMU4jR5bVShomQLwMI1k9rO5G7RsAZatUmS6NmVTliYgnVU1ShirVHAaAzI52SmVWkspYXI9pT3VUlBRjaBUERGSsjXbSiXNiWpRTjlOpRbV0sbJOZUoiihSgpuj2qRbhkSkFLZpEygVMClBTCYwtRJ4angqpZvwME6SimjZoihKtJFuVqZs4zi1aepqVVFEtNaiyqiUMgFJCzxOlCrbJjEOhdPGGXbUAkFrCWCDCBMIlWiZqSwUQxScmiS5SCYkJxG2lS6BSiHbMCnCJWpECSAYp4mI4nCZSukoGDJbCTIjZcltcgTYU2anbtZ3U/M0jVRCcpFs4yBqKWmbTFTl2s/X64NQsai1GLJNmRMKQLiWSLoQpdTMCYNthcJRyjhNQXoshEKFJJmMkTLbtJ6m1kL0vZwKbJHT1CwqMVFnlaKw6bxejShqVSlFIiiW29iiShSQao1aFSEpE4XVlEW175FlTevWrAc/+EGLjX5YNShEG8fJymJaWhJE0jKtgCAsipxqNiYi7GxtIkAqEelUaGpZKSqGUDFCqRKl5TROU8lCUdI6dXaGJMV6WtcSRSXBoEwj5KqwiFoktdY8JSXCpLKoOG0lcHS0Wi8P+n4zWys1kPtSWjr64qmlm1qdPLi5RNRap9YUUqjre7UWYCGhMsNMrXlsRNSu2pqaSwQKBZ5sAaiCBVE6ZaZUo3PaxhCkFShYr0fkUupqWoVU+661tFVDikhnc7p5PY1dKaUraUq4Tcgh21PLiBKdZKFso21aTm1ATOtR85qTw548FYXAUkRMbRQqCqJkayjAiQkVlWxJiRDZXHBUqZTMhilF6QRARWGhgJatTbZUq0SCBHZRpctsbqRUulAzhHGGFbUjW7NbOBx9rS6EhA1EiUnqS9YyWy9XLOYKj5P7UiS3KVWoqla2wpRZVLpahJTZ9TUigGEcaI4q1EettJzGYT6bTUYth2FwrbVUEeCppaSAUEgBgbKNLbOVIEPFMbWc2tR1pZ/NQpGt1dphTdOEcWnqomRpmVmYlZkyXFvLDESkXKOUIjVnSJkZjpDHNpWoJTSMYyhq7XFOky0jtdZCMUyjQqEoodaaDSJtFRWqpyEnq8ain41TW67WfS2zvrOjTeM0NbmVEnYOyymC2axPsV6tuvms1mo3J+M4ji1nfU/t1uNAqosyMWWOGVWZpXQtbSGyi1rE1JowLaepZRu7vu9qP0zrUruIQE43yNoVkKxsU1GpaJxaK+pq6WvfMqcwo6cS1OhlZTbV6kwp+i5KqUU5ZBMp6pSDp6mbddildoFsTePklKGI5TCmKLVUhfE0DZmBas3WpkY6SkQURUzTKNuttXTUkolC2Cm6EpPddX1FUxOm9J0SZ6tdBwEN5GxTZpQIhXFIFuCpNTuDwA5Fw9NqsEFEXztqoylk7GGaUJSILtRQUTINI6WWrotxHKd2FF1fIT31tZ/KNKwHt6RICuNCSLYzoio0tiGoqsiZyZRNxtM0mChFRgpn4oYi3ZC7rlfLKZtK7foeO6UpxyBqFBSzTlkn4dXRGEVSaVNTxQ1LlTIxCkdfwWCbKVtXutp1Y2IZyEaCUs3GGSpBjXBrIBdEXwVOC5VSRnJcZ6lVRW3KaVxnVxUBakq3KW3ZqQhRCIUIFWtyKMh0qQ5rPU4lUqU4ClCksWSxQG6TjYWRJMnTMAElSmu2HQIQeGrZsrnJrYRyalOOzlBRKapdp1TarVmREFHDTqWjCChFmW1qLiAy092sC1VPo1xqlCbLAQ7LLZszJGotUVO4WKlpbM1NEV0NENgpERKqUZxyTDnllOksqSgdbqQBDNmSlOXoLLDGMSkoIkLOVkttipaTpWxtygmZ1ORUNqJ0VsFNOEPCAhmnCSGEqlpakqUQoSA1juNsY16ji1inKag5S9qp1jKx0pmjkWxXhSKdmChIksAep7HWrkQxmCQUUZxKNzKVKEIKZ5PCtgQmCLdGiDQhobRV0k2ysEPKzFBBAJ4muSmlKFIUaZraNE0iRGRmIBfV6CCJKAXbWGNOtVQVpqG1zK6rnWLI0bKtKMVhUNTI5iBa2A1JBCRR1DIlNaeEcNI8BXZrq6IOUFEQVgIIJ8ZgRKGo2G2a3GSC4jaBa3S1q5kGcItSimI9Op3IhV4h3FoiRaC0LEKqNXICI5RRDbQWFpFySAEgFWr0DWeNsJwlCEsFKSRb4GKkkm5FpfQzRLZEFqaE1TBtypSjFLcwyJ7NFkCz3WywTRBNBAqlM6JUQJRQy7SwsRFko1aaqqI5m6L0sx48DgOZxWplytbGdCkFY5wJIjIpUYoAhUm1zLFNmY7AhhCZ4EDGzQ27TU2BowsArVcrmrO12WxWSm3jFH2RFAKrTc0FEev1UAJUIJupQYScqSLJAaVIimlqLRt26WqppU1TTk4yqvrSjWYcpz6qYZwanko/dzanYSyzheRsmTjHRmAku9ZaJY+ZzlA4aVMDyJjaWBQTzTkFfvCDHry52F6uL3Z9tFWITAFBJAi7GJXITKeJqrQUSoObLIeUQhSBlKaFyNbGoiIk2SREtjQoghIFN7eWkyLSzswi2ViA3ZygIlIIbCdWy3SECDmRQS5FOIDl4WHLMVQwRRg1k1OTbFNKMS7WBNgmsVtrRQWBbIVCNpFuaduKIBTYCkQ6Q27rqbWmpghq6a1sUxOlgOS0MdkSIj2FOhmH5YgISVEUEa1NVcps2YhQqGRMRUgxtXRSK0XRFIgakeBE2UxkJuGATAksu0kWYcuZDZNpQApnSgqpOdwaGIuQ5FJkLAvZRTmllKAwKWycWfs+5KnZTYYSXZISTtvOUsJC2CqhyQ5lM4oSZLZiGbsZhYtDQYMcczavSIBbhpvtcRxnfS+5Wc50aVJkm0hFV6Qi2/aYUwkRoXAogJwm2ZNbtEK1rFKLm4exIUdEjei7rvZdm9o0TuM01tJFVZQSEMXTRLYpSomCrMkjDaArVcgtp3EsJTBO2zm2dKrWzm30lAQuVoZIjK2UESFPtowlK7Pl4eEhGxulRESJCEKkMqfaBVBKyJqykUplKrpapOLWluMQZK0VHKUbMztJUHHLNg10fT9hZyNJstSu66M5xynTjhAop0zZU8tMUGLCXQkwinCU0omIUltmKJpHUwO1bMbZMkoqqNG3saVXXTfDzmkyFpF2wWQux0HN3XxWs0WJImjDOLRBRPRdbR7HKTp1JZIIk0GUiBKZbRymzBZFbRpoY7o4uzYlzjLr2ziNbaylo0ihqTWrjUNH15USRdFsCcBpOyEC0g1n1Jo4SIzkUks24YyISigDsnkIlb6bOZ2ehIxFSedqWNuWSqlRItT1HdFoEUFfZSFIapR1jtgqyqG5poiwgiiz2dSm1WpVuzrb2ACGYcApVQAj1UDYmS27CMVsPkvMlEJEZLZSiqErNWnDcupKllon3CYrEqLZVaWRWMvlsqDa9QGpopBw6WNaTeCuVhvStcQ4TKtsUUqNElajOZpdxnFsmR6nWvpaRWgas6BacKNWjVObRsupNLYkoIRsWjYRkhXhzLQtQiq1IA3jFMZCLWVq3wVqLW0i3DI1uXSKFLIMkoRtIkg3N1QUtLREprEQRgUIYY852OEISRGyZZEta5R0ZrorQagQ6ZTkEFZrVihKkRXpcRhSWRWyMLJB0zRlZsnS1R48uTmdboGsSEEzpdQok0aS6KKUMjXaNJW+UqudU06llBIVY4xco6QLnc2YEzUopTgnxDSNKLpSs2WJohJFKmpG0zhAtDbZrrWTlCZUEHaj1EIQrTX3pUytQYCsVmtFgVKSU4gKSVFEhNrkKVstVZZbEpZkiCiYnLLO3SbbyJB2TlGLU5OniCI7nSUi5dWwLCWYcEsUktMmW1BqrSGyJYmCKTOi2FZgUsZANomAccoQRiHJOBMMoYgISKfTIYGKSkSbcooWKjVqcxNKNw8JOJtcS6fSgshmulKUxmRrLa0QlgKhcZqgD2qqyWCjqEXNrQ0DtY+qbEiQLsJWmxwKFQw4pWhtTFSy2AYHYQCDQOkmdVGKSkm75VopZJCVQlGqsRRFatNUVUpfgRwDTAjZyeQpFOnW7GkanXaJxmo2mxfVKM4URTVqtgxBI8FORlTCtmxKFDoRgqm1bJk0gyRLKrXSQlGiICUJKD1h2067Za04C1gCFadbqotoTJmJswpnyrYEJFbBzc6sNVxiwp5aRLHc0sp0yqJlRhRQegpVArVWKBaSxnEYp0kJUgNZIkK0TLdWai215pSJlVgUIVMU2TwyykgRoWyZLRWFUAQ5OQIkAJw5gYdxrdA45WLR16oxKqRUCNlGWaLiJintUArZzVY6IjIUwiNT5hQqUdVGT22aWYqg1IQiMrNNKVFKtLGVroaFKjjHVmuJfgbU6CayjWOSnUq2aUK1lqkl4VDYraUjiNLVrrDGOYXVVMjc3NjY2pydO5/ZCANRjOVSIkcjqeuKgnFKUkIhcFFkS2eGoBQnSuxmQsqpNRJSIU2ZwoQDYxQmW0bYApn0JCuLpAiwbeRQxR7tko4gJRoyCVWiKifnlFQcHbAc1i0nMqiaPM3qfJoa4ZYZUUKymSzh0vU5TZmtRHWEnbYlhORsZmpNCtVoTjesLCGwFFGrSRRuLWoQDDlFmyxKlJZNUhellDpOCCH1pQNKKbbbNE5jUxRXxtWUU+tmnUIoSu26UqbMqQ12RFC7rqDJDhm5ZRHYUopwkjaGqY2G4qKIllYITUIhZSEisElHhGSp0DJVijDpRFFIMp1MipI2DaKolCRppCFMQ4XIcHrMqUQpJWznlFEUKkxrUrZwU4RE2jml5HBV0JopNs60MDBlSgrTcoq6wERTqV2UItmKWqLUMrUWCttuOdhqKiGLzAxJUTpJIbfWcC11Uss2hZgEEQ1rak7GaVyvBy2qpoRomVOzbYIQcjQPRbXFoFQpJadcLZd11kctoQKSvF6PgnQLyaVYMGXKpRSgtdFZQiAHtlWjWCFPO1tbRLR0P+sgppalxrzMEGBTJXdNbWqr9Srx1uZGUZmEsEXaEYqAyYOHGrXO+vU4DKZgQtEKFRrOhgoCVKWBcBtrKSTGEUUinXKgLFElhBNlthoBLrW0sZQopca4aukWimls0dUQ4zCQpeBpNTQyahTktKVpapWgaFoPNQqZKlJzkooqpyHG9NwtCTKjVIhSW5PbNIVca015aglWKTkMwrPZPG2C6k5SiZham836WjuCcZwi5AgFNIcUJdxo44Sy1mLTpqw1HIqIMZwOZFljTrITIqQMpGmYoEmBKCEjrNpVpRqT01S11koNkkzbShKU06iIWlD0QiYF0zjS9QrVUg1NLVRkjPquB7VxmoKuKypyKhsIk4qCJVIpI3DirkSbpslT5hQSIRBkCYgIIkE1OsU4jYt+VqQm2tTAKFIxLkcU2VqpFbAViogYpnFeS0IppaqDkLARSCo1jMf1ug1TiylciZgSUfpe02pMEJFugLEznQii78LZsFuqK0jjMKaJIiO3iSiKgGxpu9Vau9JPNkzZMHS1pDBOo0zbSEqam6QQEdhO3HfVZpoaUt9VhFuWrmvTaKeiLmbz1Wo1TqOUqj2hTKddo5TilmlcawH13QxP43oofTfrqu1pPciRjSiUWts4tuauOkrpULbmKbPWAipBKSIQZVTL5pxCQU4T2daTVARhiVKKsoFNqpE2kS4RKoRUC0nfGBEhIUi1aVIU45bZRVUUO6MEzaWEUReyla2BbTUnpkDm1KbM1lo241pLjaCrOVJUpEwrpFJKQmJMaxmgGuFwCYWwAVlGklWEla1BhDS1gUShaWgKagQoKF2pztG2hCEisC2HmMY0CfJkiagl7HFqTkdRoNli7sxhPZRi0wSYiAJEyGkkZ7MBFUXatgJnhNOpNMYgFKVFAJOiRdYSY2uenDYVdbWIqU1drSWKcTqnNmZT04SIIjVNLbtetXaj29RaKIOQWqZFA5qbIAIUOU211swEhvW6ULp5pUQ4nekoInE2TxElKjlZgS2DKIKi2mjOJN0KRYGwlRBIRWGcOY5OOzMV2Ha6tTbru1q79WoYp6FERZpykiUkZ5OCNpHZMhRVIaVKTWhTI8daO5RhGaVdJaeBiKJSImKa2uQWDhQBzdloXZNVUSoiM50ZpRQ3Y4FEmtYyStgEFthW0mwrcUHW1FI4p+pCTigcUjocGGWWUkvf29lay5ykasipeUpKhATGChXTIEyWWmotY3MoLOOpuZaQ5VLDuDlJi3SCZDfTkUY2KiWIkGQJyNYSLxazUsvURhWHahQ58dSKarNprqUmRhmOoA3DOhQowEihwM2ZNlJ0tYKmacJR+4JjHI4a7hd9UYzDuk1TX7uIyNbGNnWl9rUO4zSRJlPUGrZMkXJqKaurJVubprRTpa9dpOm7bpwQrI8OWmZdbG3ONwHUXHCzbUEh1EWmC+SUhPo6I9uUVgIuRUIWgZKGJVmgUMmSnpyZpYqwWzHpTBshZFtSSJaiWnQ4LYWVpEI4M92FQuESMU3NJhQGYZ5pMp0NrA4OQ4XwNLW+9lPLiLCJiAghtWmcslVV4SmnyY4CbjgUAW6ZYYOFJBtKKJ1YrVlhN2otqMvWVDurQXSlJE2N9bQuKqUrGeFsmXZOhlpCIltr6XGa2tjm8xlZo5RSFKWQZLauVEVkmyKKIkoESrvIk11si7TDNsKWKCEiJIozseRETSq17yMip2zN2SZblrvopMRMpNLUjiTdSFAolC4hQbi4hBXF6cmWTNbMlpAQgVxm/UywGtYYIjJbiZItcVPUkBq4NWxqCKlATrZERMgAqAQm3WqpoWi2qkREQRRFixIos6VKFGLS5CRC2SiVritOIeNiMU5N2eg6GSkomqlMGnNqLQAp6nymQhI1wuM4SF2tnUmkllM6uqJwndKZolDnXUhSkCC3dC2VYBonhQK1aXI6JBWhAGVr6kpJTS2pDtJJhErppjaFZMkGXEqppa6WqwgJuwjUnDU6FbXJpVdXQl0ptSLl1Fo6M0ERsumipnO1Hmb9zEo8lRJqzqAoxmkMM+v7YRqVJJaEZDdlJC0x00hXopYw6RynjGxp2zmOTK3hMEQpbRhyat2sL12noIsSfXewPJzPd0LGbnJm1lJtE6qkwplWhLqui9A4jpJmfZGqm5DHcVAtJaITY2aEjGSHWlOEkGLK1lqbMosiuiCZWo7rdT+blyBN14FpY4saoHFqtkvXFSBRCeUYBTtUFIpI2yYisaaWzlA4AxRmkhXh5vTUWhApopSatOIuqlDk2MY2dVGwjbM1lWKJNKWUEpbcQsooTrcgptZodF0tRSaytVpkTCGQUyhkoposOU2lFsmZxrJC2fquk0oUZ6bRbNaXCMM4jFGKhJ0iUGQ2y6VWLFojbRFdIVmPw6zrh2EA+lqnNmaNbtaXriKEbFobs6WAEkIqXaDlsCbVz7tMtaSrRQ7ItMdphdPGCiAzQahBTMMQKg5Uq+zmtCSwMyilKy0tAGQStWxyqDqLSGObIjmnlBSKqbVSSqgOrYWJIqeR7RwyFSGIQCVIE4qgKVrLGk2CEChUQ46MJIvt1Og0FAgCaVivUWtupdRS6vLgcBjW/cbCodYiSi66LmoxIgGkSKWzScVGGDIFSpnIzGxpC0hlsdIqEZAtLYW0HqacphKdimwUYZia7UkRNXrLNjjH1pimWotgalOUqF3n5inHkCy1ySFUqMZkYEokNDeCopDCRiLtgFKiKNbDZGdXejDNxVIp6SZVmSiltYaxEkgjUChtcCnVNLCbQwoRga3RGYRCmXa6lAjFehxkKEHLZjcnlFACJYrt5kShSEnGpHOapnFSCIokRUQh7LQVQulU13XA1KYAtzbZRhGa2oRTpRRKsbqiEUKmuU1tGqcI9X0/rFZRyaKEwAqTtg2qVVELSRqUXQ0R6+WQ2UQj68RYVVQis2FI6qyG1FqrEU7aNBJRI0ZPpZVSnC0VJezmcGu4dEWZhGikbEeAEzmbbAVpnIlBDkWgaRxQ1FoMU0sgAKkUOSmtRi1RSz+ftXTLKUCQ49QAp6CfzYpqTmMpIoBiuwCZTbScFIEiBC2NI52hkILMxOCGgoiwEwgKXUADYQmlW5ucxs6+lnQ4EUqn5a6rhiI1O4RVpmxORy01bTkhokSEjYskRFKKQ9kmZ2vZjEPOlhIKBYEzBU4hSZKx3HL0lK1hpzPUhWhpBRGRLcMoIkSGFUoLmpEiZDshU7NSHMByPZIuXT9No9zSDkN6GsZsqGRRl5rwBEGWxqTQsB6i1D46G2crFVodpzZOrXazrkS6MTpDmNZGRN91AbZL15PpNomamYYxp7ZG9rRuBIoilajQmCZHKEpAtmylhNQhhtU6JaEoQbrrZ87BU93Y2gCytXCkp8SkGhkhTEs7UXFrE4DdnEXgGiE77YwIQgKnUcy6GIOErsihJLJlOiUVirFNOOlCLUFWIgQpk2kLIEIh1crUmhUlSikt02lj24oIm2ZgchYrVPtaZ12XspKAIknRWrbMoqhdyUTQ1xIGFXBrpqgomlstRSIzJQlUwpMjcCplmtVSQlI2JU1SWE0WUUqY0OTmqU1pN0U0mykUKFQjKE6b1jKzliJjWVKjeWySal8L0ZyeSMaWLtEURVFABasKEYVEOAI73bKFhHCqRYaVbs60KbIjpmnAKiFkp3KaJmeYiEDK1optIkBgo0xRrMmTKSNBQNTaxqlG2G5p26HIyVMbulmPDWFnS4PCcojExW1MLKmIxMYC3No0TVXuugoWuESJkNSm1rK1VSulpVunjqqYQgVJTiICoUpbT4mkECYioiqa0yGhsBRRECpl3kWOtbmFwlDKLKSIEIookxvNlkO1lNH2NI5R6tRGDaKEkijFeFivQFE6QZFSgZNSJXJK22SMSotipXPKViOGHHKaopt3tbSpUUprxhNFdk6Tw4EdUp13JViPOY2jgkwr6bpoMm4QtRYkk7V0hmkakDAQbhMqJdQyM1uqq+lpbC1aX/sokZnj0GohFBG93Zzq+mJDiTqMze4iWqrZMbWu76UOW5IlOzsqZmqZct/PzBRl1vXYeKH1cl1rLbWriGY7M9NdqZlqrc1qV7rZ0MZS+kBDW3mYoqsqpUS0TMlFhUiIWrooMRwtx3EspUTRNE1SOFspBeFUkkK1dBFTGoXALSFtEsk2gE2xwVIQU04hS4YoRaCcEuESXXRSDq1FBHYztUTaTkdX+67klFMJ4xJFoXEciehKrX0/tmbbzaOnSOi6COGcxmyaulJtWUzjZDcpnAiiIodtS7bdMu1OQmRqPawDSl/DatnCgKhBOrNBEZJialMgRJtGmVIiQbhlUqKvFTN5LFFKrTNUSkFRSmchJBySFG1qJls24a7OVSXcjE2t0fW9ZFJtalZGKIeUJRyCBgEUxRSuTlAak1g4M9MhKSSFBdSghRQqySiKp2zKkgqpQRoSRVjNSoiIiFBmSga3VJiWLUpECaeJSDSsB0NANkvUqHKsVuupTRGUUhIylA1QkLZJNTR6ipZTGwMbV8LpftbXUlRqH2VSZmYppTWiKGm2cBrCaZd0KqNUaMYIsmlys7LULkxiJCmamw3phqNE1SxKBJqmKaHItuzMjJClEKJEZEtcuioxDpOx0q21qWW1smXmFLXLJixIR8h2GlASURAYiWkaSUrfSepKJBG1tnE0joiwJFm0NnnMiCZAASiySM2SnWQ3q1Db1JqnZoxKqXZOkzMc6SEToRqyJFkEEAK62rV0pmt0RMjNlrBtRdfG6XA6AtsOqmgEtVRnSyTSmU5NbZrNZqWG15lTi4i0bWdzRImotVbLkWo2EIoIoVp7V0WmI0KltKlNrZVISQKQIhThdFdLy8ykdh3SNK5rKaXrnRbFDpmIkpBtbK2p60pUC7dMkFnMFz05jVNmgyAzZdkNF2GFswmFwpEhBwHYmbaylmjT6DHH0oUEUxvH1pVoNLJhbIdKaxMupUTtw0kbG0HXqU0VWqVkRJDOMo1Da1Pp+q6LbNQKtk0aagk7Qm1s0Eopza3Qt8yCUq0lckYp3awjnWkkRKkREdhOE9kkT5SqcEw5paNUbGW4KEiXKEAERWqEwGoZBlEkSzIOBDJ2VbQkyWixalMRESVKxRg76bqutam1BpJCRWkrQW4202jbgKRQgnBItjEUSTZYyFIUMoURNpaRW7ZUAMN6XYpoNgmUiHSGiyGqUEDrS53cMCG3jAj1nYdxmkK1qJTIlml3tQxTy5yyVBChAKcjNJvNbaUzSlSs2mVrrSUmosI0rFa19lGU6cDIbmrThB1RItTSQOKuCFgNTYpSAquNY2BcopadYzvANKYgAZyGVISRQFFIkzmRiohMO8Iea1RF0CaiKGVPhpzcNLqp1tIgUFfK4DGaFGGiTQMhlwjbIrPZEZLCYBE2GWCDs7XMyYAjnUU0I4iiiDK2UQWgtTalCRPFEfI0tXQmER1gl4ioVSZpfd9PbrbBtZYpW0DIUrFTqNaikJuzZYKbFSInRZS+KwnC2JOnNsnKbKVWQs6ccrKpBdNFQOIigJZpSxGltmlcD6P6GbVIIGWbDOEwHjVVClU5KUoKM6WLS0QQbkknIbCERbMLRClgsJunZkNREAJjDCLTxZOIaUqlJdkuGEWxWwlI7MDpoEqiZkmDSUk5TU4sr6cxp9bXzhgoqiQE2CZaZkgRCmlqo9QBkqIoM6a0ZaCrVYWglNJFKTg9Te46ZeY0daVEF5mZEy2brFqK02kQMgiaKKXYBjkswFClYbIKWUuXnmwCQtUx0EhMo0ZQi93aesyAxIDUlE7bnsam1vq+VxDEMI3ylJbsOutLlCknJ0ApNYJhGINSOkiJKKSlCNQw1OgmKZxRezmmcZxalr70tRvGIWmYiAJOu6iW8JStuPRdbzMMozBQQhjSOTR3riq1q20ap3HddbPWWhQFkTArM6psxnFdolMniDClFpSZrqVOk52slgNp1RJS6WvXzWKaCh7XQ2uTIopiYzFLaM2Smp3jupYuSmnOcRzaali3cbaYla4HFxHgIqaxebSzpVqdzbPE5OxqDWXmJKmUUFSijm7ZGghPq2G0Qc6WtasqESqZOY7DermktSCACIVF0sg0kqSCYtZ1pShbOi1J0ji5jW0axjZOOTbb4FDBDoUkySXC9tTGFKWUWmrtqlsO46RQ1MBtvR6ajSgCJ6AAMCZC0tTa5EmJ+giFcKbHNrRpSmWUMIoiZzZ7asPYJjtSbq05PU1JSGKacpomRC2hWkDrYcw2RciBcMpRojkVCnBztgxnZoKdUVCbGqREy8w0Sa3V6ahlyhxbUyAztXGaMlFAKRFEraXULjNNQmYbu9J3dSYbYmptmhp2tklS188yPbaWbSJRZKawBQIJiSIRiqIoQag129mmVdQoXUUtgYZKKUVOWqKIEjG1aZoaltJIRZFOXLpSw+FmIrq+KxG1VoNbU2ZmYhRqObZpIIQkUUJWtsyQQlRVOzMtQoFwWElERNd1XZk5yGkKlVqqM5upUUsUUiopC8cwDuMwRaAokkKU6nSmmmVDkoEqJVAiDKBCRDEGmm0DFm4kEaXIKEoJIkxm5tRaa+msteu6GchJy9bGNg6Dyb4vLXNsU0SdhjHsvhbLmVM6bUXITrsBmW0YpjAWpG2XblZqtVMiIhThoNYSSBRnM2E7jADVKEXYcgkJIqLZCIQCB3bWvs76nghhmWlwa4kdEjIoIiLUlyLKlFMbB0wpnRQREq3UYruUKEUoCU1jjtPQWk45tanZRigYp3G5XI3jMGQTcgAQEsZuU3NziRIFQNnSdmYEQ2vGUToMylBUlRJFKgIcOAISSEUUo2EcWzMBRhLgdGspU0oppWvNNKKUbM3OEgUztokkigohKY3TzRQZ0aZpWI/rNmEHgQuSQgbbESrR1b6LLoJSIgi6WqOE7VS0RMIyprVpGqeWaZNk2q21UJjINKiWUhUSNmSzyWw5NTlIKxShEhGllK6ampIyQlaAjINUZjpTMOHG1KYxHCE5HbbJ1lItS1EmKhFRIafJqTRSRCllUgMQk7JEBKEoITmbc5IzilpObRzdUpCSpbDtJikoNYQBSUSJkCMiiRKlK5GZntKZ4cAWhEJWIaKoyMJOt9ZMRoRTRsVMOZFWyApPmZmZmXYbJ2cDDg73jSxn2hECFSjUrvZdP+96KdqURQVkA0jqZovZfB4RLRskckiEpGK31lqbmnE2MjMoJSqacmptam6poEQFKUpXBZr18yKESq1QcsokjRO3ccpmISBtZ0aNWT/r+64WtWloOYzjkLRQbO8cA1KIxA51kNhpQgokCYNBSJgsoUJMreU0mRBKckoTUaQguloMOU3pnFrDTqds0QhFKAgkqUhFAU6bTFqmMGnh1pytKUpROFump8xQsZ3Gli0sYGo5TgNEOJ2TTelk0Vpr6QgpIo0F5NSShEa2No1DIayClGS2bJlCthK3dBGlRNrOlplCFlNOUpRapCg1Sl+6UkKlFHXRdbWiCMnGZMgAQUStXQmyRCzmfYSQIRC2uuhVo+U0rsbRrahIEtgkOWVrEFaUCAtbVtpGoTDY9ogkRWlp7FKKghQysrCMKSiiqHQRioLT2JlBZLPBaolCZWpTaw0wabsBIqoFYdcIGwWEogSmRNfVvpagAbadGBUnkoHWMltzphJAJUQRduY0tWE9gLO15gQkRamSMDZtbNkyyVKiq8WClohaQxG2k7RzmiYppYrTrbm1cZqmNjkZpiGtEupKRFGTSWxGO8eW2do0RS3OHIdRUbq+QwWVUut6WK9Xq4jS1UKttqfWau0iitJBtClJR41Si4tFmrCbiNL1IOTaV4THpjBy4GwtWwpFia50Xd+HlGRzKlAmdssJkU4rEjlk2pSTw62ZEkKYqWVriQFIdSUIprE5qX3Xz3rs1porXZRMJW5T67quqzXkqKWEMj2M42q1tDOn0XZmtrSitLSIiDCapgEiTWsZFEmtUEunVERGiKQalS6qksm0LKWIGKbBOZW+Vy3L1VEXnboyTaNwRLQAOa2Co0hoPQ4RKhGZbi2bYz4vtiwxtewLEc5xXCeiq7WEh2F0raUoSjgiSnE6oOtCpbbB6lUbaSNHEVaEJ7KoC7xuWdyFcCa1RISd2KForU0tS3Ep4WQiA4yytdWUOTUiSNtEKcUFTePUZFfRwBOulAgVaeaWjtLjBGwQBGFMBsVKmqIQtVMo8JQJarRxmKZsfVdrdCXIFigIuU3UrqYJ5TRl1qmtrTpTTNkCRSkqyonMZmeOU1nMx5zaeupnHZlZI23ZQbEcEunRaTPraok65eTW0g25lGJkqPMuQprou361XmMVZUtMc1olJAm6UsZGyFM2kXKxy7SeWpnSCBwRIWyUACqKwMhONxKC0Q6MGhYhkiKFlAaotXgyUCIkpHCzCmooMCoqmelARISnTFmQtXQhTSARJUqUqLVkji0l0mmTbmMbm0uJAJxqTAp1pbpLKTy5MRUV42lsLu5LZ5AzaiXBwpNbRlcjI+WiSskSNVtLp1AmTpssCttRyzitS+kyM21SUWIiW2uyIwqJIaSImMaW0+gIaoAsd7W01jy5aWyDsRUFm1AYlaqcWjaJsBO31iJEYkapNDudJiUsRURKDiRaa621KEWFdOY4ZcsoIQsr0yY6UWrY4cCN1oaxhUKGcADpnCbTErlGVZQIO7PRgmiNvkb0NZsptYhMZRsaFmpuQkUlJKtktnGYSpRalMpIHArF0LIn0slkSqkUIGmKgp12RBRpbKMiSqlpqyvO5nTU6jba2M6pZSYqBQsTAREqU5tauhRlesxWBhcRXU0mhjYMQy2l6/uxNZHptMNVzkxPQagESMZy38mlZsM0gmzCDpUoMrZKqQqreZKwJcJqcqlFtWRaXVFLZyOKS4IwUmYj7WanRKg45cjZbB6oJVVRZ11Cyjll6UqmccZERHS1NWcUZctQUYniRi2CaWrNJlu2FiVALXOcWidRRGZ0M2fKBgKksCWrCSmAqg5oo6dhjBqJ3TKtrpbJLUWOk6dGrUBOqXA6SxRnlnBYSJnNOdrR97KqmKosMSVumbiUDlkpEIVQWG5jgnEQBiOF5CDJNNjQlGHSSLIIwHYogIvnzzupXZceQlLpEbSUNGULpZunbF1GFLk5gnSquVBcS7ZsSYkwtHFqOfW1Oj211nddFreW6ZZjS5uIWqLZbjG1MT113UxImSFFdFO2iCK7teJpKiUiSYoko1q6tBuoESWmKSEFUkSRKIiNxQYQmKhqUxEuxZk5qXQxtUkCQArCzkAhuZgkGyKlEraR0pSCbSLCLaNNk4kiSi2SsjkQNm4GICJC0dxsZJcaCWqADSIEKRQCZ1KUQplOWldkAwjGcQSth6lOWeczNZcSJoyFJDLbmAaah5Bq7WW3tEQ1BoRB9jhNtRQRXW8hm4JaqV2p2XJsLULC09icdkiOxCVkJJMeWyYmc2pTK7XrSjFu2aSglObsa6daZCLUmqNG6UIubjkyZY6rUVWSFIpJU2SXYzaac5ZKbOMQJeRsliYathtdCRVaypmYGoo+2mRnKoRJJ4VAREmmqbUScmYGoWo7JDun1ghhKyM9FVWiOkfVUFMq5bTxlA4kOSdKVVoFZxCOJIRJN4MlQJJTBqbW1OyCIlCU2rec5ExHlHA62ySp73vT3NSwAFCRYFyngjCJBVIxTnucplpLLdVq42BjuYKFlFYJVCKYhiWeousiopaSmcJVsqL080xL6rvaWiOn9WpFCIOoUdyydBWFlIj1MEASwTQoellQVJUGM++65roe12omIrNNY7q5lJJTy46+62gFT9miliqptZakS0jRPNkNexqGqKW17GtHKJ0W4ziARNbaJ0yih1KUzrRxGmrpai12klZWdX0Rbq05O1VBRFWUcBtyWh8tqdqYLZBKwY5AwtOUXYUSnowlpR3g1bCc1dm8n1nQpmlslECqLadcY0cU9bWbclivjqIQ5mC5ms/6jX4j2xSltMxpmmpfutl8asOYrfYz2XaWUGZGlKY2rYauL27pkNMoatCSiFJrGkdocjNyTkNzNvdd33JUdH0pAhxEFnAppKfWSJeKKH03m6Yp012tZJtaguTs53Ocw3pwOoXliGjTWKJG1ynJnGqpOCePxR0iSqld0HK0Q4XqaCERJXJqmdnPukJgq6g1nI4iR7RxkqJEpDIc6gKDm7MRte/6gHFoUpl3vdWmNCadbcyuVkqXU5YaUWqExnFN1BJBqFJVorVGc5sGJCJmi0WbRmcrxRhL2WynVQSqCgSqmc3ZnEHr+jJNLnQOpnQJSimr1dFiW9EvWk5AukUXvWO5WrfMTqEiS1LYU0MSUaoimtJpFMISIDdSWZCQWzqgmVq6WTcsB02tdKVNYEpH2qUoE5EKlVJrZWBo0xRRnYlbZjgTXJKiUFFQs7Uph3EClHKNyJbZGiidpkGCmy0jp0qBVmunDDBgpyGkiKo6ydFSEUQVY45OQ0iADFabmojMjIjoqkkj2gSKiIgSMLZWVINpyFbE5JFxmvVdRBXUUjJbZjY3MtPuuo5myylPU6uVCMmys9SZ29QmC4XCJaXO0ex0SCaIqELITOPobKJEIRQ0lxJQJxxpRelUxja0aTC5MVsEAS00U4l0dllTznQpIaCEJLepRKAYxpbjKKi1a1ki6GoZ2+S0IiIklUwjIUuZjZYtbCsVGtoYEhE5TYvNzWytjbaRVEotNdyY2mQoin7eZ3OEckoL0pAhNWyrWOM0Tk6g1I2goZaj570sla6f3PoIorm1iDp6zZCWZ30NddM0ligGM2JKqJRQRFAVzc2SZJmwLWdEUKKf91NrwzTWKOki0qJNYxqwCspMQFGKTOlCGZ4mQ6liyGapj9qmacqUpSg5Zpuy1ACypSCiM9XZpmZIlZIgMqGAipxlbGNRqbUiTdMoSxFjG1tLdZ0yMpvJru8z0+kI2Yg0hIokQgFtmlQiwAZJrQWFUmqNNk4Es75bHy2r+tp3JLZK8TROUxtrV4WV1c6kgSIEckRXKiHSjQzJUbqsYxsURFcFqpGTJYpCNlamreamUoKobmSKnJqbVAiRWUtJQGCyTYpOdrphG2W6lAhjhJnSygQhhwomQ6TAtdRGuhmpn3Ucsnd4ZE+zbnY0TVJM0yQ5FKESyikTpew2TV1RoJYutcuWmQ1ZRioggBKF0hoiSykt0yhKEUzOiOhqkUpmS2egUjqnbXddN00tRNd1abu5tcH2fDbHYBoIt+ZSQxQ7bSxHqtYCJVuD1jIzExDFzpRqwJghUUqTJdlpWyGLopKTx3GIUm0ThsiWEl3XTW5qzVLmRKMUxmYpEzlT6okkLUpjSiMolhWqhXQQRAmcbsYimpsbEooQJJNdBJKQGwSqNaYpyZpQQ7XrsNOWpAiZzCQAVJStKRWlYJdSQmlbRSBn67pZa5PdsjVFlQvCOU0tI0iaE5yhamxcAqHooo05rtcBRZ3tUkpRDJNbG6FRqkwbWilMTuzM4jETheiiNpqHsXZ9qd3c4XAx0YUIWTk5RJ0txmltBVMSAkKBLYqzlVKppNqUNghjEWSmMrquTBO0zBAmnSU6ZCeYCLmEWtJaKJLWxYyqDGjNINVs1LBU3IIcRG24JA47RbEcbq1BV3vssU0WpZacPOZQuxoqfVcyKusJKNhSZsqtlr61JtEaXU8QFpKmlnbrapfhcbXEktQGFxmRmcvlamNzrlqxsSywMRZylOKIrpaSpBIHpCcmJ0RBZGtyWsUKqx0c7vfdjBJSiya79DPalIvFvKvVyimZ9/0kVAKDSOtwb7f0sbGxtV5PpWV0fVHIKgVJh+tlVzolLadaZ9M4jW2qfRelRAlzmXO9niKyqyVlpL5247qN49D1c8hSSq11Wrd+PqO1aRr72WJq43o1bWwsimqU0dCVKLXibGNTKX3fr9djKYFKKZFTHi0Pa+n6rhtwRc6c0kDBU2shZhsLSVG7UgowrodpHLI1RRnGLJlpl6CWjhKWZlOU2uU4rIaxK6V0XaZbG2uNEtHh1jKTdNLP+1JqttHjlK1RMGZsRZHhaczatYgamZYVam0ygcnMVJltzpodBNLUxijKcSoKqVDIJLMJ1RLNKahdaXaZjJJgGsc0te9Bmc3OkCY1JvcbXWu5HodAfd9N45St1a5iT1NTCBVV9yhKVWhMT5ldOjGm1JJJcUQUQNI0TeN6srN2XXWd3FprtFK7atPG1lqLLkBBSNFyElFrSTJUowu3RNhpCFUTmS1K6WskSjsUmEyHqtWAqKWo2GRrLSfbRVGjhKOVbDmOY0quXZ/NzoYNKdSIoBX1kLZqKRbO5hIVHLUjIZPMqeWUBnDIzaGYovQiIjACZDJtp0KdOgkEqGXr++KGLUM2N5pbq9GHwCF5osmiiMQiFCYFlWiCCBvh0kVEAdrU0lNEB4Toulm2nKaGQMpmy4GctmhOQIhM+hqEQOnmpJaQADAKqUxTc2a6FaILWZ1xiwzjnNISVnTOJpRANnVVRJaMlCKwSU+Z6ZRQtpSMuh43HC1TIjNtoyBbW45HEVKptRRyOjw6HKbVYrGZznRKQYRbTtOoUgK7eJzGEiFChKVuNosgknGaHCohUNQOcmqiqRbhcNAScjSlq31zSkiBRKG1hAC7KHCTXa2phkm3dDobilCMOTacLYuZaLJJJVEiIDORUMhJs2tXcZvSLQlUSzVZxVgVCjJbtpxsMkoR0camsKTmSWi9XiMlUSMsCRUVR7YkUFGxEGkn4NaIkKIYh9xaymRxNqCCDQRq69YE4CogsAlZlFLlzKzZ2uQsEaXrnG1qaSAzWwshO1tGiUyilrCmnFq6talEwXLLRBEqpTSHMhFtmpwuUSgRGNMyAyWyCQJDhIgibCsiEw9ZOiIiPTkDeZoynFOJkAwSEM7W7ByHqH2tYWS3WjpEs9XSBHJERAZFmemcLCSlMyeHEBJqmdlaRIla7CmttN0mbElYKFQibDuRhULRz+dGbtjNznTYaewUERQztHRJ0dUeGTE5I5ttJa5RIpLEkkraIcKiOKAlzahYRJsmt4yYR5RkshO7pWvJnBSh0nfRcmhjWFFrc6sZfe0z7WxRkMlQgBQtGyBE4OYUYUCWpkxsI4UkAft7B850ZhvGfhGhyDZQYxrH5lZLSQVFAdMEWCZbZmvqijITF9TsaESBEm6oFBEtJ0FEAUVzKWFrapNzitIp5MxxtSaozCQgnMYpjCXZmVittam1vu8l1sNgsq+zaZrSWYtESHZQo6BysDwC8KRSCjGO49Rcq7INoaIQliwiaNkCVaBipR0qJWoymihFmjQ5kQVIOLpeOdkkma4TFpkuDiqkiuxsUyulJHIijIQpBBEFZ1qShCGkdMNQwQqVdKYTcFHYxpbVLKmWgmTT1AolIpBpVhfOZghnE0WBnYlKtGlsWGmrZA5p+tpJpatCKEVEZiZmcqZLqJaIqI5xWuWojL5IpZaSbiVE6ab0NE6zrpvPepu0u9pFidZGT5mmdWptNFI0SQTZmillaioSAsbMnMZhPZbaR2QAIqRSa7oJGSskF5xFkQISY5haa5npDKLlFCiIzJaTiagRoZrZQOCWaTJby7RtjIKS1WVKu0SBHFsUESKBZpWgGdkGueUEkoxDhJURRRZiPbZSMjMBSwoZN1MyyexqPwzrNjq6oojM0VPLAlHCU6gglajZJiu6Wsc2zebziDoOI84oxSYU2E5LjlBOGsaGWqjYthVWBOGwMSlhu7VGWsEwjSUiIiJqtmyTw2pSYlQKjFNrUyuOKIXmwHVWq0rfd9mmoU2Lbp45KaoUwzi05hKpoKjDmrKBaunkBIgQkqL2fQmViHFqzpzIiYwSIQ8tyRalZuCWlmazhYhAXS2g9CQp024ZJaVQlNZaZnaz6jTZmrOUbjafKbEI29XThJ2ZjiqEFFEi0iFwglXo6yzTxn1fkNowrFdD7b1RZ2PLUDjTisV87qSUkuPgoAYx5ZTDUGq4yYLWMo0opdg5DaPtCOb9TEOO09hQ7Ytlktr3RbFeLxXRcJBEKU4RkF3XI5FudihJcGIckoqCsE0JNVFcleOUaXB6Ist6WLexzebzUJE8tWzDJNP1XSiQSu2SLIqcJpdSFK4qUmumTRElm8dxjAiBnaFCWNBksBMi+tpFKUEJNVoJqeu6aZymnBBFBXDIDUGUkFQzJiaaJNFsEVGSJMecMuVQV5TZpslEFCsLsiKiFimdbq01245QgoHAzSBnpnM+W0xqSmwUtUQwDbbcmqTMNrpJ1XZO66YSVbZa2m1wZp11oTJNg6II5FJLi1ISSgSQQMuWLkIRCIWyZdrYjfTkEhARKUoXoUCEZDmbChhJALaKMGMbLeWUoBAkKTtxZukKQMu1B1BmypYCTyajVBmDZEwmRaYUWcJNICnl5gwklCKd6VKcUfqInDJb1BpTTiRja5KEWypziIhaqzNTZBuLhAqolEjbBqdStUbpI631uNaa6EpOOJtRhCDTSgCiFgVRoqisV+uQF/2GRVFNuZRodtf3ijI6ldHVYlRLtaRMlUCahjEzMVJHRLampLXRSe0qYWwZRcWoSk1ElKLMxDEyiZZuM88sy+5j1moznpqFLOHWmj1ZYUVAKpU2Rk7kZlmtpLraD+M6nZ26aWqtjVFKUbQ2yUwhjIpABoUVNYiwp3SEVEKjIVqmnTU0ZQuFgmkSZETIqEjgIlGsJIoUElNmZEaRCAckwNAGXEQLWSpyZkSm3Vo6sxEqJapIgyEwjhwbxbYERJlam9LFthQiopItjW1PDWFhu5QCEoGZxkmon9Va69gakpCiZEucYxJEHyVrtKk5QSiUmbaEKQZJjloV5ERXSkrOHE0pRSjdQgE5EZHNLkMbc2pdrVFr5phGEihzdERNOZwRajm2ZjLw1FKuITVnLcWGlimFqVGbpzGnrtSICCnTmc0hITmcTRGR2VqzpAicpdToSqRTDpXM1DSZpAjLHkNzNxNQVVBm2hahcDSsmDIlNWMgMizVYqNwSG0cW05dP1NGrSiciSIMtpVEVdqkqYFtWUWtJZmhgGKlAVAYYyUpkCtqmaQoNUq6gYGz951LsvS9RUTElERNO8lxGFy6UqNIJWpzM9iKUKRk2pQEzUlmQ6RCkUxy2M3NComwkwqhqbU2tVLIbIhs6RK1FLtlYo8iMrNI/WyW2dxIOTNL7QBVdYpsIbkUZSObG6MUEdUCpS0gSs00klRqSaNwZCMk2wJJLmRLQanhpLiUWmwHQaqNY5KhIlDBSGCKPYIianMUkhIRMuooLTMzmlu2DJMhsikCk0GJsJuEFCZDSgJlKDAosqXSTgQbi2rLFJsSQExtbFaJCMImggCXcHND1W62UUq2cZLKbGkiXGo4i4xtZEWZplFECVpOjCW6rpZqtTTZpsysfS/hlhG0Nrm15mZRStiZk9VVDE7VKtktFFkiFAqKk9V66GspXSGLIrCdEC3tEG0c1m1dh9r1Wy0tkzbZMltICUobYwgKJCFhcEuLUFFQ6drUMhGAZKVa5iQVq+GoEXKObVIoJEtGtTAl0zC5I2SwSUmKmnZBDZAtySTQMkoEkVOms+tqa012ZrZJFgDGSQ1hl6J0wQnOJlfbI4JQTi01WXRdMWS2xMpMZUR0taZznMY0PfT9fJrGdNoAUcLOTEUJ0qXEOI20UmsxCTiSFgoVopv3bRxX6/WUTbPZrIJcorjlNLWQQjhznLLWSBpJyyxdbGgD4cy+m9XOJTQlzcQ4juNUohjbqqFQTEQpsvNoNQpq1zkSkNMtJhsYpmE4nLYWG2W2CLJmayq0rCUiwmSaUANq37dpnNzm3bwUNWsaJ0nptCiKUJk8prKqdzYyWibZFMiB1FoO4zrKXAhFsVCQmUliO6OrpbMcaauUoHZzk5DZxikDqZBGRCnO1trkzJrKNrbWMrpAynE6PDqc9bPFfFGKTC2KdbqkaW5OIkJqw5TT2PU9kGogoxIFsrlVyzinqYlaayldtDEbzpwyay2zWjLdWmZIOVqRZDRApXZg4VTKqn0okNScw7DGzOeLKLEah2G9nvcz203ZSDXGdElF34uUIrrC6GmaIpDCmYSEGoS6zCZYzOcq8pSlk9psaENrLW1LKKoEYE9pe3JDSpUAywEmmdzC0TQpsVT6qixWjtmmlk63mIKIWkPKacwIyWlJWBGlOCc3p5Ai5L7vWmstM9sYdJKRwkochGpxJnYmirFEROlam7KBQ7iRyFjgGhXJtvE0tdZGl2obSNxaKxGYdDoULZ0yjRJhCIFDWmxuD+tVRIzjWqpO286UwulEMpgQtGGqNeqsa23EQchppUuEVJCmydUah7FlC4Vs1a6mnE5QFAsUSgMRFkhSpiGMTKCUHEo5Qm6pgjMkWdlAUYKstUgapkZOijBOJ86um2WOOWUUh2Q7W9YajkJRlCCULadhra4vVVOmp0aNWjs5W6orxSJUbI2Z4dg+vh1EYhQhBTkNk+3aVWfDLjWmDIyFyeYWSagkWbpqK0WNaHYjO2qGENmEnHaRVNWyhRTYaQyiSgaypG3bqGXrKoYi2RbR0lYSAgJQtaZaoiVFSpFTk0I1EkopBjChrsxCkaRQBG2YSoTtKVsRlOpsKur7WZ2n0DBNUZDsBJQ4cIGoZRxbOK0wJrOr4XQQ7jq1xEzjujW7RlVxUFRq17Fe0wypKG0Yoptq35cpU0gQRelsjVAtJcJSbS3B0zR5mEo3QxhQMGaGSoQbUTObnBMRtSsRNaSWzVAiMjNFiXBOORXVKBFtypZjdLWgoKg4RbORIoqSUmraLafWWi1RSo+tEInSESWzhYWM0hYRTjd7amORonYlolNpAYJMUgrLypYOh3B1OCSnXVRqLdM0pakS4UpRRIjMDKQAG1OillKRMlMhLE+NKEJIOEcbKySJiJ6AzJFRDUxXagaktjc2wEG1QkVVQZDpbGknwg5VxZQjWaISSpspM6JT6aqnKZ2pIKhyJE0qTpOt2QUnjlKQaCloLTNsp4gQlIoEzU3OjCg2xkgmEzyBHbXIcqZNaxOwf7CXmX10pEfbsiCiYHXVU05tPdVZV4WbM1taCiGBVUISKRSZLY2RFIqgtdrVTLecIhRWtsRERF+7aWqtZdQadg1lWgVwtiyCADkiVEJtanYNBYGJ0vWzbprGsIowLdMhK5xtUszGYRAiinMibCui2GSkbNwIZVrTCFGipDOzFdQg07bt5nREBBVSRI2aaljZMpVd7VqmWqoKAoQnR2mZMlVhnEAawA3ZNpMIuxlNghbFTikshWKaRlt93xmAUnrCyNk8htNNLdNW19dSkpYZESGp5QjZFDjITGWtnZQJokQmdjoLNLuRUgmwqTWSFhESrTUJkijRpibRd2WapnWOpdQuKtI0tICoxWlCAcjDMK0zZ31XgkZRQLpGZDC1MTOUWfvilIpayzZRAkcU1zquJUyiMDjTgF1KwZ5ykgJlGiEj3IiiEoDSJiFCGNWuItrUlGpBcXNTFHWli/C0GgKQGDPxKCOVrphMCyvlcIQTmRAACkGUgl0akkHhknJLJy5SFGE3gHB0tThbZrbWMtMlau2wFJ6GjELtOhPNrbVWCJVomW1qERFqUkzjZOes60ORIFFKtEZrLUoFRUAJ3NJIiiiZXk9jiRrCzcYF1aikVaLve9u16wOmzLRNi6J0YwKU2SRF6bI1BU4ElqbWSqgrfctWVCxaetZ1KCRZCWrOKEUh8KyviZ2THUmxEyxnqbVzl1MzaU8povaR09haV0qbMplK0dTSbqX0RERip3FEtMxMWxSp9J1tZ7pl9uM0pnFXiyJCmrIVUSK62pfSmRagEmHGtYkMFVPaNCUU5djGmEoUBZ2qk1LlianIzTm0qXjmEJFy1BwzMlVLic5kqHSlkyNKTJmKUrpSh4niYZycjhJRYhhGRSANw+BsUUtfqu3EShNF+HC9ilDt+ghPE20cmumqOgIhZVWZstmhICyRSAEJzeoUdBKzUoUl1DLb2GS3KYvpaoezRm22UFWoWCHbSHbSAoxtU6qGlgytm/WRNiC3jJkYxsnZ0i41AJJxGFQiwChbppDJJAILG1vQgsiwRlAKLEpEKWVwo02hEgpXQYNAZWpu2WbCKqZFoRCQRWGUmdM0RgSo1IINhWiK2sbJtCi11s64tVSNLkqzgwAoXYkQjMNg1JWSntwoXQ/pbEHBGdDSpgFqZGZVJVLIGCtqMCrTQgpaehqGxcaGTLbWEmnqopsSsqFihDObQ6YoooRV+9p1ZbkabCNNOYEKdiIsiFrDRVJrLd2EsjUVGZUQlpVph5WyULaUiBqldEZpZAeemkvAlCrVkUG0KQVpRynj2FqOi/mi1JKZrbWW6XGoXV9qplSULdNuq9XY1R6yTTlla62lqX2HSxEZSCFCEmoyjaakRMnMRsxnc2CYmts0EqVGqRqHth7Goqi1pC0gyExnylYp4K70ETG1KZ1tytrXVGRMxRJRiqVqpW1ApmWiVAmjqhhBiCJEZsMEOWaZhyanQKgU2dE8jVOrEmFlRq2EW2ZHnQKwnUw5KeVQZomYLebZpnFMyNacOIQznW6iK4zpKYdZ7bquG8dhHNfZsu97FWU2RdTSiRJyyhOuAZZgGEekdNMEtjAqpVqitUkO1TK1BhCykoi+71P2lM6WaapCasJyISQUuCX22MZpSuewqMVIWI5aI2qHyNZsRQmppqN5MlaE0kkAdpKqJTK6zIlRUUtRjJhsKrX0pTV7XGfpKhhFUcMgEmwpgJBaGiQETmdR2IBsO1uIlpObS1dqOA2oK50zjRGhTkoICSynkrRtqUjOjChd7ZyJIqC5BUWhNo5SjSBCbWgTk6I4s9ZaomSoEFHUTBAd6ZLj1DQSHWQIZ2s0yrzDcmuI+XwONLuoOJOIdKYzsYKgAGRmRBAG7IApQsZMmWARmc2hEGQmmdgKRURrRITkdGZmqQWlCaWMpaIAJ1bagElSAFKtfcvMYRRgTLETKWpXS3fh4nm1cJ9TG2vryanrZ2AlUdRFp1K60pkmBcgenFFCU3OY6EQgVWVM05gto0a2VkooaubYsomKDGG5q9UBNaollTYNw+QqUioqUdrUJrUoRWmrEaWUmi3b5BaprnbTOGa2lpNRRIlS01MQpZs1M03NGFomJTNJotpTJCoyESFDelISpAWpyaCUZZsmcMvsSsk0Sgus1tIkqWwZhEuTRLrWkllbm3BCRAmMcWupSFlImRCWlXJEkDllCwBs7FZUkEsJQjQP42haUShimoZQlKhFKMJGEHIjRdQSmZFu2ZII7EwLpZta1ihDGz1atVp2ugS2IdMOqS+VEm1s0zCm7YqDrpRhmFbDUS1V6eZWSnRdl7ZTCtLOdJVqDadwSEQxjTFbWCXqYmOjtallZpKtlSYQEjLNRIIUAQgDDbDT2dLGhQiFpWnKUCoqCc6IUqKsc8AKYVEigGxNJBGBZSJsYhwHMNkmjBWhiFLAJMiJscOSVOTmnEyXArAt2mQRijSQmlCoKU0zQsIRMqAqO9LtaL3su06mlJLDlExkUdCmzBj6rmuJM4kIlVqY97MpM6fWdZFpFJCEZdIZUWFCVJUkgbAzi3PMaVKJGrJVS0xpIDMj7RotCaLUIiTJtJBaa0HM5p3HbE6hriu4YFB0ge2xRaCW4zhlV2npWorCbkRXpmlqo2d9F1Eyp1pDCoHDrSUZlkq4gSQomK6WsrlIAyAFdhRPbWqTQuEYp7FIqNguFBUy3VpTSCXItAmVNk2hKF1dtlVbj5Bd1ysC3BLSLUyoL11r2ZzK7LriKSdPvfqWrXS1izIMY2uTUtM09vM+ItbroShLrWGEolLcK5iaIUotNZ0q0UWUYLWaopStze3maVhP4zj2M6mUbGNOlCIIlFO2RKXrFGJMKZTK0tI4iUKEbLY2NwNJCoUULV27rhYRnka3aaq177pqR5JuKUmEQjlNEo3MVKkYTa0VUSKsaZhGZ/SLmNHnlES0cW3jolpCtbi5TZlK2qqWqpCdOUWJYjLtruumacomidV6sFsSswDLckRIkjEWGCJxRIXEIQpMpK2MhIgarU1VRSFJ6SanojoTCFFrL8nNjiyEFRFuaVzSGQqDWjZntqaKpDa6VLoodrMNgiylYqY2IYUCg20JuYhSYxyHTIcwlqWQs+FsmGbjbI0a0QSouGaNIruYFhZCTmoJO52zfrEe19OQhweHoBAhImpiocRFUUVzEQ08Di4djcI0zfqZvcqUhEoJScYYeTJeHc0Xm7Ur43KUJJNF2EWJe5FRwkmmiSxR7ESEKiFlypmZdsAkh4rsUepKrZG5Xq8iJKrkEmHc0m6WQViapjGkWvqxNVqCHJHZMidBlBK19lGRFC5RS7Xt1gbAxDgONQrItkJuORmJrtQmy0VS5oQIEwIxTqOMRSjsjFJLiWbjHKdmnJmIzJSNNU1jiQqKQuJsmWMqaK1Ru0605qmNU5uwSl8Tt9ZCRaWEoBFUhGURIksJI0uEZKXkbG5tElFKtkynKLJKqLXmKcs6hmnEYRKylM4CpIhQtDRY6XEcVSKdbinJBhkTSKnUOE62HSl1JafWhlERKh6mrEFI6SQkgcNqQkh2AqHIzEyDQ9FystVy0lrUUkJYmdmmrFESwCWKqqaxn6aMCEVEQJRSI9PNrUxQLES0SmmTm9swTYLWdVI42xQEoShKS5FMkiGmNikrWEh4GFKhCGXLUkoRiZyNUjKtINuUKoCMAqRQoJDcxklRunnFmhI8RimtZWZaFJtoraFCrXVqGWS2HIax1FL7itWGQV0XMsSYDSsqnto4TIo2m82AdLaWJVtERRkKJiy3JFuWWjBYCoVxqnkk3dWOqmwtgioFdLMOiLBzQpGeFGGr1sgGZDZCQganm5otmTRMQ4AiaJaRJAQCA8ahiL4wZnMjbaNMh0KQBuzMEjFOJlIRRUUCyYbWwEVS1xkLpmxCshVqtIu7+1NOM3UqtUQxInOamqIUlSyA7DZlRqgIsgsJhFtLNGFF0FRUS3WkZUymyVG4KuzM5vRUShgCBbZzam1qGfZUFJRSBCXTTilKcRuGobrvStdwZgqZzDRyOCa3KH0tMU7hbKQVjOMacBZibIkV2ZoUKdOQmimhCHXJ1BoEKYRrKSkxtahFUZ0JWAppmIawUYQjI9MpBGQzwmnsloggSKdUhCOKVaApooRkO1EEmZaKkyBAsiNkZ6KIsBP6EqaUrtToSyiKsNuUkiKwK9gtwYlVSrFaNmWWUrAtZ8txHBfzWvvZuBqapr7rsyIzjGObGqksKgpB5jQ5Z12JGqFiPE3rKLV2PSjb1NZT7boa0bLZGISGNtaY0VFC4wRORfQqq3EYp2lRZkG0cUo5IuwWpe9qzWxTDkx0s67r5iBSQJRwElLSMl2KLAESVoTcCDAkjQhhExRqNk85ZBpFyFJYTmfQ0rJbBnIASUS2yZIAE+HWhArFaTBIYBHRuU0ZuGXKRSXdUAiKYhJCCUUUA7hNVk7r0Zld141ptWxKJoMpKqrTNK7HdVGHokZQ5JHWiKjUaHYpRXi5mqY2tCEXmxtdh5tL6czUpjZNWWtBQRQUYEyEjIJMIYko4XCkwArSU07GRaUUy1GjNoYxqTW6WrNh0iTqhGtVuhFiZDWtM7MuFlE7qw3DUEq0aVrZXdepyInCxWo5ZXOppShUCpKzpadhcEQtUexJTVV1mMYIbLfJs/lsXE+tTaWflVJaa4rIyV3fZY45qd8obiWc4BxbdDWkWddlupSu1K5N4ziOkhC0UorHqQ3jOJt1pZa2HlumSpRKGx2QzsmT2zCbb4S7ULZpnNZL1xJRXIhSc2rj2KLUkCglQjVJGn3tbKmEQlHIFhQXkzmGbIQy+j4cYxun9Wpze9PkNIzR1b6UacppHK3oa988juOYaN53tkdPZYq+79o0lWBqtGkkW1GXNAbVaqQxM1SiaJpaUZRSxmlMOxLbOaVqJSldn1PLyDaqeQwJ6EptLZunUJAC1xIN00JWKKaWUgtFM8XZmkFFpHOcJpXoomaiaFWd+hS1MUGkrUDYRKZbm0QtRZLAojibJKG0c3S2oeu60tWcDEStYEwaK+Q0pJtcI4qMCIFCdNIkpSTZmtoUpTicDmWqVo/DNI5RailBJvaYth0xOSKBcRrXKdPVTkCJzGxtqtHJzS0jOqKALRBB52KcmZnOUvoSMU3romJJxDgOTnddFwCYFiohmrOU0qmLAEvyaKdbFMnhbA1aawagqAgTOMlsRap9Nw0O4Wkah6mrdWhjlRwV4ZwyUwpJiICWWQhDc2PCEoAUch8lur61CWoUyS2lqCUIi4jA0VrLYTSOUhSl1pJtanZkk0khykZfMqdp7MZp6Crz2WIap6llWMiQU2slSmspWilFJYKAdIblEgJamyJoTk2ZuNYaoWwJiGjZ0pTSsNKTMyUBSJoyokRgLrNkkiylpnFL24iIgkrgccxpHKRSaomiUosT1FAgIVCmRxk32UpQElURQaYjyMzE6Wkcu04RtqNlKxIoVKb0MA122laNyLATu9m11qoy5kREV4uDcRynzChRVKWQHaW0TNFaS2cLFUVky7QdEQITQjhKZCqdpakUosTU0pk4gVqKCKczm3GbrLAiQooIgjDr1lin5spMtxY1isroaT0M81lforZMp9fjWBqkpuIKLbGlSIVsdbUmEajUaKOnlhSFQiUzW1hRu3Ea2ti6jlJLqdXOdAuKLWG3phqRtqOtp2aXGoqQSSi1s5tbUopymkxrrdaoaMwxGyFRnDlNUwsFfQEazYOxS9RELbNUoshJiFJ7Z07piEkKq2WqdF1vpjZlSylK7Uh3XXWotRZkBm6NhorsdEhyT0mrBF4zjOtpql3XEx7GKQiRs9kMcAIRJZzZ0kV2SqRRFJzOJLCTDARYETKuES0tKEEa3GrtsMepIdvZLFmNDFF6kU4bKBFpSx6niRJuIrCUziJJOZLFJWSFiml2iZCEbaYIhmF97uw9m1sP6/vObTLYWDlOrURUdUCbRocShV0VCrVMERSayXGtoqoeURRGTZktIyIiDIXSmHCrtWZrkrK5ZWabWjq6vkilRJLK6Pt+uVqKSNtW5jShoohaMCElSbrZTkKkLdmSUWDbgFsTShx2kjKlFEs5GpzFAaGwjKlB1FlIbRpAEYqIZiOVFnaqNauoQLpGZ2dm4rAcinS2KYWjlmlqbmPfq5QQRsqU04iECGQn0FqUIhmU2YKSJLadNsCsLoo9Tq3OyUYo5JzcNE219FEyMzON7OZam2qhFWcjLWXU4iwwJlkok0AlkVtONlbX9cg0G4Mj6mLWRZUTpJxaRKk1QqEQjnEYM6rtRmL1tYpYjRPRau2naWpTs93PaoQYXVTaOIFq3xVFFE1TRc4cDbYSC4MFKgACiSkEdmsmFIEQsjEGMJnZsBJjpVMJUQiLzObAJopspqnZms16bGci0hhJRuFsQaCCW3rKVIjaFWMaeELUKI5omZLCYdIEiYxtGRdZAFFKSCWiqyWNcxpRjTrFNNm9S+37kA4PDyfGbtYrim2cU7pTX2ttLZWmqJYiat1QEeM4AlUSiKjKAEQaYczUWqSiZCBJtZYStU3DNE5d7aZxKqWWiGEcJ481Sl9LyylDXakBzpzSIZxuOYHTUlFX+yI73NIRBSIcKFVqN5MzAxmFcGuTQipdkd0aTWMSkUCqFkmAszlrjh7HHGjk2KJoGofSlUYpxqRETtM4rRVOoGgakszEkGPLKbMUdbWLkLPllCWizGfLo6PS99UxjkMmfS0lepuprST6qK0F0pgtp0xTSu+kFGcT9sb2po3lgoBxPdrgocxmxRVTpQAZ5wRkFwUzjVNIEV3taoj1lFUlMlqbSKuoJTSaVZMhJ4s2ueuRYNI4TREs10Z2S6o35xu1q4ISMaUnZwlBSJ6awYGbkyTJULWokvoaipBQTec0ThGlhHARaUd0BcuaEKWWbNiTRY2YhpFQX3o3KYTCJgIbnJBJOFrX9aVGa21yeopQWNHaiI1EplRcIhyNKSJaWkpjCGEIhMFpMCKKikIxTY0iUGnTNE5jiRohZ6qEQQIpcGstMkIhmSBKiVKiQBRkBJYyM6ymWomIMS05pJZpRQg70i2KalRFYBuXiBJ9oRih1twkCQwY5FrL1FpOFiiasEKKEAZNU8v0rC9R6jAMaZNTa6pdGJucGmARQCEUCFoichzWNUIqdjotRxQbQXRRRpXVcih92ZjP0rQ2tZalKpuigJSeQKGSDdqYtQgFACETxXKaVBEmjWjTNCZdKZJA2TIlcIlawxatJWmTIGdmmVRLTa3HUVFoQq2WGpTMNA6EAA/DGKWUUp2rccrFxiINmW1KFSIEJT1ZHqcWlksUCvI0JUkhFMxrb5QtUWYabCNQBF0NURRYY2t2UmopURSWh0YpilKlMKY5bNcqKRRVyhRO1WqgMbnh0loakc00MhsuLZtdUMBkI5VZRyYJRSFFLdncxkmhEqWUsDMbESHT7MyU3HKCFHSlKDSOLaexdlFrL2c6W2tRinBraSIoBpOygK6ECbCCNB6bisJyutRIZTQR2AHYY4AiiouQI1OQQYkIOT1MozPtnMaMIGohPU6D3aKAQqFZ6cdxmNo4pUpEkWQRQWZmKkJFOEozhall1FISOVpmRAhUrBLVJaRaOzuBUK1FEVIwpRJXR+2rVMZpUMpGJnGUUkpZL4fW3JVYrVfZmM36CC2Xq1JUui49ZQYQUumrojizRNDhiXQzEQpKFWRrLqXUmCYrkKQImXRzc41A1bhNY+nCEbaLSdFaRokItWw5Ufpo2WrtMlsbx6hVXdSYtWkaprWotS/hYnt761jt6tSydJBMU4InEQIIORMwYGQ5iJaJyGwRhVCAMS6QRiXtkJTY09BUo1MYpJDVhN2wrVCQxhBIQijkqeWUloIEtYQgHIFbWEhIZM5qf7Rc/81f/tXND3rYNLVGVoX6mVqWUIDdiuoU0IgCkpGM7YioUUyupknNrpJxIadpGluUUruKaVNLj7aLCIVKTMM6IaxSe2VKzjShbFZkaZQo43oopev7zm4mErCKZZEYK2opWSU5LXUKSi3T6IO9A0AlaraJsJIJShgwrtDSkwlJESWgQZhsSSlhqTVntpym6MLgtFRVIAUpCWMst7QUBlk2hFQi0rVlZktRospYIMmpiCBcbJcytamPAmWSMycshKckoBGzgLDbNA5tPSlRuKtdc6oUYymCpISztSSg1pimHMa1SsyygBeL2TS1tLuuoyizYdxaRMgQRZ2noSkthaUpyTapSUKlKpBVFdTS+ipQRKSsTBAZocwchzFbs6RgbBmiq32INFbWGkhqNuk0siiluHOMFqK5hQGyZa01pmyZioCwUiiiJC1NrcU2JuS00ulsUgkJOVAaIzCNgLRKwdjOZgNgrK7rapTlemk3QlLN1tyaIwLJuGAnltPYARIgqaYTLGgtQ1ZUIaD2PW62WzqzSVqt1vP5oiu1kRbjOGZmSP2sj6jj1JwoJDO5lSmxV9n66Luu1FoUZcoW4zA1T0xRC4KIiKII5zhNU0iCCEeoWUIipGYbAlVpcqhEqSUzI5WNxiRLpFyUUzqnDIwckU7cmBgxVl/6WR+T05kOOYlk1s0gp2bcpFq6zs3pLB1WDy0nsmWzaw2hqbWwakSNOraxL33zFMIpo0SldEO2mNTVEhFRPKyGUrqu7zLbmFMoHKUWIkSEsWDMJmftaqgYeUpqhCi1Ro3WWrbWlTJlU6gW0WopRdXpnIYpSbWSniREpBMyVLONxkjRSZTmMe3qNtmahlyPR85oZR39rMiutZYic3i4rKXMF/NpnHJqGaqlQFOocxnHKQql9LPNOjoN0ddeUWtp2UoJY7cc1qPTaYsU6mtNVJisohxN1Fohx2mqERE5jVObWj/rp9YQoSKrr51l26UUY+QIDatBpczn83GaWhujq4VIt9rVTMmOkBxgQpWu5dQ8CSIkRVpTm1qj67oSAbITAx7Hsaqj4OYodH3vZmhTTii6QkQ3MY7jFKiUEiGwokxtzDRgUwKHotRShaPrKpk5NhfhhkotNdOtNYe66A05pRvpoRlFlIgQPX1Ga2lksLOULjAlUOmyTetxKiqE7SaUU0u7r9GE2yThKcE4IgpQSozT6NZUcKbtNnZRwljQpkw7gqkRHnBEsVBrbWp0oQbGkrI1hUpVNifZd8VRsmUUAdOQETGOUz8rIYxX06gwSSjm89lqWJeppEJSUdoSotQQNhh3Mg7bRVGilNA4daVTsSLCQa2hGFoWTRGQxWFwT5kyJZCMFdi0qclCEaXDtDZGidVqDCmIRkuytQmkEIqcplCElM4oXXVOU0OWQ5KSVIKZiCpRCDlzPa4sBSol1tPU177UMk0ZJVCoOFDLpKWNJLfWJGsKxdhUCk5PjEK1FIyIbG3KjCJStXTgZo/NpSjtbJNCRkWoWNgyitZcaqWBCEp6MkIIyRLhIFsCtesVraG+r55ymqaI6KrStjM9QQmK0w5juaXTpBSMw1j6FMUtFWEbIgTYEpmWsiGcYcmyu1rd3DJlFZGhMVtmq6XgKLUyDKshTZTClHY2pXHWrqZbayEpSi1hcNqgzAwJlX5Wau1Nc3PWTFHUURwRthJEs91aFkFzKCzbqLVWi6yWk6LIKUWaaggVVQQZtQpjSE/h0ldNGQkVZaZElNKmKVFIzlyPU8N1VopiNl8IIMAqaqLIxVWSoygigNZIRYnW0piUoxERloowmRFBSEQIMhvIMIxjm7LvuwhlEJSpjaOtrguV1JRTi66ENWmaWgvkdGvTNGXpwFURXS1TtqKKW4QwW8dP1lJam6AYA4ooURAtp2lMAogQtkOyLWVEUCrpNkyqysmEBSQZzsxQEUKAJqdtcpLU7FBIQKIIZBlMgASKKK2NlaCEE0QD09xsZaIiS9F33dFyePptTw+kjNJFoDGnKtXa2Tm1JrVqNYwEKaRQZERBblZ0fe/MzIxAlKiVscl2s4TtcRzBUfqYWmJFqLWUu6ih0jJDZGtSuE0utZaugQLLNTqFDG5p7MwaslJEhqbMrtT0OA7ppnU7vPeeewHk0RmSkCNq6UxOmXJaEmkCWqTSMplTK11sbWxmer1cDeNUQpKsDIdlHJJxSSdEhOwmycbZAglZAJJUTAsVm3RiRFIwck4ZgYUcExSlUEKUaG6WnWxubXcqKUKdUDebkeOU1Fq7UmlpsO2CWqqECIWzOaIGI9I0TSCIUjpwNkuJ1TziMBjLiRUl0k0oRDYHUoEmCTdGxmkSRSVKM9Gy1jqObWpjlFJqBYlIMhQKRdhNpRbbspWRSZGHnNrUSte1ljB10SGHG45SuwwDkNmaFAWiKKKObtmmGoTCdmJZxlNmKIQc4aIwUzozQySEcRUNdVJE5mQjkGmGbC1AdLUbpxEnoXE9dH2tUYxLLf28X6/Ww3qICCuKaIZmFRczoVJCdtoSlAqM6ymdlqb16Ml13m/MYxynDHfdzLTWWqh0s94GydmMRJSI5gZBRl+7zDZNqSK3ltmKop8VBJbDtXSmTdOAFDVaa7IiwoZMyZOnGKDWzga6foY1jOsSNaO1MdVsZ6lVCrlGxa0ImnOchlk3q7Wsx4k2ROkINVv2lA5MrQpaayqU0JROp4jSlZJlmiaiGSzAZIoC7mrNlgpaZptSvWbdvLXWcirRTeMouSocZNM0rqbW6qzratfSzlb7HmsYhxrR1SrV1qYmR6O5tVCbGjhqRBSbdOaUkkNJ9EWa0uv1qpTS1RpRpmFI0Ue1smZMzavVukjZ0Ga4ZVf7GkVSuhFBuna1Jkjev3BElGuvOdNFv1quwIGsnM9mXd8jr9ZDeprPF7i0aWptcmM+m3WzLh0ma8Q0jC1dQmlUIkodx8GN1gap2E3NddZjjeulu/m813oFtdis1sN0NMy3N7oSaUeJsbWcLKc6TdMkQC6oSbVUhYLoZ72igBVYhFS7mk2r5brrwxY0jJN0y8hau0zXGrbdGqaUGgFu2C0tqXTVrU3jWpWgc1oKsABFCbVEUnrC7ksxJmitOTNqtrQzSy3N2cZmLIUcCLCiZLgoFLLVbJNIndRCxYZSQsO4jui6Wp05jpNCEdHsaZoybTenFX1LyBFcpNYmXErfS7ZyXI126Wd9CYlwlZ0oSl85pKWLQhHraSrRGZoaLQsdaSQgogggVJiGSVJzRnpSiJCwLYEglZlSKGrtuzYMRs4WYdsS2TLlLooFCWac1m1/IlBQpKm1UMgQBJGGTAs5VIuSbAltaJl2OmnYtiihtGcRTTSB0klmUrJ0BXscJkkRRJQ2pUNS5jRhbKQITcbOnOyOJpeUccq2bGybbFIphXFqJaJ2MWEgCAjXbONAFHBrllRKVUSAFFZOwzTZUZVjJnSKkNRV4XHKbFNUioNKSRCSnHKoRLFtnC2jRLZJJimZrRiH2jhFUVCwkzY1OyNqEUUlQnZaoVCx8IigRDTA2TDNEcV4zMktQ8I0O6ekkrXm5LSDqk5GTjACQkosbCsiqMItqF2dpsnNKYdpOCTSktNSyyhuVkxTQmupWiKIJDNbWmJWFRLYJHYiJ57SlaJiM41T33dINQTRpmlq667MFbUrUQoSaSslCdtSX+VkyhRJlGyks3S1lurWUgmQjG6lWQ6DMFLS0kyTWyY4ShGsVgmUCEQIUSLSzrQioBUBBSIE2KUESTRlcaklIJslzWd9a4AxmVYJWiaOKGCsEJYETpAVUUsRshMFKmAJFZEOOoL1tJI0n89KwTjTJQoq2SaJKBXsolApCtvgiBIxtUyy1ahROycyogzj1LepRGxtba7OrbHSaaUIiQjhmMIBSBFKY1lpUUJSFGOcUpmYlC2iGGU2KVIIRbGtkmoh2+mUDEymkLSUqorcTJrIVEV2xqipRlBLtmYSoxJVjK3ZVgGH4K677iUoRbXWsFsbR+iLbY/DRJUVtVSLNqXdigqhNmYTuJVaSi0tNU6DUmXW1a5mZjrDSqciJFUpsVCE0shp2XbUUhTk5BT2OE21VqNpGkvpqCTITjdMc5ZSUI0gUtM4DTlMrU3jYLXz957dOzoAuloz03bzJEfLBkgKVWcW1YZajimCahxS2BAhq0TJAHCEIUS65VRKEYktlYhoUyNB6bQKSEqrBq3RRGDAWaKkHTWE29RACWAJOTMLWGEwmXZiFvO5IaAopKpwlJrDmNNELbYhSg2QSUMEoAadIrqujU01bGPbnqZRRC0lM9uUiJoRpUQp2SYMGSoCOVSDTCUZihC59uSxqpZao9klE9vUrhJFNgrhUottGTtMm5qQPXnKKaaWRaZEkRSmCVuEwqspZhOKzAREKARRShmnsU2jlUEkIWxEs5UgRGtWCTeq3SIkitRQCBtPDVItbIGyGQhRQqX2todhAIoKSkJdX/tu1pytTTk6SjHUUiAsbEc4ZZymFpSiIAUKiQS6rkqKErNFVTg9ITsaFGez7ZbqSqaBIqLU1hrg4lCRw0oonibJ4ZjaVKJ0XWdPdklP2VqpYQEqpYvQclqnJwXTlG0cu64qmdJlwqJUK2q2aT1MXUmKZn2dplwt14vNWmpNWqGWWqZpGqcp0i7dBDhRlRCAxqlJEEQUu7WcCqV0XcnaMiEzo7WWnpRRa0xjSzIiBNOYSStSqBCScppSjlQbhlwsXGpkc9QCJMkUpXOgzASi1BKBhGM9jigWM5vI1lQpKoFaM+lQKaFxJLGglIKU46hSbCs0TmMuCbKRfakUM7h5Cmk+79dHq7G1GEXL6Dsp1sPa0qKfjTlWS12Usa23NjfrbJYTU22lKy3bRJOkrqzXK5OK6DSb1b65DauYxqnv+tJ3qtGGKdIo0tmao9QpPSwPqyJqlQQhqFFaVcuJ9Dis16tVbG9FoRSXKEf7w97RbtbYZE6JUksOzcradUkKRdDSVkSQhsxGKsLT5KmpCNlOt8kJkRGdoLVImk0t3ZRTa02KNja3bFCkCGVzNo9uoMgEl1JrV50OqeHMCVNLtYRdK5lpJwiFoOXUMotCigg3u7WMCFlpdyHb2GnhSQi7NRvjhhRFVqFNCaUQpZY2UdRI21KCbAGCUkq2ZiLkcZyw+3nflT5zgCx4nCanu1mHnc02UgpLEso2AsMwSCJNomKTpCSlHVKJyKllZtd16aQlikZKMs7MKMJOE0FJuUQoicC0cWyZU2ulRJSarUm4iaJMk25kFS095dQRUpDIctpFSje3zCkiatQ0OY0RBVuEbOSAlNLZJh9N61k/62YLT3Z6mAailqgRJdsEUYtQRCk2EXI4HMZpI2VOmIgoXcgOFYJiRifplhlIUhKBTQlPWHYayQasJKmlNBvVUhqOiIioUxuKArvRoihUKKZlc4aILES0tsQCWTBhrBRVFp4yOqVzWI/Ii37m6Dy5FTw5gxI1p2lqWVQUMS7XU6YNzlICZcts6Vmts9liNRxlWopMBxGl5jQCKiiLyShFUk5JS2oYuxkcwuCG1YKw05Cjo6jWrk0xMSbp5lJEGiRJynQDIoKIlq2KcbKxIlqaUIQQbukSYdFEGFkYmKbJsjKnzMw2KzOQ7FrDLRvZlWpla5MzVZCIEjlOwzg6qX2NUGtTUUAoHKglnppxV0ooQJY9ZgpBqCgCWxZuUwNZKmS2bBFRog7TahinUqOLnqiCRNlyallLmEIw5RQAihK2M1OBG0WRRsJghDEtANXUJIhCtshpMlFrFNXWGooaZBq7TYnSmVKUCGfiFKEgWzOupcuWbWqlVjtrX6VCoBS2isHTlKUEkHaJCZc660m7RBqyKRWdwrEa1yIV8xMnT547dyFCzVTVxLbTEiq1cJktbEl2WjYlxtHGROTUVyVBqjFFk2rgtDOTzMlRTIJKlDSyC8qUaKhFqc2ohNJoNFFKCI+thY2wkRQwOZuzSLLmfb/L/hOe+ASbWvtpGrsSRZHO1Th0ipCbQrhlqwiVKYdUKQgJgmiZTiOPpCmZUyNUqbYkbINwNpkmlRAhkUYOydhtGhpRlKuxFUGEcCrSLRuyJQAUbRrb1GazXlSTBmcKd/PeKnffdc/yaCkpEyycSqS0JVQUGZBKEBJkhkmw8TTF8miZrdmJIsMFUwtOJxGlpQXQIopbA0qJFEU04USyJhRhtbQNUikqZGJQoHRYKs7Jkl1KAMXZJDtkBMy6Tn0HnjzZZnSUCCklJxEFG0cISnFijLOAPSlC4QiJmNycaTsCRIIkhUxmOkKIKEJON2WEcIZCVUI5TRlVckxT62qnLlpzm8aETLqI5gk3IkpEphPCWOFpLKVOnjJbrV0a1GrtbNcoiS2GaRjb0Nq8OIsEoIgo2do4eZxarSVUpMjMJJEiRJJYhMKCIpoyEIhCdSCnG0QiFTmRKVUlqmVaKoqzZYJbdKql1tK1GpmWFMTUhqNlCwqFwK1lBDSFwhbFNrQcbVAXIhPINlK6GNZKWSqqE62qs91aEhGhdNZasiU4THRVxJhjiQhpGFtUl1pLlDGnHLOU2nJy2jGt1+ucrM0IVSsyWyj6rraElEiwTXSFliKdzlRRa62F1OQ+OruVUmrtFAoxTaky4mitFaLOi4HMUrs2Tulo09RsoVpraxMkoWg1bUyGaqmGcRo9tNIFdmutZQOVWpDGHMlQldOFrpS6HoYSWSL6zm0YaylGwzjUCEsooxSARKGIGNsYUun6maK1HKYUbm1SooJKlGj0Pfbheo2zRMHYDoX6udtAUkonRa1lNaRTmtWikt2orBbZmp2Sh/V6mtrcZOf1OPVdTZqhpnNqSdLNZjXKOI1pzxazoKyO1iT9oh+mdVDni5kdzUwtKe7ns752LXN1sKa12nUqhKLrmNUu3ZoCCdPNKvawGsp8XiOGo9FKOYbhaHnY1Vm05bqUanx858Ria0OlOu1mQuE6tUlmPp8hhiFLGAXpbE0hpcepOae+m9fSO1szUaSBgBSAUJSQiFTLhqaqmJyWgzpN6ZaqoUREU2vroetVa4HIJJOpjaUWuWGl7WZMlCITNcY2MkkCUAmapSYTKslUIqLGNOUwDNip7LtZnVUPzcoSJc1lLdPYmS2YiBqiTU1I0aPMtABUa8kSrRFFuRpC2VpzYT7rxtaW6zXZVMpsNqeN62EqNbpSh3EAWpuYDJA0ppxyvpgTmoaUFSEbik1KQmQ2I0GNiK5GlGmc2tSyZZQoCFqGnZNKCTS6eT3ZiYJ0QrZEgYBsLRQi3SihtNMmSWeWKBE0wI4IVIScVkQOSa8IgaDg1izhiErLNrWj6dCoBgAqYasolevlWqqL+RwJkkwFCruVEhGFNq5rCCJKyWbniGynIRShqHZUQSQCR41xzFBMbRLhkGwyDagW2U5HTFOTTFgTBpu0lahMcun60sY2tink0kJRigTO1hRFJQJhJBye7EhnJnabUhEUF0m1SlmLVs22LWNHsKg94bTtLCXstOm6GlVauXSdbbdGiSI5sKpNtlb6ArSWzjQUiZBbplIKAy3TzeFQZJKRRWE3nDVKEE1TOto0SDUKWBEFPE1ZijCqpchuU1VkpOWI2txIlRKZU1TJGsep2UCtBRG1xGosXY0oU2ses5aeaG7TNI1Cpfal9sDUJttpMt2yqUVrU045m80Uai2Naokk2zSgopAwkkWRjCIUAXSE3ZrcUCBluBIEra2dzOd9iSKYpmapRFAUjrSKBPaYroUknY0WjqJIOT2FS5rJjdaKusy0gSkiAoQQU9p2a5khkDMloWx2BXDLbJ76Wgk5Q8IRShe6WBQBtkQptaWzja3JyIkK05TIWIRl4ZrTkG5d19dSW7ZmZWZ1AeU4uZni48d3gKhRMjJSjZYOpchQJKK1tCNIu0SdcvSUrpGe+hKqdRpzalkjgqqOUsNjsxxEKEyGysREIwLATilswMosgDMlpVCiQiaSIWRRApJ0s1KqRXaUgLzj9tunYejms+loaG5RFBnjen3paN3P+q35wsqpeZyyn1U0S2fKtiIcUZ1tHNfhWmeziFytBsFsNsNuahFgRalTa3aLNFGQhCZckFGjyQ1FLUJqmQIBzaY5yXSpUYolRYSipk0qIiRwiVIjyt133ZXpUiPdkA2BLBRhnDQniaNJXfbqJpzNUmQm5DgMSfa1S1BiEG1sjXStJYRJE5Iz080O3EwoYGotqkA40ygQcjM1o8jZpglwlEI6m1UoAkFmqJYK0xQEsNiYB0FOYLJls0ySiqi1tMwIbFuRbbIRjNPoTEMtpURBzrRApZRSDG1yRPR1nulxmqLIYNtpRYzDuuv6CAnZLqqWa2QUTaniZlmAFdHhMWRJpdSWU8sWUafMEtmaMcM0VaxQpRjsRmrKVnspAtvNSimi0RAukiSpTdMwTLVGraGqyEjZkUGIQKQsMgRJsxWSw2Q2gFKwrVJkBRmlTJ6QBC0bckjZptamIlQ6p1uOJkKaxilCiih11nK0jGmZ2FYpyqkRUjabJGVJpJRpAFHtycK1CqzEiTTlVIgCabWWgRHZUrXUiEyTHqem6oaVUokkFaXrZ57aOLUSdVwPfa2qEdHJxkmEFMSEI91ERITtMCFFRIZBraVF6UpVjYjVeqxd2djcBNJZVECZLUoppUQpbUqXEHSlINIZiNCUk6yUyFRE4szWlToMayCEu4KijaMDmUQtW+3KxmKztZaZSXYFZ5n1s6gFuyqmsLuqqXlSWrVEqXVKjJPWlVrQepzWU87ms0KlTOM4osShqi6K0UirpQBuY0RFzsxotkRkQwqbVChK9FEm0m5IbcxxXK6P1nUefb/oIxLXzFr7sDYWc6fbmHaripKtQamRdiBHFzin5qllKFG36BYKpT0OR10/K5QCQ47ZUnIb1y3pZrMuSkash3GYxlAsFhuQDaaxlRIRkdlqxHxjPg5TzKQoVKC2XGWuonS1m0UE2G5RgxaJWyPJYRhL7WqViNYmQ+1Lm6yoNcK1QFSpKWS3liplak2lGpda0uTUKGpDKyKrE3eqQtmMqKVTuGVjAmzclS7dUKlIEQGkCELK5pTDUtBaKw46uRmcU2ZOzozSRThT0zQhIUoppXa0Zmma2tRGbGotIh0qpRSM2zRNmTX6BJvMsZZOIaFsreHSHCUUOY0DYVSlkN1wtmyt1VIjYhyGErYTR5QSLSQUchFQ+ypqRna1NlIlCiKgGYeJkNM2cnOSpVZFkSm1ZFpQLIpoxQLwNA12LaEoTisgAAcFSKdsCTtLAYGptUYpbRoVBZFOkKLYJjE5msCqAbSWXRgB4CZUQ9H3mzXXh6v1apld3xXVUtJyOppL6RQ5OclsU3ZVZMFOT7SicBBRww1athydTKW5JaaWMFIUSa21tFNURMq4BaHEJJGJnX1Xx6nhJKRCrQWFinDaDgV2JihzUsCs9oTcXEGhsSX2vKtTtkwUGZKo4NLXzVLGcWqt5TQERZJDkZrkKJ1tA2TX9XYIcsrWmh2lFsgxc1quxzRYBmS3hFQpkJlRHabZLVuJCGHkqaUdEUghUZxNwiGVoslkJshkja7ZOTmi1a5aoXSSit45ZY6KElG6KIFbYIJmqxGuqAVAqEDL5tpRogiqSqB0BkglbHlSyEEoogWS7bAtIIRay1pL6Tu7Qx4HG7V081QkORNla04505HjMKqUrvZIJnMapyRQRgZAGIAgCCRZFIEzoSiiOBOli0qUTLABqQQ24eaWYyv9TKEgJEcp43rMNqFQJLKRSUxLApBKFEO20VOW2pUo0zRla5apUSgROU7jgEspISBojZDSIaPSMjMNSExTEi6GUrEjBGHIcSoqUcgxjSOi5UTS19IkSVM225Zr4eTJE4Ayaq1Tm4acioRJQcsSpRkJo4CEoKojEBRFVRR7JUOUIGVPbbTlNF1QHK3ILhZhKyKCnDITVEIJiauqSZO2oMkIIhARhZaeRkfQ1ZrKtIapId1x593p1vVzlpdKdK2NtXTz+Xwap9Wwno1913clNDJlUktt2bK1KCqhBpalUFUnEoWYpjZOY4kSKpTAxggpSqYlB0pETpRaUdQyTY0otVhS0oKayEzCLUmmqpntEnXW98jjmCVKpUwTza4VT5y/cBZcu16E24SzKcIoHWJKA0VSCDDI2JQwglAmtZQoEU2TW3OWolIqkRYl6tTGsEIoSguns4SA1iZkKIhMF9QshMJTZokIFcWE5TQQISyCbJm2IsJYBRI4feIk9vpojVVrN+ZgtaLOznEcSykGk1M2ptbSUcKZ4zTVroLaNEExSI40tXhsdsPVRlKtBWy767phGNvYhAxITlpOjoxSKW4Nhbq+yykJWjO2SqAYWwuaISDdpjZkI0oNUWtVRI2Sam1qLUN49Ioyn83ruDwqlKikur5UrGlM27ZLKbVSS6iGGxnNtiwUKVdjERTkCUsOyaI1kEzaDUWRrBybq7NGaWloIDdSTSq1hAlEa21oybissw43qdgC97VLFChpY8sKaeGWhlBYrtAkcKISACFlFEWEQnIjM0vt5sJACORpmnAfJe2iZnBOTuwp6buopYbtbC3TXa3uo60tqZ/Vrp/llG0cVKLWDrtl86hSaS0JqUSopFN2umCLmNokjK1ChBbzmYgJqyWISlGk0y0b7kLNSctEMgpFLZ4aSYKcAFYpKqg52zR6mqjFVkjCUSJKMamWmc2tKCIilTgzsxXVDBXFlOPYslTRMqJszrpmWhsMklsSJpuJDEmFnKYxpi5K15VsEZ1CMbU2jVO2sRDGEbXWgqGEgFrWR0tD18U0tVKK05kW9jQdDstpGhTl4GCPZT19ui+1q6V0kI2uxnpYLtfrvpv1tdSQxpZRu1IrKmpRS50yc2rZxjKfQzQPykooFON6KF2tXUfaSKVE6fs+aikUcjTOcWhRYtbPQIFtrYahSqvVELGezeaKKPNuMeudrUbt+i4QkUdHq4iY9V0SOTlK0HBm7bo2rdOWjKJNrdbSsLHtjJQzrWwhayKNi6LlhJM0OFQmOaSuRJTqsIaplSxdIbOZki1UwbXSdTMc0zTWUiM0JiIjim0ISRGEMOmmdBL00YPHzCLVkKND4XTUkLoIpV26LgKrOLONDUUtmjJL6QJly2lqrU2l62qpkDnmMAwRtRaJcBiVgk0qw3a2LCr9vI8o6aZG7dSVgmJsk21ZXVcN6YQwLtHVCEBSZnPkMA1tSkkZRU6InBrF4QTACkQdx8YwllL6vhcpRTeraaacMlMQNZS2DVaEJFGKcA1nIzOtEFZIkmRFLSVKwZmZWGlht2wlRHG4yBkRCEM604kNKGTnehpmmssQITuiRImgTGTYibta3FqbxogSShMUO10kJ4md6Yk0NUqJigyMdpCKAoBtDCFhpV37vkRMrWVONaoEISHkUNoZqsQs0DAOObr2UaNgt2xqojhCUi2BxYRltZZuraslWyMdJUC0lEg7m6Xo+361OhqGcTGPUrrmKY3aFLWOq2mizbq+1hgzbdcqpNaGrsybM1dDiTCWbYXBbWqhGgWTxZFhDBTLVoQCZanOlk4lklDUouZsputKTM40otQKhhZ9KQJFjWg5TekupijqXKMU8JTONiFKp8m4haHZQuAEE9DsEsUGFCI8Ke0qmwh36zZ0THS1dhVjOxtoKqUqiKKWWSJqKWlPU+tKlbBFEC4Wlmd9VWianM21RBS1TBlFyUZqUHYOFCFaSM0EJhQo5HF0kaPIWUqkM6NUp8DT1CJUFEO2kokVtStFkjKxIRsFNZcSJcKokZGBEVgZydQcBUSzw5kKqZQunOlMqkSU0hUFpqXTE3YtJSJAmc1pY8lKlVokyShynJJ06XqUDlFKa9RSS60YknEaW7qWkmlCpZbMKe1rTp0GMsfaz6ZhLEJS6YrHGNqIWpIyEcUE2RyKKDVq83qapuq0pQhnw25YJCqKcFqSySmzopQwzQ2KNIGlQpRwoOaklK5No21F4HBmFEGBVopKCZXwqtEFoZDuO3vhzjtue8jDHzVNFqOTVjwO08bGxrxlSlPLcT1GCWdONs501ugc4SmnsYWiRp2cTqcd4WkY1HdBadmmNnnKrqsoaikGUIRQh0k5J6LWnMa0SiGylig11BKnoxdZ0pYlGKZ1KDIzQpioktV3VeKOO+4GaijbZBSl4kkqhpTSGRFSGHlqKlgR0ZoVhRRFgWmTHdncbNulRhhNU1oOIsVoakTB4zipRBijUsKWM4lIUSOwM5EkaJmBMrBbEKg4m9OWZURmGkR0wDXXXKOu1KnUEim6WpAylU6npVJCIWXmCKASpfRSiVproGZFlGloza2UyKGhlkitZSiIUmqbxmxtTGdrIZVFb2vKpHkY1jKzjRkqZBNqGMTkbE3hoIAlg9QgyOaOUFXXdUYMQ5QAZNW+q6l004gzc7Kww24yU5OKUgiIiCi1Tpm2pyzhbCnjEC2RXapJ207LCGU6CipyuiqM7NYsDG2aqIVitwTJJapBkgljnIroFQkhiAIKMbYspYYVgVSamVqWCEWEZCnI5oDBdAkygKcpE5AcEF3pULRp3dK1dkWRZN/1zbYdUqbdstkRUSIECuQi5dRyylZLVaF2xSZKB7RpnNpU6KRGKp2qERHTNMmlq7VNTXaUmk5MykIJgaWSTplkssERBaUcCDmis0qEutqmMVtOOZXa9aXIZTWu3Vy6UiQFxtOUEbJbgz5KiCTIVroCkkvpyjSS2G0QKn2X62yZw7SSVCJK7dIDTVksJTZJG6fWWu1qm0bVPrO1nBK6rpYoHWptsqP2kZOamMYmhVSGcey7rqs1wXbUcJuUUrrUqKUjXaNkji1bWEMbzp49u729febMyZ3NzcP1SuoVxU4crY3ZmFqrtXa1WlQ5atdFCUmIKKVNiSC0tb1Vur61MU3f12yNKBE5TVNXa1VY2C4lIMZx8KScctZ1Kw85tiHWQaQNDqNS+hrjOB4eHfalq7MihdSN03pym3VzJ7Xro4aJCDfIzGmcEH2tk0LKlsZEKDE2ZmpTugl1oXRO2dxy1nVTZhAR4YjMsWUWSVZGiWIczGbTMGBFKSQ5pRlVVEs1jONkGzy2aRonIPpqSWBIZ7aUIiJKCVutTS0z7IzEUaKayTZWjZICpwymFo0WZERB0ZWIrqCYVuuWGaV0USwxCSUlaoSVQ5vkiFIignQjgRLFbtM4dgUjglCEaM6QooQtZ8NMUzoxwm6ZQJRobaIp5YhomRWTihpMads2EUC6SVGKlKX0nUo4Sdo4goXBEIaysbkYh/V6vYYihe1GVGUzzQ4i7UJBmbhN2aZxPp9DmBQKAjVKoijqJFpza82m1JDUWiIDIqSg0TSkW6mqpStFCrVsajmCcGtNJbquU0RmkEBaQqiAnSCnQkRGVmtyUrvSWpFtMQ4jULoaCtUYh6lECHASai0lJBF1nJpUm6fMnNduajmNUyiKSss2jq0UUUClRLFzSkslCIdlhxWlyzYSksGZdvNEEx00N082EaWUGiFcxmxphbP2tY9O9tRSRgRUINxFjc6a3NLZdV1OthxStk6UEgWgOYWVpAmpYDuiq9VtNA2kxGSrtShjbGObsNOKEiLVaNPUuhKO0nIq6gmVjMwWKhFRSmS2aRxXwzDruzZOSZIJSArUWsNGBQV2NoAkHQYnbWpZwFKUEkXOFgpDRFG4tWqng6LSyHHKzNaa09gAbs0qIZpRkSFbQ+r6rhRla+M0lii1dKXk1DpAgBIrpdYGhyqyyZxMjs0oxnFSuCsdTmcaSogwpkbBOKlVCdkyhNHYmkzUrkQYpyGRSGdEEbIgAPp+1plpHHNqJUqUmJrdUqEgUAu72YRymEotqsXOaWwR6mqkbYuAKUNFJcapTeMYULuK1UVFxW2QhGmthdR13TAOps36eThrdGlJuv7664FpGmtX02RmraVG1+roKckqa3IrBG1SLX3tptbGHLIZZ8s0WVRMAiE1SiclmenIyEhwyihoGEMTEYV0ykbRmgVkAyJKLcXOYTA0hUmkQLRhXHvqmzMURZnt7//+bx/8sEcUHC5UnE2ySu1ntDEtRY2iQNhGqrUIBYxuw7RWqusKxs4I4UohSnEE0yhHVIiQjcjWQkoo2FZmEuBiRQ2KOpdUYDsiJrdaS07gtGktSZWulNAwrAW1Vkzt5sn6L//yb4GoxagWIjSOpYQSZJsIVRd7GlE0Rdgqckogo3TilKuFIiFCaTtTSlsEkZ5aZjMlAslupkilREsnKkKQBqdFiJZkttmsn5qnqaXoiprUnFillJBteRoyAY6fPBEqI+M4DfOYh4pFdBqXGSVKiFAm4zQ5XbvOAktA80CzqVEUEqGoVUorzNTslglRotTiqU1tJJPShZVIxiSA7MSyJETYFilKUa09oMAmseVpmmjUeafWhmmspUYpkrBatoKQS1Goa245DYqO5lTmyp5ZlFoA5dSEJyYMRJuEM2qH1WIMRzqNbWwDzSmcLiVJgSKnqURprTlNqGC7OYQpUmISK6OGUmkiJAhheyKV0RUJtWYJMpJWQmGAQGMmSFIEVkkoYjQAJVprgnEaV6tljy2vV+tSi9SbdEpk6apapghAGQmilM5KNxrTuB7T2UUQDFNTyp5Wq6Na+67WqpJktiylkMK2IxSQbmWaJklN6RxD6iJcqxPCmWNLCOU0dbWrRVNmkn3pMSELTXaRJUkORYTUIEwytbHrq0ppbZJTMg6biABa2iQ4GlIjg6La1WnKYRqLwrZLqRFF2VrLNimjOKhAyIzTZKdkk+thrH3pa7RkNRwVVSggW5Qgs40g2UiOiGwqImoNKacJUIOI1Xpo5Dy6aZpQKIrbNJ9XJ+MYx45t164/Wq4Xfb+5uTkNk0hUQp5ywtRaSotsDaKmG8oS3ZQppxXgUjvhUAm8HhMCNE4tpK6f1c7ZcCgipnGKGrVEm5CIEikWG5ttGMZpaiShWjSBPZXaVxHukNtECZtsSRs9TGOp6moRMU2TJOFsRJRSKyGZllBqpzBumSSSp5YqEZJx2jiBiaRAI02EhVSQqslsFEqSRRF9b8ktIS1CXeJm2wRW143TEKqlK9glwtDcnGBHiaKabmGNbUpnRCl959ambCZLVBU5c2ijM0upSYsWE5FuUaswpnQFS2qllmxWBEXDcuhr6Wpvg5SWLBUCkyTgVGbt+mFYZ2uDLSK6YGI5DKWrtVZJtAaKKoNzJG0BBoJSIhzk2AhFyJkmK51rVWYmAjdAQFAaY09M02SRyTBMpURRQWSmc3ImAArIHKUoIiOyOSyTJiIaiaKItD2NUxpnKiAiVJTBZU4H0ZgwgkBSyAEQIhQhIalIoVIzHW62mtNpCykE6VR6GiZJEUWYEkUxjYQmVOw2DVMpbuDWFI7S2a2lQc5JWVVRSiG7tdYSAoFbcy2FTEV0UUI43dKJu9KVqsQtESZqKUEytQnZVnpV6BAioqi1qTWXNH01MLmNjYjqcHEhbMs5Tq1EZuJ0Mtl97TqpMI2rYVmjICXGmLSlUDQiWjoVTiM5inBrzS3t1qKGHE1NViQlIj2p0UzX9abZSrdMVKKqkg7J9jRl7SiqhjY1kSFNbcp02hFqrUnRxoadSagUQsKTjQwlwhhDUylYUMLrBNo0mYhSFNVkNlNcoxiR2TylLRVFQKZFKpUlOhhJSNst04qYpqmLSGc6o0REmXAUKWXTMof1WHtKCYjaRU45TU1IKHPMTBStNUUFZSrkzIYTZJz2NE2llOiKpGytSq0l2CintLN0PeSUBEQEIZqcLdOOBEs2ArpSIwK5FDnLOA0QITlBkkUIIjORNanWTqSnlk7jiNIgouDMqbVxykLfBUSUUmokxshAGtKZ6Wx2pUapUcbWpqnZGV2EUPr4yVPAehyj1JZTZraW0zRmpq2UhUMhmxIlhGhubo4QKDMxxipVsqcWdvTVrVot3SDCKrU4TSFUbTubVCBth6CIJBEmUK11PQxRhCJbligRMbahTVNYGeSUfT+bxuXf/93j3uLN36bv5+lmp0xEdWtEjQhB6brWbNuG9IRLIBVBV3pHNrsilVJLmbKVqNhtarZrLaGaLaN0CqejkdM0uStFSqsgSbUUSsmc3BinRgmZEG1qIbrSZbapZQgFodqy1VJK6Zubotu/cO5v/vovgS5KqKRbplUinUiYWRdpe2ppRai0tEhbdrNCStlpwCqOpjQOrLQjBJaxVEMy6UyaqGRaskVLlSCVpGmZBquUlpONoUhZSmY2p1BAutmyLRVUp5bA9dffIJimsU3jGJKqp6aqkIKi0DhO4AhFLQROpmlqbVSHm0STZrUTVCvdaK31tSPwNE251nLo5/MoUVrQdbWUZrc2CqmUxaLKauGwkCwpoGW2yW4iSlfalLbJzEhBLaWUOtnjaj11U1WNCEXUWoY20tR31XIbU4VSios6olUiSgojcFOSaSkIIWNQtqmULiiWwUqwESrIqEXIKdJ0iFIEhZLR+n6Wmdkm27ImG8CEIsdGYINs1FrDiqJsOdilFEhbzY2k1JJUO5stA+mQ1CkUrRksAEklyGQ2m3XdbBiHUru+n0l2NiQgpWI7RLZEhWg5ZEtsZ1pSBIqqiFrcMjBOpK70fVdLqQ3CLiJbYiJkKLWmTVGvfmwpexwTZ8xKKSWL3SDdxlG1tpZdp5Rtp2njVELj1GpXmXJoU9q1RIkSJZpTmSFtzHuV4uZxnIqidBVbWaJYUnPSWukq6TStjZUaNQSy7XSEsNMoJKaWkFh97ZyZICmIlOaLeeaUGKLWmOWsYZnWWiklh1QFZ1V14JBNqRGlhEgbAU7Sk5W56PpSa8uWNm4RNRRTTv18Y2Nra71eZcvVekAepyFUCZUSYFGKSiueJiitjtOkQnHKVhRsyTk2wo4cUySlRMuhqxUZZ2JsGxXqrCtSUXEMLa0AyGwWY5sKpZYaUcrUxpa1U8kSkbayZWIFs37W9zN7UpSIyOY2jSBCEaWrSrNeLzNVu65K4zRkZgSiRMSsdIZs0zCs0+5qqFQ1p4JAEklRWCHS6YDWWumqm9PpJiJJRQlIpUudOdsUmnIKy3Kb0q0FKl1VEkFaaRBRtV6tM1X7WkopOBUh59RUW4kyTJOnRqFEBt00rSu1UhRRamRqWK9Uo1IU6qPYjMNUahlxjEOoTNOYOcxn81I77GxTa5MdXVeQVUtJsC2PqwEicbTW7ChRSx2ztWYVmiJFSBYCZ8spSynUgshUBFKdWovSJSYE4LQkBSKo0zi6KGpVS9nNLsUkokTEar2ybTvVhGzllIGS1rItFvOibpyGxIEV4cSiSEk4sTIBWZbtEgVcSqUqW2L3EUkTiHA6pSrkULHdpmkymvV9WAmlVqExx2maAjdTVAhyckmnmtUM09RUFV2RomSO0eQaeBwnS7XWEr0UzZNoYZWuB+QkAZciwkqMh3EsNUoJO6uCztmcpLOVroQlSNLpiBDYxUpwUJwep3Woi9phhKaWOGU5IB2SpDaMqanWqojSRclZyxbThDKdpJsIeZwmYUW0bEpKCTlUok2thFpzqSHI1lpLTICCSEkYpmxSyBQxtbF0JYeMCGAYlnLM+t7piCxSSyADYtZlyygiU0ggCUOmjUU363pqa21qGaVgI2wZy6p9rKdJpjZN2QC7BFaUvpY0QUFOMhRI65YhhZw5llJwcdhRchpzyqmNIRXVkCRHDbu11rChJpPS2QKSUEiL+RxBU6oxkQIFBhkcUKJTIKGIrobdEF3Xm8xmlei7WUtns3DaBkkK2tS6ruKAJiu4zHKCHCWS5swo1RY4W0YlnTk65ES160IFUSh2azkVh1sSKlEt4xymKUiJUioO5zg5JYyjVhughEJdjUK4pQHIUEjGqCjbZNVSKlJOLYqTGEfPNuL6a68TTNMElKIonRytpeUaYbJ0tbOGaRQhwplFkZFFBZCUtIgIIalJqZwa0tTsIklSxTahgGbbKYVsG4WyZZquBsHUsjXWw6BMAZAiapnV0taTI6IUSQrNYnZ0ePS7v/9Hn1o129g62LsoaE4bOxG1FChySpnZohQczpa0bFlLROmDwDpaHXWl1r4rpcvWhnGdU6u1KooU4MwpKEiy+m4WIkmBwpmZwushsxEqBE6bUFHYzaYBtUap1dmSdLMLSWukk7vuuv2ue+/tqqLWcRyxSwnSSEoiojnTLcdWajhxVaBpasYhO00UCJPZRhOhSFuyJNshpGIndtqYUGCiVIWxLeOkFAGWbCJIShShNrWQSikh0jYgaq0iMhNSoXBDPPqxj8gpcZvPFlKVyF6kSy3IwzRmtogiorX0lLZr7WstbZxqV7p+ZpOTI3C6tUlJ5hQlUhimMUttEiql1vDULCNycqRVa5M9pUlDhEykKF1VBhFtai0b4MzValVrjYrGCej6rirG9HpY912xo7g0j+v11M3n83k3Zq7GdVc6y1UBqTZCAIVQqJiuxGRyzEZGStGMsxksBaHMjCkgU+CQEJlYKCLsbCPDOIbUjKSQJtvZSgmciEyCyGZw6Tq1NrZJiq7rU84xUZDNeMwMWxEEoRIibTsJJ8ppmloC69WaEoWICEuz2bxlsxjGKaKV2tWiRrapQaSNWpQalFpL2sa1VqdUskY41MYxU13tkEcmFFObsB0xpVobMaXr1IwcKFsjUyBpMZ+nM1saRylRlGacpoLsnKZxNptJqE1NyinH1iJKKtfrVdd1UoU00DSlFW6N8DRObZrG6GaZU42a4XE9lhJRikqxCZHpdDaShqXa9yQoo5Sc0rSIWm2LEmWaGnI2pLQLeMohXOycNJUsiKIiPI05JYpQmmKFnCYDuURRBNDGyVYUTFrqZ/PaF9ukc5rWgHPVxhKlq7PVcuxKr5oHB0cKutKXWtzBRHG16LtZqpVoOWUtBkeOdqHahD3F6KGrfTa31mqtqWyTa2e3NhG1lAzjHFtWiVKHHN0QOD1lK5WgdLWXbCfqSiUkTwnCymwhR4TdRrdSS7grUYZxGLP1fQ1KOt3alGFCrl1VlJhaay3Tk127PqIWt5yyCYuSOZBR+pKePI5WKUWkpoTMAJupjVG6aJNUpgaMha7UCAmgC9OmNrZsQkalxDRNY2sai9RKKZkyU6ikmwenoRAlZE+ZQgQVpWmZETkKpkbpohIqDfe1pD2NkyUiC8XpZmdOQFV1uIua02RATNM09elhRFFKiTRSuDSazNScuMiK6Gq1Y5pa2rLGYbRJt0rBDRs5EwMKRXGQGcVWyLabFeGcSEkoFFWBW2tQIjS2VlGELCjRAUgkQgLINJdJIQmRuKhEB4ooqMnpMbMUdVFaa5QaxkA6SmA5E5GZtkuJKGFnJhQMFs4m6MNRaw5D2nYGqIRtZypkI021Fk+RmX0njDMVnjKDwEKOGrV0kJme2lioClSidl2JIkV6nGylkRCtZXNGGjBktqilRBmXQ6nKyc1EDdqUTmVQyHRJGq0NCVFrTbepTUFNWlBUAreiGrWYTKMkVLLWbBOtU4nWWl+rZ3OHu6iW+r5LexqVIschM1FCy9bItEC4WdhgRUmHIu3MqTQ51LCbyyxKKZkAxmlKFMNE2pblKZsTIwUoQs22my0hM0nR0hGUKMMwALV0JZxOyRDIEpkZKE1BpFOSsVpKMq2ljAIiJIASmUm2NrVMNxnVZNLE1FqWiNr3ykzbtoJAbZrAte+KlQ0pJGU2t2yRJaJ0PU6sRotQhAzhcMiywcZucgDNLQyJIqKEkimHEn2EcShkEY6pTRhFQLapRRTLmVkiIhQqIIVsNU82geyMihHpSo1OFmlyyhJhIyy7GQUicE4JTkORJgROWyns5owooZAoJYSbcU6OCCdRAxNUymo1uLpGCcm2FOnmpNRwM1EknEQUFQmnmxjTnDp1kiAzQ0zGdhRs0zIlrGypUmopU8vmRmIZkWkJJBRILZ2kMBnJFFGqTEGNRgMFiq6EY8wWIoqkYqdCuJliNyNhsAHJiTIzpylVoqgyuYUDwq0Bf/s3f9GyRSkWfS3TiCPspgiHmKYkp2maplaraymZIJFMNQVI4zSUWlQC5OZsrUTtFz3QMu3WbCHbeHRSOkDTOGVaFAChLkojkAMciQlsIWS3zOhKREk8rdcNd65tGlFY7S/++u/GadrcnJMIA4mjSCjTzc1JBCol7VIsip0BlorUWqIGpUhGgohIN9tRsJWJIsFOgxAUlQxkAxIRpDMziFAiLJwphSLa1CYyhCSnARSKEOCWRK3d0WoF3HTTzVEho1HkLIpSC4nToCIhlYiW2exAklpOXSnqOmPbbcppGmsUS1NrcrYpalpR+n425tiy9aVrmcN6KiFFrcopppbpNgFSuHlsibP0pS+dihw13Vo2oKulpbb6TWBYt8lDXztUMsLj2q01KDWiD8baWmIklK4KSwWyODpZJWSg1oiI9TCubDlJaq0tW6i0bLYjwkBrfdcZT1MJyEzJtlpmQChs7Gxjllq62oFbZgeUWWOyEEKAJUHSMo0UzhzHsavVighMtJYiQekUhCAIKumWk5xRahkFSIBwww6yRCeiaaxENorUzDBliVoCTVbpIsnAUQIklYhUjhNTm6KUcWwS6VII8NQmCRtl2u5rrwgrJ7KNU5QoEY6iKdNNFYQilM50LWGp9rMuinEJsEQ23BlJtSvGlejmC+E2NaSwLRSWZUGJAtmqQiWKTVWhKxijdDK10nellGmaikpUaUKV1iyULW3XUimS3Voah5RW0CxBKhhXoz2U2knR1FpLBc1TisisfddaC3dTm5opVTVKazksl4GIiIhMLAqieBwmRWBFVDvXw9ot+81FscacVsO61C5qlFprLSK6Ul1yoEVosts0Dqtx1s9qzPtOpcnR0iCKOnXpHNuUE4CpKqWrDjymAkCIoFjjNI7TVGpnIcFE7cJ2huez2ZST7ZxaZkrCGSWAEiExthHTd11ILT1Ny3FssqN2KpCaElZj3/euUkS2SXbXRbZOkjNz7ailSFLEnNpK4pCzoRolaoSypRnJ4pBJgWQnqangVCkA2FJEhMepjeNYIiIkqxChkJwaG0WQOWZDpXWlNlKUqigqthVSqEyJIsKhorQ6REXObIrA2aZMpZunnGb9rBkyQyEKcroFJUpkRpsmRKklMzOnltQakkPRQiQUd5T1NGVz39c0aZcqUbGHNgljWjBNUxBGOY5A5tSyFQvcCIVEoExnm5oUpYQcpRSnW7bRU6kFMbVGKoQyKLhZ2AQ2SKGqMmZOrUWNTjVBALFer8coBueU6VCnErKxsRFSRCmlaByacGZiZ1qRpCTcLCmkNDJWAQzTNEhlPp8r6jSskqwxs7JNTo2hKLVIapkCKcIep0miRBc4c8x0aw5F6bpS5JaWhFubjCUsZTpkITU3Z5QYx6G1No+5gtoXKdwSHMmYmVOrnaRawooIYUtIUrZ0mk6F0prNJEslJLXWsrnUKFUxApFkrkYpskTtOoKImFoOQ0OJohBWtpywZdtMbcIYU8hJpJXZgjQiI8JSNtwcfQnV1tJYQEQFkDNl0pgECeNAdFGn1hDYgMLhOuXUlRpSy4wIi1IClNOQqISKlITdhtbUaFURliGVWCYUhpCiqJRSawfrlhKWnbiqEJguemsUszIvYSmJEkE2JMzUplogEwhF8yhqFC26eWsNRS0xjpmeikopYUueFAiwHJZDGCNQ3ykJbAlns+1onmQJpqmFopZSuipCykCT5WwlVBSJaY4IDCKUiUpREFObTMHYGbUqRKbTUSJKlTIbCkdLlSLJbTIEskgQRBc0pmkqoZCiFIxFaxlCous6y22wWzNIpCWBnVOmM0rFRiolisrgIdNSEoQC3NKRbh4lrr/uulpqttYyjewpJygSFITA2FCipDMdgMKZ6QwMKhF2CkpIqMlIxiEyiXDnQqE1pqllJukWClfbOVGqMx2anBSFReIoETZijMiWEyMIiSkaKUBRu3rvvedue8YzHvzgh4PGaYQoNbKBaFPLbCJUSqeIUiV5GoDad7btNjnHNpEum122lvbUGumqmQWeMiVcaglimCZn1i4SOzMUSKUUSTm1ZhIriSKPbcKz2ie2EMqW8hQRiujspLVU7YvUP/7JTwJKzDJTqMlhW5KMCCIDSIJiuTHliAQKkbJKCCucFjIWAqlNdloSprUmS4EcyEIpjEG21UiaHbWEVSjpyRHCzmwKF4MIiSitTV0V2KiUfsopIoZpqrW74fprIbKl8DSNlCJVoalNpZSudqVks92y4NL3bZpay4xmQnYOrbUxTXMzmdkC1VoVEUWeMkqUiEaqlkLazjb2ta/VmQE4M50qpYOEEl0mpuU04VCtRXZEiZBL0krxmCP0CtIjBRzNKFuOlqJ2xZnrNnrK6EIkEg5lUCwVCUUd22RRcEuiBFGK1YycpUSUcMvJWNmSKCFMyiARUpItM9MRioiIAGyUmZIiaRiiKEwRzYSKDbYtlcCMY1ISF6BEtdJkKSFwM4QiFcUjSIoatQGZExiFjaJmtsRSdN2ckhY5NUkRbqjrImrJ5iDblASFmJwF9UWr0Z7GLuqkhLQi0OSsUUrILQ0EEs5o0zhNLRKKFWWc1omcNi5R1FVaJi5RN+bVso1Na5OhK32EMlNYCtNmXQXGYVIRhHAaRZUzRELpooSAdJairvRtTAIRozNbM9ikk0mprFlxSiEimZL0hO02jcVdKSFZpY7rsRRBqJZcj21qtQSKUsPOSkTfiRinAdN3MQ4eh/Uk+r4Py4Ci1M64CxllplTxJJVQa/JisVgsFuN6ldGOVutxPQzjemdrZ7GYjZltymRaHS0VQVHJmjk6yMyWLYSskAURpTPOcSylRg1bfddBmVpLwM5w2uM0Tq2BFEQpUoRcIlrLRqqUqAU0DAONQOM0plNdEEp7mlo6HaUoIiJKhVDIxKx2XT8fs61XA85SwmJok7Eyp5YNaulns14RFoSnnNrUpjbJKrXWUtNChIosN7IlTZmtTZONpMxM21ZKXalEUVo4WxvWU2ab9Z1qjRpJGpdQ7fqIKpHZ0s6WttOW1JeiiJZuLW1kqQgFMLUkIgJjm6k1pFp7C1AYhZBlS1guXdRaQmGYptamVCqkUrqiqF3p+z4CNyhB2m5upOlr7eYz1WKPIWqZl65E1bzvS60lEJYKIRAIaKZIRCgERiAsEF0ptYZEOsdpap4mpUIou4haS2ZiEFj2lEghLOFIUpZVuiiKVIrWsmVaBmcN1VIlZ06jJ4NESq2ZMLiNzXazcTrUnNlsUjjTmMQIo2lat2EqtW7OtyQtD5fTamiTI0qE5EhbFAhJTkcUS7ZVotZSalE4M1trUybYksnWbMBqaTszTUI6CpIcmKy1oLCNpKKIUmoHqKjUjhq1Rum6iDCOEiIkUaI5W7auq30/60otpdZacsqWiSQj0VVBG4YhRe2rSEsqalMbs8lkc7Zs0zhNDTvdStS+n5XadV0nSQawHRmlBASkMyOi1NrVmY09SdHV2olsKULQMkEo7XSm7IgIRam1dLXUGqWoFHJEItOWyUAKGbKlIsIe3VprkiKEAsKtkVSFSsiWIxQKPAFJARkRUogoAYpQI0FBWKAKmS1LrV2UTE2TI6IoEHKms4SkMrU2DFNmYmVrUFraLcf1crVaO1OpqBERiHS09JRtbBNJ4KglaqcSkZJECakIJNWiGuHMJCNCODEGERGWItR1FRVEUFTChMnMzHSgQCgjhABs4SQzM4WrZOc4tMzJMoFba9PoRoQUFMnZ3FpapUQtJZ1Ta+M4NieiFDWBsMFQAkkoJ1suXVFES7e025QtI0qgqU0K1xpuCQGRTjKnNo7T2Np08803nTyx05qlQqZTCRiVUkpEVAeQmU4IRITTRapdSdPSTjIz0xGR4EyMIA1pGwtbIUBRSulqVQAiS7GNhJOQiFAoCAGOFEWKCEvOdFqRyAbJG/NFBj/7sz8H9P0cFYUEURjHYViPmRRFUahERBAgW8hIjqghzWZ9lEo6QxEqNZptOUqpZTZbzPv5rEYgQgFqDVK162rtSoREtuYi22ObptacmSSTW6adsqMIlHabmhNFMdSubCx2chp+/Zd+Hei6oqooKiE5nDlNE+mUIkBCilIIIgpGZGaSIBFCoVBIpRZwEFUSNNtSoaTTttUAN6+HdU6tllKlqBGqRaEiO6fJlkGhIuyUhW2DBMgWYJxuXdc7s43j8RNbx3aOk9nSgbGaG4GKShSipDPTTrepIUl0tZvPekW1U6U4sAnZZCY1at/PQ+GccsrWUmJsOU0Nt6LS0tNqPU3LIGrtakgh3JxNJbrZrNZKiLQiSokailCOTSZiQi61zLo5EKJQwqqllFokG8vZsk3j4JbNOSUhN2jNmS2MM22m1mpEV7pauygRSEIQuKG0szUU/axPE5BObORApZSopZYaVrYGESrZEoGbFZLS6UQSKELNIjPdsBOQi4qKoNGQXRQUnLYw4VTD6TEzWzZhN5dwFwFAwUCOw3qaWnNma2QDGdKtTZOgltpFwTEMwzCtpRLhNk1Ty4LAUeus72vtuvlsXvtMnA1JIEJRFMVmHMdhHFqbahfzxWw+n5coqcymvutms3mtnUJdVOM2TelUhDOEQiikUoK005kYcGueppaJIgJFgIw9TethHNfrcWqTImyyNTLHcWxTm1prU1NEV2raraWihGRgIt1CQgYiwm7pNmUjVEJJgiUpKFFC6kq/sbmYL+alBNDXUoIk3LKNQ5vcd70I41CpJYoiirp+1s1nteu6IhROC8staqmdmrRajS1bRERErtrRchk1+r6bGKN0famlCjPRxpbAMK5zajW0MZ9LqtMwThpnXd8yYXR6zCnoZHUlMsFTF9GMJ89mfabcGoHJTNfSWTlNU9+plpptGNdDFE0ts2VXSokaEZBhOUqmwdNqpd6zrtoxjgNO1VKjWhkGYoISRTIUJEjU12paTDkFcmK3wThToutnaRcS4SkNkIQynThK9FHAU5uIaGNGRw1N2CCRkG0Sbo1SUfRBOp1OZ5rsu2JHTm1yK4rSFQnbpZSWiRNs7GapKyqpNmRjTGVFbi1nfd8SckKKgChNKi3SlJAhnZ5ITAJkZsoRCkWpYblEsRTMJ01F4cw2ZZpQ9H03TdNqOSiiX4RkY0yGKhomO11DskwqAoDmIjJDmuRIoKU177tSunFq6cTZppbZQjggsRIpIjBgDESJkJRqrWFMWlGEbMh0ymSkokai2tWC2pQSSjKbaqm1NKUbLRsgpDSSHMJuVkFIpRiUkGksqbkxNUvr9bBeHi22NmfzuTOnNioURRFSKTQrlOkAy05TQgY7nZnUGgZJbmS0QA6KSjoiU2ESQcuUSdRFETmbLSKAMowDloKIAkGbJEXQMksURQHLauOYU1PfY0opaWebrIDmlENWq7UrUdbDoGhdrRFlmoa+VpPDMAiakCSIElFiGpuKBEhdLaONKF0FIFRsgrERIYXTlBjbOE1NJsKZnpwI2alwDiYIpHDJQHY6VUunEmSmVBSNFOEwWEg13NxoipBoREwmUhYSZFpTthIRpRQDwmCA0pfWRlpiEc6p2ZYFBkVaIWPSVHuaUAAlShun1sagjyAtWhpFkZyZxokIRVrTNJWqKEUQgAKRzdCcjlKyTeM02WSzCl2tEUJ19OSplVqdk2UsocxUhCQBpYgcpykzW985M1trIJEmSEQU27JprUlCEZluIdyyOZwUNbecaq0GZ2ttUtSuBCJbSyWopBQlsZHAU1NXVOQEWxJOZbEyDIRChghKqa1NU7aShRIhHBPNU1IjhdNAtuYiUUKAXUo3auw0a+uVctw5fryv1XZINolnhUxayxKASE9yUbFoRi3BVnFLRUiAlYAyU9hkIAjcUEg0O6wISolMK6HITiQkZyOliqC1JnCBiSgyYEcU4QnkLKrQ2tTKbDabd+zvf9/3/8BHfNTHdv18tTwUjigmglC4K1UR2aaWTVWllFI6SCO5GE8tIWtXI4pMMnWlK4suJBUBOEmaTBoZHAUp3CbEepxwC5Vaa6klh9Zai6hGCoZhiFDtZ8osAREyRRGpdGZrFrc942l/+hd/3nXR2kQGOCJcnBOogAoY2Y4iGSlKCZNYYSOZdEtKKaqZkyxJlgqBoiC7kQ4kSyEbyRERpZA0Z2bDoSBtWbIjisXkSSErC5FSKQVAOBuO6IQVoRqV0C033nTy9EmyUVRVPVMo2mSCWoshLbJFqJ91VQVFa4kzSlEpacvuamc8DhNqfb8gyjQNq2GqmkqtJkIgSZIsq1vMbU9To0xSKFQ1g1RIlt2EVCRKtja1qURpTqdpEcVhKaIZm1ICHISzTW2CiToPoJQSUa2pjVFLTFp7GlsWIATkNGattZsJj0MbaV1zA2dKcmaCnCAAJJx2WiFozemqcKGq2ilRIsBSkJk2UigxSE7LjSKnHIRJFRsmR5RSZGvyxBSNVrKYyWkkI6eLJhEpt+ZpmoCuRohQVyJaTqakG6Yai0iFioqyteaUo2XiVLEdEVhgR1fa2Gx3tdqZOGq0Ke2cdb3lTAemAFXkOA616wRWixKVcJ8GhSpda1NjKqWO4+ixYRDTlFEoLlYbxjblWKMLYhhXoRBSMWKaJkWAVWqkyElCKrWUzIyoYNLOhjOiqoQTIruoJu2WQAkRKmRDofREQ6gWCRBu2aSSk53GttJTLb2ko9VRa6n5TFlKTIZpbAqWw9pjm/XdfN5NrY3TVLuCRCaUNCEnDkXa6/Wqm6qCxawb18PggTZFia3tnb7vV4d7hwerrUVG162OxggtNjZyNKWtV2tPioJqN01ZFZqmRq8o4UZLalS3HKcmYxFFzYhMtamVgsdwH3WaVIrSKWcAUcJTS5xpVCMcBatEtKmlGJarqKXr+lIYsg7DUCOi5DQZrClLpbUWUEvX9R2KaVw5M2rJyVMua9epKKcxRRANMbaoIUkSeEoiM0nSTdiTUQQlIkINlKUEFNWutnFqU1pDRAEEpeu6nrQkeWwtU8i2I9xkstTiMTOzqyEFOLORRkiSZJTTlIGIQnGQnlLRdb1CykhsCURSoijSqEQgTcN6PawVdKWPIBMhyxY1yIlEwk0T2DYhK8ikYgihQAHNLVLEMI5urZv1UUqIKQ3plBAgws3NmSYkB6EQOWWbpnRmAjYiSpAp1DJV5JQzm6gOBwpB2pK6WnJqLRNVC0nY0WhFUXqlS7Qxm42jBolEQjQThOrkLBFp0o0QFpG2MrNTAQmHcQgo4RLV1np92OyQ+n42q70c07DO0KzOkaeWXdQoatlaGyNKKLCxcaQNUatLqVZC2Ma01ppb1F4IgLATO5BFyG2aCJWiUB1zGoexdiFKyxzHtUzpa2AkJOScmkqJkErBbRgo1cJupmTtO9tFkYlpQxsybZHpZDQ0NxNRSpQoUbI5AmGbKOHMRnNrDZeuNxGSQM1BZCYSVUpSOa4niULErMhyc4kyeZycEZRSFYFBLUpVY0KIKZuGbG6RmY6oJQQWikycaRMRYFGUQ9YSKNNkRoQSmdaakG1CFqQlhSmqbpluhWKM1dyAKAqVdMpIKpClhGpEGBwKF9PGFm1cR9TSVUxrrZSo3SJlUUyLCRyO6Il0WnazxTROsqIilVqcTkkic2oZjpCQimxAERLK1rAkCVsRzihRImxojijRh1RaG40zQq21dC0VGZUIAc0kzZakonBzk4nAkSQRtetDltxoDrrau6XCzVMbstYus7XWBJkp6Ls+wXY6x2ntVFc7LGwkGJ2KCDCkoZQayghlkjm1ZmMsVYnABlprbq2p9rV6avP54uYHPeT2u+4bhtG0XiURdmI5CGQFQsaSHKibzaccc3SpJUJtSjtdyClTVoQUDkQAmUIgqxQ343SEQp5kp1zsgDa1VAmHnE1ZouBEQYQmp1raqegsywi3aaRU4G/+6m+O9nY3NjbHYV1qTbcASdF1UQvpli2kiBAUaUxgqqUGZszEoRTZGiqRaQXDOObgCGVz7WotJZWZaVQopZQxPU7rzJj1NZuncWhQokStbik5ohqmKYnRmev1amtzp3adkmk9TXaUgvQ7v/M7wGK20ZW6GoYoJZMIlRAy2dIRpetKkE4bqU1TWjWQSsOSibBJmqGNY+m7ECk1t0LYYYwy7aCUENast5Ft25ma9SWiZE6TM0optWZOQm5JyKLv+7CSzClLRIlwknKaqU1OP/hhj5j1W21c5TSOJUIlpOaWSSlVimjZRFEgW4RBXg+rGEvtaramiFJKQOk8rMYpRspUSlnMe1pLRQg5IogI26XgJNNEtjEjCrKi0UJJ5mCVrhRbiZ1WFJxC2GGYvBrHrutqV9PNhKLYrblls0UVQgpatr52qOKqItWpr4XEBhAah8mggDCNMbNESEWBQ4VoODPTCapSogiHAtmN0RMuJTRNbpEYtymKHAqTkHKUcKYzI1SjWiQJKuQ4NUXUonTYTSg1YSMyBWCFANJSmLStLAYkGadbrX2t3TCO2bIIaimUjFZLyJoy2ziVUuZ9b6vJzokQorl5zNaymUoGIkQiMkK2JSkklVgbWvQlppJtCqI1+n4mt4giABtnOkeHFCJqxbYMzS6NdFK6kuMU4bRDEaqlSGgcV21ylKmWvhZF6cci0lKolJCcSBJuJko1tHVzZpQIYpyGlp5a9n1VjZwyTanSVKYca1dCNdN26/o+p2myQ8VgW2aaJkXU0nXFJEmL0ofkTNI4x4CoNSIzKQoic2rITCGcGXaU0qaGcspWVebzfhjG5WopmFHn816KWufdBmMm6/VyuZr3xZmhkKNEN3qcnOEmHLV089kMZMg22S3BLSOIiFnXBZG2yRpd4GFYFwsT4Qhlm1raaFitWmbUrs77IGrpulmX6SkTOVB0pesKIeSopdRomdnc1ei7rk3taP9QYOxs9gQZqNTa11K7DpjaFFFETFMzZVaLQqoqpSBJkC1FrTW6IiSiltLVHjSMI4kzx6FZiWltsj1ObT2MoSLJmethbFOb1sOwXNsqXXGELAsJBbWrXaltbNM0ZGsiIooh0xEqBYWkiIhSFApHKZaIdEogT2Mb1kNrTZktkWnT2FrDKqWUUqIWlQLOTImCpkzLJp2ZSbacWmJFSKEgxmmVbl3X9X1nbOOcMkenpVJLdSMnpzEecgJKKc1NaaQmSWEBDOtpmIYkJVCKqKVGFDtLKAhIQiUiIafJok05TQ6lpVKj77ugKpw2EYqikFVLUZTSpmlsoxJoJkMk2VqbWkbYWEFEwQgiKbiUIJmypdPCtqTWvB7HNo45ZoO+6+YbCxSQhACUmVNO2aaxZdLStpDslnYjcwqIWlUKZJs0jZPTISSFIjPtjKJaopaIEqpRo6Y9Tg0DxZlKdbNeClkRCJuGSVNVInDLllOmIbpuFrVKCBqqNYoECtWWNpbDLYCcpmEc1ABaEsradTX6oqIqBSBLIZVa+9J1XSWUOYXTtsGRDbs52+TJkE5nkkTta1gK9V2tXdRSo4QQhubMNqXdMt0yWxubM52NxKVEhFBrNIdTUkRElBIhWXZLmXRmApjMjC5KF6XWFCaxI21bpDDgCIWi1lo7221KoERQQk5kFSmI0quWKVuODalEmFJkla7UQma2NFFrVQRJy0nGgTKVzcJktgaUCIixZWtTiK52XelCoVKbPQ3T1FopUil2mkQhoaiqRSEbgYlMg2sJFdWotetqUS1dRHSFUgpWa01JCUJIEpSIUFgBgqhRQ7EaV9PYZBcJiSQTG2dDElUZSRKOiCiBhCKNMUTUEhGkwOls05hOlMM4NrmoRFEmGIEibDCZQEgRKmlIpz22yUmzcpymTNVI6eEPe4iIpKGSskBRSpEUJFRZdqYwbunE6QYyrbXW7JSoBEVhlShAWIIkFQ6IEsbjNBk53abJQrbJ0odKxSizQFAQ2TA4DaUKSbaEQ6q1Ru1am7LlYmtzau2rv/oro3bHjp+sUUKBcKZzSnvKVKjWGqi1thqGaZxKRCgy6bqY1U5mtR6GachsFs5URBcRUVRkWylnSqo1Wtp2SCJKlSgRxQo7s7UuSu07KVqbur6rlTZM09icjNM4TatsIMlsbmyL+JEf+VGg9LXWEqUKsG2HFNBM2tlam5oxQqEkS1GUaG5kswVSQNrpJtrUPCHs1lqOstMtEQDGRthytimboEhpkdkaUctsNheECohSSLnRWhuGdY6TECaT5iY7wqvVEniJxz7GEeO4LkVOWpuQutqFGIbVuF5luNbOYhpbmzJxVSlRx2maplFRIhTQWhqrhIUsrCiFUoVNWNnIaWqttdamJEvflVJllQhS66P10frQyhJdjZppO2VHLV1XVGqJEpTaiQhJdmamUDbLxkRE7bu+m8mM4ziNOY7TNI2ttWG1nnKQwwoV2YkoJaJGazkNk6HvSlGEomBa0rI5sYXckI1CIVuqiigqkSZMpjPcpsk51a52UQBjN4XltJ2SwM22M1smzRlRpMDpdCMxpaUhpNIVwrLtdNokQhZBKgMwynSg0tWopdbad10GYUUNkjY500WK2iVIESFPzZgUxsk0tZxayEKWJCIUUTPVpjYOI9k8oRIpWmaoSCWiFkVrbZwyRJSyHnJsk0JOg0qtpUapIamrvagipMhMHC1FZl9r15d0G6d1UelmMetmfVc9emoTk0MRKMeJBJpJRUREIEKmJc7M0VMzFiUiSmktm5sgMwUloou+1iK5NYeVVhtbhEpEhEqpCKN+Nqu1c0hRnK3lWBSl60Ka9z1obKmglordWkpAjlOOzQnNaWdEmUUpYpqs0Hw2r7WMNhGko/bHto9FjYhYbC4iZkDL5vTmRt/VGiW6fh5dV+1WiLGlsjUbk566xca4XkWNKKSkFCgijDJTLVtrYTtpU5au5jQl6aRKbuM4mVCJSth26XowmVNDbbBVaymhcbKjdFEo0bUW6rtaFSqKZjJtWRnNoaCUWkoUma5YKDKiRp1oUq82NQVSCIRC4SACkhaZaZs0AEqk9Wpl0826Ng1TA2XzyGgrEKtpVFh4alNR17JVFULDOBZLNUgsWaJIkKNp2frwRClIslumXKITCmUmLlEck1bD0qHZrGTLzGZpmlrXoWBWZw55ytZa1Oig1m4ah2yuktIKhWQiCEGg6Kozpyk9jX03S9utEZnpUvpaCMk4nQEh2Z7XblyPYZUIgjZNihKhKF2bRoejVCFAoFBESWeOqYjmzEYESJkTRJmIIkVk8+QWoABranZSlbTWkDRkyCBbhIqUBSmUDmVLyUQFZCeYtC1FxVaRCtMKJGzTcnKqBEHpF/MIhaJNaTms2XzmidFJk6qyNQuciqBE2q2NEaXratp4GqYMC+U4TqV0fd+pqGR1JlEQBhCWgkzblFpKLbZbmrDsiJrFaqq1KlRURqcxKEmjtA2GqpphmyKm5vVqGX0363rbEkBXyziBnWS6RdToFHJaU05gt6yzvkRnj61NiqqulFTiSFvCAkhkOZBLoESKBMCZmS2jxFQJY0Gay5rTbsVhOdNVagKnotZAtaplI6GJSCOnpKQ5wiR2qTWINjWDJGAaxlA4VBWTjW0hjEuGbSTc5JapFFIAjG20sR2WCKejOjMNDlWTRdUhFLXm1BIkW2RLSYmNiwuRiUVYKlHtSRFRS0FIAa21KDKSHARVk022bAoVIlpOrTXjiGqnsSJKRAJKKUil3dQYshmJiCLJoqvZnAbM2KaiAoQCLMjJjQZVqEQRoJjGyc5aa0gt2zQ2E7UURXS1L1GTrDKKIiiaMouMA5Wuq86MEhYplQzXrkgK0pKJEiCZpBEh5HREKaFpmhKphNK16zQp1VrTOKz6qA97yCNMyqqlJnYmbgrZGVHSaTKdoFBReBxbkqFIRE5kWJE4wCgzGy6WRKELZbOzuWVzpBwtp0yXYpUSJltLE0IqklyS1iwFcjrVREQAxbgQ4zSlsAE2+vmSw2//tu/4pE/79LrYageXcjX2s3nt+9bGNgwq0dWamUObbGoXQcGa3LJNilJCoSKocokgRNYKdma6EEgDk1sjocryNIxERKkhMpsxco0qMaUjkEJhTN/PWmQ6+75gj6ssM7XMtOjKXXc847d+73dKCLOeWi0SMU3N6SaytQggMjNxtSRlplJRlGlAkjGETCoTB4GYSGeSWMpCmOYWKq0lkt2wVRQqZKpGTtPKGYpae6EUyoTMySEpIqeUGFtDLlFAtXSt5dTSRuLFX/ylw16uV1W1VlJIYbDSVtTC5BYpIp05Ts5qXLtOtdIm7MmJg6CmqF1IEibVCBWVSKeiCBLa1GwFCjw1OyBKmNJ3fYgkyVIjk5yySkaTXUopXVktj8amvutKLUgmyQ6lQJJTxabWbFOacNYSKLpShnF0k3N0y+xUomIySsHgabSg1oomg42ThpmmkBAhC1kwNZtpaCiwQ7IcoepKaQ7ms3m2ScMAWFNDFdmWIGWnQ8LOiBAUULYkMi1hESEJo4gOpmxuJYpxoki7cMUwjkRkehpHp6MrU6aslEnjNEpntpSkopaNdDojopTAIKbRYxu7MitRUnaSrQFR5DREthynQSFhUR2ESGcpxaar0VrL1kKkoQASINo4qRbsRKZhbKZpkKPMAptSJaWBUjoFpeu6YRgnj8VdLTE5lUQJlFIxzmwRMiXIyRbYErbsyVFiGKYaRJRSGBttHPtZnzjXTVXFpbk5W7Y2hRTh5ihRoyhKtmk9jmFZCCS5ZVil62RsSyEQrMdpHMYoISQotYRIe5KiVEXJqa2GVQnm83k0uSF5nZOM6KdpMKqqWaew1uuh1FB0/YIIRYRxTZNKN0cpsyjrcSxRWk5dqek8PFyWqqCUokaS2c16qaIkTSqdmkYDqEanUBszlKUUCWFF0HLIqThKCUcptiEVeJraYNfSSkTUUlpLT0w4IkyLWkjjKVuxM1THsUFGSFZrQ0QBu00mQkUAtJxANiWqi1dH66iazzqjjBrqWuZUp0qRo+9mfa9xHHNKRS01lCy6Lkq05sykppzLcQxUa4kIp2WPU6ulekpFCUKVUKZs1DI9pbqoRAi7lmjTlM1I1FpaespWS6dQRCnRbIbVWGrr6iwzo4Rxa1NOlhwSIUyKgEBNdsu+q43MMadxxKaodGXKKRvCXVeczpwU4RpBaWRLpROYMtMukmqRUQmctkMREgaUSBHYwvNZ14xtwqYos6gQblNWl1q6yaMbjcyxdV0nO6KWKM3NdlExlmLKqWIUY46BIApSCY8tyYKbjYUcEaQyRLYhh6CAURFNjlIllYiiVJRiZ+1LOEymRclp3fpaaqmuJtWUTnKaSim1llKrpBhzgkJEBXUoEM50pp1Rato5NQlQkQKNdimqpToJpUqk0xagyeM0hGpRQSqWE0AupUYQwvY0TiA3Z4naxmkYpo2+ZGtTm0AJpSpKRPTgNmVrrUZ1Ebbw1JoaOU0qyEnUqU1MU0RIZWQS9LMOKCXCHhXdrGSOakB0JaZxTLn2fWtTa1NrIEqE0zYEgcAiQlACTdmCzCglpzFMcxMRQrUUqaVzbM6p6/txnJyepmnKqdZaSp2mKVBim7ENihIR0zSFAnkas4TSQE4TVnal2gbIaG0abctMk0mv11FrVXHByHbmINWcWssUgIqkwImn0RnZTSU6xpakRIMQTrcxQ6RzSis0jRlSRJk82ZJRqWBDtmkcp64vUyNiLVXJdhumMdMIoERtmatx1dUymy1MM27NzqairutoHttohUJSlZzNQFTIyKlFVZSizMzmICfGaXLaUGqJiNZaGELjOELWruaYKlGIMdtIqwQkEeHSxsEllLRCZNjpDMmO5gRly6bMUsOEncYRVSUDDcPozFInpCi1Rluvl/PFyZd4iUfVUoZxnEfIpCSwMG7ZDNi11NYyFNDSzdhISNEp3FqCjVRwtiBay1LDnqYxwaXUkKJ0RSrMp2klFznSE6grJUGmOZWSQsg5WeHMUgIJWSbTKoopo+syc973pcRtd9z1i7/4S2/55m9RajfmNE2tFNkk6XEaUInIzICIDtGykRCRzqIiXGsJE1FaS2c2Wk6JXbsqg0QpzZOau2JEuo1Di6K+FhRqqSIoIbU2GgrCmVbzlFMKWe67gsGabcwium/+lm8Z1t45cTwkiJZjRFGJZtMmSxZFiojmZstp4Qy1TEAoIhopu1khK8FJUTYga99jNztbq6XaDhQhCIUkjcNYIqA0D6GITpnjOE3YkiBUMgiwhUGSE4qQoSimaWrLYR3msY96uMOQbqJKVrZRtRRFmc9rxDhN07CqZVFraZNbtlnXZ1JDSUiQMpNqmawIR4RgahNEKW0aXWqZppbOTiWiqAgztSZca83Wur6UiVQM65UUNRQpBw65ESbT5FRKTC2NSxdqkW5TW0aUSaJELTE1t9Wy1K7rejJTEDEMkyBzyjaZDGdmSspsBErXUhq5XI1RrCyqgVpVGFuu0alTGmdSS0kbsJEAt8yJLCCcHB0dAiWKFXhSyJmoqIRlT4llInBmAyQIwpFKN3dd7Wo1tGw5TRYlamZaKJulvgQDQN/3VZpycmb0CiRRapmmaZrWXa1dqUmO49jGtticD+PgTEJScaaxEKLv57XGRLYxSwSBm0sp6kq2Nk1ZIqLUrg+agJZZOokyrNfT5C6iBEQJbFMjWmtkZjomur60YYjoiBzXY61dkRK3pA2rGlHRhIf1uu/7TBOKjGyTSpGloug6Tw0wcnrCXY2IaCnbtQKKVOlrrd04DOthqNWmD6nMZpIz2+QxRkUUW1GidqWUIqupORMLGrKwoEagGMZhGsdSSq9ZqWUaxzZN0YWdTrq+eMp0llpyai3UciqKEsW2oUKmh+Wq1CrZmfNSh2kYx1VEDeU4juPYaomgNI+aVIKc2mHbl0vUEjkNhwf7bRpCMZ/NIqK1UR2zflZC2YiuStGmlEpXO9rUxindJk3z+bxEiJjPZhLZJmSVAkRGa5Zcaq0qKiqdulLStIZM3/d96WuEbeO0o5YSYU/2VKLkhBwRxU4UkzOZiBIRRJAqEVG7dGRrbZymcRrbkI1ZVyVna2F1VdlyOYyttZAUECGDWhFWWS9Xw2rd9TOZNjSnjVoyZTO2VUrpSgzDOpH6Wen62nellBTZcszJTmO7RJQghEoplQqMU2aOmZYbNGdGRIlwOrO11nCLqpbjanWwXK2Qo5bEzqR5moakyRSFotCctClzGEecDbcpEy8Wi/lsNo1jDtl1HbRpHIblMI7DNKYz+64vpchFRQLAGEAKC2BqwzjklJLSGJumsEmTaWfiTLvVUrpaEttWSJLdnI5ai+REERin7DbmWFW6WgQCGkWllJAthOVMbNKUEsgWhEM1KpKD1rLZQRCk7WajzLQzEZnp5taEImrKDmO3YeqqaunSLdOJRQkCcDoTpDZNDWqo66pU3CwotoSlUmpE1GoZjHCb3KwoMetmklrm2CZM2goENn3tu9pJykxAcg1RJGM3AkRrE3JRxS0qG5vzUjrIkHJqYw4tESoFIQJbCqaW4zi5OQTVCIlEUaObz6JEKCiSE+j7DmjOllIytVTKHd2sdH03m8+FMpvtHNMAsoBsbrYpVbVaKMJpGaHELadpas2GiBIRJTOnbOlMQEojIpD6qLXWWoqU6XRTCeGiorSdNiohIhSoFElRDZ5ssA1EDURRtGlCJimqcqASUQwk2ZwthUuUWouklG0yR5VORVaQVoQh05mtJU4LUBpKRIlKCiSFImqJWquiOALSpnZ9RJFsu9kg5CmbZWOASGG7GaUTowbpKVubMk2zpRohQiKzOZ3OVKkqNVRaOkBFYUREV0qtpUbpukAybk45QgCpTCfObAYFJSR1sqZxSlqUEoSKlG5tGluibK050yRChFUySehCMlObgkCUUDrdmrNlm4zaMDnywQ99qCHbUGu1ZKPIADtFhlyihigFQCoqCpStpTNEiWKRU2Y2cFfnXVdrLTTLURREkAkis5mICJUUJh2SIiRam9okO4JSwkpREBGRmdPUgOa07bQlbKQc2/ETJwxf+2VfZtg5drI0zRaLUkpBnRRSCc1mdTbv+74fp2m1OpLpuz6EIKdpam5Ta4JUFEkEKoVSS0QJKdIRpes6AqcRTkIKZBRRSt8rwrTMVI3MnFoO6/U0TiVK6XrVUkolZKyqja0TR0cH3/RN3wzZRdTaLZfL1rLZaWpE1/VRFA6FpkysgFJLKbUowOkGGAtZqpBN2WgYhyQppmmasskutZYSKiEpm51py1BKtGyZGbJhmnCC06RCBF0EirRtgSKKQmPLzGytDVMqYlwPi83Nmx58i0wpXUabpmk9rqdxzLFBkB6nFJTaE63U2nf9fDGPUqIos7U0EaWUJoAaAk1jG6cpM9OeGg5LEaEiKXBmGxrpQI6gtWFYDasxbZEQJUoYISfTZAWqBed6mFq2UqoQLoRqLbX2KFprpGWPwzAMo+RSCnII7FoVFUklqjNtS2BHZkFGaacJkRaR2AFRihVCLdvQJrdmN6dk2wkCAw1RIhQiwoxtSjfLyEDaEGm7ZVgK4SwFSbbSTLacBhEKESWd2aaptbRFpFLOYoqFcdokEEXNljRZraXTXdf3Xe1qX0sVMk6yRJnN+yi11K6U2nWdVKSSTdNEKbV0nVGYEF1XutqlPE3TNDZPLqXUri9F2TS6ZTi6iChuzaLviqI4SrbWMouKUKgoopZOIqemUu2Go9bo+nn0fXHp+9qVDoPUcprGMVumMwjAdmYDJ25js7NlKrHt5pYtM4uKJGc4FSjTLVs367q+glo2uzmbTbYWDhQtW5vGTM1q35VKOByt5TRN09RQFBWTbWoqzPq+djWKG621aRjGcRxomS1LF6FQKaUvCVNLcsJiSoPT2cYSUUtJs16v9vf2cxxX43K1PJrWQ63KzFKi1lAQEZmEQlFaqJY+imo2K6Kb9TLracxxGtow67pxUFNLu9ZaiLFN4ziaaWjRxrHvuxK1mFKLQzUTInNKqKXama053HXduB5bZC0hxTBMbk2lRlFYiIiQM5VuqBZAEcpSay21jOPROltPL9TP+myenM42GYkpWzGKjKBGXY9TFAq1ZRtbokgk2QpFemyUUMQwrCNqZg7rXCy6IlSijw4ovTJDlKmtRAlliWqIUmalGkWIbA6Bur7PoRGqpSQMw1Cru76bxhFJKuM0lSBqyWFUKbV2DUtq2WZ9zTaN0wiaMgsRxHxzHlFNy+aWDqQSNSJbjp6iEFEyx8zAmnW1RG3j2NpUo9TaDVNbr4eW7txJ0S8WObapZbZl6bZCkW6hzOjUAHJqCowt25qc2A6m1qIAxXZCJ9LIoSAipubWJoVqxJQtp+hns/X6qK3XRW4wn836eb86WrWWmVmoFOzibE2tCxlsLBQSoXA6ZVTkxIbIYlJFEqa5FdWYdUVgS5YcYYWEU2FDEZDTABBhZwbhIEyCDY4IF9wAogiLlGVUCXmYMtMQVVECm5DBDcCmtSkkW6Szww7ZUk1SDsEwrbLRd33tGNqUExGK0NhaTqlCKSWIqY2Zk8YaXcURIXU124SRolRLoHTGlJYtpIAQmXY2qRARsjWuJ8Khbt7VQw05Dp48TZOtlgJsU+xpdNOkUjKmtDTWUqOrHseISIxdilomKIJQVKspBZDjNMgR1UXFVqFFRDZDTG1qLdNZS533M+N0s4wdKZdILFmBFG4GWwic7ue9Us0tQlaqhIYMmb6WKq0KEA2g1jJG19VK16bmGiWC1iaQjEoFFJJJq9aSrSGiViFLUQpCrVkOHKWrtWTLcVwHddbPCGU6c4QgjImIKd3aULNzJWoJAUGNqU0FZxp5PptlyymnkIJITaV2fV+yNeSIYlsZoQDbTUiKbKkgMQ6ZNrUScqGkhRIliZEiROlmrSUiM1Wj60oo7HTQsrWxRa1VFhFSSBMZQZTAEkaoCrmNExBFmUVEtsmybalYWCXbSBOe2uSur7N+ZlvFOdlyy8k53XD9dV2N1Xo6WfspVyVNlkYDYRJFOO2WSK4KWQol1FqanZ7CcjDZakQkwjhqhKKhanC2bE2OzGxjm1BgSQXM1FraIHCmSZxWRMiZVJEKoERNpSaDLWXmchg35jOJ3/qDP/r93/7t13it153I9fqIZEpKqEaJGriEW7O6UlRmUrScaJKIKBaRwhrbiCzJlhQlCgU3WjqcClV19hRRO9G61JSlqGXKNgJM0lRKtMxOs1RO02RTahGypFAXXdrf913fc37v0rzvkVp6NquknJmAw+FCiQ5PSM40JQJsNyemRkVQFSmcNgqFEofJUqIluJEREQ6aE1MkSmS2li3SCCwy00gU09SkqFFa2ukUIjGWZWfKMlEUElEUkQJe93Vec2frRGtDpFSKpOpM2xjhbOs2dVGNySRVS8jRcpymCQVhO1W6TilQjWk1rdfr2nfzvnckVkSX2brSOTJxjqNzatRaq5yWSil2QmnZQqSndJVUammTbRS4UUokhArCmGyNUImSHpvSnqZpHEYJKUIysR4HEbN57yzNDYJswmBDypFhjyWKHDinbBIqcjqaI5BqTumWrrKFM0WRbJNQVIpUJMg0UcpkEnBaicNYyAJnS0kZOCVZRbIbKQsJHBHZpoRQlCgl6piTMpAVga10OoWAzJSUItuYWTKgtdaGrvbzzfm4nqZpmlqrtfSzvihCUleMwE4gwaK01tKti1pqbenM7Igpm7FCIQll2jkCEq0x5DgO667ra63NDSukJEyOrUnqSjFqzZmOGlUa2mTbTiUOwppyLKrZWsB8sfDEOIxdV6N2lTSRTppdk7Qk4yAmtTZOtZ9LVpBtQkoIrJChltpo0UWODSICIqLIU2Zrk9V1bSQ8JJ6i1FqKQ0lzmxKTZGQ0SYRKVzqj9bCOcNfN026tIdeqQqHKzVmlCKWXh8tN9yG5lC7qehgscK6Xq2Wh1GqjQiSCbGSm04goJYKpZY1aIqYkEF0/39zcrPNe2BGLflFKJbNN2ZUoNYZpwAnZpgzU9/O+n0UpdDFNObVU1PW4bs3CUasUiRRRikSs1qvJqRBWy8TuSnFEa62NbWq0oY3T1KaR5ikbFVXZWUoJ1QRE2gYcdgLGgbKlMVKKvquzfqZaHR7G0TbgtFAtfTfrIXJqKkUwZUaNUokoVhhlayWq0q1NtXSl6xaLDdXicDa1bCWK0HoYhmFo05TTmGFkNWpISPI4Ts50s9s0TkO6hdXcpmlq2drUMidF4BzGhjMiSqg1osSsX/SlZnOmSykqKlEikBRmajbUMqsRikQRVYQCRYm0kTY2FvO+a+PoRild1/ddrRFFRBvXR4dHpJRZOgEWNqgoFYCNImqJiCAiiFKUTjuHqTFRAgQItckQpVSIzFZKLZHNEp7auFqu54vF9vZOV3ukZiApSJFuYON0hiIEliWHZClAjqhWLRGYdEbpai05DZmOKFg2RE2XoqJIAts5ueHSdSVCIZkIWmZLky4UJbaQLCkCN4WVSDjTUPqu64pcWzpJcIqc2pTNOYEUAc6chvU6p0ldUMxkhGVZihhzHNqUSXMbp2lq05RTRiullKKWOYxjM5SKE0IGURQKaomudH236LtOUkRYRI2+r0ayQlFUrGhpsEQ6c5iOVis3EtvUrliWM0BEBLZkOVvYaa9X6/V62abRBElIEaEoKgWIKIqY3MZhPQ4DqJROJVpijOj6rpYSBcmAonSlixKzWVdqjVIxBAlYNDClFIMzM5uNBVGKIcLY4UimoaWn2tWIwGElkLjZZBQliqJezWMbx3HMlnamMkkQaLIlEViUCFQyM1uTnNkyMxAlIortzCZiGqZhXLdhbNMISFYCBkMLhBp2KSEJEUEJKULI6WnKaWpKSDJTEX2NTJCF7AwoJVRKtiaUhjQRQciKwCVbTuthdEuiKijCRti0UEFKZXMjKFGw2jC1NKmgdF2tRZJKRJrMVktXSxVh0jImQrXrZl1nkYaWYKMcaRkmAwkHCoSj1EggRJEoUYrSs26mbMePn3rkIx8JHqe1LIUmN6eAFgrZ2aaWQiKzpaTMVCDU2pQtqZRSqyLJzMnpUmtRMXKmM1OSVBSglhgjUUQrlkMRpYQQMjaZNpk2SSaYjEBCCUEpRRGllAiNLU+eOG77sz7vs4ZxffLkdcujwympUtoRVWYc1+OU6aaq+WxO5vJoaaGIJJFKLVNOU5uyNYmuK4YEmoBSNI7jar0uQiqZTbKMajVlGsfVMExtsikSJNCVrtRSo4KnluPQsrVxGKbV2M032nr4zM/6DBqbm5tOj9ORLYqQgalla56m1ianEiuKhMlE2E43RUSERjJbtjY5q6hRo0S6tZbYcpFIwJYpgiATm2zZElm1FrCQRGI3YVqaTEOpUSJU5Gl0Glmmw2mvV0fOHMY18JKPffFmr44Omsc2Ndul1tp1EZF2WgWJiBJTej0sh2GY2jBNU2sZlsjVctWmoZRuatmmrH0tfbVIIZWIks3D1FprrU3jOKiU2s9KQLZMjEqIYJrGYT2NbXSmMRiQW2vTuBot125Wu4KnaWjO1qZs40RzttEgFKLvZ/1s3nJarlegWe1E89TSqbSxjZEFQmhq49TGqY0tJwfz2Uwop8z0NI00i1RQg0ClRilSYkeaDEUU5JzcpiY067paKniaMscRaIZMFUkBQop0ZtqIIhQugJ2EWmuZzViKEKmspSsFB2knIiSl0wDYzYFKUKNGCWe2psz0mCER7rra9zOsJO3MbJnOKXFatj1OzW3K1pqnlikUyDW6rlctfdeLwA6p1irUmkVEqHZd6UrDLRuJSu1qGBQuJQC3lpMpDuyiWotqba01QGptNFbgAqFSujqrUQIpW2smSkSJrqs0Z7rllK1FV0opEeFwKIJAUqgrRbU63abmzNKVopJ4oiGVCNmldv1sPpv3ocipjdPQkmYT0XW176qiAsi1dCKncbSTEolaJiWmls0tapQStfSU8GRjqYYJ3Ped7QSsYRrAbZpmXb9zfNs4SpnPZqTXw5CT18PKSZTSzWZIl/YPh3FodkqkIu1xGMapYUeU+XzWLWa1RKlR+qpacmrTONruaz/fWEQppURmm4axDaPT2NlaTuAWKraztQgFcrp0pdYyDeM4DKVqPl9ELePUnK2NbfKEsnQ409kyk5xIpmFcrlYtm0rY0zCMbZxEFlFrF3JrGSWiFizbrTUI225jUalEjZhaW69XmRZpBKSzqKAoql0taU1ji6RNraWdrTkjHCoKT41szmnKnNo0GWMVRagggUK1lKJQmlo7WTVEVBRjJm5QXVJRur4PFRGtubU2tdaViFqLVGon5TgMbZoiqoOc0i1rVIWnaQLqrA7DOqcsXdSuimJnNhuVWoA2DlNrw3paDQNS1EJrBF2/2NhYZBunaQxAbmZqCZRChIWFE9soTcvABDattVprV2qS4Vgv19M01dJFDcKZaaNIWkaRKc4W0bUp16vV1ua862vibA1Da5L6roPIqQEiIBHIsp1GFgjhNGkcKG05hzZltjZOLacSIQgIOd1spBBKtXFcD8M6yVDpu67UXnZYECk3HKJImc3TlHamjVtrmWkotkrJsDNbpkQRlkIoSqlhKUkLuagIwGQpdo5DEqXrulC0qZUSpZRhvVoeHgYSNZO0wLX2s/m81sg2tRwT1IwUtUql9h0RGFVly3TLqY1TtmlCqn3t+lK7UNqmdCUoyC0zgtp1UUNRgGY5iEImyBGllNLSzlZK2NDSTEkT2M5stJRCYE8tm4koJaEUhaKGMm1s1OwENwtJSGTLS/sHy8PDYbVSAJKQMjGEhMBYUYVlcJtwBMKRcsFOLGcK267RAU4V2aFEbZrSk0ohaZkJINuZRq1lQxYe14MQEcq0KLWMQ0IQpRQVRZvWq8PVNE1Ra1SlSSRFlK52HQrbQl1Xay1p0sZuTW0as7WIWkoFZDInhVTU1BARKlFatlCUWhPSKIQTRMjIqCgaCVmIUFdU+76aHMcpE0QAClnp0ZlkOptwQJvGTBfIMHYtnRRpTFi0ZtuSEEZOt5zGdctmRXhqzsmBoUTt+q4KYJrGcRwVilpKCSSnUEaICMEwTs1erZfdYueVXuHlgClzcrNTtopFKTYGRyml1oI0kc6UFGiYpiDS0akjIhRFOJ12iExajrQUCEqRrZC6Urq+60pRBjlltilHnBFKE1JE6bo+QjYV2WnbCaCQDUQoBMZpJSVUfue3/uTnfvZHKGVr43iNolL6WqYcs6VUCKZxnIZpPQxjToEUUSLGachxnJxKhRQRIIJaqnOymjNVSo2oUbJlttHp1iyHAtNK1CKBM9uUiRQqkpOGHFH6Urqu1K42t35jUaL7oi/8grMXd2d9ZwAMxtkSQ2Zmky2pkbYVliJTCkIqEVjOBGeAUZRASUHKqVVViMxUAGS2zKYoKuFMuRlKSGA75SillCgRBCVCIKxQDYSQwVIBFFKUMTNblhqllqkl8Mqv/qqKAKb0NE2E07ZkCU+ZrZRauuhK7Wvf1S6gTa1Emc372tconcXYWmtM0zhNY6a70s1KzZbr5bBaHQ3TGJlpWxEK2dmabaRaIuTW3FqzXbpSFBFFkLIzkZwgOa1wUZkm26611r4IpTOtCEtBlKgRRaGCW8qJ00qncGttmlz6KnAKQ6bdsBRVEVFi3vf9fF5qRAkhozam06WUzJatZbMKxkrsdEu3lkwmI9QypVCpmKhVCgFR+1pKraUIN4OVmjxNgyFCRgnZ0kaojRPZWmZrOBNHVUUOZw1BtQ20KXHaUoRqBNjZBbZatoQuur7rpJimcViPw9iyKYIoSmfRrOt602rXLRYLKdowLpfL9bDOsWVmESaFkrTc0omNVAV0XS0qUaLUQpCZLTPdgpKtZVoS5LichpbTMIXKrJZhGMjWRwAkoahR3dzaqBKYYRwgS0S2FNiJCKmN6XRINSJKGcfJbqCu7xQlbbepZU6tqRRR3JpRVQFn4qbMNAJQlKK+K11XokYRU5vWQ7NbKaWUOk3jar02qSjZLLFYLPratzbm1EqUiDqO47AeW07Z0q0N49gyu65OrY3TpLBCONOt9lXISOlxGqZpGqZxbK3Urpv1/Ww+7zdwKK0oCDsJ1yJbpeXUWoWM4nHI1hCp8DBRS+26amjKrmF7mqYpJxq1r10VJTzRz2c1jDUOo6GizNZa9n1HN1sN60Y6o6+4MbUpFKUWoKpQS4mklGmcbMmsh1G4lKpsRPR9QYRCvZwYBagUmWk9lhokqSSro9FEIUQtrCeXgkqNxGHGdElELdhytlL6vptp2ZoZ030titJyaqOVU3Mzxu66WmuH5MzmFqiUSigiWuY0jF3ft5bZqDVaazK1q6UoHKUrBQhCKIUjheQwKjGOw+poibQ5XySZU0YB0XJyy3FqXY2u9F2dTGJB1C6zeZjWw3roIhSlufWzOo5jG1vpKlgSohbZdRqnUjrNkVVApYCg2qMzpZDAWCZNrQHNk1ApUUuJUqKUNo7CYYxsK7AtqUHNQK3UQrg4osQwjAf7h24ZtagxKudl1nXVdmtTZoZialZYWFFkpyVlVGUCmWOWTl1Gy6lNrfadVGylm0Eh48xJLnamXaLO+9mUOY5jKaVGSRspaSUKpoipWRKitZSLhAJLAuQxzdTSk1CEpnGKUgJBNDusWsLJFC41lJraJAImZJPjuLYXpRSTtruui63t9WqJIrANllS7Dpw5ZSIBmetxqiWKSopsdk6WGEAoAkfm6Oba1VJKEK1lI5myRim1IhcMCIHHcSQtJSk3Rx9ZamuTCOHadWGaE2QTMgql3RqIklI4SwlFEEjIEEGmBNN6oGaUkJWyIFCb0jGJYknhnDJKEXaU8JQ5IUkRQoGopqmRzY0pG2iKLCVClGYrU8HYBiCCKB1eKTRNQ6a6rpO6dHZREtowSmFLqehiam0Yp5kUSZK0zFIdDoWL3ZxO26bJdb1ezbouQgQJVbJT0ria6FSK0saSc2q0KUsVJtukrpaiJJAwpZaws2VB1CiIUIiKEC1Vws22lS0NdpOF5JCcSOk0UcKBMjPblCQKUZFRaVOzs6sFYRFS2K1NdlLC0xS166JOHqY2FnWliKZ0SNiM41pIEbVUbGN7wmBns5Qts03ue43JOI1d7YNws8rUWmLGcUwfzjdPPvqRjwZajspwSEUiHMiBimRwpp3ptKOUIivkJtGVGn1pQ1qEYpyyyJaaJyRqCcmhNo7giEoEmSkcoEI2GykkFG7pxbwrpY6rQTIwTQ2nsYTSJSpgrIgwkOBjO1t7Bwef+Amf/iZv8labx0/uXzzf2qSiMJOzFJUQfXVzSNH36kBgBWVqbdaV6AsUnJlks5uDUhSTWk6tdjMF0zSRiqKEEm7NQhFInUSDbK06rJzGtCwioqhmOCBqdP3GsdtuvfXLv+rLIzl+/PgwTc5WVEEE6YygGYVCEko7MxUmZIqEIiJaOt1kEzVIR6RTBFGEJCuiGHCKAEowTYlUQplpoxLOpBnJThQhhUp6cho5IVoDspmCHQU1EIVwXyvWcnm0uZi9zMu8fIicRlr2dSaFcRvGrlZTIlIRQDZHRKeOzHFsjVajKlRL3VhsJLbbbDYjmZwRIeRpGKexdrUrpWULYZwQBWUxrrWSzkxEjRIKozLrkNJZo6xzVCldqdnSxtlqia4LA0YuhENKkIppksKyCEVXakRtbSoRYEslSleKECiKJIhwqigBkVjrYTRTKYVArSVkM86xYScpoLhEME1TUUAKQQiytQRsS10ps41ZEMvl2mpEKTCl0xDqoxuVtFQEgqSoKAxMSSltSockmikKTw3sTAIiFAiIkCJwSnKbhqSWUARyUsKJNI5jiamoLIclUt9VpyVaszx4srENCCI9jdOy6+cKKSKnyUoV2WDcUqKU4jZlc04ZnWVhao1xbCHCkQaByASpzroSpTGlmxw1ok1ey81ZVRMXKUoYWstpmAj383lROJjGVChUTEZXZOWUyM5sU5KufZ9TszMicnLLbGMLXGsH0VeMSDInJyEV6jgOUUMOZ3PBYw4K3IyIUATZwjKKKLV0btPUxtZcu1pqjVKKNGW2sY2eZt2sq2VqOY0TEapKNyZTOhHTNPSqETFbLLwEUylTpSulK3WyW3NUso2CzVPHS7JaDlmdk6Mp7ESldkWhcd2mMWtfo9SIWksgbEqUSlmP4zi1rpbad9FFtja0oa1pTrfRdmZTUEqkjMHYjmDRz2optsdxmtrURY1SogjcSJtmSDCCdJZSun4WJawoXd91fSgy083jsBaq/UxCpHHLLFGKQpmYElgaskWo77paSo1S+1JLqDCNLTIkFVlRSyjIJOZ9J1i3aZrWR0eHbRwnjzk1GYVLiYgQIGTZHqbxaLWa2rher1bro8wcpna43JtaFkkl+tJFkJlF0eyW2ZqxSo0SytZay6nluJ4cdP1MkrHTDaebLENIlm1qX61YDevGRAZOj3bLZhMlVKXounk3n6dzWC0znen1aj2OLRQCGZUonWY1JEVkCJHZJsmlK7UUlcgcDVJYuZ7G9XoVkuRZ35dam1s6QwHCdlpBswEsZ4JBe3sHwzgqJKt5yubMnMYxp1SJTOwotYAhJAhwytWWDJZJEkeoRu37EiWd6ZY2kLYUtZSQcLY2jW0kShed0zm21pRTwypRnMZOwBkRJUqoRKFERBScbpNwGIpDKrUaNRu7dKXUUhXTNLWWQBBOp7NElAjsom5jsdnXeSpLUS0dk3OauhJd14NCISXZwOCExBGKUjMznemkZctxmFZO3GjZDBGlVEREqaHS2tRIOfvSlVqMMbIC5ZSRKpRSikS2ZpxAECadmS61U+bYxkzb4Eyn7JAjwlIbpmyGlKKUgpS42U6XiFpq33dpt3FyWFihBBWLTlIt6krflCAMpiXZnFNakrBRmIZD4cwpKcrmJBOnW8gqsiUEWDYIwGkE2dK0GpHKqTVClOhqN5v3Mm1qi9lc0jRNpDM9DWMVEabRpnEaR5u+72oXsiUstSndcpyarTQRkpwN0qLZ0aYJMlRBrbVpNTSbErUoIkQ6cxzWU2skgQOmbKthPU1N5NSas+EWgQp2pozINjW75RTpUktEpFq21nJSRC0h3FrDiXIch5ZjRIdpLbOlQsaeWiZOG4OAxNnccjIWUaqGcRqn1nU1ItKyccaQja5M2USJqBFCBdm2ZRSG1hoRta/zxRwb86jHPALU1m0+nztNBJJtZzpHtyTlbChqBGaaMlsKhQK3HEeTIVmKkKSWo21Zwka4IdXSOWhTy9ayuU2TW1OEcGa2xInsltlyGnLK1oQUCglJJhFYpkpKW3JmoXR91/Xl6c+443M/+3OlsrmzjQoqFm1q09SmIeVQqEbt1KNorY3jqqj0/ayoYDy1TIFxJlNCJikSS0bYbtnGMZWepmlYD9M0NTsiWmbYVSKwAYpqV0vtOhEuDON6+9iJNuVHf/RH7R+stne218OQbXSb7Fa7GoqIgqIjMt1MGttQEuHEFgqhKEhSINwSuzUUREQpnWVnAweU0kUREcMwgVvLKR2hUkKZoQgJp1MYRCONknS6ECAbcKYirAiTJSiS05kJvO7rve51N94wrQ7Xw6Aa/WxWSocKJhNCUaJIzsyc0q1lS2ftlGJYj9PUcEoS0VqbmhUSCCMb910/XyxKKbWU5gSBsKJGSK3lOI3DMOY02o6okjMz3bJlWiWqDcJklIgoraWiRBQbq4VERKmlRAkVICq11tLVvp+1NjonRZjiMUvXqYQJEK3ZCLoIFGBRba3H1bBunlqRVCQLhISsUkqEkNUMqlEURgZJmMmNbILINuQ0DVNEmc06N4bVepqmzEQUCaKWiFqw3SxJEQKIIiK6KFg2MY1TayghparESNQCdF2xjHGSmXZOadtSCGXSppYwJZZr7WopQDpbtoiwvV4PtfalKKdUqCtRy6xGtZxtSuc4TW2y7FKqQgpZZDoKFNrUsjltiIgwdiQCID1OY6BSapsGT3aSrdVaSijHyY4UbRpbaxGlKAru+ippnKaptWmaIkBECYX6UhU0mgAbkrCscRzAQIkooeglajqtZsvZLIPS2cZEdF1Po7VxmqZw1ChpO0rfdzVqG1vi6Ltu1qU9joOlNC3HaRwFgUZPJmtfu6iYyR7HcZomsKWuzEotoVC4zrp+ox/WYxunEj4c1hNt3s9rVGpEqVObsnkYJ6c05TC12kffdVFVI4lShMZpctqgAqarhShktmwpEwqY7GG1rnVLSaG4OOxpGtItSm2WTSimHAodjhIKqckRBSIK2RK36Oo0NWemiZYZSkNOJm2cBsBdqeqoRekp06ZlqtQQEcEwthqlm3UkkpJsbUKUWoVpGILSsrUha9cVRxJ9X7DalJk5K7FajSFHiWEcnZPJKcOi6zvJU3FOWaNO4NaaM5trEdGFXTVINWjrdZtveNb3Ac6WRSUiTRvHolrCmVlKydYs1HAiS4UQFPXzDRFjG2VFF21slikQUboaUXIah3GspVMJpZqTiG7eR19Jp63wME7ONrWsJaLrxza1oUWNvoZQm6Y0zgl12cJyZGRECVqObWpVNWVMEHZGiCnGqRGUrmIhc7++9mMOoWJbprkFOIRpdtgmJQlxWRfFtHGghCJqC0qRs6Rb0jSWVEvAk4SlrutojG0tAkWNaK25ZYkuQpiiIrulW7a+dFKRyEzJEYGdmgjsVBQgbckRArdxmNKz0uFI25gIjIoKQYGIGqRpzR6mrqsORU4IS5FhbHCaQFElkKN2dZoykaDElC2FnaUEKFQCLLVpRAqlokoa07PZrJSSrY3DUBCdakQWecqptUgjGcZpzMzZrKhERHGb0kDDgVrL1sapLmbFYWvKCXDLNiV2jS5CJWo6mdLpFi1IRTQ7pLRFSkoTQjZJyxYhtUwIdSWiRq8Yx6mFqbUbW5NsEyGEk+bsVUw2Z2TUWqZsgsiURGZaSKQbLiEyS5SiMroldnOU6ETru9VySWvYNcoUodrVWbWnNubkyUYyoVpqylNrziacnkKCgFa6IpOG1gRYJUprk7OUTrXrSylWgak5c2qkS6l9rQqloAURzgmiFIO7vvPgSFk4k1KMpynHaVRIITuztallqTUUKlFKDWemrSwmahkbmGxEQFqyQa21zAipIUUoikrzJJEZfd+1yaGIIme0NNGKa6MBtZaWTSApVHJqkxwhIZUAgwNPU4YMEtitj7Cjq51tZBR25tSihER6SqCULsJ257oelhIv9tiXOHni2N6l/e1jx6LgdFEpypGQyExBjUgEaUECGaVIysaYDWwLGQXGaakgyGy0iCLccBA47QRKCRGli2ktlXC2dCoYhnWhqACRnsJhFdINJymVxEy2UAJu2Whl0S1WrL/sK77yDV73dV/vTd6s748ibcUUrdawE6GmFi1gHEYFrbWI6EtJq2U6TTSZUiuhbG1sCGRnIQgLJyp2ZnOrRZJKyG5EUchOkig1omWiiJwGE9M4LhZbWRff8BVf9NM/+3PAfD4/OjywUdTiAs50hLMUwjIG27ZEk0MumZ6mdZSopUyTmycI4YYF6czJERGoFZSyG1IpNczUJhFBc5twsdSsbGPIEVURkEpJJAqCCIcMgRwyNsqW4DalamSb0gl67dd6TRSr9aqLUsrMrSUuUdQVEuzMbG4ikN1IshCKUmiO1lprLbu+V0sMnlzmUS0jq9Q+hO1pHEutyoxSIDKnqRk3pRSKkK1CwU6rQERNUiJKZJpEUqYjnOm0hboazdmyBUQNIaF0qsWQQ59FdZZTG8ap62tRNHIcBpy1FKvZAixCEbYzqRaSYyLJKZqAwKVEcwaRKdNkMhVKKdIGh4qV6cRCIiIcuI1T67BRtoZsCkjQmhWjVJxO0sYimrERkKFiLGMpw9nGUktRBZvJIATYSOCmUK1ViuYcp7Gop7WpZa2lStnSLbuuClpawi5yK7X2oa6GolhTzVhL89ks7XEYIko/622mcXSEM1vL2oWNJKQ+SivpbDaZiWjNYbkYe2ouRbKmNkxTi6hFysyEArWLiDAeJxIrlFOiUmsgmj1lI011UMERkZlWCKRIsoRItRgNtltrgRCduiiEyjBOdnZ9cRK4zubpBq6lCg2jVVIlagkPjMPgCLAiQgrRbFpruJTS1SpbkiKEc4K0KioFSbZK6ehntY++jMMIBjBd10nOtnZm1M4sV8tVZs5nG5oQUWCahr6fpRnHbNNYZ70pUqtN6VSo5pRRVEKhbpraUNTZbWpTZoSmYYKUy8Zs3sbxaHk4n8/7rs9pUoloRC3TelyulzXqfDGznTlm5jiO6mpXnVNrmZLm8zl2BM2BGsQ0TiWi6zsnLRPT3EhPOVWVsTVMo1UJuZRumqZpUOn7zCYiZRFRqLU0J0mNGGJarwdDrXUal+t1LBbzdLZxzKlNLadh7Zxms7kbrQ2EDlerTrWf13mZrVbLkBaLTXdVkG2MGjSik9LjuJ71XVdnRlHixPFtKcClBAqDcRA4jFsayHTXF8wwNLl1sxk0Qe36aZrsFqVMrY1tqNHNatfSIUp0DqZhTaLOszobcySb7QwMtKmrXahbtWVrzLuK1HUzu62Xo1xCpIiuTs2pgBxbI+0gMpMMJWKcxlJkh0ibcRyD0neB5LTtKHIKAR7aKFs1nDmNo0Tpuky3dAQSxiVkCVO7WdjZGhETVnOJcKYVKqUYsCylHTZyOltDCCUms5EhuTJ5ymYSgmYLT20KR9fXTNw8ZRbCVUqFaNmGcR2UrpZQbS2dlmqJNEpPrbnWLoCiNk4OVxVwJiBlNltuRaVGSeGWCgcSBkHWUjLbcrnGKqUqlNnSLhGEutpn2jZVNnY6QoYsEdXZCGEiPaVr6UqJELIzszk7CkHa6SxS1BhbExahQEiKYRyqopbSyGkYx2FcHHNNgFKL7Ikmama2cR0oAzIxQkbJiGtEtOY0fZFNy1RQuyDVZFq2nNK0yaWq72dkrocR0/WViHEYQdnabGMRqsvVSuCSoBrFtjNVNUFkswgFBhShECkKpeWYzbUGtcRypLLOJrGaViRRLVqmTUMhWRQ5W5sYqV1pRFd6F6RowxpFtRJPw1BKRO1KF61lRESRskV0Y0u1cZjGqF225mhCyLPaN1tymjHTTrt6ak0u0qhUQ4ooFU9WiSqk1qYmsEpBZATY62EdpYQiE0nT2CBKDYftVKYiWmY217CtFtkmKkJUVRvaNE3UrmK3aQJ3paBYHy2jUyjSWSK6rhunobVWai8BmtoYzZIXiw3ZreVECpVaEIZ0c2sRUUKyx3FAzY0ph77OEZVKy2yZwbyfZ1vdeMtDHvKQB/3FX/7NMI5tVERmSRRiSAIrc3TtEbIICyGAdI450SxJCkREOBtgN6mCDJLT0DKnJKRSSfelMzkME3Igi652ZLM8tayl2JaKgvRUupiGlAIhkWmIwITSHtvY9/2pk6fOXzj/7u//3k99/JP7rRPD0YU2Zq1dLd2QLacJRRXp1lXGqUWJEI3sUQm1hq0kW3MpQYGWkFHqNE6F7LpOnaNU51QSW10NoozjSE50FcLRwLLAUWJoKsr54thsc/O3fv1XPuETPxM4dfzkmJNqLYigK2Wa0hhFICuNBBK2Ikqmpcxm0onBomVSCollIQEKK9ym1lqLUmvUZuc4SkIgohYy0ikbt5AiSpSYWoYxRtQSUwq5q306BeM4YadxZpLhYBpKrYeXjsAv+zIvLZzT0NrUbEyp0YlsmdNUKY6CMVlEKwRRFEhBoJLTiCLbJBQloEhERCa2S4QCm4jIqdkZGaIhCqZ0TU1WrZ0UXe2aW4At7Iho2WzXqAqlwUKyIKgKky6uJklcMElG1NbGaRhLVyJa1DKvxTQ32jSCkMax1ZkcAjJRaZkpaRibTFRVKyhSYDeaEqHmZggFRThJFG72fNYP09SmFhSF5IaBCKGI9XLV2qROpLI1EJY9TUOLSJCCkGwlFhEirZZNqJRodomSMkkyjqZI4cmZQFuPNqECQlKoi5pTempGJYQ9eaqllChGNlMbSGpXCZdS1WjZSoSb1zkVlailYKmIHMcRSaiN08Qk01qJ2pyOQrMVtJYRMY1TtoxaIiJqcU4pR0ROk00/n5fALSW5TRmK6DINDnAmie3MlmrZspQqhQTk2MYIBUrbraUiqkopbijkxqyfpcFtmqZai0rJHCc7pIjIdGuOCEROWKkgACilF2GrdAX1BVKipYO0SihrqWgcx9Ymw6zrwVhdxNimbK7dDFlEH+laFXIyDU32GI1sHd3YBtIqXa3d9pbXq+U0TgfD3sbWRj/fKNmrRqanNlTV2bxPs1odFtWg0SajLCFsO4ZpTLIo1tNoU2sttZgESthVKKdhOFquCJe+hJSknNFFX7t0w5LpStfVvjndknSSaadzmsapTdksIZS2FITHyeM4AkhCmdiQjqS1KYcpDWKa2jhNrY1kBjFN09RGlLJac04jQSPbMDmi77oildoZZcsSIl27upjNtneOzfuFRFT1fd9FObZ9bHNj0XW1dHWxmPezeaMFHjNtMpPCNOZyGMZxsLMlztEoSl9qwaqlllo8NhlJThuHonRVgUVrrXbRL+bIw3oYx6ll2kREKFSiUw1FklJiHA4UUUuNWrtUZmtGJZTKkFU6lZK4K93m1qJ2VVBKEdH3s1JiGtPpbI5MSWmiANjO5mxOkUlEJEgTjhKIktjIyLIKWCadTifpsLK1Is0WnRTTmM1JIALTTCZKF4WwhVRNkgZsZ5LThI1kpCihACsNOU7TOEwp45a2FJZBtRaFIDIdSFBNCbk5c4qiftbVvqsqUeSgZbYxkyRqs6MUlbSIEsJYpRbTHEgoCukGU2vOyek662pfbJozShRVYTkC2VBCtdhORVWNEhFgiqqc6ayEw8K1q52UdjYXokYtfSTpSBSZnnCtUWuxmDJRwbZbZhKl67paCjJJCFmmuVm2051iHMflalkiur7WrrNzzCYopUTBKeFSJaQSFakrRVUFWmpEtQhlRhA2pRQF49iKSik1SqioqpKBcVq4OSdnLRJFCoq6Wvr5vHZFUkSUWsLK1tINiQLNtaj2fSkFpRCyophQgtOJwyJIBjcmZNQmkkZz5mq9xokRGRFRhVwKjgZWZvNEMk3jNE5tGhpNijrvFMUt3XKchrFNTqMKzqk1LBXbpZaIgizF2MY2tkymYRD03byLUEESRYEN07Ruw5iZSTa3zClwBLVGqUXIimY7s01NpLADFTWPzQ4codr3Imot/aybTLapEH1XQm722NJOq9QoZIKyTWk7G3ZUKarRNA0KTW3Iptr1tVYjtwwF2DZWgtVC6rsqUUqNWnCCSaapNSyEaoko0akAGoexpUHZEsW4Wjnqi7/YSwJtNVKEKs32FKgSqOHSnGRDOCNCUWpmm0aHS5RQicRgQEgKhIKoNaBNgENO3HISCJJM45ZGtmUkIZWuq13JlphShEzKiUqHTSKFDc6hpUFCaBxG7GPHjt979/nXeM3XKLSNxck66zGJaymSIhQglAkoiFqKzJCjkErYDkWUxA5JgUIWrWXLMbFRZrMUUbtSIRRSEBECO93cpgkyohunqbiUbjHb3Lz1yY9/87d4mymnE8dPqKqNKQLhprE1OyVsgBLF2XJqmbYtERFpCJdZL4XbmFBqCLmRTmPnBEpjotQqRWaKBFqmbQXZTBAhyxEBBkIhwCk7M7MlIaHWBmwbnGkrHSIUtUilTFMbWnvoLTe+6qu9hsCon83ms26+Mev6rjntpiipIF1KKaW0xJlBJM5sAjKjBKhNLUmFMK21bCht20BaKCRwSlNOjQjCSjcXFIooBTOMQyZOScIah3EcR2e2zMycWktnSDVKAeNSpBZJQcppmKbRpFAUbW1ulRpAKYE9rZuqStdFVxUqXbEkGyjIZLo1u4QicCKFhOxGFgUlRGaSOYlWQMYhKxHTlNM0tjGzjc50RGs55ZRmPa3aNCmKiKllmlJq19dSOkVEKCJq6YmCWomoBXCBEqGQIwDsSKRA0QUFQlUhICNIJ07nME3r9Xocx37WRalTjpmWFITN5BzHcRzHMGlP02iDDGQaZ0jTMI7ZsLO1zAaQLax+3vWzeVe70pdSpVR0RVFQTsMUUaIURCMV1K5Mw2q9HkqJNjZUZn1fECmIiKhR1Upmi8A2sgjVGl0nwglIIsKOBAWqqgYJRdSQLYLEaSHWw5g52S6lllIj0w6ShAS3rCHkqU1FlpRJSl2ppXR2a20y7meViGnKls2tZeYwZo6NTAW1Rtf1JcItGxBRS5RSlTmuB5lSIoozs7VWe6mqROQwDTkihmkcxtWUQ+lmpfahYsjMaRih0VrLMYhSqk3zZCM5JLquZFoRCpxTTnbzar3OltHVaZpaa6UWhRq5Xq2nyYvF1ryfZbIextV6NQyrnBK0sbE5my1atpbTOA5Jq6VG0dTSlnBEzZbr1XqYxqk1GTlLDaljyojITDtViqO1aUQ0p0yUYjOuxmlqs3lfu04YUWudddV4mqZpGp0VBy2bpyJKqNToutnGfA5kw8YplYIiisDDegBKLWFse3Bbj7Yx2WiZgZGyWaYWqmIx35gmT22cMpCsnKaWTqlkywy3bMOwNs3ptNt6asOoVIlSFGE7FaVXFIna1RoljMiUkQUElooCiYhaS2YbVyug77vaz7rSIYwyPeV0tFq2sRkTsVqP62kdpXalayYTQ6aztWyesgEKUUMqIEHa2ZyjS4koXdd1fVekQMKSo7nZNrJD4BLIgpYkzqAEpdQoXVpkNuc4TWM222HslJHCzpbZ2oTIKW0bcEYJLErUKEUSlrEVURzGIQXGKUg70zS32ve1r7WLiCorUBRLwqEkpNr1XfTCoYiIbDgTk80GOSFBESUCJOFAWApLUkpkcxtatmma2pQasyilzEkw0YZxpXAttYSxM0eVIpXW2jS5pd1ainSb3Bxubm10ZhuWozNLLbai1FKr061NLVvt+lKqU2S2bK2lm1vaLQUyma1lc6YiZot+a2OjdD1Jy/TozDQ02tQs2yAIBc60wypFUWqUolrd2tSmUoka2XJqLVEtZT2M0zCmiYjRzSRho8wWVhUWzintrvRR1GjDaliv17JQhEISluVs6SIUkouIKAoyna211tLNSCIypmkc21RVAZu0QJlWSIppalNr09SaPayG9Wo9rtu4HsdxWk9jm9pytRxWQzpFTFOLIFyytSnb2EzDrY3TgLCtICiELNdaI6K1qWVbHS3Xw3Ic1pYUMU3j5JymNkzD1NzG1loLa5hGO1ero9VqZVNqL0KoZTpMyJ5A2EnUrpCW1FqSnlq25nEcs41pt2kaxmlqVsjJepzGcRrbGmHc2rgchnGcmi1o6ZYJIalNLUrXxmm9HqFlS5PZcmothCIU0aZxmqZOJUJTm7Jl0rIl0NUuuohau1KihILa1dpVRQEIpbO1HMfRZr06KujlX/FlCVHLbD6vtUYtoUhIHBSFZbDStltL20kaZYQgQBEKhE3YTprdUqRDKCEsWQ6TzVEqVraGCLk1Z5LjlKJNU0hSUTBl2rTM1ui7Ml/0tURRhOTMqEJCRUgRLaeulHnf/dXf/v3bv93bNeXGxnbUbrU8UrpEsQzRstXaqQgpbTtpTigRtYREZhBqzjSSbHd9jdrlNGKMatSIOrkNq+U0TjVCtSQe1oNJkamw2zTlYmu739z5sz/+nZd++Vc8Wi23N7ZUNbWUXEpEKaWEBLZtO8E5uaUtB0HL9TghShSHsEwa9V0HZCY4JAEEiExhhSLIzLQDgzMzp5TSkJOV1FqiyM7mVCgt5FqLFRLpbA2TLTOhCwlFVGU0yVQb4NVf7dXqbGNc7U8twaWvqJBARNQ6qzizTQZIhaMEaWdmurXBLZshKF0X6iQpEAYrgpAzU27OxBazrs77RadiCSvklMG11Cg1cZQSEQJEy1ZURElPLadsuTxcjuM4kVNjGsahtXQTTmuamNo0DW1qIw6hbG6tOTOzDdls5v180ffFKhFBkAIsqoqswIEwkoSdnnLKcWwti0IRUiojLeOQhJ0qinFcF5fZrKcUlZAUtYYKEBSwoE1TkYsK2DZyRIiQNOXUcnJiuaWNjFJyyFMj7TRCYWwyUpFQlEDaRhEqUlEoiluLCNRkJAylKNtEcxQpFLWbzec1akRxYxzHTLuZiNm8hxynqaWRh2lUKVGLVBQYY0giyClburXMnJBKLbWWedeXlO1pauMwrIdxvV5BypGttUyFjY2pKcU05dTcpiYhI8mWiChy5pTppGVL0pkYKWzG1iyTDkUJkKPS1S5qRZl2uhk3N0+pdGu25Ik2jg2iEME0jYTTDTOO4/JouVoP03osQe26qKWESpVDUWrfz7q+L7VabnK2MWkTmePUWmtTG6cVGTRly4L7blZKL4OiOrroStSc2rBcT+u1M53ZzTpRpmlaj9N6HLoy29zYaAy7e3vro3WNEjUqES3bsBz6rqhWk/2sgG1HqemWmdmYb3QlNDpns5mMIjJdggl10ddSolaL1owNEFIUoeZRWfu+ZLamWmtprSkUilrKehwDlco4TpK6UpSaPFXoaqcajtqmtaR+3k9js+j7Ihc82ZIJq5l01lKLSgkNq2E1LLFK50ZrY5bS4Uy5RkyrVnpybALXbhymJK2I0NiG5owiqSCBoiiIdGutRS2ZUVD0VXJrTRmlAmFbBY2aspWotZQx2zRMcqqUbIAJIZCwkwhZtbRMp00jIp3ZnK2F5RJdN8uWrTVMKeFUm8Yps68lsTLTTqPioshElLQWZT54XI6rrnSUsJl1fSlqUxunZrc2tVAB2pQhJwThMG62FGQ2t5ESxeFMyy0TIVlREJlAyKjE1Fq2JogiEwWa3NVo9jiNoaJsGWGwI0IK3MIQRa2hIDMlmxLQWou0aoEgDFYowK1lRDimKdMNUCDRRU3Hepj6rpQohBE50XKa3EK1drMOpbO1sZTS0qUURIBKbdPUMkvUggySo5RsNk1CLRxQEF20qbnZUboayJmybY3j2KZpmoaQulKndGbaWVVLiZZTDRkN0+hpDGPkyVM20qWIUC2llCLnlFmsWktrmc6iMutnOTUHghQRBZNSCUEN0iFnG5t7lSg1QuPUZrXErCoC8OS6KFMGylBFHjMhIBuqLl2JtKdpSNRFKdKUbRzHUko/79arNrm1ll0tgVRCLoGzNZBKnaYRRXWABpL0JKnZkUpKib5U6CbGnFqtJSe7GWRs5GzOjFqwkqylazQpQjFqAmaz3oGCrvZEqQFuSiSKZEVMNQq1n4VCNbPl3AZLkiIiDCrqYtFaw406b2phRameWlcKIscmMMrM0s2KitQ3j6XMSldQG4cpikpYUXIys14tpTKrASxKGaex1KLoCi3trnZCnlYufdeVzKwRiNm8bznN5hQKFDszx4gOiRLzmrWWoGRHsUWYdKE4s9RK1loV4VChNLuWyS1LLW1s0Udk7bueUJuGtKG1VFfLmE0lqtWUbWpINarTIJWCIqdWQq2lnc5sYbDSJSKiZObI1NU+QquD/RK8/hu8HvbB3m5XTrZMO0NEkRsOKYtkYxtjEdnSCJNOixCK6tYAZ4IkKZQmHCrhNM5CTLjvIkKeMrEi2mRIAofcSJxOIbKhkhAlTBsHR62YCIRNFEuEwg0ky7GeVpubW1Ne+qmf+fkP+YD3/7Zv++7F9nFFHhwsa1UtM8J2Zqrr5plTZmvTVGoBQymlNKacsk0tFXJKVUhBlBjXaVyKCLJ5HMZsWTW0UqEF1L4UlUx7mkzdOX4SxU//xI++yzu/23qaTuxslbqRbcImSpscAaFMg8IyTC2hRYTAapToSlEwTYnlmJw22aaGlJ7kCIUURtCIUjAKMLVkphVBJq2RXakApVieWiqKbSWSKLLVpqyEBbaV42RPaSJKEJIUNdo09rN64dI+8LZv/w7gaRztaRwpUZ1pMhQTjkw3174LOVtKEdBAAoxqGqVLLcjYbq2ZiFJCQEigzGYb5GRqzXZLImxjIZXWGglEgdZaCdLOHLvadV1NKBktW5Raq0sIolSv183TENErqGgsLVwSopQiTdMwtSyhCEXUKgsse8IQyEXpCbDTlKgVe8qGKeC0I0hHCIWxHETBExir1EgrMw2ZqSKyligY49oVLDmbjeTMqJ0yI2iZmWkSSBna1Ii0QyUBCmoYN082JA4VcFFpkS1TIDwmgJsjUk22gL6v6XCmG6WEZDuzSaUqIu0asoQz7cikRtQyjW0KUOSUNUIRTtfaDcPhvO8JjePQ0m4tFFkswlIBKVyrSGPQ5Em4NE/OWktF1IqieWp2ZrNDKrYVITtRKbQWo13dIosLQiW6qaWn0QpAAUV9lGFqLVspwmSbULFtU6MYnGlinJpwRNSoxi7qoySoKBTCQXVLKcaphUQtRV20zGbsoiAzM0vfFTSpTW0KqU1ZVaIvpbVmdxa1pjKi9HicWpuOVCQwtU0TzoPVqgtFhCHk6DoAU6KMfTfr+1q6ycnQFM42NnVumvXdfLEYxolRtZYyTenK1LIr1L5bL1fdrBOSs5ZO86C1w6Nljej7vkSJElNO0zhGlK7raulCSiEyW4oeYbkgV3IkTETBKpXmBPW1V9BaTut133dBB5NRa4pSGVtLSsSUU1W01sJkdF2pIUIxTetsU8TMBrwe1pi6KNlam8ic1quhVNKzXlXVdpYogqmNzRMTpdYopZRC34OcOVnZbESSZKiDyYmCljms1vONRfPKpYbLOGVEQRI2DUsurpEti6yIkGstNJVSbKcppXN6aiMO57p2PUqnjZA0mVAtpURkOptXyxUikBRTTkphaqluXq8Omx0RXe26rncmio15T0Tz1HLs1fXzmmNLN1OnZuMapZSSsgIgitqYJhNEEF3QIECZilBTIpNJQklRhAzOlukMdQoLbELZMjOncCB11c04SqmKgDTGSarUOk7rUNhRCtPUAtuKotEtJJOZGOXkEqo1IqI5bPquZFJqzXGwQ0gqLVM4W1MINE0pnCYo4czEAkWUajtzgggxtSymKzFRimVZ2CllhlDUbM1hk05HuJSqkEzU0prthiKU2TJQX3pBuqVVQqFilMrMxJrN+zZlm8aY1a6UIGrIrU3NGCvbNBkLpWRTpBIlM1MKCKlZ3ayQhDNbsyEUXYQ1QkzT0LK0SeTUJqkY1a4D1Vqj1JKDM9ymNJIimJrCbsoM7DARsltrpZooUWy30aWoTQoMiloiszkpRTitIjUIS6jRsGrpQlp5NC6SVJodakwGj8OkUKia5skOqMGETJIKNTfLNSCscQJOnjrujMXWcdtCRLQ2hdSgGIOEEIAC7EQBlqNpMqWSk4twYNmOMJBOp0otXDbPBkbVnqSKjO1EQaaB2cwmIkCBSRomCAJsLAxFNoBthQzdRjotyxgnUSUKzGxbkhQJYCMa2kCZRg7JSAhsp+ScgmigiDAWZEqSjSQLeyqqeMpGG45yvbTUmkUqCINoKZu+66PIaWNnNrfMJENdiBJRJcDZTKjRglAqCjIpMoeHPfihN91w3R133mOc2dzsrqi1KAWEGoTdiiohoKUxkiRDyArIKLi1DHAJBJCGROmMQHYJkc42NdmmCIRUFEzZSNcISXZaBRECRyKn29CsLCpJSJMpdrPDuBiqStaIOHni2O7FvW//ru+dWn7Ht393v3lyXJ1dTodA6Tb6rg7rQaIvSnWeGpOmNnW9CpEOkQpFmlJsj+MQxGzW1wgXPLXRU6l1NuuGcZqmkTb2fTeO7vtuYqqlj26+WBzD+SVf9IWf8VmfPba2udiM6MacIjIc2KMnmkSQLUonHGgiw2Gp1iDJbIGGYVRaEWlKxDh6kkuIKJgIUULpnEilQgDIbVJIwkgRYRWVya0UrccJu1IjIkISbtE8BrLItAiBJUoBUyIwWGGHStSWXHfNsTd8kzcmx3FYdX0nK8mEEiVNWJlySOayQGkKkW6Mbez7rotyuDyore9mXUSzwi3JNjmCJKokrKmNUnRdSdOabU/ZnO5ql9mczc2ttQjnNKkWFCWw3TKlcECLEtI8sUISsbGoUzaZKGFbRlCiiDaOid33nY1I41KjRJFi8thwc3bZAMBGsnBEwbadbYoaIjENKrhl4lpLquQ0DjlWSlGBxNSoxnaCFA5ES8Ag0zKrBKaUli2ztXRkdLMOuTUV2ZpCgTOFjERakoAisENhgwxkZpsm2QBhZ6CWLckUQebohhSlhEpmm1p2UgnlODVUiiZI22ZmQVBNWhARUWQriiKoirTUjF2jUGtO0zRM1CilqqBJVQicSUYIWwp1pUaJ2nVqpSgsUg1HURCkooo0IaPoKhN2anITjlIyM7OBopSQk3DLZgnXWsHKhqIpncY0Ryhby6ilqDUjqXTRprFNLWolM6dWSmnp5fooKLUr2ZhahqRa5l0dWrY2otI8gCLTqCsxteYmpd2pJaBai0pVG5EEEF1XMISDsFtLF9GpCLXWkkQxi7rOQUGoq04AuSsd1jiOU45SLDbmszajuJipuWbLvnQ16nK5mlqb9VWK1rKE0oRNy1q6opZkCMvTOJoolKHlYt7bXq+HqAVJSelrWOtxPdjZsusq9jSMCQU1OYwiMlOwWGyUvmZLQiStTaXUWnrwOE6qRVhEBumJqVjONo1jy5xqNwspyW42Iw2M0yTRdd2x49tT2tmGpCu9jUqpU5tM1y9Ea1OLCExIDTLHNM5EclCiImeLcVjHLMicLbqAcczMqZbMpJt1xk6NNs11Vu0J25Q2TCaB0ncg7MyUMrAIglBBFlEq2bJIFJEAUYrUWvM0NWjdbBaChqJZciYl+q4f7ShRIsgchyFKUY1hPY5TK0HXdW2ygzaabKrqIgZnUEuhRAAYQm7gNEmUKAqFiCiySdsGlX5WZLd0a2Nalko4M0ekUKmlpRWEJBdV5WRDKCy6glUiivBytWYYKLVNU1QFIZWWGSIKTEGNqbU0tRRX0hkpgzFgrFC6AbjZsqmBkZOkVdVSNKWlRBWcxtNkE7NumizbalEKGGW6EIxtiqZwjlMjs9QiERFI0zi0yVGjq31fu/UwrA9XtSslSsrZLNXSY6Q0CnJ0hEMYLEVx5jBOCnV9jShGYAkiwi1bEzVESySlwWkJkyQpwzBO2J1mDZxOp6eMEhFlxKCWmWNSSygEYxuDlARyOrNNabtFC+Su69pkSBCyDaRAipYptxIlkfHYxlDUrk6TkaNpsuxWKSU645ZTKaWU0lo6KREpWXS1OIXcpsmQOG2HbJOmpCebrCqJUk5EEJaFrJRIKCWK/uAP/+iG62++7+77phyrIknhYZiiKyEyXSNUwiSNsY1yqCuFQk4JDaspNZVSMylFONPpRppZ1zemojAFRUQO6wGDVIQUUWMaxuhKqLZx1TJU1UUZp0xPUpFbS4ra1JpKFyCKSUXIgmaIUiCyDbXObOPIbLUWW1EkEyWHKY09NUV6iqhCVQGtGShhO9S1nIQBqROs25J0rUUWEfNZf8/dd7/Wa73OS7z0S8U4eBxLX0KRdqpJKbsWlSKcwzRhIoTpahchS9maW6IoBZXicUIyY+Yk1Qjmi82jg/2t46df/3Ve77t/4IciaoSlhmgKFAHNkpRGIgjhiKLSspGW3YgQpcpjS0mBHCKUzZkWBhUpK54yLYzT4JZGUQqJZCuKhCU7JGQ3I5kUgCyUk0uNpDqbSyGbEtUytRaFYRxL0eb2lvcPvvt7v3/37Lkf+smf3Dp9zWx5tD7aH9erlg6ZzElFoFJpE4SNQ84JkKuqcbSc3DLD4zQWFUmldpkTCKkQ3axzEqXPNuBczHfqxgZNT3va49/nPd/jd//wL4AzJ05MiKCzTMlqRqIvQtlSRGYrpWY6hCEzUYSiYYU0QUStXWsjULsIYbuTWjBlKtNpK2g5WaVAOqUqEUEmEsSYzc402FFCsgAzNRsXSi1KlLaBQETXFZvmyWiaJoX7rt87uAR6wzd+4/lsY728aAi3UudubZqmyVlKiVIU4cmNDEdmOqENlIKMJMeUUyldrbUg3MlNBgE4qnDiDAtsKyiORoZpTa1lK1lUW7SWzYSir6VN2YoIYmzrbBmls1uaSpHrlBk5Tq11XVVoaq4tTY0aAKZNHscBxcZsLud6aGTrSmluuW5tGqZxtI1wS6DWCtHcUCqKgnEcSyqFlUJJpiklIoJsLmiS0y7pZoWoQWuKYhKTQdqkQ5pai1IahRzN1OziCKwaEcVyMMlSqQZSIScpKVuT6Pt5SMO4bqbQMhOQjIQEQIATFBimacp0rZHN0zRFUSiUbSD7VmywHaUAmhRhCbAVhVLK1No4jCWCYGzRz2cSQFCjdM6xOaOo5WRRVFXERNoB6aHZfe2qapnF2NpytW7T0PeLWqIYlYhax9YiIu02TohSPLUkVEtJQIS1HNYlSu06lKRETnbxJBQRJGCUSk9T4owaqEanAkSAnY2GJxunc2yT3ZTUUtdr1Clbtsx530EZxrWia9M4ZpMoESVKJq2NgHGNMqancYwSIWrEtF6P2aKU2kUUKaIWGWVrTNGcUxJ9KQgcqJRuXE9uNLCHrsZqtZ4O9ufzLVDXVWC5PGzZd6WO45jjpCjV2ZpNqNaYpmkco+97wTANOSVlDGqtMd+YjVNmBM3TNHWlRicm4RzWbT2sulYjImql5dTasF5HrV3X14h0Tq1lOmpVoqJEmW45ldorbVSjOrPRso1WoaWkWqJGcW+sCFq2QkF0XYUuFG4ex1b72tWSdtf10zSmWhsdQUhTaxktpzZNrUbJbF2tRZ3dPE2joE1jZijaNMlkIEfiUkrQ0gDDNGzUjYhKGSGjdDU8tSwRFpXqzrg5SwlPwyirdEUqJqc2kS2iCCtqpdkg0kjUqOtxaJpKmaG0MSlHKYawokQJonTgEuQ4TKVG7fpipx01siUqBjvs5tYcFaamqA71HQ0JhYpLKrGG9QgYSIto2ZCKcZJORcrRaG5JlNIVGontbJOjqi+RBghhsEKkrIgIkbi5hVCNbNNq5drPSqhEEeuhtU4gYTKoXc3W3FpOGYop004IY0AiIzNxJjCZUmugBjislpk4iUqhRsnm9bQOou97hz1ZQRJKt9a6vk5ThqLUzhHTNChbqEON1IQjwhIKbFBrU5taRNhEUXNmJpEQEgan01OmohSEM40imdoURSqlq7W1zGylBIpxGKSiGlNrxREl7ChF2XI9rLtuBhi6KIhQmKiRtNKyTWmTmWnbYJOZSBG0oKqzW9ptHBvYhAJyyqytZWYtnWTSQOaEbYmU7YgiyRBSOqUSJbDcaLSwIkJWU7MNYYwcimbJRIQULdO2aDnaQaQtBM0tM2vUTlUFKzIznZIAASDbDYdkjLGRIhSl+87v+v5v//bvBYEhIEFgAAISAEm2AYFBYJ5JYJ5TQIIkW5C8KAISCRuBeSEEBoF5NoH5lwksMKDAyb/e+73Xu337d3xHiciuM22aJlEALJPDOEqlFE1Tkx1dH6F0OmmWbERjyqwisaOAo5RSal+LpmkchjXwRm/6xt/9/T9wuL8321iYCi0AJxFSIJdahOxsNnIQcpYgHYDTE0YRltUisUAqXYCc2RAtS0Tf91Nr0+SwKJDKpLlhEWkVkQkYkJqtDEqSFpUgSukUaHJikGyPmUXFLaNIoTa1Y8eOXbp06ad/6Zdf9qVe/Id/6Ptf8mVfpfRlubffhds4lI5sU6jWWpoUyCadSOlpytZHH0VtmkpRRCBaZqgkLS07nWk1RU23cRw3t7brbDsK586d++zP/Ixv/bbvHqdhNuu2NzcslShtGsNQiseWVq9aQiNTppHtTJqbQYpYLwcRlktVV/pUa9NIiKSUArRpMgqptUwhFGFLAM0q0UnOzKlF0HBmYgRRguhEa+kQLQ1pVCKabTvC6eI2Co+2s4lIOacpSsxmZThcKeKD3/9DUbTRNToVOz1ltpyE25iltcViUfpuPaxapiKKNDlERkh0liR16kOaTKiFohZaOttY6CU7rZAUmGkynkASpZZQZFrFpdZsLVStbKmi0pUqaZyKSYEUETIpq5Ro2drUnOq7grNNMU2HEaWWYlQiWpRxnHIcHZrGodaaQZuG6lrKrGYiZUM1gBLRyJwmooYAgVumFBiFgLDblNlaIBNRrBIRBVprSUiS1EhDZGYYSZmOiK5Ey5ZStiwKVSkxbtkkSEopkrK1JkPIKVtGESGl0wZnEjaKCDlKVU5ALdVpQSqiBOTUGlGytXRSJcJyVRUWSilC4zhNLfuowg4VhTEQIvqaWeQxaUJumtoYEZhpGkWJIquSrQ2jIkqN1mTs6EobxmEcPEUXOYzDuI4o5DRmZLrrwuEcWpgpE2VfuszWPEWro6eIiIjm1qbWzaskKFbaDsi0WyqwKTWcSlNKkWqpJaemhpVEhKVOaRxRgkKolqlFc4t0qSEpoNaKhLK2aG08WK5qSH0PjFNKbpmCzKlRWrYSCgXpYRzaepikedV6vQoVTZlFYa/TBZBF5uQGUVQUuKh4VqT02Oj6blJbjW3o1vNuNrbWK2rEtBxbHVuyPjro+lmVIotJpV1qlWnj1C36WZm1rmVKblMbaxclok0jja7vZCl9tF5OU+v7vi/VwhBR3FprrZau9l1Xympco5BVayldaLIicDZbMA6D+lpLN05jkyslwa2BwZ7ceiJq2uksKq05lSUiSsmWTU3h1sYonZud2RcN0zS1tug3JRW7WCs1464W003TlFWlKzVmZE7hgsjW1doylTbOdFc1WFGYMtuUDYfTEA5SFplT0JVSVKLl1NpUoxO4lMyWTidSSlYUIqSSICkzXdCUjjqMa8sgt1aiDG1UErUoosSMwM5srbUpSgVKKYGGNiltSLsUdV0dp8m46+fEWFRQ9CKlwKPdR5hwNrWIqqgVqDUmNzJMybRkCGSbzEmhhBC0bJm2gVJLrUWSGigVReA2OiLtTqGInKZQKCpuUmk5jsPKbYpQa62ohCIDp3MYSqmyk2i23RQiA2O7SKgIDA5hLNXaKQSABYRwgFUiItIZtZYoUoARStdQ13VTm4SwnFCM081SWM1IUYpzdHaqCoQkNWGplFJrba3lmKWWGsVSQqRcyjisS9cpgsyoITFNaXJqqqYppZAkkbYhSkC4DescOzrjZpxZapUAEAq1bEGtVZkqBalYDpPYiqJMGNs4q51UulmvycOY9jRki64qFJKgyArVqFJTlCSm9WQQUpSQWmsKbOEcp5GI4gwisDop1VoLRSMxIUIBam2yQjjtYRiFUdjpTFQiUSe5JI1mWQKw7WwpiAhEGmQZiiJtLGgmslGKHV2JkRKlg+xqpbUpja0QCgFOhdycQtDV2tKZGbaDUEjh1taZXUSt2EqM1VoKSyVCCJNCILslUYQsBySIxGFapmotCDyNU+kKzQZLyNkoIWwHLSdZoBLFNKfcMqrSKSJTJeRMdSbVMksUBZnQrAAZIzBRokzNKgIhi8sMICmniZAiyFSpAYdHy+MnT7hUwLKnhgqBEhRKCmnsjFqqcxIKaWzZdZ3SFEnKli1bOmupQrYhSqFBa85mPL75m77ZfDE/Wi63t7fHaZXNRKU50y1biK6rTjfbmTVCErWgUDpzso1NWKE2OaXSUhGyFYHUWmL1i7mCcbkUEEU4nWkipCCbo1Pfz9bD0DKBUtQUtLQthaWilCuBSgGlJ0IRYSSX5lSmW0YXi/lCR6vHP+lpL/0qr/Wln/VpH/0Jn7594lS26WD3/DAOsrrORTPLBSSRlqrJEkQJUawStaqojdO0Xs/mG1F75yhZEc6u72b9sU2iNqKtjj71Uz7j67/5Ww73VwGbi435xuZ6vZp1ZZrWhNJSa6BSSlGZcupKN7qlM6R0jZJYEaoRCTm11hIaTVNLmSCciQIyLbmL4kwIybITO0WN4pwyLcAACgiwM12rpgaSTTpLhJwtW0SR0g7lBDSnxwkogRCEVI6WRxP52Ec88mVf8eWyjc7mUI0yTZOgq53sYRxaZjaXLkCZrSu11hJqzc7mzFGly8l4jFrblBmUardAzchKG1ChlBppTznZDkprk2rtahnHqdlkhrpaWQ9pspRqhcjSFTc1UpOpwokizDRmlOhnHQmhkCud7XUba5SuzHtm2dowjqXWCAEhFF0txaqFESdMmQlMbRIKBWBkAFmWCEkRTjuoVjpVStjYNm1sVk6ZYZUoIJwqFGOTNgmFbEqSzIiIEkJowpraKCJEZjPCkJlYCFxqSTNOQzgCiABJBey0QBZgiRCZBUrpsk3gYblO6LsqZLciRQgJqWAgs9lkNqsEpBsooUTBUoEsQcupKSKTHEfNFAoiQiLkIJ1Ay0QSnpdYZtfyKEqntMXG5maJYpjGSUFr9IUsZRzXibtaJRGlACZbiwiIUmJzsyCmcUQKFWwLQelqy9H2NCJ5VqtUGibtcE6pEoEVojlKqIbt5iSRVFVc1EVP4szA4ziVUupsJtycEKWWTLc2umWJWqqcVaV0QhFdjWGc2pAZ2tiYizg6uiTKbL4gk4hwJlhUirCzjdkcEGOtyizraTWs15C11s3NDaJIpdDW01hLsbK1qURszDddXB3uSz/J1cVEiaLO2SabEhGFbAVoSSnODMmRGI85FsVsPitdl21SKSXCznQmSq+V4Uw3okihbNM66bquuXlqDvoyT7JNbrSuFGUTAdTqsWGjjtZaIGHMkBOZifvS227ZZBoupToZ22i79LOKwgU5Sk23lihEyylzzAxFOKd0Zs66mRqtrSJqiGxZu76f921qiUuJEgsiup2ZlavV0HW9xDCNoShRCbVM2ZnZWnM6FMYhMlMip0YhJECyTSgIMk0IMlRsRxCKtKNKTSYLdXKul0OUmPWdJ03TWLuqUAOPrdZSInJqSShapAmKRNcpLRjWY+k6Sb2wlNlQUkhatiaYxgZqmXZGKQ4px0yBohREFEk4mxFCEBEiMyOdTqdbFBGFTOwpHbVIslyC1iiizGdhT2aYpgh1VQYbZzOM2UKpKBI5pR1CFFdK09TSAdkyIiiBW/MEAKUWwJIJZYv0OI4S0dLRNWWb7DalW0QJgLCJKMJ2llqCMrXBKYWcLa2q0pykSQhqlNba+QsXtk+cWsz6lqkIpZsJkZDTFCqGkC2pueEm5OhqNYDT6cktnMoStUZpObWWNpkNiqD2dRbdmKNbk0NBUVUoCAc4U/bYKIFKIR0l5N7FjnEaIEKqtZoytakvnaSpNUN0pURtMdCcbmFlSImdcrMLKUtSA7quR1KoNStsS0TIgCBt0JgZzpAgpSqNbqZQTIqm6Lu+dkVmHNekS1TbSOnMRgkgHKK1KAVooWITkkGBpyaV5lLV1flGVHCEIDInQp5sOZAthdOqNSQJUBmGlSgqZGtBlKpparOkdIW0sZCdiQSZLUoRIJRCRBQ7JaU9tVYjgiBoTsGs7505TIMiSlSKpuUYJUopLVsOmUyOqBFu4Ug7RRGZLRUl3YqKSgEnKdNwQAmBQOM0IpUIN9ItaihjyjFKcWsoaleBnCYRoOYpFMKKKKVE6Q+P7lhsbNNEUVuNVV3COKy7KApny35WFQVH1wWUzGxJrWFAws5maLKBhECG9LRaOQLj2tcch/nW9su//Ev//u/98XocalfalLipFEk1Cs5MgyGFCGcmkDRjIGzSKfW1Clo2RcgQkW0iAgk8TWOEQsrMkAkVRRjJaYTSTNMIUkhJBrIQUtiknFOqNaQgokgtCNnYE5JCbXKd9+tpUI2N45tbKhcvnP/ET/vcH/yJn/6iz/2cN3qztzx2+vqcxrZeLtfL9XKZObUoUim1eJwsD5OdToZpHNo0dV1tLW2t27ovJF4sNkKl9HOpgP/4D37nG77pW3/lV3/17NnzwNbGxmy+MWa21vqujE5JQhYOZ0qejoapRhlykm3bEIFUhKMUrDYN4HSrKlELoWyTMRFySsUJNIuu1ohIuWQdxpWkGjFOTtx11Um0xOCIALCQCqTskJDkYlJKCGhGVBWHTLqBiCwlyBjXI/DGb/SmXb9oyz0VKT0OU0WObCiohQxKqjE6FKUXcksTVdmGaUm6r51CmQJFyJlMCjmjzoJsOdkhA1JExLzOpzZmNjJynAZRus7pw8NVN6uKBbaxEa21cChccLP6cGuSCLkl0HUdFnKn0jxJKqUExTY4aunni+VySajW3rQwKTU7NAVMw6gyiQAcqha1c4hsrbW+r0gA6WYkhFQkVxuhxE4oyokCXe2QSihLadOU6YaLSu1LklMOoaIaAhubtNKptItRtJZurZv1GYWWJCqhICCntBLAaYMdpQRFti0g24TTtJCnNma2oqh9AJYzjVRrJULYGQpnJqKUUERrWSmOMgzrTo5u5uYSaplOtTb1fe1LtKGoRK3V2bJlNsmUWrGnbM7JUWiNnHCQGV2Z1y4NUBxTBFMTrbVSu5hamdUoqtM0Kails7N2HUKZQZnsbAaLCEwpmZ7aVEsdLcsirLRIWhBN6WaVUqV0DOt1iVBGc5OxQaqlomzjGtWG3Vxr7bqSjjaNEl3posSwmtSpj47iECmXWtMkDucwgLPvuuYiR5hQ7ftZoJYt07VqspQtajizqLapZTpgHDEj4RrFdqlFdZGZaXvKWrraRWlk12W69gGuOXndhlowgRIj13GYUphsuJRairJlS4VwKPF6HGrUfjGLUtza6NYRREzTmkabGpScWtd3pfZCy+Uy7RIxuUVVKRGNxKBC2tlcQmFoY6PSdfMSUkQbB5vMRomq6khaW08tlFNrtFTVrPZ2TqVUiQRFt1HH9dhalloCCTe7uRUJsMBky4wpUOlmxala+lCJLse2Wi+7iCa55Xy2COU4ZpJF6rpSa7VzHFqRTdoahjGnoes7V0CGrnaGKDXJzMRgy4yZ0zjUWkupkIa+FlumtaSoNMZpyIxmXELCza5dSUspImoEEIrEUQsS6SbHNKoWnJkRYaxpmkJqU+v7jmyZzjapmyVGEMrJlm0kwiSldqVlgklaa7WGLQRACcxkORt2JpTEoQiMDJLtzFYippbpLBGVmEjnFMgyLuBwqtTmNJYLyIBCZERJcLiNLkWAwagaogoJAc0pPE1TQdGFIqZpjCaVUDZKkFO2Fl0JiinGblPKIqRo0yhUSk25FsnRsIyFm5udY4u5nIxuyoZCVTjHli096/sIXEAhqbWUpAg1ik2RnXbabmnkrnRVs2kax2yyS3RWdqUzbq05Aw2ZGSGFptaKaijSmZlyyhBka5YATOkKtcNJltZybNnV0kfJro8u1JRpwGNaiWVwc1MWIoUkt3C1i0MEpZHGSlrLKMKymXKqUYSQS0pEKc5pylqFMicRtQsCTwYkpyfMlDJuzVFBAhTR1YIZ26hE2GQtFRlbTiCVkooURc2EigO5ZGvQEnuypJwmRxFkA5FTOgq2czARBVKt5eQsJtMSOTjlIlnFWGkHUggJZCXNk1tpQSjktNNNTUJpWWSuPdpOUwmc2XLyVLPaVkTDmQiPOUmoRXNCgsG0pKiGRE5TtmwRcmBpmohityxRHGrjJBQlSKUbKDMxpCdGZ6ZVqj1BkDlhqUZ6KmMDpjYQlkoptSU5rjBl1tkmmlHYDkKZRoq0pUDKbIDDHnOcsusjQAK5Rk2oQZoSOlrtb24vPvgDP+wPf/9P18NqNttMNadEOKeI0hxuDUUDyOKapJAzJRFYklxV7XSCaWOWjkKdCDVnUkqAs6WlUktETFOTQmRrMq1EMdlSpBRIRZBuIFAIbCMnhKzWmjMzQgYMCBNFOJ0uKjgyc3vr2PLo4K/+8q/f5M3f6qVe6sU/6iM+6l3e9V1nm8fK5rHAbVi1aWptHarZYbdsLdNFzOY7GBWV0nWzWUIg7JY4/bd/+Ze/9hu/9tM/+3N/9Md/mi2BxWK+vbU9ZWs5hUNurUgChCKEcQ0lVraWia2QYEqkjCDtxGRgqUQhMnNys1MK7MwM1a5oZDJWI2tOrWWmLFtubp7G1tImXWo4AltyplEw2m4o0jYUp5EUraVkG4uYZCZTsEoNKcaxKbRcH87nsw/+8A8Mabke0q6zvpeGcb0+GqNENy8qM0/pzEkqEelUYqXSxpWos5AwRSIUFpYdSCLTUSKCaZSKUaYRUnMao6qgpI084SjCnqa1DXJOWfvaplQwTa1IUp1sibAyVEsnAkGSzoiYyJAKSjtxQSHNuooLWCpR+vXyENz3M2yViKhRAIojQx4z5Ci1q918vlhPw7gappZRVCKGYbQjQrYznVieTEGIaJkS2ZAwRiqhcBiDIHJqiogo6cQZQUSxaNPUglKclPU0dapFWJj0RJJGkRCqRBPIWKCEdAP62oFwWIRNhFBEJ7m1MduUylB0USPUNFkhT0i11FLUphxiiAybnJrD6SlcQM6mCFqGapY0pJP0lAkE5NRK1xWXFpaUziLX0jenFI5o4+RpKlWyFKqlS3BLnNnCxekpXFo2iXDm1ACLtIVNdKWMOUQWtyRbVgsq4WAYR7cMKfraRQcRdq1lbG0Y113p+0WnYTIoonbFLafWcDQ8TsO8zNo0NIjaNWfLrIRCrY196aJGKCznej3lGikkIWebcCdKsFqtSkTtuxJq0+SwJUWtRESkbFMiKDhcaiFpzf2sO5z22+ScERE5ZQB9BWWDUCi6riyPlplTjWCYxlA362MYbdtutS+ShnUjLCeugqmNmRSJrotQU5Ys47Cuteu7vg3jujUnXY2tzUWzcppEl6RwqaU4QSIjughlQLq5IaLUgExCigAjN6emYT1mQyqZUUvfd23K1hpYiq6r6uR0y6mUUqNmtrFNuIVmElPL4lpqIckkVFw9DVNRdKUQmSZCsxp2aW0SkWTL0a1NiiLVvlMRkkiByHRYnqaETFsqxs5Wuz5KIYkiN5oahiJFIW1nSwcVHCqKIFRVx5bD0EpRlChu4VxPrU2j1c3mnUJtgsRkmzIqkmRMJCYtFeSUSZe+c7OL7HQpfZ0N40BzcxvWdihUrCAzSrFwU8tJUolCyiJqEbIdIYPE1LJE1FpxZmPyJKNSwCUAhUUqIprpQhOqJRPJKcjMqZiWCCGSFpNTQUQXbmFaGxsQiiKIPjNlOzMCFcmBcsqp1B6rZbMTEbahoKgVaFOTiVqiFme6GanUYlSqAiVuNpaKcMoRQY060cZx7GaVyUaBJrkvnbuKPd+cX795Y60zcjK4KSKyTUhuGS6lBBFtagjbCWlP60Gi6+bZRkIQtlKpUAFLtQoHJYqY1tOUAwqZErPWpjEzozlmkZluclhgpVO2orpkmxq4VHVRcMqKUDOl9iXsQkQgxmzVEzgiBFOStiKilKlZLSUrmLLllCmFLKm15mZCAU5LTiMJu6ioxtSmsCdRFc4kcShSInNq68xEIZVCS0cIEICyTTm1ouISTlIZVkunJHDaWFGyYbdJhJXZTBJBM2EpFDVClmk4cwo0Tc60VJStmXSUUCptkaXIjopaJp6QZFVFU+JsuBA4mtKtpTMiFCqFsCxNtpyGNg0FSql2G1E2p7ECTW2cStStrcV6NSxXyyilFEVTuglFlFIKIWembRFFbi4RmbYSVyyni5SoybVBEVJYNrUvntyYSi00t8lVqrVkqqWzNRXVUgClbLVpyqmVEkTt+9r13TRkRI7jmEU5DqV0XVeTht0yqxQRtZY0k6ZZyVJLm7JNTbKNg8kqCijZ0plv+WZvVvuyPFpt72ymQ6HWpuYsU0YpBEhFoYhszU5F2DbCWaglKiG3CYkM05ylkZLHlkAXncI5OWwUToQjqGVueZpGEqQ2TgSkQoKQwjQ5cSEU2EEYqFaTsWWBsKcS1YFN1xdlNLJIVmztHAt0/uL5v/2bf3jfD/iAj/rYj36LN3+LN3qDN3j113y1m295eMy6kvOoJRMCWWClCOyMCHAbhuX66NzZs7/7u7/3m7/2G7/9+7/9jNvuAQAR28eOLWb9NLUxx0KAWiRECbXWkCSUxpkKRKGgdFFRJZtIK8AyJCglYZLMzFSGC7ZDsqOATAKKUEtnZmYLIrqKs00uRaFOOdl2y4iwsBU2MggbEyXsRMhg25lkELYTKSSBLUXpujYNJG/xRm/20Ac/Zlwdjm3s+j6nYVIpqagFYpomVCNEVskKRZZ0Siol3CaFMm1ZcpTashlq7RJaG1tLVfe1VpepTSU6ScM4ZglhFCiqPEzNk2tQFzPQMIw1iiIQ09TSrWZXulqjDONIZESXmZnNRiqym9IWLZVOFLWksg1jShal69waYHKaVmPmrEY6QSgQTgETjpatTUkUu9Ri0cZpahOSMVKUoGmyoyArHC5OSyAxZXYlVALSzaBQQE6TIwiFuxjH1oso1emkFUJhB+mELoppNg0rMVNCJAQoSFuFMM2IZqJAUQATqYigCUKhUGazp9YypFILYTIyW2uexkGli1Bfi8nMCJGjHV70cxUDItqU2Ty11vVdAtmUNpNdbJUo0zitM7tQtlYUqrVNtiGiTU19iRLZmnA/K8vlqmXOFps1NIyjIkqUbE2ZtZ+1qa3Wh303Q8VWhAwh2pSWm5XNyVRKLeowJYIobiOgItstcSRuQ2sWSF2ddV10UvRdNpBNQOImlVKi7zbsGJYDik5Ra81s0zCNY4uuKmpr0yRoOY6jojizdhW71CJLZGukXYtmpdJyiuhLEAIichqairJNkxVdVWuBo2iacr2eQMM0dMOUwTCNodKVfvIUKZqoKtJs1k1jVBSB18OQ9CWU6TFbpzJOQ6lFpcvMcVjXUkJVNUuURpNCuLUxWypUStG8jwgSRdiexhEl8jQMXd/XiJYgbNbrdSj6fma3UIBJUyNARbParYfVcrWuUaxQRJFq32fzarXO1tqUs3knwpmlaoL1MMz7vk1TmzJqWDFNQyldqUae0hElIidnX0rpOwNBG93a1HU1s7hNqVbUBajOY6NkykxEMQgsHOTUbBDKJJQtZ7M+iJhRSlCU6ZautYCTHMcJphKyac2K7EqpfW3OzIyuV2vL1eG862o/UwkUEeFS+66gaK0hSE2tIbWIaEkxEdla5iRZTZaj1my5Wq3qrO9rEKW5OT3ltNjYaNM0TYkTEUQhSFCrpaQNEjS3kqAIKW0hSXJKipCzmNEWAjsU0SmnZkg3GQkHJTMTsCVJOLONEVFVJyfGtjMznGOTA1sCS6gFkWmlsC0jJiEDBUoUcBBpMEZG/bxTRiNNOMeGulInsFENxsyWU0hyRNgmQoAsaE6ypd2cmlpOrn0nKafJtL6fT21s2RSaxgFlkSLCcqce3KZRpURISBirpRXK1qSoXUhSqUBf64SVGSGDkNOq4dYyoqt1ykI2KVys6GqbsN3aZNuoCOfYRlAtQTgUltt6bE1930UUSVFFM0natAwJIyGVyGZMRNeX1hpOGYEUSZumdDYr+hKSmrOZUmu2lnZUTziMrWYTBCHJmUUloZZC2olJhaRgSsI2oRCWrYi0w2my1FpLZGJoLRUopJYZIcu27VKKVNowNtnpiCA95RSUqoJa7QqpYRokGXKaVGqEFPJkgxJj3ASZIWEjGUtWhsdxLFGanZllVroucjVloigIMi01O9wKohQgJhFyGhlsZ5WUNhpzKlJrk3GJWkvJwA1UEJaayNbIFgpLMsK2SStKhKlkOk2E1EjMNJW+FmKcRqcyULMtcAkITRbQ1TqOkxySgG4xc+Z6vaJNUi2lZMvVamk0DKuiiOhMs8jWhEJht6ak5XIcSq2hyAg3kEQSRZnZEjkVUw4N2rTeOnb8lV72ZX7vj/50WI5d3+dEKksjgxqSSmaWUmymlkhIXdchchLOKSmFZklERKggZzZQSGG1TEZPbqBC2ooomXZFEkCBdHOLrFHC6YgEMm0wLVo0uahYztYUVgkhlOM0pSVwc8tWa41Qy5SEQwHi9KlTki7u7e0dHP3AD/7wD/zgD3dd3dncetjDHvqIhz/81KlTO8e3Fot5183GNq2Xq3GclkdH+/uHl3YvPu3Wpz31qU9droZhbABQIxbbG7N+nlPDrNdrTNfXls1NpcjQWiI53Zy1hKnKhkNhHBjJlBJNBHYgCKftbABWhOSqonTmNJVS0h6HsYYckZmSZl0H3ThOyGFJlJilG7W2cbIdpUi25HTa4FrrOI2QTlRCodYSpUyUEkWJ3YxJg6KGdi8cAB/4Ee9Hbcu9IyynUYxTC2c/60mmTLKNzVGjmjaODYdCjpZNqOtrm5KgBDlOkymFlpOlElWRmZ7GSaJGHVp2tXR9tRMXKaepOSIzJRVKLV3L7DqkCBXIJCMZ21BVTYIiAmyMBIRwhBpRlRMUCcme1TopW8vMJBNn6boqrYZ1V8ts1ju1bpNQOCQBgS1ZQpiYMg/296ZxcqBUqDhdS22RmlKEI4OQlUKB7ZpCwlgqJrHTIGEISZhSSjo7Z4LTjqZSFDWcktMocKo5I6LW3p7kiAgb0pMTEMiRuERVMRAKZ8MkTsmZ2RIxjqvFbOESniZrkoocCZGTVUARJe2GoxRnNjU1hRLn1FJQSiVJMkIuwpG2hEE1ahIhQcqRpYZbTtkYx6FGr65DjggiWrqNU91WipAUAaUUD9NAJrjvZn0/C+GwpXG9rl0HTOOIsTMhomU6nS2zr0VR+i4iYmrTNE1d6aTALZPZrMYiJDIhFNCalVZQNZdsM7UGrZ/NQrKbk1KrYRjWxdUyKdJplyjdrGvNVZqciFK6aRrW62VX+zDOlkQplBLNtjNTk1qXUWsNlSqNzpZlYhrGdVHd3txZxUFqcNZaOzvHYTTZzWZE5OQxE1xKqaHSdf2UE60lpbVJpVhWCSkCOa205VJKlJKYJsgu6pDjhLtEQS21tXQ624hzbJPkwgojO6XE2VqtXac6jtN6WAmVGiXK1AZaV0tt2TKbXUqxpVoiFGlna2kys7UJIYUhQhA5Ddg2qlFBpWYmomVKEkzDmsQFJlsFRWtjay6oFFQix6kpGdViUq21xnosIYhaSgEIItSpOiVJUqllzBYhRPOUtqSiKkbZVpqUalfU3BqWZadSqjU95TBRYgwb9d0sVKep1RJNVpRZqekkW6ZLDaezZa2lM8PUQuqKKMIyLqHRDud6GIZxVUrJEtGMVWvX1RqmKUoVLSPUpqm1CYgo2TKwcZTiZiSk5gmXGopQc2BP4xQRCnfIAY4I2UhqmRIWWG20Aih2w45QWhIt3aIVCwAplDin7IoIRUq1OFNpG1tgY5wOEpUIFJkN46KIAFAIsoGnTJcactdymnKUIoqC4ppKj+Mg6OZzanXLTICiqJRmBLNuNmUSExhTShFKJ6FpypJElNayq51EpixIqZQieWoWSJiQnFPtakQgFGKKzMxpUpWFHcLpxOTYkEs6US2ySFsEQgoFYEttGCSMlSp9FeTUZv0c4c7TOIypICICSgRTTiQECYDTOC2pqI9umsacmgrNzem0EbVEqtiWsMESKiUUEoCzJYqQPWWbpqizWiNRFIkwSiaEMhx2phQ4FQJkg+wM48yIkmmBhOQcbcvFSAaUinB6YgoHBZkIEWB1pcPZ3EqUUooipmmc0gGUUkoohFGkHCidCoUUmSlZpdohjCJyasikAFEpJWrQmkfZAktKABG1VsJOsth4IouNIohs6TKRLQhoq2EoqJRizJhCUchMEJlyGlmSE2zk5ildlW0CUITdQqI4J4xrg4IT26nEDlNLBwZHYRzcPOFmOxVAjqmgn21M64NxajVsRWutRtSuq6UrkOBppPYqJSKHoanZkcMwxjT2XQ8xuXWlQwIwbZpUiiJLKdMwTMNYej70Iz78D/7kfY6G5Vatq/V6a2MxeJCQQjVyyJwyRCkVbCtKtCkzmyUZ52SJlioRqgbskFSK7ak12aVEEJlNhWwuEZnN2UgksCMUEmFSTlKWJEXLRJA0UpFjazVLRDaIUN/PbNvpZkRrI0ktgVSc05SlxDRMFsc2tyLKarUcxmGaxgu7l87/xV/+6V/8pQo0UEg2YNnJc+pL1K5sbW7N+265GmutObbEESJJk5bUZUyElKBESsyYlkJM6agWpEXm2MZaOoGjhOWcLMkESgXKlkB26moto4QVqAiiCJyTBbViKSxLku30JCmbVaKrNYKWSqdEay2ipm2ERSGzGcDZ6CPaNGVTKcUgqdQyZeY4pvOhD33Qa7/G6xQ8DKsIp1Ui3LK5df0sy1RVIUdaLTWd0zhQIkHFNlHkydM0BSVmvTtqm0w2Z1CglRJCbi1NKaUAihqMo5MWqiVam8YQRlNrBpJaS2ZC2i1U03ZiM7YxVIpK2oAg04Bte6p0lJClUOI0UpTiaDGMU3RCCaUQdIElHKUoSCUKoE1jFz1RwGRLlC1VIhBkGk8pbMm2m1VKkZqTNC4hVN0mrAkrJaGQ7JZOTGuhcCATU6ZR2lJUO4oygcjWCEK4WbjM5VancVCCFDisCRWMwjmlTTYg0gRMYCWOUFUFFPMoZRjHaRxqqaUTppYOG9shDHIQETQVgSRkIZXoI6bW2tRcIhylFDlby7RtulpVu9Ym25GiWlAU9lhm4TblONaurJbrNrrW6OqC9JgpyGEchmk+n3W1b62J6Eo0j8M6a9+XkAIhlcipmS4igmitZaKQEmiZKReTFtCsKFFLjRCtjS1dIjCr5TqidF2x7GagmZANJSLThMgixTSMds76mQ3NNgpoymyAxJhpuw1j1KlG13VdrSVUmjNCNs6UomW2NgplOCLAY2sWdraxyVJ4vVpH6capdbUoCmbUMI2EsyS2p1Ubx/V8Y16dGVXKaGRMiShREPPar9fD2mMt0c9nzUzjOpqaVGsNtBpHucxnpUa0dA1FiXRDyjG7CAeKotYA2ThrdCWKHFndMh1ZHARdN2/ZWjbsllPtOrtOUxuHsZt1UiWnEoV07Rb21NoUUSyRKQVuloKgYixRSmmtSUoLiRqyo1eSObRUi6hRQlamDeFwtdNJYMuULsho0ygiVIRsSShCYChBOo6Wh8vVatFvqAQaszUyDZMtjyqkDa5djRYgk06i642H5Vj6Mpv1mVkdzjQUiYhCyZZdKVGjtUkoneM0lVIctGySStdlw85QTNNUFbOtna7vCZytNYpCisktSrg1ClKgFAIgFWCCgrMoMK21iNraZIQiWpvcStQkEYmUIE2tlYioVdmmlrLAUggUNsWZma413CJpSquEorSpRY0OooZKxTnlNA1pEhRFYUdUuyVBRBDjMNai1lKOrpNJAEkwjCubEsHkrpbKxtjGdFZFkmnXKC3Uxtay1SijrYhQyM0SzU5HDWwTQuC+hkW2nFoLU2fVyTSOrU0K+q73BHKJGuHWRJtUS4SypUI16jg1k4XSd2Ucx5ZZGio1SuAUQSOdSNPUat+FSREwpZUpKUoEAo19m1pKrn3papfZDJCEiuQyi2ZkhSU7A+fkNEkaQKgELcl0OLGdck1bxlKbMtS62g1tai0doqUIiFrdpgzkCNkuRRHVUbqSGYqWKZRhMsGpUFBbG4kWUbAB7MlNkpBNrUSU5lQoJxzCSUq2iFK6KNnGqU0oPCuVwrieYhI1Q5oyyIyutszWGiUKzUYFQWtNyJJwEBnZWtYapSvZnNlkO4QTFFVtmpAEQ5tYTekmqQQtk3QGpJrJMYWSTLsSgkbUEk4kCzIiTFEnKYjGOI2t1AjTMjEIkUhIISdBJthWDQuH1FpmZigsN4SbxdQmjBQuaHLpetJuTbU4aUM6c8TGHXIm4ExD3xUPdZgOy2wRNSRLUQMVZTa3DGSRdpEMyL16zQIswukoNcnW3FcyCkiZUpQSi43NNqxCO2/2Zm++sZgdHB1pI0rXqUR1P7U2TVNVh03aRShIpzIHyyZUo9aqqTmypWPKqGVCJaJTuCtlmCZMlBohgxQ2ETg9jSOAUEJErV1LZEtu6cmti1KKRLEI0k5RZl0xFg6E1He9QuthaG3soiS23NIQzkxbULvSnDCt12PUMq+LKJtdZZo8rMc0IUpIpbapRUiSkG3bSP2sEN2wPqq1H6eGPE1OZ5SAKCUTcppsRRFgsCOkIlpJFEApxekMJDcwjiKnPY0pgcIgo8BppywUKQcRESISTJApSVHTmaSzSaWrtZk2Da2l5JBQcXpMp1N2c4SilADLiWqRm8BIKkHK4LG1DAJHhJ0h9veOQJ/zGZ9W+/lwuNsvZmEpcGbmJDhcLvsuaqmIULZptCizLhQCSaBpasvV0tO02W27NQWIcWyhCDG25nEqNUp0coMsitbGicg2NVxUSimKQqaKSI6WR5Lm/UY2O6eqYrVMdVVRo41pZ4KNYGquNVA4J1HHqRlAfenCmdMEATRn1FJrBBrHFRSP41rZRQmjkBxFQohogYwzkUIgpJBoGWFcaUMrEUZIVSWdAtvNU1dKa0a2jVSCTBuoNUicSdqSUoSEAJSZYxop5CRVCGNUSoDHZlpCsSgoQ00UgEAKFWfLNJAyUpppavN5TG0shKXMHD0VQ6l9N5vc0i1EsyUpNA4T2bq+R5KMcIKNKEileBpVqzIJnE2o2UVRSjhtptbcd8o2jWvslumI6PuNnFrLNhyNw7Cexqnru9l8MU45jEOtRbYCkbWWUMmWVrRpXK+HRpv3s6C0aSpd7bqZp2mKMusi0DhONSoBkltTOKS+1kZJT7KdTgxqma0lofV6VaKb9RuKmFqzGyYVCrV0G5udfZ2lMrGM0NhGTEiilqpxGqZxMqRdFc2ahomaXVdtSo1QKbAahmHKUBunhlxL7bu+VNarcT0Ns6gEbWoiW6NNY+1LUSAkRRg6yti5ZJuas9aimBWVaG1cL8dCRJTWWolwpkI5tWkaW2stnS0Lcnps4ziss7VSal/6KK6lEErn0eHBuBpKKZ2idlWBHIQmMjObXWstoczmaBHRl64vfaHYOU2T0+lMO0rBbtlEEpCUkmNODtdaa9XQ2no9kJnpqaUiiqpbTsPUpsz0MI7L5ToUbWzDchlSqVGKpACpxmw272qHlW45TQoJ1SiS7FTLCFo2e5Q15bie1m1soCghLAySasg5ZRfRz0tXKs1talaoKGhtmgQCWREREUTL1sZsKGtXVYLLpCCEJEJRQ5FJ2pmTU06XrtbaE6Eo4RjWQ5uaUBQRlBJd7btZX/vOkK2NU7ObyeYJpIZQGrCkCC4LbBDy1GgtJydYJhwKKZ1yREQIqaXsbM5so7CgiFJqqUWBVBxOOdPZmrGkbJhWEMgwjaNzVJLNqSSnlg1UOiQhDCisQpQKZJJZa7RsAuTiCAnkbEZ2CgSttSmTcCm1lALR0uM0NiapdLN5RLXSmbRm59TIzBJyKEnJxqAoZUhPE4QiCAWZw7Aah0GyXLCii4gqmcTOFM5MEyWMxpyEncZumSqlq51qadOYzaQz03KEnC4lMGlbgN2mlpOVQBpnltL1tetrL6KRkkJBiEazayG6UmqHPQ5TuiEwciABJQpW2q21cZpQ1L4KnGlRovRdIKaclJgM7BKpth7X4zhNbVpPU8vW0h6maKgIO7AAt2yZJoLMxKg1k5mUiFo7hVRKVZSIqGGnJ0sWcqaUXakqRYpMYacTC5UwgbN5GpqkpLXBbcrAIdUo2dyGtTOlEkVF1YQIQwkZJU5TaxHIIRmnW7Yp29RAEiVKRKml2Dks15kpYZKUVILqNDlN02SZUCBLYJFuthuNzAxjy2Rmrqeh4VIKOAFj25npwIQNEQobIiSrdKDWLKmUQo1EzqaiWqJ2XajUWmzbkE57bOM4jPZkLJWiCCQJG0hnEK21pqmqtDYWq9SqiDQe27AepXSRM20aLlGcLeWum9Wu2jaKKCKCNMZZIkpXbE9TSzlKR5u2d06827u+C5Y1dV2dprQs285xypYpAUzZLEIRoaglapGaUSiQSlUN4yCNWqbT1NJFCZNTS6ediiAB5AAbhIrscNSCjRPTAsnOdMu0jVAJkVEiBEREcXq9Xg2rdRsnO9PNOeGsfa0lao1wtja25sTN6rpSS8GmGapdun6xmC/6+ax2/azvFotZ7Wt0tdau6/vS9VZMo9UaqXFYGfq+MxlAa5npLF3pogZBghvOltlaZkKVAhTKdDaTSUTtSilFKmlPY/OUNq01mtPGDlRKBJAex7GlS0ROQ6ZDQoqiEqVNOU1pG0JOUK21lE5EtjQJYrJRHyVKoSUpRQAQQWDbIhSKWmPeLwJlyoppmMZhNbTpoTff/M7v+u7O8ejwsNZQAYOptS99VwI5pGzpbB6HMSfXUmh22g4ppOxKN1tsdF1ptu3W2tAaOGoVTG7ZRtOAzJSi1F6OWmqtXWabxilzam6YqHXWzWR7amBsQhiVrLU6kSLtcUwgIW2hiDAImXQ6MzMnp1FYbm7gUqPStXSbnNkcUYqiht2yhcNIMiqlhACFonZFRRE1SibOVFEXXdQ62UUhkW5Tay2TQFKzsUUQJWSjALCaa5EiAtQyRyeZzpzSdqSJiAgpwCFNzUi1FCJyGnHWoqpCEZhMnDRnTmBJGQaEsKKoRiCFhLCTTGembTO0NS2bmSYLQqUSRUon6XGYWo7OnHKaplEGmKYRRZBdXyMETJm0pJjQmFNrrXmcmtuktCOKPVmhnOqsElURfe3aNEqqUUpVKUXOqHU260BuTpuIKO772cbmvC+9QhFCka2RbjgIhZBq7WoXKtitlKiltGRqqXCU6myhiKJaSldKczqzlm6+6KOUAInENi3TzSUUXRnHNgxDm1oxDY/T1NZTiRJR0xmhWvtEQUgYla7mOC0Pl9ks4uhwNazXR8vVOE2CbK0oSgmnL108v797EHYfQYlSHLU4aimlX8ymKSml1C6ncT1MhmxttV42g4gofd9j16ilBqKowTyniRJurY1T62ddqmAL2U0RXYjmWkK2qjwGAgK11tz12DISRSFP4zgMpZSpjVBUOsipjT0daRXZOZriaJ4imVorUVUVuKKUWpusSAdOJxkZ1K7WDClCSVOGNMo4SyFdoqjLOo2j003N0NooMhR2M2mTjZbpqVE6BaKUqokxs3WlKIrdyDaliim1azk5VYow4zR0tVdxThOO+XwuRURJ3DKjRmutZChqKVNkoLRprdl22s0qAilbV3uTThtFKTQ3uxRaG9MSSSnOlnZEqbVkM2hypp3OzJxahunnxbCe1uNq1ZWachumWoJORaiSti0ctoMwASBlWgIoRVO2oFpECIpbSiqqkAlKVxWitTFVFKWTPGbDto0EDiBpbkhBgNJZIxoZhHEoUCStJR4cGEIRtUQGZMoA43pZu2oFNjS51tq5NYgsIQuMEytq6aLP1iScnobBUSKiuYVi1nctIZoknGmiK3LBbZrGUqVSShVOiEo6syWynYkoXXW01jKg7/uu7+TqdHSQtJaSSldCka0ppFBgN4O7WiFbw+na1WmcpmmqtUzNrU0QXVcAUGuTW6vdTFVMU7NKFKFhGgO6rs9iW1EtmOzMjJStWqstZzNTy6ZEfQkJLAVOgTMtSkbazS1UKKSTUFAQEQWFmxtTVTQ7EKW4NTkiBBRotjHg1lwrGEWtGloLyCQiFNhEhCxEKWUcB9slAqlEpJLCZZnTVGsFwmCn0g6S1gYrogAMrdk56zo6TdNkIiJaNk9jm8ZMoEkqJQySJVrLaUwpQEK2LZQtsQhXij22RpZSBY6IEGHoQGBnosCyQApQLYSJ2qWH5sQFWjqNwSCDApANdihCSoDElCiSItScRpKl4kByVzspmkU0rCgxNTstQkIop6YIBJmpnMZJBZXiKSdTwlG6NjUREYEEjG0SrU1joZRZTMO4HsZSCxHG09AckpVWFEHmlLUGmo3jVHGJappD2UZCRAxTRqh0XSmM2VqbZhml1r2D/Y2tkx/0we/zLd/2HbvnLp04fdI5WRGl5GRak9IqpOXWFCUiDMLNU1KyEQSaMkMhkdmwQrSpRZGCNlKKIoTsJOyoUaJYLrXPNrWWDckSRgRhYUJOhZ0AbkQpbZqiFEnGctqR4VJCkmmiKlAqbSeKEmAUqraNkGstmZ7GAQiRKdvYrU0gJJzNhtL3tU2tQRtbFOVku02t5thUoxZhcLaWpRBhO1U7shRwpg2lIGU2FRSIGjal0HKc1tlMRHRhaCPOVFewEY6wWgAWSIqum9VwENMwNiyQUCk247B2WJaMwg1kNVPD6kpEIDGlClObAgGZaWEgW6ZrN5OtQk7YKUea9ZRIH/mxH1n7xXL/vtls7ixSWjkO42w+LyhrdWa2NJQ+IjqTgZpsO3K0S1dnJbLZbcrEarLppAhlZunqZtetp/V6fVS7vk2t64od2SZFkYhSxnFwC2eup7Hv6OedCpmWyWS9WpauRpRhGqbmrtZQuFBK5zb0XWeTOZEe2xC1hqygNdo0RlGagqbMSLJkZrNTUbuIQDm1aWpVVoRbsxBh45aUwNkaLduEI41wY2KsitrHOE5tSoVCBbBDkc7MdBQ7SSOlhSgWaTIzhSLkDICgs0Ys1YgICWxnw27OdHTgTGpRymNrhQAspYjAEs6IXgQwTlNIaVq2cRq7UoSEFcrJqNFMVNUoU6PENI05jG0262pR9G4mTEJVVyIjCAmNU4PE6ogxR0Chru+msTWvm0yqRLRpsiKKailRN9swDVPrEpWos76J2Xzez/rmlpO7Wm1no4ambBMIZJyUqEFMSjUH1KqWbumi2nUlcWtZSpeZbcrMFqEit6kRWWsveXCmKaYh46506Wk2nwHTelRRyzaN2XddCdrY1EUFR0tUQFGVQ6ZLX6KUNg4ts9CX0DS1DJXSr1ZHNWqd912qdjUzrVwth9baYmOzm5VpcCa1VBXdt7+bLW+56aaSDLmaLE/OtDpwdLWrKtOwLlGncRo9RukjkIT6ru9Wy8FkBWcWyfbQlZn7bFMrhPq+1MhxiiJRhmFQqPS9JkRrZhpbDTIJpYecby1CgpRUQm1KSkFka0JRZDwMY+kqUqklgmkCjzm1UrtarKpaesmttWzTehrbenSvWmupncgcc6LVrqt0kqZpVItpauSUpUIEgEpfKZLUR5dyGqdLlU02R4mxZQn180Wm04laSxx0tQ9kua9dm3S4Wk7hrdmW0xOtNQgUNcnSaqnFTUmWKJk5TkMthQjsdCIiommikYHHnOyuK0JBZmvDRO2KLSkUODOLBDbDcm27n89K6TKbiBDTNCG1nJRtyiHajIDWHDG1JtOGoSudolTGMqtOTTlRu0ihxJRiSVnUphEg27zvhmFszq7WLvppammDZKVdUJRIA3ZLRwvV2pdshozoKqyHdaKiUHgaLYSiqyUtO0NqIogUkiJUakzTVCKcSbiU0qYcxlajGBlL0fd9Oo0RTqnQWpNcwmrNYRFpSSmHIkpSejlzPU4l3QKZ9ZTzroaUGeo0TlMAAREK5v0saaIF3ZQ5tUlIYUkRQcVNOU5CGERIbcxSGhHT0NwoNSIK6VTKJhsZmdgNEw5njtMUEW0y6RIhRSibHJDOdCpJqKVEyDgUtSrBmaVGUCRhu02UEFECJ1ObRBQJIzROY6K+lPSkUBO2W0uDgkhPxZGmK0VlHMZSihNkp8eWkqN0BSzJgjSKWrGFjSgRSWtZKq25jWNAZqp2JRjGJhxRSGcIB/I0TsPQIlxKlFIzmaYxomCSzDRiyqxFloyiSEiQEYFBNpI3tze2NrZWR6uD8YDqlAuaWiahQgkZtWnEEKWETEggAIQc2Ok0DknIclWNGoWYlK1NjlIUEFZKJWxFIIO6GgRSrJZHylajFtGUkiKKTeaEIgSA5JYAmc1QwEQEUtqZZLYSpaWLWlVMrY3RiihFLZWZ2JLUFdvZmkJRGMepKkpU56QqKSpMJZ1INYIWcjNRNhZ9RMznXWLATLaW63WUcaZZXxdtauokW4q+q2Bb2C0THCVKVLcWouU0texnM0VEOBRSyTZhBwQM45DTFJpe4sVe4RVf7qX+9C/+BtIKIJ21yqnRxq1GJGVqaeeUYBQqESlHeswMhJozbEqEatgexyw1VO10ZpZSs02JipTpls5xKIpSoqVJYxBECXuamqTadVNOpKIYW6VIbmnnVGpFshFSCJDk5pEBS+ASYRtkIyWuUdPpTJUgyLRx15WWGrPVUos0jUOzS3jMZkEStSBFYWoummpfUImSTjJtJ/RFOUxNUGo4TUQCdqMVlTSZkwJZLdOyrVJlJEtydNEaBTep2WotAozlzFwPq1qrM8ecbCwJEgdCKERL45aplLoSYWPbpEoXw5TYmRQFoTZMgEImbStkkek2LCnM+wVq6WG9XF537an3fd/3b211cOlgtrVBa6V2IcseV6sWAaqzLhO3CScJUaa0TKhCZmI1yxU5iqfBknCUOk1ZylRCSayPVuM0bLnWrjplpWWyWSq1CxVLBFKkPI2pEtDakIQRIKcppbhlG6N2TG21Wta+FMXUptV6lBRVASpRoqQ8jR5WQ3S1lNqXMk2T7RKi76ahHY7TfDYrtUTpaq1qDDkCJt2UmchqcihU7KQQKrVWt8k4ootIZ9LcYgoVayJlq9aIEthtag0qcmtRAylKBAhNTbajIMnFEtlymDIgIkIqJRSFgNSsq82JMxCkIjoJoXSmScnGCUQpjUaODWQsZ1oBJsKixIwoJac06iLUd6FiO6fmwLJNlHDmOjNsasUWjbQjhnFECMkqXR3GcRzXs8WihJw4JKlGZMv0NGV2pTanWgYl0/3GvJYOUNohNYKpGbuVVJQ6tUkhyCi15OT0mC26aoNte5qairJNOY0qtZYisDNxlJymKVUNmenMMR2LhZsiWokyNU/T4FI8Smgx64nIzNp1bWpRouuq085schClFMJujRDJMLWuU61FUoRm3czTGCouDMMQaDbr+9m8TUOYzGgtaygkWadOnl6t1qthEIFIm8jFrC+lDMNQZp1QG9PK2pdppJaMOj86PLBEFslFUZ1WjtF1YxMlBWkjakRr2cYpajfR7KylZMtQpEO0KJJwpqKUvs82DW2q0aEICQiFiZyyFBRiQlIbWnQqxZk0spQ6jak2TiqJxnEoPaKUEl0L9V1XlZkRCqJhoYDMVKjWGqGhDSozi5DEM1XKMI6lRJRQpiEThZSBRJuaQ2qQtkQQCmzbZE4OiKLFxiybV+t1CarkRJLdskXpbGucWnOrJWXVrlPKtlTTjdbGKUuJgnKYUJQShYgSdiC3lm1K2y2z1lJKKZTMKTOJwChKmyZJItLNhDMrDKYrXe2LglDJqbk1uq6fLUqEUBIKaJlWa0kgKDWmMXMaXOYogJy8nNbKKF1BcrMiip3OLiJdUxmZblaYomGcwo4uQpGZRIm+V04aJzCoFBkp00Y4QrYy3UgcsgdPNMIy2Xe1tRzHsVBm/UwwThMtXTIopXa2szUiZJcICMzYhmyAZaxQVCVNCtOyZZvU1VmZO1t0LWrXcioRUkQXrTUglNmIQolKuuXYxqkWTS2h5jShqLVmIUeXUiSi1EykTANJohoW4InsXTLqNK2LUpbTETVqGccBSql1HIcSNUQqVcusLpxtsmupaWqb5BjHEaxSgyLsyEIoasvJbWpTkhlSKSrElC0KOTVq6WpNj6EihYqYkIGUDGCQnKRiFpGZKG2iRKYlOSRIT4pSSzg9TC6SpEYKbDdnqaVTIClaOpNiSLuWqpqJJaYpPQ6llCh1GifhUK1dV9AwrTNdwsbZCIlSIGwwIQeywk5JEULFLZEjlfY4jbbDERYRTkvOlk0KkJR2yBARtouyEUgCtymjqJQKcjY5VNyyOSdL2IBxetIkdSrCRWGhUAnZfTcbhnVLJyE5cbUiQtIwNWdCONOBZYOMaggcmsYhUQSSsrkWSkQoImI9jlWyjGRBKI0gTBrjGopa5UGUKRsuYDChopLV2K1ZjZTkHKeGc1iPbozZ2tpdXzYWG1Gl0smUUqRoUwpICOFM25O7rqiEaemGooSKSkgWssZpclurqNTOeD2uSy2tTcNqf76x8xEf8eHv8X4fsL+3v719fJoGExkqUlWRSASEyDRqWG7hMLaJrhYT6eZMO9PRS5kuXUzpAKRMZzgljHHLltNECVFcsBMHVUo5SWcIB2QKMrKrs9p30zS1YQw5upkipnG03c1mKNo0qpYpx5xcSkgqlouVaYRQ0loKKGRaVkLf1Yh+9KoD8NTSUimlKMBpQgoJY0UplFCmW464CKaWgQVEoMQtU6Sj9oV0S5vShexxmbhRKqmQVGoEOU6Jw5KiFAC3lBVFspqbpBLK5ja1lg1JIEgURIlomS2bpJASRUgmnYmrqiPb5FA6wm5Gcna1tmwoatAyo0S2VBgTrjllOlerNfBVX/WVWzvHLpy9Y/P4jloOra3Hg67Wbtavj1aDx67ri1O2lIdH61pKP+toSRSEm5CJEvZkkxNWthShkqWGrNVqnelSy6zbkkgsJJUu6pRjZk7TOGVDpZYoJaxo0xSJUhGKWmthmgCXUgwti9MOSihQtoai9FGlqeU0pQqYUkvfldbVkCUF1RqNkbCixKyWTHsYpuacWpmpqwXL2SQhgnAhFLabq7LZhkynYRxWoaj9rJY6rJeTU+lSwsqWykwnJg0NUpQsi0XfWmtjs11oLWmoliA6ImtEkadxxBBSCOOpOcmagFQQiYtkI7ulMVIaohSghmghou9qLdGaRXicUumGQpEapgEz2a05SpGZyDZO3awraJzGuljIzVYtVUWr5TJQ6TvSZdbJtKlN0xRFXd9HlBqh0DCOEs1YTnC69n2phTTOKcfWhr5uNCNBESmKG1LLEn3twgqlnDm1VvquFiXKbDlNXder69JI6koRauOUmS6160rLACL6iJjSotVSHNGaEUkbV2OtFQGl1urmMVvLCDIklaKJsU3hoqJMsrUiURKjErNuNo5jGwa5ixJtHFtzFxoimh0RpRRLUSKi1tB6PYmstcrKluO4Vhczd6v1MOs6aum7PnHSghIRXemclL7SyHGqXS+VcRpLdKWW2lO7jRzGamFFQJQSUQJNakObupBTFBnXUnC0lNtglV4xOgMm6LsqVApj1pwSSbLlNrZSJOg3eyeI0hc1Qmpuw7B2JqjbmM8ihmE0LlHWXg9HQ9/NIwK760pROVqtSKtEV6tqFcrWJqsgq5TStUycrRnSgVtG6ZDJpFYpIixinCacNfqxttaY2lBLZwlUIrI1R0mc0zjYUUooonjVxlp6CTeHaFklRKzHtaFEsQgQYU82EUIxjE0lSgRRhYRtkNImPbYJqVZNzdM4BgoRJWrt7Oz7jsyQWjaIqOFWJKKUaWwh1X7u9JQtSqTJzJkzapBKZWYy2bbTzWNo1qZxvcwpp82d422aIlyilK7k6EZzhi1kIWwZh2RFKp2NqbgroVKqcCkVuzWGqaFJFgKTtohSSgowRDanDEjCdhAZyK1l1EBCiDCGjFKjqQWiZk7KpDgipHAao2I3MwkAJOw0YXKaGoFM3/dubkqJ2vdudtoBGNNaFikVUxvTpeuKCJq7rm8t+y6cOCRjZxAuJUINBbWU1pJpSuyuqyVkO+2CHJYziMzEmdhtlCIUdC0iur44keRkGta169IOIRRyiyKnbQnnOKZBEiVCbm62QlWQCjmCoDiUspRtSssupDOyRklNzUpQFJBCCa015DYprVBpzc6GRLY+utLHNLUIMmm2bMuOECJNIJGZNoEjFFFDYSudbcKhsJ2SSGSTzsSlRCkR9tCm5oyITKuEwiBMZtoJUWs0MlsKB3JGBJbHcWxTW62GllOpQQSAk6CoigylJVopJQ0Ku0EINLUMS9g4E8tFDuQQFk47nVaJzHSon82czS2biEyjCKZhnKaxteZ02M0jo6VoTsaJEoGa1JwqElGClo1GIDdHZIsgs9ZOSdbEAF3XIYUUEsE0NWdKkgLcMm3bHqcp7FC01lBGFDmIlBS1U04tszgUIWXCuB7SDMOoUFEMbSwZJaKWjlCbJohSodCmbJmREVIpQVgRNm1qLVsJStdly8wkwDFNmdPY1R4RSFI2l6JpNbJR3/6d3/njP/nTzt53X+KopTVKRLZmWbaJTNdQODAO2c5ECooIlVRQ6Tw14zZOE1KVSkRmllLIyU5hQU4ZonQz2ybdJAJBM5JkGymEwETJcZxi8uhsbZwm1agtyRxbq6W0lianNiqdrSlCEiIziwVKMBFVmSmFXFA6KKlMjdOytUYp0RIb2diJQ4owQlJQVDItN8hSqhTO7EoBMG6uiilTdprioURBRTRDROlqbU5sAqeVLaWppQkiEZFYCAjSBDYpAkWpQTpKEQjsFBKespFpqUakHDKQOG0SuhBubgGAhVurpUaJ1uxELiUwSrKkateFGdu4mlbTlA++5eZ3ePt3gSwQlCgFTavVyl3Xdz3VjEjIas5MZn2JOuv6ro3DlC6hFLJLqmEztXSYEhEEqlFimqY2JcWLfqObddM4JIxTqxUHrWUJKepsVjITyaa1ETBSCQUR0VqWEiqhdJZamEi5VJmpTVKIDBUoIUePG0MbyzR1sz5C69U63bo6q7UiYa2nIWqZdbPVMOa0Joo9gZ2AbQEIyYZsnrL1XVWUYRiHNhaFM8NSqMiSkQoQQZSgSpmZITmNFBSVjPQ4DCJsp1MqRBMhgpyyee2pq1VSolAU1EiJElKEwc2QJEkCkkOFaM5ITAMYWwuswJnT1CKkIGrQGLMBXV8RsiIxzXhSYkUh7UZi05rt1jJKRGLRWpIZCrJNLTNd+64lEn3tHB7XY3NWFQkrqqBEUc3WJMZpOloeCHV9wx5bltKBc2pItesCYYFCcldpBqZmQZRihGnZbNW+QkHq+zKMA22ciGlsQC211IITR6hEFwzjNDVBX4tDZJYIKcY2EKhEoChM2aZpymxRA0UXJUPZWo6eaFXR1VkosoRJWSUKwTCOLdNBURGqfc2xjeMQEVLLbDKZU1iKCFQKs3425ZSJyK7MV6ujyQNOKUqtUbokBW7Z0rZmi44oQm2cpjZFNhMGpadpvVZh1s9I2jThVLpl89QgCnRlJrspQ1i0bMM0rXMaxqmrUbqanlq2aWotp5Y5mWIJT8PQxoHIJMdxbFMjCuFxNdhELbUrUdyXujHb7GrNNrbJRWWcxoO9C8vloduUbRzH9TSO0ZechqPl4Titsk05TeOwbm1sJjKnqYFrrVGqTDoz5dZE1q5ztlD0tXa1E8rWWhunqY0twWBFlKIiN7fEfT8LlUARkVIoQmptqlFDkjJUrILTAQiIKLNZv7VYqBY5Z/NZrZ3dcCKpU+2Kggj6WhcbG3XeJbJtZZsmJ6odAql0IdEYW6ZTDdfaKdSc6RTMZ32Y9WpoLVumHDinllPLKVtQu75GqS3HqCGw1ZpbNoVKjVJKUQH6rnZRgagVM46ThU1QoghUSimlA0BCsptbtoxSQSUiAmdm8zQ1Z0oUqEWl1ig1FLVERKmlLGa9JLBUsuV6XK+G0W5IimaYsqUjjCJSRpAGla4kadkYSVildDWwaq0latd3npxOT4kskdnIzGy1FEqM4wgSHltObVJR11d7sgM5IkKanFMmdoQFdkq1qO+6vtZOqo6Y0qRB09Rsl1ISqahEmXKacsxMTGvNGdhpcnLLlrSogTEAESbUd12tnZNxHJ1Ts02bMglHqJaIiFApFIwMChQ2QxucaaFIY4gaCrANdsp2SJk5Ta1NY3oyLZ2JW9KUOTUDUWw7k1CoYIoCSQ0yabZtZ1omWmtjy2nMidFtAiAFs76vpVoqCAKY0tkaaWQHgcK0ls6UCEkhCSkUyiTBnpwJUbsuRMuxRJgaBM1SUcqZtZSIAlKARDpbKgjblp3ZptYcCiQyp8xhmsZpyswaoShIxhhZtRZFWNiaWg7jUIpqRLYc1+tSClFoTQIotaTt1oxlQhGKElFUOnX9vCdzYjJRa+1qybQipGjZxmk8Wi1X6yWQaVqmE1FKRAljcAQRxSabbSPbRBAhN5zpzMw0SlIFImwjA13fW6oRJYoClTCMU2bLMJk5DaPdQmE7bU1pqdlOWzJhRbZmSNvZpKiVbj4rxDRN0zRFFE8NY6bx8NJ8tvVB7/++mYzr9ayUGkVJINI00UxrgMOKiCg1au1KrZEt3ZhyStJWSEZtmtrUWpo0NrYkEc7mwE5bIQkwCLtJSGGBpRACOU1fS9/VaZrWq3XatSsBKIAaymzL5WoaBtA0DZmOCEFLQzaDhFRLCakrBRlsSSqlC2M3B2RCKSqSDZ5yyjZBCyFja5xay6llYiEEIaIUo3GauCzCEVFriQg701O6TdMku3a1ltLMNKbtydlaAiFj09wwppRSa6G1UsvGfKOrMymEHcYNu7m1NDKKwBTViJRba4AUznRaRchJhkTDrWHAgI1wEYC6GhFypsi0SqHEtB6Bb/nWb1Kty6P9+WKWmVNriL7ro/aTE5d+NhMepjE92baCbHbWUms4yIAopJxtamOqNRXV2quWCBOuXcwWs1k/j76O49imjFJUA8IoJEVIlFoklMjOqbVpgsAATrfWxmnMsRER4MwpjA0oFEUgJ840ZIOIqmoYx6ENQw1FFGFbgJ2EailWlqrS9aXUWheWJAESESFrnJpThHFmuuHS1RI122RUuio82cM4OVMQiiJqiaIoodrVMuu6vp9vzGqJlm1srbWWZJRSQiTCRDRay8m4tZYmbGyH7UyDw60pUwI307DlxCEhR6YxqQb0XUeoNWfLolDp2jhmoggFNQIE4RJgEKC0oERVIhSlyySlqMUGMat9qbVEsbUap8PD1TiNkuxpnCaTOU7GfamSaqhEJJJi8tRySktqijKvvVvLacqW2VrLya2BnW3M1qZpmgYDjQjjlBW1llJDpFspXekiFG1qZHO41pIwTZnTaLd0c5syZbBbm9KSAimi1hKFKBF2EkU1OoUo2GpTU7jWrnRhuzkxU0vIsBIODveH9aqo2LRsCrX0OA3IXXQ5udlKpmzNmdPYdZ1chvUohxRBSND1lFJLN5/PpG5qY9/1BTKn/f391WrtsY3DesqcWmttTCZsYJym9bh2OqRQIhmqQ62lneM0tqkh0pKY3GxUigqBRfTzvnZ9KTVqqRFIYzbLIpwt00RRBNlaWihKLSUKcuI2RlUNFSrCZDjHoXlqdlMXJksUVTxNJNsbW8d2js/mM5XqMVsbGccABTbOLAVJUVQCU0tRNDsTnGQ6ZdJICogoKTUnEiBIjFPYTtmZNhG1Osk0gLO1lFxUCFQCiaCUUBS3deZoZxsmky2dUyuitaQ5TU4t0303dyqzYZWopRSpi1ojgnRBksf10DIVESjTEcKScUaEFHSltNaGcQxRIiLCROlq1xWnW44tJ6lWUUJdqaXrWsOi6+Y1OjtKpesCaMO6taylCDtzagluVgkZ2ZlttJIISZlNMLXmllKqKN3aODVPZEYop2ytTeOAXaIi7GbU0jlN2VooSqmlFMvjehxagwilFEy4TYaGx7EJRQnSw9SG9YpGIEVEqNRSomAskThTWLV0JRRd6SoQVbV2KdlCsjTZNTpCbmlFKQKDJWVrw9hKqbUU7DYOwzjSMqc2Tm0cW9oSESKoQQSKpFmQYZOSEKWUTmRLkzm1xKWGQiFPbVKJrkR6so1Eay1TYYVq1K7rEa2lra5EraV2nSlOe2o2EYHVMgkbWmtRjMIt2zBJ0ZeuRC+KyZZTQkGAIkIREaVU2yGhIgSIKF1pmePUcOaUuAF913VdDYUUEkMbnaZKWCrpVgA7s0UQFAJkFKV2JYqFbMLYLRtkVyuSTbVtO0JKpGa3liFwtkwnEYooUYok4QBUSqlElJJghMkoNDy0qWVmpm1PLQOnZNmKUK29IiIcJWqtioJRCNtpbIiuhiRJkqexDcPYMiMQtj0OTSVqV1WLpZCjVBQhSqlRwiACp0ybptYm5FpLCNVwo7WxKOyidHNaCIQkZ7NKKbWkLSNFZkrKxHbf9aXWrtSur2lny4KcSrfW0s0IRZn1XRQ5rWy20wJsC0Xpau06dSFlTkojUZVpwkglCMU0TYNbZiNTQSll1tUaoYgwyGnsVqP2pQIBmGFMSkTphqEdHh26tU/7lM/o+/7g4GBsTfLQlmlAUUvX91HCaVLZEmNSFtDV2ne1lg4FkuQapat9LYWW6SwlDJjMpqhSKEBSQEgqNWSpTRYutgJbhmwp0dXS9Z0ihGSIGgrnhNzP+hK11FAptXYlaqkB2Zx22uBMS07cWmZmtjQtweHMZuxSQhGSAss2kApKlCpVIFu6pbCczRi3qQ3j2FqzPU3T1KbmpkBRM5MEk9DGbGO2sQ3jOLWpZTpbhBRISEYSQkFEibAzs7kZaTbvNza27OZM256QqkU2SSEiwFZRlFKFEDidmVAUgbI124aGU4hSojo9DAOWBKSnyXaoRtBarldrpVvza7/6K77eG72ZclwdHS0P121qUxsjymJjsZjPailFUUrUrjozVEvpnG7ONkzDOKpE1A7R0m7T1Mb1uFKNErXlmOPY0uGIUrvSldJVBYYirBJCKAmV1pKcpnFsLSe39Xo9TaOs1sZxHG1HiVJKthynqbWGHLWGMLhQJKclIkSACdl2Kkutq+V6nMbSzWa1L13Xsk3jMI1DlMAxjQmUEiWQJCAEKIpAUilyppISJZ1KZFpLU0qUzDZN6WZns0JRSygb4zRO4+SGm2XjzIRGiQiruQmFABRK0m2Sail9rUUhJAUBWAKsls2ZgQxQpIpICXnK1twEIYcF5DSJiAgTqRTOzCltU2pXa02yiELUWiExzZm2TeJaSteVJLvSzbquhADVUkrtaw05iK2tjY35ZqZRKUXNWWtXakk7k2GcWmutNU9pkAo5EXVjvqmuayaJIkFKns37We0sZWtTtmyZzalsLTOhYCwYxmEYRilKqbbHcd2cwsv1apomY0qJWiNCEc6WLTMNdKWUKA7ABBGkaTkJKdTGHMeWOU5tkkrpQpRpHFtrrU0lonR1tpiVWpQupUQtacs0GxNlZkVXo5t1JUhnUSmlGGUm8mzWE4kY27harqdhfeni+bGNUepyHMappafoSld7VKLGfGOrljKsB5WYzxellpxaNbWWrlSI2tWwsWNjY9ZyXA9ThDC2S4iu1OgmTzk1TcpwdB1ka7YzVErIIGcOGTUsZt3cEoBbs5uzltrXMo1j81TUlShSqbVmc6mhiLGNpbhRSleiuTlrBC6Ww0jKNtXSRXrWd9EVZ4Zio5+X6KYccdY6C6WBIrVeoVIq0IYhLAWl79qULV1n0Q05BVJkGEXBCRHR1YpkD20cnS2nhizXwQ2TWWq17DZmKZrSJVRKWY+jQraaUTpKKGQ0ZUu3rnSIIknFnqaWiWuU1lqOU6JSJEhCzcYGSc5mwIzjyiBFJxmcQvS1s8EexlaU0Ve1MB7X47hu/Sy60mNLjlKzTSUqBScBmRpGF5WGWk5KgRuN0ZQSMopg6mptmUURErbBrYFRMUFLLMsAotko09hSRKnKhlVaNtIKRVHaIWgUdc0jkx20KYm0JFsq1Z5kEzUAWqhNkwLzTM6EBIpEuGVrDYSIbJMIFMVpQ6aKisJ2kg2HVPsyow5tzKk5W3SSyBxL6dItcUsjl9KnMyaMAtluk+1sNVCQRpRS7JymFiERUza64iHH1RBdF8JtKmUWqISjdCFKVtI5tgyGccLR9ZG2ptZaU6hIhKIUhEMtGdtUiOhDUsiSIqEUOdzW4zSWKKWvEZFja8ppHJygSE2Ap4HZwnKVqNVJGtdSLII2ZchSkUiaU4EzMwHbKVJFWOGxEaQNpI0KNBGllGyZUsFGLVu2qdZC9Nk8jUOJEl3vJERGcTZHKEoIp1KZrVGrWjqQJJzpUiNNTlaAJGS7Tc3OqpomW8OT1UfByBFhCFlkawpFKJApKAQRBCWFKp6mYRxq6ShVbZrGscznXV+nnNzsbGlEtGkyBtnGzZkRRZmUwNhkNmcj6pRNIiLSmto4DEMtpdRoU445SkFIJA5qnUWRYhwHZ0aEIbNhN5paiRKBpmzTNNXSOW2jKBYYOy2npLTCImrXj8PU0lWUGoAAu00D8timqkI6ClIUIpW4hLBlZ2aWolDBaYNI23apJWUnEOlEKEMKFUGbJpcSEUXqW3oYDmYbx776q7/0Qz/0ow8Ojk4cOz6ONWlVJaIQiLAUpAO7Kco0TRJdP5NkW6SNkwhHFJmxTTm2UNSutKS1xNik1ZWQQmrqArs0O5QQEkRXbTQOI/ZqvS6lFkULp6xsRnZjimxjSKEQOa5TQSlVorWUmxWQOBPREinJoLiEhKFlIpMOSSrpBKkUTGA7SymZbrgGQi2LSEWEDWTmNI4RCnWYtAiihDPTGSq1RhpQlJJu6SRUSpHCbpnGNnajFE9pbBsH4GE1trGNU2JDKsI4VOpMgKRMJ84kczTpxEQUIhXCQU4upTpbSJYgndgORamlpZNJEU67uaIo0dd69uw54Gu/7hsLHB7szyKGnNo0IiJERPNEKc5mIRVFay27QgQmx2GdwazMQrSpGRPRlxopKLanZrL1NbDHIYVBmY7aKyfZmco2SopQCTWjNBZuDmazDeHlehVWLVWK0kebchwH1WitlVqKarpFklZITenWJEotyoJzatmcpSu19LJGm/W6uUWpRHRhMgkyM4F0m8YoXTgAnI5i2Q5jI+SIQLKhTUZ2mowIlDSLMFNrZWxjhNJWStlAQO1sCwXKoNjOdIRKlJaZdigIWqYIhCCx03IoMBKkTKZCTtuEMkqftJCQ0oEAiIC0HFBKEa41cDrd9TOp5DhMTmTZiZytRHRdsY3C6UZ6ylU76ueLCE2TW5tCHifZwhllhhpDhkREZmuZJKUUY2UnkrQqcmKIKIKgjRahyGyAiqrRmGNRia6G5LQIAiCTHNPRIGZdP2U2t84FUIQgm3FJt65G8yRXOxPqrJvGCeTMRmROrXkiu9IBhIrK1Fq0SRFhZ0aJHlobMS0cRKDm5mxZasxql3Vs0xRCojndqKF+Vtt6HKZWqrO1cRij1EAKKppkVbVVGzw6CTW5zGYbVXUchnB2XZ9p2hSlbm6VUOCp1H4xQ7VHrVBzytU4hWS3yVOl1OKcxmFsKlBEjcpinm1Ko/DEJGKcVqPXs/kCcEIJp6NKzSmcJkobp+Ypuj6iWMKKKFNmZio9tTasx8VmRKkRpBtFtZZhGlPZR2elk2YykXPMlKgliipyZrYca+0znU2S0zlNE4Km2itKR6at6NTSBKTbNJZSk3Q2Z2s2DRlnpkUITEQXZWptmCYpbGe2NEVSLWkpyUxVWkNQikDCsgS19iohqG7TNDG1jUXviKJws4UcYxv7Giq12grAEcXZMjNC0fXTMMmZ4ZwcjArZRhGlYtse3GQ1t0Io5JaE1Jy4dzRNkoqgSqVzKTVwy2kaSnQhEoY2pmxnKaxBiq4GEAo33FqWwLRxbOkiag1DOsmUZKJKSLYdFEIwCaFsk22plBoW02SUJaKUOrUstbhZZJs8ZXa1kEEglASmq5EJIhRVVVgKIVVFRGa2zCLJksIWYKPMruu6Uu2MvgxTjtNYa4GStMSBFMUYq4TSHjKDpoZKKRGBh2kqtZKZ4KSULltLG1CnKOF0tky5RNBIp4RMGgEqqA3T2KkqYtZ1skrfKXMYR3IIDMrWFCTqFnOnbebz4sktW4ky5oippTaRma2lncIAFhCC0DS2bIOjdFFba5Zm3bz2VUSbWqpl2hldKbKVAViYJsgEZ0sFFAlMQjZHlAqpQCNDlK5lOpEcEdi19la2KZWUEi2d06QQxpW0E9NyIoLWWpI5UWoNlcZEs/sStQtMc6ZENix3tXZMSAinAoGMZeNsmaY5mRzhQA5FkVy7WtKM02SXiJSVUlFR2CYnG3CSkUYk6RbIOG2ESEo3iyDGNmFHVySESinONtohLFpLI8lGgjRpJNWoAtsRxUakowii1gKrYZIdyCGH5ShRIKdMcEd0tU5tiqjrYd1yVbsea2otoriYiVQ63VrCEETIBHYJIXdSS7dpaiqBp1zbkSGCkAWkIRyljnlYHBMmHYFSzWtLRSoRRgr1XaeIEKgkkpmyIRWHIKJkpk2JAk67oFDnOmVmjRB2jsvDgzrfeL/3+eAv/dKvuPXW25unrnQZtExPoyQVBZKqMwkBCqU9TsOQCBuIwDYkyRXKYRqihEEB2JlFAW7jmBJtEkQo+uqW4zR1NRRhE1JmjuO4MS9RinMMlQhleiTASpI0RJB2GBGkhFFIpJXOnJIapXSZkEnQppSCNMWKANJTOFpmSAqcIKGAJogomZYsaC1rKQaEPEUJRWS21kY5alTnJImIkKXqtJCTilrKYTtDwk5njSJ5ylZLiLBpTlJ24ui6ajtw2pmGtEu2piIbEkdLRRARnvUzk9N6cpEzS4nMrKUqZHtqEzJgMsdEDhXJBqQSNYqHYQR94Ae8z4u/9MssDy+1aajdfNHXbLbTlmnT2EgIaqlFKhlt8mTX2gllSeFxmkxYltTVzm45TT0OEaEgImriaVyBalenzL72Vt9ysgyyW2aUWioxTYlaNtWuk2jDQDaVPtPZ1lIoUIkqTW7TRAQyDUuRtixjTI4mTFBcWmu11tpXSI/TMI2EFkXRRaZTTU0EdiREkZyWAbDCnjJqJS1QBKYoUs6GcKZRSBgpJGzLnrqudl2dxpxakwgiW2vTBLKNUGJhVYRJ2Ypw2BPgdMNkCdsCSLJEYCRQqc4M0ch0qFkKMALbCMicbAk5NLXs+76YcZpsj+OER4WilJzGsbVsklAURRUep8w2TWNKRs42ltJHTNPkxDlMhG2mYWUw7kpngJLZEvqotpGzuXa1lBpmGsdpbCUcpWstEaVUexIiPbWJoNEUUUp12BiH5XQzLpad0XW9NE3Z1ACJbAnu+1B0Aa1BpY1Ts+fzeVW0No3N07DuavS1TBmAaW1odR5RIlsqTUSUqJZVxzbSUn1VuoHtNjVK9BGl67JlRC1mNQ2SAU2OEqqlpIxwknbYU3OvYh/s74a6ftYlrtFHdFPLUuSk9H1QB63GlgWXWoZpHNZDhjYWGy2nBCQFJq0oUcG1TSNoSk/L5WzeW7TW+r4fJqac3FKKGiVtJLdMZ6kRCKeis1ubxiilSG1yVSk1WmYbGlil0nLING3e9THv3CwEtEyZkTaNOba1ChS1YaxFFmtP0zB2tTdZZouOHKe0OxGtecxp0XWoujWZOuuMpmlar8a+q13XEc3NLe2QkVsjPZvPmMZpmEKBw06mEJYNCFqbckqVUkoVrn2HYxxXibtuhkg3LBQGRaRxM0o3t8xQhZZiTCJbdEVhMiPCbhMRri7uorRMMkutXehouSw1+64Dp5NA6YSiSCyp1jJOzemIsGjRGKcm5qXPaJLG1py2s5vNO0mmDQO1IkRkm6KWdBIijWBy0JzZRInIVChcEVCL5JLO1shMm7SCrs5Fa83NU8kSIcChTm7NolithIwkTNpuLUtEhLCNnVYQuDVUqu10C0kKkMKZCSKdTkcqIjKiyFJrY6ZCRAQGkJSQbo4ainFM3AqSZDcMzZPbvK8UcqRlQxrXY62KgjJLjWForWUUqSiMSrZM47S7WtOJnW1sLfs6i1La1KZxrLUzDiAoIaemNqlToTlVa1G2MVtItRZC4zBkG61aJRQlnNmkGMuUzaJgmcxptKMopILSzQRdX9NuKaUj3BK11uxGC6KbF0pMQ47jamrZlTqbzYxRpACkwNgicFo0IaJkKiBKdU5tQoSKau1kUrRsEgGEJNnKzFCkMqdpEvPSl1qVmTklLlFwa82hcA2cmYkcJUpUEV3f5ZhtykBp7CyS07V0GHCCApIApJZJuhbZYSJzNFEiVGSUmV0tisC0nJgyi+XAqaJZ1DS2nVOmgVIjwVZIdgtpNt8IwodHa7cu6jS1lkshRNiyIpQKCZVa2pQNQ8EqIXvMpogiZbbJSTaVMg3DZFSiQGazFRF2JhEgKUzawzS2cVKUblbIAlYRaeESpamljV1qlbGNJYApLZlETqKUrtYEM2C6bk6QmUAU4YiIrnROtZywptVUSy19JycGiZYqGMZxLIVSe6UTh4qCKDHmhJ3ZBERRhNrUnI7mRBlpopQOT1Mbjg7nm8c/7VM+7QM+6IMvXrh48uRptTaNY3QVuU3Zz2Zuma05QxKZirCVrUWJCAkndsrZBEYqJVDLDElICpfMZGqJU6KU2jLdUpMTC6Wtls0kgGqNls04qC1bpkEiFThLCex0k5Q209RU1IxsQUiqnaO1KVtLZAlFUVqYLipKyTY5EUjOZkm2IyrYIEhDNhRpMIkjJdJRsjloskAhmWZ5allMhmvtopacMltGREROU5OgFMtMRiiiyF3tbIZptB1hZ6bSTqebgDBjTkbgDIVKEMYIjEVky6lNdnMGotTa1quxUTJMRhTsbE1Ec6MqTGYjFUVjTpF56dLeie2tr//6b3Rr2YbZbBYRwzhJkqWgZRScNBHYE812iXA4UooopbY24ilKDWLKyTlK0VpmpZSoqSZntlB0tZvGyZlEZFqkFKFGqLkIy04ZpUoNj57a5Mm472eWxrERVqZqKV1HRJjMFkRK2VrpQpkoJNro1tYR0dVOKsZSkExOh2Z9b2TkzGlq6SxRNBEd0zi03Oy6YDRSKGRHKGwLjCiNlm0SLiopmZSNkaSQTchuIUdOximDnWqzjVkbxmnKKOHMhFJCUuJ0Roki2pRGEZGJZTDNKUpocstJhIrsKEW0dA2NmTgis2FB6UrLBGxZOBmHqSvhUqc2gkutmTaW6QiXWoi+i+Z0qE0NeRwHbNUIQkHaU5uidN0saF61VTG1nwlyQh0RIhXFTols0zRluk3NmkU/eso2RZVCWHYSyLatKA4VBYDCdrY20tQaEaVWsMIdmrBo47BWlEZGqkShRoUUJKpERtQiqLVmZrbEOWZmyxKllAjVyjRls11KQNSIpimQoqTbZAqlSKMVrSUEZAmZnLLVllNr0xSShKQITS0jQpZNcwPN+lnzFGiY2u7BpSJWw2p7u0fyZEJJtpZTa6VElH7MoY0uRZQaokSEypiTM0uUMcM5giTcFD1Sra21UkoJjcPUMmURTFNz0nXdMA6JXTSfzbCx7DYNTREEOU0hAGVzqPYl0Xq1ttTVLorGyVGlVMtau1m2dI6WM7MlkR5zLCXGKeypulIrVUHzsnSdokSgXK3XCnW1VHkapTKrvRxJttZqjZYec2DKEJNbWIUyDlMUdbU4HdFbnsapEJMbEIUSZcpsDQE4iqi9GeUstQuF3YCImjlGdSZuhhC45ZhjKRWkZGpZCti1Rmtuw9hKCVyKZE2Z4YiMMdd91zsdOBWKSLt2XTZHWBFhEVYQVpKysuVkIBWyUrKaUqq1pLNEYJsGWNiWpPTQpmitdKVEQayHQVBCpURTrfPa1uuu78b1ME2rvt8spbQ22m5tCkASgZFUOsLR2hRyRCXTMmZsY6kdYLvUGpTMhltE6WddG9NFHlsaZdquXSdpmlLKsMY2NbcSBctuqiErW0qEAgyYxFEi3PckRDMIBHbiSaNatGaPwzh6zNGLeV+7LhRDrvrSp6xGKaRFNpkQJaJltnECly5qVTgmT1KppaJJUGuY0trUrCiFkCEUtdYohUyTUi3FqI8WmZktpFwNa9vz2aKbxziMUpRSW3MYy14PGZRSs2VYjUy3CKVZDRPQ9x2esiE1spJZkLOFhIqMIpEYTc0pFTZSiS7CXdfJrIY1zmFYA7gEDC2FELaniJKWjQgpo0oAuE1ThkrXV0xmRilTppwqlFptJ1BKHyJEy9YcJQokJiOKai04UbRpGoaxq53RarXELl0ppbY2RokAUBSy2ZC4RGRLQopQUgJVKSQH8ji2kCRymqw0LlHTdmZRzdIsFalZLVsgm0QRosio1r61sbkpqi3D8nAZAhG2MxUBzjaGwomVOIqsCLCFswXhEJNHDRElSgQYSmokGUcUYFwlgwQoIiwZCASY1lpaljNCqhqnlF0UJodxcIIcCkGJSBooIlozzlAYR9QIpRmnMVFBY45ddEKAjWnZxrRlahQFbZwi6GqZJiYPmSGJlqvDpUJ0fbYlRBQRtYZshJpz1vfjlJmtK50V0zjIUboZkdM0GkogPK6Ws/nm+77f+/3oj/7wr/3G77YcajfrcqilTtkk2jTZRgjLOKJItlNIzQ4oUcg00ORAImopUzZjSSG1yQoJp0FKZ1Fk8djGEqXW4oSIcFqupbRMWXYq7EwAIQq4hKWCVIpakpMtQtHXYuc0jin6KtWKmu0ppy46Z8PKcAfNKQeyCCJqRAuDuk5GnprdpCATsDNQU8PVSjeVCEQg2wQRUWpXgtV6yKkFhaRlI12KCDlLMBmBZdUaQJI26zYVi8yIcLaWObZBipDdHAVFQc6xpRNcIAjLBiDC4zSCI9ScxTIZinEcqQUF06QoUSITMpWRuBIqSui7OHd+T6V84zd8Q+lnq93zBWe2yYNUTE5TdlVuk02E0mSbFDVzsltfO7qSrTmbpVC15MzWmh0R7mrXplSMbWrGiCaVUjqV1qZQNDdnKqJTN2lS2tKUgtGpLlxqmUYIRQgRimUblCiiq1XENA6WI4oUgaMUO6UiCUHJbColDKalLOc4phRCCiThJtU2Tg4iINSmyQKa7QzAUkGShmxNJSzbyrERSAgJ24QwgnRGFJNhQSGzjTlFFDcrytbm1kHuNw9RgoiulqIowTAlMkkzDuNozqDUoLUxohpLUeyMZnJMVVoSEi0t1KaBGoEM8lQiAEAQXSxmfe06Sa3ZsuyQbCnC2aSoBZVSVKdxFCTMaq8QUEpJnNOYZlqv0mOUAlIpQlhRMiih0jRN40TBE0RELdgKoqi1Nk2tUktRSyJcSlVYjmwZ6Yws0WXa2SQ8TYYIm1GOWjSO0zQMtatROkQfNTPbNDlKTmPXVVBrTtzVLp0p+lKzNSnCxeG+dCGNOTWnnaVWN7I1q7VsVhF2M6VYNhEkoka0dI6DCnIMI27jNNkMJUpmUmtEtKnZrVOnQELSNLjrYj6r+xcODodx89iO0Go1eGoRogmnW6tdbzQN49Cy7+psVt0ITxT17izSxllqdVrWyLRaZ621hqQoNUrUwNQaw5TTsK6ly/DYpiglJKlM4zCOTbWWEoGbs40TpSs12jiOwxA1wpHNfSdjj4iMECoKj8NgRjciZKuEGi5KyyUopTRcUNqZihpOF8I1puXoyJlznNpqNdYaszp3ZMusXQ2BXRJqkWooc3KjEYCCsEg3wTi20kVfekVO6SYrpKYIJcLuSle6aNOUzkzbTUURKi5tcloJwTSMYZKWzVlKRIkqKwJcsmZOyCGmaVTXFRW3VspMTCaVtiDA6YZxm0ZqlWnjJCglUIzZcEpumRE9xJRTcSCFQDA1aiFCqE1Ndq0FUYRr6d1JtJYqAa2qOFIqCpGpFCBH7Tq1Mk6TU0Ta1BJTpmQQUCIiCtmcbWxZlC1dihQlHNgqZRpHaFGKFJkJmsbmlp4EmSYkSmmthYqkiBKKyDCEhMKoKABVpSkR2RLbuE2TrQhBIXGkhUWUUHRlhkyaftaxzlEpFZCdtfRGrbWCVGo1LSkVSGeUKGmTrdSSZmjrgoyQcEJpaTKNA7K5tTG6EoooUSMmt5buWoIilFnFmLIU4Gyt5VhatWRsAVZms1vLQhAZiilbTu43iu1aur7LMVtO45QqqhF94CxBkm41OreMEBY4agk0DlOpMetnDYZxHIah62a1Fkm1mwEqOFxryZxAdoRCzjRyKJzZTHRdiAojQWuZdiklSg1NbknSd11rmZlRQsiTp9b6WhEh0aCLMAKVrrUkJEg3pXGqliCSlMLQbFpmS2xMilpEVaQi1BIF2DZRSOO0qoxCmjCGbDZuTZ0MIVtkpjNba6kmKoWqEiG3DGSVzGwtaynp1jJKF1GrM0MU1QGniEImAgKwE2MIEE4jVIjAOYyt1grZRY1ObWq2iKShABRCEW5pAAnSgW3CAfYwNWeWEBFFai2RZVJWkkoEyOlSok00WxHgKSchMhWyIcmkyIAs0pZMllJr7URmKm3SyKHIdLbJOHFf+yjh1kotKpWcxlQVEQFu6ZDHqTmxp9aaIpRumcVYzlRESDGujurm1ld8xZe/1Mu+4vnzu9dedw2UlnbiJEtGRpPCEJFtUimKCJwZKhKmmUg3m2i0UIxOO4mC1KbWcHGkKSXSJp3FXakkkycbFILMnKaJIiGHQ4Go3Qy35qQlCSXa1KRMRZTIkoKIIicOKSRPYyIMQoXAEqhIZEsy3VUhmqwxXYQbiOjcMp0GqShoDUrQUkQtgsBEKOVMK1Rd0kmbSMkOhUpggZGFZCy7hFRkT2RLFxmhNG4ZUbuSjVTICEtYqARWCSCyKrMpQlEym6dGiaJiFGFFyZwiUSibMaVGKAwpcNoWmuzOmJysLpA8rKfMfKs3e6N3eLd3yeFwzCHbNOt7JwqArpYiTZ5sKDWEJeESdWqTDZkAKJJ05mQozlQJMkpMzswMidbcdxXh1iLCOY1Ti6giZZKMUGtZoyQ4I3PKFAGyQyBkKfq+y2xtbE4jR1edadlOB61liVprtTyOE7jUEqWEYmouEUCEgBRBGDdLk0uVUS29OtQyp6ilj4iQMfJkhyRCYBzppqowBtMyrSiJA+FSClIMtFJUooxDS7srQVXLdt/588VSCUxisrVM2cZplxoymQF2imgTYUtBkcc2lCiFkJS4NUo0USJkKF0UhXE2bLJNgEXaZFNIRc1ZSgFqqdkaChxTG7AaFEOb7Ix+Xkwju67PdJphvUb0fYw5kSql9l11tigV3NItJyMgs9XSRV8l4Zz6rgOnSpSYRcuW9pStRikRQhQFyJl2uhWVCbcpp3Ho+tpaN45TV2sEEaXrFl1f0rYtVGtPcZumVsqU2XW1UOSMWj0NxiAkmW5WyyTZU7bWUiJKp5RK5pSAnY5QRrqVJC3s5lZcSilSyxa2kXCrtSvhlBFCtVOJspymye5CQNTSxqlWldBq//BoGGqp/azWWnErsx4XsKL2fT9OY+ZEqBailMhIDMKyoiuxWq0DQynRpcdctyjFJapKaS2n1rquOnM5DQWiBjm1MWqlRkW0aWx21NL31RbSNI6hKDXa0FqjK10pZb2euq5ITENzKcA0DKXrmGhMEYoapBUQRNJ3XUubBgpoypjAmmhyRulKqdlju9lB7edSKsBCqCiGaZRVu1oUhoyKp2yTooLHaSolJAklDojAKkRWgnDtIpWeRqBpAEVosnGTJWgts6WhllpraZmy7Ii+BNHC05jCtVRJSUaXRcVE16SmjHQ6Y6ilm5dQSE1pOUzLsbVQhBQlMltzQsiZbUxaVS9FujmRpRqCdDqzq12JcAIRmlK2UwoRLRsSokR1GoVKZiNpWAnOBJIEp2QPpiuqTWmQJQJlZtolYMSJS4SkGgI5k5CsbClITyVlpwXO1rAzSs2GkDNDAU6l0Di2rivgAiWi67rW2jQ1WwSRmpzZpghhA4pAwnbaYRCmjQbakK6UUtIZpc4L0VUMoKISIcKy0uPUFNHVMracplWptUQJCpBtKgpFcU5uTSVKDSVDG3E4ogSttZxaRIaUHlumpzYWl1bGsSmEbWyi1A7b8tSypcPOZpVwSM1d3+EMIJLJUSKtbJmaaim1lKmlasE4MyuigFubjqZVraUQKWdLBRaETEzZSEcJhbKNY7a0iwJwZqaEKCGHmASJhBVI6rq+5dQaQeu6YtOykaQYp7FIUUtLzzcWq8OlM0UolNlqKVOzBArCgSd7GidMV7sopau12ZhSSoJtG1ANDePYhCMDRanKNrapRm2ecjK2VMY2eHSJMk1T4q5EjbBQSxvLliy1tMzo7EsoIiRwoaZTrs0ehol0qVFKHYdBWKUE0IyE3HBJjx4MQUlnBsUYMHYSiiLkEnUiZdxyzDQkNqV0qipTyxqKrmsxOZ0tjdNJGiGVUsuwXru1qMVNRJUnRYlaQgRCCmHUhjGKCMkYWlqZqNkq4MBTSO5qZ0Px1FpOLWoBkgwo1BKl1Apu6dZa7btsiR21aMqVhxKxsbEhWA1D382iVrc2tZaASlcLpWLb9F20lom6rtZSmidQ1EK6kSrV6Taty7K++Eu93Md/7Md82Zd/xf7+wWwxC9seS52BCZTYhIgSJA6ViOYkMwkLWZaKU6WCszlqCWtq6czEVotSjCQrYmoZJBE5JaXUopZNEVubW9M4tMzWpAC7hKyUBViKKFGzWc50S+zE07hOQp6cEBQlIGQnhIowGFuQIpqzSLNSB49OWwqcYzbZkg3OtKKUaWqyVWiZRYquOJ3TlPa871EdxyHTVlqKarJNEFKmVDAmsY1a1NrGEcAmw2FZQnagFCJUZBsSh0Ipl4YtK0Io3bBRAHZmQyFyIlCUTDubcSkFLKuogJxZIrpeTlAI177WUu646975bPbt3/3dYe1duiS5lmqQFIq0HW7pcWoO91FGWxMJCFRay4goksVEg3BQA6tKKhW7ax6UznREpDxNY1UppWQ39zTKWUpxY6IJh8IETBK1lKm1aTm2Ns3ms7UpIfVRpKhFGGi0YqFwJiXaNGVrtevSbRqnaRy7fh4l2tSsVCgUYKK21jAIMLhlAjiHcTkrM4fslnZIFsAE4UjbIJJwZJBOpSUmq+sD284kmZSlSm4tswQt3SJKKnPKUqKrdWpTaxNREDl5aq3UEgibBhHpFFJgm0xkyLSQMpOIsIQgnVKRbWQ3rGyO5qnvu1ABFAqwHVU1+nEcE5VCm5rTBKFsaclKCRSRTU4mj62pdyIuXbhoe7HYcKKIMLKAyWiYokRrTYhipyNCKsJOtWxCVrbMiBKlVEiY9UoDclpBCU2toBRSjareHqKU1qi4loLsVKlVvQLCttvUUs6IEjWqummabEMCxkienEqLmAhJgR2SOgsZornlekqlHKqllIIsFexpaokFmZmZCaNdZaSiIlBVhGieyGlqKupnXec6jUMq+j6GcemkLBalm508dWbWz5NsVu1mgBRCmqaQMsq4Xi8WfZktWvMwjBExZMtxLEVk56ISnbNN01ql9Is5pFLVbfLUZNSXMutzuYyu76TWJts15qVEZq7Xo+XFbGYBcrPTKtGmabk86jfmfTeLUqJ0buPkjBp9X9xyuaKth1nX2yFciUlp57gcJQ/FHXUx79vYsD2NzV4stkKlTaPT09hC0cKk+1oLNTUlgRFk2s5Su7SnaV1KFxTkElWiwTRO0fV96aY2lohAFparytSGiICSDUkp5dRUo0Sp6eY0DkMRjiQtGwuiFGMRIWyPnmooMxtNjogIpZMEuzmNJBWJloScLQmmYVSJUqNESbdw1Flp47qNQ1Bq7e2plDq1lk4RpYaI0kVbJzJoGBpKqaRtM+UUtWTLcVrTFJWIqrRqB2Rmy2anHBMAaZMZ2BRj210tLSmRtqNELbVNbUrIJF36vpZi53o1Tm5FYWUQNUKKFFLpYcpMWwgopWSmahVYEZanRExDIqLENGWbVi0pQeKwrMBZSpHdQApFhAS4RK1VEmBZmc0UBBS7ZSqUbZIDORQQkFM2tWjZ+hJEqLWUPLXalVJK2O7UHAIRk5CEGdpUo5RQm+zwlCIzVBVyOqJQME6sQGFRNDWD5NrViAhiUkPR9SWdbWohQEVhwKVUi8DZlZrOaUqFa+0Je/LEGFmV6XA166lF1yFattZcVUqUrlcb2rgaKaWrNUJTc4CEZIGdVoYiFJhCZGaEQIEwERB1apNNqNojoCCdshFFfd930zCux0FyRMlMi6JCUVut3TlauKgrsjWOk8nI4oiKwDZyJk0hstldrV06RZFAWBEA6UYyqQatgaJGESa6KLXv2pillKKaORq6vmtjTjlFqEQPKrIzSVsKowAF05S4EralsAy2iVKkUGuBKOExBSEcdIocJ6uEhCxrsouZ3HBaEVGKAhkAj8OUtYGJggmVsQ22VYrcXJQtS8jNEZooAoUhu9oT4dYmNxFAAymNLRfCTAoCZIuY7CknWThbo9/oGh7X66AoQgEQIaMsDkmhNrU2TrVGFxrbJESjlJjHnLTENE0Gu00TUqBSSExiuwlBEK0qikSquWEkTdkiZCIC0q213f3dU/P+8z7vc7/jO7/jwoXdnc2tISdUnU1VmSCRtNaiFEdCczqhKIycLRQtG4pOArVoQs3NOBSSiIabW9RaEsvGRllKGE/TlKaEMxNJQjIKpadphCiVDNcIuTXTlTppwpRAGc12jlaNoiJlJkgBjhI0NzcDXamKYtyahaKWYrfMQJDNDaur0Qwtc3KUiFAoMp3Z0ipdZNppobGlwlKUolA3TaObiCQxMlM2RSkKsmHbUwNFkUJuLgpKFZnjpFKgyaWUaOmxtYCMKKUoW0uruYXIxJRS0gk2CcVQHCqWZDttjFACtmxFtNYUOU3ui6wYWt5z33nQ933Pt5w4dd1q994IUICG9ShFy0kKSSWidmWcJisKqdDklnYpRYnSrtjC0XWRTqtEgO1UKRHdbGqDVGutIYjObTw8PIpapFR0XdePGpVWqLUULSdUI3NaDWuZru9FqI1SHYeJoJQSqirqI4bBioxSIBUUOnuaUoja9ZJbay0zpVCkM0p1ThjkdEmSBBHURopsnsgqBJNlSYCT6NTG5jQqqpFuERFFbsVy4CjRhoYoCtKTR6BlemhIs9o1p9WixGw+y6XTWUuNiPU0dLXrujq1lDOdbtmVkmQmtZSp2SnjtEXIKYHdEIYqYYexzDSl0s2AlU6guEZoajmupr43yi5CihY5tVYsqfadwEgKteZkcnNzm9eFIZujCuOSKefkRnOLmqFw82RHic5M2dJyGrVGKaYpJMU4jE45MSknqsIm7TRowkqcrSVRnOM4jqUvm7PNw/1DV7qutKkR6aSlx9XQ9TVUpmnCLh3OyQo3h2QbAk2EiLIe1hqzdrOC3bLZtSgFColwcU9n0rInk6FSaJRS7WakYnKcJpNVlNo7iSKnl0dHXT9TUSkxTW05DUxttjHv+llrU04tstRahKmadxtYjFlqzXRE8ZRjNjs9rvpZv7m1kIvR0I6UKrN+Th01KN2yhdHMkxMVKWjZTMEVpNJltmmYekoQBSKija59ZzQOa0PpupCJmMax1q7UwpgenbVEV7pSMlNBhIZ1C6l0wm09TTWKlRJVaq2NOXVdl6ksUy0zT57KGGvGcRjWq71L+xubW/3GRjYLJXZOSIUgoinblK21EqgWk60ljTorRrbBzU2KUku6ZUtKuDHRQqXvNE1OuUYkbjZpKW0r1NUyDa5RQzTshoLEBEgg0lNmCYEDhmkgCiUCRZ3ZU44NOSyKopQostWmRpT5bDYMY3PTVJpwNoQySymZbZqaizrCDrBETqNKSAROQpERlXSbstRqk5nZRqQiDBJjmzyNtdRQUQ2FMx1CZETUrqrJdkQUhaKEGbNlOiShNMXQmiNyGpOu7wKlswFFpY1jthRyyZgcgZOUaylpELIzASvTocwmFRWRdkQ1Le2IcHMIEoRyGhKS0pM2CgERIUqUcWp2tW0jBZIQBkoJSo1aFMJAZ1o6QgzjGkWJKLWgkIWy7zuUOYHdRyGUAdkmZw4JdlFfu0JMk0uhRhAyOBtSH4wKFWU6oNYyZdpISpKmKKaojZO6qiKamrNKUYJ0NiMMIRJ7Ssu1FjtCaYxNTlAUHsbJ2UqJEspsaUWUbkGzJYqqStppBZadlrpSUB3GNbiUMJEWkEiTGw2HAgduWRyOQCbdMpwpK0LCSRTJbjgVJe3VOCjTbQoRpQsrcVgEW/P5EaDEznTXzcnJlp2TJ4yDULTW3Iwclq3whBTQ0ulUZikBZAJGigRRFBJS6SoKZcs2jVbUMrPD6TZZBSEcIqRGkukMtal1tYJwdl3JpigiVK0pwXZLV3lqKYpKDanv2jgFcoQlaoVGRgZyllBOEJaJkGmZFBXSiWl2oiLsdHNLiYggUyVIaifSGY6MPkDYgJuncEyZbi2KSgHCKMI2w7SWUEYomjIogafMKKUQLrSxGRS1KJDcDGSGpTZM0zSJwI4otYYzFA5n2sPkqshS5Gaprx0i2xSlkk2lqESg0ak0IdsVibAaKLBkR4kQJqd0umUu+m59dNQvjv3A93zXm7zF2549d9/JU6czMqcWWSSUTjlKkBkmo7UMpV0BolSRVcXOYZpKCeEogeQ2IUtCRShLayRTWpacLXHgHLN1USJqZiZqzVFrX0rS2gRGDozlbLLcsqWtRBEKy8iVQGBkhDNbBGRYE8aUYpskKGjKTE8TWBiMIRBM2QQOi1CoBljYqQiR0zSliiKKEExuOTnqLFxKaUwQqpLTTSnC2ChEYrcSrlETC4XlnCxlUEhbSVOrxrWEQXiaRpAQkaFAxS0zLSmxIpRYCqGUIQGEsSEQJFZruLlRqiDKrB4dHMn+gA98/7d9h/egLcfWkCHknNokSxAlSq0u1FIVhckOS8jp9Di12pVQGcdRjpRNDZS0KMU4IAUWVoRK0JpBY2vrYdjQRityTtMETUkyRZQIS9VG6ay1CGqpmU19lUprjYm+1LTHYRzsvvamCKZxVKmli8zW2lSj1lnXpoZda5fZ1HAgSyoqrTXsJpWozoRwRzEh06bJdokaKUmAnABWBA4X1HJK1YhSgmZs00hnKYEjAyVTZi0Fm8ixDaEoteaUy+XSLWkk2dqEodgJtiQbkqYUlm1XhcOkTVoRig7SEdgSdhI1sAmrKB2CEPeb2kiGKFIM6zEz+4oiPNFayymLpBI40plja1MDla4osWjNhr6bT23qVKsUs9q52pl2RJBI6voYVmG5ECitkCBUXE2LUhpZuoIzjTxlqhTSYTdwSCiogUGSLIsopa8AkrMZhSQsPE0NN5VQoEyVfhhWNnXWg2Ras1BERF9xpNwyMS3bOLYgSpFCXZ3llBEqodbq2JpaK1FlU0uxM1s4VBSuLTIikKc22S5FptVShSplGsdR9tSyYABKH92sX63W4zBFIKmrc4lCjK0FForQ2No0TbZaDrN+VqguuDWDIkpRy2zDtD48lLS5sRW1rr3OYazdvBKhdKCImMZpaknNmhjGcXC6ZZPU97MIYaRIZ2uuUUsfoZjVSno1rEtfmBIyap+ttdH2dDSMNRQ9VjhJWpGG1oQUuMqTxmlYD0ObplJLN6uJ7TbJ1aWUmNqwHlutXWKoXV/s5kyVQiYh2wqVGhhny9QUSSK7r53C0ziWUkrpFJPklk1EUQkFopQoBFCKWmtG6ZSidCWnZMqu65yZza21RAqyZYj05BZFEWpWdLVP0zyMk0pRCYVi8uDJdKVNE+CaYSuCUiKKkqmtA4RbZo6TumKZSc50Okp1upa+FFbj4DFLV2Qy7RIlinAlcApFKKLUQkPYUkZEpkWTQcqpUbuQwWljokguUWoRiV2QbWFPrZFO28K2bMSULZPoumqDJCNRFBIt7UiwVAO7OZVKELRpVJBZuuoWAisMJWp0JlCE024T0TWnshS5ScJTNhwKKyLHlgbAkAQhJDlNOkqhRnHNbCiidJ1bKkopQBnGCWdEiSKs1prSUrGacedSFVkNI1Ey2zi2vlT1BdtZmMaxOYIsNVsLiFpLLdMwDp6idda0bq0PZnXhksN6msYWNYIiOaKUrjrTKUJtagWpOhPkdKoW0JjGRojI5rE1p2tIESHZFlG60sY2juOsm9V+tlofMdD3ESVI7EYmYAhCpeSUgUNKat/FenIVxoqaakjgKbOKIivC0bEaFIoo4zioOUoFl1Jxo2Uz4WhtKqG+6432Dw7aGE7bTRSUaUfSlJIaLtKQrUpWhxtIQWRBNgYpwFJgE1Egx3EsJUXYuLll0xTDeCQFMDlRYKwkE8lGEmkgc0IVg4kiC5rHloKWGSqgdBMCj1OqUGqZ0qRVhI1xoSgwAhfLQjhNCTS1tKyuD0e0nNwwGQ5Q1JItM12DTMuyXUtVR2uTwZnGItKtENnVItnUGplupQTGKEIYrHSjSYpSasgqVVqvllKZzRcwTVNTFKAUi4xSUCBUIkxKaHSDWmitSK2Nbq2rRbVmphSl9EkbJzxOtdeIaikEpBIZI7dGCBSpwHZDZJKSnExtGseD2Wzjjd/8rT/wfd7jW7/re1eHh/1ioVrbuJaJrhZZaLIzp1DX9zKiueUUipDSmUJWZpauL4qWI5YijMGKCBeck1sQrTWpqpCmOBSazWZpHy0PAwk3p1NRSraJQlcrtovTlsgpZZdCkzwlUlhYRAIlwgrbpFRQZtgJZLomxqK1KSIiZCTbETbFGGoJW3ZG6VubMq2QAqyCI0otteVoaLgmo6d0KtSm5ilrrYEiAmNM2iDF1KZQmkyLGtmcY0YNKNAgMxsljIUAg0nbIrABkEJKEenmJleEcChb0pRYBdmSsCSnU0Fr7lQUsT5aHR0e3XDTjV/zlV8p2v7eBctdreOUTpMt0fb2Dma1Xilc6Lqi5bDMoUVRV2stxZG1FGAaJklYk1RKIXOaJpfoSymhkWZMy0EiG6m+77oSKl0XTmeaKHYKnC2Jaimg6+eljdOUU7ZSquzaVdJRAmGl5ZyckVGiOZGEpsxpzKJITFOmo3ZFjJDp4gLpdKJaIltaKMKtVUIRY6Y8takNbZra2HUbtoHoqrMhQhG1yESpraUnLJFpKYvns35KN08yBB0ggyFkAwpc1FoLVEptSqdNo5WhDSZtFEQpti0JRrdABhHIEhFkgltRsZhaSxURCleXLE2SUxImASkQKpIQU1FdD2O1SkRfKsK4TQ3CrSkUVTm55SSHM4kQ1FmZ0UsRCoXHaUzc2liSiBqK9WoY29TXHgDjXK1HTImKoigJheS0hIzlTCIsYZFYJSIhXEGzWZg2DYKQQgFBmo62zlI7Oy2FAqcjwu5qBxRpamkMbuNEiahVSNCmqZaolLGhKps2NRiCaJnFUhAp7NamWsJJprvSp9s0jF3t0m7jWEOZrRCzzcU00cZJoutqaMYwuoSy5dCY1yj1cDngqV8sit1QyzatpyJRCgK1RLX2wNBGQekLjRwnbGezpNqF3CILtetmEuAaoa6qqJZ0qtW+a5mSQ6UoMpmmIaSum7UpVRWmTVah1prpbKmIaWpug6IYiTGbSwRRu1KHcQ2tlnI4HZU6o4TSrqWatNtkiYBIo5hvbm9sbq7H1VbLWufTMKlqXvrW2jRNNs42DK323Wwm22Qo7ZxEUDS2jJaWgpzGJiE6hZWMrXUhgtZSmoSi1PV6hVVryG6myEl6AigRrQ12KVWy0jlNIyZqsVBIluwoxRnpFiEVOd1aAwnkIk+tTUHNnPYv7de+77ouSmltUkQbxkyXWSUnSUApXVRnk4JISlez4tYQtovsbENma22apl4RRRJFAdhISHU2IzOjMA1TwzUCe5jGWmsDYGrNAtqUSaYCuUJCyh6dZFoKZyjSdqZxGAvnVGoFFIp0TlaA1M26Nk6ZY61FokZxUyMlWSbtUEllRJBWOI3ABGpjTqVFRIliW0W0aNkCNZyt5ZRRJMJBV2tLG9sAziTcnEXIXSmS3JVOUaMS1ZI8tbFNpMqs0NymqZYSEkm6RUSUkngeMznS2SQBpQM7pSYCWxIoS99FMrWchnVEuHQVuRmVokZxUb+z0S/Xq2kcaqm11jYlzXVeJNkKPDpJl67Urjqn1lSiorQJFIpsoyODQpEzPTWDaxUBkt3cwhHRO6fWJknhYlrLKUoRpEoIsgHGzgZphSTJQiFjklC2CBlJDWJqDkUpktOhWe1tRgaFQkp7HNaEi7oiO320WsrKqakrEZFtkgICXCJCLRM7ZYWR6UsX0tjGCClEo9HkqFFAFsVuOWZKas0pBQrbbk4TEarhyQpAyGDbrbWMkCSElaRACknpbDmlCg2FhCGEokS2lpklig1KLFuZDUQmzVGKcU4gh1AKGSJK6buuuZ/GYRyHmjNqMLR0esqQ+1mPmMYWJt1htza1zFJCpdjQkqLiEIFkIHNqjhrZnDgMighHxDQ1yRAhKRAxTZNlVBRdKRFyZklnGqClsUQEEWgcWoq+lig1na0lBtwyLRcVRchGAIXqXqRthyJQYtMkOWMYBxG2QgkGNWdaJUKhqMxqvx6Hi7tnT5649qu+4Zt+43d/76lPffrxftaXaCgVpCUb4VQpJeTmKDFlA2FSECoujrRxa5PTtmxIJIxbqqilTUigSGc0RSkumck4jRg3IWtyi4YVKK2wLTsTg+SkRDQnRFiTJgQIstkhoVAELe1sTiFC2bIQOTkzSykRkZMJh0IBNjghUMsMAR6GIbNZUiPtiIgSpo3TGMqo/SxLVOWYYIiQJpwmip02IIyx04CQ2oTdPLoUKdJTZgcgBZLSmUkJqdgmM1uGwgqFS63Qoos2yWoBhKZMGpKiypMwCKetDKMkoiCHQvL+/oFK+emf+MH55vawvzvrZyBJ07hK0fd94mmcoLm1FC5TdelrN9oRJaLKTGkbpFk/C5WJVCrTOSWKAMlOtbFJAnI9ZXFXSle7EaUzVEpEm0aVrq+RU2tKlwxrmlyKpLDGNiUmSiEppZtyWi+HrnY1imZW0KY0LrUTnsbJrUXXC0EraXVCpUNRPTVaa5kZCkdNKSQ5YLIdtmyVvutjXKUpgEICWk7pTEeJNiUoCIdtZ2KgTRKT3bI5QaiUqMWZCSQRBRHWlFOgUjqTldLIbEpaV4opmU1GoBKkmwmQROBsEUVBpjMTUJVKFdhpQ1JrtWUrlFhBAWa1sx0UZ5ayEWGvG9kajlDtapIaacqoErT01KaqmtlqV6NGm1pRATLb5AnSjcwxokOKEranqRWHhI1VSiiytDa2HFUCZNnjlNlCokSB5TCVaLXUQOnWxlGhQjfRnG0CzDCNRcGKaRyppRszQlFiGltXuwhN6VpimjIiMhmmpqQp1RQl1m3aqKVEmdrkzCbS6medinJoadsuhTa2IVNRSwRYodaMMhNHOiEigza0kE2pKlM6hyYbSciJIiJg8tia5ZLN2TxOta+zWtuUobRQwzgI20FpOSIa0UVNsV6vmayuRgSSJCERpXQiapRpPWaZohSVks1VNQpFUlFMrfVdtGZolBCldtFlZ3ndmkSXJUKlRsuAllNm0EUUQd3IzHRz5noc25RRSx/12LHjoFJKenK2VqNXN0sIm9aSvutTOTVnSlGtVKhGFGnypFT0NRSWSo3MRqpEtTxlw1kjLNwyShFFmlqmIsORJgSoFEUpXa2JTKKY2qjWZWRRUcQ4TWRGCeMoXWaDyDaFVEsxtJYyXS1YtcbYDI4SkjIROBOkUroSU7Nsk8v1cLhcHZ8vat9lZrapZStdnVZHJcNoymZwOKe0ImpHtkxJaTk9LZdTV0vfd9idutKpdhEwWYHAhqllDVQUFImGs9FkEqMSoVLalM4pLBNQDNkyCKAlTVOmDTgJKULNKdcolGjTaKEIJGSFTct0VSVt2zCOrdZiMjNbtlJLRFCMMxNhW1GitcSUEghHyjKkE0uo1G7yhFFOESVqseRMNzISg1RLTFMYZOT0VLK0iD5KGaapOq3ESgOe2pTNtc4j1PW9pJAAHGDsEAltHDKzqmYY7HSEZrVYytaaXWvMaslGRGsUnNhTjk7VUtSIUlpm7WrfdzgSK2IxWygcUS3slpYzUKYpcgsE2QaIzFHUFJlTZqpIRC1d9ri1KF0IIEWOjpJIuNkxZda+NylFZoqwsCIxAJZKkZAtwm7pIhGo2Uqr4NYySymkQ26tZcsoUqhNLQg7k9Jwm6auVorTllwIB8Y5TSISF8AtJbfASjsiCJUQMJ/P2pTGdiqhKFKysA04rZBCBWwl81lPaBqnSS1kMsKuXbVpboqaUyKVUGstaoABrHQytqi2FFEEU7bisFVrSLJcSzG2XGundDY3TQCCTEIqgY2wmx1YloNUKS0nAAlFI7sSpZ+ZnKbW2kQ6RI2YmpVNEaEaBaE2jQaMEgohJeHMbMatq/NmnOmkFKWZxowopSoz00a0abJt2Y7aVWBsrWVGqBQB2EJuU2YbHI2sKlK0loEmmsBTZkQfnVzslqmugsnIouJoZGnTZIxcVAklLo4opYipWWBboc6RckTpY55JrR1THh1e2tg+8WM/9KMv+4qvsHtp98Tx47XGenJgHFGERKq1yRlyAwsnU7hIUjhTmW5jK31RFJNSoGzpkD0pJIsoJTNDJI42WcIaVgOiq0qHnYCqQpGZOTVrMsiKqM2TTCFESqUrfWZLZBxSRBhFZkubrFGMnA5kkSZCadHSgaTMTCNKFNtqmW6prkjFrYFLxOgpmojOOJuNTYSb5GlSDQUlEU6phOwsqLWJUsA4CUkl7ASkkMgkVKx0ppCbHcZYchqPymKIUgQhbCvAmqbJxiaCkG05U0V2KgAjhd0IsEKmqRSpnD93TiW+61u+8eVe8TVyWq7bskRMk+0E2/S1b9lam6JoNpsnntpEy+j6KDFNrU2ez7pQWbchrFnXh6RUOoUU6mqnonSSVmjW9dOUpSMgk2myTbZhotaoKFbT2NeiCJmchJye5FpKrTWncYUzW2RHVBgVNSJsMISiVDJzGidElCoLO0rJzAwFkInJBiTQdTWklgZjhnGNAhht253tEl1XawjUJhusLKXgjCIyGyHSpkTYCikLZFOoq13a2VotkiLtllM2d7VP1NIW2Dgzs2WWooiQkJTNmVlrjQjhqWWShUKY1mwgDSAL2YGQC3LaSlIts4hM23KVMZBqhKfWmk3kNExTTn1Xp9ai1NZMKDqcmqbEztb6btb1dRhHQYKDiLpcHtrquq6UmkGOlIhSI9NtbPPZTKGWzbhQpjZ2XTefzaac3GxcIsZpcraMCMcEIVA4cDYpSqnOZhFRWrpN49imvnZRIq1SumyTi2vfO6eIMkyDEFIpCmFbZLhF16kFHbO+02q1Xo8qjdYmZ6ELZY2apva1L/24HtKOWoejI0VOqCu11K4WaDhibAOm1looI6NKCcKVGFtrWUp0tYxtcmuJ0llLqIVpTpfS0XlKj6uhRSgIx6zvMGNrISi1ZDfahLuuQ0ytUUMqKaPQNDpmnlpI6gqitSJnpzLl1NQiU4IpM501IEO4JfNuBj44WuMk6SLmi3k/K2Nrq9WQrYmudDMyUkmIGoJEoaiBhKeGAWpxieowRmNOOVBEhJulEiqMOa3XKEqprdGmHEbGqdUyL30XSLWUWqWYxgyT6TZNObXW1pgAnDm5RJTaZWu0dGsSXe0jilqYth7WwzCOwxDQ1S5CwzC2nKZpbNMoSVZrzZKkbJmmtcz0OEzjejmNgxD2ODZny8xsnqY2DQOm6/soNTKnzNZoxor5bHb65InZrDe2QOQ4TmODGMZhaEPaBaZhsBSKUJSu4oZNxNHhcrk8dBqDiaLZbCHFehycDYgoIUlKp5Kokc6u6+aLvu87lTqb9QAgpi6kUkvUEAUhRS2mgABFhJAiSnFi01rm1CJcIqJEtmxtIluIoj4iptZWwxCyJCKFstmhUqvTBlnzxXx7Z6vUktkymySVyMxMl1okKcLpdGa6ZStRCsUSKKLIhKhdTTuZFIETZ5RIjKFWVNo0FmUtznQ2pACTOav9vOsEIjPTUzqwwJnOqY2ZbVpNyKWrrq4hSUJBpMJQIkJuU66PhmEcE2ODLMJBppy1q2CcU2uoYNroaT1RIGJ0y2xTa62NUZA0tXGaGoQIpOYspStViuy7vtY+wElrWaIkbm1CtJY5ZYSQSpTadYpo47ReL9vUxtXKOSWT3KQsVIQkCYNEpsdxMkpMZoTSTNOIiahRQrUYhah96bp+HMbWmiIAZ1ap1iIVMLZNpjAKhVAoIhCldLPZvBRFROmqM7NNtrO1g4PD1lo/nytictIIBDm1zJakcDMkto08tGlqqRCWUiqepjSWlGYaxswWEEGpVUEpxVJI2JmZmOZsbWqtRFFECU2ttZakHUQptJQzSqhYiTCZEhLYYIzAoWTCTtut0XIYR2erpYaiUFTCOIpKqcIuiigRpev6EqFAUsvWWnNr6iIigtKc2NilSlHSON1aKgJFKaGiiCappZ0OikBSH6XUwCnZUzodwk4ghG1LVlVmV6KWCDkzh3HMqSkoXTfr5lGUMg2YUJXwlMvDg6P9QzKjxDhMbfTkVoIizfqedLYMahCllEJptKlN0zS6OXEEs1kXZlwdvPTLvewXf97nYg4O9oGNRVdrr1olUFAiSo1CjoNCVslMO3G2JCJKLVGwVRSS0+mWgaRIOZ2ClpnYGGMHQiUIQ05pTy3TGNnGigiBI9MNO4gIpJSzgTBuxpmSFIHApF2CUGlJ2ijTia0SBpRIMqSjhISdovS1n89nUdSMgua0caYChQq4JaiUgu3MqWWgxJOz5ZRQSghBkyKCbCDXriJJAimi1iLC2aY2WUKBrSIg07XUWkKKqCKUTkARUYucwzjZNhlyRFgFUA2FUIQikIUF2YxqX0wJaXd/F8UHvN97vcf7fOC03F8eHdYo0+g2TjlliTLr+rQDlb6LqMhAQVFqCZUotZQIVIsUXRQnU5vW4zQOK9NKBMHYJg+TjMkakXaU0qkSpYSiUlVsnLZTUUpETm6ZbcrMgXStHaBMZXS11tKncxqG1pqzBQZJOJ2EneM4KFOoq13pC0URESVkT1O21lpOU7ZxTKczsSSMsVNBkRA2ElNrLadQpDLb6GkCpK7WEiWQoqu1K4qCARdhRQkhJaRb81QUmZmTVaJEVURLnM7WSJlohqAWhUKAZIEApcGeEodCVWKaUkEpRZKbaU2EKOmcsoFD7moXEVOOIxhbqQww4GYImkrX0Zq62s/nlFJqQLZpbFMzmqZhGsZSSksfrY7a1OaLhUNkC5dpGqOUWorCTpyTs01Tm9KSVRinMdvU1kOgEsr01IbMpiwqIUtBV2vtulpKlCiKWqtpOTYnTqIUY5xSdF0XUYoiVLrSFVH6iFKnaVivlzhVilqO0+S0WxvbNI6jIqKfOR1d9H3XprZardfLZQ7Dej10pZ/P5lIM45RtGodhPQyAU073/WJrY3M+n0mWaeNkkzSsvuuDgtyXWh0ZOKGo9F22No6Dmq0YlqtsGVH6WVeQM4dxWK+HIhNq06qth6m1lqjUKGXECtFH5sjUVFCUKFFKVIVNpDMiW8uqtNyyTWO2oQRTtihVjSpla3S1rKchaj9ly5xCsRpX2VxUSlGzLY1DGzwJgRMrp5RVCiitaTk0T7NZF5TootrjOK6mdWst+ypW2aYoXQnSCiCIqDSW63Xfdd185gyVJEmIaUoV1SJHS1M9rte19LPZzGOObVS2WjurW40T0PUdra1XUynRd7OoJVuzsxKtkbRcG9z1kZZCQWBkZAATzsyQQmQqYppGW8KCvo82zSATJyohO1EiutJPbWw5FqJEaYmdpUTUCk65drO+ryU6j2ubqU1qrTGp1s4lIomKla05rCheNwVSwamIxWxWa52yyUoMOU3DNLbFZh9RpzYVKQIMaBwmcIRsk9QSCrfJJVvLHNMUTV6nW+ISkdmcjbCiq6FpatjZmqQotWBwa2mgEYFxWmSqKFAGxZ5SUgsVoBTGqRECOTO6GJbTVJoTFC2zyOmoJZpbobgoW7bWkGopAIZATS1bkpIk4QYKFUymCbJZlCiBE5nWGolVi5w46UIjOJOITA/TKLcx3ZZT7buIEs51a+GstYZo2URYZGuoNqG0lQBEZqayRg0iw05KBMgKR7YWra2xClIoMbLkaWipVqO4hFs2Uz2l6UqlRJsSZ+ASxc4cTSkOsEXNdJEV6ruuRGS6FK2H1tWQSrpNrUVE7XpDLUVdbZmZEOBMmowRAEGSOKLIpNuAIxOBim3kbGSmAiwM2KbUUlRW6yU2GREhJRS5uYSAtJuyqCoknKpdJEBkNgkrI8K2JadbTjHYJhyEjBOFiBAwZRYVG4oqpLNNJDYZETKpnJpDpYoGCTaAhFMKKZsUtVTXdFMqI0SNkkpomXbLqE4h5ThZsp2ZOaWtdBYp06VKkluDtCKkNI0Mwo1RzsxaorVmxzoHcAKAmTJDKlFCjlA2QKFIJiRjWloxTaNkhSAkSlWz5QwJ2Y0kZ7OZSWdgt2mKqohI2winrWkaRXRdsW0EgBCA2lS6LrpaUMsMqeuLXUoURSi9nkZZUQstcJvS0zjYuV6vFNrZ2sZpZ0iZVok2TpIzZVofQai1ltmkYmtiiii4WHJhuXfpxIn68Z/8Sb/y67/2W7/ze0ObNutMJSMzUy2bml2KM0Ol63s11kMSAkggsSQN09iHkVtrUYpCNNIuEiABAkoEhpRJRTEt0KQmyFSDkkSNiJJJm7Ko9LVLZ7bmaUJgZxpsiEQFTLamUOk6WrZxQhgBqqF0Ss6MCNulFqRArthuHudlo83IacxmRQSqXVfamA0iit2wnTbIJUopZcpG2unShY0NChuFkEEKO4VkO7BNQNQus6UdToVsbAsECS2JTkWFFHbLJFuTkCOqcbbmlnYLIZS2UVFaoQSphCyg9B2H+3vTML3Kq7ziV3/114TG5XKJkswwfd8DUSJbNqihwFO61lAjur6UwEJVjN1sRkLYI2Qbh8kiIkqUkGgSuBeJWyNimloobSa79p1gYuy6HkkQhlCEMk0VI5NbDbraZVpyKV2EZqVO0zQNWUqnAtiWipQtk1qrFKBpmtxQqGWzVKKEPE1pIYUi0xmkk2lqFNWQshikIKeppXBQU1OOGXO7ADizEc4kNIwtUGamrRRFgtbSoHQKJSPNSWBGJBVFeiylI4UoAqUz00SxRViIUoRwYojQNBmnpVIEJWCyg1CVbUkIj1aQ1jSMUUqlZtqyGlSX2gFmcmbKbRpaXRRJKDClDMOUQV+LbdFJ69baxmIjSUltHKecRJGmcZyiRClyojAUhW2c6VApxZltSqLYnnKqgSnjMEYtQYlOtkqJCE1jK/aUDjmiKLE1tXHKqagixmlEWUuVSuk1tWlYD92sK1FGJ5NbaHJasehKrV2GmWwb5JbZUtZaza0tNhbERraWrE2O42ADRgEelkNXi0oBlaqWdk6ZznGIUqbWhvVQ+o6INjbh5ozoQpmeStQopRW3nCKKIjxfRCY5JTYRfZS03NXaj8M4DU0xVc2oQmpTZrZUKtR186kNB4dH/WzW1QoMw2qcmm1J83nXq7aato1K6dJkTtVG1JYU0dW+pds0STENQ7/YqK5ZmHfd5ByHIapmhSmdOJ2FyGySJHLKUkspeFRQkhyPli0zJFHmi7komW1Id6LOuqlNrWUkhsycxqmUmPWzRsvMolAVDopzSknQSnSNgoTUhOQ664OSbuv1fl/mXc86UyhqJ01TTnbKpQHhoog+AImoEQQtLbpZQaHMErYJRddFa3bLqKUQClK4ua9MNo2QSoRgaolJj6WLTE8tSRTIpesrKFvru5Ly/sXdzS0Tymmc1T5JOeZ9r1qnYRRazOaZnqZxHIdC2JrG1lVtzOdTyyhh2zinRhWKKJFTWuM4jVlK7aocOIGWqShF0ZxFdhPZiBql1tZsMiMng2xjK5StOWitZbYiRe1atlJrhIb1QMuEUiJqbeMkHCVsZ6NKDmTjkqi1oShse6IEKTxlgxiRZAzYUUPGQYAU4WkCgjAWtHREAEJ2KsKkXRChyDQSCW7g1hIDKHCqlqpSkuZsVhea1utVN5tj59RK7ULNIRvJaSutoIi0ptaq3IykKA5klOmhjUpK7Yo6RCYKlSoTIUfIKAipAJJaa5IiRKltHDPJIDJRiaC1qes6JE/NmQJHhFNEqtESbJyRIKJIVo1M29SIjX7WbLk1J0mpqnXmNqEw4NamSbPOjVKqkd2EpAZRwRE0p6m1RpWQsTPHzEgUEUhFStbrIbCiz2hdrVNmOmUZRTA4F1E3trYO9i6txzGapgiFMG5FjeaGIIVDhIQV8pjWamxdkTu5WYoaCkV0QSNNgKW0jG2FAizLRkWRYJpdI1SJ1pJ0M6KWmFomLuGQ7MhIWSbmddacGqdMun5Wax2ncRrHBJmpNQlLXV+ckWmPmYmVihAlYGopKaQapXTFTqaKgJZuVhQFttItkwjB1KaQxrFN4xQoZj0ZRaTdaOQESDVCUKLiBFJR2jDSPOYEIQExDGsLlVBiKYLMJBEKdd08sLKlJK6wI0h5WK/Vpq7rpLAcKhgJp9MZCMjmkNN2Zi2l72stxdKUDQupTani1obWctZ1YZo8OaOFRBCl1rSzYZNyVW3TiLR/sL95/MxP/viPvcKrvPJTnnLrNGs7x48tl0ezWS9wkZ1GUaMQLZpJZykRdpsmKRwKqhq2JQkgs0ERUgmRNm5SETQjAZZpqS4oqnYiMKh5xF3Bk51SleRsNlFKiDa1BAkMIpPEISmiTZMiVKNImc4wiWSaI0IRpQAyUFRMU6a1XB/Z2AikiIh+1q+WrXlUk0nsTAtEIBPUKENrEYElnEIm7SIBoGmiBCFACTKqhTSKIivCVrqJUCFRREjGdhpjCKFas2VRSSyotTZnWKUUZ9oO2REyaTAJbu46e5iO1tP111zzm7/5a/P51vLg/DSto3RKUyJKIHmahmFQRMx6m64AQSTOYd2iRImIvi/SME3GmOiKkqg1pCgRUslCqCgcEEUOsgkaVjinSSgUCHCbPKnViGbbWWvNkAVWa5NQSwJsMl2i2JYcKE1OU3TVzuZWopYSFk6IAGMLT60RqEQYI0SNUmsdx9GhLoqsUkVrFqEaXXpsI5PStdaiWqMDLKsQKuBAthUxq3XKJgDblkKSpFTLlkWolrATIzIVwjiQDbIlMlu6BEaYTJcoqrSppZGkokzjrDVsIpDCtiTSCQ4LLGNFhAJa9qUf1CKUCTBaKEMRUSOCUBtGRwFqDRspoiiCdFVEP+/HcZrGUcbQ2gBRCggcdmuTHciSmNUuZZyZBtWutKm11sqsK6kR01pEZJPdbEIqpZps2aiq0cNYamlZWmuScGKnnZpCZRrGyS1qUQhT60xFRQClrzItWyBFkHZmqZ1wZspKHFHsFmKxtUHTalz3ZV47Mh1FEVPLnHW9pNamqY0oFWGbbCJq33W1s2ltctpJeqxSKUVRZKag72fZWtL6TmRprbXWatfb7rqOUhC177qum6YpRVf6qNHVpmZb0zDVrgRVLTXlmJMUxl2JIq2GYblqs9J385mQPQ3jNI6jSiEaosoutRtbI50taw2iFFRnM8zU2jisI2LWzVBKKE3QlTq6SaGc2jSlFY5SpWBarZdHR6VWybWfe2wKFVyIUmumW3Mb165VGSK7WlfrVWZKqlFTLRSomGkcx2EY+1nfozrrcnJOrRbTzbCHaVDmYrGo0WWCRbhNo2EaxjqfFWmaJkEflShtauPUNFFmHbVjmpSyW1Mr6ggrPI6Z2UIh42IkT7lar/paEVMbiVosiDqr49jWq1Wttev6rhbMNLWul3Ebx5BCccfdd9x9552PfcxLzDc3xqkpSp3VGkUKbFvY0zSR2Fmj1lrGcZAVUYvU2noYxyIhqajWcJqMdAaqpWZryaSoCpUuiiOnyUEpkTZylK5llpzU1QJTNgJqMZJMKBvKURHYql2pdToah1wFhbAdIiNCAtJBJhZgSxEFO+3MFlGFlCQGwrIcdtQaNlkcKZsSZKYJZxBGklTklg7ZdhopW1OIlEpELTmmsUAGIIpFX0XtIp20ZgtXSlRN4+hsmCglItrQFFG7kokzSwTQMhElSoacGaqIEspMRYCwASXYbWq1loCWk6JIwmlkPI0NNVFqhMOZCSA7ZUs4oJRaCpmtOUBOt+Zaq3BDDmN7snGtFSSpZTqnYWqKCElF62mqNZy2MYpwM9EaRLa0E1BETCZkgVQVk2m2aLUU3FRLGUWm6qyEW0KJWdiZhnQWQrVTm9pkxZgtSinYQkQUFYKCpykzU6VGS6fHcZrPZi3HNkqRmVlLUWhKZ8uury1zyqw1IFSKMhuJiVKGqdVspVSnG1YgbEREDTWgRLaWNrYi0obMlFVkS26mTURYIpvBo1vXFVEy2zgNIVlRu8BS4nTaXa0SqOAxrWypiK6GGYxlJNmks4QIOZ1kyWKrBGmVADAIlVo9tbAJCQzGbolJuU1T1OKWkooKAQ6RktMtJ1q678owTplNhYgSoWFszkZQJZU+UHPaxqTdF1lMQzqTAAqAZYlQKVWZY7ZoUTTlaCqCce2oEqV2Xcts2QJhC1pOw5S1VFmr1VoREQJGJlrDas2lKBzTNGSJLmoUkS42IlBLNw/OqXZh2uHufdunr/25n/uFl33Zl10ul/VQtVTnhKOUkvY0jhZTa9hSKDMlg2QRIRXVllPDtZZMl4hQhKJGTG5uTao0jzmBqorBUILJjgCTKUXiaJ4w3axvydQmD+lmZ3b9LEQqyYxQK2DjKEDg1iiBU5JBEUrbaVlFTssmitN2ZnNKgiKmbJlWCJClGm2cnM3KzIlSMRGjCKRQYNrUbFsoU5QIbCIshZPMFoEdLZ2ZYEuRtihSMwLIbFlrYNkNQtBaZmsqgmKFjASKIttgShRZdjMYW6G0IhSutWvTqKJxub64tw/+vd//rVq3hr2LwzjM+zmKbMLK1lTCEbPZzIpsk4mIAKcyW3PaOcW8F2Uaxza1Gkyiq50ERGstpwYexklI8z6sELaiaBzH2XxmGIeJUC2FzGZQI5lsgqpiZ5KhislsoZBobRIVY0FEa04jZemqHcaiZXPzWKKIKCGbJJ0M0yRTuihRM1vBUSp2iRLOxJkTzSFlc61VCvrAbcqUAkq2Cci0E5qQQyQiQrJbOgQ2rl11tmkcpailSEo7jSQJK3CLEEkqiwmqqmzZYKcTRCjdpmylRNTiRtCIsN0yAdpIBGkboa50KUWb5psbmeOwHtrUvNF1UUTgBsiZRlIUraeh16xlc8voSkQnpZtxmixSKWUaW7bRSHKJElECVEubGkpnYtEcpbQ2DcO6OVtrCtXSIZdaohYaVkYIRcuppbO1KtQVlaCpSCJCbtI4TqVWCeQEE9hC4zgSDqKWGrB3sDefLboyW61WyqSfNU9FRRRn1iJLyKhEtSQ1j9M4rlZTtq2dnRJa9F2I9dTaeh2lm83mlkuEbTIpIkW4ZKGqjy6dduY0lC5EtKlFaBpzEl242RihUuq4PkoXaGlLYeU4jOmcpnHWzWRPranSqY7rlcZQyIkKXS0QXbjf3HAyjmNrU9cVRS21zLogbUMy0cZhjbO1adZX41Cp4HEaFAVSodbarOsVsVyuh3FVSyVUo7Y2Wi4RGSoZma4CKYmudqUUO5Vgd32fzqI6ehJunkpate9mFXJ1tE7nlF6UWmq0hKSKqU19N0Mhe71e257N+66vEF2tY0vsWkq6JWZso1ubGpmLxSb2cnVkZ47Z9bO+zhy2LdVxXEeqm3e2W7ZmB229ZtZhWroN41i7WrpoLdO0acyk75S2J0iFUvLU3Fc1FKFxbMlUayfLeL1aGvfzuSR7aM2mDC2FnRT6G2+6efv4MTm1NVftpmGahnWttU1WWBRLCrWGs3Wl1iyukURrU0IJ23S1lFIyPY5TTq10s9J1wqNzaFNnh7pQTEzjNMrRz7oSYSLkbNmkwNRQgtHUIFumk7AklSgZnrK15dScJAraRBiVADJbMzIUsBUYkCTlNIU077rmNrYM5IDWcrLlcJmcQCGaMlsiYWdayhBIMg6EBQLsiOJshFrL1iY7w6X2PSEAjGlW53TgJoi0WhsnYyMcpXT0EYVOuOGMKBnKTFAgddXC45hEDRpMbSqKnFpLl8CGkKw2Ta5RygxEurVmsnYlMySBhB2kyZwUUehU3JJct0kqUUqtUshTicjWoquglpMsSUKOli1bZldqlEB4Sru5pUph1GpY11r6rge31iQXRCl22oSMogat2agQoUxETkoIk5ZKEI7I9NTWuCaQLjVQmXKylZMpU5SIKGNbO6MjpUDgtCQpIlbjmkupGrUUIsfJ862N8Wi9XB11tSMCAkKhzOasJAaKwopQIk9ytOKSwzgWWqaw085QLUCVmp3ZQGkLoch0mAyjDGRUqLUL46Jo2drUkLrSd7W0qaUdLUdHFAuwV8PK6a6WWouN0dSE1ZyaMrpaCIfITGebLFSLoLQc7WbjlpIUwq5RXbAdmY2WoiABRAiVIk2ZaeyWLTOkICJKkYahQRgnxumUDFKoRC0hTVPzlGVWx2lSZiml5aiotXattYgYWyZZpbRFATITIAvOqNEbbBONSYSK7CmAINMkVSVtoVIC4WyJqhSla1OzW6l9thxWg6nuEmaSbeXYnA0HUq1FVpRo47hcD7VG382nnA4O92vtH/nIx/zET/zYW77l2x4cHJ04eSJK5DBmZpIRIdzGUbXWrg7DWHENGRRqmbQEF2lqKQkVSNspShRMm1IKyU4rUNScLBLcpmZQKJNSgymzuduYyVoul23MIhHKlslElBLVdtilRksysyiIEkGm7LSRrAATqq1NRkYGSCEL7NGt1Np1/dQaIEOQrQ2tGYWqnUUgoc42YGuamnOSIkKkmxoNqUiRaWOwCZwhSbZVQumUI2p4amQaSimlKkdnyxQkmRmlSMWtSZm2MlOqnYgyjo3WImoa2SJotiCJCGfWEoer5eH+UdfzSz/3yw9+6KOyHR4Mq0JprdUSdqizU5kWbo0oDcKZjXQiZVG4kG6HB0e11LRDmhySFYGVZBTllEZCzjaOU40qyW52CynTLVu6dQinJXCo0qWbbTsgojQ7HSVahs3YpnEcNue1KQpymEwkXGRwqoOxUpwNp6OQrTUnSDBfzHOasFRUVGyn0y2RZLJNw9TCjhII280pmaRYkJCpBtQSIk0mYYyVbWq2sZTNkHiaVCJCKgoVWmutgZrSzbWrUmARKkqBbKK6jSIskS5dVYhUKSGUzXZDCkoEZI5ON3chiUaTOkKRbtK4XjVl1GJ7Pa6jlM4CAbaFnA1UI6ZxiBJKMNnG0tUxx7SrZCOptWlqlqRCSBFqzW0apUBFbo6USiDV3tnG9Rp7sbkRpbZpCqmUrpWGqbUkpmXYpYaIxGqJW+lqOtOZrTmNElFCKFqmake21lRCYMQwrtfr1azMy1wFNcU0DOmMXs0hAZazTWQjaX3X24zDpKrqblitZ/OZzWo4dEMRckbIaJjGJG2HnagQFtN6nDQa1RrjasiizdmizvthGFFr6Ux13ay1NoxDiVKjdxCThpwsG2rUEoFiGNdqzjZF14UwydQoXShKLThby9ZaaaX2kc5Sau26cZraMBRKqR3War0ep2UtXd/N+84qpaXbOFZMmr4WkHHYINtjG4Zh6LcqhMkSHTib5ot+imm5WtdQ7UpEhMJyawanSq21K31rQ+d+bGOx3drooZ/NMt1sRelUUBLKcWrNCnVRWpvAKlWFnARRorhMzVMuM8Pz2SKzrY/Wi/lGFx3BahjKuCoqUUqoZKYU6WlWe1uN1vfdNLXWGggxK1HrbGjD0KaCJPVd15W+RBEas4UoXTGBp1p7KyU6utLFtM7Slb6r4zS1VVsNU9/3XZR1tBIR0rAe0u5dXNU1tWEci6659kw371fLFVKVlGkaMI4jluxSq5BxqbVYbUpFBDHmyJSzOiO8Hgc3RrJNrbUpSsnwuF5HKEUISThb4tZKrSVKmqpIe7leSRYgPDaqJBJlpptUAAnZDctukkottqVaomWazJQyM6CUjsI0DCYkt5YRCknSMK5BNaJ0tZTIxtQmOTPTdpQSpbqNLTNC4LScmZl2lOpsVkihKIUmOxWRzlCkU7ZE2G4AATI5jaNdSme3LqJpGiZCIk1EWJNp01gUzW5TiyAkY3CIKKVltswoClVjopUoIGtypkJdlOYEtSmn2mSMBdOYpVbJiTKnUIQBsEgoGlrWiDLvlsMgaR5ht3RiKcJGToUzJ1KyVEoYMrO0TMsqXe2kcVinsy9d33WYKOFskoKCw5mK6Gq4YVKolhA5uWUqM1UCT6AkZU3DGLUSQU6NVojJbmNTKFQkk25tkkIRPbOJqU1Z+ijWeppqIAlHUYw59dlHFEVkMq6G5qnUOtlFwrScJKRSui5oU8ucEilHkZPTKiXtfjFvUzONoEZnyU5CmZYUUVQi0gDNSXNEZkqIiALGRqaRAaoVQEzjBBQCoXBQCKWzKCjCjENrbhIiQnZ6aonouj7MmM6GCrIthzOCbEUQtaTTJEQLi2g5NSemSBK2U5KQKKVTaxD25MyUMlSniRJTNjlrX4squGWWGs4qhWTb6ZY4EmHDlE2KGpIooWaXrvQUR2E1ZCYg2VNmDuM4RZkRRZbSfa21K9OUBSHJ2Cmi1FICpXNqrRER6VTfdVGyr601TEF9P2vZiuTWGs42jtlq1lIEshM8NSJKrcXpbC0iNjc21uvDOuvf5E3e4iu+/Ms+6qM/9uKFiydPnIiozS0oSYtSp5bKsaqmyUQQRZnOlLMJIwmXMrNprUmZbUxZDoVsbAQkOCXsSA+Sai1CGAEl7JyGYWqtlEirRElPaTtVI7AtnLSGsB2hsMgpkzQOk4poQWTSkgglpJsAcAlFqRpLZiIHMkmEnbZt5n0/TqOzuKUFFpdljjhECFSKwk6rlEZ6SjAqUSrZ0rbDtoRcppwkV/VWpg1IVpakGbdGKBWSZJoxSApC4ZyyVlGK2oTJiGjpIqdKcdqupcs2Ltfj8uBIxE//1E++9uu/4bS8NCyXXZFyGpsBJE3R3ErpIrBTAkmKUCS2Iwpuwq6llFrnfaW1htrUsqVBGEAqEbWbTdMYqlHC6cwEVGsbp5YuUaIUp5uboVCKohVna9lGUR2UEk4kZyLHrHZEFCeiEE0mJJCKlK1ltgzVWgMy0yZD0bIhFYDiSBkrpcA5ZYqIolpKiWonoXSzNI1TuAV9iwxFihK9QKU6bQw2KuFpcohSqoOCiHBL2zbFkW7GpRRkslIaAY6WUykV1LJBVNJIgIgoYXvKKBF9Nw0jmSIMmQOqihIto+9KKa1N4ULmNKZNSAOtIMJRuzaN2dK9CQERYUUoJJWoziYKtHGaIoqH0ekCUcPgdDqLwuQ0GmUoDEK1lrQJBdXZUln7XpT1sKxdX0p1uo1TK6EIObFMIrdsJUo3K9M6W7YSRSooSGemCghaWoxtFKpdH6Esmplm2ykiSr+9tVP6rqVL35GTm7voFQqp62bTNIGGcZAVIZxAKVG6UlWNi2K5XqXV1VJqBRmmNglFc2vjlK4KgzG0bBGFSJVa22q9Zl1andoQUbuwVEOhyGE9RS8kZTYBBEFLIkotSKyHlAmlUbhEUQSJgiIdrdbT0OqsEKVNtqyARCbTCZ4GRe0qLaOvXSk1gmaKEtVqwI5MoyIiIqdpHKYSsbmxNZ/N00KehrUlp9crIEtVRGlO0lPSnHjq+65krMeVQnbihKg19/fWq9X6zDXXRC2LeR+lH4exjUNOLVHfdZPTQjaS27Qx32jNU1tbSqyUaqm2IErX90QXEB21295M281FgWLWR5SYpilUprTHlFApQRjXkKhTWknIRPHUFHJhai1bRuCIWkpLJ5hWo7gom8epNTuasrSIEt0scoKsfV/6XmIaxwgT1UU5TlEjYpbNRLSprYex77qmOFwezjcWG109PDpcr8bZrE8hmolIur4b24SQpCEtO0y2Yb2mdxezNk6ttTrruiiTJ4guNCU2TiuQqkQQTVMTStxaQiHdzR2QEyFwjTLkVEsHbrYbFlgIGgarUZBE8zCOBCU6glqUpTa3sBJnc4icmmVFqVECtZa2Q6FSyGytCWfmlE2oKBrGZGYoHMrMULilBWrYtRan2zQZu5lSbBtTkglbBKo1Qulpmtqsi3AZPIS60lfSJjOztdZKcSjCFDAkAksgKUqtWJOnzCy1L1XjNIGIghMiirpZtaccJhVCRRFMGtejQqEIKUJGQKkVbFJpikCLvo8oQzY5BVZIKO2QMkSCDDlNhEotmJaTEkdIlK5To4lu3rtlNjtdopaQiCmnkDIZW8qt4SIFkWmESogQRQKTmQk29qSQjOUakZlOTEPCQkJIVkQhUlYy0WRUhOnmsy7r0CYUJts0EWUcR9K1q7ZtQHbLJOQ2TiZlO1NdpU0JpRYZpNYm42xZsjCPgsapyTLgjKiFGHNCLqU4s02pQCpuk1VLyM6ptbRrKEoR0VpKxko7pMhwmDQAEcJySOFqNyhR8NSKwsbphhGlBAqwkJ2kSoEouMmSw2GZzCwKRQEDdsrI2dKYUoqxnEalFJuW2eQEGVA2R7UEiUMkGS0bMhEBCRZCRClF0bI5W0jO0VmIIJNOoQCSVERSFBi72bQSndNqDTcpgmjkmK0vtNS0HGpfLERzqEYtiubMTMmZBCFl6WtQBNM0lNKXzk4MQpmepqlWdaXO5othPUxu1VFLaRHTMJRaP+KjPvrChXOf87lfsLu/e/r4qZzGJEFI876fsrWWNaTAkEZITpUIyYK0c7KQsa2QLJuCHKGp2c5sowkhkCk1ChGhydmcgUrXr1frVIqooQihOq3HyHS2xIWSAXbLBDcrhBRBykohGyzLqJawIZOSUrGNccspp5AmQ2Y6wVaGlaZEjVk5OlpCZkYoo4SbFcJWRDqFFVEcCuHIxM4i2c1QIlIOh9Bkg8PCGRIR09CsbLSIIoCUJOSEQFKEMlMhLMw0jZJkO1sqZBC0cWxezOelgOv+/gXgu7/nW9/0Td58Wh/tXTq/mG3kqDrrickWxNRGO4sUdZYtsyU2kiKMUUqlaUpRu85CiCjFTkW6hYqkzGyZmRlRQx0kCXaUqBGgKVJSqbKZnE5HKMMkgAQKO23AgC05+1kV3TQ1AZHGQI6pQimeprTdcvKY1NKaVdyVgqQS2do4jLZVS9h2GNdS5n1pmcM4lOhrlTOamydPGiPUlVmJsm5TGkEt1UJumCYXImxHzGad3bKlmkvtTE6CbKCWLZ2gGoJSwpnFU6ZaUUBilFZxSESkjQ00yS2NS41SaxvXRBHZLBnLJSpSaw1AkZ4Q2OmqkCNMulGijm1KozRQSyelcGZLF2wwkuyQTUSAGIfW9V3XldWqRYRKtbNlygpMlHS62WkrbWdrDeTsat91fcs2TU1dDQncbNwMOREgaZps0ZVq5DbJkj1lKyohUbA8LZNw33U0xhyFSinTlKnsSu1KTZPZZBUV9QrF1FqDcBAah0lB1xVPjOuhn/XRM02tVYSmbIlDUlSETBtadBRFk1X6tN1sg2I23yhF49gyIibm24tQrIdhHNvmYpaeWialiehmBYrI9dQiVLtO6egLxLBah7xYLNIeBk3NRapRxkRktpZWqJSeUkpX6zi1IIJAVohUFLd0G9bY834+tdbWQ+nnbZpqBF2pRZElspT1eh1OlSK7kTKKXK1WEqis14OidF0d26BEJTIzSqQsZwmRQbL2QDMpm5bTrOvn3Ww9G6fWaDZGxbgIRQzTBFbtZ7UDK2jJ6FZbJdwGirLr6tRaXyvOYZzkrCWyZVW4lExqyIV0YiU4s5YOZTGTMqWOQHamojZPOSWUrquZObZWGk6Pw2g8X8yl6sw0mVMbMnrRRHgcpi4KJRLhrJVhkKdJoVpjnKZQqbVT5jhM2VotkgI8TaMUi3kXquM0REjoaLVar5YmJJwZJYjqHMdsJYpJY0oItzZmOkpN42my3M16Kq1liVBgUyoRpaWFI0TQMiOKbNBsY5Hj1JylllAl0ykFhIvkbInCchhbSKiV1ESKamwShVRCBM5sU8GuUSVynBCpMHS1L6W0nMaWzhSkHVFKoCgmszUbMkeS6IQjBEgRaSAjMidcpZymqahElJZJKKSQSWMDxgInpVNroUgAESrRdaUwHA0OopQoIYqZFB0Cp7GRnNmIoqEl6QTS07RqVSZKRIRaki1lu5TiYouQVNKOGnKqVtlBlKI0YJVAcmbflcyc3ELFdmuTFF3plKmilIfVGui6DufUshbJ1a1NU7NUQpkZtfa1urZpSimMx2moUU2O6aACkxtpARYySSqqooScaRIsAmwUCLtIDTAWYQNEksiWaA1K4iIQ6vous3kkSilRATylFYCbrSkdMZVSCU3jWGsFkuZEIjMnDwYVKWqJCgYHTK15mkqJxCgIubkFTikSR2tTilYgsTIKhlJCmHRThHG6OYUkpyQEKalEmaaplMDpkm6OiIjSpmnKDNXoZNPWVky2Wra+6w12AgQ5NkSRJTVZAiun1rJ1qqoqpWRLZ3NECTWT06AoRCjtNKI5BRZCkjCBjZ1Z+z6sYVyvWytVkrAUUpIkpXQ12oAkiHQLJyVI4ckuRGnj1MKz6GvXjdME1NqJMutrrufONk1TF1AcRKYVNSxVMxINSg08ZZtW0+b2llXGcbJZr9cShogQQiBotlIRpdQg+lk3DeNqWEvqo0sVIN2yZa04Sy2VCDCtHe1d3No+/Rmf/fn7ly591dd8w8VLl47vHFuuV6VGgAWZU7auFpLMRLaQFBKiRIxubo1SogSAkZBIUDYpIFvSRSRNBFGCaNnGpEgkSYa6UkLGkJmZaVxEipYJniCKaq2muDVnNogSThQqhJUYN0oBuTUjhZVtcigF6RDGkdmcpFUURDqxV6sj1U4Cai0STRHIQGs5tjFQaxbhTE9ZaokityBgCilTEoTC4DZBEjUz25SKKF3JREiQkiAzo+skY0WRjYCUpPRkggSEM51F4GKy1q52XXPed/ZepG/+hq99r/d8v2m1f7B3sZQ6DGMpypaWjMIYIEqtbm09roMoRTKZU9rOlgmo76pxpjPTJrOBREQRRBiH3JyZpSqnhIwazZ7SbpQaJFNLPFmuCqlYzkwi5SKMjGxynFpXq0OttVDUkBXT1AgpHMZ4ahMAIYVDaSkkACLUmts0Waq1azk1kQ2HIULFmW5Ojy69JE0YSoRKrbW4ZZvGdBZSJGZspqVsSqbTqVDa2E5nZiPTmYZSo1DSmZmZCQaIwAE2cssiNSnSIGdmGmUosrUAKCZVwgPZMsJKJrdSS0hjSwVKS+q6vuWkrjgzM4VsWYQcYSkdAQgkqUQtNUC1mlYU6jsQUtiTWymllJLNmLG1DpwKYREo3UBEQIK7UodxUstSK/I0tVJrKdGVkrRpaFFE6QLIKbNN01RQ6UIKN09peXQiUAhItxq95oHbMDXIbK1EUakqyiknrKpOpUUxdibkOOU4NpSOmplR1NWuRJ3cHAytFVFK4MkZqtF3/TSNOU0QtlvLqih9lWp6JFFRG8aEvhbUiUmJFeM0uQ21qtS+OSEUytZUo9NM2PaM3m6I2tXJzVPLnEotUza3TEXflZbTchhKKBSraSpqtat9nRMeptGZfd/n1FbDVAghWV30bsvS1RJlPayBGCdFWBGZlShdCGWJ8JRKS7HRd+nWWjotUNCVkoi0JHXB5G5enVaUUVmjWFoPQ9/1UWNoU9f3s5hN03SwHEvptra7DJcIouW4npJ+1nddtb0api4zuhJIVlf6jMx0qaWUApBtWrduNqvhtFJqU8twWCALJ3IILIdkNzLSrlGGaZw8TQM1yqIrNGWUIsb1uoRmXR2nISj9fDash2maZjUcNbKV+Rw7p9ZMKSxm89bS6czMbFilFkLjMDSX2axLM4ytC1SK3dSikYEyieIu+kaWqNEXT25T9vOtWkOEW1qU0kbJ46SicWo4IzoCFAFbW/M2jXYWlxqlTW09jfOuR4GRaksraTZMtcy74kynHTZSqChKTg1cyyxIp93UWpaodpugqAQkLhFBaWXCmVkIlypF17KF3TJtMgmlLLDTIIWQkJzGDSJxKUEgk5IzQ+pUEM0tWktJlJBba2AiaonMSDcbSQ6Y0ukIIdIuRUhAqWHsaG2SabVUooSoBWcKpGwtS+2oVbayRqE1mjMIsAKnx2ZSKqoKT81tbJNKlTGTkMAtXWQEmMkZjiiqFavlOAxj1xVFL5BtZGw7olLFkJlTqBaFogxtKERQsDMzIhQSteRaUaPIrnZEUEokGtarUmo3q6XZtnBXu3R6moiOAByOhOjCU5Y0nUI0WsuUCJVUTmoFuVgNBaQkTJJuRkWeULFTYOOgRIAEKmBUinBMOcpqLU1IOF1DtdZpylSWqFHAOExTrcU5uRZJshJHRBunZkcJK6TAliKQiiWQmTJzkkPFUWSpKJpSRGuJ1dxKCQI1nJmSEsslShRhJInIbGkrURQ5x5Zhz6MbcgRbqRYtM2oU6ugpIsY2hIptMJKhFuFwUJGZmjOiODOLiwSKkNRJTrtNg1Qlt3FUKYRKCdIpB4oo6alNLopUUgROXEpRCJROsO2WLlGyTY4apaRTkgDktG1b4FJKdWmZk6g1OlWgq51qMnalKyJKkZHt5uyipG3SY9i2DFlrt7W92SaPQ2vTELV0NQZlDk0RinBaoXBZD2vjWrquFpvDowM31a4rCormtU5TI4Ec21RKmdpUXOV0ca7bhfN3HT91/Zd/9Vev2/obvv7b9i9d6rc2Q2pubbmOGqW4KAaPCFmYqFEUrU1TTtgJARhFaW0MFRWcmRAKKawUlkIoSuSUaSvUsilqLZGtSWQS0pRNKCq4dFFSlqSkZZvIgiQh2dmmxM5apHTLUBCemkqAJTlJh8DZMopCNd0SR8GmlBKhYZyKIcI5SUFIpK2c0lgRUVWyCIRsW7bVsjmR0llqLWmyNUulIpSERyaPUBRKZ991pmSm02RzWoHblHYQplgJiEwiLIcNaUiXolq7TLKV2kUbp3vP3gd869d/9ft80Iesjy7t716YLxbr9eEwsVn6BmpGaVnZDNlapjsVFcJFVUZlao1wc1S1abKSlEtglRpuAHJIXqdrDVW1KbFr17VpssJtStuyxyhIBdml1mnKUGLZjUmTx6IoJZoBY9o0lVKNJ2ck6UlonFqNGqVkJs7a9ZaTkF2KQ11r49Sa7BwzyVCJaFYlR0V0teY0jTnVvswX82w2ExSV6BQKSXJzkhv9TIJkSAu6KFlKTlPaikpma7JspxO7RQHJdssMBbJlIeyIYhulJAVYCZVIk22yBM7mqC5RsK3MJskqQaYtQspWaiGRJqyWreuCEBnYIErNlnYDHKVEkSQncHi0UgY5tZxMFUkmNZyZEHZKXQRFthOiVmWmjJwtWxs1m2eCXEqWWkJqk2uEQwkRQWZrDdws28bpnKm0dCnF0EmlRhtyaBOBBKYoStdN07o1lVIlahc2mWRz38/SmTmF6jiultN6sVhEVYqiOo5jG7KvZdYXuaSsWoo1jtPRdBAqfddbtKmlVEK1FssKigoF0tnGfr6BvV6tFWGbqamW2nfjelyuhw2TjWQic1gdhUqO1PmsL2Vs2cYhStdRxmlo64FaSsSwHmsoox2tVzWi67ukqE2ZUiaKNKV2fS1OuhnDanl46WixsTmbd54aJmaiKkZRidTh4RHyfL6YxrbOdT+bdbXL5rGtyaBRcUtqridwv5iTGqeliWE19n1x12VrQrUrIDc3e1ZKBqQzrUK4tHEsXdS+q6Vr2UIUxXK9Wh8tN7Y30nKzoozjOiBq18k4Zl0FZ1sJ16gtm0JdKdM0jsO6dH1IxkKraUir66qwM5EUgEqUqTUwOLM5iRqkM6klQiq1urWuCMU0YkmkpFoVpc+ccHFRqPSzPltbrVez+UapJd2maQopAqlkc8gQqZZiNqvTOFpEyGIYRrdWuq5082okY9VS2zSCpBimSRIQNl03C1J0CsCFNuXheuzmXVdLy5zGURa1hQqSgmxpwgrRhGstQhmIlDUsV41cbGwo5SZhR2ROYSyHnAWaVapJVEotQGsNqVgo0g1jmYkMC0QkSLZlIYOVIEg3q2BPWERzhrKom7JlTs1gh1OSyeLawmpplbRBdotShASZLTMNISlzyrRlT0SICNuBTKklgqnhZhEgVLCKi0oU3Cy7hYotO9etOQ2yKHKbEkNGZsOePIHDgW0rCqFIp+3azUtxG5JIBxEoopmIECITkbbtLmJsrbVpHEcDGmt0Ngqw3Rja2LI5W6m9Kjk5c3LLCSoqJfpZjyUkKN28FqXJbJJr6aEpXVRkcmjDONWSUnR9N47Dct26mRQxTlMQqoW0JCMMbigjVKJYliCRIgQ1nRFykVLFziTThLBDYVulhqw25ZQOeXQ0NyXQsrmomAgBUo2cUOSs75rb1IZSaoogKDGOa0NXi5PJzTbGoFCJyJamGRElkpZTs2WESinGEs7ArRUplC2R3FrXd2ASIG2ThIDMlEpIwlOb7AyVzIywFBGNpHmqpbRmpZFKRFe7sU0lZUEWTAg7SEtyS0MhUkyTMV0VtYCcRk47Qm1Kp6VQuNaaabdETnA6QZqmTGdGFIrcQLTJUoPAlrCRJFQikau7NCZzylJjNuua3VoCCtkiESpRBW2aAgEtMeA2ja2rIWThKVVCpXicMITTqlGKNE4TZESZpiyqXdc7W7iWvigiiBYjIIXtqiiKaWxdrTkmoYiqYiGD8JSuJVLCgTS2SbiqIJeIg4v3bJ647uu/7lvJ+IZv/JbV7u7p0yfaFCpFViiTViJsUhQAjW3KbJQIlQpOE4SYUOZUoxAKYzIbyISkcEsrQ5QSWE02OU5NCuF04ghkYTvHMbuoVFpOYCNnAylCKoomyelMZyoCEIFyyoyIUuo0NUnO1hLjGgZhp60otqeWJUSI5kwUzS2ytehCEg7nRHRdJ+w22SQWIqI2j6FQiZa2DSaVDYWlKB1TOm2wiJYO7HQJiTIxBqW1RAgh26Y5g7AtKUS6iFRgnA2YzaKtxnv3z6voW7/lG97vfT+Eabl/sLuxuTmNTdTtzVmU4kxVqdCmVkqX0LKBSo0pEyhJY5KzRCQ4W7ND0ZQM7vuaaZChtaZAslC2BrQ2rtdDVypEX+uU6daQ08YRtbbMNjabKFWqLUeczYkqqPSdlU63TKCrRUXZPOUoi1BXC1M6YxxHBTXUkmxQPdnCVYXicNeVIrBboUQJJEfBoye3iKgl3CdGrWUTUWBME25pTS1q4BRkKsIOK4vABDJpiKaUrQzVKHZa6UzbBjuKKFaqNcnp5hKybZRGsksBBEZtalJiCaRwA8mZigJMY4OUC7KtTDtH0kSxHUHLtMDgyS5SgABFtja2cdWaa1VRjMrmDEI4oqiWNk3KBLs1ogYQNSqtSaMiAtukkRyZzdlMhC1htyilqKyGVab7WifZmVPmNIxEdLXYbs3IQnJINJqdUKGEEnmcRtJRO2xPrUGJMrUpPTkzooCaTTo1llCpVXYmUaKWKCrNzev18uCo72az2UKZTaGIWqqCaT2uhnVEzGZ94mlsJUaqCFpOypBinIYQ/XzRxmE5jrJDkuhmHS0ItbFllK5EaBYKcC2F+YxxdDoiomiaxqLsu1mUkmPLUJFbCTurVCNEca6LsyvdoEGe3Eqt1ZJbK7WQTFNGF7hNbYIFzXXWF2JYr8fWCiqzmqJmKNfr1XA062Y1oqUP949qt2rjlCyO7SwOjob1ch0oVGvfaWrZ0taQI0lQS8cwZnF0Xd8mr8epBopSo4xRutINrdVZFFiu16Xr5iHsiUktWjoiSq3YpcjJMA6ZSdrjNNmEMH2pBGObnJYcUZVSCRfCIUg8DaOgRAdWJC0zSliTpDRKlymbUVgFBc6WjlKwWo41qrqSDNOwdkQtUVRx2kStlJZp7BrVapJChWJlj9xatkzSxUk6WyqsFtM4dX0n1dbGwKSjREgudRrGqUw4MM0gd6VXyJ4WW1vFTNOIyDShqSUYUWoBMokoCgU0SFxKydaMFJHG49CmzFAgbE9ZakG25GxpAyrRKQClEOkJoyJjg01ROKwEhJ1Tc1gJiJiSwE4cIWVkcdhTtiBSYYzk5mRyGtGVoJRpHNLuKJaULkXrlJwOGQSokQSEwulsGVJr2dIhkZnZhElbqcCkyszj2s3NE1hdbYMJhZimyUntKulxGgGhWisth2nIlrWrdiGAQlDD49SamzIiyAQbkWlFImVrRh1q6XSGY76YgSPDkWm3sfV9X4qWw5KcutKVQqZBfVezINmJRFWkbTyNqZBLh01ma1kiHWmDUAmFes3GaV3QOE2tJXJIza1NrXQKZJNJZqY8pdwim7OlDFJgk6HSMsBpCEfQUrZlpIiCqCbdWkRxWG52SJbVPIEiZJm0ojablgoJOZskR1FEaw2oRSUis6UVSqyiYiUIsJ2kCNvZmmRnAqrFaUQoSOx0a07LLrUrtaSQNLXErrXW0DRNINJTNqk5yKlJilJI1yqbzFZKEAGuXbHTmY601XICEislZ0RRUdpOh8niNjZjEWCCJJ1JIGtqE05nyaklGRKqaQiCSFrm1KwCVpFwSBGhmGhuGYEdAoMSISQyS0SUkpkt04mK+q6amNYrwIJ0QMAINCsg7QJg281tmKY2oIpdaklRo9AoYUU1tjNKHaeGHYU0tRas5tamVohaq2VsNw3DmlDf9bXvyGzrKWqZL2YJER7H5jFLH22ywk6FFBVJbun0lEMtdRonVJZ7F2eL7a/7hm8+trHxRV/+VefP7546fTJanaYJU2dBNivkRMo2GYeKTdCssBKiZYYS1FoCSATCEEa1lAy1KQ1BpJsShaZ0yITkkKAEbcIRvZykmzMJOdKpCOFMIgROwEIi3SSlm1ApxZnTOIFVSo2KWmammx3IcjhSqtnSUg4TQgoZSCQcEcpMp7DlmLKZBJAEKAOhCMU4raOUrvbILdMpBBE1wHZLqto0ZUSQSaAmh8mQElNwZmuOMAShzMaESgQRyPLUWtfVw/3lcrU8deLYT/3Uj736q7+Bcjh/7p5SSoERSyqhlg5pmpqbaynRRydNY0s3CDms1ozT2ZwlW2sCogRGcjid2bLWIgtZinRKGIFDtZQstTgjI0NFxbYVYQDnmKlW6WQinA5nC1VFyKY5QhExTc3gtALIUtVGPE2DCAmhbHKIUpSGzClCVcUtDSUUJTLTLUfcR28bUxyTs4MoigqplqSTkagYsmUopBBkNgI0TVOoKIJs2WwhhWTCCqLUmKYGQi0dpcpZ7MlJpk2aFCG5tYwIY4qCamXUMjaUjgCq5EwjOyTksMKiAztJT4FUi5AUqqTTTmUpXTGm0XJsOXUdEkAtvSRBiBJyOlTb1KhF0tRaTB6mydNY+3lAtpFS3BqWLeNpmLquoorcpmmYxholaoSULZ1CjNMkK4LEMlEKsgFac2nTkEk/m4Vw8zS2KVspNaehr306V6ulW0trLhlPbpocnbBE7eaaqZRaW5sy7aJaZwqNbcJTOnPILA2Bop8tFvN+GIcSpev7EmUaBpAUfddl5rhatzTQnCVLVZ2UUZxJWgxtiKlG8TBGKbUGaBzHUqKfdUer9bAey7zKAZmJIvpaW4TSLddk9P0s3QUireJpaHSlRrUUQWvNbTmO07yfd51q6RzZmu1WS7eahs7gnNrU1dlie3u9Xrc2RVdm/XxqQxtdo6gW4yRrILoyY1ZKtNaIMpvXbrYY10Nro8kSkdGVKqwU62mY3LrZHIuQLBVqdJmQLbPZSZRkjFq2jm+v1+PUhq7bnKap9H0tZZqmQMCkpJRKSGWYJg/Dcj30Ef3GRteXNll2podxrDUkeWylryGFSiOzDcroam+R09R3NVRFGqJ0w7jyqnW1AF3fkySGpLUpGyKjtkxhEgKVkLPWQmJsue9jHAy0HA1O1SrDejX2vdJTNne1l0pq6mMeHdg1IlVkZ2b0tdROuLh0ta7Xy/Nnz84XG4vNbQWtAdSqXnU2mwHOzKn1tShEk20QRISn1rrSQ47jhKKIUMlGoI3NDdL7R0c1ovY9nmRHCQtQidI02tjJ1BwREqgWZXrCJhWdnENrXQ1BuimUzbZLqVVqgBTIQYRE2C2NFALbblYoVCUHRBTbjnSaQBYh2SChzLRUUaIiqRRFydbAimoSQ1JrKHpwtmYbiookLCSJSKPE0bp+lm5tPY05lSm7UqJoTNMGq7kJBJIppetqOHLKhlSjj1qQK9mIxIpS0qRcJElOZ7RspGpVUWnp5hbGICjRlRKtTdmaCYwbJrtac0oKbUJVXSkocE7ZnCgxLqVEkwLbzS2nyaaEsk2YbEmIkKeUmNXZqKQluOv7tN3GvutKP3MmTPaEKFEVlJCQgUwsGoSkUExtzCiQkRBBiT6zKYqdMGWGIdMyoBJqmWSGFCrIipjcnA1jt9rPwkxtkgjUpkkIRbqVUq0oqHRd2M5Ma2otIjKzlOrMVCulKnFkCck0MputCAFQCs2WMl0cJeowrbNlrV3t+4Jaa26G7GpJ0dokBDS3UESp2abMLLWrRLbEUUtpiSQhrFJk5zQlspxywTYQcmaJGiGMI4QzbSssi0wHshw1PKVB2OkgkGSnsxTVqFEKrdltyqZxIlwUQgolJp3YohjXyDTJlAlCrrWM09RaIkUUu6ko0+M0RVHWwJk4JgOiKYqKWmZkk5HVRUGhAHcKSBIzNUKCBGfra6AyTqs2NWqlgbDtNoHCdF2RlJR+NnNiSQbIzKhEFEojok1Tm1qaUlISRGtNwWw+z2xH6zXOUvJzv+wrjp8+/Ymf/Gnnzp4/ceJ438+HaTCOfpbDWqg5QypRnWk7IdPYDpfiKCUTYayJVhKHwG40pUTLpoB0IkWAwRFFIsMIp20xoS6qlBhJGEepogls0lY2K1IUkJGzgZFxSDI5ja40l1pCIiyKsSOqnG4t0w6DwbaaFQRRq2zbJkNKO6eWTttFQpYKLVMKu01NgTNVCyrhbGmns0kQBaIoAUymxZRESLYlMbUpJ5eiCEWUTJytRrVs204hW/1sdml3bxjWD3nQTb/9O79+482PWC8vjcOREOnV2GxKxNSaFaFSS2cl6XQzmAQpinKc2lRK6WodaZmt5RhRuqhTZrFms0XLzGlIZ4lqKzNVIo0EqHZdB7KHsWVmVLmRuIay5dhGiarOATJEEY5aI1BIipDsKVszbZqmcdX1XZRSpFpKOjOtUqKTpCTTzUYoFMZILZvdWsjTZLt2tY3jehi7GoBqFMsop5Yu6SmILjoXtdYCwPKkIhQQmTil4mxQUVFMgORMFAQiG6GqaONoRaYL2FY6SaSstTPGEEogqFLtairH1VTAJSKTKqUInA1Swg4yaldMayolZRBYhEiQCSQJ4WZQlA43wjZAVKVdaye0GsaQsMCykcdxCNVZ37vU2tdxNeG0s7WWigAUrY1MKJRTTm4hCElIMbVhaq2PLrOVElGqW2bL2vW1dqi2aXROtc6LiBKtteY2tDGzRYQcwzQURY1OpWRzhJwK1agyRIkQdk08rtelVkokjuaWY6aliFBrOY0NaWzNUiqqoutnaU9tGqcxsvR9V7Ifh2UWZrWks5/PijSMk4xKkNOsVkoVFlFrMZicGtOw9swla6k120gat6GNCSb6vg8UXVmUjXG9agmEo00Tbs22XCRaa20SMDVHlAwanm3Px9U4tRWOzNZW6ynGvp+1sR2NR/PFYjGfrdfrWutqtUR0XS1dJ7k1NLYKrZbSqZ8wBmemclh3pXTdok3pCIs0i1k/pPt+ViJqLaMsM7bJY0NRa3jKllkgmzNaRKcSmeugtGGSCJHTpCjugoZxDZAkJE1Dm4Z1v1jgLPSlc2uehiGgRK19T4n0mJnqQmkTFlMbI0oBVCGnjHCGs9ZyeHhUysZ81k3ZVEpVTM2pcMuWnhW6UGuoRO2KJxLTrFqqQyFaKDOV2VIRkkP92JoFwhZ2a4kauO/naY9jy8jSFxoqrVON0Ho9ZKOvUUo9f+785tZqsbUVUSMUtUzTMLZWJExE1K6sj5YJfde3HBQ1jKUSCtyane77UERRSTUicaQzIrpuVqKkJ0UpuEFrra99RpumERVFwW5pcDa3NEWhSDdSNUxDAQpCuMlhGFu2bFVS7bJNzowIRQmyGZOJigiKwzJSpCcht4yo876bknEaTJaITEtSFNvZUqIrpaWlRDVwSGk7bEcptsnETZSGi6PgKUlPqcwxR7nv+pknVKJECRy1z5yc02zWNzOs17PFoqrYzeGWzc2lRkclQjCNU3OGhGQ3RUiK0DRNgKKSNpgQWWoxmCwhI+OIIEtTKZLDDXuajNPkOBVlzTpkiwwMzqLSbNuEkUMFZdjUzq21bK1lR9S+CwpizUTLUsAS6rquKJbrlRualRIxjCNkRimyEA6BMXZzGikskbazWbgRYSOElYCd2dLKKloiEilUUg7LpZBJhGQyI20UAVED29Su2JrGoZYOnG6tBWqGZgcBcnpqqYhQGLBth+SxWRIlcdiSCHAmgSJE7aJNbWxjVZDYLqVGlDaOE7JRkBnpVojazWy3aQIRSreqYN4FEcIAtnNy60ayYCIaJMJAOmUZaDmBQ2GkyMwS4Uxjp41KCLuJijIbEg4azVOECNSEJEKQrSGQ3GymoDhcorR0ZisKSSCFbFtOTwERspQtAUy2pg4hDGTLZoo8UnupJA2YJitsLLlEyUxCzihkcwTOlNNYKhSVJNs4JW5QS/Yx64qnacrWpnHq+q50fcFyJGZqobBZjStnzmZzcKiUQq1lxDJDy6k1F0qZAVEUdG3MgalEzPv+cHlotb7Pj/mET9g5dvxDPvTDLl7cPX3yxNZ8dnB0NCmBkMJFsoqghtM40k0UBJHYNEnR1TphUGJlyxYOyTVIY0Q6aqQJKSKcE9nUdSWitclYEIGINNmyBFgqMCnlJEvEpFBmiK5WYBpHOVprUYuIqJl2TmNIQrYTg0Q0ubUmoxoRBTukTMtIINlWohpu2aaRKEFEibTTGcI2Ip2hijxNEyALOSIwzhSFgERFToQQGIoEQqWFK0ISgEhJghIxtVS4q/XgaHVwfm9q+ZZv/qY/8EM/tLm1tdy7sF6tuq6LolBM02jUz2ehmLIlLl2osXbKqhE2KKdsCkI1VEoUumiT21QKHXaIqEUytCilICDktIJoOFBi45bZxlZKKEM4sZ2SSg1lGEvRphwZA5VSCuEoBQ3j4L7L1sBOpzNCRZGZ63FczDdqKSIUFtFkJjdbIiIIyUKUrrYhs01d6YnIpJRKONNIISLCYhpGt9Zy6rq+1k6iOZvBpCGNEgEkSdrOHDMiFMo2oUAKZSapFhGhWosazmkSGEUoZalT4CZJKsopsQhNmWRLp3GglDw1CaSoBdnpcKqQmYlDEbVOdrQkrQicdrOqSFvGSdaIiN4pLMBpSSG1bIVCIFtRhAS11BKldKWoG9vUaNkSlRIlJEOJKKqt2S0NskupoWhTS+x0iei6mqXK2bLhLDU0ZSrJ1qYGWWpNYr1aA5JIwqEgM6dp6mpXuiJqyCGamgpFERHjNFGK5IKGcClUxzgOTURUaZJdHFTZkfZisYhQaxNSa5Od63GSjXMcp7QVLpSudsA0DhOMYyulRNSGMpn1XZumcRqQ7WwrRdFic7vUAGzX0kWJaZhq7ac2DcNAVXNVWAoDbibaZGem1NUuomaQQ0tJOUnR9bOxZbapi06ldt3cbUKl9IsIlVpmck4tNbnFbDa3SNympqpwK1GT5nSVwlNONLt16rJl39VpmpJJWVbtaLaxmVObsjVFJ5fFLDLSWQhCQclwa5qm7CIqRfPSpoYCmqfWd/3UJqMoUSKUzpa0bKJQMnHLkKNlP+/6xQnZhkwTrRmJ2WJRSl2vhxpuyNgkaUJd7dowTW4RcjZEkR3R3CQtFhuzrjo0jelxKiUiopQqTZEoiuwgUeTYou9ibOvM0lSrPOGqUpUN1WIrPbXMKLGxuRlByZqZ0zBMLbsys+Rs9tSsMkmKcUp7rKWfpimbh1ZCHDtxYlZrLdFapjPHnNqY4zQNQ3R1sVhUuvXUogiJJkkUhR3RTzmRdF1n5JycRpaL3capBSSTm4oCPA5T1CI0jEvLUcISRoEIIDOjhBtWRtKwiKThIpyTZaUyiMwMQen6rgxiGke7ScWSbCIibYOsMClEJkF0XbFNVzvn1CSHiSgpwjm1BNwybUopIgApDKVgPE2jUlFKqChSRIZoDci0g3UbC8rMcZoys5RaCGc6W5umTGWASQWZrU1WBOkIQpEFidYSTJJ2uKt1mmRnUTdNU5umUJFblJItyVQoSkxtYso66+02NY/TGIogQyUVZWpNIqm15tii64RgMg4JlShFmekwHlurNabROY39vCul2HaRglC0nJQUVVUy0zmmpCwjretmE2ucmAiNo1WsDJNmdAIQEsVkmxSdwymXGmEngY1N2CZF1L46bSkinZYoipZJCblFqU6TTqAEmabUWtw0tiEoVVG6Iimi87i2HRGtZdrjOCapFHZRQRG0qTURRTFOUy1FCidTtq7rhLM1KSJQlFpK4nCM41RLdKVvzmka01kVSIqoRethikJ6cmLbiPSUrVFqAKTIbGmilFkpbkmm3cZMRTgIRUitpUIgBTIRJq1CNoeMFKJQVBRhtwlTSs3MtJEhQE63nKRQyCYzDZJLUTB3TkE4PbUholCitdaVkm5FJY3BSkKRKJTNU04q1VjGBpXalWzNEW5pOSKAruswZCsUigq0dIhpaipYAousJVQUkhtdqVM2Jo9tKiXAUWNaZ9RaupqJDNGmqZH0s144WyulBmEntEyGYSxdITMU6WxT0BMqaZLWaCWjOaWYz2bjZOfBrMQHfuCHPOQht7z1W7/juQsXd7Z2Ftuz5cGRSgeOGqg402FaOh2KcFgSOFvLSXRWy0wFUdSaaglkoyh9yDS3cNq2S60K7IhQIDCSbIGRAUlFQsZtsqRSZcItq3GJQmTa6VJKSGNr2ZpCshCWEpRYSFFQa05njaqCzDi1WgvCNjgkcLohuTUZCIHDtrGzpaUiUBEJFkXFw2qIUKgoIDBqOXWlm5zYQmAExhBIitm8tzMbyK0lzkJJmKaUHJSDo6OD/QOJT/mkT/6cz/nc0pf16nAcp67r+1qdbWq5mM2nNiaAnWmEDaoUiVTWqmwFOyKKCrTVsO76rnR9Z0qpEWRzS2cb7daSlHJsJapCADZRI1JJG0fTQrOmJG0cimkYo4hSQ5HOJJVCggKNbBNkOodpzFZKRGhWZrXWxB5aUaYdGUkGdnoY17XrC8hFkRjbbtlFN0JzQmk55ZS1q1W0nJKEqgyrldq1NmVrqhrGwVOrXRfKlGIydpvwlARFEmVktHFaEVE6sEJkOJoIkAPSsqIUOyLszD4KBScKYysVEbbHsdVII+FM7IbASrlGsRsopKwFe8qUaTGp9CEynOkpp5BQQWrOIkeEEqGwnJlMgJxBUOQ2RdR+vshpKiXWw0AqahdSyzZMQ9glismpTWTWWmxqV7FKjWyt62vLGkQIi3Qrtas1SnSZQ5oSkZKs9TB2ElKEUM3McRzalH1fjLq+lhIlauYkahQ5E6GCUU5ON0exFFFkDdNUSgQxrUbVYgeBoKgqbJGTSZdSQoRE7TLbNI5Dm4IoXSdna5PTta/TNE6rMUo/tambzWoXTtuOEKCIcVgfrg5rrZuLLfU+PDiqla1usRwHZ5bZDAOqtUbElIkLwdRSLadsJUotZRqnUrsKwlaq0fVFxGrlEoSiFHkaDtfLvlSBo6RbqSoRQtH3jjZNCW6ZyZhjixCZTo1tXK3H2kV1IkUXtEkoVJjXcs/e3qyW+WJzmqYytq6rxTWnsSl69+O4HsZV7ed917WcnMKJnFKEcprGcW13afe1BzAOsjUpFLQplSWCKYdKl9lSpXRRrNJ1R8vlsDyadbMaQa0NomUphLQaxq50XSmkTcpykmFhEkytpSVuU1rZJuyV02je94lXq6UkMeHs5jPB1EYyrHFKNmu1S6VlS0smV0OrRYoiSDebqU1FMQ0tihQRppRSShddmdoUULs6NU+eRCdJqgpKiSrlNFq69rprZVCItr+/N67a5rHNxWLDznHKNrVhWEfUbKnO/axrU6PZlDor2XLMRqYAlIxOl5JSOLOULpvtNaXUrosuQhGltGkULjVak6SppZ0QCuWYlELaRaXRrFKKbQhhBUoCqQtPhFJ0RW2CloQSo0CSRdqtNREo5agRzYlLmvXhqnSlRIDb1FqgnAAhlYgQqZYNVOSWGciBFE6cxk2hopBIhAIQGRGzfjZfzO1crdYt3VWpdON6NYzrEiE8DEOpta9lHKehtb5DhNNJkoClwE0lCs50G7NZtRbLOWQmpZOkzAwBbulmKzODbFYopzEbfdSxtVIQRImq6nRzlj5KCUxXZq2NxrZSOblVRVf7iQlbuLU2TipSyl1EtsmEilqmSIhSokZvSLc0cksrkswpIrqub23CMtCUJFCjlFo8tAhkIxEGSSalbA1FCakKSu3HYd2yKTMdNTTS5MS4AZMUlqUicCGbJTKs0XbLzkq1NrkYhByo2cgYIYW60jsTu6WxTWagCBMKqtVcnZmkFKHIlrhlGxNqrUplOmk2aYSAli1KsdR1XcDUMrNFqSIEFY9tmoYIpaQkQ5p1vWBkTAk3CAlZsgySQoVoRFjOdHryBJmupSgatoyVThGKEJIcSKHMzMzadUgSUtipEDjTynSJNLbtdBpJlsw4jVJEdS01MzOtdAPS4zAomHXVmWm3zNKVolJLtLSRsWWAcDqiRulrFzWjhIQCqYipZaaKZBqOrHJaEV3UKZubMy1RIsY2lQjsbEk21RJEKnMy4VpK2lM27FKKTZvGEGmX0GK+CJUSkbiNY+krmqYc+zojImqp2YYhx70L28fa673hm9/5jFtf53Vf/W/+4cnLsWxt7CiUmdmy1DJNiZKMCJkMFWezAYpqRJDGIpVh2wpI7KQkGa01BVJKISlM1NLGRrqRbo5SgDY1sKWIkK1kcoZCUcNe20UlILNN2Ww6ioUUpJWkspSqZNKEQsKZLcJO2bUilbGNXVfBLZ2Ta6+QkESdpskyilLCWNgASApJIbCitDYaR5au76apWcZ2U9dX7GlKO4FaZGRjGqlEooWV2AmSnEZY4zR2fe+cjtaHR4fLne2tr/+6r33393wvabx4/lzX1Y355jisxgTlbNZLJWgWbgZaThG9BJG2SDsKcmtpKCWnycZtnFDUrq9SZtpp0kkoCh7G0dnKrLQGMWZLenJ0KdSutAmLcWzZpn7WiVgPU9erqKUC262pLwUhZ8sSJaSuQ4qYLFAIyRgoFUqPc2xNIakaW7KzlHCmTbqRshxKmRphJ4bwOI2CacpSghrTOIKjVoVmtda+aGRQy2yCEsXFloqsIhJsVcKyUSkhQJnQ0kIpOzOcQ0sjrILdZEkkzS3cUjIKSEVpTjtbC0XKUlAwCoVs204jTy5VgC1sQ2NiCMKGFIFRIBXcItPCimJYjWPtKgRQ6lzhNraWUpFgSue0TrdSO9ro0mVLEooyp6jQGJ0lQ6VguwQN21NmgZaNiBKQwmC3cZqmCSilx16vhyDTrgElUIkAqZYsJaQyTqON5CldaxilkSHdMqUsKpmGLGEpCtHGJhGlCJUqt+bIdAZCGLpahnEoIbtMrfW1p9Ro0+QpKF0JCCtlItQaIfo6q13n1lpimwiZcRjWUyM9q7Ns07RuNUrYq9Uqui6iykqTzpYGbczmhmkcpJpKC2SVYIpsk6LQMrqqEJC0fj4D0jkOkxVdVJyWUpaLs01Q5KA0MkrpZ7PV0eF6PZauK6XgNDlN0zQNnebVTkVNo4impuZhpNaqiK7WWurYxtYoUCPGYZW15XpUX7q+ttamzFIianR9l2MbpzaNQ7YpI9xyglr6TJeqKNGa2zSW2pUIY4EiJMJqUxvb1Ie6viuljKuVa5aMghKGYR0luq6WonFqOTSBS0zjVGpRDbfMogQrjbq+TCPZplo6yGEaS2jWzaYcs0HC2CZlolokKpFjNrfWbGhQquqqrVFJZylFiq6WZiQ3Mqcs1TZINZTpaRijlBIRpDNUiAiVCFNLpUS2MYOIms6cpsiczxfdTBuzvp/PWmtjrg/2DpfLo/nmRpFK2YiuoEwrFFNLN5HZaLXUrvZu47oNtkoppRQiqrK1ElFDUukUAbYUCIUCK4vCAAmSUHhs2VEpRHNEydZQhiKTkJIMRMlsrL2EKAoFtsdsIfWly5Da1GzZyowSVkTLiVEqlFiv1hK1VEukkSKK3STSqChMtkxDlHTSgEamwYppzFoClbCxESAhLBKpdtFKTsM0OFspZVqnC7VWZbGaVZImMjNqQSFPkWrVgrRFAthOoXA4jCJiHBsmammTnelsEqFIJJDTlhSzKOqik6Y2ilKwC8JCqmotMxsUnDaqQSqIKB04oUh915USwzROHmrUhBQWRYWibFlKGLU2tSlLjRrFnvq+y2y2iiCiebIzbUvOVIRCOY3GKgKciSS3Ztdam6SWEUFEked9NyxXrY211BIRBZyWamjIZtuZoaKYFJFTAuMwOVOK0pVaSyatrUwhxJTp1toUEURE2gVnpltLd1FSJSQE2ZDdWosg1JLMhlyKkUmlMwgVJ+mGSYpqBGAInK0ZjImQFFFnfd9aTtOQpkRkZloE2I08ODwopcgutcq1LzE5PU12TuPUd52FRYANzVFrtrQymlUl0pMp2DYOM6VBAAYwAmqUyVNOrZRomSHCYTnbZFsqxaHaS5gWwtZka5ocsk2JNNmmbE1Rao1sdmITIU+Tawkix6FU1dIJAySQznCCKaWzxzZOJTAhe8opbUXUHicU3JJQKLI0c1moqxVly0lRbKZx7Gc16MOeLIWKijNbuo9SSqSLItyaSplFTbWWBitKTmkVAoQAZ3ENLQuxf+lwa8snrrnmz//yb9/jPd/th3/kJ3fHSydOHC+lrpcrpxWRVo0waWM1IiKwhYkqFNNq7RSWSgiypaRsFpMNVhBI4LGZKaViuU1ZipwG2yZciDQorBQqEUyt4Sq1TImu73trmEZwQyVwRDYHztYwpZQknZZEJia6OmTiFpIUzc2ZCsuapilKOJMIbMBOMJJwlFqqc0qnFUjIstO2QqUEQoTkEpGZLaeiUAkQoLSlTIfSaGpTlA5PxhiVMFmKSvjc7p6TF3v0I3/ip37iUY9+MfD582dJRDcOa1vZmrMkTgYUmYmIKCVke7lc1a6rUhNkCgu11iRqLSARLZP0qJQZpyFUohSk2byrrazHwTizqXQqyimbW07UEpg2Ts5WS4lSgW5WFWBMSFPp6jRmCbVopUgKhWypORQlIkrJnNo0Yfq+b62txwYUKoUSUaM6M0kpRATFShHItXYOS1RKurTWwnbNIgVGIk0mKaK4ueVUopSI1hpq05RzhEwEwumcMqELSbLdSMDGzZIVso1AZHM6i6oRQihEFnCxnVAzi6QQNhJQoqggy2nCuAQjUW3nNBlKFCRAqSaLKCVtK4TIqZEGWQQJEbKMbMBqadvu+lJrD8z7eng0lFK6WttkgywL2W6uXQdT567UGkVTy2oRGVGRhJLJ0ySFg8AoUoBUwk6n7Va7voTScmbzWEJRq6LI6RJk5DSNIxEKimXsCMbRsikVPE6DmvpSJEooZVS6Ei1RKBNnIikiQMXjOK1XQz/vSyVHLKKodtVDC8lpY4KccraxMWlMsu/LOE6kS+3s1pqxp/XQdd3mYiZYD+PU2NpeTJltohdujDm05tYa2MZ2qSVqh11rp5E20TRKMY6jspVaozKNY05ZuqI2Ts7ZrIdJVtd34zQJ1wxmkYPtdHQhtTaKsKdaJfWhMk5j5tSpRHg+20RZQdN6uRrHrp9tzrtWvT5abvSz0hVLtZQcHZ7SsjJMm6a6MSPdxqnrZpjE4VgdjWY0sbm5MUyTUXRqYxIxX8wkpja1qdVabQRWoWiYhr70tZSxDVK0saUopfQbCztbo0QpNdar9bgcZ/NZKRWMCIlalI5aI2Sqx2nKKZAiPBFRbKeoipYJjlLDLjWT4qJQCZNtVK0z6uSGCLllDOOqlFnX9VM2GqvVUd/3s35WaNksiFJwk0KK1sg2KsK0cRyi9LWGoLWW6Sg1nWmXKMXZ2iTVQpugr30UKcp6GNKt76Iyi8LUWnR9sz02N9WuMzlOUykqtUZGpof1kaL28wXpbK1GcZEcZVZJDy27EpZl1egzh9YSO6em0pUaEoh+3o/TFBFGOBWCTCPJdstRLl0ECk+ZbiCRTsAUFWSjKsaGFAVsRUlckiawSo0SEX3nTAKlRYgAJLXMqoiIaZpKFRFytGxkUIzVRbHALWmBa+kjAlO64pRzWq1AVlHtOtzkiK5ghmGsFWGaMjJK6fv5ME6rYVWiRomqyGxQUCOdGBxRiyKdzrSpXZEYh8HYzYoQEV0dp1GNrDGNQyZd10kRQa9unKaD1YDpZ6WL6tQ0Nbepdur73ggQbtmyTRlkm0rUrInUdZ0zS6lgT8VkS9mtlJBlZSEIBxERU4sSpJnakFHlxClHlWowjpMzx3Giw6gEcliBPbmVEkVhOZWeKH1pyWq1Ll3gmqjW6Lou2zS11lqGwkFFpauGbGkyoqTTiZWVAmFPESUABZ2wipEcoknZjFsEAS1TNZwZKBQgRyGVQQlH9JZJCxzI4aRliohOJpQ5KQOJkhhwQgnbUkTQMp1TOp1SLbVWSFsobPBk5zhOJaldxS1bhmRRa1UpU0sntVcQk5w5laLMDjLlQBmIgEQapxZRai3plg3bkONASFO2UFguIQuZzMSOUmopLlKmM9MoE6mYTItmiZaWQkEQpdZgSlMUVsvJRm0iwuG0opZsCTgtQ4SdFpmNJMdhwKVUUIVJzLuCNU7jtF5GqV3XK4qSKNHVmrirFTxOk5R21Cg0qdiE26hSZv1smgYmS2TLIk3TpFBEhCJtckpnJl1XM7M4psxa1JrNGOnVOG5sbhwtD9s4bGyf/IEf/LGXfekv+ZTP+IwL5y+U2u1sLaaWaioiNco1IrCiyEqmpkYjapEIhwLLRigEFMkSzqAgSdik05lRpEZXw5bDEp1qkhGdWmvZnJacmQ6wJAmDsmU6jQtyGCKsZMwUEoFB0OyAkCIUiFSSlkzKgCNCCovMlgnImBChUNitTZnKUguSStRS2jSpSJS0DZktkLGKxvWQUKJM01hcKGotQ4V0kTMISMK4diXlTnXKHIdhXK12xxH0Ae/3Xl/z9d8w72bj0f7+7p6q533f2jQN6y469dXOtKVqT04yW1PUUqK41hJyQpFMiqhFQ5tauhSmMaFlYrLrahpQZutmfdotXWqdSW0aCZEuESoRjszWmkoXTtUatQaKQNGlDQqRbfTYJgVWCYCQcUuFHJCa2lRIrLQDIRGqpUoRJQi3llWMjogIleYpSngqjrRVaklam9zVgqZKWHQZdmZr4OhKUahqaOM0DE2ez6txtiQj021cRZmV1jClCyM1NbsaKdwapCEKCFshtSmji3RKRTizOSgJtahUMjMlZyLbUQILY9mkmlJKUpmKQhQSiVRBRsIEJAZSBFZEOoOitEpFaRMmBZIgJGA4PIwoKhWUTpkxs+u61Xqwp64rgpauNTBRCwKkyDYNY0YttaVrCSmm1kR2pTjsqeFo2dxSqpJzSvdFRX1XHRgIFVVhZ3pqEbEah4hWoljVarYn4zQRQURprSWTS6HWLpKWObRlV0optZZKAGlbRUqEWnPLZtKZs1mf4DG7vkzTBArV2ayGRJGdjBkzaC09QSEVJaacyEmhMBb9fF5UFE7nxmw2DYMVRaFqWQ6gdiUWMLopc5imknW2mK9Wq5yotZQqWRm5KJEOuwVFTBHFLVtrKmEg06kcxnQWbNVoLqW0MZ12uNYuYBzHNkmitQnT9RsRknGhtRYh+tmi62Y5TWM6jENIBpOTRzCOUIxjNgRRpdrNJK2Go2EYAkcXXR+1Wwi5lFAdh0ZzqQqYpjxaLsehlRKhioKI1kbhWrsIORDFGMt4dbQM6KOvJaY2DauBZD5byHhqXWE+n9WuD1RKWAiJhGZnROmiWAaHNKxXY2t910cpkw2o1K7rac50yKWWXpFSRO26vnZVsqi1q6WPUGxszhazGWTLZmmcpmwtJCegaZrW69WYU+1L3/Wm2CnUsjUAhmloQ4bU1VnU6rTdTGCtx3E9DFObhmFok6XSzbvFYt7VWmopEc5EAJktm504aU7hccqpjYLMnDKbbDtJt3RObVy3TLecpskeSdfSKYoDw5STTZRi21M6BZZVuwJCKamEQCEnxukQEaQzbVxqqSoosKcxzRUWElmRA+GQMmlpEAqSQG5pptZatnQjUWtpADnT6aIaNbJZERQ500IKW5m2jQgHamkHYEiwQkRXsEtoPpspSpSirnalg7CzdrUrs67r+q4PNIyjyIiiUkrpZv0sBEKlRBSFaqlAS7C6+azU4shi1SgSSau19F3NlkwJjqiKCJAIakrp7GqZbWxElLQVMjmlx9YyW2ZKkSFZpahE1NIhLJVIE7YVksrU2jRNlhFTa21ay7KjpdNpt4aLqiJAziw1JNRRSsXOJmw57RQK1Mh0s23Lbq0NbRhaS0sybRrXq1WzM7NlwyhxCBMSGIeCWqN0IWnKHMZ1a81idGvTmFNmNoGTxJAoJTkxkpStZTrtFARCyMKZaVohatennWOms2XDImhTekpL1cUYJRJWBICNjS2nmxVECSxZFkRYkshSalGUrlPg9JhktuYUKqWSDhxkSzcywSQKlNPUcmqtpe3msWULKaKAbdtIGaFSawlZlIhSgpZtMumkyZZUS2mDx3GdLbFlo4harbCUTmdiCiIUpUiepsypkU0QEcalhKVApRRjBYCERUillOa2Xi7HYZhCJWrmKBwlulKkMqzX07i2UZRuNq+lNAuwsCMhkUqJUO1r7WqGmt1yjBCpNrWIWqsIQIQIWms5tcwWCginaimgUiL6mpktM6fJU5au72ddhGZ9Z1geXHBbf+wnf8pf//mfPOJhD2vTtHdwmNn6ItH62hOCMK21llNzyyZbbgApHCVs0gbADYNLCRcZZ2ZOo3CEsDJsy8bNOeVk11oJbBtUVFRC2EjUKHa2qU1taplgoyAwklozgUJuxlYpCjUbowibUhVRSpRApN0shBRSotQExlZGcFnaklGbDHS1SspMjI0SjCgGI4EJYRQRJUq0hhPbjUxFcTXIGQhBMk5tdXR0eHiwHMcbrj390z/5A9/ybd/Rle7o0n0HB/vdLIpKJrK62YxS29icIGWOhdp3te/mXd8JcnSJKoRCETWKQxYlOkybhqmNrVlV2EZRo699pqdxdGab2jSOU5umliK6vrbW1uN6HEYnxm5EUApDm6b1ME5jJuk2rldtSgcRKqVDgSLkya21iYZEV4pES2MCKco0jmmXEmS2zGmcMFZATtM0tQl7HDJpIrJNwzhM45RtmtqUQ5tyClCJKJ1LLRGksN1cqe6iUw3HuBpC6mqtRY5KwSWA1ixLAQqrTS2BNBFA2KG0pagiHSHAkoKCMmRb6bQLKITtbJm2M51OsBKcTS0hwE6wsVQE2GmcSgmgpJvVmkkAl5BACiKFlCIUYQC6fiEJNLXmbNM4tHHK5pCyrTNzHNctJxup2NnStRSV2iTkNjW7RakoMS1tZ6aj1pC6WqSQM6JKdstsGVEltTaFMQSaxrYep+bsug4YhyGdJSJUIwpBF4WQiBK11hpRapRuNqsRfam4IBLlmG6mRYiopTlXy+Xh8mhsrdSu9l0tJSEbIIVKjVlXVcI2rQ1taFNbrtdjy1prQBsHu9GabEIhlVIctkinm6NULFCmjSKCRHjKzJZGXTcvUcehgXJs43pya4RLVAUKWcrMUqrxOE2Euq6XWY7TehybCSAiQqgItZYoMbLBOTY7QaXW+byf9R1gabGYR3Q1atjuahk8Hu7v9/N+c2MT5XK5GqdWa6WZoJS60fWmjZnD0ESLEtN6SILBMWWdVWO7tfVY+tITbWpqQaTcagRWy4yOLmVIXKUSIYRcukDd5OxL59Iy7ZgkzWa9ECFlGwcnblPWLkrfueU0jUy4kumpZd93tSvDeohaaqnZchhbtqm1Umqp9oRKFUgq2ZpqL3s9Tc7W9WXKIF2jK12R1MY0OU4ZUYYx1aaq2nV9yzHdFBHEui2nKReLWVjDNNhN6pptKBGSWiOZPCpZk6kaRWUaG0QptVShIJuKp2nIzHEYayl97VpOAhQtp5ZEwYAsVEvJ9NTSrZUamsjWiJImNBERpYKlwGmKIpIMKUoZp6mNCXjKUYkptWA77CnTTVH6bhZonKYkiplyCgVIURDYiqhFKZyyM6IAIWywxnSRjaKEJDLTaUS61CgdU2tghWSTaYFpLVHUkORaa9o5NSGFlAI5WxosIAIrQuEikaJkpNPZhpyonWrpbBMSSME0Nac9KSNlkQlOp+lCNkmiKkDKcUwninTaRNGs74rqwBTNzSkp+sqUUpiGypgtIDFWqTVCKhaAVYpMpsfWojVZDqmEnW3MgohiuZmC0tlaA0dU7Mx0k8ro1jI9ZZOoXdfsiPTkGhWZJmTkaT3YNioKTHGJDkaczbWAijTlNGXaqWbQRDIZGJ1hSimZ6aTUEFSVMbAcjsxcTm3Wdwkmc4JQKKKSmU4RqUmZE6UKrFYiIGyDSSWW1EU4CFcwoqRAY5uwiYgIsEC4lC5jyskgRGsZIVCmZUKBCSuj0UBGYEcVjQha0hJyrLUrXefM9TiolAAnIUnKNqUNgd1KRmuJagmiWGayMA4nWNEVEmSp4CxRQmSR5EzTIFRKkTRNU+ISESG7ZBudIYkgSlUJclJTVGGlU0BLbAyEAsCSAJzN6SbcGuqiqLiQpgZrW25tCmGgkYI2TiiL+ikGRZlFTK2l6UuJvnho4CS7rvQbmyjAicc21do7LVtSo5EZ0amUnKZpGLu+gEqpmU63aEICMqC5tVZrLVETO0eHSCnCOBydaMJJykUREiFPLZ1p166cu/fukydPPPalXvav/+YvP/3TPu1rv/4bDg+Pppm3t7amaTKe2oRToRKBQiAkjAJF2hmEIqx0hpW0IEgjY2wRBEzTYIVUIuyIcZrWy+U4lC5KhkJFJiqZdssUI5nphKKsCkSSblaJtQebGqWfzVarVXOWpq6UiUQxDSMKhS2rMcq2o1bszITAJkNCIclImTZERJhGZjK11lpmpqB0pURZT5PCoBByGKfBicjJBkLNWYpCEtSub20yrRHCR4f7q6EV/CEf8D5f8mVfvrVzMtfLw/1LpaiUGmHCTgswdgqIIqm1yZFQowBkqE0TAqH0ZIeKhFHmNLVGRqhEkI1SwplBUQmZcRhLV0tENqVSiLCwoghaa0ApoZDTq3Hqi7JoWK9LlL7vW44RWWtnFcQ0jbUUq0gm1NSqapJCNhRnM62BC6VlTi3DGbUmWai1qzmlcVFRSVvZhnSAJWotCGohc8oMhSJLi4YsMrPUIlRaGT0Ul6glTBqkLiIoQgRRai2FCSIyB5RyyDJgSzbpiQhsFBEoMSQi7GaUiaEIcZmwpQCpgChoNISiRE4pQRTn1JolMArLkXKBDMhEYdSMMtctuz5QZCqEINuUJGDbTkSoJESUrhbTqhbTNNpSFKRxmmoUQWCHhBZllnbSnM5pGDPtDMIqEQYR4JCnKbMLulrb1JqbShWo1CSdpHNsrZQI1dKVGj5qR81TtC5ptZZZ7cc25ehQ1BqGzATbbcLZrLBcp2koEVKYbGnZtvt5VzVrOCRjUIiEWoRBJDbOyUMb0zlOqSiVGNuQKkW1q8o2CYlsLUWxADJbgp0R0dVqObNVdSFnOjMVTC2R+27mbIu+P2LVmpX25FIyHSILpCdZCvW1iy4UkGzP5i0xmW3KRl8QHtroAulGk7Rer4S6Wd/PZjm19TAUN0XIDOtRqNJiastMlYhJCmoG43I0EUzr9Xo2m0sehnXrSlENlSHXbm0Ws342D2IYh9amWEfKQbVEi3mdLxk0GVBEiQLJlG4ZXT9NrSsddluvMvoQUWsEZdJytXLL2Tyy2XJfClGA1dGyObvoMts4FTFC0DzlkIhGyFHUnGO2bnJT2G3eRYsqGIcJudRikx4JldoZkx6z1Sh22E3I0SYTU7OENQ1DlFpqYNsGR6nOBEqNxXxr5ZVKOC1FVNeI1rL2nUKeUoGjQ3hqzVMfs4hiD8Zd35WIaZpUgMjMGl1dhK10m6ZmqFWCWkoU2uSQKMWolBoVIkopXZT9w6EUd12vrsSUUwgUkmpnknRLso2zaVJGCECAbSV2hLCmzEzL2co0tWxTi1DzhEIRqVYiFCWnls0jDqHSpSdaqkRXOkWs1oOZGiq1FKIpEThqiUYzUkFNyBhDGmEZikoIY7DpFIMmAClkgrRwKsC0qclg3JoQkZmQSLVWW4w52ZaLwiJLV5xOPE1TNJrDJjqVKBgH0WpzRqnKdNDWOVvU1sAutUpl9ORsUTqyJahJEcvVGjyfhTMTKbK1bG2CrpaglHCkGddrSxGBkaRQEJlyttKVULi10RMqKASZbjmWWg2Qnpw4gnW2jhoFOVo2UF9iypaaBEoUsoGkYuF0TkDItKnVosQlSmtTUVgUBaFQZDrcVETgtCHJcBCoKWyF3IAcx4mWtokAt3QRIQjcmHIqpYTUyJzSgXBmS0UNCSFNmcUlyZAEFpZVIiQ3Wjaas8I0lgiHShduBgKcKhHJmGkhOVCG5MC4K8WW0+nWpgyp1sixKRM8ZkuoEASFNk5UEUE2nBJOm2gtC0HImZOpEbUUIJ1SNBwSkihkM5SQE9OaEcJNLd0CkUo3h6KUmm4gSdg5jZZsWssaJRTOllYRDSEbgrCTdJqQpRAIY6fT0JiCijyNjVDtCuApDShb0velK12KqFVSbVG6qihZ5cxZN48SUaJltrHZ9LVixnGKQESnGLJluFOkmcZ1LbOoXeIoSkebmiFqUebYElSilKpxcpta1/fdrLhlElabMmoUldq5utjNXYRtqRQ8rsdZX5fLVV3ft3H82i//qq9949d/vXd9z/c8f3G/jauN+UY3nzmNSikiArLlhBvUiIJzai0AFSpqiMSRThXJSkg7mlX7CIXsIJuFuq7WTl23WC8PPTHRagmmkmrIdpK1dEUtSVyMsZ1pZ5IZEX3Xl1qAGgVhG3tiQhQ5TRAETEqyCiLSGWpSRggjq9klFBK1GrKlLAW0hlMoQkGxHKKGprQdU05OW3SlU4mWrVIyWy0zM2FcLDe1FqWsD4/2lyvgJV7skd/0zd/+Kq/6ahG6dOHecbWaLTZDwqNBlkKoTNMoMi05QaXWxHJrUxqwmxOYlZopciJo2SIiIqIZpKA1R7QoPdiZhtKpNQcUlCE1lRqK2tqE1JXqliRRo5RwqMvsuprOVlugqNHRyciyiCDt5Xpdo9S+T+wpW1tTKrLtdOlq11qTFLWQMbUBIYwwDSJKsW25NStkq3RVtkmkotIyiUI2BMlIEykHoWwWtrOLGiFlTDlFgrGUEa01ksym2jmKswECKwkrMTaBAtt4QiUnVBgbVbZFYNJAI4koUVWsdEqhgMlpTwI3KaQI0lDwiALLJYOwjWjOgDSSkEKZbi1LlKqwW9ptIqwsOAGmzHGcZmEyi0qNmFqmU8VFMWV2ERFl3YYUER3YzRJRQmnA1ethKl0pdAYyjaOGR6+nZahGCUpkc0uHAgksRcspm0NxbGuzOYVznKKqr3Ucp3SbsBqpTHscW99XVHOasjWFxmnsSj/1kzMVtLVrXyIY16MLQDa6voZKm6aJFo42jFG7vi+2x9a0dtKmoXWhWd+PbRLUrsc4pyGnee2HcZxW6yZm/dzZWi19jRwzVCCmlq21CAm1xhhZCkJJ1K6WkqvlevI6aqxXrYsSHetxktSaW059nTUmT1ZJ7KiVlnIMHokSymlcO+n6OoxDaaq1S4xs5+SGSpQA1ssjqarlejiazeYJy6OjrptVMXaLWUwa2yTKrO/bkOvVSvJstgi1EuqjW6s1Wyoo+653BTszVaN2ZWzNbm3Kft4ZD+O6n8/6rk6eohQ3J83NIiGmllGY0q0lCOWUboeDRVernbXWWjp1Wq/W63EMpZyUUtWpqivYpTkj6PrOgyFUKdjNU5sCCLJlZjpdiwwmKyqEmz21lIqdJCrz0qlqHMdsWUtXomIcUiYmajGuUZzZMqVSBBFTa+M4dV3t+i5CtVYmskkRBeNsg00KSZJUqjp1ltNT33VTTm6ZKE0pRRmU2lW1LFNroSiF1qZMlxBSGqeRc0yL1lxrqaUO4xi4q13UkBSmGUoIWjPhwM2J3YYmAdUSiBLRPJJKJwJsy5Bu42S5lJg8VUqIdJKZzVQrZSVTKKSwnaQjQhEQtai1qpCgOdvUbJcIKYjW2lRVJEAhGQFIFAIEmHSiKdOh0uzOSoxRRChAgKOk05lIDoUrJBZk1DJOdltH7XJau0YYS11Xlai3pIhoSQ6ZOUE0W84ShWxTmzDdrFNEtQip0KY2TZNC6QkhZGdi5FKKTK0VQJqF16MqYcTUULSpjdnmi0UfpdmtpdOSWyahiM7ZEsuy6Eppk5ssyJY2URQqFQ3TNJ8tkJ1qTNmyREWkycwSGtKhKAWARFY6hUqlpYzsRAIrQhE4E5jcSpNJEUm2RqKCm8c2FkkRUnFzagoK4ICWoaqCU5IzFSgClXCmRFW4y2bICNHVEiVsT9Noq0XKEKTtTCkiwi0Tg1LJ1EqlNUeUCBlnNjuRcKJQpE26BRERgZxtmjJKJZ3GtlFfu4wwnibn2EKQzkhZ6gLE1IQUwg6p2VVqlc40XFCEsCFALW3btkIQzTYuDtstibAkUhBRZKyEUmpRS9yMMyHIlEiryEnaYAgFVjinopIGQEgh2YSU4RKhlg1nhOQgpVCJCEUzQBQJpADGYXCmotjuSplMa65qJMYRRbVMw7gexlpK1BIRIaa1M7Mriq6ES8huk5WKQBGo2aDMlmkJbCJqsaIolOmQKCUTyEyrGhenpZha8zhG1wGZDqDKxnapXSnV03Dp3G11tvEGb/qWd9xx1yd+3Md947d/+97RatHG+eb2rKvLYYiWaeMAZbaudmMSBpzCkyVnOkJpaCIUdgoLFalJktCEpQyFUxF0XT+OY4Azp1BYoYgokixDOJtKF1LDnqYipWT7aHnEoeq860o3tWGcbNOVjiCdTE01Sql4wgIkAkFmQ0GEbGRjCKlEWw/Z3HUlQoZwRA0LcDojSCiqtumqWxqrUGod101qtdRSJfppGltz2qT3DnanKbtSvuALPv/jP+ETHRqPDlZHl9o49Yu5c2ySp7FRZhvVo5VNERjRFCUchBWUCIVay2yt1BJREbUvJcs0TiHV2gXU0qXT2aIrdpoWKhZki9LXPkKRmZKnsQ3TMOvnmNWwriW62awgk21okmrtpnGkaN7PnZlunTpX7MzMNrrriltr2eSpRHGQbmQWlVo9NdOasa3IVNQSiihRO2cTcmbatcgOyZiIEsmUk1RTtic7W7Ya1XZmYmcQTjcRRCnFbo2pTW2aBKUytYDQ5IgCODR5mqapTaNKCQk3Z0apLWUyVBzNVqQpIptJT4UCTsB2KcWm1jKbL8ZxPQ4j6bRbNkmFkilK4lSBNCpSZmKlwLJRFBI5M6B5qq4Od33f1d7kOKxJIyiqtRiAUmsEmZlhozEb6Ta1Sh81lKzb1MnGImvMpmkkM0qdhimlrpYSyilFkUR6mAZFRNohoShRShGym4JaomVzEkWhopK1q1M6myElkSWi1C6zUaMgSPddlRVRSoSllICIiBp1ilbIzFKCyEzUlcystQiGYZwVao00QfGsys7EpERmG1arKLX0falFEeM4uLVQMVHcRLapJVOomiQkp7IObR2K0rm6tDatVlMpigicUknLbYgiS11Xo1S7jW1c9HOsWjIippZMcmVaj4lnZZZMy6MDMhabmzXqcliu1uNiNuvmpdQqNUmlFLeWmYSwq2oyucV6HIbhcGO2UBTAbhK1qq6au9V6GJlvzCWialgP0Xel0Oyu78c22USUEAqN4xSldqHRkxotWyj6WsdpiBpRapsahFsO0+RsIQsVIpVSBJrGkSon2I7ooqanBhElQtub25ltuVz2fd/Xbj2up2noum4+70MxZeKSLbNlZvazuWb9MAxOhsxSNes7222YVFUodCWUw5jGdsnIqQ22ur5vbWqt9X0fReN6rFHX42ps627WlwjS05SW7ehqCUrGRLZxGh0SpdRCZssWSUittXSWKHYbpgxHLaqlG9fDOA2zflFrhzQMA0Gz29jS7nowEMjYrWVaXakgt9bsYb2OWmZd1IiY1WyNbG1qU1ryqCBzSpeupKM5o6UqOCTGbB7pusCEVLoiFWi1FHBmkyJU0xmmeexKV2ZlHNM0oVK70tJS7apzGhtTqEuaGyjk5myjAYosj1Nzro2ihOxpnJCKlCGlWhvlCDG1xJQIh7CjkIlxZhaXUpUtnNhIKlgCC7uUoqJ0E4QscJGwM1LN2VprtrvsIkpKJM32NBG1FqVx2kZSqKiQRaBpGh1F2aJ3qbU1GlmRbbBbk6vdMluvzpkWaVobo9au62l2CdktKZW0hVzslgnyVLuiMquKBtM0ZVqBkDwRnVsalyjpBLVxIuhLxZFtam7T2jErfem6ropQpAg3K4RsjE1DEcmgBKqoeDJumU4ys0RFXbYW2CjtSEopRcp0tma5EBHKTHVFoWwTGbZtB06nXEpRmlrrZEySUWtnWvOYVi2lIEdKGLmVEuq6kunmhmnNOCRkIopsp+3Axi1DpJFKCaRKZE2n02kkhwjLFqFQjWyZ6VJLKcVTK5RJEzlFSKbUKrJlK1GAbBOhkGy5JUFVl5kOtcxZBKVO61bCWaI4Mx0qUZXZpkYJWwrTbGMnkgWZLW1FqUBEREk7iHQaFCEpk2yTlaKEkbGlCLIhWrYgSlEzniYpKKohGzcj5+QSFmF5aFMQtpVAKOzJllu0YgG2JGx7mjzr6gw7CDJTAbg1wNlShIaG6PsuamC1MVWjVrcsjkhTSnGjpUNlsdjCaYjCNLVsGVEiAORU18kuoSktbGjDupmuqjJrOTmpJZxThkIKZNm4K0WhGlqP6xiz9P3MHCz3PeXGiVNf+03f8hZv9eYf+3Ef//ePe9JyfX5za3Pez1TqtF4VhVBEabanDEmKJFEp5BhpCdlksyQJhSoJOG0SrBK0ltnaerWUSimRICkUxm5uRgLhllFKraVEMA0oFBSTSWtZKjnlkENmQ0gqJSzCHlMJUzaMW1opdQopi4qVJoQIaJnFURWuXSlTGhmQnchCdhaFiZaNaEZBEFLaVhuaTKmlm/Wrg8OoXZSa02p/79CZJfye7/FuX/1VX37i1HUtx8Pdi9N6KEF0nTJr7XBrXRfQhgw5o3hqnqbSF6HJU3XJyVRAAoVElUAKYkqP6yFKqZFNdjOhaWoSQA3CTrBCQVGRBK1ZXa12FUStZRymaapdTRWEBeFxXOXUooXKKGoXXWJnhiLQ2FrfzTQnLUlhWUKdW2bJaFEgaWGNTrVUDwRWJ0aYshXJYailKjKGcVwPqxJVZmLlceoXi67UqLVNmdNIKEJV0dymNkULk21sEXWaxqllP6tStQaRqckYCHtYD2QqahUO4QpTEypFieQS1U7VyJYmy6z3lDaItCNCFpLT6/Uq25SZEcVuMlGiRMkQadIJjggZpCJIUYQAlajSYKdTKKMVh0ItJ7dsaeRSu1KilppORFdUSidUowCtZVUpfZVIG1EcmQ4LK3EpGqnTMLZsta9QM52YNqoUoxJdDVlya13fJ8YybnJIKOwMMMYp5Gyr1drSvOuQ0okVlDHHWorIhosUpUbIJBAl3BoqJo1CkU45RVWQLbGKSnQ4JwJFyWa3rKWA0w3T2lSoXVdEmaaplCIVEUIOcmqgBrPaZa0tXaJgwKmGMzNn/QY9y+VUIu2w09AscGttuTxUKWAhk13XyTGuh9FTX6m1ZBBFUUuAipQqXR9RopYI+n5Wo5So4JwsxdRa7UqJ0oY2rgaFo2hYD7Mu+tKrWEFB62nsVGazPkpUOS/t791z173XXnvd8ePHl+NRNs8Xs8DrMZFEZDrVCtUiame3cTIipKmZkioS1L4jiYgWObVhHKcuuqBE0HWzaRxWq7WZxnEsUTc2NzDDMLXIKLWbB82KgjxlG4axRkTXg4TSDGMrZMsWQRoEitV6LJ2KmFJdV/vaRY3D/aNhWM835UwchiCikGJsiaVAckSkS7plo2VT1Fo721AsJxCqUUOUUoxzAilCihKKzMx01ZTSelxjbcw3mrONKdHVrhRl83oac2pT35hsW1itTMNqbG3W9TXKej2lxq6rCk/YU7Poul5FxUU1iMhsw+RZCaFa6mRmVSJw1loyscFNMGXWVlQYp2kcxr6fRZSxjZJM2LbIsQFITuNJFKRCsXAqCplyJoRFYLeWmZLkZlVDAKIQEy0Uxk5gShDObNhIEVKUSGc0GZzIRbKIkCFTSaZxaxFBAMiJQkobRSTONFghspG2FKUgV0J98ZRTm2xKX8MSYUEpJRSlH6ch2+ToC2SE25iJi1uixOFSO6cnp5sICZVSgpJTGmzC09QaQAiVaRhKLaUWBOmUGUdCcuSUU2sIURQRgHDS19qSNk5ElIqktEvtICBJlRARDaZsoRK23YBaO/fkODW3UqsDt1RE1DJl5tiK5VAUBRZlvV6XHoqLKlAUyDbpLGnZxrX2tMGyCEmWESKilOapKIgI2YpQkwLJxliSwzQsRRQVtZZTjqSDQDa2bTvAthPkVBpjN4EiClgoTbqp0SJKGtml0QROHKXggCZJtk0qhIkQCGdaQNf380U/LMfVeqp9jRBAWhJIEa1NJKEwiiAUNigCOdNpoaJodkwZYUSQbkiySCNHCY9ugdxsCSEkJ5IcWLJTkklngO2QyMh0qCUylsNuDaoKhMAAiUGJitIN7OYha1/tbFNTFJRJhByWLYJAhGS3hPTI1FOpFRjHgYYhSulqdRtymrq+dwkS7KklskRrTUGnLmrBbTKlE8jhQkhMUyMdRRHV6VJkq2WqFWhRauB0SsU241S6gCKljSSV0oMI2jQMQ41ql1K6IpWINo21dC3H1iaPWUtH89G0XohSa40qxcG5exfHNl/v9d/4r//2jb/0i7/o87/gi48OjpZlub21M18ssrVxmIKUFJKxFEoUIJUs6ZQkZJqbE6tEtqZasNvUIFuGQRGZslxMlOCyTMAgbBukkEJyurVUoChtmBxazGaEWpumqUlSQDJOkxIrI4rJnFKqLiXbWJ3ZUKgAIUDGlpDtaZpqlJY1c5KQSRGA0zaS5TRdVGeC3dJ2RFrIRsGYs8XiYP9gWK/GqQGv97qv9VVf9dUv/mIvruL93bPTNJRSZ7NeaJpG45ZZitp6KhFW2iWKssipiJjGnJpLT0toLaQSEVZztqYSXrUVVqml67ox27hela7Psa3HoQtJNTQvXSkVZcPhnCa5KIJQV4po2Vq2jY3NtGktlW6mKKxQLV3YbRocXUtX7LFlUZMVEetpGNdj33dEaS0JwJLbpOhcSgm6NgzQJlPtWktr2dIISKIWBJ7GNjmBvnaSFIzrlhakCrIcVlS7GSRFFDlzGKcJoBZjF6lYoRJWUUEdBoVFRBmz9diCzBAOBaHIhGxOTYVQyG6hKEQrjQQRGYktlDmmPSGnAYSkUnBOOWGwm2WsIFuStGwRtUpNktKZVgGEQkFaODHZ3FxKqV2V1WgtM2pgWkucqEiltVEKgiDcmokaap2UqIDkNqpUyS5RiiICcmoZbnZQhFxLlFDLzJa2W1oFKWh2KNOAC8Lj1Dy5zmpXqkqJUtJu4yTJbaqldl1po/CYLe3MqaYmERhwYqaWTqcVRbVLknQpBXkcxq7vatcrQlAjmnMcm91Uuhq2RbTZYpGZ49jcmhVFQpCJs0YfghqtZVeJUjLbOEyZ2VKZ2bWGRFFR58RklSxI1b5TqMA0Ta01gq7EMK1W4yBSXacoAeN6qCUyzZQSs9nM6Zym9ThGidl8Q8qptWkcu27eoWmainpltNYW/cJutZSopY1DN1+U0HK1HEfXzehLP01j1FpPnDzTz+fDuEps1M1mrbWxZemLSun7edfPoqiR5FSK+lLTmS2nluo0uWVrs/ksmjNb2jlOskqp0UmBhN0kZbZmz2otVelME10hcxzX0zA6MsQ0TW70XW14GMdSirpqjNPKdGvNCaUUgtamXI+mqCDr4OBo9+LulBkRw2rd2tTGYbVeNU+l1qqopXZdV2r11Iqi72ZhkURoHMYpGwW55WhBc7MctQLTOLZpAteotZQaxc5aQiqlFCZKhEUbR5XSdTVpwzQu18tAi62toshMEVKoaDafLzYW3bx3StEyc3W0PNw/aENTMGVOboba9dH3oQDRSE9CQl3XWThANZNaOjuLSoS60ktSQ6jrekSIUmWsIE2I0nUAcrYmlRJRSkStYbWcCpSotpxNRopmUEQgQhDITgFQSiAD4FLqrM6iFCxboFJLUCzCCkmRikjbYnI6HUFEKFMgTPM0jrYFogAYERERUZXNDRvsGiUIK7EsShd9181n867rosqZOTanVAouEAQWRZRaQySC5sAiiAjX2pkYhqll0sLZ0s1WRDQLxazrQ5EtKQJKqTI2Xaml70opFumMUmVhCKKUKAE5tZatgYsiSlWmbE8IkCCHbImKFLXKMk5bEoUuStQOCUVANqZxZEoUUkxyNBSlKSIi+lJKkaJ0C4Sdtasq4SRBVSrFrSFhxmkax8lphSS1NjndnOlpGpvTIUma9V2ppXZVCkym2zAh2w3wlDk1ZzqF05m4ZWuGUsN4GIdxHJ2UoIQV1XKalo2CFJiiIEgRqKioQIQzk5akFODMlLDTzpa0lpOd9rhuQw6mZcuiWqIoaqYzM1uSOFvSMpMEFFAIQ5LGEmSSkoiuNIxtLAjhZHIbnTQLmTQuJTDNGNVSFLIiVIjI1oaptalNzZabm51WIhkrSqdAFpmZoiFFFwolgGqJYiLCdiYKgUMB6YSQIgQKOW0cyiglVCAUArCQmEaF7Da2nHKaxiYIKTMxgUutXQ05mjzlNLSJzEBJhotKURicNBRAc8vWbNkEGaLva5TCZZaaJywHshWOiFk3q7USpF1rV2tFrY1ThHPKFHITHC2Xw7gexjXBYrHZaK15Np/bUwkOz+9dunjWbp/8aZ9569Oe8i7v8k6BLl26tHvhQmutdiWiEpXAUoJFOmUpHKE0CkVUhyICDJBpK0JSiYgaEREKgiRAkmwpJIyVtsEmiZjauB7XSBDOlMjWphzb1HLKcIaE7bDTLRNFKZIBRJZCLZ1tSNuttcnpdGaqqEZI0aY2jENrQy0BGCuzTUni5nEcp3HEzqk5nc0CbGdGkeWKlsPy7L33HR4eTlN77GMe/bM/91O//hu//eIv8ZLjOBxdutSG9WKxgbFbOlGkNU3jNKVqVUTQZdKmMbM12yiKSsFQq1qmJJvEKGot6eapWe76vkQpotSu5VS6mHczqetrRWptkm2UrU3N49CmqYFIt7Qs29maSReFQlJVcRhllNov5hubi6La2tjaWDGFdIZQZpvSDUzLCVsKRUTJiCqLlsYiQhGOKCExtsGTiyrG6bFNmUlrkIBNy+xLmS9mreWwnqZpwoqIErVGsRURXZRuPltsLLr5AqnU2tfSxHq9HFbDRCYpgVOOyKbQlM2Wm6WQkVALZzYnLRHpRjidraUdSXEq3cDYlKAQopSqCEOxQwoVKWSwa1EY2cYoZYc9OZlajlYUyFpK11UJi8nOKbO1Jhy2c2rDer1umdOQQO26RK2NEcIZJSJIu3SVYMqMUqOUqB3IprWsJUpXS6klakvS2XVzSS1bthzGcZyaQpJyysDZDGCmaUpnqaVEF1FLFIKQIiKitmlym6KUTGdEKBJMk2JyGrWcbCVtmiZT5Bza1FpCkYozx/U4jS2zhWTnMK6bm3NqbXIz9pRNpZaOabLkCNVSSu36WT/azc2yLUWU6BSlTbkex9VyaZQ2pnS1qASeddW4TcO4HrOlROlK6booTiwIgihdqbWWUIytRe02Nzc25puIllMmzc50LUIIpmlarVetNUpp9pRja7YlSgn1s87Selw622I+l6KU6LqZs7VMaLO+X8w2tjbmXT9vrU3OOg0jJW648aZZ30shTV0fR4ejM/uoIVqbonZqtbUhHKoCdX3XWqMRVmteD+tm913FCqvrFwl1XI+r9db2thStuXma9TPLktyc09isrutLELV6yhLKdNoKO7FNpBXFmOj6Mq7H9Wqa9V1I0zBaOKGvJaIkq2E8ONxbzOZdj9Qroiim1sisCk/ZMlN0XacpU9myiUiaUyHoIqKESmtTqVWKkvbYGmqSTUhtaiJRaUxCpfQ4x2nq533a43rC2SZHrS1NuqhGWFIYdR3QpinTqlGtqWWI0vWhNihz0DSNs7roZv00TbbHtrbddV0tnSpk5tQUYSgqEDhVpchSatpSiUiP2cjoukDDOK7HKXMCAbWUqbU2DYqQKQWQWzMlisY2GZkSmkwqICUcdkuMjUMRJbLRpilKCcWUqQAQOJKhOVstxahN2TwFkZkgDJ5cMIRjctYiJkhHJaKkDQJaTthSSaebQ2oYVEuNgEYbh1SMbSou/azP5gjclJOXw3pYrTYWi8xWmksp0VUppjY5XbsSpbbMiIhZn2lnilLklgkOhZVTy6ilFESItIvFNA0ts3YlVKZpbGZRO5fIbEGQU629igmlZZOZdqbUl9poTlqOHh21uE2EgDZlFAdhOzMRWNkySiiUmeuWhhq4jSmNbSoqUSLalGFRHM42RpQaoW4Gzswc1xhC2SZaRhClyrSprZ2llFCAQZlpQaYjSVRCKYfcxkzS2dqUOBRBZDNOlVBoGFzDJWKyEJKxoDmF3ZVqZcmwkoykjUPWWktxKXUcJxEkpCdlDXtMgoiS2WwZCxWVdFotFHZmEhFIoilCSjunaSBdaqkinYGQoxSySVDqNE2BpVCpMFHkydM0UKIrFSmLJZzNjkjSlL5ma04CsBFR1ZySZNsmFJbTTakI55RGwrbAERFuLXFDhjpl60JRNE5ToUSE7daIkFySdLaoIUqJgrEUpUFHumUTcjC1iYhOSiucVlolwyVUa9+mAchptJw1NOAyCUeUzDatTWgcxqJooTYNXVdL9ThNRUWmKaeh2S4RCsUUoYhSSjBMLSwrnY3UqIwIt2YHtsmIEqrOXC8nZEXUUlpOZAZylIIzG6jryjRMEdGVOg3TelyXUrpasdvYQo1kbGvU5TimVGed7YPz5wifue6m7/3+H/jsT//UT/zkT/mFX/uV3Uu7Ese2tmrtJygSxsjCQRdda0lJZTokCEkoxGSFMiECk4aI0qYGZKaSUgM7nSASRYnAE86WNraNQaIlsp0ibGwhSEuZQlFLiciWU0tBdOF02sKo2JONLIdBmal0YhVlmxQ1omROzZYkyzhKQUZqLZsTZz+b2TEuV33pmdjfO9zzPqDgxV7sMZ/3WZ/9Zm/11lH6aVge7l9s41BqF6FhuSxdj2O9Wo/TuFjMajcfhql2FsVyoHQEqVBrEylPTVGilGJla0Zg01oSfSenndlyapO6Mp+VnLKh0rt21S2H9bichnnOkCRqX7ro3HIah6m1vqs4IjRlRiqCiFqiS4+kIFobWyt9rbXW9bCuXalRWybhZou6mMvONqGQM21TQlZrTUXYoSi1ZDaUuBAah6kou9K3cVqOq772Xa2WwtEYw0UJRVLIMhYCcEpFJiPTJLZRTp4ctZTSAZ085UgBFzVPbQBErpujUGvBRClDmwS2TWKXIFQlTWksRUlaJCVkZyiwCEN6MiUUaFLm2EqIIlmC4uoiqTnlouJpTFQSqynDTheyTRMqyM6MiAzkBlGL3BinJiwTipYj0MaRzIhobeq6jtbG0RNTjUWNmDKVjghJzpYRZJuasadpXGd2tdauT1y66gaidgA0SqjU+TSNxpJK7aZxBRbKNkXpaimQtlXCHgWUgIhoJmrRsF635lrK1NrYcj6fN2drGUI0FGoUqevKNIwKhQBLYYha0xkKtwQUAkKyqa6KaRySrhvHCbAJCZHNoo1pAShq1TBGra01pW0T2Udf+n61Xh0dHPXzft7PVKLU6paSCp1La60ps+v6KZTLtatmdS45CCqHq6NcT7PZfDbrnDid09hCs64Lyem+hFSb05nDOBWpteYkE2OChvuAKDm2o+WqL6UlR4crdRFdzTY5KJSK3IZpc3uzRt0/2E9IC1z7Pkosj5brYTh27FjIYSGG1VCk0pUo/ciUdl/7qbau66dpqorSFZHZLNTNZhC2CErWVnG2lhmhLqqM1KxaiLVbVRVuw6BAFAPN4zSk6boupKj0877r6jSlIiI6xRiFqTVsBSdPnu5nsb97pNIWm5vjMCglXGqnIq+a5WmaQkp7GIZMFSVSV2qJ4pTVItSw21gU6qLUatvZDF3tJE2ZmJCmNtQoXe2snFZDkgGSHVE8UYrDdpQIhGRACos2jtPUlHTzrtbOUWvW7DSMa5BQKaVlFogSiAjk0hJHtjZJKiUMmTmNHkxXlFa2CTxN2fVdMVeEnYK0SUEaQna2qUnKNkVEyzHHjEAqxlNLGSlMM72Ki9owIZGGTGNCLTPlCEmRrU0a20SbRqSWWQjVQmKakMHCJhRBYEOmHQoXteYOA3YilShpE/KUtSuypmlCOBMJGMcRE7ULC5ROkc00j56G5mmcBk9D1/URkVbtZ4xZaxWyFSRWjs2KWsIwpaWKsk0p4yCwVGzSDSun5ky5dOqoITKHcT2OkWHSVEnIQWmeQhBCMY0EzdlCgXIcpgkv6DJUXOyc1uvS165Eo0WEwdmMkeSQkXJar10rylKiL53CYHWKrFgRIUVOUwtaNnAQDSE53aYsUROHo3kCC0KShNQ8ORMF4Rphm5Yuga3aRzY3phyDAGcYGQC1aSrCxNQS2aZlSgqU2SbIYV0iSsSUSicKhcZprNQSxTmlJSWYTIiQFMpMp5DTKVmUTCJkaDgAlcyWgmkiFJHNNCfCgNOoGU9pHEUSpYbBBhLatMoka8jOVCOLsG070w4UNbAgBGljKcLZSkSUMg5jZpPlCCRnOjNKaHK6CQkhQJLlQCVUAksBUiOLK07bctpSS7u5bXQznGO2iMCJSU9SKKKUyNSYrdqOsFGFJkwhDC0n20BOk9MFJk8qG0HzmA1kl4ja12wZQqUO44QIKXOUipytNUlIbs1R0innesjoahRBTFNr01D7zkk6rSSiEJKsYjJARKjItGxtmCKi1lpqndraTndFie3WpqmNpairnRQmS62Irp8Nq/Xy4LB0tURnt6Kqqmkad++5ffPEqUc89iV+4qd/5vd+7de/8uu+6ud/+dd39w6A2azf2NosJdpEG6coaoxhZaiZAlELzQ5POKKSIABaUiJKZDqUU8NWSysbdgZVRREowWlFCQwtAUUECQVQiQJjpuxaShC2FQJnNgWSWk7NVkodgTJDRYmxJNwy5aAUkKoknG6QlBpdrZlYODOdpdBa2OQ4mQzp0t6FlgZq1Tu+3dt++Id++Cu92mtS8ORc7x7u70fRrJ+jYk1kyTZFlKQ5M9OYrhZkZ9ZaWhAto3Q4W46eaEm1Q5Ea22SKyYxSXKO1SchJFFREtqRYOD1MU3N2USc3e0KLKOGphcMNoNmITEVRYmFbNukRSmvNdt/306RpbKlGShgrsYCIKqZsNfppHAmHOmRatin7vk4tc2pBKKS0oGU6B6RaOolxGtvUapQa1c4galc1WkUJLTOcpUZrIEmFIKdMN0zagGRHrV1KAVkjkkBRooBTsq0IlajVkIlVYsrR6a52mZlQSlV4auC0J1xC0GSaXJqQXWsRnlq64JwaFRqybJSZWJYzFcIWciMLhEQEGIMcEESZWpNRUZua5YhSSshKZdTw5AhPbZzaACRGth1QateGEawswzCWWqI4G7hJNXNE1QanpCg1SJVIp6d0YKlIgilbRCFUcIpxmkooSj/rOtNFYEQwDqOSOivjOBWp9N00Nrd1SyNaraXUcRrGzFIiCNskIbWcSnRCOFOaxpESEeFsRAVCQVgT2A5ozqlFUSistDzSwJkwZVPWWkhoaQnU10gCDBSpma4Uo2EcZRGoqwcXjvb3Li02N0+eOLGYz3PKKZscEXLayRgZbSoqY6goJIahtWnoaylS1OpsbWi19o0ccuzLIpvb1OyUQsXTMNSopRClTMNoD6Xv5ouNYRxas4FmpMVsJjG0Zqip5XopyMxZ19dM+q5ijpZLRSz6bmrqilK2rVLSHK2Ws9k8ipxtGloLqY219Crk2ErX0TSu120cXXtFGadhHKdaaxd9ZpvGsSFJxelCKCJkUYKW0Kap5ZRT19eIKF2VHMSUkC6dGJuztVZyyiKJUKTTRQlhy9la82w+D8V6PdRFFRrXQ05TrR3E0MaOWkoRDKujUmqt0dVq0yaBuxImxmygkDxl6aJIk5udtdTmGNoQSkNmdrUYZbaUIkpETJ6CUmbRJtNyMrIjMPaUFsostWArQhG1kpDNrbRONYuUU+lqQuaU9jS2rtRau2EYJ08ikcC2STepliCitYYT1QjRlKLvyqzr7ZzcSgmniwuFKd3cmrNNiUm7i0KRMKbWoqimSZ6aJVAbp5bQqydKhEtERDRnjdKyQRRBWChxp0KoeYxQhNrkmBqgiEaWKJ6aZSfZknAgN6WsiD6sojQ4sCUJaC4oJ1NUSrFRVKeB2WwWam5ZujKtV4mj6+UpKLONeT/NJY8tJdV+1sbR2UqtUQJbhWlkWK9LqRE5pp0YglSJUmSoUdL21GTbMmCVKPQ10zRH6WoftKaiaRTK0tVaStrNSbrQRcmuRJPbRHpsrRlqlCimFVWRMh7X0xSTVEoBHBGKoOXRuJ71s1LKVKQIiaJQdJljyxahMMa25918ULi1dE7N6RZRkLvadbNZjlNrNpJKhpRTuslpDC4RIKkUhTrGqaWNmyjZEFTViEiZ5hLFxRFlmjIiMhskGSmEcFhOrIZrS5RuEbUEwpOnzFwPQ4mopeLMqSEFiigKWktjB6GwjSqk5RJhkRPJVBLbshUghcLKSJFKWSVUSs3mvtpGxrjZoQjTpgSVWgQ0RYRL82CEZSJKyKLllGMq+6gJY2vzrpYSTVHQVFu2LCGBZYC0A0oowwVJgVviTEHX9dnSmdQKIGSc2TLJogKJgtpimCbZFsbrYSxFoQgFmU664nQRNplpZSu1IiTcEpWpTUA3nxNE1IjOSRtdSqhNLRVZRLQ2ZTDrCl0nLBhaq+EoXe1nbZycTZKdCtzC4cyWE1EoUaPzOE0REbW3DTZ2ItmtERVorZnMKac21SyulcxQDDm6KUJOsmWUKLVKypxKRN8tpmEch7H2VUV916c9TRMau35Wisdkeen8bt53/MTp13iD13+113+dv/qrP/+Ob/ue7/ru71ivh/V6iKL5fF6iKplaq7WzqQLkzEYqA3DJxGppabI1pUhBSxMhg00gokhY4Fq7nBIpUhYqIQsFhZathDJTpkZIIrOV8NRoWUooQi1BLVOgQCmDhZIitZxSUkRBU7bMEGAXC4EsOZ3NCjuEEyvsSYqptb39fQB04/XXvM97vNf7fcD73vLgh0SpmePF+87lNNauqHSllq7U9bimSXIo7Jx1Xdd1NeowtdoVOczYphZRqSFBqlFUWMxKWNmSVDKGS8smCVGjlFIb4zi0WoRKZgpq32tSa9PYhi5q6WsJhWLtQRkS0zjVqLXWsWVrY6nFJTRlNjyhalpbDesa0dWuRCHcMm07M2pppCTbRQGOIielRLbJoigClYjWPE1TVNXohGTZWbuuommapikldX1nKzNLRMsWNWSmaSqSFVKN0jJVipUM40qhvp9hWk44Qoquz7HZJB7H1qaRKAQKqnoys00RsqrkbJkplM1WwNSGnGoUDFAoFtkygtYIURSttaZWS6eCWsMCZcpGXWktoYk64eJGkUJWhIRSxo0mBUJymxQRlpNSqsmWkyKm1iBKmIQSAc60A6ily3QvZdKmBtSuhhEknsaM4lCFZlXcEChIiuwakbJAkdOIRJTJTimMrKy2KSEIArmb2ipaV2vN1kIqfcE5TaOjVGahNthRi1tO41hqKSUiotY6TbboSlhBAhallJImQZnN2XW9JY/p6pwy7SJ1XU3aMDUFJDSsDFPrLKSG3bJZzlaKImtrw6SuFjuzORtZarSW6RyncWM2TzGslsd3djY2FmObWss2tcy0hd2MnQoBmU4mSbZotqcpm5ojAry/fzCfz0rtIjSrMymXy2Um/bxztmxtuV7X4s3NeXMmSETS0oaiaG0MRYkStYSYjtZdDeQ0fYnmBNeckq43KILJY3MfcqmziOW0LtL29uY4Ds5WS52aVV2CaWwD66raWi5zEIBnfdfMeliWvnR0IaEcp8yWUUsJSbWNDbKZ6EoQpkW6llJrbWMbc6gl0mVyTuN6MpuzRem7oQ3juG6GYBalZdqZnlApQcI4DhGBWK/X89msn/fDcnAtUUsfAtLObEBfq0oFapFU3Hma1uuplRrG2HINCWNpai0Cm5ZTKNMqUQhs0g1jA20aqVIptTpKLSoeV1M4c4rETamiqeWY2XWdMyNCtWZrzpzWY4usEcaRoWBsabdSgipECTKtQrbW3CRFqaWEIVtmqEZtmaSpUZ2OMrYmkAQM41j7GTmNq9EQpc5qNwzjrO8EJWpIbo4iCMlDy9JlUbVZ9JMjVF2IWmZuU8p919nObKmpn2/Kntxm0de+jut17WopUUsZIwUqKhHj1CJUauckkHsl6cziMBkRJYpzUkSYlGqUlGVa4ja4UChpd7XUvpvaBCSqXc2Ugr704PU4luii1iglc6pKSV0RWaaWUaJNEy0crUSptUghCbeUsyW1VCi1Tpm2QyGyGYKCpIosNExDrVX0oUapuJUQIeOhNQ/TmFOtnYPWkFMRqFU61/REqSVUrEkIovYzTMtJGDKdsmqt0zhNbdLa/WLedXNnOpsVRCpCJqeGVGqZ0uu2kkMdmtx1PaFaKFJEXczmKy9NIteudA6o2ZwYO6RUCCTlNJbS116ZZkI1Sl+MpmGIkKzoFApKuE1CtVYo0zC6eFY6igrRWtYoY7SuFqzMVmqEWyoKHbW2NOlau05kTJTiNFFoDbVZN7OUbVIoiExC0UWl0nVlWI/GXde7NUJSIScofa3Gw9jSyUD0ITtCUHBrpu+7eTefnNM4Okk3KKYBoQo0T6WUwOrq1NwRdlGoQtReOErtShnGqajMul5FBntqBLYIlYiqBuFsqNjdvC/qHIEyphIFGkhRS9Ra24QphCUEYsqMkEJKb3QzikySGrJVOV1nfYcVtWYZ29RKLUVqVunDtmygVoSQWhun9ahUlHntZk0GY0XIwk1FapA5RWjKLMogp2zZxlJKZBWS1M+6NrZ1W3eqfac2FXsMakhTmyLCFk4kkDOJQElKRYu6ICTJmcZ2YCvCZETIzmmaWmZOfTer4VpiglJr7frWpgjAqABtosiuZVP90d5u84WtzRMv/3Kv8jIv98qf+1mf+W3f8k3f9B3fdued9x0dLoG+6xcb88VifrReTzArtTkrUqazkVQYJZE1pAicQCZSQxEIl8YkSLtAZosSmTkZFUpEjk1Kg0KtyZ6MasTUUgqPIxHYCAA57RAqkS2lSBJCYaeEZCmQFJRCpKdxyix0Xa1QSsiyc2pTjZLZCrG7t2cDlNCrvforfdRHfuybvsmbRDfvu1ge7k3rYZyGvpRhtHDtquz1tJLCNGyrc2ZEmXVda/awzLAUdooq2ZMdSdrZogSKZufUgIhwZpRqFFihKOSkWotq8dQwCR2pEtmwotY6K2HIhginLWc2lSpVaTVlhkupZT2l3EQEQS0aNKzX1cZB0LKlo4iptZyskhKY1jKi1FkoUcjpxC0zhaGUWkpktlKqpKkRUe3ECLquC6kx1a5vrU3DMKs9oSglpGyZ02jZRFpBRO2Altn3s5hinEan23oyVpRpnKZpihIBpRSjrhRD1y1wTuPUddUlnJ7aGComW1BBQTgoKiKTbE0JiqKQsvQdSVcjmlUKTqJkKmLuTKnZlFJLI4iGapRSwzkBAltdEBGZmWlJpetxRq2uWRwFDSOShSQVSapNWTuA+XxWolgZYQVSpQTjGLWSdoANOCRnqb3H1jABkifUV9xkpNrSrU1RaxWhQBrX66lNtevSZhikMExjoimb7YpwUrtOUnpq6ShRu5JFObbWHJJNZpoknaU6JQXOKSdB1FIjMj0OayEZ48gSVaQzc5okqavFKalJQqiWmolQIELhbBl0WR3EOE5Q3TKKikrKLZPEOVkqUVZHq9m839yYZ9M4TcvDo67vSilEadMYUjOysYecPGXXdS0s1IVKKTSvx/ViMZ/N+qkN4zCVWtWylo7wrM6mzDYOtZbFvJPkMUuhlD7Q2MaQa9cNk9s4ZjSkqtp1YZN2V1VKWXSdMqu6Mk6TZIFI0qOjlMhEzSrR9XUax/V66mKKvkTKqHRI0dFRXEonMayXTWFsB5NqjeJuzClbKiAEJkLVGKywpjY5U7WLUIaF2zC0LLVGNkT0tbRprOpn0bfWSmEavWJdpIjINE7bNWosJFS7EiUKmsZWajA53QqlTS41mm27n88RRwd7SIvNbdJQkJ2tdrUNbWxjjRiGVmuddbP1eukeO510tRIxNU/TVBVRighbZjTR3Nyy74qIrnZggVtLt5JVBiGQwplORJRSh1yLTCKdfddNoJaKUqO09LBcdX3nbOMw4kw8X2wg0hTTbFKZrZRCp2nMFnTSlE2m9DWy1DpJbZwaNYrJiMNxadi7dDBMIxiwBeCsXWenUyixbbCJwAZsIxW5GQxwtH805oQDgOSyEERkS56bwAKQAcxlCpWI1tIY8xwERoCKsMFO4Lbb78CCRGRrpKPWqH3Ybm5KnFEiknHKzGzjKHctM3NQU8yiq11m2lbULpO+JI6IyQ3LbqBMsAkskxGFKbPUqhJ2c6YTQihDIWq2wUEttVNky8ktJDmMiCaXUkBlytbG7Odh0dWColedmpUSma1N01Rr2SybNkYlNEzNUCLSzemQJpxSRVGijesiySVCqhGU8xcutebdS7v7B/utTVwhCQjZBkjAAEBAAlGgkQAhEE7M8xcAJM8kYQBhQ5QgMw2AECgiMyFw8kAC83wIzHMQSKRDpAXmASRsnpPAAFC76pxaQwCEMCSEwpnmmQJSYEBgIcuYKyQUQWaa56IodsM8U4DBPNseDyRhc4WQAQwgMM8kMAAIEDYIKQLbSicgMBE1DHryE5/ahiXGUrbWd70qKRWXqbWWY5RiN3tyqUw5DVM/74tCNqGuutFZUuCpOaCVrpYoCxPTOFCii1KqpjY1uypUS44TAS7ZJhoR1SSEFCLSqVCo9tFktZbTONbaRYlpIkqJUiS3lrWUSsnMEnJ6srtubrNerSV7bCqRyr6fr1erw+XFWO73s40zN9z4aZ/9uZ/0GZ/5J3/wB1/xVV/+c7/4y8M4TJeGS5f2+q6bby6mMRSUWgzgcRoVEQpDRCmltJymqSWpRtRMh2iSBJhsCWACGTtprdlp2xGR2GNL97UTSEArtTPpKduYKcsZUQJZlIjmllY4E1kmHTVw2oEVhVJrLscIIsJOp9JTG8fDo6M2Tckz3XjD6Q98v/d/53d/r4c//JEilKv9vQsH66NUzGZ9iNam0nVd1xcpSQ/ZikIq0WU6SRFpJ61EsZunphIRgJHbNLVxLKUQ4TTZMsdm9aVMOfVdFxEkCcMwjdNo1DUTUgS2G6txLBG1lkBGGBUKRQqTtXbObK0V1aypdJuaoCtdc2amM/v5LJCwZXBXasjCOU4ZItV3FTQOq6YxNE97mkbLSrXOkUUhWZazGRGhENlstyRr7SJUSiVVJNBkNVylWmqIhlNSy6lNQW1MbmNGGZdDtjbr50SJEGhsYyep1IIapE3Kyt3dPeCee+8lkoZCToPAAAjMZQEWNs8kMCACEE4EyQuiCJMkQERBmWnMc1FgAwhsEJgS0TK5n5ABzGW33XZrZkQ0RcEOMazXrU01s3adIccWpUTLGiVzGlsrJaIUKaJrJbQekE1IhcywW1rN7vsKUgR2EUZpqqq6sO2WKmTDuJbOnqYpQ2nTpixS6boEGWOMTFUBpHSRm+yplKISJaJ5sg0QCkXLsffMKdOyTSKiRhA1ymq5SkUXHeGxjYZZ3+U0NdTsQlUXkj3hKIoIFdxUCsUtFBHA9sYGEaZzSSURsmMYBkWk3XVdF0wt29gUqrVGlBzbNDVJTsB919dSjZ0ytOa+luiKxdimLsK15ohbNjlqhLGdblIoArJEtEBJtjZ1CdHV0lpOGRl0Ec2ufdet18N6dBeK2vddXY/D8mid01ql1lqciRRFzbiRrc0XG04TkHYNCiQpK7FTodV68IrFxrxERNel7eZ1a1EciqglW2tutiVaZqajRKldP/e4nmSFKPO5pDY1hZs9TGOlhMFtaiaKSUE2Spd96VtrmRRF2tPUulmnnMaj1f44RmXeb9R5Nw05DavV0Xo1Djvb20VKlRo2jNmKVGsMQ7Ncai2Bp8lovVzbLrV0ME7rMH0/S1qgNjWBTY2SIGE5W8PGqai1U2uttaxdxSZblDo1ESmFW5NQ6SI0TblcD/O+tyLdpBqQoXGYmqeIItVptZbdMts0OqoBt6hdqQGhfsqsrbUSwiKh0Jd+GMdkbGMSobFtzjeOtJ4t+pkrRiJbFpWIQnE2K4qzNadwKFSLk3Fa2QoiSthJFFpKzL2QkIRQJqXgTJTj2Owo0XVdthZRQrQErGyJADtLqSol7FSRcprGnBLAVoQwhMlpdCmKoDnb2Ha2t+Sxrcaum3VdP43T1MZauyCGaZRb7To7xlwxpEpZLDbGYd3X0jIQjSZQEBJARGvpQA5aph2UxM4JhSyM8ZS4ta7vkVomUhQMmUESHc6ghIyxbaaMriLc2pQJKVU53bLOApTTNGUrpcz6GW7NrUREyHZrzRAlAoFrLQYhzDiNkrpSkFKOUPSdG5kN1UCmSVlK2Zj1/Xy2Xq2FS9e1TAkrqmmkUgYrS60lYr0aal9K6QMDUpiENq6zdJ1bJrhNxpLm824YFLR1m6IoCIyFnEaKgluU4pauERl2ay1rV9wSHCWyZUtHCCEwQbpUSXLSMt2aStSuy2kEUcjRESWDMGM2OVG0qZVap5x6VQpYIZRuQgpAEJJbtnQJ1JUcMnOSCjJEczpTERHhzBLUWlp6kvvoxmFCKkVtaqpRAhwtRyCtrlRoNEJyRFeL03ajCNVxnGhNUbBMRqWUbhjGUgI1HKBMFVqzsykEgY1sBbYiNLUpItK0aYioEWFU5JaUotZMttLXUuqlC3vX33AtimFcKmRHa2ZqqEFHZKiE5EQikLoCXQKZgclozVGLDdihCBUVJ9M0pC2ipGs/AySXUMMzmMS0HmtXIrrAGXYCHlurkch22G5t6vpOBCKdQZnXLiJSnoZJaJzGnNJMWWZRamRGCexpiq4ro5pzcMZquer6IPppmtbLvfXRfpn3G1snX/W1XuvVXuu1L549+6M/8iNf+zVf/ZTbbx/W47A7IhXFfF67fq4oRbWEVKpQ89QycemKRE60zBAo3JXabNNkOZFILEhbEkaEcKGkVCq1K1a09ehM1JCNcEoRpTNOW4nBooSMwNmyVgGiJlkCpGyUGhF1Wg8Sy6P9o2ENgEpXH/WQW97mLd7ybd7mbV/+VV8do/C4Xh0dHuWw6me1m83Snsah1rBK2OOwdi2l9hR5zAyyEIU2IpwtBbUrTg1kRQglxiE5SkSVpGTMFKXvIhTViZnGJghinAanCbXUrCtIrbW0a621hAA8tVZCNDLJXAsBbWIcl11XI2QhRdfVbKPtiBKlqgS4TQlZokOUcGuNUvqQUaE0cmqTTCtZQmljdV1XSmQSTiIKOMAT1IhqJS72JJqiSg5JKo5Wa9QSgZw4lClkTIQcZKZqmZVunWS2qY22x8GhkJ0ex9awkuyq2riKfnHNDddu/MN8Y7NPUyJamgmCMV0DoCimlpKMM1uJDuU0ZchSGAlFkZBCgYQbOJ2Ormo9DuAiKUrLbG2KKFUaxwkRpRiVwBhUQ+tVUiiitWYCOZDEZMsuIUNrSTBNWSOGcbz+zMla2rBeNagKk3Yrtau1ZDNtUpiWBEZELcWyWvM0rWSXmnY6IQmVWgutTc6EzFpqZSIkRY1gGMeqQIGn0lfbgtaAlnZmllrSOa1X7qKr87QFGGeWUiwwmbYQLqVEqUq1bLSp6+a1lmG9kgI0lZxyqipESZOog2xNJSTZ2VqaLFFKhGstpCzcSu2ULYvIRijd3CYbdXU262XaODqc0+iWDdJZSomIqLNpGoqjtZbpWrpWqaWEJNuWEBHCEdHNuqllW69n867rumEYbObzzs71Oimx6PvQumX2CouWbZpaKDqRLUeyTZMbpdZujqKbhmG5WtZSpBhXk/tWVHXuzmdEji7Y0abWzXony9URjlJMqrnVUmf9bGxDV7rMVvq+tSyhRJlNOFvOZn2zaaAps7RpXK9Xs/midFWSpDZOpVZnI6rJsJBFtJwyUVEpalPD1FqGYTJpW6irJVMHRwfzru9ncwQYYpzGWT+nkNNUa5dYrbVQX2pL2rAOJejSpX07t3e2VPsQbrl78ULfz46fOAFOYlgPjaxdqepkN6edSkdXh+U6+tLatF5Pfe36RT+sBoW6flakzGmaWjMFSZRSVYLM9Xocx6GWqP1MOJuNu662lm3KpHW172c109OUpS9qLSVnm6bs+5mnMU0/78mcWg7DWoqu70jW63WUOuvrOE6gblblQC1T6RZFakoSlTDTNNW+lBLTOEYpmSwWO3Uxe9oTHhelP3bqVFQxkekoQi5RsYZpHdE5RxQoUJbSFcU4TtjJVKLDzYkCuTmqVQqRWM50Rtg2VGQypGbJiSBpXelzXFtCUWq42UqInJpKFGu0oYUiotqZY3MwDOuuzkqNnNpquTxx+kSJcnRwqSsqXc0pV6sDWyozu9VSu9qth6EUlVInskaX06iQVJ0tg2Ih2cZWqE2NoqIYhkF2lJp2YEpgiMApRSimbJ7GKelrRUqyli7AkJ6i1BJFqE3TOK1LdJTIbGoQhKJly8yuq0Brtpudoa6GUmE37FIr6TEnEYKoJcQwNRlJzVkiapTEnmxlKZEmPUXKweb2yeXR0fkL57c2N/v5fBwnKVszgDNTKkHaCNKtlVId4cy+6yRNbUJqLYtsa3Lraw/YrVForVRF1HQLK52hKEVDS0wop7EJ2S4l1FU3R6h5ynUr80XYuBElbTIJlSgirHRz1IrTaSszE5U+6kSbhimClk1IKopaMBEWbilZqLWxdD0msTOlEEhuUwpMWoxtWvQLmeWwLp262uU4qQRE5oRDyrRkIUTUro5tCELBtJ6woshYFgUapk2ZtXS1lGEaQxU141JrqGSbSBCAI7FyzIisZW4ayHZma5mlq+vV0JWIUhPL1FpaThHhKaIW0WwltGkqwgGhqpq2oISG5jYsj584SbTh8DAnwM1ECDKiliDtaWoKlaiCqU3I6QwV0uMwTtk2N7awxzbVEoQUxVMb2+BUX0rtOwunMQ5ymqIUwTgOodL1ve1hHANU1Cbj7PpeYlqPq/U6anRdny0j6OZzTzm1UQpQEVNrQo2sRPQlmxWaxslkjS4zS5iokOMwtCn7WhV22k4Tk2Nzc7Pf3IqoaR/u733/937Pj/7Yj/35X/zVweERAJRStrY3o8xEFkVzE4oIOa2YpqllK1EMsqK4NbU21iillnHKCKRobSRNVIdp1GJFtZE8DIMgSjG4JaJ0VZl2qIbHlEikSClsWk5FRShq9Koj2aZhebReD2syE4GBzY2NV3nlV3zLt3zzN33TN3/owx6pEDBOy2F5pMwxm4hKioK8HobEfamNCccwTbOu67tZa9M0Til3pSPCOWElrYtOpeCWRtbkhh0RgHE2IsAap1VXu9L1ylwN62mcGm3Wz/u+b1NTUKLLcXRRrXUcxgjJam5GXY1pMm6ldMLL9bKNretrLXU9jrWUUmop0bKBxmkoUaJU2QqNbSyqoVCNNmW2jCKhUiNbYlra2Uot4FJ6p00aSyqKKVsJJXW9PAzoZzNjSW1q6SSlvkRG09SX3m7T2KwsEdmQmForUSm01hZdP2ZilYLtaZrkSLJli6gR7ms/tpbTZNuwmG/0i429S7vDOPb9PBTNVtCydbXPHG2BWk5Rai3hliadKiVsJBlna3YLVWoISQLAotit1DINjYhQWsVTyzZRokYkdjpKlFKdbnYYiWEa0ykDhNScEraEatRSyzROzpYSZCm6eP7i9sb8xDXXLQ/2M6d05jSVUvquA7XWEgdaDaPwYj5PJJNtGsZRgiCi1hJTWulaC6ZllhoSrZGtSS7RW5ktx2mMiFI61DBtbJZCRCnTNDVn33VFMU0DUOpsyFETKpChoJSCnTa2pZCytVK71qZxHPquj66Mq3WESq2W2jDVWtPZpuYgLEStPcphPWTLrq+11HEc2zguNmYoppaGTBdERLamEM42tdl8FrWSeXS0VFFIOaFCqTEOratFpShJ2jR5GsfZrK+1EGUaR2eChUqUqU3TNJXaldpNw1KSUYloOeFQaBjGvqt9N2vOqQ2lhCdjq4RRa2OaSK/WKxUtZrNQRO3bNO7uXuy6bnt7Z5xGISSdu+tpbjm2SQ11Mas90noY+tksPdE0TWOpXa1lmsZAzU1E4jBZVCil0FqWWlZHq6gqpYpI5+poWWuhlL7vQwVllDq2USlJCNIWGEx6tLHU1yrKNA0ouq60ls50sh7Xs67rZ4vWJhvCnlJRKWZy6Qpoaq2LaKSb2zTaXmws2jAMbapRHQS1dHF0cBCKrutbJkFm1A5EiU6ElW2clKmoza2WsGlpiRKltczM6ELStB5q17VpyqSW0vUVaZomk9PUwipdlb0ehlKi6zpFN6zXrbX5YlZrNw5DJrUPTJoSalOzFBG4qVRnTuM4Ta12XV/LMEzGROmLmsk2dbUSxWNrMi0tl4iuqybaNLVhMHTzflivZ7NZay5dX7rZYnMBHTQIDALSLRUVpd3SCiszVUIhLLAAKadJRUKZiWoEGCRIKCbtFBJCgMhEQjgFDaQIIJujgLGMZUVwmbFSmRnFOUVUYYA0IQgwuI3D+ugo1+uxjVFIa1gdUUugUuusnyWMw1j7LlAbs1S1lmmXWiWwIyIznc0p1ailTtOYqAucUDWtR5Wo6qLIkNmwpSBEejWMtUatXbZGqELDVUrLaUWUGq1NbWpTpnCUGkTSnMgtoqoEIGF7GEdJ89Jl0FBFjSzI0jQOQl3fT1MzCZKUpoTa1JymRK2RU6an6phofT+Pvp/NN0EgAGQMhhCYRpNpIEWgAAuRzdhCzQ4gcCIgpSKEIZRJhHCi4hwVhXRKgZAAZxOgME5nKCRIkCFxWCmRqQiBAE/NiCIBlhQIbNOcNhEi1YIisC0pMTSlXCIIEJgkybAsG4UCJRZASxvVcKIiEDYkhBOUTigOSmYDhwKRBogIt1HRQXManArZEYAQEM4myZk4VOTWUlECJExaSAFgsLFUcpoUQUTLVoxKcU4AScpC4aTMoBlsBIkkC4uwQUJ2pi08tMkeDlfLVZSOQARkoq4IKe3WWghRJQMtM4pIEsZhqKV0s84mWwOVrtKUatksCGGptam1rFGiK57aMA01aulKNkrpoI3jFJJCiGlqJRRSax7G1TAMW9vbpfTOqes6wzSObRy7+ayWaiRw5jCMRiUUtYzjMI5j6QoTpRClhjSNYxub5BRdiSlTVLJJUKLOFrP5PMpCEcBqtf6TP/693//9P/7FX/zZv/iLv1mPIwYMBOpm3Wy2qLUYhyRLRU5NOQRFipxGdX3flXFozZMicLNdomutTW1azBZFHtuYeFxn7SItCeOAUFiSFIRlp6NEKAholKJhGIZxOlgeeEruJ6Lvy8u93Mu+weu93iu+0iu84iu/2unTZ4DMVI7D+nCchmE9ZmsbWxtBTOPUsoFCbiakKGVqIwkQilJLREFyTplC2GQbc2oRoSiEgyI5nVgpByVquLVpav2srpdDqYWQ7NYyp8lR+64Lkcp5N1+u1zJRo02NzOi6EOM4yU21GFVhlZym9XoNni8WJcrUpimzr9Vpu0GNIlpmyOnMSYquq0V1cmtTm9rUl6KoKmDG9RhdgNrYSoSlEmHIbAgcQRJh53o1IM+6edRIq41DKSVJKXBGVIWmacrMvlakqeWUUyRdV0HTONVaXexEUEo4aZ5oOTUjokZXu1CdppVhWg+qsbHYnm1sGyFLciZEyywhRcEmcSTGYWU4IhBumQYR6WZUIkJO05yShITcplZKkYRBeDRVlg2BJJwWQthNUZNUAkiFbEhGAFgSGJm0QRFuUATKcVTk0dFhjmMtZWoNZyklk9YmpyWsGMe17Nr3QrXrRQ7DVIpqrc5saRBYElbiKARer8ecplL72nWtjbV0bZqGaer7KpUpp5xGEf1sVqTlMGSbFOqiCKxAHscJqLWkaelZ7aKUaRqyoUIt3XJ1NOt6Y4xVJDJToBCADaRTpqhMdpEUZKZhalPX9ZhsY6YW867ZbRpL1GZ3XQc5rafoKhFubcpWpDa1aWrzeR9R1+NaRK1qzeEckllfohSPmXjKFlFkr1bL2vVdKWnaNCbKnCI06xdSLo9WUbquFuGWmW1atzavfZ11LU22cZxqLbXUsbUit9balBGBE1RCDto4AdMwRtctNjfdmNqksM7f9TSpZBtX6wGYzRelK8VlPY0qLiqtTSUimyNkvF6uu1lXRBJO2ZMkRBCN7Grtuoq1Hob1elVrDZVaa0uHisnWxiTndTHmBBmqrY1SJEZ0UYkg3TxNw9DXXiWciUpzk1xUJY2t0Vo3n2Fam6IEjnTm0OqiG5eDnfNFNw0ZylK7aVofLdeLjVlf5y2zZa5X6wgtFgtJCo1DW67WodzY3mbyNA0p1a5KEqFAjpYtc5Q0jVPX9REKlbRtRyhJSUpaphSKQClLeD21cCqqW1qUrkRU0pDT2MBRikJpT8OgUmpEM12tISU4m1C2lpHKaG0qUWrf2ZraWEtpUzPGGAIiIqB5apmtZelq7Xparoexn/eeWpuac5qmTLeun5WI+XwxjuspW6i0zGxtzMxEUoRKiTaNkgj1JbIFxbVEa8ZYFGnKzObadwFTy4JGt8wMsLGopSKT2JQIS7REUshtImqEh2EsNboo09QiytTWRpmqNTKppRB2S5VCpgKcWF3X262N00QWFYuCJlEIIpSNUBA2jawRbkgYSyGxXq1LX7vSWRTURE4jQqo4QaUrkNlwy67vWsuQWrY2tVJLLcWN5kkhg6RpnASl6+xs45S4RkzpwFO2KKWPiqFKUckGMrilQCHZk90yA9XSKWhO0iWKQg6Y2nqYMqdSJEWppUZMzZjJTchpcGvZPEkB0XU1Qs0osyjSbm2aWlPRrPatOacWXbRpatlqqRSTpXYxTek2WTUU4MwJRUQpURqjIFQys41jN5tJsb93aRpbP+9n/byUsDOnpj760g0tx9WaoO8qFEsVJTmOg23kiAgVW86GTcgoWwNKiUbWKKXWYT3lNJZSZEfX9V2/Htbr9brv+67rjcMomKYGIaxSs03L1WrWlVI7t9aaU1miCpCSLLWE4mB/vwS1m1dJXZdTSlnLbGzDsBpKLbN5T8txasZYid3arO9DTG1yqvYlQm3KlpnTOlPqalBKyKKUGMfRRkHfz+ySbWg5WVIzob72igjpaH2EYla75dFKHSVqV8owJdn6+ayNbRjXXTfLNrVpqrWjlHBrdnVRjYiIiLFNISGwoxTsUESUzMxsQi2bpBRuWUqVTVjUVNJsnJlRSo2CjELOaWoNR4I8Thk1lJQuZE2ZkoqE1FoCtUbamQ1USuf0OK5q7WooBQ5kZ07T5Gxd30kRKpk5TmMpUaMiZbapNVlIpUTahk6RkG7ZpoNLl1I+efKUWzOlFo1TtqlF7UvJfrFV5xtSzcTj0T133vP3j3/CH/7RH/zN3/31n//5X9x7z30tDQIDgEQ3nxWoXQ1F33fZMhQEpMZpjFKqisHOCYdUuyrRMj25REiacpzVbqK1yYlpza1Nk6MWt7Ya1tPUbJ5LoAc96JaXfvmXfumXeKmXfLHHvsIrvNK1N12v6APIabm/t1ouo7rWbhjHoghIZ+37rtQh05m4idKcmFrK5MbYulk/tWxt7EpVCTBmPYyl1myZU6Ooq7WU4jQylJZTlCBFZEGpmNbrlm0xnxmPo8nJpvZVUZVygbTtiFIKU5uG1QCazTocFnZKEaGAROvVkXEtnTMt167mmNM01VknRzpFa1OSEV0QUSKiiKZ0a5klytRaCVOqmhFDG9brcWPR1zLLcVTtcpoymxRd3wk5s7mlpSAinBY2dhK1goVCZRzXU2ZXe4GxwkJp5TRJEHZGiJauXZEDeZxam4ZSun42c5sQKHKacFCQSSlzHNejTelrCaYxA9VZP6zHNg3z2VyhcRoMfe3sGKbBmcYyKqpElDplk53CzShU1Ec1nqYpIowNgbAVtNaGaay172rNIa20EwW2A1BQ7DbmCDErdcrMNrXMEhFSy4bVdSWbDf28q9FPbVIoTGstSkREa0moKHKaCFQqtgGoJbJlglsCRjXCciYREbi5IckFtZYJKYVMNqdaX2cBYxpcSuSUVkYE1jSNfT9vbZzGSSpWFtVSA2SYWsOUIEoIDdPUdbVNqYgiZVpFtUROOdnOBiAwxjhxqfOqiYYB3KRQJgpJwzhJKSlqnYZxmqau9hSVUooELFfrcVwv5jMrIhTENEyjp1q7QNM0DKv1bLEBGbW2cSoRKNJtHKdSaxdlmEaSvq9R6jSu0i61G8cphEoEgKZpamOrs67rOjs9eZpaLaGI5XJJkK2Fou+r01MbsmWt3TiNaeazGWhqLUIgEp294+k1tB6HLrroyjhOKEtUcJqu1CRt2+CmUiWm9RhB183XOa4PjkqUCKlIpZtWyyiln89lxjZ1tUuc6RIqEWObSEUpEtla1BrJmFPUQlpRrAxLoWkch2GotSez9LXvZsMwpqeQotRpnKacutqFwplJRnSUyHEdKJ2ldqWUXI97BxdrqfPNjXGa5v2MCNItncOgrpYIh0O1TdNqGLpSuq5vU0saSUQptRJCthnXQ0QoBI4oVaES4zhmc0ilFORmh2oUPGXikCycztak4pwI9f0sWyKi1GkayIxSgZbNaeRA0dU2ZTpr7WSSzCm7WhRqLQ1dX8nMJjtba6VUFbJlQOY0Tg2nUOn6WpWpzDZNqVKCJDMxBgWJqmotToElGi6qObUompyRjlrcmhABWA4FwzTm1Eo/CyKdZFMIQiaFsKKUqC1bUaAQOJthGEdIW6Uoao3AjmzZcCir6mRHEE1TTgaFS505W0sbk1lLCcV6WJYosmrfhdTc2tQQJSpWCmVrzmwZpatV49SC6IqGqbVspfSBCbulonZ9ycTgbNM4RY1QtDZlo+sKEibdIjpnRikhT1M2TyVCCjtFkVAE6ZYtIuxMUYWiDsOQLaOqhKZ1MyD1G50HG6KTUq1NjhCWNbUmoxIREpqyhUKiRk1npjPTNFQwXVVrSIZQVU5WBLQipdUyQ5IIRWtNtUimZWuOoJQ+084pYZqGccj5fN51JZtLLYjV6oiIri4CT22c2hQq8/lsypSbjRNCBUDT1KJobNl1RSGl0wbAdkh2phStTUQIpTOdRYEjChA4UUgy4KZkyrRToYhwa5QKsk02iFnfNcseE4UxjlKGYRUqs9kcIWs9Lm130Y3TBJmmKqKWlpOtkBQRReN6xKkotas4CKLIo6ecMl36UikmpzaFI53TNKVza3N7HIZxGrtSVEtitbREpqQGZDMgRAml0yq1qIzZ5Kxd5zRGKo5JFNJjmxQx7+eZbcoMjLCVzlqrm6ec+tk8wqujdUSAM1tQCEcUFIpo49jaFCVCJULT1FD2ZeaCpza1JgExjWPU6GqHnGkRMmMba1eyGVtRFIQi09iAoY1Ds7s6U7iUIjFOYzb3XS/JdtoRkdnW65WkfjYvoXFyrSQwOaEISS3barXuSyEUKlFr81QoBNkSJwo7bWqt2IklJJGapnEaVip11nfD1ELIEAVhNwjLbRpBpcx3jp+g9JDG2Vitlrc97cl/9dd/c8edt/3DP/z9n/7xX917332Hh4djSzAgZMz9hAI1EoGRsBEYpBBpsCD5F0WNru9PHtu+7vrrX/YlXvJhD3vYy7zcy7zYi73ktddc2/ULBaDMNqwOp2lKD26Wp1r6kMeEbG1qBKXrx2ldo6tdbeOEokZNWpuyn9U2ej2s+/k8xDSMU04RpZRIO1sSRTJYqVKLJFnptCAojuaUiQBFm9owTpsbs2GchmGIoHa11s5NU45S4KylJxymgXOSS+3L2KacnJk4o1SlXZRtEvT9bLlayu7n87FN2RIUoCjZpsR97SyAEEaymic3l1qFpmmstRrcmsmcKF0hQnZEJK2NSagUBXWaJoWyTaXUWuowji2zRCFwc5SoXXWqtdHOruumlsg1SjqVGoY1XfS1b2MDRw1MphEhQqFShKZxnKapluoiWhKM63G26KVYr5bNrrXUKJmWFOrW09qmqpYq49ambFm7EhFja24pQnK4jJ7srDVC0ZpDKrUowkY40NgaEtDaWKKPwOlQSY9TpohSSlRa2qNVCUq2NrSpFkJSg6ilRGsTUtrTOHVdHccxca0KdelWorY2DeNYFPNZn+moIcrkRnOJWjq1dGtZRLOdGQpQhJBbppOIwNhJUYmQGccpc1IpHWXINUSNLqqyIUFEG6epDX3f5ZQRMZ/Phzatjg5L7bqIKU0Q1PW4BtcoUUuNOjUP66NusRAK5zRNRn2p1HDLYRhKVVUd2jCsBhS167pSVGsJWksTAikzE0v2elylVUvtZtXNbWrYaaJKaQWr9TiObXNz0dU6tbQ8DmNIteuFh3HKnEqUEoXg6Oio1trXDhc0NVRD2VpEpeDmzDZNbb4xl1gfrUKROEJStVspRdBsmqKLNk7CRJmGNbjWAhqH0dnW43pzc6tEDGOrXUFkUoJa+vV6XRXYONNdlFLaNNnhyS4ONOUEam0qNTBuTRGQrWGNtUZsbAzjAJaKQLVDDKtVlN6ScVWspjGVrt00tVJqrcU2xnjt7GpBigiJsXlSMkyo1K4WOxWkx/XKuNRqG7u5tdZKFAqlhFCOLUp2Xd9akyWD0xGgaRiHWPfzWZGW61WtfQnFfEYEmXIxprCYzaME2KKUrovSRIkYh9GZEQVLpDJK1xnW01QIRShHRzjwlM1T7UIurTmZCJXaO9JWV6tTKVqb2tRKLdM4Oh0hJ1EUigwy0yEayJFgA04gTZSoCob1lM05pUqxFV2Uommc0lm7SisextJ3wum2HjJQKbVWTR7dIipuLkUIbCCnNja3aZp1vQN1jorkmpo8eZQKEaW15tZQhqNETLmu2XWzMk3RcJQSoWEclFKNEqGw7EYWhYpq9NM4Vkqom3LqIijh5hKutazGdURBUk7KUvoSWQyZAzkpqaGQ1HX2NLXW9bOqGKdpnAY7SgkpkBLjBCnCzVECMqKvBSRFLSjHlDJUokSLzJbjONqSZKvrulIiIUJDjm2cyqxH9uixrWup6YyIKGQj05KzpZVB9H1x8ThOHUWldIrErU0lStcV46Oj5bBcb21tZTAN2Zw0z2sfEXadptFCKn3XOVtCaxklnJkSNmWMUhDIRdXgbKhXaS2Rs3NHzUiamZxuJmhWIVSrcBumJIMYp7GbdzUiaC6FKft+LtZtGkqdd12M05TO2WKjUAimaVKJPuaBM6dsrqVgObIqmjyN06zrAHuUlWNLUiDC6SiWotRiZ3O1HXItFVtRJFoCSQJOW3ItkbJbjuMwm8/TzelaiZAUqGZ6bK2UkjYtM0IKRF/7dJj0ZOSgtjaOOUx2SH3tokTUEq1kNizDNLWudA5PY2JFialNRWV02pTQ+mg51tKXrkSNiC5qrJe27am1sbUG1JATByF1XddMF8WehnEURFGmCMlYJjNNZgoEwzTgrH2ILDXcPKxXhBNFqchqrl3n1pLM1sZh3ZXa1dpaa84aNSJQoiJ7amMbpyRLCZRtaJNdS22ZbhkKkCTIxF3UNk0mpaAIKVRsKUJkmzJbq6UvoZYtotIm1Torkj1O2dK1lq6WDGebFEIBbtPYyNYyomRrmVKAu+K2ziY7a8k21Yi+76LQGqmsEdkisWyFZIGkuh5WjgKhzOjA0aZm56yfrzPX44RkO7retk1E5DS6UWttmePqYO/CupR+nFrfdd1ic2M2f+yLvdSjX+KlmyVnCS/Xq9tvfcZTnvKks/fde8/d995x9x1n777n7vvO3nHHPZf29w72D4dxwAIDUhhMAnYaFAW3WmubWhRtbi6uPX3Nxtbm5ubmzTfddPrUyVOnT11/0803XHvmllse9KBbHrq5va1SqqoCYxpSrtcHy6MDbJiGdZvPZ7XvkmlaZyup0nsaSnTR1ylH4XBRhJub0TSxqEopPLaUVEpM0zib9X3fhWsyhWrYFLWccC1BKoWAJIFsTUkrpFwljKRZ7aNoWI82pdTWpmlsokRIzmEYZ7OulLBzyInMUqOG2pDZPOUEDpUIj5mRKqVIoaCfzbJZaFFnrea0HlWj1i4TJwqBnEhcMeXUpjaTSi2KMqVDbqivXczruFpNY6slWnPaipDI5skDdo62JxUZGUuUqjSjp05hY00mbSSVGtM4TR5ElNLVvlMgRSkpiYicsk1TqWGUcjS3TGOJ0VOMHtN9raUWW5kpRZE9KcMKpJjaUEKlVGcbxxYlatQp1+M0FKogFLWUKCF1pU3r9ZEzoq+1i6m1YWy0sfQ1QkZSSGS61FkRzkxPklHUqq50U2ttbEhShiNx1NqHFJC40tJtGqOUAEGtpdld1zlEOkohrbCau9ohN7tNxlOQJkHZRkqN2uHRaZkoESXW6zFSta9ReqmlrLRRTtncao3SVZqDYiOT2aaWHjOiRilyqijUZULQ2nC0SifzbuZAUUItE8vCKGrtTa6HsbVpGKfaTYmTkrado2BUiUIJqVBEk2rFRITFtBpGuZQCLUVVAJkJlFK9XivkVmxLoCiFaM4iCGKSyDa5Kyk7U7ZKgZymqZQym82nMRVRxLyfWdDSJYmoVjajMG1ajrV2XaltyhxalCBKiQJ2m8xYap3SStcaLbBtPLXc3JjJbWoOxZjZ9Z2ij3WUEopSJ4dUSs0KDSGJmq2lVWqZxrXbBLJs7Cmj70lHlVyEUlObPE5jKZU2TW3symKxMZvlbBjHdLYho6jvumGcCAoITZkqCgq4dlUqraXChELuhNNJw+FIt0SSuhJqVolSVaY2tkzENI7ZUiFJs9kcU6nNk6Tal2Eaa4mu9pktMzNbjbp9/DjjuBxWrbURIZFuAYrIVAQRHpon1EmWSsz7UClTs3KyZVK1SJqX2ZRtWK4XtZSoDrlhckpKRGuWVdTX2tmOTmRNUGuGUISY8DSacK1diEYKRLi4NacbdmYWdQSRheog7BZ2UyFpUyoK2E5CmaOtyBhymFZj2jVqs6Ooi5hakzwNLVFXeyEiuq4oxHrMHC3XrtRalbS2HN26vjRjp5CTUmgZdovUmGsIhUSuVyuqFKVlc1Z7GtZD33dlNp9388ycJieZzYFQOKeh0XelCcBKKVbjGFMLhdO19hEyKUXUarf1sAKHCqFQ2C4ShWnKEmFPs9o56FTGhofWcJEwdk4tKQSU6BDjejVINTo7TRrbCDmwVFTcsrUUWMYR3UyFNowkEUorWwaSIvBqWJco0XcRpe8iwW1SFJKWbcqJJCIiJCmV2RrNqLSpZcsqYjGfzfoEp0OhDqSpTdM0GdtSjiV6aqG1UkKpBrUGdqZtO7PlRHRFoa6LIAeVgiBt280Wsl1KSEqjUhWKLKlGpiNms1lRSScik4RwRsSU07BeupuN69XU2hyin3mc2tiMLWqUHD1M66mW4ii1DG2UIoJGTtOEJExEOMgpMbZlZ47jVPuudmVcT6thms+j9p0zM8k2lVJUsOXMiFB0VTnFGBEYIUq2KWNWnSQWSExOCLuRWboSitJ3U2uZmU6h5mnIqYbm/WJYrVdtmM+7bJIRQpBpZ5YiRUQ2Z5syIjIz5JRRQdGFEuEMRXqK2hXJdkuwu77W0rWWpSiJYRqNrcRCiloxlkSW0lvZlW4cWsvWly7JKFT10XXplFVrrsfJjSjKNABRWsMOVEpHjhklRGZThIRtU6O4RGF0VnXUUrrM1sys62tXMnOaPHkqEYSc0fcd8pRNRImgNUKFYufkDCnJNGCpSGpuk7MosKfJbRqjlEzSjgykZsLZstlZa9dtbmXLqGqtpVU8jXaEsk0kmNUwllJwkC1bG7wGoygW4QwFZFqlZGswltphZU5TTgqpdgsxZFMmqEiTDTinhAjVUkuMI9WEwiWKilZHB8N4nin7xaLvu1I7q27MNh71qMc86lGP5YokRQgMeJhGgWAYV6vlyla2Rrplm6ah1tl8NqPE1taGHRgJlYIQRYFbEiIbjogkBG7DsFrvT8OwWi5L1WI+F1VGpaCyPY9paNMwWrLqOExKMluSXaml9tkyai0RUonM0VmzoSgqk12jZC20NgxDX7tSFO7cjJApRCptDGk7G4owQEQtUtqClNQaxU63NpRSi4TCU47jWGuN0s/ldE5tjCgymZZrS485EIEVUq0hRVeEBG7jlE21q6WvsluaUPS1SNit2dlwDSgRBpO11m7qWy4zW6XUUimCZBgNITKC1kqpCdFatqRE7WuYYZzcRqu6eYKuFiSpkBlEtpYOO20UJXOyRUohoqRdSnXBY7NNBFbiKAWUbiQIOxUhlS5skYfLCc1ns2bbDoUURNqkHU5BRNRSmojmIMBShFmPa1rr5nMpyLSXmaDS1XDzmFMgCRdst7SnqZtVMqIIu00t0wlplRKBm3OaJpCU0zRGFJXqqTldSi3hEc1CTZKVtoBQDgO161RSza1ZysmUOis1xykTl8aUroGClg5scppsI6lGSG7plhMU15CbydYkFKGWbkkX9uTEypYjpu96tzaalm09jrXv532XScDYPA2T1MDUvpv1xigkS6p9H5Taa1w5SGps1Q1KYAdyqWPLiFBIdi2FpLVWSi1R0+lsnrCUrSVTrZ2I5Wqd5Kx0XV+nqamUWvtQjG3IhqpzyEQlipO+1H6jU5CO1dFBidrPupY5DmtblZItaxSH0tl1vcNYOU3T1EopDocip5wyq5SylOM0FPWzvmtTOhsIhaxZLdPUhmGMEsqqiCKYVGd1OhxUIlpDyFaJTE/jOowcmUxtSmcp0axqZCei1BqSFFHDU1sPXg/LaT31Xe3ms9Zac3bdrA0u0UUtJsacmJTpSDXccpjXeRAFpS1FOsdxrF1fa0iBsWme2pBV4RKKCMITreAmoRIRUZxjZg5QxJRZigqshlZCtXRRBBqndUpFkUbYmVEoJXBLsJk05tgiVOrcUKrErI1j0CFNU6tSJCpFNWzS6dGU4nEaVstsOZ/NiahR0zYWzshmhxyhTKWpJQISN0+zrh+mCWOjiM62GNaDsaHllC1DRQGlxjSlMkooNOYUClDmBEhSYKygjWncWjqiiByHUjuyYZopEQIaUUuVLI9HS4UIRYrS1XmNNCEQrYGsiNCUhnTGuF6rdlG6XrLkbM0pFGk7ai05ZToBwIBjanhqG1vzrusj1MaxZcPh1tQVlUKOoBJhMsIes7Uc3UrUtN0UhDObSLIrclDoAhQReBxby5aTa6GUijJKweTUnDmMrURtmWRiRUSWltkkiVCtfYfAtqRpGi1kE64RstxahEopw7iupatdjVrciJBatNKMczLGuNQupymzUSJqKVE1yGkIB9N6dKAGQZRSpQghFSSUbk5C0NUQy+WIs9ZZgXFqUQUqECrNLU1XamttzBEV1LJpGkZERMWAogSyhIrkKNAyBWnbDnUhjeMUNaSYxrUUzZQS/axr6RymlAGVEqV2aMJMmaRSKB1CIZDqelwJImK9WjWnWpuS2lUhcK11bFNYwNRMGrVS+5AKWJqydaUqtJqgTbUrnpw4JGeTZNKecJ9txFIap0GqciJPbWrTmCikrussJKnVCTpscJtMEFJLQlHrNI1tGjPUXCRqVxRlckLM1NeoxipRQ0hqmaSdiURIxc5QURTAbpnKbCkKAdnVLkqN8DjSWkZE5pQKt+xqaTUkNSdymmyj0hbjOGK62rVhnHIqqirFNIFcojS7IJxgRY02jQIpUkVtSjJKJcm0CpmZdim1FDcXA4oSJW1F2I7ITFbDkG3qS00xTFMX7voqaWyjKUXRcjKEQ9HG0bNZHxHC2ZhMNKwmRZCS+77LqZmc2oRBzEqRomVD9LNeCGTnehpKRK21TW1sLRRgwqSnZqUh1c9KOttUSy9hUTIhAdkuIkFWoBAKZ8u0ySCMUSCnSSila85mh6JT55oStltrQHERzaVkZqOUWoKwk3RpFcl1Lo3DsG7jWkBEOrvaRe0EdszmfaiMQhClq0WigDZKt5hvSgGZWEKWAYRCACZzmkZPU2KmMVtrjaimpcXU2tSyqsrZlKWU2cY8rHQEY+mEM1MeM0VXSgPsqTGmS1QEIsAA2LRpMCHFOE0RpYDlsQ3ZstYup7aexhrFaZMRkUbGso0CZxoJEisIkdiZDQSWRCRj6frM5qlFV8u8YiDSrZZOKjmNTivCraWbkq7rhpYloiiQWybpWtUaYxsia+06nMM0YWg2UEKWwYRbOnCmFbVESBQQqIY8thaEsqlEgWlochpbUqZViARwWCjUzebKNkxDZrau74umaSilliIkky2bUXFOoxtNjqDgNjUDMQXIzqqIgglH1lJbyjhUqGE7wlE6oHRTiUAISBsnrVJUmab01KgFq01TpkspKrFer3HWWmZivczWpr7vW3pYT+mcdR3SNDXS/cYMx9SGQDKraUy3EqWUoogUlruutimnqQXhgiQpQllqB8YNh0Mt2zCkqkvpsZsdAVZmWi4RkFhRSmSOOchddGp4mIZSS7+Y1eimnFYtAzlbM6FSqwDboFIrUk4toyldS2Q606WWiCCzTa05p5aYbtZ1s65NZVqvglI6RS1tmiJKLUFQylwiCIztaUqTJTq7KZOiadDYRtt930sKaRyZwmGFySQkt2aZjKYUhMmWhlKiiowiSYRQ7atARLZcLVe2ahmn5imRHa1mJraKuhKOTtbYRrc26/upuZmuq+o62S3d2jTZpUjYzhzJCDkRCdmacSl1az5br4fl7v5sPiuhnMboKqW4tX6+ILxeDVObAkRkJpFTG2rpxnEgqDUyU12lTatxrCrCtUTLHIax622sdNSokeWTP/5jSpT1eqilhkqiNo1pRK5Wa+OulGEYVutVQbX2KMc2ZHo2m7dpGlbraVjXWqTidD+bYTVnidqc4zjJlL6GIts4TU3KUoqIUgTgJK0uInPKVkuRIklbtatdLYqICEHLxHRdTTvtlICuFEmyWrPBaWdrzvWwomVI4zhhR4lSS9/PpvQ0TVGKJI/T5IwoU5taa1GAkKgKiYjoZj2yCIydpBPX0oVpbVLpIigRilAoFCoBbq2N44QScJQQJCgIya2qltoV4Uw5WxqRSM2KKCq1qyFsohRDGqSiiFJCIBL6UqOU1hyAPLVWokRXulpbm7K1iBKlYmMiopaagDGS5ExBrV1VGbOth6EQSEGptYQIlBgztUkKBW2aIqJEFUQRdldKqZ3Q5JQsFaEoxfbycEXLqKEAlShKyGwQCiJUS0hElBJ2S6JgDLXWNOM4ZMta1dVOtQvZUUyTTQRIBqmlW2Y6Q6XWit2mkXBEURIlFAEqpdTSlVIkSqnIaQdYZHPX1ZAQIUVE1AhFAAagOeWulExHBLagn1XM1CbSU05AEARdCVSxkTKtomxMOQmTLkUgm8y2Xq+Mo3Ru05SThBBQ+yqFpIgaktOZlqKUiCgqNTPbNGUmtiSkCDXSqdayTePU0k4MIIWz5dgQtVbwOE5kk2qUqBFTa25pJ6jWqhJBbdmAKKWrs1nf166LiL50RlFKV2opRWKaWq1dX6utCJVSDDmlw0Rxa9mMFIGMimqpRIQCIYkomVNI/azLxjgMzY5QKVFryaTZYQxTayHVvmvThD2fzSMsh2yMRalRayiKnMA4jG3MUiiK5jYM66hFUBQ2LVstpUQgwEKmhFA6cUgyKjVEYtu1hAhFhES4FOwQtrnM69XabqXUWjsbWZKaM4UUtdaiYqNgnFprrdSw5HECFLJloSBbI512ThMKydM42igQWI4qNZIpWzpb6fpAAkgpJNuOUoKY2kRLRYkIQtlaRO26mZ3TNMkyObYsJQiN49jXwEQppJ0WRIkSwgZokmJsbRzHzKmlu1qlSJuQsSKihMLTOI3DOlubzWfY0zRGgJXQ1mPLRmYpXe2itZaNUkuEsk1Tm1prmFJL7bpaSkuMSylyjm1qbapdZxGhkISmaYQotZispYSABAK1qTnd1dpkm6722E6MMuUckcacPLauSEWlhlQJSqnYZDY8jWu7tXFar5bjuFru747Delgt1+vlOA1tXI3DenWwt14djMvDYbWaVofD8nC9PBiXR8Nqf3l0YX/30vroYBrWbRymNi2n1bhclpAi2jSN4xSidrWWEhJoHEdwgOVMB4E05VBUBFJEiShFUSIyFEAahUqotQybUopQiWwNq5QYhzGdXa1RoiiyZYQiAgfpUsICUyRRulKxLSS1qUG21myilpDaNAGhyHTpakSUUhJj11JqV0imNk05tdYiFFFCGLulDVgmIkpoSjtboFor2FAs5CkJBekmV3WZExYCm2zIhRizObPrehTA1MapZY1AMk5LuCsd2IZkmgYypQCXEtRC0lqWiIiYWluv16V0fdd1XZGihIwzLalElBo22dxyCkWpkpR2ZuaUDpCEMptFEZmW1GycXVRVMKSTbM3CkoyEU+rUpTxNaRuskFtmMp/PAKdK14UiW4sSpZQQEZ3dHCCVWgQiooaiZsuIqiCsUIlSFIgip926rpYoTkqJrutJGSLoaiBaDiRRu1JCCiQbEgtaK7WqhBSZmWTaLRsKTFdrUUlJCJCEJKMiIaediTNJQemKUs2JjJxtAkK4pWpUKZGkkABQ81RUFBIkzqmRJoo9ZbaIqKUzqiFFwc0SitYaMLXMdJRoadOcU5tSIkWRnFMzgWotJUImMxsuJUKFGkWAsxFBqHR9xZ6mwSqhtEESjiKkvhSFSlQ5SI/OYbke2jifL5QGutqXUjOzjc1QQgGUIEKKaRpKdF2tFlKESulKCaXdpqmbdYWambUUKbK11tqUzc3QMh2l1Fr6ri8RwNTaOAxTTm1qhEi3cUKOkB0RQQKKUkqUlDHlkz72o7u+OLO5hTS1iTQwuc27fnNjU6VMrcmufV+6YrsYKRBRq4yi9LMeS6HalVLDBqmEDLYlYQ/rZhwlgmhtcignMARSOG0jRUu3qdUa4ZBUwm2axim7rtZask2llBo1glpCpWLItNOZUxtXw7pNbVb7sWXXz0oJ5CLV0lkxjS7VEg4BUUoNDcOwWq1KVJNBRI2IEIWwbYlpmrAxBuFMEnucIqJGV0pxpiJCjEPLNDSSUkpmIhVFrQUZWwqAEk7bjogQaTJbQbaN16thamNXOkRrDWcphXS25nTX9bYlJCGBjUuUCE3j1DIjitA0TTKUcDZjo7RDZfLkTFmZGUU1IqiUIFS7IAKEsBWKccqWGVGk0kCmqyVUkmyZITVcpUAKRSmCNuVyteqjU1WmZYUoCgsps2Up3dim1qbmLNFFDaCEbDKbQSIios4C52QC59SabRCKUBQiJEIeMwOX0keBZLLBzQhkiWhuTuzMbK0xtTZNwzQ1TK1VliFqZKaNQrZtjFRCEaEiYZAEdiYqgKEU1SgRBREKDHaK1sapNacRVeFxGtuEFX1pmbJL33VdDRVVBQWFRGYTQqAi05yZ2Xc9CnCUUiNMtilba6WUWmspYShRu65O0+TMfj7rouIUKEImSokII9sGVBSutbrlMDaRpVTLEUV2y9bV2pdaQhFKBUREWIoIoSiRznGaFKV0ISIKFs0uEsKpkIwRUpQotetCYUVEYCtUIqQSELUWVbvJ7mqptYMyZbY2FdXaFeMwoFJKA7esfZ2mSRJEGkWEQtFJ0bJFFNMiSuk6omTLcZrm85ktFC0TjBQRTrKlIhQgJSETRREdtoVMiaJSJGPZRtFsm6mNbXLUiKi2FZp1fUQ4QSolWsuQSldDEZIi7JRiMZ/3s5mscRqloiKcIoCIEtI4joqotdpkpoMcG1il1OicU2vYqdrVErYBnJNTFEoU1DAta1fkGHOKKF0JlZCxXaKUoja1zEkqAoVKqa1lG6eUbVqbIoSFbU8RBeTWFKpdX4sIBRLOlMlsLZ1CmSnRWuu7WUJm9n1HqKpaIIVq1FBES4cUEdksSaCIGgWVKKEoSSKHlCJbCkfUolBERLGztZZJKZG2ANtTi6hWYktRak0Q6mppdqNFFHCpPRFSNLCtKpKcsrk5m4XTbs2iRnVrZGYSpUQUmVqCdJFkh1yilK7YlK5G1AiVkFsKHOprX2s1rlG7iFIkqdkKRSmlRIBtS62NtiNqv5hBEKjUKEVGCgGkCIQMIGJqzaSziYiI6GpIUSMIkypRSq2lRg0UYdIKlFJEwbYdnUIhBQhl4kwLd6XDjlAQhKqEUQgigoL6rptaZibgpKiAs03ZWhBd10ctMjhRALYtIUoUh5wWqCu11OaWja7vbIZxLUWtkTYhAUVVtZRAkWmIWhWlQubk2kWxRBIxTBO4llJrD85MoNSCPbWpdrNQaW0SlIhMSyiEMXS1lK645Tg1Q6211FokhBIHISAkIgoEJJcJK0VEKABnpg0eh/U4JUWhKpy4EJIUkc6cxjY5aqgEmXIaLEoUgTARWFGiqIw52aoh1SoJGYWQpBIykW4hdX0hijAhRTS3UDgpBaRhaGFUooiWYEsYigRhooaidsKYBGXaVkgSqJTONrRsrUSpEZmuJSSJaCTNaZqbhFsKkW2astZAzuZpyhLFEIGi0AwoMR6GaWxjraWUGtB3s2nKcRylyCktRwk5apRhmCZniZACQwhJKJPWJowUwiUi06VGlFqjTNNkBY6WLSL6fgae2pTpCAiFikkZQjm2YRi6WiLK8nCKEk7GccSUUiBKOE0UlSi16xTRxmxttEmceJqmNmY3r7XM0q2WAhpbswyEooSyCJPNEahUWaXSmgU5JcoItZaldP2s60rX2rherqN2taoZ2+M4lVpK18tOE46uK1NrzdmVSjoipFIVEoQiiihd3yGmaULuumIxrsa0y8d/1Ee0lioxDZNKjVBfKxFBrV0tpbZxrH1ZbGyAWjPOrp8rjMGKiL4viNaaCqTGsYVKm6ZsuZjNndM4JkaldLXW2mFNOQFyG6cmxTQNgWqtkoYci1W7bprGlqkoOU6ttdlsZsU0Tiql1NKmlq3l1FBmS8spur7vui4iutJ1s07BMAxBJBrb2JXezlKKk1CppaulTuMoaVa7OpsRpeVUIsYps01typyydLUgRdSuKtTViChyTi1LFHUR1ugWmTbZJqB2tdauKyUxaeHEtgxGNtgCQ4mw1KaJKKWWRGRmThDdrHNmURFGUYLWEqh9h8nWShdGIfW1KuR0tky3UA1pWK3SlmQTilIjCCpKQzTaNE0Qql0pECHbQGMYBkAhDKLWUqIIDDgRESVbAhEqAmkYJzkUpU0tYT6f9bN+GFNuqigDWQZkJyZbayYQotYKNFMUQNoYhLMpg3CEmhMQkgCFKLVGBCgsW9M0YBFdZo7jFJLTEZHBtJ6AWsMoZJCsNk6O6KJHTuxGBCGN42RQBKTTma21ppAiaBmIUgQ4Iwo4UQlh0plYChvDOI6ySwmA9DhlrbWqhIKIogiFSsh0pbM9jJNFWE5TJOHmllONWvsaQFGNkk6hrqulFJuWbm0C11pLqaXWWsqULWoJqbVGqCqATLfWJCxCRWSzw1m6WS0lsxnSqUaUQpFRpnNqLZuNMyVZcqadObW+q2mnM1TGaWptmvXzruuGcd3GSXLUIG3jzCmBlNymqaiLYMrmdCnVpE3U0jK7Wsec1qtlpmsViAgVYSUwNUOtXcspiW7WC0RI2MYZUcG1llI7pAiQSijTpRZQhErpRBKlFBlJdqqNA1C6WqMopBBOVEopESUTCQlQBCVKMc0uIpBElGqYbIzIokIUKbpSTKYzIqziTAhBZkNRuy4U0zhmTiUqUoClKJFJ0vpajRAWkgyJcsqI2pUqMY5NkHZOE0JyqGBaTi1bc1OCUJQg7Da2KT3igmSotSiiRgFPw+CQQkiIiEiTbUKqtSoElCiBEE7X2iVka1KESlGAm1PQ9Z2iRFFESFFMlKqirvSEx2FMZ0GSpnFsrdWulK7PTIuQpqmlU0JESaUBB4FUIrKNmQ3LoSgRUUhwTtM0pUuJiMBIoS4Kgdxatmakviu1dJKnYWotmxM1OdIu4VJrlKgUk7aLirMpSjebEVjK5kBdVxtgJ6SnqTU7W5sCUmnjbC0z06AoLl1NZ2uZtGkajaLICbaEQliTXbsum0stmU5aMUBVKAI7szUrJElOYwNRVEtXSxdFUSJt2yXUjBsoSSvktHAaYyIkk9loiFAkTtstEwkEEcWekBQBlAgjsBTDsAY3mfSUiRARkirjepgyS6ml60qJcRqyuZQOMY4ZCnApRajlBC6lw5YoKjiN7AQiIiIyBYoSsgiKCqJNI3KoOhNBJmmqUtXZcLax1VpLiWxtahmhEmEVyV2tKKeJNKVGLYUoOIFSSzZLObbmJIoKYQWZmWm5lEqmFKUUCGhSCAhhGhkRCENIEi1bqVFqDWOMBVaRItIWIkWh1FIjWjpNUIQIAVM2IZlSKoKGFIqibEQopYiu9AgjGZUSkk1EpD1Oo9POLEUiICJqN+ucaQeS7ak1IZBQthaRNpmEQoUIYSCIUCl25jQh4zBWlCghkDRlZssoIcKyiMyMUqLGNA6KEiUy7czEpSBjJGSws5QyDcPh0f6sn3ddP4yDib6WCLeWCBW6rpNkO52ZGUVd7ShRBVFaMyS4tWxkKJyOGoBQrdRaFIhCSBFRSilhcFIibKJEZk7TZKi1TtO0Wq9q15VSl6ujKIoo2VooSi20LLWgkMKSJFlJ1lIaLoq+L5a6rna1ttacjlDpunRrw0RVoHGa3GwhORSYqHJqyqErXVSJWK9WadUSTkdxm3LMFiVkulkvGNdT3/dS1KiQzWNzTuvRqFa1zK6blb7kNA1t6msXUZPW7DZOfT8vXTdNFq2AoHz8x3wEwm1arYeulMV8Po5TZtaupo3IdJtSUq3R1z6Ns2GVGm1yegSNw9QatdTmlpndrGvT2DzV2itUuxKldLXKZHpqY5vaNDacEcJOsuv6UurUmluLiNp1AKSdUWqttZRCJqJTtNYykR01xnGSajfvCzENU7ZGRMuxlJptKsF6tVwfrUvtat+ZlumhpVsqEDlNqaLa9zTaONauD4WwUYRKKdOUUaOrnTMRmcqcolQhh3PyOI5RStpTG4koCkHfz1pO0zBhKwJBEhIoMHZEZOY4jaX2tYsaclp2RCmldF2XpAjkEmVs4zCMXd91tWuZ0zSAp6lN0xBFJYozo5QIpQ2krIgoKirNma3hQBSQhAB1tVhRRFqKEJlmXA9DW4MyE1xrp8BkKBRFMLWptSw1rCglTKQRSloxDboaUSJtQTfravQKr47W4zQhq5SofZQIqXYlQjmmQfaUjoAIkxFM4zC1qUjp8DRalNIZQtjIlpxpUIRbZraUMlDpOxGhKJ2C4pyiVCkUFTCa1UoJ7NpFjdqyjeNUS0073USEbWO5lILcRYDGcTAyDhEl0mBwRihKwUxjS09d15UIQKLvZzm11lpzQ5ICqdSamV3ft+bMTFKKqY1OR0CJGlVSkhFRamnZhGRZtJZAqR3O1qYIcnJrbRwG4ShlHEYbpJwmlap00ppdglKLQoHALY3TVoiEEJJKlCTtnKZmEjtptsCllBDTOGZrRUGESZqiFMhpHMOKGsMwZLaWUy2dIUUt1aZ5cjYQocktpFBIIDvTJoG0cUSRA6zAzcgRBXC6hKQSwolIbKFsE0KZLQELsAA7hTBFSjstWguViCKYWsuxRSlVpesqEtlCSmy3ICZPbmQ2mwgEabepFaK1dFCjS2c607SWLZvsUorQlE20NG0aFUEiEMZGjNO4f3RIZun6zMzWiOhLtJYWpURElSxkZ1e6LiqiKCICQCiIYjcpJBShNk0mu64DDM7MpNaCyTaGVEqAMx0u9iRn19WqajVb0zBZkiRUotRSMhW2JAmkQJl2ZuY0ZQspaoxjgwyidIHd2tSSzOxms75WgVBmQ2qgdETBuR5HbIUwKmFsk260LBHT1MZxCImk1EpRm3IaR4XASFMbnW6ZNUqE0imkUpwtag2RbSJK4MwJh4yIvqulRGuutTidIGnWVaJgIlS6jgYqRtOYKqUrXa1dqV1I2IDlUgKRbULUUtIqpahIVjO1FIET9dF1XS3FtlFEldzSpXSlRGvZ2jhNDQkhRQk5M6RA4EKNKM6cptZyatlk42zZ2pQRhRJtakgIYJqmcZxIZxpFtgSXqAQo0olCIWxAQUSRLCtlj6mQkHCEKGG3Er2dJcrUmjMVMeU0rlcSNjk1RNfVUEQUOYZpwiiihhRKMoeMKFEL0KY2taFGiVrBbcyWWWs1lCjOHKaGmlQiAiwiFDhtl1pI0lNrmS0p6kpJp9ukUmtXFSpSqEQAQgp5SkUJhAjcpC6kcZrkzGytZWsTpvaVRKmhTaHOILmqGtKZLQNKrQ6QFBTRZNvIoToO0zisaykRZWptalOEbDIhoqqWCIn1sG6ZoWiZbcoIKUB0tQ8VAtlRi+VSCm5tciklnUi11ighu7kppQiVSIgAcKbAmREymsa1TS1dYGNnpikRzmyZUVRCJiNVu5KtRWCUmbaaKbVazmmKiFAINydYtkoJFRXcHIJAACpRFBElAIxKZJskiXDS9VXJlLlaD87saldqlFJtTGIPq+XB0XJjsbGxtaVQJrJTLZulUAlFAUBppzXbmPVRWqbx1LK1lNNEV6uKStSpTV2JqU2ZWWtFGqdUYtuZQjKeMtUiQoDIxJldN4Ms0XWzLlCgqFFLqbUWFYIIZWPwWNWBhEK2hOhrbRZydCVU2zgRoQiZ0pcc06aUmNokVEpB6mpFql0fhN1EZEvARDfrQ3F0dOC0sZ2ZKGLWzyLCGHsap4iofacIOyMwUpQi1aJ05DQZChFdzdYctLQTINN9rUTQxpaAIkr5xI/9yBzdbfTz2XycspSIUiQh59RUaJNXq0MwjlJKtpYGIUotTI0SBWIaB2ihKI6oMQ5jX3qUrWXtulKYxqlNkyIiotZOoYjoa5+oqqgWJ20a0pSuYmeItK0QUiHdppFAhWmaCEdXkSLCRoLATlr2fa9QqFiu6qOrlhXU6Mb1mMhJjVApbUyCGmFrHAakrgaQto2QwKJGadmGcVSUbNmmVvuur9UgaDnZLlGCCBUVZCk0jg2767qIkErflVICyaj2XdSKnSCFADttqSDSaSgKO5uzdDWIlm3ez1RKy4Zl3KYJu3SzQON6SGHL2Yiwm5AIpFBEja7vIjRlyzTpEooSaY/DYNvOaZpKdKXWWgqCVO26KAhBwbZNIae0rShdLc6c2lQiulpUQlKUElKDcZhs11olDeOQbRIYnA6plsiWEFIZp3EcB5VSCjWqbdmZRBFRwjLGrrWrtThpbVRgQmAZW1LUip1JN+u6vsMZIQFgUSRDtiaVWoRkCIE1tqHUTjIQETXCmQZbKnZLSaXMcmrT2Ca3KAG2hVuE0ooIRdgJ2XUz2UhAphUlokQnpDalw4pwm8Zx5LKWGSFnTq3NugqBadkIwpRSUIzD0JolZZvS0XJyphKTWApJGscRU2sXJUqNNk0tVaqmqU3jVEunCLVUqUXhTMBJ84RKKTFNmdmiyBgjCs6+70WMU5t1te967MnOlg5qqUgUlVBrk1PRVSUtW9/3UUsptZSitKRaI2oXEZKAsJVWhEQQNhJOE0ISdLXW2gVMU6slQJmpEqUUlbDdnIoIQG6mKEyuhyU2KkJhFDFNEwhJ4MxMalcwY5uiSNLYJjBSQRaKyCStqEUKcGYLBUZS2q1NBDiliBrYKiEoEVGKMzObIiJQ1Ai1aRIWIauRaWoEERWVvquSVCFbayq11GhTGpVQgoQUESFJihJyKIxAIJVaSwgHIoCIaM1taqRVoqsdVsqkVTBkWoHAptkFjZ7aZNtFUgmwLAWWsk1JRlEppWVmJmmKVYqsWqtbZlK7qoj1enV0dNDVPqTSlUJ15mq9bpm2CZVQZrZpGqexqPR9jyNtm8xWijw5naWWbEbUKFEiCtmczloUtQARUUtHKBTGgsystUYooS/VYLuUapHNErUUg0njAEvZstTa1SgRRVJECeycmiOU01Rq7fsOFYTdmi1CGBMKFJIkIMAIJSolnTK2M9OZEFHC9jAMac/6PkpM49hapltX+9l8Xrse01pzM7IIJFSiK04ynZkBGFRsO3EqRAQS2Vob09gwTS1q1BoKBVLINrZtcIkSKpLd7CSKpNJaOiHw1BAqAc5GptMZAHIaAYSEhKNWDeuBdN/1BmM7LZXS1RqSpJCEZONskruuw5IUKontLKXUKJaSJCRkI0WtnUqQmXI2MlsUNUM6s00tu1pK7UqttrClSFJpFVmKIsmoCIxCMtjCmek2NQuE7GyOEkGxW0pdrVNO2VpRX2tJXCIsFJFubZhESE5naykUqHQBIKmUWqtwUVEppURUdVHszDREm6ZpmmpfikvU2pUiqUSRPbUmhZ12KkpIBohSwxESQSiU2C0pYRuszNbsREEosiWQ2aZhipDsZtdSkGqtRAC4ZWYbphQiMChCSgihKCWICBECcJvamK1EiaKIUkokphmR6WmcMhuhKEUBU2vO9TBlm0qpWIjalaJIJCHo+75GaXJA5mRjMY1jRPRdn3ZLD9MglVpKREQtghK15ZR2lBpShJIoESFFFECSFIrAOYzDrFQLDKaUkmlns0RrpRRwFIXUxsxsSHZmNqe7qtL1qLXJFkJdV7taW8vMVkqx3TKLIkERLZvBTiWkphwwNWLKjIhA6Sylloi0bcvkNNXaTVOzM5UlJJTOqNXZhmnsShGUEm1q4zikKMhImVNmrSWiSp6mFJSuRhRnTjmRDoVChnFsIilFynEY7CylTC1LxGw+K3Lf9c0ts9U6A0+thSgf/9EfMeXUlV6iZbPUlYLUpubWWstpGIui7+ctR0wpBRgzcRqVGrV2JQoRICSDUKKICAEStKZ0QxBRotRagVJrCTkdtViWIoQiuq5LZ1U4sVtXi0hCbmQarCiz2ueUwzhGKSViPaynYShRIuo0rlvLQAZE13V91ylq5tT3fYRkpyilGAcqpWttigjVItsISTIiQgpsr1drSnSlm6YxanSlWgAhKQpOKbpaFOG0Fdjjaj05+/kiCGOHQeksUQLZjJkB2G3KZitKrUFaKNOSxmHIlrXWTCfOlkC21tqEpYioXUWDW4i0Zbra1VpQpI3d912pNSKcBlSqpMzW2hQqIpytdFUO233f1SiUCJUoqlFCGlqzE2FnVam1llIiSiiG9ZCm1FpqNc5muxmwFRYSSqegdt1sPsOSZEkKLosouLXW+lqNIKPEME2llK6b0drYWiklJAkkpzF9qcittRIhFbtl2tAy1XCmsUppiXFElFC2bNMYKG07SymqpbVpGqZShdVaU0TpapROwrRMTc4aEaWgTByprusjwtkUBUcE09TaNAbU2hG27UwDTjuLSsvmzNpVWc6UZDmillBErV1tbtkaisyptVERxlFqRLTMnFIlAlRKRARGMopSSy1gRXRdx9SoJVRsZ3MpCLfmEH3fZ2azay3OBgARJUoEArJN49S6WgsqJYZhWA9D1/e22ziiKLW01uzW9b1gSoMj5DQqtUZfeytM2g6i77ps2VrLNHIIbLDkTFprBowBWyU8NeNw2KmIkLBULIdRiYgoEXLSnDVCESpFIBy1IIWi6/ooas6uiyiVRAEoihLJiiI7E/dlFiVWy6PDo6OxjVJQIiIioqpINoQEqIRCxiHcHKWUrst0iYIkQiECN4OzNaNaqnDapQQ2koUzc2pRa1+70tUS1YGgRo1SSqkC24ETORsISSIz01YUEuMpnU4BeGopmMYRiCKnkRRIYQekAKlGQSFFAEhFtRSDkxJFZJTadUUSV9gEEQUL0TLb1KJEUamlK7UA6TSpdLpN0xShWruIEiXsnMYxnRJTZk5t3s8CtdYwza3rekmAyVpLrVUKJwrVUkqpJBSBkEqolFoiohbsaZpqlFJrkiFFKQZEEJmttSw1jAQRkoRJbIOJUJuyuYFFsT22SXbDmdl1HU7jEiUiCIOn5ohA2VqzHRGhSHsap5xalJKZ2dJSidLaOI4TaduZDoioIQEYQCQghYJQOJuTUgKQQwUDylDYVjGRIMNqvQypm/VSGkdEiS5qiQqEgIiuBJJTsu1srUWpESGiFEXIYEtFgYhwy1Kj1s4kUolQyHa2BhlRI4oDMptTKqUWbKctlYi0TIaKgogSIRJns0EBVrbWMrOFSilKDAiVErYzMyIkhSFkktakUiKas00tlBElSgErhJJMZ2ZmKZEymRnk2MZxzNaIKKhlZjPyMI2S0rgZbKmUiJBUUKiq6/qoJae0KSVCVaEIQBEiolBMm6Y2Dmuno4ZCgaC1ZuTS9V2pNTSmQyICXErBUsi2JIko0dVaSgdRQlIM45BuimJnmnRmIyAhioSN5ZKZKQHOlDAuKoFUkAAIgW2nsqj0/ax2dZjGcRgiSqm1hGQjBUIKCFXCTisU0tDGbFMptUZp6SiWSkSM4yQRpZCOECKbixQlkgzRkjZN09RKKSJqKYDDglJr31WklikoUu16RWltEoYy5SToSql97bvu4GA5taHv+mkcSyiiEsWtKUTk6mggW9fNQrRpItxFNYqiBKGQUWTLtCOiTZNqqVEmp7CiRMrhrnaGEsXksBqM5n2vEkbZ0hTsqU12dlEl2ayH8Wh1CHSzWVEosGxbqHTVrbUpo5ZaorWU1JXemZBp5dSQSkTXlzblNI4OVGIc19my1qJkmlIiJATGaZtaq0KIWmqptatdlHAiybSpuQSl9gpL5NSMQOv1MEyjjG2H+q5mMk3T8mg1W8wiSi1RazdNLXG2No6TcZpaq53lEz/uo0pIQIlailRS2caJUJSSLUuNbj5Pt0C161pmtqnrOqI4U6pyTjkidV0XQUBL22lluDqkImcrJUqtteva1MZprYicxjGzn/VdnSG5pSFK7UoUlRIl1UIFmCaHwiYUFmTL5gzNShURNbAzs5ZCRGOqpYBWw1BKsRGe0hDdrJc1tSRbKYVM1VJCbRprrZViSVJagrGNhYiok5uh1iphu3RFETk1AcJOIzIdERGtTeCu6w1d31WV5hEzZa6Wq1DtSjfl1MgikEsJK2VFyCHZhohIE1FKUUgQNUJhoLUpW5aiUkqIFAVJERFRStJaZilB2rh2FYE9tQkUgmzr9RChUruuFiKMwkStVXIgkbZtkEItp2mabPddL8hmQoKUsWvXlVJAYxsybVsqpQiHxNiGacquL0UxtBErotYoFNwaIVpOrZUotdZpnCwbt6nZlhimUVC7mWTb2FEDnM5mCZVaJQ1tChNdR8txGGfzmRRAtsSW1CZDGimihELCblPLTEUppUigQoKdaWcDSZSQHQIcCrq+q7XaHsZJUSWLMGkcEeBsyEnIZBoBcraMUmfdzHKa2Ww2q9VGpRRFOrFKKYBCUUpfZ4I2TCVCIRXNul5QalUoJ9suRaVEkWzsLLU4AGU2nNHVsFxKLaq1RoRJQTav1qt0Rgk7ZUCBiSiSKM02ma1FqHadImqpUYsz29giFCWcBA4VwzgOpUSJkumWVhAOApvMVChKQXjKMUdZUk2NCIRTJovCIsmIolCJohKy0hkqzS1ChJQOCQNRaulrAZGQCdgutVPI6ZBQYDAKlajYtRQVZdqt1VoUMU6jm21mXVf7LkrNlpmNUKBMCyPZjihgERKKkASJok2TcUBOObmVUvq+F5G2TJTSsmWmFLUUYyAi3FrLdGbLxE1CUWQbISQBNqWEJInWWqax7QwVhaepRQlMmyabNCaDIBQRwooCHsd1lNLX3obMEqiUzJzGSVFLDYlpGtNZutqylZCEjUoIAiZnugk5XUpBEVK21pw1ikVrll272s/mgnFah0riWkrf9QSRgVvUYpeulqgFEVbaOU5RVKJIEQoF2ZxOjIMISYGtKBGkCSSwXUpRAYMkAZA2bpmIUBEYhyJNG0ebCCIUliMkFDjdpknGIoJSuwAnti1jg0nAEUAJhbGCUkpm2iCVWmRPRpkl1AxWP+9rLQZFaZiUpExDKqLrZ13tEDYYRDOZmWROLSQCicwcx4lUqbXWmnbLVhRSFBVJKlGioMhMMqOo1mpcrMktM5GkkAIhyYkkhWwy0yRuXT8XiRWhUkpCpm3X0pVa7HSSrZVSa400IUR0tZZSCUgkiiLTsodpHMfRklsrpUQtKKdpUkR0RS60JJz2OA6Suq4SaplShAMRAkNmREE0G+ii1FoySdtyG0fVGgSh4hJFklCUCMuttYiQIgSKWsKAHMIk6YgopYSiIJmWLbMBpUYpNd1IhnGkTV3X2bYzsaIY3NIIFZGtOQ12y8xsRWE7IDOnltkaUonITJuuqwA4nW1s2FJEhG3sohIRDXKckNIZEYLWUqRABnBz6YokGalElac0FooSEZECu0SRIkzUYjttm8SAopYaRSVMBIBbTs21yIqQW6LETkUptTptEqMUpKIoShhFRKAomS5VJlq2CHW1QgmckOnMRuIS2aapTZmpEs7WWqulEtHGMVvDWbq+n81rLaUrCeN63bKVWkPRcpJL11VJKLCzacqhDc3OdLo5VLpaM1vUDlRKUaGNU+m6vpu1dC0larEsZGNiNutLUTZHCDvVckqQUOlr2mObqkpErVFKCQtbtatpKyilGEVEiNZaLaXWbpqm1poUJaJ0ERFpg4KQyKTr+77ro0QpVWJsk0SJaJmlRAnRFSwJmxKqXQXV2ikUEUJplyhS5mRHZGvRRbZcrVellohQlL7vFcjqZmWx2HAKp8QwTtMwlVpWy6PVaqVwKd28dm3K8okf/VHRlSmbpCjKbIHS2E1WgGrpul4gVEodx/U0jV3tu6ppmrCxbbu5ZcuWKlFCONerteWuRKadaZjGyYDaOGattZRo49imLCHhqU2lVDknZyA7W5umNrVptBN7HFvpSlfqaj1M01BrBVnNluzS1YhomZ1qUW3OWmotNYJxmlbDquu6omhtUgjZNpJNa+PUWq19a043wzSlcwoXABxSkZy0TCmEZAdqQgCuJSiRLe2sUWpXbWNKjalNbUgVupitVke1q2VWpnHy1Lqut1QIp1FGqco0Elbg1kpECTKNTbHTmUgqpZRSopQoRS61htNRq6ScGnZRWAQFu42Tce1qREzTuB6HEipRUDhiHCcyLclhN4scm5ASikOllGpPQgKb5pQRatMUUSRZGDsTERRVGTACpw0KtTZN0+hMSRKBS6klormNU6tdl7btUsINcO1Kay6hiMhsIWynbTsUUWq2FiFQMimxkErpKmClJBSQxgZnOhRELUU1pDJNQ7O7rutKRQ4VVbVpsh2lhDQ5c0xk7JYpuUQxam2SVEqRkFSKEgsJonRON6edskpEiZLgdK0lIrDTlBJ2CbnZid0mEbWrAaWWvtRGujF5mlpGKaHInLIlkiIyWxqFQsVmbKOsKCFFCYFsAlQLiaJIgcFkgD0OE25yZE4RJUpEFORSKsqpTaCope97CKfBmGyTacPYpmkopdR+pgDR1U6KEtFse+pqpyCiOhPoai2lZmur9XI9NEWUUKiUUoSaWy2lm/WYCElRawEESJAYAZIzh2lqraUMxiBh7LTcmsElAsh0KZEtMzNpslAqQhJgrFBEJ3kcBjsXi43ZfC4hY7k5ndncJGElVkIR2BARhNJWs0FKNytChaIaEWDIQJYDmbRdaggkRUiOZJpyMpQi7HHKbC0iFCItiQgZEGArW5aiaWqtZa1lmiZwqESRE+Su60oEpTSam0uElWkrpRIhJYk8ZcvmnNrksUSRtFotl6tlVwpFbZxakkNrtBIhlCATKpj0ZDsiEoZxaHbf9zKSSheKCClNmyaFFCrRSXJzpiMiFNO4Plwdqbn2XQK4hBQl7XGYnC4RtglFCWwpbJxNOKI4aVNTKKIgZTYRSGGIkLBBUSUkQoLMNLatUFeqFISkKBHTNEUpUYSsUI0SisxUqS3dWqu1Ts3jNAZC1FJKKSVE2mBRFKUEyEg4JEWAShCK0nU1KjThUisonRFhkIwQyBCKKCSYKLXUUmq1mdIRymyKUJFNV2rtakqhkLFRCBDGQaiWDkVgSgCogEspwmG1tEmsiHC2aZoENUrSpjGRLQzZmqCUGrXKiYrConRdKJXjhKUqK2RJJBZQlK1ZUSq11oDMZqUsQ5WiqzJySyeyya70XVczM6dJUiklIhRFIp1GRRFSy5SbSm1tkpxp46hRVGopprWWfddLqlFMm5oFUUohSikqIQVOWRElW4LSreu6rlZnm9xqlFIjKMA0jYCDEJOzREghRama9b1MS9c+aikmpqlJUQMpIorTISIqznEc0y4RhqlNRUVFOaYiJAGl1K4UpJYpU0pJt9YmFNmaodZCoqCUYqSIAAjLMkkjSdtOUKldLXWcpnEYm6cgFKkQGJsIhG0QYaEijdnGNknUUgUokIQEzSlBOtOAIjCKkFSK7Jw84QCVKLP5PKxxHNNWEFFCGGVrBiIi7DQKKarkREGUiCjTNK3Xq1rKfHNR60wi3aBIiKilRERrTQ4FrUFRFyUz7ay1Rq1FgpjGVmpEifV63XVd2CqRzdmyRKkRreWUU0GZdksRpcjBNE4tM0KF0jJLRK2RkM01wkntS9eVUqKl2zTZrqXk1LJlGrvVEIopJxPjOA1tLKVg2661K1EmpmnKcRjttBui62pRba1NQ5vaIKlEyZbZGkSgnKZGOl1CNsNq7cz1OEwtu652JSxDIBWBkGW8WMwXsz6bW05Cwzhlm1DMul6YEOlxGKMoFLXW2WzWd32tFbuNY/mEj/0IEskhSSUgSkeoRgitx9VyPcy7jhLpplQyTWOjaFivh2GYzWYmcZRahmE9TRmhqAWKnaWUQOm0mXVzizZNXdf3fY9bNqtENtsgcpoym5GnsSWKcLNF11VFF6EoEcLTSESt1fY4jLP5vJRomU4rIggVWnPpulKLjY0I0pLGcSBCwplRokQBICNKGikz1cZRilqidr2KpnEstZTSIaezqtpZugqASwS4lIIkk4mqRE5Tc5taurUWIYiWo2HW9aVEtlSolIpobTJ2Ot0yiVDaElOONhBOZ5ts5EIgZLnvemdzc+3C9jCtSbI1bCIUIUsFhWxslVprBBSctfYRZcoGYMsohHJcTyEpiuUokS1btoiQyCkRRJFRLQJIwzRN4zQFKqWGaaSIICRKKV2tbWptHKWIiNLVEjS3TMtSpTVay77rI0KKUERVrZ0iqhRRS1EpVaUIZ7Y0hEOhEjVCgUdbBCXdai19V91aG11qraVEEEQtEQSyQaAoctiNkERrU9QiJJzpkKIWQ+aUdqnVLS1JMQ7DOA7OlKJEIGVaNFQUCtWUBeHoZzVUEpeoxlGiZWazrRDgsSU4FJIspFCU1pqqSA3TkIlFVwttWo+jRNfVaZqmbM4EObORdiKFAhuYMmsEikywu1pCMeWURkSJKLVGSARSBIoytikIJEkypVRMaw0sk7ZkLCQ7A81mc0luU0giAtmZmUKgzMQuERGRTtsmRXRdV0rYqaKu1Gav1+taStQOu0RkOkIRJafRaUOJgiKKsLO1zIYgPeWUzeCQrEI2cERESBFTS+GQMlO2QgU15zAMUVSiosDN0NoUtUtnDmOa6CIIEgUFOTEmKFGctk2oWJipTWmXKKUWY7eMEoqw3aYpSoBsNyfNUgiXCCCdpXRVBRFREQUlCslpIKKGMKQThBy1IBdhyzhCtqNEUUiU0tmZ2TIdKYmEGjUiMp1tKrUYGZPYmViollJqxSmi63vbNqFIWUghYVulhmScCTIRxZKctfa1VnDIJrJlZmKXKArllHZKQupKIRRWy2kcWqlRaw0pFELGAqtNOSlKqESUGkUoMwnVqEi2p5ymcYooJqdsbo6IWovJbIklIQlCaTAlSokSpSicRAlJ2YhAKYcrYVuSrVAkRmAXi2BW+ghnpkSpHSFnA1oaKzONbUsUATgKyiIZt0xPU8spW0aUWgqZxrVUlcip5WSwBY5SQlFM1tpVhd3alIGzGTyb9RgnJQJFyE5PmUYBgCS71VpCEeFhGBVEhEwUyVIJgmwmm0pRkrZsSQqBJDIzImwjlVoUGtfrsaWcpZQaJa2Wo4N0swOQopSwFMKOMUfSpUSUsDAKGFsDR4mcxpZWkG2Soqo22fY4jgkRQQHbzkyDBSlJIGFNbhVbgkSqREQ0p5siZIyZptVytZZUawlLpUQJm5DG9TRlq7UrtdRa03ZicmqppHQlotRapmGcsE0NSRGKEhFRWhunqYVKFAlFIRzT1IxqUa19hCRLcpoInEgRCoVs20KZ2I2IWgIMWGrTKKt2YcU0TqRr1yksS4FtoYjibK1NpVYJSUiSbAnbhkApu2WSGQqEHCVKtsRE1FLCNnZEZLpNY3NKlFIcCEdELSFV3CRqKWkDJRQqpRZhGzuFSBVh0ZwBBlm1FgjbUhiEaikRgXAjsXJKUKivfY3SWms51loiulBJUiGglBBEqPTh9Ho9lE5CjexqF6VkS5UoJdIJKAIwSA4FYKxQa00yok2t5QSStF6t1uuVUCmlKBBKKxQl+q5PO1WEybRUREjDOLapZbMDSWmStGVaVZTaK1SjZqZzmvWLWd+nU4QiMic3y9ipcJRC4rQzp9a6GqVKKUkI42zZ9Z2kbA5F1/XTODYxm89Cwq12M4WmqU3jqLAsSrSWtrpaSteHCcnpcRhLKTVi9DROY0SVlCTpYRpq7RazmUp1S2wiyid9zEdhg0mjKDXSdjozFQzTKEeZdW2cPLl0gdXNZ7Pa7e/tL1eHW5vb09TGaeq6qhqzUlFBODNKQeHWsjUi6qzPMcdhLMKmuZEuXe26vk2DwYaIGoUAnK0pqH2vWkuECn3Xj8N0eHRYu66fzSIUpVMoFMN6RI4oJYqigGoJj9OYU7ZWay1dV7syTZOitGlwuu+7TKdcKEVBwYkhAiJKRAQYFKXIYLcgDGABqERpOU1Dy0ykzKm1VksZpnWbWkQpUYpKP5+PbWzjNOs7S6v1KFy7Lp3OBHellNLZbq1hCRkwQAlN2bJlV0qEJE1Tc7pEadnSWUo1mtYT2EgRlrFrqSqFtG2TgdIexrWgdjUzFVRFLUVIRUJJE1URoSjQbGcCTrfWokQpUpQSEVEsRUTaUtSuEkApEYFMyjJpYyfO2teu60vIVigyW8sGAhQRStsAQo0QGKT0ZCil4BzWrdbo+249TG1qgIWIFF3tbI/TEBTb2C1TVq0FAkgotYuupKE5PaU9TY1sQRi3KWVEQZ6SrtaQIkqJqKqGGlE6ZVoSxqQTnGCbUKBAiVOEcYRAoZQUIRoIC2RKSPYEhYKIklOCJNwSAhWcKlEVxYFCJWqtmc608Lzr+1ltLbFrVwsFm4hs2aYxVAgABSVk48zWEllWqQFEKVFDCimdSLI9jKuWrl2d2iRF7ToJSoBrLSVCpXRdhwKMDUwtSU9OWVEkDIAkhdSajUpRlCCAyJZSRFG2FjYSaYVaa5kGA+M4YVDUUiSP6ykza9fXrutKR4TTdoZCJYztRKSJKHLaYClKtnRQVAlNrWVrodrNSptay0ZrhCrCnrIZy1EwoVJK2q01WaWUEsIkiZVkS2dOSqKWqLW1HNZD4KjFmdPE1FqJwIhMXKJIoYgUsiWBMi1ZVpSQCIoxQdQqA6ohohQUipaupdbaZbqUKKVC5mSHJDnTiUK1diqBJdSmKYq6rhcIRQSiSLUrXdeVUiCwTCtRMq1soahdN7U2tVSgUpRuLRW1RBCKEl0tEEBrY5sSxBURAVNmiYiQERABktMOlVK7UvvZrNlOogtDa1NRlNJJAaGwSjhxuESJEhGRTjJDRUW2bWdzkQTj1Oxmk6QIATIinUyZhITl5rTtlN1MjplRMEo7ySAUInMabVsBQiErooaEUYiccppcS0TImbUWEem06bsaoWxNCqypjZmJ05bEOIxp1EVQPE2mtUxCETUgwVBCtpCzudQIvBrWxl3pSymKILEzkzZOISJKmyaDQKFsku3U1JqbSwQyKplTODBDG22DnIlMKREKSCszpylrVAlLNQpSm6YASVGqo2QbjeXS1U5yBLLHTJkoVSUKlFLT9uRMp9NGIFNqSIKsqtSIWrBCAkuhKGAaChWUBiwkoVCg5qaUCzVKRNDsCEt2CoeUbk7n5Gw56/tawzgddsuW2KWEIVsDQqSRAGXLJHGElHhsYzG1lqhlHMeohVJyGJ1tGMZpGiMKQlmmbOnsS3T9LN3GaWgmkAM7pRKlZEsikLBVI0LprCVAmdkynW6m64oktywlShcIUVRUFLIliXA2kETadgsJQrIBEimntC2oXRWRmRSihBGhzEyn2ySwHMaKYtduViPcyBSyFNjL1Sqba9+HIiRFUZEiAsY2tnGapoZINzvalNPUkFQEKFSi1FIkMGBAoqhkm1o2qdYi46lN2aZaZ6FiTxHRpszMEmHj9GQwmSE5IlqzW9ZaCaywkZxNmVkkEaYBJSq0WmuUaGNrbcIYopR0jtOAVWrt+55Ip50utTrdMiMiM0XWqC3HKF2UIjNkEhE1CoqI1ppSpYRErV1mTq2RLUKl1NqXNubUWikFe2pJqCqilogagUpkNqdLqNaaDSIkhaLWXgEwtckYLKmbzea1A7VMUmQm2NSQoobCtiAiMp3Z0jaGqFWl9JYz7Uw7yQalFEqUEmVqoxKilFoQ5RM+9iMzUxGIcWytpXBITlS7rp9tLhZd11EU6kqJnKYoChXkrp93tdq2QpB2188okVOLiFJUQrYsz2eLUmM9rFero5ZG1FLrbBYlQhqyyUgRoYJLrUrWw5BMEaVAG5udMrajKIgolXTUyCmRFKq1Q2FsTAAM43psuZjNnKRTRVEopTgzk1JLm0a3JCSopWQapBIlSkSkW5pai6Kup3EYBqQISpTowihCTmd6alPXd7JatlIryWR3XSUCA7Q21Vq7vhMhiK5GlKlNCmgYKQiERIpQqcVOgaGNzVLpumYHkW5FKCKnZksEoCi1q6UrEjQT6kqZ2uS0QkYCbEwpJaK0dOlqFIUqxbg4U5KCQJLSZCa2UGCFSq1EZEtBlNLaGBFRalEUKU0XBWkc16Cuq04jIiRkkHIaW4QQbUqgdlWSAkWYIA2gkESEJNKhAK3Xw3q96rqiqMpWo4IyW2IsgWk4LGdrAEKFkFq65UiiEqSLSma2bFLp+ioAlVJCIpROlSiKWoowcqikWqg2Zzbb2fc9JZyU2pUimUwrSimSlEkoIkpmTtOAw0qpZmZEgEpIKqRKFY0pHUVppmFtbJuwcY0otUoRXRclZBuBQ2EBUUoVliJKkJm2RTrb1LpaQkUCy5nGpQgJCyxH2ooopZSoqJjWWsscgxolFCEDsqfWpgBQ2s0porWWbQoVy0KZEwEto9RaSwIQJeycWsMJ2Nmy5TAm6WylFoFR7SLQNE1dqVOmnQYyU1YgeWzZpnE1Dja1q6UoW4ZQSLKkWiumObFrLZlpFWeGFEURRaEobimUNhJSjSAzs7WoXe0qVqk1W07TpBpd7YEps4jadxHKlknaEhKkUajWajukEMgQUhQVCjIlRARIRkUhAXJIkWSbmooiFBSTxqEotSgCkekIUNjNaYXASC2pAkWoZEtbEYBCEQVREHYio8hsii5Cwzi2qSmilpImVMDZDBCGKF0VVtQotUhGRRJSME0tIghFhCEzi0qpytbGcUxTikwoJEjcxkZE19WIsN1aa+kQApUSpbenNhkljoiQHbUQYWeUcAJu2QCFshnb4KR2taudTZGMSw1C69UyotSuZHOETJQSzZAehgGyREGEipAxGBsIFZmIECpFKNrUIGutlgXj0HBDkFJAujmzNZUCbpmllsw2jmtDRKQtO6IASF2UWme164SndKlRSodToSBUakgRBckocCkCO6mlRI10BlFqHxHGOY02FqBaa4kotaTIloRCxZDpdKJMFFBKlzllI4rSBpdSIxRE1FpLkSLtNg2EaqmCdJMEQiiptRICZyayHKqUWksFNLbMqYEV1TQpSkgQpTizBEiBFIooKBJQmMQyOa4nKeqsi6ANTUURmiY7m3FINSqBs9VaELKQnG62imqpIkqJiIJkK0rMFvOoISkzJSWSwiAFYhwmQiFJSADpbG6lCMnpIBSKiCgFu5RqPKxXte+7WVdLiSilK6WrtrEjorU2TWM4LIQIZbNDOU0tW7ZWIlLUqKGklIgunaRVioxCEOM4pK0IKUJKA2A3bJSZIZVasKZsbZqilCCmlhECCSghgLAMspOIQNhS2MZkyyg1SslMATUwU2tJSlKR021qmU0BDhUQpWiaJmcSYaczA1AoSgkQiK5WUGa2bOCIQgQhO9OoVIWy5Ti2vqsgJ+lEEmRrbcpUSkoLaC3dXCJKBE5KUciZFgGIGsJNFIUym5uRS61tmIxRgDDjOA1tqF1XS8EZIYgoddZVYGppnNkUOHMcp5YZnaqiTc1SV5RTI4RTighlEhGlRhSliVIiSmtTmyZDUW00N9LplqFi3Kac9Z0jx4kIMKAgFIlEINN1naTMxCpFU7NbK6qCzJRztR6HYZ1Ti3AakyoRJWSZNo1jRC21FuUwjdMwjtNk29DPKhElSljOhhXFQdRaI7xcrZ2uXY0SUxvKp3zcR01thOi7PqIrVROTx4yua2MLXLseO5snjzSXUiwfHS0tbcwW4zTVrpt13TiOhi7KNKwbhCxFo3W11q4HTdPUlej7Pp1d10cUZ2stx3Houq7WrlQF0VTaNK6HIWrpuz6TKCWi2jjTqNSaOMchVDAtZbeI0lq2cUSutYRl7LSKIqLWKpF2OIJAGsZ1RNRSbSnUhklE1KKg1k6BpGwIIbXWcGtjKyUiCoVoktRaM5Qo/awTYRqOUqrCmbQpkUpRTi1KgLLl0AaskNo4CmiMbSyl1FoiSilRiqxURgmpyEmUmC1mXUSS6Vai1K6rXRVKU4okJLK1TBeVUmsptWWSWUppSditZbasfVWSnkIKES5Jw4JUqJYSIUUosIkigzNVQmJqLRBhnFAgp5adIkJDm3JqisBOZwRRaiic2dJtmlpLkKxMq9RmKy00TuuiElGKSnqSVCIyiVAooivYxrb7blZKVVq1lq6EwrIbJiUJohSJTHezeS2VZJxaDYEiSpgE3IwKUUupUTMTQBFRUIQMqiWaM3HL1ppLqc4EkW0yObUIlRKlCOvw6Cjcuq7PtJ1SYGebsiURxkUFYzJxAeyoNaBNpuB06WpIGCkiVErtaskG6QTw1BIkSRGykSDb1FTCreU4yTK2bdx1Xdf1FLt5atlykhAlM1ErXQl1sp2ECErmNE2NzIhSa4noCJeICGVrNlIYORMiogSSQJ7Wk7NFKY6Qo++KQ8NqmMgoJVwkAGeOLbHJCBVIZ0MKOxupwBkRahiTgoyiQCFNU2uZQhKSpnGcWqul9H2nqGlny5BrhMBiuVo6WymSSjqRhBIshOw0CtyaIWsUg6cp7QiROU0TpqhGOFQUCslWZoKKpKJSSqmlSBGCItl2lFJq53Tz1Kap6zspJJUQQoSiZDbLCtEY2wQOSVJKRbWRdkIGYYEpCsBON1sB5DSlkWxnFNWuZqYz7aylRKlkGgokLqU0pxSlloggWzYyKFFUiiAnu2UUSJVSAyRyMkGASUFEiVIazsmlCCMZAqL2XVEQCiglbHLKri9FtXlqY3NmlAoeh2ZnibDTqb6WiCK5TdM0NUkIjJut5mZLwDiOAkUhLZoRTURmSiCVWiITMrtSLCll40zsxLXruhIowKSNbKoUtdZSSCMyHZIULVtrWbsuSmQ2rFqQikVRSLJUSy21TtMwrNZ2GgSSgJbNpBQhRZEIQlO6ZQurdn2RcppCilIkKYStEk7LYKaWTstkeswMq6s1IrDTmc1OQgKmcZSilpJ2UZCYBtg55ihi3nWqwilCISCnrFUASBG2hAnLSuc0tnRGiSiVTAWesnZdlBIqNpCSIkSmrUzGccTUWqPWkEiKNLU2jBNW6UpRQY4IgJZ20nK0K6q1a22cppUUorQ2qpSqUMQ4jekUKtFZ4Iad6VC0NmabpkxBKSUbRZqaMxvpUsJSG7PWKtWikiYUCECQbrVUSdmaUIQkqmpE6bqebPt7e6TVBY1QVZDIrZVSaulq1+Fsk2stuJWoLWWSUN91CTitCFRqCTAtSo0SUYrtTMuqpQjG9WoYpxrhoKJxGhGl1jaNObWIkjJpikghcCqK0yWiq13piiJst2zZMjMFaU/jZCFQKKhFUgiFDEGaIqGsKoRCIeR0lAgxTpOdJaKvHRGSQgIKYec4jDQjRVqlKEIRJSRJUbpasVpLAKciUDgbIqRA2abmBi6l1NplpjO70nW1c6YUUcMNFCEE0zQh1a5AKKKWaJNLqJQotUQJt2aFTJumUlVqyTTOUkqJQMppbK3N+lmRWjbbISF1pWKmqSWtRJEMkspk2xlFhTKNOWWrEWMjPUUpCLVWSjGuERFhWyVkppyilhoRJRCyokQptZZobkmb1c6iTWlcFSo1ccumEpnKqVGCoI3pbF3fheTm0tVSS2bajOPQWpv1M7tlZqlFJiKKS2vTOE4RRSW6EnYwZZSoXVdrqaVzmwQ1UAQtbQtFLSG3TEHaQLbWpiyf9PEfLWQkomWzM1JRu1JjaGOpRaJN05STUFSpqChwioiiWjqhNo1RSi3VMKyHftZ1XZctjw6O7FSJENPYpmlUdF1Ulcg2JSZb7bpSassMYsqkTYpQqKtdrV0gFESGMGEyJKCZftaDmqdKRFRnc2bX1RJ9qrmlJJlSK9im6zs3t2xSSO5qR5QSktWyZSAjkQkIUIQUADm1liF1XVciQtFIsqWNXbtaSmnTuBrWfd+XWrHa2DKbIkot4VpqJ2VUFYqETKJ0ghbzeXOOw5hkax5btikVRC1SSECQdliuxsJdKQZRIsBqUzMGF6m1zGyZia0okktEks2tZQpEgB2llEDIatmGaSQJwhEydmsQWFJgAygULVO2VCmWVBxJGpwJshRRJLlZgFEYC8vOKLWUkumIKKFwNE9TTpZERBdumTgsB+SUTkXYBkuln3XNGqehREAhLJsSBXVdB5pagkOOCAEQIqKqiEwFgTIQWE5kZwmpFKftJkkSorWcximiYMARRdgCqYvIbLO+j9Jns91wKKpCdrOJUkrRNE6EutJlpiFCAmxFWJQIwziNafddV0vQUoVSVKOmYhrG1TjWEmlnTpkm3UgZQoFbNiSRIaWtUEQguq7WEoAotnOaVAotW7YIRURQHHZiEEqRrQmiq6HSxkymiKqikCKKFBg7TYaiSFNOiUvpEAapFoWEQ2RmS4FM6Uopai3HNpVQjUKJEoqqcRxxTlNObeqigKKW6CMQkkqZhhEsFUQUKVRqrbWUCFCpEaVka9M4WmRrU2sYo4KmKSWNbRqHASRJIrDsbERR7aoBhJCKSlQVqUxOyRFdqQWFlZlEyLYzE1KWRBKKiHACLSdnZimRBmeJsFMQCkmJM3FL2yQWbtlykoQtNE5jtuxK6WpgpjYZKbM5JbBtDBERhVJKRLQ2tWxFBTNOLaRhHDNduwCB09gupVZ5bFNVlFrTNgpjXKzmtK0SEKDMNuXozKm1Nk21hKJk2kTUUlBraVFUMlMRQtmy5djGlCTV9bAG+q5TMAxri1K7CNkRYpjG1rJ2XdQOUBRsRERERITcWtIEUgClaBgbztoVlZhaczoKTpeuhuRsAIqQolRbY1tjG5dSQupqVSmQ6VQUoRJCSJKYbGyTJSqB06FwNiBKEUiKCCFFEaAQCgjkANR1fZQoNUJBlJJYtiKiIEARCBHhzCRJRy2OxNhWBOlsTmcpRWBAbmmnSwlbzdl3XZRwY8qpRIkAiKKWzpbCCogSkm3ZUUCgSFspBZgoUVQsSpRxHNMuUTy6ZZaIlhN27fqIIJstBUIpmhML5AQ7kUBFrTVFmBZCIWNBczoRSApIKzNzytoFaBhHZEMJBQUVlchmFdW+q7W6GSkkAkmCNk1TTgggISIKQnZaEVIR2WxsSqkqlsCl1ikbWArkgqIUnOPUhEORdssstZZayCwqiliNS0UJhaRSio0yw9kggsDjOCbISpTZSg1EgK3W2phDX2elqwGWRYkSQtgCk5Za5jSNVtRacIZKCmyhCIkQ6rqKIpCxpFCoyAmiSEbKjIgSUUtJbCmilCiSFdFFlCiWJTI9jmNEAG4TSBFS1FKztSRLxLBeZbrru6BkmxKKQhHgaWot2zBOhGotKkGAJTkzE0eUwCXK6Ak3RelnfVFpma1NOSVSqcJElBBIxjk5W1MBQ0hCUabWshGyoKhGF9hOStE0TdM0RS1RSmZOLccp3YgiiRDDNHmaJOHScnK2CIWKw+mWUCiKApmZkiKUzZKkEqXIKhFdLVG6zISspZRSokQt1YjMqBFWQomqIlIRUqhlKkkTqJQSATgTyemUQyhKSOFsbUpElAgEFIFlO6emQERmEyjCmdAc1W20FVIUlailVgxSdFFqbWklUdXSzmnMjFq6vi/CSGC7GfBqPZSofV8Pjw5NzvpFNne19rPeTmcil0/4qA93RFSVEiVqJiCLdOu7TrWb1gPplHOasFom6b7vFGWapmlqLafWsu97FSmiRkkbB4KWKYuIKFMbpzZFRCnCLQUZXa216zNbjg3ZdjOlRN/1FCmkgPQ4jbXvAFmKUosiqqC5tamVWoyFCSCs5vQ0jSCgSNky24RjnMZpmroo3awfx7UhrakNs27W1S6tKJLl1hpZo4QQcohUV7voipNpnDIzE5vaVQHhcUysvptJ2C1KrTXAmcBkZZtSETiam4MSUgR26TuZlpPTYNsqCmitZWKa0DgOLelKRVaoZa6Wq9amKNFIm1pKVyt2wjgNma61tGwqJaRQURpJiuiLFLXGuB6BzGxtrKUSUpEsyVNzhMNgTdmMBYSkCJGo1pAijTOnzADVUlBURdSWrUgpbEqRihBFUSKi4GxhFNiKKLV2wqFI29mkUqKoVKdMOt3GMXOCEEiKCEW0KZMUAkAtM4RMWhEgB0JGhAqAlAYjRSklSdIOSqlStjQ4oiiiNTunsIkA2WnIljUqYGWtBWRnROlqLSUAcEtXBQ4rhVRKQJKhEopxaiEM0zDmOE1uJaLWrjWGcbSbVTDC05TgUjtlAiJUVKOkcGZraQkSqZYSJZwEduKkmWzNUi1RSldrjRIhRQmphJRTRiEUCmRRVEsJVUkERaXUEnZracLOtCNqiQgFUmtjy6y11lKAKBFEmsSg2nclinBgE9M0juNYo9SuhKpFX2pELbVKEVEUlFLItG2r6wpSc2IEUUpEyK4Rpas5JaTSDbdpmlqzW7ZE6rqultLNZrWUqbXM7GoXEAEKqRSVyWlbomW2YRymoYhQVSgUmU2l9l1VhIMgQEVKGUWRsEGZLdMkdpvSQqVKEaEIhUqNLooC0dxyyiqVrrZMRC3V2SzV6CKsEkUFY+fkJmQnJmqRZRto6VKiVGEZJNrUWhsV0dpku5YuItxSIaeyOTMlOTVMY2br+i7TkiIKSqUmT9OUKKIIu02teXRSaxfSNE1E7bpO2HZmGjtdujBhN6ezNYtSqookbIdjNptHRNqi1K5GKaBaVWuttUoCB1h2ptMllEKKTE85RRSplhIqJTOFJUwRSCWdykgciSEiTEiBkIRzHMeiACRFVGeSTihR0w63ZgAsCCAzIyJqOMHUTplumQhZkpwJ2NkycVpkpk0tpZRACuw0UmAjRJEAmySlIkUUIUhLYWebJiHb2VIKBxEhISFJoijAoHQDlMaKKF1fCJWoUUIqyLV0BDhL6UIkDoVhGsaiIjFOA4ooNSAlUEgtU1aptdQQSam1lFI6BZJQ2Nls7JYpKwpBEEga29CyVUUbx3TOaiVqZuY02Q5FrTW6yJbpCSdgrBIRVQoybRSqUUopLVvXd31XnZYZp0kRRQUSlG0cptFtMoqoHifV6LrOTchkDsNQSkiRSCBpcpvGqU1TDQTOpigErRmbTKmoOJuHcV0Co1pKc5JTWhvzee07xDS1YRyjykS2BnZK0jSO2RoRZEYUiTbZZK21qDhTtiQIQKGWLdOl65BkT+O4Hta1lFnfI9kutZSIKCWiRKi11tS60je3cZrkQJZliDASzoRhmnI04dYy5KIoXY2IUkJRLTKdQLaQKIFbQqk1LDshh2lym1CoyEQbx+hCyLIsSSqRNhisUFcqIScmQ4EEysxxHFJZotAcUbquyko3SVNmV8O2FLVWN4/TMKzGqAG4oSBMa2lnIVRdVCPCIdlWRCHQ2KauryLWw1AUs643nsaxRIku3GjTqAgRrQ1SZLqUEqG0u1KypWm1llp7gYVUaonmVkJdrS2bTbrVWgQhKUoQxqEQINtuOETLnFoDQiWzgdNIjhLjNEmS8JSrYei62ayfIacsjG07FEEhHKWkpbAQyqKqwMSUrgqKuEwRXZTSd9M0Gs373lJ6gmhtBErIiLQkZ8qpiGmaxmGMGthkE27TWEuVWK3W/ayPKEmO47RaLVvLKBVn+eiP+rAaUUuZJgsiousrTqOoxdN0tF71s1lfesKKokwHWEDLBiXTpRZjm77rSi3r9SqzRYRKh1y6ahtTay0qmR6mVmuJEoac2jS1UqsiapTMKUIoWms5TlNrpdZAbgaQUWZzYmxwFAlay4jo+plNc5KEhKglpJJutlSwadOAUIk2GZzZVstV7UrUapBKhIA2tVA0tUyTVoTBzrSBEkVFpZRS1IydpRQHcrbmECmkMNRQWkjCqBAGkxLQ3HAbRpUotZYotaullJAQ4RCJI6RSSkgpg0RM4zQMIwqmzPRi0VuxXq0SsrW0S601iopEpLNli1JKrUgBWIHX63WgiFJCpeuKyZYKS0hgqRQ7s7Wur7UUTKlRajXQjBRFESWcKQDcWnObRouu79wyWwNaazIRssCkaZl2dl1fSmROipimyeCk1qIg3WykCKk5QbXroxRkyDZN63HAIDuRTIQzo6grtTnbODUQtlAUSZ002bLJRBLRsgmVEgbbElFKKRKUEmmVEPYwDmlLjOPQPJFkqnkqEYIpJye1lJTcmkLNGSFwa00lgJa5PDpYHi1rV7uuyJHYVldL7WtOCRlR3FLCWHKJKkyRUJSIUERgbMuqNYoqBqu1lm4ZBaeFTBCZU5tMZFHUEpYz2zRNmZYwtk0kEYAsCbBxlCjEME5Ta4oIKUIRilIUIVAJuZQqobQDjNJZQ0Its4SwR5imJlO7LkqJKCUiJEWJkE2g1obl8pDEQZhaytRatlailFoVRQonUQsYq7WWtp3T2CzP5rMgJJdS+74jlC2j9tiSZl2PSBq2FMbOFhElSkFTa7YzXSIkpRJFKFTCzW2aJGRJciKMlG4RBRESghBGoVI7Tw0BtDbk2FRwZraGotQCoSAQMopQpJslg9PCjTaNLUKKLoJQJJlOrIJKV1HgCQOUUkJRSkiKWmtEich082QTRaWWok7hYbUqXdeVul6PDgRRgpAInLWLGsW2lRFRVBWEhGTouk5Jy0azoeurHDgzDWSoRnSlJnY67VrCipZTyzR0pUaJqY2ZqUQqtRbcIIQE4zQNw5RuCoUQIWRs7ExQKUR0ONPGpJuKJLKlnbItDNM0tnFSFElRiqJIpFtrTRGAsQq2nOl0BIZSiVJBrU1pSgkbIzJB2EAqFVEUth3UKNlybGMoIoqgTW1KO4koURUKA9gQEhECgECoZWutYaJWRSiQSlER0HBBaGqTFBFFIVoaD+OQECVsZdpuLVtr7moppWDbMlNaAgmZbExtzGxSdKWTMqWqUNCyjcNQagiZlBUCQqFAEgpDiQhQiailGrWcMltE1BLTMDV7bKObVSpymybIUmKaJtkhAcMwTuM063uk1ixTa4kakmqEFcM0tGkKhSKmcVwPQ6khYZIkndlMEKpdqRjkoiKiQakViczoIggJ2aAIdaVGlK7vmpXZCmGn3YxqKQhnq13tujlF0zC2nIwwhC3GcfA02khSKCTjaZxUhEKBFKWGpJYpRdgQKKTEsihRnG4429Ta5EwsYUNXS993Ca2lJAVtaFM2IWem7anZFpJcVEshogqTSRQDRiGc6USRTpol1VozW2uZ2SSwSULRzfoItbRM7SoioiAHql1vuaslpNV6na31XS+U6QhJSKCIECabEc4ElapaO8Q4NgW2hCRZaTvdWmaEaq1SadnSGUhyTmno+q6UUKilm52tZZui1FICLFAJIdsR1YAEqYC0nZnqaiAh5dSytVprqVWBoJaSrZVaSu3dJqIii4KNSqbBpJFkRrdpPaqWlhOpNG0anXaEImopCoMIbIFQCNrUpqnZbRzHKKXUgpgmt2FaDqsaNfE4DRExm/dTa27YViiiKEIihNOCUiIzq4oVzVkUIQinGwlQS4nSCUIlgiRbS4wUq6MVVnRVVi3Rz2YOkw5FpqWIiJYpS7VO00hEyxZotlhMwxBS1G69XpWIvs4Iysd9xIdGqWNr2TKd4NJFSNEVMhMzudbS3NbDWEsobLAJVErpu1pqxTkOw5TZ125sE1IXdWqjsaCbzZCLouuqIlrLCHVdrxRFxhK1dtgtURg0jsM4jCqliypJeFiPhloDlGkgSilRc5qMZNIOhFwiIko6u9oTgROFoKhkm2yVGqHo+k5RBLXWULilQpnZ2hgKpKmNJK1N4CTX49pTs6i19H0fpUBmyzZNQpJojNnsCRAibU+JIsLO0nV2ipCQbJFQS9gWatOkKoxQc7pl7btMNyyckDZEUSmB00gFCEqtENPU2jSUrqu1KB0VK6ZhRGRL7DS1Foac7BCZqRp934PtzPTYcsrRiZNsLaGrMU2Z2cYGimlqbZqiRCiaE4SdJmnOrKVDkZml1JAyLalEmXIAKbpSiyEiaulCbjkpSpQytlFSZk7rARFRQ7ITVEqRqNFJMoRynCaIiCihEkQUlSK71oKA6Lq6XC6nbCFZqGG5oIayjRFBSGk7DUWRIjPTLoRCthWGyDZFjXAkdFFqV9frVUi1q+MwLA8OoxQFmbaboiiFQCYCQIpSJJSYzCm7eS0RgtJ1oUg720QUMgFJzmZJCFslJJcoLZsCt7QpJbCpQcpSIhW3MafmrkQtNSKiFEXYOWYj3ZwQiGEYjYpAwuFQqDjdWktcIiyyNczUmnApIQmMQyGnW5tsR9QIsDKzZbOboZSoUW07U0Gb0pkR1Ci1qyKmNhWBNE0DSMrWpgjG0XbL1lq2ru+zqeWkrqslhICpNUlRChhju5QaoarS1dpaDuMgRQlJMU6jUETYrZSStGxZSpXBjhJSlCKFpKi1drVGKRY5TiVCKuOwXq1W07TGisCS3dLZWiullAjbmdmaJdltnKZayjCuMzNK5DSRoABQhEkZk1hSphPjjCjpSVYtpWGsvuujhD25KW23ySZERNhumW5OgwyMbbI96ztZ49QSEDm2ZneltqlJhErUggLa1LKLIOxmYQlCpJElJSkkKSJq38uZRlHs5lQ6Sw1QpjNHAyG7YQS1VJPZkigBOEmrlAg7mVqbxqm52Znp1ixJYmpu2TB939danQ4VFUVgC1RrzXSSObWpNUVEKREKhbqKhWyEwO5KRC0CA2mTkqQopWADgRLJthAgiTCa2piJglKK0+mp1FpKwakSWKKU0JTp1rBcHFGyjTYo7EYoIiKkiEAJUkjYDpQkznEYJRwh2xAmSokoMshpKxTg1jIpoVK7EpE26VL7rnZAm5qnSSGn7RYqma2lIxQqIQWkCClqKEhcuy4iSIswwm6ZXalCkG5KZ2baKcmAQo5So6UtimTZTqdpFiq1ElIqglK7UJQSloo0DtPUJqFsTSUihBtSUXFmy5atlShEYOzMNtlKOzNt2xRFhMZxUoSqqlTrLEpkMqyODlaHtVRV1VprqQqVvgvCNBEgbEFCRLREdmI7M+hKFUBAtslR1PVVIDSOk52hkD1OOYwrQ+37iLCJUCBwRDFpowi3NrXRU0YpUQGypRQWzpbOTEqAGacWQakFyTkpqkpk8zgMCKmM4xC11Iip5dQauJQuc8qWXVctsqXtKScLGYsAWf1s3pVaSqStQEU5TFM2oEaN0DTl5BYocaZDUpBpCRtDmHSGpFJkAbUrJUqUsC0FUhEtXWoFmQQpgAiRQs5aS42qwEZAqJTitLlMiLBo0zSl+74r0YFLKc4EY2opTVlQRAUUKlGF0xYSBrdGV7uu76ZsOKU6DqtQSFIJhXJKIiw7aZhm4fV6lJjP52Mbp2kCoigULdPpfjYLkdNERN/3zkw7JEcIy1jC4JQUCiFERIkSJaRQlJAlhZNpHLpaSi3IbUpPk0pp47BeLUvXuSXIpO1SSnO2ZgXgcZhaZpRiFKJ2ZRjHlpY0TVMNohS3TDVFwWQa6GohonYlokytTW0SIdPszJTdzSpJNsqsFJRpnFGiq3Uc1wngYubzRSlFElA+8WM/qp91R4cHLdu86yWtVwOidJ0soagh1HICRZRAxlXR9T14tVzJRNE4teJQiTS1FOSppVCtJSIym22s9WolZT/rp3E8ODiMiFnt0sbObNAURQo7a62z2UxVrTVM1CilQihialPgkHCCQpRaCU3TRGtRSgm1RgmmNrplSGHGaWow62tRmAgbUWvX93Ucm2lEFc7MrutrKelWo3OEbRFKlb44U0alYJw2jlrW62E9rGsptVSDECWihFQK4WygUoPMdDpFEAqhiFJrWNiWyQTSUpFQQZBZSg1JqJSQmLJl5qybNyciFFObIlRUai2l1NqVKF22aZpahKIUwGk7E0JEKWn1sxIpy1O2zFaiFMlyhCJKKXUaxmE9KMAuUSSnMxtFFMIAiTWO6/VqqrUCESVqoGjTWKLWrohSIoiotZBM2fpSLGVDItPZKDVms9nUmrAhQpJssk0NIiJbG6Yp0zK1q5JlTS1LLUUFQBJIRmVYr0uUWvuoRagQUWS7RLgUT5NDNtgIcAgRUpipGdKSsAylFIIaJaJgdX0fCtyiRC0VKBFRKk5klSiotSaplChRJUUopNrVruvHYcxMrFQGRJRaZBkUEQnYEYDcbAGZVrY2TVMpJVFESLKdbcKOiIjo+xqlJLYtCwXOgFo6SnEqQkKBiVpqQZSgRDUeVuvMKUoNGNs4rIbSla7rS+nSOU1NpCTbbWqAsdMtm42IbK10xU0KCSeGsF26UmtxtpYNZCe2UaadObXmaepmi/m870ptTiKC4mKIWiXJqLWWOUmliDApBOASoYg0xrX2pRQkiUzAJqUoEVgiai1RJAJRFFK0KR2ECiIIy8ZROkFrTXZK4IgSoqhggFLCxnZzFhER0zhh11Izs9RaIqRQiVoLqKoYOy0hkQ2RNUqUAjJg1S7cklDtakjr1Zi0iIJRYCKVIBsnUcKttWnC7rvekK1N09TGUUXdrO/6viham4ycTZKCcHSlECGYsqmpYRyAnZlkaypVQLbMTKmUCMAoKEVMMbVpyqFGV4swrQFIJUJ2M1kiAqyILiLUhpYYSZItO8VldoLdSqmzWacSpNerwZF97VFEBLYinMllhq6rUUKOFFVRa5WCtEKIWruIkrZRhLpSEWA7bWotJkIAyIoIhSS3JimEQiEpwijTpFUiE9sRoACLkKRQjS6x7YioXZHVmkMhyHQIDEglIoRlRTZHUShspxtEFyFBZmJJspobqNSwlLZkktrX2lXjbE0SNWpIqgbMNDWbWooVIcA2IWrXkRh3USVMYMjWMtMZoSgFBTTSIYkwKUQIO7MFYCcW0ZrBpcpRpmkUilJKlBJhHCCcY0ZVjTI1t2nsaj/rO9UqSKdRQMsRFcjW7DQutRagKEopUaWIbBlSRHSlZpGkLoRyWK/b6MXWZo2KUtQ2tpAiIpsdKMLORrq1lhZNEbWWTGiJRJJk2tiJjGVQGCsiQrWb9V2tpVcQKiUiaiXd3ErXRxCKkDHOKU0362uRrGlKYSKc09iQnW61dhFhMkrpu16WsxlnZqlFQgpwQKmllKhRFJF2iQC1qUWpbi3ThJSBwEQJWjZRFMmkiEDNhEkIhUKSLEl4SiOctKYIKTJtN0UNRbOzpQActVQ0ZQtJJdrUhA1Ts6RQndogFCVayyIZuSWKUCEIgpBtS7aDiADcMgNJUshJSJIsF5jShohSaulqhUhRVNo0SSA5DVFK1FKm1sZhbaNSFMps09QUMeu7UmtmKkR6GqZSSy2BiqG1KWot0jQMrWWptZRiLMnp1kaVQlQnIY8t+yhdV1erYbk6rLUvNdJO0klIhNo02RmlA0VIlqVpGhX0tYsqEa21flZL6ULhEl3tFZJktzamImo/I9MtIdrUVEqNkNT3Nd2GYQAklaghqKVNY7NbOsiu600WESUiVFRtT22KIG3ViFJoliJKyRyFI5DszLQX87lKjGPK9LVGCYI2TsvVUWaWT/m4j6o1sEpQu7kiQiHHuF4S0XV9m8bJrqXO5rOwI0JSmlI0NR8cHpJtY2tLwmTUWoqkkuMI1Fq7rptyamMrKo0ch4GIrvbTNEWJvu+bk+bS1YhoVpFMa1P2fV+iZGvNFNTPeuP1eiV7Ggc3pjYppCgSoQgJ2VOzwm5GdrYpnU63YRwbLBbzIo1jc7appSJsBDalFLKZ6GulahozokSJIhMhMatdN+sgkE2O0xiKUkoQObV0q11fu652VYU2Oaep1tp1JVtGiVK7IrVMSRHRWrOz5aQoJUKSFAhn1qgWbjm1aWqtRolaVETzOI7IQiITp11CGIKICCuFcDa3bLJTDqJEAJQISSHwNE01uubMzFpqKRUwtsm0Sqm1rI+WwzTM5/Ou74xKlFo7FaZMiCghB05Q7aLWvpQKbuMIsjSMQ1pdKYqI0DgNY5tkRYlpGC1qrbZDKqWUUkotfT8TnqaW6YiIEjJjGwAltSshmnOaGvY0TVBqiUwjj5nZrJAzCXW1FBXbUYtFtpSULcdxLKqzWTe1BJdSBNiqIWSDUQSBLYU8NSTbpYRKwa61m/WzZuFWoracWmtYwlHUdZ3w1BwI0kmUaOM0jkMUdaWL0DRNLVs362WcTltYIQWknK05BUVRIqa07YioJcapyUZktkQ1SilVCgwiE6TWRtulFAUy6SlQqcWGoLhI2EREtmYofVdLoBI2ilqKBFhg0cZmjFVLRC22CQW0bCFq7YpKZnNEQdlarSVzasOIAU1jGz0WlallKRGhKBXLIj05KX0NdUWFElUKhS1nutkgXKI4REiZDmFlJlKbJkmzrstgmoYGRZ1EICIQDpUSOBNaG0lSUqblomLbLdNZpFCtXTGupZSuq1FrqX2tqJgWRKmRKZwIiYgO4xK1hMO19FFKywRqlSQkWwp1tYRKppwTJaLUohinUZKw7TEzpwZKWxF97UqJUkQSUbpSW6akEm5TTtlElL5gj2MjqF2HJdXS1whhEsjW3KKUcEioFLKplABFAQWuXRclsIGuqzhXy/UwTsK1VinIVkqtJaaWdivRdV0XpRpKqSFNbWitRSkRNQKbEoFpUxumETskQ5RwunZdKV1IERERtdZQ2E5DWihKcSgslOlmFBEBEUEQCmRsOyMikJ02kkhUS7ZWSyBBjMNkHFGyZWaLUClFgjSSJNJRSiklbePMBEqEYGqtIKLYGSrIobANhIQTrKDWIoqx3QzY6UwniQNJ4IAQCqQAbEqppYQD4UaGA6up2ZQoNq01Z7MpXRGyyXSbpoiIkB0lCs4GUUtVECFjN9uSgmK7yUpFKVFKFLAjJMl2ppGkLEQzhEogopZCqI1j2lErVo1i7GmKElaEyJagGnIpTq9Xq5xSoXUba8Ss76OGTSDAdkRVUbaMUkrto8gZUUJFJYpkRFeqS0hg2UTBOJudFkzTiIPQrKuz+SLNsBrHcUjZtpNSNLUJXEuVgozaFUlOhyQp3aRCUKSWjlpqCSjTOLacImogK7pSkExrqaBZCpGZxkJOFApFJtF1fd8DQaRoraUIImqNUjIbEFGAUooUBuGImgZRo5ZSSqnZpqklkM2Eao02jjZ9qUZEYkIRgiKZKLIicY1QLU6nkyIaqIVKKSHJRkjCYBAGla4g5dTcLClKAStUI6QqPKanacjWQE6QMMJAKaVlM661SKRUajiRlDlhIFtLTGuT0tF1QqSxFJFpbCSjUkq2KXEtRdgGpAiLAoJxak4rwpmmoUAA09RQ9CWcmXZVSbmW4tQwjrVW48yUFFGQnc505mSilq52IdEyx3FE2AbaNK3HNfaUrasRpSRu6Rqlq4WQINNkI2qIbOlmktpFaxYGQBESJbHbNK2HUKm1MyiIEhElhFtmKCScCQKFpjaVoKuVkNPTNCpVu2ojou/rlLi10tVIt0ystE0atXHK1ijqa02BVaC5jdNQq8lwm2qNbO3o6HAcxq6rCrXJXZFQ7cowjtM42VEVtevKx37EB9tSKaWbiag1otb1allKVVpBc+tqJ1uK5mxtilLHYVqNgzP7blaqACxsNztRKGVJJSKnNoxj6WrX1bRqlCAkVIpkK0hLk42dUxttC0klIsY2hdSVsJRTKmzTxjFN33WlVCRBKSVtoNRaFJnN6YhQKbWUWsIonSF1/WyaplQS6kqRSjrd0kVF0TIJRSnj2HKcoisqMoGFbMlyIUqt2SaylVrBFlL0fSeFsSKcDOvVOA61xtCS5igRkq20IZ1Zaze11sahRBAFALc2KUIhSWmDI6pKGLvZskSo1loaSC6lSupKp1Sp0dxac+JpGtuUJSJKBWdGLVEUUphwWjhKscg2GTBTm9xa2k6XUKZLLaXrAmxPja5GCeGYpglcClG7IhQlSsl0KG2DFMJ0tZQQZE6ZLcdxHSpd15WI5owI21KUiNambFNXq6SxtTZNOU0lqLVauLVAUUuppTVwK6WiaMpSSst0JhFtHEuUrtYoChVCLVsmUUQoFBFh5zhM/awrpYSEopTITJPKILApodbaNKWcEdEySykIDJmllETrcYyiru9kSRkq6WytKUpEMW7T2FqGIp2IzJbZujqLKifT1HLKEmqWwU4UITEFoVCUGsOwiqi1r0XK5hJhyW3KNMYQKoqghASWJIHdnJLUIEQJKSJEZrMgZWUaoYiw1NUCBSe2ovTzCiUzTYpQyNAyQ3JEoRi3qSU4kyJEiUKEc0KSlNPUhjZMa1CtJZ1kEiInW0ZRCxhE4gBHLQUFwqiUKFJrrTlriVJqKUWQU2s5yUQAtJZTtoAkSbdGFAUREVECOzMlhKZpgsxUtiwRUzZhrJYtjYI2NQlMZkYpyLZLqOGpDZlKWonOTguhWqrJzIwoEdXpiLAgnW5Q0s7W0ulsRFUJt0w5ouTUMicTIUWotSwRpZSAiCgRDhXCYCERiigqEZRiILPWznZms+hr39KZLSRMttamRpGidLVKyjZFoUaHaK0pwk7bSK0lWLKhllitV5n0fU8Uy0FM2aKGIpwNZJASmFpKKkEbp4ja9b0g05lTURBqzojSd10UYYdCSBEkKnIUt4awLeF01KhRKXY6s2WzEGEUpZSQgmIUEZJsMqdQtDRkKCjCGOeUiDZOLceuq12p4zAoUOmLBHI2pyEtsIBAUQomIohQUIhEBSsiQUmEDMZAtpZpISdphyJqKRKSoESohIVkDAgwkkBA1lJAisA5jY2QpMxWVKY2TdNUQihqBKK1DNHSgEJKEMZGJUKKUiRkbJSZThsTCjS1CaKrZRzG1lIosaBEwQ6VKDLYntpERKlFaVRKKIQFws3DuJ5aU6gglUAQiogIuZlSulolCUcpRNBay5ZtnFpmyG2M0vW1lijOLGC5RIkoCbaEbUogq+XUEkW1U9hRTNrRdz2SjMlhmCKotbOJkkhtbJktSkUhDAqF5QgjgaVwy7RLqNQuFBK0JkWpQUQxiTM9jc42trRCRRWnbTtLiSAa2K61BJpwKZIFtNacTTiiSIoagAInIZwYFMYSuE0Oudk2OEoASBhDENFVpGmaLJWukp6mFiGiyBZGhIqs1lK2ikLF9jiOoFIKZBqDbUChiABkqUZrbWpjF1VFaSSQhEXYIHCCohRFkbCRSpuGqCUoOU3TlKVESEY1alptmqQIRZRQhILWmhLbEVLUkG3bzS0lKUrYJqA5iYJQUwZWyIhAisyUhNNOkzZ2jVC36DFETNPU2ihKiBIRUTIzSgRKuUYh1JWCwnbaEoEUoQiM07WrTkrXt2kcxvXGxsZsNrdJQhJ2a80tkSKU0FqrfdeVQGptihKBotQ2TtM4qpQSxYECUtPUQCbT2ZUSRS0zpwaWEM70mJMoEQEZNaaREipRLA/DKLvr+3GcEJnZ2qRQV2vLnMaxZetK11o6UxFubRqH2s1USo5DibI6XF7a29tYzGd1vlqtTStRLdJ4ynRK6rpeofLxH/NRbi2I1XrVcozQ8uioTWPU2s16QagiWpvI1tLZstQKzmaJzcU8YWyt72pRURB2dCWnNo2tYZu+9oJxbOHsao2INrXWJqG+q1IogihtTBKFQKWrwlNrNhKkm6x0y2kcpuJApHM2m01jBigZ20RrzShUS4laSNbDklTtazprqUa2SYOidpaLpRoyxkBXiyRaUiVkt2zONhmlmzMBAZZFFLWWpKfWWrrWwDhpbYpgMVuU2tE85KqoUJQ5IdrUJNVSpQJuaUUATtdaIyJbCiU2AoeYxhEMKqVDTtuZbo6iUqqdltswZebUxrBqrV1XnG5Ti4goZCqRc4oipyFKEZbENE7jOJYSw9Si1PlsYeE0uKsFKacWQTdbYNbjqiAiahQh5MzEmXIbs7UpSlVma1Pte0GmEKUrXZTa90LrcSilhAQgZZJuQuv1uHdpd29vb2O+qCXGcWxtAitKRNQAo5DTCgUWQdiZpUZI0EIl7AnLIuRxiqpQYBuHAnIYxxLFcoiIgLCdLZ3Z2tiVatSyye5mM0EpYXBKYNKS3WgZtdSI1lq2JFRCCGCaJiEFbkkRthSkS+36rhTVYRyNBc2UCAd9mZVS05nOWkrpyji1SEetUgEwhESEJElEKcU5CUClBAJciFJrjVAEuJGBbKUtSREGmQjZOWULMOGcWsuwLIBSSoQkZct0ku5qRyArSolUFhephEqpIIucpmlsUqyODvf39wnX2gERpZt1UWuIEqVIfd/ZauOUtiJq6Qq4CNuthQoIWst0UmsFSWotbdeuKyFbtfZ2qyXaOCU4m5FQqQXSiYyRMHJXuhLVpEK1lnEap3FSSKGIUhSTG2kUTkvOlhgbIDPdplJCiugKkkARtVRZuIFxGDtTtkAqzsxsdgZdy6FNDcAmrVKdlkLFphQkKWqEcGZDbZyiSERESDG1sU1Za2eLnCKCUEi19vO+J5iGofY1oiYOUBHpUBhHSHYmaTfnNIy0rKWM07i/v48ahCf3tRuzydjITYoSsrI1k2AsRcght9amKYIa0Vo6VLpo0wR2ttaMACqlRDFpG9vpKCUl5FICUgIgQZGtGbeW69WADCrhiJLNw2qZzcitNYsQ0zRN01CiBxuQFGSzIDNVCKLWvu+rkymz9h1EQAoMoVqLVKMU25lEiYgSUoRsFKFQBIoi2UkETisioLWWrbVMhZytRiHCNkJQapUAIg1BSCJthSJCKKIi7BSBVUopkp21FqmgKFGiRARRazrdUiVKiZCcmKylItwSeWqNlAJEGEnYpesEyCVqSJMnJSUiirK5TZNRFwXJmbKoMY0TsrFSFJM5Da1NA7TmaRrHWkugVIYiVFRDkC1rLaUoQlKJErKH1bgeVy1b189qqbSk1K5EOm0rYsrJdlExthUYKUIpRSCHFBFSqTUUpUQUBQolBFIppStEhEpUQp1QKcJyUorSZLbMJgVIDlTaNKIIUdQhKGrNUSilqhRZzTlmytQaKlFLLWBRu24aJ9tSJSSAtEnsbE6pyJYMzjFdSmArXWulKZVGEjlN49hKLc42pQNN4xQRfV8xUrRsdnZdF1GF29hAskMk2GknKITByOmWDauUUqKUKInJVERrCao1FFEku5nACCkEbmMrpVgG2c4pMzNKiVCJYrmUgmSnW4IM2Vo/64uqaTalxDhMiBJduqUnN+ysXS0qzpyyCQkMTkqRJDeHZMmZ6ZQBpjZ2tXa1kpCe0k5Xq3SllkJmtoZJu6jM+lmp0drIpChqk02WUqJIopauRFWJtEIuUUstAA0HGKdLhC2CPmrUyCSg1opTkhQyFog2DIBKsQGXEqWWwBAKnLSpkW5jo0Skpqm19GI+x2521/cKnBlR7KylRilSZDokg03X1RI1bZySVELWOI3RVUmgqY0tM4ISEUXNLipd101TWy9XXd/VUsYxEaXWWiIUtSslapGODg5Wq0OVmNVau25yKyVq6adpGsZ1UUmyTWOtXddFG6fy8R/1oQhDZvZ9181m43q1Wq26WRelunlqUxtbZjOKUqKGGpnZz7pSihOFsCecOWUzQak1W7acbM36LmpZrway1VmfrUnqZj3OUmsbpymnUmtIrbUSEV2Rwi0DBTFMQxvGrqsYQ8DUMkrUvnM606VEwy2zqIAMGGOjbG1YT+pUIsapKaIWlRKlVmFhRYkabco2jlIoCs5mRxRFRJRsOU1T1CglimobpwaSW2uSonYiolQFdivRTW0SBiShyGyjkzRRnM6WdmuTo5ScJsulduM4govCknOyCRXjNk1kdrULhTNLLTSnXYSQJGe2dIlaipar9ThNtZZAlmtRSxQqs66UkmlECUUUIN0MCslIJSIkzefzUorJElFLtGxp7AQLWayPVsujQyil1qpAspwmIiQV6jiNkLXIqUzXGmkbRxRIKK017K6rEsvl6uBoWWrUUlSKFHbWEgG177p+JkMthZhsWXZOY7bWimRnNkexU5JK6RTYZBuMI0opsjORADnTk5zNLbPWGqVmIglIpxICAlnTlBIoAkqUlm45ubl5ShuwDVKoQhpEOoUiOgVONxrNJkqJCJUomZk5RS1SMXagxHKNLjGZUhiMI2Rna850rbX0FdOcpdaiKCGCkBSllgiDVEsVoQiyJW6JcGZGKFJp2xYocJJOSQU5XCRbAgkcta9SQBpUKs7mRkpyqSWQSi3IJNB1VbVrbQpUQkZ2E6olFJrNF/P5HBFBlIIzJxOappZO2zK172qUQJQAnBhHRO1KmlJqRCQpKVCmFVIExkKi5QSk3ZWulOr01LKW0qaUVEpVRGZzU9IkyVaAJVlSLaVEVwtRIlSiRARTa9lSqNQCYNdS0mpYUkhpY9sORbohEbUGoaKQFVFqUbFws1DtpKhFEkFBpZMMticpSFwcRKbBmUzTFKFag4hsTQrbmVlKzXGa2lRqrbULkGQrWwMpRDZDV2tXKpDOlq2qlOgalgiHcZoI3NowrO3EdLNZqSWdpRa3LP2s1FqidLWPqmEYbYssUQVumZkqRUFCG1so0laRUSkFSpDGUza3tCQrCkSVm1s6U4qWmZbtGhG1FoKIUktIpYuqalBEUSVkXEopZsoUcshtSqmWiFLCJUlnCmQhQtEyjW1Xyc60A7U2CBm1NoWKndlaFMlMbRrHKUrkNKYdkiRQBDZGNSIzl6tlISJqrVFrpxrYbgmEarplmxoSKCKd2GljKyQVZGyQbIVMYlnKtKGrxW4tndlCURRIRRElQjKgqFFaS7eMUlq2ghQxTQ0UtdZSpAAUlNpLJp12KdFAdpQSUZCcaSmKcspSoy/91JpzDHOwOshhql11EhH9rLNbm8aILkIgOcdpMpZCwThMZJpcrweckkqU0pUSxaFZXwkN66G1oWWbhqmWUFEppQQZ0dWaSjcXByFsSV2tUYKQEM0pY1WV6CrGdgQRBZNuibI1ivpaEHYSCnC61jCZUyt9jVrG1mRLBMIyDmmc2jRORUWgKttBIElOcDpEKTK4WShNukmEwplWAt2srxTjTCsUtagERrIIJCDtaZpKqV1XSy2IlqmUyWyUoNZaa6CKMhSllJYTiq6rUkggTVMrlFprs4NAThlwtmaUmaQIgwwRaSRXKLUKjdOEYjHrLdrUIqVQ0iIkAnA2lRIhWRaZDRCUWgRCaacpRVXVmemJdDfrGg6p1pKSZFDaoFqL8XoYsGtX7VQU7BQqILl5PQwtGxHGIVSKMWDnlC0iIiIki9amUjqJllk71ajNGZKTNo0tPY6r9XoY1uuWTcE0TOpKiZrOUmqJgj21JoFZLVeKKLW4WVEErTVbYY/TVEqptUzTWBR917nJJcgET0NLN8zYphKldF2SXa3A1Joi7Awiw21qUUoit2yt2VIpJSK6zm2a2tjVWmppbSKbTSkU0bKpRJh0KgpgO0AqgmxDZiulU0RzggNlIoxwtmFc1SggtWljc2c9rkUsFputJeFSSq1luRqmcT2bz2ut49TKJ3zMR1mUUrquM3bLZpcSs26ezWObyDaNSYlSIlA2S2BPORUFyjY1Z3a11tJNHqVoaZFdPyuhCNo4ydn1vYiWmTgi1ss1eJyyTRMK2xHU2jsTu7XWWkZXutKXrjYnUiDV2s36UiKKonSSM9OZtXYl1JyZVqhKU5sys5SYdXMFQlFKRMFGuIEUIbc2TGNE1NqFarqBQiJIpxVRVBShqLWmXVCU4ikjaiklAbtNkxu1q3ZaKkGbMFYoQoEljNMJms1q1/VT2s6+6yxkkKIKy5JsiShRSrWaE0cGEYqkEcJYilDaUaJEhGj2bLZAJRARdgorAQIyvR7HtEupcmLbWNQuMCoRCgIsk4YaJUJpJ/TdTOTR8mgap0XfR1csFCErgmmaWnOpEo5SQ7WJIiTcUJQScibglulUAAqUmbWWUmqJIiGYzWcRUgjb2Cp9RFEojMDYrYEF2WgutUgYCUkWtZaQaW5uRuq7ikprraBM44QoQiGnici0gq6b1Yi0SVOgpbqiKMLhoMjpqIro3ZJIHIpIZwRBRESqYUKSauZUS3R9R8sxR+PWWpQSRSYLVRG1lK6EsSJkJxlSNmebCNVabINaG9vUIBppCBQqmeM0tFTW0gFTZkACALZkY5IIJ1KEIqIqKIoiuYTTibO1bM1SqWGEyUzsNo4KdVGzTZYE2ZptMAYbsLOli4KQUBSBUZQSoQKBCcXUmhtIJYqdJWS71CilZmaSpC0nrqoSl0kmM20USrK1ZuyWU5swRAgSu7WoJRBmmAZJaddSWsupjaUEVpvGqTVJMqqlKkqtFgHNliSkEkAayaWWKFWS8NiagkIUoQhJUYqhTeOULU0NgUDgCKSgpA2yM00gSRIK7My0IUHOVEQQw3och2VaXdel6bo+W2utYSMiqgJFGKcJInNaj6OVZLOJUC11ahOAorXMdO06y2kTkWnIKLUWAVO667rZfC6IiPls3oxEWA4FwmkQzVOWGkBrGUhFUWqEWptac43AqQgp0nZrEUVCCmSjCGp0DmoU4cR2GkUBSpumEFFDSCHJOEmkIBRSKKJEmnCq1GEaxjbNZ7NOJW2cKtFaZrZiKJKKJCSRACo1ysSUYyJFVaYV0JBCgVKNVDoRISHIsSUWihBApgGREYAU0XeldLVEIJO4WRGkJ6dbsxQ4JEONUmqVybTDGE+2LGOQZCeOdIKBUKTATgNQEEKUKJZzalIjwnKzQ0GEFEIUCCSMbCvCBizI1rBqLaCo0dWCAqxQKBSSIlwkWhoporRp6mr0s3lXi5NaY1qPR6thNu8jIjObMyy7qShUW8tSS7axZetmfe37EHKoFvC4HlQiFLLIiVpqiShdS7X0NI4lgsaUjUxULEtkOpvbNEmRap5SKUKhCENRhIbVcLQ8QNQSkqLUqFWIVIjJxg7VFBK1VJI2TaZJEVIKkLOlXbsaRUilFI/NZNRSokzjpFApHSFPtkCEstYqlM5pmto02u67Poqcjk5SkbFNIsmKwBihUmqUmLK1qZkUUbsix5STQaa1lGgtIyi1d0sBRbWbAW65HtaZ2fVVyM6WDQSkXVVqrSGpRDplhOyUhYIgMYpaFFHsnNpUakhK2waTZCgQRaEiQkGRVGpJu7UJSVBVkBTR2pTOTLq+L6ko0cBtCtUQmBKKKhoCO2vtUtQIB4IStZRobcopUXS1dLXYWJZBEk5nlFJLJzw22+5rl4mlWgKnJKlM4zhNYxQiaqhGREglakSJkDMzW5QaojlDql0t0UkOCQVFXUTaadJT2pJKLZiWqaI09lSji6LmNC4h26WU2tVSqodxyoxQRJSIcWzpzEa27OZdJVbjYGUpVXJmK7W0KTHRFZrHaSJVQiWqzXq9BpdShWqE0+lMG2jZaindrA+7tUmom/VFsVqvpmkqIUWxmW/Ma60tpzZO0dX5YhYuU05pSqmGqoKi1grkOJVP/LiPdHPaQm6polKjq4VgalNAlFL62vc1okbE2MZaFarDMGTLrnbObM0RpdSo0aWzjdM4ThHKltPUptZCETXa2EqRQuM4DsNqXvvZfNZaAm1qJSJqVdpCUSAxUaucOSaiSGkHESq2h3Hdl15gokS01qZpQpBWLV0ppSs1CoEThWpElGjNbi1JSVgtJ5LSdQWP6a4rEcp0S0cgZwncAEOkG4FUWjYZFQQK0xQVSVLMapWjKSMoUULVEcIWLbOrfa2dUxGUWpvd1ZqACSTJibOV2pcunGRrwzDaDQqyUKajRFDsJtlRnI4k7VJUQqpicoSMhmkSUfoyjOv1ctXaWEtEkUrJaSJKIdJgT62NrYWiRNRSrRinSUQthU6gUvpaiyVDIdzcPGFaQyJqlBrh0khlSgGasjmnNrUoUWuZnIicUlI362rfSYEdQJEzUaQoLo5o2abVUGtRKZkOqZRQ6WpXQzgdtWSmpIgA2jSlU1Faa8iKAhgHKqUIohTENA3DOJE5OUWrXReOdMogWQoporgBzaCQECAIEYrWHFIjMVFKKCTl1FIUSo0SpabBOYGkEFIpURRFRJSCcIi0RShKV0ggI8JSKAoSEqSRKCESQhExTePQhtZarZWgTdnG0aF0SlKpbq2UKiuilELapRYJGumWLUsUBU5LkSSiRBQwUaI0u01JiMAoEMEwjuCQogSKKRuZtVbkloapRGcsYQnTpqlhhZFwiUolpEIEUEuHZEFLhUgLLAPTNGUau5QC2NmmKVCpspEASSqlYINAKkWFomqsUI2Sam0YI4oiJOFSqsCBrCAsR7OdlqJlOifbsh2KRnMrESoRUtd1ChDZnPY4jOkMFBF2ogDaNAo5BG5TumVIBoGEAtuglmlnjYIhKFHShoZVSpRaCoqQjXOK2pWIdEohLEoUERqH0elSa6nFKIqQBALjbAmpUE5NBqapTa21ohC0HCXZmZld7fp+jiEt1LLVEpTiljLjNDY7p6ZKjYqQpHAbUqKLKjGli2QokoLMBhEhoaIotRBSynZmE6XUYhQEQS2llECycxwTEpQ403YKbE3TaOj6LkqFUiMiwiSWsdDYJlqqVoVshErIQATpdKM5MUIqVSEFIuTWMmqE5HCJqKWGPDVLUqjIEXVs03q9DmFozVObZnVW+s6ZLTNUsC1HlIgQKFQgEQUAgWRZkghssFCzowYIQBYSwp5yCohSJCGgmBTCZLplgkISAQiXCAWECrIB7AwAZWsRtpVGJSKU6ZzSQsJ2UYBA2G1Ky7UQCgIViqIvlQLO1to4jpa2NjekoJG0UnpENoRRQDayRIlSUBiLElGKabYgFHZL0Vbj1MZSJTQOQxvXpXYqAYpSu77KqISRyYjAEqiEjclSikols6WnseHs+1mtncGZSmVLQgiaLBQuyKQTBHJrhJAwFmQaVEtJO0I1SooETJpaS621i7AACElIRchBKCIkSQohCUVgQ0ZREFNORNhtnDJCEVFqoURmhlGolmIBIpNgaoY04cxSSi2lpS1oGEeQzcImi0qDkEUUqShImigBETK2iYiIsWWIK2RKKDNtMl1LQcp0tgQkoXCzJBTNDpMYEMIKA2rZjEEhSZAoQGqZkpwtM1u6q52EEzeXrpQSikCy3TIjBeSUhCKilBJFoBLVNqiUsJN0V2vLNgxjRITCgGQb55SZ2ShFznGaQiVqlNJFUTgBJJNdrVHCRsKmZcMOIrNFRNd3pG2iRCgsl6iBIiJtpEDA2IZSuhp1apMbpZbMlCi1LyrZWrNrkY0iANs4I9R1MwicoFo6u7XJmRkmbXWlizJNI0Gt1fY0jZacluyGRdf3pUSEQjVqGdfDkGOh1jqTGLP1EQoAyJDAgmkciTq1af9gr0QNd80NPI2jM0t0tQtKlNJljtOU5RM++iO72axEnVpGoat938/alOvlytD3PQipRBGaWsvW+r5T0bhajeNYau1ms+YJBGHnlFlqdLWzyJYtW611Nu+NSo3S9ZiAWe0t0nYmUpSCIiISZboIlSpKBDYRgRS15JQRESWyTW0aa18VZZpa2hJ9V/t+BjjparFJEme2VESJmNo0jqMiFMJQ1JprVzJzHBs5JXRdV6NMbQoVk0EoZORsU2tuTMM4jSNuICddX6NEJtmmllYwuUVKEdlac5aIUmobU5KkaWoRklDDTkghhWoNO7MlGDSNk4jSlRql63tFZJtySmertTO0aUIxq73FODWJsKMrItbDaszW1a6UqLUoKSW6UkspUQooShWqtY7j6HTpqtOQXe2aMqcppyardOEIYVFKKNOYru+iFORxNUaNvtYogvBkYzerEKFxasMwRIkSpfZdiVIVCQIiQoGNKLUD4RAoKLWmVYqCqLV2fW97HMfWmkSNsFSh2RLZbCkIZ2tpu0VomlqpXRCtpQDJ2TKzFpUoaUpXapQSUaJirByGsWHhCElhESFLOKepKQq0UEFqnrBLLc42ZYaI6CLkRFEUtWXDtrMlXZQQWFEjFGEMrbWpNWU2m0yLbE0qNjm1UkuN0gRyLX0poYhaqsF2ES2tbBERIYRFjYKQ6Ep1NqNQSJIcCkJVxcrWpmwpSUUGoSg1cIJAKqUWyMxWakkn6QgkKZ22SpRSZCPJKCKEojjdWpNwQkhQopSiWruiYihFKh02MumIooJbjsMoEX1v0iYQoYIISRJubtlwTqXWPmq2jAgiMFIY48QgzWpnZaldhCIiVNqUY2slIqKq4ObEkgyZmS2NBVIokxJOFB2k5WxgbCxny3FqQNQQmtoYUomIiHEYpexKN7lhFCEZcDpCIQiQpAhDKDNDqrUmgOwsElG6ria2cTrJUGQmzQoEbg7ZkFNLu9ToStd11RE5pW2MEAUh7FICorUmyQarKiICKUKZTrsookTKYVm5HscSRVIJSqmJSUcpBtJIUmRrbch1G0KldGU5rKb1NJv1dtZSFSUiJJBoUHBLjNVkHEQJAONAIIQwkG452pRSjKdpcrJeTyXU9322dFpBCZdSZLXmNAKg1lpqYJEkKCLdwBE1c2pTSgGKUK3FOO0ggGkcpZAUUkSZ2uQkImrIUihssJFKlVRsGyLC9jiNMqWEMYoSGGxCkbYgpExyHIdxpFEibDJbiMROQlIoW0MRhII2TlG7rtYwLVuJkAK7tWy2QiEhYaRINxxRC44oykzAzrQBUISg2CgEcjaCljkOIzgU62HALSIkVAQpBNiM62WidJ4/d269PprP50H084UiBEZCtZQSwh7H5pZTJlC6vkTYUwR2MdPUHJlJtnGKqlntS62KGo5MSzGfL8DjmNjYimKnm1UUKiWKnUEguWVIFuM4ZjNB3/V93w3T1NpYItLO1tIJliQRGBWblm1qUyhwYkthMU3NNmSEsZ2JFFZm0to4jiitUiQREUq3QIqQnU5ni4haqrGNnRAKBZqmloTlGkVEOiVPOWGQMJ2CEkpSyGE5SimS0zIhIdmAM10iCJrTk213tfZ9T4SQTMu0iCJjobSFW2a2Npt1QhJO0pRSkBIVyXZL1xKldHZOw1Cj0JVKcRgCmUylWyOzKVRLpNxaS7IQCqVTUWRLBQlzWVFRREzjlM6pNbt1tZOVtjNba2lDIqKEVLCNohTAbtkSnJk2Aos25eHREaG+dpnpTNu1llpCisyWOWFRFEYhpw2W18PoTEkIZwJtmmxKKWMbMqdSw5YUids0GoWEcVGJEFFKqJTWTMsILDcyW9ZSShTs0tWuq+M0ttZq17k1SSEkIdXSJWSbGthNhihdV8LRlER0pSQex2nWz7q+n6ZxNY59V/tanCSWTbpEaWkpQnR9V1DLBi61dFFSblP2XaklnBhsQlGLcvJstrG5sdlokkqNNHLUWUfSpqkJTy6h8kmf8DERNprP+tJ1OY12QpSulloCWRKWaMOIUdCV2rJhp12Luqi19iVCKDOTLKVTqNauRETQla7UbpoGbJmpDWObpqFltmGcUjnr+9r3bh7b5NayWYoQhAy1q5KlaOOEotaIqBImZBnkRFIJIWBqo8koZWrjNLY2NQvQMAxuGbWCS6kK2jBlNkEQSJnZxuaAIJSBJJgyM1s2tyyhUkvm1He1LGaldAoh59haNmGFonShwC2dilBIKqVEtikzE0NGFONhWEcESCVI2jgmRAkhy4FKKNNRyKZS5MmpjKihmFqChS2RQBKo1EAtnW5d6UrtcmrOJNKONLVGLSWzRY1SCvZqvTKtlF5SptvYwKthsl26GpBTm5qdzaFAERGlSMqWUaKrnUKWsjW3lChVbqDI1hSlq32JSHtq2dpUitIECJVaZDLTQm7raXIjQJCpOisRMUyjUInSWpsyQyHC2KK1VksJxZQpHKUjaGMC877DWA4ic2pyhJySShSqikpEFOFMoyAzoKs1aa01YSkiFJYRJAqFppbYERGhUGnZpCIzTOts2fc1FNM4KlS7UmuPPA6TlTnmOI1RQ/I4jiqqEV1XpWhTSxuyZRJ03UwKCTIi0kmJYrlNGcpMI5UII0mhEpJKbZnjet0yA2GhRNHSNSKiTNM4jpMtldKVaFNrLSXJ2YQnpnFSDdttai3pusBM05i2ACJCRdWkAUwoM5udLdMTDkIRYGScLWpXSnEmtqCglBVCcrOCTLCjFJxpKx0qkiSXWrBba6VGSEYFpWk52Q4pMwUCp9MOCRmE7dai63C2TIJau1JDDnApVRFqJCkUAQLsUCkFZQRCQVFBiihF2BBW1BKgWoqkUgIyICRVIYMCMkOhKAhANpS0c0rVCJfMTFKUCIOlEiWsKCVaZpFAQI2CPGbDdkJkphx2unRRS1WEwQluEiDkzBB2REEKYRRRSpQSChGyDW6ZCvV9D2rpEqBQkCZwpmyUbjgopQRGqNRKeMoWdinhTNCsn9Wuy5Y2rU1TZkS1ndiZpBVCaukIFIxDM3YqooicpgSXUm0bikImcYmCLDlKNNuZEja2ZRJkCBKHAAFpl4Iy0imFAdvY2WqpUWuIqTWbUCAhSim11HTmaEiFDLadKTkkoghUIqRSgmaczcZZakVSIskwtcmZUQq4q1VSOoEiRQ2FsE2WEk4howCwQRGaxlGKvuuQW0usqAGSPbUWEgZs287mrFEsOyciIgIrJAswTWlzmXBEOBtJKSWEjSQFgBBSoq5WQiLsHMbV4eHKqTYsz993rpTazxa17yIqJLJtAoMMilJDkuTa9SU0TSYVUaMUp8NOKaKWUmZd7xJgg0R0pes6oXE1Zrjvu1qLjWwESCVyag2rGBXkiMiWrU1RFEjGmeBSSq2dwLZRpC2BQTXCANQIJBylBniaWoBJ00opaVkEkWZqI6V0pbOx7UwVsjkzW5ucUjCMrUSJWpzOls5WopQiZ1OE7TZNIXVdBZALEaFpStkoMpubCWqICNsYRXRdgCiKKEBrkxS1ViGyWdTaoRyn1qZGqERBoCgqziSUmTaESgknU2slInHaRR6HMTMRSCVQKaXE1DKzlVoC2VlrbVOajKgopYAGSExDSqqlRikIT1OEFErbOWa2Uvu+Rik1myPsVAnVrosIJEtCpZRSSpsyimqtKmpTA/d9D25TC4Xx1BqZLko7x4xSFouNUosisA1S6WtVCDIIRUGWwjahUEB0JaQAHIgopdjGjtrV0tl0tXpMSWS2tIJSQhFqaYzNZemMkBRRynq5GtZrSqTTaSmwh2k9tWbINGGp2BLUGri5UQMcFIVKIBR25pTC09Rw1q4mLhZQu1oJIiKkUlu2NFO2dNruSil9BxqH9Wq1jiiKMrYmRdqkay0Bk6eKV+tl13WEJNmqXZfpqbnrSu36cVq7ZaldraV81Ed8qNKKsD2N4zBNcrSp9X1VhmoZh+UwjGNbI7CsTFivV621iLIahmyTSykl3FpiSbXW1qZSo0TJ5pZWOErIGscJhCiKcWzDOGwt5qWf5TQhiwhJGIGitRHANjibSUVERJJymNacwqULqTgz09kmERKtOVuGQASh0rlNpXa1lmkcW8O2ofZ9CakU29EVIQUVIU/TqPRqveq6anIcpzrrqkotBYVk2xGBPUxj7Wpf+yglBJblvvRd7WxjSzKWVCIiQoSNrER2s5WZQ7OC2lUpZAQpIuTWVuu1bUl97UUo3FqrJQiVUMiAHbUWIHMqtau1TuO0Xg/pBJPNGKQIhXKcWiaZCYoqpwEBBknGEUKlpFMionhKpwNFCYgp3XfFMLYpx5bO1qZ0K6WgMK2UUktJTzYQdgupDW3KzExAIUUZpzFCQSEICWjpJEMCxnFAUWsNmVpqKYixNWdCdH1NS0ZRSoCxDTKOEKh5nNpUokJJ29mcto3kTKcJReC0glI0rqZpGruuo0QOo501lDkJiWgtu1qANrWpNbdsbrUUIQcRJZ0qyEaluFiJkWRP05gSoZp2VaiUokjZuNQKxdm6roYKssDOYT2lmkpkZmaGBKpVQTVElFJKZjoTWyjJKCVES9sA47RWampTy6xlVrsKQiJcpCkzImopCpRqOTU7AJhac3OJQAWnJGRPaRACSAuljSMKJcIGBBAhm7RNBChAoSjWOA0ECGeWUhRqzQGllBJq2M3T1MZxiCillBKSlJnTNBlKKYqw006kKEUhRQgR0caGQpktLawQdiMgJZXaYaVbKQUCwqZNUwlVhSIycxwbqEQEGFsibSyMlNlkIqrUnALcPAwrISFFlFKN2zQ5iVLbNGZrUUIKhZHSOY3rqpJ2QBpnTq1ly6gFUSISKS1Ua4VE0Vorilo7N7fWptYEKiGkCNtFatkSd1EBFCAKJYqi2G7jlImiBIquymE7hB2yi6K1HKcWOBSKwLRsGRTU9V1RMa4lopTMlmlFqSUITZNrKSncXEo4pxJCkdlsZMu0NilVSkQJt4YA0mmjiBCllCiRGGpIpZSWk6GrXS1FUeW0AtHGSRGSAkUUSa2lwKkIhEKRbti1lFREUUWZ6URKIaFSio2FmpuaSi0R2VJytrQ9tUmyTRtHRUQJAMkmahF2Q6VEAGRLRBCKkGjZkKJGUQVaS7dWSlUICJWICCEKYURLd7W2lsaESglcRIKwiSgKO6MECpxIgawoWAlgHBgHSgwQKENM2UjVGgrLAkIi3FxKiRrOZgMijdSmLEVd7bu+njhxYmtzu9SqiNrFlM6UE1vOZqdtlYiuliihcAMmlYgIRQAhRSlRSomgRLbWWsucTNRSnQzj2HBfi4hskwNAxoLGOI3ZJtWOtOwIIqJ0pVAbmZmqERECBBCKrnYNG2ezpFAFI9VSVYpN7YqxW5ZaQloPA6kSUpQQmZNUulKQJBotVCQZG0rtJASCUkqRjIPKZYqQtFytxmnq+76USIcxhhK1lBAUBZFYUonOorVpai0AiCjNFkJEhJOur2lP05imRoDStMwiWksAXEsEShLk5lAUQjidJmqtQkWBWU8juEYNZCLbtF6tM1tEiVJKhJGCzJatkVbUKFIUg9N9F6WrmS1KSGGTlmwbUImQ1FpSkEUNOxWSwjZShLGQBa21JGVla+N6rUoQmTmOratFUpuaojipiqh11lcFzpSjlGJyGodhmrJNUbvoahsnTy1CUpRaOnWWA020vnS11DGnsJBtSi1RFcgJIXIiBJSoUULJME2168Y2takJEIKu69MoVErpur4oCI3jkEmJokKJ0tUql5aecnBr2SxKqVBKiFpqjTJNU2aT5ExRSona9SFsSxElSo1srY2pUFeLDanZvIZEerlaTWPra0coW1rqoyjUppY5lailalgPBweXWk6l9qUUqYBbIinS2A6JyNYI1VIUKh/zER8UpczmC2eux/V81gvG1oZxAEpfabKnouj6vitFimkYo5QopSul5Tg1z7qaaSu6vpJqznG9nqYpjUKW29hq1zmNqP2sSGCHNzc2atc7c7JLjS6KIhJDCTkVTpOBM6KEXBStZWsZoVq7ErR0Ipw5TJJKV2uEgrQRtVYIiqogTKkyKUUhpKTVWgVO0lmjACZQTOtxHMcCU47z2SyiSzdMFElhcpqMiaJQOJuTUkTitMlM9121GMeWpJuNu1qpXdiKCJmIrkQjs7mUOp91UsGWHbU0N6YsETiQIwoqmZm2W6ZCYds2EVGiGGdmpjGGIgFOShc5jkSJEHaVkrDdMglCSjc5ulmptUyZVQqFk1KrnWm6CCKyNUJSkWxnAZUq4WaKsLKlQgabICwkQkVoaiNAxNiaUIQAcCmllBKUVJMIKaJYxpKUzdkaRMsBFA5oxWppQelqjSqpRDTaME2I0ods213f2wzDqFJCREgQKi4hkBQlLLAz085mZ2tJK0FXe6HWmoVTLae07SkcmbQ2lSh11gnsLBEKBbLd2tjGli1VIj0ZowilonRdh5laqyEpkjRubYpSa+1amzIpJRDYJYrE2FJSiGygjCBUICxnunZVJiECRZTS1VrSxg5USozDME1j1ChRQ6WfFeP1MHY1BMvVkSyViozUPDmjyLUWCEmC0ne1RISQBIgIQuEEXPpaokTQ1wqSwNmylVIJJRhLQmQamVIkIgpmnCYyS6nIUpQo09SmaUpQIWqtEbYiggiytZYRpZQKKkWoBCVCoRIRIWyrRERBKKRQlCLkHCKKpZbpTEI2UpQSwkgRxc3NLlICkoLmzJbDekCSpIgSsV4Ny/XS6UIowmkkJSqhKLIsQsqWYCRhlTrr55KhdKXYaulSAsnQcmrTpMxSQioSdubUWmtRFIqQ7HRrBG1szqZQugmFSQyAI4govSLdIKJGiEznlGmHioRC6SylSNHaNDlDBQykyKlNLWutUaSQFYroIlICS0wtZdueJte+llKLQooQtZYSUUoESlvGhIRlG4WQotZSSki2BFFKCYkIhIiQVQKEM5vtEiWkEgUJsIVSFAQlShTkEsWQ2aLIpAhjO1vapu87t3QSRVYYE8XpRoLGaQqFcTaXMKiEQKUrZKyHtU3XVUcJyU5JKBIk1VKBUmRFJm1qTkcgZGMhkWnbLds4DRGyUSCVUgtuEMhtcptSSqRmKyhSWtAyrVCJsNNp5FK6rhQjSEAlQiWdmZlOG8iIkjIqpStFGqaBVFdKCKHEAjutVKmFglsjw4EpEbXvutJHUa2l9L2tls0Ck07s0nddifU4ARHhpJaiiGlqFKtEUBAiaWQ4M4swzqk5XbooKqULS26tlCKQ1OxsmYkIikRErSoomZrxVGuxilAIQpmWhVMoLYGTKCGK7FJKqRUFBauQDRQhhEkRCkqNnDyOI1JE1FJyMkHputba2KZSa1cropRSFAgh4VI6BJmYdJYIZ7Y2RVRCtEw073opWk6kpWjTGChlt1ZqRKkIyZkNI5xEiWi4QApnsx2SgTaNLUtQSm9Z6XSLiL6fRUjkNOU4jSUCPExDURDGUo0aJQKQJJO160qUUgIopUzjpHAtnYgimh1BpsMkSIpaZDsxYINstzEBkyEEkzOdEiADNiJCwDROaWQ7VNA0Ts6MiBQo+qiUmMYpFH0/S5xJI0spEVGKIoRpZMCYzVOGlK1ZkmVMayhKKbad6YSwUQStTc3ZstEUsw4zrlcWIdlu0wSA2zhOOREhFZSZk4xBotQ+7FBggIhAykxnq13tu1lRMW5tsjNKhBUSKEoR2YYpBOREq7WmmcYWgogpU9hphbpaMlvLpiglYprGaWqIYZoE0dfMlqYGCmGpFFApVTVC1L7z1Ih0FNOKqbWEQhJuUimlt2UyTSgTjFTkhqSIoqiK0qapfPLHfWzXdRLDOKJIW4oopZdm87lClehnc4ObZ7OFVDJbV7q+7/uun/U9itJVN1obI8JmHNaldNRorSmK3TLpSzGMOfW1hiKIWmuJGKZpalmLulKb09mkiCBq6aIg0lOJamcp/TC21fKo62bDsFoeHUSps1KdHsfRIBWC0hWhzIYptZ/1XcuGoijalEnrujrrZ9kato2kEgIrIiJCBve1lgiKrJKtlSiCKAWUmaRMKoSRTSlESFFCraVw6co0tfV6aNNk6EqUWgGZyVZYyJBulAiws6iEErfWWkQJwvIwTq2Ntat930uKEGKaJgVBmdqYU9YoJFEjpxYRpXRgiBBSCeEgFH3XESVqAQvVEpJMBtS+C2lyOh1RMtt6WA7juiiiFpWSmZYUGGVrOOusJ0mSBNmA1fVdlGKnKLWEhRMMzSoqUl8qigjSYGOEJ2eOkxQtU2QQRti1gkp6moYRq/bhVEqlqKt9ZksbaG2yCdyVGlFsFIFkaOOUOXVdF1GhlFDpKCpA5jSOjUQinYroSg1K7ecS0zS00XhKtVp60hYIiUxbKorWpqPl4TSu+65Pt7G14lAhR5cSoJyaSDtUIlRSFEXtiiFckNIJpYRK7QKi70iNwzRM4zRlQaXENDWgRkcEIDKtrhaSJKWQRahEZGa27EqNUgjnlEJd39VSiWxjsycpbYZhNHS12rRpzJZh4YxaQyHJTjuzNYlSu9amTNWQKKXIUmvpBKMIRdhKZ2utTVmqQspsRVJEGxMpCMu2DLI9ZUQIO43UnGNbh7oaEkVKXCRNTiGhUkKl0NJOUUoUFWwkzNSmFKqlkNnSSCUKCeGIPmqUCE9tyqmoFIWKjNJZpSiFsCKwwUVSREEt6UqtXQEpIG3c1ZkDkpza5JREV/rSKTJNQS6AbNcIQumUbTSulrYNJYqkkGpXQ6WU0s1mCLdm280WpQhVodayTdn1fa2daimllohS+mxtHAenS8i2TZRi5wQRRSU85dha2sIhsAhqRDqzTRGEyWwI28OwLlG6WS+IUqdmKWvtnHamogpymhKKSo0SpWBbyI4IoalNbZwmO50opERRoxA4kRU1bLdmZEJ2QyGp5YgBMjPsaZqcWWrNtIOAaTI4JIxlJOyiICQJZ0hJyBQVqVhkZohQaZlJmggprACLvuudxjapUK0RNQR2gkIhQlFmfRcqzqxRM522CGVmtlKKoLVUhE1rU+lKic6kEIQASFwUpdSEolprkUI4U87MbCWELGQUxV3pQC2nCAljaq1gpIhiZzrdGolDMthpN9tumFr6KKWlayiIZpdSu67INBCutbNzWI/pqaOqSCiiIk+tSQLSrbU2jCNW9CUUsqfWsmUppagI59QSd11XSmC11mgZJUrU5pZTa9kUJRR2w0wti8M4M+0MFQg7S6ldqXYDohYZFUVIUonoaudmYSkIZUtZ6RSQKGhYIoQUEXIoM0sNHIYk3dKZEQbaOLVxiFJAJWK1XE9tKP1s1ne1dilJFIWKWsvMLKWPCFktM6estWa2cRxr30XS2tjSiZEajaRWkekoUQJFZrOzdBVbGHA6TaDMtDJAVkSkVBTG2CjU0pZJS0qGcVCUrtTWRkFI2ZqlUqpNm6bmpEWdVUyUqLVApF0UkjJznMZhmCx3XQW1NibY2IQUtQgEbZrcjNTsiBJF6WxTA4pKlCglIqozh2lQ2mkb5GxTrTVU7Fa6rkQZp3FqKSih6GqRmlpOTRhFa5OndDgcpYRqFAmiVpWopCOUjrRD1K6iUoKu9pk5tsl2KVWKKFXQpjFUau1QYoUKJZwISnRRhXNYrinqu05Sa9M4TkWl9tXNtqNU7FAAJWrpq3C2RlBLxc5mIAJZGQhjr8e1xHw2k0HRsrVpapixSbRsk9R1FWNoLTPT6VKlzIiiKAiwVLooFrZFuGFUI4zaOGVz15U06/V6ag0yM0uEacNyNQ0jIaNq1QCpDePkaVgNG5sbXde3HKKrs66vtWuZBZWugoWilIAi0tlaK5/6SR9bS1kPwzSOteu6UhUEmtxQhLSeGqiEai0tgWYRJaapLYeVLEWxk6Ku1nSCh2nMzNmsi1LH9aqU2s+6NraWmURXKnZKgmwNqZZIkc3pMI4IVHJqNkQJaJnGRHRRulqsNg2t9LXvZi2dTqDvq4kSBEqniL6WKDG1CQljA8rMrquSWpss1ahRK2RmEgiXqOM04KnW2qaW0xS1mgRKFNOmzDGnqU2zWV+jJKa5ZaM1K2oUgjZNaWdLBUWolKKiEghZkCBkmmlKXCVL2SYnkxOopURUcClVUXJshCVJ6vu+n81LqdVRuii1S1MiWiNKqMjYJhR2gksU2+k2m/dRK9kI7FBEV0utvaVAShBRagnZiTSfz0vtnKlQKVFrDaLUWiKy5Tg1oJaCFBGZWUrp+z4yGokUUoAiVApyqEQppUZEhMNCoYZrRLPDgja1VroahLMRpSsVqdQoUUOyiJBqlXOYGqiErHBmLUWOKRsYZZuytVa7ilAKXCKiKhvC2I6IZMx0mxRRjEqUGsNqdWnvUhubySiadTMU4zgqUUhFgaJGlAiMHVGLSkRZD4NwKVVFIg0R1dBak2ltqqWWGs50GuTMlMFC2TLJsKYpp2lMsoRUInEhohRFlBLGSiSFJAEKbOc0TqBSIkopUYxsSlC7ahvCmUMO05Rd7ds0JbmYzaJU24oopRibjCikLSJEKSUC1KYUkpzYOG2h1ibIUAml05ZDUimlFDcnDgUoW7Zsfa3RFY+pUCigqVaJaRqiVimcBtUSETWxTQlKKZIkRUTLtFxLAZcaRDgbloQNBsnKcRyMJJlm0o2uhNMtp0yX2imECIXdsjVJMkbFajY4QhGlOQMjTdlynAQJAVGi7+elyGpB6WsJZCEVcopSQxEirVoiE5NFiijCpdQSxSGRRnLIRAhrHIdsDdUSqqWLWmhTcyul1FIkqSjs0QmWjESJvtao1Rgp2zRlkiiU6cyW42RSws6oJRTZptWwLhG1dukEQhESUj+b1a5EhJP0RJKkk2wpZVc7Szm1KJFOp0RYlkhjBHKmImyHQSohpy2VKFGqM7O1KIVmQiFZCjCMw0RIYZVoU2vOWTdr2TxNtetNixqgZto0ujlAobRbG6dmKWoJKRRIEYK0saErEdCmUZJQsyNCkmWMpBJyephaUSABma21Ng1j19UIBWEZhKRMUJQotdheDwNpRRGOKKZla7abW1GpfVdDaSkopZRanLQ2TVMLkZnGhYhSFUXZVELQpmmamhSlVghjJ0SGwhKZQIQUkXJIYGfDlCiKsFIoFOl0WgCWFJC2MwU2JaKrVQKCsJ0ktRaFsxmihESJolDgcGYGfd/n1JqtGjUialdqTFOzPTlDgCThlIQpRYZpGslUWIVpmsZhnKbW9bWUKtkhSc0ETFMb1mvAtoKpNbdWuy5KZJuwFcginM2l1IjSiallaw3JkyFBdhYpIlq2IKSwSdKScQhMWFGi1FJKsVNKEcgkFgGCdMMJShqNqbXMSch4nLIEpRQ7I7paAkVm5tQiAjcpQiUzc8qUQoqIWmqbJsmSMp3OKVtE1FqUNpQoKULFatm8XK2MZ32ftqKIUHEptUSMwzi1SZR535cqCCkgREQYhISduLUkWyjStjNUkWpR389IZ0uk1iZD6bsihLJNFPWlNqC1MVMhpdo0QgKl67DsjKi1VhEpAGcLhYSsJI0iAhxErZ1CNgIkLIGxKFM2oJRKTranzDYOWApJCJGOKASSShTjCEUtbRwS1S4IZUuDJCAiFIGQbXtsU9/Xvp/bbjhQ6WqNmgrIEiFCZIk+IiJKazmOU4RqMLVmKIpSuwiFokQ405lTM7jruyJla6XrSu2jCDGli0opBUUt4WTezaILSZmyQGptLIq01+OEyUxVpR1VtXbTOHZRuq4rtdQoQJTIbOkUKlKttdYuikqEaRGltWk9rHOclqtVTqMNiVRAbtM0WYpSalVRifSUaVHaNLll+aSP/Wg5ga4rtRZsg5wRpdFwUSgi0rQ2WKjUnCbJR6vVanWYWaIGdi1lXA8WXden3fddRA0xZetK13U9dtq1SLhlKxGEpBJRTMoqNYqwJJzZxmlsU4OMKEiemk03qw3G9TjbmG3MF+thSE8oaimy0tMwtJYpFAopGo1G2hNmam6tlIBIuVhRiqz0lJOpMaaLo5QY18OUWVRaTon6UjE2EYroaNM4rsdh7PpZ1/XOaZgmp0PFrRGYdGbXVWqEIqILScKZNsbIgTIzaiWNqVFbNiGErFKrndMw1r5UlSSGHCOUU7Y29X2XmeOwzrBwiRKK5maoUtoy0UWo5DSsx1Wo1FqFjHNKm9bSTgHEOA0YRbQ2pd3VCgmKUpDkdLNbqkQoJBS2ABSqtbS0RClRSi1RkIA2NpwqRQBMOY3rKUp0pQKJhADCMqHScsKtqIJJQWtJQkSUIozDaY/jVGsNab0eFKq1q6V2IRsBCiBKqVHHcTACdVESY1qbhpa4ZYIdpdg5tSZRa0073frZvK2HYRgWG7Nau1pKlH5qE87a9Uhtmmotfe0wOGtfizTirusl1RKldjVKQptGBUWlzjpFOFtEGC1Xa0tdKRMtKLUEihKK6IylhOi7ru9nEWSmoZQaQpKT5pbG2dKQCRERkpImJIckgUk3Awa72aQ9K5USwpakAGe2EhEK25jad5i0S6mlhOQ009RKCRHT2Owk080ERdXCLVGEohSFShsnlVIUzU43O2tXkdrYGq2qREEURMvWxoZCEOEgHJAtimQpIm0FtjOz2RGgCDAq0tQSQAhJiHBmrV0tVUIRbpQiKeyW6YhSa5GNhIQl20qCNo5TZq1dCUlkS6dNWElaQkEpRQoBtggUJWQCQ1gOFeFsrSFyaoRwUhTSME4KFAW5JESYtjxajW2IUpDdHKWrXdTaUdIOICxFAVobaRBKT7IcJaQaFWzAGGyVKKUIu9QSEVGroChK6UotgtYmOVRLKElHqRFRggi1yW2abIdkSVJAy1wPQy01umjTlOlpmiT1XY1SDBEVjKhdLUWhIkSJLopUxmHIdC2h0DAMKIs6BRGqpQqQcKpEjYio4CCik2UroqjUCIokgZsJIkoUpABjSY6IiIAwxilUai0RdhoLmYgS4JaJHMI4MyPkJkkmMaVWibSdbjnWrs/MNk3pZrtEWG7KEqUoEtp6sJh1JWqxMxy1rxHRprGEur5zMo3T1LIo7GkYJwjhiLCw3dpEOGBSVooUSMYSklUiM1fL5Xo1RFBKOAlJKi2nIEqEiCJRainhli0TY6tNIxClYNtJhMAJilLDURQBZXKz086iYoxIQqJGbTRnYkUtiKqQNbQJiBKKIkyaTEWEhAkJuURREEhWOqVIe3W0ImLWz9PZstVaI5QNSBUXhayowoRKjWLITEtym9oUhBGAJAWiRJSgYakYT20yZDppBlsmc8pSRMhTSpbC6Rpd7QqhkIhaICIsjOwcWysRXT8rFTumbEWU2hESYIQhQomiRoBKwagNWbrqTJERheZEQjYRUIoUYMuKiKhuzjZNmWFJIFrLNJKRS3QRAnVd1/e9sRO3saUVYdkoSolAJSRFUdrOKdskhRFCESUUChUJSXZGiBJFIexxHKY2RpSWDWcU1egbGQohAkzaURUhjHEUKUJAULtCKjMlSaG0cUsXhdXcwrQAJ1EDg11qBSRjR43JSXOEJIRAEG2awFEiCLccpxHLbpZFZE5CmGRKg8lkmAas2oWIKKzHsU1jLaFSgNp1XVfHNo3D1Pe1r31ESdq4HkT0tbOztYwSxi2ztSwl+q5rSWYasqRwjm1qk03pSq11XA9Tm7qum6Yxoa+dA0mlRJRaQwglSlGkUEQxRg6JpI1TGmgCimiZVgSZLhSbqOFsFrXUKUcaIQKVEuvVoIjSVbdWippp0zCNY7ap31jMakfQdX1EF1GyhI1KdKVM41qh0lW3lCIKdkqUj/uoD0MqJSzWy/VquexqFwVQG9NuOU1py5MVRQimqU1Ti1o3Flt9DdtBEIxT85TAvO9r37s1K0hHcSkhKUp0UbMYoyiFQESoTW1qqSCh1iqi1CrUpoYiAkldrRHRptbaWBS1VuNpSiddVxRFEgRhNUonCSfNthPTd7XvOzsRzQYnWQnCrWUmYWebuloxJiO6aZqMFUTfl1IkSChubVqv16XUzcWG7eZUURddNyshOd1ac2aoZpsiIiSTViSS7ZyQoqioKCQpc8RkNtkmx3ECKTS1sU22XIpq1FJKNmcmprWc2oQ0jlO2rDUShYxiakMaLORmjcMkqes6SiEbYOxknFo6nU47iFJERCTrYd2ctfTZJreM6EpUK5tNa5ba1ER0XVWEJycNhXE2R1VI2dzcohSRLY1EpoKu1KacWsNIMtMwTAq1zGG1zHTpI1Qst1SpKlJzgpxGISns2s/SkBm14syWrTU7UdjN2aIUQiEIlVDUagwupc82jdMURKmBmNIKutqhmNaDIopKlNrXzjaU2awjRLp2NSJyalBKX6bMaZgSsmGoXQWBp2ygNJJNFyikCEopoiRpu7WMUC1VCDLtCDmJKiGDFIGSTKtIimJboqWzjahk2pkhlVpkJybwlFIQOU0tcwqVCafddZ3NOI597UtXM7PWDrlNjVCEpMA2hCJCaSsIya3ZVhIB0KamIkk2SQoQCkqpEVEULSFznBo4qpgSuUaxRDq6xAHCJsA5Dq2Ea+kiJJNAGgEoFCWUtt1aWqoRKhEmkxDNWSRCsqLUljm0odZaS2cyQXa2plKKYpoadukKqNnhSJytKYSFbSkotVbhcco2Dm6ufVekUlRrV0ottYpobWpTc2ROkwmglCDd3DKNooTahN1CERGBx3VbLg8LEbW6mUKU6sbUpiRzarV0pZaopZTinKYxsaP2kjOdQCidgho9IGdRIBnLUpQIRUSpBRNRsNMepwlRVDKsBIUk8Dg0gq50FkGkARQ2yikRAHYppZTa1RKK1sjWpKildF0dphGFJGOcbg0HGIQsIkpkThYRBQgREYRKCGIaW5pSCggREVEjs5GKrgrl5HlXUQgpcDMQoRJFQjahohologYtmzMQkJnGQghna2mVqBGKgh0lhvXYshkFRsVk3/dBiRJYbZrGaVJIqg4FERFjy8yGilCJcHPSIiJKKQgVk0FE0Tg2tyZq1DoOY2vT5AxQBIoihSQMkmxPme5KlSIgwza4lVKQ0rQpQ1FK1K4vJeyoRUSkaeOooFAckqLImdjGmOYgcCikJEMgBU6g0bKlRBUW0zhOrQWBorWMUICwipRIoUCmteZMW31Xo0iUCDk15WQoCtsuhJGkKIKUisIguaWnNkrZdb2idqUqgvTUWmt2Op0oa53VviqqQlFCEQKnW2u1VsM4js6U5Kb0kBNkph2mRKAAQpIUYaQwzS4Ki3GawFGqSginMSBJoYhsbtOUzbVGKYHdkohQxDAOmK5UYZNJBjKUUgGbiJAkTNiN6CRFay6hUiQ5iBARYdkpkOQgFFFKRA0ICSlCAjBRQopSous6gW3ckNrULAfR1V5SZlOEKCHSCUQppQTSNE5tmtKKkBPjTKIAwpnZ1uvVwdFRSPPF3KBUqV1IZCpI5zhMkqQoihJRoqCwKSIdRXIJ21FCilKCEhFqdgnsUKGWsAWZiZWZGdLUWjoVEQplrqexllJqGYZRRQRGfddn2kHU4tYUQhEKRRQKRZluLUvthEtXi6KUUMQ4rpttjB2qhja1CKnUaRyAWmpzc3qaxja2blajFAsrZFpz4ECzWTdOrY1j1FpVRBhFDSfOyci2FKXrQDKZIDRllEC09dSUoRjbkJmlK23KbA3TspEOSUEthVJqrV2pta85uu+qsAPkqbVhGHNqEXVso0SUKKXKXq9W5ORsw2oVUXBbrw4VtetqQpRSoi8hB5SIdFGppUZRa5ktZSnCFqjWQpTyiR/z4US0HHOapnQNlVJba+vVUa01ahmnUaRKVyJCtWWrpUzTOKtlvtho07RcLftFrVECCBw2pmFozghCpaXH9bqlVcPJOLZ0OnEaZCMZVCKKCsE0TsO4rl3X1VpKcbaIruXQmkuUNk2Z6vreEBClSmqZIfW1q11RlJaZntIpREhISBGZDgiUU5pszQqEalejVid267s+IsZhxCabyS6KpJZtOBocjhKz2VwRbRpLKRGapklgInGIOuvszGmKKNlaOiNCApxTgkWRUIIUqjgtRWhqjZBsFdkYRGBK1JY5tdF2ROm7ru8rIgjJABKJRImoimytOWvExuai6/upTeMwKIJS7Oz6rkhpDEWS1FqGLErLlmNL0dWqKFFIuyps26JNwzS2lkC2NjkVwqxX63FYd9FNrSFJsr1ar6w2Kx1CtUQEKduS3Ty1AdTXmcg2NctdN4uuKwq3FgqCqTXsRioNrrXYZJuMQ4AQUxszbRvA1OgT0q4lAFJ2q9HXWqIWW1ZmgpHU1UowLpfLYTXrOoX6fqbi1XoNEaW2bCa7fub01LIUKZTQ1dLVWXrMRl/7zHRmNhtC1ChdXxDDNLV0GIrdHBG1FklCLTPxOLSIgtJEmyampIQi5CgBEbUrbp48tSmFVFRCJUqtgYpNZrplZqrIjiLZTlIYiBJOp6e+7wKm9aQiqZSiUkoQLVtmCzFO45RZCBTGECIiwgCJSqnquqqIKFFKKTWESqngdEuDEEk6okZxWlIEIblEFwrTUi4EkG6hUFFrDUhbIIpEM3ZK0RJjia4WkACwDKqlhCLtIgGhCMnY2MbTNLnJbpmttVqLSrWbnImnccAZtWInDkkolVNrrU1931mOCEwaRTSnm42bm4VEWiRFRZLwMA3ZWt/1IdmZoFKSlKUacpRaonYtk5RCUxtL6Wb9TPIwjgY3QyYypF0CwE5BlYwEKjIWRKkJNhFF0HKi2TYIMY2TQlVAEPJkghqBNLUp1UoptSsgcMt0m4qKAxvTIkpRcagUKZQRObUSERFIEWWchlJCMmkZ16Js4zAYIgQEEkYlopBNioiKHaWbchrGgbAIBU6Syc22jUPKNqlEKpwNYwS2ndlstWYLOQWZEynDNI4KRUREON3aFFHSnoax1NoycxpBRdEyx2HMnEqpQm2aZI/D2IyCcZqcnvVl1veZLqXUEqEiG5zOoBhjQ5QoUcKZIMTRwcH58+fGYez7rnQdNEM4LRWFpJBaZkS0nIblSqGuzqJKKg4pMRaSJYFFoAibruuE2zQS0ZVKlNVqGaWULrI1WpvSghBRC3aJ2tUuJbckApE0J8bjeshkPp8TpU1Ds7tahGqV1UKaWq7WYwRE1K6LqOA2ZbMVRBTbshHppNmZNlHk5qmNAIqWCS5RokY2R0Tfz4tqrVFKJBK2JEWAwIBUI5xkTgga2EgqKqWWiIiQ04oohTCJW9a+lzS1VkrtS4kii2zNREQJC4gS6QwJu5aKEykkpxUQITJCU6Yzo9YSZbIlBZQIhI0UYADLIAvJWCLTGEW0aVJI0NrY3EIlItrUDMhGOI1wQ9HNehkgaueW6amoUOS0na1lZkpky2G9lkpXq6K0nDC1FsM4DdMkhcnIHLNZQgpDjm3K1pUi2UZEdCqhGp3BGKmWrpaIKESEkEq2hqTAGdM02hYl1aZxsCFCBpFjQ5RSPGWb2qyrzRbkmMJdKUJSRBGWsBQKSLVMG2xJta+gls4pQUXKzGytBKUWA+BMTIlaIkTWro9Q2gbsaZxKUa21K6GgOUm7gVRC6cy0PbVstEwcSe07KdqYIRxFBVLY1Cim5QiSgqCNube/v16t+76LGrZlh1SgOW3GcYyIWVenqUmiEFFd1IZxnAaJKF1ErbVXCOc0tEYqM0oBl1paOqLYaYgo9oRorYHsbG0KE7WLEtkmW11Xbdo4RInalahdEKXrZFQll77r+sV8dbQmWy01bZIoUbquKTLTmbWEojrdpjGzJZbkbOWTPv6jJU3jKElGyqSR2XdzKSTVEhCyarAeWy2ahqn2XY0+PY3TqKK+lkQhQZTSSWHlNI3TNM1mc4uiGKcx0i0bmfPZXPZ6PUQJZ4tKX6ptCJOYzAmjKELpRkPhcT2olBrsHxxGxGw2G6dRoVKKJGy7WShiXK+7rs+WraUkSemGsY0NRIkagUSEJIzJWa1D5rhaWlECpAgptFqN43qlErN+rqB283k/k5QtjbpZP40tWyqIGoFSWYjWplAEYbVszVJAm7IELhF2tmwtMZYn7EzsvnYbm1sQmaZlmlJKqaU1T+PU1w65znrElM1JjVJnvRStTbbS1K6gMClFRCkRslfLVZuydkXgllBKDYKwjO1smSFL9LVTiZBsjCWcJmSDsG0FzlKqIjKzSKV2zS2IqDGMI/Ks6zPb1FqpvRBRiiWIEFJESdTPZrWrtaiUWkqJEhEKxdRa4uYsBDYiLJDJTCPZYEcJCRRRAhOSAmeWUkqJbA1pnBoQpRSpYdklSqaLVKJQIqRSayq6UmbzeZi93Qu7F3fni43FvJdYjitPqrWbWlOo1NrGKSK6vm9takktEjZIiEDUWjFtzAiVUmxL2GEslGm7Od3VGhHRlzY17K7rMluTS5Raawk1p2Aax2GcgNqFUaDMhlAE6ZYpMu2u70oUCYVKjRIFSpQoipTbNGWmXKY2RcVOCGzjnKbJjlLBmZZChRCWW2vZGs0q0dVaAlmJsUtIilprTjlOzUkp6mqNCCnSCUVCRKkCTdMQEelswwRGLiUilJnZjCRFkWxbwokVImpBVtoh29gKCQFGaUsgOafalTa1cWxRVCRB13WoDGOrXem73m5hpYQTRYlQKTJS1K6UqDJjDoro+1kpIUJFWOlUYjIzPU1S1FJKLZIlCSbIqQmi9qGYsrVsXa1g41q7rp+XKLLTjhCSTSmqtdZSMsEuXWdbBDgUiLRtSim1FsiWo5BQsw2emiID2dmmnNpQu6qQ0DSOtZ+VWkESUYoUmZktS5FTJmopSNmSZodCOFMRTmNjoihbOl0UyEIRQWYUsGmEcBYqVSWzTTlJOEEqReOU4NIVWelsU9aiKAqFjdsUpYQinZ5sHFEiIiGkcZigpT0OY0gqcmtGErZDMpKKsUlsgWopUsucxmahkDJRlBJOj9NoY7vva601IgQG44himp1drQp1XS21N85m2WNrpZZaa8tJRNQgEwkEjSgRRXgY1jaL2bybzYioEVIoAlxrJ0W2zNZsl1IxkqPU2nVCaUMKWRIyDglQqLXWxiFBQgpslXBrbZzGbH0/K6WMbQqIWtxyvR4totZS65QtnTUkhSEULW1nrdF1naRxnLpSum6WLbOlFJKEnVn76mkaxyaMqH0XESGaQRkRmXambUIlIhOT05CBaleS5hQiRDpbWpmllJSYTDBlFkqUiFJKiXRKMm5TU8i2nYCbJUot0zjZ2dVaVLqulNqVrjgtKLVIymwtLZSZ2bLrSo0wNi4lyLSMscPhcGRrCRgJoeaGrapZN0PCDhnT5KAISZhMY9lJy2k9LE0JaZpacyoC2nw2b8k0jhFdRGRrxog2ZfMUpRQVUIlC2OkESJqbGwjInLAI1yhSabZxiRIlMjOihogorbVsU4T6UiFbZtpFoYKttEuolKqQFAgyW+KWhIJIZS0hRaCxjbXWhsdxLBIJgSKilFIVksGZcqZVisAqUglbKKVoacF6tTLGmtoUJQJhZypCEWRa0JLSRUSFdBIRpsmUUgsoiiLamE66LpRqLWtfBIkAJVObipRyoSjAnprHaXSioijRdSVQlFJLLaXW0tdSbduZaRqlhhS1BA5nE2Eb20YRXQ1PaWet0de+9p0z0zkO4ziNKSBqLUVSqTa2DeMwRIkC4zROw1Rr7WtnNyGc09hKRClRopS+hmpmIktyyxrRWk7ZcmqJowRSjaIImcRqrrMwyqnZbZqyRhAxDINCSH3fdyXGzGmcbHe1V2hYj5PH2nURMU2TM6eWRNQuhnEYxqkrFQVuKcrHf9SHBlKgjDEnm/lsrhBSsyMUFKlkJqU4p7RTdF1fo4Ipgds0tqlNgfq+a9lsk5HjWLve2SQJWvNsY5a2p1SRS2k51NJHUSldQmamVaSQopRaOgFh0i1bqTVCta9RyjiMJUqUwIQAgUqRHbZba9PUiCglSi0hSREhRISAULTW7Gy4RlHQ2mibErKMSU8tSyk1KgrTnB7WI4pS+1qCqJ5aZjPGUUoQssnWMp1u2VLQl9pyMo5acmrIKiUhpBSJpQ55mCbZrTWS0tcSkS2RomCMVWuxG0qVUkuNCGyn7QaQNmAbC8BGoXBmthzGoeUkNOv6EkVBZozTiFNGtdQgiChFJbK52bUUKU0mrrXvoiBNrdFaKbXrai2lRiWAyGxFIZWuLyRTayVK1Jo2ZN91sp0upSBay1CUWgLsdGIbaDiUETVU7FQmkqKGVEud3PpaLLllKUEUBZPNlFEikFCKSpRSLA3DYDuiKCiKrnYW0zjZUpUsQlEC5zSMma2IsPquO1oePOOpTxtzPLZ1otQyTRPpiBIhSRW60lEKmPQ4NZLSRWu21ddKVVdnQm5eT4PkvvYtG7ZCSrVsSHIQhVBR6bu+TdPU2mw+m4Zpaq2UANt2ppOW6XTXlaid3JzITlNryZaZjiKZUGQioxDGgRCWaUFBIbK5RaVEsRnGMTOjYCSQFKXWUkIoQjAOk2w7VWPW15ZeDwOZU0unKcXZQoUQNjIRslEQZGuAJMlGLd0yS0SaloktCdyMktp1EQIphBACRdiWJAo5pU1ICpGybbs5i4RM2gkoM0O09DiNma32fSmlCCEFciEckqJEFKwSiiKBVAREBCpdLZCgNMjy1BwhMFI6I4ojw4GkEhHFNnKJDtrksbUmZYmuRDgdAc50NkuKGgVoraXTmc0ZoVK7UGSm7RKKiJDSjTSmtTQKhS2LEhXbTpsoBcmkHBJSOJEowpJbczpqCWjNDqpqCtmhsLOBimrBqJRapMSKEgohMIoQkoxtEyLdskm1dhUSY2ypL8WIoKhO05gtVWpQWmvNSdgElkO1lFoDkZmyIkLGQjhKRAln1trV2slBSAlS1BIKwJkkpSAkKUpRKQrZzim7rnR9dUpYJUoJhUrUrlakouIQEqQcfd91s1pqjYganZ2NHMfJUxMQyrQnokQbpuhqCSFlGmdrSHS1TOMk1C/62WI263pCzsxsOTWEbZmu77BMazZSKaW1Ng5rExJu1FqKaelM22CPw2CIUCgiQhGAgEZ0UYkSYYlmRKlltR6mNtZSulICYwchSUURRQinQcZpG0SpxWkz5ZSKQDizpSPC0KYmsqEiSSFFhAsRYAEhRQSGKOHMaRpCEVGdBAGJBCG7Zdq2TYmwQSVKhOwEGyI1TaPtUruC0umkkSVCCONEgeVsmelaKyDZjcwMRUhJRpQSEVFLhKJgpx2lRpSIktlKrRHKTAlwFIXkJKcmIkoNAZJttB7W0zjUrpYoOSkzows53CzFfD7v+y5EtglMpiIMQrWrXS2J22QUUSRLuJSIqHbL5rQViKIqiIiQFCGhEqXrKpDZagTCZmoZAsk2blAiSpQopco0N0kREVKIhLAbajnVGlAyXUrYpNPplimplCqUuEYJy6QIWy0noRKCUKiN4zS5m3WlhKU0NUrXVQulI6QIhQhqV4NIO+WpTdM4KjSODRNFQeAc2+BG2mGVUpxByFgRQkm21iJo6VJKCNtCmZ6msevqOLXM7LouIkCSppalFOypTUJRAwNYhEi71tLaZOwozpZpQBElIkVrLUrUWqRIa2rjNDWFulozE1FqF5BkTqolIiJKRAm3rDUkRcQ4TR5bqbNSo6VtI1o20plZuz4UaTtdC1O2KJI0TC0KXd8HcnMt1KKcaJkSBCQRtetrZELUEtncyOZ0a7V02YZSIhvjMOHYPrZlorUpG1FqmGnMcRpqidrNcppARoL5fKGAtMny8R/1YVba1CilVsvYYxuH1aRSI2wjiAhDplFbdPMsKoq0c2yhkJnWmWp22pluiBJRSh1bo3nKcRrG2WLRd9Wl5DjNFrOi0lpzNkWQdhDyOLbmFG5pI3AbW8o5ZZNzmEqUru8jiiKiROISpeUUNkVOZyZKqZSQRInSWkYtgVtC2iLHyYpaS0hOWsu+dpFqzllfFdWZoYhwURT1/awvVemmUBvH1XqQaCRFtjMzasnWsLFNlFKKNGUbh0FBiTrlKIocAkAWLbu+miwlLAlq14VYrwZCfddJJQjLmVaULmqpfYSThBKhUkqtXcuc2th3HdDV6tDUGi2jFCTsWruotZSamShCRJEkhZqbm1WKJGeuh7XbVEtkWqWUqF0No4jM5qll7SqEAkxzc7aI0tpUSjghmPV96Wpms43ANk4LOSeP0yQaBpEtWxuFiWjTlOmooGhtsFVLNS5CxW6OWgO1dIpCtJaSSylyALUW7EyrRFqr1VoRtUZXOiSToJwmybX0RIOIUJrWGlNSi4JpPU3TEFHPXHtm+9i20Wq1Trvr+lpLqTE2t2wRxZ5MFaaUGlJEkaapAYoSBUkqOJ1GOEqVQRJOp4SKQjjCbYoQUSLUWpIZUUqREZYKtXZRotaabcyUopSuRiDJODBIJZoJuURJe2qJTSjbNIzNzq4rpVZssjlBtMwQERVF1xWSaRwTC0lEqdihiBKSWrZpHDNblL4WSUHgtEJSREgu2VqSDoU9jaNUohQ7MjPTJbA05VgwRIRBERqzRXRB4GZUay2KzHQmCCmMag2FSayQTIIzMyANUl+rJJUSUUSMbZ12388CEilHSxnG2JYERgZac3NihnGwLSKkRLab3TIhQ1FKsSmSirra11LtnMZWsBBOKKUUO41qRK1dyuvVCtulIJGWUyUyE7llOhtOG0xRiRKg2kWUKpG2W8NuznFsCqJ2oZAEBiKkIKLYKCQcEZgpW5GIyCRCmZ6myaYokEIi5UxDqNQSUqRNElGmbGRGUGsPmbYoYNsRgUHKaVKJQA5FqpHpjGR0tmmqEdM0GZfa16A1K9zPOqFpmhyMw7q1JkrmSLNKiECkM41sKQCJiJDSzQpnIlygkW2yQiKam9OJZbKlTJRIEArZEmZqk9MSKRVpymYbyQ2ViAAxDePYGkGasAURpdSiCNJRFaEoKpSWOE3aZClRS8mpNbdau1BM09TaVEoBTAA4xpYiUZXk1oQMKgG01iR1tbeaLUvgUlRLqV2dsknRdV1ElAiDUJSicJuILlqm0qkMI0Vm1hKlztLZMoXTmSgwzbUWqzhbS8AKdbXKkTagEiIF49gS1yi1lq4WIUvFsgiRCSJFRAHjhgUoKFEyHUWllIgohWkaM22skBByREGmqwFTTk5baaKWUETLjFKihI3TpURIWApFyEiKgGEcx3HtllbLZoWaW0SJKCERSMVks8EGEiICIBXR1eps09iiqkSRRAR2tszMUgIplW60nASKCKl01ca0oITkQoSEJic2qNS+60umsVVKEVLITG7ZstSqcEQ4yWy166ZpsOm6meVpahGywdhu6RIlyZZgt2aYIGoJFGACp2sNwJaCKColrAjRprGZgGGaJA/rQRFRawhF1L6T0zlBCQWQmTYYcNfNosY0Ti2nGkUAKWRnyiWKiAgJlxIN5TA0W1FLWAoJ7FJrumWmW8t0BKUUFDm1UkKSiBoBIGqpCrdMCxGZE4ooauOUZFWRlEi2AmOkzJSlUCkFSroFysxSSi1FhIMcc2wTaZMoHLiZUjop7ZymJGstUYpJ41oqBNh2jZJuVnSlplJRay1kRgSmn3XRqah35rgeIKVSu1rQME4WQdQuQkFIZmpNIcmZLcLj2MZhRITCVjrbmMUkjiJFyXSb1k6XUktf5Yg+yBymyWlFiVq6UrGMM3JYjxEgTS37rtqyW1e72axX2kG2nKap1tqmRokoJUpEaJwm06aW09TKJ3/8R01TG8ZVlDJbbAThNFm6vi8lbEkhBUJGEYEsVVXkNk5RFarY3aKPCFrOa5VAlK4O62VXewUt3ffz1qZpSvBsNhvXQ9Q6TZMiijBkOkIWEfSz+dQm4dp3FjVKKbXUoigt2zSNpZZsVgmZ5WplO6JgRxFyidL3s9YmFJmSvF6tWuasq1FKy4lCECUiYWxTV8OpFGEilND3XbaMEuk0riUU6sqs1rKehq5UlXAaE6rOlIkIJWOOXZSIcIQRJiJKREvViAwCxmmYpiki7MTYCKoiQl3XKaJEQUytZbgrFVEUKTvTxglmbE1S4JRJIiKdgJoURKAoJYpCUSvpZicmU6GQ0hAondkiImkREtRSS5QGIUotEV1r6/UwCXddjYhpGodhjBLpJtPP+lnXTTkO6yGiltrJnsYWUUqJNk4oulpSpFxrJSklolRBZtbSCZyprpZSsrUSJXOy0ni9Wi0Pj6KWUDRD0JUClsCESmOyjRRRoiogM/uuq7UWIoLW2uSpj2IVSyHkIBwWsqzoKzgUhky2j21tzjf3di/t7l7su34xX0QEdgO3tG2nE0RQAqIK2SgNVuaUzQoB2TKAqLbtpgiMbUtFas2gdFM4hJsjotQSEVGqVJIc1mupZBuHYSh1FhEKZ0uiOFu2FiqZ6XRfOynsLCUEoCknWyEQzgxkZBNhZ0NRVENCVgiUmYpQiT4qQU42VspCdqKIEIRwKCzCzmytpa2CwDaJQbVUBSkCFUoJoRKR2bJlGiKKwoqiCJVUZipCbtkyESUqwgYSR5GEkZ0CVKKUmi2FS61OO20p29TSs67vSgfZWgomY2eNanIYR2wUMqCIiIhI0kpnLcJktjClFpFKSWALG0kCWwQRMOaUztp1OKNKKrVEJrZL0dgaeNZ1fekkQU62M7O1dJZSu1JbcwkcYds2hsyUZKIUVGwihCKcCoFbJralTGVmVSApyjRmVBlMSAzjQHOphWZHllJDSlvKKAWhYhx2tnQgRJuag4iSgI0C55RTiFBBztYiopZIky0jIiLalBZVpU3TcnUUXVcj7LQgc1iPkm0DpEuEVEpVqCMAT22S5aBIzSbTdmvNKaHWplpLOnNs6iqJio2lkEgTBEVuLn2QntoEWGApSi1RIowhbSLCmFAJjePglkG0tJ01wi2jFJUiXBVON08lipNaikVmy5YKBKESEethZbvve+P1etWm7LqKQ0EpNUqpUdOW6fqiUkopJQIpFBGhEkUhEZJtQzpLCUmhiJAi0mkAMtPObNnInMZpPSGHSpQiiUyidKU4wYliGNZ2K7XPtG0FiFJLrdV2KMZxzGylqxKhooha1NUOYj0MrbnWEook0ykUCsS4HouilC4zo0hICjBQSoesKCmUnto0jaNUSi0KMNlap5qhcb0uEbXrQkWKUhQioRCKQEKASym1RKaR7MmNCIFsO6ldFYGRPeXUWguVEhLCOQwNXEoRDmSrdBFS0rBCgMdhIlyjgkqNUqtbk0QR0NWuRk1aqCqYpoYyQISkcT0Mq3VrrjUEQtmcOdXocZumqZQK1ChVBSJKtGyttSKJAISEp9YKpZRQRGYKO5Qta1HtwumWDgnJ2TKzlBoRgWpXwW2cSg0oJYpgnCZQ1xdBWqWUcNRa1kfLlq5FmQYRVMkRIWSnWlc7FWVrKbpau1oVxUgRiWvUvu+yZTpTjvTy6Gg1DKUUcHPLTEVky1KLKGTW0hXJoVq6iLBAArquImXLWqM5hUKufY/JaZJUotQSEUUhQ+0iTRubwEC2iFq6ImMIZ8OlRERBRBSjJPtSFUFLY0VB1IiIIqGItJ2UEm1spYSbp2motcu03Up0SluKkKxpnDIzSkmnANQyUVLlqUUpnto0jVPadtcFpYJbS4u+doWyWi3trKVQVKJYEiBI930tQWZrrRlMmohwKCSmbE5HiQhh5zQGreu7iKIgiFJVqQkFjA+PjqZhmM0WKmVys+m7vi8xTJMzpVgvlw0LeRpLyEkE5RM+9sMV4ZRtG0HtaqmFUFcKIUVE1WRHczrHNoUUoWmcVuslSeaImG9sTOOIqbVbrpbZ2qzfIKLW2vczILNJpdQYh0lB31UpICPULDKjhIpIStQIbE1TI7MQViClrXQtpaquh6G17LqqkHC2rFFHTy0bqVBEicx0Ao4aq9UocjZfrNerUBE1ihpMbVSzSpFCOPE0NjulKpHTNNGaHept1tPo5lJrLUUR+3sHCuazPrO1sZUuiBKom3elFLcGqVKyWaXOZ7MoBdOSUtTVkqlpGhWldFXR2Tm2yVZEJFki2tScrdZaamdnWmCVgpWk0oImsrWcMiIUBQwOyU4UgSJCRLplZo2QythaJgoprVJtY3e1q1Exztbs5kbSl5q4DZltitKXroiwrAyr4SilNk8GXMdhNbUpJEmWIoRJHFillyGRpKKo1ZljS0ktGyhKhGVbSeKptTZOihAQzOczQ5taOoVKKYoSEQ4w2bK1ESzCCKxahSa3cRynzFBEROkqzcgYZ07ZoNS+qzVyyswsiFojaNP0tKc/7Wh/79Sp0/18Q3hyphFuORmXCKmYVC0W0YIqOTJHKYRaNiwnpUREASBJWQaKpJCsdMpEVAkjt4YiIrJlOiWVUhXp9Di1rhZD5gSys41TNpkpbUyppbVM5EQCCaKWInDLUsLpnCYUXVdtkKJgMlsiyUREBDS3nCQkotSuqxhEhCQhQrKCItJ2oqgRWITJyEilbSKkkIQQVubkLKWEgq72tXYQ2BCATCkCTeNo6EqJGplZokhCSoxkl2yjSglAqkWWAERiBV2tARFFXclmJFUJRah2NVBrmdlKSJIQsm0MQRG2W6YxgnSC01YaZSZE5piZJIpAkq0StjBSBCROu7VBRNd3mYhiu2VO2aZpJG0b6Isi6pQtUJRiMjOnliLdTJEkcFe7UiMzp8kRtNamqYWkKECFlOQoRRGRaRq1FIlxnOwsEekWpYsIy7QUQlgKAmMTQSlKO0oNQWKciilH7DaNCqkWkogopRpHDSxVFQWSFKWEwhFlVvtSaxSJMFaEokhGEWI1rEgUoVIw4zgWKboakqwIGUmUWksIlGSoSEJSqE1tvV7L1BLNLqASpcimFqUBNwiilhJK2yJsJ4mRJIJEEdlayiXK1KaQur4rUZpNGtPsYVznNGFFVaYRgkxHRKhiE5RaRKz2j1brpSJq7aVIp6fJgEIhOyVLJaR0Duu1FBEhUSLStrVaL2sUFQmVUqTArFbrbClARQ5Jtl1KH8Ii6PquRJUkSFxUJCxKqZKmcV1LX7sOnK1FBoooAlobh2xuSaZDRWGRuChQYOOMUBIRAnXdTAE4x5bZoBAWqrWkjSzFNE2llIiS2Tw1C0uZTc5aKsYI04DWimomkiiW1JpbJiZKwQg1Z6YhVCrQWsupgVSilOhKVa22IqJ2ilLsdLZS+xJkpiPsyWlwKTWzjVOLKNi2QlieMrNNUpQoUVRQa23KLBE1BBJM2ZwuJZqZxrFEjVIJalHp+6ihEl0pSGmsxAWy2SWKQ0WFsEUphIQjqsAQEgiV4mx2RhSFVAiilDAUlVKqSgAYO1VKSEIKJZIAVKKUYmcbp2maailVmkanqbUEIqgRSQAliqFEZEsUJRjHqaVFgDOzTa0IldKyObNEjQi3Ng4jcmab2kgqujoN02zezeeLzMzJiigRUgXsRERXESUEAhcFJjNFRIkoMQxTG9eK0nWdAhEqASWwI8hsrVlELUojS5KlWrBDUaNImZIQZpiGdLachEoULIJxbJmtRpUMtiwCqShKMLVptVoBBtu161arQUpZzc2tTc2EDbV0EYGKgmlqOTUJmlvLiKpgStVaFMiRTrs5TRJFJlG4qEaVZVmEIkpoHKaQKAW5UtOZTllGq/Xa6X4xCyHUWmvZ+q5rma2lndmaMxVVZGI5CIWin88RTmMXhTFBV/uu72yn26zrbSudUAIR5ZM+7qO6roZq13fZ8mi9QtTStWGY0iXCtHCRnc2mZWtOW0QahAzYnqbW19paWw+rnCan66yv3WwcR6QSJUoNBaa5tdbGYYRWuz7NsFohalQnpRTsTJzNUpSClNNYSiGdrZVaFZFtykykWgopRUjqSpGFPOYYUdrU7NamKU0EUVUjVkfLiD5qtJZAKTWKQpKopYgytbTchVCiGlCjEmG3ab1W1H7Wl4i0i6LveymGcUQhkKwIGWAY2jRNiiIcqrONHrtNCVlqDRWkiGLZSeDMbG0yxhgbsqWlouJQmxpBV4rdEBEhCUWRIgKhIikUkKpFVnFLR4AzG1KJImwSO0JKEArJNCYTQLo124ndpBK1hmSMJCkBOxQKQqWbFaRxucy0REuXErUW212tQtPUMlvp+8ChajmdtdZ0y0waUUMghFAmiszMKTNTQYno59VJ1FpKKXIQUolAKCEIUGvTNI3TOI1trBFQAJyYQCZba0ikrJymViRHKZRawuBUQwUUKrVAsbWY9ydPndna3DJej81kBIhQSBGloDAZYNOcBVIt07XOokQ2lxJRQAJkrMicyIyuhlRrVY2QEBJShAKBbcg2GctEKUgRihKZ6aRNLSIAnKohqZQypbNlZkYoIjJTEKBaFJKtEBiV2omUsQjhUIkIW+MwtmxdV+2cmouEaW2CBNkGJBlb1FKdFi6lKxFRi7ANSqHWUioqkVMzAgKQmqcatetriRJS4pBsgyOkKCVkHBgRUXCbsknCbRxbSLVqGJrCpSuiICvCtluzM5tL1CSAEkrSzuIqYbAtFFIUSZIKISPJU6YNRULYIVEKKCQVUcKTCSRsT1MzWWtBhhIKEuyWthtS7XrblkElahS31tza2KYcx4jadbVEtUoUKQhCVSKcVggpIkIBisBSRK0RFiGViNYynUXUoikzFIAAOaeWILlNTUFXOnUlkZyKwEonRUiBokSSpC1kKSABp4kAkFRLlIhmCWW2xLVEa82JCqHItEQt1bLTNUrX9YhsSrJNGSVqF1VdqbVGQSVqRIRSmeM4tdKXgpwZtQZhJ6AIjBRYNlGilAKOEkCJKF2xE4iI1lqUUlTSTuPMEiGcTtutNUEUhUJVgSTjVI2udNF1RZLC9uSchtE4JAfZWq1dFGHSNkgoQlhRUaapirQnjw51UbuuCjI9TpOCWkqJyGZjBa01tyQiihQhSdI4TUlO4yii67saZWzTNE2lROAUtXZFMpQiGzlJLBekkB1WEshCkggFpmUrtc7nc8tujhopicQESkNmrV3UIpuIqU05TilIR4laSulqiZImIgwlwqQi+qgZJlsIzNSaTY1AYWdEiQjbhnnfR6kSIEKhQMLpoO+66GprE0S2TDdJpYRbgsBRoq+1tZY52YY0ClFCUmDXUE7NZInITKkUVYWn1iwKFHVWdqWWonE9HK2OJGpRemrNbXJOY6iWUqbWQFRlJk6iyNnsUMlsEUWERIlaagmESRSIcFHUWlWLcIlau5Jtmlrruy4T2Xa2TAjJhEopkqY2rVfDvO9KlJY5TSk5SpHJtO0SSqeQ7TYlWJJCpMdhzHQR45TIETo6WoZQRCiiBlLaJlVCtiFthcJOKSRnjtOkIpvVeigRdVbaOCUuKokChCwjJLXWDF3XdbXvuq6UwI6ivl9UxTRNyG2apkzLYRJIkygiVMaxZbYoNUoBMomIaWrjtCaij5oip5yciqjFUgDDOIFq7WUCFIGxs5YeEE7COaUNAhcVRSgRCAmbkp66WqOr4EzcckpLiYkooKm1UkvX94pwy5BL6azJSe1rRHGjRKm1OG2y76sUkIqYpmmcBpAKqADTlBFEVwt1aqNAoXEYaxRZNWo6a9c7E3kcx+ZWa20tx6PVxBS1ZqOEI0qbxjZNipAZx7G1ViOMVwdHk7OopnMcxtVq1aY262b9vK+1U0StHVNLZSnVQRsnRO37rnQ1SqlVtHGc0pbaOAwTlE/9+I8lunFYl1LGcTpcLmspi9kig6RtzBet2TRFZE59rRFh0ZcyZRrAXdRSYpoaSrtNw2pjc7Pr6mo12sYkKVGiGKHsuz4kuzW7TaOdCZlNRaWUCNbrsU2T7a52hNo0TtlClK7MZ/OW2VqWWmtXaY5S7VSoTYnsTJs+ZgbVICm1Su5Lr05BaW5dLQISBc4WCGhTOiCzhmoNt6mZcRxUotZOZK0doVJLja61BnR9BzS3GnXWdy0zVGqt49BGD12tUbq+K6V2JWhTtrFRVGp1YrLWIsU0tMwpSohItxpVXSlWRMhIlsItBRG1lGgthUIFkEDCVlGIaWp2YkdEZo5tkFRDQk6KYnK2bFGKpLE1jEIlAocQgdOZrrWU6EopEOM0Famrnck2TlK0nFqmQMQ0NkmU4tb6vuv7mVBrGSUgpmmqob72lkyCIBBtyiAsGwvZKZEtRUQBU6Sui9aarSmb09PUpEi3dNbSIWQnZE4qpe86SNt9P1eEbRElSu07YzeXUiNCERGBokQ1Hsdxymlqraul63sI23YWtNjc6LtZKx5blogoJaLgrOq6vlOQ2dxapjITUYvkahwRKrjZOKKmSbKlITNNiKlRRCqCUMmW47QuEaUEjsljX2qmW8uEkEKqipBShEwoasFOuyu1RJRaZBkl2ZdaayEEZCKhCIXGqRHuVKXI1qIEGCINEaTwFBFd7dLObJaw05lAmygRMkQpRRK4jS1E9F2bGtBaa55CJRRIpShbtsxSJBUhRIkqCTPZw2poUyudUNRSbKUTwNRSJGW6RDVEEY4SCoVRtsmJW4YCHCITQyjSRFFEYkJghFSq7JYtW1oAKKJIBGC3iKIQCBEhIijRd51COGVNLYW7vlMohKK6TYooKhJdLRaJu6gW4zB2UYTSGRESgIg6q7V2pRQwBIGdQumUQnZzhmrfl1o6hTCSMh0KyUlO0ySwVBQKRelUu5wmC2drmTgVUaMkzaZE1K5WhZHENDWnESUiM8GAIIQzJdmKEi0TOSJKjRIVhUqJEiEyrUCSJNsFOZ22BViokUFJT21KhC2UlSJk3NKYKIoQkLQgjCMKuGVmyySLotSSOU0tkwbK1owjZRGiKAiFGFszlFqmKUuVVDIzcYHa1QiN0yTLoVDJKadxwomCzGYQJUoAESU0jmMbUyVmXV/6CpSIvnYqdWquERY2wkbCaWOrKETfzUrEej3ihgK5qHS1Ghmsli0xIlSi1hIRmTlNU5LKrCpd10eNUKQ8rtfjOJYSXT8PqUQoQnIaMNg4ZUkWBrcEkWmjUKk1sw3DOOt7pMxJEArbmYmxEAiVSu26cZwyJ6EIlShGuEUNN6ZpaM2TpxAl6jRN2TIBUqCIlikUQgpCKCLITEklgogiUEgqhG3JRVHAEhhJOJujlhpVApOtqYoEmMZxas1OQhIqUVQz00IYEVHb1FobpSA0rFciSpFBQRQRSksBdl+r7XGYhCxsl1JqlKSlrVSphaihaJmexiiViAA0tWYZF1prkrO1xKJIEMIOxTSO4zTWUmVSjNPkdESptYY1NdttPQw5ZTpbOkqRhKA5o+Cc0iZB2Vqb2jRNBjmRSq0FKMo2TWmhzCZCqcyx1L7UbppW05QlSohQZGsWMpnZlciU7ZBaa0ApoSilqHadkK2ulK7rgSnHUiuSM90SXEsJKdMRSpPNSKTHaWxtqqWUWsZpZMpS+9prapmtkYpiqaBURIlSFXaux3EYxr72tavgsaWxnbJCSpyZbWqllChgORQlhCQTUQIFwpg2ZTpt+lJLLbUWB601SYQKgVWKFJFtNAiyZdpCtSukUUiRw5jprq9IrWXpuhKlhKZs4Mw2ThlyKQE0p7GkLjrJU3MpIWS7r50UEYzjJMmkHP1iI3N0ujkzR0sy09i6rs77LslsWSLsqFUiahdRaldDodpVp4tRKKxm97Xra0GKYFwNilK7TiGhqTXnlKE2NUkopjZG1AiNwxpschhaa1PX1VILLrWU8rEf+WHrYYgogZEW88Vs1mc2t5TU3FrLYRoxqpIjsaCrtS+d3VbD2rjUUqX1MM762tVuHMdSay19oEbmlG0chqkVGrYzsWb9fMw2LNelq/NuZqyIiGpyHKb0VGqtfSXdWmLItKl9hzSOQ6ndbDZTJ6cyE4VwaxaqXYlQy1ZDiuhnvUohE0dRFKn2HXbKXZSWllS7br1eZRsVpZQC2VoWaZqmiK5ILSdwqGvTlJAtW7YQaeeUtYYIp/u+b9masyuzUroIIXW1Ri3jMDamIMBtarWrNaqVfe2ilCillhBFJdxsWyHjUBhsal8DMK21JIG03Qy2XaKGlPa0nlRQVCdtakKlq8KWM7ONU5TooiaJKbVKxkyZrSU5tdYiwgFSRJnG9XJ9GNRaS3NSo5RAyJGZEaHirnYSQK01M9frVSmlTZltItT1M5dSYMwsUolCtmzZMoE+yuQEZItQiTSkkaVuvV6ns4RwSISQokSRaMMUpYBwiyi1BkREVcUkDoKQwJiQooYkRCmFTIl0umUXBQikEHgcJkVYcssMPAVE11dQtiYTpXNmtrQ9tWwtFYoSNbpkmqaptYbIbBB9X2WTDikznU0pVQXFYGMbXGqvoqk1nE4cUQiFS4mQpMipTZklikI1ou/6zISUnY6IiJCkrgtFbXa2KaJEqSrhxOlpPQplahjWUSJDsgw4A2oNgXFrbtMUiijFmVFqiNYSO+0SRBQnzmw4bSettQjSmXaJiuzJUYsUGJWoUYwjJCKURjZTG90mowiViHEYgCCkiBJpsEqNwAmlFptxGrFVSpuaISJsgxRRJIISsjHGTONkshkCGexGBiFhuyhMtmnMhkqEiSgWMs4sEBGe3LJNbXRmV3qwM5G6ri+1FEeG7JYOmsFdV0DZWstM281dyI6cMpXYRYCcNo5SsKfWWmslIlMtM0JdqS3TwvbUskSJoLWWzbXUiEgym0tEiRqySolAIhRRaokwCFSEARGSbSSQEJluSlmUiMRd1LFNbokwJm1FV6tQOskGioJMZhqKZAtoNs5MY2xLTNPkzNZaEFFUo9ggtWlKIgS2RKhCCnW1c6bTpI2bW69ONZyWopQI0abRMLXROUlqmZPTRipYRSjCmSIsy9it1A6rtZatRa2lyPbYxmls0RWgRJRaQ2ots2WmSUdE33dRassRYwuwISAz3SKqyZBCkThbgnEUhWqhNeNSuxJKZ5RSShdSIDsyU1KpNdwSgCq1ljRHjShhU0KIzJRkpxStNduEsO0GtkHCVNUSgiAkVCJK10solK05jUSEM42dMrKxM+1sNikoURJyarajllJqiRAM68FSQJsSJZbTlrOlMdi2UeIuqoRQYmFhmWmykuasKmmMS1GUSJmxOUiTmRJYIakoFBHFpmVTSJZCFlNzX4ulkKIoiJattVRAKdncdwWRzUKZbcqp9h3GtpAgM1s2UWaz3tawHrtai6J2Ubu+dDVC0XVOJBwmEyEwSpLEtlSilFKK0kKSQhIKOZvbNAXh0LRet2zzjUUJDDWi1GJURBqDbaPS1VnXR0QJORARXXRCUWqo1IKdThBRuihNKBQSRSAFpFUkSSKkrutK0FqOrTltZ1qSShTbU0vB1DxNY993ihBEKdmSTEm2nBmCiMzMtBCkm6IEyEhoGltmMzJEyK2N0xglIkIRoUrUWhUhLJrtdKRRqRGqsnBOzrRlRVC6GqGWKOij2BlRQpEgI6lli1AJ2TZKJZBTs51TjpmSoiii1FojSssRKyLa1IyLVEpMbZymBLAkKRQRIVkKUIRENqddaqjUnCaVWiWVkNSmzOa0Z30XtZDOzGmaNCXQdbX01ekSISlqVURzOtNk33WWmrPWItTIWe2ckpR26WqJGIYRab5Y1BotW0RJtdZSoTLrmDLbVKQpM7PZma3VWpubUe26btZ3XY9yWK6TjGAYJ9nZstTiltM0qahEGcfJbnYJ0ZWotVrIVkT5hI/+8Da1xXzenMazbtZwtjQuwTQ1kkCQhUjner1UqtYaFMSs6/uuhlkNqwhqqa1Ny9WqRO1mvaLIrqUAhr6fgW2brLU0t1LLxnzD8jSNgQxSSJQoREQUCMm11mEYW05SBNguKhHkBMbZulqRCKKqpce2DpVwRIlxmMb1YKeCTEtqzmkaASOlwNM4dn1vowDcMlGUWoNCm8ZpTNOVALU2tjaFbKmrXeDJmY1hPairtcRkl4haa4QsZ8uQpnEqoVo7gVCpNaJrOSkdJRLbVkSJEiFnKkIIMiJCKlGcGaE0JotRKXbaCBChwM50lFJrlR0FSnBZtowSNumMKAqmcULUkIWhpUvIqSCiKwGYgCiyFZWptWlqkiTVWiIi08ItHbVgNwj76HC5Xq9niwVyTu67LkoUeWpjJJQYVqtpmqqqAmDKnNajIooKJUqEUQlCAjvdz3pF1zK7vldEugmkmKappUtRKVUwTGM2R8GNTNdSwILWMjMjJIWFjZud2dpou0SoRiklaUxGJlRLaZlTtkxUopTIdJtaa1OpfdQYponM6LqulNKVGj2m5WTTpoappSpCydSmNF2pUUuJAKUzSglFKnOchjZFlAja2lMbVCKEM0vtsJxYWYgxpxolnc401ChIEEjNI6SkaZpCxeE2jrZrRCgyW7ZJqKtdhAwoa+kKam42kppTYr1ar9arUmpXutrXUmtEFNGaJeSAnDIzc2qDrK52UYpQlBLQrIItkxAKKLVahBUhG5yZaYAMSSqAisKa3EoURQgkYYWICIPJHC2c2M0qCsK466vt1sgpQ7KcYzM5TWMmJWiJndlSaUWxHUQElmScHobWWqtRuGxsE7YzI2rU0sapTZOEopYoSWZiS7ZQFDVnRCHtbOM42rYlKCUiakQhjBURdgMkZXNrU0i1djaZTZlIXVdLyM6WzjZNLXOa0nS1CAE5kTgihMZhQnRdhwGM2jQBGIRKkalRbbXMopJ2ZrNUIkpXsykzS5TaVVlAM60141CJQlEJSdCmFlJEmGyTMxMckq1sKVmSEeQ0tVqVCaJIRhQVlSgVK50lopRAcpoo9tQyc2oIC0m1lq72IRmP49SyAUUREZnuSkEoSonioEYJRSml1IhSjG07CVS6UqOzm9MGhUpEG1uj9aV2s76WTiFsMCgUSIKWDlG6zs710DJbKRHCEKjUKgWJhKIIAwIMcpToRDO1VOQ0OENRSyQ5jmNmK1FqKR6HRI0MyygiWqYIbGdSQpIMmYqizP2DAwmV2qYxU0C2BJVaZVsREUUls2WbokQAAsjMiHBmiZCj2RHIMhkhy+FQCUS2JEPhiGK7ZSqQFBERhaKIKEWS2jjV2nVdbSkBtiKihEIRgUFASZBdSsg4QjjTdgZFipapIErUEooaKqGokgKnpzZkc1FErRikWkqJECERFNJOKxyEHBG0zCAIwGmHVKO2YWpk7bqIsl4PnpqzWW5TU1D7Hmy7RMG2EQ6hKIJMElsuUYTsVEiyJLuVqAoFJB7HBrScBKVWDFC7imOappwmlSJok6WwXEKhMutq6To7Q7IsU0rBCEJWqYUwdoqIElIoMwNwZEsw6YgI1TaOrY3raUSM4+TMUmqJsDIoXQnbCrXMIMZx1aY2n89LKYqICNDUptZShVoCFRlBkiUirQIOOROnIUopJUqpETFOU9qllq7UhNamtGstEZHZQmFnThmldFFR2FlCmdnaVCilhCIiIiSLsFO2iVCUgMx0hAQKQZmyOR1WG5vJUso4DcM4lqilyC0N47icmp2t66oCUex0s6JICCyUaehrJyLHMUWAFHartaZprUXI2dqUksZhLVO7SrqUkuZo/+BwediVQEFRCQnqbFZKGdvUhgYZRVIZh1FFpXaeWrbWcJhaSnNTicBBOJszQzLgSGeJwJrGAUuwXC7blJlTqd3YxnFqi3nf0m0aM1sSXe1yasMwTLZCBUXUbFM/n9V+Ng1jKbWrVShwqNQuMh2lKiIcKgFRPuHjPyoipjbW6Lq+G6YEd90s5GkaxmkUdF1VCJhaG4ZVV1W67mh5tHvp0mw+r7WMU9qt70q2FIGNFKWDaNmQVCJCpYTBmQREuLWI0tUeOzOJyHFQqTUKEoDlbAqhUgt9P0PYRCmQbkzTFCWAhj1NdpSQgXTUgtRFGcdhHMeu9pKk0jzKam2SAVq4DVMbJ4ezpVM5jJQ66/vWxjZNDtk563sIC6RSulq7rqtOxtaEai2lRptsUopAzY4QgI3JZkWEhD2OUy1FYcCpcRpzakKhkBSSIyQhhUKlSJGZU5uiVDsh+q4DWmsYQkGxnFOTopbqqY1TNrkrHRhhuaqkLRERwDhOGCmchCi1gKwsfQeSFFGKIuWudqFIMCmpRLRkGidVUIyrVYkSpZAJJBlSX7tOtZGSkKZhai1Dcnp5tIwSpRYnQGuZbl1XJWVOToucppYmuqilRq1dV0OoFGxnpiHdzbtsUyjkmNpogkyVQigICi2tUI3SoEaRRIJbtjZmCkd0tUabDBEoZVvgbBMQpdRaasTUpnFs6QlculJVTWJHFEsFl9AwjdkcBWeWUkoJzDiNNhFKpVxQCmw7SaeSvq9SKGJq4zhNpSgiQIqY1Zokdik17UClr0VWRMvEzjRFwDiNUoRBHscph5ESikJm4pZZStRSa61IImrXqZSWU2tZIjDpLKrZ2vLoYDGfzeYzoWmcMGNroahdjRpKEGmCMuu7MTNKCAkJTNpyqkYhEJIiII1Bdprm5tYUBWyaSpQIA6bWqghsFXBmYlramUmm7RKllK4oLHCCZLUchmkEQ0QJYJxakSNCUpQSFogAQwkJpwIyW2utq4UIZ2JAYIHsGmU9rhWqtabJbDkZVArG2TIUiogowqUUI8u4uRE1SkQpIRWF2jQZSikRgQxyKCJCBSEJ22CrlqoAgSTT1aqIZjuz62tiMo0Qtau11LSnqbVptG0bSYACU0pp2XJy7QtIEYEhkLKNEVFKgZhaG6cRO0rUqAQytetlptbcMu1aqqSWjXTpakRNJ06ilKKIYrvWbpqm9Wo9XyxKiTGzDWOpNQIbu4VqhAwYQJnjNK2HdYT60kmFdJRiMU4OZUREFIFFCdlEFAVJC5eIILOWkkmm2+ioKiITJNvjNAGlFkVIZLpGKbU2TGukUbbmUhRRKWpuYCvaNGVmV0KBEkdxTq2566qK0o5Qm7K1ZhMlFAWp1A6cZpymZteokqLUGjWnXK2PImrf94bV6qjUWqNKTG5OWyBM6WqJEm7ZnCZkN7uUUruuREghpELLRlIjkBAlBGrpcZpsT9NYpIiiKEiIEC2iCCkIQkhVIu1SItN2q7VEVAmhKSdZXe1tpaxMI4zBdpFburkFAJJsSGM7EwkMFp6wSghay5aNDIWbcWtALV2EptZkR1ey2Y6xTW1sSFHCObXMUmpXWI9pO0pIpJvRbNaXWjNbhJxpKd1EiRJhGkSESgRCOMm0IKIYl1q60jW3aZpQyMJOg4mIUsIS2Ypq2lMb1+NQoiiiJelWIqbMKZucUaKrRRGl66ZpGsex6/pu1k1tnMYxSsW0llGKAkFOaZsIZ0sTEUC6CWXmehxaZmuTkBTplq2FVEoBJFkGmjOglDJlay1LDSnsdNqi7ztFcarra0QZxjEiulpVQlFrrVJkm1pa2A0wQSk1SjdNYygarZSCcSYFOY2m1qSoXYkIi2yZ2aoKSAURgREiM0U6KtgZ7lQUmnKipSLSiaVSS9CcICyUrTltKSIkKa2c1iKCUASebJeIbIlKLVG7KtN33byfN3tYr7CJUktpCZKtcVyvh7XErOsdKlJEpN1a1lJrKQ1N02S72QWiFMGwXoci7WFcZ5uas9Su1iLJoIgxmzNr33ddsT1NbRjHNk0GCYIoxZkE2GFE1Kq+m/W1tNaGccSKsFwSwLXrhmEchjGKWpv6UiXRkohpXNcStdTm7GqtpVquCgWllFK7No2ShKapLTYWpZSj9Xo260rXQzinUNQSTlaroU1TdKW1zImisNVobZhQlk/82I8ahtUwDLP5rKWnYSyhtNer1dHhqpQSfdfIWmsQQJKt0XUdIWxwywlRSyHi8OAQ0/dzaigCkW2aWutKbS2nNlWVxB5tZxo7owTZ0laaUkqUIiUOQMZuLRX21GrX19odLY8EXddDjm3qokeZ42gCZe2qCNuiIBuHImqZ9bOWTYGsKB3NCqJEGyfjWktmS0Q2B6V0pcQ0NtNq7WqdGVom6VJCoWwZinGa0i0TS7VUJJwR0VrLbDJRCmbKpogoRcmUaTmbnViqERClFKISnsZpHKcSYSCTwCbkdEapkW2YsoSiKM0wjqAgVHCikErJzAQEzSFLIauWKrA9thYRNUoGpRaFgChRisZpBGopkmRnUba2Wh6ljaIEihJShKZxtB0lZKUsQbiUqCUiopQORWMqtcqR2G0spfZdVSmlatZ32bJlIvX9rOvmJQKw2zhOmVYhpywlSkRE0EwEBreILqC5BUWSxTCOEVGiOFwjSlQgokRERAE7U8JJywmHRZEUXe2U6dWwLqLWkpnZkpBQ1FKiRMSUU8t0plApJaIIJNlECXBLL9drZ6u1ligRXdRAnjKjqNauRGQ2285URNRip21ChLouIi0Koa7WqaXJWkpzqnS1FjIthyRFs0MlpNamsQ0QgRCS025TDqu1yb6fmbBbqdHVKopprSWkATyuVuM0dLWPEiQlopRuNqul1igdVmZr05BuImpXhZLLTEh97UqJdBNyUWsNR1EQqiGVyJZgJICIkENhaC0p0dcaijTTuIYoJSS5SIlFqLRMcEjGtiNCUUKSSLeEGoUQJSKiq71RrdGVMrUpSo0SBuGIQDJZIlBE0oyCkCyVKFGrWxKqtSKQ0ilBidVyJYha2+Q2TUIKlVqQIoiIFGS2aZqmjEJIaaapSYqI1loUcExTU6hEwdguUSLCdnMTVXjKFIoQSKiWKgVBlAJItpkylYkUclc7AzY4oZYym82lKCVKKa219FQUaUt0tUdqU2sto5aQjEJhSDtErZ1UMBGM4zRMYyjAThMKCaDRcopSagkRIdWus20jKQgic5pCwiBCERJSaw0cqo4GSMKtOY1KLRGqEXTVNnY6JWqo1lq6XnicLGxJqdJXmzZOUWtICSgsw6QgogQxGZFp55QRRYET26UUlUicUwOiq5kmM0pFiJBzao6ScgGXWp22QDlN2XIqtdi2iSjCFjItmyzVaNM0Ti3TUdV3c9GkKAoXtXFUxGw2K6VCNmff9VFKOkNKu0ZRqJbS9TWlaZqkGrIRzr7ro9SIiIjWRlKlhGkRJUpAYFuoRKm1hFpaJWyViBBTc0FRIqKKnNpUokgSEZIxdlHUKM50RCkFkGR7agPImZIiQo7ahc00NhFCaddaSmBoraUNykxsFBiBABShUuQAN6MSNYKptXFszszmTGdO4KildlVGEDUiCkhyZoaN5CaTRul0phNVkW0aG3LYxlFK6Up0xW2yJVFLqV0tJaIEEZkJKHAIiwiVYjmb1+Pg1tQVSc1NqZbpZolSCrbtzMzWUAQRElFA43rdnKWWUGTLKNHP+lIjhxYh0tM0radWS4kS09iKVGpN57QeFRGKqU3YWFGKQpKdipAVEbIJo1JDql3NydMwCtfa1VJqV1VKqISKszW3ompPskinHUGJqKFmW5JAkc4olNJlZgmwp2zZplCNGgpNYxJEKUWSgCATRZvGQM3ZpmZUQopCy9FZUHRFSTNVJYlhWLdsXV+tyJalq4qY2iQiCkBODbLUvhTZSGkQrIdhaEPf97aEhFRKCSEPwxAqUUu6DesBUWuNokxJRITbaEtR+nlPMK5HSpRQZgKZbWotglJKCEmhArKQpaDrZ2Qb11M/60qpAuNSg3Qppa9dSEggnLgFgSKIUrtSIlu2nPraS7W1wSo2Titw0pXS0rZDLl3f14LAlBBEtiZw4KlZ3lxs9vMZYjWso5S+lNbSmYZQOK1SUCxms9J3JRiO1g6qomWSiFBRmyZny2wR1SZEFK3H9bhaT9PUzfrySR//UbI2F5tCq9UqwouNLbexkbWL+WxzVjojO0spkRg7m1VKaGO+SKcc89lsdbRaTasScWn34sbm1sZ843C5jqSUTnapRShbw1ikWz/raqml63Jiyqnre0dks7DtzAR1XZ/2NAy4RInW2jgOwiVKa62b9aK0NrZstkyWiIgyTmNIXdcBxkr3fUfIaTlKLa2NpRZLbnSzWYRKqWXWdbWqlC46FdKAa+1LqWkbqmqUYmMbqdnZpq7ru646E7lE7brO0tQmRFeqnaBaw0lESLRsoRqh2pWAKVsoCHKanO5KJZCiREQUtza2qdbaMmk5TKOcEXWaEpskIrqupMCoVgzTJKmUUmoIWmu2Q1FrONVaazkpSkUqRU6EkE2J0nW9UGtT2rWEM2t0UYqCoJQQaBonEbVERJBICEHYJFbU2pVa6jgMrVE6FZEpC4rcmlRQTNOEmNWudB20NHa2sYWYLxa1lCknmzKbGY3TmFOKdrRct2moXWe7uWUKu5SIKAHpbNmk0lqTAEkC2jSuxjEyFUWhWqui4IwQDkXO+r5lA0WJTEdEiTJO07BaGQoi1HW11oIbEBEAicQ4jqS7visium5eS1qgUCmhUqpxUSHA0dUeUVRKLRGR05RW1M5YRQhACpUSgTNzGrIliswMGavlWCQSERFRSziNFKKrVSEyEK2NoK6bJZIzbYKiIuU4ji1dI0qtdma2KFGESonSRSFCmVm7vnS1RqCYWpMVETbL5ZGlKEVSAtmcGRGKgLSzmRqByKmpRiXSCJAQoQKpEgElikqQSizbGFkmIqIEBttOCNnTNI5Tq13pomt2a812iWhT9l2R1DJLqWFPLSVq6YMoXQliaiMoFJAlKpKchqIAS7LtRKKrnVSHcRiHdamlOBSEqLWqFIkSNSIynS3HcYhSbEcUTCbRIVSjqBS3nJKQhcBRihSSMK1NnhpFpXZBSKEIT4mMNLWpRCHV2lQUNUoUpRmnSYSFDc6onQR2m6bWRme21tKZ1tTGzIyIUGLZ0zBNNSIUEVBKTumcSu26rtoNcCaqfVe7WTcN43pcFTSZliPhoBiM0kkUyGlq0zTKmnJQKkqZzfpmJElRS1VETomMAoQUpdhq49iyRahGhwAJ2jSC5GjZnHZmOqPIOWXLzIYkB6JG2KQt2elMl+jSObbmnAIRqKhEtLRpCcKZOJug9DVsJylPw+BUFGwioNHNughI2bZcSu1qV2rJKRPGaZrGqdZSS4XWWlOUrpRxGGwXqetqUbSxqStSLI8Ox9bms7mcB0eHaddSpEjbthyli9KVQkkMIk2SbmFFSKVE6do0tWwhRBlzilJClZCMglC4GVNLkVRUpnEcxrFEsZAcoQBnIpVSsk2ihAiptYxAUZunZufUnBkRIiDTyKQR6roqSWAkqZv16cxxqLWWroZiaiOpWqoiooRJtyy1GrU2GRtoKqEoCoWdotQaJcKYoloiVCSEM0lnOGgNUMg5jVNGlIgIRXoKKCVUVFwpRRClKBRdX4jWkmZFSLKRsHBmqDhtg10iUGnjWGopQbZMG5BKiQqQqEbfdYogFJIiArC6foaUmYmKFCUUrtGVUmUabtMkFfA4DUgKnJRaSgnbCrXmlilFcyulEqipRHR9Z4WzRdTMls0RzsTkNDVnq6VIsp0tTSpKVbEYx5FsCaUEiWXbQCmBlAkgqUhGaYcUJQph3NpUoiBauqt9qZrGMVRqDTcXYsKBVKvszFYiutohRZSQlutVIeqsL6U40lMqIluLEqVEthYRRWEbRZGUzQg5VNarlY0UsiXsxBGin/VFDKthvphDOEcUJSglWqZQOp1OG6hRFcWZOGsRqEiqhTSWW2stExvL1K5TMOWYkxAlIiJKKdM0iqizYrJGKbX083lRZE5Tm1rSpslSidIyJYUipBAqs9KXUgqi72q2HIeVTVEhjANSkqTEUSLTRSXdateXiNV6LVT6ghVi8thasx2FWdePmeN6qqWsl0MNyYCKNExDplqmIoq6xIoCIYOEXWtYLI8O0vSzWS1Ra43ShaN0hVBndX2tXQ1cPuGjPjJtRMOe3HVdV2aTW1eKVJtzylZqCRUhQ4kYM6uEAhyh0pU2teV41Ne6sbEZitp1tfZdF5lMbd11XUh11pcoyEWBNE3TNE19rcYhIqJNLafWl6oaFgoVKaKmXWrU2hkyp1Jq4tXyqOsXUdSmsdQ+hGwiFLbx1GrflyjplCLt9Wo1DEOUiDDISS1FVZL62jldSimEAohABFIBbClco6oQpRASIehKac0UdWVmp6RSwyLHUSoRwqpFkiKKnUCUKrAznaKWkIwxFihNP+siSjpLrTWCUERRKSFJoRKlhJ2lFNKlRu1Lm5JU7YuSHMcMSoQipDCiNVt1VqJ0tu0MKVu2HEVJwADNLhFpt8npLCXSzkbpu1okhYLMNEzOriuZmZlRAikihEpXnS4YGyKkJEuNzDRkphAqwq0lIgLVGs1Dm+SMKAp1fV9KzUQhnG2iTdM0TlGi1Cq71Np1HSlbXd+B00hAugF0tbbWWpsw2IJSSik1aulKbdkwIaZsrU0QigppS0glai2lhs04TuM4RolQFBWFapRmt8xsbczJzogoEXVWIwOwPUwpk9DaVBQBmU4IK6MNw+CWDRcholbJMY0jckHjOGVm7UsosrVpHMdhysiwmm1la9PqaBURUSTJQDqkNk3prH2VhSghkCKiVGdrmUIgTBrkkKLWrlQiyESMU5uGMbMhj9kEQUhBCXCbphLFkJml72oJQBGBo4TTtqMUGxTClLDJnEBtasZOW3RdlXCmrLQJdaUCCBG2bQhkAditTaVU1cBARFEQilCxnRIyEYpSsKeWCiEpSgkhkpSxWQ+D7KiBBRByYlEqImwiCuGopSjsZk/9bDabzQXjNOaUUaKvhRKhgGgGZy1drV2tBbmNY05TqV2UApKEgYYV4YgiJMjM5oyopUSJaFNG2IpQQRmhlmCXUkM0W0ZVbrabCAVINoDsEhXIBLnWzlhEhMmECAmkCEEpnSKa07YMQYmqEk7AQilHuK+d7dVqlcNU+y4ipmGU1NXiQHiaGpmlFim6UqNEZjZniQAZooTSQulsU3ZdH6GcphrRMotUuxpSNkoJiBKynVaUyDZma6XrRAzjMLXRjohQia72IQ3jgJMQzigdyHYInEWaWiJ1tQYBLlJEYGwyM5AN1jSNUbqQnBlFlmgZtQiiCEemu1lXKRJCCtkJIUtCpK2ISFSjKAQOAimxW1qQam2S3PUzhdqUiihRQCVCAThxSCQOsrWWSVqBkG0iSlQ5p3Ga2hClJhkoiJC7KBZgW6thiArN6aaoEapdV0q0lgVKdAo1g42lKGlLjhJSSFJRMa2RbSolRJSiiHCqSFHKmFONmpnT2CRRpJZTy9LXvp9lA5RpuxEyBAJlS6kGluRGhKKIZhEoWjYVhRQSCONmJIUwIUmFIG0MUdxSQS0FVGqRiIiImtmQx6GRVngc27ReB4milDK1RmsZuOUwTM0tJAKJqpJCSikkSShsoiu162tEtNYQCGf2866LmpkSRJAupdZSwLanqSldVKKWzNbGsU1Tmq4Wp6fJfe0cCkpXCsY2kJnpDClCobAdFamanKZxGsdmh0gjqQirSAaM3JpxiJAjigGcU5NUSx3GYRwGqdYiLAhsTGZzQpSQMlumo0ZEp0DpyW1cNyBCrXkapwgpJDCQLhGymo2dslCNgtymnNpkW1JEtNYwEbIdpUihEo7ItNNdKQQySg+tmQS6kJHlMbNGpIwp0UVXFQFya+tpCtUo4eYQodqyTW3s+n6+WLhNrU1GlZoSSmUYp1uJSHtjMQfASK1NiuhiFgXlqFpKCY9t8gTIMgInrqWObVguj7ra9yVsRdE0Dh4aUulKrbMSdWyrccwSxfY0tZZTpkKyCEUjhe0AuTXblJDDntrk1pqKQmS6pRVRIvquqzVUu1oi02N63pXmkeZUSiGVKN2s76dsXelVGNbLNmXXdxRFDbBwG4aW7ruaRU6pRLYpnbWWaZiaM0K2hcrHf8yHZ2ZRKBOydv3kcRzWklrzOAwRtZS6GpbTlH1Xj4Z1F2XWz1q25fJw1i+mbNM41drXqKHS972xpK7vx3GIUCndernG5rIStU0TUlGJKJOncRzlaG6SKCpRQ5GZECVkGonFNA7jejWNrXYdtdQqzDBOpUQp1SRJrTVbZssoIYSF7PTUrEKBrvattWmaEEJuHqcpwSQoRYliYUVAc5Itoki1pSULAQjbLZusUGArwmm3VmrtahBks8UVsmyLaFjCtiWb5lYiEqfHnBppo6k1ZyaXCaelsNMgYhoncGJFyG6tZaawFa21UmpEZLbMtJsdURQwZauh2nelFhMWmQl0tUu7TSMisUy6YaclGedkh5mmKUotNQJJOjw6XK+W89m8RBmGEREqbTISBKJEaXa2lKJEkSTszHEaVGuATVFpdhsnQiUUCtUyjtN6GGoN1erWcMPUrioiW5MVEoGCUsI2oiudYWpjP5+VKBFlao0IySWKoihtUWqnQCrILbOWTlIUTWNLt4gQAssyRq61FJVSSxQZoxjHcZqmlo2UlKXUqFURrWWUmumAUqLZxkUa20RC2JZSSYrAAHaLKK2l7QipKDMzjQ2RLZerZRunvqsluogoDqS+69LTepxyGsf1WKpK7YeptWEgKrjra9fNQopQRAgybTlULMtZa19CtlsbARRS2Jl210VI49BCoDBUBRJWLUVEeupKja5ky7SxSunACjASkooqOFRUSolC2EBrYCQSi9ZayywqEWotUQClRIkQYZEtEbVUASjtKNRS00o3rIiotYaEAiJbU6hEGCIwZGvTlJmZTiCKikrUUiSRzRkSJqckbDenM1OSMabvZiGNbWrTFLUEEaVamWMiyy2bFSClLbmlkUrI6dbSgVtzElUluhoxZTrdpgm7REEY7LQlUYKIMKQdEpBpQSja1NKKUEQUFTAkKEK2MxvQ9bVGtMwagahd35UuMye7hqTSsjmzFpDaNCFHlLCnlhEQJaArHUFrLadWatSuMzbqSkVIQQgDihIlShQpE6tEiQiKlNmmHMZ1QkSxkJxpyYRsJRJGarSqoiBNRCk1ImjZsGutRSUxlFpVSleEFIbMLFGKIpFbSyeyM6VSayUUIYxtZxKAokgiiK6LsWWpIRXjUqJECSmiTNOEiVLSOB1Ba621acrMbNM0olILRKmlIIZpVKhEhJxOOdJZkGFqWYoycxpbP5t1tUxjM5SudKUiJBmFAogIh5SgVEilKEUQpdiJAjIzayklIiK6fibUcqq11ohQnXKMoig1c0y7Eiq11CKT2SzAKdzaOI4mS4kksyUmnbLbZNvpVCm1q0KS0kSJKDEOQxvXteuQSgEpx5Z2ZtYSw3rIzNoXm0xLKgSWkaRSZCem9hUBzmyWowBRUE4TJIaQE2OFpJAUIckJyLWEgKCqZDiMwdg5TePU1Q5yHEcj0oSilMRIbjIupQzTlG3cWGwihcKiRGQ2KWqpidNUFwIrKZGZzqlEAa9WQ04QSqhRZA3TKIwNyJ7a5CCbVZStTY1aop/NaxdAV4tKuGXpoqulybadjiBCJaotYyCIpDkJZ5SIUqXo+lBEksWWXCJyaolBEVFLLbWMLQPXrna1ky0popYQKErNTBEKSilAWFEKIqfJzVKGZDFNU5TS15JORNd1JZSZNqWvtdTEOU6IrtSolfR6HIHSl1pqkqUUhJBCSCVCJVqb5AwppFICCylpKRWwSt/3KKZssoogSg0oIRhW69amUmubUlLXFcMwTZltkgW11qJiOzOnKS2XUgwhTZmtZd/1zYmIKEYShTK11jIjEAyZhWJ7aimBgqCWotA4jeN6hOi6TorEdpaIsTVCMkiqai1tSoTbNDmdzXaUUmoRSk+ZLqVGAFYtEThVa4ASpmndMkvUEAVqiWkc0s7WnGmUbh3KULZcrVetZYnOToUUZbaYp2hTlhJWCmHTso1TtjR0fQ9BtmmcwFi4RQlBsyUiYkqXT/q4j+7mfSldplPuopuytSn7rlftFot5SOBhmCC7vrObokqkU1Lfz22H1HUzhaaWwzTQGNq0Wq2c9PO55aPVEU5J4zQ1t8C171O0cWjNCklC1CiEW2YoamhsObasJRzFOTXbk1er9ebWxqKfj0PLdJErodA4jkCULiQHEaXWSFkmyVI0q13DhJzpUKZDlkIIOSjjNOXUulnXRdfapBqRsgRAGqQwjUZIxgp1XWc722hHRJqotSSexlEhp8dxam1stuRpSpNd19kOB3ZmCkeoZaaz1BpJYqf7Wm3alFGUztVqrZwstWkCau2aW2bWUglsFSmqutoTpFNON5e+uOUwTRhDUbWTdN/1UUNpy8A0piKKIkJpR9SulKglBQ1LpEuUqU0lSqllHFa4LBYbdq6HoUYptQiJbJnZUiBFCEQpxbalYRwymfezEClHjcQYRJRau064tTaNo6IInKqlRijtkEqp4zgidf3MUo6TuoIBG0pEwHoaS6klSilCKKJlrtcjmRJdV4CxjaGotRbJYDuihsowrVtzaw0coVJKKQXhpDlJt2mCmHedapFUIlDN1tJZFH2JKB2QtBIVyJZd30UJ5IiIWoVkI0lCoaCf9bYP9/fH9TCfz2vX2TSnpyFq9P28lAoIStfVWm2P6/Ho8GBYr+cb8yhdkCrVEGE5mjOlEiVpNpkGl1oyXWtnksxmj+MYonQVIiK6rp/V3grZpdaIkkA6IqKAIkrYWKpRUWCiRERMbZqGEQtFCEUBSRklBFJERJQiArc0klprpdauVtsAUkiZOU2TUIjWMkKl1OY2TRNCKKJka22cIiIiAqGQ3KZJEQqFBI4I0s3uus6kW87m81KKnYSMhymRShHpqCEi3dJq0wQNQjBlo3nKjIjaVYUScrKdEYAQLdOZbpNUI9T1VRGZTVKJknbLFCgQKMKAWpRSS2mtYUetEYEIRUJz1hoohCVHFJOYUEQf2DbGIKmAMzMzbUqp2do0jqXvZSTLEUXYBmPsEgI1Z2aLKIGNSolM22lJimmcMlvX9/1sliCr7/paazptQmASulKmqQ3DZKlUCdTVSBwCsmUpKqWEwhAKWxFFpO20gyhAKBTZxsyspWKcpgQR2dJ2FBljJ26tqVBLtWRbIu2QFGHb2M2UiChgzNimzMQhYRVJLZ2ZXak4l8vDUioi05JCRCmgwFFKNg/j4Gxd6QxuLjWkKqSQrYiotYRialObrCBKJZTZIhSlRkTUogijqa1r1D46gmxGEMrMBNK2BSUiVIqUJKFA4Gw55lhUa1eFbbXMbDm0KSKQWpsS+lKRaYqI5sycgMzsSthkG8mIEoCkJGoobUACy9g4pCihwOlSisDTlCgKRJWFrCgS6URSQdaYrRQFIUWSEhFhKZ01FKVMUzbZmZARBQmVIgmDU8IQhOVwRJGELZHZDJJkLBl3XTe1nKYhojN2tqm1YXXYWuv7eSkFUNRaSinFmbJUhO2isKKWrnYtHRFCY2tTs8w0jeN6iBJjNppJMj2NY5SOqqIikZ6EpJRkBJn21BIBEvSljyK3luk+Su2qgza2ltna1FoDi7Cc4zQ1AwSiStgZihLRnNh9rS4VqUgqkc6cpmEYh2HdpgRaZq1VRcNyNaT72mGnHSVCMU6tlKilNidCMgIcUVVQU6qBai1pG0sCpswS0ZU+AghwiaoozS1bYsmWUJFN2knaVqFGhKJEAVBEyDjTUWTTpjZNY0QURJHtJGVnEqUgQQrciEKpEerMlHZrbRrH9TBEqHad3UoJKTBRItNFjlpDpeXYpqlE7fpaVAjALY2y62p0tYRqKUfLVdcFpSCX6CTLaq2BuiIicmwqpZbAKqW0acopI6JGqV1tzlBRVZtSUtd1UQuwXg9tmmqtnbqhjS1bqJTalaIqDdNUS40o2CBkJ0FRQRQFtdSIcLNsiYgYp2F5uFKE3aapFZCURRinW1vXbjblNKyHWmfIpdRpNbRss8W8dJ1Uwi7E5JzNZrXrptZaa6XUUoRLG4ej1ZHTXddJRFRC2Vr5hI//mAJtnKZsGxsbSbbJtRZFdSawXq8V1K4Dl1IC9V3XmIIStdhZay0RU45RSldKlDKsxjZl3/fzjVk375WUKH03j66UUI1AarazBSJUFLX2pWAIlRIBIiTbUCPA2Ry1zGczybV0Ia3GsZRSa0SJaRzTMes7uxGQytacxumWKGTZk5MQUGpXayltbIbalWmaSq3raWjZgmhMbXJEiQJomsbEfd8J3FBBiqk1KaKG0zYR0XczyMSkE3e1K33FhElnVzu7BSWCEgVomVECIbAdqHQdoaIiOaIgDDXC9tQmiVq7qLIl4SRK1NpFlKAYWyjClsB2QpTItDOjBJm2p2maxql04clTS4UiohQgVAK5llpKhFRUiqKEQtncFF6vB6Su1ii167ooYSi11iiZjZAdmQ0UNQShADlbiZJ2SLOuUylSYAnTcEuFokgRw3psOZWIftaFIpOulq7rh2lwutZO8pSJM6IQAkjbGSVETG3KNJm1Bi5pK1tzllKiRLZJUcDTOPW1VxGoCJUIIrPZ9F01tDbJzmQcxnGaIkqJyDRBrVVRCNeuOpU5KhQSblNrU06SQgoUEaWrSG1KMi2K5LQMQqFiau2Es03DMExt2pxvdLMOXKJ0JUp0UUtmay27WoGWKZhvbMy6WT/ro6tYpXYqpZSAkKBQHZacdmazA4VEhKMtD48Oj5azvu/7rkSRBQpCYso2uRWVtI1LFEltmqCo1oKslDHU6KJElJKZzpyy1dqVEiggW5tQCLdpdEtFCWPSicECXCQRE4mF7LSNcUGEbUtFIZNALbVEjZASlVpqGDIo9ji1qbnW6Go16VRmklZRjRKlWIpwS0uQQoDtrBENhESUCIl0ko5SgDY1ixq1lgIKIjMRrTVBOjNdaxVyCGxUomAjEmGiKEoERRHOzMzEWDWKULY2tQYqUQKkyHQXUoQihHAQyELgTMvG2QBFLSHbJUARpdRQc0rR126c2thSBamWKKWUbFMUhSJtIChRSpumcZxkEGMbaWnSzpBr7do0ZWZESGHsdGZmEmFLEkCYqDUkA8mYTYbUbNbVWrGSJC25ZUpWCUEbW8tULREy6RZ2qkhRJEIRgSxLpURmS1NqDUIpFDlNBqFSlaRsRdRShDKztSlcomhqrUTpaqdSuiKbbFNERMg4GyUK0jSN6SwlulozM5spIWQ7UO17wDgUUkhWiMCYRJJCziaVUiIz0xaqXVWoRm12m6ZAQumEtEGSaa1JyMrWCGWmHA7CpE3glG0UtYQxQY0apSDLzXZLgwNlS2zbtQb21FKQ0zS1CaFaI4LmqBURzoBauxIKhbEiuq4WhHBaIUmKsJ2m74qEjW2EomRaUIhuNiulkGk7ashCUhTsUKhgEyUKatlq6UuptSgUBNmmliKbAVCRcURMU0unJIVoSFGKsmUoJAnZlsPKWkLJ2XNnh/Xq2M6xqCUQIUnNLrWWCGempZalllJqa1lqSZyZ47AG1a4C4FoKCRAlSi2ESkTYKULRdZ0J20hyRolSOokaCmFDkVE6q8Il3CwbMw1ja9l1XYmSzsxUCbe0FHItZZqmEBEyclpRQAplay0zJGfLzBJRuqIoUghsami9Xkeo7yslnMbGUAKBTbooEAGUEqZEpMhMIEKiZLYSBWdrLUI4wRLT1GQUkoqknNowrUtE7fqQp6k5MyIKJeVpHLONLVMhKeyUVErBOCyXiOISMpm2bWwTVUVCQlZE1PDk1ibbpRRbpUQ3m/ddJ5FjlogoAVI6igAjRKRIUSgwTW2YhmzuSlUALgobCUKZFkzj5JyiFkUpoWxWCaWHcaxRkSS3zGkcat/VKKvVelivDfOul4SNQer6zklm1qJaq50RMsjuaonoERgUwtQaIlSixJRTiZjGEVullFIkokSJsl6tJaQSRV3tI2IYRkoUSgkPw1Rq2VxsrdarpGxszsEKoSillijTOOLW1y7lNo0SgWoU4+i6QolApQhZRK3YmamQUPnEj/owNw/j1KahtRzX03w+67rSpqmR2cZ0RglRJdyY2hSoTZk5SQW7iGEah6EFylSNIkXty3wxQ5FTsw1qbXKmU1FKCQFk2ihKoKgl7fVqFaXUUqY22UZg0s4xS62zviulSjG1NrUpQl3ftZa2p+YQfVdLVJOe0qSxFQKFwC0dEgrbEqVIwplJ1qilK2GqulrrMIylVgTprlQVkUaEijEiJEVxpluKKEXYlltrObYoUWsVykxjhaKUKEwGqLUzTOOQbqCudpkmXWdzN0/jWDrVEm2akKIIlJluiSQhy1iSVEJSWFJmZmaSStuOCCfNrUTtaim1F9hG2Fi2GdZDm8ZaakRRFAJMLcq0k5Zpk25Tm5zZ1V4RJUqAS8iUEpk43dUuTXNzs0mk2oWkTEMaAXZmazZRw2mJJOWwcz2Ns76PqNna2CaZrquKUDpJ7KgxjBPNKdJJI2oghaNEGCTCZWqToO8744Q2jJa70pcSJWqJgtUySxRFZDaaU7S0W9ZajCXV2jnbOE2KQpFzSlNLlK4jEyhRjMNRa52mnHIqEaUUp9erodRqoNFs41ICJ04E6cTpTCdYVoI9HS1XEbGxuVFUQxFym2xPjiIp0xa11ChFjpZjTi0iutms1CJCoaR5MiiilAikNrbG1EWXoYJKEYpaq1Pr5VHLtpgvQrW5EZI9Od2aUYEoRSBRa1Gp0zBY2B7WAwbITAlBmgiFFKWUUhWESNPGSSKitGwiFDm11jJRRKAIgdMoimTbzpCi1BKFkByJJJcSNihKqY22Wq0MXVelEiCFpDRFjhKY1loj7YyqUBicljVOza3VrtYSgKHUglUQka21cRqxAiwwBkxEqbOOTISiyIZo2SJKNqez1lJKjSKATEUolGnSJslQKIRMy5ZTC6hdldRymqYpTa2VIDOdbliKQjQnCBmsKBhFKCypdhXTpoxAyNI4TgGWsIGoBVpRhKJhOyW1zGyZxiAopUgxZQMUSlobWpQAIqLWPrNNzSVCinRzumWLKKUUItzSxm61VtstW2ZTKNuUzSqqtQIIpVtr2bLWLhQ2TieOiBKRU0qhQFIgRbTWWrZQQY6iUNgtiL7rUp7GMWVJciYZhJCkUJTQlA2rlFJqoMDUWgTZXEpRwWlJmVlL7buOkGwA4WbVImnKRuY4jpmtdn1UtbGl087MUREt2zSMtlItpFo7kKRxPeHsuiohFCqtTdgoFGqZkiJiypQBlaKwWo6olKKWTch2ZmYz6SghkCAEIolScWa20lUcEQoJ53oYDWNbi4gopdYSUSJaZmsWCkUKgTOxLclqmWmM+1JU1FoaC6VTCsmhaK2t12vStavjNJIOYUKhEqHA6ZaWFKWQRlEkSelsU8MqVaUWN9nZnFIAmYioJdIUQahGDUTg1rK5drVGATKs1OQMUUJTZrYmqbVGRERpOc66vp8vxmGYWgMroisVYYOpXQGMQW4tInJK2wQlVEOKKKoRgaVaSkREIGEndsvMFpLJbLaofR8hG2c6UxEmhWspSBFKCLmoKEIQXZQorbXEXS020EIkIAmi1KhFgEICOQjZqKUJhVuWWkrUkPq+t9zGKe2iUrtaau+pJRYF4WxtakAEUyYtFcWhnMZmJINtFLilIvpaDaGQInMaW4awwbLT4arSnDIRUSISlJRaAdNsj9PUWutqFUxTK4ra1bQzs6iEIhB2Qt+VrusEUUqN2jIjAknOqpo4bcKhEpIzCyq1ZEvLzWROQVqBGddDRFSVqbWogsjMKLUQ0zRMzTJEILKlm1Uk1Ka2Xg9tyq72pSoT3CKwikzLqZSQIrO1bF3UyZ6mda19qZ0zjRQKBYSTlq3rS5TqdN/X2veBSinZsuVYSlGU1ppEthyGsdSSjWFclygtE7KUsDMkwzhOmev5bI4zShEiKCVqlFrrmBM2RrXUbqZAESEZVMJp4dambI6i1jKzYVNKH92UU1cKijY2RYlQrbVQFHJLIRTlkz72I5Ezs6sBKrWkcr0eJaIUmkspWMiZKQM4myWhEC2zJa01WWljKSyVbjZT83qcmFozQbZUtoYzaYlKBHbpaq2lpdOWlVNzCFuSAcsQQcsMgZicpRTDOE5930t1Gkeh2pcSFUhSjpYucil97crUkswoam2SmdyEbCQXxdRaNlOLFFKUrgChgp0yQKhEKCKEJUiSKZsUNYqxpEQtm4hSCsJQCIezWTgkiGlq0ziUUkSkGlZ0XY1iUkhSrdHIHMeIyBYtpxIlVEwahaJ0XbZEilAptauRUk5ZpDQRyJps00IRJYRFRCEzmzMzUUQpQoESgpwvFjbjsFaUrpRmpTPtbJMzCTChGgorIlCpwtOYiaNUyTZ2RkQoxrGRGVFCJQIrSpGQcaajuETYaTNllhpSjMMaUWqZWgsotdZSMj1mw5qytXEqUaKUUmNYjRExXyycmWSJAmTSPKbpuy6iKmQiQkVBUdp2OjNqATUn6ckpqZaCPTkREUhqmc5Way2lFKnrulpLlFKIqMK0nOwoRaUUAXKRkBSUiFrLNI7TNCpUgmkaMUg1wkAaKY1CEQrAyjYVFXV1mqZsjVrTUyZVWJJKKaWrdWwTsjPb5HSO46QStXZCrdmkCAJBttbaVKiqRDoqigBQa61FaDZbFMmiFJGyqEVjI4IoJSjNbWoOFWcqqKVImqZWSkRXyJyG0ZIk2ZhQNDeBVGVnCVklFFEIyUKqpahQozMOpFCazAQkqcgqkYmNDMo0z5QlwsQ0DhFRS8mcpmnKzIhSu7CVmekMSUQtRVFDkiRhhAQIY6WdOTkFjiITzsSKEiolBARQikoprU1pByIcUYUJIkIKRxgDWCCFjKdhLCVsSeq6artNY2aWWkKhUJTq1tIutZSulihIzkTCaSzRMrGbGwgbZZSqDCs92VDCQahEoLGNaZeglJJGRCnVmZmJ3TKdLe0IZVJElGLbzrBKDUUhM7pSuxKKruuTbK2ViHSWGqSbHaFSigIDdmtjiaKINk1pRyldrQklSkTYOY2ZdqmllKCEULqRTVKozLpOKukJaIlIUGZr2TClyBCSQutxwpQatpardS1l1nVTNhIUiFBgpY2JopBs5IxSSi3TMEIzBKTT6agFZ0sKJA6V2tW0c2qgWioRQn1fu67YAF0tGKOiCKnUKsiWXZkpNLVRUkSAQzXbNE0pRY5Tiii1qwGKIJtLRAZuTQpsi5Ci1FCB9JRRIopaGogSJYJMkAThls02jtKFDaa5RalRiluzPbm5NRBS7ToVZFthtza1WiJKBaZpSreIEgKULS2LtCJKuGWaxNnaNE1SRERrzRZQgkpBHqYmSUHaxoqICNtFoQBLUEqIUDBM4zQM09RIsKNEqR0kSJKwLVApUUupURIiIls2UulSQtLUmtNRlHa2qev7xawv0RNlHMbVet3P5/O+ON1aA5BKFIdzbNPUWmZEKKJG1FJLrU5P02jbKkWUIpJMV0ULk2Q2wAly6UKQaclITkdUhUiabTuiWCFTiqSC3VqWWrJZBdktqVFq7W3bCNKpiGE1tJaBRUatzlStoVBiHCEpnIzjUGqEhaJGdF1fuzq0YRinWopCxs2piFpLSAJDKLCH9WBwsyFC2VxrkQEs4bTTIBxBlFpKNOc0tMxWkELT1JCcTjxO49RGN6nImbWUruuF2jSUEqWU1kbbIIUyp+ZWFCDEOLWWU2a6JYjQME3DOCBm/UxR3RrYJuVQKCml2AbVrguUmYqotWZr4zSq1K7vpmkKUlEICbp+FtDSOJFkFFFLkah97bu+uSlxZE50fYlSaldRaW0KhYpCRaJEmc/nwkMb29RqCdtOD9OY0xSlyiYZx2E9DLg5QRABzc6UI8LpnDIzSxGWk9msk2lTrocxpBrKbM3ZdR3B0f7BcrmapnE+m3d9n1bmhEo2h9SXLnGbEtHN5m1sw3qtEJBjm9ooZJzNxZrInCyBsIVTEQEWSlOkUmSXT/y4j25uTvrZrPZdRPWYWS1KV0JRW2uZWUv0fR+lWBYhRQQpl1IVnvXzEmXMVrqaFs5SagRdiZaZ0zCOraul1towmZIyx4ZKlDalpChMrdUSXe2E0pLcMoW6rk83B2Fhl1KRSgQRtai1ZiFVBc6cxskm5NayKXNyG4fouhIapyRUSu1LVcg5tXS2CYxdSzd5so2QimURRdHG1pxCihKW5GxuTpUINIwpga1w11UDUuIpsyj6WpHcnEGtte+7EqEAU6JELcI4FLTMaWylRCk9aMoxjFFCLUUEolguCgUSSLLQ5DZOk7NJKlHAaihAtAnIcRqxo9RawplBCDdnlSKi1pnJqTUpVASOqArbktR1Xa1dhFA2W3YpxXgcJxl1UaI4M51CURSilKi1IEVEqdGmBBVIK1uKMGDSWUtEqXZms0WNcGrK7GoXtSgptfRdJcl0lCBtCEWJqiAzpzY5CbCoXa8S6YQMhITApBMAGUoJmxISKqU0ZyhCQcjY2VpLoPRh01oaMIpichpbJliZU1qIWjtaKmpmTlP2866U0qYpaqlRcDg9ecpxaunEGEJdrbV2suwsXelq3+Tl0Qpn6aKopK0oSHZGKVHUEoEQUGoppTibFJLsjBIqESKkxMrIIMJSZPPUbBNSaw6AkDLdMKKoRODWMrNlNqGQWiY2NDcT0VqWUqToui4kjEIRJTMz05AGpaVACiRsKeSWABECIYlSYmwt2xSKUku2JIREykrbaaFSIiSMhY3AOKm1rx0wTtPU2jSOmDSIUIQiSkQtpMh0yJkgewpFUDKiTaPM5PSYs1mxcLOlrgZSgFQoFIUIFDUgIrPZKOR0ZgupSDgzUwqTkmw7PWWTopRQkVHmNLaGo9ZaasUepxG7lFprwaolQqWU4jSKQIjMBtRSFeFsU2syDpzOTJWIUhVKOyIiiiCJQAA4wtlYr5dCpYStKFGiRBGSIJMItWx2KoqkEG3ylK123TS1EhG1pC0UKsa1K9lyHIcatZTiNlGF3VoLqV8s7Oa0SpFEqCsdEBIKNyNCQgoVwlDTzS1LrSEiKkrjErXWih2SQm2ypESTRzkyp66T0TRNkCVCEshtFFhyolBLZ2ZrU0AamyjR0tlSIUSbmHIqtRpla4oQHoahtaaicFHQ1bCjDUMpIVWFai1GKqWUkpk5ucwip8k2KKKkbWcj3VIhlQIZNlFst2zTMEUXAUaBJywiQnZGBAZJEVAU2JmeSqlOD+OaRlFEKKKDFErcMpUZUpTARCmYTBA4XailWgqcmZlTa6ohRCH6+VzYTkPamDFTRpKRM93GrvbdrCcw7md97StWiVCExHqaalBKVyRDKQURCDkUUaJEUIpNSEXVArLUiAhFRGEa04GkNmW6SYpSQ2UYxjaOmYksRRRBtGyyIrAACpHONrl0XVdr6Uvtuk4xTM1uKgFIGIuSmRYlVGqU0lGYMt2sgjOQ0uOUqQhFOI2c4DYpFFH7vtqqpRiFlSE1RUSppaUbrrVkSoDw5CkzCnZpbTSUWmrUYRinsXWz3rBcrUSTQhSJzCRzslVClgtFJaIM40hrCQQIReBQkRS1FClAIgRIdioky0S2aRinWmpEaW4tM6QI2VlVopTMVkqJUqdxHKeppQWl1paJKLXWqIZApZZSi8SULVMlyHSbplAtnUoooqh2tRYDJlSiRI6tOUMOlcyWUyoKOKcGkiR7oiGC8DQZaqmSQso0ERCBQ9FIW4qI0DS2cRwU0XWdMy3cmkIlNLaWk4G+62qt2CbtrLWrUhPZUlKpXd91YcbMxOO6IZeuKqJNLTOBbjbPloSiKKeWzhJFCmUikjSqQdd3RWpmakObJjKnluM0RY2+dEjZXCKSptJ1JSSF1Pd9m0bTpqlN09TVPkKSooRbZptI1zIDI/Wz3s4pm6KuV8uope+6MScUEaV0pahObcSqEVFDEc6MGlgtW4kClFpCMbbJWGKaRhFGACgkwuXjPupDldSuDsPUptb1VSX6OsPZMqMoIiKoXY1aIcfliFJoWI3GXdeDoiihlOhqjx21FMnOzHZ4cEgtRXISJYS6riu1E4ZiKYxKQVEijMLOcLEiQiKx7BAlatTidKanYch0LQpH9F0RrTU7paKwkVuWvvalGkotteuC0toUkDhNYoElokZIiiCwFKXvi4jEbi2kUqtxOjHp7LounW3KiBinyZl9X6KUnKaWOU2ToS+1REzZJKXb5JSRFIq0MTWq0+lsLYWlkMCGMNPUWpVq7cDTNAmVLmQrglQoaikUwgHGtGxtmoRw2I0SIsZxyGy11lI7CYxxpsFNFqGQIqzEwunMNk2l9rXGNI5Ozfq+1NKmNg5DthQIKOF0UURfA7nhQiiMnCmVEjHZaga1bE5jBQzjarJrqQhjJByhIlSiBoAUEYrmlLNGRSYNbtMaooTArTkKCtmFBFmomRolSqyXy1K7YZxClNJl2nZXKxFgJyFZKkUgtyZQLQFSBKGIrqsQ09QiSpFMZjqntJtEOtOgFlLatkuEQqRDjONkuy81Sh3bhB0pqYAjCiGhzMSJormFiiJIStDV2vXzlg3U9bWoSBGoTZPTtUY2Cyw53XUlooCFJKaWpVSBnRHKcTJEFKowdo7ThG0piBS1VNtGUmQmoUCSoihCbkQhQggp0tnGbNlC4JhyVCmhkJzZEkcElm0J7MyMUgLZUqEqnJmtRe1IS0QJFGkLhSgqSIFkjW3Erl0REkLIgTxNTTZyppH6UpAyHVIoai0GYyfNLdPCtRSLCEQxRkSpBCFKXyWckmzJzTbIQkEEnuQwQi3BGaXYpJuspEFpaYVkS1GipI3URVGA00Y4Irp+VroQOY2TRFCcLrUaSyVJ2dM0pSdZktKAS8gGrBIFRS0A6RIRJZSZTowtQFKRUxG42TllN6+hosgSpaEamlrak6SQpmwR6krXdTVbs02iwOCGQ2nbrSqGoU05BYFdawdMTkzUKpUStet6lZiGwSZUTIKxDHYCU2uyFbJlhGSjsG1jIamoBIStACe1FEe4pZ1IAaStrNER4WzZGooSkcZuEZ2qZJtQRA1ltsxJhGSSUGSmAplaaqmltUy7hNo0OtMmQlFKhEqRkK3WsrnJgVtzdF20aXK2lkQoEOmxtYhQkS0cUaOqRglFhYbAthNyas1uRbLV2qSoXalBpKxU84Qiap3GqbVJRO1qmDblNDXSzVObRihJ8kwqQoqokZmZDqIURdRaAgKnIhRFFtmkmM1CEWmaMyKiRE5kUqJktqIAmwyFJEUhCAUmEIK0SWeqKIHWSnSIIBDZMluT5EQhsrWWItN2UiIAStQo09RqqVJkNkGNIqFQURmnKT2hlhOQoVJCmKS1KRFdrWnbHschM0uUUjuJnKihlFq2UC2lCEopsrLlOA191xXVqdlkIdyc2SSsJAhVOQkFUgibhqUSNQoQiGlsbpO6GtbUhkyihOwwUYtsp8EtEywX5+RQrdGmXK9HQqXryJQRkiRcuorUdX0t1Z6KQkGomMwxjTPdprG1LDVK1CDSYEBT5piTivquwyLbehwzW42opQvR2rQexy5i1nUJ47hajxOhru+E18PU2lRrBCWKulpthEqUkHCzowTGIAMYlE5B7UupBYioKirRZWuZDilKsZnGUUilyIkiIoTHccBRamQ6IjChajenatcltDZJFIVJOXFBSGGns6WdbSJiMZshC0fpbJcIiBrqZ31rbRzXmY4oRpjMNAJ3USgxjdM0TWMb7ay1C6krNduELbCbUYjWphIRxDCsaynqYhpbrUWhllkjutpPHg0kbRpr3837hVBIEWWaxkx3VWmYVEJdrdOU03qtEl2pdoowWYu6rrezRJU1jhm1lsp8ttXNZiVKSlLpu3B6MV+U2nskioRC3TSN4zTN+pmdma3rOmxbkrq+b9M0joMFWKnZrE5T62vtuhm4K1XFmLDKp3zCR3a1VxThJoqAGNpQIogyrNYhonaZOa7GKBERpetRphtJqRXL2cZxWg/rEgEehmGaxjblOI5R68ZsVroqRZRSQpIyXWrvTLcWXSdZppv3hZhID21oo5uRwjaU0ktCZDPYTmQiEgukQKZQSilRs02NrH0/6/tQZOa4HrquA2WzpDA5tai1RJRQNlo2laglVCNHU6KWwEqrdHKmSlERTklKWZRS0q0vQanZ2jRODc+7aigSxNgmMjMJk54iSq1FKpnZsiFFREJmCmXaKUUIlVIQfdepVLs5iVJq6UHp1pyWi2RrnEag63qBIkqJlq1NrWWLiFK6CJVa3MjMLjpnGkpU4VAYC01tWq1WpdTad0XRphGIWpFzagmhUroqZ0tKBLZxZgok5TA1p7Nly1pDRRg718Ngp0pIAJi+66MUjEqJIEIu6daas69dw4GQlDYoIN0wVtRS+04q63EKadbPjWSXGkLCKIwxyEG0zBJEFITA6VCQNmRmARTjsG64lgJ22qRslRKKdOKMKFjZUlBrKarGmK7W2teikrYzhQ1TNjc3RjlQ2KkQSkqZdTVKDTG1RAic2XCxShRJklBIiihtmpxp07LVUlrmehpCoQhFqEiAFKFpynSKIjmnqUiZzUhSKbWUKKGCpAhAKrXU2oWIolpKJmAzTWMWFKUogIIypERCJSJKCFQkqUQxjYZlUqWWTNuSFKJlTtMEAhXCJt2wCIEUIlPIVhpJHm1SCslyqAopaiGd2M2pNo0phSKCKF3BpJukKSegRDFGmSgEIko4XYoqpbXmTFuyJdIWEgb1XZeGNhFRgymnNmWJkm1SlEyHMG5Ou3Wlk0pmK4VaKopQlFIilHYQhFpmyKWWElWKbFaRkE1FpcxIJ5aUpgYoMpsNYVEwUQKcTqGioCgzRUy4WBKZSts2JlG2CRAGRUSEQAILEqFs05R0XQlJEJJCQiTOFqUowgkSAjkshSJE5jRmlCCNKBERIoRTRAgchioQtiLUGhIRkc7MDEkhMluaUIliUiIkA+l02nam5UwbBzJubjYyYNslJFFrjVprKRHCql1fQmObMhtWrV2EJJUSRWF5WE9KlRqZmtrYlSLJ2IoSZcpEWRSZnlqqqosSpRgpUwrbtrHdPExDywxAGqZRDslTm7BKDYkoNVSk8NSKkCCigjNB0zC2bLXUiMjmYVhnEjXCgjCtTQ27RAlo04RBOKfMbMa0Uut8PnPSMqMIwLLU1YpdIkCKKApE182ihA0hGiGXEDi6LiJkqRTsqaVkTChUMO5qxSRZspSq1hqQ2bCKGN1Io+J0G6epNUW0NkoRCoMcETJGRKnObJmSjLARCiQFYGcaKZ1TuoRwEiUybBpTlBqolFCUUoWV2drUwAUpopQSku2u62b9fGrjOCV2tgkUihpVsmWSzGmacrVeeRoVaq3Z2CkhDEJRFLKSzJYoZBFGTlRKuGW6YYZxUKhGhzyOIyGyGcBpIJ0qodp1XZSWuR6HIvoym6Yxs83mXVEYUKggqLUigkKmhY2KnFKojU1BV0rKNUrXdxEFsqgikCSwERhsQ+06MqNWQZQgPIyT3WqtNtkcNfp+FgonsizXWkPhQkRIgAipyGaa3KYxQi1p0whWRq1BUBVEEWAoqioyyIgIZXqacsqx1q4rJeWcsnbd1Fpmlq4KlSBNIIKkRZQSKsihoEQISJyZxkVyehitaPPFXMR6vW6ZNXpPCVKoREVIWg8rmktXAbDAUYCuK0JIfVcTj+uhlFJql21UkW2bEsX2MKzHccxpsmnTmOG+di0THCFltjY5qBHTaNt939eun6ZpmsYSUUpn09pUimrXuzVCSqKLzBzaVKKUkCSTEJkuJXBmpsfJdtRaSk1PU2sR4Ta5RECUcMtxGJMWpYbU5FnXy2SbiCjYzsRShCQhW6ULWREiUZlaEiJztVphp3OaphDlEz/2o4mY2tj1pURpma21No4RXe3CNthySJKRSq05ZYS2trbbNGamIFuulkcR3WwxEyoRKdUIFBFGpbWpdiUiRIytqU2qZRyGlq3WgtQynSkVAaWAEqencRxL17lNU5tqqUZ21tLX6CLCzcM4pVxrF6i1RLIppZSItKd0a+NkK8jWppyEai2KUsI2mY5wV7ooMbV1Ttk8ZWamUZaokBY2kkgstTYGEtHVEioox2EUdLXrutqc4zhO2WoUOym11hKUKUcbpL5GqAAStjOzlGI3RCiiRN91UToJcAiKIpQ2KEpgSCsK8jSOihJEFCkkSVG6WkpEKQVoma01TCiIomJJkprHiCpozREqpTpxAg2FRS1BemijWyuhEuEgSnE2SUaZWaNMrUVRVUF2ptOGiKKu1FoFmGlMlLXrIkJgORQS05gliqClLZyJpXDUCMWUTK1hIiilQ5CepiyhiDCG5sQgUUpElNYyJLtJAskoRNrgdBSytSlb1NLcpmlazGaWQkWhaWxTG5lMF4IonXOa2tRyUiiiDm0gUwrbITVTQsLNiclpHNtYotYSzcKpCFkKpFKq0kw5FRVwa1lx181SmMQ22CkpShmGaWojCSBD0HW1RG3T0KapKGQjFJqmJhNd2BCRDckqJTOdbukxM1sDIqKWUqMSam0Kk2RLT9OkNIGxHSGcJgiXjJQxthBIBSWKUqogSkEAJUpERK0llHapndPA1JpMKbRGm1qpBWw5UGa2liYNUUopJaTMNBlgJKcUoUisolCJDmVkWkGUkCKI2awHpslStmaFcOAMa2zNbk6bbM3NKiVC4fTUmiSsMVunoggUAbYsIoSNAimnKSyVSKewomK3TIEKpdRQzZK1FDcjF8mhaZwoEShpNYoiEJmNiAgEiVprmFLCyNgtFcXOEhGKKEKR6WkaJZUSEFYKWWlDpiIK4TCSomQaVCWEFMCU6ZZdV2opKrWE2pSWSjCNDUlSOjOz78KEwCZxGAKsvu+7vgs0tpRzGpNIUhE5jFMzzoachnFyEKHW0m5RSinRbI9T1xVFkCailAhiyInWSkQaO2VZliRFZrMNzrStiCglSqlFIZG2nVgtPbaBZicqIZzNkxNbEeBSQwrnZDONwzCOte/6UsYpM1uIUHU6pykiSu0iIiIUZGtWCZHGtqDWQok2NqcUITGsB2ciTdMYJopINzdQNmdrgEqNiIiAcGrKhhQCqZRKOm3LpZbalVJKpodhkFRqBYb1FEISMLZxebSaWuu7WkpVFHCmhaZsgIioRVLDStJpp8lMmcSRbYpS0oSdBM6W6VS6kaQNTieEijOdrZUIjEmEpQBFAJOz1uhLR6i1qU0tIhTFpIxCkFO2bBkSzgQRhMCSLIWUrbWWoFIDBWmTRSqq4Gxyc9oYR5RSkIMAAaUU2xHUUpuzTRN26UqCUKnVZDqLSmttvR4VKUUpfe27EEhOo5am1ghkp20pSo0opdQSJZyCFFFKmEAmCEUtIYVxoFKKmx2WQaVNQ6YVpB0l3NJSNhcRtZYotsfWGi3HlJTYthQREaXUErbBRoFDAQi6rhJ1mkbM2MbMphLGtuWIEFJrLSSFSkSaUMiSWlWUrkbtELWUUqvThhAlqqJg3CyCUmqR0wJsiSRLKekGhGoo7YhaQuGWtRQp0omYspGWmZzjMNRSaqmlhGr12HCqqEaJEqVU5LTs5sTQlRoSElJxOIxBomXiiCIJ0fddlJpTc2SJiFDDykzS6eY0djLr+trPJGezWyqiSCFlmya7RpVsoygRlK4ATrdMpykEoFJCUaOUkiCFanjKWnrsyVlrJ9lTpoEEhI+ODqf1WLqu1E7hBKGQDCVo6SCtCNH3ve3WHFG62iXpbGNz5pStqZQkVWKaPExjqaWLktDGKRQt0xFd7QhhWpsMXdcNbZqGFYoopdYiaNmmIftZ19XSpmmxOVep47Barg9oKl2UEFJXu5ZNlPIxH/Ghw7AuYClbplOKKCVNmNl81pJpWDuJCClKgWytWbBar1Wi7/uiqF2dzRZFMaVr1CiqpUpuzlKiKx0gAw6R1tQGm76bla6GaVNr2SKCEkV0pYtai0pEwcpwG5tUamBRS6hISapEsZCCqbkAoBKk09nGCavvutpVGgrJUim1qy2ncUpnTtM0Nfp+nm1arQecmQkobSIiiqKUgsg2SXRRpdKylaqi0tqUdkSJCJNtagHDOI7T2NVKqbIjwuR6OaQtAFprjZaTTCaWBIpSwG1Ky5KmbFNrOLquy5bDOEaoCGNwc1qEIgLLAozT6RzHoZRaSrUzKCpCGsdxGse+dgrGsRV1pZaICKESXamZOaxXEYpS2tQmZxfFqWxpMCq1gNIYCUop09Rsl1JrrcYoal9LREhKSSpRokRIFoUi2SG3JIRpramolqKCiFIUpaZTEZh0KxGCZpAlASrCoQLOUrp0s1QVRk5POWVrmVGKohSCtJsdKGq0TGd2XacS42ro+1npummcwKEoXQ0pSqQtQ5pCpsMCkmxt7GrXdV1rmUktxUgRTtu2yJYlSu06mUYGai3tnDKzZVcKRAQClSKp1AIOgkAAKiVE1FrqbNaVmnaEaqmlhNPDOI7jpBqlhLENxmRQkJmSWrpS2jhOLRFSZGYRUjFECYlsrbU2DENrWWoZluvmFg4UpQtRAltBEkGUcMrk1GwaUiklIlqmpCRbayhKCJw4FLVWhDCkEYoIWcgoqgRgO1Dpaq2F1DSNTrfWbGdr2TJqp1AIWxKZraVMRkgoSkSE7WYDKEqpIRFyyyZL2E57moY2tRK1VAU4W8sEBBYtUyhtG0PaVUIyRo4SJBmWImptrXmaLGw7cxpdIjITQ9qSbCKyNWypZCZ2UYmQ0xibEtUinYjaFQBU5KE17Np1pYSiIMkgkLpSw4VQZiLVUqRSQqAoChUJRGZKqBSF3RhyXVQoRVgRCqVtEkkqOI2x0tM4WVK2VFRJTqdUJCJqBFZLZ2vgZochwgbboqimzdQmpwhhgxQ1itNjS6UjlGZsa4VCAeBMq5RSUNSikCAiJGwBKgVbhVJCqLWcMof1WoSESpRSaE2lKFQjau3SzjYGynQpCilKlAhUWpvS9F1f+uJM44iYpmnMFkUREQokMJkNSkRXyuQ2jSO41r5ESafJCLU00Hd9OtvUopRa+0yTRmpOiYhAqiUEUUqz020+m9XaRamhEl3FOJAl2SZJAaYoDFFUS5XVcnJmKWWxmPVdP7XJzhJB2BCESlXIdmaLIBRRI6SiAtnS4HGaxqllWqESxaaoQE7TJEmhaWrpFrUGmqbmzKiBLKvUApIUCnBXOyzJitKmth7HUhSh1prlULEIk3aU6LoOoyCsWmJqLbP1fTdNllxKhDrnhCTcTNRI5ziMScpJIAhFiTCWgqJs2VrLnIyKgogQESWKQCGN2SKotbMbwaz2USIimtOoFCCdYSyjUmyXWmpElGLjlpkWIqII42wTbuFIO0o1HlYDqHTVTqdKKeBhtU5sexynQil936bJ2WopISSBJIcKge0ISRUlUmYak1gUKYKGcEaJ5sxMRbEhMXRdH4U2ZZuGlhkSyMIGoVJlEaGI2tU0IUtKg9OE7NrXzCkIO9MtShi3aTIiaW4RtXY1IoIiwjZRWja3hLQCYVGSxG0YbZeuTOtxPQzz+ax0XUsLJW0ap/VqKKWEIkoIJSlFVKEooUzbKWPcMts0pV1KSGAVhSwiatF6uVaU2Ww+TJOnrH2vKNksEVKg6GIax2lqtQZIBSIAtySxmVpzWiWKyjSNOSXBermys3Zda4rIEgFRSnW2JisF0fVlHMcuqH03TWPLVvuKWS3XOeXG1qLv5xRHSFY6W7pGmACls2V2tXa1S7m1ZjkiEFK0TLehUxe1diGXIJHU912NzkVhDcMw5egUgDSuR+SiaG10WnJEGacWxa01KTIdEbN5PwzTcrUWIRiHVmrJaer7visdyCHkgPJJH/tRpcS8X0zjOIxD6WoptavFFspCpO0EPLXsuhlSywQ71c9qKdWQ9nw2n1pbr9cSpXhKT9Nkm7QiEjCZOUwtQo3xaLnqZ/ONxTydmZ7NFyhpDoCYMiXLjlIiouvmEZFTy8xaukxatmakzGyFiFIDAk1Ysk3LpqISkkrX11Bt2aqqqmpUAybk1mzShcwsiqgFR3RRS2dNmSlF0kSUiFCZ2pSt2a7SlDmOQ4mQwplTZuZUFLPZvHYloiTuSpEBopSudrKXq3W2DEVIgSICWyWKaC0tJGysdCJlREmnRGYO44QJlYC0I4iuc6ZtQVe7zLY8Ws7m3WzWZ1NUZbMimlspUaLaGV3UrtouEWNOpEspDmp0XVdK12MDCqJQ+i4UXV9QobXMzMxShEoRNpLXqxERyE5RUh6nIVtmpnHX16KSWARyTs24oAilWyhAMqpFuNmRJA6pKJDSEyY9hmpERIQbQhKhCCKx0yCMoetrjSBKRLiZCNkiQxGllFKwo0TXF0kKCUS0tMRlUWtM2Qq1RKgoUKYjSj/rRWTLWqTwOAwms00ts0QUQrXUEonDUAtOJXa25tr3USObJRXJ1jQ125IDYaZpFAHYLlGQ000oogpZytYkShSEMpoTVCIsbGopER6nqbWMUOlqBKAopRSMaDlNUzaXEBF9N+vmXWar6kqtXd8FAViStJ5W02gRyCKQaikCp1PCONOWnMZIGGcGSo9VBauUUMQ0Dm1qtdZaomXLNDhCihJFIsacPDVCqhFSS0clJExzQijJbCUKUByEstlp29laUEohSgmFW0vkaYwopaulBM4uelVq1zen2ySi1kpEtuxKsTNzFKUU1agO1svlOE1d1FAgRJEslJ4alFqqCslqvXZzkspEUkBEKMhMm1C2FlFLRMvMbElDyGkccpSq9NQmTK1d1JAIwgZDtilbiRoSmS0SwJZRlIiIIqczUSFtATidbq1NxmljYTsyWxoL4SSnSZIijFs6IkrEuF5PmX3tIkKiREncskUpmZlOYWGVUroSwi0VEaFSi1tG6WqtEpKQApUa6QxcSrWd6ZYOonZdZhLqa5Uis0klpBICGsgmHKiWGgWpWJJwZmsZ0jC1QpSuG6fJuCvFBhvhzGkcp3Fq2YZhDKJ2tQ1rldhYzKKrcgzNcqLoSsVZS621JhmKbG45YRMRUmvpzIhaa1iBEoVQFIVUu66WEqHa9YJszeEapShKlKjhzGyZIOfkKYi+1ExwqpRIVCCxU4ppbIRqqaWrLVNBKSHkQETXdfPZDDmtcRjS6cCEpBIlito0tUwr0k0op0yy1AqUCKSqyGxRKBRjybUrQUQNIePadYmKJEUosLPl1BpyLZ2RQTagEtkmcCklSsHq+2qFMxPIBoEsXEoRBTxNbRiHWqot5xQhKKVEINm2ABEqrqVzZpIhwKV2mel0c4JClBIYETIQpZZSugjZKUjTciITFJKIKSml1K5zG1vLruvKrGdszqxRHJJcawXZTNkyk8ROios0TdOwHixDAJkp29laZlfCAK6lgCIwlFq6qJPbOI59V2sU49JXTESMU1OEpGzNqJSioLW0UxHTOAzDVFRKN8s2RYDVnKQyW2YG1L4zIdwyp6mRLVQctGySSNtZo0SVbZQiWpumcYwIwzRNKJHcWmsZBTdny1pLs7DJTFtSrVLKUpTIzAhFBGREdH1Xo+IpG66FNFFUQAJqLaVUpTMTWiWcHjNVlOvJNWqEMzONTURrGVKpHViWwW4AliSMpcmT8DCMrU2llFJLurVGCUGWrpQIQynFdrapRCm1ShhJzqmplFA0WrZMp1sCU5tqKSpd89j3sxo1s4VqKXWaJpKoEako2Bqn9Wo11q7WUler9cHBfleqAk9NuOtnAkMJGSmU2TJdCkTUEoZxymG9zmzpLFGdBiKUKYS6kq1F1FK7KCEhR/PkTAFORcxnfURMY05tCkr0FbtlllpK1Gka1sslqdnGLKcJhaKQDdN1ne3ala7WqEEUy61NdirViPJxH/1hxVIw5IiNG6iUinMYRkfalCiLjQVYhWxpp4Nsw9Rcokxjc+YwTdmmKNHN+zZMQC0xZatdD9Rau74f1qtay6ybByqlRBGUbK1lC5GtpV0KQpnpzLE1SYqoRSrRWpMkkES61BAlp6auzOpsdJumoZRaFKUrEVEULT1NIw7wmJOCaRolBZKiq8W2ShSFZYztydlHnc37aXLLjJBbujkK09TGqRkrEpRutXSllHQqNO8rCoFqSMpEVq21ZXNm33W1q5mG7Pt514UkapRSBW5g2jQFilosZNo4EWUaxmkca+kCZTYhlWiexnGUFVEzHQoFCpFpq5/NErVxAjmnUqLvuqLSslmSZWeEFOG0LEMpRSXANkZ97aZxkiil2JaKjUJBlCpSBBaSQG0aE5duZiQsowDLoFJCEVGmaZzGKaQICZUiNzKNvV6vM5vsltmmyUQpIUUJFCFobVJG6atSkNkcxXYAziZZKpKG9RAR89ksM21HhKLUIJP0BCqlIAnsQAiKS8tMOSeHnGlFKESj5eQkahiViIgA2URgGMZpNUwhR5TWWkh91ylKNodV+i4iJNWuK6WWGhEhe5ymbFm7rpQYh3WtBZNWhNuUpetqqelsU5taS7ul3ZrDNYptKcIoBJQiSyGls0QUdZNzGoaI6LpeKNPGoRBka8M4jtNUS6ld7UqRmFp2tc5mM0BSBIZaAnuamkK1FoOsWqKUkrg1h6QCUkgqERK2bSxCNoiIoiiSs6Uza1cR2aaQSimKktlaSwns2tcaNaIgB1LUGiWxMyNickaUEoGMwIBtqkKlKGRobUoDhIRkEyWyqSAVUBWQDUUtIZHZFC6Ei0IRIaQaYZSkVEpfExeKcXNTmiilRGvpNCpdjX7eR5GIElGiWkzDZChRpGht6LoOKVsmFtFFsTy5YZG5Xg/r9TpsVRUkR8uWtrM1G7sEQulWCKGQEKTBotipAMAZACI9tnGastSiiCC6EmkrAsnWOI1ulKLoq4wU81kfUYxLKbUW2yCEwVPWrrOtdHQFO9MRYYXt2vWYlg2BE7AdJTCKiK7KiVVCKlGKAnW1InJqyBLjOIYURYpwBEJGEdkoRdkYpiYQtlRKYI/TSGbpoq/dNIzTONCVEgU5jZ1YEeq7LmrFRhyt1rSs87nS69XY3EIhKYpQqNImt9ZKBG6JcIYoUZopEbUvIZqtNIlCNapCUkzjCKhIlgNSERERkg3TsFYIe7Ve4tapG2nDOEapZA7jUIqcIhNRIooiQgamZiHT0qWWrusVkXYbcpzGxWJWoo7rdUQJy7KQnTI1It3SjOM4jS3CTosiEQUFRV2UqgJRQthEkZ1TUgIhCeTaVZytjYAkhdJNaSIk3DAW0aYGWbpaI4wzrWZnq7U600kQtrsabRqPDg9q7SIkh6USRI3mNE47c6qlhDTlFFIpIUcpEbUQamOT5HSaTFDULhTYmTYCKdMtG27pqFEcdvOYzZm1VEkiSim1FjWas/a9Qm2cSq0o0s1YiEShiBCUrg7robXW19p1swh58jhNEBFRapEIYZNuob7riqDUrivVyqKiotbSdpFkhqkVqUiZjhARylQoJBks7CgSbpnOlMJpQuOwXq8GFXV9naZpnEbhAKS+ryLWy2WUWkuAsGVJIKJIKpYldVFIpFBqGsdxHFFEjagdaYVrFKSWre96UOKCWjYSJCkiigQwTZMoJVBOCSGVKDWilNLV4slDmwJUOkV0tdQSERElahQkRBpwUQlMIBUBBrlGISSsUkIxtWzZaqnGKKpkyJYSKsrMGjXtCAUxtrEoCLXJUaMUoVBR1/WhKKVECEqUKLXISmftioiIGDOF66xAMUSotVZLnS8W2aZxahvzOcl6WGO31mxwiygtKUFLS2rN47Duu1kpMQ1TG10VXd9P09jGkZAVOCOitRYC1Dy1ljJEtGksJSLU1s2BUNf1tRbIUmricRzsXMxmte+DcE6169wmk/PZLEqtpQuIUgTZLFAJJNugZodUFHZiBUQpUSif8DEfXWtISGotM5PEuKtdy6kNLhEtJ0u1RqazTRGhpuZszaWo60upZVqv54sNSePQhnHd913fddM4dl2fbapR3XLKVkvNzKklRX3t2jhCluimNpVaU6KlwZld19W+gmiUkG1jRERYZDYp7GmaphIlitrUxmGMUlQCRFgqqmqTM5unqZbasCwAA5hwoRDYSnV9p6gB/azP5mmcnFY4JJAkZ2vTRHocp1JCpdZarMxsZI45YUUoIjKTzKmNONvUpnGcWtYoma12XSllmiYnoAiNw5jOECoFXEoRUaIKStBaYnd9V/qQSinh1tbj1JUaEZktAOSQRLYsEVELkwnVrgsJ07JhIEyOw9TscE7TGKXYXg9DqHSlTK0lBsg2TaPTETUCgpwm25Jsj9OEVLBKMWB1NYQUEUIFCJVSkITtcRincaqdpAoKmSgt3XJyy3Fq6kotVUSERKSd05REieLWptYiJGuiRakSUapwhOxEYVwgRZGiRMu0XUJTa22cUEDIWI6QorRpytam1qRIT5mpUGaWEpZbS0ltapJr6ZDsjCgARQoyTVJCfTejyFNzOrqqEIDcWstpKqVGdNlGm6jR0sN6rVDXVVDtSgmNk0uRLEfUkNPj1CzPu66fzWS3aQrklGkREV0UFdtBYNbjmnTUajmzNdN3XRcxORElCrIUSIJSAhGhFK1ly1YiIjS1xIaAtAWpEqFwQqgIqRjZqSgKCVrLNoxAV3rjtGWAUkJCpuXkpqhFApTZMBBpSc7EaaeLIkoYhJAlOcTkaZpCEaGuVAXgnDLkiE6BcNQaEhKhSCxFKUVISrJI0zQ2N4WcibApockapzSJw0FVkExTyzQIu0R0XW+TaUkhUEaUEiWxbZCUtXRASIqY2mBBahrWhEoNu0EHDalARIlShDKb0yoRUqml64pKEdHaRKFESTckk0IoGi2oUYvAVmtT2gDYITuzNVKKcKZxKbWUqFGMx5zkiFKkQKl0FJUISYZpnCSKanPWGjVKYjLTcmYpoRJdKcjT2EotLqXlZCghMruuy2xTy4Ak2jSBSi2AQkxtmnKcRoOiYBGEytim1hpIEkmUUKlFgclMrJajhG1AggAoBGKcplAsFvMoZZomRO1KiSphRTjlyEgFXdfXWrDSYJeuq1EyW8usUWrtrGhTRkSYli1bli5QlVNpCAO4diVU0kzjSMs6mylAkm2cSWaTRESnsLFba23KHIfRdikFaNlq7UpXp3FyttqVbDm1KaI4s02joihCpG21UCjb1JpLSGFFUct0IkGKkKizrqulOQFJTiRs1VJmtW+eDFFLpkNS0JrdbDc77URyOp0khErIjeZJkiQIsAmh1pyeQgWpqCoIKSJaa+thVUrtSrEtFBJFRdUgRRQhG2wLcFoutZccEYhpGt1SEc3pRFGwbQRtsgJFOEFRakSE7ZaTcIQwadqUEpjWpiCkSAOpCIWGYR2oK7WUyJYmLWVrzhYlhNxSQSllnMZsiXG2KBERkGlkRSk1gigRspx26TXrZrbBVUWoZToznYRCIZHZcjSKYRiGcei7KkWSSisUiiknmSBSjigRAgG17zEtM+SIwIqgRkGAImqpRSKgi0611loi6tQaaDbro9R0TlNrmQIRrWW2BHKaStdLSCpdZLZQ1NpHCCudMqWL5gYqNZxWRFgiUhQVOyNUpNVqPWYrpSjkCJqNIY1CYXs9DkB0sy4KMk1jjqGIWglDES4RBDk1SUXVEs60I4qigBRBCjVBrRVFRHQlEqUTu5aKmZolhjZWK2rNliXC9jgNNaI1T+OqqKMZpQkplW7OEsKKUNgCgxy1hkI5JZG16zJtWYppaqRrX5tHuy0WG7XWiBKl1L6fWitRZn3vNFZIXd+HwiQl7MxEeBim2WwWkpO+7+fzPpP1ap32bNbXUgFIY1IU9aVIsnOaRhwip9ZsZv2s1E4FQpiIaOOI1JW+63qFp3SJQsgkkrOtlstpnAjNZrOuK1GqsE0L16i2yid8zEc4piAiOhSz2VxivVqV2m1sLCKCYLlarQ+PkCBBoXCJWopUIgJhZ0Sx5LQEWElrDRRRxvWYSkSt3Wq9atmCjFKLyjCtSy2hSNFFDKu1oJt1YzPZauntXK9XKJqdtqwaRaI1R5FMFEkCaq1TaxFSishpnba7UsFRSqkRETa1qus6UGuTQrVELbVFSkFEtpZ2rd3YhnEYIwIcUULCmVLf9dM4DMOwsbHR99XONtnNUTQMQ7Zxas1umQK6WUc6JAptyiiRmVECaFMTDqVVrLQVJUqpiIRALacocoSzlRJRC00SCkm2WcxniY0imNoYVpRSao0gkzS11Fqq7WlqrWUoFKRTqCslcWtZS/HkIadaS6lV0rgehRVRaiVlZUShtSmbGsZTcwQRpaWcU6ioGBXn1FoaR9RxHNo0SULIKKSirvZJZmsRBdlG4GDW9xFyqlZFKW2aMltKsls2GYUcMbRBmSWKoohsmZLSijRIJdxcOrUpszVC09TW6xFcSxhKUSYF2dlaypSuAEhOMluNIPDYWqMUQur6vkQ4DWkZO5Co4Wy4lt6ZnqaotZRqGbuUKpRTs62IdFsvh8lNYaEpJ9mOyNZCykYUBdHszFTSskmOUiS1KQFMKZE0KYydxhA2iiq3rLWWUtvUMpsgIsaWQIkIFWzZSFJIUmDLrVGiC00tbQsRUkQ6m207VEAWhUjZgAyKUFEJaRhWbZwoECoSjiQzjQyy3OwIUBhht8yun9uZmRIqVXIpocDOTCSkAmRzkiiEJSWKEIlkKQiRHscpMymhtNKUEhARiUnVGmncWtql1ForiCKszBYFHMJIQhY47ZSilGLTpomUCk6jcKYUrSU5RelrX8KZztYyalF4tVzl1KJIoVo7FGFKLcM4CpfSYYwQhkzXElIoNOvmfalTOlsrUSlCoZAsOzOboZYgPbk5iSLJSCBhQCgisjXLoZBKhBUytDEhJUpIisystaioNXIcHXKzsLEkSZmJQiFFSHY2I9BqWEUUocxWiCiR2UqJlhaOUp2tZZv1vaUScqN5ysyUsURKERFtGj1lqaWrVRFOo8BubuMwtJaliy5iMmFLql0Hai0VwppadqWGyrAep9akqLOZ0pnZlaoSLhRAEcgWClpD9F3fpsFR+tmslCgRJVAJBCBKBKSLZCmESgE3N2ynIkKkbTsVUWrJbIaQhIpKhKacABRurZmui1JqRLHoSi1dJzuzlagRBacDYYVCEUUliq0mS7JCuLWpZQsqojXsjAjclqu1Q13tjLK1QAY7ESHZtlyi62ezQljYntIhlaooxTib25SC1pqTUmuJyExsp0ooW3NQSrGdmZnu+xoRrWWoKBxEcyL6foa0Xk0qGEPULrJlRJRScOAmG2k260EmM11U09mmKSFQV6oEOHOEgmQ3pFDYJt31XZhxGjLdd52EadmyTaOk2lejNrUozLo+jZRkKmLWb5Si0c5pkiPdpmEyiih2tpYmFWpTQ2puUghZljSNbZzGriuiWImzpYUjaiNtMC1HpDQ4JJENwraTKIrQlK3r+q4WpNbSRlKUKChxpiNUoqbB2AkM68E5zeZzRckpkSS6rqu1rwWbruuIirKoRKluOU7DYjZXxDhNgdJIUdDkltnaNFru+lla47C2XKK0nGrXmZymjFCpFXvMBGqpmNYmQdRotp0mQUHYNupqLaUUlbTTTURLCyxAwn2NvuumNjmdytZcaoc8DqOMAgEuZINQICBCCmxsSeNqNJQIh1QCHFJENCd2KQUxjFMtpdaSzVObMhNMEcZGgc3U0ukpx5aJbQuRTmfLzNp1CAyOyaMklWLbmW2abEvKKSWVvsg4082lVoXW4zqbu64vQdf3mGFYRwmnV8N6GiekbNPUptrPKAbVrqslFEUlWnMbp4C+72rXR2gaG7QIAQorwtM4TdPUmlDabnR11s/mVo7j2LJltnEa+25eu7JcHUzrAWeU0nV1bM1TllKrKgXsWd9FKahM47AeRnsKiqTMLB/3kR+6HloJCJWIcZoczPreEg6ZbFlKRbbpykwFmXFqEWXed7bHacrJpXbYBKGYxiwlai2lxDgO4zgKxmGwNev6vutq14cUopQu7cwWBJKk0VlrUcuWltScObV01q4qZFshJCDdRJn183GahmHVd/PaxTgO6VZqnaZxykQlJBlsN4ObFQois6UwYpomXEpXlE4opYsSmPRUIkKl1G6YprRLqWEr1NXazWKavDpaQsasdlFaa4pqhC1FdFWKzGapRq1dlFJtV9UiWhsnu0ZFDhVhgEyFZAyZCWBCiohQJOm0JAJQQoko0tF67bSK7IwSoWoMlMBtWo+TIKKqRJuGiDKbzULRsnW1s+1CLaXraps8jsM4TVFK1/eySykm5VyvM926rlORcKl9SLhlMyEpMiepSABINi3TzhpVJWQkmfToBkXRMgFJ4SghOaY0yNhErX1fq0lRCUftnJl2iaqWLacAKbIlIjMNApFGYKOQJEqU2pVSq8hxylJCoWy23XVdKNrUoDhTbkQBIkopwqCIKA1P00SoK0WSTDqNSkgRw7g2UaISCpUSkpSkFJbVWqYJmBBIqlGjFtk5kWqIULWTyDAtk7QiSolpnFpmLVFqcSCHIiKiUpIMBbRsVkQpRbaFHaWUWkqUIiMrlS0tiZbjNEUNWaWWiCLUWtqe9V3UaNmEiiRJxiDRlYiQ7dYSHGhYrxx2G5uz1IqNsxnsUmqEl8t11xUjSUGA3RpEV2vLSQaBKQqhCBVVF7nl1DLAaXAtUaVEEdEynYlwGgFShBNDVTHYTjdMhHJMiwgpikqUiDaaQlG0bMN6DEWtIYVKCclC0NIKIQgJr8exVPW1KyUkuloMEnZEUKO0Rjq72lXFMKynKWWilFI7CTtBGIIaBQmQ1LJJKqG0pylJR5Ehc7JtJ+laqxxdUSaZGRBRSg0sRSCVCFpD7rpOoVBkuuUkoYjAERVZrdl2hKQUYCxJpZS0JYG6rjikRKWAMi2ylFpCbjmMDaQIJcgRmvUzhdfDutaOTCMnEVmkUmuUwIzTNLVpmqao0ZWuFtmKUDoxUql9jSjDuG5WKZJAEYqAQBnIIqJIihJ2uhllG8f1kKXY6XTf9baztSHHcTV0XVF0GAjhTCssq7lFLYKoFRTCyK1lRFiBANXoSg+aaOGIWgAngaZsuNlTqX3tupYgaNmyZWutWSW6Wc30ehhD0dUaVREKSKUNSJlS1Fqc2ZyLvo+uVBMlRFACKyKiiLTFNA6lllprUFRDxm5RytQy3SKiTUm6pWvUJDMdJaKETdrT2IwEBpGSu1ptZ2ZOCcz6rtSCIlRUFVJOaRwKAlCCrMwMRT/vu77DKGitRVSZlklRVY2IKaeQcGbDpo1DaxklFM42GUvFzpY2cmtQKDFNk9OLxbxEqBRMRHS1TtnGNkpM0ySICEKBsKN2taslqkJWEURELSpdzSnHcdnXWYmCnU1E9LUjorUJ25JEqcVSG7PUIFmv1yGVWoNSuxqKiIgomHSOwwiu/QzRxlEqTqcNZGvNSWYmtZaudhGmiHTa4zRlc+2rVPpSkUNVqWFap7OWLtMWICRjZ1oUKUpxm1bLNVG6vm/ZcGZmKQWpRKDIlpIkIMCtNWerpaKYpjGbS4laQ0hFtRQCRbgpnek2Ta0WkSIKRoRCIYSNQwGWIjOzWZIVOa4lrKhiypaZpZSiKLVmy7FlOCkqte9qgKdxCqmlDTlNAkkRRh4nO7PrumwmbbVSA2HLNkmRkszEdjpLjZCyTQHKnDxNY8txrF0fpQpKiRJqblFKjVKjNNs5laiSsmUEUdSmjFLbNLXWFATU2SynZhBKIuWWLopQOJtEJtAUEab0pZYCUpJFThcRpZOqSOwaHaFpnEIl3STVEqEilX4+wxTRRReBpGkc+r4bx3F9eKiifj5TFLfWpmY3UWoEtig2Y0uRJsI5TlMpRSXsNBhqFFo2WlUZp3Gcpmkaxym7Wi3nMCC5TaObTOmUJky6HR0crYd1jVprRFiofOrHf8zmfEEoVKLIzlDU2jnb+mgZIsNF0c16mdJV2VNr4KBQNA7DNGatpetnte8zc7UaJDa35lErMI6DSp11XYQIImqJADkdEYlbcy2hUJIliiRZlFKiINHczfooUSIEWCGEMjMzVSICJ8MwlQpgu9QiYyNF4GmapqnhIJQtM1vp+mkcx2Eotcts09jaNBaCUsJZim1CjtKVkBTI0zDaUbsCDpUoJRREREhQKJEGlRK1qNa5nLZLFCcm7GyZSJKMGwgBipLOCMm5HkbTSvSIiBJCElC7ijSNky3j5gwVyWTapC2r62vf9ShCKWMnwla21rKpdrOuBm6tRVTVmMahZVMEma21WmrAuo3D2Lpaa1dIj9OInAmQbiFFDSFQLUJIJZ1OJymillpLEOHMWrsSCgqypZQjFFEIYWdmCaEokoqJUktnsmVOw1S7WkImS+mKlFYUikoptat1zJbTWFSiVilKEZnZ2pQtFFG7bDm2UbjW2ndVitYadpQSpYaUzsxmqCUgk4wgIhRRaq1dtS2FQuMwjOMwtak1O52ACKOQVdxcovSzmm2CCEklBG2akGTUVSi1RO1rlEiDVFSiSBgiE8nGzmxOTNQioxLZUqVEKdg5pRSBbINNgBWyPbVmp4kghUiTLqVAjm00TG1URpSQVEsJFTslOxOBQkE2J5JTCgAJJAGyDYpQGBNyTun1OGH1fUUqtSsKkQZJzc7MorAtaJkRIlQ6jUMm2dc+SpGUpCklSk6ZWIkkIQVpEiKkUlqbnBmh0nVGgWipoNZCBJ5aZkQJRfOEkTyshoQSxWBnqEDglFW6TiFQTg3ZmZkNKEiKKqWJoKooiiGd2VoQSJnNaTvGacAqXWmZrU0R6rpO4YjSWmuTIwJDUByWSymSSCNUCmkFpVRDa9O4GpyU6BIDEglAKSqlKjCEcBrZBqJlRkRrU8tWioqKAruN4zi1DKAEUGqJUnLKZjtJuZRSkUWETNg2JgmhKA1wyk6ilMh05pSZMhEV2Uk2FBIoPU4jULo6TYlkO22BbFDXlVCxyUwIRdQoLRshWVEcFHCUiJCiJOkkFEIGqVklokSEFc3ZlVpLBUqJJLEAQwkJY0ohTS1eraf1sCoqpZapNQwUyePUjIUsT8PY3EIlSpANO2rJnLIldjfrSglbrbUoUUJFYaMiT81RSzhQqRVbqdIVl/RoyMw2DC0yay3D1KQU5ehg2cYputrGacyE2D/Yp6nv+8xmE0GoAIa+dCplGkdsy12pJaLvulI7bDtnfVUpIQRRIkoJqUQQEg3CTkk4FKEQdptaREhMrdEyIghFyDmJqF0NhUStoQgR6cQK0zKzqRBRSzpXy5WdkrpacrISRJJKbCO6CEU4TRo0jutMO9ymFlG7rqyXh12tMsOUrU1tGjJNBOQ0TkApJUqlSBktW/MUKkqvxnUbE7mLTmI9tsyUrdpHZGstSqUIEJ6GRkiKcb1K0dVaJYJAU07IXdcFYYSU2QKVUtIJ9H0Pmob1NE0lAoXJaWqh2vcdlkUgooTUWg7D6CRKyckRdKUqAFpa4HCtXV97SW2aMrN0XVdiGAanwwzTurUmoVK6vpB0tZMKNrbxNCXOcRpDIrO1qZRqe70eCNWiNraoUWtnY7kQSIBEm1ooQkQttZuVKqEoJRQKTcPY0l2tUslMiS6KMQpaUwQq07AuhJSgKBIYifA0NdkZtUZLjeOoQi1da5NRV6tKkT21xCpCEc7MzNWwnoax9n0XnUQgi1JiGlu2qZQKWWu1jKUIJNywGw7UdYUSOU0NtyndJhH9vAsFIkJkgiKU6VJrKZFO7IgSpdYgVapEUSiKahSXKKpBplDiWks/60m3RoSxo9YSIalNOeTU1ZLZQqGKTQlqKVaqVCGVoojaVZmGs+UwjK2NLVMh26WWqprZWpuS1saxJXaLUBCG9WqdOZXS9fM+0yGkmJWOEESB1kYShV3UxoSWSUCpVRhLsJ7WtqILUBd1ytZFCamrNaWQUMEun/RxH1lL17JlmxQhlLKbW8sQUYpCpolSuw5nSEmmI4rdstm1r7XUqQ3TMLZpilI3Nua2xtXa6bG1gNl8Fl1XS4nSTdO0Xg92SyeOKDUilCKtKhtSqoEiCgaVgp0kBGpd7VUiJCHZY2ul1FLU5GxZSo1SWmuhKLVIYaidKKqlRhHKotKVUiIUKGopciiIaWoRqqVvbRqn1oddIqLgNo1TVIWi1BqSwilMFooQiq6vbulQ7XqkKPLUnJlBX8N2Zgup1OqcjErXFcluRTXlbIkVtQjZKbvUSJNQIqZs2TKknEBNCiAkRYzroau11GpBmzIjnem0KVKU2qbmtESb2ji5FJE2hlCo5dTcUIkaNNdau75gWmbX9RBFQajrulo7JEAK7LSRMKVGLTVUENgtW4kAOdOilEoICGgQYDKTNCE3wJYCubVsrUWJ2vWtTdPYuq5LPAyrvtSQCMkOhSRLhq6WllKo1ApBRBFRC+DEIiIgsk3GpRScY2uZ2dpUooqwW2I3NWebxogSiiTdmkqEAqciIiRcFYUYpgkpcxozS0dazszWkEvp0qkAhAgTgSJIqLUIlM0trYhigFSJWirQnOFQEBKKpLX10KYpQkgmp2kcppbZIsJyoaIQpCkhE6GIEgqEmrPUIsKZtZZau1IKRQRtnDIjJCJCRTa4qExja9PQWuv6WVcqoXEYW8vadUUBIawih+QoERGSI0Jkm3DXdRFFajk1QqVUBZKKiqS0a0QpFZCUThFktmkkKLWWElNOEs0WKjVIQUqUUovItCFE4iSdztbSHtskKLWTGadhWA/jNHW1lAig6/sImUy71FIiMlMCHBEh0oqIriu1dAkh1dIRTNM4tmm9HlarpULYlrq+RhGUkNOZzUUa1uup2VAIAQqSUkqIydmmplAhRjc7bWczotZobSJNia52pVMkSKWEHJmNpNQSERhCmXY2jGXSYxvCJSQkMpstso1jBDik6PoZtuWIKHjK5kwbFQmFFEVV1WA3Q0SQ2dIIzOSUM5sdMZ/PgdV6lS27vkKUqFEiycBpZWuC6EpVSRxRSq1KGY8tw2mBJYEkESUiSmtDNrK1TIeQUDpB2FZm2s5MkZICd30pJUxma0KIrtQoGoZpXK+kGMdhbK2oa9Ok5m7RA3aWWiKKTRsHLAJaTuNkuapkm6Zpiq46vR7GUIQCge10DSFW63WzISMKSGGEm1HYKCLEcDQ2j6HipASKEiX6rkpFGDFbzIuwFCoh2jQM41hCUqQUjghK12c6MxWR2ULFSdSudDGlx3EoitpVEVEEmDRyo+UklVJCUYyxBaFIG8CKUvpZD3JLC9Xi1myjEkUgQxtHpyNCoWw5jsNqGpyECEXpIqfmoK9dLWVqzpwyqDVsIuhrJ3AVtiIopYSNa40SgRQlhNvk2nVEkE0iVCa3kGrtulojakSptVfIpLAVbcqxjXa2nDClSBSTUkTtaG0YBogocho5M20r7VCRACNQiZotx2nsSim12FJAoKbowlKbJkl912XmMEyIrtaUSIdUSgiN44RBRIlQOHMaW4S6rkSh1j5KzTaNYwvhbKiUKC0z01OOY2tFMnJmRI0S49jaONR+FhFVMTltlxJTawpJZZwGZ0phRJCZRRGlqihQV2cOsN0cgghBpqUkVUK1VooCBaEkM2spEWWahvV6KCVq6aY2YdbjFF2NiMxJSKJNE2ERU5tK6SJiGqdxaoQjSqm1RIioVdkyxxYR6moYpxUxtTTUKI5wNouoyrTtWnpwa57aKCtqAGRG1wUhRcvMbF3tckqHaild11ueWnPLzETKtO1Sa0gRkopUag1JDkTUrgh1tSu1EIQopUvnlC5WnRUJkihhZxLZchjGdM5qN5DQyFAEQbZRqLkp7XQpZTWs3BTFbijCimkYmp3DZDKkYRrTTNNUQ1EiW0oqURoGjEuorx2K1sYopSBCyC1z1ve2c5wiwiEI5Jaehikzh2ls01BLX7taVCJUujJbzN2mYZy6UmtfPDnkwON6am2MGkJRa1f7tKfWlDSyfMLHfMRyuWy0iNraNKxGBbLS2c06t5zcgmituWViokzp5qmrPXhq2UWUwmo9pVNSN6u2lkeH62EsJaSQnM0SyprZWmZXonQ9UpQgc5pGpCh4ypaZNDfbadN1nVomrrVmtnFspYSiCNk5tZQIldpXT6hEOOwMUUoRUqjWgLAzszltjBQRUzOidn2olFolWsscG4GdbRwU4abmdFK7mk5hKYQm29nG9TBNgwQYcpzGoohS3EZQ3/fjNOWUXdcL+toRkpRNUSihNnlq7koRQYmuK33tJY3TuFouUSkhSW6eWgtF7XuFjZxG1FojZCEiAlpijEoNESgKKGJqk9OINg02qgWSzFJLKKKU2nW1ViURkoqkNJLqrIbw1BJkuq6aFJJkYTNNbZqmvnRRMC5RsISjVJxOSxBEhDKnxjSsW0tFTNm6GgnT2CRlTtM0RaivXd/PEXKLiOYMCURARLZsbqWU2lXDNDUL5CktnM6cpohodqCoEWhqzjaVWiNKKFoaJxElSt/XoY1YJaKUGMdxuVwGjiikJzeLvqul9F0pigBluLUES8JCdkNya4lCQWYDutrZOK0SSKQly0xtwgpkXEJRBCiqQpmtlC6Ubco2NeNaorVmXEoVSIoooZAcgqS54YxSnS0kZxJSRGYbprGgiLBdo6JoSrd0S2wraihqV4sUYTvtEmFyHEakUkq2KUlsRJiUEURIKpQq0k5nrb0UhLHdrCiSQSVKFGFhpZIAO1FEkM2ScUG2bRurBFaE3CihkFSrSakoIUpzZpsyW0Kpxa1hIxCBopRQtKnl1LpaZ4t51AIRUcJIDMM4jeuiUAmbKBFRszUpFAKoJbNltjQRSJFTSxs7QlLUWkrtimRUQqoFq7WRVJ31lvvaqRYpLEuyU6AIjCQXmFxKKdLUJgV9V221zFA4WxpQKcXpxGlMU9TMSaAInI4SRVVShO2IWhQJGLCIaRrcXAqWSgROlHIoKFFAzoYppUYpQNpR5CRtIcgSiFCRrOZGqCuldr1hmkanZ/3cTiSjzERqLSNUaokiFG7OlqFoZDZ3pUYEQkTUMG4T47i2AdkOCXAYQhLOzAypZSMiQliGKEIB2J5ai1qL5MxS+hJKK2q0cSSnxcZWa825jlIRpCYnJgRShIIQWNRSFVqPE0Hf9xFgPGUUWeREa6OiDG10swhM1EI6bczUmp1SRIQgaag4W6ma9TNQhEoUnJlItlEoaqmhTM9mC9nN7mpfq4BhGEvIjjTKLFFLLc1urZUS0zCNwySFSomQ06vVamyt1k5Ba02SW2ZriChRapUk20ZFduY02UgqUUKAMh2hBKenqdlWRJtaCSEU0dU+SokIwdiaoUQtpcqSp8xW1dWuc6aMQgRBJZAj2zCMYy1dRFdK7WoXsptdoq81pFCJWmrUUmspoSAiUEjGNmALulJRBMznfa1dwDBO6Wa7lBIh7CgRURrIxmogkTigdhWiKsax4VREyrUUEqSQsCIUoWwtydayOSPUdbWfzaIrGOOuVkvjMDqnbjYrUiiIyNYIZv1smqaIWmuZpqG1ZieO0nU1wpnjOHR9hZBcoqoUiShh4UZXi0o4UahNLbOhaC1RCQySpBIytas2YxtzapKiVuxai5OWzVKEbE/jOI5T389qP5OcFtaUY8vWprTcdaVNtt11neRsqYhpmkpRZtJAOQ5Tyzafz8dxmMaxlIJEamyD013XF9GmzBxs214eLQPXrpYS6VRAclniRBKQpatd33e11KlNLVtrEyERUch0uimciZ1dlFq79TS0bIWoJTJRqNFqlDAARsHUKKHmFHZ6ahmQztZaTkbGQoBFtJZtGoWcWAYV7JQEmSiUEDEOK4SkqGrTOE2tRJRSDQqFBKSbiIk0ECE701HVz2aWO4UVSte+KopkRY1QEEZtbFNrEVFKKYq+71prmU0Rfe0M2IrSWosSXVSTrbUpxxAhIYNkRVfbOChKhRIlShwdHuGmWiwVRamVlNMOOQStlIKjdAVTPuFjPvzSxUtRSo0yTk1S6UtRCKsUwC0J1agOBYGENOtnJaK1nHW9zTg2BV2UiGonZESpkkLKTKmUUmrfPNoO1DJLKBM7m7NEUdG4GkuNUqsy03RdJ9vZVEuoWB6HEYyQlc6GZ7Wz2zS1wCFKKYqIMIqAcRxLke2cpjZlTklxF10p0abmNjVljTrm2MZWuhqBFDllhErtkaYcp2FSiHTL1pXO0jitC+TUgL7vxmGahsHOKSc5jw4PlsujzY2NUstyuSwhhUqU6GpmZhpaic5282hnV0vKdoZl52q9ai1RiRJ2RMhBV4vElFONKKrpzMzMTDsxBpuIcZpKUUSHDYQBRURRuODmUkrXRcvMhtO1KzZRVGppUzbLTqBGRFQFTG1KR0QpuGHhTNuZjlBzTtNUuw4gkbEMmlpiogSoOXEGRSGJKCWQAhvhEiVKKSp2KkIREranqTUcERFIgRNKCDcTcmYobJVSulKKlPY0TNM4gAMZRRQpQlBKtlSE3QQKyZQSoZhaC6nWDuhKdF0XEVG6dJJZSxFqLbFtg22HVGudxkZxKVWBpb72taqvs2wtM2ddz2VSyg6kWkop6cShKMJGbcpsqaoqrdfrTPqutmkapzEkRQ1F13WKkmkHtXYRckOlRAQWCCxAUUooFKI1K9R3nVQIK4Kwm9IZoKgAYppGTw0JK6cmm1pq1BoBZWxTsSLICTtDJaIEpBMhK5VCUUqIGiUUzSpFbWwQtSsicEokuGVrE2nZLiVwEA4wCmVOpAicjloUSkM2LCvH5shWIlIREi1prZmQur4CArkYZ2Ytpeu7WgsO2eAp00YUgYVAJcKy07hZUaJE8ThOmRGhUpAEUum62nVdV/qoERGBx2kYhylK1CgRSGFRS+2iyEoMyIpAKkSxiQiFaEYRgZPoSo2aaRWytVAoBISQypiTW4siRY0g00eHB+M4dbWLINuIo3RVIYkmlyrVCNNaHuxfGoep7+c1CgapRE0hRxGlRGtumQJQtglD4qBEJFlqV6JIYSkUOEspioDWptZF7UoXJcZxIjQMq3GaaimyKK5RprHJVmBwGglRSoRKa04yVAQqgcENlSIhZ3NRRITdwI6CISRFVyJx2hFBSwNQSkQUQzprrZL6xazvu0xHlNpFMrXJRkVhKSFUSim11KjVYKZpmvqu2lJR1/etWTZQaiiqE5voAlGj1FJqVyICy1INS1FKFUUoChClr7SElGU8TEu3aWrTajmkp3FqXemixDAMmR6GAcVsNosSLbN2VdSpjXaLCAFBNjdnqSWKPDVKdLUQKhJomsaptUC1lpBaukZJZaaDUInWsk1TihBFRZRxHNJERJEIOVEIUSmSA9VSQzFNY+m7UkopoSgRKgq7ZaYgao0IjPE45tjGEkWKcRqhFIQsR5LDsLajr4VQjeIamWRmkQAjkzKGCMZpIiGKW3OStsCijW1qY7aMIkWpEULGSqZ0KSoKQZRIOyJmXdcyZUkikMI2SCHJCAWIorAkQDFOo7O1VNqFQDgzpIhikc6QIkIoFKWvSAWV2pmQycyuq8A4TaWEM6cpa+ksj9PUFRlN01RrKbXrai21MxkiW5YoNcImiqIUwTiNIUKlFhmcrdRaoiDINCYJ5Wq1bq2VUkKBKCq2m12LJKJUYD2sSonaVdutTUbCRcXKNrUoBVQCRYFABpVa+1oxpUgRxpIyx4gSUYkIUbq+1loUER6HaVov29T6rli4ZT+bR4TTtdSuVsAgCYRpzm5WS4QUY2agAqGIWpQGAW2cSI3jkNkiSpLjeoigm/WlVIUkgogSzSm3iA4p7CiRmSQZ8rhOKVSjhBBpAtLDME7pCHe1R7jZtBrFOJ0KRUSpUboyjaOMIkISBZAiWyMtLCI9zeazruvGcQzU9z12qBh3fScY1oOlrnZRI1tTlK4WT2m7tWlKtzYIJxqXq9amvu+iFGUhyJbDemzpUkJCKEogkLq+E9H1fekqaSICtdZst9ayJelmaldKLUVFYKWg9jVMTm3KaVb7UqozbZdP/riPKRGz+YygKrq+YjKbpVDk1Jqz7+ZRQhYkQUT03WwYh+VqNZvNsk3ZmopqV1HQrBBJKZHOlti2M9Pjek26m8/a2JJmqFJV18icGk4gkKPUiICpubUWIRnkUJRSlCTpdBdhyGmyPU4NRYkoRW5CtClNWiXIYWoh1a7OZ7M0q+XKUpQoKnXWTeNkW6oh1a60aZraEKX0fVdKt16tFCoqhlKqxDRlLSFFLbVEcbScWillNptHifVqdbg6CkfiElFrZ1lRWxvHsdFMiCJFCQVSgq1hHKbWsICulL7vmi2nCdm16xRlapMIFbKlhY3tGpHOkAjGYSwlositSabgtBQKO+lqiVJElNKFbVslbCLE1IgIyekooGI3t9bsbC2iSJFOOd2wcaYiSpSu72spwjYS4GlsNYoiZCzSFEJVbg0pilprtVQUEeF0FCW2FaUUxdQyiiBwU0hpQjLgdAtFCRkpSmBjUUpRm1qEutksSrVdulAqxOSGbTkyTaioqBBRa23ZbCtApShNCSlN5mSsVN93OFtm0lSCRrNLLaUWAxnGQl3pVEpRGNmZjVKL5MyUqiNKrdlybENRESRZas3McRwS93U2jG0ch67WKJ1FFPX9vIZSCpWWE3ZYAJmEigJCIYIiKYqKpFAoW6rUee0tZZtA09hwi1IiQlLLFASknM3TNHWlJC4KhyiWishSa63FhPHkqUgRkWnSU7bEbT1IUUtkc8qYiMicptYijOUAu6iWgiglSoTsqKWIMFlUXJyTa9eVUsKybVxQc7NbRAlpGoeWJtTVGhFpxjaVCIh0ulmllBK2kSMCubWcWhvGpsC27ah0pWZLhWqpOJH7OhPTNExSNCeor72UymxtIigRdiIiYpwysIlsLe0a1WBRI0ins9FaGtR1EVEVTOPadokiQAoxjuNyPXYlopZsTaFSCkRIkhLVWtwy21RrF1Kma605TnuXLs43NuazfnW0slRKJYLicClF42qV00RwtDyI0ObGVtf3JSJqGcZRDpVMwulxHGUUkZ6gUERLIqaWbq4lDNkmIQlBrbVNLd1kE0EoAaczQ9F3HcLOEnWa2phTIRwF7EyIqKTJcaJYKCTjbFNXOkUdxylKxUZ0fVVmpktEqRESprVEkmitSVEimjMohGRFVOQpm0UYJ6g15zikghKdsaQo0ZcaJewkVI3kNmWoRGi5Xs26vq+dWyZWkAoShWqNrlZngqIWWQSlRC01zTS12ldnq7WWqK2NRmCkvq9uOQ0TwvY4rrG7fhYlcMMRUUqNiKh911rLaQoFgRMDuCgUMY6D5Xk/A9LZlxIRJkDTOGTmfDbvZrOAJMAqyFGiKFRCrbUxm7KpFIGiRCGiCGESIqQCzZaNnbbCYQxhEU5nNmeCCClKrT2km1G2hAArqjBIEYogAZMtS1dmfW9nS0+tSUREFIkIATJurU3ObNlaoihSOhURKlHDpqDW2pRNUXBObUqVUosTwn2pEVUhFJByZKaRTJ1FWFM2QKEuChFYilJQlLCFAHBKpUYxmelSS1EoIsCAIwIpSJKUoisyMlZI6ZYTliKiaFqtl6t1FbP5fBgHt6nr52NOgUst4zgRhGKaRkMtNZ0KybIlK0JFJWopNYgSCojSFSxFKFQkO4f1UEpZzOeEZCeyHQqBkIgSgWU7UUTYOY3jOKyLum7eFZUowqW1FrUgTeMQUbpSFSQWEnIS8rBcrYb19vYxhaY2QqSnvu8UpbXR45BFEhHFdtd1XddTw5k205SZrZQQ2CpFXamo5LRuxDgMCtfaISXjNKVsRYQ8joPtfjHDHsexRo3ah/Novc5spXSyQrIlabZY2J7GgZBbpiCdppTSddW2SlHEOE4RpUaZWnNzLUVKFFhpT8MoMhQ2ChXFcr2OCJvSVZRuuV6td3d3jSlRlKX2gdrUgCiFtAFca19Epqc2lRIQReTUohYkFAWnKUHtu4gaqGWitGqmLaMSAYSKx7Fhl1KMPSHR1WoDpFMkEdM01NqXqmzpllOOXR9uHqfmzJZtmibSEUW1TlPLxCYU2VJS+YSP+YgIhZTNKpFmGIdstu2WrU2WoijdsrVpaiVKRJ3GobWWbbKNcrax6EtFCpGZmWmofVV0tURR2A5JJbrZrEa1bTmnLDWaaVNTKVHCFs5ZV60YxkFyqVUGqURRRFcCRbYmBSXaNBExm3UlCkg4k8lTiZCTVAmwokqUUgvQbGPSfe2QFJKkWnCmm1SGaTVO2XVzSTKKqLX0fQ+Rbgp1pYtSolQVTVMLW5JqmXeznFxKDEfr5Xp17PhO1I4ERaZTKcJCqhWcSWbpqiRJ2ZptwXwx7/oZmUBVqESbpmlsIiMqwgmiK7XW4nQpnRDSODRwKYFtItOS0oClmNaTQWJqKWeGWjqKuq62qa2X6yilLwGCmMZhag2kIEoHDjTlGJRSIkmhWgqlhGVPRmlP4zTatciS5FIC2QmBiEy31pwZUaKUEkpkUYgQAUYBRIQUBVmZtGnERkBkqpRAOFtBqhrHcRrHqCWbMV0XaUeUGmEwtKmFLYUUESEDZHOE0rLdRXWQU2tppJYtR0cJMtMKqdQSCqWMSwljJ7WEFAhFlAjAduZkA9my2caWiAhnG9brNtm0bGQmto1Cfa1OT2MrUfquU1AoUUOEbQXCAkWIiEDIGCEpUIRs2RYqEaQzXaQpm+U2tXQKj2NLZygUQmkLqytVJSTG1qKUriskoIgwDknIECZKCcLOtDFJo2Vmo3alKAFna63WqmwYIiSwFAhsIkKo1EAOSmvTlClQApKMJLAThACFIiJsISKdWAhUStRS+9pFCaet0oVAQgJjGpOTZomullJrZpJZaxeKhkkcKmjKcW9vdxzGWkvtuhpKN9sJIYVKNreW09QgjEuUCCIiQirK1twsyZhUlAKAQKFIexxHQa017WxNYdI2UZSZIDsBJGfDNi0iJEUEBVJW1tLVvkt7MV+4ZZpSS9dVSdksbHOwtzeOw2wxL6qbm1vzxXw9rNfLlclhGFo2C0RRZLrriqKE1LIJESiCdESptRoJg9o0RREKcECp9Wi1bFPru66lJXWzWlSbMzNthyJCZVaLo4QcgEoEhGkiENjTNCkUCjKjRCmKUopkZ7ZmcFJKBGq2mtVFSBISiigKVCKtIqGQAIFC2ZqdikK6qEiqtRYVSohIJxa25WnKCM8X/TSs1+tVP5tHiWmaVMONEpJkqKVGqTlly0lE4jblNDWwIcBkjpNUo0Qbp2kaVKTEWKJNI0ihiFrU1QhJzRkQNRAiMnMYR6l0/QxBZiOLwghQLVXVdrbMtBQ2IJy2JEWE7WwprFCJkGhYyJJw7bq03BpFkrFKyMK2BLYTcEjTlHYTBJE4kohiZTZqCZvMLBGITIOjVqe7UvpZV1QQIY1taq1JESGg1CIpTTqNBBC2E5cQkpPWWilVBdCs1CTHsWVmBDay09Sudl0XiskTjlrkzJat1GqQbTlQREm31tymCTylLSTVUkMxTW3yhLMEk20TkjCGolBJ2a3hkJBIMTUXBcJJ2ukmhaS0p3EqIZUQighjWSLG1iJK182okc2llFAERtHG1qYp8TSNTrq+q6VOwzRMY0TUogwyLUlSOodxKqJ0JROwTS0l3UrU5lZr1/c9qGUbh6G1psCJCMvZRqQSISFUikRIUfrqls1WSJnTONgtkFGEWjZPmelmT+O65aRSutrXWQ3V9TBgItScIYlAdtophAmwrGGasENlPaynNmQaSQSyBREhj2PirEU1aoZTqTGn1orUdzUUE5nJbNZHVDJj1oHHccppiiiWJ0/YoVpKEGputoOighNhlFjI2VwliWG9Eopa+q5EjdZaa61GFJVpXCOmcRraiEF4mgKi1BKl1sCtZUapXal9V9o0Gvq+m4ZxbK12paqkkygRilJlmluUrpRaECEL28N6PQ4t+q4UOVOOrtR0drVEqdnS4zCOY1drKdGiBTHrZ13fYwNdrU4Pw1D7XqKNk0qZlW4YWuZYa18jatd1tUNltVoq6fo6jaNUStWUqqJ0nUAEiq4voPIxH/HB69UqcyqlgCp03SwiMjNKnc/7qF2bEoNUFamGsSIUpe/6rosomFAdp/VqPdXoSgQKoZBQSUXtSlFE39eoyC2zlBIRtXZkOl1LKZLxNE0gR0zrVd/3ESWdLadsOU5Da8YNhyJCIYGiK2UYx2ZLpdGCQiBHVIHGaaqllsCZaeNUqOv6iGjObK59pXlqUzojKKXraqldcaNNU9SCmRqlYJUaGGUmcpFatnG57uddUQzjcLQ6rP08VEpftza2nUq51mjZQoUoNUoNj2mkiFKKREQI0fX9uJ6iyCjdgChRopQa09SmqXWlKIqkEA7JAC1tZ7rhLKWkJSRRagEHIRSh5iRcojozoSvFScvm5pQNpSiRwyG1lsZdPyuluCUCPLUmRdQih2pEBLSpTenMRKGUaiiihCKR7GawS+mihKRai5VBZOaUjZYECkWJKXFOVtSIkDAG4alNkkASJURRtqmlMptKtHVLuRIURSgIyWlZnqaRpM6qVEpURQiiqGGJqDXkdKKQPbVWFY1ERFdDmjKxSl9JxnFozjYNRAmUHm1Z6qISCKfbOLWWaUnQl2ocKqolE6WJkOi6PkIOSGe41hJRIoq6Ous6S9kyIiRlTolLKKLIiIhSIyzF1Cang7CUTkk4SylOpw1Kka1JqqVKUlRIm9J1ESFpGNaGzCasqJiuFiMVlyiK4pYJgggllonSCStKhJRKXGopUbq+FtWQbB8sD5dHq9l83tVqK5TjlG0anVlKtQiwmTJbTrVICkVQNEzjNI1Kh4JQDQnZLQnhUEStuE3OkBQhybbTRkUCGYxt2wIiIgKnI0IKy6Ha3DJTQMhWm8b1+nB5tJovNheLhQjbrdl2ZpODUJsaypCgERGhnBJU+75hKYyciVFVRFG2QAiLcIIiSpQKTttQa0m71AjAkdM4Tq3v+xLFQtBa2llqByjdMlubcpr6fmYpp2YisI2TdMuWAFLXz0Ml+lKkTK2WR4fLwwgtZhu1KzU6FJOzn9W+ztJTGkQE2eycutor3GzIomJ5aqlSCrIlsMk29d0sSsEZhTZmBkVRShRERCnREgQ2aUkRBaUcSCIQwmlKFIVs1yIsCztbNsASNiUwBAVstymjyLYEJm0SsJDlUEExtElE39cSnUpMmX3tSi2l9iYjotZOwbgeWrZZ3x3sHVy8eHGx2FjMF7Zwesomuq7DpBwSdrPtREg4PU2tRCm1RIQAlajhTEopIjMhFXI2J/PZrPazLipgIbk1J0hSlLQzU3aoRA0rWqZM189qRAY1igLjAEsos0GgGqWGVORMpwSAjSVJhN2wLJWoXWUYhhoFMY6TrVqKIpwJZHOpRZYwURCClq10AWpTSkmACMmBszmpES2TdESkcWZmqgaZafq+CxWbBk6Daql9LYSkUFFBIGdmUmrUvosooVCRjQ1kqJSQpYCIiFpbplsm1BLT5Jat77thPU6ZEhRBGhuQaglBLZGpEkURJt0aIZUCKgoSSihEinCRSulM2lYUsIAAkJS2rFKiREzT2DJrV7tSWxrZiBC4lOhmvaSWrSvFYhybopTQ2EZF9N2MREW1VCuXw2ocJglJSEUlwzLOdLrWHjGNjWgRBXJqzUao1AK01lpOEVFKiSKg1EAlpwlRupKZSUJELaUrNaJ5auMYQem6cWqtZd93Eo7S2lSLkCSkokIppZ91864bpzFbm89mishstlUUUVu2NmWdFVGiFIXaOOFGINTSEaqlKHKacppaQVHC2WrtDLV2bWpJRq3KtJQtM1tRiRIhpRNFSAShKLUjlNkkRElPTru1NmapRcKiNbquBCUzETVExDSOZE7p1lrUGpSpTW5Wjak1Z/b9nLQiai0Ym42NzZCndOKppaRaVbs+utqVrutnY1sfHBwMq1WYOuvGNkbDksmkgN1aJmAUzrQzJEUok1BDtSuSQlFKrIYRmqKzVPtuGsfVaghUazlcHbVk1nWqMU3jNE1VkdMUKv2sBjFOwzhNAQpW6xXBrO9CUulKV2qUrp8pSi3RIiIoKrWUdBZFm6byMR/xwW1Yl77rZ13tO9vL9arWGgoCp8OuXc2plQBVQyhK1xdFWBSViqeWzZTS2uhMi7RX68HNziyhUMmWHtuwXg/jWEtBYEetilKqGjhT0mwxd7Nb9hsLpBwnk5HYqYiWmS0hbeyUEIRKy2nKtjGbo2itaWoKIuo4TdgSTikoiswUESpJjmNztpCmqWXLjtpaa80q0ZJaIkq0Ke3M1kpUdUU2Zt53w3po2YD95WFXO6eOlocRtc5KVQl1s1mXbm0ap6kRkI5SZrVASU8yEWHsCDc705nRFUUJkAFnS5y11BKKAtGJFqGWxhkRtlBGRFEZpylKXcz61prJGiWFp2apVJBkQlEiQq61IGg5jqPCs35OMk2pCIwzI0pXS5rVap1tDJW+1sRTNnApJSKmbDIqEUhYQSCsWgMYWisSNlDAto0okGCwBY0okk3aCmjT2KLK2WQUiiglSqAIZTbZVihTUTKdOEpAdrXDbtkyhbHdmiVqrYlxijAoorVGUpIxW7bsolgiG1EiKoCpoShFCrDT4zA4Xbtaasl0dF1BoAg5s7W0CSJKtGkqNazSWosSJQpuJVRqVyJUIlS6UDYEtVQpwMUkzc2GEpEYU6KSWJYCXEsZpmY7pK7vopTmKRRC4FS6UUpIlIgoJVRCUiizkRmhzCmgtQnUdV1EZKYiolYB6WmYpikJgzNTQqqZzbYkW7KTFC61tKnJENHaVEI14p577jk82Du+c1yKyU32/v7u+mg131iUKEWlQdpYfTezjDEIhdSXYkqUToVspkQo5EzboUCKCAV4HCZltpaqpRTVUpotHEBEKYFdFKDmNo1jKBQBNmQ6SiklhvU6W0MKlY3FotQu25SWpKJIORRRC7IcsqJEVUghaZqm1tY1CgJSCuwQadtSiVAYp1saOcBBEJJJg+10FKUTBZJAoQCV6imNwNM0TomUJUrUrhDDODayq7YiJMjMnBIFJWpXClIhbI3TGkAxmy9mi3moZk5ypmVjppyMVCJUAiNqVEm1TWObWpQSRGtZJCmQFQWplk5BmzKFjCHbJABlEHbUKIrWsmUKtWkCFCUiIkJSRKBwtlAoZOxUy0w3pSyIUqOksYkwSYkSiFBItnNsUSQpPTkxVioKdpJTUQ2Fqqb0OAxIIbVsmUYuUabM1lpXO0VZr1cHh0e1qyXCUjindMhRijOBTEIoCAolutJFibSRs9mkk1KKFNgStgm1sdW+OjUOrXa9zDiOpRRgnDLJItU6U2ulE0gpikoUcERgCELFqWzNotYeESKihLAVlFprLWEEEUIKVO2MiKjClFoioo3jME591w/TZKJGtGlEKOQGpCSVAiRyTl3XlYgIlEwtwaGiUgDjQiBsh3AgOWrBSreIqCpRgxQAVgnnCNSokpodIBDFzrFNaReplJLZcmpRlA3CRJQSUZRIOCiT7TaVUqbJghKllkClRpEciiglVMJI4XTti1Si1lCk3WjhiFLSFmAyp1CJKGOOYSsUlMRyttZQRCAHCKlItkMKhQIRKUdEUCRltjZOoFKihJzYDVKAIG2akyilRFHUwOCuREJrqVTtSkQpVaV0SU5DA3e1A9WugnMcS6kBipImc8KYCBElSqh2fRAtM6SgTDkiQrQkRNTiNNlsMAIkUJEUJaRSq9OSapSEkAmpqBAOMC3tlAJj2+M4YObz+TgM42qMedfX2loLRdf3ClqSbqHoalcCR2CyZYRK7VpmKaVIiHGaMpN0HzEMQxsbyqm11tz31TBNUxXZWmvONoUihAgpUOBsbbJVasGOEBElQlbLVhSlqE1ttRqcWWopJaKUEtVkm6ZSou+6tEt0UUuUCAVtmqDrOmdOmTJkm6axqETtPDWbgpzT4eHhbL7Yu7R7/tKl7a2dNmFstRJdF5Fu6WankEIhMFFKoBRkemrYRRqGoXlyYzGfzRbzKJVMlFGin8+cdrbaBcE4jELz2o2eMlO1rVejRRUJpZacGkmzx3EstbQ2zmbz+XwxTY1saQOkRI7rqeXY9d0wTeWTPu4juq6bzTdSGodBilrnoUDYuV6vEaXWnDLd+q7UWe8it2ytjW5kq2XWchrGoZ91hUi7Kob12Efp572kZopkW7Va6SkjQEo71Nxo2SQVVcBTJtncAiFaayIUtUT0s9qXPmqU0tstTSjsFl2ZxmkcWu2r5TZly4awVUKKsA0QxUa2jVGbRhO1yCYkh1wkIkKlRFFtrbVhbKKGHBko3ZyACdbTlC1LRNf3UQKyq93m1pYaRJGzGePMFuqETBTcnCTpJD1lS1O7DiEEAtcoxkYRymygUso4DNMwhorxNLVaCqlmQkhyOj0ZasTUpnEcLWrXqZFyLREqpRSrlKJ0rto4DUMoVGMcphJRa0eApDRkKV0phIKANLadigAVqUSYdMtAXdfJ2LQ2YTWlWxunZltQa0ECLLllZkunpFKqFQEqFciWpXaliCyQGBOSEBJTmwiwx3Fq2fqu62pFUWqR6EuJUpCm1gQ1SnTKVOYUKgk1ih0KEMWWo7W0bGQ7FDWKjCQbTyOodBUXq+U4gUpXJHW1BsIGJFkOKWqZxtGm1iqBwDa01gKpVPA4TlGCKJmTbSNF1AgiWpsyLSKFpC6iIUhFEQJAmS1RhGSrYEUlrHCmjGltSoiQDAqRbibJaRwiqhQR6medFcOwbulaSy0VUVSmNpVSiyNl48QdJWqNkBMFKJCyJUos25kutWIslZCbEVZ0tW5tbvTz3kQJMAeHh30t89m8TZMVDrfWnBnKKTFZVdKt1DpNU8tJAseUU7ZEWbs+oqSb7JatpW1KCdUSRdlSqGWCBZZCsqJIyLYUUSLcXKSoRZZJFGCg1lJK33ed8JSZbYpSIpSTnVlKVbEcNqULEc0EDWRoU9ZaIqKNJgAmT8qoNZBbm9o4hYKoZJumSVVVFUVIpRYCFF2tAlCUwNmc4aBIgFGIllFL180zmwo1okStXSdjOzHpUktQ3JwgQOpqTVxq3Vhs1DIbpxFlTjZECWXKbpnrYRWl9LWPWiNUIpx2mkKJUlXURVe7zGmajCxJgSiEcppK19UoQKlVRSUqAhvZdgkZ0g6VqbUps6qqAIYMFeNMZKJGoEwjFQkpIiS5ZVXNbAYVSZpaCkrXpbGopURIlkKWW8vMVKhlNrtEhArKo6PDYT10pev6Pt1AtdbMXK3X25ubJ0+f6vq5abUoI6aWVQXkdGs2tjOb7XSmjaUc2zQOYClKRNLkIJSksxk5bXIa2/LoUFH62cxOo2GayOz6KpUSJJKNhG2ylCJEhkUkKmEzjiOilIhQS7eWaUGWErKIIEGBs6hSIkqJiALNrU1pN8DZSu2M5VQJCxCAstQqy7YU2cZpylp7O9MCyxKoK1WBSTvThCBJSgmQFAZIUDplIVbDyumIImopxaRRphUKVZzONo5TidLVbsyxTR6n0ekIMgUUNLWU3ZrTE4pSIoqmcQJ3XSWqaZkplVprqLY22CS0cZza1NIgTNKmIaeW2ZqDUipGqOWUTrdsTklGVWGIUrBtpbOUAk6iVEmyTEajkSoREREROA1d15dQy0xbIFUUpCVhhEolomJLJDlNkFYEyhql1mKXCGRwm6ZWSk1MKBS2TbZMSSWqpFIjQjgzVUpkmzIbThtJwk41I5uIIgmNY8NpGIeRQi1FCoI0ahBShEoBp/GUmURRjtPR4dGUYw3llNOUpaqUTsiJiVKi67o2tkyXUsZhXK+Wq/UIqrWoBhS3VAkphFo2TNQCtDYxZsA4jeM0TOOkoJbS911EtNZoTQ6TUglEqCu11KowQFrScr0ms5QqyQQGOe0apZSQyjBOmaONSiiKUFdrZk6tRUgREWFnCBW52bilnWZqEWWyV6t1Va39jCSdbi2VmWAdO35sPY7FsX3iRBdRuxqlqtSWuVota9cVKdMSrU3TNLVpatlkqZTMphISE624JLZkZxunqIXUchiKKbUPqdYZpkaZpintEtXO9Wq9PDwCl9LVqF3fFeGIlJ2tqxWFpzZOE6Z21UVMRFcyPY7DOE5Qi1Q+5eM/pp/1Y2vOIqubdeM4TeOqrx1mvR5KKSoqQtJkBG1KGWOppTNCEKWolrAkMCqzrna9CCSLvq+ttdV6PevnfVfTSDFOU5sSO1uWWrq+z5yyJVEF2abWGorZrItAJVpq8igpZKJ0Xa21NFNgyqxRusVMk1Sy1lnXVdzShISkCBmyGRMSYbvWKNFlNoJAEl1XaxRjyDaOzkTZdV2UqKUTjhqRGsZRYSHLXe1t+q4vpWa6VEXReprISbUq+ghkG+ychhZFshrOhrNJUtoopGxGkpCIKC2ztRa1TK2hqF3NbFjA0IY2TaWvRTFOo+3a9aDMDFQiSvS4CYgATJumFpLlNqWxhKfW9dHVSlFz0qZaimpADOPY2oQVIUVgSYoIqUaJaRyXRyspSi3j1GyH1HVdV7phGlardZVUw2nsNFXhUE4ZEQRAKBBCGAFOOwkFkkoUNZMtIUqJNjXCAUl2ZdZymtyqOpOkLGU2TIQbGZaztTaVUqKEm9MZCJHCGKUUtQ+hEiUD2xQFTJm11hIRQhIhWW4JclgCcmyJDVIE6XEaA0UNRUQJASAgLOHWptYsCdbrwS0jVLuSid2cLrUWRZGwmyWnIiIDbBu7Ods0CTLJzFKKIgTplByOlBElwlhW2pnNzYmDiCpAqQgBUim1d6ZNqQEEULApUaSQbIRSktOlhCRk26WUhsJElEhKQbUrhWlqY1tvbW7N5r2tUivIMN/YWiy2FGFhEyWVUWtAJE0SpDIJlKGIUkqtVZIERIHWmiCNnVIpRV1XI6JNOYxjCSIiooSEjbDtzAa4RQQCIkqISFoJNSfpWqsUUSgRjYiiELgURI1S5LQzbaEMlWI1bDsUpSuyESVCgRSW5FDgbNmsEKFaS0QkZLqrNboStQRk2lMLyTBMI+mIItQyJWqpkiSRIgAHth2SokaJbKYqpJZJKX0p0RXJETImW2I7S9RSquz1ONlIxS3Xq5WkvpsJMrPUUoiGZTI9jUNIXVedWEjhnAzT1EiihI2KamgYxhIRYIuIaZokSkRrU5syyVo7jE3tijNzmhKHnM0QEeFMOyOwgLQxLVRKjZDcpmaXUjI9jpOttEOUroSiTU3KQKoh2UhSUahGoVoWiohSqphCUSLArTUrimRMy9YaEaUWQ0SICEepYQRWKAQooUipJoSiSlFCUbquLxFCTtKToCimnDBdrULTOJUSs3nfdXWamuUARIm+KJpBLn2VwpkQkKoFkkxHlFIDJVNfeyPsnFqbhhJhBBaM02hSliEFzXa2lmlHlLAT1+iiK06DS0Tp+lIiiNamnFxrp4IslC1dS1EaURRpA0g1SrMzUwZniSLF1FJFEAGhEqFpyuYmpBKgKCHcdRGlOm2yhBBVkbJtRERgbBPM+lmEpCKi1CKFQga7BVGCEsWmlhKqKuF0hC2RSQnLLRMrpFILppYSRa21bDYUyVjQ1T6KpMAYpwHXKJARAQhHFEJFMbUGlBISTiOwJSFna8bTNNmuUSNI06ZRZJSIUlpOYJsoqrWCmHKappat62aZWUKlFBKKqqrVQgqpRhmmcRrHrqsCRESoxDQ1CayoIYppwzBNbQopbSyVGqHE2GBFIYJpapYsi9pVSVNOIdmM00gjChHFbtkyasFOZ+0K5DhMUTTrZ5mZrWVKQdfXUmbZ2pjZ11JKOGmtRQ3C4zQJRVf60hHKKVUCUWsXUVpO4zCVGhGFzAYhWU43W33Xz2d9KkpRKGiJKLWElXbfV9LpLKVObcJEFYqullpqilBRNIhsbZqmEiFFa0NE9N0MIcWsVkMqQzU9CSs1js1OLCHjoiglokhRSu1UhVEoilqbTJaouKUzuiLp2LETx47vTGMjRDA1F0VmkllL7fqu67rVsM6WtetLrV3XhSilqISgpdvUZvN5lCJPmS26KBTwOIxWRCinNrnZlBqTp2k9Wm5AULp+MVsoaLi1TGcUGc1rL9RyAi3Xq65USjid09Ca510362al76CILB//0R+aY1NRKdVGERKhaE7kvtaun0/jOLUWUXKa0qqlCEyWCKFsmXJEiHAmRiW62pPjOE0OZl1fSs2Wq+VhUamly2hO0yZF1Nk8ulADlK2phKCg6EpVsbOEcvLUWmsDEFFEUYmowWSQCi0dIpPMJDG4NRdFFEChsAlBhVSJAEK1FIVaa2oufY9TUma6NSycpdYiiOIpp3EsUVpO45gloquldDMcU5uqSi11Pa0P9w6maRyGoetnoSq7hEIyji5kbEcpCgmEx3FyNhuCiJJFcqZbpgURJcc2tanWOpt1rWWY6MrUWkGlVgi7Wa6l2thZSyHAkTkRqqUmZOY4TMM0lFpnXZVA7vt5UVy4cE6aFrNFpazXg1HtqlKGbBmR09SA0pVaAitJKdKJHJLTEl1fA6XtoFJrLQ5whEjLNpKdxlGUU5talhJSiEQC2ZmJp8lSlAiTrdlNiq6vtkVI2EXRjIqVkNmaWxFKjNIERBGZpdSotaD1sJ7SpcppbEmlVAlPqYiIQrYxp1ApQVFM4zAOQzIREShlmagK13SiMpv1UYoNYpoadnSdICKElBFCITlKhBG4qwVTowB2QlF6Stvua01n2mkLgJBU1FoO45C4K6WUaGlnU1SFTLapgUuplCioRCAhFHJmZgsEWBak3TIhu9qXCOOWJptNhJwyrioJwgZkiDa1CELFbpkmMyJCWFkIuoLxNMmBEtRam8ZMJ2iamsJ91wtsuq5GKdN6mW611LTdMiK60lmRjXQqQlJmU0IIPE6jQiWqFDKIUtSSaWrOVlSkUEQp4Uw3TMs0OCJKFIVECMA1QsKhIBQWYTJUnHYbS6m1Vk/TFIRQRHoiVYJsHqdsyi66KJCapiFFUYFQFLIl1IgI2cZKGzegqEYUyQqFqjNJgZertZ1G6XRaUYpEKDPTzYkzCTLTJoIavQXNLbM5SUkoIppby2TEOJmmNmW2KVHaYCe01rpOUaIEh3uXWjOQctfPhMZpwi6K5hzGESmntlyvAFlTjlAkahfCwzgq01KUkDVlCgmmaRLYFihClkIKRZQoYJCrZMvKqNWym0OkWa/HQomKW4Klooi0aym2065FRESoq70bxrWUxCGCaM2CMC2VkwmHFLUKkRiXEtQ6jdM4DYUggsxQMfRd15xCmbRsNqUWSREqpYDHlm5JRKGoq10UFZwoIhSJo0gRLV0UzmmYUqKbzTCWu37Wd/04Zdp97cpsVhBSkcdM2TUquLUmixA2Vi21lMh0c5J0XXVmNqtYKKIEuDVJmUZgC4UEjMPkbFFLFDUUibqQmdoUjqglHNgtG6g5u1oxdmZistYO3FqLGs0tjSpC0zgZapQopZRoU1pZVEopmZZkW3IQCDtr1FIkilBOOeTkdBBtTBcVInEpJUqRDKFMhaLUNk3IRSql2m1qrUgqxQJCxsqmpFkRKACaJWGR1FpsiUyrdFLKslRms27Wz1JuY0aVMCEISSXCqEBCa9myNZOeijRhJeAoBSvV1MhwLV2mSVSU06QiIzKNLZRWrbiBJKZxaC0VkbhEKELGtpSl1lKKLYm0CdrENI2qUaKObaq1K6EkkQphSdjZaikp5+TWskhRSkQAkgzC2BElgkCWAtdaSkRRINFQUQQkqkXNiYvUkjYOKnSlllKdsjO6rqudQBZkraXUXgJTSiRqUxun7Loos64oau1mfe1rp1pLehhb5ijLJkIKqhV9DTNOo00pZRyGJDdnG4rIzMw2TS1ULNtJFKRxnBSRmTgNQqFA4ZbGJToJcLhkTjItm1CJWK+nQLVWJIqE0qa5tSZcog5umRmlQE6ZzjQupUYUxJStiFLKrO8SjGtXa1dt1a6kNQyDouBytDqK2oeCoERpdoRKiVBZTWMbhhKl7yoJMknamekgSsiScMuI2ib3sz6kNKXruhI1yjhNTC0EuC99OqdxUqhG9LOu1CIiJ8ZxUCk1usip9HWapvV66GfdrO8yc1wNfd9LkS2naRzTQhF2unz8R3/4ejWNY5vNZ9M0tZYRCkW2Biq1h8RWEKVIqrM+s3lqUpQIcLaGXUtJGMex67tSCpmZThsgwBkqJh0RoTZORdHN5qWWiFDKeByHaZy6fl670sAto0YmbZzSjVBECVWHbVqzSaC1qUTpSkmR2aRwuOWUrZGutSulZsuxTRgFGFCUAAkB0ziOOdWuy+ZMJ85szVaRzDCupmkiM8Nd7cd1i6LSdZnILckcpoa7rioZ20hmlDrr5xExtSYVk6jUKM3NU0ZRqNhejYNQP+tKV6epQYadggzhyVNIKKJEV4odma12FSBtERHZWuKudkUlW5pWa83mzJZYETlN47CyiFIK0c1mRGnjNKyHvpbDo/2/+PM/Pdjdu+b6G0o/ay2BTCD7vkeCaM4goguQM1s2pBKlq11aOU2llFq6tKdxkii11FqFUEpdCSSFQcrmiFCJWoSUU0MqUVEUqdSwkVQjCFJWQgRCyJkJItPUrosISZKKAmMysdJSpD011VrTEy0zW4nS93UcxnGckEJhuyWmhZTGmcp0I7MN47gelyZC4XSJqiIUIWy6WqLW1sZpzGlYZ7qbdbVU7DGbh8yYiBJRSgiFyRodckuXGlFKc4IJimSnojRnaxOAXSSk5mYbXKOU2kWEW0MRUjaKcbOhlkACZyYRtRSaQVU0IB1RaikhWQRhgTA4G3Zzy6mNbkGUCMtOh0rzmC2dWFZEEjhDBWGiRETImS0TqTkBkBulr7WUxOkpohSpTZnZsKdpWg+jcaZSGSoSihJS2lJGqaE4OlquxlUpYUui1hoS2dKOqDgjlEhQoljOTCEppkg1oYguShTbJaRQZptaEpqmyZOyTVKNUIZFpFumVYKWLTOi4syp4VCUCEEoMpCFpOaWqJQIleaUEuOWtkupabul5EyXUhyShEF2tmw0Z1ekoJQi1EVnoISkGoFwAylKETY2lCillAgB6damsbWGVUoBVsParUWNUAB9VyJkyHRL29nVGqVTkZvH1mazvnQFO4UAq9TS1ZDDmVObnJZK33dd1zmzRokaElNmIaRiHAqkooKytUSupU7TqCizft7cpqkBpXaC9TBKUWoVjFMLO+2QnEZp6GotUQSZUoAFqVApRRIgKSSSRtLSABSCQjoxJcKyapEtS4o04bRlW6ZE1K5MAJl2hKJUYyyaJQiEnJm2Q6HItN0kIkSUANXAmqZmt0yURIRKtNaKUCkREVJEyEiSIq1xWk+tBZSIKVN2KmopKsUyThpRilG2KSIAGzudGYVSYj0MbRpqqUieGiGVMCohwTS1ydlFsW1casU2FOTiaRhtFKV2ON1am9IKlwg3RwAqpTSnp6ZaQjFlk9WmZlyjyzbZrjUQkpzNuKsdjWargCNzmloqhBmnSSGVki0nN4RbEyZkU2uRhO2WzQkkzsBtKoq0LZswzpZOd/2sRGRCa5NHTy3TtjNbGxtyIaIUAmdiETmNE6YopuZaoqtd7aqdNNsZDkWZxnEah1JKidrX0mzbpXaAbClEkGlJoUBja5IUBWNsp5VS6boOImlSqSVEQLhlV7soRRIyVgS2I0opASolopSWntzc0mSBzJzGCZpUStB1M2CYRkztO7eWmeM0tWy11jZNQv2sU1SYQtFaUxASSFFK1Ci1DaOKohSj5mFqGZIN6czsZ72sdAZEFKwxmzMx2KUWt2a7hGwRKlFbTnIRIQGyPY2TC33XhUOhkELFLRtNURCKEkRrkwUoAjmQnSlKKXUYR7eMrrbMNk0RtZSatBybFYooXVDCONAwtVKKSpU0DuuWDRSSwUwtm9OtTZkuUSKi1IhSxnEQImk5GRNFzloLyM5510eEHV0XJaoIgZQyzhxXQ3NWlUwCRk/ZXKKkRbqlnbbHIFSjjYOSKIU2Ydme3NowGc36TtKUSYpQOoFQFRjn1CRSllS7rrUmqdaKoo2j7VntNOsyp1oiSqTdR4mo2NikTEJmpgq2szWCWkvQdVEdzjZFKVHLrJ83clqvXaPreoLySR/3UVKUWkopTuNs01T6ucBkay3bFFFqrVFKrQVbYKv2IblQosTURoyISEqtLZ3jpNpFialNNkoUUmhYj2SqRKlVKqi0KfuuwwBRQxKgItsyKlFqKaWI6GvXpinHFjWwQ0WyTRS1KRVUSp1VJYFK10UJhYRDiiiWp5aQCskax8FJoCglSq2KdEpy2s5SSlfr2KZxtVytl7P5fGOxhT3lUGoETJ4wWETUUiKCUgqaz+frYczmMiuGWe1VYrla2akopZQoVcJQotSullqDQgppalms0oUopEVaDggpW9ouEYQiVGp1eppaKQShCJGl1oKmbOBZPwNlaxBTTkYRQYgpmydsqxRN68O1Qtdff3PMZyRRCEU6Sy0401NR1C5a8zQMCpUo2ZpxROC0iABQKGpxc0uDV8ujobmriigCqWAIlahRKIooYQsRUdwmqSBaa1FKKWWaUkIYkJE0jKNb1r7UWpyahiFRLTG2zJaWSq2lFkNOzTnZkI6uhlEVoAiJkNKuUUsRFkIKQ2uepinVSi01uloKTkMt0cbJLRWBhAnner3ObCn3/azv+mxTcyrBLtFFBIGE05gI2WRORYVQkXJs2ZqiE9TahQBh5TQildJnaxBdX0uEMWBca62l2kYqUUsNCIMkwlKJdJogkmytlVLnfd/cbE1TA5eiabJElKilBCXdPGUEimitlRKO0tqEXWtBkiRcSpQiGwumNNkyay0oxvUqnbV04CqPrUkUlVI7uaWduDUHiq4KkFrLWkq2STY4qkI1rLTBtdSiGpKiprK1BtRSoihtJyFshEuJiJBKQFVEVYQMNNtOMJCWKDXCpbVhPayDLLVi0lmjlghBS0cpGS4UIYRkpOhCFIVMttac2ZdaS7FpOSkjopg2Tk2KEISgdLWEZJiy2RKMwzjl1JViCdQyDQoQtYsAi1Dpus7Y05QQou9mkiSl03YUhTFWwUi2w0E335hjgSmKUoIiFZMkpRaJaZpajhCzeV9KV0pRtogaUSIKJHYN9f2s67sotQYGqSBltjGzKKKWCJEexhHsbI0sKhFCGLsRwdTc2iSVrnS1KqhRhZRyIGHhqF1IUpGopWKmbFGkYJomG4uqItEaWIiQSldMphtNpSrTOWGn5a52oTJlyzZhUKYzAoSIqLWvVcjGbtOUIaRQkAm4BEFJNTe7NdItW18qUQJJpDOnlm7pSS6SG1kUNcJph2uUKTOnqe87lVIibMZhlEqtBQLJJjMt1aJAJqOUUipytilKFIUi8IRFACoRU2tuWUoVsiIiAgEgi0CqBpGOLrpa1sNwtDzquj7SNrXroNmYjChdV4ujZWs5lVqRJEtEgAUuIZylBhFd14VK2pnpzFKKJNt9qc3YE0mg0ZMnRymlFCkQpRSyySG74a6fSUhCjWTK0eQ0NUxOzZm1lGlspUoqTuzESFGKVGvYChkUpUAzKWMkFCEpsVtmtlBx4DQRbZwkldKBp9ZISShAytamzIIyCk5CQrVU2UgRkW6ATSGoEUUyJBKhyExQibBxa05COKVQy8mZkmRPdlc6JHBLSinAME4AdhsnpyRM6WvJ9DQNw3rIbKWbgYdhHbZUFLilkGWnS+kwiK7r2jRmI0VO2fUdMK1H4yiSQoRwRIzDOkdLUhTJSY7TNOtLazlOYykhQrVUlVqKamTztBqotaslpKkNsqlRohowpVNr6aT0VXbatlubIqIoJjcaSIT7rgsJS6E2TQ3jtDEqpShkiBI1yjQ1y7N+Np/1IVEkVIpqqZnNjXR2pdRaLGPSdCVq35FGEQpDqVGiqMjITpUgHZJxKcVQa1+LUs5xmsamIkoNZCEoUVubokYp3TS2lNfj2NZTdDFNLYralG2akGxKKX2t0zg5VGtfIjCZmekk+66uh3EYhvl8hjJbRim1CoWUiiJFEWNrYfcbCzevx5Wbh/V6Wo39bF67yHEaxnVIUUtmm8bRpMeWJCVoUogSdnMoFM5JqCXjNGXLxXwjYO/oUo6uXY1ayKylZFpFXa1d7dxa+cSP+8i+r/N+VmpV0azv+76b2hQ1aLZdIqZsbZoy2/LwYFgO89ncNAiguQ3rtQm3FooMQh5Wqylb7TqbIoGnaapdCcewXjdlH51Dfd/VWlerVWLT1sPQdT1Ou9lM47qUKqmULlSW66WhluJSutJ1fXU2oKuV1HJYliilRGaLUoIQaSvb6LRKLyUJUimVzHRmUkKl1ghI0i1bShi3qXV9jZAi5hvzWelVa6BGZto4kxJFonSlr51q2OlmLORhHKFJIUUJoTKsh0xvLnqjTJVS3EwYS4CoVaXWqU22u1oJQBFVCtK1hkBS2jZFBdvZuq5IHdgWkkyE2pSZGSrCtdaC0kSEsZojhGqpoRJ9vzhz/bU728dq18tCUlEOLQpQxvXQWpZSaq0kmc1WhKbWDEjGckQNGzmlkMMydqZrLVJESJKFnV0pzbRsTtKYFipR3JpzmtKOUImioE1TOrlMYGNTSun7eS0BnlobhzGVfamKgCihEJm2jch0rVWgCDslyYoiRUkn4UKhKJAUzgzR9V2JUkpfu1CtRZWQs03ZSqHrZsU52WbKVNf3fVcFwzhktlpLEAnGYKFsDTS1RimhyGw5jaRKDYsotRRUCk5ELUVSYohQCxWwpJYtW7Z0V7tQSWfaXa0ODcMqMwEUgeQ2OdOhsNOWpUDIYNItM4OCmKZJKiFTKQoUUasV2A6FIDPTXS0EbijSCRZIRlEsnIDBEaXr+ohADEMbhiEotRShsTWCUjpaOqKGQmGMmaYpG7YTRdQSkaKtR5VSarGNohRaw7aIqAU0jqMRAjeiCEWpdrY2tZwiwilPmZ6EogZOSUFgIUco7dqVrpRMtzaVWsfWnI5SEGSqdIhSoiWCokC2Eco2tZxKqaK0aQqplkBqU9rUGqUUQqGMUtvUIlRLxUlqalPfd6V20zg2p7NJJaBlSiHFNLkWqcgpy8ZIpQTJlG0cx5ZTUChRZ7OiaBPIbqlSailtauM02ZYliVKKJEJRwdmc2WotEmQaixo1ItQyp9YkLBlPjVBOLXNqKDMbLkWOWgKbCNFyUqhNtt31fag0jIlQROlKbWQg0xIU4XQo3SiFUioRUUKKlN3SNspQjSgFDW0KUVQmt5DsNESNqaXTGKkgp+QmuyFP6ymZiqqKcmrCteulaGQbGxImIqIIKaKWUrNNsiUUpRSNramEkMBgZ7YkVKJgBG4JllQopRRDqQoi7ZZjG1spBXBiJDJUwS1bKaV2XSgAk7a6rg+FnVPLnJyt5ZSJI6oE4XGY0hlRRAZBKFsWqXQVMlBEEekSXS0RykY2O1xApaY9HC1LV7uuV6jU4szMrFFKKYlaGwVSUThSUybOiHDiIBTNLgrARkEJJmO7zmqJmi1TjhKhMuVkqai4TbXWTJeqWgomIkotY2aNEhZgiFJKVNtYfd+VWkuo1CIV26WUCJVSWmuCUkqm3DLdooiMiCili0qYACSFE9FSoSglisKSFEVSSKGQ7dacToxtpaNGRISitZYiUIQCtWxOlxJTtkyHRKFEDZUoYbINk6HUolJIZ1pYJULRaE7jRLjlMLUSAWRmpiNUZBSkwNPY0llKRYTU0pljKV22FrUUqeWEiRIOy45SQiUCm66GkO3WMpsnp4wKlZiyTZk1QlHaNE5tlI2VdilBiVpriSoymyJKa2NOE5IiJKVdSmSaTIdKuESXrU3jmJOjqO/7cRwOLl0a1oNKhEotNSWA5jZlKcWkIUrIqShSAavIgpZtaiXCBqbSdVIKGZBLV3FMbWytldLVUtMOiBLr9XR4tFcUs8XG1MapNTmjVIEtFBHhJMJFhaiCKGFbITCiK3VqaVxU0ulmoVJrrcWZ6RRqzYGzmRIyU5tIuq6vQdoSigCVUtowRhSXKEHLViK6WZetOe1QmghLBbkQ3bwnPU0T2EZRsAwlqiRjIkJhJlG7vubk0WvsHFNBa61E2NiW0tbYplrqfDZThG1JOGVPbZLp+r5WldCwHm0rtDw6wtAyM0th//BoWK/m84UhpxFcPvbDP3g9rEutUxuXq2WJKmmaxhIllethQBSVMSclSDhSll0qq9WQrU2ZXYjAQUFILVs/64Sb3dculTKKgiy5RGc12zimoU05KVRK16bWRdS+M2Q2t1ZrndqUU1qZLUNEV0IKqbU2Tc14nJpbKihdzRbOhsLyOIzZUhGSWhuzZanFdk4tuhoRpRaVAspmZBKwJCGV6KJOrZHqajdkE4pSFYoScnGgKFikIqqxraKgICBUoiKEW2tR1NUuaijUpjStZUsMkBm1giVJwlEAIkpRhJ2E2+RSFBQENrjllNlKFCsIsgmnhO2pNWcqIp12GgiilChdF8XOtIisNdycdpSObpYKMKFxst2iFlpOkUK168gc21T7WVc7Ssi2KRFOC2VashESuJSopVMfJBSViLGlwWQQUWjTlG7pLKqlqwiM3RQhKY3llna2ruux0qlQRAlhWQpLpFvLUlRqRyDJxk5DCZWIEuF02lHsUeqKM51ERChagpMIkJUSEQWFM3NKIWMCKRLXUiJKlGrCMiZElFpVGm7T1FqLUmww2ZqNiCjCthUhySKIkFQiotRaIq2pTdPUcCKN45itSaVEJNGmlq2JME2WVCQyHYFUWpvaNAF9VyW1aYKiCNFKrVLY6XTLTFxKKbUmpqWqlEo1oigDJCFFYFLIpRapSDhkQ2aoKESAbVFLQRH22KbmLKWPELilFepKKEIRUSuZU7PsKMVpQiWKVNJWhEoQMe/7KTMCrLFNEgVQURiVWqstUCkxja211vd1aM2pKCWKnLazlNJstyQsRXNGKVIoyXSS2FNrds66XhEpY7ulSjizZUtbcuk6WmutScIgFFFKp7TAUohSOsSUU0Sp/cxurWXpVEsJhS2QpJYORekraacTSg0hcI3S9QVAMoRCdsvJOCgOQqolSKTSsrmlhZPMjFAXxdByql2N0mVmay2lwNRCphNjBaFqeT1ORernsxCtZUS1M7NN2UBumZm1htA0TlbWqOlstiglpEJIEBicJSpBlFqjSFKACFO62ve9RBRBZoLdWrY2ytlSYDlKKc1ZUsatNQhhKUoJikjb6mppbhjSSJJCESpDG6dhLFFLX2WBkfpa016vV0KhwCq1yph0OkKl68ZpGlbr1lqJGnZERJSptUxDSKW1MafJmSbbRJSiEmAjBCXspqiSiGKDmyiSxml0axGVUGbaLopJqITTkiJKG6fWJpVSpNLVUADD0JwWzSZKQQh1Ea05c3I2SUKqpZRQKI1wa21KK5RGSlJTNuyIkCQFmZK6rldEV6ozUKazma50Ues4Dq1llFAJGYI2mXQpXYRKFJNhkGQsbMuCJIJ0a6MTQJJEy6lENZ4yFVFrtZlaOhMJubWUlGnbJeRmq7UpS40SFUVL1xpuCYBtEBhBqdWZwzi0NjlRgMAmjW1kMJQI7EaG5CQCRQmFgugKFpDZ3CYRSU52MSVK9BUcCru1zCmzjY0IIoJAxqq12qQnEM5m5LQCnG7ORKpRTMiZ2ZyuXSmliwiD0zbIhuYsCpWwCNHcagmpKEKeWmagPkrta7Y2tWaVECQ2gqSlydawVJVE6WqEVEJBVVmP67Bq14HTjiIpMnM9jdmy67tSOttJAiYjIgh1XVEALROphJbLdWYuZrOWJCbSVulK19VMxjbtX7p4uFrubG53fSVESzuiRKkREZMdQophGopqYqcxoUBSgATZUrUrcoSU2UrUEtHaOK6nbI2IiFguV8iSSpR0a+NUSgEaFCK6QtLcbApqmpy0bM5mo1BmE6GQQjlmOkupzVOOKRGlmKwqabDTGSFbwgqa3dxKRNf31OKx9Yu+lgo4qSVq30spRek6cnISIaeRulq6rjcpFLW6Od2cKAQhsC1RasFpLDG2KdO1KzXU9/O+dMM4ZJsoBbvRIgjslhH0Xec0ppY60drkvhayrcd1KYqoNkYlYhyGdKu1LuYbLadpHEDZsuFSyzRMQ06ZU/nEj/6ogLFl19WQlodHFiGlm5v6Uu0sEVvbOxFhZ5kVZSul1tKN63G+mM3mM8GUrbWsXdfV4iQzgVnp7WxTWqEkca1dCbWxpSkRYFmlhGQ7Sy3TNA2rVa197XtZJTphqSidzhIloqzX63EaAVBOrfa162aywRA5jTVqqRVRuy5Q5mS5q6WNzTgiRJiMCciWLUyZdSFoUtWs61RCKbeGYmpjqDiiBF2tblOoKJhaI0AhWRKQEIppGEotKAI1N4hZrS2dmW1smSm7RIkSdutKtWOcGmmqgxiGQaGwKRQVSVIM03pqU9/1KTBOrcdVSLWUElIUIRHTmIS6rqNZUpFq18tZQzYqSlLGTQoBOTKN63TWiJxam0aIGnUilSiK5GxtmlLOqFFrbW0kiAAkqdGUqrVkGkuSCCZHicjMzNayRpRS18MwDaMkWzIKGUWzw0U1itLOTBHRcMRiNse0nKSw0yatNg4RJYjadxHF2ey0lW0Cla4DbCusiJDTtEwnEVFLsbEB0oa0oNl2a+n0lK2WolpJS6oqEbXvqs0wjW2csmUtRYrMRlKKBFLUKAiDggi1bFIoUZHDNAhkJJlsU2YaGuBsfd+VCMsJNaLUzjTaNGUrotS+q8WkQkEgTeNgOyJqrSUC1HCbpkBR6jCMkgMlUWso5UatRcg2hqJAIlSwMyIIA9mmTGOXKJ7aehiESy2tGXucmk2RJKebLEq0NpVQy5YNnLVGUMc2VUUJWXgcEVHUJpciRShUVEuEsGw7JQlFicyWmYqoXVejjG2axhEoRYEQbmOJAopwqbWouCV4ciuuKBRhVFUUqiWMgVK7UmRnlFJqhygRNqASSLRhwlNfZwpAUYqUfelKFEPmlG4E4IhiuSjkppDIbGmnIqRozlpqZmtTiwhMtmYC4cyudKVQohibyJaKUhRE1AgUNlNLkTViahRhpZPEfamlFifZjCyiRqgoJKQcWy0RKtmm1hw1yEwopUhkNkMXdUqvx6GNY7rZLhGlRkQZx3U2iOKiEJgIakQppURJjIJkGFduaZCUUxuGKaCUWA9jtqGfzQ1untIyQgqVWmVbCDIbEQq1dRIOaWqUUImIqEmbhmG9OiKyWRESSBEonZmOopCcRFEgt1SllACl2zRMROnnXTqBpJE2qHTOzBxL1OhKRBmmoU0jyHh1dFS72tUgSiGQQqUUopYaVTizYWwnSJJNwa2NrWVO4zSBu27W952b09nXWe2qEyWrYdVy6mqZpikhJAhj21gmaxSJiJAUBjKlcb0qtXa1xxARUYrCbhEhSSoCnIREIJUoQqVWQjmNIFFKEc5xmmoJC5t0E5aiREQJO4UUBQkRIcJTa87JpmVDYYSzlmK7pWUmt2lsigDl1KyUai0FEbh0XRGtpVuzXKJka+M0enLtai3RDG6Z9F1t2ZxubZINshNomZCKiCiBSgmTwzgVudau9p3szGZI05XSdZ3d3FBIRioImeYsJYxCYec0jUUORdTadwUgIAXOdFerQkghRQkRIaKEXCiIGKa1mhVIKlFKLZKmaXIzgUKlhMKk02RrtksUFZFGiShRQnK6dn0RmalUKdHVTs2jp1qiKhSk0knLnKYEC6dtGylUGiBB2A6QQnJrTUQ6S+1KKdM44pRQBqSg1qilFJVsbVgPbk1RQgoVWYmbndna1ErflVKbJxwWpUpQrNJ1RIgwKmi+mB0/djz6ChGKcZqyTbWUiJJupLMZwEaQlBKlD7kgg2qJ2veCGoE8jdNkCwAnUdT1XaAEZFDL7LquK3OVUImudAoJbGc6SrScWpuq6tSaR6uUWmKapi6CCE/Njmxj13cRtbVJzsnpTCHLpVZBS/chK3DWWlubbNcSJQoI0ZolstkYC4wj0zllJpJKqZMbeGO+IHNqLacch3U6u1pm/ax0XZRSQ5NbTllrAWUbI8JJcTo0rkcTtYtSSqkRAlFV+q5XCSdTazW6zNzbP7Dclbq/v4/U9XUcRpthWHe1TDkVFYenaSxRVEWqTbYoNTrC9jgMi1kHUT7hYz+81gqOWkgdHR6htrGx2UaXrs7n/bAe1tPU1ypFZitRal+Rjg4O7rjnzpMnjvVdtxqGUmK9WrUpu9I1WSHS0Ven6RRJCpWQghYNq8RiY5HO1iilLpfLqeWsdqvVchinvu+LGXKQYmqTpQiFQorEbRq7WR8RJjEhpW0clJSnYapdtZDIaZrcQKXUnBy1FKKUYreWlFpVwhYS6dZSIqeMKqkkqVJq39WoiZXNppFYpSuhaHYflYhxHEG2ulqzZctm1PddNk9tEqj2IeXkqCqlL12Vw3hKA13XlS4AZYhsrUVQSrGd4+TWEg/rYb0e+9qXCAkFUQoSJZyOUEilRKZDCmWzo4ugTtM0tdbGhmy71qKobRzTjqgSECYlVQWQmZZymnJqtdaulCndWitFhtZaSwrR9z0GUyDDtfYyppGJ3YTbRBQLKUClxDhNrU39YlZrhKJEDTxlhopCFjYhldpFYIxIZ9iy1uNqbDnrq60AHOnM1pqzRIRwWqV0IUtkElFqt16uWmZfu5RLCCIzp2mcxrEIUEQhCWh2lBJBUKLWNk7gqF0JWmvDOMiOGi0nKWQpFFGQWjpUIkJkKV2opDMcBBEFhTOdDhOSQsayJ09FXSmBTAQhnCIiQkKKlEoURYABpwOphkxrrdFKiVDJtOU0Xa1RCySESlAi7FpKysIOgadMnKGSJCgUXekQTjLTskEGu7lJtEzVWoOWglZrp1Cm29garSrSCJtSCqoRyHJEEPXocH91tJzP5yBFlNJFCYQsCQMChUoJyU4AlyiOqIKptWmcFApslGohjelhvUy7lJCFIJDCiYJaKkEbp7SbUEgKRNjN5NRACGERYMktwa05m0HYhKJBQS0znethmKZRKFRKqQrl1JwglRKtWXKEcnJIkKGwsxlhYYHlnBqFEmHLBEBQSwmF7daas2UaLFuJIlbLo9YmqdQaUUpEAWWbQhJq2RIFFk67RMGRSrmULiLAIgWtJZKmacxMSXgSlFq7vi+l2MZGEUW1lrCmoUGTZVIEtNYy1EFLNxGUqKVERLqV2pVapnGYWnalz9ZaTuM0AiKlKKUikShUFC2ncZxIh4pCpVctFaEQZj2sptb6flYE6TZN6Sy1c7bEIhQ0uet6TGLAmeM0KVRKdF3FBkftQtHSaRfkbAdHR7O+m/ULScM4IPq+V2bU2tdetZQomdgpZCcoalFISBEUh12ipC1KSGljS9RSu1nXppzaKKKUYqTM5mkcp1prKbUWlSjYmWkkCCFs2Qrh9JSplq3YlkqJGjVtEoXsxGHZSbZGqEappSQt0wShEI7EISxKMxEhi6IiFdsRBTudzQlNDgAp2xS41CpJuIRKqSEh2jQiikIR6XQI03U1FFEUpWZrdgNayyRLFKkgpqkBKkVyV6pUailR6+TGlN28NwYHUsiotSlbJtS+zGfzcWiZLiWmNg3jOOu60lWVWhRpg9O2qKWUqsgYxhV2qR2IzLFNxl0UUE5tGMfMhkIlSgkppjaRGrJNw2ArJOwShWZDKWo5yUIKKCGhUiqSpzTpwM3DuFYpG/0809mS9JRZVWaz+TRNwziQrl0hAuRsUkikjGpgF5xpgXBLldKVmlNb7h+Ow9h1vSJLqaX04Ija9Z3saWylKEKZGUgika02jpi+K4CzGUcUBdgAJqIqPE5T2qUrTuOoNUwO66EUQjUzS1BLBAJsl9A4TMM0FJUIsk2lBM5SQnRTG9NNdolAktTcWksRCCtDERHZGkXKMrZBAYAiFM6WtlPNDZtMggTcutqXGq256/oikelSQxmlSmEsC2GbNIpSQsQwTbUWhZAzM9OKCIsQOLEmD9OgiFq7aRgl1drZWVUiJGlyYqJWg1vLaRIKhd3W60m4luISs64STFNKmYnJKAE2IjMiaompJSadNl3ta9cp1Frm2FQL6SIsxmmaMgVOQCGl7UxhZJJpbBHqa7ceB0wG6+VynKZsttx3Xe1rjkOUWmvBINVaalfdcpqGWmelhEJtzL6vERIap5bTlEpAqHQqH/dRH9r3fSl1nIaQ+m5GURdlyqlNE3bXd6VoGtNu3byLUERViaPDVZuGnc3tbNFaKyXalG0Ypmnsaunnm9PUiiAdCojSqYuuRCSJspSixnJc1SiqrI9WpZZZN5+y9V0362cNp20ySu1KAVSjKAJq39W+j3SoU1hRm6c2pYJQlC7A0zgqShsniK4vRWVqWUKUkASyjGmZOU6tjUAp0bCkqU2hkpkQIVprU5sS2tSqCmi9XKEqTBQ7Q2HbchdlnMappRy1qyBJUWS5lDCOKEWapnFq09RaFzVKIJFKUuEoxdNUIqQgGcaxQVdLLbVfzEuo1AKRdonoaiXV2lQUBrdMrAhFqJTiaG7jMJKtK1URSLKnbJIIyLSopTgdRaXElFNElIhSI2qhYCsgIkothlDtS6gU2dOU6mJKt5a19uA2jdPULIUAaKmIWa3NTYqowi6ldqq1lqiR2Vq2GkUht8QGt9aQkbJZzU3uSp3c3FrtZ7VU2y0z0wJFiSh2s0oJgZoTopSi9DitQ2U+X9RSWmbatGykW3MpgUopCkVXaikyhKRCJraKRGRaWCIVAlkoS60Co3SmHSoKECFNTnCphUYgwtmaodYKkqLWiFKwHSmUtixnYlBGlOZEoqUiIgRhIhTG2dJYoaJSSpVoaQwyVo2wcFJC2IJ0tkaEQsp0iQgVVdFsZzqnHDOxMzMjSheldn1mmzKjqEQNTHQhaqlpt2lKp02UUvquV1EUyForME2OEgVZbb0aLRaLhaQoUUushlWbHKFAElEqJqRpaja1VomIohCiTRM4ag3klAymREm3LmrX9Qk5jVJ0XbHJ1pCjFAnLOY6hYpyttcycWuZE0Fojwrax3dwyopMigr7WEJamaYqicGlMBZC6rirDGITBmHTLls3pEr2KuMx2swMwUYsl29my6zoR6QxZSGCY2gQpBVIttZaqUkqtChWphWRHFCGnaii6rtbIVGtjSBGFCMDpKSfbpUQtNUVIoUAYIuhrzZbN06yfdV1XaoeVmSAwKBul1ghJOIw9teY0UiiiKDNVSl+7xGCp1BKlq7SxJUIStUa2tCm1AK3ZbqWUqMJCJSSKDBEiVFRtZ5NEiSi1zGfzRT9vUyMCRYQESAUlk0QXNSIIp93G0cZJiQDSBlBJp5v7rrM9tilqURK1lK64GdtSV0qazFSEM8c2RiAxZbaxRYkIJRnImRg7JNlNUu1qCaWtiFp7xJhNaaIM41AKbp5a9n3XdbMQzaSRJEUtIZUAY7fMtCHduihRi6pqdKE65WSbkJxRq4LMzGzp7Ep1SJbBTlsKtdZatq6vtltLCUGttaXTU5CgNuXR8jCkiJpOsEQbnelaSkQgZ6qUgHDL0vVkDuNIQaKoSCpRG9RAEdlaKZ2gtRTIQk5cS0RRWBDIJYrltLHSKYsEYez0MK6BWjubAMzkJrlEjNM4DtNs1kcp2FbJllMbu76WiPV6aFO6WDjBOCSkKRtIIiLGcZrWa0l915USijK1aRomSSET0ZcSaHQLRMitWTUkya1NDWOhKCUUasaKkNwyG6UWpGmaLBIXlaglIrLl1EZEKcUpZCUSUco4NueEQikBUUNYKiE7j46ODg725vPN2XxWSldqRETUUkrBXo9NovS9E2GbTHe11hLj1AhkmjNK9GUWoWxOW4J0yiUqUmYLlCZKILVxjNL1fSVCUik1Sm2tKUBOq02TW5MwCpSp5pymqWUTlFJKqSJKqSKxQoEdEYJEmeAMaNPUskVEm5qb05mZw7qZNu96A1FrBGlFOHHS2tSmdSm11BrSZDJTRVVIIZSZUjhbSJZKkM42ZSmhCIOEglDkMBoPnsKutUpBWIpAUjSaM1s2TAnVWprtllGi1Noys7k5MxPk1qLWcRhJd7VLty5qqRFRMJmt2eujVcssUUKSEOBWakzZpnFdS23TGKW0aTw8PKolSlSFI6IGUWuJmNpootZaQmRMOa3X61nfRSmGfmMxX8z70nfzzolCs9kspLTHcYxQKVVFXTczKKiqIfWlc8jZSokI1dovNjYjQhnlkz/+o03m0CLKmFNX+1JjnKZmOb1er6SofU+akNLDuA5Fm9R19fj2sdp1wzRcvHhxvVqfPnVqtrHZnLP5Zi+lmyHdWkuTwzi2qUWJ1loY8HK1HKcxVGSXUiOo/Qy5drV2tU1NoUzXvnZlJrWoIdxwF0p7vVxJUUrJTKyu62tUCSFMSxRRS0G0NpWIqCWnRqYUzZMUgmkaMzOk2tW+69OqXQnUMsHGijCtoDFbZs7mc8xqeTS1qdSuEGnXgpGNrGkciBBZugKoBC54BGU6gtaaIWrJcexns4iY2jS1Cdst07lajathpYioEYrSFStoWSIo1XZra1Ap1XKbbE2g5iYgaK2FFEYlEE7PZz2FUJRQpgUl1PWdU61lCRG4eWwtpykiZJeu1qjTOJYoJUpOk0IosBUSmYkEYaBEhWbbwmmVApKdcoSiFGwbEV1XVqtVptMM6/WUqahRQKSb0yWqiUAgiXEaxnGspcggRSkCqURk11eFiFJVWiYglCbJkEp0Ebai1k5FUhjbLQ2KxWIRkoLWWtpFUsjGaTItByWiIIdKUUQtmJYJqiVwGXLKqUVRUaGowDhOkxvNJQKTODNbaxaCEgXCkZjMlAIEGVC6yuTMhgpQVUrIUqZLBHZiaAqRtJxCESUUCoWbWzbAluXWJqdzSkSpnTPTnnWVZMom0/VdtqaIiBJymwzOdIlQFImWGRGCoJRSkFBimczWpmmKUvuux9mmdKQBVEuVIgI5Gi2sxWKx2FxMLbNlrdXWMI6KyMxhHOwEZTZLU5skSdFaA1AoJFRqLSjdpmmKIoWU6vt5REx2QEKEwkqSFLJNlUqpslDIAJk4HBFSAdcSmel0UY0oqqoRXamUSDcShUCOVFOUUmuVhWwcUSIiAmdObkpq34WUtp2llja2EFIBA1EKmS2nUEQJmxoxtck4QtM4ZiZ4agaMo4TTLbNEkUGSApg8ORVFgtaapCjV5LBaK6ok2wWVKHYy2TYCCTsiaqlHh0cth34+H4c2DOvSdaGwGzjBbUpnjeogshRrPa6n1iKUaWwbnCqdTMtJYAurZVLUlZqtUStQo9RaQ8VyCEJRik0UFUWRglK6KjPR2tSQ2zQZl4j1erk8WqEsNUrUaRqn9LyfRYlsAIoSNXLKyel0lChRkJrTzXXWheo0jIlrLW1qESq11FpQVAtc+75EKGKc2rAaYtZlTsN6LKVGqZIUkhjT03qNYmotW6I0kgQWshVya86cxqE5syszO0spKuG0pa6UUBlba9OgiK7WtHFKTNkUgWnOEiWCUkqUKpUIjEJElFIKIU85jOuWhB2KqLVNbRwHCaDWsIVtFIrWpmxNgBQRpMdxVIQi3FpmK6UWCSgqpUSKyc0QmHSUYpNuoRLS2KaAAKgRilDLKVu2liLTUcNGlFJCma1EMXKmHekcx6G1iYi0wYRLlBBCkqVownatpRIErbVhWJcofV8japumiFCEndka2UwGUaNka1OmTRVRaymFhBAYopYoCoWSjFpms7kEFqhNLUJd7bquK6WqBEWeIsJGKoqQJEWRMRDK1mRnEriWEJFBlBLBNDXholKk1nIYVyBsKRQqUREBBEgmAgwCC4koCSVxwLge9vf3d44fX2zMS9cB2WQ7IhQ1swmiRClRFKXE1LLlmIpACDuJUBHW5AkQaQhAyuZSZSkARVc7VdyaFBKjJ5taq+1hWIWIUp0pUxf9vJspSlWohDFOImoptXYhTc2tTdPU0vS1q7USDNMw6/sItZyi1BJFIkqQnloqVEpEqbXvatSppXEtRJQIkYzjIBvRGrWrQpnR2ujWhGqtNiYVysy0LIVUS7VRINTVEqVkJiVkMH1fJU1tmuxSo1IkKYRco0StbWypnM1mdqtRUlG7LsR6tYxa5rO+KKbMWmtAm5rJZocoUYpEEECpkYyZs3lfpPUwdl1RMI1ja8YZKhSyNUsTKma22JDIZqdX4yCofecEZ0SEI/o6TKsaXe07RZSIUEzTNGWTI+Q25TQNoShFaQVKZ5SAIKdhNUw28tFqibzo+m7Wq5TMlrZkm/JJH/1Rh8vDVC4Wc2c2OwhFoAgRodKVbFPDXRcXL+3ee/bcfLFYzGZd16toHKYimjNCs/mGpHG9zLTBTjd3fVejmEynpxEsHCqyo3a1VmFqV7salFJlmKYkPTUKWBRVhduUuIxt8jQN07heLhPNF3PTWiYRpUQpkYnb1LAgpCghRbZUiRqxXC5LKSqMq0ml9F2dxtamqes7IiTJoJymHNZjqREB6cymUNeVrvSKUjrNaq8StVQrZaKEIsJOZ4SiBKhETK15SqC1Ng4tpyHTmFK7WkuJKrFerSXm89nYclitBVGq21QVJlLUqON6aLTEOU7DuB6HIUoRamnJUimhNiWlZnNrg3D0NRRK7IaUmVOmW66HVe1KRIAjiSqgDUM6I6LUcPNytZrWq8P9wynH0nXr1Sqz1dqT2cbBBklERGmt2SkYx6nZJVS7riCVgghCETZYKqWils7Wml2rMhNJGISNVUKEFDjTRqE2jYGiSCFFgSyl1hIRJW1FkE2hEiVFLSXtqU1uJA4JSbabp3FAKlEoqqFaSpSAkCVna9kwQoq03VBFkgBhmXQ6nRkRKKR0S4VLCUkY24mFur4DDKUWGyWlFhLVgpzTtF6vSyl9X1vizK7rmnOc0hFdH06aJ0UpimkaU04Lt4RSi1BIEk5HlJZtamMpXSklM50JIRE15LATyeTUWrMFpYsITdMIdHUWoEIpNaKUqi5qZk5Tk6IrxaRt2+mcxqFlllJqFJUqWhtyapNUcLMTSU4U0zhFSFGASK/GYRrHUsK4SF2tJYozJRHCLRQoSpAm2yiplBBSSCr2NE5pZ1ERKIIqDOkkDcJSgXQ6SnHLlKbMEKVElABla10ttdZsLiiiEJLUVaEaxJRjG8aWztayZS11HIcgooYBF+SuFCCgZbNVokgYSonMTBuISKFSK9LYpmwJMoBLRMNuVok2pVRCYXuaBjm6LqoicUhgGUPLLFGsyBxFOFC2ycZROpVQa+PqaNX3Xa2FgJBJZxgnrdmyFSJk5ziNi8VmLUVSRCmlSMo2tXRfu1JrNttTTm2Yhgi6rqu1y0aESgkpErI1cIRq6TJbZgu56zpFDNNQMhHrcVquVxVKlBIBtKmRjlpsnJNqtTNzGsdRoSDSk+3WphynxNF1EQUh1JVSugJQwqJlk0k7iBAi7KyKErVUVVWTpZZSNayGqU0AUjbn1JqbMVJr6cyQIqLvZwXZqkUBKlIoscfRoqgKMBFFxqQUhmwtMXJrmCwRCqAUqZSiUIma9jhNyCq1lFAop5aASrZUBEXOCbuUDmRScrYc21RrKaF0DsM4tsmprhSHQKqVtCIiIqKgsBuiU00cCkqpQikrwBAqEcmU7mZ9UBJHibSNsCW3aRrGAZVSC3azMcJIilCEoJEFpTEpUFEQaYeiCExa2EjYkoTTrrXO+l4lcmqyisIGOZsJFSglImprU6hErQq1bE4k1650pSpClgljAClKTaVkldJ1NUopIRQhORMrQqjINq5dXyKmacp0KSVCfSmTc5qm0kUoWmuKBIFqqVHCTufUMgvR1UqCPbZBKiIgnZSIbK211vX9bNYlQK7Wa6cXG/NSa1FFKKK5OVMRSluECrQoXbbWnJL6blZKjONYSre1tUAlcamdbQWhkm1qkwm6rsdZagWP6xG5K0WSs7llkaoCPE0j2dLS5HEaE9euEuSUgTLHKF2VUEQo2yTVIozdcmrZ1Q48jlNz9l3X1Q65uZmY2qiIvp+BV6u1M4NIaG0CoothHMb1gBBkSzlqLbbBUEwqqLUTOFsUSR6n0S1DxUFr2K25QevrotQopbRsJruuFyrIZCgsCVSiVNkWZLrUGmRLPNm2RCFKKKQotbUpW4sotfRJOjNKeGrLYVDaQY1Sa5ma0zmNQxQVxWq1wiwWi5BCKiWSVCnFRhHYUtqttam1EKWqq12NcCZypzq2JFt0nUBBVWnpGiWMI/quChlKyOmxTdilE4phGJtSYEKKnHJ1dAQm5NaiVHJarYZsuVqtSynUIlSLBDTGcVCwPDwcprErnYuD0s0X6Wk4WksSROkkykd/1Id6mqIURThdIpqxU0G2sUZXi+xwZonibJI2Nzb6brZercDAOI59328f22ktA6wAR5DNLdus1inH4WhdayUAR9QIESFUFAByVzqJaZqyjc62Wq1FK103rNdtmkyTQiG3KTMdZFKKFhsLp2otBdo4NROBM40VApzCrZRa531O0zCOs/miKhoUSRFyNrdaqyjjNJaobjkM6xLq+rnFMA2ZhKKvvbrahqmNrXZdVwtCVrOdEyUkDERgG6kUCFmmOSmlpDPTKlQLqF2dhulodbTYWHTdfL1eiZjN5/NF39c+seVZKWlntr7vSqlGShTqSmdnTlNA13UNA3KTJDO2qSgsN7cSJafEhGhtanYbMyRLaQ/jOA3D0LLvYrGxKAqEyLElarV2Ihqtq10UtTYlKBCa2lRClgBFlFLk1qap1lr6HgNWhCBbTukqT9mGaao1aulwStF1Fds2Ip05Zct0NiQFlmvpiFivV1LpapfNgKSWLSGEXBCUwpQWStIpORRSURpFiWjOiIgSgqIy4UiAdKbslkK1VAQiopiSnjLTOBsAlookalcDRyhEtszmEpSuKzVANUIqCBMlcIhEgUS2RsOiSJayNWcqaoDdQupKaVMbprGEpIgwKp6yRi2lOlNgaOMYRTIqEqGikGxLWVRQkYxtqH2dpqmNU6m11q5EwZoyQyXJli0UKoFUolgeh8mZpcbYWsuWtpy2WmvOLKUqQpkQs3lPqJQIFRSyMhsJELWUrpvGwVJfa2azqX1IMY5NOEqIkBAYh4pQSBGllBLIZGZG0JrTGbYzo3TRFY/psAIhpY0iGKfRtmBsU1URnuxaSkBzCpeuI53Zonalq86sJTKZpoZytVyu1+sates7jKqmoUWpJYqdISlombaSNk6Js0SkSbtEIGoUhTJBiqh2Iy0iikIhJIUNcpGmcYoSYKM2NZNd14dKFAzGiIAopdaSLZ1ZS+lKNQjVrgThbKFSSq1dpygCNYWkIpS2ikotERVbrWXfdzW6UKm1S085TRFkZptaV0uJaidQ+yp7GNZOatchI0dIKAKjaZyKopYuikqtmSpFTk9DqlYRbcrIjK6mWyYts2VKAvDU0pktwLYhiIjo+64rtbnNutli3tuk0+mu66QyDuuWU1FMY7ZpdHMtIRGhWipFigCVUqYchLq+G4dpNayiRFdnImopJiOKHZlTRLEdUWpXISyiFDkStyltBxGlptMQUabWZn0XISmiFKUIRNSopYZUFM4pkR2JIVu2lnapqiohEJkIRUgKiVAN0pmkIiSU0DIlyZZKFLVpHKcxopQStVRjkO1srZQopYDdJiFLigB3XWBsCNsICxxumVVEqESgwG5Tc7PTFk631rpSRSk1DIgpHaF0QiklPKUisKXS1YLCco2qomloToeiSEi1VAlFdKVEKWEJpR1ScwYMrRkXRdqBiJSiRMnMRE6nmxShEiXsjEAIA2RrCkIlFCHhbNM4Tc5M4fV6baxQTs12tuy6LoowIRvlOBFlGodxnLrSgQkKJVsDNVqbWhvHNuYwDSFFCSBC2ZCIIqNsk0FQaiRkZrYWUfuu1i5CRfaYTUJIptm0JFRDaQMmW2uZWaOLUodhQPRdDZWcxtYynWFK1JY2DbuE2pS2s01pl65EVImWbb0aLIcKUqlVUtpFmpyZDUVA5hREiaKorbW0u1rtiIhSw+lxGGvXlygE2aaudKXEuBrXq9U0ThCkWzYRFmO2bE1E6UuNiBJWuLVpnMZpnPd9KISa0mh5tExcQlFqX6pCmW6tKS2iRCGkjkiRbXJilShRo2GlhjYahcBuLdvUFCEzZXY1sKZpLKVkZnNKxW4URQmlKTLYbjk5HVH6fiZodtfVWjvA6VGtjaNqLQrb4zBkGohSkaY21SjjOElupk2tBiiKKiKnqbXJ6cDGqtWtjePY0m1Kw7halq4vESljJDlbRHRdlyStpV1rRCkqtUa0aZJCoXGaMDVqOk1O0ygUUdVSIeFSapuacATRdZAKOZNwhGstWJlkm2pRqZ3tkMehLdeHXdeXWkJgl4/76A/v+potSy1TOiS3NuRUkaJ0fayXg6R+MQ/U9d3xY8elGNZjVZSIg+WlcTWqyJluKQlZyK21Nkp2urXW1RJdQZKiRlhIkhCStF5PmVNVaSAJqJTa1dL1oWrl1FLQ1SpJVlei62qUCJVhHCKDQmbazW7DOEpFgImiaZpc6CBT6VajGnVdJ3scx8wMVPsOnC2nNhGqpa/zPodm3KnM5n0opvUwTaOTcZrWwwqp5TilS4BlJAgpW2vZ+q7rahHquxolVsNqtljM+/mU0zQNKCY3cLbJpp/NpmnEzOazUss4jXZC1FoVsk1ESCUKIkoppaZdqqwwlFrbOEZXsCxKrRGSEbTmBAUtM5Rd7WoJY+GuKzJGpdTalaIKuR6zZZM172fzxUaoSOpLTXCjRmnOWqIomh2hzDSOGhFR1KWtEGaapoCImNo0joMAKm7gUCg8jiMKQXQRCpI2NYkaXRQVFULDehloHIapTYv5PEIpFYUhm1UUiqlNrU2yEzsxTabrZ6WUdCpkPLUWEV3tkIQTMu1ssoZpBCH1fSeVdErUqI7MlgFAJioI2QB2YivKsFwtV0PtSonilklEcZswBGE1A7KknMbWMiIc9LWz3RJaIgiBaqkUnIRUopa+gsexkVa1okQpZCoY1sM0TaGatJxQBNkyU1IpnUo4J0mldqqlqoQiShQVoxBplyhJuqWaKTGN0zCsgDZN0ziqloC0ZUsApdT5rIva2Uayc2oTpdSoDgmEkLN5PY41akjT1DKzlo5QtoYd0SW5HgaIEoGIUkqptiMESFKESkjhlk4cllRUotTSdX2tnnI1js4mEygVJaJhWhOxnlYtXRS1rzk1nIpiu9Qqa2pjlKJQZgvcXLK1JNPqSiGzdrXv+imzqpSuFgwoinEbp6mNtZRMjKtEKQEQzowSKHJqkS4lQmBLVeGiiIh0OpOQFJkGpMh0V2tEmKylZGgYBifOBkQtQk7btqi1k5haTuNkbCS51hpRZAicTDkZSmiaMqep66qbnVYJO0tU2aPz4GDv6GjVzWe11mwpo9q5peVSi9PjNNhqTknTuBKKKEDUzm6JIgq0NmU2m8wpM5tEV4vIKBFdDUUDZVOt2CUKEIqIEDYE0fcVeRjW2VxKwblar5KQchoJjMI4cwqXqDUz3TJq19UKOLUa1yEJxjYyZWuUrlqSXWqZ9fNSJCIUVImIonAgt6k5W0QxOYyDTNSSbkIBFGVmZhaidLWNY5RARUVpm6xR00RRlBDGyqkpCljIRLamoCt9SnbLTEGpJRQRIYPSstNRImpXOjllN0GznZOtaWxurZtVRe1qxaRbKMZxKLVYcmvN2IkdRZIgnJnGCqcRCinJ1kqtoSi1t3K9WhOlmxdsRIhSI6KmU45QCOwGhKoipUgS1LJFVIXSxhG1JE47BFIpZZymTJcImZbZWhIIVCKKgiLRhjEiCFpLQlKA7DSmtailiy4UFtMw0Kwo2VJFpSukCUWUiBCyGcfWsoWLIpAioiuhGq1NmS4lnE4nhHG2SXZLC5UukowopAjLeGoN41ZqraUrtQoMlsJEjYg6TmNOLUTt6zRMOU0REaVEKBCpzJaQOYUDAUStgKLIChVC4QDXrkhy5mpY9VET2S61pHNYrVtrAsIQXVcVmrLJTM4oqtFRhJ3N47Qms/Y17ZymsTVQ11VbCtVSaylCMSuldBQ8jathGMexBEFYStstAckS2Vy7DtPwOAxRovYV2UhguVMtXbENIMkhOYKu1G42A5BrLW5urQlK1FIiIkrX5dTSrUTBYYGIiBrVCmfarl3pulmbchzGUkuJKGZqKYfVnOCsXZU1TVOzp6l1tVORrK6ESu1qRXJmkXPK9Xo5rNeLxbyW0rJJQSaiuWVQajevHY5pbC0ngq6WRKTD2c06RQiMAoXc0raHYYywTURIpdYSCmwcrU3Gfe2GaYhgNp9bHoYxSiXbsB6lyGxTG9vkUipFNKeNmM96Ra1RVCq2IIQiZNeu9l1f+wIGDeMYKm2cZrO+m8+cDqfJYRgjnYYxu760zJD72UL21EaVYrKvXUSZ2tjGtFQ+8WM+zKkopet6pFpKYpu+dk61aVyt14PHzY3FlG29HkDDsB6nKUpQaNO0mG3MFxsqFWk1DDS6rri1NrXa1dbGaVil2ZjPoI3TmBYK3ACnsac2SJTam4xaInBo1s+iKIpmdaZSjVWilJrJmGON4nTLrCWsHFajg6CUqG1qgESTw6EoYWrtwFFKtja0YbVcSy6lIgiV0teqcBBZo5YSmZ6mUfZsPq+1GrU2Ta31tZeiZTOOUmspoVANtza1BCR1fQcy2FlwSiqUWmWillmpKgWnFBF1sTFbD+M0jH3fl1qHYT2NYzoVtXRyki1LkSEbAaXW1lpm9l0nhd1amzIppQR2OoKudCFaEsi4K1WhzIyoEeCcpjaNLbOV2lURUvM0rAfTZl2PmOxaepXqMBbQaLVUBX3tLMZhyJa1lGEcMlOWpdrVGjWd4KIatUSquWHVqq7rDKo127Qem7BJGqpB2jhKUcGQLbNlqUWlCGazWe26QE4jy6iEgcRuNqjWUiI0DFM6a0RrnsbBlgo1i6owbZwS4eYGIkpt01hKLZUSFezmiFJK2G6ZgRyR2bDHNmVOgnQO49RyGseWbaylVy3ptC0VSZkGyymKM40jCha0UkIllLKypRXU0gFtapnONAFBjQqys41TqX3t6tTG1pKICNmpEpkZCmgKKaLUqpAybQDbksdhamkpMCEUJdNkTm0iKF0oFA1U00ahiK7vwpSqUkprRi6lKoSxVUOllswMZ4lwSxsJICJotrLWaqNQjUinkEGSjIRwRAVlNiFFECCDbDuTbAjD1KYgoJHObK215sxsUSKilK6rgaIGrrUfphWNxWyWZpqm2tVmQ0YUwM6WrrVzm4RMiBzbVEAlomCiTVNa4Cmzj6Ia09RMqkTayBElooSkEJB2CKJIAUaKKAo1sk1OZShUBZCeWtYamKkNUslMBzWI2oGbU6aUUqRmhxQKpy2KlFMmhlQqW6pEKV0tpWUDWms2mUhJWigUyM0OhQWYlFGm2zSN45T2rO9ymqYpCZUa2CicTmhtCihd13V9aylFhFo6IoSKovSh9DhOaWopBG1qksZpatlyas1ZoxSVrusUCoRlZWse14NKVYRJEU6yNYmjo6PVOLTJKlJUhWs3K0WZWWotXR+ypVKj1IhSCoxtcrrruih2JlKUsClYUWRn0lq2nLI1KWxnttIVwZQt7cAYcsJKbKhVjmhTQ9HPulJKQESkUaGWwDmsxgRnGkhbINt0fSnRmRSSqpAzM1ugEoVwJlNOIVrmOA62nY5wkSI6Mw3L9dSytaaEMEa1lNoFxQZZKl1Xo5RAoHQqQpB2qMJEWlGx3WxNXdQokTnKQs5MQspE0ZWKlHbUUqOGQiUUEaUiMLZLiCKhiBIREUVCkqTMLCFQYElESBFiaim5RMkgc8KSioRNhCxst3QtiighNTch8DRNsqJTUSGilHDLMZtkSWOOAlmW7NYmR1GzM4cS0dWYWhMtaq9wRMmW2KWEFFMag21KlOKU1aJGREQWM7XWFIE8TSlRSmnjFLVEke20I0IREcXOaWpIklprbWq11L7risqwXhlHJ6NM2jT1tUodxQEOsk2ZjkJORhmKKJ3laWo1+lIKGEkqxmmiSKAaApnWJpKuVrBgPQ4epyhRSimzfjGbG2VmOovCSFh2lBKllqKWqZTd2tAQVUWSFC2mElFKRTHmYCM0rlvzFLV0pYtQnXeI1gjbCiEJbONSlCZqkJZCpciZspOUM7PWMu9nhBIQMs2ZQ7OMEGRrzbadmRZpZ7OdJksttVSpOEIhB7VUldJa66KkHBElIkKK0kUQUonWWlEEHtsAoaLlMIBmswVSwzWi2cNqbZospYrkQIgSCAnSUYqdzQRyyjmtxvXU6GdlmlrioqIicAkpaOmpTa2NEcz6PmpxZlequkq6RKiEUalRa5E0Ta2IVAYh0rJbMypibG1qKbnrqhXpFoquXygybYUiSiml68o0DYoqCyhRFGo5zmfz1bBar9cRxdDPZ12UCddahtVyHKdZN+vnM6CUEiXKJ37sR6VSCkkmnUKadzOVWK4Ox7HN5jObablaLVdTa7OuL30XIByldvP5sFpn0Neu7zpndrUqNAxrRakqSHt7e0dHy83FYmp2yyiSpISiqU02Uqm1A5dQRDFBKnFrTUGSoSglhtV6miaRJmalc0Q4EpxtPt+QNK4Hyaoi6bsOa5qm2pWuK6vlmNmcjlKw1sOqK30/n01TtkyllaTdMgUogyCMiIiWzpyKVEpnTwr3sxmKvs5rqUBrbRrHHFubxihRVAGcmWrZaolauikzAtCUGYq+7xUqaBgnEf2ih0inBFa27LuazdPUFOq7ebaMEgplawqlATktU7paIlpLi2EYs2XU2jKDLIWppaQkhcAhjVMblqvJE1BLmVpr6SnbOLWivtQCSjfkvqslgkgh2qSiWmtOTQrJrU0IMqPUvlYKxjaBa/SDx9ZGBSVqrRWD7JQwVhR1XS2lGhtLmsapZcqoRMgKhUIgBRmW29RqrSqRzkDDMJmspQIypXRFCpVSIgV2qEShqnPIbSKYso3rZdfVUoKQIjqVtCNKKeEUgBxSOj0ZAWmoUe3mVCGkUGBr3i9KVURdLBbNLSeXoKUVVolsDcCEFAorlYKIUsAQ2ZoiJGdrU5ukUkuEsEWaUChaNjtDZMtaIyKKoqVLMOvn0VUlFooQOMlmy4EiNGUqU1JEYBNM07TcPxinIeT5YmOapmE1UF1qkSRn7To7jaKUUHFOgBROgyVLighntrFNzpYZktM2teuNVHA6glBMrYFVSkRIaalNDSAK0KZxahMYJEIoikDNzenW2jRNs64H1uthtVwdHR2FtL2xRUQ4Ia1wS+cEChUFtVSTrWXtqkLGQUyknKVUMCikKBGSiKhVqKu1K5USpXQlSu1ryxbElFMbW4lapFp6BIpQcaZRSCYtl1KE0omRJCkkt7Tk5tYcETWKcdd3Xe3tbC0DIvooAssqUu1rKaWWWkpxOnFIadtIWDGO63Tr+h7jbKujpdMqVXKgEgVJEaULN2HX0iU5DqObVSNCUUrf9bUUFMLZ2qybGRsEdobU931X+1k3i6hRS1EJJJSmhEop4zSmCSlQCQklBnWls0joSxcRlGLshFRzwxrbVEvBTG06ODiMGrUUIZUCibN0UWtfotSopYZbTlOTqKFxGCWVCGdmywTjKCUiMrONiVVq6UpnIam1VAgR0VmWqLVkpu2udoDtKMVmGMYpp66UkKySpJJSC/Y0jUYRFRLUJktpg1spBZy2SSgKVAot18MwQVdjmkak6AqQmU4Ll9pJClC2aRzbuG5jK12VAEkWWbpae42rqZ/3XT+zJafCmUgJRYHE2AZDUUQoIgQtE4QTCSFCRWo5TC1KDMN6XA+Eau1qLTVESgrbpCENEUq7TZMCRbHJzAgQbgZMCmRQINxaZqqUCAWyStfVUkpmumUpRUWWAUiwbWfWWrAyTVDUGTuzliIpodkhSonWshTVrsfOKaeWpRQFU3NIbZws41AwTtN6GCgKKdJOtzahqF1tbVKgKC0zSpQoCkUJJ5AREjKOqASQzpS9u7t3cLA/my1aZia1RISmbHYKosh2G0YV1b6WUpJsrRnVoiAO9/fW46rvZ6WKJAWJrFLKME2ZLUREzXSmCwLjphIlws5ApZTaleg6mhWylKkIT5npxAhm83lVWQ9DlUrfZRuxu1ptd7VIsR7Hlq25BZRSHMKOCDtQltKpqI2ZaYWckxwhZTqqa6lRQ9hERKgRRSqlgGnT1GqpCpXoINvkbI5KETZtbCJr1BBtGMdpbJ6m9TS1ScJJtgkSVFWE7MxMQ42C1ZylUGsvIqWIkGWnnaVGyIEotURRhDMjQlJmYtvKYb1ercf1mM0SwLgaNze3+q5bThO4jU3hWkpiZ0hYTGNrU+tLnfd1WA2ZHqcJqyu1tSYQGtsUputqlKh1Fl1BSGUcx2mauq6H7PquljqNk1FEgNIOKQWZctYogrC6rkYUT4NK6WZdsabmkGwv10Nro+yotUjrYbSzwDS5TUNrk6DrZiGGMaNGKJxNRO1KsY6ODsbmxbzHNsz6edpBOHM9DE6XWmp0kJRwunzix36EiGEa3RrU+WxWS7eaBk9ZIsABzU1S1/ehcv7sXavVet53Ck1Ta+PU1S5UWk6WwMOwcrp23bzvgWyD8ebm5sZic2xTnfdd7cdxbM4+6pRNUboSSbRppNBadlG7WjMbuJbq1oZhiFKmqbXW+tLP5/2YuV4PSQYoSlc6SLDtquhqH0UqAVlK39o0TlPt+hKl1iLRz/pae+NxGkphGqcpmyrTMI1TK6WCWst5Py812jRFlCkTJUS2tOhKjdDQxnEYFapdN7WpllprlULINrKJcWrjNLWp0Voqc0oialcycQkySyklSkQ4HSUkhQJBepqGNjXLkDYC0NjGUEREOkuttdaWGVJEkd3PZoUSBSeWIyJbjsPatFJqV8s4juO07vvFvJ9NmbWUWqrbGBRVRdE4ZQlhTy1bm2hu47h3sNemxDkl6axdbVNTxGw2a+lszWaYJmyQCs60nSkVIWO3lq017NaylhIR0zS1NokSERFhIATpNBRF1NolxkTIlmoNM40jQFpFJZSZ49SihAjTJruo1FoUEZJbmpaoljDpyZIiSjZQK9GVvnalTC2NkUUAadcSisB0tSdUSkkwjlpqrRG1FqHIlqVEZpOIUuwM49am1iJUokYVhBotJ0Nz82QJiBolQq1l7bq+qynLKl0Z2+hsCU5HUS0VqLU4aW2KIoPdcmpjS0UUFEHiCIWKjUwppTkDRcTYWohxGPYPDmqJUqLWbhrHYb0ihaFghC070xIhtdawuq4WkbKyGmc6VKKGFF3XEWQz0PUhqSqcNiDCIMgkVEqRwmOrpZSuyo6QHbZDUoTTWLZTWVQiwnKUYqsrpXZ1Npt1tXfkar2eciqlqzVam6YEXEuVKkonkhCJMaWEUJUkGhmSap3G1sZmTCgIiiAsSWnSdkSk1dqoUK0xDRO41A4TKFHLMUohIjIgQSVUFLYQtp2AM7M5S0ApIZHKTBVFgDEo3Vq21lQiorQph2mwi4LMVqNGCamUkJKpZVfrrOuiME0NUfsOJ1KUEkUm7MQSLooM21EirChRooYIKSICHKVDzmwplai1Ri19hNINY2HnOIyEo+vSGRGI1iZlhJxyUUGMbULZ1TplK4radbV0pVaMDNiBM0uNPsLCmUeHy1rU97NMWk5u2c9nRuv1etb3DaUV2MitYaGQEpOSbLd0oVghYdo0jW2SUKkqQlISJWwJJEpEpksInNkUMU4tsZtXy+U4jvPFvO+6lJWOElUVmIZRklRqMGVmS5FpRUSUIkUoCLk5FEUhu9kmA0XQnLXWUmqm3RJRSlEpgcZptDNzWi5XU2v9fG4YxoHMKBHhiG4YBksRpSgyUwYZY9nNBBFR6DJtUhG1Fk+ebGdGyJlIISYnJnGJqLXvuy5C2JNlEhGgKCkhhaJlZrYIlVKnaUKWNDVLhJTG2GQXpeWUdtRaiqZxQtjObKSdTqnvOkUNmXRIzZmZEcWANHkSUUslKCgi7MQuUYxbawqFakQIlVkVbpnOLBARRhgDqNZSQiKgtWk0RlKA1bIJdbWQThxRhNMhG1RKlFItlVKqotQOVGpXa5nN5/N+ZrlIqkWpdJJZaudstdRaa7NrKelMu1ZJpZQilRLq6qzri3EzIaWbjW2EIoDadVObhEsXzW52V2rabUrVECRSc7NDEhrbqFQRkqJErZ1No9mKwjCMnly7vmUbhmE2X9SutnFMp+0oVSVaUiOi1FrCmWl3XWdnaykJRV8KNYqwJcmSJOxxWpdSkNo4NZrTsktUJLs5lW52S0caoamljNs4jJNzSjIbipJT1lq62jWMQ4o02VqtJXPC0XU1StSiiJo4MwkXVWdO05gti6J0VQqIdAMZTNopxTQ27EwvVyt1Me9mUYvlEqq1tpYFNbeWYzZKLV1EKV2pEWRzm8ahBBE13aZxBJVaogSo6zqVgLSbFYpO2TItVCIAZxZVBVGqTWKhvta0pza5WbKxrXGasrUGfa1pH61WEqRVSmsTVld7R+vLLCgKpVtrrUQ4ncKWFCXC9jRNU2uzUruuG8b1er3qajdO4/LosJaIUodhDeztXcpGyEerVV+7Wd+plJaDG6FoU5aP+agPCUqbxqm1NjWM8Xq9Uon5rCcKYtb1XTfv+3Jpd3f/4ODYzvHZYp5I2aapdTVSGaiUrha1cSolNjYWB0dHR0dHlvp+trW5fXh4uL93EEXD4Wo9jZktSsFRJBVFRGZWIkWbpiSxpZA0ZXOazFpLN5/385ntaWjr9TrHsZQStWQyjEOaUpS2RVerM7NZgXGtfS0hoCBJVpumli3xvPZRijO7vp/1swhq6SDb1JDa1LBLKRFYpZYotXS1ZsuW2doICBBtamAruq530MaWmbWvVRGlFGl0q7XW6B1ATNMowAzTujlKaGppUwSR0zT1XSVKawkoIqdGqIuyXg1935XQNDUw6cxJAgyApjZGEeSwWoNrDTtFtR1SKWrO2XwW0eGMqM1uqNauL1UowjIo3KbWUjB5tLNElFJnXY+YpnG9WpVSa+2c2ZyyQqGiEG6OWjLBWYqiBLaKotRQlFJbptO2SymAkUqQqESopNOySgick0CKIoU8jg1RStSuE6GiNjJNo53NIxCmlAiVdFoYYQpBZC1VEcPUcLZMkuhKUbQp2zjZNsgqNQyKUqKMOQrSrU0OKLWrESC31rKplEynWygiIkoIqQhUu66WbsrJBFhBZgOD0inUdTUigCKFqtNtakRERLac2mS7m/d91ylklcwpW0uMPWW2cZqcgbq+s0gTocw0CoSkKKSF07bbsB5UopYStUQpoYrddX2d910tSilVZlVRSi0RkZmtWRE1qi3bJlvmOE0KSsTUpig1iAjZdnOpilBKgSmKkAgUtRYljVZqqaVvmTlNhGpRqEZEZhpP01RKVNVSimrYzswi177W0pUamW21Wi2PDkPMZ4ta6tgmpiYxrAc7x6kVkUlUBZIlUSMSbHKaonRVkZ7aNNa+tmFsObaJEIoi22lLVZ0BO0qtJVpmg1C1s2VTJGiaBmEpsjVFidDk5kwDqVJCQkUlKlIJtSnX65VpRZ0iMAKVGFuzW1f7gDRChKZpJKWIiMjWpjFRm6ZRoa7vnGQzokTBZBrAlBICBDBk8zR1fVdrJQCnW2YqsEm7FEBTm7JRwMppMs6xJQpDSMglSpTwlFLYdmbpaymRlBKRnrJlSNHVoiAkYydSKFprKEtRWJmOUoHS1XmdzRZzyW6TShcoFIrI1kLRdRU5hBQqilrkFDG5lRIlAkqUkm5takWy6Ls+pGyNxJlJAl2piJzaOAxgSggVKVQSldDURkQt4Yi+mwVqbqGQABJ1tUaUxGTrSlEt2VotEaWk29gaJiKsBDcI0ddORSJCoRDONCUkhAiHpdbGItWuGuazza7vsULKTJtMVGuJArg1pMymKAKM00AoRJjW3GwhgOZJUomIiMwmVKLKjlCtte/6vu8nZ2baatMoouUk1a4rihICEJmJnI7I1hDVmqYxFJIEoVIjEhvAXdfZjMNaKsbCqQhhu5Qi2QYBIKclOz0FERF2qhScOTXVSoCLZCxhoSiROaII1FqO46AoimIQjhJFKqUYyKx97fqZVJqz6zo5EM6MGoqSmZ6mGl0UyUhGQZK4TVNrbZzGaUyJEqXr+6ghqLVrk4dhKKUg1RolSss25dTXWVf7NKVEm0Y3Rai1hk2gCMvZHCA0Tc2TIaOEFNlaKUUgWVYohDOdNqAIO4QNAZ6yORWupda+TqNDTG5ks6OGQnVYD8ZSklCYhnE9DaWWGsXOUkqgzMxm55RYpUQEEa21iKhdJzO1KRxRotRiBW0isTxNTREqIUw6Udd3Cg3DmowIpOj6rutqyylbFoXJ1TCslgdd15XSRy1bWxuzRU9qzOY2iSyq6Qk7SrFKV8vUMjPtJG0r5FDBHtoUotbOINRaQhuHASQ5bSzJhFRUa43QfLGos85IUEsxpN3c3FxKLSHJhtYyjDENpK52iFBILlFqlFK7WmrzNE3jehiNAiEZF0UEmZYg6Ps5pKeMGhHR2oiwnVMb2gjRd7XUILPrZqVSokIbx0lRIgoi1KUnFZVSQtVOQhJuLUqJUkKqpUREG6eWrTEGXakFqXadhJ3IG4uN2WwmYzHf2BzHYVgPgtlsForJTdDSYIUUKp/4MR+VoqjMZvPoqlsznnV9qXVKlyLhnEA5Te3i+QunTp645tprprHNaqeoijQah3G2mLdhbG5tmKacpmlaHa12NjZq7aL2tRYCSaFQUVerSt/1tdZa+z7QNLUoiq6CpvUIilrHYVwP66B0tdYuuq7LaRqHZhRdqUURpc5mTk9TI1sU9f08SRoRZRyH9dhUSyBnUwnMNE1uOU6Dg3CpobRbOhQqEJFjEjbUKFHKOI2KsDPTETG1NrWUYpjWtUStpXZdrV1JKTCkVGsJlBjouq6WEqVIlFr7rh/auk0tREgJ6exrKaU2T8YiosipzIwSxaXU6Pq+qLRxMk2lQ2S2dCMiIHGUMg5DKVG6zpmZLSjOdrhclii1dC61q51kp7t+Fi7OFlGjBJJNLWHcGpljKT3YrWXDNEJ9180XG32pKZcayMO6lb7vSm3Z2tTsVIlSq800tdbGiHA6IqIrw3q9Xo5drSEZIG2gRUSJEgopVBSilNJydKOUUsERbXRURUglmrFbjWIpShTFNLaotUiUEhBS1A6UAdlaZoioNd2chJ0l5IwSJiKyNZozyXSqqCBM1FDibGmP67HUotAwjF1XVqu1TaBsk0oNoER1ia5YZEtkOSTssFqmhWxj19KpKiKKIko1ZJtwuAgSZ9Rig6k1wNM0ZWuZbm1q2SLCoXGaSiklVGudzXoUEZqmRjZF2CZNSBgUEQqls01WuNZ+Np/J1K6ULuywFChKtJaQtXYmRKZpOZUSfddPbs6plmoy27Rar0gUGoYRiK6GaNM4tknIiMzWslCi1JaJ08ZAukRITFMzVikRVUpsAEUEpRYkC9KCcDSnRKD1ajmMQ0TtQrXWaWpHRweCWoOoEqUvlYi+ZLZQqbWAFSUlFNmyTVPmFFLt+oBxGiY7bZFcEVJEZLZwjUJEVyKiZDqkWpQ2zlJCRTa0jBJRKhgDRMiEbeyu1ihFJdyQ7PS4XkXta6kIgyJqLaEaIUWkLdx1nVBrzQLIJAJF1NIZMC0TSVK2SSVq1xmBmienILCBlhMoIggpLWMJskRnmIZVZpZSjUG1lDZNACGnSsUBVi1lGidJUWu2ETBuk2sppRS7tcm11trVbO66zs4p00ghyEwT1W4oIiJzai1LKApYTjciZBVCVaG0s7nri6xQGJcStZbJOY2NdNQCWM42pR2lllpKKUjTMFiuUaQCpDPkhDZN49CiKqhgCwvSJUqIWruumwW2jZimqU2JbFNCUzaZ0hUlCYSQnVapU5uyZUiGTIfCbghCssKCTAM4s9YOnJkKhck2WaEopdR+1qPATbXUUtOtlFq7rkaNQksA1Sg1suU4jUihEgERxiVqlMhMQFJIxqAoxS0nT61ZgDEap2EaJxtwS5eINjWZqAW5DQ2BFUIh52S7RFFVZmZrEcXYGARWCAJnidqyuVkRKhGSFApNrTU3SaSbEwtDkImkKAWHyGmcgCi1UJJpyixSlGLkTJBKtJZpl1L6WmvXARYKDEFM0+TMiOJ0ICMRCklyjYgiQ5scpZ91KdmTkQIkyaVUWZlJKEq0aZrGMVtG6UotOU2tjbWrSEJqiWgtcVKENbXJtoIoNRRRQoocRyddiVqryZZTrTVqSFjuak0QbuC0oigQ4XAoSqkmMydJNeTCOE7DcpVtwlGKJNVaSumyNRSyVaNENJuiStgex7FE6fo+IiICFVprbopQKMBGthS162Rna81JKFAokAQRpdaKYmpDiRJdZ1tIqKVLBHIpRSIUQDa5ufZRpFqi62ez2ax0s6gRUlGdRLYhM6PW2pVsdjYRtZapjdPU3JqiqoRbRkREbTlmuqtdrcW2m0sNZ0aUbJNQRGnjoCgqEVFCoVJxrlbrIkURNoq+r+m0XWqtJbDcSI/NVJUoYVuSFGkbprHVEhFlmEbbteu6Umsttau2WraIcEQpmppzmgwQFE3j2KapjQNEKAgFkpCj9P2UE9NU1U1tXK6OZrNZ381KV1GUmnJYImnZ0lNmC6nWIolkouWU6YwAqY1j1/WlK62NbWoWpMEp40R11tXZbLG5tS07QhubmxExDpONQhElp9FQPuVjP6r0RXZC7SJKUXPUWqLLbLXrSqmjWyiaXUrpZt16tRKKTtmaRGvTOGZrU5vGYRjWy1Upsu1QrTMULaepTbOuj1KiRjeb9f281q7UKpGZmdla0tJWkSNKBLXUlpMUJVBEKRWiRli0Ntnuur6rNbNNU4tw1NJ1Ha3JsohapKiVotqyZbaISk6tZURElK5W42Ech3E0LrVE1DZNU46tQUStUUohkMs0tdKViHBLT5OhlK52Je1xPY7TqHBLK2JjNpdjPY3ODJXMNk4p3DJrqSm3cZjG7KLWvmLJLUoXEW2cQkXhTGdmqTGO4zgNpZSudDmN0UdYCWG3dJumWdeVWhG2W0uDbZEiSi1Ttlprrf16WEvRddEyrHRLm6illC5KycTOUooMMiHSmHEa1uOSZN51U7ZpGJsb6am1olL7vqtFBql0JdukUrrSp0cURaFAoSglyGE1mYxSDBI5NYlSiw22bWGQCGFCaVcKRaSdrWVGCULhVBTBehxNkgzjUEK162oppASUCDUMqCgklQjSwzgawhkEjVJka5pWJWpXAiRCkBFhErfWhMAlQnZCLd3kqUh936nWrpSUhFu22hURmWMQFAdSMI2jW5YaOFVkmMapTSmoXS0gkW1K25kRVYTdpmEtSjoTBCKcxllqRCjTfSmgUnsRIZxDThldV6RhnJxpKKFpaiaNSxSTtXa1lBCWuuhKKYoI2yFhyzaYbEkA6VQt1WmaiSi1CEcpfVdr1FJq6buu60KeppbZSukiirOlW9oREZAGqZYAE0V2A9ullKIi2baxpBJRSjC1YRpbS4EkQ2t5dHRgq+t6LIVr3826fhing6PD2XwWtYsSfTeLojZls2spISVtyikU2Wg5KYmwVDMJ2TJWUQkhqdROIqLWqoksRMs2TVO21hLhCNmeWitFaTmtWm1qkcCALSLBzogICbs5laFIIqqKIlprCjDYwi0tKCUiws5sTK2VEl0U223KCKJUTJIiahRKgCWVWmrtsJyWqCWwW5ucqaKiKALCTmOVIlsKhQTptKmzvpNKUYkaJbqu2mSOUilFmY1UZrZ0EbaHnPp+ZqeRpGkYkUtXwKvV2s7WmkxX5KTZIrHHYUAqpdjpNo3TJKKrXWYzHscxiCgxTa0rtZ91mSBFMGbLTEk0TdMwSW0YM6c2tXEcsrnvOqTMyc0uWszmpURii7BkKwITJWrpVBABka21bJkuJbpaIhRRsrWxZRCKyHQEpatpcIpIcpqmaZpySofdLKmWIkXiiJAiW3MzKsbGJWpzYqIWcBBO215Pw5hTV4qUjiilBJpa2gmWQqGimqAISXY6s005tXWodKVLp0k5okhGRW6tRCFQqV0pEaVTjJlukxSATZKySgnbNEcERSpSSKE2TutxMBhFlNrVRBJRoihALdNKsBwhDKFwtmwtSpHCIDlBDkJRIt0iqk0bGwiTnmrpgbRD6bQAcERVyXRgDKFSSiaES5TMbNMUUkSJUkDYJQKHbSuFg1AJO6NElMjMlq3ZBWW2YRyJKKqGIpmIiMhANirIckildAiQFV1XFUxtspjNZranaSRzDMKKEs7EKvJqucqWtVaczrTJNqazm/VS2KkIKF0JK9o0kC61TGNL2qLOVApGyE5FhAp2lJKWIBRBOL062B+noev7iCglckrIBuQ0rIeIMuu7bA4RVYGKwqGuFkWRlG6tNaG+6xWSwi3HaSylhOTEEUIhEZpyUsgOSTaBSpTShZKICpkkbrXvw1G6rpQusyUplVJrW49dP6tdrbUXstSGYb2enG0ahpbZ166vHSpjG8G11JbTahxKiVJqP+9B6ay1hmIYRpytNUlOIxu3KQPW01olulIUMQ6jJDcTAMPY8BSliwgyba/XU1FEEQoZ5BIxTalQLZGk0yUEkcOQ6VLLalyNw9TVqtpJaq1JIUVrjdaiKDOLirEAVIpCJqm1lNpPw9CyOVO2ujK1cVith/U6FKo6PDyc0ovFpgqAac5AUaokItVoanR9B1ouh2lch4SRFJRuNhek6Wp1umUrSJFHh0d2jOvx8HCv2a25FqNSZj3QskEK+r4WlSlTUD7uoz+8KJIMokSR3dpUS7Vba5mtCWZdl2kyF/OF8HK1XK9Wy9Wq1FJrl/Y0TSpazGY247jq5/MuSkvXrpYSUpRS0zmshza0UjVNDaed6/VIZojWpojibFFKiSg10raJCGfaMU3TBM5EIqJNk6D0db0aoqAStRYRY2vOSQJcSgEJRCpqZpumCWetRQpnQqKIKIESy2lJlMYUpiiw004m2SVqVaE4SnG2UJRS2+jJk0yz3TKilq62bDk1sCJCGsa1baESsptQLRXJwgYjtDxapt3N5sKEgAjZOU1NUmvjehzCEbXmNKbcz/vZbJ6otUkRSlRiam0ch64UFCTY/byPiCi1lDAqQYnanJKwM6dEsi3alC2n0lWSdNrZdV1Xur7rowoSKSQJS7O+ypkArrUqoyUhat9j9X3f9QUiMeApa1dqKYlrqbV0zRmllFKwW0sVSumiUCJsF4VqVYQzk7RNEJKsNCG1tDxlUqKWUpDDQEw5DeNUopQSQESEQlKSbWqyVSOiOn24Oioluq6PKhQREY6oyjS4RDGesoVKV8tkS0QUBTWKaelsbWpTZo7OhJDDNqiUQJKiljKOaU8I2yTjOEzjZNui7zqVIqk1TOtKUVFrrU1NELVEja52Xa1gZFuShIrCYFuBhTNbZtQaFEK4GXKyQrZbuit9hEoUktFTZCQtjRMkIclSRClRwk6nSwkphKdsLaeEWquwDVFKBJB2pxqhqbVpnErpSq2lL0pPaUmApFJK6YosRBRJknGq60LS1FpmlhLImc5EIadpFkRESLWotUxca9RSE7U2KVyizOfz2vXro8Ojg31JUhACQAoN4xSKvuundJHGHGvfz2azNo3jNHVdh0upqrWvXQ8+PDySBHKOik4WmUSIljKJSpBtSqpkS0FEZNKmKXEohFu2bO66WiLG1rJNgCKEkKKIhkSEaqkRmsbJopQqJMvCbYoSoOZWu9J1nbGQaRaWmBICSRERmloj0yQIIVP6CpEtLREhaNOEQ6EokUm2LLVGSIiIYT21zGbSLqVgS3S12Bg5XaqmqY3jFBBRaq2lFKGIKFGFlcZar8Zaw0ZREpMqpYQURUEgMgG62bx2XeaUSYmolNqV1tLOqCWijMMErv3MmTllKRFRiFJLCbk1l1qBWtTNZ5BtJMmCIkrDw7AOIjOnqXW1KLpaVLteaUkhpR2hbJmZUWQQoQgbJKdrV1szoHTLlKQIIacdqgouCyJCXdeTmTkJUSLsaZqwKREKiRolszUyAtttNdpjm9ymsZTidGtTukFkM7iomzwVRSi6UhJnm6AoopZSSudMkgwp0wBhOwJMkXDkNK3HtVtGV6NG19XmJF1LiVIjsKhdybEhiRA5tiyKCJAiBBLYCGGrRFEtpdYSBIic2tiajBRRokQobat2Vc6QZAFgYaRSS60V0doUoXBEqQikWorBORkjkagKE7jrOtLpSSjJKRvO1ianokZIWKWUBoJsOY1TdB2BrJaJkZjamONYopZS5My0AXt0QzLO5mFYT+BMp2vtigQC3GwMkC2bCZUIjEIIyJbGWWsnyc7MBjizKESxGzBOTXKm0w0Lu5QiKaJEKdM0poEc2yS5lGjTRGuyqkwUjOWuLxtbW7XUNNhjTk5ANg7b7mpX+2qiqLS0jWq0qdHsgCYrulLTbRonS5QwyE5CYdkStVaD29TS2VrLlk4kZCU2meM4tTCoFEXLJltRWhvb1LpSu1rX49qBs0xtyEYUZTqkKBqGITPn/SxtIJvBiGzUErXrKaVGOBtRyMwcp2G0I0px2pJwa5lOoa7Wquo2UdScmK6rzpatRdCaFdF1tU3jwdEhmbXvZUcURUg42zS1xXwjFOvVKiKkCKSq2tdZ109jK4o664qxXWtVLUxWCEmApZBEV0sUbNpkk+M4CXWzru8KTdHVrs6mqeU0Wiq1dH0XtWxubEStIsZxTYaVZJOjtbRsK0qpKiViaqMNCuGI4mzjNJao0zSux7VQjTK1ERVn1i5K13W19nXe9WVqLVEbx2Hd0tn1nd0UtatdiUAqn/jRH6Fa3DKzKSSptWkYpiiyWzojiVrsnFqL4nTOZrOp+eDwYD7fKBESUUopZWotTJl1XdTmZpj3c4WwajA146REV2eEW2tEkI2QMw8PD2aLjUBTm0rXu8mZXV+7WlvLRubUIqJErNerWen7WR/SOK5VS1WM4xhRrMQGTZlCJA0UmFIL0zSlqaUrUQCCLioK0RSqpZYSWEI1ikopYmyeMkOKKKY12jQ2bAOSUHTRd7MSAdHNipNsY8vW1a7vulIiopCUKFELmGaidKU0EquWkEgbXEr0fZfN0zhK2BmS7VqqVANKX4TaNJWIUookbGcDRSkhFfWEiKhoaBOm63qbkGrfhzxO2TJllaJpmlbDAK6l62qXbRpbliIhmRK1lIgSjbGNGdFFqV2pUboaMYxtaGMmnpjGwUEEUkzZZCKUrQHpViMI2piEAolIT9PUKiVKTbeJ1qlG0BqZtpHtVMtpmtIoWyIKBZrtzKllKypRS05TlFJKbcnQ1tkyIkJYEcKZ6YYUKKeMoPZVBLbSpesoCkKUwCoRIVmZaTuokgMUNeQoMY0mkbI1T+OYKdOclqLvOhVkR4gogmlqmVm6kEqpJVMtx7Rmsz5K1FISZ6YAsI2UaYkSYYhaQ8pxMlPLlKN0pZZiZzgyp2FqRZJpmYk6BXJrk01XO6DZ6VQ2RbRmyYZsdrhGtYyUmcO4mpxddFFiXI/DMM4Xs1LqNI6r1bpNjXRmYhSy3abR4BTQ5AhlZiCVcDawVGuJ0teQ2tQsJDVPdsoRxNTSHm0pZDAOBVjINFshgVVrKaXZSF3X1xqhatKTkYMatbTWwMM4TuNYupkUIZUoZFtN61K6vs5SWaI4c8ipL72zHS2PSim1ROakUNoCu7U2IGG3dIQipFJCMrIxKiG7lC4wxqWUEmUc1g7RKBEgiYBSA5Mtp2nKTJykay1SRA0Uma1EhJS4SAKsCeNURI1q7HRRZ0B2GtUCLdO0KJC2TTqCZgJCEaoCl+Jsza2I2nVkpi1AZGYYi1q0HtrUWillGKdai7Az05ra5EwTERERCtfaR40QihiHqXSlEtM4tLTkMVubXIpKVdd3pVYkp40VGCk6uyFbomWUYnuaRhtQkk43u5YopWZzhIf1ELZqUVgukhsuqNQuivpapRqiKDLTIhQ1NCakkSJQROZUahfhzMxmy7abWyi6vkYJyUSRNUxNQWuWiFIIaNgOyZCtdV2HqFWzOiNCoSJNzRSRHtsURVErNgpDAgpMcyKGccqkr51K1Foiit1aYz6bKYQVURQutaZBGKY2hcLCaYVmXaeIKDUiRJgM5HS6IZxZS4W6Xh/t7++l0y3TU1f7Wmqm+ijG6QSXWiSBDCSyopRaopRS1aXJqYUQYSfO9TiViKgF05xBsd0ycSJUFCq1FKOuysR6WItQEdDGtJtQRAic2JKiuZVAUgRYY5valLV2UUJ4Gts4TU5jIEVQaqfAFpLUla4oMA4XikkpWhvbNEmlSIqIiFqLRDZHlNr1tRYQklsmLWlu6ZYtJ0m1dOM0TuNUa621tmyy7SxRLNKUiIhSohCSaVObxrGf9ViBEJhS+wimNnV11nJcL9cJUYQQAiONbbJVFMA4TsMwdl21maYBq5ZozaDoS5RK2p5CDgcyYDKtrtboal9rLdX2OKwl2QiiUGs3tSZJYlhPJbDkHG1sp20TZjbrI4TcpmYIBUiRJiBDqrVGrQHZrJCEKThLiVLq2MY2NXU15DRuTluiRGRrdpIoUgo7BShq13WlZNTMZmfpqkIg4a7UUorM2KbW0nZmWpZKFJV+FkUFO6IrFWkY16V0xo0spXalKyFL0zCFZIXVAnnyaloNq3Fjsej7GTKkgsxcr9ekSxc2k1tETJnDei2pRFmtxja16EpE0CzC2CYCRZRahCgIYUqpzbRpKqE25jROkuusI1VL1FrBdpt1teuqIqpCCifTaphymlprQ1OUtI3tNg2uJWrEhDPc1dr1s4KiRN/PmnFLVRWFW4YoJVpri/l8aj482F/MZv1s0XXl6OhoPbS+n2U2yL7rnZ6msahmyFMC5RM+/iNK6ZDGYVivV7V2djhbV7qonZ3drIbq4dERyr7r7KmL2ndlvpgv5puyV8tla+5rd3h4qOg2NjZMGtVaxzYdHawoJUpnt6m1IlAUUEQEohaVrhRFmXUzhRL3XXUSAVKbHKGQFYGotdaQIRQ20zTOatfkHFuJqBENpIjAKGklFZJtQ0QoapEJpZAxhLBQKX2pabWxqRBFtg04S0S2CZEmLIISJWp0tVuv15kp0aZWimb9hopABmyVmKbJThGlixIhMaVtJ4zLVSPlsDAWAQWQLCRFtkSqpU+M1PUdkFO6RkQM43q9HJpdIkoIhUnbJTS1FqVUdVbakdOU2WxPwzBNrXmad32zUWwuFkBmozJNo9sUipiVSAhJmoahTbZknM2WQkEp0zR2pfbdrOW4PlqWEqEaQZuaMzMNZZoGp+wEtamls3ZdlBjGoUanWnKanHRRKHUch1qkolBpZGvNbUKERDiihNScmHEcp6n1s67r+sQREdWkwRH0XVUJpZraNE4SQiVK15f1MKgUORT0i1moy2mAjNqb1trkNKhNUy1VWKJhyFKrSUQpkUC4ROnns76UUCGiKFqmIiRhKSSEKVGkcErKIGrX9V0vEV14arZK1FI0tdbGMUKhSLtNE5mgKTNbJpaQwJHOqGppO1vmNA1pG6TAbmMbp7ELRVczJ2SnIqKrMbU0WUKh6PpODStorWVKCkWbhvUwtjaV0smeJpBns1mdzWSVLkSxk6SqRAlVFZQtFQJFyE4sy2ljTIg0lhUQpWa2zKYQjnRDgR0RLRsooagiKQgpIrK1YT2UUmvtFHY6VEpXaikN2tSK1JwRZWd7p/bVIrNNLVtrUxu7UhR2o5RI0s0RMQ5jFM372ehGc63VWBKpUkuJWkO2u9IZTemQbStEglwDSgGGaYhQLSVxUaldFZQaEITlYtI51dJBwVlqwcJGKcvY5JjGjggUQrhNLXEaShQV2Z7aNLUM2WGlJDntpJGBotScMtOlRFc7yIazTdlSpus6hJ3ZUlJiIZsoMmptjIhZN+v6UmuHiIgcx1CpfZc5Og1GKihbK6UU1YkUUSOanWmV8NhISikqIQLTstlK49ZaZkQ4U1HJHKYRN4SsKIqIzFTErHbYU2vgZq+HtU2pHVHBlto4tpYipUpOlnG0zLQDOVAUSdilhhSYiECepgQhpIzaTdNkqBRRCGnKcRzGcZBK11UhOZ0NQFlrhUCC1tKSWmvjNNZSSykIZTpJN0UNbKekEqVG1FpaG90sRUhdVxRBKkqptUtTaxAutQMDNthtMqQgE4VAdiKJqiAUmU5P4ChFKpBK0tla1kK2HNu4mG/M5gus2netTVMbI4QEpLMYQ2YrUSzARUUlDCQRWEQJoZY5jBN27WcBJtPOTNu1lhIi1cgCqRinASrKaT2UIsDGWBBSRDQ3oyJAITkdpRgBAuMakUkGcnMythGBlW6yBFEqaBwnwgIi7GwQSFLf1Vq7iJimJoNEkJMjKKXUWhMr6EqxSdtOjJwtXUspNUqEMaZ2BTmzpYkoSBEhyRAUZNtplyi176ZxROq62jJLZRinvd1Ls3lfa5laCwkpFIoQ5JQChbAjaHYUlailFJWIWmqpmS5VTkg7jT1OY+bU7FCBoDlKLaGxZQpaDsPY1W6cpvWwHtajAtul1lqrQhERCiGLkLpZn6ZNY6gCgSCRs6XlEp3IbEl61s8ktcyuq1JJpxSBWmuKcGbfd7XOSgmbRmbLBBrjONVS+i5oGqZxWg/TNGW6lo5aAmdr2ZoUtevAaasEUWy3bK2lya6rNbpmSwoRKGrJELYMpjm7rjilKsE0jG2ajEuptahGLxSBVPraRa3IzjTKbClXSpRoVnN2ql2N1gyqtaQbCrspVEKoJG5tMpIUEoWcprElzqllgEp4StuIfj7rapfZprFFLZ6sLjJbJlEiIIi0I8p6XGPPZguKMluEaik0TFMJBJlJ5tQk0m5uStlZapRaahRwhKzELiqr1ZEoi9nCeByHWnqV6IqGYVBQ+9k0rGwJr5dLlShF5RM+6qMi7NbW6/U4TqUrIaYUcglFBJmr1XK9WpYSpVSnlsuD1rwexiSxur6f1X69XkYttYtpaOthHdEtFnNF6frS1w5JNrbQMI0tPaVzmixmsz7oICy3hkhbUbAjFOO4mlqbzzaQSkSRxmlcr9e1qyWUGUMbi9XPZuTkokKJUJuyFMlSCWc6W9QiyW1CkmQcFCnSIM+iK7XDjUogyePQaldwIE/DlHZfegrzvncopyxdtW1bCkXiyGzTOExtFIoIiGkcp6k1XAhDJgpFLcJpiqKrJY1MRCQ5rlctiRKeNLlFqO87yUUSEnZOzqQRpYRUSikRNgpl4szJOe/nTo/jUEsgj63VEjbGXe1K1JRDRUUipnQhc7IiogRkqKbbNLXM5tbSti1CCgsjRakliipyLT2lOImKLAlCXSkSGIKcpimJSJUiSQGoRMmWTY4StdZs07ieopSur2m3oSmIWrpaoJRw7fqQMmW5lGIzn82b041SixzGUtRSVdTGaZomUrNZLbWfpmGaxtYmiBphCYsMhcZxsBQK2WkhcFhItExJoUCaWnNTYlktHUSJ0qac0kXhTENREFotV2SWWoyczXZm4jRSKEJKUmRrU/Ns3gumnEhK12GmaSTdz+YlQrUEItKolJBDIYmgqqpEaW0Speu6WjtsWaV2ktY5akqTpVSFuoiWkFmqpnFcr4ZMT61lTKJ0XV9LOK2g9v2sztIZilKi9qWWEooAI+OCFEGA0y0NKgqBSgmVLqQoZsrmltHXqCXHSZKq2jhGibTJBAPgEoLIloogs6UKGIRt0jY2LlLLbM1dV0FRg0xw7bookU6kcT1EKaHIlkCt/ayfgaUiyZlja4FmGxuy18MYGeoiAui6qMhCpcQ0ZYlQRLYGYIFLCBgzM5tbZrqqlFqgFQWUlGWCSBKjoEYtpUaJWqN0lcSYomwec3ISlFKKcDojFFEkpEJItoIIYZNpWil9REiBTQjRRXUEmQbJQikLZNmUGiVKGtKSFGSjTWPXz6IU26XUUmpzE25Djm0CAqmUWV8FmY5SSinjOA3jEKWm7aCPQGp2V0vto43ZsinU3LK1acooKl3naVgNq67WftaXWlTKNIwKFOpKV2uJCExzSqVEiRqIcZxkF6mUUrquRGAUqgpwSJYEzYmRhFKOAEtuKVQksAE7CKzAGTgNxg5CyrQFSCAEZJSKZIMdtYDalMM4dLV2tQuVaWptGo1LCZBba9kIhaJEVViSIjDZJtUq0aaMWitqbkKApza0dWaG5FIyKSoGozaN0zTV2kUoSun6LkJtnLKlopSoJm3TWpJCJUqUsIyZpjGn7PqeEqVUcIRM5jRZFEqmQ1FKTaeR0zlNCRGlRDSnHJnTOI1Bmc06k2mKVGtEiQJEjMOgCAEYZKnrakjj5HFYOxsiau1qqbW6Gee4Xi+X666rdrZp6moXCoJSim03S7T0OIxRqpSZibKvs1JKhBBCkiJEIJATGMfRdokgyWnMKV1wm9LCKqGpjUg1qjoFpdQaEdPY7EyzHtbZskatUaJEhBCJu+hK7ewE5ZhpSzgnmkstJUpIIaacIkoJSoTtcWwKSi3Lw/Vyuepq6eqs7/tEs9pFKYooErJcHO67HpGZBqQASZDNLhEtnW6SkFbT2KYh8O23PWNv99LJM2dUqjGBBWgc16VUoNSudKXWmukph1CVwuBsQhFkElFKULqCQ4iWLT22IaexSTIQNbQe1xhFzTZFUaEYl1Jsu6WCqKWWEDbRldrcpqnVUkqEIkibJKRQm8aj1VGEau0iVGoXxDiMbRijFlTbOCZWxDSNEaVTpLPWriTOVKkOZ5sUVeayIBMYhrGWEnKmZ11v21M2XEqNCKSikjmZFJrGset7hQ/2D6dhUA1JQRmdtRRJRSol2pgou76LUrH70tVZL4ftUgutUSJKtT2NU7ZW+toyZaLIUhvGMbOWEiEnlguhWgxTm0LU0pE5tjaOOTXXvk5Tm/WzKNHa1JUuVKJ4HKfMhkrLZuijy2a3VKnYRWFpmpokpdPt6OgoTC1RalkPS0M/m63HZbhkNgeB2jTV0pVSIzRO02w2m5Xe8mze5+jy8R/zoa1lpoUJ9X3XErkFZdXGvnbTMO4fHfbz2vfz1jJzqqWqdKV2Xam1hEKtpUudzfvDg8NhvZr189linjin7Pu+lDK1cT2saq0RUaOs1mvn1M3mxYhQHzm1NrVSsFvgKZXZFHJLlRKlCITWw2Ax73rE1JLqYT2C+75frtZ2GkmyGcexlGjjOA5NgcxsPidqa1NIpFWkULZpHJpF19XJmVPrur6UrmUTsiJsUF9KKV1iKTIzRGZKERGtTXZEoPT+waGaa9+VUmspEQHymBlOk+lQAOMwlk5dP0NhZ5SSOeXU0o6udLWjRpFKLc5szWlPbWrOotrGKeUSJWqIMBmKiBLQspVSS6nTNIbU930pnZsbhFGEFKVGEBGqtayWyxL088U0jC1bhEhnuCu1RMmWhCICq+u62pUS4cw2TUDDti1qRNd1JUpmcyIiapFdakm7RiUsyqyrEUURJaJlZmZXSokCtHGSDKVEJ2diCacwkG1KW7UTibOFVGoFxnFKWkTYDjudooAjojm7GhFlmIZxuU7ZLUst/WxOYxhHPCHalCohBBbCiiIJEYDBKZEh2Z5a80TYJWqpGttUCooqM+XU9T12y6kobJxGjC0zp+hqCSENw7plkwpkZquljG0c1+tSai2llBoSUcyUdmIQqBRhWjZImka3EAi3No3TlO67roQUUUtJWzhUIkratRCla21KmM3mw3rY3zuIGiVi1tVau4jSGioWRdjILVNg2jgNY5umMYqEQ4oaY2vjMHgytRqPw9jGseEaFSKdUZXNma2UKnu5HsCF0nBVtNZay1IrgCKd2KWUKIFLKZJAMhIyLoRoKgUQwm5kTi3lIsmZaL0exmmqte9rVZGIUiJKjaKppTMVAIYoRWSaQC6qJWyHWK2PdncvlVK6fja1DDltt6xdF6U4DZZqkRSyBVJQQq3hlGywcHNiS2Q6agzDMLYmIxWcQEgEnhyVWrtSixRpIkIg20LOiABsgYZxqLWvNWwXKdMpgUJKZDJKRK2BA4FaOkrpatjKbCEZlygKZEUNNxPISISUBtHVrkZBQm4tp3GKUkLOlhGKKOls46CUSokorTVVRZJWqbVERIQUdoZUIpoRRqWolFKncbIdpYRKc0MlszmbFIowKYdKYJdao0SJYqdtFdVSBGPLolB4GqcSgY1tu6VRdLVr2RQqpWQapFIEzWm5RLWbUbZMuUQtReM4ZMva1VBYqlFCoUBSa804grRK0TCOttM5tamWUmoFImIcJkAAhJSJRISiVOE2tdamUrrA6/UoESpRAkAGsrm1VqLUUky2cSKtEpQIy7ac62GY2tSVWvpo45SToxZshHCzp3GqtZboCUUNhBoSEWFFQInadTWdtdaoysyWzbYkhBAlcpqszLSMIsZxyMklotRaa2e8Wq6ANIGiq7VUcI4JLqWWiHGcSlf6vnc6nTalVJVAKgEqSFJgUinTxqaiEjG15kwhyQZCMs1IVoi0okQtpDDpCVcCOTKz1IKztXE5rAEIMqOrQJQoUWTLCCG31owglRlRkUtRRLFbRAmK7YiIQqkVK9sUob7vnaCQBGlLimkcRIigFNLDuJ6mCclus77v57NZ7RSBjUhHTsNyWHp07Ysw8jgNHlutUUopKlIQqNlEtmbc972KSJVSBaTqvN/a3lHLbLlcDjm12tVSa0QRHqdBUpTo6ixK6fvOprUpswmi9KXS2mQDCoVCpdTMdFpFVYFFyAkmSoSUrbV0OtOZgFMECmdrjUynCEmotZyGcWpNuHQFU7tapGxNEVFq1/fUripqV0vUKVstgb1eDRkElKglIlQUam2KWmrtLNxwZq2B1EjsWmoQkvu+x6DAGKJGiaLQ1JrTbRoI1dpjDdNQS3T9TFapRSFZ0zi1bKWrdmtjGjcyIoRE2sU26eYUsgSOErKnZsmOUhSZGSW6UtvU0tmVgtIJ4dp1ma21yZnZJkEopinHaawlJAVYdF2Vak4NBYVMhxRRulnnzBKl9jUKTnKa1sMQQSlRjETz1FrzmKWWKafV0CLU9bModRqbpJaupaZb7frF5vxwuRxWy1pqOqexqRSVyHT5hI/+KEk4I/qQZt2s6/uuVoqmYZSIUN/3W5tbddZ3fV+J2lVDrX3tahrbrblElNKt1mNXu42d7b7rs+VqNUYttoQlt9acjhqdymJzo+/6sQ3DOEHKOFQKRFD6qNVubZpKqYv5HLu1TOdqvY6IxcYiFOs2hqJEGAvW66VRidKcXa3g2nWAyb7rLY2ZNcKZECm5NadBzkwaVmtTZpYIIRMisVVrX7sy68dxatNQiDEzVAi1qTUb4Ubf1652Cs1ms64rLXNqE54iSiklSuCUVGotYhjGUHRRkCTZOU7ZdyVqVySVCDDOMdOJW0hdV21CnmxBiRq1FoVC2RKpZYIiAoFRVSkFKexsE4quVovEOWTmhLRaHma6lpDc2phQJBxSGIOiRl9nKmGAqLVTqa211hyldKUKpjYJJTllk6i1D5iytUy7WZIpAVFSLk2KsFGIdMuWrTW3KFFqAcAIrJY5tjGiKLAdEbXrxmkYpxYCZLdQYOHMJDPHYQxF7boSRaWkc71cKaPW0tWq0rm1JEsXIhQhIkLOnOwoilIQQEQoGMaxBhGBZLdQgaSTySg1IiRq6SJoU3MmIor6bkZIuERVUVEpoRIVyKkZShCqs1mfSZuaLfUlW0ZQuy7btFwOzlZUJHW1TlObxskgjMGMU6uBShmGoYSEou+USuHMKEEoSmk5jWMqpKBGiYhmz2rtulmpNboe4dZMQyFIkU4khUoJSUBmDtOkElIRymyGqKWWKIrmLFFLCduCnKZCaZnj1JBLdFIIIDEqkZmttQhFFEkGpUvfYUKEQhGZaTsUEVIQZdZahohSHJaLNdXSRcQ4TVGrYV7nfdcRKhEQgqJIt2ZKqJQiCrYUloOIolBECTucbX9/7+DgcL6YbywWIQEtiVK6vhNt8kgaVPvOhmbCiLRzSoWRnKBaBCLBQDIOY5tGhJ2KErVIQVqRoRpyGjtrLSUiWw7TKClKkcCRzdAmZy0FqxljpxUydjqilKjY4GkCKXGQlmxymjBRyHTapRRCzmxjU0g4SkhFBoQk5EwQuFm10JqnaSy11tJnTm2ciKilIEuElUKiK9EwbirKtJEzcxoiatd12bK1UQrVUkTLllOGrChTttp1Xak0TJsmu1lg0lappdYqCzxNUyCVIDGuNZppLbvaSSgkhYgIKUChQE4HzsSUKCqUqGBMkkWBAtlOUIQgJUlgEChLKV3pLK+GdUS30c8cYGoNUSJK7WqgqdkkcmaO43qcspTAWUpRRAkSEdSuIClKKSGEwplSdF21PbVUqOu6ohoWAc7oaihKV208tZZuObZp6rs+okQpEdGyYVspbCem1iLJNlJELVEaHqcxWwsVRbGJkCLSLe2C08YIaqmSx2FEqrWmHJIRIojadc7WWkpSSEU4o1RKkI5wVcn0arWapqGWKhOilt6kkJ2kS60KpVMBBNnSlK6UWt2acUR4mqZsopTowDLI49ScXq9XaauEhFSczqDQ1ULX94pQiWxNihKlZQqMpmlqU+tnnVwUqqWUKCDhdCDXGqFIu0QALSdJta9yNCwh0kmRIjTmpBKWA6dTVum6WkoptZv1ZLapuShbSmrTRFFQ+r7LNk3TlJnN2aZWglk/twQuERFFaki1VGOQ2pROQhubG9tb24nTrrNZTmNr02K+GSVyytamcT3W2smMzkKtXXHaTlul9s4mFUVM63FsiVyjjC3dxtr1KiVKlFIIIkopXa3FmZSopdqM0wR0tVJkCBRBOmUhENnaOE04FZqmSRGlVFmUKKUYmxBuzoRSJRXb0zgab/QLia7WEnUC28PYJGpXM1M4IUSUcLooIsJyTlaEipwe1qPdSlRI2yVozcN6qLWEAmWVkrDddXKKEpazuXS1U6CSrY3TiIgoSEi1RGstnaFQaGoNJMfUUmGFZrW3nVMrERDOnPV97SuouZWoOBM5Wy21lJItx8xso4hu3ne1GzOdSQkSwiiBIGqpoQinFKEQmtpIZunqOLVxGiOKxTi1rqs4+/lMRW2chGvpSpXtWqqK7IwSRWET4Ob1sErnYrERIYlpnGrU8kkf91GJu242n89Va9SSU0qBLKlNrv2sK3Vyc9oJYhynUkrUEmjdGlKtlVpt97VL++Lueanru77rZpnT0fIIt76bVZV0E+4X80xP0zCuxxKliHT0/cxJtixRJE3jlM2l1tamNk0RERE1AmzjljLp7Pqu1NqmyWLWd1Lg7GshoqoITc1dF1Fimqa0TZOpXbXTxkDQ1z5xpgPjSCVOqYTC2VbrISQUFLVs6SaotSKHqKUoIlu2qY3TNLSxi17BehycUqHUEMp0yjlN49AC11kvKTOjaJzaNOV8Y1EUU2sKZfM0NcKldqFaahmnaRyHQIQEpatd1ClNenJiFJIUgU3t+2ka25ShGMZxGqauLy0TkN3sUAQYlb625qmNmdQopXa1K8MwNI8SU2u164QsQpGZoVJrqREKJUA6bXu1XisptasRhNo4ldpFaL0aM5MSxspU2AS2Ekc4m1S6UiOq5HEabRURKoDNbFZL6QIB6bZcLqepdX3f175QCKVcpJAyW2YWqYVIWqaIiIwSlKi1IrVMQn03r111y/RkMLk+PFwv11FKV0tOLScLQupKl3JLhEFdLUFMmaVEVRmnUUGbcjmsV6tlN5vNZwuiONNJcxZHOp2ZOU2ZJYqkUgPJok1jRISiq50oOY3pqbWs4a6fZ2ZrrXadkJ39fFEiml2KnClFKV3X1VqrFDZJG8e1RFdkhWwn2UY3gyIQIbk5S5R0FpEwDYNNrVXIuEAmUZTNjZRs6LouohQJKSCilCiKiBIRKMJTMw4V44TMhh0RBCWi66pKTVyEnYhSu5AQQipFxq1NbRynRuBQThPCkHZXSmbmlOmMKBEhAuGpoSilFhFdQSVFmxpQSklly6xRVZAi07ZKJVIGI9mWQlixWPQ7O8dnsz5by3QmImvp8DRNksgk3QTOjBpRAiJzKqWUWrPl6KkYd0EapCLZXdcXhUM1KqShhGSmtNNpZ2YbrRApq41jC6RgHCdBhFLqay01MOM0pa0ITwmkE9HXknY2TzlKUUtVRIhxmgSlVmSjkNLZ0rItkLBFASQ1OwQi7VprWm2aZDWjiL7rLQchqZaIqFO25WoNoAjJEk5QNoQkZ9qoRJWiZWvNXQlEa5ZUuy5KXa9Xbu5KsUkRRJtaFKJ22M6spTZsGzNNU6lRSySW5ZAAudaOUECbUjVCYSMgnem0TUZ0qpBOu5SwGYaxTVPUKsktm1MO22QiBESQMbbWd1WKElEUTTm1bNNkCxDUrmS2dCoioshkWshhW0UlajgxzGohitOGQJZMOltXuyhlWA3pFqXW2kUpVEnOZGxTRMz6OWCIWgLX2tVaJIcK8jhNZCpKLdESZ2biNpXSlVKcOWVTZtpVRRHGokUUYYVKrSCBIkqtkmxUVGuRYmqtZUquUaMWnDYhRQFCsiUAA4mj2Si72tVSVUMwutVaZn00PE3Ndl+rJGeTikJRau0CkMo4tVprqQESKISkkEmEbUmtjYa+r5KE0o6I2WymUpRGFko7nOmM2i1mMymEDUojAOzmJktRRYso2RolADunKQWlFpCz4YwIC7JJQiiK0DRMUdXW2dz62Wze9VNrUsoyZOY0rErUKBFSV6NEDOOYOXW1bizmtdRxGClCsp1Wa5MloZbpbDKr9QAutWKnhZtRKaWvhYi+ryZbupQotZYISiBCuKVCfVe7rhLCOU1NuERBysxxnFobStR+PndmZtauQypg3NyiFCAiogSYwEZmzEkoItJECRGKUEii77pQbdlK7QpKWZJwtnTaIGsaRqejVuGxta72peumcUi7ZcNp1EUA0zBlOqKAjRRFok2TMw3DNI7DULtaSohIJ2LKLBGllsSzWdfVbmzTepxySjw1E6W2abTcdV2UWkMKSqldV2rp7fRkcCHW66FNrUSptdI8Tg2hUCAiSkTiUuT01DLCETFNzenS1YjAMYxDa2ONgkUonW2cEoUElL4TYNqUJkvUUuo4TKFQuGXajMOYmmxhImrX96WIJEqRHKJEV2upXW1jGtd+ViKGqa2XKyKwJUXUUEmRzihKW6FZP3dOwzCqVqTySR/30cal66dhWq+OWnM6jZVKI8lmmppsICLGcXCo7+s0ZTOSI4pqdCqCKAV7HKa+r92sV1HIw3p97933HNvZ7uazEjE529jWw3oaxyilzootq9SgZXO2dCKEIwRejUON6LquTVPp+67WYZgys6nl5L6rTjtbqX0ppatlnMZpam0aEdPUUilUao2QM9vUpmx937dMDNDXrqudSWeLKODMSSqlUyjszNZI9/OuK8VpRVgCSnQUYWdm2lMb2pTprBHNrqV0XQeUKBAgsk2tmVYiVDrbw2oMKaKgLGAbO6yJFIKoEWBBtgyotcNpFEFrU2sjSAJFiFJrNo/D2lMigsAklkjcpqxdVUQoa60hlaq+dNM4Ols/W3SzTiEDtpAQCBSiEBCEcGKMM5lykt3V2qxauq72KtFaUwB0tbRUy6mUUkoF2tTSQEpKmZYhldKphGQ3D+t1kt1sDkLGmZNRQ+HMYZpK1Fqiqz0CbLtNLUpRDWd2XR9FOY5dV1pO0zT2tVeE0ipFymaUQukksyWIxKzWw3qcao1aSiYOZKvgJELCokw5SYFTFpICKdzc7BKa9fOuVkFmy2nKSBBCeGoTqKu95NYysQxpSSWqggJAOm23RgRd17dpNI2iwKUWnOM0dUVhmluEQJJbqnRRFJluOalEOsLOlkR0tSrItDMjpKgFIRKcGQohhbu+U8jZjGynbWcQJAV1tcphDEiKUiIkydlEICJkW0TpoqAIdbUX6roqbIgoEuDWskaUWiWMQiF5aqOJaZxUopQqBGmrEK1NtaqWqlAak9M0Ri3OjFIilOMEYauEsMepYVNwo6iUEpl2mkKJiKJpalgl1NysVkrfcmpj62rX7DY1CZMlSNOyZbaogdJjRilp5Oj6aiMIhMJ2VbTWUEIQkAYUapkRFhrGobW0HZIUUiKVWmelI8CmWRIi08N6Neu7UksQzilKTbd0gotI3KZJESgiitPYlpEMgUwUIKJItrvaEwKVUpw55VRUulrHKZMMRWYTkkQagVsUlQhEiYgQtkREbU6cUcItI1RCLZusKEVGURSWFFFnXXWEAmdiRVdQyEKJSi1lbFPgUnpjSUm21kKKQtqCtIfl4LGVrlOhTbIMJJBZisjIzGxpqYTSFBlomRElqjFYiszWsslpZ0aJGoWAkDNrKREFiFIkZ6PZRZJkm3SJ0nfd2JrH1tVaagRhWwHJlI3mUkqNYmEzm82wx2kUik7TNAUkTFMTKhJYdgTDRGtTRLVda0e4tWYcDrdmu00tTdQoEbXQmhVRS1m3sU1GZGtujVCpPXZmGmMP4xhAJgUyx5yE6qzKbuM02ZZlILquBxeViIgISQoJhYQRTNNoSVFam5xZoqt9kSKQrYjAnqYpTOk7UInoui6itDa1qbWWYWrXtynHYQyotdrGAhSWURQU6VYiagkR2RpAkTMjwoBJu5QIwlBKiaittWyuESrKabIoXXhSSJTAzpbDuAakkm3IRKFsLW23ZgVYYKeRVEKRmVNrUUIGG2FjUYgkVJRJkFZmUhRdV4kgwq1hRym2nUh2UopS4GytObNNU6m1RAmCiJbNRsJGyhJFEWFnM1KUQlFXSyl1mqY2tpSxhmlozTVKopAkpmFSKSoRFhCKTDLHTKsIBVbIBtXSdTWK7Ky167pKENhGUmauhwlZklAmOU0tW1e6zCkbzsxmSZ6acDZsCISdrjVwCmb9bGpTG1vpqkIQKrY060utnZ1pB1G72pWabk7Xvmst3ZKwyZaZmV1XW7acmuSCMltrjvA4TkKlFgxk6WpgGwnwNEzDMNSoVFpmG8faz2pfu66WUjI1TWONEoppPbaWUWVC2JLkKJHOgmqt0zRMmWnXImeiiBIRTicOMiNqDYXCkhQOigI7nZJKFKmM01iErFJjMZ9FCawSpaVDIGFHgEWEMxMLShSjolJLyZZjG0gVyVJrY4mqKAcH+yCphNTXrpROIlCzZSjqZ13fz1frVRtb7XqhNrWiUC17l/aHcdrc2pSjfPzHfEQ6ijy1tl6uVEIIklDX10xqqERpTgF2X/tAy6NlpmtX+n5WAmW0bMaQpfSLxbxEcRPhrnaHh0chtra3l6tlNmfm4dGy9mVjPl+t1+Nqms03StF6vUJlNp9hyQ6VTGdmmNrPgMnNyTSNLTOkvitd3xlltpYpWURRcSlBdKVrLRWENU2NdAmVWpEkaummaSQdUSOEchzGqF0ERoGilEwAodLV0tfW3FqTKBGAsylUVVMKRdf1fe0W877vuqlNOWWpVcj2sB6ypYoiStd1tVZbzgyFsdOlFmCcmu3mbLZM1BKSaYpaooARreUwjv1sFlGMnK7dDDmnJrvWGqVMw7rlVGtv7OZ+1oXIdK1FoXGcAomQyCn3Lu5O2TY2NglngzS4ZYuoJUqUWC6XxigkAkgy23ocLXeKKMqiInU1KFqP6wBF1FKMxnEA9bMqRbamUC1CERGknSZKldo0NjKitHSEutKHDIpSxza6udaC5JxKqaVUSxYhNdPGVmopJUwIZ6KgK10UYUUobUoUCcnpiCiSZDtrraXUUkrf9fNFHxEQtYSQgiBsSzYWDkUJGUIyRtjONhl3XS1dh1kNg7EIW10pOOVQV0oNI4QswESJUA1yMmE7oe9Km2g59rPeTqCrfWk0p7OtVstsLVsOwzon174LPEwtVFQkVCSVUpBUSynTOFCi7/razUoJSxEBNllqjSjCtVaVwAjZtpEESFKo1oioFOWYUzaUYBvw1FobJwppO12KRIzZnKmgn82Qx2mSJCmNIGA1DK1lX2tXu2Ga2jjWrkqRdi0RUWsJLLuVUg0SgFFEBILATahEF1GFsZxAYlOKbaFSCyoKlwgg01Mb3VqphcQARIStLrqu1mEcW06qNSBCaYpKlIKj1K5GFISk0tWQQhItLWFQFIGg6zub1lKhqkKm0DRNQqXUlmlnlJBESAUySghMIJeW2dwiQhJQao1SgWmapjapRCbgWmqpNScbd7UTJLJbRNTaBW5Tpo1JZbY2TVM6FLSpmQRFOCgUlShSNpvMUkqJgjQO4zCNXZ13fUdSS1iSZcgkSoBtRSmzvlOtQqGIiFIi0NQmrEAChWycTVLfVdsYYLUeSlAUJkVxkRQlIkrQmiJA0zTVUqPrinFIEYIuij1NzW0YQhLRTKlEKYWSEm42CdlSsihSFJENnJJqLYBw13dErQpJiCiBs1BCas5ASLVWHEVC0dwEpRSLlpaiRKmlS6XTIOdEKXa2aay19n0XKDOFSukyM51FiloIkZ6cVZ1JRFdqhEop0zi4JSGakZ2ufaldIQWpKJktnW5uU2ZOoVL7vpRiJ8TUJmerURQUivGopsmUKKXaABhKBC4qltMUyGxTm9JktnGaalTJxgCoRClgO8AhCTmcbpm0qZS+ZWutTW0KqdYqKZ04M7ENTrIrHRKozrqqSGEoCoXWw9BaKyFwmlJKS0turQmJkABLGAeqJRyUiFoLUCIQrWVmlhLZKEIlapRQWa/Xl3Z329RqVdqhEhFtmiLUzeeQTk+tYUlhp4okkQ6EhAmQJGSiMVYFoWxZo6SbnaXUrtYch7FlP+uBzCSQJJTOkKZxghSM00RELTFNOYzrEjUisjXhIBJq16UdJaKG08JOUpai1uKgRMgyRCmlCJjWU9oRgBKEVaLgNNM0pgkkbAnsNMRqvZqGqa9VCIXQNLWCUmlcqF2tljxNOEGlK0EtpUhEKSVKRFgo1No4DWMpXUQMq2G5WkWUvtbVOEgEQaYUziZElFoLRGuTaqlRbOOIIqmEsO2cIqrQrJurhrMl6ZYqUVWikKjZXVdycoQiSinRWqu1C4hSooTJcRymcdxYzBezDUVEROI2TNjjNEzTWKOjKqLaOY3DNE3ZGhYmsqmWqEgah0lVi26eQY4jsltaUSNacxSjIufEVEqnjLGNzlZQ2g66viuKydn1tXSdU6ZFrenWpqnUUkrNNk0mxwxZhdp1iUOllHAgZFq25nTmVGuppetqH6Kf9c6MkCQrVDUOU0i1i9rPsdvg5nS2qQ0bG1tRiKJS+77U6Pv5bFa70lorH/cRH0FOmZRaat91tZSI1kDM+s4isGU7pVCU5nS2cT0mzMpsmnK9WoMUGqcJaiOFpjat1qsaVTBO486xY5sbm+M4GHe1eiKzLRYbpKIU9TXHDBFRsA1AgBSlFpUQZZrWIWEaOZ/3tetsGU3D4Ja1IislOxWqUVSpEZkKnGKaxtJ1ijKNQ6imm21KWBlE2oJSFFFbNmx1yjHbNEUVJu02rlUCVbdEOHNqqSK3sWWGia6kM5ulUkItKREtx5ym2nW2MRFgmyySVGqRcWup4iBaTqEaQUQF+hKohA3YCWQaUWsppau1Spi0sW1wTiZCQtF1JdOCCK+n1vW163uD3RRh25kt25Stn8/6rl8Pq2k9JGotgRKFUGvN6VprVysqklCmDdRaIjSNkxsuzgmTQIlQqNSKsqVkgzPdpgkI1RKSJBGl1BJTy2Fo2VpXu1pCkvDkrIQiANI1ypSZaUKlBlZQFOkUZAS2IEuo2U6ryEZRsLM1LEItW1GJLlSqFONkgey0LdXaCSEBpesgpAg5baUznU6nptaam1uzjRmz1QhFaW0CTeNYCkW19iGpTc1IJMbTBCQIQaZxa+PYIhwqKkWkgq7OImIaJxeH6uRJKKRQLbVIpWXWGhGRVomSppSqlorqKRPXUoJIZ7YsUSXGcUqaIVs6o6tRaqXYGYKGSY3TBBYqoaKiIjcjiso4DWl3XY8RlAgbSVieUoVSajZHeBgmt4xanTYZVEVAa+mQsGstpevsHNajaUUhqIooRRJIgMNkoEQhKSLMmGmaFKXr0mSOwzDZLiUiQhGkgSgh5GyKkDSNibFbUaBoramAIgRph1s6qkp0EQGaMkEoZCxqKcZJpqVMpFKKIsgpKZKxM60oOBW0lFujREREKW7ualWItFCUEiWcOTUrKKWb2iTCIJmklKilI1QVEdEmj56CkIpooVJKOAK3KEUYREJgVEJSQci2MzPBUaLW0lozVgRpJKngtI2iqqiETCmSGIZhGsbad2HsTInMlg5hUpYkk7SmiNamNo4lCsE4TrYt1S5sTTk1UKgEQYAAA86IEGqRoa6EqlRKBSlbRAB2GmopoVAJySDhEM3KlhGqtVqUGhEViNA4jIhSIjNrFwbbJlEhHAoRlIgohtZatoYkkWlMpkutFDnpS0xTa62lm6HUOk3ZcqqKKDWztTYBSQPVIklgTHPSsDFqU0unUV9DEbVWo2wOqXRdpJtHUERYTG0k2zCMaXfdTLIVgAFLESFIO12iCFRKLWFbEKptnIwjFEalUxqhCLemEiVKiYgSAiGFbaRQRE4tas3WbNdapqm11iIiSqQdohlj3KIUGyAUETG2qbWmUiVPY8ucMluJUESbJsmAwXJXqkpVOiKMo3TjNGRrUYszJVqzRCiyUWttrbllmqJQlNoFEaGwKYQkQiWqCKdLKRExtVZKlFpst6k1Z42a2Rxypko362e1VkNrLTNns1mUEgpERNioRAkys7VJChWplFBMbczm6CoROO0pCMixTTZujczalalNh4erWopCNkBRiahkZuK0gyilqk5uTksKKaV534lwaxItIV1KAE5BGEiaaVOLiFqqsBtIpVbsIBKMA1kEKlFKra1Nnlyq1HUlBM4p0xKSE6lKKooopUSSwzRiW+qjdn01CZgcx6aI2vVuDYmWzRmlFKl2RSmKqqozFVJhGqds7vtZU5KutRunYVivCYJSQhA2zkxTQjTSLTMTY0dEKaXULkopNVDBU6m9hFRKUZZaVEqRUKApJyGbdEsTtagoGhG1qzWbneq6bmqD0yHJbm1SqV3fd6UjIkJFAsuqs06Q2drYur46mcacdTNjiFIjCqRq36EgE1tys9o0phMoXVU4W8PUfqaibEk6aijV0rS0bYXJAqVGOFBM00S2qCVq8ehai6yhTW7NjXGaai2oyI7oDKXE1KZpHEspU2u2W2vT1GqJ9WrdcFe6CB0eHmRO88VcmdMwprMv/ZTTsBpVo7jYKYXT5ZM+/qMUatMYRaHAArq+2hpby2maMq1QesqGadNIZhT1XRe1TDmsl2t16mq1rUBIBHKUqLUi9aXaNukkcyqqVqbdzfrFxlattSV9ia6frdaH62HsSxfSNDWVUGGyBTYKQpWQnC2heZoGOSlRu26amjNLUVWxRJpS061lC5QYQtI4TaVEohpBKcpszRGEQknpCs6xtSBqrSjSVqbBputKX3vjdAbRnJGOKNM0pR3WNI7DOPR9LVEVKKf1sE7T16oowuuxZbZaeymkkKM5M5tKkUGqXUQpZE7T0AyScdpO11CptSuFUtIZ6WambCRdnamEcDpRRMgNSEoROY4pI9tQS+1KQYyrwXhjsdn1PfI4Nqe6WYfcqZa+gkqJ6GpECQnbchsH27WrXe3SHoZ14Ahly1JrhGQN4+jMrva1K3YiBdHVAlbapO31sDaU6FQoJVRk5BTIzmmcFEWhIqmGSeMATxkqSVrGoSBNLR1YacM0NgVdKdOUbWrNGaVECTVKqPQ10DROU7YSFNVUYkTaUgmFTEQoiPRoCSNFzKrHNC41csopW9f3tZSQohZJTqcdVVgImpvToihMG4choau1lEKmjQokta+l1Exnm6Y2VRVCw3q1GtZd6aJoHIaImNUui8JGZLrWEgqFu65XrdhjmyCncUq7KxVZCikUwjIpRWYi1RKqVYpMRwCWiYgMmBKZiDZNSAFQrEyr60JJa1OUCqolImqIiIKCkFuTiIgSRZIzsUxmZjahjFJK15fQNI7r9ViKFIFDYUVpOU3ThCAUisxGqEZRUKI4aWSJWlQBtzEzlVm6KoWwohiDS5Q09mRHZI6tCfezXqU6cdq4lMh0CjcMVQK1tBSSK6XUaJkIJ84WFrjZbZqIKCog2SEMtoukECiURCg9tgaOEirFliQVSXImdhuHiAiEGacpnchGQuM4komkqJlDIWrtwJIsYTDpFIFsh9QiOoztUJTaOURmiYIUUaIoSpSIGkWhNk3TOIai5ZQtkbpSjTOdmSpVUUqIEDLglkS0nGzLIhQlxmnCYEQQysxMl5CEVFQEQsxqpbnRFKq1kyPCROQ0RZQaoYgkw6XlOLZpSstWRBBpZ7a0A1lkJiJKBCpdV0vBYackbCetjRF97Us2KSCVdhQBbqIIoUzSklDNbBIIG0LOtAgHQUTJbM2ZSShDUWoNRZICERGK0jmnGtGaW2apRVFoBtINnM5sLUqRAkDKTLeJEp6mlFoaplDNNLaKiqL2Xd/1yGkj01IRIUqUcZrGaQqi9h1hUutxxBk1hMBFEV2ViIhsamRIpRRFGYex9oHDeJwmGUXQMt0iYhqnNF0NN6ddIqZsgSjFrWEcpUZEESZNm0ZaU1dmtUrGGaVubCxq11ki3aYmiWAam0IgwOkpW2DbRVFLbQY7SpFI25lRijMJ1ZC6WoqMsk1SRAhorckSaUhcFWSzKVGJcDaESrQ22WBh933fz/pMgzMzM0stSG1sJkFdLZmkBRhaa12UvuvdchiGKOpqJ7AIgyyUKLOpFgUQhlAo1GxjyVM6TMpYpVbZpRSFI0qtmtqQpoRssqVlSVGrpDTOJCghFM7WdYpSnG7NioJarTVUpmFKuYtaIkASioiQzHo1JC61FIXQ1Kacpq7raoRrEYpSDCpRa20NYZWCSRmBhBGllki3ljk129nsTNeuCIWqcdql1uY8PDhytr7v5vM5ysxWuq7r+giNrbV1i65GKBROIBOm1hTqSkUORWtTa5TKNGVrk+10GojSpuxqp1JEy5attZAMUaLrapsa6a6rmS2sFM5E2dW+q6W11saJGm5Ou0TIlK7IGts0jqNk25ZK1EC1lnEcbZJswxSlRN8BboBL1FK7UiJEEM3ONqEiSJiGKaIg7IwQdpSwKQoCWzVCYpoGoSyEa0IEEaXUUkolbedkJI3jME1TrQVkuRAlQoVsk824HlPuZ32pdb0alK3ru4BpcpTSpjaMU1+7ru9ANjinlouNWaZbG9vUUpMbfd9lZvmkj/vIdJbSqQbjlJHOaVy3rq9unnIy1AiJNk197Uqn1lz7ru/6RgtKliRVokStkmwjO9OolDJNo53TMJJ5tDxaD8NsPhNRuz4iMhvhWqLhaZrkKF0piqY2DlPfBcaZkoUyHVHdpvU4gCOQYmptalMoptZERIQj3HI5jn1XMM0utdTaKzQNQ61dlBoQpQoJSqklytRoOSUWYADkrq9utildmfczKSRaZpta1NKV0rIlRAmaSlHXlURTawG2hnEch2bo+rmcDc/6PqJMrdmUcGZbD+soJQiEpza1JiNkEShbYikC59F6HVFq7SwCWmK5REfmOE416EpfSgGa0zamFErpcpoODw9UooQSlNgySEEhW+KCXLvS1x5FKSEisURYrWVm1r7k2BIChO0UdLWodLZCKoqQx2nKaWxOTNpKutpHKZYihNTGnNQyM1srVZ1qZoYUpZYQIRySnUY4s5TAIdkZUQLRptFWiZAABKUKtFqvQ8z6uaQ2rSUqql1XIqapRa1A2q05iFrlEM2qpZYC6bSdtQs3tzTOzIYthaRSwqJGpyJJ2bJESQgVHCJqKcY5NSfrYR2homK31ohS+loN43qcpqn0paiz1NUa0jhOIaIoG9O0liJqKaX2JUSk3dxynIaplQiEiZBaSgGJkVtrkxUhcmqJUBEATmVVhRAqCoONsA0ghSJKRI2+drVlG5brsU1d7ftuJqWsBmHGaUCldIpQmghMACoRVum6iIiQFIaIAE1TQ1lKdH0lVYrkGKZpGAdFKaXrujB2OiJslBlRoqhEwSbUpoaIKiFEKci01tKolBJFIOzMtEqt6RQZpZOzNYeopVhyOlRVEMq0JNkRilLSkuXMCCnCYExCOm3hUkKholApIAR2y8yWbgkkdhpliRKKaRpbG6QopTglWSGhNBYRgTFKJptQ1CilREQkdKWqxDi1qQ1GUoRJ7CQC0nZilwhM4lI628gYJLk5s6WRI9TaGNFhhHFMbYootXa1llIiFAoBdjPOZin7rislhNtkiFIDgTVNk01XSimBaa0N49DVDgREBBFRAicph93SaYdacyCQaU7LilJKhDPHliESJ86phWQThErUiFqKamlOskWpUmk5OdTVrpFtyoBGk0pUhJFlWzkNo0RX+8xsw2iStNOEWo5YXVcxNpKQBdkSkzZyURECulpsqxFVTqdTUEsgxjZ10blEJumMUpQmkJ3QdV2tNZ21VOQ0iI5Sukrmar3saq0lZKJGUEopIkpXZTU3OSKilJrOKGWaJtuhiCLkaRzHsQFFoAiTMunmdOaY43q16vs6ny3stC2MQhSTLaHRzWs27FQEir7WUFGJyZRAEU4kEJJCCCCLgpCkbDk5u1Kas7UstUaU1sjWwhElDHKDUmrUKFb2tVMJMlWKCKTWUkAojO0SRRJFGMkSNthuk4h0msRELRGGkKilEmrZpilLVaciISTCiTNtK5BKy8kYXKP28z4zx2FUaL0agL50SWutdV21ldOYKLON41hrqbUzTOOQbSqlFlXsWgoKmaCO04hbndWudNgSmQ7ZQbbWzXuBkG2r1KJSZ0GJElK3HlZRFFGncVgdLbGjhDKRaimZaYgopUS21iZDgmrfI2c2FAhwy6m1ySZbC2Jqk0REpMhxAkXt2jRRFES2ZnIaBpBQFEottpFst0wMdq0qiky3aVKJvnalRq2dnVY4c1ivyaYoIUlWKV3t0m1YjTi6rg/Zja7rkhzWKwwh26GIUBddhKacSqlOkEK01ooikAohZ0uJEiXbFEXNHoehRLWQCKm1LF0BT2mJoJRahpa1lnRmZsvW1b6WMqwHM9VuppDSqdbGVFGpZZymgKKQkFgPEzl1Xd/P+37Wl1KmcWpkJVSEBQ4kKduYY+u6WqLUrosQSCWcDkWmo5bMtFyaFGE8jsPUshSJUvsilWE9INVObWrGyJhCqqgU1VqKKKU7d/H8wcHeoptFBLKtvkZrbm1KT1bJnDzRLbpaO9ymNs0XfabH1WrMSVElLZeH49hKV0SZzxe11jRyKR//0R8xTVOgsNKtdjWiSiEgCIQdUSScqrW0aUrFvJ+lc70c1tO0mM1LX9s0jmPrSmDWw4gsEZQkA0VXJYb1ZE997dQV3BLGcZjW49FySTLvZqUvNCttEVD7LkqJqMgC20gRVUihWrpSonkCuq4WKmEpiiJBcrGSFqjWvutKTpnOrpuN6/VytZrP+7Snsc1nM8x6XKdcoyrC0LJFCRHpNg5DKKQYxknYJnOqtSgKGFSiNDdbSCFFLRg5p8zZrJ91c+XUpIioKmm3liFcwk2lRLZUqO9m4GE9dF1fZ12NEFFqlFCbJkltcigNpYQJYUluCXZmAiFnSxAglShRSu2KiiD6WR8qrbVpmkIuXVVRURUx5YgVgBVymmxJ0pzNk43xNGVCkaJECaW9XA6IrlRwtjTZUBB11gfRWmZaoYKmnNrUVKL2fVdLTpRQLX2JcunSxbvuuL303Xw+L7UIJLc0xV3XZbpls+201VSKEpUaIalIkrLSSUos3PWziCI8tcm463vCttKWLYFtonRkGmfagAlFtGawkDOHcW0pasGIcNrZ3NJICAiFYJgGFEjQur4GNDtCpZYSQZHTSXZ913V9m6aLe3slNJtvCEyTYsopW6pE180IZdqt1VqxkEqNYRim5ohiE0FmKwSllKIopbXmzHQqSimhUiMoKgmhiGAaWptSISAhczQuURVShG1AlAimbMaSsUKyG4ro1KaJCCPZUcJmnKZMAw13pWYmOAo4WrqNQ5SiClZIUoQksVoPkARdrV3XRSihTVMpkVymIuF0pgnZFiItyWQogKlNkqQotbNburVUlJCU6cBEIT3lhIhSFIHtzBJRi4yMI0IKQiIiCEkhyzQMmS4RU7bmsUSxJMISyG5SIkkolE4bsLATJElCdpGQw3KQttJTRJGiFFkKSIeg1kqI5ijKbJkUIalIgCWH3FIYARqnNrVRiiiBCUlKEQph2QTYaYgIEUYtW6C0W2tRoyslTWsZoRIdQaaRjRQVMpNsGEdEBCShKLVI2ALbJu3MUI1KUSAk1VIy07iN2doUgQInKNuY09RUFFFKKcjDap126UrX9TTSWRRAKWGcODMTiSQtE3i9WhZF6XR0uJraOJ/N0m5TFoVUPE1GpRQXRXS1hqJI4FQgifQwjW2cSikKlbDBCMW4nqY21K4rUUIoAlkooibIWIiICCJzciYq0VqGEZRaIwJJERFRo0gSsj21VqLUwJDpQIkKJZW19G5OTxHFZKC0W06lFsDpIMKsVmvQbDZXyA5IOxUqtYaVStuGUJHc930gSVEiWzs4PFyvjmaLhSJam9xcO0VE1NrNOjJtiCglJLJNoIiotUTUtN0I2WBh1KbJWJBjEupKNAgpiqZpsh21yFgQUaIUhcIkipKZREDIOJDITAkRpe8khYQVBZkoRRLGECUiYhxa9J0obZzstMm0EA0KJUhoU6aoUSWMJZdSjGlZajFKZ4mStm1AETIuGqapSJLaOFqElJmttYhCOBTNma2FghK2h2kYx9Fk1FJCJWqJUMQ4Dpkp6Pt5RDS7JOM0qpTWWk6t1s6tpe3Mru/Aq+UqiFq7lq3r5103j1LB6WwtATubU1bpa2aOU8PNDRXJcmam3ZqRSdJ2CxG1REjItmwLZIFKRCmS+lIJpJimyY1hnKJQQpJyaoIpmdoo1DIFKlFKuDnTw7QukmFyi4haSj/rZ11vkrQkMHgcWlR5ymFYtdai1qqAlq0RpUSkWxubxbAehEoUFBEy2dIkwzSWWmupmQnghAhhORTT1JQuXRcKRfS1JEBKBAILYZBVIkJFJSICnJ7SMqWUWmspBWfaaQ/jVEIlimUhrNbaMI6yE+foYVzm1OxoznGasEpXFVJElBB4SpRBUdCmaRynAGoZ2jCNU41ApYRqKeN6God11JrTOE1EV7qI1pw5jFMrilKLm9OW8DhNbSp9FIQBd4sZ6cwWUWSOjpbdvAvVyVn6SmZriZVu827expHMrp+VWkO05mEcSq1SSVw+6eM/qpTibFNOrU1FHWGbYZqcaawIYBynru/6vm/ZxvVYwKHWhhB9P5dzPYxdVyyFXErp+35ct43FQnhqaXCb+lnd3jqmUDZLUUVYLaf1elW6CmDXrjTbmSrq+1mbMtuYOKeMKKUrgsxJRSEp7Ii+zCIKkkkIZGebdV2mpzSepjZla9M09f2sVq3Wq8yczxZtGA+ODmsJSab1tYsaxaFaIqRAVihUVGsHtDYFYQySAEXtSkRmSsJ2Zja62kdEa6ZQSi0RDQUWSgjR9zNBVUgZpRiMlSIzaoQiWzOshxHbVmut9v2sn0mephRKTGaJMuVUFN2sA4pEBNhTInW1tGlaDWNfu1k/C0kCjKQSYCW2x7aWSqmRdktPbumMUK1dVGWjSKWE013taldFEJqmNjFGgoSwM9MWYSxqhBSJSykK2dmcpZSIajeblhkSEdM4ZcuNzU1FydYmJ83CigouQTYTiBByolprkJZzShvCSkmtmUzAtKOjZV/KbD6PEk4kYY92GNsgZ9IykRsGSel0NrAiADlMllqKqsOtjaCocsuoFbKULgqkDVVk0toEKlGjBHKbMqRaumFY24DGcYxw7ftSStotGwqhlCWQMDWqAiDdWk7rYZzGodbSL+a1K8N6ytb62bzUyJSVQpToa68SkpyJIoh0hhxRAJGEpSgRtdagy8yW0zQOrRlsyCmTVim1FklTtrRtR5RQyWnKKaMroQIhJ5LInGwalg2WQ4ENSFV9FJls6SkbSXqaWislQkUSZGtNEajkNEWoltLsaZxQRnSyBYqQorVmoYhaIkoIJFqmmxQiqCiVOBRkczqjlho1FDmNLR0RmYkUChlkOdK2s7VUSApshBSKkK2IWsJgpZNpHIxRCEeEiFKLsG1FhApOggiVUoRUIoqmzGytZUYpsiW3llIJYQuIUpw5pUvGOI6gWjqsJneqfS2IElWEDBIIUSLsTGc27AyFQkJpRwmsGiHJZKhYMtRaai0tcxwGu5WuCmQbl6hkqyEFJMZgQdq2IUophmxNUQhq7aJWImVUAxShNqYTi1qj1FKjtkyFutopGKdWQl3XKTStmyK6vgsFdk5NoVLCRlI6MW1q0ziVUkAUlS6cLl2ptUzDVEuptXe2dLMiZEVITFMWR4SHYZTo+761qZn1sF4Pw2K2iBKWZl0/tTaOowhZES6lKCR7bC2dOFSBAIMtu+U4DlNz6bpQSiWMSkSVm8c2ki6ldLVDOLGdWJLI1rJNaWc6a99FqUVElNW4zpZdXxwRKk6nCckGUMg2TpGqESEnQqWUvnZdP5PI5tZShIWKcKBInNNkUxRTy9ls5uZmSVmipjMskjQlhNPOzARJUoDDLe2MKtkpCqFQZraxRdSoAUlEtrZer9OupSTZptZasxTptNOZmRExtbZarUuEsVFIpVYkkSpF0FoiSi2YzNbGTOSpSQUTJQJkhFUQYaezGZc+aukxxlNrXRQFSEJIlIh0iohqaOvB4RqVAGftO1FEQum6vougqNRaIzJdusiUkawQaTIboNrWRyNosZjXCIgoxXiaplJrRHS1iyjCrSVya1ki0q05Qdkmg53KAGdm7bt+NutnvUqhtSiKiDZOgCQ7s6UxkoxtB8ZV1Uo3R6jUWmpJE6XYql0fIptbm0KRpGFWe6Q2tihFUEotoZxyytZai1BRSNHaVEqUUoZpnFqWEqFIMqdRigihUkqNWlTkoSFZtDa2sTWnTSmVEEYiM6fMLkrtSyicnqZxnBotSxQV2tjSzaaWMrQcxyGCaXIaOUvX9aVkesqW2dKUWiMiM2sJJEW0bCHXWrJltjSWcSEiStE4rNerZYkotWYzTggJICSVKKUi3NLImdM4QvZ9bzlKZ5qAaEUFCVu4Zas1FIqI0pVA4JYtm4f1sB6GdKZbOhVRo4zToOZaSz+fz2aLIq2Hwck0jdMw1RpSHK0O23rsuprZgK7WdI7DVKSu78dxnPWzjcVCpXS1pry7f6lNrfZdUWnOEl3Xl4haapfT6GYjp0vXR0Szp6lFLV2tIbXMUGlJDq2rASqf/HEfSWbm5My0ateP67Hl1KkSCkAy2drU9zPSma3WqojVOEUpmVI408PU+tmihIxqqSWiTWMtZcw2jhO2Ioiopda+uIFaF9Hsvqtd3/d9P67bMA3r1Xpqky03S2qtZabTEaFQLYWiiBpR1+vBpnadM51NRW1s6RRkplSiqJTScGtTrV2ttUS15Jal1r7rm3NqlBKqIUop0Vqmm1qLUoqqJGe2cUwrgjaNRunWpqnWijJbOhMUgQ3hqBGQpJ1OCVvUUNpTpkStHZC2MempTTiliLBxmzyNo6GrXdKyTdmMMkK1FEXBzZIzM11KKaWUKNM4pglFm6ZSaiiEmzPTbZhAirCxDRIORQ2NSZvGKHU+61WKUFcEKIpQw6XUWqtCJSIUKLGMWybOrvYRIJUodotSBZkO1NWIWklnNuRaa41qWB4eTdMUNaqqMWa+mG3vbEsFg1WDxGNrrQ1u1FqtCCwrIkqtITU72wiEsN1aKpQ5juPY1TIsj87ee898Mevm3ThOOU5WVCEHISG5OSRFUSEa6aIQUUoRuKWIKJIEMbUWQpJxiYDAmJSkgBRCUYGpjZjS1SrZyM6QbHVhS1IpUUtfQoRkEskZUSMkiUxLJVApWLiN07Q8PJrNFrPZrBAJckbtoquKcE5Qu67rSp1aM1GLW/N6WJeulFrciIhSa9SCVBQqiii2nRNOEbWvadItpFq66AqKrlZQlJDUxjRtamNEdLVTxDiOOAUtM90UtZSIULp5SkRXi2rB6VAohrHRGjVKBChTKoiQANkmc2ppVAKQcUtqRLMTulpV5JZpVckoRGttaq1GpWRRiaIpbWOBEESJbDm1yaRNQMqZiYkSkogwiY0UyFa2jKAoppZgyUVSCUAEuGXaKJCFAGFnaza11ohAGESApswQlmkCRYkIRcQ0tTZZZCmdlSEJTVNztigRNVQcikaSrdZqaA0CKSxKlNmsKyq2E2Fna4pQkSNsBFEKUgIhJyYjSpGhyJraVETXzRRq2TIdIaTMNJhCIGxibFOJsJjGkZAIZxMoKiIUQVgCu6UxQQq3FoqISLCTUKgoJCAUCpOJSwgFtGxOWUJRLEKM41hrjVJKSLWEFFGUSDGsVvfec5edi83N9TimW6gEYSIiQG5WYGkapyI1e1iva1f62kfEbDY3TOOoiHGcSNdaWmtRVaJmprM5JSyRE6StzKmN05TZnFPaUkQIGwBKF26ZrdkqXWmtDcNoO6Ua9LWDiiQpM6dpCimkYRrHcQ1EaJwyMCiiGNwyahSFnQr1s3nKtktUcDpLSBGYcVwP41Br13c1QlgoyVTUlmOozjdnXT9bLQ8jSikFQ4TTiUMyqSAV0zBNrdU+IkqnOmU6h6llLUGRrGaTlm1LAikIUcb1er1ed/1MKrYFiiiSFAhJEi09ZZPp+y5CgZBISmDT0tkyACtCCTJEQKqWWa2TJ6dLV7M5SRQipKgljGSBLMCZlK5mS4yVJaqkdEJABiSUWiMKUFXGccw21X42mxVJDWGTtJZpd10ppeB0ECWmNmIUEYq+q9HVouqiHCeDM6dhqCVKqeM0ZTZFlBARXa0tJ0XMu54IO8E1OqSur6UrRIzr9ThMU1pOUOm6bC1JlNlIspYaISNBEFJ0paSdTuw0zixRBSpIYCW2XWutpSpC4JYUlVBmlijjOE3ZSkSJ6GqnCGSnQyq1KyrCKnVjsQgVMKbUDhtZhJylVCS3lGQalu0ozLsehRSlRK01QrbdpnSKyLRKhALCcjZmfR9VbRqJEqX0Xen6TjX6UomyHgaAiFAYh0iDhEAhwlKbhmlqxpKkkq2BcC6XSyxFcWMiFco2otLaCKRpbm0cS4koxa2VrlPUCHe1I71erWWkgtxJ1CqTKEpEBECikByZTVYpYTKiFgUiQqWWTEVEVyKd6+WALCnTW9sboGEYZ4vFou8iytQactfNur5iTEat2IfLI+zJE819Nyu1Roh0jaJaStSImmTLrCVydKlhZ1dq1MhMQdQoUVbrYRynfr6otYqIUqKroPLhH/y+ewd7tRabrtSu62wjd11MrUVRLcWZcokIMh0xm3cRZT0s+9KVGsM4VFXIbFPfdwhDiWISKVRUop/N+tmsTeN6vR6HYT0OtVSFhhxk25mOrosSpU2pQtf1xq01BaWrlqextTYporUWEbWW9fJIpdZanVlLrZKLSkRRqBRnMwrAFpRaFeFMEVWlgTDSbNaXWrJl11WFpnFKG2FbAilKtGySQmRzFsgch6nUzvY4Dm5ZazgZp1FRS2jMlq0RRaJEFdlsmbRrqUofHh21lm0aVeTG2JpxLbVNLUWYvu8lFeNQiYiuw0xTazQUJSJKOLO1adbXKd1aKyWmaZra1PVdLbVlktl1c4dLKZKM7ZZkttZaa60h1b7WUnLKbFNrCaESIrKl3KZpUlKklDMTK4SxM5FKqNaCPbZpGscoUSJUSqmCbr0eSihKEUQIaxjXzuy6mi2tjChRBDhbjUJRqQUpndlaLX0tndLZRitMC6LvO2O31kzUoqhFihAgqev6Uqvb5MxmLQ+WB3t7LlQUtVCL3FRKiZCDsCIyMYRK7QIkAqEiUSTZLipRIxvjMNZauq5vOdaoyEgGnMKhEDgQgpxaSxyhQFPLEtF1JaIqQgghYVsEZGtTiWIYVutETttNtRZFIUottRQAt1q7qMXZILClUESJkolzilrGcXK6q11mUkIC5JZ2KoL0OA7IiiJF181qV+2MKCEZ2y0IC0FEqbXamdkUZdZ3RWpTG6Yx2yTFeliXqPNZr9DUGibJEtVJay1xmNbcpomITgVRopg0LhEQEcI2Ei6hqLVlQgayU4EkRUGyPY2jbESORpIiQsKJZGe2nMZaakTUiFCIlG2pdKWUrqBhnGrIJTBKpy1CCsJKUimVEgU8tWaIEk5lOqQQtpyTTWutkwxRiqRQ1CgSYBGG9CQJO1SiIBEhBCgiglDIkiSMQdh2382maWqZiYGumyE8tsmtRAinbZyTTYsIhaqi9F0tXZQIG2NSEW0aW5u60iVtXLeQSolpGtfDOlDX9yphM6zWhlpqtrSdLZ0TkjNJQpRaiypYIVmIrtb0OE3GKWQYx8nZoESUwJKSbOOUbqGIErJRSJHNOO0UxW5psJxNUUKAMtOtjWNr09RaiwibdAOwRazH9f7e3mzWd7XD7mrtaidht9ZaEVHDipBqLSja2Jyt1q7vZhFFECEQZNf1dVZsHNSoGKFSJBUFgqE1SYJsI7hIqiWkzFa7TlFsk+lUlFJqCIvSpja1NrUmZ9d1aZoboCIhJDeXKLZbayWKSkytScYpDJQShBThzCjV6dayIJWSU8ucFGVYT+M0ZDanZn2ppRiBMx2hCKESpchka5ZKqTWwXCJCuDFlk9xac4bkWlRqp7SdEaESJWiZrbXMLKFmY5USpatkwxldCTGbz2tfw0SNUBBKO52hCJFWmwZB13VCmZmZQklCpu3MEiUiUKTtqSHVUhSS5JbjONSu85QEBaUNhrTTxtnGsUGGgmZjrKm1IEotU8tszekQlkLqah8hp5toU5rWdz2KaRwzm7ONq3XzpAhQrXVqUxo8AbX2iW1K7SNKSkUGtZYISYqCmMaxtZZQQm1qOFPZ0XWzXulmutor1HIKghIem0VXq5Bw6arSY0vwODbbkoqKiiAmxky1NjW51ooBsKOoL6XWKnsYW8GCkJBsW9ASRVc7wJkW0zRkZogopXS1TS2nyQo7bQGOCLCVTrdmy9PUsMccpyEAhQqEMmnTFKW4NVvpFhF2G6cRkzQnaXeli1oiiqJ0XZGUmaFIyJZRoq/FdqkdIDFOk3Ga2WxWnIguKgrhomjDhJh1tQTjZDK7Wm1P09SmsagYdX03my0Uaumuq110LTOdUbpa5Uw1RwknrU0JRRE4sZvHcRROZ+27ccr1sCaK0umc2ugpVSQVRGbWiFJK4lqj6zqFulqFhmHoFBFKTMNYIiSbUiuZUZjNZ1JEiQRFZE5TgiilhqQStQYKZ1MoM6eh1QiFVkPLKftZX4rSaZNJayMRIQnGaUxn7bpQ7ftuPl+gMp/PaynDMHR915WarZWP/8gP7rq6tbmjLoqKM1fD2IZJpWS2+WIjFJngZqwSrU05tdJ1JWqppXb9OIyE+vks22Tj1pymaGpZSqiEbCzJVTFMwzhOKjGuB4X6rlMtTo3jOk3tymw270rpuj4io9RMRynKXK2GNF3tpzath4Gg6/ooZRonBMZ2LUWloCyUqJE2IgEZECQUSp11OeXUpii1Rh3Gwa3VrgMiiklsmmxnw26lhCyC9TiquZbad303K0n20ZW+TpmknaYoIgRE5DQF1FIUtUQZc8KWai1IRSE7aqmESxTbIalEIEm176OWKEWSQrVEV7qWU4lqI6KUkjmlSolit9pVRchWRFhTazWKIkyzUciYTCmkUDppLXOaWikFYhzHsU1BhCQpCCIDtWYwmHSbmpW11imn1sa+1MxsU6u1Lg+Xy+VhF32tJSIoNach05a6rpM9TlNmgmqpte9xRq21VKlM46SQFGmXCEy21nVdlMgp0xkRoRizFcJ4GIYpJ6y+60RTFNst07adxTba2t7uutI8OlVqzOaLKAVnS5mchpQQCjmnNPRdJWlurWVARFGQmSUCp/BqvRqGlSL6rp9aK6UQUaOIyDQRRRERQNi2hvUKMesXFOU41q7gaDm11rJNFnJBWQKpEhQRCmw5u37GZQWIUMhivR7SrrULFZNGNCcpk0qRJUooprHVWmutUSKnKe1M0g2pRGQ606WUQAm2M5NQKUVmnKaxNaedSQCWsBESSZS0iVIRiq6vUu37rpbSjECiRIBVBGAMU5tUVDBSKTWAdBAWkghhJGotEw6CTBuJkCKKwiGNbcrMNk1TM7YDgU2tBatNjcC2VFWilGjZso1pSqldKW2aWk5TTkXhCJkScqbs6ErahgAUKiApCJUIohRM5hTCCQKpRpnGRim1hI2kFIBsC0lTy8yUFFKKEBE1p0kOFdkuVaGQiBJOSlEpkUnXdenMKSUZRyikhK7W6AoKspE0p5uBrhajCBkwwzRgl+iAacqcJkW0llObSo1aOwnbpZSgtJYgQpWgiECgiFKrbCtKKVGqEHaUgjRNoyK6rpuySZYicwKlG4q+VBUZhKQASyGFZKcxtktIUVCEnKQFTZTo+7ClElMbpehnXeaUUl+6KDgdIYtsbTbvTp06PdtYuKmb9V0/z2kyJjQNQ2ut1IpoiXBmpMcoZd51llfDOtsUUSKCiFAJNIwDaYFQ7YtC4zTkOBpqrV3pTI7TFGLWz20UEUVIUsFZoiKrhIhxnKZstZZZV4y6vtQowzAICWXLrnalhKB0XaEQMu5qqdFHCTvGNklRSggh2jBm5pSWKaVKTrdM21ZESKWUrutwtTxNkwKQTYkiJGVrOYzTvJ+VUNoWVYUiABIi22S3vu9KLVUxtqm1ViJKkaRpGMdpCkUtIaQIQkpDNChRSq0FCaXtnKKUAEOH6EMKZzYIRUQgtTaFHJKhjamIUKGoKyWkcRxbNrcWJdLZprZuE41ayzgNilJruBkppNYoNUIxZUJ0JVK4eZwmkRIYgaRSotaqEJadw3ptuaiUiBI1asmpjW2K6Gopiui6vuv7gLFNLZNMpK70ikhnkqXIzdO4dlIKmelMy4qihnFEKREGtza17EqNUlvmNA4qJULpKadmuUQ06EtfS21talIopnEdpXRRsiURmK4roS5N7YqTUqMqiirB1AYUVaWRmV6u1plTrX2pRcLg5ildSolaIdfDmKSkElFUFKVlhiLb1NxqKSgiZHuapjZNiDasp8zSdWMbpVJLuFFLbZluILDbNAVZonbzWcsppHGYVkeH6/VQSxdSlCilIIRKoCghBdHN+qmtFeq6Dhyl9LXLqQEgi8yGszVCAkpomhpBUdhtmtKm6ytESIhxaqXQdyUzateVIilq7YQkMhvOKKWvhSgKWlogqSuhULMlIfW1zub9ZEdSSgkRUWsXNeo0ZSldqSVKyDgQUpEIpGyZ5DROtes8tXGaDBgiutqBsk3Z2npYS9HNOzWmHGuUTE9tSihSoTSSoEaNTIu+dn3fE5AZNbroDMiSAFvjMHS19LNuHBukSklniZhaI1jMZuNIcxZLqGFlOpN0+biP/JDa9ePkvoQUKkSNYRyFS6lBtGx2MyEotZA5Tk2QrR2tll0tmK7rIJxWyDaCzKLAtJattcwMoiml0nc9ZnV4GFKJCmTaJODmWmtEGVtL6EptrRVF6atxN+tqFIsidaUrpYBaG3KcWkt7ShVjUlNrSkeE09MwyNS+gkAmG8ZGqlGGcWyTQ9HszFZKlAhBlFCUsQ0liqTMFGQ2yd2s7/pZ4jZkzDsl49hKX7tapLCNpJQUVrYpCUqIKEUFN4qkAHVdKYo2TbUroWJRFBHR3DLTyTAMGEmJcaISlrGCzGyt1QjTgqJQTmm573tnTm0qNRBgREAYIqQCGFOKpGkYgRKlRun7vuuq7SkzgogqKURrObVJUgmBImIahnFstVRJSG6pos3FRtd3kxXFQYzZ3BJRIiycTSqSWmsyFjKlFCmbjbGQEWo5FRGlIobVGilqJ0kAmrJJCiIisI0DQUQwTMN6tTbuagEo0feLxca87/royzS2qRm7DVNzhgJhQCUKxpZbM24Jkloa07IlllSidLNZX6pRNjeSBJPZppZIhsQyIY3Zhmnqu06KaZwkjCIUUmam3XWl1ILthFAt0TIVMiqlRimZzVNiqZLNaVBEBIBCRmjShFEpAZmOkJ1TZkREiYiqrmSb0imIKAYlKrTWWrMkt0kyIAAhyxEhbEmtZWaWEk4rSqEkODOKCAWl1kjn0dGRrShq4xQlQqSRSBtcJCEMIew0ETVQZjot3OxSipMAAwjbELVmWiKInFohahc5TaVEiYKQCUIRJmuUiBIiUNqZKUslhFt6nIb1elVVa1edthNrbFOJUAgj03c1YZrGNoxRumxNgdDYJsAOZKdLidp1pchWa+mcWrpGyUzbGIyVEQIFihJhCYiCkiTttNvUSimgEIk9NkHpa0RRUWZmazVqyzTpqZUoMjmlIiSBI6IQLVtrrTlbTkFEFBmH3dJ2WA5qLbV2TgBD1FIiWmuGWde1cJi0i0pEVYRxjlPUaGOb2oCl8DhN4FpKiSowgogoCrVhjBJROwy2CIGhdjVgGpsiCLCQSkhBmzLtqmg45FCJCBRCXS1p19L3Xa8QqISkGIehL53BmSIA45ymcT0YdbU2J6bWPpAwjlQLYSKdbRybMxOnLbU2TsNUSrWbSilRQAkQmCg1pIgofaFNbq12XThX61XBtfbrKdu0VimlVEVUomG3SYoSUumMFcrWWpvAfd9hkFFMLSFTCkyCVEsRITmnFjIKKYAGmBolAoUQabWWXe26rgC1dLXO3MZhHIgQ5DRl2pmTm61SUASSEaSbHYRR4BDGmV0pCU5UJMmtrcf1NI4laimolK5EoqJCODPHaQQiSheRzWMbCRENMG7j1KaRUgohWanSKSKwi5QJpuv6tJsdUUoNEa1hubUsVbVUVLBbWrh2BbtEUSAkWTWy5ZQjputKiTJly2x934coEVGKQGF1pZa+ZbacQNCypU3aEUSN2tc2jNM4CAIZh1CAmTJtV8lObC4rtRjCgZ1pBa05nVhKuq5rrZXadaU0O6cxSh3HwXYJbKddJDmbVWuxixRBpIkSU2tySJJQKa21cZham7q+r6XaDYgIpWspKjVpOEVIGqcsKm5tbGPtuq6voPQ0rUdEkAoitB7WTmrpsGvpogi5tURZS+1qRbQ2DeMoKUpESNbUxq52/WyOM6JERDprV6OAsLOrfQSpUmoUFRsFoYIURbO+j9pltrRLLYLlcnl0tIxQ6es4jeMwdbVOwzhl9l2VYj1Obq10taiUEjJpI7KZUBFpnNnSbZpMK1HAKUIRkhTdbGbSbhDZWmamnZlOIxSAMnMaR9KldqWrraWQULbW96XUOq2nKVPSvJ+hsAgpotaudH1n5GzT1Fq2kIQyGyizFRUiSpEiWk5FQSGbp3GVprVWRCnF2bJ5GKdpaoQTZ7oqailjm4oU0jAsx8njNE7j0NUZeGoORZToZmWc2no1lFJmXSWdLWstOKZpTNN3fUREKX2tKtHahJ241MjMYZwwDZeP/YgPUmDTdd16XK6HaXOxIdGgSMM42vSzWS0RNYQS11IjioKxZbbsZ3OScRwIujpr2WwshABCU5vSOKeWmi9mKBJnpklFBGF5sVjUrs/1uBrHqCoKSdM0RamllkyLoBmpK918Y8N2Ti0ziwI5VKKWlg4RJXBLnJlIUobChDNDmsZ2uF72Xdf11S0jVGqNsGRTQiEzZctM4zaNtau1q1KYdKiLvtQqxTA2qrpSW7oU+tpJ4cyWU0gRERERZXIrijY1WRKJM70eBgmpSKQthQ0AShBgoqpNI0StZRgGqfSzfpiGaRpqqVJRaBomwMpxmCLCaTttJLXMaWxFERG2VUqp1U47I0oNgbqulK5GBEEE0zS1TKHEmU6IUosgokZECWxJmZbUd0Wl2Dms16HSzeYiIKexARGSotQilRCIiIDMtEks7HRihVPEOGWJUBi7TTm1TFAJSQmyu1JLrQJFlK5GRARG2RwCSZDGSSkVu6ESHppJSBSRtFkfqID6rjcZQhHInqZaZgpJ0ZdiKKFsExElIlS7WhSKqBGoyi2xFayHMT11UREiopQkPU1dP6tdGaextSyliwgKJToiasFEJcYc0yQm7SBbU1BK33JYr1aK6LtOijSm9bVGxNQcpQCKIBUhSDK4rDVPbaqlGDtbDTlVSyXCgO2IIMY2FUmlhDS1jCBRiYhSk8QyVqhEOF1rncZxtR5qKaCWiSE9uY3roU2tltLNOkFrI8KSnKIkFIUJYUqJomlqRVmK0kiKUMsM1CanU8iAAquUEsIBllsCpasoFGE7nbVUIgQS6cxEgW0VtSFLKGoFbIcUSpWu72e1ltZaQqB06/oZJtNFapnDuM7m0sWUTpoRRK0hC7nUPoosshksRUhRAizhtHFrmc7adTJTpiSJdNogWmabJlANIaVtG4WU4zSB7ASjUiKaiULX95kcrg7b1BAOWS6KiEBKIdTSNRQuJSLJaZoECkWpJSKdLZ1p3CIKgY3s1qZMl0oQFGGP04Qgwa612EYUFFW4EJLUdbVla1Nmm0JRas0pMzNKjWomT9MkSREl1FrLZuPaReCptUynLQRO5zQ27CgVO43cZDloichsLXOyUSgz29RUo0oJDadpw3B4cFSKokaKEl2tJZ1FRRFAlOi7sloO0zDW0kWUnJqdQi1dSleqUJl1nSJaTm1qESJCklDm0KacWuu72nV1tTwknXaza5RQTM0RUqg5gTQ1AiQRIayptTRSROmS5uZSA5imIaREUQLbmYmzTUgJpQQo07KNCbqooHSrFIKudrZl167LnA6OjlZHy9IVgSIQoK6LUosTKSRIG0WR005K6cjMdNQQapltmgBZhHNq0zRFKVG7CKEgM3Ps+nmJaGNTLdlayzRNoVICIievjg4vHRy0lov5ggBEEBRgalOUYkhSUUJESEJSm6bEmVlqL5UCTiMFyNRaMh0l2jjZWUoVqShuObYRIkLZPLVWSkiBlEqnMp2pJN2mTCMgMpsUXa1ImSliGqe0S9cpZCxFprM1RN/PbDJNUKKzFFELTM4I+tqDpjYpCiJCXdelUSA0tTETRB+yQZIkFYGdQooAZ7b1eo0cUU2TVEJA2hElirqu1ihRok1pUqHWWpQwDKt1S8BR1NdaZ50U0ZWu66WYxmG9HkLq+i6iZEunRe1qRXZma1NEiGIoRK1d1NJaZjpb1q6bdb0UU5tAJaLUkp6sINs4NDuRcISiFChV9tBa5hBRIqJ0XR/R9X1m2m2aMqKEsJnahFvXd5KGaej7vq9dA2ET2VopUWoM67GbdQpN0xQRIbquBqGIljmO46zvRCWYpikbEkglAiM0roc2NkkCBVPLaRgz6PpejubWhtGKrqsKFCUIcJum1qa+9laOrQUEsRrHYRhqyHbL1kXX3Nyy1NrNaqax29QiwkYlahQVMIZshiyllKh2ZjpCfalEaTlls50mhUqdSRm12rTWat9JZRxbKaqhcWwKJdhWeJqyZcpRuj6qSu0QOY6mzbq5IVsbh5VT/WzWSIxCbp7GMSAi5vN5RCdcPvFjP6JIEmn62pdSxnE9TqPkUA1JAhtlUTe2SQiitWbU16hdzZYRKrUrUYFaonZ1GlsyllK7UmiyXaKEPA2tlm42m9euuFEiutI5s0TXpmnM7LquRDdllihCk41zmprsKcdsrXZ1vV4VokWbxjFqcWtEzPpeomXWUmvXFVgPY9/VKD026b3dS92sbs43wh5z6mtHqLWWnnJKlQiUtAyKaokCWaIURTaXIlklSuliGj21qbV1oWDsLJIxUhvbcj22aUpn7SRF33dITieZFhBSV2tXOgkbInCGonadnU6H5Myu60otpMdxKkXdrAOyTUGUGhJRZDub3VIw60qOuRxXs67ru66I1qbWMp1TS4h0ImqtdoJCCkVEwbbUpia71D4kmyoJ2jQSIclpIxVhR2g2n9E8DOtpvU6i7zu3TLcaXRbXiK72KrSxpZtUnB7X64T5bKYSzlSUIoGap2b3NZzpzK7rhVfL5TQsN2YzRCklSoytRQkBJiCbxzZJEaW0qa3X61K6WqOrlQBFV4uikghHYNvNRYUIMM4SlSIlEVFq59aMCaahDdMwDKMQRYISMU7jNE3IrTWcSkVgZ7rVrnZdNQzrVbP7KP3GvJQYhpTUly6qAJJ0Bth2yykzaqklSgiVoghJQpBmmlqtoYhxGtNZo7M9tCmCUgvC2WqNWguOxF1XpqlN01RLlFoE0zgSsg0qpQqDai1uObUWoVAxiqDWrkYRYNo0tdaS7EotpZoETa1lTlFrSH1XpMhs03qKIkV0fR/R2ZMQFpmZINu2MyJUokihKDUITVMKIShRVQgiiAgpotSuFFWZzMkqhXR0pZbi5mEaSkgqbZwiAlFDoigUYKtEiSAiHCLTkJIsopvWU5LNGXKJANUomW7pWovTY46kI9TVXqKq4AxFKSWCcWzkVIqkGKYhp1aj1FJw2hEhIpQguihTtmFcl1CpnZyJnRkRIdIuiqmNCV3tEK1NTpBtZt1sao1QUURIIJU2jV3pFBKezTdzynEaFOpKyZwcIRu777qJtjo6atNEAyFBKKKEFFEi1JojooTSiFSUrta0MpN0awkuJSS1TKFSOhTNhORpsjNqwQgwDrootRYEeBrTGBkUCtsph6JIU7NRrYEVokaUEl3pMjMiShUmwtOUiYsK2YxbNhyzruLibIowNLtGjVIDAtVZ15VOUTOzKJpbqJbQ5CkiopRMlxJ937fMElJfqgpqolSVsY1tHFvLzEY2g0JFKlVFkWjW1XnfK7Q6PHjC3//9waXz29snutksSimlm1pza9iSkWS3aXKzSRFtmpzemPWlVpw55TCuo5QuasNStNbcpr7rsVpm7WsptZYiaK3ZVqBSQtEy02nbbkWxGgZJpfYtp5ZZa10sFlh938mM49iVWI9TiSgl0pbSFtDXro1tamMoyFyujoqKQs4Mo8CkLJcStYLCbZqaFLWLtNMWJUp0tbSpEe5qL4WSYVhR1Pd9X+usX3Q1WtoJEtY0tVKCtG0QMI1jZvalGoE9TUSRkDy6TS2JUookOzNEy9HNpUTSWmsy/awfVqtpGGtXWmbtAjBka0JRVEoRhEm7RoTCdu2qLEklilQkY0otgrS7El3tpJAoUVqmyNJ1tfaAm8dxANW+KAO5OWspte8VCgInIMU4rlqj77vAzeq6PqQoJVs63WyMQEVppamlOLO1FnZEke1soFp7EgeZ2TJby2ypolBxa62NtVRFYEepAKSINrbWxilbhLq+lxmnMaJKESVUhC0Vp52Tw0ELhYNhnICiUIQibHBO41RKiRqZaYMtRakxtXRmLSWiDOtBGIWwjaRxGNo0Qam1RMQwDlIpJeycpilqnS8WRdVufT+vXTdNo1uWUmRbCIlI2wlpITlFJG0cx8FN6aLIKCGHaXZfCnhsE+m+79er1XK9nC1moZo5ipKehGbdjGzNBKV0JSJQYAIp3Fojoq8d0KZxmFotJUqpVV3pEFPLTjFlTq3RMp1KdX1nuzlbNtsRYE/DhBGe9d2ULRsKMh1VXemihIJQ4FRKob7rwMMwtCmLRFFOTc3grhaVKKUS2capixBqbsKllL4rylyv1m0ajJfrIeRuPlOJTCJKV6JNLVtmmxQQGtuU0+RpGoZlhMonfPSHRCmSWmsRITc75rOZm63Wz/pQYEftS4nWMkqptYDDSmx7HKdaZ0UsV6vMFlWhsL1er3NqEZG0EhEFqaZbqZXM9WrZsinUWq6GdVeqJYWixDiOQlFqlFJKTdNaiyihKF3JaRyGabbRj+t1a20+WxgkJdgCdVGa25TZd70U2NM0omwgm8I4gVtEXU9jm1o2RwkFRREhj6mgtSEbXdcr1FqadKaLREk72yQp0/aUzYFUixPICAlFLVVFkAko7RKhkGzVEoQDZwMs59jSbZom27WvmbScWlqAcLbSla506/VgotZSajHGIDJTRBT6rlcnEtKWmxuhQqQdQZRiVGBqmZORFMocx2YJSXZTKV3XRxG2BTBOI44QLbPrS4kqe2xuY5uMQoooEX3tmmxjPI3NaSkyW8vMsUUp4NYmrFK0Xi7TKpXmCGExTVMtvWpISCAZG3V9JwUGVEMkpZYkcUg2lJBQZkOhUgrRMguoBCjTpRYkIxnwlClcVCbS2VBkpmEa25QtpJyssBSl1Fo7GUlgh7DdMp1kElG6KpVaClJOOMe+WyjU2hQOhBQRanZEGCQ7DaaRpCKKJCKi1BLpTAvLoipq1xkXSjolzfrOUqDZYhFRaFOaCGEhaimWp6mhWPQdCgjkolKigDPb6OZ0yxYqKIMoJUhHyApQoCmbTa1h5PSUo1Rkp7PrZrVoGJoMoa6fl8C2VJwZyLZDIQGJa+1KhIhaKoBAytZsSShKupVSJaY21QiDsQAHaRxIISyKRBSCEkAEKn1fSrg502mDsUKKcKaN29RaDrX2JSJwiRKFiOhKjVISQigUtYZkbDIUteskCbtRqhQls5UiUaY2TlNTKUIRUUoptUC2dJQQAlqb0i4laoRUI6K1aWxjUcVM2UiiSCVIJ1kV4ziGonZVoZAMkDKKIsmB0gkRShERQpDNzqmplLFlyLLWwxBRlDkM0+bmlkotNUqUICLU0sopcalFEdM0gSRMCJImpEAEkVEqCIhSkMZxJLPrZw5okpw5RQkVyTgzaoSKsGVJLV2jKiSnHYElprFFUEoXipCajSJKhMhMgUOkW1pEiVANLEn9rJ/a1NwQpQRGqEQBZTZDKWFFrVFrFyGICIdk3Fqz7aSUMEzDqHBXZ7Xr0hm1FDG1jCg1anPaJkqVMmlTkxPpnnvuPnv23PGdY8uDgyc98Ykp33Dzg+eLDYeilhpFIRQlOhV58tTSSoVyas1jqJQaiTMnQqAoKiolQsSwXmdm7bp0aznV6EopmWRLlSgKglCEAKJGLSWiZKKgRJmmoU3NdhEChQhFidamUMgm1NXIaVoPa5LMjKISIgq2YRzXpSt9rcbGtetqRJbIYax96bouE5NGObXVMIaUmV1X3aSQUDaXqqgVR4mu6wJCEYpaaxWWcVgI0dyk6PsONA5jhErtIKeW2Apq7SJoU6po1nVFtJZja8KZSU7jak26lGIss14tM9usnykCKNSJ9IQiWptkohQ7MzOtrgZSKSVq5JSNJLEtKUIRkZnNGaFmhwI7symilqoozdmczlQoFIZxGnEmxihBIEeUEgLVrouQk8xWa4lSSI9tCpXSFUUEYVxLEdFFqBYhGxUpSmaO04izYUEmCnVdV0rUUlprkqJUS55SppFtSiAUaTtbrbWW3jYtiVAAtEy71SilFpFEhArh5mjT2FoDizRq2darpU2N0nW1lNoyM6cofdd3UggslSiQza2lSy219qXUENPUJBkv18v1eqxdX7uQikq0caqlzGezydOwHkspUaKN05QNK+2iCKI5AQXgTDUnpnY9QKJQFBWVBEVECVSmaZzGFhGG1lqptZZomcN6KLWAohTB0fIoW6td7UrndJsGECJbTtOEVEq0NrUxJeaLmUqUEiUiUeakkK0pp6JiM+Y4rceoXVGM00iqq3UcW6a7Wc0mwm1qURRoaBOpUqKlS0TaSqckZFxrJZnPuoiYhulovW5tJMnMbGm5lM7ZDIK+dpLaOI3T0FpiqxSc2XKxsRGlCBUFMuQ0Zq1lvRqSnHezwImmaZKkUPnEj/lw25Jq7UkP66GrVRFtagRd12c6rShxcHjYRYkS09RUFCVqUagYZ6ZJO7u+q6XDuLVsrn1fZkUqCNtRGMeGSVJOTD+fQThd53MpxpymsZVaNzY2Wpum1kqUrkSY5ky3ru9L1KTVbtbGcWrpZmA+71FkthJ1yqFNrev6ojASOY6t67rtzY1M55SSoiu11ECAcKkRiJSVkKXEME6tuZZwWiEpJHLK1tqs72rX1RJtnIZxJFAU2yJKDdulRj/rI0rLySQALqX0fYfU2mh7HMZpHPu+D0UobMZxaM2zWd+mSUIo20RAEioqyqTva60lImza2EJSRLZxGKdaiqIi2zlNY9pCBF3XSQUEacKZSQpLImoJ2ZYERZKUzlCEM4VKV0Kl5QRM00TgzGkaQ9SuzPtZrSXQcn1U5K52QBubnZkGd30vOaqillpmIVbrVVHtu8g0zjZOGJCIAKkcHRxgdV1nUEiUtGstoWg0oYTWmgQRwi0T0fVVoMBWugXFeJrWSBF1nEawSs1my7VU280tFM5UKu2ptdZGIaBEUShKYAMgGRQKSlQLUIkamFBQTEIpRZlumc0pikSbRmeWGkKlVKQQKZvoazhEMtECNSeSIJ0yNiGpVERXCgpbUehKb3KapgBUx3HMTJyZ1FIiwgpJJoOYcgopbUxRiaCqUjIsaklTCoGa7Wxjm4pK1GrbtnOSJEkCHBGgzCRUJQGS0xEqJZBAYJsSEYBTpUQJBW1qLVPYzkynrVAkY5skJFpzCDuwHU2SnSWiOadxmtrUpqlE1K4KCUUI0+TMDAQyBmwIj1O2aQxV44gaoeYstahIhgJWGpylBJKzNRMSRJSCGHOK6GopmWmhKArVrtToprFJkgKULUsoUNpFIoQhIkK1BmSmQ1Fqtd1yiFpCtUSgEKFAoRIdEWGFnM2ZGtpoCAEiHApIZzoFTXImXQ1wZiJJNIPTESHV2kUVVrMJOxPSirBKRNrYEQGyyNawBFPL2ldFJWltArVMJUiSa+kCUgYhtZaksxEhqWRiCFRq6bvaTCgUgdycEdGyuRElMqdsGRG22zRltjZNtosiVFQDGg4FEiJUyLGN09B1NSKkiCiAStipEFZmA0XShOzEmY0kItrU7Gaczc4WUaIWsg3DZE8ksmpX67yTok1TRHRd17INq9VkF3zPXXdeuHD+5htvEN2xna1rb7pp59jxnFyillrHcRBFIkJIRVGKai0oJGqppatRK82r1VBrqRHYzbbTRQJRVcCZTiOhlpOg1qKQLQz2NI1OZzpCCqQgac6IqFEs24gQQtQaCGOPbZjGbB6GISKihE2RkARRo0ZRFEUURdQQ0WyZhpWSmFoLlYBxmiRFVEBWQl9ryzZMQ4mKDZFMmRk1RFFgExHNBtuOIkW0sUUtwgm1BCEIEYGQS9e1TJNdP5OwszmxCYnA3rt0cRqHbtaHWQ8jtNLVUvoksdUVT1a4drWNObYxIsA2XQQlSBsUYcDZ2hREhFo6WyoCkME0TwktHcSU4zQ27BoREaWUKSdZEZHpUmuI1pqxndPYmh2hxGSiiAggSpmmZlMioobttDHDONoZtVZhnK1ZFrKxTRF23/XdvJMRSIooKQkDAkKW2zgiSkQgRZRQ13XZ8vBoiTTrqx3YtdRSassEkATGmZKbcSDbKUrUqEQpoShRJFmZE4ZahZVutetLkXHmFFEFkhTY6bQUs1lvM4zDNKxns3ntuhIhZBiGdZRaoxA2FFARkM5SIqIQDoWiOJnaRKaxAkVERER4auOYKqVGJCmi5Vii1FqjxDiOs67rZzOn0y1KKSWCWK1X0zSU2nVdrxLY2do4psmiiAhFFKm1llNGqaVUYBiG1XK5Wo/dvHaly+ZaAikUFjKtNdkqoRAYpHApRULYUu26Wkp6yikDiJJMNLdmK2qtKhXIlkXhUDqBxaKPiDqrQRDUUmuASksjjB2utZddFER0JUrtQ+pns+ZpeXiEKCWmYZraWLtYj0PX98LjNC5mi8ViQQTp8nEf/aE418O6r10tteVkPE0NORFWtpFMQjKldlOOUzahNqWEHIlDoaK+60mbzMyxTYFmtWsN5BI1agnKahyytRIxTWOozPoZQUQppSs1QsVySAqGsYVEyC2RZCz1pQtZKKSudAqGYV2LSlQEUgmN64mWUSshw9QGJKRsBiF3tWKkCEpUFIHc0qa11kJVERHqur6UMrbRRGabxma3Uoplo4iYsrl5PpspGNaDREhtHCdbJkJTazU6g5JSlY50m1piyUQNoSmn6Eopkc6oCqmUUESJKCWCiC4UEkpnhCLCJm0jSaXUKOFs4ziFkGKahuVySWO+mEdEKLp5n9lyIgqlVjJThCIiZFrmOI1RlIltQiEsqUQXZaIBpUiKUkNEKVFrr5Bb2z24dOHCufVyPVss5rMujaW+K/2sz2zCJeo4TtPYSolsU1qzWWcrSrTMsY0Rte86yc42DuthPXZdrV0HURWHq6WALqZhAiRla4mRaqmlFCDTTkuGcJumlqUrmJbZUFcUIVRAhEsUZFEKEVKUYqwoXYlsLWqJEhEBUnrKSZKkpLm5dlWAo1RFxDQ1mSjFbhaSau1KRMCYEyBCJfpaUdiTcUtkK1CUWqrJNk1IJQJjOSLalBRh20moRJ1as6dhHBEgFCERGQFZhE2ItBQRgNs0TmOUMrWMEiFJKrU6PY5TKbWrteXYWjpKkcZpmlorpZRCJsKh0lprmWmFUAmDRVEQMU1jWlFCBiEB1FJaZmaGKpLTMikHwo4oRrYFJcqYU06tq12RppYKSWSOKhFRsS1jYaSY2mCQlXa6TcPUWiu11ioUJmotIqZpihLgaZr6+byrVYFhmlI4p2awXUKhyObMBqAibCc2NrJTMolC0TLxZFRKgEJkm4zTmU4pVIpMU4IkioLCNI2ttSBmsyoKNDd1tYZE0bheW7R011VJ2M7WUla2ls4mudY+IrK5jRNmGoaEvu9r7dNNGZRQoahEqOtqKEKutWZms3G2NinVcInS9X2pWg2t5QSUEokKUYsSl1IVyFFLYKZplKilYpwNJGEpIEoJYaOIWkopZXK2YTR2uISyQTaK3Ox0UVAISyUCjUNGELU4jR1RoyhKlSICqRYDbi2HYSwRSK1NUUqJcFpJyzaOUyAiMrPUThHKsACbxJqmKaGvvapsIoqxsyHbxkw5tTGNS1eEnUzDOI5rUN/XNg3jNM36frGxuXP82PHjJ7vFBhFbx44ttrcsrVvWUlEZ2wAupQO7WWqKYoex7IQaNUJOjzlFhKGlc2pIs1JrLaVW7IiQapuapJBKqZk5DKNAkM4kEdkS7JbYjQyp1DB2m6Ycayktm0CJ0bzvwev1UGonVLs673vjlilJKgFIiMy0m1OZtg3OVO1Kpm0QU0K2ru9q7UNCqqUQjNNUotRSp8ykOe1U13VRRKYz7WbspBSV0slqbSy1KoqkUkoQOA0OSGfmOA1FalMbxwyjKH0/E4kEaZVau1nXuUQmUUrtegyg6IRLqJYOKZRpCIVkCcnG6dYmoEQREkHIzlKLnRGKUlubMrOlx3Ho+q5EjVBEiUKolAhCSiIUEWlHKW45tQaqUXAaulIzjYmibBklbDc7QtmS9DROrTUFhlqrs43TlNkUxck0tajqalcUmCilltqmZjLdSLooFnYiYQoCIlRrjVrGNtkyTOM4rIeIqF2N0DC2UovTbRgNtURr2aasUShEVNtuLkWZmekaRaVGaGxNkEw2IY3TNI2tlqil2NjYiWmZJUpI6WzTgNV3/bzva9eXEjKqsnHLzCy1K11x5jiOw5hApqWCSWcosHC6CFO7vnYVaC1LhKT1NFk56/uQxvVkpdKllKiFRCIhpywlRAl5GCaRhlJq7frala7UljSEcxzX2bJlFlRnXWutRNRSSi1tmtqUaWe2rnQqkdlaIqlEKCKKpJiyRZS+63PyuB5qrcDY2tSmotL3db1eZ2apVTWKpKYopc5qiaIuZDsThWnrYSxR+lknq5YSimlqtVbJq/XkbFKW0imYxnEc17WbqZR0k9WylVLHabU+WJWiKKWIKadhXJcshq5GRFmvBimMW2tJlo/+0PeLKDVKM+M0tEwgW0NkI9NFJUK19rWU1XpZFbPZXFUtLWnKJIlQV3ub1posCdDUGhHrceXJQKbVmkrpagFny6jVYRGtTVObSojAY4IUXSklQjbpbG2iSpaN5QiwjJ2uEf18PrUch4HmKFFKdWEaGkjYDXCUii0IRbYcc8rMzCYFdmb2pYtSaylRa1UQkNASqSvVEqabdYoytWlYDtg47YwSTiMJcFKKIAJBiUCM49Ta2Bwh59QMuE1tilITt2kqROn6iFC2dcsapahIRkFIxiQqtNbcZNsYAmE3Z9d1Xe0yh9FtPpuXUqZxjK6bzxaSxjaRajaeatQp2zROghLF6eY0LoooJSJwA7kxTo20nZnUICdUo4tigSXc0oQ85erwcDFfSLITFSlMdLWMw7har1UixynJri9ItZSiSDuTUqJQ5ouFxLBatWzpqfZdN+ujVpOKWC6X0zTWqAqFUCmFoBLGbgo5bdK2FDWkUiKEVbpSSuSEZYgaJUTtuhIl00JRAinTUgSkrailhFGIoLi4qEYtUYqbkRXkZJxRorWcsqkQihIlk5Q9TpMbETk1oOuqDcj2NE2YdJYoEiFZzkwsY1Gwna6ly6K+FAKnDUihzKkhgUopgrTT7mpfagmFisYpnVMpdWzT1EaplFIsIhQRzilbszNKlKhRtF6tV8tV11ekbFlCmTaupZRSIiKihFSrDCYEEm6uEV1XnZ5yymSchpwcEiGFSKbWalckZU7DMEQpUsmpgaPWrlZFkLZToRoRJUIlnYJCYLdsmQ4FJboSwDi1tPtSCa2HIUr0Xa1RW8sQtZRsLbP1fWezWq+x66wvwTQ2nEgyimInqNTS3EQROF1qwcJQIpO+lCjFIpQlaqbs1sYpnYqiKJba0IwLMWUDY4ZhdDYrZSDGaVCJWnqTaUotEZqmyQmKUqIU5dhyctpkpghFLVG6TkgIMLRpihIqpYuikCCT5rRdS5E0TU0QES2dmaUrIdkpUAS4jc2kDdlkESEypOgKAUZRMj21wVLA1LJG6bou3SJCUYyxPbXMBkgoous7p8fWIlRKKSgz7FSJEnUa11O2IpFWKYSmcSLU1VpLtbM5Q5RaArWcprHJlpR2oJZZuy6z2ap9r5CQYb2eMhtFOY3j1EqJrtQsKiVwOlN2ZmIymygRCsgclSgqmcg1qt1KF123MB7b1KYxaum6+ZSJS62l1i5RKV3X9Vkq4WkcydYya+kDckoRYUeJaZoUssNOoEQkGRG1lpwmREglukBSIiy31hQ1nTYRQtAsTC0hWmvTNHWlowTYSajULsacWkujWrqIiKiSMp32rOuGcSq1KAokyKaUEiqIUjuLUEREyxF7aq2lJQTD2EpISCFEFMmolL6rgcZhTGeNolqzjYZSNE2Z01hrVzplSxwqNXNar9dIQiqd7bYeJ1pIpQTgtCRsyUi229im5oiwFFGEFUUR9miEUQgk59hyo+/miw0FoaqiWmspXULtoq/VUgnJTgGlBCWKStjQMmQUzowIRaSbwzhpINIGRWiapmbXEqWWrnTZGii6klNGyMbpBGxFkVtrLSNLLbNaS5XTjqilGjdpGgZnU4Rshbva4XQQURQhyyJQmxIbhWyj2kWULhAl0i4lpsxxGENhK9uEhBQRWNhTToLa9enEjNPQsmVrtZ+VWkugKFjjNIzDCFgScjhKyUyVUhxRNLW0GyogZ7aEnOzMZuTWUpYUEQFGRKilSmiamk3tuonMzC5q2g6XUkPhoLXWpqmNqQCICHA6W3OJEmSpXSmR6XEcBMbraZAVpbhl11UU0zRgF2RFFRGFzJZp3HW162ZTNoFNRGCcCUq3vu9rrQl11peuz7QzDTlOoFKjhFrz0MZAfe1am5oz7XnfE7VlOnO2Me/6HkdQnGNOU6k1s2G6Wa8S5ISzuUVXSpS0hVKUUkMax7F00dXC5JZEp67ro4SNJ1prkFLtapQI0VprwzhmmwQmu1ozHSpdV0PFUEqZxunoYEmQ2RiJWayOjqLWtp4c3t7anqbhaHlYSw202JyVGrK6vpaIJMdxdFpW+agP+QAgSrEdKqXWrtRaSihKjb7vuq4jQ8EwTU53pVLCSVGRNA6T3KKUTLuNRdHVkhijcCkxm82jSomd62nMbF3f1QhUJEllmqbler1eD103kzKd/WzW1eKptTZiU4SiKwXRWgbOZqTmbOMYXSlRh2E9rIbSBShCszorRRgEuNauFmFnZqmVcLYWUUop6ookEiIilGnbU7acklCBTJAjwkiFEFJ0JbJldLXrqghQQt93gZwOSaop7MSUEgm1RN/3UYLM1mhtCtR1XVdrlDq15sxstulKUURixDQ041CR3KBNLRPbmNamydnGId2wRVSVRLJKKf1sbrK1bG1imiSVWhVBRoQiwgKyqPa17/oaISlAQEQ0N2itZe0iSrXTrUnRJhu7pcmudH3tdo4f6+eL1poVfe2QnBOZqqWiNrXala50mS2orSVOKRUhJBEEKpMzVKRS+77vuinH1txFqaUrfdd1VaoKRYQiZGU2qbY2tQYQilqLsaGWYqQ0JuTS1VmpBCmQwghlNmMpSqAIIWMkicCOCukkSScEToTc0umoSuNEItNAqWE7pxynVilRCqirBRjGKUqkMzORqqKRzixdsTWtRzsUSFJEy6lIpSib09gSlsBEKbUWEdgCULaWmRFFIacREeHm5ixWP+tCJNlWzXYtJdOJSykRymQ9jG7u+g4poNSu5UhG7TqcQJTAzsRYYFkWSCUiSmuZ2UoAlK5i7Cy1RNQSEaUIZaaJiNKyZWapNaokZWYQEeHMMSeVEiFSSAo5nM12oojQlA0EDbvWKkXLhqGEpBynqbWIcDJMg521diWKUMsUSqcVuIXCTEIOPLVau1LDRMuGUCinppBwyyy15DRN40gtsgkQOEKUUkgjuqgRQWaUigkpSgjj0oUyiVoiIhPIEiUlwHbXddg2Ql1fURiwS4ka1abZTteiEgVhUaNELSlwFoRQBDizOSVpmNZAKZGoSBFBRGtTQOmqnc4sXYddotSuqhRnykQEIKyGITMtSlSJsbUgAjJblKqiaWqSVIIEg1MmShEyZJsIlRo0pqlJQmqmyAogSiidAqTWGlI6SSJUa5VAESFCpQaEs2HLbklESBi6rpYoLSUZggDs5mFY29SuRkTpwgibIkHa/WwmRdo1ajcrKuEkGwhMwGK+KLVmy8wWJVQKrbWkVI3rwXJVURQhCuA0pSpKAUKlhLOlMyWacxyGEoqIll4Pq4hSIlAisLO1WjpCstJTm1ratYQiBJkupSiQKaUoonalFOWklunEoitEqYSEhCU5nVNGDaOIsjoaMqeu75RASEkz4WlKG0kymRNEQc5GqNTATGNGiVARitoVSaEIRSm1ljYlSHJOY+lq7arTkiKKYJqmILqupANnCTkg6boSUcZxtK1QpiNkq7VJAlAg5Mw2ZSYRpa+dCZEhEZ5ai1R0XbZs2Si1ltqmVmon59iwcHoc2zRN2dKyQYgkJBVZqqUoJEW2KZuFLJWorY0klp2pUInoukWJMo2jbYsuoqWH1sAK4RQEHsYJUUutXZ+Zw3qyNE1tmqZSOufopHQ1ogBOaleRjAK6Wo2zTVFKVwuKGiGFCyWqsxklWSNC4cxAKiFhcJrMUovttGsppatuOYxTiCiFdKZrrbWEjYJCKEJSOmuJUss0TOv10PUlAtttWEsCBBZd13UliFK6WmtYkVNTqNYaQS29bcld1DEteTGfKSKncblczWazrnZRa2YbpymiAFNrrWWUkMJgnFMG7molQrZwOkGz+ayLrkQYhdSaC54yx/UgWZIzbYyjFowzS622h2EEZaZRSKXvokRmko5ShEooW1oZUXGO41hKdLO+1K7v+435IkrkOKmUEtWAnTk5c5zGUKzHoWXru9qwE0IgRE7pNhlJpbVWIyRJFIVC2Zqkvu+xxnGapmZay9aGNmWWkAWBm2uJWuvYxpaSmcaJ8DSlwHamFAClBk6nur70fXTRr9ZHrbVZnU3OILq+lFLBLfNgb/9oeVgjZrOFM1Nk+uDoUAmon3WEyid97IeZNqzGrlZwNrs1RWBkOZRja5ERkS1tSxG1DOshIkrU5tZ1fVc7lZimCRlFtuxmfa3V6ZCwiVJrrVHSrjVsDcOqlhCk3Xd93xehbMYiBLRsicZx8pTzrleEW4uutOYxm9u4Xq+72qmUAMysn5VZn07ZLXNqTbhN2RqYya3rau06SUgRUVVbOByllCjFthSICGVaUUotLXNqU0SEyjgMoKilKkotEbLpokqRchGllNZymsYIRZRxnNo0RYQiVKqkzNamBoSopdbaRQnLbcpsIxBdN+/7UsvYRjm6Wo2KIiKmYUq3vuuQpBjbmE0lbBAQJUTa2ZokM0mhpGWWWlRra+l0y6x9LSWMhEGlC0UMw7RaDwSlBJnZspTAEaXgNo1TqQWwM50lIkJqTqWdijKNa5uiqlBEqAjHbNZbDly7DSkPDg6EVBxdDWu9HjIzJOMSElFqiYiigj1OU5FK1yUEyEzTiLHdWguTaas5EaC0BKyHtl6talcDJicSIWdmtnFsdoaqnbbBCkmCsNPOUkpmkhmlhoCQcpwmZaabUdSCZVKIZpEq4UyZdLYxayldV7qum3KSXUrJllGir53TCNmlFBGAHHa2zK6vQWS2UJBpCTNOg0CIorCkCCKdRer6TkTLybgv1elhXGMREYaglhoKRJTiRjpVSkSEiiRb2VqtEVH6rpOkoJQSUhD9rE4tx2mUApimRmYp1YTtKKWWmjm2NHKolFDX9VHDTkvhsB0hkE2aris1CiKi9F1vk04ypYDWMskkrYhSCoRxNkeNiAgsK5slK7qQEVgGO0stgaZs4ziVUiy1aRTM+lmU0nVFKnaq1hpqWJaRCKUbTSET2FYGGAwKAEthj2MDdbW4RIhsmTkpJEkRpVSLUjqVUOJwKbVEsUIhEyHVWp0GhwpKLAlJU5sUEZKlUiPTbq3Urk2TglBgW4Db5CiFtG3hohKhZo/jiIkQlkoIj8NIRFe6nKb1MEqkrcyoUSJasyQJQSkhCSudkh3F2aRiIwlSRK3Fxq0ZSwWpRlgqUhJurWUW0XUdEVJAJoCFSqkhGyQFql21AitEiHEc7YxSLRvC1FpLhJFN0qRKEhF2U4ooU2bBUWpzkllLKUVRSqYRgUhn5tSylkiRbQpKV8uUWZFKRGLZmWRGLRBOiiKNUS2RyCJqId1aUwQwTFMOYwlNLYtKBKhISMi2bVtytgQ3q01TSKV2iNXyKAjZKBJkSqAIwTS5lqizuZGVbYLMkEpXS0S6tZYlsCPdQgUgjaqEFCqqtRoCZWvNzZky4zRREFJBDuFUZJuQohY7E0KllhIlShRFOImAUJoSEYqWVpGTyaOdpShKEMJKp00tJQotpdByPbTVGKVGhEISkvvZrNYuc3CmI7qukkaRtp1ByHJkqJQIiVpqlJLN2cZxmvq+C6nZIU1tNFIECZZC4DHbMIwQfd812UgRbs3YyTRNpUTUgl1KRazHwaiUqCFFZMv05OZSI0qtJSKKISICWUiqpSu1GLJNQqVERGeszBCo5DRNrU3TYOdsNo8STtbrQUGphWyJQiQ5i0KJNk3ZGkWyIhSSIWrnltM41lJAzS0NQmgcBqFaO7DTrTWpRC1gNauEVCyHBCFlKbVEDG0IR+1LOKKUbJPxNE3jOESUiBJFgUotQmCyNTcRARESam4KlVKxBVGiKFRiGgZB1FIopYYsFWVzpieaW5NCKFvLqZEZtdgEtMzlchlVpRSnBH1Xo1SwUYlQFESbmiIsQNjGKmFsq5QSES1bm6ba1b6bhUTYaewQEViApml0ZpGiVLtluhRNU5NimtrRcoVV531rKVRLQYRCESGmcXKo62qmh8yuq6WvSq9WK7v1/SxKCJGJUYRQcwsoNdo0jdNUapnN512tmQ0hKcdpmFpRTG20qbNuGqf1eh0Rs64vhoiuBkQtUUod2zRN0zisROm6SiDo+76UIGpEIchxbC1bG6exTdOUbbKjVLV01FpCTmpXun42jZM9haKE2rrNN+al1NW4bsMwrIeD3b3a1wj1tbdb+cSP/vBxmhYb866bl1COrYGMi0qtbrRspdQoJdMoIKKE8Tg2y10pkiBLKV0tTk+tYbquTlOLkKFEXS+XU2u1r11X0zgbppQASi21VlRaa6VUlNPYSglRkMK01kw206ZWIlprNUotNXPquk7SNAzNms16gd1QkS082ha1K4lntdqhKOl0S6cjZEQmsiRkIZBq7bpi1EUZprErZTafW25uNSIicsppGEMgCQ05kgrJIWcrpbhEANhSVVGJsBVqLds0hbDk5qaMkNMq0TK7UgIhZbZpGBXUvsvMcRpsgVVUS7UCUmC3CHW1Q1TkiHFYr4Z1LcWWnaXraghQRBThiK5gaFmKbOxEtWWbhsFyjapsYzZjLAVIyE635gSSFLXE2NqUY6hM2SIoUaPUUkumCxg1t9VquV6tnNS+y6S1MUpXau1rGaZxtV4jur4rpVqkcz0OXa2KMmXLRu2q080pSEDCRqpRSy22bEICFBEKiQiVUkJSFEd0tdDIllZASmGsKBGl1C5UQoGczpAiIp1SOCxjbFRCUStGkiKIQJYDJwoU6cQ5urU2zfoOWZISlUpmS4dEobWkOUopJcACwuM0KUpXu3QmLrUgOZMq2UY1QlEUIZPKtBWBadkcKpKitNamnErUWqLlZBRSmslTV2uz7SyKKSdEV3tJkhXqSlUNg0xYKUSkPY6TjEoFUFGNkMBCXZQoJHLS1ZIAhggpHSGMhLO5FAHpqagQytYiUBQ73UYQtoUdpcgSgCWl01KSCKBITK0BtasKqZTMtOi6riBCoai1lhLZWq1d1OLEmcZFUWqppRjJJFlKpTVFEWDbJNkmS6611lIENKqi2ZkupYCmnKb1ZGcpFYgAFTy5OUqRbCnTbllKZGtWhkMibeR0RMgWOG0lLbPUEpKRiLQVqhHZmkIRMbVMp6yogbPvatqFCDQ5sQA7haKWENM4lb5UOskAwqYvFYRkhZylRE6Zsu3WJkOJEhEeW62dsAE8tCyhUNhNJUopkpyJBIlicmttBKdVanHm1JoM4plsSaXWGuFQkrJordFkS6GowgGllFJDFATQMiECmhsht1SJUqIW1dolCVZEaxmiFrWWUaLUatKiRJSuzzYtV8taa5SSmRkOhZURHQAmYMpEEVEi5CyluKWKAk3TRLhGV0qZpjVyLTWiq52cymx2huyICGxnM0IK48DRVWcLKUo12BlR+q4amjPQOE7TNNZSVYudTtmpiCiEClI2yZmQOZWoUYqd02RAJbroEQo7I9Ojp5xalBoRmBI1aslkvV7Wvuv6ikgIM7UWigghiWjjaNuREVFqVyJQKLAICulQpC2HbWdTIMh0nVWb9WoYx2maxtLXWdelFGaapnFqpQunkUPhZkJTSzsLKKLUWkq0pLWGHVEiIgp2y9a6WdeXrtSuRGk5jeOqdF2RptZqCRJAAUFXSinFKNPZkqCWTmiaptr1IQmVGija1CLICaSIyGRqCZZCISfCKiWiGgiN09SmLKW2nEqRJBMKh0IRbWrgrlbbRVFmMyxnShhqLZZr6bq+E7Yps05oGiZISShCmjJJK3MchtJ1lhQRUVobQwLZiaRQZqYzoESYpImgdkVSjhNSKVWSiKmNytJ1tbk5UwJljSJhyClX01pOFXXRTW2SXWezrutCamSnolrG9aBSQsUohQBQslqvpNL3nWCc2tSmNrWprYuqYJwmMnGmbLvrupBay+YsUZIWKSKiSKUkdiZISCIUzmxuEEIRaq2lVaM4m3GUcFoRpQYmIlRLQC0lYRqbSqipdJ1CoehqDQJZwhHTcihdV2sIERQHuJQAgYjwlKIESnKa0tlK7bpayBxbBnR9J0uKzKnvZ/1sjkWJiJhaK4pSarNrKZhpGtwsCQRqHiFK1FpjGtvUplDpal9mXemriCglsbOthrGNY0QM4xihWivIUEvX1Vkpnd1k5otFFJ8/f3EYxqhqzS0HiBp1c7HAdLNZ38/WR0chur7PdOm6xWKj1FnizEZ0i1m/WMzHlulGRK1d+fiP+tC+79erVcNd6YY2lRLNgInoay1dTdymSaKUEoDwRIBDshXFCVVBCAtJtGxtPbm5dpGZUapbTm0qKlNLp0sptZRaZ2mXCLdpao1QuNZSVErL7GpXu2IhAjnHsdTOIkKllNp1UaK4ZKN0UUodh6FEFVKldP00jOC+66WofbUzM1ubMo2dIFlERMnWpmnKBKcz7Sw1xjYFqIRbpulUokaOY7OlbCbsMRuNrtaWzWMrtZ9aC1RrzcxOBTFOU8uMqHLKRIkSJYpAJSLlsLqu1lozPY5rnH0/I8ItbdqU2H0/w85pWg+j7dr3fakmulqcXg/rENh915WITCMBLZ2tZWa2FC5RMRTkGKdJQSqdTSYIyQqV2gnhFJJUS0VhN6fSreu7iJppS10NleIMMhPX2kUhTRHOvLS728ZhsbVVItJt1s/6WReKqU0QgWqpUBQKhUq0Ztmq4bTkqbXmVmupXVej1BIWIiRbVqiWMJrc+q4UYmpNqJQaCpPCbcopp5BLrUUFicxpnEotzhxzSmcJgdIe21QiAJCkUKTdla7UAqRTJj3JEQWDQjYRpZYQCpVSamuWpCLSzQ0AtSlr6RBC0zSGlE6laq2EnA1JNsg4bELYOTnJWip2QiQ2mdmyNbtGUWhsk+2udlNrQrbHsYUEnoZpmJpw13dFlBKkSRdkgTVNjXQoxjYOw4gJOZ2Su1JKCVAXMokihKSEzMzMPkJRbNKJqVEkYZeQ7SmbnaWULjrsNk3jNEpEFJoTZEshVGoJouv7IkWUzFSIlI0UrY0tXaIq3KYWEW2cbNUuQCCS5sSpKOEIKSLa1KKEVFo2WrZMSAdCuCWkR3VFDsgwxhElCKFSMUrh1kqJrlREJMillKilqKSBhGitTeN6anZroWIZU7sIoiWAkJ223WyBJBxRVIusFAElFBEC26VElJJ2jQo5TRNSX2bGUSowtMnNfV9LCamUrgahcCaSCMtGqqU4UZEU0zjMZp0kGhSN68miRglJku1hmkpXbCOP41RrVyIklyjNFIXkcWptnKKWUIRUS4mos3ln25lBTmnsiAgVB04LO72ehpzc1WoppFK6UmtVtEwAZKRQmyxQME1NIOF0qJQSmYkzSlciSAOhMraxSN1sllObptGthYogWwNqLXbWUiUgZGWbsrnUUrtuGtKoiAQZ1QqyHRYhRQiEiLBlECWwRWvpdESZxhyHoda+teZsiloKKIiwTcuWKSJKESolFGB7UpSY932ZdVItYr1e2a3vai1q6XEc0llL1H6WtlJRikxETNM0DGuw3SBlRdE0tqLoari51Iius208rQdUkN1cQnJkZi0FlJmhUOBsUyaqXRQVsCRCJcmcsu86BUUVUnaaZtUohGVnys5ZVzc2N/raDcPgxAIIIxXsUvtQWY8jzq4rodLsvvaSmlOmlEhwtgnkKKFSOycGRTjlllELFrirXTqnKVWKMms3r6UO4xhRA6axZWtd303juFova3QKZcNkpKMWmclNDdVo02hyVmcK0tQiJJytTWBBISQ1N9lQgMwMKbORWWslmNpUkHFRqaWs1kNm67tumqZMT1Nr01RUCJMupSpkk+kSUUpIRJCZDjlzalOJEAjV2pNGoIiIrtZQCZVGtmFKm6JwJTLMNI2CQK21qWVXa61d5oSRqiAiaq1BrNbrkqr9PCRFTG2sUYxDQRKE7UxL0c1qtklShJwKoYgoEVJX+8np1hRkZoliE6XUUiMiopQIQ66nJPu+BlURNUp0tWCsdNJorVEiQpJqV8dhtJMIZytRZrM+oriNUqRTJkJ2w8hO2y1by2mahAjT3LIFzsTGpuWgVMspUNfVqOHmUmtEtNbG1qKEIsLQpoaNgWKZbGSoOFmP60xnoIYhs62X6yiiKLMBXYk0Nl3X9aUglkerQvR9t16vUPS1s6VQqVFqFyFbpQgE6UYRzsxs2Zxtwszn843FRpQytaZwLQW7Za7Xy9V6EAJPUzOeb8wWsw3JGxsbJWrLlm0aJ5eqqbnvu/U0LpdLoJRuGsfd3YulVFmz+bz2vVBmLja257PF1Fr5uI/6oFJLm6Zau1r7EkUl5v0CNKyGftaXqMvVIEhnidLVGqVrnkqJxHZipmnEMU3ZpiaYnLWWUoqxoda+dsVIMhbpiMhslNqyRaHWmaF5DEfpw8KJbYkoMY4TZCBF6WYliHG9btki5GbZta81omVrrUUNu0mltSbRlRq1TG2cxjbr+2kcIkpVGFGiljLmJAsRitrVUso4TkTpu+IsCOPMdKZFRAkpnZJCYciWpQjFOI6WF7OFA2czzgThdBqcxsM0pl1qnXWz0nduUkRBxlIoyuS0E0tBy3RODtVSCCQ5LUpUR5RCUVEJ2pTjNBHR1T5pqFaFulJLQWRzqdVIJWqpYNUoUuJsre87GhGllKJAyThOs24WgVOlFEWkbQiFAsSs1jSSaldCXSm1KzG15vQ0TW0cM1u4iqCUrp8vFgskN0fUYRyPDg77fgZu4zibLUpfMiFUSiFzGCfkrptJypxK9KEoEUh2yiAy0y2RSq12a9NkiwDZJkItM9MCmamNIooihW2phATYGUIKLEWRUHPUGhF22pZk3NWabZqmFpJKCZSeJJxpoxAmoUTMZjOc6alEzWQax8zWdX2paq0pIMJkV2uplSRxQqWUWoSRbJdSVELNCpVSJUGWWiHWbWjTGBEhKSyFJGeCQeMwCJd+FkWyQSUiirquq1GXq/Vy/+jS/i5OaqxXQ2tjm1qzW45hIRdVIgwkhilbBGmk0pWiEKC0wbZKgQghcNqh1trk1tfOBE6ksDJbc1qUUkspEbKyTS1KhWytZcuxTUWgwAhZlKAZYaOuVJS4ABFFUinRWsMOBAFYCDmTUAlNrckex3FsEw7Jkmxlaw0iwkaqERisqKFpytaaZRERIav2NSIwaRA2JaKgNK1NUkgM43oaWrpFUXOrtUYRDoPTpahlRglFqCgsRCbOHMexBLWroLTbNGEoIaRgam1ajYiQiAAIZKUTKKUkraVxdDUSk85sUkgCIaKWaRpBglI7pKlNEZIMkiilS1tBRMlsJQpG0qzvaykEEWHKOK2jBAYDDkSEkO1QRESmjVEEUkgBoiiMp6k5M0qESoTsLKGiUDDllJlRSmaTXUp1TlM2t1a7WSkURQKkIqZhzFDglpnNLSciEDk1VOQkCrIUoCRrKZJAhErITsAoSVmIUiKqSpEaBKUrSK01FCWiq9VOJEHYilIiVEIGRYCKEJZqCadb0nWlqAKZ6WaVUJRSChJJqQERDnXFmVOmmjOzZbMzooQCu9FIullVqLWGKRElquXM0USttYQkgRQB2E2EwYpQlWityQ6i1BqyMy1CYSdBRBRq7WpCJrVGKDJba5MlRXFraYKIWmXsbM1NLpIxuCvVEiRItfSltgRco0QUgrSMPTVK1Ih0FoUiQnKmhawAy10thsxWo0iWZIwzaldC6SYpSiklMFHllOwIiJpuNq1lqaXrupBsCNTVWelrXyURlkElSgQRUpKhyNYk1aJxbMkoVYNbgmpE2tPUFJRaSkiEEWrZ7AakcU6TpL6rinCquQVEKVHCdigmZ7Yk7EQouiInAmMbIUNrjQhFlAgTXcVYFqhKKoikOa0IIZQYi4LSTYRCY2utuetmVuY4UdSXaM0GWQRTm5hSVaSJmM9npUQ6aym1K9PYsEPRsmW69p3JnKY2jolKKaRbm1pLQsa0bDlGRESg0pUSXXgy4VJrkiGV6FpOJaLU0lqzU1KmVVSipMnMCJWoQLq5SSKi1loASTbTOLZ01EIaKKWCIYwFLdPOgFpKKAzIrRnsltM0RJRSyjhO2SYUtXYKsJtbjagRNl0tEwgZT+OQpFF6YlLzNOaYrSmUrUWUfj6TohYp1KYMRTqbUTpKKGIY1s2JJUV0dRparaV0JVSKAJyOEtlcShhPUxOenBBjDsMwlFIkSimZU2Yb12MkoXAIPGV2s35eeykbns26oFqE1JWu1q7WkiCrFNmtdpVsrWWbpvm8b82rYWgZWxvz2pVpohT1s16lGmTKJ37MR7R03/W2nc4SnrL21VY6sVoztFAXNUIlnWOb2jRmQ5mldMZYrbmKkGotfVdaa5ZErJfLWgvEMKyJKCoR7rqqUt08DqObh2El6LtZiWoTkkooPU6jpHE9Tjl1Metm4aRlKlRKSIVMFOthdbQaWmslIqRhOdQSwzhid11PiXE1OlvX1WEYLJkpM2stoGzZR3FQuxKKNk3DNAUJAmc2HNPUwEJS1NpJgEyKiKLMZjtKqbU3SDENk0Tfdw7ZWWuNCJwRoSgFpVKOzAnb8jhNmIhoOUZ06dbGUSAVSaWW9Xo9TdOs76KLotrVInl5tBqHVqrCqjWAbMYtSgkYxmG9GktRqX2ESgSQeBwbqOtKNmO3TKZGFKF0hqWqqTlE6cvUhrRwRkRVjVIjAueULipumUy2sCN04fy5ccyN2WYqaykts58vkNLUKBFktmE5dPMqhKLWkmRrDWdOQ6ZbTlFKCGdGLVFrVUFAtiknu7WpRCmlAJbcHCHVEsjGdkS0dBvHrqtRi9OSopbSdTll7YoibaaxWWBLEgDphIhCTg0TpZCZjZYJRIkITdlIRdeRJlSKpinTTZaijOPY0gnIadeoFKSCJEeJIBtSSEm2sZUQAYpQcaZtqUhKXEoXEcatWcK2yS6i1BKl2LRxVJQSMU4t21RCXd8JK8CyqF1vMsBmWB0uDw9b5qyf1a5id13fz2ZFloKIWqvkzKwRRBnHlVqimKZmN1vYaVq2zKYQCpEEQkZBQIZCDrAkEfbkCAlQV6OUatTGdKhg282ZmcDU2tSaZUXYKYWdU2tIpYiU5HROrSGMaikGASJzcsvMacxGJoSilKqWdH1XSk27tSRJZxAKAREB4cyCmkhbImm2QnI6QiGl7UxFoRgXKRRECSlqKEqVFFJfOtsluhCWMQpJmsYxonS12rKzRiklsCNQSCpA2thRQgQQpbilw30/K11FcrapjW3KrtZaK/Y4jIau6+zmzDTYdoZUIkCSaukEDmoJiGxNilILEo0ImZQC2yZECicCpLTdnEyKAjbGllRqF8LhbFlKcFmznUa01gCsxCUCk1iK2lU5k4TIzHEah3EgXbpumsZhmpAknE1EreHWjG1LAUzTgCWLxPI4jNil1qm1bKNKBYdChIpKRJROCoqdCLVmRdQIzDS1ghE55Ti2KRtmtVwlSTozwbaHaRjG1tVKFyRp7CSnWjrj9TTUUruud2vplGVbBSkyM+VaopYagTPTFhqnNjm7UqKUnBolnOM0DuPUSi0hGlRKqR3g5pYpRYRaTiQqtatFJUi1NilqQQmko4adAkW0aVLBgCQsldYy2yTCdgRd6Qhny/TkpJRSQ2lHVY0OPA7DME6zWbUZptHGOFuTSpTIlmnbZKPlVCRbLRMlhqCq4kSZzRJpaqkqxoFlbBvJxkpFdWvZsp9VE24SNBI7omZLibTkbNkybVuQMoRMlFIiEssYhMfJ4Zz1M4SiyKRQRIhpynQLhY1CktJqOSmiRBDCUWtEaGpNRUFECaRAxlNrUYtElFKiTNMoSVGNEbZLrVFkk81AQREyJC6lKr2exkCldLUv6bSxbTsKJUqUWkJ2YrVspVbJmFAB7MlIICmTsU2gKBER4GFYO1DLdBqytcwJHKFaBVFqV7uqiBIggaZxkgAjWY6IBhFyy3QzMiqCtBSKsD2sB0FrbtNUa7XdWiu11tqP4+hxilIl2pRTa1Io6pjjOAy1dKUUYwvjAqXrSgkFrbVpPY05yapdmcbJ2USs1suIqDUCKBEhS+M4prNEqSUseZyIyLSKutpl8zRMXV9LiXEca639vJNkA65VUplaOrPUmqHWWoiQ0sppxCp1BulERV0poBIlailRStcBISilTZOkWquEyNY8tlGSShRFrX3pItskoutLa9M0jRKhcHqaRuNai5JxWlnRl06YjNrViChRkjZNrcA4Tev1USml1DpOOSt11s9qV9bDNE5T19XSVWykiDoMy9YmcNKmzKrIdO27g8OD/f2Dzc2txebGzs7OYtERgeRs4zj1XV+lqY22y8d/5IfamZkqQhIBsqHErOtc5KlZOBMrM6NEjlNESSBQFEzf1a7vowsFmDTZspYuoqWUUzOWVIqwpjZOqJbIzNqXvpu1lopI08Zx8mjoIlpOaXel1lJqV0stOTUwRUGZMqepTW2qNVpmwGw+c0KSSqnUEmNOfamSbJcS2JlEEFHaNLUxjWfzXqW4tTQ5tdZaYJWKIiKcrdYahcQ5tbTtNg2TZAhB4hJd6WpVZE5tnKLIRgoRbWrZsu+rG2l3XamlRinZ0uBMidZaG0eFJYAuqsJGpVQwQYnizBKlznpnZpuy5ZRNisyx62pEyTQ4IqYxFY4uhnFSRKm1TUlma1NizLBeO5vTIatGX2eTCBQiM8ust3N1cESo1I7ELSWnhSQZyEw7hdLp5tpF1MipDS0Xi24+m0eUKDWilBpYUw4mIGXN5rOu7wWCKCVbksggSq1IokSEIRxghSRlZkRprU3j2HczlShF2IkBSWmHHKVEFEjkEiWnNEQJMElmI5mGKUrUUpGyNTsdgW0HtHSaIlGj2DKTiiQi1NIVRSeSzIxSIwrKWnrjTIMha0SRUAhABmxJ2bI1mwwFRhBdtV1LcTrJoGBPbcBIam5kImyMu1pLrUWR1jAMjiglaum7LqYco9audtnSRTJp7MxpCpXWhpZezBbHjh/b2FigElVSIU1ESIZsUzZLilLtDEWpnUJ2ExFB2m0ax3E0LhEhgBIloYRDypQiCGyXElFkQMYWSrKUkkNrTKVEV+rUkhJ913elSuE2tmkqUaxwy6gi08YIUWottaQtK6Raq20RttNOGxEqxlFCEbKM3ZqN22hUa4lQYtJdLdiWQlgCSo0S1c1ytpZRmNooh2VFACLcpoRSQooQWCajgKQoCoybyWaTmc5sY3MpMs7MUExu0zgZQGlnSzByRImQRLaWxpmolCJU0i3dcsoka4kopTnHYer6GqWSVqiELNmeMiVqqTm1UqKUIgGSjYhQm5qkEqEQxokUgVySJNPYaWfLdIaiRimlChuVUgMIhKSCsW1DJgiwDViKKAo53doYJYBMbBQA4+iCSldLhA1yjVJqCIyByXYqnWDbLbNIUUJVsksppeuqSraxOQtkyygRQgRSQVI6LVkhACxFumFqKZnZbCOR4GEci8JOiVJrjZLQpqmUApktS6CIlpnY6ZZZS9QaCUWKGpkOlUw7W4TSpJuIls2ZCjJTdoSMFSqKUktCG9Y1aihsulIz2jiOTtdSgGyNUEQRsjSNwzgONhLGJYRCdtQCEZDOUJQS02CTEco2RaiUGMdmR6kFKWFYj9nGzJamdCVUp3GiYIQdpbZM3LpaoxSkrutqrUUBxomMSKlERClFMU1TKAxIpfY1FFGnNmaCQgKpKxUp3WqtICQgSpRSIEyalD1NrXRRQshTm2TKrIuUqqKEUIjmJKLWzpnpDAlFeoookpw2OUzN04REilBEWCazpeXW7Fq6GlV2QNQqMQyjnaUUG0yUiIjWUhARSMKJM6euzlrmOI6ShJCdtGFqOZUS3ay3Y2pj33VKhpzaOHZd51Smc5yQiqLlaBdnc05pSBPKZhEWgqm1No4YEVEjSkka6a6v2BY4hJXOdN93EWUaRosSUbqu4HEaI+hqB87MrqsOOXMcxiihiGmcjPtApZvGKRQS4AiBJBGIqLXUvioopQorFIrSFdstW2stgih1ymZnX2p0JdAwtsY46zrENGZO2dzATgwKJIoi3UqU5iZLtYZV+9rVbmpZVSKEMK5WSlFKKdGmKQMlSBGlZQ7TKghwc0ZoGltEnfWz2tVMj+MoFcmlAHK2lpOTKKKo67oIYUVEKQEhqdSoCpUuyGEY2jg1Z5uaStgepilKKaWApzH7vo+itNvUpCgRdnNCRCjWw5oohbAcGUMO/WxRaq1VRpZDRSKbUbbJJcp80dfai8jMYT2Wrk7rsbUx25TpWmtRmVoGU2Y7PDwaxwGUw1iLiDpObWM2y4mNrc2ur7bcdLRalSjjlOv1yukoYecwjInLx3/Mh2As1ZAIggg5004k21FK13WSnGk7IqJG33W16+zMZrcsCpUYlsugWl6vVuNq6LpaovZd33BrU1e7AutxaC2xQ0KKUAn1fU/E8mgJVkQIFJNbpSt9UUTa6+XSUKOGaGMT1K5mtoIUZT7voxRCJUoUZWuKCDROrdSCqbUQgS1Uo6DITJVSuy7HcZzGiLAcEV3f15BKIb0e1qUEIk3fla72zRkREWE3ISlaTtMwNWc6gQjVvq+1pu2WSH2/QJ6mJimdBqSIsDxN4ziMmalaSykliu2cspQaSNhW7YoiIsrUmu1KaW0Cl9pFhGSnolScqJQSkkgjqlRKlcBAhOTm2tUaVZZDXemdOYwDIiIkZ3NO09haiL5WRDqRCijAYEkQAcYtSVskKprPN2tXmhvqxmkIhaLghmVbJWqpQBRl82q9LqWLUpyOEqXWrvZRKk7LNhGKCNvjODRbadtd3ylivRqNhLAlSSWnqZRaa6E1SoSKMUHU6KKOLd1GRUmcdinFRqGWLe1aiiRCmJBKRGYiFCoRRAgl6eaWaRspIqKEG9laiVJLZGZAV2cSCQVNOWVLcKg4PEyjoKikUShKDYUigrCbAqmYRiKhsCwLoVCEQbaV2ewJhUK1qGUCQSmKKDXThVJqQLYpS1eiaLUeSxeL+YwSTmWbDDJpbDdny8zJEqWWAIVK7SIASindrLetEFhE13WKohAwTaOglNpag2maRkVgGyvCJoeGQpJCWJmtKEJSKIQs7EyXrvSzWa29IgIMUnFLSdM0KEpf+4gA+lpKrcMwKCLJcRxLROk7JX1fM50tCWe2NrbMJohSS6mlhIGGSkTURma2rusEOGUpVGooFCWmaWwJRUUFSXYpYeyWidNTpqAZpQXUiFCxCCw8TYmopZYim2mcpnEstYJtl1IkS0UhWopIEqPkcHlgMayHCNkt0xhDEKVEa4AFJUqtXRGZnqaBCIOgVhnhdJANkyKELGEXlXQKGSNBhii11lLSmS2j1NoVrKhFxjbCaGpjlAImSRmRbqTTKZUSiiDtolIiFAiwpzYKlSiZJtTGsZlaStfVbtZVFdzSLhE1SjqHNtWuK6WTooqIolColBJRSim1mMl2tlAYMM2JFKEokenMdGZiEQq19DAOJkvU1iZkO4VK19EmRem62kXXz2e1K+OwBvd9T0SRaggklVKCjBKkPY5j0vpZX2udcipERFhSUS1FpIVFoCghORtS6WslZIOx7QhnCmoUZJMJsgm1hrP1XUfENGZzq4pmoxaoTS2bS1+KIqSQpmmyoqslpFIASaXWmp6cWbpo04QdkIagtbErfRRH0sLj0Wq1Hrq+F4AjUa2zriulpFsmQQAhFKEwSIrAiq6NzW2K0kuCBNVuhqxQmOYES0Uip7QIwK05EYK0MptsmzY1C+yQKCXCIprtZimiRDZHLaHAYWWUWihtapIQmVlqAUVE18+QjEECpNYacleiRDizpbOlcC1RQs1umU5bBJJCEUGkp3QjDXI6QlHINuWY4FoqSQStZS0lopSIzETGdKVTkNkARSk1ME6Mo4SzpS1UumKrFNlaj1MtKlGi1hLFIGGDMYFTEbWWIIKIQqhOmZIlRald1zVPUYKcsk1CFColQtM4tWYD6WEYnEYqpdYq29mMUSipcpYapZTWppyaIgKNrbVxst31vVsqQggyUSnhbNM0FhOzzqZGiVIUUaJmOCKcOY0NqWXrSo0ip7EVkk3aUilFEYmDSqErQTC51aiJp2FQiVprDaUsY2drTZIy0q4lEpeqee2htXSJGlIpxU6gTS3bFLWGaJlSdU7ZspTous7pNk0mbZUaUYqEokQoMprTbSJxSBKAVEtFzmEMRZQqFWeLwNYwjtla7UpLD20sqrO+LxFIIWVrilBgNKu9cDa3yXICwzS21iJCIoMoUWslpJYlVGoBrdfrCEVfsuVyuUSqodV6WK+OnNlaOzo8xNSuw5qySWVza7NEN47rlk14mlqJ6GZ93/fTMJpSiwzlkz72I6KEE4mpNbcspRMM66ElXVcVsrFdoutntaWcHoZ1us1m80yXrhgv18M4TqVWcFdmxpkTaGwtFLX20zSsx6ELETHrulKCkCTjbG7jkNlq38/mC6m0NiIVRWs5jOuc0uEQtavYdkqllCilqgTTtFqPLV1LlWljki5VijK1cZqy9F1Xymq5dLplAwnSzdhTZkFCqkU0W0JoakNrrZRaahSVbG2apuhrX4udNkS1HSFsSU6iRFc6KZIsCIwEKhFJtlyX2nelOFOKKPIktzZNY9fPFrVLLDNNU3OKkIwiSmktpZjaJNvGIlSQiiCxLEUpoSRCwDSNackkl9mZ1K6rpU5tjNJ1s0KJqphybFOqRFiKEJJE0WK2iIiWLgI7ShcloERgOTP7qLZAtXYGpAhFiCwtM4paa8M4FYhS+q425/poZailjFO21lq6K7XUqFGMx2nIzCDqrAgJAc3ZphHJmSolhHHiIBXRpglTao0a2ZqdUzajEKFAcqpEUSgUmKJSo5Yii4goKgFRqgAIRYRsLJMSRCl2OhUhSVEopUzjlLaMIhDOLFFkDeNEkLi1KTOVaQk7aqldiagBCtUIIiIoUcdxXUpMU2u2oGWGWpTasqEaimlqyMi1RJSgeWxjk7paS6lpPOU4taihYlmS0s50myabWqqhTaMyG2KyImzLLqUQDOuhuc1KV7sundlAlFJay5wmS1I4PU1jlNp1s1rU0qQjgmwXL+5GKGqHUaiUUlTaNLXMGgXCNBQBhASYKLJlqWVzOu1MD+OAHaUg5dRUFXKmFc60WyrkzGFYD8uh60qzQ2HT2kSj1nC2aWpRwrYtZ4ai1FK7vnYhRRC1VFWBVGIaW6ZLKQYnyBLZbMAG1dJVBcppbASZaYQdUcJSKNMiJAknIBdF7fpaStpVYVmitSZTaqhEKUFEjYDoZ7VEMSolQoGQVErtZ/2wGkqttfZCtSthXFSiTC0zrVKKAlLGzpZZok7DepiGeT+XFCpAthyGQXIoFFJEtlRVIEibopLILa3AadLNEUUhLMlOO4xTloKcWK1XMqFQFJCsWosdraUkYSvbZAmnpSi1U5igqEoOHFJRCLVs0zTaAilimIY2tq7ralemYUwcqOtqlFJCoBCJ18vDTCtKhMZxcEsp+n5WJCsCNbuEHLgpIsZxDNHVOk2T7Sid7cypcZkNqiUwLVN2a4kRilIRICmmnBQKyVbfdV2tbtnalA1J2DkRQTOYcFEFFBHgrqutubXRmQpqrVVhGdLpaaKUqLXr+tJ3va1iEYHU1Zj1cylE2vaURorsuhqoZSYYwpRQIqE2uZYQtlOSk7G1WkrpOmGJYT3KWWpF0drY2jSbz2Z9V6KklbZbOk1EtpbZWiYChe02uYj1etWmLKW0bNM4dlFLaGoZkiBbOgBsT9NkKLWk01Mj1dLYNToFThcJZDOOY0Ap1RayJ0/T6LRxrUWSALCJgg22g5AkkEwjnU5CJSLd2jS11oy7UqbWhGSNrTmzllpKlNqVUhwRxhHZxlo6KUxmy7QBFG1s2TJJkBxWpola+lpaNhGtTemMrlOmAal2fQ2NmVhdKWmXiEASaZP08y5qhz2uBwe160Ia21BLkSMzFRFEhEqpXdd1XVdKyWzplEpXy9TaNLZQAJkNG1KWsylKqUVFoiAQlkkMtRTLwzhiuq6qMK4dxaFQBK2hks5sLUqpXbFjGofZvO/73qnM1rJla6VGpgDINGk7hC0Dxg6FRDaH7MxSapQoUSICZ7qVKLXU0hUkbJNyUYkiSTidolMkhDRl1qjgISe3KKVI6dFZoogip0NYjnFYG7q+lywVhZyZLdNEja6rY0syS9E0pm2FCAJapg0gSbYDJhuVwjg2QEVFQhSiVk1T1lnflS5JIckREX2QLlFspjEzB5lSO5mWrZZSIto4qQRCyTROCUlCqpSQSpRSqu0IZWvhALJNCkopRrXU2axza7JsFHiaVLpaq0TXz7qui1Lmi42+n62nCZRubcrMHNqAo9RaIhyKUnGzXfsuoiLKx374B7U2dl3XWtaun/XzUooiiJCiK2VqUwTZUopau3EcBdPUprGVWtLZ1Vq7viulRFiZY5vNuq703XxWpDY0SZiWTVFK6cJEdOM4ttZq14c8tDa2qYRqVJPZWmspq0SR6OssSmRapquzkNJt9OR0hNzaOE5Ta5ZqF4S6WimlkQG1lmEYZKvENIytTbX2XdeN09TGCUVfq1RqraXEsF63zFC09DRMpZaum43jKCF0uH8YpZQSaacVYppGqUSptVZ1pZQwgI3CAluR2cZpxK2UvipQsRMQTNNkt9p181lHxGq1Ro4aOblNU5QAEkKU0rWpIcikBJlYXe1UwjCbzVTDZMtsY5vaFFEiSgkpIpszs9QoJdKZbSTJZgK3KXEtnSRJqRSUUktXWnoaBpWKZKdqaa1hSoSRQzWEJEctESXSbs0RUkiWotpNoRpVES3ber0qtdZS7KmU6Lo5kqD0Pc5hPdpZSsmU08aA0xFRS+36voYyM1uGYtbPMy0gDAq8XK6maZzVjhJtaIhClCpJq2GYprHr+9qXdGIyHSKdilJKOElnREjKbKQogENCUlFOiVRLJ5woW8tsYXWzLuSjYXBrKqUrJTMlCVJE6QVYdjqzdLVEkTRla0NDbpmS3FJGEbKtUksZhilKhNRaC5VaS6igQK2NGamullKKFIDAmdMwhaLra2ttnAas2awvEa21WrqulkynXKJERIJgmibhvutr6UwKSimAomRLA8g5IU1tKhJSpgJHSFK6Ser7vkRkJihqiRCqBRLSOU6jIWpgGRSSnTiSaWqprLUKVGsYu2GpL7Jyai2bFEWqtZdorQ3TJLl0fShECEtBUY1OokEtnWRli1ID0pQIW2Q229nalK01TCkF0bJlSymiFFA6batEqaWrxbTW3NpYa6cozgRHRJTidGtWeJwGDEC2KTMgM4dhkMKtpei6ElIoonZuWaJgZ2ZrzXZRscCeWqtdUYScoFKKJIycraESIWSiECoKxrGNOUnRdUVBS6uhCITTIFApZVZ7C6eR0i1CJUoaZ0atgsTOjBCmNQsLmqklkIRACodK4mkYaylRaghQFLd0OpMWpShq2i0HmlVKKQWyZSulTjllcyklzZST3RTFCoUCaq0lQqX0tZM1Tc3GJAouc9JaYobWFvONruvCYbJ0XYlIpwjJEJIkNTvCitJ3RVgKpKIopWRgOxQhZfM4jbIkQiW6LqdmEoMkNJFCYUUJoYgSERElWwNJMs22gkRhLORWo2ZmG0aJWqtlWaX2CMBJqaVQU2D3faeQU5go2EgphagiG62ogLJNUUut3TSaQAhbuJRqZSAL5AwBgSgVG1rX9y3TY1MpKlFKSLjR2iDqbL7oalGtkCimHFvLzGzOWe1VVKMLyST2lAYXSqk1gBJdP4sSzTm1tLM5Q4ooUql911pCyIApql0tEWBRAoZxaNMohUK16yRNrcmAJUqttautpRPVqNKUiZFzHNPOEmEEDjS1LLWWKEdHy3Gcai0AxklE9H2nokBWTNOEVKNYYFkuDgWKMJmZKYfItNMKKaJEJC41AomQaFMeHh5FlUqZ1b5GSdt2KAJSTOPUWrbMCGXLhNL3MiXUd31I62l0y9ls3tUSKlNmqBJurUUURdS+c5uWw9rZIFprmRkRlp2A+xoYZEMQkhUqpUA0OSwrMw1kJiWKZAQ56zpFHYYJtxKdIKQoHZGZbi3lBHWllK5CqaVEEYqulEDTNFnUvouiWvqWTS0VEaW0bMjYkGmFKF3Nlv2sq7VMU6ZdVPquowRJyrZDYXBmQpRiEJqmKZ2l1L52iNZaW021ligyQlFKqYpSqpSEkjw8XCpi1nfjOJaopQSScVeLoiu1SpAWSJSCarRhGFsrUUA1AmHkTDtLiTQgSdlyyhZSJsgHh4dVEV0dhsF2y5RKoCgl7YLGHCLqrPROj20KM02TkYWnNg6jHbUr6SnHEUfUQJKCglSiFJm+76PEtJ4cjNNUIo7WR8uDo66fdbO+hvo6r32fZCkxn29ElNLVrtRSau26cVjPZ7NS6nK9kigqq/WyREQtXe1KxNQmZRhna4by0R/6fgcHB1tb2/P5xjSOwzAktDYVFWA1Dm1sYQxdV42nYaRE1BIRONuYFrTmgC7ChdA0TathVUtRiXFYl1KRnC5Fs75PBE6sKFLYBkWgqKZN2Wx3XYc9kn03c1io1A47ilrLo8PDooiQIBRlNitd19cuhBRSMZYdhULpupotaa2bz0opUaqK2jRF1L6vigCZVqgusl1LVVAUtautjcM0kp5vzGtfsxkURSUEslWqZDcI41TSSikCQiVqLZH2NAxIpattSmGLaRxzaqUraacVEcMw2q3vZ4SODo+I7GczIpwKKXNCDiJqUURIksapAbYNTi+Xy2G1Kl0377uu62qUru8kQKWoUGopTrfRY5sULlEw0XUis00lqsBgO1sTjlkVkNiTM0GtjRa1Vrccs1lhGpBtao1SJAIMRA2nBaMyxzY1b2xuzGb90MYovaKQjczVahxWq3T2/axUiio0RQnCbrVUQiEwU0tJBmGkiAAMUWKaWnMu+r72vcQ4jDYRVlQjDDZSZkqMw4htmNo0ZbMNKUWJkunWstSASDkUBqYUJJmZBoJKKKQQiVRwy8xaAxQlSoQIpK5E1JKtubWptShRax3Gyc3OrKUohG2DIkKEcYCRqwqycOlKrR14XI+WJKmEFIpo05g5llpEMZRSbKcpUbtaIsrYWnN2tXb9zNbYhjZOiGy5XK/bNEbtau1app3GiFIrpmUrIYXspqhdKcY5ZQgrIuTMNJsbi1K7lrYNFMkGN0IlCuQwTKVEKcUQUtSSmVMbgQhEGGfL+axTCadLVTZna5jadYGpBbBpLbsuFoutsLEbnloLqZau1GgtPWUEopS+zrouJZwKldDUmnNqiduUtoKu6zDTOKlEiYgoyYRRqaWErGzTajm01iKi1ApIICS7tbG1UKSTyQoW8wVEgIPWEjkUSAEuwgGJCIWiWmkIqdSe8LQexqmBQTjHsdVSogQhpCkdoVJCQTOtTUohZ6azRURXO4eKAjntNk7GXddJNhBytkwrrHQzTrdECFGrVGrSwkVB6Wq2tBWlFKk5ZWyjIqmollpqLUgEoExwCpVaZE85dV0hJSmiKAIIFZxOSilE4NYyoxSh1ob1aiy1Ro0iSNK0llHUpqnW4kyn5Ug8TqNFX2e1D9tTTqXUIkWUzBzbZBM1IoTBiQJSxNQSQpZqKajUWqUEBYhaujQtM3CJ2nVFlMnNmYqYplFS15WpNZOimAzITDtrDYjikjinVkpEKeM0OdPy2BpW1FKiGgtP2YTbNDmtIi6TNAzrg8PDzAZlGofJWUq1sg2jrIgq2ji5lGLCzpAAJBsVQhECCymEUMsks9QIOZPVcrUeVrXvu1qEmhVAUSic03pYt+ZQMaY5QlHDzq7U0kUoAFAtxU7sOu9qSBGldgpyylrq1BpYuO9m6/WY01hLX0u0NpVaRHTRKeRGygEOxpZJ1qgqpSiQI8IohCJMGjlTBkhRwKa1bG1SBAqwsYF0rSFivVpmZu37WotsjCSjCErtSgAZUSVN45htai0hI4qhTQ0pQiJsFNi5mM9LqZmTkwhNbcpxlOzM2s9qV8HNFnY6nXZKQJAuJfpSo9RpHNxSISKAlkmmStRaM52ZRUpnRCkREXIxU65Wq2lKJ4DlElVBtiyllAjsg6PDohIlMqdsBoci0+M4Bi6lpKi1M229XBGllCgqRIzTiNMRCmzSU4nAsnHmMAwts+s6RRnX0zS1oohAJdrYjpZH2VJBiYoyW6qUruvS2dIlau26tFubxqRETC2RFGUY1yWKipyZdiaZzWlLJRQSUGuV5ERSm8bMNp/309imcernfe36cRrDoQgyW7a0o+CG8MbWIqK0zHFYq9YSNaexKBCtZakhE8jKdJISAVJEKWEBwio1WsspUza4lNpyHKehi0hbYjZf1FqjxLAei6LUEiolpKK0ySap64pTFiqCUCAFljMVms16wl3fydESBaEgM3PKdKlFdtol4ujwcG//4qyb9V2HREM1Zn0/tTYMY1e7qGVajxlWaFqPtixBEwUlJVSiFLral664NURrLiWQ2tQsuTXAuHzcR3yowsMw4ey6fpyGcZxm/ax0xS2Xy1XXFVQAgnFYd31fu4hG0kr0pau1VmPS0zgaQiiK7MOjw9ZSXVdKoUQUkLLRskUNHOO4lhARiho0k0AmRD/ratdlThEiJZRtXA9DYMOwHvpFrV1vB4rMJqtli1qKomX2Xa8SLZna1CzsYZr62byWCuTU1NXFfG40TWMp4cRKNwMRqgqHMCXKvJ8ThSQzp2kqgSAnKximKacpouIEKawWCrUpJUlhZZsmUISEh/VgUaglhOTGOI5CtZRpHPvZrO+69TQJd93coo0TZJuakyDUlRqlRPS1Ts71ehVBV7s2TWnLThMlatdPzdkGuaSVuDkj6jRNaZeOkGqthNrYIkTazVELUk5pI5CEFNbYxkCKGlGEbAcogpBwiTJOA1FqleTWpoiKoitVUmKlLWpR7SpAA+GptTaVKK2NLdtiPg/Vg4MjlIpSFFELRRChyMzVai2p6yqSIlpOSqdkJzZSVXRdP02TmyUBUQKoEaVGUR3HYRxG26qlqJQaKRciFKEoChQlinFrDWVVSWN7vV4jau1tY8kpCZjsHCdJtesVYZMm3ZSoGhVJ0zRmZj+fq9YwraXtiNJ1BUdLq6iEbNIZUq0lM9fDuiCVYkUbm8hmhtW61Kh9l+mQLK/Xq7FNXe3U1b5WMoWiFhkRmc1JF12UIHMcBgWldEVFJXCW0pWuZqbIlHoVpySQSkCUEmQ6iNKVkMYpJRR22qKr3dRayxSKIEqxDclkQiZCqiWi1EYLJClC2UgchJMoOHMc10QJwlK2DJSYyC5q1II1jA2PpdRSahEtjYQVioiI0DQ1odrXTMCZAFWFLkiyNVu2Qyql1K4TQUiykwhN2RQmQULGUQpphBRRqtJ2a+CgJCZE2lIpNUIlqiKikHZBhESUQolAhTRWOtuURUG4rVsoLE3jQBJR0mkZcNo5SaWUIBO7BpgINVtSUUSNkJCdYJAEQqWUKRNnrVWlTm1yOiJUFKiUEgokleKW2GRC0Cwik5AURK2tjcYqgdMJ4VAowI4IRbSWIJkSgVIUW+mpWM2upRCaWrq5m1eMnVFqCXVRLUkF3HKaxhGFyKCkQAK3NqU962fZJixJhCKiRAWTHsahtQwKdqqUoJQSVaEiABlaa9hSZDootRbwNA21Fidp1VIEUtRaSgmkzMm2FLWLWnqc2FCCHCeLDJVsIxAoW0uy1C5KrTWMW8t5X21PU2vQ1S5KAK3ler0sKs5GRimqtVOVVNzalCnSpqsdIWHLOEIpJClqQBoE4zhISEFoyqZ0OotDoTa1tAth4WxISJ5aNmU6osxmfV87m2ly7YphHFstNSgHR8upTbVGQVYqioJsbZxGHDZI2VqaKDEMoyi2S0RIU0togtrVWgtoGMYoRES2wWZYr6bMGqV00cY25rovfdf3y6NlKfT93MKZISkiWytdcaO15lQEUUuJMo0jppYuSikRCDJlIjSuRwuT03ostcy6vpv1mdkyu76qSATZWksnJkLRWh4cHUmlzvoIhSLtrlYR2dJWEAqilK7rh2kEIApElDYldum6rusyE5MtQ1I4061NEcV27Spuw9DaNFlZo05jy5yiRGa2zFoj0DRlhKN0pZQopbUpM6OWMFOzTYQWs7mhRClRRICiKCKG9bpNUymldhFRs020bG2SqKVKiMihmeyiS6mLWqLWWpDUPEGbxkAlijOmNk05haSirtZ+3rt5WC2ltD21aT0OXdcBCs27WVc7itxQqSFaS9uCIlke12OpnVo2p0QAaqRtpmGY0iUCmaTUUqRQKTXcjMipGYfUpnR6cq5WK4taOxlMLWTa0KYWaD2OBoJsRERLt6mVEgpsNXschtZaUQ/Z2jiNrU2TijLTzogCiJDsdITSpgFGIELU0qkWOzOZxqnUTqhNLWklihQtp0IZhvU4DimcTaj0RampDS0dAWaY1oiIIqlNTihSm3KYRpuu72fRlap0thwlKUrfdfP5fBin0WMf3Ww+H9brcT3OFvMmqkno+h7bioqQJDlZD0MaZ1ZVpx2llC4h21RKkSHAuR6GcZpCUT7+oz+o6/rFbLYaVlFKZhvWQzfri0pL910nRToJ5ziSGMaxSZrP5hGR2UoNSeMwzWaLEljqu77UKKXruq6ErFRDUezMdKmloLRLKVgl1FoDdaUAGbg1N0ulK0VIEeBpGktELR2itTRRKFEoklSTFimX6ErFTmdOU2vNooS6vleRk2FaTW1qzUWScDoKEaWUEoopW2tTF2U1jW0Y0zlNGTVsF9HSkkmlMyFq5JSlqJZOCgXOzDYZ1a54mqZpkiQUAZZgNp85mdooVLqwrRKbi43aFUGJMrWWU5tvLEoUZ2IjAVJEJVBEDMOYzmE9ZGatJSFCXdcJun42K2WaphwnlYhSaCnTWiu4ZRtaE6ESUrg1hOyj9Wo5rPquVyhzsh0RwzDaGNdakUBRYmqjjErJzAjXUoVs97VvLVtrXddHDbepZYuQJUVEFEoRalMDSkTXdV2ppYRqiVCUQrYpW5QikIDEkpN0WiZL30vRhiH62kVtTuxSCqZEKaVEqGUL1NJdLZIAIpytOS0URCl9FEUgi1BEKZHZpkw7W2u1BJJCNhYRYErtailFMQ7Dehi62tWuhk2RIkoXoWgtDbWEoqQFGUIqEqGw043WMjNLLbV0Tg9tdGtuKCJKZGamBcXErIaKbZk0QC2hKKVUCSzbrbkoatcFgZyZMulmQGpTRgUpSkzj2KZW5/O+RHSdcNSuKAy1dLXrAmwRJhTIltyIikk3QAmBRFGVnCasdAMrIggEAuNQClrDAGlnUE1RSbtUBZSIqERUECJqyFFElFJCJUpEOKVSPLWWU9fNSq1pMpvtWjqFnGkcpUqEBNiTsTAUcFUgZTpzQJQo4zSN0xQiFGmgZRok3DKFZCRPzbajRBTZiqB2PShpoSLbJkIhIjrjaZyqSgmMBK01IO0pW5GiqIuudl2USBscKiEFSNVuighCSdRSux48rpvlUFEtUco4jdlSaZVibAyBFUUSikIytUY21RqOzBEnbsikpmySrCgRXSnZ2jQ1o3GaEELIrU2hrkSpEaUGFrYlpRUiMUTIBjsQoaQFNQp2klJoXI8pRGArQhjUnG0a5ABnZmDkrtS+n9dSVauEkGCcGnZRGLfWohYhmxAhObCzqMrUWgBjZFCUAhAhQqRUIkqRDXaqRNpTpkymx3GIEgplGoPI1rI5aomgtXSzJJhaa9M4tWwlSqnK1oCUFFEUmYnsZpCdUkGUolJKQYqoEVKRAqVKlK6kM3EmRaEoIeOoXSVUSogaJWazLkFE6bqWtqTm6EotBSmiBBRFlCCU6SRLqW6mhO1xHN0sqc76WtVskr7vQ0GUKFUSIdsoonZdrbXU2vWKaFOWStf1bi1bW6+H5mnWzyQJKUqNiBKlVNCUDYBIXKT1MAaUUgSJS6lRZLKWUERrDql2RdaUE3KUWgsgWQIiSCLCmUnWUkqpACJNUThoU5MUEQbjolq6GpKMkZ0WEdVCTggs3JpsKwhrwjFNE/ZsPivCiSJKlHROduBSCoHTsu0WJmpRkgFhBbV2Ukj25MymwFJOk1vWrgdqlFI1tia773unXCgRqiXErPaECHVRIKZxSruE0l6uV20coxRFlKilV1jG6RYhm0b2JaacxqER6mqP1KZpVrrSVXAbp0yXUoZhRI4ITCm1r12UsHJKT9OYzghKqaWUUCBltlCppTqT0Kx2ZGu2FLXvS43WTHM/67uui1oF2RpEV6IZPIGihKrGaUpbziil1BBhHKqtWWSpNSSptJxK7WoNhbJNbZwyGwoJW+M4Gs0X89ZaqRERBRFOAAUehlXX9caeplILjigiKcKA6UuNiCQt9X1XShFeLldtaoro+r72FRXcIqKrVSrD1BSqEVFUIqRo6YiSZIlCYElSERLGmalSQimXlg2IKFEKbn3to9ZxvUJRIqIGpp/1iGk9ZkO9nK6lliiKCKmvdcocp6GgiM5TrtYrlei6ebbW136xsThar9er9WJj3teZ3ZooEdhtmNKJYjHvSzdDzPo+UCnVxDAOpavgPupi3hNhslAl9X1XSimllI/9yA8uJUrX14iWk6Hv+lq61iaau9ksAlCEoMzmMymmbI6IUMsch2YyZClCJZmmMQMJutop3LLhUClRcSaiK2VqmWY2m2EPqwHRzTspiKhRJOXUShGhaWpTG0uJiFqKSpRuVmvXCZIMdbV2tSvNiiLsls321HKcJhQlKk6p1q7aTFOb97O+r06m9agCVJMRRaRlMmvfZRtVIoKudqWvmJRQFlUVlVpDnsax1Nr1M0kqcvNyNaQ9TdMwjKVonEaJ2hVZlBAxq70hW5OQGFvKmUBzpsdpnIaGPI4jE1GFZCMRkohxauM0dV1trU1T67ro+xmKiMiW4zjRcmxjmyZCogApG0Kl6/tSQopaa4kISFP7XlJm9rWU2hVkRWsTiipHREBXO5UQigihxFEoESDbditdidAwTBGU0oWDUIRssEsEoMCZrbVsU9q1KLONbZqmyS2daTSb9yWqMm2hFHIyTgOCVCkC21lLV6LaaUwq5cwW4UzhJIISkpqbUxGyFaKUThHYUXrTZBUVY0HLDCkiJEqt2aY2tkarpUatoTDpJPF6vZbdzWeZSVFfukzLtDZNbexq6WYz0s6UkAoh0oSwoygklVJrTZymiDAKonS1KC2BPdXa2wjhVJUcRYpabGyHEBhqV7talSQtG63l5ClbohIi3SQyU1K2hgiCULYpwakokc12WhLRMgUhulKsMIhURHMWBRGYKKUU1usp0woSOykRtetsOycntgNSBJFOSKkrtYRkchgm26V2QtPUsiW4qJZaUEjKzCTThiISpyIiIttoHESUaC2dicJCOKKG1MYxsRTA1JpxRMXTNDWIWkpmWg5Ru87NSU7ZAmqtQWQ2hVBM2bouQlVSREzjaFBoGlo2y06BjQKcrUWJlqkSLS2plGJaa27TZFP7YsJYYmptWo8RRYFbRqm1i5RlQqEiRZTo3DJzVIRCbZxqrWm7NUMEnnJqjcx+NosIWdPUJk8hICKoilSGlIkQKjm1NjXbIWEalFL7eS2lpBOnoRAOlWBsE6mQTEpFkozF1FraEoKoErLdJiNnOkJpWo5AQVGKAttIgqKiUMqkLY3T4KS1JgkzTc1klCoZFAEYokQQNkggZGemqixhS2EhyyApCHBioVLDxnKbpmytpSMTomUrpUREs1G0NtlGcmtAlFJD45RTG6dpHKcWRbKJqDWEIEqJHFuSpXQYt2ytKUqEWrplgnAiEKUEgSckldqFaFNzZoRbGhFSKRJMLYGQx3Eg3VprLbuuRpGIqEVWkn03A0/jFCUUUUqkPY5jjS4KacsUyWLKVDaZMElKSktSCYYcPdHPZlJIKdGwjElSpSsQ2bJEIVS7LkotAQR2kjWqIlqb2jiVGrXWnNJya6Oilhrp5slRihuqpUaJCEXImWa1Xk1tKqXmlEBVUQQiCKE2NeMUgVpmaw2QEbTWWmZzw44SBhQ1ZCRQqJQSKKGWYiMZkyInExEKYylL1FojSpHJTAWKaK3VwCVIp22nnRFqdqGYLCGFsCRFBIoxG+FePYCi1Bol2tiam4iUSxSrQnal1q64eb0eKAGkG2mFmh1Fbcoxx97R9T1yuKSylM5SOmWM7DYOk6RsHsehKmpXwsUBclGJiEaGgvA4DqIUhe2JlGRlNk/TaIqEcEShROZUIyxojVBEmdo4Taa41k7YinmdIR8dHdW+J6JN42q5GjNriUwUEOSUNpmahrGLGrWoFiGFVaJNkzOjRIkupGEag+j7bmys1itGU1RKWa5WJaKv1UhyKFJZQkVFoWzj/qX9Yb2uXd/VnmxRBJKghJxTNiLcJkOz3XJqY1drqBit1mtb8815qaGIQpVyGlvamWROs/nMNnKJkiTI2Wop0zA1t1A4HYWwLCk1m8+7WltmwJRZoPa1RMnmUDhTop/NSik5TWnX0ilKZtYSEUHzMI0EgAvZGNdDZitdBVbD2s5hGCGjlnGaLMb1UPpSorY2RYmpTW4OIt1E0AXmYH9vWK1Lidp1RnJrbSqlAOlMpzMzm1Gm+65DSql83Ed+yHpYttaaHYRUFCq1c1oqVk5trF0NVSCiq33p68xpCRvUZn2fmYZSSjbGqTVP2VxKWJFjZiZYKiG1cRptbONaKqGpTbWUUrtsScsS0fd9qLiQk51p0lJO08HBYdfViNKyBUJqnrDHcQLX2gucLqHE2KVEKQGUIicSiiglmt1yEomitUlQapmGacymErXUWdc5JEc3m7WWbZxKCdtpV6nWWkudMrvapz2sxzZNKXd9N5/PS2gaJ6T5xrxlKolCUYzD+nB5BK5dteVsUYpsZ1okmc2qUUslpFCmhWtXS6kQU5tkV4UrRVFKjSKnaW2apmEau64iBURXw4FABEokspSStgxCKBulRomQqV0XtbSW9kSoRA1Ruq6UAClkaE6hli1bg8Ck2zhN0ziJsN1aq6VTME5jGyabNCFKCaHMRGTLzOy7vk2tjUNCTlONGl2JoFDtaXSWkI2tLoIAyPQ0jYhMwM1ZIkKasimYhtERgRUBjogAhJ0q0ZVq2zTSXBYlkDIzIgygUqSIUoqxnSgwbZqEx3FyOmooAtR3dZqmYRwU2LkeBiIgCnIIA7ItBZ7a1NImpJBbRpEUrSV2OjNbqRUVKZVKrEAWJcgkikQpVThDBU3TlNM0TBOm1E4wjkOGVWubhpati45iO0lLRGi5WkoqpUSU0pWuhJM2TW4TkiJaTqHoasFubZhaElIhohhDkOm0CpIMmS1KKBRRa8gGIyQgFBElQlKJClaUCIWilirRWo5tBNWQgxAtc5parTVEs4FxHFu2UmoEIBQRMbnlREilqBDpNCoVp6dhSqeVzS61ROn6UlRLSDjTERGCUsNBWBEdOEpAdLUGRVVGElJpObZpwpQSGDunNkpFEhJgXEpJU0uIaM5SSogAwG6GQFObgPmsq2WWbTBEqdOwXq+GaRpUopSKUkRmGkWEJNLptFMqtXYpD8u1Si01ohQRhFBkG6PWEgW5ZWvNJYpEKVFC6VIjWtrOUjsFKhEhhSLqelgfHh3UiFp6yUaKCCJKjcAGR7akIALJxtkUynROU6gQCmScadtCtVTj5ixRur6TZMBpqRACFclMYzYnEbOuN5FOiYiwDY4aWM5GENRSCgpnZksIhTCGGrWUsFImIqIWYVBms9WyRQjUsuWYiqh9V0tNGrYcpS9V1W1MDJRSEIauFCQbMpU2TnIxm9VSW2skwo5oUxvGNXg2m0cXtgNqLSUKuNlkoiiCZJoatqTEgVKehjGnSVBqV4siilLjNGF3tQtFy0aJUmqUcDqbcZZQpjNtI1Bomkan7YgQSamBNE2t76olSWm3NhqVYkVvmiKMM12iliI7WxudzjQi00VFkrFb4nS61FKiZqYVNWLKKTPDTuc0NeMaxThbK6VKKqWCbQXhAsaQ6bQdROncWkT0tVMJUGZDkhBuznSGAgGkbZpsiBLYUqirXSklc8opa3SSp9aES1dqhGqJGp5ay1YQCKVUBQEWUrScau2ilKkltlBIUYoBhB2BokiKKCXKOGVIpdbMzDZlpohSCyakWgpB2lVRuyJomSF1XVVUlEpqAZXJU7ZJoQBCbWiJSigkSS1do87m8yhlmqYxp2xZIroo4NYSO4SiGNtEUXSdpJatK5HNy/W6BIZsrWG3LCW6WZ/Z7FQpbigIK0JdKRGRRmmTKBRElMwGklyITKZpilK7WtOTm4h0SwF2trYxm5eIcRqrIlSilmxWuGVK9F0tEa1NmKoYxiYoima7KEIiooTdqiKkUmNcD6vVsp/Pa1ex0rScFBLqajdN09HB0dHRUdfXrc2NcZqGYUxnRExtilAQk1tVkVRrSdFa2u77eUhtmgh3pdaupmU3C6FSQhFTG4xLiAiE025WURhFQGaDwK2RJsLNU5tqLZ7alM2pWoqxjXPKzNV62drU9zM7WzpKGVbrNAXV2tVSWqPraoiEPiqNYVi7ufZ9jRimgfR8sSELqaCqSFyIrpuv1qsSRASWTQnVvjcex/W0Gs+evefwcK+WLmoZh9U0jqV2CdMw2LleTyFFKVNr0OSyHte1RPmkj/uwoI9Sx2kq0Mzy6MjkrJ8rJKK1BrK9XA+tTUrZabKUOo2ZOZFOW7hNaXk2L+aZWmsmWybprkQKpCIpc2qtFNkEWDGNk8Iy2MbG2VprLqWESl87ijw2hbJ5vVqVrkQU2xHR3ELhbLZxkYhSaukiYhym2nWSptZIl5AxKWFFTM2lllprRAHI7FQoZRhbmybSIMkKTa15HDNNMKzHYViHCsqwLGOVRa1UTO360klEKcXpYRxCYRinNkxjrbXvZqWEIiJKRBGSDKpR8JSZXelqjamlUGJlRqnYzdnN+myWorUchzFbZjhKlKiz+QxUO9VSbSWUUkMWYNly2jZuIJNF0VpLN6dsoghKiYIsCKLUUqQUgmmanCnjUkRmZqml1FprODNbjtNYSulKcTK5OdOZJhQhOdNYJVRrUYn1OEIrpYRkOaILM0zD1NxJllpOU5siFLUjiVIQNdSaszVZiJTk7LquSJkQAgm11qKU2nU2YRKmacwpDaJECBKitamlw4qCFIFQTsNo09VOJcZxcNp26aKotKlJ0dVeclEXIUxLzbooEaXGNI7TlOls2do0KEqmwRElIiBac7ZWSlFEa00EUi1K1JyZKVRLiRIJoZBs6+Bwb1o3lai1QOQ0EUTQpoZdFX1XW7OzRRe1VhQlanMTka31/ayW2lqaRAEmCkgRBddSS19EEBrHZmdztqFJiQNP0zTVGlJRqE1TNtfSR0hgMCqKdFNELWE7s1myU0YBhhBBWFM23BTFmW2aSu26vi+lCCJKSHYaCxWkElNOiqilBgZPThsCRUBmqpYwOFu2DKLWCjKupWCMnRkl7JQklFigUCiKABBO25a6kEvtulKnsSEHJSIk1dpFRJtaCKIoSsHZmNpY0NSajSgtHVHc0hGSai2UTmSDLkottbU2tlZLdF2nGplp03Vd2uM0jNPY1eq0JESolBIYnCrBBCIUcjqiKyXTmSmVWqRScDYshFmujzI9m81kOaKqKKKWElUkdkapmamg6ypS0opqSM0Zoa7vZDttpwJLJQITiqgRpWuZ2MYCSaUIIVOjIMkQEgoFEXbSTBDhqHXeyQ6FQlFLVVEpVYSQhKWIGqWATAqpyOkoQhU5AjvkaNM0DVmqRBGYkBAqpYhQuBlBXzvR2mQrbZcSGdgqCtslFFGwHcLGVqhliyjzbha1IklSgOTWnFm7rpQSQqhGaZB2y4YzVEopfa2JMj3kGCrUQJLskWxT0vrZvCulOds0pZ1uAmNCQWltrLXva51aW68HC2eiEoIiWpYSRV2SrY1A7YpQay2zzRZzZY5tqqVGlAZSFCRkCJyKEC1bG8fWJlul1FDkMJVaqRKaphaiREzZsO2EpBScgaZs2TJElGJsFKVgxtaELBWhWtQyosiOoq70AVKK6GZdP5sl2aYpM0FYKkUKOyWBsCWX0iuUrUmllGjNEiGRhBxVSk1tRJLk5tUwtGFCkiRwAEUmcyIUisAluhqRmClVVKIaWnNXAhtILDsUXYSkdKOoqzVbZoIslG10a6Jktky31mwsFGFbAC4KkJ2Z2I5Q6WrfzRBCJUJhJ6V2EWGcmXZObqXUrvallsCNdBqjUERBHtbrtLuodqZpbSi1j+pxmMKedZ0zM7OvFQU2UWazeVe6aWpRNFtstpzW61XX92HGqSlKayl51vfhMrWhlK7WDjKdmYm0Xq6HYdV1PQgh6Lo+pSTlGIZxbKOI1iZFBDG1Vku17Zbj2BQqUWqtwDRNpdRZ6TJznEYRXS2lK8Py6GC17rrad53bNE2jUKkhwIGg5cHBXt/3p0+fqrUO01giSgRyNhMlx9Yyo3QqUUuX2Uqo6zqBguWwjihVpDNtQsJTa4WYWpumMZCRs5EyWIlJe8oRK7qCmySi1lolZ7rWmIwkkRIlwjghW2ZailLiwvmL2cbNxUaUQqa6SDubVailixLOtNNSw12tXdcnU6ZVVKKAa619N1OUqMVka6Ptrp8P4+DMWTdrzjYOMoDE5vbi2Pa2ZXDf9S2z63pJ4FI6GdDYRmd2Xd/13TQN2OUTPurD8RhR+9qrxjS1ru+6WsZpzGwOdbXrak+hja2UUFBrN5HOzKlRqLWUUiSHNE1T7apStZSI8JAuFCOVRrZhatPU9V2p3TQ1t6YSifsoLds0tKglHImzYawgFLWrksCllmlslhfzWdotc1Z7SpFcXF2ijVOS88UcjJjW62EYSgSmTUlxqTVqdKULxXqagL7r7WjTWESCMw2tTdMwRo0uoqFaq5BK7UqpUVVKG6d+1peuyzQtpeiiZuY4jQFtypaT0oSDwF5P4+bGolMowk4cIparVSRlVm2E6IqkaRwyqKVEAeHJza5VbWwYqRRBy7RrCaLUKF3f1VrcWnOSJUkotYYIRdjZdRULMC0NUaTibK0llp05tcxWSoka0+QaBXJq07AeI8LgdK216/suSq2RJhS1r6KAwa1lREzTBOprLbVYxs6cMjMtbKFAEcqWNPquKxFpVCLtUmtf+xQ4w+E0IdtCtetoLjWKFFEJYYOkUkqUKFNrrbUSSLFeDoiu6+xMK9M4a1eNur5rzeM4lgiscVy3ZtvZrKC1nLIFYaWn1nd9rYElNE3TMIxRpCIpSg0pUKl9mSaDW9qiqNYIwKlSateFLKyIEEaZ2SRKKRIRAQ4JIkJSRBEKpyOEkYPw8vCokfN+RlBCKiFFTpZc+66WSCiKbIlUSocxLYhSSzojKLW2cVqPYwlao7Wpq12N0mSF3GzZ2aKUiFIgQlHq1KZpmlobFWrjmHaNkiBJAUSmi8KBTdQSzmkaUQQiiRKW062Nk5spMY1DTm3ed4kSR0RODWPbtoRNKqWwJCxKa01ACazMdE4lSq3FLafMUEAYl4jSVRuBhO3WEpBKZpPVnAoFYAEtm0HOJIrASrdQRIQBSFxLNZl2lHCzBEGoyMakbRylSLKtGrJLFIeUDVEU0zCN4wCqtbTWkLtau76bWk5jkxSlVEUU5dQgiqDIRgjhbLUrgmkaEQrSVpSulLFltma7DaMlnKEiE1Jma+m+75Q5jqPTpYawjUqUEqV02EVFKmnGYTBRVaZpam1ypgQKgTFBONLplsa1SBFhTGZL41KKDCaKFEWyVULissx0tgaysbCncWzZlE4AY9K205ZK4AwHIMlOAdg2IUB2pp2ZWMhMKp0inY4QkrOlsdPNIWrf2x7HlpkFRa1pt3HsaqcIEitJHC5SZmtORSVUi6IrbWpp4yzRVcXYplJL1/d934PbNFk4E0jjpNRCuE1Zii2FXftaS7QxhVECfSnImbSxZUuH7QSwELOugKZpcpKZXd+VGq01Z1NEENiWao2IaI0ISlTbrTVFwZpay9ailFJKKRUCgUBKtzAp5IhQLbMikFtiuZYaEpkuxnRdFxIiQgAYgyghO0vtSyluU6lVok2t1pCU05Qto0AUYaNsztaap2l0hsMxTEMbW7amUgNZGUUF27RMt6aIrs6kIjvdIhSlkFObMp2lFKKAMltIRWrOElFLiRI1SiYSknJsiIgqGZCiKKY02WopijK1lrZppVSZRMKZStvCYhyGNg05ZaohonSZ0zS1kE1mUqPUvg9ynKY2DQDyNIzpnMaxpXOaGlaEJEAWUpTiVBtbqcWYNMKZ4zQp6fo+5HHdDBHFGFuOnCaVqF0XCkUNKzMV4WZISQaV0nc9tbplRCklEODMqZmu1Gmc1quVbZVordUIZ7qRpO2cplJKFIXc9/3YJtu161trXdTa1VpLjRjHcWqjW5aIbBMIZLcolbAcs65mS0LpVqRE6QSwW04tU6KUqLWSpDNN13WL+aLrynpYt5ZIifuuV0gKib7ru9mslGgwTVONTlJrk6LMahdCEX2tBON6HNdTlNrXrrWp67pxmmZdjdIR4ckBQIk6TeMwjX0ttVZDa2kBUaNIEsopCdVapCjdTLi1qUTYTM5paiVAJazmnMZBUYuim3WzvjeKUFdq1G65Xoc972cqZZqmrhSHxzFFWur7vtbS9X0U1keraWrz2azUMiwHk7WrRq1NtXS17zPV2mip62ZRNQ3DlFMN1RJtmoCudm55eHjgpKu173ubVJaIotLNZrVEtsmWxDRNJWr5xI/+0KjVkKYrte/7WiuK1hwRmoTczWdhqSgUoSi1jsMgqZSSU/bdLIqESqlRoqDV8ogSAVPLUoqqIihIEYpainJsUSITW1LUUixE1FLAzlSoRC2K5XolFGIYpq7URs76ruv7YRynNnX9LLPRbFxKgCSXGi3dxjZN42zWhyqh+XwWBM5hGNIGMttsNkeRbWxTJs7WxjZGSJCm7/ppmjDYEbXAOE1RS61drQVApN3apADR2iiVUsLOoKhKBEWl1q6UBGyFUEw5oVAmoVJiGqdhXHddLaqlhhtTs50gRdAyrSju5/MStMy0awnkUJRaJJSeWkbUCNk0ZyRgwTA2pUc7AhylFJFOGoqQogDpVhRRQiCj8DQ1N4bWwF2UKKXryjRMQJQCTixCkkJYtVZQWLWrpeuMZQspioykWiNbWooSpUQJpVtazpSIWmspCto0tUyFShTZrWUtsR7WjSzRZZJKsEopUaNYRDYXACu6WmpzszPdnC5B1GpSqrWWULQ2ORsRtdQSmIIsjGRbqTrrlEFIokRfalEIFCVqKc6UQsJppACstFtrkkqppSii1q5EaJqmtGtXgJYpKaKmHQhHVHmy7VLCppSQ1KY25QTKTLraRbFUoiu1yE4bKKVEUak1pJZtHMZSI6JErZKmabSJEiWK00glIoqKSnO2li1byzZNY1dKm9o0DemUaoRLhEIlojnbNCkUpdbSpVqlEpHTFLWGRAIphaBERHhMZ8vWrKraBSFlYlCEpNAwrIdp6LteqNYytcGZEK1NgohquSoUJVCJggghCVtCEVFqpkuJQFPLTIMFUUqYbCmBSMvZ0m1W+7TTbVyvbdU6M04EdpJyCIUynWQoQFgRkkS2aUpsdYRKKYETEyWcqYhSaimyXWrN1ThMLYKAdGKkkjlOUysRENM4RUQ/69PObBHqalcU63HdMrtag0C0abLdd50ixnGNK4U2NeyIIiGkIreMErUUG4iiUEGlhkIKRemqTEzZIkKUKdOiRti2087oqoQkN0XF2dKuikYO41SDKIGkyZAtnU6CUAmFQCJUIUspCS0bjsAtTRopnTYlgpCnZrtEbW00Wbuu62ZFnprBON2MHEgRjQxkJ1gKYykUgS2EQCqCEEZianY6wlErzmmaHBKMLU2WUETBjlIkrderNrXaVQRIiqi1TQ0jlZBCUbuCRGams7VpylpKc0sTCkshJWRLAru1bG4tFLVUO2kZUWoNJ4JsHobVlAiN4ygVh6Y2RSkKdVGBkAhKhKJEKZnZ2hQRta9ByUxnAkSoxDSMxkCpUQgHhBRBIuwgotQIFELTNGJKV90aDmM5VQqoFkVVa46iEqVNQ2ZaES4hS8U5tcwuqlCbWk6ZzhKhEiRIzc4kW0J2fYUY1+txak5HqUK2x3FIpyNqBJI9jcNYu1pqqZLCAjuwFQKVEl3tMKhJKqWWqLazJQpJqMpTJpKjVkXF6rqCStpCkBGRLdfrIUrMag/RsIhSS2JAJaZhGseh1hoqyJLkhIgIaDUKoXEYxnFMOxyllKillBgzp2lQRulValHakNM0Tk2KvivZchhGBbV2oWI7InCS2BBAZE6KSNItwRGl6woKcIkyjOMwrrtaJdmtlhq1pN11tes6G4UVRImQpmkspdTaL9fraRy6rnNzSP18odBqGEBFdXJma4rS1YqpJdJtNYwFla6ulqtxGmvfD+MocNOYEy2Ruq4g9V1E6RS0ZFitI2Sp1ohSSqldIbq+hDBCCsAos2WN0loLRe07QgLhvvQRbi1bm8bmUmNe54pobTg6Ouy6bt73UaONmXapBal0JdAwTnY7Olr2fRelluhq1Zh2OkG1tHHKTIWjIsk2eJqmKLWUErAepylbKYpSWssq1a5PgOa0wJmSFaV0YRinIY2zkWBP01Rqh2njlC2jlFLKcr2ipUUXJdOZLUqNoO/7Nk4tx3EYES2zr50VdmazoK99FLWpZbpNk3HfzaIUReSUE4lLCdVSpqmplFoiTUv3fWfT2lQjolCkJprTLaVESBJEKROZLac2tolhHKdp7GeztJH7OitF05TlYz/qQyOUmdM0zftZM26JIkpEUZKh0lq2zIgQUSJk1sMyk9KVKCJztVq3acLZxpRYDquN2SKimJQcqkFQo5ZaayEBE3S1KFRDoxM7qopibENYKckGLBXZihBd7UQgjcMgVEsXIbKlEzy1LFJObbVatzYGjq7r+pmClumWYzbsUCm1OluJUrsyjSMtuq5k8+RWUZTanF3f1a7DpkhRpmlaDytbkjITOVtmpqUaUUony26ShKIWFbUxiywiFMbrYai1dl0f0mo9RDBbzGuEVCy39ZR2y1a6WYRwwwpRSp2mIYq62mGac70eai1RCgAOlWmaWmu1q1WyaNnUEuFQ2thNGSCI0oGlKH3N1oqQpAiZ2vV9109tlCSCEjVCRWlHlImmpkabppa2wOlsLiFPLW2sKNH1fUTYbtlyTEAIZ+JKJJlJALRmhtVK5Oh0unZ9a1NVxRK0KaUM1VJLRJla2q61KgBytLEg05k2aaSIiBJFtXSS1qs1UildrYFDpCMgFaXUkraKImoNdX0XISkicEQppZSICPAwrbMlMrVUhSRCdtpGYbdM1RIlUEiKKEpFay2lIloiUaIS4UxFqSUiIhTIqIBr9EmajAiB3UotJSIznbYUopZSIkBpi4gIwmqZmeM0NTepyAgyjcBMLWsRuCVpuzVFKREk874fp4bdddVmbK2LWkrJtGmNlAnour6UTkKorz2hyZOTvq9GbRwFijAGAdmawG5BEBUbW6VEiZAkCWfLiJIkBKZ2RQJcuioVSZChkDDZWqu1y9am1iRFiVBANpO2EshSa+nCVnOTZOc4NkC2HVEis5WICJVSaynDuG6ZUYtwqUUqTme2UroI2SZw2iZtEwpobpmIlhlRkkSKIJ0tHREUtylrhBS2a1clWQmUWkt0ElFLCTXSaUsRJZ0Nt6kJpWwncqa7UhoahtU0ZYiIyMx0RhQRU5swUSOgJSqqpYKHKYudzdM4dH2JKFb0tQMS11KKojmFRNhtalmkWkvpaqBpTJVQxDSNpXShMIllNRQRiogStdYu05MzSoQK4DQSaUPLJJMIoE0TuNY+QoqSRmFFrNfjMI41KrhNLUoQCEChEFFLRWGaE0QoBCGRScjCmSWKE0mKEiVay3QrChWJKKEopWXLdC3hJGpECVtSiSJFcYLoSzEah7XTs3mfZhqnKVu25rSEUKkFmFortdSomTZZiMRFJASKWoOwWy01pZwakiWlEdlaVNk5tSmkWT9TUbaplC5UkIBQQZoyW06dSkSUEmkbd1EVERG1lEzbGQhBppvTFIWdLadSC4pIU2qAM9OpkGXjEoHCmdg2wjYSUhQpsVGJKKGptZbDME45Tc0gRRRCCmGANk3IVUWBnaBQtMwoEUWllNrVKKFSaolaO6dbS4kSUUoJBZZCQgbsbEjR1Si12DjbmFFF1HBmTpNK1ChpywlGslEaALU2NU9kKgLhNDhKKREpDLhlJggSCaLlJKnrOwkhMlsSJbquiwjLQil30XWzrpQaNTKbZFnOVIls6ZYm0w6pn89rKQ4kQIKIqLMu0NTG1jzrZwYnthXCGSEhK02kHRjCJjOjRJoSJSSVcEuLWvupjZIkTW2Sy+Q2TGONSDwNA1BntUSJWoZxzClDpSiQ0xYWQtnSCZ48tXXUIlRK9F0NxThlLdVu4zgN69HCTjJVyjBOOU1g1ailRpRGYiAhaogQtsJpKeo0ZUFRS61d1xUDqESI0nJo4ySFJTsL0TKTtl6vDw+O+vksiGkaS601aho1srXJTYpu1q9Wy76fRQSRUsEghySIGrV0pVa3jGBqLWVFmZrl1rKBQlEkZ4aaVdbrlTNLKaV0ikA029mmMSW62geiJc6opZQ6jS3cVKLvuxK1TVObhq7vaz8rJdIZJQjWy/V6tW7TWPp+MVsolFBrXwqtTdM0FpVSYxhG27V2rbVxarWrXdeN68min/clIrOhQI6QzdRaLaq1m9pUQqDWmrGlDrVpmjK72s1m866fSVqvB9Rm3YYDZQ7Tej7f6roqM+aYUypcPunjPgZyGnM2X1CKndH1EnK1wTQnxrSWrU2TYBiH2s/msz6kKZtUba9XRxGRsFouRaiCidKrqFMxOU4TCKUi7ETKbLXUKApcShcRLTNHq6td7cZhTXg+W2RmG8Y0FsLDOFDqrKsNK6VQrTHvFq21cRiwG57VeTefz+fdejXYhJjGSVJzK7WLUJsSSIOzdMWACBWFQxFSZjZnrX2JkoZ0qbWbdTbNGVJESDVsg2D34sVhGE6cPL5eD/v7e6ujw3nfq9bWcpzW09haa5kpubUmKYoUcsqkQqolohSV5Xo5TVMQaUedlRrZWqmdpGw5Dg2IqEiZJopppCIKkhFCaBgnFdXSD+v1xsZCCkLzbqGiEFGjjc1QQlEVUumqQinLFTlKOEF0tdYobZqqouEg5CQkJ0QU2pgOpOi6WruKmaZJCtKS2zQ5myUpWra0ulpKrWBlKkpzDut1W08bGxttnFpL1ai1KjRl9n0VxUFXailFUYwFJYpCBKRbZi0FJNtKIwkjhfquV1h2qWVqzUmoGDszomALCJwGSUgYubXWWrpJIWqEQMVyeBiHbFlrFQE2rqUYSBSllAKUCEGQSLWUlk6QM2pxyzZNpVTLpFvLUqud0zR1tSrKNLUSJaJkNpmpGbLUvgSgKScRpSstx9YIKUr0pUaptdRURpRagyQzcZtyKqWWEm1qiqh9TXvWVaCr0TJtSzGbzSSR2UIFRUgSEVMbs01RQlHGnIZpxFmQRGa2bFGKiqCAs1myohQ0tanUAs5EKFtDxu77WZTScoqIKHIaZ9SORCIU2Cph45RzckpKotRaC0xjG4cx0xERKIpUiuyIIjJbK7VmOjMjRJRaislxnFColEDNKUl2qISCkFRaG6dMoYiAlEqJgjHk2BwuEQhnlhIh0rg1IKSQyEDua42uyHaUiBjXzbaNpDqrTtVapJimsY2tRoQY12O2qev6iOKWlpwI1b4CzuxqBWQiQhQkhbHdmnFEnbLJ1NJZyFaEBYYoIdmOkFti166LINOBJDmZpsFkUbWNbbWgoDZNnnclYRzWUaootkKKUMNubm0SEthuLcdhqlWSkjT0sxIq2VKySmQ2SZSC29Sak2la754739owm89rV0LRMklFicxUoZSiEGBciMTrYQwzNdsex2FqGQopHbhNEFYK2TYqVaGSTk9TlGjpNk2QoCi1VHXE2JqTritpKV27zjiQpHS2KeVIu/adovalNIU9hUqpQRoREQaDMqJEUYkSUZimFunD5bK5dVEJSVFLybTNfDYrpXazLtA0ZQFHRghJIZtSAmGrlFCojZMkKTBRK2KaWojSdzkaRCmeUnIlCDlQs0OeGpnNLXFXutaamyWwLVqbnM1CEaUWW9M4GrrSRSGdNUJR3JjaGFLtZgqKoutra21srU3uullRhAgkRRpDraXveqTEkdhCGahE13VCgVxLVWjKlJncVodHmbm9tTVNY6YJ2tQyM2RjN2WbVEuJaHaRShRqCRur2YDxuB6ctMwaIZW0nUQtsiwiDFEipjaFMLTW+qgEblm7bpymaRqtDOloeTQNE8YtZ31Xu6JaShTAmdM4dKWodMq2Wq9xCmWbgFprcx7tHxWVUgtWaylJdk7NpouwaeOU6VoiIVtKQBhDRu1VBIYIZxSVUrtaPXmYxloina1lVyIipokaMY1DhLq+J9PK2WIWUUrpptamcZIoEY7MyTWElGSNKrAz0/NuVkqM4xglaqkpSU4yiFT0XS0RkW4yLnYLRYmCIlvz1FSiSEJJyti2kEvt+2xN4b7rwTUip2kc18aKIHOapjFda0V0EoJM4WaXqKV2TGkQ2CioVc10VYkCum4mcFGOrIejoio5W9a+K10Nalcr1jC1UqtgtrkoUadsmZmZoQDbOTgLIdnOiFq7EAqsWmqtpRZUQi5BlEBu6RIRoWlsFibbOAHzxaYNysiQHaVGqMiGfrYota6X62G1XmzMCA3rwfas7xVlWC7H1roSpStBRJSABuM0gOfdLJWZlFqypaRSu8AKSaq1a5OnNilcajdXDOO4HlZdKX3fTWNO0xhivRpKKdHXSJe+2qWWIJ1uOaWkKKV8wsd8mK3W2mKxCGmcMjOdmGyZ2dzVbt7PohRgNputhnVL16hBgSRNhNMKbWxudH03TQPQRadSFLi5Ods0tWEc2yQrijINypbr9SqnpijZppwSUAmTXZSIkmmR4zhNbUKuJdrUhrH1fWQjW1MJlBEVJ5f181kpXXPrumJnoChdc0unqFKJEq2l8DhOoK5U282TJHuaJpeuTtMI0aYpxyRK0hSqpRKMw1RQhCJK0rDGcT1NUz/vF4uFrCBCCrk1Z5vaOPZ9V7tZV+owDJmuXd/NellTTk6DEDi7WiWcLqrrcT217GrX17CilJLOTAgIFCFFLRFS7ftARAlpmIZpGGotIa2HtaSiKKWEFIopRweB3JykcHO62TBNbRqbxxZBa840TtstG6aUUmrNllEijQlCVYGEVEsVjNPYpiYREVK0NmA7QxBRagiiEKpMq9WUmdm6UhS1hLrFvKgQTG3CVlRatsmlBihbGpOeSGxFhGIaphIlSkSRrRJWlKoCAoASNWoRpEV6ai4RCkGKiJCQ3abJOY21dJLSxrZxJkktJdOAcXry1LKhEkhSKCIipChiaJNtuVkGGY3TZNtOgxAiVDJbOlWiSA1ltlBM4xRyqSVBkJmNVlQITS2rAjONY7PdplIKyWoYpnGqtRTJQTbXrtLSDcmTU6arpUSt0clICoWsCKbmqqDImYRwTi2dsjIIO505tmzT6HQttZTOxU4KYUWSJK01Y0VIoiUhQRumEqGuGkKQWI4SUiFtZVQJmQwVoUYqSiWSRCUkSWkKshslSkiOUjvbhNIpo1BEyCQWESEJN9uUCEQpNTPtLKUooioiopQiCatlhpTpKCoRziYwRohIt9aajQBRaoSKShRryiyhUICaHYEQEiIzQ5qmsTV3fZ3GtlqvIkrXd3KADQQ07KZaSynpzCkTY7u11Tjk1IwVmvUzW4RrdEBrrdRauiJJoVLCxlKJSDuiSBIhLIgS3awPhXFmttZsRemKcMokISGJUko2OxOc2M3OhiJCSDbTMNVaI4RTpKUiATZpk4kopZRa7AR1pZQoXUTLBkallHAiKcfBUi3RxjZbzErfSVG7LlN260qtXVVEaw0UUmbDVtQIjdMUonTV2cZxiFDXlQARoWKTrXW1Rik4JcZGm8aIIkVEZMsIRZRmlwgpmjMipBIq2Vpz1iiiSGS61NrVaK0RLlFay5TljFqAkIiQKIrWWsuUHSUmp92Ojo6ODo9q13ddiVpqKdlM4NZaNssSzRbKTCsjqiGTzGZntiknVEIobbdUFQpIoykHrKJQFAm7SYQY25CZUYpFjWhTa22qpYBUIiSB0w4ryHSRFEFzNhSBItvUnKWWIIxqlHGcFJJIqdZSirCmnJx2plGNKLXYmJBwWA4BgG0Lt0R2rlaDlcgmakhRFMKyGyLHKUrUrmZrUzqzYWG3bBGlRJk82nSlTK21NuFoTmdGdET0UZBbZill1s0Su7VMIiJqcWugrhZQREQI1JqzZQRWCDmtIlpTKbIsikMlFFGjEDGOU7aGLTSNQ8tWuw57ahkljOzsaieV1lqmlkcHoai1r7OYxhZRKOq7LrrizPV6bJldLZTS2pRTqiikcRwlSilK2tSQo0YhJLVkYpKiq50xzpYtW0aJ0pXmLKX0tWuZLTOTrptJkZkqpdYKiJimMSVCmRQVlRYqBddSXWJqU0iAIkCkay02pdZSBEQtJaKvsyJNbs5WS1cjSi1jm5bLVYlQFIOICAx2kxmnnIaBULYccgJoObaxdn2pQUuEkSQUJUottUQoStQoRZghxxJFinFcD+NYayfRMlvLgiIiglKCiJZT6bqc0rRMp1tEdCVac42CqBGiplpmU0SUqsm1i1Jq7foItZZtTIJsloXJNmZONi0TESq1dnaWCMt914XCBK2NOfVdh5mMsUChUnsA29nWbQpFiW7KyWY269erYTWuS0Tfz5wYEqeNs0QtJcY2TdPYRx81pmEap1YRIdA4rN1ac9YSVXUch8PD5TithnEqXeeWLdtsPsMC9/0sHI2U6mIxWx8ux2maz+eG1lIlysd/1IePUwoN61XiEAKk1sapTU5HlFIjVKZpzOboSt/NsFUgwgCUiFJKqZ3saWzN06yfjdMwrYZSO5NuRoqqUGRrsmpXu34mS13pSm051dqVWto0ytTaJ3lxf69NrZYSJfpuXktB6vuulLIexn7W11KcbunVMFBcok5talMrME2ttSRKtrHUUvp+alOR5HTask2tUWZ9aw6sKDixBSWi63qIsY0BERGKzHRmKUWhtIpimEYs0tnarJ/N+tk4tRD9fE7I9nw+J6L0fddV2VKs10NfS0hTSym6Wic5s5VSM3OactZ1ta8Rql1XQhkIRZGTUlSi6/quKEBYU2sqMbY2DmthIWSVkqZl61SjxDCujbCnqeU0Ta3ZKQCUEUUinE2yJEsSJYoKACZK1FrHYVAJO0spktKOkCRwSEjjODmz1C5qEbRxIorSEdHNq6JYLooI2XR9N61Ww3q1c2xrPt/0mOv1suu7WnvSiRWSZGeUklNShOQmoERxGjlKzUwSKaUANTB2OiKKlC2zOWk5NQAZiBI2RshyiUiLUqtsNyuEQCpFRAnRbOEogdR1tdbibCDjEoTkojCGolK74pYlpCBbZpp0RAhN0xihKNW2M50JUSLSmWkhbClUJCtKJXBmKUoYp1FRatdLODOzpbPUGqWArBbWclivh7UUYREqXXUjnS5CoQBJqLXJ6XEc0sYYYSPn6LEN2UxRVTSDQiVsSNtWCUWpUVRUVEoJZ5pUSIgQ4BBkSEhRAkmWCXCJgsGJCiEgVAJRQhkq2DQnThTGWJmpEqXIxq0hKVRqQcoEEzVQuJmglNLAJmoRciI5FI3M1moJZHCJohLCUhAKoSg1opQuIpyMbSqK0pcgICJkaGRrrUSgQI501JAqEqa1cbUeIGazee26KVtXonYFJCQRUcIeswlKkSRsoYiIUoDMFrVrU7Pp+95yG5tKIEtSRLGMjIOICEkEUWogisKenJkYK0lnGnAU1dqhdOaY0zSOKhElWqaQYRhbCfW1lFKnbC0bzY7ooqAggJKZzUlmSrYzJ6CoU0gRERGEAgx2a2mpZRaiRJQSEW7pNKXUGiVqmc0XNaozEYi0nc5sxtlay7RtI7BtUUstoQiBS9RSC85sNhkl0hYGSxFRmj0NYyklukLaBDSjghwCByVCOEsptqvCpIra2IZxXUrYrIehlKIS2VoUOcGKKMZCpRRLrWVEUdQoEprGqZY66zoVdV1fi5odcpLOKU2xMqcICYRCUbval75lc1s7Wa3GEBERRSG1dIRaI+2iMnrCrrUTUghkZ9oO1VosSIc0DkOm+nkftURIoallKAolFIhMhyMKEWpTTtMErkSpnUrgNrW2HgacUbuuqyW6QClyyqRFdPN+llEUEaXYzbas1poIlCpRoozDCDZRZJUSETJIMqvlcrlaRkQttdToaqdaW2ZBiiilRClFEaEoUUoYtakZT0Na6cxSonadwKStEqV0RaJEAdKpcESUErZdkcMts01pSolaA0Ihp42dKsVSCJVQlBpSibAYxwGXwNmyZRva2NVaSp0y2zhGEJQoUUq3Gla2Q9nPe5txWNfS97Pa9X0pBUkKi2Eca9+V0kXglKGUItRa4iy1AJnuu66ULtE4Dp5aFBVFZgJOtylLiVK61pozq2bDtGrZikqtJYjGWFVrqaOTaWxOnLOullqc2UYnKlHSSYmImPV9RBhhT1MrUWo/q1VYmc2Es7XmKIzT2DJLqRJC63EKIXCollK6KpimqbURpBBCopQAuRElCOU42UREUUllF5HGdilFpWRzKaCQA0mEJITTROlqDQnAhFQ7KZTN03oc2xilODPtYi+HdWsWUmRmZloOVWbdPBQRIYIS4zC2xEhgkAQy2EqbMBaBTC1degoZBMaKUqKE09GViBIKFVprpNNNCkMU5FAttRaVUgIsBaA2jV0/72dVLkkDtWkap1EUVSIk05XOQbbmTGdrbtOUAYpok0uNeZ0lOQ5D89R3i9l8XiKyTVFrrfXo8LA551vb0zRmZqkVNA7r2XzmUE6OGjm18kkf+5GlRKmllIoiiiJKKDJdVWqtBkWxbIUhLCGwShWepoygdn0ytSlbNpvad/1sNizX6/W635jPaqeivpRa+pCncUQRoRIaxlEENFLGewf7pWg2W0w5jmOrpfTdrKt1almqSimgbt7n1KSw1FqrNSy11iKidqW1VBARCgkFSmGopSid6fW4jlICRS1ECcC0NkkRoVCRiKglStd1JdRQpGqtSFJkayZLia4vU5umaerns8V8Q2Js0/LwqETJkJzCs9lGrZE21tHRYZQoERkydF0PUkSVSgQm3VIZ0UWh1FpCCEwmEi2dzVKzNYGciFoKjeam0o3DmNlq9LUrUdR3XbakSJKwEYEhWzMKKUqJIiQFUokSERJSCRAGqWVCpHO5Oiql2pRaBTa1RKaFsBTqShBFEna2lCLTBLWrlnKcSFHA0XWllOpsd9z+jLvuuuv0tdcoypgtDXIpdWqJ1NUilQS7IWRUQtByMtRSVaJNk3GoIBHIKA22FDBOzZmBCAmMFaDAdmZLK2TUlQ6xWo/jtI4otZYuumYbJAw1ikoISglbJQqQTjerKCgSoWIgGdoQtXaly9bWw1BKjSIFUokICGxLQC0dEnaEpRIhCZpxKhRIkiRJRVEiQmpTU61938/7PqTVMCiJUqZpOtjbl5hvbnSlJBZqrVkupYYCYQgUJQ739zC1zgh3pe9LkRVFpUa2FiZKkZBKiVCQRsJAhFA60850hLpuVhWOEFhEyGk3J2DbKCyQTEKEIRTIrRkyVAKrFme2Ke1EpBsp7ExHCaNsY0qhkJjGFEKOKoHTUtRSW2uZTXJBEYoSkmTcWsgTTNNkKJKFFKWE0ggs24BCKsgKCdnN4zRMzV0tNYogBTjtiPDklmmnIJE9CZfaSSGsUKiPwpQOaZzWDrVxcEpCFAI7a+37rkOUKPN+5hLOTBEWITtriaA0NyMJGZOKEDgJOQGMBEpMNkIl5GwlwgiZpLWc2lhUSlQhpyMKopbouuoQVilFERHR9126CUmhImFJbjinqbX1ehCqVdlobWyZIYlQqGVrMpk2tatByUyIKGE7iFLDztVqnS1LLbPZDGucJgMmSs2W2KVWwNmMa1Rna5mZWUsVBhVVimxsEJLSiU2UkCNqlOJsGHDmlHbfd6XUbFYozTgMLZuEalE6M9s0lRpcVoLS9WFFREhTa5ARkZmC1lqbWkT0tScggSy19N289j3CbZrGhhEYFKWWEs6u34ga05Q4o1bSLSc3Mqcps9ba9V2tpYQS4+aUsEBRAoSkUBFTJilQib50GItS6uQJpKJaey7LdJtaRIIQCo3jsFqtSoluNstsrbWudjHrhKdpTMsth3EsCtXoSqdguTqaWpv1NaIaK4QdEBEtG6kpWy1ErdlaEBFMSZgSqrWUEgFTSyJa5rhaT22az+dd17dpmpx29qVrbk4RCilKTNncjMNOiEIhVEqJCEmhIjGMDbeICCkNSYMakSPN5rKcmiIkZ3rKMZNAqQxFqaUo7GYbU6IocObUmlEJhnES7voiKSQbbKRMl0qodLO+K6WRpBTU0pVapsyIUrs6DJOnSTWm9TQMoyTbfZ0pZCglwgRSEaLWWqKgkCmhaZokR4kSQkKljSMhSbQsXbUzFOBsabJ2fa21lshs2TKiSF0oAUtRilQxxrVGgJ0hpds0jJKw3KZpspW1q5JDnWQbu9mUgiRZ/byvpbbMKRvZgNp12WyhiGFYT+tVa0StCtLKtJBCpUQtQJCpThVhyZ7aRLp23TA1nKUWm/Vy1bLV0oMpkTkVCSIzRZSuFkpqMiixcXVRqHShABKnXYpCAeTYCBBk5jTV2sltGIZsU5oIsmXX9yBwKaX2patdhNrUMrOo1Flx0pxTM2JsU2aTS5HHqVUVIKdR0UWUaRoJ9X3vScbDeq1gPu9FSKqlFslimjKktFsbFQU7IhTFbbRtE4FCJEpFjaKIKIgxxwAXCaSYxlF4Y2M7aulrB16tllNOJcq6jTL9rJvGYZym2Xx+cHBQSp33s2GcaolauoTyiR/7kVGqIARSiWKUmdM4pFMWgWgRVUoBAnJsjcxhPU45dREiSUUJghoxn2+EQlEUpValM9tkBUmb2jBNIbm1KW2SyS6qpQyr9TgMi8Wiq31zSnR9n601N2eW6JCcbRiGYVh3XYdwtmkaS9SiMo2tlhK1zrqumVpq6fqQ0p7GAYuiqU21dvPZbJjWme66SoO0RVGppSo0jenMhMCldMOwBnXznsxSi6RMR0SbmqRsKShSKXW9WjXnbD6TrVLcpswkmMaJErQspUZEy3SjlpI54cxsreXYWppCCCR5cmvJZc5my3abWi21ZSqFjSTJzhzdz2bOsZFd17dpAkRM2UqJUGnZLBUUEbVWBbZrqdM0talhLJwplJmhmMZxbJNzAmFLdFFQRISdlrtSjZyT5Sh1vVo1M593Ca1NU2slFKFSu9oVt8x01K6EWmvDOC5XQ42YWrv77nuuPXNNv9jYP1p1kkyDUqMoVELgHJFqrdiSSkRVKVElOxNTasGSyJSwIwTYmVHCDmopFkAoQuFszkws4WkClRIytlGJQBE2zpQkUaUUmRlSSFNLgZ3D1KpkZJt0y1YUiZ0OFBHDej2O03w+h8iW0UUpxa1ZUWpgR5CZBChq7do4Ti3TaSSJSAjbNrYR2K2NkiQZteZSVLoaQUQhrRJ97YRsyAxhJFSggXNSiXSbWqs1jD1lqVUloii60kVBASSyGxBRa9TmplJLVSgiEIoIRTitEhZtahJCkiIis2FHV0qUNiWSHUDLRlpFpUgmVAhjBChKLSWKIVuTKSFLEcpxyswSlRJhWYlkuaiE6kSLiFJkyNZKlChhOxQGyFJq7QqNaRwzW8vM1jCSpIJkM41DZjOQlgQehhGoXZUICTS5MdmQmVEiitIKaFMrEaWUqGEn2RzhNi2PDqOUWd+3Ng3TWMBplKEOnG6hEmHS09QoEqV2tZYujItksFAJKQjJEdGmqU0TgGRcanG6tQkTOEotocyc0iVCURUK1Jyk+64rfVGStFCEgFQUgpyc2WxHCRSC1pyZJskGESVKqV2ppURERETpagmaM6dEqEh2WkHUUqOEBLYkwHJOCURRG9vURuO+61FgSi2SKOr7rhShKKVIAlRk02xnc9oYyzKhIsZxUnFEtNZIRWAbQiHJARgHASqSSiimaWwtgwBjwEKSGhbquh6cZCldTq2UohKt2WSJAg6USGlCNSKFHOlUSIrM1qYpYEq7JaF060rJnDJtJ8pQnaZhmiYcaU9tkiRRujpbzNs4Tm0KFZqn1jItoZBtyUittalNU4619LZDUhRKFCOUmRFRFCLHcRSutVNoak3yOI4YRUSIopCilIgi4UybUBRFBLXU6LqqAE/juk2TpL7rokSbppYJECq1ZKZtmVBBcnNiJbXWaRrSzYhMowjlNDkTxWxz1vf9NE1Ty5xaVbRsbZiSRloIOVsat9YICmGyq0URpYSQ3YAiZXqcmrBNo7VpGlsrXZGJKEVKN9IlonTVaTuTwM6pJa6lIKXdlS6VTiawEYpQjaLM9Tj1tXb9LEIoA9lZS+1q1zJDEZLdaq1tnDIzSvR9XxStuWWGSqal6Pp+1vcGk06EM6KrZWrNSYlQME2TJORxnHDWUiVlpmmYEhpbU0SEbE1tMtnsrp93XQkFCgWt5TS12pVQJA5UulrE2JrErOuaWxubkUjbUaqyNahd6bs+0Hq9TLdSw+n1sMqp9bUiBZQopRRFCWE7p6YoUSglSilFBanUIkmOooCsRUURITfZaaccpRS5EaVly+a+q54m5K7UNrV0RgQoSeFpalFqOkOlhJwu0pRtytamqUR0XS8HokRJOxRd12HJELatiK52Y2u7Fy8uNjZrFy2tUvra1dpFKEqZsk3jVLriNICRqDVCYYXJWmZFtJw8ZS2hUEskDdnAadutRHHYzeBayzSN45SE3IxlKxTpFNjYU7aGVBTTMFjM+hqlAq1NmZqmEaLOqtDUJslOo1BYVg3STNPoplnfhWTcWhtyqiX6vpcDu58tMpnGMQjsvu+jRERRKFuWSvm4j/6IUI7OaZwQJWqCM/tSx9acreu6EtVkopatIJBtgJCbh/XQmksJdSVUbZaHy2FYhUD0s3lraSTaMKwshNMEHqah7/uum7VpihL9rNZSp9aGcUhHKbJxthp1vlhQcLZsbmPWrmZOxkKeMlDpSwDSNLU0bo4gSZACrOaUXah9X9IWEU4raonEEeHmcVpLkdlqrdhQSDKtErVEtqaIUmpmShrWU19L1GIztKlGlFk3n82xnYnVMqOUlmpt6FW6WSfJzkxHFGM3164QoWaJrq+ldCkrlTixnbIUBYxkGgokiVJKkRTCRAlIwbzvu66fpnGcUhGlKIipTTbgnLL2vYJsxq5dmaapZUbIbQSVrgNMItmutfSzOaiUErXWIqxpaiGBlEStCmG1nGoptRQ3WptCYRMlSlSMw5aihGiKOp/PmpulY8e3Tx4/U7saUUKazXoESYnSmoG00wo5ogqFBFhkOt0QRChqhLAlWSaNsIWaCKdbGhOhokKojc2ZKtHV2jKN+35mWyFhU8BSSJLITFBmKrOUKtFaRlhSlSDsCUxIRC1RI6Iok2kcEmrXzWczkTY2dsqUKmyEE2erJTLtzEYLqdSu1MhMUdo0TEnmNLXJmaUrSrfmhMh0tlJrhKap9X0JqU2t1DCEouu6sTlsKy2UCgVSEF3flVrTJA3nNLXWskTBDMNR7braV6WzZcpRornJyKVIreU4TbUWgTM9pQQhpRuthBShRCWqiiLsFC4qGcZEUYQyKbVT5NRSyIrWmrNFDUBGCsDCLdMZRIouRDgbEtPYcDOWVIiWmWlwSETYhkTCKDS2qTntjAiJKCUihJBDEWBhYxxSKV2gxCFq6USApzYKIshstXTONHS1KBwqIEShYBJqqbWUvb395eGyn9USgY1pmYZuVk22cSxEFA3ZxvVQFCgUIeEInAbbXQmVYqEIiDa1yUk6apGiImMbnAqMZUma2lCiRpEQ2NkcKlGEDB4bgaU2TSCFoqjWGo6WKRBI1FpsnAZHRERIilCJ2nWdbKm0dClRQpJRQYSCoiK5ZUq1lHQDokYptWVTo5Za+y6waWnLComktQYSTkVB0dVpbKRDBiuK7aYmq0gKTa0VRYmiUNQIFQFkpsFSUSk5TqWWGp0VQJvGtEtRqSWiiGg5OZukGtGyRVS3bHbaITnJbE5ARaEIhRwRoKgl1JxuiZ1TQ4oIK0i3nLCLZLS/d8ltXMznMs0poouSUqnRlVprmaYxpChlf3f/8OBAJWazmcBpKYSQI4pwczo9TS2CbM42Tq1FS4eciYSKFGNraXDWrhaFMAqsEupK13WlJc6sXa0R2TLdakSpXUgSDhVbEZadzPqO0DSNpKOq1E52syNUkB0UybbTNpmWmltmpt3POqkIWUQoSulKxzQhV4JAEVjGQlM2gCAUpVRJ4zjadqhNU0QIGZzpyQiJJDONVUopURTUUoFSQkEgFJJKKdM0SRFSkRQRVSHZKCJziqhTa22auqhdLUUlZdKq4cxaiwlnKohSzDRNqVBRNrut16txspmmcdb1pYabFTVKQekUEAK3hDZNUqJorRWROFRKobXMlqGICKlEVSmdzJQpaFNKpSuRbQwVEBARUeus1pZTTg0TEWmUdpgkQqvVSqh0gWMcG5mZbRpG26UKUyLINCqKrnaZObbRpqtdtpYth/VqylZKJ1GiNNvkOE7jMNRZN6tdZjY7iL6bd7OapnZVyGQJ9f0MuZGQAbVUZ5vS/ayDQhBRVCoNRbU8TVO21ncdCpSKEBGhwCGB0xkRUQVB2tkiQkV2KmoUlVKEBcK2sVpORZ2sMScTtSgTwoUCgEORrbmlVIrAoADbbmmsUhSOqJG09XKMGqKM0zCOo4iuVqlE4FR6Ir1aLcdhmnV97fqurzWKEQam1rLrO0OgqeWUDkftaynKiaRBzPqu63pMBOpK2Ovlqk0tao0amMy2Xq+6Olss+vU4Eer6br0ekzbrZiWir/00ZXPrZjOjrtboIkrt+zqOTVBC4zi1NloqH/sRH9JazuaLUmpEmabWxhExm/clSoRaay3tbJmNhIhMhyJqkTTrO5UgQkR6kq0S63FtUpSIgj1Nre/7ruvHaSqBJzmz72cWKAjW6zGkfjZXxHpYM7W+70rtJElh0abWWmutldKVTrO+G5tlSldLKU2UKIqwU0GgYRoPD9d2K1FqqQoJOz1la22KCLuljSTCZJQ6DuM4Dl3tu9KXUlKkc2zjbN5HFKQopU2TW6oUZ7OtElFK7RSUbE1SKKY2tjFt19KpK7Qmqfb9MI6ttVr6UkNSJiVCKlFUS6ld7aIgt5alhDNLKREiQSLU1y5CtCQku5TabDeXEmFNziglotopC4mgq322BJda3dK4r1WBkU0IQ60lCCyKoqt2KlW7UmpXVZCcGTit1saxtRKKUOAJAiRC1Fpq6VpraUshAQFqbQ1RCm3y1CYRIWI270LZXKPWWbceR6ax9rMSUpRaqjOncYyiWgpJKVUKk9kShURmEwW7hAR2JlJRoGwuNQLSIlxKRRRkCaygqDhinEZPmU6jkBLW68H2rK9OGUrElJktIySp2aVGG41dSo0oRLSWIJUgHYqxNQTQ2oRKV2tE2ClFCYHsbK1JgQQiQJaL0xIlulJLiWrUxnWUwmVhRRSgKAwph9RMw8KJ08jav7Q3jsPm5namM9OSmUghuWViiTTONmUTLrUGUimllBIlW7oN991zd7a2mG8gpdINkNKSIC23ljk1kGSVIglZjqlNTigRRjUkpS0otaKIkAxhSYKQMptSoEzXCJFQFGBMlq5K0Vpil1pqra1NMgAmSmApAikUaWQ7p7SjhBBJRIBaJrbTrY0RUUsfpRDqS8l0y3QgZDtba81dV6JE4kAilsvDsY2SIlRKFaAQZLaWLVRamzKJojAJbg2F3dKUCJNdCanWvqu1KuSUTIRaElFqjZyyRFAiW66Wa8lVMY2jm0stSWJySqdDUgmlIqIqhCyTVkgRrTXbhOTMtGRZhpZNKrWrUxsyU0FrCYSiJaXILRXCZDYU2DYRoVLIhmSr5QQKkU2llMltmsaUaglsQ0iSQGC31tqEXFTsnKZUZkSUUrO1cZqiqpa6HodwlBK27AQrFVFCwk0RMumMiNp109SAUlSiRKmgcRglQjWDEuHMBIupNTeLyEyR0zQN41hraXYpppRwiIhChIxbS0WpXTU4iRKKkN3VajzZWLUohEXIOADbBBBgYUuSCECSIsik1holyDYMq1AJtFytnVlrV7p+msZaSqm1tUw3cDgaUz+b9V1NhUChEpIUKi1bKTUiSi1Rg1RiIWwUdtrKtAJJctaqNibNlkyE6PoOG0jJbpIkZTYnFrandITGaUxnlFIIhTqVKZsstxxWR7PZvJYKzkY6DchdX21LUUpE1KQFJVsrpdQogaaW0zTWqBGBvF4PwzhGkZCCiMCyAJdSjIRCcstSStQuFGEi6pSTnX3fpTW1cRqHccx510cp6SSzdF0tVRGC5Wp1eHRQpW42m9o4jS1KgKKGoYsSpRq3qWU20UopTgl3fRddeMppHLvaRxRjiWwtbVpOQxvHtZtVSilltRoWi76WHqVKrYrEEUJBMrUJDGlLbi0tQgbkEsN6FUTXddM02cxmXYIwFi2nnDLTmeAku76rtYaKrCilREhyMgyr9WqwrCjYEdGV2uxsbRzG0kUomt11BbBtI+ypWYoIG4AA2S2HaexKFzVatjZOirq1s1lCblIEeGptXK7Snve9pDHdBRFd0gw5pWkh2c5htD2NE9PoNuZoM7k12mgkaRymUjqRU2atMa6naWrz+SxUmidS88WslKjR1VJauqUDMltmlihBlIgIZWZrjio3mtt6vXKolEJq9ASl7zqLWrQxnzs9jaMgm6dxlEpmS9ukjGqR1FrDlFJqiVIqIpvT0/LoKEpZzGYWbUyJfrYRQS1KZykRIaRSS611It1ynAZMqT1qpXSGlmPL1qbM1sK26GqhlMV8Pk1Tm1qohJRqJaqgTYkySqmli1KUVikiaq1ReiGbAGMRKHIao4TIvuu7OiPo+y6i2IxtbOMYpStRWxtLreM0lo//6A+3ous6wjKZ0zROLTMzIyIKgDJzasM4OBXk1MYoXS11uVqROZvNIpQ52VJEKCJi3vfzxSxxlDBMObZpEiFUZ91iPpusEoISEnIoWjbbXd+VrtTaZ2Zro1BIAiNUuq4abCIUNZyuXZWZ1pMzjWvt+1nXsoE3NxaipDKkiNps7CAUtHRfu+j6aRpFiUpR9PM+JJOWla5RjKmiNSEpEiSV2ilCIluCS+lKqc3TOEwRQQQtowRu2UyJUuRMYzIzPYyTpL7rau3dJkGCYZxGNwhKhDMpKqVMLUtARAQRJSEEBrDV2hQRiaexRUiQrZXoSg1nFgXFnhylDuPQMrtZr1KN29RCERJWLYUqWTTbWIjIZi4bW4uQ0DS2EjhKLWFVk6QlZdoKQ0vjVmpxGmcISi2l2BrHsaiUEuMwrtcrm+iiluq0IiLqMA02NiFN04ii6zpZTkctUZRJ2kBmVkXpqmBKW5LIRLgoMgjREJ6ICKGIzAQUKgqVEITCTpVaSsUJxoSopbMyUbZBVpRIkI1Epp0RoZDRMI6ya1ciokSxTaLQ1NJ233cRAtu0TADUpjQuARERiggpiGg5QaYTXEqRBJSQFIZSg1pwtrRJoS4qQdiKkHGmgoZnfRe1E7REUEuMmUIUwpGZ4zRKmqZJotSoUQ2SIoS9PNjfvXS+9rPZxgLL2bJZRVFKKRUkE1FIIiyVUgthp6fWwF3XSaQJqLV3NpMlSlW0dLZWS41Qs0lnIlkqSAJE7bokJGFQKDRNY0DfzUqpLRtWWqXGNE3RKSIwEUIYi7AUKG3jqAXIqU1tLKXUrpbaAa1NMi6hiIBsBhDj1GRHhO1sTVLtSlrT2LpanUJIYDKbRO0qEs2SQgGeplFRVNTGTLMxn836WXMmFMXUUqXI2Nn1s4gwJjFJCCSUtNl8oRBWpq0sKmBkEBJuIUWNUjqJljRPmS6l2kQoSgmFitKJImBqCQ47rYho6cxWSjFUSaW62TCNY0v3Xc3MdMPORBJQRInitEFBc3NzqRUkkWm7jWNKKjXS2TJlLGqtaTdnBIqAKBgopbSW2cZSa9f1pYSdDiwgoxSIUqKllVFrhDS1SaRKndU+nQq1lqUWQtkmjHGJMFFCEqVEay1CEpkZJUpUUFVppnSSwsgtS621hBsmM6dpmtLUUksppVSFulpLCYXSFGK0c5oAlRICBZCZDtWi1iZIO2qJUmpOzWKx2ChR1+N6ebTf9V3fdyWipVWq0uM4Rg0RY8tSYr7YqKokKlGiqpQk3TJxSKFubENQoiikUkrXdVEEIEcB27asFCEpCsooBSN7bE2KUkpQQia6zKwR6ZzGdBsLyimjdiWYxslCEW1Yg92mg8PDGlVFLd33fZXGYRrb4MTOCEETUpvIjIhQaa0lnjzRUkUWmFLCdjhKJwhMjVCJEqXraxhJEVgupUYoIhRKErtESGEsCUnFtdZQSCAJTePkliiwQyKKSdKlBIaQEOnJKNSVKihRkECChNYyCMJCiHEc0hmSQnY61NU6m89RgEsps1lXopOi2dmylGpjEjtKCAVkGskoDJFTunalqhoNwyrTEVFKwRqnYWqpIosoIdIqtXSBLU3jhDTZyNM45jBOalJE1K4G6ZZpqFGlmNxymoSAWroIWmZXiqqc07AegFrLsFqN0xSlCjUMdF1vS1iKUpmGtlytFNHXbppa5jSbbfR9iGjpNo6Kru9rmjZMONvYmrJSxjZN06AwUhvHcVgfHRxcvHButVpizzc3xsxanKlaQxHjOEaJWZ2N01j7atOSzDaNkwlnkxxRx3Fyooh0ixIRRWCopWthpnRrIWU6RIRk19pHCVpLJ+Fs2dI2FuDaRRK1FuFpmJBX66F2fSmBjTyOwziORrN+VoiQIkqpKrXWWmyLSHsa29QoChNFESFsmygRYEUp0dzCBJGtzfquzGZdqa01TJ11LT1No+wm29gGokTX9bLXq7VbUykRUbuSmXZOtGwT4VnfZ+bUhogyjmOpfd/VvcOjNoxCLSc3l6gqpS8dodqXEnUY1uUTP+6j+75Pt2zGhui6GophbMujI7ecWqY0n8+6btFyKl3flS4i7HQbQBRaZpSaaSlKqUKg1XpoY6ulKoJMK4KkAISCcKEM09Ta1Pc9oWkcsnkxn5Xo18MQUtd1FYiw3XKa1muJGn1UY2QbCFBMrY3TGFIppbVJkkohGWk5ta52LVuRVOtic2Mapmmc5vNZiFJqKc6WRigyM9MtW9SIIlkWRmAFEFMbIxC0aYqIUGSbhmEoEWQqAjsBIakoIpBMRFfqNAxI89lcUmZDNigKznFsbhNSV6sERDrH9ahCF31rY1pAVViRdpJdrSXCdimKEq3ZuJTetJZZSxiODo6mHAJmG32n6gi3zDYKRcTU2tRyGMZ0zrreRWTWCLdmUWqAcmqtNTdHFEktJznaOMpWEYlKgAS1RK0lSTdKLUAJSSEbHBHRRa3V6WxZag0kE8KiuFgBaZStERGyMSGlnC2ilBIREbiJWqrt5ixFUrEzMyWcTjunEaILZWI7CIpaNikkg0MQgVxUQoFRyJlpS5INwrRs2aYatUSMYwOnaZmSuloiqjOFptamaZIUUclUQSjtnLJEZLZxXEeU0kcgYWyBotjkNLRxqKWLCGGbUiqiZbZx6mutfS+Tk4sMmshSShf9mBNNUkTEarWuUY2cVtDVWktppJ197UI1p2lylhJdLURkOlIts7XBtmHKjL7bPn4ios7mi5COlqtu3velc2ZBQOakgiQ7JckahlW2FiJCQYzDEDhqcWaRUIzj0KZGQY0UhsRkRgQlSikRMU1TqdV2OAOkiCBMppozhA0YGxJ7mlpVRASIzObEhqi1SCoKYFiNuJUIItrYQlJoas1kjYKUmSCEJAxOiagFopQaSLZUSi2lCzvbOE1jM9SulihSTMNYa9d1nYJxSqNSKFGzTUR0tazblFN2tU+TUzOezXo5FE67KFpioSQUTvq+V0S2hiwBIlGolGpcRKhObbIzQY4QGMtO+q5EBISINk121hqZhLEdiigqCqQcm0SpFasop8xaaxRhbLBtI0mZzQqilFpiyga2rXTLSTjtYRxKKcnkbLXWiDKNY0TUWpGyNdt9Kc6IEm5tcpOkkDKjdKXrMg1phdJpSoQzo0jISZPxJCng6GgZ0pQphFRrmcbJ2braZWapnSBk4za1ya4RpfaITM9mc0S2HKchZJDQNLXWsu870DStpaIoBqdDana2JikUbZockkhUQoJSQkEaGRvJOEp0todxEooibEG2FnZUaq0mDldLoHSdMU4s4xARRVEiIkpIiqBls5AZW1utViVqX3uCaXJASFGLk8zWWtpuLbvSQ0hIzPuF7SmbG7VEZkMKyExnazmOw6AoXQmTksB2m3KqtQsYp6nl6HSb1sMw9f18ajlNreurCqFaiprberkeh3UpCsrUsk0DNjCMYwkgatcpoqqUUiZn4ChFpUQUixo9ZNJK19nZxtYSo9bGUJUUqChaa57a5Dbv51HCrQ3jWEOhUNQatXma1pnK6rBxECWiRJQqWUZgUI2wVquj1lqIkAhnTpntaLWqUUuUllPUCMuZ4zS0TClyakKlVilKOqqEM9MpJJIppwiM7FZKVRSMFK2NgiZD62uN2s1mHbhNWVUdlIjJlpnPZwTT1LAlikp0RVapnUStapnpLBFFpNMtkdPZ13nXVxtnS+N0iXDYFpjMTGSM29gkSQKXWqUopdauTtM0Duu+nwFtnPpaJU05dbVERJr1elVKmS3micexOaldyeZmtzapq6VgsBMSQmEn3ax0XTcNYz+bB221WnWlWx0cXrhw3nhn+8R8a0OObNmyqRRZkmqpYxsQIkohM20iAtnQWlNIIcCZEVoPgxS1hkJGObbMCanr+xJFRajkOLlN2SbjCDnd7HnfEZTQfL4xDdM4Dl2JKB2hYZq6Pvo6hzYOYyOxRQRhW4VsmTm1zMmTxzaRtQYKnMO4Hod1hFQ072fGLd1aG9M11NqYdu36UgtFKGQjKQgJmIYxcxIRilrC2XJq6RyGQap2S9KZCCcmjdvUUJRSnCBjzfouSheRrTFNw7geI0QpzlxsznNqq/WyjWMJTW2axnX5hI/9KNu2aZSuCJVaZ4sFdqDFxjxKMS5RIUupXd+HIrDB0my+KFFbNhyllK7UcRqKcMh235dmZ3OJWooodsthWE2Tu65GjUQhnKmIiLCckxpTttZaC0WaYRgNtqQoJVCW0uGUiiThcTWUEqUUg7EQmSrFUidFLa21aZhCSApo6VIYWw7DOhRppmEiQs0SXdcpArBFs0khnEh2ZnNXKkGmS4nEpVSF1uOwHgeMUKlVbWq2Ak9tnJoQCCFUilprLa00EU7SLgoiImKcxtZcS3E6avS1txjGqbm5ZZuy72ottUhRCplRAxelo4Shi5J2kqVUSdMwdl1fayerZa4Oj8ZpFKGIrhYJ1aghoSK1lplEUcsMBel0moZR0TQNU+as9FE1OUuErWwJGQrJOCxobpmSkKZpwilqKoGqajO1qRTVKM5M2wJTapGIUkIYR4RBiiCsTNtKSUqrRIBKsQgiJBJFGGxHrYJsqcAK2eCIAprGkbRDcqQpMqm0iRIywkokFLWUKEWyUK2162pLT9MaFBHCpYQU6Skko2wuitpXJHCoIOO2HofV8hBpNtuIIlktMdmcZISEcxhGlRKllFBLgZHdnDKm2dlaaw2cdqiEokBipwlFSEUtW4S6vi9dJXFmKsmsUWqpVrQcS5SuqwhM13WWh2FAIEmEI4r6fqZwS9W+dN0sJClaTglF0Ww3J0liPKxXR4dHASoVcDqzEQXsyZBtGtfDmK2V2oUkKYREplqbJCkCcGKnFNlyzKk1SoRFgCQEEljIQkTpotTaWluv11FKiZKSRJGaE2G3tNXVUCkRkpBq1FJLKSVUMjNbC1EUBEVRS19KjYgakc5xGu1QiVLAZMskS1ciIkpIkTAOQ4kopUzjZGegGgW5NdJtGNdjyxJR+lJqjVJDQRKhqWVRtGmaWhOSXGsXpUgIY0opFNVSkdOexjaOo0xEiRKkkCFtNVoghTAtm7OlEEhIIVRCKqhIYDJKOE1IOCLS0FqUaM5sUym11ookIqemUEQRgsjW2jgN0wjO1tIUKSRgtVpJ0XedQaLUDmxoLWsUSpgpEBJYUclszhLFzelmMCaiooho2Ww3I2dBFgip1FKypSKCALXWhmFQKX2tQxtKCaA5pUDUqKHamKZxrIoodWqTp5aZgJCzSUSE8TSNUlFRV0vXVQAk0ZzjOK6GwaKqgFobM6XAKBuZLrWUYGo5tTECk5me1Y4IibTbNB6tjhTUUhRlvui60k9T62rXzWaKKLUzlBK11ojOqXS25lIiCBtBLUGoTRNWFBURtZZQZrNTElGc1CJHONvUspYYx2EYxr7rmhMpIqLUrhTDMKyjKJuNRSlRS42u67uuEprS5FTUNbdsOZv1i41FN5/XvvazHteWxsYuJUqJrtYoxc5SmXe9Wzs6OoquRhSTsjLHoY3ZGlDAZsosoVKLRU4glSJESFFUS0FSQCgb2Zoja1QU09SMEMLOBiGBZaeiKDBpgHTaOBS1C1FbpiBxMXXWd7WfchIxDBNFUlTFMI62a9eX8OSWrTnpZ31EtDbW2sttaikjhKMIzDBOxn2/KAqs5pRkkW4tSaHmUAmJTIqQMo0iaYUoEbXWUkrLbFMrtZZSWmZraaeKhNuUChWV2pVxaraLSq2162bCRnYCpdZm1ypRpjYKl27W1WI726hSuq4jPU2DImqpSSLV2gmQQ4WchmlUFJFSMdjUKDVqy8nprusgbUtYjlCYbCSuqqWUYRhEKV0tIZtxGiVNLYep1dL3s67v++MnT23sHMMa2iDou37K1sap1prgbLJaGyxhpnHMbFGKpNYoIYVyam0aoxSMIErNRGmk2nUC7HGaMjMCZzZPEaX23Xq1Xi6P5t28lDLrempxJopsDatlurWu6zCtjbggnCq1ILpaaE43wBgUqrUWESGm1kpX+9pPLbtSZ/PZehymaSrRdSUQRUWlyC4RBQHTelwN65bTNGUEQbScpsH9rEphp5FELUVEKV3toqtd6bpQjNOkiNrVEnU2n4VsCAWQ2TDjlJKiU9d1UWspZZqMNK0GG9WwldMUpSuf9DEfHQgRtWS2cWrObG2qXZSiWjqJdE4tp6mpFtDR4eFqPdS+q6VkM6ESYVwC29PYDAGSpAqesmU2WqbdRa8IoVI7lVqj1FnfdQWVrp+55TCs1+txPpvXrqCAnMbJ2bY2t6QYpjWNqBqHUSVms35Yj8MwzmY9gU2JCJRJtiwR4BKRrUUtte8xJg1Rqsm0pzHdxlJq13WlK9lMJVwUQXOz09mVWmrIEUVSgGkZVSZClChRAui6rtQyTWORjTKbImazfswmKYTTmWkISSEhCchQAFKJkCVokmotidarIT2F6KIQcmKRmYLWpubM5vVqPbZWaq1Sc5umMRQqJRKCUgpmHIepTREKRd/PSilTyzZNUWopkYrM1txkDdPQ1a7WamOnk+jKrJtFECWiVkk1iqI4G7YtJ3baaVsqtVQpQSUChAGKgqKcmp219lNrKYsoURyyndnaukWNokJIyJmZqbAkJzlOxi09tckSzbIIRSGzjdNYJAWZWUuVohTSEpQSrU1TTpJCpRTZJCii1iiKqTlKkYpEjQLIqJQoRSpRlU4RyECUiBKZTmwkEaWoFIUEloSwS9SpjUabGwtJ0zSoiDRpW30tRrbd3C/6otrSCjCZtLQzMWSG1FqikBSSQRGKiBIkERElnBkRs8VGiUi5ZbpNjSihdLNBFOF0erIpUZBC6vuZiFIqQboJgdo0ZbMkZxpjhErXIZsstSs13GxnRJktFhFRopTalVJrLdlyGNeQLejU9bMZGBFRpUCmOUFRBJmp1lqmMJBTRjhKwQkYWmvpyelSi6RShG00jkNmSqq1FBWpOdOpUmQVZ4JDSpBVIqghqbWmEJDZRIlSApwupaYTG2hTm9oUUYQdKD22jCh93xMxTRPOzJaZRCQtikpE19WppVHzQHNE6UrX9zOMFF1XnU4MymyUSLtNEyQKSpSIbE1IpdoJkiJtZ4JLKbXvIhBYlBD2mC1bRgQmSSeZSQgQAg9TQx7GNq5XpVRgmKZs2c96LGc6M8FhUka1BiGbdAupdmHLmelWiqKE7Rod2HjW96VW4za2WjsAUaMCwzhh11JtnJlpoVKKJDuHaQpVyWM2t2xTmiRNVAAbqFGihORsTpwtq4pFqI7DevIYKorSRQHXrguUqChAUaNEsdOtBSWVSKVWSIgkVYrTEZGyM0MRihynBCPb4FJKSLZLRC3FsiJCmqahOWrImMwCmRpbC5BKG0epEHaacKBpGtfrNZlOd7PZrJ93taKiCAkRjNkwRoRgcss2hVRqkCRZimrtJVpOpRQprSjElM2ZWIpSo5CpKCgLIZOBFCoqRS1dIqzIlrZBpZbFfHO1Wk7TFCKClmk7s5EuXWconWTN5rNau5bpRqldtjRZapSuDymbS8illCglQoqjg4NhvSpdWcxmxtlSUiDh2tWiSDnTJUrUkmaaRpMhqdQasm1DlChp5OacGiW62tdaWzZnEyolbLd0KUGEhCCzuWXXd6Uok+aU05Ic6cw2dn2XbVoNQxvHWsqwXtuE3HWzrpQUmVbgKZuzlFqiRokSFXtqgy27RS2iIBShIktdKRFlHIdhWGNHrZipZVGpUYoqkYooJZoznS3tKSFtR6kKYY1uadeouKVNKKcRUxSJ7AZEiUxly8xmMjMl4Rzb1NVa+z6bw62UYnC6lFpKCSFhoquVxDhKKUgYKd26WrraTcOkIDOH9ar2fUSolGk1DtNSiiglSlEonEm2dLZWS62lc9CmVmrMZh2mtez6LpAhW8tp2tzasNyXWdmYRa0bmzv9YtMR2IlCodo7m9MqwiYUJUKRdinRdX2tZT0NTocAOwiFRS01FAlBAlOmcSGcQKZVS1+i1L5GqpRSSmTLnFJBjeIo0zgeHa1KURUJlkKl7wsSTQpUCiFPLVS7rqxbdrVGxDCMXV8Xi0W2RkgqrU1p5vOZRGs5jeu+62uptqOrgQSl1ogyrNbjNIXkUEDfdVFCRL/op7Gth2E+n5USSLYt19rbTqdNFNlkSxGzrhrW4yqsoWUnZaabM0m3vp91JUoE1GlYR4RI2+kpSulmtUQAUVQ+8WM+chjXEZrNZtM4YtWoq/WylCLKlBOo73pFyWkqEbN531oS6mqnqM2tjS2KFAXTsnW12EaByDY1KBGKUMhWqaVEKED2aONawqmjw8OcxtLVWsrUWq1VKm2aSqld7SVFidoVbMzUJiOQW6u1RqjvF4pwOkqR7YBMRWRLSWmiRKdonkrXtWlyZkhFUWuZsgW11prOaZrcEmfpKnKJmtkiAuScINKNRFVuFradzjYMLbNGCYk0EQZl1BqhoohaO09taNncailRi+xsI2aaJpWSprUpQlFriRLIIDOOoyBq6fpZ33clok2TYRqnYb22rapMT22c9V2DUNRaFdGyYdo0KSRVBV3fVVX3pRSB1uvllK1TjNOEiVJLKaXGNLaI0vVFRBQJmhspKUoJ27ZVomWTJBO1RJGiZPM0NSGKMhOnIkKhIhkiIlMhlS5EOqVSSmm2nRHKZtNKN0OJ1aaW6YSQgnAQUkRkS6dVUBR7dBqFnZ4mVDE2DkQ0JIyloLUUEbWLAqCQ0yEc0YapZSIHgSKduClkY5w5BQVCSlAIgnFq6VapEjbTNCmMsRwIe0xH1FrrxmKRzfsHe13tQW0cpkwClWIbUl0J09IIARS3KZmUAqIroSqIolIKEQG11ihqk0sJEUkzjpDT47iSKaVktmzN4XHKEtHV6vRkWyaVrSGBkGpEqLQ22ZIUUktHUUhpgqAIKZubm7LWGhElTdf3tZYIjcOkcDfrkDIzU9M02vR1XmelRjHO1qJEqXUapza12nVFITnTKZUIRYkoFCmiRqRBkaa1qdSSUEoBWps8tVIKRK01QqKkJ6ctMjOitMx0i4wooShgISfC0zS6IUgnEeBhnGyjbC3T7mvNTClqLRjsKKXWUkppxpk2pUSJWkISpGqpCVbKTqRMhKKCKIpSimKYhmxjUCWGNkn0tbMUVqkFnOk2NdciKVtr0zjhKKWWiql9rRGtjWlLwthgFbl0XRQ5HSUklstVZnZdH1ERfVeH1XJvfy9E7atNthZdDZNW4kZWlVo64xJhLEu2QkjYmAzLSHLL2pW02jRF6aIoWyslSo2cWijSuR7WpXZRwjYgqdYq0VoijHGWKKUoQkUhnJmEQpJUSigCnOlM4yylTGOTXGsHOKKrXd93tZZ+1qMIAimkEl3p5MRyTq3U2tWyXC6BruszUxGi2Gm3UootZ0oxeUJIatMoRSkF4XSEonSRmnIKpFBrdDUUZGbaNSrC2SKUpquldAWHnUayW8tQzOfzrpsB62G0XUushymnRJqytXEEpUnSibCKaqnrYQDX0mW2zGZKesp0LbVNOU6jJUQoCJcoLTMUETFlYpei1hIUuDmdjG2yHajWLjMlZ05jNqEokU5ZU7ZxWAuKHKFSaqSH5lBmejUM2Vyj2DmuJkPf94EISulkX7pwdv9gf2dnp5bOKVUJSilRS42IUKmdsxnaNIYKNClKyJm2nU4nbljT2NIN6LquwDBNmFpq8+SWQAVFiZDx1NqwHuxUyI6klQhlKBwRiFJqKFBATm2qXVdLrxKlVKRpmpBrlBol8TgNOMNhLEjcd7NxHJ0uUSJINwsFQUxtzGxOh+j6vu87A2RfKqFhXI/DWEKgbNlMQVNOgATkNCmKaxQ3Y9JZIkrENLVm11JCIRXZzTmNQ9/XUmpzc3PXdVJky3TamUopRDhBUUpka8aT3KaGsHBzyE6PU3OOIhA5tfVqOU3ZnLWUzc3NKNGmFK1NWWvJnKzoa7c8WkpRSsnMrusCZyO6EhHA1FpLA2C3XLdJdkTXWiuqpatCUYonJqdMV7oItzZOw1QUJGObpmnIll3XN6wopRSQU6FQ2M211CjR1VnXRbZMO42CUmpEaTkNwzrtUNQaiRVKgzxMU+ZYa1UhVBROJ5adVtSudrWWUmwkFDFNQ7YsUSPU1Rql2m0cW+krTicGSFHkLKXIrKd14KFNmZRaoxRJraVC2MMwuTWVsFQkSnRdh1RrjVJkWst0K7WfxtamVmoFRcEto1TkaUwZsIvCMQ7DNDUb2Sk5M8lsQ7bsSqFEmxjHtYq62jvd9V2t3TRNXe1KiVKDpHzCx35U19WptTa1goZxHVXz2SJKRCNbm9rglipRSt+VgqLUqH3ndJtaV6tp2bK1rF3n9HoYJAtq1xExrlYiuhJRi2AY1oAo4zSN4yBAWq2GYRpqqfP5TFJXO0njMOKUBNg5TqOtohpVYUUXTq+HCbLv+wTIkJwexgGjiECCqGXKlpORPGVICVObSJWuSlQVy9OwLl1EahwnBxHCRBClyCxXK0KldFO6FJEoItNSOlmNg0wpJTNLKQFp+lnt+q5NbTWslvsH3ayvtetL1L4bpylbC4VqLaXWWu1msi81IkQI4UxUaiml9F2XCZktGziI5pbZatf3tSslSkSopJuCKJ2NW0YoW6ZaV4JSyGxONwe27KSfzaOWUsI2cldKhFRLEcN6xJY0pQVtGp2WYhyHEjFN4zSOXRRCoai1ixIkrU2JLefYFEVSmua0W9otHRGSMx0SAlKSUEQoIkSb1lIXwrgU+q6zwNQoCk9TU6iUUlQchNXsCJnIdO06gSNJu2Vrk0K1VoGQJCGcQtlMgIJMhUoIJCnAIEUpmtrUpmZwYme6pbGzqEJilRpRC2acxlABnKnQ1KZQlJAz027T2FKzxdxJ7aI1hyhRMJaKSraGqV11JjBMo1A360stXXTpZrJNU61VSEWgnFqSJWqJktnIyKlljtkUERGRmbJBZJZSokYqppxCpXY1W2ZrWEVyUWZrORXViOIgM0FRQkIRxqEg0ikVnA6IGmk7G1LamFo7wTCOiL7raq2ZaQVimiZwLTWnNk2TRd/NTCsK1XBrEaXWIsmZmFBJN0RRdF0XpcgCsNPU0oVCUEIKLDAKgmgtM7NNU9d3qNRSSlFOzbZJEa3ZOCJkpxxIITKFUECWWhWEcYRpaUk4EYpQywYupZRaIopFhEpovR7bmCoxK0VFU2u160KM4yBj1KZxzNbXPkpMbajqur6QuRqGUmljm3KKIkEoIpQmIooUKlGV4zSMIxCSwS2TBNfSlVKdmtogRRQ5mfWzqKEQyNNUulnX9V03i6hhokZOKVFK6avS2Xe9ATklSULTOIBLKShTFioRNuthcKpW1ShRhIoyQUJJIDux3dVaSmk5SepKpD21lmkpbZeokm1JmloqopQoUUuJUoXVsimYppRUSsnJlmutpVaJKFEAubUEQja23aaWZBS11qb1UGotJbCtlBECubWIAo4SIkqodtW4tZQEWi9XiK722dowDMYF1tOYtqRaK2TaXS22EpdaVSJbU4BAkdmazTRlZu27ALq+RrWwaoQkObCzRK0hGpb6rkZXwkhWSI4Q63EMhNRysui7inMaJkVYrqXUIkRIoULglhRN0zRNQ1dqlCocBkUgo5AiSuLMaRpHkAk1K1RKKSolwpluUwazrouobTLOxG4Aso2j0EVvGjLSNNnIbVyv14XY3NySyjgNpRbMNLbowtggh0Q6UwgUWSIItXGy23pqoVDE1FpmQwFumbItT+Mw5VQicFILdsrjOCmi60qma18iajqdrShq1DEnOaLrQIZxGAi62pkgTY2+dlLYLQq19iEEtcimtSlKFEIRyJItlxJ9V+105noYVssV2Labu67rurkgW8tMm66vwzgdXtpbT6tQCUlSQSZJd/08FC0t0ZVOpazW6zaN/Xxeo6MgLLCIKCoqES3dplZLlFIjqkSIqBV7nMbEXemi1LSzTbWLrquoRBS3FoquVhBiymwthaeWBiXpLEUlSimln2/M5xur9UBSu06ldN1sGEY7+7621iShKCUUtDGtVJEzc0xwqeFs2IZiqytImUlEm5pVSmAsZMmZmdnSrVkBclGxoo0jUu2LIKcpM0spChXVUopUWrb0NI4NpUNFESWmljIhdaUoFCWm1uwmXFUJQgpKqdXNKoFpbezncxUJCaUJmNpoC4kGzlKrQmM2O4dhPU1jLaXrZ+nM1uxmlNlqrQnT2Lquw9QupnFaDeva931XDCJQqpSIUmtky/SoCLccp9F4HMcpc951s9ksPVpkZkgCg7K15uY2TRPKolJKICnc933pQomcNbrWsva9s2W6lsBZorRs4zjUrgfaNArJGofRUD7hYz6i1DoOg51R1MYsURbz+TgOzRm1jGNr2SRKLS1ba81SzdKcnsYoUfs+FJlZax3HsUSZzxaZmabYo6eIKF0FybScWroWlSiKKKXUKF1fZ/0sorRsWGlnpjGqAiL6rgrW63VrrfSl1llXS4kCJmXlNLbWXEsYZEopzhZdKbWWEpiIUBRJKclurUnUEjmmpK7rKCVSCMJd19mRuLVGS9UIKETaAkXBzdaUrZRaa+m6eamBPTlBlGjTSJRsbbVetZZp930voJQCLVNWdDWIUkMgFApDpltOLVO1hIQtjKJ5alNzpgmHApVS5/PeAlRKRA3SJmSv1+uQFHVqLadmVAg725QlpCjDsCqlRqiELMZpbFOz1dy6EorapmkYh/V6bXLezzITVEuxEEIKEaUDUUJSawmpUK21lECAbLc2FhWp5jTZLSJAiiilVJU0JYoknDXK2FrLlFDUKJTaB0jYAk/DNLUspRLIrlEUkW4SEQVsiFK6WmqpIkqtRUUKRaGoCCQ3pTO6Ukpn7Gy1FEm2kZvdpsmt2SaxkUBk2plRopYytoyIWgqWBDJ2KSUEYGg2GFlRWmuIeT+LEohaCiIzQREqtbaWlruus21kZ9SopRZFKWVsJjNbc6ZTUxunYWptTFRKjVLGNkaJQETUWqJEKQVpHKeuK7XrcU5tUhTnNE1ZQjUKuHSlFKmoSDnZIiDdFFFLqV21bRyhEqVlVkVXa0hOLNNUBBAlioqQijKNPU1TlNp1PRhkITtqDSkpUnS1SGqZkmvpMhshirKligSEgChCRSGc2FKoqEYtpayH0UylFGeEkAKyTQ1ZyOm+drXWqbWcshQZQoVEkV3XKeRUlFojQsI4JDDOlhItnVNLq4TalKYZMKUoVELKbM0gFIqQJIRQgmRJXVSpyCjCLSOiqDosE1bf9Zkep0kQlHEaq+psPsM4KV0ppSsBCtzalOM0jNM062YghVRrESgUajllTjhqrRGqtaulgk0pMNngvp/XWiwDkhQ5NZcSTR7XkyQykYpcolN4SkNDMU3Ols6mKLV2VsppVGoRDkAxToNMqSWiRC1pIwCBLMAmM0FSZGvOrF0fEU63bCEpQlaGSZIkszVLUUu0lpNb19dKGadxnFrYgFHLCYTDmXZrU05t8EROkwKFxmFqLbvad11MraUzM0uU2tdCNDuKopQSNTNrFIJxGEC1hqxGiwiKMJ1KdEUShsQ4aqkq6QxFIBRRinCbmtOUiMzSlTaOaWovN7m1UqWoQaDou+ooKddQEJktZRHCrQ1p1VokRQhTokjR1a7UaK3VqF0t09TcXLsuZaZskZGUGrXUUmoJDeOYbl0/EygiIkoIqQ2jQhGlFNW+h4QwrhHR9SiztSgF5Dal3fV97SPAUoliiCBUS0RrE0477WyZXd93/dytRZR+PsvMyVNIteuzuZSIiJbZlVpqLQqi1FrHaWjNJWpIUkgpla52hci05FCJiGxNRShqKXaO4zhOU4lSI1AAUaIQVJNEKWFFCZM5jrJbplBafVcg2jQaSpTmFgrZ63HqapgoUfr5JjlFqXZmsyIiQqrpCVsqabfWikrfdcallkqM43B4eNSmJru1BlmL+m7ez/uu66JUFMMwTVPru06SioRSJoUzE8sReMzJKCRCUleiNSBLiXGaWmZXwi2bUkSpQrXrainVtm2jnBwlnDm1oU2oUqNraTJLaN7NKCLber1CqqX287mjTm0qpY7DOKxXs9lCNaQIeVgNiqilqpRSSjqx7VREWM4spSgCRSiIAKuGVNOutQZKoKivMU2NNBFhTzlltlDpuq7WKqvraqmlr6XUKFFrLViTnZluaYxkZ8s2jSO2s7iNEUQUWyrQ5FA6BYroShlbSzc5gPV6HbVE7cdpMAiQSqGojuOETRFJsyWXUkupLaeWjWbb6UQqUijCUUvFnqYBRzefCRQqURTCArpaQ4GEJAIIQI7QNLYopRCKQHJrUbsqLVdrQanFTUDXdUliTS1rjb7rsrm1FhFTmxC1RBvGTNfSlSLE1Nq860nGNnVdmVomtql9l1O2NkVIUexmAMrHfMSHDONYQopaogup6+vkXI8DLUupERElSgQ2UqD1emUsSSVoKRWkQATZHFC6LpMilRLZ6PtO0jhOATVKZqt9V7oQUlQVScI5TS2nJDSuB0PpSkgRCkmqVZGi1lJKCecwTuM4lDqTwO5qV7qaU2uZNUJSiU4RsqdpAlAERJXsiAAk1VJIt5xqrUQMq6WoClprxQDZsmUTqrWU0qVbKV0JWQDZxkxKRERg55SKcEK6zEqRWtogldm862a9JAxSQdGHUMqYaWqQNqvVahrHiBKSIjIb2BTbAoNUVbATkIhSSINRCBlKqDlbazYhwKESVRFKEEoT9tiaShmGgQgZgUJRK5mHh8so7rqZaSL6vo+IqJ2UEYHdplSJWqslMEYic8pMi1IiSiUJsByllhIR2NhW1BIKGUVza60pSoTHMcdhjIiIUmpXQlKBnFq2TIOzjcPUd0VFzhYqUUJBm1pmK1FqLVMb7cyGya6vtdRhHDNbiXDLKVuJUFBUQhjLRESgKROQkBQKBKL2vRSlFKcJuq4TGscpcFWJEumWmdnsMSldV9ScfVdqhKLYWUspIZuIatJTw6hERF9CslRUIkKBPI0NZ+lqIQiDjXIcI5Bq5hQRJTSO09Rci0IFchonDFLfdcYkiUWKSqgU1dKDp2xpaqhGbU7LUhUqJTJJUhGSbDmniIJJp5uh1FrInJprKUJJjqvRIioqJUotwZTGHqcRKYJSqqQSCpVMFGlLUoSrqsmcpqilRExTK11xm2wrFETyTG4qoRAYJBTC6RSkU4gI2601m9ZMUFSt6DrV2k9tGsdBJCo2rU0tp4iqIJsRobQtKYQUtRRJ6SQikOQSRCk1SgMazaMokiKUaJwGKWZ9n8OERARTM0RERCnIULoaiECohDIzJ1tR+2LIlqVElFJKKV3fMsdxxMaacmotZcYp2zSGVEtHkaKmW0hpWpskgkgTkSWKLIvWhmlsXajhris4Qp5stQkg8JSCbIkpEabZ2XBrtjNNX4sJidYmpyNK6WqUiCg1Oki3JK2IaZrWq+XYxlpq3/cBIESNKoVwohJECBQmQlO6RACJQQUZ25Yl3BLEOAwR0XV1HMdC6WddJmMb3ChdRCkqFSsCKTJbSFIUhSWHu64Lynpc11ktopRqlG5VnUq0NhHpDCGBbeOUwpbU952TJEvtS8iUUkLQnExNUWpf3LI1q8Q4DKQJZWtArcV215UoxY02To2c9x3Rm0kqihBqY7MUXZDONqU8DsM0rnDUrmR6miYiioJ0a+lmRVg4Wym1diVKsb2epghFSCkkmhURqgi7ZTpJOSAVKirN4zhNJUrX1TalcY1QobggBGk7s02pdJRS0DCNR6s1gaJOUxvHdem6otIyAcFkI5EKUaWokYWUSq3Y63GodVa76taOVmvIGl2mCWEUATYOlK1FX7vS2ZnNUQpOZEUptbplSysiokbIVstpHMaulFo7S87WbCcqpe9mbWrprEVRqrORVq1urUoRqrXazsxSQwRFdhvXIyiitja6TVJJbNu2gtqV1pyesIiwXFQyp67UZh8dHtXokNo0WtQaETE6Z7Urfd/VDpAkIakEpatOVFVrzcycWqmhUOY0TW02nw2tTdNYqwiMsqUzI0IKRI0SiqFNmQKmaapd0NSmsU2pIuEkwZlNipDBIUkORalhDJZxoqK+q6V2ZA7DoEKb5NZq7REhIVQiFK211rKfz6dxWq7Xs67WKIIpm03UQkbL1trU0huzeXPLMWd9V7riVBhntpYRKqUQRaSi1Np1fRFK5ZSpgpOpAY5SM1M4IiIKyNlqX0mb6GuHnJlB2ApBej0OobSdzi46lVCzFKGYpja11tVZ1AgoJUqUcZiwCOEstZNp6S7CzUmCbAtFia52Xd9HKdhTmyI0n8/WLaf1WGoUlcBIrbUS0Vpmm7quA8ZhFEjKaRqmBi61K7WrCtmIrq9SUWsKMLaz5dRalECM49iVUkISrTVZhtoV7FpqKdGyYaQY1utxHKdpLLWmcxpHpHGcFFGL2jSNbV1LFxFkk6KbVZvyCR/zkaXUWmtfqiKmNmTSWhNEKSIIIkLSNA3jOPW1tySJSKm2bCBFpCc5oqqlnRkRISyN45RumVaolpLZmnOchkBEEYzDlFM6jRnbGFG6ruv6Wd/1mdM0TpAK7KISpdRhNbRpMk0KQspURJQSoZYOE7VO02Q3obQFTkyO44iEIVvafSnTODnH0tXJGUmCokQprTVJY04iutq5NYoAFIVotGypUNqhwDQbo1JrVzDNrahmuovSdRFREEqlPU4TJIpaiiIyE+d6HFtz7Upa/azWUiUZcpqQIkqbpsnpaVJBUYwkpAJys0U6i1RKCSQUEQGl1EClSFGyAa61FEWUQNHXruurImpXISKiU5G0XK0CDM6sXVdrMQRCwkzTRKiWGiVCKqU0OzNLKSUKkgik1pqkUrpaamtjNjITJWkVhUpKbaRNY2tT33USCaUWhWoJhZw5tQm7lKqktaaIru+cypYmpbAzWxLRWst0RAgP04idSSllNaywu75LZxAlQkKlZLZsLrWroWxumenMzFprqVUonW6TwUQJUCS4pZ2qtbk5nc6WhFT62oUy2zBOgaRobQp7am1qU8ptSmxQkhGlKhQxOcdxUFQFSkWNUgt2hDCGUNiKEolLlIiKZGnWdRFhCIKwnWljjzk6VcJSBbDNZRG1lFIr6dYmiRLFrRlsGYsEBCXUGoaQSqkRatmc2YwkiQkrrVJCZCIpnMPUTIailAipq71Ea81EhCj2lEZRAqPilqiodDGObjnWUqd0S5cI1cqUdiJFiak1g0xLOyfL6SRUJYWEQc6GZSep0vXIJYqQpUBRCnaEalSFEG6e0rUqEwEURFBUQwphgXBLcCpCREQYSikKyaSYcgpHXyt4stO01oCQhKQyTmOpJSRL2IkAIhotFMbZAEeppRSpSNmmBlACsE1aliId0dda+y6IKCGYxkkRCkUEOEoIpcmWzZMdBVM6ZLlEUUrZxvV6LLV0pZtysh2lhIRUS8ilhHC2dEihEhEplwipBGljT0pFKRJTm6ZpjCiqKiWcokQa0gaRKsJuUIpKlNaa06lURCnKZMiJ5qglatjYmcogIKN0loIspaACYI/ZBF1fo5TWUkGEwLbdPLZWSkSpfa1RSliOJJudaZpbpiNKLWVqI6FxPRhCEkpSDkhwyylKBauoqiRgY9kJiq4vNYTTSISkErYDhMZxHdEhh4vBOS7Xg91qKQrl1GSMpjbKEaFpGLM1pEDL1aplm88WtXYlihFQRAqFTHMh5DZNMqGauE2TMkvXyVhq49iyJVlLMR6HqTlrFAXNEkhquLUsEkTLwS1VCpnZQCloE601R0Z0yFJ0tZumyVZXi0lQRAl5SksknlqrpZRSoutthtV6alMtNadESKI1AyFlU1RIoZaT04GmqU1tilqMu1JKVRsnQiVinJqbVTSNU2artSgi7TY2hQpkc1SiVLtlOhTKJMJubWwW0zS11qSIUjBpq6shKyIUOEvUyZNSOWU6al8jCnbahEQk7mqJKJmZLSW6WltO0zgKYVSK7GmaZvMOKd26viulG1vrai2lDOvBtkJOYROqpRpamihRIltOU5t1vaFEmfW9FIJSQhQcw7AGRykKZZuIKFHTqQhFRBCKKDWztal1fQe0zDQFKUqptUYYZRoDWq1WrU02SPPFPCKyoUJOqrXU2rlNCZZby1IkQrYiqgql1BIqAYpgWK8jikpN3He1K9VMSFJEqZnOJMJOtZxMOxpXopQS4zSGAgmsEOmpTbX0JQqNYVwDzpYyaUpERO26bDmNY62hKKVIRaFQVamhCKFxmmpV1/c1omGc2VpE7fqqCEHUIlFLLTVWqxWAsrW0rSj9rJfJbCpCIWQhESpuKQVSji0kp1SjpadhHbWUCIyztXRmYkVR1/ellMwmBUG2Zjy1yZmhqLUO4zjmgDW1JFuDkBQqfSday6RZOEqJ2q2W62mcFDHr+xoFbON0OvvZrJSS6YTSFRmmth4H5K7rSpSu66ZpytZK1/e1k2LKtl4PoaqgfPzHfGQoatetx/VqfdTVEkVdV0VM02C5qGKXKLXrS9SpjSUiFNPYnFPf97ZzyghSDql2pbV0TjZpR1GtdZomN0CSSqhGV2qJKKvloCCK0mknOAoiSggCESoIRa1Fh/sH07ASjlJAiuiqEsIkwraE3MZWSkmnSpCWSpRoLSMEMevqcr2eppHM5olSOhXbw7QuUamiTUIRxVCkUkribJZkHCECtVJrKaGIMERErVFKwS5dFbJbVzuCKV1LiDK0pqKQZJUSUbupTTlmKSUkRYC6UkuErVKi1FKiGHKaoqAkRURxOscpFCoSzjY1u4sAGp7GSVKpUWqXbi2zlFpKP4zrNk5RFFGwVdRag2yZw2oIKBFtGhTMZwvwehhK6fq+n6ZJUKKCyEzR1d44kxCZ2cZGABYqpSKDbUKSQMZq00QBQriUKgVulqKETOLW0ulaqmSbNJhAoYLcnIooURE5TRHIqBQSZyulBJFuUSKslpYCrIhaigQRhTJNU2sZpRSJCMCtTVObckxnV2qJUkrFLe02TIrSdRW52UUhTBClK4rAmY5Sal9rKQKTdkEYg1pO4Exaa7V0XVcBWVFqRKyHcZrG1qZpnGRFBAok0dwwEoLITJNd7UopLVuUQqZKKTVwSBaSwqYrnSpuLghJpZIolC2bLVQjnCmhqKWE04gSJTNJYxQl2zSM0ziO2aZaaymAnaRbjaII2zk25ChRQorINrUkkE1OA1KptTW3aSSU2WotTgsUSoPI5lpLqLRsrTXStfbgQG45jYMkQaiEFALMZaWWEqWgzCkzS0lJhIKIWkJhNRWKShogs0kqoQxFlChlai1wKVFLOAVIqISd9gQhMhu2TFMURFGpJVprJaI5nXa4q0XWOA4tm62cWiiRJBVF6YqgRAVsNU8iJBkiqCpS2G5TAxeFbdPa1LquS4NTLiXkUCnCEVEQGJM22aZxXNcoQplu2WqUCFQqmKR2tZQytcmZoUC0aQwrai0l2jQdrY6mcap9FcZRur5EjK3VKLWWNk1JUwKUCOGWWWqHnc7W2timbDm1QYpaSkRBdFFbWiUicGJnNlsZjmYjSiklahC2k1YdpdRaShAKCKKFZaWGaaxS7bpmsFVsR1fKahyKqkSOrUAoWpuEaikSJKqFls1pKaLUqLJymqahRVUbxzQlainCArfmlq1GKX11y8SCKKVEFYqItHGmcbp0tYuQnGbKJLN2fS2BrdqBh3FNQIIQEDHru1p6RZlywkKqtRinHag5cxptRyldLfP5Rl8725ChKCEhIDNr7QpBZiZp1tOQU4sSXdcBSUIautkiJONaakTYDqmU6myWA41tUKPWYtJJ13d916U0jiNJqWUax1ColnRG1FJLKbXv+lKLFFNzhJBas3MqUVBM4xghFXAL5zS1YRy7WuazRcp912OMpdpaG8Z1RF+72sbBWFHGabQNrtS0MyFkiCgRilAV2Ry1KJStuTU7QYqYzWqJzrJwQhiLUpTZQkHUzFZrbdmUWfvSWk7j6GmSqmRIZxOlRrRsFjViHEeLiHCmSkhubm1MFCKz2aQdpUSU6GuttdrOABdDyywRLT0NQ1/nUTVNzXbXdZYysb0exubsSxc1SnpyKk0oaZmKCHC2RhTjEH3fzbqZFC1dFcKyIiJCgqJSo8s2ZmtEgWwtA0qpU04JtciZipItp2lIt2EYQIEzbDMMa7dUMjlrrYK0S4nala6UlrRsUxujq/N+HqWzXBDgpmGaKLGYzWsoolhuE6VEVztkZ3YlpmzpRKXl4Em1KyWK7VIK6ZaZU3OUNAFSpnGmjGoRYUG6DSP21MZMK0qJaGNbrYZaJFQUoTIMQ5Hmi0UzrTkixqmRLrXLYbQbqFMZ25hjg2itGbqoKmBA09jSTXLCrPaqGodhnMZSSum6nNpyuR7bGKL2nQx2KaV2XZRSo0hhJaFpmErXRVEbpwwiFERrDehqX0otoZbpNk5DZstaI0pHc1RNk1ubur6vtVdQaodRIDu6Ou97UJNlI6VpbVLGOI529l2ppbrlchgpWswXXSklSgmNY5umaTFfhGqUaC1RdrV6pHzMR3xoOmddf3iwf3C43lxsGtzcsrXMElFq2BgUauOINOtnUYRwRN/VcUo7a9cJZIe69bCeWuu6bjafd6W4OWpVqEgRmiaHYhzHyYmz72aJc8paI7pKMg6TSgWnMwol+pwmoOs7N2d6tuglNRNRwcA0tkzXIiEpVNXVeSmxHoZskyKmNtVSS5HE1KZ57RCYriotZDIU1Ci2p5YoSt9FBELNSLWrbumWJE12Ngs3EISNPDU32wKyTSjsXK/HrnTNE63VWqOUqEVobMPR4ZGg1BJR+r52tWttai0zk6CUMGC7ObqAUiRJJmstpe+msdkpFQnb2LZbyxKyCoJMZ0pCkhQSFCEkGbs5Y97NEJZVwtaULhGtubWp73vbU3OUyExsR5SiCE3jOIyrtFqmoYsYx9EN42lqGEXYThs7beOQaq0iiMCAI4oEaJwatIhSS7QpnVlUpmmklNrVHKf1OBTkMKirXdSYJk/joBKhrnQlnYpSSkVWlFpLSJhJFmSm7FKCUoRby0yDs6VxlAoO1HXV6eamVIoSESEAE1EVMa4H41IkR9SIKDinsWVrDadHO5URKEpEqRGUEn3tLAkpFCHb4zQo6WoxAnd9FxFubglSlHAm2UyUKDjXwzhOYykqtQtFKMI0nDZSDQGhaGnLihpCEZk5ZYZRCBUFtpHS2VqGwkxRSkgt7WYwppRSS9d1NcHNaeOMogg1WyhCxqGwbTuKQiJChEqJUOZUooSqakCxp7QxJQpgZ0TJNk3jhChdF0VO25ngdNRiQJ6m0emqQGVqKYhacA6rYb1cdrULxTg1N4dCoZxconR9yYadw2ptVEo4bacUtRQkpPUwTtOAQSGZZBzbOAyZmU6g72aSRVE4VFvLKUccUmISFUVU46Iwppl530epUzbjUmsaO9MWWGTLEKX0USTZBFIoWmupxIpSJGGEVFQKQhGBaK1JtpXOErI1TON6tYpaioTdcLPCBilEtqlNksZxNJmZbo5aa4mkyUyt9X1fS+ds45S1VgVuLUERocC2lM0mnS4RKhJCEs42lVoWs0VmNrLWAAy1RB8iAilbqkRQ3CanS1dDRUHadtYoWZAUoSiyE6vWCHWWZdeur6U4FSWcRiSe93MFNUg8Tg1SqhFFkhRRQgaBKbVit2wtE6mUEo7WJlDX98MwBOq6TiUyU6FSCpm2a+0lAbaJCKLZQAnVKJnZMoVby9pVhcKkU04EqUCllFJLCTmpXVe7mlNzy6ilRJHkcImqCJAxtQagEhGWbE9tshWlKCSFQBGgTJdSSinp7Grpui7taRwBW0iSW2YbxiSxp2lUodQiKafWMiNCpUYJjFsbp+bMUkrLVrtqR8uspdRaqwJjh43kTGxbiTMUpZQEcCkhp4QorY2JJdIpQpGt2aSIrtaW0zi1edcvFnO7tcyIEkEptHRRJJSIkEqp2dKjo8iNsVmFUooUEqVUlSIlUomSUrZEODOt0nU0uq6nRI4jTkWJKEhTazJEFJWQm22EVEtREQRG0KYmBabZJkmyZYQUtLGVUlIS6vtumnLMLKUCcpRSaq2160JVdu1ntXb2NOv6rvZJOlutNcFyV7tu1mPW41BKJcCWI5WgUosTkEg7SimG5sQosC2kEIpsmc6hDeM4YXe1IgQG28Z9V520ZksljFS7Wa1VUSKiKxWcKUljG8dhGId16TsrIko36xHTMIGjlE4VNExryzgyW+lKkdNEKIUBKQKMnYY2NkSptZSuRikKK7pSFBGl4GxJP6tGUYP0uB6W61FS1/VRIkoYmFxLl6JlC6CoRJA2QGZmTjnYzhY1LJfS0VqpJVubhiGkUooLbWqooLY6WqnW2azL1iIkeZzaOAxR5TRQSrWptUgcHi6driVKrdiSF7O5RBARSluS7XG5slz7PlCb2jg0RQg1txCkMhFIdF2pEUnmlChqLUCJsHOcBoiuLzbZXEuJiMStNYjalVpDxDRNykZUT625yazbhNXV0tJRSolaa+m6Xiil5epovVpFjdlsnpkiWptKVzYWC+PWsnz8x3xkCRWJEvPFfGpTtmzZpFJrJW2BNbVUOoWnHIZhPa672nVdsWltKqUUhW0bm1KCCCAUzYzrMWq4JZQpR5y164b1aLurnULOphIRCHlqU04lOimncVSUUmprU3PWKF1fjXOaSqlFwp6mKdOlq6pB2haCTEinyZbOvu9LDYzTzraYzVT7bA2ilNJsW/28i6jYtSulxjAMpSBbUsogWiqIqGM2k5KyZUvbqbSJUFCMs7WcmkutpZQSATJNEbWrRZFtykwhOWpfcA5talMLqU0NCdItp9ZEInVdVyQLtzQKSVGwpqk5W9/PSq1OK4iIiKoIe8q0QoDB6ZBAwoScLY0d2KpFVKBERCmZzW4lalc7hQRKN8AuKmm3KR0ISimzriuldLUoSmabWlMIFIQKkbTMnNo4TgpKKSoupQJJCheKhSRBLbWrXUjDNLSWkqZxVMj21KZSiiRwURE0Z7aWzoioNXJqw3oVUUoo0xHCkTCOqyAiAqvUwJZEqjmVrfR9qeFmIUWkHdLkbC0hg1Aox2kc1qWWrlacwziSymwoFeGkZQsEsl0IIQXRVYFtRYSKZJOZpMjMbFmjRMgqXakEWG5To5EtRdh2OIgaRTG0cVytFaqllhKZzmxS2FYSURCCBCEJJDWn07QSpeuqUGZza5npxFLXSRmJBVKUKJYjot9YKJVYwTSNbhmlRNSuzhHTOJQSXamKOrUp0wpJoRJAKdFFwS5RoxSTJUIiM2spoK4rKATYmWmTuNRqJ85u1nddX0pJQ06tZa2hErXrbLc2RYHMzBxXR0dHR8ujJSYR4VI6FNFJKnK0Ng7ZalcjXPuZ7ZyabEsYOzObpFo7SZmNCOSIKJKkiIgIKSw7ac7MtKMETsBVpXQhVdtCKiWkiJBlTyU6CGebpgRLIkqbWldKkm2cMi2BiJBKKGlOMCAaiq6rrTltBIltN6IqiFJLlIpTEbUGEVIEStmZJYio0zQO41SKQLZr15dahNKZUxp380XtS1c6pPU4dLWAstlKrOiK0ygUqhFEMXaSzlqqE4JSqxQGk3IoYmpj5kTapKeWTlRqjcysfe26rjlzakYhICgoPU1tGAc37CxRoTmtiBIxuYEkExJgcLNBUhRngyoBZEtCCjJZT8PUmrPZjcyotXQ1oro6osy6PoqmcVJEX7voytTasB4ASVYEWJCYlDrTokQpEaWAM7HTmXYGskm72cYRpSiaU7WUKBExtXS6hMZpLKX2tWa2EoGVmeMwlhIR0XUFhB0Rw2rd2mi71gq2DdnSCHDLLLWoqOu7rtTMbC2nbMK11FKU4JYGQApDsRQlE7tNU8OOiFpKIZJskxU5rIdxHGuUKVOm9DWCcZqsiBrAlE2mn3XZnK2p1hqBjUJYUldLttayCSTXrqu1kBBya22cUkj0tRA13bI5ojZnIGNDhLJNKKyIEMaRslqOAUitZbapRKkRRtlSUibTNEZERMlsWCXITFVVFUJRa7apkbV2rU2lhHEpBcIkJu0IWpvAieQcM0NSlBqBEFEopeuEXWI2m7mxHtettRARZLNtSfNZb3scxq7vFYJsMqASqcyxJVFqEQpVOVsmCpGlFIk2NaRaCsJkJsglQgrn6NYoIZBkI2NSyCTYUEutXYlS0za0MUuNruuKorUcpzGKQqUrdRqmqU2llNpVVIAIFxVJSIoyn81lMt2cRaVGUFWiL1VTa9OUQohMSg2ilFoFcpFMktmmNmajlEAQSCIzW0at3ayGim1JaQtKiTZlwDQ1UAmXWmotRJC45WoYai21yNbUpi66iM641ui6vtQOqSIpSi2ecprGzKy11qJauq7vpRaqLVPE1CZqRKIAK22FZGxKLX3UUiJlCRsSRfRd19WOBCi1gCwbOe1smCiM04SoIYQiJNUaTSJdagW3bAaEKAZFSEKOEiWqM6d0Oivq+t7OzDFKzcwgur5EyOn1MI3TmDkl1FIyjTybLfquK13pujqux3EcF30/25hnyzYOinDmcrUKxXyx0dqImcgchmFYHy2XXS3lkz/mo0mnVEqN0Di1rvalhBTgUioIM46rUqPruggIGWOXEm3MqY1RJEi7TW25XGK6UlvL9bAWEA5iaC0q2VKhGgWp1ii1Ot2cNYqFiFJLqV0UWVJEG6YkS5Sw1uM6cyq1UmKcGkGUqKVmtlCAs3lsU7ZWShU5ZbapgWvtSghnyxzWqzZly9ay9bM+IlrLnBITUmtjjq2U0oZxHMZaCkKSiHEaE0otQpGWagSKSCwUwpiUiVBEpZYS2BTLQSkKKRVlHMc0UWLWVylK1IgwdqalvutKdEmWUhWRSUQRnsaWtpAUYJMRpCEILpNr9LZLURoQLYdhHFYr7JaOgm3bUnRdRXSzbhqn1ibUTGA5m6LUroogSGfaRRKUiGypAAQZilo6EDgxdtTS1U4QJaKUcRpx1lqNENmczilzXK1QSKW1qU2NRAFSOjM9tZGMgGZqCQPpUruIguhqR5FwhEpUwm1qrTUSC4VCRTWcdmYpRQAqJaJonFqbWoRK6WTXrsvW0khhHBFCpFtr2aba9aGYsrVMRVGQEJFOlRKlRqaRg4iobZqMFaGIUCjC2ZxIJaexNVQjAjfDhIlajcexlaKQopSoUaIqiiAzkwxpmjJb1lK7vlMUoRphsk0OGKbJuJQiuSWka622bFMQESqKkEhkZxpMRBQJQTiiCqWdbkVhC5LMKJJwKu3adeCooWAcGmA5m0sE2CZCEXKz081tmiaH3KZMRciZSQOpRKg4bRkpJJUShSCy2cJJtmZwa6hEqaVEGmfaLqWmM8dm5eH+3mq1mm8uqLUrXTebRURzC0e2No7rlq1GVRgrSpFpU2s4hNOlCEWgUqSIzKYE0ddaui6i2GlJJZkYpyEza+kiDI6irqulFhF2Q5ToWmYpncLj1CIKxi0hW8uIABSdJEW01tbjUKKkW9qSIoTCthxRMWGRLadptLOotNaik1Ag1dLGlq0p1M9moWLLbSq15pRpR9QItzZlZpRSQtglIqdmHCWAUNRag2itZRoctYYkSZKKMBLrYYiIGn1I6SaVqIW0jUHQ2pTOQgFajiW6kCl1WA+r9RCllBLgrhYrxmGiTQkRUWpkyzZNihjXQ2YjIiJESVFwm3JSYmXL5sxGRImiNk7TOBBFsqDrC6ZlNlLCqcwWUGtHponZbCanpNamNrVaanTF6drVJKdpcjanCIOj1kIIRYkISikqONMNA7KsUortTEqEYXIjUyUiFKVEKUVycyNLiXQKpRwuUQCwpkyToUiyltqcJUqmKIKYcooo4FJK2sM4hpVBmIiCJcktMYaxNWezkZAUihJVIQWKUFCAEDhbmzJLyLjWGoqWzWhj1kVX3NzVKKUiSqkSbmrT1FqWCBW5kbS+dm0appZd7fHUUsiZmdPU3No4llJLCaQildIZpadpypRn/azruzZla2OmS1EtteVkN6OIElHCQZFCNCQ5W0tjRSmhwEkopGHKqY2llBIBwlm7vgRpQrh5bNM4TlGqTXpymjSyoYbalMYRoLAzM8ORYLlErbWCS0TUElEym6HrO0WAigrIAlmmm3ezfp5OmyiCMo7TOAzgxA3cGpZbOlFE4NaaVDKzOZXYKQDSFgqFs2FFFIVbM7ZROkt0tXTGoQBN49SyRdQaRZKEgiCmNoUklMqCmnMYp2maakDI0Fo2E4WI0kWRTNgWzui6+cbmrJtN0wQocLp2BQVSa+M0TIjShdHURpFCQjVKKLK1NqVlbBNdrTYlopTaWmaqeSohWetpynFAJdOlKO1pGmopmVlK9PNFKdVTS7dSS8uWbVLppMg2GfXzruu6Kds4jUVRuuiigCVFLVN6nFoJFZEpk4g2jeM0htVwhEKl1BJSrcWiRokStmSZmDyRkVODtIkgikqJYczWXCNaGw+PDt1aVysSmaX2/byPUsaxIQpRahWq0pQtFFFCCgCJcE7NmSAgFLJSloiodjYjLAURSkeJEiWNARtTa1+KutI1MjMTh2RMOqT9g4O0aldznFrLrnR910kqpZZanDm1KRS1EzZBQeUTP+ajKK5dnaZxvRxKJxFTswKhiMhs6SmiGkdE3836vi9Ea81gqU2tRAipFptaSi1dOh3uupltTNTibApJxQBEoXbzvhRL9iRFiZK2Srh5PU0FRwRBUUk7qnLK1Wrd1dr11a21zFoqDrtRIkoJqaullNL1RX0lPayHqBU7RSiyTW6yLEthqUYUolIS09qEkaepTUhTayFNjlpLRERECZzGJiJpUWotAUjKCGBqjaArJTOF1sOYzojA2ZzjNEoBklSjZmZrbRwnKbq+k6B5sk0rKlFClkRrObYBVCJKCYUknJlWCWGQptZwRNE4ja21gBKRpKHranSlK6X2M9mtTRAhYWrtUrRpqrXK4TROKTJTcpHG9TSs1l1XoxZJUSUiIlA2JwpIldLalOlOhdDYmsBOCUWJEqUUhBVFkrFdopSuyzZOOda+67o+ncMwSuprr6pCqBQFtdSoURWZDZMyyTRO2ZqdSqmo72ZUOylVkiKwFSHBlJMcDbtlGAtFRAEYx3EYx1k/i2K3BgKDu9rRaJnZpojSdVWSrEyGcT3rutpV0Hq1to0VIcnGOEqJ6KuslplOcBuT4qKuTVMb15lKtSAk2UhRaimlAApJ6mqgEpIzx2GdbpJK1MCjmxRE50xDZpOidDUUdo6tBbIS40QlQkwt0y5RhCSFokRIOJ3GpG1lGkAqpbUxiFqLqKVgWShAElGqQqFxGEIqXZe2hJCTiQmwAbdsRaFQ2pktTYQEmU5PJEDLppBQpqXEpIFMZy1Vocxm45wSOVsoVESmRMP9bHbq2mtqqSH1fWe7JVUYpsy0a3SZlkLCRsJyiWISipU2pYQUbm5tiloj1DKFUlICWOCW6b7rSsTYWilV0uRcLg9bsxKFokQNpRFEujklECqBUKlFGbINJiJAETFNE82lFBERRJFMlACyNVsIbEMNhaoKbRqnaVI4osiSTLYkkA3NGRGZLZu6roSi1OJgWI92qnZBhKQopJ1tMlZ2tQ9sGkEhjJ02lim1SmptGoZWatTaTdNoZUi1dFFCKFtLW6KrfZQAJEqpfddHFGcDMMLNLYQijHKapCgRhJypiHlfprTC2ZimMUoUlSQjSrYROxTRVUG2NBGOUmpUAVFqjdLSMl1XSwkVIkLElJl21BIqoSI5McYtrYToahUqKiUiAkJBoMgxp5YyKoENSCC1aZRdaolSpmlcr9ZRSlerLUCKlpnjCG1qU7aWCVJXqyU3N0+ZqiUSyxKaWkpUhaSQSg0bsCwMRVXVgLCdOQ3DMLVJtgjsKCWiKI0EBnW1yum0ahW4ZSl1VmuWCKkompOklGiZYdWuNiOrK2U9rddHS4r6ftE8lRKFyJxq7UqJNCVKiWhTgxaKWqQoSk1tLKWLIre0C7Izo5ag9F3f1domT9MYEaUU8NGwHoeh63oVgUoJ2+Iy24KQk67W0pfmFCpRLdwmoyLVWoHWmiSpCJcoSAopICREZu06FTmptUoSkpy2mqmKKNFJqtmmkJBLiBIkqcyxYUrE2IYwTR5Xa8ld16tEUUzTkFOqdLWW1ppE33cpqqJ2RaGiUvsuJIRRtkYRUkQpJWopimIAFEHUEoVwywzCblJERESRmdqIFIFbrj1VRZQyjcN6vcJk5ji1IhITZT7vp5bT0Grf9bN+3m8SMY1j2qXUvu9DZfJkIyuzmWiZbRjSbZhWgfpZDx7XCWnn1NrURjkUKhGlhJLMKa0oLqVL7MxSou96gUItm63Mlpl9LX3ft2xpe0oUKtiOkETfz1oiWaJ0RdIwjlObigRRau37ThCqtSuFQDmsVtN6SE/TMKVZjas2pVAtxfa8n03pcVhN0xQlnK1QSt/VUImu9LWDsTVFZFp2S8kuNSLCCdhSKZWIaRqQpGjTiG1aEJGKPuTwlGMbQ5rNZpBGbWrjNEGm0wpwZmbLIikUpjmxI2rL1tcOKZ1FEVECJVKhRme8Hta11tLV9Ti6taiqtZYSNJC6vk5Ty9bCoFiujsaxRY1ZP0snSQqnCbmoKoZhGMcpEFJRyB6nSenmVj7moz80BBGttSjqY4aylho1aq3ZcrJrlK5WiZxyPQ1u0zC1qIroSLdsfdcZbNdQrV0tMbUG6vu+RkmnW6u1tGyFEkVFDENLN2xIqRARBUxzAhVBqaV2XddyGtbDxmIuY7KUiFJQKSWQhZwuUSRaSyRMSIb1MAp1tVJKRKk1klBRICJqDSeZYyi6WrJhZ4SLItMtp66L+WxRSzFOJCMpQUosg8BEUYBCkuxMlQC1aQqVlq2WmtM0tqlGscFkZBfVmVOb0q5dQdlG46Soq/00TYqKkChR2jRKpZQQoUAEYKMwESAnQpkT2dxcumo0ji1Qrd18NsvM1lqUAKLE1KZpHB0ylpXOElVdkSi1TtOAqbWTwhAhStTaZaatsY0gQykhkxhjN1lRwwa7ZRvHQREKdaVmtpbuupDU0rXUiDAmSo0QGqaptdZa67uCkKLUQtCmVmvtSpFoLZHJzKRlEopaa1e7Um1ACjltZ2spSXaTqkICW8hO1RoOJFutZUB0naeGsD0Ok0pEqS0T29ikFIaxZQmDSoQUmU2K2vXOCej6GYDAHoapTa1Nk6Sur1gJ2Nkmm9KViIpcotS+SEhhJ9j2NE1IQqm0FaVKCkkoSsig4jYK+lqjFjvbNAUGlSgWJFNr6QwpcUkrSjoTl4goMhqnARQR2SY7atdHRJQYpzEiaq2KmMYx20RGRGnZxnEc1msV1VJAFk63nCJKLTG11qZWS4kIpyXVvmuZbZrs7KIrpbTmlpOtrkZL24YspSg0DmuCWrvWGqaUCJWICJEoImrtjXBO0+SM7c2Nbta5AdFoykigtVBpbl3fl1JKoBIYO21qV7vSTTll0tXIBm42CjkJUaJDtKnZdKXYE5akEl2pFTG1lELZWpJTy0apEtHa1HU1W47TWKSoxVJEkVEBooKszGyZzintEgFya6qlRLGTEEmptZSutVZCtXaSLXeqDSfTNGabDIhQ4HRLh1RLAWyiqBY5LVxKl5lTZqjYjhJdqW6JZAE5ZVahKEWalJ5oRqY5i8KSSnSlEoYAWyrJahgKns1mpRanS6ljtmzuZ71xtuZ0rR1BTs12Ztq0NoVAAAHOhqm1TjmFpIggEBHK9NHhQe26rnYuKgpB0tZjQ+Q09nWuLmQnaTsCKUgbcCpoLcdpjNJ7SmyThlpqrSU9uYHIqUmKUkophnTWWhUxtYZzHKdsbZxGCUygtLNBkG6BFKEoJTSux6mNtRRJltvYkNOOCGxQlIIRWEQSoa6UWqotZ5NUQ9M0BCIgbQFgFEojASUEWApwNkot2VqtNUKlFhukCBmWy6NpbKWEVCVSyqlFifls1tKApMxsY9YuIjROo9OW3MZMmnO5PIKYzWYKywKrRETBtEynPTWLbtZHqUFIKoqWmUmpwtFaRqFEaS1zyq6PEmWcxqlNuFkqlChRcWuEok0trIjIbC4BlEAKrNqV6IqbcmqlRldqZlqqpSrU0gRpK9SmdCKBiAhPiERSyK1N6QjV0k3TFBWl25iW25Szrs/B3azDTM1urZTO5DCMWF2plluObi61lzSuh2lqEaV0tU15eHgAiqISSmeJghQqCKfB69Xg1iy11kqUbIlca4kqWcZTSzkiBI7Axpl9V6MUkMmxTSHVLtpkt5bOsdGFbCQjDcOIXWunAJR2jRJRMxvyrJ/Nu25sA6JE2FjYbd53boxTy5wmt5CnYZzaWKLi5mYLMqx0y1JLjQirq6X2vaRpGI6ODiTVvm9TlohSaoRKxJhtmprkUvsC63GUAaZxwu5KMaHALRNCwkKehgHkKIJpmFprfd/LShwK8JRNQUhTy+V6OQ3ZL/o2tcwstahBoJCzocRINpqGAQJyvrEIMQzD2Kb5rFuvh6PlITZ2No/T2qKWjpCQikJRooSkKIXS2jS1trm5cDK1qev7rhScRLh5aq1lc0s5pjaN41hqCdVxmmqJiJimzGyeUhHhnFrraheKdMvMUgrSej2qEhGemuUakXams2U221M4sMexTW3M1rratWmyUES2XLdp1tVSO4X7WoS6iNp1KNfLI0eJUkvEYmOjny3W62WbxpC7vpdL+YSP+QhQZisqpe8ODw9Xw3o26+ycxjFbSrLtoKs10+vVOk1X+lpC0npYKyi1NwSUKJlW0HddZq7W61KilAiVEgrK5KkomnE22UbjNK5Wq2lsJVSiKNNyja4UjdOQLadpCkWOk5Wl60LOCQUSMk4bl67K2AZnawKSEKWUaWq1VshxmNIE1BptnJxWkCZBKnIqou97O6OUqbnvun6+iFralJA429SUlG5Wo0yZzhZSiXDgTKOI0kVp05iZBIio1XaKWrtaInEkpS/NDqmfzY2x0g1FV6qEQkVRQg3C7rqajVKjdJ2nTE+SkIRKEXZElFKjhkIEs35mZxtHlRJFtofVYDJULAnnZIVKLc6sUUotJBKSQhrXQzrTrdl910Wp6/WqTZNCGAsZ21FqVeQ0GdfaRang1lqUomQYh1JLjRLSlAaXqApJRVI6JWqnEt00jq1NXdRSo6q0tCKcFpZwCgys12s7o9QoAhsLKdQaUxuLFKV0pebYLEeotak6iJLZbKuUrlZnUsITpdDVznZms60oilIiyAQpFFFUQy4lBCixFBGgsU3T1EoJZ8uWJpFysoLMTDfLRRElsmUqiwSyFFKJApIsJAAjtWFIZxszSbc2jqMzQxQJMJQSUUqJosh1ayVCIbeMCMEwNZOl1ohwmhJ9KRkKWwpVKURrIkJyGghFKdEShZHAgsSBopRMT22USq19QMtxGtNYSARFCnLMqKUqpCiSiLQDOQiJbIZQRGBFgDFYpKLWohJdZhoQ09RkhaKUIlApVYKIGtPY7BYQBpGZfd/VEqthaC27WlRCDrBVCONSamBlWoEkIcmtWcJJKSVqEbJkk9OkEt2sS5MtJZcolm0LSgmTspCmqZWqxLSMEl1X5VCNruvWw2C7WFM6IoTAY5tAISRZhEIlJAJapuyIWkpRQShMy2wti5SeghKlDKu1UZQiOSfkLLUC47iO0knY7vvexJSjFDUKFgqEbSBCQNQ666tUkpTITDJkJwhZWSNApYRsKLUrEUXSMFpYoVAo1Fobp1FRSiktc2rjODXSpdS+qybW67XTtYZtUaIgFWzjtGupSCYkhZSkjG2kWivCCWmbftbLOBsialilLyVKccvEWNig1sZpGqehRS3pDIUJMlertXDtO2czUUvk2JyTESKIqBSFbaEoVU4QwqZGKCKkrqvCxk63nOystQoJAYmlqCVq7UqJUouodiJFRARRSpRSJNVaFNMwNJpTUtQS4Mxmq9ktXUvY2SbjjAjbSFhSKmRnOCwI+tLX2lGE5PQwjLWUiMjWhMY2kU65KFQUkjMJCaZhDEVESbvlaLtEcbZhHMb11HW1dt0wrFuysTFXhJHAJqKUKFMbMrO5Ja6l9jVWR6u93V2j0oUzI1yjQ03h0s3UojEN0xAqU2vTMAZE36kQoZYZin42T1obJ2qUEqBpGMdxHbXPKcdpLVFUwQiQUWujUYkIK9MCEZhszVjCaUXJHMdEzlqro4QioOXUpqmotnRz6/uZ5MxpuVrO+z7wlA1aGgBHraEiGyShqFU4TClhcGukE2qUUrqcPGWW4rG5BLYzHWKcxtV67GoIkMCGrtacNI1DlOK0ySgyTNM0jeM4TgpJxa1hJIlSojhUawAFSt9HlIjoSo1a+65EKVM2oVk/E5paCtWuTFNr0zhNbZzGrtSisJEdXW8bu7WcpmHWzWvXq9ZZP6tRWmtAqUWKkBCKELKMlG7jehimNpv3YbUpW07jNOKotWbL5oyoXangUmrUulqvhnEqXVWU9IQcpUQUyVKJkFEUCZwex8GRUcNAuhnSItOEaImzzWazEiUzZ7NZjVr7WrvObcxMt8RKZyeVGhGl5SjUWjotya0Nw7g6WqrWvp9ZzUktNULORiCEnBFFKQpqOTlKUXo9rkopXXRTOjO7Wvt5P+u6lKb1OLaxm89qCaxQNNLNCpUIgsSlREQZhyndSilTazk1O5sbSrnUqnGaWjY5oiiktItAkaSkwM3Urg7rpUMlioqESEpVLTGMIxDFJbqGpzaGaqmljz6qpzathqNhbMM0zGb9bLaZmeUTPuajpzbazBeLiBBa9LNS65TppJ/PjKdxnM1nEiEkRdQyK5mZ2SJKV2dWCytKT2gYVgeHR6WWcZwQXen6WlvLcRwFNrYEUUpXu67vbXDr+1lC2plqYzOo0NJO165GyWG1LlFrXzIlmq3lcqWiiBqBs4ESSkilEmpt6vpeIaSQsAFhSRE1JIREV7o2JW6l1q6EW7apFWS1lphcHh21aaql60q4RFGJGqTTdF1VKG2niyjIJgNsUC1VReAidbULa6KBS8wUGaq1dMZC2BGKqHZrmULOZpRpIWByIwnJ8tSmGl2pJclsDpEY6LrOCtKS2pSllloKxNQmlei6CmEaqXTDms970DRNxgSZFlAUkiJsimTJra2HATuKbAmVGk5CTtNaG9bLWrtSSzZHWIoIEVQVY5soitrhzEYEIXW1huWGSUldKRG1hFcto6iWOozrNrVauwArW5ts1doroutqqOQ4plOKWoqEbUAKFSIKdqKiWA5LOWqtOLuux20am4QUCXbaKQQYAjUoIVQCMLVobNO87ykxjS3ErO8kCRLSRCmKMk0tySiA+n7W1xq1ZGvDOEnuo0tZkiLsHNZrJKTMTJNTy0yhqEUliqJlq6VThEoppZYSgsy2Wq9FZLacpkR2oui7CjJElFqiOQVRFBGldITcDJJIJ05LpYuQ0pYUUUKhkEKdSqmRzoQQIBXZxooaEYGIKJJytMN9V6ds6ey6zhHCKWqpxpnGKrUUFUSmG1kUVpQostKJZJOtdbWiAGrtohYlzdmw06Io5JbuIhKE29QsKaJG7Tosh6pK0qaWEQIbMo0TwkmSbhagCJHOzJQopdoZKhFyc+YUEUNrcgMyKaWzmabBEBElIkLqQoKIzAR3tWttko1KYkgF4+RpGp0ZoVK6ZswkJJWoFbJ2oRBGEZJUiu02ToSnoUmhEs0ZgaJ4arXr+/lcJqHWLkLj1GguXQW3aQxIW5JCCNK167pS16txaoNAdjoznS1rQaGQjN2ylqooTo2eZIeURnK21jKtUKbtMce+1tmsTi2zZU4tTSlRQg6VUo6ODrtSZ4tFRIkuoAhbrl2NCBtFiSIkA1gqIUWp4DZNppWIWd+n05kNaikohLoSEQF0fZFlSCfQWjNZSlcUQiJridp3cpRSUISQNLq1aQpCUomQws5xarKilLSRChbYTkkhm9ZyHEdFQE6pbt6HChChbKkikBROj8M4ZJYotdTMlnatNRTL9bo1l4gooag4EZk5ZZZSwJM97/rad2maG6iUiIInKywXidZyGNZCpfaIzFZUMnNsLafs+hqKlg251NrPZs4cx6ko0rRxkhREiojinHBEIGvKSUS2cRrH+WyWuI1T6buun0kSAsZxtE3BxqaWolRfu7SmaUyr1Ki1qJQShaCoEpW0hCIiZKNQ7Wug5dFhVWnTNI5DX7tQGCmiK7WWImnKFNGVMM6ki6IucDanbdlRIiFbIwTZGhFShEypJaJk5jhNtaskUxu7UiNKES2ztVZqZzyNGSFJAUaL+Tyd6/UwjKNbK1FL7TInhUW4TTikohCilqrASBKmlFK7rtSYspEuERGCcKZFaw2YzbquzhLLtqLreqC1KUpIpVbZFlJE4ExnZolSQlGq5CbCpFOSShGllGIA2TZIMmRrtdSu67Jly0aCMxQCg52Z7voKmTl1fY0o6/V6yqmrEaa51RIlKjm1NkkRgQyoLx3S0EYnLTOHhlRq6bpaSxFRamTmcjWUqq70pSqiRjDlNI0TBrlEqZVpnOyUokQNFQWJJbtllBoK4UyiSA6QTMNFgVSiV2iaWk5T15du3memW0YtEbJzajkOQ4kotYtQS9sqtZYowzi2NkmqXY0abZpK7UtX2jhtbMyzRRRUSmstoVCEVELptBRMnmbdrOvLMKyn9VT7ErVCA7WxTW1yZi1dndXMViKYsDHUiLQltcwuSpQAnKK4hoyyZbplA1RLwenESS2llKIShYKwCJAptSBKRO3q6nDdz2qtnVFAlFIUOMf0+mglVYWWR0uJjc3FMAzraV1rN6xWbcq+qxHKzGxuzvKxH/3hXSidpDNbrdGmtlqtsLuuy2zZchxWEdHXWWstulKKnA0rWyulm9rYhix9yWRcL/t+Vms3DVPX142NedrrcVyvVzYREaWAi2Mch/U4drUrXdjRdzVQa62rtXS1tbZarWqUrg8wzbONRTpb8zRNTs8Ws1oKOKKzPYxNdu2KG0EqihIiSJUSwsMwtDb1XVWUbIPdMFJBdLNaapfTOE0tySSdY62VzMzEBo3TFIq+nwnW65WnjCKnJalEiYq8bpOwm1VK3/VWhsKZRIlSHSlrbFNBbWqtTZCKwG7ZECEZBagrtqepAdhTyxIls03jmOmqoqLM9JSGrvTpHIfBkltLI7CNTCisdJvGCUthiBIRXRGxWq+caSvTRXJjaq0rtbWp1lL7HtstWxp5MdsYpyboF31ROI2i7ypSKSUIoxC16+1cDUMXQaglEdGcpDGmgUqJNmVzG4dmEaVkS0NrsicZGxvjqFGklkzTWKPWWiGnaWhtUlD6rkZJHFGmcbIZc2pTsxtJ13UUZBARuGWjoVAIW0XQgqJgbAnZ126iMSW4Rpnc2rAy0ZUuahGMw1hmlaS1lCKKMKVIUgmFlelM1xrjOK2GdSf1fe3qbGiTogSybailhBRSqIzTgJnN5iqlKwWyNStUamSmm3G2aVIpUSKdodL3fURIskJpp0tfC3JmtmbjzHEYulqNV6vlsB67GorihopKiUyP68GiRHFmhGopbWyExylzaoJSKjLNnlojwQgZnILaR1FMU05Ts60IMqUoSEhRnKioRiCQMlsUiYJFtqkl4ZzcstUqO5xWiRLFTpCd43otBSJCEjJTjqGY0hEQpSshazWs2zROU3My62qUIpU2TFJ2XYdKLaVllhJTa3aWKG1q6SQpfbUlWVIURQmQWxJRiKgdmUK1lBAyaUWIpDnd2jAOoQhFa1M6oyudlFPD7mt0tdauYjVlpMPR2oSbFDhr7dIKG2MbEE5598JuRN3YmmebsMcpi5QQNaQIkXYphVA416v1arm0m+xmRSmlhBKwUbYJZ8txWC9L7ZwxjOsSpZ/1SCKQQK2lIoQzbWeEooRUBLZxS1tJlChRp2y11JxobrUUkq7vFMrmEiVKUVBqeJqG9WgnpE0pVWmn3abMVkJFKAoRbWrO5tYyCUmlhMKUUqKEUBEWWo3D8vCon8+zkW4Rwi6l1tm8KkrtQkrnejnYdF1tbcrMErVla20KVEpFRIlaolnT0I7Wy0q1Giixrcxmu0QoFUURRaGu63DIKSmQAilqra1ZEFJmSxN27QIp09msEiZJiWar9iUgYZpyuVpPOdVSal9rRE4prFBXOyFnRkRr0zSlShhncylFIdxSDkkhRUgq2EEQKsJBEA5FqVEmT22aur4LVSSQwBJMmCjYLI+OStTF5gahbBm1LubzKMVGIVkOapQIRSiiTK2FpJBtldLV0vW1RBVka54wLiW6vqYz06BpGrtuNp/Np2lcrZY5TovFJl2xM+2+64nA2Zqn9VBK7WrJ5i660pdskAaP0xQRzbZdoygUEUFNmhTTMEoiFJJECCGTgSyVKFNrKWopJaLrZl1f0unMvs4yh/XY3Fz7ulhsWqq162ooIq02JmEbcEiZJjS27GuJqMZpRylyIEqtoBplbA27LwXFNE1937VsEw6ir0UhVGoJOzPTNhEIGSlqDakowiYKhnE1Romuq2oAzS2bm9uwWjmbSURRnVqO0ySUTtt2Rg2kBkiZLqFSanOmHUTDgeZdbc2yQuCo4Uv7l87dd18tUWsd2lBKWBrH0VObpuak1Kpw3/eykCRBouhKlFJVhJSZoSKQqF0tJSThGIcR3PddRJ2G9TCOmS7W1KZxGGot0wRu/Xw+TZOFLKCGSol0Sq6llhJCtqKUEmVYr1U0m82m1WixXg+tjU6ytdli3tU6jcMwTV3UrqtpK5VOkaSFwLVWrFBMbXJmqbI9TS1CBYsIPHma1mNfu9lihqK1VkoNWLe1zDg2Q0FQShSUUybOiGq3vnTT2NJttlh4yszRCIzUdZ2QgtIpHC7F2SQUSGHTcnKmcKjP1lbTiHPezTLTQopxHGspQGsTWCXaNEWJrisqCkVEyXS6hUmsiNm8l2IxX8w3NsZhnUn5hI/7yNp14zCBW+Y0jF1XHdikc3l4qCghgRRejUNVjVIVOCektILo573slmPaoTqfzYc2tCmF1+thGIcShIQikFumIFRK9F2vYJpsZYkQpRRZLdyEopQ2TeMwprPWvpbqbDbz2XwYhtVqiVX7Mgyj3WrXYxLGnMZh3ffzvq/jNLlNikhQUEo36+uwntbDuiu1lGJbklvm2GqtETFNwzhNXdebHMax1NL3syhVEUmbpjYOrfadydVqHYoI5eRxGoPIIKKQaXlsLVszKnLLBAmKymq1XK7WXV8hnJ6maXTLYSJKCYxKBImhRCk1QmESC6nUklOzFBKodKFQELJUIsB2RFhkpp2KcGaESpSi2jxla2QgQlaE7Fo7as0cS62GaRjkkMhMIpxJxKyblRpd34Uim+0MIQVSUWm4DVMCaSkibSkUzoaopYsQkpMSpdlTm5SufelKMVIJMoGIGrZKRIlpnEoUlZJTa86+64tiOSzXR+uwVANjJ2SUIgVuGOOwkpSEm1SKAhERoJwmtxYYh1tGhBMJFSHl1FQioHTVaQjkNk2lBJKkqs7O9TgUU6IoREYoJJBr1K52JQJo02BTaw+s1+sQwOpw6WA+m5WuR9iJKNEpwnZIdjYbWyUkZWvjmOCuq0br9VqSIjJbiWKcrakIVGpIFVyAUEQoiltiYxQRpSBKFEtuLWpEhNOy0mmLYGptGsepTaUUQbpFqSoBLl1XLKIUFYUiaoTstF1qqbWzCSKFcWBDDSliGIY2jRERCiKEJ0YotYgACCtlOZECMgmFQlO2aRydLlVSQSYppUpIka1ZyobtqeVquY5Q389aJtkaJC5Rca7GESdEQBIl1GxQhHJq6SxRUJgstcpMU/Z9R4jMrqulRJq0bVqOUkShlgo4s9Q+ilrLiBJgRakVZBMRUUopQaZx4qKY2tRaM0QURESYVFVmGmdry+V6NusXs1m2NHRdCVVsJNImi0KEkEK0jFApRaWCutojnJYk4UTEkFOJWqKshtU0jfNZF1GmKaVQlIBSi+1pmASlqyAr7ByGMZW1RlEYMpsUrbUSJZm66CSt10tFgFu21lpECKbWxmlq4yRZqkUaswUi7HRILTMzM1O2paKw6LqqUlCxyUzJ4HTaDonE0jRMNaJ2fYTkItGmVERXS0RMbUo3RBpbEVIRdmut1q521YkzbWMys3QqtY8IcMtWIiymKWstKqGIQIRJKKqlOJTZ2jiVWjNtG8lyqJZSSilRa8illnTmlDZFOHBmqLQ2rYehq7UrfSlCGFpmy2yZbWpkc7iWTgqBhATOaZoi1HUzSW62nVPKLlFUwq21lrXrQs60StQIyKk1lcCeWhYcpSAUIrUaBjJr7aex1VktpTpbOi0UcirdhFobrSLJRBfFZJQwuVyu7KilpjNUSi3TOKRtp6RSKigzFc7mYWp9P3Nr4zSWUmvtu1kfpU5ppdNZilrz6ujQslRCilLSU0QoZKdKLUVRiqeWqEaEhKK11Tg0lai12mHSSBgJbLurXZRADMMgiBLD0IY2VAWojVMEUExD7qKUKK01QM71amhtKl3tojSwMyKwAFkqaulSSwkFshxUk+txXK6WNUrX9RHR3ErUWouhRkSt0+ScWt/VDNrYGg5FiWjN2RA4FCELZ2YSAiii1i5qzdZQSNQotRbLmBrV4WG9XB4ui9TVIpWopauFpLUU1FqyZdKwUgpFJkDCOAxJi64vdVblg8ODcZzmXacS2dKTVatwlE6ilFJrsYpzGqdJUEq0dImabmNrxk4TkpOU0dSmaWxtnNIJwjSMsqVJ1xKl62zXUjNzGNbDOLpNUUot6vouBJIU2HaGSmtpGgVnU3B4eGBbxDCNsud939XadX3UAEOUGgEoFCVEc2s5TWMTdKVMY6tdZ7dhHEtfhEKBZDewoiICFcWUObkJ11IsjcN4eHiIqP2sL8VguZawDa5RowRmHEcpIkSUGnUaRotailGgwGNr0zjNuj5DJLN5LwdRIbOlFJkpl9KRbZIUISLG9aBSSxHErO8i1HB6ArK5lpq0tm79rK+1ZEtQRGBq0TSOOJDHaZSEXD76wz+41k4owW5tav18VhVdqVFK7WotRQGJ04pImamFakIglail1k7DMNboate11qwJxbzrSlcVqqXruo50tkmEcVdns0UXqhPpNCKz2YKGbCOp9l0/mxHIABGasqHoS1Go5TQO69lssyhsh6LOuhybRCndOK6jlNbaer1WiZAyJzf6rtqSUoBpmZm5Xg+tDUJRq9KtTU6nM2rXxnEcW991te+LsCGilCih9TBGusxriaJQQqKArtYMbNcIRK01s2GAbJMiKKpFi8VG2tlMOFCEwOMwlBKgZmpVUSGM7cyote+KIE2pJZBtRbSWRiZqFwKnLWQCkDKptdZagRAYLBlERBDqah8l5BTqS6dsRKhGmgi1zAiC4oJwLV2bcjUOViLGYXLLUrtsSaGUmm4lFF0neRpGh0IqEYSc2KYocwoUpUpKGxNSWGMOpC2VUiSBcpzSWWpERERYbm1smf1sVqJMbYCauERfSiDJKFSKIkqJyKTUWrtCUrqw27333ec2zWZz8Dg2kAq1FkltylIUtTqVaZlU9iotQpIlSKcnt6JQKS2bbcK2SxQhZEUUdS4EIclumFqLIlrLqY1dLaXrcpxaOu0uutLXdCrAqqUYGWTjJEpXo5t3IU3TZLt0VQKQBHZzrRXn1FwllQ5nRFGUnNowraOUrusB0qWEwAYRUUutwjZIpKOAFaGuq7XrTE5TRkTXdc6MUnASETgBO5sRpVaUIiKwAzuzEZSIUuvUxrENmL7OVCJbRkSo1hJSkCkVlGnVWkrElJmtRSAJAlFLkYpCpUTa4zAYR0TUEggoXYebM+fzmcnMpNDXLlBzTsMoS1HAESolBJJam7oSoJyaC2qeMm1aSzsDt5bCpXaZSDYeh3WUKFGlYlNK2ESECJO1FkvgKDU92ZZobZIthQGLoBClq2RrSRGlFBXsgjKTvpttbm7MFvOpNdsCUBQlihJAywQbJIdkopv3te9xRqh00Ywzkd1U+hKS5HnfR61F6vsZJkmwRGYay7Zp0+SQrIjIaRqHdWbWUmvXkao1TETJEhFR0llKIEcpyEH0/VwyIJGZQC1qrUVEqSWTWkui0hVgbK3WoOXYJrdstsiECIVJYxLU8DROVulKkSilrsdl7aukTFs4UyEp7MxMQ42CoihM1tobky6lFgWiOd0EUhChUCkhqdguUUrpglDQbBF2a24RNT3Zas4akaPX47p2JRQ2gYCQpmwiSi3Z2jhMEQHGUo2ur1LYHoZRztliXmuJiExysuxSwgCZUo0SEbSgIortUrtaS0QJwmCnRSALSBTA2EZsy6211my3qWGyqKAIOUox2ZxOmywqU7aw+0VXa5+ZRrUUhC1BtiYJqUSEZFANQ5tsU6JYRKHWCpZIt5ZTTq1NI0UIO0G19vPZzNiZpZS+79fDMIzrUotMRKgQpcgxjoMkSim1RhSIkCFkSVIptRRQemotrWjThBQRESpdlaIIcOLIkCLJtIUsY0AlwniaxmyTokxtXK/XsquKxDAMFNFsiCgKVNSVoihuzXapXUhItavDeszWQJKmqRmEZE1tGlZjqbXrSmLZyBGRzVaEXGptrSG3oUVEKAIiIrO5taSRVimBMhMoIqJYtGy2FSG75RQKk5mKiMmpdBC172bzmYoSSRYapilbKlRLl84ml67mlKVKk1dtqMIiQqQDotYcRpeysbUVtev7uaJI7maLEtEykSQE09TsrF03TZPTqmEbSDtKEYxTMyBbiqBQHC4RKoQiIrral1qdiCyKUgsgoSBKtbNTQcJEVACymTYN4zgqIuygABABU07Deoxaayl1NrftlorS9V0b2zAO/awvgaWikIU077ra9ZIIDcNostYqmNoYlFLq4eGBRCmRdmJlYrKhkKRsk3A/62uJNMP6yKYqVsMqmzcWC+Hlel1LpyK79V3n1pqzdqVElFJaDqv1GuhnsxLV2WopEXG4PAwragUEtVYJ7FIKFkZYpZZanPRdNeE0DUukZl3FDOvB0Pc9YOzMcZo2NxZSHdfTbNa11o6OlpuLuaF83Ed9eC211NJac2bfzSJq7TtIGaMItakh1752XZ9jO1qvxnEcp7WtiIhS0implBK1KDVNLaSu66dpcqakUGnZGpRQ2jlNzYQk5Thka2OEJAolp7G11qYWcqYzp1q6ruta8zi2UlSja9nsrKXruto8yVFqKVHT2doYNUpEZlsPQ5SotUaoTRmhMJNbZiJNdhtbP5vN+l4gkc7WUoq0gBClVFO62hdpGNaZLZuxnSqKbt7P+pnlbE0opAglGZSIKCVqqbbHsdmUIqDUvnazkJpTROlLGJO164KiElGqM7GLCsE4NkiVQLZlO0K1r7aGNkiSkSyZK0wUGVA4W8spFNmyZct0LaXUEioEnZyQ9tQmZ7MoUcZsskmXrkYpdkaEjGSQxNSmbC2sqLV2pUSJ4hKVlCLtzFStgT1Mk6Qa4RCNli2zIUwEkW4q4eaWTQFSRKldUahEKKrC49SMW1JDbfLUctb3fe1rqcN6nRO1C6BIgEIGbEtCkThEmmQ9LG3GYdy7dKlfbGxuzNOOUqOGTeliWI8tc1b7BsO4pKVKZLNKlNA4jm0cZbp+VlVsS8hRikgyiVLM1KY2trSb0wrklCJFUQ2xXq2i9vP5IvBEYoRKLYJpGiNJWsssJbpSJcA5jpNdaqdQZutqF4pQaW522iqilABN2UIC1tNEIpGepNpFSIzTVKKoBIBM2mTaaZcip0ybxla7TlJLY4JIO6e0LEJ4ygzCgWwDuNlADhOUZsZxVGQarFKK0y3tVOn6vitprBSlSKGwnU5CkmRFVMCtWVFqlcLOvq+KwIRQyM2WQyEpogJRg5ZuWWsnlWyZmTallNpVN085llr6eV+llJEgbCBL7WrtCM1qpZbM1oZWKrXWcZpaZqiUUhCZ9pTDMPazmYrsbDlO45jOGiWqpnGqtSDLLqWCQkUhml1kQwocqJQaKhQUSjylp6m5TSEFCjlKdfMwDiWqhdsUlIiwXRAySITDoWoniiISsGwFZLqU4kyCLsICRSAL4XFsNoClgGbcPOWUmbV2gVCUEqXOau26KKrF2OnSFVwSYddapZhytJV2KKLIoWmcbIqKcClFUQPbREgRZIZiauPq8Gg2X8wX8/Vy1dLp1vczEJlIEkIC2UY1ApEtJWazWam97ZZNCiuKJGTTcsIgnJRSaw2L1jKkqKVlTk5BKaq1hpQtExRROsgwkDZplS6KKqQhSqi1hokQooRqqRClFuykRSlcZiihhrJNfdeVUhQSMU5NSTrDlFIiCsaZGHApESWKsOlrr4hxHMccsZFKKKJIUghjW5JUFGQqIoyFuqiEohQh2+ASUUs12ClCxU6X0kkmjWxU+65EHVsLJBp2dH2NIjFNLaJGjVIi08uDZWZ2Xa9wkqWGEKbUSiYht2ytYQ/T2PWdVEqpoWIcpU7TpBJBHK1X03qViRFRai1uClFq4AiIWqIrbi1qDRWEYMoJEEBkJiJKiYiWnvVdKTWnKd2MsqWESmBPboHSKSJKgInoF/O+1NYyanQRNbRaLyXSTM39fNbsUPTzWdf3NWI1DKalQUpPQlFCyLQ2tRAI7BKlRqQAaldIIkJyNoswVkSIccrMEYUV2aaUIpBkKCUMUSKigEKKoslEROKWGYYwRMvmtEoZhlFS11eszIyum89nRdGaixUKI0HXhaJQIhQlSiGmYQSBp+VQSqldDcJQui4xYrG5Oe/nUaotoE1ZS0xTG6dmiFC2FhGhaJnpjKjCpXaBJEeEndlc+y5M2q1NKupKl82qJRQqwjYmbaeitKmhWlUIp3FmFDlleWiTWxq6ritdKSXAXe2S1vddjTplm/VdUIhsLQm3cWqRFZWIKcc0pcR6PYzjKKQIQQo7kcCg2XxWpYzI9ZiyMsc29bWPrma29XqZzVFCUVq29Xq9sbGYz2dYEqVWGkQQQbqUKDVW4yiz2FiAUEis1+tpmIpkZwTT1NwyIvqub60NY+tqWa3X2aYoJZBCCkrENIxRiqBldrWzwE2pqU0WbZrGYSrQdzWdKDInlbJYzKVo02CQpFCagOgV0jSu1+OQLVGUT/7Ejwalk+aIiK5Oq2FqQxor2tSMQ4pSMt1ai1KFMptEX/sUoSBdVFpOWKWL2nchnIxtjVEtsi2XKF3tI0q2FFlKidK1aZSzdhVLsFwfTtNYhEqE3ZoJhbEVJSKK8TgOxlFKZpvGqXZdVJG5Wq1rqSolm8dh7Grt+77WapRJy6lly8lRmPX9rO+7rkYpRZLkUCllalNzzmbzqFWg6LY2t9bjsF4trShdBNGaTSs1QgV7nCaSdDqzRE3b4KnZZKYzISRKqHQ9Fh6Np3GiZSgkiEJisouaMqIIi9ZymtYlSkSJomytTRlRJOFUSE0tmxyWnSEokpCNnREEXRRJjG0KFCUIMlOiWS2b7WmapKLAslRaZpRSa8E43XV9urVsQUSUaWwlHLVUFUVERBunTCJwsh7Xw3o16zpSpoGiFoFxLbXWIqmUMJqmMVQIIii1BprGqUgSU2ZEYNJTKRUrisBtnFTU9d3YEtKqfV9zgpBt29PUQlVSm9qUUykxTeN6WGOVKIRms/lisVlL2NhZpHQKhnGYpim6EpkCpIioXY1SJDlbTs2ldEWKSNtphEBErUWS7VCx7SSKhAwlQqhlBpKSTCyUcjhzuVqWUiOUU0sllC4i00TY7mrfPK1Xq66rkiQZpy3ACJcIgjalkGwDnpyJ3Frrouu6Otme2jiOte9CJTNFhqK55dSQoohmhHGJcNJyFERXSompNXCErMCkJyxKFJXmDAgFIbAwwtK8VkPLbJklqLVKQpZB2Ok0hNOIMKCqmtByKrVGKBSQ2Iqw0y0T5ZTGNUopnW0pSjhbjm1MHBERAnWlGLckREpyEhEShHBmy9ZKKGqRIptDLjUwnjJxKaVEAacppUQo06vlMuVao+v7aZoilKnMjCjdrGtTG9ZD1HBjbE0lksyWiChq6ZZNckREBApj2RHFTtlOR1+laHZLMtN23/VE5uSWVhBSiQjCdqYlKeSktYxAFGFD2kgi+74X4XTDbWppC4QiaildlBpSVWQiKYpQcWbX9QpFiIgIp3O1XgsSt9ZqVBWN45g51dJN2cb1kPK870pfh7GN62EY1303L0VTtpD6vlcNZ1NEZgsip3G1XquUvitFBZjIEqWbzUWCDJamcbRRlBpFgUERNiWqTZtGQa0VtymbkNPjOEhRijJdapnVmpk5NWNQUYSQIlRbG6dMiVqilCoHZNoSU7aqGoVAiRVqObWhKVS6LhSYxNgyRpktItKEFJLtlnaaULY0KcnZmjOiqEQp4SSdLZtMqcWhcLRMW1GopUytLVfrquhqH0U2bUqFMienkSJkG2zbLSUpokSIEBgLVCIki2wTzlI6cIQCaELM+q523TBObWxdV4iSzQJCrU1tmgiVKG4tQsM0dV2tXZVKKNKWSdsCW6Fsk6DUglXKLEIRFTENk2DK5kykNrRS68ZiQYkSUWu3bpOzoSg1CIVCxNRGZ8v01FrLnKaplGIhDCG5RIkQoLShlAIah4mIrquopFsJ1dpLEUW2s2UptU3D1LJGUbjvZuvV6tx9927Me7tMnvo6l2R7msZxGKdx7ErXxkkRpZScspuVEnUcxlJL7ToiyCmidP0sldkSu0SNWqTEkU4grJSiRhSchuhqlXCmk1LCthMppIgIEcM0CZypbK01Z6uloDqN6xRhRSEUUWoXRcJOp9s4DeMwjgNFtYtEJUGKoEYg0s2tGZdSJNWq2nVFJc2UE4LG1FqtnYpwSC1HKMrWxmmQStdXhCJqrbWrU5swtc66UoybW1FVsVSMMlu2EeN0tqnvu9pVkrFNshSMUyLVUnFzZssWoVoLUEpBCRElAgN2i1JKRhsnS6V24zAKA4lFRImudFHCDStJD2Ob2tTXvu968DCsa+lUIhsRgFozUgGEouCIUDYHstz1cys9NGRQP5spGMfROAT22NrY2tRatlQtXd+FVbs+IoZhzZSl75w5TpNwa+PqaK1wiVDIU1ruSi21RinTuJ5aK1GG1Xpze7uUKmS7TdM4DYGiKFOZbVivEtVSohbjUCAQ0ZWWznEYc6ylK9IwttaGKDWkNMjjMHWzThHLo+V6vQrVUohSysd+5IeP41BKVRSbEkI6OjqSyqyrmcbZdf2s63Jq4zTVWmrfz/p+Pl90tbapZUsDcjYvj5a2S5RsdghTS1eLpAjAQpkmilSiTdM4rCSX0tk5jWNOYy1dP5+VEqI4HFgonSgVArnlOA2lm5USOaUjIqKNLUKG2vWlhrJlZukLFkiJAog2NYVU5MwMh0NmGKZsY1EtnVRqkaqizrop3cYxTWZTifls1s/mpVZsiRp1ymnKKZBK2LYVEQ4iQiVymhopouu7CNKZzhxGBYqOTJuWzUFIxm6pkCCcKLraKSSFoki27UTYYIgSJSLTLSdCpatRJEjbdktnm7raRy1FciIoXSmKNGljt3Etl6ogStfXkHJCcimldmWccr1eJ8YGtdYslyiWi2rUOrYp04j1MLU2zWYzSKdthWi2ooYIhEJ21FDIFi1LBBEhWvM0ThEFMK1N09gaqVIi060htNjocZqY2tim1tWSbkK1RokYW7MpQXNma10pEQFka0glonZd189r1azrur6XiKpMxnFEYBNSKO2ulq7vsEoUhaIUMm2jkmmyRURL1QBQVMnOTDnTrWXpupxGnFGLW0tn6TrSoFpqs43dstmldqXUUgUxTY1QjVqkTDdnG8bMFhFOD8N6VrsaZcq0bTsxma0ZHLW6JaGpNaSuhBQRkelaaynhNESpROlDVigR6bSBUAglNnQqLbN2tdaQwi0VikAoQelSqiTVUiOKVCKkqLXU0oUkCVy7ktnSkK2UEqUryPLUErfWLFsRiNbGdDocVIoiKCWQPNluU7OQoqSJiCIbSRElIkSStJxybKNMiQoEQkQtNYqhtebWDM5pmqYoiA47MQpAdjOlhK02TMa1FsyUret7QcspVDAmQ/S1E6yW6za1rnS1K6qVnNZjm806qG1cT1NGCY+Z2WRPmdM0FquUapCkCKdtG0UUVEopuKVR0nW1ZUNWBAapVoWrAgtENoMUqhECY+E0NiWsKCEZSwJKREQNSaG0+9oTOWWTHbVGCZu0Q9HVMEi0KUPI2ZpB4zBMzqKoKrUr0ziCSu2kJK1Sutqp1EIM67VN35VScNpWiTB4HFHFFoJsSM2zeanRr9dD7fuudrXUo+WRk1Jl3EVMU2vpWorCmXYSISEr7WxTRkgRUuQ4gaJEOksJqWSzs0khmNJFpdYSoZRIVGgtp6mVLgzTNNmJKVIp1VEicPPkFqFpbNPUkGqNophaay2DKCXGbCERspFpJAanRNQgPU2tNUcpXZR0liJZLck22lFLqBRnTlNDlqQARRcFGVxql9HcTEAaWxZFhJSOELadEZIKymZIJymplgoM60FSKbVElchMt6k5W7aWLUoIpaccMk1Xay1dkkUSMQzDuF4rTIQcXVe7WUfGlJMzhaIo00VS4JSbQbO+L10HGYqQCLm1cZqQShTIrutqjVp7SaEADcujkEpX2pTOnMYRpKjDsAaidhEKAoHEZQKscRyztckehnXp+lLk5iiOUpCxa+nSrbWGABu6UoZhGoZ1EW1qJo+ODodhPLa1U0odxkFE15UadUrnOBpKraXraq0KJIKS8jiMJcJY6iSwxmGdaQspFMo2hUKS5MxUaLlc1iizblZrmVrDxpbUdcVJy5xaU8itOWnZsjVJQlNrQl3fRS2RELShKQSys9YyjiO4lDKOQ2tjUam1k8g0eMqMEFazc2rTONoREYbEEXVKNydhmRJBiRpdKRGlpK2UaRGenG3KWkrXVSdRqiDTTkREUcuWOKQoMU3NmaUvNs1Njvm8jxKr1XqY1piIosBpQZQytmm9GkC1VOQ2Temx1JJpFc3qLJ0Y25Kac71e2ZYxjqB0pTVP45RutRSklq2rfal1HKdZV0ud2ZMzUamlRES2KVRqlExmsypFRLTJ47hO3Jdau5JTdn2X0zRNQ9/3fV+72ne1ZGvgvvaNdHMtpU1TLXXW99OYwzTWkKFlRim11mwT6VprG1vp62KxqLUerlbDetl3s4jqtJ1S9H0/jlPtuq6rbZzSaSyDXboSQZvGsbWj1bJNbWM+j1IiClJXSkQdxzGn1vedm0emaZjAs64nNI0NuavdrJ9N0zgO46zvopvPulpn86Ion/jRH1FqUVoCJVCiRBTkzFSR29QaBKXWrpYpcxhHHMh2prNlGve1dF0/TGNXa6ZX69ViNiul2C2iIIS6Uhq0cSxFxQJAQpZySuyUS6kyrZF2iWLIbFG7IFrLvusQKhEylnCNMrVpnBJFCSXNiVBEDdX1akWmcYmofV9rLV2HZUVVcbYJq2VLG9eoUaM1Z6JSnZlpRSwW81r6MceW5DQOkyMUUdLGYEkiPbUJeRyHgBBCUappVZIIFSFCtXZpO911JRTj2PqudhFERMgo021KAtKki5R2GyakkAS1RKbdMp1O59QKYTvTwpYkCVSLzJBTjhMQpVgoKESbcmpZa9S+r7UILErIdtRKquUIDnAaES4RxbZJDDgIuwnbrrPqligioutrWsiEqkJFJQqiTZOtsBMTdLUGspg8FUWJEjVK7apKraXWYjeckkuUcZzSbdEv5htzW61lcxOBVIpqLbUWJJqNFaVGQdHaVKLWrh/G1fLwCKi1tjEFKhXbaZVSKH3tay2t5dSaQsY2LXMYxxqRtDZNEZFJI2V3XV8iLE+tDeM6TNRwWqj2nZNMO6hRFUytOZOk70rX9xEV2XadzWQ7s5YaCDlFpp1Zu0JmZjpcS2QoFFE7TK0iikKSZCVW1K52pcQwjKWIdEi1VgsMhVr7YRhw1lJXq9V6WHfU0nUq0cZJqEaJUm0ym02JSAipRI0IZwspuiIUKASope0msHEmUpSSLbNly9bVLiiSQE5jT2nsKDWKQsKyU3QK27RpSrtQIsJOJMEwTgpChIrCkqYxHTYmPbWWLW1UVBQJQtmyFEUEWCHCw9hK6QIZSyFFiUACaE0q0tSmhIgazVOo1FKcOB2hUmsojK0o0ZuGouu6pOXUpMCyU2GpBpSIUiPJEiXHyZhClBIKC0G2lnbzBAWaQ7LsxJ7NoqWx2jAqQFFUQ7Icipa0NpVQJuM0tswiIQmwKYWU3ZytQTaD00aKUEiJnc6pgRRk2k6QQpZqlFCMnqaW0XVFYFQiCqV0RUgapiGkEqU1l1q6WkMxZVsPY4kIlVKUaUVEEfI4NJNFIakUDdOUU4sSRVVBmtrVQKWGk6hRSrWdLYkoIRXRnCIECLtEKVEkGxVJCoSRhBG2M01GFJVwU1cjSs207QBEJpJKhFSzeWpZaim1AC2NGziQJElgZDuj1JyabUGEou/JbAm2pFoCZ9pRqhSRSjsKLck2Rq2YqY1tNJGkaxSiRHGmE0eUkBCIbCYUkkROzemu7ywJFCVKVVoSoWlKKUrXOdt6HOVEclqhWmo2E1miki4Rxm1qzZZUokaETWsZKo7mqSWOEk7jdMuWHsex67rFbBGlNJxTk9Ta1NoUEWmTVokadWzNuJSIKLWrpeunsY3TmC1rV6f1uqu1dn22rLW2zGkcSi2r9bq1JoWq3ExCBKFSopZiZDcRJUopQipCEiZCCNKZmW1yIuFMRUgRIai2QdM4ZmuEaCiCkHOspXazfhqG5WrZlbpzfKd0XRRFlFK7WgLRdaXrOhTYQES0HEk5mYbJttCUrdSoUQnGaSwRpZaQkiZFiailghSEynK9wvTd3GpCETFNLUrIxUpFgLHSmU5QrbUEloxKVww2aUUJySo1VCIK9jhO4CiBIohuVhVFKgQ243q0Xfve6XEax5Y1BNTS2RSJzDa5lkKEUBBAsxNnw7IU49Swa60qRQpAoKLWMt26WptzGqZaq9E0juM4RUQXXWMqLogaRRHL5TrTUaOvXWIs05Jo4+R0qYGxXCKmlpmUCMwwDs1EeBgniRo1aaiWGjUiQzm5lOhqOJ2S01NmKWot2zSVKJPbNDVn2jmNY1f60nfTMIw51aLSz8b10LKForUWZOk6t8zWSolSa0SZpjaOiSR5mAabTqFEouu6rutmi3ntipulbNOEqBGtNaHEYKOIUKioNNOGMaTaz9ymRmutIdW+L1G7rq7Wq2E9RSm1i77vSE05Duu2bhPTNO/6+cZGRBnWa5ylKE0bBresJTKzdrUSxkT0tcvWpnE0BhFq0wQRXZ113ZTZ2mhcPukTPgY7g1q7Yb2ehmk+n/V9N4xjgqRZN+u7fhiHYZpKqa1NErVWw5TZd33IIZXakRjmG30ts8w2tpRo6fWwFqp9N02trQeglGKnQwpl2s6Qal+KormVUJuaRdf1KkUQspHdMhVSrV22bNNkmxJFpXS1tVYixmFaHy2jhMnZrLPd932UDrlGJ1JIRSFN04hqkRBtmjKbAZSGKjuHcYSICAXjNNoOa8Jdia7vksSpCGcqKEWT02harR2ES4LtWmuUMk5NKNCYLYep5TS1VqKWKCWkKBkiM7NN41BLtTMUtsZxSNKScVEJaZxGSQkt0y2RSq1jm4CA5oxSSpSIsHPKhgGIiISu0Fq2DAwqXe37rjmdxjYyTNOUNBF930ctxkUqJXAanMqc0nRVlnLM2hXM2FqtIrGFLLlGaelsVgBqrdkYIpRpGwugRkmU2dIWWLg1i5Z2qpYAR4laOgrObDkViqRM2y6lOMmgKICxNXIiQlHcpkwwsqPGajWu1qvFvA/K1KapZQ0J2QCGEECmc2rpFO76WkstKrXrSikoiHDLqY3pdCLc1a7ruwg1uxaJQCCkyDZJEV1ZDatMd10liuw25jgOxSIKZCkxZk5TK6V2pSjo+s7OsXnRLyjhpubsu5ImwdPUMkutaY9jk1w7mZjGUQQRKEqEnQkh2jgdHO1HqV0/a1MqVOd9LSWklhk1UioRpRQndtpEBErbLRNUSsU5TZOdU8tpmiRlOo0zW1oFJ242GYRDdhJyJiJqDRnR1Q5ko3CUUkOKsBnWyzY11YgQoaIytgm71sh0a2mU2VprtdQQKjUCSUh97VBt2UoJZKcCZVK6GtG5ZS0R4WlqkkIRIRFIiZtbROc2TThAKGpRhKTSVVt2IslhIZCi6/tSw5ktG+kSGqapK0WSIggLeZpauqu1doWUgBB22umpRLhZZJQq28owVhikwETIFLuFImk2DoUoCAVuOY1WlChdP4OYptG4lIJNkYzIacyWo0zUYtNaopQiSim15DhlUqpARRFFLU1aQa1VlHQLqda+RkzZMptUcE7T1NWSchLQstGmse/6ULSxTUxKYScEqVIk175r0zQMA6lSQiWkEoooTFO2lggpMlsQKgqpls7W1KaC0oSi1GI7k8ycWrZMCdsRpQQ2pUQogqhdlWRn1JJTDm1qrUWUiJCDMKSkkLootUYm2ZrDbUplo4ZQ4kBFUikKpikRihKl1BANO7taWjabGpGiRlhEFShKpFFEtgkUKhEJMgmlK8UoVGqtRaHojO1saZVSpFIUpUYJoWmaEnelOG1Imsec2hghIqZxbK3ZAkcJhaaWmdn1M2CcxtLVEgEZjpBK30UUyevVEBHYttrUuq7KZDZQ19X5xrxEAU1qbikrShCSJBBKDCFJgaJIam3MNNBa2i6liESKWkMiQhFY62mc2tR3Xem6CNkKxbzUqEWlyJIcNRRRIgi5NYuImpktpykzIEqJrhSVfj7LluM4Ksqs76acxnGdzaaRlFqDkGRETmlHFEROGSVqqV2tqAxtQOq6PkoYpjGtQAhPzdhTG0t0ta9IErN5X1VaTtPkWqPrOxFYBKGwcPOUqQIN467vate5NauE5PQ0jJmtdFWQmRbhKAGiRElsiCi1hFAtaiZzKhFI2Zqh6+o4TiajqLW0HRFO22kzDkPfVRURKlEk7BYUUNTo+5lwSoGjVApKJ1lUMwhUuEya2tRam3Vdqd2ULUIKBYpSsaOUUjsapdZaa44jIUldKVhGtUilOpszs02z+TwISxERQUTXdTVCJVRrl85QRHRdVRsnyzXKME1dPyslcspxaiWCEoWMEqUWT1ZABJAmRMumUFG0yVEIau2kIDNLhEpxBOmWU9/PSqnjuF6vlqWESpnPZgluSZBp7LSnqbVpKrUoBNO4HFtmLYWINmULhTWO60uX9ijMun4cx1pq1/XrNtnua1UEUIoiws4SKlW1VklTtq7v+r5v0zhNLUIt00kJShdBtHFqJC2zTd2s7+qsm/W1q2O2cRhLlIScWrPn87nRaljXotoV1chhGtwyE6lEtJbrYb1YzCPkyeDMKRttauXjP+ojnKl0OsdxqAWk9XJwtr5WhWSiRJQSISkwKrWUGMehja3Wsp4mkqm1aRxVJJdU4hymqaqUWsdxSlOjDONYIhSyU1GdGYqOMmXWvtQStYRBCkWM60m1yJbCdsM1+oAipSmo9J1oUbq+n7dpai1n895SLSUU6/UwTW3Wd2O29XLVsqWncZi6rlqa2tjaFFHQtFqtgJxalJpgsna1RmlTq10ptbQpFYHV3LJNtetV3KZWomstM9t8Njf2hIq6WlVqrSVbZrbS1bYehnFUFEWJWvquACjACq2HUVCkaZqc9LM5RTU6S7WW5syp1YhSijMVpKPrOiyghmrXdRFtalGiRK1VBvA4TVFKV2qJ6hAKlWSapimj1trV5XI5tXE+27A9tSRRSWUEtDaWKAq1bNPYBF3Xd/3MxtlKX0tiAknO2tVpGlVKUdiWMB7GVms3TCOkFKRr6UpRZotSulqnTDJLCSKmYTREhERIFsN6PY2DySCi1hyTGnI2E8gQJiKcDrmZzCSVObWxla4rpdZaIMYcS1Ht+q52UxvXy+XW5qYj0kZpo1q6vhtXy2lcE7UqkAIJ1X6W6eapUKZpstX3XSlRa+1KpxKkgegiiGyWIp3jNNUaQUzTNKWl6EqRpRqhSAwoUIQKQJtalILTmQDCmBQq9mSooWmaSNIoqIRKCJMShLweVuvVEFLafa02htYaqChsG3W1K6XraomIrhaSbCkhNLUW2YhCpsgSUUp1ppMpm+xQlZyohOSiULbW0iEZRVFINsjGMirFLSVFidaaWypE8zSNFoFsMChwhkKhTPd915cqlUDGoVL7LghDKaUKRZRaJJNSaJrSRC1FIsKBMVGilJKTVSlEtqm1KVFCUUhhZzqdU0MREQhnJuCuq6BQTFOGNLWMSBvSpavhHKdWSpRScpqyZZSQ5HQtxSlCSEpqFNttXKtUlYo0TqNtYbcUKqWWUhQlagSRqSRlVssjJteuGNU+QhpaC1KKUGQzOGnp7Grf1Q5JAjRNU1GULkKhCElOoqhGybRUiwyyCFUJp2wiiKhON1omq+WqFPrZwumWLRRRJJMGJxZkMyWilMAhUiidXQgglHhWOkvTONXojEt04KklQoooVV0UokBEba1N6WI1T10pRTG2tlwu+9kMZU4tQrXroquCNqVlW1GjRIWWzYhSKhFYoFqKopQItxS0ZkV0USUhgnDNacrMDIUUKoqIaRglghKF9TgVSi1RShEkQIXsahUapiEi3NJyibBiam29XpVS+tpNOZEpyJaCWsKtZcuuq4v5DJTpcRytNJra1NUq2Uh2c9quKpAtG0ZSV2dJgiFaJhJOSZlEhEJKAX1X+66Tw6LvS8sJqxal7aRUcgJboahV1jhNU8u+1KglwqX2NlGiucnM5otSq9NTZrbmjNp1FqTTSToiWua4Gvq+RhRMRBhEtDa5Ze1KqWUaRhOh0tpkskjONk6j0zaLWTe1cbVaz2ZdLXVyumGUOYkQCkKKUAFQONswjJmedT2KACBKcToUtZZaQsHU5NaiRFdqIuyIEkWhLFHTpNNT1lJLLcIuVSFFAYZxmKZpGqfMFkGhONM0213XI8KM05jjpKA1lyi1FnAb25QpZ4ni9NRakXCms3aVFCphVIqMncYmxyFnsz6kaZiGYSglat9BOBO3bASggIyogVu6lh4jyXa2phIKxnHqaglFaznrZyqaxnFsUyldV2splaC1dLr0dbaYFZUUgnG9jqg1Ck5DREyZdobCOHOSovalRrVkGRClSKthdLZs2XUVbKilIo1Tk1VUmiklQELCrU0tm1OZWfpOuI2jpb7UcVgrVGpfay0hW40m1M1mUkytLRbzYb0elkO/mHe1EO67bmypqFFKtiylSqyG9TRNpXZtaiZFRKgooot56YZx6kpXujIOEy2nNkbErPZpwIro+n7KFo7SV6DWMk1tmnIY1mT2i0VXq/DRaiildrUolM4IAtKtTbka1rToSpTSWWS2Nk4lSl+rA6nUqNM0tJaZqZBUhvXSrWU2py2JIIRNOELDapw8CbecBBah0nWVbOPQWk6h6Od9jtNqPRQpukIbS6lFmlq2zJYtrFr7ed/VruY0Gs37fjWOtqMEEV1fm6fyiR/7Ec4mRen6Ukqp3Ti29bSez3qiANm8XK9KKeGScjqdHsdhbK2IqDOcmSmUZI6jBEmzO5XaVdtOp9NuQqVUhBSCKCVzKl1EqEY0e2wpQFFCiJZTjYJIEwh7GCfj1qaxrSsFxdRaa5NQ33dTNuz5fCYYWyslaunWq3Xm1PVz287W0s0WlNJ1fR3WrdEW843SSShqETG11kUpXZ9pE/YkySYzo6jUjrRCtu1WSs0wVhRVonSdW6tFUkzZ3BKpRimlEA6ESIMUkK21zNp3EWGICNLZmnGmQ1HCihIlJMJIIWEp25RpQ0RgpVuNqkARHWF5HIYwSUZBSYiiGFvazUnUujo6HNbTYnPTrU3TFEVYzskip9baZDtbhogS2VqptY0TdtrgJGstGbTmYRxrFEnjNK3XY+m62WyubCj6vlOEARS1QLSpKSgqlqZplGQsW6WUCKHVcp051a6nlJBr10cXRrJkE0QUHF1fh3Gy1JWKjRKr1Ch15nGyqKVgqYZbM0iUUkut6TTOljVq7XpaW49jRNRa7WxTw0REBMKtpUpJgx0iM1vmelg51XUlYZomY6BNo1Xmi14KS1WhorAs167UqGBPVqiUTgKpdmWaJmeCLdkehiGwhE2aUEgF1M2qorRpMkiyIhRTmyTVOlMJHBKl1uYMooSQWmuIWktECZFuLa0SwoCiKCIISyFStKQoEpfa1SIRhhKanAWIgohSRJBTlFqqRGATIXCbonbzWW9paimDPbkFJQpSRBG2M0sUQtPUjEuESpSIljSnMxURIZIosgEjQkVOExFYSIogbWMIJFs2YIiWmXJmEkiqUUopthMbhnEthU0b15lpiIjWGmlA0LJFKRHF6ZY5TZMiau1qKVOb2jQpAjtbRolaS4QVoSBJhKKW2rXWahSB5SCihFRUisnMDAEByFZIYppGlVL6GsZGTqEStSGnI6i1E2QSIYXW61XzFLIUlgQtm1uO4ziOE1IpFUkiTWZ2XY2I1ibbpQtJtqMok8DplGrfd0lGKChRlM1TG5wtM1u2vnSl71uOtqVaS5QI5ESZrhEqRZnN9H3NlumMiMzMpBaVWlVKIIrsTLJETJ4gIoqKShQnETIMw3pqTjtwJi0bmVMbimotBaSQE0khMrFbAtkSU4K0FNEpFFFrSCrhZjlL9KUEgpYgywZF5DThpJTadZjWWksrVCMSlYhszpbCUplwraVlK0TXzZCaR6xsGaHWmgWKzMk2RKlVclGpXQUCTTkNq6FEtGx21lJUCpiINk3Daj220amopUYpRZ5yzOaWtVPX9VKJoskpBaa5lRKlFqdRhjpsYRtCUQMs44gI9V0VMZLVUfseeWyNlEpEqUmzJSEinTUiSgHalEDt6mq1Hsb11taW0TSN6URka+OYieezOZfVvhNAOhUwtWxjK6HZxkISKVBASgKhUlEJQUusZqGQs0kRRQoJIUGiCEKS7Zatjc1KIVsBtVaiumVEaTlOw6BSIyLdQsVBX2e169NtGoYoXRGFyNamaRIs5hu1dJkT4TZkS5dSSFsqpQIYCYSd2bKlq6J0XSYtsxZFKZlYzUSU4mlqpq8VMY1NUpQaKq2NqqVEYISiFKBEaUlRBEKWinCmay0YyyZzmiy6qKX2OTUVcESxCUHtuq7M0i0UJYRJSGcXHWacRtqIIeXwMA5I4GaHGNZDDUlaT0OnWksHpLNEp5CnNmVrmXY2e5xGiQiMM23szHTWWqa0pwmBmVqToutrVzsVIiJUM3M9rDNTDhUNbR0hRcgM49CmlnYXpZvVaZjGYejnvaFEiegODw8LBk3TqCiCllPXzYoku9QSCrfW1a5NLe0SpZRobWyZQkSWMovwOK0VpYTaOC0PDxGz+VzZWrOIUhWqXV+7UoZhnKYpIkqNWkpXa5SK1KaW6X5WZ90sAkIRapnTNNXSdfPakmk9zGb91MbWMkLT1Jytllith67rnRgt5nOBIsZpKorSleV65WRrc6crNe1Sa4RQaXYUNmdzxDiMNi0doRrRMof1qtRu1ncBWFFLRGTmcrmsfT+fL1rLNk5d1zlzHMdaqqB84kd/5Ho9TNNUatRSsCT3tVcoW6ZdS7ETbOijTNMYKihC1NotZrMapdYiEaX2XYViaG2SXWpkukQhSg0RRSDItO1xvZ6GITOF18P6cP+gZXa1qlShqTXh2vc4a0QEzbZdiqY2YaMStaRztVqTmdlCYedyuZZcanT9LLM50xFRVEKl1AhVikqlWZKCrpQ2jCpKR0Gl9OujQ2pd9L1EqdUJQQm1tFC2ZitUwJL6WZ+ZJmstqnUYx3GcJmdfaqlFEaBu1knKyWCkNk1ECCTSWUoNhSBgskXgtBOrOSNUFJlWKePUZEqJUKgihSEqXdSIWLeBVO1Ktqx9V0rJ9Di1QFEjmwWlrzk1oEgK1a40ZwibaRwjZLdsUKKLLoq7ritRWhum1ghFSAaDs0QRDOuh1Ci1EBTJWHKtMTUHilLklMjMqU3QVqshJBXRWk4t7Vr7GpRaImrDrU1RNe83ipSZETUg0yqyAAlLsnE2FBEqUaQw1FIiYlgPrSV2LTLNiVSUzbbBztaylH4269KG5gQRKtilyqCINjUFboZw2GNL2ZQaMrJcI8CSaq2hmMguQoRsBaV0ETFOYwQlqkWOzXJayDZuLagoFVFKFxICIkKYRnZRokSC5EwHqAgIKYTkNmWm6yy6Uo1LVyKCTEHKQlJELQFpS840mVLIaklrY2YDuSVS1JAZs2UmYCgKYzsCpZ05TeMYEF1JUhaOUCgCkU4RUUpmG9aDBJmU6PtZCEVErTXKlCmFhAoSmCgRSXOz09lsC0RpmUiBjEXYbmm7WYEUCAlUSoBzSgVAa82idkUWIFGim9UYWxvGkZYRwlGCUgIgVboieZqSwEnLFlJEpCEdEUk6s+s6gZ3Z2jhNwg3VKBKouDVDLaVNibJGTJnhyEwialdEtJxkt0YRKNrUnEmJUmIcWykRKnI0p4QigNZktxBYZrAC40Ryy5zW60xhy+nEqBRwtBxDEUVVdXKbplZCECVKZrMppSgCC0shHIhS5GQc1mlMCk3TtFoNzrSlCFXJTKPbNEkqQWtJEZbSKdcoCmWODXe11K7iCEGg0ocUBpsIotHUWiOb0MTUJktRuzoOA5SICGQcClA6SxQh42lqYxuxSikowGAnzrSdpkiKsNPNzU0SGCuzKa2iEhVny2ykIhRRAitqqSGEsKdMwlWKUjEqLtEhq9RawnbLLHSES62ZbRqbRNRSus4NQVdrSGM6W3NOkkoXEaWW2s26nNp6mEoNUopSpEzXWkqEFFGjqz0KMi2LGKdRJkpEVFmQzVki7IYVpdZapchpSgssqdROKgoKdcoEY5eIUqLllGMrUZvStqSoUWtx5tRGWX3XSQG2ImS3ZlJBRAlRu4KVOO0S0ZWwyjSsZrNZP5vl1BRh7DQSTiskJM0XcxRItjOz62algEMlWhsxTlpOgFGRFIBqkYkSZGazS6lgBwHFSMVKW0kGZMvJLvJs3olqAXbaWKK1nMYmO2rN1lqbgDRBqbUIxpzGYbDpuoqz1L7ruubJSAaMVEqVybTDEVFqwc42SRCRrSlcy8xOi9aylkKRjcmiiFoUcbh3qZZaa5fZhLq+yza1bKVWRTSnZEVkI8kSFVsRiuhL7Wd9s8c29F1XFISm1nBDIhURmYlTtcpgMFMbm7NGQSARjMM4jGOt1XiaJgw1+r43ChVJYxvHoYFVVFTcWkTMul5Wuind1750s2kcsmXfzyKUgE06cakRpebUao2odble5jh1s7mzuWXtqsQwDBGlTQ1jgzS1yenaddhp2uQI1dqVUtrY0imBCuGIvpaYpjEi5n1nHBGy0k0lSpEk45RpmVOLUmqNEkWhdE7pTkpobawKldIyDXZalIi+7yO6No2Ts6tdhEDGbWylhtA0NgV9rV2tqjEM43oc5n0/77p+1rsZY9HcRrdZ6dOs10dp933fWqbdnLWr0zilU1FIS9Ta9/2sL126TS1VQhJBXzqZzKSrpLK10nV910MLxTC1o8PDcRijC1s1atfXzFTENKxRRMSwHkza1FqdzikJyid//EepU7Ysoa7rlRiDMFGi1CIpkxol3RShiIBsDVRKTFMbplXXdetpCqmv3XpcqZR5Pyu1pg3YGQpCs65MLZ1EiRJCWOpLtYRaqPSlj64USXbLFla21lIRYVSK+r5my2zUri5mi1KCdDoR4zj1XReKaRyj1OVqhd3NekWpBUld6RQKOhXaNIEAbCna1FQVaHKLiOjpaucEwp7a1CKCRFC6Mo2TMRKpNjnlNo5YJerkxpS1r0VlzFZqdUKS6Wk9jjlBCIxJaumQZMBTa3Y2u69d3/dJhqJ0tSsFbNs5tdZyyn7WF0WEuloV2G6jgQQJ3CSlna3JCLVpMgRkZnP2tQpaa/1sVvt+nCbIWmprI6bru7FlqdFHqERETec4jmnaOLWckMAqQkIZ6qjM+p5UGCtCtATARMSYDQhFSGm3MUuIErOIJtmWCIUUAYlDrqWGI0ItbYM9TtM4jSRFkTlZEcpxmkoptdTWJtIG42aXiEyhLCErbKRCppG6cNqTo0SttRS1NuZESKFI3NUapc+IQlqAECpRoiAKItPISiEpiAAkiXQKhNycARKJi60oQpkJFiE5pJCGcTAZhEOQJQrQ1RKlpNRFpRSBImqJqTndailYFAmBJIH72hEExc1OgxTCCKKWoiBSKmQKpbFp2aIUk84EtZwgQhhCkkTLsU2FGLPJNmSbsBSBCKSIUiOCzEwjJ6bU0lqOw4Dddb1KKaVUxZRjJhEyAuFM2xB2lIrcWstsYUHYDUVzhpwIMp2YtNfjmiYJSdjNTZadAghESBIlaikFAGQUkUA6apGVzq6rlKKIGsW0El2IYRqFI0opVRGg1hK572cRGlar9TBELaEAtyRKVBVEpu2WdkhCzU3GETXK1CZEraWWamU4UlKoREkzTWunJAoRESXCQEh2iUJETi0zFQ4VQs3GAiRCWGDqfI5MOroaEaX0UQhF7WpE15zIfV9r6Vq21kaDRKYzbZoUEU4yjFSaTKPlJFS6oghkS/N+Fl3QTKgr4WTKJjRNzZlRSgm5pWjj1IKiBIUzkUIgSKY2NreE1qb1mILEERGltpYGp7EiEKV2lUKNWkpEEVaNIgXIyrCRJJUCVkglSpYkFbJt41rqlNlak2hOodamUmQVZ0YoQXYJhQpJrTUDmkySlgQGpbHslGoUyQYnUkQoXKI4mcaxebItKcTkJlFrAZUSXamOiBIkOU2TkxQiIkpEREQpmc2ehNbryfbGfGErszWcmS0bxqFFP5umabJJ2zZ286zvJR0dHU3DqIiC7NacpZZQKRLy1EYpZFp6miZJIISnltmQuq6TGXKUa601AUmmZa7HMSL60g3j2LL1fV9LP05TLRHIJqS+dNSizNV6yDTYtjJlohRwpqMookh2tuVqaWfX906aJ6ebjZEptbMtqZSKEcqpDcOyZXa1hpRTs5yZOFVK6bqIcFoYGLOFKKVkOsk2MU2T5FJrtpQZp2Fy1lJa5phZaw1FVE3TOLXMTClqLZlZSim1WjjtzEBRO2zCIamUUAFCwh5aw5a0Wq1ERN8FztZQ1AhsAQoJZ2vTqFr62g/TOIxDlBIRxii6Wu1s2QolSiFzmMYoEaVmG7vaF5XVOLRp7KOiAFv2lGApLMtumSk7M4gSykBJhKIrSEJd7aJGX6pqh40oEV2dIY/rtSJatojoateytWxRqwpTm0oppYZK7fseM07juF5HKaUr4FCkXUqppUiEokQYuSV2RMishqVR1FIISX3XSQJZJpsiZrNeGCJtcKlFlEyG1pRTrbMolFr7WacSgbJNmXYSKpmttZZtylRXq6ccp6mUDuUwThFky2kaujojZBFSqXU2mxWVaVoL1RJ939E0tpFkGKe+6/tZac2SAh0uVza19F1XW6Zh8jQOwzhNJFHKOI3T2ExKpZQyTEPfz0N1vT6q0W3M513XRYk2ZeA0tdTooit9qbU1r1frvnbR1WG9srPvy7BeHx4uQ9l13dF6uX9pvytyRFHpZl0tdbVaLo8O+77vZ12UupjPp9amaSJdSokSokYpJawarTUpSinDsHTL8vEf+aGLxcZsNktyWK0OVyuViFIIY8ZpDJV0SqqltJaZrTWPbZzV0tVZa5Od6RzXg0MYEX3ftcRktlajpNz3HY2JnJzCRukEdbX2fSd1tYsSnSKcNE+1diFF7RG1ROJLe7tRQkRmK0VRakjTOI3DWkXz2ayfdbIkLTbmtZSjg/2+n9fardZLYDafR9U4jBLpzGZ7MooooSKpRDXNUEuRo5lxGqdxmKaWmUQZ1ssUs35mIyGbCJNuWUpVFGBYjYT6EqGIdHNmWnKJsIlQy1SJEp1qCUQJpw2Zk8eMCEFmG8dJJbJNFsZtaER0tWTLqNWZLTMzl0fLrtZxWK3XK0FBLVubXEymW1pFMs2GLF0pUoKMINuUpiCDMBGz2UzSsFq7Zel7cGuttVwdLiPU9V2J6jaNbQwHItOCogISatlMlogoERHgzGY7FEDKMiUiSoRECNPGEalESDS7jeM0WaCIYT2YtC1JAUZQaiEix3FqzRm1LyWKSdtCwziQKEoNW6qlRES2bB5bc61dVzunCZfoQjG11iZLJohSENmYxnUIoa6f2ZQSCkgjlVoJNTe3Me1aqoNhPQ7rIZHcSulqLaRX44gIRaYRmYRUkAFLAYoSpZaqQqYFoUo4087WWgayAUoJCHsKVRtjJ4HTntoYpZYoWBGaWqabSnS1q1GTRErbUEJWJC6hgKglIgpKE0URUWppLe3saieB1NViaFOTIDNBQSml1k6BJBsQTtskiZUtjWoptUYobCFwa01CKhK25WzpkFIimyeStEJS7aOUohKe0qjWmDKFI6pBtlCUEgrL2BZRIptbG1UKcraMEtncxoZSEdiZaTtKCI3TULpSKYUIk1KUiIgJMlupXa21dJVMlKSBrq8Y477vkVqbqoqiELIJ2UZ2dB2WQChbG4YRWu26ULR0a45a+tpljlFCWChqMZluXe1bNodmtTduQwNHVCJKhIQkRdgtSjgJIFSi1hKKMFmigt0STAmLWopEEE6DkbJlIJWQGafJINnNVVKJKJKlIuxaKlJR1KgKIZfoomBHKdUhCSKCknYJQUSRDbKkWiMkEVFAyslJsxwOO93c1RjH1pcuSo2iGgGOohqllNra4IhAClAJhLLZmFqidl1EIUImSiAUAQKXEqXUbNM0ZQmFJBCyJRwlIJytZaLAFlFKQbYNyFaQyAYpFBbO1pVi4TS4TZOtUosNWFEkMqfMLEUlIqJM4zANU+mqomRmLaXvKmIYpza5DauGW6aCjcVGKICWTVJrzUmEjDOnzMTULoqqQiVAypaKqKUjEEXhWjuVaMM4tdb1NULCdkhOp51p227TpKISZRrWrWXXFyejE7KWUutsapNNV6tlJ7azTaXWvnZSEJrGtJn3vcNOIyMhRRRkw7BaO7Ob9S1zWg8NSglwthSUWp1MbSxRhIwj05mgEhEKiGFcRS1ddJIsnKTbephapqSIUrviTANJIuyEWkMEopSoUUAS2TKn0W5dV6PWGtW2ib7rSldLMI5T3/e1r87INk7DhOj6XnKoZGuKMLbTCNPNKnK6tWlqNtDVwMJ2YlCoRIdUSiDRbDtCwDBNkouYWg7rIe35YmEzDCtJs9ncbQKkYtPIcRinNhaViChIoZY5TlOI5hyWSxSlq87WMoVICNKWycwpU6kiCKUlKUpQQlazMaKphEq01qZpHRG165BtOy075dp1XV8lASUCPA7N6drVokAxtSlzalMrpRhPw1iiYANSJK6lRi1tmgh1tZYozVNIAbahSFZIDjOFBIoozjQORVdQFCtCbq31XSlRMkI47WyZbaylj4iW07gemui7YjMOY+16hUdbINxEILtNU0rRdzUzjUup4Gw5ZY7jBArFOE2QkoztlJA0jisj1VoloQzJLqVM07Q8Oiq19qXr+n7ed4cHB/v7h4uNRSiyTZJEQFOon81rLQQpdaWASi2lqkQtESbtHMYRJRFQo5ZxbOvlupba9b0zz589FyXm80Xm1JqlFEq3qLG5vb3Y2KqitVweHq2HUbJqIV2KUA7raZxaIaIWGRNA+diP/rBayzSmMy05vehmEREQoWkYCAmBSokpXUp0XbGAUBAlAKVLKX3Xt8wSEV2FjFKAUkqJYtRagjqFSg3UlS5Es5HbNAWgSDNly5ykqLUiuaVKyWFcrlazrpNUos76eURp2ZZHh8thWVS7WR/S1FrX923Ko+Vh1/WBwKDVem3bJidjkhyGqUHgUqpxhgIyhVVLTMk4DOM0lBIlaqlVUEqtIVAISV2pilCor1VSZqu1U/E0TEjYwzRGlFJK7aqTUhQlRFGUCMiWstLTNDQcKKFUtamt10Oznc0NQ4mIIjuLOgnjkKZhHKdBdt/VCGrXRamBrWi5RnS1ltpFqHS1K2FLISlySoIkWk41ailRSp1aK6q4rVbraRhV66LvkXA4G3btau26rqvT1EiXvtaoU2vCBitrKUI2SCDZaQGhiCpHuCV21ArO1kopmJbZdbM+NLUpJSIAZ9oGokRXaum6Ugpp1SI0jaPDs37W1bDlzHSGKFEJd1EUIOXYWjqkZreWJaLranOWKEDLDLtNrXShKBLT2KJGiOXyKKLM+i6xUMuW2cZhxFaAVUtR1FIKIqfEUapCiii1q6BhGNs4RCnRpGpMoHQiRYQkQylhHLKtEiUEchThnIYhs5VS7Fa7PtA4DmlKUShAIYFa5jS0UsjUMA0RpZSa0xSKWmvL1pyB2jQ5DRFJCVmKWrHdMqFNU9fVEl1RIagqdtqWVGsxVqYUpZa+rxElWzY3SW45tZYtDUApERGE2jSGou+qm9vUptYa2XU9WEhICIXtKCqlOFNWlAKEMDiRLEK2SgRCGEVEUfRdZyd2UEwKZKUzFF0tU4ZIQbNRoiLItJzZ3NpUatToFcpMR05pSemWLUPRlYo0DMtQF8LNBGASlSjRkWkoilqrwuM4yZrNu0za1EKyMwik1ppbq7WrUR2QWFkk25lZgFKjlIKy2VBElJpuRaWr9WhYZ3OJqKGIgjRNI5KotdQSpIhSyJSQimwJpHQiZLUpi4pwmnS6Ybdau1KKRK0RUYCiAk4oKpgkZVQqAZltmlRKVYyZdqaV44hEJnZfu1KLhaUi0tkasgzr9SpKHyIJ3GyVUt0yigBJQZQS0UWOmS1r17UkUBQN42ipKsBEuGVrTSiKhIhIpxuCUitkG90yJZHYzWkkRUgRtQjlNBlCIGVrNl3f2cYgm0BqUzZaGqkIsk3OhhShUqskZ0pktqhdRICNInOYRjItpKil1tqFYpwauO9mpattmMY2BgFu09TVjhIyfd/X0jmb5cwsqkUl7RJCyrStOuuEnBYmIUI4AttdrZgo1FIwzokatVRIWaolhEcaiZ0tsyUQpeu7WmqNCGxFtHFMu0SJEm2aaimY1tJu6QyVgihMw5R2KZr1HaKNaVqJCq6llK4zTk9B9Bt9LTXkzAzIzNayVNXahWRPNli11K5GtlxNY993RaES07Ber9ZdKdFFZjpTgogialdEIEcU2ZmUCMk2pYbHnLJFCdAwTnZWFYds174PhSAUlkpEm1rLFCVqlBI0t2mMkEKKUqI4m22hkLKlREjpls22u1ICKY3TlrAjckqTUvR9jZAVnlrLqfa9pFpqaw07VAzOLBFOI7q+K7UitUyDW0oCS4GxW7rZLrVmG3MyicnadQqN05DJxsZG1ADXWiW1tCBCXVdq30vKTFpzSgpw2Inb5NaaHKSd7mqkaTkSERGl1BqRLbNlKEqJ1pKklFIigjCJrBpSiSg1CtbkVksppZZSsNONdJpS1KZmeZwaTkUtXa2lSyY32xkhEaVIUTMbtBLdelqtV+tsOev6WorlGoVSnBkUKYZhNU0JdmaopseQwNMwWsz7HlkEaD0OG928q7XWigjR19nYBhyhMLapZaYatajlNI6tRCmlE+TUaq2CNmUp6kooQgLTcqqqlhHzfp4QErh0FRsopazHdS2llm5cD0kjnc6Dw2Wbhn6xJZRtSglrmKY2jaWrmdkmSyBC0dowjUPf9zW0e2lvebi85ppr5v0sMRDIpkQIAaSWq+XR0bLvu43ZjC5IpjZhonZtarbn84XQepyktLN84sd8eJtaNgv6vuu6vtZig8j0NE0KdbVXmgBcS1f7PohxHCWKdLRc1tKplGaTjq5za22YlqtVLQUYhmFcj6EmRa3VmUHUGutxaOMYEVNOVoCF+64vaLVeRai1zJwCNdOVsrGxmc0BpXYqlUwUUolS2jRNbRraGCidmZ51fcsmUKkbsw3bcvazeeJpmiTXUlVUVFULztVqhd11XcsxVLpSulq7xQKrlii1BGHIqUnKlEKEnERRNqdbqaWUmtNY+lprN04jKKTMVFG2li1n83mRW0tCspwZUYz7blaKBESptZSudhEURSmhKJAmAluEZDszuq70M5pLrbWrxs256GfNmZNLrZDjMBWJiGxtzKw1bDvttFAtUWsnvB7GQtheT+N8Y2NWaqk1CEWUKH1X0+m0SglFLaXW0rDHMUpFQWaUCkKSmi1FZGagdJZSgkAJhIpKJBkS0HVFEcPQErooApxBKV0tXVdKLRFp5zipRFFRaMpWS4mIGrWNI7YErqqZY1IiVLM53RCl65xpt1q7NrWcJhOSMtO25RLVbl0tSBWJkpldrahg2w6V5kxn1CKb0DS1aRxl174vRK2ldB0mIkJqbUpcui5KFyKiZqZFy0lItUhpK0KijOsRLBRFNp6aGxFRai21UAInMGULFRdJwgokRRSHSqaNccNyTpNBNnJmiYrszAjhRJRaBNlymhpSBKV0UgiaU4EkgVtKYXsYpnGauq7UWmVso3RSoiLZtjMzQ6EoKqoK0q1l2jbT1FSjIEKomCbJUhpnk0qpHcIihEI2oQgpMwGjUkRRECQ4oxZFyWytTUhRuhqRmSgkFKWI1lopJVQsyZQioZRrV0IhRUSQNmpja5mQ4zDVqCEcKiWGYRQGjdPU1RolEodobWrj1NoETMPkkHBrFgqIEpmZzc40CGrXd10fRRHhzBIlxTBNJaJ0fZuanSpYyFgRCqZmaC2zTTVKFEUtmWkjyc4ahUBgExIURJFUassmnA6aFVIJgbOplEAUAYAkW0ApIQWGUEQYJ56mBNcaqJBuQiQlcBpCmQmyhVCpYQIbMMJpCLmUGlJmG9skhaeGAhinEai1VNVSwkmJYkm4pSTb9uQoilJqCXBRNKdNQEQYCJQiIA1pF4muhJHtzMy0glqqJKWJaNOUzavVWqLvZqWGoUYBIiJbSwyiNVtRgsxhahEKJEWJGKYGCFrLtNMZRJQwgGUpVGsJMKQt6GpVKVggQwSpCBO1lFBEKSFBS8ZpytZSyCG5ZZosoa7vSqltHGuJEoxt6msXJZyROcm2so0tM6XITEMtjGNT0HedCTudLlEsR4m+W4BtE0gySHI6FLN+ZmfUSpRsU8sWhBTRFZtxvR7HsetrUWDW6/WUWaKUvsppZLsNk1tG7dwyM0NFEqG0aqlC6bZeDyDLEranqVkRUtd1Ucq4Xk/pxca8K2WcWrNDERGgIqSwHaUKIYWKncalq0yMOdkZUkRAllB0NVvLTCnIZtNMkbAiUJS+SFEgJEeJUooVpFPZRacStYQzbSGVWqOU1hpARIS6vpdkIymn5siuVNKldqSnaZKsUoMYpwEpIiSAqaWUUmnjWLsuJGfaWarslKWAzFqKuipoaQlkE7O+Ei6lRJS+q5ViZ6bXy0MTQZQSaRClVIAIsrWppZ3KkEFRCnbLqajUPooKSISqcNQooRJBphMgso04bQfqZrU5x2GYpgzJKdMkal8z7Wy1VLtZOBN7bC2zlQibUqugRMmWFl1XQiVqLaVE7ezMZilMYmotTJnNpaulxHIYSVC2tFFOQ8sWoSh1msZMG0nMap+lYGqphNrUjGstrbWWzbhYq3EsUSgVDLRMhYAQEQqV1WpZVWabC08tlRirtaZUdrVvTqPa1QjGMYdpXUtZLDYM0zgN47Ae1otuVkuZyJBxEFKopcFIwpm2XCMMU0tnltK5TZaDghUlMNM0llK7Wmvp0i2n1uyNzc2u7yNkBMhhZaL1uM7mUjTmmG7zvp+yYaZp6kqJrpNjmqa+ryo1pwkctUaU8kkf+9HjlEUlZmV1uJyGNVEw6RzWK0mzftbVWkpMbRIy6dZay2xTUQFWqzX2bDYrCklSjNMYhXEcVUKhbI2IUgrYSKKR49TGcSy1m8/nEq01y4K+n03ZhmFczDYJi5h1XZvGYRr7vqZiatOUzpa2QbXGbL4otWCkknLXdV3Xjy1bTqDM1ved8dhcS0SJVBaViChRmtOttZZ2dn3f9f3y6KjrqgGBPQxDmyYgWzPKqWVmREghgWktVcLpqU02IgzNwrZTilJKKGwURdI0TS0nUaJE2hH0s1mohDSRoW7e9aEYszkzKJDDNGKXUsERYVuhvuvaNI2tEVFgPbYIulJrdOlMu02pEmmTtHRfulrrsFphla6ahlEwtck5ESG76/sSymyt2ShCIYGmnFIETM6WrbVJNqKU0pzDenCJgBoyykxMrcW2bacl0mppk4WKoNHa5CRbM0Ypybg5JUkIhBqTrGakEImiqzUUYxtBhihRa5dqNrYjArllq13p+i4iIkLpKIEYs9lZQhE13aIUISkhbBSy7WA2mxnZiVCoKGqtUeRUBKWWnNoEpUTLtFNg01rLtNP9rK9dLcYminAmLqoosrVsKHDacldrS2c2KaSAKFUueEocaQSZGaUURUBIGJS2IoQ9Zeu63qSs0tXWWlEpimzpbJkWqqVGaMokbQm75RQRXelUCtmm1sBtmuyMUjOTsJMo4WYVRY1pyrQlYUcpioKbrL7rSy0SdhORYBwRUSIgSgljGzu6nsxEIUs15BBOgyMKKp5agxoBZLaIkGkNZ4NsmUalC5u0sUuEqmxla41UxDSNQhGlZWvpWkKKlg0iakkzrMfmhrGy1tJ1XY1au6Kqcd1ERgRGRZJbm7pZT8ijVYRKc4tSShQHETJESAIpajFIQi5B1IhQVLWWOeXUpihSys6IQGo5tdYyRdrCmbZUSwTTMDYhky0RLZukiAjCSlA6bacdwqRQoKnZUkgKSilkW63WKEopEoJSip3j2EJSsZGdibExEWEbVGqJKJkpkGwkjF1KFyoI4QjV0tlCLqRKeMrJDREQJVBEqHQdSSgst3GKUNTAUl9qqVOb0unMFNkmFMK4Jc42pRnHRhBW7apUFJZFc9SIKEC2TE+SEJJCSKUUpHA65dambFOJImmaxlprlOJsrblEuEFIeGxZg1JrKRJhW3LXdxFVVW6ecgrbyCDSmQIJKRQlSimlAJmesEyt1VGncbSMqbVKajkVgcJ2klhGUdTXTiVARRG1gKu6RgaBPLWp1hq1lwxhsk3DlOkE2ekk5czWAhEhm9A0ZSja1LCtbGN2XVf74imn1txaIremiFLrbNZT1Fq62Z5CUUoJOVBEYAMmoUQtraUopavCblJEVW1TmzzV2pcIVDLd2iAhlaIIaZjWwzAGjlq6ElIJaZrG6Oqs62vpoI1j6+f9fD6fxpwywaCQWjYXRSiiSmrjOLap1kCKiDSZY601ogDGxZHClrAcjSwRpRYZimwL1a6O45S2ApvErRkcimkaSUdQVC0ZSdS+LyqZGQoFABGSLEhUQyaiKIo9CTKzlC5CzRNYpQhjOzPJolIjJlwVFi0zG7WE0DhNtqapmQxbWFFKFJGSQ5HNDrcES1U55XK9zKnVUqJGCdnpjK5qWE85ZbbWnLWUEoFDRRExjRNERGRaksRE9rVD4cxaS6bHNnW1Wm7T1DKdqIQicmotU7KkcRoyUwgYh6WiKOT01FqRVGuULsJCighFKVKp2ZqEQplNjtYmoeZsrWUmWIqWLUqpfd/VGkRrE6RKzZwkhWKcplq7WoOkhCw7bWE3J6BSyzSN05QKsBUlp1yOg90Wi43GNI0tSqCItIOcWss0bZxyNp+FYhjWKIBaKuFpGkqprTXkWntPObbJIKlGh7OWYghZpaZdQ6GQHCoy0SkURLrRz/q+dm1q2bLUKiHSjWlKWf28l0kniq5W25Zr7Qzz+azvu5waYGNbRRZKLJciFSnCSZJtmLra11pQSecwDLWrpXbDeiW562clIrOVT/zojxinYWqtLxGKxMh2m8ZREXXWtaFJAMvlUS013ZbrZVGNUJSotW5ub5Ra0hqmBg2rFGqZzfq+RNi2SiQ2lubzbpqapxa19P2867qcXGqpMI1ZophsU1ooAlEoo5uRs9ll1s9Uq0I0EyY9ZdbookabMoKcrNB8NhvGwanZvO9LJ2WhtmxItas0Ry01ikqE3MYpqrq+r13NzIhqWxHC4zhlm2qJWmtEGCLCuJSQBFKRpNYSUUvpSrGi2aWoUFUopZSiw8OjqCWzSZ7GBupql9nGYco2tQm3qWVKkW0aWlsPa2cK1VlH0+QWUcZpgOj62jJrLRjbzgRK1FqLc2qt2Vmj1K4vRUUi3Jx9LQqNLYdp6GrX13BEjUIAoVBQokhmGMdpmiCdbRrX07iSwqmoJVt2XShValdrbc1RKqKfzci0iQiFWmatEVFbjtkyQulsU0KbhlaKptYyM91C4eJSCiq1q1PLquhqGcZxtVqpRldKiRB2TknKdhoRLi2niOpEUlG0lrUrNerUmk1RmUZnyxAo0k5Uokjg8NQkajezJyNKKSGszCaVEEggJZbSTZCTFVKpYWSilqoiREh2ihKltYlwTkQQUUvYgMIgq+uK0yphO1QEttu0blNKmWkYnExDs6xSapDOGiVCwTQ0t6lFUVEB2a2o9LVPt3GaprEpXEsptSAVyUAQpUSoRg0UtdQoU0vIvvaqhdaSLLXgbAmhwOOUbZhUo5RQERRna264TU2AsxmwiVDI0Brphhum73pJSoPsDAVS4pwmkERIUTCQtJZRZOyW62noUKmdQsJjaxGllIDI1iJVagQxTWMUAdnaNKXJKFK6RAnA2HZLbIcFObUgomicRpkiRVfakMa1Vqu0cYp06WOc1k5nOqGU0vd9RDcMa7DtLrAUKhGEaS1ridJFUChEZmt2ZJFKlMxmC8c0jTQjRQELaJnjcq1S+m4WQl0pteSUte+ciW0kp6GWSoScUCIYx9FSLQG4pZ1ptwZOJAW0bK3VrpQo6/WUzlpLrWVqKVmUcRyXq2WJKNEL5dScrZRSSkzZqqWikAi7eRyGnFq62diRbgo7aXYRmaSbE2OhzAwhpNA4TuM41Np3UZwmGFbLhK7Oag2jnIZxaoFCkqx0REnnMI5d7UoJVCLUdzNJxjm15iwKO4c2utkphCFKpNvUWolIW5IkgRVOyzJERKmViFpVHGki1FqaBKbWCur6HqQI26aFldnsDAtFiARnRikoQmBKqaCIUOApa1FKuW4ZOAmBjaldyTaBnImjOSWVCEFLY6DlNBnsHMcJ0iakEmWamk0qA9mZZFWolKKIGoKqKCKnEVrt6uQsKulpGseGVaKP4jQhRQClFNSmybRcr4dC1L7LljnlOA0StfaSErBAgdIWRC1takK1q7WGyHTa5NSmnCLcdzOF2tggIzQOrat9iUIhJ3e16xeziCKViBiGAdz1s67UZlo2rAZVImToStRaSlSF0ikIIgJnrsehjVPtu66r05R2ZuY4TpaHYSIzumIhJBEqtZQ25tiaRFc6tymhjeMwrIb1utTS1S4k0pkuEaXWYRynYYxas2UJ+tliHMZhPBIlCqV2tqf1ME3Nk3G2lqGQZHKcxmwuUZBzSkLhaNlEMY6oXdeFFBGSah+hTtitTdlsBKV0s1mV1dxK6UvpQ9PRcogoTG2axlk/K8I0mpMoEUCJgtyaMHZOiaIiFKqlE1ItEZKVuESAFRFBm5pwSCbG1fLoaNl1NdMtHUFRcWYgIrADCYxDpSu1hFprQpIialdiShuHHVGE5Iy+umXKodKmlmRf69TsyV2tLVRKZJpMUdbr1TAOfYls2VIljO1QrbWUImNrViuK1ThERCWS1ty60rWchmFtQmiahmxTCCNPDanUGkUhRYlpbFKEwplGkpyW6GoVWvR9y3SOs34+DcM0tvl8ESEp0haU0ntqY7auq/N+5gQ8ZVrUUFeqbUVEdK2lQiKiKJ1qjNM0rIdQ6WddoNL1IterNVFKraVEqcWZ4ziN4xCBsxnaMDa3UJRaWmbLNp/Naq3T1KbJfVfHNrVhjBpy9KUjlEMbp/V8a0PWer3O1rrazbtqeRzGUuqs70QM41g+4SM/dCQrERFIJco0tVpqKdGmxFkjEk9TS+hLjVpCwjgzPQ1jC8eYLbOFVGrM57NS6jRNbcooKEogSoQwpD2sh+V62ZdOReNq7bDJlk1gM0xDlK52oSRbmlwPQ6BuViOUpiok1EWhKDROE6hNLUqRkCRJaFiuJWazHiuzjZ6yIdKAZYPCpKGWWS2l9n2mh3FtZ+0qCGne9SrqagdqU8vMWjRNXi+X6Ww5pV0jgKlNCSVqy0bSdaWvpTWGcailli5apoep67uxtWka+77HKkW1dsKU6GqxPU0jdqmllr5UdSqmgWpXp2GapqHWWhXjNGYmUbqukLbbOK4PD1fKEl2ptZYS0zjabVZ7i9bGqKVIiiihYZqCsDyNk2yMcEJXe0f2pfZdJxUZUZBUIkSppaikKaVIMY3NtkhjSUWBspTOdmYSERG2nG5tKrWUiNqVKFEVkkqtBLJsuiIbTAQgpzMnT2lFTi1Cjgg7YVitWmaRImqtFU9d1w/jtF4vu9q1li2zRlHI2WopKpqmVhREqBBIpUu1bKbllJMzaxRb4zBgIgJJmXau1su0peJM21PaY1NgkMPCBG7j1JwtQhFRolBDNk4hmxJhZ2vNkNlCKhEICUk2wpTIabTldMNVUYKj5bqNWbpIIyHCmHREaTkO67WoEbYt6Pva1RmKacqUhWsptetlEjI9tlGEZDujlkBjm8axOTMiSqngoEieRpdS+66TEVFqZGZRCBn3fc0E2zjbZChRIkgDNgiB1m0tKUpRhA2ykEoRxp5as9Oo1JjGKTMx0zBlqO+rwYFHS5RSItTshmuppdY2jghJU5sgM53plp7apChRQhERGpvHcSqh1tqUk1AglZL2MExWK0SKEmrTmGRLZ5tq1/XzeV8Kma21o+XhsJ6iRikVKZvbsBZlyiFbk3DSsik9pZ2NZgelVJuImNoklehKV0qm2jQZhAmHVWpp2bKlHCGlLWzR1VpKlIhSiizCNYrAooSkEgpgmiZnKkSJTIciakhWlGwWLqVTEURRpIlwkRRRSg2hyNZAql1pdpvSslDmNE0GokYURURVTbcoJQiDIGqZprG1KUo4syWlq0SRVEoNRHOGbKZsXa3dvA9FIJVAmUaoRpmytdaiRNQSEWHZWWd9rV1ETOOYbepmfSgyp4hqUpSARkPqSkkQilIQSijKTCkCSZRShGx3JdJqzQSIEDZIYUUNQgKByXTDhFBXkSRNbSKboOEQpYYbKYkSYppahCLClmy6IK2gRpRSVUoJkUiBnE7AJlu2nDClyllAEapRIjQOo0mStEuNEsVpZ2ZOrTmNZTtlpLDb6mhJSCq2FaXWkFW7rivVDrBlIsh0Ou2u1HRiKJHZQphIA4lDBdmZiQyKLpRqME2tRCklMELZWiZFkSApIrrapT2NQ0TU2keo6/uWDahdMRSpRldCIYaptTZmuqhTOBBQS5kmT9OIcMuEJCUFmqZEWUppmaEotRakULZWSylRo5QSIanr+ihRHEJO7IYZGMdhKkWKMmVKihKyjPsySzKbSyltbIYapdZqMQ5Day0kQ2JSs35WazeNgyRJASo1c2iZfdeN05hpnJZKAJqwW3Z9Jylbs4laSsgCUaKWUoZhOayHvu9LV6BgFKKGLEC1CFIOZ5SIKBHYxpnO1lrfl1I0TRk1utlsai3kKDVz6rteUpSCTaGgIEonRk80ZZZQKR0R2ZzNXd+vx3GcRoRMqRKRQGaDUhQSCLIoFJEtM9yVMLJduiJIXEKlVqGhja0ZCymn7PqwJWjkOA1dV2Ybc2w3tzbZ7munEiFK30sRCtvGoRCR2dKUEtM4ulBUIoSwXUpJUmmFZl1fayhUokg1RChm83lriZVuOHCWvs76fj1Mdiu1IrI11TqOw3q1nMYhVLu+G9bryTnve0ugiGgtnUkEYlgNUilFtkQO43q1XLdsXe2illDgHNtUapU0TTmO4zgMW1s7KsiBtRrWbWrpJFtrUymlq31RTJkmS1RFiJKZw7BaD4PT8/m8RjR7nJrTJbKb9YGQu1LXw7q1aWtjo2W2nGrtuq6qllK6cRomNzmcBsZxWg9DjVI++iM/xC1rX6MUu7VMQand1Jpb68pMhdUwWcy7HpEtpTDZdT0qUxsBVRVqRJC5Xg/rcY2tohLFxs0lSu2qndlcuiih1ozpaonohFPIUil21lK60ikUpSqKFLVE1JrZ5FARTYntTFuAok1t3tcE41mp62lQZJRS0DCMy2E5DW0269uUihJizImW2G1qiaOWHCdItwRsNzsUrU0tbRBM0zSux2EaaCBFjVC0lhEBgERIVkTm6NYoxWGwImga1yuTXd8jVQWotcmpEpoyay0KTcMkyWmRtVZFQURELQVwupQaEThXw9hH1L5OOQyroU3NQsUbi3lXa8tJJVar9TSuo5RpmEpXIlm3MUwpAWlUFELraWgtI0LElGMtXdrGdiSmQLqglFprw9QipBKZ9tRGT7VUT2NrzVFyypaJUUhSoFpEEYq+r1bYjcxwUbGiKyLTbRxaYrdQgA0lagSYKUcZdV2RInq3qTm7bmaRbgjjbBONKNU4p6ZQIEXUKInaNE05RoSI1lpEhIQpXTFZotZanThblBIlMl1KbZlFypaldn3tkDJVihSOqKUEopQCCFlIKrWDBNUIIqaW0zRGBFImESUCW6XUKNXpEiGYTAkVBcJyKaK1rp/ZKChRat/b2exSi+2hNbKN42jUzysKFKWGLZw2AtshgTzm1KZSYrUehvWEJ6xQlKgo29Qym4JSapQytqnWUNTaRa01QpmpwCFhlRKqpRRBhGyFUAkVlRLZspQIIm1JtkmrFLc0iXHLrquy3NxoJQqEjGrFFpFk38+6rsiKUgqa2oRkUg6UQebUWmbpSlHISqufVWygdj2WMxV4SktdLbUWAKmUGqWkM0IREVKECNNAUSOas41NUt/PjCM0tbSnYVgDi/kCrJCNJQJFzGbzIKY2uTVF1FJqKTaohKi1pD2OWWVMhkQzNg6i63oULdM4swlKjbSnaQwJQiixMTQkB2BFlcJp0GQ3mhS1dgK7RUSUKiHLLaNE1EqbSilSpDGOKFErTitB2VKyjDObs2WTlOkiFCHARiWKhGt0iWVFDRIgoiB7sgpdqSYlYQNR1dUytWasAKmliZDMmKWUvoQjnBOgiNaa5K6UDIciooAzjaQowjSSVkpRlCghnJMVAkWJgmQ12c0SkgSAItLGGV0VzpaCUtTSKhERmU1RaynTNBIqEYCz2batFJEk6bRcFAr1tUdq2fq+TG0ax7GEMMO4HseplogIlRKKyS2cLZ1kCZVSRUk7JBVaS7AUtasBiYvCgFAytYR02pIz5UyTmSEy05mBShRFOTq8NK2GvlaFaGnboEChcRxbc993VRGlRISdxrYjSt/X1tKEgjY1p0tfaVm7ajltIYzcbBQO1SgyNjYqXa0RpZZCJHJmTm0c1xFVok2TbWdiQG1qza4lpmkas3WlRi2t2eEaBZActZfITBSIzEbLiBIlpnFyZpTitFSiKNDY2jRMpXY1ipWZ2ZVaujJlrlbLMadsLaQmd+pqF86YxtFQu1Co7/vaVeHVep2AadkElNJ1tet6KFJitTZGqp/1pUSicRimKfuut1BH3y9khmEYprFEqaWI6PpOUWiJXLpuas0tjYqi2W4WQloeLff29iLqxnzDLq2NCo9TwxDRRWltXK+Hrqv9rGtja2lnHi2XshUiHVGcbpluVqhImJYpu9TA5NRKiaAYTdPUWhun0SRWKFQjrHSbciJVQgphau26vu9qJ7tlw9RaJYOlqii2kySJUhShUgRpt8yulJRbpiRQywRnpg0SzlDUro/QsFxpapRZ8wShKCajdFWByFSUUKjWImm1XJaIUuvkxC6ldLVkYqhRcpqmbLX2klIIiBolQrIpXRVOTxG19l2U0vd1GppJSRFFULsOk1NmtlnfR41sk0CC0Hq9Nl70c0nprKUEGod1KYVScpwcihRFJYqitGHMdDfrnBrHVSll1vVTa0q6vpdUS1isVivE9uaGACQzTakih5x0tSqETYlaK8ZitujT0Gwy07PZzJKdJmbRWV4dHRFlmsa+m83n80xbzPpumrINa4eyNSJmXV9rCal8wsd8WK2ltcypdf0sotrTNE5913W1WgBOSo1SqqBlc2tS9LM+YDHfkJTNpVK7Hnu1XkWU+WweUUhPbapdV2vJNq3WY0RsbWzO+n5YLW262iUTUrYmUUpRqWSbGqvlarVedl3XlUJI0FoijdOgKHJmcxtHpBJKZ4mKMlQUiiiZ6vvZ0cHBpf2LziylLuabSSPpZh1GeJps09c6TW0YBydWltpNQ3alqIRNaymE1No0jhNqi43Nru8iau07twRFKeCQbNcSrWViYRoREm5Tq32ptcvMYRhQ1L6qhKG1nKaxjVMbW+lrjRK1KqLWIknNinB6mIYSUWvXWmajVNW+tMxxPeHs+r7Ou770tXZpT+OYY8vMEE7bqISNrNayBIoOY6t5EtHXOk2tVNU6c07DMEzDGFKUiFK7WoUoRSGRKrWgnFopEYquxNQycQmVWmxLpevqNIzjNCpKLSUUzc6ptWHEoVApVQgFIiIiyrAebA/DQNLNqiwFkiIqEUCSbq12fe0ipGmYQpqa063ve4pzSopKqSZbmzBJ2paRwzlNUyullmDK5sy+9jKtteWwdvNstii1TOsRqUZVUdf3pVTbKoqIWvoIGRKLiBCiBCJANZQwDWOUUkrYhAiVdIOMWuSQDLQ2SURonJrdUBTJWHZOTqvvZ1FKcZSuDyEyCCekBSq1RildKSoCCaGWk21CUglJgtSYU9q1FmeabOnM1s9mwomj9KWKxJLSOLNBkmnbxkDUUqM0GztBYFuB07WrpRQ3t3HKZpVQEIKIEAplc8tJIkoBZdJymrL1pS+14CTIcQRKCTmi1jZN6QxhyDSili66IGlTy5wUpdZuyrSz60pmtGkqJWZ9ZzdnRsTUJnDXdaEiRa1FgkxUwEjINWpXS8u0myTjsU3drO9rB7KBrKWv3ayLvuur0Dg0wrUUSKwoTK01pwhkKRSKUqpwupmpTcihaE6aiQgkqH0HmGZRoggLgLCTVBJSlJhsppZECJLEEumcWms5yUSqdFFKtYiogmmaxmEythxRFKYUALJNU6YlVEoonLZFECWwHASlK2rZZNWugterYRzGaRojCiFj4xKFdHPOao1SMFJBCmiZssAoonaZkxRdLUg5WQHmaHU0jEPfzWxPbjmlQiGN63U2R1RZzTkM6zGnGqXramKhUoqTriu2Mt1a2hlRCMjMtEKKCKLZVRGh1tLNyKHaWkPhTEmhSDIIhVAIbEISSkO2RC0btlCC5DShIks1ZGU2gxSAnSGlIUGY6LoOaGNrrRkAmXEYEV1fohabUmpRabaEjeWQFNGytaHVedf3vRTj1Fq2vlaVElFKiQg5jTXrayklSozD+vy5e1u2fr6p0JQmp7G1bK2UGl3pu5p2piKilGrchhYlotTaVUBklFJK7brq1lp6yqamCKYpWzakiGomAaiWTjjTQFW4MCxX4zjUUlRqCTudrU1uzSCmnARBZLbJHse1Ud/PSgSWIkrtI4ptZ2JqVahM4zC1LKU2W+GIKKWM02jsRAlFzrQI0kQm6cwEmWbbUSNKKQqLTBSWkcLSNE6lFuyWWbt+Nu+b06BQSNhtmkoRilKkWqNE1/VpyNZkMpHalDhr7SGHaaql9F2NWiRnJjBNU1GUiJwmBzUqZGspnFigUBddv5hFKZ5GY6mUohAtM2qBaNm6UklN2aZxmHKahqnvu42NDZvW7KDWms5xPbRxMtCYzftEklpmc9Za2jRO09iaFQrF5IbTSdppJGU2FF0ftRShWkraUzYEdokoJSIqcqYtgqilYKcoqLVWQ10/ay1ba+msUWvXSSE5ImRHV9qUUYTchvGuu+46ODzqZzOZvlZDLRFomlqNMrY2n89AUkw5DesxQkS0NkpSshpWdgoIUOm7kEJSRJWkKCWw7VBYBOOUG1tzGpadatPU910p3TCus2UNqQjTdVHrotQyDFMzEbWUUqK01hLXrquKyTllS7vWTtmmNhWwXGrtul6KGsXSMIzz+VyB0yZby8xmZ5r1ap0tJUWo1ALq+74pl/vLlJ1urfV9Naq1DxKopVssNrDHcdVaU62ZKUqbWmuNVCl2WqpdF22awHauV6v1et2VrqvdZA/rVdfNN+ZzSa21xOWTPu4jaymZymwlSt93y+W6SN2sy2bnFFFVoqi0bNPYCPfdLKoitX9wME6jggg5mdowTlPf1X7WZ+awXA3jMKuzWnuRq/UwDKtSouu7cRxX46AopWhqrU2T0wJFaTlKXbZcjytnzudzi2E9KGykwEkppeu6KZNManEzOEIRtRRNjTY1kSicLUrM+llEREDUUt1aHu0fSjFfdCr9xubGlC0EKl2Uru9CpFAmVg2lc1gPOQ1d120uNqiSMKEgmxWIsIypXc3WEvrajes1oVp7O7FKFIuWmc6+74KwXVQiKLV2XR8REYoQRV3pcDpzmsb1ODpTCoQUqewiUJQSaWrtaq2gqg5ZJtvgTNsRYYVbKsK0UrquVkJTc2aLYBiHtOf9rO9nUQLU2liqiqrlqCGHrCQbDhRdqUTmNDWnm1vWrtg4qTUUVemhta5WRNqSZBMC2pgURa19VxwCGvbUpnEsUUSO0xRyGyeRXTczslyiEEHabnba1BJgqZTaIUcpIcZxXB6uo9OiXxTFar1erZdRVCiGWmTR0uD5bC5ptVrbuCidNovZrPa17wpRxnF0m6JWRJpMh+S0pKmNFrZIl1qQcko73JoEUlBMSwiTaZXwlIkJCjZuTjsxETI0WwjnMAzTlEJ2WtFFBU/p1hoQxJSThSBKqYqoxeB0wwpjUESNGkU1sCVFCSlqDZBxja7raymlDdOwHiX6vtYoiuI2pR2lgtJTRNTSAbIVykQIqWVLlG7DejKJNY0DmaWvUeo0jpJK1BAiWqZbQxRFSnJGKaDoKsJOBdkyUSgIhYxwy5ZpwBkqJQRy2uM05RAq875PWRYCaNNokNSmZlNqV0rFNpaK5GlqmZ6yYYoUEaUoFJKMCJcSaTy1dNZSkMY25uS0A0VEc6oEmePUEne15JQtJyYb7LRdUJK2ZdJtGFtrkyK6WmvXF0WqZbNDUUKpdEtwy1AoCmlFmMQhKbriltlSopYwEKV2FYxVouDMTEekIBMRUuJKECB1tYZi8hQNZ0s7TWYDZKUzQqX0gUICuzlKRKmtTba6rpNkEyHjCJXaRYTTWC0z29AipmE9DAPCtqUapeUEoVBOU2ujnFIxRjgJkc5S67yb28227XRWhYVUal+GaSRzPYylUEqttWTzMA1Oz2b9NLVxHO3mJG2VkFUUY05B1FJMmoworbV0dl1nIzUR6VZqF2KcWqFEIEVmKlRqON1am6bRQVW0tIioalObxuxrVVVmVinlTAUxtamWWqPL1hSKSkQRzpzGcSKz1CqFQVKUMo5TWKGwTLYpWyhKCSncMu0AgWoUCQIspSJCxW1SjRKyCav2YRSwWh21cSi1dLXvuz5KqREosrnrZrNZb7kSLY0yEGQ6Jfqux86cFIUkc1KUaWytTcg2CqJUya1ZuKvFaByanRFqznFYSxB2s0Ch2nel1GG1pkgRoTASZJtsRQk7MUpPrcnKzJBaa62NitqyWZaiq5Ww7SJF1+XUaqndbNYmT+M6KKWWUmsJQJmjiH7WA2lDq6qqUWsNwtlAYGhdNy8lUokNLrXm2FbDUKUSpdbiNFBqmdo0jgNICimEbU1tShurlFJqLVGTdLoEESWi9l1F0VrL1gSKGMcRKVtTqEQhyJbZEhUn2H3fdfNZTlPLVkqJkCBKVVEbRskqUUqNYJzGOuukqLV0XY2oKhVYD0MUlVqCgMx01BJS7bq0S4RQG6coSiegUmotJUogpMC2ukpQQlGLotRsNpaqM3OcSql2TnJYklrLqQ0hIYxLLeHIqbmAo4Rtk7Sp1VpEZI5uRoZo06RSQkxTwwY7vXN8p5QA3KZsee78+Yvnzm/v7CjoarXqOAytTbXratcXyXYpnSIkuq7WroxTw62WakXpYhon0giFWnOtJURrDmiZtp20lv2sb8k0TTllqaCiRtfVlrkeVuvlKluTotaQlM3T1KZxVMhomsYgMrNIKgpKw0qlXCJKKZIy23pY9X1fSm3jODWHJWhQSild18+7zGZnm9qUdmabGjW62vW1gFq2NCXIpEiKwJl2S49Di0Lt+gJ21lJLLeMwtpwWGxt919kex2m9GhzqahelCiSi1H5WJdbjehymElE++iM+WISCEsU5tSlni341juM4ZqZQhEr0CuwUOLOWul6thnEcpqlNY9/Pi2rLcRzHrtQ6q61ZYhyn1qbF5qblcVj3XTffWIRiGIc2TTVKqRUoCpWIUK2d7XGYahe1lPls1vezUCSZ02g0tbFG7WbzIgg5TWjWzcChUmpZr46cIXkax34xL4SDUrtaa993U2st3ZUYhnGcpq6bdbVOOdYaYY3TEBGllGw5ZRbFlDmMo2Wap9Yi6LuZamSzTQQBzao1IkpEKRHNDUpXIm1CfTdThFrDECYt03Vd33WYySm71HCiUkJy2pBTG8fB2ArDOEwKuq4jQQYk9VHGcRrGEVqSmZadyjYNLd31ndPjNBWpdDWKnC5RJRSlketh7Pq+ZXallFl/cOlgvV6raBiG2XyLCAiiCGRZzjHHNs1qN7oN4xCKLoqi1FogTEbT1CY7a61kC6LUgokapCUVqSu11KqiSLeU29TI6EooUkzrseu62XxGLaGQkKSo4QDbltTGllPLCLvlNE3TGFEjSstpGIdaKmKapiTnXV9KMdhpUxSgrhagjdOUU62lRmQa1NUuSnVzZoJtdRE4MREhrFqwh3Hsaq2qEQi1TEC4ZZOwkbIltahEmTJzGIZpKLUUl4bAoRABKUJSjZAis6lIimmauqiKICdTx2lsbXI2pGxNqehKV7tsky3CIWFPU2stES2TJEKZDdtQazG0NrVxSLLv+lq7sU2yo3YRsmU3VC2cKVxrFWQmmS6yyRylMDgb6VKK5FJKTm29Xqfd971wNkcNG2fazlBOmTl1/ayWmBIpay2lVGGbbNkyS4RkN9vZlT5KsY0YprGWaC2nqaWzOYX72SxU2jQKbCQropSQIluz6LuOzIYEQJvaNE6WwQbVCJGNKMVoGicyHcJSFClqlIiYplZKRAln2ooQdiLkGhFRopZEfa2KApSuU2ia0pmSUDjAqrWCQiqlBGS6KyUoE00OSYCihGyMEzyNIxFdqQZjqdi2rJDSaWotobATUULY49gEAgsFdipUSnU2pxMjklSmpVnXm0hnoGkahjbKEVHsKUEgq6td7UMpFZVaqjqViEzbyCWKQibdWgQoutqVCDIjSrYpoma29Xqc1uPewUE/64pqZkvb2frZvNYKnkZLTONkk6aWKKVGLYKglq7W6DKnoCulOKfEJHZGCEtVRSEwjtrJSCJwElGwsSkhka1JpUQQEUGbpsOjw0xLThAiUZAt08IGl6KuzFqbWssoRSXGaXK6Fkklx5bZatU4TNFFhIZhtCXbUEpByJRSpGittWzK7EqttUuUbZxaG6dGUksBEYEtQpJKFIWdmQnU6KIoc2rZikOlOlu6tUlWutFayzbN54vFxkbKmTZM40hEP+uFEkkUKa3W2tQmT00RpXZjm9qYIsY2lCgRMeUgSi0lotrGhEIRUUqoSG6tlagRZHpqgwlUur7W2vV9LzGsh2xZawkUfZ1FidpNbXBzVwJFa1NV9F2nEpgomlpmG6uICEme2tSasKRaCsE0TqAS0VpTRNf1fVelyMzmlAOVbE5cQkFVURBBWEAgonTZ0mQgFLKnMZEiyLQF4JYtp4hAUYgopdlFoaCrnc04DbJKlCiRTuyuVKfHNuWUFq01SYgSRbXm2IyihIJSKkq35qSRtYuuliRtOY2otUxjDq2VKKWUYRxJq3Zky8m1FCPhUBQiVKYcw1aEpNlsVqMkFEXtu650UWSQbTejru9lLHW1Rsi2JAUIFMaKCFhPQ4loaeRSK3ZO49haKaVESGXKVmqxLaKW0tJtHDONlBiMkaI5CUWETeZkFAFJyylKqV3N1opq13ezjcXW1iaproTTLYkoq6MjBVvb27UWrGkanFPLnM36kJtdahcRQGZGRJQuG4KGmbJNLbOV0kUUN9vGRqXUiNCwHmyVogit1uOwOur7vqu9VfraIdJTWthRS9d3ERERKkVB4r7rhaZxiOhIokaJQqiWStpVfe0UkTYwZStRagSQTqcp9LPe6VKiizKMrShKV0uJKBUcJUqUEmHTpilxp0JgO0rJ1sZxLLWTXbq6mM2joNTUJlqqKJCbhnFEzGazoU0CT+77ruv7qU3YXde5ZabbNCL1fV8+6kM+ILOVWtO5mM9d5KEdHR3I6rraldqmycoITc211tJ1maxXQzq7LmqdlSiEW2ZXazfrlodHy+WqK1VSiSi15JTr1dow72dpjdOA6RcLoEQg1kfLllm7CtSiWjtFmabRgHIaBytm8xl2UVWUMadxmjKzTa2bdSVKKcX2OI5FqNSKUkhqrWF1tSulKgJblKixubno+16ljMNwdLiUikkyIyoU2zVCUTC1ltLN5ou+1mrjzBKlFA1jC0UtIQqScJSS4zROQ5SQFBHr9dLN6lRKkUTIaSSFjJ1tGtNivR5kO20spLRRV2ubJiddCQlqCJSOiJCytfUwKhAlFHJSIsdm1NUaoWG58pSLzXmJGJZj0rq+zroZodmsryVMlFoCDcO0Xi+jlogSouv61iY5a+2Cos5BtSCz1ChIilJLKaEoQCm0KZEiiiL62qVpNmSESi2tsR7XwlHDrbXJKSkkCahREgs109caXe/mKZtqJzIzJVlERCllGKfoal9KjX6Y1oIaERGlllDU0jkTedHNVDSOY1dn83mfNnaJmKZszjSSIiJKLeBwgqFly2zOqF2pXZcEtm07SY/TKBzRtRynTISnjJAiatc5IO0WxoqSmbYjihRd7SznNIVUSyVIOxTNjWa3aWpTUBSgiNr1pToEFBG11L4qmbI1Wq0FK3MSLqVEFINtEaVIyZStZQoRJYjWEgxIxRiU2Uqt/bzHam2apjEzbRWp5VRKITSMw7ieur4ipqmBwBgyS1drqV3pDEdHh30t3azHQqEqN5arpSiSSi21FIGiBGEnKG3ZoRCyM9MREaFxGFBEKchTtmxIUoSdKiEJqLWPGm1qMg65ZYSwotZaypBZklrLMLb01NVaSghKKNO1dAVZKL0eRqcl0g6FpMyMCCellBKFIEIonA1ZuKVLibDUFUltyjaNoZK2FCUUIWPSUaoCqXS1RKmtTa1NLS1JCkl2llKihKwSJVtDtNbGsZXAmRElIjITTNo2rdkmVAIpbDenQlGilsCSTCibnaSzRIGSLVtOoVr72rK1KUsJRUEZUoSmTDdntigFVKOIUA3ITDWMKQoVy1jKlhBRaS0DSVFLt5jPSimZmVKUUqMkDOsRZ513XddV9aoACtxcI2qpU2bL5sy0iwKlxNRymtZyiaKISDeIUsNytgRFKbWEFJnOdPQdVtTizNZSCknZkhAicZjD/cNpGmrXIeE2DtMwjqXUrtba9SWiVk3ZpvVUSyk1UmYaTRhJFq59F0huNrVElGjNzVOinKYICSEiAllSia6WWmuRFCHTilSiJi61CLJh0mlFSApFZlNSuk7YLSEAGwI5RUyTlS59MZnO9bAGFwlJpeA2jmNEAXKiZdboal9ay2kax2EqKoQk2bSpEULKTMiIUmrpalUILJVSioJQmcZpaoNK6UpxYlul9F0liBIFoej7vpYotdYiInJqw2plkiieWq01bWwn0UV0IWOr9jVK1Kj2NLSx1q7WgpQmx2kchmk9jtMUpaKQAJDa1IRQBB7TOU7ZspQotYbkTBERxU4RkwfTaKnoaglwomxNIRR2llCJUJQpc1a7RMNqJUlSy4wSoch0nZWgRi2Clq2UADKzTeN6HLuuJ2xSKCLAQpIEtg1djdrN7ATIlCIUDWa1oIolYVwiGrbTmV2UFLKj1q7WiEqAyJaZ2XVlmKbWMkLDMGHVKCrR2tQyI0q2ZpCVJIoISVGCaZpUSimRput6Zw7jRNJ11XZma1PWUkBRwqQkEiJq34Ft22kDSMhhWcEwtRoREZmtjVmqImpOrdRaFECNKLV2tYoyjYOI2nVAqZFWG8fa1fWwCilNKTUiNra3tnZ2sk1RuinTmbXra41smW6hiu105lQiLDxlYoJa6tSajUK1741by1LKlBkSCoyilBKl1KKwDC61QAm1qNHGBJls9nwxLyqr1VG27LtuNpsFNcLjMCJtLPr1MEGLCKxUGs1qj6J5msZxGKauBkghwZiTs0GAbJfSEWqtla4vYSdFciii2okTK8laStfVls0tMyfjWrpSSreYlYg2jq1llAAv18sIkTFlmy26vusS2jgUdRExW8yLInNqrQ1tGocRUWpfQk6XT/64j6q1ROn39/ailGzTarnu+1q7PiBKEDGsxyili5JupdZpnGrXzbqu9vP5YlZKGdbD8mjZdb0hKAqVWkuJkKY2qKhEmYb1lFlCUaOlu6KQigroaLWadTMkQ1FYWg2rbKkwRLbW913fL1rLYRqn9aBQRCmAyMw2TtMwlVCtnZ2B1GkakhIQshM3Z0i2x2ms6rqub20kJXkcxq7WvutlqetqUZqGuwgJSImgUwmgMclE6Wy1aTJSaJomI4KpTTbZjBmnYb1az2ad0TSOOU1tylk/kzy2USkD4UrUvtYS62HVpiZFndWu1ma3bKBZ1zc3kihlbFM6bVuUElKoyqTTkt1aKcVGtGmarKi1BF6PQ8uk5dqTFJkOFZQyxlVl1veL+SakU+mWdq01KE1ZMlRdorbMKIHUlTqNTaIly9UypFB0XRdRh2FlqavVUEpxKMcEt7EJEdFamzySFKmWLt0khNrYSoSitExnw7QcRbU0jENEkYQR7kpxkGlQV7uMOk3rUC01kLpapSK8Wi+nYSpdZPNqtcz0bD5TAQgVSaVIKsZhEKHoSnWJEEjZsqtduo3jYNtKoa722UaHlQGOKFFriVBIAqxQRJRS2jQJ1dJHLRFyS5XSdzWNM0PVNEwpgWk2Qa21RI0IBeDMDBUULdvy6Gi1XG9ubdco4zCoKyJsI8kZEV3XSahEdDVsRem6ztg4otRSAOxAEQqiRgiPUwuFJGdarqUTysw2tSgq/cytYWqJZk8to6pEzVTIq3E1TW2xWHRdJyi1lgiTmZ4tZqXEMEylqNSwyWxSEZ5a4jSKUGa2zK6q1K5EUditjcMUQd93tQRWiej6zgnOKJEtW0uDwFgwtqmINrXM1vUzp0FRa9d3TjcbkZmz+TxqZJoUzqgF6GoJhRRRakVjTirR0uNq3YZRXY0SitIywQhJcotSWmvjNBiKonYFK1sDS5Jku01TCDuNkUDTNJVakUmPU8N2KqqabGdOI9hGtUNSKAjsEqV0kenmVqwSxWIY1tlSIRMSCiGFQpZq2K4RpUSEhUopJklHjSjFbUpnqKgENiYinGm56+fCaeOwJ9tJJulG13W2bAvGNpKZBoU9tpaGZjszp1ZqraplXmopXa1919tuOUWEp5zaVPpOwiZtUFe70nWGbIlRKEpIUimZWWqNEm0chnFwRI0CLrVkKrNJLlEA5zSNjaKisCQbZGmchmkco0TfzwEipvWoEvN5X7ouSmCQSKkYYppGKdNqU8ucuq6vXU/SPJXaYWM1O4KIrhTVrtZ+ZiOQlFM6Dc4ks2XidNRaFBa229QMpaPrZrJLlSelW0SIcGicJtspFQklAMW46/roCi1xJgnuZ10tVZZIm9V6rLWvtRIQJZCVrdkoiqIUbETL5uYoEhG4eYqoIZcI46kNtiJIWxElZGctXUTYmUx97dIYOd2akWvflWC1Wk2T3SYsS3LItlSK0plpyJbpRi0lhaSiGMf1MIyCroucnM0lIN31JboK9F1HIQiDgmmcqFGKJOwkc3JGDRHrcR1IcoKR5JCcSIqIYb1eD8Osq10tOFobWmtWhJRktqy1FCmdoSLZdi0lonRdKaWbpmlcD850hFuO01BKpCVUu26iKUO1q12ppY5tIrPZzowIlQAvD5c4QYogKASK5eFRqaWWauy0pL7UvvaJJZkQNCfZ0pkQOCXwar3C7mazUvupjUGsh2F1tColSinNrQhEm9JuLRVu6yGdGVGmccCUEq0ZVEqIEl0EIVuhdCvRFcmG4n42k+S0JGOBLIiW0ziOIpzZz/ogptYCatenWlG0zLGNpLt+1rKN46RIU9K5mHXjOHpsQIlqO7PZlhS1TG2a9X2EptF2IxRRcIoYcuqiSrSpqSikFGRmtnS2YZpaK13ZmM9BmV6v1zbzftbcuuimqY2tRS2KwLZtR9f1NbrWJsCZzmw5tTYpFI5pGpvTtqyU1+uxRNSuA1RKrSJp2RxM60Gl1K5mttV6fXRwNE7r2Xyh8NRS9rQeyFBXsk1FEbU4UxElaA3bxoaQBDlRa4momR6mUSZzGobWl1q7uh6G1WpZVEstpcQ0tWFYzWq32NhsbVqN61pjHKZpGGt00DK0tdg8GtZuWfu6OlpN47i5mPddVQR2+cSP+fBa+2lcK0KZtXaLzY3lcr2YzS2mNklBiNZSUUoRmtrUldJ1Nds0jZk5uU2llNnGrCqaW+36vmqaRqeLiqKUvnS1q7UIZWvZmlFiZzPua1f7mq3lOBpJpZRARaUYakTX9cN6FUWL2SJKSaenVvsuSp2mwSmVmKZpGIZSigigzmee2phTUUillhinCcvYpO1hmFqbuq4vNRQVa/Q0jaMhAjtVlFPLlgrRvFqvh2Edjq7vbRxuOWZrNnYCbq2LLskokXYhur6zQ3hcT66lSpm5GoYQfe3TzWlVaqnTOA7jSkStJUo4GaexKErE2EabrtZSlFNG1w3jWEqttchNql2pnhqGiMD2tG5j54J8tFxi1VozXUtJt2kcIyMi1ut1lOhKXQ9ri8XmvJTO2VLuuk4RLSc1mymscVzO+n55sDw8PBRSIU100dXSpslWyiRd1yfYibPr523yNA7jOFUxW/Q5tWxZo6JopKF0kVNaCQVBJng+X0QJUIQiouUURJJkI7AYh2EchxJFoZbTMAw1VILVcpkt7TRElL52zV4Py2xt1s0Sq9RaSgkh2bTMNrbadSjaOCqQVQqZ2VorodZaOotUotRQqCgoCvA4TkEgt5ZVNZszXRSZdlKqIdJNQoIS2K1ZZEpKBE5CEBQVKeS2GqcQRKjllGkjchhGQ+1qqSVbttZqKRF1ytZFtJRJKTJdo8ieMrtaQem0PY3jMIylKELZUmAxTmNDfdd1pYwtu6LoSqDVamWp1HC6VkEh07jWIjtTbZrMaFxV5huzojKOEyrNzS2nlrXUEmqZXYkpcxwnSV2pJWQUIZWIEkEoVCOUshQSKm1qOKNUhUIlQnZO2WQpIgJDV4rJiOj7mZMIhCC7Up1ppFBRTFObplHgZD6ft5bDegCQa9cVBdgOcEKIJEstgbI1o9r3Ito0TeOILVUyo/QSrbWCIjpFRIlpPVLU1SqViJrZiAiYpoyoNEeti75rgDNKR1NVKsrE0JVaS2Rz1/WFMrYp00BVabZCpVYo2VpXa3ObWhNkuhSFqj3lmBg7QZJBstPGTkMEWCFCJQq2ona1pCkQJdKZUzos29nalIJSY2ptuX8Qob70BG3KpAVQZRtFoShkg5SZ2HYYwKmsUUMxZWZLRZA5DWNzi9LZZLYoVXZ0pZRqUigjg7DtdHNma1FEuo1jN5vV0nlMJCRF6bpaJFBODbKUrnRlai2dElIIwpJduzrrFyo1IHGJMpvNpMDITuc4DBLYadsoSu06SfN+Q6GWCS6lYmQTEtjUrtRSnQjAkE5FF7WUNNM0RimSp5ZFWo/jNGXUUiKQnHYQ9jSlqrra40aNGkUK7KihULYERRS7kQQepynTVUVFbsitZRMqteCMGqESUQox0ULqSy1d7boeIt0UIZNOkf2sx9HVHkkwTW4tI/oa4UZzFpXa1zY5oNEyHRFGKANTQsjY04hqlNqVWmq42ZkUd10fJQyBVssjE0FCy2FyupYY1uvVal36GpDpvp+VKC0zgsRk6WazlpObSymZxgpFiaIIZwNKRClFVMtFUaJQUNqZiuhK1+yIItycxhGRJtPCcrFbKaVNNoQUihLF1VIVMhhbkICTVIlAJrval1pVijMlz/sZIluWiJZtXA+11qglSoQCmIZpaq3WrnbFaY8ZXbHbalhzRbpEUSgzh2kEINKtqzXbNI5T6UqEMKFoUyul62tnW1ItXaklW5ZS+3lPGquEhnHELqWU0HochmGKEl3XRxVWJm6NiFoKWAqhlAFQ5piJMU12m9ZjlGitCXfdvOU0TOt5P+u6Cl6PjUxwiZLGbaqlrsYBRUHphEwjLALR9900Jekps+u7tGltyoYVEeGQyJbDMMp2ImSbUBRVFcvj2EpXshlUUCqyTTWim3Xr1UrpqAUJMiwhkwIjqWGKtB5Wy+UqRKkheWgTCcKSoU1Zay0RYxttaqklikqoebk6bC0DLZfLiBIKSSrFU0ZXRLRmm5ymvq/bm8ecaVJSUaHUrq/IsmrXD9MkuSsl29Ra6/re6RCllDalIrBNa9NYKCrR2iQpiqY22a1NSQiIKJm5Wq0UsVoejdMYICtqWS+XtSsRUWoM43pYrxJ3tas17FZq1/V1GlpOrXz8x354lBjHaRjWZTYrJXLMIlRLaxO4tTT0tTZb6bFNpYTtqbWpNezMlrZCWIK9/T3bfe3HKUuphFqb2tRKUS3den10tFyXiK5W1SgR49icrXali6qi9bAUlBrrYZWNICVla5a7qMZIEUqyTZNJRfTzrpYaoRIRpZRaJYtQFVNTqTinqXmidBEqCLU2TGOtXe26qKWUIjmbAUkKuYEtRWsTVkSoFJno1HUdyDLNobKY9REligJFlAiRWaPM533aONswLof1YjYrtYSiVHWlU5VUkqyl2DRPfTfbmM+QhnGaxqnve8A4qFFLLTGNnty6iLRLREgRUaNKHqax5RQoiipx4eKl1dHB6TPXTikpsRSqs64rPQqk1pKg1lJqJ4XENE52WnJrZIooiimyU1HXla6bMm3mG/PZfJZWUQHa1GyXUnBNJpQhGYcVtUSQzZb7rouIcRqQgpLOvnQSbbIza9cHgtZwiRAxTmMtJaJDllCEzJSTpaAohBWhqU2r5bIvdTabl1JDkSHbFAWhWrpakfq+LzWaM1uzszVMC8LZSulq6XACEIKpoZCwQjk1oJQKRpEtV8vl1FrX1VCENGUzxsbZ0lOb2tRKLUIRDGND1FqcZMtsLVuKYjJUxmmdEAoKRZEmhxFlSI6gZWJCs1pr181mvdPpJkWoKBQCYnLDVoSnCUfLMaGoWEBm4kxC49RIWS5RksQqRVIYh0jIJkRIpRSbzDa1JpVSK6QiiiKdIlSL05KidJmZmeM0IRWFITMzWyml63rSy9WyTa3rqo1wqdUt16t11OhrtZk8ZXqcphC1FNWKaa053cbJNXC4NeRSKwlWwJRu09jSoSCAiFpKRFS5GVAJZytRStRSi8Lr1VpYtc5qP2VzZpVUQhiLUpSoRi1RStSulqBlZqZK1CgtM7NFBBgVBYFsT20qpSC1aQUupQZhIxwEYhxGlVA6qpy4YGOak2xpEUBIIdUiEaKUTnKRjMZxkJS20qUrtXSlK63ZdlFEQZKdTitCIZUaxJiT7JCMIqJN2VorRbUGFm5WKKK1BqolpLBtQCBPY0voulpKbeMEVoQU2FBKqbgpVEopEaWUvu9DIjOKpma3JNSm0RDYblOb+q7vSgVP2QQQ2KHizLRrKbXrJElRIkopQZQqEzhDJUurJaTibE5n2ppCVQq7AV2ZCdza5ESqCkNRtDath3XL1kUtNVramZLAaZyUWjObpNm8L4p0hgLRWq7XayShEmHJ2BPIRNgoitPTNIaCsEJYxlEUkkCi9rOuVhGhIEAiLYhSCBWFpJYG3DJULIOdlkIoQiUEIEkgRSkh3LI1oLWpRajUrpQaUWxFqX3ta1FKTkBgjDARYCRP6RDCzkwrQqKoYCx7mkCZSTZFBduqXTUZKmlnTpkZKmnILApC2XJKN7JGVVREkbpSW2u1lNrNu66iGIahm81STQDYqhGKaK2BI8o0pWnTNI3Dsg2t72cKnNlygiwBUmZaChWJQLUUxDiOEBHYUo2c2tQaeNb1XamZKUklanSWu1JLrUEgBWRmikJpbiQJU7MzQyiilE7SmC1M1AIugMTUFDVbtnSEsqVAQaZbS0mZmZlFLiVkpkRFTne1q7UGQaYCisaxtWnMpohaOo3r0UpRUNaooWhOcOk62cM0OHFmlAgTXe37XsbpxFJVKFCtxYSdG4t513XpbI1sUyldDbVpMpnOCHJsFAUlUFggQdQiaJkpC6J2EXJrQImQQriUqLVT1FICaZpGm1lfa+0k0ulsdk5TS7ufzYZxzMy+7xCtNRspwolKtskgmLJlUko4ZGeEW2u2I5SNoeWsdiEkFFFK2EIKNE3ZssmqtWSjTU1FQsPQgFAohD3rZ10pEIQwLTNKKbUEysyImPW9hFv2/UwRcrY2EfT9rJQyn1UpjMdxPU2e9b1qjUSIAFOg9LPaldV6TSqiGGP3fT+um0TtulpKODJzuR6LZBJh7Nba1PquRleHcXRz15falRql1mqnKP1sNut6EmcTWq9WXY2N+WL/8MDZZvP55uZmLSVJCwWF0tqYzeOwKqXMF/NxtS5dVcTRwdHkqXzch3/o1FJIilpinKZ06/q+tYbd1960Nra+61XAINWuwyALl1JL15fQMI5TTl3frY5WhOqstJxKSHbiIErfr9fLNuWs77u+WIQ0TmMETqaW2OM09bWo1GE9OLOf9SUi0w1qKKVxXJcSETF58pRujlpqV2xLIQVialMmkiGcdF0hnc2lRo1ae2ERJaQkSdrUMpsBiCjpdDas9TBIql1VRIRKKVEUtbTWWssakYlCLbPhsBIlqaC1rCUiinHtKjkNwzRbLJxO5zQ2o5AIaEQpQLhELViZo6J0fdf3nY1M1Gp7msaxTdjNrY1D1/claOlxmppbmNZaNtdZ7frZ8vBg73Bvvrk1X/SlFCSFJI2T531nlalNlUjjbDgzs6UVYWdRRXJm1KIMy+NqFJrGnM/6WjvS4zgGai3TGQXSKUJIqrULImVPbcypRqm1i1BrbcoMxTAN2XK2MYtSnc2hEjWEUaBSS2YOw9TVTnabJkkYoESJiAgFkTkphHFm181US+lqKWF7yonMzEyn0woKtTkNpO3MyaFQyJmhSDxNU+m7goc2hcLJOI2llBoyzSApp1yPq8ypiFIrEpZKUbZxalNm10W2BNeopYQh2ygVS84MVLoSJaJTKMARxdgmFFGKJBc6dRGElJmrYeXWZvONWjW2FqV0tSgkQSBiuVoXCIpbS+hmvVRCODOnrLVapDNAEmEpai0RNaJMU5uGASlbtpbp1nVdKRUZE0Wr9SBRu85uLVOQzlrVlS7djEsUAzBNg0zX94GmaTKupUNqaY+TRImO+w3TampTKYFjakOooqwqhNbrVahEianZYr1eByolmicRUrEzQkaKUkLDONiWinMCIQlauoSczpaSUpYtlVCtpUw5ItVSLAgybTcKEuM4ARS11oJQqYqIiNoV7LG1EkWBVEyO01QEUUspESGzGgZQrXLmZIdlWTKSndM41VJQqZJKuLXS9aSVpgTNpUStNTNFIEGgyJY2IUJySFFLF2njjAjVEkmzgSildrWWwBkUCYAoElNrBkClKGmZJABKiBpyia7OLLdszpbNJTSf913t0m09jFi1VAVYtZZaytQaqI3TcrXElkqbRitLqUoQsm1KjajKRESUqLWCW0tlSBkRSBHhbE4iokRRKEohQDhzmMbWpogSUSIineM02qkQVokyTWOUaM1gOyUJMlOhbK211kyN6PoapZvGMVvWLtxyapluISG1lmDbmQhBlIhxHEhKV20shNo0RVWtPenEobBwG9Nk2pkWBRkysY0UhN1UQ0maGgUhJCkkFHiKEETSokQtXba06bs+iqZxMohAamObprErtXRFZrlaTS1rqZlgjeNUa8WOGkJjm4xq6eyUiiEzS0TaQSCaW2a21trUiqilZGaS2TIhotguNYJwulajcLYISZFjKlRKUZBtmjIlQQk1lQIoIkrYmIyoSWabRKk17CgFZ5RaaikRMbQ2DutQWSz6tE1i0llKbTm2qRFu6fWwlkERtaulOkksO+0ks6WbmhO75dRahkJB6WotATJpSbbtNk1UlSiTxxIRUadplEooaI0QOJShAGez5SDcsmXWEjhKhEI4pJyGUUFU5Zg2UrRpAitUHKUIW5ZKyBmh1iZJQgpZRIRTtruuzuczhFtmtkzVkNPpbG3qSgWPq7WbZ7P5fDGrtQ7DstldqW2apmxYhPquq6WWWoSdGSp9nbWc1sMQVkpghaMUG0yzx7HVqHbOu26C9bSuUShBS0VEEAiHyQj1/czOqY1jupZSu04BRuFpatjYihIlMluoRkSttdTizJbNTiLIVAkhZ7OKW0Mxn8+msY3j1NWCkBxgQhERgVDENI52AliWAoTalIero9p1dtZabU3TEFEgSasrXSkRdRyG9dRKqbVUQWYiCUlEYIQtlE4cKEqN1sZMO1Vr7fuFBAg7itbraT2sZvNZBOtpcstaS8uWpq8l05ClllJ7mgmViKil1pgyI0KKsY2tTV3XyZoyIwrGdu2K022cpmno+s54aq1EaRhnSOPUjEvtBGlP2ZA3NhZ938kiGLPJLrVObTo6WgahGgpms3mIo9XSDTtVoyulfMLHfXiNknZXVUrJbHbaigiXCIpqiLATRYmIGtM4RFG2VqJKMQ6rbI6Irqubi0UobMvYzGo32a15tjGv0tFqGTDbWJTSYa+G9ThOCtVShjYZIkrtuogISbXUWqOEMmst6/W676KUuh4m2xV1XWk4QwWNw+jmqCGYpkmkVDDYKJ2ZtjB4GKbmViKIkq0BdqYNrqVEKZkNqSvVbrUU47RDMbkJ1apxzGG9JlRrIXO1OiqliwipBeH0bDab2nhp/1JO7rqOKF0tQlGjRJ2ydaUajUOLUmopCYFQCLcpu67raxnWLWlRSubksUVXbGqUWTeLIIlaws6xNbVGCUldV0utY2tdqbXWNk3dbD6fL9KQWq+n6GrXVylqlFJiNSyVTtFa1ii1FEE2R0RIbjgCe2xjOmezWYSmbMaBotRaIpAUY2YtJaJKtjMipJimKRuRSFKtbRqndZvNZqv1Kt2CaGRElCiyhRQRVdlyNYxFdF0dxlFyXzuVaK1N0yQUUZBCgaLU6Ossg1oCWK+X09jaNCmiK9VymzIbDsCySpRSSuYESGHZRoAcipZOO4JQQJLpFEzpbElrw7Red7VvnmR1pVMNnC3pu1KidKWLWiQyMyJsguhqjwKhKDIWsiKEISJbtsxaK5mrYYhSatdhTSSKcb1uY9vYnCfKdEhGzkZERAzDsF4elVoaaVANqeA0wmlktVAJRTYrVLuuKwUJSCc4Tai05pbjNLaoBVDIIhSYUqJELVEmt5CkyGbLmCCiKCJsG0epUQvZMiklFNGmKdLRd/PFIsLr1TpEhDzR931EmcZxcitSRAmptWwto0ZECEpR7WrXz0sXThkj2Q5CFdm2k+y6WWYb1mMt1VgRAoVsMKUrAS1tWu1mFI+rdWaWEiWqaUqQQ5FomsYIBWF7siHBmCjVEHbpqqKkDQlOZxFCobCJUImQwnZIKjG1cVyP880FY7u4vxumdqVGLA+X0XU1AoxC0pRpJINTyBg5M0uU2pWISDssyW6MwxgRIorUsJtVVUJSsTUOI2EQUshTphwRKAhk2wlFkiQJxilt1xKtZWsJqiWQuq5TqVNLyRGhIhQAUrYkMJZlHGaabLvrOodwRnTjtJrGKezmLFFsKxQRIEXUUmtfUNggRCiUrRHhzDZNTouYpqm1pighKUKhqTUmSiklSinFME1jiVoipjY66Wotfdem1qYJSSrzvpst5jbCLVutVRHNWWqZdZ1CrY22VQTq+lpKhbRNqOu6vtSWaSPZzlCNIkUAtgsk1FIJKUJEyhEyNg5JotSQCiJlMAYUErad2UyEyczEsluEooQUtsdxEqAspdg2qrU0Z3OjoXAtpc5nfTcbp8nKrpS0hjY4qaUSTGOLCGezs+uqTQiFSGqtkjITZMlkttZaW8z7UjohQm1cT1OLWoUk0pLtINNIRUi1ZcuWyKWUoDidbgpFCAMis2VahFRraRgbOaIoIltSymI+V8Q4DM10Xdd1PaHMVkvntO1aqhRpk3ZK4RoxZa7XQ04TComiQKK55VRrLRFubnZmc6bM1NI2ak5htylpZDYVhVBIpYKl6LsZYj0MwhElQkkKpVNSV2pEJMZurZW+Tq2Nw1hq6fo+ImopthV0pTanp2YpSiekUiLKsB4i1HUdmUKA0+C0SUetEUKSbIckO20NwxgRDrooKWMHUqhlTq2FqKVOeD2tvB4tt2wgiNbGNrWo0UVMzUEoIkoAUigkp8kpybRE11XhyVlKdWK7ZXOmLYXG1boNE3ItXYmyXq1bm5x2Zind1BoCEVKUUGKpSOM0BtH38wDLtZSISDIUEaXWqqI2Tirquw5LSKWIrLXmlKV0pURVGLcpk+xqsWKcBpwRUWuddX2UaK3ZRMipdM66mjBOw9RalOhKaY2UMc4G0cYJQ4kuKi1btpBSTNnSmvVdKaW1pghnHh4dLFfLUooU2TybdZLciIiIkKqkzDTYhEJS6TqnW8vMHNdjc5Yo0ZdASH2ttdZ0YmdmqcX2ar1qU0ZV39Xlcrk6WvWz2azv0tnGqWUjG6ASQuN6vRrW89k8SrE0jkMgQBGhoqC1LKXMuz6iTNNUapnSy+XRxmLudPmEj/3IKIRiHNs4Nan0tZuGibATO2ktoqQgHdI0jqv1CuO0Q1EiW1MYEyhNFyWqgFojanGbEGRzGquU0pU6TRO4r7OoCkVOqaDrKng9rNbDOJ/P5vPZ0dHBwd6BHXYbV8tSZ13tlG7TWPoaRWkXKCUsEkdLY1QqoRJtGtfDMI4tnUIlgnTLLKoU9aWLatJd10dIirE17K72hIRNlK4gy+Q0ZiKp72cRSiMLmDwJaq1FSjuiGkcoMSgNooYkjdlKKSHVUktXx2Ec20AoKGCLiJBFVRunYZgmTxIgIAIp2jS05m7WOUPh1jyNDSei62ozoSJ5GrPWur29Y4goJsCCoY3zvhcMw9R3XZum9TAoNJ/NCqWp2aq1Hh4e1tIRMpRSFNiutUTtJk9taNgms6VAhMM2fd9Jbq1NbbIB0XKYhtJXQspMW6FU1tIhFCWnEaQIG5OW3YqhlohSMlFQoigMtQTjOERERBgiSmsTiaQaMY5ja400eNb1ihI1QjXdJIoEAkotQsaSEmopRsYlQqVM0xikVGqNICbj1qwSUo2Y2pRupRTsErWr1RinbCTb0ZVpatmaokQEdkRRlXAtMWYbh3XaIRSleQqrtTHTqpH2er22MxylK5hilVq7rrPKNE4KzfoOk1hIok2t1tJ1fRun2vXzvmvZpnGyHRGlFIOQqmotdnali65mI4fBqEaZzXqc4CgqUdNWlJBsh4iogogwZsradyGthyFK4NZaU8hJgKLUUmqpDXdRSKezKKY2KSJCymLb2DZB13dTmxL30UeESWxCEaV2tZTITJOVkiKnlMAoVCQHbWjTOEqBNO+71pJ07fsADAYxtYYUUcHpLBRI2SZCohTZaUpXsA2kSykK2SYqmSCMMxMIFKWPYtskIqIosaSI9CgrTbYG6aR2nRoSU7YalUKgiKh9t1qu7r3r9tl81tdZElGUmSHZbRrHNNHVoipZUfrS1RrTNB4dHZVQiTK1EWiZgES2SSIixmlqIJhywgaHAkmJ06FCIqllmgyVKScy02Ese8oJlXnf9/MOoSjZMjNLoRCOKBIh59TSYZzO1pDms1kqs7V5N4sa43odYTvb5NKFk2EYbaZpHbVkk4SigDGtNaC1xKmgtXQaqeUUKkkiulnX1y7tNk3ZUkYiQpkZtbRpki0cNWrpSi0lIk3LJqJERADCOU4t0zWKRGajIAciM3NKhUKSUQgzrEfbXa0K2Rg3t1prKEqUKZvd5FBYFIJSCp6yuXalTa1GiVqESkQ63ZIggMyptcyUwjJJiLQlZUsUNUo6SaQIMbWsNRDj1IyUCYoSLUcSSX3fSUWFEjVgmlrtOguZrqshTeNouyCVKCWkKEUQUYgoUSpYJWotRSVKTGMjoutKWpKc2ZyKqF2VgJI52ZapXQ1FZpYSJcK2QlFKZiqU2JlTG9bLIcLdrItSohQr2zDViL6fpbVeLlWi66rw1Kb1akVRVbTW+r5XiqCfzZCQZn0XimacKGiZQoGQ5ShhKSSVvktamxpJFAWhUKgCBrJFoe96WcthPU0jkM4o1XZElIg0AdlaTpNTKLoiU9xskW0ahiGtKALJjNOELUO2WkvUGshp2xFlbOM0jSWkKOBxGKWSmdnG1qaiMrbWcqq1rKfJOEpIsi07ospWiRplmqZpmma1m8+L0d7FC/t7BxuLeS1d4lpKRKRJJ2g4Wg7TJKKlnbZbRAHJWbu+ABIhnJkZUt/1CjIZ1usSlBpC09SyZYmQyJbRlVrKOE1Sy2kahvVssRBYYWeJEErcnLN+JtOmUVFqKZlubSy1TmMDl1pKFDcUCLWWRUEJFQESToOMM2nZImraKC2GsWHX2rU2TWNTVBKFulq72qsoQaFSa1fqNE0hSumGNmVrErOuM9iZbiHVkI3k1biqUatiyixFtVYDhUC1hBTNnsYppylCmNl8XiLGllFKraFS2pRpR0QJIRmFSLBtt750Uct6HIb1OiJK6bq+BiEIouGWxhBqaYVKkRwq0dXORhmlq6WWbJPN1FqNGl0FasRqfeTWSqmzvrbR6bGUmjKiqrZpwpRauq5XlNVyNbXWdR1uJfq+n03Zysd95Ie2bDimNspWFBUiIm2TimI7PRQiQlPLUmJW+4SQai0Rpe/6jdnc+GDvkm3LLRM0rKdhtULK1tbTGKXMumLjADNOrXQhh0AhJDIzqVK2jFIlrZdrhOSiWGxs2pmt1VKsKAirRHFm4qJai1TqOLVSS5Rqtylb5tSXbj6fh0yRTTefqUiSW2sNgoggTRAOQhEE0XCJEBIhPI6jotQapZRpmiJK2mQrpQsHZHR9LSWdxqFSFBFRo3aly2xOIQCn+64KjdMUUWqNYbWashWpZRqKYspWutJ3sxwn477WccpApdaiIKRSIOSpZUZE1/c1ummcJBl1fVf6WbYGMa7XRiUiaudpqhFpsk2KglS6KKVil74LtFotx7HN+5m6IIlQTkYplKaNa0UpIUlGglLDToWwFZIZxyknd/Meq+WklvP5PHMa2lSjqkZbD/2sL6pdKSLShFEYYpwSskaUWgRJArYzLQBnZlBAyNM0TeOIiKiWMo2z77vazRVkTtkkrKDUGlJLl65GlOYspShdStSoxnaWWmpIuKU6RZJGzqaqUAS4QFJq5GTVqLPZOE1M2dUapYyZNTrAaRG1RqYjVGvN9DSNJqexZWuldLUWZ8o4FEVdqSGBFWFTay2lImxKidp3tCmtUgsmSiE1TmsyItR1naLk1FQsipyKsNOZJFWRUkQne5pG42yN1qjqumpna9NoRymKUktECEyGwnZkJnKmMVEkRaBSKKVIWBGWsW0kpwFsqahIisRpgEKmjWRwM1LfVZqDSGWUqEUqkZMzJ5vEmRZh4XQjQcaB0iqljMO6RO1nPZbToTqfd5aG9ZBqtrO1UqpCgmlKkCLaOI0ta9fVUkpVa9mmSaqYtCOiqxUw7hQqIVtgE+CWspsbmTYySFXRnC0npZyJXaoMRkjGtVQpWptUu/nGRnRFxLhaDeNqtR6KutliITS11tUi1FprmbakZlxqmaY2jpPNarWqqi7Zppym0XZXSnSlRB9RMJC2hCpWhEKBJLc2RikRslFRZkYiDEgB2E0ms9VQV2trzUnLDGSRLafWAIlpmloz6YhAShyKrnSpkFxqBxqnsaiU2ilcokaNvuvHad3GsdRaFOk0kJ6mKSJKrQE2GGHZma3veyHZQYSULadxsERmqbV21XicmpojShor05SoQpKypUStZcqWU8tsEMI2dGpjJpbVWmbLqLXUEhgCpVACnkIlyXEcWrrWCgUs03Iah0FFaZcoUxvDYXAaggiRUpEdEZltHKbJ9LUoSstUy6ilRGmZUtSuYIVUooRQQcl6HAzgKVvXd6HAhKI5FWAQpYgIDIEJ24lzSoWmcaqllFLb1BSln82RQ0hh0zIVwiKdbcIuJUTYpJ2tSQJN05SZglJq33WtpULOHKcRU0qppWAUOMk0wTiOVZGZtkuooLG1cRzS6rtOpShd5NZSIZthPbRh6GfdrFasUG3OUmo2j9PQd3PTUNgMw1CjRKkGlVK66EqHsLNlkyIUirAzarUpUq3VoRIhBcJ2y2zT2FqTSiklakQEVteVrp8FUUJSEBEi0/fdd/bo8GCxmHV9b5jGEamWEGVswzQO4zgCUUuUkFHQ0oaudIhxGHBGrZ5yPY6l1tp1znQgKdMRpet6bKCW0nUzBbYioSDTDK252C0RgvU4SMxn88B7e/sW89ksIlprVtqBDcxmXdf32KUrs76LKBHhdKCoUWtVRGuTTYRsRVGpIWnKFkFXu6mlyVI6gclxnNLu+y4iSKUzIjJR1IKiqtaOKG4NIVS6qhJYUSJbjm0sUWophLAwmUZurTVNxkUlnNPkrpbMHKec2pCpvi8RIZCxkFWKFEXYJopC6roIKae0MginJWwH0chZ36csG9H1s4jSxikUXT8LKeWIChlSN5sN03B0eJCTu1qak8kYFLWUHCdn1BqZnm/MZ4vFNE2llFKiTcbgBCzGaSoqihIKRbTMsImqIoyd843NvqvZvFweTGnVyHFqOXWzmUAqQl3XR1GttUbJdBS6vm/ZhvWqdLWrXQmV0k/TkKjv+s2N+TTl4f7Baj3M5vOuqzm1CKRYrg5zGuezWSmd7DaumzNKzGazWnvZhvKJH/sRMjm22tdu1pUIOVRrKUUoW6slutJHiRIYZl0XtWDbY2sex8EmxWp1dP6+C6WrfddP2WrUEOlcLDaHaZgy+67mmOk2DqNElAiHyYgCjK3ZnvUzSV3fSTEOw3w2W8wWpZS+78dhQCJbMxJjtsxJURSBnWmDpGwZIbsBJNPUZl1HibRJZ0KmshGBPLWpK7WEWmZXKoo2jq15HIcSUUsZxkmkJKwSwmGn04oIHCVK1MmT7VpqdCWdnlpmlhLjOGRzrYWQ+kq2aRiRjFB2ETVkU7oIIkp4ytZSVZ4cBBGtjSRIRKu167sus6GIqhIlbStKqaWqObtSuq5LKccsiuVqicnAJrOhNk5pMiSnnVaQVoQyyZZdraXWcWhdreM0tnEEpmmstUYt09CM+1Jr7QrRMjEqMYxjV4utiIpodtd3gYb1ar1cqysbG5vLg6Np3aIrEqFQLa2lpBqVUKYtJfY01ugaLYeG7UynlSYShC2CEjhtRygUXV8jpAicUVRKzUxnTlObWis1au0yZWeoCGFLsnMcpwYETvoubE/ZSKSYssmKroQVIuTM0SkJuQGh4jYuV8taS3QdWIqWk22F7FQEdqk9ws3G69VKlNl81ncVoChRG0cgStgZSICtUkQJpYnmNC6KqF1EjNPUcpqmpFk1JCHZTgyBCamU2nVdRJ1ympwYiXEYxpYYZ3Oo67uCWmvj1NzavKshhtZCMpQSWDgBpyc3Wc7EHsemCDuTqFEMwlHChrQikkZapk1Dm1qUGkUoBJ4SZeKqaM6oxaTTEZGJndM0TuNYSg1Vt0mhgiKCTEBmyga2qX0XJaZhSDcVSabEtB5ThEESKrXaVihKLRGSUm7DKHm9WubUIIxEtsywkMChyGTK0Zm20/S1UkAlcRubFAokZaZtCMgoAVZEKZ0U9jROTYqUIoQVqmHbEtH1s82N7YS+n81mfWZzUkuxUUiillBIEUJtmlbjqlPt+y66UpBKiShAKR3IzYTb2CyVEgpLRQEEqGVrLUstpZYQrdlWdBFRSolQRIRKhCJUpBjHtG3bmREhmNroybWWgCmzFCmKFBHUWro6a27CZJZSsaNGJkpKV+wcx0FRa4SKuqiIEJLSCXSlqyUIGZeoqoGJCCkABaKM0zhOUy1dSIrAKn0VhGJqGSFntqTYiXGmFdiolDqNk3CUIilxkjQbE64qpRRhhWoUZCK62oPaOIbCIRFRSghJURTQpmkYGlbXdbJymkhUI7NFqNYaJptTRITxsByRS42IAClASJGkMyVEmFSETWYTEaUoVBSZCA/rYZqmvq9dLemMKCEpSt91hWLkgGZQEVFL1E5WYkPaEukWEaXU5jYsB+TAtpHHcRKOUqdxGKcp21RqLbUo5MmZabLZmKghyGa3NCnFlGlaUKbWgBBCEIogW6kdoVK6kN3sNmFajlNmqaVEtNZUAGV6mlpElC6iRICkUETE1JjaQFPta6llGMaQQ4VM25IKgSQ5M1s6onR9J2tqo8IoQMaYcRowpZYIlVJsZAiXGlU1RNqGsJOWzTWKIGrZ2NgstUNIoRCkIqIUyc6mqPNZjaiWW3NV1BK11ChqaUTfzbpOzQkUlcl0tSqKs0VIUrqV2hVVhUSCFCEj7LRhHEfS8/lGa0ObmiTB1LKf9Vvb27Oud3o9ZVCQ5exqbQ0F2bxaLmddX2ovnJmSStc5PY2DUVcjotikPY2TkKRQQQphU2rgtCk1utrJymmasu3v7y2PjuaLzdoXQUIt1ZmTRxEgZKe6GpLSGYpaqzMlpRySUMsxVIqVhkClGtuZmV1X5t2slrAjW7bMlk2hUMgYK6JGAbK1WmubWptGI0kR2Mg52TiFhKOUqhIiTeYUtdSIcWqeMoIS4cyislweOVsQhAyEJCLCynFsCqZsiYtKm9K4RudstiKwoYRQLdHcai1C6YYtBKzHZrmgYRxD4dam1mqpYKB2vexpaiFq7Z05LodaK8EwjqX2btmyhUpfIq31kLXKVtfVKmW6m3W1lHUbx6m1YSyl1tJFIZtqnUWNqVlASDai1Go7bezyyR//EVLNbBF1GrNNgwrTMEStXSnDOJaubGxsNrejw+XUppZaj2u7TS0zPU0TttxE3dhcLDa2S5S+76Zpms1ms64bxnXf9Vtb223KqU21dIRqrf18hj1MLQTg1mqo1Npaa3bpOmUmBkepKPaO9vuu6/q6XB4hulJCVekpp3k/n6ZJitKVAlEKmbZrra1NoWjZVEqNks5xHFyjq102KUKimTaNktbr5f7e/nxjISOQ1HKqtZMzTdeVzObMrp9LrMeRZvA0TqWUMSdaKyox7wRRK07VYtJpZxOFIErNtJunqWVrLaepEaGIGqXYzpalRClBIVSk8NTGaWoTte+mZJhGnLZFwUYORMvSdZaAbE1SqaV0iui7vhTHME61lK52DhcV01pLknRKynEap3VXZ/2sW4/riFK7rnSdUGYDSgnLEo6S2bI1wzish2EopRIoIN1agsY2OV270nfdlNM0TV1fS4lSOpWAzKSUKkgn2frZzG5OSo1pGp1NQZQotVPIadwi+lqLnOuphRuo1n6YhmxZS6BCOtPTNEl0pbMS1JrHccTuakxtGoax1iqw1JVSFI1s4zhNxgIkJFkm3VqzGxbIKEKhUrse5TRMtXa1RtrjOJWoLaeiEkVjG7NlqJZKawnUriBKqKsxJaRlsmXUKnma0rhhTCCKAiW2cz2sjw4O66yrJcaplVL6riQoQhIi7QiFSilh0amkRAI2uLXaV6eLQOpqlOiIaFNzc7NJ27bkVDpNurmWALKRbqEQCFLuur5lkwIbPIzjOA2l1hJ1NSzB81nfpjaNQ4bTrrWbzYqtUAiPbSJKSC0bSdTqtI0ksI2liFK62vcdcraWBJFEkWQ3y0UFCchxHNqklCjONo0jEUUlTZTS9zNkZ0YptZZ0M1kinDlMOU1jlFq7TjbgtBTpbOMwjKMgkSAUEWVsI0bImcYS2YxJp3FYKbraqZRQCUWzgXDUWqKoq7NSyziNrU0EXS2AVPpu1s07XJJEjtKFkCJUotRSgwxnWimrltLN+qKwQHS1q31faqEltLSRoxYhiTRTy2mahGxH6eZdZ8fQRrepdqWqJEZyQRRhm1pKqR04ihTRpokStRY3ky1qmUyIUoqkxELNVEzIaUsIAyaiRChzQmqtmYyivnQQraVK7WsxxXZrLUqAsk2hEGGsKC2bbCkIu2XKfd8bAinCSTMhAbXvJEVIUUqpTqeIEq1lay1K9LNeyIBoU5YilWKTLaWoJaZmlDhsI6xsLRNFKSUgZLAzgja1sU0R6vq+VmVLhwhFhCxnTlgKPBGUKJLsLF03q/2ULbMBpRbDOI1CtZaQ0tkysafJiFIjVJHtFlEiNE5TICJqlLQjSpum5nSmkRwNt2mUopYqSZCZiIiw5HSJYjxMk7MFoVBVJJqmyUmRjCJi1i1qLdihQkFSqR12tiFKVSmBFYoSmc3pAJBErR2l9H0vaZqmdIuomZNNKTWdIEcEaq2JqJJFiaIwYLdESmfaZJTadWVyy0xUa1e72ie5Xg1VAZ5ykoqlKFFLidqpKFvruup0upFSqKgM41iKIkgLp6KCau0EY2vTcoyuWMXgqTlbrVVotR5o3thYbGxuShrHsajUvhYYxrHBvK9SiOj7HsXURtJItSuZXg+jMhWllBC0bNOYtVaTSLVUkemc0kJStMw2jQ0iwI5QI9Mg1dqNw/pove5qGRsUolRFOFtatYRFc4tSSijTpasqJXNqzaVGm8bWGlJiIYqKGFtrWJAQBJCeZJUIC9tuljSNg02zx2HddV0tHfI4jlGKnTL9xqzSNTJbJuSUCEWo4CnTk5smt66voRjWw5St1q6UGqVObm1sJSoRCoXkloFX63FsbWO+EV11Mq3XTVNRLSVK6SQNw2jjdBQplenWxmxpSYEwUk7Z9322Nq7HibQxRKjZtBYlSpRs0zS1NjVDtskoSgHP+lntaqlVURBRSmvZpql0pZQgKaVit9YybZjcaolSu5ZZokpECewSxU5JmdnsbG2aBuyIUvsqZZTSdX1mkyml1uiSlukSpdYyjuNqWEWEojhbG0fTAiliatMwrO0spROOGuMwjK11pRLanG0Mw9F6mHZ2tkvEchgDxmmMqFObIGf9rJSa9mq5DoKqbFk++iM/TOAcc2rr9TLtrnbOJKldFxEyq/V6tTya9bMSFabVcpmtbWxubc4XDqapiZjNOkVHoMCKtKVI2WkgIqZhiq4itzGrynq1HKcJcj2sp6mRqeiGcZzaZLei0nf90fKIbPY0LFfz+awrJcqsZW7081pjOayjsDxa9/Ou9t16vS5SptOTU0n2pev6vp/NS61tmiJUSl/qbNb1LadpmkoUZxooUUJ2dP1s1ldq1CiSbICjw6Opta7rLSTSGapTa4pAkkNQS0SpaWhZS5ettTaVogQ7axdYgAC8Wq/HNna1hiJC/WwGwlIoQlGrgmyNTAQQERTkLKV2tYzTkOlQRGRmzkrXFEOb2tRIQkVFXS1TyxB9NyNimsagUIuMIoJSS6yH1Xq9cmMcV1E6uY1jKlRrF4EoUYKQTKlqzZJUYsqpRCm1tJZ9P+/7PlumlZlKVOi70nXdvOsUVUGNaimdJjG1VGzj5hSUrloUorWmiFJkwvbY0m6SMhnbBJYT0XV1aKPTkkwCOHAqbLfWphp1PY1pNvoe7OZ+o88pV8M6FCJFqV0naHYXkREhoiuhikGuimxJODON19NYStd1Xa2zQA0K0fddRBnWw2q1AvV91zIVAQqp1ppu09hKiKhCCmVzmyzZQkStxY3WsjkrEVKza0SUQI5Su+giSlfq2IxbRJGqjMmudIoIRU6piHSTaJCZ07ge24Tpus44VJyTTaggYZdaVKJGSFFq33XFBpuklCCULSdbGNPVnqKiQIBba6FQiaKCXEpp0+gpa+2maciWtZYSdRonOdMKoVBmRoTk1mxTutrVSKdCKAhFia4GEbKmcZ3pUgpgqyoiMEGiohIh0RS11n7WIzlJt9rVQhAIqUpYME7jsFpLIYTiaLVswzBfzDcWs9bcspWotYaL3BqU5tFWKYEC2zaohAKA0pUiZbaWk4hSS7OrilRVZDNli3SzFVatUmkmRa2llFJEWISam21DhMHKIERKgQOaUTjb1JLMru9b2iSEYJymzNZ3Ha2NLa2opSshrFqEFUqpZk5JBlFrxYzTxDg1KKXLNLbblC2jUyGQEc6GbFkmQl3pCmTmME2KCNR1HfYwZY1ieVwPVsgArbVpHGZ9jzXlhCATqKXvS0mFIqapYTBCEuM01RJDtjbmYj7LbE5HKWEsKJIlqF3XdxUIS1V2CtxyzKmgZpQGlyhRurSlDIgo2aaudiQIjJ2lFELZmg00S5LstAlh1DKDKFG7GrVU7MwkiVKDaG6hqLULk3IpUbuuK51qAbVsRbVUtZa1VDCm1I70NI2ZTdAy3ZpBiYhSOssymRkRBjKbjRmHIVCUEBE1SqmtTa01FBGBCDSl7aZShA1VpeU0jgOhrnahgLQjSojEyI4o09Qyp5TbmHXWlVK6vlcUWc1ja5ZkWpFAmUnYLVtrypxak2TbUldqRGl2CZGM49CyFcVqWMsiKKWsV2syu9msllqkUCldKYqWjpCNnTZd1wPYKtGmHFdrRXFLkJxVShhWK6cjQmDT1U6pNk4NF4Wba60429SmnEqpWOnsZ51QM20cWmuYrqsYCYuxjUJ97SWaM53Z0mlUVCkq62nY3z9q09R1FXucJiLcWqikW1qSlAzDUGtXI6Z0thzXq8R9lBKenG1MQuDSdUEZVofrYYqIEkFRIKdVoithMGBHqaGCCFGiEBqX6+ii77tsjlqlsFMlbMJd8zS1DFFKDTG1LFIt1XY62zRNzaXWWgqK1qaudiGwDcN6melaixMyiQiT4VnXlajgrlZFgG0UpZYaodrNZrVPvF4OpUTBCbNZX2ttYyZGJO5Kl5OLaNnWq9VsPm+tjeNapq9d6QLbpFGUKLNZmFprCTW3Nk5EUdRAimjj1ForURQqEencP9gLaz7fUFVrUyFqrdNkaK0ZRe37WS0qkgWaWmZmV2rDioiuqhAhUjUiQglFxSm7SbRp9JRFRIm+1PUwSdnVLsmopZaShTaMKIwNXV8UMY7DtBqSBMZsLfE4OTyfzVUUpdpyiCQinG7ZJLquVnXpVkohzcSs76NEumU2Z6LoulqiCmM1USNaTiLSWUJd15WoKeSYb2zOum5oU04JjhJ9X4b1er0eNrY2pvWwWo3OqZ/1Ijy5fOJHf7iVKKZstfbz2WJrc1GiW4/raVhJgYqdJKXrutJZaTOfz7quJxjG0SlB6Uqtnd1otGxKlxLGohwtj9broRaFyjiMSSrKOA0Obc5npXQKaleHqa2HFZnzbt519Wi1dLbZrPOUzVm7kCJCbi1q56kJtdbsSRFdVLtZ0cZxVvtxmmqRFM6WzihFIiIIFTFN0zSNESEREUUREbLSWQKj5halBKW1sXQdilprLSVKmdZjjlPtq6zaFaUo6ud9KZ1t7NZyyrGQLVuJUkuAppaCGuHEQKbUum7W105RLACFBZMdhEROVo1aO1AtpZQ6jtMwrpGqOqakYMuZUUM4FF3tyEwmES2zjaPBaeeUSZRip7EcYxtC0fX9fL7Y2FioFOTMVNTZYmbnsF4JDNMwplCUbK2U0nVVikCSIkrfd6WEbXAbp1JVSidFFLlpPQ5TawRd7UHZspSu1kLI2USkiVqq1JytTXIQUUKSyCRCKhFM4wRZaldKdbo1y0So7/qImNoohSCRjKpatpwm1RJd1K4rpdouqpKncUwnkoVwc8qaMosdUUPIjSilyOkSpStBqkgGDLgKTJp+vqjdrK91Nlv0tQday5BCQZAJgFAE2NlMmAxJRJvWXdcrZGcoSiklSikFiEKtNdPjNDSIICS5SNna5JaWpQBsA5KRaVaEUDpr6WotCKVCoC6dwqGIUqRwayZqqc0JiGIncmJEoK6vUSJKRBRnOlUh0TRNLZPMCErpaMo2lNpFgXRCFBWp1JKZU0sFUrhlKSWo69VaotaaELXgVHOppUQFC5XAxghnlBqAlGlsoRJFiiSjGRGiSASZECF7Na5l+tI5BAxHwzCu57OZQoFQdLVuLBahfpzGed+XUjIdpWxsLGZ9lWnO2hUnIUtECUtTNhVqdE5KkUsJESVqRCkhMbV0Ttla1BCCABXJYbcmkZOnabIkFKEoNYSktNOpJFFmClQUCqRAtdSIQgCS7HSJ6LpZG6dhGGqpCGNPbm00slOKEoqIohBKEohSSomIkm6ZGQpKYDDjNGXL5owgVKRa5FBJOTMNKjXk6ErKUtBalKi1YJXCNE024zhEqeCWiVPI0jS1iFAJZQ7TqMhQRI2QHCFBY7ValRJCmOYUoZAN2E6DQiFAEmCQAjsjSimlq4UoYCnSLadRkkLYUkg0TIJwuHSluLQJwrWWWiqSx9ZaRleFYFKJEgUrlQhbVnalhsAYQuG0mxVhO1uzZWeEiJRDIYRNRBFumRZKVIpzUulKgKGEyJZpAZ5aujU7I4qddqu1k8KkiBrhCBKnBev1ylghN4ckqY0tA8E4tUBRQ4ooVdncUCnDOKEstZv1fZRaS2dlrWW9XEaUgMnNiYSxFJluUyZZS9SuB7U2RSkh1a4Whe0pWwkpQkVRQwZLUPuuRG1pia6vhVJLdQhwUkpM09AyqSGVtl4P01QisBGt5dQGEQ3LaQAj7OxqrX2XqNSq0Hp9BBJunqRordnUrjMO4YBMqxjIlikgATysV+tpKkWFaC2nHPtuFoaI1ppD876rtWs5OVs/6+ddj2RbUo1OiiSlqCWCoDhEiZrOCHVFtZS+q6O9Xq6Fulnv5nGa+q7rSh3HcZxa389msxko29T1Xa2dYWoTVu0KdmIAhSRoEbXvun6+GIdhmkYVlSilqyQqmsap7ztFzXHKnGxKqdiTW9/P+1mvUEEOScIoQpDOElH7WRcxZiu1JhkRipBl2cYGFCUiAoNIchynUguotSZJESoRigy55ZRTyCK6WmoUFJIjwlYpEZJNSI0UdF2XLQOFwFlKFyGDGs2pBDudBtNKVIWmcZKwA9x1fWaThGnNKjG1RjoiShclIpttjBGlRo0SEVOb2jjWKP2syzETur4fxzVmsbnhNi4PD5Ejop/NLI3TBEqPUkjRchKB7EQoIkiyTaHAbtlU67yfq9RsGXLta9/Po0SbWraJbFEqJkKZLbMpokQ5Wq329y5FRGCFVMq4Xo/jKKvUiqJEYFCpnbroaq2ZKRkzZbM1DuN6WDdaV3R0uCySTe3qvF8It/SwWo3r0WQt4QicdpZay8d99IcEtbl1JWrf2YS0XC0TT1MrpUgMw7qfL9o0jNOwuVjYas04p2Gacuy7vp/30zhJaq0Jpqm1KUupIbXWbM1ns1pqc+tns42NTdshdV3YqqUqJFXIiNL1fVRNw9Ram8/mdd6BMBaSgEBJYtNJUqldV7qj9RJ71ndOrcdVjRJ9HYbJUiYRxdY0pRLjTE/jiABq19lWUeBxmqapSQqFEJC2nSFFiVJKRElbEYSwm1tr2XU1UGJnOgjcWkbU+Wx+dLRcrY5K7broUKY9tCyF2vWl9n1XU5bkRAqnW05Om6lIFEeGJIjWRqk4WzYUjhKJsWvXFRinBk4ndumKG8OwdiaR0zCA3BJRSpmykWlnpoGoJawprYKIrutrVzBOG5WoUYQUkkFEZqaEGYfRLcGtTVObbEVUlVCAkBSlazRP0zgOETWkTCMXNGVDhENFGNvpbFNDRCmQRbXUknhWiu3WsoRqNyNzmnKapq50Xd+t16NKZCPdQiUzkUqpQdTSl9o1OwhgGAapqAukWjuVkFUiKJHThNzGUREllOk0bg1hydlqmZWqKadxGoflEilqn+l0RgQ2UYyRpimztRKhiMzMlkVElKLAbmkVAlmSSZUSQcskwbipFkUYtXS2JuTmWkO1KworFTFNzelSqmWE0xGKCEWxkWxQRKmKKEhuRiphSTgknHY6synCKNskCUhJ4VAtXYfIloQKajm1ls6pzrquVhDhUKhUsJ0JU0uRRHG29XqdzVFLoPTkdFe7cRqm9aSqCJU6w7YpRLOzZS2ltczWbNsKoShp2ykLeZomicSWhUoJpJzSQIgQCXIEmU2lRASyW6qUUqKUCGTStmxwk8NOYhrHRmabjE1xZhFGEapdR4CDltlamxw1SEu1RExjwyAZIdrYEpwtTZQqXGoNka1NzTm1KFbUEODWaK1lOm0bKUoR4GzNKSqkFITShEgjkCRTojhztV61dN8VUGBnNmcpEaVrwzilS5ETK6dm5EBYLccQzVlKBRQRCsCiqCLcUkVIrWVrU3PWUgI1K7OFXUqhaMpGy4iSUEoISwqpTRmh0nVRSpGMa8hSTs7MSpnN+m42U2gaRsmllpAUQnIYh5zNIAJwjmNTJiUk2c40EdmsErVUG0TmOI0Ny5iIEgUxtiySaqf0OLVSIoyok6cI2pQGlRK2MSHJOU1EqVGaM7PJCOzm5tpV7MR2RoRCFoKWYIApswiiCJWinBKDaaScCtXSWYiICKkookjGSEZd1CIiVKIqQiEspJZJukhGuLWWCrpajW2CYhqhQNM0hkrXFaNABAKJMQ1EKLMpSkEtJ7vZDsJmHKeISHC2UBgCh5QmapRSIBQRARFd1wnJSrfWplKDiELYDiKxRe1qoNaa3UoJoZY5OUOS5DZZrn2fLSUyU5JDJTpns1W7GrVGiUXXq6vYjswUUUqUKCWd2SaSbHR9bXZOmU7JJWqtxQkgKaJA2olQRChqjVJrEBHYVkTt+pAkptZqVIlaIlSm1jJblL6rFanl1Ejs6KJUZWsoQHaux0HImeO4VtRauiiFKKWEIiQhIKKEMlBT6WsNlShFAmebpsyWkoZxsieIqU1CILIN42BiPuuMTAoBKPq+Iz0MoyilK7NZFyrOqaWdjijgBrWr3ayPZGwN25lEqbXaTVLtulpKkji62tWQjULOdBqc2cAtDSYiIjAQSG0ao9Suqy0tp8O2bddSQqWUkplpB5bCERJOZ2REQUV2OsfMNrRSw4pxmNo0KMLTOLYJy8IYU0tkEiqS7Sy1iqy1U0SSVaVlllqRaikUlQiVqmxGREzDAI5SwjklUptaUiLMOI6gzVm/Ggd76kqHW62dirpQP5tNwzQMq9rPw2oQmLTtqU1SFAlKqSLCNIVq1FpEaByGcZz6+ayG3IyzqkzjFLVAON2ykZRSZ/PZOLZpGrqYdX3XMhNJU8vWd72qQgVbKgotl0ukft63YWpOqUqZExHUrhNgcA5tms37rpslnlobhqGWMl8sxmkc01ubmxsbGzatka2Vj/mwDwm31XodJYoEjOOYdh+1dl3fd8MwmdyYLcYc1qt138+GYRjbICQhwN7a2Fgtl+thXCzmlBjHIWrpujBRa5GYmpMWtXZdny0l1zprzeM4jtNkPAzraRj6vlss5sMwTsPQz+a16ujoaHl0pKoaUUuJGopYLlfjsJY0DhNyrdWZLcdCndqYmX3f4xzGtrW5EdCmnHICKWRcojhbNiPSub+7h5ltLBDGJYQA2U63ElUBpmULSnOSNvS1RpRSijFomprSTpeulqiZk0L33Xv2jjvv3Fz0W1tbzaZRa9TSG09tcjpUMts0tcypkUSpIRuHioq5zA2iqyVq7fvazWayAxlHlForMsgwZUZIRa01KaXaWotau66vJSyyNbl0XY1aslki02OOTkopNaobTU0EiFDLRNHVWlS6WiYcliLAti2CkIiIoogSQRhIC49Ti1JCpcyKhM00TkObIgK7taZAlChkElJRCamUmk4nFHW1t5TT1HezTB8NQ41QCeS+74wxpZQSnQI7alFEGXIqEUZtmlSUKKdJJSQClVqjahhGoERYhAKkQAqTbZoUQpH2OI6lRk7TNLW+n1FiGsdpmiwtFnOLaWrg6KrVhnEqNWqdlaLWnHaUohAiSpQospqTFFAKwDi1EhGlYGXLlAIFHoZBUaIWSUVqLY2BCBSRmYYQQkg2ZBMRpWCl03KYqaVbU1GSIanIqXRTBKEIQlFKQY5QVWC3bIJS1KaW49imFlGcnqZJVbXUzCSpfQ1KZlPIZhxHKUIAISyRmWYcW1f7Oq81ZDFllpAQRQAm0zYq4TahLopaJjIKSZCEQqUUKYowEBGtITCkU8J2yMZddFFrCYUUKi1dghodkpNpas5mhBXCIWdrOZoiaRzWUxuFFHUa16UUKzAK2U5cuhKOMYcSGoc2TmNXu1JLEG7ZsnW1VwTOUrpaCgLjdKZrKVFqSBg7bUMGQpJQIAdRULaW4KLisNPZmnGmQ7KtUpDGbCUUEaZISNFyai1LqSHcmmWSJEMhhJSttRxEkSJUEJkpsAgp5YhASqftIITtSIhahDJb2hGlRCDIBoFsZ9/NWrYSdcosQd93SOFwUCLSuE2jU2rT1JoTjDEuChNdLYoopTgtWXbzFFKo2AYbgYCIKuyWBjuF0m0YBxJFQS5FoVAgwkJkqFIicClFtWZOraUswkGU0NRyHEdAQKgrhVBbjwEq0ZyZEIpgzCZRFQq15oioXZdTM0ZRRUS1nXbasjEWisAqCiAiIii1FintbMZI5OQkDVKJQppQBHIQyOEpmyBKKIpqQVFrFyHJUftaquRSu9p1SbpllAA5bYhQ7YpQlBLy1KZmkVZR7brlah2lzOYzgDQgRe0q5DS2iIiicbVOslBCgS00ZZtaU5Su63JqSKBhGsA2BYHHaXJmrV0m0zDarUaXeJwGWXZiT9NUSum7mewIRYTJqWUtpZSSDaxpalIl2zCsszkRcku31roSUSokKUIytevInMappXErJZKYcsrMAgaIvnQuQRp5HCfIWe3bNJaua22yqbVi1utVQhGr1cpKUBsnO6P02TxNo4ylAMmllFBMaWfWvm9Tm4Z1NquUKBEg6Pt+GqbVahWhTIewEGWcxhybpKilFKJ0ERSitcmyQk6XUImamQAmopYgFG3K5gwpwuOU2VoUlSgWoiF3XVdLTOPUbISMwChsgxzOxGRmZqZb4sx0ZrYkiCgKpkbIrRm7dMUtS41S1aYspZRasaOUkOxsaRFWuuXRcjmO6xo1E2dmy9IVCEmlWIqpJdm6UiJCkjMhuq5LG4mIKqUIQSm1CwW2a9TaRToI3KyIKVuOOZ/P0y0ySok04zSM40TIDePa9Zm5Gldtmvq+70rFIEcUhcZhlemuaL1aZsu+lqmNUhmnMVvru752NTMhS9elPbWG1dVSSomwTS3FBouIaZzG1XrKtuirVFoaGSlKnTJbG+wE1st1rSq1c7NpXT8PbGezu1ppsqhdDUUppaWzDdjTNEmqtV66uNv3/WzeTc2lRpQux1Eo1abMxWLRlb7WMq7HYRznfY9QMJvNIJ20bKXWEtEyyyd+3EdGiZYOhXFEcbqWotJH0FrLqXVd39wwYUrftWlczBelqGWOU66HISLGnKJGieI2WWxtbLbmkKVSui6nKYpCpdHWy2VXOwJBX0u2VkrJlqHouy5bUygiijxNU2a2YZz3s6g1M3PK2pVhPQKKIreu7yJKraWrnZBF7et81mfLkPrZfL1erVZH2Vz7uljMbU/DqIj5vCdEelgPwziAsIUCtcyolUbLLKXU2rc2Ddm6KNPUVKJQmimSRbZpGIZxPSBNbZpvLEK0bMvlajEvGxsbETVKpyAiahSc2VpIlgMEQGY6s0YpXRdVRTUoma0N49QyQrVEG6aWE+lSSkIbpy6CCHBrkyLsdGbUWqMQpXS1RJXAdsjpqWXX911XE0cJScKlFjlUa8NJqyrIBEK27QQTkdCmZlSLSqnplFW7KgGRThnsKdOZbUorhboawzBmUiMs164PiFpIbBMUlFMa58TYhgihaJlBoGzDpAhCtp3Z9V2otDZF15coAeApm4RKLbVMraUtCDyOY6ml6zpnTmNGCaNAmJYZIdvOVmsttXhMZEVkZq1VVYFac+269DTm1JVSIyQsYWqppdbWBruE5ClbZtdVy23KEqII4ebaVYvWpswmFBGlhAWmZev6UlSEpjbidCiIUKjI09TahAIlIBXbzrSbAKLWYjONQ5tc+6ily5xEFCQ0tZEIhdxMyAZRuxpRZDstXCJac4mIIkLOJmFLRS1NNiKas5QoqpanYZpyDBUZJ6XWkEj3fbVRRFerIEopQe1KKQGSszXjCZVhGmtXZl1nVENECbl0Xe2KbVkqRaKNoyKkkAylKCyCKKW0NhURtRbhpESFqLVma+thJCJqlYrCbi2xIpxWKCJK6aKWUAEbyChddLUoCoREV+uUzUm2VgLT2piCUkprmWkQIopKV7FqF9jI6moxRJRanG6ZpdRQtEzTREzOkEgrCji6ThJpFKEQaUXYtVRFsT2Ok6JEBAaUpFsmJimlZLqUKMKym0uEShREKTUKymlMp2tXIkIoovSzTkTpCk4JSBAKTFdqKZEtlZQaISkUlggVhWQcEaXWMG6pCEVIUSIyna2hrLVDJTNbG50o3TytVuvZbCYV5zSOLXMaxjGihqpkUDZqV8JqmWkEIIdpqiWi1ubM1koUmWHKEkFaEbXW2nWhqLU40yZKEWqZmelmk6GIUjInyDSttRIhUbpaooBBJSKqREREa57aqIjiGKbR9qLrksgpa6kOJKEISRGZFi4lIkpmptOZYRwglRIlip1pIkRhWk1tapLs5mxRigFoOQ3DFIEUztaytdZIR0StFStJp7uu2BqnIVvWUtItW6oookgxtjGHrH1VlGZqqLUsQUtHCCsnp7NEUKJXTRymCElGYJBKlFLa5MwJYdvOUiKzWbQpjQmKopSKSbLWgiRUu65NE3LUDksiSslszqy1KqLl5ObVejUOLUJRVFSQW2atpZTSWk7jKEUppeWUoqslIoZhLFH6+UyiEKWWsJpAlOhqF7XUUmvmNI4ZVYHsREUFIIi00imZiJymKadaeru1RonScLY2jGNXilTWw3oc1ouuq7U3KKRQEalCJs4oFVH7TlBrV6I4nXKNaJnDuMa0aQQVRdqESqktW7r1tZfkEGlJ05QO11IUUUqRaOmptWwutdQQCQqFTEZEmsTZJnDt+r7vVcKDx5wwpYYT7FBNUBTjNqWbIwKgq9FwABiBEXYaFeno6KCotMxxWLWWEWqtyZ7NF2Cwx0Zms9xaKaXlNI6jpxYlFIGhuQYGCYi+7xUaxrHWGqXaqbSFrZZtvR7bNNZ+ZmdI6ioKBZIUCoQEhKJGwXbaU3OJbC5VpBTGnoZxNutUJCuVUpQuSBTUqIooRbajKFBIoQAiApGZSTvaOzjY2+v6Op/1Jepqtdq9eLH0XakVodKlE2fLFlEzM9s0n89VOzCO9Xrdssks10fKFiXUdQpKmUWERMLUmt26WqCAu9ojSogQSAq38Wi1tDWslqSi0Foad9G1bMN6UGjWz2opgr7va1fXwwhpW4mksY2QaW0sNrrar8dhGqblcESq1mp7f++gljImEXS1G1vruipUPvFjP8xm1nfTOK2HdaBpaqWWtIdxvRrXEvN+1jJbm0oNob39valNQJvGEjHr+ii1TeN8thFiylZUIiJzSjwMa0m160qpgjbaZGued5Vw2k73XT/rqkqNqnFYZ7rrutYm7Pl8jhW1dF0hlKYox7EtZvP5YiP6IIkSbUgLSRK1K9PUprERrIf1ej12taslLDW7lshMKfpapqlZZWM+L7XaqYguKjiidF1tOUnq+r4UtZZtPRAhR513QZnaGid0fa3TNNR5J2kapxIiqaVLT6X2p46fKLVzptNTTjinlogopTQltlVLIZRW7SIipmFyM3JrUzfvuqjORsQ0TNPUWmvDMKWzRomubzk5kQrOCCmKwKnSFUGJKKUM43o1rIVmfZTStWxtbCadaSIUoHRrbiUqaWw7A9VZ19U6DuPUstYIIVIqrWXLrFEdKN3ahO2pTaQUpEuJvusFhqk1t9Z1s9oVHM1TFxUJO6Jij9OIpeJ0s6Orka0p7OZpaqoRKkBXa5QqaJkSU07ZsvbdNE2ozPtuGMeWU9+VohKlTuM6HLXv0w0oxm5pQpSoEZLCmZme9bW52QAEbZqUkuRMBc6IoERHKEqJIGpRqc5mJIVba3ZXq6ScJrIpSlGxCCmnnMZhnLJGjULtKpISg4wTSQ5AWGHAGZYZ2zS1lKKvVRHOREStXddhi7Bkpy3hWjuhNEVKyDYpoutnROaYEZHN6YxSpnFarVeJI0obndkowmotIypIQnQlBDhtue+7UEzjhB2llhpIlrDHce1stZvVKlQ8TTXKfNZbEYppHI4O9pfDKqGvXcNtHJ02wi6l1io3QNkaLZsoQUsDkkqUTCcZyFiSUEQYCRlUIkpARhRJaYcFmelAFopow4iJCCmiRIRsp12AoCBQKIqKUWBDRJQSJcqwHu3suj6s1bBWqFeNWkuUEOthLEUiMlubWqklpJZpgCgwpTOnIPpZF5IT1ZDAIKSQjBShcZqwSi2lKzLNDowiFCFSJkmljKRSalGAJayQFApjS842TWOpfSllGNZpzeczGcmZihDNY05gCHBEzZwyaW1SxNSSpOu6htNNErYzs4FzGEYUmRmBIkJqDeFUFkrtu5zaOE2CEnJguzUvFvMaAtUioWzpzLGNEQWYphFjcJrMKEUCUEidsDMtpJpSkaBQaw2p4aqgCLu1CZWImIYhcelKUTGtRiFEuk1pbDBERIQQpYQipjbiaJmB0lml2vUmx2kqUqnV6VojSnV6GkfZVqYdgVSiBHa2pojSldoVTOlqkRLa1Oxs2TDNrZTqtKQotYRCYaMSBUWppSjNsBoUKlEIqyiiFkq6OclmsEibhkrYaacRSkWJroZCZJZSJ9vOiIKJKK01m1CUqKUWo4hoLTERpWWTkRAM01CiRinjOKTpZ32pVYmCUmqNKLVkmnQhVAKwM9PIZKqWvlZjbNuZGQqTgpZtmsZuVmqp4ZJCisxUWKq1Km3bmRkRtRSppJ3ZQkVFoRIlnKkamTmrNUKZxmQ6SpEpSCVsRSEISUUhU2p1UopaYrvWvtTS1SpFy8kt3YgiAqBERNd3tYQCwMKoRoSQSimlKKcGSpCdTpmoXSlRovZ9nwpni6IoIROh2tUaVVFtu02AJDlrnRUpM8dxMkJZawU8UboqYhrXiKJoaTlLUYSIYjJbjmOLSo3qoNSuTWOmS1WNSjCNLSAisllqYSFFLQpIT1MTgAghSqldrbNZH1GjBCKopSvpzHTXd4Rs0hY5ja01y1aAikSUImGwJdR1RXLfL2zblC5aa2mXWmnOTOxKRK2ttSilRAmZTCJI1VKSxJYkMTVMojKNY9/3JUq6tTaWUpEaRBrbNhGhsElbhBS0dE6l9qFobVqu15k5m/XRaZrGSpQS6anr533tbE9tymyLxWbta4kujHEtnbEza1eMiiXnsBrspoiQbNXaRa2l1L6vhWJnkpPT0yQJS5JCfTcrRRBR1KamoE0tQiql1Oj6vu/7WqOv3TCtcZbSSZRS0h6HccpWSx2nYRyHWden8+joMErM+plKGVerja1NT7m/v9cyF/PNWT+TlOlhWNVu1kWttUQQaD0MbWrl4z7iQzMzoozTtFytu652fTcOY5takbByaqo1Mw92L1mUUpwOqbWplDKbzWqpjkgnmeM0dbWuh2kcxij0dbY6WiqKokAaZbqU6GadSmnTOE6tr13TRCmzvsu0hDJXq9U4jX3XpzyuhqglHOv1srXWhrE197MePA1taGO2HNtgGIdBJu39g/1ZP48Im835RjfvutqJWK/Ws1pLaJhGTKZzGvv5bD6fh9SGsQVFRXaKlk2JcY7TNE6l1tKVooJymoaxTVG7sGuEal+jSIpawgzDtJjNEdMwdH2PM8dJEavlkVNdV4blYEKSIhyQTtOFqdXZbAhaTjUKOFSW6yXpDCJkhLOLrpbS3CSVWqMICylbprNhWk45FUXUXk45FEQUIqJIKSvJrLWrIUhUAgIRGoehTY4SUWotEQpCoQhCUbCnaRTUrrR01JCFAjvTJUKk7VIKCpCwIvpZHyqtTYFsWUaKIKKolhIKUWsXoZxalKIozqRQoxPZsJPSlYgoJUoUtxalm83mUkQ4RZG6Wpwex5bOWmqZ9Z7a1CywSleKItLOaUKAjVtrIFk2EpLCiloMIImiUlXVK02alKoqAruZMC52c61SyIoogcIQaZVi2ekoEaESxc5pbJNbiaoIlG1qwlGKIMFYqSRLqaVGH1UqJM1NUbpaIAgZpmlE0UWtXSAZG9vObNlSEbUUWlMoFFNOdsO0bBK1FCTVKCVCygQ7pAi5pd0iIkoYZl2PNbVmmwCrRsFECFuhUio4FeQ0jVPzJBjG1bSesk0qpZbad1URtdSgpBuSG9M0Ck3TZKcxSNDSniYDKLAiisIyQkRmIiGFnQbAOU2JHColZBiGQUIRbZpyas2tRpmGcWpDqNqZmW1qUYugZU6ZCmpXndMwTnITlFpsIPuur7POky1vzOYUnHYaFCWcUGlTTtNkkyQpZCc2YKSuq1ECE+HMDBUXh0JY6cTO5kbIKECJyCylIJw4LFQiShRkSQYwyCKKZNK0zKQF2CTNFk7JreXUmk0pilqmNk5Tk1AEzdBQTG2YxoxAoSioaJqaW2a6Ss1uzojSciKhKNNCdsskQulURGuTJOTWXErUKJLAhpYpRVd7SelsmEKUIittYSkiaLhEUbiUkEKO5hapUmtxjDmVKEFIEsJkM4AAulLGsU0eazebddUwjdOUEzYRMkZFmjIxMoZM59QSI4cQkpEkKSLSjiIUmS1EiTJlZmslAnBzlBKFTOyMrggynU5wLdVJ2jijlJzSeD7v5UhlRMlMRVFEtimkWoK0cYmIolpnUcK2pkyhgpOWWUrpalFEcytyLV2mM7MEteuQahTDlKmiENM0hmKcpnS2NhEKafKYFlihKEFVBFVFIZWSzSi7rtZaSy0iI0OBERY0LhunKT0VFcslok2tNfddcRSQkIQl2Uh97SyVUqLUrpSun7m15XJpU2o1kCYwUUtp6YiIqBZCEl2dTdmG1ZAkznGaIqJGwTQnMLVhGocSteu7YRgtaoRCpDCASayWrahEEWmViAgZAkFEiZDJWrqo4bSiBGpkm2wCyZikRImQCCMbyGx2a5ky7mrFDjmiRC1tnESgGMdhGofEajZpRVc7yYpSKkQRRKjU2nd96Ut1lBByRDGyXBRTa4pSo7MjJDszXUtRLbbdpmyAhTMdpeA0LrUj29Cmoq7ramtpp+3MbG2SIm2BQrN+ZrmUWksASLUvpI8Oj9xcu74vlQjaZCkUfV+7Wd93fYSyJRKitcmZ/ax35uHhkTJqLcMwZrNJ2yVCQlLfdd18Zttpy9M4qRQgp6mlp3FsnkACqbQ2ZssS4XRmA0gP05SZpa9M2bJNbQJCka1lTqQjhChFoU6F1qY2TZb70pXaeaI5ZZWoi8UsR99+5zP29/a2tjY2t7YFqBCK0oWqwkXV4YIMUzZJpQgpFJZI97UqaC2xpzYBJYQ1jlPUUmvYtmIc156ajU0pkVMzgGvUoEhq4zSMU+nq8vAo07UWqYSYpkGKqDo8PFotl5uLrW7Wz/p+HMZZ19e+qqUU43oYxnXte4nFfBGKYRxKUGttbZrNeilatsw2Tq2Eysd8xIdMrbWWfV8W8+3NzY0uOsPGYh6lUGSrRM1ss9lsMZ/bbTbr57PFrO9LV3MahUoptYRKhClR19NQC7Wr4DZOEaV0pU1tnMaoddb3TobVehzHEkF6GMacmqRMh2nkOA0yfd8N49Ram81mhLK573ukWutsPku31sbSdcIR3bzvJ6dtGUMoulrH1pCH1SpqzOaLKBrHEUrfVUSbGlglsrVxGFNpq6AmT8NkXEuxmLJNLWdd52yS0ga6Oq+KYZpMIsZxqKHZrFcJSLsN01TDTg+tla4vBRG0FlEzW9/1pcgioislxnESgdMkCaKUSkEOY+NaI0oN0896uXSdrBinsdYOaVyP4zRMU3NkKbUoEEFFdkSJWruwJEE6xylxOFSCiEy7oQgkUEhTtghFxHJYD+tBlgIpIrAIqdYaEaQJsBEICRSlRiiksAKnUyqlRjF2w7JgPQ5kRu0ysB22wUSUmKY2jlMttYYyc1gPEViyXbpCKqdJKhY2EjlN2AqAEsXY5NRSzn4+V4mppYJSQqFSSxCttclT2s4cxzEiSqlRFKLUzvbYphJVIUkCZ0snJlsDSqld15eudiVkoahRWo6KqLUToCjCwnK2VqTa9RHFZBrSWBFIrhE2bUouE1amCGQyIkpERAmLzAQBtjKnkBRqrZHuuqpSpnFsrdlRSziilMhspCNCEbVWQyhqiRKl1CpFQECJyMwI4ZZTZmZKkqQA2S0tyXbDiqi1FEsSkpwZFBUyKREGnE4Pw3pq7kops74EKXWltNZqrRElVKJErZVQUVEppcTUmnDtusCZdLUDt6mpqKtdy8wpQ7TWANuKUlDDORkyFM42TRNQSy21KqKNDdTNulq6cRpzclRsF5XSdUGoRChKCWNJdmvZFGETpQu7dLVl2hiHQgU7hC0VSQpBRCDVUkoptkoYJNFwCUqpIofMYFIU29mmGjVChDITSLuWsIkockTQ0hFCkBlEIAclAoUzZRJKEQQom0MYd1FK15WI9WpMT/P5wnYbp1CUUpBCISQVlSgAbumIWkvpZ1VBREjFybBet5ZdV2rfZ05IpdYAi65GhACD7VqKoiBaS4dlWYoiVEuRorZxmrJ1UQ12plQVVQFKKIooYRGl1FrtNMZkpp3NriVspjagsEk7bCIsESqSTVEYpjYGpRaRysz1ep2ZTiuKsUKIaRpbtlKr7KlNgq52oRjbVJBCk5vT49QkAkWUzAlLEREqpRiyNUCitRzW6xIlIrKlW0qSaGnZgcd0LbVEgEqoOT25RKQbtjMJKT21BBShUkCIgDQtJ0lFMY1Nha6UdBqViFo70nZTRC0lx6YSNsM4TMMYRSE5FUHatZSEGrXUQiqdTlsKCZTp1poiMtNOCXW1IBIUGXZzttFBKR32NE20VITE2CYpFCjCgDIoJoFQKBSIkEpECZlQ2C0TS9GVXp2U4zRhhMac3IgoKhERQRhwCymilAjVKNEJkFrLNOBpTItay9imlmNXKlJrCaRSDotxGqdpUlCjSrVNY2tTyyalFbWUiAKOrqSzGSmIJApkBHZK0XWVElWlkc6plJjGBq79TGFFKDQMgyxKKRiVdCNzbFPLJlWUoNqVcViN44SUJqBEiRI2Ldu0blZYjXSSRClS1OJ0m8au70IaW2stBbWvSkyWUmstmVmIhhUep6k11whLISIiQhaY1pqkUrqu77ClsMipZbaptak1BDinZhOK0pVa6zCMqKVtrMKsm7kpZRmCNoxCIdIpqaXTuGQtXZQoJVqmiBLCynRmC0WKGmHcnM4U0fVdVTkalkKlBkQEUtjObKXGMI1gRYSieSoUlUi71trViiTckhKllqJgyowIAHvKFoq+66OUg/29YRxk0q7zWa3RhnH01JWFhVyiFklRIptbtnEcQkqpSFKoKKKLoNnTOE3p1ian+75LNIwjcq19RNfIaWwh3DzlNE5ThEopEZLU3Pp+NrWcppaeBKUTUqlBqtQaEelWVVpmqZr3s0KUWmrXtTa1NqVNrQHDNCZkZtSyudjIlpJQZLYoxS2HYZjPF/1s5pYRFVNqVz7uIz6kROn6DiScrVGjKlJublhFJWmC2hWppF1Lh0gIhVuj6+ypL/3h4aEzx3EKt36x8OTVah2lRpCZpIsC2rha45RduxIlWsuIKKWsh2WtRVFoLUoXUULqu67WsloNEn3fOce9vQNn6+fzaWyya9e15hKhCKUISqnz2XxqTSVmXV2tVtOYq+UqpwwiumjZWnoYxtZaqTVKDOvV0XqY9f18NouoFhFy2lhS13W11jSg5kmKWmoUjdM4tSyq4ayloAqZaYFM5jhO2VrOZp2c2TJEkyWHhIhaVgdL5Np1wlECJAcihKI4G6GiUrqqZBjWgCECFUWtIjJbqaWYUkopte9nNbpawrjvukCIcDiztYZUo6RzGqdU1ugBVCRPbSxEwNQmsKQIVUVIw7iWLYElIeTMbFlqBLE8Wk3TMJvPZYkspUPUrkaEMCVIEwgmD4ClkEqtyB4nQ44tsawoESgxNkIRJUqIWmopJVvm1Jpb1FAat9ZycioCKcwwjdMw1n62mPXNjohQBLZtIkI5teaGCamogkEIZCyQcTMRpOXMCDKNVGpVSI4QGMD21BqAmJxSKVEbzeumKpJhHIoCTNQ2TiZr6aKAM4kiptTUWpuy9l0RmU0loFBxOskaITC2gYhSQ7IkSCcROTWFaqmtjdmapFKULcO2bQOOiK6WbHbSMiWilADsdEqRymlsbWpCyKgUURSQFm44DJIVklCUaDlNwyRFtjZMjaBEjUASCtVSSg1F1EImjghlukYnRamRWI1hvfbk2WJeu5rT5LSIkJvpu4JUapRSMh1FgFuTZEtVEZGZKYSFFFGj2C4RxqUWEdmm0tcSxemWGUXz+VzYzc0mXcBmmAYgouJI2jQMUswWM2dKUaKEgszMjNJnTrXWUgKFkCIcblPKRClCZFqSAREmZRKH0pkCI9lyEFEjyWwREVSkxBGh8JQZAuM0NjKKkAzO1jKnlq2NXekyM8dWanG4ECoFk81YRSpRiABqLTnZ2KY5JQHNTSpkChMSkVM2jxGFtCBCmZLTTaWUkACnwS2TEipFaXBrma3ZhpBUJSmKsjUTAKGqICJatqKoXa8oTmpVyxyHddd1tFytlzhr7VvmOI4S0dTciGLLbSoKQIEV2Sbc0ko3IEWNYuc4jREqJRRdBDJjGyyqi1CbpqgRISddrSk8TepCDYPDobCVNKl2XS1Rmi1jO7NN4xhEyywFlVJUKJSIrkYpBZjapIj1sDKU2hWFirBDWAFKNVICBGlwIpMIIWw77cw0thRSCKWbUGIlY44lSkrr1Xoax1pLptNWKW1q6ez62lqWiH7Wo6IS2TIksIOuFkXJpFZhIiLM5ExP2ECYcVxjxnEUcjKM62zZd10t1dnalChkt0wykUqpwkJYmQ2MVUsoRESCkE1Ctoa6UkugInVdWOHW2tRKLaGKZbdpahhkcFqlltqVUgsmQlFLIGezXUpB7vu5g5xa388gEBGSNbWWrdVau1JV1PfzqU0lsCSofee0DYJQ7Ws2t7E5LblQM5ukNo0CKSTRbFtSNiuili6KMm1bZmpZo/Qbc+ckFCFsRfT9otRSSymWrVrLsB6RatfnNCa4Oacp5bBbTmm7GRUJZ2ZrFiU0DRMRgM00jYmLiu1hapICR4RCImvpEM6G1NW+lGIZk1MSESESipxECXBOI4ookW1yWkAyTFOm54uZ7WkYExsHSCqEQ61NjRYRtEwRklQyc5ompFJLSCHSjoIbIbraAeM4WpQaJC5Ro5ZaQyFUqizC0c9nXa2KEpaERCnFUEsnQJIVqlGIkATGqKWdLZ0t09iZRgok2ZlTllKjK25JdV+6iHB6Wg8mj504sbW5U2rtS++iNk2ZbcqRnErUcRqRyIgSCpHYqdqFCMp83pdSs7USksAWpBOyK11RlFoIwl5sbPRd34Y2TGNOk5OQJBlq14UcpStRhvUwjitFqV2pJQy2p2lwQzX6rp+mNmXr+rnQMK4JlSiBoqiWzsl6vRpbdhEoL1w4V7o6X2xArA4PIdfDqpaCXD7hoz+8m/VFhcw0NtlyHMf1eqhR5/MFZGutlBKlkFZE8zQO62FsRwcHRlEiQjlm8xRE18XoVBoIoSKscVhnZt/PVsOwv783n1Wi1loBSbUEKk473XfV0Kax6/upJeGN2WbSaulkMltEGYZhuVp1fUdxtpYtJRwEEAqno4SQAiOos9p3/ZRZa621pjNzzCmjRo2AEqX0pYaJCMCmdlFUo4YikKYpo0TXzciMohrF2KaGLKcpXckppzQNVZUQlMxpvpjP+sUwDHZObVov11FqN591pSNqtpYk9tHRahimrqul68IiGIe1jRTOHMZxylailggVSZHOsBBOpnGMWqMEOG1gHMZxnJDTeJrGaT22qahEqVFKlMicIkpXa5Ies2WrXSmls0hnjSilODNqEWFBWrUoIopsUULCzSlCUUoXEiEkm8ypjWlUS5UZcyoqpRQnrbWcmqQ2Tm5Op4qcLlGnHHGWUqIoVGsNqShEBFCigFq6lFqitBwzXUqNVIkakqHZxiGD2jCCA03ZMlFaEnZRlFJNRle70ikUEigTp9OtUyiKbYlao2WCSlfDQhrbNI4TIKmNLdWKai1FqLnJKEqNMmbaGVGjRIkoJZyttebmiFA4p4xAilpKUFOexgmUoosqCaMSrTUSS5BFSlJIAJmtCUdUO9P0XY2uZpI2spBwKJw5jOM4NZCzITXbTotQpEmTbiHVUiOidMWZwzSgiFApBXBmhDJtGVNLlRSQopRSuyoU2Mi4hEIFnNmMyqxM44RUS7EyQCE3VuOqodqFpxzGAYuiZpOt1C5bwxElVKKU0qYpM5GKCIUkTxOJJLBUJKcgFBHj0CyXCDfs9OQxh5xalFBEpjEKWUpnZpZSQ0jGUolZP3M6h7Tb4fIogqglsyHc2jSOCNKZSZipoSi1gI+GVam1K9WZ05TDeh1A2qJGMdmmJMJOpDDGzUaBsFMAQjYSDpU2TevVUPseGRtkiIiu66qiZRqXEooiu0kFgYCoKgoAJ0SpXSnFznQLU4uExjGRa+lNy2lEMayHcZhKCUt2KgpuU052dl2nKKUUY0UJUaNkc8tMt6llKQHYLrUWlLSpNaeJIF0jkEykcxpHOxEhpAKUolKq5dYcitpVWUUqXacQjrBCrt1MIRkb7BoRtWRrmW4tMzOsfjbrZ50spAIyLadpGPp+FlFLpdSCVUo1LaSWPjo8rBEJrTVAKohiES1bSpFOY7vRVEoQrrUoqpOxDTmMpRbQME3jMJbalRpBtNYym1PCSBalRLZpHKeoSEyZObahpcJKSSUKkkoUW2CHAjIT2+CWpdRQSKFSlG0aJ0MoJKJUmamtlUSpBLbJECYUAoGUU2tOWbWGiBwnQ62lpUuErSgRAY5SisAgMkqHqKVzZk5pAUYuilJrKcXpJEOqpTOupVoSpWVrbZSUTlmBAIUVga2otVZAVoSAKCVCOKOEQhAq0fddmnEYWlq2Melmt2mE6Poq1DJrkQgFXSnGEVFC4zBObaqllnnvcXJ6GFe11tZayyYL6PteEc7MbK2R2UpXpYgSyIKiWrvOqVI0TFPLFoQkbKfHaQUqJSg1SMg2NZVSSqxX69UwSKVWIgKToVprJqVE38/SWaQSMWUzGVEiwqRbRkghC4GkNrY0rWVItXbpNgxDNvezrtQuWyvCkkRLG7mlhBwmwFFqQNpEBICMlUpSEW1qLd3VElGyNYuqElUo+loMTkvUvjZnoIiaLQ3N6URoylZDNuM0CaKWeT9zevQUCkytVQoF09TWw7rUGhE1ikRzGmiOUpxTa+kpUy61urVxGoJo2cZxsGSVrpRxGp3Z1b7MIqcUNXEoSoQigDQhFCGVrpa0sUJh0dVecLg8mtXFbN5l2irIimosUYhWNI2T030/W68Gm77vSqmlBFhW2pJatjY1NajRdV0YpHRDYZzNzU2ir7MQ4zCWQFGnaRIiPA2TpFnXOzQOa5wl1FpGiSghoRCS0NFyWUrpu25sk4QUmV4tD0otnnK1XtWuq6VExHy+kc3TuB7GKULG4ziWUmaLzRChMG2a2tFqtVouqbWPKB/zkR+iQBFSKV0pEcv1alivuy5ayzHHWrqowozj2PddFMZxiggUpYBqV6OW/vDoYDGfl1qcOFsjS43a9SBFKVEdFhaScWi1WpWoSBExZnPLvu8hkybVKCVC62G9OlrN+tnG5tYwrFarZSlle2c70IUL59fDuu/npkXUUirphknGabKbSrWzTeN6NShjsblRS0Qpq2EF1NKVqF0tdTaLIEqZd91qvVouV2FNOUFIUUotodacbRRSWCkURAzDYKfTAoUyM6FE1L6UoI1tHNa16/p+FtI0DKXW+XweUdfrZanR9X1Ll4goNaWcJsulK0Kg9DQOY0Ttuk52wqzUUjROo1RqxNQybeNaunEaS42cUmBo2dxaBCgCJKDUiAiypZwtGddD7WomhEsUQxDCZNqufYc8Dm2c1phQIKRQ1C4KKWGj5Wq5Xq/7vleoZTPCgMfV6JwUiigAprlh46S1UkvtamZGia7vQyFRS5myZcuuFhurKcIGu4RCkUnLLEVdX9NtmlrXVeyWLTowBid2UxRPUxLNlCJF2M7M2pWWqYg0iIgANbKrnYqsLDUiQhGhkJ1pEYpSooY0esKZzSS1KyXKlK2li4pkA0KKUsJ2YKmASRtny5aTk3Qbpwau/Sxbi9IJJk+yCUmESgg7QyWKsKxsrcmknWmTAQmZrZYaRWkXIYWw7daylCAiM+1WSmfI1jIzSi21ylhZokQUyzj7ftbVvrkNw9haQzYqKpKksBNTa621s90ykWwbQF3XRYk2js3YU5sykO1MA1FK31VnZsvoCtnGoYlCsRS11pxaa0lEKTgdVqm1tWytKYylwGa5WmFKV7taSJoNUlcxAkiSqFFLRZCJgGg5YaKPoiJFqUUoQqVECSRlTqFaa4dwElD6XvJqPdrN6Ny5s8PQNja3IsJOMsdpXUpXahnGkQyjqEUIJwYiJEIKByIiIkxGKaims5aIUpyeWiMpNUqoOGwymyJKkTNtVENO49pVNxKH1LKFSteVZlvUIjcrQEDagEMRNWxZlqLUWiTLLVstpXY1nU47UxGhNJomh8IkEd2sEwIjnA5F2iVCcmtTrVXCCCFFFJVSSMsuXRWSHCUENiUiSgzTiMkpp3EIchymiOj7WdSSzU4pJEi3EFFLKAiX0hHCJsCpCAhJtRYHaUcJNTW3UiSrpUuUWmNKD+MKi4ipTZkupXazXmGnSi2QreHMTEqN2tXWJkHXVUVVIawIau0S3Cw7IqJEiWiZYxtFKRE5TYDBONNCQl1XbFtGilKiKiTA6daaRUSRJTQNU3PWUmqtCEFEbW0ah2maxloKxrhlA5Wi6GqpEYp0hsJOpL6vXdcbMdlhAwa5lJImSVFMixJOO9s4jSS1K7VWO4dhxKpdlRREKVjgAFpmLSHSDkm1RChaa40UKIRQRK21KByMQ8tstatRopTS1bAypzaNrdauqJRSotjQmiXbsgy0TKPad+lcD4MTQqX2pZZQCCCmaXJaSCUyG4TAUomIUlq2aZoiZGMrakzT2DIzbYyV6RqRjWkaS6m11kxHhFu2TAlZSebkkCOq0xGhIhlHdCVca7YxSqm1gCQ1ZyYoRUREhJL05GmyW4uuOKMNo0KlCzDp1kwaMU6jp6x9tW2JxLIIjLEku0mhCKB2FUmWSpQSXe0cyA6iltJ11TRnlloDJUSoZY7DSKGvNaJO0yh7ammMXRS1lMxs2YoiAhJ1khnbZCdS35fWSGdfe2eOrcnCLop+PsuprYd1FBeVrquCzCxR02m7lCgqtk2WiDRBKKKGWstpalFK7WprKVGqcsrSFZqR2zQlTlOKijSs1uM41aDUkpnT2ISQ0whKKWkyJ6QI2WlnKTFNY05TKaUQ4Gkcc7KKhO2GgilX66VCpYRE13el1FA6KaUMwzSuVmU2m81qjT6qs9m2iqaxZSZSlAg8tSYySnHD6ak1eYrSRYSsqY3jNNWIrq8p59RCEV3ZvXixtZwvFhFhG6EoXV9qlLRDBed6NYzZ+m5uZ4TWq1U65/1MZmoGOd11ddZvRJCir7NxHNbrgaBlk8vQ1pubm/P5fJrGojrr+2lcR8h2y+z7bntra9Z1UaJ84sd8uJJhvTRERJtaVyJqnS0W4zhN4zSfzXMcx7GN41j7rihw1hrTmF3fhyizrtaaORG0cQqJUnKynKZM66H2dWNjo0QM4zSfzbt5H6jv+5bTOLVa6zgMxqUUQbYGns3nU04RMavVEXZbHh6uhxFnZltsbAxTm8b1xmIulVprKWV5tGrT0M9m0zS1cap9LylckKMrEukcp1HJMI611iQlIUm01poZxzGIfl5rrQqBnK2UmplTZpGmNkWECtnSDkGbBpXo+16KllNEsU3TNLXmrH23PFoe7O3Xvpqgqe+qI2xPUxaFHA4LIkIRocic0rgZaT6fhTS2jEKUbkrLVoStqTWhUgoKJNmr1WBRanhqpe9qqWBCpdZSRTojohRBKLqu62pPKIio1bYznUkJSVIYg4pCodp1Qq0lWLXa4zBNNSIiWstaCw6CMNlsuXa12bIs1aIopWVr2SJkZ531SEJTy64rktqUIuysNUqtU1q2kBPbthXkNI2ZtdRCjK2Rrv2sjaMiJMapYYoiSkhhCImIoihREkJ2s+2IMg5jEFGitUQGtzEzs9QaimkaVSJQa4miKlS6dLZpLNFFlNpHrRVLElJERRkhXFCGCsHkDCCzZTozyXBRKbV2ZEZEkVpzRCiQBKqlGOzMRKEpHShKGGGACJwAESoRgE1mlhJuTNM4TVOEQqFSsuU0rbNl19dai0BBrbUWTZlgo6iF5oQaNeTMdKaFFCWCiJYNe5zGKae0AYjaFWBq7voatQqcBkC2SUepUTCQDqIlrTUUapkmSgBOR2A5ao2IiNqVikhnlFJqAQMlOoWmYRzHQRFdrZZkEgIiZCxFhEClFBFTS0I1CklrUykViIgSxULgBAkpJAclgoC0cYRA0zC2bF30s0Vfu342m3VdJ0tBLR0RUZSTjbtaS402TUBCIQjS7oqIIkshSSAsRFeKokiIEmTLlNRaJulMhKRQUSCLlolL7QIiJJicmVlqWHJiN6m4hGlt8DiOpaiUaiTHNE1Rat/1hNfDKtPYtXaGaZyAWmstJTOdRBFSKaWUEkSEiko6iyKi1K6kW7rZKhGtJTSS2nVCsqLWCFGKAJyZoSgRCrDAmU6c2aJ0tXZRSq01VDItrAiFcKLS1dLMOCXC2TKJEmmKkNQyo0am7CmoKqmIoJSQFEhTyzaOk1OmhkopkqJUScNqrapQjNMEJu2gRIRqZmJ1fY9cSldKSETXF4mQIrAFlpwJAC0Te9Z3EcVIUiY4VWLMFgqhUmqJiFA2p40tEVHJKdNCUaLrZlHCpkRRFNnDNLR07bpSRMiZQN/1BDJpAyWi2UBICrATY9dSI0pm2rRpwuq7jpAczskSUEotku20HYSUdmujsUIkBK15moYoJSJkDW3CLl2HqBRwUSFimqZQUajZRaCwsFmvhygSgaLUsC1ZipbZMoui1Grc1mNL2jhERERBhBWlEoBFyKmIyU2ZUarEalhHCSkUpZaICCM7gSjFWEK2k8xUUmqdzWalljaNBodr6ZwuNUoUhYBpmsap1VKwu64LRZSwHaWsl+vW2pgNJ5YzpZBI7AZMtuQstUC01pytlEoppRYQopYSinSKUAkpI2o6JSWt2WoQVoSh1lJKwV6vBkOUkJmGlolEiFr7CLWp1VprKRFEKS0zM9MpKFGEIkqppRBE2AkgWraAUiINWBHkZBOl1r7IMU6jW0bErOum1ow8TYTcxszmwji1QhAa1mNUdbUDSlSFbE3j5Ewiai1Iw7DG1L62ccqcQjhoq6nZs76WqJmTVJyepilQlGitCYFApahENQrRUBeKUkuEUHRRCEWhqE1TZiPlZMoppxQaxzFKkUlJ0JprX4rKMLUuwkFrTYhw7fppzAZktpbTNJVapFJKqbWu1us2NUV1WiWUDOu1kyjCclBDQqUrpVbAmWnXqCGQS6ld7Wqt4zi0qdVSpkxgmsZmz7qZhLEza1dqmYW8Wq7b2Agtjw6ncSxddLUvEVFqV2pzgoZxnZmYKKXWOjU3p52y5hubq9WyRswXi2xtuVzllFKUrrbW1sMoYStz6mpPUbbm5vJxH/1hXde1TBlKsVtECRHEfHMx6+c4x3GcMgkiSptcIkazWi5rCYUycxrXmdheLQ/7+ayv3Xoc5l2PfLRaTeNYu9rsvd1L4zhEKbV0XdfllM6sXUdQSo1Qa3m0XDtd+7I8Whczm83X6/U4DLV0s41Fm6bVcl37bt71J0+e6rpZcZTSjVOTENTa16gqpau1RJTaGXe1y6RNuZjNWjIN66i177qWOU0TgXG2qZaYLzZKSApFkdwmSx6GwXKRirrEJBFRu9KpOKKNU4Rq35O0bNOUqWas9Gy+MQzrYVzPZgtMa5MkQZSQlMahHMYIgcFd7Q2ZkxRFZb1ar8ZltlS61CI5SilVEWpuRoLWmpDw2KZSCuB0iSKFM4dpbFODyHSOg5FKFAkLcKbxOKyrCrWmswRRSqD1MIaiq12ppUS0bHZ2tRNMbVqv1hEupRrX2peiiCCUGIpIERGW3FJW82SjUImIMC2bjduYDQuJUKQI5AgZ1VKlRkpIEaViDIGBTCNL0VqKROF0ZkZXQzG0sUoRJUTazU1WhCiltZSY2hhFUYpJSUItRzeXrmKaXaM0URQqoZCcFji6riiQhBQhiRJFoTY2G0gsyePUmCYkrKgiikKl1FJDUEuNEk4yGwJLVQKZUktOrbVWoubUBKUArl1XoqiolqKQ8ZRNpZZQawRqOeICCoWqulIEDiJCDtMiSoSa3aaWmRiJQkREpjNbm6Yopev6iCIFFjgsCStKFIWECUmEiKISEcg4W1OJUiIibJdSIsJpQGKchuhLUbQ2DutV1/UOe3JzEwQCgLQjAjfsUktBU2vNGQrh2te+nxFgVKJGJOk01tRaRO26bsqWrbm1cWzCRKScjQjalJINWIqMKBHFWFJIzrYepxJVCmcTlKj9rJZau67Ou97kOA0QQmDs1iZFRBRJ2VraJVAUORSkyaEh11INdiIiAguSxGEJoVqK0TSNTgtFKWQ6jZKQhEKAQrYl1SiCHFugaRozW40OaMpQ7bquqDgTe2otAopy3cZpKiVElCjpxFYURYAl1RJWlFIFWFFUSiGQI0ohFMjOacwAlWjTZMI0Ibc2ZSqIqArSchocUi2dUZsSqUbt530N9V1f+n4ah9ay2ZKgRUSEIgppO9uUJShREskWEmpuQJuaFKVI2BJpIUUYhyKQlC2RyExbUkk3ESbHqXW1AG1a41L7ghHKliYjip3rYT2OY5taYsQ4jJIUBmVma8246yrhNqUUtVawgkzcptJ3USNQ1/ek7SylYjIzIrq+SLKNM6TadVFLSJnpqTWZNFD6rqvhlgklSqkViBKZtNYMRVADKwKg2djTNDmJWksNOzPTdjfroqhNU0RBLtRaJdGmbG1KU6MqBDlNTYppHAy1dhElsCRFlFLTbpO7qvV6WC6P0p7N5lEKiQJjt+znfQm1MYf12kCmcQRtbHbKYRNRuiiBSglJEWEcNZypkFFRIIlSAGwhqAoUEsM4StSoiui73mSmQxFSYmypiFBEV6tUKI4oYeioUVMqFJUoUWopUlgC9bNZtnQaEREWEdHVmpnOJiio1HBEtkxPQCgiyHROObYJEyWEUHRdF1JLJ03GmUSAFAiVUjONQQ5FS3CTAwkIADk9TqNx7arsKVuJKLW0aZrapGwKIaXtzEKRNLY2ja2UMJ7Gseu6UgLJid0Uioh0hkrXlUxnJlFqCZvWMqSW6XSEjFWiTdOs72pXs+V6PQDZ0jSVaJOF+7435ORGyrZzmiacfT9DMU0JrrW6Gat0tdQ6rIdkErRMm650CpyeMiMiFFELhSDARi2TdNQIRBQkqbRsZKoIsiAsUDLVrkaUQFEEdLO5RJUsIUIah2HMsXY1FG6ufeeG06WSU0pZum5qzZNbm7qusxnHISoSRWW+MZ+GJJjNuhIxjENVDMM4rFYRpWUDd6UgZ1oRCOzadaXUli3bUGoFItR3XS3FkG0sCtvC0zSO0+RmVXeldPOFQjTmfR2ncRqHZkIiHYoS0c+6cRjX4yBciL72ta9pu2VRV7qiUlobgYiwLWeEiko/6yXSdmstM0T5mA/9gHSbzftUBKS1Xq2Rx7G1zBBHh0sVbcwXBdbrYRyONjYWzjhaHRYTJapiWA6zeSd7uRqmsUVE1/ezbjZllijz+XwYhmkcFTUiSkSSw2pZum6+mElSKV0UwOmWOZv1UTqcdgDrcXR6tpjV2vWlX/TzMds0TN1sNgzjMLTotV6t5/N5RB3HSRGz+TxdMpuJ9WplpBLYKCzmi3mFYRiwLCJUVWotUzqnljhbS9zalJnGrbWiQlGpUSSXEFFqKORMrMm4NSTskKOqRi2F2vXzblZqKSW6ElHVMrNNpVRFVTArtXRFEggVTIRKCezVenm0WnUqG5sbUWvD05SQToNbUy0sl6v1+jBK1/d9N+trLaUUUNoCFTIdEbXva4lpygLYwzS5tcEtW8t0V0oDZ5YotdZMAyIz3ZWYMmn2NEmAJAlFiYgIhFXkKXOaUqbWWorGaZKIqChAQUQNyYLEdo7jVGotpdoZUUJIqiWEsrUoKqrYzdnSUYog3QJAwJhTNkOSTaXUEgoFCpBobZJKKSXT09RsO5KGsXBEkVFIIpAsrBqBlNmKVErX1cBEDeE2NZegEQWjUiQip8yWtVZJbtnaZBkkGSJzlEoN1VoSlSillFJKOsdxGttkTGhqEzgzi6JlrpbLgKilEhTSRmABtRan0xYmRFrKQElRtmaHQlW4TdloBhzhzL6vEWppFAKjiBKFWmotpTmdTUW2VSIioihwWnZGjYhwCciuK7V0EpKwJBnZ6bSRyVBEhDNtlS5qCCQBYbJGxayHYRinru9kMiYnUYoRtmpFgdOKGgEkLooogSyFkAIZgYgoAbRMY3CNiKI2NaelACfuaqlRcCulIAy1FGNbkmtEaw1CESgyjZtkIgTdrItSpmGahrHUyEysEtGcCgWBFAJJSLYkIdIurlGEGlYo3TIVgUpRSyOVaGPL1lBRLaGiEAGSEFgqOCUphN3GUSogsOwIJc5xSly6EipAidJ3HZi0wcU0FICyZXNbzBalK6QtgySwcQIokDKzBC1tW1GxnEYZCOcwjdM4CZrTmQrVUqLUJAkB2ZzO1lrg2tdwGbO1abRdaiR0tQbC2AltvR4llRKZU2vuumo8rIfWmiBbUmRQpgGEbSxRo4Bsl+jsXE8jCRGQNiht2Wm7RKmlUiSEMiKsDEpETFPLnEqUvtQxM91kdV1fanjy2Kau1NrVQMbOBlElm6LoZjNBpmWihhoph3A6ai1VWEYFD63ZLVBLGwubxNHGqTXXWkopTqdTUu0ik5wmFN2sb2PLoJSQiVKdrdYuIhS4NWe2ltjYYEnImQSUCBDZFKWWrsiyWpsAJ1FUSsnMnLAzSomiErV0RaWrRSVqVUk3kEKZLVumqLUIgxKH1PW1U6zXy5ZZa8W0zJZExOipRi0RQmObSJpTFsJyRBB1bJPtEKEiYYMkYzlbMygSh0HJ2No4jq1lLSWidLWGwkYh3EARIZWAqU0qpXSlqFgRIMvOzMlIpXqawCVKlOL0lFO2LCVqaJwGldLVwIQ0DEOzW6aEIrp+hqJNU+KuBBJCUEpIDkVICoWUGCwVnLV2CtJR+igRIUUptjInCYxxV8mUSnS1SsJubbINKqVGRFe7CBF0XTeOU7axlC6nyTJWoyliShdca5Uip2lyEpGtCXddbQ27tTTNVoNie8oxEtcCbZqmtKWwM0IiSAfqZj3psU1yoiJRVLu+CChyOrM5XEsvCTmzZRoUodZaQbWrtojouzIObWpD3/ehmKZWokQhp2aDp752RrJIai0RknG2YRxqFEUNk7TMzNZUiluSYdyyqURXOimcGVFq6RA5TqESXSkEQlKtldYICSEiisGZtXaSq0vtyjSOniZKyCCi1CiRLYdhnTmtxxGy63tQlJKYlqXrLFprtdRSSppSNA4j6am19XqdZD/rimZtapktx3GyZ30PajlG6ZozbWzEfNbV2tl0tdaujuNYau1qba21tNxsKRRRS1drhEMQtQSFafLh0WHtun5Wh2EooXnf11pLdCH6vh/b2KbWdbVGHcbBSd/3CpVP+NiPNApFsZLJmbXWiIqcY0u71irJwayfGw3TME5t1vWL+aJ0s6gqEZI2N7bGaQyUbsjjMI3T2Pfz0nWLfkGoObtS6qyvXZcWoaJok4FSwhhjM1t0JTogFF3XGcb1MmpZzDaGcZKYzefDNGEZqxRsK9wyoigilbV0clGnUqqg60pzUy211PU0FMWsn+0fHt5z553b29vzeT+Nk02pXYiWLhaKEprGNkxTV6Pvu5bN6RrVkqAIpwHj2nddqSpaD4OQui4SiYTV0VFzSkQXGKPMNg3rREWEK6FMLw8PHUGmTVdrV0uzMltVzGaLqKVEEcZECDQOUwSldlUCSZSIltmGsZQotdotQorINpVSay3TOFkuXadS2jgqSle7acpSNJvN2jShVAgY1oPtUFVhnNzGicARtVS3hhQiFG5KXGuVSqbHaSoRtRZMKRXR3GopRVGCEtXpaRowibHJTKWopUaJkpktHUgijcCyTEQBt2FMLFRrcSKY9X1mS1NKgQipdBWrpWspNUqUmq2VojrrikmnRChwRhe1FJVipxWSkUkjqZQQimIaqdaacY2SpJw2JTqJKSdFyDQlpFSmqYElWQgJopS03bKUQAHObDYBEVGi2i41aq3DMGRO6ZRUFBkOVKNgKCBlkm203ZxISkcpsnBDgd13tTUPw7orIZU2jeM0ubVQEAVI21aUEHbLySkpna2lsRS11JDsbJOmHCSnsa0IbBuchmYrZHuaRpuIiFCbmgIZkLAihJyeWstsUki1lEBEURCSbKJGKdWmlAqZU7Y2OV2igFpmhLq+w2S6NWNHCRHNTcjplpMgFA7ZdqaKbCtUSl+iGBQhEFFKTJNbS9lJpjWNQygwIWZdRyhUkSHGNkxThrGy2dPUFGFoLQOVUvpSoxRsp6ecahRbza2qtsxsCZCJUSAip2lyK6WQSkyINBg8TFMtpZYqQEhECVGi2Ga1HuazDskmTa1FRClFoRqldhUJJxhrnKYcx4gOmkrk1LK1iOi6zjZOLEmlFDca6TQQESKdIIVkW5Fp5zQZxnE6PNhP52zWiwCFSi1VEemMqC1bKZLCzUSUUqdxPa7HzFZqNZrVYuPMZg/jelhPs76vXd91tbUcx0nCKN0iopQOQiZNKEoExXYWimqEZGE7SpForQkklJKYmt0yIiICSbXSUiKbBUJR1FqLKCWqgCIbnFFqX7ooilJq1/d9wUaSFJLJRKkM1HV9tnRmrRVIZ4RAoZCd2aSwTagqolQbkxhJU9rOUNhGJEmSJGkkEVJECcE4jCVUSiSyk6kRMk0okBVAm9pytZzGqc5KqATUrgOMbaJ0bRpIuai1tEGUUoA2NoISoaJsLZ21lALZGsqxubWpgG3Ly8OVgiDGcQDmXd/Pezmac3m0FK59HyFK5NQSF0fpStdVRWTLlk2m1pKFomo8TWOEFBqnSbYiVBRRjEhnNkVRDbfMzJwa8jgOtkspxhERJUzmlImCQOBUKSBlFsWYozOnbOPUugiVGigzFQ5Fy9Zak9Ras9P22EZl1q4jhUgrSmBTmNUeQ8iyWwui1mooKipB0hKFuq6LUnG2qXkiuogImVJDuKhY8uTWWhvHKKVEWIoIUaJGkSzStiOqoggFMpIEZhjGUAhKrbXrx2kspUZEVyuNKVspIWQn0ryvNsOwbpkk0JwAtStyZDZgXA8Og1pTKSpRMzNKKaXK2B6nCWRsU0rUolCpfQ0RUSIhlOkSpdSYcprGKUrFjtBsNo8g0zLNWUKtIVGKum6GwJYERESNLkoBnCCiBKhNbWoNaTZfKORsJQrCtgjJQmkLG3WlyNie2tR1NaQ2TVO2TGqJtJN0plumXKLYzpxac19LksKGMbO11lp2XT/v5yjGnFrLrva1q6uj9Wq92tjYCEVRaWlE11WVCEVzK6W0Nq5W677ralfHaXK66zskZ0YUwtnGruscqqXULmyKqkAluiiZdjbbwjlNI9guUl87KUoXUTWsxtrVaWrrcWW7rzVx6bpOtLE1ZUi1q7Q2TalEofW6DeM6FHaCogTEOA0tMyRwKMqnfuJHD+Padt/N1tOQ49R3s6i1qtR5zUatEaWul+uWo0LGJaJ03TS2UkPUdKqUo+UyajefzQl33QwcUihaa62NaXURZdYXaz0OXS3zfpZpglpqw22aECVKLbWUcPPYhnEcu26WVtRQFIXbNE6T+65PZZqum3WzKtOw05nemM/rbJatrVdrUhSlGaepoFnXrdfDOKWCNk6llM3j223MBqVGyxSqXTEhhYygFNXSldopois1Sgzjmkbt+7QR2SycJseRdKlymyxNU05tnMaWblVRSnd0dHh0sC+in89r14fK2FoEbm01rEH9rEdqaQtJs66vfSfU0pakqF2EgrRF1Cok0fV9KRVpGFbDOM363tBFKdGBW7ZmO6dM4xYlpBAYSigNCKRAlMQgSQTZxmk9tmkqJfqub22SpapaqqJMrUmUrpZSrByHwa3V2rXWpmkqEUTYKJTOcRjCiBjblK0VRT+vRJAuCklAlNLaFBG16xW0lqUIgiCbbUcISyHCSklBhCAUUSq2bQKZTKKEs4FLLaWroFIUqjZWRIiIkLAU7ko/pRGL2UyEMxME6XRa6iTsbG2SQtBwEBZjjkpFkRA4Imxaa10owbYkWwSZaROlKlwUUqCUSo0qsX9wkMmx7Z2u9hSN4zi1JKjRGcjWsmXLiAgzjROgUhAWXS0tGy0ToqhGlzhNoFqLAqfHNrlZYSlatgZtmtKtRC2KkFIoszVHKEWtnRRhlVoDTa0liXFmyDQAI3CSTmcSESabm0oJmNoku0RBCtHVAiooSkU2ERgrpIhSuuI0knBatcY4TVNrOTW3yRTjojApWyVkmrMISaXW2pVpGFfrddf1JYqEIIrSbRqndFoqkgIAlLjWGpAGMG5tUihCZMu0lZnOZDGbOwqAoitBRCDb2C3b2EZZKsXp6CJKqJHKNk6Ju66GJBEhp6JGjVKiTm2KUIkipBBSgK3WppAyJUnC2XCM4xhS380ym+0SRbbdJJothZ1Ta84k3bKBuq4Ecsjpli1K9LWjlJya7dr1ws50KG0UoqUTkICIUhK3sbU2RUTUEKp9V1SjqNRKcek64ykbaZqB1rJUAREiM3Eoatd3XW1TQ6SztdbGkVQpKn0NubUGhFSjRC2hEgohhxM7M2ooQs2ZlC5AmS6llFLcbGff9RGltal0tURkaxYRUaIoiuwmpnHCmbaTAgaLiDDI0Xc1CDIdznQoiHDLTNcaKqWUMGFP2TS1lHA2pBIKybZscGs22VoqopSiEAQiSgSqtUaEABFRS5RxmpxZu17JlCMgRS1FUstRiojSpindFFIprWXaTrfM1iagJRLzWVe7PlwoMigIBaHmqQ3DYCKopdQaOBJQgAUE09RaJmIap6k1ZFIK11qjhoVSUcqs7yJKuqEw2G6tgfpZX7tuHNfj2CRKCcgoVdBamiylRimllgiRYTcaFLraGZVSAk1uahkKy7VElCoRUeRUEFFKFEQpUUuXTkSAbYtQqbUgt6kBTmdmk2tUydmasKKSaSKdoIZlGWOihpKoZZqmWmspvW07p7FFLUpq6VSCzAgFxc5mR6hNWYSldGbLKiliyuZmoqiqIITtBs5UFLI1t4Qo0bKFlKZGOCQUpRTRWiqQJClQ19VQycyIEqEkaykRBUUp4TQg0bIFRCng2nUBBgR2y0w8DVOEat93tTZFtlaKuq4joljpJqJETbW+FJt0CqY2tmmqXe26Diw05oRwRI7TlJktbU/T1GynExZ9r1oV2LSxUSJbSygR09RqKSVKm6aptVCJKCrCRWETgka2qUlM2UJSBICZbFJRQgpsi1CAp3HKbBYSU0vjKDG1lras2WxmuaXtpibMmFPXdQoiSillylYVbWo2RBSBiIh+Nld4aFNI09SEZ/N5cwMt5vOIjsBkG1tOSahEmc27lh5Wq0D9fJat5TSpqO9ntGw0EUpPblWdmdpkGak4p9U49l3X9bNxWGXaLQ2lr10UmolQYRiGcRgz3Vrr+1mRVaLrZ8N6XUqV3VxStl0UObG3d2lze7MUjWNr2Uqh72autJYlYnl0tFqv+37WzXq3JFQ+5qM/dFyPEaU51+PQ147AbUpTasVWUmohnEmNMuvmte9Wq9XFixfm83lma9lqlIsXLthSaN4vpFL6mrbBVkQFBLItTHa1H9t4tFrWUiOq0qIVBQpPbRjHYRxqSFAiFJ7GMVv2tVcpbpkmVPtSh2xd7RURYAzZ1fk4TGDDOI6CrnYlSmYrtYhi0fVd1G6xWLjZ4Xk/Jz1OzThCwmnXElIQJUptaSlUSpumGl3UklMmrqU6U4rMoaVnfSfFOExdN6tVbcrZrI/a1a4GotSj1WGNMt9YRJSDo8PMUdDNZ0UlSqkRIJNtGAKksEGEivCUrUhTa8M4LOa9027ZnE73XUUgZYNQGyehKBrWq1DpulpKF9FlyySF16uh62pisIF0lMA2CoWzSdH3PSoliCglIjOnNpXaqURrjXGMWrta29SwcYkaKtQSacZhdMuullAYOx2l2FmizPpZAigkKQhht+ZSQibdWrOdUgzjWCt96aSwE1S6LoqKYsrMbM0uChcpFUUIMtOe2oTd9R1WZqrlMI7jekAQjlBRkC1UIMIxtSmCEmVqTUjyNA7TNLbMGlVhAkCSM6epgVOs16PdaqmlVrfmdO17kq4EpZQoEWrpKUebNg2tNSlySkNOU2baHqfBwbzro5Q2TcM4DOtJRaWqK13LTGdXKrZUa6mEsKWQIooCD8OoUhxCdNGlE+i6UkrtSk00ZZtFKV3t+lqjOIGWU+u6vq+zCKdtW9iBUwK3qUY4TbilFapEiDa1zExlRBRFKV1XI0qJoIsQMlFQFGXS3FRqrWHLQsSUrZYiBKaELMDONjWcIWVLdaWW6pxClQJErYWUQl1ESwcoCClBKcvZWkKJEiEjm7SdFqRbRMhWREJmKlSjKGQDqEQoFEUYWwobGqXWGmU1rIUDZbYpkRVRSu2cbm2yo5QoEVNObgZQhkrLFA5FKZ2iODOCEtWJhRTg5kQgY4GFS6njNElCOMnMlKN2EWqTkQ2BpuZxGls6UukElGpKKaIUhaRCgMM2UlWHEhkjkVNraUwghSKUCXJVp1paNresRSA5FGotbYpUSjid6U5djUDCnsa1QrX2prUxJVGKbWcrpdYSU1JLndo4jSNpFdVau1pzbIfLpXAoWkQtXbbmdJSIkNN2llJCJewUkhCeMqUSITuTaRolF4W66ErXMkNRa5mmRCTUqHaqGEqJkHPMqUaRomXWqCWENeU0timhhHJqihDK1qbEbmRY6SkJ97WGhIRJZ2tNUUopdo7TlI1+NutKl2ROkzE4FAS2UdjGEBZRQrVWBZAQKGqpEZLCSeZEhELTMLVpCgUGg5TNoL4rNrXrIkJoyoYUUmsM42A8q50kZ5ODkCIyswQlCraioCgRXSmWRESlK51CtZZsbs5AJRQlaDizn3UlItMtLSIKKpFpZarGOI6Saum7UtxybGORppY0K4osC2dGiYhIOyDJbNmGUUVRS+2KU5mt4eKM2pVSKcKqNRQFSqCQjJqzSKGIkO0Ila6knW7dbN7X4mQcp1prqcVplEVFkmRJbZxqF2q2FIFlCDIRsmvXhRSKcRqGcRqGEVRr50xnKiJbq7XaltV3tZTOaiGVrnNLKdIJ1FKMhFtOmRkgNA0rRdgOCWlYr9o0GaTo+i5bG9ej7IQpM1uTFDWUbkM6AlkCMm1ncybylFYoFOm0QZoyQ2XezwBwVzrb09TcWtoC1dJ1M0nYwlO2KqXJdJQotSLXKBGRU6tdR0S2FlGkkrSuq11fS+1khIo07/uWLVsWBaJEQQzTGJRSw55KhMRqPcguXam1RqmZQyZRKjCuJ+cQqlGEPev6KLFarQV93wdOt2lqXYmoBYhSur6fzRY0CGb9HNxaC1Rr38bRBiEEdkGmRDdNI3Jfe9lJllIjJIhaQmHTpunw6KhEKaXva02YsvVR+342Na9Wy5atOFQl4UR4NQyr/aNS+/lsFmgcW3S1q90wjK2lEeOwHNZCpWgcDa21XMx6R8FZapUs08+6cZqOjpZ93wslLhEJR4eHiWkZXc1pauLk8ePjNM26+TiMUxtr2K3tXboILWpsb20EJe1AAihRVFWmqbVpbHBs50Tfd21KFbmpfPSHfGAouugp1KhRoqqMWFKJkDR5BNqUXalAdDGO46zrKDVbRlFEWWzMl6vx+PETaSui6wsUZ7NpmbUrzmwtqcrmaZxy8pRZFNOUzqSotSkNeJwmycglapS6XC9R6fu+Tc24KyUipqlJRNe7WU5LbWpd7Wrt2zCuh3Wz57NZlOJAdoAxEZIwtXaQXd+lna1FgBCQhIpCmROZU7ZxHBQVMiDkRkoibTENzTlhhUqUIlRLnZq7WkqJdLapzRYzSTnZRMHzjY3ZrFfUaRglum4WpWJaGpSZpairXa0doZYNIZACsLNESeewHkC2S62ZOQ5NoTY1hfp+FhHjNNRaJFE6ikoUY2dO6a7UaWrZcj5ftDaWiNJVRKhKCivJ9Xpo40RE33XR9xKTs5QgpMw2JUKi4a5Es012tQjSyrSg9J1FKQVnZkappRQsguiqcJo2TYoIMIQky3K4JOmkOZ2ZjmmcIiJtWTUqoUCSVMDYntZrhSza1EAlSmazqVGnnAxAGEUAtiMCRbMVhBiapaylKMLNyBEhQUQ6A2VaRgojQiohSraplDLr5yjcbKdK7SKSlMKAcMvWXEqppWS2AEtdjYhQCexaIhRARG3ZxtYyW6P13UwEgHMc1kgRIdX0SHOpRZJtO0lZKFUiShRJmYmilpK4tXRmF6XrujY1o2xGomFca6QhQDhtpKCU4pbT1KxobczEU4uo4EwjpABq1FC10injUkpQWjaZUkraxpkuJUgsJwzrtUJd7ShSlCCillL6FG0cE4GbhOlqLVEBSaVEUdjZsk2tYSkkg1MqUUoBhVqazNJ1URR2VTF2c6ldlJqZUSQkhWxJGEOEJIRIlxJSpLGzdEIls4WQRFG2TGctJUoJMWWzTDapRCnZ3HVdrVWEc7IpUVWLpymdVbLL2CZAITtrKZkt04WQlIlUFCqllJCzYYmIUIkoitIV1RpIoSiKIBSES6kR4aDU6EtfuiIsRSNDRFGpBTBJygjbUikxuU3TWlJEZxmhEthtnGyLkIo9FZUogkwTURRRSzWM05S2MCpSWC4RtesiSps8TaMnoi8QgROBi2xFuFBorQ3TWKPUWtMUqdYyZU5t7GqVCmTXdaGi0DCNCoeqREtKCUQzOJuzjYksFZxpK6RQgiAImwJSNE9tmKKUUqsUtSuZOF0KzS1bK6V0CocscpxamxI7M6SEbKlQLUUSwoqcJk9WYLBTCqFu1md6mkZb0ZVM55SEsFtSREgqgcOkIkqtpJuppQgnbm2a2pRTE6ql1ihTtja25uy7SgkhKUqJaWqSQyEFYlgPJcKWABkrVEpfa+kkMFLgFqWzbUlOUERIsl0iSpTMNjVaa6v1IGnW9ekc1tM0TWObRDhbJrgZIiKS9bhu2WotJarskNbTuFovZfXzXoZQKXJEuilCCql4ainbeJqoUbuuRAAgpAikoiLb09hERgmppCdA4alNUk3AObaWdlcqYr1eO7PvevA0tebsS9dyamODSKVb1trXkBVRS8vWspVSc8qIqKWEpFIQNhEaR+MpFF1fEdM4RkSgUkVUWjNWlCTHdVNEAUIGtzSWBE4LyHSUKoWTvnaZdokSMso2gRCAnQIZO7O1EqV24eap2cpAiVsbler6YuhqkYrbFCotm8emUFWU2iHZOYwDdun6zGaarRKR2ZwUMQxDOkvUkFrzNKWCUiqyovRdtWI9DdCKamBFnaZptTzq+y5UpKhdDUgFxU6mzJBKidpXkhAK1ZCsUjujWkuNEhGSs7VpbLUrbuN6mHCq1Jatlq61XI+jIBS2S9ehbOlwRFdsT2PLaYooUWNq0zQOmZMnRyFU09laBqhEiVIiaulKiTYO49TGaZKin89aZpvGKCWdwzi1YWiAKBGLjQ3wMI5RogaUkmMbxtFy13VRu9rVrnRuObU2TmNmm/cbLdJ2LSVQ4nEauy5qKYSKtLGYR+nSTnBmhAKm1lprrWVroxWZ07heG8ZxHKcxbeyulhCzblZrac4SJajjMKxWR7VKUQuMbSpdnc0X/WzujOYpCmmmaaxdoelwdbSxMa+ljyjCbZqmcQyV5iwf+5Ef0jKjikbX16IY2tSGqZ/1w3I1DKORU7XrSyltGJfr1d6lS5tbW12ty6OjbLlarddH6xOnTsy6bhpaRKQ9jOM0TbX2U2vZWuK+66VYrY6G9UBELaWb9UWleRI2gSRoU+tmvQm3iVCJijOl+WJGaJxaqV2UQnFkRB8CG7dmqXmSKH0vlGQpRcTQhilTdmYSKjXG1fpouZr1fQm11gCF7Ekos4UATNTaKSIkKdwyJbXWpibLpp93ThPZmKZplASysqi0aVIpIkKKqFMbFMp0iTpN03q57uazza0tZ8vJNlObSkQogKg1FMAwtbAABKAQWIqQ3FJRay0RkeESUUp0XQfOMS3LNgLTcmqZOZVSIgJhUhREJn1fsCLU1SKFlc6c9b1NThlFUSLTpCMk7BSillq72TSOgKTMjKgGbGNn9F2tNQTTlIiudBQQIgIgwGmTEAKAULFNRKAoEVGAbFO2lFAp4KlNKBEtE2ybEE0hSomA1pqihGI266xAkJNU7BbR1QhnQ0UFLHADWosSOLJZoSAsOdOOWgKp1trNZtnaelyXoq50CtE8m8+EM1sAKIoyEyEhaHbLSQrbBUd0ItKpEmAnEZGZzQ5FV+s0jRGqtQuF21hqj7NlYuMirICgZdq2iRLpnMYWUu2rFIh0phuKAEObxq4UqahouVoO41hLKJictXZtbOtx3UdNUqAIt1aiWg1Uu4JkCRNV2XIc1sLdfFYUDUxWlXEax3GKIiRLtRSVosxmhyJCY45yODMEKlFianZmKaEsUSykqJKiK7NSSQ/TOoAg7ZBUCzgzI6JU7EZRNto0UlEUpEI0Z2YTJUpEjWw50SJq2ILWUnJEICMhR0gKge2GsyUBuJSCZdOmVoqIaFNzRF+qAsA5heTmWovBdogoMQxrTGZGiZBLSIYkUylDClAQAkIRUVRAikBWZitFJkBWRikRxdkAgzOdk0M2UpQiiKhFJLak1lpOdloRZBZFOiGshBDZWkty1nWiyKRVBIUgFArkqDIKlagKpmkCigoIC1G7artlppuTQCqahknp2vcl1JwRkVM6qCKKQCiB1own27WWHKd0LjbmodIyI4pgyjaMIyZKNINE2q1lG9OuEWlKLbXWTNowTNlqV4VymhyQsjMko0CWihSBakQJt7Q9m82ihltrrSUosMLZ3FrX16KyHgbAuJZSoigk1HKqpc7mM6eHaXS21rKrpfTVWFZLZEJIMa7WLVvX1aIIMU32NGVmKYqgpQMhh3FIkM42jqCiUISchlKrZRGl1q4WlZAsFBEKhQRMU4vQbD4Lk05nWpRSSq0mAYUKykzjCGVjykkICdymqdQS4DQG4WzZaDlO09SVUmpFtJZA15dSqvE4TbWEotQSJSLdcnLUKIEppRZUaokpAbrSS0qhzFKilgqKEkWM42CrSLVELV0aptZatmmaWqulKgAQtjMdUdKZCWSC0qUUZ0OahlEhYBjGqU216wJaa4n7vhIxTK12FdEyhaMUwzQNEQExjWMpApUSCW4ZcmvpRBGlqNRSSpW1Xq+naVKUEhGlyNlCVTJMU3qaFAAiFCKF7PSYzZmSiJjVanvKVmoxEbjUQkQtdT6bESZtO52EulKbHSWE7BREFGdzEqWUiNVyPY1TlNLa1IDMsbVauwhW4xDBrK/T1KaWUdSmlkaodl3tamsZJRRkuutq1BpRUqmIUosgUcFja+PYuohxaliKiCJhRe1KTXuaRiFTWhtLLUY1hCRcVFsmTixCkxtJ5lRqhxmmCVNKJ4iIlpObHdqYz22ihCKH9aq17LqulKI0eBqmCEnhTENiIUngUqLruqhlWk/TNEVQSpcibKR0DuMQUrPBpdQoJUIyw5R97drUpmmqfa9QV7t+Np9apjMzK2pWa41S+1r6rosSwtM4OZ05RRTJXTeLTuGIGhLGmNqHG0iZzaFCHBwdZObmYlEiiJItEVWllDAyUz9bbG9uzufzTHezvu9n4NXRMs18sSV7mNo0tSiKWtJezOeZHqep1FJK9P2s1tJam6ZJinFYr1bDbLawm1Rm/UwR6/XQlTAhp1SGYVk+/qM/dBzHWrtSAqurpYuudHWaxsPVYYna1b7W0tUytWlq2fW163q5Kgq2Sl3MFy2nUrv1epg8RSnjOI3TuqjWotVq1dV+MZ+bli2j1tqV2WxWStTapSenikJQSnRd75wsR3pyyupmfdTaxhYhhCilKyhzaI2s0UluLcdpaNNYJIybFTGshyRNG9eTp9zY3Gy0YT3M+vkwrVarVT/rjJqzj9La1JrlnFqrtQdaGrLrqmotBGLKlkkpkW6tZdRaSnHmtJ5aZt/VWqoUbZqGcSihUmo6j5ZHEiWidJFGYaQuOoqmoVnqZzVNKZKdLW0TOFO1lFIVbi3T2dWStlvruj5qDQGenKSjliCSNg3TSKtRMzOhjVM6Q2FTS1Fhai1K3Zj3zSmRma01hdICT9NIczefd6UrXXEE6WkcoxTwejWpRC015DHbar0uUSUl7lQSY5dawRiJ5imIvu8M2dKZ2CBnZk611K6rzR6HATPr+yntbAoC29SilmkxtVxszENlnKZSipvAtfTYEKVEhGudRUhRrIgu0pktQ2FjZwiFkSJKlCLb6WzJNLYks6VzmqYIWQyrVcuM0DC2qKq1OhmGdWbral9rSTfLVrjlMA4RUWvJ5szJmUR1NkypRRAllqt1hGupmUQoFOmMUHNiACtaNin6rkaJdBYJpFCtZRwmFQRGgFApRVhRhKc2RSk429QsAZBOMBGFImSDoYRKqUI5ZelKc5SO2tUSXdSSmXYqwpk5TapViURRtDaFEI5aFRpbOqeudASZaaykZcpQUPOYkyzVIkPzNI1RStf36SbUxhEopTaP4zS5ue/6KDJOAFpzVLkhbChRbGc6AhqZSEpnTk4yjFtGFEFrpNswDq1NiUoEMkkD7FJD0jSN4zCFFKWAW6Zt0ghZEbJTglCEpmkytCnBXdeD0oltQ1hR0s1213dC09RattayTU1Ro5SUBIQll9IpqslQKEopZWotWypUSo0SmcZqbZqmUdDXLmnj1KKUgEQSilIjjFprtqvKlM3NEcXY2E6cTsDT1KbMUEFyY2wTSCWU2JQCpRSFcNqJi6LrakgAjloDPE6TTMqZVgGUUwuFbErUKIYIRY1snlqrijqrESErW0455ThJyABRqxQhkES1p6ISKmmTInMyNSJqcWvTOCZurTnTUpFLrRaZrNYr0vOuL32NUrKlMFIgSLeMIBC1ZjO2nXJkgBVFwzAU3PV9V8o05TANUsnWkgwkotQoRSCTUlGEUy1bCSWShQGvl0MpRCkmsbq+q10HqVIMUtRS6OQkk5ZtGNbOjFKMWracGmDjloRLKbZslxLONJqmUYQgVFpmG8dEOWV0BWftSkRpbcIoQiHsULiRmWEMmaRdoo5tsOn73klrLaQS3XpsuNWuC4VNRHRd7WpVlAgy3bJFRI2+1mqDqV1XSkkb1NqoGiVqZhaRBlH7rqul2avVqnRBqrlVVSnS2dqULZ0updhJhKJkm8DYU04tm1vLTJDwNGZItZQGJZBKJiWKIto41VoiymzWWzinTEeJKKVElUoJSEmO2hXhtEJuOUyTM2vpaldaSxFAZma2CKEQUiCUDYKudqatpwG8MVs05zhmm9owrKNWIBNViZLZ3NK2nbabKRFumKylhJjGZlsSkozttGsphmmcjJwpW6UQRVKbxsyWUBS1qy2EHSq11sxsztaara4UoxIqtcMMrdkplQiFiqyQo5QoVRjnNIxdV5yKiFqLDWSaWhQKpwMnqqWAE89mc4TdMg3UWiWnbWynwhZO3CZFCYUThaZxGKbRopSaTOv10KYGtDYhSq0hERrWLaB2VXKU2pVIgz3rZiiii0DDNHlqBkkYi74rEHJmuuv7rhYc4ziGiRKEiqSCrCmnaZpynKLWMIn7fiY7nS1bV2up9XB5OLVp1vd9rVHC6bGti6N2tXa1TS2nqaPUPoZsQazHcRymEiql1Npltr7vIA8ODxVEqdnSrZXSR4k2jdno+yJrvV7PZn3KrbWulLFNJIvFfEpHtnHyerWss1mDqeWsn9UokMM4dbNZCJt+Nsvm9XJVJGertVsPA6GudNkaxGo19H3njGwtSiwWM0XQnFCKDOM01dqVUls2Z07Zyid+9Id1tRaV0mExTimsKjcwpVZwmwYi5v3M2WpXZqVbLo9ay9JFV6PrOpU6rtegohAepzafzWaz2Wq9zim7rkRoGsZharO+my8WQgLb62HoSona1Rq2gWwutThqUUQJBXLUiGnKaZySVISzpV2i2rZzXK+dns3nEWVsrZSIcFpk2mrZhmmoXdeXMk6jRFf6ru/7rsM2HC2PjpZHm4tF1D5kI0QpXWbmlBLNKehKac0NImrLzJxKgCXoZn1XZkkqNI7jcrU0CrlGEY6+F4GUber6vuu6cWrT1GZdZ3BzJv2sQozD2pKME1ApiijjMEWodl02BKVUj5NrCSKEKOPUxja4KUK11Cildp3bNExjV/u+1JSmaRLy1IRm843MTFNrzdam1pQZJVomFm6EJBXkUJsaJqDUUkvITDmO69Wsm5VZl61NU8ucEtLGVoTdjKZ1m6ZxyiRbc7plg4gYxkkQJUJIAbYtBdCy1TrLBNGSgkpX0q3WWkugKCVwNloXhXCEhFGRbGMQIttqtVKmIhQqwWoYEbIUpGk0Z7bW2tQQs64L1QhnOlsS9KUvpUzjFAqDSaF5P6uljDl5MpKdtrpSKCXTYFCCW8uWRJSuE4TKNLYgCKwMAuU0jnaUWmoptUh2OmspmHRKgRjW61JqraU5gyA8TU1CEW6ZrQUgRSnKbFMbpkkWNFBmZk6EAkf0BVsKSrbJous6txa472YtEzBubTItrWkaFVEULRmmAVOkbt7XbtbXqijTMLQpZ4sa0Y1tlINOOU4KCY/juF6tTfZd33IahmG1XoWIUoVKRDOyLQdFFMs2Ek6HM2rtuhpEREEgMhuGICgtG1iA5XCNaOmcMsK1Vps0OWW2VI0SRSabo1BLTxSBUg5MOgnJVsi2HYEIFUnKgMzMllmi1K7amc6uREsrSQmDLVyiSCGByDbWrlJUFBFyWpZloRJFkmQ5Qmk0TaNNiVKiypltIiIzSSRFKdkykMAhZxMlSqyHgbSEc+q6vmUDK0oJiso0jVObipRIRSXkVAjCtXQlIqfWWnNkaxYOhUrx1KbWQoTCam20irMZyQZRohCiUaJIpB1RaldKKQrJ0TJDUoJUopSQaYZAKIUgaokoUQtTS4KwWmtOO5Doaqh0oYiqQkytEepKiaKqWI0D4JRKCIqiRqhIUSVHlECphqW0Q0JGyHJMHmlELWQ6U2nbRIlSnel0qCii5dR381C0NmTLqeU4TZkuQShKlRQliiBKcU5poiBFiTIN40QWikS2ltlac43SzcKOKkUUiVColITM5jEn3NeiUhAtydYUZGZOTVJzW69HICp2uDVDiQAym4xK9dQmZ61FEgYhAtowTZJKrQqypaeJUIT6vnNmWl2nJKZp3dy66AMlDUUV4zQ5M2q1Uw6kdEZEc4YVihLFaYQsKRREqOu7bNOwGrq+a8O0PDqSVKIGxm5kay1CWAWilFKKsdN4LFFAU7ZAXdehqoJbooxQaxMlwpToQmQbo9RsY5RQlFCh0NYTUYiIKKRrrWAEgpBRlBDIRUJRasTUJhS1hCCzTTlla6V2wmBbJUpzK4RCTkdIkiIISTaZ09TVXmKapq4UCWyDSWCaRpm+KwqVKJltbC1qRAlRsDOtUEGZbRiHTKpMROlqm5qasUsptfZRSqYlhQoyODOnbKUrRULU2cxOOaKolCgRrU02JcLObFN0ZdbNa4lhGqcpu66qdOmWUwMpYhzTLaNEKNJEKbUUG0lhIgK7TTlOkxKJzBYqs66X5EyjrpRMoZYtx2k9jm2cpq6UWT8D0bKUUrs6Tg0zm8+E0vQRUxumzL5UCOzJXq6OnFn6fpompzNT0PV9V7uoATG1hiiSW2bmOI6gzEnSbL5BMK0HRYzTpFCppaB+NiulqEabmjOjFGOssbVxnJxtNpsjiso4DKEYhkGl1IhsKdRwS6eQCZja1JVSal2Pa6lYdH2Xkw8P9vqu67vZ0eGhRcsMZBRSUVVXQlGjkzOi1q46p2Ecs00l1NqUtjNLdCirohQu7e+PzTubG7WrR0eH4zB0s9ms71sbFepKWU9j4H42x82Zfe2nNuWUs660ZgVRKhZISjsM2M5sY+u6TiXa1MonfvSH1b7PbLSwc3l4sJ7W43qUtNiYg6apjW3qa5f2MI7TNKXdl041SpRQWQ/r9XJdau36brlcWXaqdrUEwzhubGy0luv1MJvNQdMwKSRxcHBQSq2Kru/7vkC0nHDalqppOKds09iyJbiWIFQU03pdKLP5rJZo2WqUMVuIrvZJa63lNGKmNvVdX0KbG5ulxjS2hosi2zhmdpIKRTWko6PD1trG5kYg4yJlc2ZGKfY0tlYoRWUiQ4SJiPmsIwmViDAEam5uqVIyJyeLjYXM2FqUGioWmUxtnelpbE6vhpWbopRpGjLHiAoM66G1tpgtVMvR6jAiZI3TKBQK1XAytbZar4S6rlOUvqsBUaKUErVI0XKKDAU1otRutV72pat9NWmjotbaer2OqlBpUxPUWQ8ICI3TlE6hlhlShALGaSKMIhSttfV6KLUrKJ3pqVC6UmQnCtnNRqWWqEVIEaFSaifI5q7W2nUND+tWSpQSFJGYxILEzQmIAEctmloSUWCasmXazc2KMk0tUNQyTZM9TUNCa3YgSYYQUhmGIZNawqY5nc5MpFqilC6iK+ExmyFpESVKGXOyW0SVmhRRS1GxTFqlZMtxnGqtXdflNFkuUTLTCZhQFUJJkhC0bAgho1AgJLquOiIUaQshMLIAIQPOiBoAoGitBZRS04kCAGxP09SVvtQAnKiUqsjWhINipZtbG2vtVIwlNEwTUEqxc2ptvVpny1JrQag0O0IREYRwN5uRbm20wEbR951C0+Q2jISKpFJLKU4EUaOEohRFKKKrPQGO6CNKCZGSkJHdJIMsSqlRi7AcKsrMRJ7aME4Rkgq4lloixta6WkBuzUnSQFKRiQCFzKzvBUYqINlu2TIzotSuZuI29rM5cjYBaZxTm8ZSSkhTyzQlJEXUru86sEMhNWfgUrtailBmRkTLFhG1logQUaKUUiRbCslJREhkgjRNLbNJ7md9kRrkNI2mlCgoJKS0BYgoxdPU7NpVZY7jFBClSDG1CbtGV0q0zGxtGlvXd7XMECGXUksB26grtSWQESFLUKIQ0aZMWmvUUqMwjRmhdCJCpeurbQmLRNhdV0NqtFApRUm2zJCihIKISNLOlpaJgkolU0CUEMvV0bBcL2abhNo0KSilRhSpKBwlIpnaVIQUUUJEuk3DOLZJFNm1FIXGNrgJZSbTNAIgIdt2QpJMrdVaqqqKZrM+aslkGFs37yLUxpbOEqWUKjlbloIiQFGKnU7XrkIYh+R0ywlZiCi1SNCyiUiIUqwcxynTtetLCYXGYRymMVRKF0VRuy5wjjm20XLfd1FKV0qU0tqUzq5GiS6dIdWur1GiljTOjFDUTkWzrp/aGKFSenuSbSLdkMPFdpJuLWqUWiRlaw0iCukkoUTYGZa7EoqIUo0h2zSOk8mmKLUWkMEJnkJqk9MNoRLIgVrm1KYSIYWsaZpwELYkqZZQyG6tNWfL1mqppZQpHUWJSNmZVkSxM5u7vi9REAVLUfpu1i9ssjWJsU3TOEqK0DS2UGSxM4dxNHSl1q6CBePUsBG225TGzmzNXVcys9ZaSx3GMUKSbNsZToJstkMqhmkaateXYBzHzCxdp4g2TTWK0yVKX0rtKsY4iGGaakSUIkVfqkJdrSpVpvRda2nooghsMptEP+sQtrM1t5GQjOxhGCiOCEybplpKgski1ahBOKldlChtGA2iBFYEDqDUmHW9M0OSVboiKQgLp2uEarRhcEQtIUkKQWbLKZFzaqBaOrcGqMQwjeNqNWXrapVqKWUcx/V6KF2NUlqbCiVKbZ6cIVCJQN2sn/W9SslxamLW913fY0uqXc2kTQN4WK6ENjcXgnGalFaEiCiqpRSV0pUSkSYgwS3lDAUoSiml2lYYRe3q1KYSpdSyHga3VvtOSJIisk0RBUjbzaFAUjigqx3yOIxINsa2ZRFIMY0DUi1hMhSWMJKMs+Ws76axDes1UlfKYmMhe2xjlG42m2VmZisR6damCUmBkOz1NIRqKTKU0hEqpfa1U9CVijyNaadwlDKsh2G1QhElQqyHtTFRoqjv+wi1sZWuy5ycGaVGRERpbti1ykbSOA1ubT7r2ziNUyuhKSek8okf/1E5DAcHB/ONhaSudvPZZlNO01RKpxLYNUrf96vVaJgv5kBm62eLiECe1tM4tvnGPMzUxq4Wk8JplYhxHJiyn/Vd34VUS1drGYap9N2sn4/TMK6HsbWwMlsztXbg1lrtSinVmeO0jtLVrqshpdfj2PfV8jQOrQHuo4jSaNlQKdnSUomyWCzGNsksFpsKDLWrmZnNBKX0jWZ71vdd303j1DJr16VlmopqKUBXutmsm5w5DF0/M7RpKqVKgAFJqtGmphJCZNZaa6mZ6WZKZGYt1Z5KVEUQms3nmBLMul41MtMQodLVEqX0tUjjOESUUorTWKVTRJmGlaKoCiS5uQGtNdukWrY2NYGCKJ3Feli3abBbjS5qKRHIzQaHC5FA6artcRpDJUqNonAQOLO1tAlFKaESTLQ21Vk3n/WW0hkRotQahDClBJByXzqFsImoJVTUmovCuE1TUUREThMBjkyHZJj1XY5tnCbVrqslgohQlBoKhaRsU0SJUsJeD6ucWkSEPA1tao0IQn2JUms2t9YgEkpQpFKi1iqkJEUUl9JlZhUpMLMaUMhMZ2ut7+dRIqJAtDa6OVSaKUHLlOm6Loqa6UqxnTZQS0iEikKZaaeKRKmllKjjsG6tdV0fJVrzenk0jkNmtsycWstURF+KCqXUokBMrWUShcBFlQCphFDIZBplqaWoTDRJteuwp2lqbaq1H9sUtgJLIkC27RZRkKtqFGVLjKSoEQZnkUrf11qNQ7k+XI7TCMrE2bCyQdViNiOztWZUS0Cm6fva1d42JjFQokSgCKVrLUUlpwlbECU6VZPgopotW2sixmFItxICIsI2RgVRTBaBIluGKH0vqRBNspukWgshEWAhLNMIuTWLkEpgQlLzBFFLREVSy0RRSlgpO0oNmMYJWcZSYFnIiZCwW5tKLSJaNqm2qZWiUgoGG5GZ2abmDJNObEttHIW6WhE4WzZBV4pCSC0dUmYCkhSlUAS2a9TSd+BMjeMUOLoCyLKsoNZaarFbJrWU5swEW5KUECUCBKGKnS3TY4sStXaSMu0kw6KkUkFEoUSoCBMK1VJLtja6ydjUqFFKm1KSJE+tlILI1iSBW7pGMRlpKIpSajVKT6WW2nWYNo3GOJarpd362UyKNNiTsyslFLWfJWm7tSlqV7saxhhDqEhOMo0QkbRAIigSchpjsis1QjZ2lohSa5psKdGMW2YmWCpRayA7bcZhPU1jmjTOxM6pDaslEYRrlK7rbTtzPpuXWovCeJqmlln7SmJBuqWRS+lqrZJspLDBttPpTGqJiNp3nUNuGSWMRUjISAUpVCKCIIjMqZRSSk0SZ1GtNWyakZHkln0XpfZJtqkBwhECZaYAp5EtRShkCIcxdgSEptYCotS0QwIpiora0Gz3ddacNvPZDEWppau1lhIRbilFiWqZlokhSezEhJzOEqGiUNgex8lYEZJI28aynM7M7Po+ajEKmh1GAJldV9POsTkzShFWkS1h2yRCDZeiqVnhICxCgZjGySSl1NJJihIRYWfLJintltRaSxTJMi3TJuXa9a1N05i1lFq7lhNFEVVBMyEiYr0exmkqJXLKvlaEhSBK6WpNk3aolCgGpBLhKFFKRGRmw7UoorRpAgdBRGabss36eYmCVEvXcgSHZLtEMcrMMSfSKlEiwEmSgFRLG4f1NHalzuabdk7TBCp9zcw2Ts0WMeWgopzcciqlllpq6YuUbhGRLVs2Wiplu5aKW2uUUiIUIqKGCNwyWyZOITtLqaGS4zC5FTG1HIb1fGNRIsZmyShqYDxNWboi3KbMlq01lZpu0zRG7bpSkEMa3cK4uaWz5TiskyY0TVOtte87ZxvWA1BKZAMjaRpXDUuupRZF7aobJaLUUkuslitBiUhcVCA25n2U6paAiK6WVDBNXT+XvFwtx7F1Xe36GorM7LpZLSXTtkkrhCIcRIzDGLWsV8Ph0aEIoE0tyIhiZ0SJWlp6yhahkPq+I21ysVhEifVyNbRha3Nz3s9Wy+W879br8XD/aL41d/PhwZ5DXT8bhpWdbqkiIzIREdHXvnRluRqmYRjGdUvPulo+7iM+OImxjdM0jcOkUPOkpJElKpPX0ziuR5UotXZdFcrWsNJtGtZGUWvXRVfqJGZ9P1vMa4QUmVm70poppe9mdq5XawVIwKzv2zSFSjfrp2GUVBRYw3q9Hpbbm9tja+vVej7rZ/1CoVJiGqf1NAjGcVgvh3Ec2jSgiBIUxvVUasxnPaKbdbLSbuM0TFOtZZxGm1Kilr72kWkIkKemUlpm39eumzk9TWPXzYpi/2B/uVzO+h7Far1KqatdpqdxaHY3m7VxdHPSkJTO9NgmyNr1XS3jMDqoClCp0aYpSi0lbNlt0c8UMbVJUmYD2Y5SpLBzGqeoJaILkdkkatdJEaGu62tE1/eeptVqyHSVEkpXopSIqKU0t4hSokRRBE6Pw4QiVENIBJRQjZIwrsdxmkqpfdfVEoqaok2TFKUroch07WpfuynbMI61dirCIGVrEZKUU7ZMQqKEVCLGZoKQcsrVanDLWrtSYrlaRikRUaIoJNtpivpSGgZQZGuZLRQKRREISTLENLWuKy3dmotECcBEV0uJyGy19iFFjVqi9lWZ6VSJUESopUPquk5RI4KcJgLcdbOoVSbTtSu1dsgRskTaUmaL0uHJVtfVFM42tRSUUowFCqRACgVKpyWFagTpNra2Xg3J1EVHqESMU8up1Vpq7TMajb7v0mrjhJCUUra0qBGINk6J7QyDIiJUBDgVNWqpNpLAKtSuLwEoSkTUNqzXR4dRimopqqVoPTYruk4WghSFIFxKjSiy3SaDGpMzVCXbAC0nQS2R2RCOEjYRbcqWU0SRAJKcxgETJaRAuLVmnDm2LJJUaonmxM60qsBAJm1a19J1s3ktBRNRUMgOhWWsrutVlND3JdQdjUONiCjGkqSQBEggZxpH7aqwEwgrSUIhiFpQ6WotUQkiIqWWWZADu5EhpaUgVArJOI1IEkgkhbBMQhgiIdsoYdMy05btUMgRgrBb7bpMJ2mHbUlAy6m11klRIrEimg0oNE6Tm9MtQghBLSEECgmBbSsUUZTTlDZSG5tJFFaiUOKIkAgwVgm36IpStrOhor7vbUOGbUcUZUskieYQ2ewSUUtJjImuArgpIsTYLFKKIozHYQR3XUeo2V3fd7Pe6Wmaau2E0jidECWyZWtZaicJnNmQZGXLUiJqV0pYluj7XthkUam1k8g0RRHqagHbRFdySpMt3drU3CJVujK1KVAt0TLTSQLUPkqpEeHM5gbR15J2toTELaJIIqlRy6xmay3d933tOohQTNNYota+ZstMpCilqKggKQDjWkrUUktNp7Nlm1pOLVspVVFKrRFIUoRxG0dEoWJHRCmhKNkcwmloUarslhlRDMIgo1KKFW4tjEq1G1IU4TDuug6F3Zx2ZlDSbi1LLUUKSRQqOaXJEgUk1NVCCZk0U06Su1IlpmwS4AhFlXNKJ5KRoJFdiVJKlJKZZCqdsiISSu1ySoISxQEYbEtgGMehuUXUNjUsKQRSaeOyJYqoXVckRdRakwQTZRrHUmstRWBk1HWhCMlSCSQHYFxKId3IvptlSwqllCBKKdkyQq1lS8JZS2fSdqZLUVf7iMipASrFmZlGFJVS5AZkgsdpylai1FIVzREYkJ1SGLcpM5NMQLXIASkFUEpgilRrTWkYh5yotRMt7TblNE0B4zTZaRMREUXpqNUyzeDSVaRpykCJWks5ARQhnFK4tWYbKKWUiMymUmezzs22xzZJIROhUrpSomXaWbo662cSzU0hZ7aUgq6rIa1XA8ppaomQAEO2TJOkaVNrBUXp+vlsVottW9ilFJUSIginjVerQVJmWpov+nS2cZKpXbW1GpaZKBNFKXK672umgdpV7GEa+9pbpI2iTWNERAGVKjW7q7OUQ4EDZYnIRIXZfB4R2cZsbXIDh7RaLg/Xq6JwpBJCtZQwCfOuprxari5cvGDnfDbLBrjva5Q+IkIIcmrraV1KtbObdYu+T9x1QanZmrAkYBqH5klJwnzRK0qUmKYpZOwSUaJLZUTUWvf2D7KNW1s7uVpPeDGbTVOms6szInKaJIVCUAIphmHsa4m+Rqgrfem68jEf+cHjeui7vu+7Wuu4Xi82Nmaz3umuBkXr5bJEARQqodV6LdP1NaRQTK2ViGkaE4dp2aaWKtXY2bKlsSwVpgk7hzatVmuZbjbLKQnSKVklxvVQaum6rtSqEqujo/UwlIiUkVqb5IRQkUw/72eLhShRQhHpzJZRJEXfzZyZaex+Mev6Og3DmClokzNb1/Utp9XyaGNjHlHGaa1J0zREV2rtepXahWn7l/Yi6qyfOaIrtauzKaeptX4+r6Faapr1uBaASo0pm5JSa6kxNbc2zWazqbVOkajUcHpqLUShG6c1hfVqbRwqtdZAgAAjSVIp0bK11gRtGgNBWEzp9WqZtkJhU6MQabc22apdlQQUnK2FVLoOsKcSGtaraZxmXT+ZhDZm1Jj1XSgmt1pKtgwRipwypGxWcS1dy+akRGS2NqSiCAdkZmsTuOv6KhmXUrBLRC2RbXIqpK5X7TpNTaVG0TCOAa05PUUUp9fj5Ga3FqXWUiSQwrRGurVxHaWXSVECp2ofpVRsUGujiNKVNiVOIxGttak5quyIUJSaTgyhoojQuF6v1+v5bDalx/VyWC4lTE5twhYicTpFSVmWsiURRYDAYKJI0jBNtetqdOs2FZSkmxupCIm0FbWNU+3qYjaPLlprAf1sRqhGBTtz1veZbpmJLYRC6vpaQ0jjMEUpkOPQJAU0GnatVcJkLf00DuM0liidSkRMTsmYiGit7R8doOj7HpNkV7qulNYsiAgpgFqqndM0OltERMQ0jdPUShetTaGYb8xrVCE7W6ZQUSHCLY0lGRoUqUQJUbo+pAhhNScGLBRSiKk5aUWl1ErLlu6jczgcXVdLLditueUYUghELWVYDZkNVKJOY2uegui6YrtESBGitXSOUqQlqXZRokzTODX3874o0io1IjSNU7YspaSbxyaEEKoVVIqKgjZNEUJM49imqQSlRi2lK13zNHqSagkp1NZjm9x1XWbaDtUIKRyKUGnpUiCKnaEIlWQSilBr0zS2iChFKclY6iLSZE7gUkuJCjaEUJTmFDashmEcBoUiSjqnaQJKlAj1facSTG3KVkqJUmS3zJapNmUiVQVDG0POKRst7XFsEdGFWnqaxpyaUF+qJJxF0ZqxhZRO28Zu2RJlWpItWjacldqwErBtTBS6WonS0rKN+9JFyHbXdX3ft2aQQjJjy2kaa9dZcpKTZdnZWmZmpl0yIWohPU2jpFI6kzalSKFcj1FLV6tlZ0oa1lOKUIxTlhoR5OSqoqJpckjdrI9SA6Igyah2tZSuVCKUaZPRlb6fK0pVpCklIsgGZKnFRiisdNpNkjNbSwXZEmc6i6oUEVovh8P1UVe6Uqszx2l0y1KqU1FLKTWE00lKtBwzsyiac5omKUqpYWWmQrZtQRNh4dai1lo64WlsgTPTOYGiK6XU0tVsrbXJLZuzloiizAwVSelWaikh7IiQBDgTqU0tosxqpwiglAhpvZqas0RRZkgSObSWkzKjhFCEUEhypkREONNpSSJKjVCEACQUkW5TywiFSKeCzOak1loUtsBITmpEsUxKQYSbAURrLSdnJm42BG1s6XSmhK1auyh4comCvB5HWpZaJGrpkmytgTOJIqctYwknOCeElW5WaD2ss2WRSq2JbXu0eikqU4ZKCZvI1iphiZBMhJR2ZnRFGa01ubTWjFpLcIlaS2ROabquR1mitLRKlNJJgAgBFs0upBVFJYJAlKLMYRqjqKudAlEiapEREQU8DsPUpohSuxJIRZ5aidKVImiTp3E95RgRJYoiQrQEZ0Rky1pKV2s6s7UoJRvjONYomGkcbJvsag3FMAyFotB6ve4kl7IehhIlm9fLZbax72alFrds2bJNfdf3XXXI6a52XSmtNZViMlPzWddaS7Lv+6i1pQXrYd113byfNVvIkiWyOZukWZ3VrrbWbIdC5DiO2VrXdV3XOT0OWULdrK+lTFPr+r4rtbUc2zTv+y5iGKepZVc0DOupufQFJEXLPH/fOZVYzBeYsU2lRkKb1qXUcZqmnPraBRrb1PV9a+5KX2oZ1iOtjTklrqUrEZItzbo6DJNkN8tE7TEms3kaJptSS9fPW0uRKmVjvohaV6tlZlpt0c8wYxtqyJnrsUmyiVJKLS3T2UIuH/vhHzjr+trVnLJ2pfY9LdfLEZGTa41aulpqcyO9Wq9q7Zw2U4lqexjHvutL1GEckbraja1VRUgtszVDOlSjFsnKEmVjsVFqmUajjCjKlKrxar1OZ9/1KpqGQThUMiephISz1C5q1FJCISjRlRoYk5i+70vXtWlar9elKzQ7VKU2NUXM+k6OCC0Ws2kaaOoX1anM1kUttU5uIZUSwzgdHhz0s9nmYmexuTCKIknGTitUSzEIr9djZnZ933d99KUQ3XwWETlOtFTtS9HYxr50mc2h5oziQlAizbhat5YqkpOIlNJTtuz6rvZ1Gidwm6ZSS9gtsciWzomI9dGy1LK5WEQttZRhGNOtDdM4DqVUcBtbZk5TK4paqopI2aB02lJOLWRnltJHLdnIpLXMbIAkKTAU24XwNE4pCozTaNPPejCm7/rSVYVqlJYNIkLZpjRSJBbKktnIsTWnhEJFilLXq2UpUbqOcB9dOqfWonQhxjaRqMY4TZkZURTFbs5WohIulqFEGDIzSsFIJHQRiYdx7GddVztPWaJErZK6WrJ5PawyMxQQGIGKJCmi67pChJTOWnsFJYqVrU1YEQpJxrYlt9ZMVzs7S5RpGOwspZNRkaxpmtxcaheBIWqJqkJR0XqaFNCICLmhWks1gLuuRMOys6GQVSLSjlKwsRQ0TMoYhyLG1XpqjeJsWUtpbsN6IF1rZ9t27Uo2d11Xa0V2WhKQnlqmpBIqqoSwp8wSgTRlhko3r33XCZVaSzhTNkQoPU4tMy3XroYiSgQq2FKbJuPaVUkoupBkQ42a5HK5BEKRmVEqYhpHQy0FsCwxtmbbbiS1xjRNKbpuFkGbmp0lYpiGcRhms5mkzGytSREq2Tyla3RTG0tQa4VYrdettYiCKSHbJE5LAWRLRWS6lFJCNpLHqbXMUmpmy8yIQIqIrtR0m7IphFWsllNOObRRULoaUYqEGoSkQIgo1ZmllGypVNRIlOkiZZJuNWopxcitRSkIIdk1SpTSWqbBKYVEtlZKjVBmlhpF0dza1ELMZnOFGi0VGCxRCNNsEREFKaqdkkNRpIhKSCnb9hSlBmUYh3Eca5RQUKNEZPOUY04ZpdqNCEkIp5sdREApvUK2opaQpqlN07rWvpYeT1MSkNm6rgAhhmkNLqUDEM4p3Qyl1BCldlFq7arcnBBERGsTaSJaS6e7UjLbarUstZQSSBFViIQqRZBJKCjNLWopERHRWgNKKRG1uY1DTm2qpdRSnU2qNYKIWooxpFPCU5qcIjqVaOM0TaMDWpRQyykBSmtTyylbKyXSEMhIJmWhCBHOjC4UNQrODJWuq9PYDo+WiFDYkyRJbZwMUtSoWFFqKYELQiJbI60Ig4LMaRhG3IzAEUUB6dYm5KIgqsw0puVaAikRYBClZRvHsaulubWWmPVyvVwdRSmiSKpdV6KMwxqp1tLskEFpp1shLLqobUrRWtptysAQEVEqMqiGFEEgCzU5bKMSoIjEJE6cSVC72qkgtUyhrq/RdQ0HIGUaXEotpbTMEhFSm8bEUnianCjU1a6UCkSEZEQaMnEqSq1VMEwTIChdPw5Dy6m1htSVrtQqhLGxm2SpdF3XWo7D2DK7EkVFQcvmbH3flVKn1txcJVXJKKrkCKUcVraMiIgSQSOjKSJqqDUkz7qu5VRqrVFKV0wYKwHl1FB2/byGWsvad9itIWemp2xCzc2SbGcmMeui1D6dmZaAREQJo8wGthWSVLCiBJJFqLQ2NU+lFDmiqNYuRMKwGhChADU3TylpnEYAEUFEqJaAiAKyotbaRUlkaNO6RN+cxVLEuFqnXfuZRGse29hF6fpZGoWcSWamk4xShDOnkCKq5UwLYQ/DSiWcdLWU2o3juB6GrnYlVKLMF4tmyFyv18vlEtPP+1JqV7soteWUk8dpCJQiVFrmME4lIiKmtg4z39ioXTdNQ9fVWvujo9U0jbV0Ds/7+aLro5aNxWatdZhG4fliQ840UgFXFUNzCyundrRc9rUzbjnN54uIaNM066vNar3sIkqp43qYzeeZzRbYdi21hGpXowi7uRUFwk5K1NLjbNO6tUmUqQ2lqxExjuM0TbN+plBrrVKclsAuH//RHyFwUGs3TZOkqCGVzBZdsR01ohSb+Xwx77rJTXJOZJoofd8pip2ldJk5X8wLmqYJqbWx77pSZzXCBVulln42KyWEItzsEtVBc3N6Pp91pY5tONg7sIfNzW1wWovFrITGcexnc3IaxnGcWgQ2peumYRQhIUKldF1XxDS2UmuIcZhwq1FyahMZkNiZiduUrTWnFTQ3wbQeAZWa0zhOGV0JYQCNY8spCYU0DkOm0q1Gt1jMsuU0NZogp8xpGqdsUWrXV6dbm6BImjLVEmKaWkghZbb5bN7XOjaDWxvJAo4aNE+kLGPSEUGEpzQM01AjhvUKNJvNKNHVOrap6/pSSqJaa1c6m/WwsjMiMts4Nk9jC1ViNlsYR4RFCWV6Pa6BIkGWGlCmNmZOpRQhN4dIKYSh2fNZjYhpnGyXWtpkQQMZlZiGccwES5Ki5bReriSBMtM5IRVFOkuJvu/dWhtandWWLkWqkdNUo1KIVO36UooiSqgIK2pEmtamsY2OqF1nEVImUeW0orSpOQjC+Gh51NIRNUSoprO1Aanruq7vS4kSASBZERGhgtyMIKKEsG2D1NdOIsFpOyc3nBHFztbahQvnoqjr56Zlc8tWSze2MUqpUUqUENkyIcDj1FriVIkpE0gS3NKtJTXs5iZEy5ZGYFqJKKUqQBLObKWWqJrahIjaCSlUSx3HdVE0Z5vGEiWi9F2HLdTVbhzX6URhJBRFNnYrEeM0ka2fz91yWC27rvbdfFhPOEtXM22T2SzsUChCtZYaZWoT2QwWJaI1hyIUq9Xa2UqtUrFTZmqTTUilK4owdmZEBEJ2upQyjJMzQwGihDPHMUsoSaMSUUqxQZpaq1GTJEGKqOB0ligRRqFQSNPUqqI52zRgiAjLYSkUslugCBTCoSjIEIGdVgGpqKDAmaZlkwW0cYwSqQCck1QjVEtM2WwgImRjgV2EiRBIU8sSCilCgITsiChVTqKEYMoWBotanXa2KCoRKrTWsqVq6UqJErX2XS1TtlqKoijAmZMxEaFCSKSnTCmK1KwadLWMU6oUhCQhhbqoISwsD6sVLRcbC4OzjcPU3HLKJBE4nImbopQIEaVGqCgUEKFiZUQJFKWUoipQ1Gr76PBgWA0KikrKEEKGCA3r0Xao1FpLV2VsI8iIUCgkgSKKShWEM0EqtZYaZSTVKDXSCNsUBVJrzdlwGHDL1oz7UrtuZuWwWkuaLfqEaRzGyVaziXA2bBvBlFYJWxEKSpBMOZZSo0Y2285GCRc5CIqkEoFMlCJKZkscUt/3SctpAiJi1s2jiFBrjqJZ1zvslIWMsURIzoxaINOmuFi2pXBYwqlsYy211CpCEKI5W3Nm2o4SUauwCMjWWloKh1yiCMm0nGwL46hdh2zbRECUYtlplKjIbm62CZGYjKiJSylR1Gg0p7N0XRvWrU2hQArCOEohFIRQINVaSyR20txkQ2aaiFnfQSiIYDVOrU197UAFZwpnlChRQNM0tGxOACM5SlEpNWrJTNLN7mulRIQiuojAxkQJBYfLZctpVjsUURSwWCxK1wlbdnqapigFAETUAhGZLlFrrQSKkq0pIDW1yVBKbZ66bqZ0c3NChBS01uQaNZU4kUqtNKOkRLqVqCVwFJqanekItalFCRXlODmJMEkJKcKt2c2hWoLEECEyE3A66GpvnK0pDUY02yLHphq160FASGAkp6dxSmcpZVqPEVFKGBORmZ6mxKWWvtYosnE4ilpmKWXe90aZzS3rrCsRw9SmaSqhWqusCAFTpjNnsz5tKxeLWd/P0jkNY2ut6+d9rTmOy9VKBGK9XrdxNCQuUSKELBWcojRniVJr7bpOsFqtnC4q3awKZVrycr02ObQxarex2DCZLSPIzIOjIztrKUjYKQcuXSkoM1vz0XKZbQqVg/3DsbXFfGG573tVhTRNk5WL+Uap4Zb9rEMVt6llhAyBHThTqPa172dRQhFphKeWXS2SI3SwOqS1Opu1lgpW62Faj6rKZsjZfBalTuNk0ZpDdH2fbTpYDp5aYhVCIdXmVkqdzefhyGx912e2zDa15tBs1tcoYxvKJ37sh0bpxmmEHIZhmiZbs1nXpgwhAmsah3EYIjybzZsnJ3XeCUEKr4flNEz9vB/WqymndI7DWPoyDq3WmnKlZJvsLAHp9Xpwa7WfS9k8TVPmOGV63ncqlcx01tL13TxzKrWrtUxTGkqJNk7DMEWJEp0qOaVUCEkqXXFaeD1N62Hddx2ycwIl0bIpW6JhGPquCGHqrKs1nKRUotiOotYmRYHEQoHtKVtO6dZ1vaI6WymK2gkrAnkcBpOlVuwaxdDXPu1hGEiMa1fBmQ2TmSGpEAqFGjZNUaRSioA2ObORlBBSmyZKkaVgNu9rKbV2UlGJkNo4tCndUqLUUopKFJSWZUcppYs2GRGllogoQupqtTWNE8iBTacSJbAbWWCaJrckQrIFpoSi1hIl7SBKqUHUWiQdLY+crRBAKJIk6GpvTIrMKF3fR1FRVUQtRHMi9XWmWsZhGtsYtTqnWTdzOrNFV5CMa9cbQnLmMA4YKYDW0rgqFKQlKSJKqaEiNYuu6yRapltm5rybSZ6mSVFmfW+TmSER0dqEQqFAMg1LUEAqhRRKI5xyThaZKUmhrtQogZGUUxuncWOx1Xcdmc2pTAfzWd9a2pbUppxyiohaa5uylt4yOBSlFDuztURIfd/10UeJ9TCM4xRRJGRQibCkbDlNk6QSEQpM7UtXOyetTZja9yXKer0sUQTTNGJFaJrGECYI1eggM9usnyOvh7FIwtlSCpOz0jk0jOvV8nB01uiaMyLsDEmFvuuyCRzCNlFBkoIwKZHp9bg20dWSeGpTGyegq5UopdSIghu2IuxMRynYHqcxJCmkdNIyW2sRtLRbQ0QpgEI1ugiZLFFKqVGcmSIkGUuK0DiOLafa1VJK2qoqRKkxtQwb0bI1u0SVIt2mNjgzRESlUAgLiVCYTMCUrqu1YiHGYVWiK12JKF0tSJmuJVo2HAoppRJSOBui1jqOw7AeVIpIpyVRSolCyghsZ04JUqQQUCIiQoqIMFFLUSBF2jibLVNqZ1tIEc3Z2iScU0tESOEStTnb1IAxCally9ZKBNByMkUiU1ERIIVkkzhsp1tLnF3XW2S2kEoJ21GgZZK2k3QzIFCpXakJ43oIopaCFOTF87sW81k/tlyultla39eQUq6qljOzEJObbKUdKcJgWyGnSyhKtCRbUyld6QjUhEhSUEqZpqkoogsboaiKqkyMooQiINuUpYai5DThrH2fmUpUhNVknAIshJCtCNXSKRSSogS0nCxqH6XURCkiIoJsqQjbEqUIC4EEgFrLaRxUVEpxU8uxRo1QThk1QtHahC2H8djGUiJbtmnKZuyWOWUWIRULh2oJqTqn0oVduiglmNKZLVRImpOqrp+ViHRrLUEqUSMiQiIU0RXJCqXlbLNZVSkREdFFMUQt0dJurjWcEFTF1JqdNUqpETXW04iiqyVbhsAexiWJoWUWFWQsixIinWk5EwtFLVIWVZJ0TlPLRimqUaOEW2tJOsERgZnGaRhTyDikKFFKRC2tpYwKaZcihSBt2QktLQWypza5ZanzWmvImZRaanQtJ6fbOI1Ou4lorYVA0dwyTaRMKZqmlnYUSTKapixBjdKmKUqMYwOilCJDZjZLcmaDIkwlCI/rKUrJqaUbyK05J7Dt5vQ4dbMeh0k3Y6KU5nRiKNDc5CCilBKd5Lo+OgKKqnFOrbVGUTbbdH03rNfjNPW1L0U22Ei2WzqiSAQFnC0l1a4DtTaFVbqulFKkZhsiQhAqRVFLsRmnhg3u+3mUMg4DWBGZpkSNmOxhtaqlKkprjVKcFClbjtNYu9qVaDYoIvradSUUqlEFLVstJbpC2sZWFEWJri9GcnMI6Luu1MjWpmnEmjK7UhfzjVLKbNYZk8gx5YSpUWazWUTpuiIBXh6tQFFCRV2tXe1qV4ZxPDw6ms9ms/msiIiwXRQyQ44RkVO2dO26YbXavXQpIkIFcrkaDLNZl5mtTYS6vqtRLK/Xg0pA4pKZOUxRaygEoahdVSggW47jmK3l1NLpKeeLuUnbs9lGDXVd18bR0HU1AAW0YT2okA0rDw+PpKglEGObhvUgUz76Qz4wlUKz+RwTKriRLFfri+cvNLvWWmsFWmuhWqIIhG1hotaiksooFcixqURXSqpUSaVk85Rjm6b5YmM9THbruj6KcCuq2VraJUoE1AIJiggULVtCKWJShLtaW8tQRF/mpTo8Tq0WIXKaBEKQxjJFpe/q2NrUMqKgtLOWWkrp+9mUrWUrXa21gzK1AaJEjDkJMNmyq31XypTZWhvGodZOoZZNodp1ZHa1DqthWK27vkdgA5IssI1xki2n1sgSYehqDUUpEQo3q4RMc/a1t5PMEtW2hJGdCqGYWmttlCgKt9bSEYpSQpnNq9VaEtZyvSoRfamSxjZiVEqVsrnUmq05U0Smh+UyTddXSc1TiVIiSgmVklO2IaPU2nVAKdGgRO1qAWxPOWVrzky7RCGYxhFFUe02Ko31sK6l6/puHMZxHKIqSvS1q1GQlHbDcpsmCeNpGBVW6XJqgqgVsDGiZY4tM4uUduZkZ6bDHnPyOBmXrmZrOFVKQNoCUbAzs6slSu1KjajICcZuzdCcEeG0s02tSQJCilKKcLqlaY5ShcCl9sM4TNPU94sSihIoMlMRoUhnmlLrfDFTRBsbuNaSk/vZrLU2TqMzmxtW13fZECaECSlCUkzjtFqtS1E/65lMOCKG9YA8m/cFqRQEaSwLoNaKiCgOYWqtKcZhKUWRwFFCQamFZMpxyrGNrXZ9qYGQYlhPEZZwjqCuq8LTNCGX6Eop4zBM00TU2WwWSEU0t8zadbXOpnHEiWWsKJlTLbV2tbU2TmNRiVpLRI2Y7GyNRKLUjohpGkKlSljNTRbOEpraJFNKB3YQiohQUSj6Oms5Om2ESLegRFCieLSh0do0RUQUJc6WIVrLqU2ZrUQppdaukBEianWmZaQi2TS3UoKWwzBNU5YoLY0opTizlEIJG6BEiSiZLaqwcJQ+SqkRAQIN61WUzk5CoKQpZKflUE3aajVK1NoFZcomJNui1tqmyemiKCUQKhWEMyNCkgTYqVJCGtfDOE2ySmhqDhEREQEWNXMap1FRaolSa2bmlGCJCLllqeGWWMglasuMkMCZbUqICGEVRRTVUpNURO1CUGoRksIYZDO2yVNSsKpwOqc2YZUamWnn1HKaRjtL7TPHiFJnc8gSUhSVklN2XRfSNE3ORokIlShAAiVs48RuUwrXWVcihCRFKBTGFnJEhBwGRKggJLeRiJJtxO66zulpaiZL6WUD2dx3s1pLQqhEATtcbAuJaKREpt0mQamFzGYDUglorQkVKXE25zhFRGZbr5a1q13XZeY4jtgpB1GKxmkSytaQMOkWVbIAjI3lnFIhudRQ7UspncJYiBpFRbWWUuqwWk/jELUHR5DZJEdELZE5RVWo2HY2QUSh4GacElPLllOJEsQ4NbfMnNbj0Hd9388BiaIgc5ymNk3pzMlO+lm1QlKtVYVpah4zSulL0HIcVjmNEXSlGz2VWpvdl1DE0MaWzZCZtpO0qFFEVEUikYRK1PQQpetqISKnFhFd34kgp0wUETRErR04MwXgYb1K3NXessw4jdOYmQ1ku6VrKSm30bUrfVezNYdA43pIu2XDLl1XSzFWuu96BaEYhsEtFdGy2XZmKAjXiIiQBZHppBWVKBGKEhrGYZiaINNu2fVVKpBDjjlNtrpaWhpnP+spaqSg1Dqsx9JJlHC6UbqiElIM09ByamNrtsARduu6Ocg5jdNUaq2lNE+SopSCxqkpqLW2aRrGqZYofT+uB2NJmFKQNLUmMgx2dBVRay0qKpKZcppaZqZQ5qQoEQFkI2l2GiG1NuY4jtmqakhCYURI2O76jqRlC5MtkVAJoVKztZYtStRaoohAjtqV2nUqckuh1sZpbG2anC5dNW7DNLrN+lmUGuQ4TevlmlJmsxlkqWUcxzaMtdT9/X1nRqi11s36Wd/bOWUrODPb0FqbaJlQSx2nsStFEUDfd7PZPHN0c0RtwyC0Ggen+9IN07pIxl3XS0RQagdqtjJn8xm2CVs5uWVGBJmz2WLez4gyrod+3s/mfTZaTkhdVEVBFkaxd3BQSsw3No4OD+bzRWuNBHk+78Y2RYRwKQXIbOv16Ja1m8meptbSfVdLhJ1FEUWG8rEf8cEow8W0cZxqV2eLRQ1JXmxsgUtE6brMqUSZb2wsj46O1ssadblcroZVrTWiZmvY874zKrXOZpttGnFTKTLZ2npY9X3fxjZO07ybF8VytRynEUVAZrakUzid2aZpHNvUdV1Xa5saCtNWw9Ayi6JEj1yjWIBKlChhK9swtYwopRbw5NbGMUqUCCEU2EmW2skqJcLRIEJtmpRKedbVEl3tumG9Avp5J7uUzpmEhGrXAzViPUyYWlkPQ5Ri06apOcMep0SKUhWSIsR8Nm+ZpZa0nY5QiUCKkEqUKDizQUQJtbFFia6rdoL6rquliFDI0MZpyuZ0KbJCNqbOa62dJKebm0opETIEbcxxGo1FaVNTqTjT1KpSSmCS2lWnJGWmsZWEZrVD6UwjtzZNYwJ2ZmZLIKKWLmyQulozWzaiFKmUTgU1u+tr33clSptaS6Y2HOwfzed9lGqj1lpLK4RzylqkUjxZQZQoJYBhHBVFEc4JKLVKak6gRESNUE1LRdUBjNmcDVkq9gSkkSRHytmmTBHQjB01DFI4wMLUUqSS2KIrtbVpmiZnYglP2UIx77tMtza1aSIkYSxqLapRQYEkolZZZFqRzpwyimqtSEUFMU2jJEJdV2xlNmS3rF0XYsxpaq3WvtaKqbU6IqcpM4mQJLvWqGVWiiTJtDYRNchxaFFCqGWWUqQIFBHDMIRK1NpFP405jmtDkaMU25mupYSitea0QlEj06msiqjRlepwUW0t7VSt5JQtu66LEqRDkc5SKzinlpkRRZmiSLQ2KEoppau11tKmCUWtFZE52e76LkoRGscJRalRJEkYRSij9l3UWkvtuipUI4gqt7RByC2xMyhIIQUSlqJNU7pFBESJooiQxnHKNkYpsiRJ2MiSIp22ulpB2aaQoqgQSM6UPbUULjUyNQ0rW7NZ39VOpjU7024RZRjWKGZ9lYpzslNWUSHkKbO1ErXvq0rY7kqkDEhRIoQclAgpCjhk47EhO51O25JAQLoRRRGQiogohnGaQg5FKaiUQsgioki176RoLQVdlOhqCQEgEzk1RJSSnmSMFS5dV0ohhbCyr31a09hkRy2BoiiiiIgSInCabOOY6Vqj1k5BKAqynTlFdN1sPqszK/vS97O5RLYsXQmpTTlNY5SuRsHA1LJFlLAUqYjWssld7SSF5GSYxq50pUSTA5UoUWwyIoxl0kliMlsadV1fozhpntqEyVJDUsvmbEZ2iilNABF2NmfLVESN6vQwrq2SCVD7HuOchFRla8qRFlIObcppQgHYsiCtIkLjMM37rl8suihTa83Z1dJsEbXrlU5UgijVAkWUsIkacghHVDAoiqQQOY1pZyml1urmcRhCiii2S18zPbWMEkVkm4b1ZNSX3spsTis9tYazAShKiRqlFqkUGRO0lm4Q0zikm5up1FpItcxSpYxxHIfV0DwWhULOcbU+urR76ehgH6l0ddYvuujG1gi5ubVGpkpRBBChTAtFCSvlICQpGxIRMbWc2tj1veSA1mhkARVZ6motUVLGTG3KZDafhUJSmpAwAQpFlBruu1mEbEotKATGbcxaSqkBRUGJUktghtb6rnNiNGWrtdZS7GaHcSlFZmoOhapaa5mNWkqJEITGcZzGsRCl1toVrIhSCuPQZFqmslmOQhB2CmEiFJKg6ztPOeZQVWupliaPbjnre4QEEkRElEI4syUhICIimXLqaz9lhqilogBqDQzphFqKYcopSpmmBKOIUK0zQ2tNUW27Od1yzCKilEAGSKNhHKY29rXv+x57mqacJoh+Nitd6bpuHIfVMMiUWnLKEtHSFM37eVeLFCUslRLKzKllIOM2tmmaEjBDG4QAnCJK6UtEiUK2zFQyjaPT2KFI5OYI1a4W1RJqmdkmIoQQtrtSFbVN0ziMrU21diqxWi37vnZd35UihTD2NLVSous6SU5PzSVK6Uo6p2HqSkkIaTZfgMB9NzNWBLRZ30eNtLEgnUZM09hVRe0kTw1hlXBma1mrIBRar4cSpdYO0fd9CRH0pQ/CysOjo/l8FiKELU/t6OjIoSItV+vZrJtvLGyjGNfj1vbWvJ+ryBKSpNayfOLHfXits8RtypxauvX9XJSIGhHr9aqfL2qpq+XqaLWedbNhWldKN+tW63XCrM6xI2I9DlFK6SqJ3Yb1esqsUVpOs1lfSy1VUaKrdWrjahywSi0lSlfrlK1NgyJKrW3Kru9rjXE9lqoSNeRparV2pZQS0XJKMLjZOSlKLdH1s5BaWmIcxtV6NazX89ncJqdREV3tLE/D0DJRBgVwktO4PFrPZl0pVWjKrKHlemw5dV3XnKX2pRbMvJ/VGglSKFwUTiT6UieyRO1mvRSqJSICQFEEsVweZTKO47Re225tmtJF0aY2ZRqm1lq2zIRIJuMgJjvHMW3hqU3OLKG0Z/OZEdaUI3KpXSHGcS1FlBIC0+ypjVUl7YiCmdVSus5yqM7nfZRYD9NytSKKIkpVtpzaKAR4TIuiipwtp8xhPZYSpIOIUK01pHQyoRKB2zSVoNSu76vSy3GKQKptct91aWdOLR1S1CLboIiulq4rUikh1c7pzCYHEkEg7FAhLKkoSglJlMAuxTSmzK6roiTYti0cJVSKW6ZwMwK7diEUEVECyIbtNoz9rCsKCEChEjFleppUQ7aRnSoymoax6/t0DuMgotZOwTRMwrUrihJSa8PYpjStTU6rlFILgJAKKGrUWhSCrLUDD+th3cYSqqUglSgRhXRmliiGcRylwG5TCwkpFA1PU1MI0VqzCcktbSRDpFvSFJHJtB5wzmrX9V0pJUKESNtZZrN+1tm0bG2cpmkqXVVRy4blaUqwjbHkBCFF3/cAdhBtatM4KoSQA9ukpCBa5jgMU5sgQBGBadkSFCHbklCoRtEwtWmcqFRFopZTRBVytubWpqklbq1lCygliGjZQkKa2mQD7vuuhJAklSKHZCuilq6f9TIpZzOROJADNTsippaZWbsSgFHErHZRI2pRRE5Y4CSwFRBRFLJtMqdsztbSUEMAUaZ0TlMJlb7PNiFAIJUAsA3GtdR0CquWINI2BppTiJBznFrWUghZ2ZpXqzV219Wc0jhkUSQLy1FqwWSmjEJRyqybSeFsKYUoJVCxs01jqTElISVksyA9RVGo2gb33bzUCAkCk840XSk4Jg9tSkuASi21m9popyyViMDWNGXpahDLo6WJiKglSFsipIY9KUqa5oYzHbVUN0/T6FQEUQJhR7rhEjhtwBlB1FpaOltKAhMaWotGKaW5tZZFUaIICCIE0c86IysDNWO5IJVQ0NJgpcap1VJKCVQyG802UaOUAi7Q1U5FpdSIyNbASkGL0pVaSkQmpGtfFJBWROm6IkUgFVAJtZa2Sy0hGWwEtt1aQJQAtWyAgqBICLU2FqI5bVo2o4gIUMgm7RpVJUpRqcWitSZJJWQhpmmKNKqlKxEqJSLCJtVoqShVJIqIWqM5wV3XQx3HtezM1pxuLrWEVErZmG+Ax2kQlsrYpjZOCpdSsYuIWmrtS4mIkEqtfZQiaZimUkpEqbVWFZO1RKmVJnCCwJJzGqep1E7CzrQDKRRdH+kpUyXAiYSmsdXalShCSYaJiNpXUDprCamWolL7KIEzVUJuLdMmHSFkCOOu7+0IHBG27MxEODNbNolau772zdAwlmQotWZmyqFSVPq+V7MN0MYps2HRWnSFiEzbxunMvlTbzWkTpbTWxnE0KiWcrrWmTcspJ2dQ1NzAIkrtimrUroSiVOeUU47TFLVIJkTSpuYAOyIkRYk0U5tq13W1a7ZtmVKKMluzRSmllkprUzrCoLTBQsiBhjZIzGdzwuM45eRACo3jNIxTlJJpZ1tsbjqztay1l8g0pu+rSjHpdNToalEECjtX69WUkyIkUJSgRFhKu+/C1tRaCKdbejabRwjnlC1lFFObcsrada21KbN0UYpKLW5ONyPnNE6TIvqusw2B3VqzW1cCqYQO9/dW62Fj3qsUhMFS7WIap7RrLeBMI7BtQ85mG1G0t7s7TNOs601mMgxHszpveJzGUCmlTsM0ja3UKLU6kkYo2pRtGsZhnForpetqN2WbhqZQ389sj+OwWq1LhNOGnBomqqSaznEY1uPUMrsSk1sjx9U6nX1XSz9r49Qy5/N5a2220S8PD9fDUFRFTpmtZfnwD3mf3d1LbZo2Nma120haV2aEx/VwdHRAqtYAutqlc7U6rN1MUqndfDbf3tqyPI5TrQXITKejqNSYxkkRCtKUUiKijdlymvUzLGertUap0zC1zCihoKt9kqWUru+EDpaH6eijolL70vedbbARrR0dHpVK181ETtM0jtOwHiK0WCxCUQoonIkxjqjjuCpRjdbDGGa2WDiJEqUqW0olgqkZtb7vM91aU2oYxloL6fU4FNGs9fJIUqD1OE6tZbq5FUq/mEVEttZ3fZuawKIrsxpKZ9+XqU2y+66fsgFRi0UQLUfkUEhFAkUojAOXrnbRIQ3DYJRJ7bpSaqajlColBWXaOSVBgASSyYhSa9/aGKXM+1mUAjQ3gZ2C1ibZEWFRosgQtCnns3nXl0zbrdRuGsYS6ruu62vDKLqui4jWchjGyYMgIoYpFcXKzBynzBxVakjgUqrNOIwRJSIMyNmylqJaWqOUElVhGUfU1ibTcLTMhNoVbJWCc2rT1FyRgmlyiSBkA25tNFQpSpTaTVNrOZVSEECJSLuUEhFKjG2nk6DQNTdbyG1sKjGMbcqJpJRaSkEutbrh1rpZPw1jqV1EAJKwa+0gPbboCoSnljSEzdQaQlLtqqzm1pUyZR4eHUApJQRHR0co5rO5audsyLajlBoBykwpkMephUqpBezMKIUIGacdUUKKGIbB2aY2iehqh8m0W9oZNTJzNYxKoq8RWJRSZv28TdM4rN1obWq4qmBZVnQhgEBpaonSdU4SMnMcWzpVihRJAlFqBMN6SDsIhEK1q33X1y4iJMlphIiiUBSJkFKWSTGNY43S9b2dWJA2gSyF3DIzmzNtEXLmNEwpIoRUSyWMlUZRFIxTm6bBUiml1E6oZWvNgIoCUyq2lbLc2tQGOyxnuuu6EsWAnZm2m8eIIIUdNQKcWLSWzU2oKMgkpCI5s7XaddSgqU0TUEoYZzrbVKIoaqkhRbYG7kqvIKKA2zTZiV0URNjNUFQiwkiYUFe6dGa6qCQOikQ2R4nMli1LV50pcBSwbWeTNA2taQgXRF/LlE1yZqYbCFFqFzVIMpNiLCHbdkrhbLZLrVgR0XUVgx2l5DQNQ8s2EooIg0Sp3XJ1NI7jvO9L12EMKgopyTQ1SsupmbAEYGOFSqcaNapwMS5RVKtNSBG1VkWNUko2G9dagogabRjsFkWZnqYmgTw1yyjUWhOhghtCpE0a1a4vJbJly6y11K42kgayKFFoUphS6tQyJFAoBCFFDUU4G5JxtpQUEkIRnlyKSlfb2KY2lVJVCk4UGElYU06tuUZIysyCopQpHTISCATpNLaDKKXUWkJO45atRQjFlAlEBHZrLVti11JUAkK2cTRUSykqpbZxmMZschgUUqhIpcy6vvbVLafWpmkqpSeb06UrJQrINEJIQGJn2tnVrpSKs3ZRay+5jY1EkSkt5hvz+eZsNqtdwZjAqJTMllMrVXYQAqRoaTDJNEwhsKTArtFFRGvTar0OoVqcbuOIVLrSpmkYh4IlGYfCaRsHOGk0W7bAIsfW0oFJpjTYTjKz2diZrTnbSEBzZpuykVlnfYRCRYUgEoSRokihUmoIQOQ0piKIMJZMBJkREREOSDtJtaLaWnPadokStU7ZulpKKS0dUUoJRTgJyGwKKaQAu5QCImIch+VqRbau722PrZVSUNgehwxbokTtamd7GIbWbKlT1C7k4taas40TUkoRZLaiEiWyTXYO41RKiQiyESpRkbFDBRXbpCnUWkqJUus0jbKjhFEtYRy1dBGr5aq1VmuJCAlaENl1vRTDMLSWbZqm1mTVEqQiCKJEQUiAMrP2fXMq1HfV0jgOwzB2pdZaBYrSd33pS8sm1NeuJVKUUtaroU2ToZZZLZEtQUjZbClE1L7WAt7f218sNgMN49TVrtSinJotsKgqreUwrVtrY7Zhtc6cIpTOsaUCE6o4UyqEx/VUo3RdrJfrqU2lK13tLLJlP6tRNExjqGxsb43TOA3jrOuSaZim2pVae8wwrI9Wy1pK1MjM+XxjNa4wfd/1tR4dHtXKsBrXw7CYzfpZ39UuVMHNmaTTTkuU6NbDehqnvu+IKJQIlY/+8A+mIXk+X4zjNBwdla6Mw5i41jrbmNfSiTw4OiqlbG1vtWx2DtO4Xq5IC405ltLVGsNqXfuuFq1XK6CWmFqrpcu0PbUp+653xHq1VERVRKmplq0loFI6jUPLbCXCMJvNu1K7vhq3bEeHh6vlsnZdP+uMFluLrp+11lpmaz46OopSuq6shzFzqrXva5mGPHb8WNS4dPFC1LK5udGGYWptMZ+3qTlRLXL2ta+1jFOrtQsFjlpLrZ1zak6XEirZmlBmltKpRGtZarRpUi1drapB2nZrbZwmgXOSSTxli4icXGd9P5sJlVJn81m2LKWGZCilK1GLBM6kryWC1gKgBOTUWj/rS4lSikqUWtvUFBU7aX3XZ+ZiczNgTEtEyplOE0IehtG2UTGSgsjETN1sJpRTlqgZo1xqDUWJImeOq3FoU+27vnZpEJmupSCRLUqUrtJCpUYVUFLj1EqNrtYuItOAShGsV6txPXR9LREGSaWUqbmrgTS2dRva1NKJldksq/ZVzhIl06VUJdM4rtdja4Nb6/uu1mrT1Y7MYT0M0xQyKiViGMcpp3m/IQgram1TSxOitdFBQWObuq7Wro5twtRQJrKQIYW6vks7UN9XQ2arXZXoyryrsrEzs6molNKmNrb0mKVTqFgqUVErXVUqVIynaexqSWegvnSQKlKU+WxGehrXkkvpsrlNDYKIKFFKKQUkmSggAdOUIS1mc0VpTIJQyWwKlVK7UrquErFeDxFazBaz2UYqL164eLR/UGbd5mLTVk4tk6mtSaaWAf18Ppt1ZIzTckp3XelKF7VOU0YX8252tFqP0zBfzCBqrUVhKCUMmFLDKYVDEYraVVmhiBIAVpsmo7Ci4IgaCmIcx8xJJapKiUBka1gKIdkWlopCXd91pZZaSy0ODIrSclqv1l3pVQrpxJLBrXka1yIiIjMVgDJxTkWRU7PCk8G1VJUaCFxrqdToSmuT7cTOjKCqlFqxIB2So7U2uRWkiNpXhWxLQkXKNrr2dT2MpLoStSulFhTZWu1qREm1omIzTaOCUurURtlpr48OrehqV7qaU5taKkKWSWeSni36WjohUHrElorszESgCIISgqJqkTllG6eWtZTmbG3su16lKOwWAhSKqKWWWmxlm7Cbs9aoquCWk50tLWLKNqxHlSgKbBAlItTa5Jy60kWETZSCDFGKSom+n9dap6GlM2pRKkWg5sw21a7raomIUopl7L6W6LoMcpgUUYLWnG6ZrjUiQhEmwq1lq6VExDgNglK7aRiypRQRoZCQyWEYAGFsY6RaqgpYlgXgEnUcBztnsxn2er0WJaqcOLORzoZVu4o90bAoUUuE1XV1PYzjMI7TVKOWvrZhChxSI7EFddbXWts4CEcpJSQpIkIVZ2aWWgzrYSolalecLkG6SYE8Ts1yX3qFyBzHsWWWWmrpBaXE+uiwtZzNZ9mm9Wq1XB7JJUqRahRst8lRAyF7WI+rYT1NkxLLhUBEFDmmaXJma40k+kpLRCLJUSKQ8TQMq9VShKSIUlQzk1AtAVY620RItWTLNowKmm3sjFA4opSojnFqbWpBkdzGBhGRVaXUGIcxc8xaSkTLKTNLF/2s3724e7h/sLW13amkE1FcAXBfS5TaWibGQpRawWEilFOO09AysQmBI6oUScpkppK0na2WTsU2U5u6vpOUbaq1YPq+H9o0DYNQYkwppUjOHNeDaici7RJMrbW0abX0EQVFrR1SFolQjSAShyVpFDVUu74rxWY9TDi7UmstOY4qJaFlm6bW9zMpVEqNQOSUma12ESpTa5nuSpnNZuM4jOuplkCqXVdqadlAYKS+74rqNLVhHGyXGl0/B0/TOjM2+t5oHNcgBWNrXdcF2CnJmYnDkbAeljhBCkXENIyldl2tIDujlEIQREaUoqCI1Xo9tVai67raMmuUaZqKqH1MU0KoKLP1fYcxie1pmsYBZ9d1JWo4s+U0tZymWT+b9R3GYEnpzGlcj5kutRTKahzaNNnu+iqplqilNE+mRIlaRJHkrnYIwdiyq3Vra+Po6Gi1XC42N+b9/Gg1zGZ1UuQ4RSkqUWsBhZ2T62w+DEOJ2NhY9P0s29hF38+6cRhba8ePn+i7fjkOy6NltlZnvZLMNu/62nfLg5Uj5/0Mq2Vbr9dR1M9mObVxGmlZaizm89rVKafFbDHrZ6v1ksYwDdmmYRrb1KY2bWws5os+nXffefd8MU9USum6ft7PwEHpujoMSzl2jm1NbWpTK7W2aSyf8rEfubGx0c/nXe3Tk6KU6GazvhTGYXJLAoUUQUStnSDTXalOKxQ1jg6XNm5tvVoLF8kUpGkYgSJN49jXXhBdNXJDNKIqJFSiP1oetWnCIVNEhDKzRB2mIaiZeWn3fFe6jY3Faj2O05TZZrNZoGG9rrUvitJpc2M7nW0YI2qEkGvfDcOwHkeVGjBNGbWbdaUhlIhxvcaprkL2ZV67sl4Nh8sjoHTRla7ru5DIbC03NzbXwyoi+n4eEpnZJpVSQjm1aWqldLVGa5njpBK2EbWWUmq2Ng1D1/cK2UozTZMsBSWKFK2NliDssahkiSoNwyisUiSCiAAQpVNRYBsRVInV0Upy4hLRpoyg9n2RxpZRIrroFCA7LUoX09RsF0kCFKWgqJLRMA5KMvNoeWR7Y7FhQTZAiUJSUViWcDbXQlEtURBtWteus4HmKCWK7LRajqWW2XxjmiYya1esyKmBiZK49jWilIhQ1C6iVlu01qCWaLScnM6q0nJaj2NEaeQ0TpmTk+aMqPN+Bg2MnZklioSkbGm7lCIxrodxalFL7bpQJd13XSm1ZbNdqrCNulIs5TQhO2mtSQpFm1KhhJCmzGkY2ziRZE5pF6warU05pUBRhBTqunCmCcAGkelmnKyWS5kSoSitOdO1CgRYatMkqzVjR40aVfaY7opK1JaZzmyexgm7r9UQEaVWG5xCRaq1rMeVnX2ZzReL1tzcnK61Yq/GoZSopXb9LA2OGsqIEiEAPLWW2dUOhXMKRVFtrSkUpWDbabuWUiVwkrXWvusUMY0TQUgBzpa4lFJKEAIFZZwG2yqEokRJ7NYUAagQSelrUUkyomSaUNcVTGYWh5WllBIlukKmUYkStcpY7kofRRI2NuCIUCjT4zTWWmpXnQ1kkFNRszVKEbg1KVo226DmzIYiSolwEMWillJLr6KQQlFrSbAzIsDT1KQy66siMm0cRoqpNTlBbolEmJQinM02TkqppSOw0yawJGNQKJocFJOtTaUrRR0IbExEgKKUIgU22MiyUIxtKlIXRRJR7JzGqWVDlKhuTRLBNA7ZsquzqU1CBFgtW0SJiHQWNGXru66v1UUBhSKp5eRUV/ra1yiahqnZ2NhSKaHMzGxRI1QBYSCMQ1KUUJrMFgkh2YZpbCS11hTZWomoJTJJkLNNbXLWqAStNWcLlQhFaGoZKEqQmXZmq6XrSqGEAtvKUMjZiiJqaa2JQKwOj9bL1Ww2b20KqdYegwxkunS9BM4oZRqboJY6TjmsljbONM7W6rxG82oYCEkUlVI7impU25PTJqcpEVIIlNla1CAUkmSVUqJINFsmqqA6J1B6ctoR09TaNEVE7WooGjZ0tUStObXl6nDezTY2todpsLNEHafJgCTSVqa70vXzGWhqY5SQwjg9tsxiRSn9fFaEARDYGYo2ZWstpChVEfNZbRC4lNrc2jROrdUoKiWqQrRkvVpPrWUSKuC0VWRniggp1dyGaUDMulpcWzidadu26bqC5ObMqZQSUTc3NzYWG9M4ZGvpdHOpiqgRdWyZntIZpSiCbKBMO1QiLLfMkKSCkJxuZEpRa8W5XK/t6Lqaaexaa42KbTHZzlaIcRhsuq4rEZDpBDW7liLRckqDqLVTFNsygJ0GoigzQoAhXBygqEURVaZlCzObd6VWRWlkmyYnXdctNjZK9ITSSbaEqMKkXSJAUkqSqiFCs66vpaoUyKIYm+0prFJKKAhP0zRNY0hdP8s2Tulaatd1aY/DqAii4FZK7aJkTkiBiGityZk2cleqQ0WltVyt112pUQokirCRWuYwjkerQ5y1FilqqYmFQ7KzZRvHMVQEpShqV0K11qPV0Xq1LlFcit2q+pQkZeYwjE7XWoVsD9MInqasQen6bGmniCnHnNz1FZgm1y6wWk5Ty9msw5mTS61FyrTCEbVEpDOba9eVrrRpUkjS2Fqgri8o0omUU6uzmcJ915Va3TyMU7YG6vq+1Dg6Wi2Xy8V8YzUNZM7ms8XGokQ1bZo8jBOZQ47ZbFP6QnM360J1bC3b1HUdEa01S9M4AbYVUkREN5/XJEvQd32J6sxM1uNw/PiJWd8HrrUrQaaH9TB5Ojo86med5Fq7iBLSMKykUj7uoz803darVZvc1a7Uslqt3JpKjSgWrU1uWUvXdV3XdaWUdCslNra2pmnYOzw4fuxY7aoz+/lMoalllBKhWT+rUY9Wy3EciSiljuO4v7e/sbGopZYIqcieWqMwny+c1K6WonFqwzi2Nq2X69IV1KZs88Wiq7P91UEbJuESJTPX41oqi83NzAxUqgmVrsvMTM/62TCNJWKxucipGdUaKgUsyHTmqFLH1bgextV6TaEWDdNQaiVJq5YYhuZAIaFSSiiKBKkopetKUThKKcatTRHRdZ1FiSil0ohKGydDw0KJIgip1uLQMA6hiNDUmuQiRSkIt5a462rtOlnjMEzZAhEh5TglkiGdtUaRVsMY4aIOJ6EoVSiRsqWRKbUO4xopFKAiTTnVUiWN40RoVmYOkSlZsJ4GUTYW8yglp0ZozMSyMscpDUWZLl0tpZppGrN5KopSeolMCykiM3NqpdSudihzapNcu76WKCVq6RDTMMgkjkCl9KVPcmpNUo2IABSKCGab877OVGQHZNeVZgS11Nm8T7JNTlNqCcWUjYQoma3WmnahuJagiSilczrdgiDUWhvHUVBrJRVkGkUpUVqbhtVyGKbaBShqyJqm0XYYRShK6UotRaUEyilbNiFKIYkQaBwG43S2qUVE19W01+v1NIxRQrXWWuxmu5aY2kTErKul1pZubUKlq6XZraUzoxZFYEyqRIG0mkyzipwepykUtZZSYpzGNmWpdbFYdN3MIJUkQxrHMaT5fFEiWmZOzZGE+tKXriuhbLTWosio1FK7vpSyHkeyGa+HsZSoXVdCktYtlXm0WtuuUaY2jVNTCOfYkhJRSi0FRSgMmU0R2IriNKa1sVldBBGZaSM8ZaZTEU6HZNPcWsuoYRCqtUpCODOzOT21ViIilNmkiChFJVtmZildlCIopZZSWiZkmjFbwROZYyvQdV0KnLXrM9s4TKpgpJKyyRIhybTWJlmBCGVr0zgppZDlUksbW2tNFRlJUcqwXpVaoCRGSMhqLY0jiqSu6xA2QLYmCzyOE2Dout7kNE0RgZWkDKioCCcuJWxj2Ymd6alNXa0lwkDgVPNkY2eRau3Snto4Jc7W2lRKkWS3KCWI1iY3W1lUbKKWrtauViTSSSCXKNgiFLIyWza7hlBYipCnplJSKDFpicY0TS3d1Sow2Ezj2JJSYjUMXa0BKiWkNM4spUQUY+yxTaujZVcKeBpaeoooEWETiigqtZQSU0ugTa2W6Po+8DBOKEot0zSN4xSllhLNLQzkMI1yRAkUtXQpO1sX0eRsrdRCa6BSSgnsKF0Zl6v9vb2uL7XrIkqoCI/pQCLToSK3jFJk0ZrtiKi1RwhntpxcaiHCObXJXd+RTK2VUggQNjk1ddHVbmqDUiqqUbquSmpTG6dpmMaIqKUWRCmKmM0XfV9butRiexiHnKau60up6SwlSg2pkJOtUuvYJiXDOM37mcmICGJM5zRGiSjR1SAKJPbGxkatJZ2JI+2icT0O6xVEURA21phplxotrVBf6mzWQ2bLEiJJpyLSo3FrGVKUGl3x2AydAEVEiQKKUmS1bH3X174sV8MwrIhumka3VqJGibQVOO2GmIQaJjOzSZIUpXS1SAokk3ZElCgW2aaIolLm877UGhGQJCWEiCAbJTSOg51FtasRiqlNLTMiaglFba2lXaJ0XbECt342x4lMOnGt1eQ0GVNUHbSpZY611L7G0NowjKVGrb3MuF4nmChdDMMoGWcpRfYwTZLlsG0yHCYbyGQ2bEWJEmlna9myGeFSuig1JDtbS5mun0u2nfY4TV0ptetaaxbFZE6gWd+DSimknKmk9kWKUkNE1/chptbaNJQopYuIElG6UlrmlK0rPcq2HoNiKUKShnGU6LreJhTrYW27X/RSBISkUoZhqFHnsw6MCBWTmQ2YzftaSmtpWpSIUp3GqJRaSt9XpK6WcRyjqpYyjVMqQ5H21CbkEmVq4zgOZEaEQ0KWwW2c0lkU4CgVKVtrbQIFQioqzilNFzGOzS3n83np+9ZGhfq+A9qYXa2LxdyQ04jVpiy1CsZhTFs0zGK+0c/6gMRdqaV00zSUWjc2N1XLtBpn89k0tSJKV8dhmMYsodmsXw6HNaoRoFCK+axvdj+ft2HqZ7PD5eGlS3vpLFG60q2H1WKx6GbzZg9tEkhVofKxH/5Bk+3mlGtXS9T1sFJIUY4OD0pXZ6WLUlrmcrnEXq6XbWoQwzCEAeaLBVbpFCrO1qYpTWZDsR5XMrV0fd9ZZPNiPlORieVyNQ2DivrZbGM+l8LhWmKaJrespXZdV7tu3peG5mUWKhbHjx2bdT1klD7bmGMDFdFaO1werJbrrqs20zi4ZS2FjJZttTzY3N7qa7Xdpol0KEopi/lcpayXy1q6g6P9GmW+mEfU1jyOY5uGUksJhTStp/V61dWuybYxbmPLaViPimK71HAjamDSFpBuSrc2pWspJcI2pRShUizlNLSpdX21FIqIMk3N2Qxd1yGVKJlNUokQlgqJpPV6GUXTNHW1NjNOrUaEJJWpTX2d2bleD5kpKUTibGmTTk/NshQmaxRgGsdkypza1BSys7WWrfV9H10n0nZIsksXmXJmVztLJrvaERrGUQqVaOmQBSamacykdsVhmam1bMxnM6Gcsk2W3chhGDLdWuv7HqkQU45uZGvgruvHzIAonULZJihd19VimSjF6XQrpaZNy6iRLRE5kZklQiKQkISE5ERIZEZ1R+9w5tSmyXaU2nddc2smQl2UlBWk1dfazeatNYEKCkUCjijYCgVya0ACRJRCEp2wpjYNw9h3XVerpeKotUqutYsuEAZJRJQSdo5JV7ooCgJJhQiQAieZU8pSRHMrCoOiRFGAA0WkcbrWYsBqmd1sJqnlNI0TQRclarUCqat97XrCZEYXQpjmzNZUAwPNkk2RVCIUU45SEApsR0hp2jS1cWw2ThxARJQIRWnDNGab1xlRsrWpTdlaWNM4KiJCIohA6eZSkEqEiJAkQiHsTKMIsqUFkiAUDgKM3FqbhrFlUqKLgt2ykQCUCpmZJtOtRI2QQlEKQBRlki5dKVFrX20ySVyiRCjtWqJENTlNLacRp4hpGqfWnDggyWzTNBY6h5WoRFVpWLYollRlZ+26qF0UFam1CUsSwmnLCmW6tYxAgUKCdEohAEWEUFW1bHuaplIDhCxQhE2jtSntlApkukUEoBLTlG4TqiVCEYpCwSaMQmRGRDrkBsqW09Qsl1Kw7aylUGotcpNtg203GxMCg2WtViucfTeLEiFhWxGhIKY0BiJwOiOoXYkIJYpQqPa9IvA0XyxaSzfXGlObBBBIJdTSMrWGFAmWpWIhRea0HsZaO+zWsgQpD8sh0xEap6yK0lUFmS1QqV0bRzdHjbRms77OOqe7WkqNnLKUUmpXpJYGG5kMokEBQFFUo9aarRUpuj6ba4nS1TQKqoKwWwTNNXKaml1UVAIShSAi2tRaa8alFElphCVlS0EoikoUFYkSpBUWamNTqES0NiltoSIsiZbpdISKZdzSze5KVUgRJSLJ1qZQdH1vyCEJyXR9HacBR8sps0XUWqsAy3azSUlOk9Y0jLZr1GTC1FqiSI5s03qawBFFUhDpllNDpdml66LWEGCpdKWrs04WIMkB9ugMERFEkbPvelQyDWmENJ/1tS+SHGRzhCSAEiUihvWQmfNuVmpNN1SskFOiNRCKMGRripA8TanIRT+L2o3rMRSG1bAeW4sIC6XtVERXZ8g22MMwCZVaatRmd6VGUaZtZU5SlK5M4+DJU7qrfSnRnBqtaBHhBDUKajQpUEhdqWnGccpQFcadFF0lp5xSxHpYj+MYpQISKqXrqiKmNmWzIrqu5pSTHUE2py0UUu1qepQgFJaxaqmhKR2olGJSiY0UUUstxViJQkRMbRrGATHrZyimaWptDKBUk7axVKIr1dLqaDWOY7rVUkqUOu9VChGBLIXAiigKE8rJEa5dl2PaCWRm15VSK5c57bAo4ziU0oVimiYbklSQiVvt+jZN0zCW0kUIqZTSd/0wTZltVjtLwzDWqPPZfLlaZrqvfco2LdNuObWQppymcYoahIqiRExtslRryXQhhjZOzc4sfa8S4zhmtlq7nKZQoJhaqkYp6rpeznGcVAUaxxX2lNSI+WwRtWDG9SCHQ7Ur63FoOXWls320XJai0nXjeogSXe0tlInSoXEYFrN5LRGlllKcmc2LjY3l4dJk13XrYbVarjY3N7pZPw7T5uZma2NOube3SxIRQsbl4z/6Q9rore2NjY2NcRxLqIsapUNqbYrEku1xaratcBLSbD6PIPra1d5pMp0M05Qtt7d2KJAy6eZaun4+62e9Wyslaqlpu7n2pfZVJTx6WK+Xy2WgKEUqAaVWSchpz/q5zdDG5dFRrV2UGNYjUkTU0nddRTFM45TTopuVbiZIu6/92FqSmc1JreVouXZaBdC6jeNyRchu/WxWu67rag2MALdpvjGzoo1TN5uthvV6WPX9bDafBx6moagQwpQaOU3L9TKiFtRFBSTZBueUJqYca9QoQYJRhNKScEYtNWprCGOTqVq6rhfhdLZpyqnZ0zSVWruuRNE0jk73XY1SkATgiFB6zDZNIy2SVkqQGaGu1ETZWq2lRqldLaVKCgyyiRo1glStxUSU6Go/62ddX6dpajlhN7vrugTsiFJqtOYQylCYZkmhwCmVbIkoEX3tMhDYVqhNo62IGKexuREhZGdXO5UiY0AmVWoptZRS0uQ0ZRocRevlqrUxohgl2BlRQtGyFat0XSgchJzOiIgaMv2sdyJ5ebRKUVVCkc6IEhEABomIImWEkkBjm4xCspl1fdf1lrM1Z7aWThOUiCidsWxC2VrUUmsMwzTrau1rmxKlpa6UiChRI5TOlq05a1+rSglqKcYoigJCzlS6Mdk1IqJYzikJORW1pN1aWkghRxSilACjUoJMnKGSmVOm5Ko6tak1Rxdd6S26Wu2spRpP09imaRxbc+JUDdshCWWORJCUUlQUkNCGUWlFtIZAMrjZskqRFBGupRPYiiDt1eqoq33tArtNjYCIaZpsdbU6iGAaJyBKLRFGoSglEk9jkyIioivZWokSEZm208OEZFxrRTG1ptB8NlMg4xIRIUhngHHfd7aytXEY1usx2yQFztbSkqRaAyKdLVuocNk0jhZY2VoUQiW6KhMlSlSgi65UpqlNU4uirpbWJqLgLKVGqRg7sWwplNlIZ5ItFRHYIkopUks3Z0i19GnVUqapVYUiyHQwrEdCkmpU4RpVEa01k0mW0gkL2XZahXCUWlIIFMo2tea+hmWswKFiZ5SQkYwUkiLSTlvObtZ3XdfGNI6uiCClMLKbW7apTSFCiiiZZE4TyFIoSm1tyilLiShFmYqoNYSjq0JRS5FQSGHStsByuIzTNI5T7YoInIpijEjjNtW+1loAO+UgW6JaSpRo06RQcyoUKqAI1b63W2tjnXXZjKMroaiWWzYSIxmVCNVaSulKJmAkp2sttasRZRymNiWFsFVrm0ZFLOaLIFraWM7alVJ6iVIKiIR0a2OzJGWabKMbzemGFEVSKISQFFEyMwLbJWQUEiqAoWUjA9ymaRonquZ9J0WJqlrcDEa0ljK2McPkzFa6UgmKUHpysw1hCEUJ0olDpe8LCIhSEoRLlLDS2doEztYUGsdmHM6ulnQoXLpuVvpS6pStTYnpaqm1NrdwTJnTNIgoJUwIBxBBCSWllii11kiQyKm1ZuwSxZJQqaXZpskYMqccmwt99CZrdCWKZatka5lMOdnuu9IiprGVqLVgZ2sWQjYukpMoRRKZrVkQpbY2tWnEtNZCFIVRZsMolG0qFIqkUFXtSqldmOaWBjebIi1XR5jZvF8vx/VyFSX6WdfsdGPKqFJ0TjKnWvpZLc20caBllG5sU7ZJZBcdoAhFuHkYBlsEw3qMEl1XMhOb1lCEJKJEIZimxBmZSF2tJSIz0063aTW1zFICITRNzYkEadUIFU/NcqkVm/TR4ZISXVdzmpyZrXVdF7W2aYoSKKQSQqWWKDhLlHQaDBHqulmtpaW7qNM0CYcUJQSKaNNga8pJzlrqlNmmsdbanDk2pDZOTilIuyvFKRShGKcpivraScgyNhEkhN2Ep6mBbbIZMtO175yk087MJlP7vutCqcTTaiWJKC1XfXTR16AUhcm0x7FVkemIKKXY9F1tY4bU9f1qWHpq3WxWu14laokc2zgMJUpTjsNYaydUu5JtwprPu4b7rpcY2jQOY5QoUQxuzUSt5ehomdO4MVuMYxPZdZ0CoJba2jS0qUYZxrFlTuMoRZSQoq9dZrZptD2f9fPNza7243qYprHWujxajdPUxlZKKVFtC8rHfPiHRGU+m6V98eJFHKWW1bDKKbe3ti0fHh7WWheLzSJFjb52fd8XldV6VRTRVUlOSnVRkZTTNE0tcaC+n6uolAgipzah1Wrd1SqoktNpcGtZokQoWrPDpUSp3TiNmExjO1vf9aXEer2ahmmaGkGmM1NVpVSnQ9rZOUam7a7WUsqUjpCkGvXwYCWYzTunJ7uWMrQhp9b389J1R4dHXVeCIpUxJwgyp2FCUmEcp77rF4v52KaWWRSqNaQitdHGfdd3pVc0RUgklAgpokQhpmlq0xRd6foileV6NU1TSNmy1j66iABjou+6UitoHMb1sJ7Gqev7Wsu4HhUxW8ymoTVTQg6mYco2ybYkp0XAejURXswXXVfGaczmiBIRtgW166dpBEeJTEoJ07oShDPbbD7vShmmMS1DOiUFYRsigtZcFUmWKMI4W5vGaczWsmVXay2KqKVGmwYUKsIMw2h71nVpT9NUaglUIqLWEmEDOU1TCY3jOI1Da44IlK1lay0IySKbLZuIEpVCJLadRC39fBY1WjbIUrrWWu06G5NVlYhxXE9OhbtSVUqQ6bDdWhvHERS1KByhNjVwhGzbrqVYbunMNK3r+rSncbSJKCBnmpZ2BER0JZwehlFBcwLZsu9KLd3YRoPTpJsdyHbXdaplnAZZXZRSCqKUggLRSRHhtDNbZrphahfhkBJbBnmcWra0jR0RlkKysRIDEUVTS4K+6yy1llNL7ChVck4JylDYfT8rUWkuUaJGNqZhTXEtXZTeZnKTnW619qUvUYqtKFGRQyH6+SJKtZOiKTMkSW5EkROphKKUAhRJBUUoE4SnoohSS4DJbC2RLRmZJKcc12OtJe2IqKWbxiaFaa1lUYRKqTUUaY/TGBFdlMmWKbU6jbFUChC2waEotZYSpQROjES2LCq1ixBp225TixKlVjtKiUCJ05kt+0VvhJOIEprGls2ESi0lCthtaqKLSFxE2pmZ42SMmaaxtVZLjTCqlrtShEpgUhCilsAQYSMkAKU95iDVkMb1WnJRDXlqFg5ESIRtB8UoqoqhRBEKGwkIwkUqpRo7VFRmfS8pp6aIrpRxmjKpXe27LijIbRrX0+RUrcqWERG1qxGJcQKz2bzUSJrBrUkKhTOTkAAQYHBIKVrizFKiqAzDEESUGKep5aQQCFNqBYWxG+koBcjWQkVCoQAUZNZSSq1CJQQgp42JUqNEjTqOI+FQJBkJQSnFbgiBbAXZyNZApNfTlC1rV6rKOA2llKIg1Fqzo+UYKEIRqNSuBAiBmaaWzS6NYLUaJAyBidIhFE6PwzANo0VfOwgnhLJlKThwUoK0REZIRWElzSKnhmJWqqVsmc7WiKIgnNiJ5CSqDEUURdTOBpiy5TjO5rM2tvV6jbNEjRpgkKHUUqI6LSOlnQaIKEUQUZBCthwqERZBZjpVCsJtqjWMJEWpXd/1qlFD2CIUSMYtW6D1uM7EsqKGnW5R+pANJQq2J6sI06aplC6E00eHB/sHB4t+JmJsU7rNut7kNIwK59iMUfE4RkRXyjAMoYA01OiiyFYUiTA2shsqISWOKFMmzq72ta9tHEmXvotQSFNOpCC6CBnLQpmTYGrN6dp1Nhaz2WwYhghms5kczsmEDS3TrbUps0mBkMOIQKFaQhGoZE5DTkxp48xpaqox63pBN+/70skepklRI8o4raUiUoo2tW7Wt9YEEUJRul7KHJtK1BptGlubFJ1EywmZIAhChIoqypbpZsldV2tXnUmUElUlmMZhahERUTOHYRyL1Pdd7fr1emgtaynZsmUrpUSp0zg0TBtBXVcBq5SQVKbWwkYORUR0tWa2ok7hzGxuXSktrVSppSgilNnCihqKEFIhFLZDYXmaWmuTJaOu1Nba1JqIUrsIapSpTYEtwqzWAzgi1sO66+qsWyyXR7X2Xa3TNErqohp3XdcMJaZhHbW0nAI3t1Jq3/fjOE1jRl+6WlvL9XrV0unsui7tkKZpvVwPEWXW95NbKEKM01RCJcps1rfMKCITadZ1RLSc5v0MNLZhMV+kXaKAjg4PEJvzjXEYhvW6RG1jRom+q7XOG5lu2QzCkt2aF/N5P+vHcbLd9XUxX9S+EtF3NUotH/uRH0LmOLVs7fBwVbpo03TPfffOZrOu64FQlNLXKhU51c96k8M4jVPrSz8Ng4QjsGvXj9PY3JyuNbrSA7XWacz0BHQlCCJqtjZMbRgnp/vazzZnpVRnNmcVKBCr9ZCt1RpOW7RpBJUoEaESW1ubOU0HR8taSt93pRRb6+Xy4GCvq3VcT4frZV9qKBTR9UUlNhaLUvuGA0PM+1mC0zlNJUqQ3WxuMptns+KEwqzvosSs70tXSMZhKCVmXY/UxglIZwnVvrac3BLRnDllKQUskZlpR4m+djVKa9M4rDOdtFJqN+vcchqbFJJr6cY2rpar1sa+70tEN+uFLDDGw2oouHZVVpKZrNdjEbPFgohSopSIMNBaChRErV1X3VpLWz5cHigtaVivu74oPU4tm/f29nOaun4+DINgmsbWJixEKapdFSpRmltbDwSEnB6GERjHJrLv+mYjSlQr2npq2ZTYDqJ0MbXWlS6K0oHcWosQEWm7uXYVU2uttShw5jhMUaJEVUGEImoUm5BAbRqHYbDTOeWUhLIZqeXkbIicWjMlSpva0MZs2c/mwimayUxkMpIJRYSc2cYUQoqoXd9JtOYShWwhlYg0mL6vUaqEbHA6IdqYtSihRun6WWvT+mhNqJ9VHG2appaBm1MoSs1snhqObG2aWmtWSLiNY5QKKSLNMA0hoYLkZkQpxdlQSEJRJElTTkKKEiptbFObur6KAsYQilKDmFojqaWkcxwGhWqpCjWVLhCZiGkyUgHCbm7t8Ggpx2zWmVRLqkSpXQlsAGyViKpYT00wDitRggDjLBG160qprU1tmkpfMWMbFKWrJdOZjhKhiuzWkgzVYVy3NiGidikxTS2NFKVktlorgKSgtdYmELULtyYp0y2zLxUJydlCEmXKFpKiRpVMrTVKxYASZ0tLoUhTahRBqKhGiRIlaqkKGeFm1xKlVEwaPK2H1pXIsR0dHZVS+9kMSSqttWwZiCiyZSkC2bbTREhSKV3XjcOYrUVQVNLZsmVmUErQ0olBNSoF4ShdTmMpRUh4ao5QLTVBdiYKOVFgUlZaIbcp3bKrfS01quRIt8ycsrXJNVRULabWxnGS1Pd1nMZxGCWVCJzrYVKJKk2Z2QYiSt8VqSgScGt2KSUgDSFZEYFkwjm5kenAFAmN4xRSptMtJEkiWhuRo4iIgmxoGaXUEiHZbWxWLVFEAxQlhEotEV3SQopSEEKtZZRqR5umrnYl1Bq2kylUFJHOZksOFZUIoxKtZcMgyWDVInuchogy5EioqzVKSbtNrYsotSMIwsJklM5OCVLDsI4gSnEjap11XVeqpHEcJ2dBGRIqJcIx5iQURUVFYlwP09RqrSVqa8M0NTunzEBCpUTX1Qi1bGks1VJKKERrhqxdHxHZpjS1KiJaZnPWWsJKq2Xruy6K0hmK2vc5GVNKJFJmApgoSG5ZapTQNFmKKCqlltoJWhuTwEkomwW1FJXSrFJiHKY2tVnfpZnakE2ZWbrZrHa2M1NRShRPaYmWUaJEkXM9DEWBE2SylGqws0akM0WNSmappXY1p2kc1qXWNGqUUkrXlRJRYj5fdP1snKYpW6kdwm2qtapGtjTYJjJUwBJI4zAo1Hc9Vilh21BUS6khRS3T1IyL1HWR1jgMmRZBIVTSiV1CAVFLSJLaNE0ejVVKrZFuUQpS13ehGNfT5AbZd7OulIkkFCY6ghiHwVDnXe1qiWK31iyEVEBR+1IliroI21ZXSZcgSgGGcbLtTGMlLnTRIdlWSEKhEjVQYoHTpapNFur6rtQ6ZRvXo02JUvuCLdXaVUg7RZEkBZkKyS5Scw6rwa11fQWmceprbc2lK6EyTlPmFESUUuRmFEVS1BBM45ThzY0N2yAIWbXG2NIJQUTg7GpfSmS6ZZvG1nVd7YolgRR9P3NrKlKUiKhdbW0y7rs+QqFYrdfDsIqQoqDoutqVmmq11BLhkIQzh2lV6yyKxvUQofl8MQ3D0eFRJlFqX/tGG1eroU2zrmtjO1quwtTaES2ikzNqscU4dV2XbphZP7c5OjoYVkPLaWxTTq5dGYYpooRqM0Wqsz7kqqLQ+mDZcF/rwXJZqf28X4+rru8lZXg+n0FZrQ4StdZm/azUSuZqGIZhqjUyPes625JQBrVElOimnMrHffSHZGN1eNTN+o3NjfliNp8tQtra3JymRmhjsYBYrdalFCcqTMPYVpOLEFObUGwsNt0a9jiNEdHN+q70idfrdWuTsUQQ2WhTA3V9ndUuQdI05TSNUVRKYOazvtmr1ZBy7WspJazlsHJSuhoRabpaIqK1pmDWdUbr9aqUCMkmWw5trEV9103jGCatUkuhrNarzKmWbpwmIKeWTpCJrq+ZOU5j13WlFIKcskSXbiW0Wo/CFNXSJV4PS6TS1aKiUlprh4dHYaLENDWZ0vVtbMN63XIqUWrtJ0+ZGUTpOkFIXd/LOU4TYUMoSlcMbZoiotYaRTbDcj221tdqU0qxcWbzVKPr+llXi8HpYViXWmezWUuPw7haLbtZHyaBUO1qQIQLpXSdxLQeJKKUaRprKYTGYehmtZaoUYIopYKncRW1lxwRmeOwGmrfSZqmMdOzrislutoN07BeD5OzK8VIhEKIqDVKSEq8Xq9r15WiltnGKRTNLrWUiIhIt9L1RYEMKlFrPysh0XKapilnfT9N03p5qFLLvHQKYaP10XK1Xi8Wi5bObK21UFghSldrqZFGoRpRVWwKKrWUonSWGkUlWwsJM7nVUmuNtBUehymzKSykiAxN05g2EkSYJJs8r33pIp2hYtza5KQr6rqZnWEZhnF0jtH1RSEIYmrZaEZdCUuCIqVkYdmpWsK0nJoUKioRKiFUa6cwhO3MTLuU0tU+amBqDePASJLalKWEFKWoRIBrKaUo1HW12K6BTZBIQBunKa0It2zjgNMhMhFSZDhtLIVEsZtxUcnWkBUaxzGbFQUsLEWKnFpERAmcLRtYqETISgtMukQgS2qZziihlllKKdFJqhFE1FJns15S1MBqLSVqKWCb2gfQWtKcZF+7UkqbpigkdmbtCjC2iSRbE5SuSDFOQ8sspUYEkgAwnsZGQIIgTNrpKJGZw3oVEV3pTcOKoiIMma3UmM8XpRZaSxiGwVItRZFuRMgiwkqbiIi+K7XWaZzsbJkImeYmI6LlaDttFXlKRTiztYQ0KhSHnUIu0QFJSiolEBik1jKiSAAtcxzWilAgnkkwrIfl0WGpM4Wztak1Z5ZapJDpZv1ivgDlNKXcdX3t+oDW7BxxSOHMqJHpNrVpTIoCjEqEQkJRJGvyWIRLac5CKMJgp+VaaiaNKQy1FPWhiBBJyrVonJpDmek2GeSiSinRmtNTKRWyTVm7AprG0YagRBTZuJYaJRQYja2VGiQREWAztVEOS1HKNE0RqlHsZmMoRaXWguwgm5sVuGXpCgo5m9uwXqcZh7WnpjDp5qxdKaW05mxTrTXlANOyuUSpfTdN02zW930/TGNObcpJiUO2pzYgiYjQlK1NGaE2jUa1r5lIgT1OQ5saQgqJCGqIqCGHpChFQiLdpqnZtZScGlgiimwiao0qMTlJl76GPU2NbEkhWynRmksNjANKuCVOJ84MqTnT0zi0No54gmplOEqUsU0EwN7+pWb6ri+1RlGUWiIcShtTawEIteZaqrEzhcdsEYoacrUnp6NUg8S87+usWx0dqjDr+2G9Nu76zhHZXGsg5dSiqI3j8vCwn826WofVMGUSgJRpG2e2RBJIEXgcU+FaK3gYx9ZcuyoBtNYkka6lWAzrMUoVtozAhKTMqTU5o1RIEThbS0m160gLBZJKtqnWLiQJrFJK39dxGHOcihRRp3Gqtah0rU1RYjabYY3jqFK7WsZxUolSisTUbGfUOk3jtJqii9lsTnq1HkRGiTa1sU1RIluCM7MQpVZ7iigkq2HlZkUZ14NxCSGkaOM0jVOppe+7hGIZt9aac5pGEbWGbWcjwradUBRRu44ofVdRQKoUyEDgzAwpJCshIhQRklprme66rjnbOK1WazUbEiNUhDIzI0rSnE57WK9tQ4uo0zgiutK1lqWWYRyn1uZdlWRcuq4QmdO4nqZpsrSYL6KWqhgmFyGFW4ZiyCmilIjVsB6n1vc9eBzHzKyltClLxGJrQzBM0zSNMvPFfNHPKCXb1PedgpwS57Aex2kAouuGcTLu+5mKpmk8PDgYpnExm7Vmgihda1kk09wyM4fVGrEeB2cb3XBmWuHalWkaun7ez2bjODKl0TSN62G9MVtYlFpCMUyt7/t+0WPZTYrmHMcxiNlsZrxar9Iun/ixH9nNZlYbp9aX6nREqV3FYKpKlCBUSxmH0bRA4zjFrM/WQDUiRS81MskodXW0nsapn80UJZz9rFeEzNSm+cZCWG5FNWqXpNJpotDVilVrlch0m8bFbD6rM5GttaODg/l8LjAWrFZHU7Y0TiFjtWlq2Rbz+Ww2o2RXZ7PZvGUbh2Fs02q1Nii0PDooEfONhdMBEZHNU8uCi0o/67EhcpqU7mYz5zRM43q1ktSaF/MFScvWdzNBm8ZhXJuUXWuJqlJK7bqIYrm1nM06oUbOZr3warlMvOhmKiWCUuowNaWMQgLalA5HhKTMli0zWynR9RVcS6mlJI7SSWW9Xo/j2M0X/awfVuMwjbP5vI1jZtZSNxYbEqjYJi2HM90MMgkoFCqUqKUETMPU911futVqfbQ6knI260qJ1Xo1TetiNed6vZ4temCcsvadMw8O97vFPCJUu2KXUpyKAnaIdBZVbJPT2GrtCkpRS7R02kBJVCIzSQplysROmKax1pJtHKbJ1pRjia7WUkvNbJ5acyOtUKl1tph3XRfBNLaullo7hSAihBSiRjEAipI4AinCRClubT0MVoYJhUTaXalYrTVKCaKWGhGysEuppLO1EMthNSzXpdB11VK2sQ3TalhNw6rMuigCjEspkpwOodoJSmic3NVaaycETOOkUI2qUmqUqOFMFFEKYYjMDJSZCKkgulJlTVOzEwXpCEBBRJRQTeywpMg0aq0Nw6AA4yAUOU6ApFpjGptqFCoi27QeRzBErbXvZzVKyh4yJCCnVBdFRRFtGrq+1hLrYTDq+lokcDozXVFiGmmXrpaoQiFFrc6MiHAQAKHIltnc1ciWpRSgtRZFWGEssjXZkiilj4IznaGIWopCRLqpRI1ie5omUGuOKGCDJONao0RtmaFAVkpgIcBuTgs7u9qVKM0tM0GkCRRqUyKkYqdNCCSkacrMrH0fEcMwItKe1drV0jIDqRKUtI2aU6arZcqWLWsphLpaotQpW1e7WrVerzGldiVKy1GqEl2tJRREm6axDfN+jr1aDjJdjUw7M1FRSM60ogTIKl1EFEVI9pSZLZ1pl1pKaMrsuy5CyEURpQSR2aSo0YEIWZFp7LG1zKkUdbPe2VQUjsS2pzZJqiWMpmHE2bJNrZEJiuhqqVEgGTPbNOU4RSml60qUxDm1zHSmCDlThigCFNDVHkVIUUqNkmk7DVKBNg5TVzvh1hxSdFVRlCSQOU1jKRUIScE4jEUBQYRxiWh2BEHYKZWQx5alBAockrCdzjEtotRxHA2GbA073do04VCFjNp1xtlaACKiRinZbMnNDgcmJMXUpjY1o82tjVq7Nk21lmEYa9cXlWRsCaSdte8wKlURbi3bRLp2tZZqnNNkwGVMt3HEbjmhqLUCRGDP+l5Icqb7WT9NLbPRTCAJWhubTbYGRKkSTrep1a4cLQ9r7fuua+u2HtbOqetq13fDMFSVqJ2yRV8LVaUEYU9pOdvmfG63lm3W9VG7yRMKk+OYziZUSnS1psFEV0gRdoRFpruus6ElUaMgifC0nkqVU/edvXtvb28+W3SzhSKIkmNGuHQdbm1qzhzG0VAiEJmuCtvpjFrSKYmUhKR0NrvWqKUbM0toai2EkEo4E8gxUaigdLqVUlVCoFIMoVoijI0zKRQDUVKehglZEApKSZoUmW6tdaVGJApJ07RWVKusV0um7BeLiFIijCJoLUlqV0CTW9/VdGaWUGuZzgaUPrraDav16CYJx6zrutqlM/G8nw3j5KlRSoBFG9t6GGazRallzFGiRFVAyGOWrtS+lNJJMY5rZ5ZaPeV6Wvddp6KptXnXoxjWY5umoki3WmqtPU5JCtm0aSTUMomoEZk+Wi0DlRAo29Ra4tbXHoTVprHraum6EhERCmZ9b1gdHk3jJKRSQ6FIJ4RKicTONAQOKKWUqJNznMbVat3XanuaxiknhyRvzBYRpZ8vsg3jel26Ok6Tglp7gmyt62pkji0jipNMlxqZlFqG9SgBzObzli2EogiBxzaFs+/6bJnOihUxDauur4GmnKJRuzKNxvTzWVeLVIxnXVdqmabJtJQyW0Gys7l0ZV4XLcdZt5jNZtPUWrYaNUrNzFJLV/uur6vlGtzVOFquVqvVrHbCnqbFbD61MaFElK5brZZTTmrZWpaP+LD3z6lJITGuh1CxcxiH9Tiu18va1VK7Nk0REWIcpynbrJ/VWmWGYaxRal+RpnEcVquuVsktXWvxNA3jNLSx1iKVMRtWZo5juspubZwQi9l8Y3PDyTgN4zAu16uuVmELQFGsjBK1YLuNre9LGqxSopTooo8QZK3dmNN6vRal6wqKaZxKKZs7213tFKXlFBF9P5vGljgiAKz5rO9n/dhaREguKhERpRZomaESQQ3JpKcoymYlmdM4rBPXKF3tFGW5XGZm380jyHSNSHuaxtliwygz5/OFrPU05dQUkbbTIY3jFIWIYnBrWNmaQiKcRFEobAPDOEWJnKZpaqFS+xoQxKTsShQpp5yyRaj2dVxPEaq1a9MUhVpqiuZsrUUtMgrlOE5jijJMU42um82OVofDeiXZTolagvQwDlKooFRmU5QSgbP0wUSKvpTZYiEVaFAI5TQ1E2qZsrOWiBotp3BIwlaJKSfIzFSUCKsUGYUilHaJYqtGqVXjNNWQFNM01VKwDw8OVGLez7uuN8KOUqapRRdSBFEjpGjZ2tQoMYxjlFpC0zS2tMEtM137EqrjMKadckQptRo1uxTZhCQpW2skoRpkttamblazNadqLbN+luO4Xg2rYVlUulkfUTwlCkSpJRsgSRGRziAQJSrh5WrdptF2iej6rqUzm1IOtXQUpAICJEGmJSEJudk1goB0idKCllNrFiiQo4RIEruZtGVbXd/jbG1SKaqFxjC1bClF7Yss467vSikiFJSIZiLCkq02TYRqKSG1nBLcWjOBokTfdQiUBooiVKIYq0SJaFNrLS1I7JSUcimESmZrrWVOohCgQK6lhMKZloSiyIpMZ2umTalM11qSdNJoSqKqTW6Z3azaKFxLuDE1g2WEbCJkexxG46jRpilQEtM41ohSIiVsUGbDieTWiFK7gokgDZmK2tXS7Bo1ahSFbUMpVZKEKImdLhREa1O2VkqFkmQQ4zQ67ZZIIm0kOVNRi52tlVIUQsYm2zCMtmofRbIdEaUrpStRQk5DRKStkEEQ0SmkABEWoIg2DHZGqYpQRI0SiihFhJCFyEwZT9nIBIrIzK6WaZqaW9/P+9KPOebapcZqvS6ly2nKbF1XSTKt0Ho11BKYUmupkU6DRBCyS1cAyUKlRCkl3TJdwhkSrlGMwyQexjEiwAoMmS0b0LquG6dMEwHGgZtrF0EZ1isMBuRQyza1qdYOM7VWau1rRygi2jiUKCpyUmpFEZIkmzZNLTPTylSU0tUodRpWLVvBCrqusxRW19XSlVB0tZ699+y9d9+9vbNToyeYprEGoGEaq7ooYTvAEhCQSUikVaLUgFajw4oIpaacClFqFU4TshTNGRGhGKepdrV2vVtLN8tRChmCaZqQJTAIC9uKUiKwBc1pUBEpi66WEtXkNI21qCu9AlApJSJathyz9qXvqokEIEqZhpFSutpHkQSEcRQljlCzQqp0xp5SJapKm1qU2nV9tjaMA1JIpIzH1sAdgSiEnW1qBF2tIWEk2tjGYRXS1sbG9tZ2KsORbcqcFFElT1m6ksitdd2s1oJxNhTNOeu6UgrWNE2Wo0gIOyKkEgphS11USSoBODPURVdVCEmSotgmnURrTU6w02ObZNWuo4BcigplnMa0kewEd12f6WwTkj21NrVsNbrW0pkix3FwRNfN7Cap62YBw2q1HtYRZLYuQqW4WTJytsQutWTT0cGhM+ezeYSmoUWo1BIKmvt+VqR+1o/jdLhcRimz2qloPl+k061tLBZpj+OkREWOoNlkWJZtG9JEqf2s95jgiNo81RJWjMNgu5/1Cqb0MAwRNYoyW619iYgQIGitldJLRrKboO/nqhEy5NRaiSKFwzZuKStUkKsiBZlRotZqFYwiulKi1MyWKG2sUoqIlllCXVenaZwyI6Kr1YmdwzCmU45aS5QKbm1SSBipL7WRwzhJkW4Kt3Hq+r5EWS6XipjNa1UhqlOJgYRhvV6txohYjuvFfL69vR2l2HSzblgOq3EdEf1s3nUlgr7rrUJOUkytFWkYB9IlSinF6VLqclx1IYthGqJItt1qqethPYzrbG25XCmwKVFKV0KCKF20zL4rte9b82TPu04KnLV0fd+txklB+egP/cC+72pXbauEbYn5bCYxTq1GtCkPDw9btsVio5ZiUopxHKOPWddbLlK2hiTFcrW2APWz3lC6KJRSq7An18hsJCkgbWdX+n7WtdbGacpxCrFaLvt+FtK4WnV933fd0dHhNI4lyny2mLK1lmHookSptSqcjTGzlmjTlHapVWhqU5sySoxTTuOqRI2opRZn7u9fsjTruza1UiOdNgKlm1OKltM4jSqRzlpqV7tmWqaiyNiOKkWoxLybK8o4DHZDjqi1aJpahKbWnFm6TqKNQya1lOV67daosluJ2vfdNKVwP9vIbK1lKSXdpnEMIVRmfV+6lFtr09SEDLVWyZlWRGYmrqV0fTe1HIe17a7WJGVP02SyRHVORuCQQ6q1lKjTamzZVGotghI1VKJEbG5sRtRSBJSoR4fLxP1sNuv61TBKMetrEoZZN7MFgOS0E9WoYRiGtVTtLIpQqESJqiBKtMmN7GsXUcZpihCSwc5QRwGiqhDZ1ZrTNI0pOY0NVV0t2drhwaW+6/v5vPZdSENrLVOmlBIlsjUTYGcbp7EUFZVSQ0Sp1WmygW3bhJQ4QiJCeMr0BCbxlIZhXLVGV0soMGljpFJDJaJ0XVG01qJkLV0/m5eIqTVEUEymKYFbQ9TSJdkyS60hOUlPUulmfTpDAgk37JZRAhmUzSEUarazGUsFZ+KigCg1Wk7DaqgqCizb2QzGsiSV6EqvomkcI5xJmqIIaM5QlD6Ckk5BqVFLHyQ2IaCrve02TaVIJRRFiogQyrQBEbW6NUVRelgNtXY1ZCIza1RFQmSbcEM4JdkG21ZriRslatcZZyJSKiViypatGYwVBZHZptZKSIEVdiuq2exs0XXhyDalkeQ0kiSjbFO2VESmhcT9QjUKNlKNiC6EbEdqgogIPKVVIxtCCEVEKVXFsrMJpW1yyqlNhFxLjYjEtlCmHSVaa+OwVsR6GLsoqspMIgKJbHaEUKRTRoppXJ89e66f9QolDkepAWA1tzbmrO9XR6uo0fX91CZBiTI5Sym1Fqen1lRUakXpltPUCAApEmrpImpzKwqQMw1StJZklr4YO+lCzTZeLZdjm6Ro41hCQi1bTm45Fqil62qxFEURBRGQhmylr7aSBGwFka3VGkRgRJQIS21qCEwplVLCgCyFc7SB9TApM1GOk00p1ZnprFGmqYXI1oZxAqUzIoQVYTKzlVIAjMlSulKrc2wNLON0CyJKsR1BRIDdMmoFQgpJIuXa1Rp1nAZFlAhLksgchknOOutmpcft6PDo8PCwdN3O8RP9rLdzPQw2zdnXvnRVAjOlw45Su75EhCEFzYFAiOYsgUKhMNRaVaKrJRSAscGQmbXra8Q4jpkuXZUjSdt285QAihBG2VrUsl6tsmWiWkqEWrNAIdkWLRNT+j7w1CbbktpkyRLz+Vy1ZmutZdfVzEynmxURjnROU0ZVX2YpM6VKKaXazYYQtkGhUqKUGKYxx1a6GiqtTW2cokREGPWzDsjmJGuoYcE45TRN9mTcl/nG9mYpZXk0tGmsJaSwI21jZ5ZS+toVMTqxS6ktM6DUul4PAaXGNDVRCp5aI1S7gm3J2cAEgboyc7bJLqKUahubUGttHAcFELV2iholulqkUkMlass2jq3rOqlEUEqxokSElC1Ht650tLYeh92Lu21Yl74vkiJqRBSNw9imVgxgchqb07PZPKKuxsHZuq4Dm1CEKmG1bKRn84WIbK3vZyqSY2rTOIwmnTm2VkK160sUQpLW66WTxcZGyzZNE2lKFAW2yWlqDikCkWOWoE0TUEJtcuCWRKhEjOOIVGvUKK015wRu45QYnLYzsdI2qrW0cZSQSqbtli2naZomLzY30pnZai3jNI1tajTbtZaQhmkqJUqt0BQ126CIsbVMZ7YAlSpFy1Zr9KVGV6axlVpUC6aWEiWytdUwhGI261U0rkcF6+WSpmxjOlu2rtbSVYXVVErJdERktggJiqLhrlaCYjKb5FJqIglyilKmaRrbsNhYZMthHGeln9pYSldn/Wq9omUtBZUILY+WBPP5rEQAbk2hKASldn26lVJzaplZOoWK7UxLqjUStXGazfpS6/LoiFoWtR/GKd3sHIehObu+m8ZpHAdJiMzs+658wkd9aK1VJpttB3SzTkTLnPWz2s8MpajWnmyllKgBdLVIBXAmmYquFlGKM7d3tvu+B7VpzGZVQCYBlWg5ZTNkqTVqTTJzaq0N44CppfazLpsJsFtOLd0yW9q23SR1sw4IovZdZg7j6JxyaknO5/OIsLNAlIoRHqYGlOi6IpWAXK/GrtSur9il9pkZwd7eXhTVMosgHYFba6XUcRxtqYh013dCEqEoEaZFqdCGacjWau0X81kaW+s2jev1bLHoamlTSmU2i/V6GFYDcle7rnbpDAUQUkS0acpGrVFKMS5S7WcB62FEZGt9X2azRWvjfDG3wlMzLirNma2VKAIIUg5CpaJEbk0lWrYgQgIMAqOhTYrSz+cqJUoUkCJKrVGnbM6mCKPl0ZEi5vO5SnGbIkKSE5TT2GpfZ7M5bm3yahhU1dVi7Oa+75y2iBpCbZoiqiSDjCFEjSKUBhxoaqOQ5ZYOYRiHMYLZfDGOq+ZWS0fmaj0i9bNFc2utKdSyRaJSohRgysyWCoOEIio4mzMccljNWboiwpmyopauq5gUUq21uCmzdbPORLYWEV3XCTInpNp1JeSEVJLDMKSzlFK7rrUJpySikDlOLaRSOkWISCOVYZxKKVHCdkTUKDVCUpQgTVAUdrhlywQISi2ZSOqiOCCZWgsFoSiRLZ0pRe1qrVWORBG2BQ5FgqCEsDJURLbMtINQlFrAyCKsUIBpNCfDMGbS9XVYt+X6aD5b1FpKlOYsUUB2UuiiM26tLddru6kooKEIka10pTU7m0JEFQYkAaEwnqaxZSulFEfDtFZrcSplASGlUllqyalFROk6gkAIbEwEUpGdTkqUIpvMqbUmqdYSJchEChmkKASZWaJGhJFNdBEu0zRJQYSNyVApUbAsB4oSoBynRpumSREWZBqVKFNrBEiZTSqSrXBmjapqUkiEu9q31jJTmUEQ0XedoLUMiFJwZmvrYezmHVEigXRDhVnfLw8OD5eHmxubU8tpapRwSycpFLaV6YiUCCJsoTSldsVBIaeMKLWWzBSyLUJVRXI6nZkpSokILBVgmlq6BSq1KBUqY5vSFMnIzVSBkUOluTlRqFj9Yh6lyHZjHEfJoNay1BIlMjOdCmGPbcoxMxtBiUJIEQBSqJRSIO0AT22MqEVWKUqNOYUiSkhI6rtaorSWthQhM4yTcClFJWRjKyQwAa2UGhG1K6rRphZRIsqUnoZhmqaopagitTZJpdQ6DUO2rJJKLREKMp1O9bV21c1tcqNtbm4cO34s+g4sbMvInroyi1qa03aJSCekFCS2jQVpSiikaZpCKopSCgKotbQpSwkgIVvr+944h0FR3Fz7WmtBKiWc2fd9lMi0sII2ZSnCxrIwbplRSo2abm1q6RYq2dKZRZEtp0xIkrENNapKN7U2DOu+9hF1yglaX/uWbbVa911N7KnZmRBSiZrTVEoZxnG9XtZSSikJJWoUxmEap6Hv+xKdgxxTVbOuMzhbLWVqrSsqUZpRglG4lOi7WZRobm1sOeYwjUR0fS8iSpRSWktEKWFyOY40KEQpMiqhdDpL6WophEImpAi31sZJEZk5tSZBMwpHy8lTa2ALyJbOlgY7RfR9Zxt7yjEzMXYiOaINY9oRihJdVKfTLqLUSBOhQgHnOHS1q7NZV/ppGhMXxXK56ruuRKyH9TgMiujnfe1nKsbCEomVHmVqFGCchn4262fd4Wo1DUPXV9vZxvVqUFEpYRnT9/1sNpumsU05tTaNU3S1r3WaWmtt1vVILY2MNU5DYIGRghLFiVAXdWjr9WpdJEVp0xSKvu9DkYlAUBSJFZFTU1C7TgqwUCmolLQlaq2KMo7T1KZML2azbJnZZEUttquEMDLOKUvXY7fEmU5HxLAe7OxrV2fzPurUMqdmN9VSKI0WEUXKtBRJOl1LV7vqyDa2vu8FdkqU0tVSbBtlm6b1OFv0EYpSyWzpxWKuEpDTMCBlGhOlqBSi9EWbG5vO1rK1bOPQSM/nfdfPMA5LUUsEHB4etsyui2Fsiham1A48rqfD5UHX15Bm/WycxnE9WFoeHkSps9lsGsZauxphSaVuzufRxZQ5jdOwXkcJRLamUmxCMaxXtevstNyXatyVWoLyMR/xgW1steui65aHR6WW+caGzDAMIZUisnSzGtYwja1Ne5cu2ZQoBwd7pfT9fDZNo8JpB4rQ1Mg2rFer9WogbTKddpRSkSKK2zSbL1Q0DiPpvqvrYe2W8/ncpusKzqJQyPZ6vepr3dza6ruyOlxOU5vVTpIV2HIs18vM7Lo+SulqbS3bMFGi62pOOTkXi1lfZ5meMksprXk262abM+wxW1dCaJiy62aK4mkaWyvVilIjcJK2M0Rmm9ZjKSqlZJvGHPYu7keh7/sopeu6aZpaa10tRLRxjCiKSMuZtZbWsmV20SlUuyCijVNrU0Ibh9L16qhRkYTdmjNrKcN6vVwu+1JLVwMMSM2kHSVq6Wez2ZRT5lRKUZT0ZLnrSrZcT0NEEZ6GFhIEZJTitHFE6Wtnka0VlVJLa9lam3LCztaGYSxRS63DNITU93O3NrRpWA22owtSUUqpVcYNQmTrayeiZSuKElVSlChRCLU2tebWWqkRRRElVKPIWEVBNMi0M4sUoChhJJVSMFaUEk6nW9fNZ33fbJJaIluq1EYqrRI5NmykLkqpNbqC7ZZRyJZtHBFRqqypTZkWSGRryBBVKjUIBSZVu1pKoAAM4zQ6s3azNuU0rqMPt5SICEVERNrZqGUmJ7WElEnmBIDBJSI9dbUPhTHOqCWiKMiktSajCNumlVIUUpLN6SnkWqpCbRydLbo+AjVbUUsNqblFhIrsZtsQEa1N0zRlm6SIcIlaax3HMZ0hgYTSptmB8DRlKCRl2jmFZCFlLbWUYiEEopTAmVlVDS2n1oynGrXWfmwTpq/VpFOkQVKJIFQsSEoJFBHFcmvTNE4p1wgkRUUtFLUGCFwiJLkZR9d1JWRLoa5USCcIwBK2FB6njOhrV0qxJBRRAMAIHFLatRa3bJmzUlCks5YSXbiZnBQSGOfUuq6LqlCEsiUlouVUogolrlC7olBXKqLlJAdhO2WVvsoRNYQiwiBnUWn2mBO463vbLRNbNUzO57Ot7Z2uFhk7Mx3kONpTrqcBPJvNG6aw0fWl68Y25TTV0iuYxqlNU0SBwG5SqJAJWWttrdkZUaQoIYPlUEkbkEJRcJNxyLZELUU1ilRKFzUUkgJUQnYiRRRbRpIw0zRNw1j63pmIKKVIkruuF6AsKoDBSZKgQFGJ0hUpSomINk3ChVANZ0pBZCmRRhARYUpXDF3XCQBFwSo1MluUCJzGckQtIQAVFcnUWu0ERVWIaWptatghtTYhJc4xFaCYpjFb67ou7WmculodyjYYyVKoq11RTXlqDtWu76RaS5eZ4zhN01hK6bpOKnbDOBsWJTJt4ebJbRxHp0tIoRBSTJkCS9OUdnZRWrIe1unsal+AVCkh07LZLWotNZwKhaQSUlGmhvXauERFIBJKlNIVIaDvq6Qcp2ytdrXWimhtaglBV7rmrLXWrpMELUDBOE0FT9M4DGOEIsKm1FIi7FQJk303Ex7a1KmYBJfaRa1SBJnJ2FaRihLNSWuhiAhnYk/ZsmWbWqYJRUQJIUk4bVIoVC0oQchYBGSopJsUJQjKMLY2tjorTJQSDnUqwzDVWa2la25ODMallHGcpmHoZ3NsiaKikIJMwFaSsiGtkG2ZMKUWcDYXnGmT2RIBRJSI4nQUwOthEmloY5pSak9iMvq6tXV8tpiRyja2bFNrXe36xbyEnLTMtLsaDnJq6ZzNZqVoHMdhmrAz08ihTIKQ5MyQWnoaxiilm/W1lnBIQiGJZJwmhUuUWT8TrFZDLQXR9TMkSgaKWpSu3SxKaW0qJSTcUiGEFKv1UdTa9/PmFopSi0LjOEyZpa/Zsna11tqmFioqgZ2t2elGN+9tp11USimSa9dFKRG2JTtNjUBka13fu7VpyiKiRGaqWMKWAGcXtS5m4Rxbw1m6fhyHEjG2JhOlTC2jCqlYpdYIJHLK1rLrq5CiGJWils2tAc6c2jjru2EYx2FsnoZhsNOZRhBJtmHqaqSzjW3KcbVcHRzuH+7vb2xtnTh+HMfu3m6JMqs9xeO6jcMqimpU0GKxGRQpI4pNZtrZzfra1QJHR0fD1CI06+dFGtsUEbOuNMjWoi9tauM0zjcWOba9/b1ZP5/PZ5ubm21qwzSVUFdLs1Vqidr19fBwOU5Tia4xqdbyCR/74TJTm8hmu3ZdTlNOSVWbmqQQzpatlRrAOI2z2QyV9XDUzWaBsg2r9TBNuTGfN7R3abeUOuv6vu/LrKsEdkSddTUzM6e0azAOWWrMZn2t/dH+fnNG4DZNbYwIi3Ea5VDENI4Kuq5P6Odzy6VGtrZaD6VE7bu+1NliZnscRmdLMkJdP0PKbFGLFLazTWrUrpS+yzGnlrRmQ4j0fD4zTUTLabVcMlld5NT6+bxEDK1lS8lJay1b5rgaGzmfzaPENLVpnCR10dme2tjXWTfrI1iuVsoWRavVqkSZLWYlSilFBhfLUzaQJFIW2VrLzCkTatcRZTbr5/M56XSm3XddNkN2tUeym+xaOiJC4WaFSkRmjtMUonazRIowOa7H2s0UmIiQMyMK6WlYpdN2a9M4TJCz+aybVSucOS99P5unHUWz2Xw+m6tUG1tSgIb1CgTNk6OUqU3T2GqtqtHS2dIQBDZkV2oaN4OnNmY2o672BDaL+UaYsU0RamOTqCWIMg5rWkYEKHEVUQqKUktETWByRMl0iWKIEipSBDBNrbXWWpIoigIRVZFKpoYE1FJtiAg0TsM0jhElQlbWUqKUzKllRinro+U0TgWXopZJc+lrhIRymEBSGGWmlWFK15cIRXS1y0xKBEhFJtUQkgBsmeasJaKrZEqUiNr1bRxbNskBQoZxGGVHLdhtagS1lGxt3QZFNW7NUUskUYswSS1FEbV2liePJYpKhMOGsCyVwNCc2QSlFCEFkkoI2tRcS4fIdEgGYSE7DWHGaQyr9H0ppZQoUaJEpm0kRZHszJFUlOpMinJKRAksAqXVlW6iFQVuaSNCkUgQ0jRNTkOzJCkbzjTp5lKCNEGJKKWkcxzHIpVanMbGWKmEUkI4bVFUu6KpNdLqK0kIJ04bg0opZCoiQqHSsrWWQkVKZyFKVak1UlMmws2hUqIgESYRIjLENE7jOPZ9V1TcmlRUJAsgQdRaFLJFI7MN4xhIqkpPLfu+q12/Wi6bW9/Xrp8pQkQoIBQC7ISQ07bTJBFyCGcpYYydzmYDCiE5GxARSG6ZzlqKCs0ZRU7AUSJCTrep1VqRnA4pBWlEhJAIao3alWloCiPVWsZhqlEUGCBKLUFMU2tTa55EkexmUN9Xp6WIUiLTmWNLT61UZaadRWGrSBERtdRaLUmKiGzNSZIKgYHS9TVCVhvHdOtrnZytjbYyW44tBQZbEdM0jeOQKJ0WTnUlimrmhKmlFkWEVJiGFlUlNLRpXA0RqJRaJBWphD01nGvjsaWQRC01iMxWQkJpg0RgSy4lahQ7FepqFxFRVYlEIguhUoCQ+66DSFNqFEWazEy3HEfVKLWIkILM1saxNbfJ4JyGYcipSVG7sJVTU1qFICIEoRCE5VprV2soWssIRShKqV1xurVWFZYgmsdpyuXRgSO6vl8vV2N6a3uzlBpIRLohSaVNbRoG2woU0fWzWsImpIho04SFiCg4s5nikBSBpQjsULTMaRgMXS2tZTozU4aIqU21dIoQ7rquKwWEjBRicgrAMrWLNNmmrhTVIpNOYWfaFgQulFqjny9KjWG9okgqxhhFiShFpXQlhMHGrRlKFyG1Zsiu60uEbZlxGm0EdtaQQpiIiIiWJtNSrVEjVEpVyRwPl6tpNXS17xeLCGS6WrP54HAvQrNZh0LO1hotSxhnNrc2ydRSa1c9TUZ910VXyKIaQdqESDOtB4NV2jRZjlJKRGtG4JyakY0hKGFnOISMQ6FwqbVEZMucXGuAxmEotc76eYk6jdPQGlamp5ZtmlqzBOmcWkKJUrpo42hTooytWY5SQiEiIFubWpOJiPWwztZK7WotU2vDsI4oijAqIWpgTZmeXEqJKIbalVKrs63X47geopT5op/1XSiWq5Uz025TixJhla7rS02iRAQ1cyolKJrGFiXaNE3jVLtuMe9rNxunqetn2Gm31tbLVe262ndtbF3tpcykkc42jEMQXd8NwzhObdHPh/XYMtswrMextSlqrYVGhOTmfla7rotQEtnc9V3X12Ec3JrBqJaoXem7WSlhKF0N0VoSta8daaclQoqIaWqLjQVmatM0TRGlltpsMrtaVYSopbNb1xWpFKl8/Ed9aJNpDtX55hyHUWvTsFrVrnT9vOU4jhNo3s8yU4oaMY6t1tp1PQKrpbuirqtOp719bCeiOF273sEwjiVK3/WrYT2Nk0Taw7Auiq4roHEcuq6TQJEt+35mexrG2sVic3O9GqdpWszngvV61ddOimmculIU4BZRMdPUEiO11pQRteJEckuCWosI1VBILQ+ODsmczWeEMQacRaVURVSl1uM6oqSNc5pyGtclNF/MQ+F0m8Y021sb2ON6bM5pPdRSNzc21uOwWq+7rg/bMkTU6KI2p2De9xEaxykClVCoq10tfdeVzByHUdB3XZQSUWQku2WD1lpLh6K1BGdrbZqGcZg8OWpE2FZ68hSlELLpalWUKColsG0k1a4qCtiOYRgga6kZZGulFJWoJaKfK3E4R0/jOOtr7War1VGUrnR9idJymqZmbFIliuQIN1PCkK3VUrtZdWqaxggBmTkNg6RauzZNbRpHmhRd1KglW3NrBRMBHtuEPbYpW1qWLKt0XelLIIyKnMKEwa5dNzkjQqXaE9lECEDZpqm1zJzalOmQQtFySlCJ4oiiqpqy3YbVqqWDMJCa2pSJnWlbKooSxUlEURd936URUoTdbMZpQoWQ24Syls4gBxUsyFqLDYSx5UpRWk5brWUESDinsanUzFwPAy2jSIoIlSgRBclQS621Qlo4qSWmqQ3T1Nc+W5umMU1BgnEcCfq+dxJypqehdV0nyaIoQqXUkq2BI0QtpRQnhHN0CRMKoo2ZuNYSChsJJzbGoUgIgghJ2ZptCHCmJaJEREmMg0pYLVuJELTWgFK7ItXalVpKRFiOiFKzNRQqIYUE2KH1ONQoCgnSrU1pZ3Qddo0CEaFMSy61kh6nFrUETFPLdIQkSSGsUBrbKhrHiXQt0ezMJiShCCQUEZF25tSaW06KKoFUShnGSQGgUImCaK2VrhZhyMwSxTjTERFFlhMkai1RlBjJmdmcSkGVVARqrSFZCErtUql0iYBSaolQRBBuTjfXWoxthKOU2nWKYrmrnSKqSqBUyyZwKZVModYooZYuFiF7CgWqsqXI1pBL6YymcZpaSjmOE0pUQpGZDpeohqqSmdkaUGoJFTcTIGwiip1TZoj0mAkRtdZ0NlMlFGl7mgCHnO6iWHI6m6epEVEjkKSICLCbJSOFkdRyUtSQZCk0juM0TaaVWlartTP72UwQRDrdWu36WguOKSeos05d7UuEShgVRdQiQgVwhDDCXdcDAoVITePY93PbkBZdRHS1qCslMCnLVkRztmxdCSPJgIKcKCFFkTKiiiCohBWQzQgbnIlUo6Sbs9VaooSzDcMAWJrGqe86rJYZaGxTTi61VNXWrNBsPi8KsDNLrdFJk5oNHscxSi1BKaVGZJJKmRI1SrRp8pQWbsPU2tTabNbX2rdsQrO+R6V2Zd7NCgWYxjFto7SLSh8FRRRJQERonHJcr52201FKiZBaZkSUEs0uUbuuNrKNY8iqZd53KQeqpUxtzHStRVGzjWljSjWU5lbqTKJlK1EkaqnT2Bzq+h4LQaplCpVasrXRKSsCIkLVShuZcRxLV4uk0DS1NrWuFGfmNGBHhJMgHQWslIQwEmC3lmkTIUwpte+7KDGNk91ErV0B2cYNSQQCFVTIHKflYr5BxVNbDetsWaz1OEWNEqWWAGW2qmo0tUlR+65GKaXWUmKamqDra6aZRgubUkJSoNJFKbVU2ZSUQ21qbZokcqLUMutn0zQoiiRPjVCRnEzTNI0NXKJM67F2Xd9XJ+v1IFSjTjlmZtpTW9eu62oBJCJKLVU1VsO677oSaolAXV0PK5lSiwE3JIthWKdbrV2gKFFqP6zXh0cHmTmb95JKURKRTryYzYTbNElVUkilRracpqmrpUbJaUKxPDzEnvfz2ldwEMYWqExTA00ejpbrKKXULkStne3a1Vq7lKZxIKldycZs3vddH7V2tQMP67Gb9ZnZ1Rqwt7/fsm0sFqV0s1m/ubExteG+s/c5vHPiRN/3FmpGhFRqJ7wah3AA4PU00DJUp2lcr9bbW9uGbK3ru9baMI7jMAHzxYKIYbW22zBMSS7mi1CM4zibzddHy3QWFIAYp2lcT6UGEULDOHW1hGrLcZoGHOXjPvJDQxEoSjR7dXQ0m89ms761KaJEiTZOoRIlImLKaTbr+xpjyyjqai0lmt0pFLEep3EaMhuwHtYhkJVWFONhvY5aun7m9GI+V6nOaZhSxW2aiFKL2mTBME3raRCqtU6tKYQ9tXG5Wq+ODje3tw4PD4W7RT8OY0TXxnEcp8W8n81m05QS0XdtynG9UpQ660qJ5XIlMZt14zRMThGQTkIyGsexlmjOrpvVrhDNSPawXi42N2SX2pVabXelRi3NI6LrZsN6mWje9yiQXIhSu4gpcxynFH3tZqWXNKxXy9VRP5ulvRqHzMREUYmSbWom3MC1VkCKKGGSzCkTq4iUFdGmdUtqKW2apqnN6iwKlxkTJhShEA2r9sWilBBWKV3f2+nWFArT0rWWYRoT+lptpnGq3azWWI8jzaXUUooULZsVpahlG1sbxqn2dT5b2MopKaE0kkK9apRKKaTXq9XUWt91OJ1TRKElIazWpi66Wd8TmtZjwmw+SxiHEbkQEn3tjN1ca621dl0vyMzmLBGYYZqGabRcVKLIYysVQTMWJSLtqY1OFvN57boSQZSIQtp2VzoKRSVxS2NMqyqqpZZa+xKlCLpaFQGSaC1rDdUIhKUay8Oj/cP9WT/ru04lCp7GbNlqV7vZLChpFzFO63GconQtJ5xSKFFVOKySNJJaqkKAsUJu2XJKWlf7qMIKeZpamxpyKcVmmCa3VkItlWRXawEVRYkCIIdqlEynnU6MEYVCrMexDVM/qwqyNYOK+trXErZwpjPdsNo0roep67paQlGmqWWmopCe3LAUCrJ0XYExR0XYto1cRNTObhGBaaQcFNnNZFGnACQ8jilZYKlERBQgQuASxZnjMJQStXSBwEJOgBJKISNjNUVMTqESRSFDrVVS2s3Z1S4ksFRCQiXdQmFQMrnZikJElKgtMzPbNIUkkoiqsBNUIqKUnJKiaWxSRClKl1raNE7T1Jdqxzi1EBEVGVO7Og2TQZIxKFvWUC1dppEDlVIttZahKoENilKnNqxWqzrru64z1Fozs0QtRQKKpOLMUooJIwHC2aIUy21qAI6Wk0F2lCCiFFCsV0er1brvekskyDVCEdiWQxVnREHZlX5qgxRdrUSGilCEwiLbcjVEWNHJxhkRBicRqERr6ZyIKKVGCSGHClFrEWqtCaJ2UUoRSCE5MVlrNQ2rdJ2dzkw8jVOJgjQOI6ZEbdkyW0SMbayhVI7roe9mpe/W65U9zWYzqYAh0o5aBMKJ530fRWObnCJQZjpDUihbI90SRESJIqwUfT+f2jAO02w+jyIiIFvLIggFEikHCLweJqCrnXFCKIiablK4TbYQ0zQpM0qVhJ0th2nEYEJq2WwHNLdpnGwpopSIEuM4SKgEKckJbRy7WelKtYToagXblkVEKZHZJNfaSTHmNA0TNjidESVROFOyrdA4jF3X9bNZlBI4ovZdJ9R1XWtt3s0VjOM4Tc0tS62hKFWqEVHsXA+rZrpSJAkkRYmoFRBkpp0lSqnVmWTLkN3UFCVK7SKUrSmi6/rMKSdPbbBdoghlYgQe1mNXiyWhFNma0OQsCqRpmiSXUu1EFKnUit2mplL6rnNrrbXMESS7dp0NIlBz1lpsN9smyQnX2lkERCkRUaoAATitvivZsrXWd9WOKZsTw3q1tqi1RKjWOk2tZZNDOCAiur4vKi0zrVKKQqXW2tcuQpiIKGrN6YlapJLZohbwOE6ZDcnZppbOySKwimRkKyJMOjMdtarQ7BKqfV9Cgtls5ojMDKlEpG0sKbMhFZUIVqvV2KZ5341jpui6meRxaohaOuyu67q+77pOKMmIiFK6rhcQYSOplABIS6oRmW1KS6oqERZFouu7Wjvk1XpQMJ/NMFE6QFBLIJVQNtuOkALsTB8dHtbS9f3MYpoGModpVJHT6ookbBsl0zStVsuulq72pZSulHG1CkJV09RKlFKCJIpKVBEop6mN4zCux1pL1/W11qPVkuZxmg6OjqapHdvZ6WfzcVoXxXzWZziizGYLciy19l03TeMwDG2aMM4ch1ERLXOcRmX2i5myqcRiMY/gwvmzgnFsSKFSQnaSKrVIIOqs1tKlbbmU0nez1WpZag1ZXXFOXan9rFeUfjbDidWmKWqYzNTkqXzix31ETk1Fs9lsWK7Wq3XfdbWrpXRRa06TExX1XUWMY5MZxmk9Duv10KapjdNs3q+HCbKfzbtapXAbQyFB5mqYtrcWJgoqEdM0lloU4dZK15EApdSQjg4ORcw3ejn62peoU5umYSyVWTe3NJvNt7d3SsTh8jAbtXRRo0SpXe27fj1MwzBGsDHb7KKUEioFHFFKFNngyTmuBqcXG7O+m4Nrra1NsvrZPMKhkva4TiI3+5lVJE3ThCkRbWq1r7u7F6dh6EpHELWfd32Gc5q6ed+VslytxnHamM+iFqHAKY/jujVHGIedXeln8y6T9WooKuM42q12XXR1tTxqU5st+rRDMTXXqIqGVUso2ZhvtjZi11oJg2SXKOPQai3NTrdaC+JweZRONXIydoQjo3lyErXi5nDpIse2Wg5bG4soQZOFEjtbZimBlJ5aM06phEqzS5SAwEDU6mYXkWCnTVFVrMah7/pZ349TKwpJUVUVUUrtS4kopYgwGCskpyRVBTZSBDA197M6Ta2ZNq6HYWjZSGMJqWS2LKGgUGqScoBLKVghCxRRS1VE19VsqTAklK7vSolpHK2QMKPTEardbJxGO2upoRBS6dKZ04RRlDorQg5Fc7Z2tDxo47SztaVSMS0zySi1q32EWjZsFTmFVWutipZJ2jintFJItt0yDSR4ajZgpQhFhFsgJdgOFQFp05wUEaUrkRElJCtIt9YUEVHUcsx0EpFQnS2KMltrTUHUgJCESkitJXYmYBtJlVCpVtSIKBU0tlFE1CJJtu2isOx0Oq3I1iIiogCgUooCt2xTU5Ct2VlUQkyZZBIBzpbgkKIImxIEOG07nc42jVNOXZ2FKTVst8mtTbWrUcLNRZGypExjCRS0scmiIBiHqVCKyDQCcsqQUiZNCaJEUdRaSqmQq/Vaoa4oVMAopqkhiQhJJdo0qUimqyVKsW0j4bQsB8YSYamrw7CehrGrBamYzCSVrRkst7H1XVdKAUqJzJTdsoWiZYK7vkpRatf1MyEsO60AWmambI/jOlwUcqaxSYykxG2YJAeFyBK1jQ2soESQJsgpawmVMqvVxk5LtoNEJbNlS5PDei3FYraofbdejpkZKpgpM8SUroWiiFpqV0AW874b2+RpLEXZWlFERSpRK5LkiDK2Me0gJ2dfwvYwTmQCCjudaaFSaptayCJKiRIFDHJLgnTiKCFJ4ejmXURFNGfL1ndd7efg1bheT61G9N1MYaepCkWJyObVaijK0nUiMieFxnHAoSJJMoLMBIUsU7ral76UaqczUQGPwwgZFETUEiXCGLpSU2RLsBA5AQjssWW6Rbqb9zKG1nK1Xgbqu844oXalqEzy6vBQEaVUsOwopUappZaIkKWQ3XVd7TpMiTpNw7AeaqkKtWzObOOoUlFgtzYKlVJapjNVijPbNIzj2HVd19c2GbLULijpBgXn1CZBlKhdHaYmORNPUwnVvpvGqaVrlKjRpilbU5pAUolQqKVDAWSjlMCyQIFIIkRYhEJFKGWhgKZWoopcr9ei1FoipKIoJdMoUcjZcBvHaRin1vquK7WbxlFRnE4RoVBp07haD26qXelqtKm1YbRUoqZbazkO0/7+Ptnmi0VRHB0dKT1bzCLCSVdrRKE1qQg7E0W6gafWgnAYYxNV4zQ5W+06QKUA0QLJlkK0TDmk5XI1tanU3rhl89Rms77A2CahyWS2rpZsmXapxZMl1xKttWG9tqkh2yFq7ZwpablatzEJopaiSDxlq7WUGs6skmoNk5kNCrEeB6UlgWQk2jRmEiq1lpbTMLR0pj21AdTPqqS0F/N5ioA6m1Xp6GjZclrM5oipTeFSuurWWmvpbGnsWktXOoNqqbWzbRLUzRbgNk020zCWUgNFqbP5LKcpIkhP2VrmuB4i6LsOSyWGYXQaO0oB5CxdB1G7CtGcrbWopZRSS0XOdNfVWT8TajlFjWHdVsN6GMZaC6a1sdYyrgcLY6l0pRB11leVgpmGoev7UtR3/Xw229pcDOuxZZt33XK9MimVnHKxueHM1tpquSa8HqbMlCJKrTVqrdlSEV3X1xJRRCbyarUutc5mi3nfR6hN667Wvp9NOZFMrQnRJDEMQ187Zy4PD+aLxZTu+i4U6YyI1TAuD/YtR0S2XA9jjUoEdle68tEf+gFTGyUpQmiyp2ytTaEo0vJoOTXAXe2xVRSKzFZrPX7ieKnd/uFhRMxnHY7oCs5xHFxiWq/3D44yvdiYherR8qCNE4psLWoX1npYrdcj6b4vKEgSSo3adathCKl2fSnR973FuG6llFnfT1MeHR5MrW1szGrtp7FFsaRpauthLKif9athuRpXs9l8bC2nqcCU2WwRreU0jaqoVKUlCWUSVUKZrbVJkopq6aKWKNHG0SRSWEA6p2mqpZtaG9ZT7WuphaR5TEcopqmFs3RFyM71MAhsC9VS0yii1kJqHBrO+eZcoWwOBWi9HqPrZt1svV6XiDCZraVVSqbHNuXU5vN+GKcSsVjMQ9FsSZJaa8oGEaVEECIoOY4ODHJMNGODUMspWyJa83zWpQBCmqZRfVdVAHW1KIgSRc60k1q6KIDBFs5AKnJrlK5EoRpiPY41NN9YyDmOa5XS1S6nlIxoU0NMU45tck5ubjnaEaFA45hWBrRpQhHyarmmtWxtaFNIUaIW1RpVXamlqIxkqAhITTlJSCSWAhGKKMo0memcJqlQgmwiLTAphUJCzQ4sVEpk5tTGnBIybWFJOU3TlGEppIjt7a3Nja2cMo2hK1G7PjNba7VETq1lI+m6TkHapQSARJFK1ChpFJKVmSoqhGWFpCBd+lpcxjYWRQkpFBFKQbYWCiLUdV0mU2ukE5UgW45Tk1AoEwq1dkJCdgqVUruuc+Y0DpkZEmRI4ziO0wjOlsjNBKhErRWc2LjWrpt1TA0BthWBJE+ZtL6bKbxeDWQqKNLYEhRBlCpFoFLCiYyKWmu1llpqSKUvICeZhJRO24kVpZYoqlGUOCRFiRq1q1GKp0kKkORsREQErSV2lJJOT0REkSSlLBLIRimpqLadWBi6rozjkKYNreUkOUoxTG1ya13f55SJsrWIAMlKsiiyZURBFBUsAufUnBGSSLdQwaQliYB0hFRECUx6UhQnU5uQpRBuZppa7erYUkgRilJKcdqJJIUsFKVEqV3BihJAFLVGm6aioiIQJkJRYpwaZO2itZRCJVqbjEottfaQti0SSsjpyVkp2aapZRS5ufbVBmcpBYWUtZYStbUps3WlA8Zx7YjMzJycnnIqqiUKcinVZKaFQM7WMrNlLepqjzG26GoxrFbrEhFibBlFpJOMErV2lsIeM6UoXSVbUIqMs9RaSwxjtvUgKUIRCkUpRaUripC6KOnmlE0QU8tsIyWCGMZWiK4vEVUpwayrUWogQsMwhKJ2Mba2PDx0y+i6dFNqwkrbGVEEESHJdo5TE8YKACQhhaaccsyu6yPC0M/7kFpL28O4tqfadaXWrp9ZEQFEZtZQqbXUTrB/sDe2UQ7LntowrHOyAotSS+Y0DgOhUqLre2dmOqpK6ULKll3XQzozW0apYSmKUAgnKlFKtQ1e9LMokeEipdMKZ2tpo0DTsLazq6Vlpgkp2+iW6zZFiaoytobpam9JUZBISu0jSLLr5yEwAkm1FOz1NBUigqFNgjAtsypK7RI71ZWiLkgDEeEIW7SGhOTM1lrfFcBOWQ5KKIxAEkRXa9TAJsKZqexnNRRhHFG7INM0EZmZUvTVxiHSwiIQgRODkNo4yUiacpqmqZRiKOmUW8uIYui7ru87RMvJzlqLs7UksDPTWUJRyzSmaZQYxnFYT+tptbGYI6+WS6NSJJHOsI1nfe8ozpzNZ5TAnnJyZikls4XKfDFr09Ra60rNNlGKGwrSmMyWmQ6wJCgRipCopSAJ1VJKLaGIErXUGqFSQjUk0DgMFrM6a9ksSR7Hlq2ZiIhsLU06bdupJE2pMet6SeM4roZVkUIKacqW4wRtnCZsldJ13TS1UkuNmFqbpinbOE4Ned7Pq7ReD5ONHaXUqKWWiK70FShREnkcgW42q1FUNFNXu249rMZhFLTMaVq3oCsFi3R0Zd5Vt9aa+1k/TdPh0VpRZrNutVqJ6Gd9hNar9dSmrp/XGukcx6nvSmvZdV0pteW0t7e7sdja2tw6PDpar4bSdUKllhqhYGNjs6/zUoyi1I4oXRH2OI4H+4frYSolIsrW9k6b0mIcp6Plsuu72pc2tKTVUhTqapRSnW0Yh1I0TW2xmI/jdHR0kJlAa+67ftbP9nZ3+/nGYjHDqn0p0WFaTuWjP+QDSt+1qZENxWyxCAfpobXWWnqaz+d9rcvV4XoYF6VrqETJzHSuVqvl8mhzYyOipqd0juPQlW4+m9mqpSw2FvN+dvbshWGctjY3lZSu9H3vbFKUUrK1iOqkX8xq1EyXUkOSkULC2I1xHKNEZptaa86osbWxHSXGcZh1s2kaJ2t7sejnC8vj0Lqu2i2TGkVRhNrUai219v2s6+psGoejw2Xtay2dpLCnNg3DKKkvVdCY1st1tml0K6UoqkKttXFcby02mtMtx2k973scLUeInCalo5Ta9yhIZ5tq15VappaSSilFsgAbGWZ9H+FpNDRJ2ArZttOZyFFLZqulSm5TBhwe7ZeuZnqaJtuSw1hqLUtRqNZSsrVxyH5eM92yqahQKESJUmpfulrLNK1b0vezWiLCw7rVUhWR6RpRFKWWiNKYsDNVSjEISinDNEqAooSdohr3tdS+S+c0TLWWENPY0mlhIN3atB6Go8PD1nLeL4jAaRyN1tqs72xNObUpaa61a82lxDSNpcZ8NutmXVEhikgkJ1NrtjPddV0JRahlKsByk1vWrhSVcRqt0qahtYxSJLquyiKcmbhFhFwioMiprit916Wd03R4uJKylBJdkGSbDJnUUgDjEjVbDtNknJkSUthZJKK0xjQOKFQUhJ05pSFCbWoREoQEJCCFIsTQEgh5zCZLYYuIAEOxwI4IdVFLtJayp5wUpUZM00gQETbCJFi1C2ebWqu1jG3KllHKsF63cVKUbJZIHArbNSJqiVJIJGU6syEFMrhllHBmay6luoEdtRgUgUGECkhFmc60BM6IMAqUdgpZKYrqNI2hUCmhQGpWG6dpGmsJEKIIGaQoEmlk7AjSEZRSMlMSam3MzCyhtLNlFBVK2saSEktKZ4kaJRxAKBSmhbEUEgzrEaQaOU2ilBK2EVIpNTJdcNTIKUOOolKL5WkYwVJYTG2KKKWG6ABsLOGopShaNhkDELU4lW0qUTPbMI4qkiJKlNopCKOQM0spToezNQ/jqDCpUqNEFIpEWkVRqpxQaq0oqoRCiNZGQPbRapnpxcamQBHZmi3JliOiOdMJomWUqigFIVomQVf7WkqVbCeUWkopOTbbTkoRxsIiokREoKCM2UKhUDYjaumdrMehRDgtKcBkpkIhITstRXSlS5qMS3Q1IsMiCMt2km60nDBN2M7WmkqVRCBrGA6zZe2qpDal0xQ5W4lSSxk9tZYqKEB2tvVqql3puxqh9Tjg7GppLWutRQzjgJDsVNSIUsfV8vBwWWvpa23QdVXQcsxUKRKlOZ0A4zja1FJKdCFHIAW4llL6TlFEKorMMAx2UophVrooStzVEiIntzYoFFGTdLpUCfqur31ROgrNwk5PEaWUmi1NKNOErTaNXd/TmHIMSrqViNamacpSShQys2VDUlBKRC3ONk5ZkIJhGqdhDYSU2SyXKKVGZk7DlNlq14fU3FBA1Fq7WgRJNmeEJGGEMq2I1JRpi8gcs2GiCBEKC0wpRRF4IoVoSbqlaWOWQqk1FA6hktB1UagRpXQlp5Yta62zjU2k1rKWGkUiMuTM1lrX127WO1tinNkSkCpgqLVObYqIvlukpWBWK9I4tijFaWRUWk7IbWzOCRWVwJTaQToppWI3Swp7UkQQCtngjNIbFBEqRRGlltqVUsc2ZKN0RVGmcTKUolpLV/ucMmHeV6z05EYEjUzbTowJMq0IQpLJUNS+BNrbOzh39r5aa53NS4CVbUpSLqWEAlTAIaWRcGqaptVqVWpxph1tGu0stSiAUkIlSpRoSQnsbNDa2g2s0pVaSqPZroqWbVgP837mwjS1UlRqHcYx29R1PQpht4yIbtY7leNYuhjHbK2tVysRipCIKF2tEdW2MxOXQq2lq0XRSTmO03pYZ6blQLbX63WJqF1JKFEVDOv1NA2z2byrHRhHRJQSSOkphM16mJIWiuVyKbG5uaEorTUJwM4p26yf4Ryz5ZjNo0TtexGKIDl27NjB3l7SMLXvbHCbzeddqSUiotaOhterdSm1K6HaTS0DrcZ1KdS+b1NrngoM47qEZv1sWA85eTZfRAkUaQSlVinHcez7uUREqbVg9bO+q7PMUYrFbBa1zqJmNgPEuB66vmttKh/3MR/qlhFlc2sLo9DUhjSbi8XYBjfv7OwsFouz9943tOHYsZNHy8PWBlRKqfN5L8pstqhdiBiHcbVahZSZCtVa3LLZ4zRsLTY2tjcnchqyljg8WhaVUjtFqCqstFfLozaNpRZQ6fs2jrZRVClmFcCupcxqOTw4PFoe9f1sPa4TjUMrskq3XB21sW1tLUQ53DvKnOp8RmbLjBDCtABkWVb23UylyG01jiaE3ZwydjY7VFRqKSVqa22ahrRLiZjV9WqpUhYbGzLrYehrZ1FrOMLZJDtVFJKQSHBWFdWQiknbgeqsALYczklRopSIWiWVrtaoIKedjlKnoaHWdR2lFNW+r11XLQ/rVjsVlcDRlVILMGXLHAIy7XSNGl3NcYpSIsI4na1lrbUvpUTYmtoQwo3JI5DZJltkUcnJy+VyY2szpGlqBJIMKARJtpy6rpvGya0VSaLru0y3NjrdlWi2cS3VLXH2/azrZyHGaZqmFn0s5ouptcwRQhLORLWG0DSNXdfXEjmlSi0QtWCvV4Mxpu9L7SsEMI5DKKJoHIfEUhhQYrc21a5iFVApQsi2nWl7zDa1qZYqESqZKdtFErXUliaz1BoRs66zGKcxnS1zGKZxGhQxm/eCdJYoUnEEoka09GxWa1dburVm3EU1MgkREaGwpykbOEpttFKKUBpZtZZQhCSkUiOU04RUVKI4LbeppTNdAjuztVBRKbIjCrIlSU0UiUxRbKc9DkPpS9f3mZMTMjNb3/dSiZAI4a4WALnUKqm11tyilhwzqhRCNDenpei6qsKwnizXKoWyNbuV2gWhopRtq6hSnImMskZYgRPZhGyFjKepRZEUYKLkNEVEqd3UxtYs5zAM4ziFQkWQaZy0bIooCiBQQpIR4cDplpktE1pmCVm0CQsBaSkkSZQatda0SimWAylUitqUQioVvFqtmzNb1ho0oUxjW1EEshVFZGZLkBTCDePWJpWi0DQ1IORMS7QpUc66HoB02q21dLacdbOEKUe3ZjsUXS0p24DGNkG6eT0OnuzQOAw2tUREiBDO5sy0iBpdrUWRmTZu2fV97XrTIDLTSa3FTmNna04wKEJFESWEpubVsCwS1pRZu5qiRIzjRBqidkU2uHZ9FHJqJUrzOI5EUIol1do5W6Zth2Q7PWUSESEQrU2KKCotx6IafVWETQkuE0SQ2aZxmBSkKBFSZMvWMlRSRC12rtarrp91tYtQRHEyDGOKWquK2pARxW5RgygFZUtJKQVOk3a2rLWrpUsmmlpOTqKLvu+SELItZMstS0g1gtJySlpRQUSUTLdsgcbWhnEdKtkyMxGZmTllc9d1JVRLRMgmiiKiOadxqrXU0imyTQ2jUmqpzZ6GsaudImopklQKxDQNdnS1T5xkm6ZxHLtZD6QzokRRuq3XwzROpetqnVUFKiHLMQyj0yancV1KQUmSbmkRSHYzclFYTaASpZRawq1FCZJQKKKUEFGitJaIWopUpmm0LAkIYnKGac6IolJEZjYJoWyTVRRcESrr9aq5qUQpynQQFqSjFjBWCUlkRInibE6HQgVgahOZUYrTdmYalNkgat/VWqexja31ta9dN6wHEbUrUcKhTEeUcCLAICmnYbBtLKSiAlEEaonkUsLpUhRVEPN+UWtneRqnYRgIybg1SRJpcppqV1o6m2tXS4RCfdcHUi1KWo5dLQ2tV0uDirBK6WzXUMy61qaIOu9qwy0tEAqFUI6TiK2tnSiRTVEyE1xwUynY4IhobXLmNLUo1BKSZFardZvWh0eHQelql43mVmtB0WjYAlFKLdkaVqklSoRKUUmnSjebz6dpLBFSRKhEN7WpjdNisahdJzvtdLOJUsKUvu9qP0yjp6nU2vd9kRukcxzHTJeIqbVaS+1mLVuzs7WIGKfJmRFyelYLIanM57M04ziGItPTNI7DFF2UUhU407ZCuK1X43IYShCldF3tF/MSsp0tEZDTMCVkOoioHTYCKxSz2aKUslqtiqKfzcdxube32/ezza2t2vfTNETt3Np6GNbDNLXRaJhaTtnP6t7+4f7+pWmcNrY2SpTVanV0eDCfLbqun8ZxmqZ+vtH1vUnszDYMUzjd0mKchmmcaqm1K81eD6tSyjRNLTOEATRlYmpXWqaMjZ2lxjQM5eM+4kMVgZ05SjGN08bGVo1aI4ZpFBLaP9i9dHBw5vg16rRaLUsts36GIRWlrNeDTLZWa1dqzZTwOA7Yfd8ZNrd2SleOliuakUtXc2rGfV/tEhFIbRpLxGyx2fX9OKXbiAB1fV/7Lhwtp2GYJE1tuPfsWVTnfT08WnZdV2sppYxtONzfRxGS0yYjYj6fdaUopFLSkxxtNewdHJQSi9lszBxXq6lNXS0KdbVKomXXdaVGLVFqJ+XUWmYzWUrX97MayuZa6ubGZpQaVenWhoZcS0QpOdlyii4iuhiGcWxTlEK6ZSulGsZxKiGpjNPkVOkAnAkShCJBItskBUHL7Epf+64rEYFxP+s9tYPD/VApXWmNaRoiBJAuqs4WCgV11hfF0KZSSmYO6/V6GKZxnLKFIiLGNpKAW2YhWjbbEcJGxdDGgXT0pUSJIpKWjkChnKihUsu4HrK10pVsbRjGUHRdRRgJRUSEFMzm89lsPqzW2F0ptZZZP097apPtUNRaIwphESicBq/HCSs9ZVolgHEaaum6rlMpq+V6msba1VoqoVC0dNRSQollIkrt+lqq7QCFcA7j6JZRi6G1KafWd7V0fdKwjQhq7aMGmdkcpbRpsq2ukk0tEJJqiVKrokuQVGsl3KYpkuhK381QZMtpHBTqZ3M7jW2JNBjLypxKlFJrTolUIoBaqopAWISFQHZGlBTjMLZpUo3S1a52iMxUFElBCCOVKA6cTVZXw9lKV2sNoHZdV7tQOClFikAqURQ4M1s2pw0QpYDBCCyFlEQNgaBly2z9fCZrGts0jgqFQhGAHBJAKZFjRomimtmW0yhnRAXXqkxPbVLaRaAQdlqllMg2GQhsIuSWUulnHc2tTaVGUNrYLIPsLBG1VoLW0pkq0ZeaVi2SqKVktqIopQDOqdaKlXaVIjROg6IWqSul0dySUIniTIWQnWm3UmopsT5aQmZrY6MrtXadPaUtOVvaOWW2oVEoUQGsaRojotZairI50zY1igJRLMg2NU/TNI2tlCi1KyI9SaUoSq1dFFCitLPlOA619KpFZEpdKVHCFrKkJKWoNagRiloqyFOObepqiVJs20ZRJDeXor7vSi1OT7bJWrsCUoBby0i1yDaNtfSSpjYFlakN04CY9/MIrJAzs6VtCFmqVRVlUxYHtag5omRrmFJUuwpkpkREKaVMkxHpNqwGiFpKIIcjikKt2U4sSQltbEFQsKkRUaqdU04RKlHCEFFKAeFMN5SBJGXzlGNE1FptBS6llL6bxtZaKxGIbE2hUJEYRyeTsGpZzGbjMNquXRHRcsRELbXUxBLTNHZRu/mMlEnAEJKd2YgSJSJzypbZ0lC7WkrInoax4YBMG3IyyohaVKZpckvCRWHj1jLbbDEjaW0appEIu9FiNusUam0MFxVq1yE5Wyii1BpRoqZbtoxQ7UsNSTYITTlmtohSS5+ttaFFrX3X96XY2abs54sgxnFMKF3f1Ro1bFbrYZpGrFILmISQLCJKkRQqEgIKkZnNtrPruogIKbNhFJJka8pRwumQaq0m0551Xe36YT2EsUS2hFCsp3UYWwpKKSVKCaWZpjFKkbEIKRQltB6bMyOi1oJVaxXRWquhiGoAd7WrpYCn1kh3XV9qiShRJamqq7U4HUWl1DYmUFTT2cZGparYNmSzikJCLRukkTw1GxtwREghRakRUghQZlOUSCVtVmaS3bJ0ZViPq3GI0pUotetKaJwa6b6b2eQ4ZZKtlVITZrMeCVNrnXXdfDFLPE0T0Je+62s22zm5FdVsk02pESVkdfPZvJ+11mazWakdUtfVMusDitSSKOEpBUSJWsgMRalMUyu1zGed8fJo2YaBzPl81qYWKCJKrevVcrlaRyl22gBdVGRwZuY0QkaJ0vVbi4Uq4zSZKVuJdJKQkkqJht0a5vBo2dVuNuuRJEqRopDUvmTmcr0ahwGh0vW1hDQNLUqR1TK7WkRJZza7eXNzoyu1ZRM4GdrUl1oiFEpTogReT1PzVGvpu9k4jCmXWmQNwxCltClbrrePHU+0d3CQ4xQ1iqKfzcdhyDa1zLQK6rpusdggMtPjsM4kalks5qXWfjZbzGY4o3bKLOFQrX0XQcsch/Xh0cF8Y9HVbnl41M3nJco4DLWUru8vnDt3eHi02FgEIgISKIrou9ZaOvtu1nWBVD7uIz6oqpg8PFgqotSaLVvmMA1AiUi3nFrXzbe2FsujZe1ns26WJtuYqNaotbg5adO4ni3mAsn9rA+qaSLSbTWsc5oaRKhEKYFN1/WZbRpH7FrLfLFRS12tV+HEKjVKqcDh4WG2dnR4NKyGja2NvnR9nZ06ddrONk1dP4sonjzra5QaQWtNQdd34BJKq7UsKnIqIqVQdrNZrbVEjG2cpla72nVd329Iytba2BKP4wRumcqspYBqV8dxiBIKatelcxyHEjEME1BKqbWz29BaKMBTG7vaj8OAmXUzlSJFrRGKCJXSyR6nMUJB2FhIIVlomqbMhkIFiFIKOFtmm5zpgPR6OUaU+bxTYnlqSbovvVtbrZarcehKlK7HpLNIfe1kbDunrnZVXRQStTa21rpaM1PI2bC6vi+UTHe1zGq3zqkoZn3X2mS7lIqEEC1KFdit2dM4WjkOk7N1XZWNhWiZdk7DWCOmMYdprULtZiJW62Ec112ptVTbKItqTm1qiXAbQyVKdH1Xox/HYRrWbcxaa993RnZOYxOU0gVOJzKKvuuiRmRzKKJAtkyAKptxbJmJpCgRZKOEIoogp2xumMCtpZAcCoA2NpBEjdLcMj3veqJIRAROp6dsOSUWIEUpkU63llKtpZTI1rIlSiFAksFSiRBBINuJyTROu7UoECFoTqxSwmSzI6Lr+lpqCU1TEylHFEWpVqtRjOSGShFj5nq19pTZcLj2fRpMVyglpnRE1Fpay2wJChylopRpYxunMUqdz2YGhYsKURBuLZuLNGYbxqHUUqIGJBSF0ymwbUlWBGi9HtuYUUqEmh2lumWIUgoINzeXUookKdOA7HTL1txIN6QQCYEiKmFMqKiWUlRUWjIMA1BL2ICnloGiK10UsIOiEEooEc40iUqbJgkkRYhSQ1JkenlwGF3JZJqmWmvX9zUiKG2c1HUtW9/XKHW9HnGaUAkRIQkiwgilaik1apSiQoQkJ7ULyxG1VmFb6ktnS1Ip0XKyAdmZOZUSAkvNGShC2abERVFqtcFEFUCE0i0byM21lMDrYSQnVMhURCklacM4uTUUUVRKCQI5m4Vr6bCjliJZktScEaWfzWsIcJtCCjGRVaVEOKJWFdU25DiNU07hUjCFlEuqlEJoGAbkTCRKrRExjVMURBmHcRhWKprPFm5tbFMtMq3UMk3TuFy2pNSYxmFs03w+F2BHLTWqACmnyXJE1Ci1dqbYRvaUSdpAkSLCNpIsIiKiZuZqWGNqFSKnRJailghpPQ6r5aqrZTaft0y3BooqJy2bQl3tUDpbWkVCUaNECTulCGitYUhU1Hc9yWq1jlq72pVSEMMwZUucocCephZE1DqO4zCMSLUrktrQTLQ2hej7anscJ5uIEJDqZn1Xa7amCAVyceDMgCjFirENSLVEVzsi3HIanW5yRCiTUsqs66NGGye7lSpPTrDAKUUIYTvB4zRN4xSldCUyXSK6rkpxdHSULWvtErIN05TTMEaRFFGCYFyundnVimQBYRKkEJm11MxpvRr7WS/CbqXUkGqtzrF0nQHUlUqIZtVimpMSUUsFRURR2I4i27Yys2VKRJFsIpxer9frYQ3Urk8yp5Z2yKXWTNLZ1S6dyJm2CRWwSiEnJ0TM+650dZjGNkylVlCJ4jDNZItSs41tbFNL5FJCqJSikCSkEBQN6wEopdh0tYecZBKJlokMGoehlrqY9zVCUjr7UpxWKDOXy1W2SUHXdV1fx7FlZlc7IsZxaG1yKNsUoqtdwDil7BqdyalNtuezWVEd2zgOawiRloW6WqZmt7HUTgI0DitE389qRMByubTslLCgjR6nSQiplFq6TvZqHFfDWpKMoZSoKiGRKJhW69aSUGsupYaN3JzT5PVymLJtzGbdrIsSOXpskxROI3W11lJqLaVGa610fY06TFNmyjhba9mVUkoNk+PUyGmaatepOAfXWk1KWWqtXdf33TRNpdZMlxKkS+0Ws9lquRqXy8V83s1mOKWqRKUgFn0/jkOmu64bh/U4jV03kxiGsYgoXVdrlLJerVsbd3aOEeq6mHfzsbVpvepms435fNbPIlBo0c8jyjhNERqntn9wKW0nJkHT2GrXbe9spV0iZrOZFH3Xj9N4eHgwX8zns34+X3Rdmc1nNnZzOmpprbXWaoQT49Zcaikf8SEfsLm56PqadjebLWbzw8P9NoxdP+v6mmZcr7vZbDHfyMyjw1Wp6roOwEyZRiWKxDCOY5vm802cLV1KcbbDo1VzA03jsJhvRthQSrSxdX2JWp3Nzmyp0LBer1dHgEoptZRSSi2ZObXW1+ooU04bi435Yq5SWg7jNPX9xmzWl1LAtiWVriuleMpE2dJIoalNtS8oxjYK9X0/tWzTGNHVGmm7tVIrZppGhRAWbkTQzfq+n63XQzpRtGHKnKZhsmK1XK5Wq3m/WK+WBwcHzZ7NZqv1GrSYzUir1qoYW5ZSa63ZxggZOTHUUgwRmsamCJHjMEkoQiFhiaoiLGEzDetQSWUgJy3berWMrmzMZoa0cQpbtDZN47rUOu83ZAKR0aaGqDUmtxJ1Y7GIUoBaS5ua0/N+5uY66yRAgkaWGhECJZai1DIOY4kuitowlRIGpwlDekqJvptJquHW3LDA6WxtGNe1dlE1rtcums03cmzjOIzjECEkbCGIgIzsou9nXbZUiZYNgdPpErXro0ZvIkoIzeazUnV0tBrWA7VWFacnD0ZSKVJiT62RtSu1lLQxtS/h8Dgqouu61sZMt5zGcVyv16WrXdenVVAqS5SoxXYp0VpTSKjWkqigcWrOSQqgtUYSpdSuL8QwrjJbRFUQIZI22VgKIadxA5WisaWdmCSBElVBpkNRa3W21pxkCSBaa31Xa61Ido5Dq11XapeeVHAaIHEb09RSS3TYkkxmtlq7ULRpmqYhVFrDNOyAnLBbqSVKVdKmUQqViIQAW3JRnVpKVhTsbNnwfNaDBFFllG0iCnIpRWCoUZEyXYJ+1qlELV0JAaQVRUIRzuYSsgiVUozDiIAG4ZK1VhqZDVBE1CANEUWhQNGyZZsQtQYRQkGEwISqpMlJkwSyyWwpuUTJllEl1FqTsVst1elpGlfTEColFETfdQTDelytV0iz+bzvKlabJuQSRQisUK0lFKXrnU0oKFJO2UB2ItkZJbAJhKTACLlISkw6A02ZbRxJRYiIEqXUkEqIKCVqNQZlNlUpI51F0bK1zFCR3DLTxopSVEIKRWRmlCJhkzkZExI4GXMw4GzNEpTa2pTGNNIh0gSus74oGlY6apmmZshmpyMiglpqc0sIWPTz9fpo72h/GgYRIjLHBl2tbWqNzDQY26iWwmWlFEmJsbJ5uTwqEbP5zJlgQ47NdtQiu+FSa2ZrLQMBENhdV5HSBhnXUowlyUjO5tpViZDSJt11XVc7iTY27FIKshUChWrpyISoXahUOy3VEoAtmZZJuI1jGgUhAcZYpE12Xa21XNrfXx4dbC42+nkPUqDMTCQZgRQRRX3pDZlNiq4WWa1NEakQUo3aMpFUolYZzeeb6WyZSK2NBqColBImnA4yVNJN0KbW2jQM6yiqpSDAQFU47ci+66L2Tg/TepqmEtGVMkzD2CaplFpt2jiRkFaJvuuImNqUtlCUqLVK2ISkWpxEkEQpQUgyKsIR4dZaNimStLEZ1uuiUoqmcRiHcRgH2yKaLei6rshTtjY1Q1GAIJ0YZWsKSVou1xGSVGoJCrjruogYM/tSSdwSuxQpSoQxpYTlTBeghApONXBOymyZ2QabTGOilBIlnW1cS+r6DiuQUUj9bFZKjJkEs/lcEZlIqAS2AJEmnZlpUVWyJdhkV2pr05QZtopQRC2zrqtdZ9ycIpqhqE3NRK1dqaqllq7LzNWwbs1dX1TUpoxaQzGNw9BGiHSWrpDgBEcJW8MwpqdQcXq1WoWyTZltihrYwzgqFBFuOYzDYr6wWC3XYxux065dX7pOYsrE3ljMu1oIkbSpTeMgh4h+1s/6zs7a1TZO0zRN07Q8WrpEP5/JqlVAOrM1AsuL2kdXl0erELV2bUqFotZSO9sRRYr1OGQ2odZahBSUECiilNopYj2Oq/Uq7FK7eV/daG7rYYiglAq01to0RVCiSzc5okQtaskwDP2ir13fPJXa1dDo7CJqxIQiSkQ0c3R0sLWxOWWDGIZ113XdrG9ON6LEME6YUmpEFUzT2kmEj46WpdaoNRxJphWF1WqAXB0tS+02FnOsbGllOBotG0erZVGUWqc2jdMUihJluVovZovZbLYeRjK7Wru+I6UgG/P5LKephGrfTdNUPvJD3k+lm8ZpvR5q1xGESu37rq82bRxba1Nri8W8llJrgEgyJyJKKBRgKWRFifV65UaEp2mMUru+rpbj1vbW5ubmfN6vV0MoVAK7dF2ObViP0VUyFaxWa8zJEycyWzZHF0dHh+M4zbq+MeGczxYh5djGKduYXVe7rptyXK9WCPA0TLVTiYpSwobQOIxFxair1ZlSxZEI6GtXFKUU24LVMAzDemO+IGWpRqFi1IZxbFOp0abW9VXS1CZApZSoXRcqXVGJIkFE9PMewulSijPbNNW+TlMLQlFCmqapTa10tdSS45SZ8/k8rdamKApCChKXkFiv1kmGbEfXF2c6BNF1XdfNkG1hRUhFbo2Qkn7W96V3G6bm1jKKSsQ0DetxwrZQxLheTqZUFUqpVYpxGqSIWkCttXQW1dV6DGc36wuxHsdsrWWSjVpCyilDpSjW63FqQ6l9V3qrRalRyji2tIvUIkqUqFV2I7uYIR/uH4AX80WpRQ7LrbXWspG1dBFKDCmieaI5lRGFiCBGp8iIQJI0jiOmduGmqIRyaimQpAhAEAqptNam9RAkyC1Vo6o4JCilyllLmfWzbGk7SpSITKIEqNYgW1olQgo5ppxst8xsmSDCoioUkklP0zSVEkIRkS0tlRqkQ2FlQkSJqiCGaZ1tQkStLd11tUZFiXGJbM2ZEURUZIEbmW45tsm2S0EiUxFBumVO4zCOU4lOtRS1bFlqtCHVRe1LJEmCDV0ttXSWrEhaRCBna1OOrVkR0zSms3Q9KA221YKidK2dFIRq6UIirSg5JXYUhQpSCWW2WsIWOEqVVBByy0SSotYASJobaQssANvIRRFRIiBqKSFNLQEp7ESScE5pK0SzQqEaoVJKtmZca7EUkkOBJNkZJeQSdiqypYoVRbJSLROhUEhRyrzrZ10fUjfrbLJliMwstdZSDEpPbYooQMrZkGR7WA8SEQFFkW3yOA4yUiRpI0MEKO1CtMzJLSSFSpSWbmTXlVpr7TpF1FJDKiVyauMwRi1d1KDkNIkoJewMghLplBShRMPQSildV1RKZjobgFyjlqi2pZjWQzprVIOdTFapETFliiSdOXali1AzpUiltNaGaWrOWmo/6wyCnKakCTU7IsK4MXlYHS7P3nvvpd292Xw2XyxKjaBElKlNTkcpzsTRdbXr+1LLejXYWUslXNQTriVAtdZaOpCi5pRE1lJLRBrnlFOWKBLC45RRIiJKFzSb7LouqqaptWkEJNbjCHYSIUJdqU201lRLZlsPQygiZLuU0tUqSq3KlqWGohSsqMLTOE1t6iIcDMt1c5ZSolQUrY2jXaMo6GpViYgSKm3KiFhsbNKcbUKCQIGoXUhRuhinaRpHlei60tU6TW2aplJLmlJqqCZpuyiixDQ1sNE4rKZx7PvZ1EYRSFUKZLmEFAWRbWqt1RKl1nGcutqXWkVgQlGKWuY0pKpqKYCdilqo0UW2aRwnRO1q7fuu72otzZl22qEQUnOd9RHCUUpJqEU1CjhCCnWlCwzFOG0QOKqqSmAUbZqmaSg1QIQUpe96Ec4pnYJSw43BY0QhkVBEIKP1cjmMQ0QJpGyoRBBRsk3gCK1XYxdyhFtTZb6Y48hsJWrt6jBMXS22hIzBcmCHZARG1FprrUYAeByniBJdnVp2naLWnDKzTdM4tVYiokSJUmyVUGqaxsTZJikgPGU37zzaylJKc2uTlThKFAlN4zhNgyJCsVoPadda1+PgzHk/T5JkvpiXKKXrc5psR4RKGLI1WyWiFjVj03WdSoTlcBtHRSlRpJDshqR+Nuu6MJkto5SiqlqQQUZtHKLWrnbTNGVOpBN3pZMUSIrWpnEcUCRZShnH4XB5ZLO1vakaNFNCpTidUEo1tt3PeqxhWEeESoTkZL1e1yhRZ6BxnMZhrLWUrlAojZzSIdyyNUztZuMwZLau1EAKmlWKbCyqymw+39iYhyIxDtnNre9nXa0ymW0csva9m9vUSi211sTDOGxvbHRdf3S4zDZ1ZR5RSKZpXC9XpZScpnGcBFEoJdbDGLV2tW4sFutxIltESNmFJmdICtxaNkdXapTVetXSfelbjsMwdrO+lroeVttbO/PNhdNTGmjDmLjrazanW1dq7ebOSZCt1VrBy9VRSMvlMlvDNE/rcVrM+8Tz+XzKdnBw2C9ms24+TlP5uI/40MSLru/6TopxNQzT2HVdUYzDsB7Gja1F33fLw+XQ1iRSnc3qweHRNA6z2aKUij2N43w+n83nR4dHUxtP7hxPvB5W836xXB2JDJVhGJ0ZhZZTm1qtHcphGJ1T7fqiIMJ2uo1tWi5XgFQlCIblSJSNzY02NYcU7vuZutJakl5PU9Ta1Rl2mzIVIiJKlBpB1L6WmNo0jVNf+xDZ0mpu2ZxRi5NpmkJFYhiGlo6QQgpP64Y8DUOpJSKcre86qQzDukSZb2xmy/Uw9n1fu4haIrpa+zYwZdptHNtyWHd9LVFsO5R2hGqvljZ0UZoCNGVTa7XWWuvYxnG1HtqQwzSObRjXRVFrN5t1QiZqKU5CAG2aVBQw5dimZiO5lKoih6SYppaoFAkmZ1ciiHE9AKVU2zm1KJFTogyVKDhbm6aI0tXOpMlSSmttsqc2VYXJcVyXWtrUhnEsJaZpUo35bJ5tIhjHBi61OBumdh3Qd11Obco2m20UiZDCioIESixcaydrWK/bNCjCQ1MpfV8LpSVROqmUvgzr0eN6aA2B1NIiStdhtzaWUqSQQ4oaJclQqaW2zGEcaG7jkCi6Go7oCkobQRpwnfWSjBBIQK1lbA0yJ9bD0M3mpetam8ZhEEiSNJvNFWqeqgqltGGMomzGKl1F0Fpr6cxSVGoVcmbf97WUnDKdpZSITkiysxVF7UrLNM3ZbIhSSrSp2VJobNO4XssKJBinIaeUMuxQhGLKqdZO4cypK12t3ThMSatRwjG0EdN3vS17GlZjtlZK1FIiSjYAO42nqVVFN5t1Kplej0O61eiBMVvtiuSqkuQ0ZmbLqVGi67pau8ypTc2ZtZYpmyiA3RRh2jRONhGS7KRlTh6lUEKoSInbOColXIqSaNPkaFiSohRBOpVOiFIyszWHcTgkpJxGBQm2CZCdDYPtbEGRMG7jJLWqotqFgmyYUsP2ali7JRbk5GlYj0Df12GYgNrXqbXWJhS1hIMgSokSNTMzW7YkVIoiIiKiVKGWU5RKukRYOB2h1iaHai21lOaUHFFLlS0JERGqpY4tx3FqttN11oPSltMQJUKa2uRMpzMdOEUhwP2scypbhp2ZiKBIQVFrk1S60iG1nOwMx9DGInV9V6MM62G1WgvSWIRoY2uZwqXWXkVdySTb2JUeiZRJMqZpbG2wfe7e+8ZpXGxtnTlxcmNzu/RFxNRaOiVms05EGEVRFyHcKFGyTUBX69RWOblECUWp1dks9yUCEnWzqgg3C9IOSVEssGvfY0k4vR6GTNfaBURERCgky2kFpXYiWmYtypZHB0d2bMznddYD49BaG1s6amCmTIRwpp2T7XQW1ejq1JohMFZXC3ZLV4qd0zBSCjCNo3FERBQjiVKKsaepFNVSbSJUSlw4e/7ihfvm8xmKkFBERCiQakTIy/VRricXUOlqWa/Go8P9jflG38/T6UykUgOp4XE9LVfLWqvSaUcpECqldnWcRrfMzOYGSdR+1mGnLGQphCTjWktE6buur31EmaahTc0RskqUiEg7wPI0DW2aMCgUBqZ0lLCdzdhWlBohSUiBVKKIHMexlkjnet1USq1VZCld7fpUg+i7PhMLqUSUvnZIbZxkOXBmKTWC1qyg6/upZRsnh0qp2Rpy7TpUFLioRhnGNk7jvOujappaV4IQyZTpJAJHZBtyasM09HU2ny0ETlsmM9Ol1ug7t4ZdS8XgXK7XR8vlYrEoKulUyNnGaVLXpdvUprT72hNKZbbM1hp0XYcVtHFqbZrmfV8ijlbrcWp97YRMa5ldP8txTNPNe5BRmqmNIJUiSKsvtdaKCSVmmMYIdaVHWUrnTEC1a20spUYoJIIQ0JhyHKb5YgGa2lRKqTVWy9X6aLnY3Oy6rk3Ter0W1L7z1IRAJjElopauRNiZrXVdV0qUWm2HIm3ZWOtxEK3ZQXSzvkQpUulKrV22bDkVlVrrbDZrObWWW5vz2WxBKJs7SlMuV6txGIy7ft7Vmm3CljlcHg7D0PUzKSqIEIBLBMQwDW1s/WKGDdSIhu0QpdSIwFjFOJfr1TSOISVgC8Ypj4720m0YVgmzvhO6dPHian04n89tRy39rHdOte+RSi1qpChRkjaNrTm70nV1RtjQ970USNnSmbUUzGq97vtuGFbTMHmaVIqg9lUEGGlrsRG1O3/+/Lhed12pXe1qXa7W8/m8lALuug6JVFf7w6PVOIzjNOQ0zbpuHCdaprN84kd/mMlhmsZhbNMUfafWFBpzCjxbLPrSrafRLUupB8tlKaWrZRon0Hw+czZJBOM0qsQ0jXZubG2thhVIRLZWaj+1Ced8MZ+mJqIrXbpFlCJWq0GFcRj39/c2NzbGcVyv1/2872b9YjZDMQxD1Np3Vch2BLYQSq/XS9VSVIQVRC04qiIUpUapUcvMgU2NznIfAUWFiOKW62EMSXbtukQ1FKVLcrHY6Evn5sSdQlFAQZTaZcu0Z/0skzYN+3sHoMV8MQ7NVj+fCQlHRKlFoqt91/cBsuyJtDOlohIBEVEjSinZMgylTK3JIlSEalVkiVJLjWBKj+NgR0vnOGamZRF91zu0HlqNQHbS9bWUsN2mNrZx3vdd10/TiAmFSi0lJCLCoiqgUFIOwkEkabCS9Gq5DNH1fWst7FlfS1eEcspCKaUiwKLOZ310crorFTGNo1CoqoRLFMXUPA7r2Wxeujq1KQgrMCoV6GoptTobshSZrqVQ1YbRIiIJ1Yj1tO5UEGOOXd/VUGsZioiSbqV2tXYiIAgsyEzbJqTMnNpEqJv1fUQJNTdnZiqEIrAFRtkcMJsvpnFoUzOQKAK3hL6vbRxzMhGG2vUlFFFSLlbtuhKhUksNEShbwy3TOCi1BmGTboJQZLq1NowjeD6bIRBtSrBMSytKjQJEUaanaepKmJLT0OxZ17lAa4pOoZymcczm1vU96S40jJPJ6LrWsrWp1Fqizma90TRliVKipIkI1Qq4pUIlFKVELUW1lFAtNWoq2zRGLRElCm2c2jRlIoha2tTGaUQRir5WZ1uv122c7OzncwALOVsaur4PIhOFMts0TKASRVJAOiOKagkJQSjTtoWjRJTSdZ2Fp9Zs5JBUopQOGIdBEpJRhNowWpQSkoo0NU/DCIJ2cHgkoYjW2pRZa4ciQpYxRAkVnJL6rjqU2dxSEUApHUZIUrYWUUutkoQknEw5dV0/qzW5THI63TKbpFoK4GySsuU4DaGIEoJsbqZNrU2pqhJ9H5EWRSHSmIazKx2kwdmAnFoUSu2mzGwtTYkotQJFJYoUpSudyWmcnHS1dl2PPLXR2cI0j1FrjSilAMO4Wq5WYJVSIrJly2nez1u2IKKWaZpE1FJrra1N4zRmNjspka2txzVW39eoBCHR97OTp07s7Gz1s410SoqQpEKdspVQS7eWparWLtPjuEKiyCnsKVsp1bZx6TvbIZUo62my3Nee9JgjihJqTrds6a72IYb1kG4yZCtdJ2K1XkoRVSSzWV8i2tSiRBunbFlKJxGi7/oIyZrcaFlLKSUEU2sydhPCAkIRtQbYSJ7N5rX269Vq9FhrFxGQhvWwKhFRKoGTrhaFwJLsZjO1KUqFHKex1r61htt8vpgt5oGmaYyirpRhdTS1qdZomeNqrb6bzWZhNbSYzeazWWYSjpANtkrUqEBrQ0iSpjZls+2pNanV0k/DIEU6a1dLqW7TZNt2CsjWrKClQiXUstWoJtfrVZtayylUjWtX2tSsrLVLvF4Pbo4apSvgcTV6mojIbNlyyqllghJnS4suyjROpSuY9TBlulZ1fV+lllYpchMhUESppaDEbpm2bduIdLbMWouiONO2UenCqEZgr9brrqu11GkYSSNCBVykyS2IiJic6SRby6xdDcg0qOt7tZymMacWEbUGCAKy1o7MnFy7imQBtGna3FjMF7OpTZhSQy5SllqrVCmz+Ty6LiwQdt+VvvatjaDoqoVMgsn5fL61sZFobIOsvutKlFK7lo5UjUiIUBtbJqWoJdM4WjaapjZNbjQaBpt0InIap0ZVCEsxrgdERAkp0DTl5JEEqZYYxhFHTlPpulCUEtgKlRKhSkSpIWeUEiWctrNNU2uZLSNUS4c0TVO2FMJMOZWIZqpQRK1dQLNtyFZKjSgR6vpewlYJDcMoiiSnLfW1ay1LKV2t2do4jv2sL6W3WwS164WQsQwhbFo2Z06tTTn1taKwWyhEjOsBGqGWY9/Na5RxGIc2bs63kpSxJbL0XUQ4p8Vi4bAQthSbmxt97cZpMoRiHIZSu67fYBga2Zf+aL0qXd+XgpV2oJa5Xq2HYVosZjk521i7WSl9VKZx7GotXTeOYz+ftakN6/VsPmtJKd2wGsY2zBcb81lXSllsbEVEy+y6GTa41D4cyWS7lhBI6mvX9bNxNQzTkNmiqHz8R39ooMyU6PsNchrGsZSyd2lvaimpSDlOmK7r+1qj1sODSzQckdkwiYNobfLkiEACIrTo5imDNjY3ImxEYqekqDGOU0RdLOZRFF2RqaV2XZVDEfP5YloP09SmNlrenC9CDGOLCKfXY+bUEjJbKaUrpZSKKVGjlJTS2A0XyGlsiFqiRm2yFchu1C5ms15FyJLCJiKqyJjGcRhHyc60HWJqo7O50ZzpcdHPpxzHMUupm4t5isy0VUgTpbjUbhwnRJVWqyVEnRWnStfZeErM2CaMAwk7M40zkXAppetm834G9H1fS0yrtlwtFdHVLltDalPLzFq6zGkcp1lXSyldX2ezGUlrrqWO01iiRETSpIJyGKb01NcZ2HYX3TCNYxsk2c3gaZpGl6DW3tkkZv0snS2zr7MkMyEIAqnWUmuMq2E1rea1C4VNa82JwpmOGgaRKiVM2sZKVLpaik3XBaBU1/dRNE1tGqbZrOv6LiAzU/Y4RakkFiShkJBcVRQSUaJY4da6WhWygczmUpS0YRjC0chAYEl9P8ts63EqyMpsWSKcpDNxTsahCGdms6Ergchpiii1m2XLsU211n5WUYlQLV3LKdMKTc7ATg/jaDtqrSGVUJRao6prZLYpiCKIQMgoIhSEQEXVgZMpW9gSNnYzsu20akgSMZ/PCJTKdISEIXDaRpRaFLFaHWEr1KaGIFVKWBqnyUy19qWWWmuttYancWptqqUo5JYqQThUghjbANSuK1Ehp2HKlrWUCGHsGKZBjtJBUruutRzHqeu7UEiyU4qisNPYLROTLe1snqYxSpRSVapACBNI4TY5WyOQaoRCJexEmc22FIvZPFvaVjib3bLWvpQCia0IN6MgaW7TMJFTRECuh6GvvRxDW0llPutCsR7HNlmCANymSVKJ4kwbRem7TsTkJkVXIkqdphZFtVYwEUBmylZSapSIUmpXi62cptU09SGV4swiDcOYZDhKLV3ft7SdETIuUqklp9ZsgVBLm6xRLYNbZoQkZTrdohZS0KJ0IWWqFqAocBqQ3MZsbSq1lFpbm6bWnCYipNZSxjQn2Vprre9mEZQSUgxtqKWbdd3YWokCmqaRQinRppzaVKIa11IAhNMK9V3vzGmc+tl8YzFLPKzb1KaCMnDKUkRka0JCtUZamZlpFDK1RKkVhOnns2mawCFN2do4EbIz7YhiEYquVqs4TSictXZRojntdJpC1/XTlNM0WBmlempSQU6ySE5MZmZE1L6XGKcxDQIToSSj1MAqCoVU7GyZUiArMCVbItUi1VqiALVKjjaNSLWvBZyQzRGZgJCytalNoZjNekObskiSS3Sz+byvFamWMoxDazlNY1jzzYWsli0MIZU6rpeyFD5aD9ginC2itJbjONZSa1fT2Collstl1FpVsCVKlFKrRC1dhDI9TkOJ0vc1pza1nMYhaqk12jQe7B86TQhbpUYUK52Mw9CyMdm2ktp1s67DjginsrXEQgqVUmqJiMiWEUUqshVquKsRKtM0lNJvbCxq7aacMF2tCTgpYTtEmmG9No4o4BoRRSVqiZK2IFQiFIoSBeHMCLWxTTmVEg7SLmCr5VRKNQg7mMZ1G6axjeM4zbuupU0W1BcRMUyjs0Uh02kMmW6tjdkUSJ6mjC6CkOhmvR1jTrNuZnuaRoUabtOkkGmtjZiWLQgpbFrLqQ04Z7OZiAiODo5Id30pURrOzNr3tZTWWrFUS7plqqtdqRGhKCEpomDG9WBcSpEkCbt2/WxWp7FNU0ZRlMjMaRjWw1BLsVsoIqK1Nra1M0utOIdxkGI260uN1kyaAEIl+tKVLkTJNCCxWq3GYSxRat+BASKc2aapi1r7OqzWLV27Cuq6rvQzckozjEPYLhFRLEepLafVeqi1pPPw6EiVNrQyK9gKgyIshSIkySBP41S7rtTe4UU/X47LbK32JUodpqHvikiF2uRsTVFay/RUatRu1nd1as1tckuqZv1GLTFOYxAUr5arqY02QShK39cpsyu19rXvZtOUEeqiTG06XB7Z9LWOHnPKMZvb1MY2X2wipnFKmiQFgaQQBTsUdmttspHoSnd0eBSlRCikUmotpdYytlXfzaJoeXR0sL9fZ11OLazad20cIft+3rLlNM3qbDmuu66rXVdrJ0zQzxa1dF3tyid93EeEYpwmRNd1XekUqIRbllozm4gp02qKameN8ETptJgvxnFYrVekHVGillk3m89IDo8O+36mKAmlhAGUqWTKJJ2yS605tZYNBXZ0pe/6nJrlxcZmKPYO92x3Xa8W0zRZEoEbgFRrN5vNaq2k1BU5ptZU1KacxlYibNar5WoYu1pqifU4ZU6l1tIJe7U8mtKz2WxcDcM4zPqeqMJJlCCkaZoybWNa3/d9P5uSNq4jlI3MhuhK15VKjZaESt9VSkzTFFEK1bRxGolQxDhNii6nVrsiUBGETMtWpXEaiwLl1FrXVYWwaylTTsN6mMaGkB2lzPpZlCJJob7rpVA4ogzrVb+xcHMamzZN09hqjRLR1U5d5Ji1lqKCJJxyVReFNjVDrVXgdFdqSJJUpBLL5dE0TrXrLbU2gcZxHKfRjall7YpqkaI5yaRqvR6cwlZXJEnRsmVLJCRJEdXYdqCxTcigo+XRlK12dRzGZocIRUSUUpfL1WzWN+dqtUzUzzqJKDGO6ynTNqBSqGrTpBIRZWojaSIchEpBzqy1i0ARSNmy1jKOwziMlAgjWdLYpmG9ai1L1/WzOk1tHNZ97WtfxzEjlE4RpinU931IwzjlNGUb7UinsQ3NmWlsUFFXu8Q0R0HGbpkZUaIEJu0alQhFSJKtooiQws4gpLCwVSKmaWrZFFEiMFGEiVDLBEtFNqIEdTaLFGYYV8N6XUqd97MoJaT1MLY2tUy3NARKW21SUZpMI1pmm1qKGkVRsAdPJEUhPE5jtkyyRKm1RKktG6FaSi0SJUQQDne1iygKMCVKKm1FhApTWkZCqqXKdkREKTidDYXt5szmaZqQZCIoUdbj2Fpbr9eZWUoJYmxjZkol3Txl388VnqZUWNDVqiJaG7M53avU2byE6qyrpZZSFNTSd7UUuaWmNpqsfdeVmJykCbllZrpYITemaVqPa6FSarqpFBtj0shTm3JqKGwT0ZVQkRttGhGdSqm1jcNkhwITEbVWiRLRbGOs5maIWjMpAbKNcY0CcubUDA5JJZyutQrSDbu1yXhqo21JUoQy7cy0M0XUGtZqWGebFFFrGYdhnFqUSCKdQZSum/fziNLNZuM0GkrE2Kaultp1oFKiq10oWsuQiUI6FIoiSVFCQJmm9Ti1WksKO0NVSKFau1LLOE4lKKUTTqUUUQKQFUVWCBciSUSptY0jUBRTmzyNDYqKwZlp59QMXe0kBU4cESoBnqYGrtGHlHLtuq5WcJTI1gBFTC1LLVELmc1JZpvcMglHBnJrOWQWZMsQtSAN47pN2dWqKCQKT1PDlt3PZl2NbBnqaleW61XX1RJlyrSTEm4tW0YwZU7TBEgFEIrQlE2KqY1tHFVKCWXm6mgVYraYOz2OqVrsVkqxLHu1XFvZdbMIlejANUqpdT2Ow2qFQsi20rO+j1IXs1mq5ZTZWnOTImonnK3VWjDTOEaEFF1Xu4hSu4gyDes2TK2NrWU/m9XShZSTE2pErdUwrI+mbLOus2TsZuQ667vSRSmlRJSqIiykiCIxDusIhTwMk0lCUhiMmxuGiAhSGRRJBG5G7mofKJujCymm5hqRLUOgUKDSRQmJ1lqJiIjl0TJb60rf9zOsyZOba1Th0a0QpFViaumpRYRtCeM2JW6lllk/C9GaJ0+Baqmya43S1YgAnEnamVPLzLGYRmLSOLNNraCuK+v1lOkopUQoyEzcSteBodRa2zQlVtotiRohT9PUWkiKWB6tUNauChnSzdbUWiBQZlOoRHSlShg7E+hnPSjdooQIFJ7Gw+WydGxub7VpbMmsr+m0sV0Us/kMsx5WJTqKJA3DGqnWik1aRTm1KAo0TiOmdh0mnbXWbNkyI+R0OiOKyVpLOsfVuus75zROLl0UUNRAxuN6hAypjaOxM0spXa1jG0sUwtnouxqlDMO6m3Vd7dbrdSmllKglSq21dOBpNYyt1dJNeDhaltrV2ikKtGxZS5RacESiEi0nFBExTGsSRazWq6IonQoiAE9t6mopBTsODy51pZbST220hLPrZ+M09X3taz+MY18qEV3XlTobxrU9oYhapmw5uNaum3XjOEVAej2tJXW1llqH9Uq1rldrFNlsPJ/Pay1HB4el1lLLsFrv7+0fLA+3Nzci1KxpGCzbkprEejWq4JxIlRrr1Wocx37WhSJbA5dP/JgPO1qtVkeHXelLdVrgWd/PFvOiMrVJUldr6WoQiUXUriu1jONkspYuIjCSo0QpNUqpVYSwM7OWMqynvu9lpjb1XY9wOoJhHJIsRagoBbiUWsJibFNXZxLYs0UnK4gomtpUS9d1XRDIRTpcrWspCk3j5GyWulpAESpd6UopiiihEKZlOu3MhK7Wrtb9o8MaMetmq+VRa02KKKWvIanWWmrkNKkURakFJ+O4HterTOabi67rV+M4TWOUKLV0tRJar1ZpW63veilsd10tEdPUSi2164xJC2rXdV1MbRpWA0V9N6tdFxF4wmptXC6HUERBCnWl7zpZrU0tW9d3ETFN45St1n4+7w2KKM5xQsoQY3PLHMZxvR5SqrW2cSIEtClrlSPGYYgSs763m0WaUotKADlNtZTZYo49TGNRqX0XinGaokTXd33XkW7jVGtEFKxhPXR99PN5UckEnM1SRFEzUtQatZSxtWlqtYYyxmkoiihFUxvHMdBsscjWpmmasuXYFIE8DGMpUUvJliIwqpGpZqJQVUwpCpVYrdYRJUSRcJauIPVdZ0fzZCfZBColhFLDMEQttRbSzVJ1X/sSyrSlvp/ZKTlKFQSSSNPGdWuulKhlmsbWWpQSRELf1daMHMGs69Me1qPlUotNZkKEkGjp1lJhnEg5Topqp61pGFqbaldKVyNqDRmlXUsppZBZSm0wtslOKUrfdaUYj21qU/ZdF1Gc07pliah9rbWzlelaSy2l6zqJQCZXw3I1rHBtOdVSu66AcKtRS41MB6ZZRenMhMyudjkloa7vMltrLboSaGyTIDo5s6Vt200RNcqUdjYSyzTbLacstdQioJau1oqULUupBhmnW2aUMutqg2mauq5iC83mXa29W2tuTketgUOBQpHT1AqWIkpnhtVy2ZqLFKEy6zMzx6nWKmHLSoFQo8lELbKrqiPa1CIopQoTUUoJKXOEaG2sUZsznbUWTLYWEaCc0lKNIAJyWK8zE6u5CUUXmaioM5kuXY1QyzaNjRo1NLXmlirRlSooobSxwRGqpUo407alTJtWo2tu0zSIaMm4WpWIKCVbIoUCWyqNrJRSQo4ogbLWTkQhJGqpJbralaLIbEKlVFXllNlaqX0IcKl9SJJtETm1bG0M1WxNJWposts4qQq3HFvLVkqV1KYpokBpbbQz0yimHCMUYGRydPYRikKQU8vWaterMIyDpxQmXUstJVJ0XS2Urq8GMA6wogrbSVBUI2RbBFBKUZGdmVO2dMtSSkSxLbBwayAZhTLBWaLUWZDYiY0iQjLjtA4L0naJ0kXpF7OWObkVUJQa1dDaSESbWstGSyJqKdM0oVBETpm2BICQqaVIMY7DNI1CWBEqoWGaIko/m43T6Mas7xVFtUzjOKVJzfp+GkajrkYpyjGNa61Aa2lnrd1s1k/jqpQatYBBLaeI2oYxQl0tY8soUUrkNB0Nq77rW07jmDVkJ0I1Mp3O1lo3n3V9r5ANthVRIkTpOkIRkiqJIlomwk4jmltrkCLSLZOcxrG1rlSTxrXWNrZxnEqtEbI9tSEcta+1Fhtn85QhpSfsKCWKZMZM3IqKiVBOuJRQKLON4+SciEBOp1BRkVCJvq+2CWw7iYJKtHEax7EoZrN511VJtSsiMLUWT9kywQWNmdmyVlRUSmnZWmaRnIRoSYQiIqD2PTZpSoVmUpZqTK2RigjbUkSETZQgpISwM6fWnFlrkRRQSrR0dLVGncYhsVSRLbk1J3IGmtQKGteD7b7rIYdplFFItYKmaQhQrWkyWyFU3NeuUJMch5YkaDGft9acGTVqVFRaTsKCbBklsKdpTFFULMmkJBEqIa2mMdxUemXLBONQQlUQjNOUmdgq3TitaVlKSRwq0alKE450rTUipmy4dLW2dGtNzhJlXK+JKBGtZZRi08appaOGFFNOq+WyjUM3m8/6XqFidX3XdUUhppxycuLMRJKTFqWiAlOJgjyOzTlFKRQVR5TIzKIyXyz62ayvXaaHYej7OXKma6lRy5hTVwqKKAqEJlRK6dowhE0pESomSlVRV8u4HrpSpYCMoii1dHUcp2ytRiwWm7N+Nk5jZtboDMM42m09jrUrW9s7x7a35/PFOI0KtZYhuaVK1BrDOLaW49A2NjbG1qZxdLZSaomyHteSy4d94PssDw+7rtvc2Oy77uDwaG9vL1SysRqWJUrXFSJK1FKClqUvhaJapnFcrYft7c2wDter1tLOTEqoTa1NaScZ47RuUwuFlVL03UxErbUU2VlLr8BjU6VQpnHdknEYI7SYdU5ac60dIUokBETUZo/D4MmOqAGKIFprEYHcptZ1VREKlSJDs8EKISlJZ19L1/U4VQqZmW2axr7vA8ZhSIhQ5hRSEwXSE6j0fUGl60qp9lRr30envkqKpNnjeqy11FJac0RBihLT1LpuJqkrpU2T006DIwKijc141s9CkXKxu1KRxrHVrs5nfVc7cIBhmiZFjSiCcRiBWso4DDYhRFhBji1l0tnIDClAdilR+85krcX2uFyVEn3fT22Clk47MaEQ4UxFdHVWakk1J4VSq8apSTGb9SVqiRjHYWqttQlUolYpkQS2RKkFwqRKqUQppUjYY0vJXemSDDSbz6apRQmQRDaXvqaddq1d33V938+6DjO2cZomp8usdqUnE0DqaheiJSiLiYhSayGGcXRrIdlMbXCbbGWKyEwXiJBL1FKdqFYFgUrUUKTc1dLwuFrXqHZOw6iu9n2/XC4PD5aL2azOuhJRVMBRqmWpdLWoRBvHqSVg59TGWktXeyyhqICnMY0Fbk4sSFtyZpYiJ4pImzapFCS3ZmeUCoxtcjqqAtkOqU2tZdZalTSSZHJKhKJGKYpxbKv1qs66opJ2prFBtZ+1NmW6dp2wFUEEARIYxtWQbg6KikKK4iBCU05RihShktitTa25tdJ3opRa056GIULZGtCmKSSJEh14vVpPbZr1s6m1lLtSkZxpZ5RQyqKUyMwIScrWAvX9rJTaULaGGcdRMOtnCk1Ty8zadwERKlEl4ZbTsHtxf//ihdL1G7OFYblcLperxcZGpjOTls3ghKJawAVFDU+JMlQhUWTm1CZlSFG72s/nfVfTKSlKIW0nEqbva1c7CSGnm11qnfUVhW0gMyOUhpABJCdIgIEwaQRGCgLSVmtNyDC1VkuJkDMzM9MSmZMzRailZrWWvtQiVEIqMbVMu0Y1aq21NpGutas1FJFyqAARpBMTJZrtnLK1cRgiSg3SiWq2CYFKyymtoshMTK2lr93UkmzpjLSiECqlRlEAEdkSqZQy2ZmJs0ZFteVEuJbOaRthT7kexxARkS1tlxJRaind2KYkmVIqtastW9pRQp6c1Ko25TCOEdTatcS2FA6CUopshKapAVIITGajRhil2zROKlH6WksFjLLl1Jps1RJ2KSXt2kXLHNdj3xWhnKaxTV0tJGkP4zoz3dxyynS2FlFKicxMp5DTztZaSqq1qypJRim1FtAwDoEUAdS+D1RqlbCpXS21Ww/rUvvalXEc+q4QpbWMUClFqlObVkeHpXY1upbTOE0RKgoLSYJMpmlYr8au7yDHnGbz+TROmZRQy+xL7bu+ZYpsaQyK9WrtnGopmHEaw5TS1doZbEpfkAIbaun6fpZtkrCpKhSRztaQVCMTTw1JJWqNUmtOU1Hpu85WlFK7ElLtSjQR0Zfq9NRG20TgZkSUCE3TSEomTYkIqWXajogASpDCYVqmTHalNmc6+76vKutpzNbm3UxFU8sqTelSCkEUiWhtakMbp7UdpatRNA3rlp5aW6/WbhNRckxnRmhcrtbrdZQAhYhSbSTVIojMxC5Ray1d7Wop4zCoRO26cZo8WUEQ2VooTDhb7XpEiVJqaa25EBE2RWXKhum6vsitpVsal6hd3ysCI1U7W2ulRJtQMJv1RSqlC5BVuoLVxmmaxqia9b1KGXNcL8dsrc762bxfDetaO0yo9LO+lq52nVTaNEaJWrscp2aHgnAapxGttXEc+77WUqUQCVGrQCWiK13abWjGmNliPuu6iDBKYxwlaG1q06xfmMzWohSBoYh0Eyo1BNTCNGF1swosD5el72pVtiy1jNOIDaFmp9vULHWlNDys1utxXWvXdx2ltHHKnEpUAtktsTMUCKKUUqdhGMep1hKlRo1ay+Hy6PDgsKtVhNHRcuj6rutmCo/TZNPaUGtfouztH2W6RExtilLn81mmpmk9m89KiajFhWkYW6bkUmfzrmvTNI5rlRKSTSOnadjZOtYtejm7vq6Wq37Wby62pmnKJJ3r9XpYj9jzxYbb1KaxdH0p3bzrGonz8OCon89wRFEpFSOifPgHvffG5ubWxsYwjbacrqGoJSJqKf1iRqq1LKXgHCZn5jiNpdR534/DGBF10c37fsosoVLKNLXVciilLObzg6PDbLm1sYXIlgqilGkcp9Zaa1GqlMM42SlKesoEZSml1jq1lpldLW1qoUAKwELIHoeh67suasxqkUqwXg9RI1Mw1dnM09RahkqaCsbjmApKobVUKWChiALUru/6WWvjlG7ZQpKUTkXkOCBBGE/DIKl21W5pQiUVGKlGaLVctsxa+1m/EUFrk1DfdavhKEAic0ICFJbCdmtG2fVd6co0TuN6jZA0rseu72sJoTZla1PLhjEuNSRJqhGl1hJlHJqkiMhsstM5jqui2vW1lq523dSmdCul67q6Wq4DlwibUhQljg6OgFKCjAiAbt5lOjMtTW0a14mYz2elL9PUxmFURACWFWBJEVHCdTYbx3GaWq19TqOIUgQRUQQRhaIpW42oZdZaSxxFiMPDZS0BKkXZpqgdtjNns/kwDuv10PVdqYWm2WLez3tREksAfd+pBGZsozK6WlEaBCk5nZkNt0zJtXYKcmrY0XVulKK+m0nCllQcjSYh5JYFARFlnCZlEggionZ1Np8pPXpyS3W1RGmtOR0iKCrK5ib1UWstJAZQhiMdpRojFBJka3Ygy6Xl1FqWKKUWO61ScLZ0uLXJzii1q9UpScMwVlFKTec4DplZa4GY2jSul6V0UcjMNFFC6b6fSWpOoKt9kSyEZmVWaiiKGQslA0hQuJRZ13VVhNGsnwUahiHTXe1rKbUUgTPTLhCldrVky9acOdVSulITZ9L1XZRw4my160NMmbVEpoOYsrVhGlprU5OwAlxLRwiICCxEKX3I4zS2cSIRqAQRhShFVmCHSpSY2oiUUxNar9braVjMZnXWt0xMqaFQKZ1JOWQsF6ES2RylZObUWkQRnsbRktIWUUoJpmZwpkMhCLAFKGh27aosFSa3KFG7bhqGqbVMN2cXxZnjONXadbVMY3O6dDNVhcNyqaGIbIlDEaUGVrq1TEkS2CjSdjpwKRUc9LVIpSTuSrWTdIQSkZl2KVIUSYEbmekoAbYthFIlJGUaHFJRtPTkDMnQxhaKltO4HmpfbU9j62pXatjGSJI0ZcNWdFO2CJVShKf1RCmLxSLtEoEUUgmhKBGQoTpNLa2uxtSmNmbpCmBkiFBIoVpqiYicpnEcEtWuYrds0ziVCCgRhdA4TTRqCQskFWVrSpeqnEDUrkj0sx4kMiIaGaW2bJJqLaHidGZrrUkKSGeUUmuJiCiBUZScsrWpm/VT5jRNCrXmUorQ1MZSaz+bBzKutZSuI3PKVHRRVApRa1c6SYJUpj1NWUqUKBBTTm0ygkxF2G29WjtRKMdGLfN+FqGptRJR+84ADOOQrSliaq2oUhRRppxIg41BbRxKhKKUEumMiIgyDSMJQcup2FFqm0ZF1K4bhyFR13ddraUUFHZGiYgapUQpJUIi7WlqU041YhxHG9wcQkhyomKbWroSMY2jC7VEUWCJls1pkRm1FNym0VKJbj2sMjO6AimHpK50VrRs4JAwmVYJ4cyUZLIQSUrFVgiViCh2Ky4q0Vqu12s7TYiwW5o2jUiKiIhaaylFCqLIuTw8dLp2NdQyaVPWrsz6WmuZnDWidFWQ01S6WkqNKLUU41CY5sw00zRECUQNiZBwkqLvughFFIxKmBynKSebEWotKsQ0TOM4Zk5RilPYrQ3jsFZVKTVxSJIMgpDSOU5TV6PULkJYhMJKKVvabjaykKC1qZRao4QKmVNzKZ26CupKt3v+fFe7WnvVYhjGIQTSahhKlFJCpXRdZ4nW2tQkhNqUrWWUqLWO0whQim0V11oVsVwelarFYlFKkJnZIorlUFSplq45BVaujlbTlE5KH1HrcnnU9bX2/TRNptQSbhCQLkWZ2c9qm5ytdX2tpS+1YCMRjq4IpqmBpmEMou9KS+NMJ6KU0qZWS3GbQBFlGMcIdbU25zhNgUqRk+YcVsucmkqZ9f0wta6vVaVlG1vz2NKeWm4uFrXvhVoOtUStZVhPTa2rNVuzlFPLaWzjhCJQFElqw7huo5uCMBiGcfSYdT4rtRvHYb0eI2KxsXB6bCNOi5zGNrXZxqIoLLJlFzVKUWi9Xq/WY5G2t7dLKQlOWpsaWT7hIz90sZgRZZzGo6NDKbq+D1G7HiGXo6PD1dHR5tbWOIy1SqqlxDCuC6VfzIZhnY1pGiPpZ/Pa94Kj9ZJw3/VRoqt9hmi2PA7jsB6maZpyrLWrEV3f9aUbWpvG9TRNJYqi9rN+msbl0VFr7vu+tcxI3EoEhTaJyFqrohjhtl4PqCB3XREqpdZal0erYVzP5vPaxdhaTllLhNTaVEsUl5YNp4VBTqednqaxn83n8zngdCiaDdS+dl0/rNaH+5cIhcJRutqlG8k4TV2tQO26WgpOiqapke5mfWtpMiQppLoelsNyKrWLTNXOOdYSUcq0HsdpKCXalJlphVqCFTFl1qhRRAJM4zSOQ6kdeMhx1ve1lmkanKq1KEVEyzbrZhQN65WT+WLe97P1sLbddd16HGopXS1TepqmfjYvipat1NJaSlHs9TQ6HYoSoaA1xnGKUmopkghF0MYRZdSudiHCdkTIOHMYp1Kiltpwa621JpsoaStCAhMh0oqYz7opW5Qiau3rNLQoRUUQbpNC/ayvpXOACYtQtoYkpPQwNbK1qZVSJLdMFJIQpdYS2G5ja22a9wsFkqNEV2piLAVTa+M0tbTJUroodRqbgqilRIxTy7S6UktVUdoYpIRxGCZnrVVQS8hOkWRItfZBukhE1JA9ZS6PDm2VqhpRuioEilKs5nQ6bTJd+0oC7rtqydmKSq1dmhCldEQqSpBOVAPoa12vVs3ZlR5ZoAihtLC7eV9L1zKRQoWWEYweJZUI1FpzinBNXGrtSgFGZxeKqKD0NLaWOTkptUioBjBOo1S6Ui2iRiatDbbIRJGtlahRgzSQaYVR1Fqi63GWWqOEM+0spZRSEEUhhMBWiVJrKJytOUHZWqm174qiEi4RSUtxmdOZmdMwOBURLtpYLOaL2cZiS6GOUCmllmEYbUdIRcbGiBybiNoVRIDlaRzGcczm2nclotbOdhsnyxFh5TiMWLUvJQqS0sN6mNpoE5bRMK53L1xaLle1lL5G7WfZSLuWQGqtIXU1Sg1blguRGNN1NUhQlCil1NIRCsicMidQKSUiokSUWmsQIRGSTVqlREQdh3VLahXCDaQoRRHZ7NamcTw8PGgQUSIFwq1EZLNxKbVELaWrRQQtUyakEsWyImy3NqLougqROKSoVaJ2NSIABXZCDOvlNI6lqq1bupWugJozc8xsxoHSZGaEovR9LUiCWjo3S2nbaeOW9LWWiGG9LqVMra1Wy9L1ktOSs5aqTtM0YXW1a5mEx6m1NglH7e20nS3b1ErtDTmNcnR97ercznFYj9NUFArSyIqiUoqMU2ObVkerqJrPNyTZGVItvQKno6slSq1VkkStnULDuMaqXelqUSnCoCSn5mkaUixqb3CbFLUrYVOKS61SkQgVAmAax7G1+aw3ObUWJSJKThklSi21r7WWIAR9X2rpMzwrtd9YkF6vhzYNoVprjYiu68ZhgAx10zR1Xe1LbXa2tNVwVSl9jVK7UhFIhTLlOIzjvOtK1+U0GTfhdO2qmzNT0jQ5SMAWQkFmqkU6VSglJJVSGxYM4zSOkwpuOYxja1NLt3RXu6mNmIjSRckpxzaR2dUi06bmhDQqXa0K2RIkYKkGTRayVCRDKJDlkIDa1a7WZteuE2RrVtSuCAGGTGci3PVdQrrN5nMKSmaLrpQiBAohRUCiKLUvBRFVU/ro4KBGqJZMsmVmRgiww27j1DIzRO16gyUpIiS5lihSkwXTOA3TGH2ptajhTDtbyxzW/XzWdXOVaOPkCIVkESqliFBEZnZ95/Q4jIEdCKsWOwUtcxxHScM4RK3ZchzXirCz1lJKyXHqutKcXe2jL7LbNKQSaK11tdZamu203bp+FiUSd32VAVt0fe1qhx21tvWUEtlsoxjHsXY1KDZNlgkV7GkapRincRzHrpuVCFCtKqFS6zS1aZpKLWA3d103ToMLfTcb2yDFrJ9lprOVUmvXt5ZHh0fC843FNE5Ty1KUBk0lSpl3JTrC05QhulLa1CJKnfUhGUIghaKPiiQxn2+0lklzuuU4X8xt165TaGM+T9sti1TnvSm0FEWAODo6KopuvkjcphYlJJl0S+M2tW42QyjT9v7hQY0SVSH1s76UMp8vZrP58ujQzvUwZJv6+Wy1XB0cHQ7DupQCns/n8/kspykzo9TWpmGapmlAMZ91NBabi3E9TtMYUErUvhcqH/MxH7JcriTaOAWx2Fj0pYtaFbRpaq0JFDHrZ0lmy9KVPsp6nFarZShKidrXTCtUu261XAVazOfr1VLyxsbGehwi1fWdAznttjFftGlqU6tFllprMthEzOusdqWNHsZpPuvTns9649acjVq7EOthtRqmWV9txnEYhvWwHtfr1cZ8Vmu/Wi1Xh4eKWmskbi2LyjhNSteuRAFHcyJly9amIFTwxOSMUqSoRVNrhlDk1Lpu1teSjbG1iDKfz2vfTWPSHF3NyaV2AUJdraV2LVkOqzZlrXVqY5umaZrcgNL3s6hSo3ZF2HKJUKg1r1fr2veSsFVitV4tl4djTl1Xu1kXEQeHh5mTVCD72ayUOrU1lEimNpJeT2PLaTabR40cppymKTOnlqGoQaaTNk1RQuDRCk2ZCnWlm8ahRMiMbdrb2621dvPZwd5+BKXWvu8VdVguV6uh67taaoQMraWtiFpC0zRlqiAgokytRYAYp4azlogoOD2NY5uG1aqrdZqmcRxKqYFIRVFX6+iMlo2WUyslglAJI0VM07Q8PJRquo1T67vSWg7jgEMypp/1JUprLSJqjZzALUwD0oootbbWhtVyXGcptesrkk2bWtK62oeQJZlMpBqltWloiailhAD6rrPdhgkcKHOazzq7rFbLRAYpPLW0u1IKdcops5GWJFCo67pAwzSKajLAIWcb1ut519daFcrmKFGiMLllkymlKApkNrdpHNfraVzX0iEJtfQ4Dot+UUqdGPuuL6pdV8dhxN7c2nLLaWqAcWZObczMNqakvqvjlBGS3XKcxolsmRrHkebMRIJsQ2vTVKJECbKlVGtV2pm178DYIqZpJEKQqCtlPY0RdKVONrLtnAxWjRoiFaXgLKV2fV9KSRtUu+pkmkY7STtTIZXAXo+DZGdOU5OxGMehNZeoOZl0VzpJKpFuUQNQLUE3TetauihhWUnpa4iiXma9Wh0dHPZ935zRlWLa1KZxtBWh2WJRa5c5Ral2U4ZDpZSQxvVEpEoExZlpK9Smlm10RIkI1RCz+WxjMZ8telRbawpFiTHT00i69NWOHElloLTHYR2lzOcz27ZbJmAnItPjuM6WtXYKSpRmk1bQnNOYUarJMKXrJKcbmYWCSpSY2pAtJfq+RmCrlqA1jEOQtetFDK1NY4uqaZrW46qLbso2DFPf9X2tU7ZxmrpSVeTmrlZChhpFEbQcxkGoKNaroU2jBPLq6DCTvl9ANlNLAQJl4lRXu1LqOE6ttRJRQnazDW7ZMjOimpxapql4GgYCZytFtZ/1/ayPmm7OLF0nWdT1ellKCakEkjyl0Wzet3GapimiBGGBcE4qRdI0jcItM2rM+k4owXYUlSgGTHOTo9bSd/04raf1WEqNiJbpzDTgUkuxJjcsFSmdEwDOiPA0GRVRapXkbNlaKGqtLScgSolajbFDlgLRPBUFUi2aptbM6mgp1NXSMtertSSpZCKydAWHzbg6Kv1MbhGlEH3Xl77DIJwex0mKWkstpaHS1SCSLBFFimIn6/VKYBU7k2zTGI7aV0UlaaGKJZFEjRoRUWqpqiFFtrRbF7WU4shSSkQZ2tjVKhQSihChEhGtjQTCJaLr+ijFdo2ofR3HYbleu2XtZgpZiho4G2kLLCnbZCAbQsk0jq1lKVJEIreW02TTWgsiitKOiGkaTaaz7+dVMeRYIsIRsknsNmUo+n5mZ1CtiAic4zRmG2vpFRrWoyTklo1s62GaWpvGIVHfV4lxbF2ppXakRKtdl5lTjqEyjm0ap2xTOrtaWsOidF2NmjnZIHelllLGaWw5Qa211K4rpQRM40SollqiSKRtjCwp3UqUaRwbrXYdEYFaZhpJfa2llNYaolOUUmzPFnOk1XqtiI3FfJxa1y+iY300rIf1bL7RR9eknDKhdt1qvQoFaJzWLZN0VRCEopQ6n83bOK7HdSBIZ7YGofms77rObWyZ2SahrtRSi53DOIJJSim1hIRQLbWUkpDZ5otFRMEqpSpcS52GyXZIpXar1XJ5eLSxtd2VMoxTV0trSIFYj6OIrlS7jdPUptZFKETLaZpqraVouV7Z6mqd2tRaG9pUSq1dGbOFQqGoNUCQzV0tmQjGaSyKiDIN69V63fezUHEbI2KYRnCEhBcbm8jOqdYCHqepRDgU1NliQbZM7x/ul65uLTZsY/V9l8Y5tZaZrVQh4QYlBPZiMZ/3i2G9Xq3XBVGrkSVaRi2eptr3JFLMNxZtaoroamdpuVoih6J8/Ed+aGvNaSsXG5uy1sMy7RKlBOM0zTcW88V8vV5Oo1fDMlRqX6dhvHjxYrptzGZCmR7WYynRzeYR6udzkyWqgqOjozZNG5sbbZqcubW1NZvP18NgWbBeLcdxql3Z2NzoSu8ihYz29/ZK7eaz+dgmRYQ0jiuVKBHNLpZR180iFCX6+Wy5POq6OqW7vsv0NA2lRO16MpsS3HJqY3azDliuls6stXZdRYgClCAiWlPLbNNgezbvcmqItIZprVTfdbaLuoDSdSUqoqWn1sY2llJLCdtureu7bBkSUqZLV2vROE3DciWpdJ0zpehrt1odhSCi1ui6vtQOq6+dSrGJEuM4rlerELPZggBFKWotJTkb4RI17RA5tmkcohZLddYtZvP1anV0dIiQwa32fe07cGtTM9PUuhJGwzR0s36+scCqXVfV2c12qVV2qGabwjHfmJfQsB7SztawogAlSqyXa0UkrTWXUJSotTgzqkpURISmcWxTltrNFrMaxU6sJDOx7CYU0zgQYUPghgOyEVHAJp1RpLTJZhNgSonaBZKQbWcqRNKy9X1HKMd0a/N+prDH1uyoyjS2qhLbiWmtDdPQdUXqx3Et6PoujUgjJxK22tQyW5umiFANTIkaBCLb1HLq+25sTZl1NmtkG6ZsE1aibC1NX+vkNjUXaVyvm1sflVq62tUqSgSapikiBFQVyWaywUFMmYWw1aaMUN8VW7WWEsVSKnOi67ppWqMwOU1psqAoXWuTiRJ0UWrXm7RdaimlemqNzCkJ5CiBiNpFiaIIWrNUu75EjNM4Ti1b62qNIhMytjNby4xSokShEG5T4tbP5o7ArUZHpmrM5nMyp2kCmVwPI3ZI4zC0liUEslvgqB0RmZYhURTTSikkpVSFbMnqalciWo6tDVJI2HYSUWSyOZJae0Vpcsumoq5UMmBC0cZxam22sZj1PSrTOAzjKmotcqjU0tkZpUhSCQUyztamlh67Wmk4LEkEoFoRXe1FRlEtXUT0tVNIIRtnWtlFKV1FVUBahRrCtNaAritSzcxpnMZxatOQppSCwpMzW+26olL7KkebpnTLNE4oU05SOMmcpBIlooYEiMx0k8M2BMF8NleJqWUoLEIYxnGa9Z0tT1Pfz0pXx2msUaKWdCNKJznCCWSOmZng1hqZzSmMZLu1JtzP+1q6UOlns9oVUMPYQSE8ja0UJE1Ti07RoChChtYoEc5sbrYRQZTQmO3i3qVaynwxdxIQUVSjRACBhnFoUxOezWbOHMcWQqh2JdNARERX020aR0GRIENlWA+27UZ6GBK7qxURhKJg0hm1hkhna5Ok0pW+drXWqTUF/Xwmk62NLQVITiuIUnBLPLamEGArSokIhKxSC6Gq2tq0Wh1ZdF0vUMTYpswGpZ/3XelwAxeVUiKilKIIGQ72D0TMN2bTlNlalEhbQZuaEszYJmigUmuzrawSJbquNzmOYwjk4mK3Zts2QLRsoYgo2dLp6Co4J1tuU6u1m1obpwmBghKySwk7BRGVElJkNghAEpIkwEY47ZatoNp1UYqzqYpUCVprpKMqkBFOOwm1qanUWe0LOO1sy/VYpNqVbJlOo7RLV8LCNlpPg0Kl6yPCmRFypkSbPLm1cWpOYTkkDeNgqKVM2YSiljZOLVNWyBI02oRFiYJtNK5HKbpSA4iyubFI6OsscRunKBG1S7dxbCoo6qz2tevW46qTSlflIBSBkuaWJgLZ1FpU2jQpSolaaxE4KFGdzUQpEREKpYmAxAg8TlMJ2cJEKQEWSgMChaapTZl9LVJBlCiSW7OkWgKIKJSsZXZ0dDCs1nU+Q6jZ4a7UltM0DBFFQVe7EiXHqfQloiBsT1OupyGIqAFElFlXo0ZrmTmhUJBJa8ZpMFmiFJWQur4L1XGc1qsxRe2KbUFE55ymloJSO7c2ja3UAFlaDePGYj6fz3cvXVgtV5sbm7WGQiBMjUIQEaXU2XxheRjWIhA5TrZKX2sUkxHRlV4huw3j1Kap73u3BKZxlNT1XcpTM5ml1n7WHx0th2kotYQ067upeZpG41q7aRzGqU1typY47OxmXbaUUZRxnGpoGMd025hvBpkNasz6RdRydHRUam1jm9rktApuMm0c22Jjo5aa07i/t5fo5IkTSE7VolJnAuNSotYyDKuLFy8eLg93trYUcbRcBlYpVbV8wsd8eF+qRETXd3VYraWY9T2hbK10VdZyeTSsByu7risRw3qoXSfi2Int2i/Wq3VrU4nq5q7U5Wpp0ZXa3I4ODrr5bFZm62kK0VqqFknDehloMZ83gzk8OGqQUxunYRrWs34m4TYRHlYrRChm3Xw2XywPV8iLjQ2BaJNbX7uu6/qun9pUTO3nIbpSVULNKVpzLWVcD5i+32g5hYpCNUprjQghkVFqLaFCSLV2pEm1lk2QGRHzeZ+Z0zTVWjJU+pltCzeXUOk6wBSUXd9P44TdzWchJDY2NtM+Wi2x6qyXkcLyNI3ZptL1fVcxJgEVur7rQlGiqz0mydmsr10363vSbZxCrjWGNg3roZ/1875XqEQgsjkiutI5yGzL9TDru/lsFqFs4zRlm1qpfQQR0dfeZpxaN1sEWRTz2axla+PYzftSqtBqtRqGsXQx7zbW49TaOJvPShScpZRaIm3L0zQ4k6BGlChOZWs1Skjr9VoqBJhaouvmLS1CJUpUoCiQWhtbm2otdpZaZ3XWckQinTZklKi1hso0tWxNRIiIICKnabValxK179POdC2RlslaS+lKCo+UUqJWpVtOU47zbhYutqLgZBzH2vVdBAgpasm0sVDICtmWndlUop/NuigOZ2su6mrXMmsti9liHKdhHLtaS4RKdF1fuhqhiCjR1S5K1Ajl1IyzpYr6iPU4Duuh67u029Rsg0Ml05kJztaiREhTThGlq6VlTsMYoW7WtcwpJzkiwplpQKFqgRQRJWJYr0pVUaUIZ+KIqCXG1XL30kXb/WxRo5SuphwlSqnIw3pMXEsItRw9UWtpUytRkIVAhOyUKFFCQRGZ05QREaFpGEG1q4mViWKcWjZaG0CkS18DJly7IjSME86IguXWoihRy1YiJAVRulpL37K1NoaizqpJOZqzKDKzpUuRTNSarTVhJ1abpnE52J5aG6fRdg2ZrF0VQhHCTlNnXV9qZ+H0NE0qtJxoGSjlqU1hFJJiWA1uklDIxqG+62rIqYBxalIOYw7jOhTptl6v2pSidF2XnmimgBhaG9brKKXrqtDUGlLtupAkhVRKF6GQjFUUFJNJEsYa2hBEP+9CQdq27NrXsJxtamSOJYpNc+Y0KShE2kFIoUJBDWMb11oigsJsNi+KsBO31qRSa6SdzhLCstMYFHY27DGh72qGiqJ2XYkSEavVKtvoFFJXO4mkpSkRwJTNppgxxxKhKJkZilq6KMWZhoja1QqZU6uhKIooObXD1UqZRtmGWjsIt6m1qS8zk21qzS1USq22bUcpEZFTczY77ay1J6Qg01LUCMDprtR0CqQAmidDiWjThOn7vkjTlNmmJFs2p0NBMo1jJiFwIoVES9eY11mUIiFwMA3NzohaomRmulEKrbV0X7uuKyG1TClmXXUqFOO0TiOV0tUIsmVmKpCLs5Wu67sKhCqgKKK1yVObxmEwrStdCpzDNIUgQlKtnWCaMoISNbEi2jQiiygRCpVag6KSitrXasVqtVIAEkQUBeBsrU3N2OlxHGuJWmtrLUmVKrnZUoSEmdrYsiFaa12pmWkDlNJBkM3pYTW2bF0/77oyTROilpr22Ka+1BqawE5QLaWrnaMg+n5eao1wVc3EOEJ9qSU6idayZUaRG5huVvt+DprGMQ24tSmEVGyU1FIDBGFQLo8Ox6lF7eazimwotabddaXWkumY94vZPJ1tas1u61FVtXZkG9dTKWTLNraWLiVkqURfZy1bmyZJJQqAk4huNqumeWotS5VcojC2JonQNE4ukqO1EWhtwsaGLFEkjdNYolO1E7dUFIkopdTqdGutlFCRpGmaxhwzJdTVWmolSaebW7aiaG2qtajWtGspUUs657ON+Wxm05pD1FopsR7H5lQyTUOESqnDONZSo5SoZVpP0ziVEtihUmtkS0nDNAj1pY6tDeOIsAWIhgIjA0xtcssiRa1tGsbWah8iolCiRjhgmpqTCJUo0+T1+iiiCzy2oUqKAm5tKtRml1JrV7DAi/nGNI0tHREOIkAxjU1Qu9lkt2m9PDi0pBIltJhtNE+1Ru26vf29ft4vFosp3TJN6/qZkOVxHKapSepr39y62pXSr9arKAQxjGusftZ3XbeYz6xikVObpnVEtGylhEKC6KLvZ6GYxkFVCreJWqN283Fcnb94oY3T5ubCSTJJbskwjJnTNLrvuuPHjq3XwzhNs37W911I4PLhH/w+ps37WSl1alPLLH3JxjSsrQjR2jQ1bW5uFAVIEQpFlFJLKTVbq7V2tdS+G9vYPAm11rpa2tjW47g536wlJNVa01mjOH1pf2/v0m6d9aVErd1s1k1Ta9NkOyQ75/PFOA2HB8vWWtRawHaJrnmstQPGaYyofV+n1qZxlFxK13X9crVsU7NbKEIa27SYLfrZjCBKCZU2DYvFPBRTa87WhkGKKDGM42o99H2JUiQplG1KXNCUmZkuGtbrUitEa1NOTreuq7WrqRAC2jiSLmjKMUqddcWQmSVUSpRSur5ms7OlM6K6Ubro+/7w8GhsY05tHIdZPxumhjNtJQgnpUS2zPQ0jg5sWuZitkBRShFKT0ihoqpMD8OazOapRp11Xand1LK1hFTUru9aGqwIG9wilM3DMF7cvVgkotQopRbVQqmZzPq5nZlZanRd11pzOEKGaZxo7mvt57OiyGlKINxaJmS2THd9LwnTdX3S1uvBNiQWOEJdrV3XASi6qNmMstQuIpw0mkGWiyRIopZaI6JiT+MIlFJms97ENKynNpVSsds4tUwjT2OSUUsJi1I6FXV2G6eBooIUqrUoZDJCpSstMxsRApVSQgUxm/WZxioqY06tNaNIGaez9l0mOKdpaFPWrjNAhCJRKHCbWtauhmhtrLVEBKm0s00RUlRbXUSpJa02NUE2NzvkWjtgWC0REWptIk1Ettayla72XU2l7KmNULq+FoWKbZBq6WotlGhTy7SgdjWIg8NDu21uLLragQ1uIFfVdMqWNLWGHBREplUUQY4tjeTMJgjKehxam0pgANdSAJNAKeHWRhMKZ0pEVNGkCGopCkuSQoFqLYK0LSFsM2V0JRRd37WxNVuKUjxNuT48dKYLoKiVUJFqVIWIkES2abJxQBSGqU3DIEVXa9SIUqSQQiJt0rWrXamS29Qmt6KCjXNq4zBOIm1UokSf2STVEohml6i1FAlBc3MQRiFM4IgqKU1RSTs9ZXPKKNwaYmq2XUTLnMYpakhkGlNKR6SHNKlSZrVr4Rxb2n2pEVGiRCmCUkpLp7PUYjNNk4ikBVEVzQ3ouy66ipVOkxGSIgOZ1hwqIpwtShVtvV4P4yAKEc6xRIlQICQ3q1ONOk0tIrq+mpQ939wSTFNrblNrmGEcS6lRi52zfpaZy2FUy1JKqZVShYkyjkMppdZqT1N6nJppLbOEQoQ0jmvhftY7I2xKYEKMU2ZzV+u4XqVduy7TBDZICikCZE/rcRyGMUK1nwmBQNmGtELRlUqEFKWEC5mGlNQyA/W1uk0t6WrXdWW5Xq9Wq1Jk4dZKFLsJEQUyQhYGYRJnUihSa+m0SpGw6bsapYzTiBEehrHrekmtubU2TdOYUxum5klFrbWu6yRymqTIdGtjuvS1osAMbWzZJI3DME1TOEpVqKSnNKUUknGculDte2emRWZKfRctNbYRiKBN2fWz0lUbS6FiZygUOMnMMLPZXIWIKCVKKbXU1lqm57N+Payn1pyy1NUSUUJyOkQY0NTGIFAEUSKilDTpqXYF2SgU6/WwXq9K6RRuU5a+qyoRBYgSpdZhGMZpCkWJqH1EFGWzM0qREgSZTlIIW0lmawoiCsk0TS2zlC4qtRQkuyHXWvt+btuZQi5Sg8CWhCzVUmsFAcM4hqRSailTy3Fc2aXvumyWSpIqUUstUdKOQgqFsrXVsIpSQxytjgy1lFLrMAxpS2ppNQSNPDpcRqGUStGYzem+m9UarVkkcoAxxnbtO0yUsCNEKThNIklSa225XE7DutYSKn3fFRVFrIe1s0UJorTWokQIYBrH1bguXcxmM0V0pUMKq7UmA7IschzHw+WRnULT0EqtXa0RxY7adaDWWuZYSk3TPNU6o4SJQIiudiqyHUUOlYhQpFutHYoirYf1OA219iVCEWNLnAnZWph0ogIZqkXFZKmllA4c4WzUWhRBEqVamQ2TNYIAQgmiRAGN0yhUu9qmaWoNC7v2pYp0AuM09Yt5mHGYUEOOKK1law20Md/E2Vrrur6rXbaWqUU/j66EStd3RTG2Rk7p1kVnEVGytfmsH6c82D9wjrWWNCEg530nu7WkRJQIexxHT7m1c6yNLUIRoVAtZRiGWT/rak1ZaBpGKQNhLRazrq8ptTbVrtbakSzXq8xWPubDPggiSlmvhtamqNGXfj2uDw/2FRGo1mo3UMhTy+ZWIqRSa1kul0fLVVFJTyRAKGpfEbXUCJRM09igK2Ua1pIkHR0e4TZNubHYrKXLll3tZ7M+BGRLS+77bmyTycVic3NjkVKEpmmczWb9rB/HYZym2tVwweA8PDga1wNByZjNZqWUYRwTtamFVGvtakdoebTqZ90wTFbWKOM0jevJkZ1iam1cj13XgTNdS2RzFEWNTGdmm8acBtVqa5gmKZHS6rqZ7fVq1fVdKaXrShpjCZBCw3pII0iMAUBpz7sqEWK9Hi7unttYLDa2NlvShqm1aZpGEkJtmgqilGmaJEKqtWtjDtMwm82tNg7jNE3Z3LIFilKQW2tRo0R0XVdqjMNoe2oT1I3FfMpsbbQpoSBaa9myJcNqrdDG1mbtO0BSLZ0IZ6tdGdsUUtd1wzCuV2OpNRTD1EJIql1HgLSeplqrUObUdZ1KKTVkatcVKXG2Bu77nsyUS8TUpja2htNI1FKRZFQkFdMiAruUWlC2dDqqghqlDOPaU84Wi76raRSGKKWUUhReD2uctajUmmNDCE9tbNmKojXj7Lu+OYtKKV0DEZm2szVHF2FjITKdzmzZMvuuKmIY17OuDwfRAGwctCZFKYUoXVdyyHFaNyetRYlmt2kIRZrMJKmlLoc1Zmtzs3S9nQJFEKglwXzWR4Rb1nkvVBQIgSRDrbWvszTORrqlSVEUlPSEhSBVaqeQbKdl7BRYkmO9Xg5Hq43trY3NzbSbMxSUImFyXE+TXEItm+1aZ6WgqDLgtKKEoLWWzYZaihRIRaXvOkUdpjEErlHCJlDUKjtpNUrLlmmFEis0jel0V4qF0ZSWrWyZnrKVGqEYx3G9WivU1w6FM1trtZ9FKU662hUFIU8GG0JYKqJ2tdSKnTmVrm5sLEDNOY3jOI1VGocxVKMUCq3lOI2Z7qIYiVREVzvwMA611AjIKUqJQum6WoukKUehsIZhOYytRK19n9nGqUVEFNJZSq1dRCgIVAsGCUUtOCW6vtpq2UJQYHIRVrZMhSSVUhRyZtrGCjkVConMtD2Oq1AIckwVal89TCoaWxIqhKpyIjMjlFhIEXJKtMRudjpTOFu2zGwZxbWrOeYwrptTUVQ0TkNEKbUoopRQBM2KUClAtimKSqm2+1pns3mNYmRbUCIckCKUU8s21b7ru45S3GgWzjZNbcq+K6EY22QbiXTUrutCtTrU9zO6Krfadzm5tan2fdf32VKhIgllSxVJpZQYh7FEhAqhCEVX3JqTzAQnipBKwTmMUxFRqg24lIqEkTB2avRUo3S1An3pS1dtC6Wz1iIV2bKQJNkep9FCxOQmKKW0qTldiuymiGmaSq21lMwpcVeLVGopRlEURGstVGyblFAoTS2l6zuFkkYiFBHTuB7Hoas1IkqJUkqn2khJtdQxW4hMaonWGnZrrI4Ou34WUVfLVZSIUmvXhVgPTQBSkVFmczpxVzW1VMhgOzONS4lZPx/Wo0IlIoq60k2exnFUkaQo0dymaSw1Si3ptIRQFEV0teSUTtcSzixd1/edsRRdXzOztallRoSQLeRaCgqlp7Qk7JbpKW2DRGCXUrJN0zjVrhRJJUgpFKXU2nlqYEkRUVSy2ThKGMCRHt1yymwTQdSu1BAM65WJWqJGFaQs4+ZSIhGS3bpS+66PruaUtiKEXaMrBSedytjGcZgoJQrZWk5TKKLQRU3S2K05rYhwRI2cWldrCpko8phTa3bWUrtagtJoaXtqIavUbC1TEpnUWpw5DEO27PsZME1N4UzGYSyl9rNZtjYMY2A3KUq2UaiUkDWNk1HXhZ3r9Xocp/V6iUJRRHRd1KiZretqy5SotWs5SdRSI4RVSi1dtDHHcZjPZ86csgkk2WkLqKHS1cwWDsImS2FqU7r1XZ9SKGy7TaWo63spcHa1a9nSaSnEFV3tM9uUiWRcSjFUhSRQS4dwNiurYso25lRqtb0e11FKUZ2cEYoo4zCpUWsZprELNbu1sWWujgap1FJKaJzaMI5d7UtoPY7Zmo2VkoT6rhSVIYdxPUaNiIqwWMw2pnFII3kYhzHHjdmGSuAYpnUbjRnHMaemUCBJaY/j0NVaS1mv1rZrP5v1s9lsRigUEuv1ys5Suqil1LI8XGbLrc3N2nXjMNZaxnHIpHzcR33orOumNmW2ftbNZhvjOLi1qLGYb9Su2JaUmbhYBJJiyrG1HId139dSomV2Xd/3s2wNuytl72B/GIdS67Bal1BrTaFSisKzblZmdWtrU1BEN+uzTaXUUguN+aJXlHEYuxKb21td7YZxnMap60oSklq2iMhstZSxJSLEcjUQRk5n13WZrIeh77qu9uth6WYbiZZgtzZFhJwqpXbRd7PWGjBbzKaxDeuRTKMoUomIKCpdiYiIOutKnW/0s643peu61tI52WTmYjbPqUWEiCRVhDSsByXdrEKs1+vW2qLv+vm8q8V4GMeARlssNvtZJ5VseelgfzGfk1PUqKV2fVeiA2rfRaoEaatqPpu11qZhFIpaDNDcQC6lhAqQ1rBchlSj9n3fz+aebDns2tdxbCSQ89ksQgKFNzY3MJ7alFOacRpzmpBrVGGCvu8bzZm1VkWks9Su66vMMK7dspROEavVupQoKplNRJKl1JYt22gUpev6Ok5JpiKE7HRrNUqpMbXWxiGKpjathhFTInAO09R3NVu21oyyTWkUslumM9s4DFW1lBpFblObKFH7vtginUoMOa0ODqWIUkPRdx3kuB6craVLCaE2jaX2GLV0aj2tAZWQaeOUTCWKotjIKRVjZ0hR+q6NY+LadyHJjlJtk1YpUSrSNDUkxDhOEQHZpql2PWJq0zROBuc0TS3JKAXRWiMkvF6vp2kiqLWmFdgRxq21KNWZTgvTFKWIbJmAAhQy4zQSGKejhADsli1KrV0RnlrL5lrr1MauVEGma1WpNSwBCFFradmmaZQIg1BEraVGwYqCFLUG8jSOmKKi4i564fU0YEcoTYnizMwWpSC5tZAUJiJtT1NXu4gStQJhgmg5jVOCFQLsNGxsboQCiCgRSuw0so3JWoqxm7vaTa0N0xihvnYRZb1aLZeHtDYNzRGlRO07BSSZzmkqChQRKrVObRSOUgoRhRqd5JaMwxChiC4hJ4dpnmxqqcM4igzF1KZpGlqmDSZbSrWUgrIlOJGQbUqpEpMdiCiyExRqzVNrkSQIj23KlhKBhKapEU5nWOnWWiu1hJQ5Ta1N4xQ1kCTNul41isrklsOA6KNmQCIppGyTk4jo+zJNLe1ZPwuFUFgOmQgbpEYtRYTM2MacmNqYppRqu7WW9nw2KxHjOObYEqyw02SJMpvN0ppykjGuJVBIwiFlqYEElBIRRSW6KLV0JcqY6SlHZ2aSlkJCqoUoEVO6REQY2yZLlFpaa+M01qgSpZRSSoQErVlkiTLrZ9gkCmzXUgG3FhFFAiJK1MhpbE6MIT12pSsqXd8hr6fm1oSaXZAisKfWsEvXdbX0XTdNWSIIhIppNqZlAsbjepAAWmtKsEdbmX3XCfquby2xTYK6biY8jVOmi8o0DV0UmxIhSRElooClNmbLhplyzPRsPpM1rNe2u67KmlpLtwKl7+d9J0kw62dNOQ1jVwvNSWY2odp1SqIU8NCmruuBqSUYERRDhIbVunRlNpu11kKxWjW7zft+ailFUSkSxNSmvuvalNmmEiVsxJRGYJUSpRThUETpMlP22CanpYhag2xTGrexNbKPzpHh6GpNtyilq3VqGUFExQZmszkqdjroSzUWEAJN40BE7brMZui73m2qXZ0y2zRFBJKlLiJFW09p3LLrChGGNjbbFEXpcsxsKTxOI8JjG6YB0o2WrZSKNJv1/azHqqXUWoIglFNTjdrNp2HI1kotpfZdqVbSdwXcMuSxpY2zdX1p6+G+e++bdXXWz5oMcqawzTQ17K7vQ7ScRJRagVnpXSotFQoinQKkiHDLWV8VYRAotFhshEpT62u/GtYmhaSYzWddqV1XmXJqY5QQJUrt+34aJ8vZaK0JGhRnRtgpUUpkZjFE1KBNLadJoShFSApZRmO6jetau5ymYRgl9bXPtO2+r7V2YxvbONUSUcIW2Gnh9TACtdZsk0oUSbiNHqex62qt3Tis29RMhsowtRIa1mNrrXad0HK1nMbsujLrZ7UEgtbGYaCjlK5NQ+K+67u+Q4zjWORmpxhX43pYl9IN41ii2tnaUEsXES0zSh3GcRyHrY1FV/uQjAPZbjmCbdco834WtbTMo4NDoxKapmYoRSKa3cYpMc0RSqo9ZXOoII/j2Jxdrc3TODRZs74M47har08cO0aJcd0yp5a2cxymvq/lIz/k/Vu2rvaW2zhlJtnW0xBRkdswdX3X7DZl19Vpmmot89mMJBQBs/l8mqZpaiABQUu3KVvL1WpZS50v5ovFvEQZx3UmfV8QkfT9/Gh1NGWGyjS1sa2VWLIUimEabdbjeHRwiDGsx6GEQrIxHscpFLh1tcvWQGXWH9s5ZjOOI1I3KzU6BVIQsjH0tVtN66pSSkwt+66bb2woyClL7Tb6+Xoc2jTVbpa2cYmarUlhG4xcVWutwzRNY6tdL5Ri1vcRONt6vW7pUpWZoghyGFUiFBTCIIia0zSNU60lWxumaWM+76Nbrlfjaujn3ebmZt91mIhiudSeYJqmzHZ4dBi1yzZB7Uush9V6te67XoVaq6jpNk3T8nClLkoptZRpHFWKg/XRkqAoxmE9TNOsn2EnOY1T4pBKV2azzXFYtjZNzVGiqIZkuzXcpiaFCJukZVsuD6OUiCBbEOM4TFMrUey0s5boaq9SIqJlMy3HNrRJpUqEbIJslgFF19UoIVTaNK6HIacWEXZEkWm11ELIlrDlpGWLGl2pIUwIizBYZLac0sJBSDinqWU2oHSlTaNN3xW3tlwuHSpUpKhdOodxymwlopRobioqURX0/axE2Oq6DhGKvq/TNB0sV27Zd13KKkTE4f7hOKxns/k4jlNaETJRC/Y0TiG6KFaEyGxFYaQig9MlIklaa621sc0Ws1Lqej0ul4e1VhIMwimakW1H7daro9V6Petn89kmgVtSYn10mFBKWNTaKZhao7mfdy0z7Killmq7K303L9kcUpqqEl1ks0mjcRqwIkqpFYdl0pZq1FIIqqSWNkQEImnZbJLWxilLLV2tLRQq6cEmW5vaaJvMUgNhVKKElJm172rtMMKSaqkRAJlZSggSFaLO6qLOVMIGW2KaWmaCAwkjGQSZid1aKlFX7CSpdYY0jkNXA0PU+Xzez/tsieyUochSJEgq0FpCMS6hru9wg5jcWsvWWlXtu9LGVmsFErqulhJpm7SlQCpFilJKRGZGhCWcRTIoyEZXQqV4amFK15USwzhN41BKqbUGxWSUYmscBgF2iSilCmrt3drQstYym826ri8RTqetCCHbKpF2QHOSFEkwtqlNE9KsnzlkqLXWUsZxlAiV9KQQiMC25EIFR1ciSmttaBO4tVZUIkKKTDuz77o0w7AupVKN6LpekFNO2aZhSGdRKJBkhLNNCalQEgGSLErEOExumW4TrS91tV4P62VazlYoQEiBW6ZUohSbzDSRbRKEQkWh0kgpIqKExpbjsCqlq31FJMZKDEmUwFIBtUwkkDPTTakopeu7zLSzZZuGwUkOo50UdaVGlRTGtkvpAuzEmbabbZVSEufUaq1kTtOkiFDYjkBIpRiKVLoKJZ2ZLY0UmMxmLEVRRCDpaLnsu05iHMfWiKKu66OvUYrIEiXtYVwPw9BHHaZxY2ML27aNM6tinCbsWrtxHNLZdTO3ZuxGlCqck9MtIgBEZkqlKyVzDOGk1phkyKqSmRElIqbWpFKElW5SSOTYGihCQpm2KF1ROtMtLKuUUkodxnGa2mo91NJNOY3jWPu+qyWihsCttdbaVGqNSk5poYRAklSixDgN0zBELSBLRi1Hp6d0iTCepomkr92UbWoTRiFS/aLK0ZxqDNNQI2YbiyhBGmlWZ4SKIt1IDElzYltSKVFCITXS6RCtOTNLrdPUpmksUUrtcEsIEV1traHAKBTILcdxFQpFTOM4jQ0ps2FCYQKnM1vLjc0NZ+5eOLexsTHfWLS0pGLVWlWiGUHf9zk1m1JDEYISkqRQREzjmJmlFkltbImillKUU2ueJJFON6kQmtaTMu0oRVObxnHCGqdBoVKqMwURRaINjXCt3dRaZLSWtdYQw9Rm3QxyzGnWz8MM2WyHYtbPKMppWq3X6axh26WrglK72WxOLbLT2XW9RVu32pVaynK9LrUibM36GSJbhtSajTKzdl0pMu67Oozjcr2uXYmQW7pNXd8Pw1CqZrOZWytd7boyrMa+ryktlysi+lkPtMm1q/N+MUzjOAyKmJV+apnORT8vXYfoooK6rmbmOE0RJbGMc8qWIhDjsI6qnKbVellLURBRFEZqzZOzKKb1OkqZ9fNaS0SJKCrUQmvq+24+n6XtzMx2aW8febGYpdOZXddnIpgveknZHDC2qU1TraWW0jKn1iKopSuf8FEfOkyt1ui6GcnQhtp1NbRYbJbaXbh4PkK1q1Ob+m6GVfsaUVbrdaDSlXEYkUopSIBNCXlq8/l81vVdV0Hr1WqxsbEaVhcvXKylk2JqE4VxGC+dv7iYzeYb8+VquTpadX1FuEnhIo3TWEtZbGx0pdRS29S6ri8Rxl0pmKiRU1ONjY2NMFGKLLtJpZRCRLaWLUtXa9cHuDjHEal2VYqpjW0cRZQagjGzK33t+9KXIHBKJbNZOTWv1qtspKdMmpHTGQ40NaRxvRqmNut7JEmW+loIsJKMLmoUC0VUleZszWAas74rUSayltocJaJ2ZZqmWZ2N2WiZOU6DRUu3cRhKkYhxXA9tyqY2TfONhUrNTKCEMn1pf7cQs9nCsqS+X0zTeLC/X0oXlWnMzCwR4Fk/q7WoFNkQtSiTtDMdpc76vqtdSM1ej8OwWiVBSBFOZbZ530tqU045SgpJoZza5Jz33ZQWjhKr1VpRhHNqs9m8hsZskmvtW2vOJowhlJnImAipgKLvO6kgIaLWtDIzpBJCESWihO2u1lCpfU3nNI2170Jky4goRKKu1tr3tqeWbb20cxzGybkxnysicySiRMk2YUWtMsMwSFFrh+3mls2i6/qpTbYNiiillFIUCFVFKXWapsl0fSdrGlZSqV0nOzFCCpVSCy0ZVss0tZZSu2LGaexqV2olsXNsres6SsSUELXrG23W1b7rBQ1q1NJVRbTmrnbz2TxprY2Zrn0d21hrX0u1HYqi0lqDHKYmuZ/NpJLpdMOQniZLmNb1fY2KNI2TbCSLCIJAGNUgMyMcUcecQpQIlVAowkHtutIyQyqlgiGcU0jONJp1vaQS1W42QKnVmeM4TM0hhUTJnHJsY0vSOazX4zjV2isk0ZwCIiY3pCDsNEg4s5QwkhwGRaDMRIoCgB1S19V0IqLUriv9vOtnfWvpRpIlaoSMLNkZVpRo4yippXOaPOVyNayPDlbrsUbUri+lpp24RImglDJNmW6ldFEkrChgW7VWhYC+68CgCEWJUgohDHYEabdsbZqcDVO7KkWddQLSdqu1drNFOrOlIkpIIYWU7mrnJG23xKpdV2spEZmupSBNbcpUiTRIYbKoIrm1AEgpptbGaapRSyennFaIbEZFslRqkSLdWptKlL7rM92yzfqeUtyalDXKOK4n3NcuW7Ndaic8TqNbcymlRFdrhCKEDUhyMmVjauPUIhSlEjhRZEvLRK2zrrNDdjefE3KbVKJEmcapdiVz8pSTsxSKSqZbTlKxEhNSa4MNSelr7Xq3JoJsxpKiK7SENKhEmyZaU6luGaX0s5kiWo5BmXX91No4TqHoZ/NSS3U0GKbJSBK2pEm0aVwPA1atnUK1RhAts9YiKRS2I1CUiIpCgUSiUkrmBDKU0pXiUBnH0biWIgmF8HpYC6KWYWxA38+iSI4agUg7M1tOVV30tSj6WTdljtlKiVpL1/cJmVlmfbaW2WpV7WqbhkxH3wlKqSoqpZPdpGpRHXKUSiaEU4llpVW7IgXQWjpdO9ml5dSVqsI0NUypxXbaCkpEm9IQlMxJoa6UFOvVUcucL2Zd7TKdOQWqtRJYRFSsNmWN6PtOFJVIt0zL2Vo6CUWJmFqLUooip1xP46yrpZSxtTZNteumnIbVOkpXIqYpFXbD2Yxbm9qUBF2tlOIphzZ0fe/WBC1brXV0I+lnHSVqrRFVRYmjRpESla6WUmrtaolM165TiWG9Pjo4nCbX2pXQlJMzq6KU2tyKuqgVmHIqJbpZn+OUCW4KSZqG0cpaakTpZ32U2iTjqkINJ8gykozHcYqIruvA4zisl+tERTFmE1bYptSuhFQEUhSFyYgC4MQ5tTZN2UBJsxmHMcQwTVPm9tZm1/XTNDlb4gCJacoIsGutYPWBNaxWtYYi3NzXLgudgsCpqCXspNlZCEqtXVcjjlZjV8psvqHmRgpNnpz0s9rP+3E9DMPauJQaETjH9TpKxWrTqEJrrTWXKN2sB7Uxkfu+c5ootXZpd7NSazcNk1HpC41pGkutzhzW63k/m826bJNb1q6bcmrZutlcAQjlrJtFP1Nrs/lcYvIEtl26ujGfrZarCJyKEl1XhnGahnXX9alw5nyxsbe7lzn1sz6EUFe62qklpYuI6OeziJLOYVjPaj/fWEixXq3Xw1CLutojR6jrOqfP754/PFhtb21mthLduB4Wm4uNjcUwjkJRuymnnLLv6mw2z1T5qA//wFDMZvNaYsoWGVgZrqXrShmHdVHp6oyQgq7WxEdHR9M4RbiqTh6d1L4LRYRlxnEC9bVSCFWnl0eHBplxGGfzfhgHZ4uYrYfB5GxjHkRaW5sbmxsbtXbZpv39/cV8Pl9s9H1RxDimkuVyNU6roLqQzeth1fd9a8xn81Kq0TS1tFWjhNbD0Ma2WCwk5TRNbT2NUykRjpatKDLTzav1khrzbrF/eNjVSEFz33dRS3PiDEc6x3EchnXt+77vsaOU2vc1wtkUMU4T0my+kZnTlF2NKGW9Woei1j6qnKTllm7ULvpupvDU2jAMdkatEoRm8xnZQkIahyGi1K5kGlrpOzIDbEdIpcz6fla7ZlNiHCY5VdXVmZ1RSj/rIooa4zRmpkw/n81mcxTIs1kfUbu+W65WLc3YSledXg+DEYJQF33zhDxNGaiGLGoptfStTev1qpvPuq62sR0eHva177u+1OIkavTRWSgoimE91ghntrSkTLc2jesWilnfk05nqXVs4zCMfd91XS9USq3dXAY1TGutTVNYUcJuCpVZl2Oz6EpBtJywg8jMDFeVWvspM6LgXC+XXd+XIIgSBUf0RRag2tWorbXWWtd3Xd93XSkuitKsNk61FpWarU3Zggh7yqkoHBiqsNQyE0gUqiqzrnZ959Ymu5vVWiLtMFEjs61XKyFFhEpE1K6vEQakUmUr3WxKqEZMU5OYzRdJqrUxUak1SqZVVEqZxnFWu+i7HKdSFaWTMhSh0vddrcWQ2bK51FK7Smaps1Krp2ZnF4VCNo/r9TSNUfqIogjLOeXUpqilq33UaOOEIloDG48tnUzTNAwDpfS1YoUpJdIOFKWCh/VEtpBaa6qlTZPJEjVN2iJq7Ust2ZqbFZLDcqQzMzOcFpbo+r4UZ7YEOUFBcWaAJRGlRimFUMtUpmGchvVq6Oa9JLeWkoAIbCmQmHKcWtQIytjaOEwK175X0NJOG9utzLouasjNNilFVxRE6fvFbCNqqV0hAhPQcBubcRd1HAfkGiUUxmkQMk5la2BJ0zhFlFK6dCu1CDltG+PWnC61dLNZKTXbNE6TkmGc0u77ipTTFKHSdVEYxwnLKGkmIVPpTElTJqFSCorWEuOphQRKu9Qu3dwmS0Cz3VpOU4lSarSpZWZfe4v1ct3IWqrCgDPT1K4QIVNrUQlMVwqQrQ3j6MxZnWdOaUeUsDInrFprKDLdMoc2SUpBqtaQXfpa+pjWUxR1falRVZREpBWUIKLQqapEAWKchinTTaUW29kSFUFzSpRSSykI0tlSaLlaQ5QaoSKls7VMKXLKUiKTEiqlQLRsSJnUGiFwKoQzW6IYnfNau1oJZU6epslka3hqU6sRiqoIT2NrWUuJUuwWUdLpNkaUqbWu6wyybcmpIiUlovR1Wk/NqZDdFNF1Zb1eq8as7w1BILm4RJnNN0rUsbVhHOazPkrBrbVptV4Nq1Xtuggk9V0f4Wls4zgO47qNY5G6riYOlcV8ViIys5GFiJBUmrJEmabJbn2pkqKUMHVWnKSFW1JCRImwulqMW7ZpGFp61ndBZrrva5SaOWL1XVcjsCRHlHQ6FUVRohQVlWwexiEnq5T5fDbrZiDs5mx2mERhLLVpEi41EEBmTuPUpgnCgTJL6dIZpZOBVBFWCQWAIyrhsFSjdp1syBplbEbuSpmmyemIKtGmTLvvuza2dZsUNUp0sxkuKCmKlKJEkFO2NtFIcCklNI3jer1WlK4LpGG5GsapdrX2XUihWA9jLSVBERJFoSI7F/287+eN7LpZV0vLdCKpOTuVRkaplOrmrotpHJ3NVsvWWpv1fcvm9DANNVQiVqux1FK7TnYUtfWgLro6k2me1qsVqSjRVQURhRp9y9ay2Qnqu44gqF1XLEkG1xKShmHKNkYpOOwspapIkkOZaQibxFAiIsK4lGIiAMUwDXZbD+upJcjZlIliHMf1ap0RRVoPazByThkOMtfr9TgOi/kGUGukSDephhjGtaRZnatGopZtmqY2DKWvfdcrYjWMG4uFInKcosyA1rLW0sapVNXaAYIpp6JIm3TX1fVqVWp3bGcrx7ZeraOoRFf7Lp3YEaFScszSVUIFrZar1bje2Njq+qrGlMmUQ5tkTdMAKoopp66bLebzS7v7JUpXu9r1XS3ZZNwynT48OhrXw2JjcxjWF8+fz8jFbKFSqspiMS8lsrWIslqu+75GqOtms65ONukpXSIcymlYLgeR/awXbi3LJ3zMh3S1k9SmqdldLcbrYWyTEd2sj64LIoLWcjUO1WqwvblJaBjHruumccycSu2WR8ui0i/65XLVz/sa3TgNq/VRLWVrYyNKnS0WZDvcP4wSpSugjcU8ohgLhWKYMtt0tDwcp9Z3/dHycO9gf94vFDGb98MwBKEaOYyz2azv+nGchnFUhKBEmVq2NjlbVbUUJu1xGJqniK4vRVEz7ObJWaPUWqtDES0NZNL1Xdd3juKWTtcoKZdSain9fLGYz/q+m6acxqlGRK1tzAhFkXBXK6jlqCgSw3qccoxaxmmcWqulqnZdrWPLaRpDBacUU5tms77r6nq9Loopp/VyGMfRkSXK2KZMkx7bREuV0nVhopTo6mw1rCOiL33Sat9XsV6vx3Ha3NggjRU1nHY2Sx7aMI12drVkunadEIoI2S7BahwlRS1EiXSmh2kAOWVcupj3cyelL7REEfI05DgMTs9n3dSmnLLOuiIRIixrnKZxGksXIsZpmnU9JSSVroJs7EyrqISE1JWyXK2mYVX7vk1j8xSUYRoFXe0cUUqUEmNrOLquOHNYD1GEApS42bXUAoRkyOZsKYynyZA1UioRRUJCptSgRI1umtowDi1TQek6RJTSzfpALVs/6yNC4XCpXXE6baRSinDX1bQxhCNK2lNrMn3XIVprciBBKkotgZ3ZIqJETG7jOE5t6kpfakTEOEyJFMppmhrOVFBr35daaolQa5nZMluaCGEBUWpIoGypUNSS02QUoSjCXg9jKWUx76extXFEBZAxDpWuVuNhHN0mWV0tloroSmfnMIyZUwbZyDQmikqoqJC2wbT0lJOntD2Oo52QiVvzNE196QwK2Zmo0KJEa+lsXVdrrUb9rBbF1BKplKhdaS0RXS1TKqfWd12UIogohOwWKiZVSpumNoySVAvpcWhTm2otWFNOOO2CE1SitLEt16tayrybT20sUfq+NwYyHRGoiei6KsrYprQWs5kzsUu/ULio1FmvnOyIsBRFkmjpaRqJKCWUpIlQjQLK1mwHQlJEa5NTRDSn0hGltalNE3biaZpKjVL6GgFOk86IKF3X97VEaeO4XK6iFqVpbjiQcGs5TWONOutn6fTUUvRRpUgnzQ5q34WilGjZMluNqihRVGuZxkkhWxZTS7eWadVoU07jEKjvu65U7KGZtKSQc2pOBW5tbDSmNFlrmSYrIt1CFZGtEcJKN6dDgVSQndPUIDGl78mWo6MUnDm51DKNE1OTVPu+Ta0NreurULNqKZiWdktkWS2zlFJrLaVGCVmqKgTRdV2dWqt9V0OKOk5DsyNqiVAUFacNsigUS1h9XyRyTMMwjpCSFDFNrU1TRFAsC+OIkEpRRI0SUWrtqrPlMHWzrvZdZku7lM7piFCQzlBItIYKtrNZJWqhNeQWUSLCjmyJPWUWBSA7SgEXIkrNNkma2tiGMaIYY1QKnkrt+66CQ9HGVmqNUrM17L7vS+1QhD21HMfRZHqKRgopZI/jaJBpmZIMU0vZuNgtp5SIEnbL1lqbsuU4DqWUye66UqJvuLWWaRyJaJMdCESRVIAA166GIhQSDo3j2NVuvugjirOthsF43vek1+O6OUnW63UppZ93AIa0RFUYK6JGILfMltmXGNs0jmPpuq7WFNPYkNJtmsYopZTiKYdx3aaMKBK1lkAWdqsRiVRUoyuUKcdAoShSYkxm8+Q2thIyam0KCoJ0rUFLE1GRQXIjwvPZYjHv3ZISbWrOMbq+SC1bZpZaDveP2jip1tVqtVqvnTmOa0yJGNp6Nl90tazGoUR4alHo+plBqrVWiUxKLW3K2lUpEOM4jmPrur7vq0tkZqlRo7fp5jUn4Va6HjtC2dJoGIdpHMdxMMxmM5Va7Fpr1JKtjcO46PputmiexvVYonT9vE3rZoWUmcJRui5KTjlMLYqARGkktcxxGNKUopymJGd1ViKQIkrtZzVqqVG7vuBSSpRAtHGqoW7eZXpqrZRSawzr1TCuu9o5QRqGsUSZz+fNaTvHFlLtopRSojOROdZSq0qbhigRAZakvu+cmXaJ2nWdpGHdwF1Xc2qJhUqJYRhXw5pwLXU9Dl0EEa0hOTOTLIpZ34fiYHnUdf18MSdzOaxrRO1r33cmx6nVrkSUZm8s5mnvXtyrtURXhac2LYe1bNttahF1sZhFCKtlbvSL48d2pqkNy9XYxohozZiNjfn2sZ2QZv2sSev1KlSWq1Vrw6yfzWYbs1nf992UiRUlysd82Aeux3VXK1aR19M0DlMttdZYrpbLvYMopdQY2mTntB4S9bWPGuM0lij9fDaMg1CJslqtW5tm/bzvezuztXGaMrP2vbq6Wi4jQmLWzTc2NySF1c3nzoxSgXGa+ijLYdla29rYmi/m6/UKaWNzqwsV1cS1VNIq6voOCZPOGkXRLY8O18N6NpuV6Ou8CFpLo1oChGhuRVWo77pxmjAR0c37lmOb2mwx70qNiHGYpvVKEW4piCjj1LpZFxHTehhbYnd9F0XjONp2phSTPYzrrnS1VsOU2XXdbL6IUIiuzmpRZhunMacGLrXUWmqdFeW4nlbrVWttGIcwieezvpSS6ZZtWK0Ib8wXpUSpoYhxbLPZrCXnz5/d3NqZzfpML+ZdpqdsESVCLbPWXkWCvu/7vqNI9nxzA6uNk6qEZIY29F3XzebjNM77WUKRVENIEqlSLEWoKIhSu1oIhMMxeey6+Ww+62rXhOyIaJnjsJJKRJAZCkn9bEa61FJqBc3mswglTSWKYpxG5IjITJwqXVe1PFjn1OaLfpqmRH3XZ7Z0yzZJALV0zsmQmZmuNWyMugAEsR5WY05VpXQ1rKLIxpjZ2qCg7zpKUamBnQbGaaJRag2VNo597fuuHq1W4FpVKIAU4HFqIRWFwelmi1ApON2cOO1Si0I4MnNaT6UvraUiZn2niNVypSjRFRtnZjPh2tUgkPquKxFCRNQi7Np1fVebbTMMQxRJMbVJEnaCkO3mbFNztqgR1kQ6wdmmdNqAnc3OVETpamaGLORwlEDR2jhOFpSujOMwjFMt1UJIEaVElIgSkhFRSulq1/XZJsvC2awS2aZxGLu+q6VDjONUS5Sur6XIpD2vUeuMUGa21kJCKqg509QiooYIKVs6jd2VqF3X7DSyElqbxqkVm5DkacrWMqS+1gY1SgSZUliKEprNZiqCjBKhYlmIsCwk4dZMZrYkiiCkdJtauk0RxjEMk60gBa3ZmYmy2ZkgSePUCCJZj6uQatdFuGWOU2ttxJY0jGOtJUpBEVLLDNvCmZnpNIUS1VbUIhjHyZLCtUSzA7AtT2MzsTmfTeM05diVrrmZJLPrOhWlAVmKEkJtGu1UKXLaEIQ0DWNmzvpFCaaWkpBac+1qiFKg1lJKKdja2FgookYxEqSzhqKUzFwdrI7Wh6XWvqttmqY2tea+61QUURBEINuqJYJSaieTuEREKYEQfdf3izktx5bZxoiSpmW2lsgKZyB5XK0nTyUqotQyTVODvtTahSRFiRrOhil9J+FGCrdUuEQpUSKi6/oSGoZJdtjZKDVEaZklomU6s9QaUlpu2BlhU8KolFqqQkZu4zg2Oa3oa0ln38+CGFoT6kSSQqUEznCkSbcoQVqhlglMUzNZoxrLRETiNkxIXddPbUqPOEqJLqptEyVCUcY2GQGSEjvddV3tqyRlI5BissejAZUSBTWpdH2FbC0V4eicmQZnOnPKUmpK2FFicipCptToVBxSRGvN0EybmkJdrZk4bdMgswmi1BKyCsoISQRhsivY4Wxka06VmiZQ4rSF3dowTZJr7SQyXbvOSUtHRO07oWFYlxqlq6bN+m7WzcaW4zgM4+DMyS5ylGhuBjJrrVFrGtIAyG7QSinjODqJ0DSMbRozAXWloJiytbRK1K5OrbX0rOsyPUwrUC1lbJPJlk3pEpFQimrpTUtHLcXOcZxm/ax0tZToSjeRNEJ0s57MqeXU3NrUpkZ0s1mviHQLM5vPWxsmS0XZptayliq5dp2hRO26zsk4DZDT1AhJIiIzJWopVo7jVEuUUovcJhOqEc2OKM5pPQ4bG1uKoE0tszn7rtZS0s70alh5ymmauq6rUSwWs0WbhmGcohbbXdeVKEnWEsIGbONSS9/VqCExTVlDKgV5WK27Wrr5rGWjta5UBNjGnpyUUhYbi2G1Hoexdn2nkgEt+65QSo0QtKmhUMjNhLtSFcqWCtlRaw1Rokw5Wd7Y2MhsmS1qraUqwjIWbgmtJfI4TC2biczWnMCYU7aspa7Ww3oc+q7YbRybCja1KyRTm/r5bDGbrVcrp2vfR0TaaUtky3RbD+M0DVLM+95OS7N+bnucxq2tHck2ElJE4JaS5osZhNtkPE6Z49jP+8ViA7tWjdO0Wq9nXTfvuzGnYRiGcRynvO/cvcN6VWvt531fu6lNU2uZLA/2pjb2XaeICHVd11ru7186PFrW0nVdF6J87Ed+UCEantoYpbi1qU3bmxvDNK6Gde26jcViPa6UjigRqqWO4zBN087mpkP7Bwckm5tbkCHVbjYNq9rXbDmMQ1eizrqcmhTjapimsev6fj4XWq2HYRimHIZh6kqtVSGplPV6nM/m3axvbqGur3Uah+VqVbtSaihKN5uN47i/f4itomE9pCVP4zARzOeLUuPoYBXIodqpRpGQQYFsOVtzo5QyX8yz2c0qJZ2SQtFaS1P7YueUzck4rrFLhEpxc5To+w6XzKyliy7Wq3WE+lJq7SZ7GodpHCJKV2rakhRMLaHl5K7ru65vborAntp6eXRUZ13fdW297mezWuusn63Wq2Fad1GEZ/NFUaynUZLT62kMqbUpnZsbi2lqzrZerQMWi/k4rMc2zLtFtjaO0ziOoAylXbsQZViva+0kZU7r9SApYMqxtRRky6iqKlYq1PVdtnRm1LIaRtkJgqPlUZSaLScP834WUaIwrIdhXDtTCDSNQ06pEl3t3HIYx7RNm4YhMxPbDqqC1hqhtKf1OOv7fjYTpF1rF7Vmy76vAslY69W6r10tkZlWlCj2lFMq1M/6lgzjEEWldCUiIkqUUgo4agiEZZUo2SZPlCJMlBjGqdYym23UPoCWam7T5Da1UmuJOFqvx2GIWrJNraUiIpRplZAUoRphIKLWMo2DoNbq1iy6rhIxjSNOW3Zi930fZsrWdV0oImqtmpqzpZPal6hVuISCaJk5EVJzplpErZKg62rUWmsJQJFTi6B2vW0UkpBwIkXUvuumbAf7h8izee/0NDWKEMNqHVFDrqV3EJAhjynZYaza1QLYpkJKpbVsmdO4LhKo2UGUoq6flYhSQlKU4swpx24+D6uUGNrocaqzOZnTOLWcMhvNUSvy1BwoqjoVipwCFDLR9bXWul4PwtFVN9sOgkJRTQNNUaRwOggFqJaCKJajFEWtJdrklgZVKWo1dksEskgA4SlL7bqutHFq49DPZrWbNRLclW7KMdO2LZQ0mqErotRsTVhSNteiKB1uoRIRJUopyuYoZdbXINwycQnVqrSdlAhKyApn1EIiu0RFTSql65SWFKXaNNN1pXYzZ7Z06YsSGVMUypZpRyghRISGaRJ0JUxIWUslg0BOMCIzE7raRQkEmVErNiDJmZJC0dqYLVsiO0qAcsr1+lCK2WJmF4t05jTN5otSO6GIKEIqIWyXiK6rktKEjFSiILquCo1TKyGnWxuilGwgJE0t5/08Sri1qTVStARZimyz+awrXSgUiFCJJCPkpLlFw3IpNduUeJpaZhKKKLP53PIwTKGANClFqJgspUzTOAzjrK+KgihIJbpagSilljABGaU6c1iPKqVSs7XmQVGmNrYpS+komqZMJRCSYBjHzAwFKKdpallCpXTpwanazZwt7VJLtjZNWUJ97UpXRBi3Nlm0pLUJ6Gqd1uvmVmoXDslja8PRqmVzy/Uwki1FrR21juM4rsbEtXZd11fsdDqxJDCZUxd9LTVK2sVBRGmtDdMUUUoJjGnYwzTVKFFDwk6ZrpvVrpOkItKJ7RaUKBK0qSUuNbIRkhTpTFxrJTNTCkFEKKKgWK2Waq12XQhJU8uWrdbS1VlEtGzjOBp3pWQ2p7uuz2yZTkWJKArVKsJkiKiVoLWRiUyCgh1RSiizRXQlCBWLbtaXiHAO4+R0rV03K7VWt8Tu+r7UmNKZTRRMlCi15mQEljONJCNFYHvMNg1Djill1/eKGMbBSURBms37UqJER7iNDaJ2pbWc9fO+lq7rIiJCs9kMGailZHqYhlKKTa2172q2dLpN05TNZImopZSuOp0pk11X1HVOd11Ixc2yIccxyay12hiVCCtWyyPhftYb+r4vquO4Ttu4RmnTMI3TNK1as3Gpfa2ltdaySYFiVmtEYLKNQLbs+zrrF7WW1sZhvapdKaWWMiuyHelpnFqbMnOKWkI2auO4mkZAIZzr9XoaR9mC9XrVWqu1EyiQJDBpUMhp0hHRWgsiSpSiUsq4HqZsKMJ2GtOypd13VSGjWgvJcrlUYOewXvfdrNRSStTonU0wjq2b1Vk/Ww/rw+V6vpgjJy6EQl2tTs/6rrUpIopiyrTTLUspIYBxHIb1GF2pUWupOTndIiJUnGljMdvou1oljJonkKc0ppRpamBwV7uIqLUuFotSu0pEX52QbtkSz+qs9l1Xatf10zSthnVXOjsNpZaQysd/5If2s761Jql2fRCl1NVymemtjY3ZfNbVfhhH0vN5P99YtGxTa7WW2WJjHIZxHBeLmaSj1Wo+X0iacmiNWkJSrT0m3TY3FlFKTiNSNh8cHizmGxZF1L6D1mxFyZYSpe8sqrVer/f399rUopZSu67r18PQpmFcDZSY9X2m+3kXEV1X54uZorRpwpmm67thGNwcIZBKlFqF29SytaglQpkep2E9THZzYrubd7XIyjZO2dz3fakVaz2s2jjVUjNbtmyZteuyNUVgD8PapnZ9G8dhHKJ0Uti21KZWa7Qph/Wqr3W+WCAT2RK3ls6jg/1a+u3NbSmiFjLSLUKr5VKKftb3dd7adHi0HIcBKF3XdbMqrYd1idKVPpQ26TaM4zSOEbJVVADjvu8lDeOqlq6WwI6IWa1HR8tpmvpZX0pFjGMO66EEXdeD5GwTw3rtRApwLd3UxpyAVrrOzaWGpGyOKERgt6l13azUitVyvVytBN2sK1FaS0VRV0gInLYlI7mWOk1TYBFSItktoYhaS+I0JaKlh2EoNWqdqXi1XOc0tDbhXMw3Sy3pLOqm1Woah1IqJpRRqtPp0cYwjWNE1Bp2Wy3XbcphXGYSNaZhRPTzWVFpUyuKaRoUns9mUrQ2HR7sO93XzkQpUUu1UopAoeKWg0eawaa1xnpYYaUlUCmtjUVRa99yJEFErWMbMilS6aogje3axTSNTmqJaZrWwwR2inCZ1UBtGodhRCpFUhnHMafW1IRL3ylKiTK1KZ2SikKlBJQIiMDCiiglhJqbnIrIll2UKd31XVfqZGRmi1mgaZpsh6K1aRon4ygKka1FkIkiokQYWxEim20pwMhd19dSxmFaro66oJQyjlMpsVyvhtWoUFf7OuvaNLkRCkrKDNPYMkmbRkQEIlrLCNVaM9OZ/ayPErZCTG3C6rvOLRPDNKzHbENXe9NkWQTKlraLSKdNCKdVMGC6rleEUlbKGCSniRK0zKSfdxGMw7BejyXUd72Ka+26vp/GYZqGUPRdURTwrOvlHMcJ0pLd0oaspTox2C0zi0o6ZRUFUheRptk4FXS1pmlpYexsjight5xkSZqmKWpECaW6vrOdagGZlhBM42RTSzdNY5Su76unRIAgu64DtZbpBhGhIpVSxnFtQUsUmTYWajk5s7V0WqHa1agdYNGVrnTR1U5SiChdqQFSsp5GYUq0oYmMGhlk5jS1rosoJUxLt6mVUrLlME0h28YRBHLm5GZgNqvZ1NqkiK6UiEJEFBVKomEa18ujYVwXFYVkyQppmlprLWmzbjZNOU5DLTISIdHGZtR3YadKQEgoSpEyc2qTp9bP56GIiNEWGGdLQJaK3OzWQkUhkc5EKRFgh2lC4GEYu1IVglAJTIkotcOpUCkRRCmBnRCWImwL2ZZUImzaNCLsDEsgZ+07FLKHcSo1cpgstdYw3ayfd/Ou7/tZB3aL2XxWS8EORSlFotRCBBIRLadsSSYolZ6aRBpwTtN6vaalRFGxLCSVli1poVJrSeRModm8G1uGOgmLaTVQFY6EaRzBoLBL7QlFoaggQEh2FhUXOVuEwpFYioiQPKyGQqhEicg2YUIRJVrLolq7WYSas00taUUB6kqXORmM3FpXSlEtfVdqaTkalQhFlFJViqJgp5BdIpyZ2SCjlHBk5jQ1REGZllyidl0Viq645Wq9am42SQaAwMaZrZbSpilK6ft+WK+HNhUVy9M01qhdrXYOw8rJlKPAznGYVEuRMrO1CUotMWUbhwkTklJAlCBp2Rqad7Pa9ZEeW5ZSSo1A62E9tdZHZCqK7IwIQGjKqTW31rpS+m4+uak5SgDjMLR0FwVaGkmrYVVKzLtZZhuGKe2pNTIVtXa4OU1fS4ChTdNqHIXH1uTWpla6rrkdHhzVWu0spY7DuFoeliilj1q6cb1CZXtzo9Y6ThMiJMKZbRpbV3sR6VZqSJHTlJngTOwG0c06Nw/Dys1d6WbzPqFNa0Xp+mrTDCagrzVFqTLUUrtaDdkctYRomV0ptVZwrWFSAZR0I1uojNM4rJuQW6slopbMVDpUoygT5BLVJkqM49TatLGx1cZpvR7SQyndOExd7d08TWPXdZmTpFC3Xq8zW+37+WyjljIM4zAM09icDmHTb8xnXVciSlHCcrVcj6uN2cbxnRN9109TG6YJFF3p+06Ko9XSNOypZa211K7vO6mUWmop2bJ81Ed+cCm1U4QkM4xjV8vqaKmI+cZ8b3fv8GB/Y3vTmcthGNfTcr3suz4ihmE9rsfZbB7SOLRxva4lQkBM41RK9IsZOFuO0xhRkAuhvtZa1kerWV9sh6LWbj211XLZhimkrnZdV5VOGNtYVLeO7RRFKbFerlerVam1dP181pdSVuvlYr5lPOtnEOv1amqt6/oSOKKWUkpMbRyWS0VVRKDWpvl81s36cbWaxtG4hmoURMsmldaak1K6wC2NKCGnFDJT7ebZmqUaQiEsRYRqKeBhnLpZ7Uq1U2FPUymFpLVWohKMY4viEiqlqnkax76vi8W8pdfjGkmFaLEeRxVtbW+amNooq3b9fL6opUiqtWIU1FLtVqJLtVoq9uH+4Wq1SrcofVe7vp8HnrK5ZdoRkelxPbZsUVQiVquVTe3qrNZmSoRCUTw11xIYSRJSGOeUXdeVvmZLRen7WktJXEqxNQ2DlV2tuNl0XdfVMlvMPHpqa6FaukxL0dUuSglEKNsEUrhllqD28zDTNJGyaJnTMJWwFKUIU0MhTdM4DWOVmrNNKZy4DYNpJdTP5qXWKKK5padxkBRIgdO1FFvrYT2O43zWNVNK7epMciahSHuamkqd9V2tfcspp1Zr19WulI6iWkup1W3K5jZOQxtBSXociTLrZ5mtICK6UlVVakdmNqLI2drQKGpTs2woRNRaiprBYAhCUdF6HMfVGskoIiSEWmuldqZ5ylk3i4iptbFNOWY2aq2BkgkphAiToXBmazlOY1XtZ7NQGccxMwsCQ5nNelvOFKBobVSJIiXUKFGKk7QzVGvp+y5KONV1tev7lhMpFQSJh7HhVCHUtcwIBWVYLQW19qXr0mTLnLKrdbGxEaUAblYVUmvjemxtbCFKhBRGtXQt2zhORRERLdOJE2M5087MUouDELUrkkyUKIRCRVHCtJzGqYEVYXsYB4NUQmpTm8ZWSrRxbFBLbU63yaaf9WGG1qY2FYQNYbKf1VpnbRgz06Y5lTauXVcUmZmRbZymcZoyp2zTNIZUomabluuVnX3XZ06haK2lUTBlGiuKSVCJgnAmIdIoDFNr0zgIlVoUGsbJpqjkNCUep1FEoShCRVIBIWGP41CjRFfbNKlWka210lUUkkBRItNSILlltoxSEKVGX7quq1GKW9qUvpbSl1rV2jCu3bL2fQZSEU5lUZWU2Yy7KOBsbZrW05hdrQGkMydbraWDNrV0llJamxRkaxHRz2YmDbV2fVdaZmuWbNFaRi2zxcxuNDcskN1agmqpLTOHSSUkSi0KiSglWibyfLHAAoeiOSu2ijE2dogQiXOaQtHVLrHtQCLTTURmgoVID9M4jlPtSqmlDUOGhnHYv7QP2fXdvJ8TyqmVKFGjTU1SrbWUmvLUWpsmFF3XZebUxhI1E2MV0XAm0HedStikybTTikBhMKalw12UWupquXIg08/qYr6VbnXWoyiltmkcW0YpoIjIHMaxjeOkEA6Um/ONiHCikJ1HR3tjy3npulmfE/PFrHQ1SrSxJTYunQRODCUibRs7gWlsrTVJfZQEKBEFmMahpbvSDWQRQomqyuSWmZnpRDWKgsyoXa1y0qbJKBxWhiKNPaZzsvuuj1Kc2dpIKDGo1lqiSMpMB2kHkpRpIkoolSWiqLMbwqhEKBQhhUpUlMM4tClr3/fdLFsb1uuWTOMQpRAaxqm1CSRCRWnaNAGL2VyhbLazrzOJCCJCin42MwiBJJUSXVRLbk63RLJtCy82FiFFlGxDy8Qp03VdEuBpnLKNCtWuNjunNgzTRPa1R8i2VAqlVIij5bJl6/teqGW2HJyB3ZytZS21KxG1oILAtjRN0ziuZ7NZrTWKxqlNzbNZn/jwcF+h2s3tBM36vna9ApnVem1nV+dUbDIzpyy1tmFoZjafG4/rseXYlQ4cqquj/aP1cmtrvlytlXS1ryLJbtavDlbN7rtZYFldX9s0tmylxGzWhyglEqToammtjWObz2Ym3UyJvpur4tTR0VHt6rx2Y07NWULNKdtWy0SSAtRyjFAgS+NqmC1mpdTWWlf6rqvjNAq6WqcpS6kuTMNQ+9r3fe1rTllKjOM4jqMNaWU2mqQ2js3ZlX7W12kYFSpRhaTsZv1qWK2OVuthPZ8vKChSUpuydnVqYxunUso0NUl93w3DYJzZZCnKNI7ZWiZbm9u11qPl4d7epXGcZn2f2bI55CnbNE2eXLoOU2qZpunw4KD2/Ww2n4b1NIzlEz/6Q4jwlGMb3dzPKmlXTcM4jsN8PitWrV2omDZMzWPb3tqczWaZznTpypTOnBaLOYiQoE1tyhYOS2HX0iXqupjSw3I162dRYv9g2fc1CeP5Yl6jSpRaVWQ8tsmtzfq5gmlqhAJPU1tsLGr0bs2KvituSdWwHoZhDClK1FK7rg7TVEuRPbU2jWsTpXbDeh1FJaQIZyrCRqG+n83n85ZT1FBIKEp0pbZsy+Vq1ne2a9fN+n5oU2bWWkgv1yuc/XxeaghaG2362idZSpXCmWn6fobdMhcbPU3DsK4qbqxWS+O+m5VSogROIUltTGpJT4v5RoRbc9d1ULpOLQ2oK+NqHQQUqxmpKE22XMwXs8XC6dl8Y3NrMU1NmZPdxjFKUTIMo23LkvrNhZoPj476fpZ4HKe+69brdWtTSKRrrW2ckqy1zmZ9UYkaSM5oObXWutIZCZUi0hQJwmqpUqQidTWoma2l66zPTCZ3XZd2tpxaK6UgTeN6ykZSaocJYUVT9l0/jSNus35RaihdopRahQh1pXZd10UXJcg25pRTc5OKaq05tTY2Q7bWxqlIk4cuaq2RY5vcxuXauPbdbDabLzZq7SJqiYpxtsyMgu1pHMZhkFS6UiLAmFKKncM4zPreCjdHiY35XIoaQmQq7VqqsKKrQUJxKCJJRdS+60uNKJh0RlTZNq01k24ZyCWmaRzHcTHfWMznkhMJS6qlRoSkRC3dlZj1fYnSckocteRk2dkyQsVyME6Dk1IrQURIGscWodrVNFNrISeexjE1SVGiazSMRCikyJwk9X1XVDw5s+XUEgJac4QiIkoFCjGbzTBOO01r45T9rC7mG42ktSgxTa3Wbj6fpzOzZWsK9X0vYhxH0v28M3JaoaIgyCmFgVJUIiSNbYoIBFYpUaKM66nrulpLa0ZWdG4tilpObmkcKjY2KlGjyFZRWIi+q1IZhrVFhEwWiIgwdFFV3Bp2ZnZ9ndVOxOQ2TutxHFubNFkUBUU0285hPShU+67WUiJq13elhkRQalcjWk5CXS0GhUuphsxmchpHZ4aUptRaowzDahrHWrswoFqLSgkQjhLC0VWLgmopCKRSuylTpCTSRNS+G5br9XpV+45UmlKiTWOEaq1OD+OAFCJKKVFr6ZJ0kpmWMOCQDHZKGsfRUyqKw12pAS1dokAqZAfGNtkyXWoXcqBm166qlExLTONoW4p0KtSVzlkUZMtxaiGVUkpXs7VQjSjFUlUtVdgJQlho1vfdvOtqZ5GZmVM3m9nGEtHNZq21qA4VN5zT1LKfdW6s24QzM1tLpKgdVhobIrtSScacpkwZqRRJtShNyKF0drU2Z8uEDMJtXC2XfdfXWqcpZ7Ub7QhhLZfLaRprVwMlCihFfe0CTW0KRxTZRiLtMAm2uq6W4tailllfIQRRS4CVctio4BSmn3dd7Vsbx3GacmxpIJ0CQmBbzU2o1h47s2UbU0zjNLaplNiYbZSuSyiiNZOUvpQomUSUWsKgWirhyQBF2aaWqVJJp6XAuEZEkbEQYakYG7pSuwiptGl0piIQ0zjklLUWG09DSp3KlDlMwzS2KArF1LI5kZ3IhUgyE1RLa5YUJSSFCmqOiFI9JRCqkkKyM3GbxtaawzJYODKbk+amzNJVGZmIEjUy3Zqj1Agk+tIRRCml67K1zIaUZBCl1hKBo9RAUfpauyIilaWUiDKNDWfpu66rbllmVaHl6tBErTVxrbWooMhULbEeJpElaoJFgCJm/axEVYSNlUWl9mXRd6EyrodSiiOwENO4TjdQIJMkUTqpdaXLlhZBRAkUKN1aqaXWGgrjsAU2mBJIUSPaOE0TXSn9fFZLtNbm85mTw4OjiDKfzQ3T1Ipq33W2wapdpqMKq5Y6X8yztaODg3Fa2zHfXMxnGzlM63Hs+l6FaWzDMFA06/rJLaesi9mwXhdF1/UI0i1bREHuuy5KFUxTG4cBRS3VzuVqOaxHyREsuoUj1uuhRCji8PCwZSu1jOux1jJNY0QppUvTnCHsNq5HoVIrFNXqhnFrOQ6DpFJr181qkbNKTK21tDMJ932nUMtWazeOIyX6qIlAfdeVvlotSnVig+j7ro1T383GaaSpdjFMYxvG9Wps07rr+q6rXQ2bWuts1rc0ra3Wq5a5WCwWG5ulRBvacrmuJebzRUiZjq5OQys15rP5YmNRI5arlXOKUnKYalcCLVfrKFE++sM/RKSidF0XaMo2TaOntre/f+7c2WuvvXZ7Z+dotWzTMO83FvP51FpIKdrUDCVq11eFikqUKrJ2tXRda62WrpYYpokabRoThaPhouj6+Tiujx074fS0Hvu+g5CkItLrcaqlkx1R1+PgzNls1kxX6sbG1tTGaZpKrbN+plDmVEu3Hkc7Z/MFyeHysIRKrdPUbJc66/s+IJ22+75ft6mqZGvjNIIE6YYUtdIgZJzpIPp5p1KmaapdzWwQkhCGUiNT6/XQ19oyp3RRUWi9XE3Z5vO5m/vSJZmtVUmypFK6zHE9rIZpqgr1tY1jm8YxW05ZalFgg5E4OFhSIkqV3aY2jmMpweTlsA4pZVT6rkeRrQ3jMLRpMV8sFouuq5G01ixaGwh1fXWjTWPfd7N+kc1KxvRi1vfdrE0N3JUy5eTMbJ4tZjlOq5xmfd9aKih9raqZDVxLVXo9DmSLCFtpl5CkyXR9LURzBqVETK0lliNK1K6WWqdsgboupLpeHnlqXe1w62a9DArLB/tHIUohG6iVonE9jm3KaRragDQO69V6iFpkqdQS4Skb05RNimw5tlGmq1VFCro6mzwtlwOo64NQ39XmTFRrt16vM137ilQiMienkacpa62lVpytpYyKgOYMBIRK13fYJu2cWk7jJKhdkWKcWhtb7TuFFLJUokSUaRym1rraZWbakgwqETjdaldbgjKoLXOaWmujVPtZsQ1u01S7GlE8jUMbpvUU865EaVMDS4FtGjhqr1o8OVuWUuqsuuU4NUNXSu064y7UpmGYHIFTs75HtdbAFipdP41jiRIira6LKGU9jtM0lVpKiQi5tdLVUqKNKbnhWgrgAGMcIhRjG0JFpWAJ166aHMY1CoxKiBinCWVIpesiAk+tObooCtkOgZGMItSaS1ecjlCm04lo05SmRggF05RON1RqiYgoETbp7KI0G0lElJBwI8laIyLcRJvSgCZasVrz0EZDURimHFsmpkYttQDzxRxBiEbLKe2uK7WvElIxKh3ZGKZhWA99N+urhmmICBPplFUjEooihFSlUvsuFNglIu02tQgpZDmkaUqQcRTJIWWmbVRkqbUGhFith2G9IjTvu1rK/uGlNnlzayuI1qYoBYSija156rpeUpvGFCVCCttOlQjbLcfMzJYZJYRKKVHUlQimaap9b1O6AtFaZmtRQoTkKEFmiWI7Skl7ailJSCq2QX3X2S2bkQ1OD9M6StSuANlaUWk4SiD1XZeZU6MUSZ5aGgg5W7NksEOaMrO16Mp6XEvObOvlVGpJZ0TFMU3DOEyzvsupTW2KiChhu0TUWiIiomRmGqfb1EqtUaqKsnmaRtyErOyi1Ci1RrOj1Fnf21miZHrKLCVUSmupVHooKqXvbLu12pWu9lHUWiqkEk4ThUyCUmqRCJcIW1YhM2qRaHaY2nUyjQwTNcBRoqu9xDAOIKlEF4JSutqVElFqb6fShLpSS1dWq6OIWqRhGvu+llKanTn2pdq5GieC2tXWpkzbtmmt1aglYpLJjFptQioSJmp0Xelms8w2ji0InEBItqMUnERkS0XYjG3oa1UpgqJqt1JKVbgELTORXEsttUB0tRCEopSotRcB1FK6rkOBjUTmNE4lIsCmtbF0JYLmLNDS4EDZbLmUqIUIWmsyNpKAiIgorU2r9VCibMwXmSmp9LVNtl1KNNuOUgstowTm8PAApIipTbiJMo5TTunMKFJaISmGaZwyS5RpbOMw9H3tug6pKoCpNXLK9JStRpQoprVpnFpiT9mESylTm0TM+z5qTdPaBNgqJVqbhvUwDFNXuxqllBAhKEVRSkSRJLuUUmpxtpxsOYhSNI6jW4soJUjnfD6fdYvV+tCZm9tbi9kimcYpp3EYx6lfzIuUbYoaRTWKW2YIO5MsUUrUUqMNY9dVAtKGYVjbZb7R19IpkKINY+2KUuthaNPYz+aEZPqu1q5M04TUMmtRc07D0FpbD6mCTHTdvO9bWlD7HufRclkiIoogId1qNytBm6YCi9mGAiRsSREVnG0sJbqowzSlXGstUQiGYW0byMz5Yl5rF1C7apMCNA4jJReLjapaiiCmNpWIyc3TZIhaShQRbpmZpFU0TdO4Hmqtm4tF0uRwtBp9X2s362tXiCpyGEanpzY5cxyHw/3DUNne2Jhyask0rMdxnM372aybz+alltUwlqKcBk+tlg5ytVq1bHZGKfN+Vuf9NA5TJoagfOSHfcC872st0zhd3L0ksbGxYbmbdfPZvHY1orScxnGapnFjc5FuoDa29TBubGwM07harmZd31obx3G1XmVqY2PeSSZbuosqMQxt3s8lQqq1jNNYSh3Xy9msr6VMOU1tFLSpzWazrpZMpz2ul1KdbcxK6SQvVytFrFZrSdH16damNo5ZChvzRVGs1kvTFvM5CaKUMk1TthahEupnvZxIfYnWPE1TibqYz6OrraWNW5s8ZUONqU0WfZ2t1muJkJzUWrFqLVhdqdilq5leHS1LKaXEOIxd7adxGtbLtKIItYiqouVycJucCeSUs74rpUzrsfa9IkrUWgvgtEwUlagOa5r29nfPnz+7ubXRdXVaDxMm06ZGzGpvpUiZfjYTXi6PgGy5Xo9dV0otJYoo4JbTYr5hHHKNqsJqvZxa1lIU0c36kEKhUksE1npck85s62EdEZj1uIZoUxp3XddaC0UttbVpHCY7JWVmy2k9jIncJiOphtR13ZQt0+M0NLvvZl2tbZpaa2UWRXWchhJlymm1Wi8Pjzbni9msJ1lPh605TCqAqU1dlBplSjsThWB0E1FK6bpZV+uwHhO6EkTW0qlIUk65XB+VjM3tzRIlSrRsNBQiGdoYRgqFTE6pKGGIUIkunbWrIkKqfbWRGcfW2tR1neVsHoYBU7sSpWKm1tymiCglJI/rYZya013tMsc2tdJ3BrmVqAHGblmiYvez3oLJXe36vpvaOI3T5FGp2teD/QMHXcS6jQJFKRFu0zi1rnTRyZkRShiHcRwHKSLAYWWxMjROraiUWsaxSa01O00oIlobstF3dWqTbZrHNpp0Mo5TjlMtJaRQILpao5ZpvcaEyjiONUIRblZQapnGsSBX5DqNIzJkX3vkCZNjS2fL2lVFyGTLrkSJmFq2cQyFQ2G31lobo9aQWhuLpAgb5BxGBM1ASAoZB9ia2jA1R0SRuhoR1Xg9DOk27/sknRmlhGQiW9qEpAAjUUstJcZpauPQ7JCUBbkrYaLZ4UjTz3pbxkGJvmSzRak1FCW6cVi3wchdqZJA4+SWkyJLnUWUzJTAmsBkSAohCUICFWmastG6Gpke2zCrnaKIyJwymwolqoL1MIzroXQBRenmFhSTpZRZ10cpTsZhQDHv+tJFtqllKxFkTuMwTaObsxmp1j7H1sYp7czsu0LgZhRCzhbYjWkYUWY600IqqqVTlpym5kaoqBqPw6qrsyj16PBQRV3flahJ1hKIllPg2WxmEstkRNSuqjgoXSmKEoSK0tlaC4VQazmsB0ikNuQ0rSVNrWVSammt2SnJmbWvxQWyTWNRWR0drodh3s9LEXKVUkm6tbGUbmuxGMdpdTTUgkQ228I2RGjWzRXQ2jQ2Z+KppatKoYxtCgWok44ODxpsbu2UCKJka9PUaq1dV9OtlNrN5mFsK0JSy9YynSlFTpnOkJAhwFEjCDtFEMqWLVtRsRMJZyiyZYiKpoZEWMOwmsZBKlFKRNhyy3EYFbRsStSVqtIUtRQ7FCqhjdlGRIzjgNVaWy2Pjtbrrfm8n82MsGvX2dM0ues6hVvLEJRCunZVEdmai7rSIxjTIuRau1pjnFqNKDXcEtFFSDYqUUqJqLUQGVYQXQ3FMA4oVUoo6qyvEa2llX3tonStYSfC2cAmUi7QWhqVKIRL1Np3TqeBMGROEVFCtVZKmBwO11JaIZdI1b5EFLW2nlpO667vW5sCR4lSSmBCwzi2qQGVcDPhrta00q6hlllKKExSUBDGCkUNt2YnzmwZUcJaDytlzGZ9s2uJvvZTG6fMWipg3EVJWyETgUqNoBgC1tNYMrq+tjath2F1uHJahXEYaymECIokqSmLamtTphUBYdPGiaradZnp1sbMsJubFG2aFDHbmA3r9TRZkslp9Ho1ZkuTpBOE+r7HrFfrUst8Nkt7ahlEs2zN54vS9fYEnoapOTMRJUREzOeLvussJIdlaTafTSak+WImkVPaTUEbxhKllMhsbRxxTs0RpRa1aXQym3UO1a46k8wIdbNaotQS49icmFwtj0opwzCkrQjJSCF1XS+lrVKK021qpdbi0hqZo+3FfNF3XWtNUu07paeWLY3JNjmpJdo0RZImW5M0roZaVRRTZldKKTrc2yVcOk3T6MwIlaKjo6P1ej1lzmd9a9nXvnTKNGQXvSLH1dDNuihFdtS+7+s4NcKzjU3bHidC3Ww2TVO2zGyk1+t1KbXvOstd7Z2tNTdPEJ4mh1CMw5hT60qRSvmEj/ywqU05jOM4RMTxY8dn88XyaGl06sTJo8PD1XqoJYZxzJahcnBwVLu6s30simoXB3v7+weHpUTUrrWprwFar1cgxNHqqO+6TKZx2NhYrJarg+XBbLZRivYvXUo062eZbWoZlHSWri+1Lo+W69XRbN6lNU5DTm0+W7Rpql1nZ7ZMbHIx3xjbGBGL2cZ6vVyPA2Zjc9NmPQ1u7vp+bAMqERaUEsN6CjNOU5uGiNrVUkuM0zhNretKywyXUjWMw3oc+q5vOZUSJWJqVkSppWWrtZKs1staZ7Naaq0qQWam08wWi83FAhFRxjZly5CcCdRSpmzz+aLWmDJb8zCu0u673oAZWpNMicB29rW30k7Ss/lmV/v1euhqnc/m0zSWqEhjG0p0kLWri/mspZ2gpKh2s8wEulqy5Ww2i4hxmkJhCTIUfdfbObWMAEXtKs1dqY3su74rZbJzpOtinNqwGiJEgCmKYZqcqdDQWtfXrtbmnM1m0zBNrUVoyrSz67radRJkG8axlK4Sk8exTUNO83kXxNiGWnvkcZhajmH6vnO69t16tVrMNyDTUaK0Ns1mGyoxjpPJUPR99eRsE12VAtm4q1UK0DRlkVob18NKKl0/R7GelrXU1lqivuvHaSqUfjZTUZumKEWSW4uIUCRZFImdTjcp2tRymmx3dVa7SnNzoixRSimSMts4jaVUFFJO4zS1VqUoNUJtbAoFmtpUo3a1tmzr9bKoEJGt2Y4IZ05Ot5ymqZv1i9k8TSlRSgnFehiXh4dYtdRSVKIg1uOQLd1sMlCpkJSItEoJSShCKqIE2M1TBDiMuq4rYAduVo7DFESpMa5XkeC2u7ub0bo6m1qrVcMwjeOIWxsdJaJoGKeQamhyZmvjNE45lqhdqVObosR6vRrXayizeS+0HsZQ1FqNJAIyp9EJcpLT2LKV6GpXVEpOTZVaujZZocxG0to4rIYmlRqoZjaTszpDkS1LIQSl2Okp06GQcKaJCKI5BSWiZct0V7uuK8M4ro/WUkQJBdkmqUhlMduguIQUNW1nUkCUUpzNEIAg7GmKiNamcZoyiVIiSmuTCJVu1ncex/XgUlRKIW1KqVVOEYKgOF1KEYGICLuVJLHtGqXv5xGkUyBRokxTc2sqpYvoymy5PmrTOOtnUUobxxDRVZzZpmb3tY+KrTZmjUCsh6HW2FhsJTLZd70CKZAkdV1FMU0jECJq9P0sSlUwDY2QglKKTEittZymLBKWI2qkXaKGGIbBztlsUUqNEkUxtSa5lNLGZtJAphFyiSKVUkojjw6PJtqsdHbKNrFeH3W1zGaLWsJuCmSh6KLDGaVEGIVbq31fa4+c2STVUhYbG33XRYnSdXa2aaoRUoC6rnRdn9lqp1Jr2lMbW7auq7VW231fx2G0AjlCUBQIGmnsBMnKYZxKKbV0s1k/tUxnKb2dq9WyK6VEB9guEQghidbaNE2ZKUXtepMJpRYZGePWElDg1mxKhJEki5ymKDUzW6bkUorVMgGQsUpoHFbp7LpaS21talhGJUpEtuZwNpcSte/GYZjGUTXAmWOxum5WunBTy1ZLTWdEJWzUxlGhru+jSKhNbZwGN3d9N62nJGtXsRA2OFMxtebMEC2zREiM0yBJgGhjAwKmHI+OlpkUhULYLXOaWpualdi4uURBrTUX3NqwHmrt2jT1Xe9MoxoxDsPU3EV08761yWYaJqenccopbbDn/XxyyzaNmcM0tmxRi3OySpFALds4DC1biYIK0NVSa4fUbKUpka05J0XtZx0htzafL6IqM1Ujp9ZaSytC66FN07iYb5TIYZgchpQFDNNou02T5BIls0URii7CdkgQighFZqOZEjlNY7aOWmtEF9k86/t+NidbELXr+r4HIoSj9LWrgUprY5JKldDUpvXYNuazYRyNuyjDOA7D0MbpwsWL43roZ4t05DSsp9U0ZYkoXSfT9TVKWa+WR6vlrJ9HZX9vr0SdzRelqJbicE5ThIZhmoZxmlqttQRpd7M+IpZHy8wmxXpcS0bhltMwSlovl5aMyBynltkksjWCrva1hoRQpruuRtRpGtvY+nkPKqWUKG5T4ih1MeshaLZcSykREQXJgNUylUQIaZrGZArFxsYiW0NkazbNtBxr7Q729perdTeftWkYh7WJzNbPZqWUqbUotHGwHV0tCrsJlb5zpp1uLn0XULpuWK1L7bZ2NqdhPQzrvp+N47rUyKb9g92jw6PZrO/7+SQXwJYiSmRrUmxubK6XS6drX2b94vBgb+/SXlWoLy1dwvP5ouv7vna7l85bmvW9bRuh+WKe49TV2tVaSrTWysd+5AfhPFoedn1fokzT5GygcVivV8thmna2NmvtWhv7+TxqQdH3fYlomZPbYj6f97N09n0tQZvaYnOjObGJ8JSzjT4UioJzzGFzY2sYR9ldXza2NmUv16thHDY354v5ojUPbQpFa9M0tb7vVaKvs9qV5bAU0Zr7WdRSIypya9MwjvP5fByH1nI+n1dpmIZMwKRrX1p6GidChlKEMqesXU/ElAOmGbfJIcGwHoWFFJotFnKmPU0NUUvUWqZpuu++e9o09YvZfN4Pw7AaV7V2iqpMnG0ciWhtamPrao1SEE5K0HX9MIxjGxaLjaIQ6rpunMZSujZN09T62awrXeY0DtOUjdTYpo35fHt7J2l2wzTTdX0GoZhIgJajnWlDRIS0HtdtzL7WaT1YGsdxGEbkaZpac60FYpym2vWlFCFnGttNlMSlVo9NgUo43fV9nc2rVLu+6ztMsyUFStGVMk7TfDEP1XQTjNMUUi1dLRGlFEpODRylm6axm9USUglnYi/mm6WWsBSM41BrN5/PZ33fkqmNzhzGQRGZoChdmfWLlm1qU4RCms1mUSpBg4JqV3JqKLrSTdOU2WqtFGeLWqJIIS+Xy/XRss66vszCUpCWQs1TjtkyFZrGKTO7fqZQOkGhMKAytQmoXdfVSmEcc1yvImpVjRIRkXhyFqvUMo1jLTVxqHZ9F0iBcUGtZbbWmqMWG6UUQsq0Ua2diqZhmMahlhoRRKzHVU6trzVCmaNbRik1glKiFOz1+iCT2peiWrpSYhZFBgpSRCnZRssl6uTMtKBNnnIKqdYCUYrms3lORswXiyIZAQiibG5szvraxpymyTQDLdOpUkIhExFT5rBeB3I4qOAopajkNDlUagW11my3aUpRazWOohLFMKxWpBabs1LqOCXOUtyVGrUUVUHLqSslFQqVKA66KEWBXGtXa8kkhCSQzTiNpRZU7FZqiVKyqU2DcEQVSTKsV9h11skkzBczzDiOEooy7+YKE8qxrVerolrnkc2h0nfVJklJUrRxyvWEadDGBtRS5rOOiHSmVUNRolH6WZSuCxVL2LVIkgzQyLRNDuOAmNUytWYZqa8RfZ8mhyGhRIeCcJuyRpSiUIlS29TalLXrokRzgyhRhnGoUSM0Ta3ZtZSISHIcx5xalCils3Iam91kopRaakhAy2mcxlJq2m5GksKodqXUXiibSyljm1brtUREYBJnZl/KfNaNLVfroev6qDG1aRqbiHTru5nQer1qmTQriFJEpBRIZBrsWqpQmr6fEWrjoK6vpWDnkJQAg2oNFAhnlihJFgUmx4mioNipEDCNU6aNulqbc5rGqGVqbTUMXe1ms0XLRiDb9jgOOVlkKdW25a72BXU1JLV0RBHKloogQrWrVNXSsqVdpK6fk20ap2wtbVqWUmzcPE2tlECRNnYJRxSwIvrSAW2aml1LkcCJIqR0yqRzGifhli3dIkqppdYyTTlOU6ZxpidFdeYIYTuidLWrtSosTcM0TmNACRJPw1BqjVKcTSobW9sRxbjWbspJpnZVoFCbmrO1tKR0jsNku+tqGEfpuvCU62GQojmzTeM4IUGrESohgtbGNLiW0tooAtQybbtNiWZdP+u6UmpzQ+7mM9uZLRSZCZFtSptQWN2si6iGiEg3kyKI4pxUopZiu5RSSykqzTmOkyEzu77Urg/T0rO+l7VcLqdpWiw2+r4HQ0AiIso0DKvxKNRLjONQApWwM8cxihQ1apBqmVLU0rVMW8Owbi27WvouQl3LKQyhTJdaa4QjQjEMQ2tZaje2STCMw7hetmQ+66MWp6eWIcBCTlMkCRwlFFFLF1JIUULS1FoDAyadAjujRFer25Rjdl2XrU05gUiHHFHm87lhGoejoyMUfdfPN/qiouLFYtGVrvR1Nu9lTW2s0UWttmtE7fv5bD4sx+Vq2fezomhutJxac1pECS025pipZelCJsM2s1L6eb9eTVFjNu+B9ThMLVVLpSgIAmypdt1ytVzM+jrrWxtbNtJRaq1dcw7D1M2qiNVqhVtrWUrNloWIqEmiZqvvZiajCBRRsrWcpq7riCmTIizJShBEKTVqugG1dqSN5otZdQzTWLuu62bDuKq1k2I9DpUasyoV2VIOwwThNnrK0ncmc0qh5dFBa63rahunophvLTb7edSiKOOwPjw4HKfRdhRN07hcrTPTwbBeJ1lLNayXq9liVqI4cxrGvp9tbm95cmY7PDiY9X1r46WLF+695x5PU+k6YDbrieI2tcyWTVGmaRzGsXzsh39Q6Yqo2N2szzbu7R/M531U9vYPthZb842No4PDo+VqZ2t7HMZSy2w2G9bLcbJazuYLY2dGMA3j0fKw1DqvPdLR4aHJUBDqard3cGk2X8y62Wp1NJvNTbbWxmEQBvq+m6bWxpFsJTS11pq3t7aWR0ez+SwUUErBAKqltyJzDExzKVKq9N3R0cFd99yzmM8X835sDXCqecIT8rBe4wyVqLXrunRmQzhCUulKTGNDrl232JiHahvHdFsvxwj1s/nU8uBgv+u6+Wy+2JiXMnObZrNZiWqM1S9q380TkhzXY/R1vpiv14NNqWGYWpMSFwXT2LJlN+tqrZBOlRIqkrP0nSJmXVej1FpKV1fDcHhwlNm2trdLLeM0OT2rsxLh1DSN09SAKGFZdsmqEmq5nsY2rg8PDlrLEnWchkzP+24cM6pwttEKotaQ0rSWrU2llLFNbcqiUBQp+lqmZnuCYhyJpYiCSduZoHEcRACH+0cK5hsbfT+XSGWb0lBKUCSFDS2xo4Qw5PLgMD1htWmCaE6hdCMjQqDada1NdpstFm3KbFNEqERO2TKzuURZTUNY0VWhtMdp6FQiYmpZImYbi2lq62EoXSldMXISpVgKiIi0WrYIlVIVKqqlKBNkGWeu12MpQRJKKYapjasVnqKWflZVIhSTk3QhSt8rFComwaFonsapCZUoEbEehq6rFm7uutp1nUOasnQhKXG25nTpat/Nxmlym7qur6Ubp9V6uS61WywWqgU5JxuXUq2oXen7WRHZ3MhQkRQmndiB0i61eko7a19CpU1NRVWlecqWmUmJErEaBpwoQSHNZrNZN8M0Z4mgBK2VrosoBaZpVIkSMQ4r5NlsAUq3NjVCiFKKhbNhLlPfd0UxtZaZUsieJkctpVOhlFKhGU/NtjNba1MoutrLUkSgdDrd1ep0y1ZKRRqGZbZWulpLtKlFLaBaSrZxmppCERKepgkSisMqteUUEKF0ltK1NrVxShtDISgtM7ONbepq7fsuna21KoXszJxaFFuEop/Np3EiPJvPutpZcpsU0cZhcoso8pQZiiYkZDONkxQGkznRyDZNIc37WZuacagMwwCKDPAkO7OWAJWQaplawxaRrUUUhYwBQabdJjARiY2DqH11enl0VCP6jZnTmFJqSBCEcpzSuR4GiYgiopaiEmnsbDm6GVslSlWInBIRpdauUwKSVLvaprTVstVSaq1BRClCbZqcltTA5KzrEpBqKYogUTCNKdGVQmiaxgipFllRSy1lGMepTRPuokTpaleRTWCmqdkuEUFpnlqbailIznR6alkiTAsxrYfVOM67PmrXd7NszaBwGz21pih9KeN6HNtUu7JcDs0OERGKUAmTCqJWZ6boarUR1K5gj23soiul2LbCuKWxVSJqWQ/rsTWJrusIdaW0ZBzWIKQIPOU0jQqVErZttZaaMrETZJUSFqjUGgqk5bgqRHRh03XR97MoNaSum9UIQpBOu2XX1zZOrVklEKp9EaSI6LpaorMyJGQUU2vjOHVdV7oKcsu0o5QSiqiZWWsnyS0tJIHsBJAAiaJSotgCO5OEUlsb+9Jtbc9B4zg1UbtSFGBJQUhQFJRSipxhJXYmyGStteuqYRpHp2qtrTULkohwa7O+SxjHMcQ0TYoYx7Gf9bV0kmeLXiqlFsE0NiJrX0sJ4czW1U4wZSoCOR0Kulqxa62ZmdnmtS/UlCWVUsnEKdwmpzPdIhQSdlGoRDbnNPZ9X2odpzEkSa1lqFi0bLPZvCshRdSyXq2i1p2tYwTjemjOlh5bkxinsZSota+lGJnMoTWPmap9aen1eq1QgAQKZItsmdmytWmcJhOlqDCuJ5w1iqWu63Ly1MaNxUbtu66Wna3t2ayfMscha41u0auplGhu/Ww2TVNm1q6LiGzppHRCMZ/1gnEajWzZBlcVQiSWS+mmYRrHwVPOFvNMR6AobRyjdMWyW19rKSql6/qaLYEaxWJ1uBzHcRpHSilRUCAU0cYxIrI1EZaXR0vZCdGVcRym1rquU4lpHIdhHUTaUcqsnyuUSqtUqczmgYBxGmT383mTg1CQpnZ9XzuJiJBKCUVRF7WWMAiVTqFIt1nfW7Lpu6qI1Xo1tqmvnUQ6j/aPNrd3ulqHYbVYbBnGMZszTJRa+242W0xtGlbrrhYZQqGoXZ3P53JZLg8lzWfz/YP9cWpb21tb29uHR4frcXVi+/h6WA7rKWpdr1ZGmxvbm5sb83mPJaWbp6lN45h2XwuifPRHfECbWu27+XxWo7Tm5dFRN5/PZ3NMlJAwVkQQ4zQ4UyVaqhRsr9ercRwXiw1FtNaIur2x3ZzjuK6lX8xmraWtrqvr9SDIbLXratTmNgwtCJWos7nAUCKODo9KxM7O8VpLBJf29klHqUEbx1ZKiajjNJSqNhm51Hq0Wk9t2t7aHMYhx2kx3ximqVP0fe9sXa0Rddb3rbm1kVDtyjiOwrXraglFRCkqMQ3TbDavEZaAbGm7n3UlwkZSLbXr+652ToTHNk4tW+ZyuR7GZVHXyK5Wkilz1vfANK5D9F3fxjHJeZ33XTcO0zSNoSKp1C6nbK3ZzekoJdS1qbUcLWp0q/VqfbSus76b9agUSYqgpASOqGbqazebz4q0Xg3TNM0W88CjW40IxXy+mG9uGANb2zvR1czRyZQZUkillHEcQtH1fZQAMtO0iBq1m9o0ji3bBGEpM7uuUxScihIluq4LxTCOKkW2QooQSrfVagxF19eoBdLNtXStjcOwlopgPUytpTNVatf34zgVIkqVkErX1Vq7KNH1fSmBFKGjo6MoReJg/yBqKaUAUWNaDbWUUmvapUahRq2tNTd3Xc10tqFlLhaL+WwDZ4MSITFlKxFd7SQVlQgplM5sTqkgoeZcr1dp1xK1doJ0RojSRYTT4zim7UxM7avAJkIQUaIUZUsoSOnWpgZZu1mJyJxqVzC2V8OgUmuoTS1U+lKlsMacHCVsQpqmtlqvxvWk4lk3H9vYUECJsLNNU2smjZwJqBY5ac0hkDKbQsYtnWlV11IjikpkazZRo3aVqJqmtHPMYZqUpqt2EwY5khSAJMU4NUXZWCwAiIgqCdymjIgIpjZF7QqFiEBdraXrZTWcSd8X0OpoldJisQiitTFtoKs1IkCAILpe8piTW2a2bC61QEEW2DmNoygRAeHWUHS1Tq21YYwSWM7mVD/rpeLEINT3HZJbK7UDI1SjlgJRFDaSsKcpqxS11ojV0SqnAVS6OoxtzBFUuq7r5zJIEdGVrjlX65VTUUtXu2yexlGKbBOQduCEaRii1gjLhSAoUaJENR7WQ9dXp1brpZyUiCJlTlNTykGpJazWmlyiIjG1qbWMUmstNKdNCFNKKapdV0rtbCGVqq7vbbpaVCqZtVaFhnFZ+xkGFCWwJYUIKKWWqNPUWk6hkAnApC1FV0qoTNNoVKKGyARQibAwU5ucjRLCLQ2Uqr52ALKgZVNEOgmillAA05jjNEVXJJGWRcQ4rSNqlZoMVjCNzqlFCYSbkUspColAlFIjYsqRnGrtqqJNwzCOpZTZYiYViVo0tczMeV9zSoWmzJD6+VxmuTyoXS2lAoZpatM4YJG01roSKqW1qZRQVDunKRFFxQCuUqPV0i8W87FNbZzmtVNxKQU0TSPOqLXvO0UZV0PzRKh0VdYwjjhrLWNLldKValoQUeVpymwucmtTm2rpShTbJRDFQg4qrU0FR9QIDMMwrYd1P6ulFNuSsCkxjevMNo7DNLblcqlaJaZxmHU9wmaaxtVyaTtKjS5IQBEax0lBKXXKEWcpoYA0YRGl1k4x5TSMUy2VGkWycxhXF86eG8Zx3ndd7aTINtWulyKnySVokzNb5jQ1FZVaSEqUWsOWSshOQBYlpyZJotQSSKFpaqRLLVOzs1m4GTK6Gi7QZDfZ2SJKRGCXroBby1prLSWFRLbMqZUIHC1blJBprY3jOsKldM42DmMqS4SVq+UgXGsXoVpDqiFB2m7OiFJLjSh2m1rDFo4STG5utaiv3TRNpZaun03jMA1DrZ1qBAKmaVIpfddN2HaU6GoZxza0kZYlSmYqFKpdSKWM41QUpXRCskotpdaWA1bfdQIisFtrk1PYmLDSDq3XA1C7aDnZqDCOUyEUkW1qOTlbAmIap8Oj5dZikXZLd7NZp+Kwk6LoZn2UKoXToMyptSyi9F2bJisCH61WXV8FmIgStdqt5aQo07TOZN5362lwejZflK6f9bOQMl1LTbdSO4VaG2rpNhebLVMRNco4DMhRIqw0LbNGUS3TOC2Xa8s5UYI0w9FqnKZhWEftpBBer8apjbVWpxUep2l5dFRKdH23XB0BtZuthnWJ6Ge1je1oeeApazdzy4nsSpW9HieZiNp38+ZUie3NzalN4zhG7UiP01gj+q4nnPZiMZvNepOzxUIB0Nc6ny+m1laHR/18sb21tVota9eXiNl8VkusV6Pt2aLrSi1dt7GxUWqdz2azxaJ2vaSxuaChTaB+1kXpSinOVj7ig953YzEvpVza3x+GdY2wQe66rmWGgsyI2NiYR9EwtHEaF7NF7WuJQmEaWz+b1VJtZv08s9nt6PBoPawXm4thGGcbs2nMlqPlrszsjFqH9QqoUabW2jB2XZ3aFFLXdbZbc2sJLdNbW1tFWq+GUmvXVaxaYhynNrmUkKIrZbVc5zT1fS9pY2NjNutLiSjFUxqVUO1KV0opGtbr1lqNbmpjTqhEKVoNk6dxyqnveqHlej1OY6Cu77quq7W30hir7/qChnFsLUtX3DyNU2tj33Vd36fsqZEoqCEREggMJKgvdbVeqapGlVT7btb34zQiSYzjOE6t7+u4HtbjUCPGYVxN61KqSsxmfVe6cWhRo5baWsu02wQmkGOaxsTplAst9w8OxvV6c2u7Rt/N6jTmahhmsxnhad2kKCFsQy11WK+Hcei6rqt9a22cpgApwqp9V2tBklRqCQDVWrIZ7MBGULteUgmp1Np3JYpQS6Pouj6CnIxivV6FXGs3uVVUS3UJKRbzWZSSzX1XolQ7h7GVWrpS7OYElM0KZBkHUUpxpuUadT6bRy2SotZsDacooSylKFCNgEA5TlFKURddHYdGUBTDOLYxbZrdl9qitdZIpZ1kRBQVFSOk6Ls+grTHaUR0te9rRbKpNULFaYuuFJPZElOKMh0latf1XbVTWFEUlSCzYQmcllRLmdaDlV10OIc2TTkVRSnFmeM4iax9X4laAlwiMt2VYjvdCIKwHV1XotYSYWUmIYSKwOv1UIRUUGYSTYooUqkRkI1SKyncLDvd1yo5al9LIW2JBLLWUqNrzi4KYUVVlMymiJBE1K50te9mvVMWVUWybaUlISzcchqnWns7W7YapRSlM4hMEyEFioiQI6qAHMdpzNbGtEuJvnYhTePU972gZUZRrZ2zTdMk3JzGRO260tW+hCRImexLbXaI6AoJOIVbZrqolAi3HIcJKWpVJjRELTGMw9iG2s1qLcNyuVytqqLvK9Y0NuPShSJMZk62FXK6q13UOrWMUqIop0wQtZSiUgIMQhKlhkQpQVoRUkSJWT+LEkVFKqUrLVHYprUsEYQUOGU8TZnpri+SEyIinRFFUVHmRNKG9SqzzWZzG+dUu76GVqv1crWKkKTZbAbUWkvEOE2tTW52CTsiQKSpEaUr4zi5qETpagU7c5ySbES2sZmmUguAooRBtXSlZEvbtchGttNGJaJZYQgpFIqcGgpwqaWrne10S1sRblmitmzZstaK1TJDUkiW5Da1zAQrAgUtLdo4oohSkYZxms3n8/nMBHhYDuv1uutqKdUIVEu4JXKttZRSS9f1XShEWMo2umWtFTlqFIUdE2MYRUm3EsIybq1hd/O+TdnVYjQOY5Rau84gK+10SgpFqYXWLPe1E2RmiZptJBQRDvqoVGU2mxJlymYETueszlobM7PrOiQ3ptZUokpTawZH7aKTIgp97VSK7CTdLKnWLkSmbcAKZn0XUUmlbbubVZLMrKWiiPSUOZ/1o1sADruVqKVGQle6tGRKlRUW4zAWwgUgImbdfFgPd95z9zAMO9vbRBnH0aGiyExDFwU0TVO27EqJCKdby1BIHqfMKSWVKF3to0ZIkICMPU1Do1BUa3RWk5nNZ9M4TkmtJdsoCiWUckStJd2mNskSGISmcXTiJGrtZzNJdpum1nU1RHNrbcoxBWnbmZk2hUhnLTGbdU5attZGSRFRqhSR2bpSCZwUxTSNJkKRzszM5jTCIGeTFFFqLZmtK13fdbV2YY3TiJ05RYgonRSSUZSYz/qpZVfqNGZmWoRUSiQutQhD5Nhsy8YoIsBOKzMtUfsFktKtTUF0tWYmztY8rtcpjcO6q7XvZ1Ob2tQUESXasKpdP7VszjZO49SESi19V515cHi4Wi+jVMml1tp3KoqoIEltSimi1CnTEBAlMm2nQoqoURIt5hvbW1u1dDQycximUooERbWoDdPYsoRKLSZVS07TOI1dVMlSrbO+60o2d11PpkRr7kqtfRmntlytNjc6RZSIiNLGoU1TCaxYLw+zmSDtcRj7vlZVZBHTOOaUiTOnYZ0tUyVsB2FnqHS1dnXW3NLZlVJrXa8HlQiitbFE7fqQSmujM9vUppxE2B7HBqqlk8jMYTW0aexnfSiWq3Ubxsmt1G5crhtte2trvVofHq2dbRonY5VSoo7jcHSwnC1mXd9PwzTre+P1eo3tbOUjP/T9M9s0tcOjo652i42FW3azviuqUUot6+V6bK2f9SU6wdHyIIJa+pxaV+s4DtMw1K4eHR6OnhazvpROpdaoCmW2cZjGnHJqduv6riiyNUldRO3mR6v9Swf7fde3sbXWMLN+Vvt+9+LF/b29qHVzY7tGaeTGfOPSwe56tepnXTanXSJaJqFA3Ww2DgNF0zSth7Gfz5w55jBN02q96mpdD4NE1Dq5eWpd16lW59SaZ13f8Lhezxfz1qwafe1MgjKzZdZSa9RxHC2PbbJz1vetNUF0MzJrrfP5jHSg1Wp5dLRfawRqmS0ThxvGUct6nATYqiGYMg1V0c36tGpR7WZTZiklotQai9liPu+nNmGFAI3TNIyjpL7vKNGytWZDmzKds9m8hqxYrg9VyqyfjW1sU0ao1DKbzXLyuFqW0vWLRa2FoilpOXXdLELDOLZxShwK0umGIRSlCmRsRykkrU3RdZKCMrUJKIQiHMrWnIrITEqR5DTOFNTajzmJ0tqUtkWtRSJtqbQ2oiprdIsSocCuUSkahzGdXZRQQZ6mJtTPeqyotRDTOCqKTNJkNTfZpa+ka9TVaumiaZpciKjOXLWhi650NWoNY1pXaym1KAxSUNRFIZ3OojAlikqpiYdhyGyzOi+lpLNNY61dCUUpJkmX2rlNtm0UsjMzMTilYhu5TZOkNk2KEhH21JzIwzR2UdJNJiLIhHC2pAXq+lkXAtWuYLWWiupsUkgOy1JmYhvbbRwnjEq42dlK6YRUopQSSGBZRlhypuxUEdLYpqhRo3Z9NSVCNWI9rOVUF6FCgLOUrvZdqV1OY5LraQyEUDhtldqcppWQM22KacKmtQksRUTiNDGvs27er9s4rEaFS9cJpqlFGBtRSwlztFx3XelnM0WIouJpymka+3lXSldqGdfjehqCqLWkaeNExHw+U5JulFKjDsOQpusKAQ1nuqVJHC0b0PXFZjUMmVOJiNA4DlYJLIXJlkg23r1wVvJsPq+lS7dxGhFyjOOQLUUtEV3pUJnG0WRE7WpXJCQMilpriZKt2Y4QRm4J6ZRUokMuKRW5OSUaiFKLsG1hwTi02kVQDLWo7zuprNerKd13JTP7WVfQer1urXX9DHs9TOv1OqQoCkq2abkaStDXWvp+GibkqjBeHh21pO/nKBwuotRKtmEcS6lFpWWTBNlak6KrRRFki66GSbKrfWK7pT3resM4rkoUQm4Yj1OLUJQIUCSpbK1lGteuCtkSlgoyxukUIhQCkyBLsluJagOuJZAADNaUo00tpQhHTOM0DYOihGLKqShajsYRpUaX0KZpNQ59100tsYtKKm0iBCGBFAIrQlLJbOM4BpQoJZRT67q+q916WE+Zs65vdt91UozjYKmrdWhTCJCEURhFTchs6daV0jKn1oiIEhJtSlkqUUWg1rLlVGvFAJaiBsjZohSglFprjRoe2zhNtauSpmlya6mMUtwaia2GQ1FKEdFay8zS1Vq7qTENY+0qci2ldjO3JFT73iLTEaVECKXlNjlR0TBNYWy1bLUEkpzNSTqKwnKzobW2sZjvbG2LSNT3XZSqRBFtaKWLWoqLEkg7ihKJYVyPbSiqNQIFSkWlgFOSp7RUSnUqA08TShBmHFbONPR9kaJNrfZ9m3IYjrpSuijjNLSpYZe+n3ezVLaWttKt72rAOA6llFKjKBoORa3VJQSZWWrUUgNMoxRJoULLlikUwTROLbMoIDJznNbTOEJWFQWZTaFCQZ6mJtHa1DIxUUo2ZxtKlHEcml2KQhFRQJ6m1kZQlCgl3FqTIEyO05pw1/chmu3MKFFUWpuGYez7ms46qxEFSpKtuUQQUYVIoCiW46rlNO/nSNMwRJTtja3aVSfrYZBbLV04uq7U0k9tkr2xsZjGqdSotctsiGEc3Zoos3mPNE5jgFRam6ZxLF0tpXRdVwLhcZpqV6c2NLdItXRgpGFYU+gUYxuHabCloNZqpyLaNKmUjW5W+jK1tl4Nta+11ja10tV5v5jGqbXW19qstGstUUoQEm1sxjXKrJ8FZczsa5nGLDW2trbW6/Wsm3Vd79Zam6JGuCBAVlZJRcM0zeeL2awvUWpXc2o1lFC6EsRsNoNcrYfFxkZL1utViWLnOA5GIkASiYbV0pl931Xq0fJIoa3trShqLaNE38/60lGiFMZp3Jgvaq37+3u1dpsbi93dPSI3NresBAXFJOmu77q+TNOUuJTahsm4SGNO5cM+8D1QzOb9vHattfU4TG3qZ7OWatlay0ym1pwsh3WInZ2dydRajdo0RYm9S5dCSrf1alVLDanWiBq1dF1XLc1K181mNXS4PMKOrkqehik6Tetmt9lsppBKmXUzB0g1FKV0tZPb2BqhEj44OFrMNhabc0JdqcDkBpr1s76rR0dH4Fk/N4jMMWstacB11pE5TtM0DYWSzlL7WsJGMLVMj4paCJxFQS3ZUpKdSDW6cViP01hLSHSlW4+riK7UElEQCgyWVUq6ZTYBqiWKUN/VlJsnhWZdNT48OmyTa5TWJuQ2jYp6dHhgCBiHaXOxiFAoFAyr6fDwoJTo+t4tbdJZai2lC0kYlwjPF7MoVVEUxS2T7KJDCogaDk1ji4hSNUyZTjcL5YSEFP2sK1GcLl0tMsjYJjNtlJ5aTtOgEl0tY7rUUrtqNykkbBMap0mZCKTMhlRLac0RRSKzRY1xGORERVGlBNXSNbmLMrZRznQkbT6bZ8tU6/qSyTBNXUSSzjasx1oDRaZn/Qxp1DhNE6I5syWKkEpfwjGOQ5QStY6rdUQJlSghqUaNUmsoWyOIiIBhHIxDBaehdjUFpGrIdnM6ZQSl1lrLuF65KFQyW5qWznSgqCXTbUphFNkyQiaaU0pbSYpSa+lqF1FK0TiuprEhLWpXS8nmUqP0XWttGIZpan3patereZimKV1CpXSli3Fsw7AMKRwpmZyGsdYiMInCZCnVzqISoVIkgpDtGiUxUmZOk9MpVEsNIqeGFaFUS4zKOK5Wq8PMLJm1n7cph9YEbWwtrSh9rdjTNEmkaS2bJ08ZYONsNYpVSgnMOI7phqPUMo0TLQkUsR6GNo0StXQtLTuigGyF1KZmJUGJKoeKs5E5dbXamrIJh0qzQ0ZhXLtih0ipjOMUILu51a4IkRilc5yGTPqullLVxbAaWw4qZT7rKZraRFoRtavZxobtNk0Nt6B080WNQBBRS5d28yTCdumKmwdPXdcN45RT29zcmHIa2iTV2tdaypQ5tdFQhCXbq3GgtVIKin5Wa5RxGqYpKSUUkqfMMG2ciBJSYnBRcTHpUqsAiFILsogiQ7MFRCkF41pqN+vTrdSa2dbDqPB8MY+INmVma5ktM23QfDYrtZgkW61dpjPblOm0cbZWSnGaUmQIJKRO4dYcCsnjMBBBOp1TmyBKV8NlGIdxmgxVJUpM0yTJaBhHma7rbWhTU9qOCClymnJqilKKjErUljlNU4mqUooiioY2lRJSYJpbpkHKjFLCThKr1GJZRMEO5dhqLbXrJk/TNEzj1NrUz+alBpCZqlEUaYNBKnKmEFFkExERDpUIomQCtiGz62upZZzGdAoN41qmq51wKdVC2KQTBNiZoWJcS2fnNE2Sikprre/7EjFlgrO1iGpFFNVaSzhb1lJr1GxTTrZQeFqPreV81tdaFZrGaZzWCJtxmiQhRYAhp6hltVobutKXUiLUxtac825Wupo5ZXPDIUklglLKeppaa26utUQttrO1xWIuPGQrUTCWQkStpagEUWqJSNymsd9YbCwWpdYoVUWJSqDaYU9uTO5qLbW4TYoISSWKqkKuRVYji6hRs7U2jooYhiFxDUlM2drYEIrIVBhFac3OycnQxuXB/vkLF2ZdL5QRJLXvaw0TQZQS47A2nvWdM8dpnMbVelhDkNla9t2slm7yRDanMeBsDkWEgPW4wi6lTNO0Xh6RlFKji3QO65VE6WrU4szlasREoSslSuSUUpZaa+1EhpQGiUZm6/suYMop21hLHdbrqY216xUYlVILZI62So0aXWttmqaQ2tiI4jY5JGc2FvN5a82GEqWEW1K7rlTbLVsE09DGYei6Lls6VKQxx6KYsq3Xo+3FxoZqcaN0JdNTTov5RleLcbZpuVqTBs9miyjFU+u6jnTLnHVVEYUwbq2JHNbjOIx93xs73Zcu06RL35eoVtboVkdH62GqUbuuK6qlFsue2nK9KqWup5Fm47G1SqndbLVeq9HPZ9M0tTZJgRxSUbGYptYyjYGoVYqc0natpZaiIJ2tta7rhzY056zr5LJarYz72Wx5tGpW13dTm6apKRQRpQSWJIVymlp6GEcFfa2tTcM41lIi3NJFRcahzKG1Vkshok3Z951KGcepdFFUc2rj2CJUpNUwLg8OcFpEKcM4zWazne1j2cZxGrtZLZRxGEtXkDG2a1fbMHR9X0vZ29110dZioVKQysd95Ifu7OyMYzPe3NwY1kNmbm1tZXp/by8IR+lK2dneAlrLya5ARGvTOA191xFRS+1n883FopR6uDrEZVyvJ7cIKTRNLYqmll3pNxYLRbSW09CGaUznbD6bzbo04zj2i83MaRjGiDKbb3R9F6WLonSO0zTvZ/PN+epwPDjY62oXRUFZD+uIkD1mQ9ErFJICaZqmzFZK7UpgD+OwOlzNFouudqXKmcM0gptHOTbm87FNzbY9DlPtopY+M8dprLWqqpYKWh4cTC37rpNkTAjbkzNbs2VqwU39fN515XB5OK7XpesCUFRErV1U41JL7aJENwyjbUVZLQ+3tja7fjZOaxNStNakIMo4DQ4CpFJqWHLazqJYD2Obhlrrej2Qns1mLS3l5ubCRGttNp8vh4Gkdn0UxvVospTSWrbWcAunkSSkbK10pZRiALq+hmIaR6SoEaUUhDSu15kOGUkqyOkUyESEMyMiJHApNXMqEZkZNdxoONMo5rM+ioZp6vtSSsls0+SW2Xel73uypUotQdNytW7TKEnSNE2161tSakkotQqc6kqXbutxwq4lnG0cmkFivV7XUhTR0iZns15mtV5KTFOWEDBNjVLm/ZyIcRyEpADb2B7Wo6r6WRdRWkuFoUzZpqmF6OezHKehTWTLbCoFpwySPanUEtFENTIoaRI4sbPUcGbm2EVBBGEITNE05tHBoaepn/Xzrm/OHMe0QxFFpVbhgDaNRNna2Dwcjmjuu67U6LqOcKhKbpOiqIuirmLnZIXGlpFCkqJ2Qlquh77WvpR0qxF2C5KicUymrBE0Z+bq8Gi5Hja2tyIi7aLAxolwWimpJXSldn0XRgEl3BJFZo7TUKUM1uuh1L7rSmtZShlaWy2PhGoJdV1OWUtxmyhy5jRNbRwVIROlOB2lSCjJacpMy07P+n5sLdPzvks0TMOs72vtJWNkoqjlNGUDdaWmo3nCRAhcailRiCimuUVEjTq1sbUW6W4+a063pJSi2pVu1neBatdHROnmUkSptRZQmFKq0xE1QjZupCeZ+Xw2DOO4WjuJUrq+s9s0phQluqRJ6voZReNqbTcjZ4va1SJsyFCZ2mQctTgtRSlRSydsLEVr49BaOkNSOFChtkwaKq4Ry+V6WA993/Wzro0T6SiFdBc1VEBkKsKZIdVSu66zyGyZtu00GKuUogjsiKJMk0LZsrVWa51yGoe1AbulpSxRIqJ21Uh2V/pShaJIXVdCmqZmmxJFmqYspXR9cWZzRgm1sJTZSBRRiqRonlSiKhShkFsiY0AlNDbaNJYSKpIwgWQiFF1fEk/j2EWptfPklmP0fVEpSZSIGoGiRohhmEIlgCjYNcrURqVDitqlG6CiolprSMrmCEyOOSmUmV2phhBq7rqulpo4SrSpqZS+n0cq5YKQo3QOh2UrM6dpkImuzPqZg2zNaexSIkI5NUmy2tSmNpZaVEpOzaKWTmJ1uB7bOJ8vFF6t127UruQkia6WqTXSi75vrR0eHnZdP5t1lWolIkpRUUEqMY7jOExdrSVCdvOULdfjOqyu77q+Jp6GNbCxmLfm1qYaEYVpchSVKIHSJM5MhJNhmto0CpWuOjyOU3UAzpZOEXICzQ4iPY1tKlGixDQMSlwy0ramNpm0CdWuVonWHEyhUruaranWqCEjheRGzuZ9HwW5r7XrZ0SUsLrqluPoaT2qEIWhtUKUGq21nFratXbRVREK9/3Majm0hmrXG09TKzVqhEJFIYw9rtfjMKiUjY151/fCDEq3xXwBciZAoYsyTANy19VUi1Sp1Z7WR4dlNitoaq3vopTaxjGdbQLjbEb9bC6yjWlJdmtJCCTUsoUxNpRSMqfWWhrZKgEoBbZzyqy164qODpdRpLRNSIRE2I6IYVgrSteVbISyq3Ucx3nXN2e2qetq7fpxWB8tB0u1q7WWtENEqYGmnIajlUr0s76NE1aUzm0a1kP0fd9FSKHa2hCEIyLCzr52w7R2ukilFqFSY70aaq+0x2GqXUXRlWKjKJkuUbqua60R6rra7DZNUbs2TbXWaZosBVLQl64EtslcHq3s3NxcDMPUsinUmvvapR1E13VBGdpAaNF3UQqQU6u1K8QwDNOUUSi1jONaRRYXzp6vXdfP6jRNkA1mXZfNLbMrXTef1xrzWT8OU6ajaNbP1uvVlON8sZgvFm0Yl8ulUek0jdPR4UFmG8f15NxYbExTC7Exn184f/auu+48fuxYrbP9/f2xrUlKKYvFRk7T0fJoajnv57Z3L17s+g7bbqV05RM+9sO2NjcO9vaHcdrZ3rEkqavVuOv62aw/OjwY27S9s7Naj1IaD+MErVJNFomIWsql3V1JteuKIjHKjY1NOzFdLc4cW5t1fek6bKS+64dxGNbDrJ91ta99X8TR0VFXY1b7o6Oj5XpZokaJvf299bjenG90fUnr0qXdqbXNrY1aO9vO7PoOQ9ptiloll9IZr5dHtdSur80Mw9rpjc15iS7tEqVGF9LUXEoUlWxTUysRXde7QHNmtpaHR0d9381qn3baiK52tXYt2zS2IACVQDiztakrs67vIooy0u5mfVc6i4DWpvV6NU5tMZuXkKLKBluUqPPFXFHtKceGQtBaq6WWqog6n80bOHMcm4h+0U3DKIxzPQzT2EoJpK5ESysY1k3SfD53NlAxbZrWq6H2tStFFJy1dKV24zQpFBEYi5AN4zCUKLXMVuN6bK3valeq0q0RpXSKo+W+Yd7PZVqmIDMN02RVutJFjaJis16tVqtVFLpuhnFOtrtapnHA6ma9VDxOisAZESVq4KFNJSB9eHBQutiYzadsEepns1q7zOxm83nfI1ardcvsutqmxC6l1K7DXg1rO2ezhXOyhKg1hFpLu0XIIClK5NRCqqWqkNn62kdEy6y1TOM0TVNXatd12ZzpYRy6qKWTVBaz3opsLdMRlNK31iIUVmYCxtgtW7ZWoriIRNLU0jnKQm21XK/XQ0TYOU3janl4/vz5Umvt67BeR1FXulLqNKzGqXV9nfWzljkOY4lo6dameT9TaHW4bK3NFrOgrMfJTlm1qyJL1CCnqZGWaElrQ3PKCbQxx3HMnOa1c6gNUylhTIRtEEWY2tdhGNbjsLm5JZN2V4vNNI7G3azPaVouD02Zz+e1lExLlmubWraMUJQCWJRSSy0io0rJlBnOrq+llKhVlp1RpNJVqUiG6KLrOoyKIcCkFAphFeE2tgi7ZUQlKOG+X6QtHKUQtKmN05SZGGcaSnhqqVAopBKlWEzrwVLtApfmZui7mSJyyqFNabraSzSMaGOLKJQoJSJKNuOUQlEqMnZaEaWGRUgmh9W6dnVW+9X6qE1DqNTSFSOFxHo9lFL6+bxN43psIRkZsKfWmicynXYCiq6SGRFSRBC1YLm1bHa2ElWSVIiAVqJGkSiShmmqXVWt2RJna5mtKcKJqgJaa4SFUkQpEtM4SBERKrIdUTDgAAeVajKhq904TK1NXd85Wy21SHZi910fEYritMDpBFqTQhGlFivAgtp3gZxpZ5SAyLRw7TowCVWCdCul4qxRJMkY2pS4paeudKHIcYhaZ7NZKeFGuA3DoGA+69qURSIzImwPw6DSd6W0bEQaZcvadc5crsYgI6oisg2tuZSSmbYU4JSi6ztPTG0k0zYhZOxQgIqKBaYN42oYu75gDg8Pc2pd14fCLcecwkRXQgKmaSylZGZTzrp+sVhElGka0pmtEcVktpymppAU6TGiIGrpnZnpvhaFopRaFbVO44A1DatSFKWGMISUtgqKKKVGSJYRVQVFlOVy2aY2m8/BUmmtlSiQY8tKqaVr0zRNrahYIjOilKjNaXtqrbVWSueQjB3ObKRTbplYIhTD2NIZpWtJtla6agAh4ZRoLcnW1V4wuZEpObNlukYttdimtaIiRZKl1swkkyhkjlMrIUWEoTgUSZaoIKHWXLsa0npYR9cViVRXw9i2neM42hmlODVNwzi1jcVGLXIStdQuxvVkmPWdUUjGmS1QysN6EHR957Sg1N64NXvKZFLU1vJovapFs35mKwpRSo0us43roesKwg3VWiJQDuPgRtQQSmcbR4rGaepK33d9a0S41Jppy7XUWqOUmvY4jrVWCEAAcmtpZ2skpSuKINMw63oo4zggBRElMlyiqpRpGrM1JxG1hsZp6rtZlFiPYyklVKzW7AimcZzGqStl1s+EEEb2FCJHr6ehzvqIYonMcRwzXErkOIVqP+tbtjY1FDUETM7axXA4qqpGN47NOWXz0IZpHEtEmzKdRSVqEXKbCIQyG3ZXu67UlprGsdZSox/bVEstEZ4cpaTaNFrB1LLvu9JFKV3L1qax1i6CYZgyp3CWUiY3Muf9PBXjsI5QKV0p0aapm3X9bNbGMVvz1Fqj70rfz2rfjeuh6zuncIoYpsGZs65vzr6rY8thHGa1A7papxxlxtZ6lZYTEX1XxzHtKZtLrSePn1REhMM6Wi/bODztaU/7oz/+k2uvufb0qROZLShd17U2rdbDbNarlFrDtsIbmxtd10UUSZLKR33o+x0dHbWpHRwelq7MZ7OgKISofbFoU9va3FSU5eFh19XNra2uxno9Rq1yNrNcHs36rs56YD5buGSOTVEkHe0fDtMQpaqUqqhdbdOwWq9DpXZlmoYoMV/MJE3LqZ/Nai1RixQKdX2vqnFYW7G52BThiBzHJE8eO1Fm3TCOfdfhWK/HFjmv89KVKFGiTMPQ3CJq7WtRKeHMZpjNZzgwaVbDcrVe9l2JQmZCSAhJMkmG7cyxdL0Si5Yp0XV9LUURstfjyqKLKLUEEJHNmW2y2zgkVliO1qZxmiIindMwEhFibC3TU2shERQBjOOYo7u+RlSTNpmZmQJQJBjVWoKu9jbpTDPr+n7WzTbmfdT1NA3DKDkiSikKEgJK10UJwrNuEVHsbK11tfZdmabJVkQIFEWSImxNbYKUVGpXVAg13PddhAzjNDlda7WgkbRQTOlw9rNF4DZNiUOyM6L0/WwcBgc1ikr0fQdqpNA4rUvpSy2ZlCDDOA0BJqbWuloUsTw6LEFXexW1cXKm7CZP09BFUQlJtRYZpIgARYkSVYqulKhdUaAIaz2tReAAKYpQqXWa2tQyjUooSLuqIEnquk5R2jTZWUtRkRQlpFKVGsextWmxtWE7UF8qUq2RrUWU1Wq9Xi0NNcBSpnFE1FpsQHZ2VV3tyOz6bhim9XJ96vjOYr6xXq+VLWqoliS7vp/1s9WwXi4Pa6ml1nRzGjG2rH0/6+clSECEipylVkxr02psTnddyWxGAhvcUCk1pnGMotJ1bunw+uhouVxCKIoUgWrfpZjGaZpya3urlJimNA4iCckenWQttfS17/pLl3bPnr0vVLu+i6AEiHSGY5oG4VJqG3NqWUsBo9J1XUSNKCaFRICNrZDUdV1rLVsjCZU2DYmEx5alqO/6hjMTKDIRObX1MIzDOqJM49SmjGAcBqKUCElIUrEJIltDiU0aORS2MxO51t4pEoVCAa59V6OkAbm10pUotSha5mq1msZRQbaWdglZAksqDuS+68dhmKZmDNH1vUVO09QS0TKbp1IqCrWMUvt5rTVAak45wFFayxKln/U1CkakzZQZhGAYB0KlFMDZEk/jOKzG2pW0M6eoVYSqCkKS7HSb3PedSnWmjd1UKlYUBWEgKiGlJYpLFKUthcKWohSFbGqR02mXWjEKWSpdDSvltFumRVcioloQJdDUhmxWyC1lu3lqTQqE7dZGZ3ZdF5YiICMUiq7va1FLSNJtPaxbTjUi01LUWlrmahincV2iKELK2vUts6s1navlYZ11iljMF5nZ7L6rDZcIKZypoJZqqauldl3KYVvRdUUinQRuJCgUUUxOrUklkyIBabI1k+PUggCGcaqKbjbD2dJIpXbplLKWgjyNk1BRTNOEI0LOVERfu3Eap6lFkRS11ExjRY0ihEWA0saZaYUssIc2kUzD2Ka0jKLWWrvqBFottUYnMa6GTNeulFraNEwTkhOck0Nd7ZarFbJtQUS1RAhySktEraEIKUrNzMy0m1RCBVxCNtM0yg4coejCqYgopZOYdTX6rk1TZpauyNhphNuUjlAptXY1sRAQUUAUdV2xadNkUUsg2tSQ7UiaIEoA6YwoUxud7mfziOhKydaWqyMpJFIKFTLHqWUmSmAYxtaaU11Xay1FcsiZXd87PY5DKFBRKWmVYFgvMz3ruvRkmijTNNSuU0C6KFpOpJzjbDZLkIhO865XRKlluToaDo8s1RqtjdPYSldqdCj7vluNI1FLlHEaPbl21dCaCXWl7+ezZqdbRO8EUWqZcgK1acx0388KpTkFza3r+76rTjeySOM0hYpxOh2Mw3I2nzd7auN6vSpRhE0Gilrms3m6OQkyzTRNtfZp1utVF7FarlrLvtbZfCbFOI0WUEq4TRIqfZ31M+c0DON8Nq9dWR4decrZYt7s9bAKisSUGdJ8Ph/H0Zld36Gwaa0ZFLXvZn1XDH03i9BqtRZhp+35Yp720fJoVvuETMZxgowolqNECEWdxjFFiDa1WktERCmLxQK3vUt78/lcGJDCTMNqsCnFoFKrlOv1erVcdl1d9HU1rIWcOY1T3/eSpDKMA3hrc6eGDpbLgNJ1Msazvu9m83EapmFAmsapqDtaHg7rdXR13s0zmaYBKaSiQmg+qzXqNIyOaJnLw6NxnGb9fFqvxnHq5/2DbnzQzQ+6MWqRtRqmcVw52zCsa6ldrV2th/uHF3f3NmazKLV2BdNalg96v3fzpGuvu954WA0hEbSpHezvLQ+W2ei6Wvt+nKYapXR1tTqy1aapTeMwDpd2L/az+Xy+sC1rcg7r9TCsu9lsvpiDDYguIkpJe0rX0k3TsF6u2jR2Xd07ONjfP4gaSlHL+mg1rpbzjY2+mx0tj7LliWPHSg1KjOthclvMFhHa29vf37vUbLemiK6WaRjXrZG5Hge79bWPLoIyjkNm1tqDshma7b6r4zC2bH23yEZUzbouSp2mlKJ0te+KkORSqp3rYV0iur47PDoCQ7RsUyamFGXm1BIUgczUJuzoSu26Yb1erg7n81kpQXPYs3k/ny/SjG3MaYSotbTmzFZKF6EaJWXbJtNZa2mN9bBSkkGtVZnjMM1mPaZl67qu67ppakYUuWWtte9nTmebapT12FoOi9m8lm4cxlIjcbZJES417Wxjthxy6kqpUdNtHNap6FSkosDOCElCCmJcDyJL6ZC6KK2lrai1yI5ATuc0tXE9EiqlzvqZzZRTUUEaxzVpRQGBiSIpUGZLHMg2qNY6ZetnBUNSZ33XzSJIS4ooSpTjJNEMEEgiG0nKZTabRSjdIDKborTWcmqlFsB2lGhTllLSTpsk2xQKSSjaelRXlKRblLBTIVnTNNkuUTI9jkO6NU+l79qUkN1s7nTati2FkDSfb/S1ixJRS+JMR6khTW2MEpVisrVsmf2s70vd3F7U2o85Duux6/taO1GcYyq6WtfrATObzZwa12sKtfaKEqBgMNVRSnGbxmmyLWkYhwgcZLZpylICKIZSi0RQMtRBQ8XLw6ODvb0SMd/cql1QinCSOWUXMZ/PLfVdV0ooStd1pUREVUh27UqJCnl0sGzZZrNeULrIpGUb18OUmS0BZxJRSkQJ4SSFTE7TRBqJiLRChJQwrFdSKSWi9KG0yMzWpqmNpfQUtTaVKEKKUMSUzbhEX4uajTyvfdd3nhKp6/rShc00DdiSiFJKachSici0pNp1gZK0iaLSdaEgws6pTZIiIN3cptbalBFRu5pmHAZsBGnAWKJlI5Q5tZY1aj/r+lkfUZ0ex2nKEUJJmXUy6dbV2hIynW5SqRSKSmRrmSmp5SRHdJJKBOGMEKjru6o6joNQV+eyk1TENE1ALbVl89S6rlMJ2ZmOWvu+lK62TJGWStRSwg4FmU2mhCICwuHWElRqsRsNCaG0QbXWKKWWEIlKtpZTa+MYXamqzhRqacB2LYWi1iYKpRQpMicCJ4iQpEAuRHNLiFQjsRUKorW0nPawHMY21BKzOps8tqlJiihRihS11mzjej3UWmddX0pMY7bM9TC6uZ/N0g6iK4EUoZCsSKeTCFQUkvA0NUzUQho7ZaDUWqI6EwEl5BQKpnFq41giur6XaeNYSiDVWiQlLlH6+czTiJBxSxs3E0QEBk9E2OTUWrapTUhdKS3T2WRKV2otNBJKlEaO44hd+xoyGQlMnrIh+nmvEuC+6xXhdEsLSRrHMW27YbXWhmFCjog2DuPYzKiIEhrHYb0cFChschgnQxvWte/7Ug3jOE7j2JyllDa1CHVdTUAIZZuIYhGliwiyCRwBDZTpNk21RilFotSuiwiVCEWtQRC0saVbjSo0TWNXu1I6SMlAlJJJCWQQtRTjWvpaaoQIsjmnCecwNTtbZi01aZi+6/p517LVWkMllFigUqPWErVkc4gopZYCypa1dtTq1oZxqIpa+nGaCEeJUkIW0jQ1Z5tyAs1qb9H1fUi1FreWdmsOKZNxHFqbjMiMvva1t1pQMnFmGlqWEFLUamxaSySXbla7TnK2KdNEFkkhRQHG1XpqWWudzeeS00qyDWOpJWqZVuvZbN7POqcak4hsrQ3DROtqjfQ4TrXv+tqhKFG6vrNNoa9zVacZpglpsbnoajeOq1JrjSJcapW6ErGeplpLSGObQhqncbVcdn0HypbpDBFgKRRdLdjDuOpqX0qJYErPuh68HIbMzGmy6GqtpUw51dqLCClKGdZrK/rFTE4nKLD6fha1lBKyS9fVUJumli0UU07TOEQJArBhXI2zWb+3v7d76SBKnc/moJYTiqKy2FjUElPm0XJZYFgNFmnVGkS0sdV5HworrZItS4m+r621No2bm9tRC63ZpoTdWsvV6qiW0nXz9XoYh9ViPjs4OFyv17P5LEq0NnW1j1At3TiOtkt0Fy5ebK1tLjZC3lzMo1bbUeowjcePHX/QzTe18KULe7PZrNSyXg+ldiVqqRrHaRjGw6OD5dHy+InjdtvfO5DblK189Id90NbWRild1/XIwzSJWC5X4zTWrta+6/p+ai0iZn2viGbP57MagUrXldLX+Wwjuro6Oqq1q11traWN6fpumjzveyvW62Eax9YsuURRaBzGxWKjdp2dWxsbKnUcx2G17moxpC1jWyoixmmqXVmvxpxa19Xlasxp7Pt5rcqk1pjG6dzFc33pZvPZ6vCwRlVXxvWIJ6Sjo8PVsMppilC2LKVKodBGP+/ms2yt1G49jm2aZLouMt0y2zQMw1hLV7veULsuFKthiIi+64QUUfsSUWynHQgoRaEopRSVvvYlZFwiQooSta+r1bpGLSXstKWQIKSun9VaW7bMVBSZxDm5loKzlk5RFEVSg5ZtNuu6Ug3jNNkep9GZoTKfzVTCLYfWMIpwTlG7UmJs43q97mqHtVotW/N83pVSa1SVWhQqkWmnZXVdlCgqFEUmqEKO0xo8DQOK2pfWMC3lEvLYmrMohO0MsFwiPE4Etru+C9yyhTrLNWqtMUxTV+qwWkuanLKLlCadgnEYp9aOjo4o9P3cOFGmA80X88wchgFUuwhUowzraTbrIsqwHvuuj9CwWgm6Wg3TOKkQRISillJKKUKESldq6cMWYSG3TNJ2y4ZcS7UJoVDaCEFUtSmLXWtfVNo0IZdSxjbhVIk2juthEK6lKJDUpsy0kCCRs9WuQ7YzW0ooWK/GtN08jUOpdTbrutI35Xo1ZKZEV7taStTY27u0XB1tLDb6fjFNU8tmK1vWGkkO42gM1K7DktWmqTkREV0IaikqFuMwlb7WUsBdnfVd6eezzc3t2vXZsrVMUilnK103m/URoqgoKEqc6TaNKlFK11qO4wSezxfb21u1FiEARWajK12Uvu+6UsY2tmHs+5kkRQE1O0evh5VMKV0tBU+KimJqOQ7rWiJKjMOocIkSUexsLa2kabVazmdzS2SChnHcmG/UEuPYwBKEMA2MaxQ7jQvFbiVCJdwyghqlmaiU0glMZhpRa+epRVRnG4cxTS0RUQEamMYUptQym8/msxl4aqlSokZYWJlTTk0yilJVqAfLJbirJUTKXa2l1K7rhN1IUtCyuWUtEVGy2ek2ZWb2NdKKWgt1GteJbEOxmySVmMaxYbCkDIqKSUAos5VSIqpbRlFEaW1sLdvQapUoUUpOUzrldBKhyTaJPU1DS4oE4Em1UxQbItwaIVkNRxQrcpoIhTpVVdWQLCkUEdlalEBkNoiqgqBlqEqRME1DKaXr+qLiIrcsKuM0ZptKKZmMOU3jOkSJOnmadX3fz4iSrRkyqSVKKSZFiahtHKepNZtsKlGKjJNmW6lSomXaOWVrY0Nka8ZGas7MKTMkCzdLiIJsKdwlk20pSqiZzCyhiKi19F2HBGo5Wao1Iko6M+3m1tImkIUdUVRKtT1OU4T6fh6ldFGJJGMx60IlbZnMnMaxdHUcx9V6OSs1nci1q4BSqgGZtkVE1K4rUmZDROnkdAG71hrFtmpERKm12AiwJ7cSJZS19PNZVXTNHsexlFojmkVLJEWpiq5WQsaldgHZsotCCSPJIeyIiFoiVBTKcTLqulKkRIGNIqLWmulpHNywMp3Ohj2lpVRLp0GmtaGplAgJDFa0cZra6FBLbIdpmci1hKIAJYqirNarljkMKyWbW1tFUkTKbknQ9zNsNzuilCJFLcUtx9amqY1TK0Sp0TJV1EdpJluiSJqbs01CbkkEJnBfe9QJC0859d18anm4f2kYpxBRSjrdxtVq6Ls6n82opaorEZnZ0tPUCmqTSy2l9jazrs5m82FqzlZrqaVm5mq1xEpaUS19HdejBJTJY62177rMdnh4NCs1SglLBJBk13Uyw2o1ZatFXVcRQUSUiIgStQirZas1cppyaiSttWlKk1FrX+vYxswstSsRSKkQnsZG0KYpQgrNug6YWlOoRg3JtKlN09jW6zFq1FoiotbOCtLjMKyGFXY3m43jOLXWd1WhWXSJQeM0kVZouVpZCqn2JWo/TFObsu9nCqZpqqWUqKthuR6G2nUqVc7VMG0sZl0360pIAo/jtFwfdbW6uZ/VjY0N0bq+a05P7vs6rofVOMz6PqexRIxtGsdxa2MDRTYsZ2u1xLyf5TTt7+066Wb9hQsXL+7uLjY3+lIv7R0Mw6rWKKX2tVsNQ+3KfHO+Wq/6bkZBoZ2d4wK7jWObdX0/m69Xq9Vw1Pez1bjamM9ms8UwDhvbm21qw7AyCtuSxaWDw3E1LJcrKVbTuL+3d/LkSRvQfD6nlMVsfub06VJ1z9mzq/V6c7GV6fIJH/WhoXLx4sVxWHf9vCsBXq1WJ06eXMwXpeu6rsvJ0zTixFqtBiShlm1jPkel72q2PDjYszzreqetUksoDTpaLfvah5imaT6fQUTkfL4Yp6HWIsV6tdza2VpszIdh7GpdbG3WqDlZReM0tWzOVrvOU0vaYjYvpWKXvpsv5hF11s/s7OpsdXjY9XVzY6NNrZ/PF/MZcpsylV3pS9Q2tdr14zBEVWbWEpRuHFaHy0MRVSWztamFilDLbG44S40IldrXGjRjdyVKrdM0zmYzIYwR2VpzhMYxS41ZnWV6HIfS11C0qWW2GmW5Xp4/f76W4oiIsr25oVKyZbqJSFCiGgWmqTlTQopm1y66rgvFer2a97NS6jS09bC2HZIVG4t5ZtoEgZimSUJ27Wo/m5XQ1BomIrJlCUUJ25kKUWqZxqH2XeBhGGqtpSskmYzTBBGh1obW2uHB/jSNmxubs9kcjJ0wrifb3ayXQoIIZar0XV+bNY6jDSBJipbu+tJ1s0zbjlq6KOkURCii2sIEAWrTOE1TWLUvmZ6mMULjNGHW07pNk03tS5UC1VqHcZCzdn1mq7XIQmEp04pQjRLF2AjHNI0ebSlsq9juump7nLKWWooyswARoWjThFyjYrdMUNd12EgKIQhJLuowkNiZ6cyNjS1galOb2t7eXt91KjEM61JKjQpq0+Sxlb703VwRmBq1lGKRjlLLcrnC7kpXapdk11dHTC2TrFFrrVNrzlaiRlFEjVKHYehqmXUb07Aax7HrAitqKUGtnbGsbta11ob1qp91JSoCyZmkAlTrNI5NjhIiQiIK0nocpmG0hUzSmrtSCOU0IYnJJkoJkVOO09TVUrvOzhJl3s2UHsYhIvpuNo2thJqz67uiokARQjWqQjm1lkSItKS+r1LBLUJpq9YitamRWWtvXLuultLaCFaUiIiQ0y1bKdHVbmptHFvtq8w4DYpaojS3vvbRVxmnE7quC1EoKkiBDbg5cGtTKaXU2tVaarHTsqc2TGPtysZ8DtggBKFiqKXkehxymHW95EzP+lkpZRiG1bCUs9bSmqWopS+ljuMwTqPAIoQVckiKKK21EpHYOXalqJvhZtvk2Fo4a41pajmNzRaWilpbD2Op0auohJsz3Xdd6WpEnXKaWkoStsINFRRFRMrDehURikCU0tUiWmtOkr7ruloz2zRZGSpWksoiWstMB9S+c3pcjwpK1FBMrbXWIBUF3DKF2jg6qbUq1Fo6HVVTazbCMlJELdgGZ2tTE1FrVXhqLZtLREQJhSglCm2iEwQ5EjGOwziloJRCcea0OloNbZz1s672/ayf1w4VCUK2VUoNlYjJiS2JlmXWRQk3NxsTAQqVwApFm4YpmxTRldYS6EoYtalla8PYBMbZXEuZppaZoRoBomWqKEJWSBSjUmTIjFJam6ZpKhGojOMgSmuTUOlq7ftsbWpTqLRxpEQpIYUsYGxNCDD0NWopgtW4DkWtfZAumoYmhbBqjVQpkXYUFWk2nykUJkpEKdkalFr6riv9rG9jixoRBbvW2vWdg5xamtYSu0itZZSIUmyHwzZAiZZpZxsno9LVcZzGKSUhSkihbOk2CTVaTg3LjgjVUqaxGUopTitKOlubMo1tpxstGxFFIStoRGCRaWhTgmtUMp2t72duKSgRXd8157QeWrNEtja1sU2pIIqwp0zhIiEJEs/ms9r3bZyGcUy32byPEq1lLZbD6aPlUe1qlBpB1Co1OYgOLEW2BjG2Rk616wIZSu2i1nFoOCI8Tc1Qo0ZXjY1qjcw2DkNEcYSnqXRdURmmoZRCFElGkqzSxiGNRN/1UQKU2dqUlgNUCmGn04mjtbHlMJ9tRA1FwWDIzHBETOtpWK/GsQFuU+n6CKZpHMapllq7DpgGT+OqtQwJMqLWrq7HVRtarV02m6m1tKnUxcbMLaOPvnbTegLXUmd915x7e/uh0nXRWhowtZQ2tq4vXQmhWdcP07ge1rY3NzdKKcZjm/pS6mweBCaIWVcVMQ6jIkqUdE7j1PW1q31mtpyItKMQ4zSlJGuaVgoiYntnZ9b1wzhNY07j2s1FsVoP+weXsrG5sVFCDtVacI7TlLDo+0yvh7WlTEeo77rVNIyt9V3Z3Nwc1uupTX1XF4tZibIehtlsRomqOrVpdbDqSmkiCLdc59h3M6chh2FcDauNjU2k1cGym883ZvO9vT2hJKXY2tyQal87Z4a0tbXhzK7r7OxK3dzYxJ6cpRTUPNGyjZl97Y/tHOvmsyDLR3/Y+7eWAWPLaVjVflZKdLMe2N/bRxGYiDZNtcZ6WE3jMOv6UmKapggdHOxN05QtS9fVKF03k3KcplrrbD6bMp1t1s9KjRJFUQ6ODmqNUBwcHhweHe1sbSbUqJlOZ9/NVKKgYVqP0+BMmW42S9uR25s7OY1Hy2VmUymYCHWlTJmSZvO+dr2Kh/WwWh2s1mNOGUWXLu3XWhYbG33fI9VanYDm80WbmgFTS53N56WWqKXlRMgJNBNFpa8dZr0apKx9RcoGoVK6YRxzGBxq6VI0my9MesyhDeM0Rt9jAVHKOE3ZsrXp2M6Jze1tZ0tnqC6XB61lqUVSRBmncVZqEuv1Cui6vu9mhCVN2SRJAUxtck4lSnRdVzuRtsdpKrVrOTqptTOtpUsIyrAeM7OWTiIiokSh1q7ipE2KWA1DLVW1eGoWIkhUpFKFs9lym6bImPXd2Fq2ZjGb9RC1FKCWEiVycmZGFLtNw+R0V8MpyYRqiTblOI2qpU0TpitlHCYF2aZpWJfSVZHOYVzXUqNG19Xt41vZNE1TrTWi67qu1Iio4RIlapRxGFVivTpaDcP25vaUU2u5Xg3L1apWQdqUQhd1Iqdhsts4DqXr6myGjSKd6SQZp+Yc+9ks011XSj8j3aZsNE+YlEKilPDozGYopWS2LrpSipOWrWWb2lRLmc/mpSvGJZRSdGW+WEiymHV9a23MqTWiRFe7zDa2lJyZmRmlC9ymbGNryq5GlEjLmdlSUeb9zM6jw2Vm21hsqIYbipCcIBzKMZuMorPIcSSiRDiJUiVN2WZdH6Xk1IZhWK3HaZqckxVARKm1CilwI5BSU5ucrVkhZB8eHYUoEcvlepqGWnpLOBXFYKEoaWeqVBkhp1OUZk9tJAIA0kBr49TVkpljG4f12rRSa1crYCNSrqUUSZJKlDZNDfquRq3pDIpCiYy7rk7ZZKIUm6JiuUQ4qSXSdLWk7ASw2zSlobVU0kzLJFtrSIQ0ZpPspsyMEklMw5BtKtHJU7NKhIkScuDGMKwJ11KwHC6KVJjMtHC41K6C+tlGV/t1myDns3mEWk5KJFo2O7OlPZkMwEKUKKGI2juxvVqvSolQaTatjdkKsjJbCkrpCPrS1dpFIaLYxk4b5zCuu67PljKl9l1F0TmN0i2bXGoVWg+DnUoIiVColFJrbbazTW2UmTK70pVQpjNbtkS4EVVtyqmNgRFRVAjhaWppiYYi2xi1IocipNYcqHalKzUKlMhhbNlKIVKprCpRw1JmdkQpoVIENtmmLLjRWpZQdLWWrnS1ufW1zGYzRTe1qY1jEIJsOU0NrNDUxpxGWVFKs4UUCgVJKWEySoTDdhSgIvc1xtYkASVqV0o2yyolbKcnVMBOZKLQz3qZqU2tjUIhgbp+lk7hEpGZ2FEoKlPmMA0lotTiyeOwMgnZzWbZJgCkIGopES1b389A43pIEyompXBLlerWhmGcdbPalXGYGomlxOTYWiUIjePUxlZKnVoWURRmsqmltOZxmlKQjlJbaylJkkrpopQoKlNmOp3NqNSotY6eikqtnW07I4qcrTU7I6LUTmjKVgTIaduhIjsnEkqUEhFRVJjGaWpTS2otKFpmjaildn03DKNAtWYbaym17wwhpmyZUbuiKDlOaSGmcWwehMBdV+psI93Ww0hapZuVMkxTG8caZbaYSbRmG1qrfSepdGXWzWrX5TTZrtG1nNo0STUqmhJFKaWExpykUmshPbXMpHYlinA0XGudbyxmXT8paK6zAkWKcVxL6rtZG6eWjZSquoi0hFGZzWbjNLVspLO1ruumNrUho0bXVURmS2vWFeyWWaPYHocpTNd1tQOUdgmpuXTdar3ONnZRSi2EyQgBbk5EEWSshyGKgrBdStd3s6PVMqHva+m6cWyIWsu8n9dSUJCZOEBIhYjSz0rf922a2tQSRwmA5jRTm0rfdVVSrIdh9/zuzs52NrqudrVbHa26fla7GKeWSakxtszJJVRrbalaIkqZzxallDaO0zhFqV0tXa0NJIsQBvfdrEYdhrUialQihvWgyCBKlNamUkpYreV8Pp/aJKxQyzZNU61ltVoqyqKvwzisVuM0rRfzDaf39w5LX+ezTkVSWWzMx3HKlqV2tat97RazxcbGxsHhXrZxe+uYoKt1atPR4WGtodDhwRG0rp9Fia2tzWmcIkIl2rju+nnLKVurXS21biw2nRm1lFprqYqyXo9urXYlIpZHSxWyJdLm1qLrZ/P5/GD/IPFs0e9euJhmvuhXR8uu67Y3t1ubDg8PhtbKx33UB/e1l6xSFpu90yZaa+mp1prBtJqEZ/2sq9WKWd9JGtajAkLTOGXzbNbvHDsWpSgctWZrQZQqt6x9NTmNU2YqnJmt5TQOUcqs77rZrNZ+GIdhnISnaQJbHC2PSimz2VydZOb9bL0aLu3ullKQI+psPnM2QqJM09BaK6V2XdfGIUL9bFFLQZZKqSVUoihULCs0jJMNEdlaVM36vnTdOI3j1FqbWmsEfRe1dl1IERNer5egrput1ksS476bWc42Gboos65PLEqEpja1xubmxmIxX6/W4Ey7TV3fh2Sr73s7M1Eg0UyoRCkSYIXGaSiKWortpAlNLYf1EJLlYb0e1oMiZrN+GsZxGKQQgSNUQlahlNoaSg9jMy4wZouiUmJs4zBNOWV0gZXQ1VqQQhGyg8wooUJrWaBGVdW870qEHbP5PNH+7sXV0YqQKBCIYRy6UhRxtFzK2DllC3Uop2zzxUa2bNn6rp9yiiSKIorlEiFpuVqtx3XfVZUOu01jsWs3Bym60lWBQsrmdJSKoLqLatu4RDk8WmG6rsup2ZRCRJQapMFTc6lFKpL6btbV2tUuwW2KEkiyG+nMUnrCkES0YUIRfVdkKbJNrU1d1w/LYch1qbXWMg3ZcoTIzJYp0lIoVMKtLYe1cERZr5YlijICSok2jTZSmMluqJKE1NWKWQ3DehqdOZ/NiGjZalSptGka1itHdF03rNdWzjcWlZjNZnabnBGRzlqrW5smz/p+PpuBIImiSmtktujCFs4adVgPLoZIXGvX93MFOSVdl9O4Wq6nYVRXrAT6Wvr5HGcoTFoZlMxUqK89VUYGyc6spfRdn60hR2gY1qBSqklwRNRaSynDet1yCpRJhIZp6kosZrNSa8o5GWnKKdKUyGylhO3WstQIKTOFchqjlqKwsSQrp2w5YTtbs3NqLSmhKXMahyS7qIUytWkcp1Co0NokY6ehZUpSDeMASc5MWkQETNkyqQUTxppakki01pxStJajp3EYSq2lljaOSLO+T+c0rB3dYt5NtLQjFCppp0zGbGNeVJ2TJxuXKHU2k8qUEygIh6Tsamltai1LiVlfnTSnglprRGeniNKVzBxby9aABuA0iNZGUInou1Jql9OUWAg8jaPBLQvqZjNnA1kCQqGgK/3kNg1Tc3alllqzNcAgRVeqZZKUQ6VUDeM0TlPf98AwDrV2EnJKlCgREaFM0k1gJyXGaZIppUzrKXEpVYrm1oZWZh2hNrVSS9SIiDYNEApapjIVkbZRFYra1VJKsTMnu7UaMV9slqqCau3GYT1OY5RQy2FstdSomoZRRrjWErWkLQeSceIQNqv1ylBKwagoiCSzZSMjAlkmumpStsG2cRC1q6XUru/S4FSJcRyzZdd3reXUhimVpna1rwWVKCWnqZQa0eGMEplq03qaWun6iGitjdNAQyVkRSlRFOCUSKkoVCVqNNPcnDmMa5UubJkIgadpjY0NDOv1alyRUWuVSOhqraVGiWyTJBzObNMUpY7DEJKbSfrZrOvruBoiZDtCEuM4ZLNqIEVXgiAiJEIlVGvXdV1IElKUKIRCREhRE9xaGxvQd7V2xRAyQSlRSslMQ6BSikq0zIJkJ4HHUO27AjY0Mj1Vzbq+T7eccj6btza11qQwE6WUiL7rokS2li2nNtXSzWYLJ2Nb1aitZXoytNaA0nWlFLds05jChiBKsSLs2neo2LZZr4e05vOZ3RDDOEyt1VrUKUfaNBBicq01SSsWi0UtZXm46vpZs8dxytYUtU0TVmbWeS+LpNSilIJai+xSa4mQSq1VEdkacpQCqNSuq9OU4zghaq1tmmrtwZaULFfLYb2SitB8PpumzByilK50peukzOaE9XoJQJkvFqDSla70CrdsLWmZzQ7JIEMEk4FSu9am1hwSiqOjw7G1CEopUrRxyubtnU0kkXU2z5xW69ViY2M2m43TJLvOZmEbd7O+RmfaOAzDatnGlnIoCJUSsg6Wh9M0drWzyGxRIlSnbON63fW9am2tzbsqkQaYplZL9LMZZjkOYbpa2jTVqBGlKGrtu65Gp/XRKnPc2NqICDL7jbkgnVNrbRyaHQHQz/pQtNbGaZTI9Gw2o7BcHZWuFlXS45TLo6WC48dORon9/QPZZT6TbStCXdf1fZd2RbPFbHl0sLu7O1/MZ32PmaZWS6FGa5k4FHXWj+vWdx3ho8NlVaiyXq62to85W9f34zBNmV3Xj+M4DOvadW5ZPvGjP2S9WqW1mM0VJaRpzPmsR+XwYF/WrJsh97NOEFEkhbQ8OsrWopaudnVW3GI9Duujo+XR4MzZfIa0v7/f7Jxaa0NQZrNZ33XZnG5d1+c4jlP2fb88OozirvbTONlRShnHUaqLxcxWH3W1XtboIrRcH9Zu1lrW2kFObZrV+Wo8qlG7Wlu29DBNLVSGYbCoUUpXZ/3MzV3f1dotl8ujw6PNxUYUDasxuhiHiVCtdRqzjcNqtepmi51jx44Oj/YP9kvpaukRq2HdhrF0XamhiIiY2ojUd3WchrQTt2myUxWlrQih9Diu3YxorZVSiNLVTkHahNp6jFplySmzWq9IQpEt+1lXohjkiKoICVCpJWazvtSulurMJFXUlU54mCZCXe3a1IZpXSjdrJ+mqY1TlOhql9mG9TjruyAkpsxMBVZ0qQYWAdlay5z6blaiDOPamRHdOE5tahOJYl6LFP3Gphu1L7ZrqJY6jeM4jUWEapQaUaKTUd/1tcYwDlNrChXV0tUSFbJNY9SSUyt9WczmpevalHabxpFSSymhGMfRLWspkoaxrVZHrU3T1JbLZSlBEiVoGUW175vX09gUcqLikCilLyXTEYVQGwZki8w267s2uWW21rq+KwpJKhEqpdacchjGWVdqV1frMaTZbGYTmLAIEiRVQiUgIrpZjSjYKGspUldCXe3GluvVmiDbNE5jKCyZ6LuazVFUSrHbNI6Ag66rtZYgLEgXSMWs67q+DlPrq/rSr4Z1qHRd52RozaISlBDZxmZHCdqUDUybxhZRlBqHqe+7GuF0CY3Z0q1ELaXUWopoTjdSrrXm1BzqalcUbm2aBpUyja1EYLU2llIlwFKBpJlgVvuIYmRJqSg1CtM4hTS1RhKiRMz6Pkqxkyizrg/RdV0pNYq62plodhvaelzNulprZ8CZtY6rdfNUu26aWq0REcNq1fczQkbOLArjqFFVxpyCEqEwLVvp+2wj6VqqccrYaRazWS01MyPCGHlzNk/sNk3jGKpRa7ZWSwmFk66WIiTXUqNEU8p0tWQyDWNXKnYmARLTMClsq40jwoq0E8mpKCrBlIi0u1IDWrYaUbt+mlrf922aJCRlZjoDQpHpNFEUUUgymyylolZUyTYNo6GWQKpRXUIQES2bEoETwTg5p0xnYDsT913f1Q5jUsSsn5VSp6nhzGxTa0KkM6dSq6IgkyAZTeNYQlhRNI6j2xS1a+M4jdNsNgt7PUxFlIhhPaUooVoi07RGZq01ihibkyCnsSmopU7TYFwipBKhWmprkzOLgohMVCOitHGtUux0yxIRqi3HZnd916a2HtdOWuasRrMbLXNqLU3rajeZvu8l3HKaEtN1ZZpa7ea4teYQpDITou/rNLWi6LoZEIok14dL21FKV6vsaWzZstaQEAIpStTSxlERdsqJiiyDYBzaMAwluhJRI0op0zQN4zqiSDIqNaJ0OSViNpsbQjipQaga1ygoo9QQzQktVDNajTBgsmWJEqFIdbUg1Vrdcpqydt2s62wrSqnFrdVZV/t6dLBcr5alhORhPYxTm89mfY1hWNa+zkodhjVIQYoSRcmUCVGiCkCllFIDVINQcTLlaJzjOI1TFGVmyykBPE4Zoa7vM51u0zRVEbX2fRcwjWO2NCkrCVo61NVaSrUt2RMoo9RSStqyM6VQBFNzIAUtWym1RBnbSMNuShGlWukxStgmPbVWo9aus7NlcyaWZExSJI9tyjZ1tdiWSqkdhKDrqtuEKVFzaiUsCmqZTVCCccxsTMMYETk5MAGZpe8i5MRpRCZ2OmRca6cSbRyj62azvvSVKM7JUkS0zFJrtnS61JItUUosl6t0FkXLsTWHRNKydbXWWqbmvvTK6dLepTa0btFHBJJb9n2Hcr1e166rXRnbVGq0NNiZCbN+pqJQ2C3TwGq1XB4dKVS7vnZVQSjSKTvtqGUcx1Jq7es0DLajRtqLvl+thmLNNzZrF6Rba5lpt3QEDkUtBcmZ0zC6uXTduB4zc/Ik1VK71bAqaL6xESXCGnMYh7GW6GovvF6P2Zw5hVS6Ok6TbCkkJa5Raim1FtMg1uPobLP5otSyXg/jMI7jamzTfN73XbdcrkotW9ub4zDtXzpYbC76br5arjw1OwkpPZ8tSt9hWZlkoKOjw9VymM/nNerR4VpoPl/UGqUrGxvzWd9NOTmdTjvXw3JcjaVKocOjQzKcrn0/rIaj5Wp7a9PScrnKlvO+29zebK1Nk/uuRInACs37/vy5CwcH+6HadX2pIUkR69XYlej7Dry/t9uy7ezsrNbr8tEf9gEpr9ZrcK2172ar9TC1Yd7P7ZzP5yEODg8VMQ2TRWY6iYjVamUzn8+7OhumYZrGKbP2ZT5fZE7r1Xp5cFgi1Gk+W6yWS6wQTV5088W8v7R/af9g7/jW9qWDQxGbi3k/62231rpZJ5AiRfOotKq6Wm0JObN0ZXW4nPUzlbJeLUspyMKldMIODcNQFf18YVxKSTJKjQhai4hSa5KW2zS11vp+DqWbd7XW9XI96+tsNt/f3621ny82hmGN6GqptU85UtPUhvWgiGwTppRqspYaUcdxEJKULXFkYXl4aGlz0R0t16FYLBbr9Tpbi6pp9DgOEZr1fe37cRyWq5VhsTF3sFyvwCgQEd0wrBMpbbdauyCytXFc97UHj1Pr+lmpspxTU7ir/TCN0zhK7muNUkIFDI5SSylJdrUKtdZaTiIUgUUaVErpuqqInFotXRQ5W7aczfooZTmsa1dn/Xy+6AXjMKho1s1VtB7WXe1rX+0RKYgiSWHnNOU0NnDfdaXUzDZNE/Y4NTcXlYjaWpvWY8spKH3XlVoBO23n1KJEKdHN5rXrsCNUo7Zsbcpaa9/3tUS2yaaEHGrjGAqVKpXaVYWnKVubohYyhmHdsiHVKArZak5wWApPY4ZUunBUFSktAbhNzQ6p6ztQKEO9AguwFYAsiyBMNgQOuUSEJFGjlK7rSyklnJOTEKDEypjcglBEhBKFIorSaTuEkHEtXeIidaVM0+RMiSIleJq6vo+INmapNXGElExtktVoBLXUiOJQyzauB+S+9IZS6zglbiqhojYZZ6kVsV4trehnc6exFYEchAhAUgmJEkQairNZooSmaW2n0y1bV7qu723SaVmlNGcoZl0/5TTlSMtxmGbdDGkcVuBu1s36uaKkWyl9lK4IiYjalaJQG0cbS5awwJkJKYWkMEVBUa01arScCtGVLmrYmVNDlChRAgkpnVK2TNKTcxrHru/6Oks3LMBuY2vjtCqlS9zGabVailJCEWGUbqqRbaJE1xUj7ChRItbjenW47Dfms34+jmtQXzup2E5nKTVbthyBnJpLNRm1VEXaIbq+D6ESNulsU1OoSDZCSNlsWiiEM9M4uiIprOYspYALUUtVBBFRqLUrRS1HQNRxnIoiorScao2cPObU1T4iRFMUwjTU1dpVEDYSUkSU2uGcWuv6vnZds0uo1A6bzBqldBW75WQbl5TlDIkAok1jCuzW3GycUUIRCkWt0zDajpDkNApFkdMNuhIQpEOM41gkRbQ2pam1I92y5dScWaJiI4/jOLWxqxVjUpLtrnal1mxNpnZdRHRdh2KcxrENw3odJmEa11EjKLUrKkHLxFYGas1dX0LKlg7GccTZWqu1q7VPNyJKaJycrRlEMcbZRS2lTuMYNfraq6g5S4mWDlBESJmTgZbDsMopSxQLidZcapnPZ8A4jiUKqOVUhBRRpCjTMCGM5SQkg1RqaU470xaUWlBI6roStZTSzboOa2pT2vP5Iu1xPRpqV0J1aFOpVSgzu9rnmMthXRWllGmagAhNNEPtq9PjMGYytLHlKLmqKqpKyM701LKIruudmW4oWrYcmnGpoVI9tTETKyKkAi5dtCZkhTKtSlHYXg8DkLiUqOqI5mZklRJRGKexTSFlTm3M2mkcJ8hSikJGtm0UZTbfwOM0paDUsKNEsSm12g1FgFTTbuNYuyrVvqqNaWhORRVu2UyUolA4PbUpStmYLyKkUvuul2xqqaU5IpimdGbUOgyr1Wo9m3cRXUQR2XWd7XEYonRdLdMwtswQmRlCISYarZRo0zS1TFsRfQnbihK11FJby3G9qrUH01p0pY1TQum6ed+VIkHUWkpM44SoXQ3CIZJaaxBdX+ezuXBVmchsVgAJtdSiEkVqzVhdXxWCAgprzFGm1sjMiChRSpSu74rI8DBObpMUbk0lqqphapMk0DiO62GFhJj3fcsGQWZX+25WgoLccsxm4zbmbDGbzxZHy8P1emht2tzaSjdcSg2VEgSmdoWG7VAM0zCshtpVN8vq57P18mj30r7Chq7rpDg8PFoeHsz7WZRy7uw9h4cHx0+croqWYz+bR3gcxq6rabLlelzLpLNN7Wi5ms/6nc1NRUw5Luaz1qZLu7tCijKM4/7Bweb25vbmTkRMU6tdmc/nJaKvc0WRstTeZClFlOXR4WI2r7O+Te1gf6+olhrDsNqYbXZdvx7Gs+fPdbWcPH2K0Hq1rqVDrNbrrovF5lZm6+tsc3MhRy0xTa18yPu+x87Osb7rCIU0rMex5TOecevm1uZicy6VNrb1NDjbNE21duvVUZJb29uz+UyilJqNrqrru635hiVhURYbG7N+HjVmXV9gnJpgNazCAl+4uKug7/qWJtja2FyNoyig1WrZdV3f1VpKTpMUpXZu2WiLfmHbcik1qkrp09PUWuZ0uH/oYLZYgLK1zdlG7ftpnBRhWwpbtu3su9k0TSKQaulERCHHsSu1dN321tZs1l/a26vdbHtz09DVUiMU4Yyuq/2sH8ZxynGxWNSQW0ZIqsKlFGeLEspwqvZFptRSu4rV1a6bzaZxWq6OQppaHh4e9huzWjuI1WqliI3NxWw2w4TCTltCxhbjau3Mjfliwm6ZMKyHMaeW2fezvuucE6ioHB0dzrq+63pbQl3XiQI0T1LUqEMbxvVaISYrSomAcGje1dbaer1qbSplNrZptVqXWkvENE4OkCS5NUXp+1m2aWoj2drU1qtV2hElJAiglEoCYdmAFGI+nxMhmNzsCYsSw3pQRO1CdjZHR9fNjMepRcS4Wg3T1NVunKZSugh5HNfrZWvT5mIjalVRV8owjJAJbnRd7fs+p0m1TjkeHRwgWjZnYsJq00RREIhS+1KLkGwhBHhKV0lFoHQTitDUmluz1VrKDpTpMSeFbRvbzmzTMCIJxmlyZiikyJatpUqRAqHQ5MzJU+Y0ja01SYlrX7tuXiKmcUIqUVWI0mEbN9JpiTZOB/t7fTfv5l3LhiJKECIlqdRaVca2RhbClqSICEV0fddJMbZWAxwUuto7bKekNHaW0hnITE8ts6h0s1mEJKcdKi2H1ppFkWSaM0pRCBxS2jLGLVOWYRxHmzKrslumbRG4FRUFbh6Goat9tvHg6KjvuyRzcvS1qLRsmS4RCuc4pt13HWnATtsmaqkt006nowspKLIxnkjSBqCUAq4hEZktnU4baqmmOW05VELKTISkLso0tZaOABCRrbUpFeFsRCAkpT0Nw9iGqjrrOhVly1DBjlqidBFFuJTa972NIoQw0zgWqSCVmjm1CadFdLO+jcPUxlBRDSQ7SynpHMYVRoqw+n4WEW5pHHKpM4nMlKLWUqPYWWqZWvZ9ncZUGEngzHRiSYwj4zjUWlRKumFPLWvXt9Zs2zm2oTXXKNN6RBEi0ygjAiQoUdLZpkYSEbazjYpSS4zDYCmkUqpKqRGlVEK1KxHFzXbiNJ7GXK/WG1ubScs29v08isZhqKXYXq1WQk6rKBRTtmls4FpLZFsNy5a5HlalxGK+4XQUisJOKUrVsB4nt1lfM1tCLWU2m09tbFMDe3KpHTkBpdT1MDinhlvmMI5F1Wa26FApUcBCJcJWUyKUdmYpUWrXWmvZohTSUQsKpwGVoDW3LDWKQiGLNo6toaoopetrV/vJKWkY1rWUiNJwpxpVoSBJZ4q+1vU0hui62rI5k4DEnlrLaZqam03LJhOlFJy2bVBXi0KGsY3T1EKlVpXaORsK8Disp5Z9qNmr1VBLLbVM0yQzm89nXa8SpShtGrZby1pLdF1f+iSbDa61qoTSGFlTawiQjJPW7KCrNYoywdRSIwrQstWoyja11s9r182KBG1q9mSCrpvVEjLNtrOUgpnGSc2hUgqYWoqIWoqF00ilqNYO4WSx6CNq4tr3JM6mUEQkdCq1K0KT27A8yjS46/tmBakSwzBIKqoKZ6rvq4jm1tKZqVDarTWcQWRmiWrSRGI7VaIolsvVMIyzeZ2ytdEl0gSAhWRnhEBRoutq7fqpNRouaqTStUbLKVFfZwbJpVQMNEUVzpbTNKUtSYpau1KqZIeCHMcWESUK2KZ2/XxjIUXAmM0tS61JcyZEoOW4nKbsSle64tTUpmnMsQ1SqKrv5+mcpikClUK6li5sm/U40ppgGMcSmOKcpnTai8U8gmlsRi2z1joOq2lsteuixNSmiIKdzuiiSFhdrbP5LEqBILPUWVQlid2yhSIUfdeZyBxrdKXGwf7B4fLoxIkT6WwNMHYXJdOpbG1ar4e0TdoJAcz6LrrScjrYPxzG9dbGZu27Nk39YnZ4eLixmM03FkdHh9nY3j4+m/cqUqpfzGqUTE9C0JzTMNaI2vW1ROnK5ubGarm86667tre3o9SDg6PVetjY3Oy6Mg1jm4YSGsdcj+uNxabF0eESVELDOJYazmYzTcM4ttqXaWrOltnW67HULjMvnD93aX9va2tjb29veXhw+ppT2RRmHEcXdbUmubnYHKfhYG9fUbqupD2NrdRS3uvd3gFi5/jm0dFyPYxdP+trLTU2NhdKKUrU2N7cwrG3f2nWdxtbW9M0Xbhw3tb25vY4rlergWQY16V2tXYtcxiGNo0XL+wOwzislgf7hxsbi2PHj2eblqt1V7tZ3882NzY2Np3MNjcj6mq5nPURpZQS89litVpNbZra1HKqpUtljukpmyhEN5vNu8XQxtXyaGtrs9R67vz52nckgRYbm6thOFwddbUnYr1cp+hKsT0NLWrJbCi6Woqi9n3aLScR4zik2zROR4dHXdcrNA1DrT2mtVa6qKW0bNPUqiLTfT+bpjaMabdpmtrUIqKUbsqWyq5EQgkJYUop2Yw9DmOSs76vXZn1vdC4HqY2zuazkGoploz7vi+l1lCmhUrXqaEa/Ww+DqvWPNuY9XWWZC2hiGmapobkWT8rpezt7U9t3NjYmJwlwpnL1SpK13VBM6KrvQPRSi1FynEYJ0/TVGr1NC2HFWTfdbN5N06D03aGmBowzWaLcb2a3KrqMA6z+SytInV9B5DUomaWy1U6URQBKIQJSYEUJUrtO1qC+r5Hkdnc0nYp0drUpsm4TVOUqLVTjbBRDNM4Tq2UqF3NTBq2D48O+65WaT2MKiK9Gta1dl0tmQQoQqh2HdmmlrPFousC5LTNOAx2BopSwKiUKKthsIkoAZm2M2qJEunMlgJFiIiI9XqYz/tSSmZOU8MpRQl1fT9OU9cVrGmaMlvtajZWq3Vfo+UUUsJsNiuloizR9TWaNIwDUWpEG6cSKrXL1mrX9aUbxjFN11VCbWhd7TOntNwSXGs3tWG9HiMYp6mUWmuptStS1IodJdLpRohSau1qIWxZDiFhwIQaUYRqdOkWEUG01oRKF+ECOY5T2nXWYZjaOE2tpUPCpFo2w6zvLLXWokgZ62kQrrVOrQmAqm49rie3LvquL6ECgJBmURNyyiJatqOjJTSZaUqC1hqiNdKjKLWGIEqppUNEEiUyjRMJU2pIUaJL25mtTaV2JaokUMO1KCJK6RR2cz+fdV0dW45t7FTHNsy6eZGoksOtEZovFrN+ZmdOaRRFKqWN0zhlGAqKkDVNU5VUlOnmZtzVmpJzWi3XiogqZ0oqJTKn0VlLhMKK1iayEZHNw3poU1aV0leP2Wi2VZRAkM2lFuOWLadspBul1ijRWmst2zhOU2utTW1sUwvJQoBzGNazedf3XU5TN+sj6rhedrVGrWSbpiyhUopSUxu6rrapJdQIpzLTzZAlSkKEHPYITkUYhwqitalEECWilAgpEMpMK3EtXUjCtUZLutoptF4eQpQaiSICQHRdVxXr9RpnqaW1VhzAlK5RSii6CpSIhltrKObz+XpYHRweLhabSUbU+cYMtF61aRpq6bquby1X6zVFCNslSil1WI+1L4v5DFCUEioKtzSkEyeiRLUSEyU8TetxrF3taheyoNa+tVYLpRQ7Jg9GpdaA1XqpKLUgwJ6mNk1D2rNZN67HWnvJZFq5Xg2Saqkp11JqX9rYnJmZERVFKSEVIopUu07I2bquL1FwTq2RRipRM+1sma3UwKp9QQLjzOaptWGalFapw7Ber9alhhS2+q4TRuFpcimRXg1roLUpk9pHqb0xU1PtZvMZmGRs0ziOtZa+76dpqrXO+h7hbJmZduaEIgrZcmhTG6euVhUZYxUVnNOYtVaVaNOEndiZiWspUauQcHRldbRarYeI6LoZIt1spmw0GzIdNijxOAzr1TDr+whlekqHi8TYmvA0TrsXL2Lm83mtnYrGYY2jK6VEGYYpum4+m2XL5lS4lqqMzBZySA63cQCaDS1qJds0TrXWGiVhebQqXelqNw4juOt7Qa1lakMbW6m1m/fOqevmUFobp2Fdu24266dhFDHf2mzNbRq7WkrtpnHKJKJkZtf3LWltqrXUWmup6zZ1JWzG9RhBm6L2NUppOZVSpsml1pDXwyBJpYZoLbO5lFpKRNE4Tk53s+Lm1bC6dGl3mgaVIoQ0tjHHLLWzcxjHqhK1pF1r4JK02nWlFEWtRaGotcxns1IKKjlO0zRWRaiLoqmlhInWpr7rYtYHqqUbcxrHsRQNw5hJ5liq+q4YhxQRXRV4GMZMLQ8Op5zqvB+Hse/rYrExX8wO9vdqROnqNE0KGRewTXpqU2ve2twsUQ4PLk0t+67mlLN+Nt/YEESNlrhNW9vb/axvrbU2bu1sH9s+fu782fvuuSe6LggHKkXO2WKzK9Gy1a7Dms36gqZxHLPtXtw9tr0z25jbubm1GMcRx2Ix77p+vR5rXywkp1sbM7rSWkN0Xb9eL2UZ9X2ttZw7d19r7cyZU/PF3PZsPrM9DkPt6nw2O3Hy1Lzv773v7Hq1PHHyVESs16tpauvV+ujgsJvNJC7t7tXal1LSrXzcR37w8RPHh9aG1TKopZYqLTZmRSXFcnkUAkmKWvsSUUpEREtynCh0XY85XB1ub+8M47RerRSahjafz0ScOnVyY2NzypZWyK0xTuN81s8XG+vlMu3S9cN6vTo8mm8s+joTLNcrO1s6nfO+z8Q07BpddGXWz6IoFMv1cnl0tFqtutrNN+bbW1uLbnFpb/fixQvzxcawWtfaldDR4RFSlIJjGIe0Syk1StJsj+OUmTi7ftbVulqvx3Gspczms5YNiNrhNmYrUaLUaWyHh0e1lq6frZZHRJl1HbLT3ayvEV2tpZR0y3FU7TrVqGUcBoLVajW2cTbv7AS62qvWcRhq7SFF6efdOE1Ty1pkIqdJFcM4TiVUUXMaJIbVGmljsWGyhLDGaSpRJQ/DULtuPQyHB4elq/2sH9crlQAkzbtuaBnQ9b2KIIf11Kap1LoaploopdaIoU3DOGwtFl3frYfWMmvXB1ItXS0lqlAbp2ypiNr3Xa2lKJtLaBw9TUPtumlqXderxDQOCvp+Np/NWhvH9YiUra2Xa5Mour4jWC6P5t3MtGE9qUREzLq+RI0SU5umcVQahMjm2tX5rGumRmS6FJWIWmfNOTm7qCZr1w3DuFqtulr72Vwy6Sgxthah0tc2Znqqqq2NU2tGCX3fZ7IeVn3ftTYB89ksjZ1SSJSQFIqwM0r0s661zGmSMdHNOk/Z7Nmsiyhja7OuglbD2m3qZ7MSiholSq2dLUmlK4EdqtEhOT2u113XzWrvzESWnUbR2khiMeu6xXxjHNdY6so0TSIy29RaKcIRImpRRK0dITlNTK2RKcmotWk5LMGhSJLm5lYUmbTWIhQqrWVXIqK45TROU2YpStFaU2BcVPtuPrUmp0NOl64KZTYpSik1AgEOUWqxEzTrOiuKqF1tk6c2OCXJ2RS16+s4rSBKAcXkht33naRxmrraW7bTqEiABKj2JVRUCiZUQMM4jtMgOZuLIlGOAwbZaSsnM6t91xXbzqlESEUOk1Nr2bLWzibTfVdRZK5BiugigoxSatGE7dbWWUuoqqh0JaIUBaUWcKFEUZEyx92Le1OO89ncztbSzlCZ0iWUZhyzdqWUAtF3AbFerWipQql9SQ3TYIiIUkstJZ1OZTawLAWhsC1Ua8EKoRKllLZuJlVUS41SIihRSi2OomxElYqhNdt0pZTSKdSy1VKUZGaNUHRghWotgaIEmTYuKhERcmai9Xpdag1DUdTSxkl2qdVpp0vXBRhS5Ditl4OkUktXSl+6ibZeHVI6TyOB0uOQfdfJlqIrgVSiBCWzAbUrs26WJrqCNZ/3Uco0tWmcQnJoHKd0luhC0dJd9BuL2XocikTmsJoi6Gfz2nUlwkEppZbqzCgl6iy6gBaSCJO5HptbqbW1VMgobeSImKYpumo8DdPUWlerQkLTlJlZuy5q58xhGpxZo4RwujXXrosIJcYmiRCQYE1tTLGYzVAMwygZ1NrYWtKkEmDjls2NKJHZPLVUTNM0jGtFdLULe5w8DMtSu9p3mMwkyNZKnRkryZaAHW0cS1AUzc2SVEoXhRK1dLWWEsv1apwmKYISUcZhDNH3syhlnCamqavVYlgNOSU4Qc6I2neFRBEFZWRXSijcMiIcpUZIRUIiSgFATk/jRJjUlKlSa0iKxE5npp1EyEzTKGkx64dhlKiqzS0kmUbKhFS6YhjHCaezrVdD33elq22aJjKnZjVPuX+wP4wjhJg2t7ZrlPUwTE4ZCdsO1VIoxjgzglDIMs6pISJKVYiotetrV2oBOSHoao2I1prS3WImC6glWrNpklprLen7PqVpbGmYMhVFUldayzZlkabmNg6tJSZCBbVpMgbLniJD6krfMvuuSm5TM0QUIRUVRctmcBplrRpb60KKiIiWDVt4ahkRSKvlsutnfTdrOY3DVCO6rtvYWMz6WRBtzJBqhKKGo5/1bRqnbLWUWkuU2pUCcuY4TZDjsFZE5ji1hpNSipg8qWjW9dM0huj7ru+6rlTnNA6jFApKLaVELWW9WnfdfJpaOgkNy6NhGKdxEBGlZJu6rj/a329tms17AOVqPahGF3WaWssG2dXOmX1fS5RSS9/3iXNqhFpzP5+11roopTBbzENlvTra2tqSYr086vo+FHt7F9Ns7+zMN+ckIRly8tHR0azvWmZrk6S+79fr9fJoNe/nW1tbrbU2DvPFRimsVmupHR0tSy2LjcV9997Xpmljtuj6LnP0RNd1XVenaQzKcrUqxop0zueLopj189tvu+vw6GB7e2uxtTWbb9x15x3IO5vbqnVqU9/1i405IUmL2TwiQBsbm/PZzEniWrthvSqf+HEf1nf96uAwoptvzqdhUInFfN4ycxqjlGmcsnlze6Oo7O3vqZT5bEbSz/uKLCTN+77r6thaiRinoZ/PaynpFjVK6UoSNUis2Nzc7Pt+72B/uVq2KTcWs1oKUWZ9TXK9GooEdLXO57P1ONZanBrWK0NXo0Qdp3G9Wk85BqWbz/u+m4ZxamOazY2NKLUoonazed+gdLW6lFJLDUXYII/DZIgStXQO164TMY5rcC1Ra991fbYURNRwmqzdfBqGsY2zWR9dWQ/rjcXGNI6lxny2cBunnErUKSfbUUstXWtTa2OgJGvUTPpaQYo6n80lbNyyRozZMrONCXm0XA3rUYgEiAjSJrqu1q4LRdIiyqyfhTSsp64rKjGNY5umrpZaq3CIOuvn3ayRJarQOE61FORpGBQSHtfTNE7AxsaiRFFViYioNn1Xu37W9f00erk8jFCN4lBkSMppGsYxLXtyZumqSmljTpmz+ZzArdWuR9n381lXu74r6ob1EEWtZUM1NGWLWooiyb50QqvVstQ662cKJRaa9Z0iWssS0c/mzmx2V6mlptyGcVgNJRimQXZEtDbYns/mSK212lVP7eDggNBsNg/J4JSUXe2x7RYuBEURKlKCFOAmJEDCNmROJKUETjtKlFK6kCymsWW22s/ms35ya2MLFCVsr4c16am5uYXUz3vDNE2yNjfnimhuIpxerweg1M5jI5wpVJAzM0qhmWhOC1mO0tFymFaYri8RBQtP8/kiVIjoaiXCDqdnXTe1cT2MrbWIYhxRuz6KQo5aSyklbQWZHttEZsvsakHGzUi1RqhIYw6SulqnYRxXw2w+i1Kap3FY26oqFFUXY4Si9F04cxxbOqN2JGlHFEKFCoBsBFFVSqgUSW0al8uVainRZbZCAKUQqhImQX1EqDhAGsaxlOhKxR6HoaUpZCaZtatuTjcpoCmqQpktgiBkR8FWa23MzJalVsQ4jVGKQk4D6WyZNUqtXcvmacI4RYDQmElEF4qg5ejsu1pqdKVkpvGUWWxFSWcXpev6vpS0ay39bI6iFoSLImklSlFRSCHZw7AC164X2DlNrajM+qqIUKTcdbWWDoMcUWqJGlVFRVWBFJZCMebYlZrNXa2lRESJUiVhWk4lipVRi8AQUpJTa110kqIWILFCIQnGnFpLlSrZJYqZ2pSZpXbDsExnxZToapVpw6RauugnT86UJGlqo2xL4zDUWS1RW7YpW5hQbG1sRhHJer1q01RqaZkSUYqlkFqbWptq35WIiabG0XopJ8E0jG0cFQppzFaKaqnpFiVqLX3XGbextTaBoxRFICKKlSJKKcM0Zcu+67JN09giQmi9Xi0PjlJRagEnVikht2mKUkpIUUuUaRwl+lnXdX1O2bLZEOqqjKY2hlGUrqspsuVs1oVCkqIIppaBhnHCECpRulqBXA217yNimtp6veznC2Si9F0HUR3RK4jS9bWU9NjaFJSIGNbrlq1f9Baz2SITO7uug7SVbQypVIESlwhJJUrtKqhGnc1nXSkK5dSSaRzGKNHVWaJk6vrOytJFrV22DGywqbUsV2spFJQozuy63jBOY60lajk6WhpVqbnV2vVdXY9rcIlSaycBbi1zmvq+77oKbsPUnLVGoFpqqTVKODNbOpszW5uGaSQ963vVMo6jRZSaYyJq7SIKoWlYgxyhwnw+n8ZxWK9KV/tS+25WZrUrpdRaakSUUDhUa1dKwZJCJaZpku0p1+NQaqGEJ0+0QjiwU6hlc7aWGVG60rVmKbPZ2cZpGqep1NJ1XSiQptZsR1fGoUWUxWJWSoSDAAwqpfSLWU6e2rrv+7TX62E+7/rZTMISUTLHIKbMNk0RUQjVcOY0TRg7S5Qowhi11tyaCMja96219Wow2dpUopbSlYjWLLweVzm0YVg5mc/nERXUzbpau2zu+oqi73vVik3LKBKMU6tRxpxymnBLZ7OnaSqFcZwOj46ULVGOrdklisiDvb1hGPu+hmI1rNOZmZkoajJ1tYfW1a6UcnSwj9OwWh1ltjAHBwero6NxmDa3t2qJ+XxeFBGl6/vVcrVerZ1tc2s7p9ayERE4M8ccW1K7PoqdOYzj1KbFfLGYz8dpLFbL3N3bHcdJJsR6WK1W09Fy5eb5vD86XO7t7Z08fXxjPscxDethmua1X0/r1WrYXMyjluXRulYptD5aYtc+IrrV8mg9jTiH1bp2tavd7u6lrnY4zp0/d+01p7v5rLU2DKOi9LPOprVWS8mk6zpE3/WL+bzru2EYL126uL211dU6jdN8Nutqccaf/8WfLebz6264fnW0Wi6P1ushQtnafL7o62wc1/sHBwH9rJYaBweH5aM++P3PX7iwubXV1RoRdk5Ta1MbxuUwtPls1lqrfc2W2Yaote/7qTXsfjafWlstV5iuq1Nrma2NzebEsZ3letUmBxqGofZ9Zluvh1rLeliHNI1tc3Nz1vfTlCqhEm6t1C4yVYoi3HBry/VqHMZjO9uoTtnW63WzQwzrYef48cViMZvNMDbDeopgvrkRwTi1rqtCQl0pRClFaUqprY0RpSs1W9Zaaqm1VBFTJqZEaekSzmSYRkQbpynH9ThtLubD2JQ5m82MQ1UhT2mj8Ho1ZqN2nRVTG4siau1KtDG72SxCy+VyvpgN07RcLmddUam2I0oppbVWSq21rtcrqdSu9H0nRVcDVRuVqChNCiAiaukEw7gehsFFXalJrtdNgVSBUkqtZRxGi3k/h2w5dbVrU5NksNWyyeq6LqSDw0Mpaqltas0pq/SRY2a2KLVGSXu5XC7XS0WppaCIcBBR6npYS4qIEoHd1ZIGR5TS2jgOKXkcp4PDgzY2SJxRCkk/6wROpZtErVUIaDmN62m1HqTAjONQuq4rVTC20XbDRdWZLTNhGgZFUTBOTVGQRYZKc6Y9X8xVAxXQerWSIkKl1pwyscQ4TNM4RaciEopk2yqZuTFftDbijKjraZzaVKJHGRFplVJwTmN2fVdCwzStjo5E1L6PqjZNQiqlFELR1aJax2FoLRVM62k9jn2tCk1TYkqtwlNOraWEQlObZM9mcwpqMo6Ivps507IVXddNJts063qVKqjRKQwhsLLW2myPzc467wrKKSm0qTlVus5tAmWbkPpaBaQRpatFJWotSJIimh22RUTU0qWzq32IYRhslRoSJBmKEm2caglMc6abk1pKlAJZS8iiRLZpvR5sYAqKQrXU1tpqtXLE9samnVKAVWVrGIecpmnKsB2qtWZLZwK1VsMwjFO2EqHEmRIKCZVaArckQrINKJBVIhPlJIVEc5t1s4gY1qsotXYVrFC2phBQIponZ9boU55aAztUSxnH0Zm11jZN6/UqW2tAGjxMDeeULVtz5npY11pq7Ut04KlN2VIKgAhFUGIcxswMhSJK7QOGYej6vpSwpKKiMOTUDLXUhp0ZYhyndEPK5oiQSDtQZiK1bAoh2jBO4ygRtdiAQX3f11qRWk5p14g2rFVC1jSNLYkgQsA4TUXqukKUIk3NmVNOrjXSWWvf932Ugj0MY9Jq1ze3sGqp4zjaBAUFjgh1taIcxzZOratdoNoVStjZRkrf1b7IEGWcRklKxmmS1Ne+jeN6PZnMcexnsy4KVkSUWkqd2S1bIyIiIFSC5lKLQemErusxOU7ZspkSshRyrR1REpcoXS2Ylm1YD/1sNpv1YdlMbWzDWKP2XZkm0lM6TXa1s5U0IZspW0illEwb9zWMnBYRBalM0zC2rGEr7EznOE5933VRhWuJdRvHaYwSCkUJFEUoKriUqhBFoTJME043t4SkliglslkQKhEhlcwxJNVSrFIjCBUZZ1KQFF2pCk1TAydqbWqNYVxPU6I6TdPmxlbXxziMQRhsTARlylZrkeo4jUTI7rtZFFtEdGnjHLO1qQlqCVnjMKaz1K4lOU0REVHamLQWRbaJsDNbSgFka7WWtNfj4JZSFNVUc+ZisYjSjeshTdf3gaapSeq76syWTSgqQipltrEoJQoxpcdhkBVFEDXCqSi173vboKgREV3tWnq1OmrJfNZP0yhJRbV2ENMwjONQai3SMI3ZWimBQDiJEmA7a5R0Tq11tQjN5rNSQgixGoaudl3pp2y1loiaaUqQFlJRBMZHh4ehWmsXEbUWEHZmhtXcaim2h2HddSUUSZZSEq9XYwS1dFEjpLQjpBJRaoQCSQ4iSVJWwa2UMraGia6oZZS+n/Ubs3nUvuVku3ZdKSXJbNN6PQak23q5GrN1taQTlWyTm2qNNiVSV2raXVdE6WfdbD4PKyRnK7ViQkgqtaOUrpSu1nHKUspivuijwjQN6fDq4PDptz792muu7bqikJspMeu6xc7mxsZm7br1cpVmzNG41DKrdbGYHxwc1NLVKM1NUo0uSrSWXenSbRpaiZAiJIlxyFLrelgp2N7eWSw2WmZr4+bm1ryb262WMkxjibK5tbW5sXV4dNTGqXadiH42By825okP9vaH9dB1fSimaez62cbGxuHBJUvHT5zMYbi4u1tKlNqVWjY3522cTpw8FVH2j/YPLx3abTafZcu0Z7NFy1zM58jjMM4X82kclsuVQpubmxubmzn6YHVYo2wf25n18z/4g9+vfX/9tddeuLhLlI3NRV97q3iaJg9SlKhbO9u11sOjo9XhsnzsR3xQZlvM56thnMZxPYyro+V8Pp/NNuazMo4TqPb98nBZajefz9wcXen7eRvHcRxrX1CsxqHUPjOHaczmcRr29va7vpttLKb1aJvQMI4b8439vb1Le/sbm4t53+EYp0F4bG0YxnSWiBIRpThzyiw1RKl9nznKypa1lK72kmpXbLdxOjo67Ert532UaJPJ3N/fQxElUKgUWioKZGvZ9zUkTLr1/QzZkrFbm89mUgzjykQoc5pm80VXS5tyHMdaS+2KoptyhFK7sl6uZ4u+SOvlKmrpZ7PMSaiWDjONjQCEU8kwDOM4yhhFRLqNU+v73maYxlk/KyGp1K7vap33s7TsTHu1WndRXMhpQqo1DKJNME2DRBc1JRzz+TxzalPrah3HUVI2lxIU3Ci1Uwmc6RYqpYI96/vS15ZtmsZa+67vnE1SVKWVmX3f1b5OOUmalb6f9xECWpumTOyoRahNVkSRCRmyjWObJNlunpx0pSQm2JgtkFprqqVEjMNYaqm12pZYrVfDej0MY3RRoygwUbtSSzdOY6YVQnI6iqLWWa211r6bJSlFSKWGE0XtZ92wWtNF13cb862ondMlAhWwFBZHR8vEs76ikMNCKdMs4WxtkjRNrZZSSgmICAkDmW2aQpGJBNgyDkSU0tViy3JRUaBSIoTVstGym/WzWb9eD8O4qrV32p5KrYQLtdSSbrN+VkpVOiIkO7Gn2vVRauJsY9qLri+lkDhNVWa2cTDZWhuGdRqhvtaWObSx6/oSVbh0VbBerjKbIoxbTihCsqQiqSBPU8up2RqnUdI4jsN6FSUKMWVzuhSNrdnquy4gSqioNYeopaS9HlZuWUpVKQIJFUmyBdiZbYoSU45S1FpKVCKyTWR0JZCili5imMZxbGETwo6iKNVgCSdSV2uEnIlUomAlLlETZ2ZElK5zswpIglICKQ1pSEUgQrWWUMQ4Dq25rxWcTkmOLNQ2tYRSaxCWMzNCJaoASdhIbqWrCiQMpUSgbK5dJxUF4zT2/azr+zTr1aq17GZ9NoeIrgaQTrdxmrquV0AiMu2IUmuYyJyw006sWopK6eo0ji1UaxVqeFqvQ24tjQCjEFGiUGotraXBblItJaaWtClKidpHCHucppBKdGO2WuswrLNldIVkyiyhWrrSd62lE0mWSaNUiShFSHKJMgyDs5VSQ0ytoej6GkaSItItaumqlIpS7BYqKratEtPU5IhOXa01QqXaBqRQFJMRYTyNU0RESKUrJaKEAScRpkVUO6fmvuuN3VKlGNdSMhugUEMqJUKFcJCeonSYbE0Kmcy0W+m6jc2NqNVCKjiztVLrvJ8RZbU8Ojpa9l2dzzZqrath3cap63q3UVFqrbJUFRFSAWc2hZzNoJCnKS3aBOpqH0V91yetTVOirtSu76aptal1pUaEkci0yEQoiVKKtH94gD2bz8GtZS2llFBX3Fy6arJGcaiNLYoaKeQ0ICSpTZOzlSgmx2mKEkUyWVQUKiFFNhvLEBW3FDS3zCZAUWtRWI20JZSyPbVJmbWfCYNKlEw3Z6hIlko4a+1L7XIcxzZZdF3vdLpNw7Qe1l0/67uOkOxxaLZrrUYhYzU7JAVAKaXWmnagri9OUk2KzObWbNPSmevVSqGudrWWdGJnyiIiCLq+ArYDECZyytKVWkMoup5QpqexlVJCNXOKKKUvmeq6qhKyVEpXSynVthQtm0BEdDWkTLXWWsvahUEhoajgatKZTidZSkREm9o0ZKlRa5GwPQ6D7WyutapUq0klMwOi9EUhJCuCWgtg01q2nIZhrLXru65No4pycjKV0rWcMnPWla7rLTmptYANXdcvNjbGnJarZYnadV06p/UYJSixXq1KrSViyuxq13W9nU6wVUrfz1o2KdK4tdp3UxuGcSi1OzzYPzo86Gazfta3aaSU+XwjxOHBXu1KhMb1YNMVXbx0YRzHbtat16uN+cZs3tcazQ7FNE12K10VUUsHatnGYd3VOu/n2XLMXMwWTjU3oZymqCXAoapiso3Zz/pS6jgOzpwvNgRRGMc266uRoO/6nDLbGKF+vtH13cHB3vbWTtrTOHb9rNRSS7caVuv1UEvUrtA8tWn72NZ8ttH3naW+RsI4jumsEf18rqhRy9Ra33cRcXB02M9m6+XKzvnmop/NZEp0W5sbwDgNKIZhmLLN+1mmV+M463uVirPWMq8d8nK5rFFuvOnG4ydPzmpNu8y67Y3tTIbhaLlalegVkVjEalgO62FjMS+f8DEfunPs2Go9Xtrfzcydze2u70yWKE6tx2E+m3Uqtz7j1q7va6mHRwd9qZluU8uW/axX8zhOEbG1udGVWMxmw7DO1k4cP97XGl3tSr8a1kdHB5s7WyW6ErG9sXm0Xo9tioi+70rE+nA5rFf9bEZEZo7TRE4Rtavl6OAoFBuzWYp+PmtOIlbL5TQNRrV0aR8dHa1Xq4hYbCxm/UxOQ+26nFqbWq2l1tqcsoQyGyqZzWk7cMo0INLNyFNrpfYl1FqG2NjYbI301HJSatZXpY1LLWkENsKlBNZ6XGXLJkuyJ5VaIkSev3ih6+v21lZmSmrZpvXYyFktLdNQahdFMsM4tJatZeZUaqlRUEQpyhwzARNCQSjCttItJwln62ufra3HcT7r014Nw6x0BIGdAEGgKKFQUMs0jCHm81lrjXTfdVObaE4aJt0yW4Ryyn5z0ZUiqbUsEV3fRe2CohJkFhGlc8txmhBddK21FLPah2yVUihFU1NOY0QppU7jVKIKhcKwv7vvbPPFRtSymM/nGxulRJuy1ioxThNqRaXWHoGoUWyQmxN73veNFKqlz5ym1px0tZauEw4H0jROpVBLJ0Rm15Wu62vXF4X6KJQo0VpOw1hrFxFTm6IUS0VSVzwloiiSzJatTQqFlCIiaq3GKKYxJZfSKQiVKdu4HltOJTopZFqmosxnc6datlKLKABFSoZxwjS3lhkRzel0RCmlpts4jIJaq0rJzGGa+lkt0LJNUw7jWGonRV8rIaQSESbkUGnpCEC1drWL1hrObJQaXV9pzS2DmC/mpXRTmyKiqrhEmyZ7KqVELYgQKjGMY+BSOjtr7Wuttlpr2F2toJCSLLV2fZ/TVEtpztYmZ5OU0JViB5LtySnb4VIr5LSeEFFiGtJJN+tAUoRKlIJp2cZpkhxRWmtFilpBkLJUNOtnGAz2NI191wUSSpw51YiWIJVgHCbSUTWNLS1VdbVrmYHSKCml4pzGodYCDONKrhFWEFKzmNowrLIREfP5HEU0T4ntvisREXJEsS0ctXObhmmKiPm8z5xay4gu0yoRUiklsCPAoej7mc04jjYQxhZBdbZpGoCikCJQZoa0mM+nzIgISxEBUUrIR+slFLAzo0TpSloep9LX2nVtHKdptO20pHGaSq0SJvpZD9iuNdTCsif3fed00qoicVFBIZHZShRDy6nUXlJaEVa29TRJitKFsCdZFsv1SnZfu5RzSkc4M6cGhCqgEmSSCkWQpZZQSWcJzTfm0zjVrk7TRLrWkm1aD6v10TLQfLEwYmpIZPM0ZXPzlG1CgcKWM2sRRKmRViAntsMolDllEio2ESXbRCpEtmmasihatpBq3/VdVyJamzItRxehCCL6rnjK5qmqTtM0ZXa1pGMals3I2LZs42aCrutKhDMTSFoaHFFUVEoUFUMaIQGyUy2nUpSKrnTdrDoVEVFKayOlumWIlllKzWzZMgqtNZI0UxuDCDG1Nk5jOkvE5MQSETIqOPuuk6LUaNN0dLRKpyQpIjQsh1pK6fooGIkiobCQSicpbdvr1SqMakhKTJtsqwRORUSEWzZnZiqlqjRRoqs1otRSpnEMVLtZ5li7Sog2DdMYpuu7NOOwLqXWKC0n59iax2FsmbN+VoJSK03jlEUCckrsbta3nMjWdbOQhSwJZ8uUPLXVOPbdTAGhcNitNQcx5VSi1r7ans06inDWUgMyWyY4lQmMw5jO2tVQGINKxDRltklScza7r30tdRqnRpZQtjaNjVCp0VqGSq2l1Np1HYqoJaJGjVJLBFGLLGAcRotZN5M0TENEKOi6zlK2rKWQiSk1wpqcw7juul527fo2juMwzDY2IIZhHaLre7tl2s5MC7u1saXI2vXplOj6OUna2H3pu26mLjITA1H70nfdOE7GEZHjOJFVBdJ2V0oprKdp3nV9V/cPD2ddt5jPW5tsS5Q6m83nRTKuEevVSjjb2M/m4TA+duz4MAwb83k3n1+6sFe6WqJka+M49l3tZr1QFAfKsc02NiStVkco+tKl23oYFBrWY+kqjMN6GMfRYpqGiDJNLVt2fT+sxvX6qK/laL06PDqcmmd93b24d3R4sH1syzCNLVtKst31XYlo09jW48bWotjDuFqPy9p1NtM4HR4ezmbd9tax5fIobQV97SS1No3jFFG6vtRutrm1oSnX63Frc6tbdKvl6mh5SCqihJQtV+tlN+s3FrPMtjw4VGgx32hka2CWy/X21mZXakRZbG2X0DiOIWfzwfJo1ncqGodxNSxrlK6WvpuVj/yQ948SfanzzcXGfDO6IutouVyvl3sHe27TrJ8Tube3v5gv+r7f3D5eu2jjGLUerY7kKF3N9P7+JcE4juPU0sxms6PlcprabDZ3ZBvHra3txXxD2WqtUtx37z1dLRFBKqdct2GaWq3d1KaudJsb8+VqnW4lqqecbcwyvVwfTeOYLWm5sbXJFON6PZvP0tmmnM8WVmbLxXwxGnCt5fBwOQzjbL5orbXM0nWGqWVOjRIlYhrWpe9m83lrU2tt1s1slqujftaDpsx0dou+izoOUy39bDHHObbJbkUlPYYqIdMUZWyT7YiYdV0XZWrTbNa3Zju3NrcltTSir310dVgPs36mYD2si8o4TeM0lKhTZoQjynw27/vO2CazpVu2lqTsYRwRtjNbEKBhWLdsfT9rbVqvhlpjGEbJ8435crXOKYtK6aLUDjG1VksxNlFK5OSptShqzemstXrKdMMKla50CXIO01Sk1nIcxtp3pQR4amNKs66TSdxak9TN5oYuSkQApqU1DkPta1e6KGrj2HLqZ33LqbUGBi82Fl3tnAaVoDUsRyidXekITeMUtWSmnX3tWo5tHMFSZKYsC0rIMpRaimI9DPv7BxJ2ImrXTVMbpvVk97N52qQxU5vGcVRIpUQJoeYUJSBbjm1q05iW0lGL0gaVQIicpiwRtvvaO9NAWBAqCkIx5YQzikhHCduZDrCIoqKSbqQjlIU2tShyempjRNSotatR6jish/W61FDtImKaJhQlGMdpagZHqX3flVIUoSgl1JxMHnNCmnLCGGcSVZ7sZlDXlb7OnDQj5CK3tNqUU1HncIBCQQmFQlFUiXFsbpnkNE7raez6inMax5bNScpuLl0HmoaRqQ3TqFLbmNM4lghQaxklur4LC9N3vbONrZWos9kCZcvmjFIgZDvbKKt2JbNlZkQW1VpqSOM05ZSl07iexmxFNRQGO2WwJU2Z4ziup5FsIiS6riBP4wQRJZxp1HeVsKSQibATBNkyayn9rK+1i+ikbEMLUaITNllK9F1nt3FsTpfaVZiytUSBnW2aWpvamLXvCJWIWmvEbBjW49jUUkFXoo2OoubMaaiqzZahBLivfRQ57SkRXd+lXaMWlSnHEhaRdmttaplttD1MY2YSKrXgUmqQGaVErW7OnCSRzgSlJFBIilrCUixXK5xdreM4jtM6rAwrSmutlJgycUrRpsyp9X0FlVIMU7ZpyCgqKqEMVSL62gkl6UxUogT22EapJhaqtXMmEIHRsF5P0yQyjUnLy/VIRAlla6bIHCyPxnEl03UBihq1VFmlL0S0aaxRpMigFEklRImKM42URVFKlxA1JrcSISlKlK6OwyhKKVIoWxunEVRrLaWMbcpMUObU7L72CtJMbk4IhCSVWlp6msaxJaRhmsaQokilurU0ZFNEqQEqChSKsO2pWUgEkU63ls0SzYlkp7NFibRbNjdHCQFpSUjZWqZrKXZGqdFVT9M4NYqUTaVGKbR0OkqNUhQqoVq7zMSJituAmKaWaQwhiNbGqY2hApZUa4kIULplS9K0pJYSHWTtQijshhH9bKMvXYpMSyYCO0qUUlfr9Xp5FCVq1FIVRHOGFKWUUjJzGscxhxpVxq2lU1GVVqVGB1lKzUyjKJHNksKUvpau5tRKLSXCzgiF1JyEFvN5mzKilK6AmifSpZY2ZbZRJWb9rNbSphFTulpL6fqZ3ZxtsbFZaozrYRiHNmaEptZKCVCEotSpNdtSHyVwKooULVvXVVQEpZYoKiXSjoiogVCUxNFFV3uVgm0TJXDLZruN66G1UaZls8DYLYRKYUqVGMfJORUV1SI5orSplYg666JTV7opcxrXTtdaFZIAhUqtkW7j2BDz0i3HAXs2n2OGYZ3pvusilKa5kVlrXS6X0zT1fZ8kZIkSUZodhVAIjethapOqpBJiPQzTlH0/m88W4zQcHu2XKPP5xmw2AwURRRFyyjhK2DkNY4RbY7Ve7+wcW69XB0f7i82t9bAms+vm6YwoQYyrNSWj9rVURbRhatlCJVNTjnaLKBuL2dRybG1jsdHVrtToSkzjFKXUErXrWsucsnTFmV0tXV9aay6qoY3F5ubGQgrcMg2AS4lGlqilqCosT1OLCLVcTUMt5WD/MMiIMqxX83m/XE9uTaFpHGazmYNhuXawubFRSpeZEsujw0t7+7WrG7P5fWfPjWMrUSjRlbJcLluOpev7rkesVuvS1Vk/n6ZxGIdpGLe3tlfL5dkLZ52OWmddd/HChf3DvcViaz5fLJeHiFk/b20cxpaZs8VGKVE+/IPeZ7lcZWZr7rvSxmk9rPu+70q1VKOux9GZx06dLFEzPQyraZyk0kUttWA5WxQtFrOu68dhrLO6ubE50S5d2p31vd0ODg5s1747f+HCfLboZ/3+wcHR0UFrbefYsagls21sbiw25n3txylLX2QODo9szWezftGvV8OlS7t9P0PhlqXvAh2uloSUGlt2tc7mfamlFC2Xw7haA7V0Xd+HYsphPUwloihM8+T1MNSuTOM0tbaY9ZnNZhrGaWq1FimclBK1lKGNhTKOY5sakVMba+nATmPa1NbrAaWdzixSLcXTlFbmtFyugkBSKRubWyHWq/U0TqXr+q5HKqqr9dHUmPUdmUREBFG72vW1S2e2nFrLbBT1XZchJ33XySlJktMpZrO+lAg0rIeILmqRFKFAEIeH+6V2pca4GjIzJGSFWkthBeM0CCRNU6slIsqYk6GWGNs0TZPENLVxHBUl0yDbbWqy2jSF6GodhqHZ/bz3lC1biIRxWBvm8y4Uwzi4eTaftWyASnRRMpEw7mpXoibpzCgxJaSbsyqyGTGO6zGz62YB45iSpbDU1b6f9eMw1b5b9LOWtl0iVGLKnMYJhKQaNWrz1KwuVLp5LaUA1tjGNrnr+tpVu4koJdo0RQQYkKLv+q4rElObShQUwrVEZpRQlDJMgxStjUhOmwiECJUoISGUuESNKOtxiKK+66IUqQzr1WR3/cxTi4hCEKXvur7r7VwNq2qaMZ53s3Rma5mZ2WoUhO1SikIC0NSmaC61OO1MZEKgKMqWbi1aa2kHJSKxwtM0YieZZr1ejeNQS61dncZxvV7PukqUNk0tp5xQqNaKs03Zla6rtStlGKfVcikUXelKp4gaAW5TEu5LH8XNOLOr3ThN8/nMkqfJluWur2nZqYhxGIVFSbkrtUZkJlLiGsVWRCiKBTLpqY17+/ul1H7R11KjhETS3ChVLZW4RhEKlVqLRSlRo3hqbcra1UgIpkROwTgMVrhlZmtTM44StXTT1IZhcI4RpdaSzpY55Oh035XW2nI9jsPoNkUJF9wIEWhMr8fVNDaV6Eqv6CJk4zColKKwVYtKKoUkDas1ilI0ZRpCASE5SpFQoXa98NRaRIFsGVhEZrqojNm6vi+ltJxqqeM0zWczO4dpwqK1qTXSJWQUUdOKUI2CbDdBqEao77uI0qaEImU2lwgEJbCl0qAWhcKS3RDjOBrPus6yoSik0nIMNLUpW5ZSELUEoAQh03fdmC4lpnFUlCJZLlFASCVKJn2ppZYARVjIzmls0zTrZ303w21s0zCs57OZQh4zVFQrorWJIKSiIIpNKVFLFWClM0hPCW4tnbZbtowoUQKTJkqUCGeO2US01gyKUoKpTUIARnIbp6g1ndi4pZCpyKiGMhWhUgOUrUWU2XwWKpkZhSiM45DZbEcJ2VNma9M4jbWEDVKgcVhPrZVSaqldV6NEa+nWUKm1KEKSpChhSFqJoighgrBKKTGOU2tTKEqNaRxLyKlxPUrZzeZF1G7WstWuzPpeUZzZsoWi1q7v+1IDAly7mfE0jSIUas4ulPY0TqFyuD5q6aLSqVqZmeA2jqGAVBRnrleDsa0uSnQVsIwZxgzZIClKGYeRKH0tY2uZ2c26UqKNtjJUopYcm+UuutHZ1eoARS3FmdPYLCEEQGaLKFMbhVC0bK15ykmi7+eUcGt930cpbWqZlFKATLdstS+ZAq+HwdlUai0lasGWSshSOCfhKDWCUsrYxqm1UgIhA3aKJDO7WoNYrdfT2ErXCZUoioiQwNmcIIHsTKeTUESJbBTj5nEcMymlRldxImb93LBarUQB2jiOrbUpFeFkeXTYdXU2mw/TWKLYUlgwTW1YHnWz2cZ8YzmsS0QptasxjuMwjX2dla5asR6WRG1tgpDoutrXTng1jBHCITGNkxTRlZDGzC5KRMnWwEWlVKXbNKzBG4uFW1OUWa3DuJ6mFrX0s1morA4P+tns8PBw9+KlxXwWpQ7DKptqLetxxFAqaafLrIzjWGoHqPno6FCKcb1WKPoaODOzJdbQphxHRyEzna1N63HKbBZ97SOUmYvNjQiKCmIas/a1jVNrNpY1ZSNiPutoHsZWSp3PulIrYj2tl0fLo6Oj+Wye4TZlV+v21uY4TS1bP5tHqev1su96pKm1qLVGLV23sdgE9nYvzeczm+V62N7c3NxYDJ4O9g43N2b9YrZeDsO43tzanM02uq621o72D7a3N7t+tl4N+3uXZrNZP5uN0yoiNja2SonZfGYjebHYGodVrWVqzPu+jdM4jbWrOZnMdJaP/6gP397aSFMiEi9Xy6LY3NiYbSyObW/PN+YR4WS1Wve16/tuuToKxfJo2ZSbG5sSUkTUrY2t+cbiYLncnG2OnpYHq5PHT2/ubE9DW65Wi42NxWzj/NmzEZQubG8sFrb6+TyniYgcW6j0/ezw6Gic2mKxCIVE1OpktVoTzBcLA9K8X5SuKxEluqTN5/MSrIchxzFKRc5stUYpfdf1UeTmUiJJMjMdNWopKWWb+q6PUodhwk5cS+n7vqu1FJXS5ZQtxxJRZ13X1/VqOY5jKQECWmaAQkJgp2ezuaW0FSFkhdWKQR6XK7eMkCL6WmVLErhoaz5LxzRNtdS0pBaotXZwuB+1CiSkgkLOGiVkRSnRlaAU2UzDMOtnYESttZ/PSgRuLV270nW11j7HlhBFEiJkpnEMqUSR1NJpd30BcCbua9d1db0eFDnr+qm1ru/AtZSun+OUUFFmtmyGKJJKhGqtY2shIWopgVpLN3d9lSSpDWPirutbThGqpWtjlq4uV8thNfSzme1hHAMkYa+H1TQMIRazDYWdrZRQRAmZUDgiouvms9l6PaayRAHaONauq6XO57NaaleDKGGFVGqNUMuJFq6KKKVE7fpsU44tnVGKSmnjhF1qmcbWpilKAZGkMpLm1tKA033fT9M0tamLTmIaxxIlSkihKLUoTTojQgrbfVcbyCJE5jAMrdmZJUKlmHQSUss2tsxMSVFkMDlOQ2YrtY7DiN31fSmBc2qNCGGFpFJCk1Mluq6rpUoKnM2ZqVpm3aL2vRQ5NBvjKEFmLaXWGkRXa3NTEpJAEkVKIupsXnNqU2uW+r5TqThFQMzms76rKiEjYSud8/msn8+mKWezWT+b1VKGsfWzHntqWfqKcz1OOEutERrHwVhShKRQKa2NpdS+VpVapLE1Z0p4zCglSrRhnM3ns9k8QtM0Ta210WOONfqQc2oK2VlCpetKhJNxHB2QHsep9qWbzZjGYZqKirPhzLRNraWUPkJtzCmnaZzW63Xta9/PxmFcr1aApCgxTc5sta8bi0WbWhta13dEGJNIKtH1fRdS7eo0ttZaCRVqVDU7gBoipBjWa2SFa6kSFl3pJLU2YRQKSraWLckkNE1TZouIrlab+awjmxSBbYoiW5umzMyiiIhai4jJkySVUkvk1OSmGoAtpx3uSieVzCxy1A5Fa63r+1ICEJG2AhERam3MBjANY+06ReTUwNM4NZohG85EESWKhRBRQrYFhJTOzCRba46opZZSCtGcpYTtKEFIyDhbixLz+bzWGIdRoah1dbRcrVbdrG8th5xsT61ZCiSX1jKirNpoOxBiHAaLvqu2HC7q0lM2h0oJqRTL69XK0JfOQdrjNPa11FIFUQuNNk1dV41aTn2dJYhEwhBFaUSUAErtDEglVELT1AhFCCIKU0u7OYEA97PeLafMbGOtJaJGRIna3BIHUpEUIGdma1apNcDTOAmnTbqUyNawao0SsgJZSLYzF5vziNrStVTbta99P8ts6SSUTkHaVUwts0211NKVEiUIxDSMhkyXiBDTMGSEIUSbbLlYU7au75Ns42g5IgQGUK2dM+3WlTqf9VFqo7XJERrTnsZ+NrM9roe+lhp96SJbS6eIQhhblsJ4HEeTgpZNIRIEbtPUEizLaUCY6PtZTpOTqU0ts9YyTBOZUQsmp3EYp/V63dWSLe1Wai1onNbjmJ5aKRrapEzVMit9N+vbNIxtGtfL2pXW0lYt1VJrU9TibKv1MiJqqW2apmxRyzCuUUCESLKlqxAoIqeWTreMUiLU2oQz04lm805WSjlNpat2G8bBgciikhg0TWO2Zly7qiJb47Ay7vvZMA7geb+IoghlumWbhtERi8W8q72kaRiAKDWzGUUptru+ZsvlaoUss1quikrpSpSSmVOSniRKFClay5TdsiUSoTAo1He11sBM4zhOU1/72XwxDMOwXkWU1bhcr45aI1TcxtVqnC9m62Ho+n5ne8stjw6W2ztb835hcXx7p02ttdbNOmeqlL6rpQRR+lLSDONqNpvP+n4aWu3qNLXMJtTPZ7NS1+M6XEsJlKVEmyyp9FV2188jczkuD/cPhmk8sXMiAuDo8Mh4Gkdw33fOlmbWd1O2o8MDOaKW6Ds5a1dLRK1lvV7v7+9tbGzM+lnK43rcnC9KqaWWzY3NEuXw8MAix+loeTSb9Tsnjk/DiBNxdHBYiGMnT0ytrZbLY8d2SoRQqsme2jRNY0QN1WFYTTktFpu1r+fuO3ffffc97CEP7ft+GKej5aFha2t7HMeWznFSaD2Os76PUNfVcVwP66F89Ie83ziMhHaOHWvrMUpdbCxymqac1sN6vR4jFFGcJqKfdavVMN9Y9F21Wa/WU2vz+SI6LY9WU47r5ap0hSSKIopNNyuyal93drbH9XBweLCYbfR9p77sbO8UebLVfLRcLlfLrnZpyKnr+/Wwns36WrpsU9d3i1mPcWZmQmbTalzRmqRQZCPdkhyWY9f3VcWitWmcxja2Wrva1XEc+663wJ7P5yEJIkLQphY15rMFwbgax3EARymr1WFm6/r5rKshUZjPZiLGcej72sYWQa211rAKLRUhWVEDutp1Xd9yalN2Xddkm76flVqyTcv1IMVs3k3ryVKJaG0sUSWB056y1VowpdZ+VjNzWK4IVYWlUmprQ2s5jJPktDJzatl3M7c2DmMtIWrUyLEldLUMHkuErKllkWyOVkcqUaJKsu1sXT9LaG2qpZaodrMn0Zei2vUlSkRXi3Ia7ay1I5MSGEldPxM5jdlay2kqXRWOiEyP46haBBER0tRaqV0R62EtV8LDuEbYWWvtZx2m1k7QPEWJTBSa9fMxx1rkhnEN1m0iLWm5XNppM45jUVdKjFNr09TXLhM3q6q1ZiKqpnEEkbkap74r0zSShMi08GTnZJWYlWKpdF3pSsup62dOr4ch22jqbD5rdk5TRFVQSmCns5SYppaZqlV2UayXS0ISESVt7BASOeWU2YbB6fmsj1KKIoogJCO11pwpqat9RWM2ZzqKGuBZN5umNk5TqXITilILEumuq8A4jU4PwwjGzjEtt3S2KVt2fZVwm5oypIhSS2mtTdkE4zhmttay62uoqqiUKBEo3DyOI0TX1VprEK0NY0vbpUStMWVrk0Ub24RUa0Els62Oll2dpbO1sZbi9LQaICGyZXoUiihOuloTZLquSzNOaykiip05TqUG0FortXS12MhW7buiaWpOsA21VAmJTKvILY2LRES25mwK9X3XWk45ymrpUERI4Si11CJFKbXU4kxnqqjragSzbl4jluuV0/NZN5stZKYpFd7Y2tpabDa7jVM360AllM5SovadTVfq2KaIUqJGCSKmbM7E1K6b1kNro0J9V2vfp11qtZmm1loTjpCtkFSjtdbahFRLdSYKbAVRwgo3S4pQSjXCJSSMIiilRFRwphQx6zsRhGoXwzB5MmGjTqVht6xRMpTTUGrUUjMTk2mCHFuJGIa1AqcklSh1VtxyHKau72qp09hq6aJEFPo6Q4GzZRtbtmmy06bUalCEFCWiRC0RiZxOY5IElZZTUSBkxnQbx77vW2ZEzGZ1mqZMz+bzruszc1brej2MY9tY9LUWHGmj7NA4jSVq11eiZGu11FJKjk0luq6TUwKJTEUQxW5SCIdqlIKppSIC0rbU1zpN09Sy1iIJO0QptZTABDS71JpuzszWRIxtHIaxlhpV4zBO09h3XSkVFFFKkUwK5Hnto5acFJ2kKCX62s83FiWKW8tsSIaQIorlbNlaay0TY81m88m5PDhYT60roYg2tlCIMKyOVqVaeGoOxTANIiLkRokCYKKrOKdpjBrZcj2upei6OgyttaEN66i1m3VS7UoMbQxF7XtwrbWUrshTtpyyi0IIW1KpXRSRRIna9elsssdUVVFASrUo7DZMU0QplWwTqJTqkJCx09jZUgohAiduOU0Tdtpjm3JM7Np1xXRdl5BuJUrUcGabpqilRAzT6CmjlCiVsMdWu6LS1a6WiNWwblPO54uuq0nruqpSlGS21Wo5rkdJoZJpZ7bWWptKV7tabLroSq2gTGZdX2tpzkBRFKVM44DVdXNC0zQBkOM4haJECZl0poccZ10XKi1HWkbVfDafptETtavj1LquSMqWObXa1a522Zqgllpriagqzilr7Zqn1hLCrQ3DOE0jppQqa5yaUD/rkdropJWizClbG4cBtDFfdNH1fTdbzG2mYUxJOErflV5omkaQoGVma6Wo1g5aZjboSs1sQilKAWPncnmkUBBTenK2qU2etjY3waGiSilltV73fa3dbJiGbtZNbRyHqRZlS6xaanMGuRqHUrRYzLvaUYrMer02bTZfdF3tamlTy2x9P1O4tey7vpZQaNb3tm2P03S0PBrWo0r0pfRdHZujMKv9lFmiTFMbpqk5+342ny0ATO27bK2KxWKj7/rWJqcvXLx07z33LBYby9XQxmG+WCAOl6uDw8ODowPbnhqilDLrZ7XWcRyncSTU9f0wrnf392el9KWUrpZSbU9tauMYpSPd9zWzdV0tszqrs6mtW/PmxiYqEVq1nMax1qjR7+3vj8N6HFtUdbX2tevn/TRMUQrpUqJ85Ie835gjBnRx98Ks78dhdWl/fxracrUcVusIlYiu6+ezmcS9d98LefrUmWx5cHQ46/uuq/t7B5f2LjHlyZMnjg6O1tM4n82nnHJMhSRWh4fro3WdzefzWdfXYRjvuO0ZcvbzzQvnznV92T52bBhayPPFvOs6m2FYtcbh4aUps9QYx0l2nVXhqCVUsGeLWVdnh4f7tdZ+Pgticuu6zmlDqSUz+1oVMQxD33XI2K1lJnYqAU+tRRfj0bqfzzy1cVwbpqkVKZ21RkQdpuHg8EjWfD53ZgRCq9WRSsz6GZktp7GNmS2JvnSSkpae2timqWVz9FUm26RShvU6HLUrq/Va4a50Bidja10tpZZpHEutXVedjiJnIAvVUqc2TlMTUapWq3Xam7PN2byL2tUaw7AepylK1K4LYmots0nR7EDAZAsnWWuBqDX6vigiSrSpZWu1diiExnGQsWUsRa29naSdWaJEKdmaBbBaLrvaKXOcWrrhnM3npYQcU2tBRCmBjWqpy6OjaZpq1OiiKBRqU1NEiej7vtQqZBMhSUEoSteViJDcpnHWzZbL5fLwkFCglhkqKsUmp1ZKtJZ29qWIoBQKUw6gTIspopYS2OMwdREuZZrGrtT1ejJTRAmp77tsbRynUorlrpS+75GmccjMUuts1ne1tqklrolK5DSVrqsl2tCGYVhsbsxKtcCaPJEpM+/7Kafl0TJCKNLZldLVWYRL6aecVCLAbsjT0CynKVH6WYdCiq6vfe0aLiqKaC37rkPKnIb1qkQppSB7ImmSIoqnFoiQcwpFDkPaISGwkUKAaok2ZZRoQ0t7NpvZzpbNOQ5rcCnFGANM02BTQm0a0+5qJ1iv1lEIRSa1llprJkUqJVprbWq2o6i1ht3Vbr0+spj1i0abhmExm/fzRbZsbSqhwK0127UWGnbiaUonOY4TSRRJEYqWNjmNK1sWbZq6vguX2oUUdmZm13U4VWSFcI45TY3m5tbVrqsdUomIiHFYr8eJTEnFSlxqVWAjnOlawoHtbK5d6fp+vV6JRGGrFGEd7h+ms+/6cRpapsdWulpLWa6XbcqYzT1OmWksVLu+lmo5FOm0I0qptQgEpInSFa1Xa+PFfJ5uq2EVqplZowAq0ZVaS2RmDlPXV9mm1aiWFKhlG6cSNd3stJW2irABzDiNmZNUwEiysQ0ibauIbOtpDEVXu/V6BAdRSzWZttK1qwplJqFQtCmxa9fXGgoQJUqojG1yuEhTZpsasqJGRNfVKCVE2nZGRIlaQtjpiaTvajINq/WYWWoRDoRo45DO+Wy2PFou1+tZ34eU05Qt+34WXe1q6fre2dJubVqvx9ls3tcapRYpm43Xw6plIsARgpxajuM4TmMppS9dp2plWhLZmjNt+q6bWku7dLUoWmulREj2hChRbLV0FEXU1trUBpwlSqim01BrnfWdCOGAYZpaa4JSikrJKe0s1JQiolQVepStTZJwTG0Yp0lSVzojRAggoOv7+XxWFGMb+9qJGIdxWg+lRl/qalgntj2O68ODw67vS9dla8O4DkXtCplTm0KK8Dg2O2vpSt+7JTgIZ5NKKSjVlLXWGh3pUquIUktRjao2NckNsmUpEaESRYphGNo0FlgPQ5EMbUqTJtMgaukUJDaW00oRq/UwDaOqau2maVKhEJbSWUqpXW0tTXZd33X9OA0t29bGJmB7NpsnVkiKzKaQ3UJBkRt933V1Np/3SIiCVEspnbO1aZLc0l2U2hWVggrOYbWWFFGmYaxd7bs+agCldgltTESU4imzuCoQyJaCcDZJRdVupXY2tcSs79NtWA911hepdkXWNCXFNeo4tllXmxGUUqOEIqZpMo4os24WoalNEWU2m3c1xmlq2WrfKZimnFpTqvbFyaz0pTJOEwZY9H2pNcfx4OioRmxsbKzbNK6HCE1tzCRUIg1lNusIRS211tZaa9nVmjjQbNaHomWuVkukrtR+VkuppJ1ZSs22HicFSJIkwEiKEopSau27vu9ms76PUIlidHB0OJvPxtXodC2azTcUOU2TqCEpaElrI5ljm1bLoyhFCVFKxDi25eFhQlfr1Frf9zXqOI3DsG5mPptl5mw+I70eBiMFWLanyaXTYt5vLDZWy/VqvZqmkfTW9iZEqdF31enNrc2qup5WsmqtqkFzibK7v3/p4oWNxdzNp04dP33qzHxzC7FarWvXjcM467s2JUnpaj/raq21dNna/qVLe/v7s/lsY7HZcqjRGabWpkwRobpeLvu+Zno9rDYWG4kvXdodpjWEs41T9l1dbG1vbiwODg5qqX3f9bWfLeZk9rPF2AZl1tr3fbderfcPDwOVrnZdVz72oz6467rZfDYOq/V6vb29s1ov2+SNzZmIfj7vZ33t+q6rrU3jMC42FsOw3j/cj1JLKV3fu7VxHPuuq313bPvY5FEus9msltpyykw3d/ON9WqVTDvbO3Ze2rt05513dqVElL/9h7+j5cnTJyNKJcZhbFMLqes7CUKbmxulVJvFfIE0Ta10Hc7Dw6Mguq5OY1NEkofLJbiUaNlKREQ4oQp7vV6XvjNI0XVdjSBKSNlyGqeuxtSyRBwdLac2bW5vh4Q9X8xK1HE9tMxpGgmVElOmnUoNw1hCCq2H9dFy2dWuRDGUWhDNXq0Gic3FRu1KUeCGMU2on/USZM7nm+M0ZY4luq4rSJJqKQrInNrUMrGD6PoesLO1Kd1q6UqUrtZxXGfLdFaVdItSaq1tbOtpJTHr5qVKKYISddZ3qopUlHBaEZ4oJUhaOmoRArslwTS1Ei5Rh3GUQQzr1XK17GaLNFObatTSVTVqX7M5w7O+L6W3CBQR47AqJbq+G8cWRU5PU4uiUsMkKNOh6LuSALY9DGPSsjXsUsJYhNMmFV2SnnKxsSi1RK1CspEStzbN54uWbVyvpRKhtCNCoaIC2SYkd7WbxmkYh9lsHkQECpVQlGqAlDROYwSQbWrDOI7DMI5j3/dd12NjxjblNDmzdAVpmlo/mwmXUksplqMWJ4gaNQqjKaWMLacpNzc3SyltagpKqZk5jJOhr6VNbbVaY6KEUO0KidPOzLBbDuupKEvtsmXtout6bEWVFCpTa0ItQS6lhgIRqNZaSm3ZEuazvuv6dLYpQ9QuMr0exlJLlCglQpLdMsGldH3fSdFaiwg7qVLL6OpyuVwPK0UJlaiB3Eeps0UIkULZxtYMLpRSotRSFHauVyuMQl3XR2icphoxm/Xj1DIbEaGIKBFFipDB4zS1KUuU+bxHklIU8DAOUxu7Ouv72TgM4zColK7UKafMzGw2JZTOiFqjhtScbm1sU7+YichsbbKsKBLZ0sOwkqiqhLOZTPCUU43aptZajuOQjcW8L6VkjuPQcNSuys70ank0juuuryphMpuaXUpRqW1MO2spiaeWXT/rupp27QqTG66167tao7Y2TWkREer6LiKMIkrpastRRBGWFSWqSJpby4YZxrHvZ20ax+YSEURrLcnWUoHtUroSEaEoJQpuGobV4eGR0/NZX+us78o0Tjm10nVRQw5aNk+0qF2ZmkpxRCklJk/DMErR1QIlooDHYYwoNWK9XjWPQRGRU1NoGltzKpMotRY5JZEex8FIIacBhaoilZGZaVDUIBQqCQGFEqWERZDpAGdO48pW7TopSi3r1To9dbU3trE1tmk267soEdF33XpqrbXMLKX0XR+lOFiv1uvVqo0p0fezRT8fxjHJ0pVsCNvZWs5mM4l0TjmKMqu1OQFZU05Arb0UmVnC4zRluu+6aWomau3CCCsEZNrZVkPrS1GUgFJLFNleLlfprP0sxwHL6YkpG9M0OVFmay1KzUyhllOt0ZIC6Uwj5KAohmmczUvX9ZLcEnrjvnYlootaulojaqkiI0QUQkK1FJMJ4zgKcLZpDJu0HIQl9aU2NzdqLTa2kEtRoCnHoqoAJDskEuw0bcpxXLexBVFqZCpCXd+XKEFIEhFFKqqKEiX6WkupEoBUQohpmooKUGrQPLVRaBxGrPlshohSohRM6cJp4bTa1CAtsjUMiq5UBW6tRCm1tmxtmpRqbZIcitpVp9frYcppmlJ2CJDTOKOW2tcSBWS5ljoO676rCk3j5LTJEqWUkEsoUozTFBm1RMPOBAVSKQSyWrai6KK2zGEcwZIgopQQlqKUgGlqbRqttCNE7es0TuMwRim1BIYSAprtZhtskKM5a1ccIun6TgqFIooQOKoyYxrXafW1QjhbLQUpSulms8w2TuM0TlVBUKJbHx1lZj9fDOOQzbXvutrVWiRlJvZqvRzGVRezvu9a5qyb9bVKai1L3/VRa9dltnFsTteuqigi2pQlNLXWz3vbTu9d2mtNtdSuKyaVMZt16ZjGSREl+kx3sy6kNk6r9Wo1jIt+1s1mmW5tmqaWtiJqKFTGYVR6yskhO0knRqVGobXMZpOZCh07tpWZbUJ4GluUMpvPqyKdrbVpGoxXh+thXEWpzixd2drZvrS3f7RczmcLu9nu+66bzfrSLbY2Z7NZ1xeh2WJeKdM4RFcODg/vuvvOY9vHNxezo+W6lBIhp6ZxWK5WtZZSy2w+k3ywt19KX4paa0VVkPbm9jahSxcvTm2UYxjW6+WKwnq1XmzMFhsbbRwV0fV9m6aEne3tvu/SrU2tfOxHfGAtRQkRW1tbOTWpLjbntXTHdrZW67Wso+VqNaz39y5l82Kjd7Ie1qF64vixIo/rVrva1a7UuOvue9owzBaLli2bDdM4zeazWmN5dCiVEpHZppx2tre2trYODg9ns/nxEyf62peiKdtqPcxmPbWrpXS1dN0MRWvT1Ea3ablcnbtwvuu6+XwxjmtJqCgUoVkpmdQiWyVUu249DoaNfjEOU53VSA/D4JZ2a5mypzaVEliz+XzWF9WYxqHv+1rKcrVqbcKsx5VM33UEXdcL3No0tWEcSmicWldK2nbDUoi0QhGlRGRrzW3Wb6QzxylK1NpN4yiEmMap1m49jWTW2htHibQzW2ZrQ0syCIW6WqZxyKlNngoBON11NYokjav1sF4rqsmu7+ezfpymsU1d6WtfVcp6NSStL50hTY2wwmnCUerh0eE0TaUL256miKi1EPI0SSWRQpRorbmZCBLhrisKjWOWUO2rbQcRpViJaY0Sbm2cplCEamtjkkVRag2wwq1NozNbKdEcIRExrSc7pYhSnS3tzMypWSVzLKVbHx31fVdKWS5XtaslStpWU8oqtYuqkmmLhHEYWpvmdRZRppa1hE1EtGxtyq6ECpme0mnL1C4i6jQOSnd9LxjGdU6BWolaoyNIO7NlG7Nl7bqudJkZpSBnc+2rpDa2nCacU0ucpVSB7WmasmWJYjDZMkmN0yCpdh3KQFHrrKtQhLq+TxwKdTgtM2UCpUYjS0RILbOFu9o7m0kpulqcNrJzHEe3qZSaeFhNXVeiFMugbJNNlC4ihmGMIEpXamm2LIpqlFKCdO1KEM3NbjnmahpKlKQVlb52VpoIO+3WJjdbtmktszWEyMRTc7OnnGyVWruua1MKVKQaKA6PDppb3/XTMFKEbCillK4UVQmkWrsupChTm4IISTAMk0Uooitd6VTK2JogWyulllJX6zHChjbZLdPe3FjUrpvaOidHCQqSSTAUdbWolGwZMiIlZyuqjTZNWUMlItAwjq212Xw2ZpvGJlChtVxsbNaoskvX2yqdJuc4jFGqIEVEiVAtFTOO6/V6mHKKUjKbrcxpHMbAgErJqY3ThDM9BRqHodSauCtVUigIyJZTllobBHLaNKXVdwU3sq81alEE0KYJSSER6Qwxn89L162HQcWFmHIqtRpsO205ouu6KNFZrStFUSTlNLUp+1mtfd/aFBImTS1FhVqrrVTKUGooHM2ZNlFLrQWc9jCNtooicKYpUSIUZRjH9TBAlL7UKDm1JPu+L1Giq0LL9VKKedev10ubru9LKVGiRNqgVJ1JtrFJM47TvJ8RMY7D0FpmU8jZWrqb9RFMY5umqeu6+XzWplZqLV3YTmeOzdlktcwIatRm3CYnkrDHbMCUE3ZEBLRMnEY1okSRFCWiVJzNE/I4DEKttZC7rmR6vToqXVcilkcrp0spdvZ9tZVk2gGlRO16h0FGfd9DtmyhcDqdESWb1tPa6WGY0k5blFJL1ApOTLrUEColCNPcWrNVumDKNk05TSpqY5vGsdau6+pqXE3TtJhvEsqcFGVqbcxmN4WcUxKSkRDTOLbWal9zaiiype10DuMo6Lpaa7Ucpc4XC5N2llrSSZFtYwUBQpm0acSGYrnWoqhutlvUSKfTlpzZdV1EcU6TG+kuIpunNkWEzGib1lrD6muXNriWWmqpXWCNY7MFmenShQSir32UMk2ZzlpqLV2UcLpN09TGKJ2ihMK4TRNkwnpstUYbs+tqKJAIh9QaaYpiNayyNUdIGqex1FpKGVubppGM2Xxm53K9amNrLbuuT2drk0I1ytSmaRxLCROyazdT0FqTSehqR2EaJmwhzNGw6sqsm3ehYoVpmJDcEkUqSxTwNIxJi1JqV0uEFV1XjFu2rmpKt6lFCaRxWJPuat/krhTbaZdSnGnT1VL7Mo6Tc5I9DGMEXe1n81lEHZ12U4iIaZqGYSVUkatybCDbXVfblGn3i1lXi2UlLVupWsznq3E9Zdvc3Jgmj+PY94siHGTLri8qiigYK0qps76LUNQA+tkMFWerXRdR1uOwPNpfD2snmxsbEWTLKacguq4sh2Ubp/lsFrUrRePUhuWYHsaptWlazObOce/wMKSu63IcRjdnYkqJ2pftrc2cWK1XBwcH81nX9b0NMA7D4Wo5q+XChd3lcrmzvUN6tR6wS4Txxsbm6dOnxymHcWRyN5sv5rP5YtamLDX6OlsPQyml72fNDbHY3JgvNoyG1VoKZ7u0v79cLk8cP951vUOL2ebUcr1e5diO1suN2UY369brNSbsaRqHccrm8kHv9x6L2eLgYP/CxQtKWrb5vF/MF5cODi5cuLC/f3j8xInl4eHh4eF83m1vby+XA5ndbF6izOezw+VqamMtMQ7rbtYfLZfzjc3FYj6MY993NJdaQ6zWQyG2t7dWy/UwDaVpZ+f4bL6x2Ni88fprtzc2Dg4PikoUBcxn842NWWs5DiPpkDNbmyYiuq4uuhnp1Xrd9x1QpFKqgr1Le9i1r0GM41RK6fuulCKTOdVaJEVobOPUmp2hCBinpvA0TUObROln8yJNU1rGmvezfj4rxJTG6ooiSmvjsB5qXzc3Nuaz+Ww2QxpWg6V5P4ugqzOUbZpKKVFURGYrXY3mzBbB2No4DMO4Rq5R66zrSsnQer0qRNf1Uxuj1KKoXQ3J6dp12ZoziahdldTGdLgNjRJRau3LNIzr9VpoXA/9vJ/3/Xq9dgM73Zwutdi5XK7aOHVdlFJkSZJxaxRABEGslkubxeZCZmxDoSg0DmNXu9msy0yEW06tFavZCskM49qmRqzXU5syaiClSU8RmnWzrquAW1NEX2cU1xIqEm5uUphsbgU5W0REFDmmNi3mXSmdE4VL3+fUkCy1cSyldKWCwV2tbZowKqolLMkqXR3HIVsrpUaN1jLd+q46PU0ZaFZ7hVprBFil1pDS2AikUmvtqqZpkkFqzojSzzq7AFFomUKlq1M6pylBfW3jhKQI40wJzbouMcoaJUqnRCGphAI719OUGUHpZ8M04ZRwS2sqlEwhB5QoTmdDznRDjmQamzHCWMYlsBUiqbOu1hol2jSYTASaz/tS6jgNJUqUElLXz6ZhnVCkSS4KZCfrcQhJoXE91RK11IjA9F3fdV1EiJLT0MgoZRpGwtPYFDHra+n7Nkzrcah1FiEzdVFLDaCWYlCJUJBu6RB91HTNHKsindPUnJYI47BESC1zGIeQSu0QMrWUaWolou9mFKaxRYSEIizknKYx1AkU7md9KSqKcRzb2Oqsa63l1LquBw/rdd/PS+2I6LqOhopCmnWL9NQyq6hdLbWs3YbVaj7fQAo5SjfrZ0gyUUq2JhWZWgMVt2GaWumiRJn1vRStGYHTkqSudoEwpIfV2tlKiBI1YrVaDeOq77qu9MZWzGoHcrOd0zDimM1mQtM09rXYSNF3s1r6Ng1OR2gYpjDZWppaS8vMMaecKmoto6J0V0qJkqZNk207lS41atdjWmttHKVIZ2Y2Z07uShCltamqTM42jiEhO8HUvqsUQlECPI0tQKUUFZyr9ZCZxczmixoxTmNXCyaTEqq15tRqKS3behgzJ5VaSnV6GlZYTs+6GKbh8PDAdqmdojrBCIKotWRrtSu1VPBsVqZxcmYpfY5DS8/7Tk5CmS2bjfq+1jqPUqbJkrCjBGgYh2EYkUqppZZxHGstKMhErrWGotZaa1ei1K6zW6bHYQpF7bp0a8OkUrquN9latqkpNOtnLTOdJYpKyGotMxsy0NXacCm11jpNzWkpo/Yl1NLOcRxaBFIYd7UjIsc2jtN81vVdX6oWsw5jp5wQ2FECHCGcdBWQNAGSRFe70hXBlJOS5slTm81nIUTUrnZdlJBUpJByHHIchq52KaZMCafbZEiptDFt11ohlZrNu3FoUaKLQlHf9UpUlNls5WTkMC0zMzOdbRJM47Rar9p6rLNSa10uV3arRW2cWkunM92VrlY1A1lrR1pS7UrLVkJI0zSVKH0/A5fSFaQopXjMDOdyNZiMIjKXyxWZ83nf97Oc2rBatZaFqCW6rkoRlkXpuvl8FtI0DSGmabTpZrNhGIpcFF3XTW0kM20nUzan+9JBW6+HqOpKaW3MRhQFMU1TLSq1ZGuhKBEm+1nfgjYMXe2MVuv1tF6XUpFLlGYby/S1TOlsY0S4ZU5Z+x4bRRSVUI6W1HKS6LqepDnXwzqnVju15qlNpUYpJU1OEzLpcRiVOEKm9rVGtTNbRqlIYdKhILoSlGkaS9cRDhRmynQSKDMzMyK62je3YbmaxqHvOztDVWpSZLovJaIU5diG1TD2/ayrpaUXfZficH9/XnvVIqmLMrVpvRpXq6NhvTaKGlFimlqNmHVV8rQekgkb5ebm5jRO4zClHSGF1qvDaWqz+WLezZNct5VSUSRFUWbmOE6LxQYoZPDhwf7Wse1QCKtE1NIya6nC6/V6vrnpdCl9V6jdDKuqO1ruozh+7FipXRubrMleHR6uV8vNzU3Ls67ruj5Je1IppZRauzLv23qczzeGcX3+4rnNjc3Dw8PVwVHLZrG12NjfP1RQokCKqKWQOY1TLbV2RRE5jRvzxWJjq+9rmyYV9V3sXrjQWlss5qVoGrOESsRyvdrc3Jz1fV9K+eD3fffZbLZz/Ph8Ni8R49TW68HQd2VjsbG9dUxBa+PGYnOxuTWb9cujQ6Ttza35vIuInCYEkOmuq9s7O7WUvYP9zGk+XxwdHWZOJWpXSlRlWiVKKVHIllEC52o1rIZV6fqtrS1J6spqtT7YPwyRduJxytVq2fWzrc3N1erQLnVWDw8ONje354t5timB1tbj0HV9KUXCmcOwIqKWqgAp08N6PQ5tNuu76EoplrpZJ2hTdt2sZRYxn8+nabKyr71RtqmNOU5T4NqV1hqm1moyQuv1OA2TivAkSgmVWoQilJltaqUU3GrtuloA044OD0qtbZqGaUpnjVJLh3W4WpV0hEqNrpRMipxWFBmcrdaSkOMUXeeW69VyvR76vidNKbXGvJ8latMUpRj6qM1UaZqmbBNWrV3LltMkQ3FIJiIASlWzC6VEtCkbKXvWz0qJ9XLV0vONRV+iTeOU0zhMmS1KRZLpZh3NhnEcxmGqtda+c7YISq2BMlMRiihRVMI20jSN6/VoKSKG9doop1Eqi34WJhRjm7JlZtauKLJNiXCmorhl1FpKDTGNqVCpdRqm1iZUbLWcBLONRY0q0cY2rFZdPytFRaWEgBKKrpOEbWWOk/FyuZqGdS1VME1pZRClV6iEZKvlJFOjK0GmItvkpiIpcE7T1MYpp9bNOshhPUaJeT+XIjMVdFIiASHJEQKXEpYy05iirnR9LaT6riu1tDYZGllKtCGRS6hli5CoWM2upVMgYliPzc2m6/ogc8rSlS5kk20KVSFDrRKM47Bcr2vtQ4qIcRgFzszMWiICXAkXZDGNKaBE7bqulohIt2kYo5YQwzDaLqVa9KVTDewUAcM45jhauKUiStSWLUQztgOpuE0e21CjK7WOw9B1ncTkJrKgYbk8XB1MYy4WM0Vp4xRSLTVC66PVOI4l1JUuItJNFrjWkk5btXZja6XIpmV28+LGuFyt2tiXrus6iNIVFUmakvV66GddoHGchIWtAlYEzoBSYhqmNrUC0XWLeTeMU2Yit7TJNrUaVTWyZcskVGrpy6y1KYiQVGstUYpkxjaG1PfzvqutTUAtpTkh7SglsaZpGMdRqNQiS5LCIsacIiSrRCHIbBLpCOj6bpqmzFxPa9tRSuD1aiLcdX1Xu0zcxhI1TdKcDNMqG0UaVqs2TbXrVaLrO0Omp2G0iVKihp2qnVtzuJSa2cJBqE2DUXQRisTGbZwyU1IEoMyGgrCs0s+ytdms7/uZw1MbS1RQS+cwEgEuRRke10OQpXZ96QT2NI7T2MYSROmGoUXE5sai1i7TCs1mPaHMJjGO4zSMKQthr4+WUUvti02bplIrbjhKqaYVhUq0MdPNrUkp06B21dmmNvV9V2vYqSillGlsQ2uYrnYtW7bJSd/VdHMTESWiuZUIJ1Mbopau1myJqbX2XdfSIYb1uuUQKqWQzhzbbDYvtbRsECUolHSWiGlsgaUoQe0629kcJbrSlS7SWWtXS7UVoZZM45hyRKQJKZ0mh2GMCAUhBaQzJ9eIiLBNGiil9FFbTqvlEBGllM35ArfDw6UiRMWt7+ddLamGKVH7WkpXndnN+05VBeQoEYVsmU7jEhGljm5tPQXhTq2RmSDCRZWi2hVZbm7OGrWU6ErfLWaArBJlPQ6odrXvZhXn1EYpiBJ2yiJUUFGYcWjZkoiptai1K7VNDZHZCNo4tXSUMg0jVlf6UJS+RqltajllE9mabJHNtKlFSEU2LU16GMaWGSoqRYW+6yQwqiGUraVdalEtBWE7vZ7WyIt+RngaG1GKyXRmltJZrNfLbK32fa1diSilkERVV8swjKXGbDbPKdOOQKZ2VSTJOK1ba1EqCtmWwVK0lpMzEOQ0SW4Nu6Uya4m+XyyXh6WUed+vhgGYpkmOYcqpTf1srrSE5S4CYXBO62GQouu6CItie90GcppWE0WemiRFBDG1qdnGwkURVSVqy8TZxmk2m4/DatZ1ddZN69V6HDI9m/W1duMwHh0cHC4PqkIKlzh77zmybe1sd32/sbFYHh0N41C7spjNLZHZzWbDsHam7YSudl03C8XRet3Giea+70poHMfSlY3FImqZ2hipUmstERFd109tOtjf7+d9hJxu2XJqtavjOHZdF4pxWKWpNSbnufvuW66Hvq8Kj2OrJbqui6KgZrZxGkqEW2ZLcOm6Y8dOSDq2vVNKWY+DG5bU1Nxq7VrmOKz7WkvtyFwsZuS0HsatY9vro/VytVxszGqUsbVh3cZp3ddutV6ZrKXHxpS+lFLHcVwPq0u7e56y6+elapwaLW+94/bDo4Od7Z0pJ6FhGNbr0eHyQe/7bpvb2zV6icViPk5tuTxabMyXR0ez+Ybk1fKwX2wuFrNs09HR0f7BwThNte9n/WK5PrrvvrMt24ljx+aL2dFqCZ7GKaQuaktHWNGXWu20mTTRkpTh4u6FjfmsX8z2Lu3t7l46cexYKd3upYuzflZCDonYWMwm29O4XB4cHuzPt7aGYT2MQ1Sh0nVd13eebHk1DNM4bmxsIIdiYzGvfVcolkuJ1nIa1i1zsTHr5/ODvT0pSinZUqFaCuQ4jFHK1KZxnGpXs2W2hoiQgogyjVO2qXYlSuQwrZbrdO4fXJqGVrp+mtYR0Xe9cxzHKWpF2K2Wmm1Kk61F6OhoBVYSUboos342tHG9WrtROvXdDGm9GtKtRIzT6ExJU060aK0Zt3SbxsVio+96cNd3ijBq2WhtNustII2xZn0/TkPUvqslQtPULC0WM6czrRDp9Xq1XK+x+34WUSNSLgkRRJRSA5ecRkVZLBal64T7+byU2qYBGmhqGaFsU+26rusiJEsqTkz2s1kXZblaDathmMb1MGRLm65ElJA9tmnWzUopXUSzuj4IRSnzvrMhhBnGwXaJUJR0k0I0qdZaVASldqWUsloN4HQm0ZUiGRSKfj6rJZpTItM4xynHcbBtSTBOLaTFYl5rtXNqWbqulJAKZhyGllOEFBrGFciIzNlikc5w1L4O60GoqwVo06ToFrMu0bhagcm02zhlthaotUy7Rs1MpL6r2VI1ZrUDjc5AIi1hhKpqlOIgkIOu1Ea2RMqwW2u11OiiTVNXoutnAvA4TV3pMmIaJ9ulC1yIDJVxHIZhlOqs78BStDZGKaUUt4Yx4CwRCtUolkrQbGfDam19uH/k8Kz26oqd0zQWyUktEcE4jtPQFIRCXe1KwRRRSqCIEs50JiEgam3DBKSnbFahKGrUUmrX1ahhazafd2WW2cZxqKVrLadpMq4lSq2WwIkUQVJqCZPTKCKkWqvlrpaI4mxTEgSSCONQBMo2gaYc2pTdrEdS5tQyc7JNYreMHIfxaHmkQtfNainTMKWpXZGZWhZoUlVkjjVKrVUQivQ0jlPtSi390dGR07X0za2UGlTIpI1TA4xJaolaytRaKmupTpeuC3loratdGrKFVEqNEutp3cam0hFSUmclp2l5eIhHqfRdrxKAyRodaaRsTnk+6zLbej1GMO8XJVB4f/fSwdH+xsYmKJsJKXNok6eWbk7X0pFJIEWJYkvhonAiZSYStXalxpRpSNtWlKKAzBxT4aAQmsbRIoSbo1bZaXd9F/Z6nEIqIKnWThHY09TWw7qWOus6h3BGRNTitFFmloic2jC0cRpbmyy6rg/J4BRBV2eZ6ZaWJK/GdUi1qyKbCUKBpQhIwJmtZUqxmM2ixHo9uFEj7Gw5lVprreMwKtRyHMcJ3NKepighgzOIcVpnZleqk9bGUmuESinYma21VqKUUoHadxHFuNldN+uKbFbjWibtZtdaW0tFCNtEkIki3DyuVqXvcLY2Tm2UNbURM58vSgRya+mcIgoiJ4dkOU1ARChiPaxXR8sSUfve0nq1srPvFwqtx+Ho8BCp7zvktI1bS0+ezxdRa3NDIYWkdEpyEopMihRdkUQ6ouQ0NSfCNrZQCTJlJuNQAcBA4sx0TqV2wzgMw1qhUmobxq5Gnc2kUCnhtLEtqYYM03qaMqWstau12K5imMblalmC+ayHaNNUo866LgoupUgWRVUl3HIax+aspTQ7IoQmt9lsXkLD1EKeWoK7rmAhtylDKorM5pSdDtUoZEKWUiVLpTkVpavd0EZwV2tLRykKpynCaewSXdSYWsNZu2okW1G62oFBoZimydkk2ShwAu67vuvqer2ammtfgjAUpMha+1IihYcpjSSVyEycta+o5NT6WruuL7NOztpVUBvbbNGvV9MwjXbanqZWSyDZ7Wh1WKilRBCKighFwethzNa6rvSzvgbGac9qH1EjhN2mcZzGrc2exnJ9uDpajuOQmRsbG11XWzJN43pYrVerxWJDXTnYvzQM6+3jx/raD+NkXLqYRqY2RunHcay12Hl4tFJErV22cVwPids4df3MUCrOzLSj1FKIyHEch8lYyGAYh5Vg+8TJUAzr9Wo9KjSbb4zjUEsgcsoSfXqcWgZCGsaxn/U1au1rtoxSl6ujYRqOluuN2XyxtZGJaTa1K8ePnzg4Otrb25vIvvZDa7i1xsHhfhTN5n2k1tPQ991sNm/pvp91fZ/Zalf7rq/RRx+IyDZbLJCHYcxpMhBk5sbGvKv9an3U9/N+NpvahKZQ2dnaiq4eHuzt7ByTODw8KrW7ePHiNLW+68rHfNgHrdfDHXfdubOzPZvP18vVfDGf9fNhPbU2StSuK9Lu3qVFP+9KNw6DohweHKRba21qrashqVkXzl8M6OfziFL7LkKzftF1MazWw7BWsDo86rq+7/ujo9XYpui6QpRaNnc2a9H5C+fHaexKqaWf931rbfLk0ZubWyXKwXI5m/WL2UbXl/Vq6KMO0yTU931zKomI+XzRdf00DKv1Woqj5dE0TLPFAjO2MRRdLeM4jFPr+s5omkY7o5T1MOXUSsEoikIxTdNsMau1y2y11NV6NQ3jfLEI1eXyqO+7+cailNrVLlRKDVG6WrJ5WK9KX6vCrSV0tUzjeLQ8HIdlKX0/67qum80X3axLZ1EQZXNjY74xb1MerVfzfqZAotY+gnHKKNRSkywREdEy5/NZV7phGnNqy+XK09QvFtMwQSiK7a5WW+kJop/NuhIqajnVUqtKS2e2bEkmFvI4DX3fhTqViAhKkDmNEyJKLcF6vbaUbcqW835WIqZpyvQ0pbPVEqWWWnpFpnM9TkGoeJjWJXpKuNhJKaUomrOW0nW9onR9B1FrkbQexnUbu1pwzTYipR0CskQpUTAp5Nb1vZ1TswCQlK1FX2ghsnQlIkpXQmpTgksNtzRJS4TEehpattYmpFJKVZloXS2ldEgGmYgKZLbMqZE1utrVEMN6UIkwzamQs2UCMlMpXe3qar1aro4K0XXVU06ZoVCJUgoqJRRSRIcQbtlayzYlUCRFQR6HIdPN4zSMSH3fOXx0uJyVUruKiiQjeYJM2nI9dF0IptacItO2iNWwtrA9jdOs6xSlecqWESq1iyohlVJqcTPOWkIRtatpD8MQpYQ0TUON0jLTLriWMozjNAzz+azr+nEcnWm7dGXWz0JKpe02Js7ad6WWruuj1IiYWk5pAkwoaulttzYpGcZ1P+9LlFo6q9VSkbK1Zoeim/W1xDiNJGAhJBVJIZBAmrLNag8ex0ERiGyttTa1UQAKaVhPUct83rfMHFsja4kSsV5PLVvtuqIotRvHoda+K52KcmrONIzj2NUaqgp1dTbr6jBOOU2oFIVlO6PWMKkstRZFQmZi2tS60jc3EHY3m5Ua6/U6asnWnLJo05itTeNUS/T9LGo4aC2LytQmCSm60ikix3FqU0S1pRLjeh2KxWIuu7XRZhzHUETpkBUqIigEpRYQpZRQpodptGLe1Zxa1Op0RJkyV6tlKWU225jG0XJXK7blUEzjEKUoopY6jes0tcY0TYaoEaKoRA0cU5tqqV3fyQGOIFQU4bQiMpukw4MDTD+bR5RxWEeptXSz2iWepqnW0nW9wck0jdM4IrfWSqn9vB+H0bir3TRNBwcHtdZ+c96mHMeh6zvZpSvz+cZs0bt5nMZaSomwIIlSS0FRIsJmWK/blKVg2047QyKUtuzMjAjjaWzrcT2fz2bzWUpurZQCNvSz6lRIlCgi7a6EQl3fE2KilFL7mUopoYRxHJimsQ1uUxQknEhhHCp2tqR2JVs2Z2aiGIeh1tJ3c5MkTa5Rp9YyW4RLLev1ULpiJ4lRBFI4005F2JasUruuGrVpsj3rZnIbhvWQWUIlooSi1GxTBH3X1dp1fUd6nFa2iBROchzH9eoozazvVco0DGNmVyKiTNMEIiKEjfDkHFarKF2tfeaINJvNJUWjRLRpWq/WtZTWpmZ3pTTbzmxkaxFSLQoyvV6txpwWs7kiWoN0yywCIUlS2jWqEbad2do0jWn3XRdRZJWI2tcccmqt1FIixmy1dCqeWna1TMOQU+tmfZSQVEKCIlC0TPA0JU4pFMxms2LWw1hrJzKitMypTV1XJIFKKRLT2ExKRTVms5kyW7aCZEUpURQlAklRSoQkJLCdWLZUlDlMo2mZjlBEEBgogXOcmhSGUgtmuVrV0pUuhHC2qQHZ7HAtNadWaiw2N7pa05nTVGvX1V7Sar1q0xQl3JzOrvbzbqYgopQSalLxNCXpjc3NsKQoUdMNCUlk7Wqg2ncpz7pau7oejpzUWru+I3x4cDS1sc7qfNaN45pswzjsHewd7u3PFn2JmIybl0dHyMd2dvr5fBjHnKZxGhb9bHOxOQ1rQFLVrOtrpaSbJFQQfd+1caq1dLWbGsO4rl1FCtzN57JLja7GsF61liWilLpYLCJiuVpHIaiJ57P5NA3DcmXl1s42uI1p20QpEV3Y6sIttbFYLPp5X6uKhvVYS621ZKZQUUSJ1WqcpnUpdRyHg8Mjt3Z4dLi/v59Dlq6SU4lZ7UrpolDalOtx1dVewcH+gVBmIpYHy/l8Xrpuf/+S05kGaok2jkKZaUlR9vZ2jw6Xi8Xm4eHBbNZvbG4Oy5Wt9WrpbMePHTtx/EREnaZhNt/amM8Wi43ZvB/T5WM+8oOOLh087RlPP3Py1P7eQSllc2fbzrG1YT1sLhbzxWJ9tLzrzjtaY3tru3ZdtonC1tbWzuZm7atc0l4Pq8XmZu1mzja2cXm0XA/j5nwRfd+mycR8NhumCbvW6mzXnj4zTdPFixet3NnaWQ9DmmPbx4DVOIxjG8dhXI/DOGRmrf3G1ub21jZ4au6JOutKLZ7akCnraHmQ09RIN6acQtGyXdq9NN+YR9TW2mw2ixLr9bgeh67vaq2y57NZa5lTkrmxvV1nfVe7TE/j2PddiRjXg1vrapGidLXWbhyHw8ODruu70teu29jaGMZ1jTJf9MPoqY21K5keVmtXC0/ZWptaslwebW0sZrNZm7Lva0jDMJZSZrOZSplyWh+tc2q1K6QPDg5zmlKOiPnGViTLo6MoUVyWw3pWe8Q0tVKptUuhzMmZrZnJE0DpihTpJtOcmW7jiJ3p5dFB1/WLjY2ImLLNZ7NZPyekkLOpiObWprFNJco4TrVG7WZC43p9uDyKWksUyzhn81mmp2mcpuyqIMapyUTXlSgWppEGqmrfl6BGdVd77GkapzYCUeLgaOl0KaVEHcfVOE2ZnsZJEahEFMTYpho1Qm2cVkfr+ay3vVqta5RSq9MSpYuI0tVOVuYUUWzatJ7cujpzZJta19Uuams5DmObxlDNzEBVZT2u2zR13QzItNMOdV1fFBEKMY5T1Lox30i3bCYdtVN4GsfFxmYt0aZGo5v3tfaZJmI+74dhHMehn/Vh1uNEa0hAa1NEZLZpGEuVM3IamnMcRmeLKGkjtTauV+PQBitqqc05jkO2KVSchEpXe1Raa2nPZ92UzqkpwEKUEsiZRAQ424TUlSKVGjFNU5taCIK0x2nsSqdQEDXcktbGcWyZZDY1ohanW7ZjOzuBhpw8ZUsbFCXA6eaplr7RxmHs+3koyBzWw3oc5CyljONUSq2VNKWUzJRiPp+FQvJ6vV4eHZUQoYiwW5umEjUUKqQNqEaRcsqxjWGCSLeIOrUpUkBXO2eOLWuEQqWU9bheD8uIGpDZSi0RkcmUo6GrNexpylqLmwiP0xgRY7a0Q7Jb1KKI+XzRdZqm1trkUCmhAMU0TKFQkR20ab2epnGICDuRutlsmjJblq6WrjpJNxQyUUuVnIkVoX42y8z1OMg4SbeuqyrVVmJPU5paq4TTKcI4bbIUNTePU511s24u2ybdcvLkNk2tq8VFypRs2Y0uymzWr4cJyJaSZvN5V0o3WwinXRRd11nOzCi11OpsDUOEQ0QpZRwm0qUWK2pXQdPYTOu6Wa0FmQjSRcrWUg6rZXalhCJNSFIiOV1KtDYqhJA15eh0ldqUpZZ+Nu9qAaWd6aIoURQapymqCloPQyCpqKig9bDuam8xDoNcVQrpqFGKWkOhvutCGtdDhFQKYClQZkZRV2tOjlIISNutlK7v+zQexnRiT2OWqiCcGYoSgd0yhSRAXanhZtHSkNM4tTbKjlqGcQxRI6YpRYzTEFb0fQki6jSOq+Wq1G7W94EjSt/PIpiySYSVNLcspYC6vmZOgUrXIdktVCStx9HQsrnZSILUOE05jv1ibrxejZb7qFNLWnZdp1qWh4fjOHXz3jnl5BQhd7O+qKzGdaH0fSdYLDZLDeMpp6oSoZZ2JoHwOE6tNTtF5DSBalcMoCgREYpQKBFyrVURETLKlhI1opvPqyKiiKglqtT3s1K6WgXGdnoY1tOUdvZdhwIbW1LKEraAvu+MW2YIZw7TZFOi2DkNwzRN09gC1a66MeVUoyQIIjqpLJdHw7Du+0VICtlu09R3XZQyjg2y1FJLHcdpmkZAEaSNmFqpRUVQjGWLMLRsmY5SQhFFEZpaq6Va2abW125q02o9zPqu6+rUPLUxpK7rcXalq7Ws1mvsvqsRtRSvDpeTp1BZr5ZOto9tFwlpaJk59V2PNKymbJPdSumnYVoPq1IKeJxaQD/r18PozIgCnqbJTkXJZGyDVKKG7Vk/n827NiXhiDrrZ+PUBIFslRLgcVjVWpuTzGE9Ts5ZP18uV+thLMFsMctxiuL14epwvTw82Avn9vb2zvZ27XoS0DgO835Wu87ZjGf9bGtra3/vYJqGOlvM5guhtEut/eaC1GyxqEJRau1K1Xo9DG0oRFdrRBwdHtWu60s9OjxaT4Odbh6HYZhaqTGbz/uurFYrBZtb2+N6WK+nUsp8Y3PRz9xyHMd+1lsBlqmlRCHUq2ocpsyplNrNZlN6GteZ7vu+lBKlHC2PNuazza3tCDW1IPq+zvrZ5ubG1tZOywy0mM8IzfpZ19WQsjWIKcc0ta+ejB0luq4fh6Gf9cYlyrAeVuv1fL5QSLXvosz62cbGxjisM9t8c3Nrc3N//1JLHz9+3PDkpz717Ln7tjY2M7M1d7UgbW5sTMOAs3zch37QxtbikY945M729uHh3tham9p6vcwpu75GLaujZemin827vvZdr1C6dbWvXV2v1+N6bDn0/Ww+W5SIxWKjZaulQxKpUlfrdV9L1/XDMGxtbZCt1i5Cy9Wq6+v29g5TW61WW/PN+XxeSl2tV8uDQ0Kbi83NzUXpu8PlchrW89ns6HD/4OiotRHFcrlartaLxbwgcJRauy4b0Skbs77vZt2xYydqV5cHR1FjY3PDLdfLQ6xsra2nWrv1OIzjuL2zWWvXzDQM0zQ6W5umYRym1krE2KbWWsqz2aLrIijDuFaJw/2Di7sXaw03GbKlYd7Xvu9ba1ObFNHXPuBofbSos3RKRt3B/qVu1rVsbZykkni1Wo9Dm827xcZGJsvV0tnmizlmmtqslMTTMHZdZ2tjMUcWchtr19VZLYr1ONUotat99MO4BosYhnVXunEappyw7ZTCRQoFKOhKN4zTbN6HSmstUJSeNFhSja5UlSJUFS5RcRvGcRzHWd/N+n4YxyAITUNTGJVsrl0tfVV6GkeDp6z9rIQy2zCNtcjSNIwRQZRpyGYrPY7TfDHra295miag62pfum4+ozWi1OhQtpY5tb39S825vbVjSOj73nB0dFRKqaVkpqQ2tjS2TVsPY0VETMPQ9b1bpj1Nbco267sICWwcqqWLWgQts2VGUCNKV9froU0NaVgNmZNqCVS7LqRhGslU1JC7GuOYFM8XC5PTNPTRhTTlNOtnpZZhGMa2nvXzCCyjVlRrLarRl770JWjDMEZoNluUWsLq+jKOk9u0tb1dokzTehzHINKGbFOrtdaum9owrMepTSUCqLVEqVE0qz1FTK2NY0TBWGQCCNthZ+2ilI5kfXQ0DmPfdaWWWqtlAxYw67su6sHyCFMiSqm1K+v1qk3TfL4oNUpEOjOzZXN63s+6vgPXKMZtmhLLVql910mqtbaGs4XU2rBYbEZwdLiMUO07t2YRpRiy5ZStTZMza1QUtStFamkFER2YKlFDMQ2TSoQcUcB2Esz6mY1KlFKn9aCqTCoe1lNrU601ImxPraUbaL7oFWWaRtlRailBRJSotbohaFO2aSxRizROK1tRS0SJEqQEklq2QtS+RimBSimBbRRM44Rio58N63VmRpSWrbWx1NrVzrRxHG1Tois1beESxc42jbZLLQo1G1OkEFEinZlukxWqJRoERCgUKLADpfDoxOOwjlBXaoliqdYQtRQJmunqbLGYjdkUUVB6UhDqnI1kamMbp1prCKMoEQECZ8sk06iUqFGmNo3jCNGVmLK1cTIoJErXdc6kxGzegbMRImnNOQ0pWVHGYVgtV0i1ryGV0g3rYbledbO+lhol0l4PK6SNxSwiVuM0q7WbLYb1sgQqStMys01Rq2w7Q6pRWkuJ2vVuU2vT5Kw12jTW2tcIlRARXalRx3GIImfimM3nXVeHcfCUSWKiRESU2jubTMs2TVOJkjSw5Ey1cVhNU2bSWrYp00FGKVIlXUuZMpuz73ubkENlmjLCaUdoNps7cxzHUhQlLE9j62otpbTWnBl919UyDAOqkmmZLbOlijBFpeu7WnuB7SlbDdVSa9eVWlbL1dDGjdlcfY3MxFObFEhCFASAsk3Lo0OS2bwnKX2NGqJka2lPw+TM0nXCzlSRVJzZWgOMa+26buE2jdNQu07pcRwzJ9kQkqPWvvQRlko6c2xRIkoYNzcUbZwM0VcR0zimqaVaVlBUSEuhWpCnKZ0tutJTiAgoonaznFpO45gtFH3XdaUYCMkhETZRQooSoRimqTlJK4hgylZLqX2tXRcRNhaldBGgDBWDQgqB+n5WQ+PU+n6WTlEiokZM0zg1l1rtDGkaJ4naddM41lKzteZpGibbZdaFQooopaiQaXs2mzsBl0pIQk4rArfa9cMwKGI+m9s5W8y7vhuG5dQ86/r1apjN+lIqIptLDYvWpqFNXe0SyCSCzFk/my82EOMwdH3fGnt7e9larcWtdd1sGobJrUSsliPgdGtDKV3XFeNpXJXaD+v1MK43NhfDct0yF5tzTMspc8Kez7uEcX1Eqvbd/sULbT3tHDtWalmP4zQObWxRymw+r91MOaESIEVX+3Pnz3ddf2xnOwcjKWIYxmE91lKzTWObhtV6mNZByZywZvP5YrEIqXRd33V7e/tT5qzr2pTzjY0SQtRaAjV7GIY2jS2brM3NzcxpnFo3q8MwZJv62byW0nJiMqFM0s2NlgOwGsb5bN6VGIYxSk2PNarQNE4bGxuCo2G5Olod2zm+sbE1jJOnnM0XUcjJ2TLlYb2epkyylghqKWU270imabAz8ebmZjZH0CzSpZRxmmrV0fJovVpHhFHXVaMo0XXdejVM44h8tDramC3GaQg4fuykI5x5dHTYWg5tHIZWSikf8UHvux5Xw3rdWm5tbR2tVoT6fl77KBGgYb06OlodP3583s+jBkFfZ1HCk21UVaOU0meO63Hou3730v44rhcbG33fjevp4u55EabddeddEPPFAuV6bJd2L5Za2pjDOKQVXXFrB0cHyphvLLquZHq5XhWV7a2d+Xwx5nR4tNze2FwsNmrtIwJRiMktomxubtUileiic2aGWyLy8OCwmVpLLeXw8Oi++87Wvtaoi6151FgfrRNnpmFqI0Zi3s/7rpvSXY2Gyay1Vyk11Mylg91Z329vbU/jlHYppZvNSlVRocrZ9i/tZbatrc310To9lYgpc77Y2D52TIVszU4pVsu1oZ/Ps40QfV+6rgsBEyq17/uuC5V0ZtoCEdF3fVHIUKKUWiwpkWK9Wln0Xe27WdRQFMlTy66WccpxtZ71s6nlOKxFbMznKQ/r1TiN2do4DW2aEBGSlTSp1NqVIAURnlrUiuhKqVEs9aWux2abEFNTuNa+RFFIRUFBymzh6Ga1EDbLYV0UEZGZxqXUWV9LLWBRZouur92Uo1FfS4kSXQ+M43qappYZyvls7skOZvN+Pt9sbZqm1ndVaL1at5b9bFZCq6lla2kkh1S7GjhKJzxNk3GpNaepRiw25rWf1Vpq7ZbL9XpcLeaLqCUiMjMUtZaWbuMYuNm1lH7WqZSu1lLKNLVxtVJRX2doWq6GUDQnFrbtUFFluVwJuq7gkJAhNO9mKgUzTSN2X3ubNg4RuKVUJLVsiFJqhES4RMvErtF1fdeVoLk5FVEUU04hlVpaNhR9qdQwjMNa1HQ6s3Zd7Qoms5UaoTJNU9f1aUVhalMQ3byqlDa0aRzW66FYKo5SABV1tc76DqkEy9Uynek0UtB1fRhQBEituXSRUzYsgySRzpwaQpRsY60u0Y852Sz6bpqytZbpGgWE5DaNY0aoKx2ZwzCUEgFWyFmQJONMbPd9F5JKSExpmVJK7co0pZ2hqKXO+i66aA2ZUvvaBYpa+lLLeliT9PNZ2HbansbRilqjRIlaulKbcxwHtxyHZRLzvh+HcWzZ9V2N6iRKhJ0QpeLJuJSamdkSwnKpNSKytShR+q7lWPtOCmfWrqtdydQwrKH0ta8lpLJYLEowTaOtUmtRJVoQJaqKI0omCkpUj612lbTtaVjbOFMRXdenHYGIEkKRmVEKaMpMpyRQQrPloHhsrlFpI64tW41auzpNU2stivp+FqoBCpHZbNmKgi2wkJRpJGxkiTYMLaldh3DLlKdxQOpqKVFay7SNai0RckSoSIpaCAWWqgrr5TrteTcLSLKWOk1TZutLX6IApngY+75TKcMw1tJly3FcEyWiCJAmt5ym2WzOkMO0znQtNadMYj7rpbAc9jSsMxuO2lWFWk5F0ezV0WFI8/lstV5HREQYILCnaZxadlXDelCoRFmPwzQMtesUgdzV6MqseUp7mgZBTlahL53NYrbIWjNbBKiM01i7inOamrNFRKklorbWMlshhmlqU6sqBK1lpy5NmyZCteum1siMGtM0ISKq5FqqFVKJ0LBeCUpUQ4nScJWMIqKlI9wmj20Ksg1jKktXs9H3XahOLUsp4zAO4+hspStdV0ilp0LJTBNbGzNFOF1rURcK0q5djVKmaZSKILNlEpnjNKp0mW21HkoUQs5Mp5PW2jiMpapNmdOAYhqGUmrUkuPUzWbzjYUijEOxGgaFqhib+75PN4OkYTnU2SxCbrYptY/wNE6ZLUp0pcu0RERRDURIUWq20aabzUCSrFyvhsycdRUJK8AIMbbsSpSINjmqAjlobQyUws6pZYkytWlqDkUja+1xG8dJItA0NQC7OcOOEuthsK0StRSkKYdhaq3l1No4TunWpnFq7mqtXVdCtfaGNmWEpjZly9msb3abJqejqBahKqdQpdSurg9XyJuLxXK9Wo2TiMBWzvtZP5/Vri8KisZp6roqFaNaZ31XkRVhexpWU7ZpzGFaG2htc3sTYzSN66KqKOvl0HddrX1rbb1aO1HVxmIOPnXNNRsbG6vValitW8smbW5tbm1srlZHB4fLkFvLUjUOYyllsVhkm9ZtqqXrux5bslSap9V61fe1NU1Mlai1s71arYepScrMrq/Hjx/LzHEYZl1vMZvP7ZbONkxHy6WEQsth2XezxOMwTMNkoOVqWLZh6ruZi0AIKdJtGKflcrm9tZXpaRwVKpVhGPvZLGoRDG285+57tuaLfragePfCxWEYZ4t64eLF9XJYzPtmD8M4jUP0dff8bhNbW1sKDcPoNvazWa197bo2jevlenf30tHRwfbmFkXCi342DOM4tdamC+fOnz9/buf4sRPHT47L5Wq9qv2s77vl0eE0jSdOndra2Do8PJzPe1vTOJZahvUSXEopH/MRH9hFOX/uwsHeQZl1fT/f3tre3Fzs7R7uXri4tb21tbm9f7jf9/O+di19/ty59WrV97Nu1tVapqmplChqUxvHlulSY71aWV4sFrVGiZKZw9j29va3NjdOnjq1t3+o8GK+KLWsVkdOnzh5IkcP0xhivVr1fV9rXS5Xq2GNcz6bR2i5Ogqin81W4ziu1qXvF4v5MI3r1doth2mYWmYzZOl6OyuyaZmzWe37flwNq2m52FycPHEcabHYWK3XXV+7bjaOk8kSdTbrQgWsEjVK7brWplKKovS1rFfrS/t7NUrX9YfL9c6xna7vDg8P5VTUftaNq2G5Olwux+2drflsY2xja85p6rt5WF1XVssxUzLDMG5szkpUj02BCuNqsh0ik1LrNIzpqXRd6WpRlIiu61TlllKMw2BTQtnSUuY0tjbv+lA4DUyZAkxmgqOUWkrfd1LUGq21aZpKVDuiKEQi7EyPbQQZD+PQpuxmfY7jMEyZowxYtduYL9JM2bq+NttBUCQltj25KYnAdqlFJdrYVuPQORCJIkopsshEobT7UjApk55asxsoBNhu8/kC5zBOIY00ifl8oaA17KaIcWwqZTbraim27SZUaxRimqacWkTpZzOg5ThOU3VxkOlAAqxSIiJKV0pEtpzaFCVqV7K5jdMwjrV2dprS1ZpON1bDuo2jRe26riuecppGSTYl1FoD1VKzZSkRtYKXR8uhTbNai3rUWnNGZtrZDOM0tJYqAklkEqEopU1jRJSu2ulspdZSaxR5wqGuVkGU6LpZhLK1Qsy6+WRnZkQk6iKiqyU6ULYJ0dfOjsy2nqYoatPUxqmGVEuJAkxTSzlUFNmsrkSmsZtTCsnjNNVAJSJqKDNZr5ZpLM1m8ygxTgNoHKdAXYnmFkQpJTNLqbWWcZyizHCOY+tqdfPRarlYzFuO63GqtYsClL4rNQpQ1EUtTqPIltM4tGzjNAlHCaWihkk3FBFGEVGUdqbttNt6tRrauJhtRBRJVenSKTNppRaaay1drVObWsvl0YrwfD7LqVmqpVo406nZrA5TmmYztaHr6+Z8o9nZBoOFW4JLFFXZESXsKCWMaRDGgZ3TBO67fhxHWoISlZApmdnaBE5lLXG0XO3tHfTz2ax26cZEqBCKKE5P06RSAciioiIrEa21EpUqgdPDMNWuL6W0NkXpx2FVopQqclJ6OaxLibQlaulbGyVK6ZLWWguFqsfV1M26WqIrxbLtKCVpbWqA7dJ1RbLCoiBhCGeGNLlVFRUK0dyKCriWjgi3LCVKLZLsdEatBVmKftZH0gzIOUUpfd/XWW/acrUMqdRaSzjdsqkUZ66G4ejoqIiun5UoDjsl6Pq+5bhcrboIIqIrbZqCiABDpDNR2AiRbVqPLbN2nd0ynVMbx2HWd4pQkgm2wxIt2ziNNailEg7TnMKldHI2t/l8oSBUFTVJY0KBa+lbG6NGKXVKp9xHrMd1KbWUglSijsNYa9TaOdSmJsjMqFG6HmfLrF1Vra21ZCohh4qk0DCsRIDGaZj1cxU5XUI5jVMbZUzW0m0s5hFdqoWdk9MZEQih1cHB1LLOuhJlY7boZjPJUh3HUabvim1J0YXtnNyytZaZqVJLqKuz1rLUkMk0dtoSsiNKF0IqpZQSozNbi1JS2UWtEdM0RSl96aSYd7X2tUatilTtuxJRjA3jOE3TJMU4DOv1uu/7EhEhWy1dI4ZptMmpTW3sZl1EEIGxM6BNLbMZkBRF6ZYuwkC2NrVSu67WkNarNXJEJbOUTgho01i7rmVO44RcSmTS2tjsgGkaK1H7crQcMrPr+1KrxKzv+tpP01SEotZasjXCgUotEkGkYr1aL1fL+ayPUnJytqYoVVIJG8hZ36MIKcnSlb7OKGUcxnEckGz3XU9EZouI2tVSqwiPDdkJxUFBGbXU6CTGYVQopKLaLExmOim11FqyZY2oEcN6paCUajcpsmVr69ms31hsTsPQzbro+oNLe12tQKCuL5kZpWS6lNIvZi1bG8bM6ehgObVxvVqDjh07vrOz0/WzaRqmNk1J10VzTtMkAaGQpSihlJ1937eWLXOYpqI4cfJEiaISIRkbYwLqfKaWKlWh9dF6zDFUhmk9jNNsNl8ul62Ntruu29ra6vu+q3W9OsLRlc6kIkpXckxHFtW+60ORZhjWY2tnTp3c3Niazee7uxeEFMpmKdZHK2fONxZtaOM0qETS3Dg4PGhtqKWUrq7XQ1dqy2yr5Xxjo0QJKQKVqNFb9P2shO697+ze/sUo3ZDTxsZie+e4nOfOnV1sLLp+jlxKN6zXs42NU6dO9t0MOVs6oouQXUo3TtOwHuaLebaxRLW9mC9QFKnrOmeWT/rYD++7jfnWvGWb9bON+cbR4eE4jn0/W2wtZNWu6/puWI/r9ZpsFy9dbJlbG5vL1dJIopaur51RKNowRonNja2wxnEchqGUurm12Nra2t7YWmzMh2E9rFeL2VbpFNRuNuu7eRQ15+HhUVfLYmNR6wzUz/rFbBbUiVwPy3HMzY0Ny52i2eOwakOb1X77+LFGW6+OZt2i72vfzYf1cLB/2M9ms9rNNxZBHB4eLter+Wy+vdgZcxqnSaH9/X1JpWocxxKl9LVN43K5HKehRFFRyxZgaRrGaVyrlM2NRSndwcHhOA1bG1vr9drpqMU4M6fMWT/f2Jxl5nqa5v2i6wooSpE4XK6Xy8PFxqKb9W0cS6iUaM0Ne2ypnPUzYylba9mylNqmnKapq12UWK/XbRxqrS2n+XzeMpdHRw7Nu5lqmXdzgjZNUeuYdptauitRIhIVICLQelyNrS3ms9p1tVTJLbNEiYicJgPpcRwFpfYtm9vkhkISpZRhnCwFMUxTVbFbjb61cT2snEaad50IGUVpmdmy62qUEpKKs6XCkiS1pIvIZuEoXcs2tUnI5DhmdLWExtF2tpZpd12VitOyhYb10HXR9bN0w9QSpZRxGqepTVOjZaldS49tPQ4tSpRSyTTRdRUkGanOuhzHo9UwjWPXzTBp+q5OOa2W64C+dirq+9nUxtYmyRFItbU2rI9m/Xw+W0zDOI6jPdWur9G1nGxbSctxyq7W2nUK21Ziq/bF1npYp+lK7buuq9UOt2m2mBWipWutQRASIFrLUkopXbimHSLHaTmulRACyUrjqU3ZZv281giFkZ219svlahrH2kdrU0LtaoJbi0ARfS2tUUpMLSWZVigmI2LW12nKThVF82TD5IgyTePRahnEbD5PNI2thMdh3VoWBSVoEZKkElFrjVKbHRG16wSJ+9ojyByn0S3bMK2nqe87gq52EditTW0a110/i1KyTVNrhIS7+UJOSy0zM8Oqs9p1dRynNMOUIrvapdvepYNpmuaznoiA+Xyz7/txXK9XSzInwtNEKc4GEVWZam2KWruub9MUigjllOvVqkrYQMuptbErZV5L6WcYCAeeGKeplFoiJue4WkdXpXCOs26WTqUtT0MjotaQwsnYWluvhzZ1fYeUORgr6foSkJnr1ZoM0qoqAVJQSiRFdosoLcdMS8ZQ6LpuXA82Ubqu1jRtyshMM5vV9XqV6a50tS81iiOc1NK5FCLUspTSVWWm7HE9KVRLkZvkcWxd11WVtKaWw7AuEUJ2KpQt2zBJRsVkKTJqU1ut16WEjTNrlBJ18oSjFqVp2eQYpqEoatdnJmmFgHSTkdXcwHIjZFNqpTWARmKlU5E2ReGYL2alsFyupOj7eSkK1VLoak8EqXFcl76bd/04TOO4LjWQ7NZ1s9aas6VHYD0MpajW6sxmI0C11hKRyTRl1xXkbDmNTZlt8nzRl662MakFqdQg1NfSzzdMy0mlRiklW7Y2zWtV1GkcRUQNRC3dNE2roWGHjG1jXIqidF10kLYEiiCNXKIrJTJba1MXJad0qERYMu77ztbkab7YFLQxcbZMh6ZpKrXr+hlTG6Zmu5SwGZ2Bh5bzrvalixJRFM5uNiu1Lg+O1tNUSp3G0Wqz+aaCcRqRcbWmWTdDFEWEpjHHHGSkYjJHR8jObCmp7/rEmYkwxo4ISTIlIi1k2QoEq2HVmhWh0kUBjGK1XHez2tcKoBCufS2KNk2TvV4vI8L2OEy1L303m/W1jbRxjNJFCUw6s6VCszortdSizASKioSbJSnqlGNRVSkh0ZJ011UpJk/Z0oqwTHa1s5naUEqhCSVRI5SpqLWUUqO0nEA4KSidLadp7Gddqd00ZZ13Ladsni8WUQii7/u+9FI4hEzDQZuc2YpUaq2lZuYwDGQbxiFgcpvPFlHSiWqltbGlJ9dSqlgPw5SjnH3XJW7O2axXNkulVBUCzWb9MA6r1bKEQkatlOKJUmvLCaxa3Qx2uk0OUcqsTTmOa9A4DoqotVoCl1pbRmtjLTWiTsN6tV5GephaDZXSlShtnA73DvqNheRpGJfLZYmysdgIhSFKLVFUog0ZokQdhkkKyctxjHQp3dTGTK2mYX20nPUbwzCMwxQluq6j2UV9Lecv7u7vXZr1863trTa0aUq3RuZisdWmaTbr+n524fz5UERXS6lRw60JSkTtZrJSspPwNI1uWbpyeHgYiv2Dw4iyvb1Vam0ttzc3Nnc2L1zYU7S+72bz2T1333333bfXUq657rqN+VYp9fiJk6uDg2Fs81nXLTamYYhSZ/1sahOThzZNwwRtHEeJo8OjllMXdTFfkNN6GueLzVlXdy/u1RIy0zBubm1sbm4cHh22luMw4iylnL9woetny+Xh+fPnzpw5BbFeL6OWvnbICuGIiPKRH/L+iTc3FqCgyHnf2bPz+WxWZ1OOoZim1kXpZl0/6yfn5tbmiWMnpmlYHi1n87mKV0crhYYpFZ7NFqWU5lZUSu1aTuD5fNGmpi5EPVoe9t289l22bNPUlaLQlJNwrcWO1dGy1jqOrevqbHNrvR4y2+bmZq0FdVJi2U2K+WIWNdbDKNyXWamleRqntl6vNjY3F32/GofV0TKC5WpwatZ3pVSTUulKTFOqVhG41b4fVuthHLvaR2hs02q5mqbW97MaZXIDz7tZqVVyP+sW8w2gdnU2m4Xi8OhIzaWLjcVGKTWVStJtPbS+60MapkHyxsZGOnNq/awHCS0WMykUmnVdN+uHYRzHIVS7+azvahOZKTudpEM1opSIg4OjMDUiooRimtq4WhNqbcK0NpaoAaVU43Q7Wi3HcajSehinYShdL2y3aRyGaZDdz3vjELP5rEQPlBqAodQaRbX0IQylFrdmt5aTRzskyGxB9H1nq2WGVEonnNmMnE5nm1JEiRKltJbZWpRAuR6HdAsFAii1KtPgxtjGWqsVBclMra3H9ZiJkCyVqTVBV6tCtoVba7WUKFVoPSxJz+fzEmUYBgJoQSmdutpLJoVwgFSrpBJKpKAoJEkoDQoyM5EURPNUgr6blyKF7JxaFkXLNmWGalfDlkopUtRumobl0TosS6WGosi2wU7hzHRmm2RJTFPru9k0NduZdstSO5txahEhsRqGrnREBMxmi3Fs6SylTNMI2lgsCMZxiq4iMLZxm9okVEpRRAmVIoXa1JAiorXMNhWVKceu9MhgIRzY6/XKoGyEutpJRjG2saozrA4Pk9ze2i611G4WXaXZTsKRGKUzM6dxmKZWhBSZmTkpWa3XirKxWERfS9FsPh9Wg9N9nU3OaWqCEpKjEHRSKooys5Gh2pfa1QLOxOnZYrEeh/XyaNb1jgipRMz7WS3R952dmW3KNk2tRAAlSqld31epWNnGcVyPxuv1OiJCEVBrTTLTCnX9vE3TehiKqoOIImkaBitbm9LM5rOuq20cpmEKqZZutVpikFbrZZSu1r5UFEHDSkmGKF3YIoZp7Loqq9ZSouTUur6vXYcznYvFPJsdocj1lNhStGwlymw2cyIhxbSeSo0GzhyHIRTzxYbTSTagSaKUyGxAG8cpW+JaS46jjUJp25lRulrS6cwSauOUnjI1emxTIyRC4cwspeKiKGXe1VopuNmZoHFq4zRtbG2GjIkoq/VqXI/9vEfRpha1lKr1akwaeMhxGjOKpilrrbZaa4iIEGpJtuyjJkSo6zsl63GgtcXGptIokSPq1sZm7fqxTdkcUtpDa5GEiKhg24HHzHGaSqjre2czRMR6eSRiPpunybRCs75HUQPbISFNwzCMQ1dnUbRer0pXFQYFtWWzszjDCuLocNlottfDMqLUUhIrUalTy9ayr7XUWkpHkkntNOtmabI1Q9d1YZWItCOiBJZCElIJ06ZxyimJMusr0jS2KJ3cWrorJUqgCDGN49SabCmqIqJKLZP1NEzZuiiZBrrS4Sbo+q61AavrOtuZHsfW2hhk3/ez2ayNbWhDIcZpJN3P+3BMppRSFC2R5DS4lsi0c+o3Zm01RS1EjOOoKDkNUxvTAqY2CWPZtqJUjeNopJBCESWkw6PDaZoSB6XUUhxTTkIlcFBU2jSN04QdKrVGREjqagdqmaXr0satdl0t1XYEw9hKKVE0tRyGiQwK4ziUrq/zWbZxmoZaonZFdpuy6zvLmXRdHwqygQhIWmvY88UC21AVmamwpNYachfRWq5Wy1qKbdWCcCZu2TJClRKl4FwPLQq166bMcVrbkoI2RqTbBI4S2VxKZBtBUUomU07ZWlWptRvGMVDt+2kcpnGoXedQV7qur6vVamoZaUk2B4eHbhaehnVCNpsWpZRahimFpqlFME0TIJVSZDDuui5qdKUu5nOLnKYS0dVeAruWgslstdCSaZr2D/cu7e2FtbGxERHqeg9TrWU2n5W+c3K4fzi11lpGV4dhXUpXu4plbHuaGtLm5kY/62vfrVeraZokur6GujaOfdeXUqPILaN2TpfaoQg0pnOYdra3EaVGrbOuq5lJKevVYS0dsDw6Wq3X/azr+3nX19XR6uDwMJ2zfl6j9H3JzAiRHB0eULS5sdnX2mzcZn3f2pTG2Xb39zc2NkqtiBr1wvkLXVdvvO6mYcrFfGM+ny3Xq9ba1rGtUquTrqvDMBZFiTBC7msxeXR41HXzY8ePbW1tZlqS7ClzGkfS4zilc2uxvVj069amceq7LhvjOESoRO1m3cHR4ebW5jVnrt3YWETEMI7TNB3b3rF9cHAIlAhw+dD3e7duNp/N5ilyGsEb25tdqf28Wx4erdbD1ubGOI02LXP34sVSu77rhnGCKAqaEwoax7ErRaJ23TgMU5tqrV2tJ46f8tguHexPw4RaqGxvbzmzljIOrbXs+76USNOVsN1vzGupSSK1YWrZJMb1uBxWpVY7x/XY91XR2SxXyxJSqaXr1sOwXq3HaRCaz+bjNAYqNQx9121tLmyns7UsUtROJbqulBK1lq3N7XE9RLC9vTWfzZfLQ8kRErRsXUSzTFuulqXUWe1tr8ZVtsycpKi1bG5vQhweHWZrtVYnqiWUUpmmwaBQX3sphnGcdd16PeztXyp1FqFhvRxbujWcLV3sWqtCbZw8tdms2io1ZBmmadzf3+v6frFYYA3TMI4DpZaQM6UIRYlit2aHNZv14zDUWuaLRVdr18/IbNOUblBLqbWWiJLjtB7G2nelBknL1kUtpTY3OaLG1Fq2dGa2VrooXV9qyK6z6iZVmdLaEKq0lrjUUBQZpFqiQRGWRZQSLds4rIliCJtsbWq1lq6WUMEa21hLnfV9RNRSp2wSfe2kiBKBWmagEmU9js4pmyOCpJ/3SENbKyHUlyJ5aKOsiEBgtcyIUkJpIoQlRRe12bYVuLXMTMg0OES27PqS1jhOpUTfdU5Ww6plC6i1DuOAqLUfpiHQbLaQNOUwLIfMVkuoMJ/12bxar0rtSl+VHoe1okYJZEfJqZWqaRoUJG5us25OsZMotJbpjEofXZQYc3JrCoeidp1zcnoY2mpYh0EgMrPUrp/1obDd0s7ErlFtQcqsh9U0Tv28UwahaWoFVOq4Xk3DiFyLVtOUY1PVsFpl5mK2mC9mzqSoi05FNWopJSipNqyH1lKBaV23KCEDxDiNUUqJSGeKaRhKKZIRskOqXUmboCvqSi19ZydpdbRhilosFSA9TSNBKIiYxmEcp/l8FqW0sXV9V2vFbrbJYVi3zKG11lqJaLZbllpKrenW0nZzZle62pVQlBKzOhcZNbpapzaJaCTZpkaUYkliGEYpZrPeUo1KyHa2lk22a1drjWFs3XwWUbD7WV+LpslTS7kpotYaXe1mfcjrYeqiYCcGtWmUotTqTCkQ4zgVqUQZphbyrHQtEymCcT0CRZpymqap6/pxPdR5J2zRhtHFXek9pYoswljOJsuZntUCtClN1FASRaVGkaSIUFuP42TX0kcRRqbWPrONw6AoVZ1CpSgk0oAxoa7rau1VXEsVGseplAJqrWVrzlSJEiGiq8VEQrGKoIRJUnaGBGpjs5S2IGWUpDPJaXI2Y0VIUaQ2TdOIarQ25DQiCUrRernquq5EZLbMbNPoKLVIUErnYLU66vtZEIlLrbN+1mg4Z13f0kCJGqFxajW6dI7juLExVygiau27rqOE0iFltjaMy2EsoTILuXSlA0qpYGwVchqd2aah1jJlk7BKowk5VKKWWhSR6aOj5TAOEcxmC6T1ao0BYUqEkSLcMkpBhBW1uCG15uhqqbW0qaWzllJqgKYcQ2qTpzbJXsznipgyZaa2Tmdfu3GY7r7rzpQ2N7YU0aZGJoGnTAiVRo7DpKqCppZRqkrNNgZI1TiikKmQ5XFcixJRMlvf1Wwp48z1MPb9rOuqRKhElCg1AinACNkKpUk7hNMRpas1MxUax2F5uJTkUJrEgFQy26yfyepqjRJOhmFJRIQi1KbMzChhmhShINJWsaJEtmnR9yjW6xFnQWmvVqtxnJLEmnKwUUQomidDKVEjBC1BLgoU62GoUaOojZNqhKSgUJpzmlqpBai1hLVuU0gYEIra1cOjozYMiiJEmrQioElRSpd2X3tJznS2UmuUElI373NKMCUEHofWXGt1qO9qLWW1Wo3TWLuYxmk9rGpUhcZhGaUUYj0MUaJEtdNQah8oya7rjpYHxTF5jFLSSRRaFjS1IdPTNCkiSimhUmK1XPWLeWA7VeTMojIM6yLVrm5sLGbzuaTaadb30zhIGaULx3xzEaXUUucb80Cr9Wo+nw/jcHRwULrad7O+nzmdUKOz6bpZLUWKYT12tUQpoUiDKbUOw1qwWMxqKc0tQjvbm6BpmqaW6Ta1trU1K6Us1+t5PzOZzs3NrVrrxb29thrcUGGxsSi1O1ovJRmlDS6ln/d9ZhunaZymvpbVejWs1tEVENk25lsmx/W0tbPtnLqu2zlx/NjOsf2Dvd3dS/NZP4xjUTi9e2kXcGZ0peu7nKaUau3sTKglVutlRJl1NYitne3tra3VsDpaLlGSRC1938+7WRRN2Vq2aWpFZXNrs00tp7ZYLPYuXbrrzrv7ri7XQ1/rfGM2tintWkrLJF0+9qM/tK91uVrnOF66tLtYbG7M5/edOz/rumnKWlWqDvYOW6blgja2NqYxW5vGYb1aLtfTFNL21hYRreU0TSH6viulS3Iaxot7F1fD0lOWEn0/u/POu8Zxmm9srFfrlq59KVGn1nJqwzAMU25vbAzDepoyx2nt1pWqDLvNFwvbs9k8qmz3dW611qgqqqWr3Xq9GpbrbtYvunkGpRRCmKmNbaLUQDbuutKaWxtrUV9rptfjkG2K2mHA6Wmaspa6MV9M2cZxiihygvrZfJyGNmUmG/P5er3e39uvs76W2pqdbX/vIJm6vp/GsUREKdMwDuPQ177rusOjwymzq6WrfbqNw1BCBaXpSnFEUZnPZq15HKcpp2yNkGotFEVZHy5Xw6rvS991UYptRVGoRl0sZmGv1kPtu9ls7vBqPRSrn/WmNbsrfYnSpgS3nEKlK30pUboOaRqn9XoMqYuaaQXNGV30pXMaKVuzM0oZx3XiUvq+750ex6GoZKhGuLVSIkq0lgBE3/fDOBh3XR+hTA6PjlrLUqLru9mss90pal+nKUNSCCJCJWJcp+RSY7lcIrq+d7NKLdI0tWFYNYtsDcvYRFdLlJQVFEUppXZ9lNKs1qaQVDow6fUwTsOgohIREYjMjKBlTpl2TsM4DGsHfdfPajXGCkVXiyCUEbFarjKnWnCTgtL1pGvUUtVaE5F4HMexjeM4dLWrfc1sijoO64TFxryWXhGOCLFerrquR4Td3FrmYrZhmsAwDGMp0aYpyRJVkC3HaXTL0lUbUC2ltRzHqdSoXVci0kQUt1ailNoZmt3Vauc4Da01RFCwaq19X1tKomXm1Pp5H1JCcy66vpvP+xppxmGopau1lBpHy6NhGPqumna0OlytV6txVaIUhVBrbTZfGITHaey7qlCJMEzjFNGVWlprtZS+7zMZhnVLR5RSNK6HaRhW4zqHqU3ZcsKxHga71VJMJBhny8zE2fcdUTNbiVpKqBRPOU2jCNLqC5abu1k/n80buV6tu1pms/5otRKuXR3Xw2TXKKUQtev6Lt3W0zRNbZxa2huL+Ti2WV9qDWdKatNkDBGhKDFNU07TOI6lVpUQlK6bdZ2QErBbtuapTZ5a7WqUkGIax7SxMlM1SqldrbXWacoosj1NU+26zKlNQ6nVUo6jsCLaNK7X61rrOE61lBA5ZFergnUbimK2mLdxnKap7zqVkIgIt7ZukxulqNSoXS21ZtoGMWYLRakhWQUZ01prRaXrSxBp166LIrdsLUuJkBCBnTlmK6VEKTLCaQuDnRBIdH1VKW6NWlTk9JhZVGoNSV1XU6ohGoQNabk1RBRkEgtm/byotJwkdV2JrmtttLNlUsqwXnoauxrpUopspdMRpZaIElFms1ntuwJWgBThaRrHYRgnO6tqRqzX66IotUvIzGEaKoyZIdUuptZKSMTUpihRS9QoU5uWy6Nu3mWz8WpYl6h9LZm0NgmV0HoamltEIV37Lp0qYSPFlNM0tRLhxDllAsps2drkltMoaxzH1rLvismIcCqUoNKFcI2ghDOH9bLrZkRmZpSSdkSUCBPpHIcxHHXW9aUzjhK2JboaU2ttmKacsEvXL2bzUt2mlqbrQlEluq5fj2MoIgiFlJYyE7vv+iRwYo9tShPCRJpaVFSj6Ohobbn2fZsmK0sUY7dWVaIrtm0hMLKjRBAlorU2TlOJQIEtqaBxmmrXOyyplpiGSabvuzSZY8PpbFNTEUkUkcZANE9932PGYSi1dCrjNEZVa5raRC197VvLCFl2awcHR9na5sbcUaapTdlshKfWStSodRynWvsSEGTLlq21SRJCNUqEEpKJ9JRRq0xECcicsrnvZ6olRGuDxza1VkpEKRKldqUIctZ1UYrbCCLI1lardWZGjWkajWqNELN+HkFbj5a6vh+mQVK2XC2XXakopylnfT/rZxSQUvSzGgHybL4xm82i63KaAnW1lpBbK6U6XFSmqRWplBKK6OVmIqdxTEO2bG0aMlvrZv1qtcz0fDZr2drk0qk5Nzc3Zn0nIipd7WmoREtKLdM0DcO6tVZqmc3mYdvu+q7WGiVwilpqmaZBFGpkejGbETSP4zils9bIzFJUSh1yHardrNu9uGvTdeXoaKmI9bCezWfz+bxNUy1da2NrbWOxQZHtrtZSomWqtdJ1pau11Fq7bLl78cI4TBtbG4v5fJqmdK6WRzYlymzWdd0sPaqWY1vHEFH6cRzaNEwtu+imqXV9cYKcmUEsNmZFZblejdNUu1qjlNpFBGknpWg1LIOYdX2ExmGaz7pZP794aXe5XtXQvJ+VUoM4fmwH++DwoOtjGMeD/cOtza3N7c1pGkPxjNtujxLz+fzOO2+/tHfpxhtvOLa9M0zT/v7BwcFBRK6OhsWiny82ysd91IeIQrOqxnWbzWci7FYUq9WqlmKIrmzMN9vUoquz2i2Xy9msd3qYxlOnTtSuS5z21HLWdVE7iVI7Eem2Wq/n/Xw+nykkK2rd3NyczWbDMMwWfd91+3uX1uvDcZhm80Xf12EccdS+wyq1bm9uTNmmYeyigkPU0h0eHtjZz3o7Lu1dKqGu9iE2tzZqzNA0tSwRXd+3aTw8OEy3EjISMY4DokQ5ODzau7Q3W8xKsloN2VopKtGth1VX+2EahvVqY3PR1a611pwyfVdXwwiez3ony+WqdN2pY8emNg7jENJ8MdtcLFQip1ZUCIbVqtaqKH1XSpSWra/d0FqxZvO5jaWu75uZxvU4jaUW2zazruu6ee3Cmev1quv69NSXLkottWR6HMeQW5sQs9pHLcM0FoSYVkOtRVElshlSROKIAJVSEa1l33XYy+VailLo6oyIbC1NOosjItbrEaeh73tCJUrX9V10JZRkmuWwlhPTWjqddkSUorSixPLoEGdEpB2YVNSwPY5DVwoqRkgFXEokdBGK9XpUcSkxZZIpFFJmEyjUpibKfNEn0XVdLaVE7bs6DgNmGltE2MYSYdyG0aEikECI2azmlIha6ji0aWoix6nVEJC0Wru+9kUl0TAMpkm2yJyGYT1OWYoUEbVGRAhsQ619hKPW1oZhPdYa89nMToyi9H1pUxumNpvNigKwm6Bly2zdrM9htHMcm1uWLjKz63oQKCRDV7pS1BqlRFqhKCgBZ7aUkD3ru1r7cZpwqjCMg7Alt1Qzcu1mObVxSoXS2NOs1tLV9bDuSldKlFJaNgVdLdmm2vWtTW1qfSmllq5WRTk6OpqGwW5ItZRxGKdhUhJdNw6j5L6f9bW2Ng1tDIjSTcNgZ6App0Ja0UWtXTEKRdTIHHNqlrpa7ZzaSMRs3osotdRahWqpUxumqfV9jVq6Eo1QZu07J80uJWw3N0AlhEMFXKIIS+pKcWbtZ7azZS2lqLSptXEsfSXDbjmOU7ZQmaahJX1fnI5aSqnjONbahxim1vUV0c26UKSNwoFCfe0j3Fobp7Yehq6vpdQpp1q66KqdJhRyZpssyUpbBZWI2nfTNLY2AAqVErKnnKLEYjazLavZEbJta97Pulqd09QySig0tSnTbWpuOU1JodaKmWwwBE5slQghlaGNyizzeY3IcQRHxHo9FsWU2caW6a52UkzTaHJjtjAo1HVdRDRjGWiZQmNrgWstTk3jOk2NSDuCcUxn67pZP+tFOLNEFAJsPLV2eHjQxrGUUC0hpR1B7WqtnTOl0tUiAA/T5LQwprXW114ox4a1HoZ+1pfSSVFrzWQap66UTDlTIm2ppD3rqqK2aRqnse9nMojZYqPI62mKUKiUUNrVxUFEIe0IN0eJUstqHDy12vWWluvVOAxbi62xjS2tJD1ZEaVEMJGA3EIhZWZGRHPDlmlTG8ZxPu9n87kkRMM4aVn7Out6EyAFpcR6vb5w4cJ8Pp/NZ+MwWGqZmYlL2tlapru+eso2tHEayYxaq8JuY5u6Umezmpmjx3EYJQmnm22BYdZ3NTpCbknISShq15UIJ6qlK8VOiFI0rJunFiqzWtNgqxQky/Ouby1rRK0KRUjD1Nbjqovouz4Tp2tfRYmIBGdOU045KaJGYImwLKKUUrrS1R4nKiVkrIjaRTjAtdRxGhXMZ3OcwzQW4cYwTX3tFOHM0ldE1OhqUXrKifQ0TWNrJaL2s6mNAAJT+i7NOK4LZcrm1haLRabdspS+iNlslpmZmZltGgP385mQkzZNUYgoNUIuSa5XaztDEIQKbhFRS0zN5FRLHdfDlISlUmpfu76PCMyU0zTmOK772cxTm8ZhNayEwKplsbEQmsZpNpuRbbla164vNQ6Olia7rgJ9qdM0roehq1UlpilROlVriQghJKn0857WhmFoU0NGqGgap3G9apkeW2ZO07RYLBK3qWUbQxqH5vR6vV6tDmvpSo1SS0SMw5ih5eEy29Av5lIZViusYZyOlgfzft71NZHtaRjniw0711OrKkgtM1Siq/t7Bzaz2Qw0DoMNwm2SlNNUZ3W9Xq2Ww+ZiUbuKNQxDiZKe3HJjc7Pv6rAehmFcbM5LaBon24pYrddFtKnt7e9HlFpKKEKkPbVs47S9vVNqiaKQ1tO6m8366B3M+1nt6pStjZPErOsdmqYmIcdquVLgiZZTtqmrfZRo2cZhihBmGKa+1r7vl8sxM2ddF6VubSwWGxt11isVIQrjOOaYs835ar0+uHSwvb0zTKNKuXDu7FOe/OTFfOPU6TOIUovQOI5Pu/Xpfe27vo8o/WzWRRith/Xh/qVrr7t2a2srop48fuLY8eP7u5eW46rvehpdN9vZ2QliPY7lIz/4fcdx6Ofdcv8oqiJCZN/3KbVpXCwW/WwGrNarGhGKlhNoHKedne3d3UtOtre2l8ujUkrgKN04rMexrZbLNjW3xDnvF7P5bFgPq9X6xLGdvuuX63Uo5ot5tmxTO3b8ZE45jKutje1GFtR1NadxGofS99N6vbe3F13p+9nhwWHaLb1ar3McNzY3u1kf0mp51PezrqsublNOY1tszFubjo5WSH2tqkVovV4HHlsWxTiN49T62tVZV2tHa33fq8R6tRrbWGt1ZkKJkJS4lNradLRcbW5tdrUcHBy01haz2WzWD+MkIluWUqJ0bZpK1H7eZ7YoXT+rOEpEc6pEttayqYQkY0J9rQpymg6XR6EopXR9Pw7j4XJ/HMau1FLLer22W52VaRrGKUVma7WvtXRSjG1sbWxja5lIU2uBcMOKUkjSdhpIZ19riL2Dg9VyOetmgigqUSXjSFRr10U1maK1lkahUgo2znFqKeXUxmnqZ/Nil64TRCCFhIQkp9OtllAUW8Jd32VztjGsUrsoJadxzFagdKUqhmkUEaGWqRJd6UP0fW88rEeViFJxIrc2tWkU6mtZDYPTIqJGyyYIqahMU1uvlyWin83ms9nR+qiqRESEZrMNtwaBlG2KWiICJ5CZJUpfZxTGNhYonWRMtKmRrVnTNG5ubnVdHcehpftZ36a0tFwd5uQQUaqbXTTv52CkvtTa9250s1mIcWjqyjSMwzBGUd/NSzBOYyk1QnVWh2EYpmlzvghCmIi+67M50wqXUmoNSZjaF+NaSyiiCzmas6ullhJWoHFs0zTM5wtk5NKVGqXWWkoR0SnSXo9D7UuJCsZ2a3Ig7AzVKYepjdPUWrblctnVErWU2tWuzmazCAra3NmZLfoiHxweoqjBlI0gVNqUtmotUNbTukRRKCC64iRqZKZb9l1tdmtTtikiZt181tVaOiLt6Oc9UnMKTdkkIclS0NKl1nQbx0F2V2ciwH3E4CmkbA55GCehtGmJvVoP2VopXdKyOSIkubUopaXH9VpE13W1RkQ/jasEofVyXUqJ2i0Ws1J62yJsFRVn9l0XkqSpZeIkK+r7PtDQpijqSgkVZEVMbZpa1hoypURfayrbOI3jNE7TrO9IjdPY2lSKgmIIgVQUUzajrtRSY2puaRLniA0qUUoJlSIUEjANU+ZAWiUiihQRSEXGbqFOsoQUoWJ7GgciaildqSKaXaLUGraSjCIsO1tm7Ypbro9Wpar2HdYwDBAqcmZEKdYwTlYG0ZVZFEQYt8zWXEo4lNM4jlNzhhW1uiGRUgEnRTJZC4ZpHKdpClNrGadhvZ6GacBEKVKUEhEqXZToau2mKdfDqu/7rs6SFtI0NXIapzQ5ZUoqkiK62WzKqZaaZGbi7PseFCqI0lcy7SRVa1GJritEgXRGyDlZEaXr5ay1n/V9N5vPZ7NZ1wslWBnUKJSo43q9HoZxmI4Oj7qu4ohSZ31XS5ekUOlqmGwNadbPS6khQupn877rp2zZ2qyfl1qM1svD1Wro+1ntAlMKimJnKgsRIdVSpfU4TGPrVKOUdEMFJ1AKRcWAPe97BZjEIqOopUPMF/OQpqmN0zANY601G8hYyKXGMK6CWktHCdmS3SyBkehrbWZsA2KxmHdR1+MQUURDVZIoUdSaJUcUnOHSMqdpUJSQShe1lMw0hAVkaxHhlpZkprGV0ilUIsZxatNYSj+bdzlNiiBUIpwpXBQtGdsYRD/rjo6OIlRrl+mq0s26rq/DarKzhDyNQUlna+NicyFFRFFRSIlKKdM0IUpXQNM0Tm3KbCqIqCVaNoUqDDkVRS3VaaejlkAWadtunpzIjhJdX2XV2rm1bGm79NqcbWRrh4cHBtuZns/nKUVKtIjoum41TNO4DqKUOg5Tkfq+N0475a6Uli3bZCxL4b5fCE/ZZHVdkeLgaBkR0zT0tatd8YRhGMd5P4u+Z5pqXzJ9aXe31Njc2E57GtbdvHalN5QoETGOgxSttVrqwfIw27SYb7Rx7cxxvYpQrd00DW65Hial+3m3Wq/X62E+74qqgkxHxDgMBwcHoUiylpq0rnTDMDozIsZpXA/raRzTrda+lup07WKcJoXms34aM4id7a1xmFbr5XI9OHNzc7NNExFd6Yb1WqHtne3lajWux4iws0RR2pHjOB0erlrLjloi+llfu5imdnh0NK5HRZQoq3EYpqGNQ+2rke1Sqp0YQzfrcspAXV/dsmXrSlza2/OUUaOfdVIpRUfLo8ODo8Ojo3FYlVqdHnPqa5fNmSlInNn2L+1u7+xce821x3aOjdO0v7eXLR0p1Nd67NjxWT9rzsPDpSK2t4/Pu161my/m6/W4sbHRz7sLFy6MUzt2/Pixze3MjBp11jXnNI7l4z76Qzfm83E9XLp0cXN7e9519507J3Jzsakow3qIUqahnTt338bGMYUjynw2Ozg8OHXi1OHB4cULF4+d2IrSbW4t2kjp1M26xXzedf16HGvtJjfnVErFinB03fJopZCkaWrTMJWS4zRGhGoNxTSMLRN7aq1N676fp9s4Tn1fu9pbibyxsSF7vR6isLW906bxaDWUAKu1cb1eZ6ZbO1webW1udF1VFDcD88UsSh3W6/lstlgs5rPZhGd9X0sZp3G5XK6XR/N+sVotu24WJY4Ol6Wv8342DkObWjfrx3HCCqmLWGxuZrbVsBKBR2O36ejwYJzarOvGNq1WqxJlbM2tjdM4jCNTDuO4tblVa22tpdNTK2K1HqbWat/VUrvaZea4XvV11ncdeNb3tRRFyZZCfVdK7TBd3wVar9etTavlsmVGX/tSnI6qcfI4rm3ZCWqZgbraO8o0jcNqndnm842u70llszqVKJkOiMo0tjZmFGbzvkAUZctxPZTazWptLRFdFClMTs1A7WtVsZnaGFVMQcS8n3e1TFOTlE5n1q5ubsynqa2HoZSQZGvKcZgmCZJS6jS1vq8ixmmotaoELUG11kTT2KKWWd+D0oBKWEROSS3DeiWp1FqiBFhCtCGjxuRswwRtylwulzSrFmFbIqqqiyIiKtkaGAJk25k5DhBbWwunI0rDR0dLib6bTdPUd2XWz9Nuzq72UTSO47Rep+miOFgfjQB22jkNJeq4HgIvFosITVNLU0JALQUUilK6o9VqmsapTYhSVEqMY5umcZrGrnYo0tmmUYmKnK1NUxRFhG1nZmYpdZqy6wK0GkePU6l9qVVJZiMcUnN2pYY0DGNmU5RhWLd0rTWw7bTH9aqf9xFVoa72Bjtns0VOXq3X862+q3Uac7GYL+ZzR2nT6IgghmGoVbWfdVURJTHCKJBK0KwwaePALds4Ti0nUMsc2hgUInA6AdWiolpLkRmHkXQpkU6nmaZMJJxtatlMsYuitdbcakTtytHRKj0pIkqpUWy7WbWUCBpNjohSuvUwrsf1fL4opbQ2dd1cLWtfkcdpCNXZYtGmNk3TsF6P4zqiRFGma+0CCVprhSh9V6KMrQWIsJimUVKJmpkqhCUBiojVcjW2trGYg1pz4mkYulrTXh4uIWs/F7btFJ5CoQiSKSfSAWOymM+MhnEiW9RaSqk1FGFy1s8T0raTCDJDTjvbNI2pCEWE6Gut0YUUckpd1znHYRyLakQM64G0SYWmNklyy4Zr15UILGcritKVkGvXr8Z1tqGo1tpF1dTGtGutNohS6zgNNrXrNuaz2vXONGS6q1Wlc0sFKGotbZrWw6BQN5tHBOlu3nV97bpaoxonSeY0tFLrOLVpvVKNEjVx35UoYVkUwXy+GMZpyql2Xd/1zqmZrp9Nw1iIOp/VrlNEugWCXK3X4zimKLVEaBrGlm1WO4RULElazObZ8uDooK/dfHOGo7VxmCZbJWoRw9SmHKXo6ixqtGmazxezjY2QLKIUmmUkHS3XLbMr/TSNy9UyQq3haVLYdqmz2sWwHNINqeu7WT9rbZyaERExpSOlUERF2aYmUyJKVTrHYXS2KHVjPkOslqtapKgSq/V6almk+WKRY5taq32nbOthPbUstWsTIRE5jmMolGF5mNbZGqGpNUUUGMdRIgoUJblaLrO12vV9NxuG9ThOUaPW4gSlSulKlaJEMUBObcSOqFFjmsYpPa4n02pERJlyCNXa1eYch1ElVKJ04eZ0Zptq6WqtbUynuxqgcZps5zSNLWVHhLNFKV3tZ/MO3KaJUpAy3dpQaigK2dKOUD/vQ8VO20i42VYoQtPUutKrsD5aG2xnM5ml79vUcJqoEREhyXZUtcyA1hJTaiVpmenEdhYJ0tPU0umWXTeLqnGcjo6OuhKL+UJEKqfVKLK1HIexZcvMiDJN42ocuxqzfmayDePhwX6BxcZGYtLz2UKhvpvVUtbrdYkSpQzjmONUS5Sutmx91y2XR86sXamlSniaWsvtnS1guRr7rnZdDzizlFqj1q5gStFsvmjTNLY2n/e11lk3K1UqtdaaUCNqV53e218O09ham823+r7OZ4vadelcj1O2KWooYj6fbW4sTNqa9T1EqRqHqa996crhwWE/m3W1OlsJOWQ7s/Vdny3X66M00zhNbd13XWut1FoUY5vaNEFSou+7KDVbG4eVxOFyuTxcppjP5iXKOI5bG4v1tF6vllIo3Hc1k3GcPE2167qu9l1XSle6ul4v+24272d7B4eZjlqYWms5W8xKRFhJXrhw/mD/YOvYtqz1eihS8zQM4zAOthfz+dbGhkI4xmlsbdhYbCwWC2CxmB8tj/r5rO9nBwf7y+Uyoszni3Apfe1q3djc3Nu7tF4urzlz5r5zZ/f393a2t2aL2f6lvQsXz89mHVab2jSObcyUh2Ecx8n2/qXdWZ2Xj/rQ9x9WQ53VjfnG0Wq1Wh31dVb6fpqmrhRHzPp6dLRU6NjOVpsmU2opy9WqjW1zYzG2YVpPtbBaT/sHe/N+5sbh4X5E2d7arEUiSqmZXo7L9bply+Y27/qUulr6bja2PH/fuaiadd0wrmezWSnl4sULpm1u7whJ0fUVqZTazfppGKfW+lk/uR0erWa1ZibO1fJoypz1XShms/mUU5r5YqONY5tybBNy33cQRdHNun7WS7SxRTCOo4Xko9V6Nu9qP8M5q4WI9XJZui5C4zSGVGrpao0QRKYPDw93L+6O03pzc2OaUlK/WBRJAcnYJpwh5vONWrsSUikCQwlN46DUbNH3fb9arlbL5ebWVg1lNpXo+n5jY0MlDpfLaRqj1qjhNq2HdUTBpFsbp6mNXe26vva1n88X4OXyyPax7R3VOq5Xs/m89n2UUBTTbPe1Eyq1Rij6visFs1wfGqLUKEJkghuhEqVCk8ZpXK9WtjZmMws7hYZpWq2WOaYUtUQpFbwex6KI0pWqGmVqU2tpubVWQhKEnDmOrU3TfNbjGMdJtdQoKNo0TTbZQrFuUzZ3tahGmJSHYepr7Wa1RGnjtM5WTNRwJrZqlIgoZRzHNrXoCo10CtsZpdRapnGa0ov5zI50q7WUUoxLraWL9WrtbKV0IqZxHRF9xHK1NEQpXd/VvqulpDNbqzUW88U0jmObonYR0ZUOue9mNWJylhJ96Yxam5zNJcZhXUunUuwMEaU3Xq5WOLtaptZqRO07SXI7OlxFuOs7pJBK103jlMq+6yKEGYfB0jQMR0eHs75LCh6j60Ils+U0WVKJkDFjG6uIUsdhWK1X2JZzylprX/s2TQbsgCmTbN2slxQlnJmZdnbdou86Z9ZSCYrqOIxTW5da3HK9GsG1mwWWNK4HoHZdEW2csJsDskRtpg2DSgEP06SQHC0zM0t0s9lMaJxaFPWlzmaz2tVpcmZ2JdqUEtGFFLWrtRYpcmo1Ql0JdahMpDOjlC4iIhqepjabzVA4x9r1oK6vKFqbokSNjjCoRLXc11JqwaikTa2l6+s0TcVKq7XsanW29TgGil7K6LpunKZhapaJ0nXVaYu+r8O4ntqoKF0tdq5Xa9XAKKLWDohQYjem1kCli9aytSmkWiJqJT1MY6cyTW13b6+U2vc9tlFrDRlIZ8vWzzpUulqJ8JTGlkWNEhBRS6FIigiJYT02pyClUkpmmiaKFJnTNE3rYZAo0tHqKFRqqDm72cxBpmXalOM0lVIWi1lr0zSO4ziWWvquTtOUzdkmp0tE4maXEqFaInJqLVsppUTJoVHUl4qiVNnq+y4iBDmOrY1upBvYzeux1RJdiXG9jlq7WpG7vjM6XC6naYwooUIUYRfVKOCcMmohXWpgTeN6Np/JXq9GZyK11kA1SnOLKCVqTpMbUWRUENBvLEQk6fRqtZ7NqkpB6ms3jsNqWPf9XGrL9TCNrdY+WxtaQ6Wvfe26EkKuEaWEFLPZvOv7UorSjSlbG8ex60tErNZjTkPXdVEwnobsay21jlMLVGpYRlG7EhFdN5PdnOvlQCQoGskUNaKWNgy165wGK0pLsGUvV8vbbn8Gbn03m8YpikIY2pCm9f1sam25WitisVgsV+tsABHRdR2CNIquVlV1pZbSRSnOxKkI5FK6UkqJMq3HbHZoNp/3XbeeVnuXDja3Nvt+JjO21lpzc2LbCKRs6UbXlajhZqD2tTmLVOsMM2Z2NWrpWmsJXe2Mc2qKCEmSQm1qU05dV4nITIqqilCbWqlSibFNYZWuiMwkSp3VzqBIiFqLRKgYp7NEiSipjCg1tJ5Gm4hieRjXBYFqrQrP+lmtxYAsG1A2lWg54ig1ur5vU0tnlCih9XpwOkKypVJrYLc2jtMYqHY1W5vaVKJ0/SxKDeno8HAac7HY2NharIeh9p1xG8Y662tf2zhtbC5KiYP9Q0GUUvoaUVtrrU2qtYuiZGpTy0liuT6q0S02FiYzcaOE0kJIUbvucLmSmLJlZpS6ubFZum5Yj4QtHx0cjm1aLDZaGz1m7XrsWT9bDytP7medJNJTm8JMzja1ENF3WxubpdSprUuJcb2WrOjcpr7rIuq4XnVdV/uuFDkZs0GbmhWKKqyWub21HVFWw2Ap0pcOLk3jOJ/3y+WRM7taV6vD1jRfbGxvbXalK0WIaZooMatdLTGsV6VGqMy6ft71wzjUWhazjXQuNjYQB/sHm5vbXY2jg5Vx7Wfb21uTvZjPutpN01iKuq5r62kcxtmsb07ZO8e2gaOjVd/Vw6Oj1bCc9TPVsrO9c+LYySyY5mS1Xm9tby7mM1H7rlOUo8MjgtmsL4qIGNu0Wq7m81laoVKDNjU3z+eL2tWj5eFqtT46XI3jsJqGqrK5tbm/d2l3d3djY6vvZ4cHB7WUru/X41giMElGqTVKV8piPp9aS2f5sA9476PlcrHYFDkMQ9/PatXB/v7R0Wpze7MU2ezt7Sm9ubnZlW69XpUaq2G9Wh/NFouTx04M0zCMrZ91m/NFZhofLg/TWVSWq6Wz9YuNNraD/X3MsePHFhsbbcqQhKc2zueL+XxWullk1ujSafvgaDnv+42NzSiaWpNiYz5r9tHRQd8vZn0Hwrgxm3UtLan2HVFqnUV4PYyzriqik6Lv+77rIrYWW8JT5npYLo+OutJHKKIcHewfHR7VrlssNgIiup2trdFtypzNZqBsOVtsTKv1algv5hvzxexw/9DODPVFEaUE8/liNSxntW+4tey7WQnNunlmdtGVqISaW1fLNLapjYuNrdWwam2q6tbjampjX+vm9maNfswWeD0MsjC4ZbpNUy1lGltODYgobqzGwVBKhZimifCi750glZDt0teu1rSM+9q70ZzTlIv5rJvNSUO2bMvlunZdlFKR8dSa3bp+NpvNsuXkNi3XUPrZbNbPIYb1erTtyS3ni61SS1drKMZhaQI3cDhUSmvj0FqtNaKAi4qiRIhaMjOizPuFnUQIdbNaawe5Xo2m1Xk3K110jK21MaNEREzDOLRRSUQgROm7rhQJZbqNk2Gx2BREkcBSqVEiWjbZ4zjWqPO+L7XvSnS1d4Ki1k5I0jSNKqrqsA8PD2sJR/SzvoRWq2VRON2as2Wbpq7OSu3GYa2opAMUkXbLViJq6RxYpdSw1DJLCCJzyHRmjm0CQuFsUWqtvQgXA8MwRakts3S177oaXZtaZsukRoCkMCjU104ORBSFCiU8YbtESRupDSN27es0TRGlDUNzbm1smmxNs766JcF6NazXS8F8Y9OeGjmrHS3Hcaylq12RIkTLlNXsIDqxt7+PtLWzleM0tanr6jQMR8uDo+UyCvPZIhCSRWYO64G0pAJ97cdhkBVBNC+Xh0g1Si3qSk1cikKhUnFkc/PQTGuTzWoahvUQpRhP0+jM2lUpFAqpiHQLYl5rQwqNbRLUOi+11H6Wkx0oYjFfqIVxCbVGCWbzxTgO0zgoBFGjNCdTm8Y2tUlF2KHSd53JLopQJlGKZVulFg/rkEqATQgYh6krfVdjmCZPiYhSpmFsbZI0DQOKoEw5ysxnnac2jeNs1klhtxIxDdPWxtZ8Pt+9eHE262utJLXrMrO1Nut6RfRdV2s1Xi5X43pQUfShxK2tx3Up6vo+J8upUnGjWUJOJCxQP6u2xnFMt2xtmtowrBQBkyhd7fp+tn9pTwXZJaLv57UL7H7WF+REROm6EpGTQ0xTWw/rWT+rfbUJQOFsEXU9DC2HNJmTpbAVCoVbKoo9ZTIOQ2stnf2s60sdxxExtSlK7fpwKCKGYe0U1tiGcIkaRVFrLbXUWmuNaZza2CRL0bLJ2NmwLIVQ8dRM9v2s6+s0jcJRysHeRTtrrek8Ojqczebz+ayNU2sT9nw+m3XdZA/jIFNLQaWvdb1eD0Pb2Nycz+c1yno1CM3nPVJrDSsIShwdDTXIJGnj0MZx6PsZjlKwaZk1NJsv2pQiuq4PhU2JmMapuaFSFbV2tjEiIZwpEbX2XRclcNZaTaRZj+NEC9VawtmmccjM+azrZn1X5/N53/WLg72D9XrddV3t+lLqOA3Del27rovayGkcMbV2BFObatRu1vf9LKLYNLewaikBUWpB09imbDVif//ATGSZzWcSbUxS3bwEQU7LYVCb+tnCcg6OiEwL11IVZCbS1Kau1BIOi/R6GNfTuhYVhaKkG1KJUmo4maZREbWUEqEo2Rx97aIIuWWEVKQSFkLz+SwUbWrD1EJRIhDhFIqI9WrABql2wlgEgYJiqZYSqOu6CHKcpmmUjGhuJQKxOjqiZa1d15VhaiKhdArBOI6RNi6lmMg2dF1Xa3XxrHaWs1mlACqqtbTWnNmmoet6SRF11s8k9Z0yW0RFka2VWoIiZKvC0dFq8lS7urGYB8VKWRuLmdKqsRrXbZrm83kp3TRNQnZe2jusVfONeZuaFM5xGIeu1K7rCdWuWw1DZrMNBjscDuHWsna1lrIeVyplHKciImo601lLHO7vr9dj7UrXzdpkla6v/aKfI09TK6UeLQ9LmcnOzFJr13fDaj2MTaiN09FquVwupymH9bCxuVCUcRwW83mS69W6uQVGnnWzzZ3Nc2fP3XH7HTvbx7d2Nvp+4WyTM8hxPTVnLSVpbWzDOA3roXZ9a21cj6k2m81LlFr61Tj0NUqpwzC45Xw+L1EQbczmadb3JWKYxmG1ap6kcnRwVEuhqJmNRZctQ4xjW6+WrY3TuK6lX2xsKL1/cOAkc5h3m7XW/YODeTfratfVzpn7RwezvqulG8aVrb7UCEgPORU5os66RT+fZxsuXbrUz/rt7WO1anNjKyICHx4eKeL4zs6pa64tJYZxfXS0iijHd7azZbbM8OZio6t1NawsDNvbm20cyyd89Ift7GwP43jpYK/v+q2tjUw2Nzc3NhfTOEpRu9p1C+TFfDFO0zCNi8Vs3nVdN3O6m/Vd35euzmbzUsrR0RDyYnMrM/uuW2xsmCCz1ChRpnGtKMePHxPTMA57+/vr1aBgXK6GadXPF/1isTw4ms/6a6+9rtS6Wq3G5tXyqCudateytanVWkuUo9XSphZFAUDqQkFgD8OwXq662h0uj2rpUVuvx1rqNI3r9TBNw8H+QYS6vo+IUhREqfVoedimtnV8p5TSbKUF0zjNFzPE0eHRxuaWJFqrdZY5lRLFebRaq2hn5+TYxmnI+byfxtb1XdgtG6GIGpCeknR6PY4y3byrtYzr1Ti22aweHRxhdX03DmPLVsQ4Zt/3pdTMaTabpx0lMJlWUGsfJabWuq5szhcZEcaotTFblloVsV6tp2nKqa2GsWVTpjNbtmzZ9V1XutX6aGit7zuM5b7vuxJZIihtGsMoNI2Z5Lz2tSuWVSLERNZSa1dsUUqVCBVpPa7HHKNESDb9vA8xThlQIrCncbQiM6dhdDbjaUpnQ1FriVKc6UyVMg7rlt5YbJZQUFtmZk6tgfq+gEqplqVY9F3C1EZF1K7LzDaNlDCtRhcKqfR9LwAN4xBWLd2Y02q5qqWolMPDw/QkQgoVWsuQWrZpXKp2tVZFUWi9HqdxMpRaaylJjuO6OTMbpdQoXdelc8ypRLQx056msbVWokh4mhTRLzb6EhSFAqnrZhG0Ns36rvZdtmkY1rYyPY5jRNna2lBqebRqrTmcLUut6Vyvh0pEX0gQEv2sj4jWJjLHaZxaYkuS3dyIIjGOLbBKcVoKSbPaWZ6mZqmSqZBItyJFFIVCrIepVg3jSiq1FjebbK2N69Xh8nBYr6MoncN6XUs1mc2ZOQ1jKaWWMoxD7WrmtF4uZ/PFYjErpQzTWEJRa50VWqZYrZeKMt+Yt/Q0rDO12Fi45TAOh4eHq9Vyc76IiGwZEeN67ZzCNd3GYZqGdZSSZmpThFXKbDZrOU6ZJUpzC1S7rsB6HCRERlRPLdPpFqW05mkcau2maXRmCkmyGlNIqGRrlrpSnW45SlG62pqnYQAyHYooqqXM+i5Tw7CephHTplFEdKGI1lrta+1qthyHoZQiabVcTdOECMfURsjZfL6/vy/oZz2o1kjUVVn08/lisWm39ThGlKhIUtTEENkMhFRKiShdVEUIFOpqD6xWy9VqaVNCrSVkS837WroSQirTOFLoSldLqUW1dgUy3dqgiNp107BK3HWzqWUIJxEi3abWWpuykZCe2lRKqSUcwq2oE4zj0Ow2tpYuoVqqx6m1VosITWMj1aYcxsF2G9s0DYJS1NdZZmuZxqXEvM5UgtZktXQNKWhjI92wKK1NNTRlZuYwjQqVKCPjNLZxmAxd17lZkoIoBYXMMK2HYShdH1bU0vcdUpvG9bhK27ZCpA8OD5dHR7P5bBxXWLO+a9na1JozFBGqtUrp1tbjuk2TSshurSkiqtxyMe9LP8ucsLG7UmrphmFVS9fN504bpBJFTiKiuVkuJdbrdS0dEUXCOTnlRA4HpGqUEm1qOQ5JhCKEM6ccOxWkdJYSta8KRdd1pSwWG61N6bF0dWM+q7UO64HicWqidP28ecAhuXazede1tFuWridsZ5pxWM+60pJsk0NBTK0lnvez9XpllcVsnmStdcrJybyrLe3Jq/UgiFnf115RpbaYzcdxSiilZFoiJPDUhpYKErFej10tfe2HYZqmQaE2ZWtTLTXtCAGhAIZx3TKLNLYmFLXb27s0DENXu2karehUjWVHCXC2TKfB2EaAUxhBopDdaKGCcbZsmdmcU1OnruvdPGVbLg8jGcZxHKfFxkYUNaykpVFarNbLcZxKrQEUFal281IZhjU4Sg1IZ7ZpHEYRfVdQODOdKFobnBlBLTFlw2qwXq7GYZj1i9V6NU3T5nx2tF61Ni7mi1rL2LJ2MQzTuF72db5crg+PjhbdvHkaptHNdvbzRWbaXizmrU3DNJSotXZRoitzFaZhndZ8Npv1M5OCdJIOsV6va1clO11KN42DjGWn+1rHcVofrbaPHT92/Njh0cEwDYooUdbrlXFECQW0otp35fbbbm+ZOzvHVstVSw/T4JYR0ff95ubmrNbazxSRU+tqR7apZZl1pajWOpttKJAVJU4cP7lz/Ph6vUIap6krRaVM47haLxeLeURIdF3XprGWUkqdzXrbYWV6PSw3NjZq32NLUapWR0fUaJn9rBesVgOkcdQ6rCdh4VJq6bqA8/edXx4dnbnmmvVqWWodxjWUzc3Ns2fPXdzb3dranPXdcrm01Je6XK1qFxERUrdYHO7tZxtLrZ0Ccp3t8PBwc3srlMN67Lvq1vYPDxUxn8/nXV9qzPrFcrnEbTZbLDYX0zBaLGaLaRyHsW1sLGqppZT1emXU2hi1ZMvl0WqxmC3mi2mcWnP5yA9//5xytTzqu66UbjUOh0eHte8iutVqWaRxmDY25kgXLlxcDctxnDYWG3UxI/Pue+++eHG3r0WWsZsVWUrQSKews/W1gzw8PDw8PKq16+Z9a9Nyud7f26u1LjYXbcooqio2R4f7Y5s2N7buuPPO5dFyZ3un1pKtGcZh1ZdaSrWMRMspp65Wo5ZTUYzT1DKncVBo+9j2NLU2DYuNxXq5Xq5X/SymxtHR4WI2I9R3s/WwbG1qU3NmzMqs36hdn81FZb1erlbr+Wye9jgNSo9Tk1guj5CcbRgmm/WwxhFBLd00Tc6cpmlzc6OU/mB1hN0yM8eWk1Raa5nMZrMoIcowDFK4ZekiQlFrH122SUgR0UVImeMwtdZaus27fsqcz3tRkmY0jkNmooAotdKmqWW2SSHDsFop1PV9rTPI1lpmdrVT1dSmaRqHcSyK2pUStdlGzmzDBOpqjRJtmgTOVBRVTS1znEop69USLMtu2ei6EirDOJba9d28lprNFlJpU46t9V3XpqHUQoRslFEruNlTGwnNu9mU4zgMzmxpRZQStXaKGMdmchinftYXhUUttatd1CCbkexhGtKZY5qMUJSwI1sKWVOUaFNrLRUqUefzDSIzp1Jq7fpobtmsbJkUuTlpkvpaS+nn81nUInuapihRS0DOF4tsk5tt97WzOjKz4ZwaCCmCqojItDIVpGVnqdVuTmM7Sq0FQBIyUiayQq1NJUotNZ1KEUzNpZRpGsZxKoUSkhR9ly2LODxcWi6lZFMgBdM4hpSZSEih0s+6aRxay67v+64r0WGctGm5Wo9diVpCoWyJMqeJpJvXaTWMbXK6ZcuGoLU2tZz1fYRW4/LihQsbO1ubGxvTauz6srG5la0N41BUhOWgxmo92ERoPtuIWo+OlikVodJljm1IQynq+1lXu8yWra2nkcwijUMrtQiEVEuIUru+r7WvtfQKTW3qFFFK1BKhNAqVqAKbaRpxpkFRSje2sQ2DASuUFnJLqyslKjUCsTw8rH21KbXU0uXYQN2sj8o0THZOkyNATGMbhyYVFbU2RqlurbVUaGrrYTXWUmsNIUUIAVHkJrvVUktXI0opMZvN0hEkJezJDSLa2KKWGpqmsUQ3TcM4tXGcsKUwrqWWICEI27UUKRpZowC170spJbqklQgppmw5TtPkUgQK1YBhGEsJ1RJRSEmSQgREtrQQUi1FZWotJFCKAo3USMPjuHLLBDtL31mMw2CRLZtaF6WrXct0sh4GzGJzXru+TZNgNutSckYXXakhyXKtZZqmUim19l1f+76Uks1jm4pQkewSZLrWOmXm2MBGs9k8YRxXWxsbUzYU2Gm62pcSkuQI0fVd1/fOTNsguzm7UJIRKl3tS2dcSsnmYRwV3ebWokTNbEF0XWnTNOa0MZsjcmxSIEI1FJAg28MwNZj1s2SEaNlsh8ipNVGiwLRej7PZrJTOEhH9bEbmOI5yTtOUmZmt9r1D4zAURel624ba9aWUbM50tqlEbZkts5SQ1KY2ZipUShnHZrVQVdjk1KZsRAR2m9ZpRxSpYIeidnW1Wo3DUCNms15RmqdaO5mjo6Ocplq7WsNUCYEx5Ho1AomNZn1vk22qtatdSRF2rUWhbjabpuYpqVqv111futqV2nV931riLFHsnMaplLCd2Zo8DlOtJSLaOGbLKFGKVOXm5kkqNaLUkkZQUEoFhnGwKaXOahlbsxU1agnhaWrzxaL0tY1Tug3rMUUtgSFKtpym1sY2jOvoamZKysxhGqPEbL4QyCQelqs2jRGltQnHfFYljcPobP1sJpXZrMxn87TXyzWFEmpMpVRZ6SxSN+uwx2FEdqM5WyYtZ32FMrSh76rJrvattakNtdQIDev10eHRMKxKKd18btTWy6S11uazhYPVclW7KKWvXY9bGz3l1MZpXA9ja+m0qBGLxbz2dVitxnHECZ7N+1o7kvV63dW+6/tSu67UcRqWq6ODg6OQFovNaRyMbSSVLkQMy1Xtu6IYxrWszBa1a9PaoFqgrac2TVMJnETE5sbGMI7r9XDs2DGVWK6ODnYviZhvzHGbbyy6roIW83kp0fVdlEK6lLIeB0DQMvu+Nx6mAZtkGqfESrfMvvZbO1uHh/vjNIQiQn03G4ejYRo2NrZCOjpaydpYzMusRhSLrpR+NleR0xHMZvP1esxsEXFwuGwtt7a3cppCkelxHGvtotYasbExr1FL6Y1Xh0ellHWOXa193w/j2PfFqO9mXd8N6/Wx7Z3jx48P41RqHdcDEQoWm1tdqRcv7Q7jemtnuxAqKDSr/V133/GUJz9lMe83t7Yt7R3sl65mm6w4cfy4nbuX9myfO3duY7GYb8xrN5uG9XK1bCAAj8Ogml3Ulm3Wz8Zp3FxsrsZVRMz6/mB5dOnSpShRPuR93mP/YG9na2t7Z2tjawvT1dqXkjlOU7v9zjvuu+/syZOn5rN55jTv+82trW7WXzi3K3lrZ6fru77rxuWY5OFydc+9921sbnSljGM7Wi9XR+t0zuaLo+WRpDNnzgivjtalllnXldCwGhTa2NxEGoZxeXjYd33t69Oe9tRjx7d3Tpxs4yjJeNbN6nx2dHQ462ZdxDCtu1KMIPvajeO662fz2UbLqUQM2VbL5Ww+7/t+Gsc2DfPZYj6fT1Obz+el1lJCpYiQFEE21uNgeZyaxHq57rpOIYwslTLr67AehmHY3Nhw5jiOfdeFShRtbW4lbm0SKqWCokRQhmGVpu/72vWBWua4XpcI242Gc2tzo5QI1W7WrZdrlLPZPEq01kTUEsMwZhtLhFsbpklJ18+mcWW777uiUmuJEFZINQK5lt7o3L33EGV7a7uqKxUhKYSi0KZUqJ/1s37uqTVLISjKdODMWmvfd0mW0tW+m8bpaHlUikKMU5YgiFIKSAFIYSmmcbIpJbAzEwWZdmPK2tWEcd1Uoo0N3PedHEWzxea8L9UmydZa1xVFcRJElKilOjNCUQrNUVWitGzOMUpxlhBH61VrOavd/tF+ttb1vbCTrlYk42z2NDZn7frSxTiskIIiK50NR6hGXcwWtp1tYz6bmnOautKncxyHLqLBejUUWbUsj44Ojw5K6fuuX2wuSgRCYRySSymZltXXGkUqgbO1qetnXV9ybCpRSx9yZk7jmK2VUkFRwqjvZhEhqZv1Cg3jGKFaSpRoLWstEaEIKYZhxAZaGhyqUpNlCzGb9VKJwElzZk7DMOSUW9ub4zDZLoXMcRim5iy1miQ95VhrRzpNrX3zNK6GptaVvu/7KGpkm6YoXZTi9PLg6PixncV8s2WrXSmlrlbr1rKfzTY2N1Ri0c+ilpxyMd+YzefNXq3XOGvtI0rLJoFK13WhSDnblKarXa0dMlGU7vqu1FojVEotMU0jFNMMVaXZ4L7vpuYIFcfYxpbZ910t3TS1nFq2tAmp1lpUAyOtlqtMz+fzlj46XCaWlM5ZP3OaolpKkoZsnoaxlABFeDab5+RU60rp5h0ootRSEgRRqpsQ6spsNqtdN0wjduJMpqkps9baWtZSopRaIoSlACJKqW5Ta4NcsEPRWsvMrna2G+5Kh6ws6bZcrZ10s5lbjjnVUjGESunGcT1NzfY0TiolgtUwzvpuPp83rIYKtXS176fWbFpO4zSEImopUuboydmmKKEotXZd7eyspTpzWI2UKFGKI2on1DL7ro5TE1r0/Xpcj6uxdH2GO1XJ4zTWrkMIKTSMq3FoURyiTY6gRLFbIBUVRUSUyjROQeA2TmNO2XVVeL0epmkE0abmRqmZTaYUmVBUSSJUVKKoyM2Zk0Ttu4jidEBOaaFaqgr25Iad9jiMEtM4Nrdauq6rVWUchvUwEChKX2fzfm5QFFApTJMd7rrq1NSy60vXz9xMuqt93/djm/qupMnmAsM0ktGytWnKqaUZV6tCHhwdLQ8PkJKYL+YtW7ZmO0p0XZGiK7XWgn20PCw1yDa1VrtwRIHoOgy4RI0gokjKxmxelBERJWotUmstpynpa9daAtO0TgQx5ohlXLsu0xK1zFbrVWtTjRql1FLGaXJOoViPS49tPu+nqa3X667rprFNLfu+j1qclGQ1rUvpMIL1OCjITJO1q7WW6Gokq9VRTlOUmtkkoRinsfS1quQ01VJq19eukyBdaqSZhtGK2bxvdlEpfZdtSpDITCDbFF0BYc9nszaN69WwubVp6GsHUSKmYXS6izBCChXwOA4SUulqDOv13u7eYj6vpe9mtU3t6HA5tVZKYCcs5h3oaHW0Xk9dRNrdfD6fzVsblZRapnFYHh3NZl0tdRxGnBHUEl3tIhS12J7GRDmfL7LZtNZQhEJKA0VOu5YyjevVclhsLqKGIVS6UrI1SgTa2Nru57MaJXNajetQFJVGitbN+pyydGVjc9NO2fPZbBin9WpdSum6bprGcxfOlxJFsbc8LFH7qFObWmuSVuv1sFovNhfzflai4pxam8ah5USq5ZSmlChdGYcmXEoIrY6OVMusVqJ0UWtXTNQSpRaVsjw8Gsb19s6xaWrDsI5Q1DIM62GYZv2i7ztnroZ1ttzY2AzF/nKfVClBFNJRC9AgJ0vGUols2Lat4oODg/V6dWznhKSwCK9XbVity6wWyUjB4dFStpqX69UwrJZHy6Ojw1KLVKPg9O6l3WkYNxazfjbDbTVMq6PDrq9b29vTNB3tHx4cHkToaLkexmG+mEmxXC1nXe27fpjGWupk9918c3MxjtN8NrPZPzqcpvXW5sbhwaFUSg1JxnuXLrVpKgWLbHnPfffVvm5t7axXRxERUZzGtNY2Njc2F/NhnFprpcTUphpsbm6dv3Dh9jtu77pua2Pn6PDAzs3N7dV6fXi0zOZu1pVSxnGcz2aepBp2G5bDzvY2pnzcR3/w9s7xza0tWg7jtLe/H2ZzY3O+2FjMF6EoonS16+rm1mY/60qty4PDMaetna1FPysuUYpqGXOazebHju1sLjZWw7CYz/q+n8/n43poOc1ns+3trWGY9vYuzhfz2XwxrIcMHx4eUqhRxvUksp/NEve1P3Hq+IljJ9bD6vDgIGGxuVFLt16vMlvf9RcuXmwtkff397pai8owtdqXIrpSSlfa2LpagGG9ns3n/Wy+Xq2ytb7r0oa06bs+pFJrP5sBq+UaZ40SodWwitotum7KtlyuxmmoUeeb81JLibLY3JrWo+w664F1G9swTWNGjXk/b06y1a5KwupqRa5RUBhjRy0hhvVqGgeXkjlmy7G1cZhm/Wya2t7BpW7Wb2wsjo6W4zTOusXu7u7Y6Ptuoo3DNOvrfLHVhnE5DaRIq3YqsilR+q5GdLNZV0tp0yC6qCz6mRXTOGKPw9Ba60rXilobA836HiUqtcYwroGwEFMbp2Gcz+elzlpmLSqlRKlptzYWBci0bE3KKRtkZmJKLS3dprF2FTmdgipZaQjVKNFyrCKnaViPCjGNROm6PtvUcnKolmgtay21duthvVota62lFIVEjOM0ZWvD0Pf9rO+hdLU6pSBEKXU270qEm9O2KSEbAg+TnSoCS7E6WhIqXd/aQCIVMts0WkQprbWkQciJStf10zjUOpv3fQZd6d3aMAxYXV8sZLI5Cn3tWk6ZLqWCQs5GCbWp2c40du37iABFCUxmiuy7WaEcHR1NzbNasKc2gRWlSAqNw5TOruuKok2uRbN+jgnVqBERdVazZd91zYLEBrpuht33/XoYAVDL7CL62VzklO6qpilLqHSltWk9ro1n3WwaWumiljK11nddrb2dEkg1uhKSotTYu7Tf2hQluq5G6dbD+sL53eUwZrZSwpmHR8uuKwKloi9kRtTadS1H2yqUjMkp1NUyZcqUUlqmwOk2TethcLZxaulRolMoCFFrSTtKSDGNAwKUonR1WA85tq7raymEgVJJJ1Zzpqe+1MPlwXq9XsxnJUo/W4TIZikkr6exqJQolOhLlChZgmaTUboIFYXAbqZh1VIkwLP5oirGaUrcxqlNk1Rms37MNqu97Wkaag1ZbWotp+ZWQqWUKBKSok1DjVrn82maVNR1FVtias22yVJrX6uzzbpeNVbLdbapq/3YxmwTWBGllMSlFAnhUvrMlraMCUVIztaiqItik2jW1eV6tVqtbLdGiPXR0TgMteudSYlau2Fc14hSSjJ1pSu1ONMOyNopk9msRq2llNls5jZOzbP5TKFpHFpm181mfWdCkqQ2tiGnEhFoaBNphZwM63G5Puq6rq/dkMOwXvd97ef9epikUupssZhHqX0t2bxcLVEhHVGQHBgJySyHlYpmtTO0Kcc2tcyuqyFP49T1PSJHq1hRutpP2ZyezzcIyGx4uVySLlEzJ2dSYppGZbY2JbSc0paBlOyk1BIhY4ciCplAREASUfuuiJDGYZ246yooIkrRfHPTxKyvs8V8XA+tteYMq5Y6tVEiFOM4rtfrEkUIuSu9MmvXja21ccwpSy0yOU0RpUiqFZxjTm1MT4Ryal2dly5ENFIUlZha68TG5tYwjtPQ+lk363tMTm1zexNJSIrmJmRIspbad/PD1dF6PRw7tplNRhsbC6ecOdlFilpraLJDkijC8rBaZRtFrFZDI2vX1dolZGYtMQ5DV6ubrdZ3XXOrUVarw1nXJUljGIe+lohozYicpnFqIRsMKoIoUmvTOA21di2z1jq1yc7a9eM4TjnVKKolgjTT2FobM7PWLmqptfRdN6zH5ero+PHjpeunMYdxvVqvZrO+RBClFnXdzM4StYhMlxJ9qYoyTgO2JIkItczMNjXXWrNlrXVqbVgPLbPrumEYso2KmIahZaax6EvXcqolKHWapqPD5TiNipItM9t8tui6slyvx2Fs07h3tDfr+qmNw3JIuUbt+65N4zCsjtbrvtau70IFocQyieTVMEZHLdVQOtXShby92J4t5mSbprGUTuQ4jrXWvnRSpNxajuMw72ezro/QNGWNWjqm9WRnlILVcr32NK2Gru/7rpsyZ12VNQzro+VhRGxuLDa2tpyslgettc3tja6fkTS3CKKU9TCM47S5sYm8XC6DmM/62tUQ4zRZUaNEFMhxHIvKbNYP42C8WCy62i2Plnv7u7PZjHSaKLXWMpvPhmHt9ObWdu261Xo57+alK0eHB918XmvJ1uaLjb7vh2Fda7c8XI7juL21E7UcHB5sb81LqbWUUjWObWpjLd1i0a+P1q1NW5tbCq1Wq1LC1rhuKkqbnLrSrYc1EbN5n5m1dCVqhKJWyX1fgPlsvr21WbuuK6Wf9W3Mo/WRiI3NjVOnrykS4c2Nrdp3UTuytUyiLBbz9Xollflicfe999x5xx2PeuQj54vZweHRfD7vux4otQKllL1Le4jF5ubUxq52fT9TRCmdSi0f86Hvv1yt7rnn7mE11K72pXZ9Xa6ODg4PsY+fPL5z/HhRtPQwjMN63L148XC9vPn6G9vUzp47O1/MjpbLo8ODjY2N+Wxheb1cZU7jNI6rYWNjM2ppOc1mc6Rhtcyk72Zknj139tSp44vFJmax2Gw5ITYW23bWWjc3NloaxWq5zGTRz9KM6wHT9eVotZr1dWN7u4SCsne4X6TNxeZ6vRrHiajzro7jmLC5uQ2k23q5npj6+WwaR0dRFMh0m9bTNE3Detw5vqVgdXQ0q/1sNscoqLWO0zjr+6g1naQiJGvvYO9oeZg5FdWqarvrymy2UGi1Wo7j2MYUUWqk8/DgEDnRNEzzxaIl2abd3YtHy9WiXxyt15medb1xiL7vS4n1er1cLnNqyBvzWZRSu9J1s77rZ7Mu063lOA1pJCJK1EprocjGlNN8PmvTZGs2W4CGcYioyJnpcE7ZlarQbFbCpFugsQ3CwDStS6nNzpwEUaKWTspxPaabnW0YM9u876J247Tuu/k4DChkuiKirFerrutqqNRau661ls0BKoFwy+iiltraZDNN63EY3DK6EoTCteujKCycEYFwc611nMZpGhFytJalU5Rwa0VR+lq7UqIg5zSJkJzYU0tPUapgtV4HXiw27KaIlh5a64oiIorWw1iIrnZjG6aciCrslqHI1lrL1lqtwi6lbG5ul662Kcdh2tvf6/pZSHartS8RFGFhT60Jl+isHMfJIKm5TeNop0rUUkotJUqBYVp7Qo7DwwNKkWKcxr6f11qnaSItUI1aq3ApJSSp4uYSuZ5Uo0SdpqG1Fo5pasM4oamUGlFKKV2t2abVMM1qSYzJbC7CmS3nXd/P+tamlnZmKSWnSSobG7NhmCwS2jhFiRIV5Anh6GtEBXUlWird5v1sPQ7Dei1TSikB0W0sNqPEsB6Faq3dfNbXbj2My9WBCcEwjOMwdH2ZhqmWikqJIDxNo5O+61wYxzHT0zRN05CZ836OtF6t7KhdJyKbFUxTRtR+VoZxWB2su1mtXVVIYbc2rcfmNFotD7Y3N0spEcrJ89l8Y76xXg80FAIb1uNUVfu+Tm2chgaaWtIS0c177IgopTpzGAZSBC0JxzAMpYrG1KZSBExjQnZdLaW0YRROpMbkNqzWYxv7WqZpWg/rruun1krUUqrJiFJrCE2tiehn/ZQtM7tuViJKV6apZVrSsFpl5nw2OzpajsPQz/ta+0BFpbm1cYoIFEiyCNUAaZpa1xVEUEotMuM0tWkMKEWz2pu2Wq0U0c/mpQgcokaJWto4rYYJU2oxmsa1TVeqnbWEVXDS7ODwcJ9UV9T383Ec27SupY9QKV2UKLU4CUDRplZqpN1aEp5388xpHNbGgYZpCtcIELN+1jJxjtNUu66U2pUY7Qgp3NUiMw6TW4uIqkJEm1opEUUOStRmWkPpCJVaFMh0paa9Wh0JApqz72rf910/67uu1JjGLFGQUSQtJ882Zl10iWpElBKljONAOogoMY2jzDhOEUEIE8iZJscpZ7PqKKUoSimlm81mXalSBCSyk+YaERF2ji3Jth7W843FvOvW4zKnqc46txxbyzYhEbIlPLSmjG7Ru7WWuVqtnZYis005CXW1T1GkWmKaWhuH0pWu60vUWkstvWBqOY5j31VJY5ts5zSqRl878NTkbMPqcGOx6Lp5KKDRyFwP00iz3UrpnIRK2pJEhGJs62aMSomuqwKVqKo5TathKBGZ2dqEJVxLN47ro4OjuuiH5TCOY+27vl+01vpakFqbRBZ1CSVQLWSWKJkORT/rPGXt62q9KqXWqmlsw3oFlFqwE3cREii6YBqnbHRdiVLni1kpdRyH1qatzY3ZbEYwjmMRsqZpatPU1X5yRkQEwzAm6YxSa4nS7FJqa9M4jjWi9n1XS+3qMIx2G9ZD1FJqLVEiAkXf9xGlRETQppyyhVApbRj7Wb+9vY0oUeazWenm6ZzP5g1P6/VsvkGarsi0aQpV5JAWG4uum03D1HVltR4jHKU7Gg772nd9P67Xy9WqK/XEsZOtjavVqp91d91x18WLu8d3jpW+4EzUdbNpHLCiCLsIIEIRZZzWR8ujsLo6U0RXw7AehlpqjVgNw3q9riGbzByH9cZsEV2RYpqGnIZhGoSwwV2t4zhOwzROaXs2m83m84NL++txtXP8mCJWyyWh2veeWj+bl6Blzmpfu1KCYbWOCGdGIaLUvuDo+pot9y5dEsznc7dW+k7yuF6TdPPebVoervqu7Gwfm29tCK1WR1FqtoY8m8/n8/nktlwubUKxHoZMR1HUUFBrN18s7Dw4PJzVbrG50dV+VqsK69W6n8+G5Uq11L47Ojw8PDzqurq1uSU4Wh4O66HruqI6jANmtRoitBrXw3rc2dxGUWpce821bVxH10WtSH2phXrp8EBGcOnSpXm/WK2Xs9ns9OnTx44d21hsHh0ul6vVNddcsxyG9Wp5bHtHctf388ViPpuVKAih1nIYlsv1upDlg97vPcbWptV4/OSJ2Xy+XC0jVOpstTzcXx5m82oYZnU2DqNEiFK7cRgTu2VR7GwfOzw6nIa2sbmxXi739g+ytX4xz8zV6qiUohLDMGK1KVsbF/PFejVM40jhxLHjw9j29/a3NzcxtSvDsJ4v+pzanffcNe/7ru/kIlFqKIAoXRHR1w7FuB76fl6LgL6fNU+X9i9tLBZd6QbasB6Ums/n4zSk3dz6bjbr+jblNI19P/M0roZ13/e11vW0dnMxtdaun41t3Xdd33fdrJtWo0pEifVylbZzymnKzKR13Wx7a3PKyWSottaMJbpS1sNQI0pfx2nqSy19Pw1jrQHgJqLrZ1sbmwTTOG1vLJDdcjZfdLXWrt/f3z86Ojh2/ETtZmCibG/urNfL9bDMRmvNZIkaRZIiSgiL9TgWlRBtypQNpXQtx+XhSrINaByniJjP5lOOaUet2dzaNKzXQFcLUCyVUom+nyFN0xSlIttKCuR8sSizfrU8bONECYlaC5JlSXZ2tQzr0Uo33FqpRbV0tVMENrbd2jQhajers0h7c7ExrYfDw2Wp0Zd55tTVDscwrNfrtfo672ZCoaIiZIiWUyattRBFZRhXzXbKtOVyOa5X62E9rsfZrC+14Nbk1lo6bcZpGldrUeaLmVM4o5SoMU0tiK7WrotpalNmLVVS6WqNqKUOw3q1XlvR1w7JeHNjPk3jNDXAMnZzG4fBLRXKlp7aOLX5vHOGTDfri2KamkWgbNMwjq05pFIjAhFdjYgiLLl2fabHHLM1BSKiMDXjVFTENI0lZNGmNkxT4hBTm0QItzERiUMV52wxKypTNqy+n6Wd6SlbKLK1vp+1cer7edfNcOYkivquU0oRraVTXV+bbbsWSlTb07iuXZUgoy+1drXvZ7PFYjbrZ31PtlLq0KZM5vPeCppxjs193/ddV+SIGqUrCpewDJEtx2l0TqXrRKRz3s2ilhJ9rRVhZ5raVaFSMEythQQmmdZZu9qVGlFkj1OWCEc4UyBFyymT1lrfd7V0U5vWy+XY2mw+VzAMozPns5lLuGVmIxQCqetLyzaOTUQUtWygUorTkJIiIqKMbQAWG1u19us2CFApETIqSGERcmstQl3XpcmWmTlMrZbSzech3BpEc0YoMxUlkNOttWEc3dz1fZGEKCWSdCulzGYzqUxtbFMbh3GYpr6bKRQRSYgAZ6DEIpvTSZRAFMb1apymUrrZfN7NCo5+NlOtgLOlW0RJ21Oz6bqaME1TV0uEhKGM07q1iYij/YPWxrQiiora1Lq+GjJTUZRM41RqzZbjMKjIduakUsjMVNd1pSiIloic1Vnt6jQOnryxsTWO07333dvP5y2zllK7KslovVpObWyTJSlsq3ZFERKKul6vwLN+JhjXa4Sk9MTUstGmqbXsapy9776jo8PNrS2rLY/Wtkt0Ih2llkBaD+tFP6tdH6Gu9utxlKKUANIWMY6T5FJqm5pqdF21rPQ0jqRr17WmaVj3XYeFBbTWjtZrG0yKnJpcal9DsR7XOJyT033f1xIK2pRTtqIyjqOizOaLed9N04QdtUaUqAppvV5KEYGkWguCplJKv5ijGMZxvV53s05S1/Vp2pgSwzAACdM0YaLU0lXBNLbazUIeh7ZeHebUFNSuKCKdXVdbm3Yv7SqjdLjlNGYtheJAisDObBFBy2lYb2xuhso0DR4VtYxtCqKUolCpVRHL5dK4n/WzxdxjNrO5uShFaUIRcmuQtOYo4dYUUaTWmpvns672fRuztcmoWEJJ5JSl1n42C4ftWrpSqxRCRCRunooqZE4OhRGZfT9r0zgOEwopx7GVgmpJkmy1r8BqWPelOGnTiFzVtWnIZD7rQMNqqRIQ4zjO+nm/mLdxBNFaw13tuq6ux3XaOIc2iuzrbLaYT21dSzfrF6UUY4eH9ZitKXJW51vb2wBo3nfrYTUMQ6211KKICBVpXC9L7TylCqJ0pdSuw7lcHrX09rGtNEdHRxHuu35/79I4rbdPnFgfLafWbEtSCSncsu+LzcHyqOtqZrb0MIyzrp8t+tbGWqoU0zTIbB87ltnW49T3c9nTNNV5RaWorIdx/9IlIiKVUEoJQddNwwDsbG5P4+SIritd6btZF2hcDxd3L5VStxabk1sgYyddV9McHB4cHB11tRdercc2Ttub27UrqCs1CCzGaVgtV6VGReM0ZVJqhLReD/P5bGg5rVfZ2j333Ud6Y95LXXOrtRZ0tFx1tRbF1Nqs78Yp2zSN0zibzSJK3/fr5WoYhr7rpDhaL+ezDUBS39VSusypRJ85YsY2DePYctrY2AyxXh8drdYCRZw/d/bpT33a5tbWxtZCLlPLw/3DC3v781k3raco0ZL1OAxHq9nGYrE5v/WpT699uf66G4ZpfXCwv5jPI0rSjpZHx4/tHB0dXjx/cWNzS6H9w32I2tW9vb3MrLUeHe0tl+utxXwcs3zUh77f8WM7Xd91tbbMcRhK6WXPFxsFCG30G5Bjm6LU1Xp97NjW9vb2NOXGxrzW/uBwr6+z46eOr9dDilnfz2ez+WLmKZspJUrX1ajZGgJnlDKNo+T5bDFNbe/ipamNEWVvf28xX2SOXTe/9+y9y8PVyZOnp6lFRKancSi12kgxjdNIKkWmgqm1rc3NrZ2tC2fP7e7un7rmNJTVejXr+o2tLcO4WkWptTC1tN33tURp09SyDcMYUGoXUo0y21hEhNHhchVVpXSyD1dHbs32bD5rLac2qtau1r7vFxsbmNY8n/VDG/vaFSKCbj6P0DhMUUqNoiitNUXM5v1yuezmM+GIsrGxgTJK1K7s7x1duHBuymnW90eHh/1strm5VUqZ2jRNTQFiPayWw9otNxbzTI/TtF6vaoTcxqm1llPLWmqEmi0IorlJKn2ZmtNjqNSoOLONaUhjoVQmtklJQuPkUkuUgpjGcZyGrp8VRUhFZb6oUhztH7apzRZzN5e+drU3DKv1NEyzfqYoQxuxSi0KIrpaIkLTMEEOObbJkto0LDZmq9V6dXA4Zts72Fcps1mfbkO6RpfZ0tn3XdolFBHpLKHalVDJ1vradzWm1Wo9rLvaBaiS2Yblahqnjc3NGiLdnFFqjSKIWpwTzn42K1EI1SBqgTaNE3KtVWYcBiQnfd+N41BrP6vdMDYLqWCQFY4SwzgilxJtSsvgluAsXe+WUzYCt6y1zxybU6lxmrqudrU227YhEqMASpcwjaOdLR1gu3lyZsK8nzuiTVNm1tpFSEFEKV0floRgPp9htTZI1L53ZmutEKUWYJqGNjVESBESqjUiSpuapa7WKS1JUilFCFGKSqm1VIgoFFU7oxQopUpCIRspuq7Y6hdziOFouR6nWe2sOFgezru+1jJOWSCzqURVGI3jKpM6m4FVJSkUzrZerwql1k7piChd13VdLbX0JZzDeo2zq10tkSYzkWqJiIBoHmupKmUY1rVG6Uo2h8iWKlGjKBiGAVJRZv3MRcN6nOwucERma9PkiMQ4iwoBptQyTS1K5zGTNg3jar2qkmSVKmjpCGpXo8Y4TmPLNrVG1ijz2WJWuuVyGVVuaWFlV3sgYFyPESWipFtXS6m92xQlRGAUOY0NQTLlpEBWZkOqtW+Zma2UiBpujhqlxDjkMKxLlOgiCKHoSkSkU1VFIptDpSidSlobp8xSwo5SIpRRa1FgouuE29TsXK/GlumWlvtuRtU0TE7P5r2saWotJxuIrq8iImo4+8VcUpsmVJ3KzFKF4mi5zJzcmoO+dlNr42rZ1V4KpU3Dnlp2tZSQA2czTmfpuqjU0m0s5mRGKW1soIbX63XXz0Lq5n0Q4zTmlLZLV0Jht0ynU0VSyamVGrV2jYxSQLXWWsoE89ms9t2szsdpGsdWq1bL9TiOs24uka2Vvs9mRFFpLQsAtsdhGqcxsGqRSmtjRMmWzRmhzFyth67v+tply9pXSeM0mqx1VrpqZ06tqNqTSnS1kCYopQyrsVSVvsvMtNMupQtPy9WqRvSzWYlu8pRTy3QpBYy9Wh05PV9s1FJVSo0qBdI4jDYhZWtS13edokzTlG1yMk45Disi5n1VhGqddd2wnhzMZ33Lhl1rTZqhjZ51fSm95MwchtbP+2EYpOhmsxIxtdbVDqm5TeNQai2lRun6+azZw9iik9OC+Wy2Wh+hMp/PyaYoVUo7JycZlaI6TelMEQ6FUQh7ytGm7/rMHIepOUspbRyXwwoREfPFfJym9FhqjSgBaVq2WoushlubaC6lq5TWWgRIihjb2PUd8vJwSajraynd2MZS+pYtW87n8xKdW2Zm1/VOp43Z2NpSsUxrkwmkqDVbjtOUbl3tkZHW6yGIRmZLtylKXS6X0zhszDdLrefOnbt4fldEOtfDIGKaJnApwlH7ul6uVsNK8mo9hjyfz0t06/XStk2zMzJQ14cULTNwM1OORXV7exP58PColm6xsXC2M9ecPnnymq7rx/WQAhNqJbpaGder9TS11kLRz3qI1XrZ930tcXhwFLKiTG2cxmk9rmZ9L2LWzwXnL57bXCy2to8tj46MnRmlq7WUvpv3PTCMk6dWap2mNpt13WzWsrXWrAwKWKFSS045trE1K3CqK3Uah/X6qNS+72pVKaWLErWUcWqHB4ezRV8liI2tjVBFRFQpUlkUipAiM4+fOL5aLs+dv7fr+hMnTkzjKMVsMWtji4iur/t7B7UvpSutTUV1GFYRsVwN+5d2L567sLG1mM8XhBbzjf39PSk2Nual1OXqqCt9uuXUjGpXFv0cmWTezUutw3od3SwUi8V8Y3PRd92JM6fOnDoDNLfFfN4yx2Fda6eIEoFkt66vs9JFjVAsFhsRHB2tStTF5uY4ToeHyzblNE2ZzqkdrA43Fxtp5zQ5c3//UtfNur6PqHXWdbPFNK3Lx3zYB/SzxXw+H8dhWo9d1xESTMPUaF3pCJbLVd/VYRrHYRimVlzGNh0tVzl51s/sbG1cr9Z9V6PUrlQV3X3f2VnfbW5sTdPk9DhO29ubXdetV6v5vO/n/XK93trerKXWrhumdUBX63y+UUrfWnZRNhcbY5tCIsK2U8M0yJQuaqld15mIkIJpmFbrYZzG+XzWdZ2zVZVSSkS0ltM4lVq72SKHMcS4mlJaHhwul8vZfDYM05133LG1tdnN5wFTZoRqqXbraz+NoyRwrRUiPXZRFxsbtVTSrTVnzmdzRRmH8fBwf7UeWnrW1RJdv+i6rh+G0cU5ZK1dumVri9liGMeDg/1hGPp+MayHnNrG5kaEDg4OhMZp3JjPh2FqOXX9vDmVMa3XtSvbi00r+tlsPp91iIhsns17iK4rfanjOFqkE7vOeiW1dpYlBAoiIjqV0nddnaa2Xq9rKVGKAWkaxpZYlKpaNK2HbKnIsOy0NVv0U/N6uRzGsdTSdf3UsisVqY3rjY2N2bxfr1bDaui6rrU2n89QFV4P6/2D/SjhTOyQui5qV6Zh2r1wvnRdcdmYz2fzfpqydF2N2rJlS0Hpa5syW0YUwG1sVqYbhKJEWa2XiGFYrtarvval1tlsUUsZxqGrtZvVcWzjOIzDMOu6cb1GiFrCy6PVOGXX9aXWbE4hNK7Hw+URqcViBrJEUqoIjWObzWazvs/EmFSJkm2yFVGgZWoY1jm1+azvui5bczLr6tAmZZYyK1EzR6NZ17X0arXq+tr3fXQlSnFrdgq1bIg2ZkQaCoUAopbOxumu9hS35pyyRC1BTm21XrcpZ/1cRZktVANJcpogW6bbbDHPyUjTNDm9GtZTm8aROqtY4zShGKZBuCjSZDZQptTV2aybsmWOihiGydkUmoaphLqo0zhFBHhar6MrZdbJjG0qtXiaur4HMqdSuui6ru9sckorIiIinC2b2zjWKC1bLV3py3wxjxqr9drpsU1SaW1IKe2+76e2Xg+t6yNKdTpKV2uRws2ZGaLv+qnlarUuIeycpj7UoE1T13Ubiy2VbrUeMBiKtza3RTjd9bUvs66rOU2mZWvOlMowDrWUoiCZprHruoig1C5K1K5GlFJq1+XkTAqBXGwyCUIiNI5jP+vTdrOkdI5JrV3tCrjr+lAhDZ7GlpkquFmKBKvVWruu72pNlNki1JozJ9kma9dBaw0p5vNaS42IKCIz29QaNhWXEpgIQhFRS8Q4pUC4q3U+66TI5iGnzMw2YnVdOESmnbXr+q461IbVar2uXRVlapPdhmEspZ/PZ+MwlRJ9idL1RNCarUDO0TaOrqjUbmpTtuyjk3xwtJ/pzcXCcmtT7bqiovBytRyHYXNjs5v3RZqapQIlumpoLUUero5ApXTzvqshUI1wquVYa5kv5plMU+v7rtYeHCpFkc6pDbN+3vV9m6ZQKbVKsZjP+vl8GsY0tXZdX6LrFeHW7Gxpp92mKBFRI6JlE45alZkRbm3n+I6ijOM0m/VRyjRN2VJQ67wihQg3cFohSRGllChgO6JINLcatKaG5303DWPLNp8v2jBCuLVMSqHWvtYqk6FxXBcX1Yi0Its4rA6W7rr5fB5RjlarELP5PJ2SbJbLle2Nza3ASM6cxYxKRCw2NzOT5m6xCKm1NraW6X7Wi5LjEKWTALfWxmHY2toyHqZ0m/q+KkrXL6acppzGceq7Lt0ws75XRLZMNJvNI2hj1tL3XQl5HKYpUxFtHLNNKqWvXV3069VKir6brZZTOruuE0SEFMIW0zSObcqx9V2xlM6+7xHDejWv8/nGvCt1GAe3LLWSThxRCLqulihHq6MSKlGGYUJWDXCz+4ij1WGbhq2NLcHh8miasutqP+uncbARqn3pSlkt1xR1pUu0Hoc0fd8rfHS4NPTdTKGoJVzdGkVYR8t1VyoiSjeb90rZre8X0zQG0c/mpXbDsFqP7cTxnfli3ppLLfP5okZn0cZWSp3GMe2+9tkybVlQndNytexK19Uu1TTVqMokakzraWjTNKzHadzYXMxK36ZJKl1XaY4Sw3o6ODgc21C6Puyu6xQlnZATTMM4DOvZfGY8DoNQ7foSJaoWs0UaoVKEWK2G1qbFfL6/f+nue86eOnWm72YlSpQyDUPX9VFrLaXrurFNU8va1WEY1+vV5OxqTScJdilRah3HcdZ3Uza1XGwsLu3uDutl3/cHB4e1xnw+K6oUp0KYUK0VqdZ6uH90tDykMbSxRLTWQo4oxjnlMKxn/cxmGFeodrXf3NqKkCLm/dwKZ5vG7Be9s01jdhFDG/vZfHO+uR6WXT87dmxnb/9QZntr++jo6Ojg8PDoqKW3tjem1rquCk3jSHJ0eKgSx7Z3VqvVMK3HNnW1bm5uIhPhycv1srVptR4NHlub2tFqtZjPZrO5iMODwwsXztc66/v5xUuXxvW4ub0ZpS6PllizjXkb28HBwcHB/skTJwkdP34CsVqt+1k/rodMzxeLzY2tUExugnlXo5TVcl0+9P3fZ2ptc2Nx4cKlo8OjYzvHVqt1rd3RcITVzebTOF7cvYQ9n8372WJrsUgyiNqVKds4Tqv1etbXyR7W642NjVKrUxuzfr1er1frjY0NhWqJzDw4PJTZ2Nw82D/aPX8uQpKm9XpzY2s2m4GyTUfLw3lXZxuLzBalS5yZZDZca6m1dlGdWUvgXK+H+XyWzvUwRFEtRRDRLxbzg6ODo6OjCGrX2ZnjqFJqndlTV2spsVqvFrP5zsljOxtbpa8g43E1zWd97XvsKduwHC1aTlUh2WY9rPcu7fddX2ed5anlOExuY6MF5djxYyHW62UppdTAKl0NmC0WXSmr5fLw8Gi+WARS1dbG9mzehWRn7brZfH78xPEoJaIsFgujUBmGQXY/6ze2t6v6KbOQDo1Dm7L1pXMQpcsph2mqpbNcu1mJCAXSNI0hSbXWWkq0cRrbWEst0jg2FXKaQBGlm9Va6tim6GuR2tQEw9TaNPWzjZTXy9VqNaCW07qfLVCGo/Zd4GYr23q9jkq4tZZjDhsbW6WWnKwQJkChIjmii6hdPTpcDuM4tZYtNzY3FxsbpZa2bmO2WmvUGNbrNkzdrCMbEqZ5csva9WRKYLoa0zROw1BL7O8dHB7tbWzsuDWJEFEjoZa6XB3lNEUgaWzTOI2SQhrGdabm8z6kdJKJtVqtomg2qyXmzQ1LMLZRDrsRGofJzvm8t5imMcEtp3FdymxjY06qdl10RRREFLBKhKLWWiWnHUhSuhmC0rLlODlb6avTq3G5sdicla5EZChSTYzrsZZiYWdXS63VKWyRxm0Y00ZIlFpbm5gahYhomX1XCTV7PYyzUhwqEWm6rkYN0vPFrEZt8qzvDEWFAmicJreMKKViYzGsh1IiSmk5zPq+9qVNYzpbm4zHbKV2hGgM4zi1luPU2hiVlm09rA8ODkNRuzquh2GcolJK1CjNIw47ySxdrYrmLKXaTcQwDHbWrk5tXB0edn0vI3IY2zSNUpGt0DiNUza1BKWVputKX0oIrEbW6NRVEUA6ai3O1tokFaq70g3rYRjXXdcrBAZNw7rr+1o6gcnZbKaItCVFia7vxjZVRRSmaRqGcWqDM43GNvZ9V2uNEplMbcLYdP0M5bQeSgkUzVmjqmi9WuIoEYRaupSKiFKRIEpEhDxlVZSuX61XdtYIFUoJUdI5rsfMDIXQxrwnIiGCaSSqxpZ2hpT21HK9Wjqz1DoOwzCO89lsNpuN0+ro8GC5PMzm5qb0YnMzMwVpSAwtm1u2bG2cxmHdpqmWzsqWrZaulJj1vaqKSgSr9brra6mdM4dhBUSpEVGKMo2UU5s8UUCaxmk+n03TiMmc3JpxKVy8cLFN09bmxqWLlw7290vpaqnY05DYCkulqxWTbVqvB0XBBuGc2igJKVsrNdbrcWxjV2trGV3pOtmIKKH1sFaE04oiGbtN2caxdiVqJ5CYz2fZEiDKMK2nsdU+srVhHCJq7fuELhSly8wx27AeQlFLUYlpmlq6diEiimwLOe10qdHXbmg5takrFdumdHUYhxCzWm2vhwmYzzqj1lrm1M262vVTWrh0ndvkCAlPrcld7RTRcBtb7WstNVC2HFtztpYZEZDjOHQlate5ebVeUUyiGl0UwjgVTGMKihQBmc6WJiK6INtExKyfj+O4XC1rCdWopdYoipxa1hIb88UwTs60LSTcdV3X16m1YblKKBGNKU2pAiPNZn2tM5vWRpqB+WKWU1uull3tZ7O+ZaYTlE5QiW426/tZj9SS2axCcWZX+4lsrcmeWkt5Y7EoETlNGELOHIYxVBQFeZom41ntur44nWQtHdZqtRzHSdLGYiNKKFuoKiTR126cvB7WZLaWtdZZP6tRnM0mSrHszK7vbaZpbJP7vuvn/fpoFaXWWqtiPQ6SVaoiopaudoRCqHYb834x3+y6GkVSDKtx1LRer0LR9d16ubRcuk5i3ne1r3JS6sbGRqm15TSLrtZa+7oexlpqjZjNZsvVymStXbpZ0aaGadmGYbhw4UIpVRFdpzYB2abmzKm1QpnNulJqja61TOfG5oJmpMW8b27nz51Hlo05PDosEfPFYpim48eOO9vh0VFXOjlLKVO2cRpns0WtOjo8XA/D5nzWzeaLxcY0tSSLSteV2pc2TetpnKbWdX2tJbraly6k2s+b04xTs5LSd0f7Bxsbiza21Xq5ubm5mC/29vf39y/NZvP5Ym631fqoKPr5RlRN41QUpZaNzU2j1dGq1lq6cnRwtFyv1+vVNE0RWq+nYb2qdRahvq/rYZRic2s7hKTtnZ1SSw6t9l3mdLRcnjx5chinyFTENBKSnOM0WVos5tlaa2nS1tHh4XocNubz9Wrd97N+3q2X6zatx3WLEsvlIbVszBabx7cLsVodzWb99s6xS7sXsI6fOKYazW29XPe1bm5vrler5eqo72ZbW9vHTh4bVstu1h/sHYzjuNhYzLvZbD4XMbVmNJ/1NsvlAJnp8hEf/L6bi41Mnzt3H9KZ02fm867v5rV2kMvlYVdrV3vLXd9PU0t8eHi4ublRok7T2M9mXV+myRsbixqdujjY25+m9dbO1no19rOuq3WaWpRqs1otl+v1zvaWApv9/YPal/li0c/nNYqlcZgsRS1bGxsHh4fL1XK+uQg0DWONulgsaq3j1IZhJWI260Qk7mosZpuz2YzU5FZqARazfrVcX9i9MOsXWxtbR6tVlEgsSt+X+WLRdfVoteyi39hZ5NQOl6sccz2sCY05jmMLMbZpczHr+wUl+q5kc5TS1dliY75eLdvUhPqu1vms1K6UkuO0f3hYu05V43o6Wh5ltmxN0tTarKvzxVyh5fIgFKUry6O1STunsRFRIoZhFEiWiYiGZ/N+a2NruVq2cei7mqa1RClCgVGbRjKJIFRrkTAupRo7neHl0TpzKrWmKKWQ2E6yRiwWm5m5d7AXJUqEIvpSlCiiKxUM7vqCPbWpdqXUUhXdbNamMVGpJc00jqtxIKdpbK2hIjvWwxA2odppvR6Gcei6znYUzRYbKjEOY1/rfDafLxZSpKac0squn3U1IkumEbULNyeWPE3rWrqohcw0AtuzrnOo5TSbdV3Xz+eLftbJ2K6lhmQcgN13vZ0Sq/XqaLlcLDZms3kpqoqptdbabNYTilJmfVfKwsoSGTVatqPDI0WUKFHLrJvVWkqtObVxmvraG2pXVZRWqUG6Ta2rHZeVUkqtgmFcj+uhlFK7up4mrAgZ2bmeBkldqYa0Z/3MpvZdKFJGRszms6AoSmZmaBxHJ6FC2iVqDSnGcbRbBLUrtfTrYch01FprJcEm5JZTm7oSNtM01lqRpqlNrdUoFq3l1Fpfe4k00VVgyka2iNrVrk1joWCATFbLVbOdrauzWkpX69RaTiNSqZHZUNht3s+i64sCsV6tI9TNOk8t7Vq6rqvTNLUppVL7ro3NxoGba1drVypFofmir9Fltomcz+azvqfllG3Wz5HXq6FlRolSazCu1ysLJcM4AFELzQpJUaJEifTolOwosV4uz50/34ZxvrEoEc5sY1tPY9/VkMZplKJEgTZNbTabqRScUql9P03TelgDarIdUbpa+663nElmQyC1NjkzLStKRNTouprpsIxLKRT6riNww07jUksohAgsSi3jelwul7NZH7UU9YTcWoky6/u+K5OFU6FxHNuUU2vCtRRbUUqNolCJUkoQDKu1wiJVFEXjehjGIXMCNRIRtQamRLYmHCGwpFJiPpt1XVf62te+RA2biPmsi6L1cihdZDIOQ+26cZxslRLZJkXpao2iYRqw5/M+p1ajbPSz+aKvJaYpN+cb45hDm2qtEaXWsrUxv/vuux7/D3+f8ukz10SpTrq+SmrTSJLCuESAiqQSIVECUK3T2IZhmHd9Jpktk2kaLLpanaQ9jKthGAuKruQ4Ihwaxmk9DMM4ltJ1immaPGVEIcgpZ13fzWaZqRIoQqzX6zYNXT+j5eHREaIvfTrXw3rW9Q1Pw1BqLSVcShuHKBERkrI1VGxnZqlFitW4LoFbph21TONoe7FYZGbUkLJluuXUksw2tZzSbuMwpLOUIuU4jRIhla4PlRSzLtbrATOfzzKNW9fPSkiUdB6t1v2sz5ar9dGwGsgstaoW8Hq5iqIo6qNMnob1ZDsUzW2a3PXdfLHAVkTtihVTG+0ISolSS6ldDWrtu65UYD2unUhEBLJCOU7OqbWpRI+MqKUD0unMdU7TNIQCsu/6KHWcWolq7CkhZQHNbZzSdlcjFOM4ZbbaVWQbt0TQyMxxaoau1nEaL+3u932Zz+bNUwlRootwZrMlCkU1RCqigKQolWzrYQSQh3HdmgP6fp60aWqh6GtVKYdHR7bms1lr09imEmUaJ0ldV21skBazWZQyttGtzWcbEeF0kUoorXGagGnKsY1BHafp8PCg1pj3vUSNGMepm826rkhimtbjVKLu7u5P47DYmLc2SnTzxTQ107rSN49CqhwdrWqNrp9ntmwOSUFOLdu0sbGx2NqY1mPUbjbvKTGb9bWWNrau7yT1fVdradNkNLbWpuFoeRgWxPLwKM3m1sbh0eF6uZpvbS4WG13U48dPKaI5Q1qul6X09gQxDtOwXNXa9bWrXVdKaW1A6mo4qSWmsa1WaxVms1mgkLraDeM6SiGncRo2F1vz+dzZxmmcWpt1dRjW4zj23awUYUqURitVmxubRaV23XoYaG0Yp+aMUpDGcayKxeZGjdpyCql2dT2MfdfP+35og1RKhQinu1l/sLd/tDyazeae2no9li5q343Der1ezxcb8/msn81r7aD1tVuu11gbO5tpl1JK16Wz62sXpUQdW9s72HcbopbFvL94YY/Kou+nsTmZzRezrrt0tN+V/tixY+MwHBwdbG1stsxpnBb9ohZNrdXaTVPrZxulhiJWq+UwtK6WRT9XUVFJuZvP2jQdHhzOF/3RwWqYxtbG2WwhUT7uoz6o1G49rkMxTYltM47jMIz9vHO6n80Ws3kpBTy1nIa1mxWxt7/fd/321vZ83l+4cKnJBlCU0tU6tUySqOO4Wo/jrJ91JeYbG9M0trGNw+jWSt+dOHk6W547e3Zqre9ry1b7bj6bH65Xq9U6p+H4sZN9XwFFDMO6tZx3JYNxHG1qrTiz+eBgf5zGxcZivVoLpmmynY2u6zfms9p1zhzHoes7sl28dLG1Znkcpv29/f39g1k3O1qu+tmsFE1Tm6ZWQtkscXB4qCS6EsTYstTY3t7EcXhwOLW22JyZEirjehWKcb1yieM7x6bWprE5wuM0DOv1ar1eL/uu72azYT1M0xhRxnXb3b0wjuuu9t2suLllOlvtZopAZcpBpqvV6VufcevF3YunTp5O2jRMpZYSZRjH6GJajw02Nhbj1KZpktTatF6vatSu70hbdra+62rfByrVreU0ZWujiqWIoEQP0dWaZrVedbWPEuM4TtM4rkcFs242DtM4jXU2y2yKEnYQtUZmKrOvnXGJaqglWrq1kUDENA7pZmvKoQ1TUYxjRni+2OhqHbLRWi2zKGo26aExkZ7G+ayTyjgOsmd9P59vRLA8WvbzrtYSKFtGieXRclit5hsbXTerVaQiIpXLo2VUtbFhWhvXw6olG1vbi8Wij7rY2upKPTpajjlFVBTN2UWnomlqtSjTSkXUdEaU2vX9rCNtO93WU8u0cJTS1a7UDhQqNeo4tWEcI5imNu9njhhWg8laiqKWEijSTah0pZQoUUKyBGSmAhmJqU3Z0omQVKUoxTl5ylZLyTaN0xBSBKUUxDg2k7XWsblYSU5DqxGIkMGWaJZKlaZxPFweurWu72wrZBO1hpS0cTWkXEuJCBVNUyMiHITasJrGVrtAjOPYchLMZrPSdbXrAyPbonSzvoYKyM7Vcpov5v18ht0ykfquS+OWObXluA4Rqi0nsJ2lluV61fWzNo1ujqLWpq50SMN6LQVjG8ZxatnNOlmWE2aldl2niAiVGm60qVnKbKDZrE/n2NpweBS1TtM6JyNJhGQRaGt7q3R1HCbSU2bfz5IcxhGiq7MSGifcsvRdjtM0TV3Xr5cryX3fR5RaRGhYj5ItT9PUbAwGGWQbI0mhNjZMSCqqJRy2Na3HlokUkZChQmbLNk3jME6l75VZS3Vm1/eZuTo86vpOAqmUmrT1at1skqm1aRpJlyhd10UhW3OjTWuV2tXa3GoppdY25Gp1hL2zvbO1tUOlK73QNK5QaTkN69GhNjbbXd+VqCjW43pYTrULZCQnk9t6vR6H1fLoMLNtbm5E6RBCU05uWWddREHUUsb1emyDzbha7x5ccpuilMxpmjzmusgRpe9n2xublO7subNdPz995pqdYyezybhEt1qv5XSJSGdO883N2axQ1DLH1jy12WI+62bZMookDeNaUhHUqBE4ppYhYZdaaleB1jLdsO1WSokos34eRWmn6fs+m8dxBEpglJlFsm2767qIotJay6LSzfrW2tSapHntEsXY1HfklJkQWBSG9Zg5zWZ9iExHENRxWCNq6cZhRNSup7XmhhQqLac2paesfdf3fUioYCKqBIpxGIJQicV8EVE8NXCppUSheWpTqQWI2pU+sjlz2lxsZrZpnEKKWhVinMYxZWrXTVOObRSAQ7IowkqMk24+39rYyMz1clUipFhPq63FfBjbMKy6WR9omKapTQGZbZyaglp7UKk1Sl2tV5lTOi3XEuMwYdeuK4lKZObUsnbdOE3jMHV9iRKlhCyVMrVmcj2ugui62dTGMN1ijh0oJxRCHlvarShKiXEaDvcP9vYvnTlzbZIHh4eKmPVzCVSwFaHQOI1Ctdau6yMCKZ2SaldLFDucWWp0XS+p6zoUbq0ZKWtUnBE4XWqJErV0EulsrYGir9MwRCl9naVcIsZpatlKqVbm1IiQQpnOFIDni3kJBVqPU3ramM/Xw0oUatf3fa0xtHG26GpU2+vVQIIwgnRztlytV25T7bp5P5tGd12UWsdxCmm2mM03NpqzOKKry4Oj5eGR7NV6kJjPZ8Nq3aZcT6Ng1teWrfa1RiHoaj/fmJWqQkyTI3S4f9gyatet10tn9rVbD1NmzvqqUmvprFSBKKFIclgP63E96/tSZm1qy6Pl1Fot0dVewTQMq/V6HMfWpmmcaq0RXQQCMo8Oj46fOD6OWWs5fuLEeliNw1Tn3bHtY6v1ahzG0tWQ9vYOz527Z2t7q+8Xdm5ub+TUpmyz2QLluF5DKX3M55u11Nay1G49jFFcSo8NkrR7cbefdYVYDauUuzJr4zhNudjYFMYqtYzjalgPKtq/tHt0tDpx7Nje/t7+3iUBuERRqSUinZubG91i1sa2PlrZns83+r5XDYXGlsNq1cap73pw5tTVmcVqtcqWq2GNpPD+3kGNCj442OtqV7paaz+sxzHHqLVNk9NdV8dhGto4n8+7ee2jrMZhHFYlavmoD/6g/b39cRprqTvbO6XrlodH62E1m/fDMG1tbXVdd3R4VEotJVrLCE6ePkVCkZ2X9vcvXdztum42mznbarmcdzNKHB4sa61K+tk8Wxvb0HKqEbP5fH9v//DwoJ/3bXLf9/fcfefR4eHO8eNFWk/D4eHhcjX0tZ8vZvP5RmscLVekW/pgf3+1PqpdidIlZJuyTZf2LpVap5bjMESUblZns/kwTIbaFUWMw1S7ms1TG/s672qNElHCE7PZrHTdlG1jMS9d2dzY6Lq6XB6BtzY3Jc/n84ODw4ho2VbLZdfPhvUwNDONFGb9fBzaerU6Wh5mepjW62Hc2dlGkA7Y3pyrq4S2Nra3NrdUy3o1Oqd+tiilihSxtbE129gYh9E5zeaLrvSSTSLCKl0lYj0tAVt1FpuLzTGn1Xo9rIbWJlkUhTwOUxRtzBdmHJbrcZrILCVQEUrjYL1eZXM6LS1m/Xo9ZGtd6eaz+ZRDa9N6vV6Pq1DMF/PmNk3DvOuRhtU6ainBMAyIcbWy1XKSgDTuuhnhWkpEcbb5xoZCs9miK2W9XEcpm1tbUZh3MxRd3836glkPw96lS621ru/SjMO6lj5KTG3sSl9rKV03ZYsIwJZLrtejsi0WG+vlemyTnKuj5TiN25tb/Wy2t7efbi0nyNa8Wi5rqa1NxouNja6fjeMoqe9KKV3pusxptVrOZ7P5fBaQ2UrtMjPIWrrMFl0NDJ71M0hgHIf1NMoxtqEQtZ9D9jWmltncd51xBMMwgru+RunaMBi6rirCJpClEC1bVztnFoVNKcqWKAvR3BRaLYfl6qivHdBoNZTYU0YJIBQhTa2JiBBORCldF51zGsZxtTxytvnGRqkVUCghQiL6eR3b6JazxaJGX0tVLTVKrQVUu75GaVNz1Flfx2HK5iLZuR6HJMPu57Ns02o1zPu+n82zWdZqtcx0rfMoIHmKsQ0GQ2tNETlNoFprNmpXI9TXHlrLVkstJdbrlTMjNN/YmMbBbQIiVEoF0plmatmrpCil1j7aMClinMZxva6zrpQY1utxnNLuS61d6bvapja1aTabZWa2UaFSy9HBUYguapSIUrta57M5KFNWk9R1VUXTcpx1tZt1LVuza1VEKWhs4+H+AajvS5RYHS2N+r6vimZHVACrCEK1VgFJREytiRROJ5NLX+VYrVc1urSbpzY1CYiIGIeWouVkyznOZ/OI6vA0tFnXD8N6mMaNzcU0TathHUGUWmohs58vasFZ+lmXmWCbMZswQqKUbjbraq3DMO4f7NboSlcsjo6OpnGK0GKx2ZWYxibFbDErdmZbLObz+Xy1OpqmqUTpur6bdTkldteFs02ja1esqBF9vzGO62G9DiEJu3R1GCbGoZZq52zeL+psncPq8JCQVNrQJrfFbO5aMOMwtGmqpW5vn7ju+uu7eRcuQipaHR2UiNp303o9ZXalY8zmbOmpZadSasmWbRyGNizqrNR+XK+7WafSlYgSZRyHYVyHova17+e4SVGKpNLVWko367paulLKar322AwhVCLN8mgvotauo42tZWbWrta+Tq3JFZHTZGctpau9aFOmW6OWWa0tXbtKlNamEkVQay1RU047ovazWbapqEQtbWq2i2KaBiSIaRpCoQjh+XxWa5+WnbWrUes0DaWUWT8XOIFonqZhlNRFUWhMp1NomIZaog2TXUpoGo1aiTJbzGst2Ov12mTX19msc7plYhzR97OuK83OaV1K7bo+2zQOw9RaZuv6vnZ1eXhUo3O6ZQtpmNJuVSpdN0xNEWGBSy1uZsrR6ZazeUfzOLRSlc2hqF2n0DRmrcXWOA6z2SwU2QYDUGuJiK6UKLXWmtmQItSVLjPHYZxyMikn6Vk3KzVAaeqsnDh+YspJEJYIt2l9tLZaia7l1KYWJiLszGwRhdZcCq0Zppwk9f2slmJIuZbeap7SZFe62pVhakWlRj1cHgbq+k6KdKMop4mIvu/7bpbOg8ODNo4pR8hm98LFyZ51Zdb1pSuFWrqIrkzDeHh41Pd9qWVWZyiGYRrHodYqvF4OtStF1a0ZVushya6qEERkjuMwqEQpfV+7EhqmlZGgrcfaFxEXzp0bVmO/Me+jDNM0jqNq9N0sM2ezGXBweGBTSokorY19N69dPTw46PuutVZKN591Wztbs/nGehhmXd3YXLRmBVNrXa1RSjprF0UqXamlM26tTeshSmzMF0i7F3dxzhaz1dFh1LK5mLcpxzbuXry4Wq5OnDjhzClbV2spWq7WB/tHi+3NKtbZZrMup+z77mi53Lt4iXCJOuu7oB4c7LdpPH7q5Hy2WB4dzPv5OLblcolzeXh0eLTMzMyspTjdspUStYZb1tpJJlHRNAz9bLG1s+V0a1PfzUpXxzZRY2trexpHO4+ODs+dPb+xtenmyfSzEpJbbmxtRFcKsRrWtUSoRDCbz4tCQVf76Ioy54vFxuZCKtO02phvHz918sK5c8+49Wlbx44dP3G8TVOpUWox3tnZqaXfvXChdGX34u5ivnFs69g4DZJ2L1yQNZv3mxtbtpeHyyja2T7WcmrjVGo3tWmaWqmlfNj7v2d0cWxnJ0rZ2NwspcgcHOxtLDa2tjYUcXB42HV915ej5RLk1trUhmGcbcwDTathbG3n2LG+mwuDWpumKfuuGIMlS8z6eVgHBwd7e5c2tzZPnzxTag1FV0pCiVhsbGxvb4/DuHdpr6XPXHOm1r7laJha25jPF4uN1bistat958y+1q5GRE3nNI7zzXnfddmmKB1oebi3s7l96dKl9Wq5tbno+j5l220cM3M262vpgHFY97N+a2NzHKZSYhjXGJtSy96lS8MwLfrZxuZmrXV5cLhcrru+TMPa09TP+9Wwns8XLdt8PttcbERBJWrtI9jfOyyhRhvGtrmxOe/6cT0sV0vhllM/69fTWEuZWkZE19VS4mBvH2u2mB2tVqvVupbalWgmVIz39w+dLUrpozNkcylRIlprUxs2FovVcjTZzxYXzp+76/bb+/n82Iljh3sHadda+r6TNA7rcT30sx6ck7G6XrXrmx1Rh/VquVyFqH3fd32phZaAkeXVctla297e2T62QzozV8NKzjZNy9U6QlNb14goZT2OtUjJ0MZaI6TVetn3fVfrejWEYjbrxzaOQ5NpOeztXqq1zPpFOldHS4WkKBEbGwtZR4dLhfqut1mtjsb1ej6bl6LDo8NpXM/7TrVGKfNZp062VkeHs76eP3fx8OCg72ahsr2zmS2x3Fras3mnKMNydTSsD/YPxmna2dppOR0eLilyyyT7UiGcLWrUWhQRxrAax3EYp2mVycbWVjEts9baplGqbRzW61WttdQ6rIc2jf2igzKNQ2tTRChqhNs4IZWitEJCmsYRM7WsJRSKUkKRrcmRzhJazBdjJq1hg4ioJdxam9aKyHSgcRrH1pwec5ymoStdo3Vdv3VsZ7UexnGQQ6hQQgyrVSYojOddbwBWwxCKUqugjc0oQi3HrvRtylIkhUq4uUSZLebT1Dxh0qKfLZAQbWpQSgksgYtK6bpaW8uu7/q+j4guuq7vjG1NmXKTJLlGzWxAKZ2kri9ODo+WparrOpupGbtGNWmVkBaLmZP9vQNQ33Vd39MgVbsO5dSG9XKdxq1NmTYSNhFFUTJbRKm1S9GcVUImQiGTykDRlS7b1NS6OjdeH63a1OazbsrWpqwhdSWkUiqZy/U6wn2pKCKkwMoSJRRutshpIkJE15eizlOO49jcSgi3WipStHTS1aISYUWNcWrZpvUwzPuqUtKNjFJCkUnK6kqPyMxMBxJuE5Il4xKBJJNtytrVqpI5QXhqtRLq16vVOK6mYZrNusXWFqAoXe1KLeN6aM2mlUIpJdNAlNJ13Ti1CM27eam0No3jaLKUEiFnlhqzftHIcZqmySbni3kt1Q63LCUiok1ZitardZTou7pz7Njm5sY0Tl3fzWezxcZsdbRURIkKGqexm/U5Ts6qgnNCRJTZvJ/GJlCUrhZH2CYnbLDQ1KapjbZKV9o0UUoU4cS4tXEanNnNF7XEOI0tXSIIxmGUa1FMzsyWdqCur7XWKUecIdXadV0pXVdrN7VMW6VMw1hrQYzrFclsvghEtGlqLrUoJNdSp8wgSomIolTKSsZpLKV2fd+mMbOlE7ulIbtaFcWmlur0NK1Dpetr5lRUnW29XnddVZQ2jiFIaq3GEWW9OpJU+urMiGjZ3KaqUrrZNI4hqdSokkmarJZjUUyZovRdbelhWNdapKhdRZGtlUKtpY0jlFk/LxHnzt53dLCsfZFzGKdZmXVdaS0JSkTUHnI9DrXrpMzMRT+vs5rZJGQIQeYw1K7PIdM5m8+m1py0NpCsh9V8sRFRVKKv82G9HIcpVNIqctTANLdayoXdXezZYjGOYxubglKqnGlHKYt+FiVaOttUFLPaXbq4h7zYWEzTNI5jnXV917ccgygl2uTVehVRae1wtfTUSi3GrTUySq2hmMYhW45TW6+Psjkiur5GFCVTG4Y21K6vtW9uRTG0Ma0aUcvs6ODg6OgoxHq1zpa11sW8n6acdf16GDfns0yN49CmzBxS7qJbrddjm2rMIhiytTYIoehqv16tJHfdLGC5XKazi6i11n42jiPkOEzp3NraomXtu0U/W67XSkhFXyURFBWV6Ovs0qX9YTra3tzc6Deii2nM1WotsbHYyMza1dmsWy5Xw2oVJcZxqlGduTxat9bGlqv1emtzc2Nj8/DwiGQ+myfe2FyEymq9NLTWMhHuuk52RKldNc6pXbx4YZhWW1s7mxsLWcM4GW8sFv1sVkqcPHFimtrRwXI9DqBaO4Vns9lqNQyrlQmE5XEYS1e6rh/GsdauzOo0TX0/39naWa2WHpKuZE5IEfVg/zDTXV9q1y8Wm2nVWrGU2fddP+taa7WvEhCzvnd6bGMm875zZq211m65Olwuj7q+l0JF81kfpSw25uNqsL29vVO70sZcrdY5TfP5RukoUds0TdNUS2c0DsOlg71Su6oais3FxuFq2darcWpHy8MStU2NiL7rxyFDzGaLg0uXur7b2d4ep+n4sePTNK7X62MbW5cO97Y2N9bjZLvv+sZUa52maRiGgNp3RbFYLJpb+bAPfv9au83NzUt7e+O0XswW88X8cLUec9iYbbapXTh/btbPVLVcLkUsZrP9gyPkIg4Olxubi51jO8NqbZhag5bJOK7VV6Gu76c2kfT9rJ/363GYWoOyGtctpxJ1GIeTJ05289kwDBExZdvZ3jl58kRr43q1HtaD8Xy2mM36bG29Otra3MypTePkwjQOkjY35tPUnMxqdZRSShunZkrpJmeJWK2Wlw4OmdpitiDK1IaD/f35xmIxW4zTpLAUxsBqPdZwX7quj/V6qCWGadra3J5ysr29vbW1vbOYzYni9DSOW9ubOWXLrKXs7l4i2VgsSl/GYRinVkqZ1uPu/q5CIbXWVsuj2vVdV8axFbE8Wm1ubQSyPIwjoVqqTS11stvYxnFSqCtVgOvW9sZiY3F0eJjNi/kC2Xbf166bzbp+Np+LLLWUbnbi5PFZPxuniSKplKJxGKMwm2/M+zpM4/7+brbWdf04TVMbDaWWrtb5fEFEGxsipHSC5/2sm3VtTBVJsVwdbe1sB6Wb94uuL7WmW1f6zHbp0t56WGEUMbU2DhNyhErX1dpNwzRMY9RYHQ3DsNrc2Oi62WxjUUpNstROEtkiQqVXMLVhHFvXVRtajm0Kou/r/qX9e+6+fT6fH9veaS2LglA2O6fMtlqvgzxx4lStMWVWqWWb9xvNjWBW5sN6tXewF0Hf9cd2ttY5LpfLUmopdRymEF3XrdarcbXuSpfm6GC5f7ArvJjPpZj1i64vpMapobDbOA7DMJZaZhvzoExtvTxazeZd1/XTNCmilgDGcbAlQRpFCItApasKRS2o2HS1SkxDy8zZbFa7zspSRIQwEU4nHtsIppScRodrRCml1qrmKBXhbDYb80WhTDlO0xhRS4lxmvquczbZRFHYzVNrRdjYGWKappatFOEQNLdsLl0JJFFrUWoY1jUUEeNqyGxRhZnN+tl8UaNL2pTO1mopUhRl183JaXW4mkgpai2CaRjGcSIYh7G1cZzGUku2CbdS+mEa+1Jn/cyNKUfh2nUKtfVk5zgO69VA8WI2Q9iufZ9u0zRGKZLdPOU4jQNYKiWiFkSoSi3HYRQg2SgAWiYOS8KG2ayOw6hQ2OM4kEQt874LhUMhmSSz2UURUaJEcRnGaRiGZoqIqG6pEpZaGwWZSALssbUstbQhS5Su1AyN47geBnCtnaTVsByHcTbrc2qGrutKVJzDNNRSQwUz35iXqnEYI2qtNS2F29Rm/Ww9jAoXhaGodLPeLVEppUC2NimK3YZxKFE3tzZE5JSt5bhaLRYb0dXl4YFxUYDH9RiltjZmG1QEDOsRWaFpmgLXWd+G9Xq9zjY5W3RdLTXblC27viulb9M6iFSWWqo05lAijpZHq+VhKbVIh8uj5WpZa5nN5uN62Nu/NF8somi1Xk9tkg2a2ujm9TT2URVlNawCWbZTtWZrpSqij4j1emxtWszn837e1eKicbmss5qtyTQ7naUoSh/yMA6Wcpyk6Pq+OWljw0pHqW5Tc4taq5QTw3pdoit94MhsoHFqdi66PiIsPDUVpYkiRWRLoEaUQBERJWq0qbVprFEa6XTXd0KIULSxTZmQoSgRBiQDyqlN/ay3M6L0pUyZtsdxvb+/v7W9hRnGIaJMrWU2ZMMwDUbjNOY4JS2kNrWkCUdUh0IqXQ0FmFSWUkpRelgflSiqpdlBqX2Mq6Gq9rO+tclTWp4y9/f2ZNsYH9s6hp3pKMKe2hQEkiMLtSvder2MIhJF1BLr9ZiZpRBBThOKUkrtakRt2Uop4Et7F7vSGRVhG0WJGHPqSpSuG9brzFyPo50YS7YWs1pLzcyxTbNZ19Vqq+sLzdHVKb08OpraOF/Mh2FQ0NXa3NZHR7WUvvbZhmnMREUqEV1fa9eVEiImWok66/tQTK2RLUXLNOFMRIS6vq+1juNqnFrt+qoofajl0WrZGrV2XVdLFIVK6ZxNpcjUvvall+Lw8CDd5v1ivpgBq2GNp9ZYr9aZjcyu7/uuDKtVhNMIYymMymw+rxGgKJFTlq6fL+ZuWq2Opim7rjqopa7H4fDwSFGj1tKpdMXpcVxPY25u7Sxms64r2dbz+WJqjVCOmc5QLDYXoXJ4sJ/prnZRNY3j9tZOREm5ls4QpbRxrNKsn7fWQH1fJzunKVBzqkSg1Xo9DWOUMuv7UJjcu3Rpf+8gurq9s72YLUrY1pRZCiqlTdOszoZpTNJJlKilpB0Rs/m8BMthXaq6rpvVbhyG1nxsZ6fr+lBBbuspoSuReD6bdbP5arUsJTY3N4Vm877rStfN+/lstVyN07C52GiZq2FsnpZHy6m1UFkPQ0igYRo9ej6fR4k2uZ934zB4bF3Xla7S2vGd4103S6fSh0dLgr7UoU2Hh4ddVzc3N8dxBErpZVrLcVq1cer6WmtfS7d3sHt0cNTPuv1LB6vlemtr89Spk6lydLi/Wi4XG4v5bLYal+N6aJmN3Jj1Wzvb6+Xq/MXd1trG5hxH7cvh3sF6GiGmaTo6PAxpYz5LmKYRY9ymVj76Qz+gn89ljeOQ09TwMAzzRZ/2OI2Z2c/mtdY2eT7fkFCJouj6TlFISyginW2aogipEHXWK1sbJ5UABW5tyqFJsbWxKbfVat11fVFp6Wa7ZYnitC2UtqYxo1jBNE1pnG3IqZSSxDCNKgS0lkK2IqLU6gaGcChqFEIbi5lUSqml9BIqUaM6JyeldnabphEH2SDHaQyp1Dq1aWptsVj0XV+iSprGUVEiymp5ZBSwOlpNnjJpLbO1lono+w7FNE1BkFPpatfVpE3rQUQ3mytKyzaNrXRdQNSKc5wyp0bUGgHuIqKUbKNKwZHpCJXaz/oqddM0FhUVZRtDUfoiqw2TcWZbD0Oodn1XFOMwlK6rpZaiaRydBtXiaWpKR4nSVUVJq9RKojQis2GB2zRx2TimnSggp9amcXC6ZbPTLY1KDSOnySZKN+tLhEVfOhlFCLVpbJkhAaEotdTSIzVPSqWEW5uacHRdVzrsNIWYdT22sSLcWqmMbuO43N7ens03htWwGlaZTiY1iaylGs1mi42NhVFXqsm0SlfCxU4rSaKWvuu72rmUNk1BlK7rQqWrbq01hxy1c0B6GNegWb8ooSa30SncptaaJIkoJSJqVZHGcT2N2XVd6Uq2zMxSMbhlOg2lhih2lq5kTs4MkUmJcBKIgKSlCyjC6bRtnAinXUIkQaqUEioRpgSOUmxb6rpOkgwiQcqpNZqjKKcmSSJKRVaEAjsRUTuB7WxpGdJWIwNUBCGMMpNsjsgSNCOhIsHUcDpKNSZt0kYRQpKdkTml2+gsIZVg8thGOyVHRFdqSCgCooStqTVQiVBmkk4kA21qKkFQUCnRddWS1XLKNKV0XR+tTdMwFpV+3ufU7FZKiUBRmrOWUCkhRS2WJAGKKFLpSmYbx4lMpRrNTltTjimXiKIytrWNneM4llJLKCKg2OkiiVrqbNZZYXtqY1FIMq6lQ0RRiGk0TiujqkZxyGOWroQiIpw2jpShllq6okQhCOSIYgTGXq3X43pVokQtnprbBMpMRUihqFHktMHOsY0yUYpbazhKZGYB40TAkCMJOBRtmqIUURQ43dokIRFRWmvj2GJqGY4opCMCe8qWUGuXgKkKRe1mXUSMq7WBIOx0jjlO4xSRXbfoui4z083JMK2nCRW1NpVSutrnOEWoj5JSSE2SKKVkpqSQSlclcnJIkrK5irSciZISLW1nTlMppU3ZTAkhyVZE2rIznS0FUaOKyHAEADa2yUzhBiZrV1HBaTnB06SglqoIyExLhDRNo9PCOEQkraUlMic3R4RCRm4t04qIKlMym52llBrR7ChRokDIVqIS2IpwZkuUrYUzU1IpNT3ZSJYUIiLahLBCpXnM1qaMoqJwutldV5HJbEOqSFlsB04wSIEURAmVIjKMjUFtmFoba+1kpHTLxWLedb1lkxElwCWwFNFaurl0Ibe0040IUGvTNA3TNIFtgNp3w9hAUWIcRycK9f28dqXre+zRCbaRVEshRNpYpus6FLbniw5FmyYJ5KAY26mIcWjTOMmGDCkokkpRwjRlqXU26xWkVaoT52TCRSE5rSS7rhbRkhCBpCgKEXYqVEoppXMqPWWqlBLCdk5tPYyEIGuRoma2cRxLiVrCUErUrpOUEF0oiswwTVFVS7WiFgoRtUQUQcuJUCnFLa0oQETpqqyxTVhCLsIN1DwhShESzihVNhG1qiuRzQFjm8ZxqrVM45StZXOpvVRbWs6opdYoUmssh9Win8/6fhobKSlaThA1FBGKKFKJKKUO43B0tCxBlG4a16CIWA/rokqAiVK6Wb9eDtkmKWrtZrN5SH2JOptnJmiaRuxQrSFKYMZhXI9rNZfaLTZ6S7kehqnVqH2dhzRlq6Wbdf16XE/jGMHUpnFqEaEip9uU07DOpNY6TtM0TbPFrI0ZoVnfr9drbCGBStgWzPq53UAqYbu1jK52NdqUdhuG4fBoOZv3G5vb4zS2sTXlarVu01Rq7Wd9iSIFdq3dbDYjm9OUYieyrXSqq07nNGErikTLnPW1m/VRimDW1242q6UDrYdltoxaZrNF33Vjyza15XoZQVU0UDCOQ9fNutqFZLJNU62VEtnsBE9uzuAfAe85IXPGgp6TAAAAAElFTkSuQmCC', revised_prompt=None, url=None)], output_format='png', quality='medium', size='1024x1024', usage=Usage(input_tokens=7, input_tokens_details=UsageInputTokensDetails(image_tokens=0, text_tokens=7), output_tokens=1056, total_tokens=1063, output_tokens_details=UsageOutputTokensDetails(image_tokens=1056, text_tokens=0)))